{
  "Entries": [
    {
      "RequestUri": "https://camaiaor-localtests.cognitiveservices.azure.com/formrecognizer/documentModels:build?api-version=2023-07-31",
      "RequestMethod": "POST",
      "RequestHeaders": {
        "Accept": "application/json",
        "Authorization": "Sanitized",
        "Content-Length": "123",
        "Content-Type": "application/json",
        "traceparent": "00-dd127147c3b5ac9fc30bde5ab5c612f0-649d8eea9ab6377f-00",
        "User-Agent": "azsdk-net-AI.FormRecognizer/4.2.0-alpha.20241007.1 (.NET 8.0.8; Microsoft Windows 10.0.26100)",
        "x-ms-client-request-id": "Sanitized",
        "x-ms-return-client-request-id": "true"
      },
      "RequestBody": {
        "modelId": "457928467",
        "buildMode": "template",
        "azureBlobSource": {
          "containerUrl": "https://sanitized.blob.core.windows.net"
        }
      },
      "StatusCode": 202,
      "ResponseHeaders": {
        "apim-request-id": "8d4246e7-c3d8-4369-817f-ed959aceefb9",
        "Content-Length": "0",
        "Date": "Mon, 07 Oct 2024 20:34:39 GMT",
        "operation-location": "https://camaiaor-localtests.cognitiveservices.azure.com/formrecognizer/operations/31438034723_8d4246e7-c3d8-4369-817f-ed959aceefb9?api-version=2023-07-31",
        "Strict-Transport-Security": "max-age=31536000; includeSubDomains; preload",
        "X-Content-Type-Options": "nosniff",
        "x-envoy-upstream-service-time": "2683",
        "x-ms-region": "East US"
      },
      "ResponseBody": null
    },
    {
      "RequestUri": "https://camaiaor-localtests.cognitiveservices.azure.com/formrecognizer/operations/31438034723_8d4246e7-c3d8-4369-817f-ed959aceefb9?api-version=2023-07-31",
      "RequestMethod": "GET",
      "RequestHeaders": {
        "Accept": "application/json",
        "Authorization": "Sanitized",
        "traceparent": "00-dd127147c3b5ac9fc30bde5ab5c612f0-bb6225eb67b94dc3-00",
        "User-Agent": "azsdk-net-AI.FormRecognizer/4.2.0-alpha.20241007.1 (.NET 8.0.8; Microsoft Windows 10.0.26100)",
        "x-ms-client-request-id": "Sanitized",
        "x-ms-return-client-request-id": "true"
      },
      "RequestBody": null,
      "StatusCode": 200,
      "ResponseHeaders": {
        "apim-request-id": "609543f4-19c4-48c6-9fd5-54bfe2e2a21b",
        "Content-Length": "364",
        "Content-Type": "application/json",
        "Date": "Mon, 07 Oct 2024 20:34:39 GMT",
        "Strict-Transport-Security": "max-age=31536000; includeSubDomains; preload",
        "X-Content-Type-Options": "nosniff",
        "x-envoy-upstream-service-time": "8",
        "x-ms-region": "East US"
      },
      "ResponseBody": {
        "operationId": "31438034723_8d4246e7-c3d8-4369-817f-ed959aceefb9",
        "kind": "documentModelBuild",
        "status": "running",
        "createdDateTime": "2024-10-07T20:34:37Z",
        "lastUpdatedDateTime": "2024-10-07T20:34:39Z",
        "resourceLocation": "https://camaiaor-localtests.cognitiveservices.azure.com/formrecognizer/documentModels/457928467?api-version=2023-07-31"
      }
    },
    {
      "RequestUri": "https://camaiaor-localtests.cognitiveservices.azure.com/formrecognizer/operations/31438034723_8d4246e7-c3d8-4369-817f-ed959aceefb9?api-version=2023-07-31",
      "RequestMethod": "GET",
      "RequestHeaders": {
        "Accept": "application/json",
        "Authorization": "Sanitized",
        "traceparent": "00-dd127147c3b5ac9fc30bde5ab5c612f0-07d2b92a70b90b03-00",
        "User-Agent": "azsdk-net-AI.FormRecognizer/4.2.0-alpha.20241007.1 (.NET 8.0.8; Microsoft Windows 10.0.26100)",
        "x-ms-client-request-id": "Sanitized",
        "x-ms-return-client-request-id": "true"
      },
      "RequestBody": null,
      "StatusCode": 200,
      "ResponseHeaders": {
        "apim-request-id": "e0b215fa-84fd-474b-b1af-bec71dce901d",
        "Content-Length": "2301",
        "Content-Type": "application/json",
        "Date": "Mon, 07 Oct 2024 20:34:40 GMT",
        "Strict-Transport-Security": "max-age=31536000; includeSubDomains; preload",
        "X-Content-Type-Options": "nosniff",
        "x-envoy-upstream-service-time": "7",
        "x-ms-region": "East US"
      },
      "ResponseBody": {
        "operationId": "31438034723_8d4246e7-c3d8-4369-817f-ed959aceefb9",
        "kind": "documentModelBuild",
        "status": "succeeded",
        "createdDateTime": "2024-10-07T20:34:37Z",
        "lastUpdatedDateTime": "2024-10-07T20:34:40Z",
        "resourceLocation": "https://camaiaor-localtests.cognitiveservices.azure.com/formrecognizer/documentModels/457928467?api-version=2023-07-31",
        "percentCompleted": 100,
        "result": {
          "docTypes": {
            "457928467": {
              "fieldSchema": {
                "Merchant": {
                  "type": "string"
                },
                "PhoneNumber": {
                  "type": "string"
                },
                "Website": {
                  "type": "string"
                },
                "Email": {
                  "type": "string"
                },
                "PurchaseOrderNumber": {
                  "type": "string"
                },
                "DatedAs": {
                  "type": "string"
                },
                "VendorName": {
                  "type": "string"
                },
                "CompanyName": {
                  "type": "string"
                },
                "CompanyAddress": {
                  "type": "string"
                },
                "CompanyPhoneNumber": {
                  "type": "string"
                },
                "Subtotal": {
                  "type": "string"
                },
                "Tax": {
                  "type": "string"
                },
                "Total": {
                  "type": "string"
                },
                "Signature": {
                  "type": "string"
                },
                "Quantity": {
                  "type": "number"
                },
                "FullSignature": {
                  "type": "signature"
                }
              },
              "buildMode": "template",
              "fieldConfidence": {
                "CompanyAddress": 0.8,
                "CompanyName": 0.995,
                "CompanyPhoneNumber": 0.995,
                "DatedAs": 0.995,
                "Email": 0.8,
                "FullSignature": 0.6,
                "Merchant": 0.995,
                "PhoneNumber": 0.995,
                "PurchaseOrderNumber": 0.995,
                "Quantity": 0.995,
                "Signature": 0.995,
                "Subtotal": 0.995,
                "Tax": 0.995,
                "Total": 0.995,
                "VendorName": 0.995,
                "Website": 0.995
              }
            }
          },
          "modelId": "457928467",
          "createdDateTime": "2024-10-07T20:34:40Z",
          "expirationDateTime": "2026-10-07T20:34:40Z",
          "apiVersion": "2023-07-31"
        }
      }
    },
    {
      "RequestUri": "https://camaiaor-localtests.cognitiveservices.azure.com/formrecognizer/info?api-version=2023-07-31",
      "RequestMethod": "GET",
      "RequestHeaders": {
        "Accept": "application/json",
        "Ocp-Apim-Subscription-Key": "Sanitized",
        "traceparent": "00-bb732f5c611813cd6ef45892201f5436-014d7e0d7b3ea202-00",
        "User-Agent": "azsdk-net-AI.FormRecognizer/4.2.0-alpha.20241007.1 (.NET 8.0.8; Microsoft Windows 10.0.26100)",
        "x-ms-client-request-id": "Sanitized",
        "x-ms-return-client-request-id": "true"
      },
      "RequestBody": null,
      "StatusCode": 200,
      "ResponseHeaders": {
        "apim-request-id": "df8323be-9acb-49a8-8f88-7e9b8c60c053",
        "Content-Type": "application/json; charset=utf-8",
        "Date": "Mon, 07 Oct 2024 20:34:41 GMT",
        "Strict-Transport-Security": "max-age=31536000; includeSubDomains; preload",
        "Transfer-Encoding": "chunked",
        "X-Content-Type-Options": "nosniff",
        "x-envoy-upstream-service-time": "31",
        "x-ms-region": "East US"
      },
      "ResponseBody": {
        "customDocumentModels": {
          "count": 17,
          "limit": 20000
        },
        "customNeuralDocumentModelBuilds": {
          "used": 4,
          "quota": 20,
          "quotaResetDateTime": "2024-11-01T00:00:00Z"
        }
      }
    },
    {
      "RequestUri": "https://camaiaor-localtests.cognitiveservices.azure.com/formrecognizer/documentModels/457928467?api-version=2023-07-31",
      "RequestMethod": "DELETE",
      "RequestHeaders": {
        "Accept": "application/json",
        "Authorization": "Sanitized",
        "traceparent": "00-3cb8c02f2f86185b956131ad9141bb72-20105c29df71648a-00",
        "User-Agent": "azsdk-net-AI.FormRecognizer/4.2.0-alpha.20241007.1 (.NET 8.0.8; Microsoft Windows 10.0.26100)",
        "x-ms-client-request-id": "Sanitized",
        "x-ms-return-client-request-id": "true"
      },
      "RequestBody": null,
      "StatusCode": 204,
      "ResponseHeaders": {
        "apim-request-id": "496b7d78-0558-42c0-be44-5bafee755405",
        "Content-Length": "0",
        "Date": "Mon, 07 Oct 2024 20:34:41 GMT",
        "Strict-Transport-Security": "max-age=31536000; includeSubDomains; preload",
        "X-Content-Type-Options": "nosniff",
        "x-envoy-upstream-service-time": "50",
        "x-ms-region": "East US"
      },
      "ResponseBody": null
    }
  ],
  "Variables": {
    "API_KEY": "Sanitized",
    "DateTimeOffsetNow": "2024-10-07T13:34:31.0286031-07:00",
    "ENDPOINT": "https://camaiaor-localtests.cognitiveservices.azure.com/",
    "RandomSeed": "81783848",
    "SINGLEPAGE_BLOB_CONTAINER_SAS_URL": "https://sanitized.blob.core.windows.net"
  }
}
