{
  "Entries": [
    {
      "RequestUri": "https://keyvault_name.vault.azure.net/keys/localCryptoKeyName-RS512-/create?api-version=7.6-preview.1",
      "RequestMethod": "POST",
      "RequestHeaders": {
        "Accept": "application/json",
        "Accept-Encoding": "gzip,deflate",
        "Connection": "keep-alive",
        "Content-Length": "0",
        "Content-Type": "application/json",
        "User-Agent": "azsdk-js-keyvault-keys/4.9.0-beta.1 azsdk-js-keyvault-keys/4.9.0-beta.1 core-rest-pipeline/1.16.0 Node/20.12.2 OS/(x64-Linux-5.15.146.1-microsoft-standard-WSL2)",
        "x-ms-client-request-id": "71196bfb-bbb3-429b-8d2d-fa17b6a6aca1"
      },
      "RequestBody": null,
      "StatusCode": 401,
      "ResponseHeaders": {
        "Cache-Control": "no-cache",
        "Content-Length": "97",
        "Content-Type": "application/json; charset=utf-8",
        "Date": "Fri, 03 May 2024 04:29:37 GMT",
        "Expires": "-1",
        "Pragma": "no-cache",
        "Strict-Transport-Security": "max-age=31536000;includeSubDomains",
        "WWW-Authenticate": "Bearer authorization=\"https://login.microsoftonline.com/72f988bf-86f1-41af-91ab-2d7cd011db47\", resource=\"https://vault.azure.net\"",
        "X-Content-Type-Options": "nosniff",
        "x-ms-client-request-id": "71196bfb-bbb3-429b-8d2d-fa17b6a6aca1",
        "x-ms-keyvault-network-info": "conn_type=Ipv4;addr=136.27.55.163;act_addr_fam=InterNetwork;",
        "x-ms-keyvault-region": "australiaeast",
        "x-ms-keyvault-service-version": "1.9.1430.6",
        "x-ms-request-id": "c80312ef-77b7-453f-bfb7-fe581e8d0348"
      },
      "ResponseBody": {
        "error": {
          "code": "Unauthorized",
          "message": "AKV10000: Request is missing a Bearer or PoP token."
        }
      }
    },
    {
      "RequestUri": "https://keyvault_name.vault.azure.net/keys/localCryptoKeyName-RS512-/create?api-version=7.6-preview.1",
      "RequestMethod": "POST",
      "RequestHeaders": {
        "Accept": "application/json",
        "Accept-Encoding": "gzip,deflate",
        "Authorization": "Sanitized",
        "Connection": "keep-alive",
        "Content-Length": "13",
        "Content-Type": "application/json",
        "User-Agent": "azsdk-js-keyvault-keys/4.9.0-beta.1 azsdk-js-keyvault-keys/4.9.0-beta.1 core-rest-pipeline/1.16.0 Node/20.12.2 OS/(x64-Linux-5.15.146.1-microsoft-standard-WSL2)",
        "x-ms-client-request-id": "71196bfb-bbb3-429b-8d2d-fa17b6a6aca1"
      },
      "RequestBody": {
        "kty": "RSA"
      },
      "StatusCode": 200,
      "ResponseHeaders": {
        "Cache-Control": "no-cache",
        "Content-Length": "740",
        "Content-Type": "application/json; charset=utf-8",
        "Date": "Fri, 03 May 2024 04:29:39 GMT",
        "Expires": "-1",
        "Pragma": "no-cache",
        "Strict-Transport-Security": "max-age=31536000;includeSubDomains",
        "X-Content-Type-Options": "nosniff",
        "x-ms-client-request-id": "71196bfb-bbb3-429b-8d2d-fa17b6a6aca1",
        "x-ms-keyvault-network-info": "conn_type=Ipv4;addr=136.27.55.163;act_addr_fam=InterNetwork;",
        "x-ms-keyvault-rbac-assignment-id": "effcde4ed8cf56e2a589b88abe5107bc",
        "x-ms-keyvault-region": "australiaeast",
        "x-ms-keyvault-service-version": "1.9.1430.6",
        "x-ms-request-id": "b2be6605-236a-4aa9-b235-b7d8ead2a01a"
      },
      "ResponseBody": {
        "key": {
          "kid": "https://keyvault_name.vault.azure.net/keys/localCryptoKeyName-RS512-/47c7d1f0a5864123be50e6b734acbb67",
          "kty": "RSA",
          "key_ops": [
            "encrypt",
            "decrypt",
            "sign",
            "verify",
            "wrapKey",
            "unwrapKey"
          ],
          "n": "xeBdRwZ397sx8aZVQFS4h4UUZHM-pi5YXV9ePubC6Xy964cGQe4jNrgVBTXlaiLTQmyes2pzJDBFATLdpXOOPXEes1y6vRAs-qYEHGIdnnhQmkPpx16ZEoiBK6lmOc-RK3XRho2Gai-7NwOdksg_RfKqIoeH4Nn2sLZ8u9jjryjhjpFg1jyLt6bpzBGMQJI7zhvRGRjTZDSQH75uQjc9vHT2M0MrTVFm3S5X2Zt21QMMZHfoBv1eTHvovUS8Ac_r9iT4J0HqY_d0frWZT1oBH2isaYlJqlSF4jg519rUeaKcZf-ashKjOIrhv4QVPPA-iAXvIc8z9xMYPUxBn0vzMQ",
          "e": "AQAB"
        },
        "attributes": {
          "enabled": true,
          "created": 1714710580,
          "updated": 1714710580,
          "recoveryLevel": "CustomizedRecoverable+Purgeable",
          "recoverableDays": 7,
          "exportable": false,
          "hsmPlatform": "0"
        }
      }
    },
    {
      "RequestUri": "https://keyvault_name.vault.azure.net/keys/localCryptoKeyName-RS512-/47c7d1f0a5864123be50e6b734acbb67?api-version=7.6-preview.1",
      "RequestMethod": "GET",
      "RequestHeaders": {
        "Accept": "application/json",
        "Accept-Encoding": "gzip,deflate",
        "Connection": "keep-alive",
        "User-Agent": "azsdk-js-keyvault-keys/4.9.0-beta.1 azsdk-js-keyvault-keys/4.9.0-beta.1 core-rest-pipeline/1.16.0 Node/20.12.2 OS/(x64-Linux-5.15.146.1-microsoft-standard-WSL2)",
        "x-ms-client-request-id": "247fd8b4-8cf3-4bb3-9ca3-8a0277e40948"
      },
      "RequestBody": null,
      "StatusCode": 401,
      "ResponseHeaders": {
        "Cache-Control": "no-cache",
        "Content-Length": "97",
        "Content-Type": "application/json; charset=utf-8",
        "Date": "Fri, 03 May 2024 04:29:39 GMT",
        "Expires": "-1",
        "Pragma": "no-cache",
        "Strict-Transport-Security": "max-age=31536000;includeSubDomains",
        "WWW-Authenticate": "Bearer authorization=\"https://login.microsoftonline.com/72f988bf-86f1-41af-91ab-2d7cd011db47\", resource=\"https://vault.azure.net\"",
        "X-Content-Type-Options": "nosniff",
        "x-ms-client-request-id": "247fd8b4-8cf3-4bb3-9ca3-8a0277e40948",
        "x-ms-keyvault-network-info": "conn_type=Ipv4;addr=136.27.55.163;act_addr_fam=InterNetwork;",
        "x-ms-keyvault-region": "australiaeast",
        "x-ms-keyvault-service-version": "1.9.1430.6",
        "x-ms-request-id": "42f4c84f-19ec-425c-87c1-adf2611bb246"
      },
      "ResponseBody": {
        "error": {
          "code": "Unauthorized",
          "message": "AKV10000: Request is missing a Bearer or PoP token."
        }
      }
    },
    {
      "RequestUri": "https://keyvault_name.vault.azure.net/keys/localCryptoKeyName-RS512-/47c7d1f0a5864123be50e6b734acbb67?api-version=7.6-preview.1",
      "RequestMethod": "GET",
      "RequestHeaders": {
        "Accept": "application/json",
        "Accept-Encoding": "gzip,deflate",
        "Authorization": "Sanitized",
        "Connection": "keep-alive",
        "User-Agent": "azsdk-js-keyvault-keys/4.9.0-beta.1 azsdk-js-keyvault-keys/4.9.0-beta.1 core-rest-pipeline/1.16.0 Node/20.12.2 OS/(x64-Linux-5.15.146.1-microsoft-standard-WSL2)",
        "x-ms-client-request-id": "247fd8b4-8cf3-4bb3-9ca3-8a0277e40948"
      },
      "RequestBody": null,
      "StatusCode": 200,
      "ResponseHeaders": {
        "Cache-Control": "no-cache",
        "Content-Length": "740",
        "Content-Type": "application/json; charset=utf-8",
        "Date": "Fri, 03 May 2024 04:29:42 GMT",
        "Expires": "-1",
        "Pragma": "no-cache",
        "Strict-Transport-Security": "max-age=31536000;includeSubDomains",
        "X-Content-Type-Options": "nosniff",
        "x-ms-client-request-id": "247fd8b4-8cf3-4bb3-9ca3-8a0277e40948",
        "x-ms-keyvault-network-info": "conn_type=Ipv4;addr=136.27.55.163;act_addr_fam=InterNetwork;",
        "x-ms-keyvault-rbac-assignment-id": "effcde4ed8cf56e2a589b88abe5107bc",
        "x-ms-keyvault-region": "australiaeast",
        "x-ms-keyvault-service-version": "1.9.1430.6",
        "x-ms-request-id": "f6cade75-5880-41d6-bc97-06e88cc63b3b"
      },
      "ResponseBody": {
        "key": {
          "kid": "https://keyvault_name.vault.azure.net/keys/localCryptoKeyName-RS512-/47c7d1f0a5864123be50e6b734acbb67",
          "kty": "RSA",
          "key_ops": [
            "encrypt",
            "decrypt",
            "sign",
            "verify",
            "wrapKey",
            "unwrapKey"
          ],
          "n": "xeBdRwZ397sx8aZVQFS4h4UUZHM-pi5YXV9ePubC6Xy964cGQe4jNrgVBTXlaiLTQmyes2pzJDBFATLdpXOOPXEes1y6vRAs-qYEHGIdnnhQmkPpx16ZEoiBK6lmOc-RK3XRho2Gai-7NwOdksg_RfKqIoeH4Nn2sLZ8u9jjryjhjpFg1jyLt6bpzBGMQJI7zhvRGRjTZDSQH75uQjc9vHT2M0MrTVFm3S5X2Zt21QMMZHfoBv1eTHvovUS8Ac_r9iT4J0HqY_d0frWZT1oBH2isaYlJqlSF4jg519rUeaKcZf-ashKjOIrhv4QVPPA-iAXvIc8z9xMYPUxBn0vzMQ",
          "e": "AQAB"
        },
        "attributes": {
          "enabled": true,
          "created": 1714710580,
          "updated": 1714710580,
          "recoveryLevel": "CustomizedRecoverable+Purgeable",
          "recoverableDays": 7,
          "exportable": false,
          "hsmPlatform": "0"
        }
      }
    },
    {
      "RequestUri": "https://keyvault_name.vault.azure.net/keys/localCryptoKeyName-RS512-/47c7d1f0a5864123be50e6b734acbb67/sign?api-version=7.6-preview.1",
      "RequestMethod": "POST",
      "RequestHeaders": {
        "Accept": "application/json",
        "Accept-Encoding": "gzip,deflate",
        "Authorization": "Sanitized",
        "Connection": "keep-alive",
        "Content-Length": "112",
        "Content-Type": "application/json",
        "User-Agent": "azsdk-js-keyvault-keys/4.9.0-beta.1 azsdk-js-keyvault-keys/4.9.0-beta.1 core-rest-pipeline/1.16.0 Node/20.12.2 OS/(x64-Linux-5.15.146.1-microsoft-standard-WSL2)",
        "x-ms-client-request-id": "9fcdca55-2fc7-451e-92e9-c88982225d8b"
      },
      "RequestBody": {
        "alg": "RS512",
        "value": "QaLHow25_feqs3pxKJmCGrAMc8htSHcJZviGWeoVGheXIeIBgTa7IeQF-Ti_oEfg5Uo3phll52kljUTpML3v1g"
      },
      "StatusCode": 200,
      "ResponseHeaders": {
        "Cache-Control": "no-cache",
        "Content-Length": "464",
        "Content-Type": "application/json; charset=utf-8",
        "Date": "Fri, 03 May 2024 04:29:44 GMT",
        "Expires": "-1",
        "Pragma": "no-cache",
        "Strict-Transport-Security": "max-age=31536000;includeSubDomains",
        "X-Content-Type-Options": "nosniff",
        "x-ms-client-request-id": "9fcdca55-2fc7-451e-92e9-c88982225d8b",
        "x-ms-keyvault-network-info": "conn_type=Ipv4;addr=136.27.55.163;act_addr_fam=InterNetwork;",
        "x-ms-keyvault-rbac-assignment-id": "effcde4ed8cf56e2a589b88abe5107bc",
        "x-ms-keyvault-region": "australiaeast",
        "x-ms-keyvault-service-version": "1.9.1430.6",
        "x-ms-request-id": "aa9b3f51-a025-416d-af54-9b51c32aefc0"
      },
      "ResponseBody": {
        "kid": "https://keyvault_name.vault.azure.net/keys/localCryptoKeyName-RS512-/47c7d1f0a5864123be50e6b734acbb67",
        "value": "vXTvFAej7e9Le9j9zuK1islgZX04Y-ju470C-xg9MTYbE_b3fkfY8JJxGvkV8UK_nVKBb8vPoSZDuBGCJVEKw5tzDA42rO6faHp1jUyT0b6OEZbRVRIDcxrsA86AUAqYG78BpULcBs0YrjASzhEKwkL5mlp8DFqo0u2IiME-kWckDQgeX9OdB4Oh-4tUrLDDzygjnZ8Kq-ozhT_1ECgfFFytUXAWr5w1uzTbVwbolMcwoqZgoZ3JgMimjQYtX7Y3ScDOZ1z87bblKZTS2gFkwbxX64C-YbanZnYEYWhVxQLFkU6GEZwvT9QljZMYIjImV3vumrWBcc5bigv9pskT_Q"
      }
    },
    {
      "RequestUri": "https://keyvault_name.vault.azure.net/keys/localCryptoKeyName-RS512-?api-version=7.6-preview.1",
      "RequestMethod": "DELETE",
      "RequestHeaders": {
        "Accept": "application/json",
        "Accept-Encoding": "gzip,deflate",
        "Authorization": "Sanitized",
        "Connection": "keep-alive",
        "User-Agent": "azsdk-js-keyvault-keys/4.9.0-beta.1 azsdk-js-keyvault-keys/4.9.0-beta.1 core-rest-pipeline/1.16.0 Node/20.12.2 OS/(x64-Linux-5.15.146.1-microsoft-standard-WSL2)",
        "x-ms-client-request-id": "9118fb1e-c9cc-4490-a335-b536be3b66ad"
      },
      "RequestBody": null,
      "StatusCode": 200,
      "ResponseHeaders": {
        "Cache-Control": "no-cache",
        "Content-Length": "888",
        "Content-Type": "application/json; charset=utf-8",
        "Date": "Fri, 03 May 2024 04:29:47 GMT",
        "Expires": "-1",
        "Pragma": "no-cache",
        "Strict-Transport-Security": "max-age=31536000;includeSubDomains",
        "X-Content-Type-Options": "nosniff",
        "x-ms-client-request-id": "9118fb1e-c9cc-4490-a335-b536be3b66ad",
        "x-ms-keyvault-network-info": "conn_type=Ipv4;addr=136.27.55.163;act_addr_fam=InterNetwork;",
        "x-ms-keyvault-rbac-assignment-id": "effcde4ed8cf56e2a589b88abe5107bc",
        "x-ms-keyvault-region": "australiaeast",
        "x-ms-keyvault-service-version": "1.9.1430.6",
        "x-ms-request-id": "5db85d2c-a110-4b4d-b4ad-09907d08c064"
      },
      "ResponseBody": {
        "recoveryId": "https://keyvault_name.vault.azure.net/deletedkeys/localCryptoKeyName-RS512-",
        "deletedDate": 1714710587,
        "scheduledPurgeDate": 1715315387,
        "key": {
          "kid": "https://keyvault_name.vault.azure.net/keys/localCryptoKeyName-RS512-/47c7d1f0a5864123be50e6b734acbb67",
          "kty": "RSA",
          "key_ops": [
            "encrypt",
            "decrypt",
            "sign",
            "verify",
            "wrapKey",
            "unwrapKey"
          ],
          "n": "xeBdRwZ397sx8aZVQFS4h4UUZHM-pi5YXV9ePubC6Xy964cGQe4jNrgVBTXlaiLTQmyes2pzJDBFATLdpXOOPXEes1y6vRAs-qYEHGIdnnhQmkPpx16ZEoiBK6lmOc-RK3XRho2Gai-7NwOdksg_RfKqIoeH4Nn2sLZ8u9jjryjhjpFg1jyLt6bpzBGMQJI7zhvRGRjTZDSQH75uQjc9vHT2M0MrTVFm3S5X2Zt21QMMZHfoBv1eTHvovUS8Ac_r9iT4J0HqY_d0frWZT1oBH2isaYlJqlSF4jg519rUeaKcZf-ashKjOIrhv4QVPPA-iAXvIc8z9xMYPUxBn0vzMQ",
          "e": "AQAB"
        },
        "attributes": {
          "enabled": true,
          "created": 1714710580,
          "updated": 1714710580,
          "recoveryLevel": "CustomizedRecoverable+Purgeable",
          "recoverableDays": 7,
          "exportable": false,
          "hsmPlatform": "0"
        }
      }
    },
    {
      "RequestUri": "https://keyvault_name.vault.azure.net/deletedkeys/localCryptoKeyName-RS512-?api-version=7.6-preview.1",
      "RequestMethod": "GET",
      "RequestHeaders": {
        "Accept": "application/json",
        "Accept-Encoding": "gzip,deflate",
        "Authorization": "Sanitized",
        "Connection": "keep-alive",
        "User-Agent": "azsdk-js-keyvault-keys/4.9.0-beta.1 azsdk-js-keyvault-keys/4.9.0-beta.1 core-rest-pipeline/1.16.0 Node/20.12.2 OS/(x64-Linux-5.15.146.1-microsoft-standard-WSL2)",
        "x-ms-client-request-id": "eda71f98-7827-4df4-bb28-29854f87d9a4"
      },
      "RequestBody": null,
      "StatusCode": 404,
      "ResponseHeaders": {
        "Cache-Control": "no-cache",
        "Content-Length": "93",
        "Content-Type": "application/json; charset=utf-8",
        "Date": "Fri, 03 May 2024 04:29:47 GMT",
        "Expires": "-1",
        "Pragma": "no-cache",
        "Strict-Transport-Security": "max-age=31536000;includeSubDomains",
        "X-Content-Type-Options": "nosniff",
        "x-ms-client-request-id": "eda71f98-7827-4df4-bb28-29854f87d9a4",
        "x-ms-keyvault-network-info": "conn_type=Ipv4;addr=136.27.55.163;act_addr_fam=InterNetwork;",
        "x-ms-keyvault-rbac-assignment-id": "effcde4ed8cf56e2a589b88abe5107bc",
        "x-ms-keyvault-region": "australiaeast",
        "x-ms-keyvault-service-version": "1.9.1430.6",
        "x-ms-request-id": "46e59d54-1dd7-4f05-86b7-d86ae8928db7"
      },
      "ResponseBody": {
        "error": {
          "code": "KeyNotFound",
          "message": "Deleted Key not found: localCryptoKeyName-RS512-"
        }
      }
    },
    {
      "RequestUri": "https://keyvault_name.vault.azure.net/deletedkeys/localCryptoKeyName-RS512-?api-version=7.6-preview.1",
      "RequestMethod": "GET",
      "RequestHeaders": {
        "Accept": "application/json",
        "Accept-Encoding": "gzip,deflate",
        "Authorization": "Sanitized",
        "Connection": "keep-alive",
        "User-Agent": "azsdk-js-keyvault-keys/4.9.0-beta.1 azsdk-js-keyvault-keys/4.9.0-beta.1 core-rest-pipeline/1.16.0 Node/20.12.2 OS/(x64-Linux-5.15.146.1-microsoft-standard-WSL2)",
        "x-ms-client-request-id": "3e50e3c5-8d90-4c07-8813-febc74e24e0d"
      },
      "RequestBody": null,
      "StatusCode": 200,
      "ResponseHeaders": {
        "Cache-Control": "no-cache",
        "Content-Length": "870",
        "Content-Type": "application/json; charset=utf-8",
        "Date": "Fri, 03 May 2024 04:29:47 GMT",
        "Expires": "-1",
        "Pragma": "no-cache",
        "Strict-Transport-Security": "max-age=31536000;includeSubDomains",
        "X-Content-Type-Options": "nosniff",
        "x-ms-client-request-id": "3e50e3c5-8d90-4c07-8813-febc74e24e0d",
        "x-ms-keyvault-network-info": "conn_type=Ipv4;addr=136.27.55.163;act_addr_fam=InterNetwork;",
        "x-ms-keyvault-rbac-assignment-id": "effcde4ed8cf56e2a589b88abe5107bc",
        "x-ms-keyvault-region": "australiaeast",
        "x-ms-keyvault-service-version": "1.9.1430.6",
        "x-ms-request-id": "6bc3876d-1cd8-4262-b9de-089f4d7c8d03"
      },
      "ResponseBody": {
        "recoveryId": "https://keyvault_name.vault.azure.net/deletedkeys/localCryptoKeyName-RS512-",
        "deletedDate": 1714710587,
        "scheduledPurgeDate": 1715315387,
        "key": {
          "kid": "https://keyvault_name.vault.azure.net/keys/localCryptoKeyName-RS512-/47c7d1f0a5864123be50e6b734acbb67",
          "kty": "RSA",
          "key_ops": [
            "encrypt",
            "decrypt",
            "sign",
            "verify",
            "wrapKey",
            "unwrapKey"
          ],
          "n": "xeBdRwZ397sx8aZVQFS4h4UUZHM-pi5YXV9ePubC6Xy964cGQe4jNrgVBTXlaiLTQmyes2pzJDBFATLdpXOOPXEes1y6vRAs-qYEHGIdnnhQmkPpx16ZEoiBK6lmOc-RK3XRho2Gai-7NwOdksg_RfKqIoeH4Nn2sLZ8u9jjryjhjpFg1jyLt6bpzBGMQJI7zhvRGRjTZDSQH75uQjc9vHT2M0MrTVFm3S5X2Zt21QMMZHfoBv1eTHvovUS8Ac_r9iT4J0HqY_d0frWZT1oBH2isaYlJqlSF4jg519rUeaKcZf-ashKjOIrhv4QVPPA-iAXvIc8z9xMYPUxBn0vzMQ",
          "e": "AQAB"
        },
        "attributes": {
          "enabled": true,
          "created": 1714710580,
          "updated": 1714710580,
          "recoveryLevel": "CustomizedRecoverable+Purgeable",
          "recoverableDays": 7,
          "exportable": false
        }
      }
    },
    {
      "RequestUri": "https://keyvault_name.vault.azure.net/deletedkeys/localCryptoKeyName-RS512-?api-version=7.6-preview.1",
      "RequestMethod": "DELETE",
      "RequestHeaders": {
        "Accept": "application/json",
        "Accept-Encoding": "gzip,deflate",
        "Authorization": "Sanitized",
        "Connection": "keep-alive",
        "User-Agent": "azsdk-js-keyvault-keys/4.9.0-beta.1 azsdk-js-keyvault-keys/4.9.0-beta.1 core-rest-pipeline/1.16.0 Node/20.12.2 OS/(x64-Linux-5.15.146.1-microsoft-standard-WSL2)",
        "x-ms-client-request-id": "bc6433d0-0b03-47e8-a980-e5da7baece4a"
      },
      "RequestBody": null,
      "StatusCode": 204,
      "ResponseHeaders": {
        "Cache-Control": "no-cache",
        "Date": "Fri, 03 May 2024 04:29:47 GMT",
        "Expires": "-1",
        "Pragma": "no-cache",
        "Strict-Transport-Security": "max-age=31536000;includeSubDomains",
        "X-Content-Type-Options": "nosniff",
        "x-ms-client-request-id": "bc6433d0-0b03-47e8-a980-e5da7baece4a",
        "x-ms-keyvault-network-info": "conn_type=Ipv4;addr=136.27.55.163;act_addr_fam=InterNetwork;",
        "x-ms-keyvault-rbac-assignment-id": "effcde4ed8cf56e2a589b88abe5107bc",
        "x-ms-keyvault-region": "australiaeast",
        "x-ms-keyvault-service-version": "1.9.1430.6",
        "x-ms-request-id": "31be9377-cbab-4a13-b0e8-e361da7db8a3"
      },
      "ResponseBody": null
    }
  ],
  "Variables": {}
}
