{
  "Entries": [
    {
      "RequestUri": "https://keyvault_name.vault.azure.net/keys/localCryptoKeyName-RS256-/create?api-version=7.5-preview.1",
      "RequestMethod": "POST",
      "RequestHeaders": {
        "Accept": "application/json",
        "Accept-Encoding": "gzip,deflate",
        "Connection": "keep-alive",
        "Content-Length": "0",
        "Content-Type": "application/json",
        "User-Agent": "azsdk-js-keyvault-keys/4.8.0-beta.1 azsdk-js-keyvault-keys/4.8.0-beta.1 core-rest-pipeline/1.12.3 Node/v18.18.0 OS/(x64-Linux-5.15.90.1-microsoft-standard-WSL2)",
        "x-ms-client-request-id": "1f504c11-3b7c-4bda-ac1a-f9d4433defc8"
      },
      "RequestBody": null,
      "StatusCode": 401,
      "ResponseHeaders": {
        "Cache-Control": "no-cache",
        "Content-Length": "97",
        "Content-Type": "application/json; charset=utf-8",
        "Date": "Wed, 08 Nov 2023 17:50:39 GMT",
        "Expires": "-1",
        "Pragma": "no-cache",
        "Strict-Transport-Security": "max-age=31536000;includeSubDomains",
        "WWW-Authenticate": "Bearer authorization=\u0022https://login.microsoftonline.com/12345678-1234-1234-1234-123456789012\u0022, resource=\u0022https://vault.azure.net\u0022",
        "X-Content-Type-Options": "nosniff",
        "x-ms-client-request-id": "1f504c11-3b7c-4bda-ac1a-f9d4433defc8",
        "x-ms-keyvault-network-info": "conn_type=Ipv4;addr=131.107.1.144;act_addr_fam=InterNetwork;",
        "x-ms-keyvault-region": "australiacentral",
        "x-ms-keyvault-service-version": "1.9.1054.1",
        "x-ms-request-id": "05c29c51-5de7-45bb-93cd-0671e7093fdf"
      },
      "ResponseBody": {
        "error": {
          "code": "Unauthorized",
          "message": "AKV10000: Request is missing a Bearer or PoP token."
        }
      }
    },
    {
      "RequestUri": "https://keyvault_name.vault.azure.net/keys/localCryptoKeyName-RS256-/create?api-version=7.5-preview.1",
      "RequestMethod": "POST",
      "RequestHeaders": {
        "Accept": "application/json",
        "Accept-Encoding": "gzip,deflate",
        "Authorization": "Sanitized",
        "Connection": "keep-alive",
        "Content-Length": "13",
        "Content-Type": "application/json",
        "User-Agent": "azsdk-js-keyvault-keys/4.8.0-beta.1 azsdk-js-keyvault-keys/4.8.0-beta.1 core-rest-pipeline/1.12.3 Node/v18.18.0 OS/(x64-Linux-5.15.90.1-microsoft-standard-WSL2)",
        "x-ms-client-request-id": "1f504c11-3b7c-4bda-ac1a-f9d4433defc8"
      },
      "RequestBody": {
        "kty": "RSA"
      },
      "StatusCode": 200,
      "ResponseHeaders": {
        "Cache-Control": "no-cache",
        "Content-Length": "740",
        "Content-Type": "application/json; charset=utf-8",
        "Date": "Wed, 08 Nov 2023 17:50:40 GMT",
        "Expires": "-1",
        "Pragma": "no-cache",
        "Strict-Transport-Security": "max-age=31536000;includeSubDomains",
        "X-Content-Type-Options": "nosniff",
        "x-ms-client-request-id": "1f504c11-3b7c-4bda-ac1a-f9d4433defc8",
        "x-ms-keyvault-network-info": "conn_type=Ipv4;addr=131.107.1.144;act_addr_fam=InterNetwork;",
        "x-ms-keyvault-rbac-assignment-id": "09e2cd92-e2e1-50b8-b900-c9dd0be34b2d",
        "x-ms-keyvault-rbac-cache": "ra_age=98;da_age=341;rd_age=341;brd_age=5065;ra_notif_age=118;dec_lev=1;",
        "x-ms-keyvault-region": "australiacentral",
        "x-ms-keyvault-service-version": "1.9.1054.1",
        "x-ms-request-id": "7218f368-2d75-4ec5-b05c-017033848819"
      },
      "ResponseBody": {
        "key": {
          "kid": "https://keyvault_name.vault.azure.net/keys/localCryptoKeyName-RS256-/3422cdb50a4247b3878bfc3173b5c210",
          "kty": "RSA",
          "key_ops": [
            "encrypt",
            "decrypt",
            "sign",
            "verify",
            "wrapKey",
            "unwrapKey"
          ],
          "n": "oGl3UhDHpntLK2U63PQoY16dgy46rakLRILF7kTomg5ske8Dtn9D_uyAgWMJh-_a3j2UmpBsO1ulZPHqoPOTbRr9056fWi048jd50yIYDEKSRAjgj-1ZVvTJfbBxMaSVz60MYIaaLScgzp-YKqJKwu4ZzZ7Cq6KqwOfJw2qE1LXXjO7me21bkKb6gVZYMxeUu9eaus3P3okf7ksEelhhoE9PgeqR-xwHa7JLWZmbw6SVC6gAMmLR7-tCYlvv_1z9AlbbUP96NXPxZlsY0or-D3Q__Hf5IeUqm5IpkrTgsbOLkJAYO1_P-nu83_8JQkdZoCp-eKZwk8jPnPZdvsRPCQ",
          "e": "AQAB"
        },
        "attributes": {
          "enabled": true,
          "created": 1699465840,
          "updated": 1699465840,
          "recoveryLevel": "CustomizedRecoverable\u002BPurgeable",
          "recoverableDays": 7,
          "exportable": false,
          "hsmPlatform": "0"
        }
      }
    },
    {
      "RequestUri": "https://keyvault_name.vault.azure.net/keys/localCryptoKeyName-RS256-/3422cdb50a4247b3878bfc3173b5c210?api-version=7.5-preview.1",
      "RequestMethod": "GET",
      "RequestHeaders": {
        "Accept": "application/json",
        "Accept-Encoding": "gzip,deflate",
        "Connection": "keep-alive",
        "User-Agent": "azsdk-js-keyvault-keys/4.8.0-beta.1 azsdk-js-keyvault-keys/4.8.0-beta.1 core-rest-pipeline/1.12.3 Node/v18.18.0 OS/(x64-Linux-5.15.90.1-microsoft-standard-WSL2)",
        "x-ms-client-request-id": "55006b0b-e228-4cef-9c68-b1642231b853"
      },
      "RequestBody": null,
      "StatusCode": 401,
      "ResponseHeaders": {
        "Cache-Control": "no-cache",
        "Content-Length": "97",
        "Content-Type": "application/json; charset=utf-8",
        "Date": "Wed, 08 Nov 2023 17:50:40 GMT",
        "Expires": "-1",
        "Pragma": "no-cache",
        "Strict-Transport-Security": "max-age=31536000;includeSubDomains",
        "WWW-Authenticate": "Bearer authorization=\u0022https://login.microsoftonline.com/12345678-1234-1234-1234-123456789012\u0022, resource=\u0022https://vault.azure.net\u0022",
        "X-Content-Type-Options": "nosniff",
        "x-ms-client-request-id": "55006b0b-e228-4cef-9c68-b1642231b853",
        "x-ms-keyvault-network-info": "conn_type=Ipv4;addr=131.107.1.144;act_addr_fam=InterNetwork;",
        "x-ms-keyvault-region": "australiacentral",
        "x-ms-keyvault-service-version": "1.9.1054.1",
        "x-ms-request-id": "bfc91760-1366-4fea-8096-7d59f792ba94"
      },
      "ResponseBody": {
        "error": {
          "code": "Unauthorized",
          "message": "AKV10000: Request is missing a Bearer or PoP token."
        }
      }
    },
    {
      "RequestUri": "https://keyvault_name.vault.azure.net/keys/localCryptoKeyName-RS256-/3422cdb50a4247b3878bfc3173b5c210?api-version=7.5-preview.1",
      "RequestMethod": "GET",
      "RequestHeaders": {
        "Accept": "application/json",
        "Accept-Encoding": "gzip,deflate",
        "Authorization": "Sanitized",
        "Connection": "keep-alive",
        "User-Agent": "azsdk-js-keyvault-keys/4.8.0-beta.1 azsdk-js-keyvault-keys/4.8.0-beta.1 core-rest-pipeline/1.12.3 Node/v18.18.0 OS/(x64-Linux-5.15.90.1-microsoft-standard-WSL2)",
        "x-ms-client-request-id": "55006b0b-e228-4cef-9c68-b1642231b853"
      },
      "RequestBody": null,
      "StatusCode": 200,
      "ResponseHeaders": {
        "Cache-Control": "no-cache",
        "Content-Length": "740",
        "Content-Type": "application/json; charset=utf-8",
        "Date": "Wed, 08 Nov 2023 17:50:40 GMT",
        "Expires": "-1",
        "Pragma": "no-cache",
        "Strict-Transport-Security": "max-age=31536000;includeSubDomains",
        "X-Content-Type-Options": "nosniff",
        "x-ms-client-request-id": "55006b0b-e228-4cef-9c68-b1642231b853",
        "x-ms-keyvault-network-info": "conn_type=Ipv4;addr=131.107.1.144;act_addr_fam=InterNetwork;",
        "x-ms-keyvault-rbac-assignment-id": "09e2cd92-e2e1-50b8-b900-c9dd0be34b2d",
        "x-ms-keyvault-rbac-cache": "ra_age=99;da_age=342;rd_age=342;brd_age=5066;ra_notif_age=118;dec_lev=1;",
        "x-ms-keyvault-region": "australiacentral",
        "x-ms-keyvault-service-version": "1.9.1054.1",
        "x-ms-request-id": "304e56bb-05b9-4f00-8d7a-713ca563d389"
      },
      "ResponseBody": {
        "key": {
          "kid": "https://keyvault_name.vault.azure.net/keys/localCryptoKeyName-RS256-/3422cdb50a4247b3878bfc3173b5c210",
          "kty": "RSA",
          "key_ops": [
            "encrypt",
            "decrypt",
            "sign",
            "verify",
            "wrapKey",
            "unwrapKey"
          ],
          "n": "oGl3UhDHpntLK2U63PQoY16dgy46rakLRILF7kTomg5ske8Dtn9D_uyAgWMJh-_a3j2UmpBsO1ulZPHqoPOTbRr9056fWi048jd50yIYDEKSRAjgj-1ZVvTJfbBxMaSVz60MYIaaLScgzp-YKqJKwu4ZzZ7Cq6KqwOfJw2qE1LXXjO7me21bkKb6gVZYMxeUu9eaus3P3okf7ksEelhhoE9PgeqR-xwHa7JLWZmbw6SVC6gAMmLR7-tCYlvv_1z9AlbbUP96NXPxZlsY0or-D3Q__Hf5IeUqm5IpkrTgsbOLkJAYO1_P-nu83_8JQkdZoCp-eKZwk8jPnPZdvsRPCQ",
          "e": "AQAB"
        },
        "attributes": {
          "enabled": true,
          "created": 1699465840,
          "updated": 1699465840,
          "recoveryLevel": "CustomizedRecoverable\u002BPurgeable",
          "recoverableDays": 7,
          "exportable": false,
          "hsmPlatform": "0"
        }
      }
    },
    {
      "RequestUri": "https://keyvault_name.vault.azure.net/keys/localCryptoKeyName-RS256-/3422cdb50a4247b3878bfc3173b5c210/sign?api-version=7.5-preview.1",
      "RequestMethod": "POST",
      "RequestHeaders": {
        "Accept": "application/json",
        "Accept-Encoding": "gzip,deflate",
        "Authorization": "Sanitized",
        "Connection": "keep-alive",
        "Content-Length": "69",
        "Content-Type": "application/json",
        "User-Agent": "azsdk-js-keyvault-keys/4.8.0-beta.1 azsdk-js-keyvault-keys/4.8.0-beta.1 core-rest-pipeline/1.12.3 Node/v18.18.0 OS/(x64-Linux-5.15.90.1-microsoft-standard-WSL2)",
        "x-ms-client-request-id": "dfdd74d9-f57c-4304-bda6-8a8d0dd28984"
      },
      "RequestBody": {
        "alg": "RS256",
        "value": "criF2FM29rTvc7HfcSXvj0FuY6ANYWeustyqw-LOFEY"
      },
      "StatusCode": 200,
      "ResponseHeaders": {
        "Cache-Control": "no-cache",
        "Content-Length": "464",
        "Content-Type": "application/json; charset=utf-8",
        "Date": "Wed, 08 Nov 2023 17:50:40 GMT",
        "Expires": "-1",
        "Pragma": "no-cache",
        "Strict-Transport-Security": "max-age=31536000;includeSubDomains",
        "X-Content-Type-Options": "nosniff",
        "x-ms-client-request-id": "dfdd74d9-f57c-4304-bda6-8a8d0dd28984",
        "x-ms-keyvault-network-info": "conn_type=Ipv4;addr=131.107.1.144;act_addr_fam=InterNetwork;",
        "x-ms-keyvault-rbac-assignment-id": "09e2cd92-e2e1-50b8-b900-c9dd0be34b2d",
        "x-ms-keyvault-rbac-cache": "ra_age=99;da_age=342;rd_age=342;brd_age=5066;ra_notif_age=118;dec_lev=1;",
        "x-ms-keyvault-region": "australiacentral",
        "x-ms-keyvault-service-version": "1.9.1054.1",
        "x-ms-request-id": "649553b0-e98d-439e-a898-91c6b921ad0c"
      },
      "ResponseBody": {
        "kid": "https://keyvault_name.vault.azure.net/keys/localCryptoKeyName-RS256-/3422cdb50a4247b3878bfc3173b5c210",
        "value": "BkLtW0gAe3ZL3FdjG7Ov1pnT60hQKwVD5bkZJ1-bVR0cn7K6Sp3bgArZpEX_-jwiW_9dJptlnO-MlEcigw-4vHo2DOGhuXMkyvyVxkskuNjdfxqrKejPXLOHnQIr3-E8AoQeOCQND_HEMiNlvR9HFdk7IwHsMCwP7uc_A30fbquvxNWILcO4HbkyHR6-pYhREEs_LDpzLGaa8vsoE31XsCqZ8UV82Wu3frV5eUwXimpMRehny9c4vBxkgihiQ25b1XaknS-2L9u3XIBew-EqhLD3I-rC4OvAnmLtGy0seKtGCq_SqPyY9HbmRzWTQZ70gihqj4_u-mjJBjC3ahlVPg"
      }
    },
    {
      "RequestUri": "https://keyvault_name.vault.azure.net/keys/localCryptoKeyName-RS256-?api-version=7.5-preview.1",
      "RequestMethod": "DELETE",
      "RequestHeaders": {
        "Accept": "application/json",
        "Accept-Encoding": "gzip,deflate",
        "Authorization": "Sanitized",
        "Connection": "keep-alive",
        "User-Agent": "azsdk-js-keyvault-keys/4.8.0-beta.1 azsdk-js-keyvault-keys/4.8.0-beta.1 core-rest-pipeline/1.12.3 Node/v18.18.0 OS/(x64-Linux-5.15.90.1-microsoft-standard-WSL2)",
        "x-ms-client-request-id": "6523fb8b-21b2-46b9-8852-b6142e79d90d"
      },
      "RequestBody": null,
      "StatusCode": 200,
      "ResponseHeaders": {
        "Cache-Control": "no-cache",
        "Content-Length": "888",
        "Content-Type": "application/json; charset=utf-8",
        "Date": "Wed, 08 Nov 2023 17:50:41 GMT",
        "Expires": "-1",
        "Pragma": "no-cache",
        "Strict-Transport-Security": "max-age=31536000;includeSubDomains",
        "X-Content-Type-Options": "nosniff",
        "x-ms-client-request-id": "6523fb8b-21b2-46b9-8852-b6142e79d90d",
        "x-ms-keyvault-network-info": "conn_type=Ipv4;addr=131.107.1.144;act_addr_fam=InterNetwork;",
        "x-ms-keyvault-rbac-assignment-id": "09e2cd92-e2e1-50b8-b900-c9dd0be34b2d",
        "x-ms-keyvault-rbac-cache": "ra_age=99;da_age=342;rd_age=342;brd_age=5066;ra_notif_age=119;dec_lev=1;",
        "x-ms-keyvault-region": "australiacentral",
        "x-ms-keyvault-service-version": "1.9.1054.1",
        "x-ms-request-id": "90af4ae4-5805-4b2c-9a41-e8d15633d5cd"
      },
      "ResponseBody": {
        "recoveryId": "https://keyvault_name.vault.azure.net/deletedkeys/localCryptoKeyName-RS256-",
        "deletedDate": 1699465841,
        "scheduledPurgeDate": 1700070641,
        "key": {
          "kid": "https://keyvault_name.vault.azure.net/keys/localCryptoKeyName-RS256-/3422cdb50a4247b3878bfc3173b5c210",
          "kty": "RSA",
          "key_ops": [
            "encrypt",
            "decrypt",
            "sign",
            "verify",
            "wrapKey",
            "unwrapKey"
          ],
          "n": "oGl3UhDHpntLK2U63PQoY16dgy46rakLRILF7kTomg5ske8Dtn9D_uyAgWMJh-_a3j2UmpBsO1ulZPHqoPOTbRr9056fWi048jd50yIYDEKSRAjgj-1ZVvTJfbBxMaSVz60MYIaaLScgzp-YKqJKwu4ZzZ7Cq6KqwOfJw2qE1LXXjO7me21bkKb6gVZYMxeUu9eaus3P3okf7ksEelhhoE9PgeqR-xwHa7JLWZmbw6SVC6gAMmLR7-tCYlvv_1z9AlbbUP96NXPxZlsY0or-D3Q__Hf5IeUqm5IpkrTgsbOLkJAYO1_P-nu83_8JQkdZoCp-eKZwk8jPnPZdvsRPCQ",
          "e": "AQAB"
        },
        "attributes": {
          "enabled": true,
          "created": 1699465840,
          "updated": 1699465840,
          "recoveryLevel": "CustomizedRecoverable\u002BPurgeable",
          "recoverableDays": 7,
          "exportable": false,
          "hsmPlatform": "0"
        }
      }
    },
    {
      "RequestUri": "https://keyvault_name.vault.azure.net/deletedkeys/localCryptoKeyName-RS256-?api-version=7.5-preview.1",
      "RequestMethod": "GET",
      "RequestHeaders": {
        "Accept": "application/json",
        "Accept-Encoding": "gzip,deflate",
        "Authorization": "Sanitized",
        "Connection": "keep-alive",
        "User-Agent": "azsdk-js-keyvault-keys/4.8.0-beta.1 azsdk-js-keyvault-keys/4.8.0-beta.1 core-rest-pipeline/1.12.3 Node/v18.18.0 OS/(x64-Linux-5.15.90.1-microsoft-standard-WSL2)",
        "x-ms-client-request-id": "3c2704f4-18b8-4ba2-81e6-c5b4fbc9e38d"
      },
      "RequestBody": null,
      "StatusCode": 404,
      "ResponseHeaders": {
        "Cache-Control": "no-cache",
        "Content-Length": "93",
        "Content-Type": "application/json; charset=utf-8",
        "Date": "Wed, 08 Nov 2023 17:50:41 GMT",
        "Expires": "-1",
        "Pragma": "no-cache",
        "Strict-Transport-Security": "max-age=31536000;includeSubDomains",
        "X-Content-Type-Options": "nosniff",
        "x-ms-client-request-id": "3c2704f4-18b8-4ba2-81e6-c5b4fbc9e38d",
        "x-ms-keyvault-network-info": "conn_type=Ipv4;addr=131.107.1.144;act_addr_fam=InterNetwork;",
        "x-ms-keyvault-rbac-assignment-id": "09e2cd92-e2e1-50b8-b900-c9dd0be34b2d",
        "x-ms-keyvault-rbac-cache": "ra_age=99;da_age=342;rd_age=342;brd_age=5066;ra_notif_age=119;dec_lev=0;",
        "x-ms-keyvault-region": "australiacentral",
        "x-ms-keyvault-service-version": "1.9.1054.1",
        "x-ms-request-id": "7a2d6414-1759-43dc-ba1e-135579ff0580"
      },
      "ResponseBody": {
        "error": {
          "code": "KeyNotFound",
          "message": "Deleted Key not found: localCryptoKeyName-RS256-"
        }
      }
    },
    {
      "RequestUri": "https://keyvault_name.vault.azure.net/deletedkeys/localCryptoKeyName-RS256-?api-version=7.5-preview.1",
      "RequestMethod": "GET",
      "RequestHeaders": {
        "Accept": "application/json",
        "Accept-Encoding": "gzip,deflate",
        "Authorization": "Sanitized",
        "Connection": "keep-alive",
        "User-Agent": "azsdk-js-keyvault-keys/4.8.0-beta.1 azsdk-js-keyvault-keys/4.8.0-beta.1 core-rest-pipeline/1.12.3 Node/v18.18.0 OS/(x64-Linux-5.15.90.1-microsoft-standard-WSL2)",
        "x-ms-client-request-id": "1e9f9aa4-b49c-4dc8-b5c1-497559915e4c"
      },
      "RequestBody": null,
      "StatusCode": 404,
      "ResponseHeaders": {
        "Cache-Control": "no-cache",
        "Content-Length": "93",
        "Content-Type": "application/json; charset=utf-8",
        "Date": "Wed, 08 Nov 2023 17:50:41 GMT",
        "Expires": "-1",
        "Pragma": "no-cache",
        "Strict-Transport-Security": "max-age=31536000;includeSubDomains",
        "X-Content-Type-Options": "nosniff",
        "x-ms-client-request-id": "1e9f9aa4-b49c-4dc8-b5c1-497559915e4c",
        "x-ms-keyvault-network-info": "conn_type=Ipv4;addr=131.107.1.144;act_addr_fam=InterNetwork;",
        "x-ms-keyvault-rbac-assignment-id": "09e2cd92-e2e1-50b8-b900-c9dd0be34b2d",
        "x-ms-keyvault-rbac-cache": "ra_age=99;da_age=342;rd_age=342;brd_age=5067;ra_notif_age=119;dec_lev=0;",
        "x-ms-keyvault-region": "australiacentral",
        "x-ms-keyvault-service-version": "1.9.1054.1",
        "x-ms-request-id": "e314c920-faa4-4fd7-9ff3-a0cbfcb55486"
      },
      "ResponseBody": {
        "error": {
          "code": "KeyNotFound",
          "message": "Deleted Key not found: localCryptoKeyName-RS256-"
        }
      }
    },
    {
      "RequestUri": "https://keyvault_name.vault.azure.net/deletedkeys/localCryptoKeyName-RS256-?api-version=7.5-preview.1",
      "RequestMethod": "GET",
      "RequestHeaders": {
        "Accept": "application/json",
        "Accept-Encoding": "gzip,deflate",
        "Authorization": "Sanitized",
        "Connection": "keep-alive",
        "User-Agent": "azsdk-js-keyvault-keys/4.8.0-beta.1 azsdk-js-keyvault-keys/4.8.0-beta.1 core-rest-pipeline/1.12.3 Node/v18.18.0 OS/(x64-Linux-5.15.90.1-microsoft-standard-WSL2)",
        "x-ms-client-request-id": "2e0aa1c8-0780-456f-9f6a-5165ab8ffe09"
      },
      "RequestBody": null,
      "StatusCode": 200,
      "ResponseHeaders": {
        "Cache-Control": "no-cache",
        "Content-Length": "888",
        "Content-Type": "application/json; charset=utf-8",
        "Date": "Wed, 08 Nov 2023 17:50:47 GMT",
        "Expires": "-1",
        "Pragma": "no-cache",
        "Strict-Transport-Security": "max-age=31536000;includeSubDomains",
        "X-Content-Type-Options": "nosniff",
        "x-ms-client-request-id": "2e0aa1c8-0780-456f-9f6a-5165ab8ffe09",
        "x-ms-keyvault-network-info": "conn_type=Ipv4;addr=131.107.1.144;act_addr_fam=InterNetwork;",
        "x-ms-keyvault-rbac-assignment-id": "09e2cd92-e2e1-50b8-b900-c9dd0be34b2d",
        "x-ms-keyvault-rbac-cache": "ra_age=105;da_age=347;rd_age=347;brd_age=5072;ra_notif_age=124;dec_lev=0;",
        "x-ms-keyvault-region": "australiacentral",
        "x-ms-keyvault-service-version": "1.9.1054.1",
        "x-ms-request-id": "fcd3c26a-30c7-4d7b-89cd-95f3ff135223"
      },
      "ResponseBody": {
        "recoveryId": "https://keyvault_name.vault.azure.net/deletedkeys/localCryptoKeyName-RS256-",
        "deletedDate": 1699465841,
        "scheduledPurgeDate": 1700070641,
        "key": {
          "kid": "https://keyvault_name.vault.azure.net/keys/localCryptoKeyName-RS256-/3422cdb50a4247b3878bfc3173b5c210",
          "kty": "RSA",
          "key_ops": [
            "encrypt",
            "decrypt",
            "sign",
            "verify",
            "wrapKey",
            "unwrapKey"
          ],
          "n": "oGl3UhDHpntLK2U63PQoY16dgy46rakLRILF7kTomg5ske8Dtn9D_uyAgWMJh-_a3j2UmpBsO1ulZPHqoPOTbRr9056fWi048jd50yIYDEKSRAjgj-1ZVvTJfbBxMaSVz60MYIaaLScgzp-YKqJKwu4ZzZ7Cq6KqwOfJw2qE1LXXjO7me21bkKb6gVZYMxeUu9eaus3P3okf7ksEelhhoE9PgeqR-xwHa7JLWZmbw6SVC6gAMmLR7-tCYlvv_1z9AlbbUP96NXPxZlsY0or-D3Q__Hf5IeUqm5IpkrTgsbOLkJAYO1_P-nu83_8JQkdZoCp-eKZwk8jPnPZdvsRPCQ",
          "e": "AQAB"
        },
        "attributes": {
          "enabled": true,
          "created": 1699465840,
          "updated": 1699465840,
          "recoveryLevel": "CustomizedRecoverable\u002BPurgeable",
          "recoverableDays": 7,
          "exportable": false,
          "hsmPlatform": "0"
        }
      }
    },
    {
      "RequestUri": "https://keyvault_name.vault.azure.net/deletedkeys/localCryptoKeyName-RS256-?api-version=7.5-preview.1",
      "RequestMethod": "DELETE",
      "RequestHeaders": {
        "Accept": "application/json",
        "Accept-Encoding": "gzip,deflate",
        "Authorization": "Sanitized",
        "Connection": "keep-alive",
        "User-Agent": "azsdk-js-keyvault-keys/4.8.0-beta.1 azsdk-js-keyvault-keys/4.8.0-beta.1 core-rest-pipeline/1.12.3 Node/v18.18.0 OS/(x64-Linux-5.15.90.1-microsoft-standard-WSL2)",
        "x-ms-client-request-id": "edb42a9c-8e79-4b6b-80b5-84ffa0aabe69"
      },
      "RequestBody": null,
      "StatusCode": 204,
      "ResponseHeaders": {
        "Cache-Control": "no-cache",
        "Date": "Wed, 08 Nov 2023 17:50:47 GMT",
        "Expires": "-1",
        "Pragma": "no-cache",
        "Strict-Transport-Security": "max-age=31536000;includeSubDomains",
        "X-Content-Type-Options": "nosniff",
        "x-ms-client-request-id": "edb42a9c-8e79-4b6b-80b5-84ffa0aabe69",
        "x-ms-keyvault-network-info": "conn_type=Ipv4;addr=131.107.1.144;act_addr_fam=InterNetwork;",
        "x-ms-keyvault-rbac-assignment-id": "09e2cd92-e2e1-50b8-b900-c9dd0be34b2d",
        "x-ms-keyvault-rbac-cache": "ra_age=105;da_age=348;rd_age=348;brd_age=5072;ra_notif_age=124;dec_lev=1;",
        "x-ms-keyvault-region": "australiacentral",
        "x-ms-keyvault-service-version": "1.9.1054.1",
        "x-ms-request-id": "48f7dbb9-005e-4d31-9a09-ef67fc55673b"
      },
      "ResponseBody": null
    }
  ],
  "Variables": {}
}
