{
  "Entries": [
    {
      "RequestUri": "https://Sanitized.openai.azure.com/openai/files?api-version=2024-10-01-preview",
      "RequestMethod": "POST",
      "RequestHeaders": {
        "Accept": "application/json",
        "api-key": "Sanitized",
        "Content-Length": "6733",
        "Content-Type": "multipart/form-data; boundary=***",
        "User-Agent": "azsdk-net-AI.OpenAI/2.2.0-beta.2 (.NET 8.0.13; Microsoft Windows 10.0.26100)",
        "x-ms-client-request-id": "Sanitized"
      },
      "RequestBody": null,
      "StatusCode": 201,
      "ResponseHeaders": {
        "api-supported-versions": "2022-12-01,2023-03-15-preview,2023-05-15,2023-06-01-preview,2023-07-01-preview,2023-08-01-preview,2023-09-01-preview,2023-10-01-preview,2023-12-01-preview,2024-02-01,2024-02-15-preview,2024-03-01-preview,2024-04-01-preview,2024-04-15-preview,2024-05-01-preview,2024-06-01,2024-07-01-preview,2024-08-01-preview,2024-09-01-preview,2024-10-01-preview,2024-10-21,2024-11-01-preview,2024-12-01-preview,2025-01-01-preview,2025-02-01-preview",
        "apim-request-id": "7b92de5e-b1f7-4c00-9f71-61febc6c7097",
        "Content-Type": "application/json; charset=utf-8",
        "Date": "Tue, 04 Mar 2025 18:09:31 GMT",
        "Location": "https://openai-sdk-test-automation-account-sweden-central.openai.azure.com/openai/files/file-56de1d5d983b4b58bf9766d1398d7d28?api-version=2024-10-01-preview",
        "Strict-Transport-Security": "max-age=31536000; includeSubDomains; preload",
        "Transfer-Encoding": "chunked",
        "X-Content-Type-Options": "nosniff",
        "x-ms-middleware-request-id": "a05303f7-7f47-40a2-b1d0-d27dd2ef3d37",
        "x-ms-region": "Sweden Central"
      },
      "ResponseBody": {
        "status": "pending",
        "bytes": 6254,
        "purpose": "fine-tune",
        "filename": "Assets\\fine_tuning.jsonl",
        "id": "file-56de1d5d983b4b58bf9766d1398d7d28",
        "created_at": 1741111772,
        "object": "file"
      }
    },
    {
      "RequestUri": "https://Sanitized.openai.azure.com/openai/files/file-56de1d5d983b4b58bf9766d1398d7d28?api-version=2024-10-01-preview",
      "RequestMethod": "GET",
      "RequestHeaders": {
        "Accept": "application/json",
        "api-key": "Sanitized",
        "User-Agent": "azsdk-net-AI.OpenAI/2.2.0-beta.2 (.NET 8.0.13; Microsoft Windows 10.0.26100)",
        "x-ms-client-request-id": "Sanitized"
      },
      "RequestBody": null,
      "StatusCode": 200,
      "ResponseHeaders": {
        "api-supported-versions": "2022-12-01,2023-03-15-preview,2023-05-15,2023-06-01-preview,2023-07-01-preview,2023-08-01-preview,2023-09-01-preview,2023-10-01-preview,2023-12-01-preview,2024-02-01,2024-02-15-preview,2024-03-01-preview,2024-04-01-preview,2024-04-15-preview,2024-05-01-preview,2024-06-01,2024-07-01-preview,2024-08-01-preview,2024-09-01-preview,2024-10-01-preview,2024-10-21,2024-11-01-preview,2024-12-01-preview,2025-01-01-preview,2025-02-01-preview",
        "apim-request-id": "88c2f35c-e878-48fd-9ed8-535584ad293b",
        "Content-Type": "application/json; charset=utf-8",
        "Date": "Tue, 04 Mar 2025 18:09:37 GMT",
        "Strict-Transport-Security": "max-age=31536000; includeSubDomains; preload",
        "Transfer-Encoding": "chunked",
        "X-Content-Type-Options": "nosniff",
        "x-envoy-upstream-service-time": "27",
        "x-ms-region": "Sweden Central"
      },
      "ResponseBody": {
        "status": "processed",
        "bytes": 6254,
        "purpose": "fine-tune",
        "filename": "Assets\\fine_tuning.jsonl",
        "id": "file-56de1d5d983b4b58bf9766d1398d7d28",
        "created_at": 1741111772,
        "object": "file"
      }
    },
    {
      "RequestUri": "https://Sanitized.openai.azure.com/openai/fine_tuning/jobs?api-version=2024-10-01-preview",
      "RequestMethod": "POST",
      "RequestHeaders": {
        "Accept": "application/json",
        "api-key": "Sanitized",
        "Content-Length": "146",
        "Content-Type": "application/json",
        "User-Agent": "azsdk-net-AI.OpenAI/2.2.0-beta.2 (.NET 8.0.13; Microsoft Windows 10.0.26100)",
        "x-ms-client-request-id": "Sanitized"
      },
      "RequestBody": {
        "model": "gpt-4o-mini",
        "training_file": "file-56de1d5d983b4b58bf9766d1398d7d28",
        "method": {
          "type": "supervised",
          "supervised": {
            "hyperparameters": {}
          }
        }
      },
      "StatusCode": 201,
      "ResponseHeaders": {
        "api-supported-versions": "2022-12-01,2023-03-15-preview,2023-05-15,2023-06-01-preview,2023-07-01-preview,2023-08-01-preview,2023-09-01-preview,2023-10-01-preview,2023-12-01-preview,2024-02-01,2024-02-15-preview,2024-03-01-preview,2024-04-01-preview,2024-04-15-preview,2024-05-01-preview,2024-06-01,2024-07-01-preview,2024-08-01-preview,2024-09-01-preview,2024-10-01-preview,2024-10-21,2024-11-01-preview,2024-12-01-preview,2025-01-01-preview,2025-02-01-preview",
        "apim-request-id": "3cd40f0a-25d7-40f5-a1ae-4b856fb7468b",
        "Content-Type": "application/json; charset=utf-8",
        "Date": "Tue, 04 Mar 2025 18:09:37 GMT",
        "Location": "https://openai-sdk-test-automation-account-sweden-central.openai.azure.com/openai/fine_tuning/ftjob-07dd37f32a074dbdb3e70f28a0e1e425?api-version=2024-10-01-preview",
        "Strict-Transport-Security": "max-age=31536000; includeSubDomains; preload",
        "Transfer-Encoding": "chunked",
        "X-Content-Type-Options": "nosniff",
        "x-envoy-upstream-service-time": "108",
        "x-ms-region": "Sweden Central"
      },
      "ResponseBody": {
        "hyperparameters": {
          "n_epochs": -1,
          "batch_size": -1,
          "learning_rate_multiplier": 1
        },
        "seed": 53888096,
        "status": "pending",
        "model": "gpt-4o-mini-2024-07-18",
        "training_file": "file-56de1d5d983b4b58bf9766d1398d7d28",
        "estimated_finish": 1741112678,
        "id": "ftjob-07dd37f32a074dbdb3e70f28a0e1e425",
        "created_at": 1741111778,
        "object": "fine_tuning.job"
      }
    },
    {
      "RequestUri": "https://Sanitized.openai.azure.com/openai/fine_tuning/jobs/ftjob-07dd37f32a074dbdb3e70f28a0e1e425/cancel?api-version=2024-10-01-preview",
      "RequestMethod": "POST",
      "RequestHeaders": {
        "Accept": "application/json",
        "api-key": "Sanitized",
        "Content-Length": "0",
        "User-Agent": "azsdk-net-AI.OpenAI/2.2.0-beta.2 (.NET 8.0.13; Microsoft Windows 10.0.26100)",
        "x-ms-client-request-id": "Sanitized"
      },
      "RequestBody": null,
      "StatusCode": 200,
      "ResponseHeaders": {
        "api-supported-versions": "2022-12-01,2023-03-15-preview,2023-05-15,2023-06-01-preview,2023-07-01-preview,2023-08-01-preview,2023-09-01-preview,2023-10-01-preview,2023-12-01-preview,2024-02-01,2024-02-15-preview,2024-03-01-preview,2024-04-01-preview,2024-04-15-preview,2024-05-01-preview,2024-06-01,2024-07-01-preview,2024-08-01-preview,2024-09-01-preview,2024-10-01-preview,2024-10-21,2024-11-01-preview,2024-12-01-preview,2025-01-01-preview,2025-02-01-preview",
        "apim-request-id": "2c212968-094e-415a-8b6e-47f4a0619fa5",
        "Content-Type": "application/json; charset=utf-8",
        "Date": "Tue, 04 Mar 2025 18:09:37 GMT",
        "Strict-Transport-Security": "max-age=31536000; includeSubDomains; preload",
        "Transfer-Encoding": "chunked",
        "X-Content-Type-Options": "nosniff",
        "x-envoy-upstream-service-time": "51",
        "x-ms-region": "Sweden Central"
      },
      "ResponseBody": {
        "hyperparameters": {
          "n_epochs": -1,
          "batch_size": -1,
          "learning_rate_multiplier": 1
        },
        "seed": 53888096,
        "status": "cancelled",
        "model": "gpt-4o-mini-2024-07-18",
        "training_file": "file-56de1d5d983b4b58bf9766d1398d7d28",
        "finished_at": 1741111778,
        "estimated_finish": 1741112678,
        "id": "ftjob-07dd37f32a074dbdb3e70f28a0e1e425",
        "created_at": 1741111778,
        "object": "fine_tuning.job"
      }
    },
    {
      "RequestUri": "https://Sanitized.openai.azure.com/openai/fine_tuning/jobs/ftjob-07dd37f32a074dbdb3e70f28a0e1e425?api-version=2024-10-01-preview",
      "RequestMethod": "DELETE",
      "RequestHeaders": {
        "Accept": "application/json",
        "api-key": "Sanitized",
        "User-Agent": "azsdk-net-AI.OpenAI/2.2.0-beta.2 (.NET 8.0.13; Microsoft Windows 10.0.26100)",
        "x-ms-client-request-id": "Sanitized"
      },
      "RequestBody": null,
      "StatusCode": 204,
      "ResponseHeaders": {
        "api-supported-versions": "2022-12-01,2023-03-15-preview,2023-05-15,2023-06-01-preview,2023-07-01-preview,2023-08-01-preview,2023-09-01-preview,2023-10-01-preview,2023-12-01-preview,2024-02-01,2024-02-15-preview,2024-03-01-preview,2024-04-01-preview,2024-04-15-preview,2024-05-01-preview,2024-06-01,2024-07-01-preview,2024-08-01-preview,2024-09-01-preview,2024-10-01-preview,2024-10-21,2024-11-01-preview,2024-12-01-preview,2025-01-01-preview,2025-02-01-preview",
        "apim-request-id": "7f3ff839-6ed3-40f9-842e-03d900fe2e49",
        "Content-Length": "0",
        "Date": "Tue, 04 Mar 2025 18:09:37 GMT",
        "Strict-Transport-Security": "max-age=31536000; includeSubDomains; preload",
        "X-Content-Type-Options": "nosniff",
        "x-envoy-upstream-service-time": "55",
        "x-ms-region": "Sweden Central"
      },
      "ResponseBody": null
    },
    {
      "RequestUri": "https://Sanitized.openai.azure.com/fine_tuning/jobs/ftjob-07dd37f32a074dbdb3e70f28a0e1e425",
      "RequestMethod": "GET",
      "RequestHeaders": {
        "Accept": "application/json",
        "api-key": "Sanitized",
        "User-Agent": "azsdk-net-AI.OpenAI/2.2.0-beta.2 (.NET 8.0.13; Microsoft Windows 10.0.26100)",
        "x-ms-client-request-id": "Sanitized"
      },
      "RequestBody": null,
      "StatusCode": 404,
      "ResponseHeaders": {
        "apim-request-id": "a731d6c6-57ea-47b8-815d-6cf8535e12cb",
        "Content-Length": "56",
        "Content-Type": "application/json",
        "Date": "Tue, 04 Mar 2025 18:09:38 GMT",
        "Strict-Transport-Security": "max-age=31536000; includeSubDomains; preload",
        "X-Content-Type-Options": "nosniff"
      },
      "ResponseBody": {
        "error": {
          "code": "404",
          "message": "Resource not found"
        }
      }
    },
    {
      "RequestUri": "https://Sanitized.openai.azure.com/openai/files/file-56de1d5d983b4b58bf9766d1398d7d28?api-version=2024-10-01-preview",
      "RequestMethod": "DELETE",
      "RequestHeaders": {
        "Accept": "application/json",
        "api-key": "Sanitized",
        "User-Agent": "azsdk-net-AI.OpenAI/2.2.0-beta.2 (.NET 8.0.13; Microsoft Windows 10.0.26100)",
        "x-ms-client-request-id": "Sanitized"
      },
      "RequestBody": null,
      "StatusCode": 200,
      "ResponseHeaders": {
        "api-supported-versions": "2022-12-01,2023-03-15-preview,2023-05-15,2023-06-01-preview,2023-07-01-preview,2023-08-01-preview,2023-09-01-preview,2023-10-01-preview,2023-12-01-preview,2024-02-01,2024-02-15-preview,2024-03-01-preview,2024-04-01-preview,2024-04-15-preview,2024-05-01-preview,2024-06-01,2024-07-01-preview,2024-08-01-preview,2024-09-01-preview,2024-10-01-preview,2024-10-21,2024-11-01-preview,2024-12-01-preview,2025-01-01-preview,2025-02-01-preview",
        "apim-request-id": "93bd3007-2b43-486c-a819-3687374d822a",
        "Content-Type": "application/json; charset=utf-8",
        "Date": "Tue, 04 Mar 2025 18:09:38 GMT",
        "Strict-Transport-Security": "max-age=31536000; includeSubDomains; preload",
        "Transfer-Encoding": "chunked",
        "X-Content-Type-Options": "nosniff",
        "x-envoy-upstream-service-time": "67",
        "x-ms-region": "Sweden Central"
      },
      "ResponseBody": {
        "object": "file",
        "deleted": true,
        "id": "file-56de1d5d983b4b58bf9766d1398d7d28"
      }
    },
    {
      "RequestUri": "https://Sanitized.openai.azure.com/openai/files/file-56de1d5d983b4b58bf9766d1398d7d28?api-version=2025-01-01-preview",
      "RequestMethod": "DELETE",
      "RequestHeaders": {
        "Accept": "application/json",
        "api-key": "Sanitized",
        "User-Agent": "azsdk-net-AI.OpenAI/2.2.0-beta.2 (.NET 8.0.13; Microsoft Windows 10.0.26100)",
        "x-ms-client-request-id": "Sanitized"
      },
      "RequestBody": null,
      "StatusCode": 200,
      "ResponseHeaders": {
        "api-supported-versions": "2022-12-01,2023-03-15-preview,2023-05-15,2023-06-01-preview,2023-07-01-preview,2023-08-01-preview,2023-09-01-preview,2023-10-01-preview,2023-12-01-preview,2024-02-01,2024-02-15-preview,2024-03-01-preview,2024-04-01-preview,2024-04-15-preview,2024-05-01-preview,2024-06-01,2024-07-01-preview,2024-08-01-preview,2024-09-01-preview,2024-10-01-preview,2024-10-21,2024-11-01-preview,2024-12-01-preview,2025-01-01-preview,2025-02-01-preview",
        "apim-request-id": "9fa709f4-836f-41e3-817a-274ed075663b",
        "Content-Type": "application/json; charset=utf-8",
        "Date": "Tue, 04 Mar 2025 18:09:38 GMT",
        "Strict-Transport-Security": "max-age=31536000; includeSubDomains; preload",
        "Transfer-Encoding": "chunked",
        "X-Content-Type-Options": "nosniff",
        "x-envoy-upstream-service-time": "24",
        "x-ms-region": "Sweden Central"
      },
      "ResponseBody": {
        "object": "file",
        "deleted": false,
        "id": "file-56de1d5d983b4b58bf9766d1398d7d28"
      }
    }
  ],
  "Variables": {
    "RandomSeed": "63539258"
  }
}
