{
  "Entries": [
    {
      "RequestUri": "https://Sanitized.openai.azure.com/openai/fine_tuning/jobs?api-version=2024-10-01-preview",
      "RequestMethod": "GET",
      "RequestHeaders": {
        "Accept": "application/json",
        "api-key": "Sanitized",
        "User-Agent": "azsdk-net-AI.OpenAI/2.2.0-beta.1 (.NET 8.0.12; Microsoft Windows 10.0.22631)",
        "x-ms-client-request-id": "Sanitized"
      },
      "RequestBody": null,
      "StatusCode": 200,
      "ResponseHeaders": {
        "api-supported-versions": "2022-12-01,2023-03-15-preview,2023-05-15,2023-06-01-preview,2023-07-01-preview,2023-08-01-preview,2023-09-01-preview,2023-10-01-preview,2023-12-01-preview,2024-02-01,2024-02-15-preview,2024-03-01-preview,2024-04-01-preview,2024-04-15-preview,2024-05-01-preview,2024-06-01,2024-07-01-preview,2024-08-01-preview,2024-09-01-preview,2024-10-01-preview,2024-10-21,2024-11-01-preview",
        "apim-request-id": "907e253a-bda1-425a-a50b-f8d4c1f1121c",
        "Content-Type": "application/json; charset=utf-8",
        "Date": "Sat, 25 Jan 2025 00:45:22 GMT",
        "Strict-Transport-Security": "max-age=31536000; includeSubDomains; preload",
        "Transfer-Encoding": "chunked",
        "X-Content-Type-Options": "nosniff",
        "x-envoy-upstream-service-time": "38",
        "x-ms-region": "Sweden Central"
      },
      "ResponseBody": {
        "has_more": true,
        "data": [
          {
            "hyperparameters": {
              "n_epochs": 9,
              "batch_size": 1,
              "learning_rate_multiplier": 1
            },
            "seed": 1354125966,
            "status": "succeeded",
            "model": "gpt-4o-mini-2024-07-18",
            "fine_tuned_model": "gpt-4o-mini-2024-07-18.ft-3804b2f12ca64f75a0e2ef2409ecbc30",
            "training_file": "file-94f40e481da6403398dacc775c5b0a83",
            "result_files": [
              "file-bdc7c08ded1a4fc98064128b3b653a4f"
            ],
            "finished_at": 1737651719,
            "trained_tokens": 14022,
            "estimated_finish": 1737650706,
            "id": "ftjob-3804b2f12ca64f75a0e2ef2409ecbc30",
            "created_at": 1737649805,
            "object": "fine_tuning.job"
          },
          {
            "hyperparameters": {
              "n_epochs": 9,
              "batch_size": 1,
              "learning_rate_multiplier": 1
            },
            "seed": 1998697039,
            "status": "succeeded",
            "model": "gpt-4o-mini-2024-07-18",
            "fine_tuned_model": "gpt-4o-mini-2024-07-18.ft-cfe2d7c19cbb4d70bec7a0eca7023bb5",
            "training_file": "file-fc7c4c8e577f4bb2aad4dfd7c8f56904",
            "result_files": [
              "file-6da8d991fd62414db65b7fb64b5f65aa"
            ],
            "finished_at": 1737576366,
            "trained_tokens": 14022,
            "estimated_finish": 1737575493,
            "id": "ftjob-cfe2d7c19cbb4d70bec7a0eca7023bb5",
            "created_at": 1737574592,
            "object": "fine_tuning.job"
          },
          {
            "hyperparameters": {
              "n_epochs": 9,
              "batch_size": 1,
              "learning_rate_multiplier": 1
            },
            "seed": 2044972026,
            "status": "succeeded",
            "model": "gpt-4o-mini-2024-07-18",
            "fine_tuned_model": "gpt-4o-mini-2024-07-18.ft-d72ee2dedc854e2d9090d2347e457f5f",
            "training_file": "file-0c105a50140946b498890b8846e29c52",
            "result_files": [
              "file-a9c2da6ef68944dd91ea923545c57189"
            ],
            "finished_at": 1737488908,
            "trained_tokens": 14022,
            "estimated_finish": 1737488001,
            "id": "ftjob-d72ee2dedc854e2d9090d2347e457f5f",
            "created_at": 1737487101,
            "object": "fine_tuning.job"
          },
          {
            "hyperparameters": {
              "n_epochs": -1,
              "batch_size": -1,
              "learning_rate_multiplier": 1
            },
            "seed": 1565576588,
            "status": "cancelled",
            "model": "gpt-4o-mini-2024-07-18",
            "training_file": "file-4df744763a6048daa8731ea0344a4d07",
            "finished_at": 1737486522,
            "estimated_finish": 1737487422,
            "id": "ftjob-148fdc573227478282b2d9dc4545319d",
            "created_at": 1737486521,
            "object": "fine_tuning.job"
          },
          {
            "hyperparameters": {
              "n_epochs": -1,
              "batch_size": -1,
              "learning_rate_multiplier": 1
            },
            "seed": 1784386000,
            "status": "cancelled",
            "model": "gpt-4o-mini-2024-07-18",
            "training_file": "file-b428b75619ca41cfb9e91e05de552a9f",
            "finished_at": 1737484044,
            "estimated_finish": 1737484940,
            "id": "ftjob-8d19f3f3e2304931b852bfd12b04d937",
            "created_at": 1737484040,
            "object": "fine_tuning.job"
          },
          {
            "hyperparameters": {
              "n_epochs": -1,
              "batch_size": -1,
              "learning_rate_multiplier": 1
            },
            "seed": 2059132373,
            "status": "cancelled",
            "model": "gpt-4o-mini-2024-07-18",
            "training_file": "file-92ea3c9c2ba041f39e63545cbdae0166",
            "finished_at": 1737479402,
            "estimated_finish": 1737482437,
            "id": "ftjob-ee14f870bff74546a574002786eb5833",
            "created_at": 1737479398,
            "object": "fine_tuning.job"
          },
          {
            "hyperparameters": {
              "n_epochs": -1,
              "batch_size": -1,
              "learning_rate_multiplier": 1
            },
            "seed": 1601357975,
            "status": "cancelled",
            "model": "gpt-4o-mini-2024-07-18",
            "training_file": "file-fb1d346cf7e74119bfdcdfae21c6a8a6",
            "finished_at": 1737479158,
            "estimated_finish": 1737482437,
            "id": "ftjob-ddb772495ac34033b63cdd52b4608303",
            "created_at": 1737479115,
            "object": "fine_tuning.job"
          },
          {
            "hyperparameters": {
              "n_epochs": 9,
              "batch_size": 1,
              "learning_rate_multiplier": 1
            },
            "seed": 1411743263,
            "status": "succeeded",
            "model": "gpt-4o-mini-2024-07-18",
            "fine_tuned_model": "gpt-4o-mini-2024-07-18.ft-dbf2d97316564f34b1bb35f1ebadab33",
            "training_file": "file-25ea38da76c54091a5e9af2bbcc9f513",
            "result_files": [
              "file-eb9ef9a1d7a14a5e8ca26a2b0420c4b2"
            ],
            "finished_at": 1737480868,
            "trained_tokens": 14022,
            "estimated_finish": 1737481537,
            "id": "ftjob-dbf2d97316564f34b1bb35f1ebadab33",
            "created_at": 1737479008,
            "object": "fine_tuning.job"
          },
          {
            "hyperparameters": {
              "n_epochs": 9,
              "batch_size": 1,
              "learning_rate_multiplier": 1
            },
            "seed": 1077050865,
            "status": "succeeded",
            "model": "gpt-4o-mini-2024-07-18",
            "fine_tuned_model": "gpt-4o-mini-2024-07-18.ft-9983b6ba06d54b31af79f0f1f7ad6914",
            "training_file": "file-a8c9b8ef78c744d48bbb33e6679f5015",
            "result_files": [
              "file-2ced34ec2c484d718d7d8f7de52f8762"
            ],
            "finished_at": 1737480807,
            "trained_tokens": 14022,
            "estimated_finish": 1737480637,
            "id": "ftjob-9983b6ba06d54b31af79f0f1f7ad6914",
            "created_at": 1737478925,
            "object": "fine_tuning.job"
          },
          {
            "hyperparameters": {
              "n_epochs": 9,
              "batch_size": 1,
              "learning_rate_multiplier": 1
            },
            "seed": 37781395,
            "status": "succeeded",
            "model": "gpt-4o-mini-2024-07-18",
            "fine_tuned_model": "gpt-4o-mini-2024-07-18.ft-4ecf56a18e60435a99a15eb566fa0117",
            "training_file": "file-2559974fe6ce4475ad8ee8df7e2d568e",
            "result_files": [
              "file-f3e130a078da4216bb6a8a6f4133085c"
            ],
            "finished_at": 1737480689,
            "trained_tokens": 14022,
            "estimated_finish": 1737479737,
            "id": "ftjob-4ecf56a18e60435a99a15eb566fa0117",
            "created_at": 1737478836,
            "object": "fine_tuning.job"
          },
          {
            "hyperparameters": {
              "n_epochs": 9,
              "batch_size": 1,
              "learning_rate_multiplier": 1
            },
            "seed": 1080011548,
            "status": "succeeded",
            "model": "gpt-4o-mini-2024-07-18",
            "fine_tuned_model": "gpt-4o-mini-2024-07-18.ft-84f4beb01dbd49bfbf2ddab8acedd8f3",
            "training_file": "file-059d79ef8ea94340b753208ce770b025",
            "result_files": [
              "file-06c3b7f4106647939ad26b43f6907df7"
            ],
            "finished_at": 1737479036,
            "trained_tokens": 14022,
            "estimated_finish": 1737478498,
            "id": "ftjob-84f4beb01dbd49bfbf2ddab8acedd8f3",
            "created_at": 1737477140,
            "object": "fine_tuning.job"
          },
          {
            "hyperparameters": {
              "n_epochs": 9,
              "batch_size": 1,
              "learning_rate_multiplier": 1
            },
            "seed": 1578449185,
            "status": "succeeded",
            "model": "gpt-4o-mini-2024-07-18",
            "fine_tuned_model": "gpt-4o-mini-2024-07-18.ft-7ca7aba112dd49619f4fbabaaeb7771e",
            "training_file": "file-760f2b819a1d40b58af5a6fed580d68e",
            "result_files": [
              "file-b19ea3fee1da44c8b8e10c3c4c3d20bd"
            ],
            "finished_at": 1737478506,
            "trained_tokens": 14022,
            "estimated_finish": 1737477598,
            "id": "ftjob-7ca7aba112dd49619f4fbabaaeb7771e",
            "created_at": 1737476698,
            "object": "fine_tuning.job"
          },
          {
            "hyperparameters": {
              "n_epochs": 9,
              "batch_size": 1,
              "learning_rate_multiplier": 1
            },
            "seed": 407840997,
            "status": "succeeded",
            "model": "gpt-4o-mini-2024-07-18",
            "fine_tuned_model": "gpt-4o-mini-2024-07-18.ft-4257b95520334b00afc615b987e3c9d4",
            "training_file": "file-72d7e3f1ec04427b99480dc07b47c40e",
            "result_files": [
              "file-bd787d73dc514d88a7b4adafb9ba0232"
            ],
            "finished_at": 1737477385,
            "trained_tokens": 14022,
            "estimated_finish": 1737476653,
            "id": "ftjob-4257b95520334b00afc615b987e3c9d4",
            "created_at": 1737475752,
            "object": "fine_tuning.job"
          },
          {
            "hyperparameters": {
              "n_epochs": 9,
              "batch_size": 1,
              "learning_rate_multiplier": 1
            },
            "seed": 1471398391,
            "status": "succeeded",
            "model": "gpt-4o-mini-2024-07-18",
            "fine_tuned_model": "gpt-4o-mini-2024-07-18.ft-fb2e74aacfb14e1a8603be92b2bf62f2",
            "training_file": "file-2720bfbd726d41e78c5d024401712fd4",
            "result_files": [
              "file-d90c1ea57c3b49efaecce5bbb86cf839"
            ],
            "finished_at": 1737155940,
            "trained_tokens": 14022,
            "estimated_finish": 1737155661,
            "id": "ftjob-fb2e74aacfb14e1a8603be92b2bf62f2",
            "created_at": 1737154214,
            "object": "fine_tuning.job"
          },
          {
            "hyperparameters": {
              "n_epochs": 9,
              "batch_size": 1,
              "learning_rate_multiplier": 1
            },
            "seed": 1776400124,
            "status": "succeeded",
            "model": "gpt-4o-mini-2024-07-18",
            "fine_tuned_model": "gpt-4o-mini-2024-07-18.ft-b0c66b42d8a2468e9d518e1b8596bbd9",
            "training_file": "file-5457a77903b5447a984d82047bc2d52e",
            "result_files": [
              "file-6de5222ba4484b548c834fb30d5b7f28"
            ],
            "finished_at": 1737155588,
            "trained_tokens": 14022,
            "estimated_finish": 1737154761,
            "id": "ftjob-b0c66b42d8a2468e9d518e1b8596bbd9",
            "created_at": 1737153723,
            "object": "fine_tuning.job"
          },
          {
            "hyperparameters": {
              "n_epochs": 9,
              "batch_size": 1,
              "learning_rate_multiplier": 1
            },
            "seed": 1312603349,
            "status": "succeeded",
            "model": "gpt-4o-mini-2024-07-18",
            "fine_tuned_model": "gpt-4o-mini-2024-07-18.ft-a7b7603b38984bfe9813bcf8a3d7580b",
            "training_file": "file-a7cfd392227c4a76a4606bdca0a7b20d",
            "result_files": [
              "file-f546c4a062534d34bc882243c7c688c5"
            ],
            "finished_at": 1737154758,
            "trained_tokens": 14022,
            "estimated_finish": 1737153861,
            "id": "ftjob-a7b7603b38984bfe9813bcf8a3d7580b",
            "created_at": 1737152960,
            "object": "fine_tuning.job"
          },
          {
            "hyperparameters": {
              "n_epochs": 9,
              "batch_size": 1,
              "learning_rate_multiplier": 1
            },
            "seed": 1577153506,
            "status": "succeeded",
            "model": "gpt-4o-mini-2024-07-18",
            "fine_tuned_model": "gpt-4o-mini-2024-07-18.ft-b35696757c0c48dd92e8fb54729ca741",
            "training_file": "file-de59d2d3f5ac4bc99877cf2d00118f33",
            "result_files": [
              "file-2fab50aaa9de46ba98dac291ab06a2b8"
            ],
            "finished_at": 1737153933,
            "trained_tokens": 14022,
            "estimated_finish": 1737152915,
            "id": "ftjob-b35696757c0c48dd92e8fb54729ca741",
            "created_at": 1737152014,
            "object": "fine_tuning.job"
          },
          {
            "hyperparameters": {
              "n_epochs": -1,
              "batch_size": -1,
              "learning_rate_multiplier": 1
            },
            "seed": 145175188,
            "status": "cancelled",
            "model": "gpt-4o-mini-2024-07-18",
            "training_file": "file-a9cc18164cf74ef89bbdcd754048cd52",
            "finished_at": 1737151900,
            "estimated_finish": 1737152452,
            "id": "ftjob-102adfc6be334da2b582668a428c03e4",
            "created_at": 1737151552,
            "object": "fine_tuning.job"
          },
          {
            "hyperparameters": {
              "n_epochs": -1,
              "batch_size": -1,
              "learning_rate_multiplier": 1
            },
            "seed": 915821208,
            "status": "cancelled",
            "model": "gpt-4o-mini-2024-07-18",
            "training_file": "file-0b59efbf2eb34b87aae65db317e687a8",
            "finished_at": 1737151419,
            "estimated_finish": 1737152171,
            "id": "ftjob-b67023e7b0264ca79b71e8fe9ce655ab",
            "created_at": 1737151270,
            "object": "fine_tuning.job"
          },
          {
            "hyperparameters": {
              "n_epochs": 9,
              "batch_size": 1,
              "learning_rate_multiplier": 1
            },
            "seed": 1293411898,
            "status": "succeeded",
            "model": "gpt-4o-mini-2024-07-18",
            "fine_tuned_model": "gpt-4o-mini-2024-07-18.ft-272d893b727b4e739b5e63d930bef936",
            "training_file": "file-12e5941ea1254d19ac46efe38728a8ee",
            "result_files": [
              "file-324923f71e1d4f339d75aab26d907dd8"
            ],
            "finished_at": 1737077586,
            "trained_tokens": 14022,
            "estimated_finish": 1737079952,
            "id": "ftjob-272d893b727b4e739b5e63d930bef936",
            "created_at": 1737072783,
            "object": "fine_tuning.job"
          }
        ],
        "object": "list"
      }
    },
    {
      "RequestUri": "https://Sanitized.openai.azure.com/openai/fine_tuning/jobs?api-version=2024-10-01-preview&after=ftjob-272d893b727b4e739b5e63d930bef936",
      "RequestMethod": "GET",
      "RequestHeaders": {
        "Accept": "application/json",
        "api-key": "Sanitized",
        "User-Agent": "azsdk-net-AI.OpenAI/2.2.0-beta.1 (.NET 8.0.12; Microsoft Windows 10.0.22631)",
        "x-ms-client-request-id": "Sanitized"
      },
      "RequestBody": null,
      "StatusCode": 200,
      "ResponseHeaders": {
        "api-supported-versions": "2022-12-01,2023-03-15-preview,2023-05-15,2023-06-01-preview,2023-07-01-preview,2023-08-01-preview,2023-09-01-preview,2023-10-01-preview,2023-12-01-preview,2024-02-01,2024-02-15-preview,2024-03-01-preview,2024-04-01-preview,2024-04-15-preview,2024-05-01-preview,2024-06-01,2024-07-01-preview,2024-08-01-preview,2024-09-01-preview,2024-10-01-preview,2024-10-21,2024-11-01-preview",
        "apim-request-id": "35186b4e-575a-4b0d-a9ff-3e1450554359",
        "Content-Type": "application/json; charset=utf-8",
        "Date": "Sat, 25 Jan 2025 00:45:22 GMT",
        "Strict-Transport-Security": "max-age=31536000; includeSubDomains; preload",
        "Transfer-Encoding": "chunked",
        "X-Content-Type-Options": "nosniff",
        "x-envoy-upstream-service-time": "63",
        "x-ms-region": "Sweden Central"
      },
      "ResponseBody": {
        "has_more": true,
        "data": [
          {
            "hyperparameters": {
              "n_epochs": 9,
              "batch_size": 1,
              "learning_rate_multiplier": 1
            },
            "seed": 2025744264,
            "status": "succeeded",
            "model": "gpt-4o-mini-2024-07-18",
            "fine_tuned_model": "gpt-4o-mini-2024-07-18.ft-655dce8e7e2a46f38be2d03b0676ac83",
            "training_file": "file-0b215db844144874ae79b53ec1903f56",
            "result_files": [
              "file-9b0e3cd820784c6eb947e433671a5964"
            ],
            "finished_at": 1737077289,
            "trained_tokens": 14022,
            "estimated_finish": 1737079052,
            "id": "ftjob-655dce8e7e2a46f38be2d03b0676ac83",
            "created_at": 1737072776,
            "object": "fine_tuning.job"
          },
          {
            "hyperparameters": {
              "n_epochs": 9,
              "batch_size": 1,
              "learning_rate_multiplier": 1
            },
            "seed": 9805535,
            "status": "succeeded",
            "model": "gpt-4o-mini-2024-07-18",
            "fine_tuned_model": "gpt-4o-mini-2024-07-18.ft-86f217c5ccaa4773bf9b41d1eba4e7ce",
            "training_file": "file-dba36546513f46e1856cd25b2f21bbcc",
            "result_files": [
              "file-0e9df2223ffd4828bcee7112e4bf4b8e"
            ],
            "finished_at": 1737076877,
            "trained_tokens": 14022,
            "estimated_finish": 1737078152,
            "id": "ftjob-86f217c5ccaa4773bf9b41d1eba4e7ce",
            "created_at": 1737072761,
            "object": "fine_tuning.job"
          },
          {
            "hyperparameters": {
              "n_epochs": 9,
              "batch_size": 1,
              "learning_rate_multiplier": 1
            },
            "seed": 1352280471,
            "status": "succeeded",
            "model": "gpt-4o-mini-2024-07-18",
            "fine_tuned_model": "gpt-4o-mini-2024-07-18.ft-184d8c88127a4cd89d99b7e9051d018a",
            "training_file": "file-07c828e1a2ce49b4b244bdf0762d8795",
            "result_files": [
              "file-b9cd42605e8d42d9a96a10098f11cfe8"
            ],
            "finished_at": 1737075935,
            "trained_tokens": 14022,
            "estimated_finish": 1737077252,
            "id": "ftjob-184d8c88127a4cd89d99b7e9051d018a",
            "created_at": 1737072737,
            "object": "fine_tuning.job"
          },
          {
            "hyperparameters": {
              "n_epochs": 9,
              "batch_size": 1,
              "learning_rate_multiplier": 1
            },
            "seed": 237921699,
            "status": "succeeded",
            "model": "gpt-4o-mini-2024-07-18",
            "fine_tuned_model": "gpt-4o-mini-2024-07-18.ft-98ac02384c8b4adf9eeec6ab65c9ebca",
            "training_file": "file-5ba9e6b37b314643a0cdb7fa37b59127",
            "result_files": [
              "file-b5ee5016c6424e9c9439905e9a814842"
            ],
            "finished_at": 1737075815,
            "trained_tokens": 14022,
            "estimated_finish": 1737076352,
            "id": "ftjob-98ac02384c8b4adf9eeec6ab65c9ebca",
            "created_at": 1737072720,
            "object": "fine_tuning.job"
          },
          {
            "hyperparameters": {
              "n_epochs": 9,
              "batch_size": 1,
              "learning_rate_multiplier": 1
            },
            "seed": 1203166971,
            "status": "succeeded",
            "model": "gpt-4o-mini-2024-07-18",
            "fine_tuned_model": "gpt-4o-mini-2024-07-18.ft-f7783a49b35c44acb97a157cbb292647",
            "training_file": "file-79a21ed9a2744308a167ac3b6e2fdac0",
            "result_files": [
              "file-d19a53442a094607827678dcba772d81"
            ],
            "finished_at": 1737075283,
            "trained_tokens": 14022,
            "estimated_finish": 1737075452,
            "id": "ftjob-f7783a49b35c44acb97a157cbb292647",
            "created_at": 1737072663,
            "object": "fine_tuning.job"
          },
          {
            "hyperparameters": {
              "n_epochs": 9,
              "batch_size": 1,
              "learning_rate_multiplier": 1
            },
            "seed": 866398229,
            "status": "succeeded",
            "model": "gpt-4o-mini-2024-07-18",
            "fine_tuned_model": "gpt-4o-mini-2024-07-18.ft-02df05ad53f14dcb94c8c5299e69adaf",
            "training_file": "file-951d80d7864c4414a5bac2964de45f7c",
            "result_files": [
              "file-1997923277d54c75a184e61cdb04b70e"
            ],
            "finished_at": 1737074282,
            "trained_tokens": 14022,
            "estimated_finish": 1737074552,
            "id": "ftjob-02df05ad53f14dcb94c8c5299e69adaf",
            "created_at": 1737072654,
            "object": "fine_tuning.job"
          },
          {
            "hyperparameters": {
              "n_epochs": 9,
              "batch_size": 1,
              "learning_rate_multiplier": 1
            },
            "seed": 1743401544,
            "status": "succeeded",
            "model": "gpt-4o-mini-2024-07-18",
            "fine_tuned_model": "gpt-4o-mini-2024-07-18.ft-708c7aeb60884041bc594a8e8ffb4ee5",
            "training_file": "file-48bc6625097c4378ab4d40cfdb4b099b",
            "result_files": [
              "file-4c7af14c5eee40408e02824ecbb2d338"
            ],
            "finished_at": 1737074162,
            "trained_tokens": 14022,
            "estimated_finish": 1737073652,
            "id": "ftjob-708c7aeb60884041bc594a8e8ffb4ee5",
            "created_at": 1737072644,
            "object": "fine_tuning.job"
          },
          {
            "hyperparameters": {
              "n_epochs": 9,
              "batch_size": 1,
              "learning_rate_multiplier": 1
            },
            "seed": 1561226488,
            "status": "succeeded",
            "model": "gpt-4o-mini-2024-07-18",
            "fine_tuned_model": "gpt-4o-mini-2024-07-18.ft-0d875a18f73e4dbcba8deeb0a272a800",
            "training_file": "file-1b2781844218424bbe79612cbe309aa4",
            "result_files": [
              "file-22a8a4c04fe240dc9417e95c18818594"
            ],
            "finished_at": 1737073631,
            "trained_tokens": 14022,
            "estimated_finish": 1737072752,
            "id": "ftjob-0d875a18f73e4dbcba8deeb0a272a800",
            "created_at": 1737071836,
            "object": "fine_tuning.job"
          },
          {
            "hyperparameters": {
              "n_epochs": 9,
              "batch_size": 1,
              "learning_rate_multiplier": 1
            },
            "seed": 34812558,
            "status": "succeeded",
            "model": "gpt-4o-mini-2024-07-18",
            "fine_tuned_model": "gpt-4o-mini-2024-07-18.ft-dbcdccf1f8d34d289298c8a7423add6d",
            "training_file": "file-48421035a9624697ab9664f1b0ad2040",
            "result_files": [
              "file-be8f363c304e495ea501582b9e255f3b"
            ],
            "finished_at": 1737072806,
            "trained_tokens": 14022,
            "estimated_finish": 1737071852,
            "id": "ftjob-dbcdccf1f8d34d289298c8a7423add6d",
            "created_at": 1737070952,
            "object": "fine_tuning.job"
          },
          {
            "hyperparameters": {
              "n_epochs": 9,
              "batch_size": 1,
              "learning_rate_multiplier": 1
            },
            "seed": 817496507,
            "status": "succeeded",
            "model": "gpt-4o-mini-2024-07-18",
            "fine_tuned_model": "gpt-4o-mini-2024-07-18.ft-a39130e37dee45bf87782c5e307ce6b4",
            "training_file": "file-1950c1b92b5344a2b78c34cf44682195",
            "result_files": [
              "file-2debaa1f17f343e5b27994a1cebbe239"
            ],
            "finished_at": 1736988790,
            "trained_tokens": 14022,
            "estimated_finish": 1736986761,
            "id": "ftjob-a39130e37dee45bf87782c5e307ce6b4",
            "created_at": 1736985291,
            "object": "fine_tuning.job"
          },
          {
            "hyperparameters": {
              "n_epochs": 9,
              "batch_size": 1,
              "learning_rate_multiplier": 1
            },
            "seed": 1516855087,
            "status": "succeeded",
            "model": "gpt-4o-mini-2024-07-18",
            "fine_tuned_model": "gpt-4o-mini-2024-07-18.ft-cda756760fae4cc189b0b25857b43987",
            "training_file": "file-603173c98a044728b565ac3138c073ec",
            "result_files": [
              "file-66cc990d681d45d9a8d59efd27637430"
            ],
            "finished_at": 1736986905,
            "trained_tokens": 14022,
            "estimated_finish": 1736985861,
            "id": "ftjob-cda756760fae4cc189b0b25857b43987",
            "created_at": 1736984961,
            "object": "fine_tuning.job"
          },
          {
            "hyperparameters": {
              "n_epochs": -1,
              "batch_size": -1,
              "learning_rate_multiplier": 1
            },
            "seed": 276416300,
            "status": "failed",
            "model": "gpt-35-turbo-0613",
            "training_file": "file-db5f5bfe5ea04ffcaeba89947a872828",
            "finished_at": 1731463986,
            "estimated_finish": 1728937732,
            "id": "ftjob-2ee07da13eb44984b01c4b0ae7638cdf",
            "created_at": 1728936052,
            "object": "fine_tuning.job"
          },
          {
            "hyperparameters": {
              "n_epochs": -1,
              "batch_size": -1,
              "learning_rate_multiplier": 1
            },
            "seed": 285558885,
            "status": "cancelled",
            "model": "gpt-35-turbo-0613",
            "training_file": "file-db5f5bfe5ea04ffcaeba89947a872828",
            "finished_at": 1731463985,
            "estimated_finish": 1727969013,
            "id": "ftjob-793cfeb9cea94191813f885921b8a3b0",
            "created_at": 1727967333,
            "object": "fine_tuning.job"
          },
          {
            "hyperparameters": {
              "n_epochs": -1,
              "batch_size": -1,
              "learning_rate_multiplier": 1
            },
            "seed": 316709102,
            "status": "cancelled",
            "model": "gpt-35-turbo-0613",
            "training_file": "file-db5f5bfe5ea04ffcaeba89947a872828",
            "finished_at": 1731463985,
            "estimated_finish": 1727912069,
            "id": "ftjob-18f003e3ae21433890a16c53b00b6c41",
            "created_at": 1727910389,
            "object": "fine_tuning.job"
          },
          {
            "hyperparameters": {
              "n_epochs": 9,
              "batch_size": 1,
              "learning_rate_multiplier": 1
            },
            "seed": 1581150424,
            "status": "succeeded",
            "model": "gpt-35-turbo-0613",
            "fine_tuned_model": "gpt-35-turbo-0613.ft-5ad97dff8fd246eeb0934f4fb37e8a76",
            "training_file": "file-db5f5bfe5ea04ffcaeba89947a872828",
            "result_files": [
              "file-0249c95d4fd74fbdaa18ee29742b6e63"
            ],
            "finished_at": 1731463985,
            "trained_tokens": 14022,
            "estimated_finish": 1727908336,
            "id": "ftjob-5ad97dff8fd246eeb0934f4fb37e8a76",
            "created_at": 1727906656,
            "object": "fine_tuning.job"
          },
          {
            "hyperparameters": {
              "n_epochs": -1,
              "batch_size": -1,
              "learning_rate_multiplier": 1
            },
            "seed": 1487554156,
            "status": "cancelled",
            "model": "gpt-35-turbo-0613",
            "training_file": "file-db5f5bfe5ea04ffcaeba89947a872828",
            "finished_at": 1731463985,
            "estimated_finish": 1727908251,
            "id": "ftjob-66c03c56f7154793a3dd423ef09367de",
            "created_at": 1727906571,
            "object": "fine_tuning.job"
          },
          {
            "hyperparameters": {
              "n_epochs": -1,
              "batch_size": -1,
              "learning_rate_multiplier": 1
            },
            "seed": 1874131650,
            "status": "cancelled",
            "model": "gpt-35-turbo-0613",
            "training_file": "file-db5f5bfe5ea04ffcaeba89947a872828",
            "finished_at": 1731463985,
            "estimated_finish": 1727908153,
            "id": "ftjob-74f467d5c15640c2958092808c104c54",
            "created_at": 1727906473,
            "object": "fine_tuning.job"
          },
          {
            "hyperparameters": {
              "n_epochs": -1,
              "batch_size": -1,
              "learning_rate_multiplier": 1
            },
            "seed": 1742137576,
            "status": "cancelled",
            "model": "gpt-35-turbo-0613",
            "training_file": "file-db5f5bfe5ea04ffcaeba89947a872828",
            "finished_at": 1731463985,
            "estimated_finish": 1727908124,
            "id": "ftjob-18345f8d4cf941c494675e1682e5b1a5",
            "created_at": 1727906444,
            "object": "fine_tuning.job"
          },
          {
            "hyperparameters": {
              "n_epochs": 9,
              "batch_size": 1,
              "learning_rate_multiplier": 1
            },
            "seed": 1536086813,
            "status": "succeeded",
            "model": "gpt-35-turbo-0613",
            "fine_tuned_model": "gpt-35-turbo-0613.ft-fe0a9c2af5ff4002a57f85c527e492e0",
            "training_file": "file-db5f5bfe5ea04ffcaeba89947a872828",
            "result_files": [
              "file-c27077c7b7d54dd481924b8dda032298"
            ],
            "finished_at": 1731463985,
            "trained_tokens": 14022,
            "estimated_finish": 1727392206,
            "id": "ftjob-fe0a9c2af5ff4002a57f85c527e492e0",
            "created_at": 1727390526,
            "object": "fine_tuning.job"
          },
          {
            "hyperparameters": {
              "n_epochs": 9,
              "batch_size": 1,
              "learning_rate_multiplier": 1
            },
            "seed": 1266522893,
            "status": "succeeded",
            "model": "gpt-35-turbo-0613",
            "fine_tuned_model": "gpt-35-turbo-0613.ft-1527ae852316468ca590d04c489608d0",
            "training_file": "file-d245bbb4996a4e1490720bcd5fbcc738",
            "result_files": [
              "file-57aa8bc8caf64bde8714fccae8e1d91d"
            ],
            "finished_at": 1731463983,
            "trained_tokens": 14022,
            "estimated_finish": 1726457606,
            "id": "ftjob-1527ae852316468ca590d04c489608d0",
            "created_at": 1726455926,
            "object": "fine_tuning.job"
          }
        ],
        "object": "list"
      }
    },
    {
      "RequestUri": "https://Sanitized.openai.azure.com/openai/fine_tuning/jobs?api-version=2024-10-01-preview&after=ftjob-1527ae852316468ca590d04c489608d0",
      "RequestMethod": "GET",
      "RequestHeaders": {
        "Accept": "application/json",
        "api-key": "Sanitized",
        "User-Agent": "azsdk-net-AI.OpenAI/2.2.0-beta.1 (.NET 8.0.12; Microsoft Windows 10.0.22631)",
        "x-ms-client-request-id": "Sanitized"
      },
      "RequestBody": null,
      "StatusCode": 200,
      "ResponseHeaders": {
        "api-supported-versions": "2022-12-01,2023-03-15-preview,2023-05-15,2023-06-01-preview,2023-07-01-preview,2023-08-01-preview,2023-09-01-preview,2023-10-01-preview,2023-12-01-preview,2024-02-01,2024-02-15-preview,2024-03-01-preview,2024-04-01-preview,2024-04-15-preview,2024-05-01-preview,2024-06-01,2024-07-01-preview,2024-08-01-preview,2024-09-01-preview,2024-10-01-preview,2024-10-21,2024-11-01-preview",
        "apim-request-id": "8e09cca6-be9f-4407-b606-116ad26c5458",
        "Content-Type": "application/json; charset=utf-8",
        "Date": "Sat, 25 Jan 2025 00:45:23 GMT",
        "Strict-Transport-Security": "max-age=31536000; includeSubDomains; preload",
        "Transfer-Encoding": "chunked",
        "X-Content-Type-Options": "nosniff",
        "x-envoy-upstream-service-time": "39",
        "x-ms-region": "Sweden Central"
      },
      "ResponseBody": {
        "has_more": true,
        "data": [
          {
            "hyperparameters": {
              "n_epochs": 9,
              "batch_size": 1,
              "learning_rate_multiplier": 1
            },
            "seed": 129560227,
            "status": "succeeded",
            "model": "gpt-35-turbo-0613",
            "fine_tuned_model": "gpt-35-turbo-0613.ft-c9dddd0df72f47349bad885273eb2edc",
            "training_file": "file-8f4e69d3b9ea4f4fa763e22c8f892e46",
            "result_files": [
              "file-d3b10730b4b342d2b9109145086cdb0a"
            ],
            "finished_at": 1731463983,
            "trained_tokens": 14022,
            "estimated_finish": 1726287162,
            "id": "ftjob-c9dddd0df72f47349bad885273eb2edc",
            "created_at": 1726266882,
            "object": "fine_tuning.job"
          },
          {
            "hyperparameters": {
              "n_epochs": 9,
              "batch_size": 1,
              "learning_rate_multiplier": 1
            },
            "seed": 1635715599,
            "status": "succeeded",
            "model": "gpt-35-turbo-0613",
            "fine_tuned_model": "gpt-35-turbo-0613.ft-bc58e4e7dbd84e98ac78c7c8e83e25cd",
            "training_file": "file-2f741d936247426d94a4f8b5a833ed40",
            "result_files": [
              "file-34954b18a4774164ad244855801f09ae"
            ],
            "finished_at": 1731463983,
            "trained_tokens": 14022,
            "estimated_finish": 1726285482,
            "id": "ftjob-bc58e4e7dbd84e98ac78c7c8e83e25cd",
            "created_at": 1726266842,
            "object": "fine_tuning.job"
          },
          {
            "hyperparameters": {
              "n_epochs": 9,
              "batch_size": 1,
              "learning_rate_multiplier": 1
            },
            "seed": 2025135122,
            "status": "succeeded",
            "model": "gpt-35-turbo-0613",
            "fine_tuned_model": "gpt-35-turbo-0613.ft-3aa7afcf13f14d469e413c9205a7e6db",
            "training_file": "file-3a00b4df665f4b2385196f7fb949cd17",
            "result_files": [
              "file-5b7eaf8b78804c21a56abcd6f07588e1"
            ],
            "finished_at": 1731463984,
            "trained_tokens": 14022,
            "estimated_finish": 1726283802,
            "id": "ftjob-3aa7afcf13f14d469e413c9205a7e6db",
            "created_at": 1726266804,
            "object": "fine_tuning.job"
          },
          {
            "hyperparameters": {
              "n_epochs": 9,
              "batch_size": 1,
              "learning_rate_multiplier": 1
            },
            "seed": 1254481948,
            "status": "succeeded",
            "model": "gpt-35-turbo-0613",
            "fine_tuned_model": "gpt-35-turbo-0613.ft-73a2bee4699c4eaea92c51363f26ebbd",
            "training_file": "file-d1f73476670f491f8763b2ba90ca0956",
            "result_files": [
              "file-394614e6a7e2421f87321a79a99f40a5"
            ],
            "finished_at": 1731463984,
            "trained_tokens": 14022,
            "estimated_finish": 1726282122,
            "id": "ftjob-73a2bee4699c4eaea92c51363f26ebbd",
            "created_at": 1726266623,
            "object": "fine_tuning.job"
          },
          {
            "hyperparameters": {
              "n_epochs": 9,
              "batch_size": 1,
              "learning_rate_multiplier": 1
            },
            "seed": 1191408998,
            "status": "succeeded",
            "model": "gpt-35-turbo-0613",
            "fine_tuned_model": "gpt-35-turbo-0613.ft-a27dc4bf71344058b624d2af16070819",
            "training_file": "file-f0bf8f856fc3429ea688313cab550923",
            "result_files": [
              "file-8997e1a4c7d44622b9bbdfde80bf92e6"
            ],
            "finished_at": 1731463985,
            "trained_tokens": 14022,
            "estimated_finish": 1726280442,
            "id": "ftjob-a27dc4bf71344058b624d2af16070819",
            "created_at": 1726266569,
            "object": "fine_tuning.job"
          },
          {
            "hyperparameters": {
              "n_epochs": 9,
              "batch_size": 1,
              "learning_rate_multiplier": 1
            },
            "seed": 1961852568,
            "status": "succeeded",
            "model": "gpt-35-turbo-0613",
            "fine_tuned_model": "gpt-35-turbo-0613.ft-595a420da0d040eaad21e399c4ba377a",
            "training_file": "file-c4b1b24945ad4996969e0548f77df213",
            "result_files": [
              "file-b2144dde811d4ddea3d27c99dbaa29ab"
            ],
            "finished_at": 1731463985,
            "trained_tokens": 14022,
            "estimated_finish": 1726278762,
            "id": "ftjob-595a420da0d040eaad21e399c4ba377a",
            "created_at": 1726266544,
            "object": "fine_tuning.job"
          },
          {
            "hyperparameters": {
              "n_epochs": 9,
              "batch_size": 1,
              "learning_rate_multiplier": 1
            },
            "seed": 694533700,
            "status": "succeeded",
            "model": "gpt-35-turbo-0613",
            "fine_tuned_model": "gpt-35-turbo-0613.ft-8cb50ecad5da47eebf6876c7b2d7947d",
            "training_file": "file-d8ec5057e4f8449aa729f996f7f6f313",
            "result_files": [
              "file-7e5130887d324025aff293b37401a66e"
            ],
            "finished_at": 1731463984,
            "trained_tokens": 14022,
            "estimated_finish": 1726277082,
            "id": "ftjob-8cb50ecad5da47eebf6876c7b2d7947d",
            "created_at": 1726266517,
            "object": "fine_tuning.job"
          },
          {
            "hyperparameters": {
              "n_epochs": 9,
              "batch_size": 1,
              "learning_rate_multiplier": 1
            },
            "seed": 220341776,
            "status": "succeeded",
            "model": "gpt-35-turbo-0613",
            "fine_tuned_model": "gpt-35-turbo-0613.ft-75f89acae2cb4dfcb2ef722a5443b615",
            "training_file": "file-db5f5bfe5ea04ffcaeba89947a872828",
            "result_files": [
              "file-a380a3b48a974901b14410e75604a073"
            ],
            "finished_at": 1731463985,
            "trained_tokens": 14022,
            "estimated_finish": 1726275402,
            "id": "ftjob-75f89acae2cb4dfcb2ef722a5443b615",
            "created_at": 1726266360,
            "object": "fine_tuning.job"
          },
          {
            "hyperparameters": {
              "n_epochs": 9,
              "batch_size": 1,
              "learning_rate_multiplier": 1
            },
            "seed": 533055874,
            "status": "succeeded",
            "model": "gpt-35-turbo-0613",
            "fine_tuned_model": "gpt-35-turbo-0613.ft-d0d4d8c0f4d5409f85552832afa84ae2",
            "training_file": "file-7e62895231484b65878a2f37c038a880",
            "result_files": [
              "file-fc20619c13d14287bb446ac9d0ddf9ba"
            ],
            "finished_at": 1731463987,
            "trained_tokens": 14022,
            "estimated_finish": 1726273722,
            "id": "ftjob-d0d4d8c0f4d5409f85552832afa84ae2",
            "created_at": 1726264374,
            "object": "fine_tuning.job"
          },
          {
            "hyperparameters": {
              "n_epochs": 9,
              "batch_size": 1,
              "learning_rate_multiplier": 1
            },
            "seed": 732547955,
            "status": "succeeded",
            "model": "gpt-35-turbo-0613",
            "fine_tuned_model": "gpt-35-turbo-0613.ft-55ffffa87bd24e39b1ab00f919c3b62b",
            "training_file": "file-b3abe5f61579473291d01dc3ea12aebb",
            "result_files": [
              "file-14ad9b4fc9d14b829b8538572b3a9b6a"
            ],
            "finished_at": 1731463986,
            "trained_tokens": 14022,
            "estimated_finish": 1726272042,
            "id": "ftjob-55ffffa87bd24e39b1ab00f919c3b62b",
            "created_at": 1726264213,
            "object": "fine_tuning.job"
          },
          {
            "hyperparameters": {
              "n_epochs": 9,
              "batch_size": 1,
              "learning_rate_multiplier": 1
            },
            "seed": 666990929,
            "status": "succeeded",
            "model": "gpt-35-turbo-0613",
            "fine_tuned_model": "gpt-35-turbo-0613.ft-3a4413e6228e4851b03f13e555fd2705",
            "training_file": "file-0880c6cc2a5340dfa1954b9abffcdac6",
            "result_files": [
              "file-32aeb94e756742ec97a1a533b217eeba"
            ],
            "finished_at": 1731463986,
            "trained_tokens": 14022,
            "estimated_finish": 1726270362,
            "id": "ftjob-3a4413e6228e4851b03f13e555fd2705",
            "created_at": 1726264042,
            "object": "fine_tuning.job"
          },
          {
            "hyperparameters": {
              "n_epochs": 9,
              "batch_size": 1,
              "learning_rate_multiplier": 1
            },
            "seed": 1905546695,
            "status": "succeeded",
            "model": "gpt-35-turbo-0613",
            "fine_tuned_model": "gpt-35-turbo-0613.ft-2cdf8aaec28a4492bb6a7c6de1c85eb0",
            "training_file": "file-6562e42842f64ef3b6ce3d32e48fd860",
            "result_files": [
              "file-8f47ab5b0d4f4749903a1f9e433f0eb0"
            ],
            "finished_at": 1731463987,
            "trained_tokens": 14022,
            "estimated_finish": 1726268682,
            "id": "ftjob-2cdf8aaec28a4492bb6a7c6de1c85eb0",
            "created_at": 1726263991,
            "object": "fine_tuning.job"
          },
          {
            "hyperparameters": {
              "n_epochs": 9,
              "batch_size": 1,
              "learning_rate_multiplier": 1
            },
            "seed": 1672144737,
            "status": "succeeded",
            "model": "gpt-35-turbo-0613",
            "fine_tuned_model": "gpt-35-turbo-0613.ft-e6e4810c9a1f4e93ad1d0aaab7ea5a7b",
            "training_file": "file-8cedc9e21f2741a1bb93f97d2a034a33",
            "result_files": [
              "file-9a95ba7b41b3455491d8e4a08a85d7df"
            ],
            "finished_at": 1731463986,
            "trained_tokens": 14022,
            "estimated_finish": 1726267002,
            "id": "ftjob-e6e4810c9a1f4e93ad1d0aaab7ea5a7b",
            "created_at": 1726263734,
            "object": "fine_tuning.job"
          },
          {
            "hyperparameters": {
              "n_epochs": 9,
              "batch_size": 1,
              "learning_rate_multiplier": 1
            },
            "seed": 1469475153,
            "status": "succeeded",
            "model": "gpt-35-turbo-0613",
            "fine_tuned_model": "gpt-35-turbo-0613.ft-5bb603155848412faaf96d03ba9e5eda",
            "training_file": "file-13d9d57f85b342dcb6e8ea7b05dfb4b6",
            "result_files": [
              "file-09b17b81d6514a0196472fba93e58ed0"
            ],
            "finished_at": 1731463987,
            "trained_tokens": 14022,
            "estimated_finish": 1726265322,
            "id": "ftjob-5bb603155848412faaf96d03ba9e5eda",
            "created_at": 1726263642,
            "object": "fine_tuning.job"
          },
          {
            "hyperparameters": {
              "n_epochs": 9,
              "batch_size": 1,
              "learning_rate_multiplier": 1
            },
            "seed": 570569063,
            "status": "succeeded",
            "model": "gpt-35-turbo-0613",
            "fine_tuned_model": "gpt-35-turbo-0613.ft-3b52bf51739b4afcb8c60092326e8c2b",
            "training_file": "file-1dd8c58b377f4d19bd0ba69b7e2a4d0f",
            "result_files": [
              "file-5d802b5c4bce4f8788fd9ad6f7126084"
            ],
            "finished_at": 1731463988,
            "trained_tokens": 14022,
            "estimated_finish": 1726262637,
            "id": "ftjob-3b52bf51739b4afcb8c60092326e8c2b",
            "created_at": 1726244844,
            "object": "fine_tuning.job"
          },
          {
            "hyperparameters": {
              "n_epochs": 9,
              "batch_size": 1,
              "learning_rate_multiplier": 1
            },
            "seed": 1664179348,
            "status": "succeeded",
            "model": "gpt-35-turbo-0613",
            "fine_tuned_model": "gpt-35-turbo-0613.ft-9e960fa3e30344048b9538836f1d880f",
            "training_file": "file-0b077778aedc45b9be5a44f9d269c83f",
            "result_files": [
              "file-b565331a877b4bc699c97f2a46f69405"
            ],
            "finished_at": 1731463989,
            "trained_tokens": 14022,
            "estimated_finish": 1726260957,
            "id": "ftjob-9e960fa3e30344048b9538836f1d880f",
            "created_at": 1726244830,
            "object": "fine_tuning.job"
          },
          {
            "hyperparameters": {
              "n_epochs": 9,
              "batch_size": 1,
              "learning_rate_multiplier": 1
            },
            "seed": 1682241930,
            "status": "succeeded",
            "model": "gpt-35-turbo-0613",
            "fine_tuned_model": "gpt-35-turbo-0613.ft-05982bca7e3c4cd581a3f72488bf65f9",
            "training_file": "file-1f719461389b494e9f59da40c6df1ae0",
            "result_files": [
              "file-96383191b16d4aeabebf7a65eab4a7f5"
            ],
            "finished_at": 1731463989,
            "trained_tokens": 14022,
            "estimated_finish": 1726259277,
            "id": "ftjob-05982bca7e3c4cd581a3f72488bf65f9",
            "created_at": 1726244792,
            "object": "fine_tuning.job"
          },
          {
            "hyperparameters": {
              "n_epochs": 9,
              "batch_size": 1,
              "learning_rate_multiplier": 1
            },
            "seed": 501445768,
            "status": "succeeded",
            "model": "gpt-35-turbo-0613",
            "fine_tuned_model": "gpt-35-turbo-0613.ft-db9f61aed4b846f19bd7045a7616bcd6",
            "training_file": "file-a5bb533d0b8f4ff2ac133065f1f6e6fd",
            "result_files": [
              "file-1e74519fa57045f59e817861ac917965"
            ],
            "finished_at": 1731463989,
            "trained_tokens": 14022,
            "estimated_finish": 1726257597,
            "id": "ftjob-db9f61aed4b846f19bd7045a7616bcd6",
            "created_at": 1726244751,
            "object": "fine_tuning.job"
          },
          {
            "hyperparameters": {
              "n_epochs": 9,
              "batch_size": 1,
              "learning_rate_multiplier": 1
            },
            "seed": 562242696,
            "status": "succeeded",
            "model": "gpt-35-turbo-0613",
            "fine_tuned_model": "gpt-35-turbo-0613.ft-1783da0042b3440c9d79d4a35c201337",
            "training_file": "file-171b30766bb048c0a98c5be95d46d9a1",
            "result_files": [
              "file-b01614ded4b4470aa6470c772996caf8"
            ],
            "finished_at": 1731463989,
            "trained_tokens": 14022,
            "estimated_finish": 1726255917,
            "id": "ftjob-1783da0042b3440c9d79d4a35c201337",
            "created_at": 1726244382,
            "object": "fine_tuning.job"
          },
          {
            "hyperparameters": {
              "n_epochs": 9,
              "batch_size": 1,
              "learning_rate_multiplier": 1
            },
            "seed": 768213180,
            "status": "succeeded",
            "model": "gpt-35-turbo-0613",
            "fine_tuned_model": "gpt-35-turbo-0613.ft-1e6efb75f07c46cabd1c525399856276",
            "training_file": "file-1bcd605853c94626bb53ba700a1b36ab",
            "result_files": [
              "file-0052aa36154f4348b4a28c2074a3653d"
            ],
            "finished_at": 1731463989,
            "trained_tokens": 14022,
            "estimated_finish": 1726254237,
            "id": "ftjob-1e6efb75f07c46cabd1c525399856276",
            "created_at": 1726244318,
            "object": "fine_tuning.job"
          }
        ],
        "object": "list"
      }
    },
    {
      "RequestUri": "https://Sanitized.openai.azure.com/openai/fine_tuning/jobs?api-version=2024-10-01-preview&after=ftjob-1e6efb75f07c46cabd1c525399856276",
      "RequestMethod": "GET",
      "RequestHeaders": {
        "Accept": "application/json",
        "api-key": "Sanitized",
        "User-Agent": "azsdk-net-AI.OpenAI/2.2.0-beta.1 (.NET 8.0.12; Microsoft Windows 10.0.22631)",
        "x-ms-client-request-id": "Sanitized"
      },
      "RequestBody": null,
      "StatusCode": 200,
      "ResponseHeaders": {
        "api-supported-versions": "2022-12-01,2023-03-15-preview,2023-05-15,2023-06-01-preview,2023-07-01-preview,2023-08-01-preview,2023-09-01-preview,2023-10-01-preview,2023-12-01-preview,2024-02-01,2024-02-15-preview,2024-03-01-preview,2024-04-01-preview,2024-04-15-preview,2024-05-01-preview,2024-06-01,2024-07-01-preview,2024-08-01-preview,2024-09-01-preview,2024-10-01-preview,2024-10-21,2024-11-01-preview",
        "apim-request-id": "43b164a8-7693-4486-b743-c5b31bbc7ed0",
        "Content-Type": "application/json; charset=utf-8",
        "Date": "Sat, 25 Jan 2025 00:45:23 GMT",
        "Strict-Transport-Security": "max-age=31536000; includeSubDomains; preload",
        "Transfer-Encoding": "chunked",
        "X-Content-Type-Options": "nosniff",
        "x-envoy-upstream-service-time": "39",
        "x-ms-region": "Sweden Central"
      },
      "ResponseBody": {
        "has_more": false,
        "data": [
          {
            "hyperparameters": {
              "n_epochs": 9,
              "batch_size": 1,
              "learning_rate_multiplier": 1
            },
            "seed": 1359360447,
            "status": "succeeded",
            "model": "gpt-35-turbo-0613",
            "fine_tuned_model": "gpt-35-turbo-0613.ft-f9fb245d128040d99b6765ed0b85b505",
            "training_file": "file-6a79e69a044c4671bfa2dae3b0288845",
            "result_files": [
              "file-61b54dbf5c6f462b89689bf852615c19"
            ],
            "finished_at": 1731463989,
            "trained_tokens": 14022,
            "estimated_finish": 1726252557,
            "id": "ftjob-f9fb245d128040d99b6765ed0b85b505",
            "created_at": 1726244281,
            "object": "fine_tuning.job"
          },
          {
            "hyperparameters": {
              "n_epochs": 9,
              "batch_size": 1,
              "learning_rate_multiplier": 1
            },
            "seed": 908391299,
            "status": "succeeded",
            "model": "gpt-35-turbo-0613",
            "fine_tuned_model": "gpt-35-turbo-0613.ft-a606e3d8001d4c24bf7354fc3717031c",
            "training_file": "file-375c49de50c24710a6e595895bdd09e6",
            "result_files": [
              "file-6d142a00a68648a8955fea06c5ef9107"
            ],
            "finished_at": 1731463989,
            "trained_tokens": 14022,
            "estimated_finish": 1726250877,
            "id": "ftjob-a606e3d8001d4c24bf7354fc3717031c",
            "created_at": 1726244236,
            "object": "fine_tuning.job"
          },
          {
            "hyperparameters": {
              "n_epochs": 9,
              "batch_size": 1,
              "learning_rate_multiplier": 1
            },
            "seed": 204268356,
            "status": "succeeded",
            "model": "gpt-35-turbo-0613",
            "fine_tuned_model": "gpt-35-turbo-0613.ft-5eb39bebe7c54b8da0be72e43b092ca7",
            "training_file": "file-12060acece7a4bd09945e477d4631638",
            "result_files": [
              "file-0a8191a85b5844cf9eda0fae28c69aad"
            ],
            "finished_at": 1731463989,
            "trained_tokens": 14022,
            "estimated_finish": 1726249197,
            "id": "ftjob-5eb39bebe7c54b8da0be72e43b092ca7",
            "created_at": 1726244228,
            "object": "fine_tuning.job"
          },
          {
            "hyperparameters": {
              "n_epochs": 9,
              "batch_size": 1,
              "learning_rate_multiplier": 1
            },
            "seed": 1404629082,
            "status": "succeeded",
            "model": "gpt-35-turbo-0613",
            "fine_tuned_model": "gpt-35-turbo-0613.ft-cc46ad83714f4c4aa03bf4648cee39fa",
            "training_file": "file-116b1d9c5418471fbae9e1aae47ca7b9",
            "result_files": [
              "file-1ea90807eb5341258b95f9914a83f819"
            ],
            "finished_at": 1731463990,
            "trained_tokens": 14022,
            "estimated_finish": 1726247517,
            "id": "ftjob-cc46ad83714f4c4aa03bf4648cee39fa",
            "created_at": 1726244172,
            "object": "fine_tuning.job"
          },
          {
            "hyperparameters": {
              "n_epochs": 9,
              "batch_size": 1,
              "learning_rate_multiplier": 1
            },
            "seed": 1097880931,
            "status": "succeeded",
            "model": "gpt-35-turbo-0613",
            "fine_tuned_model": "gpt-35-turbo-0613.ft-8938d4d459bf43ab898afe9004f2a9a5",
            "training_file": "file-a6c49417c3d6405eb1b4bddfd064c909",
            "result_files": [
              "file-7ca06b1c19614f0681fb12ff475f7e3a"
            ],
            "finished_at": 1731463990,
            "trained_tokens": 14022,
            "estimated_finish": 1726245837,
            "id": "ftjob-8938d4d459bf43ab898afe9004f2a9a5",
            "created_at": 1726244157,
            "object": "fine_tuning.job"
          },
          {
            "hyperparameters": {
              "n_epochs": 9,
              "batch_size": 1,
              "learning_rate_multiplier": 1
            },
            "seed": 1134821185,
            "status": "succeeded",
            "model": "gpt-35-turbo-0613",
            "fine_tuned_model": "gpt-35-turbo-0613.ft-8b44f05aa80b44679879a2df5bba9ce0",
            "training_file": "file-bb80194de3f74123921a077375a1cc43",
            "result_files": [
              "file-4c8b761b77f24ccd8ef8d22d7b8db78c"
            ],
            "finished_at": 1731464032,
            "trained_tokens": 12240,
            "estimated_finish": 1724734547,
            "id": "ftjob-8b44f05aa80b44679879a2df5bba9ce0",
            "created_at": 1724732866,
            "object": "fine_tuning.job"
          },
          {
            "hyperparameters": {
              "n_epochs": 9,
              "batch_size": 1,
              "learning_rate_multiplier": 1
            },
            "seed": 1090446816,
            "status": "succeeded",
            "model": "gpt-35-turbo-0613",
            "fine_tuned_model": "gpt-35-turbo-0613.ft-652c6cedf56f46378ad57b31f6cdbffd",
            "training_file": "file-bf64a82d62f645639d09d5cf2ee4122f",
            "result_files": [
              "file-d4c7a848ad5a4ad6945ed05bd77c4f7a"
            ],
            "finished_at": 1731464069,
            "trained_tokens": 12240,
            "estimated_finish": 1723257757,
            "id": "ftjob-652c6cedf56f46378ad57b31f6cdbffd",
            "created_at": 1723256077,
            "object": "fine_tuning.job"
          },
          {
            "hyperparameters": {
              "n_epochs": 9,
              "batch_size": 1,
              "learning_rate_multiplier": 1
            },
            "additionalParameters": {
              "completionOverride": "True"
            },
            "suffix": "azure-ai-openai-integration-test",
            "seed": 2101393942,
            "status": "succeeded",
            "model": "gpt-35-turbo-0613",
            "fine_tuned_model": "gpt-35-turbo-0613.ft-53f9c10199f84dfea3ec772341862ff5-azure-ai-openai-integration-test",
            "training_file": "file-3979f458b0a44dafa7fd14a6979a6537",
            "result_files": [
              "file-e16ad7e5bff64d9ca2f6b00413efc872"
            ],
            "finished_at": 1731464325,
            "trained_tokens": 12240,
            "estimated_finish": 1718035824,
            "id": "ftjob-53f9c10199f84dfea3ec772341862ff5",
            "created_at": 1718034144,
            "object": "fine_tuning.job"
          }
        ],
        "object": "list"
      }
    },
    {
      "RequestUri": "https://Sanitized.openai.azure.com/openai/fine_tuning/jobs?api-version=2024-10-01-preview",
      "RequestMethod": "GET",
      "RequestHeaders": {
        "Accept": "application/json",
        "api-key": "Sanitized",
        "User-Agent": "azsdk-net-AI.OpenAI/2.2.0-beta.1 (.NET 8.0.12; Microsoft Windows 10.0.22631)",
        "x-ms-client-request-id": "Sanitized"
      },
      "RequestBody": null,
      "StatusCode": 200,
      "ResponseHeaders": {
        "api-supported-versions": "2022-12-01,2023-03-15-preview,2023-05-15,2023-06-01-preview,2023-07-01-preview,2023-08-01-preview,2023-09-01-preview,2023-10-01-preview,2023-12-01-preview,2024-02-01,2024-02-15-preview,2024-03-01-preview,2024-04-01-preview,2024-04-15-preview,2024-05-01-preview,2024-06-01,2024-07-01-preview,2024-08-01-preview,2024-09-01-preview,2024-10-01-preview,2024-10-21,2024-11-01-preview",
        "apim-request-id": "765b8284-cb94-4817-9681-c5359d4f70f7",
        "Content-Type": "application/json; charset=utf-8",
        "Date": "Sat, 25 Jan 2025 00:45:23 GMT",
        "Strict-Transport-Security": "max-age=31536000; includeSubDomains; preload",
        "Transfer-Encoding": "chunked",
        "X-Content-Type-Options": "nosniff",
        "x-envoy-upstream-service-time": "42",
        "x-ms-region": "Sweden Central"
      },
      "ResponseBody": {
        "has_more": true,
        "data": [
          {
            "hyperparameters": {
              "n_epochs": 9,
              "batch_size": 1,
              "learning_rate_multiplier": 1
            },
            "seed": 1354125966,
            "status": "succeeded",
            "model": "gpt-4o-mini-2024-07-18",
            "fine_tuned_model": "gpt-4o-mini-2024-07-18.ft-3804b2f12ca64f75a0e2ef2409ecbc30",
            "training_file": "file-94f40e481da6403398dacc775c5b0a83",
            "result_files": [
              "file-bdc7c08ded1a4fc98064128b3b653a4f"
            ],
            "finished_at": 1737651719,
            "trained_tokens": 14022,
            "estimated_finish": 1737650706,
            "id": "ftjob-3804b2f12ca64f75a0e2ef2409ecbc30",
            "created_at": 1737649805,
            "object": "fine_tuning.job"
          },
          {
            "hyperparameters": {
              "n_epochs": 9,
              "batch_size": 1,
              "learning_rate_multiplier": 1
            },
            "seed": 1998697039,
            "status": "succeeded",
            "model": "gpt-4o-mini-2024-07-18",
            "fine_tuned_model": "gpt-4o-mini-2024-07-18.ft-cfe2d7c19cbb4d70bec7a0eca7023bb5",
            "training_file": "file-fc7c4c8e577f4bb2aad4dfd7c8f56904",
            "result_files": [
              "file-6da8d991fd62414db65b7fb64b5f65aa"
            ],
            "finished_at": 1737576366,
            "trained_tokens": 14022,
            "estimated_finish": 1737575493,
            "id": "ftjob-cfe2d7c19cbb4d70bec7a0eca7023bb5",
            "created_at": 1737574592,
            "object": "fine_tuning.job"
          },
          {
            "hyperparameters": {
              "n_epochs": 9,
              "batch_size": 1,
              "learning_rate_multiplier": 1
            },
            "seed": 2044972026,
            "status": "succeeded",
            "model": "gpt-4o-mini-2024-07-18",
            "fine_tuned_model": "gpt-4o-mini-2024-07-18.ft-d72ee2dedc854e2d9090d2347e457f5f",
            "training_file": "file-0c105a50140946b498890b8846e29c52",
            "result_files": [
              "file-a9c2da6ef68944dd91ea923545c57189"
            ],
            "finished_at": 1737488908,
            "trained_tokens": 14022,
            "estimated_finish": 1737488001,
            "id": "ftjob-d72ee2dedc854e2d9090d2347e457f5f",
            "created_at": 1737487101,
            "object": "fine_tuning.job"
          },
          {
            "hyperparameters": {
              "n_epochs": -1,
              "batch_size": -1,
              "learning_rate_multiplier": 1
            },
            "seed": 1565576588,
            "status": "cancelled",
            "model": "gpt-4o-mini-2024-07-18",
            "training_file": "file-4df744763a6048daa8731ea0344a4d07",
            "finished_at": 1737486522,
            "estimated_finish": 1737487422,
            "id": "ftjob-148fdc573227478282b2d9dc4545319d",
            "created_at": 1737486521,
            "object": "fine_tuning.job"
          },
          {
            "hyperparameters": {
              "n_epochs": -1,
              "batch_size": -1,
              "learning_rate_multiplier": 1
            },
            "seed": 1784386000,
            "status": "cancelled",
            "model": "gpt-4o-mini-2024-07-18",
            "training_file": "file-b428b75619ca41cfb9e91e05de552a9f",
            "finished_at": 1737484044,
            "estimated_finish": 1737484940,
            "id": "ftjob-8d19f3f3e2304931b852bfd12b04d937",
            "created_at": 1737484040,
            "object": "fine_tuning.job"
          },
          {
            "hyperparameters": {
              "n_epochs": -1,
              "batch_size": -1,
              "learning_rate_multiplier": 1
            },
            "seed": 2059132373,
            "status": "cancelled",
            "model": "gpt-4o-mini-2024-07-18",
            "training_file": "file-92ea3c9c2ba041f39e63545cbdae0166",
            "finished_at": 1737479402,
            "estimated_finish": 1737482437,
            "id": "ftjob-ee14f870bff74546a574002786eb5833",
            "created_at": 1737479398,
            "object": "fine_tuning.job"
          },
          {
            "hyperparameters": {
              "n_epochs": -1,
              "batch_size": -1,
              "learning_rate_multiplier": 1
            },
            "seed": 1601357975,
            "status": "cancelled",
            "model": "gpt-4o-mini-2024-07-18",
            "training_file": "file-fb1d346cf7e74119bfdcdfae21c6a8a6",
            "finished_at": 1737479158,
            "estimated_finish": 1737482437,
            "id": "ftjob-ddb772495ac34033b63cdd52b4608303",
            "created_at": 1737479115,
            "object": "fine_tuning.job"
          },
          {
            "hyperparameters": {
              "n_epochs": 9,
              "batch_size": 1,
              "learning_rate_multiplier": 1
            },
            "seed": 1411743263,
            "status": "succeeded",
            "model": "gpt-4o-mini-2024-07-18",
            "fine_tuned_model": "gpt-4o-mini-2024-07-18.ft-dbf2d97316564f34b1bb35f1ebadab33",
            "training_file": "file-25ea38da76c54091a5e9af2bbcc9f513",
            "result_files": [
              "file-eb9ef9a1d7a14a5e8ca26a2b0420c4b2"
            ],
            "finished_at": 1737480868,
            "trained_tokens": 14022,
            "estimated_finish": 1737481537,
            "id": "ftjob-dbf2d97316564f34b1bb35f1ebadab33",
            "created_at": 1737479008,
            "object": "fine_tuning.job"
          },
          {
            "hyperparameters": {
              "n_epochs": 9,
              "batch_size": 1,
              "learning_rate_multiplier": 1
            },
            "seed": 1077050865,
            "status": "succeeded",
            "model": "gpt-4o-mini-2024-07-18",
            "fine_tuned_model": "gpt-4o-mini-2024-07-18.ft-9983b6ba06d54b31af79f0f1f7ad6914",
            "training_file": "file-a8c9b8ef78c744d48bbb33e6679f5015",
            "result_files": [
              "file-2ced34ec2c484d718d7d8f7de52f8762"
            ],
            "finished_at": 1737480807,
            "trained_tokens": 14022,
            "estimated_finish": 1737480637,
            "id": "ftjob-9983b6ba06d54b31af79f0f1f7ad6914",
            "created_at": 1737478925,
            "object": "fine_tuning.job"
          },
          {
            "hyperparameters": {
              "n_epochs": 9,
              "batch_size": 1,
              "learning_rate_multiplier": 1
            },
            "seed": 37781395,
            "status": "succeeded",
            "model": "gpt-4o-mini-2024-07-18",
            "fine_tuned_model": "gpt-4o-mini-2024-07-18.ft-4ecf56a18e60435a99a15eb566fa0117",
            "training_file": "file-2559974fe6ce4475ad8ee8df7e2d568e",
            "result_files": [
              "file-f3e130a078da4216bb6a8a6f4133085c"
            ],
            "finished_at": 1737480689,
            "trained_tokens": 14022,
            "estimated_finish": 1737479737,
            "id": "ftjob-4ecf56a18e60435a99a15eb566fa0117",
            "created_at": 1737478836,
            "object": "fine_tuning.job"
          },
          {
            "hyperparameters": {
              "n_epochs": 9,
              "batch_size": 1,
              "learning_rate_multiplier": 1
            },
            "seed": 1080011548,
            "status": "succeeded",
            "model": "gpt-4o-mini-2024-07-18",
            "fine_tuned_model": "gpt-4o-mini-2024-07-18.ft-84f4beb01dbd49bfbf2ddab8acedd8f3",
            "training_file": "file-059d79ef8ea94340b753208ce770b025",
            "result_files": [
              "file-06c3b7f4106647939ad26b43f6907df7"
            ],
            "finished_at": 1737479036,
            "trained_tokens": 14022,
            "estimated_finish": 1737478498,
            "id": "ftjob-84f4beb01dbd49bfbf2ddab8acedd8f3",
            "created_at": 1737477140,
            "object": "fine_tuning.job"
          },
          {
            "hyperparameters": {
              "n_epochs": 9,
              "batch_size": 1,
              "learning_rate_multiplier": 1
            },
            "seed": 1578449185,
            "status": "succeeded",
            "model": "gpt-4o-mini-2024-07-18",
            "fine_tuned_model": "gpt-4o-mini-2024-07-18.ft-7ca7aba112dd49619f4fbabaaeb7771e",
            "training_file": "file-760f2b819a1d40b58af5a6fed580d68e",
            "result_files": [
              "file-b19ea3fee1da44c8b8e10c3c4c3d20bd"
            ],
            "finished_at": 1737478506,
            "trained_tokens": 14022,
            "estimated_finish": 1737477598,
            "id": "ftjob-7ca7aba112dd49619f4fbabaaeb7771e",
            "created_at": 1737476698,
            "object": "fine_tuning.job"
          },
          {
            "hyperparameters": {
              "n_epochs": 9,
              "batch_size": 1,
              "learning_rate_multiplier": 1
            },
            "seed": 407840997,
            "status": "succeeded",
            "model": "gpt-4o-mini-2024-07-18",
            "fine_tuned_model": "gpt-4o-mini-2024-07-18.ft-4257b95520334b00afc615b987e3c9d4",
            "training_file": "file-72d7e3f1ec04427b99480dc07b47c40e",
            "result_files": [
              "file-bd787d73dc514d88a7b4adafb9ba0232"
            ],
            "finished_at": 1737477385,
            "trained_tokens": 14022,
            "estimated_finish": 1737476653,
            "id": "ftjob-4257b95520334b00afc615b987e3c9d4",
            "created_at": 1737475752,
            "object": "fine_tuning.job"
          },
          {
            "hyperparameters": {
              "n_epochs": 9,
              "batch_size": 1,
              "learning_rate_multiplier": 1
            },
            "seed": 1471398391,
            "status": "succeeded",
            "model": "gpt-4o-mini-2024-07-18",
            "fine_tuned_model": "gpt-4o-mini-2024-07-18.ft-fb2e74aacfb14e1a8603be92b2bf62f2",
            "training_file": "file-2720bfbd726d41e78c5d024401712fd4",
            "result_files": [
              "file-d90c1ea57c3b49efaecce5bbb86cf839"
            ],
            "finished_at": 1737155940,
            "trained_tokens": 14022,
            "estimated_finish": 1737155661,
            "id": "ftjob-fb2e74aacfb14e1a8603be92b2bf62f2",
            "created_at": 1737154214,
            "object": "fine_tuning.job"
          },
          {
            "hyperparameters": {
              "n_epochs": 9,
              "batch_size": 1,
              "learning_rate_multiplier": 1
            },
            "seed": 1776400124,
            "status": "succeeded",
            "model": "gpt-4o-mini-2024-07-18",
            "fine_tuned_model": "gpt-4o-mini-2024-07-18.ft-b0c66b42d8a2468e9d518e1b8596bbd9",
            "training_file": "file-5457a77903b5447a984d82047bc2d52e",
            "result_files": [
              "file-6de5222ba4484b548c834fb30d5b7f28"
            ],
            "finished_at": 1737155588,
            "trained_tokens": 14022,
            "estimated_finish": 1737154761,
            "id": "ftjob-b0c66b42d8a2468e9d518e1b8596bbd9",
            "created_at": 1737153723,
            "object": "fine_tuning.job"
          },
          {
            "hyperparameters": {
              "n_epochs": 9,
              "batch_size": 1,
              "learning_rate_multiplier": 1
            },
            "seed": 1312603349,
            "status": "succeeded",
            "model": "gpt-4o-mini-2024-07-18",
            "fine_tuned_model": "gpt-4o-mini-2024-07-18.ft-a7b7603b38984bfe9813bcf8a3d7580b",
            "training_file": "file-a7cfd392227c4a76a4606bdca0a7b20d",
            "result_files": [
              "file-f546c4a062534d34bc882243c7c688c5"
            ],
            "finished_at": 1737154758,
            "trained_tokens": 14022,
            "estimated_finish": 1737153861,
            "id": "ftjob-a7b7603b38984bfe9813bcf8a3d7580b",
            "created_at": 1737152960,
            "object": "fine_tuning.job"
          },
          {
            "hyperparameters": {
              "n_epochs": 9,
              "batch_size": 1,
              "learning_rate_multiplier": 1
            },
            "seed": 1577153506,
            "status": "succeeded",
            "model": "gpt-4o-mini-2024-07-18",
            "fine_tuned_model": "gpt-4o-mini-2024-07-18.ft-b35696757c0c48dd92e8fb54729ca741",
            "training_file": "file-de59d2d3f5ac4bc99877cf2d00118f33",
            "result_files": [
              "file-2fab50aaa9de46ba98dac291ab06a2b8"
            ],
            "finished_at": 1737153933,
            "trained_tokens": 14022,
            "estimated_finish": 1737152915,
            "id": "ftjob-b35696757c0c48dd92e8fb54729ca741",
            "created_at": 1737152014,
            "object": "fine_tuning.job"
          },
          {
            "hyperparameters": {
              "n_epochs": -1,
              "batch_size": -1,
              "learning_rate_multiplier": 1
            },
            "seed": 145175188,
            "status": "cancelled",
            "model": "gpt-4o-mini-2024-07-18",
            "training_file": "file-a9cc18164cf74ef89bbdcd754048cd52",
            "finished_at": 1737151900,
            "estimated_finish": 1737152452,
            "id": "ftjob-102adfc6be334da2b582668a428c03e4",
            "created_at": 1737151552,
            "object": "fine_tuning.job"
          },
          {
            "hyperparameters": {
              "n_epochs": -1,
              "batch_size": -1,
              "learning_rate_multiplier": 1
            },
            "seed": 915821208,
            "status": "cancelled",
            "model": "gpt-4o-mini-2024-07-18",
            "training_file": "file-0b59efbf2eb34b87aae65db317e687a8",
            "finished_at": 1737151419,
            "estimated_finish": 1737152171,
            "id": "ftjob-b67023e7b0264ca79b71e8fe9ce655ab",
            "created_at": 1737151270,
            "object": "fine_tuning.job"
          },
          {
            "hyperparameters": {
              "n_epochs": 9,
              "batch_size": 1,
              "learning_rate_multiplier": 1
            },
            "seed": 1293411898,
            "status": "succeeded",
            "model": "gpt-4o-mini-2024-07-18",
            "fine_tuned_model": "gpt-4o-mini-2024-07-18.ft-272d893b727b4e739b5e63d930bef936",
            "training_file": "file-12e5941ea1254d19ac46efe38728a8ee",
            "result_files": [
              "file-324923f71e1d4f339d75aab26d907dd8"
            ],
            "finished_at": 1737077586,
            "trained_tokens": 14022,
            "estimated_finish": 1737079952,
            "id": "ftjob-272d893b727b4e739b5e63d930bef936",
            "created_at": 1737072783,
            "object": "fine_tuning.job"
          }
        ],
        "object": "list"
      }
    },
    {
      "RequestUri": "https://Sanitized.openai.azure.com/openai/fine_tuning/jobs?api-version=2024-10-01-preview&after=ftjob-272d893b727b4e739b5e63d930bef936",
      "RequestMethod": "GET",
      "RequestHeaders": {
        "Accept": "application/json",
        "api-key": "Sanitized",
        "User-Agent": "azsdk-net-AI.OpenAI/2.2.0-beta.1 (.NET 8.0.12; Microsoft Windows 10.0.22631)",
        "x-ms-client-request-id": "Sanitized"
      },
      "RequestBody": null,
      "StatusCode": 200,
      "ResponseHeaders": {
        "api-supported-versions": "2022-12-01,2023-03-15-preview,2023-05-15,2023-06-01-preview,2023-07-01-preview,2023-08-01-preview,2023-09-01-preview,2023-10-01-preview,2023-12-01-preview,2024-02-01,2024-02-15-preview,2024-03-01-preview,2024-04-01-preview,2024-04-15-preview,2024-05-01-preview,2024-06-01,2024-07-01-preview,2024-08-01-preview,2024-09-01-preview,2024-10-01-preview,2024-10-21,2024-11-01-preview",
        "apim-request-id": "3f6ff388-1972-4e8b-9833-5ec8ca0db0cc",
        "Content-Type": "application/json; charset=utf-8",
        "Date": "Sat, 25 Jan 2025 00:45:24 GMT",
        "Strict-Transport-Security": "max-age=31536000; includeSubDomains; preload",
        "Transfer-Encoding": "chunked",
        "X-Content-Type-Options": "nosniff",
        "x-envoy-upstream-service-time": "40",
        "x-ms-region": "Sweden Central"
      },
      "ResponseBody": {
        "has_more": true,
        "data": [
          {
            "hyperparameters": {
              "n_epochs": 9,
              "batch_size": 1,
              "learning_rate_multiplier": 1
            },
            "seed": 2025744264,
            "status": "succeeded",
            "model": "gpt-4o-mini-2024-07-18",
            "fine_tuned_model": "gpt-4o-mini-2024-07-18.ft-655dce8e7e2a46f38be2d03b0676ac83",
            "training_file": "file-0b215db844144874ae79b53ec1903f56",
            "result_files": [
              "file-9b0e3cd820784c6eb947e433671a5964"
            ],
            "finished_at": 1737077289,
            "trained_tokens": 14022,
            "estimated_finish": 1737079052,
            "id": "ftjob-655dce8e7e2a46f38be2d03b0676ac83",
            "created_at": 1737072776,
            "object": "fine_tuning.job"
          },
          {
            "hyperparameters": {
              "n_epochs": 9,
              "batch_size": 1,
              "learning_rate_multiplier": 1
            },
            "seed": 9805535,
            "status": "succeeded",
            "model": "gpt-4o-mini-2024-07-18",
            "fine_tuned_model": "gpt-4o-mini-2024-07-18.ft-86f217c5ccaa4773bf9b41d1eba4e7ce",
            "training_file": "file-dba36546513f46e1856cd25b2f21bbcc",
            "result_files": [
              "file-0e9df2223ffd4828bcee7112e4bf4b8e"
            ],
            "finished_at": 1737076877,
            "trained_tokens": 14022,
            "estimated_finish": 1737078152,
            "id": "ftjob-86f217c5ccaa4773bf9b41d1eba4e7ce",
            "created_at": 1737072761,
            "object": "fine_tuning.job"
          },
          {
            "hyperparameters": {
              "n_epochs": 9,
              "batch_size": 1,
              "learning_rate_multiplier": 1
            },
            "seed": 1352280471,
            "status": "succeeded",
            "model": "gpt-4o-mini-2024-07-18",
            "fine_tuned_model": "gpt-4o-mini-2024-07-18.ft-184d8c88127a4cd89d99b7e9051d018a",
            "training_file": "file-07c828e1a2ce49b4b244bdf0762d8795",
            "result_files": [
              "file-b9cd42605e8d42d9a96a10098f11cfe8"
            ],
            "finished_at": 1737075935,
            "trained_tokens": 14022,
            "estimated_finish": 1737077252,
            "id": "ftjob-184d8c88127a4cd89d99b7e9051d018a",
            "created_at": 1737072737,
            "object": "fine_tuning.job"
          },
          {
            "hyperparameters": {
              "n_epochs": 9,
              "batch_size": 1,
              "learning_rate_multiplier": 1
            },
            "seed": 237921699,
            "status": "succeeded",
            "model": "gpt-4o-mini-2024-07-18",
            "fine_tuned_model": "gpt-4o-mini-2024-07-18.ft-98ac02384c8b4adf9eeec6ab65c9ebca",
            "training_file": "file-5ba9e6b37b314643a0cdb7fa37b59127",
            "result_files": [
              "file-b5ee5016c6424e9c9439905e9a814842"
            ],
            "finished_at": 1737075815,
            "trained_tokens": 14022,
            "estimated_finish": 1737076352,
            "id": "ftjob-98ac02384c8b4adf9eeec6ab65c9ebca",
            "created_at": 1737072720,
            "object": "fine_tuning.job"
          },
          {
            "hyperparameters": {
              "n_epochs": 9,
              "batch_size": 1,
              "learning_rate_multiplier": 1
            },
            "seed": 1203166971,
            "status": "succeeded",
            "model": "gpt-4o-mini-2024-07-18",
            "fine_tuned_model": "gpt-4o-mini-2024-07-18.ft-f7783a49b35c44acb97a157cbb292647",
            "training_file": "file-79a21ed9a2744308a167ac3b6e2fdac0",
            "result_files": [
              "file-d19a53442a094607827678dcba772d81"
            ],
            "finished_at": 1737075283,
            "trained_tokens": 14022,
            "estimated_finish": 1737075452,
            "id": "ftjob-f7783a49b35c44acb97a157cbb292647",
            "created_at": 1737072663,
            "object": "fine_tuning.job"
          },
          {
            "hyperparameters": {
              "n_epochs": 9,
              "batch_size": 1,
              "learning_rate_multiplier": 1
            },
            "seed": 866398229,
            "status": "succeeded",
            "model": "gpt-4o-mini-2024-07-18",
            "fine_tuned_model": "gpt-4o-mini-2024-07-18.ft-02df05ad53f14dcb94c8c5299e69adaf",
            "training_file": "file-951d80d7864c4414a5bac2964de45f7c",
            "result_files": [
              "file-1997923277d54c75a184e61cdb04b70e"
            ],
            "finished_at": 1737074282,
            "trained_tokens": 14022,
            "estimated_finish": 1737074552,
            "id": "ftjob-02df05ad53f14dcb94c8c5299e69adaf",
            "created_at": 1737072654,
            "object": "fine_tuning.job"
          },
          {
            "hyperparameters": {
              "n_epochs": 9,
              "batch_size": 1,
              "learning_rate_multiplier": 1
            },
            "seed": 1743401544,
            "status": "succeeded",
            "model": "gpt-4o-mini-2024-07-18",
            "fine_tuned_model": "gpt-4o-mini-2024-07-18.ft-708c7aeb60884041bc594a8e8ffb4ee5",
            "training_file": "file-48bc6625097c4378ab4d40cfdb4b099b",
            "result_files": [
              "file-4c7af14c5eee40408e02824ecbb2d338"
            ],
            "finished_at": 1737074162,
            "trained_tokens": 14022,
            "estimated_finish": 1737073652,
            "id": "ftjob-708c7aeb60884041bc594a8e8ffb4ee5",
            "created_at": 1737072644,
            "object": "fine_tuning.job"
          },
          {
            "hyperparameters": {
              "n_epochs": 9,
              "batch_size": 1,
              "learning_rate_multiplier": 1
            },
            "seed": 1561226488,
            "status": "succeeded",
            "model": "gpt-4o-mini-2024-07-18",
            "fine_tuned_model": "gpt-4o-mini-2024-07-18.ft-0d875a18f73e4dbcba8deeb0a272a800",
            "training_file": "file-1b2781844218424bbe79612cbe309aa4",
            "result_files": [
              "file-22a8a4c04fe240dc9417e95c18818594"
            ],
            "finished_at": 1737073631,
            "trained_tokens": 14022,
            "estimated_finish": 1737072752,
            "id": "ftjob-0d875a18f73e4dbcba8deeb0a272a800",
            "created_at": 1737071836,
            "object": "fine_tuning.job"
          },
          {
            "hyperparameters": {
              "n_epochs": 9,
              "batch_size": 1,
              "learning_rate_multiplier": 1
            },
            "seed": 34812558,
            "status": "succeeded",
            "model": "gpt-4o-mini-2024-07-18",
            "fine_tuned_model": "gpt-4o-mini-2024-07-18.ft-dbcdccf1f8d34d289298c8a7423add6d",
            "training_file": "file-48421035a9624697ab9664f1b0ad2040",
            "result_files": [
              "file-be8f363c304e495ea501582b9e255f3b"
            ],
            "finished_at": 1737072806,
            "trained_tokens": 14022,
            "estimated_finish": 1737071852,
            "id": "ftjob-dbcdccf1f8d34d289298c8a7423add6d",
            "created_at": 1737070952,
            "object": "fine_tuning.job"
          },
          {
            "hyperparameters": {
              "n_epochs": 9,
              "batch_size": 1,
              "learning_rate_multiplier": 1
            },
            "seed": 817496507,
            "status": "succeeded",
            "model": "gpt-4o-mini-2024-07-18",
            "fine_tuned_model": "gpt-4o-mini-2024-07-18.ft-a39130e37dee45bf87782c5e307ce6b4",
            "training_file": "file-1950c1b92b5344a2b78c34cf44682195",
            "result_files": [
              "file-2debaa1f17f343e5b27994a1cebbe239"
            ],
            "finished_at": 1736988790,
            "trained_tokens": 14022,
            "estimated_finish": 1736986761,
            "id": "ftjob-a39130e37dee45bf87782c5e307ce6b4",
            "created_at": 1736985291,
            "object": "fine_tuning.job"
          },
          {
            "hyperparameters": {
              "n_epochs": 9,
              "batch_size": 1,
              "learning_rate_multiplier": 1
            },
            "seed": 1516855087,
            "status": "succeeded",
            "model": "gpt-4o-mini-2024-07-18",
            "fine_tuned_model": "gpt-4o-mini-2024-07-18.ft-cda756760fae4cc189b0b25857b43987",
            "training_file": "file-603173c98a044728b565ac3138c073ec",
            "result_files": [
              "file-66cc990d681d45d9a8d59efd27637430"
            ],
            "finished_at": 1736986905,
            "trained_tokens": 14022,
            "estimated_finish": 1736985861,
            "id": "ftjob-cda756760fae4cc189b0b25857b43987",
            "created_at": 1736984961,
            "object": "fine_tuning.job"
          },
          {
            "hyperparameters": {
              "n_epochs": -1,
              "batch_size": -1,
              "learning_rate_multiplier": 1
            },
            "seed": 276416300,
            "status": "failed",
            "model": "gpt-35-turbo-0613",
            "training_file": "file-db5f5bfe5ea04ffcaeba89947a872828",
            "finished_at": 1731463986,
            "estimated_finish": 1728937732,
            "id": "ftjob-2ee07da13eb44984b01c4b0ae7638cdf",
            "created_at": 1728936052,
            "object": "fine_tuning.job"
          },
          {
            "hyperparameters": {
              "n_epochs": -1,
              "batch_size": -1,
              "learning_rate_multiplier": 1
            },
            "seed": 285558885,
            "status": "cancelled",
            "model": "gpt-35-turbo-0613",
            "training_file": "file-db5f5bfe5ea04ffcaeba89947a872828",
            "finished_at": 1731463985,
            "estimated_finish": 1727969013,
            "id": "ftjob-793cfeb9cea94191813f885921b8a3b0",
            "created_at": 1727967333,
            "object": "fine_tuning.job"
          },
          {
            "hyperparameters": {
              "n_epochs": -1,
              "batch_size": -1,
              "learning_rate_multiplier": 1
            },
            "seed": 316709102,
            "status": "cancelled",
            "model": "gpt-35-turbo-0613",
            "training_file": "file-db5f5bfe5ea04ffcaeba89947a872828",
            "finished_at": 1731463985,
            "estimated_finish": 1727912069,
            "id": "ftjob-18f003e3ae21433890a16c53b00b6c41",
            "created_at": 1727910389,
            "object": "fine_tuning.job"
          },
          {
            "hyperparameters": {
              "n_epochs": 9,
              "batch_size": 1,
              "learning_rate_multiplier": 1
            },
            "seed": 1581150424,
            "status": "succeeded",
            "model": "gpt-35-turbo-0613",
            "fine_tuned_model": "gpt-35-turbo-0613.ft-5ad97dff8fd246eeb0934f4fb37e8a76",
            "training_file": "file-db5f5bfe5ea04ffcaeba89947a872828",
            "result_files": [
              "file-0249c95d4fd74fbdaa18ee29742b6e63"
            ],
            "finished_at": 1731463985,
            "trained_tokens": 14022,
            "estimated_finish": 1727908336,
            "id": "ftjob-5ad97dff8fd246eeb0934f4fb37e8a76",
            "created_at": 1727906656,
            "object": "fine_tuning.job"
          },
          {
            "hyperparameters": {
              "n_epochs": -1,
              "batch_size": -1,
              "learning_rate_multiplier": 1
            },
            "seed": 1487554156,
            "status": "cancelled",
            "model": "gpt-35-turbo-0613",
            "training_file": "file-db5f5bfe5ea04ffcaeba89947a872828",
            "finished_at": 1731463985,
            "estimated_finish": 1727908251,
            "id": "ftjob-66c03c56f7154793a3dd423ef09367de",
            "created_at": 1727906571,
            "object": "fine_tuning.job"
          },
          {
            "hyperparameters": {
              "n_epochs": -1,
              "batch_size": -1,
              "learning_rate_multiplier": 1
            },
            "seed": 1874131650,
            "status": "cancelled",
            "model": "gpt-35-turbo-0613",
            "training_file": "file-db5f5bfe5ea04ffcaeba89947a872828",
            "finished_at": 1731463985,
            "estimated_finish": 1727908153,
            "id": "ftjob-74f467d5c15640c2958092808c104c54",
            "created_at": 1727906473,
            "object": "fine_tuning.job"
          },
          {
            "hyperparameters": {
              "n_epochs": -1,
              "batch_size": -1,
              "learning_rate_multiplier": 1
            },
            "seed": 1742137576,
            "status": "cancelled",
            "model": "gpt-35-turbo-0613",
            "training_file": "file-db5f5bfe5ea04ffcaeba89947a872828",
            "finished_at": 1731463985,
            "estimated_finish": 1727908124,
            "id": "ftjob-18345f8d4cf941c494675e1682e5b1a5",
            "created_at": 1727906444,
            "object": "fine_tuning.job"
          },
          {
            "hyperparameters": {
              "n_epochs": 9,
              "batch_size": 1,
              "learning_rate_multiplier": 1
            },
            "seed": 1536086813,
            "status": "succeeded",
            "model": "gpt-35-turbo-0613",
            "fine_tuned_model": "gpt-35-turbo-0613.ft-fe0a9c2af5ff4002a57f85c527e492e0",
            "training_file": "file-db5f5bfe5ea04ffcaeba89947a872828",
            "result_files": [
              "file-c27077c7b7d54dd481924b8dda032298"
            ],
            "finished_at": 1731463985,
            "trained_tokens": 14022,
            "estimated_finish": 1727392206,
            "id": "ftjob-fe0a9c2af5ff4002a57f85c527e492e0",
            "created_at": 1727390526,
            "object": "fine_tuning.job"
          },
          {
            "hyperparameters": {
              "n_epochs": 9,
              "batch_size": 1,
              "learning_rate_multiplier": 1
            },
            "seed": 1266522893,
            "status": "succeeded",
            "model": "gpt-35-turbo-0613",
            "fine_tuned_model": "gpt-35-turbo-0613.ft-1527ae852316468ca590d04c489608d0",
            "training_file": "file-d245bbb4996a4e1490720bcd5fbcc738",
            "result_files": [
              "file-57aa8bc8caf64bde8714fccae8e1d91d"
            ],
            "finished_at": 1731463983,
            "trained_tokens": 14022,
            "estimated_finish": 1726457606,
            "id": "ftjob-1527ae852316468ca590d04c489608d0",
            "created_at": 1726455926,
            "object": "fine_tuning.job"
          }
        ],
        "object": "list"
      }
    },
    {
      "RequestUri": "https://Sanitized.openai.azure.com/openai/fine_tuning/jobs?api-version=2024-10-01-preview&after=ftjob-1527ae852316468ca590d04c489608d0",
      "RequestMethod": "GET",
      "RequestHeaders": {
        "Accept": "application/json",
        "api-key": "Sanitized",
        "User-Agent": "azsdk-net-AI.OpenAI/2.2.0-beta.1 (.NET 8.0.12; Microsoft Windows 10.0.22631)",
        "x-ms-client-request-id": "Sanitized"
      },
      "RequestBody": null,
      "StatusCode": 200,
      "ResponseHeaders": {
        "api-supported-versions": "2022-12-01,2023-03-15-preview,2023-05-15,2023-06-01-preview,2023-07-01-preview,2023-08-01-preview,2023-09-01-preview,2023-10-01-preview,2023-12-01-preview,2024-02-01,2024-02-15-preview,2024-03-01-preview,2024-04-01-preview,2024-04-15-preview,2024-05-01-preview,2024-06-01,2024-07-01-preview,2024-08-01-preview,2024-09-01-preview,2024-10-01-preview,2024-10-21,2024-11-01-preview",
        "apim-request-id": "50c0fb3b-3cf8-454f-b054-3bfe7ff9fc0c",
        "Content-Type": "application/json; charset=utf-8",
        "Date": "Sat, 25 Jan 2025 00:45:24 GMT",
        "Strict-Transport-Security": "max-age=31536000; includeSubDomains; preload",
        "Transfer-Encoding": "chunked",
        "X-Content-Type-Options": "nosniff",
        "x-envoy-upstream-service-time": "38",
        "x-ms-region": "Sweden Central"
      },
      "ResponseBody": {
        "has_more": true,
        "data": [
          {
            "hyperparameters": {
              "n_epochs": 9,
              "batch_size": 1,
              "learning_rate_multiplier": 1
            },
            "seed": 129560227,
            "status": "succeeded",
            "model": "gpt-35-turbo-0613",
            "fine_tuned_model": "gpt-35-turbo-0613.ft-c9dddd0df72f47349bad885273eb2edc",
            "training_file": "file-8f4e69d3b9ea4f4fa763e22c8f892e46",
            "result_files": [
              "file-d3b10730b4b342d2b9109145086cdb0a"
            ],
            "finished_at": 1731463983,
            "trained_tokens": 14022,
            "estimated_finish": 1726287162,
            "id": "ftjob-c9dddd0df72f47349bad885273eb2edc",
            "created_at": 1726266882,
            "object": "fine_tuning.job"
          },
          {
            "hyperparameters": {
              "n_epochs": 9,
              "batch_size": 1,
              "learning_rate_multiplier": 1
            },
            "seed": 1635715599,
            "status": "succeeded",
            "model": "gpt-35-turbo-0613",
            "fine_tuned_model": "gpt-35-turbo-0613.ft-bc58e4e7dbd84e98ac78c7c8e83e25cd",
            "training_file": "file-2f741d936247426d94a4f8b5a833ed40",
            "result_files": [
              "file-34954b18a4774164ad244855801f09ae"
            ],
            "finished_at": 1731463983,
            "trained_tokens": 14022,
            "estimated_finish": 1726285482,
            "id": "ftjob-bc58e4e7dbd84e98ac78c7c8e83e25cd",
            "created_at": 1726266842,
            "object": "fine_tuning.job"
          },
          {
            "hyperparameters": {
              "n_epochs": 9,
              "batch_size": 1,
              "learning_rate_multiplier": 1
            },
            "seed": 2025135122,
            "status": "succeeded",
            "model": "gpt-35-turbo-0613",
            "fine_tuned_model": "gpt-35-turbo-0613.ft-3aa7afcf13f14d469e413c9205a7e6db",
            "training_file": "file-3a00b4df665f4b2385196f7fb949cd17",
            "result_files": [
              "file-5b7eaf8b78804c21a56abcd6f07588e1"
            ],
            "finished_at": 1731463984,
            "trained_tokens": 14022,
            "estimated_finish": 1726283802,
            "id": "ftjob-3aa7afcf13f14d469e413c9205a7e6db",
            "created_at": 1726266804,
            "object": "fine_tuning.job"
          },
          {
            "hyperparameters": {
              "n_epochs": 9,
              "batch_size": 1,
              "learning_rate_multiplier": 1
            },
            "seed": 1254481948,
            "status": "succeeded",
            "model": "gpt-35-turbo-0613",
            "fine_tuned_model": "gpt-35-turbo-0613.ft-73a2bee4699c4eaea92c51363f26ebbd",
            "training_file": "file-d1f73476670f491f8763b2ba90ca0956",
            "result_files": [
              "file-394614e6a7e2421f87321a79a99f40a5"
            ],
            "finished_at": 1731463984,
            "trained_tokens": 14022,
            "estimated_finish": 1726282122,
            "id": "ftjob-73a2bee4699c4eaea92c51363f26ebbd",
            "created_at": 1726266623,
            "object": "fine_tuning.job"
          },
          {
            "hyperparameters": {
              "n_epochs": 9,
              "batch_size": 1,
              "learning_rate_multiplier": 1
            },
            "seed": 1191408998,
            "status": "succeeded",
            "model": "gpt-35-turbo-0613",
            "fine_tuned_model": "gpt-35-turbo-0613.ft-a27dc4bf71344058b624d2af16070819",
            "training_file": "file-f0bf8f856fc3429ea688313cab550923",
            "result_files": [
              "file-8997e1a4c7d44622b9bbdfde80bf92e6"
            ],
            "finished_at": 1731463985,
            "trained_tokens": 14022,
            "estimated_finish": 1726280442,
            "id": "ftjob-a27dc4bf71344058b624d2af16070819",
            "created_at": 1726266569,
            "object": "fine_tuning.job"
          },
          {
            "hyperparameters": {
              "n_epochs": 9,
              "batch_size": 1,
              "learning_rate_multiplier": 1
            },
            "seed": 1961852568,
            "status": "succeeded",
            "model": "gpt-35-turbo-0613",
            "fine_tuned_model": "gpt-35-turbo-0613.ft-595a420da0d040eaad21e399c4ba377a",
            "training_file": "file-c4b1b24945ad4996969e0548f77df213",
            "result_files": [
              "file-b2144dde811d4ddea3d27c99dbaa29ab"
            ],
            "finished_at": 1731463985,
            "trained_tokens": 14022,
            "estimated_finish": 1726278762,
            "id": "ftjob-595a420da0d040eaad21e399c4ba377a",
            "created_at": 1726266544,
            "object": "fine_tuning.job"
          },
          {
            "hyperparameters": {
              "n_epochs": 9,
              "batch_size": 1,
              "learning_rate_multiplier": 1
            },
            "seed": 694533700,
            "status": "succeeded",
            "model": "gpt-35-turbo-0613",
            "fine_tuned_model": "gpt-35-turbo-0613.ft-8cb50ecad5da47eebf6876c7b2d7947d",
            "training_file": "file-d8ec5057e4f8449aa729f996f7f6f313",
            "result_files": [
              "file-7e5130887d324025aff293b37401a66e"
            ],
            "finished_at": 1731463984,
            "trained_tokens": 14022,
            "estimated_finish": 1726277082,
            "id": "ftjob-8cb50ecad5da47eebf6876c7b2d7947d",
            "created_at": 1726266517,
            "object": "fine_tuning.job"
          },
          {
            "hyperparameters": {
              "n_epochs": 9,
              "batch_size": 1,
              "learning_rate_multiplier": 1
            },
            "seed": 220341776,
            "status": "succeeded",
            "model": "gpt-35-turbo-0613",
            "fine_tuned_model": "gpt-35-turbo-0613.ft-75f89acae2cb4dfcb2ef722a5443b615",
            "training_file": "file-db5f5bfe5ea04ffcaeba89947a872828",
            "result_files": [
              "file-a380a3b48a974901b14410e75604a073"
            ],
            "finished_at": 1731463985,
            "trained_tokens": 14022,
            "estimated_finish": 1726275402,
            "id": "ftjob-75f89acae2cb4dfcb2ef722a5443b615",
            "created_at": 1726266360,
            "object": "fine_tuning.job"
          },
          {
            "hyperparameters": {
              "n_epochs": 9,
              "batch_size": 1,
              "learning_rate_multiplier": 1
            },
            "seed": 533055874,
            "status": "succeeded",
            "model": "gpt-35-turbo-0613",
            "fine_tuned_model": "gpt-35-turbo-0613.ft-d0d4d8c0f4d5409f85552832afa84ae2",
            "training_file": "file-7e62895231484b65878a2f37c038a880",
            "result_files": [
              "file-fc20619c13d14287bb446ac9d0ddf9ba"
            ],
            "finished_at": 1731463987,
            "trained_tokens": 14022,
            "estimated_finish": 1726273722,
            "id": "ftjob-d0d4d8c0f4d5409f85552832afa84ae2",
            "created_at": 1726264374,
            "object": "fine_tuning.job"
          },
          {
            "hyperparameters": {
              "n_epochs": 9,
              "batch_size": 1,
              "learning_rate_multiplier": 1
            },
            "seed": 732547955,
            "status": "succeeded",
            "model": "gpt-35-turbo-0613",
            "fine_tuned_model": "gpt-35-turbo-0613.ft-55ffffa87bd24e39b1ab00f919c3b62b",
            "training_file": "file-b3abe5f61579473291d01dc3ea12aebb",
            "result_files": [
              "file-14ad9b4fc9d14b829b8538572b3a9b6a"
            ],
            "finished_at": 1731463986,
            "trained_tokens": 14022,
            "estimated_finish": 1726272042,
            "id": "ftjob-55ffffa87bd24e39b1ab00f919c3b62b",
            "created_at": 1726264213,
            "object": "fine_tuning.job"
          },
          {
            "hyperparameters": {
              "n_epochs": 9,
              "batch_size": 1,
              "learning_rate_multiplier": 1
            },
            "seed": 666990929,
            "status": "succeeded",
            "model": "gpt-35-turbo-0613",
            "fine_tuned_model": "gpt-35-turbo-0613.ft-3a4413e6228e4851b03f13e555fd2705",
            "training_file": "file-0880c6cc2a5340dfa1954b9abffcdac6",
            "result_files": [
              "file-32aeb94e756742ec97a1a533b217eeba"
            ],
            "finished_at": 1731463986,
            "trained_tokens": 14022,
            "estimated_finish": 1726270362,
            "id": "ftjob-3a4413e6228e4851b03f13e555fd2705",
            "created_at": 1726264042,
            "object": "fine_tuning.job"
          },
          {
            "hyperparameters": {
              "n_epochs": 9,
              "batch_size": 1,
              "learning_rate_multiplier": 1
            },
            "seed": 1905546695,
            "status": "succeeded",
            "model": "gpt-35-turbo-0613",
            "fine_tuned_model": "gpt-35-turbo-0613.ft-2cdf8aaec28a4492bb6a7c6de1c85eb0",
            "training_file": "file-6562e42842f64ef3b6ce3d32e48fd860",
            "result_files": [
              "file-8f47ab5b0d4f4749903a1f9e433f0eb0"
            ],
            "finished_at": 1731463987,
            "trained_tokens": 14022,
            "estimated_finish": 1726268682,
            "id": "ftjob-2cdf8aaec28a4492bb6a7c6de1c85eb0",
            "created_at": 1726263991,
            "object": "fine_tuning.job"
          },
          {
            "hyperparameters": {
              "n_epochs": 9,
              "batch_size": 1,
              "learning_rate_multiplier": 1
            },
            "seed": 1672144737,
            "status": "succeeded",
            "model": "gpt-35-turbo-0613",
            "fine_tuned_model": "gpt-35-turbo-0613.ft-e6e4810c9a1f4e93ad1d0aaab7ea5a7b",
            "training_file": "file-8cedc9e21f2741a1bb93f97d2a034a33",
            "result_files": [
              "file-9a95ba7b41b3455491d8e4a08a85d7df"
            ],
            "finished_at": 1731463986,
            "trained_tokens": 14022,
            "estimated_finish": 1726267002,
            "id": "ftjob-e6e4810c9a1f4e93ad1d0aaab7ea5a7b",
            "created_at": 1726263734,
            "object": "fine_tuning.job"
          },
          {
            "hyperparameters": {
              "n_epochs": 9,
              "batch_size": 1,
              "learning_rate_multiplier": 1
            },
            "seed": 1469475153,
            "status": "succeeded",
            "model": "gpt-35-turbo-0613",
            "fine_tuned_model": "gpt-35-turbo-0613.ft-5bb603155848412faaf96d03ba9e5eda",
            "training_file": "file-13d9d57f85b342dcb6e8ea7b05dfb4b6",
            "result_files": [
              "file-09b17b81d6514a0196472fba93e58ed0"
            ],
            "finished_at": 1731463987,
            "trained_tokens": 14022,
            "estimated_finish": 1726265322,
            "id": "ftjob-5bb603155848412faaf96d03ba9e5eda",
            "created_at": 1726263642,
            "object": "fine_tuning.job"
          },
          {
            "hyperparameters": {
              "n_epochs": 9,
              "batch_size": 1,
              "learning_rate_multiplier": 1
            },
            "seed": 570569063,
            "status": "succeeded",
            "model": "gpt-35-turbo-0613",
            "fine_tuned_model": "gpt-35-turbo-0613.ft-3b52bf51739b4afcb8c60092326e8c2b",
            "training_file": "file-1dd8c58b377f4d19bd0ba69b7e2a4d0f",
            "result_files": [
              "file-5d802b5c4bce4f8788fd9ad6f7126084"
            ],
            "finished_at": 1731463988,
            "trained_tokens": 14022,
            "estimated_finish": 1726262637,
            "id": "ftjob-3b52bf51739b4afcb8c60092326e8c2b",
            "created_at": 1726244844,
            "object": "fine_tuning.job"
          },
          {
            "hyperparameters": {
              "n_epochs": 9,
              "batch_size": 1,
              "learning_rate_multiplier": 1
            },
            "seed": 1664179348,
            "status": "succeeded",
            "model": "gpt-35-turbo-0613",
            "fine_tuned_model": "gpt-35-turbo-0613.ft-9e960fa3e30344048b9538836f1d880f",
            "training_file": "file-0b077778aedc45b9be5a44f9d269c83f",
            "result_files": [
              "file-b565331a877b4bc699c97f2a46f69405"
            ],
            "finished_at": 1731463989,
            "trained_tokens": 14022,
            "estimated_finish": 1726260957,
            "id": "ftjob-9e960fa3e30344048b9538836f1d880f",
            "created_at": 1726244830,
            "object": "fine_tuning.job"
          },
          {
            "hyperparameters": {
              "n_epochs": 9,
              "batch_size": 1,
              "learning_rate_multiplier": 1
            },
            "seed": 1682241930,
            "status": "succeeded",
            "model": "gpt-35-turbo-0613",
            "fine_tuned_model": "gpt-35-turbo-0613.ft-05982bca7e3c4cd581a3f72488bf65f9",
            "training_file": "file-1f719461389b494e9f59da40c6df1ae0",
            "result_files": [
              "file-96383191b16d4aeabebf7a65eab4a7f5"
            ],
            "finished_at": 1731463989,
            "trained_tokens": 14022,
            "estimated_finish": 1726259277,
            "id": "ftjob-05982bca7e3c4cd581a3f72488bf65f9",
            "created_at": 1726244792,
            "object": "fine_tuning.job"
          },
          {
            "hyperparameters": {
              "n_epochs": 9,
              "batch_size": 1,
              "learning_rate_multiplier": 1
            },
            "seed": 501445768,
            "status": "succeeded",
            "model": "gpt-35-turbo-0613",
            "fine_tuned_model": "gpt-35-turbo-0613.ft-db9f61aed4b846f19bd7045a7616bcd6",
            "training_file": "file-a5bb533d0b8f4ff2ac133065f1f6e6fd",
            "result_files": [
              "file-1e74519fa57045f59e817861ac917965"
            ],
            "finished_at": 1731463989,
            "trained_tokens": 14022,
            "estimated_finish": 1726257597,
            "id": "ftjob-db9f61aed4b846f19bd7045a7616bcd6",
            "created_at": 1726244751,
            "object": "fine_tuning.job"
          },
          {
            "hyperparameters": {
              "n_epochs": 9,
              "batch_size": 1,
              "learning_rate_multiplier": 1
            },
            "seed": 562242696,
            "status": "succeeded",
            "model": "gpt-35-turbo-0613",
            "fine_tuned_model": "gpt-35-turbo-0613.ft-1783da0042b3440c9d79d4a35c201337",
            "training_file": "file-171b30766bb048c0a98c5be95d46d9a1",
            "result_files": [
              "file-b01614ded4b4470aa6470c772996caf8"
            ],
            "finished_at": 1731463989,
            "trained_tokens": 14022,
            "estimated_finish": 1726255917,
            "id": "ftjob-1783da0042b3440c9d79d4a35c201337",
            "created_at": 1726244382,
            "object": "fine_tuning.job"
          },
          {
            "hyperparameters": {
              "n_epochs": 9,
              "batch_size": 1,
              "learning_rate_multiplier": 1
            },
            "seed": 768213180,
            "status": "succeeded",
            "model": "gpt-35-turbo-0613",
            "fine_tuned_model": "gpt-35-turbo-0613.ft-1e6efb75f07c46cabd1c525399856276",
            "training_file": "file-1bcd605853c94626bb53ba700a1b36ab",
            "result_files": [
              "file-0052aa36154f4348b4a28c2074a3653d"
            ],
            "finished_at": 1731463989,
            "trained_tokens": 14022,
            "estimated_finish": 1726254237,
            "id": "ftjob-1e6efb75f07c46cabd1c525399856276",
            "created_at": 1726244318,
            "object": "fine_tuning.job"
          }
        ],
        "object": "list"
      }
    },
    {
      "RequestUri": "https://Sanitized.openai.azure.com/openai/fine_tuning/jobs?api-version=2024-10-01-preview&after=ftjob-1e6efb75f07c46cabd1c525399856276",
      "RequestMethod": "GET",
      "RequestHeaders": {
        "Accept": "application/json",
        "api-key": "Sanitized",
        "User-Agent": "azsdk-net-AI.OpenAI/2.2.0-beta.1 (.NET 8.0.12; Microsoft Windows 10.0.22631)",
        "x-ms-client-request-id": "Sanitized"
      },
      "RequestBody": null,
      "StatusCode": 200,
      "ResponseHeaders": {
        "api-supported-versions": "2022-12-01,2023-03-15-preview,2023-05-15,2023-06-01-preview,2023-07-01-preview,2023-08-01-preview,2023-09-01-preview,2023-10-01-preview,2023-12-01-preview,2024-02-01,2024-02-15-preview,2024-03-01-preview,2024-04-01-preview,2024-04-15-preview,2024-05-01-preview,2024-06-01,2024-07-01-preview,2024-08-01-preview,2024-09-01-preview,2024-10-01-preview,2024-10-21,2024-11-01-preview",
        "apim-request-id": "69043a23-f73a-483c-abc2-b78b0e0ec747",
        "Content-Type": "application/json; charset=utf-8",
        "Date": "Sat, 25 Jan 2025 00:45:25 GMT",
        "Strict-Transport-Security": "max-age=31536000; includeSubDomains; preload",
        "Transfer-Encoding": "chunked",
        "X-Content-Type-Options": "nosniff",
        "x-envoy-upstream-service-time": "58",
        "x-ms-region": "Sweden Central"
      },
      "ResponseBody": {
        "has_more": false,
        "data": [
          {
            "hyperparameters": {
              "n_epochs": 9,
              "batch_size": 1,
              "learning_rate_multiplier": 1
            },
            "seed": 1359360447,
            "status": "succeeded",
            "model": "gpt-35-turbo-0613",
            "fine_tuned_model": "gpt-35-turbo-0613.ft-f9fb245d128040d99b6765ed0b85b505",
            "training_file": "file-6a79e69a044c4671bfa2dae3b0288845",
            "result_files": [
              "file-61b54dbf5c6f462b89689bf852615c19"
            ],
            "finished_at": 1731463989,
            "trained_tokens": 14022,
            "estimated_finish": 1726252557,
            "id": "ftjob-f9fb245d128040d99b6765ed0b85b505",
            "created_at": 1726244281,
            "object": "fine_tuning.job"
          },
          {
            "hyperparameters": {
              "n_epochs": 9,
              "batch_size": 1,
              "learning_rate_multiplier": 1
            },
            "seed": 908391299,
            "status": "succeeded",
            "model": "gpt-35-turbo-0613",
            "fine_tuned_model": "gpt-35-turbo-0613.ft-a606e3d8001d4c24bf7354fc3717031c",
            "training_file": "file-375c49de50c24710a6e595895bdd09e6",
            "result_files": [
              "file-6d142a00a68648a8955fea06c5ef9107"
            ],
            "finished_at": 1731463989,
            "trained_tokens": 14022,
            "estimated_finish": 1726250877,
            "id": "ftjob-a606e3d8001d4c24bf7354fc3717031c",
            "created_at": 1726244236,
            "object": "fine_tuning.job"
          },
          {
            "hyperparameters": {
              "n_epochs": 9,
              "batch_size": 1,
              "learning_rate_multiplier": 1
            },
            "seed": 204268356,
            "status": "succeeded",
            "model": "gpt-35-turbo-0613",
            "fine_tuned_model": "gpt-35-turbo-0613.ft-5eb39bebe7c54b8da0be72e43b092ca7",
            "training_file": "file-12060acece7a4bd09945e477d4631638",
            "result_files": [
              "file-0a8191a85b5844cf9eda0fae28c69aad"
            ],
            "finished_at": 1731463989,
            "trained_tokens": 14022,
            "estimated_finish": 1726249197,
            "id": "ftjob-5eb39bebe7c54b8da0be72e43b092ca7",
            "created_at": 1726244228,
            "object": "fine_tuning.job"
          },
          {
            "hyperparameters": {
              "n_epochs": 9,
              "batch_size": 1,
              "learning_rate_multiplier": 1
            },
            "seed": 1404629082,
            "status": "succeeded",
            "model": "gpt-35-turbo-0613",
            "fine_tuned_model": "gpt-35-turbo-0613.ft-cc46ad83714f4c4aa03bf4648cee39fa",
            "training_file": "file-116b1d9c5418471fbae9e1aae47ca7b9",
            "result_files": [
              "file-1ea90807eb5341258b95f9914a83f819"
            ],
            "finished_at": 1731463990,
            "trained_tokens": 14022,
            "estimated_finish": 1726247517,
            "id": "ftjob-cc46ad83714f4c4aa03bf4648cee39fa",
            "created_at": 1726244172,
            "object": "fine_tuning.job"
          },
          {
            "hyperparameters": {
              "n_epochs": 9,
              "batch_size": 1,
              "learning_rate_multiplier": 1
            },
            "seed": 1097880931,
            "status": "succeeded",
            "model": "gpt-35-turbo-0613",
            "fine_tuned_model": "gpt-35-turbo-0613.ft-8938d4d459bf43ab898afe9004f2a9a5",
            "training_file": "file-a6c49417c3d6405eb1b4bddfd064c909",
            "result_files": [
              "file-7ca06b1c19614f0681fb12ff475f7e3a"
            ],
            "finished_at": 1731463990,
            "trained_tokens": 14022,
            "estimated_finish": 1726245837,
            "id": "ftjob-8938d4d459bf43ab898afe9004f2a9a5",
            "created_at": 1726244157,
            "object": "fine_tuning.job"
          },
          {
            "hyperparameters": {
              "n_epochs": 9,
              "batch_size": 1,
              "learning_rate_multiplier": 1
            },
            "seed": 1134821185,
            "status": "succeeded",
            "model": "gpt-35-turbo-0613",
            "fine_tuned_model": "gpt-35-turbo-0613.ft-8b44f05aa80b44679879a2df5bba9ce0",
            "training_file": "file-bb80194de3f74123921a077375a1cc43",
            "result_files": [
              "file-4c8b761b77f24ccd8ef8d22d7b8db78c"
            ],
            "finished_at": 1731464032,
            "trained_tokens": 12240,
            "estimated_finish": 1724734547,
            "id": "ftjob-8b44f05aa80b44679879a2df5bba9ce0",
            "created_at": 1724732866,
            "object": "fine_tuning.job"
          },
          {
            "hyperparameters": {
              "n_epochs": 9,
              "batch_size": 1,
              "learning_rate_multiplier": 1
            },
            "seed": 1090446816,
            "status": "succeeded",
            "model": "gpt-35-turbo-0613",
            "fine_tuned_model": "gpt-35-turbo-0613.ft-652c6cedf56f46378ad57b31f6cdbffd",
            "training_file": "file-bf64a82d62f645639d09d5cf2ee4122f",
            "result_files": [
              "file-d4c7a848ad5a4ad6945ed05bd77c4f7a"
            ],
            "finished_at": 1731464069,
            "trained_tokens": 12240,
            "estimated_finish": 1723257757,
            "id": "ftjob-652c6cedf56f46378ad57b31f6cdbffd",
            "created_at": 1723256077,
            "object": "fine_tuning.job"
          },
          {
            "hyperparameters": {
              "n_epochs": 9,
              "batch_size": 1,
              "learning_rate_multiplier": 1
            },
            "additionalParameters": {
              "completionOverride": "True"
            },
            "suffix": "azure-ai-openai-integration-test",
            "seed": 2101393942,
            "status": "succeeded",
            "model": "gpt-35-turbo-0613",
            "fine_tuned_model": "gpt-35-turbo-0613.ft-53f9c10199f84dfea3ec772341862ff5-azure-ai-openai-integration-test",
            "training_file": "file-3979f458b0a44dafa7fd14a6979a6537",
            "result_files": [
              "file-e16ad7e5bff64d9ca2f6b00413efc872"
            ],
            "finished_at": 1731464325,
            "trained_tokens": 12240,
            "estimated_finish": 1718035824,
            "id": "ftjob-53f9c10199f84dfea3ec772341862ff5",
            "created_at": 1718034144,
            "object": "fine_tuning.job"
          }
        ],
        "object": "list"
      }
    },
    {
      "RequestUri": "https://Sanitized.openai.azure.com/openai/fine_tuning/jobs/ftjob-53f9c10199f84dfea3ec772341862ff5/events?api-version=2024-10-01-preview&limit=25",
      "RequestMethod": "GET",
      "RequestHeaders": {
        "Accept": "application/json",
        "api-key": "Sanitized",
        "User-Agent": "azsdk-net-AI.OpenAI/2.2.0-beta.1 (.NET 8.0.12; Microsoft Windows 10.0.22631)",
        "x-ms-client-request-id": "Sanitized"
      },
      "RequestBody": null,
      "StatusCode": 200,
      "ResponseHeaders": {
        "api-supported-versions": "2022-12-01,2023-03-15-preview,2023-05-15,2023-06-01-preview,2023-07-01-preview,2023-08-01-preview,2023-09-01-preview,2023-10-01-preview,2023-12-01-preview,2024-02-01,2024-02-15-preview,2024-03-01-preview,2024-04-01-preview,2024-04-15-preview,2024-05-01-preview,2024-06-01,2024-07-01-preview,2024-08-01-preview,2024-09-01-preview,2024-10-01-preview,2024-10-21,2024-11-01-preview",
        "apim-request-id": "7894c29d-9644-4944-9b60-ab7349f3b6e5",
        "Content-Type": "application/json; charset=utf-8",
        "Date": "Sat, 25 Jan 2025 00:45:25 GMT",
        "Strict-Transport-Security": "max-age=31536000; includeSubDomains; preload",
        "Transfer-Encoding": "chunked",
        "X-Content-Type-Options": "nosniff",
        "x-envoy-upstream-service-time": "40",
        "x-ms-region": "Sweden Central"
      },
      "ResponseBody": {
        "has_more": false,
        "data": [
          {
            "id": "ftevent-504dcf6d1bfb4b4383f2a0d662837044",
            "created_at": 1737765925,
            "level": "warning",
            "message": "Results file missing or failed, cannot retrieve metrics events.",
            "type": "message",
            "object": "fine_tuning.job.event"
          },
          {
            "id": "ftevent-37b28c492fb5451a8295a05019d27ddc",
            "created_at": 1718036090,
            "level": "info",
            "message": "Training hours billed: 0.500",
            "type": "message",
            "object": "fine_tuning.job.event"
          },
          {
            "id": "ftevent-291fb44796e149bd8db98a0354c6fc63",
            "created_at": 1718036090,
            "level": "info",
            "message": "Completed results file: file-e16ad7e5bff64d9ca2f6b00413efc872",
            "type": "message",
            "object": "fine_tuning.job.event"
          },
          {
            "id": "ftevent-d5cb935c7b1e4ed5a91e8677ef34b2d7",
            "created_at": 1718036088,
            "level": "info",
            "message": "Postprocessing started.",
            "type": "message",
            "object": "fine_tuning.job.event"
          },
          {
            "id": "ftevent-c355cefeea034b219969def6db7615e6",
            "created_at": 1718036081,
            "level": "info",
            "message": "Job succeeded.",
            "type": "message",
            "object": "fine_tuning.job.event"
          },
          {
            "id": "ftevent-6b0c7972933b43e985060f0e2fd58eb8",
            "created_at": 1718035382,
            "level": "info",
            "message": "Created results file: file-e16ad7e5bff64d9ca2f6b00413efc872",
            "type": "message",
            "object": "fine_tuning.job.event"
          },
          {
            "id": "ftevent-b7cfecc4e9224009bb77103a367059a1",
            "created_at": 1718034206,
            "level": "info",
            "message": "Training started.",
            "type": "message",
            "object": "fine_tuning.job.event"
          },
          {
            "id": "ftevent-d3b1d8c9bb0a4930879145355921b244",
            "created_at": 1718034163,
            "level": "info",
            "message": "Job started.",
            "type": "message",
            "object": "fine_tuning.job.event"
          },
          {
            "id": "ftevent-112240055d504945a09840b57ba6b74d",
            "created_at": 1718034144,
            "level": "info",
            "message": "Job enqueued. Waiting for jobs ahead to complete.",
            "type": "message",
            "object": "fine_tuning.job.event"
          }
        ],
        "object": "list"
      }
    }
  ],
  "Variables": {
    "RandomSeed": "1090497504"
  }
}
