{
  "Entries": [
    {
      "RequestUri": "https://Sanitized.azure.com/api/projects/project/assistants?api-version=2025-05-15-preview",
      "RequestMethod": "POST",
      "RequestHeaders": {
        "Accept": "application/json",
        "Accept-Encoding": "gzip, deflate, br, zstd",
        "Authorization": "Sanitized",
        "Connection": "keep-alive",
        "Content-Length": "77",
        "Content-Type": "application/json",
        "Referer": "http://Sanitized.azure.com/",
        "sec-ch-ua": "\"Chromium\";v=\"136\", \"HeadlessChrome\";v=\"136\", \"Not.A/Brand\";v=\"99\"",
        "sec-ch-ua-mobile": "?0",
        "sec-ch-ua-platform": "\"Windows\"",
        "Sec-Fetch-Dest": "empty",
        "Sec-Fetch-Mode": "cors",
        "Sec-Fetch-Site": "same-site",
        "User-Agent": "Mozilla/5.0 (Windows NT 10.0; Win64; x64) AppleWebKit/537.36 (KHTML, like Gecko) HeadlessChrome/136.0.7103.25 Safari/537.36",
        "x-ms-client-request-id": "Sanitized",
        "x-ms-useragent": "azsdk-js-client azsdk-js-api azsdk-js-ai-agents/1.0.0-beta.1 core-rest-pipeline/1.20.0 Chromium/136 OS/x86-Windows-15.0.0"
      },
      "RequestBody": {
        "model": "gpt-4o",
        "name": "my-agent",
        "instructions": "You are a helpful agent"
      },
      "StatusCode": 200,
      "ResponseHeaders": {
        "apim-request-id": "dd4b3531-1e67-4f30-8068-58b9308ace1a",
        "azureml-served-by-cluster": "vienna-eastus-01",
        "Content-Encoding": "gzip",
        "Content-Type": "application/json",
        "Date": "Wed, 07 May 2025 19:51:21 GMT",
        "openai-organization": "1fa34553a93e4e53b531c64321ca4ae2",
        "openai-processing-ms": "20",
        "openai-version": "2020-10-01",
        "Request-Context": "appId=cid-v1:2d2e8e63-272e-4b3c-8598-4ee570a0e70d",
        "Strict-Transport-Security": "max-age=31536000; includeSubDomains; preload",
        "Transfer-Encoding": "chunked",
        "Vary": "Accept-Encoding",
        "X-Content-Type-Options": "nosniff",
        "x-ms-middleware-request-id": "3e65df89-7c9d-417b-a2cd-2621cc93d70b",
        "x-ms-region": "East US",
        "x-ms-response-type": "standard",
        "X-Request-ID": "0926bdca665ce3644fe5e9cbedc303bb",
        "x-request-time": "0.146"
      },
      "ResponseBody": {
        "id": "asst_mNsxwrMjyXmgFJfozZofaF5P",
        "object": "assistant",
        "created_at": 1746647481,
        "name": "my-agent",
        "description": null,
        "model": "gpt-4o",
        "instructions": "You are a helpful agent",
        "tools": [],
        "top_p": 1.0,
        "temperature": 1.0,
        "tool_resources": {},
        "metadata": {},
        "response_format": "auto"
      }
    },
    {
      "RequestUri": "https://Sanitized.azure.com/api/projects/project/assistants?api-version=2025-05-15-preview",
      "RequestMethod": "GET",
      "RequestHeaders": {
        "Accept": "application/json",
        "Accept-Encoding": "gzip, deflate, br, zstd",
        "Authorization": "Sanitized",
        "Connection": "keep-alive",
        "Referer": "http://Sanitized.azure.com/",
        "sec-ch-ua": "\"Chromium\";v=\"136\", \"HeadlessChrome\";v=\"136\", \"Not.A/Brand\";v=\"99\"",
        "sec-ch-ua-mobile": "?0",
        "sec-ch-ua-platform": "\"Windows\"",
        "Sec-Fetch-Dest": "empty",
        "Sec-Fetch-Mode": "cors",
        "Sec-Fetch-Site": "same-site",
        "User-Agent": "Mozilla/5.0 (Windows NT 10.0; Win64; x64) AppleWebKit/537.36 (KHTML, like Gecko) HeadlessChrome/136.0.7103.25 Safari/537.36",
        "x-ms-client-request-id": "Sanitized",
        "x-ms-useragent": "azsdk-js-client azsdk-js-api azsdk-js-ai-agents/1.0.0-beta.1 core-rest-pipeline/1.20.0 Chromium/136 OS/x86-Windows-15.0.0"
      },
      "RequestBody": null,
      "StatusCode": 200,
      "ResponseHeaders": {
        "apim-request-id": "f324348a-980a-46da-8b0b-bd818a5f51b2",
        "azureml-served-by-cluster": "vienna-eastus-01",
        "Content-Encoding": "gzip",
        "Content-Type": "application/json",
        "Date": "Wed, 07 May 2025 19:51:21 GMT",
        "openai-organization": "1fa34553a93e4e53b531c64321ca4ae2",
        "openai-processing-ms": "233",
        "openai-version": "2020-10-01",
        "Request-Context": "appId=cid-v1:2d2e8e63-272e-4b3c-8598-4ee570a0e70d",
        "Strict-Transport-Security": "max-age=31536000; includeSubDomains; preload",
        "Transfer-Encoding": "chunked",
        "Vary": "Accept-Encoding",
        "X-Content-Type-Options": "nosniff",
        "x-ms-middleware-request-id": "cf2ee641-8804-4ee3-8909-dfbb4311b20c",
        "x-ms-region": "East US",
        "x-ms-response-type": "standard",
        "X-Request-ID": "198848dfd4650f592ca565ba8668749e",
        "x-request-time": "0.334"
      },
      "ResponseBody": {
        "object": "list",
        "data": [
          {
            "id": "asst_mNsxwrMjyXmgFJfozZofaF5P",
            "object": "assistant",
            "created_at": 1746647481,
            "name": "my-agent",
            "description": null,
            "model": "gpt-4o",
            "instructions": "You are a helpful agent",
            "tools": [],
            "top_p": 1.0,
            "temperature": 1.0,
            "tool_resources": {},
            "metadata": {},
            "response_format": "auto"
          },
          {
            "id": "asst_uK8dQ66sGzCcHsbJ1aanhm34",
            "object": "assistant",
            "created_at": 1746647480,
            "name": "my-agent",
            "description": null,
            "model": "gpt-4o",
            "instructions": "You are a helpful agent",
            "tools": [
              {
                "type": "function",
                "function": {
                  "name": "getCurrentDateTime",
                  "description": "Get current date time",
                  "parameters": {
                    "type": "object",
                    "properties": {}
                  },
                  "strict": false
                }
              }
            ],
            "top_p": 1.0,
            "temperature": 1.0,
            "tool_resources": {},
            "metadata": {},
            "response_format": "auto"
          },
          {
            "id": "asst_fZuNj8IIe2LLwrO9lByCQAG9",
            "object": "assistant",
            "created_at": 1746606759,
            "name": "my-agent",
            "description": null,
            "model": "gpt-4o",
            "instructions": "You are helpful agent",
            "tools": [],
            "top_p": 1.0,
            "temperature": 1.0,
            "tool_resources": {},
            "metadata": {},
            "response_format": "auto"
          },
          {
            "id": "asst_L9B4pyddLRRupipD4CJiEval",
            "object": "assistant",
            "created_at": 1746606709,
            "name": "my-agent",
            "description": null,
            "model": "gpt-4o",
            "instructions": "You are a helpful agent",
            "tools": [],
            "top_p": 1.0,
            "temperature": 1.0,
            "tool_resources": {},
            "metadata": {},
            "response_format": "auto"
          },
          {
            "id": "asst_giPqyqFEHg4DfIlXszV9vpno",
            "object": "assistant",
            "created_at": 1746606708,
            "name": "my-agent",
            "description": null,
            "model": "gpt-4o",
            "instructions": "You are a helpful agent",
            "tools": [
              {
                "type": "function",
                "function": {
                  "name": "getCurrentDateTime",
                  "description": "Get current date time",
                  "parameters": {
                    "type": "object",
                    "properties": {}
                  },
                  "strict": false
                }
              }
            ],
            "top_p": 1.0,
            "temperature": 1.0,
            "tool_resources": {},
            "metadata": {},
            "response_format": "auto"
          },
          {
            "id": "asst_RHwmD9nWP0NZ9lcbtkGOjAqv",
            "object": "assistant",
            "created_at": 1746606231,
            "name": "my-agent",
            "description": null,
            "model": "gpt-4o",
            "instructions": "You are helpful agent",
            "tools": [],
            "top_p": 1.0,
            "temperature": 1.0,
            "tool_resources": {},
            "metadata": {},
            "response_format": "auto"
          },
          {
            "id": "asst_u2IDVDlk9AXWWzkCyEZSuFPi",
            "object": "assistant",
            "created_at": 1746606216,
            "name": "my-agent",
            "description": null,
            "model": "gpt-4o",
            "instructions": "You are helpful agent",
            "tools": [],
            "top_p": 1.0,
            "temperature": 1.0,
            "tool_resources": {},
            "metadata": {},
            "response_format": "auto"
          },
          {
            "id": "asst_ileT6xdfdVvgQq7P4astBJgn",
            "object": "assistant",
            "created_at": 1746606211,
            "name": "my-agent",
            "description": null,
            "model": "gpt-4o",
            "instructions": "You are a helpful agent",
            "tools": [
              {
                "type": "function",
                "function": {
                  "name": "getCurrentDateTime",
                  "description": "Get current date time",
                  "parameters": {
                    "type": "object",
                    "properties": {}
                  },
                  "strict": false
                }
              }
            ],
            "top_p": 1.0,
            "temperature": 1.0,
            "tool_resources": {},
            "metadata": {},
            "response_format": "auto"
          },
          {
            "id": "asst_ZyNHtk6YSJAR7DySTt14o1tj",
            "object": "assistant",
            "created_at": 1746605907,
            "name": "my-agent",
            "description": null,
            "model": "gpt-4o",
            "instructions": "You are helpful agent",
            "tools": [],
            "top_p": 1.0,
            "temperature": 1.0,
            "tool_resources": {},
            "metadata": {},
            "response_format": "auto"
          },
          {
            "id": "asst_KFFZ9uX5TZghoJayCQ1BC9XE",
            "object": "assistant",
            "created_at": 1746605890,
            "name": "my-agent",
            "description": null,
            "model": "gpt-4o",
            "instructions": "You are helpful agent",
            "tools": [],
            "top_p": 1.0,
            "temperature": 1.0,
            "tool_resources": {},
            "metadata": {},
            "response_format": "auto"
          },
          {
            "id": "asst_84eJZDOs52Gw9ATmUx911t5j",
            "object": "assistant",
            "created_at": 1746605886,
            "name": "my-agent",
            "description": null,
            "model": "gpt-4o",
            "instructions": "You are a helpful agent",
            "tools": [
              {
                "type": "function",
                "function": {
                  "name": "getCurrentDateTime",
                  "description": "Get current date time",
                  "parameters": {
                    "type": "object",
                    "properties": {}
                  },
                  "strict": false
                }
              }
            ],
            "top_p": 1.0,
            "temperature": 1.0,
            "tool_resources": {},
            "metadata": {},
            "response_format": "auto"
          },
          {
            "id": "asst_ZqL8eQCMwXiQD2Zz7FhYrTDX",
            "object": "assistant",
            "created_at": 1746605627,
            "name": "my-agent",
            "description": null,
            "model": "gpt-4o",
            "instructions": "You are helpful agent",
            "tools": [],
            "top_p": 1.0,
            "temperature": 1.0,
            "tool_resources": {},
            "metadata": {},
            "response_format": "auto"
          },
          {
            "id": "asst_l4zT2EwQqH2l6Ee0wzH6tUW6",
            "object": "assistant",
            "created_at": 1746605612,
            "name": "my-agent",
            "description": null,
            "model": "gpt-4o",
            "instructions": "You are helpful agent",
            "tools": [],
            "top_p": 1.0,
            "temperature": 1.0,
            "tool_resources": {},
            "metadata": {},
            "response_format": "auto"
          },
          {
            "id": "asst_IikjA4SUV0kayVJApTb7IsSL",
            "object": "assistant",
            "created_at": 1746605608,
            "name": "my-agent",
            "description": null,
            "model": "gpt-4o",
            "instructions": "You are a helpful agent",
            "tools": [
              {
                "type": "function",
                "function": {
                  "name": "getCurrentDateTime",
                  "description": "Get current date time",
                  "parameters": {
                    "type": "object",
                    "properties": {}
                  },
                  "strict": false
                }
              }
            ],
            "top_p": 1.0,
            "temperature": 1.0,
            "tool_resources": {},
            "metadata": {},
            "response_format": "auto"
          },
          {
            "id": "asst_JMTbcIuy0njmDiBo7FYV298L",
            "object": "assistant",
            "created_at": 1746605411,
            "name": "my-agent",
            "description": null,
            "model": "gpt-4o",
            "instructions": "You are helpful agent",
            "tools": [],
            "top_p": 1.0,
            "temperature": 1.0,
            "tool_resources": {},
            "metadata": {},
            "response_format": "auto"
          },
          {
            "id": "asst_EBRyBvV9DLVq0q6r6VQ30f5e",
            "object": "assistant",
            "created_at": 1746605393,
            "name": "my-agent",
            "description": null,
            "model": "gpt-4o",
            "instructions": "You are helpful agent",
            "tools": [],
            "top_p": 1.0,
            "temperature": 1.0,
            "tool_resources": {},
            "metadata": {},
            "response_format": "auto"
          },
          {
            "id": "asst_PoSl8BWGRDTli2zvKJ9jABor",
            "object": "assistant",
            "created_at": 1746605388,
            "name": "my-agent",
            "description": null,
            "model": "gpt-4o",
            "instructions": "You are a helpful agent",
            "tools": [
              {
                "type": "function",
                "function": {
                  "name": "getCurrentDateTime",
                  "description": "Get current date time",
                  "parameters": {
                    "type": "object",
                    "properties": {}
                  },
                  "strict": false
                }
              }
            ],
            "top_p": 1.0,
            "temperature": 1.0,
            "tool_resources": {},
            "metadata": {},
            "response_format": "auto"
          },
          {
            "id": "asst_dSua2VFQ9Qf5qYmJn2lHpcka",
            "object": "assistant",
            "created_at": 1746605278,
            "name": "my-agent",
            "description": null,
            "model": "gpt-4o",
            "instructions": "You are helpful agent",
            "tools": [],
            "top_p": 1.0,
            "temperature": 1.0,
            "tool_resources": {},
            "metadata": {},
            "response_format": "auto"
          },
          {
            "id": "asst_44C8AX5G8EUWcXlrkBbnj6z4",
            "object": "assistant",
            "created_at": 1746605257,
            "name": "my-agent",
            "description": null,
            "model": "gpt-4o",
            "instructions": "You are helpful agent",
            "tools": [],
            "top_p": 1.0,
            "temperature": 1.0,
            "tool_resources": {},
            "metadata": {},
            "response_format": "auto"
          },
          {
            "id": "asst_q2CTUikjzKzoan71Ye54DGpk",
            "object": "assistant",
            "created_at": 1746605253,
            "name": "my-agent",
            "description": null,
            "model": "gpt-4o",
            "instructions": "You are a helpful agent",
            "tools": [
              {
                "type": "function",
                "function": {
                  "name": "getCurrentDateTime",
                  "description": "Get current date time",
                  "parameters": {
                    "type": "object",
                    "properties": {}
                  },
                  "strict": false
                }
              }
            ],
            "top_p": 1.0,
            "temperature": 1.0,
            "tool_resources": {},
            "metadata": {},
            "response_format": "auto"
          }
        ],
        "first_id": "asst_mNsxwrMjyXmgFJfozZofaF5P",
        "last_id": "asst_q2CTUikjzKzoan71Ye54DGpk",
        "has_more": true
      }
    },
    {
      "RequestUri": "https://Sanitized.azure.com/api/projects/project/assistants?api-version=2025-05-15-preview",
      "RequestMethod": "GET",
      "RequestHeaders": {
        "Accept": "application/json",
        "Accept-Encoding": "gzip, deflate, br, zstd",
        "Authorization": "Sanitized",
        "Connection": "keep-alive",
        "Referer": "http://Sanitized.azure.com/",
        "sec-ch-ua": "\"Chromium\";v=\"136\", \"HeadlessChrome\";v=\"136\", \"Not.A/Brand\";v=\"99\"",
        "sec-ch-ua-mobile": "?0",
        "sec-ch-ua-platform": "\"Windows\"",
        "Sec-Fetch-Dest": "empty",
        "Sec-Fetch-Mode": "cors",
        "Sec-Fetch-Site": "same-site",
        "User-Agent": "Mozilla/5.0 (Windows NT 10.0; Win64; x64) AppleWebKit/537.36 (KHTML, like Gecko) HeadlessChrome/136.0.7103.25 Safari/537.36",
        "x-ms-client-request-id": "Sanitized",
        "x-ms-useragent": "azsdk-js-client azsdk-js-api azsdk-js-ai-agents/1.0.0-beta.1 core-rest-pipeline/1.20.0 Chromium/136 OS/x86-Windows-15.0.0"
      },
      "RequestBody": null,
      "StatusCode": 200,
      "ResponseHeaders": {
        "apim-request-id": "7f0f9791-a543-49f9-ba9a-fcff8d8849b2",
        "azureml-served-by-cluster": "vienna-eastus-01",
        "Content-Encoding": "gzip",
        "Content-Type": "application/json",
        "Date": "Wed, 07 May 2025 19:51:22 GMT",
        "openai-organization": "1fa34553a93e4e53b531c64321ca4ae2",
        "openai-processing-ms": "316",
        "openai-version": "2020-10-01",
        "Request-Context": "appId=cid-v1:2d2e8e63-272e-4b3c-8598-4ee570a0e70d",
        "Strict-Transport-Security": "max-age=31536000; includeSubDomains; preload",
        "Transfer-Encoding": "chunked",
        "Vary": "Accept-Encoding",
        "X-Content-Type-Options": "nosniff",
        "x-ms-middleware-request-id": "c41dd8ad-4998-4117-baab-54327aee9f10",
        "x-ms-region": "East US",
        "x-ms-response-type": "standard",
        "X-Request-ID": "36ffaee525c9afe764d09d7a39b371d6",
        "x-request-time": "0.494"
      },
      "ResponseBody": {
        "object": "list",
        "data": [
          {
            "id": "asst_mNsxwrMjyXmgFJfozZofaF5P",
            "object": "assistant",
            "created_at": 1746647481,
            "name": "my-agent",
            "description": null,
            "model": "gpt-4o",
            "instructions": "You are a helpful agent",
            "tools": [],
            "top_p": 1.0,
            "temperature": 1.0,
            "tool_resources": {},
            "metadata": {},
            "response_format": "auto"
          },
          {
            "id": "asst_uK8dQ66sGzCcHsbJ1aanhm34",
            "object": "assistant",
            "created_at": 1746647480,
            "name": "my-agent",
            "description": null,
            "model": "gpt-4o",
            "instructions": "You are a helpful agent",
            "tools": [
              {
                "type": "function",
                "function": {
                  "name": "getCurrentDateTime",
                  "description": "Get current date time",
                  "parameters": {
                    "type": "object",
                    "properties": {}
                  },
                  "strict": false
                }
              }
            ],
            "top_p": 1.0,
            "temperature": 1.0,
            "tool_resources": {},
            "metadata": {},
            "response_format": "auto"
          },
          {
            "id": "asst_fZuNj8IIe2LLwrO9lByCQAG9",
            "object": "assistant",
            "created_at": 1746606759,
            "name": "my-agent",
            "description": null,
            "model": "gpt-4o",
            "instructions": "You are helpful agent",
            "tools": [],
            "top_p": 1.0,
            "temperature": 1.0,
            "tool_resources": {},
            "metadata": {},
            "response_format": "auto"
          },
          {
            "id": "asst_L9B4pyddLRRupipD4CJiEval",
            "object": "assistant",
            "created_at": 1746606709,
            "name": "my-agent",
            "description": null,
            "model": "gpt-4o",
            "instructions": "You are a helpful agent",
            "tools": [],
            "top_p": 1.0,
            "temperature": 1.0,
            "tool_resources": {},
            "metadata": {},
            "response_format": "auto"
          },
          {
            "id": "asst_giPqyqFEHg4DfIlXszV9vpno",
            "object": "assistant",
            "created_at": 1746606708,
            "name": "my-agent",
            "description": null,
            "model": "gpt-4o",
            "instructions": "You are a helpful agent",
            "tools": [
              {
                "type": "function",
                "function": {
                  "name": "getCurrentDateTime",
                  "description": "Get current date time",
                  "parameters": {
                    "type": "object",
                    "properties": {}
                  },
                  "strict": false
                }
              }
            ],
            "top_p": 1.0,
            "temperature": 1.0,
            "tool_resources": {},
            "metadata": {},
            "response_format": "auto"
          },
          {
            "id": "asst_RHwmD9nWP0NZ9lcbtkGOjAqv",
            "object": "assistant",
            "created_at": 1746606231,
            "name": "my-agent",
            "description": null,
            "model": "gpt-4o",
            "instructions": "You are helpful agent",
            "tools": [],
            "top_p": 1.0,
            "temperature": 1.0,
            "tool_resources": {},
            "metadata": {},
            "response_format": "auto"
          },
          {
            "id": "asst_u2IDVDlk9AXWWzkCyEZSuFPi",
            "object": "assistant",
            "created_at": 1746606216,
            "name": "my-agent",
            "description": null,
            "model": "gpt-4o",
            "instructions": "You are helpful agent",
            "tools": [],
            "top_p": 1.0,
            "temperature": 1.0,
            "tool_resources": {},
            "metadata": {},
            "response_format": "auto"
          },
          {
            "id": "asst_ileT6xdfdVvgQq7P4astBJgn",
            "object": "assistant",
            "created_at": 1746606211,
            "name": "my-agent",
            "description": null,
            "model": "gpt-4o",
            "instructions": "You are a helpful agent",
            "tools": [
              {
                "type": "function",
                "function": {
                  "name": "getCurrentDateTime",
                  "description": "Get current date time",
                  "parameters": {
                    "type": "object",
                    "properties": {}
                  },
                  "strict": false
                }
              }
            ],
            "top_p": 1.0,
            "temperature": 1.0,
            "tool_resources": {},
            "metadata": {},
            "response_format": "auto"
          },
          {
            "id": "asst_ZyNHtk6YSJAR7DySTt14o1tj",
            "object": "assistant",
            "created_at": 1746605907,
            "name": "my-agent",
            "description": null,
            "model": "gpt-4o",
            "instructions": "You are helpful agent",
            "tools": [],
            "top_p": 1.0,
            "temperature": 1.0,
            "tool_resources": {},
            "metadata": {},
            "response_format": "auto"
          },
          {
            "id": "asst_KFFZ9uX5TZghoJayCQ1BC9XE",
            "object": "assistant",
            "created_at": 1746605890,
            "name": "my-agent",
            "description": null,
            "model": "gpt-4o",
            "instructions": "You are helpful agent",
            "tools": [],
            "top_p": 1.0,
            "temperature": 1.0,
            "tool_resources": {},
            "metadata": {},
            "response_format": "auto"
          },
          {
            "id": "asst_84eJZDOs52Gw9ATmUx911t5j",
            "object": "assistant",
            "created_at": 1746605886,
            "name": "my-agent",
            "description": null,
            "model": "gpt-4o",
            "instructions": "You are a helpful agent",
            "tools": [
              {
                "type": "function",
                "function": {
                  "name": "getCurrentDateTime",
                  "description": "Get current date time",
                  "parameters": {
                    "type": "object",
                    "properties": {}
                  },
                  "strict": false
                }
              }
            ],
            "top_p": 1.0,
            "temperature": 1.0,
            "tool_resources": {},
            "metadata": {},
            "response_format": "auto"
          },
          {
            "id": "asst_ZqL8eQCMwXiQD2Zz7FhYrTDX",
            "object": "assistant",
            "created_at": 1746605627,
            "name": "my-agent",
            "description": null,
            "model": "gpt-4o",
            "instructions": "You are helpful agent",
            "tools": [],
            "top_p": 1.0,
            "temperature": 1.0,
            "tool_resources": {},
            "metadata": {},
            "response_format": "auto"
          },
          {
            "id": "asst_l4zT2EwQqH2l6Ee0wzH6tUW6",
            "object": "assistant",
            "created_at": 1746605612,
            "name": "my-agent",
            "description": null,
            "model": "gpt-4o",
            "instructions": "You are helpful agent",
            "tools": [],
            "top_p": 1.0,
            "temperature": 1.0,
            "tool_resources": {},
            "metadata": {},
            "response_format": "auto"
          },
          {
            "id": "asst_IikjA4SUV0kayVJApTb7IsSL",
            "object": "assistant",
            "created_at": 1746605608,
            "name": "my-agent",
            "description": null,
            "model": "gpt-4o",
            "instructions": "You are a helpful agent",
            "tools": [
              {
                "type": "function",
                "function": {
                  "name": "getCurrentDateTime",
                  "description": "Get current date time",
                  "parameters": {
                    "type": "object",
                    "properties": {}
                  },
                  "strict": false
                }
              }
            ],
            "top_p": 1.0,
            "temperature": 1.0,
            "tool_resources": {},
            "metadata": {},
            "response_format": "auto"
          },
          {
            "id": "asst_JMTbcIuy0njmDiBo7FYV298L",
            "object": "assistant",
            "created_at": 1746605411,
            "name": "my-agent",
            "description": null,
            "model": "gpt-4o",
            "instructions": "You are helpful agent",
            "tools": [],
            "top_p": 1.0,
            "temperature": 1.0,
            "tool_resources": {},
            "metadata": {},
            "response_format": "auto"
          },
          {
            "id": "asst_EBRyBvV9DLVq0q6r6VQ30f5e",
            "object": "assistant",
            "created_at": 1746605393,
            "name": "my-agent",
            "description": null,
            "model": "gpt-4o",
            "instructions": "You are helpful agent",
            "tools": [],
            "top_p": 1.0,
            "temperature": 1.0,
            "tool_resources": {},
            "metadata": {},
            "response_format": "auto"
          },
          {
            "id": "asst_PoSl8BWGRDTli2zvKJ9jABor",
            "object": "assistant",
            "created_at": 1746605388,
            "name": "my-agent",
            "description": null,
            "model": "gpt-4o",
            "instructions": "You are a helpful agent",
            "tools": [
              {
                "type": "function",
                "function": {
                  "name": "getCurrentDateTime",
                  "description": "Get current date time",
                  "parameters": {
                    "type": "object",
                    "properties": {}
                  },
                  "strict": false
                }
              }
            ],
            "top_p": 1.0,
            "temperature": 1.0,
            "tool_resources": {},
            "metadata": {},
            "response_format": "auto"
          },
          {
            "id": "asst_dSua2VFQ9Qf5qYmJn2lHpcka",
            "object": "assistant",
            "created_at": 1746605278,
            "name": "my-agent",
            "description": null,
            "model": "gpt-4o",
            "instructions": "You are helpful agent",
            "tools": [],
            "top_p": 1.0,
            "temperature": 1.0,
            "tool_resources": {},
            "metadata": {},
            "response_format": "auto"
          },
          {
            "id": "asst_44C8AX5G8EUWcXlrkBbnj6z4",
            "object": "assistant",
            "created_at": 1746605257,
            "name": "my-agent",
            "description": null,
            "model": "gpt-4o",
            "instructions": "You are helpful agent",
            "tools": [],
            "top_p": 1.0,
            "temperature": 1.0,
            "tool_resources": {},
            "metadata": {},
            "response_format": "auto"
          },
          {
            "id": "asst_q2CTUikjzKzoan71Ye54DGpk",
            "object": "assistant",
            "created_at": 1746605253,
            "name": "my-agent",
            "description": null,
            "model": "gpt-4o",
            "instructions": "You are a helpful agent",
            "tools": [
              {
                "type": "function",
                "function": {
                  "name": "getCurrentDateTime",
                  "description": "Get current date time",
                  "parameters": {
                    "type": "object",
                    "properties": {}
                  },
                  "strict": false
                }
              }
            ],
            "top_p": 1.0,
            "temperature": 1.0,
            "tool_resources": {},
            "metadata": {},
            "response_format": "auto"
          }
        ],
        "first_id": "asst_mNsxwrMjyXmgFJfozZofaF5P",
        "last_id": "asst_q2CTUikjzKzoan71Ye54DGpk",
        "has_more": true
      }
    },
    {
      "RequestUri": "https://Sanitized.azure.com/api/projects/project/assistants/asst_mNsxwrMjyXmgFJfozZofaF5P?api-version=2025-05-15-preview",
      "RequestMethod": "DELETE",
      "RequestHeaders": {
        "Accept": "application/json",
        "Accept-Encoding": "gzip, deflate, br, zstd",
        "Authorization": "Sanitized",
        "Connection": "keep-alive",
        "Referer": "http://Sanitized.azure.com/",
        "sec-ch-ua": "\"Chromium\";v=\"136\", \"HeadlessChrome\";v=\"136\", \"Not.A/Brand\";v=\"99\"",
        "sec-ch-ua-mobile": "?0",
        "sec-ch-ua-platform": "\"Windows\"",
        "Sec-Fetch-Dest": "empty",
        "Sec-Fetch-Mode": "cors",
        "Sec-Fetch-Site": "same-site",
        "User-Agent": "Mozilla/5.0 (Windows NT 10.0; Win64; x64) AppleWebKit/537.36 (KHTML, like Gecko) HeadlessChrome/136.0.7103.25 Safari/537.36",
        "x-ms-client-request-id": "Sanitized",
        "x-ms-useragent": "azsdk-js-client azsdk-js-api azsdk-js-ai-agents/1.0.0-beta.1 core-rest-pipeline/1.20.0 Chromium/136 OS/x86-Windows-15.0.0"
      },
      "RequestBody": null,
      "StatusCode": 200,
      "ResponseHeaders": {
        "apim-request-id": "f6f92a11-1fd6-4d15-8c11-dc22e73a04ec",
        "azureml-served-by-cluster": "vienna-eastus-01",
        "Content-Length": "95",
        "Content-Type": "application/json",
        "Date": "Wed, 07 May 2025 19:51:22 GMT",
        "openai-organization": "1fa34553a93e4e53b531c64321ca4ae2",
        "openai-processing-ms": "35",
        "openai-version": "2020-10-01",
        "Request-Context": "appId=cid-v1:2d2e8e63-272e-4b3c-8598-4ee570a0e70d",
        "Strict-Transport-Security": "max-age=31536000; includeSubDomains; preload",
        "X-Content-Type-Options": "nosniff",
        "x-ms-middleware-request-id": "28e24f63-0918-417f-9bc0-7923adbadbb9",
        "x-ms-region": "East US",
        "x-ms-response-type": "standard",
        "X-Request-ID": "a314793fdf21ae15aa019d4ae1965703",
        "x-request-time": "0.129"
      },
      "ResponseBody": {
        "id": "asst_mNsxwrMjyXmgFJfozZofaF5P",
        "object": "assistant.deleted",
        "deleted": true
      }
    }
  ],
  "Variables": {}
}
