{
  "Entries": [
    {
      "RequestUri": "https://fakestorageaccount.file.core.windows.net/share169830114643107655?restype=share",
      "RequestMethod": "PUT",
      "RequestHeaders": {
        "Accept": "application/xml",
        "Authorization": "Sanitized",
        "Connection": "keep-alive",
        "Content-Length": "0",
        "User-Agent": "azsdk-js-azure-storage-blob/12.20.0 core-rest-pipeline/1.12.2 Node/v18.16.0 OS/(x64-Windows_NT-10.0.22621)",
        "x-ms-client-request-id": "005afe18-2e83-4eea-8630-499161929c1b",
        "x-ms-date": "Thu, 26 Oct 2023 06:19:06 GMT",
        "x-ms-version": "2023-01-03"
      },
      "RequestBody": null,
      "StatusCode": 201,
      "ResponseHeaders": {
        "Content-Length": "0",
        "Date": "Thu, 26 Oct 2023 06:19:06 GMT",
        "ETag": "\u00220x8DBD5EB75CFA9D3\u0022",
        "Last-Modified": "Thu, 26 Oct 2023 06:19:07 GMT",
        "Server": [
          "Windows-Azure-File/1.0",
          "Microsoft-HTTPAPI/2.0"
        ],
        "x-ms-client-request-id": "005afe18-2e83-4eea-8630-499161929c1b",
        "x-ms-request-id": "52ccff70-901a-0042-68d4-072aa1000000",
        "x-ms-version": "2023-01-03"
      },
      "ResponseBody": null
    },
    {
      "RequestUri": "https://fakestorageaccount.file.core.windows.net/share169830114643107655?restype=share\u0026comp=stats",
      "RequestMethod": "GET",
      "RequestHeaders": {
        "Accept": "application/xml",
        "Authorization": "Sanitized",
        "Connection": "keep-alive",
        "User-Agent": "azsdk-js-azure-storage-blob/12.20.0 core-rest-pipeline/1.12.2 Node/v18.16.0 OS/(x64-Windows_NT-10.0.22621)",
        "x-ms-client-request-id": "2cd2417a-b8ee-42bd-ae7f-6c32ddbb26fd",
        "x-ms-date": "Thu, 26 Oct 2023 06:19:06 GMT",
        "x-ms-version": "2023-01-03"
      },
      "RequestBody": null,
      "StatusCode": 200,
      "ResponseHeaders": {
        "Content-Type": "application/xml",
        "Date": "Thu, 26 Oct 2023 06:19:06 GMT",
        "Server": [
          "Windows-Azure-File/1.0",
          "Microsoft-HTTPAPI/2.0"
        ],
        "Transfer-Encoding": "chunked",
        "Vary": "Origin",
        "x-ms-client-request-id": "2cd2417a-b8ee-42bd-ae7f-6c32ddbb26fd",
        "x-ms-request-id": "52ccff76-901a-0042-69d4-072aa1000000",
        "x-ms-version": "2023-01-03"
      },
      "ResponseBody": "\uFEFF\u003C?xml version=\u00221.0\u0022 encoding=\u0022utf-8\u0022?\u003E\u003CShareStats\u003E\u003CShareUsageBytes\u003E0\u003C/ShareUsageBytes\u003E\u003C/ShareStats\u003E"
    },
    {
      "RequestUri": "https://fakestorageaccount.file.core.windows.net/share169830114643107655?restype=share",
      "RequestMethod": "DELETE",
      "RequestHeaders": {
        "Accept": "application/xml",
        "Authorization": "Sanitized",
        "Connection": "keep-alive",
        "User-Agent": "azsdk-js-azure-storage-blob/12.20.0 core-rest-pipeline/1.12.2 Node/v18.16.0 OS/(x64-Windows_NT-10.0.22621)",
        "x-ms-client-request-id": "3d9fdc71-b1ad-446c-96b0-17cd9dd882e4",
        "x-ms-date": "Thu, 26 Oct 2023 06:19:06 GMT",
        "x-ms-version": "2023-01-03"
      },
      "RequestBody": null,
      "StatusCode": 202,
      "ResponseHeaders": {
        "Content-Length": "0",
        "Date": "Thu, 26 Oct 2023 06:19:07 GMT",
        "Server": [
          "Windows-Azure-File/1.0",
          "Microsoft-HTTPAPI/2.0"
        ],
        "x-ms-client-request-id": "3d9fdc71-b1ad-446c-96b0-17cd9dd882e4",
        "x-ms-request-id": "52ccff78-901a-0042-6ad4-072aa1000000",
        "x-ms-version": "2023-01-03"
      },
      "ResponseBody": null
    }
  ],
  "Variables": {
    "share": "share169830114643107655"
  }
}
