{
  "Entries": [
    {
      "RequestUri": "https://fakestorageaccount.file.core.windows.net/share169830115103701696?restype=share",
      "RequestMethod": "PUT",
      "RequestHeaders": {
        "Accept": "application/xml",
        "Authorization": "Sanitized",
        "Connection": "keep-alive",
        "Content-Length": "0",
        "User-Agent": "azsdk-js-azure-storage-blob/12.20.0 core-rest-pipeline/1.12.2 Node/v18.16.0 OS/(x64-Windows_NT-10.0.22621)",
        "x-ms-client-request-id": "6e5567da-001a-42ba-b15a-94b38f6acb80",
        "x-ms-date": "Thu, 26 Oct 2023 06:19:11 GMT",
        "x-ms-version": "2023-01-03"
      },
      "RequestBody": null,
      "StatusCode": 201,
      "ResponseHeaders": {
        "Content-Length": "0",
        "Date": "Thu, 26 Oct 2023 06:19:11 GMT",
        "ETag": "\u00220x8DBD5EB788F9B67\u0022",
        "Last-Modified": "Thu, 26 Oct 2023 06:19:11 GMT",
        "Server": [
          "Windows-Azure-File/1.0",
          "Microsoft-HTTPAPI/2.0"
        ],
        "x-ms-client-request-id": "6e5567da-001a-42ba-b15a-94b38f6acb80",
        "x-ms-request-id": "52ccffeb-901a-0042-14d4-072aa1000000",
        "x-ms-version": "2023-01-03"
      },
      "ResponseBody": null
    },
    {
      "RequestUri": "https://fakestorageaccount.file.core.windows.net/newshare169830115115304015?restype=share",
      "RequestMethod": "PUT",
      "RequestHeaders": {
        "Accept": "application/xml",
        "Authorization": "Sanitized",
        "Connection": "keep-alive",
        "Content-Length": "0",
        "User-Agent": "azsdk-js-azure-storage-blob/12.20.0 core-rest-pipeline/1.12.2 Node/v18.16.0 OS/(x64-Windows_NT-10.0.22621)",
        "x-ms-access-tier": "Hot",
        "x-ms-client-request-id": "0b0eeabc-412d-4cc5-b4cc-72ecdbb4f04c",
        "x-ms-date": "Thu, 26 Oct 2023 06:19:11 GMT",
        "x-ms-version": "2023-01-03"
      },
      "RequestBody": null,
      "StatusCode": 201,
      "ResponseHeaders": {
        "Content-Length": "0",
        "Date": "Thu, 26 Oct 2023 06:19:11 GMT",
        "ETag": "\u00220x8DBD5EB78A1731B\u0022",
        "Last-Modified": "Thu, 26 Oct 2023 06:19:12 GMT",
        "Server": [
          "Windows-Azure-File/1.0",
          "Microsoft-HTTPAPI/2.0"
        ],
        "x-ms-client-request-id": "0b0eeabc-412d-4cc5-b4cc-72ecdbb4f04c",
        "x-ms-request-id": "52ccffed-901a-0042-15d4-072aa1000000",
        "x-ms-version": "2023-01-03"
      },
      "ResponseBody": null
    },
    {
      "RequestUri": "https://fakestorageaccount.file.core.windows.net/?comp=list\u0026prefix=newshare169830115115304015",
      "RequestMethod": "GET",
      "RequestHeaders": {
        "Accept": "application/xml",
        "Authorization": "Sanitized",
        "Connection": "keep-alive",
        "User-Agent": "azsdk-js-azure-storage-blob/12.20.0 core-rest-pipeline/1.12.2 Node/v18.16.0 OS/(x64-Windows_NT-10.0.22621)",
        "x-ms-client-request-id": "a420790c-47ce-49d2-ac48-b67b02b5687e",
        "x-ms-date": "Thu, 26 Oct 2023 06:19:11 GMT",
        "x-ms-version": "2023-01-03"
      },
      "RequestBody": null,
      "StatusCode": 200,
      "ResponseHeaders": {
        "Content-Type": "application/xml",
        "Date": "Thu, 26 Oct 2023 06:19:11 GMT",
        "Server": [
          "Windows-Azure-File/1.0",
          "Microsoft-HTTPAPI/2.0"
        ],
        "Transfer-Encoding": "chunked",
        "Vary": "Origin",
        "x-ms-client-request-id": "a420790c-47ce-49d2-ac48-b67b02b5687e",
        "x-ms-request-id": "52ccffef-901a-0042-16d4-072aa1000000",
        "x-ms-version": "2023-01-03"
      },
      "ResponseBody": "\uFEFF\u003C?xml version=\u00221.0\u0022 encoding=\u0022utf-8\u0022?\u003E\u003CEnumerationResults ServiceEndpoint=\u0022https://fakestorageaccount.file.core.windows.net/\u0022\u003E\u003CPrefix\u003Enewshare169830115115304015\u003C/Prefix\u003E\u003CShares\u003E\u003CShare\u003E\u003CName\u003Enewshare169830115115304015\u003C/Name\u003E\u003CProperties\u003E\u003CLast-Modified\u003EThu, 26 Oct 2023 06:19:12 GMT\u003C/Last-Modified\u003E\u003CEtag\u003E\u00220x8DBD5EB78A1731B\u0022\u003C/Etag\u003E\u003CLeaseStatus\u003Eunlocked\u003C/LeaseStatus\u003E\u003CLeaseState\u003Eavailable\u003C/LeaseState\u003E\u003CQuota\u003E5120\u003C/Quota\u003E\u003CAccessTier\u003EHot\u003C/AccessTier\u003E\u003CAccessTierChangeTime\u003EThu, 26 Oct 2023 06:19:12 GMT\u003C/AccessTierChangeTime\u003E\u003CDefaultEncryptionScope\u003E$account-encryption-key\u003C/DefaultEncryptionScope\u003E\u003CDenyEncryptionScopeOverride\u003Efalse\u003C/DenyEncryptionScopeOverride\u003E\u003C/Properties\u003E\u003C/Share\u003E\u003C/Shares\u003E\u003CNextMarker /\u003E\u003C/EnumerationResults\u003E"
    },
    {
      "RequestUri": "https://fakestorageaccount.file.core.windows.net/newshare169830115115304015?restype=share",
      "RequestMethod": "DELETE",
      "RequestHeaders": {
        "Accept": "application/xml",
        "Authorization": "Sanitized",
        "Connection": "keep-alive",
        "User-Agent": "azsdk-js-azure-storage-blob/12.20.0 core-rest-pipeline/1.12.2 Node/v18.16.0 OS/(x64-Windows_NT-10.0.22621)",
        "x-ms-client-request-id": "691aef66-96f9-42c4-9b9d-3ded1f93b891",
        "x-ms-date": "Thu, 26 Oct 2023 06:19:11 GMT",
        "x-ms-version": "2023-01-03"
      },
      "RequestBody": null,
      "StatusCode": 202,
      "ResponseHeaders": {
        "Content-Length": "0",
        "Date": "Thu, 26 Oct 2023 06:19:11 GMT",
        "Server": [
          "Windows-Azure-File/1.0",
          "Microsoft-HTTPAPI/2.0"
        ],
        "x-ms-client-request-id": "691aef66-96f9-42c4-9b9d-3ded1f93b891",
        "x-ms-request-id": "52ccfff0-901a-0042-17d4-072aa1000000",
        "x-ms-version": "2023-01-03"
      },
      "ResponseBody": null
    },
    {
      "RequestUri": "https://fakestorageaccount.file.core.windows.net/share169830115103701696?restype=share",
      "RequestMethod": "DELETE",
      "RequestHeaders": {
        "Accept": "application/xml",
        "Authorization": "Sanitized",
        "Connection": "keep-alive",
        "User-Agent": "azsdk-js-azure-storage-blob/12.20.0 core-rest-pipeline/1.12.2 Node/v18.16.0 OS/(x64-Windows_NT-10.0.22621)",
        "x-ms-client-request-id": "c1aeeb6b-3576-45a4-a72d-1f327c5e032b",
        "x-ms-date": "Thu, 26 Oct 2023 06:19:11 GMT",
        "x-ms-version": "2023-01-03"
      },
      "RequestBody": null,
      "StatusCode": 202,
      "ResponseHeaders": {
        "Content-Length": "0",
        "Date": "Thu, 26 Oct 2023 06:19:11 GMT",
        "Server": [
          "Windows-Azure-File/1.0",
          "Microsoft-HTTPAPI/2.0"
        ],
        "x-ms-client-request-id": "c1aeeb6b-3576-45a4-a72d-1f327c5e032b",
        "x-ms-request-id": "52ccfff1-901a-0042-18d4-072aa1000000",
        "x-ms-version": "2023-01-03"
      },
      "ResponseBody": null
    }
  ],
  "Variables": {
    "newshare": "newshare169830115115304015",
    "share": "share169830115103701696"
  }
}
