{
  "Entries": [
    {
      "RequestUri": "https://management.azure.com/subscriptions/de3c4d5e-af08-451a-a873-438d86ab6f4b?api-version=2022-12-01",
      "RequestMethod": "GET",
      "RequestHeaders": {
        "Accept": "application/json",
        "Authorization": "Sanitized",
        "traceparent": "00-f1092e161c362ec362ad76ebe5c9bbec-b88e021479f576e7-00",
        "User-Agent": "azsdk-net-ResourceManager/1.13.0 (.NET 8.0.13; Microsoft Windows 10.0.26100)",
        "x-ms-client-request-id": "Sanitized",
        "x-ms-return-client-request-id": "true"
      },
      "RequestBody": null,
      "StatusCode": 200,
      "ResponseHeaders": {
        "Cache-Control": "no-cache",
        "Content-Length": "409",
        "Content-Type": "application/json; charset=utf-8",
        "Date": "Mon, 10 Mar 2025 16:31:31 GMT",
        "Expires": "-1",
        "Pragma": "no-cache",
        "Strict-Transport-Security": "max-age=31536000; includeSubDomains",
        "X-Cache": "CONFIG_NOCACHE",
        "X-Content-Type-Options": "nosniff",
        "x-ms-correlation-request-id": "358a3441-bdf5-4d92-a2de-8d5497594faa",
        "x-ms-ratelimit-remaining-subscription-global-reads": "3749",
        "x-ms-ratelimit-remaining-subscription-reads": "249",
        "x-ms-request-id": "358a3441-bdf5-4d92-a2de-8d5497594faa",
        "x-ms-routing-request-id": "SOUTHCENTRALUS:20250310T163132Z:358a3441-bdf5-4d92-a2de-8d5497594faa",
        "X-MSEdge-Ref": "Ref A: 27F673A145F242008E3801A0A974D18C Ref B: SN4AA2022302025 Ref C: 2025-03-10T16:31:32Z"
      },
      "ResponseBody": {
        "id": "/subscriptions/de3c4d5e-af08-451a-a873-438d86ab6f4b",
        "authorizationSource": "RoleBased",
        "managedByTenants": [],
        "subscriptionId": "de3c4d5e-af08-451a-a873-438d86ab6f4b",
        "tenantId": "00000000-0000-0000-0000-000000000000",
        "displayName": "AzureStack_HCI_ProductCI1_dev",
        "state": "Enabled",
        "subscriptionPolicies": {
          "locationPlacementId": "Internal_2014-09-01",
          "quotaId": "Internal_2014-09-01",
          "spendingLimit": "Off"
        }
      }
    },
    {
      "RequestUri": "https://management.azure.com/subscriptions/de3c4d5e-af08-451a-a873-438d86ab6f4b/resourcegroups/aszmige2etestscratchKPIvmw011cb3?api-version=2022-09-01",
      "RequestMethod": "GET",
      "RequestHeaders": {
        "Accept": "application/json",
        "Authorization": "Sanitized",
        "traceparent": "00-2e2682b02948edfefc9ab63be2e52595-e26092263caca271-00",
        "User-Agent": "azsdk-net-ResourceManager/1.13.0 (.NET 8.0.13; Microsoft Windows 10.0.26100)",
        "x-ms-client-request-id": "Sanitized",
        "x-ms-return-client-request-id": "true"
      },
      "RequestBody": null,
      "StatusCode": 200,
      "ResponseHeaders": {
        "Cache-Control": "no-cache",
        "Content-Length": "268",
        "Content-Type": "application/json; charset=utf-8",
        "Date": "Mon, 10 Mar 2025 16:31:40 GMT",
        "Expires": "-1",
        "Pragma": "no-cache",
        "Strict-Transport-Security": "max-age=31536000; includeSubDomains",
        "X-Cache": "CONFIG_NOCACHE",
        "X-Content-Type-Options": "nosniff",
        "x-ms-correlation-request-id": "cfe5ec3c-e39b-465d-87d4-b408ef3891eb",
        "x-ms-ratelimit-remaining-subscription-global-reads": "3749",
        "x-ms-ratelimit-remaining-subscription-reads": "249",
        "x-ms-request-id": "cfe5ec3c-e39b-465d-87d4-b408ef3891eb",
        "x-ms-routing-request-id": "SOUTHCENTRALUS:20250310T163140Z:cfe5ec3c-e39b-465d-87d4-b408ef3891eb",
        "X-MSEdge-Ref": "Ref A: 9B719178782B4E2E8DB2C8BFA584961F Ref B: SN4AA2022302025 Ref C: 2025-03-10T16:31:40Z"
      },
      "ResponseBody": {
        "id": "/subscriptions/de3c4d5e-af08-451a-a873-438d86ab6f4b/resourceGroups/aszmige2etestscratchKPIvmw011cb3",
        "name": "aszmige2etestscratchKPIvmw011cb3",
        "type": "Microsoft.Resources/resourceGroups",
        "location": "centraluseuap",
        "properties": {
          "provisioningState": "Succeeded"
        }
      }
    },
    {
      "RequestUri": "https://management.azure.com/subscriptions/de3c4d5e-af08-451a-a873-438d86ab6f4b/resourceGroups/aszmige2etestscratchKPIvmw011cb3/providers/Microsoft.DataReplication/replicationVaults/aszmigtest1d6ebbareplicationvault?api-version=2024-09-01",
      "RequestMethod": "GET",
      "RequestHeaders": {
        "Accept": "application/json",
        "Authorization": "Sanitized",
        "traceparent": "00-673d6637b5c348c66630c4379fe09473-78a50af954bbc88e-00",
        "User-Agent": "azsdk-net-ResourceManager.RecoveryServicesDataReplication/1.0.0-alpha.20250307.1 (.NET 8.0.13; Microsoft Windows 10.0.26100)",
        "x-ms-client-request-id": "Sanitized",
        "x-ms-return-client-request-id": "true"
      },
      "RequestBody": null,
      "StatusCode": 200,
      "ResponseHeaders": {
        "api-supported-versions": "2021-02-16-preview, 2024-09-01",
        "Cache-Control": "no-cache",
        "Content-Length": "868",
        "Content-Type": "application/json; charset=utf-8",
        "Date": "Mon, 10 Mar 2025 16:31:45 GMT",
        "Expires": "-1",
        "Pragma": "no-cache",
        "Strict-Transport-Security": "max-age=31536000; includeSubDomains",
        "X-Cache": "CONFIG_NOCACHE",
        "X-Content-Type-Options": "nosniff",
        "x-ms-correlation-request-id": "75ff4598-02f2-47dc-89a4-bda7b81fc8af",
        "x-ms-ratelimit-remaining-subscription-resource-requests": "799",
        "x-ms-request-id": "75ff4598-02f2-47dc-89a4-bda7b81fc8af",
        "x-ms-routing-request-id": "CENTRALUS:20250310T163145Z:75ff4598-02f2-47dc-89a4-bda7b81fc8af",
        "X-MSEdge-Ref": "Ref A: CBB38BE6F66D4572B99956C4A3151CAC Ref B: SN4AA2022302025 Ref C: 2025-03-10T16:31:45Z"
      },
      "ResponseBody": {
        "location": "centraluseuap",
        "tags": {
          "Migrate Project": "aszmigtest1d6ebba"
        },
        "properties": {
          "provisioningState": "Succeeded",
          "serviceResourceId": "111796c0-4b2e-4b02-be0f-67705278cbe1",
          "vaultType": "Migrate"
        },
        "identity": {
          "type": "SystemAssigned",
          "principalId": "00000000-0000-0000-0000-000000000000",
          "tenantId": "00000000-0000-0000-0000-000000000000"
        },
        "id": "/subscriptions/de3c4d5e-af08-451a-a873-438d86ab6f4b/resourceGroups/aszmige2etestscratchKPIvmw011cb3/providers/Microsoft.DataReplication/replicationVaults/aszmigtest1d6ebbareplicationvault",
        "name": "aszmigtest1d6ebbareplicationvault",
        "type": "Microsoft.DataReplication/replicationVaults",
        "systemData": {
          "createdBy": "Sanitized",
          "createdByType": "Application",
          "createdAt": "2025-03-06T19:42:04.6200935+00:00",
          "lastModifiedBy": "Sanitized",
          "lastModifiedByType": "Application",
          "lastModifiedAt": "2025-03-06T19:42:04.6200935+00:00"
        }
      }
    }
  ],
  "Variables": {
    "RandomSeed": "8769096",
    "RESOURCE_MANAGER_URL": null,
    "SUBSCRIPTION_ID": "8f1080e9-c622-4fe3-917f-92ac7a4d491a"
  }
}
