{
  "Entries": [
    {
      "RequestUri": "https://Sanitized.azure.com/api/projects/00000/threads?api-version=2025-05-15-preview",
      "RequestMethod": "POST",
      "RequestHeaders": {
        "Accept": "application/json",
        "Accept-Encoding": "gzip,deflate",
        "Authorization": "Sanitized",
        "Connection": "keep-alive",
        "Content-Length": "2",
        "Content-Type": "application/json",
        "User-Agent": "azsdk-js-client azsdk-js-api azsdk-js-ai-agents/1.0.0-beta.1 core-rest-pipeline/1.20.1 Node/22.10.0 OS/(x64-Windows_NT-10.0.22631)",
        "x-ms-client-request-id": "Sanitized"
      },
      "RequestBody": {},
      "StatusCode": 200,
      "ResponseHeaders": {
        "apim-request-id": "32eaf12c-4b14-4c7e-886b-ed69fadeb815",
        "azureml-served-by-cluster": "vienna-eastus-02",
        "Content-Length": "137",
        "Content-Type": "application/json",
        "Date": "Fri, 16 May 2025 20:46:30 GMT",
        "openai-organization": "1fa34553a93e4e53b531c64321ca4ae2",
        "openai-processing-ms": "119",
        "openai-version": "2020-10-01",
        "Request-Context": "appId=cid-v1:2d2e8e63-272e-4b3c-8598-4ee570a0e70d",
        "Strict-Transport-Security": "max-age=31536000; includeSubDomains; preload",
        "X-Content-Type-Options": "nosniff",
        "x-ms-middleware-request-id": "38088fcf-5d54-469d-a67e-9febba3aed99",
        "x-ms-region": "East US",
        "x-ms-response-type": "standard",
        "X-Request-ID": "b68506d2c133a4ddf1e49e576afc1b70",
        "x-request-time": "0.653"
      },
      "ResponseBody": {
        "id": "thread_p0aq22oAcYg77cKW8BMiENms",
        "object": "thread",
        "created_at": 1747428390,
        "metadata": {},
        "tool_resources": {}
      }
    },
    {
      "RequestUri": "https://Sanitized.azure.com/api/projects/00000/threads/thread_p0aq22oAcYg77cKW8BMiENms/messages?api-version=2025-05-15-preview",
      "RequestMethod": "POST",
      "RequestHeaders": {
        "Accept": "application/json",
        "Accept-Encoding": "gzip,deflate",
        "Authorization": "Sanitized",
        "Connection": "keep-alive",
        "Content-Length": "41",
        "Content-Type": "application/json",
        "User-Agent": "azsdk-js-client azsdk-js-api azsdk-js-ai-agents/1.0.0-beta.1 core-rest-pipeline/1.20.1 Node/22.10.0 OS/(x64-Windows_NT-10.0.22631)",
        "x-ms-client-request-id": "Sanitized"
      },
      "RequestBody": {
        "role": "user",
        "content": "hello, world!"
      },
      "StatusCode": 200,
      "ResponseHeaders": {
        "apim-request-id": "c113e755-ce8d-42b8-85fe-9b7f038e2590",
        "azureml-served-by-cluster": "vienna-eastus-02",
        "Content-Encoding": "gzip",
        "Content-Type": "application/json",
        "Date": "Fri, 16 May 2025 20:46:30 GMT",
        "openai-organization": "1fa34553a93e4e53b531c64321ca4ae2",
        "openai-processing-ms": "363",
        "openai-version": "2020-10-01",
        "Request-Context": "appId=cid-v1:2d2e8e63-272e-4b3c-8598-4ee570a0e70d",
        "Strict-Transport-Security": "max-age=31536000; includeSubDomains; preload",
        "Transfer-Encoding": "chunked",
        "Vary": "Accept-Encoding",
        "X-Content-Type-Options": "nosniff",
        "x-ms-middleware-request-id": "f7f07745-a555-4a54-b573-ed18fe3fbbbf",
        "x-ms-region": "East US",
        "x-ms-response-type": "standard",
        "X-Request-ID": "dc4a3fe45b71ea997a6e6656ffc8ef80",
        "x-request-time": "0.678"
      },
      "ResponseBody": {
        "id": "msg_VL1vE4mwfP3T8mu2NO1TY5W7",
        "object": "thread.message",
        "created_at": 1747428390,
        "assistant_id": null,
        "thread_id": "thread_p0aq22oAcYg77cKW8BMiENms",
        "run_id": null,
        "role": "user",
        "content": [
          {
            "type": "text",
            "text": {
              "value": "hello, world!",
              "annotations": []
            }
          }
        ],
        "attachments": [],
        "metadata": {}
      }
    },
    {
      "RequestUri": "https://Sanitized.azure.com/api/projects/00000/threads/thread_p0aq22oAcYg77cKW8BMiENms?api-version=2025-05-15-preview",
      "RequestMethod": "DELETE",
      "RequestHeaders": {
        "Accept": "application/json",
        "Accept-Encoding": "gzip,deflate",
        "Authorization": "Sanitized",
        "Connection": "keep-alive",
        "User-Agent": "azsdk-js-client azsdk-js-api azsdk-js-ai-agents/1.0.0-beta.1 core-rest-pipeline/1.20.1 Node/22.10.0 OS/(x64-Windows_NT-10.0.22631)",
        "x-ms-client-request-id": "Sanitized"
      },
      "RequestBody": null,
      "StatusCode": 200,
      "ResponseHeaders": {
        "apim-request-id": "0e491bbb-4dcf-4204-b972-536d146a2aa7",
        "azureml-served-by-cluster": "vienna-eastus-02",
        "Content-Length": "94",
        "Content-Type": "application/json",
        "Date": "Fri, 16 May 2025 20:46:31 GMT",
        "openai-organization": "1fa34553a93e4e53b531c64321ca4ae2",
        "openai-processing-ms": "101",
        "openai-version": "2020-10-01",
        "Request-Context": "appId=cid-v1:2d2e8e63-272e-4b3c-8598-4ee570a0e70d",
        "Strict-Transport-Security": "max-age=31536000; includeSubDomains; preload",
        "X-Content-Type-Options": "nosniff",
        "x-ms-middleware-request-id": "d4fa2b75-56e5-49a1-9e0b-ef2b87110600",
        "x-ms-region": "East US",
        "x-ms-response-type": "standard",
        "X-Request-ID": "6046894b0b60eee87425a04dcfb3c1dc",
        "x-request-time": "0.418"
      },
      "ResponseBody": {
        "id": "thread_p0aq22oAcYg77cKW8BMiENms",
        "object": "thread.deleted",
        "deleted": true
      }
    }
  ],
  "Variables": {}
}
