{
  "Entries": [
    {
      "RequestUri": "https://Sanitized.azure.com/agents/v1.0/subscriptions/00000000-0000-0000-0000-000000000000/resourceGroups/00000/providers/Microsoft.MachineLearningServices/workspaces/00000/threads?api-version=2024-07-01-preview",
      "RequestMethod": "POST",
      "RequestHeaders": {
        "Accept": "application/json",
        "Accept-Encoding": "gzip,deflate",
        "Authorization": "Sanitized",
        "Connection": "keep-alive",
        "Content-Length": "2",
        "Content-Type": "application/json",
        "User-Agent": "azsdk-js-client azsdk-js-api azsdk-js-ai-agents/1.0.0-beta.1 core-rest-pipeline/1.20.0 Node/22.10.0 OS/(x64-Windows_NT-10.0.22631)",
        "x-ms-client-request-id": "Sanitized"
      },
      "RequestBody": {},
      "StatusCode": 200,
      "ResponseHeaders": {
        "apim-request-id": "b202168a-b0ae-498f-94eb-26a51de83a15",
        "azureml-served-by-cluster": "vienna-eastus2-02",
        "Connection": "keep-alive",
        "Content-Length": "137",
        "Content-Type": "application/json",
        "Date": "Thu, 01 May 2025 16:54:13 GMT",
        "openai-organization": "b07780a9e940420e8b1a96b7bd930716",
        "openai-processing-ms": "418",
        "openai-version": "2020-10-01",
        "Request-Context": "appId=cid-v1:2d2e8e63-272e-4b3c-8598-4ee570a0e70d",
        "Strict-Transport-Security": "max-age=31536000; includeSubDomains; preload",
        "X-Content-Type-Options": "nosniff",
        "x-ms-middleware-request-id": "39d4c92d-eb43-4271-931d-7807675b3ded",
        "x-ms-region": "East US 2",
        "x-ms-response-type": "standard",
        "X-Request-ID": "a08dc09e84e9169d3ae6aa471a31557e",
        "x-request-time": "1.290"
      },
      "ResponseBody": {
        "id": "thread_uj1YlDhVzPV3DgrJLQWeCzq9",
        "object": "thread",
        "created_at": 1746118453,
        "metadata": {},
        "tool_resources": {}
      }
    },
    {
      "RequestUri": "https://Sanitized.azure.com/agents/v1.0/subscriptions/00000000-0000-0000-0000-000000000000/resourceGroups/00000/providers/Microsoft.MachineLearningServices/workspaces/00000/threads/thread_uj1YlDhVzPV3DgrJLQWeCzq9/messages?api-version=2024-07-01-preview",
      "RequestMethod": "POST",
      "RequestHeaders": {
        "Accept": "application/json",
        "Accept-Encoding": "gzip,deflate",
        "Authorization": "Sanitized",
        "Connection": "keep-alive",
        "Content-Length": "41",
        "Content-Type": "application/json",
        "User-Agent": "azsdk-js-client azsdk-js-api azsdk-js-ai-agents/1.0.0-beta.1 core-rest-pipeline/1.20.0 Node/22.10.0 OS/(x64-Windows_NT-10.0.22631)",
        "x-ms-client-request-id": "Sanitized"
      },
      "RequestBody": {
        "role": "user",
        "content": "hello, world!"
      },
      "StatusCode": 200,
      "ResponseHeaders": {
        "apim-request-id": "607738e6-e751-4a5b-9257-6eea3ad14363",
        "azureml-served-by-cluster": "vienna-eastus2-02",
        "Connection": "keep-alive",
        "Content-Encoding": "gzip",
        "Content-Type": "application/json",
        "Date": "Thu, 01 May 2025 16:54:14 GMT",
        "openai-organization": "b07780a9e940420e8b1a96b7bd930716",
        "openai-processing-ms": "793",
        "openai-version": "2020-10-01",
        "Request-Context": "appId=cid-v1:2d2e8e63-272e-4b3c-8598-4ee570a0e70d",
        "Strict-Transport-Security": "max-age=31536000; includeSubDomains; preload",
        "Transfer-Encoding": "chunked",
        "Vary": "Accept-Encoding",
        "X-Content-Type-Options": "nosniff",
        "x-ms-middleware-request-id": "16662693-fb08-4f43-8334-8a28468510c5",
        "x-ms-region": "East US 2",
        "x-ms-response-type": "standard",
        "X-Request-ID": "55bb6f77c4455f157372146a61967c65",
        "x-request-time": "0.948"
      },
      "ResponseBody": {
        "id": "msg_c8UE40TGu7JPr2FnJDYtbqfN",
        "object": "thread.message",
        "created_at": 1746118454,
        "assistant_id": null,
        "thread_id": "thread_uj1YlDhVzPV3DgrJLQWeCzq9",
        "run_id": null,
        "role": "user",
        "content": [
          {
            "type": "text",
            "text": {
              "value": "hello, world!",
              "annotations": []
            }
          }
        ],
        "attachments": [],
        "metadata": {}
      }
    },
    {
      "RequestUri": "https://Sanitized.azure.com/agents/v1.0/subscriptions/00000000-0000-0000-0000-000000000000/resourceGroups/00000/providers/Microsoft.MachineLearningServices/workspaces/00000/threads/thread_uj1YlDhVzPV3DgrJLQWeCzq9?api-version=2024-07-01-preview",
      "RequestMethod": "DELETE",
      "RequestHeaders": {
        "Accept": "application/json",
        "Accept-Encoding": "gzip,deflate",
        "Authorization": "Sanitized",
        "Connection": "keep-alive",
        "User-Agent": "azsdk-js-client azsdk-js-api azsdk-js-ai-agents/1.0.0-beta.1 core-rest-pipeline/1.20.0 Node/22.10.0 OS/(x64-Windows_NT-10.0.22631)",
        "x-ms-client-request-id": "Sanitized"
      },
      "RequestBody": null,
      "StatusCode": 200,
      "ResponseHeaders": {
        "apim-request-id": "7440ff69-3e76-4a0d-a998-6d8f123ca8ce",
        "azureml-served-by-cluster": "vienna-eastus2-02",
        "Connection": "keep-alive",
        "Content-Length": "94",
        "Content-Type": "application/json",
        "Date": "Thu, 01 May 2025 16:54:14 GMT",
        "openai-organization": "b07780a9e940420e8b1a96b7bd930716",
        "openai-processing-ms": "602",
        "openai-version": "2020-10-01",
        "Request-Context": "appId=cid-v1:2d2e8e63-272e-4b3c-8598-4ee570a0e70d",
        "Strict-Transport-Security": "max-age=31536000; includeSubDomains; preload",
        "X-Content-Type-Options": "nosniff",
        "x-ms-middleware-request-id": "21ddcf3e-c675-4e78-ac24-9637264c273c",
        "x-ms-region": "East US 2",
        "x-ms-response-type": "standard",
        "X-Request-ID": "2840e3c4b3c29b6c395bf8b25faf31bd",
        "x-request-time": "0.733"
      },
      "ResponseBody": {
        "id": "thread_uj1YlDhVzPV3DgrJLQWeCzq9",
        "object": "thread.deleted",
        "deleted": true
      }
    }
  ],
  "Variables": {}
}
