{
  "Entries": [
    {
      "RequestUri": "https://sanitized.communication.azure.com/availablePhoneNumbers/countries/US/localities?api-version=2023-10-01-preview",
      "RequestMethod": "GET",
      "RequestHeaders": {
        "Accept": "application/json",
        "Authorization": "Sanitized",
        "User-Agent": "azsdk-net-Communication.PhoneNumbers/1.2.0-alpha.20240116.1 (.NET Framework 4.8.9181.0; Microsoft Windows 10.0.22631 )",
        "x-ms-client-request-id": "77b2b077e369d59dd5db5e09e333dce3",
        "x-ms-content-sha256": "Sanitized",
        "x-ms-date": "Tue, 16 Jan 2024 21:34:18 GMT",
        "x-ms-return-client-request-id": "true"
      },
      "RequestBody": null,
      "StatusCode": 200,
      "ResponseHeaders": {
        "api-supported-versions": "2022-12-01, 2022-12-02-preview2, 2023-05-01-preview, 2023-10-01-preview, 2024-01-31-preview, 2024-03-01",
        "Cache-Control": "max-age=21600, private, stale-while-revalidate=86400",
        "Content-Length": "751",
        "Content-Type": "application/json; charset=utf-8",
        "Date": "Tue, 16 Jan 2024 21:34:19 GMT",
        "MS-CV": "TSfIuQLKD0y699Ursg\u002BeJA.0",
        "Strict-Transport-Security": "max-age=2592000",
        "X-Azure-Ref": "0WvamZQAAAACJs0fWgDHkRrpq5/6EfIt0V1NURURHRTAxMTcAY2M5Mjc1OGQtMDVmNy00YWQ2LWFhNWUtMGZhOTcxOGQ4OTg1",
        "X-Cache": "CONFIG_NOCACHE",
        "X-Processing-Time": "275ms"
      },
      "ResponseBody": {
        "phoneNumberLocalities": [
          {
            "localizedName": "Birmingham",
            "administrativeDivision": {
              "localizedName": "AL",
              "abbreviatedName": "AL"
            }
          },
          {
            "localizedName": "Huntsville",
            "administrativeDivision": {
              "localizedName": "AL",
              "abbreviatedName": "AL"
            }
          },
          {
            "localizedName": "Phoenix",
            "administrativeDivision": {
              "localizedName": "AZ",
              "abbreviatedName": "AZ"
            }
          },
          {
            "localizedName": "Los Angeles",
            "administrativeDivision": {
              "localizedName": "CA",
              "abbreviatedName": "CA"
            }
          },
          {
            "localizedName": "New York City",
            "administrativeDivision": {
              "localizedName": "NY",
              "abbreviatedName": "NY"
            }
          },
          {
            "localizedName": "Dallas",
            "administrativeDivision": {
              "localizedName": "TX",
              "abbreviatedName": "TX"
            }
          },
          {
            "localizedName": "Seattle",
            "administrativeDivision": {
              "localizedName": "WA",
              "abbreviatedName": "WA"
            }
          }
        ],
        "nextLink": null
      }
    },
    {
      "RequestUri": "https://sanitized.communication.azure.com/availablePhoneNumbers/countries/US/localities?api-version=2023-10-01-preview",
      "RequestMethod": "GET",
      "RequestHeaders": {
        "Accept": "application/json",
        "Authorization": "Sanitized",
        "User-Agent": "azsdk-net-Communication.PhoneNumbers/1.2.0-alpha.20240116.1 (.NET Framework 4.8.9181.0; Microsoft Windows 10.0.22631 )",
        "x-ms-client-request-id": "0ffe232d89ff01330ff0b06f5db58d30",
        "x-ms-content-sha256": "Sanitized",
        "x-ms-date": "Tue, 16 Jan 2024 21:34:19 GMT",
        "x-ms-return-client-request-id": "true"
      },
      "RequestBody": null,
      "StatusCode": 200,
      "ResponseHeaders": {
        "api-supported-versions": "2022-12-01, 2022-12-02-preview2, 2023-05-01-preview, 2023-10-01-preview, 2024-01-31-preview, 2024-03-01",
        "Cache-Control": "max-age=21600, private, stale-while-revalidate=86400",
        "Content-Length": "751",
        "Content-Type": "application/json; charset=utf-8",
        "Date": "Tue, 16 Jan 2024 21:34:19 GMT",
        "MS-CV": "pgLkC0NB7kuFE\u002BrySEmr8Q.0",
        "Strict-Transport-Security": "max-age=2592000",
        "X-Azure-Ref": "0W/amZQAAAABqv1AKIlHwQZboUYsUWyOQV1NURURHRTAxMTcAY2M5Mjc1OGQtMDVmNy00YWQ2LWFhNWUtMGZhOTcxOGQ4OTg1",
        "X-Cache": "CONFIG_NOCACHE",
        "X-Processing-Time": "274ms"
      },
      "ResponseBody": {
        "phoneNumberLocalities": [
          {
            "localizedName": "Birmingham",
            "administrativeDivision": {
              "localizedName": "AL",
              "abbreviatedName": "AL"
            }
          },
          {
            "localizedName": "Huntsville",
            "administrativeDivision": {
              "localizedName": "AL",
              "abbreviatedName": "AL"
            }
          },
          {
            "localizedName": "Phoenix",
            "administrativeDivision": {
              "localizedName": "AZ",
              "abbreviatedName": "AZ"
            }
          },
          {
            "localizedName": "Los Angeles",
            "administrativeDivision": {
              "localizedName": "CA",
              "abbreviatedName": "CA"
            }
          },
          {
            "localizedName": "New York City",
            "administrativeDivision": {
              "localizedName": "NY",
              "abbreviatedName": "NY"
            }
          },
          {
            "localizedName": "Dallas",
            "administrativeDivision": {
              "localizedName": "TX",
              "abbreviatedName": "TX"
            }
          },
          {
            "localizedName": "Seattle",
            "administrativeDivision": {
              "localizedName": "WA",
              "abbreviatedName": "WA"
            }
          }
        ],
        "nextLink": null
      }
    },
    {
      "RequestUri": "https://sanitized.communication.azure.com/availablePhoneNumbers/countries/US/areaCodes?phoneNumberType=geographic\u0026assignmentType=person\u0026locality=Birmingham\u0026administrativeDivision=AL\u0026api-version=2023-10-01-preview",
      "RequestMethod": "GET",
      "RequestHeaders": {
        "Accept": "application/json",
        "Authorization": "Sanitized",
        "User-Agent": "azsdk-net-Communication.PhoneNumbers/1.2.0-alpha.20240116.1 (.NET Framework 4.8.9181.0; Microsoft Windows 10.0.22631 )",
        "x-ms-client-request-id": "dd1929aac9d41efd051eaa7ce0c8f3bf",
        "x-ms-content-sha256": "Sanitized",
        "x-ms-date": "Tue, 16 Jan 2024 21:34:19 GMT",
        "x-ms-return-client-request-id": "true"
      },
      "RequestBody": null,
      "StatusCode": 200,
      "ResponseHeaders": {
        "api-supported-versions": "2021-03-07, 2022-12-01, 2022-12-02-preview2, 2023-05-01-preview, 2023-10-01-preview, 2024-01-31-preview, 2024-03-01",
        "Cache-Control": "max-age=21600, private, stale-while-revalidate=86400",
        "Content-Length": "50",
        "Content-Type": "application/json; charset=utf-8",
        "Date": "Tue, 16 Jan 2024 21:34:20 GMT",
        "MS-CV": "SwyFAgulkkaC\u002BUGDcY5i\u002BA.0",
        "Strict-Transport-Security": "max-age=2592000",
        "X-Azure-Ref": "0W/amZQAAAACGDcuhk404T7/cJQHD7y0BV1NURURHRTAxMTcAY2M5Mjc1OGQtMDVmNy00YWQ2LWFhNWUtMGZhOTcxOGQ4OTg1",
        "X-Cache": "CONFIG_NOCACHE",
        "X-Processing-Time": "1031ms"
      },
      "ResponseBody": {
        "areaCodes": [
          {
            "areaCode": "205"
          }
        ],
        "nextLink": null
      }
    },
    {
      "RequestUri": "https://sanitized.communication.azure.com/availablePhoneNumbers/countries/US/localities?api-version=2023-10-01-preview",
      "RequestMethod": "GET",
      "RequestHeaders": {
        "Accept": "application/json",
        "Authorization": "Sanitized",
        "User-Agent": "azsdk-net-Communication.PhoneNumbers/1.2.0-alpha.20240116.1 (.NET Framework 4.8.9181.0; Microsoft Windows 10.0.22631 )",
        "x-ms-client-request-id": "adaef0df60d3edb07cb06779322e7720",
        "x-ms-content-sha256": "Sanitized",
        "x-ms-date": "Tue, 16 Jan 2024 21:34:20 GMT",
        "x-ms-return-client-request-id": "true"
      },
      "RequestBody": null,
      "StatusCode": 200,
      "ResponseHeaders": {
        "api-supported-versions": "2022-12-01, 2022-12-02-preview2, 2023-05-01-preview, 2023-10-01-preview, 2024-01-31-preview, 2024-03-01",
        "Cache-Control": "max-age=21600, private, stale-while-revalidate=86400",
        "Content-Length": "751",
        "Content-Type": "application/json; charset=utf-8",
        "Date": "Tue, 16 Jan 2024 21:34:20 GMT",
        "MS-CV": "AWJnapIlaUa4\u002BIs6RNhqrw.0",
        "Strict-Transport-Security": "max-age=2592000",
        "X-Azure-Ref": "0XPamZQAAAAAVjCXEZaIRQbu/CWX0QmJkV1NURURHRTAxMTcAY2M5Mjc1OGQtMDVmNy00YWQ2LWFhNWUtMGZhOTcxOGQ4OTg1",
        "X-Cache": "CONFIG_NOCACHE",
        "X-Processing-Time": "305ms"
      },
      "ResponseBody": {
        "phoneNumberLocalities": [
          {
            "localizedName": "Birmingham",
            "administrativeDivision": {
              "localizedName": "AL",
              "abbreviatedName": "AL"
            }
          },
          {
            "localizedName": "Huntsville",
            "administrativeDivision": {
              "localizedName": "AL",
              "abbreviatedName": "AL"
            }
          },
          {
            "localizedName": "Phoenix",
            "administrativeDivision": {
              "localizedName": "AZ",
              "abbreviatedName": "AZ"
            }
          },
          {
            "localizedName": "Los Angeles",
            "administrativeDivision": {
              "localizedName": "CA",
              "abbreviatedName": "CA"
            }
          },
          {
            "localizedName": "New York City",
            "administrativeDivision": {
              "localizedName": "NY",
              "abbreviatedName": "NY"
            }
          },
          {
            "localizedName": "Dallas",
            "administrativeDivision": {
              "localizedName": "TX",
              "abbreviatedName": "TX"
            }
          },
          {
            "localizedName": "Seattle",
            "administrativeDivision": {
              "localizedName": "WA",
              "abbreviatedName": "WA"
            }
          }
        ],
        "nextLink": null
      }
    },
    {
      "RequestUri": "https://sanitized.communication.azure.com/availablePhoneNumbers/countries/US/localities?api-version=2023-10-01-preview",
      "RequestMethod": "GET",
      "RequestHeaders": {
        "Accept": "application/json",
        "Authorization": "Sanitized",
        "User-Agent": "azsdk-net-Communication.PhoneNumbers/1.2.0-alpha.20240116.1 (.NET Framework 4.8.9181.0; Microsoft Windows 10.0.22631 )",
        "x-ms-client-request-id": "ba5f2d4efe1a630f25e009e1deb62046",
        "x-ms-content-sha256": "Sanitized",
        "x-ms-date": "Tue, 16 Jan 2024 21:34:20 GMT",
        "x-ms-return-client-request-id": "true"
      },
      "RequestBody": null,
      "StatusCode": 200,
      "ResponseHeaders": {
        "api-supported-versions": "2022-12-01, 2022-12-02-preview2, 2023-05-01-preview, 2023-10-01-preview, 2024-01-31-preview, 2024-03-01",
        "Cache-Control": "max-age=21600, private, stale-while-revalidate=86400",
        "Content-Length": "751",
        "Content-Type": "application/json; charset=utf-8",
        "Date": "Tue, 16 Jan 2024 21:34:21 GMT",
        "MS-CV": "\u002B/2hpbHmvkm0etZVsUo0yw.0",
        "Strict-Transport-Security": "max-age=2592000",
        "X-Azure-Ref": "0XPamZQAAAADkHNVgTVwNR5jeWnSYXqcuV1NURURHRTAxMTcAY2M5Mjc1OGQtMDVmNy00YWQ2LWFhNWUtMGZhOTcxOGQ4OTg1",
        "X-Cache": "CONFIG_NOCACHE",
        "X-Processing-Time": "331ms"
      },
      "ResponseBody": {
        "phoneNumberLocalities": [
          {
            "localizedName": "Birmingham",
            "administrativeDivision": {
              "localizedName": "AL",
              "abbreviatedName": "AL"
            }
          },
          {
            "localizedName": "Huntsville",
            "administrativeDivision": {
              "localizedName": "AL",
              "abbreviatedName": "AL"
            }
          },
          {
            "localizedName": "Phoenix",
            "administrativeDivision": {
              "localizedName": "AZ",
              "abbreviatedName": "AZ"
            }
          },
          {
            "localizedName": "Los Angeles",
            "administrativeDivision": {
              "localizedName": "CA",
              "abbreviatedName": "CA"
            }
          },
          {
            "localizedName": "New York City",
            "administrativeDivision": {
              "localizedName": "NY",
              "abbreviatedName": "NY"
            }
          },
          {
            "localizedName": "Dallas",
            "administrativeDivision": {
              "localizedName": "TX",
              "abbreviatedName": "TX"
            }
          },
          {
            "localizedName": "Seattle",
            "administrativeDivision": {
              "localizedName": "WA",
              "abbreviatedName": "WA"
            }
          }
        ],
        "nextLink": null
      }
    },
    {
      "RequestUri": "https://sanitized.communication.azure.com/availablePhoneNumbers/countries/US/areaCodes?phoneNumberType=geographic\u0026maxPageSize=1\u0026assignmentType=person\u0026locality=Birmingham\u0026administrativeDivision=AL\u0026api-version=2023-10-01-preview",
      "RequestMethod": "GET",
      "RequestHeaders": {
        "Accept": "application/json",
        "Authorization": "Sanitized",
        "User-Agent": "azsdk-net-Communication.PhoneNumbers/1.2.0-alpha.20240116.1 (.NET Framework 4.8.9181.0; Microsoft Windows 10.0.22631 )",
        "x-ms-client-request-id": "6d8ff0fcdf06495d782b61236184ebd7",
        "x-ms-content-sha256": "Sanitized",
        "x-ms-date": "Tue, 16 Jan 2024 21:34:21 GMT",
        "x-ms-return-client-request-id": "true"
      },
      "RequestBody": null,
      "StatusCode": 200,
      "ResponseHeaders": {
        "api-supported-versions": "2021-03-07, 2022-12-01, 2022-12-02-preview2, 2023-05-01-preview, 2023-10-01-preview, 2024-01-31-preview, 2024-03-01",
        "Cache-Control": "max-age=21600, private, stale-while-revalidate=86400",
        "Content-Length": "240",
        "Content-Type": "application/json; charset=utf-8",
        "Date": "Tue, 16 Jan 2024 21:34:22 GMT",
        "MS-CV": "Yg3C7t7CNkuSTeilRxzLug.0",
        "Strict-Transport-Security": "max-age=2592000",
        "X-Azure-Ref": "0XfamZQAAAAAuKSLo8yuBTLP\u002BqqsrPF/6V1NURURHRTAxMTcAY2M5Mjc1OGQtMDVmNy00YWQ2LWFhNWUtMGZhOTcxOGQ4OTg1",
        "X-Cache": "CONFIG_NOCACHE",
        "X-Processing-Time": "1068ms"
      },
      "ResponseBody": {
        "areaCodes": [
          {
            "areaCode": "205"
          }
        ],
        "nextLink": "/availablePhoneNumbers/countries/US/areaCodes?phoneNumberType=geographic\u0026maxPageSize=1\u0026assignmentType=person\u0026locality=Birmingham\u0026administrativeDivision=AL\u0026api-version=2023-10-01-preview\u0026skip=1"
      }
    },
    {
      "RequestUri": "https://sanitized.communication.azure.com/availablePhoneNumbers/countries/US/areaCodes?phoneNumberType=geographic\u0026maxPageSize=1\u0026assignmentType=person\u0026locality=Birmingham\u0026administrativeDivision=AL\u0026api-version=2023-10-01-preview\u0026skip=1",
      "RequestMethod": "GET",
      "RequestHeaders": {
        "Accept": "application/json",
        "Authorization": "Sanitized",
        "User-Agent": "azsdk-net-Communication.PhoneNumbers/1.2.0-alpha.20240116.1 (.NET Framework 4.8.9181.0; Microsoft Windows 10.0.22631 )",
        "x-ms-client-request-id": "b32e8aa63968e1a5e14b88f357cf0ec5",
        "x-ms-content-sha256": "Sanitized",
        "x-ms-date": "Tue, 16 Jan 2024 21:34:22 GMT",
        "x-ms-return-client-request-id": "true"
      },
      "RequestBody": null,
      "StatusCode": 200,
      "ResponseHeaders": {
        "api-supported-versions": "2021-03-07, 2022-12-01, 2022-12-02-preview2, 2023-05-01-preview, 2023-10-01-preview, 2024-01-31-preview, 2024-03-01",
        "Cache-Control": "max-age=21600, private, stale-while-revalidate=86400",
        "Content-Length": "222",
        "Content-Type": "application/json; charset=utf-8",
        "Date": "Tue, 16 Jan 2024 21:34:23 GMT",
        "MS-CV": "KL9W5NRB\u002Bki9C1c9zRdtCA.0",
        "Strict-Transport-Security": "max-age=2592000",
        "X-Azure-Ref": "0XvamZQAAAACDdAquVRNuRaniatzDUHgoV1NURURHRTAxMTcAY2M5Mjc1OGQtMDVmNy00YWQ2LWFhNWUtMGZhOTcxOGQ4OTg1",
        "X-Cache": "CONFIG_NOCACHE",
        "X-Processing-Time": "1057ms"
      },
      "ResponseBody": {
        "areaCodes": [],
        "nextLink": "/availablePhoneNumbers/countries/US/areaCodes?phoneNumberType=geographic\u0026maxPageSize=1\u0026assignmentType=person\u0026locality=Birmingham\u0026administrativeDivision=AL\u0026api-version=2023-10-01-preview\u0026skip=2"
      }
    }
  ],
  "Variables": {
    "COMMUNICATION_LIVETEST_STATIC_CONNECTION_STRING": "endpoint=https://sanitized.communication.azure.com/;accesskey=Kg==",
    "RandomSeed": "805912472"
  }
}
