{
  "Entries": [
    {
      "RequestUri": "https://management.azure.com/subscriptions/8443df5e-8e12-4cd9-810e-c525196fecae/resourcegroups/Communication-RG-1307?api-version=2022-09-01",
      "RequestMethod": "GET",
      "RequestHeaders": {
        "Accept": "application/json",
        "Authorization": "Sanitized",
        "traceparent": "00-9fdedd2d9d74d0a7115243cc3458172f-1d278d1bdb751ffc-00",
        "User-Agent": "azsdk-net-ResourceManager/1.7.0 (.NET Framework 4.8.9167.0; Microsoft Windows 10.0.22621 )",
        "x-ms-client-request-id": "e35d74423354fb8b5d8abfea8e363233",
        "x-ms-return-client-request-id": "true"
      },
      "RequestBody": null,
      "StatusCode": 200,
      "ResponseHeaders": {
        "Cache-Control": "no-cache",
        "Content-Length": "240",
        "Content-Type": "application/json; charset=utf-8",
        "Date": "Sat, 19 Aug 2023 13:20:37 GMT",
        "Expires": "-1",
        "Pragma": "no-cache",
        "Strict-Transport-Security": "max-age=31536000; includeSubDomains",
        "X-Content-Type-Options": "nosniff",
        "x-ms-correlation-request-id": "63e619dd-011c-48d8-a877-67246d633e0b",
        "x-ms-ratelimit-remaining-subscription-reads": "11998",
        "x-ms-request-id": "63e619dd-011c-48d8-a877-67246d633e0b",
        "x-ms-routing-request-id": "WESTUS2:20230819T132038Z:63e619dd-011c-48d8-a877-67246d633e0b"
      },
      "ResponseBody": {
        "id": "/subscriptions/8443df5e-8e12-4cd9-810e-c525196fecae/resourceGroups/Communication-RG-1307",
        "name": "Communication-RG-1307",
        "type": "Microsoft.Resources/resourceGroups",
        "location": "westus2",
        "properties": {
          "provisioningState": "Succeeded"
        }
      }
    },
    {
      "RequestUri": "https://management.azure.com/subscriptions/8443df5e-8e12-4cd9-810e-c525196fecae/resourceGroups/Communication-RG-1307/providers/Microsoft.Communication/emailServices/email-service-727?api-version=2023-04-01-preview",
      "RequestMethod": "PUT",
      "RequestHeaders": {
        "Accept": "application/json",
        "Authorization": "Sanitized",
        "Content-Length": "76",
        "Content-Type": "application/json",
        "traceparent": "00-c0df9dc03516f18d766736ba9e3a5e52-a8724fc615e74020-00",
        "User-Agent": "azsdk-net-ResourceManager.Communication/1.2.0-alpha.20230817.1 (.NET Framework 4.8.9167.0; Microsoft Windows 10.0.22621 )",
        "x-ms-client-request-id": "d61ca2708d0af459861d61e100c29ef3",
        "x-ms-return-client-request-id": "true"
      },
      "RequestBody": {
        "tags": {},
        "location": "global",
        "properties": {
          "dataLocation": "UnitedStates"
        }
      },
      "StatusCode": 201,
      "ResponseHeaders": {
        "Azure-AsyncOperation": "https://management.azure.com/subscriptions/8443df5e-8e12-4cd9-810e-c525196fecae/providers/Microsoft.Communication/locations/WESTUS2/operationStatuses/fbff17e0-8dc2-41db-b315-90625d6e4f47*5338095E49BB06BC11258CBB652EB32FACF2355479DC6CCD26EA7D1E755CBE99?api-version=2023-04-01-preview",
        "Cache-Control": "no-cache",
        "Content-Length": "621",
        "Content-Type": "application/json; charset=utf-8",
        "Date": "Sat, 19 Aug 2023 13:20:38 GMT",
        "ETag": "\u0022af00dad7-0000-0700-0000-64e0c1a60000\u0022",
        "Expires": "-1",
        "mise-correlation-id": "8923ceb3-6a3b-4ab3-b9c3-c72be607a3e2",
        "Pragma": "no-cache",
        "Request-Context": "appId=",
        "Strict-Transport-Security": "max-age=31536000; includeSubDomains",
        "X-Content-Type-Options": "nosniff",
        "x-ms-client-request-id": "d61ca2708d0af459861d61e100c29ef3",
        "x-ms-correlation-request-id": "19013571-2466-478e-9a6b-f3a724b3897d",
        "x-ms-providerhub-traffic": "True",
        "x-ms-ratelimit-remaining-subscription-writes": "1199",
        "x-ms-request-id": "fbff17e0-8dc2-41db-b315-90625d6e4f47",
        "x-ms-routing-request-id": "WESTUS2:20230819T132038Z:19013571-2466-478e-9a6b-f3a724b3897d"
      },
      "ResponseBody": {
        "id": "/subscriptions/8443df5e-8e12-4cd9-810e-c525196fecae/resourceGroups/Communication-RG-1307/providers/Microsoft.Communication/emailServices/email-service-727",
        "name": "email-service-727",
        "type": "microsoft.communication/emailservices",
        "location": "global",
        "tags": {},
        "systemData": {
          "createdBy": "00226471-3a95-403e-98c0-dca45fecd307",
          "createdByType": "Application",
          "createdAt": "2023-08-19T13:20:38.2433452Z",
          "lastModifiedBy": "00226471-3a95-403e-98c0-dca45fecd307",
          "lastModifiedByType": "Application",
          "lastModifiedAt": "2023-08-19T13:20:38.2433452Z"
        },
        "properties": {
          "dataLocation": "UnitedStates",
          "provisioningState": "Accepted"
        }
      }
    },
    {
      "RequestUri": "https://management.azure.com/subscriptions/8443df5e-8e12-4cd9-810e-c525196fecae/providers/Microsoft.Communication/locations/WESTUS2/operationStatuses/fbff17e0-8dc2-41db-b315-90625d6e4f47*5338095E49BB06BC11258CBB652EB32FACF2355479DC6CCD26EA7D1E755CBE99?api-version=2023-04-01-preview",
      "RequestMethod": "GET",
      "RequestHeaders": {
        "Authorization": "Sanitized",
        "traceparent": "00-c0df9dc03516f18d766736ba9e3a5e52-096e463cf2372ef4-00",
        "User-Agent": "azsdk-net-ResourceManager/1.7.0 (.NET Framework 4.8.9167.0; Microsoft Windows 10.0.22621 )",
        "x-ms-client-request-id": "bf65cae35522e73803eecd15291a5cc8",
        "x-ms-return-client-request-id": "true"
      },
      "RequestBody": null,
      "StatusCode": 200,
      "ResponseHeaders": {
        "Cache-Control": "no-cache",
        "Content-Length": "576",
        "Content-Type": "application/json; charset=utf-8",
        "Date": "Sat, 19 Aug 2023 13:20:38 GMT",
        "ETag": "\u002208006b0f-0000-0800-0000-64e0c1a60000\u0022",
        "Expires": "-1",
        "Pragma": "no-cache",
        "Strict-Transport-Security": "max-age=31536000; includeSubDomains",
        "X-Content-Type-Options": "nosniff",
        "x-ms-client-request-id": "bf65cae35522e73803eecd15291a5cc8",
        "x-ms-correlation-request-id": "0228bd0c-e50b-430b-8326-c2591ea12527",
        "x-ms-ratelimit-remaining-subscription-reads": "11997",
        "x-ms-request-id": "bbc57745-3410-44fb-87d5-2ab6b608cc44",
        "x-ms-routing-request-id": "WESTUS2:20230819T132038Z:0228bd0c-e50b-430b-8326-c2591ea12527"
      },
      "ResponseBody": {
        "id": "/subscriptions/8443df5e-8e12-4cd9-810e-c525196fecae/providers/Microsoft.Communication/locations/WESTUS2/operationStatuses/fbff17e0-8dc2-41db-b315-90625d6e4f47*5338095E49BB06BC11258CBB652EB32FACF2355479DC6CCD26EA7D1E755CBE99",
        "name": "fbff17e0-8dc2-41db-b315-90625d6e4f47*5338095E49BB06BC11258CBB652EB32FACF2355479DC6CCD26EA7D1E755CBE99",
        "resourceId": "/subscriptions/8443df5e-8e12-4cd9-810e-c525196fecae/resourceGroups/Communication-RG-1307/providers/Microsoft.Communication/emailServices/email-service-727",
        "status": "Accepted",
        "startTime": "2023-08-19T13:20:38.4117949Z"
      }
    },
    {
      "RequestUri": "https://management.azure.com/subscriptions/8443df5e-8e12-4cd9-810e-c525196fecae/providers/Microsoft.Communication/locations/WESTUS2/operationStatuses/fbff17e0-8dc2-41db-b315-90625d6e4f47*5338095E49BB06BC11258CBB652EB32FACF2355479DC6CCD26EA7D1E755CBE99?api-version=2023-04-01-preview",
      "RequestMethod": "GET",
      "RequestHeaders": {
        "Authorization": "Sanitized",
        "traceparent": "00-c0df9dc03516f18d766736ba9e3a5e52-30bfda6fe16d54ae-00",
        "User-Agent": "azsdk-net-ResourceManager/1.7.0 (.NET Framework 4.8.9167.0; Microsoft Windows 10.0.22621 )",
        "x-ms-client-request-id": "44bdf620aee6560d7300dc38bc9d2abf",
        "x-ms-return-client-request-id": "true"
      },
      "RequestBody": null,
      "StatusCode": 200,
      "ResponseHeaders": {
        "Cache-Control": "no-cache",
        "Content-Length": "576",
        "Content-Type": "application/json; charset=utf-8",
        "Date": "Sat, 19 Aug 2023 13:20:39 GMT",
        "ETag": "\u002208006b0f-0000-0800-0000-64e0c1a60000\u0022",
        "Expires": "-1",
        "Pragma": "no-cache",
        "Strict-Transport-Security": "max-age=31536000; includeSubDomains",
        "X-Content-Type-Options": "nosniff",
        "x-ms-client-request-id": "44bdf620aee6560d7300dc38bc9d2abf",
        "x-ms-correlation-request-id": "371e0279-b0d4-4383-9687-cde8b57377b9",
        "x-ms-ratelimit-remaining-subscription-reads": "11996",
        "x-ms-request-id": "fc1dbef4-9181-40d8-ab74-5d4f5f9025fb",
        "x-ms-routing-request-id": "WESTUS2:20230819T132039Z:371e0279-b0d4-4383-9687-cde8b57377b9"
      },
      "ResponseBody": {
        "id": "/subscriptions/8443df5e-8e12-4cd9-810e-c525196fecae/providers/Microsoft.Communication/locations/WESTUS2/operationStatuses/fbff17e0-8dc2-41db-b315-90625d6e4f47*5338095E49BB06BC11258CBB652EB32FACF2355479DC6CCD26EA7D1E755CBE99",
        "name": "fbff17e0-8dc2-41db-b315-90625d6e4f47*5338095E49BB06BC11258CBB652EB32FACF2355479DC6CCD26EA7D1E755CBE99",
        "resourceId": "/subscriptions/8443df5e-8e12-4cd9-810e-c525196fecae/resourceGroups/Communication-RG-1307/providers/Microsoft.Communication/emailServices/email-service-727",
        "status": "Accepted",
        "startTime": "2023-08-19T13:20:38.4117949Z"
      }
    },
    {
      "RequestUri": "https://management.azure.com/subscriptions/8443df5e-8e12-4cd9-810e-c525196fecae/providers/Microsoft.Communication/locations/WESTUS2/operationStatuses/fbff17e0-8dc2-41db-b315-90625d6e4f47*5338095E49BB06BC11258CBB652EB32FACF2355479DC6CCD26EA7D1E755CBE99?api-version=2023-04-01-preview",
      "RequestMethod": "GET",
      "RequestHeaders": {
        "Authorization": "Sanitized",
        "traceparent": "00-c0df9dc03516f18d766736ba9e3a5e52-4e34ab5e39137239-00",
        "User-Agent": "azsdk-net-ResourceManager/1.7.0 (.NET Framework 4.8.9167.0; Microsoft Windows 10.0.22621 )",
        "x-ms-client-request-id": "36fd751fdf5d7ad1ba64802b4b18f2de",
        "x-ms-return-client-request-id": "true"
      },
      "RequestBody": null,
      "StatusCode": 200,
      "ResponseHeaders": {
        "Cache-Control": "no-cache",
        "Content-Length": "576",
        "Content-Type": "application/json; charset=utf-8",
        "Date": "Sat, 19 Aug 2023 13:20:40 GMT",
        "ETag": "\u002208006b0f-0000-0800-0000-64e0c1a60000\u0022",
        "Expires": "-1",
        "Pragma": "no-cache",
        "Strict-Transport-Security": "max-age=31536000; includeSubDomains",
        "X-Content-Type-Options": "nosniff",
        "x-ms-client-request-id": "36fd751fdf5d7ad1ba64802b4b18f2de",
        "x-ms-correlation-request-id": "40616c2e-9d47-4357-8495-9873b8a5ff98",
        "x-ms-ratelimit-remaining-subscription-reads": "11995",
        "x-ms-request-id": "3d0b1b50-4ec1-4c06-bf0a-d569c0e39450",
        "x-ms-routing-request-id": "WESTUS2:20230819T132040Z:40616c2e-9d47-4357-8495-9873b8a5ff98"
      },
      "ResponseBody": {
        "id": "/subscriptions/8443df5e-8e12-4cd9-810e-c525196fecae/providers/Microsoft.Communication/locations/WESTUS2/operationStatuses/fbff17e0-8dc2-41db-b315-90625d6e4f47*5338095E49BB06BC11258CBB652EB32FACF2355479DC6CCD26EA7D1E755CBE99",
        "name": "fbff17e0-8dc2-41db-b315-90625d6e4f47*5338095E49BB06BC11258CBB652EB32FACF2355479DC6CCD26EA7D1E755CBE99",
        "resourceId": "/subscriptions/8443df5e-8e12-4cd9-810e-c525196fecae/resourceGroups/Communication-RG-1307/providers/Microsoft.Communication/emailServices/email-service-727",
        "status": "Accepted",
        "startTime": "2023-08-19T13:20:38.4117949Z"
      }
    },
    {
      "RequestUri": "https://management.azure.com/subscriptions/8443df5e-8e12-4cd9-810e-c525196fecae/providers/Microsoft.Communication/locations/WESTUS2/operationStatuses/fbff17e0-8dc2-41db-b315-90625d6e4f47*5338095E49BB06BC11258CBB652EB32FACF2355479DC6CCD26EA7D1E755CBE99?api-version=2023-04-01-preview",
      "RequestMethod": "GET",
      "RequestHeaders": {
        "Authorization": "Sanitized",
        "traceparent": "00-c0df9dc03516f18d766736ba9e3a5e52-fd2731fceb5755b8-00",
        "User-Agent": "azsdk-net-ResourceManager/1.7.0 (.NET Framework 4.8.9167.0; Microsoft Windows 10.0.22621 )",
        "x-ms-client-request-id": "d39b0875ba093406bc0e4b2178002a65",
        "x-ms-return-client-request-id": "true"
      },
      "RequestBody": null,
      "StatusCode": 200,
      "ResponseHeaders": {
        "Cache-Control": "no-cache",
        "Content-Length": "576",
        "Content-Type": "application/json; charset=utf-8",
        "Date": "Sat, 19 Aug 2023 13:20:41 GMT",
        "ETag": "\u002208006b0f-0000-0800-0000-64e0c1a60000\u0022",
        "Expires": "-1",
        "Pragma": "no-cache",
        "Strict-Transport-Security": "max-age=31536000; includeSubDomains",
        "X-Content-Type-Options": "nosniff",
        "x-ms-client-request-id": "d39b0875ba093406bc0e4b2178002a65",
        "x-ms-correlation-request-id": "63ae239e-b195-496b-9819-f2c93561d9bd",
        "x-ms-ratelimit-remaining-subscription-reads": "11994",
        "x-ms-request-id": "fe8881d0-0e21-4358-879b-dad95143824b",
        "x-ms-routing-request-id": "WESTUS2:20230819T132041Z:63ae239e-b195-496b-9819-f2c93561d9bd"
      },
      "ResponseBody": {
        "id": "/subscriptions/8443df5e-8e12-4cd9-810e-c525196fecae/providers/Microsoft.Communication/locations/WESTUS2/operationStatuses/fbff17e0-8dc2-41db-b315-90625d6e4f47*5338095E49BB06BC11258CBB652EB32FACF2355479DC6CCD26EA7D1E755CBE99",
        "name": "fbff17e0-8dc2-41db-b315-90625d6e4f47*5338095E49BB06BC11258CBB652EB32FACF2355479DC6CCD26EA7D1E755CBE99",
        "resourceId": "/subscriptions/8443df5e-8e12-4cd9-810e-c525196fecae/resourceGroups/Communication-RG-1307/providers/Microsoft.Communication/emailServices/email-service-727",
        "status": "Accepted",
        "startTime": "2023-08-19T13:20:38.4117949Z"
      }
    },
    {
      "RequestUri": "https://management.azure.com/subscriptions/8443df5e-8e12-4cd9-810e-c525196fecae/providers/Microsoft.Communication/locations/WESTUS2/operationStatuses/fbff17e0-8dc2-41db-b315-90625d6e4f47*5338095E49BB06BC11258CBB652EB32FACF2355479DC6CCD26EA7D1E755CBE99?api-version=2023-04-01-preview",
      "RequestMethod": "GET",
      "RequestHeaders": {
        "Authorization": "Sanitized",
        "traceparent": "00-c0df9dc03516f18d766736ba9e3a5e52-2fd3fe60b4dbb04f-00",
        "User-Agent": "azsdk-net-ResourceManager/1.7.0 (.NET Framework 4.8.9167.0; Microsoft Windows 10.0.22621 )",
        "x-ms-client-request-id": "b4f60ec4261d416b254289812de20a5a",
        "x-ms-return-client-request-id": "true"
      },
      "RequestBody": null,
      "StatusCode": 200,
      "ResponseHeaders": {
        "Cache-Control": "no-cache",
        "Content-Length": "576",
        "Content-Type": "application/json; charset=utf-8",
        "Date": "Sat, 19 Aug 2023 13:20:43 GMT",
        "ETag": "\u002208006b0f-0000-0800-0000-64e0c1a60000\u0022",
        "Expires": "-1",
        "Pragma": "no-cache",
        "Strict-Transport-Security": "max-age=31536000; includeSubDomains",
        "X-Content-Type-Options": "nosniff",
        "x-ms-client-request-id": "b4f60ec4261d416b254289812de20a5a",
        "x-ms-correlation-request-id": "12026e69-5ca5-480c-b6f8-d08dac59d860",
        "x-ms-ratelimit-remaining-subscription-reads": "11993",
        "x-ms-request-id": "82f7b288-8693-4b09-ac28-5e433dcabcd1",
        "x-ms-routing-request-id": "WESTUS2:20230819T132043Z:12026e69-5ca5-480c-b6f8-d08dac59d860"
      },
      "ResponseBody": {
        "id": "/subscriptions/8443df5e-8e12-4cd9-810e-c525196fecae/providers/Microsoft.Communication/locations/WESTUS2/operationStatuses/fbff17e0-8dc2-41db-b315-90625d6e4f47*5338095E49BB06BC11258CBB652EB32FACF2355479DC6CCD26EA7D1E755CBE99",
        "name": "fbff17e0-8dc2-41db-b315-90625d6e4f47*5338095E49BB06BC11258CBB652EB32FACF2355479DC6CCD26EA7D1E755CBE99",
        "resourceId": "/subscriptions/8443df5e-8e12-4cd9-810e-c525196fecae/resourceGroups/Communication-RG-1307/providers/Microsoft.Communication/emailServices/email-service-727",
        "status": "Accepted",
        "startTime": "2023-08-19T13:20:38.4117949Z"
      }
    },
    {
      "RequestUri": "https://management.azure.com/subscriptions/8443df5e-8e12-4cd9-810e-c525196fecae/providers/Microsoft.Communication/locations/WESTUS2/operationStatuses/fbff17e0-8dc2-41db-b315-90625d6e4f47*5338095E49BB06BC11258CBB652EB32FACF2355479DC6CCD26EA7D1E755CBE99?api-version=2023-04-01-preview",
      "RequestMethod": "GET",
      "RequestHeaders": {
        "Authorization": "Sanitized",
        "traceparent": "00-c0df9dc03516f18d766736ba9e3a5e52-bd8d37e8d797a322-00",
        "User-Agent": "azsdk-net-ResourceManager/1.7.0 (.NET Framework 4.8.9167.0; Microsoft Windows 10.0.22621 )",
        "x-ms-client-request-id": "b4c2fe0e560264b56fc9794e93af02b9",
        "x-ms-return-client-request-id": "true"
      },
      "RequestBody": null,
      "StatusCode": 200,
      "ResponseHeaders": {
        "Cache-Control": "no-cache",
        "Content-Length": "576",
        "Content-Type": "application/json; charset=utf-8",
        "Date": "Sat, 19 Aug 2023 13:20:47 GMT",
        "ETag": "\u002208006b0f-0000-0800-0000-64e0c1a60000\u0022",
        "Expires": "-1",
        "Pragma": "no-cache",
        "Strict-Transport-Security": "max-age=31536000; includeSubDomains",
        "X-Content-Type-Options": "nosniff",
        "x-ms-client-request-id": "b4c2fe0e560264b56fc9794e93af02b9",
        "x-ms-correlation-request-id": "7c4b1879-88d4-4d3d-87fd-48cea4dc7dda",
        "x-ms-ratelimit-remaining-subscription-reads": "11992",
        "x-ms-request-id": "85702061-5b8a-474d-9c91-82af6b290d8c",
        "x-ms-routing-request-id": "WESTUS2:20230819T132047Z:7c4b1879-88d4-4d3d-87fd-48cea4dc7dda"
      },
      "ResponseBody": {
        "id": "/subscriptions/8443df5e-8e12-4cd9-810e-c525196fecae/providers/Microsoft.Communication/locations/WESTUS2/operationStatuses/fbff17e0-8dc2-41db-b315-90625d6e4f47*5338095E49BB06BC11258CBB652EB32FACF2355479DC6CCD26EA7D1E755CBE99",
        "name": "fbff17e0-8dc2-41db-b315-90625d6e4f47*5338095E49BB06BC11258CBB652EB32FACF2355479DC6CCD26EA7D1E755CBE99",
        "resourceId": "/subscriptions/8443df5e-8e12-4cd9-810e-c525196fecae/resourceGroups/Communication-RG-1307/providers/Microsoft.Communication/emailServices/email-service-727",
        "status": "Accepted",
        "startTime": "2023-08-19T13:20:38.4117949Z"
      }
    },
    {
      "RequestUri": "https://management.azure.com/subscriptions/8443df5e-8e12-4cd9-810e-c525196fecae/providers/Microsoft.Communication/locations/WESTUS2/operationStatuses/fbff17e0-8dc2-41db-b315-90625d6e4f47*5338095E49BB06BC11258CBB652EB32FACF2355479DC6CCD26EA7D1E755CBE99?api-version=2023-04-01-preview",
      "RequestMethod": "GET",
      "RequestHeaders": {
        "Authorization": "Sanitized",
        "traceparent": "00-c0df9dc03516f18d766736ba9e3a5e52-e768406d745c99a2-00",
        "User-Agent": "azsdk-net-ResourceManager/1.7.0 (.NET Framework 4.8.9167.0; Microsoft Windows 10.0.22621 )",
        "x-ms-client-request-id": "3d671b3a3d224fc19c59aec7308406da",
        "x-ms-return-client-request-id": "true"
      },
      "RequestBody": null,
      "StatusCode": 200,
      "ResponseHeaders": {
        "Cache-Control": "no-cache",
        "Content-Length": "576",
        "Content-Type": "application/json; charset=utf-8",
        "Date": "Sat, 19 Aug 2023 13:20:55 GMT",
        "ETag": "\u002208006b0f-0000-0800-0000-64e0c1a60000\u0022",
        "Expires": "-1",
        "Pragma": "no-cache",
        "Strict-Transport-Security": "max-age=31536000; includeSubDomains",
        "X-Content-Type-Options": "nosniff",
        "x-ms-client-request-id": "3d671b3a3d224fc19c59aec7308406da",
        "x-ms-correlation-request-id": "f4912f60-2d84-4d46-8357-fd8666310d7b",
        "x-ms-ratelimit-remaining-subscription-reads": "11991",
        "x-ms-request-id": "38fd45bc-9580-4b58-8e18-0e5e999e32cf",
        "x-ms-routing-request-id": "WESTUS2:20230819T132055Z:f4912f60-2d84-4d46-8357-fd8666310d7b"
      },
      "ResponseBody": {
        "id": "/subscriptions/8443df5e-8e12-4cd9-810e-c525196fecae/providers/Microsoft.Communication/locations/WESTUS2/operationStatuses/fbff17e0-8dc2-41db-b315-90625d6e4f47*5338095E49BB06BC11258CBB652EB32FACF2355479DC6CCD26EA7D1E755CBE99",
        "name": "fbff17e0-8dc2-41db-b315-90625d6e4f47*5338095E49BB06BC11258CBB652EB32FACF2355479DC6CCD26EA7D1E755CBE99",
        "resourceId": "/subscriptions/8443df5e-8e12-4cd9-810e-c525196fecae/resourceGroups/Communication-RG-1307/providers/Microsoft.Communication/emailServices/email-service-727",
        "status": "Accepted",
        "startTime": "2023-08-19T13:20:38.4117949Z"
      }
    },
    {
      "RequestUri": "https://management.azure.com/subscriptions/8443df5e-8e12-4cd9-810e-c525196fecae/providers/Microsoft.Communication/locations/WESTUS2/operationStatuses/fbff17e0-8dc2-41db-b315-90625d6e4f47*5338095E49BB06BC11258CBB652EB32FACF2355479DC6CCD26EA7D1E755CBE99?api-version=2023-04-01-preview",
      "RequestMethod": "GET",
      "RequestHeaders": {
        "Authorization": "Sanitized",
        "traceparent": "00-c0df9dc03516f18d766736ba9e3a5e52-f2af73ddc7a9f773-00",
        "User-Agent": "azsdk-net-ResourceManager/1.7.0 (.NET Framework 4.8.9167.0; Microsoft Windows 10.0.22621 )",
        "x-ms-client-request-id": "7a13f004753d6d6359924554ac1cad75",
        "x-ms-return-client-request-id": "true"
      },
      "RequestBody": null,
      "StatusCode": 200,
      "ResponseHeaders": {
        "Cache-Control": "no-cache",
        "Content-Length": "576",
        "Content-Type": "application/json; charset=utf-8",
        "Date": "Sat, 19 Aug 2023 13:21:11 GMT",
        "ETag": "\u002208006b0f-0000-0800-0000-64e0c1a60000\u0022",
        "Expires": "-1",
        "Pragma": "no-cache",
        "Strict-Transport-Security": "max-age=31536000; includeSubDomains",
        "X-Content-Type-Options": "nosniff",
        "x-ms-client-request-id": "7a13f004753d6d6359924554ac1cad75",
        "x-ms-correlation-request-id": "751e610c-ff24-4a42-bb7d-9282ba6d8974",
        "x-ms-ratelimit-remaining-subscription-reads": "11990",
        "x-ms-request-id": "0c4506cf-fdc8-4f1b-b502-ca14e84b5f22",
        "x-ms-routing-request-id": "WESTUS2:20230819T132111Z:751e610c-ff24-4a42-bb7d-9282ba6d8974"
      },
      "ResponseBody": {
        "id": "/subscriptions/8443df5e-8e12-4cd9-810e-c525196fecae/providers/Microsoft.Communication/locations/WESTUS2/operationStatuses/fbff17e0-8dc2-41db-b315-90625d6e4f47*5338095E49BB06BC11258CBB652EB32FACF2355479DC6CCD26EA7D1E755CBE99",
        "name": "fbff17e0-8dc2-41db-b315-90625d6e4f47*5338095E49BB06BC11258CBB652EB32FACF2355479DC6CCD26EA7D1E755CBE99",
        "resourceId": "/subscriptions/8443df5e-8e12-4cd9-810e-c525196fecae/resourceGroups/Communication-RG-1307/providers/Microsoft.Communication/emailServices/email-service-727",
        "status": "Accepted",
        "startTime": "2023-08-19T13:20:38.4117949Z"
      }
    },
    {
      "RequestUri": "https://management.azure.com/subscriptions/8443df5e-8e12-4cd9-810e-c525196fecae/providers/Microsoft.Communication/locations/WESTUS2/operationStatuses/fbff17e0-8dc2-41db-b315-90625d6e4f47*5338095E49BB06BC11258CBB652EB32FACF2355479DC6CCD26EA7D1E755CBE99?api-version=2023-04-01-preview",
      "RequestMethod": "GET",
      "RequestHeaders": {
        "Authorization": "Sanitized",
        "traceparent": "00-c0df9dc03516f18d766736ba9e3a5e52-6517bb3695d07b03-00",
        "User-Agent": "azsdk-net-ResourceManager/1.7.0 (.NET Framework 4.8.9167.0; Microsoft Windows 10.0.22621 )",
        "x-ms-client-request-id": "1247d040cd7ad0383c7317a8a8ee33ea",
        "x-ms-return-client-request-id": "true"
      },
      "RequestBody": null,
      "StatusCode": 200,
      "ResponseHeaders": {
        "Cache-Control": "no-cache",
        "Content-Length": "576",
        "Content-Type": "application/json; charset=utf-8",
        "Date": "Sat, 19 Aug 2023 13:21:43 GMT",
        "ETag": "\u002208006b0f-0000-0800-0000-64e0c1a60000\u0022",
        "Expires": "-1",
        "Pragma": "no-cache",
        "Strict-Transport-Security": "max-age=31536000; includeSubDomains",
        "X-Content-Type-Options": "nosniff",
        "x-ms-client-request-id": "1247d040cd7ad0383c7317a8a8ee33ea",
        "x-ms-correlation-request-id": "22cf0eff-e4cd-42ed-98d3-62db65a96eba",
        "x-ms-ratelimit-remaining-subscription-reads": "11989",
        "x-ms-request-id": "d31eba9d-54f7-466d-98fa-d97e2686d7ba",
        "x-ms-routing-request-id": "WESTUS2:20230819T132144Z:22cf0eff-e4cd-42ed-98d3-62db65a96eba"
      },
      "ResponseBody": {
        "id": "/subscriptions/8443df5e-8e12-4cd9-810e-c525196fecae/providers/Microsoft.Communication/locations/WESTUS2/operationStatuses/fbff17e0-8dc2-41db-b315-90625d6e4f47*5338095E49BB06BC11258CBB652EB32FACF2355479DC6CCD26EA7D1E755CBE99",
        "name": "fbff17e0-8dc2-41db-b315-90625d6e4f47*5338095E49BB06BC11258CBB652EB32FACF2355479DC6CCD26EA7D1E755CBE99",
        "resourceId": "/subscriptions/8443df5e-8e12-4cd9-810e-c525196fecae/resourceGroups/Communication-RG-1307/providers/Microsoft.Communication/emailServices/email-service-727",
        "status": "Accepted",
        "startTime": "2023-08-19T13:20:38.4117949Z"
      }
    },
    {
      "RequestUri": "https://management.azure.com/subscriptions/8443df5e-8e12-4cd9-810e-c525196fecae/providers/Microsoft.Communication/locations/WESTUS2/operationStatuses/fbff17e0-8dc2-41db-b315-90625d6e4f47*5338095E49BB06BC11258CBB652EB32FACF2355479DC6CCD26EA7D1E755CBE99?api-version=2023-04-01-preview",
      "RequestMethod": "GET",
      "RequestHeaders": {
        "Authorization": "Sanitized",
        "traceparent": "00-c0df9dc03516f18d766736ba9e3a5e52-5b263ddc95731db2-00",
        "User-Agent": "azsdk-net-ResourceManager/1.7.0 (.NET Framework 4.8.9167.0; Microsoft Windows 10.0.22621 )",
        "x-ms-client-request-id": "a24a9ec2879cc47bb7fae490f86da280",
        "x-ms-return-client-request-id": "true"
      },
      "RequestBody": null,
      "StatusCode": 200,
      "ResponseHeaders": {
        "Cache-Control": "no-cache",
        "Content-Length": "595",
        "Content-Type": "application/json; charset=utf-8",
        "Date": "Sat, 19 Aug 2023 13:22:15 GMT",
        "ETag": "\u0022220051fe-0000-0700-0000-64e0c1e80000\u0022",
        "Expires": "-1",
        "Pragma": "no-cache",
        "Strict-Transport-Security": "max-age=31536000; includeSubDomains",
        "X-Content-Type-Options": "nosniff",
        "x-ms-client-request-id": "a24a9ec2879cc47bb7fae490f86da280",
        "x-ms-correlation-request-id": "299a692e-f655-4efd-a043-8450a70bb712",
        "x-ms-ratelimit-remaining-subscription-reads": "11988",
        "x-ms-request-id": "0c32910b-25e6-485d-8d5c-2a36c86155cb",
        "x-ms-routing-request-id": "WESTUS2:20230819T132216Z:299a692e-f655-4efd-a043-8450a70bb712"
      },
      "ResponseBody": {
        "id": "/subscriptions/8443df5e-8e12-4cd9-810e-c525196fecae/providers/Microsoft.Communication/locations/WESTUS2/operationStatuses/fbff17e0-8dc2-41db-b315-90625d6e4f47*5338095E49BB06BC11258CBB652EB32FACF2355479DC6CCD26EA7D1E755CBE99",
        "name": "fbff17e0-8dc2-41db-b315-90625d6e4f47*5338095E49BB06BC11258CBB652EB32FACF2355479DC6CCD26EA7D1E755CBE99",
        "resourceId": "/subscriptions/8443df5e-8e12-4cd9-810e-c525196fecae/resourceGroups/Communication-RG-1307/providers/Microsoft.Communication/emailServices/email-service-727",
        "status": "Succeeded",
        "startTime": "2023-08-19T13:20:38.4117949Z",
        "properties": null
      }
    },
    {
      "RequestUri": "https://management.azure.com/subscriptions/8443df5e-8e12-4cd9-810e-c525196fecae/resourceGroups/Communication-RG-1307/providers/Microsoft.Communication/emailServices/email-service-727?api-version=2023-04-01-preview",
      "RequestMethod": "GET",
      "RequestHeaders": {
        "Authorization": "Sanitized",
        "traceparent": "00-c0df9dc03516f18d766736ba9e3a5e52-744ac78d122c8e76-00",
        "User-Agent": "azsdk-net-ResourceManager/1.7.0 (.NET Framework 4.8.9167.0; Microsoft Windows 10.0.22621 )",
        "x-ms-client-request-id": "608638acf33d3660b8423eca5dbac56a",
        "x-ms-return-client-request-id": "true"
      },
      "RequestBody": null,
      "StatusCode": 200,
      "ResponseHeaders": {
        "Cache-Control": "no-cache",
        "Content-Length": "622",
        "Content-Type": "application/json; charset=utf-8",
        "Date": "Sat, 19 Aug 2023 13:22:15 GMT",
        "ETag": "\u0022af00bdd9-0000-0700-0000-64e0c1b10000\u0022",
        "Expires": "-1",
        "Pragma": "no-cache",
        "Strict-Transport-Security": "max-age=31536000; includeSubDomains",
        "X-Content-Type-Options": "nosniff",
        "x-ms-client-request-id": "608638acf33d3660b8423eca5dbac56a",
        "x-ms-correlation-request-id": "86681817-a760-4d1c-ab56-2c0aa4072624",
        "x-ms-providerhub-traffic": "True",
        "x-ms-ratelimit-remaining-subscription-reads": "11987",
        "x-ms-request-id": "69881147-e216-4d72-bce8-d9b9cc65ea4a",
        "x-ms-routing-request-id": "WESTUS2:20230819T132216Z:86681817-a760-4d1c-ab56-2c0aa4072624"
      },
      "ResponseBody": {
        "id": "/subscriptions/8443df5e-8e12-4cd9-810e-c525196fecae/resourceGroups/Communication-RG-1307/providers/Microsoft.Communication/emailServices/email-service-727",
        "name": "email-service-727",
        "type": "microsoft.communication/emailservices",
        "location": "global",
        "tags": {},
        "systemData": {
          "createdBy": "00226471-3a95-403e-98c0-dca45fecd307",
          "createdByType": "Application",
          "createdAt": "2023-08-19T13:20:38.2433452Z",
          "lastModifiedBy": "00226471-3a95-403e-98c0-dca45fecd307",
          "lastModifiedByType": "Application",
          "lastModifiedAt": "2023-08-19T13:20:38.2433452Z"
        },
        "properties": {
          "provisioningState": "Succeeded",
          "dataLocation": "UnitedStates"
        }
      }
    },
    {
      "RequestUri": "https://management.azure.com/subscriptions/8443df5e-8e12-4cd9-810e-c525196fecae/resourceGroups/Communication-RG-1307/providers/Microsoft.Communication/emailServices/email-service-727?api-version=2023-04-01-preview",
      "RequestMethod": "GET",
      "RequestHeaders": {
        "Accept": "application/json",
        "Authorization": "Sanitized",
        "traceparent": "00-c3b52269779fe081dba121e6fc6110fe-690ad02bdbcda04e-00",
        "User-Agent": "azsdk-net-ResourceManager.Communication/1.2.0-alpha.20230817.1 (.NET Framework 4.8.9167.0; Microsoft Windows 10.0.22621 )",
        "x-ms-client-request-id": "0e915b5e0bd2b9d854825a80e9a8d8cf",
        "x-ms-return-client-request-id": "true"
      },
      "RequestBody": null,
      "StatusCode": 200,
      "ResponseHeaders": {
        "Cache-Control": "no-cache",
        "Content-Length": "622",
        "Content-Type": "application/json; charset=utf-8",
        "Date": "Sat, 19 Aug 2023 13:22:15 GMT",
        "ETag": "\u0022af00bdd9-0000-0700-0000-64e0c1b10000\u0022",
        "Expires": "-1",
        "Pragma": "no-cache",
        "Strict-Transport-Security": "max-age=31536000; includeSubDomains",
        "X-Content-Type-Options": "nosniff",
        "x-ms-client-request-id": "0e915b5e0bd2b9d854825a80e9a8d8cf",
        "x-ms-correlation-request-id": "6c6a2647-f985-468f-82c3-b2d3208f5a90",
        "x-ms-providerhub-traffic": "True",
        "x-ms-ratelimit-remaining-subscription-reads": "11986",
        "x-ms-request-id": "fe60f5a0-f591-4e03-91ce-b39139429a82",
        "x-ms-routing-request-id": "WESTUS2:20230819T132216Z:6c6a2647-f985-468f-82c3-b2d3208f5a90"
      },
      "ResponseBody": {
        "id": "/subscriptions/8443df5e-8e12-4cd9-810e-c525196fecae/resourceGroups/Communication-RG-1307/providers/Microsoft.Communication/emailServices/email-service-727",
        "name": "email-service-727",
        "type": "microsoft.communication/emailservices",
        "location": "global",
        "tags": {},
        "systemData": {
          "createdBy": "00226471-3a95-403e-98c0-dca45fecd307",
          "createdByType": "Application",
          "createdAt": "2023-08-19T13:20:38.2433452Z",
          "lastModifiedBy": "00226471-3a95-403e-98c0-dca45fecd307",
          "lastModifiedByType": "Application",
          "lastModifiedAt": "2023-08-19T13:20:38.2433452Z"
        },
        "properties": {
          "provisioningState": "Succeeded",
          "dataLocation": "UnitedStates"
        }
      }
    },
    {
      "RequestUri": "https://management.azure.com/subscriptions/8443df5e-8e12-4cd9-810e-c525196fecae/resourceGroups/Communication-RG-1307/providers/Microsoft.Communication/emailServices/email-service-727?api-version=2023-04-01-preview",
      "RequestMethod": "PATCH",
      "RequestHeaders": {
        "Accept": "application/json",
        "Authorization": "Sanitized",
        "Content-Length": "32",
        "Content-Type": "application/json",
        "traceparent": "00-c3b52269779fe081dba121e6fc6110fe-c3c90ca1f9678993-00",
        "User-Agent": "azsdk-net-ResourceManager.Communication/1.2.0-alpha.20230817.1 (.NET Framework 4.8.9167.0; Microsoft Windows 10.0.22621 )",
        "x-ms-client-request-id": "6ffc97d0d268ceac3e13ea5a49b166fd",
        "x-ms-return-client-request-id": "true"
      },
      "RequestBody": {
        "tags": {
          "testkey": "testvalue"
        }
      },
      "StatusCode": 200,
      "ResponseHeaders": {
        "Cache-Control": "no-cache",
        "Content-Length": "643",
        "Content-Type": "application/json; charset=utf-8",
        "Date": "Sat, 19 Aug 2023 13:22:16 GMT",
        "ETag": "\u0022af0034e4-0000-0700-0000-64e0c2080000\u0022",
        "Expires": "-1",
        "Pragma": "no-cache",
        "Strict-Transport-Security": "max-age=31536000; includeSubDomains",
        "X-Content-Type-Options": "nosniff",
        "x-ms-client-request-id": "6ffc97d0d268ceac3e13ea5a49b166fd",
        "x-ms-correlation-request-id": "fc238a63-9328-4b40-986d-1b5a8a63170d",
        "x-ms-providerhub-traffic": "True",
        "x-ms-ratelimit-remaining-subscription-writes": "1198",
        "x-ms-request-id": "9fae0ff5-f975-4992-bba2-0e6298e153f8",
        "x-ms-routing-request-id": "WESTUS2:20230819T132216Z:fc238a63-9328-4b40-986d-1b5a8a63170d"
      },
      "ResponseBody": {
        "id": "/subscriptions/8443df5e-8e12-4cd9-810e-c525196fecae/resourceGroups/Communication-RG-1307/providers/Microsoft.Communication/emailServices/email-service-727",
        "name": "email-service-727",
        "type": "microsoft.communication/emailservices",
        "location": "global",
        "tags": {
          "testkey": "testvalue"
        },
        "systemData": {
          "createdBy": "00226471-3a95-403e-98c0-dca45fecd307",
          "createdByType": "Application",
          "createdAt": "2023-08-19T13:20:38.2433452Z",
          "lastModifiedBy": "00226471-3a95-403e-98c0-dca45fecd307",
          "lastModifiedByType": "Application",
          "lastModifiedAt": "2023-08-19T13:22:16.3678849Z"
        },
        "properties": {
          "provisioningState": "Succeeded",
          "dataLocation": "UnitedStates"
        }
      }
    },
    {
      "RequestUri": "https://management.azure.com/subscriptions/8443df5e-8e12-4cd9-810e-c525196fecae/resourceGroups/Communication-RG-1307/providers/Microsoft.Communication/emailServices/email-service-727?api-version=2023-04-01-preview",
      "RequestMethod": "GET",
      "RequestHeaders": {
        "Accept": "application/json",
        "Authorization": "Sanitized",
        "traceparent": "00-017670adec6f963c4a02e9bc468d6941-7544a1b634ea71f9-00",
        "User-Agent": "azsdk-net-ResourceManager.Communication/1.2.0-alpha.20230817.1 (.NET Framework 4.8.9167.0; Microsoft Windows 10.0.22621 )",
        "x-ms-client-request-id": "c6f96e6955bd8c02aec3d0be207e70a2",
        "x-ms-return-client-request-id": "true"
      },
      "RequestBody": null,
      "StatusCode": 200,
      "ResponseHeaders": {
        "Cache-Control": "no-cache",
        "Content-Length": "643",
        "Content-Type": "application/json; charset=utf-8",
        "Date": "Sat, 19 Aug 2023 13:22:16 GMT",
        "ETag": "\u0022af0034e4-0000-0700-0000-64e0c2080000\u0022",
        "Expires": "-1",
        "Pragma": "no-cache",
        "Strict-Transport-Security": "max-age=31536000; includeSubDomains",
        "X-Content-Type-Options": "nosniff",
        "x-ms-client-request-id": "c6f96e6955bd8c02aec3d0be207e70a2",
        "x-ms-correlation-request-id": "e1b823b8-9af1-42e7-a678-b8b7858f95c4",
        "x-ms-providerhub-traffic": "True",
        "x-ms-ratelimit-remaining-subscription-reads": "11985",
        "x-ms-request-id": "c4d4a906-8e3d-4bef-a90a-047e440229bd",
        "x-ms-routing-request-id": "WESTUS2:20230819T132216Z:e1b823b8-9af1-42e7-a678-b8b7858f95c4"
      },
      "ResponseBody": {
        "id": "/subscriptions/8443df5e-8e12-4cd9-810e-c525196fecae/resourceGroups/Communication-RG-1307/providers/Microsoft.Communication/emailServices/email-service-727",
        "name": "email-service-727",
        "type": "microsoft.communication/emailservices",
        "location": "global",
        "tags": {
          "testkey": "testvalue"
        },
        "systemData": {
          "createdBy": "00226471-3a95-403e-98c0-dca45fecd307",
          "createdByType": "Application",
          "createdAt": "2023-08-19T13:20:38.2433452Z",
          "lastModifiedBy": "00226471-3a95-403e-98c0-dca45fecd307",
          "lastModifiedByType": "Application",
          "lastModifiedAt": "2023-08-19T13:22:16.3678849Z"
        },
        "properties": {
          "provisioningState": "Succeeded",
          "dataLocation": "UnitedStates"
        }
      }
    },
    {
      "RequestUri": "https://management.azure.com/subscriptions/8443df5e-8e12-4cd9-810e-c525196fecae/resourceGroups/Communication-RG-1307/providers/Microsoft.Communication/emailServices?api-version=2023-04-01-preview",
      "RequestMethod": "GET",
      "RequestHeaders": {
        "Accept": "application/json",
        "Authorization": "Sanitized",
        "traceparent": "00-6e0545882a97c95fe9ccea41dc83e259-8597b7a62e2d784c-00",
        "User-Agent": "azsdk-net-ResourceManager.Communication/1.2.0-alpha.20230817.1 (.NET Framework 4.8.9167.0; Microsoft Windows 10.0.22621 )",
        "x-ms-client-request-id": "6f4a5d1c3b773cf3e95b0f9bc6f2355d",
        "x-ms-return-client-request-id": "true"
      },
      "RequestBody": null,
      "StatusCode": 200,
      "ResponseHeaders": {
        "Cache-Control": "no-cache",
        "Content-Length": "655",
        "Content-Type": "application/json; charset=utf-8",
        "Date": "Sat, 19 Aug 2023 13:22:16 GMT",
        "Expires": "-1",
        "Pragma": "no-cache",
        "Strict-Transport-Security": "max-age=31536000; includeSubDomains",
        "X-Content-Type-Options": "nosniff",
        "x-ms-client-request-id": "6f4a5d1c3b773cf3e95b0f9bc6f2355d",
        "x-ms-correlation-request-id": "12cb950f-0440-4028-b2a5-0e2373d400c8",
        "x-ms-providerhub-traffic": "True",
        "x-ms-ratelimit-remaining-subscription-reads": "11984",
        "x-ms-request-id": "0f0a9774-3384-463e-90a2-67a877f29421",
        "x-ms-routing-request-id": "WESTUS2:20230819T132216Z:12cb950f-0440-4028-b2a5-0e2373d400c8"
      },
      "ResponseBody": {
        "value": [
          {
            "id": "/subscriptions/8443df5e-8e12-4cd9-810e-c525196fecae/resourceGroups/Communication-RG-1307/providers/Microsoft.Communication/emailServices/email-service-727",
            "name": "email-service-727",
            "type": "microsoft.communication/emailservices",
            "location": "global",
            "tags": {
              "testkey": "testvalue"
            },
            "systemData": {
              "createdBy": "00226471-3a95-403e-98c0-dca45fecd307",
              "createdByType": "Application",
              "createdAt": "2023-08-19T13:20:38.2433452Z",
              "lastModifiedBy": "00226471-3a95-403e-98c0-dca45fecd307",
              "lastModifiedByType": "Application",
              "lastModifiedAt": "2023-08-19T13:22:16.3678849Z"
            },
            "properties": {
              "provisioningState": "Succeeded",
              "dataLocation": "UnitedStates"
            }
          }
        ]
      }
    },
    {
      "RequestUri": "https://management.azure.com/subscriptions/8443df5e-8e12-4cd9-810e-c525196fecae/resourceGroups/Communication-RG-1307/providers/Microsoft.Communication/emailServices/email-service-727?api-version=2023-04-01-preview",
      "RequestMethod": "DELETE",
      "RequestHeaders": {
        "Accept": "application/json",
        "Authorization": "Sanitized",
        "traceparent": "00-ccaaed6657c1f1604b65e209f9bd4ccb-23e123bf3d0f6674-00",
        "User-Agent": "azsdk-net-ResourceManager.Communication/1.2.0-alpha.20230817.1 (.NET Framework 4.8.9167.0; Microsoft Windows 10.0.22621 )",
        "x-ms-client-request-id": "daf0dbc6a0b8df3f76a5ee18c4ef80e1",
        "x-ms-return-client-request-id": "true"
      },
      "RequestBody": null,
      "StatusCode": 202,
      "ResponseHeaders": {
        "Azure-AsyncOperation": "https://management.azure.com/subscriptions/8443df5e-8e12-4cd9-810e-c525196fecae/providers/Microsoft.Communication/locations/WESTUS2/operationStatuses/83660253-99fb-4c67-968a-81cdc713429a*5338095E49BB06BC11258CBB652EB32FACF2355479DC6CCD26EA7D1E755CBE99?api-version=2023-04-01-preview",
        "Cache-Control": "no-cache",
        "Content-Length": "4",
        "Content-Type": "application/json; charset=utf-8",
        "Date": "Sat, 19 Aug 2023 13:22:16 GMT",
        "ETag": "\u0022af004ce4-0000-0700-0000-64e0c2090000\u0022",
        "Expires": "-1",
        "Location": "https://management.azure.com/subscriptions/8443df5e-8e12-4cd9-810e-c525196fecae/providers/Microsoft.Communication/locations/WESTUS2/operationStatuses/83660253-99fb-4c67-968a-81cdc713429a*5338095E49BB06BC11258CBB652EB32FACF2355479DC6CCD26EA7D1E755CBE99?api-version=2023-04-01-preview",
        "Pragma": "no-cache",
        "Strict-Transport-Security": "max-age=31536000; includeSubDomains",
        "X-Content-Type-Options": "nosniff",
        "x-ms-client-request-id": "daf0dbc6a0b8df3f76a5ee18c4ef80e1",
        "x-ms-correlation-request-id": "e2c0e758-166a-410c-9800-7b0de0597b34",
        "x-ms-providerhub-traffic": "True",
        "x-ms-ratelimit-remaining-subscription-deletes": "14999",
        "x-ms-request-id": "83660253-99fb-4c67-968a-81cdc713429a",
        "x-ms-routing-request-id": "WESTUS2:20230819T132217Z:e2c0e758-166a-410c-9800-7b0de0597b34"
      },
      "ResponseBody": "null"
    },
    {
      "RequestUri": "https://management.azure.com/subscriptions/8443df5e-8e12-4cd9-810e-c525196fecae/providers/Microsoft.Communication/locations/WESTUS2/operationStatuses/83660253-99fb-4c67-968a-81cdc713429a*5338095E49BB06BC11258CBB652EB32FACF2355479DC6CCD26EA7D1E755CBE99?api-version=2023-04-01-preview",
      "RequestMethod": "GET",
      "RequestHeaders": {
        "Authorization": "Sanitized",
        "traceparent": "00-ccaaed6657c1f1604b65e209f9bd4ccb-3472062c91c85433-00",
        "User-Agent": "azsdk-net-ResourceManager/1.7.0 (.NET Framework 4.8.9167.0; Microsoft Windows 10.0.22621 )",
        "x-ms-client-request-id": "45f8728d958d7bea1d6bf8d24cdb78f9",
        "x-ms-return-client-request-id": "true"
      },
      "RequestBody": null,
      "StatusCode": 202,
      "ResponseHeaders": {
        "Azure-AsyncOperation": "https://management.azure.com/subscriptions/8443df5e-8e12-4cd9-810e-c525196fecae/providers/Microsoft.Communication/locations/westus2/operationStatuses/83660253-99fb-4c67-968a-81cdc713429a*5338095E49BB06BC11258CBB652EB32FACF2355479DC6CCD26EA7D1E755CBE99?api-version=2023-04-01-preview",
        "Cache-Control": "no-cache",
        "Content-Length": "576",
        "Content-Type": "application/json; charset=utf-8",
        "Date": "Sat, 19 Aug 2023 13:22:16 GMT",
        "ETag": "\u00220800ff0f-0000-0800-0000-64e0c2090000\u0022",
        "Expires": "-1",
        "Location": "https://management.azure.com/subscriptions/8443df5e-8e12-4cd9-810e-c525196fecae/providers/Microsoft.Communication/locations/westus2/operationStatuses/83660253-99fb-4c67-968a-81cdc713429a*5338095E49BB06BC11258CBB652EB32FACF2355479DC6CCD26EA7D1E755CBE99?api-version=2023-04-01-preview",
        "Pragma": "no-cache",
        "Strict-Transport-Security": "max-age=31536000; includeSubDomains",
        "X-Content-Type-Options": "nosniff",
        "x-ms-client-request-id": "45f8728d958d7bea1d6bf8d24cdb78f9",
        "x-ms-correlation-request-id": "713e5ce6-f826-4b49-8aad-476bc3bc61ef",
        "x-ms-ratelimit-remaining-subscription-reads": "11983",
        "x-ms-request-id": "895608e2-0c55-4be4-9d4a-70a4093a51e0",
        "x-ms-routing-request-id": "WESTUS2:20230819T132217Z:713e5ce6-f826-4b49-8aad-476bc3bc61ef"
      },
      "ResponseBody": {
        "id": "/subscriptions/8443df5e-8e12-4cd9-810e-c525196fecae/providers/Microsoft.Communication/locations/WESTUS2/operationStatuses/83660253-99fb-4c67-968a-81cdc713429a*5338095E49BB06BC11258CBB652EB32FACF2355479DC6CCD26EA7D1E755CBE99",
        "name": "83660253-99fb-4c67-968a-81cdc713429a*5338095E49BB06BC11258CBB652EB32FACF2355479DC6CCD26EA7D1E755CBE99",
        "resourceId": "/subscriptions/8443df5e-8e12-4cd9-810e-c525196fecae/resourceGroups/Communication-RG-1307/providers/Microsoft.Communication/emailServices/email-service-727",
        "status": "Deleting",
        "startTime": "2023-08-19T13:22:17.0415205Z"
      }
    },
    {
      "RequestUri": "https://management.azure.com/subscriptions/8443df5e-8e12-4cd9-810e-c525196fecae/providers/Microsoft.Communication/locations/westus2/operationStatuses/83660253-99fb-4c67-968a-81cdc713429a*5338095E49BB06BC11258CBB652EB32FACF2355479DC6CCD26EA7D1E755CBE99?api-version=2023-04-01-preview",
      "RequestMethod": "GET",
      "RequestHeaders": {
        "Authorization": "Sanitized",
        "traceparent": "00-ccaaed6657c1f1604b65e209f9bd4ccb-f4e8c41d5ccf80e2-00",
        "User-Agent": "azsdk-net-ResourceManager/1.7.0 (.NET Framework 4.8.9167.0; Microsoft Windows 10.0.22621 )",
        "x-ms-client-request-id": "5c3e2edbfa53e8c843c25ffbc3dd990f",
        "x-ms-return-client-request-id": "true"
      },
      "RequestBody": null,
      "StatusCode": 202,
      "ResponseHeaders": {
        "Azure-AsyncOperation": "https://management.azure.com/subscriptions/8443df5e-8e12-4cd9-810e-c525196fecae/providers/Microsoft.Communication/locations/westus2/operationStatuses/83660253-99fb-4c67-968a-81cdc713429a*5338095E49BB06BC11258CBB652EB32FACF2355479DC6CCD26EA7D1E755CBE99?api-version=2023-04-01-preview",
        "Cache-Control": "no-cache",
        "Content-Length": "576",
        "Content-Type": "application/json; charset=utf-8",
        "Date": "Sat, 19 Aug 2023 13:22:17 GMT",
        "ETag": "\u00220800ff0f-0000-0800-0000-64e0c2090000\u0022",
        "Expires": "-1",
        "Location": "https://management.azure.com/subscriptions/8443df5e-8e12-4cd9-810e-c525196fecae/providers/Microsoft.Communication/locations/westus2/operationStatuses/83660253-99fb-4c67-968a-81cdc713429a*5338095E49BB06BC11258CBB652EB32FACF2355479DC6CCD26EA7D1E755CBE99?api-version=2023-04-01-preview",
        "Pragma": "no-cache",
        "Strict-Transport-Security": "max-age=31536000; includeSubDomains",
        "X-Content-Type-Options": "nosniff",
        "x-ms-client-request-id": "5c3e2edbfa53e8c843c25ffbc3dd990f",
        "x-ms-correlation-request-id": "65a7b715-e0f0-44c7-b25e-0d5c8e1bcaff",
        "x-ms-ratelimit-remaining-subscription-reads": "11982",
        "x-ms-request-id": "0b6c0150-5854-4897-8eb8-4c68c8ae0eb6",
        "x-ms-routing-request-id": "WESTUS2:20230819T132218Z:65a7b715-e0f0-44c7-b25e-0d5c8e1bcaff"
      },
      "ResponseBody": {
        "id": "/subscriptions/8443df5e-8e12-4cd9-810e-c525196fecae/providers/Microsoft.Communication/locations/westus2/operationStatuses/83660253-99fb-4c67-968a-81cdc713429a*5338095E49BB06BC11258CBB652EB32FACF2355479DC6CCD26EA7D1E755CBE99",
        "name": "83660253-99fb-4c67-968a-81cdc713429a*5338095E49BB06BC11258CBB652EB32FACF2355479DC6CCD26EA7D1E755CBE99",
        "resourceId": "/subscriptions/8443df5e-8e12-4cd9-810e-c525196fecae/resourceGroups/Communication-RG-1307/providers/Microsoft.Communication/emailServices/email-service-727",
        "status": "Deleting",
        "startTime": "2023-08-19T13:22:17.0415205Z"
      }
    },
    {
      "RequestUri": "https://management.azure.com/subscriptions/8443df5e-8e12-4cd9-810e-c525196fecae/providers/Microsoft.Communication/locations/westus2/operationStatuses/83660253-99fb-4c67-968a-81cdc713429a*5338095E49BB06BC11258CBB652EB32FACF2355479DC6CCD26EA7D1E755CBE99?api-version=2023-04-01-preview",
      "RequestMethod": "GET",
      "RequestHeaders": {
        "Authorization": "Sanitized",
        "traceparent": "00-ccaaed6657c1f1604b65e209f9bd4ccb-852f923dd1726cc2-00",
        "User-Agent": "azsdk-net-ResourceManager/1.7.0 (.NET Framework 4.8.9167.0; Microsoft Windows 10.0.22621 )",
        "x-ms-client-request-id": "518b32df3bf7c7547f221d29e4c5e19f",
        "x-ms-return-client-request-id": "true"
      },
      "RequestBody": null,
      "StatusCode": 202,
      "ResponseHeaders": {
        "Azure-AsyncOperation": "https://management.azure.com/subscriptions/8443df5e-8e12-4cd9-810e-c525196fecae/providers/Microsoft.Communication/locations/westus2/operationStatuses/83660253-99fb-4c67-968a-81cdc713429a*5338095E49BB06BC11258CBB652EB32FACF2355479DC6CCD26EA7D1E755CBE99?api-version=2023-04-01-preview",
        "Cache-Control": "no-cache",
        "Content-Length": "576",
        "Content-Type": "application/json; charset=utf-8",
        "Date": "Sat, 19 Aug 2023 13:22:18 GMT",
        "ETag": "\u00220800ff0f-0000-0800-0000-64e0c2090000\u0022",
        "Expires": "-1",
        "Location": "https://management.azure.com/subscriptions/8443df5e-8e12-4cd9-810e-c525196fecae/providers/Microsoft.Communication/locations/westus2/operationStatuses/83660253-99fb-4c67-968a-81cdc713429a*5338095E49BB06BC11258CBB652EB32FACF2355479DC6CCD26EA7D1E755CBE99?api-version=2023-04-01-preview",
        "Pragma": "no-cache",
        "Strict-Transport-Security": "max-age=31536000; includeSubDomains",
        "X-Content-Type-Options": "nosniff",
        "x-ms-client-request-id": "518b32df3bf7c7547f221d29e4c5e19f",
        "x-ms-correlation-request-id": "7491e4d7-4e41-410d-82c2-ba7ec6a3b8a3",
        "x-ms-ratelimit-remaining-subscription-reads": "11981",
        "x-ms-request-id": "563416b5-6acf-4d6a-8855-0cf5741f5ff7",
        "x-ms-routing-request-id": "WESTUS2:20230819T132219Z:7491e4d7-4e41-410d-82c2-ba7ec6a3b8a3"
      },
      "ResponseBody": {
        "id": "/subscriptions/8443df5e-8e12-4cd9-810e-c525196fecae/providers/Microsoft.Communication/locations/westus2/operationStatuses/83660253-99fb-4c67-968a-81cdc713429a*5338095E49BB06BC11258CBB652EB32FACF2355479DC6CCD26EA7D1E755CBE99",
        "name": "83660253-99fb-4c67-968a-81cdc713429a*5338095E49BB06BC11258CBB652EB32FACF2355479DC6CCD26EA7D1E755CBE99",
        "resourceId": "/subscriptions/8443df5e-8e12-4cd9-810e-c525196fecae/resourceGroups/Communication-RG-1307/providers/Microsoft.Communication/emailServices/email-service-727",
        "status": "Deleting",
        "startTime": "2023-08-19T13:22:17.0415205Z"
      }
    },
    {
      "RequestUri": "https://management.azure.com/subscriptions/8443df5e-8e12-4cd9-810e-c525196fecae/providers/Microsoft.Communication/locations/westus2/operationStatuses/83660253-99fb-4c67-968a-81cdc713429a*5338095E49BB06BC11258CBB652EB32FACF2355479DC6CCD26EA7D1E755CBE99?api-version=2023-04-01-preview",
      "RequestMethod": "GET",
      "RequestHeaders": {
        "Authorization": "Sanitized",
        "traceparent": "00-ccaaed6657c1f1604b65e209f9bd4ccb-0ef81419441e1fca-00",
        "User-Agent": "azsdk-net-ResourceManager/1.7.0 (.NET Framework 4.8.9167.0; Microsoft Windows 10.0.22621 )",
        "x-ms-client-request-id": "1787e34469289267aa0f01ca35efb840",
        "x-ms-return-client-request-id": "true"
      },
      "RequestBody": null,
      "StatusCode": 202,
      "ResponseHeaders": {
        "Azure-AsyncOperation": "https://management.azure.com/subscriptions/8443df5e-8e12-4cd9-810e-c525196fecae/providers/Microsoft.Communication/locations/westus2/operationStatuses/83660253-99fb-4c67-968a-81cdc713429a*5338095E49BB06BC11258CBB652EB32FACF2355479DC6CCD26EA7D1E755CBE99?api-version=2023-04-01-preview",
        "Cache-Control": "no-cache",
        "Content-Length": "576",
        "Content-Type": "application/json; charset=utf-8",
        "Date": "Sat, 19 Aug 2023 13:22:20 GMT",
        "ETag": "\u00220800ff0f-0000-0800-0000-64e0c2090000\u0022",
        "Expires": "-1",
        "Location": "https://management.azure.com/subscriptions/8443df5e-8e12-4cd9-810e-c525196fecae/providers/Microsoft.Communication/locations/westus2/operationStatuses/83660253-99fb-4c67-968a-81cdc713429a*5338095E49BB06BC11258CBB652EB32FACF2355479DC6CCD26EA7D1E755CBE99?api-version=2023-04-01-preview",
        "Pragma": "no-cache",
        "Strict-Transport-Security": "max-age=31536000; includeSubDomains",
        "X-Content-Type-Options": "nosniff",
        "x-ms-client-request-id": "1787e34469289267aa0f01ca35efb840",
        "x-ms-correlation-request-id": "52f3bd0e-c597-4d53-9478-35397b6c8022",
        "x-ms-ratelimit-remaining-subscription-reads": "11980",
        "x-ms-request-id": "805df289-b35c-4ba1-a0fd-8b45779af293",
        "x-ms-routing-request-id": "WESTUS2:20230819T132220Z:52f3bd0e-c597-4d53-9478-35397b6c8022"
      },
      "ResponseBody": {
        "id": "/subscriptions/8443df5e-8e12-4cd9-810e-c525196fecae/providers/Microsoft.Communication/locations/westus2/operationStatuses/83660253-99fb-4c67-968a-81cdc713429a*5338095E49BB06BC11258CBB652EB32FACF2355479DC6CCD26EA7D1E755CBE99",
        "name": "83660253-99fb-4c67-968a-81cdc713429a*5338095E49BB06BC11258CBB652EB32FACF2355479DC6CCD26EA7D1E755CBE99",
        "resourceId": "/subscriptions/8443df5e-8e12-4cd9-810e-c525196fecae/resourceGroups/Communication-RG-1307/providers/Microsoft.Communication/emailServices/email-service-727",
        "status": "Deleting",
        "startTime": "2023-08-19T13:22:17.0415205Z"
      }
    },
    {
      "RequestUri": "https://management.azure.com/subscriptions/8443df5e-8e12-4cd9-810e-c525196fecae/providers/Microsoft.Communication/locations/westus2/operationStatuses/83660253-99fb-4c67-968a-81cdc713429a*5338095E49BB06BC11258CBB652EB32FACF2355479DC6CCD26EA7D1E755CBE99?api-version=2023-04-01-preview",
      "RequestMethod": "GET",
      "RequestHeaders": {
        "Authorization": "Sanitized",
        "traceparent": "00-ccaaed6657c1f1604b65e209f9bd4ccb-a7568e1f4f7099ab-00",
        "User-Agent": "azsdk-net-ResourceManager/1.7.0 (.NET Framework 4.8.9167.0; Microsoft Windows 10.0.22621 )",
        "x-ms-client-request-id": "19f3e9d226509f02d976dc31dd9e037d",
        "x-ms-return-client-request-id": "true"
      },
      "RequestBody": null,
      "StatusCode": 202,
      "ResponseHeaders": {
        "Azure-AsyncOperation": "https://management.azure.com/subscriptions/8443df5e-8e12-4cd9-810e-c525196fecae/providers/Microsoft.Communication/locations/westus2/operationStatuses/83660253-99fb-4c67-968a-81cdc713429a*5338095E49BB06BC11258CBB652EB32FACF2355479DC6CCD26EA7D1E755CBE99?api-version=2023-04-01-preview",
        "Cache-Control": "no-cache",
        "Content-Length": "576",
        "Content-Type": "application/json; charset=utf-8",
        "Date": "Sat, 19 Aug 2023 13:22:22 GMT",
        "ETag": "\u00220800ff0f-0000-0800-0000-64e0c2090000\u0022",
        "Expires": "-1",
        "Location": "https://management.azure.com/subscriptions/8443df5e-8e12-4cd9-810e-c525196fecae/providers/Microsoft.Communication/locations/westus2/operationStatuses/83660253-99fb-4c67-968a-81cdc713429a*5338095E49BB06BC11258CBB652EB32FACF2355479DC6CCD26EA7D1E755CBE99?api-version=2023-04-01-preview",
        "Pragma": "no-cache",
        "Strict-Transport-Security": "max-age=31536000; includeSubDomains",
        "X-Content-Type-Options": "nosniff",
        "x-ms-client-request-id": "19f3e9d226509f02d976dc31dd9e037d",
        "x-ms-correlation-request-id": "ffe5a244-2e64-4f85-a7bc-16be5a49bed9",
        "x-ms-ratelimit-remaining-subscription-reads": "11979",
        "x-ms-request-id": "5d94a246-9493-4d91-ac99-c5108f82a68a",
        "x-ms-routing-request-id": "WESTUS2:20230819T132222Z:ffe5a244-2e64-4f85-a7bc-16be5a49bed9"
      },
      "ResponseBody": {
        "id": "/subscriptions/8443df5e-8e12-4cd9-810e-c525196fecae/providers/Microsoft.Communication/locations/westus2/operationStatuses/83660253-99fb-4c67-968a-81cdc713429a*5338095E49BB06BC11258CBB652EB32FACF2355479DC6CCD26EA7D1E755CBE99",
        "name": "83660253-99fb-4c67-968a-81cdc713429a*5338095E49BB06BC11258CBB652EB32FACF2355479DC6CCD26EA7D1E755CBE99",
        "resourceId": "/subscriptions/8443df5e-8e12-4cd9-810e-c525196fecae/resourceGroups/Communication-RG-1307/providers/Microsoft.Communication/emailServices/email-service-727",
        "status": "Deleting",
        "startTime": "2023-08-19T13:22:17.0415205Z"
      }
    },
    {
      "RequestUri": "https://management.azure.com/subscriptions/8443df5e-8e12-4cd9-810e-c525196fecae/providers/Microsoft.Communication/locations/westus2/operationStatuses/83660253-99fb-4c67-968a-81cdc713429a*5338095E49BB06BC11258CBB652EB32FACF2355479DC6CCD26EA7D1E755CBE99?api-version=2023-04-01-preview",
      "RequestMethod": "GET",
      "RequestHeaders": {
        "Authorization": "Sanitized",
        "traceparent": "00-ccaaed6657c1f1604b65e209f9bd4ccb-bf3255ce7556b221-00",
        "User-Agent": "azsdk-net-ResourceManager/1.7.0 (.NET Framework 4.8.9167.0; Microsoft Windows 10.0.22621 )",
        "x-ms-client-request-id": "dfb6bfe1815676e6cbf8a7e739899190",
        "x-ms-return-client-request-id": "true"
      },
      "RequestBody": null,
      "StatusCode": 202,
      "ResponseHeaders": {
        "Azure-AsyncOperation": "https://management.azure.com/subscriptions/8443df5e-8e12-4cd9-810e-c525196fecae/providers/Microsoft.Communication/locations/westus2/operationStatuses/83660253-99fb-4c67-968a-81cdc713429a*5338095E49BB06BC11258CBB652EB32FACF2355479DC6CCD26EA7D1E755CBE99?api-version=2023-04-01-preview",
        "Cache-Control": "no-cache",
        "Content-Length": "576",
        "Content-Type": "application/json; charset=utf-8",
        "Date": "Sat, 19 Aug 2023 13:22:26 GMT",
        "ETag": "\u00220800ff0f-0000-0800-0000-64e0c2090000\u0022",
        "Expires": "-1",
        "Location": "https://management.azure.com/subscriptions/8443df5e-8e12-4cd9-810e-c525196fecae/providers/Microsoft.Communication/locations/westus2/operationStatuses/83660253-99fb-4c67-968a-81cdc713429a*5338095E49BB06BC11258CBB652EB32FACF2355479DC6CCD26EA7D1E755CBE99?api-version=2023-04-01-preview",
        "Pragma": "no-cache",
        "Strict-Transport-Security": "max-age=31536000; includeSubDomains",
        "X-Content-Type-Options": "nosniff",
        "x-ms-client-request-id": "dfb6bfe1815676e6cbf8a7e739899190",
        "x-ms-correlation-request-id": "24aa29e9-c8e9-41f6-8fc9-20f6769e34be",
        "x-ms-ratelimit-remaining-subscription-reads": "11978",
        "x-ms-request-id": "9f9b4d68-e387-4a88-8dbf-68e562b51eca",
        "x-ms-routing-request-id": "WESTUS2:20230819T132226Z:24aa29e9-c8e9-41f6-8fc9-20f6769e34be"
      },
      "ResponseBody": {
        "id": "/subscriptions/8443df5e-8e12-4cd9-810e-c525196fecae/providers/Microsoft.Communication/locations/westus2/operationStatuses/83660253-99fb-4c67-968a-81cdc713429a*5338095E49BB06BC11258CBB652EB32FACF2355479DC6CCD26EA7D1E755CBE99",
        "name": "83660253-99fb-4c67-968a-81cdc713429a*5338095E49BB06BC11258CBB652EB32FACF2355479DC6CCD26EA7D1E755CBE99",
        "resourceId": "/subscriptions/8443df5e-8e12-4cd9-810e-c525196fecae/resourceGroups/Communication-RG-1307/providers/Microsoft.Communication/emailServices/email-service-727",
        "status": "Deleting",
        "startTime": "2023-08-19T13:22:17.0415205Z"
      }
    },
    {
      "RequestUri": "https://management.azure.com/subscriptions/8443df5e-8e12-4cd9-810e-c525196fecae/providers/Microsoft.Communication/locations/westus2/operationStatuses/83660253-99fb-4c67-968a-81cdc713429a*5338095E49BB06BC11258CBB652EB32FACF2355479DC6CCD26EA7D1E755CBE99?api-version=2023-04-01-preview",
      "RequestMethod": "GET",
      "RequestHeaders": {
        "Authorization": "Sanitized",
        "traceparent": "00-ccaaed6657c1f1604b65e209f9bd4ccb-c2115993231e66c7-00",
        "User-Agent": "azsdk-net-ResourceManager/1.7.0 (.NET Framework 4.8.9167.0; Microsoft Windows 10.0.22621 )",
        "x-ms-client-request-id": "fb57dc69c7d21e4fe1e73db18c36b50c",
        "x-ms-return-client-request-id": "true"
      },
      "RequestBody": null,
      "StatusCode": 202,
      "ResponseHeaders": {
        "Azure-AsyncOperation": "https://management.azure.com/subscriptions/8443df5e-8e12-4cd9-810e-c525196fecae/providers/Microsoft.Communication/locations/westus2/operationStatuses/83660253-99fb-4c67-968a-81cdc713429a*5338095E49BB06BC11258CBB652EB32FACF2355479DC6CCD26EA7D1E755CBE99?api-version=2023-04-01-preview",
        "Cache-Control": "no-cache",
        "Content-Length": "576",
        "Content-Type": "application/json; charset=utf-8",
        "Date": "Sat, 19 Aug 2023 13:22:34 GMT",
        "ETag": "\u00220800ff0f-0000-0800-0000-64e0c2090000\u0022",
        "Expires": "-1",
        "Location": "https://management.azure.com/subscriptions/8443df5e-8e12-4cd9-810e-c525196fecae/providers/Microsoft.Communication/locations/westus2/operationStatuses/83660253-99fb-4c67-968a-81cdc713429a*5338095E49BB06BC11258CBB652EB32FACF2355479DC6CCD26EA7D1E755CBE99?api-version=2023-04-01-preview",
        "Pragma": "no-cache",
        "Strict-Transport-Security": "max-age=31536000; includeSubDomains",
        "X-Content-Type-Options": "nosniff",
        "x-ms-client-request-id": "fb57dc69c7d21e4fe1e73db18c36b50c",
        "x-ms-correlation-request-id": "50d4a907-2247-41cc-b7ee-d0d3be93f02f",
        "x-ms-ratelimit-remaining-subscription-reads": "11977",
        "x-ms-request-id": "f813c24a-490a-4fca-ab1b-0caf02b24431",
        "x-ms-routing-request-id": "WESTUS2:20230819T132234Z:50d4a907-2247-41cc-b7ee-d0d3be93f02f"
      },
      "ResponseBody": {
        "id": "/subscriptions/8443df5e-8e12-4cd9-810e-c525196fecae/providers/Microsoft.Communication/locations/westus2/operationStatuses/83660253-99fb-4c67-968a-81cdc713429a*5338095E49BB06BC11258CBB652EB32FACF2355479DC6CCD26EA7D1E755CBE99",
        "name": "83660253-99fb-4c67-968a-81cdc713429a*5338095E49BB06BC11258CBB652EB32FACF2355479DC6CCD26EA7D1E755CBE99",
        "resourceId": "/subscriptions/8443df5e-8e12-4cd9-810e-c525196fecae/resourceGroups/Communication-RG-1307/providers/Microsoft.Communication/emailServices/email-service-727",
        "status": "Deleting",
        "startTime": "2023-08-19T13:22:17.0415205Z"
      }
    },
    {
      "RequestUri": "https://management.azure.com/subscriptions/8443df5e-8e12-4cd9-810e-c525196fecae/providers/Microsoft.Communication/locations/westus2/operationStatuses/83660253-99fb-4c67-968a-81cdc713429a*5338095E49BB06BC11258CBB652EB32FACF2355479DC6CCD26EA7D1E755CBE99?api-version=2023-04-01-preview",
      "RequestMethod": "GET",
      "RequestHeaders": {
        "Authorization": "Sanitized",
        "traceparent": "00-ccaaed6657c1f1604b65e209f9bd4ccb-0674d4368c114fd6-00",
        "User-Agent": "azsdk-net-ResourceManager/1.7.0 (.NET Framework 4.8.9167.0; Microsoft Windows 10.0.22621 )",
        "x-ms-client-request-id": "75e8830bd93950ea027c4e577e1a6550",
        "x-ms-return-client-request-id": "true"
      },
      "RequestBody": null,
      "StatusCode": 202,
      "ResponseHeaders": {
        "Azure-AsyncOperation": "https://management.azure.com/subscriptions/8443df5e-8e12-4cd9-810e-c525196fecae/providers/Microsoft.Communication/locations/westus2/operationStatuses/83660253-99fb-4c67-968a-81cdc713429a*5338095E49BB06BC11258CBB652EB32FACF2355479DC6CCD26EA7D1E755CBE99?api-version=2023-04-01-preview",
        "Cache-Control": "no-cache",
        "Content-Length": "576",
        "Content-Type": "application/json; charset=utf-8",
        "Date": "Sat, 19 Aug 2023 13:22:49 GMT",
        "ETag": "\u00220800ff0f-0000-0800-0000-64e0c2090000\u0022",
        "Expires": "-1",
        "Location": "https://management.azure.com/subscriptions/8443df5e-8e12-4cd9-810e-c525196fecae/providers/Microsoft.Communication/locations/westus2/operationStatuses/83660253-99fb-4c67-968a-81cdc713429a*5338095E49BB06BC11258CBB652EB32FACF2355479DC6CCD26EA7D1E755CBE99?api-version=2023-04-01-preview",
        "Pragma": "no-cache",
        "Strict-Transport-Security": "max-age=31536000; includeSubDomains",
        "X-Content-Type-Options": "nosniff",
        "x-ms-client-request-id": "75e8830bd93950ea027c4e577e1a6550",
        "x-ms-correlation-request-id": "c9a97881-2544-4e1f-81ae-7e11378d32e5",
        "x-ms-ratelimit-remaining-subscription-reads": "11976",
        "x-ms-request-id": "ba3f153e-6a5f-436d-abc4-7bafe36e72f2",
        "x-ms-routing-request-id": "WESTUS2:20230819T132250Z:c9a97881-2544-4e1f-81ae-7e11378d32e5"
      },
      "ResponseBody": {
        "id": "/subscriptions/8443df5e-8e12-4cd9-810e-c525196fecae/providers/Microsoft.Communication/locations/westus2/operationStatuses/83660253-99fb-4c67-968a-81cdc713429a*5338095E49BB06BC11258CBB652EB32FACF2355479DC6CCD26EA7D1E755CBE99",
        "name": "83660253-99fb-4c67-968a-81cdc713429a*5338095E49BB06BC11258CBB652EB32FACF2355479DC6CCD26EA7D1E755CBE99",
        "resourceId": "/subscriptions/8443df5e-8e12-4cd9-810e-c525196fecae/resourceGroups/Communication-RG-1307/providers/Microsoft.Communication/emailServices/email-service-727",
        "status": "Deleting",
        "startTime": "2023-08-19T13:22:17.0415205Z"
      }
    },
    {
      "RequestUri": "https://management.azure.com/subscriptions/8443df5e-8e12-4cd9-810e-c525196fecae/providers/Microsoft.Communication/locations/westus2/operationStatuses/83660253-99fb-4c67-968a-81cdc713429a*5338095E49BB06BC11258CBB652EB32FACF2355479DC6CCD26EA7D1E755CBE99?api-version=2023-04-01-preview",
      "RequestMethod": "GET",
      "RequestHeaders": {
        "Authorization": "Sanitized",
        "traceparent": "00-ccaaed6657c1f1604b65e209f9bd4ccb-44dc2291fbc01669-00",
        "User-Agent": "azsdk-net-ResourceManager/1.7.0 (.NET Framework 4.8.9167.0; Microsoft Windows 10.0.22621 )",
        "x-ms-client-request-id": "00c74ce507461aab7097fe6e4334e994",
        "x-ms-return-client-request-id": "true"
      },
      "RequestBody": null,
      "StatusCode": 202,
      "ResponseHeaders": {
        "Azure-AsyncOperation": "https://management.azure.com/subscriptions/8443df5e-8e12-4cd9-810e-c525196fecae/providers/Microsoft.Communication/locations/westus2/operationStatuses/83660253-99fb-4c67-968a-81cdc713429a*5338095E49BB06BC11258CBB652EB32FACF2355479DC6CCD26EA7D1E755CBE99?api-version=2023-04-01-preview",
        "Cache-Control": "no-cache",
        "Content-Length": "576",
        "Content-Type": "application/json; charset=utf-8",
        "Date": "Sat, 19 Aug 2023 13:23:22 GMT",
        "ETag": "\u00220800ff0f-0000-0800-0000-64e0c2090000\u0022",
        "Expires": "-1",
        "Location": "https://management.azure.com/subscriptions/8443df5e-8e12-4cd9-810e-c525196fecae/providers/Microsoft.Communication/locations/westus2/operationStatuses/83660253-99fb-4c67-968a-81cdc713429a*5338095E49BB06BC11258CBB652EB32FACF2355479DC6CCD26EA7D1E755CBE99?api-version=2023-04-01-preview",
        "Pragma": "no-cache",
        "Strict-Transport-Security": "max-age=31536000; includeSubDomains",
        "X-Content-Type-Options": "nosniff",
        "x-ms-client-request-id": "00c74ce507461aab7097fe6e4334e994",
        "x-ms-correlation-request-id": "3916e982-10a5-4f89-adcf-9e3518dec6ff",
        "x-ms-ratelimit-remaining-subscription-reads": "11975",
        "x-ms-request-id": "a8d3a2ff-7bf5-456f-9227-b224fda8bf75",
        "x-ms-routing-request-id": "WESTUS2:20230819T132322Z:3916e982-10a5-4f89-adcf-9e3518dec6ff"
      },
      "ResponseBody": {
        "id": "/subscriptions/8443df5e-8e12-4cd9-810e-c525196fecae/providers/Microsoft.Communication/locations/westus2/operationStatuses/83660253-99fb-4c67-968a-81cdc713429a*5338095E49BB06BC11258CBB652EB32FACF2355479DC6CCD26EA7D1E755CBE99",
        "name": "83660253-99fb-4c67-968a-81cdc713429a*5338095E49BB06BC11258CBB652EB32FACF2355479DC6CCD26EA7D1E755CBE99",
        "resourceId": "/subscriptions/8443df5e-8e12-4cd9-810e-c525196fecae/resourceGroups/Communication-RG-1307/providers/Microsoft.Communication/emailServices/email-service-727",
        "status": "Deleting",
        "startTime": "2023-08-19T13:22:17.0415205Z"
      }
    },
    {
      "RequestUri": "https://management.azure.com/subscriptions/8443df5e-8e12-4cd9-810e-c525196fecae/providers/Microsoft.Communication/locations/westus2/operationStatuses/83660253-99fb-4c67-968a-81cdc713429a*5338095E49BB06BC11258CBB652EB32FACF2355479DC6CCD26EA7D1E755CBE99?api-version=2023-04-01-preview",
      "RequestMethod": "GET",
      "RequestHeaders": {
        "Authorization": "Sanitized",
        "traceparent": "00-ccaaed6657c1f1604b65e209f9bd4ccb-06fa202afe1d9807-00",
        "User-Agent": "azsdk-net-ResourceManager/1.7.0 (.NET Framework 4.8.9167.0; Microsoft Windows 10.0.22621 )",
        "x-ms-client-request-id": "b6db9b421ba19057f207f95578f79fc6",
        "x-ms-return-client-request-id": "true"
      },
      "RequestBody": null,
      "StatusCode": 202,
      "ResponseHeaders": {
        "Azure-AsyncOperation": "https://management.azure.com/subscriptions/8443df5e-8e12-4cd9-810e-c525196fecae/providers/Microsoft.Communication/locations/westus2/operationStatuses/83660253-99fb-4c67-968a-81cdc713429a*5338095E49BB06BC11258CBB652EB32FACF2355479DC6CCD26EA7D1E755CBE99?api-version=2023-04-01-preview",
        "Cache-Control": "no-cache",
        "Content-Length": "576",
        "Content-Type": "application/json; charset=utf-8",
        "Date": "Sat, 19 Aug 2023 13:23:54 GMT",
        "ETag": "\u00220800ff0f-0000-0800-0000-64e0c2090000\u0022",
        "Expires": "-1",
        "Location": "https://management.azure.com/subscriptions/8443df5e-8e12-4cd9-810e-c525196fecae/providers/Microsoft.Communication/locations/westus2/operationStatuses/83660253-99fb-4c67-968a-81cdc713429a*5338095E49BB06BC11258CBB652EB32FACF2355479DC6CCD26EA7D1E755CBE99?api-version=2023-04-01-preview",
        "Pragma": "no-cache",
        "Strict-Transport-Security": "max-age=31536000; includeSubDomains",
        "X-Content-Type-Options": "nosniff",
        "x-ms-client-request-id": "b6db9b421ba19057f207f95578f79fc6",
        "x-ms-correlation-request-id": "0653a5b3-e0c4-4b05-ba7a-7a67cb280a31",
        "x-ms-ratelimit-remaining-subscription-reads": "11974",
        "x-ms-request-id": "4b089117-1606-4837-aadd-6672ff17e4ee",
        "x-ms-routing-request-id": "WESTUS2:20230819T132354Z:0653a5b3-e0c4-4b05-ba7a-7a67cb280a31"
      },
      "ResponseBody": {
        "id": "/subscriptions/8443df5e-8e12-4cd9-810e-c525196fecae/providers/Microsoft.Communication/locations/westus2/operationStatuses/83660253-99fb-4c67-968a-81cdc713429a*5338095E49BB06BC11258CBB652EB32FACF2355479DC6CCD26EA7D1E755CBE99",
        "name": "83660253-99fb-4c67-968a-81cdc713429a*5338095E49BB06BC11258CBB652EB32FACF2355479DC6CCD26EA7D1E755CBE99",
        "resourceId": "/subscriptions/8443df5e-8e12-4cd9-810e-c525196fecae/resourceGroups/Communication-RG-1307/providers/Microsoft.Communication/emailServices/email-service-727",
        "status": "Deleting",
        "startTime": "2023-08-19T13:22:17.0415205Z"
      }
    },
    {
      "RequestUri": "https://management.azure.com/subscriptions/8443df5e-8e12-4cd9-810e-c525196fecae/providers/Microsoft.Communication/locations/westus2/operationStatuses/83660253-99fb-4c67-968a-81cdc713429a*5338095E49BB06BC11258CBB652EB32FACF2355479DC6CCD26EA7D1E755CBE99?api-version=2023-04-01-preview",
      "RequestMethod": "GET",
      "RequestHeaders": {
        "Authorization": "Sanitized",
        "traceparent": "00-ccaaed6657c1f1604b65e209f9bd4ccb-b7dd47207d2f205f-00",
        "User-Agent": "azsdk-net-ResourceManager/1.7.0 (.NET Framework 4.8.9167.0; Microsoft Windows 10.0.22621 )",
        "x-ms-client-request-id": "3fcced81b56f03c5d8cd05a1da7b0ccd",
        "x-ms-return-client-request-id": "true"
      },
      "RequestBody": null,
      "StatusCode": 200,
      "ResponseHeaders": {
        "Cache-Control": "no-cache",
        "Content-Length": "595",
        "Content-Type": "application/json; charset=utf-8",
        "Date": "Sat, 19 Aug 2023 13:24:26 GMT",
        "ETag": "\u00220400e2fd-0000-0100-0000-64e0c2870000\u0022",
        "Expires": "-1",
        "Pragma": "no-cache",
        "Strict-Transport-Security": "max-age=31536000; includeSubDomains",
        "X-Content-Type-Options": "nosniff",
        "x-ms-client-request-id": "3fcced81b56f03c5d8cd05a1da7b0ccd",
        "x-ms-correlation-request-id": "3ba0e179-0e4f-4de6-b372-462e47d8b3aa",
        "x-ms-ratelimit-remaining-subscription-reads": "11973",
        "x-ms-request-id": "e68ecb1c-ddf6-469e-8252-705c03bc7216",
        "x-ms-routing-request-id": "WESTUS2:20230819T132426Z:3ba0e179-0e4f-4de6-b372-462e47d8b3aa"
      },
      "ResponseBody": {
        "id": "/subscriptions/8443df5e-8e12-4cd9-810e-c525196fecae/providers/Microsoft.Communication/locations/westus2/operationStatuses/83660253-99fb-4c67-968a-81cdc713429a*5338095E49BB06BC11258CBB652EB32FACF2355479DC6CCD26EA7D1E755CBE99",
        "name": "83660253-99fb-4c67-968a-81cdc713429a*5338095E49BB06BC11258CBB652EB32FACF2355479DC6CCD26EA7D1E755CBE99",
        "resourceId": "/subscriptions/8443df5e-8e12-4cd9-810e-c525196fecae/resourceGroups/Communication-RG-1307/providers/Microsoft.Communication/emailServices/email-service-727",
        "status": "Succeeded",
        "startTime": "2023-08-19T13:22:17.0415205Z",
        "properties": null
      }
    }
  ],
  "Variables": {
    "AZURE_AUTHORITY_HOST": "https://login.microsoftonline.com",
    "RandomSeed": "1889797979",
    "RESOURCE_MANAGER_URL": "https://management.azure.com/",
    "SUBSCRIPTION_ID": "8443df5e-8e12-4cd9-810e-c525196fecae"
  }
}
