{
  "Entries": [
    {
      "RequestUri": "https://management.azure.com/subscriptions/8443df5e-8e12-4cd9-810e-c525196fecae/resourcegroups/Communication-RG-1542?api-version=2022-09-01",
      "RequestMethod": "GET",
      "RequestHeaders": {
        "Accept": "application/json",
        "Authorization": "Sanitized",
        "traceparent": "00-63438c01e7220e45dd32a4306d0ef5ae-77b1353a275c4d0b-00",
        "User-Agent": "azsdk-net-ResourceManager/1.7.0 (.NET Framework 4.8.9167.0; Microsoft Windows 10.0.22621 )",
        "x-ms-client-request-id": "aa1f864b158fe48459b7ebc2e37a2fdc",
        "x-ms-return-client-request-id": "true"
      },
      "RequestBody": null,
      "StatusCode": 200,
      "ResponseHeaders": {
        "Cache-Control": "no-cache",
        "Content-Length": "240",
        "Content-Type": "application/json; charset=utf-8",
        "Date": "Mon, 04 Sep 2023 06:35:19 GMT",
        "Expires": "-1",
        "Pragma": "no-cache",
        "Strict-Transport-Security": "max-age=31536000; includeSubDomains",
        "X-Cache": "CONFIG_NOCACHE",
        "X-Content-Type-Options": "nosniff",
        "x-ms-correlation-request-id": "fd48591b-70c5-4c72-93ac-1fcc19c2a973",
        "x-ms-ratelimit-remaining-subscription-reads": "11999",
        "x-ms-request-id": "fd48591b-70c5-4c72-93ac-1fcc19c2a973",
        "x-ms-routing-request-id": "CANADACENTRAL:20230904T063520Z:fd48591b-70c5-4c72-93ac-1fcc19c2a973",
        "X-MSEdge-Ref": "Ref A: 699B301785B845098F10769BBCF490F1 Ref B: CO6AA3150218017 Ref C: 2023-09-04T06:35:19Z"
      },
      "ResponseBody": {
        "id": "/subscriptions/8443df5e-8e12-4cd9-810e-c525196fecae/resourceGroups/Communication-RG-1542",
        "name": "Communication-RG-1542",
        "type": "Microsoft.Resources/resourceGroups",
        "location": "westus2",
        "properties": {
          "provisioningState": "Succeeded"
        }
      }
    },
    {
      "RequestUri": "https://management.azure.com/subscriptions/8443df5e-8e12-4cd9-810e-c525196fecae/resourceGroups/Communication-RG-1542/providers/Microsoft.Communication/emailServices/email-service-5014?api-version=2023-04-01-preview",
      "RequestMethod": "PUT",
      "RequestHeaders": {
        "Accept": "application/json",
        "Authorization": "Sanitized",
        "Content-Length": "76",
        "Content-Type": "application/json",
        "traceparent": "00-1bb4c108fa24ee49490de57f2d649ae3-523a2843fed225be-00",
        "User-Agent": "azsdk-net-ResourceManager.Communication/1.2.0-alpha.20230902.1 (.NET Framework 4.8.9167.0; Microsoft Windows 10.0.22621 )",
        "x-ms-client-request-id": "5314b3ba8b109affc7c62e4765ad63e8",
        "x-ms-return-client-request-id": "true"
      },
      "RequestBody": {
        "location": "global",
        "properties": {
          "dataLocation": "UnitedStates"
        }
      },
      "StatusCode": 201,
      "ResponseHeaders": {
        "Azure-AsyncOperation": "https://management.azure.com/subscriptions/8443df5e-8e12-4cd9-810e-c525196fecae/providers/Microsoft.Communication/locations/WESTUS2/operationStatuses/133e64e1-0872-4431-8f72-4854ea83479e*156BF5A73A6B2F742C6FFEE5D2A83CA59046167AE3D091B30F53DAA9A1990565?api-version=2023-04-01-preview",
        "Cache-Control": "no-cache",
        "Content-Length": "623",
        "Content-Type": "application/json; charset=utf-8",
        "Date": "Mon, 04 Sep 2023 06:35:21 GMT",
        "ETag": "\u0022c400c78f-0000-0100-0000-64f57aaa0000\u0022",
        "Expires": "-1",
        "mise-correlation-id": "2ebf1307-8342-4e17-a52e-973556932119",
        "Pragma": "no-cache",
        "Request-Context": "appId=",
        "Strict-Transport-Security": "max-age=31536000; includeSubDomains",
        "X-Cache": "CONFIG_NOCACHE",
        "X-Content-Type-Options": "nosniff",
        "x-ms-client-request-id": "5314b3ba8b109affc7c62e4765ad63e8",
        "x-ms-correlation-request-id": "033d46cd-0dee-495a-af51-5edc2d91e94b",
        "x-ms-providerhub-traffic": "True",
        "x-ms-ratelimit-remaining-subscription-writes": "1199",
        "x-ms-request-id": "133e64e1-0872-4431-8f72-4854ea83479e",
        "x-ms-routing-request-id": "CANADACENTRAL:20230904T063522Z:033d46cd-0dee-495a-af51-5edc2d91e94b",
        "X-MSEdge-Ref": "Ref A: 4E40458E11DB40B198E19F68A8AA7791 Ref B: CO6AA3150218017 Ref C: 2023-09-04T06:35:20Z"
      },
      "ResponseBody": {
        "id": "/subscriptions/8443df5e-8e12-4cd9-810e-c525196fecae/resourceGroups/Communication-RG-1542/providers/Microsoft.Communication/emailServices/email-service-5014",
        "name": "email-service-5014",
        "type": "microsoft.communication/emailservices",
        "location": "global",
        "systemData": {
          "createdBy": "00226471-3a95-403e-98c0-dca45fecd307",
          "createdByType": "Application",
          "createdAt": "2023-09-04T06:35:21.2069741Z",
          "lastModifiedBy": "00226471-3a95-403e-98c0-dca45fecd307",
          "lastModifiedByType": "Application",
          "lastModifiedAt": "2023-09-04T06:35:21.2069741Z"
        },
        "properties": {
          "dataLocation": "UnitedStates",
          "provisioningState": "Accepted"
        }
      }
    },
    {
      "RequestUri": "https://management.azure.com/subscriptions/8443df5e-8e12-4cd9-810e-c525196fecae/providers/Microsoft.Communication/locations/WESTUS2/operationStatuses/133e64e1-0872-4431-8f72-4854ea83479e*156BF5A73A6B2F742C6FFEE5D2A83CA59046167AE3D091B30F53DAA9A1990565?api-version=2023-04-01-preview",
      "RequestMethod": "GET",
      "RequestHeaders": {
        "Authorization": "Sanitized",
        "traceparent": "00-1bb4c108fa24ee49490de57f2d649ae3-1a6ffb0f8fd5165c-00",
        "User-Agent": "azsdk-net-ResourceManager/1.7.0 (.NET Framework 4.8.9167.0; Microsoft Windows 10.0.22621 )",
        "x-ms-client-request-id": "43b88c599c92fb3a2010c84f569df30a",
        "x-ms-return-client-request-id": "true"
      },
      "RequestBody": null,
      "StatusCode": 200,
      "ResponseHeaders": {
        "Cache-Control": "no-cache",
        "Content-Length": "577",
        "Content-Type": "application/json; charset=utf-8",
        "Date": "Mon, 04 Sep 2023 06:35:21 GMT",
        "ETag": "\u0022c00127e8-0000-0100-0000-64f57aa90000\u0022",
        "Expires": "-1",
        "Pragma": "no-cache",
        "Strict-Transport-Security": "max-age=31536000; includeSubDomains",
        "X-Cache": "CONFIG_NOCACHE",
        "X-Content-Type-Options": "nosniff",
        "x-ms-client-request-id": "43b88c599c92fb3a2010c84f569df30a",
        "x-ms-correlation-request-id": "7efced53-4633-4ea6-83da-d57934454539",
        "x-ms-ratelimit-remaining-subscription-reads": "11999",
        "x-ms-request-id": "57adf826-c88d-4168-8469-de69dfc8aec1",
        "x-ms-routing-request-id": "CANADACENTRAL:20230904T063522Z:7efced53-4633-4ea6-83da-d57934454539",
        "X-MSEdge-Ref": "Ref A: BF7FB3097C9B4A1FAD46237662FA76D2 Ref B: CO6AA3150218017 Ref C: 2023-09-04T06:35:22Z"
      },
      "ResponseBody": {
        "id": "/subscriptions/8443df5e-8e12-4cd9-810e-c525196fecae/providers/Microsoft.Communication/locations/WESTUS2/operationStatuses/133e64e1-0872-4431-8f72-4854ea83479e*156BF5A73A6B2F742C6FFEE5D2A83CA59046167AE3D091B30F53DAA9A1990565",
        "name": "133e64e1-0872-4431-8f72-4854ea83479e*156BF5A73A6B2F742C6FFEE5D2A83CA59046167AE3D091B30F53DAA9A1990565",
        "resourceId": "/subscriptions/8443df5e-8e12-4cd9-810e-c525196fecae/resourceGroups/Communication-RG-1542/providers/Microsoft.Communication/emailServices/email-service-5014",
        "status": "Accepted",
        "startTime": "2023-09-04T06:35:21.5266723Z"
      }
    },
    {
      "RequestUri": "https://management.azure.com/subscriptions/8443df5e-8e12-4cd9-810e-c525196fecae/providers/Microsoft.Communication/locations/WESTUS2/operationStatuses/133e64e1-0872-4431-8f72-4854ea83479e*156BF5A73A6B2F742C6FFEE5D2A83CA59046167AE3D091B30F53DAA9A1990565?api-version=2023-04-01-preview",
      "RequestMethod": "GET",
      "RequestHeaders": {
        "Authorization": "Sanitized",
        "traceparent": "00-1bb4c108fa24ee49490de57f2d649ae3-81a2e3c96946a002-00",
        "User-Agent": "azsdk-net-ResourceManager/1.7.0 (.NET Framework 4.8.9167.0; Microsoft Windows 10.0.22621 )",
        "x-ms-client-request-id": "280dda88bb40f50ecdfbe9ad24a4dbd5",
        "x-ms-return-client-request-id": "true"
      },
      "RequestBody": null,
      "StatusCode": 200,
      "ResponseHeaders": {
        "Cache-Control": "no-cache",
        "Content-Length": "577",
        "Content-Type": "application/json; charset=utf-8",
        "Date": "Mon, 04 Sep 2023 06:35:23 GMT",
        "ETag": "\u0022c00127e8-0000-0100-0000-64f57aa90000\u0022",
        "Expires": "-1",
        "Pragma": "no-cache",
        "Strict-Transport-Security": "max-age=31536000; includeSubDomains",
        "X-Cache": "CONFIG_NOCACHE",
        "X-Content-Type-Options": "nosniff",
        "x-ms-client-request-id": "280dda88bb40f50ecdfbe9ad24a4dbd5",
        "x-ms-correlation-request-id": "ba0cd3ba-1406-4a0f-b0bb-03a9b9679e14",
        "x-ms-ratelimit-remaining-subscription-reads": "11998",
        "x-ms-request-id": "44e0a825-6c98-4be8-816e-dd4134793e78",
        "x-ms-routing-request-id": "CANADACENTRAL:20230904T063523Z:ba0cd3ba-1406-4a0f-b0bb-03a9b9679e14",
        "X-MSEdge-Ref": "Ref A: 7B51412AC55A4B038A60B3583EB54D2F Ref B: CO6AA3150218017 Ref C: 2023-09-04T06:35:23Z"
      },
      "ResponseBody": {
        "id": "/subscriptions/8443df5e-8e12-4cd9-810e-c525196fecae/providers/Microsoft.Communication/locations/WESTUS2/operationStatuses/133e64e1-0872-4431-8f72-4854ea83479e*156BF5A73A6B2F742C6FFEE5D2A83CA59046167AE3D091B30F53DAA9A1990565",
        "name": "133e64e1-0872-4431-8f72-4854ea83479e*156BF5A73A6B2F742C6FFEE5D2A83CA59046167AE3D091B30F53DAA9A1990565",
        "resourceId": "/subscriptions/8443df5e-8e12-4cd9-810e-c525196fecae/resourceGroups/Communication-RG-1542/providers/Microsoft.Communication/emailServices/email-service-5014",
        "status": "Accepted",
        "startTime": "2023-09-04T06:35:21.5266723Z"
      }
    },
    {
      "RequestUri": "https://management.azure.com/subscriptions/8443df5e-8e12-4cd9-810e-c525196fecae/providers/Microsoft.Communication/locations/WESTUS2/operationStatuses/133e64e1-0872-4431-8f72-4854ea83479e*156BF5A73A6B2F742C6FFEE5D2A83CA59046167AE3D091B30F53DAA9A1990565?api-version=2023-04-01-preview",
      "RequestMethod": "GET",
      "RequestHeaders": {
        "Authorization": "Sanitized",
        "traceparent": "00-1bb4c108fa24ee49490de57f2d649ae3-b32a82bdaf1feae6-00",
        "User-Agent": "azsdk-net-ResourceManager/1.7.0 (.NET Framework 4.8.9167.0; Microsoft Windows 10.0.22621 )",
        "x-ms-client-request-id": "d9ed45b41ff43a5517f301bafb96c3cc",
        "x-ms-return-client-request-id": "true"
      },
      "RequestBody": null,
      "StatusCode": 200,
      "ResponseHeaders": {
        "Cache-Control": "no-cache",
        "Content-Length": "577",
        "Content-Type": "application/json; charset=utf-8",
        "Date": "Mon, 04 Sep 2023 06:35:24 GMT",
        "ETag": "\u0022c00127e8-0000-0100-0000-64f57aa90000\u0022",
        "Expires": "-1",
        "Pragma": "no-cache",
        "Strict-Transport-Security": "max-age=31536000; includeSubDomains",
        "X-Cache": "CONFIG_NOCACHE",
        "X-Content-Type-Options": "nosniff",
        "x-ms-client-request-id": "d9ed45b41ff43a5517f301bafb96c3cc",
        "x-ms-correlation-request-id": "e62dccf6-d19a-458c-80f2-f3d70889d1ad",
        "x-ms-ratelimit-remaining-subscription-reads": "11998",
        "x-ms-request-id": "24365009-1a66-4886-b376-bb79f82e5c29",
        "x-ms-routing-request-id": "CANADACENTRAL:20230904T063524Z:e62dccf6-d19a-458c-80f2-f3d70889d1ad",
        "X-MSEdge-Ref": "Ref A: 8BF309A676744FEBA34477077457A132 Ref B: CO6AA3150218017 Ref C: 2023-09-04T06:35:24Z"
      },
      "ResponseBody": {
        "id": "/subscriptions/8443df5e-8e12-4cd9-810e-c525196fecae/providers/Microsoft.Communication/locations/WESTUS2/operationStatuses/133e64e1-0872-4431-8f72-4854ea83479e*156BF5A73A6B2F742C6FFEE5D2A83CA59046167AE3D091B30F53DAA9A1990565",
        "name": "133e64e1-0872-4431-8f72-4854ea83479e*156BF5A73A6B2F742C6FFEE5D2A83CA59046167AE3D091B30F53DAA9A1990565",
        "resourceId": "/subscriptions/8443df5e-8e12-4cd9-810e-c525196fecae/resourceGroups/Communication-RG-1542/providers/Microsoft.Communication/emailServices/email-service-5014",
        "status": "Accepted",
        "startTime": "2023-09-04T06:35:21.5266723Z"
      }
    },
    {
      "RequestUri": "https://management.azure.com/subscriptions/8443df5e-8e12-4cd9-810e-c525196fecae/providers/Microsoft.Communication/locations/WESTUS2/operationStatuses/133e64e1-0872-4431-8f72-4854ea83479e*156BF5A73A6B2F742C6FFEE5D2A83CA59046167AE3D091B30F53DAA9A1990565?api-version=2023-04-01-preview",
      "RequestMethod": "GET",
      "RequestHeaders": {
        "Authorization": "Sanitized",
        "traceparent": "00-1bb4c108fa24ee49490de57f2d649ae3-85bcf58982319ce8-00",
        "User-Agent": "azsdk-net-ResourceManager/1.7.0 (.NET Framework 4.8.9167.0; Microsoft Windows 10.0.22621 )",
        "x-ms-client-request-id": "e4d25c6fe9e49ea77dc37597b28dd77c",
        "x-ms-return-client-request-id": "true"
      },
      "RequestBody": null,
      "StatusCode": 200,
      "ResponseHeaders": {
        "Cache-Control": "no-cache",
        "Content-Length": "577",
        "Content-Type": "application/json; charset=utf-8",
        "Date": "Mon, 04 Sep 2023 06:35:25 GMT",
        "ETag": "\u0022c00127e8-0000-0100-0000-64f57aa90000\u0022",
        "Expires": "-1",
        "Pragma": "no-cache",
        "Strict-Transport-Security": "max-age=31536000; includeSubDomains",
        "X-Cache": "CONFIG_NOCACHE",
        "X-Content-Type-Options": "nosniff",
        "x-ms-client-request-id": "e4d25c6fe9e49ea77dc37597b28dd77c",
        "x-ms-correlation-request-id": "8f458061-1d1f-4aa2-aa36-7aa65381802b",
        "x-ms-ratelimit-remaining-subscription-reads": "11999",
        "x-ms-request-id": "4b225d58-bd2d-4d0b-9cb6-e13e2921aa29",
        "x-ms-routing-request-id": "CANADACENTRAL:20230904T063526Z:8f458061-1d1f-4aa2-aa36-7aa65381802b",
        "X-MSEdge-Ref": "Ref A: B28FD5B6F1184844AE5818D6E62866E7 Ref B: CO6AA3150218017 Ref C: 2023-09-04T06:35:25Z"
      },
      "ResponseBody": {
        "id": "/subscriptions/8443df5e-8e12-4cd9-810e-c525196fecae/providers/Microsoft.Communication/locations/WESTUS2/operationStatuses/133e64e1-0872-4431-8f72-4854ea83479e*156BF5A73A6B2F742C6FFEE5D2A83CA59046167AE3D091B30F53DAA9A1990565",
        "name": "133e64e1-0872-4431-8f72-4854ea83479e*156BF5A73A6B2F742C6FFEE5D2A83CA59046167AE3D091B30F53DAA9A1990565",
        "resourceId": "/subscriptions/8443df5e-8e12-4cd9-810e-c525196fecae/resourceGroups/Communication-RG-1542/providers/Microsoft.Communication/emailServices/email-service-5014",
        "status": "Accepted",
        "startTime": "2023-09-04T06:35:21.5266723Z"
      }
    },
    {
      "RequestUri": "https://management.azure.com/subscriptions/8443df5e-8e12-4cd9-810e-c525196fecae/providers/Microsoft.Communication/locations/WESTUS2/operationStatuses/133e64e1-0872-4431-8f72-4854ea83479e*156BF5A73A6B2F742C6FFEE5D2A83CA59046167AE3D091B30F53DAA9A1990565?api-version=2023-04-01-preview",
      "RequestMethod": "GET",
      "RequestHeaders": {
        "Authorization": "Sanitized",
        "traceparent": "00-1bb4c108fa24ee49490de57f2d649ae3-63a16ca1adb0295c-00",
        "User-Agent": "azsdk-net-ResourceManager/1.7.0 (.NET Framework 4.8.9167.0; Microsoft Windows 10.0.22621 )",
        "x-ms-client-request-id": "109bf2341aaf681684d2114db954fa36",
        "x-ms-return-client-request-id": "true"
      },
      "RequestBody": null,
      "StatusCode": 200,
      "ResponseHeaders": {
        "Cache-Control": "no-cache",
        "Content-Length": "577",
        "Content-Type": "application/json; charset=utf-8",
        "Date": "Mon, 04 Sep 2023 06:35:28 GMT",
        "ETag": "\u0022c00127e8-0000-0100-0000-64f57aa90000\u0022",
        "Expires": "-1",
        "Pragma": "no-cache",
        "Strict-Transport-Security": "max-age=31536000; includeSubDomains",
        "X-Cache": "CONFIG_NOCACHE",
        "X-Content-Type-Options": "nosniff",
        "x-ms-client-request-id": "109bf2341aaf681684d2114db954fa36",
        "x-ms-correlation-request-id": "5d1da36e-dcbe-4c5f-82fe-70e92f6e0584",
        "x-ms-ratelimit-remaining-subscription-reads": "11999",
        "x-ms-request-id": "c6641ed8-15b7-40e2-8889-0155f8f4f9e2",
        "x-ms-routing-request-id": "CANADACENTRAL:20230904T063528Z:5d1da36e-dcbe-4c5f-82fe-70e92f6e0584",
        "X-MSEdge-Ref": "Ref A: EDB1616320C3416EA678B439CAF07B98 Ref B: CO6AA3150218017 Ref C: 2023-09-04T06:35:28Z"
      },
      "ResponseBody": {
        "id": "/subscriptions/8443df5e-8e12-4cd9-810e-c525196fecae/providers/Microsoft.Communication/locations/WESTUS2/operationStatuses/133e64e1-0872-4431-8f72-4854ea83479e*156BF5A73A6B2F742C6FFEE5D2A83CA59046167AE3D091B30F53DAA9A1990565",
        "name": "133e64e1-0872-4431-8f72-4854ea83479e*156BF5A73A6B2F742C6FFEE5D2A83CA59046167AE3D091B30F53DAA9A1990565",
        "resourceId": "/subscriptions/8443df5e-8e12-4cd9-810e-c525196fecae/resourceGroups/Communication-RG-1542/providers/Microsoft.Communication/emailServices/email-service-5014",
        "status": "Accepted",
        "startTime": "2023-09-04T06:35:21.5266723Z"
      }
    },
    {
      "RequestUri": "https://management.azure.com/subscriptions/8443df5e-8e12-4cd9-810e-c525196fecae/providers/Microsoft.Communication/locations/WESTUS2/operationStatuses/133e64e1-0872-4431-8f72-4854ea83479e*156BF5A73A6B2F742C6FFEE5D2A83CA59046167AE3D091B30F53DAA9A1990565?api-version=2023-04-01-preview",
      "RequestMethod": "GET",
      "RequestHeaders": {
        "Authorization": "Sanitized",
        "traceparent": "00-1bb4c108fa24ee49490de57f2d649ae3-b4a591456fe9db55-00",
        "User-Agent": "azsdk-net-ResourceManager/1.7.0 (.NET Framework 4.8.9167.0; Microsoft Windows 10.0.22621 )",
        "x-ms-client-request-id": "c83d1c37f7d1caf19e4f5b31a9be8789",
        "x-ms-return-client-request-id": "true"
      },
      "RequestBody": null,
      "StatusCode": 200,
      "ResponseHeaders": {
        "Cache-Control": "no-cache",
        "Content-Length": "577",
        "Content-Type": "application/json; charset=utf-8",
        "Date": "Mon, 04 Sep 2023 06:35:32 GMT",
        "ETag": "\u0022c00127e8-0000-0100-0000-64f57aa90000\u0022",
        "Expires": "-1",
        "Pragma": "no-cache",
        "Strict-Transport-Security": "max-age=31536000; includeSubDomains",
        "X-Cache": "CONFIG_NOCACHE",
        "X-Content-Type-Options": "nosniff",
        "x-ms-client-request-id": "c83d1c37f7d1caf19e4f5b31a9be8789",
        "x-ms-correlation-request-id": "b96a4f63-ff22-4aa0-87ad-f62b6997555c",
        "x-ms-ratelimit-remaining-subscription-reads": "11997",
        "x-ms-request-id": "85b9b83c-2da7-4417-a5bb-ceac2215a87d",
        "x-ms-routing-request-id": "CANADACENTRAL:20230904T063532Z:b96a4f63-ff22-4aa0-87ad-f62b6997555c",
        "X-MSEdge-Ref": "Ref A: 9F2DB9025F2248BB912226DBDB862F5A Ref B: CO6AA3150218017 Ref C: 2023-09-04T06:35:32Z"
      },
      "ResponseBody": {
        "id": "/subscriptions/8443df5e-8e12-4cd9-810e-c525196fecae/providers/Microsoft.Communication/locations/WESTUS2/operationStatuses/133e64e1-0872-4431-8f72-4854ea83479e*156BF5A73A6B2F742C6FFEE5D2A83CA59046167AE3D091B30F53DAA9A1990565",
        "name": "133e64e1-0872-4431-8f72-4854ea83479e*156BF5A73A6B2F742C6FFEE5D2A83CA59046167AE3D091B30F53DAA9A1990565",
        "resourceId": "/subscriptions/8443df5e-8e12-4cd9-810e-c525196fecae/resourceGroups/Communication-RG-1542/providers/Microsoft.Communication/emailServices/email-service-5014",
        "status": "Accepted",
        "startTime": "2023-09-04T06:35:21.5266723Z"
      }
    },
    {
      "RequestUri": "https://management.azure.com/subscriptions/8443df5e-8e12-4cd9-810e-c525196fecae/providers/Microsoft.Communication/locations/WESTUS2/operationStatuses/133e64e1-0872-4431-8f72-4854ea83479e*156BF5A73A6B2F742C6FFEE5D2A83CA59046167AE3D091B30F53DAA9A1990565?api-version=2023-04-01-preview",
      "RequestMethod": "GET",
      "RequestHeaders": {
        "Authorization": "Sanitized",
        "traceparent": "00-1bb4c108fa24ee49490de57f2d649ae3-ebf1a9e4d4a12502-00",
        "User-Agent": "azsdk-net-ResourceManager/1.7.0 (.NET Framework 4.8.9167.0; Microsoft Windows 10.0.22621 )",
        "x-ms-client-request-id": "0986851cb3fb551d45695f11d75ae429",
        "x-ms-return-client-request-id": "true"
      },
      "RequestBody": null,
      "StatusCode": 200,
      "ResponseHeaders": {
        "Cache-Control": "no-cache",
        "Content-Length": "577",
        "Content-Type": "application/json; charset=utf-8",
        "Date": "Mon, 04 Sep 2023 06:35:40 GMT",
        "ETag": "\u0022c00127e8-0000-0100-0000-64f57aa90000\u0022",
        "Expires": "-1",
        "Pragma": "no-cache",
        "Strict-Transport-Security": "max-age=31536000; includeSubDomains",
        "X-Cache": "CONFIG_NOCACHE",
        "X-Content-Type-Options": "nosniff",
        "x-ms-client-request-id": "0986851cb3fb551d45695f11d75ae429",
        "x-ms-correlation-request-id": "f8f71305-aeee-4ae8-aceb-a172c4da95a3",
        "x-ms-ratelimit-remaining-subscription-reads": "11998",
        "x-ms-request-id": "fff59483-176c-4dde-a660-b8797323d5bc",
        "x-ms-routing-request-id": "CANADACENTRAL:20230904T063541Z:f8f71305-aeee-4ae8-aceb-a172c4da95a3",
        "X-MSEdge-Ref": "Ref A: 61349AE1B6414BE7A6379BF4D23E481E Ref B: CO6AA3150218017 Ref C: 2023-09-04T06:35:40Z"
      },
      "ResponseBody": {
        "id": "/subscriptions/8443df5e-8e12-4cd9-810e-c525196fecae/providers/Microsoft.Communication/locations/WESTUS2/operationStatuses/133e64e1-0872-4431-8f72-4854ea83479e*156BF5A73A6B2F742C6FFEE5D2A83CA59046167AE3D091B30F53DAA9A1990565",
        "name": "133e64e1-0872-4431-8f72-4854ea83479e*156BF5A73A6B2F742C6FFEE5D2A83CA59046167AE3D091B30F53DAA9A1990565",
        "resourceId": "/subscriptions/8443df5e-8e12-4cd9-810e-c525196fecae/resourceGroups/Communication-RG-1542/providers/Microsoft.Communication/emailServices/email-service-5014",
        "status": "Accepted",
        "startTime": "2023-09-04T06:35:21.5266723Z"
      }
    },
    {
      "RequestUri": "https://management.azure.com/subscriptions/8443df5e-8e12-4cd9-810e-c525196fecae/providers/Microsoft.Communication/locations/WESTUS2/operationStatuses/133e64e1-0872-4431-8f72-4854ea83479e*156BF5A73A6B2F742C6FFEE5D2A83CA59046167AE3D091B30F53DAA9A1990565?api-version=2023-04-01-preview",
      "RequestMethod": "GET",
      "RequestHeaders": {
        "Authorization": "Sanitized",
        "traceparent": "00-1bb4c108fa24ee49490de57f2d649ae3-12e4be179eaeca78-00",
        "User-Agent": "azsdk-net-ResourceManager/1.7.0 (.NET Framework 4.8.9167.0; Microsoft Windows 10.0.22621 )",
        "x-ms-client-request-id": "965f3fc80e503caa00d0725fbee4bec6",
        "x-ms-return-client-request-id": "true"
      },
      "RequestBody": null,
      "StatusCode": 200,
      "ResponseHeaders": {
        "Cache-Control": "no-cache",
        "Content-Length": "577",
        "Content-Type": "application/json; charset=utf-8",
        "Date": "Mon, 04 Sep 2023 06:35:56 GMT",
        "ETag": "\u0022c00127e8-0000-0100-0000-64f57aa90000\u0022",
        "Expires": "-1",
        "Pragma": "no-cache",
        "Strict-Transport-Security": "max-age=31536000; includeSubDomains",
        "X-Cache": "CONFIG_NOCACHE",
        "X-Content-Type-Options": "nosniff",
        "x-ms-client-request-id": "965f3fc80e503caa00d0725fbee4bec6",
        "x-ms-correlation-request-id": "de28df79-6d2d-4a6f-aba0-29b3328dd206",
        "x-ms-ratelimit-remaining-subscription-reads": "11997",
        "x-ms-request-id": "ca989503-809e-4cc7-b5de-8b6c91aa8296",
        "x-ms-routing-request-id": "CANADACENTRAL:20230904T063557Z:de28df79-6d2d-4a6f-aba0-29b3328dd206",
        "X-MSEdge-Ref": "Ref A: D74D86DB93024FE4B4B6F7C05CE2CCF1 Ref B: CO6AA3150218017 Ref C: 2023-09-04T06:35:57Z"
      },
      "ResponseBody": {
        "id": "/subscriptions/8443df5e-8e12-4cd9-810e-c525196fecae/providers/Microsoft.Communication/locations/WESTUS2/operationStatuses/133e64e1-0872-4431-8f72-4854ea83479e*156BF5A73A6B2F742C6FFEE5D2A83CA59046167AE3D091B30F53DAA9A1990565",
        "name": "133e64e1-0872-4431-8f72-4854ea83479e*156BF5A73A6B2F742C6FFEE5D2A83CA59046167AE3D091B30F53DAA9A1990565",
        "resourceId": "/subscriptions/8443df5e-8e12-4cd9-810e-c525196fecae/resourceGroups/Communication-RG-1542/providers/Microsoft.Communication/emailServices/email-service-5014",
        "status": "Accepted",
        "startTime": "2023-09-04T06:35:21.5266723Z"
      }
    },
    {
      "RequestUri": "https://management.azure.com/subscriptions/8443df5e-8e12-4cd9-810e-c525196fecae/providers/Microsoft.Communication/locations/WESTUS2/operationStatuses/133e64e1-0872-4431-8f72-4854ea83479e*156BF5A73A6B2F742C6FFEE5D2A83CA59046167AE3D091B30F53DAA9A1990565?api-version=2023-04-01-preview",
      "RequestMethod": "GET",
      "RequestHeaders": {
        "Authorization": "Sanitized",
        "traceparent": "00-1bb4c108fa24ee49490de57f2d649ae3-389725654383c1c7-00",
        "User-Agent": "azsdk-net-ResourceManager/1.7.0 (.NET Framework 4.8.9167.0; Microsoft Windows 10.0.22621 )",
        "x-ms-client-request-id": "3430884bf0ce843bffe7826798e0f243",
        "x-ms-return-client-request-id": "true"
      },
      "RequestBody": null,
      "StatusCode": 200,
      "ResponseHeaders": {
        "Cache-Control": "no-cache",
        "Content-Length": "596",
        "Content-Type": "application/json; charset=utf-8",
        "Date": "Mon, 04 Sep 2023 06:36:28 GMT",
        "ETag": "\u0022c001e1eb-0000-0100-0000-64f57aeb0000\u0022",
        "Expires": "-1",
        "Pragma": "no-cache",
        "Strict-Transport-Security": "max-age=31536000; includeSubDomains",
        "X-Cache": "CONFIG_NOCACHE",
        "X-Content-Type-Options": "nosniff",
        "x-ms-client-request-id": "3430884bf0ce843bffe7826798e0f243",
        "x-ms-correlation-request-id": "e010852d-c07c-40b2-99c0-a0e6269e5912",
        "x-ms-ratelimit-remaining-subscription-reads": "11997",
        "x-ms-request-id": "48088edc-4ce0-4b80-b400-d6986310a71f",
        "x-ms-routing-request-id": "CANADACENTRAL:20230904T063629Z:e010852d-c07c-40b2-99c0-a0e6269e5912",
        "X-MSEdge-Ref": "Ref A: 79A88D2CF8E64B539DB6D41380F73E9C Ref B: CO6AA3150218017 Ref C: 2023-09-04T06:36:29Z"
      },
      "ResponseBody": {
        "id": "/subscriptions/8443df5e-8e12-4cd9-810e-c525196fecae/providers/Microsoft.Communication/locations/WESTUS2/operationStatuses/133e64e1-0872-4431-8f72-4854ea83479e*156BF5A73A6B2F742C6FFEE5D2A83CA59046167AE3D091B30F53DAA9A1990565",
        "name": "133e64e1-0872-4431-8f72-4854ea83479e*156BF5A73A6B2F742C6FFEE5D2A83CA59046167AE3D091B30F53DAA9A1990565",
        "resourceId": "/subscriptions/8443df5e-8e12-4cd9-810e-c525196fecae/resourceGroups/Communication-RG-1542/providers/Microsoft.Communication/emailServices/email-service-5014",
        "status": "Succeeded",
        "startTime": "2023-09-04T06:35:21.5266723Z",
        "properties": null
      }
    },
    {
      "RequestUri": "https://management.azure.com/subscriptions/8443df5e-8e12-4cd9-810e-c525196fecae/resourceGroups/Communication-RG-1542/providers/Microsoft.Communication/emailServices/email-service-5014?api-version=2023-04-01-preview",
      "RequestMethod": "GET",
      "RequestHeaders": {
        "Authorization": "Sanitized",
        "traceparent": "00-1bb4c108fa24ee49490de57f2d649ae3-124cf048c2677ad4-00",
        "User-Agent": "azsdk-net-ResourceManager/1.7.0 (.NET Framework 4.8.9167.0; Microsoft Windows 10.0.22621 )",
        "x-ms-client-request-id": "6a68326bf15f0d38db49082a40bd9761",
        "x-ms-return-client-request-id": "true"
      },
      "RequestBody": null,
      "StatusCode": 200,
      "ResponseHeaders": {
        "Cache-Control": "no-cache",
        "Content-Length": "624",
        "Content-Type": "application/json; charset=utf-8",
        "Date": "Mon, 04 Sep 2023 06:36:29 GMT",
        "ETag": "\u00224e05580e-0000-0700-0000-64f57ab50000\u0022",
        "Expires": "-1",
        "Pragma": "no-cache",
        "Strict-Transport-Security": "max-age=31536000; includeSubDomains",
        "X-Cache": "CONFIG_NOCACHE",
        "X-Content-Type-Options": "nosniff",
        "x-ms-client-request-id": "6a68326bf15f0d38db49082a40bd9761",
        "x-ms-correlation-request-id": "7a6629ae-e4a5-455e-9844-f76a06606acc",
        "x-ms-providerhub-traffic": "True",
        "x-ms-ratelimit-remaining-subscription-reads": "11996",
        "x-ms-request-id": "fbc9446d-75db-47bb-92da-ed926a60fc85",
        "x-ms-routing-request-id": "CANADACENTRAL:20230904T063629Z:7a6629ae-e4a5-455e-9844-f76a06606acc",
        "X-MSEdge-Ref": "Ref A: 2C2DA664E09A4F1EAA14CFFA4B94AB42 Ref B: CO6AA3150218017 Ref C: 2023-09-04T06:36:29Z"
      },
      "ResponseBody": {
        "id": "/subscriptions/8443df5e-8e12-4cd9-810e-c525196fecae/resourceGroups/Communication-RG-1542/providers/Microsoft.Communication/emailServices/email-service-5014",
        "name": "email-service-5014",
        "type": "microsoft.communication/emailservices",
        "location": "global",
        "systemData": {
          "createdBy": "00226471-3a95-403e-98c0-dca45fecd307",
          "createdByType": "Application",
          "createdAt": "2023-09-04T06:35:21.2069741Z",
          "lastModifiedBy": "00226471-3a95-403e-98c0-dca45fecd307",
          "lastModifiedByType": "Application",
          "lastModifiedAt": "2023-09-04T06:35:21.2069741Z"
        },
        "properties": {
          "provisioningState": "Succeeded",
          "dataLocation": "UnitedStates"
        }
      }
    },
    {
      "RequestUri": "https://management.azure.com/subscriptions/8443df5e-8e12-4cd9-810e-c525196fecae/resourceGroups/Communication-RG-1542/providers/Microsoft.Communication/emailServices/email-service-5014?api-version=2023-04-01-preview",
      "RequestMethod": "GET",
      "RequestHeaders": {
        "Accept": "application/json",
        "Authorization": "Sanitized",
        "traceparent": "00-e843c413f6d52fc4e956a614591c11c8-2d4f806d3776e693-00",
        "User-Agent": "azsdk-net-ResourceManager.Communication/1.2.0-alpha.20230902.1 (.NET Framework 4.8.9167.0; Microsoft Windows 10.0.22621 )",
        "x-ms-client-request-id": "4fc598aab029d85a03da97698c42a320",
        "x-ms-return-client-request-id": "true"
      },
      "RequestBody": null,
      "StatusCode": 200,
      "ResponseHeaders": {
        "Cache-Control": "no-cache",
        "Content-Length": "624",
        "Content-Type": "application/json; charset=utf-8",
        "Date": "Mon, 04 Sep 2023 06:36:29 GMT",
        "ETag": "\u00224e05580e-0000-0700-0000-64f57ab50000\u0022",
        "Expires": "-1",
        "Pragma": "no-cache",
        "Strict-Transport-Security": "max-age=31536000; includeSubDomains",
        "X-Cache": "CONFIG_NOCACHE",
        "X-Content-Type-Options": "nosniff",
        "x-ms-client-request-id": "4fc598aab029d85a03da97698c42a320",
        "x-ms-correlation-request-id": "9879ff06-2ca8-4485-929e-bfd31f5185c8",
        "x-ms-providerhub-traffic": "True",
        "x-ms-ratelimit-remaining-subscription-reads": "11996",
        "x-ms-request-id": "1c4943fb-8b9d-43a8-818a-8648dd0c83d1",
        "x-ms-routing-request-id": "CANADACENTRAL:20230904T063630Z:9879ff06-2ca8-4485-929e-bfd31f5185c8",
        "X-MSEdge-Ref": "Ref A: ECFE6ADE9B6D4ABEA268705BC030BC1C Ref B: CO6AA3150218017 Ref C: 2023-09-04T06:36:29Z"
      },
      "ResponseBody": {
        "id": "/subscriptions/8443df5e-8e12-4cd9-810e-c525196fecae/resourceGroups/Communication-RG-1542/providers/Microsoft.Communication/emailServices/email-service-5014",
        "name": "email-service-5014",
        "type": "microsoft.communication/emailservices",
        "location": "global",
        "systemData": {
          "createdBy": "00226471-3a95-403e-98c0-dca45fecd307",
          "createdByType": "Application",
          "createdAt": "2023-09-04T06:35:21.2069741Z",
          "lastModifiedBy": "00226471-3a95-403e-98c0-dca45fecd307",
          "lastModifiedByType": "Application",
          "lastModifiedAt": "2023-09-04T06:35:21.2069741Z"
        },
        "properties": {
          "provisioningState": "Succeeded",
          "dataLocation": "UnitedStates"
        }
      }
    },
    {
      "RequestUri": "https://management.azure.com/subscriptions/8443df5e-8e12-4cd9-810e-c525196fecae/resourceGroups/Communication-RG-1542/providers/Microsoft.Communication/emailServices/email-service-5014?api-version=2023-04-01-preview",
      "RequestMethod": "PATCH",
      "RequestHeaders": {
        "Accept": "application/json",
        "Authorization": "Sanitized",
        "Content-Length": "32",
        "Content-Type": "application/json",
        "traceparent": "00-e843c413f6d52fc4e956a614591c11c8-15c1d20844f27f9f-00",
        "User-Agent": "azsdk-net-ResourceManager.Communication/1.2.0-alpha.20230902.1 (.NET Framework 4.8.9167.0; Microsoft Windows 10.0.22621 )",
        "x-ms-client-request-id": "8bf42ede547c5a674f235984e8104341",
        "x-ms-return-client-request-id": "true"
      },
      "RequestBody": {
        "tags": {
          "testkey": "testvalue"
        }
      },
      "StatusCode": 200,
      "ResponseHeaders": {
        "Cache-Control": "no-cache",
        "Content-Length": "645",
        "Content-Type": "application/json; charset=utf-8",
        "Date": "Mon, 04 Sep 2023 06:36:30 GMT",
        "ETag": "\u0022c400e38f-0000-0100-0000-64f57aee0000\u0022",
        "Expires": "-1",
        "Pragma": "no-cache",
        "Strict-Transport-Security": "max-age=31536000; includeSubDomains",
        "X-Cache": "CONFIG_NOCACHE",
        "X-Content-Type-Options": "nosniff",
        "x-ms-client-request-id": "8bf42ede547c5a674f235984e8104341",
        "x-ms-correlation-request-id": "88c66b5b-962f-4c11-a17f-f12a1b089486",
        "x-ms-providerhub-traffic": "True",
        "x-ms-ratelimit-remaining-subscription-writes": "1199",
        "x-ms-request-id": "3216f629-8e84-4040-a039-1837818390ae",
        "x-ms-routing-request-id": "CANADACENTRAL:20230904T063631Z:88c66b5b-962f-4c11-a17f-f12a1b089486",
        "X-MSEdge-Ref": "Ref A: 9FCFD562069E44A19F1CC988A6A0EBED Ref B: CO6AA3150218017 Ref C: 2023-09-04T06:36:30Z"
      },
      "ResponseBody": {
        "id": "/subscriptions/8443df5e-8e12-4cd9-810e-c525196fecae/resourceGroups/Communication-RG-1542/providers/Microsoft.Communication/emailServices/email-service-5014",
        "name": "email-service-5014",
        "type": "microsoft.communication/emailservices",
        "location": "global",
        "tags": {
          "testkey": "testvalue"
        },
        "systemData": {
          "createdBy": "00226471-3a95-403e-98c0-dca45fecd307",
          "createdByType": "Application",
          "createdAt": "2023-09-04T06:35:21.2069741Z",
          "lastModifiedBy": "00226471-3a95-403e-98c0-dca45fecd307",
          "lastModifiedByType": "Application",
          "lastModifiedAt": "2023-09-04T06:36:30.4193448Z"
        },
        "properties": {
          "provisioningState": "Succeeded",
          "dataLocation": "UnitedStates"
        }
      }
    },
    {
      "RequestUri": "https://management.azure.com/subscriptions/8443df5e-8e12-4cd9-810e-c525196fecae/resourceGroups/Communication-RG-1542/providers/Microsoft.Communication/emailServices/email-service-5014?api-version=2023-04-01-preview",
      "RequestMethod": "GET",
      "RequestHeaders": {
        "Accept": "application/json",
        "Authorization": "Sanitized",
        "traceparent": "00-a9e31b8c01b6c818ca493754dceafbe9-408a7ce6a4602430-00",
        "User-Agent": "azsdk-net-ResourceManager.Communication/1.2.0-alpha.20230902.1 (.NET Framework 4.8.9167.0; Microsoft Windows 10.0.22621 )",
        "x-ms-client-request-id": "124ce8a50bc856e5316b000657d5f0f3",
        "x-ms-return-client-request-id": "true"
      },
      "RequestBody": null,
      "StatusCode": 200,
      "ResponseHeaders": {
        "Cache-Control": "no-cache",
        "Content-Length": "645",
        "Content-Type": "application/json; charset=utf-8",
        "Date": "Mon, 04 Sep 2023 06:36:30 GMT",
        "ETag": "\u0022c400e38f-0000-0100-0000-64f57aee0000\u0022",
        "Expires": "-1",
        "Pragma": "no-cache",
        "Strict-Transport-Security": "max-age=31536000; includeSubDomains",
        "X-Cache": "CONFIG_NOCACHE",
        "X-Content-Type-Options": "nosniff",
        "x-ms-client-request-id": "124ce8a50bc856e5316b000657d5f0f3",
        "x-ms-correlation-request-id": "7b27e8dd-f896-4bda-ad7f-9d3f24fcc881",
        "x-ms-providerhub-traffic": "True",
        "x-ms-ratelimit-remaining-subscription-reads": "11995",
        "x-ms-request-id": "65618efe-9513-4dc5-9022-9fbb58cbe3e7",
        "x-ms-routing-request-id": "CANADACENTRAL:20230904T063631Z:7b27e8dd-f896-4bda-ad7f-9d3f24fcc881",
        "X-MSEdge-Ref": "Ref A: 5F475020D15847A98E72639FA4967518 Ref B: CO6AA3150218017 Ref C: 2023-09-04T06:36:31Z"
      },
      "ResponseBody": {
        "id": "/subscriptions/8443df5e-8e12-4cd9-810e-c525196fecae/resourceGroups/Communication-RG-1542/providers/Microsoft.Communication/emailServices/email-service-5014",
        "name": "email-service-5014",
        "type": "microsoft.communication/emailservices",
        "location": "global",
        "tags": {
          "testkey": "testvalue"
        },
        "systemData": {
          "createdBy": "00226471-3a95-403e-98c0-dca45fecd307",
          "createdByType": "Application",
          "createdAt": "2023-09-04T06:35:21.2069741Z",
          "lastModifiedBy": "00226471-3a95-403e-98c0-dca45fecd307",
          "lastModifiedByType": "Application",
          "lastModifiedAt": "2023-09-04T06:36:30.4193448Z"
        },
        "properties": {
          "provisioningState": "Succeeded",
          "dataLocation": "UnitedStates"
        }
      }
    },
    {
      "RequestUri": "https://management.azure.com/subscriptions/8443df5e-8e12-4cd9-810e-c525196fecae/resourceGroups/Communication-RG-1542/providers/Microsoft.Communication/emailServices/email-service-5014?api-version=2023-04-01-preview",
      "RequestMethod": "GET",
      "RequestHeaders": {
        "Accept": "application/json",
        "Authorization": "Sanitized",
        "traceparent": "00-319d552b0bf4b692b39057a0ec26265a-36c6f4c61f4f03d2-00",
        "User-Agent": "azsdk-net-ResourceManager.Communication/1.2.0-alpha.20230902.1 (.NET Framework 4.8.9167.0; Microsoft Windows 10.0.22621 )",
        "x-ms-client-request-id": "6b195597a4853b051539b3ebede20080",
        "x-ms-return-client-request-id": "true"
      },
      "RequestBody": null,
      "StatusCode": 200,
      "ResponseHeaders": {
        "Cache-Control": "no-cache",
        "Content-Length": "645",
        "Content-Type": "application/json; charset=utf-8",
        "Date": "Mon, 04 Sep 2023 06:36:31 GMT",
        "ETag": "\u0022c400e38f-0000-0100-0000-64f57aee0000\u0022",
        "Expires": "-1",
        "Pragma": "no-cache",
        "Strict-Transport-Security": "max-age=31536000; includeSubDomains",
        "X-Cache": "CONFIG_NOCACHE",
        "X-Content-Type-Options": "nosniff",
        "x-ms-client-request-id": "6b195597a4853b051539b3ebede20080",
        "x-ms-correlation-request-id": "662ba69d-689c-4975-97d3-17f9bd252d21",
        "x-ms-providerhub-traffic": "True",
        "x-ms-ratelimit-remaining-subscription-reads": "11995",
        "x-ms-request-id": "33aa620e-8f26-413e-af55-82b4e9ca686f",
        "x-ms-routing-request-id": "CANADACENTRAL:20230904T063631Z:662ba69d-689c-4975-97d3-17f9bd252d21",
        "X-MSEdge-Ref": "Ref A: 9ACD22D850BF410FB689C0F9EE349082 Ref B: CO6AA3150218017 Ref C: 2023-09-04T06:36:31Z"
      },
      "ResponseBody": {
        "id": "/subscriptions/8443df5e-8e12-4cd9-810e-c525196fecae/resourceGroups/Communication-RG-1542/providers/Microsoft.Communication/emailServices/email-service-5014",
        "name": "email-service-5014",
        "type": "microsoft.communication/emailservices",
        "location": "global",
        "tags": {
          "testkey": "testvalue"
        },
        "systemData": {
          "createdBy": "00226471-3a95-403e-98c0-dca45fecd307",
          "createdByType": "Application",
          "createdAt": "2023-09-04T06:35:21.2069741Z",
          "lastModifiedBy": "00226471-3a95-403e-98c0-dca45fecd307",
          "lastModifiedByType": "Application",
          "lastModifiedAt": "2023-09-04T06:36:30.4193448Z"
        },
        "properties": {
          "provisioningState": "Succeeded",
          "dataLocation": "UnitedStates"
        }
      }
    },
    {
      "RequestUri": "https://management.azure.com/subscriptions/8443df5e-8e12-4cd9-810e-c525196fecae/resourceGroups/Communication-RG-1542/providers/Microsoft.Communication/emailServices/email-service-5014?api-version=2023-04-01-preview",
      "RequestMethod": "PATCH",
      "RequestHeaders": {
        "Accept": "application/json",
        "Authorization": "Sanitized",
        "Content-Length": "38",
        "Content-Type": "application/json",
        "traceparent": "00-319d552b0bf4b692b39057a0ec26265a-694f499596e6af0d-00",
        "User-Agent": "azsdk-net-ResourceManager.Communication/1.2.0-alpha.20230902.1 (.NET Framework 4.8.9167.0; Microsoft Windows 10.0.22621 )",
        "x-ms-client-request-id": "ffdfc0a231c444793b66cdafa2136302",
        "x-ms-return-client-request-id": "true"
      },
      "RequestBody": {
        "tags": {
          "newtestkey": "newtestvalue"
        }
      },
      "StatusCode": 200,
      "ResponseHeaders": {
        "Cache-Control": "no-cache",
        "Content-Length": "651",
        "Content-Type": "application/json; charset=utf-8",
        "Date": "Mon, 04 Sep 2023 06:36:31 GMT",
        "ETag": "\u0022c400e48f-0000-0100-0000-64f57af00000\u0022",
        "Expires": "-1",
        "Pragma": "no-cache",
        "Strict-Transport-Security": "max-age=31536000; includeSubDomains",
        "X-Cache": "CONFIG_NOCACHE",
        "X-Content-Type-Options": "nosniff",
        "x-ms-client-request-id": "ffdfc0a231c444793b66cdafa2136302",
        "x-ms-correlation-request-id": "891e824d-97a6-495a-9d60-b4711bf49178",
        "x-ms-providerhub-traffic": "True",
        "x-ms-ratelimit-remaining-subscription-writes": "1198",
        "x-ms-request-id": "05d53128-5fa5-4796-a497-3cab834bae1f",
        "x-ms-routing-request-id": "CANADACENTRAL:20230904T063632Z:891e824d-97a6-495a-9d60-b4711bf49178",
        "X-MSEdge-Ref": "Ref A: 53AF8E17D9B34C8FA09C48ADAA61FA50 Ref B: CO6AA3150218017 Ref C: 2023-09-04T06:36:31Z"
      },
      "ResponseBody": {
        "id": "/subscriptions/8443df5e-8e12-4cd9-810e-c525196fecae/resourceGroups/Communication-RG-1542/providers/Microsoft.Communication/emailServices/email-service-5014",
        "name": "email-service-5014",
        "type": "microsoft.communication/emailservices",
        "location": "global",
        "tags": {
          "newtestkey": "newtestvalue"
        },
        "systemData": {
          "createdBy": "00226471-3a95-403e-98c0-dca45fecd307",
          "createdByType": "Application",
          "createdAt": "2023-09-04T06:35:21.2069741Z",
          "lastModifiedBy": "00226471-3a95-403e-98c0-dca45fecd307",
          "lastModifiedByType": "Application",
          "lastModifiedAt": "2023-09-04T06:36:32.0131244Z"
        },
        "properties": {
          "provisioningState": "Succeeded",
          "dataLocation": "UnitedStates"
        }
      }
    },
    {
      "RequestUri": "https://management.azure.com/subscriptions/8443df5e-8e12-4cd9-810e-c525196fecae/resourceGroups/Communication-RG-1542/providers/Microsoft.Communication/emailServices/email-service-5014?api-version=2023-04-01-preview",
      "RequestMethod": "GET",
      "RequestHeaders": {
        "Accept": "application/json",
        "Authorization": "Sanitized",
        "traceparent": "00-4c214b47a443e53e0dd7f9da8bf896e2-eb893dc4ae60814e-00",
        "User-Agent": "azsdk-net-ResourceManager.Communication/1.2.0-alpha.20230902.1 (.NET Framework 4.8.9167.0; Microsoft Windows 10.0.22621 )",
        "x-ms-client-request-id": "9664806bf0f6652fdbd52f1fd6559801",
        "x-ms-return-client-request-id": "true"
      },
      "RequestBody": null,
      "StatusCode": 200,
      "ResponseHeaders": {
        "Cache-Control": "no-cache",
        "Content-Length": "651",
        "Content-Type": "application/json; charset=utf-8",
        "Date": "Mon, 04 Sep 2023 06:36:31 GMT",
        "ETag": "\u0022c400e48f-0000-0100-0000-64f57af00000\u0022",
        "Expires": "-1",
        "Pragma": "no-cache",
        "Strict-Transport-Security": "max-age=31536000; includeSubDomains",
        "X-Cache": "CONFIG_NOCACHE",
        "X-Content-Type-Options": "nosniff",
        "x-ms-client-request-id": "9664806bf0f6652fdbd52f1fd6559801",
        "x-ms-correlation-request-id": "a2f5ecaa-5df0-4d93-ba2f-7f69b1efcecc",
        "x-ms-providerhub-traffic": "True",
        "x-ms-ratelimit-remaining-subscription-reads": "11994",
        "x-ms-request-id": "5f2cd81a-fbae-44bb-843d-ad1e06e48e20",
        "x-ms-routing-request-id": "CANADACENTRAL:20230904T063632Z:a2f5ecaa-5df0-4d93-ba2f-7f69b1efcecc",
        "X-MSEdge-Ref": "Ref A: DBED99F6004E4ADA88A103DC85AAD5D4 Ref B: CO6AA3150218017 Ref C: 2023-09-04T06:36:32Z"
      },
      "ResponseBody": {
        "id": "/subscriptions/8443df5e-8e12-4cd9-810e-c525196fecae/resourceGroups/Communication-RG-1542/providers/Microsoft.Communication/emailServices/email-service-5014",
        "name": "email-service-5014",
        "type": "microsoft.communication/emailservices",
        "location": "global",
        "tags": {
          "newtestkey": "newtestvalue"
        },
        "systemData": {
          "createdBy": "00226471-3a95-403e-98c0-dca45fecd307",
          "createdByType": "Application",
          "createdAt": "2023-09-04T06:35:21.2069741Z",
          "lastModifiedBy": "00226471-3a95-403e-98c0-dca45fecd307",
          "lastModifiedByType": "Application",
          "lastModifiedAt": "2023-09-04T06:36:32.0131244Z"
        },
        "properties": {
          "provisioningState": "Succeeded",
          "dataLocation": "UnitedStates"
        }
      }
    },
    {
      "RequestUri": "https://management.azure.com/subscriptions/8443df5e-8e12-4cd9-810e-c525196fecae/resourceGroups/Communication-RG-1542/providers/Microsoft.Communication/emailServices?api-version=2023-04-01-preview",
      "RequestMethod": "GET",
      "RequestHeaders": {
        "Accept": "application/json",
        "Authorization": "Sanitized",
        "User-Agent": "azsdk-net-ResourceManager.Communication/1.2.0-alpha.20230902.1 (.NET Framework 4.8.9167.0; Microsoft Windows 10.0.22621 )",
        "x-ms-client-request-id": "794bb1d5fbf58cc9addd1cb334eaec42",
        "x-ms-return-client-request-id": "true"
      },
      "RequestBody": null,
      "StatusCode": 200,
      "ResponseHeaders": {
        "Cache-Control": "no-cache",
        "Content-Length": "663",
        "Content-Type": "application/json; charset=utf-8",
        "Date": "Mon, 04 Sep 2023 06:36:32 GMT",
        "Expires": "-1",
        "Pragma": "no-cache",
        "Strict-Transport-Security": "max-age=31536000; includeSubDomains",
        "X-Cache": "CONFIG_NOCACHE",
        "X-Content-Type-Options": "nosniff",
        "x-ms-client-request-id": "794bb1d5fbf58cc9addd1cb334eaec42",
        "x-ms-correlation-request-id": "c467a10d-b753-46f8-9b81-19d58dd82d22",
        "x-ms-providerhub-traffic": "True",
        "x-ms-ratelimit-remaining-subscription-reads": "11994",
        "x-ms-request-id": "eca28f38-0ff4-44be-a7c4-af31362d8d32",
        "x-ms-routing-request-id": "CANADACENTRAL:20230904T063632Z:c467a10d-b753-46f8-9b81-19d58dd82d22",
        "X-MSEdge-Ref": "Ref A: FEE91910367446C7A23489D01CF46B94 Ref B: CO6AA3150218017 Ref C: 2023-09-04T06:36:32Z"
      },
      "ResponseBody": {
        "value": [
          {
            "id": "/subscriptions/8443df5e-8e12-4cd9-810e-c525196fecae/resourceGroups/Communication-RG-1542/providers/Microsoft.Communication/emailServices/email-service-5014",
            "name": "email-service-5014",
            "type": "microsoft.communication/emailservices",
            "location": "global",
            "tags": {
              "newtestkey": "newtestvalue"
            },
            "systemData": {
              "createdBy": "00226471-3a95-403e-98c0-dca45fecd307",
              "createdByType": "Application",
              "createdAt": "2023-09-04T06:35:21.2069741Z",
              "lastModifiedBy": "00226471-3a95-403e-98c0-dca45fecd307",
              "lastModifiedByType": "Application",
              "lastModifiedAt": "2023-09-04T06:36:32.0131244Z"
            },
            "properties": {
              "provisioningState": "Succeeded",
              "dataLocation": "UnitedStates"
            }
          }
        ]
      }
    },
    {
      "RequestUri": "https://management.azure.com/subscriptions/8443df5e-8e12-4cd9-810e-c525196fecae/resourceGroups/Communication-RG-1542/providers/Microsoft.Communication/emailServices/email-service-5014?api-version=2023-04-01-preview",
      "RequestMethod": "DELETE",
      "RequestHeaders": {
        "Accept": "application/json",
        "Authorization": "Sanitized",
        "traceparent": "00-5d6a4a6fc99cde14dca20441ae9c5743-6743dde2e634b8a4-00",
        "User-Agent": "azsdk-net-ResourceManager.Communication/1.2.0-alpha.20230902.1 (.NET Framework 4.8.9167.0; Microsoft Windows 10.0.22621 )",
        "x-ms-client-request-id": "22447efdcdafaf0b448728e0e6f32b8d",
        "x-ms-return-client-request-id": "true"
      },
      "RequestBody": null,
      "StatusCode": 202,
      "ResponseHeaders": {
        "Azure-AsyncOperation": "https://management.azure.com/subscriptions/8443df5e-8e12-4cd9-810e-c525196fecae/providers/Microsoft.Communication/locations/WESTUS2/operationStatuses/1c1fce42-0b6e-4c4b-b8db-51efdc11bb84*156BF5A73A6B2F742C6FFEE5D2A83CA59046167AE3D091B30F53DAA9A1990565?api-version=2023-04-01-preview",
        "Cache-Control": "no-cache",
        "Content-Length": "4",
        "Content-Type": "application/json; charset=utf-8",
        "Date": "Mon, 04 Sep 2023 06:36:32 GMT",
        "ETag": "\u0022c400e78f-0000-0100-0000-64f57af10000\u0022",
        "Expires": "-1",
        "Location": "https://management.azure.com/subscriptions/8443df5e-8e12-4cd9-810e-c525196fecae/providers/Microsoft.Communication/locations/WESTUS2/operationStatuses/1c1fce42-0b6e-4c4b-b8db-51efdc11bb84*156BF5A73A6B2F742C6FFEE5D2A83CA59046167AE3D091B30F53DAA9A1990565?api-version=2023-04-01-preview",
        "Pragma": "no-cache",
        "Strict-Transport-Security": "max-age=31536000; includeSubDomains",
        "X-Cache": "CONFIG_NOCACHE",
        "X-Content-Type-Options": "nosniff",
        "x-ms-client-request-id": "22447efdcdafaf0b448728e0e6f32b8d",
        "x-ms-correlation-request-id": "cb17f4d4-12df-49ae-848b-ff5898af2883",
        "x-ms-providerhub-traffic": "True",
        "x-ms-ratelimit-remaining-subscription-deletes": "14999",
        "x-ms-request-id": "1c1fce42-0b6e-4c4b-b8db-51efdc11bb84",
        "x-ms-routing-request-id": "CANADACENTRAL:20230904T063633Z:cb17f4d4-12df-49ae-848b-ff5898af2883",
        "X-MSEdge-Ref": "Ref A: F759870A3C794F3882DEC3BDA083C9D6 Ref B: CO6AA3150218017 Ref C: 2023-09-04T06:36:32Z"
      },
      "ResponseBody": "null"
    },
    {
      "RequestUri": "https://management.azure.com/subscriptions/8443df5e-8e12-4cd9-810e-c525196fecae/providers/Microsoft.Communication/locations/WESTUS2/operationStatuses/1c1fce42-0b6e-4c4b-b8db-51efdc11bb84*156BF5A73A6B2F742C6FFEE5D2A83CA59046167AE3D091B30F53DAA9A1990565?api-version=2023-04-01-preview",
      "RequestMethod": "GET",
      "RequestHeaders": {
        "Authorization": "Sanitized",
        "traceparent": "00-5d6a4a6fc99cde14dca20441ae9c5743-091b44a1d666ad07-00",
        "User-Agent": "azsdk-net-ResourceManager/1.7.0 (.NET Framework 4.8.9167.0; Microsoft Windows 10.0.22621 )",
        "x-ms-client-request-id": "5721ede976110852a59b356dd3e8a5b9",
        "x-ms-return-client-request-id": "true"
      },
      "RequestBody": null,
      "StatusCode": 202,
      "ResponseHeaders": {
        "Azure-AsyncOperation": "https://management.azure.com/subscriptions/8443df5e-8e12-4cd9-810e-c525196fecae/providers/Microsoft.Communication/locations/westus2/operationStatuses/1c1fce42-0b6e-4c4b-b8db-51efdc11bb84*156BF5A73A6B2F742C6FFEE5D2A83CA59046167AE3D091B30F53DAA9A1990565?api-version=2023-04-01-preview",
        "Cache-Control": "no-cache",
        "Content-Length": "577",
        "Content-Type": "application/json; charset=utf-8",
        "Date": "Mon, 04 Sep 2023 06:36:32 GMT",
        "ETag": "\u0022c00127ec-0000-0100-0000-64f57af10000\u0022",
        "Expires": "-1",
        "Location": "https://management.azure.com/subscriptions/8443df5e-8e12-4cd9-810e-c525196fecae/providers/Microsoft.Communication/locations/westus2/operationStatuses/1c1fce42-0b6e-4c4b-b8db-51efdc11bb84*156BF5A73A6B2F742C6FFEE5D2A83CA59046167AE3D091B30F53DAA9A1990565?api-version=2023-04-01-preview",
        "Pragma": "no-cache",
        "Strict-Transport-Security": "max-age=31536000; includeSubDomains",
        "X-Cache": "CONFIG_NOCACHE",
        "X-Content-Type-Options": "nosniff",
        "x-ms-client-request-id": "5721ede976110852a59b356dd3e8a5b9",
        "x-ms-correlation-request-id": "7c5160d8-130c-47b7-a263-de00ed5de804",
        "x-ms-ratelimit-remaining-subscription-reads": "11993",
        "x-ms-request-id": "89036d9b-b732-4667-90bb-4a919c284010",
        "x-ms-routing-request-id": "CANADACENTRAL:20230904T063633Z:7c5160d8-130c-47b7-a263-de00ed5de804",
        "X-MSEdge-Ref": "Ref A: 256545A198024840A1A40DADF98BAFCC Ref B: CO6AA3150218017 Ref C: 2023-09-04T06:36:33Z"
      },
      "ResponseBody": {
        "id": "/subscriptions/8443df5e-8e12-4cd9-810e-c525196fecae/providers/Microsoft.Communication/locations/WESTUS2/operationStatuses/1c1fce42-0b6e-4c4b-b8db-51efdc11bb84*156BF5A73A6B2F742C6FFEE5D2A83CA59046167AE3D091B30F53DAA9A1990565",
        "name": "1c1fce42-0b6e-4c4b-b8db-51efdc11bb84*156BF5A73A6B2F742C6FFEE5D2A83CA59046167AE3D091B30F53DAA9A1990565",
        "resourceId": "/subscriptions/8443df5e-8e12-4cd9-810e-c525196fecae/resourceGroups/Communication-RG-1542/providers/Microsoft.Communication/emailServices/email-service-5014",
        "status": "Deleting",
        "startTime": "2023-09-04T06:36:33.1113513Z"
      }
    },
    {
      "RequestUri": "https://management.azure.com/subscriptions/8443df5e-8e12-4cd9-810e-c525196fecae/providers/Microsoft.Communication/locations/westus2/operationStatuses/1c1fce42-0b6e-4c4b-b8db-51efdc11bb84*156BF5A73A6B2F742C6FFEE5D2A83CA59046167AE3D091B30F53DAA9A1990565?api-version=2023-04-01-preview",
      "RequestMethod": "GET",
      "RequestHeaders": {
        "Authorization": "Sanitized",
        "traceparent": "00-5d6a4a6fc99cde14dca20441ae9c5743-e729128611539f71-00",
        "User-Agent": "azsdk-net-ResourceManager/1.7.0 (.NET Framework 4.8.9167.0; Microsoft Windows 10.0.22621 )",
        "x-ms-client-request-id": "393b8eb245300e9324d46cd6e3f2dbc8",
        "x-ms-return-client-request-id": "true"
      },
      "RequestBody": null,
      "StatusCode": 202,
      "ResponseHeaders": {
        "Azure-AsyncOperation": "https://management.azure.com/subscriptions/8443df5e-8e12-4cd9-810e-c525196fecae/providers/Microsoft.Communication/locations/westus2/operationStatuses/1c1fce42-0b6e-4c4b-b8db-51efdc11bb84*156BF5A73A6B2F742C6FFEE5D2A83CA59046167AE3D091B30F53DAA9A1990565?api-version=2023-04-01-preview",
        "Cache-Control": "no-cache",
        "Content-Length": "577",
        "Content-Type": "application/json; charset=utf-8",
        "Date": "Mon, 04 Sep 2023 06:36:34 GMT",
        "ETag": "\u0022c00127ec-0000-0100-0000-64f57af10000\u0022",
        "Expires": "-1",
        "Location": "https://management.azure.com/subscriptions/8443df5e-8e12-4cd9-810e-c525196fecae/providers/Microsoft.Communication/locations/westus2/operationStatuses/1c1fce42-0b6e-4c4b-b8db-51efdc11bb84*156BF5A73A6B2F742C6FFEE5D2A83CA59046167AE3D091B30F53DAA9A1990565?api-version=2023-04-01-preview",
        "Pragma": "no-cache",
        "Strict-Transport-Security": "max-age=31536000; includeSubDomains",
        "X-Cache": "CONFIG_NOCACHE",
        "X-Content-Type-Options": "nosniff",
        "x-ms-client-request-id": "393b8eb245300e9324d46cd6e3f2dbc8",
        "x-ms-correlation-request-id": "405199e4-d9f2-42e2-815f-89e9a3617be2",
        "x-ms-ratelimit-remaining-subscription-reads": "11993",
        "x-ms-request-id": "dfb6710d-776e-472a-9fcd-10e566f5c592",
        "x-ms-routing-request-id": "CANADACENTRAL:20230904T063635Z:405199e4-d9f2-42e2-815f-89e9a3617be2",
        "X-MSEdge-Ref": "Ref A: 10753A30694C41B5BAD033EAF1426965 Ref B: CO6AA3150218017 Ref C: 2023-09-04T06:36:34Z"
      },
      "ResponseBody": {
        "id": "/subscriptions/8443df5e-8e12-4cd9-810e-c525196fecae/providers/Microsoft.Communication/locations/westus2/operationStatuses/1c1fce42-0b6e-4c4b-b8db-51efdc11bb84*156BF5A73A6B2F742C6FFEE5D2A83CA59046167AE3D091B30F53DAA9A1990565",
        "name": "1c1fce42-0b6e-4c4b-b8db-51efdc11bb84*156BF5A73A6B2F742C6FFEE5D2A83CA59046167AE3D091B30F53DAA9A1990565",
        "resourceId": "/subscriptions/8443df5e-8e12-4cd9-810e-c525196fecae/resourceGroups/Communication-RG-1542/providers/Microsoft.Communication/emailServices/email-service-5014",
        "status": "Deleting",
        "startTime": "2023-09-04T06:36:33.1113513Z"
      }
    },
    {
      "RequestUri": "https://management.azure.com/subscriptions/8443df5e-8e12-4cd9-810e-c525196fecae/providers/Microsoft.Communication/locations/westus2/operationStatuses/1c1fce42-0b6e-4c4b-b8db-51efdc11bb84*156BF5A73A6B2F742C6FFEE5D2A83CA59046167AE3D091B30F53DAA9A1990565?api-version=2023-04-01-preview",
      "RequestMethod": "GET",
      "RequestHeaders": {
        "Authorization": "Sanitized",
        "traceparent": "00-5d6a4a6fc99cde14dca20441ae9c5743-bf9d08258024f162-00",
        "User-Agent": "azsdk-net-ResourceManager/1.7.0 (.NET Framework 4.8.9167.0; Microsoft Windows 10.0.22621 )",
        "x-ms-client-request-id": "f9f73656d3d1017ba8b10112b9ec9ccd",
        "x-ms-return-client-request-id": "true"
      },
      "RequestBody": null,
      "StatusCode": 202,
      "ResponseHeaders": {
        "Azure-AsyncOperation": "https://management.azure.com/subscriptions/8443df5e-8e12-4cd9-810e-c525196fecae/providers/Microsoft.Communication/locations/westus2/operationStatuses/1c1fce42-0b6e-4c4b-b8db-51efdc11bb84*156BF5A73A6B2F742C6FFEE5D2A83CA59046167AE3D091B30F53DAA9A1990565?api-version=2023-04-01-preview",
        "Cache-Control": "no-cache",
        "Content-Length": "577",
        "Content-Type": "application/json; charset=utf-8",
        "Date": "Mon, 04 Sep 2023 06:36:35 GMT",
        "ETag": "\u0022c00127ec-0000-0100-0000-64f57af10000\u0022",
        "Expires": "-1",
        "Location": "https://management.azure.com/subscriptions/8443df5e-8e12-4cd9-810e-c525196fecae/providers/Microsoft.Communication/locations/westus2/operationStatuses/1c1fce42-0b6e-4c4b-b8db-51efdc11bb84*156BF5A73A6B2F742C6FFEE5D2A83CA59046167AE3D091B30F53DAA9A1990565?api-version=2023-04-01-preview",
        "Pragma": "no-cache",
        "Strict-Transport-Security": "max-age=31536000; includeSubDomains",
        "X-Cache": "CONFIG_NOCACHE",
        "X-Content-Type-Options": "nosniff",
        "x-ms-client-request-id": "f9f73656d3d1017ba8b10112b9ec9ccd",
        "x-ms-correlation-request-id": "00ae8d98-cae1-430d-93a1-b55c9a7217ad",
        "x-ms-ratelimit-remaining-subscription-reads": "11996",
        "x-ms-request-id": "01b0abf8-239f-42b7-82e8-fed7aea36470",
        "x-ms-routing-request-id": "CANADACENTRAL:20230904T063636Z:00ae8d98-cae1-430d-93a1-b55c9a7217ad",
        "X-MSEdge-Ref": "Ref A: 2B32E1FA768D41D7B80252608A1FB597 Ref B: CO6AA3150218017 Ref C: 2023-09-04T06:36:36Z"
      },
      "ResponseBody": {
        "id": "/subscriptions/8443df5e-8e12-4cd9-810e-c525196fecae/providers/Microsoft.Communication/locations/westus2/operationStatuses/1c1fce42-0b6e-4c4b-b8db-51efdc11bb84*156BF5A73A6B2F742C6FFEE5D2A83CA59046167AE3D091B30F53DAA9A1990565",
        "name": "1c1fce42-0b6e-4c4b-b8db-51efdc11bb84*156BF5A73A6B2F742C6FFEE5D2A83CA59046167AE3D091B30F53DAA9A1990565",
        "resourceId": "/subscriptions/8443df5e-8e12-4cd9-810e-c525196fecae/resourceGroups/Communication-RG-1542/providers/Microsoft.Communication/emailServices/email-service-5014",
        "status": "Deleting",
        "startTime": "2023-09-04T06:36:33.1113513Z"
      }
    },
    {
      "RequestUri": "https://management.azure.com/subscriptions/8443df5e-8e12-4cd9-810e-c525196fecae/providers/Microsoft.Communication/locations/westus2/operationStatuses/1c1fce42-0b6e-4c4b-b8db-51efdc11bb84*156BF5A73A6B2F742C6FFEE5D2A83CA59046167AE3D091B30F53DAA9A1990565?api-version=2023-04-01-preview",
      "RequestMethod": "GET",
      "RequestHeaders": {
        "Authorization": "Sanitized",
        "traceparent": "00-5d6a4a6fc99cde14dca20441ae9c5743-eb7292f724317720-00",
        "User-Agent": "azsdk-net-ResourceManager/1.7.0 (.NET Framework 4.8.9167.0; Microsoft Windows 10.0.22621 )",
        "x-ms-client-request-id": "45662f32f840a3c15913333c0a7b24b3",
        "x-ms-return-client-request-id": "true"
      },
      "RequestBody": null,
      "StatusCode": 202,
      "ResponseHeaders": {
        "Azure-AsyncOperation": "https://management.azure.com/subscriptions/8443df5e-8e12-4cd9-810e-c525196fecae/providers/Microsoft.Communication/locations/westus2/operationStatuses/1c1fce42-0b6e-4c4b-b8db-51efdc11bb84*156BF5A73A6B2F742C6FFEE5D2A83CA59046167AE3D091B30F53DAA9A1990565?api-version=2023-04-01-preview",
        "Cache-Control": "no-cache",
        "Content-Length": "577",
        "Content-Type": "application/json; charset=utf-8",
        "Date": "Mon, 04 Sep 2023 06:36:36 GMT",
        "ETag": "\u0022c00127ec-0000-0100-0000-64f57af10000\u0022",
        "Expires": "-1",
        "Location": "https://management.azure.com/subscriptions/8443df5e-8e12-4cd9-810e-c525196fecae/providers/Microsoft.Communication/locations/westus2/operationStatuses/1c1fce42-0b6e-4c4b-b8db-51efdc11bb84*156BF5A73A6B2F742C6FFEE5D2A83CA59046167AE3D091B30F53DAA9A1990565?api-version=2023-04-01-preview",
        "Pragma": "no-cache",
        "Strict-Transport-Security": "max-age=31536000; includeSubDomains",
        "X-Cache": "CONFIG_NOCACHE",
        "X-Content-Type-Options": "nosniff",
        "x-ms-client-request-id": "45662f32f840a3c15913333c0a7b24b3",
        "x-ms-correlation-request-id": "d9066a95-1f02-4bd5-8745-bdf241726849",
        "x-ms-ratelimit-remaining-subscription-reads": "11992",
        "x-ms-request-id": "cdf88624-5339-4e02-88e2-1a32c3d3af39",
        "x-ms-routing-request-id": "CANADACENTRAL:20230904T063637Z:d9066a95-1f02-4bd5-8745-bdf241726849",
        "X-MSEdge-Ref": "Ref A: 82A110103C5A409BBFEEC5FD6BBD7A5F Ref B: CO6AA3150218017 Ref C: 2023-09-04T06:36:37Z"
      },
      "ResponseBody": {
        "id": "/subscriptions/8443df5e-8e12-4cd9-810e-c525196fecae/providers/Microsoft.Communication/locations/westus2/operationStatuses/1c1fce42-0b6e-4c4b-b8db-51efdc11bb84*156BF5A73A6B2F742C6FFEE5D2A83CA59046167AE3D091B30F53DAA9A1990565",
        "name": "1c1fce42-0b6e-4c4b-b8db-51efdc11bb84*156BF5A73A6B2F742C6FFEE5D2A83CA59046167AE3D091B30F53DAA9A1990565",
        "resourceId": "/subscriptions/8443df5e-8e12-4cd9-810e-c525196fecae/resourceGroups/Communication-RG-1542/providers/Microsoft.Communication/emailServices/email-service-5014",
        "status": "Deleting",
        "startTime": "2023-09-04T06:36:33.1113513Z"
      }
    },
    {
      "RequestUri": "https://management.azure.com/subscriptions/8443df5e-8e12-4cd9-810e-c525196fecae/providers/Microsoft.Communication/locations/westus2/operationStatuses/1c1fce42-0b6e-4c4b-b8db-51efdc11bb84*156BF5A73A6B2F742C6FFEE5D2A83CA59046167AE3D091B30F53DAA9A1990565?api-version=2023-04-01-preview",
      "RequestMethod": "GET",
      "RequestHeaders": {
        "Authorization": "Sanitized",
        "traceparent": "00-5d6a4a6fc99cde14dca20441ae9c5743-3b63efee66b479ba-00",
        "User-Agent": "azsdk-net-ResourceManager/1.7.0 (.NET Framework 4.8.9167.0; Microsoft Windows 10.0.22621 )",
        "x-ms-client-request-id": "9c176cc0abf1dfe71239907e44815438",
        "x-ms-return-client-request-id": "true"
      },
      "RequestBody": null,
      "StatusCode": 202,
      "ResponseHeaders": {
        "Azure-AsyncOperation": "https://management.azure.com/subscriptions/8443df5e-8e12-4cd9-810e-c525196fecae/providers/Microsoft.Communication/locations/westus2/operationStatuses/1c1fce42-0b6e-4c4b-b8db-51efdc11bb84*156BF5A73A6B2F742C6FFEE5D2A83CA59046167AE3D091B30F53DAA9A1990565?api-version=2023-04-01-preview",
        "Cache-Control": "no-cache",
        "Content-Length": "577",
        "Content-Type": "application/json; charset=utf-8",
        "Date": "Mon, 04 Sep 2023 06:36:38 GMT",
        "ETag": "\u0022c00127ec-0000-0100-0000-64f57af10000\u0022",
        "Expires": "-1",
        "Location": "https://management.azure.com/subscriptions/8443df5e-8e12-4cd9-810e-c525196fecae/providers/Microsoft.Communication/locations/westus2/operationStatuses/1c1fce42-0b6e-4c4b-b8db-51efdc11bb84*156BF5A73A6B2F742C6FFEE5D2A83CA59046167AE3D091B30F53DAA9A1990565?api-version=2023-04-01-preview",
        "Pragma": "no-cache",
        "Strict-Transport-Security": "max-age=31536000; includeSubDomains",
        "X-Cache": "CONFIG_NOCACHE",
        "X-Content-Type-Options": "nosniff",
        "x-ms-client-request-id": "9c176cc0abf1dfe71239907e44815438",
        "x-ms-correlation-request-id": "5217cdb7-e44c-4493-ac47-77d745387038",
        "x-ms-ratelimit-remaining-subscription-reads": "11995",
        "x-ms-request-id": "3bfbd8a6-dc46-4692-8603-851243755cd8",
        "x-ms-routing-request-id": "CANADACENTRAL:20230904T063639Z:5217cdb7-e44c-4493-ac47-77d745387038",
        "X-MSEdge-Ref": "Ref A: A3C9E6A7C2AE4BC9B8B0C20ADC5EBA3D Ref B: CO6AA3150218017 Ref C: 2023-09-04T06:36:39Z"
      },
      "ResponseBody": {
        "id": "/subscriptions/8443df5e-8e12-4cd9-810e-c525196fecae/providers/Microsoft.Communication/locations/westus2/operationStatuses/1c1fce42-0b6e-4c4b-b8db-51efdc11bb84*156BF5A73A6B2F742C6FFEE5D2A83CA59046167AE3D091B30F53DAA9A1990565",
        "name": "1c1fce42-0b6e-4c4b-b8db-51efdc11bb84*156BF5A73A6B2F742C6FFEE5D2A83CA59046167AE3D091B30F53DAA9A1990565",
        "resourceId": "/subscriptions/8443df5e-8e12-4cd9-810e-c525196fecae/resourceGroups/Communication-RG-1542/providers/Microsoft.Communication/emailServices/email-service-5014",
        "status": "Deleting",
        "startTime": "2023-09-04T06:36:33.1113513Z"
      }
    },
    {
      "RequestUri": "https://management.azure.com/subscriptions/8443df5e-8e12-4cd9-810e-c525196fecae/providers/Microsoft.Communication/locations/westus2/operationStatuses/1c1fce42-0b6e-4c4b-b8db-51efdc11bb84*156BF5A73A6B2F742C6FFEE5D2A83CA59046167AE3D091B30F53DAA9A1990565?api-version=2023-04-01-preview",
      "RequestMethod": "GET",
      "RequestHeaders": {
        "Authorization": "Sanitized",
        "traceparent": "00-5d6a4a6fc99cde14dca20441ae9c5743-0604e7193b1ae80e-00",
        "User-Agent": "azsdk-net-ResourceManager/1.7.0 (.NET Framework 4.8.9167.0; Microsoft Windows 10.0.22621 )",
        "x-ms-client-request-id": "b4a49e38968c5e877553a0be9f3ff72c",
        "x-ms-return-client-request-id": "true"
      },
      "RequestBody": null,
      "StatusCode": 202,
      "ResponseHeaders": {
        "Azure-AsyncOperation": "https://management.azure.com/subscriptions/8443df5e-8e12-4cd9-810e-c525196fecae/providers/Microsoft.Communication/locations/westus2/operationStatuses/1c1fce42-0b6e-4c4b-b8db-51efdc11bb84*156BF5A73A6B2F742C6FFEE5D2A83CA59046167AE3D091B30F53DAA9A1990565?api-version=2023-04-01-preview",
        "Cache-Control": "no-cache",
        "Content-Length": "577",
        "Content-Type": "application/json; charset=utf-8",
        "Date": "Mon, 04 Sep 2023 06:36:43 GMT",
        "ETag": "\u0022c00127ec-0000-0100-0000-64f57af10000\u0022",
        "Expires": "-1",
        "Location": "https://management.azure.com/subscriptions/8443df5e-8e12-4cd9-810e-c525196fecae/providers/Microsoft.Communication/locations/westus2/operationStatuses/1c1fce42-0b6e-4c4b-b8db-51efdc11bb84*156BF5A73A6B2F742C6FFEE5D2A83CA59046167AE3D091B30F53DAA9A1990565?api-version=2023-04-01-preview",
        "Pragma": "no-cache",
        "Strict-Transport-Security": "max-age=31536000; includeSubDomains",
        "X-Cache": "CONFIG_NOCACHE",
        "X-Content-Type-Options": "nosniff",
        "x-ms-client-request-id": "b4a49e38968c5e877553a0be9f3ff72c",
        "x-ms-correlation-request-id": "7b7529f9-c3e2-43d8-acce-36cbe6ae4071",
        "x-ms-ratelimit-remaining-subscription-reads": "11991",
        "x-ms-request-id": "9d5a8a4c-7496-4095-83dc-d52ff337d6d7",
        "x-ms-routing-request-id": "CANADACENTRAL:20230904T063643Z:7b7529f9-c3e2-43d8-acce-36cbe6ae4071",
        "X-MSEdge-Ref": "Ref A: 9AAE3253118D450281437F85FF175B10 Ref B: CO6AA3150218017 Ref C: 2023-09-04T06:36:43Z"
      },
      "ResponseBody": {
        "id": "/subscriptions/8443df5e-8e12-4cd9-810e-c525196fecae/providers/Microsoft.Communication/locations/westus2/operationStatuses/1c1fce42-0b6e-4c4b-b8db-51efdc11bb84*156BF5A73A6B2F742C6FFEE5D2A83CA59046167AE3D091B30F53DAA9A1990565",
        "name": "1c1fce42-0b6e-4c4b-b8db-51efdc11bb84*156BF5A73A6B2F742C6FFEE5D2A83CA59046167AE3D091B30F53DAA9A1990565",
        "resourceId": "/subscriptions/8443df5e-8e12-4cd9-810e-c525196fecae/resourceGroups/Communication-RG-1542/providers/Microsoft.Communication/emailServices/email-service-5014",
        "status": "Deleting",
        "startTime": "2023-09-04T06:36:33.1113513Z"
      }
    },
    {
      "RequestUri": "https://management.azure.com/subscriptions/8443df5e-8e12-4cd9-810e-c525196fecae/providers/Microsoft.Communication/locations/westus2/operationStatuses/1c1fce42-0b6e-4c4b-b8db-51efdc11bb84*156BF5A73A6B2F742C6FFEE5D2A83CA59046167AE3D091B30F53DAA9A1990565?api-version=2023-04-01-preview",
      "RequestMethod": "GET",
      "RequestHeaders": {
        "Authorization": "Sanitized",
        "traceparent": "00-5d6a4a6fc99cde14dca20441ae9c5743-8b82d953d3e4baba-00",
        "User-Agent": "azsdk-net-ResourceManager/1.7.0 (.NET Framework 4.8.9167.0; Microsoft Windows 10.0.22621 )",
        "x-ms-client-request-id": "4c524d8dffd587dc4786320767425fd8",
        "x-ms-return-client-request-id": "true"
      },
      "RequestBody": null,
      "StatusCode": 202,
      "ResponseHeaders": {
        "Azure-AsyncOperation": "https://management.azure.com/subscriptions/8443df5e-8e12-4cd9-810e-c525196fecae/providers/Microsoft.Communication/locations/westus2/operationStatuses/1c1fce42-0b6e-4c4b-b8db-51efdc11bb84*156BF5A73A6B2F742C6FFEE5D2A83CA59046167AE3D091B30F53DAA9A1990565?api-version=2023-04-01-preview",
        "Cache-Control": "no-cache",
        "Content-Length": "577",
        "Content-Type": "application/json; charset=utf-8",
        "Date": "Mon, 04 Sep 2023 06:36:51 GMT",
        "ETag": "\u0022c00127ec-0000-0100-0000-64f57af10000\u0022",
        "Expires": "-1",
        "Location": "https://management.azure.com/subscriptions/8443df5e-8e12-4cd9-810e-c525196fecae/providers/Microsoft.Communication/locations/westus2/operationStatuses/1c1fce42-0b6e-4c4b-b8db-51efdc11bb84*156BF5A73A6B2F742C6FFEE5D2A83CA59046167AE3D091B30F53DAA9A1990565?api-version=2023-04-01-preview",
        "Pragma": "no-cache",
        "Strict-Transport-Security": "max-age=31536000; includeSubDomains",
        "X-Cache": "CONFIG_NOCACHE",
        "X-Content-Type-Options": "nosniff",
        "x-ms-client-request-id": "4c524d8dffd587dc4786320767425fd8",
        "x-ms-correlation-request-id": "e842cd51-ba98-482d-b6c6-e603cbbdb1f5",
        "x-ms-ratelimit-remaining-subscription-reads": "11990",
        "x-ms-request-id": "9b9bbc60-3ff1-450a-ad9c-17dae9dabcc0",
        "x-ms-routing-request-id": "CANADACENTRAL:20230904T063652Z:e842cd51-ba98-482d-b6c6-e603cbbdb1f5",
        "X-MSEdge-Ref": "Ref A: F1ADB3234E9B4596A1ECCF67A616BE2F Ref B: CO6AA3150218017 Ref C: 2023-09-04T06:36:51Z"
      },
      "ResponseBody": {
        "id": "/subscriptions/8443df5e-8e12-4cd9-810e-c525196fecae/providers/Microsoft.Communication/locations/westus2/operationStatuses/1c1fce42-0b6e-4c4b-b8db-51efdc11bb84*156BF5A73A6B2F742C6FFEE5D2A83CA59046167AE3D091B30F53DAA9A1990565",
        "name": "1c1fce42-0b6e-4c4b-b8db-51efdc11bb84*156BF5A73A6B2F742C6FFEE5D2A83CA59046167AE3D091B30F53DAA9A1990565",
        "resourceId": "/subscriptions/8443df5e-8e12-4cd9-810e-c525196fecae/resourceGroups/Communication-RG-1542/providers/Microsoft.Communication/emailServices/email-service-5014",
        "status": "Deleting",
        "startTime": "2023-09-04T06:36:33.1113513Z"
      }
    },
    {
      "RequestUri": "https://management.azure.com/subscriptions/8443df5e-8e12-4cd9-810e-c525196fecae/providers/Microsoft.Communication/locations/westus2/operationStatuses/1c1fce42-0b6e-4c4b-b8db-51efdc11bb84*156BF5A73A6B2F742C6FFEE5D2A83CA59046167AE3D091B30F53DAA9A1990565?api-version=2023-04-01-preview",
      "RequestMethod": "GET",
      "RequestHeaders": {
        "Authorization": "Sanitized",
        "traceparent": "00-5d6a4a6fc99cde14dca20441ae9c5743-e8e65d03228ba699-00",
        "User-Agent": "azsdk-net-ResourceManager/1.7.0 (.NET Framework 4.8.9167.0; Microsoft Windows 10.0.22621 )",
        "x-ms-client-request-id": "6b04fbbf70d72927e5b8269d0b293fd3",
        "x-ms-return-client-request-id": "true"
      },
      "RequestBody": null,
      "StatusCode": 202,
      "ResponseHeaders": {
        "Azure-AsyncOperation": "https://management.azure.com/subscriptions/8443df5e-8e12-4cd9-810e-c525196fecae/providers/Microsoft.Communication/locations/westus2/operationStatuses/1c1fce42-0b6e-4c4b-b8db-51efdc11bb84*156BF5A73A6B2F742C6FFEE5D2A83CA59046167AE3D091B30F53DAA9A1990565?api-version=2023-04-01-preview",
        "Cache-Control": "no-cache",
        "Content-Length": "577",
        "Content-Type": "application/json; charset=utf-8",
        "Date": "Mon, 04 Sep 2023 06:37:07 GMT",
        "ETag": "\u0022c00127ec-0000-0100-0000-64f57af10000\u0022",
        "Expires": "-1",
        "Location": "https://management.azure.com/subscriptions/8443df5e-8e12-4cd9-810e-c525196fecae/providers/Microsoft.Communication/locations/westus2/operationStatuses/1c1fce42-0b6e-4c4b-b8db-51efdc11bb84*156BF5A73A6B2F742C6FFEE5D2A83CA59046167AE3D091B30F53DAA9A1990565?api-version=2023-04-01-preview",
        "Pragma": "no-cache",
        "Strict-Transport-Security": "max-age=31536000; includeSubDomains",
        "X-Cache": "CONFIG_NOCACHE",
        "X-Content-Type-Options": "nosniff",
        "x-ms-client-request-id": "6b04fbbf70d72927e5b8269d0b293fd3",
        "x-ms-correlation-request-id": "17906634-e115-4242-84ce-1398e9dd5b7a",
        "x-ms-ratelimit-remaining-subscription-reads": "11989",
        "x-ms-request-id": "1fea105f-6fe7-4269-9078-bc4936bd0979",
        "x-ms-routing-request-id": "CANADACENTRAL:20230904T063708Z:17906634-e115-4242-84ce-1398e9dd5b7a",
        "X-MSEdge-Ref": "Ref A: 0A70FE710DB44FA4AA7FC4C8B7E0251C Ref B: CO6AA3150218017 Ref C: 2023-09-04T06:37:08Z"
      },
      "ResponseBody": {
        "id": "/subscriptions/8443df5e-8e12-4cd9-810e-c525196fecae/providers/Microsoft.Communication/locations/westus2/operationStatuses/1c1fce42-0b6e-4c4b-b8db-51efdc11bb84*156BF5A73A6B2F742C6FFEE5D2A83CA59046167AE3D091B30F53DAA9A1990565",
        "name": "1c1fce42-0b6e-4c4b-b8db-51efdc11bb84*156BF5A73A6B2F742C6FFEE5D2A83CA59046167AE3D091B30F53DAA9A1990565",
        "resourceId": "/subscriptions/8443df5e-8e12-4cd9-810e-c525196fecae/resourceGroups/Communication-RG-1542/providers/Microsoft.Communication/emailServices/email-service-5014",
        "status": "Deleting",
        "startTime": "2023-09-04T06:36:33.1113513Z"
      }
    },
    {
      "RequestUri": "https://management.azure.com/subscriptions/8443df5e-8e12-4cd9-810e-c525196fecae/providers/Microsoft.Communication/locations/westus2/operationStatuses/1c1fce42-0b6e-4c4b-b8db-51efdc11bb84*156BF5A73A6B2F742C6FFEE5D2A83CA59046167AE3D091B30F53DAA9A1990565?api-version=2023-04-01-preview",
      "RequestMethod": "GET",
      "RequestHeaders": {
        "Authorization": "Sanitized",
        "traceparent": "00-5d6a4a6fc99cde14dca20441ae9c5743-6eede539898ab531-00",
        "User-Agent": "azsdk-net-ResourceManager/1.7.0 (.NET Framework 4.8.9167.0; Microsoft Windows 10.0.22621 )",
        "x-ms-client-request-id": "f6f16342072e3862c21c6c056380f733",
        "x-ms-return-client-request-id": "true"
      },
      "RequestBody": null,
      "StatusCode": 202,
      "ResponseHeaders": {
        "Azure-AsyncOperation": "https://management.azure.com/subscriptions/8443df5e-8e12-4cd9-810e-c525196fecae/providers/Microsoft.Communication/locations/westus2/operationStatuses/1c1fce42-0b6e-4c4b-b8db-51efdc11bb84*156BF5A73A6B2F742C6FFEE5D2A83CA59046167AE3D091B30F53DAA9A1990565?api-version=2023-04-01-preview",
        "Cache-Control": "no-cache",
        "Content-Length": "577",
        "Content-Type": "application/json; charset=utf-8",
        "Date": "Mon, 04 Sep 2023 06:37:39 GMT",
        "ETag": "\u0022c00127ec-0000-0100-0000-64f57af10000\u0022",
        "Expires": "-1",
        "Location": "https://management.azure.com/subscriptions/8443df5e-8e12-4cd9-810e-c525196fecae/providers/Microsoft.Communication/locations/westus2/operationStatuses/1c1fce42-0b6e-4c4b-b8db-51efdc11bb84*156BF5A73A6B2F742C6FFEE5D2A83CA59046167AE3D091B30F53DAA9A1990565?api-version=2023-04-01-preview",
        "Pragma": "no-cache",
        "Strict-Transport-Security": "max-age=31536000; includeSubDomains",
        "X-Cache": "CONFIG_NOCACHE",
        "X-Content-Type-Options": "nosniff",
        "x-ms-client-request-id": "f6f16342072e3862c21c6c056380f733",
        "x-ms-correlation-request-id": "f56841a6-7d7d-4d6a-8884-3a30398d6dfa",
        "x-ms-ratelimit-remaining-subscription-reads": "11988",
        "x-ms-request-id": "dc35651e-11eb-4ddb-b2b0-e8ca50a83a5b",
        "x-ms-routing-request-id": "CANADACENTRAL:20230904T063740Z:f56841a6-7d7d-4d6a-8884-3a30398d6dfa",
        "X-MSEdge-Ref": "Ref A: 52D47C1720994009B7C9F3BBF3286687 Ref B: CO6AA3150218017 Ref C: 2023-09-04T06:37:40Z"
      },
      "ResponseBody": {
        "id": "/subscriptions/8443df5e-8e12-4cd9-810e-c525196fecae/providers/Microsoft.Communication/locations/westus2/operationStatuses/1c1fce42-0b6e-4c4b-b8db-51efdc11bb84*156BF5A73A6B2F742C6FFEE5D2A83CA59046167AE3D091B30F53DAA9A1990565",
        "name": "1c1fce42-0b6e-4c4b-b8db-51efdc11bb84*156BF5A73A6B2F742C6FFEE5D2A83CA59046167AE3D091B30F53DAA9A1990565",
        "resourceId": "/subscriptions/8443df5e-8e12-4cd9-810e-c525196fecae/resourceGroups/Communication-RG-1542/providers/Microsoft.Communication/emailServices/email-service-5014",
        "status": "Deleting",
        "startTime": "2023-09-04T06:36:33.1113513Z"
      }
    },
    {
      "RequestUri": "https://management.azure.com/subscriptions/8443df5e-8e12-4cd9-810e-c525196fecae/providers/Microsoft.Communication/locations/westus2/operationStatuses/1c1fce42-0b6e-4c4b-b8db-51efdc11bb84*156BF5A73A6B2F742C6FFEE5D2A83CA59046167AE3D091B30F53DAA9A1990565?api-version=2023-04-01-preview",
      "RequestMethod": "GET",
      "RequestHeaders": {
        "Authorization": "Sanitized",
        "traceparent": "00-5d6a4a6fc99cde14dca20441ae9c5743-3c29359d202e7066-00",
        "User-Agent": "azsdk-net-ResourceManager/1.7.0 (.NET Framework 4.8.9167.0; Microsoft Windows 10.0.22621 )",
        "x-ms-client-request-id": "a4fec7f48b3b1c552628671cd93e7b1e",
        "x-ms-return-client-request-id": "true"
      },
      "RequestBody": null,
      "StatusCode": 202,
      "ResponseHeaders": {
        "Azure-AsyncOperation": "https://management.azure.com/subscriptions/8443df5e-8e12-4cd9-810e-c525196fecae/providers/Microsoft.Communication/locations/westus2/operationStatuses/1c1fce42-0b6e-4c4b-b8db-51efdc11bb84*156BF5A73A6B2F742C6FFEE5D2A83CA59046167AE3D091B30F53DAA9A1990565?api-version=2023-04-01-preview",
        "Cache-Control": "no-cache",
        "Content-Length": "577",
        "Content-Type": "application/json; charset=utf-8",
        "Date": "Mon, 04 Sep 2023 06:38:11 GMT",
        "ETag": "\u0022c00127ec-0000-0100-0000-64f57af10000\u0022",
        "Expires": "-1",
        "Location": "https://management.azure.com/subscriptions/8443df5e-8e12-4cd9-810e-c525196fecae/providers/Microsoft.Communication/locations/westus2/operationStatuses/1c1fce42-0b6e-4c4b-b8db-51efdc11bb84*156BF5A73A6B2F742C6FFEE5D2A83CA59046167AE3D091B30F53DAA9A1990565?api-version=2023-04-01-preview",
        "Pragma": "no-cache",
        "Strict-Transport-Security": "max-age=31536000; includeSubDomains",
        "X-Cache": "CONFIG_NOCACHE",
        "X-Content-Type-Options": "nosniff",
        "x-ms-client-request-id": "a4fec7f48b3b1c552628671cd93e7b1e",
        "x-ms-correlation-request-id": "9ac8ca44-7c05-4bd1-9ba3-2d6fba24e55f",
        "x-ms-ratelimit-remaining-subscription-reads": "11992",
        "x-ms-request-id": "e4b0d3d3-7401-4b19-a1a4-0e3b2c4b2d79",
        "x-ms-routing-request-id": "CANADACENTRAL:20230904T063812Z:9ac8ca44-7c05-4bd1-9ba3-2d6fba24e55f",
        "X-MSEdge-Ref": "Ref A: 4B5BC990291741D681F007A130943181 Ref B: CO6AA3150218017 Ref C: 2023-09-04T06:38:12Z"
      },
      "ResponseBody": {
        "id": "/subscriptions/8443df5e-8e12-4cd9-810e-c525196fecae/providers/Microsoft.Communication/locations/westus2/operationStatuses/1c1fce42-0b6e-4c4b-b8db-51efdc11bb84*156BF5A73A6B2F742C6FFEE5D2A83CA59046167AE3D091B30F53DAA9A1990565",
        "name": "1c1fce42-0b6e-4c4b-b8db-51efdc11bb84*156BF5A73A6B2F742C6FFEE5D2A83CA59046167AE3D091B30F53DAA9A1990565",
        "resourceId": "/subscriptions/8443df5e-8e12-4cd9-810e-c525196fecae/resourceGroups/Communication-RG-1542/providers/Microsoft.Communication/emailServices/email-service-5014",
        "status": "Deleting",
        "startTime": "2023-09-04T06:36:33.1113513Z"
      }
    },
    {
      "RequestUri": "https://management.azure.com/subscriptions/8443df5e-8e12-4cd9-810e-c525196fecae/providers/Microsoft.Communication/locations/westus2/operationStatuses/1c1fce42-0b6e-4c4b-b8db-51efdc11bb84*156BF5A73A6B2F742C6FFEE5D2A83CA59046167AE3D091B30F53DAA9A1990565?api-version=2023-04-01-preview",
      "RequestMethod": "GET",
      "RequestHeaders": {
        "Authorization": "Sanitized",
        "traceparent": "00-5d6a4a6fc99cde14dca20441ae9c5743-1cf2ad245cb4932e-00",
        "User-Agent": "azsdk-net-ResourceManager/1.7.0 (.NET Framework 4.8.9167.0; Microsoft Windows 10.0.22621 )",
        "x-ms-client-request-id": "03c55e466950b7a998cba8ba0421c564",
        "x-ms-return-client-request-id": "true"
      },
      "RequestBody": null,
      "StatusCode": 200,
      "ResponseHeaders": {
        "Cache-Control": "no-cache",
        "Content-Length": "596",
        "Content-Type": "application/json; charset=utf-8",
        "Date": "Mon, 04 Sep 2023 06:38:44 GMT",
        "ETag": "\u00222500c470-0000-0800-0000-64f57b6f0000\u0022",
        "Expires": "-1",
        "Pragma": "no-cache",
        "Strict-Transport-Security": "max-age=31536000; includeSubDomains",
        "X-Cache": "CONFIG_NOCACHE",
        "X-Content-Type-Options": "nosniff",
        "x-ms-client-request-id": "03c55e466950b7a998cba8ba0421c564",
        "x-ms-correlation-request-id": "edbcd820-88b6-40d6-a3a8-7db3955c3060",
        "x-ms-ratelimit-remaining-subscription-reads": "11995",
        "x-ms-request-id": "a7692bb6-44b1-4fb0-b326-b031cf4cd6b9",
        "x-ms-routing-request-id": "CANADACENTRAL:20230904T063845Z:edbcd820-88b6-40d6-a3a8-7db3955c3060",
        "X-MSEdge-Ref": "Ref A: BD0E8C3391AE47EE8260D4F4B955EA09 Ref B: CO6AA3150218017 Ref C: 2023-09-04T06:38:44Z"
      },
      "ResponseBody": {
        "id": "/subscriptions/8443df5e-8e12-4cd9-810e-c525196fecae/providers/Microsoft.Communication/locations/westus2/operationStatuses/1c1fce42-0b6e-4c4b-b8db-51efdc11bb84*156BF5A73A6B2F742C6FFEE5D2A83CA59046167AE3D091B30F53DAA9A1990565",
        "name": "1c1fce42-0b6e-4c4b-b8db-51efdc11bb84*156BF5A73A6B2F742C6FFEE5D2A83CA59046167AE3D091B30F53DAA9A1990565",
        "resourceId": "/subscriptions/8443df5e-8e12-4cd9-810e-c525196fecae/resourceGroups/Communication-RG-1542/providers/Microsoft.Communication/emailServices/email-service-5014",
        "status": "Succeeded",
        "startTime": "2023-09-04T06:36:33.1113513Z",
        "properties": null
      }
    }
  ],
  "Variables": {
    "AZURE_AUTHORITY_HOST": "https://login.microsoftonline.com",
    "RandomSeed": "749049634",
    "RESOURCE_MANAGER_URL": "https://management.azure.com/",
    "SUBSCRIPTION_ID": "8443df5e-8e12-4cd9-810e-c525196fecae"
  }
}
