{
  "Entries": [
    {
      "RequestUri": "https://seanprovisionedv2.file.core.windows.net/test-share-83600143-4d11-7a92-6156-7c27f6197c27?restype=share",
      "RequestMethod": "PUT",
      "RequestHeaders": {
        "Accept": "application/xml",
        "Authorization": "Sanitized",
        "Content-Length": "0",
        "traceparent": "00-50626f52a21fc828a6180374f34c4463-7c25e77b0f7aec9f-00",
        "User-Agent": "azsdk-net-Storage.Files.Shares/12.20.0-alpha.20240920.1 (.NET 8.0.8; Microsoft Windows 10.0.22631)",
        "x-ms-client-request-id": "Sanitized",
        "x-ms-date": "Sat, 21 Sep 2024 00:46:29 GMT",
        "x-ms-return-client-request-id": "true",
        "x-ms-version": "2025-01-05"
      },
      "RequestBody": null,
      "StatusCode": 201,
      "ResponseHeaders": {
        "Content-Length": "0",
        "Date": "Sat, 21 Sep 2024 00:46:29 GMT",
        "ETag": "\"0x8DCD9D6D4EFE626\"",
        "Last-Modified": "Sat, 21 Sep 2024 00:46:29 GMT",
        "Server": [
          "Windows-Azure-File/1.0",
          "Microsoft-HTTPAPI/2.0"
        ],
        "x-ms-client-request-id": "Sanitized",
        "x-ms-request-id": "6890c64a-401a-0034-3ebf-0bf5c8000000",
        "x-ms-share-included-burst-iops": "5000",
        "x-ms-share-max-burst-credits-for-iops": "14374800",
        "x-ms-share-provisioned-bandwidth-mibps": "61",
        "x-ms-share-provisioned-iops": "1007",
        "x-ms-share-quota": "32",
        "x-ms-version": "2025-01-05"
      },
      "ResponseBody": null
    },
    {
      "RequestUri": "https://seanprovisionedv2.file.core.windows.net/?comp=list",
      "RequestMethod": "GET",
      "RequestHeaders": {
        "Accept": "application/xml",
        "Authorization": "Sanitized",
        "User-Agent": "azsdk-net-Storage.Files.Shares/12.20.0-alpha.20240920.1 (.NET 8.0.8; Microsoft Windows 10.0.22631)",
        "x-ms-client-request-id": "Sanitized",
        "x-ms-date": "Sat, 21 Sep 2024 00:46:29 GMT",
        "x-ms-return-client-request-id": "true",
        "x-ms-version": "2025-01-05"
      },
      "RequestBody": null,
      "StatusCode": 200,
      "ResponseHeaders": {
        "Content-Type": "application/xml",
        "Date": "Sat, 21 Sep 2024 00:46:29 GMT",
        "Server": [
          "Windows-Azure-File/1.0",
          "Microsoft-HTTPAPI/2.0"
        ],
        "Transfer-Encoding": "chunked",
        "x-ms-client-request-id": "Sanitized",
        "x-ms-request-id": "6890c64c-401a-0034-3fbf-0bf5c8000000",
        "x-ms-version": "2025-01-05"
      },
      "ResponseBody": "\uFEFF<?xml version=\"1.0\" encoding=\"utf-8\"?><EnumerationResults ServiceEndpoint=\"https://seanprovisionedv2.file.core.windows.net/\"><Shares><Share><Name>test-share-83600143-4d11-7a92-6156-7c27f6197c27</Name><Properties><Last-Modified>Sat, 21 Sep 2024 00:46:29 GMT</Last-Modified><Etag>\"0x8DCD9D6D4EFE626\"</Etag><LeaseStatus>unlocked</LeaseStatus><LeaseState>available</LeaseState><Quota>32</Quota><ProvisionedIops>1007</ProvisionedIops><ProvisionedBandwidthMiBps>61</ProvisionedBandwidthMiBps><NextAllowedQuotaDowngradeTime>Sat, 21 Sep 2024 00:46:29 GMT</NextAllowedQuotaDowngradeTime><IncludedBurstIops>5000</IncludedBurstIops><MaxBurstCreditsForIops>14374800</MaxBurstCreditsForIops><NextAllowedProvisionedIopsDowngradeTime>Sat, 21 Sep 2024 00:46:29 GMT</NextAllowedProvisionedIopsDowngradeTime><NextAllowedProvisionedBandwidthDowngradeTime>Sat, 21 Sep 2024 00:46:29 GMT</NextAllowedProvisionedBandwidthDowngradeTime><DefaultEncryptionScope>$account-encryption-key</DefaultEncryptionScope><DenyEncryptionScopeOverride>false</DenyEncryptionScopeOverride></Properties></Share></Shares><NextMarker /></EnumerationResults>"
    },
    {
      "RequestUri": "https://seanprovisionedv2.file.core.windows.net/test-share-83600143-4d11-7a92-6156-7c27f6197c27?restype=share",
      "RequestMethod": "DELETE",
      "RequestHeaders": {
        "Accept": "application/xml",
        "Authorization": "Sanitized",
        "traceparent": "00-df132164a29c7c7f73b5e46e7ef35479-2c7d38293b70baaa-00",
        "User-Agent": "azsdk-net-Storage.Files.Shares/12.20.0-alpha.20240920.1 (.NET 8.0.8; Microsoft Windows 10.0.22631)",
        "x-ms-client-request-id": "Sanitized",
        "x-ms-date": "Sat, 21 Sep 2024 00:46:29 GMT",
        "x-ms-delete-snapshots": "include",
        "x-ms-return-client-request-id": "true",
        "x-ms-version": "2025-01-05"
      },
      "RequestBody": null,
      "StatusCode": 202,
      "ResponseHeaders": {
        "Content-Length": "0",
        "Date": "Sat, 21 Sep 2024 00:46:29 GMT",
        "Server": [
          "Windows-Azure-File/1.0",
          "Microsoft-HTTPAPI/2.0"
        ],
        "x-ms-client-request-id": "Sanitized",
        "x-ms-file-share-snapshot-usage-bytes": "0",
        "x-ms-file-share-usage-bytes": "0",
        "x-ms-request-id": "6890c64e-401a-0034-41bf-0bf5c8000000",
        "x-ms-version": "2025-01-05"
      },
      "ResponseBody": null
    }
  ],
  "Variables": {
    "RandomSeed": "862799030",
    "Storage_TestConfigDefault": "ProductionTenant\nseanprovisionedv2\nU2FuaXRpemVk\nhttps://seanprovisionedv2.blob.core.windows.net\nhttps://seanprovisionedv2.file.core.windows.net\nhttps://seanprovisionedv2.queue.core.windows.net\nhttps://seanprovisionedv2.table.core.windows.net\n\n\n\n\nhttps://seanprovisionedv2-secondary.blob.core.windows.net\nhttps://seanprovisionedv2-secondary.file.core.windows.net\nhttps://seanprovisionedv2-secondary.queue.core.windows.net\nhttps://seanprovisionedv2-secondary.table.core.windows.net\nCloud\nBlobEndpoint=https://seanprovisionedv2.blob.core.windows.net/;QueueEndpoint=https://seanprovisionedv2.queue.core.windows.net/;FileEndpoint=https://seanprovisionedv2.file.core.windows.net/;BlobSecondaryEndpoint=https://seanprovisionedv2-secondary.blob.core.windows.net/;QueueSecondaryEndpoint=https://seanprovisionedv2-secondary.queue.core.windows.net/;FileSecondaryEndpoint=https://seanprovisionedv2-secondary.file.core.windows.net/;AccountName=seanprovisionedv2;AccountKey=Sanitized\nseanscope1\n\n"
  }
}
