{
  "Entries": [
    {
      "RequestUri": "https://seanhnscanary2.blob.core.windows.net/test-filesystem-23803c3c-a88a-850b-6483-e8a9e107829a?restype=container",
      "RequestMethod": "PUT",
      "RequestHeaders": {
        "Accept": "application/xml",
        "Authorization": "Sanitized",
        "Content-Length": "0",
        "traceparent": "00-7fbbf0cffd702b232bcfe58d9c0fa304-60427d934cdd64b7-00",
        "User-Agent": "azsdk-net-Storage.Files.DataLake/12.24.0-alpha.20250821.1 (.NET 9.0.7; Microsoft Windows 10.0.26100)",
        "x-ms-client-request-id": "Sanitized",
        "x-ms-date": "Thu, 21 Aug 2025 16:16:30 GMT",
        "x-ms-return-client-request-id": "true",
        "x-ms-version": "2026-02-06"
      },
      "RequestBody": null,
      "StatusCode": 201,
      "ResponseHeaders": {
        "Content-Length": "0",
        "Date": "Thu, 21 Aug 2025 16:16:30 GMT",
        "ETag": "\"0x8DDE0CE1687C64E\"",
        "Last-Modified": "Thu, 21 Aug 2025 16:16:30 GMT",
        "Server": [
          "Windows-Azure-Blob/1.0",
          "Microsoft-HTTPAPI/2.0"
        ],
        "x-ms-client-request-id": "Sanitized",
        "x-ms-request-id": "1c0deb96-401e-004d-47b6-128c86000000",
        "x-ms-version": "2026-02-06"
      },
      "ResponseBody": null
    },
    {
      "RequestUri": "https://seanhnscanary2.dfs.core.windows.net/test-filesystem-23803c3c-a88a-850b-6483-e8a9e107829a/test-directory-d4f8977e-f1ef-0ded-6155-ce9db7ce9a89?resource=directory",
      "RequestMethod": "PUT",
      "RequestHeaders": {
        "Accept": "application/json",
        "Authorization": "Sanitized",
        "Content-Length": "0",
        "traceparent": "00-3d6a0c633b762c437f73ee69444b8cde-1d14b0db2029608d-00",
        "User-Agent": "azsdk-net-Storage.Files.DataLake/12.24.0-alpha.20250821.1 (.NET 9.0.7; Microsoft Windows 10.0.26100)",
        "x-ms-client-request-id": "Sanitized",
        "x-ms-date": "Thu, 21 Aug 2025 16:16:30 GMT",
        "x-ms-return-client-request-id": "true",
        "x-ms-version": "2026-02-06"
      },
      "RequestBody": null,
      "StatusCode": 201,
      "ResponseHeaders": {
        "Content-Length": "0",
        "Date": "Thu, 21 Aug 2025 16:16:29 GMT",
        "ETag": "\"0x8DDE0CE1690791C\"",
        "Last-Modified": "Thu, 21 Aug 2025 16:16:30 GMT",
        "Server": [
          "Windows-Azure-HDFS/1.0",
          "Microsoft-HTTPAPI/2.0"
        ],
        "x-ms-client-request-id": "Sanitized",
        "x-ms-request-id": "1588da3f-d01f-003d-66b6-123571000000",
        "x-ms-request-server-encrypted": "true",
        "x-ms-version": "2026-02-06"
      },
      "ResponseBody": null
    },
    {
      "RequestUri": "https://seanhnscanary2.blob.core.windows.net/test-filesystem-23803c3c-a88a-850b-6483-e8a9e107829a/test-directory-d4f8977e-f1ef-0ded-6155-ce9db7ce9a89?sv=Sanitized&se=2025-08-22T16%3A16%3A30Z&sr=d&sp=racwdlmeop&sdd=1&sig=Sanitized",
      "RequestMethod": "HEAD",
      "RequestHeaders": {
        "Accept": "application/xml",
        "traceparent": "00-589ffeb0f2bd6f23f80c37e48cbc2aa0-f87dfebf4513fd0a-00",
        "User-Agent": "azsdk-net-Storage.Files.DataLake/12.24.0-alpha.20250821.1 (.NET 9.0.7; Microsoft Windows 10.0.26100)",
        "x-ms-client-request-id": "Sanitized",
        "x-ms-return-client-request-id": "true",
        "x-ms-version": "2026-02-06"
      },
      "RequestBody": null,
      "StatusCode": 200,
      "ResponseHeaders": {
        "Accept-Ranges": "bytes",
        "Content-Length": "0",
        "Content-Type": "application/octet-stream",
        "Date": "Thu, 21 Aug 2025 16:16:30 GMT",
        "ETag": "\"0x8DDE0CE1690791C\"",
        "Last-Modified": "Thu, 21 Aug 2025 16:16:30 GMT",
        "Server": [
          "Windows-Azure-Blob/1.0",
          "Microsoft-HTTPAPI/2.0"
        ],
        "x-ms-access-tier": "Hot",
        "x-ms-access-tier-inferred": "true",
        "x-ms-acl": "user::rwx,group::r-x,other::---",
        "x-ms-blob-type": "BlockBlob",
        "x-ms-client-request-id": "Sanitized",
        "x-ms-creation-time": "Thu, 21 Aug 2025 16:16:30 GMT",
        "x-ms-group": "$superuser",
        "x-ms-lease-state": "available",
        "x-ms-lease-status": "unlocked",
        "x-ms-meta-hdi_isfolder": "true",
        "x-ms-owner": "$superuser",
        "x-ms-permissions": "rwxr-x---",
        "x-ms-request-id": "1c0dec08-401e-004d-1db6-128c86000000",
        "x-ms-resource-type": "directory",
        "x-ms-server-encrypted": "true",
        "x-ms-version": "2026-02-06"
      },
      "ResponseBody": null
    },
    {
      "RequestUri": "https://seanhnscanary2.dfs.core.windows.net/test-filesystem-23803c3c-a88a-850b-6483-e8a9e107829a/test-directory-d4f8977e-f1ef-0ded-6155-ce9db7ce9a89?sv=Sanitized&se=2025-08-22T16%3A16%3A30Z&sr=d&sp=racwdlmeop&sdd=1&sig=Sanitized&action=getAccessControl",
      "RequestMethod": "HEAD",
      "RequestHeaders": {
        "Accept": "application/json",
        "traceparent": "00-14c31cc493e91510d6b792441485ad79-d54342c1b72ca98a-00",
        "User-Agent": "azsdk-net-Storage.Files.DataLake/12.24.0-alpha.20250821.1 (.NET 9.0.7; Microsoft Windows 10.0.26100)",
        "x-ms-client-request-id": "Sanitized",
        "x-ms-return-client-request-id": "true",
        "x-ms-version": "2026-02-06"
      },
      "RequestBody": null,
      "StatusCode": 200,
      "ResponseHeaders": {
        "Date": "Thu, 21 Aug 2025 16:16:29 GMT",
        "ETag": "\"0x8DDE0CE1690791C\"",
        "Last-Modified": "Thu, 21 Aug 2025 16:16:30 GMT",
        "Server": [
          "Windows-Azure-HDFS/1.0",
          "Microsoft-HTTPAPI/2.0"
        ],
        "x-ms-acl": "user::rwx,group::r-x,other::---",
        "x-ms-client-request-id": "Sanitized",
        "x-ms-group": "$superuser",
        "x-ms-owner": "$superuser",
        "x-ms-permissions": "rwxr-x---",
        "x-ms-request-id": "1588da46-d01f-003d-6db6-123571000000",
        "x-ms-version": "2026-02-06"
      },
      "ResponseBody": null
    },
    {
      "RequestUri": "https://seanhnscanary2.blob.core.windows.net/test-filesystem-23803c3c-a88a-850b-6483-e8a9e107829a?restype=container",
      "RequestMethod": "DELETE",
      "RequestHeaders": {
        "Accept": "application/xml",
        "Authorization": "Sanitized",
        "traceparent": "00-e86931735bfc46d788095a4102fe6907-ead56951257b1318-00",
        "User-Agent": "azsdk-net-Storage.Files.DataLake/12.24.0-alpha.20250821.1 (.NET 9.0.7; Microsoft Windows 10.0.26100)",
        "x-ms-client-request-id": "Sanitized",
        "x-ms-date": "Thu, 21 Aug 2025 16:16:30 GMT",
        "x-ms-return-client-request-id": "true",
        "x-ms-version": "2026-02-06"
      },
      "RequestBody": null,
      "StatusCode": 202,
      "ResponseHeaders": {
        "Content-Length": "0",
        "Date": "Thu, 21 Aug 2025 16:16:30 GMT",
        "Server": [
          "Windows-Azure-Blob/1.0",
          "Microsoft-HTTPAPI/2.0"
        ],
        "x-ms-client-request-id": "Sanitized",
        "x-ms-request-id": "1c0dec42-401e-004d-47b6-128c86000000",
        "x-ms-version": "2026-02-06"
      },
      "ResponseBody": null
    }
  ],
  "Variables": {
    "DateTimeOffsetNow": "2025-08-21T11:16:30.3173881-05:00",
    "RandomSeed": "1021075474",
    "Storage_TestConfigHierarchicalNamespace": "NamespaceTenant\nseanhnscanary2\nU2FuaXRpemVk\nhttps://seanhnscanary2.blob.core.windows.net\nhttps://seanhnscanary2.file.core.windows.net\nhttps://seanhnscanary2.queue.core.windows.net\nhttps://seanhnscanary2.table.core.windows.net\n\n\n\n\nhttps://seanhnscanary2-secondary.blob.core.windows.net\nhttps://seanhnscanary2-secondary.file.core.windows.net\nhttps://seanhnscanary2-secondary.queue.core.windows.net\nhttps://seanhnscanary2-secondary.table.core.windows.net\nCloud\nBlobEndpoint=https://seanhnscanary2.blob.core.windows.net/;QueueEndpoint=https://seanhnscanary2.queue.core.windows.net/;FileEndpoint=https://seanhnscanary2.file.core.windows.net/;BlobSecondaryEndpoint=https://seanhnscanary2-secondary.blob.core.windows.net/;QueueSecondaryEndpoint=https://seanhnscanary2-secondary.queue.core.windows.net/;FileSecondaryEndpoint=https://seanhnscanary2-secondary.file.core.windows.net/;AccountName=seanhnscanary2;AccountKey=U2FuaXRpemVk\nseanscope1\nXClient\n"
  }
}
