{
  "Entries": [
    {
      "RequestUri": "https://seanhnscanada.blob.core.windows.net/test-filesystem-61dae9f1-d064-2010-e818-03431941a361?restype=container",
      "RequestMethod": "PUT",
      "RequestHeaders": {
        "Accept": "application/xml",
        "Authorization": "Sanitized",
        "Content-Length": "0",
        "traceparent": "00-f109dfd3fd994a81a769e1c11be935b5-98ceea93a2e9ed62-00",
        "User-Agent": "azsdk-net-Storage.Files.DataLake/12.19.0-alpha.20240606.1 (.NET 7.0.20; Microsoft Windows 10.0.22631)",
        "x-ms-client-request-id": "Sanitized",
        "x-ms-date": "Thu, 06 Jun 2024 22:50:23 GMT",
        "x-ms-return-client-request-id": "true",
        "x-ms-version": "2024-08-04"
      },
      "RequestBody": null,
      "StatusCode": 201,
      "ResponseHeaders": {
        "Content-Length": "0",
        "Date": "Thu, 06 Jun 2024 22:50:25 GMT",
        "ETag": "\"0x8DC867B0E04C6D8\"",
        "Last-Modified": "Thu, 06 Jun 2024 22:50:25 GMT",
        "Server": [
          "Windows-Azure-Blob/1.0",
          "Microsoft-HTTPAPI/2.0"
        ],
        "x-ms-client-request-id": "Sanitized",
        "x-ms-request-id": "cf95e3a0-201e-0024-3a63-b88912000000",
        "x-ms-version": "2024-08-04"
      },
      "ResponseBody": null
    },
    {
      "RequestUri": "https://seanhnscanada.dfs.core.windows.net/test-filesystem-61dae9f1-d064-2010-e818-03431941a361/test-directory-22d19207-332d-2c03-8506-5dd3a9b57c32?action=getAccessControl",
      "RequestMethod": "HEAD",
      "RequestHeaders": {
        "Accept": "application/json",
        "Authorization": "Sanitized",
        "traceparent": "00-04b84b54b4c28579e414ccb8262f7565-c30bec288ec606e0-00",
        "User-Agent": "azsdk-net-Storage.Files.DataLake/12.19.0-alpha.20240606.1 (.NET 7.0.20; Microsoft Windows 10.0.22631)",
        "x-ms-client-request-id": "Sanitized",
        "x-ms-date": "Thu, 06 Jun 2024 22:50:23 GMT",
        "x-ms-return-client-request-id": "true",
        "x-ms-version": "2024-08-04"
      },
      "RequestBody": null,
      "StatusCode": 404,
      "ResponseHeaders": {
        "Date": "Thu, 06 Jun 2024 22:50:24 GMT",
        "Server": [
          "Windows-Azure-HDFS/1.0",
          "Microsoft-HTTPAPI/2.0"
        ],
        "x-ms-client-request-id": "Sanitized",
        "x-ms-error-code": "PathNotFound",
        "x-ms-request-id": "15812822-101f-004d-0d63-b8b05e000000",
        "x-ms-version": "2024-08-04"
      },
      "ResponseBody": null
    },
    {
      "RequestUri": "https://seanhnscanada.blob.core.windows.net/test-filesystem-61dae9f1-d064-2010-e818-03431941a361?restype=container",
      "RequestMethod": "DELETE",
      "RequestHeaders": {
        "Accept": "application/xml",
        "Authorization": "Sanitized",
        "traceparent": "00-ee3f97c6598f65c5ff34b7d570db91b2-0d29d21c0ad5c650-00",
        "User-Agent": "azsdk-net-Storage.Files.DataLake/12.19.0-alpha.20240606.1 (.NET 7.0.20; Microsoft Windows 10.0.22631)",
        "x-ms-client-request-id": "Sanitized",
        "x-ms-date": "Thu, 06 Jun 2024 22:50:24 GMT",
        "x-ms-return-client-request-id": "true",
        "x-ms-version": "2024-08-04"
      },
      "RequestBody": null,
      "StatusCode": 202,
      "ResponseHeaders": {
        "Content-Length": "0",
        "Date": "Thu, 06 Jun 2024 22:50:25 GMT",
        "Server": [
          "Windows-Azure-Blob/1.0",
          "Microsoft-HTTPAPI/2.0"
        ],
        "x-ms-client-request-id": "Sanitized",
        "x-ms-request-id": "cf95e3f2-201e-0024-0763-b88912000000",
        "x-ms-version": "2024-08-04"
      },
      "ResponseBody": null
    }
  ],
  "Variables": {
    "RandomSeed": "539601316",
    "Storage_TestConfigHierarchicalNamespace": "NamespaceTenant\nseanhnscanada\nU2FuaXRpemVk\nhttps://seanhnscanada.blob.core.windows.net\nhttps://seanhnscanada.file.core.windows.net\nhttps://seanhnscanada.queue.core.windows.net\nhttps://seanhnscanada.table.core.windows.net\n\n\n\n\nhttps://seanhnscanada-secondary.blob.core.windows.net\nhttps://seanhnscanada-secondary.file.core.windows.net\nhttps://seanhnscanada-secondary.queue.core.windows.net\nhttps://seanhnscanada-secondary.table.core.windows.net\nCloud\nBlobEndpoint=https://seanhnscanada.blob.core.windows.net/;QueueEndpoint=https://seanhnscanada.queue.core.windows.net/;FileEndpoint=https://seanhnscanada.file.core.windows.net/;BlobSecondaryEndpoint=https://seanhnscanada-secondary.blob.core.windows.net/;QueueSecondaryEndpoint=https://seanhnscanada-secondary.queue.core.windows.net/;FileSecondaryEndpoint=https://seanhnscanada-secondary.file.core.windows.net/;AccountName=seanhnscanada;AccountKey=Sanitized\n\nXClient\n"
  }
}
