{
  "Entries": [
    {
      "RequestUri": "https://seanhnscanada.blob.core.windows.net/test-filesystem-48cdeca8-ea6f-2269-832c-2c49b196f439?restype=container",
      "RequestMethod": "PUT",
      "RequestHeaders": {
        "Accept": "application/xml",
        "Authorization": "Sanitized",
        "Content-Length": "0",
        "traceparent": "00-a1c7a8176567c00e87c05cff6237edf2-4ce8ecc696a8007f-00",
        "User-Agent": "azsdk-net-Storage.Files.DataLake/12.19.0-alpha.20240606.1 (.NET 7.0.20; Microsoft Windows 10.0.22631)",
        "x-ms-client-request-id": "Sanitized",
        "x-ms-date": "Thu, 06 Jun 2024 22:49:20 GMT",
        "x-ms-return-client-request-id": "true",
        "x-ms-version": "2024-08-04"
      },
      "RequestBody": null,
      "StatusCode": 201,
      "ResponseHeaders": {
        "Content-Length": "0",
        "Date": "Thu, 06 Jun 2024 22:49:21 GMT",
        "ETag": "\"0x8DC867AE83E2DB3\"",
        "Last-Modified": "Thu, 06 Jun 2024 22:49:22 GMT",
        "Server": [
          "Windows-Azure-Blob/1.0",
          "Microsoft-HTTPAPI/2.0"
        ],
        "x-ms-client-request-id": "Sanitized",
        "x-ms-request-id": "cf954432-201e-0024-5363-b88912000000",
        "x-ms-version": "2024-08-04"
      },
      "ResponseBody": null
    },
    {
      "RequestUri": "https://seanhnscanada.dfs.core.windows.net/test-filesystem-48cdeca8-ea6f-2269-832c-2c49b196f439/directory?resource=directory",
      "RequestMethod": "PUT",
      "RequestHeaders": {
        "Accept": "application/json",
        "Authorization": "Sanitized",
        "Content-Length": "0",
        "traceparent": "00-aaf517910897965f1bd3f9787e18b0cd-b5bbdfc531610efc-00",
        "User-Agent": "azsdk-net-Storage.Files.DataLake/12.19.0-alpha.20240606.1 (.NET 7.0.20; Microsoft Windows 10.0.22631)",
        "x-ms-client-request-id": "Sanitized",
        "x-ms-date": "Thu, 06 Jun 2024 22:49:20 GMT",
        "x-ms-return-client-request-id": "true",
        "x-ms-version": "2024-08-04"
      },
      "RequestBody": null,
      "StatusCode": 201,
      "ResponseHeaders": {
        "Content-Length": "0",
        "Date": "Thu, 06 Jun 2024 22:49:21 GMT",
        "ETag": "\"0x8DC867AE84B2278\"",
        "Last-Modified": "Thu, 06 Jun 2024 22:49:22 GMT",
        "Server": [
          "Windows-Azure-HDFS/1.0",
          "Microsoft-HTTPAPI/2.0"
        ],
        "x-ms-client-request-id": "Sanitized",
        "x-ms-request-id": "1581176a-101f-004d-6563-b8b05e000000",
        "x-ms-request-server-encrypted": "true",
        "x-ms-version": "2024-08-04"
      },
      "ResponseBody": null
    },
    {
      "RequestUri": "https://seanhnscanada.dfs.core.windows.net/test-filesystem-48cdeca8-ea6f-2269-832c-2c49b196f439/directory/%21%27%28%29%3B%5B%5D%40%26%25%3D%2B%24%2C%23%C3%A4%C3%84%C3%B6%C3%96%C3%BC%C3%9C%C3%9F%3B?resource=file",
      "RequestMethod": "PUT",
      "RequestHeaders": {
        "Accept": "application/json",
        "Authorization": "Sanitized",
        "Content-Length": "0",
        "traceparent": "00-3595aac56f23cfea82022397ff5b3c60-d9203cb97ab1a149-00",
        "User-Agent": "azsdk-net-Storage.Files.DataLake/12.19.0-alpha.20240606.1 (.NET 7.0.20; Microsoft Windows 10.0.22631)",
        "x-ms-client-request-id": "Sanitized",
        "x-ms-date": "Thu, 06 Jun 2024 22:49:20 GMT",
        "x-ms-return-client-request-id": "true",
        "x-ms-version": "2024-08-04"
      },
      "RequestBody": null,
      "StatusCode": 201,
      "ResponseHeaders": {
        "Content-Length": "0",
        "Date": "Thu, 06 Jun 2024 22:49:21 GMT",
        "ETag": "\"0x8DC867AE85875CC\"",
        "Last-Modified": "Thu, 06 Jun 2024 22:49:22 GMT",
        "Server": [
          "Windows-Azure-HDFS/1.0",
          "Microsoft-HTTPAPI/2.0"
        ],
        "x-ms-client-request-id": "Sanitized",
        "x-ms-request-id": "1581176c-101f-004d-6663-b8b05e000000",
        "x-ms-request-server-encrypted": "true",
        "x-ms-version": "2024-08-04"
      },
      "ResponseBody": null
    },
    {
      "RequestUri": "https://seanhnscanada.dfs.core.windows.net/test-filesystem-48cdeca8-ea6f-2269-832c-2c49b196f439?resource=filesystem&recursive=true&upn=false",
      "RequestMethod": "GET",
      "RequestHeaders": {
        "Accept": "application/json",
        "Authorization": "Sanitized",
        "User-Agent": "azsdk-net-Storage.Files.DataLake/12.19.0-alpha.20240606.1 (.NET 7.0.20; Microsoft Windows 10.0.22631)",
        "x-ms-client-request-id": "Sanitized",
        "x-ms-date": "Thu, 06 Jun 2024 22:49:20 GMT",
        "x-ms-return-client-request-id": "true",
        "x-ms-version": "2024-08-04"
      },
      "RequestBody": null,
      "StatusCode": 200,
      "ResponseHeaders": {
        "Content-Type": "application/json; charset=utf-8",
        "Date": "Thu, 06 Jun 2024 22:49:21 GMT",
        "Server": [
          "Windows-Azure-HDFS/1.0",
          "Microsoft-HTTPAPI/2.0"
        ],
        "Transfer-Encoding": "chunked",
        "x-ms-client-request-id": "Sanitized",
        "x-ms-request-id": "1581176d-101f-004d-6763-b8b05e000000",
        "x-ms-version": "2024-08-04"
      },
      "ResponseBody": {
        "paths": [
          {
            "contentLength": "0",
            "creationTime": "133621877621138040",
            "etag": "0x8DC867AE84B2278",
            "expiryTime": "0",
            "group": "$superuser",
            "isDirectory": "true",
            "lastModified": "Thu, 06 Jun 2024 22:49:22 GMT",
            "name": "directory",
            "owner": "$superuser",
            "permissions": "rwxr-x---"
          },
          {
            "contentLength": "0",
            "creationTime": "133621877622011340",
            "etag": "0x8DC867AE85875CC",
            "expiryTime": "0",
            "group": "$superuser",
            "lastModified": "Thu, 06 Jun 2024 22:49:22 GMT",
            "name": "directory/!'();[]@&%=+$,#äÄöÖüÜß;",
            "owner": "$superuser",
            "permissions": "rw-r-----"
          }
        ]
      }
    },
    {
      "RequestUri": "https://seanhnscanada.blob.core.windows.net/test-filesystem-48cdeca8-ea6f-2269-832c-2c49b196f439?restype=container",
      "RequestMethod": "DELETE",
      "RequestHeaders": {
        "Accept": "application/xml",
        "Authorization": "Sanitized",
        "traceparent": "00-3f36c6f0da69206da6028e334687f829-32fafbf61bf0401b-00",
        "User-Agent": "azsdk-net-Storage.Files.DataLake/12.19.0-alpha.20240606.1 (.NET 7.0.20; Microsoft Windows 10.0.22631)",
        "x-ms-client-request-id": "Sanitized",
        "x-ms-date": "Thu, 06 Jun 2024 22:49:20 GMT",
        "x-ms-return-client-request-id": "true",
        "x-ms-version": "2024-08-04"
      },
      "RequestBody": null,
      "StatusCode": 202,
      "ResponseHeaders": {
        "Content-Length": "0",
        "Date": "Thu, 06 Jun 2024 22:49:21 GMT",
        "Server": [
          "Windows-Azure-Blob/1.0",
          "Microsoft-HTTPAPI/2.0"
        ],
        "x-ms-client-request-id": "Sanitized",
        "x-ms-request-id": "cf9544dc-201e-0024-6b63-b88912000000",
        "x-ms-version": "2024-08-04"
      },
      "ResponseBody": null
    }
  ],
  "Variables": {
    "RandomSeed": "1876757861",
    "Storage_TestConfigHierarchicalNamespace": "NamespaceTenant\nseanhnscanada\nU2FuaXRpemVk\nhttps://seanhnscanada.blob.core.windows.net\nhttps://seanhnscanada.file.core.windows.net\nhttps://seanhnscanada.queue.core.windows.net\nhttps://seanhnscanada.table.core.windows.net\n\n\n\n\nhttps://seanhnscanada-secondary.blob.core.windows.net\nhttps://seanhnscanada-secondary.file.core.windows.net\nhttps://seanhnscanada-secondary.queue.core.windows.net\nhttps://seanhnscanada-secondary.table.core.windows.net\nCloud\nBlobEndpoint=https://seanhnscanada.blob.core.windows.net/;QueueEndpoint=https://seanhnscanada.queue.core.windows.net/;FileEndpoint=https://seanhnscanada.file.core.windows.net/;BlobSecondaryEndpoint=https://seanhnscanada-secondary.blob.core.windows.net/;QueueSecondaryEndpoint=https://seanhnscanada-secondary.queue.core.windows.net/;FileSecondaryEndpoint=https://seanhnscanada-secondary.file.core.windows.net/;AccountName=seanhnscanada;AccountKey=Sanitized\n\nXClient\n"
  }
}
