{
  "Entries": [
    {
      "RequestUri": "https://seanhnscanada.blob.core.windows.net/test-filesystem-b8b7391e-3d8e-e5da-85f9-1d6da85dd7b0?restype=container",
      "RequestMethod": "PUT",
      "RequestHeaders": {
        "Accept": "application/xml",
        "Authorization": "Sanitized",
        "Content-Length": "0",
        "traceparent": "00-13d3e5f5ff00e8ea0493b471690b3f2e-af73204791c84384-00",
        "User-Agent": "azsdk-net-Storage.Files.DataLake/12.19.0-alpha.20240606.1 (.NET 7.0.20; Microsoft Windows 10.0.22631)",
        "x-ms-client-request-id": "Sanitized",
        "x-ms-date": "Thu, 06 Jun 2024 22:46:46 GMT",
        "x-ms-return-client-request-id": "true",
        "x-ms-version": "2024-08-04"
      },
      "RequestBody": null,
      "StatusCode": 201,
      "ResponseHeaders": {
        "Content-Length": "0",
        "Date": "Thu, 06 Jun 2024 22:46:47 GMT",
        "ETag": "\"0x8DC867A8CB88A7E\"",
        "Last-Modified": "Thu, 06 Jun 2024 22:46:48 GMT",
        "Server": [
          "Windows-Azure-Blob/1.0",
          "Microsoft-HTTPAPI/2.0"
        ],
        "x-ms-client-request-id": "Sanitized",
        "x-ms-request-id": "cf9368f1-201e-0024-4363-b88912000000",
        "x-ms-version": "2024-08-04"
      },
      "ResponseBody": null
    },
    {
      "RequestUri": "https://seanhnscanada.dfs.core.windows.net/test-filesystem-b8b7391e-3d8e-e5da-85f9-1d6da85dd7b0/test-directory-2acceeb0-147c-6415-df47-6684560f0039/test-dire%C2%A2t%20%C3%98%C2%AE%CF%92%253A-f8cde2c2-374e-9334-e854-ddfc0f3d3544?resource=directory",
      "RequestMethod": "PUT",
      "RequestHeaders": {
        "Accept": "application/json",
        "Authorization": "Sanitized",
        "Content-Length": "0",
        "traceparent": "00-33e87b7ee49d4128b71f0efd76a64100-cc0912cf76073335-00",
        "User-Agent": "azsdk-net-Storage.Files.DataLake/12.19.0-alpha.20240606.1 (.NET 7.0.20; Microsoft Windows 10.0.22631)",
        "x-ms-client-request-id": "Sanitized",
        "x-ms-date": "Thu, 06 Jun 2024 22:46:47 GMT",
        "x-ms-return-client-request-id": "true",
        "x-ms-version": "2024-08-04"
      },
      "RequestBody": null,
      "StatusCode": 201,
      "ResponseHeaders": {
        "Content-Length": "0",
        "Date": "Thu, 06 Jun 2024 22:46:48 GMT",
        "ETag": "\"0x8DC867A8CD35AA0\"",
        "Last-Modified": "Thu, 06 Jun 2024 22:46:48 GMT",
        "Server": [
          "Windows-Azure-HDFS/1.0",
          "Microsoft-HTTPAPI/2.0"
        ],
        "x-ms-client-request-id": "Sanitized",
        "x-ms-request-id": "6513c9a3-301f-005a-0263-b81955000000",
        "x-ms-request-server-encrypted": "true",
        "x-ms-version": "2024-08-04"
      },
      "ResponseBody": null
    },
    {
      "RequestUri": "https://seanhnscanada.dfs.core.windows.net/test-filesystem-b8b7391e-3d8e-e5da-85f9-1d6da85dd7b0?resource=filesystem&recursive=true&upn=false",
      "RequestMethod": "GET",
      "RequestHeaders": {
        "Accept": "application/json",
        "Authorization": "Sanitized",
        "traceparent": "00-d8c0af512dc485707e2c3728f64556ec-fe30ca4404b1f821-00",
        "User-Agent": "azsdk-net-Storage.Files.DataLake/12.19.0-alpha.20240606.1 (.NET 7.0.20; Microsoft Windows 10.0.22631)",
        "x-ms-client-request-id": "Sanitized",
        "x-ms-date": "Thu, 06 Jun 2024 22:46:47 GMT",
        "x-ms-return-client-request-id": "true",
        "x-ms-version": "2024-08-04"
      },
      "RequestBody": null,
      "StatusCode": 200,
      "ResponseHeaders": {
        "Content-Type": "application/json; charset=utf-8",
        "Date": "Thu, 06 Jun 2024 22:46:48 GMT",
        "Server": [
          "Windows-Azure-HDFS/1.0",
          "Microsoft-HTTPAPI/2.0"
        ],
        "Transfer-Encoding": "chunked",
        "x-ms-client-request-id": "Sanitized",
        "x-ms-request-id": "6513c9b0-301f-005a-0f63-b81955000000",
        "x-ms-version": "2024-08-04"
      },
      "ResponseBody": {
        "paths": [
          {
            "contentLength": "0",
            "creationTime": "133621876085818844",
            "etag": "0x8DC867A8CC805E0",
            "expiryTime": "0",
            "group": "$superuser",
            "isDirectory": "true",
            "lastModified": "Thu, 06 Jun 2024 22:46:48 GMT",
            "name": "test-directory-2acceeb0-147c-6415-df47-6684560f0039",
            "owner": "$superuser",
            "permissions": "rwxr-x---"
          },
          {
            "contentLength": "0",
            "creationTime": "133621876086561440",
            "etag": "0x8DC867A8CD35AA0",
            "expiryTime": "0",
            "group": "$superuser",
            "isDirectory": "true",
            "lastModified": "Thu, 06 Jun 2024 22:46:48 GMT",
            "name": "test-directory-2acceeb0-147c-6415-df47-6684560f0039/test-dire¢t Ø®ϒ%3A-f8cde2c2-374e-9334-e854-ddfc0f3d3544",
            "owner": "$superuser",
            "permissions": "rwxr-x---"
          }
        ]
      }
    },
    {
      "RequestUri": "https://seanhnscanada.blob.core.windows.net/test-filesystem-b8b7391e-3d8e-e5da-85f9-1d6da85dd7b0?restype=container",
      "RequestMethod": "DELETE",
      "RequestHeaders": {
        "Accept": "application/xml",
        "Authorization": "Sanitized",
        "traceparent": "00-0e378530126673146a89d0ca21610365-8246dbcca7fc5127-00",
        "User-Agent": "azsdk-net-Storage.Files.DataLake/12.19.0-alpha.20240606.1 (.NET 7.0.20; Microsoft Windows 10.0.22631)",
        "x-ms-client-request-id": "Sanitized",
        "x-ms-date": "Thu, 06 Jun 2024 22:46:47 GMT",
        "x-ms-return-client-request-id": "true",
        "x-ms-version": "2024-08-04"
      },
      "RequestBody": null,
      "StatusCode": 202,
      "ResponseHeaders": {
        "Content-Length": "0",
        "Date": "Thu, 06 Jun 2024 22:46:47 GMT",
        "Server": [
          "Windows-Azure-Blob/1.0",
          "Microsoft-HTTPAPI/2.0"
        ],
        "x-ms-client-request-id": "Sanitized",
        "x-ms-request-id": "cf9369f3-201e-0024-3363-b88912000000",
        "x-ms-version": "2024-08-04"
      },
      "ResponseBody": null
    }
  ],
  "Variables": {
    "RandomSeed": "1475268997",
    "Storage_TestConfigHierarchicalNamespace": "NamespaceTenant\nseanhnscanada\nU2FuaXRpemVk\nhttps://seanhnscanada.blob.core.windows.net\nhttps://seanhnscanada.file.core.windows.net\nhttps://seanhnscanada.queue.core.windows.net\nhttps://seanhnscanada.table.core.windows.net\n\n\n\n\nhttps://seanhnscanada-secondary.blob.core.windows.net\nhttps://seanhnscanada-secondary.file.core.windows.net\nhttps://seanhnscanada-secondary.queue.core.windows.net\nhttps://seanhnscanada-secondary.table.core.windows.net\nCloud\nBlobEndpoint=https://seanhnscanada.blob.core.windows.net/;QueueEndpoint=https://seanhnscanada.queue.core.windows.net/;FileEndpoint=https://seanhnscanada.file.core.windows.net/;BlobSecondaryEndpoint=https://seanhnscanada-secondary.blob.core.windows.net/;QueueSecondaryEndpoint=https://seanhnscanada-secondary.queue.core.windows.net/;FileSecondaryEndpoint=https://seanhnscanada-secondary.file.core.windows.net/;AccountName=seanhnscanada;AccountKey=Sanitized\n\nXClient\n"
  }
}
