{
  "Entries": [
    {
      "RequestUri": "https://seanhnscanada.blob.core.windows.net/test-filesystem-e2f1fd7e-0046-9582-355e-d5a6e000c477?restype=container",
      "RequestMethod": "PUT",
      "RequestHeaders": {
        "Accept": "application/xml",
        "Authorization": "Sanitized",
        "Content-Length": "0",
        "traceparent": "00-687c1788f89affb807baea0ca852aadc-8020b1da070def84-00",
        "User-Agent": "azsdk-net-Storage.Files.DataLake/12.19.0-alpha.20240606.1 (.NET 7.0.20; Microsoft Windows 10.0.22631)",
        "x-ms-client-request-id": "Sanitized",
        "x-ms-date": "Thu, 06 Jun 2024 22:52:06 GMT",
        "x-ms-return-client-request-id": "true",
        "x-ms-version": "2024-08-04"
      },
      "RequestBody": null,
      "StatusCode": 201,
      "ResponseHeaders": {
        "Content-Length": "0",
        "Date": "Thu, 06 Jun 2024 22:52:07 GMT",
        "ETag": "\"0x8DC867B4AF8ED16\"",
        "Last-Modified": "Thu, 06 Jun 2024 22:52:07 GMT",
        "Server": [
          "Windows-Azure-Blob/1.0",
          "Microsoft-HTTPAPI/2.0"
        ],
        "x-ms-client-request-id": "Sanitized",
        "x-ms-request-id": "cf972233-201e-0024-2464-b88912000000",
        "x-ms-version": "2024-08-04"
      },
      "ResponseBody": null
    },
    {
      "RequestUri": "https://seanhnscanada.dfs.core.windows.net/test-filesystem-e2f1fd7e-0046-9582-355e-d5a6e000c477/?action=setAccessControl",
      "RequestMethod": "PATCH",
      "RequestHeaders": {
        "Accept": "application/json",
        "Authorization": "Sanitized",
        "Content-Length": "0",
        "traceparent": "00-a2befaa7d68f908cefceb5af76cf415b-049e82c9583aa2c3-00",
        "User-Agent": "azsdk-net-Storage.Files.DataLake/12.19.0-alpha.20240606.1 (.NET 7.0.20; Microsoft Windows 10.0.22631)",
        "x-ms-acl": "user::--x,group::--x,other::--x",
        "x-ms-client-request-id": "Sanitized",
        "x-ms-date": "Thu, 06 Jun 2024 22:52:06 GMT",
        "x-ms-return-client-request-id": "true",
        "x-ms-version": "2024-08-04"
      },
      "RequestBody": null,
      "StatusCode": 200,
      "ResponseHeaders": {
        "Content-Length": "0",
        "Date": "Thu, 06 Jun 2024 22:52:07 GMT",
        "ETag": "\"0x8DC867B4AFBA0F4\"",
        "Last-Modified": "Thu, 06 Jun 2024 22:52:07 GMT",
        "Server": [
          "Windows-Azure-HDFS/1.0",
          "Microsoft-HTTPAPI/2.0"
        ],
        "x-ms-client-request-id": "Sanitized",
        "x-ms-namespace-enabled": "true",
        "x-ms-request-id": "0be96d43-901f-0053-4b64-b85c86000000",
        "x-ms-version": "2024-08-04"
      },
      "ResponseBody": null
    },
    {
      "RequestUri": "https://seanhnscanada.dfs.core.windows.net/test-filesystem-e2f1fd7e-0046-9582-355e-d5a6e000c477/test-directory-45ddc8c4-a770-8288-2d14-64ed678f2302?action=setAccessControlRecursive&mode=set",
      "RequestMethod": "PATCH",
      "RequestHeaders": {
        "Accept": "application/json",
        "Authorization": "Sanitized",
        "Content-Length": "0",
        "traceparent": "00-89f39aba0d1a3613440545a5387a2fce-fd12e2da62895034-00",
        "User-Agent": "azsdk-net-Storage.Files.DataLake/12.19.0-alpha.20240606.1 (.NET 7.0.20; Microsoft Windows 10.0.22631)",
        "x-ms-acl": "user::rwx,group::r--,other::---,mask::rwx",
        "x-ms-client-request-id": "Sanitized",
        "x-ms-return-client-request-id": "true",
        "x-ms-version": "2024-08-04"
      },
      "RequestBody": null,
      "StatusCode": 404,
      "ResponseHeaders": {
        "Content-Length": "163",
        "Content-Type": "application/json; charset=utf-8",
        "Date": "Thu, 06 Jun 2024 22:52:08 GMT",
        "Server": [
          "Windows-Azure-HDFS/1.0",
          "Microsoft-HTTPAPI/2.0"
        ],
        "x-ms-client-request-id": "Sanitized",
        "x-ms-error-code": "PathNotFound",
        "x-ms-request-id": "14e61b9b-b01f-0026-2f64-b837aa000000",
        "x-ms-version": "2024-08-04"
      },
      "ResponseBody": {
        "error": {
          "code": "PathNotFound",
          "message": "The specified path does not exist.\nRequestId:14e61b9b-b01f-0026-2f64-b837aa000000\nTime:2024-06-06T22:52:09.3042061Z"
        }
      }
    },
    {
      "RequestUri": "https://seanhnscanada.blob.core.windows.net/test-filesystem-e2f1fd7e-0046-9582-355e-d5a6e000c477?restype=container",
      "RequestMethod": "DELETE",
      "RequestHeaders": {
        "Accept": "application/xml",
        "Authorization": "Sanitized",
        "traceparent": "00-3513a11051cf8e24eb33339f10833c1b-2142dbce2ed10ca1-00",
        "User-Agent": "azsdk-net-Storage.Files.DataLake/12.19.0-alpha.20240606.1 (.NET 7.0.20; Microsoft Windows 10.0.22631)",
        "x-ms-client-request-id": "Sanitized",
        "x-ms-date": "Thu, 06 Jun 2024 22:52:07 GMT",
        "x-ms-return-client-request-id": "true",
        "x-ms-version": "2024-08-04"
      },
      "RequestBody": null,
      "StatusCode": 202,
      "ResponseHeaders": {
        "Content-Length": "0",
        "Date": "Thu, 06 Jun 2024 22:52:09 GMT",
        "Server": [
          "Windows-Azure-Blob/1.0",
          "Microsoft-HTTPAPI/2.0"
        ],
        "x-ms-client-request-id": "Sanitized",
        "x-ms-request-id": "cf97291a-201e-0024-3e64-b88912000000",
        "x-ms-version": "2024-08-04"
      },
      "ResponseBody": null
    }
  ],
  "Variables": {
    "RandomSeed": "146325236",
    "Storage_TestConfigHierarchicalNamespace": "NamespaceTenant\nseanhnscanada\nU2FuaXRpemVk\nhttps://seanhnscanada.blob.core.windows.net\nhttps://seanhnscanada.file.core.windows.net\nhttps://seanhnscanada.queue.core.windows.net\nhttps://seanhnscanada.table.core.windows.net\n\n\n\n\nhttps://seanhnscanada-secondary.blob.core.windows.net\nhttps://seanhnscanada-secondary.file.core.windows.net\nhttps://seanhnscanada-secondary.queue.core.windows.net\nhttps://seanhnscanada-secondary.table.core.windows.net\nCloud\nBlobEndpoint=https://seanhnscanada.blob.core.windows.net/;QueueEndpoint=https://seanhnscanada.queue.core.windows.net/;FileEndpoint=https://seanhnscanada.file.core.windows.net/;BlobSecondaryEndpoint=https://seanhnscanada-secondary.blob.core.windows.net/;QueueSecondaryEndpoint=https://seanhnscanada-secondary.queue.core.windows.net/;FileSecondaryEndpoint=https://seanhnscanada-secondary.file.core.windows.net/;AccountName=seanhnscanada;AccountKey=Sanitized\n\nXClient\n"
  }
}
