{
  "Entries": [
    {
      "RequestUri": "https://seanhnscanada.blob.core.windows.net/test-filesystem-16f53e3f-efba-3b51-7820-08f5dec19d63?restype=container",
      "RequestMethod": "PUT",
      "RequestHeaders": {
        "Accept": "application/xml",
        "Authorization": "Sanitized",
        "Content-Length": "0",
        "traceparent": "00-081a5512fe8cfb70443a8bdcf41639e5-e4807383e376a1ba-00",
        "User-Agent": "azsdk-net-Storage.Files.DataLake/12.19.0-alpha.20240606.1 (.NET 7.0.20; Microsoft Windows 10.0.22631)",
        "x-ms-client-request-id": "Sanitized",
        "x-ms-date": "Thu, 06 Jun 2024 22:52:10 GMT",
        "x-ms-return-client-request-id": "true",
        "x-ms-version": "2024-08-04"
      },
      "RequestBody": null,
      "StatusCode": 201,
      "ResponseHeaders": {
        "Content-Length": "0",
        "Date": "Thu, 06 Jun 2024 22:52:12 GMT",
        "ETag": "\"0x8DC867B4DAF1F95\"",
        "Last-Modified": "Thu, 06 Jun 2024 22:52:12 GMT",
        "Server": [
          "Windows-Azure-Blob/1.0",
          "Microsoft-HTTPAPI/2.0"
        ],
        "x-ms-client-request-id": "Sanitized",
        "x-ms-request-id": "cf97313f-201e-0024-7464-b88912000000",
        "x-ms-version": "2024-08-04"
      },
      "ResponseBody": null
    },
    {
      "RequestUri": "https://seanhnscanada.dfs.core.windows.net/test-filesystem-16f53e3f-efba-3b51-7820-08f5dec19d63/test-directory-17b64648-7bbb-6d2c-e4c7-95e0fec49606?resource=directory",
      "RequestMethod": "PUT",
      "RequestHeaders": {
        "Accept": "application/json",
        "Authorization": "Sanitized",
        "Content-Length": "0",
        "traceparent": "00-ea09ec759d79dbf6ab8ce138e95eaba5-3227e4e354a7ea44-00",
        "User-Agent": "azsdk-net-Storage.Files.DataLake/12.19.0-alpha.20240606.1 (.NET 7.0.20; Microsoft Windows 10.0.22631)",
        "x-ms-client-request-id": "Sanitized",
        "x-ms-date": "Thu, 06 Jun 2024 22:52:10 GMT",
        "x-ms-return-client-request-id": "true",
        "x-ms-version": "2024-08-04"
      },
      "RequestBody": null,
      "StatusCode": 201,
      "ResponseHeaders": {
        "Content-Length": "0",
        "Date": "Thu, 06 Jun 2024 22:52:12 GMT",
        "ETag": "\"0x8DC867B4DD8F140\"",
        "Last-Modified": "Thu, 06 Jun 2024 22:52:12 GMT",
        "Server": [
          "Windows-Azure-HDFS/1.0",
          "Microsoft-HTTPAPI/2.0"
        ],
        "x-ms-client-request-id": "Sanitized",
        "x-ms-request-id": "667f1f7b-f01f-0018-2764-b8a0d5000000",
        "x-ms-request-server-encrypted": "true",
        "x-ms-version": "2024-08-04"
      },
      "ResponseBody": null
    },
    {
      "RequestUri": "https://seanhnscanada.dfs.core.windows.net/test-filesystem-16f53e3f-efba-3b51-7820-08f5dec19d63/test-directory-17b64648-7bbb-6d2c-e4c7-95e0fec49606/test-directory-3e393cd8-9c5f-1936-bb4f-a0a80561df65?resource=directory",
      "RequestMethod": "PUT",
      "RequestHeaders": {
        "Accept": "application/json",
        "Authorization": "Sanitized",
        "Content-Length": "0",
        "User-Agent": "azsdk-net-Storage.Files.DataLake/12.19.0-alpha.20240606.1 (.NET 7.0.20; Microsoft Windows 10.0.22631)",
        "x-ms-client-request-id": "Sanitized",
        "x-ms-date": "Thu, 06 Jun 2024 22:52:11 GMT",
        "x-ms-return-client-request-id": "true",
        "x-ms-version": "2024-08-04"
      },
      "RequestBody": null,
      "StatusCode": 201,
      "ResponseHeaders": {
        "Content-Length": "0",
        "Date": "Thu, 06 Jun 2024 22:52:12 GMT",
        "ETag": "\"0x8DC867B4DE24C8C\"",
        "Last-Modified": "Thu, 06 Jun 2024 22:52:12 GMT",
        "Server": [
          "Windows-Azure-HDFS/1.0",
          "Microsoft-HTTPAPI/2.0"
        ],
        "x-ms-client-request-id": "Sanitized",
        "x-ms-request-id": "667f1f7e-f01f-0018-2a64-b8a0d5000000",
        "x-ms-request-server-encrypted": "true",
        "x-ms-version": "2024-08-04"
      },
      "ResponseBody": null
    },
    {
      "RequestUri": "https://seanhnscanada.dfs.core.windows.net/test-filesystem-16f53e3f-efba-3b51-7820-08f5dec19d63/test-directory-17b64648-7bbb-6d2c-e4c7-95e0fec49606/test-directory-3e393cd8-9c5f-1936-bb4f-a0a80561df65/test-file-952124ca-2ac8-a159-f0ff-61c4ed377540?resource=file",
      "RequestMethod": "PUT",
      "RequestHeaders": {
        "Accept": "application/json",
        "Authorization": "Sanitized",
        "Content-Length": "0",
        "User-Agent": "azsdk-net-Storage.Files.DataLake/12.19.0-alpha.20240606.1 (.NET 7.0.20; Microsoft Windows 10.0.22631)",
        "x-ms-client-request-id": "Sanitized",
        "x-ms-date": "Thu, 06 Jun 2024 22:52:11 GMT",
        "x-ms-return-client-request-id": "true",
        "x-ms-version": "2024-08-04"
      },
      "RequestBody": null,
      "StatusCode": 201,
      "ResponseHeaders": {
        "Content-Length": "0",
        "Date": "Thu, 06 Jun 2024 22:52:12 GMT",
        "ETag": "\"0x8DC867B4DF17F5C\"",
        "Last-Modified": "Thu, 06 Jun 2024 22:52:12 GMT",
        "Server": [
          "Windows-Azure-HDFS/1.0",
          "Microsoft-HTTPAPI/2.0"
        ],
        "x-ms-client-request-id": "Sanitized",
        "x-ms-request-id": "667f1f82-f01f-0018-2e64-b8a0d5000000",
        "x-ms-request-server-encrypted": "true",
        "x-ms-version": "2024-08-04"
      },
      "ResponseBody": null
    },
    {
      "RequestUri": "https://seanhnscanada.dfs.core.windows.net/test-filesystem-16f53e3f-efba-3b51-7820-08f5dec19d63/test-directory-17b64648-7bbb-6d2c-e4c7-95e0fec49606/test-directory-3e393cd8-9c5f-1936-bb4f-a0a80561df65/test-file-ffed63b5-83df-3eb1-04cd-d06217040e10?resource=file",
      "RequestMethod": "PUT",
      "RequestHeaders": {
        "Accept": "application/json",
        "Authorization": "Sanitized",
        "Content-Length": "0",
        "User-Agent": "azsdk-net-Storage.Files.DataLake/12.19.0-alpha.20240606.1 (.NET 7.0.20; Microsoft Windows 10.0.22631)",
        "x-ms-client-request-id": "Sanitized",
        "x-ms-date": "Thu, 06 Jun 2024 22:52:11 GMT",
        "x-ms-return-client-request-id": "true",
        "x-ms-version": "2024-08-04"
      },
      "RequestBody": null,
      "StatusCode": 201,
      "ResponseHeaders": {
        "Content-Length": "0",
        "Date": "Thu, 06 Jun 2024 22:52:12 GMT",
        "ETag": "\"0x8DC867B4DFEA11C\"",
        "Last-Modified": "Thu, 06 Jun 2024 22:52:12 GMT",
        "Server": [
          "Windows-Azure-HDFS/1.0",
          "Microsoft-HTTPAPI/2.0"
        ],
        "x-ms-client-request-id": "Sanitized",
        "x-ms-request-id": "667f1f88-f01f-0018-3464-b8a0d5000000",
        "x-ms-request-server-encrypted": "true",
        "x-ms-version": "2024-08-04"
      },
      "ResponseBody": null
    },
    {
      "RequestUri": "https://seanhnscanada.dfs.core.windows.net/test-filesystem-16f53e3f-efba-3b51-7820-08f5dec19d63/test-directory-17b64648-7bbb-6d2c-e4c7-95e0fec49606/test-directory-24b85142-235e-c09f-7cad-49fe60941429?resource=directory",
      "RequestMethod": "PUT",
      "RequestHeaders": {
        "Accept": "application/json",
        "Authorization": "Sanitized",
        "Content-Length": "0",
        "User-Agent": "azsdk-net-Storage.Files.DataLake/12.19.0-alpha.20240606.1 (.NET 7.0.20; Microsoft Windows 10.0.22631)",
        "x-ms-client-request-id": "Sanitized",
        "x-ms-date": "Thu, 06 Jun 2024 22:52:11 GMT",
        "x-ms-return-client-request-id": "true",
        "x-ms-version": "2024-08-04"
      },
      "RequestBody": null,
      "StatusCode": 201,
      "ResponseHeaders": {
        "Content-Length": "0",
        "Date": "Thu, 06 Jun 2024 22:52:12 GMT",
        "ETag": "\"0x8DC867B4E09A484\"",
        "Last-Modified": "Thu, 06 Jun 2024 22:52:12 GMT",
        "Server": [
          "Windows-Azure-HDFS/1.0",
          "Microsoft-HTTPAPI/2.0"
        ],
        "x-ms-client-request-id": "Sanitized",
        "x-ms-request-id": "667f1f92-f01f-0018-3b64-b8a0d5000000",
        "x-ms-request-server-encrypted": "true",
        "x-ms-version": "2024-08-04"
      },
      "ResponseBody": null
    },
    {
      "RequestUri": "https://seanhnscanada.dfs.core.windows.net/test-filesystem-16f53e3f-efba-3b51-7820-08f5dec19d63/test-directory-17b64648-7bbb-6d2c-e4c7-95e0fec49606/test-directory-24b85142-235e-c09f-7cad-49fe60941429/test-file-eed951e2-1131-64d9-339d-7e75a2934522?resource=file",
      "RequestMethod": "PUT",
      "RequestHeaders": {
        "Accept": "application/json",
        "Authorization": "Sanitized",
        "Content-Length": "0",
        "User-Agent": "azsdk-net-Storage.Files.DataLake/12.19.0-alpha.20240606.1 (.NET 7.0.20; Microsoft Windows 10.0.22631)",
        "x-ms-client-request-id": "Sanitized",
        "x-ms-date": "Thu, 06 Jun 2024 22:52:11 GMT",
        "x-ms-return-client-request-id": "true",
        "x-ms-version": "2024-08-04"
      },
      "RequestBody": null,
      "StatusCode": 201,
      "ResponseHeaders": {
        "Content-Length": "0",
        "Date": "Thu, 06 Jun 2024 22:52:12 GMT",
        "ETag": "\"0x8DC867B4E1C678C\"",
        "Last-Modified": "Thu, 06 Jun 2024 22:52:12 GMT",
        "Server": [
          "Windows-Azure-HDFS/1.0",
          "Microsoft-HTTPAPI/2.0"
        ],
        "x-ms-client-request-id": "Sanitized",
        "x-ms-request-id": "667f1f96-f01f-0018-3f64-b8a0d5000000",
        "x-ms-request-server-encrypted": "true",
        "x-ms-version": "2024-08-04"
      },
      "ResponseBody": null
    },
    {
      "RequestUri": "https://seanhnscanada.dfs.core.windows.net/test-filesystem-16f53e3f-efba-3b51-7820-08f5dec19d63/test-directory-17b64648-7bbb-6d2c-e4c7-95e0fec49606/test-file-e66c9098-4e99-a790-4a1d-63743d513859?resource=file",
      "RequestMethod": "PUT",
      "RequestHeaders": {
        "Accept": "application/json",
        "Authorization": "Sanitized",
        "Content-Length": "0",
        "User-Agent": "azsdk-net-Storage.Files.DataLake/12.19.0-alpha.20240606.1 (.NET 7.0.20; Microsoft Windows 10.0.22631)",
        "x-ms-client-request-id": "Sanitized",
        "x-ms-date": "Thu, 06 Jun 2024 22:52:11 GMT",
        "x-ms-return-client-request-id": "true",
        "x-ms-version": "2024-08-04"
      },
      "RequestBody": null,
      "StatusCode": 201,
      "ResponseHeaders": {
        "Content-Length": "0",
        "Date": "Thu, 06 Jun 2024 22:52:12 GMT",
        "ETag": "\"0x8DC867B4E2641AC\"",
        "Last-Modified": "Thu, 06 Jun 2024 22:52:12 GMT",
        "Server": [
          "Windows-Azure-HDFS/1.0",
          "Microsoft-HTTPAPI/2.0"
        ],
        "x-ms-client-request-id": "Sanitized",
        "x-ms-request-id": "667f1f9e-f01f-0018-4764-b8a0d5000000",
        "x-ms-request-server-encrypted": "true",
        "x-ms-version": "2024-08-04"
      },
      "ResponseBody": null
    },
    {
      "RequestUri": "https://seanhnscanada.dfs.core.windows.net/test-filesystem-16f53e3f-efba-3b51-7820-08f5dec19d63/test-directory-17b64648-7bbb-6d2c-e4c7-95e0fec49606?action=setAccessControlRecursive&mode=set&maxRecords=2",
      "RequestMethod": "PATCH",
      "RequestHeaders": {
        "Accept": "application/json",
        "Authorization": "Sanitized",
        "Content-Length": "0",
        "User-Agent": "azsdk-net-Storage.Files.DataLake/12.19.0-alpha.20240606.1 (.NET 7.0.20; Microsoft Windows 10.0.22631)",
        "x-ms-acl": "user::rwx,group::r--,other::---,mask::rwx",
        "x-ms-client-request-id": "Sanitized",
        "x-ms-date": "Thu, 06 Jun 2024 22:52:11 GMT",
        "x-ms-return-client-request-id": "true",
        "x-ms-version": "2024-08-04"
      },
      "RequestBody": null,
      "StatusCode": 200,
      "ResponseHeaders": {
        "Date": "Thu, 06 Jun 2024 22:52:12 GMT",
        "Server": [
          "Windows-Azure-HDFS/1.0",
          "Microsoft-HTTPAPI/2.0"
        ],
        "Transfer-Encoding": "chunked",
        "x-ms-client-request-id": "Sanitized",
        "x-ms-continuation": "VBbt/qXtlvy4YhiCAhj8AS9zZWFuaG5zY2FuYWRhATAxRDdDNDQ4RkEzNTI2NkEvdGVzdC1maWxlc3lzdGVtLTE2ZjUzZTNmLWVmYmEtM2I1MS03ODIwLTA4ZjVkZWMxOWQ2MwEwMURBQjg2NDJCMzg4QjdBL3Rlc3QtZGlyZWN0b3J5LTE3YjY0NjQ4LTdiYmItNmQyYy1lNGM3LTk1ZTBmZWM0OTYwNi90ZXN0LWRpcmVjdG9yeS0yNGI4NTE0Mi0yMzVlLWMwOWYtN2NhZC00OWZlNjA5NDE0MjkvdGVzdC1maWxlLWVlZDk1MWUyLTExMzEtNjRkOS0zMzlkLTdlNzVhMjkzNDUyMhYAAAA=",
        "x-ms-namespace-enabled": "true",
        "x-ms-request-id": "667f1fb6-f01f-0018-5f64-b8a0d5000000",
        "x-ms-version": "2024-08-04"
      },
      "ResponseBody": "eyJkaXJlY3Rvcmllc1N1Y2Nlc3NmdWwiOjIsImZhaWxlZEVudHJpZXMiOltdLCJmYWlsdXJlQ291bnQiOjAsImZpbGVzU3VjY2Vzc2Z1bCI6MH0K"
    },
    {
      "RequestUri": "https://seanhnscanada.dfs.core.windows.net/test-filesystem-16f53e3f-efba-3b51-7820-08f5dec19d63/test-directory-17b64648-7bbb-6d2c-e4c7-95e0fec49606?action=setAccessControlRecursive&continuation=VBbt%2FqXtlvy4YhiCAhj8AS9zZWFuaG5zY2FuYWRhATAxRDdDNDQ4RkEzNTI2NkEvdGVzdC1maWxlc3lzdGVtLTE2ZjUzZTNmLWVmYmEtM2I1MS03ODIwLTA4ZjVkZWMxOWQ2MwEwMURBQjg2NDJCMzg4QjdBL3Rlc3QtZGlyZWN0b3J5LTE3YjY0NjQ4LTdiYmItNmQyYy1lNGM3LTk1ZTBmZWM0OTYwNi90ZXN0LWRpcmVjdG9yeS0yNGI4NTE0Mi0yMzVlLWMwOWYtN2NhZC00OWZlNjA5NDE0MjkvdGVzdC1maWxlLWVlZDk1MWUyLTExMzEtNjRkOS0zMzlkLTdlNzVhMjkzNDUyMhYAAAA%3D&mode=set&maxRecords=2",
      "RequestMethod": "PATCH",
      "RequestHeaders": {
        "Accept": "application/json",
        "Authorization": "Sanitized",
        "Content-Length": "0",
        "User-Agent": "azsdk-net-Storage.Files.DataLake/12.19.0-alpha.20240606.1 (.NET 7.0.20; Microsoft Windows 10.0.22631)",
        "x-ms-acl": "user::rwx,group::r--,other::---,mask::rwx",
        "x-ms-client-request-id": "Sanitized",
        "x-ms-date": "Thu, 06 Jun 2024 22:52:11 GMT",
        "x-ms-return-client-request-id": "true",
        "x-ms-version": "2024-08-04"
      },
      "RequestBody": null,
      "StatusCode": 200,
      "ResponseHeaders": {
        "Date": "Thu, 06 Jun 2024 22:52:13 GMT",
        "Server": [
          "Windows-Azure-HDFS/1.0",
          "Microsoft-HTTPAPI/2.0"
        ],
        "Transfer-Encoding": "chunked",
        "x-ms-client-request-id": "Sanitized",
        "x-ms-continuation": "VBb9n+aLtK7Mo/sBGIICGPwBL3NlYW5obnNjYW5hZGEBMDFEN0M0NDhGQTM1MjY2QS90ZXN0LWZpbGVzeXN0ZW0tMTZmNTNlM2YtZWZiYS0zYjUxLTc4MjAtMDhmNWRlYzE5ZDYzATAxREFCODY0MkIzODhCN0EvdGVzdC1kaXJlY3RvcnktMTdiNjQ2NDgtN2JiYi02ZDJjLWU0YzctOTVlMGZlYzQ5NjA2L3Rlc3QtZGlyZWN0b3J5LTNlMzkzY2Q4LTljNWYtMTkzNi1iYjRmLWEwYTgwNTYxZGY2NS90ZXN0LWZpbGUtOTUyMTI0Y2EtMmFjOC1hMTU5LWYwZmYtNjFjNGVkMzc3NTQwFgAAAA==",
        "x-ms-namespace-enabled": "true",
        "x-ms-request-id": "e44b6743-101f-003f-6564-b8b711000000",
        "x-ms-version": "2024-08-04"
      },
      "ResponseBody": "eyJkaXJlY3Rvcmllc1N1Y2Nlc3NmdWwiOjEsImZhaWxlZEVudHJpZXMiOltdLCJmYWlsdXJlQ291bnQiOjAsImZpbGVzU3VjY2Vzc2Z1bCI6MX0K"
    },
    {
      "RequestUri": "https://seanhnscanada.dfs.core.windows.net/test-filesystem-16f53e3f-efba-3b51-7820-08f5dec19d63/test-directory-17b64648-7bbb-6d2c-e4c7-95e0fec49606?action=setAccessControlRecursive&continuation=VBb9n%2BaLtK7Mo%2FsBGIICGPwBL3NlYW5obnNjYW5hZGEBMDFEN0M0NDhGQTM1MjY2QS90ZXN0LWZpbGVzeXN0ZW0tMTZmNTNlM2YtZWZiYS0zYjUxLTc4MjAtMDhmNWRlYzE5ZDYzATAxREFCODY0MkIzODhCN0EvdGVzdC1kaXJlY3RvcnktMTdiNjQ2NDgtN2JiYi02ZDJjLWU0YzctOTVlMGZlYzQ5NjA2L3Rlc3QtZGlyZWN0b3J5LTNlMzkzY2Q4LTljNWYtMTkzNi1iYjRmLWEwYTgwNTYxZGY2NS90ZXN0LWZpbGUtOTUyMTI0Y2EtMmFjOC1hMTU5LWYwZmYtNjFjNGVkMzc3NTQwFgAAAA%3D%3D&mode=set&maxRecords=2",
      "RequestMethod": "PATCH",
      "RequestHeaders": {
        "Accept": "application/json",
        "Authorization": "Sanitized",
        "Content-Length": "0",
        "User-Agent": "azsdk-net-Storage.Files.DataLake/12.19.0-alpha.20240606.1 (.NET 7.0.20; Microsoft Windows 10.0.22631)",
        "x-ms-acl": "user::rwx,group::r--,other::---,mask::rwx",
        "x-ms-client-request-id": "Sanitized",
        "x-ms-date": "Thu, 06 Jun 2024 22:52:12 GMT",
        "x-ms-return-client-request-id": "true",
        "x-ms-version": "2024-08-04"
      },
      "RequestBody": null,
      "StatusCode": 200,
      "ResponseHeaders": {
        "Date": "Thu, 06 Jun 2024 22:52:13 GMT",
        "Server": [
          "Windows-Azure-HDFS/1.0",
          "Microsoft-HTTPAPI/2.0"
        ],
        "Transfer-Encoding": "chunked",
        "x-ms-client-request-id": "Sanitized",
        "x-ms-continuation": "VBbPq4ndjZPvyrIBGM4BGMgBL3NlYW5obnNjYW5hZGEBMDFEN0M0NDhGQTM1MjY2QS90ZXN0LWZpbGVzeXN0ZW0tMTZmNTNlM2YtZWZiYS0zYjUxLTc4MjAtMDhmNWRlYzE5ZDYzATAxREFCODY0MkIzODhCN0EvdGVzdC1kaXJlY3RvcnktMTdiNjQ2NDgtN2JiYi02ZDJjLWU0YzctOTVlMGZlYzQ5NjA2L3Rlc3QtZmlsZS1lNjZjOTA5OC00ZTk5LWE3OTAtNGExZC02Mzc0M2Q1MTM4NTkWAAAA",
        "x-ms-namespace-enabled": "true",
        "x-ms-request-id": "b9975fae-301f-0065-6164-b8d1f6000000",
        "x-ms-version": "2024-08-04"
      },
      "ResponseBody": "eyJkaXJlY3Rvcmllc1N1Y2Nlc3NmdWwiOjAsImZhaWxlZEVudHJpZXMiOltdLCJmYWlsdXJlQ291bnQiOjAsImZpbGVzU3VjY2Vzc2Z1bCI6Mn0K"
    },
    {
      "RequestUri": "https://seanhnscanada.dfs.core.windows.net/test-filesystem-16f53e3f-efba-3b51-7820-08f5dec19d63/test-directory-17b64648-7bbb-6d2c-e4c7-95e0fec49606?action=setAccessControlRecursive&continuation=VBbPq4ndjZPvyrIBGM4BGMgBL3NlYW5obnNjYW5hZGEBMDFEN0M0NDhGQTM1MjY2QS90ZXN0LWZpbGVzeXN0ZW0tMTZmNTNlM2YtZWZiYS0zYjUxLTc4MjAtMDhmNWRlYzE5ZDYzATAxREFCODY0MkIzODhCN0EvdGVzdC1kaXJlY3RvcnktMTdiNjQ2NDgtN2JiYi02ZDJjLWU0YzctOTVlMGZlYzQ5NjA2L3Rlc3QtZmlsZS1lNjZjOTA5OC00ZTk5LWE3OTAtNGExZC02Mzc0M2Q1MTM4NTkWAAAA&mode=set&maxRecords=2",
      "RequestMethod": "PATCH",
      "RequestHeaders": {
        "Accept": "application/json",
        "Authorization": "Sanitized",
        "Content-Length": "0",
        "User-Agent": "azsdk-net-Storage.Files.DataLake/12.19.0-alpha.20240606.1 (.NET 7.0.20; Microsoft Windows 10.0.22631)",
        "x-ms-acl": "user::rwx,group::r--,other::---,mask::rwx",
        "x-ms-client-request-id": "Sanitized",
        "x-ms-date": "Thu, 06 Jun 2024 22:52:12 GMT",
        "x-ms-return-client-request-id": "true",
        "x-ms-version": "2024-08-04"
      },
      "RequestBody": null,
      "StatusCode": 200,
      "ResponseHeaders": {
        "Date": "Thu, 06 Jun 2024 22:52:13 GMT",
        "Server": [
          "Windows-Azure-HDFS/1.0",
          "Microsoft-HTTPAPI/2.0"
        ],
        "Transfer-Encoding": "chunked",
        "x-ms-client-request-id": "Sanitized",
        "x-ms-namespace-enabled": "true",
        "x-ms-request-id": "0513912e-c01f-0013-7d64-b85bbe000000",
        "x-ms-version": "2024-08-04"
      },
      "ResponseBody": "eyJkaXJlY3Rvcmllc1N1Y2Nlc3NmdWwiOjAsImZhaWxlZEVudHJpZXMiOltdLCJmYWlsdXJlQ291bnQiOjAsImZpbGVzU3VjY2Vzc2Z1bCI6MX0K"
    },
    {
      "RequestUri": "https://seanhnscanada.blob.core.windows.net/test-filesystem-16f53e3f-efba-3b51-7820-08f5dec19d63?restype=container",
      "RequestMethod": "DELETE",
      "RequestHeaders": {
        "Accept": "application/xml",
        "Authorization": "Sanitized",
        "traceparent": "00-93f33b5e40cfe3a833777cfd459d44a2-a54bd0bea0869256-00",
        "User-Agent": "azsdk-net-Storage.Files.DataLake/12.19.0-alpha.20240606.1 (.NET 7.0.20; Microsoft Windows 10.0.22631)",
        "x-ms-client-request-id": "Sanitized",
        "x-ms-date": "Thu, 06 Jun 2024 22:52:12 GMT",
        "x-ms-return-client-request-id": "true",
        "x-ms-version": "2024-08-04"
      },
      "RequestBody": null,
      "StatusCode": 202,
      "ResponseHeaders": {
        "Content-Length": "0",
        "Date": "Thu, 06 Jun 2024 22:52:14 GMT",
        "Server": [
          "Windows-Azure-Blob/1.0",
          "Microsoft-HTTPAPI/2.0"
        ],
        "x-ms-client-request-id": "Sanitized",
        "x-ms-request-id": "cf9736d5-201e-0024-0a64-b88912000000",
        "x-ms-version": "2024-08-04"
      },
      "ResponseBody": null
    }
  ],
  "Variables": {
    "RandomSeed": "1840388256",
    "Storage_TestConfigHierarchicalNamespace": "NamespaceTenant\nseanhnscanada\nU2FuaXRpemVk\nhttps://seanhnscanada.blob.core.windows.net\nhttps://seanhnscanada.file.core.windows.net\nhttps://seanhnscanada.queue.core.windows.net\nhttps://seanhnscanada.table.core.windows.net\n\n\n\n\nhttps://seanhnscanada-secondary.blob.core.windows.net\nhttps://seanhnscanada-secondary.file.core.windows.net\nhttps://seanhnscanada-secondary.queue.core.windows.net\nhttps://seanhnscanada-secondary.table.core.windows.net\nCloud\nBlobEndpoint=https://seanhnscanada.blob.core.windows.net/;QueueEndpoint=https://seanhnscanada.queue.core.windows.net/;FileEndpoint=https://seanhnscanada.file.core.windows.net/;BlobSecondaryEndpoint=https://seanhnscanada-secondary.blob.core.windows.net/;QueueSecondaryEndpoint=https://seanhnscanada-secondary.queue.core.windows.net/;FileSecondaryEndpoint=https://seanhnscanada-secondary.file.core.windows.net/;AccountName=seanhnscanada;AccountKey=Sanitized\n\nXClient\n"
  }
}
