{
  "Entries": [
    {
      "RequestUri": "https://seansoftdelete.blob.core.windows.net/test-container-0a4d0e36-111d-3506-4c18-91c50da86cad?restype=container",
      "RequestMethod": "PUT",
      "RequestHeaders": {
        "Accept": "application/xml",
        "Authorization": "Sanitized",
        "Content-Length": "0",
        "traceparent": "00-251bbed8ad03d165fc485d80ce881cfb-25ae12c7e0719f4f-00",
        "User-Agent": "azsdk-net-Storage.Blobs/12.21.0-alpha.20240607.1 (.NET 7.0.20; Microsoft Windows 10.0.22631)",
        "x-ms-client-request-id": "Sanitized",
        "x-ms-date": "Fri, 07 Jun 2024 15:11:41 GMT",
        "x-ms-return-client-request-id": "true",
        "x-ms-version": "2024-08-04"
      },
      "RequestBody": null,
      "StatusCode": 201,
      "ResponseHeaders": {
        "Content-Length": "0",
        "Date": "Fri, 07 Jun 2024 15:11:41 GMT",
        "ETag": "\"0x8DC8704238CB513\"",
        "Last-Modified": "Fri, 07 Jun 2024 15:11:42 GMT",
        "Server": [
          "Windows-Azure-Blob/1.0",
          "Microsoft-HTTPAPI/2.0"
        ],
        "x-ms-client-request-id": "Sanitized",
        "x-ms-request-id": "cd71ed43-f01e-0048-49ed-b88cb5000000",
        "x-ms-version": "2024-08-04"
      },
      "ResponseBody": null
    },
    {
      "RequestUri": "https://seansoftdelete.blob.core.windows.net/test-container-0a4d0e36-111d-3506-4c18-91c50da86cad?restype=container",
      "RequestMethod": "DELETE",
      "RequestHeaders": {
        "Accept": "application/xml",
        "Authorization": "Sanitized",
        "traceparent": "00-e568175f8d71e361a34e2eb4eed27f74-d4d7edf841ebfd45-00",
        "User-Agent": "azsdk-net-Storage.Blobs/12.21.0-alpha.20240607.1 (.NET 7.0.20; Microsoft Windows 10.0.22631)",
        "x-ms-client-request-id": "Sanitized",
        "x-ms-date": "Fri, 07 Jun 2024 15:11:41 GMT",
        "x-ms-return-client-request-id": "true",
        "x-ms-version": "2024-08-04"
      },
      "RequestBody": null,
      "StatusCode": 202,
      "ResponseHeaders": {
        "Content-Length": "0",
        "Date": "Fri, 07 Jun 2024 15:11:41 GMT",
        "Server": [
          "Windows-Azure-Blob/1.0",
          "Microsoft-HTTPAPI/2.0"
        ],
        "x-ms-client-request-id": "Sanitized",
        "x-ms-request-id": "cd71ed76-f01e-0048-77ed-b88cb5000000",
        "x-ms-version": "2024-08-04"
      },
      "ResponseBody": null
    },
    {
      "RequestUri": "https://seansoftdelete.blob.core.windows.net/?comp=list&include=Deleted",
      "RequestMethod": "GET",
      "RequestHeaders": {
        "Accept": "application/xml",
        "Authorization": "Sanitized",
        "traceparent": "00-9e23eb127537b3770976886fd5d435cf-d3da177d8ae138dd-00",
        "User-Agent": "azsdk-net-Storage.Blobs/12.21.0-alpha.20240607.1 (.NET 7.0.20; Microsoft Windows 10.0.22631)",
        "x-ms-client-request-id": "Sanitized",
        "x-ms-date": "Fri, 07 Jun 2024 15:11:41 GMT",
        "x-ms-return-client-request-id": "true",
        "x-ms-version": "2024-08-04"
      },
      "RequestBody": null,
      "StatusCode": 200,
      "ResponseHeaders": {
        "Content-Type": "application/xml",
        "Date": "Fri, 07 Jun 2024 15:11:41 GMT",
        "Server": [
          "Windows-Azure-Blob/1.0",
          "Microsoft-HTTPAPI/2.0"
        ],
        "Transfer-Encoding": "chunked",
        "x-ms-client-request-id": "Sanitized",
        "x-ms-request-id": "cd71edac-f01e-0048-28ed-b88cb5000000",
        "x-ms-version": "2024-08-04"
      },
      "ResponseBody": "\uFEFF<?xml version=\"1.0\" encoding=\"utf-8\"?><EnumerationResults ServiceEndpoint=\"https://seansoftdelete.blob.core.windows.net/\"><Containers><Container><Name>test-container-0216aa88-50ea-4054-8449-086ab899f234</Name><Properties><Last-Modified>Wed, 28 Oct 2020 17:23:35 GMT</Last-Modified><Etag>\"0x8D87B66339734F4\"</Etag><LeaseStatus>unlocked</LeaseStatus><LeaseState>available</LeaseState><PublicAccess>container</PublicAccess><DefaultEncryptionScope>$account-encryption-key</DefaultEncryptionScope><DenyEncryptionScopeOverride>false</DenyEncryptionScopeOverride><HasImmutabilityPolicy>false</HasImmutabilityPolicy><HasLegalHold>false</HasLegalHold><ImmutableStorageWithVersioningEnabled>false</ImmutableStorageWithVersioningEnabled></Properties></Container><Container><Name>test-container-0a4d0e36-111d-3506-4c18-91c50da86cad</Name><Deleted>true</Deleted><Version>01DAB8ED0115A2DB</Version><Properties><Last-Modified>Fri, 07 Jun 2024 15:11:42 GMT</Last-Modified><Etag>\"0x8DC8704238CB513\"</Etag><LeaseStatus>locked</LeaseStatus><LeaseState>leased</LeaseState><LeaseDuration>fixed</LeaseDuration><DefaultEncryptionScope>$account-encryption-key</DefaultEncryptionScope><DenyEncryptionScopeOverride>false</DenyEncryptionScopeOverride><HasImmutabilityPolicy>false</HasImmutabilityPolicy><HasLegalHold>false</HasLegalHold><ImmutableStorageWithVersioningEnabled>false</ImmutableStorageWithVersioningEnabled><DeletedTime>Fri, 07 Jun 2024 15:11:42 GMT</DeletedTime><RemainingRetentionDays>1</RemainingRetentionDays></Properties></Container><Container><Name>test-container-71c52090-77c1-7edc-7b5b-b14062dd382f</Name><Deleted>true</Deleted><Version>01DAB8ECF4A6BE0D</Version><Properties><Last-Modified>Fri, 07 Jun 2024 15:11:21 GMT</Last-Modified><Etag>\"0x8DC8704171DCC9D\"</Etag><LeaseStatus>locked</LeaseStatus><LeaseState>leased</LeaseState><LeaseDuration>fixed</LeaseDuration><DefaultEncryptionScope>$account-encryption-key</DefaultEncryptionScope><DenyEncryptionScopeOverride>false</DenyEncryptionScopeOverride><HasImmutabilityPolicy>false</HasImmutabilityPolicy><HasLegalHold>false</HasLegalHold><ImmutableStorageWithVersioningEnabled>false</ImmutableStorageWithVersioningEnabled><DeletedTime>Fri, 07 Jun 2024 15:11:21 GMT</DeletedTime><RemainingRetentionDays>1</RemainingRetentionDays></Properties></Container><Container><Name>test-container-ac733cf5-d13d-9060-8443-17f94f8e5ea9</Name><Deleted>true</Deleted><Version>01DAB8ECF03E5F06</Version><Properties><Last-Modified>Fri, 07 Jun 2024 15:11:14 GMT</Last-Modified><Etag>\"0x8DC870412B560CF\"</Etag><LeaseStatus>locked</LeaseStatus><LeaseState>leased</LeaseState><LeaseDuration>fixed</LeaseDuration><DefaultEncryptionScope>$account-encryption-key</DefaultEncryptionScope><DenyEncryptionScopeOverride>false</DenyEncryptionScopeOverride><HasImmutabilityPolicy>false</HasImmutabilityPolicy><HasLegalHold>false</HasLegalHold><ImmutableStorageWithVersioningEnabled>false</ImmutableStorageWithVersioningEnabled><DeletedTime>Fri, 07 Jun 2024 15:11:14 GMT</DeletedTime><RemainingRetentionDays>1</RemainingRetentionDays></Properties></Container><Container><Name>test-container-d0284999-fa4b-7d63-958f-fa34ab6174e8</Name><Deleted>true</Deleted><Version>01DAB8ED00B14A03</Version><Properties><Last-Modified>Fri, 07 Jun 2024 15:11:41 GMT</Last-Modified><Etag>\"0x8DC870423284BBD\"</Etag><LeaseStatus>locked</LeaseStatus><LeaseState>leased</LeaseState><LeaseDuration>fixed</LeaseDuration><DefaultEncryptionScope>$account-encryption-key</DefaultEncryptionScope><DenyEncryptionScopeOverride>false</DenyEncryptionScopeOverride><HasImmutabilityPolicy>false</HasImmutabilityPolicy><HasLegalHold>false</HasLegalHold><ImmutableStorageWithVersioningEnabled>false</ImmutableStorageWithVersioningEnabled><DeletedTime>Fri, 07 Jun 2024 15:11:41 GMT</DeletedTime><RemainingRetentionDays>1</RemainingRetentionDays></Properties></Container><Container><Name>test-container-e2698ac0-a3c6-c031-71d5-bab41eb29448</Name><Deleted>true</Deleted><Version>01DAB8ECF14FCF2F</Version><Properties><Last-Modified>Fri, 07 Jun 2024 15:11:16 GMT</Last-Modified><Etag>\"0x8DC870413C6CB4D\"</Etag><LeaseStatus>locked</LeaseStatus><LeaseState>leased</LeaseState><LeaseDuration>fixed</LeaseDuration><DefaultEncryptionScope>$account-encryption-key</DefaultEncryptionScope><DenyEncryptionScopeOverride>false</DenyEncryptionScopeOverride><HasImmutabilityPolicy>false</HasImmutabilityPolicy><HasLegalHold>false</HasLegalHold><ImmutableStorageWithVersioningEnabled>false</ImmutableStorageWithVersioningEnabled><DeletedTime>Fri, 07 Jun 2024 15:11:16 GMT</DeletedTime><RemainingRetentionDays>1</RemainingRetentionDays></Properties></Container><Container><Name>test-container-e67df677-7d0e-f67c-4495-0284ba00e066</Name><Deleted>true</Deleted><Version>01DAB8ECF5BB6214</Version><Properties><Last-Modified>Fri, 07 Jun 2024 15:11:23 GMT</Last-Modified><Etag>\"0x8DC87041832231F\"</Etag><LeaseStatus>locked</LeaseStatus><LeaseState>leased</LeaseState><LeaseDuration>fixed</LeaseDuration><DefaultEncryptionScope>$account-encryption-key</DefaultEncryptionScope><DenyEncryptionScopeOverride>false</DenyEncryptionScopeOverride><HasImmutabilityPolicy>false</HasImmutabilityPolicy><HasLegalHold>false</HasLegalHold><ImmutableStorageWithVersioningEnabled>false</ImmutableStorageWithVersioningEnabled><DeletedTime>Fri, 07 Jun 2024 15:11:23 GMT</DeletedTime><RemainingRetentionDays>1</RemainingRetentionDays></Properties></Container></Containers><NextMarker /></EnumerationResults>"
    },
    {
      "RequestUri": "https://seansoftdelete.blob.core.windows.net/test-container-0a4d0e36-111d-3506-4c18-91c50da86cad?restype=container&comp=undelete",
      "RequestMethod": "PUT",
      "RequestHeaders": {
        "Accept": "application/xml",
        "Authorization": "Sanitized",
        "Content-Length": "0",
        "traceparent": "00-fc81a8e078b6d2375c9c6573da348da7-42d6d2be1b552747-00",
        "User-Agent": "azsdk-net-Storage.Blobs/12.21.0-alpha.20240607.1 (.NET 7.0.20; Microsoft Windows 10.0.22631)",
        "x-ms-client-request-id": "Sanitized",
        "x-ms-date": "Fri, 07 Jun 2024 15:12:12 GMT",
        "x-ms-deleted-container-name": "test-container-0a4d0e36-111d-3506-4c18-91c50da86cad",
        "x-ms-deleted-container-version": "01DAB8ED0115A2DB",
        "x-ms-return-client-request-id": "true",
        "x-ms-version": "2024-08-04"
      },
      "RequestBody": null,
      "StatusCode": 201,
      "ResponseHeaders": {
        "Content-Length": "0",
        "Date": "Fri, 07 Jun 2024 15:12:12 GMT",
        "Server": [
          "Windows-Azure-Blob/1.0",
          "Microsoft-HTTPAPI/2.0"
        ],
        "x-ms-client-request-id": "Sanitized",
        "x-ms-request-id": "cd72500d-f01e-0048-41ed-b88cb5000000",
        "x-ms-version": "2024-08-04"
      },
      "ResponseBody": null
    },
    {
      "RequestUri": "https://seansoftdelete.blob.core.windows.net/test-container-0a4d0e36-111d-3506-4c18-91c50da86cad?restype=container",
      "RequestMethod": "GET",
      "RequestHeaders": {
        "Accept": "application/xml",
        "Authorization": "Sanitized",
        "User-Agent": "azsdk-net-Storage.Blobs/12.21.0-alpha.20240607.1 (.NET 7.0.20; Microsoft Windows 10.0.22631)",
        "x-ms-client-request-id": "Sanitized",
        "x-ms-date": "Fri, 07 Jun 2024 15:12:12 GMT",
        "x-ms-return-client-request-id": "true",
        "x-ms-version": "2024-08-04"
      },
      "RequestBody": null,
      "StatusCode": 200,
      "ResponseHeaders": {
        "Content-Length": "0",
        "Date": "Fri, 07 Jun 2024 15:12:12 GMT",
        "ETag": "\"0x8DC8704359B0F30\"",
        "Last-Modified": "Fri, 07 Jun 2024 15:12:12 GMT",
        "Server": [
          "Windows-Azure-Blob/1.0",
          "Microsoft-HTTPAPI/2.0"
        ],
        "x-ms-client-request-id": "Sanitized",
        "x-ms-default-encryption-scope": "$account-encryption-key",
        "x-ms-deny-encryption-scope-override": "false",
        "x-ms-has-immutability-policy": "false",
        "x-ms-has-legal-hold": "false",
        "x-ms-immutable-storage-with-versioning-enabled": "false",
        "x-ms-lease-state": "available",
        "x-ms-lease-status": "unlocked",
        "x-ms-request-id": "cd72505d-f01e-0048-0ded-b88cb5000000",
        "x-ms-version": "2024-08-04"
      },
      "ResponseBody": null
    },
    {
      "RequestUri": "https://seansoftdelete.blob.core.windows.net/test-container-0a4d0e36-111d-3506-4c18-91c50da86cad?restype=container",
      "RequestMethod": "DELETE",
      "RequestHeaders": {
        "Accept": "application/xml",
        "Authorization": "Sanitized",
        "traceparent": "00-3472c1153f2134820031512081231499-4da3dd5c0717952a-00",
        "User-Agent": "azsdk-net-Storage.Blobs/12.21.0-alpha.20240607.1 (.NET 7.0.20; Microsoft Windows 10.0.22631)",
        "x-ms-client-request-id": "Sanitized",
        "x-ms-date": "Fri, 07 Jun 2024 15:12:12 GMT",
        "x-ms-return-client-request-id": "true",
        "x-ms-version": "2024-08-04"
      },
      "RequestBody": null,
      "StatusCode": 202,
      "ResponseHeaders": {
        "Content-Length": "0",
        "Date": "Fri, 07 Jun 2024 15:12:12 GMT",
        "Server": [
          "Windows-Azure-Blob/1.0",
          "Microsoft-HTTPAPI/2.0"
        ],
        "x-ms-client-request-id": "Sanitized",
        "x-ms-request-id": "cd7250a5-f01e-0048-4bed-b88cb5000000",
        "x-ms-version": "2024-08-04"
      },
      "ResponseBody": null
    }
  ],
  "Variables": {
    "RandomSeed": "350737878",
    "Storage_TestConfigSoftDelete": "SoftDeleteTenant\nseansoftdelete\nU2FuaXRpemVk\nhttps://seansoftdelete.blob.core.windows.net\nhttps://seansoftdelete.file.core.windows.net\nhttps://seansoftdelete.queue.core.windows.net\nhttps://seansoftdelete.table.core.windows.net\n\n\n\n\nhttps://seansoftdelete-secondary.blob.core.windows.net\nhttps://seansoftdelete-secondary.file.core.windows.net\nhttps://seansoftdelete-secondary.queue.core.windows.net\nhttps://seansoftdelete-secondary.table.core.windows.net\nCloud\nBlobEndpoint=https://seansoftdelete.blob.core.windows.net/;QueueEndpoint=https://seansoftdelete.queue.core.windows.net/;FileEndpoint=https://seansoftdelete.file.core.windows.net/;BlobSecondaryEndpoint=https://seansoftdelete-secondary.blob.core.windows.net/;QueueSecondaryEndpoint=https://seansoftdelete-secondary.queue.core.windows.net/;FileSecondaryEndpoint=https://seansoftdelete-secondary.file.core.windows.net/;AccountName=seansoftdelete;AccountKey=Sanitized\n\n\n"
  }
}
