{
  "Entries": [
    {
      "RequestUri": "https://sanitized.comminication.azure.com/routing/distributionPolicies/1399B9529EB0B168E7C9584AF5C1D9E901F448DA474688D11E?api-version=2023-11-01",
      "RequestMethod": "PATCH",
      "RequestHeaders": {
        "Accept": "application/json",
        "Authorization": "Sanitized",
        "Content-Length": "198",
        "Content-Type": "application/merge-patch\u002Bjson",
        "traceparent": "00-daac5672b5a513f4041b5b6133d8ecde-bcc48f799711c2ca-00",
        "User-Agent": "azsdk-net-Communication.JobRouter/1.1.0-alpha.20240208.1 (.NET 7.0.15; Microsoft Windows 10.0.23585)",
        "x-ms-client-request-id": "a0967aaa6c77d38fe3a0481a7344e1ce",
        "x-ms-content-sha256": "Sanitized",
        "x-ms-date": "Thu, 08 Feb 2024 19:00:24 GMT",
        "x-ms-return-client-request-id": "true"
      },
      "RequestBody": {
        "name": "LongestIdleDistributionPolicy1399B9529EB0B168E7C9584AF5C1D9E901F448DA474688D11E",
        "offerExpiresAfterSeconds": 30,
        "mode": {
          "minConcurrentOffers": 1,
          "maxConcurrentOffers": 1,
          "kind": "longestIdle"
        }
      },
      "StatusCode": 201,
      "ResponseHeaders": {
        "api-supported-versions": "2021-04-07-preview1, 2022-07-18-preview, 2023-08-25-preview, 2023-11-01",
        "Connection": "keep-alive",
        "Content-Type": "application/json; charset=utf-8",
        "Date": "Thu, 08 Feb 2024 19:00:23 GMT",
        "ETag": "\u002202001b81-0000-0700-0000-65c524c70000\u0022",
        "Last-Modified": "Thu, 08 Feb 2024 19:00:23 GMT",
        "Request-Context": "appId=",
        "trace-id": "daac5672-b5a5-13f4-041b-5b6133d8ecde",
        "Transfer-Encoding": "chunked",
        "x-azure-ref": "20240208T190023Z-v3mz2bahf567x8dskqn20v07us00000000s000000000efny",
        "X-Cache": "CONFIG_NOCACHE"
      },
      "ResponseBody": {
        "id": "1399B9529EB0B168E7C9584AF5C1D9E901F448DA474688D11E",
        "name": "LongestIdleDistributionPolicy1399B9529EB0B168E7C9584AF5C1D9E901F448DA474688D11E",
        "offerExpiresAfterSeconds": 30,
        "mode": {
          "kind": "longestIdle",
          "minConcurrentOffers": 1,
          "maxConcurrentOffers": 1,
          "bypassSelectors": false
        },
        "etag": "\u002202001b81-0000-0700-0000-65c524c70000\u0022"
      }
    },
    {
      "RequestUri": "https://sanitized.comminication.azure.com/routing/queues/AE4C0D3D87AF72F48439DE16D4E23D2CE560BB3D476529D4DB?api-version=2023-11-01",
      "RequestMethod": "PATCH",
      "RequestHeaders": {
        "Accept": "application/json",
        "Authorization": "Sanitized",
        "Content-Length": "189",
        "Content-Type": "application/merge-patch\u002Bjson",
        "traceparent": "00-eda282af644cc5d0fe6fc57627879b3e-27e0d831aa9174e3-00",
        "User-Agent": "azsdk-net-Communication.JobRouter/1.1.0-alpha.20240208.1 (.NET 7.0.15; Microsoft Windows 10.0.23585)",
        "x-ms-client-request-id": "f08622f38149154fe5f1dbff5e6ff3b7",
        "x-ms-content-sha256": "Sanitized",
        "x-ms-date": "Thu, 08 Feb 2024 19:00:24 GMT",
        "x-ms-return-client-request-id": "true"
      },
      "RequestBody": {
        "name": "DefaultQueue-Sdk-TestAE4C0D3D87AF72F48439DE16D4E23D2CE560BB3D476529D4DB",
        "distributionPolicyId": "1399B9529EB0B168E7C9584AF5C1D9E901F448DA474688D11E",
        "labels": {
          "Label_1": "Value_1"
        }
      },
      "StatusCode": 201,
      "ResponseHeaders": {
        "api-supported-versions": "2021-04-07-preview1, 2022-07-18-preview, 2023-08-25-preview, 2023-11-01",
        "Connection": "keep-alive",
        "Content-Type": "application/json; charset=utf-8",
        "Date": "Thu, 08 Feb 2024 19:00:24 GMT",
        "ETag": "\u0022ae003e90-0000-0700-0000-65c524c80000\u0022",
        "Last-Modified": "Thu, 08 Feb 2024 19:00:24 GMT",
        "Request-Context": "appId=",
        "trace-id": "eda282af-644c-c5d0-fe6f-c57627879b3e",
        "Transfer-Encoding": "chunked",
        "x-azure-ref": "20240208T190024Z-v3mz2bahf567x8dskqn20v07us00000000s000000000efp8",
        "X-Cache": "CONFIG_NOCACHE"
      },
      "ResponseBody": {
        "id": "AE4C0D3D87AF72F48439DE16D4E23D2CE560BB3D476529D4DB",
        "name": "DefaultQueue-Sdk-TestAE4C0D3D87AF72F48439DE16D4E23D2CE560BB3D476529D4DB",
        "distributionPolicyId": "1399B9529EB0B168E7C9584AF5C1D9E901F448DA474688D11E",
        "labels": {
          "Label_1": "Value_1",
          "Id": "AE4C0D3D87AF72F48439DE16D4E23D2CE560BB3D476529D4DB"
        },
        "etag": "\u0022ae003e90-0000-0700-0000-65c524c80000\u0022"
      }
    },
    {
      "RequestUri": "https://sanitized.comminication.azure.com/routing/classificationPolicies/B195CAFEB28DA39F509D1226AE1120A8E2548A3CCD105B237F?api-version=2023-11-01",
      "RequestMethod": "PATCH",
      "RequestHeaders": {
        "Accept": "application/json",
        "Authorization": "Sanitized",
        "Content-Length": "116",
        "Content-Type": "application/merge-patch\u002Bjson",
        "traceparent": "00-fe4022d504b6bf1474e91f2c29a7f67d-8f2378699ac68c11-00",
        "User-Agent": "azsdk-net-Communication.JobRouter/1.1.0-alpha.20240208.1 (.NET 7.0.15; Microsoft Windows 10.0.23585)",
        "x-ms-client-request-id": "f2d840b9981532170c5256030967f185",
        "x-ms-content-sha256": "Sanitized",
        "x-ms-date": "Thu, 08 Feb 2024 19:00:25 GMT",
        "x-ms-return-client-request-id": "true"
      },
      "RequestBody": {
        "name": "FallbackQueue-ClassificationPolicy",
        "fallbackQueueId": "AE4C0D3D87AF72F48439DE16D4E23D2CE560BB3D476529D4DB"
      },
      "StatusCode": 201,
      "ResponseHeaders": {
        "api-supported-versions": "2021-04-07-preview1, 2022-07-18-preview, 2023-08-25-preview, 2023-11-01",
        "Connection": "keep-alive",
        "Content-Type": "application/json; charset=utf-8",
        "Date": "Thu, 08 Feb 2024 19:00:24 GMT",
        "ETag": "\u00226a0030d4-0000-0700-0000-65c524c80000\u0022",
        "Last-Modified": "Thu, 08 Feb 2024 19:00:24 GMT",
        "Request-Context": "appId=",
        "trace-id": "fe4022d5-04b6-bf14-74e9-1f2c29a7f67d",
        "Transfer-Encoding": "chunked",
        "x-azure-ref": "20240208T190024Z-v3mz2bahf567x8dskqn20v07us00000000s000000000efps",
        "X-Cache": "CONFIG_NOCACHE"
      },
      "ResponseBody": {
        "id": "B195CAFEB28DA39F509D1226AE1120A8E2548A3CCD105B237F",
        "name": "FallbackQueue-ClassificationPolicy",
        "fallbackQueueId": "AE4C0D3D87AF72F48439DE16D4E23D2CE560BB3D476529D4DB",
        "queueSelectorAttachments": [],
        "workerSelectorAttachments": [],
        "etag": "\u00226a0030d4-0000-0700-0000-65c524c80000\u0022"
      }
    },
    {
      "RequestUri": "https://sanitized.comminication.azure.com/routing/jobs/FB5F721C43D11F3CF7956EAE8EC10E8FD169F841A3753FB58A?api-version=2023-11-01",
      "RequestMethod": "PATCH",
      "RequestHeaders": {
        "Accept": "application/json",
        "Authorization": "Sanitized",
        "Content-Length": "135",
        "Content-Type": "application/merge-patch\u002Bjson",
        "traceparent": "00-cf46b051384cd2189a7ae3c1cc8318bf-74bcdfaab2b9ab7c-00",
        "User-Agent": "azsdk-net-Communication.JobRouter/1.1.0-alpha.20240208.1 (.NET 7.0.15; Microsoft Windows 10.0.23585)",
        "x-ms-client-request-id": "0c4e4c02912c28f12a80bb8591907474",
        "x-ms-content-sha256": "Sanitized",
        "x-ms-date": "Thu, 08 Feb 2024 19:00:25 GMT",
        "x-ms-return-client-request-id": "true"
      },
      "RequestBody": {
        "channelReference": "123",
        "channelId": "CP_FallbackQueue",
        "classificationPolicyId": "B195CAFEB28DA39F509D1226AE1120A8E2548A3CCD105B237F"
      },
      "StatusCode": 201,
      "ResponseHeaders": {
        "api-supported-versions": "2021-04-07-preview1, 2022-07-18-preview, 2023-08-25-preview, 2023-11-01",
        "Connection": "keep-alive",
        "Content-Type": "application/json; charset=utf-8",
        "Date": "Thu, 08 Feb 2024 19:00:24 GMT",
        "ETag": "\u002200000000-0000-0000-bf69-ea34d828dc08\u0022",
        "Last-Modified": "Thu, 08 Feb 2024 19:00:24 GMT",
        "Request-Context": "appId=",
        "trace-id": "cf46b051-384c-d218-9a7a-e3c1cc8318bf",
        "Transfer-Encoding": "chunked",
        "x-azure-ref": "20240208T190024Z-v3mz2bahf567x8dskqn20v07us00000000s000000000efqc",
        "X-Cache": "CONFIG_NOCACHE"
      },
      "ResponseBody": {
        "id": "FB5F721C43D11F3CF7956EAE8EC10E8FD169F841A3753FB58A",
        "channelReference": "123",
        "status": "pendingClassification",
        "channelId": "CP_FallbackQueue",
        "classificationPolicyId": "B195CAFEB28DA39F509D1226AE1120A8E2548A3CCD105B237F",
        "priority": 1,
        "requestedWorkerSelectors": [],
        "attachedWorkerSelectors": [],
        "labels": {},
        "assignments": {},
        "tags": {},
        "notes": [],
        "matchingMode": {
          "kind": "queueAndMatch"
        },
        "etag": "\u002200000000-0000-0000-bf69-ea34d828dc08\u0022"
      }
    },
    {
      "RequestUri": "https://sanitized.comminication.azure.com/routing/jobs/FB5F721C43D11F3CF7956EAE8EC10E8FD169F841A3753FB58A?api-version=2023-11-01",
      "RequestMethod": "GET",
      "RequestHeaders": {
        "Accept": "application/json",
        "Authorization": "Sanitized",
        "traceparent": "00-be753f90125593ba1979f61bf7ab622f-d68fec98f59c10f7-00",
        "User-Agent": "azsdk-net-Communication.JobRouter/1.1.0-alpha.20240208.1 (.NET 7.0.15; Microsoft Windows 10.0.23585)",
        "x-ms-client-request-id": "326191acee6b5bb80b53e4f62b4b0c7e",
        "x-ms-content-sha256": "Sanitized",
        "x-ms-date": "Thu, 08 Feb 2024 19:00:25 GMT",
        "x-ms-return-client-request-id": "true"
      },
      "RequestBody": null,
      "StatusCode": 200,
      "ResponseHeaders": {
        "api-supported-versions": "2021-04-07-preview1, 2022-07-18-preview, 2023-08-25-preview, 2023-11-01",
        "Connection": "keep-alive",
        "Content-Type": "application/json; charset=utf-8",
        "Date": "Thu, 08 Feb 2024 19:00:24 GMT",
        "ETag": "\u002200000000-0000-0000-bf69-ea34d828dc08\u0022",
        "Last-Modified": "Thu, 08 Feb 2024 19:00:24 GMT",
        "Request-Context": "appId=",
        "trace-id": "be753f90-1255-93ba-1979-f61bf7ab622f",
        "Transfer-Encoding": "chunked",
        "x-azure-ref": "20240208T190024Z-v3mz2bahf567x8dskqn20v07us00000000s000000000efqp",
        "X-Cache": "CONFIG_NOCACHE"
      },
      "ResponseBody": {
        "id": "FB5F721C43D11F3CF7956EAE8EC10E8FD169F841A3753FB58A",
        "channelReference": "123",
        "status": "pendingClassification",
        "channelId": "CP_FallbackQueue",
        "classificationPolicyId": "B195CAFEB28DA39F509D1226AE1120A8E2548A3CCD105B237F",
        "priority": 1,
        "requestedWorkerSelectors": [],
        "attachedWorkerSelectors": [],
        "labels": {},
        "assignments": {},
        "tags": {},
        "notes": [],
        "matchingMode": {
          "kind": "queueAndMatch"
        },
        "etag": "\u002200000000-0000-0000-bf69-ea34d828dc08\u0022"
      }
    },
    {
      "RequestUri": "https://sanitized.comminication.azure.com/routing/jobs/FB5F721C43D11F3CF7956EAE8EC10E8FD169F841A3753FB58A?api-version=2023-11-01",
      "RequestMethod": "GET",
      "RequestHeaders": {
        "Accept": "application/json",
        "Authorization": "Sanitized",
        "traceparent": "00-f0844552c119dff4a3b738b1a952e7d1-c8ae0ec73d22f100-00",
        "User-Agent": "azsdk-net-Communication.JobRouter/1.1.0-alpha.20240208.1 (.NET 7.0.15; Microsoft Windows 10.0.23585)",
        "x-ms-client-request-id": "12fc5600e720278a4eb0c894dd91a17b",
        "x-ms-content-sha256": "Sanitized",
        "x-ms-date": "Thu, 08 Feb 2024 19:00:26 GMT",
        "x-ms-return-client-request-id": "true"
      },
      "RequestBody": null,
      "StatusCode": 200,
      "ResponseHeaders": {
        "api-supported-versions": "2021-04-07-preview1, 2022-07-18-preview, 2023-08-25-preview, 2023-11-01",
        "Connection": "keep-alive",
        "Content-Type": "application/json; charset=utf-8",
        "Date": "Thu, 08 Feb 2024 19:00:25 GMT",
        "ETag": "\u002200000002-0000-0000-dee0-2c35d828dc08\u0022",
        "Last-Modified": "Thu, 08 Feb 2024 19:00:24 GMT",
        "Request-Context": "appId=",
        "trace-id": "f0844552-c119-dff4-a3b7-38b1a952e7d1",
        "Transfer-Encoding": "chunked",
        "x-azure-ref": "20240208T190025Z-v3mz2bahf567x8dskqn20v07us00000000s000000000efs9",
        "X-Cache": "CONFIG_NOCACHE"
      },
      "ResponseBody": {
        "id": "FB5F721C43D11F3CF7956EAE8EC10E8FD169F841A3753FB58A",
        "channelReference": "123",
        "status": "queued",
        "enqueuedAt": "2024-02-08T19:00:24.9948382\u002B00:00",
        "channelId": "CP_FallbackQueue",
        "classificationPolicyId": "B195CAFEB28DA39F509D1226AE1120A8E2548A3CCD105B237F",
        "queueId": "AE4C0D3D87AF72F48439DE16D4E23D2CE560BB3D476529D4DB",
        "priority": 1,
        "requestedWorkerSelectors": [],
        "attachedWorkerSelectors": [],
        "labels": {},
        "assignments": {},
        "tags": {},
        "notes": [],
        "matchingMode": {
          "kind": "queueAndMatch"
        },
        "etag": "\u002200000002-0000-0000-dee0-2c35d828dc08\u0022"
      }
    },
    {
      "RequestUri": "https://sanitized.comminication.azure.com/routing/jobs/FB5F721C43D11F3CF7956EAE8EC10E8FD169F841A3753FB58A:cancel?api-version=2023-11-01",
      "RequestMethod": "POST",
      "RequestHeaders": {
        "Accept": "application/json",
        "Authorization": "Sanitized",
        "Content-Length": "2",
        "Content-Type": "application/json",
        "traceparent": "00-f37e1d33a8384987023f2377ebc48c31-7c9f60a5bf369968-00",
        "User-Agent": "azsdk-net-Communication.JobRouter/1.1.0-alpha.20240208.1 (.NET 7.0.15; Microsoft Windows 10.0.23585)",
        "x-ms-client-request-id": "7857e1debe06141993f300d8adfafcdf",
        "x-ms-content-sha256": "Sanitized",
        "x-ms-date": "Thu, 08 Feb 2024 19:00:26 GMT",
        "x-ms-return-client-request-id": "true"
      },
      "RequestBody": {},
      "StatusCode": 200,
      "ResponseHeaders": {
        "api-supported-versions": "2021-04-07-preview1, 2022-07-18-preview, 2023-08-25-preview, 2023-11-01",
        "Connection": "keep-alive",
        "Content-Type": "application/json; charset=utf-8",
        "Date": "Thu, 08 Feb 2024 19:00:26 GMT",
        "Request-Context": "appId=",
        "trace-id": "f37e1d33-a838-4987-023f-2377ebc48c31",
        "Transfer-Encoding": "chunked",
        "x-azure-ref": "20240208T190025Z-v3mz2bahf567x8dskqn20v07us00000000s000000000efse",
        "X-Cache": "CONFIG_NOCACHE"
      },
      "ResponseBody": {}
    },
    {
      "RequestUri": "https://sanitized.comminication.azure.com/routing/classificationPolicies/B195CAFEB28DA39F509D1226AE1120A8E2548A3CCD105B237F?api-version=2023-11-01",
      "RequestMethod": "DELETE",
      "RequestHeaders": {
        "Accept": "application/json",
        "Authorization": "Sanitized",
        "traceparent": "00-5be18c37ec77b705d73395494f4318e3-5005de250c24fba4-00",
        "User-Agent": "azsdk-net-Communication.JobRouter/1.1.0-alpha.20240208.1 (.NET 7.0.15; Microsoft Windows 10.0.23585)",
        "x-ms-client-request-id": "3b853c736294c5540639e4bb26247e7a",
        "x-ms-content-sha256": "Sanitized",
        "x-ms-date": "Thu, 08 Feb 2024 19:00:27 GMT",
        "x-ms-return-client-request-id": "true"
      },
      "RequestBody": null,
      "StatusCode": 204,
      "ResponseHeaders": {
        "api-supported-versions": "2021-04-07-preview1, 2022-07-18-preview, 2023-08-25-preview, 2023-11-01",
        "Connection": "keep-alive",
        "Date": "Thu, 08 Feb 2024 19:00:26 GMT",
        "Request-Context": "appId=",
        "trace-id": "5be18c37-ec77-b705-d733-95494f4318e3",
        "x-azure-ref": "20240208T190026Z-v3mz2bahf567x8dskqn20v07us00000000s000000000efsq",
        "X-Cache": "CONFIG_NOCACHE"
      },
      "ResponseBody": null
    },
    {
      "RequestUri": "https://sanitized.comminication.azure.com/routing/jobs/FB5F721C43D11F3CF7956EAE8EC10E8FD169F841A3753FB58A?api-version=2023-11-01",
      "RequestMethod": "DELETE",
      "RequestHeaders": {
        "Accept": "application/json",
        "Authorization": "Sanitized",
        "traceparent": "00-7ff220ac0903b931dedda3e8a4ed7de9-7e10a57d1301f1c7-00",
        "User-Agent": "azsdk-net-Communication.JobRouter/1.1.0-alpha.20240208.1 (.NET 7.0.15; Microsoft Windows 10.0.23585)",
        "x-ms-client-request-id": "491868b294f441783ce87e2ce6b17a53",
        "x-ms-content-sha256": "Sanitized",
        "x-ms-date": "Thu, 08 Feb 2024 19:00:31 GMT",
        "x-ms-return-client-request-id": "true"
      },
      "RequestBody": null,
      "StatusCode": 204,
      "ResponseHeaders": {
        "api-supported-versions": "2021-04-07-preview1, 2022-07-18-preview, 2023-08-25-preview, 2023-11-01",
        "Connection": "keep-alive",
        "Date": "Thu, 08 Feb 2024 19:00:30 GMT",
        "Request-Context": "appId=",
        "trace-id": "7ff220ac-0903-b931-dedd-a3e8a4ed7de9",
        "x-azure-ref": "20240208T190030Z-v3mz2bahf567x8dskqn20v07us00000000s000000000efy3",
        "X-Cache": "CONFIG_NOCACHE"
      },
      "ResponseBody": null
    },
    {
      "RequestUri": "https://sanitized.comminication.azure.com/routing/classificationPolicies/B195CAFEB28DA39F509D1226AE1120A8E2548A3CCD105B237F?api-version=2023-11-01",
      "RequestMethod": "DELETE",
      "RequestHeaders": {
        "Accept": "application/json",
        "Authorization": "Sanitized",
        "traceparent": "00-909d3066d8ec86b3743fe5e3b53b0861-0842409f12802398-00",
        "User-Agent": "azsdk-net-Communication.JobRouter/1.1.0-alpha.20240208.1 (.NET 7.0.15; Microsoft Windows 10.0.23585)",
        "x-ms-client-request-id": "a020e9b4660b7be78d9172ccd95ded6f",
        "x-ms-content-sha256": "Sanitized",
        "x-ms-date": "Thu, 08 Feb 2024 19:00:32 GMT",
        "x-ms-return-client-request-id": "true"
      },
      "RequestBody": null,
      "StatusCode": 204,
      "ResponseHeaders": {
        "api-supported-versions": "2021-04-07-preview1, 2022-07-18-preview, 2023-08-25-preview, 2023-11-01",
        "Connection": "keep-alive",
        "Date": "Thu, 08 Feb 2024 19:00:31 GMT",
        "Request-Context": "appId=",
        "trace-id": "909d3066-d8ec-86b3-743f-e5e3b53b0861",
        "x-azure-ref": "20240208T190031Z-v3mz2bahf567x8dskqn20v07us00000000s000000000eg07",
        "X-Cache": "CONFIG_NOCACHE"
      },
      "ResponseBody": null
    },
    {
      "RequestUri": "https://sanitized.comminication.azure.com/routing/queues/AE4C0D3D87AF72F48439DE16D4E23D2CE560BB3D476529D4DB?api-version=2023-11-01",
      "RequestMethod": "DELETE",
      "RequestHeaders": {
        "Accept": "application/json",
        "Authorization": "Sanitized",
        "traceparent": "00-62e9d8736e25aba7746a698df0d7c402-4c67fe1dbe16604c-00",
        "User-Agent": "azsdk-net-Communication.JobRouter/1.1.0-alpha.20240208.1 (.NET 7.0.15; Microsoft Windows 10.0.23585)",
        "x-ms-client-request-id": "44268675b2e2dfeac344feace327df54",
        "x-ms-content-sha256": "Sanitized",
        "x-ms-date": "Thu, 08 Feb 2024 19:00:33 GMT",
        "x-ms-return-client-request-id": "true"
      },
      "RequestBody": null,
      "StatusCode": 204,
      "ResponseHeaders": {
        "api-supported-versions": "2021-04-07-preview1, 2022-07-18-preview, 2023-08-25-preview, 2023-11-01",
        "Connection": "keep-alive",
        "Date": "Thu, 08 Feb 2024 19:00:32 GMT",
        "Request-Context": "appId=",
        "trace-id": "62e9d873-6e25-aba7-746a-698df0d7c402",
        "x-azure-ref": "20240208T190032Z-v3mz2bahf567x8dskqn20v07us00000000s000000000eg1g",
        "X-Cache": "CONFIG_NOCACHE"
      },
      "ResponseBody": null
    }
  ],
  "Variables": {
    "COMMUNICATION_LIVETEST_DYNAMIC_CONNECTION_STRING": "endpoint=https://sanitized.communication.azure.com/;accesskey=Kg==",
    "id-prefix": "sdk-OSv7SC45aESn_nh6_aCVdw-",
    "RandomSeed": "402364033"
  }
}
