{
  "Entries": [
    {
      "RequestUri": "https://sanitized.comminication.azure.com/routing/distributionPolicies/ADD723D41F2C521CA95C002456CED2C69E37F6827EF35A6C54?api-version=2024-01-18-preview",
      "RequestMethod": "PATCH",
      "RequestHeaders": {
        "Accept": "application/json",
        "Authorization": "Sanitized",
        "Content-Length": "198",
        "Content-Type": "application/merge-patch\u002Bjson",
        "traceparent": "00-e323430854b466809069a4a59caacba6-4f106385329b03af-00",
        "User-Agent": "azsdk-net-Communication.JobRouter/1.1.0-alpha.20240227.1 (.NET 6.0.27; Microsoft Windows 10.0.22621)",
        "x-ms-client-request-id": "057877704f0d341f212ac3af79c2428a",
        "x-ms-content-sha256": "Sanitized",
        "x-ms-date": "Wed, 28 Feb 2024 00:09:16 GMT",
        "x-ms-return-client-request-id": "true"
      },
      "RequestBody": {
        "name": "LongestIdleDistributionPolicyADD723D41F2C521CA95C002456CED2C69E37F6827EF35A6C54",
        "offerExpiresAfterSeconds": 30,
        "mode": {
          "minConcurrentOffers": 1,
          "maxConcurrentOffers": 1,
          "kind": "longestIdle"
        }
      },
      "StatusCode": 201,
      "ResponseHeaders": {
        "api-supported-versions": "2021-04-07-preview1, 2022-07-18-preview, 2023-08-25-preview, 2023-11-01, 2024-01-18-preview",
        "Connection": "keep-alive",
        "Content-Type": "application/json; charset=utf-8",
        "Date": "Wed, 28 Feb 2024 00:09:17 GMT",
        "ETag": "\u00220900d7d7-0000-0700-0000-65de79ad0000\u0022",
        "Last-Modified": "Wed, 28 Feb 2024 00:09:17 GMT",
        "Request-Context": "appId=",
        "Strict-Transport-Security": "max-age=31536000;includeSubDomains",
        "trace-id": "e3234308-54b4-6680-9069-a4a59caacba6",
        "Transfer-Encoding": "chunked",
        "x-azure-ref": "20240228T000917Z-t4bxpv6k2d7yvcr9r9xxfekev80000000990000000000syx",
        "X-Cache": "CONFIG_NOCACHE"
      },
      "ResponseBody": {
        "id": "ADD723D41F2C521CA95C002456CED2C69E37F6827EF35A6C54",
        "name": "LongestIdleDistributionPolicyADD723D41F2C521CA95C002456CED2C69E37F6827EF35A6C54",
        "offerExpiresAfterSeconds": 30,
        "mode": {
          "kind": "longestIdle",
          "minConcurrentOffers": 1,
          "maxConcurrentOffers": 1,
          "bypassSelectors": false
        },
        "etag": "\u00220900d7d7-0000-0700-0000-65de79ad0000\u0022"
      }
    },
    {
      "RequestUri": "https://sanitized.comminication.azure.com/routing/queues/FF8642B80F7F01EE3A9FD37C208F91E5D30045219D81C09655?api-version=2024-01-18-preview",
      "RequestMethod": "PATCH",
      "RequestHeaders": {
        "Accept": "application/json",
        "Authorization": "Sanitized",
        "Content-Length": "189",
        "Content-Type": "application/merge-patch\u002Bjson",
        "traceparent": "00-46144d0dcd03d225d3abaff7e8ee4240-c67705ed9b5eed0d-00",
        "User-Agent": "azsdk-net-Communication.JobRouter/1.1.0-alpha.20240227.1 (.NET 6.0.27; Microsoft Windows 10.0.22621)",
        "x-ms-client-request-id": "613988c3dda740a706dd37d519c43f47",
        "x-ms-content-sha256": "Sanitized",
        "x-ms-date": "Wed, 28 Feb 2024 00:09:16 GMT",
        "x-ms-return-client-request-id": "true"
      },
      "RequestBody": {
        "name": "DefaultQueue-Sdk-TestFF8642B80F7F01EE3A9FD37C208F91E5D30045219D81C09655",
        "distributionPolicyId": "ADD723D41F2C521CA95C002456CED2C69E37F6827EF35A6C54",
        "labels": {
          "Label_1": "Value_1"
        }
      },
      "StatusCode": 201,
      "ResponseHeaders": {
        "api-supported-versions": "2021-04-07-preview1, 2022-07-18-preview, 2023-08-25-preview, 2023-11-01, 2024-01-18-preview",
        "Connection": "keep-alive",
        "Content-Type": "application/json; charset=utf-8",
        "Date": "Wed, 28 Feb 2024 00:09:17 GMT",
        "ETag": "\u0022e50268f4-0000-0700-0000-65de79ad0000\u0022",
        "Last-Modified": "Wed, 28 Feb 2024 00:09:17 GMT",
        "Request-Context": "appId=",
        "Strict-Transport-Security": "max-age=31536000;includeSubDomains",
        "trace-id": "46144d0d-cd03-d225-d3ab-aff7e8ee4240",
        "Transfer-Encoding": "chunked",
        "x-azure-ref": "20240228T000917Z-t4bxpv6k2d7yvcr9r9xxfekev80000000990000000000syz",
        "X-Cache": "CONFIG_NOCACHE"
      },
      "ResponseBody": {
        "id": "FF8642B80F7F01EE3A9FD37C208F91E5D30045219D81C09655",
        "name": "DefaultQueue-Sdk-TestFF8642B80F7F01EE3A9FD37C208F91E5D30045219D81C09655",
        "distributionPolicyId": "ADD723D41F2C521CA95C002456CED2C69E37F6827EF35A6C54",
        "labels": {
          "Label_1": "Value_1",
          "Id": "FF8642B80F7F01EE3A9FD37C208F91E5D30045219D81C09655"
        },
        "etag": "\u0022e50268f4-0000-0700-0000-65de79ad0000\u0022"
      }
    },
    {
      "RequestUri": "https://sanitized.comminication.azure.com/routing/jobs/FC499651C630A3869C673235EA01603883A5C63F6EBC48C77A?api-version=2024-01-18-preview",
      "RequestMethod": "PATCH",
      "RequestHeaders": {
        "Accept": "application/json",
        "Authorization": "Sanitized",
        "Content-Length": "231",
        "Content-Type": "application/merge-patch\u002Bjson",
        "traceparent": "00-1a02e553a7ae6393e5f1edafc0a7b5e7-7415292ca1bc59a4-00",
        "User-Agent": "azsdk-net-Communication.JobRouter/1.1.0-alpha.20240227.1 (.NET 6.0.27; Microsoft Windows 10.0.22621)",
        "x-ms-client-request-id": "ddcaae737fd15c156b52e7f0ef225086",
        "x-ms-content-sha256": "Sanitized",
        "x-ms-date": "Wed, 28 Feb 2024 00:09:16 GMT",
        "x-ms-return-client-request-id": "true"
      },
      "RequestBody": {
        "channelId": "DF0949209271FC38E89CAC9F56F525CEBEA23300BD181BF963",
        "queueId": "FF8642B80F7F01EE3A9FD37C208F91E5D30045219D81C09655",
        "priority": 1,
        "matchingMode": {
          "scheduleAt": "2024-02-28T00:10:16.9656430Z",
          "kind": "scheduleAndSuspend"
        }
      },
      "StatusCode": 201,
      "ResponseHeaders": {
        "api-supported-versions": "2021-04-07-preview1, 2022-07-18-preview, 2023-08-25-preview, 2023-11-01, 2024-01-18-preview",
        "Connection": "keep-alive",
        "Content-Type": "application/json; charset=utf-8",
        "Date": "Wed, 28 Feb 2024 00:09:17 GMT",
        "ETag": "\u002200000000-0000-0000-10bd-3581f137dc08\u0022",
        "Last-Modified": "Wed, 28 Feb 2024 00:09:17 GMT",
        "Request-Context": "appId=",
        "Strict-Transport-Security": "max-age=31536000;includeSubDomains",
        "trace-id": "1a02e553-a7ae-6393-e5f1-edafc0a7b5e7",
        "Transfer-Encoding": "chunked",
        "x-azure-ref": "20240228T000917Z-t4bxpv6k2d7yvcr9r9xxfekev80000000990000000000sz1",
        "X-Cache": "CONFIG_NOCACHE"
      },
      "ResponseBody": {
        "id": "FC499651C630A3869C673235EA01603883A5C63F6EBC48C77A",
        "status": "pendingSchedule",
        "channelId": "DF0949209271FC38E89CAC9F56F525CEBEA23300BD181BF963",
        "queueId": "FF8642B80F7F01EE3A9FD37C208F91E5D30045219D81C09655",
        "priority": 1,
        "requestedWorkerSelectors": [],
        "attachedWorkerSelectors": [],
        "labels": {},
        "assignments": {},
        "tags": {},
        "notes": [],
        "matchingMode": {
          "kind": "scheduleAndSuspend",
          "scheduleAt": "2024-02-28T00:10:16.965643\u002B00:00"
        },
        "etag": "\u002200000000-0000-0000-10bd-3581f137dc08\u0022"
      }
    },
    {
      "RequestUri": "https://sanitized.comminication.azure.com/routing/jobs?api-version=2024-01-18-preview\u0026maxpagesize=1\u0026queueId=FF8642B80F7F01EE3A9FD37C208F91E5D30045219D81C09655\u0026channelId=DF0949209271FC38E89CAC9F56F525CEBEA23300BD181BF963\u0026scheduledAfter=2024-02-28T00%3A10%3A16.9656430Z",
      "RequestMethod": "GET",
      "RequestHeaders": {
        "Accept": "application/json",
        "Authorization": "Sanitized",
        "traceparent": "00-f350c44017ce6243d5b0e3d44d3e6287-e93af005cc9e08b1-00",
        "User-Agent": "azsdk-net-Communication.JobRouter/1.1.0-alpha.20240227.1 (.NET 6.0.27; Microsoft Windows 10.0.22621)",
        "x-ms-client-request-id": "d6b97bbb45eb9255d038fe30174a1a5c",
        "x-ms-content-sha256": "Sanitized",
        "x-ms-date": "Wed, 28 Feb 2024 00:09:17 GMT",
        "x-ms-return-client-request-id": "true"
      },
      "RequestBody": null,
      "StatusCode": 200,
      "ResponseHeaders": {
        "api-supported-versions": "2021-04-07-preview1, 2022-07-18-preview, 2023-08-25-preview, 2023-11-01, 2024-01-18-preview",
        "Connection": "keep-alive",
        "Content-Type": "application/json; charset=utf-8",
        "Date": "Wed, 28 Feb 2024 00:09:17 GMT",
        "Request-Context": "appId=",
        "Strict-Transport-Security": "max-age=31536000;includeSubDomains",
        "trace-id": "f350c440-17ce-6243-d5b0-e3d44d3e6287",
        "Transfer-Encoding": "chunked",
        "x-azure-ref": "20240228T000917Z-t4bxpv6k2d7yvcr9r9xxfekev80000000990000000000sz4",
        "X-Cache": "CONFIG_NOCACHE"
      },
      "ResponseBody": {
        "value": [
          {
            "id": "FC499651C630A3869C673235EA01603883A5C63F6EBC48C77A",
            "status": "pendingSchedule",
            "channelId": "DF0949209271FC38E89CAC9F56F525CEBEA23300BD181BF963",
            "queueId": "FF8642B80F7F01EE3A9FD37C208F91E5D30045219D81C09655",
            "priority": 1,
            "requestedWorkerSelectors": [],
            "attachedWorkerSelectors": [],
            "labels": {},
            "assignments": {},
            "tags": {},
            "notes": [],
            "matchingMode": {
              "kind": "scheduleAndSuspend",
              "scheduleAt": "2024-02-28T00:10:16.965643\u002B00:00"
            },
            "etag": "\u002200000000-0000-0000-10bd-3581f137dc08\u0022"
          }
        ]
      }
    },
    {
      "RequestUri": "https://sanitized.comminication.azure.com/routing/jobs/FC499651C630A3869C673235EA01603883A5C63F6EBC48C77A:cancel?api-version=2024-01-18-preview",
      "RequestMethod": "POST",
      "RequestHeaders": {
        "Accept": "application/json",
        "Authorization": "Sanitized",
        "Content-Length": "2",
        "Content-Type": "application/json",
        "traceparent": "00-cb574236cd8892ca84d8425dfba1472b-2fef0327d9e5a832-00",
        "User-Agent": "azsdk-net-Communication.JobRouter/1.1.0-alpha.20240227.1 (.NET 6.0.27; Microsoft Windows 10.0.22621)",
        "x-ms-client-request-id": "ca3c7beb64f843b873dcf655f6b750e4",
        "x-ms-content-sha256": "Sanitized",
        "x-ms-date": "Wed, 28 Feb 2024 00:09:20 GMT",
        "x-ms-return-client-request-id": "true"
      },
      "RequestBody": {},
      "StatusCode": 200,
      "ResponseHeaders": {
        "api-supported-versions": "2021-04-07-preview1, 2022-07-18-preview, 2023-08-25-preview, 2023-11-01, 2024-01-18-preview",
        "Connection": "keep-alive",
        "Content-Type": "application/json; charset=utf-8",
        "Date": "Wed, 28 Feb 2024 00:09:20 GMT",
        "Request-Context": "appId=",
        "Strict-Transport-Security": "max-age=31536000;includeSubDomains",
        "trace-id": "cb574236-cd88-92ca-84d8-425dfba1472b",
        "Transfer-Encoding": "chunked",
        "x-azure-ref": "20240228T000920Z-t4bxpv6k2d7yvcr9r9xxfekev80000000990000000000t0h",
        "X-Cache": "CONFIG_NOCACHE"
      },
      "ResponseBody": {}
    },
    {
      "RequestUri": "https://sanitized.comminication.azure.com/routing/jobs/FC499651C630A3869C673235EA01603883A5C63F6EBC48C77A?api-version=2024-01-18-preview",
      "RequestMethod": "DELETE",
      "RequestHeaders": {
        "Accept": "application/json",
        "Authorization": "Sanitized",
        "traceparent": "00-b299c4175678a52c84581bafedd26656-20980e383c481d66-00",
        "User-Agent": "azsdk-net-Communication.JobRouter/1.1.0-alpha.20240227.1 (.NET 6.0.27; Microsoft Windows 10.0.22621)",
        "x-ms-client-request-id": "9d19b18c680b2d5b59370d9980e54421",
        "x-ms-content-sha256": "Sanitized",
        "x-ms-date": "Wed, 28 Feb 2024 00:09:24 GMT",
        "x-ms-return-client-request-id": "true"
      },
      "RequestBody": null,
      "StatusCode": 204,
      "ResponseHeaders": {
        "api-supported-versions": "2021-04-07-preview1, 2022-07-18-preview, 2023-08-25-preview, 2023-11-01, 2024-01-18-preview",
        "Connection": "keep-alive",
        "Date": "Wed, 28 Feb 2024 00:09:24 GMT",
        "Request-Context": "appId=",
        "Strict-Transport-Security": "max-age=31536000;includeSubDomains",
        "trace-id": "b299c417-5678-a52c-8458-1bafedd26656",
        "x-azure-ref": "20240228T000924Z-t4bxpv6k2d7yvcr9r9xxfekev80000000990000000000t24",
        "X-Cache": "CONFIG_NOCACHE"
      },
      "ResponseBody": null
    },
    {
      "RequestUri": "https://sanitized.comminication.azure.com/routing/queues/FF8642B80F7F01EE3A9FD37C208F91E5D30045219D81C09655?api-version=2024-01-18-preview",
      "RequestMethod": "DELETE",
      "RequestHeaders": {
        "Accept": "application/json",
        "Authorization": "Sanitized",
        "traceparent": "00-953ab8ba562b5a0479cebd6e705ede23-f13e212689d74e1d-00",
        "User-Agent": "azsdk-net-Communication.JobRouter/1.1.0-alpha.20240227.1 (.NET 6.0.27; Microsoft Windows 10.0.22621)",
        "x-ms-client-request-id": "73058a3786e5568dc275630e4f009c18",
        "x-ms-content-sha256": "Sanitized",
        "x-ms-date": "Wed, 28 Feb 2024 00:09:25 GMT",
        "x-ms-return-client-request-id": "true"
      },
      "RequestBody": null,
      "StatusCode": 204,
      "ResponseHeaders": {
        "api-supported-versions": "2021-04-07-preview1, 2022-07-18-preview, 2023-08-25-preview, 2023-11-01, 2024-01-18-preview",
        "Connection": "keep-alive",
        "Date": "Wed, 28 Feb 2024 00:09:25 GMT",
        "Request-Context": "appId=",
        "Strict-Transport-Security": "max-age=31536000;includeSubDomains",
        "trace-id": "953ab8ba-562b-5a04-79ce-bd6e705ede23",
        "x-azure-ref": "20240228T000925Z-t4bxpv6k2d7yvcr9r9xxfekev80000000990000000000t2f",
        "X-Cache": "CONFIG_NOCACHE"
      },
      "ResponseBody": null
    }
  ],
  "Variables": {
    "COMMUNICATION_LIVETEST_DYNAMIC_CONNECTION_STRING": "endpoint=https://sanitized.communication.azure.com/;accesskey=Kg==",
    "id-prefix": "sdk-45fHGs-cjEqNRL9qlKUZLg-",
    "RandomSeed": "427750264",
    "scheduled-time-utc": "2024-02-28T00:10:16.9656430\u002B00:00"
  }
}
