{
  "Entries": [
    {
      "RequestUri": "https://sanitized.comminication.azure.com/routing/distributionPolicies/4ADC1EC4EFE2756D292734152674FAA9781CA0FCA122E81C7D?api-version=2023-11-01",
      "RequestMethod": "PATCH",
      "RequestHeaders": {
        "Accept": "application/json",
        "Authorization": "Sanitized",
        "Content-Length": "199",
        "Content-Type": "application/merge-patch\u002Bjson",
        "traceparent": "00-04cd08707feafa201b76d910512062a3-33bab998eb5c5c55-00",
        "User-Agent": "azsdk-net-Communication.JobRouter/1.0.0-alpha.20231011.1 (.NET Framework 4.8.9181.0; Microsoft Windows 10.0.22621 )",
        "x-ms-client-request-id": "ab61fee7494bf0f65eaf53ba6fde7ec3",
        "x-ms-content-sha256": "Sanitized",
        "x-ms-date": "Wed, 11 Oct 2023 23:19:10 GMT",
        "x-ms-return-client-request-id": "true"
      },
      "RequestBody": {
        "name": "LongestIdleDistributionPolicy4ADC1EC4EFE2756D292734152674FAA9781CA0FCA122E81C7D",
        "offerExpiresAfterSeconds": 30,
        "mode": {
          "kind": "longest-idle",
          "minConcurrentOffers": 1,
          "maxConcurrentOffers": 1
        }
      },
      "StatusCode": 201,
      "ResponseHeaders": {
        "api-supported-versions": "2021-04-07-preview1, 2022-07-18-preview, 2023-08-25-preview, 2023-11-01",
        "Content-Type": "application/json; charset=utf-8",
        "Date": "Wed, 11 Oct 2023 23:19:10 GMT",
        "ETag": "\u00220a00ad53-0000-0700-0000-65272d6e0000\u0022",
        "Last-Modified": "Wed, 11 Oct 2023 23:19:10 GMT",
        "Request-Context": "appId=",
        "trace-id": "04cd0870-7fea-fa20-1b76-d910512062a3",
        "Transfer-Encoding": "chunked",
        "X-Azure-Ref": "0bi0nZQAAAAAHaRP6dx7UT5osoxDaa6usWVZSMzExMDAwMTE1MDQ5AGNjOTI3NThkLTA1ZjctNGFkNi1hYTVlLTBmYTk3MThkODk4NQ==",
        "X-Cache": "CONFIG_NOCACHE"
      },
      "ResponseBody": {
        "id": "4ADC1EC4EFE2756D292734152674FAA9781CA0FCA122E81C7D",
        "name": "LongestIdleDistributionPolicy4ADC1EC4EFE2756D292734152674FAA9781CA0FCA122E81C7D",
        "offerExpiresAfterSeconds": 30,
        "mode": {
          "kind": "longest-idle",
          "minConcurrentOffers": 1,
          "maxConcurrentOffers": 1,
          "bypassSelectors": false
        }
      }
    },
    {
      "RequestUri": "https://sanitized.comminication.azure.com/routing/queues/32518D9C614619BE8D3CA7A54281A03A6C35DE4DA054FCF480?api-version=2023-11-01",
      "RequestMethod": "PATCH",
      "RequestHeaders": {
        "Accept": "application/json",
        "Authorization": "Sanitized",
        "Content-Length": "189",
        "Content-Type": "application/merge-patch\u002Bjson",
        "traceparent": "00-731019b7d0a8844747cc604be32ee0c4-7be9e49560cbb879-00",
        "User-Agent": "azsdk-net-Communication.JobRouter/1.0.0-alpha.20231011.1 (.NET Framework 4.8.9181.0; Microsoft Windows 10.0.22621 )",
        "x-ms-client-request-id": "a4a248c585c50db87196d91e432e70f6",
        "x-ms-content-sha256": "Sanitized",
        "x-ms-date": "Wed, 11 Oct 2023 23:19:10 GMT",
        "x-ms-return-client-request-id": "true"
      },
      "RequestBody": {
        "name": "DefaultQueue-Sdk-Test32518D9C614619BE8D3CA7A54281A03A6C35DE4DA054FCF480",
        "distributionPolicyId": "4ADC1EC4EFE2756D292734152674FAA9781CA0FCA122E81C7D",
        "labels": {
          "Label_1": "Value_1"
        }
      },
      "StatusCode": 201,
      "ResponseHeaders": {
        "api-supported-versions": "2021-04-07-preview1, 2022-07-18-preview, 2023-08-25-preview, 2023-11-01",
        "Content-Type": "application/json; charset=utf-8",
        "Date": "Wed, 11 Oct 2023 23:19:10 GMT",
        "ETag": "\u0022220111fe-0000-0700-0000-65272d6e0000\u0022",
        "Last-Modified": "Wed, 11 Oct 2023 23:19:10 GMT",
        "Request-Context": "appId=",
        "trace-id": "731019b7-d0a8-8447-47cc-604be32ee0c4",
        "Transfer-Encoding": "chunked",
        "X-Azure-Ref": "0bi0nZQAAAAACAFOf37qIR46LSCkmVXfBWVZSMzExMDAwMTE1MDQ5AGNjOTI3NThkLTA1ZjctNGFkNi1hYTVlLTBmYTk3MThkODk4NQ==",
        "X-Cache": "CONFIG_NOCACHE"
      },
      "ResponseBody": {
        "id": "32518D9C614619BE8D3CA7A54281A03A6C35DE4DA054FCF480",
        "name": "DefaultQueue-Sdk-Test32518D9C614619BE8D3CA7A54281A03A6C35DE4DA054FCF480",
        "distributionPolicyId": "4ADC1EC4EFE2756D292734152674FAA9781CA0FCA122E81C7D",
        "labels": {
          "Label_1": "Value_1",
          "Id": "32518D9C614619BE8D3CA7A54281A03A6C35DE4DA054FCF480"
        }
      }
    },
    {
      "RequestUri": "https://sanitized.comminication.azure.com/routing/jobs/25AAAB9D444EE2EC0B82651A259F7C69AB81A97E48E3F89939?api-version=2023-11-01",
      "RequestMethod": "PATCH",
      "RequestHeaders": {
        "Accept": "application/json",
        "Authorization": "Sanitized",
        "Content-Length": "142",
        "Content-Type": "application/merge-patch\u002Bjson",
        "traceparent": "00-723b4e95687092c8732859757805091f-f6707e9ebd895ad0-00",
        "User-Agent": "azsdk-net-Communication.JobRouter/1.0.0-alpha.20231011.1 (.NET Framework 4.8.9181.0; Microsoft Windows 10.0.22621 )",
        "x-ms-client-request-id": "c355e144a1c6c37a7ec7412584f01a72",
        "x-ms-content-sha256": "Sanitized",
        "x-ms-date": "Wed, 11 Oct 2023 23:19:10 GMT",
        "x-ms-return-client-request-id": "true"
      },
      "RequestBody": {
        "channelId": "C219BD3B3969A6D653CADADD72B85997F5F8C56A8053682253",
        "queueId": "32518D9C614619BE8D3CA7A54281A03A6C35DE4DA054FCF480",
        "priority": 1
      },
      "StatusCode": 201,
      "ResponseHeaders": {
        "api-supported-versions": "2021-04-07-preview1, 2022-07-18-preview, 2023-08-25-preview, 2023-11-01",
        "Content-Type": "application/json; charset=utf-8",
        "Date": "Wed, 11 Oct 2023 23:19:10 GMT",
        "ETag": "\u002200000000-0000-0000-c424-ce79b0cadb08\u0022",
        "Last-Modified": "Wed, 11 Oct 2023 23:19:10 GMT",
        "Request-Context": "appId=",
        "trace-id": "723b4e95-6870-92c8-7328-59757805091f",
        "Transfer-Encoding": "chunked",
        "X-Azure-Ref": "0bi0nZQAAAADQwtEUk9WpTLlBQWPOE0biWVZSMzExMDAwMTE1MDQ5AGNjOTI3NThkLTA1ZjctNGFkNi1hYTVlLTBmYTk3MThkODk4NQ==",
        "X-Cache": "CONFIG_NOCACHE"
      },
      "ResponseBody": {
        "id": "25AAAB9D444EE2EC0B82651A259F7C69AB81A97E48E3F89939",
        "status": "created",
        "channelId": "C219BD3B3969A6D653CADADD72B85997F5F8C56A8053682253",
        "queueId": "32518D9C614619BE8D3CA7A54281A03A6C35DE4DA054FCF480",
        "priority": 1,
        "requestedWorkerSelectors": [],
        "attachedWorkerSelectors": [],
        "labels": {},
        "assignments": {},
        "tags": {},
        "notes": {},
        "matchingMode": {
          "kind": "queue-and-match"
        }
      }
    },
    {
      "RequestUri": "https://sanitized.comminication.azure.com/routing/jobs/25AAAB9D444EE2EC0B82651A259F7C69AB81A97E48E3F89939?api-version=2023-11-01",
      "RequestMethod": "PATCH",
      "RequestHeaders": {
        "Accept": "application/json",
        "Authorization": "Sanitized",
        "Content-Length": "93",
        "Content-Type": "application/merge-patch\u002Bjson",
        "traceparent": "00-bfa52bc7db88ccea1444c76b16902e29-c5505c18512893bd-00",
        "User-Agent": "azsdk-net-Communication.JobRouter/1.0.0-alpha.20231011.1 (.NET Framework 4.8.9181.0; Microsoft Windows 10.0.22621 )",
        "x-ms-client-request-id": "b2876f7353f06247465339b470d8ac30",
        "x-ms-content-sha256": "Sanitized",
        "x-ms-date": "Wed, 11 Oct 2023 23:19:10 GMT",
        "x-ms-return-client-request-id": "true"
      },
      "RequestBody": {
        "notes": {
          "2022-09-01T03:00:00.0000000\u002B00:00": "Fake notes attached to job with update"
        }
      },
      "StatusCode": 200,
      "ResponseHeaders": {
        "api-supported-versions": "2021-04-07-preview1, 2022-07-18-preview, 2023-08-25-preview, 2023-11-01",
        "Content-Type": "application/json; charset=utf-8",
        "Date": "Wed, 11 Oct 2023 23:19:11 GMT",
        "ETag": "\u002200000002-0000-0000-0603-357ab0cadb08\u0022",
        "Last-Modified": "Wed, 11 Oct 2023 23:19:11 GMT",
        "Request-Context": "appId=",
        "trace-id": "bfa52bc7-db88-ccea-1444-c76b16902e29",
        "Transfer-Encoding": "chunked",
        "X-Azure-Ref": "0by0nZQAAAADH\u002BuX5m4hSQJXmYeGFjrVEWVZSMzExMDAwMTE1MDQ5AGNjOTI3NThkLTA1ZjctNGFkNi1hYTVlLTBmYTk3MThkODk4NQ==",
        "X-Cache": "CONFIG_NOCACHE"
      },
      "ResponseBody": {
        "id": "25AAAB9D444EE2EC0B82651A259F7C69AB81A97E48E3F89939",
        "status": "queued",
        "enqueuedAt": "2023-10-11T23:19:11.1190102\u002B00:00",
        "channelId": "C219BD3B3969A6D653CADADD72B85997F5F8C56A8053682253",
        "queueId": "32518D9C614619BE8D3CA7A54281A03A6C35DE4DA054FCF480",
        "priority": 1,
        "requestedWorkerSelectors": [],
        "attachedWorkerSelectors": [],
        "labels": {},
        "assignments": {},
        "tags": {},
        "notes": {
          "2022-09-01T03:00:00\u002B00:00": "Fake notes attached to job with update"
        },
        "matchingMode": {
          "kind": "queue-and-match"
        }
      }
    }
  ],
  "Variables": {
    "COMMUNICATION_LIVETEST_DYNAMIC_CONNECTION_STRING": "endpoint=https://sanitized.communication.azure.com/;accesskey=Kg==",
    "id-prefix": "sdk-U9sGbH-A4UieiwkJOQrnQw-",
    "RandomSeed": "276506513"
  }
}
