{
  "Entries": [
    {
      "RequestUri": "https://fakemhsm.local/keys/listkeyversions3188646711/create?api-version=7.4",
      "RequestMethod": "POST",
      "RequestHeaders": {
        "Accept": "application/json",
        "Accept-Encoding": "gzip",
        "Content-Length": "0",
        "User-Agent": "azsdk-go-azkeys/v0.12.0 (go1.19.3; linux)"
      },
      "RequestBody": null,
      "StatusCode": 401,
      "ResponseHeaders": {
        "Cache-Control": "no-cache",
        "Content-Length": "0",
        "Content-Security-Policy": "default-src \u0027self\u0027",
        "Content-Type": "application/json; charset=utf-8",
        "Strict-Transport-Security": "max-age=31536000; includeSubDomains",
        "WWW-Authenticate": "Bearer authorization=\u0022https://login.microsoftonline.com/72f988bf-86f1-41af-91ab-2d7cd011db47\u0022, resource=\u0022https://local\u0022",
        "X-Content-Type-Options": "nosniff",
        "X-Frame-Options": "SAMEORIGIN",
        "x-ms-request-id": "63ff9b14-019c-11ee-a4b6-000d3acc765e",
        "x-ms-server-latency": "1"
      },
      "ResponseBody": null
    },
    {
      "RequestUri": "https://fakemhsm.local/keys/listkeyversions3188646711/create?api-version=7.4",
      "RequestMethod": "POST",
      "RequestHeaders": {
        "Accept": "application/json",
        "Accept-Encoding": "gzip",
        "Authorization": "Sanitized",
        "Content-Length": "13",
        "Content-Type": "application/json",
        "User-Agent": "azsdk-go-azkeys/v0.12.0 (go1.19.3; linux)"
      },
      "RequestBody": {
        "kty": "RSA"
      },
      "StatusCode": 200,
      "ResponseHeaders": {
        "Cache-Control": "no-cache",
        "Content-Length": "711",
        "Content-Security-Policy": "default-src \u0027self\u0027",
        "Content-Type": "application/json; charset=utf-8",
        "Strict-Transport-Security": "max-age=31536000; includeSubDomains",
        "X-Content-Type-Options": "nosniff",
        "X-Frame-Options": "SAMEORIGIN",
        "x-ms-keyvault-network-info": "conn_type=Ipv4;addr=131.107.1.243;act_addr_fam=Ipv4;",
        "x-ms-keyvault-region": "australiacentral",
        "x-ms-request-id": "644dc10e-019c-11ee-a4b6-000d3acc765e",
        "x-ms-server-latency": "157"
      },
      "ResponseBody": {
        "attributes": {
          "created": 1685748170,
          "enabled": true,
          "exportable": false,
          "recoverableDays": 7,
          "recoveryLevel": "CustomizedRecoverable\u002BPurgeable",
          "updated": 1685748170
        },
        "key": {
          "e": "AQAB",
          "key_ops": [
            "wrapKey",
            "decrypt",
            "encrypt",
            "unwrapKey",
            "sign",
            "verify"
          ],
          "kid": "https://fakemhsm.local/keys/listkeyversions3188646711/8e4838af10a04f0fb99170bdb153ff6e",
          "kty": "RSA-HSM",
          "n": "k2tnFKTvJ2x-jwr2F7r063RsgwaMPwMdKenk-VnCU4HBEd02Jl_-cOd2pga09ZJWsAmk-WHbxnS9bMp-Vp-VrPA-vLFSwuRhYDFRIlAWHevwGOH8XqRkGMn6UgJLOmKc6vlvEqV846kYv4YET8So5bR8_5b6nOR3jjjsWgLTg9gaWivjE9q9WoRyTln1y2WlX42Ot8CV3ZVaYG7pJOwxSUb1YH3V_i8P4uRUscaXtfcNbD1CX4k9jYo2h4Sosgpp0iHpRyis-8j3Vzs_Pe2b9BWX7iNVen0LrfbqsHNS8lrQeZLFjPomzuCnAMnB9HRAb6vX0m8Jz15ePBfwL9CsVQ"
        }
      }
    },
    {
      "RequestUri": "https://fakemhsm.local/keys/listkeyversions3188646711/create?api-version=7.4",
      "RequestMethod": "POST",
      "RequestHeaders": {
        "Accept": "application/json",
        "Accept-Encoding": "gzip",
        "Authorization": "Sanitized",
        "Content-Length": "13",
        "Content-Type": "application/json",
        "User-Agent": "azsdk-go-azkeys/v0.12.0 (go1.19.3; linux)"
      },
      "RequestBody": {
        "kty": "RSA"
      },
      "StatusCode": 200,
      "ResponseHeaders": {
        "Cache-Control": "no-cache",
        "Content-Length": "711",
        "Content-Security-Policy": "default-src \u0027self\u0027",
        "Content-Type": "application/json; charset=utf-8",
        "Strict-Transport-Security": "max-age=31536000; includeSubDomains",
        "X-Content-Type-Options": "nosniff",
        "X-Frame-Options": "SAMEORIGIN",
        "x-ms-keyvault-network-info": "conn_type=Ipv4;addr=131.107.1.243;act_addr_fam=Ipv4;",
        "x-ms-keyvault-region": "australiacentral",
        "x-ms-request-id": "64800c9a-019c-11ee-a4b6-000d3acc765e",
        "x-ms-server-latency": "173"
      },
      "ResponseBody": {
        "attributes": {
          "created": 1685748170,
          "enabled": true,
          "exportable": false,
          "recoverableDays": 7,
          "recoveryLevel": "CustomizedRecoverable\u002BPurgeable",
          "updated": 1685748170
        },
        "key": {
          "e": "AQAB",
          "key_ops": [
            "wrapKey",
            "sign",
            "verify",
            "encrypt",
            "decrypt",
            "unwrapKey"
          ],
          "kid": "https://fakemhsm.local/keys/listkeyversions3188646711/92c47dff9022416086562a7fdfd25667",
          "kty": "RSA-HSM",
          "n": "lRYMdnXV6mHIR6sq4SDrRwByCyorPSim8ZUbuTYnDbG46fUGIwLvI1KyRxJ3IYgf8y4RJKEVe8uXv7aSh3W6CcDZE_Yd3hiHiGgZgG2mfkC7iA_t86OYhuishZfQi3r4tpbCmNgzgzkP7v7dvnH-1nLvjBTi-p85CdncykECD097DdnznipWA4DdgKCTaR1lvGGYkVzk7h0fJbebu3i3ROhvd55CKut0dripnkCLE8jZU9Boc3qfsV-lLKCt68ITRzI0nnwiFxzpGC5mtnej6LUKovvWTcR6DwXo3L-EXJbg4nulwP4O4K11_wC_tF7WqaRxAQVsOGvxkhtBrpLOzQ"
        }
      }
    },
    {
      "RequestUri": "https://fakemhsm.local/keys/listkeyversions3188646711/create?api-version=7.4",
      "RequestMethod": "POST",
      "RequestHeaders": {
        "Accept": "application/json",
        "Accept-Encoding": "gzip",
        "Authorization": "Sanitized",
        "Content-Length": "13",
        "Content-Type": "application/json",
        "User-Agent": "azsdk-go-azkeys/v0.12.0 (go1.19.3; linux)"
      },
      "RequestBody": {
        "kty": "RSA"
      },
      "StatusCode": 200,
      "ResponseHeaders": {
        "Cache-Control": "no-cache",
        "Content-Length": "711",
        "Content-Security-Policy": "default-src \u0027self\u0027",
        "Content-Type": "application/json; charset=utf-8",
        "Strict-Transport-Security": "max-age=31536000; includeSubDomains",
        "X-Content-Type-Options": "nosniff",
        "X-Frame-Options": "SAMEORIGIN",
        "x-ms-keyvault-network-info": "conn_type=Ipv4;addr=131.107.1.243;act_addr_fam=Ipv4;",
        "x-ms-keyvault-region": "australiacentral",
        "x-ms-request-id": "64b4c0b6-019c-11ee-a4b6-000d3acc765e",
        "x-ms-server-latency": "273"
      },
      "ResponseBody": {
        "attributes": {
          "created": 1685748171,
          "enabled": true,
          "exportable": false,
          "recoverableDays": 7,
          "recoveryLevel": "CustomizedRecoverable\u002BPurgeable",
          "updated": 1685748171
        },
        "key": {
          "e": "AQAB",
          "key_ops": [
            "wrapKey",
            "sign",
            "verify",
            "encrypt",
            "decrypt",
            "unwrapKey"
          ],
          "kid": "https://fakemhsm.local/keys/listkeyversions3188646711/825c74cec6d90c6aa75c69ecceb8dbd0",
          "kty": "RSA-HSM",
          "n": "i2CkyrkXlbPvNJp4FMeBPjkcE1u7oCZX7aLoTKnnVZJChK2irhbUUODLWPAhM9I0BA5tl8YOMCwRqlxjXsyAraT4GpEVEBr430jXGFXUzQkxKXP_G-e_L9GDT9TlAElJYYozbU8-dwyzUwFExshYokyKvS7cSuXCIs_7J00ws6fCas8YNWrXRE0FRjhB-0iwTeWyCz2WaYoS1mrS6jU4XfUod-f6i8v7BtwwPuoSDuiWtV5EGfcu6lMh-qyzvPorzJE459gVJNE1vGdwYU37VnZ7jR3iJiZbzVTfT_YhQipg2-PO1rg53cNiBfhaYm2WzI8fCsD74tshaXSvsM8hrw"
        }
      }
    },
    {
      "RequestUri": "https://fakemhsm.local/keys/listkeyversions3188646711/create?api-version=7.4",
      "RequestMethod": "POST",
      "RequestHeaders": {
        "Accept": "application/json",
        "Accept-Encoding": "gzip",
        "Authorization": "Sanitized",
        "Content-Length": "13",
        "Content-Type": "application/json",
        "User-Agent": "azsdk-go-azkeys/v0.12.0 (go1.19.3; linux)"
      },
      "RequestBody": {
        "kty": "RSA"
      },
      "StatusCode": 200,
      "ResponseHeaders": {
        "Cache-Control": "no-cache",
        "Content-Length": "711",
        "Content-Security-Policy": "default-src \u0027self\u0027",
        "Content-Type": "application/json; charset=utf-8",
        "Strict-Transport-Security": "max-age=31536000; includeSubDomains",
        "X-Content-Type-Options": "nosniff",
        "X-Frame-Options": "SAMEORIGIN",
        "x-ms-keyvault-network-info": "conn_type=Ipv4;addr=131.107.1.243;act_addr_fam=Ipv4;",
        "x-ms-keyvault-region": "australiacentral",
        "x-ms-request-id": "64f841a6-019c-11ee-a4b6-000d3acc765e",
        "x-ms-server-latency": "168"
      },
      "ResponseBody": {
        "attributes": {
          "created": 1685748171,
          "enabled": true,
          "exportable": false,
          "recoverableDays": 7,
          "recoveryLevel": "CustomizedRecoverable\u002BPurgeable",
          "updated": 1685748171
        },
        "key": {
          "e": "AQAB",
          "key_ops": [
            "wrapKey",
            "sign",
            "verify",
            "encrypt",
            "decrypt",
            "unwrapKey"
          ],
          "kid": "https://fakemhsm.local/keys/listkeyversions3188646711/d9cb72d8f9de43cc0e46225b7952829d",
          "kty": "RSA-HSM",
          "n": "xoAvAj0_UpkuQh5qNMFBQWcYg_wfj9v_uhST8o1qj1ZlBAD13JyPmaloSYELxEontqoilWT90jYXW9vFoCAvzmqPYE3WzQ56zTF0hcQWmnX5QGA-4d4gyqHewtDheZmATHFEFHf1V17-gZAAgWWPDdiEuzpsdeq1_P1qZxtwqNji02-MMpnbyhXn8DE7auY6pBrqlXgmuxCQDzel6N5ue2oNDQW9tu6zZ1rNfnlUJKJ4-UWooFl9HbNFAmB7mAfY_maSTfFOHqPk7VjWDcKaiGp4phiLFHu7ur4r-izWZYFI54sH3RD1EDb_9PMjXpXZZHtiOmkZxzpv75y7RMCP7Q"
        }
      }
    },
    {
      "RequestUri": "https://fakemhsm.local/keys/listkeyversions3188646711/versions?api-version=7.4",
      "RequestMethod": "GET",
      "RequestHeaders": {
        "Accept": "application/json",
        "Accept-Encoding": "gzip",
        "Authorization": "Sanitized",
        "User-Agent": "azsdk-go-azkeys/v0.12.0 (go1.19.3; linux)"
      },
      "RequestBody": null,
      "StatusCode": 200,
      "ResponseHeaders": {
        "Cache-Control": "no-cache",
        "Content-Length": "1043",
        "Content-Security-Policy": "default-src \u0027self\u0027",
        "Content-Type": "application/json; charset=utf-8",
        "Strict-Transport-Security": "max-age=31536000; includeSubDomains",
        "X-Content-Type-Options": "nosniff",
        "X-Frame-Options": "SAMEORIGIN",
        "x-ms-build-version": "1.0.20230509-2-bbe3e9a1-2004-lkg",
        "x-ms-keyvault-network-info": "conn_type=Ipv4;addr=131.107.1.243;act_addr_fam=Ipv4;",
        "x-ms-keyvault-region": "australiacentral",
        "x-ms-request-id": "652c41c2-019c-11ee-a4b6-000d3acc765e",
        "x-ms-server-latency": "33"
      },
      "ResponseBody": {
        "value": [
          {
            "attributes": {
              "created": 1685748170,
              "enabled": true,
              "exportable": false,
              "recoverableDays": 7,
              "recoveryLevel": "CustomizedRecoverable\u002BPurgeable",
              "updated": 1685748170
            },
            "kid": "https://fakemhsm.local/keys/listkeyversions3188646711/8e4838af10a04f0fb99170bdb153ff6e"
          },
          {
            "attributes": {
              "created": 1685748170,
              "enabled": true,
              "exportable": false,
              "recoverableDays": 7,
              "recoveryLevel": "CustomizedRecoverable\u002BPurgeable",
              "updated": 1685748170
            },
            "kid": "https://fakemhsm.local/keys/listkeyversions3188646711/92c47dff9022416086562a7fdfd25667"
          },
          {
            "attributes": {
              "created": 1685748171,
              "enabled": true,
              "exportable": false,
              "recoverableDays": 7,
              "recoveryLevel": "CustomizedRecoverable\u002BPurgeable",
              "updated": 1685748171
            },
            "kid": "https://fakemhsm.local/keys/listkeyversions3188646711/825c74cec6d90c6aa75c69ecceb8dbd0"
          },
          {
            "attributes": {
              "created": 1685748171,
              "enabled": true,
              "exportable": false,
              "recoverableDays": 7,
              "recoveryLevel": "CustomizedRecoverable\u002BPurgeable",
              "updated": 1685748171
            },
            "kid": "https://fakemhsm.local/keys/listkeyversions3188646711/d9cb72d8f9de43cc0e46225b7952829d"
          }
        ]
      }
    },
    {
      "RequestUri": "https://fakemhsm.local/keys/listkeyversions3188646711?api-version=7.4",
      "RequestMethod": "DELETE",
      "RequestHeaders": {
        "Accept": "application/json",
        "Accept-Encoding": "gzip",
        "Authorization": "Sanitized",
        "User-Agent": "azsdk-go-azkeys/v0.12.0 (go1.19.3; linux)"
      },
      "RequestBody": null,
      "StatusCode": 200,
      "ResponseHeaders": {
        "Cache-Control": "no-cache",
        "Content-Length": "844",
        "Content-Security-Policy": "default-src \u0027self\u0027",
        "Content-Type": "application/json; charset=utf-8",
        "Strict-Transport-Security": "max-age=31536000; includeSubDomains",
        "X-Content-Type-Options": "nosniff",
        "X-Frame-Options": "SAMEORIGIN",
        "x-ms-keyvault-network-info": "conn_type=Ipv4;addr=131.107.1.243;act_addr_fam=Ipv4;",
        "x-ms-keyvault-region": "australiacentral",
        "x-ms-request-id": "654cb920-019c-11ee-a4b6-000d3acc765e",
        "x-ms-server-latency": "59"
      },
      "ResponseBody": {
        "attributes": {
          "created": 1685748171,
          "enabled": true,
          "exportable": false,
          "recoverableDays": 7,
          "recoveryLevel": "CustomizedRecoverable\u002BPurgeable",
          "updated": 1685748171
        },
        "deletedDate": 1685748172,
        "key": {
          "e": "AQAB",
          "key_ops": [
            "wrapKey",
            "sign",
            "verify",
            "encrypt",
            "decrypt",
            "unwrapKey"
          ],
          "kid": "https://fakemhsm.local/keys/listkeyversions3188646711/d9cb72d8f9de43cc0e46225b7952829d",
          "kty": "RSA-HSM",
          "n": "xoAvAj0_UpkuQh5qNMFBQWcYg_wfj9v_uhST8o1qj1ZlBAD13JyPmaloSYELxEontqoilWT90jYXW9vFoCAvzmqPYE3WzQ56zTF0hcQWmnX5QGA-4d4gyqHewtDheZmATHFEFHf1V17-gZAAgWWPDdiEuzpsdeq1_P1qZxtwqNji02-MMpnbyhXn8DE7auY6pBrqlXgmuxCQDzel6N5ue2oNDQW9tu6zZ1rNfnlUJKJ4-UWooFl9HbNFAmB7mAfY_maSTfFOHqPk7VjWDcKaiGp4phiLFHu7ur4r-izWZYFI54sH3RD1EDb_9PMjXpXZZHtiOmkZxzpv75y7RMCP7Q"
        },
        "recoveryId": "https://fakemhsm.local/deletedkeys/listkeyversions3188646711",
        "scheduledPurgeDate": 1686352972
      }
    }
  ],
  "Variables": {}
}
