{
  "Entries": [
    {
      "RequestUri": "https://fakemhsm.local/keys/listkeyversions3188646711/create?api-version=7.6-preview.1",
      "RequestMethod": "POST",
      "RequestHeaders": {
        "Accept": "application/json",
        "Accept-Encoding": "gzip",
        "Content-Length": "0",
        "User-Agent": "azsdk-go-azkeys/v1.1.1 (go1.19.3; linux)"
      },
      "RequestBody": null,
      "StatusCode": 401,
      "ResponseHeaders": {
        "Cache-Control": "no-cache",
        "Content-Length": "0",
        "Content-Security-Policy": "default-src 'self'",
        "Content-Type": "application/json; charset=utf-8",
        "Strict-Transport-Security": "max-age=31536000; includeSubDomains",
        "WWW-Authenticate": "Bearer authorization=\"https://login.microsoftonline.com/72f988bf-86f1-41af-91ab-2d7cd011db47\", resource=\"https://local\"",
        "X-Content-Type-Options": "nosniff",
        "X-Frame-Options": "SAMEORIGIN",
        "x-ms-request-id": "45ceef0c-0739-11ef-a729-000d3a7e9db2",
        "x-ms-server-latency": "0"
      },
      "ResponseBody": null
    },
    {
      "RequestUri": "https://fakemhsm.local/keys/listkeyversions3188646711/create?api-version=7.6-preview.1",
      "RequestMethod": "POST",
      "RequestHeaders": {
        "Accept": "application/json",
        "Accept-Encoding": "gzip",
        "Authorization": "Sanitized",
        "Content-Length": "13",
        "Content-Type": "application/json",
        "User-Agent": "azsdk-go-azkeys/v1.1.1 (go1.19.3; linux)"
      },
      "RequestBody": {
        "kty": "RSA"
      },
      "StatusCode": 200,
      "ResponseHeaders": {
        "Cache-Control": "no-cache",
        "Content-Length": "711",
        "Content-Security-Policy": "default-src 'self'",
        "Content-Type": "application/json; charset=utf-8",
        "Strict-Transport-Security": "max-age=31536000; includeSubDomains",
        "X-Content-Type-Options": "nosniff",
        "X-Frame-Options": "SAMEORIGIN",
        "x-ms-keyvault-network-info": "conn_type=Ipv4;addr=131.107.1.201;act_addr_fam=Ipv4;",
        "x-ms-keyvault-region": "uksouth",
        "x-ms-request-id": "46ec3da4-0739-11ef-a729-000d3a7e9db2",
        "x-ms-server-latency": "106"
      },
      "ResponseBody": {
        "attributes": {
          "created": 1714512805,
          "enabled": true,
          "exportable": false,
          "recoverableDays": 7,
          "recoveryLevel": "CustomizedRecoverable+Purgeable",
          "updated": 1714512805
        },
        "key": {
          "e": "AQAB",
          "key_ops": [
            "wrapKey",
            "decrypt",
            "encrypt",
            "unwrapKey",
            "sign",
            "verify"
          ],
          "kid": "https://fakemhsm.local/keys/listkeyversions3188646711/9511e4ac56934ad513287a1596e9727d",
          "kty": "RSA-HSM",
          "n": "iJBv15wkPZOBhqe4XH0Y_TEqbMRyIrez44dU7WZ-6phlSVPV8maepGOUkDMDIpyVn5VsZz-bNc0HgOhioacv5P1k4-axhWsADv7_6qQe9IAyVIN4D9GqOHLWECFMmEX7rNmgIVav4Xu8hwesyjmFsJGOmIcqvd9Ca41lFsZ2phxv3jgjF8GeQIE7uDENQRsut-sAfTdfFwG_I2pxCV0Kkfpqk_YOAcn4e522YgobtyJEEoPsSDpO9uAmVmd8DFYEEJQmlmcvRxsBEN74wiAvQnZKDQ0YTZbFOJ5Vctj6c0mrCERTtpOHEO0FYuQEzDucMEpg4hxPlk8NBjQC6whxrQ"
        }
      }
    },
    {
      "RequestUri": "https://fakemhsm.local/keys/listkeyversions3188646711/create?api-version=7.6-preview.1",
      "RequestMethod": "POST",
      "RequestHeaders": {
        "Accept": "application/json",
        "Accept-Encoding": "gzip",
        "Authorization": "Sanitized",
        "Content-Length": "13",
        "Content-Type": "application/json",
        "User-Agent": "azsdk-go-azkeys/v1.1.1 (go1.19.3; linux)"
      },
      "RequestBody": {
        "kty": "RSA"
      },
      "StatusCode": 200,
      "ResponseHeaders": {
        "Cache-Control": "no-cache",
        "Content-Length": "711",
        "Content-Security-Policy": "default-src 'self'",
        "Content-Type": "application/json; charset=utf-8",
        "Strict-Transport-Security": "max-age=31536000; includeSubDomains",
        "X-Content-Type-Options": "nosniff",
        "X-Frame-Options": "SAMEORIGIN",
        "x-ms-keyvault-network-info": "conn_type=Ipv4;addr=131.107.1.201;act_addr_fam=Ipv4;",
        "x-ms-keyvault-region": "uksouth",
        "x-ms-request-id": "471463c4-0739-11ef-a729-000d3a7e9db2",
        "x-ms-server-latency": "136"
      },
      "ResponseBody": {
        "attributes": {
          "created": 1714512805,
          "enabled": true,
          "exportable": false,
          "recoverableDays": 7,
          "recoveryLevel": "CustomizedRecoverable+Purgeable",
          "updated": 1714512805
        },
        "key": {
          "e": "AQAB",
          "key_ops": [
            "wrapKey",
            "sign",
            "verify",
            "encrypt",
            "decrypt",
            "unwrapKey"
          ],
          "kid": "https://fakemhsm.local/keys/listkeyversions3188646711/4f33b7ec39ef0ac51b7f171bb6b09603",
          "kty": "RSA-HSM",
          "n": "2vyzUYECUQoROpkoz4-B92aaxqXh8J8UMHGjBE5NQCERM6YZa3CD1hGWy3I1R3ypO8S0zbBeJqFZXwpgrtdzcW1DGOugDQe0W8dr5vb2azE2zSX5EMbdVEgHjNuLUOoc36Fu_taCTGgzA5OjWTK2TsbNkPWcjZcY0P_UDuEFtoVZZ55pr_fF4-wyENmd1ej3d9a6dPgST2uMusF0aKE5X1ARmp0XF6dgQ9lf3uzYEWl_3nVsawQ4r_hMitsKZD7KB0hpEEUGwpd55SKPPuG1b8cKfFoQxZsjrkP1FDdeKA8xSCYEZw7ezw-z8EUpET1T0TpoZc1OHqLv6Hw3l8UMNw"
        }
      }
    },
    {
      "RequestUri": "https://fakemhsm.local/keys/listkeyversions3188646711/create?api-version=7.6-preview.1",
      "RequestMethod": "POST",
      "RequestHeaders": {
        "Accept": "application/json",
        "Accept-Encoding": "gzip",
        "Authorization": "Sanitized",
        "Content-Length": "13",
        "Content-Type": "application/json",
        "User-Agent": "azsdk-go-azkeys/v1.1.1 (go1.19.3; linux)"
      },
      "RequestBody": {
        "kty": "RSA"
      },
      "StatusCode": 200,
      "ResponseHeaders": {
        "Cache-Control": "no-cache",
        "Content-Length": "711",
        "Content-Security-Policy": "default-src 'self'",
        "Content-Type": "application/json; charset=utf-8",
        "Strict-Transport-Security": "max-age=31536000; includeSubDomains",
        "X-Content-Type-Options": "nosniff",
        "X-Frame-Options": "SAMEORIGIN",
        "x-ms-keyvault-network-info": "conn_type=Ipv4;addr=131.107.1.201;act_addr_fam=Ipv4;",
        "x-ms-keyvault-region": "uksouth",
        "x-ms-request-id": "4740fdb2-0739-11ef-a729-000d3a7e9db2",
        "x-ms-server-latency": "100"
      },
      "ResponseBody": {
        "attributes": {
          "created": 1714512806,
          "enabled": true,
          "exportable": false,
          "recoverableDays": 7,
          "recoveryLevel": "CustomizedRecoverable+Purgeable",
          "updated": 1714512806
        },
        "key": {
          "e": "AQAB",
          "key_ops": [
            "wrapKey",
            "sign",
            "verify",
            "encrypt",
            "decrypt",
            "unwrapKey"
          ],
          "kid": "https://fakemhsm.local/keys/listkeyversions3188646711/3ea5cb1053cb4744151f903943f943d0",
          "kty": "RSA-HSM",
          "n": "s9Uc18G5by54Rr3Jr_xHMi1Atl0QcvgdcHmkZwg5hBCLRrTh2swC3Z6e4S_09iVuHaV2aQ2hv2z2PvJBljHA8Qd5ZtL6fiTTpxrUZOCOkbVAPuCXHS8pV0pKs06qwSmN2aF2jdj_B86lV4X6fpP9sYtLT_kQV9QKnEP7Nb4vs3RXA4gsmOQmPW2BfzRklpb2IajHPeRk0KvJW88n45xjKg9kG-jL5QQHOvsfJnuhatntZTPcxXkngozFR_Jto1im3P4GO4TPcjJH9GxC55NiAL5kOoQUqQbv5Hsza4Ce7VFCVbXIwUE4uQZLX8ZhRMMNWLhpAR8IZvkPiYGyYy8bLQ"
        }
      }
    },
    {
      "RequestUri": "https://fakemhsm.local/keys/listkeyversions3188646711/create?api-version=7.6-preview.1",
      "RequestMethod": "POST",
      "RequestHeaders": {
        "Accept": "application/json",
        "Accept-Encoding": "gzip",
        "Authorization": "Sanitized",
        "Content-Length": "13",
        "Content-Type": "application/json",
        "User-Agent": "azsdk-go-azkeys/v1.1.1 (go1.19.3; linux)"
      },
      "RequestBody": {
        "kty": "RSA"
      },
      "StatusCode": 200,
      "ResponseHeaders": {
        "Cache-Control": "no-cache",
        "Content-Length": "711",
        "Content-Security-Policy": "default-src 'self'",
        "Content-Type": "application/json; charset=utf-8",
        "Strict-Transport-Security": "max-age=31536000; includeSubDomains",
        "X-Content-Type-Options": "nosniff",
        "X-Frame-Options": "SAMEORIGIN",
        "x-ms-keyvault-network-info": "conn_type=Ipv4;addr=131.107.1.201;act_addr_fam=Ipv4;",
        "x-ms-keyvault-region": "uksouth",
        "x-ms-request-id": "476818ac-0739-11ef-a729-000d3a7e9db2",
        "x-ms-server-latency": "105"
      },
      "ResponseBody": {
        "attributes": {
          "created": 1714512806,
          "enabled": true,
          "exportable": false,
          "recoverableDays": 7,
          "recoveryLevel": "CustomizedRecoverable+Purgeable",
          "updated": 1714512806
        },
        "key": {
          "e": "AQAB",
          "key_ops": [
            "wrapKey",
            "sign",
            "verify",
            "encrypt",
            "decrypt",
            "unwrapKey"
          ],
          "kid": "https://fakemhsm.local/keys/listkeyversions3188646711/fd875821ec2943c78262258ea6a9b85a",
          "kty": "RSA-HSM",
          "n": "iqEBfGpA1HyA318UXVCeb_xDsj87ivjewVbxmn_E3pvQ437DlQM8WanRiUdLDOHJteHjiYbpYQqNXkeHTWM8rwhNFJBucsm6wKI2PL2gwvXZLG9IZRZueu7vqFxyXxTsfH13R3NE294Ev4LWeSjIilrW5TBMT4qwq1jTzRRTd2eqgDTFdTldyKE2l-sEt6iTXEh5LWGsTAGLwsuHrp4XWX5U8d_JolPLVCjvQmogjqDtlStkBVaVqmSMHXaYzeoOhBnlKOy2haXk0GeRmGMXhtxV9M-OHAoJroLu3f13UJslC7Z2RAZIjQzBxp8O-k78wOuQpU7NcXT6uM7QZV7q6Q"
        }
      }
    },
    {
      "RequestUri": "https://fakemhsm.local/keys/listkeyversions3188646711/versions?api-version=7.6-preview.1",
      "RequestMethod": "GET",
      "RequestHeaders": {
        "Accept": "application/json",
        "Accept-Encoding": "gzip",
        "Authorization": "Sanitized",
        "User-Agent": "azsdk-go-azkeys/v1.1.1 (go1.19.3; linux)"
      },
      "RequestBody": null,
      "StatusCode": 200,
      "ResponseHeaders": {
        "Cache-Control": "no-cache",
        "Content-Length": "1043",
        "Content-Security-Policy": "default-src 'self'",
        "Content-Type": "application/json; charset=utf-8",
        "Strict-Transport-Security": "max-age=31536000; includeSubDomains",
        "X-Content-Type-Options": "nosniff",
        "X-Frame-Options": "SAMEORIGIN",
        "x-ms-build-version": "1.0.20240409-1-59392ba8-develop",
        "x-ms-keyvault-network-info": "conn_type=Ipv4;addr=131.107.1.201;act_addr_fam=Ipv4;",
        "x-ms-keyvault-region": "uksouth",
        "x-ms-request-id": "478fae12-0739-11ef-a729-000d3a7e9db2",
        "x-ms-server-latency": "11"
      },
      "ResponseBody": {
        "value": [
          {
            "attributes": {
              "created": 1714512805,
              "enabled": true,
              "exportable": false,
              "recoverableDays": 7,
              "recoveryLevel": "CustomizedRecoverable+Purgeable",
              "updated": 1714512805
            },
            "kid": "https://fakemhsm.local/keys/listkeyversions3188646711/9511e4ac56934ad513287a1596e9727d"
          },
          {
            "attributes": {
              "created": 1714512805,
              "enabled": true,
              "exportable": false,
              "recoverableDays": 7,
              "recoveryLevel": "CustomizedRecoverable+Purgeable",
              "updated": 1714512805
            },
            "kid": "https://fakemhsm.local/keys/listkeyversions3188646711/4f33b7ec39ef0ac51b7f171bb6b09603"
          },
          {
            "attributes": {
              "created": 1714512806,
              "enabled": true,
              "exportable": false,
              "recoverableDays": 7,
              "recoveryLevel": "CustomizedRecoverable+Purgeable",
              "updated": 1714512806
            },
            "kid": "https://fakemhsm.local/keys/listkeyversions3188646711/3ea5cb1053cb4744151f903943f943d0"
          },
          {
            "attributes": {
              "created": 1714512806,
              "enabled": true,
              "exportable": false,
              "recoverableDays": 7,
              "recoveryLevel": "CustomizedRecoverable+Purgeable",
              "updated": 1714512806
            },
            "kid": "https://fakemhsm.local/keys/listkeyversions3188646711/fd875821ec2943c78262258ea6a9b85a"
          }
        ]
      }
    },
    {
      "RequestUri": "https://fakemhsm.local/keys/listkeyversions3188646711?api-version=7.6-preview.1",
      "RequestMethod": "DELETE",
      "RequestHeaders": {
        "Accept": "application/json",
        "Accept-Encoding": "gzip",
        "Authorization": "Sanitized",
        "User-Agent": "azsdk-go-azkeys/v1.1.1 (go1.19.3; linux)"
      },
      "RequestBody": null,
      "StatusCode": 200,
      "ResponseHeaders": {
        "Cache-Control": "no-cache",
        "Content-Length": "844",
        "Content-Security-Policy": "default-src 'self'",
        "Content-Type": "application/json; charset=utf-8",
        "Strict-Transport-Security": "max-age=31536000; includeSubDomains",
        "X-Content-Type-Options": "nosniff",
        "X-Frame-Options": "SAMEORIGIN",
        "x-ms-keyvault-network-info": "conn_type=Ipv4;addr=131.107.1.201;act_addr_fam=Ipv4;",
        "x-ms-keyvault-region": "uksouth",
        "x-ms-request-id": "47a9318e-0739-11ef-a729-000d3a7e9db2",
        "x-ms-server-latency": "30"
      },
      "ResponseBody": {
        "attributes": {
          "created": 1714512806,
          "enabled": true,
          "exportable": false,
          "recoverableDays": 7,
          "recoveryLevel": "CustomizedRecoverable+Purgeable",
          "updated": 1714512806
        },
        "deletedDate": 1714512806,
        "key": {
          "e": "AQAB",
          "key_ops": [
            "wrapKey",
            "sign",
            "verify",
            "encrypt",
            "decrypt",
            "unwrapKey"
          ],
          "kid": "https://fakemhsm.local/keys/listkeyversions3188646711/fd875821ec2943c78262258ea6a9b85a",
          "kty": "RSA-HSM",
          "n": "iqEBfGpA1HyA318UXVCeb_xDsj87ivjewVbxmn_E3pvQ437DlQM8WanRiUdLDOHJteHjiYbpYQqNXkeHTWM8rwhNFJBucsm6wKI2PL2gwvXZLG9IZRZueu7vqFxyXxTsfH13R3NE294Ev4LWeSjIilrW5TBMT4qwq1jTzRRTd2eqgDTFdTldyKE2l-sEt6iTXEh5LWGsTAGLwsuHrp4XWX5U8d_JolPLVCjvQmogjqDtlStkBVaVqmSMHXaYzeoOhBnlKOy2haXk0GeRmGMXhtxV9M-OHAoJroLu3f13UJslC7Z2RAZIjQzBxp8O-k78wOuQpU7NcXT6uM7QZV7q6Q"
        },
        "recoveryId": "https://fakemhsm.local/deletedkeys/listkeyversions3188646711",
        "scheduledPurgeDate": 1715117606
      }
    }
  ],
  "Variables": {}
}
