{
  "Entries": [
    {
      "RequestUri": "https://Sanitized.services.ai.azure.com/api/projects/sanitized-project-name/connections?api-version=2025-05-15-preview",
      "RequestMethod": "GET",
      "RequestHeaders": {
        "Accept": "application/json",
        "Accept-Encoding": "gzip, deflate",
        "User-Agent": "azsdk-python-ai-projects/1.1.0b1 Python/3.12.10 (Windows-11-10.0.26100-SP0)"
      },
      "RequestBody": null,
      "StatusCode": 200,
      "ResponseHeaders": {
        "apim-request-id": "c4fb20a7-7af3-4c2a-ba93-d29319265de6",
        "azureml-served-by-cluster": "vienna-eastus-01",
        "Content-Encoding": "gzip",
        "Content-Type": "application/json; charset=utf-8",
        "Date": "Thu, 31 Jul 2025 20:24:01 GMT",
        "Request-Context": "appId=cid-v1:2d2e8e63-272e-4b3c-8598-4ee570a0e70d",
        "Strict-Transport-Security": "max-age=31536000; includeSubDomains; preload",
        "Transfer-Encoding": "chunked",
        "Vary": "Accept-Encoding",
        "X-Content-Type-Options": "nosniff",
        "x-ms-region": "East US",
        "x-ms-response-type": "standard",
        "x-request-time": "0.059"
      },
      "ResponseBody": {
        "value": [
          {
            "name": "connection1",
            "id": "/subscriptions/00000000-0000-0000-0000-000000000000/resourceGroups/sanitized-resource-group-name/providers/Microsoft.CognitiveServices/accounts/sanitized-account-name/projects/sanitized-project-name/connections/connection1",
            "type": "AzureOpenAI",
            "target": "https://oai-legacy-resource.openai.azure.com/",
            "isDefault": true,
            "credentials": {
              "type": "ApiKey"
            },
            "metadata": {
              "ApiType": "Azure",
              "Location": "eastus",
              "ResourceId": "/subscriptions/00000000-0000-0000-0000-000000000000/resourceGroups/sanitized-resource-group-name/providers/Microsoft.CognitiveServices/accounts/sanitized-account-name",
              "ApiVersion": "2023-07-01-preview",
              "DeploymentApiVersion": "2023-10-01-preview"
            }
          },
          {
            "name": "connection1-app-insights",
            "id": "/subscriptions/00000000-0000-0000-0000-000000000000/resourceGroups/sanitized-resource-group-name/providers/Microsoft.CognitiveServices/accounts/sanitized-account-name/projects/sanitized-project-name/connections/connection1-app-insights",
            "type": "AppInsights",
            "target": "/subscriptions/00000000-0000-0000-0000-000000000000/resourceGroups/sanitized-resource-group-name/providers/microsoft.insights/components/sanitized-component-name",
            "isDefault": true,
            "credentials": {
              "type": "ApiKey"
            },
            "metadata": {
              "ApiType": "Azure",
              "Location": "eastus",
              "ResourceId": "/subscriptions/00000000-0000-0000-0000-000000000000/resourceGroups/sanitized-resource-group-name/providers/Microsoft.CognitiveServices/accounts/sanitized-account-name"
            }
          },
          {
            "name": "connection1-byo-storage",
            "id": "/subscriptions/00000000-0000-0000-0000-000000000000/resourceGroups/sanitized-resource-group-name/providers/Microsoft.CognitiveServices/accounts/sanitized-account-name/projects/sanitized-project-name/connections/connection1-byo-storage",
            "type": "AzureStorageAccount",
            "target": "_",
            "isDefault": true,
            "credentials": {
              "type": "AAD"
            },
            "metadata": {
              "ApiType": "Azure",
              "Location": "eastus",
              "ContainerName": "1dptestcontainer",
              "AccountName": "balapvbyostoragecanary",
              "ResourceId": "/subscriptions/00000000-0000-0000-0000-000000000000/resourceGroups/sanitized-resource-group-name/providers/Microsoft.CognitiveServices/accounts/sanitized-account-name"
            }
          },
          {
            "name": "balapvbinggroundingresponses",
            "id": "/subscriptions/00000000-0000-0000-0000-000000000000/resourceGroups/sanitized-resource-group-name/providers/Microsoft.CognitiveServices/accounts/sanitized-account-name/projects/sanitized-project-name/connections/balapvbinggroundingresponses",
            "type": "ApiKey",
            "target": "https://api.bing.microsoft.com/",
            "isDefault": true,
            "credentials": {
              "type": "ApiKey"
            },
            "metadata": {
              "type": "bing_grounding",
              "ApiType": "Azure",
              "ResourceId": "/subscriptions/00000000-0000-0000-0000-000000000000/resourceGroups/sanitized-resource-group-name/providers/Microsoft.Bing/accounts/sanitized-account-name"
            }
          },
          {
            "name": "balapvbyostoragecanary",
            "id": "/subscriptions/00000000-0000-0000-0000-000000000000/resourceGroups/sanitized-resource-group-name/providers/Microsoft.CognitiveServices/accounts/sanitized-account-name/projects/sanitized-project-name/connections/balapvbyostoragecanary",
            "type": "AzureStorageAccount",
            "target": "_",
            "isDefault": false,
            "credentials": {
              "type": "AAD"
            },
            "metadata": {
              "ApiType": "Azure",
              "ResourceId": "/subscriptions/00000000-0000-0000-0000-000000000000/resourceGroups/sanitized-resource-group-name/providers/Microsoft.Storage/storageAccounts/balapvbyostoragecanary"
            }
          },
          {
            "name": "balapv1dpprodaccount1",
            "id": "/subscriptions/00000000-0000-0000-0000-000000000000/resourceGroups/sanitized-resource-group-name/providers/Microsoft.CognitiveServices/accounts/sanitized-account-name/projects/sanitized-project-name/connections/balapv1dpprodaccount1",
            "type": "AIServices",
            "target": "https://balapv-1dp-prod-account1.cognitiveservices.azure.com/",
            "isDefault": true,
            "credentials": {
              "type": "ApiKey"
            },
            "metadata": {
              "ApiType": "Azure",
              "ResourceId": "/subscriptions/00000000-0000-0000-0000-000000000000/resourceGroups/sanitized-resource-group-name/providers/Microsoft.CognitiveServices/accounts/sanitized-account-name",
              "Location": "eastus"
            }
          },
          {
            "name": "balap-md68h9fu-norwayeast",
            "id": "/subscriptions/00000000-0000-0000-0000-000000000000/resourceGroups/sanitized-resource-group-name/providers/Microsoft.CognitiveServices/accounts/sanitized-account-name/projects/sanitized-project-name/connections/balap-md68h9fu-norwayeast",
            "type": "AIServices",
            "target": "https://balap-md68h9fu-norwayeast.cognitiveservices.azure.com/",
            "isDefault": false,
            "credentials": {
              "type": "ApiKey"
            },
            "metadata": {
              "ApiType": "Azure",
              "ResourceId": "/subscriptions/00000000-0000-0000-0000-000000000000/resourceGroups/sanitized-resource-group-name/providers/Microsoft.CognitiveServices/accounts/sanitized-account-name",
              "Location": "norwayeast"
            }
          },
          {
            "name": "connection2",
            "id": "/subscriptions/00000000-0000-0000-0000-000000000000/resourceGroups/sanitized-resource-group-name/providers/Microsoft.CognitiveServices/accounts/sanitized-account-name/projects/sanitized-project-name/connections/connection2",
            "type": "AzureOpenAI",
            "target": "https://oai-legacy-resource.openai.azure.com/",
            "isDefault": false,
            "credentials": {
              "type": "AAD"
            },
            "metadata": {
              "ApiType": "Azure",
              "ResourceId": "/subscriptions/00000000-0000-0000-0000-000000000000/resourceGroups/sanitized-resource-group-name/providers/Microsoft.CognitiveServices/accounts/sanitized-account-name",
              "Location": "eastus2",
              "ApiVersion": "2023-07-01-preview",
              "DeploymentApiVersion": "2023-10-01-preview"
            }
          }
        ]
      }
    },
    {
      "RequestUri": "https://Sanitized.services.ai.azure.com/api/projects/sanitized-project-name/connections?api-version=2025-05-15-preview&connectionType=AzureOpenAI",
      "RequestMethod": "GET",
      "RequestHeaders": {
        "Accept": "application/json",
        "Accept-Encoding": "gzip, deflate",
        "User-Agent": "azsdk-python-ai-projects/1.1.0b1 Python/3.12.10 (Windows-11-10.0.26100-SP0)"
      },
      "RequestBody": null,
      "StatusCode": 200,
      "ResponseHeaders": {
        "apim-request-id": "c8c20f11-03bf-40b2-9e48-b282dbf726f8",
        "azureml-served-by-cluster": "vienna-eastus-01",
        "Content-Encoding": "gzip",
        "Content-Type": "application/json; charset=utf-8",
        "Date": "Thu, 31 Jul 2025 20:24:01 GMT",
        "Request-Context": "appId=cid-v1:2d2e8e63-272e-4b3c-8598-4ee570a0e70d",
        "Strict-Transport-Security": "max-age=31536000; includeSubDomains; preload",
        "Transfer-Encoding": "chunked",
        "Vary": "Accept-Encoding",
        "X-Content-Type-Options": "nosniff",
        "x-ms-region": "East US",
        "x-ms-response-type": "standard",
        "x-request-time": "0.085"
      },
      "ResponseBody": {
        "value": [
          {
            "name": "connection1",
            "id": "/subscriptions/00000000-0000-0000-0000-000000000000/resourceGroups/sanitized-resource-group-name/providers/Microsoft.CognitiveServices/accounts/sanitized-account-name/projects/sanitized-project-name/connections/connection1",
            "type": "AzureOpenAI",
            "target": "https://oai-legacy-resource.openai.azure.com/",
            "isDefault": true,
            "credentials": {
              "type": "ApiKey"
            },
            "metadata": {
              "ApiType": "Azure",
              "Location": "eastus",
              "ResourceId": "/subscriptions/00000000-0000-0000-0000-000000000000/resourceGroups/sanitized-resource-group-name/providers/Microsoft.CognitiveServices/accounts/sanitized-account-name",
              "ApiVersion": "2023-07-01-preview",
              "DeploymentApiVersion": "2023-10-01-preview"
            }
          },
          {
            "name": "connection2",
            "id": "/subscriptions/00000000-0000-0000-0000-000000000000/resourceGroups/sanitized-resource-group-name/providers/Microsoft.CognitiveServices/accounts/sanitized-account-name/projects/sanitized-project-name/connections/connection2",
            "type": "AzureOpenAI",
            "target": "https://oai-legacy-resource.openai.azure.com/",
            "isDefault": false,
            "credentials": {
              "type": "AAD"
            },
            "metadata": {
              "ApiType": "Azure",
              "ResourceId": "/subscriptions/00000000-0000-0000-0000-000000000000/resourceGroups/sanitized-resource-group-name/providers/Microsoft.CognitiveServices/accounts/sanitized-account-name",
              "Location": "eastus2",
              "ApiVersion": "2023-07-01-preview",
              "DeploymentApiVersion": "2023-10-01-preview"
            }
          }
        ]
      }
    },
    {
      "RequestUri": "https://Sanitized.services.ai.azure.com/api/projects/sanitized-project-name/connections?api-version=2025-05-15-preview&connectionType=AzureOpenAI&defaultConnection=true",
      "RequestMethod": "GET",
      "RequestHeaders": {
        "Accept": "application/json",
        "Accept-Encoding": "gzip, deflate",
        "User-Agent": "azsdk-python-ai-projects/1.1.0b1 Python/3.12.10 (Windows-11-10.0.26100-SP0)"
      },
      "RequestBody": null,
      "StatusCode": 200,
      "ResponseHeaders": {
        "apim-request-id": "858b64ba-dea9-4c22-93bd-7f986dd20d80",
        "azureml-served-by-cluster": "vienna-eastus-01",
        "Content-Encoding": "gzip",
        "Content-Type": "application/json; charset=utf-8",
        "Date": "Thu, 31 Jul 2025 20:24:02 GMT",
        "Request-Context": "appId=cid-v1:2d2e8e63-272e-4b3c-8598-4ee570a0e70d",
        "Strict-Transport-Security": "max-age=31536000; includeSubDomains; preload",
        "Transfer-Encoding": "chunked",
        "Vary": "Accept-Encoding",
        "X-Content-Type-Options": "nosniff",
        "x-ms-region": "East US",
        "x-ms-response-type": "standard",
        "x-request-time": "0.048"
      },
      "ResponseBody": {
        "value": [
          {
            "name": "connection1",
            "id": "/subscriptions/00000000-0000-0000-0000-000000000000/resourceGroups/sanitized-resource-group-name/providers/Microsoft.CognitiveServices/accounts/sanitized-account-name/projects/sanitized-project-name/connections/connection1",
            "type": "AzureOpenAI",
            "target": "https://oai-legacy-resource.openai.azure.com/",
            "isDefault": true,
            "credentials": {
              "type": "ApiKey"
            },
            "metadata": {
              "ApiType": "Azure",
              "Location": "eastus",
              "ResourceId": "/subscriptions/00000000-0000-0000-0000-000000000000/resourceGroups/sanitized-resource-group-name/providers/Microsoft.CognitiveServices/accounts/sanitized-account-name",
              "ApiVersion": "2023-07-01-preview",
              "DeploymentApiVersion": "2023-10-01-preview"
            }
          }
        ]
      }
    },
    {
      "RequestUri": "https://Sanitized.services.ai.azure.com/api/projects/sanitized-project-name/connections?api-version=2025-05-15-preview&connectionType=AzureOpenAI&defaultConnection=true",
      "RequestMethod": "GET",
      "RequestHeaders": {
        "Accept": "application/json",
        "Accept-Encoding": "gzip, deflate",
        "User-Agent": "azsdk-python-ai-projects/1.1.0b1 Python/3.12.10 (Windows-11-10.0.26100-SP0)"
      },
      "RequestBody": null,
      "StatusCode": 200,
      "ResponseHeaders": {
        "apim-request-id": "f110fb23-b2fe-49c5-9a2e-19ee82f4cc47",
        "azureml-served-by-cluster": "vienna-eastus-01",
        "Content-Encoding": "gzip",
        "Content-Type": "application/json; charset=utf-8",
        "Date": "Thu, 31 Jul 2025 20:24:02 GMT",
        "Request-Context": "appId=cid-v1:2d2e8e63-272e-4b3c-8598-4ee570a0e70d",
        "Strict-Transport-Security": "max-age=31536000; includeSubDomains; preload",
        "Transfer-Encoding": "chunked",
        "Vary": "Accept-Encoding",
        "X-Content-Type-Options": "nosniff",
        "x-ms-region": "East US",
        "x-ms-response-type": "standard",
        "x-request-time": "0.046"
      },
      "ResponseBody": {
        "value": [
          {
            "name": "connection1",
            "id": "/subscriptions/00000000-0000-0000-0000-000000000000/resourceGroups/sanitized-resource-group-name/providers/Microsoft.CognitiveServices/accounts/sanitized-account-name/projects/sanitized-project-name/connections/connection1",
            "type": "AzureOpenAI",
            "target": "https://oai-legacy-resource.openai.azure.com/",
            "isDefault": true,
            "credentials": {
              "type": "ApiKey"
            },
            "metadata": {
              "ApiType": "Azure",
              "Location": "eastus",
              "ResourceId": "/subscriptions/00000000-0000-0000-0000-000000000000/resourceGroups/sanitized-resource-group-name/providers/Microsoft.CognitiveServices/accounts/sanitized-account-name",
              "ApiVersion": "2023-07-01-preview",
              "DeploymentApiVersion": "2023-10-01-preview"
            }
          }
        ]
      }
    },
    {
      "RequestUri": "https://Sanitized.services.ai.azure.com/api/projects/sanitized-project-name/connections/connection1/getConnectionWithCredentials?api-version=2025-05-15-preview",
      "RequestMethod": "POST",
      "RequestHeaders": {
        "Accept": "application/json",
        "Accept-Encoding": "gzip, deflate",
        "Content-Length": "0",
        "User-Agent": "azsdk-python-ai-projects/1.1.0b1 Python/3.12.10 (Windows-11-10.0.26100-SP0)"
      },
      "RequestBody": null,
      "StatusCode": 200,
      "ResponseHeaders": {
        "apim-request-id": "743ed56b-9224-47b8-b857-9ec313f4223b",
        "azureml-served-by-cluster": "vienna-eastus-01",
        "Content-Encoding": "gzip",
        "Content-Type": "application/json; charset=utf-8",
        "Date": "Thu, 31 Jul 2025 20:24:02 GMT",
        "Request-Context": "appId=cid-v1:2d2e8e63-272e-4b3c-8598-4ee570a0e70d",
        "Strict-Transport-Security": "max-age=31536000; includeSubDomains; preload",
        "Transfer-Encoding": "chunked",
        "Vary": "Accept-Encoding",
        "X-Content-Type-Options": "nosniff",
        "x-ms-region": "East US",
        "x-ms-response-type": "standard",
        "x-request-time": "0.103"
      },
      "ResponseBody": {
        "name": "connection1",
        "id": "/subscriptions/00000000-0000-0000-0000-000000000000/resourceGroups/sanitized-resource-group-name/providers/Microsoft.CognitiveServices/accounts/sanitized-account-name/projects/sanitized-project-name/connections/connection1",
        "type": "AzureOpenAI",
        "target": "https://oai-legacy-resource.openai.azure.com/",
        "isDefault": true,
        "credentials": {
          "key": "Sanitized-api-key",
          "type": "ApiKey"
        },
        "metadata": {
          "ApiType": "Azure",
          "Location": "eastus",
          "ResourceId": "/subscriptions/00000000-0000-0000-0000-000000000000/resourceGroups/sanitized-resource-group-name/providers/Microsoft.CognitiveServices/accounts/sanitized-account-name",
          "ApiVersion": "2023-07-01-preview",
          "DeploymentApiVersion": "2023-10-01-preview"
        }
      }
    },
    {
      "RequestUri": "https://Sanitized.services.ai.azure.com/api/projects/sanitized-project-name/connections/connection1?api-version=2025-05-15-preview",
      "RequestMethod": "GET",
      "RequestHeaders": {
        "Accept": "application/json",
        "Accept-Encoding": "gzip, deflate",
        "User-Agent": "azsdk-python-ai-projects/1.1.0b1 Python/3.12.10 (Windows-11-10.0.26100-SP0)"
      },
      "RequestBody": null,
      "StatusCode": 200,
      "ResponseHeaders": {
        "apim-request-id": "f3a7d753-cca8-477a-8bc7-0bce7fff8b61",
        "azureml-served-by-cluster": "vienna-eastus-01",
        "Content-Encoding": "gzip",
        "Content-Type": "application/json; charset=utf-8",
        "Date": "Thu, 31 Jul 2025 20:24:02 GMT",
        "Request-Context": "appId=cid-v1:2d2e8e63-272e-4b3c-8598-4ee570a0e70d",
        "Strict-Transport-Security": "max-age=31536000; includeSubDomains; preload",
        "Transfer-Encoding": "chunked",
        "Vary": "Accept-Encoding",
        "X-Content-Type-Options": "nosniff",
        "x-ms-region": "East US",
        "x-ms-response-type": "standard",
        "x-request-time": "0.060"
      },
      "ResponseBody": {
        "name": "connection1",
        "id": "/subscriptions/00000000-0000-0000-0000-000000000000/resourceGroups/sanitized-resource-group-name/providers/Microsoft.CognitiveServices/accounts/sanitized-account-name/projects/sanitized-project-name/connections/connection1",
        "type": "AzureOpenAI",
        "target": "https://oai-legacy-resource.openai.azure.com/",
        "isDefault": true,
        "credentials": {
          "type": "ApiKey"
        },
        "metadata": {
          "ApiType": "Azure",
          "Location": "eastus",
          "ResourceId": "/subscriptions/00000000-0000-0000-0000-000000000000/resourceGroups/sanitized-resource-group-name/providers/Microsoft.CognitiveServices/accounts/sanitized-account-name",
          "ApiVersion": "2023-07-01-preview",
          "DeploymentApiVersion": "2023-10-01-preview"
        }
      }
    },
    {
      "RequestUri": "https://Sanitized.services.ai.azure.com/api/projects/sanitized-project-name/connections/connection1/getConnectionWithCredentials?api-version=2025-05-15-preview",
      "RequestMethod": "POST",
      "RequestHeaders": {
        "Accept": "application/json",
        "Accept-Encoding": "gzip, deflate",
        "Content-Length": "0",
        "User-Agent": "azsdk-python-ai-projects/1.1.0b1 Python/3.12.10 (Windows-11-10.0.26100-SP0)"
      },
      "RequestBody": null,
      "StatusCode": 200,
      "ResponseHeaders": {
        "apim-request-id": "ad33baa9-4a69-46be-af68-5d350c80e944",
        "azureml-served-by-cluster": "vienna-eastus-01",
        "Content-Encoding": "gzip",
        "Content-Type": "application/json; charset=utf-8",
        "Date": "Thu, 31 Jul 2025 20:24:03 GMT",
        "Request-Context": "appId=cid-v1:2d2e8e63-272e-4b3c-8598-4ee570a0e70d",
        "Strict-Transport-Security": "max-age=31536000; includeSubDomains; preload",
        "Transfer-Encoding": "chunked",
        "Vary": "Accept-Encoding",
        "X-Content-Type-Options": "nosniff",
        "x-ms-region": "East US",
        "x-ms-response-type": "standard",
        "x-request-time": "0.417"
      },
      "ResponseBody": {
        "name": "connection1",
        "id": "/subscriptions/00000000-0000-0000-0000-000000000000/resourceGroups/sanitized-resource-group-name/providers/Microsoft.CognitiveServices/accounts/sanitized-account-name/projects/sanitized-project-name/connections/connection1",
        "type": "AzureOpenAI",
        "target": "https://oai-legacy-resource.openai.azure.com/",
        "isDefault": true,
        "credentials": {
          "key": "Sanitized-api-key",
          "type": "ApiKey"
        },
        "metadata": {
          "ApiType": "Azure",
          "Location": "eastus",
          "ResourceId": "/subscriptions/00000000-0000-0000-0000-000000000000/resourceGroups/sanitized-resource-group-name/providers/Microsoft.CognitiveServices/accounts/sanitized-account-name",
          "ApiVersion": "2023-07-01-preview",
          "DeploymentApiVersion": "2023-10-01-preview"
        }
      }
    }
  ],
  "Variables": {}
}
