{
  "Entries": [
    {
      "RequestUri": "https://Sanitized.services.ai.azure.com/api/projects/sanitized-project-name/connections?api-version=2025-05-15-preview",
      "RequestMethod": "GET",
      "RequestHeaders": {
        "Accept": "application/json",
        "Accept-Encoding": "gzip, deflate",
        "User-Agent": "azsdk-python-ai-projects/1.0.0b12 Python/3.12.10 (Windows-11-10.0.26100-SP0)"
      },
      "RequestBody": null,
      "StatusCode": 200,
      "ResponseHeaders": {
        "apim-request-id": "afd71ba1-d0b0-46a9-aebf-931619dba523",
        "azureml-served-by-cluster": "vienna-eastus-02",
        "Content-Encoding": "gzip",
        "Content-Type": "application/json; charset=utf-8",
        "Date": "Wed, 04 Jun 2025 20:07:11 GMT",
        "Request-Context": "appId=cid-v1:2d2e8e63-272e-4b3c-8598-4ee570a0e70d",
        "Strict-Transport-Security": "max-age=31536000; includeSubDomains; preload",
        "Transfer-Encoding": "chunked",
        "Vary": "Accept-Encoding",
        "X-Content-Type-Options": "nosniff",
        "x-ms-region": "East US",
        "x-ms-response-type": "standard",
        "x-request-time": "0.048"
      },
      "ResponseBody": {
        "value": [
          {
            "name": "connection1",
            "id": "/subscriptions/00000000-0000-0000-0000-000000000000/resourceGroups/sanitized-resource-group-name/providers/Microsoft.CognitiveServices/accounts/sanitized-account-name/projects/sanitized-project-name/connections/connection1",
            "type": "AzureOpenAI",
            "target": "https://oai-legacy-resource.openai.azure.com/",
            "isDefault": true,
            "credentials": {
              "type": "ApiKey"
            },
            "metadata": {
              "ApiType": "Azure",
              "Location": "eastus",
              "ResourceId": "/subscriptions/00000000-0000-0000-0000-000000000000/resourceGroups/sanitized-resource-group-name/providers/Microsoft.CognitiveServices/accounts/sanitized-account-name",
              "ApiVersion": "2023-07-01-preview",
              "DeploymentApiVersion": "2023-10-01-preview"
            }
          },
          {
            "name": "connection1-app-insights",
            "id": "/subscriptions/00000000-0000-0000-0000-000000000000/resourceGroups/sanitized-resource-group-name/providers/Microsoft.CognitiveServices/accounts/sanitized-account-name/projects/sanitized-project-name/connections/connection1-app-insights",
            "type": "AppInsights",
            "target": "/subscriptions/00000000-0000-0000-0000-000000000000/resourceGroups/sanitized-resource-group-name/providers/microsoft.insights/components/sanitized-component-name",
            "isDefault": true,
            "credentials": {
              "type": "ApiKey"
            },
            "metadata": {
              "ApiType": "Azure",
              "Location": "eastus",
              "ResourceId": "/subscriptions/00000000-0000-0000-0000-000000000000/resourceGroups/sanitized-resource-group-name/providers/Microsoft.CognitiveServices/accounts/sanitized-account-name"
            }
          },
          {
            "name": "connection1-byo-storage",
            "id": "/subscriptions/00000000-0000-0000-0000-000000000000/resourceGroups/sanitized-resource-group-name/providers/Microsoft.CognitiveServices/accounts/sanitized-account-name/projects/sanitized-project-name/connections/connection1-byo-storage",
            "type": "AzureStorageAccount",
            "target": "_",
            "isDefault": true,
            "credentials": {
              "type": "AAD"
            },
            "metadata": {
              "ApiType": "Azure",
              "Location": "eastus",
              "ContainerName": "1dptestcontainer",
              "AccountName": "balapvbyostoragecanary",
              "ResourceId": "/subscriptions/00000000-0000-0000-0000-000000000000/resourceGroups/sanitized-resource-group-name/providers/Microsoft.CognitiveServices/accounts/sanitized-account-name"
            }
          },
          {
            "name": "balapvbinggroundingresponses",
            "id": "/subscriptions/00000000-0000-0000-0000-000000000000/resourceGroups/sanitized-resource-group-name/providers/Microsoft.CognitiveServices/accounts/sanitized-account-name/projects/sanitized-project-name/connections/balapvbinggroundingresponses",
            "type": "ApiKey",
            "target": "https://api.bing.microsoft.com/",
            "isDefault": true,
            "credentials": {
              "type": "ApiKey"
            },
            "metadata": {
              "type": "bing_grounding",
              "ApiType": "Azure",
              "ResourceId": "/subscriptions/00000000-0000-0000-0000-000000000000/resourceGroups/sanitized-resource-group-name/providers/Microsoft.Bing/accounts/sanitized-account-name"
            }
          },
          {
            "name": "balapvbyostoragecanary",
            "id": "/subscriptions/00000000-0000-0000-0000-000000000000/resourceGroups/sanitized-resource-group-name/providers/Microsoft.CognitiveServices/accounts/sanitized-account-name/projects/sanitized-project-name/connections/balapvbyostoragecanary",
            "type": "AzureStorageAccount",
            "target": "_",
            "isDefault": false,
            "credentials": {
              "type": "AAD"
            },
            "metadata": {
              "ApiType": "Azure",
              "ResourceId": "/subscriptions/00000000-0000-0000-0000-000000000000/resourceGroups/sanitized-resource-group-name/providers/Microsoft.Storage/storageAccounts/balapvbyostoragecanary"
            }
          }
        ]
      }
    },
    {
      "RequestUri": "https://Sanitized.services.ai.azure.com/api/projects/sanitized-project-name/connections?api-version=2025-05-15-preview&connectionType=AzureOpenAI",
      "RequestMethod": "GET",
      "RequestHeaders": {
        "Accept": "application/json",
        "Accept-Encoding": "gzip, deflate",
        "User-Agent": "azsdk-python-ai-projects/1.0.0b12 Python/3.12.10 (Windows-11-10.0.26100-SP0)"
      },
      "RequestBody": null,
      "StatusCode": 200,
      "ResponseHeaders": {
        "apim-request-id": "c3a9f8a2-8878-4864-8267-51cf2f82d7ff",
        "azureml-served-by-cluster": "vienna-eastus-02",
        "Content-Encoding": "gzip",
        "Content-Type": "application/json; charset=utf-8",
        "Date": "Wed, 04 Jun 2025 20:07:11 GMT",
        "Request-Context": "appId=cid-v1:2d2e8e63-272e-4b3c-8598-4ee570a0e70d",
        "Strict-Transport-Security": "max-age=31536000; includeSubDomains; preload",
        "Transfer-Encoding": "chunked",
        "Vary": "Accept-Encoding",
        "X-Content-Type-Options": "nosniff",
        "x-ms-region": "East US",
        "x-ms-response-type": "standard",
        "x-request-time": "0.034"
      },
      "ResponseBody": {
        "value": [
          {
            "name": "connection1",
            "id": "/subscriptions/00000000-0000-0000-0000-000000000000/resourceGroups/sanitized-resource-group-name/providers/Microsoft.CognitiveServices/accounts/sanitized-account-name/projects/sanitized-project-name/connections/connection1",
            "type": "AzureOpenAI",
            "target": "https://oai-legacy-resource.openai.azure.com/",
            "isDefault": true,
            "credentials": {
              "type": "ApiKey"
            },
            "metadata": {
              "ApiType": "Azure",
              "Location": "eastus",
              "ResourceId": "/subscriptions/00000000-0000-0000-0000-000000000000/resourceGroups/sanitized-resource-group-name/providers/Microsoft.CognitiveServices/accounts/sanitized-account-name",
              "ApiVersion": "2023-07-01-preview",
              "DeploymentApiVersion": "2023-10-01-preview"
            }
          }
        ]
      }
    },
    {
      "RequestUri": "https://Sanitized.services.ai.azure.com/api/projects/sanitized-project-name/connections?api-version=2025-05-15-preview&connectionType=AzureOpenAI&defaultConnection=true",
      "RequestMethod": "GET",
      "RequestHeaders": {
        "Accept": "application/json",
        "Accept-Encoding": "gzip, deflate",
        "User-Agent": "azsdk-python-ai-projects/1.0.0b12 Python/3.12.10 (Windows-11-10.0.26100-SP0)"
      },
      "RequestBody": null,
      "StatusCode": 200,
      "ResponseHeaders": {
        "apim-request-id": "5430a934-9a30-48fe-bb14-0945fd2445e3",
        "azureml-served-by-cluster": "vienna-eastus-02",
        "Content-Encoding": "gzip",
        "Content-Type": "application/json; charset=utf-8",
        "Date": "Wed, 04 Jun 2025 20:07:11 GMT",
        "Request-Context": "appId=cid-v1:2d2e8e63-272e-4b3c-8598-4ee570a0e70d",
        "Strict-Transport-Security": "max-age=31536000; includeSubDomains; preload",
        "Transfer-Encoding": "chunked",
        "Vary": "Accept-Encoding",
        "X-Content-Type-Options": "nosniff",
        "x-ms-region": "East US",
        "x-ms-response-type": "standard",
        "x-request-time": "0.040"
      },
      "ResponseBody": {
        "value": [
          {
            "name": "connection1",
            "id": "/subscriptions/00000000-0000-0000-0000-000000000000/resourceGroups/sanitized-resource-group-name/providers/Microsoft.CognitiveServices/accounts/sanitized-account-name/projects/sanitized-project-name/connections/connection1",
            "type": "AzureOpenAI",
            "target": "https://oai-legacy-resource.openai.azure.com/",
            "isDefault": true,
            "credentials": {
              "type": "ApiKey"
            },
            "metadata": {
              "ApiType": "Azure",
              "Location": "eastus",
              "ResourceId": "/subscriptions/00000000-0000-0000-0000-000000000000/resourceGroups/sanitized-resource-group-name/providers/Microsoft.CognitiveServices/accounts/sanitized-account-name",
              "ApiVersion": "2023-07-01-preview",
              "DeploymentApiVersion": "2023-10-01-preview"
            }
          }
        ]
      }
    },
    {
      "RequestUri": "https://Sanitized.services.ai.azure.com/api/projects/sanitized-project-name/connections?api-version=2025-05-15-preview&connectionType=AzureOpenAI&defaultConnection=true",
      "RequestMethod": "GET",
      "RequestHeaders": {
        "Accept": "application/json",
        "Accept-Encoding": "gzip, deflate",
        "User-Agent": "azsdk-python-ai-projects/1.0.0b12 Python/3.12.10 (Windows-11-10.0.26100-SP0)"
      },
      "RequestBody": null,
      "StatusCode": 200,
      "ResponseHeaders": {
        "apim-request-id": "968e9b1f-7e79-436c-aa9e-a97025e526d4",
        "azureml-served-by-cluster": "vienna-eastus-02",
        "Content-Encoding": "gzip",
        "Content-Type": "application/json; charset=utf-8",
        "Date": "Wed, 04 Jun 2025 20:07:11 GMT",
        "Request-Context": "appId=cid-v1:2d2e8e63-272e-4b3c-8598-4ee570a0e70d",
        "Strict-Transport-Security": "max-age=31536000; includeSubDomains; preload",
        "Transfer-Encoding": "chunked",
        "Vary": "Accept-Encoding",
        "X-Content-Type-Options": "nosniff",
        "x-ms-region": "East US",
        "x-ms-response-type": "standard",
        "x-request-time": "0.046"
      },
      "ResponseBody": {
        "value": [
          {
            "name": "connection1",
            "id": "/subscriptions/00000000-0000-0000-0000-000000000000/resourceGroups/sanitized-resource-group-name/providers/Microsoft.CognitiveServices/accounts/sanitized-account-name/projects/sanitized-project-name/connections/connection1",
            "type": "AzureOpenAI",
            "target": "https://oai-legacy-resource.openai.azure.com/",
            "isDefault": true,
            "credentials": {
              "type": "ApiKey"
            },
            "metadata": {
              "ApiType": "Azure",
              "Location": "eastus",
              "ResourceId": "/subscriptions/00000000-0000-0000-0000-000000000000/resourceGroups/sanitized-resource-group-name/providers/Microsoft.CognitiveServices/accounts/sanitized-account-name",
              "ApiVersion": "2023-07-01-preview",
              "DeploymentApiVersion": "2023-10-01-preview"
            }
          }
        ]
      }
    },
    {
      "RequestUri": "https://Sanitized.services.ai.azure.com/api/projects/sanitized-project-name/connections/connection1/getConnectionWithCredentials?api-version=2025-05-15-preview",
      "RequestMethod": "POST",
      "RequestHeaders": {
        "Accept": "application/json",
        "Accept-Encoding": "gzip, deflate",
        "Content-Length": "0",
        "User-Agent": "azsdk-python-ai-projects/1.0.0b12 Python/3.12.10 (Windows-11-10.0.26100-SP0)"
      },
      "RequestBody": null,
      "StatusCode": 200,
      "ResponseHeaders": {
        "apim-request-id": "232842d1-783e-48e8-ae79-db3f4e87510b",
        "azureml-served-by-cluster": "vienna-eastus-02",
        "Content-Encoding": "gzip",
        "Content-Type": "application/json; charset=utf-8",
        "Date": "Wed, 04 Jun 2025 20:07:11 GMT",
        "Request-Context": "appId=cid-v1:2d2e8e63-272e-4b3c-8598-4ee570a0e70d",
        "Strict-Transport-Security": "max-age=31536000; includeSubDomains; preload",
        "Transfer-Encoding": "chunked",
        "Vary": "Accept-Encoding",
        "X-Content-Type-Options": "nosniff",
        "x-ms-region": "East US",
        "x-ms-response-type": "standard",
        "x-request-time": "0.098"
      },
      "ResponseBody": {
        "name": "connection1",
        "id": "/subscriptions/00000000-0000-0000-0000-000000000000/resourceGroups/sanitized-resource-group-name/providers/Microsoft.CognitiveServices/accounts/sanitized-account-name/projects/sanitized-project-name/connections/connection1",
        "type": "AzureOpenAI",
        "target": "https://oai-legacy-resource.openai.azure.com/",
        "isDefault": true,
        "credentials": {
          "key": "9ykyQ7SzAMYsggyjUFwJ9PzQH1xff0WcLTm85rs8NWsfMCUcZGKvJQQJ99BDACHYHv6XJ3w3AAABACOGU5tp",
          "type": "ApiKey"
        },
        "metadata": {
          "ApiType": "Azure",
          "Location": "eastus",
          "ResourceId": "/subscriptions/00000000-0000-0000-0000-000000000000/resourceGroups/sanitized-resource-group-name/providers/Microsoft.CognitiveServices/accounts/sanitized-account-name",
          "ApiVersion": "2023-07-01-preview",
          "DeploymentApiVersion": "2023-10-01-preview"
        }
      }
    },
    {
      "RequestUri": "https://Sanitized.services.ai.azure.com/api/projects/sanitized-project-name/connections/connection1?api-version=2025-05-15-preview",
      "RequestMethod": "GET",
      "RequestHeaders": {
        "Accept": "application/json",
        "Accept-Encoding": "gzip, deflate",
        "User-Agent": "azsdk-python-ai-projects/1.0.0b12 Python/3.12.10 (Windows-11-10.0.26100-SP0)"
      },
      "RequestBody": null,
      "StatusCode": 200,
      "ResponseHeaders": {
        "apim-request-id": "51a7352f-27d6-4e56-8e56-64d511e0001c",
        "azureml-served-by-cluster": "vienna-eastus-02",
        "Content-Encoding": "gzip",
        "Content-Type": "application/json; charset=utf-8",
        "Date": "Wed, 04 Jun 2025 20:07:12 GMT",
        "Request-Context": "appId=cid-v1:2d2e8e63-272e-4b3c-8598-4ee570a0e70d",
        "Strict-Transport-Security": "max-age=31536000; includeSubDomains; preload",
        "Transfer-Encoding": "chunked",
        "Vary": "Accept-Encoding",
        "X-Content-Type-Options": "nosniff",
        "x-ms-region": "East US",
        "x-ms-response-type": "standard",
        "x-request-time": "0.067"
      },
      "ResponseBody": {
        "name": "connection1",
        "id": "/subscriptions/00000000-0000-0000-0000-000000000000/resourceGroups/sanitized-resource-group-name/providers/Microsoft.CognitiveServices/accounts/sanitized-account-name/projects/sanitized-project-name/connections/connection1",
        "type": "AzureOpenAI",
        "target": "https://oai-legacy-resource.openai.azure.com/",
        "isDefault": true,
        "credentials": {
          "type": "ApiKey"
        },
        "metadata": {
          "ApiType": "Azure",
          "Location": "eastus",
          "ResourceId": "/subscriptions/00000000-0000-0000-0000-000000000000/resourceGroups/sanitized-resource-group-name/providers/Microsoft.CognitiveServices/accounts/sanitized-account-name",
          "ApiVersion": "2023-07-01-preview",
          "DeploymentApiVersion": "2023-10-01-preview"
        }
      }
    },
    {
      "RequestUri": "https://Sanitized.services.ai.azure.com/api/projects/sanitized-project-name/connections/connection1/getConnectionWithCredentials?api-version=2025-05-15-preview",
      "RequestMethod": "POST",
      "RequestHeaders": {
        "Accept": "application/json",
        "Accept-Encoding": "gzip, deflate",
        "Content-Length": "0",
        "User-Agent": "azsdk-python-ai-projects/1.0.0b12 Python/3.12.10 (Windows-11-10.0.26100-SP0)"
      },
      "RequestBody": null,
      "StatusCode": 200,
      "ResponseHeaders": {
        "apim-request-id": "227b04f5-8345-4ed1-995e-91ba9d6f9b99",
        "azureml-served-by-cluster": "vienna-eastus-02",
        "Content-Encoding": "gzip",
        "Content-Type": "application/json; charset=utf-8",
        "Date": "Wed, 04 Jun 2025 20:07:12 GMT",
        "Request-Context": "appId=cid-v1:2d2e8e63-272e-4b3c-8598-4ee570a0e70d",
        "Strict-Transport-Security": "max-age=31536000; includeSubDomains; preload",
        "Transfer-Encoding": "chunked",
        "Vary": "Accept-Encoding",
        "X-Content-Type-Options": "nosniff",
        "x-ms-region": "East US",
        "x-ms-response-type": "standard",
        "x-request-time": "0.115"
      },
      "ResponseBody": {
        "name": "connection1",
        "id": "/subscriptions/00000000-0000-0000-0000-000000000000/resourceGroups/sanitized-resource-group-name/providers/Microsoft.CognitiveServices/accounts/sanitized-account-name/projects/sanitized-project-name/connections/connection1",
        "type": "AzureOpenAI",
        "target": "https://oai-legacy-resource.openai.azure.com/",
        "isDefault": true,
        "credentials": {
          "key": "9ykyQ7SzAMYsggyjUFwJ9PzQH1xff0WcLTm85rs8NWsfMCUcZGKvJQQJ99BDACHYHv6XJ3w3AAABACOGU5tp",
          "type": "ApiKey"
        },
        "metadata": {
          "ApiType": "Azure",
          "Location": "eastus",
          "ResourceId": "/subscriptions/00000000-0000-0000-0000-000000000000/resourceGroups/sanitized-resource-group-name/providers/Microsoft.CognitiveServices/accounts/sanitized-account-name",
          "ApiVersion": "2023-07-01-preview",
          "DeploymentApiVersion": "2023-10-01-preview"
        }
      }
    }
  ],
  "Variables": {}
}
