{
  "Entries": [
    {
      "RequestUri": "https://sanitized.communication.azure.com/rooms?api-version=2023-06-14",
      "RequestMethod": "POST",
      "RequestHeaders": {
        "Accept": "application/json",
        "Authorization": "Sanitized",
        "Content-Length": "2",
        "Content-Type": "application/json",
        "Repeatability-First-Sent": "Tue, 02 Jan 2024 09:41:35 GMT",
        "Repeatability-Request-ID": "f388fea6-2621-420d-b4f6-3cea093b8f78",
        "traceparent": "00-b6dbc862b94891a6cfa4c010933a523c-54114e54fd8ce724-00",
        "User-Agent": "azsdk-net-Communication.Rooms/1.1.0-alpha.20240102.1 (.NET 7.0.14; Microsoft Windows 10.0.22621)",
        "x-ms-client-request-id": "024d056a2c4f510624ca06d6dfd7e8d0",
        "x-ms-content-sha256": "Sanitized",
        "x-ms-date": "Tue, 02 Jan 2024 09:41:35 GMT",
        "x-ms-return-client-request-id": "true"
      },
      "RequestBody": {},
      "StatusCode": 201,
      "ResponseHeaders": {
        "api-deprecated-versions": "2021-04-07, 2022-02-01",
        "api-supported-versions": "2023-03-31-preview, 2023-06-14, 2023-10-30-preview",
        "Connection": "keep-alive",
        "Content-Type": "application/json; charset=utf-8",
        "Date": "Tue, 02 Jan 2024 09:41:36 GMT",
        "Location": "99478039097401787",
        "MS-CV": "WWB1t42doki6m4b80uxk5Q.0",
        "Repeatability-Result": "accepted",
        "Request-Context": "appId=",
        "Transfer-Encoding": "chunked",
        "x-azure-ref": "20240102T094136Z-y5d1fenswd3310bqfk31fz2ubg00000001dg00000000a3f1",
        "X-Cache": "CONFIG_NOCACHE"
      },
      "ResponseBody": {
        "id": "99478039097401787",
        "createdAt": "2024-01-02T09:41:36.3231391\u002B00:00",
        "validFrom": "2024-01-02T09:41:36.1806425\u002B00:00",
        "validUntil": "2024-06-30T09:41:36.1806425\u002B00:00"
      }
    },
    {
      "RequestUri": "https://sanitized.communication.azure.com/rooms/Sanitized?api-version=2023-06-14",
      "RequestMethod": "DELETE",
      "RequestHeaders": {
        "Accept": "application/json",
        "Authorization": "Sanitized",
        "traceparent": "00-fe6bd4b63f87d23a641bac77ef4ef73b-feb6405238d34963-00",
        "User-Agent": "azsdk-net-Communication.Rooms/1.1.0-alpha.20240102.1 (.NET 7.0.14; Microsoft Windows 10.0.22621)",
        "x-ms-client-request-id": "0839037cde6e15f8f6ebe82cc84aff8e",
        "x-ms-content-sha256": "Sanitized",
        "x-ms-date": "Tue, 02 Jan 2024 09:41:36 GMT",
        "x-ms-return-client-request-id": "true"
      },
      "RequestBody": null,
      "StatusCode": 204,
      "ResponseHeaders": {
        "api-deprecated-versions": "2021-04-07, 2022-02-01",
        "api-supported-versions": "2023-03-31-preview, 2023-06-14, 2023-10-30-preview",
        "Connection": "keep-alive",
        "Date": "Tue, 02 Jan 2024 09:41:36 GMT",
        "MS-CV": "8va6TMKYo0aWKF2ysN4lQg.0",
        "Request-Context": "appId=",
        "x-azure-ref": "20240102T094136Z-y5d1fenswd3310bqfk31fz2ubg00000001dg00000000a3gy",
        "X-Cache": "CONFIG_NOCACHE"
      },
      "ResponseBody": null
    },
    {
      "RequestUri": "https://sanitized.communication.azure.com/rooms/Sanitized?api-version=2023-06-14",
      "RequestMethod": "GET",
      "RequestHeaders": {
        "Accept": "application/json",
        "Authorization": "Sanitized",
        "traceparent": "00-a7c33d6414a131562d12487b43e55127-7227ae867231c588-00",
        "User-Agent": "azsdk-net-Communication.Rooms/1.1.0-alpha.20240102.1 (.NET 7.0.14; Microsoft Windows 10.0.22621)",
        "x-ms-client-request-id": "1dd333f644697ad26599eddf12b958c3",
        "x-ms-content-sha256": "Sanitized",
        "x-ms-date": "Tue, 02 Jan 2024 09:41:36 GMT",
        "x-ms-return-client-request-id": "true"
      },
      "RequestBody": null,
      "StatusCode": 404,
      "ResponseHeaders": {
        "api-deprecated-versions": "2021-04-07, 2022-02-01",
        "api-supported-versions": "2023-03-31-preview, 2023-06-14, 2023-10-30-preview",
        "Connection": "keep-alive",
        "Content-Type": "application/json; charset=utf-8",
        "Date": "Tue, 02 Jan 2024 09:41:37 GMT",
        "MS-CV": "edhlrwoH20qKHe1f4Jq\u002BEA.0",
        "Request-Context": "appId=",
        "Transfer-Encoding": "chunked",
        "x-azure-ref": "20240102T094136Z-y5d1fenswd3310bqfk31fz2ubg00000001dg00000000a3kn",
        "X-Cache": "CONFIG_NOCACHE",
        "x-ms-error-code": "NotFound"
      },
      "ResponseBody": {
        "error": {
          "code": "NotFound",
          "message": "The server cannot find the requested resource."
        }
      }
    }
  ],
  "Variables": {
    "COMMUNICATION_CONNECTION_STRING_ROOMS": "endpoint=https://rooms-ppe-eastus.unitedstates.ppe.communication.azure.net/;accesskey=Kg==",
    "RandomSeed": "1937549907"
  }
}
