{
  "Entries": [
    {
      "RequestUri": "https://sanitized.communication.azure.com/rooms?api-version=2023-06-14",
      "RequestMethod": "POST",
      "RequestHeaders": {
        "Accept": "application/json",
        "Authorization": "Sanitized",
        "Content-Length": "2",
        "Content-Type": "application/json",
        "Repeatability-First-Sent": "Tue, 19 Sep 2023 23:01:04 GMT",
        "Repeatability-Request-ID": "78bbd370-cf6c-4cca-aa5b-ec7bb2b7d19a",
        "traceparent": "00-bb5ad6eb164ee8392f5f56e7969d80f3-edcbea6c07fc1485-00",
        "User-Agent": "azsdk-net-Communication.Rooms/1.1.0-alpha.20230919.1 (.NET 7.0.11; Microsoft Windows 10.0.22621)",
        "x-ms-client-request-id": "e05cb716fb8e88926c668246cb6a66df",
        "x-ms-content-sha256": "Sanitized",
        "x-ms-date": "Tue, 19 Sep 2023 23:01:04 GMT",
        "x-ms-return-client-request-id": "true"
      },
      "RequestBody": {},
      "StatusCode": 201,
      "ResponseHeaders": {
        "api-deprecated-versions": "2021-04-07, 2022-02-01",
        "api-supported-versions": "2023-03-31-preview, 2023-06-14, 2023-10-30-preview",
        "Content-Type": "application/json; charset=utf-8",
        "Date": "Tue, 19 Sep 2023 23:01:04 GMT",
        "Location": "99463266594963722",
        "MS-CV": "KayPjYfuoUG2jqpA8dXjGQ.0",
        "Repeatability-Result": "accepted",
        "Request-Context": "appId=",
        "Transfer-Encoding": "chunked",
        "X-Azure-Ref": "0MCgKZQAAAACLkH0NEqrWRZdZ6rho7u5sWVZSMzExMDAwMTE1MDQ5AGYwOWE0YzEzLTIxZjEtNDhlYy05Y2Y3LTY2NTQ1Njg0YjY0Mg==",
        "X-Cache": "CONFIG_NOCACHE"
      },
      "ResponseBody": {
        "id": "99463266594963722",
        "createdAt": "2023-09-19T23:01:05.1773607\u002B00:00",
        "validFrom": "2023-09-19T23:01:05.0975417\u002B00:00",
        "validUntil": "2024-03-17T23:01:05.0975417\u002B00:00"
      }
    },
    {
      "RequestUri": "https://sanitized.communication.azure.com/identities?api-version=2021-03-07",
      "RequestMethod": "POST",
      "RequestHeaders": {
        "Accept": "application/json",
        "Authorization": "Sanitized",
        "Content-Length": "2",
        "Content-Type": "application/json",
        "traceparent": "00-77181b797de8cd1c254d58bf16b4e318-dabfff37511cf5d8-00",
        "User-Agent": "azsdk-net-Communication.Identity/1.3.0-alpha.20230919.1 (.NET 7.0.11; Microsoft Windows 10.0.22621)",
        "x-ms-client-request-id": "8a730ad825c6dad1ffc4fd2b8684fef4",
        "x-ms-content-sha256": "Sanitized",
        "x-ms-date": "Tue, 19 Sep 2023 23:01:04 GMT",
        "x-ms-return-client-request-id": "true"
      },
      "RequestBody": {},
      "StatusCode": 201,
      "ResponseHeaders": {
        "api-supported-versions": "2020-07-20-preview2, 2021-02-22-preview1, 2021-03-07, 2021-10-31-preview, 2021-11-01, 2022-06-01, 2022-10-01, 2023-08-01, 2023-10-01",
        "Content-Length": "101",
        "Content-Type": "application/json; charset=utf-8",
        "Date": "Tue, 19 Sep 2023 23:01:04 GMT",
        "MS-CV": "idzNGDVA70idocw\u002BXKNacw.0",
        "Request-Context": "appId=",
        "Strict-Transport-Security": "max-age=2592000",
        "X-Azure-Ref": "0MSgKZQAAAAC/pd7oeegdRYmhdqckJ3RKWVZSMzExMDAwMTE1MDQ5AGYwOWE0YzEzLTIxZjEtNDhlYy05Y2Y3LTY2NTQ1Njg0YjY0Mg==",
        "X-Cache": "CONFIG_NOCACHE",
        "x-ms-client-request-id": "8a730ad825c6dad1ffc4fd2b8684fef4",
        "X-Processing-Time": "16ms"
      },
      "ResponseBody": {
        "identity": {
          "id": "8:acs:8b1e6004-98fe-4e87-80c1-56087ffec93b_0000001b-4f8e-a4a7-1985-094822003e11"
        }
      }
    },
    {
      "RequestUri": "https://sanitized.communication.azure.com/rooms/Sanitized/participants?api-version=2023-06-14",
      "RequestMethod": "PATCH",
      "RequestHeaders": {
        "Accept": "application/json",
        "Authorization": "Sanitized",
        "Content-Length": "105",
        "Content-Type": "application/merge-patch\u002Bjson",
        "traceparent": "00-c2d940f2f81bbb51e1531d5b35cbd029-5e90c42ddad12a2d-00",
        "User-Agent": "azsdk-net-Communication.Rooms/1.1.0-alpha.20230919.1 (.NET 7.0.11; Microsoft Windows 10.0.22621)",
        "x-ms-client-request-id": "f96bb7e51a26ef615c7a065a593b44b1",
        "x-ms-content-sha256": "Sanitized",
        "x-ms-date": "Tue, 19 Sep 2023 23:01:04 GMT",
        "x-ms-return-client-request-id": "true"
      },
      "RequestBody": {
        "participants": {
          "8:acs:8b1e6004-98fe-4e87-80c1-56087ffec93b_0000001b-4f8e-a4a7-1985-094822003e11": null
        }
      },
      "StatusCode": 200,
      "ResponseHeaders": {
        "api-deprecated-versions": "2022-02-01",
        "api-supported-versions": "2023-03-31-preview, 2023-06-14, 2023-10-30-preview",
        "Content-Type": "application/json; charset=utf-8",
        "Date": "Tue, 19 Sep 2023 23:01:05 GMT",
        "MS-CV": "FttkJOpl90mz8/gKXf94zA.0",
        "Request-Context": "appId=",
        "Transfer-Encoding": "chunked",
        "X-Azure-Ref": "0MSgKZQAAAABaFv6CovVRQKNjfL7gkRatWVZSMzExMDAwMTE1MDQ5AGYwOWE0YzEzLTIxZjEtNDhlYy05Y2Y3LTY2NTQ1Njg0YjY0Mg==",
        "X-Cache": "CONFIG_NOCACHE"
      },
      "ResponseBody": {}
    },
    {
      "RequestUri": "https://sanitized.communication.azure.com/rooms/Sanitized/participants?api-version=2023-06-14",
      "RequestMethod": "GET",
      "RequestHeaders": {
        "Accept": "application/json",
        "Authorization": "Sanitized",
        "traceparent": "00-ffdf515ceb4b6758fa02f1dad351cfa3-13c1fdd92cfd68d6-00",
        "User-Agent": "azsdk-net-Communication.Rooms/1.1.0-alpha.20230919.1 (.NET 7.0.11; Microsoft Windows 10.0.22621)",
        "x-ms-client-request-id": "3aa11b712087f0e3e681e1cafe6702e8",
        "x-ms-content-sha256": "Sanitized",
        "x-ms-date": "Tue, 19 Sep 2023 23:01:05 GMT",
        "x-ms-return-client-request-id": "true"
      },
      "RequestBody": null,
      "StatusCode": 200,
      "ResponseHeaders": {
        "api-deprecated-versions": "2022-02-01",
        "api-supported-versions": "2023-03-31-preview, 2023-06-14, 2023-10-30-preview",
        "Content-Type": "application/json; charset=utf-8",
        "Date": "Tue, 19 Sep 2023 23:01:05 GMT",
        "MS-CV": "BBppmS\u002BT6kqqElU5gbB\u002BbQ.0",
        "Request-Context": "appId=",
        "Transfer-Encoding": "chunked",
        "X-Azure-Ref": "0MSgKZQAAAADJBAN4Da30QK8uofMgiWc8WVZSMzExMDAwMTE1MDQ5AGYwOWE0YzEzLTIxZjEtNDhlYy05Y2Y3LTY2NTQ1Njg0YjY0Mg==",
        "X-Cache": "CONFIG_NOCACHE"
      },
      "ResponseBody": {
        "value": []
      }
    }
  ],
  "Variables": {
    "COMMUNICATION_CONNECTION_STRING_ROOMS": "endpoint=https://rooms-ppe-eastus.ppe.communication.azure.net/;accesskey=Kg==",
    "RandomSeed": "911698198"
  }
}
