{
  "Entries": [
    {
      "RequestUri": "https://sanitized.communication.azure.com/identities?api-version=2021-03-07",
      "RequestMethod": "POST",
      "RequestHeaders": {
        "Accept": "application/json",
        "Authorization": "Sanitized",
        "Content-Length": "2",
        "Content-Type": "application/json",
        "traceparent": "00-933ce81931d8d1bc635b33f1c9a3ed5a-335e53039c66676b-00",
        "User-Agent": "azsdk-net-Communication.Identity/1.3.0-alpha.20230920.1 (.NET 7.0.11; Microsoft Windows 10.0.22621)",
        "x-ms-client-request-id": "7d5d1dfc723b95849dee6dea7145676d",
        "x-ms-content-sha256": "Sanitized",
        "x-ms-date": "Thu, 21 Sep 2023 00:43:11 GMT",
        "x-ms-return-client-request-id": "true"
      },
      "RequestBody": {},
      "StatusCode": 201,
      "ResponseHeaders": {
        "api-supported-versions": "2020-07-20-preview2, 2021-02-22-preview1, 2021-03-07, 2021-10-31-preview, 2021-11-01, 2022-06-01, 2022-10-01, 2023-08-01, 2023-10-01",
        "Content-Length": "101",
        "Content-Type": "application/json; charset=utf-8",
        "Date": "Thu, 21 Sep 2023 00:43:11 GMT",
        "MS-CV": "pxhlLhJwUEuG\u002BH0GW2Rvhw.0",
        "Request-Context": "appId=",
        "Strict-Transport-Security": "max-age=2592000",
        "X-Azure-Ref": "0n5ELZQAAAABKp1n0/ghXR5Ut3/PSQnMKWVZSMzExMDAwMTE1MDI1AGYwOWE0YzEzLTIxZjEtNDhlYy05Y2Y3LTY2NTQ1Njg0YjY0Mg==",
        "X-Cache": "CONFIG_NOCACHE",
        "x-ms-client-request-id": "7d5d1dfc723b95849dee6dea7145676d",
        "X-Processing-Time": "13ms"
      },
      "ResponseBody": {
        "identity": {
          "id": "8:acs:8b1e6004-98fe-4e87-80c1-56087ffec93b_0000001b-5512-7cf8-b688-09482200b7a1"
        }
      }
    },
    {
      "RequestUri": "https://sanitized.communication.azure.com/identities?api-version=2021-03-07",
      "RequestMethod": "POST",
      "RequestHeaders": {
        "Accept": "application/json",
        "Authorization": "Sanitized",
        "Content-Length": "2",
        "Content-Type": "application/json",
        "traceparent": "00-fc35f92310a90895058c1681594608d6-9c9795ab72d79df8-00",
        "User-Agent": "azsdk-net-Communication.Identity/1.3.0-alpha.20230920.1 (.NET 7.0.11; Microsoft Windows 10.0.22621)",
        "x-ms-client-request-id": "0eb30b3717d00f0d582818fde002b989",
        "x-ms-content-sha256": "Sanitized",
        "x-ms-date": "Thu, 21 Sep 2023 00:43:11 GMT",
        "x-ms-return-client-request-id": "true"
      },
      "RequestBody": {},
      "StatusCode": 201,
      "ResponseHeaders": {
        "api-supported-versions": "2020-07-20-preview2, 2021-02-22-preview1, 2021-03-07, 2021-10-31-preview, 2021-11-01, 2022-06-01, 2022-10-01, 2023-08-01, 2023-10-01",
        "Content-Length": "101",
        "Content-Type": "application/json; charset=utf-8",
        "Date": "Thu, 21 Sep 2023 00:43:11 GMT",
        "MS-CV": "21hUEM7TLUetsR3ufPLA5Q.0",
        "Request-Context": "appId=",
        "Strict-Transport-Security": "max-age=2592000",
        "X-Azure-Ref": "0oJELZQAAAAC/9GmaofqVR7MPnRciU\u002B0TWVZSMzExMDAwMTE1MDI1AGYwOWE0YzEzLTIxZjEtNDhlYy05Y2Y3LTY2NTQ1Njg0YjY0Mg==",
        "X-Cache": "CONFIG_NOCACHE",
        "x-ms-client-request-id": "0eb30b3717d00f0d582818fde002b989",
        "X-Processing-Time": "13ms"
      },
      "ResponseBody": {
        "identity": {
          "id": "8:acs:8b1e6004-98fe-4e87-80c1-56087ffec93b_0000001b-5512-7d24-b688-09482200b7a2"
        }
      }
    },
    {
      "RequestUri": "https://sanitized.communication.azure.com/identities?api-version=2021-03-07",
      "RequestMethod": "POST",
      "RequestHeaders": {
        "Accept": "application/json",
        "Authorization": "Sanitized",
        "Content-Length": "2",
        "Content-Type": "application/json",
        "traceparent": "00-ebc38b0eb6f717d34c3a11e065f949ea-98f82dee5991da7c-00",
        "User-Agent": "azsdk-net-Communication.Identity/1.3.0-alpha.20230920.1 (.NET 7.0.11; Microsoft Windows 10.0.22621)",
        "x-ms-client-request-id": "5ad8099d9fa6b24791d15dff3757ddc4",
        "x-ms-content-sha256": "Sanitized",
        "x-ms-date": "Thu, 21 Sep 2023 00:43:11 GMT",
        "x-ms-return-client-request-id": "true"
      },
      "RequestBody": {},
      "StatusCode": 201,
      "ResponseHeaders": {
        "api-supported-versions": "2020-07-20-preview2, 2021-02-22-preview1, 2021-03-07, 2021-10-31-preview, 2021-11-01, 2022-06-01, 2022-10-01, 2023-08-01, 2023-10-01",
        "Content-Length": "101",
        "Content-Type": "application/json; charset=utf-8",
        "Date": "Thu, 21 Sep 2023 00:43:11 GMT",
        "MS-CV": "Vo2Mm05710e7aoKTd7kvXw.0",
        "Request-Context": "appId=",
        "Strict-Transport-Security": "max-age=2592000",
        "X-Azure-Ref": "0oJELZQAAAABIS75IoVIUR5r71gh3pZqJWVZSMzExMDAwMTE1MDI1AGYwOWE0YzEzLTIxZjEtNDhlYy05Y2Y3LTY2NTQ1Njg0YjY0Mg==",
        "X-Cache": "CONFIG_NOCACHE",
        "x-ms-client-request-id": "5ad8099d9fa6b24791d15dff3757ddc4",
        "X-Processing-Time": "13ms"
      },
      "ResponseBody": {
        "identity": {
          "id": "8:acs:8b1e6004-98fe-4e87-80c1-56087ffec93b_0000001b-5512-7d4f-b688-09482200b7a3"
        }
      }
    },
    {
      "RequestUri": "https://sanitized.communication.azure.com/rooms?api-version=2023-06-14",
      "RequestMethod": "POST",
      "RequestHeaders": {
        "Accept": "application/json",
        "Authorization": "Sanitized",
        "Content-Length": "375",
        "Content-Type": "application/json",
        "Repeatability-First-Sent": "Thu, 21 Sep 2023 00:43:11 GMT",
        "Repeatability-Request-ID": "8a68628f-3039-4f63-92c2-14f8d92c26d4",
        "traceparent": "00-98ac3df6251731513972d76363843f6b-4f1ef996af8923fd-00",
        "User-Agent": "azsdk-net-Communication.Rooms/1.1.0-alpha.20230920.1 (.NET 7.0.11; Microsoft Windows 10.0.22621)",
        "x-ms-client-request-id": "129f78d466d6e451104d25125987b59b",
        "x-ms-content-sha256": "Sanitized",
        "x-ms-date": "Thu, 21 Sep 2023 00:43:11 GMT",
        "x-ms-return-client-request-id": "true"
      },
      "RequestBody": {
        "validFrom": "Sanitized",
        "validUntil": "Sanitized",
        "participants": {
          "8:acs:8b1e6004-98fe-4e87-80c1-56087ffec93b_0000001b-5512-7cf8-b688-09482200b7a1": {
            "role": "Presenter"
          },
          "8:acs:8b1e6004-98fe-4e87-80c1-56087ffec93b_0000001b-5512-7d24-b688-09482200b7a2": {
            "role": "Attendee"
          },
          "8:acs:8b1e6004-98fe-4e87-80c1-56087ffec93b_0000001b-5512-7d4f-b688-09482200b7a3": {
            "role": "Presenter"
          }
        }
      },
      "StatusCode": 201,
      "ResponseHeaders": {
        "api-deprecated-versions": "2021-04-07, 2022-02-01",
        "api-supported-versions": "2023-03-31-preview, 2023-06-14, 2023-10-30-preview",
        "Content-Type": "application/json; charset=utf-8",
        "Date": "Thu, 21 Sep 2023 00:43:11 GMT",
        "Location": "99481579019114167",
        "MS-CV": "Ck0w2arsAUy58rENyPK3UA.0",
        "Repeatability-Result": "accepted",
        "Request-Context": "appId=",
        "Transfer-Encoding": "chunked",
        "X-Azure-Ref": "0oJELZQAAAAAQL4LfMeC/SaDwg0r8eGxVWVZSMzExMDAwMTE1MDI1AGYwOWE0YzEzLTIxZjEtNDhlYy05Y2Y3LTY2NTQ1Njg0YjY0Mg==",
        "X-Cache": "CONFIG_NOCACHE"
      },
      "ResponseBody": {
        "id": "99481579019114167",
        "createdAt": "2023-09-21T00:43:12.316776\u002B00:00",
        "validFrom": "2023-09-21T00:43:11.9119397\u002B00:00",
        "validUntil": "2023-09-22T00:43:11.9119397\u002B00:00"
      }
    },
    {
      "RequestUri": "https://sanitized.communication.azure.com/rooms/Sanitized/participants?api-version=2023-06-14",
      "RequestMethod": "GET",
      "RequestHeaders": {
        "Accept": "application/json",
        "Authorization": "Sanitized",
        "traceparent": "00-8ff071e5d496d9aa8dfcbf8fc1de0dc1-212699110825b6dd-00",
        "User-Agent": "azsdk-net-Communication.Rooms/1.1.0-alpha.20230920.1 (.NET 7.0.11; Microsoft Windows 10.0.22621)",
        "x-ms-client-request-id": "684ce3350d6c98c7c3017cfeba0dd800",
        "x-ms-content-sha256": "Sanitized",
        "x-ms-date": "Thu, 21 Sep 2023 00:43:12 GMT",
        "x-ms-return-client-request-id": "true"
      },
      "RequestBody": null,
      "StatusCode": 200,
      "ResponseHeaders": {
        "api-deprecated-versions": "2022-02-01",
        "api-supported-versions": "2023-03-31-preview, 2023-06-14, 2023-10-30-preview",
        "Content-Type": "application/json; charset=utf-8",
        "Date": "Thu, 21 Sep 2023 00:43:12 GMT",
        "MS-CV": "oGY1soj\u002Bb0Ke4x\u002BtrTSDNw.0",
        "Request-Context": "appId=",
        "Transfer-Encoding": "chunked",
        "X-Azure-Ref": "0oJELZQAAAAAiDqXgZ77cRJSFiWeaR3iGWVZSMzExMDAwMTE1MDI1AGYwOWE0YzEzLTIxZjEtNDhlYy05Y2Y3LTY2NTQ1Njg0YjY0Mg==",
        "X-Cache": "CONFIG_NOCACHE"
      },
      "ResponseBody": {
        "value": [
          {
            "rawId": "8:acs:8b1e6004-98fe-4e87-80c1-56087ffec93b_0000001b-5512-7cf8-b688-09482200b7a1",
            "role": "Presenter"
          },
          {
            "rawId": "8:acs:8b1e6004-98fe-4e87-80c1-56087ffec93b_0000001b-5512-7d24-b688-09482200b7a2",
            "role": "Attendee"
          },
          {
            "rawId": "8:acs:8b1e6004-98fe-4e87-80c1-56087ffec93b_0000001b-5512-7d4f-b688-09482200b7a3",
            "role": "Presenter"
          }
        ]
      }
    },
    {
      "RequestUri": "https://sanitized.communication.azure.com/identities?api-version=2021-03-07",
      "RequestMethod": "POST",
      "RequestHeaders": {
        "Accept": "application/json",
        "Authorization": "Sanitized",
        "Content-Length": "2",
        "Content-Type": "application/json",
        "traceparent": "00-dfac6745abbd6fa18016817ad6d6e1cf-47592175dfa6c90d-00",
        "User-Agent": "azsdk-net-Communication.Identity/1.3.0-alpha.20230920.1 (.NET 7.0.11; Microsoft Windows 10.0.22621)",
        "x-ms-client-request-id": "6728544ba66236b3b7f44a587a34580a",
        "x-ms-content-sha256": "Sanitized",
        "x-ms-date": "Thu, 21 Sep 2023 00:43:12 GMT",
        "x-ms-return-client-request-id": "true"
      },
      "RequestBody": {},
      "StatusCode": 201,
      "ResponseHeaders": {
        "api-supported-versions": "2020-07-20-preview2, 2021-02-22-preview1, 2021-03-07, 2021-10-31-preview, 2021-11-01, 2022-06-01, 2022-10-01, 2023-08-01, 2023-10-01",
        "Content-Length": "101",
        "Content-Type": "application/json; charset=utf-8",
        "Date": "Thu, 21 Sep 2023 00:43:12 GMT",
        "MS-CV": "LVw1ToBcjkizhYO970UK7Q.0",
        "Request-Context": "appId=",
        "Strict-Transport-Security": "max-age=2592000",
        "X-Azure-Ref": "0oJELZQAAAAAGHUFLe/gOSZJr2WHlwrvSWVZSMzExMDAwMTE1MDI1AGYwOWE0YzEzLTIxZjEtNDhlYy05Y2Y3LTY2NTQ1Njg0YjY0Mg==",
        "X-Cache": "CONFIG_NOCACHE",
        "x-ms-client-request-id": "6728544ba66236b3b7f44a587a34580a",
        "X-Processing-Time": "14ms"
      },
      "ResponseBody": {
        "identity": {
          "id": "8:acs:8b1e6004-98fe-4e87-80c1-56087ffec93b_0000001b-5512-7fc8-b688-09482200b7a4"
        }
      }
    },
    {
      "RequestUri": "https://sanitized.communication.azure.com/rooms/Sanitized/participants?api-version=2023-06-14",
      "RequestMethod": "PATCH",
      "RequestHeaders": {
        "Accept": "application/json",
        "Authorization": "Sanitized",
        "Content-Length": "324",
        "Content-Type": "application/merge-patch\u002Bjson",
        "traceparent": "00-028a0ad8cd45295a1f4d156e4f1c3d3a-8616790cb59384e2-00",
        "User-Agent": "azsdk-net-Communication.Rooms/1.1.0-alpha.20230920.1 (.NET 7.0.11; Microsoft Windows 10.0.22621)",
        "x-ms-client-request-id": "53cac21c750ac757b1074ed4ea522a02",
        "x-ms-content-sha256": "Sanitized",
        "x-ms-date": "Thu, 21 Sep 2023 00:43:12 GMT",
        "x-ms-return-client-request-id": "true"
      },
      "RequestBody": {
        "participants": {
          "8:acs:8b1e6004-98fe-4e87-80c1-56087ffec93b_0000001b-5512-7cf8-b688-09482200b7a1": {
            "role": "Attendee"
          },
          "8:acs:8b1e6004-98fe-4e87-80c1-56087ffec93b_0000001b-5512-7d24-b688-09482200b7a2": {
            "role": "Consumer"
          },
          "8:acs:8b1e6004-98fe-4e87-80c1-56087ffec93b_0000001b-5512-7fc8-b688-09482200b7a4": {
            "role": "Attendee"
          }
        }
      },
      "StatusCode": 200,
      "ResponseHeaders": {
        "api-deprecated-versions": "2022-02-01",
        "api-supported-versions": "2023-03-31-preview, 2023-06-14, 2023-10-30-preview",
        "Content-Type": "application/json; charset=utf-8",
        "Date": "Thu, 21 Sep 2023 00:43:12 GMT",
        "MS-CV": "uYNIJ9UYGkG1f\u002BqI3eY1xw.0",
        "Request-Context": "appId=",
        "Transfer-Encoding": "chunked",
        "X-Azure-Ref": "0oJELZQAAAABKJ\u002BoBUOiTRrBJXOz/1hVQWVZSMzExMDAwMTE1MDI1AGYwOWE0YzEzLTIxZjEtNDhlYy05Y2Y3LTY2NTQ1Njg0YjY0Mg==",
        "X-Cache": "CONFIG_NOCACHE"
      },
      "ResponseBody": {}
    },
    {
      "RequestUri": "https://sanitized.communication.azure.com/rooms/Sanitized/participants?api-version=2023-06-14",
      "RequestMethod": "GET",
      "RequestHeaders": {
        "Accept": "application/json",
        "Authorization": "Sanitized",
        "traceparent": "00-170590f8d0b60b14752f32f2491c94ab-7820d9d5b4052334-00",
        "User-Agent": "azsdk-net-Communication.Rooms/1.1.0-alpha.20230920.1 (.NET 7.0.11; Microsoft Windows 10.0.22621)",
        "x-ms-client-request-id": "05c724754d5e8f383016b178c36e1e8e",
        "x-ms-content-sha256": "Sanitized",
        "x-ms-date": "Thu, 21 Sep 2023 00:43:13 GMT",
        "x-ms-return-client-request-id": "true"
      },
      "RequestBody": null,
      "StatusCode": 200,
      "ResponseHeaders": {
        "api-deprecated-versions": "2022-02-01",
        "api-supported-versions": "2023-03-31-preview, 2023-06-14, 2023-10-30-preview",
        "Content-Type": "application/json; charset=utf-8",
        "Date": "Thu, 21 Sep 2023 00:43:12 GMT",
        "MS-CV": "/s3\u002BHv6ySkeOGxEWifgb0w.0",
        "Request-Context": "appId=",
        "Transfer-Encoding": "chunked",
        "X-Azure-Ref": "0oZELZQAAAADyKzmnhzqRQbFovD9M0VtWWVZSMzExMDAwMTE1MDI1AGYwOWE0YzEzLTIxZjEtNDhlYy05Y2Y3LTY2NTQ1Njg0YjY0Mg==",
        "X-Cache": "CONFIG_NOCACHE"
      },
      "ResponseBody": {
        "value": [
          {
            "rawId": "8:acs:8b1e6004-98fe-4e87-80c1-56087ffec93b_0000001b-5512-7cf8-b688-09482200b7a1",
            "role": "Attendee"
          },
          {
            "rawId": "8:acs:8b1e6004-98fe-4e87-80c1-56087ffec93b_0000001b-5512-7d24-b688-09482200b7a2",
            "role": "Consumer"
          },
          {
            "rawId": "8:acs:8b1e6004-98fe-4e87-80c1-56087ffec93b_0000001b-5512-7d4f-b688-09482200b7a3",
            "role": "Presenter"
          },
          {
            "rawId": "8:acs:8b1e6004-98fe-4e87-80c1-56087ffec93b_0000001b-5512-7fc8-b688-09482200b7a4",
            "role": "Attendee"
          }
        ]
      }
    },
    {
      "RequestUri": "https://sanitized.communication.azure.com/rooms/Sanitized/participants?api-version=2023-06-14",
      "RequestMethod": "PATCH",
      "RequestHeaders": {
        "Accept": "application/json",
        "Authorization": "Sanitized",
        "Content-Length": "192",
        "Content-Type": "application/merge-patch\u002Bjson",
        "traceparent": "00-dd0fe031c3bd89101014571508ce025b-5a8520f5e1e460e4-00",
        "User-Agent": "azsdk-net-Communication.Rooms/1.1.0-alpha.20230920.1 (.NET 7.0.11; Microsoft Windows 10.0.22621)",
        "x-ms-client-request-id": "f7e272a98443d6f5fc61b65a57de4c64",
        "x-ms-content-sha256": "Sanitized",
        "x-ms-date": "Thu, 21 Sep 2023 00:43:13 GMT",
        "x-ms-return-client-request-id": "true"
      },
      "RequestBody": {
        "participants": {
          "8:acs:8b1e6004-98fe-4e87-80c1-56087ffec93b_0000001b-5512-7cf8-b688-09482200b7a1": null,
          "8:acs:8b1e6004-98fe-4e87-80c1-56087ffec93b_0000001b-5512-7d24-b688-09482200b7a2": null
        }
      },
      "StatusCode": 200,
      "ResponseHeaders": {
        "api-deprecated-versions": "2022-02-01",
        "api-supported-versions": "2023-03-31-preview, 2023-06-14, 2023-10-30-preview",
        "Content-Type": "application/json; charset=utf-8",
        "Date": "Thu, 21 Sep 2023 00:43:13 GMT",
        "MS-CV": "Am5vqiHyFUKzDS4LBFl1Gg.0",
        "Request-Context": "appId=",
        "Transfer-Encoding": "chunked",
        "X-Azure-Ref": "0oZELZQAAAAA7KT190xhqQajMwMGcmz\u002B8WVZSMzExMDAwMTE1MDI1AGYwOWE0YzEzLTIxZjEtNDhlYy05Y2Y3LTY2NTQ1Njg0YjY0Mg==",
        "X-Cache": "CONFIG_NOCACHE"
      },
      "ResponseBody": {}
    },
    {
      "RequestUri": "https://sanitized.communication.azure.com/rooms/Sanitized/participants?api-version=2023-06-14",
      "RequestMethod": "GET",
      "RequestHeaders": {
        "Accept": "application/json",
        "Authorization": "Sanitized",
        "traceparent": "00-99a5e283581fdb695bd2d68a54c46d2a-63832f6549e007ec-00",
        "User-Agent": "azsdk-net-Communication.Rooms/1.1.0-alpha.20230920.1 (.NET 7.0.11; Microsoft Windows 10.0.22621)",
        "x-ms-client-request-id": "55e247c9536dcfac893b22f4c3de0342",
        "x-ms-content-sha256": "Sanitized",
        "x-ms-date": "Thu, 21 Sep 2023 00:43:13 GMT",
        "x-ms-return-client-request-id": "true"
      },
      "RequestBody": null,
      "StatusCode": 200,
      "ResponseHeaders": {
        "api-deprecated-versions": "2022-02-01",
        "api-supported-versions": "2023-03-31-preview, 2023-06-14, 2023-10-30-preview",
        "Content-Type": "application/json; charset=utf-8",
        "Date": "Thu, 21 Sep 2023 00:43:13 GMT",
        "MS-CV": "GY6a0HuzkECiKqP/I5cdtg.0",
        "Request-Context": "appId=",
        "Transfer-Encoding": "chunked",
        "X-Azure-Ref": "0opELZQAAAAAUxwV7K/UIRrSINRn9yNHrWVZSMzExMDAwMTE1MDI1AGYwOWE0YzEzLTIxZjEtNDhlYy05Y2Y3LTY2NTQ1Njg0YjY0Mg==",
        "X-Cache": "CONFIG_NOCACHE"
      },
      "ResponseBody": {
        "value": [
          {
            "rawId": "8:acs:8b1e6004-98fe-4e87-80c1-56087ffec93b_0000001b-5512-7d4f-b688-09482200b7a3",
            "role": "Presenter"
          },
          {
            "rawId": "8:acs:8b1e6004-98fe-4e87-80c1-56087ffec93b_0000001b-5512-7fc8-b688-09482200b7a4",
            "role": "Attendee"
          }
        ]
      }
    },
    {
      "RequestUri": "https://sanitized.communication.azure.com/rooms/Sanitized?api-version=2023-06-14",
      "RequestMethod": "DELETE",
      "RequestHeaders": {
        "Accept": "application/json",
        "Authorization": "Sanitized",
        "traceparent": "00-4eb9776142e2a80dbcdbc3ba508e95dc-d734c2078c954062-00",
        "User-Agent": "azsdk-net-Communication.Rooms/1.1.0-alpha.20230920.1 (.NET 7.0.11; Microsoft Windows 10.0.22621)",
        "x-ms-client-request-id": "782bc0e93270f0bf2ff008fd97dd3851",
        "x-ms-content-sha256": "Sanitized",
        "x-ms-date": "Thu, 21 Sep 2023 00:43:14 GMT",
        "x-ms-return-client-request-id": "true"
      },
      "RequestBody": null,
      "StatusCode": 204,
      "ResponseHeaders": {
        "api-deprecated-versions": "2021-04-07, 2022-02-01",
        "api-supported-versions": "2023-03-31-preview, 2023-06-14, 2023-10-30-preview",
        "Date": "Thu, 21 Sep 2023 00:43:14 GMT",
        "MS-CV": "WbtbrbpGTk\u002B84Kylllguvw.0",
        "Request-Context": "appId=",
        "X-Azure-Ref": "0opELZQAAAAAGdaLzPSKLRL9dZU93qUspWVZSMzExMDAwMTE1MDI1AGYwOWE0YzEzLTIxZjEtNDhlYy05Y2Y3LTY2NTQ1Njg0YjY0Mg==",
        "X-Cache": "CONFIG_NOCACHE"
      },
      "ResponseBody": null
    }
  ],
  "Variables": {
    "COMMUNICATION_CONNECTION_STRING_ROOMS": "endpoint=https://rooms-ppe-eastus.ppe.communication.azure.net/;accesskey=Kg==",
    "RandomSeed": "241085111"
  }
}
