{
  "Entries": [
    {
      "RequestUri": "https://sanitized.communication.azure.com/rooms?api-version=2023-06-14",
      "RequestMethod": "POST",
      "RequestHeaders": {
        "Accept": "application/json",
        "Authorization": "Sanitized",
        "Content-Length": "50",
        "Content-Type": "application/json",
        "Repeatability-First-Sent": "Mon, 18 Sep 2023 23:23:27 GMT",
        "Repeatability-Request-ID": "fedf72cb-49f7-4a39-ab67-9f6e4e674067",
        "traceparent": "00-d01bd70ff62c2f4dcc6ceabc3139ea64-7c3ce64299a71723-00",
        "User-Agent": "azsdk-net-Communication.Rooms/1.1.0-alpha.20230918.1 (.NET Framework 4.8.9181.0; Microsoft Windows 10.0.22621 )",
        "x-ms-client-request-id": "56bf3065eebd9a052a0f54d1407fcc3d",
        "x-ms-content-sha256": "Sanitized",
        "x-ms-date": "Mon, 18 Sep 2023 23:23:27 GMT",
        "x-ms-return-client-request-id": "true"
      },
      "RequestBody": {
        "validFrom": "Sanitized",
        "validUntil": "Sanitized"
      },
      "StatusCode": 201,
      "ResponseHeaders": {
        "api-deprecated-versions": "2021-04-07, 2022-02-01",
        "api-supported-versions": "2023-03-31-preview, 2023-06-14, 2023-10-30-preview",
        "Content-Type": "application/json; charset=utf-8",
        "Date": "Mon, 18 Sep 2023 23:23:27 GMT",
        "Location": "99464350334249603",
        "MS-CV": "D5uFeE5wxkqTfjjNmA6iPg.0",
        "Repeatability-Result": "accepted",
        "Request-Context": "appId=",
        "Transfer-Encoding": "chunked",
        "X-Azure-Ref": "079sIZQAAAABSGpGQt3uaS5OrRhmItp4bWVZSMzExMDAwMTE1MDUxAGYwOWE0YzEzLTIxZjEtNDhlYy05Y2Y3LTY2NTQ1Njg0YjY0Mg==",
        "X-Cache": "CONFIG_NOCACHE"
      },
      "ResponseBody": {
        "id": "99464350334249603",
        "createdAt": "2023-09-18T23:23:27.8776554\u002B00:00",
        "validFrom": "2023-09-18T23:23:27.5431635\u002B00:00",
        "validUntil": "2023-09-28T23:23:27.5431635\u002B00:00"
      }
    },
    {
      "RequestUri": "https://sanitized.communication.azure.com/rooms/Sanitized?api-version=2023-06-14",
      "RequestMethod": "DELETE",
      "RequestHeaders": {
        "Accept": "application/json",
        "Authorization": "Sanitized",
        "traceparent": "00-ebf630f83ffd90ecfd102b37551ab38f-5118638c1101b339-00",
        "User-Agent": "azsdk-net-Communication.Rooms/1.1.0-alpha.20230918.1 (.NET Framework 4.8.9181.0; Microsoft Windows 10.0.22621 )",
        "x-ms-client-request-id": "9327d3ec0fee3bf5ccfbc1c01729ef8f",
        "x-ms-content-sha256": "Sanitized",
        "x-ms-date": "Mon, 18 Sep 2023 23:23:27 GMT",
        "x-ms-return-client-request-id": "true"
      },
      "RequestBody": null,
      "StatusCode": 204,
      "ResponseHeaders": {
        "api-deprecated-versions": "2021-04-07, 2022-02-01",
        "api-supported-versions": "2023-03-31-preview, 2023-06-14, 2023-10-30-preview",
        "Date": "Mon, 18 Sep 2023 23:23:27 GMT",
        "MS-CV": "ERvjr8dAsk\u002BRIteEU0fePg.0",
        "Request-Context": "appId=",
        "X-Azure-Ref": "08NsIZQAAAABfTs9NaEzXT6wUGmDeXqXCWVZSMzExMDAwMTE1MDUxAGYwOWE0YzEzLTIxZjEtNDhlYy05Y2Y3LTY2NTQ1Njg0YjY0Mg==",
        "X-Cache": "CONFIG_NOCACHE"
      },
      "ResponseBody": null
    },
    {
      "RequestUri": "https://sanitized.communication.azure.com/rooms/Sanitized?api-version=2023-06-14",
      "RequestMethod": "PATCH",
      "RequestHeaders": {
        "Accept": "application/json",
        "Authorization": "Sanitized",
        "Content-Length": "50",
        "Content-Type": "application/merge-patch\u002Bjson",
        "traceparent": "00-2677c4e705522b42620a5f67ca4acbeb-dc2f206e25f28d06-00",
        "User-Agent": "azsdk-net-Communication.Rooms/1.1.0-alpha.20230918.1 (.NET Framework 4.8.9181.0; Microsoft Windows 10.0.22621 )",
        "x-ms-client-request-id": "fcef497976083d6287d08ef74db857fe",
        "x-ms-content-sha256": "Sanitized",
        "x-ms-date": "Mon, 18 Sep 2023 23:23:28 GMT",
        "x-ms-return-client-request-id": "true"
      },
      "RequestBody": {
        "validFrom": "Sanitized",
        "validUntil": "Sanitized"
      },
      "StatusCode": 404,
      "ResponseHeaders": {
        "api-deprecated-versions": "2021-04-07, 2022-02-01",
        "api-supported-versions": "2023-03-31-preview, 2023-06-14, 2023-10-30-preview",
        "Content-Type": "application/json; charset=utf-8",
        "Date": "Mon, 18 Sep 2023 23:23:27 GMT",
        "MS-CV": "e8ORX3APe0eiy8/Swi2xgg.0",
        "Request-Context": "appId=",
        "Transfer-Encoding": "chunked",
        "X-Azure-Ref": "08NsIZQAAAABIQkW2EyIjS779XY1wN6\u002BLWVZSMzExMDAwMTE1MDUxAGYwOWE0YzEzLTIxZjEtNDhlYy05Y2Y3LTY2NTQ1Njg0YjY0Mg==",
        "X-Cache": "CONFIG_NOCACHE",
        "x-ms-error-code": "NotFound"
      },
      "ResponseBody": {
        "error": {
          "code": "NotFound",
          "message": "The server cannot find the requested resource."
        }
      }
    }
  ],
  "Variables": {
    "COMMUNICATION_CONNECTION_STRING_ROOMS": "endpoint=https://rooms-ppe-eastus.ppe.communication.azure.net/;accesskey=Kg==",
    "RandomSeed": "169997228"
  }
}
