{
  "Entries": [
    {
      "RequestUri": "https://camaiaor-westus2.cognitiveservices.azure.com/documentintelligence/documentClassifiers:build?api-version=2024-02-29-preview",
      "RequestMethod": "POST",
      "RequestHeaders": {
        "Accept": "application/json",
        "Content-Length": "282",
        "Content-Type": "application/json",
        "Ocp-Apim-Subscription-Key": "Sanitized",
        "traceparent": "00-bd2f89cdf3e3684a317ff57d1f80262d-a642af2161cdbfd9-00",
        "User-Agent": "azsdk-net-AI.DocumentIntelligence/1.0.0-alpha.20240301.1 (.NET 7.0.16; Microsoft Windows 10.0.22631)",
        "x-ms-client-request-id": "4cfe726210535f8b16927297c5227a58",
        "x-ms-return-client-request-id": "true"
      },
      "RequestBody": {
        "classifierId": "1046061492",
        "docTypes": {
          "IRS-1040-A": {
            "azureBlobSource": {
              "containerUrl": "https://sanitized.blob.core.windows.net",
              "prefix": "IRS-1040-A/train"
            }
          },
          "IRS-1040-B": {
            "azureBlobSource": {
              "containerUrl": "https://sanitized.blob.core.windows.net",
              "prefix": "IRS-1040-B/train"
            }
          }
        }
      },
      "StatusCode": 202,
      "ResponseHeaders": {
        "apim-request-id": "ba28eaaf-584d-468e-9d87-9876374700a1",
        "Content-Length": "0",
        "Date": "Fri, 01 Mar 2024 13:53:35 GMT",
        "operation-location": "https://camaiaor-westus2.cognitiveservices.azure.com/documentintelligence/operations/31457066784_ba28eaaf-584d-468e-9d87-9876374700a1?api-version=2024-02-29-preview",
        "Strict-Transport-Security": "max-age=31536000; includeSubDomains; preload",
        "X-Content-Type-Options": "nosniff",
        "x-envoy-upstream-service-time": "57",
        "x-ms-region": "West US 2"
      },
      "ResponseBody": null
    },
    {
      "RequestUri": "https://camaiaor-westus2.cognitiveservices.azure.com/documentintelligence/operations/31457066784_ba28eaaf-584d-468e-9d87-9876374700a1?api-version=2024-02-29-preview",
      "RequestMethod": "GET",
      "RequestHeaders": {
        "Ocp-Apim-Subscription-Key": "Sanitized",
        "User-Agent": "azsdk-net-AI.DocumentIntelligence/1.0.0-alpha.20240301.1 (.NET 7.0.16; Microsoft Windows 10.0.22631)",
        "x-ms-client-request-id": "7c1756438c269c615270967467736b25",
        "x-ms-return-client-request-id": "true"
      },
      "RequestBody": null,
      "StatusCode": 200,
      "ResponseHeaders": {
        "apim-request-id": "a0a39acf-83ad-48c6-94b2-a46ad13e6d9d",
        "Content-Type": "application/json; charset=utf-8",
        "Date": "Fri, 01 Mar 2024 13:53:35 GMT",
        "Strict-Transport-Security": "max-age=31536000; includeSubDomains; preload",
        "Transfer-Encoding": "chunked",
        "X-Content-Type-Options": "nosniff",
        "x-envoy-upstream-service-time": "6",
        "x-ms-region": "West US 2"
      },
      "ResponseBody": {
        "operationId": "31457066784_ba28eaaf-584d-468e-9d87-9876374700a1",
        "kind": "documentClassifierBuild",
        "status": "notStarted",
        "createdDateTime": "2024-03-01T13:53:35Z",
        "lastUpdatedDateTime": "2024-03-01T13:53:35Z",
        "resourceLocation": "https://camaiaor-westus2.cognitiveservices.azure.com/documentintelligence/documentClassifiers/1046061492?api-version=2024-02-29-preview",
        "apiVersion": "2024-02-29-preview"
      }
    },
    {
      "RequestUri": "https://camaiaor-westus2.cognitiveservices.azure.com/documentintelligence/operations/31457066784_ba28eaaf-584d-468e-9d87-9876374700a1?api-version=2024-02-29-preview",
      "RequestMethod": "GET",
      "RequestHeaders": {
        "Ocp-Apim-Subscription-Key": "Sanitized",
        "User-Agent": "azsdk-net-AI.DocumentIntelligence/1.0.0-alpha.20240301.1 (.NET 7.0.16; Microsoft Windows 10.0.22631)",
        "x-ms-client-request-id": "3e9f8fbc175e36d054281e4ec3e69154",
        "x-ms-return-client-request-id": "true"
      },
      "RequestBody": null,
      "StatusCode": 200,
      "ResponseHeaders": {
        "apim-request-id": "99da045d-e32e-4227-992a-c2fe29c4ba5b",
        "Content-Type": "application/json; charset=utf-8",
        "Date": "Fri, 01 Mar 2024 13:53:36 GMT",
        "Strict-Transport-Security": "max-age=31536000; includeSubDomains; preload",
        "Transfer-Encoding": "chunked",
        "X-Content-Type-Options": "nosniff",
        "x-envoy-upstream-service-time": "6",
        "x-ms-region": "West US 2"
      },
      "ResponseBody": {
        "operationId": "31457066784_ba28eaaf-584d-468e-9d87-9876374700a1",
        "kind": "documentClassifierBuild",
        "status": "notStarted",
        "createdDateTime": "2024-03-01T13:53:35Z",
        "lastUpdatedDateTime": "2024-03-01T13:53:35Z",
        "resourceLocation": "https://camaiaor-westus2.cognitiveservices.azure.com/documentintelligence/documentClassifiers/1046061492?api-version=2024-02-29-preview",
        "apiVersion": "2024-02-29-preview"
      }
    },
    {
      "RequestUri": "https://camaiaor-westus2.cognitiveservices.azure.com/documentintelligence/operations/31457066784_ba28eaaf-584d-468e-9d87-9876374700a1?api-version=2024-02-29-preview",
      "RequestMethod": "GET",
      "RequestHeaders": {
        "Ocp-Apim-Subscription-Key": "Sanitized",
        "User-Agent": "azsdk-net-AI.DocumentIntelligence/1.0.0-alpha.20240301.1 (.NET 7.0.16; Microsoft Windows 10.0.22631)",
        "x-ms-client-request-id": "3ea434e55445d58d1162fae27a17f8a2",
        "x-ms-return-client-request-id": "true"
      },
      "RequestBody": null,
      "StatusCode": 200,
      "ResponseHeaders": {
        "apim-request-id": "07bf1668-8b32-4a81-afe2-e79ce5791042",
        "Content-Type": "application/json; charset=utf-8",
        "Date": "Fri, 01 Mar 2024 13:53:37 GMT",
        "Strict-Transport-Security": "max-age=31536000; includeSubDomains; preload",
        "Transfer-Encoding": "chunked",
        "X-Content-Type-Options": "nosniff",
        "x-envoy-upstream-service-time": "7",
        "x-ms-region": "West US 2"
      },
      "ResponseBody": {
        "operationId": "31457066784_ba28eaaf-584d-468e-9d87-9876374700a1",
        "kind": "documentClassifierBuild",
        "status": "notStarted",
        "createdDateTime": "2024-03-01T13:53:35Z",
        "lastUpdatedDateTime": "2024-03-01T13:53:35Z",
        "resourceLocation": "https://camaiaor-westus2.cognitiveservices.azure.com/documentintelligence/documentClassifiers/1046061492?api-version=2024-02-29-preview",
        "apiVersion": "2024-02-29-preview"
      }
    },
    {
      "RequestUri": "https://camaiaor-westus2.cognitiveservices.azure.com/documentintelligence/operations/31457066784_ba28eaaf-584d-468e-9d87-9876374700a1?api-version=2024-02-29-preview",
      "RequestMethod": "GET",
      "RequestHeaders": {
        "Ocp-Apim-Subscription-Key": "Sanitized",
        "User-Agent": "azsdk-net-AI.DocumentIntelligence/1.0.0-alpha.20240301.1 (.NET 7.0.16; Microsoft Windows 10.0.22631)",
        "x-ms-client-request-id": "35da4c263c822bfa85e027fe6e12d96b",
        "x-ms-return-client-request-id": "true"
      },
      "RequestBody": null,
      "StatusCode": 200,
      "ResponseHeaders": {
        "apim-request-id": "f5209b2d-3cb0-4c54-a14b-7ac41e6b66bf",
        "Content-Type": "application/json; charset=utf-8",
        "Date": "Fri, 01 Mar 2024 13:53:38 GMT",
        "Strict-Transport-Security": "max-age=31536000; includeSubDomains; preload",
        "Transfer-Encoding": "chunked",
        "X-Content-Type-Options": "nosniff",
        "x-envoy-upstream-service-time": "6",
        "x-ms-region": "West US 2"
      },
      "ResponseBody": {
        "operationId": "31457066784_ba28eaaf-584d-468e-9d87-9876374700a1",
        "kind": "documentClassifierBuild",
        "status": "notStarted",
        "createdDateTime": "2024-03-01T13:53:35Z",
        "lastUpdatedDateTime": "2024-03-01T13:53:35Z",
        "resourceLocation": "https://camaiaor-westus2.cognitiveservices.azure.com/documentintelligence/documentClassifiers/1046061492?api-version=2024-02-29-preview",
        "apiVersion": "2024-02-29-preview"
      }
    },
    {
      "RequestUri": "https://camaiaor-westus2.cognitiveservices.azure.com/documentintelligence/operations/31457066784_ba28eaaf-584d-468e-9d87-9876374700a1?api-version=2024-02-29-preview",
      "RequestMethod": "GET",
      "RequestHeaders": {
        "Ocp-Apim-Subscription-Key": "Sanitized",
        "User-Agent": "azsdk-net-AI.DocumentIntelligence/1.0.0-alpha.20240301.1 (.NET 7.0.16; Microsoft Windows 10.0.22631)",
        "x-ms-client-request-id": "328f41de2ccf68df01c92cfc1dedbc3d",
        "x-ms-return-client-request-id": "true"
      },
      "RequestBody": null,
      "StatusCode": 200,
      "ResponseHeaders": {
        "apim-request-id": "ebba1b34-9395-4a46-818d-8cbdce2ba403",
        "Content-Type": "application/json; charset=utf-8",
        "Date": "Fri, 01 Mar 2024 13:53:39 GMT",
        "Strict-Transport-Security": "max-age=31536000; includeSubDomains; preload",
        "Transfer-Encoding": "chunked",
        "X-Content-Type-Options": "nosniff",
        "x-envoy-upstream-service-time": "8",
        "x-ms-region": "West US 2"
      },
      "ResponseBody": {
        "operationId": "31457066784_ba28eaaf-584d-468e-9d87-9876374700a1",
        "kind": "documentClassifierBuild",
        "status": "running",
        "createdDateTime": "2024-03-01T13:53:35Z",
        "lastUpdatedDateTime": "2024-03-01T13:53:39Z",
        "resourceLocation": "https://camaiaor-westus2.cognitiveservices.azure.com/documentintelligence/documentClassifiers/1046061492?api-version=2024-02-29-preview",
        "apiVersion": "2024-02-29-preview"
      }
    },
    {
      "RequestUri": "https://camaiaor-westus2.cognitiveservices.azure.com/documentintelligence/operations/31457066784_ba28eaaf-584d-468e-9d87-9876374700a1?api-version=2024-02-29-preview",
      "RequestMethod": "GET",
      "RequestHeaders": {
        "Ocp-Apim-Subscription-Key": "Sanitized",
        "User-Agent": "azsdk-net-AI.DocumentIntelligence/1.0.0-alpha.20240301.1 (.NET 7.0.16; Microsoft Windows 10.0.22631)",
        "x-ms-client-request-id": "77277b2f5c0ca8d23a78b8652d8f67fe",
        "x-ms-return-client-request-id": "true"
      },
      "RequestBody": null,
      "StatusCode": 200,
      "ResponseHeaders": {
        "apim-request-id": "90bae5a4-851c-4053-b25a-b81341876738",
        "Content-Type": "application/json; charset=utf-8",
        "Date": "Fri, 01 Mar 2024 13:53:40 GMT",
        "Strict-Transport-Security": "max-age=31536000; includeSubDomains; preload",
        "Transfer-Encoding": "chunked",
        "X-Content-Type-Options": "nosniff",
        "x-envoy-upstream-service-time": "9",
        "x-ms-region": "West US 2"
      },
      "ResponseBody": {
        "operationId": "31457066784_ba28eaaf-584d-468e-9d87-9876374700a1",
        "kind": "documentClassifierBuild",
        "status": "running",
        "createdDateTime": "2024-03-01T13:53:35Z",
        "lastUpdatedDateTime": "2024-03-01T13:53:39Z",
        "resourceLocation": "https://camaiaor-westus2.cognitiveservices.azure.com/documentintelligence/documentClassifiers/1046061492?api-version=2024-02-29-preview",
        "apiVersion": "2024-02-29-preview"
      }
    },
    {
      "RequestUri": "https://camaiaor-westus2.cognitiveservices.azure.com/documentintelligence/operations/31457066784_ba28eaaf-584d-468e-9d87-9876374700a1?api-version=2024-02-29-preview",
      "RequestMethod": "GET",
      "RequestHeaders": {
        "Ocp-Apim-Subscription-Key": "Sanitized",
        "User-Agent": "azsdk-net-AI.DocumentIntelligence/1.0.0-alpha.20240301.1 (.NET 7.0.16; Microsoft Windows 10.0.22631)",
        "x-ms-client-request-id": "38038e89c688fad36c7233b810fd0e97",
        "x-ms-return-client-request-id": "true"
      },
      "RequestBody": null,
      "StatusCode": 200,
      "ResponseHeaders": {
        "apim-request-id": "cec32064-0b6a-4a83-9b4d-f9007d0386a5",
        "Content-Type": "application/json; charset=utf-8",
        "Date": "Fri, 01 Mar 2024 13:53:41 GMT",
        "Strict-Transport-Security": "max-age=31536000; includeSubDomains; preload",
        "Transfer-Encoding": "chunked",
        "X-Content-Type-Options": "nosniff",
        "x-envoy-upstream-service-time": "8",
        "x-ms-region": "West US 2"
      },
      "ResponseBody": {
        "operationId": "31457066784_ba28eaaf-584d-468e-9d87-9876374700a1",
        "kind": "documentClassifierBuild",
        "status": "running",
        "createdDateTime": "2024-03-01T13:53:35Z",
        "lastUpdatedDateTime": "2024-03-01T13:53:39Z",
        "resourceLocation": "https://camaiaor-westus2.cognitiveservices.azure.com/documentintelligence/documentClassifiers/1046061492?api-version=2024-02-29-preview",
        "apiVersion": "2024-02-29-preview"
      }
    },
    {
      "RequestUri": "https://camaiaor-westus2.cognitiveservices.azure.com/documentintelligence/operations/31457066784_ba28eaaf-584d-468e-9d87-9876374700a1?api-version=2024-02-29-preview",
      "RequestMethod": "GET",
      "RequestHeaders": {
        "Ocp-Apim-Subscription-Key": "Sanitized",
        "User-Agent": "azsdk-net-AI.DocumentIntelligence/1.0.0-alpha.20240301.1 (.NET 7.0.16; Microsoft Windows 10.0.22631)",
        "x-ms-client-request-id": "f2cee92361eb825f6fe6f756747a3b71",
        "x-ms-return-client-request-id": "true"
      },
      "RequestBody": null,
      "StatusCode": 200,
      "ResponseHeaders": {
        "apim-request-id": "b6e7e614-4a51-4a80-a63b-0b626b94e67b",
        "Content-Type": "application/json; charset=utf-8",
        "Date": "Fri, 01 Mar 2024 13:53:42 GMT",
        "Strict-Transport-Security": "max-age=31536000; includeSubDomains; preload",
        "Transfer-Encoding": "chunked",
        "X-Content-Type-Options": "nosniff",
        "x-envoy-upstream-service-time": "7",
        "x-ms-region": "West US 2"
      },
      "ResponseBody": {
        "operationId": "31457066784_ba28eaaf-584d-468e-9d87-9876374700a1",
        "kind": "documentClassifierBuild",
        "status": "running",
        "createdDateTime": "2024-03-01T13:53:35Z",
        "lastUpdatedDateTime": "2024-03-01T13:53:39Z",
        "resourceLocation": "https://camaiaor-westus2.cognitiveservices.azure.com/documentintelligence/documentClassifiers/1046061492?api-version=2024-02-29-preview",
        "apiVersion": "2024-02-29-preview"
      }
    },
    {
      "RequestUri": "https://camaiaor-westus2.cognitiveservices.azure.com/documentintelligence/operations/31457066784_ba28eaaf-584d-468e-9d87-9876374700a1?api-version=2024-02-29-preview",
      "RequestMethod": "GET",
      "RequestHeaders": {
        "Ocp-Apim-Subscription-Key": "Sanitized",
        "User-Agent": "azsdk-net-AI.DocumentIntelligence/1.0.0-alpha.20240301.1 (.NET 7.0.16; Microsoft Windows 10.0.22631)",
        "x-ms-client-request-id": "8e732e6284ea69b5a82d0a992919983c",
        "x-ms-return-client-request-id": "true"
      },
      "RequestBody": null,
      "StatusCode": 200,
      "ResponseHeaders": {
        "apim-request-id": "6f1cc138-47fb-43d4-af6f-5419aa5356e6",
        "Content-Type": "application/json; charset=utf-8",
        "Date": "Fri, 01 Mar 2024 13:53:43 GMT",
        "Strict-Transport-Security": "max-age=31536000; includeSubDomains; preload",
        "Transfer-Encoding": "chunked",
        "X-Content-Type-Options": "nosniff",
        "x-envoy-upstream-service-time": "7",
        "x-ms-region": "West US 2"
      },
      "ResponseBody": {
        "operationId": "31457066784_ba28eaaf-584d-468e-9d87-9876374700a1",
        "kind": "documentClassifierBuild",
        "status": "running",
        "createdDateTime": "2024-03-01T13:53:35Z",
        "lastUpdatedDateTime": "2024-03-01T13:53:39Z",
        "resourceLocation": "https://camaiaor-westus2.cognitiveservices.azure.com/documentintelligence/documentClassifiers/1046061492?api-version=2024-02-29-preview",
        "apiVersion": "2024-02-29-preview"
      }
    },
    {
      "RequestUri": "https://camaiaor-westus2.cognitiveservices.azure.com/documentintelligence/operations/31457066784_ba28eaaf-584d-468e-9d87-9876374700a1?api-version=2024-02-29-preview",
      "RequestMethod": "GET",
      "RequestHeaders": {
        "Ocp-Apim-Subscription-Key": "Sanitized",
        "User-Agent": "azsdk-net-AI.DocumentIntelligence/1.0.0-alpha.20240301.1 (.NET 7.0.16; Microsoft Windows 10.0.22631)",
        "x-ms-client-request-id": "4341206a75c127122e81c8a1ce7d85f2",
        "x-ms-return-client-request-id": "true"
      },
      "RequestBody": null,
      "StatusCode": 200,
      "ResponseHeaders": {
        "apim-request-id": "7940ed1c-c2fa-4403-b7f6-c6ef9971f828",
        "Content-Type": "application/json; charset=utf-8",
        "Date": "Fri, 01 Mar 2024 13:53:44 GMT",
        "Strict-Transport-Security": "max-age=31536000; includeSubDomains; preload",
        "Transfer-Encoding": "chunked",
        "X-Content-Type-Options": "nosniff",
        "x-envoy-upstream-service-time": "13",
        "x-ms-region": "West US 2"
      },
      "ResponseBody": {
        "operationId": "31457066784_ba28eaaf-584d-468e-9d87-9876374700a1",
        "kind": "documentClassifierBuild",
        "status": "running",
        "createdDateTime": "2024-03-01T13:53:35Z",
        "lastUpdatedDateTime": "2024-03-01T13:53:39Z",
        "resourceLocation": "https://camaiaor-westus2.cognitiveservices.azure.com/documentintelligence/documentClassifiers/1046061492?api-version=2024-02-29-preview",
        "apiVersion": "2024-02-29-preview"
      }
    },
    {
      "RequestUri": "https://camaiaor-westus2.cognitiveservices.azure.com/documentintelligence/operations/31457066784_ba28eaaf-584d-468e-9d87-9876374700a1?api-version=2024-02-29-preview",
      "RequestMethod": "GET",
      "RequestHeaders": {
        "Ocp-Apim-Subscription-Key": "Sanitized",
        "User-Agent": "azsdk-net-AI.DocumentIntelligence/1.0.0-alpha.20240301.1 (.NET 7.0.16; Microsoft Windows 10.0.22631)",
        "x-ms-client-request-id": "e256c1377f8a9fad34644abe57c55856",
        "x-ms-return-client-request-id": "true"
      },
      "RequestBody": null,
      "StatusCode": 200,
      "ResponseHeaders": {
        "apim-request-id": "7a5de1b4-bbea-4e74-949d-7ca1b1b6c6bc",
        "Content-Type": "application/json; charset=utf-8",
        "Date": "Fri, 01 Mar 2024 13:53:45 GMT",
        "Strict-Transport-Security": "max-age=31536000; includeSubDomains; preload",
        "Transfer-Encoding": "chunked",
        "X-Content-Type-Options": "nosniff",
        "x-envoy-upstream-service-time": "6",
        "x-ms-region": "West US 2"
      },
      "ResponseBody": {
        "operationId": "31457066784_ba28eaaf-584d-468e-9d87-9876374700a1",
        "kind": "documentClassifierBuild",
        "status": "running",
        "createdDateTime": "2024-03-01T13:53:35Z",
        "lastUpdatedDateTime": "2024-03-01T13:53:39Z",
        "resourceLocation": "https://camaiaor-westus2.cognitiveservices.azure.com/documentintelligence/documentClassifiers/1046061492?api-version=2024-02-29-preview",
        "apiVersion": "2024-02-29-preview"
      }
    },
    {
      "RequestUri": "https://camaiaor-westus2.cognitiveservices.azure.com/documentintelligence/operations/31457066784_ba28eaaf-584d-468e-9d87-9876374700a1?api-version=2024-02-29-preview",
      "RequestMethod": "GET",
      "RequestHeaders": {
        "Ocp-Apim-Subscription-Key": "Sanitized",
        "User-Agent": "azsdk-net-AI.DocumentIntelligence/1.0.0-alpha.20240301.1 (.NET 7.0.16; Microsoft Windows 10.0.22631)",
        "x-ms-client-request-id": "53ebba4df738edb01b4b5f68bb139b2b",
        "x-ms-return-client-request-id": "true"
      },
      "RequestBody": null,
      "StatusCode": 200,
      "ResponseHeaders": {
        "apim-request-id": "cc414c04-f323-4345-965a-0d017a3b1fa5",
        "Content-Type": "application/json; charset=utf-8",
        "Date": "Fri, 01 Mar 2024 13:53:46 GMT",
        "Strict-Transport-Security": "max-age=31536000; includeSubDomains; preload",
        "Transfer-Encoding": "chunked",
        "X-Content-Type-Options": "nosniff",
        "x-envoy-upstream-service-time": "9",
        "x-ms-region": "West US 2"
      },
      "ResponseBody": {
        "operationId": "31457066784_ba28eaaf-584d-468e-9d87-9876374700a1",
        "kind": "documentClassifierBuild",
        "status": "running",
        "createdDateTime": "2024-03-01T13:53:35Z",
        "lastUpdatedDateTime": "2024-03-01T13:53:39Z",
        "resourceLocation": "https://camaiaor-westus2.cognitiveservices.azure.com/documentintelligence/documentClassifiers/1046061492?api-version=2024-02-29-preview",
        "apiVersion": "2024-02-29-preview"
      }
    },
    {
      "RequestUri": "https://camaiaor-westus2.cognitiveservices.azure.com/documentintelligence/operations/31457066784_ba28eaaf-584d-468e-9d87-9876374700a1?api-version=2024-02-29-preview",
      "RequestMethod": "GET",
      "RequestHeaders": {
        "Ocp-Apim-Subscription-Key": "Sanitized",
        "User-Agent": "azsdk-net-AI.DocumentIntelligence/1.0.0-alpha.20240301.1 (.NET 7.0.16; Microsoft Windows 10.0.22631)",
        "x-ms-client-request-id": "686218a7b6c3ebb273a20f5d2a54d068",
        "x-ms-return-client-request-id": "true"
      },
      "RequestBody": null,
      "StatusCode": 200,
      "ResponseHeaders": {
        "apim-request-id": "b9d2c6cd-156e-4150-ba42-07c033bed107",
        "Content-Type": "application/json; charset=utf-8",
        "Date": "Fri, 01 Mar 2024 13:53:47 GMT",
        "Strict-Transport-Security": "max-age=31536000; includeSubDomains; preload",
        "Transfer-Encoding": "chunked",
        "X-Content-Type-Options": "nosniff",
        "x-envoy-upstream-service-time": "7",
        "x-ms-region": "West US 2"
      },
      "ResponseBody": {
        "operationId": "31457066784_ba28eaaf-584d-468e-9d87-9876374700a1",
        "kind": "documentClassifierBuild",
        "status": "running",
        "createdDateTime": "2024-03-01T13:53:35Z",
        "lastUpdatedDateTime": "2024-03-01T13:53:39Z",
        "resourceLocation": "https://camaiaor-westus2.cognitiveservices.azure.com/documentintelligence/documentClassifiers/1046061492?api-version=2024-02-29-preview",
        "apiVersion": "2024-02-29-preview"
      }
    },
    {
      "RequestUri": "https://camaiaor-westus2.cognitiveservices.azure.com/documentintelligence/operations/31457066784_ba28eaaf-584d-468e-9d87-9876374700a1?api-version=2024-02-29-preview",
      "RequestMethod": "GET",
      "RequestHeaders": {
        "Ocp-Apim-Subscription-Key": "Sanitized",
        "User-Agent": "azsdk-net-AI.DocumentIntelligence/1.0.0-alpha.20240301.1 (.NET 7.0.16; Microsoft Windows 10.0.22631)",
        "x-ms-client-request-id": "1353722832913fb91169c63e1f44e420",
        "x-ms-return-client-request-id": "true"
      },
      "RequestBody": null,
      "StatusCode": 200,
      "ResponseHeaders": {
        "apim-request-id": "cbb5eccc-f0da-4e1b-a80a-fb2b4eaf5bdd",
        "Content-Type": "application/json; charset=utf-8",
        "Date": "Fri, 01 Mar 2024 13:53:48 GMT",
        "Strict-Transport-Security": "max-age=31536000; includeSubDomains; preload",
        "Transfer-Encoding": "chunked",
        "X-Content-Type-Options": "nosniff",
        "x-envoy-upstream-service-time": "20",
        "x-ms-region": "West US 2"
      },
      "ResponseBody": {
        "operationId": "31457066784_ba28eaaf-584d-468e-9d87-9876374700a1",
        "kind": "documentClassifierBuild",
        "status": "running",
        "createdDateTime": "2024-03-01T13:53:35Z",
        "lastUpdatedDateTime": "2024-03-01T13:53:39Z",
        "resourceLocation": "https://camaiaor-westus2.cognitiveservices.azure.com/documentintelligence/documentClassifiers/1046061492?api-version=2024-02-29-preview",
        "apiVersion": "2024-02-29-preview"
      }
    },
    {
      "RequestUri": "https://camaiaor-westus2.cognitiveservices.azure.com/documentintelligence/operations/31457066784_ba28eaaf-584d-468e-9d87-9876374700a1?api-version=2024-02-29-preview",
      "RequestMethod": "GET",
      "RequestHeaders": {
        "Ocp-Apim-Subscription-Key": "Sanitized",
        "User-Agent": "azsdk-net-AI.DocumentIntelligence/1.0.0-alpha.20240301.1 (.NET 7.0.16; Microsoft Windows 10.0.22631)",
        "x-ms-client-request-id": "3e171fc8f06397920800df95e852c2c7",
        "x-ms-return-client-request-id": "true"
      },
      "RequestBody": null,
      "StatusCode": 200,
      "ResponseHeaders": {
        "apim-request-id": "1667d162-214a-4d09-8a73-38a948566590",
        "Content-Type": "application/json; charset=utf-8",
        "Date": "Fri, 01 Mar 2024 13:53:49 GMT",
        "Strict-Transport-Security": "max-age=31536000; includeSubDomains; preload",
        "Transfer-Encoding": "chunked",
        "X-Content-Type-Options": "nosniff",
        "x-envoy-upstream-service-time": "8",
        "x-ms-region": "West US 2"
      },
      "ResponseBody": {
        "operationId": "31457066784_ba28eaaf-584d-468e-9d87-9876374700a1",
        "kind": "documentClassifierBuild",
        "status": "running",
        "createdDateTime": "2024-03-01T13:53:35Z",
        "lastUpdatedDateTime": "2024-03-01T13:53:39Z",
        "resourceLocation": "https://camaiaor-westus2.cognitiveservices.azure.com/documentintelligence/documentClassifiers/1046061492?api-version=2024-02-29-preview",
        "apiVersion": "2024-02-29-preview"
      }
    },
    {
      "RequestUri": "https://camaiaor-westus2.cognitiveservices.azure.com/documentintelligence/operations/31457066784_ba28eaaf-584d-468e-9d87-9876374700a1?api-version=2024-02-29-preview",
      "RequestMethod": "GET",
      "RequestHeaders": {
        "Ocp-Apim-Subscription-Key": "Sanitized",
        "User-Agent": "azsdk-net-AI.DocumentIntelligence/1.0.0-alpha.20240301.1 (.NET 7.0.16; Microsoft Windows 10.0.22631)",
        "x-ms-client-request-id": "4840f67b88bf74995e235759ef73cc2e",
        "x-ms-return-client-request-id": "true"
      },
      "RequestBody": null,
      "StatusCode": 200,
      "ResponseHeaders": {
        "apim-request-id": "84b41f36-6c4a-49a8-98a6-c734725d0c63",
        "Content-Type": "application/json; charset=utf-8",
        "Date": "Fri, 01 Mar 2024 13:53:50 GMT",
        "Strict-Transport-Security": "max-age=31536000; includeSubDomains; preload",
        "Transfer-Encoding": "chunked",
        "X-Content-Type-Options": "nosniff",
        "x-envoy-upstream-service-time": "8",
        "x-ms-region": "West US 2"
      },
      "ResponseBody": {
        "operationId": "31457066784_ba28eaaf-584d-468e-9d87-9876374700a1",
        "kind": "documentClassifierBuild",
        "status": "running",
        "createdDateTime": "2024-03-01T13:53:35Z",
        "lastUpdatedDateTime": "2024-03-01T13:53:39Z",
        "resourceLocation": "https://camaiaor-westus2.cognitiveservices.azure.com/documentintelligence/documentClassifiers/1046061492?api-version=2024-02-29-preview",
        "apiVersion": "2024-02-29-preview"
      }
    },
    {
      "RequestUri": "https://camaiaor-westus2.cognitiveservices.azure.com/documentintelligence/operations/31457066784_ba28eaaf-584d-468e-9d87-9876374700a1?api-version=2024-02-29-preview",
      "RequestMethod": "GET",
      "RequestHeaders": {
        "Ocp-Apim-Subscription-Key": "Sanitized",
        "User-Agent": "azsdk-net-AI.DocumentIntelligence/1.0.0-alpha.20240301.1 (.NET 7.0.16; Microsoft Windows 10.0.22631)",
        "x-ms-client-request-id": "0b95eebd913c3705dfbc0a91522356be",
        "x-ms-return-client-request-id": "true"
      },
      "RequestBody": null,
      "StatusCode": 200,
      "ResponseHeaders": {
        "apim-request-id": "afebf0f2-3b00-4625-a780-ebfb7666923b",
        "Content-Type": "application/json; charset=utf-8",
        "Date": "Fri, 01 Mar 2024 13:53:51 GMT",
        "Strict-Transport-Security": "max-age=31536000; includeSubDomains; preload",
        "Transfer-Encoding": "chunked",
        "X-Content-Type-Options": "nosniff",
        "x-envoy-upstream-service-time": "9",
        "x-ms-region": "West US 2"
      },
      "ResponseBody": {
        "operationId": "31457066784_ba28eaaf-584d-468e-9d87-9876374700a1",
        "kind": "documentClassifierBuild",
        "status": "running",
        "createdDateTime": "2024-03-01T13:53:35Z",
        "lastUpdatedDateTime": "2024-03-01T13:53:39Z",
        "resourceLocation": "https://camaiaor-westus2.cognitiveservices.azure.com/documentintelligence/documentClassifiers/1046061492?api-version=2024-02-29-preview",
        "apiVersion": "2024-02-29-preview"
      }
    },
    {
      "RequestUri": "https://camaiaor-westus2.cognitiveservices.azure.com/documentintelligence/operations/31457066784_ba28eaaf-584d-468e-9d87-9876374700a1?api-version=2024-02-29-preview",
      "RequestMethod": "GET",
      "RequestHeaders": {
        "Ocp-Apim-Subscription-Key": "Sanitized",
        "User-Agent": "azsdk-net-AI.DocumentIntelligence/1.0.0-alpha.20240301.1 (.NET 7.0.16; Microsoft Windows 10.0.22631)",
        "x-ms-client-request-id": "28c2ffa79c04406185a2df3f9939a794",
        "x-ms-return-client-request-id": "true"
      },
      "RequestBody": null,
      "StatusCode": 200,
      "ResponseHeaders": {
        "apim-request-id": "d2573f54-dddc-4a83-9214-95978efedf62",
        "Content-Type": "application/json; charset=utf-8",
        "Date": "Fri, 01 Mar 2024 13:53:52 GMT",
        "Strict-Transport-Security": "max-age=31536000; includeSubDomains; preload",
        "Transfer-Encoding": "chunked",
        "X-Content-Type-Options": "nosniff",
        "x-envoy-upstream-service-time": "6",
        "x-ms-region": "West US 2"
      },
      "ResponseBody": {
        "operationId": "31457066784_ba28eaaf-584d-468e-9d87-9876374700a1",
        "kind": "documentClassifierBuild",
        "status": "running",
        "createdDateTime": "2024-03-01T13:53:35Z",
        "lastUpdatedDateTime": "2024-03-01T13:53:39Z",
        "resourceLocation": "https://camaiaor-westus2.cognitiveservices.azure.com/documentintelligence/documentClassifiers/1046061492?api-version=2024-02-29-preview",
        "apiVersion": "2024-02-29-preview"
      }
    },
    {
      "RequestUri": "https://camaiaor-westus2.cognitiveservices.azure.com/documentintelligence/operations/31457066784_ba28eaaf-584d-468e-9d87-9876374700a1?api-version=2024-02-29-preview",
      "RequestMethod": "GET",
      "RequestHeaders": {
        "Ocp-Apim-Subscription-Key": "Sanitized",
        "User-Agent": "azsdk-net-AI.DocumentIntelligence/1.0.0-alpha.20240301.1 (.NET 7.0.16; Microsoft Windows 10.0.22631)",
        "x-ms-client-request-id": "fad7b133b6bdea8af10868037d08223b",
        "x-ms-return-client-request-id": "true"
      },
      "RequestBody": null,
      "StatusCode": 200,
      "ResponseHeaders": {
        "apim-request-id": "26076f05-b197-4742-b351-937861b24041",
        "Content-Type": "application/json; charset=utf-8",
        "Date": "Fri, 01 Mar 2024 13:53:54 GMT",
        "Strict-Transport-Security": "max-age=31536000; includeSubDomains; preload",
        "Transfer-Encoding": "chunked",
        "X-Content-Type-Options": "nosniff",
        "x-envoy-upstream-service-time": "6",
        "x-ms-region": "West US 2"
      },
      "ResponseBody": {
        "operationId": "31457066784_ba28eaaf-584d-468e-9d87-9876374700a1",
        "kind": "documentClassifierBuild",
        "status": "running",
        "createdDateTime": "2024-03-01T13:53:35Z",
        "lastUpdatedDateTime": "2024-03-01T13:53:39Z",
        "resourceLocation": "https://camaiaor-westus2.cognitiveservices.azure.com/documentintelligence/documentClassifiers/1046061492?api-version=2024-02-29-preview",
        "apiVersion": "2024-02-29-preview"
      }
    },
    {
      "RequestUri": "https://camaiaor-westus2.cognitiveservices.azure.com/documentintelligence/operations/31457066784_ba28eaaf-584d-468e-9d87-9876374700a1?api-version=2024-02-29-preview",
      "RequestMethod": "GET",
      "RequestHeaders": {
        "Ocp-Apim-Subscription-Key": "Sanitized",
        "User-Agent": "azsdk-net-AI.DocumentIntelligence/1.0.0-alpha.20240301.1 (.NET 7.0.16; Microsoft Windows 10.0.22631)",
        "x-ms-client-request-id": "f0b298cda4b0212a8c54869ab2c69ea6",
        "x-ms-return-client-request-id": "true"
      },
      "RequestBody": null,
      "StatusCode": 200,
      "ResponseHeaders": {
        "apim-request-id": "3fca41e6-f568-45ff-9d1a-645febbf276f",
        "Content-Type": "application/json; charset=utf-8",
        "Date": "Fri, 01 Mar 2024 13:53:55 GMT",
        "Strict-Transport-Security": "max-age=31536000; includeSubDomains; preload",
        "Transfer-Encoding": "chunked",
        "X-Content-Type-Options": "nosniff",
        "x-envoy-upstream-service-time": "6",
        "x-ms-region": "West US 2"
      },
      "ResponseBody": {
        "operationId": "31457066784_ba28eaaf-584d-468e-9d87-9876374700a1",
        "kind": "documentClassifierBuild",
        "status": "running",
        "createdDateTime": "2024-03-01T13:53:35Z",
        "lastUpdatedDateTime": "2024-03-01T13:53:39Z",
        "resourceLocation": "https://camaiaor-westus2.cognitiveservices.azure.com/documentintelligence/documentClassifiers/1046061492?api-version=2024-02-29-preview",
        "apiVersion": "2024-02-29-preview"
      }
    },
    {
      "RequestUri": "https://camaiaor-westus2.cognitiveservices.azure.com/documentintelligence/operations/31457066784_ba28eaaf-584d-468e-9d87-9876374700a1?api-version=2024-02-29-preview",
      "RequestMethod": "GET",
      "RequestHeaders": {
        "Ocp-Apim-Subscription-Key": "Sanitized",
        "User-Agent": "azsdk-net-AI.DocumentIntelligence/1.0.0-alpha.20240301.1 (.NET 7.0.16; Microsoft Windows 10.0.22631)",
        "x-ms-client-request-id": "a15d76155b4cf10174d836fc335ec37c",
        "x-ms-return-client-request-id": "true"
      },
      "RequestBody": null,
      "StatusCode": 200,
      "ResponseHeaders": {
        "apim-request-id": "e113ec14-783b-4c79-a66d-ed8c632d1d0c",
        "Content-Type": "application/json; charset=utf-8",
        "Date": "Fri, 01 Mar 2024 13:53:56 GMT",
        "Strict-Transport-Security": "max-age=31536000; includeSubDomains; preload",
        "Transfer-Encoding": "chunked",
        "X-Content-Type-Options": "nosniff",
        "x-envoy-upstream-service-time": "7",
        "x-ms-region": "West US 2"
      },
      "ResponseBody": {
        "operationId": "31457066784_ba28eaaf-584d-468e-9d87-9876374700a1",
        "kind": "documentClassifierBuild",
        "status": "running",
        "createdDateTime": "2024-03-01T13:53:35Z",
        "lastUpdatedDateTime": "2024-03-01T13:53:39Z",
        "resourceLocation": "https://camaiaor-westus2.cognitiveservices.azure.com/documentintelligence/documentClassifiers/1046061492?api-version=2024-02-29-preview",
        "apiVersion": "2024-02-29-preview"
      }
    },
    {
      "RequestUri": "https://camaiaor-westus2.cognitiveservices.azure.com/documentintelligence/operations/31457066784_ba28eaaf-584d-468e-9d87-9876374700a1?api-version=2024-02-29-preview",
      "RequestMethod": "GET",
      "RequestHeaders": {
        "Ocp-Apim-Subscription-Key": "Sanitized",
        "User-Agent": "azsdk-net-AI.DocumentIntelligence/1.0.0-alpha.20240301.1 (.NET 7.0.16; Microsoft Windows 10.0.22631)",
        "x-ms-client-request-id": "0172a480b7878fe486b66d6830f0382b",
        "x-ms-return-client-request-id": "true"
      },
      "RequestBody": null,
      "StatusCode": 200,
      "ResponseHeaders": {
        "apim-request-id": "74c80f9d-71f9-411c-bc8c-18b3d243b1ef",
        "Content-Type": "application/json; charset=utf-8",
        "Date": "Fri, 01 Mar 2024 13:53:57 GMT",
        "Strict-Transport-Security": "max-age=31536000; includeSubDomains; preload",
        "Transfer-Encoding": "chunked",
        "X-Content-Type-Options": "nosniff",
        "x-envoy-upstream-service-time": "6",
        "x-ms-region": "West US 2"
      },
      "ResponseBody": {
        "operationId": "31457066784_ba28eaaf-584d-468e-9d87-9876374700a1",
        "kind": "documentClassifierBuild",
        "status": "running",
        "createdDateTime": "2024-03-01T13:53:35Z",
        "lastUpdatedDateTime": "2024-03-01T13:53:39Z",
        "resourceLocation": "https://camaiaor-westus2.cognitiveservices.azure.com/documentintelligence/documentClassifiers/1046061492?api-version=2024-02-29-preview",
        "apiVersion": "2024-02-29-preview"
      }
    },
    {
      "RequestUri": "https://camaiaor-westus2.cognitiveservices.azure.com/documentintelligence/operations/31457066784_ba28eaaf-584d-468e-9d87-9876374700a1?api-version=2024-02-29-preview",
      "RequestMethod": "GET",
      "RequestHeaders": {
        "Ocp-Apim-Subscription-Key": "Sanitized",
        "User-Agent": "azsdk-net-AI.DocumentIntelligence/1.0.0-alpha.20240301.1 (.NET 7.0.16; Microsoft Windows 10.0.22631)",
        "x-ms-client-request-id": "07eec16980ab71ef96c17bd86d2eed2e",
        "x-ms-return-client-request-id": "true"
      },
      "RequestBody": null,
      "StatusCode": 200,
      "ResponseHeaders": {
        "apim-request-id": "f6fda26f-8d51-4e61-a4aa-5147a866a49f",
        "Content-Type": "application/json; charset=utf-8",
        "Date": "Fri, 01 Mar 2024 13:53:58 GMT",
        "Strict-Transport-Security": "max-age=31536000; includeSubDomains; preload",
        "Transfer-Encoding": "chunked",
        "X-Content-Type-Options": "nosniff",
        "x-envoy-upstream-service-time": "8",
        "x-ms-region": "West US 2"
      },
      "ResponseBody": {
        "operationId": "31457066784_ba28eaaf-584d-468e-9d87-9876374700a1",
        "kind": "documentClassifierBuild",
        "status": "running",
        "createdDateTime": "2024-03-01T13:53:35Z",
        "lastUpdatedDateTime": "2024-03-01T13:53:39Z",
        "resourceLocation": "https://camaiaor-westus2.cognitiveservices.azure.com/documentintelligence/documentClassifiers/1046061492?api-version=2024-02-29-preview",
        "apiVersion": "2024-02-29-preview"
      }
    },
    {
      "RequestUri": "https://camaiaor-westus2.cognitiveservices.azure.com/documentintelligence/operations/31457066784_ba28eaaf-584d-468e-9d87-9876374700a1?api-version=2024-02-29-preview",
      "RequestMethod": "GET",
      "RequestHeaders": {
        "Ocp-Apim-Subscription-Key": "Sanitized",
        "User-Agent": "azsdk-net-AI.DocumentIntelligence/1.0.0-alpha.20240301.1 (.NET 7.0.16; Microsoft Windows 10.0.22631)",
        "x-ms-client-request-id": "0d1909919d535d1f91cd1a95ed98c184",
        "x-ms-return-client-request-id": "true"
      },
      "RequestBody": null,
      "StatusCode": 200,
      "ResponseHeaders": {
        "apim-request-id": "036fe591-8baf-40bb-99b6-b80067d659db",
        "Content-Type": "application/json; charset=utf-8",
        "Date": "Fri, 01 Mar 2024 13:53:59 GMT",
        "Strict-Transport-Security": "max-age=31536000; includeSubDomains; preload",
        "Transfer-Encoding": "chunked",
        "X-Content-Type-Options": "nosniff",
        "x-envoy-upstream-service-time": "7",
        "x-ms-region": "West US 2"
      },
      "ResponseBody": {
        "operationId": "31457066784_ba28eaaf-584d-468e-9d87-9876374700a1",
        "kind": "documentClassifierBuild",
        "status": "running",
        "createdDateTime": "2024-03-01T13:53:35Z",
        "lastUpdatedDateTime": "2024-03-01T13:53:39Z",
        "resourceLocation": "https://camaiaor-westus2.cognitiveservices.azure.com/documentintelligence/documentClassifiers/1046061492?api-version=2024-02-29-preview",
        "apiVersion": "2024-02-29-preview"
      }
    },
    {
      "RequestUri": "https://camaiaor-westus2.cognitiveservices.azure.com/documentintelligence/operations/31457066784_ba28eaaf-584d-468e-9d87-9876374700a1?api-version=2024-02-29-preview",
      "RequestMethod": "GET",
      "RequestHeaders": {
        "Ocp-Apim-Subscription-Key": "Sanitized",
        "User-Agent": "azsdk-net-AI.DocumentIntelligence/1.0.0-alpha.20240301.1 (.NET 7.0.16; Microsoft Windows 10.0.22631)",
        "x-ms-client-request-id": "72920ba0bc7000d1b5006ac53b0b2258",
        "x-ms-return-client-request-id": "true"
      },
      "RequestBody": null,
      "StatusCode": 200,
      "ResponseHeaders": {
        "apim-request-id": "6f627e98-6520-4032-b1fa-0cd619165c11",
        "Content-Type": "application/json; charset=utf-8",
        "Date": "Fri, 01 Mar 2024 13:54:00 GMT",
        "Strict-Transport-Security": "max-age=31536000; includeSubDomains; preload",
        "Transfer-Encoding": "chunked",
        "X-Content-Type-Options": "nosniff",
        "x-envoy-upstream-service-time": "5",
        "x-ms-region": "West US 2"
      },
      "ResponseBody": {
        "operationId": "31457066784_ba28eaaf-584d-468e-9d87-9876374700a1",
        "kind": "documentClassifierBuild",
        "status": "running",
        "createdDateTime": "2024-03-01T13:53:35Z",
        "lastUpdatedDateTime": "2024-03-01T13:53:39Z",
        "resourceLocation": "https://camaiaor-westus2.cognitiveservices.azure.com/documentintelligence/documentClassifiers/1046061492?api-version=2024-02-29-preview",
        "apiVersion": "2024-02-29-preview"
      }
    },
    {
      "RequestUri": "https://camaiaor-westus2.cognitiveservices.azure.com/documentintelligence/operations/31457066784_ba28eaaf-584d-468e-9d87-9876374700a1?api-version=2024-02-29-preview",
      "RequestMethod": "GET",
      "RequestHeaders": {
        "Ocp-Apim-Subscription-Key": "Sanitized",
        "User-Agent": "azsdk-net-AI.DocumentIntelligence/1.0.0-alpha.20240301.1 (.NET 7.0.16; Microsoft Windows 10.0.22631)",
        "x-ms-client-request-id": "26d73fc82ad6ccd7a29075de655984fd",
        "x-ms-return-client-request-id": "true"
      },
      "RequestBody": null,
      "StatusCode": 200,
      "ResponseHeaders": {
        "apim-request-id": "e6faf650-0337-4f4a-861a-0cf0ff88235c",
        "Content-Type": "application/json; charset=utf-8",
        "Date": "Fri, 01 Mar 2024 13:54:01 GMT",
        "Strict-Transport-Security": "max-age=31536000; includeSubDomains; preload",
        "Transfer-Encoding": "chunked",
        "X-Content-Type-Options": "nosniff",
        "x-envoy-upstream-service-time": "6",
        "x-ms-region": "West US 2"
      },
      "ResponseBody": {
        "operationId": "31457066784_ba28eaaf-584d-468e-9d87-9876374700a1",
        "kind": "documentClassifierBuild",
        "status": "running",
        "createdDateTime": "2024-03-01T13:53:35Z",
        "lastUpdatedDateTime": "2024-03-01T13:53:39Z",
        "resourceLocation": "https://camaiaor-westus2.cognitiveservices.azure.com/documentintelligence/documentClassifiers/1046061492?api-version=2024-02-29-preview",
        "apiVersion": "2024-02-29-preview"
      }
    },
    {
      "RequestUri": "https://camaiaor-westus2.cognitiveservices.azure.com/documentintelligence/operations/31457066784_ba28eaaf-584d-468e-9d87-9876374700a1?api-version=2024-02-29-preview",
      "RequestMethod": "GET",
      "RequestHeaders": {
        "Ocp-Apim-Subscription-Key": "Sanitized",
        "User-Agent": "azsdk-net-AI.DocumentIntelligence/1.0.0-alpha.20240301.1 (.NET 7.0.16; Microsoft Windows 10.0.22631)",
        "x-ms-client-request-id": "6137f7007b9cd5be3819585332592285",
        "x-ms-return-client-request-id": "true"
      },
      "RequestBody": null,
      "StatusCode": 200,
      "ResponseHeaders": {
        "apim-request-id": "deaad5f1-31f9-4f61-88d5-a84f5b66839c",
        "Content-Type": "application/json; charset=utf-8",
        "Date": "Fri, 01 Mar 2024 13:54:02 GMT",
        "Strict-Transport-Security": "max-age=31536000; includeSubDomains; preload",
        "Transfer-Encoding": "chunked",
        "X-Content-Type-Options": "nosniff",
        "x-envoy-upstream-service-time": "7",
        "x-ms-region": "West US 2"
      },
      "ResponseBody": {
        "operationId": "31457066784_ba28eaaf-584d-468e-9d87-9876374700a1",
        "kind": "documentClassifierBuild",
        "status": "running",
        "createdDateTime": "2024-03-01T13:53:35Z",
        "lastUpdatedDateTime": "2024-03-01T13:53:39Z",
        "resourceLocation": "https://camaiaor-westus2.cognitiveservices.azure.com/documentintelligence/documentClassifiers/1046061492?api-version=2024-02-29-preview",
        "apiVersion": "2024-02-29-preview"
      }
    },
    {
      "RequestUri": "https://camaiaor-westus2.cognitiveservices.azure.com/documentintelligence/operations/31457066784_ba28eaaf-584d-468e-9d87-9876374700a1?api-version=2024-02-29-preview",
      "RequestMethod": "GET",
      "RequestHeaders": {
        "Ocp-Apim-Subscription-Key": "Sanitized",
        "User-Agent": "azsdk-net-AI.DocumentIntelligence/1.0.0-alpha.20240301.1 (.NET 7.0.16; Microsoft Windows 10.0.22631)",
        "x-ms-client-request-id": "aecdc2aa9ac176ad34c5cfe047f29a5c",
        "x-ms-return-client-request-id": "true"
      },
      "RequestBody": null,
      "StatusCode": 200,
      "ResponseHeaders": {
        "apim-request-id": "7e7097db-4ddd-4cc6-a69f-aeebf8baf7a0",
        "Content-Type": "application/json; charset=utf-8",
        "Date": "Fri, 01 Mar 2024 13:54:03 GMT",
        "Strict-Transport-Security": "max-age=31536000; includeSubDomains; preload",
        "Transfer-Encoding": "chunked",
        "X-Content-Type-Options": "nosniff",
        "x-envoy-upstream-service-time": "7",
        "x-ms-region": "West US 2"
      },
      "ResponseBody": {
        "operationId": "31457066784_ba28eaaf-584d-468e-9d87-9876374700a1",
        "kind": "documentClassifierBuild",
        "status": "running",
        "createdDateTime": "2024-03-01T13:53:35Z",
        "lastUpdatedDateTime": "2024-03-01T13:53:39Z",
        "resourceLocation": "https://camaiaor-westus2.cognitiveservices.azure.com/documentintelligence/documentClassifiers/1046061492?api-version=2024-02-29-preview",
        "apiVersion": "2024-02-29-preview"
      }
    },
    {
      "RequestUri": "https://camaiaor-westus2.cognitiveservices.azure.com/documentintelligence/operations/31457066784_ba28eaaf-584d-468e-9d87-9876374700a1?api-version=2024-02-29-preview",
      "RequestMethod": "GET",
      "RequestHeaders": {
        "Ocp-Apim-Subscription-Key": "Sanitized",
        "User-Agent": "azsdk-net-AI.DocumentIntelligence/1.0.0-alpha.20240301.1 (.NET 7.0.16; Microsoft Windows 10.0.22631)",
        "x-ms-client-request-id": "43c56c7bc1d44cbc8002eebdd2839948",
        "x-ms-return-client-request-id": "true"
      },
      "RequestBody": null,
      "StatusCode": 200,
      "ResponseHeaders": {
        "apim-request-id": "24197acc-899e-4845-8394-5220b5abfb02",
        "Content-Type": "application/json; charset=utf-8",
        "Date": "Fri, 01 Mar 2024 13:54:04 GMT",
        "Strict-Transport-Security": "max-age=31536000; includeSubDomains; preload",
        "Transfer-Encoding": "chunked",
        "X-Content-Type-Options": "nosniff",
        "x-envoy-upstream-service-time": "7",
        "x-ms-region": "West US 2"
      },
      "ResponseBody": {
        "operationId": "31457066784_ba28eaaf-584d-468e-9d87-9876374700a1",
        "kind": "documentClassifierBuild",
        "status": "running",
        "createdDateTime": "2024-03-01T13:53:35Z",
        "lastUpdatedDateTime": "2024-03-01T13:53:39Z",
        "resourceLocation": "https://camaiaor-westus2.cognitiveservices.azure.com/documentintelligence/documentClassifiers/1046061492?api-version=2024-02-29-preview",
        "apiVersion": "2024-02-29-preview"
      }
    },
    {
      "RequestUri": "https://camaiaor-westus2.cognitiveservices.azure.com/documentintelligence/operations/31457066784_ba28eaaf-584d-468e-9d87-9876374700a1?api-version=2024-02-29-preview",
      "RequestMethod": "GET",
      "RequestHeaders": {
        "Ocp-Apim-Subscription-Key": "Sanitized",
        "User-Agent": "azsdk-net-AI.DocumentIntelligence/1.0.0-alpha.20240301.1 (.NET 7.0.16; Microsoft Windows 10.0.22631)",
        "x-ms-client-request-id": "a333ef6dd68b653c4ac12dd6abde8e45",
        "x-ms-return-client-request-id": "true"
      },
      "RequestBody": null,
      "StatusCode": 200,
      "ResponseHeaders": {
        "apim-request-id": "2e962a8c-5f6c-461e-834b-8307b16ff521",
        "Content-Type": "application/json; charset=utf-8",
        "Date": "Fri, 01 Mar 2024 13:54:05 GMT",
        "Strict-Transport-Security": "max-age=31536000; includeSubDomains; preload",
        "Transfer-Encoding": "chunked",
        "X-Content-Type-Options": "nosniff",
        "x-envoy-upstream-service-time": "6",
        "x-ms-region": "West US 2"
      },
      "ResponseBody": {
        "operationId": "31457066784_ba28eaaf-584d-468e-9d87-9876374700a1",
        "kind": "documentClassifierBuild",
        "status": "running",
        "createdDateTime": "2024-03-01T13:53:35Z",
        "lastUpdatedDateTime": "2024-03-01T13:53:39Z",
        "resourceLocation": "https://camaiaor-westus2.cognitiveservices.azure.com/documentintelligence/documentClassifiers/1046061492?api-version=2024-02-29-preview",
        "apiVersion": "2024-02-29-preview"
      }
    },
    {
      "RequestUri": "https://camaiaor-westus2.cognitiveservices.azure.com/documentintelligence/operations/31457066784_ba28eaaf-584d-468e-9d87-9876374700a1?api-version=2024-02-29-preview",
      "RequestMethod": "GET",
      "RequestHeaders": {
        "Ocp-Apim-Subscription-Key": "Sanitized",
        "User-Agent": "azsdk-net-AI.DocumentIntelligence/1.0.0-alpha.20240301.1 (.NET 7.0.16; Microsoft Windows 10.0.22631)",
        "x-ms-client-request-id": "c6d7fb7fdf93e9b106812dbfacf0a3b0",
        "x-ms-return-client-request-id": "true"
      },
      "RequestBody": null,
      "StatusCode": 200,
      "ResponseHeaders": {
        "apim-request-id": "54565578-149a-4631-a46c-532a51f08023",
        "Content-Type": "application/json; charset=utf-8",
        "Date": "Fri, 01 Mar 2024 13:54:06 GMT",
        "Strict-Transport-Security": "max-age=31536000; includeSubDomains; preload",
        "Transfer-Encoding": "chunked",
        "X-Content-Type-Options": "nosniff",
        "x-envoy-upstream-service-time": "8",
        "x-ms-region": "West US 2"
      },
      "ResponseBody": {
        "operationId": "31457066784_ba28eaaf-584d-468e-9d87-9876374700a1",
        "kind": "documentClassifierBuild",
        "status": "running",
        "createdDateTime": "2024-03-01T13:53:35Z",
        "lastUpdatedDateTime": "2024-03-01T13:53:39Z",
        "resourceLocation": "https://camaiaor-westus2.cognitiveservices.azure.com/documentintelligence/documentClassifiers/1046061492?api-version=2024-02-29-preview",
        "apiVersion": "2024-02-29-preview"
      }
    },
    {
      "RequestUri": "https://camaiaor-westus2.cognitiveservices.azure.com/documentintelligence/operations/31457066784_ba28eaaf-584d-468e-9d87-9876374700a1?api-version=2024-02-29-preview",
      "RequestMethod": "GET",
      "RequestHeaders": {
        "Ocp-Apim-Subscription-Key": "Sanitized",
        "User-Agent": "azsdk-net-AI.DocumentIntelligence/1.0.0-alpha.20240301.1 (.NET 7.0.16; Microsoft Windows 10.0.22631)",
        "x-ms-client-request-id": "5772872bf6bea5d12f60f91293e5a0a2",
        "x-ms-return-client-request-id": "true"
      },
      "RequestBody": null,
      "StatusCode": 200,
      "ResponseHeaders": {
        "apim-request-id": "c19bbb70-067d-4bff-85cd-6098e54eb5fb",
        "Content-Type": "application/json; charset=utf-8",
        "Date": "Fri, 01 Mar 2024 13:54:07 GMT",
        "Strict-Transport-Security": "max-age=31536000; includeSubDomains; preload",
        "Transfer-Encoding": "chunked",
        "X-Content-Type-Options": "nosniff",
        "x-envoy-upstream-service-time": "7",
        "x-ms-region": "West US 2"
      },
      "ResponseBody": {
        "operationId": "31457066784_ba28eaaf-584d-468e-9d87-9876374700a1",
        "kind": "documentClassifierBuild",
        "status": "running",
        "createdDateTime": "2024-03-01T13:53:35Z",
        "lastUpdatedDateTime": "2024-03-01T13:53:39Z",
        "resourceLocation": "https://camaiaor-westus2.cognitiveservices.azure.com/documentintelligence/documentClassifiers/1046061492?api-version=2024-02-29-preview",
        "apiVersion": "2024-02-29-preview"
      }
    },
    {
      "RequestUri": "https://camaiaor-westus2.cognitiveservices.azure.com/documentintelligence/operations/31457066784_ba28eaaf-584d-468e-9d87-9876374700a1?api-version=2024-02-29-preview",
      "RequestMethod": "GET",
      "RequestHeaders": {
        "Ocp-Apim-Subscription-Key": "Sanitized",
        "User-Agent": "azsdk-net-AI.DocumentIntelligence/1.0.0-alpha.20240301.1 (.NET 7.0.16; Microsoft Windows 10.0.22631)",
        "x-ms-client-request-id": "d63da874d3ac8eb43d4a9d0aa87cb959",
        "x-ms-return-client-request-id": "true"
      },
      "RequestBody": null,
      "StatusCode": 200,
      "ResponseHeaders": {
        "apim-request-id": "7af3ff20-cf6a-4305-af50-a31b22040514",
        "Content-Type": "application/json; charset=utf-8",
        "Date": "Fri, 01 Mar 2024 13:54:08 GMT",
        "Strict-Transport-Security": "max-age=31536000; includeSubDomains; preload",
        "Transfer-Encoding": "chunked",
        "X-Content-Type-Options": "nosniff",
        "x-envoy-upstream-service-time": "8",
        "x-ms-region": "West US 2"
      },
      "ResponseBody": {
        "operationId": "31457066784_ba28eaaf-584d-468e-9d87-9876374700a1",
        "kind": "documentClassifierBuild",
        "status": "running",
        "createdDateTime": "2024-03-01T13:53:35Z",
        "lastUpdatedDateTime": "2024-03-01T13:53:39Z",
        "resourceLocation": "https://camaiaor-westus2.cognitiveservices.azure.com/documentintelligence/documentClassifiers/1046061492?api-version=2024-02-29-preview",
        "apiVersion": "2024-02-29-preview"
      }
    },
    {
      "RequestUri": "https://camaiaor-westus2.cognitiveservices.azure.com/documentintelligence/operations/31457066784_ba28eaaf-584d-468e-9d87-9876374700a1?api-version=2024-02-29-preview",
      "RequestMethod": "GET",
      "RequestHeaders": {
        "Ocp-Apim-Subscription-Key": "Sanitized",
        "User-Agent": "azsdk-net-AI.DocumentIntelligence/1.0.0-alpha.20240301.1 (.NET 7.0.16; Microsoft Windows 10.0.22631)",
        "x-ms-client-request-id": "24ab7d1d366b88862a329633e59e5520",
        "x-ms-return-client-request-id": "true"
      },
      "RequestBody": null,
      "StatusCode": 200,
      "ResponseHeaders": {
        "apim-request-id": "5e3fac3c-942a-466e-b273-642467038ca6",
        "Content-Type": "application/json; charset=utf-8",
        "Date": "Fri, 01 Mar 2024 13:54:09 GMT",
        "Strict-Transport-Security": "max-age=31536000; includeSubDomains; preload",
        "Transfer-Encoding": "chunked",
        "X-Content-Type-Options": "nosniff",
        "x-envoy-upstream-service-time": "9",
        "x-ms-region": "West US 2"
      },
      "ResponseBody": {
        "operationId": "31457066784_ba28eaaf-584d-468e-9d87-9876374700a1",
        "kind": "documentClassifierBuild",
        "status": "running",
        "createdDateTime": "2024-03-01T13:53:35Z",
        "lastUpdatedDateTime": "2024-03-01T13:53:39Z",
        "resourceLocation": "https://camaiaor-westus2.cognitiveservices.azure.com/documentintelligence/documentClassifiers/1046061492?api-version=2024-02-29-preview",
        "apiVersion": "2024-02-29-preview"
      }
    },
    {
      "RequestUri": "https://camaiaor-westus2.cognitiveservices.azure.com/documentintelligence/operations/31457066784_ba28eaaf-584d-468e-9d87-9876374700a1?api-version=2024-02-29-preview",
      "RequestMethod": "GET",
      "RequestHeaders": {
        "Ocp-Apim-Subscription-Key": "Sanitized",
        "User-Agent": "azsdk-net-AI.DocumentIntelligence/1.0.0-alpha.20240301.1 (.NET 7.0.16; Microsoft Windows 10.0.22631)",
        "x-ms-client-request-id": "034b8ae0cdb25804d2e4197459c6fdb3",
        "x-ms-return-client-request-id": "true"
      },
      "RequestBody": null,
      "StatusCode": 200,
      "ResponseHeaders": {
        "apim-request-id": "6c2c3208-88c4-4d46-8fd2-601e81e674f0",
        "Content-Type": "application/json; charset=utf-8",
        "Date": "Fri, 01 Mar 2024 13:54:10 GMT",
        "Strict-Transport-Security": "max-age=31536000; includeSubDomains; preload",
        "Transfer-Encoding": "chunked",
        "X-Content-Type-Options": "nosniff",
        "x-envoy-upstream-service-time": "8",
        "x-ms-region": "West US 2"
      },
      "ResponseBody": {
        "operationId": "31457066784_ba28eaaf-584d-468e-9d87-9876374700a1",
        "kind": "documentClassifierBuild",
        "status": "running",
        "createdDateTime": "2024-03-01T13:53:35Z",
        "lastUpdatedDateTime": "2024-03-01T13:53:39Z",
        "resourceLocation": "https://camaiaor-westus2.cognitiveservices.azure.com/documentintelligence/documentClassifiers/1046061492?api-version=2024-02-29-preview",
        "apiVersion": "2024-02-29-preview"
      }
    },
    {
      "RequestUri": "https://camaiaor-westus2.cognitiveservices.azure.com/documentintelligence/operations/31457066784_ba28eaaf-584d-468e-9d87-9876374700a1?api-version=2024-02-29-preview",
      "RequestMethod": "GET",
      "RequestHeaders": {
        "Ocp-Apim-Subscription-Key": "Sanitized",
        "User-Agent": "azsdk-net-AI.DocumentIntelligence/1.0.0-alpha.20240301.1 (.NET 7.0.16; Microsoft Windows 10.0.22631)",
        "x-ms-client-request-id": "16f59fa67c3a3d3722b5ab7a3c81a89e",
        "x-ms-return-client-request-id": "true"
      },
      "RequestBody": null,
      "StatusCode": 200,
      "ResponseHeaders": {
        "apim-request-id": "6d0f2797-2432-4934-9d9c-1295eaa78100",
        "Content-Type": "application/json; charset=utf-8",
        "Date": "Fri, 01 Mar 2024 13:54:11 GMT",
        "Strict-Transport-Security": "max-age=31536000; includeSubDomains; preload",
        "Transfer-Encoding": "chunked",
        "X-Content-Type-Options": "nosniff",
        "x-envoy-upstream-service-time": "7",
        "x-ms-region": "West US 2"
      },
      "ResponseBody": {
        "operationId": "31457066784_ba28eaaf-584d-468e-9d87-9876374700a1",
        "kind": "documentClassifierBuild",
        "status": "running",
        "createdDateTime": "2024-03-01T13:53:35Z",
        "lastUpdatedDateTime": "2024-03-01T13:53:39Z",
        "resourceLocation": "https://camaiaor-westus2.cognitiveservices.azure.com/documentintelligence/documentClassifiers/1046061492?api-version=2024-02-29-preview",
        "apiVersion": "2024-02-29-preview"
      }
    },
    {
      "RequestUri": "https://camaiaor-westus2.cognitiveservices.azure.com/documentintelligence/operations/31457066784_ba28eaaf-584d-468e-9d87-9876374700a1?api-version=2024-02-29-preview",
      "RequestMethod": "GET",
      "RequestHeaders": {
        "Ocp-Apim-Subscription-Key": "Sanitized",
        "User-Agent": "azsdk-net-AI.DocumentIntelligence/1.0.0-alpha.20240301.1 (.NET 7.0.16; Microsoft Windows 10.0.22631)",
        "x-ms-client-request-id": "1d297cf5b63150a7795252861c122e63",
        "x-ms-return-client-request-id": "true"
      },
      "RequestBody": null,
      "StatusCode": 200,
      "ResponseHeaders": {
        "apim-request-id": "daf65793-87d1-4408-ad65-64adbf120422",
        "Content-Type": "application/json; charset=utf-8",
        "Date": "Fri, 01 Mar 2024 13:54:12 GMT",
        "Strict-Transport-Security": "max-age=31536000; includeSubDomains; preload",
        "Transfer-Encoding": "chunked",
        "X-Content-Type-Options": "nosniff",
        "x-envoy-upstream-service-time": "6",
        "x-ms-region": "West US 2"
      },
      "ResponseBody": {
        "operationId": "31457066784_ba28eaaf-584d-468e-9d87-9876374700a1",
        "kind": "documentClassifierBuild",
        "status": "running",
        "createdDateTime": "2024-03-01T13:53:35Z",
        "lastUpdatedDateTime": "2024-03-01T13:53:39Z",
        "resourceLocation": "https://camaiaor-westus2.cognitiveservices.azure.com/documentintelligence/documentClassifiers/1046061492?api-version=2024-02-29-preview",
        "apiVersion": "2024-02-29-preview"
      }
    },
    {
      "RequestUri": "https://camaiaor-westus2.cognitiveservices.azure.com/documentintelligence/operations/31457066784_ba28eaaf-584d-468e-9d87-9876374700a1?api-version=2024-02-29-preview",
      "RequestMethod": "GET",
      "RequestHeaders": {
        "Ocp-Apim-Subscription-Key": "Sanitized",
        "User-Agent": "azsdk-net-AI.DocumentIntelligence/1.0.0-alpha.20240301.1 (.NET 7.0.16; Microsoft Windows 10.0.22631)",
        "x-ms-client-request-id": "468de3353ea964e6530de1fd21891c51",
        "x-ms-return-client-request-id": "true"
      },
      "RequestBody": null,
      "StatusCode": 200,
      "ResponseHeaders": {
        "apim-request-id": "41dd6bb8-0caa-444d-b14d-68bfa2013c0d",
        "Content-Type": "application/json; charset=utf-8",
        "Date": "Fri, 01 Mar 2024 13:54:13 GMT",
        "Strict-Transport-Security": "max-age=31536000; includeSubDomains; preload",
        "Transfer-Encoding": "chunked",
        "X-Content-Type-Options": "nosniff",
        "x-envoy-upstream-service-time": "6",
        "x-ms-region": "West US 2"
      },
      "ResponseBody": {
        "operationId": "31457066784_ba28eaaf-584d-468e-9d87-9876374700a1",
        "kind": "documentClassifierBuild",
        "status": "running",
        "createdDateTime": "2024-03-01T13:53:35Z",
        "lastUpdatedDateTime": "2024-03-01T13:53:39Z",
        "resourceLocation": "https://camaiaor-westus2.cognitiveservices.azure.com/documentintelligence/documentClassifiers/1046061492?api-version=2024-02-29-preview",
        "apiVersion": "2024-02-29-preview"
      }
    },
    {
      "RequestUri": "https://camaiaor-westus2.cognitiveservices.azure.com/documentintelligence/operations/31457066784_ba28eaaf-584d-468e-9d87-9876374700a1?api-version=2024-02-29-preview",
      "RequestMethod": "GET",
      "RequestHeaders": {
        "Ocp-Apim-Subscription-Key": "Sanitized",
        "User-Agent": "azsdk-net-AI.DocumentIntelligence/1.0.0-alpha.20240301.1 (.NET 7.0.16; Microsoft Windows 10.0.22631)",
        "x-ms-client-request-id": "dc7e7b3cdf9def81f8a49de729b0210f",
        "x-ms-return-client-request-id": "true"
      },
      "RequestBody": null,
      "StatusCode": 200,
      "ResponseHeaders": {
        "apim-request-id": "d8dd49e5-df08-442e-83e7-b192b904c0d4",
        "Content-Type": "application/json; charset=utf-8",
        "Date": "Fri, 01 Mar 2024 13:54:14 GMT",
        "Strict-Transport-Security": "max-age=31536000; includeSubDomains; preload",
        "Transfer-Encoding": "chunked",
        "X-Content-Type-Options": "nosniff",
        "x-envoy-upstream-service-time": "9",
        "x-ms-region": "West US 2"
      },
      "ResponseBody": {
        "operationId": "31457066784_ba28eaaf-584d-468e-9d87-9876374700a1",
        "kind": "documentClassifierBuild",
        "status": "running",
        "createdDateTime": "2024-03-01T13:53:35Z",
        "lastUpdatedDateTime": "2024-03-01T13:53:39Z",
        "resourceLocation": "https://camaiaor-westus2.cognitiveservices.azure.com/documentintelligence/documentClassifiers/1046061492?api-version=2024-02-29-preview",
        "apiVersion": "2024-02-29-preview"
      }
    },
    {
      "RequestUri": "https://camaiaor-westus2.cognitiveservices.azure.com/documentintelligence/operations/31457066784_ba28eaaf-584d-468e-9d87-9876374700a1?api-version=2024-02-29-preview",
      "RequestMethod": "GET",
      "RequestHeaders": {
        "Ocp-Apim-Subscription-Key": "Sanitized",
        "User-Agent": "azsdk-net-AI.DocumentIntelligence/1.0.0-alpha.20240301.1 (.NET 7.0.16; Microsoft Windows 10.0.22631)",
        "x-ms-client-request-id": "5845488662f3b6f596c5c923d5aa2fef",
        "x-ms-return-client-request-id": "true"
      },
      "RequestBody": null,
      "StatusCode": 200,
      "ResponseHeaders": {
        "apim-request-id": "8849ca08-44ee-4a33-856f-01392c68c751",
        "Content-Type": "application/json; charset=utf-8",
        "Date": "Fri, 01 Mar 2024 13:54:16 GMT",
        "Strict-Transport-Security": "max-age=31536000; includeSubDomains; preload",
        "Transfer-Encoding": "chunked",
        "X-Content-Type-Options": "nosniff",
        "x-envoy-upstream-service-time": "8",
        "x-ms-region": "West US 2"
      },
      "ResponseBody": {
        "operationId": "31457066784_ba28eaaf-584d-468e-9d87-9876374700a1",
        "kind": "documentClassifierBuild",
        "status": "running",
        "createdDateTime": "2024-03-01T13:53:35Z",
        "lastUpdatedDateTime": "2024-03-01T13:53:39Z",
        "resourceLocation": "https://camaiaor-westus2.cognitiveservices.azure.com/documentintelligence/documentClassifiers/1046061492?api-version=2024-02-29-preview",
        "apiVersion": "2024-02-29-preview"
      }
    },
    {
      "RequestUri": "https://camaiaor-westus2.cognitiveservices.azure.com/documentintelligence/operations/31457066784_ba28eaaf-584d-468e-9d87-9876374700a1?api-version=2024-02-29-preview",
      "RequestMethod": "GET",
      "RequestHeaders": {
        "Ocp-Apim-Subscription-Key": "Sanitized",
        "User-Agent": "azsdk-net-AI.DocumentIntelligence/1.0.0-alpha.20240301.1 (.NET 7.0.16; Microsoft Windows 10.0.22631)",
        "x-ms-client-request-id": "a1490136529455c6619d4d05a0fe3aa3",
        "x-ms-return-client-request-id": "true"
      },
      "RequestBody": null,
      "StatusCode": 200,
      "ResponseHeaders": {
        "apim-request-id": "9d6ff238-f441-406a-a1b9-244d5bddba57",
        "Content-Type": "application/json; charset=utf-8",
        "Date": "Fri, 01 Mar 2024 13:54:17 GMT",
        "Strict-Transport-Security": "max-age=31536000; includeSubDomains; preload",
        "Transfer-Encoding": "chunked",
        "X-Content-Type-Options": "nosniff",
        "x-envoy-upstream-service-time": "6",
        "x-ms-region": "West US 2"
      },
      "ResponseBody": {
        "operationId": "31457066784_ba28eaaf-584d-468e-9d87-9876374700a1",
        "kind": "documentClassifierBuild",
        "status": "running",
        "createdDateTime": "2024-03-01T13:53:35Z",
        "lastUpdatedDateTime": "2024-03-01T13:53:39Z",
        "resourceLocation": "https://camaiaor-westus2.cognitiveservices.azure.com/documentintelligence/documentClassifiers/1046061492?api-version=2024-02-29-preview",
        "apiVersion": "2024-02-29-preview"
      }
    },
    {
      "RequestUri": "https://camaiaor-westus2.cognitiveservices.azure.com/documentintelligence/operations/31457066784_ba28eaaf-584d-468e-9d87-9876374700a1?api-version=2024-02-29-preview",
      "RequestMethod": "GET",
      "RequestHeaders": {
        "Ocp-Apim-Subscription-Key": "Sanitized",
        "User-Agent": "azsdk-net-AI.DocumentIntelligence/1.0.0-alpha.20240301.1 (.NET 7.0.16; Microsoft Windows 10.0.22631)",
        "x-ms-client-request-id": "d976d1ecc344da5d85c745d8155e1a4e",
        "x-ms-return-client-request-id": "true"
      },
      "RequestBody": null,
      "StatusCode": 200,
      "ResponseHeaders": {
        "apim-request-id": "be5f7d7c-4e54-44ea-a3ad-f16f8d17a00f",
        "Content-Type": "application/json; charset=utf-8",
        "Date": "Fri, 01 Mar 2024 13:54:18 GMT",
        "Strict-Transport-Security": "max-age=31536000; includeSubDomains; preload",
        "Transfer-Encoding": "chunked",
        "X-Content-Type-Options": "nosniff",
        "x-envoy-upstream-service-time": "7",
        "x-ms-region": "West US 2"
      },
      "ResponseBody": {
        "operationId": "31457066784_ba28eaaf-584d-468e-9d87-9876374700a1",
        "kind": "documentClassifierBuild",
        "status": "running",
        "createdDateTime": "2024-03-01T13:53:35Z",
        "lastUpdatedDateTime": "2024-03-01T13:53:39Z",
        "resourceLocation": "https://camaiaor-westus2.cognitiveservices.azure.com/documentintelligence/documentClassifiers/1046061492?api-version=2024-02-29-preview",
        "apiVersion": "2024-02-29-preview"
      }
    },
    {
      "RequestUri": "https://camaiaor-westus2.cognitiveservices.azure.com/documentintelligence/operations/31457066784_ba28eaaf-584d-468e-9d87-9876374700a1?api-version=2024-02-29-preview",
      "RequestMethod": "GET",
      "RequestHeaders": {
        "Ocp-Apim-Subscription-Key": "Sanitized",
        "User-Agent": "azsdk-net-AI.DocumentIntelligence/1.0.0-alpha.20240301.1 (.NET 7.0.16; Microsoft Windows 10.0.22631)",
        "x-ms-client-request-id": "28b1ae757f66347b81eff75514ef1698",
        "x-ms-return-client-request-id": "true"
      },
      "RequestBody": null,
      "StatusCode": 200,
      "ResponseHeaders": {
        "apim-request-id": "a23ad2f6-8ae0-49c5-b0fc-8ec999f86be8",
        "Content-Type": "application/json; charset=utf-8",
        "Date": "Fri, 01 Mar 2024 13:54:19 GMT",
        "Strict-Transport-Security": "max-age=31536000; includeSubDomains; preload",
        "Transfer-Encoding": "chunked",
        "X-Content-Type-Options": "nosniff",
        "x-envoy-upstream-service-time": "6",
        "x-ms-region": "West US 2"
      },
      "ResponseBody": {
        "operationId": "31457066784_ba28eaaf-584d-468e-9d87-9876374700a1",
        "kind": "documentClassifierBuild",
        "status": "running",
        "createdDateTime": "2024-03-01T13:53:35Z",
        "lastUpdatedDateTime": "2024-03-01T13:53:39Z",
        "resourceLocation": "https://camaiaor-westus2.cognitiveservices.azure.com/documentintelligence/documentClassifiers/1046061492?api-version=2024-02-29-preview",
        "apiVersion": "2024-02-29-preview"
      }
    },
    {
      "RequestUri": "https://camaiaor-westus2.cognitiveservices.azure.com/documentintelligence/operations/31457066784_ba28eaaf-584d-468e-9d87-9876374700a1?api-version=2024-02-29-preview",
      "RequestMethod": "GET",
      "RequestHeaders": {
        "Ocp-Apim-Subscription-Key": "Sanitized",
        "User-Agent": "azsdk-net-AI.DocumentIntelligence/1.0.0-alpha.20240301.1 (.NET 7.0.16; Microsoft Windows 10.0.22631)",
        "x-ms-client-request-id": "0336268a563372aaa36f1bcc0cee4003",
        "x-ms-return-client-request-id": "true"
      },
      "RequestBody": null,
      "StatusCode": 200,
      "ResponseHeaders": {
        "apim-request-id": "e916a022-3587-457b-9c36-fae2f5607301",
        "Content-Type": "application/json; charset=utf-8",
        "Date": "Fri, 01 Mar 2024 13:54:20 GMT",
        "Strict-Transport-Security": "max-age=31536000; includeSubDomains; preload",
        "Transfer-Encoding": "chunked",
        "X-Content-Type-Options": "nosniff",
        "x-envoy-upstream-service-time": "7",
        "x-ms-region": "West US 2"
      },
      "ResponseBody": {
        "operationId": "31457066784_ba28eaaf-584d-468e-9d87-9876374700a1",
        "kind": "documentClassifierBuild",
        "status": "running",
        "createdDateTime": "2024-03-01T13:53:35Z",
        "lastUpdatedDateTime": "2024-03-01T13:53:39Z",
        "resourceLocation": "https://camaiaor-westus2.cognitiveservices.azure.com/documentintelligence/documentClassifiers/1046061492?api-version=2024-02-29-preview",
        "apiVersion": "2024-02-29-preview"
      }
    },
    {
      "RequestUri": "https://camaiaor-westus2.cognitiveservices.azure.com/documentintelligence/operations/31457066784_ba28eaaf-584d-468e-9d87-9876374700a1?api-version=2024-02-29-preview",
      "RequestMethod": "GET",
      "RequestHeaders": {
        "Ocp-Apim-Subscription-Key": "Sanitized",
        "User-Agent": "azsdk-net-AI.DocumentIntelligence/1.0.0-alpha.20240301.1 (.NET 7.0.16; Microsoft Windows 10.0.22631)",
        "x-ms-client-request-id": "f190ff83124c6d3c56425755cc07c696",
        "x-ms-return-client-request-id": "true"
      },
      "RequestBody": null,
      "StatusCode": 200,
      "ResponseHeaders": {
        "apim-request-id": "7a507c3b-2c2f-4351-b036-6c0a6427a8fe",
        "Content-Type": "application/json; charset=utf-8",
        "Date": "Fri, 01 Mar 2024 13:54:21 GMT",
        "Strict-Transport-Security": "max-age=31536000; includeSubDomains; preload",
        "Transfer-Encoding": "chunked",
        "X-Content-Type-Options": "nosniff",
        "x-envoy-upstream-service-time": "9",
        "x-ms-region": "West US 2"
      },
      "ResponseBody": {
        "operationId": "31457066784_ba28eaaf-584d-468e-9d87-9876374700a1",
        "kind": "documentClassifierBuild",
        "status": "running",
        "createdDateTime": "2024-03-01T13:53:35Z",
        "lastUpdatedDateTime": "2024-03-01T13:53:39Z",
        "resourceLocation": "https://camaiaor-westus2.cognitiveservices.azure.com/documentintelligence/documentClassifiers/1046061492?api-version=2024-02-29-preview",
        "apiVersion": "2024-02-29-preview"
      }
    },
    {
      "RequestUri": "https://camaiaor-westus2.cognitiveservices.azure.com/documentintelligence/operations/31457066784_ba28eaaf-584d-468e-9d87-9876374700a1?api-version=2024-02-29-preview",
      "RequestMethod": "GET",
      "RequestHeaders": {
        "Ocp-Apim-Subscription-Key": "Sanitized",
        "User-Agent": "azsdk-net-AI.DocumentIntelligence/1.0.0-alpha.20240301.1 (.NET 7.0.16; Microsoft Windows 10.0.22631)",
        "x-ms-client-request-id": "ee4dadb116271f1a043e84f764ae2792",
        "x-ms-return-client-request-id": "true"
      },
      "RequestBody": null,
      "StatusCode": 200,
      "ResponseHeaders": {
        "apim-request-id": "c083b271-bf09-4d37-bb04-95b8711e4168",
        "Content-Type": "application/json; charset=utf-8",
        "Date": "Fri, 01 Mar 2024 13:54:22 GMT",
        "Strict-Transport-Security": "max-age=31536000; includeSubDomains; preload",
        "Transfer-Encoding": "chunked",
        "X-Content-Type-Options": "nosniff",
        "x-envoy-upstream-service-time": "8",
        "x-ms-region": "West US 2"
      },
      "ResponseBody": {
        "operationId": "31457066784_ba28eaaf-584d-468e-9d87-9876374700a1",
        "kind": "documentClassifierBuild",
        "status": "running",
        "createdDateTime": "2024-03-01T13:53:35Z",
        "lastUpdatedDateTime": "2024-03-01T13:53:39Z",
        "resourceLocation": "https://camaiaor-westus2.cognitiveservices.azure.com/documentintelligence/documentClassifiers/1046061492?api-version=2024-02-29-preview",
        "apiVersion": "2024-02-29-preview"
      }
    },
    {
      "RequestUri": "https://camaiaor-westus2.cognitiveservices.azure.com/documentintelligence/operations/31457066784_ba28eaaf-584d-468e-9d87-9876374700a1?api-version=2024-02-29-preview",
      "RequestMethod": "GET",
      "RequestHeaders": {
        "Ocp-Apim-Subscription-Key": "Sanitized",
        "User-Agent": "azsdk-net-AI.DocumentIntelligence/1.0.0-alpha.20240301.1 (.NET 7.0.16; Microsoft Windows 10.0.22631)",
        "x-ms-client-request-id": "14d2f3af245f784beac9adf0fe55a69c",
        "x-ms-return-client-request-id": "true"
      },
      "RequestBody": null,
      "StatusCode": 200,
      "ResponseHeaders": {
        "apim-request-id": "d17f2cfc-7aeb-49e8-b6af-c0828087c993",
        "Content-Type": "application/json; charset=utf-8",
        "Date": "Fri, 01 Mar 2024 13:54:23 GMT",
        "Strict-Transport-Security": "max-age=31536000; includeSubDomains; preload",
        "Transfer-Encoding": "chunked",
        "X-Content-Type-Options": "nosniff",
        "x-envoy-upstream-service-time": "5",
        "x-ms-region": "West US 2"
      },
      "ResponseBody": {
        "operationId": "31457066784_ba28eaaf-584d-468e-9d87-9876374700a1",
        "kind": "documentClassifierBuild",
        "status": "running",
        "createdDateTime": "2024-03-01T13:53:35Z",
        "lastUpdatedDateTime": "2024-03-01T13:53:39Z",
        "resourceLocation": "https://camaiaor-westus2.cognitiveservices.azure.com/documentintelligence/documentClassifiers/1046061492?api-version=2024-02-29-preview",
        "apiVersion": "2024-02-29-preview"
      }
    },
    {
      "RequestUri": "https://camaiaor-westus2.cognitiveservices.azure.com/documentintelligence/operations/31457066784_ba28eaaf-584d-468e-9d87-9876374700a1?api-version=2024-02-29-preview",
      "RequestMethod": "GET",
      "RequestHeaders": {
        "Ocp-Apim-Subscription-Key": "Sanitized",
        "User-Agent": "azsdk-net-AI.DocumentIntelligence/1.0.0-alpha.20240301.1 (.NET 7.0.16; Microsoft Windows 10.0.22631)",
        "x-ms-client-request-id": "5e1b85a951a06cdbe471ed0d8d4408a7",
        "x-ms-return-client-request-id": "true"
      },
      "RequestBody": null,
      "StatusCode": 200,
      "ResponseHeaders": {
        "apim-request-id": "dd25fc04-b4d3-427c-8d12-254f97b9e57e",
        "Content-Type": "application/json; charset=utf-8",
        "Date": "Fri, 01 Mar 2024 13:54:24 GMT",
        "Strict-Transport-Security": "max-age=31536000; includeSubDomains; preload",
        "Transfer-Encoding": "chunked",
        "X-Content-Type-Options": "nosniff",
        "x-envoy-upstream-service-time": "6",
        "x-ms-region": "West US 2"
      },
      "ResponseBody": {
        "operationId": "31457066784_ba28eaaf-584d-468e-9d87-9876374700a1",
        "kind": "documentClassifierBuild",
        "status": "running",
        "createdDateTime": "2024-03-01T13:53:35Z",
        "lastUpdatedDateTime": "2024-03-01T13:53:39Z",
        "resourceLocation": "https://camaiaor-westus2.cognitiveservices.azure.com/documentintelligence/documentClassifiers/1046061492?api-version=2024-02-29-preview",
        "apiVersion": "2024-02-29-preview"
      }
    },
    {
      "RequestUri": "https://camaiaor-westus2.cognitiveservices.azure.com/documentintelligence/operations/31457066784_ba28eaaf-584d-468e-9d87-9876374700a1?api-version=2024-02-29-preview",
      "RequestMethod": "GET",
      "RequestHeaders": {
        "Ocp-Apim-Subscription-Key": "Sanitized",
        "User-Agent": "azsdk-net-AI.DocumentIntelligence/1.0.0-alpha.20240301.1 (.NET 7.0.16; Microsoft Windows 10.0.22631)",
        "x-ms-client-request-id": "d8a6c51bb1348c3661d5045d692a20af",
        "x-ms-return-client-request-id": "true"
      },
      "RequestBody": null,
      "StatusCode": 200,
      "ResponseHeaders": {
        "apim-request-id": "d951db37-5e6a-45f3-ab2d-214022e14300",
        "Content-Type": "application/json; charset=utf-8",
        "Date": "Fri, 01 Mar 2024 13:54:25 GMT",
        "Strict-Transport-Security": "max-age=31536000; includeSubDomains; preload",
        "Transfer-Encoding": "chunked",
        "X-Content-Type-Options": "nosniff",
        "x-envoy-upstream-service-time": "8",
        "x-ms-region": "West US 2"
      },
      "ResponseBody": {
        "operationId": "31457066784_ba28eaaf-584d-468e-9d87-9876374700a1",
        "kind": "documentClassifierBuild",
        "status": "running",
        "createdDateTime": "2024-03-01T13:53:35Z",
        "lastUpdatedDateTime": "2024-03-01T13:53:39Z",
        "resourceLocation": "https://camaiaor-westus2.cognitiveservices.azure.com/documentintelligence/documentClassifiers/1046061492?api-version=2024-02-29-preview",
        "apiVersion": "2024-02-29-preview"
      }
    },
    {
      "RequestUri": "https://camaiaor-westus2.cognitiveservices.azure.com/documentintelligence/operations/31457066784_ba28eaaf-584d-468e-9d87-9876374700a1?api-version=2024-02-29-preview",
      "RequestMethod": "GET",
      "RequestHeaders": {
        "Ocp-Apim-Subscription-Key": "Sanitized",
        "User-Agent": "azsdk-net-AI.DocumentIntelligence/1.0.0-alpha.20240301.1 (.NET 7.0.16; Microsoft Windows 10.0.22631)",
        "x-ms-client-request-id": "de4ee898c8935ef117662fee363eeaa5",
        "x-ms-return-client-request-id": "true"
      },
      "RequestBody": null,
      "StatusCode": 200,
      "ResponseHeaders": {
        "apim-request-id": "3862c821-18ae-43de-a030-71a25113896f",
        "Content-Type": "application/json; charset=utf-8",
        "Date": "Fri, 01 Mar 2024 13:54:26 GMT",
        "Strict-Transport-Security": "max-age=31536000; includeSubDomains; preload",
        "Transfer-Encoding": "chunked",
        "X-Content-Type-Options": "nosniff",
        "x-envoy-upstream-service-time": "7",
        "x-ms-region": "West US 2"
      },
      "ResponseBody": {
        "operationId": "31457066784_ba28eaaf-584d-468e-9d87-9876374700a1",
        "kind": "documentClassifierBuild",
        "status": "running",
        "createdDateTime": "2024-03-01T13:53:35Z",
        "lastUpdatedDateTime": "2024-03-01T13:53:39Z",
        "resourceLocation": "https://camaiaor-westus2.cognitiveservices.azure.com/documentintelligence/documentClassifiers/1046061492?api-version=2024-02-29-preview",
        "apiVersion": "2024-02-29-preview"
      }
    },
    {
      "RequestUri": "https://camaiaor-westus2.cognitiveservices.azure.com/documentintelligence/operations/31457066784_ba28eaaf-584d-468e-9d87-9876374700a1?api-version=2024-02-29-preview",
      "RequestMethod": "GET",
      "RequestHeaders": {
        "Ocp-Apim-Subscription-Key": "Sanitized",
        "User-Agent": "azsdk-net-AI.DocumentIntelligence/1.0.0-alpha.20240301.1 (.NET 7.0.16; Microsoft Windows 10.0.22631)",
        "x-ms-client-request-id": "38d505c0ceaef7674e8efdcb4c7e02ba",
        "x-ms-return-client-request-id": "true"
      },
      "RequestBody": null,
      "StatusCode": 200,
      "ResponseHeaders": {
        "apim-request-id": "d24d7424-12b0-45e9-ba6e-dda4c9f47095",
        "Content-Type": "application/json; charset=utf-8",
        "Date": "Fri, 01 Mar 2024 13:54:27 GMT",
        "Strict-Transport-Security": "max-age=31536000; includeSubDomains; preload",
        "Transfer-Encoding": "chunked",
        "X-Content-Type-Options": "nosniff",
        "x-envoy-upstream-service-time": "7",
        "x-ms-region": "West US 2"
      },
      "ResponseBody": {
        "operationId": "31457066784_ba28eaaf-584d-468e-9d87-9876374700a1",
        "kind": "documentClassifierBuild",
        "status": "running",
        "createdDateTime": "2024-03-01T13:53:35Z",
        "lastUpdatedDateTime": "2024-03-01T13:53:39Z",
        "resourceLocation": "https://camaiaor-westus2.cognitiveservices.azure.com/documentintelligence/documentClassifiers/1046061492?api-version=2024-02-29-preview",
        "apiVersion": "2024-02-29-preview"
      }
    },
    {
      "RequestUri": "https://camaiaor-westus2.cognitiveservices.azure.com/documentintelligence/operations/31457066784_ba28eaaf-584d-468e-9d87-9876374700a1?api-version=2024-02-29-preview",
      "RequestMethod": "GET",
      "RequestHeaders": {
        "Ocp-Apim-Subscription-Key": "Sanitized",
        "User-Agent": "azsdk-net-AI.DocumentIntelligence/1.0.0-alpha.20240301.1 (.NET 7.0.16; Microsoft Windows 10.0.22631)",
        "x-ms-client-request-id": "a4753e502af65214d348c0ce82485523",
        "x-ms-return-client-request-id": "true"
      },
      "RequestBody": null,
      "StatusCode": 200,
      "ResponseHeaders": {
        "apim-request-id": "a4e7d99e-6bc8-44bf-8ada-7f5266053028",
        "Content-Type": "application/json; charset=utf-8",
        "Date": "Fri, 01 Mar 2024 13:54:28 GMT",
        "Strict-Transport-Security": "max-age=31536000; includeSubDomains; preload",
        "Transfer-Encoding": "chunked",
        "X-Content-Type-Options": "nosniff",
        "x-envoy-upstream-service-time": "7",
        "x-ms-region": "West US 2"
      },
      "ResponseBody": {
        "operationId": "31457066784_ba28eaaf-584d-468e-9d87-9876374700a1",
        "kind": "documentClassifierBuild",
        "status": "running",
        "createdDateTime": "2024-03-01T13:53:35Z",
        "lastUpdatedDateTime": "2024-03-01T13:53:39Z",
        "resourceLocation": "https://camaiaor-westus2.cognitiveservices.azure.com/documentintelligence/documentClassifiers/1046061492?api-version=2024-02-29-preview",
        "apiVersion": "2024-02-29-preview"
      }
    },
    {
      "RequestUri": "https://camaiaor-westus2.cognitiveservices.azure.com/documentintelligence/operations/31457066784_ba28eaaf-584d-468e-9d87-9876374700a1?api-version=2024-02-29-preview",
      "RequestMethod": "GET",
      "RequestHeaders": {
        "Ocp-Apim-Subscription-Key": "Sanitized",
        "User-Agent": "azsdk-net-AI.DocumentIntelligence/1.0.0-alpha.20240301.1 (.NET 7.0.16; Microsoft Windows 10.0.22631)",
        "x-ms-client-request-id": "649c5feae755c90081578f04cb261199",
        "x-ms-return-client-request-id": "true"
      },
      "RequestBody": null,
      "StatusCode": 200,
      "ResponseHeaders": {
        "apim-request-id": "2d2efca8-886a-4c69-80e5-759722c234c3",
        "Content-Type": "application/json; charset=utf-8",
        "Date": "Fri, 01 Mar 2024 13:54:29 GMT",
        "Strict-Transport-Security": "max-age=31536000; includeSubDomains; preload",
        "Transfer-Encoding": "chunked",
        "X-Content-Type-Options": "nosniff",
        "x-envoy-upstream-service-time": "8",
        "x-ms-region": "West US 2"
      },
      "ResponseBody": {
        "operationId": "31457066784_ba28eaaf-584d-468e-9d87-9876374700a1",
        "kind": "documentClassifierBuild",
        "status": "running",
        "createdDateTime": "2024-03-01T13:53:35Z",
        "lastUpdatedDateTime": "2024-03-01T13:53:39Z",
        "resourceLocation": "https://camaiaor-westus2.cognitiveservices.azure.com/documentintelligence/documentClassifiers/1046061492?api-version=2024-02-29-preview",
        "apiVersion": "2024-02-29-preview"
      }
    },
    {
      "RequestUri": "https://camaiaor-westus2.cognitiveservices.azure.com/documentintelligence/operations/31457066784_ba28eaaf-584d-468e-9d87-9876374700a1?api-version=2024-02-29-preview",
      "RequestMethod": "GET",
      "RequestHeaders": {
        "Ocp-Apim-Subscription-Key": "Sanitized",
        "User-Agent": "azsdk-net-AI.DocumentIntelligence/1.0.0-alpha.20240301.1 (.NET 7.0.16; Microsoft Windows 10.0.22631)",
        "x-ms-client-request-id": "f89e746346c896aff08365660d997406",
        "x-ms-return-client-request-id": "true"
      },
      "RequestBody": null,
      "StatusCode": 200,
      "ResponseHeaders": {
        "apim-request-id": "e5701def-22a4-471b-8bfe-c4cc3c08b0c9",
        "Content-Type": "application/json; charset=utf-8",
        "Date": "Fri, 01 Mar 2024 13:54:30 GMT",
        "Strict-Transport-Security": "max-age=31536000; includeSubDomains; preload",
        "Transfer-Encoding": "chunked",
        "X-Content-Type-Options": "nosniff",
        "x-envoy-upstream-service-time": "6",
        "x-ms-region": "West US 2"
      },
      "ResponseBody": {
        "operationId": "31457066784_ba28eaaf-584d-468e-9d87-9876374700a1",
        "kind": "documentClassifierBuild",
        "status": "running",
        "createdDateTime": "2024-03-01T13:53:35Z",
        "lastUpdatedDateTime": "2024-03-01T13:53:39Z",
        "resourceLocation": "https://camaiaor-westus2.cognitiveservices.azure.com/documentintelligence/documentClassifiers/1046061492?api-version=2024-02-29-preview",
        "apiVersion": "2024-02-29-preview"
      }
    },
    {
      "RequestUri": "https://camaiaor-westus2.cognitiveservices.azure.com/documentintelligence/operations/31457066784_ba28eaaf-584d-468e-9d87-9876374700a1?api-version=2024-02-29-preview",
      "RequestMethod": "GET",
      "RequestHeaders": {
        "Ocp-Apim-Subscription-Key": "Sanitized",
        "User-Agent": "azsdk-net-AI.DocumentIntelligence/1.0.0-alpha.20240301.1 (.NET 7.0.16; Microsoft Windows 10.0.22631)",
        "x-ms-client-request-id": "ede0d9389ee168653dab239f9a0f86ac",
        "x-ms-return-client-request-id": "true"
      },
      "RequestBody": null,
      "StatusCode": 200,
      "ResponseHeaders": {
        "apim-request-id": "74d86075-b83b-4d67-9cbf-2319f8d5ce74",
        "Content-Type": "application/json; charset=utf-8",
        "Date": "Fri, 01 Mar 2024 13:54:31 GMT",
        "Strict-Transport-Security": "max-age=31536000; includeSubDomains; preload",
        "Transfer-Encoding": "chunked",
        "X-Content-Type-Options": "nosniff",
        "x-envoy-upstream-service-time": "7",
        "x-ms-region": "West US 2"
      },
      "ResponseBody": {
        "operationId": "31457066784_ba28eaaf-584d-468e-9d87-9876374700a1",
        "kind": "documentClassifierBuild",
        "status": "running",
        "createdDateTime": "2024-03-01T13:53:35Z",
        "lastUpdatedDateTime": "2024-03-01T13:53:39Z",
        "resourceLocation": "https://camaiaor-westus2.cognitiveservices.azure.com/documentintelligence/documentClassifiers/1046061492?api-version=2024-02-29-preview",
        "apiVersion": "2024-02-29-preview"
      }
    },
    {
      "RequestUri": "https://camaiaor-westus2.cognitiveservices.azure.com/documentintelligence/operations/31457066784_ba28eaaf-584d-468e-9d87-9876374700a1?api-version=2024-02-29-preview",
      "RequestMethod": "GET",
      "RequestHeaders": {
        "Ocp-Apim-Subscription-Key": "Sanitized",
        "User-Agent": "azsdk-net-AI.DocumentIntelligence/1.0.0-alpha.20240301.1 (.NET 7.0.16; Microsoft Windows 10.0.22631)",
        "x-ms-client-request-id": "0d6a26365da9a45bb00673d18299bbe8",
        "x-ms-return-client-request-id": "true"
      },
      "RequestBody": null,
      "StatusCode": 200,
      "ResponseHeaders": {
        "apim-request-id": "d1d5f0d3-e3ac-43d6-9d59-23a50a704045",
        "Content-Type": "application/json; charset=utf-8",
        "Date": "Fri, 01 Mar 2024 13:54:32 GMT",
        "Strict-Transport-Security": "max-age=31536000; includeSubDomains; preload",
        "Transfer-Encoding": "chunked",
        "X-Content-Type-Options": "nosniff",
        "x-envoy-upstream-service-time": "10",
        "x-ms-region": "West US 2"
      },
      "ResponseBody": {
        "operationId": "31457066784_ba28eaaf-584d-468e-9d87-9876374700a1",
        "kind": "documentClassifierBuild",
        "status": "running",
        "createdDateTime": "2024-03-01T13:53:35Z",
        "lastUpdatedDateTime": "2024-03-01T13:53:39Z",
        "resourceLocation": "https://camaiaor-westus2.cognitiveservices.azure.com/documentintelligence/documentClassifiers/1046061492?api-version=2024-02-29-preview",
        "apiVersion": "2024-02-29-preview"
      }
    },
    {
      "RequestUri": "https://camaiaor-westus2.cognitiveservices.azure.com/documentintelligence/operations/31457066784_ba28eaaf-584d-468e-9d87-9876374700a1?api-version=2024-02-29-preview",
      "RequestMethod": "GET",
      "RequestHeaders": {
        "Ocp-Apim-Subscription-Key": "Sanitized",
        "User-Agent": "azsdk-net-AI.DocumentIntelligence/1.0.0-alpha.20240301.1 (.NET 7.0.16; Microsoft Windows 10.0.22631)",
        "x-ms-client-request-id": "f2cc88e22446c5b80f36bb1c220ffce0",
        "x-ms-return-client-request-id": "true"
      },
      "RequestBody": null,
      "StatusCode": 200,
      "ResponseHeaders": {
        "apim-request-id": "9c8dc388-0839-43c2-b08d-82e41d55145e",
        "Content-Type": "application/json; charset=utf-8",
        "Date": "Fri, 01 Mar 2024 13:54:33 GMT",
        "Strict-Transport-Security": "max-age=31536000; includeSubDomains; preload",
        "Transfer-Encoding": "chunked",
        "X-Content-Type-Options": "nosniff",
        "x-envoy-upstream-service-time": "6",
        "x-ms-region": "West US 2"
      },
      "ResponseBody": {
        "operationId": "31457066784_ba28eaaf-584d-468e-9d87-9876374700a1",
        "kind": "documentClassifierBuild",
        "status": "running",
        "createdDateTime": "2024-03-01T13:53:35Z",
        "lastUpdatedDateTime": "2024-03-01T13:53:39Z",
        "resourceLocation": "https://camaiaor-westus2.cognitiveservices.azure.com/documentintelligence/documentClassifiers/1046061492?api-version=2024-02-29-preview",
        "apiVersion": "2024-02-29-preview"
      }
    },
    {
      "RequestUri": "https://camaiaor-westus2.cognitiveservices.azure.com/documentintelligence/operations/31457066784_ba28eaaf-584d-468e-9d87-9876374700a1?api-version=2024-02-29-preview",
      "RequestMethod": "GET",
      "RequestHeaders": {
        "Ocp-Apim-Subscription-Key": "Sanitized",
        "User-Agent": "azsdk-net-AI.DocumentIntelligence/1.0.0-alpha.20240301.1 (.NET 7.0.16; Microsoft Windows 10.0.22631)",
        "x-ms-client-request-id": "e630b9fc672edb5d7e3b3ddb2a93e6a4",
        "x-ms-return-client-request-id": "true"
      },
      "RequestBody": null,
      "StatusCode": 200,
      "ResponseHeaders": {
        "apim-request-id": "62a5132d-e7de-4871-acdd-cf8f29583db5",
        "Content-Type": "application/json; charset=utf-8",
        "Date": "Fri, 01 Mar 2024 13:54:34 GMT",
        "Strict-Transport-Security": "max-age=31536000; includeSubDomains; preload",
        "Transfer-Encoding": "chunked",
        "X-Content-Type-Options": "nosniff",
        "x-envoy-upstream-service-time": "9",
        "x-ms-region": "West US 2"
      },
      "ResponseBody": {
        "operationId": "31457066784_ba28eaaf-584d-468e-9d87-9876374700a1",
        "kind": "documentClassifierBuild",
        "status": "running",
        "createdDateTime": "2024-03-01T13:53:35Z",
        "lastUpdatedDateTime": "2024-03-01T13:53:39Z",
        "resourceLocation": "https://camaiaor-westus2.cognitiveservices.azure.com/documentintelligence/documentClassifiers/1046061492?api-version=2024-02-29-preview",
        "apiVersion": "2024-02-29-preview"
      }
    },
    {
      "RequestUri": "https://camaiaor-westus2.cognitiveservices.azure.com/documentintelligence/operations/31457066784_ba28eaaf-584d-468e-9d87-9876374700a1?api-version=2024-02-29-preview",
      "RequestMethod": "GET",
      "RequestHeaders": {
        "Ocp-Apim-Subscription-Key": "Sanitized",
        "User-Agent": "azsdk-net-AI.DocumentIntelligence/1.0.0-alpha.20240301.1 (.NET 7.0.16; Microsoft Windows 10.0.22631)",
        "x-ms-client-request-id": "11bc3bf0944312656ea5fe73a23e81a0",
        "x-ms-return-client-request-id": "true"
      },
      "RequestBody": null,
      "StatusCode": 200,
      "ResponseHeaders": {
        "apim-request-id": "69808541-cc46-472c-a275-42584d5a48c8",
        "Content-Type": "application/json; charset=utf-8",
        "Date": "Fri, 01 Mar 2024 13:54:35 GMT",
        "Strict-Transport-Security": "max-age=31536000; includeSubDomains; preload",
        "Transfer-Encoding": "chunked",
        "X-Content-Type-Options": "nosniff",
        "x-envoy-upstream-service-time": "6",
        "x-ms-region": "West US 2"
      },
      "ResponseBody": {
        "operationId": "31457066784_ba28eaaf-584d-468e-9d87-9876374700a1",
        "kind": "documentClassifierBuild",
        "status": "running",
        "createdDateTime": "2024-03-01T13:53:35Z",
        "lastUpdatedDateTime": "2024-03-01T13:53:39Z",
        "resourceLocation": "https://camaiaor-westus2.cognitiveservices.azure.com/documentintelligence/documentClassifiers/1046061492?api-version=2024-02-29-preview",
        "apiVersion": "2024-02-29-preview"
      }
    },
    {
      "RequestUri": "https://camaiaor-westus2.cognitiveservices.azure.com/documentintelligence/operations/31457066784_ba28eaaf-584d-468e-9d87-9876374700a1?api-version=2024-02-29-preview",
      "RequestMethod": "GET",
      "RequestHeaders": {
        "Ocp-Apim-Subscription-Key": "Sanitized",
        "User-Agent": "azsdk-net-AI.DocumentIntelligence/1.0.0-alpha.20240301.1 (.NET 7.0.16; Microsoft Windows 10.0.22631)",
        "x-ms-client-request-id": "c8d59209d5697bba2bf1730ae7dc9a7b",
        "x-ms-return-client-request-id": "true"
      },
      "RequestBody": null,
      "StatusCode": 200,
      "ResponseHeaders": {
        "apim-request-id": "53aef365-48ab-427b-a1a8-e216d96ca5f0",
        "Content-Type": "application/json; charset=utf-8",
        "Date": "Fri, 01 Mar 2024 13:54:36 GMT",
        "Strict-Transport-Security": "max-age=31536000; includeSubDomains; preload",
        "Transfer-Encoding": "chunked",
        "X-Content-Type-Options": "nosniff",
        "x-envoy-upstream-service-time": "8",
        "x-ms-region": "West US 2"
      },
      "ResponseBody": {
        "operationId": "31457066784_ba28eaaf-584d-468e-9d87-9876374700a1",
        "kind": "documentClassifierBuild",
        "status": "running",
        "createdDateTime": "2024-03-01T13:53:35Z",
        "lastUpdatedDateTime": "2024-03-01T13:53:39Z",
        "resourceLocation": "https://camaiaor-westus2.cognitiveservices.azure.com/documentintelligence/documentClassifiers/1046061492?api-version=2024-02-29-preview",
        "apiVersion": "2024-02-29-preview"
      }
    },
    {
      "RequestUri": "https://camaiaor-westus2.cognitiveservices.azure.com/documentintelligence/operations/31457066784_ba28eaaf-584d-468e-9d87-9876374700a1?api-version=2024-02-29-preview",
      "RequestMethod": "GET",
      "RequestHeaders": {
        "Ocp-Apim-Subscription-Key": "Sanitized",
        "User-Agent": "azsdk-net-AI.DocumentIntelligence/1.0.0-alpha.20240301.1 (.NET 7.0.16; Microsoft Windows 10.0.22631)",
        "x-ms-client-request-id": "e72c1650ea53689d531d788868e9393f",
        "x-ms-return-client-request-id": "true"
      },
      "RequestBody": null,
      "StatusCode": 200,
      "ResponseHeaders": {
        "apim-request-id": "86944cb2-8b0a-44de-b58d-992100844260",
        "Content-Type": "application/json; charset=utf-8",
        "Date": "Fri, 01 Mar 2024 13:54:37 GMT",
        "Strict-Transport-Security": "max-age=31536000; includeSubDomains; preload",
        "Transfer-Encoding": "chunked",
        "X-Content-Type-Options": "nosniff",
        "x-envoy-upstream-service-time": "7",
        "x-ms-region": "West US 2"
      },
      "ResponseBody": {
        "operationId": "31457066784_ba28eaaf-584d-468e-9d87-9876374700a1",
        "kind": "documentClassifierBuild",
        "status": "running",
        "createdDateTime": "2024-03-01T13:53:35Z",
        "lastUpdatedDateTime": "2024-03-01T13:53:39Z",
        "resourceLocation": "https://camaiaor-westus2.cognitiveservices.azure.com/documentintelligence/documentClassifiers/1046061492?api-version=2024-02-29-preview",
        "apiVersion": "2024-02-29-preview"
      }
    },
    {
      "RequestUri": "https://camaiaor-westus2.cognitiveservices.azure.com/documentintelligence/operations/31457066784_ba28eaaf-584d-468e-9d87-9876374700a1?api-version=2024-02-29-preview",
      "RequestMethod": "GET",
      "RequestHeaders": {
        "Ocp-Apim-Subscription-Key": "Sanitized",
        "User-Agent": "azsdk-net-AI.DocumentIntelligence/1.0.0-alpha.20240301.1 (.NET 7.0.16; Microsoft Windows 10.0.22631)",
        "x-ms-client-request-id": "97d19cb91dbe1b3a8141e652205b2b91",
        "x-ms-return-client-request-id": "true"
      },
      "RequestBody": null,
      "StatusCode": 200,
      "ResponseHeaders": {
        "apim-request-id": "1f73ca41-f4b1-49aa-9c93-bad9a4b94ec9",
        "Content-Type": "application/json; charset=utf-8",
        "Date": "Fri, 01 Mar 2024 13:54:38 GMT",
        "Strict-Transport-Security": "max-age=31536000; includeSubDomains; preload",
        "Transfer-Encoding": "chunked",
        "X-Content-Type-Options": "nosniff",
        "x-envoy-upstream-service-time": "9",
        "x-ms-region": "West US 2"
      },
      "ResponseBody": {
        "operationId": "31457066784_ba28eaaf-584d-468e-9d87-9876374700a1",
        "kind": "documentClassifierBuild",
        "status": "running",
        "createdDateTime": "2024-03-01T13:53:35Z",
        "lastUpdatedDateTime": "2024-03-01T13:53:39Z",
        "resourceLocation": "https://camaiaor-westus2.cognitiveservices.azure.com/documentintelligence/documentClassifiers/1046061492?api-version=2024-02-29-preview",
        "apiVersion": "2024-02-29-preview"
      }
    },
    {
      "RequestUri": "https://camaiaor-westus2.cognitiveservices.azure.com/documentintelligence/operations/31457066784_ba28eaaf-584d-468e-9d87-9876374700a1?api-version=2024-02-29-preview",
      "RequestMethod": "GET",
      "RequestHeaders": {
        "Ocp-Apim-Subscription-Key": "Sanitized",
        "User-Agent": "azsdk-net-AI.DocumentIntelligence/1.0.0-alpha.20240301.1 (.NET 7.0.16; Microsoft Windows 10.0.22631)",
        "x-ms-client-request-id": "8b23820b9a121e4df56c744b5c311241",
        "x-ms-return-client-request-id": "true"
      },
      "RequestBody": null,
      "StatusCode": 200,
      "ResponseHeaders": {
        "apim-request-id": "99621524-ce99-4dc4-b2cb-afba3bf6a4df",
        "Content-Type": "application/json; charset=utf-8",
        "Date": "Fri, 01 Mar 2024 13:54:39 GMT",
        "Strict-Transport-Security": "max-age=31536000; includeSubDomains; preload",
        "Transfer-Encoding": "chunked",
        "X-Content-Type-Options": "nosniff",
        "x-envoy-upstream-service-time": "7",
        "x-ms-region": "West US 2"
      },
      "ResponseBody": {
        "operationId": "31457066784_ba28eaaf-584d-468e-9d87-9876374700a1",
        "kind": "documentClassifierBuild",
        "status": "running",
        "createdDateTime": "2024-03-01T13:53:35Z",
        "lastUpdatedDateTime": "2024-03-01T13:53:39Z",
        "resourceLocation": "https://camaiaor-westus2.cognitiveservices.azure.com/documentintelligence/documentClassifiers/1046061492?api-version=2024-02-29-preview",
        "apiVersion": "2024-02-29-preview"
      }
    },
    {
      "RequestUri": "https://camaiaor-westus2.cognitiveservices.azure.com/documentintelligence/operations/31457066784_ba28eaaf-584d-468e-9d87-9876374700a1?api-version=2024-02-29-preview",
      "RequestMethod": "GET",
      "RequestHeaders": {
        "Ocp-Apim-Subscription-Key": "Sanitized",
        "User-Agent": "azsdk-net-AI.DocumentIntelligence/1.0.0-alpha.20240301.1 (.NET 7.0.16; Microsoft Windows 10.0.22631)",
        "x-ms-client-request-id": "4a5033b7020b32bddc116612044b48f8",
        "x-ms-return-client-request-id": "true"
      },
      "RequestBody": null,
      "StatusCode": 200,
      "ResponseHeaders": {
        "apim-request-id": "0a3a120d-f485-41bb-8304-d2976ba566d0",
        "Content-Type": "application/json; charset=utf-8",
        "Date": "Fri, 01 Mar 2024 13:54:40 GMT",
        "Strict-Transport-Security": "max-age=31536000; includeSubDomains; preload",
        "Transfer-Encoding": "chunked",
        "X-Content-Type-Options": "nosniff",
        "x-envoy-upstream-service-time": "7",
        "x-ms-region": "West US 2"
      },
      "ResponseBody": {
        "operationId": "31457066784_ba28eaaf-584d-468e-9d87-9876374700a1",
        "kind": "documentClassifierBuild",
        "status": "running",
        "createdDateTime": "2024-03-01T13:53:35Z",
        "lastUpdatedDateTime": "2024-03-01T13:53:39Z",
        "resourceLocation": "https://camaiaor-westus2.cognitiveservices.azure.com/documentintelligence/documentClassifiers/1046061492?api-version=2024-02-29-preview",
        "apiVersion": "2024-02-29-preview"
      }
    },
    {
      "RequestUri": "https://camaiaor-westus2.cognitiveservices.azure.com/documentintelligence/operations/31457066784_ba28eaaf-584d-468e-9d87-9876374700a1?api-version=2024-02-29-preview",
      "RequestMethod": "GET",
      "RequestHeaders": {
        "Ocp-Apim-Subscription-Key": "Sanitized",
        "User-Agent": "azsdk-net-AI.DocumentIntelligence/1.0.0-alpha.20240301.1 (.NET 7.0.16; Microsoft Windows 10.0.22631)",
        "x-ms-client-request-id": "e67ce6f2aec61f2d4fb2a251a8efbe4f",
        "x-ms-return-client-request-id": "true"
      },
      "RequestBody": null,
      "StatusCode": 200,
      "ResponseHeaders": {
        "apim-request-id": "58090e34-a110-4973-827a-8d77cf3dc428",
        "Content-Type": "application/json; charset=utf-8",
        "Date": "Fri, 01 Mar 2024 13:54:41 GMT",
        "Strict-Transport-Security": "max-age=31536000; includeSubDomains; preload",
        "Transfer-Encoding": "chunked",
        "X-Content-Type-Options": "nosniff",
        "x-envoy-upstream-service-time": "8",
        "x-ms-region": "West US 2"
      },
      "ResponseBody": {
        "operationId": "31457066784_ba28eaaf-584d-468e-9d87-9876374700a1",
        "kind": "documentClassifierBuild",
        "status": "running",
        "createdDateTime": "2024-03-01T13:53:35Z",
        "lastUpdatedDateTime": "2024-03-01T13:53:39Z",
        "resourceLocation": "https://camaiaor-westus2.cognitiveservices.azure.com/documentintelligence/documentClassifiers/1046061492?api-version=2024-02-29-preview",
        "apiVersion": "2024-02-29-preview"
      }
    },
    {
      "RequestUri": "https://camaiaor-westus2.cognitiveservices.azure.com/documentintelligence/operations/31457066784_ba28eaaf-584d-468e-9d87-9876374700a1?api-version=2024-02-29-preview",
      "RequestMethod": "GET",
      "RequestHeaders": {
        "Ocp-Apim-Subscription-Key": "Sanitized",
        "User-Agent": "azsdk-net-AI.DocumentIntelligence/1.0.0-alpha.20240301.1 (.NET 7.0.16; Microsoft Windows 10.0.22631)",
        "x-ms-client-request-id": "ec9aa42ee10a0886c5f0ae00333a1aaa",
        "x-ms-return-client-request-id": "true"
      },
      "RequestBody": null,
      "StatusCode": 200,
      "ResponseHeaders": {
        "apim-request-id": "3fa9916a-76a0-47dc-a1e2-479b52dbf81e",
        "Content-Type": "application/json; charset=utf-8",
        "Date": "Fri, 01 Mar 2024 13:54:42 GMT",
        "Strict-Transport-Security": "max-age=31536000; includeSubDomains; preload",
        "Transfer-Encoding": "chunked",
        "X-Content-Type-Options": "nosniff",
        "x-envoy-upstream-service-time": "6",
        "x-ms-region": "West US 2"
      },
      "ResponseBody": {
        "operationId": "31457066784_ba28eaaf-584d-468e-9d87-9876374700a1",
        "kind": "documentClassifierBuild",
        "status": "running",
        "createdDateTime": "2024-03-01T13:53:35Z",
        "lastUpdatedDateTime": "2024-03-01T13:53:39Z",
        "resourceLocation": "https://camaiaor-westus2.cognitiveservices.azure.com/documentintelligence/documentClassifiers/1046061492?api-version=2024-02-29-preview",
        "apiVersion": "2024-02-29-preview"
      }
    },
    {
      "RequestUri": "https://camaiaor-westus2.cognitiveservices.azure.com/documentintelligence/operations/31457066784_ba28eaaf-584d-468e-9d87-9876374700a1?api-version=2024-02-29-preview",
      "RequestMethod": "GET",
      "RequestHeaders": {
        "Ocp-Apim-Subscription-Key": "Sanitized",
        "User-Agent": "azsdk-net-AI.DocumentIntelligence/1.0.0-alpha.20240301.1 (.NET 7.0.16; Microsoft Windows 10.0.22631)",
        "x-ms-client-request-id": "76587b242cb5097a0531fa58606b8aec",
        "x-ms-return-client-request-id": "true"
      },
      "RequestBody": null,
      "StatusCode": 200,
      "ResponseHeaders": {
        "apim-request-id": "3f15c525-4d87-44e5-8675-6a37afa4689c",
        "Content-Type": "application/json; charset=utf-8",
        "Date": "Fri, 01 Mar 2024 13:54:43 GMT",
        "Strict-Transport-Security": "max-age=31536000; includeSubDomains; preload",
        "Transfer-Encoding": "chunked",
        "X-Content-Type-Options": "nosniff",
        "x-envoy-upstream-service-time": "7",
        "x-ms-region": "West US 2"
      },
      "ResponseBody": {
        "operationId": "31457066784_ba28eaaf-584d-468e-9d87-9876374700a1",
        "kind": "documentClassifierBuild",
        "status": "running",
        "createdDateTime": "2024-03-01T13:53:35Z",
        "lastUpdatedDateTime": "2024-03-01T13:53:39Z",
        "resourceLocation": "https://camaiaor-westus2.cognitiveservices.azure.com/documentintelligence/documentClassifiers/1046061492?api-version=2024-02-29-preview",
        "apiVersion": "2024-02-29-preview"
      }
    },
    {
      "RequestUri": "https://camaiaor-westus2.cognitiveservices.azure.com/documentintelligence/operations/31457066784_ba28eaaf-584d-468e-9d87-9876374700a1?api-version=2024-02-29-preview",
      "RequestMethod": "GET",
      "RequestHeaders": {
        "Ocp-Apim-Subscription-Key": "Sanitized",
        "User-Agent": "azsdk-net-AI.DocumentIntelligence/1.0.0-alpha.20240301.1 (.NET 7.0.16; Microsoft Windows 10.0.22631)",
        "x-ms-client-request-id": "5fe417535bb011ee5f7320d6ff2deb14",
        "x-ms-return-client-request-id": "true"
      },
      "RequestBody": null,
      "StatusCode": 200,
      "ResponseHeaders": {
        "apim-request-id": "f30db93e-b7f6-481d-9b0a-044d0b4e9155",
        "Content-Type": "application/json; charset=utf-8",
        "Date": "Fri, 01 Mar 2024 13:54:44 GMT",
        "Strict-Transport-Security": "max-age=31536000; includeSubDomains; preload",
        "Transfer-Encoding": "chunked",
        "X-Content-Type-Options": "nosniff",
        "x-envoy-upstream-service-time": "7",
        "x-ms-region": "West US 2"
      },
      "ResponseBody": {
        "operationId": "31457066784_ba28eaaf-584d-468e-9d87-9876374700a1",
        "kind": "documentClassifierBuild",
        "status": "running",
        "createdDateTime": "2024-03-01T13:53:35Z",
        "lastUpdatedDateTime": "2024-03-01T13:53:39Z",
        "resourceLocation": "https://camaiaor-westus2.cognitiveservices.azure.com/documentintelligence/documentClassifiers/1046061492?api-version=2024-02-29-preview",
        "apiVersion": "2024-02-29-preview"
      }
    },
    {
      "RequestUri": "https://camaiaor-westus2.cognitiveservices.azure.com/documentintelligence/operations/31457066784_ba28eaaf-584d-468e-9d87-9876374700a1?api-version=2024-02-29-preview",
      "RequestMethod": "GET",
      "RequestHeaders": {
        "Ocp-Apim-Subscription-Key": "Sanitized",
        "User-Agent": "azsdk-net-AI.DocumentIntelligence/1.0.0-alpha.20240301.1 (.NET 7.0.16; Microsoft Windows 10.0.22631)",
        "x-ms-client-request-id": "2c2df8984796019a2990e6d8e62ea859",
        "x-ms-return-client-request-id": "true"
      },
      "RequestBody": null,
      "StatusCode": 200,
      "ResponseHeaders": {
        "apim-request-id": "cd6c6ba3-21ec-42e1-af0e-aca34567763d",
        "Content-Type": "application/json; charset=utf-8",
        "Date": "Fri, 01 Mar 2024 13:54:45 GMT",
        "Strict-Transport-Security": "max-age=31536000; includeSubDomains; preload",
        "Transfer-Encoding": "chunked",
        "X-Content-Type-Options": "nosniff",
        "x-envoy-upstream-service-time": "6",
        "x-ms-region": "West US 2"
      },
      "ResponseBody": {
        "operationId": "31457066784_ba28eaaf-584d-468e-9d87-9876374700a1",
        "kind": "documentClassifierBuild",
        "status": "running",
        "createdDateTime": "2024-03-01T13:53:35Z",
        "lastUpdatedDateTime": "2024-03-01T13:53:39Z",
        "resourceLocation": "https://camaiaor-westus2.cognitiveservices.azure.com/documentintelligence/documentClassifiers/1046061492?api-version=2024-02-29-preview",
        "apiVersion": "2024-02-29-preview"
      }
    },
    {
      "RequestUri": "https://camaiaor-westus2.cognitiveservices.azure.com/documentintelligence/operations/31457066784_ba28eaaf-584d-468e-9d87-9876374700a1?api-version=2024-02-29-preview",
      "RequestMethod": "GET",
      "RequestHeaders": {
        "Ocp-Apim-Subscription-Key": "Sanitized",
        "User-Agent": "azsdk-net-AI.DocumentIntelligence/1.0.0-alpha.20240301.1 (.NET 7.0.16; Microsoft Windows 10.0.22631)",
        "x-ms-client-request-id": "1cadc266ba56c8f98d4716410ba40ad8",
        "x-ms-return-client-request-id": "true"
      },
      "RequestBody": null,
      "StatusCode": 200,
      "ResponseHeaders": {
        "apim-request-id": "9d48e6e4-7bc6-4574-be24-be131fef11c8",
        "Content-Type": "application/json; charset=utf-8",
        "Date": "Fri, 01 Mar 2024 13:54:46 GMT",
        "Strict-Transport-Security": "max-age=31536000; includeSubDomains; preload",
        "Transfer-Encoding": "chunked",
        "X-Content-Type-Options": "nosniff",
        "x-envoy-upstream-service-time": "6",
        "x-ms-region": "West US 2"
      },
      "ResponseBody": {
        "operationId": "31457066784_ba28eaaf-584d-468e-9d87-9876374700a1",
        "kind": "documentClassifierBuild",
        "status": "running",
        "createdDateTime": "2024-03-01T13:53:35Z",
        "lastUpdatedDateTime": "2024-03-01T13:53:39Z",
        "resourceLocation": "https://camaiaor-westus2.cognitiveservices.azure.com/documentintelligence/documentClassifiers/1046061492?api-version=2024-02-29-preview",
        "apiVersion": "2024-02-29-preview"
      }
    },
    {
      "RequestUri": "https://camaiaor-westus2.cognitiveservices.azure.com/documentintelligence/operations/31457066784_ba28eaaf-584d-468e-9d87-9876374700a1?api-version=2024-02-29-preview",
      "RequestMethod": "GET",
      "RequestHeaders": {
        "Ocp-Apim-Subscription-Key": "Sanitized",
        "User-Agent": "azsdk-net-AI.DocumentIntelligence/1.0.0-alpha.20240301.1 (.NET 7.0.16; Microsoft Windows 10.0.22631)",
        "x-ms-client-request-id": "68c0e5455d3d0b567ce2351f74162b31",
        "x-ms-return-client-request-id": "true"
      },
      "RequestBody": null,
      "StatusCode": 200,
      "ResponseHeaders": {
        "apim-request-id": "49ef3e05-6caf-468a-9483-8c0ea0132860",
        "Content-Type": "application/json; charset=utf-8",
        "Date": "Fri, 01 Mar 2024 13:54:47 GMT",
        "Strict-Transport-Security": "max-age=31536000; includeSubDomains; preload",
        "Transfer-Encoding": "chunked",
        "X-Content-Type-Options": "nosniff",
        "x-envoy-upstream-service-time": "7",
        "x-ms-region": "West US 2"
      },
      "ResponseBody": {
        "operationId": "31457066784_ba28eaaf-584d-468e-9d87-9876374700a1",
        "kind": "documentClassifierBuild",
        "status": "running",
        "createdDateTime": "2024-03-01T13:53:35Z",
        "lastUpdatedDateTime": "2024-03-01T13:53:39Z",
        "resourceLocation": "https://camaiaor-westus2.cognitiveservices.azure.com/documentintelligence/documentClassifiers/1046061492?api-version=2024-02-29-preview",
        "apiVersion": "2024-02-29-preview"
      }
    },
    {
      "RequestUri": "https://camaiaor-westus2.cognitiveservices.azure.com/documentintelligence/operations/31457066784_ba28eaaf-584d-468e-9d87-9876374700a1?api-version=2024-02-29-preview",
      "RequestMethod": "GET",
      "RequestHeaders": {
        "Ocp-Apim-Subscription-Key": "Sanitized",
        "User-Agent": "azsdk-net-AI.DocumentIntelligence/1.0.0-alpha.20240301.1 (.NET 7.0.16; Microsoft Windows 10.0.22631)",
        "x-ms-client-request-id": "3d6fc7cbce7fddbdfe659f4e3159f585",
        "x-ms-return-client-request-id": "true"
      },
      "RequestBody": null,
      "StatusCode": 200,
      "ResponseHeaders": {
        "apim-request-id": "7e7755c7-ff8d-4d88-81be-b99260c9f57a",
        "Content-Type": "application/json; charset=utf-8",
        "Date": "Fri, 01 Mar 2024 13:54:48 GMT",
        "Strict-Transport-Security": "max-age=31536000; includeSubDomains; preload",
        "Transfer-Encoding": "chunked",
        "X-Content-Type-Options": "nosniff",
        "x-envoy-upstream-service-time": "7",
        "x-ms-region": "West US 2"
      },
      "ResponseBody": {
        "operationId": "31457066784_ba28eaaf-584d-468e-9d87-9876374700a1",
        "kind": "documentClassifierBuild",
        "status": "running",
        "createdDateTime": "2024-03-01T13:53:35Z",
        "lastUpdatedDateTime": "2024-03-01T13:53:39Z",
        "resourceLocation": "https://camaiaor-westus2.cognitiveservices.azure.com/documentintelligence/documentClassifiers/1046061492?api-version=2024-02-29-preview",
        "apiVersion": "2024-02-29-preview"
      }
    },
    {
      "RequestUri": "https://camaiaor-westus2.cognitiveservices.azure.com/documentintelligence/operations/31457066784_ba28eaaf-584d-468e-9d87-9876374700a1?api-version=2024-02-29-preview",
      "RequestMethod": "GET",
      "RequestHeaders": {
        "Ocp-Apim-Subscription-Key": "Sanitized",
        "User-Agent": "azsdk-net-AI.DocumentIntelligence/1.0.0-alpha.20240301.1 (.NET 7.0.16; Microsoft Windows 10.0.22631)",
        "x-ms-client-request-id": "00920d863f6e091b6ba2a07485da5377",
        "x-ms-return-client-request-id": "true"
      },
      "RequestBody": null,
      "StatusCode": 200,
      "ResponseHeaders": {
        "apim-request-id": "11a12eb6-5806-4347-8333-597b49d56b0f",
        "Content-Type": "application/json; charset=utf-8",
        "Date": "Fri, 01 Mar 2024 13:54:49 GMT",
        "Strict-Transport-Security": "max-age=31536000; includeSubDomains; preload",
        "Transfer-Encoding": "chunked",
        "X-Content-Type-Options": "nosniff",
        "x-envoy-upstream-service-time": "15",
        "x-ms-region": "West US 2"
      },
      "ResponseBody": {
        "operationId": "31457066784_ba28eaaf-584d-468e-9d87-9876374700a1",
        "kind": "documentClassifierBuild",
        "status": "running",
        "createdDateTime": "2024-03-01T13:53:35Z",
        "lastUpdatedDateTime": "2024-03-01T13:53:39Z",
        "resourceLocation": "https://camaiaor-westus2.cognitiveservices.azure.com/documentintelligence/documentClassifiers/1046061492?api-version=2024-02-29-preview",
        "apiVersion": "2024-02-29-preview"
      }
    },
    {
      "RequestUri": "https://camaiaor-westus2.cognitiveservices.azure.com/documentintelligence/operations/31457066784_ba28eaaf-584d-468e-9d87-9876374700a1?api-version=2024-02-29-preview",
      "RequestMethod": "GET",
      "RequestHeaders": {
        "Ocp-Apim-Subscription-Key": "Sanitized",
        "User-Agent": "azsdk-net-AI.DocumentIntelligence/1.0.0-alpha.20240301.1 (.NET 7.0.16; Microsoft Windows 10.0.22631)",
        "x-ms-client-request-id": "4475e51ccd34775927e26ad8bd07da23",
        "x-ms-return-client-request-id": "true"
      },
      "RequestBody": null,
      "StatusCode": 200,
      "ResponseHeaders": {
        "apim-request-id": "2c3b8e80-ebd7-4b1f-9ec7-9ab0c6665c67",
        "Content-Type": "application/json; charset=utf-8",
        "Date": "Fri, 01 Mar 2024 13:54:50 GMT",
        "Strict-Transport-Security": "max-age=31536000; includeSubDomains; preload",
        "Transfer-Encoding": "chunked",
        "X-Content-Type-Options": "nosniff",
        "x-envoy-upstream-service-time": "6",
        "x-ms-region": "West US 2"
      },
      "ResponseBody": {
        "operationId": "31457066784_ba28eaaf-584d-468e-9d87-9876374700a1",
        "kind": "documentClassifierBuild",
        "status": "running",
        "createdDateTime": "2024-03-01T13:53:35Z",
        "lastUpdatedDateTime": "2024-03-01T13:53:39Z",
        "resourceLocation": "https://camaiaor-westus2.cognitiveservices.azure.com/documentintelligence/documentClassifiers/1046061492?api-version=2024-02-29-preview",
        "apiVersion": "2024-02-29-preview"
      }
    },
    {
      "RequestUri": "https://camaiaor-westus2.cognitiveservices.azure.com/documentintelligence/operations/31457066784_ba28eaaf-584d-468e-9d87-9876374700a1?api-version=2024-02-29-preview",
      "RequestMethod": "GET",
      "RequestHeaders": {
        "Ocp-Apim-Subscription-Key": "Sanitized",
        "User-Agent": "azsdk-net-AI.DocumentIntelligence/1.0.0-alpha.20240301.1 (.NET 7.0.16; Microsoft Windows 10.0.22631)",
        "x-ms-client-request-id": "6698b0ed2a838bc3ab66d1dd2e495824",
        "x-ms-return-client-request-id": "true"
      },
      "RequestBody": null,
      "StatusCode": 200,
      "ResponseHeaders": {
        "apim-request-id": "f6553c0e-0762-4433-bec4-90c76300c542",
        "Content-Type": "application/json; charset=utf-8",
        "Date": "Fri, 01 Mar 2024 13:54:51 GMT",
        "Strict-Transport-Security": "max-age=31536000; includeSubDomains; preload",
        "Transfer-Encoding": "chunked",
        "X-Content-Type-Options": "nosniff",
        "x-envoy-upstream-service-time": "9",
        "x-ms-region": "West US 2"
      },
      "ResponseBody": {
        "operationId": "31457066784_ba28eaaf-584d-468e-9d87-9876374700a1",
        "kind": "documentClassifierBuild",
        "status": "running",
        "createdDateTime": "2024-03-01T13:53:35Z",
        "lastUpdatedDateTime": "2024-03-01T13:53:39Z",
        "resourceLocation": "https://camaiaor-westus2.cognitiveservices.azure.com/documentintelligence/documentClassifiers/1046061492?api-version=2024-02-29-preview",
        "apiVersion": "2024-02-29-preview"
      }
    },
    {
      "RequestUri": "https://camaiaor-westus2.cognitiveservices.azure.com/documentintelligence/operations/31457066784_ba28eaaf-584d-468e-9d87-9876374700a1?api-version=2024-02-29-preview",
      "RequestMethod": "GET",
      "RequestHeaders": {
        "Ocp-Apim-Subscription-Key": "Sanitized",
        "User-Agent": "azsdk-net-AI.DocumentIntelligence/1.0.0-alpha.20240301.1 (.NET 7.0.16; Microsoft Windows 10.0.22631)",
        "x-ms-client-request-id": "4b322811b0e3b950b41bd88bd5424b63",
        "x-ms-return-client-request-id": "true"
      },
      "RequestBody": null,
      "StatusCode": 200,
      "ResponseHeaders": {
        "apim-request-id": "e098cbd9-55e1-4378-87fb-7daab509a60e",
        "Content-Type": "application/json; charset=utf-8",
        "Date": "Fri, 01 Mar 2024 13:54:52 GMT",
        "Strict-Transport-Security": "max-age=31536000; includeSubDomains; preload",
        "Transfer-Encoding": "chunked",
        "X-Content-Type-Options": "nosniff",
        "x-envoy-upstream-service-time": "7",
        "x-ms-region": "West US 2"
      },
      "ResponseBody": {
        "operationId": "31457066784_ba28eaaf-584d-468e-9d87-9876374700a1",
        "kind": "documentClassifierBuild",
        "status": "running",
        "createdDateTime": "2024-03-01T13:53:35Z",
        "lastUpdatedDateTime": "2024-03-01T13:53:39Z",
        "resourceLocation": "https://camaiaor-westus2.cognitiveservices.azure.com/documentintelligence/documentClassifiers/1046061492?api-version=2024-02-29-preview",
        "apiVersion": "2024-02-29-preview"
      }
    },
    {
      "RequestUri": "https://camaiaor-westus2.cognitiveservices.azure.com/documentintelligence/operations/31457066784_ba28eaaf-584d-468e-9d87-9876374700a1?api-version=2024-02-29-preview",
      "RequestMethod": "GET",
      "RequestHeaders": {
        "Ocp-Apim-Subscription-Key": "Sanitized",
        "User-Agent": "azsdk-net-AI.DocumentIntelligence/1.0.0-alpha.20240301.1 (.NET 7.0.16; Microsoft Windows 10.0.22631)",
        "x-ms-client-request-id": "d5867cc7ec41f1f422e999cdfb7c48de",
        "x-ms-return-client-request-id": "true"
      },
      "RequestBody": null,
      "StatusCode": 200,
      "ResponseHeaders": {
        "apim-request-id": "7bf7a6e0-c21b-403d-943e-b8f2f8944452",
        "Content-Type": "application/json; charset=utf-8",
        "Date": "Fri, 01 Mar 2024 13:54:53 GMT",
        "Strict-Transport-Security": "max-age=31536000; includeSubDomains; preload",
        "Transfer-Encoding": "chunked",
        "X-Content-Type-Options": "nosniff",
        "x-envoy-upstream-service-time": "6",
        "x-ms-region": "West US 2"
      },
      "ResponseBody": {
        "operationId": "31457066784_ba28eaaf-584d-468e-9d87-9876374700a1",
        "kind": "documentClassifierBuild",
        "status": "running",
        "createdDateTime": "2024-03-01T13:53:35Z",
        "lastUpdatedDateTime": "2024-03-01T13:53:39Z",
        "resourceLocation": "https://camaiaor-westus2.cognitiveservices.azure.com/documentintelligence/documentClassifiers/1046061492?api-version=2024-02-29-preview",
        "apiVersion": "2024-02-29-preview"
      }
    },
    {
      "RequestUri": "https://camaiaor-westus2.cognitiveservices.azure.com/documentintelligence/operations/31457066784_ba28eaaf-584d-468e-9d87-9876374700a1?api-version=2024-02-29-preview",
      "RequestMethod": "GET",
      "RequestHeaders": {
        "Ocp-Apim-Subscription-Key": "Sanitized",
        "User-Agent": "azsdk-net-AI.DocumentIntelligence/1.0.0-alpha.20240301.1 (.NET 7.0.16; Microsoft Windows 10.0.22631)",
        "x-ms-client-request-id": "95c7468a8ed53c405fdfb2675237b568",
        "x-ms-return-client-request-id": "true"
      },
      "RequestBody": null,
      "StatusCode": 200,
      "ResponseHeaders": {
        "apim-request-id": "3ad1457f-e810-4e96-bb4b-75e391355f30",
        "Content-Type": "application/json; charset=utf-8",
        "Date": "Fri, 01 Mar 2024 13:54:54 GMT",
        "Strict-Transport-Security": "max-age=31536000; includeSubDomains; preload",
        "Transfer-Encoding": "chunked",
        "X-Content-Type-Options": "nosniff",
        "x-envoy-upstream-service-time": "9",
        "x-ms-region": "West US 2"
      },
      "ResponseBody": {
        "operationId": "31457066784_ba28eaaf-584d-468e-9d87-9876374700a1",
        "kind": "documentClassifierBuild",
        "status": "running",
        "createdDateTime": "2024-03-01T13:53:35Z",
        "lastUpdatedDateTime": "2024-03-01T13:53:39Z",
        "resourceLocation": "https://camaiaor-westus2.cognitiveservices.azure.com/documentintelligence/documentClassifiers/1046061492?api-version=2024-02-29-preview",
        "apiVersion": "2024-02-29-preview"
      }
    },
    {
      "RequestUri": "https://camaiaor-westus2.cognitiveservices.azure.com/documentintelligence/operations/31457066784_ba28eaaf-584d-468e-9d87-9876374700a1?api-version=2024-02-29-preview",
      "RequestMethod": "GET",
      "RequestHeaders": {
        "Ocp-Apim-Subscription-Key": "Sanitized",
        "User-Agent": "azsdk-net-AI.DocumentIntelligence/1.0.0-alpha.20240301.1 (.NET 7.0.16; Microsoft Windows 10.0.22631)",
        "x-ms-client-request-id": "b2156d1b83c224e2344029f91782bd38",
        "x-ms-return-client-request-id": "true"
      },
      "RequestBody": null,
      "StatusCode": 200,
      "ResponseHeaders": {
        "apim-request-id": "7e3c00bb-f13b-476a-8306-f6f3d51f1b01",
        "Content-Type": "application/json; charset=utf-8",
        "Date": "Fri, 01 Mar 2024 13:54:55 GMT",
        "Strict-Transport-Security": "max-age=31536000; includeSubDomains; preload",
        "Transfer-Encoding": "chunked",
        "X-Content-Type-Options": "nosniff",
        "x-envoy-upstream-service-time": "11",
        "x-ms-region": "West US 2"
      },
      "ResponseBody": {
        "operationId": "31457066784_ba28eaaf-584d-468e-9d87-9876374700a1",
        "kind": "documentClassifierBuild",
        "status": "running",
        "createdDateTime": "2024-03-01T13:53:35Z",
        "lastUpdatedDateTime": "2024-03-01T13:53:39Z",
        "resourceLocation": "https://camaiaor-westus2.cognitiveservices.azure.com/documentintelligence/documentClassifiers/1046061492?api-version=2024-02-29-preview",
        "apiVersion": "2024-02-29-preview"
      }
    },
    {
      "RequestUri": "https://camaiaor-westus2.cognitiveservices.azure.com/documentintelligence/operations/31457066784_ba28eaaf-584d-468e-9d87-9876374700a1?api-version=2024-02-29-preview",
      "RequestMethod": "GET",
      "RequestHeaders": {
        "Ocp-Apim-Subscription-Key": "Sanitized",
        "User-Agent": "azsdk-net-AI.DocumentIntelligence/1.0.0-alpha.20240301.1 (.NET 7.0.16; Microsoft Windows 10.0.22631)",
        "x-ms-client-request-id": "8f00fad3b57b398e3b4a75613a8c9fea",
        "x-ms-return-client-request-id": "true"
      },
      "RequestBody": null,
      "StatusCode": 200,
      "ResponseHeaders": {
        "apim-request-id": "5e8d92dc-1db1-4546-aaa7-e45f91804347",
        "Content-Type": "application/json; charset=utf-8",
        "Date": "Fri, 01 Mar 2024 13:54:56 GMT",
        "Strict-Transport-Security": "max-age=31536000; includeSubDomains; preload",
        "Transfer-Encoding": "chunked",
        "X-Content-Type-Options": "nosniff",
        "x-envoy-upstream-service-time": "6",
        "x-ms-region": "West US 2"
      },
      "ResponseBody": {
        "operationId": "31457066784_ba28eaaf-584d-468e-9d87-9876374700a1",
        "kind": "documentClassifierBuild",
        "status": "running",
        "createdDateTime": "2024-03-01T13:53:35Z",
        "lastUpdatedDateTime": "2024-03-01T13:53:39Z",
        "resourceLocation": "https://camaiaor-westus2.cognitiveservices.azure.com/documentintelligence/documentClassifiers/1046061492?api-version=2024-02-29-preview",
        "apiVersion": "2024-02-29-preview"
      }
    },
    {
      "RequestUri": "https://camaiaor-westus2.cognitiveservices.azure.com/documentintelligence/operations/31457066784_ba28eaaf-584d-468e-9d87-9876374700a1?api-version=2024-02-29-preview",
      "RequestMethod": "GET",
      "RequestHeaders": {
        "Ocp-Apim-Subscription-Key": "Sanitized",
        "User-Agent": "azsdk-net-AI.DocumentIntelligence/1.0.0-alpha.20240301.1 (.NET 7.0.16; Microsoft Windows 10.0.22631)",
        "x-ms-client-request-id": "8eb230349666071b63a36194654624dc",
        "x-ms-return-client-request-id": "true"
      },
      "RequestBody": null,
      "StatusCode": 200,
      "ResponseHeaders": {
        "apim-request-id": "abfbec26-542e-4f64-a804-76a780751778",
        "Content-Type": "application/json; charset=utf-8",
        "Date": "Fri, 01 Mar 2024 13:54:57 GMT",
        "Strict-Transport-Security": "max-age=31536000; includeSubDomains; preload",
        "Transfer-Encoding": "chunked",
        "X-Content-Type-Options": "nosniff",
        "x-envoy-upstream-service-time": "6",
        "x-ms-region": "West US 2"
      },
      "ResponseBody": {
        "operationId": "31457066784_ba28eaaf-584d-468e-9d87-9876374700a1",
        "kind": "documentClassifierBuild",
        "status": "running",
        "createdDateTime": "2024-03-01T13:53:35Z",
        "lastUpdatedDateTime": "2024-03-01T13:53:39Z",
        "resourceLocation": "https://camaiaor-westus2.cognitiveservices.azure.com/documentintelligence/documentClassifiers/1046061492?api-version=2024-02-29-preview",
        "apiVersion": "2024-02-29-preview"
      }
    },
    {
      "RequestUri": "https://camaiaor-westus2.cognitiveservices.azure.com/documentintelligence/operations/31457066784_ba28eaaf-584d-468e-9d87-9876374700a1?api-version=2024-02-29-preview",
      "RequestMethod": "GET",
      "RequestHeaders": {
        "Ocp-Apim-Subscription-Key": "Sanitized",
        "User-Agent": "azsdk-net-AI.DocumentIntelligence/1.0.0-alpha.20240301.1 (.NET 7.0.16; Microsoft Windows 10.0.22631)",
        "x-ms-client-request-id": "57947922253665eddedc76780d81eaa7",
        "x-ms-return-client-request-id": "true"
      },
      "RequestBody": null,
      "StatusCode": 200,
      "ResponseHeaders": {
        "apim-request-id": "7cabc386-aa55-4964-b238-c75df91c5f8c",
        "Content-Type": "application/json; charset=utf-8",
        "Date": "Fri, 01 Mar 2024 13:54:58 GMT",
        "Strict-Transport-Security": "max-age=31536000; includeSubDomains; preload",
        "Transfer-Encoding": "chunked",
        "X-Content-Type-Options": "nosniff",
        "x-envoy-upstream-service-time": "7",
        "x-ms-region": "West US 2"
      },
      "ResponseBody": {
        "operationId": "31457066784_ba28eaaf-584d-468e-9d87-9876374700a1",
        "kind": "documentClassifierBuild",
        "status": "running",
        "createdDateTime": "2024-03-01T13:53:35Z",
        "lastUpdatedDateTime": "2024-03-01T13:53:39Z",
        "resourceLocation": "https://camaiaor-westus2.cognitiveservices.azure.com/documentintelligence/documentClassifiers/1046061492?api-version=2024-02-29-preview",
        "apiVersion": "2024-02-29-preview"
      }
    },
    {
      "RequestUri": "https://camaiaor-westus2.cognitiveservices.azure.com/documentintelligence/operations/31457066784_ba28eaaf-584d-468e-9d87-9876374700a1?api-version=2024-02-29-preview",
      "RequestMethod": "GET",
      "RequestHeaders": {
        "Ocp-Apim-Subscription-Key": "Sanitized",
        "User-Agent": "azsdk-net-AI.DocumentIntelligence/1.0.0-alpha.20240301.1 (.NET 7.0.16; Microsoft Windows 10.0.22631)",
        "x-ms-client-request-id": "e7c53ea02fd03cd1def92cd854f9d3f4",
        "x-ms-return-client-request-id": "true"
      },
      "RequestBody": null,
      "StatusCode": 200,
      "ResponseHeaders": {
        "apim-request-id": "b436f72a-3f28-46e6-b641-a6ed2db9f70a",
        "Content-Type": "application/json; charset=utf-8",
        "Date": "Fri, 01 Mar 2024 13:54:59 GMT",
        "Strict-Transport-Security": "max-age=31536000; includeSubDomains; preload",
        "Transfer-Encoding": "chunked",
        "X-Content-Type-Options": "nosniff",
        "x-envoy-upstream-service-time": "6",
        "x-ms-region": "West US 2"
      },
      "ResponseBody": {
        "operationId": "31457066784_ba28eaaf-584d-468e-9d87-9876374700a1",
        "kind": "documentClassifierBuild",
        "status": "running",
        "createdDateTime": "2024-03-01T13:53:35Z",
        "lastUpdatedDateTime": "2024-03-01T13:53:39Z",
        "resourceLocation": "https://camaiaor-westus2.cognitiveservices.azure.com/documentintelligence/documentClassifiers/1046061492?api-version=2024-02-29-preview",
        "apiVersion": "2024-02-29-preview"
      }
    },
    {
      "RequestUri": "https://camaiaor-westus2.cognitiveservices.azure.com/documentintelligence/operations/31457066784_ba28eaaf-584d-468e-9d87-9876374700a1?api-version=2024-02-29-preview",
      "RequestMethod": "GET",
      "RequestHeaders": {
        "Ocp-Apim-Subscription-Key": "Sanitized",
        "User-Agent": "azsdk-net-AI.DocumentIntelligence/1.0.0-alpha.20240301.1 (.NET 7.0.16; Microsoft Windows 10.0.22631)",
        "x-ms-client-request-id": "c03f992547f80eb4424daf8a1fa2f9e2",
        "x-ms-return-client-request-id": "true"
      },
      "RequestBody": null,
      "StatusCode": 200,
      "ResponseHeaders": {
        "apim-request-id": "10f294fd-3d1b-4eaf-af54-4cf8d8c0e8c4",
        "Content-Type": "application/json; charset=utf-8",
        "Date": "Fri, 01 Mar 2024 13:55:00 GMT",
        "Strict-Transport-Security": "max-age=31536000; includeSubDomains; preload",
        "Transfer-Encoding": "chunked",
        "X-Content-Type-Options": "nosniff",
        "x-envoy-upstream-service-time": "5",
        "x-ms-region": "West US 2"
      },
      "ResponseBody": {
        "operationId": "31457066784_ba28eaaf-584d-468e-9d87-9876374700a1",
        "kind": "documentClassifierBuild",
        "status": "running",
        "createdDateTime": "2024-03-01T13:53:35Z",
        "lastUpdatedDateTime": "2024-03-01T13:53:39Z",
        "resourceLocation": "https://camaiaor-westus2.cognitiveservices.azure.com/documentintelligence/documentClassifiers/1046061492?api-version=2024-02-29-preview",
        "apiVersion": "2024-02-29-preview"
      }
    },
    {
      "RequestUri": "https://camaiaor-westus2.cognitiveservices.azure.com/documentintelligence/operations/31457066784_ba28eaaf-584d-468e-9d87-9876374700a1?api-version=2024-02-29-preview",
      "RequestMethod": "GET",
      "RequestHeaders": {
        "Ocp-Apim-Subscription-Key": "Sanitized",
        "User-Agent": "azsdk-net-AI.DocumentIntelligence/1.0.0-alpha.20240301.1 (.NET 7.0.16; Microsoft Windows 10.0.22631)",
        "x-ms-client-request-id": "27f4bab93d81f20ba757793df91511e4",
        "x-ms-return-client-request-id": "true"
      },
      "RequestBody": null,
      "StatusCode": 200,
      "ResponseHeaders": {
        "apim-request-id": "b3643c3c-41f9-4b0d-aa6d-768adc6b315a",
        "Content-Type": "application/json; charset=utf-8",
        "Date": "Fri, 01 Mar 2024 13:55:01 GMT",
        "Strict-Transport-Security": "max-age=31536000; includeSubDomains; preload",
        "Transfer-Encoding": "chunked",
        "X-Content-Type-Options": "nosniff",
        "x-envoy-upstream-service-time": "7",
        "x-ms-region": "West US 2"
      },
      "ResponseBody": {
        "operationId": "31457066784_ba28eaaf-584d-468e-9d87-9876374700a1",
        "kind": "documentClassifierBuild",
        "status": "running",
        "createdDateTime": "2024-03-01T13:53:35Z",
        "lastUpdatedDateTime": "2024-03-01T13:53:39Z",
        "resourceLocation": "https://camaiaor-westus2.cognitiveservices.azure.com/documentintelligence/documentClassifiers/1046061492?api-version=2024-02-29-preview",
        "apiVersion": "2024-02-29-preview"
      }
    },
    {
      "RequestUri": "https://camaiaor-westus2.cognitiveservices.azure.com/documentintelligence/operations/31457066784_ba28eaaf-584d-468e-9d87-9876374700a1?api-version=2024-02-29-preview",
      "RequestMethod": "GET",
      "RequestHeaders": {
        "Ocp-Apim-Subscription-Key": "Sanitized",
        "User-Agent": "azsdk-net-AI.DocumentIntelligence/1.0.0-alpha.20240301.1 (.NET 7.0.16; Microsoft Windows 10.0.22631)",
        "x-ms-client-request-id": "73528108294158ae89b6a4837f471d3b",
        "x-ms-return-client-request-id": "true"
      },
      "RequestBody": null,
      "StatusCode": 200,
      "ResponseHeaders": {
        "apim-request-id": "06dcfed2-7b2b-40c0-ada3-a12cf00c16f1",
        "Content-Type": "application/json; charset=utf-8",
        "Date": "Fri, 01 Mar 2024 13:55:02 GMT",
        "Strict-Transport-Security": "max-age=31536000; includeSubDomains; preload",
        "Transfer-Encoding": "chunked",
        "X-Content-Type-Options": "nosniff",
        "x-envoy-upstream-service-time": "7",
        "x-ms-region": "West US 2"
      },
      "ResponseBody": {
        "operationId": "31457066784_ba28eaaf-584d-468e-9d87-9876374700a1",
        "kind": "documentClassifierBuild",
        "status": "succeeded",
        "createdDateTime": "2024-03-01T13:53:35Z",
        "lastUpdatedDateTime": "2024-03-01T13:55:03Z",
        "resourceLocation": "https://camaiaor-westus2.cognitiveservices.azure.com/documentintelligence/documentClassifiers/1046061492?api-version=2024-02-29-preview",
        "percentCompleted": 100,
        "result": {
          "classifierId": "1046061492",
          "createdDateTime": "2024-03-01T13:55:03Z",
          "expirationDateTime": "2026-03-01T13:55:03Z",
          "apiVersion": "2024-02-29-preview",
          "docTypes": {
            "IRS-1040-A": {
              "kind": "azureBlob",
              "azureBlobSource": {
                "containerUrl": "https://sanitized.blob.core.windows.net",
                "prefix": "IRS-1040-A/train"
              }
            },
            "IRS-1040-B": {
              "kind": "azureBlob",
              "azureBlobSource": {
                "containerUrl": "https://sanitized.blob.core.windows.net",
                "prefix": "IRS-1040-B/train"
              }
            }
          }
        },
        "apiVersion": "2024-02-29-preview"
      }
    },
    {
      "RequestUri": "https://camaiaor-westus2.cognitiveservices.azure.com/documentintelligence/documentClassifiers/1046061492?api-version=2024-02-29-preview",
      "RequestMethod": "DELETE",
      "RequestHeaders": {
        "Accept": "application/json",
        "Ocp-Apim-Subscription-Key": "Sanitized",
        "traceparent": "00-8f342e4753ba550a916925904956dce9-1203b87f505ef250-00",
        "User-Agent": "azsdk-net-AI.DocumentIntelligence/1.0.0-alpha.20240301.1 (.NET 7.0.16; Microsoft Windows 10.0.22631)",
        "x-ms-client-request-id": "991f4affac05e8738d4c19a1ce77142d",
        "x-ms-return-client-request-id": "true"
      },
      "RequestBody": null,
      "StatusCode": 204,
      "ResponseHeaders": {
        "apim-request-id": "7cbe09f1-598a-466d-a497-88bc07250294",
        "Content-Length": "0",
        "Date": "Fri, 01 Mar 2024 13:55:02 GMT",
        "Strict-Transport-Security": "max-age=31536000; includeSubDomains; preload",
        "X-Content-Type-Options": "nosniff",
        "x-envoy-upstream-service-time": "39",
        "x-ms-region": "West US 2"
      },
      "ResponseBody": null
    }
  ],
  "Variables": {
    "API_KEY": "Sanitized",
    "CLASSIFIER_BLOB_CONTAINER_SAS_URL": "https://sanitized.blob.core.windows.net",
    "ENDPOINT": "https://camaiaor-westus2.cognitiveservices.azure.com/",
    "RandomSeed": "1992050095"
  }
}
