{
  "Entries": [
    {
      "RequestUri": "https://vdi-fr-test-eastus.ppe.cognitiveservices.azure.com/documentintelligence/documentModels:build?api-version=2023-10-31-preview",
      "RequestMethod": "POST",
      "RequestHeaders": {
        "Accept": "application/json",
        "Content-Length": "124",
        "Content-Type": "application/json",
        "Ocp-Apim-Subscription-Key": "Sanitized",
        "traceparent": "00-6ca6b245c3bf8db6a6d523f9a88f7150-7e3cd1d751cbfd2b-00",
        "User-Agent": "azsdk-net-AI.DocumentIntelligence/1.0.0-alpha.20231113.1 (.NET 7.0.13; Microsoft Windows 10.0.22631)",
        "x-ms-client-request-id": "c31c6d3874f52eee163b4503b6989338",
        "x-ms-return-client-request-id": "true"
      },
      "RequestBody": {
        "modelId": "1384679954",
        "buildMode": "template",
        "azureBlobSource": {
          "containerUrl": "https://sanitized.blob.core.windows.net"
        }
      },
      "StatusCode": 202,
      "ResponseHeaders": {
        "apim-request-id": "47bebfc1-f687-42d8-8427-cd94fbb8a1f9",
        "Content-Length": "0",
        "Date": "Tue, 14 Nov 2023 00:17:07 GMT",
        "operation-location": "https://vdi-fr-test-eastus.ppe.cognitiveservices.azure.com/documentintelligence/operations/31466446974_47bebfc1-f687-42d8-8427-cd94fbb8a1f9?api-version=2023-10-31-preview",
        "Strict-Transport-Security": "max-age=31536000; includeSubDomains; preload",
        "X-Content-Type-Options": "nosniff",
        "x-envoy-upstream-service-time": "2064",
        "x-ms-region": "East US"
      },
      "ResponseBody": null
    },
    {
      "RequestUri": "https://vdi-fr-test-eastus.ppe.cognitiveservices.azure.com/documentintelligence/operations/31466446974_47bebfc1-f687-42d8-8427-cd94fbb8a1f9?api-version=2023-10-31-preview",
      "RequestMethod": "GET",
      "RequestHeaders": {
        "Ocp-Apim-Subscription-Key": "Sanitized",
        "traceparent": "00-6ca6b245c3bf8db6a6d523f9a88f7150-cf9ab294aea3f22e-00",
        "User-Agent": "azsdk-net-AI.DocumentIntelligence/1.0.0-alpha.20231113.1 (.NET 7.0.13; Microsoft Windows 10.0.22631)",
        "x-ms-client-request-id": "dc2396adcc532ddaab3a5bd441cd91f2",
        "x-ms-return-client-request-id": "true"
      },
      "RequestBody": null,
      "StatusCode": 200,
      "ResponseHeaders": {
        "apim-request-id": "b2fca0e4-6b92-4345-bbb8-8a0a69ba401d",
        "Content-Type": "application/json; charset=utf-8",
        "Date": "Tue, 14 Nov 2023 00:17:07 GMT",
        "Strict-Transport-Security": "max-age=31536000; includeSubDomains; preload",
        "Transfer-Encoding": "chunked",
        "X-Content-Type-Options": "nosniff",
        "x-envoy-upstream-service-time": "6",
        "x-ms-region": "East US"
      },
      "ResponseBody": {
        "operationId": "31466446974_47bebfc1-f687-42d8-8427-cd94fbb8a1f9",
        "kind": "documentModelBuild",
        "status": "running",
        "createdDateTime": "2023-11-14T00:17:06Z",
        "lastUpdatedDateTime": "2023-11-14T00:17:08Z",
        "resourceLocation": "https://vdi-fr-test-eastus.ppe.cognitiveservices.azure.com/documentintelligence/documentModels/1384679954?api-version=2023-10-31-preview",
        "apiVersion": "2023-10-31-preview"
      }
    },
    {
      "RequestUri": "https://vdi-fr-test-eastus.ppe.cognitiveservices.azure.com/documentintelligence/operations/31466446974_47bebfc1-f687-42d8-8427-cd94fbb8a1f9?api-version=2023-10-31-preview",
      "RequestMethod": "GET",
      "RequestHeaders": {
        "Ocp-Apim-Subscription-Key": "Sanitized",
        "traceparent": "00-6ca6b245c3bf8db6a6d523f9a88f7150-81c0bdfb09a9ebfc-00",
        "User-Agent": "azsdk-net-AI.DocumentIntelligence/1.0.0-alpha.20231113.1 (.NET 7.0.13; Microsoft Windows 10.0.22631)",
        "x-ms-client-request-id": "af65c41e6f35ca099231b1e2db38dc54",
        "x-ms-return-client-request-id": "true"
      },
      "RequestBody": null,
      "StatusCode": 200,
      "ResponseHeaders": {
        "apim-request-id": "2b6ebfbf-9bfd-4f9b-a28e-c8a915853655",
        "Content-Type": "application/json; charset=utf-8",
        "Date": "Tue, 14 Nov 2023 00:17:08 GMT",
        "Strict-Transport-Security": "max-age=31536000; includeSubDomains; preload",
        "Transfer-Encoding": "chunked",
        "X-Content-Type-Options": "nosniff",
        "x-envoy-upstream-service-time": "9",
        "x-ms-region": "East US"
      },
      "ResponseBody": {
        "operationId": "31466446974_47bebfc1-f687-42d8-8427-cd94fbb8a1f9",
        "kind": "documentModelBuild",
        "status": "succeeded",
        "createdDateTime": "2023-11-14T00:17:06Z",
        "lastUpdatedDateTime": "2023-11-14T00:17:09Z",
        "resourceLocation": "https://vdi-fr-test-eastus.ppe.cognitiveservices.azure.com/documentintelligence/documentModels/1384679954?api-version=2023-10-31-preview",
        "percentCompleted": 100,
        "result": {
          "docTypes": {
            "1384679954": {
              "fieldSchema": {
                "Merchant": {
                  "type": "string"
                },
                "PhoneNumber": {
                  "type": "string"
                },
                "Website": {
                  "type": "string"
                },
                "Email": {
                  "type": "string"
                },
                "PurchaseOrderNumber": {
                  "type": "string"
                },
                "DatedAs": {
                  "type": "string"
                },
                "VendorName": {
                  "type": "string"
                },
                "CompanyName": {
                  "type": "string"
                },
                "CompanyAddress": {
                  "type": "string"
                },
                "CompanyPhoneNumber": {
                  "type": "string"
                },
                "Subtotal": {
                  "type": "string"
                },
                "Tax": {
                  "type": "string"
                },
                "Total": {
                  "type": "string"
                },
                "Signature": {
                  "type": "string"
                },
                "Quantity": {
                  "type": "number"
                },
                "FullSignature": {
                  "type": "signature"
                }
              },
              "buildMode": "template",
              "fieldConfidence": {
                "CompanyAddress": 0.8,
                "CompanyName": 0.995,
                "CompanyPhoneNumber": 0.995,
                "DatedAs": 0.995,
                "Email": 0.8,
                "FullSignature": 0.6,
                "Merchant": 0.995,
                "PhoneNumber": 0.995,
                "PurchaseOrderNumber": 0.995,
                "Quantity": 0.995,
                "Signature": 0.995,
                "Subtotal": 0.995,
                "Tax": 0.995,
                "Total": 0.995,
                "VendorName": 0.995,
                "Website": 0.995
              }
            }
          },
          "modelId": "1384679954",
          "createdDateTime": "2023-11-14T00:17:09Z",
          "expirationDateTime": "2025-11-13T00:17:09Z",
          "apiVersion": "2023-10-31-preview"
        },
        "apiVersion": "2023-10-31-preview"
      }
    },
    {
      "RequestUri": "https://vdi-fr-test-eastus.ppe.cognitiveservices.azure.com/documentintelligence/documentModels:authorizeCopy?api-version=2023-10-31-preview",
      "RequestMethod": "POST",
      "RequestHeaders": {
        "Accept": "application/json",
        "Content-Length": "23",
        "Content-Type": "application/json",
        "Ocp-Apim-Subscription-Key": "Sanitized",
        "traceparent": "00-c64ad80091c8cc4272e9ac49459d11ba-630caad7d3a2259d-00",
        "User-Agent": "azsdk-net-AI.DocumentIntelligence/1.0.0-alpha.20231113.1 (.NET 7.0.13; Microsoft Windows 10.0.22631)",
        "x-ms-client-request-id": "8a75a6b2a6916cbf92ef17bb1819ec49",
        "x-ms-return-client-request-id": "true"
      },
      "RequestBody": {
        "modelId": "704233347"
      },
      "StatusCode": 200,
      "ResponseHeaders": {
        "apim-request-id": "f13c64de-3429-4f19-85fe-ea3d3340fe18",
        "Content-Type": "application/json; charset=utf-8",
        "Date": "Tue, 14 Nov 2023 00:17:08 GMT",
        "Strict-Transport-Security": "max-age=31536000; includeSubDomains; preload",
        "Transfer-Encoding": "chunked",
        "X-Content-Type-Options": "nosniff",
        "x-envoy-upstream-service-time": "73",
        "x-ms-region": "East US"
      },
      "ResponseBody": {
        "targetResourceId": "/subscriptions/b7777967-35fa-44ed-b4d0-125820f270f1/resourceGroups/chstone-ppe/providers/Microsoft.CognitiveServices/accounts/vdi-fr-test-eastus",
        "targetResourceRegion": "eastus",
        "targetModelId": "704233347",
        "targetModelLocation": "https://vdi-fr-test-eastus.ppe.cognitiveservices.azure.com/documentintelligence/documentModels/704233347?api-version=2023-10-31-preview",
        "accessToken": "Sanitized",
        "expirationDateTime": "2023-11-14T01:17:09Z"
      }
    },
    {
      "RequestUri": "https://vdi-fr-test-eastus.ppe.cognitiveservices.azure.com/documentintelligence/documentModels/1384679954:copyTo?api-version=2023-10-31-preview",
      "RequestMethod": "POST",
      "RequestHeaders": {
        "Accept": "application/json",
        "Content-Length": "465",
        "Content-Type": "application/json",
        "Ocp-Apim-Subscription-Key": "Sanitized",
        "traceparent": "00-d907d6e87c0cb23d0d7e6fedd1534c5e-39470ac79b9672dd-00",
        "User-Agent": "azsdk-net-AI.DocumentIntelligence/1.0.0-alpha.20231113.1 (.NET 7.0.13; Microsoft Windows 10.0.22631)",
        "x-ms-client-request-id": "f1e452aae4323d028c584a221af75172",
        "x-ms-return-client-request-id": "true"
      },
      "RequestBody": {
        "targetResourceId": "/subscriptions/b7777967-35fa-44ed-b4d0-125820f270f1/resourceGroups/chstone-ppe/providers/Microsoft.CognitiveServices/accounts/vdi-fr-test-eastus",
        "targetResourceRegion": "eastus",
        "targetModelId": "704233347",
        "targetModelLocation": "https://vdi-fr-test-eastus.ppe.cognitiveservices.azure.com/documentintelligence/documentModels/704233347?api-version=2023-10-31-preview",
        "accessToken": "Sanitized",
        "expirationDateTime": "2023-11-14T01:17:09.0000000Z"
      },
      "StatusCode": 202,
      "ResponseHeaders": {
        "apim-request-id": "835a1a00-25d8-4711-bd24-9d36e091474b",
        "Content-Length": "0",
        "Date": "Tue, 14 Nov 2023 00:17:09 GMT",
        "Operation-Location": "https://vdi-fr-test-eastus.ppe.cognitiveservices.azure.com/documentintelligence/operations/31466446970_835a1a00-25d8-4711-bd24-9d36e091474b?api-version=2023-10-31-preview",
        "Strict-Transport-Security": "max-age=31536000; includeSubDomains; preload",
        "X-Content-Type-Options": "nosniff",
        "x-envoy-upstream-service-time": "71",
        "x-ms-region": "East US"
      },
      "ResponseBody": null
    },
    {
      "RequestUri": "https://vdi-fr-test-eastus.ppe.cognitiveservices.azure.com/documentintelligence/operations/31466446970_835a1a00-25d8-4711-bd24-9d36e091474b?api-version=2023-10-31-preview",
      "RequestMethod": "GET",
      "RequestHeaders": {
        "Ocp-Apim-Subscription-Key": "Sanitized",
        "traceparent": "00-d907d6e87c0cb23d0d7e6fedd1534c5e-57bf3bb39e8a081e-00",
        "User-Agent": "azsdk-net-AI.DocumentIntelligence/1.0.0-alpha.20231113.1 (.NET 7.0.13; Microsoft Windows 10.0.22631)",
        "x-ms-client-request-id": "9a22075d0657776005f81c45584db178",
        "x-ms-return-client-request-id": "true"
      },
      "RequestBody": null,
      "StatusCode": 200,
      "ResponseHeaders": {
        "apim-request-id": "e84727fc-b487-45f5-9c75-0ffe0de24bdd",
        "Content-Type": "application/json; charset=utf-8",
        "Date": "Tue, 14 Nov 2023 00:17:09 GMT",
        "Strict-Transport-Security": "max-age=31536000; includeSubDomains; preload",
        "Transfer-Encoding": "chunked",
        "X-Content-Type-Options": "nosniff",
        "x-envoy-upstream-service-time": "8",
        "x-ms-region": "East US"
      },
      "ResponseBody": {
        "operationId": "31466446970_835a1a00-25d8-4711-bd24-9d36e091474b",
        "kind": "documentModelCopyTo",
        "status": "notStarted",
        "createdDateTime": "2023-11-14T00:17:09Z",
        "lastUpdatedDateTime": "2023-11-14T00:17:09Z",
        "resourceLocation": "https://vdi-fr-test-eastus.ppe.cognitiveservices.azure.com/documentintelligence/documentModels/704233347?api-version=2023-10-31-preview",
        "apiVersion": "2023-10-31-preview"
      }
    },
    {
      "RequestUri": "https://vdi-fr-test-eastus.ppe.cognitiveservices.azure.com/documentintelligence/operations/31466446970_835a1a00-25d8-4711-bd24-9d36e091474b?api-version=2023-10-31-preview",
      "RequestMethod": "GET",
      "RequestHeaders": {
        "Ocp-Apim-Subscription-Key": "Sanitized",
        "traceparent": "00-d907d6e87c0cb23d0d7e6fedd1534c5e-b116b29426c8b364-00",
        "User-Agent": "azsdk-net-AI.DocumentIntelligence/1.0.0-alpha.20231113.1 (.NET 7.0.13; Microsoft Windows 10.0.22631)",
        "x-ms-client-request-id": "88386844ea53ce21a437fd385c9d519a",
        "x-ms-return-client-request-id": "true"
      },
      "RequestBody": null,
      "StatusCode": 200,
      "ResponseHeaders": {
        "apim-request-id": "5a014b3a-60af-42aa-a977-c6d52e2e9eb4",
        "Content-Type": "application/json; charset=utf-8",
        "Date": "Tue, 14 Nov 2023 00:17:11 GMT",
        "Strict-Transport-Security": "max-age=31536000; includeSubDomains; preload",
        "Transfer-Encoding": "chunked",
        "X-Content-Type-Options": "nosniff",
        "x-envoy-upstream-service-time": "8",
        "x-ms-region": "East US"
      },
      "ResponseBody": {
        "operationId": "31466446970_835a1a00-25d8-4711-bd24-9d36e091474b",
        "kind": "documentModelCopyTo",
        "status": "succeeded",
        "createdDateTime": "2023-11-14T00:17:09Z",
        "lastUpdatedDateTime": "2023-11-14T00:17:11Z",
        "resourceLocation": "https://vdi-fr-test-eastus.ppe.cognitiveservices.azure.com/documentintelligence/documentModels/704233347?api-version=2023-10-31-preview",
        "percentCompleted": 100,
        "result": {
          "docTypes": {
            "704233347": {
              "fieldSchema": {
                "Merchant": {
                  "type": "string"
                },
                "PhoneNumber": {
                  "type": "string"
                },
                "Website": {
                  "type": "string"
                },
                "Email": {
                  "type": "string"
                },
                "PurchaseOrderNumber": {
                  "type": "string"
                },
                "DatedAs": {
                  "type": "string"
                },
                "VendorName": {
                  "type": "string"
                },
                "CompanyName": {
                  "type": "string"
                },
                "CompanyAddress": {
                  "type": "string"
                },
                "CompanyPhoneNumber": {
                  "type": "string"
                },
                "Subtotal": {
                  "type": "string"
                },
                "Tax": {
                  "type": "string"
                },
                "Total": {
                  "type": "string"
                },
                "Signature": {
                  "type": "string"
                },
                "Quantity": {
                  "type": "number"
                },
                "FullSignature": {
                  "type": "signature"
                }
              },
              "buildMode": "template",
              "fieldConfidence": {
                "CompanyAddress": 0.8,
                "CompanyName": 0.995,
                "CompanyPhoneNumber": 0.995,
                "DatedAs": 0.995,
                "Email": 0.8,
                "FullSignature": 0.6,
                "Merchant": 0.995,
                "PhoneNumber": 0.995,
                "PurchaseOrderNumber": 0.995,
                "Quantity": 0.995,
                "Signature": 0.995,
                "Subtotal": 0.995,
                "Tax": 0.995,
                "Total": 0.995,
                "VendorName": 0.995,
                "Website": 0.995
              }
            }
          },
          "modelId": "704233347",
          "createdDateTime": "2023-11-14T00:17:09Z",
          "expirationDateTime": "2025-11-13T00:17:09Z",
          "apiVersion": "2023-10-31-preview"
        },
        "apiVersion": "2023-10-31-preview"
      }
    },
    {
      "RequestUri": "https://vdi-fr-test-eastus.ppe.cognitiveservices.azure.com/documentintelligence/documentModels/704233347?api-version=2023-10-31-preview",
      "RequestMethod": "DELETE",
      "RequestHeaders": {
        "Accept": "application/json",
        "Ocp-Apim-Subscription-Key": "Sanitized",
        "traceparent": "00-18f2d42895e1040db18b23280c1ecd4a-2a7332beaa3e7c07-00",
        "User-Agent": "azsdk-net-AI.DocumentIntelligence/1.0.0-alpha.20231113.1 (.NET 7.0.13; Microsoft Windows 10.0.22631)",
        "x-ms-client-request-id": "115da59d51f7a3f1f26dec3ac7bce53e",
        "x-ms-return-client-request-id": "true"
      },
      "RequestBody": null,
      "StatusCode": 204,
      "ResponseHeaders": {
        "apim-request-id": "62546560-f690-490d-8e1f-ea6b4a8421f2",
        "Content-Length": "0",
        "Date": "Tue, 14 Nov 2023 00:17:11 GMT",
        "Strict-Transport-Security": "max-age=31536000; includeSubDomains; preload",
        "X-Content-Type-Options": "nosniff",
        "x-envoy-upstream-service-time": "50",
        "x-ms-region": "East US"
      },
      "ResponseBody": null
    },
    {
      "RequestUri": "https://vdi-fr-test-eastus.ppe.cognitiveservices.azure.com/documentintelligence/documentModels/1384679954?api-version=2023-10-31-preview",
      "RequestMethod": "DELETE",
      "RequestHeaders": {
        "Accept": "application/json",
        "Ocp-Apim-Subscription-Key": "Sanitized",
        "traceparent": "00-0cb70689ed776aea45dae2d002c94f6e-a1307c6e58428d6f-00",
        "User-Agent": "azsdk-net-AI.DocumentIntelligence/1.0.0-alpha.20231113.1 (.NET 7.0.13; Microsoft Windows 10.0.22631)",
        "x-ms-client-request-id": "b2ddd1a6c9bf731ee653f62008271b68",
        "x-ms-return-client-request-id": "true"
      },
      "RequestBody": null,
      "StatusCode": 204,
      "ResponseHeaders": {
        "apim-request-id": "b5e700dd-ab44-40ba-9390-caa19ad2c505",
        "Content-Length": "0",
        "Date": "Tue, 14 Nov 2023 00:17:11 GMT",
        "Strict-Transport-Security": "max-age=31536000; includeSubDomains; preload",
        "X-Content-Type-Options": "nosniff",
        "x-envoy-upstream-service-time": "39",
        "x-ms-region": "East US"
      },
      "ResponseBody": null
    }
  ],
  "Variables": {
    "API_KEY": "Sanitized",
    "ENDPOINT": "https://vdi-fr-test-eastus.ppe.cognitiveservices.azure.com/",
    "RandomSeed": "1495488996",
    "SINGLEPAGE_BLOB_CONTAINER_SAS_URL": "https://sanitized.blob.core.windows.net"
  }
}
