{
  "Entries": [
    {
      "RequestUri": "https://rgjoncardekv76.vault.azure.net/secrets/1777246349?api-version=7.6",
      "RequestMethod": "PUT",
      "RequestHeaders": {
        "Accept": "application/json",
        "Content-Length": "0",
        "traceparent": "00-95528b87eeced2604abe909c7509ca25-a6802adafd69c33c-00",
        "User-Agent": "azsdk-net-Security.KeyVault.Secrets/4.8.0-alpha.20250613.1 (.NET 9.0.6; Microsoft Windows 10.0.26100)",
        "x-ms-client-request-id": "Sanitized",
        "x-ms-return-client-request-id": "true"
      },
      "RequestBody": null,
      "StatusCode": 401,
      "ResponseHeaders": {
        "Cache-Control": "no-cache",
        "Content-Length": "97",
        "Content-Type": "application/json; charset=utf-8",
        "Date": "Fri, 13 Jun 2025 09:45:12 GMT",
        "Expires": "-1",
        "Pragma": "no-cache",
        "Strict-Transport-Security": "max-age=31536000;includeSubDomains",
        "WWW-Authenticate": "Bearer authorization=\"https://login.microsoftonline.com/70a036f6-8e4d-4615-bad6-149c02e7720d\", resource=\"https://vault.azure.net\"",
        "X-Content-Type-Options": "nosniff",
        "x-ms-client-request-id": "Sanitized",
        "x-ms-keyvault-network-info": "conn_type=Ipv4;addr=50.175.105.250;act_addr_fam=InterNetwork;",
        "x-ms-keyvault-region": "uksouth",
        "x-ms-keyvault-service-version": "1.9.2497.1",
        "x-ms-request-id": "e989bde9-784e-48a8-abcb-ad7cbde5d287"
      },
      "ResponseBody": {
        "error": {
          "code": "Unauthorized",
          "message": "AKV10000: Request is missing a Bearer or PoP token."
        }
      }
    },
    {
      "RequestUri": "https://rgjoncardekv76.vault.azure.net/secrets/1777246349?api-version=7.6",
      "RequestMethod": "PUT",
      "RequestHeaders": {
        "Accept": "application/json",
        "Authorization": "Sanitized",
        "Content-Length": "17",
        "Content-Type": "application/json",
        "traceparent": "00-95528b87eeced2604abe909c7509ca25-a6802adafd69c33c-00",
        "User-Agent": "azsdk-net-Security.KeyVault.Secrets/4.8.0-alpha.20250613.1 (.NET 9.0.6; Microsoft Windows 10.0.26100)",
        "x-ms-client-request-id": "Sanitized",
        "x-ms-return-client-request-id": "true"
      },
      "RequestBody": {
        "value": "value"
      },
      "StatusCode": 200,
      "ResponseHeaders": {
        "Cache-Control": "no-cache",
        "Content-Length": "257",
        "Content-Type": "application/json; charset=utf-8",
        "Date": "Fri, 13 Jun 2025 09:45:24 GMT",
        "Expires": "-1",
        "Pragma": "no-cache",
        "Strict-Transport-Security": "max-age=31536000;includeSubDomains",
        "X-Content-Type-Options": "nosniff",
        "x-ms-client-request-id": "Sanitized",
        "x-ms-keyvault-network-info": "conn_type=Ipv4;addr=50.175.105.250;act_addr_fam=InterNetwork;",
        "x-ms-keyvault-rbac-assignment-id": "a3c26ea134c355948acc8587efa9cefb",
        "x-ms-keyvault-region": "uksouth",
        "x-ms-keyvault-service-version": "1.9.2497.1",
        "x-ms-request-id": "eb73654b-4a3e-4b63-9f8c-1c61fee0c89f"
      },
      "ResponseBody": {
        "value": "value",
        "id": "https://rgjoncardekv76.vault.azure.net/secrets/1777246349/f8759fd4ef864c28b2d3b4393e2df033",
        "attributes": {
          "enabled": true,
          "created": 1749807924,
          "updated": 1749807924,
          "recoveryLevel": "CustomizedRecoverable+Purgeable",
          "recoverableDays": 7
        }
      }
    },
    {
      "RequestUri": "https://rgjoncardekv76.vault.azure.net/secrets/1777246349?api-version=7.6",
      "RequestMethod": "DELETE",
      "RequestHeaders": {
        "Accept": "application/json",
        "Authorization": "Sanitized",
        "traceparent": "00-aea2556032161e741cff7e56c416d284-fb3a422fc3af9fc5-00",
        "User-Agent": "azsdk-net-Security.KeyVault.Secrets/4.8.0-alpha.20250613.1 (.NET 9.0.6; Microsoft Windows 10.0.26100)",
        "x-ms-client-request-id": "Sanitized",
        "x-ms-return-client-request-id": "true"
      },
      "RequestBody": null,
      "StatusCode": 200,
      "ResponseHeaders": {
        "Cache-Control": "no-cache",
        "Content-Length": "378",
        "Content-Type": "application/json; charset=utf-8",
        "Date": "Fri, 13 Jun 2025 09:45:24 GMT",
        "Expires": "-1",
        "Pragma": "no-cache",
        "Strict-Transport-Security": "max-age=31536000;includeSubDomains",
        "X-Content-Type-Options": "nosniff",
        "x-ms-client-request-id": "Sanitized",
        "x-ms-keyvault-network-info": "conn_type=Ipv4;addr=50.175.105.250;act_addr_fam=InterNetwork;",
        "x-ms-keyvault-rbac-assignment-id": "a3c26ea134c355948acc8587efa9cefb",
        "x-ms-keyvault-region": "uksouth",
        "x-ms-keyvault-service-version": "1.9.2497.1",
        "x-ms-request-id": "9353dc6a-b870-4f50-be8c-97a6a52bd761"
      },
      "ResponseBody": {
        "recoveryId": "https://rgjoncardekv76.vault.azure.net/deletedsecrets/1777246349",
        "deletedDate": 1749807924,
        "scheduledPurgeDate": 1750412724,
        "id": "https://rgjoncardekv76.vault.azure.net/secrets/1777246349/f8759fd4ef864c28b2d3b4393e2df033",
        "attributes": {
          "enabled": true,
          "created": 1749807924,
          "updated": 1749807924,
          "recoveryLevel": "CustomizedRecoverable+Purgeable",
          "recoverableDays": 7
        }
      }
    },
    {
      "RequestUri": "https://rgjoncardekv76.vault.azure.net/secrets/1777246349/?api-version=7.6",
      "RequestMethod": "GET",
      "RequestHeaders": {
        "Accept": "application/json",
        "Authorization": "Sanitized",
        "traceparent": "00-eed66adc54d48157ee69a1f890e8a5ac-037264f8ef43bf94-00",
        "User-Agent": "azsdk-net-Security.KeyVault.Secrets/4.8.0-alpha.20250613.1 (.NET 9.0.6; Microsoft Windows 10.0.26100)",
        "x-ms-client-request-id": "Sanitized",
        "x-ms-return-client-request-id": "true"
      },
      "RequestBody": null,
      "StatusCode": 404,
      "ResponseHeaders": {
        "Cache-Control": "no-cache",
        "Content-Length": "307",
        "Content-Type": "application/json; charset=utf-8",
        "Date": "Fri, 13 Jun 2025 09:45:24 GMT",
        "Expires": "-1",
        "Pragma": "no-cache",
        "Strict-Transport-Security": "max-age=31536000;includeSubDomains",
        "X-Content-Type-Options": "nosniff",
        "x-ms-client-request-id": "Sanitized",
        "x-ms-keyvault-network-info": "conn_type=Ipv4;addr=50.175.105.250;act_addr_fam=InterNetwork;",
        "x-ms-keyvault-rbac-assignment-id": "a3c26ea134c355948acc8587efa9cefb",
        "x-ms-keyvault-region": "uksouth",
        "x-ms-keyvault-service-version": "1.9.2497.1",
        "x-ms-request-id": "f79feb7a-ecf1-4a21-8408-e66218e262ad"
      },
      "ResponseBody": {
        "error": {
          "code": "SecretNotFound",
          "message": "A secret with (name/id) 1777246349 was not found in this key vault. If you recently deleted this secret you may be able to recover it using the correct recovery command. For help resolving this issue, please see https://go.microsoft.com/fwlink/?linkid=2125182"
        }
      }
    }
  ],
  "Variables": {
    "AZURE_KEYVAULT_URL": "https://rgjoncardekv76.vault.azure.net/",
    "RandomSeed": "144998575"
  }
}
