{
  "Entries": [
    {
      "RequestUri": "https://tcac7e9c41ef52cec.vault.azure.net/secrets/1438544593?api-version=7.5",
      "RequestMethod": "PUT",
      "RequestHeaders": {
        "Accept": "application/json",
        "Content-Length": "0",
        "traceparent": "00-75e5bbdadb2a39d00b35f13a245e2f12-baacb9eca352400c-00",
        "User-Agent": "azsdk-net-Security.KeyVault.Secrets/4.6.0-alpha.20240209.1 (.NET 7.0.15; Microsoft Windows 10.0.22631)",
        "x-ms-client-request-id": "dd89171f9db55dffa933f115c67b81a1",
        "x-ms-return-client-request-id": "true"
      },
      "RequestBody": null,
      "StatusCode": 401,
      "ResponseHeaders": {
        "Cache-Control": "no-cache",
        "Content-Length": "97",
        "Content-Type": "application/json; charset=utf-8",
        "Date": "Sat, 10 Feb 2024 00:55:34 GMT",
        "Expires": "-1",
        "Pragma": "no-cache",
        "Strict-Transport-Security": "max-age=31536000;includeSubDomains",
        "WWW-Authenticate": "Bearer authorization=\u0022https://login.microsoftonline.com/72f988bf-86f1-41af-91ab-2d7cd011db47\u0022, resource=\u0022https://vault.azure.net\u0022",
        "X-Content-Type-Options": "nosniff",
        "x-ms-client-request-id": "dd89171f9db55dffa933f115c67b81a1",
        "x-ms-keyvault-network-info": "conn_type=Ipv4;addr=24.16.18.89;act_addr_fam=InterNetwork;",
        "x-ms-keyvault-region": "westus",
        "x-ms-keyvault-service-version": "1.9.1272.1",
        "x-ms-request-id": "1ad751cb-657a-4f26-bc3f-8f4fd4d66f6b"
      },
      "ResponseBody": {
        "error": {
          "code": "Unauthorized",
          "message": "AKV10000: Request is missing a Bearer or PoP token."
        }
      }
    },
    {
      "RequestUri": "https://tcac7e9c41ef52cec.vault.azure.net/secrets/1438544593?api-version=7.5",
      "RequestMethod": "PUT",
      "RequestHeaders": {
        "Accept": "application/json",
        "Authorization": "Sanitized",
        "Content-Length": "17",
        "Content-Type": "application/json",
        "traceparent": "00-75e5bbdadb2a39d00b35f13a245e2f12-baacb9eca352400c-00",
        "User-Agent": "azsdk-net-Security.KeyVault.Secrets/4.6.0-alpha.20240209.1 (.NET 7.0.15; Microsoft Windows 10.0.22631)",
        "x-ms-client-request-id": "dd89171f9db55dffa933f115c67b81a1",
        "x-ms-return-client-request-id": "true"
      },
      "RequestBody": {
        "value": "value"
      },
      "StatusCode": 200,
      "ResponseHeaders": {
        "Cache-Control": "no-cache",
        "Content-Length": "260",
        "Content-Type": "application/json; charset=utf-8",
        "Date": "Sat, 10 Feb 2024 00:55:37 GMT",
        "Expires": "-1",
        "Pragma": "no-cache",
        "Strict-Transport-Security": "max-age=31536000;includeSubDomains",
        "X-Content-Type-Options": "nosniff",
        "x-ms-client-request-id": "dd89171f9db55dffa933f115c67b81a1",
        "x-ms-keyvault-network-info": "conn_type=Ipv4;addr=24.16.18.89;act_addr_fam=InterNetwork;",
        "x-ms-keyvault-rbac-assignment-id": "50fa9d94c02a577db66d0fefcba498a7",
        "x-ms-keyvault-region": "westus",
        "x-ms-keyvault-service-version": "1.9.1272.1",
        "x-ms-request-id": "1500eb62-76a4-42f8-abb5-c258f6d90f5d"
      },
      "ResponseBody": {
        "value": "value",
        "id": "https://tcac7e9c41ef52cec.vault.azure.net/secrets/1438544593/019ad612a23149fbbce57a687b68458c",
        "attributes": {
          "enabled": true,
          "created": 1707526537,
          "updated": 1707526537,
          "recoveryLevel": "CustomizedRecoverable\u002BPurgeable",
          "recoverableDays": 7
        }
      }
    },
    {
      "RequestUri": "https://tcac7e9c41ef52cec.vault.azure.net/secrets/1438544593?api-version=7.5",
      "RequestMethod": "DELETE",
      "RequestHeaders": {
        "Accept": "application/json",
        "Authorization": "Sanitized",
        "traceparent": "00-d1ad17e044f54607aaf8aa1c95994331-795923cbe2842eb0-00",
        "User-Agent": "azsdk-net-Security.KeyVault.Secrets/4.6.0-alpha.20240209.1 (.NET 7.0.15; Microsoft Windows 10.0.22631)",
        "x-ms-client-request-id": "4ed33f3b6c3183b6ad6a1ab1cdabe05c",
        "x-ms-return-client-request-id": "true"
      },
      "RequestBody": null,
      "StatusCode": 200,
      "ResponseHeaders": {
        "Cache-Control": "no-cache",
        "Content-Length": "384",
        "Content-Type": "application/json; charset=utf-8",
        "Date": "Sat, 10 Feb 2024 00:55:37 GMT",
        "Expires": "-1",
        "Pragma": "no-cache",
        "Strict-Transport-Security": "max-age=31536000;includeSubDomains",
        "X-Content-Type-Options": "nosniff",
        "x-ms-client-request-id": "4ed33f3b6c3183b6ad6a1ab1cdabe05c",
        "x-ms-keyvault-network-info": "conn_type=Ipv4;addr=24.16.18.89;act_addr_fam=InterNetwork;",
        "x-ms-keyvault-rbac-assignment-id": "50fa9d94c02a577db66d0fefcba498a7",
        "x-ms-keyvault-region": "westus",
        "x-ms-keyvault-service-version": "1.9.1272.1",
        "x-ms-request-id": "2240a953-ce39-4823-b8c3-76c603122841"
      },
      "ResponseBody": {
        "recoveryId": "https://tcac7e9c41ef52cec.vault.azure.net/deletedsecrets/1438544593",
        "deletedDate": 1707526537,
        "scheduledPurgeDate": 1708131337,
        "id": "https://tcac7e9c41ef52cec.vault.azure.net/secrets/1438544593/019ad612a23149fbbce57a687b68458c",
        "attributes": {
          "enabled": true,
          "created": 1707526537,
          "updated": 1707526537,
          "recoveryLevel": "CustomizedRecoverable\u002BPurgeable",
          "recoverableDays": 7
        }
      }
    },
    {
      "RequestUri": "https://tcac7e9c41ef52cec.vault.azure.net/secrets/1438544593/?api-version=7.5",
      "RequestMethod": "GET",
      "RequestHeaders": {
        "Accept": "application/json",
        "Authorization": "Sanitized",
        "traceparent": "00-4a5889402369e4531c15776fcf561e3b-92218ce7502e6627-00",
        "User-Agent": "azsdk-net-Security.KeyVault.Secrets/4.6.0-alpha.20240209.1 (.NET 7.0.15; Microsoft Windows 10.0.22631)",
        "x-ms-client-request-id": "734161a29e92067d7e745fdf3fde9736",
        "x-ms-return-client-request-id": "true"
      },
      "RequestBody": null,
      "StatusCode": 404,
      "ResponseHeaders": {
        "Cache-Control": "no-cache",
        "Content-Length": "307",
        "Content-Type": "application/json; charset=utf-8",
        "Date": "Sat, 10 Feb 2024 00:55:38 GMT",
        "Expires": "-1",
        "Pragma": "no-cache",
        "Strict-Transport-Security": "max-age=31536000;includeSubDomains",
        "X-Content-Type-Options": "nosniff",
        "x-ms-client-request-id": "734161a29e92067d7e745fdf3fde9736",
        "x-ms-keyvault-network-info": "conn_type=Ipv4;addr=24.16.18.89;act_addr_fam=InterNetwork;",
        "x-ms-keyvault-rbac-assignment-id": "50fa9d94c02a577db66d0fefcba498a7",
        "x-ms-keyvault-region": "westus",
        "x-ms-keyvault-service-version": "1.9.1272.1",
        "x-ms-request-id": "7bcef7e8-d7c9-4dc5-a316-323946283077"
      },
      "ResponseBody": {
        "error": {
          "code": "SecretNotFound",
          "message": "A secret with (name/id) 1438544593 was not found in this key vault. If you recently deleted this secret you may be able to recover it using the correct recovery command. For help resolving this issue, please see https://go.microsoft.com/fwlink/?linkid=2125182"
        }
      }
    }
  ],
  "Variables": {
    "AZURE_KEYVAULT_URL": "https://tcac7e9c41ef52cec.vault.azure.net/",
    "RandomSeed": "2990814"
  }
}
