{
  "Entries": [
    {
      "RequestUri": "https://rgjoncardekv1058.vault.azure.net/secrets/188687850?api-version=7.6-preview.2",
      "RequestMethod": "PUT",
      "RequestHeaders": {
        "Accept": "application/json",
        "Content-Length": "0",
        "traceparent": "00-a7ea6fcf233ac9b27eff501346e4ee7c-5b9816c34987cc95-00",
        "User-Agent": "azsdk-net-Security.KeyVault.Secrets/4.8.0-alpha.20250313.1 (.NET 9.0.2; Microsoft Windows 10.0.22631)",
        "x-ms-client-request-id": "Sanitized",
        "x-ms-return-client-request-id": "true"
      },
      "RequestBody": null,
      "StatusCode": 401,
      "ResponseHeaders": {
        "Cache-Control": "no-cache",
        "Content-Length": "97",
        "Content-Type": "application/json; charset=utf-8",
        "Date": "Thu, 13 Mar 2025 20:16:38 GMT",
        "Expires": "-1",
        "Pragma": "no-cache",
        "Strict-Transport-Security": "max-age=31536000;includeSubDomains",
        "WWW-Authenticate": "Bearer authorization=\"https://login.microsoftonline.com/70a036f6-8e4d-4615-bad6-149c02e7720d\", resource=\"https://vault.azure.net\"",
        "X-Content-Type-Options": "nosniff",
        "x-ms-client-request-id": "Sanitized",
        "x-ms-keyvault-network-info": "conn_type=Ipv4;addr=70.37.26.132;act_addr_fam=InterNetwork;",
        "x-ms-keyvault-region": "uksouth",
        "x-ms-keyvault-service-version": "1.9.2203.1",
        "x-ms-request-id": "a8f8ebce-b19f-47aa-8ce4-4761a174a04a"
      },
      "ResponseBody": {
        "error": {
          "code": "Unauthorized",
          "message": "AKV10000: Request is missing a Bearer or PoP token."
        }
      }
    },
    {
      "RequestUri": "https://rgjoncardekv1058.vault.azure.net/secrets/188687850?api-version=7.6-preview.2",
      "RequestMethod": "PUT",
      "RequestHeaders": {
        "Accept": "application/json",
        "Authorization": "Sanitized",
        "Content-Length": "41",
        "Content-Type": "application/json",
        "traceparent": "00-a7ea6fcf233ac9b27eff501346e4ee7c-5b9816c34987cc95-00",
        "User-Agent": "azsdk-net-Security.KeyVault.Secrets/4.8.0-alpha.20250313.1 (.NET 9.0.2; Microsoft Windows 10.0.22631)",
        "x-ms-client-request-id": "Sanitized",
        "x-ms-return-client-request-id": "true"
      },
      "RequestBody": {
        "value": "test",
        "tags": {
          "A": "1",
          "B": "2"
        }
      },
      "StatusCode": 200,
      "ResponseHeaders": {
        "Cache-Control": "no-cache",
        "Content-Length": "282",
        "Content-Type": "application/json; charset=utf-8",
        "Date": "Thu, 13 Mar 2025 20:16:45 GMT",
        "Expires": "-1",
        "Pragma": "no-cache",
        "Strict-Transport-Security": "max-age=31536000;includeSubDomains",
        "X-Content-Type-Options": "nosniff",
        "x-ms-client-request-id": "Sanitized",
        "x-ms-keyvault-network-info": "conn_type=Ipv4;addr=70.37.26.132;act_addr_fam=InterNetwork;",
        "x-ms-keyvault-rbac-assignment-id": "557b01db250d524dbda21f0aaf127371",
        "x-ms-keyvault-region": "uksouth",
        "x-ms-keyvault-service-version": "1.9.2203.1",
        "x-ms-request-id": "0a06c703-cbd2-497b-a318-f9a2ca632720"
      },
      "ResponseBody": {
        "id": "https://rgjoncardekv1058.vault.azure.net/secrets/188687850/f86453e584ee4c53a389cae5d7e55a55",
        "value": "test",
        "attributes": {
          "enabled": true,
          "created": 1741897006,
          "updated": 1741897006,
          "recoveryLevel": "CustomizedRecoverable+Purgeable",
          "recoverableDays": 7
        },
        "tags": {
          "A": "1",
          "B": "2"
        }
      }
    },
    {
      "RequestUri": "https://rgjoncardekv1058.vault.azure.net/secrets/188687850/f86453e584ee4c53a389cae5d7e55a55?api-version=7.6-preview.2",
      "RequestMethod": "PATCH",
      "RequestHeaders": {
        "Accept": "application/json",
        "Authorization": "Sanitized",
        "Content-Length": "64",
        "Content-Type": "application/json",
        "traceparent": "00-67ec3f8326e8f781a85d823fe793d36c-71b784816659b256-00",
        "User-Agent": "azsdk-net-Security.KeyVault.Secrets/4.8.0-alpha.20250313.1 (.NET 9.0.2; Microsoft Windows 10.0.22631)",
        "x-ms-client-request-id": "Sanitized",
        "x-ms-return-client-request-id": "true"
      },
      "RequestBody": {
        "attributes": {
          "enabled": true
        },
        "tags": {
          "A": "1",
          "B": "3",
          "C": "4"
        }
      },
      "StatusCode": 200,
      "ResponseHeaders": {
        "Cache-Control": "no-cache",
        "Content-Length": "275",
        "Content-Type": "application/json; charset=utf-8",
        "Date": "Thu, 13 Mar 2025 20:16:46 GMT",
        "Expires": "-1",
        "Pragma": "no-cache",
        "Strict-Transport-Security": "max-age=31536000;includeSubDomains",
        "X-Content-Type-Options": "nosniff",
        "x-ms-client-request-id": "Sanitized",
        "x-ms-keyvault-network-info": "conn_type=Ipv4;addr=70.37.26.132;act_addr_fam=InterNetwork;",
        "x-ms-keyvault-rbac-assignment-id": "557b01db250d524dbda21f0aaf127371",
        "x-ms-keyvault-region": "uksouth",
        "x-ms-keyvault-service-version": "1.9.2203.1",
        "x-ms-request-id": "cf07c347-0f11-48c8-9965-1bf45a66ddac"
      },
      "ResponseBody": {
        "id": "https://rgjoncardekv1058.vault.azure.net/secrets/188687850/f86453e584ee4c53a389cae5d7e55a55",
        "attributes": {
          "enabled": true,
          "created": 1741897006,
          "updated": 1741897006,
          "recoveryLevel": "CustomizedRecoverable+Purgeable",
          "recoverableDays": 7
        },
        "tags": {
          "A": "1",
          "B": "3",
          "C": "4"
        }
      }
    },
    {
      "RequestUri": "https://rgjoncardekv1058.vault.azure.net/secrets/188687850/f86453e584ee4c53a389cae5d7e55a55?api-version=7.6-preview.2",
      "RequestMethod": "PATCH",
      "RequestHeaders": {
        "Accept": "application/json",
        "Authorization": "Sanitized",
        "Content-Length": "48",
        "Content-Type": "application/json",
        "traceparent": "00-c18b1ab63cf08adf87f0afcd28f2e652-042e542878e60746-00",
        "User-Agent": "azsdk-net-Security.KeyVault.Secrets/4.8.0-alpha.20250313.1 (.NET 9.0.2; Microsoft Windows 10.0.22631)",
        "x-ms-client-request-id": "Sanitized",
        "x-ms-return-client-request-id": "true"
      },
      "RequestBody": {
        "attributes": {
          "enabled": true
        },
        "tags": {
          "D": "5"
        }
      },
      "StatusCode": 200,
      "ResponseHeaders": {
        "Cache-Control": "no-cache",
        "Content-Length": "259",
        "Content-Type": "application/json; charset=utf-8",
        "Date": "Thu, 13 Mar 2025 20:16:46 GMT",
        "Expires": "-1",
        "Pragma": "no-cache",
        "Strict-Transport-Security": "max-age=31536000;includeSubDomains",
        "X-Content-Type-Options": "nosniff",
        "x-ms-client-request-id": "Sanitized",
        "x-ms-keyvault-network-info": "conn_type=Ipv4;addr=70.37.26.132;act_addr_fam=InterNetwork;",
        "x-ms-keyvault-rbac-assignment-id": "557b01db250d524dbda21f0aaf127371",
        "x-ms-keyvault-region": "uksouth",
        "x-ms-keyvault-service-version": "1.9.2203.1",
        "x-ms-request-id": "ecb01868-b17b-49a9-9139-506f28ac9f5f"
      },
      "ResponseBody": {
        "id": "https://rgjoncardekv1058.vault.azure.net/secrets/188687850/f86453e584ee4c53a389cae5d7e55a55",
        "attributes": {
          "enabled": true,
          "created": 1741897006,
          "updated": 1741897006,
          "recoveryLevel": "CustomizedRecoverable+Purgeable",
          "recoverableDays": 7
        },
        "tags": {
          "D": "5"
        }
      }
    }
  ],
  "Variables": {
    "AZURE_KEYVAULT_URL": "https://rgjoncardekv1058.vault.azure.net/",
    "RandomSeed": "1598907135"
  }
}
