{
  "Entries": [
    {
      "RequestUri": "https://management.azure.com/tenants?api-version=2022-12-01",
      "RequestMethod": "GET",
      "RequestHeaders": {
        "Accept": "application/json",
        "Authorization": "Sanitized",
        "traceparent": "00-bd59848c3f2a94b65eb28618c925abd9-3b4a23b25cc4f3cf-00",
        "User-Agent": "azsdk-net-ResourceManager/1.10.1 (.NET 6.0.27; Microsoft Windows 10.0.22621)",
        "x-ms-client-request-id": "5d803ef624078f29927138b678073ff1",
        "x-ms-return-client-request-id": "true"
      },
      "RequestBody": null,
      "StatusCode": 200,
      "ResponseHeaders": {
        "Cache-Control": "no-cache",
        "Content-Length": "140",
        "Content-Type": "application/json; charset=utf-8",
        "Date": "Fri, 01 Mar 2024 02:04:46 GMT",
        "Expires": "-1",
        "Pragma": "no-cache",
        "Strict-Transport-Security": "max-age=31536000; includeSubDomains",
        "X-Cache": "CONFIG_NOCACHE",
        "X-Content-Type-Options": "nosniff",
        "x-ms-correlation-request-id": "79de0441-1c0b-4a01-8979-4731e4c52880",
        "x-ms-ratelimit-remaining-tenant-reads": "11998",
        "x-ms-request-id": "79de0441-1c0b-4a01-8979-4731e4c52880",
        "x-ms-routing-request-id": "WESTUS2:20240301T020446Z:79de0441-1c0b-4a01-8979-4731e4c52880",
        "X-MSEdge-Ref": "Ref A: 4F8EB6607BA04A0E9348C186F4D06BC0 Ref B: CO6AA3150218035 Ref C: 2024-03-01T02:04:46Z"
      },
      "ResponseBody": {
        "value": [
          {
            "id": "/tenants/a73527ee-8243-45dd-8920-ec148d4ad0f8",
            "tenantId": "a73527ee-8243-45dd-8920-ec148d4ad0f8",
            "tenantCategory": "Home"
          }
        ]
      }
    },
    {
      "RequestUri": "https://management.azure.com/subscriptions/cca0326c-4c31-46d8-8fcb-c67023a46f4b?api-version=2022-12-01",
      "RequestMethod": "GET",
      "RequestHeaders": {
        "Accept": "application/json",
        "Authorization": "Sanitized",
        "traceparent": "00-751e6fc3c495884fe2f678aa415781ab-3f2d46a61467ada6-00",
        "User-Agent": "azsdk-net-ResourceManager/1.10.1 (.NET 6.0.27; Microsoft Windows 10.0.22621)",
        "x-ms-client-request-id": "9bf05f619a50a56bb85e3ad3173a062c",
        "x-ms-return-client-request-id": "true"
      },
      "RequestBody": null,
      "StatusCode": 200,
      "ResponseHeaders": {
        "Cache-Control": "no-cache",
        "Content-Length": "408",
        "Content-Type": "application/json; charset=utf-8",
        "Date": "Fri, 01 Mar 2024 02:04:46 GMT",
        "Expires": "-1",
        "Pragma": "no-cache",
        "Strict-Transport-Security": "max-age=31536000; includeSubDomains",
        "X-Cache": "CONFIG_NOCACHE",
        "X-Content-Type-Options": "nosniff",
        "x-ms-correlation-request-id": "7c6dbd8d-ab57-48bb-ac43-262000f4c033",
        "x-ms-ratelimit-remaining-subscription-reads": "11998",
        "x-ms-request-id": "7c6dbd8d-ab57-48bb-ac43-262000f4c033",
        "x-ms-routing-request-id": "WESTUS2:20240301T020446Z:7c6dbd8d-ab57-48bb-ac43-262000f4c033",
        "X-MSEdge-Ref": "Ref A: 2152C4739C154F269943B8B292B5762A Ref B: CO6AA3150218035 Ref C: 2024-03-01T02:04:46Z"
      },
      "ResponseBody": {
        "id": "/subscriptions/cca0326c-4c31-46d8-8fcb-c67023a46f4b",
        "authorizationSource": "RoleBased",
        "managedByTenants": [],
        "subscriptionId": "cca0326c-4c31-46d8-8fcb-c67023a46f4b",
        "tenantId": "a73527ee-8243-45dd-8920-ec148d4ad0f8",
        "displayName": "Microsoft Azure Sponsorship 2",
        "state": "Enabled",
        "subscriptionPolicies": {
          "locationPlacementId": "Public_2014-09-01",
          "quotaId": "Sponsored_2016-01-01",
          "spendingLimit": "Off"
        }
      }
    },
    {
      "RequestUri": "https://management.azure.com/providers/Microsoft.Support/services/484e2236-bc6d-b1bb-76d2-7d09278cf9ea?api-version=2023-06-01-preview",
      "RequestMethod": "GET",
      "RequestHeaders": {
        "Accept": "application/json",
        "Authorization": "Sanitized",
        "traceparent": "00-0f013eaf8c1baa17dead19389c337d09-57230cb97b439dc3-00",
        "User-Agent": "azsdk-net-ResourceManager.Support/1.1.0-alpha.20240228.1 (.NET 6.0.27; Microsoft Windows 10.0.22621)",
        "x-ms-client-request-id": "d999886183ea7c0f82667d1ff66ef3c8",
        "x-ms-return-client-request-id": "true"
      },
      "RequestBody": null,
      "StatusCode": 200,
      "ResponseHeaders": {
        "Cache-Control": "no-cache",
        "Content-Length": "229",
        "Content-Type": "application/json; charset=utf-8",
        "Date": "Fri, 01 Mar 2024 02:04:46 GMT",
        "Expires": "-1",
        "Pragma": "no-cache",
        "Strict-Transport-Security": "max-age=31536000; includeSubDomains",
        "X-Cache": "CONFIG_NOCACHE",
        "X-Content-Type-Options": "nosniff",
        "x-ms-correlation-request-id": "3bebd89f-c21d-44b9-9364-a614d8198542",
        "x-ms-ratelimit-remaining-tenant-reads": "11999",
        "x-ms-request-id": "3bebd89f-c21d-44b9-9364-a614d8198542",
        "x-ms-routing-request-id": "WESTUS:20240301T020446Z:3bebd89f-c21d-44b9-9364-a614d8198542",
        "X-MSEdge-Ref": "Ref A: CACC19B9BFA544FD9B1C0D00E1C6F1B9 Ref B: CO6AA3150218035 Ref C: 2024-03-01T02:04:46Z"
      },
      "ResponseBody": {
        "id": "/providers/Microsoft.Support/services/484e2236-bc6d-b1bb-76d2-7d09278cf9ea",
        "name": "484e2236-bc6d-b1bb-76d2-7d09278cf9ea",
        "type": "Microsoft.Support/services",
        "properties": {
          "displayName": "Activity Logs",
          "resourceTypes": []
        }
      }
    },
    {
      "RequestUri": "https://management.azure.com/subscriptions/cca0326c-4c31-46d8-8fcb-c67023a46f4b/providers/Microsoft.Support/services/6f16735c-b0ae-b275-ad3a-03479cfa1396/classifyProblems?api-version=2023-06-01-preview",
      "RequestMethod": "POST",
      "RequestHeaders": {
        "Accept": "application/json",
        "Authorization": "Sanitized",
        "Content-Length": "166",
        "Content-Type": "application/json",
        "traceparent": "00-c910dd511ca357a7338d9bb77c2a394e-06776365c47317a9-00",
        "User-Agent": "azsdk-net-ResourceManager.Support/1.1.0-alpha.20240228.1 (.NET 6.0.27; Microsoft Windows 10.0.22621)",
        "x-ms-client-request-id": "e3f8294a2aea5b20d2daa4a8ea567757",
        "x-ms-return-client-request-id": "true"
      },
      "RequestBody": {
        "issueSummary": "database",
        "resourceId": "/subscriptions/cca0326c-4c31-46d8-8fcb-c67023a46f4b/resourceGroups/rg_vm/providers/Microsoft.Compute/virtualMachines/vmtest"
      },
      "StatusCode": 200,
      "ResponseHeaders": {
        "Cache-Control": "no-cache",
        "Content-Length": "1610",
        "Content-Type": "application/json; charset=utf-8",
        "Date": "Fri, 01 Mar 2024 02:04:47 GMT",
        "Expires": "-1",
        "Pragma": "no-cache",
        "Strict-Transport-Security": "max-age=31536000; includeSubDomains",
        "X-Cache": "CONFIG_NOCACHE",
        "X-Content-Type-Options": "nosniff",
        "x-ms-correlation-request-id": "213b4557-8b72-4f3c-a9ab-8217aca86ddd",
        "x-ms-ratelimit-remaining-subscription-writes": "1199",
        "x-ms-request-id": "213b4557-8b72-4f3c-a9ab-8217aca86ddd",
        "x-ms-routing-request-id": "WESTUS:20240301T020448Z:213b4557-8b72-4f3c-a9ab-8217aca86ddd",
        "X-MSEdge-Ref": "Ref A: 685C88148AB040EFBA8002464ACF1C73 Ref B: CO6AA3150218035 Ref C: 2024-03-01T02:04:47Z"
      },
      "ResponseBody": {
        "problemClassificationResults": [
          {
            "relatedService": {
              "serviceId": "/providers/Microsoft.Support/services/53b14ef9-9b69-4d8c-a458-b8e4c132a815",
              "displayName": "SQL Server in VM - Windows",
              "resourceTypes": [
                "MICROSOFT.CLASSICCOMPUTE/VIRTUALMACHINES",
                "MICROSOFT.COMPUTE/VIRTUALMACHINES",
                "Microsoft.SqlVirtualMachine/sqlVirtualMachines"
              ]
            },
            "problemId": "f6e253eb-2bfa-89bc-82ad-f65219562506",
            "title": "All operations on SQL are slow",
            "description": "Troubleshoot performance issues caused due to SQL best practices being not followed, SQL running slow post migration or on a new VM, TempDB contention",
            "serviceId": "/providers/Microsoft.Support/services/53b14ef9-9b69-4d8c-a458-b8e4c132a815",
            "problemClassificationId": "/providers/Microsoft.Support/services/53b14ef9-9b69-4d8c-a458-b8e4c132a815/problemClassifications/f6e253eb-2bfa-89bc-82ad-f65219562506"
          },
          {
            "relatedService": {
              "serviceId": "/providers/Microsoft.Support/services/17d72dfc-8f48-94cb-05e6-5f88efdf72d7",
              "displayName": "Azure Backup",
              "resourceTypes": [
                "Microsoft.RecoveryServices/vaults",
                "Microsoft.DataProtection/BackupVaults"
              ]
            },
            "problemId": "",
            "title": "",
            "description": "",
            "serviceId": "",
            "problemClassificationId": ""
          },
          {
            "problemId": "8b618100-f5cd-7ad5-1c69-72aaf37d801d",
            "title": "CPU usage is higher than expected",
            "description": "Requests to help where CPU usage is higher than expected for the virtual machine",
            "serviceId": "/providers/Microsoft.Support/services/6f16735c-b0ae-b275-ad3a-03479cfa1396",
            "problemClassificationId": "/providers/Microsoft.Support/services/6f16735c-b0ae-b275-ad3a-03479cfa1396/problemClassifications/8b618100-f5cd-7ad5-1c69-72aaf37d801d"
          }
        ]
      }
    }
  ],
  "Variables": {
    "AZURE_AUTHORITY_HOST": "https://login.microsoftonline.com",
    "CLIENT_ID": "1bbf1f73-f453-4c19-b1c5-3e7f914cf177",
    "RandomSeed": "807882971",
    "RESOURCE_MANAGER_URL": "https://management.azure.com",
    "SUBSCRIPTION_ID": "cca0326c-4c31-46d8-8fcb-c67023a46f4b",
    "TENANT_ID": "a73527ee-8243-45dd-8920-ec148d4ad0f8"
  }
}
