{
  "Entries": [
    {
      "RequestUri": "https://Sanitized.azure.com/api/projects/00000/assistants?api-version=2025-05-15-preview",
      "RequestMethod": "POST",
      "RequestHeaders": {
        "Accept": "application/json",
        "Accept-Encoding": "gzip,deflate",
        "Authorization": "Sanitized",
        "Connection": "keep-alive",
        "Content-Length": "105",
        "Content-Type": "application/json",
        "User-Agent": "azsdk-js-client azsdk-js-api azsdk-js-ai-agents/1.0.0-beta.3 core-rest-pipeline/1.20.1 Node/22.10.0 OS/(x64-Windows_NT-10.0.22631)",
        "x-ms-client-request-id": "Sanitized"
      },
      "RequestBody": {
        "model": "gpt-4-1106-preview",
        "name": "My Friendly Test Assistant",
        "instructions": "You are helpful agent"
      },
      "StatusCode": 200,
      "ResponseHeaders": {
        "apim-request-id": "e4679342-0270-456e-ac6a-2e8358700a4b",
        "azureml-served-by-cluster": "vienna-eastus-01",
        "Content-Encoding": "gzip",
        "Content-Type": "application/json",
        "Date": "Tue, 20 May 2025 19:12:47 GMT",
        "openai-organization": "1fa34553a93e4e53b531c64321ca4ae2",
        "openai-processing-ms": "67",
        "openai-version": "2020-10-01",
        "Request-Context": "appId=cid-v1:2d2e8e63-272e-4b3c-8598-4ee570a0e70d",
        "Strict-Transport-Security": "max-age=31536000; includeSubDomains; preload",
        "Transfer-Encoding": "chunked",
        "Vary": "Accept-Encoding",
        "X-Content-Type-Options": "nosniff",
        "x-ms-middleware-request-id": "90070330-c54a-4689-8dd8-bdcd70f577dc",
        "x-ms-region": "East US",
        "x-ms-response-type": "standard",
        "X-Request-ID": "a2fea0b2b60c55191a632928d189c2ea",
        "x-request-time": "0.316"
      },
      "ResponseBody": {
        "id": "asst_6dZhPyVUIDrEtaa7mJ6xPvoN",
        "object": "assistant",
        "created_at": 1747768367,
        "name": "My Friendly Test Assistant",
        "description": null,
        "model": "gpt-4-1106-preview",
        "instructions": "You are helpful agent",
        "tools": [],
        "top_p": 1.0,
        "temperature": 1.0,
        "tool_resources": {},
        "metadata": {},
        "response_format": "auto"
      }
    },
    {
      "RequestUri": "https://Sanitized.azure.com/api/projects/00000/threads?api-version=2025-05-15-preview",
      "RequestMethod": "POST",
      "RequestHeaders": {
        "Accept": "application/json",
        "Accept-Encoding": "gzip,deflate",
        "Authorization": "Sanitized",
        "Connection": "keep-alive",
        "Content-Length": "2",
        "Content-Type": "application/json",
        "User-Agent": "azsdk-js-client azsdk-js-api azsdk-js-ai-agents/1.0.0-beta.3 core-rest-pipeline/1.20.1 Node/22.10.0 OS/(x64-Windows_NT-10.0.22631)",
        "x-ms-client-request-id": "Sanitized"
      },
      "RequestBody": {},
      "StatusCode": 200,
      "ResponseHeaders": {
        "apim-request-id": "ebbb8935-c927-4564-af45-06d8d0f6a8dd",
        "azureml-served-by-cluster": "vienna-eastus-01",
        "Content-Length": "137",
        "Content-Type": "application/json",
        "Date": "Tue, 20 May 2025 19:12:48 GMT",
        "openai-organization": "1fa34553a93e4e53b531c64321ca4ae2",
        "openai-processing-ms": "67",
        "openai-version": "2020-10-01",
        "Request-Context": "appId=cid-v1:2d2e8e63-272e-4b3c-8598-4ee570a0e70d",
        "Strict-Transport-Security": "max-age=31536000; includeSubDomains; preload",
        "X-Content-Type-Options": "nosniff",
        "x-ms-middleware-request-id": "61efaa51-af1b-41fb-94c8-6a15a76120a6",
        "x-ms-region": "East US",
        "x-ms-response-type": "standard",
        "X-Request-ID": "b79bf0af6f15214d159b600e30e0693a",
        "x-request-time": "0.244"
      },
      "ResponseBody": {
        "id": "thread_ACNImVZSQMJbJYP2uSVov3tz",
        "object": "thread",
        "created_at": 1747768368,
        "metadata": {},
        "tool_resources": {}
      }
    },
    {
      "RequestUri": "https://Sanitized.azure.com/api/projects/00000/threads/thread_ACNImVZSQMJbJYP2uSVov3tz/messages?api-version=2025-05-15-preview",
      "RequestMethod": "POST",
      "RequestHeaders": {
        "Accept": "application/json",
        "Accept-Encoding": "gzip,deflate",
        "Authorization": "Sanitized",
        "Connection": "keep-alive",
        "Content-Length": "49",
        "Content-Type": "application/json",
        "User-Agent": "azsdk-js-client azsdk-js-api azsdk-js-ai-agents/1.0.0-beta.3 core-rest-pipeline/1.20.1 Node/22.10.0 OS/(x64-Windows_NT-10.0.22631)",
        "x-ms-client-request-id": "Sanitized"
      },
      "RequestBody": {
        "role": "user",
        "content": "Hello, tell me a joke"
      },
      "StatusCode": 200,
      "ResponseHeaders": {
        "apim-request-id": "ec6d6cef-58fe-4e65-87c7-1880db53563d",
        "azureml-served-by-cluster": "vienna-eastus-01",
        "Content-Encoding": "gzip",
        "Content-Type": "application/json",
        "Date": "Tue, 20 May 2025 19:12:48 GMT",
        "openai-organization": "1fa34553a93e4e53b531c64321ca4ae2",
        "openai-processing-ms": "197",
        "openai-version": "2020-10-01",
        "Request-Context": "appId=cid-v1:2d2e8e63-272e-4b3c-8598-4ee570a0e70d",
        "Strict-Transport-Security": "max-age=31536000; includeSubDomains; preload",
        "Transfer-Encoding": "chunked",
        "Vary": "Accept-Encoding",
        "X-Content-Type-Options": "nosniff",
        "x-ms-middleware-request-id": "f8a16095-9490-42db-9ccb-84d57d62685f",
        "x-ms-region": "East US",
        "x-ms-response-type": "standard",
        "X-Request-ID": "a1f25ec4120edf244b3fc1bff690f45c",
        "x-request-time": "0.429"
      },
      "ResponseBody": {
        "id": "msg_0HoqYcN6pdBF4sLJxlenI21W",
        "object": "thread.message",
        "created_at": 1747768368,
        "assistant_id": null,
        "thread_id": "thread_ACNImVZSQMJbJYP2uSVov3tz",
        "run_id": null,
        "role": "user",
        "content": [
          {
            "type": "text",
            "text": {
              "value": "Hello, tell me a joke",
              "annotations": []
            }
          }
        ],
        "attachments": [],
        "metadata": {}
      }
    },
    {
      "RequestUri": "https://Sanitized.azure.com/api/projects/00000/threads/thread_ACNImVZSQMJbJYP2uSVov3tz/runs?api-version=2025-05-15-preview",
      "RequestMethod": "POST",
      "RequestHeaders": {
        "Accept": "application/json",
        "Accept-Encoding": "gzip,deflate",
        "Authorization": "Sanitized",
        "Connection": "keep-alive",
        "Content-Length": "62",
        "Content-Type": "application/json",
        "User-Agent": "azsdk-js-client azsdk-js-api azsdk-js-ai-agents/1.0.0-beta.3 core-rest-pipeline/1.20.1 Node/22.10.0 OS/(x64-Windows_NT-10.0.22631)",
        "x-ms-client-request-id": "Sanitized"
      },
      "RequestBody": {
        "assistant_id": "asst_6dZhPyVUIDrEtaa7mJ6xPvoN",
        "stream": true
      },
      "StatusCode": 200,
      "ResponseHeaders": {
        "apim-request-id": "fe9043a3-41db-47c1-9ea5-1ae5389ae7ad",
        "azureml-served-by-cluster": "vienna-eastus-01",
        "Content-Type": "text/event-stream; charset=utf-8",
        "Date": "Tue, 20 May 2025 19:12:50 GMT",
        "openai-organization": "1fa34553a93e4e53b531c64321ca4ae2",
        "openai-processing-ms": "243",
        "openai-version": "2020-10-01",
        "Request-Context": "appId=cid-v1:2d2e8e63-272e-4b3c-8598-4ee570a0e70d",
        "Strict-Transport-Security": "max-age=31536000; includeSubDomains; preload",
        "Transfer-Encoding": "chunked",
        "X-Content-Type-Options": "nosniff",
        "x-ms-middleware-request-id": "7c46b936-5d4b-415b-8147-e85b94706c84",
        "x-ms-region": "East US",
        "x-ms-response-type": "standard",
        "X-Request-ID": "92867e774c5ae5c03ce9425a2ac27aae",
        "x-request-time": "1.129"
      },
      "ResponseBody": [
        "event: thread.run.created\n",
        "data: {\"id\":\"run_Eb7JltUSXktMNJjZCzTPrIBA\",\"object\":\"thread.run\",\"created_at\":1747768369,\"assistant_id\":\"asst_6dZhPyVUIDrEtaa7mJ6xPvoN\",\"thread_id\":\"thread_ACNImVZSQMJbJYP2uSVov3tz\",\"status\":\"queued\",\"started_at\":null,\"expires_at\":1747768969,\"cancelled_at\":null,\"failed_at\":null,\"completed_at\":null,\"required_action\":null,\"last_error\":null,\"model\":\"gpt-4-1106-preview\",\"instructions\":\"You are helpful agent\",\"tools\":[],\"tool_resources\":{\"code_interpreter\":{\"file_ids\":[]}},\"metadata\":{},\"temperature\":1.0,\"top_p\":1.0,\"max_completion_tokens\":null,\"max_prompt_tokens\":null,\"truncation_strategy\":{\"type\":\"auto\",\"last_messages\":null},\"incomplete_details\":null,\"usage\":null,\"response_format\":\"auto\",\"tool_choice\":\"auto\",\"parallel_tool_calls\":true}\n\n",
        "event: thread.run.queued\n",
        "data: {\"id\":\"run_Eb7JltUSXktMNJjZCzTPrIBA\",\"object\":\"thread.run\",\"created_at\":1747768369,\"assistant_id\":\"asst_6dZhPyVUIDrEtaa7mJ6xPvoN\",\"thread_id\":\"thread_ACNImVZSQMJbJYP2uSVov3tz\",\"status\":\"queued\",\"started_at\":null,\"expires_at\":1747768969,\"cancelled_at\":null,\"failed_at\":null,\"completed_at\":null,\"required_action\":null,\"last_error\":null,\"model\":\"gpt-4-1106-preview\",\"instructions\":\"You are helpful agent\",\"tools\":[],\"tool_resources\":{\"code_interpreter\":{\"file_ids\":[]}},\"metadata\":{},\"temperature\":1.0,\"top_p\":1.0,\"max_completion_tokens\":null,\"max_prompt_tokens\":null,\"truncation_strategy\":{\"type\":\"auto\",\"last_messages\":null},\"incomplete_details\":null,\"usage\":null,\"response_format\":\"auto\",\"tool_choice\":\"auto\",\"parallel_tool_calls\":true}\n\n",
        "event: thread.run.in_progress\n",
        "data: {\"id\":\"run_Eb7JltUSXktMNJjZCzTPrIBA\",\"object\":\"thread.run\",\"created_at\":1747768369,\"assistant_id\":\"asst_6dZhPyVUIDrEtaa7mJ6xPvoN\",\"thread_id\":\"thread_ACNImVZSQMJbJYP2uSVov3tz\",\"status\":\"in_progress\",\"started_at\":1747768370,\"expires_at\":1747768969,\"cancelled_at\":null,\"failed_at\":null,\"completed_at\":null,\"required_action\":null,\"last_error\":null,\"model\":\"gpt-4-1106-preview\",\"instructions\":\"You are helpful agent\",\"tools\":[],\"tool_resources\":{\"code_interpreter\":{\"file_ids\":[]}},\"metadata\":{},\"temperature\":1.0,\"top_p\":1.0,\"max_completion_tokens\":null,\"max_prompt_tokens\":null,\"truncation_strategy\":{\"type\":\"auto\",\"last_messages\":null},\"incomplete_details\":null,\"usage\":null,\"response_format\":\"auto\",\"tool_choice\":\"auto\",\"parallel_tool_calls\":true}\n\n",
        "event: thread.run.failed\n",
        "data: {\"id\":\"run_Eb7JltUSXktMNJjZCzTPrIBA\",\"object\":\"thread.run\",\"created_at\":1747768369,\"assistant_id\":\"asst_6dZhPyVUIDrEtaa7mJ6xPvoN\",\"thread_id\":\"thread_ACNImVZSQMJbJYP2uSVov3tz\",\"status\":\"failed\",\"started_at\":1747768370,\"expires_at\":null,\"cancelled_at\":null,\"failed_at\":1747768370,\"completed_at\":null,\"required_action\":null,\"last_error\":{\"code\":\"invalid_engine_error\",\"message\":\"Failed to resolve model info for: gpt-4-1106-preview\"},\"model\":\"gpt-4-1106-preview\",\"instructions\":\"You are helpful agent\",\"tools\":[],\"tool_resources\":{\"code_interpreter\":{\"file_ids\":[]}},\"metadata\":{},\"temperature\":1.0,\"top_p\":1.0,\"max_completion_tokens\":null,\"max_prompt_tokens\":null,\"truncation_strategy\":{\"type\":\"auto\",\"last_messages\":null},\"incomplete_details\":null,\"usage\":{\"prompt_tokens\":0,\"completion_tokens\":0,\"total_tokens\":0,\"prompt_token_details\":{\"cached_tokens\":0}},\"response_format\":\"auto\",\"tool_choice\":\"auto\",\"parallel_tool_calls\":true}\n\n",
        "event: done\n",
        "data: [DONE]\n\n"
      ]
    },
    {
      "RequestUri": "https://Sanitized.azure.com/api/projects/00000/assistants/asst_6dZhPyVUIDrEtaa7mJ6xPvoN?api-version=2025-05-15-preview",
      "RequestMethod": "DELETE",
      "RequestHeaders": {
        "Accept": "application/json",
        "Accept-Encoding": "gzip,deflate",
        "Authorization": "Sanitized",
        "Connection": "keep-alive",
        "User-Agent": "azsdk-js-client azsdk-js-api azsdk-js-ai-agents/1.0.0-beta.3 core-rest-pipeline/1.20.1 Node/22.10.0 OS/(x64-Windows_NT-10.0.22631)",
        "x-ms-client-request-id": "Sanitized"
      },
      "RequestBody": null,
      "StatusCode": 200,
      "ResponseHeaders": {
        "apim-request-id": "adbfe52e-22cb-4bdf-8bd4-02a7d939d947",
        "azureml-served-by-cluster": "vienna-eastus-01",
        "Content-Length": "95",
        "Content-Type": "application/json",
        "Date": "Tue, 20 May 2025 19:12:50 GMT",
        "openai-organization": "1fa34553a93e4e53b531c64321ca4ae2",
        "openai-processing-ms": "138",
        "openai-version": "2020-10-01",
        "Request-Context": "appId=cid-v1:2d2e8e63-272e-4b3c-8598-4ee570a0e70d",
        "Strict-Transport-Security": "max-age=31536000; includeSubDomains; preload",
        "X-Content-Type-Options": "nosniff",
        "x-ms-middleware-request-id": "4e48bfd1-2677-4973-8e0f-6a2b260b2346",
        "x-ms-region": "East US",
        "x-ms-response-type": "standard",
        "X-Request-ID": "a226a9e22138adf8370cc60795901c8f",
        "x-request-time": "0.348"
      },
      "ResponseBody": {
        "id": "asst_6dZhPyVUIDrEtaa7mJ6xPvoN",
        "object": "assistant.deleted",
        "deleted": true
      }
    },
    {
      "RequestUri": "https://Sanitized.azure.com/api/projects/00000/threads/thread_ACNImVZSQMJbJYP2uSVov3tz?api-version=2025-05-15-preview",
      "RequestMethod": "DELETE",
      "RequestHeaders": {
        "Accept": "application/json",
        "Accept-Encoding": "gzip,deflate",
        "Authorization": "Sanitized",
        "Connection": "keep-alive",
        "User-Agent": "azsdk-js-client azsdk-js-api azsdk-js-ai-agents/1.0.0-beta.3 core-rest-pipeline/1.20.1 Node/22.10.0 OS/(x64-Windows_NT-10.0.22631)",
        "x-ms-client-request-id": "Sanitized"
      },
      "RequestBody": null,
      "StatusCode": 200,
      "ResponseHeaders": {
        "apim-request-id": "9cd8cb66-b938-4e03-85da-0bbf6a2e35fc",
        "azureml-served-by-cluster": "vienna-eastus-01",
        "Content-Length": "94",
        "Content-Type": "application/json",
        "Date": "Tue, 20 May 2025 19:12:51 GMT",
        "openai-organization": "1fa34553a93e4e53b531c64321ca4ae2",
        "openai-processing-ms": "302",
        "openai-version": "2020-10-01",
        "Request-Context": "appId=cid-v1:2d2e8e63-272e-4b3c-8598-4ee570a0e70d",
        "Strict-Transport-Security": "max-age=31536000; includeSubDomains; preload",
        "X-Content-Type-Options": "nosniff",
        "x-ms-middleware-request-id": "2e24f7ab-881e-45df-a455-04c8d2e78754",
        "x-ms-region": "East US",
        "x-ms-response-type": "standard",
        "X-Request-ID": "a5122b0de94385f5e20fba20d9a86131",
        "x-request-time": "0.516"
      },
      "ResponseBody": {
        "id": "thread_ACNImVZSQMJbJYP2uSVov3tz",
        "object": "thread.deleted",
        "deleted": true
      }
    }
  ],
  "Variables": {}
}
