{
  "Entries": [
    {
      "RequestUri": "https://fakestorageaccount.blob.core.windows.net/container169744614022104086?restype=container",
      "RequestMethod": "PUT",
      "RequestHeaders": {
        "Accept": "application/xml",
        "Authorization": "Sanitized",
        "Connection": "keep-alive",
        "Content-Length": "0",
        "User-Agent": "azsdk-js-azure-storage-blob/12.20.0 core-rest-pipeline/1.12.2 Node/v18.16.0 OS/(x64-Windows_NT-10.0.22621)",
        "x-ms-client-request-id": "42d94044-2e03-4c1d-834d-619c079effe5",
        "x-ms-date": "Mon, 16 Oct 2023 08:49:00 GMT",
        "x-ms-version": "2023-08-03"
      },
      "RequestBody": null,
      "StatusCode": 201,
      "ResponseHeaders": {
        "Content-Length": "0",
        "Date": "Mon, 16 Oct 2023 08:49:00 GMT",
        "ETag": "\u00220x8DBCE24BE3E57EF\u0022",
        "Last-Modified": "Mon, 16 Oct 2023 08:49:00 GMT",
        "Server": [
          "Windows-Azure-Blob/1.0",
          "Microsoft-HTTPAPI/2.0"
        ],
        "x-ms-client-request-id": "42d94044-2e03-4c1d-834d-619c079effe5",
        "x-ms-request-id": "a3584cba-401e-006e-190d-00c60e000000",
        "x-ms-version": "2023-08-03"
      },
      "ResponseBody": null
    },
    {
      "RequestUri": "https://fakestorageaccount.blob.core.windows.net/container169744614022104086/blob169744614037006690",
      "RequestMethod": "PUT",
      "RequestHeaders": {
        "Accept": "application/xml",
        "Authorization": "Sanitized",
        "Connection": "keep-alive",
        "Content-Length": "11",
        "Content-Type": "application/octet-stream",
        "User-Agent": "azsdk-js-azure-storage-blob/12.20.0 core-rest-pipeline/1.12.2 Node/v18.16.0 OS/(x64-Windows_NT-10.0.22621)",
        "x-ms-blob-type": "BlockBlob",
        "x-ms-client-request-id": "7951ae03-8537-4322-961d-87652bc73c39",
        "x-ms-date": "Mon, 16 Oct 2023 08:49:00 GMT",
        "x-ms-version": "2023-08-03"
      },
      "RequestBody": "SGVsbG8gV29ybGQ=",
      "StatusCode": 201,
      "ResponseHeaders": {
        "Content-Length": "0",
        "Content-MD5": "sQqNsWTgdUEFt6mb5y4/5Q==",
        "Date": "Mon, 16 Oct 2023 08:49:00 GMT",
        "ETag": "\u00220x8DBCE24BE52CB6F\u0022",
        "Last-Modified": "Mon, 16 Oct 2023 08:49:01 GMT",
        "Server": [
          "Windows-Azure-Blob/1.0",
          "Microsoft-HTTPAPI/2.0"
        ],
        "x-ms-client-request-id": "7951ae03-8537-4322-961d-87652bc73c39",
        "x-ms-content-crc64": "YeJLfssylmU=",
        "x-ms-request-id": "a3584d10-401e-006e-630d-00c60e000000",
        "x-ms-request-server-encrypted": "true",
        "x-ms-version": "2023-08-03",
        "x-ms-version-id": "2023-10-16T08:49:01.0298735Z"
      },
      "ResponseBody": null
    },
    {
      "RequestUri": "https://fakestorageaccount.blob.core.windows.net/container169744614022104086/blob169744614037006690",
      "RequestMethod": "PUT",
      "RequestHeaders": {
        "Accept": "application/xml",
        "Authorization": "Sanitized",
        "Connection": "keep-alive",
        "Content-Length": "0",
        "Content-Type": "application/octet-stream",
        "User-Agent": "azsdk-js-azure-storage-blob/12.20.0 core-rest-pipeline/1.12.2 Node/v18.16.0 OS/(x64-Windows_NT-10.0.22621)",
        "x-ms-blob-type": "BlockBlob",
        "x-ms-client-request-id": "8245672c-e97b-477e-93ec-b1a5d55b0a93",
        "x-ms-date": "Mon, 16 Oct 2023 08:49:00 GMT",
        "x-ms-version": "2023-08-03"
      },
      "RequestBody": null,
      "StatusCode": 201,
      "ResponseHeaders": {
        "Content-Length": "0",
        "Content-MD5": "1B2M2Y8AsgTpgAmY7PhCfg==",
        "Date": "Mon, 16 Oct 2023 08:49:00 GMT",
        "ETag": "\u00220x8DBCE24BE690F42\u0022",
        "Last-Modified": "Mon, 16 Oct 2023 08:49:01 GMT",
        "Server": [
          "Windows-Azure-Blob/1.0",
          "Microsoft-HTTPAPI/2.0"
        ],
        "x-ms-client-request-id": "8245672c-e97b-477e-93ec-b1a5d55b0a93",
        "x-ms-content-crc64": "AAAAAAAAAAA=",
        "x-ms-request-id": "a3584d5d-401e-006e-280d-00c60e000000",
        "x-ms-request-server-encrypted": "true",
        "x-ms-version": "2023-08-03",
        "x-ms-version-id": "2023-10-16T08:49:01.1777881Z"
      },
      "ResponseBody": null
    },
    {
      "RequestUri": "https://fakestorageaccount.blob.core.windows.net/container169744614022104086/blob169744614037006690?comp=snapshot",
      "RequestMethod": "PUT",
      "RequestHeaders": {
        "Accept": "application/xml",
        "Authorization": "Sanitized",
        "Connection": "keep-alive",
        "Content-Length": "0",
        "User-Agent": "azsdk-js-azure-storage-blob/12.20.0 core-rest-pipeline/1.12.2 Node/v18.16.0 OS/(x64-Windows_NT-10.0.22621)",
        "x-ms-client-request-id": "8e887a67-5953-4e38-8a8e-831a7d50ea5a",
        "x-ms-date": "Mon, 16 Oct 2023 08:49:00 GMT",
        "x-ms-version": "2023-08-03"
      },
      "RequestBody": null,
      "StatusCode": 201,
      "ResponseHeaders": {
        "Content-Length": "0",
        "Date": "Mon, 16 Oct 2023 08:49:00 GMT",
        "ETag": "\u00220x8DBCE24BE690F42\u0022",
        "Last-Modified": "Mon, 16 Oct 2023 08:49:01 GMT",
        "Server": [
          "Windows-Azure-Blob/1.0",
          "Microsoft-HTTPAPI/2.0"
        ],
        "x-ms-client-request-id": "8e887a67-5953-4e38-8a8e-831a7d50ea5a",
        "x-ms-request-id": "a3584daa-401e-006e-720d-00c60e000000",
        "x-ms-request-server-encrypted": "false",
        "x-ms-snapshot": "2023-10-16T08:49:01.3247034Z",
        "x-ms-version": "2023-08-03",
        "x-ms-version-id": "2023-10-16T08:49:01.3257034Z"
      },
      "ResponseBody": null
    },
    {
      "RequestUri": "https://fakestorageaccount.blob.core.windows.net/container169744614022104086/blob169744614037006690?versionid=2023-10-16T08%3A49%3A01.0298735Z",
      "RequestMethod": "DELETE",
      "RequestHeaders": {
        "Accept": "application/xml",
        "Authorization": "Sanitized",
        "Connection": "keep-alive",
        "User-Agent": "azsdk-js-azure-storage-blob/12.20.0 core-rest-pipeline/1.12.2 Node/v18.16.0 OS/(x64-Windows_NT-10.0.22621)",
        "x-ms-client-request-id": "463f8bed-627b-498d-8c92-6f1983562355",
        "x-ms-date": "Mon, 16 Oct 2023 08:49:00 GMT",
        "x-ms-delete-snapshots": "include",
        "x-ms-version": "2023-08-03"
      },
      "RequestBody": null,
      "StatusCode": 400,
      "ResponseHeaders": {
        "Content-Length": "494",
        "Content-Type": "application/xml",
        "Date": "Mon, 16 Oct 2023 08:49:00 GMT",
        "Server": [
          "Windows-Azure-Blob/1.0",
          "Microsoft-HTTPAPI/2.0"
        ],
        "x-ms-client-request-id": "463f8bed-627b-498d-8c92-6f1983562355",
        "x-ms-error-code": "InvalidQueryParameterValue",
        "x-ms-request-id": "a3584e2c-401e-006e-660d-00c60e000000",
        "x-ms-version": "2023-08-03"
      },
      "ResponseBody": [
        "\uFEFF\u003C?xml version=\u00221.0\u0022 encoding=\u0022utf-8\u0022?\u003E\u003CError\u003E\u003CCode\u003EInvalidQueryParameterValue\u003C/Code\u003E\u003CMessage\u003EValue for one of the query parameters specified in the request URI is invalid.\n",
        "RequestId:a3584e2c-401e-006e-660d-00c60e000000\n",
        "Time:2023-10-16T08:49:01.4834993Z\u003C/Message\u003E\u003CQueryParameterName\u003Eversionid\u003C/QueryParameterName\u003E\u003CQueryParameterValue\u003E2023-10-16T08:49:01.0298735Z\u003C/QueryParameterValue\u003E\u003CReason\u003EThis operation is only allowed on the root blob. Version id should not be provided.\u003C/Reason\u003E\u003C/Error\u003E"
      ]
    },
    {
      "RequestUri": "https://fakestorageaccount.blob.core.windows.net/container169744614022104086/blob169744614037006690?versionid=2023-10-16T08%3A49%3A01.1777881Z",
      "RequestMethod": "DELETE",
      "RequestHeaders": {
        "Accept": "application/xml",
        "Authorization": "Sanitized",
        "Connection": "keep-alive",
        "User-Agent": "azsdk-js-azure-storage-blob/12.20.0 core-rest-pipeline/1.12.2 Node/v18.16.0 OS/(x64-Windows_NT-10.0.22621)",
        "x-ms-client-request-id": "791c74a9-b652-41c5-8e68-4de66c6d1164",
        "x-ms-date": "Mon, 16 Oct 2023 08:49:00 GMT",
        "x-ms-delete-snapshots": "only",
        "x-ms-version": "2023-08-03"
      },
      "RequestBody": null,
      "StatusCode": 400,
      "ResponseHeaders": {
        "Content-Length": "494",
        "Content-Type": "application/xml",
        "Date": "Mon, 16 Oct 2023 08:49:00 GMT",
        "Server": [
          "Windows-Azure-Blob/1.0",
          "Microsoft-HTTPAPI/2.0"
        ],
        "x-ms-client-request-id": "791c74a9-b652-41c5-8e68-4de66c6d1164",
        "x-ms-error-code": "InvalidQueryParameterValue",
        "x-ms-request-id": "a3584e7b-401e-006e-2c0d-00c60e000000",
        "x-ms-version": "2023-08-03"
      },
      "ResponseBody": [
        "\uFEFF\u003C?xml version=\u00221.0\u0022 encoding=\u0022utf-8\u0022?\u003E\u003CError\u003E\u003CCode\u003EInvalidQueryParameterValue\u003C/Code\u003E\u003CMessage\u003EValue for one of the query parameters specified in the request URI is invalid.\n",
        "RequestId:a3584e7b-401e-006e-2c0d-00c60e000000\n",
        "Time:2023-10-16T08:49:01.6264160Z\u003C/Message\u003E\u003CQueryParameterName\u003Eversionid\u003C/QueryParameterName\u003E\u003CQueryParameterValue\u003E2023-10-16T08:49:01.1777881Z\u003C/QueryParameterValue\u003E\u003CReason\u003EThis operation is only allowed on the root blob. Version id should not be provided.\u003C/Reason\u003E\u003C/Error\u003E"
      ]
    },
    {
      "RequestUri": "https://fakestorageaccount.blob.core.windows.net/container169744614022104086?restype=container",
      "RequestMethod": "DELETE",
      "RequestHeaders": {
        "Accept": "application/xml",
        "Authorization": "Sanitized",
        "Connection": "keep-alive",
        "User-Agent": "azsdk-js-azure-storage-blob/12.20.0 core-rest-pipeline/1.12.2 Node/v18.16.0 OS/(x64-Windows_NT-10.0.22621)",
        "x-ms-client-request-id": "00d82f79-c527-44de-9bea-74b58a39d55a",
        "x-ms-date": "Mon, 16 Oct 2023 08:49:01 GMT",
        "x-ms-version": "2023-08-03"
      },
      "RequestBody": null,
      "StatusCode": 202,
      "ResponseHeaders": {
        "Content-Length": "0",
        "Date": "Mon, 16 Oct 2023 08:49:01 GMT",
        "Server": [
          "Windows-Azure-Blob/1.0",
          "Microsoft-HTTPAPI/2.0"
        ],
        "x-ms-client-request-id": "00d82f79-c527-44de-9bea-74b58a39d55a",
        "x-ms-request-id": "a3584ed6-401e-006e-7f0d-00c60e000000",
        "x-ms-version": "2023-08-03"
      },
      "ResponseBody": null
    }
  ],
  "Variables": {
    "blob": "blob169744614037006690",
    "container": "container169744614022104086"
  }
}
