{
  "Entries": [
    {
      "RequestUri": "https://t1e4564477a3bf4db-json.servicebus.windows.net/$schemaGroups/azsdk_net_test_group/schemas/test-17882?api-version=2023-07-01",
      "RequestMethod": "PUT",
      "RequestHeaders": {
        "Accept": "application/json",
        "Authorization": "Sanitized",
        "Content-Length": "460",
        "Content-Type": "application/json; serialization=json",
        "User-Agent": "azsdk-net-Data.SchemaRegistry/1.4.0-alpha.20231110.1 (.NET 7.0.13; Microsoft Windows 10.0.22621)",
        "x-ms-client-request-id": "4b1f2bdf503e93f8451fe33b4597a0b3",
        "x-ms-return-client-request-id": "true"
      },
      "RequestBody": {
        "$id": "1",
        "$schema": "Json",
        "title": "Person",
        "type": "object",
        "properties": {
          "firstName": {
            "type": "string",
            "description": "The person\u0027s first name."
          },
          "lastName": {
            "type": "string",
            "description": "The person\u0027s last name."
          },
          "age": {
            "description": "Age in years which must be equal to or greater than zero.",
            "type": "integer",
            "minimum": 0
          }
        }
      },
      "StatusCode": 204,
      "ResponseHeaders": {
        "Content-Length": "0",
        "Date": "Fri, 10 Nov 2023 16:30:40 GMT",
        "Location": "https://t1e4564477a3bf4db-json.servicebus.windows.net/$schemagroups/azsdk_net_test_group/schemas/test-17882/versions/1?api-version=2023-07-01",
        "Schema-Group-Name": "azsdk_net_test_group",
        "Schema-Id": "452f293204594941897c2e4a2e8513d4",
        "Schema-Id-Location": "https://t1e4564477a3bf4db-json.servicebus.windows.net:443/$schemagroups/$schemas/452f293204594941897c2e4a2e8513d4?api-version=2023-07-01",
        "Schema-Name": "test-17882",
        "Schema-Version": "1",
        "Schema-Versions-Location": "https://t1e4564477a3bf4db-json.servicebus.windows.net:443/$schemagroups/azsdk_net_test_group/schemas/test-17882/versions?api-version=2023-07-01",
        "Server": "Microsoft-HTTPAPI/2.0",
        "Strict-Transport-Security": "max-age=31536000"
      },
      "ResponseBody": null
    },
    {
      "RequestUri": "https://t1e4564477a3bf4db-json.servicebus.windows.net/$schemaGroups/azsdk_net_test_group/schemas/test-17882:get-id?api-version=2023-07-01",
      "RequestMethod": "POST",
      "RequestHeaders": {
        "Accept": "application/json",
        "Authorization": "Sanitized",
        "Content-Length": "460",
        "Content-Type": "application/json; serialization=json",
        "User-Agent": "azsdk-net-Data.SchemaRegistry/1.4.0-alpha.20231110.1 (.NET 7.0.13; Microsoft Windows 10.0.22621)",
        "x-ms-client-request-id": "7a7fa14cfe9ef86a486745bf5f04069d",
        "x-ms-return-client-request-id": "true"
      },
      "RequestBody": {
        "$id": "1",
        "$schema": "Json",
        "title": "Person",
        "type": "object",
        "properties": {
          "firstName": {
            "type": "string",
            "description": "The person\u0027s first name."
          },
          "lastName": {
            "type": "string",
            "description": "The person\u0027s last name."
          },
          "age": {
            "description": "Age in years which must be equal to or greater than zero.",
            "type": "integer",
            "minimum": 0
          }
        }
      },
      "StatusCode": 204,
      "ResponseHeaders": {
        "Content-Length": "0",
        "Date": "Fri, 10 Nov 2023 16:30:40 GMT",
        "Location": "https://t1e4564477a3bf4db-json.servicebus.windows.net/$schemagroups/azsdk_net_test_group/schemas/test-17882/versions/1?api-version=2023-07-01",
        "Schema-Group-Name": "azsdk_net_test_group",
        "Schema-Id": "452f293204594941897c2e4a2e8513d4",
        "Schema-Id-Location": "https://t1e4564477a3bf4db-json.servicebus.windows.net:443/$schemagroups/$schemas/452f293204594941897c2e4a2e8513d4?api-version=2023-07-01",
        "Schema-Name": "test-17882",
        "Schema-Version": "1",
        "Schema-Versions-Location": "https://t1e4564477a3bf4db-json.servicebus.windows.net:443/$schemagroups/azsdk_net_test_group/schemas/test-17882/versions?api-version=2023-07-01",
        "Server": "Microsoft-HTTPAPI/2.0",
        "Strict-Transport-Security": "max-age=31536000"
      },
      "ResponseBody": null
    },
    {
      "RequestUri": "https://t1e4564477a3bf4db-json.servicebus.windows.net/$schemaGroups/azsdk_net_test_group/schemas/test-17882?api-version=2023-07-01",
      "RequestMethod": "PUT",
      "RequestHeaders": {
        "Accept": "application/json",
        "Authorization": "Sanitized",
        "Content-Length": "463",
        "Content-Type": "application/json; serialization=json",
        "User-Agent": "azsdk-net-Data.SchemaRegistry/1.4.0-alpha.20231110.1 (.NET 7.0.13; Microsoft Windows 10.0.22621)",
        "x-ms-client-request-id": "70286181258da86208b01219ed2fa9e4",
        "x-ms-return-client-request-id": "true"
      },
      "RequestBody": {
        "$id": "2",
        "$schema": "Json",
        "title": "Person_V2",
        "type": "object",
        "properties": {
          "firstName": {
            "type": "string",
            "description": "The person\u0027s first name."
          },
          "lastName": {
            "type": "string",
            "description": "The person\u0027s last name."
          },
          "age": {
            "description": "Age in years which must be equal to or greater than zero.",
            "type": "integer",
            "minimum": 0
          }
        }
      },
      "StatusCode": 204,
      "ResponseHeaders": {
        "Content-Length": "0",
        "Date": "Fri, 10 Nov 2023 16:30:41 GMT",
        "Location": "https://t1e4564477a3bf4db-json.servicebus.windows.net/$schemagroups/azsdk_net_test_group/schemas/test-17882/versions/2?api-version=2023-07-01",
        "Schema-Group-Name": "azsdk_net_test_group",
        "Schema-Id": "a97e8fbdde16478797bcf960617e19ae",
        "Schema-Id-Location": "https://t1e4564477a3bf4db-json.servicebus.windows.net:443/$schemagroups/$schemas/a97e8fbdde16478797bcf960617e19ae?api-version=2023-07-01",
        "Schema-Name": "test-17882",
        "Schema-Version": "2",
        "Schema-Versions-Location": "https://t1e4564477a3bf4db-json.servicebus.windows.net:443/$schemagroups/azsdk_net_test_group/schemas/test-17882/versions?api-version=2023-07-01",
        "Server": "Microsoft-HTTPAPI/2.0",
        "Strict-Transport-Security": "max-age=31536000"
      },
      "ResponseBody": null
    }
  ],
  "Variables": {
    "AZURE_AUTHORITY_HOST": "https://login.microsoftonline.com/",
    "RandomSeed": "1089948279",
    "SCHEMAREGISTRY_ENDPOINT_JSON": "t1e4564477a3bf4db-json.servicebus.windows.net",
    "SCHEMAREGISTRY_GROUP": "azsdk_net_test_group"
  }
}
