{
  "Entries": [
    {
      "RequestUri": "https://management.azure.com/subscriptions/db1ab6f0-4769-4b27-930e-01e2ef9c123c/resourcegroups/WebPubSubRG-5624?api-version=**",
      "RequestMethod": "GET",
      "RequestHeaders": {
        "Accept": "application/json",
        "Authorization": "Sanitized",
        "traceparent": "00-7b10fcab9d6ff051b9907d128ad8d8c0-c4390ae28d10a5fe-00",
        "User-Agent": "azsdk-net-ResourceManager/1.6.0 (.NET 7.0.7; Microsoft Windows 10.0.22621)",
        "x-ms-client-request-id": "8dd3857bf9695cfd442a391ba21a8f54",
        "x-ms-return-client-request-id": "true"
      },
      "RequestBody": null,
      "StatusCode": 200,
      "ResponseHeaders": {
        "Cache-Control": "no-cache",
        "Content-Length": "230",
        "Content-Type": "application/json; charset=utf-8",
        "Date": "Wed, 05 Jul 2023 07:29:48 GMT",
        "Expires": "-1",
        "Pragma": "no-cache",
        "Strict-Transport-Security": "max-age=31536000; includeSubDomains",
        "X-Content-Type-Options": "nosniff",
        "x-ms-correlation-request-id": "95b578e3-7c3d-417e-a569-a9cb8393eb19",
        "x-ms-ratelimit-remaining-subscription-reads": "11985",
        "x-ms-request-id": "95b578e3-7c3d-417e-a569-a9cb8393eb19",
        "x-ms-routing-request-id": "SOUTHEASTASIA:20230705T072948Z:95b578e3-7c3d-417e-a569-a9cb8393eb19"
      },
      "ResponseBody": {
        "id": "/subscriptions/db1ab6f0-4769-4b27-930e-01e2ef9c123c/resourceGroups/WebPubSubRG-5624",
        "name": "WebPubSubRG-5624",
        "type": "Microsoft.Resources/resourceGroups",
        "location": "westus2",
        "properties": {
          "provisioningState": "Succeeded"
        }
      }
    },
    {
      "RequestUri": "https://management.azure.com/subscriptions/db1ab6f0-4769-4b27-930e-01e2ef9c123c/resourceGroups/WebPubSubRG-5624/providers/Microsoft.SignalRService/webPubSub/webpubsub-682?api-version=2021-10-01",
      "RequestMethod": "PUT",
      "RequestHeaders": {
        "Accept": "application/json",
        "Authorization": "Sanitized",
        "Content-Length": "367",
        "Content-Type": "application/json",
        "traceparent": "00-a728893d53f72b56412dc289ee9111b9-b84e727446e1f9c8-00",
        "User-Agent": "azsdk-net-ResourceManager.WebPubSub/1.1.0-alpha.20230704.1 (.NET 7.0.7; Microsoft Windows 10.0.22621)",
        "x-ms-client-request-id": "670781eb6e6fdd6fc7d63faea312a8c1",
        "x-ms-return-client-request-id": "true"
      },
      "RequestBody": {
        "sku": {
          "name": "Standard_S1"
        },
        "tags": {},
        "location": "westus2",
        "properties": {
          "liveTraceConfiguration": {
            "enabled": "true",
            "categories": [
              {
                "name": "category-01",
                "enabled": "true"
              }
            ]
          },
          "resourceLogConfiguration": {
            "categories": [
              {
                "name": "category1",
                "enabled": "false"
              }
            ]
          },
          "networkACLs": {
            "defaultAction": "Deny",
            "publicNetwork": {
              "allow": [],
              "deny": [
                "RESTAPI"
              ]
            },
            "privateEndpoints": []
          }
        }
      },
      "StatusCode": 201,
      "ResponseHeaders": {
        "Azure-AsyncOperation": "https://management.azure.com/subscriptions/db1ab6f0-4769-4b27-930e-01e2ef9c123c/resourceGroups/WebPubSubRG-5624/providers/Microsoft.SignalRService/WebPubSub/webpubsub-682/operationStatuses/2554079a-96fd-4de5-a323-c18b9ddba231?api-version=2021-10-01",
        "Cache-Control": "no-cache",
        "Content-Length": "1270",
        "Content-Type": "application/json; charset=utf-8",
        "Date": "Wed, 05 Jul 2023 07:29:52 GMT",
        "Expires": "-1",
        "Location": "https://management.azure.com/subscriptions/db1ab6f0-4769-4b27-930e-01e2ef9c123c/resourceGroups/WebPubSubRG-5624/providers/Microsoft.SignalRService/WebPubSub/webpubsub-682/operationResults/2554079a-96fd-4de5-a323-c18b9ddba231?api-version=2021-10-01",
        "Pragma": "no-cache",
        "Server": "Kestrel",
        "Strict-Transport-Security": "max-age=31536000; includeSubDomains",
        "X-Content-Type-Options": "nosniff",
        "x-ms-client-request-id": "670781eb6e6fdd6fc7d63faea312a8c1",
        "x-ms-correlation-request-id": "d28048eb-40c5-4bb2-904c-19a641c729c6",
        "x-ms-ratelimit-remaining-subscription-writes": "1196",
        "x-ms-request-id": "bf512b0f-e641-49c0-b01b-0b15e5eafaaf",
        "x-ms-routing-request-id": "SOUTHEASTASIA:20230705T072952Z:d28048eb-40c5-4bb2-904c-19a641c729c6",
        "x-rp-server-mvid": "25fbacb8-aa51-4fb6-a4ee-6f8dc1bef62d"
      },
      "ResponseBody": {
        "sku": {
          "name": "Standard_S1",
          "tier": "Standard",
          "size": "S1",
          "capacity": 1
        },
        "properties": {
          "provisioningState": "Creating",
          "externalIP": null,
          "hostName": "webpubsub-682.webpubsub.azure.com",
          "publicPort": 443,
          "serverPort": 443,
          "version": "1.0-preview",
          "privateEndpointConnections": [],
          "sharedPrivateLinkResources": [],
          "tls": {
            "clientCertEnabled": false
          },
          "hostNamePrefix": "webpubsub-682",
          "liveTraceConfiguration": {
            "enabled": "true",
            "categories": [
              {
                "name": "category-01",
                "enabled": "true"
              }
            ]
          },
          "resourceLogConfiguration": {
            "categories": [
              {
                "name": "category1",
                "enabled": "false"
              }
            ]
          },
          "networkACLs": {
            "defaultAction": "Deny",
            "publicNetwork": {
              "allow": [],
              "deny": [
                "RESTAPI"
              ]
            },
            "privateEndpoints": []
          },
          "publicNetworkAccess": "Enabled",
          "disableLocalAuth": false,
          "disableAadAuth": false
        },
        "location": "westus2",
        "tags": {},
        "id": "/subscriptions/db1ab6f0-4769-4b27-930e-01e2ef9c123c/resourceGroups/WebPubSubRG-5624/providers/Microsoft.SignalRService/WebPubSub/webpubsub-682",
        "name": "webpubsub-682",
        "type": "Microsoft.SignalRService/WebPubSub",
        "systemData": {
          "createdBy": "8e6d47e0-7969-4fde-a62c-4fea4f165e98",
          "createdByType": "Application",
          "createdAt": "2023-07-05T07:29:50.3297577Z",
          "lastModifiedBy": "8e6d47e0-7969-4fde-a62c-4fea4f165e98",
          "lastModifiedByType": "Application",
          "lastModifiedAt": "2023-07-05T07:29:50.3297577Z"
        }
      }
    },
    {
      "RequestUri": "https://management.azure.com/subscriptions/db1ab6f0-4769-4b27-930e-01e2ef9c123c/resourceGroups/WebPubSubRG-5624/providers/Microsoft.SignalRService/WebPubSub/webpubsub-682/operationStatuses/2554079a-96fd-4de5-a323-c18b9ddba231?api-version=2021-10-01",
      "RequestMethod": "GET",
      "RequestHeaders": {
        "Authorization": "Sanitized",
        "traceparent": "00-a728893d53f72b56412dc289ee9111b9-2d72cd3f89289ea9-00",
        "User-Agent": "azsdk-net-ResourceManager/1.6.0 (.NET 7.0.7; Microsoft Windows 10.0.22621)",
        "x-ms-client-request-id": "b388c661cf03160b64afa222bdaea017",
        "x-ms-return-client-request-id": "true"
      },
      "RequestBody": null,
      "StatusCode": 200,
      "ResponseHeaders": {
        "Cache-Control": "no-cache",
        "Content-Length": "313",
        "Content-Type": "application/json; charset=utf-8",
        "Date": "Wed, 05 Jul 2023 07:29:52 GMT",
        "Expires": "-1",
        "Pragma": "no-cache",
        "Server": "Kestrel",
        "Strict-Transport-Security": "max-age=31536000; includeSubDomains",
        "X-Content-Type-Options": "nosniff",
        "x-ms-client-request-id": "b388c661cf03160b64afa222bdaea017",
        "x-ms-correlation-request-id": "4d71dc18-23ee-44ee-a20b-b804c7ca477f",
        "x-ms-ratelimit-remaining-subscription-reads": "11984",
        "x-ms-request-id": "bcb8aaf2-2ed7-4593-9653-d428499768da",
        "x-ms-routing-request-id": "SOUTHEASTASIA:20230705T072953Z:4d71dc18-23ee-44ee-a20b-b804c7ca477f",
        "x-rp-server-mvid": "25fbacb8-aa51-4fb6-a4ee-6f8dc1bef62d"
      },
      "ResponseBody": {
        "id": "/subscriptions/db1ab6f0-4769-4b27-930e-01e2ef9c123c/resourceGroups/WebPubSubRG-5624/providers/Microsoft.SignalRService/WebPubSub/webpubsub-682/operationStatuses/2554079a-96fd-4de5-a323-c18b9ddba231",
        "name": "2554079a-96fd-4de5-a323-c18b9ddba231",
        "status": "Running",
        "startTime": "2023-07-05T07:29:51.393024Z"
      }
    },
    {
      "RequestUri": "https://management.azure.com/subscriptions/db1ab6f0-4769-4b27-930e-01e2ef9c123c/resourceGroups/WebPubSubRG-5624/providers/Microsoft.SignalRService/WebPubSub/webpubsub-682/operationStatuses/2554079a-96fd-4de5-a323-c18b9ddba231?api-version=2021-10-01",
      "RequestMethod": "GET",
      "RequestHeaders": {
        "Authorization": "Sanitized",
        "traceparent": "00-a728893d53f72b56412dc289ee9111b9-35a40c6da30e1c26-00",
        "User-Agent": "azsdk-net-ResourceManager/1.6.0 (.NET 7.0.7; Microsoft Windows 10.0.22621)",
        "x-ms-client-request-id": "e56759907efb0028c46f156b63c9a7eb",
        "x-ms-return-client-request-id": "true"
      },
      "RequestBody": null,
      "StatusCode": 200,
      "ResponseHeaders": {
        "Cache-Control": "no-cache",
        "Content-Length": "313",
        "Content-Type": "application/json; charset=utf-8",
        "Date": "Wed, 05 Jul 2023 07:29:53 GMT",
        "Expires": "-1",
        "Pragma": "no-cache",
        "Server": "Kestrel",
        "Strict-Transport-Security": "max-age=31536000; includeSubDomains",
        "X-Content-Type-Options": "nosniff",
        "x-ms-client-request-id": "e56759907efb0028c46f156b63c9a7eb",
        "x-ms-correlation-request-id": "8dfb5d5c-6904-42ad-8137-7b104030fed8",
        "x-ms-ratelimit-remaining-subscription-reads": "11983",
        "x-ms-request-id": "8cf0f0fa-0860-402a-82a8-bc457992db7d",
        "x-ms-routing-request-id": "SOUTHEASTASIA:20230705T072954Z:8dfb5d5c-6904-42ad-8137-7b104030fed8",
        "x-rp-server-mvid": "25fbacb8-aa51-4fb6-a4ee-6f8dc1bef62d"
      },
      "ResponseBody": {
        "id": "/subscriptions/db1ab6f0-4769-4b27-930e-01e2ef9c123c/resourceGroups/WebPubSubRG-5624/providers/Microsoft.SignalRService/WebPubSub/webpubsub-682/operationStatuses/2554079a-96fd-4de5-a323-c18b9ddba231",
        "name": "2554079a-96fd-4de5-a323-c18b9ddba231",
        "status": "Running",
        "startTime": "2023-07-05T07:29:51.393024Z"
      }
    },
    {
      "RequestUri": "https://management.azure.com/subscriptions/db1ab6f0-4769-4b27-930e-01e2ef9c123c/resourceGroups/WebPubSubRG-5624/providers/Microsoft.SignalRService/WebPubSub/webpubsub-682/operationStatuses/2554079a-96fd-4de5-a323-c18b9ddba231?api-version=2021-10-01",
      "RequestMethod": "GET",
      "RequestHeaders": {
        "Authorization": "Sanitized",
        "traceparent": "00-a728893d53f72b56412dc289ee9111b9-6716b392ae3bf4d8-00",
        "User-Agent": "azsdk-net-ResourceManager/1.6.0 (.NET 7.0.7; Microsoft Windows 10.0.22621)",
        "x-ms-client-request-id": "dd4ce147f58a6bbe287d72e4489adaa3",
        "x-ms-return-client-request-id": "true"
      },
      "RequestBody": null,
      "StatusCode": 200,
      "ResponseHeaders": {
        "Cache-Control": "no-cache",
        "Content-Length": "313",
        "Content-Type": "application/json; charset=utf-8",
        "Date": "Wed, 05 Jul 2023 07:29:55 GMT",
        "Expires": "-1",
        "Pragma": "no-cache",
        "Server": "Kestrel",
        "Strict-Transport-Security": "max-age=31536000; includeSubDomains",
        "X-Content-Type-Options": "nosniff",
        "x-ms-client-request-id": "dd4ce147f58a6bbe287d72e4489adaa3",
        "x-ms-correlation-request-id": "8881c117-f466-4778-a709-3e4da60ed58f",
        "x-ms-ratelimit-remaining-subscription-reads": "11982",
        "x-ms-request-id": "95b7e831-0493-429c-828e-32ca77f1011e",
        "x-ms-routing-request-id": "SOUTHEASTASIA:20230705T072955Z:8881c117-f466-4778-a709-3e4da60ed58f",
        "x-rp-server-mvid": "25fbacb8-aa51-4fb6-a4ee-6f8dc1bef62d"
      },
      "ResponseBody": {
        "id": "/subscriptions/db1ab6f0-4769-4b27-930e-01e2ef9c123c/resourceGroups/WebPubSubRG-5624/providers/Microsoft.SignalRService/WebPubSub/webpubsub-682/operationStatuses/2554079a-96fd-4de5-a323-c18b9ddba231",
        "name": "2554079a-96fd-4de5-a323-c18b9ddba231",
        "status": "Running",
        "startTime": "2023-07-05T07:29:51.393024Z"
      }
    },
    {
      "RequestUri": "https://management.azure.com/subscriptions/db1ab6f0-4769-4b27-930e-01e2ef9c123c/resourceGroups/WebPubSubRG-5624/providers/Microsoft.SignalRService/WebPubSub/webpubsub-682/operationStatuses/2554079a-96fd-4de5-a323-c18b9ddba231?api-version=2021-10-01",
      "RequestMethod": "GET",
      "RequestHeaders": {
        "Authorization": "Sanitized",
        "traceparent": "00-a728893d53f72b56412dc289ee9111b9-fbd9feed81b4cd79-00",
        "User-Agent": "azsdk-net-ResourceManager/1.6.0 (.NET 7.0.7; Microsoft Windows 10.0.22621)",
        "x-ms-client-request-id": "dd15f363a974e3639e87ef93baa0b29a",
        "x-ms-return-client-request-id": "true"
      },
      "RequestBody": null,
      "StatusCode": 200,
      "ResponseHeaders": {
        "Cache-Control": "no-cache",
        "Content-Length": "313",
        "Content-Type": "application/json; charset=utf-8",
        "Date": "Wed, 05 Jul 2023 07:29:56 GMT",
        "Expires": "-1",
        "Pragma": "no-cache",
        "Server": "Kestrel",
        "Strict-Transport-Security": "max-age=31536000; includeSubDomains",
        "X-Content-Type-Options": "nosniff",
        "x-ms-client-request-id": "dd15f363a974e3639e87ef93baa0b29a",
        "x-ms-correlation-request-id": "138866d1-9952-412a-a177-c2091d5bab47",
        "x-ms-ratelimit-remaining-subscription-reads": "11981",
        "x-ms-request-id": "e9f711b2-5b31-4f69-ae73-083b832c85bd",
        "x-ms-routing-request-id": "SOUTHEASTASIA:20230705T072957Z:138866d1-9952-412a-a177-c2091d5bab47",
        "x-rp-server-mvid": "25fbacb8-aa51-4fb6-a4ee-6f8dc1bef62d"
      },
      "ResponseBody": {
        "id": "/subscriptions/db1ab6f0-4769-4b27-930e-01e2ef9c123c/resourceGroups/WebPubSubRG-5624/providers/Microsoft.SignalRService/WebPubSub/webpubsub-682/operationStatuses/2554079a-96fd-4de5-a323-c18b9ddba231",
        "name": "2554079a-96fd-4de5-a323-c18b9ddba231",
        "status": "Running",
        "startTime": "2023-07-05T07:29:51.393024Z"
      }
    },
    {
      "RequestUri": "https://management.azure.com/subscriptions/db1ab6f0-4769-4b27-930e-01e2ef9c123c/resourceGroups/WebPubSubRG-5624/providers/Microsoft.SignalRService/WebPubSub/webpubsub-682/operationStatuses/2554079a-96fd-4de5-a323-c18b9ddba231?api-version=2021-10-01",
      "RequestMethod": "GET",
      "RequestHeaders": {
        "Authorization": "Sanitized",
        "traceparent": "00-a728893d53f72b56412dc289ee9111b9-439a32165cb4eea0-00",
        "User-Agent": "azsdk-net-ResourceManager/1.6.0 (.NET 7.0.7; Microsoft Windows 10.0.22621)",
        "x-ms-client-request-id": "dcdab708c3619b8d9bfcbc7d0b43b72a",
        "x-ms-return-client-request-id": "true"
      },
      "RequestBody": null,
      "StatusCode": 200,
      "ResponseHeaders": {
        "Cache-Control": "no-cache",
        "Content-Length": "313",
        "Content-Type": "application/json; charset=utf-8",
        "Date": "Wed, 05 Jul 2023 07:29:59 GMT",
        "Expires": "-1",
        "Pragma": "no-cache",
        "Server": "Kestrel",
        "Strict-Transport-Security": "max-age=31536000; includeSubDomains",
        "X-Content-Type-Options": "nosniff",
        "x-ms-client-request-id": "dcdab708c3619b8d9bfcbc7d0b43b72a",
        "x-ms-correlation-request-id": "4800adf4-5068-4328-947d-8abcf9bd0419",
        "x-ms-ratelimit-remaining-subscription-reads": "11980",
        "x-ms-request-id": "c50f6ab6-fc89-4e16-b12e-19eaf6c39d4b",
        "x-ms-routing-request-id": "SOUTHEASTASIA:20230705T072959Z:4800adf4-5068-4328-947d-8abcf9bd0419",
        "x-rp-server-mvid": "25fbacb8-aa51-4fb6-a4ee-6f8dc1bef62d"
      },
      "ResponseBody": {
        "id": "/subscriptions/db1ab6f0-4769-4b27-930e-01e2ef9c123c/resourceGroups/WebPubSubRG-5624/providers/Microsoft.SignalRService/WebPubSub/webpubsub-682/operationStatuses/2554079a-96fd-4de5-a323-c18b9ddba231",
        "name": "2554079a-96fd-4de5-a323-c18b9ddba231",
        "status": "Running",
        "startTime": "2023-07-05T07:29:51.393024Z"
      }
    },
    {
      "RequestUri": "https://management.azure.com/subscriptions/db1ab6f0-4769-4b27-930e-01e2ef9c123c/resourceGroups/WebPubSubRG-5624/providers/Microsoft.SignalRService/WebPubSub/webpubsub-682/operationStatuses/2554079a-96fd-4de5-a323-c18b9ddba231?api-version=2021-10-01",
      "RequestMethod": "GET",
      "RequestHeaders": {
        "Authorization": "Sanitized",
        "traceparent": "00-a728893d53f72b56412dc289ee9111b9-bd97159c53d4eddd-00",
        "User-Agent": "azsdk-net-ResourceManager/1.6.0 (.NET 7.0.7; Microsoft Windows 10.0.22621)",
        "x-ms-client-request-id": "70077195cab49e777e683e02062ab187",
        "x-ms-return-client-request-id": "true"
      },
      "RequestBody": null,
      "StatusCode": 200,
      "ResponseHeaders": {
        "Cache-Control": "no-cache",
        "Content-Length": "313",
        "Content-Type": "application/json; charset=utf-8",
        "Date": "Wed, 05 Jul 2023 07:30:03 GMT",
        "Expires": "-1",
        "Pragma": "no-cache",
        "Server": "Kestrel",
        "Strict-Transport-Security": "max-age=31536000; includeSubDomains",
        "X-Content-Type-Options": "nosniff",
        "x-ms-client-request-id": "70077195cab49e777e683e02062ab187",
        "x-ms-correlation-request-id": "4caeebbe-a841-4d3d-8a77-b13a9f7f411d",
        "x-ms-ratelimit-remaining-subscription-reads": "11979",
        "x-ms-request-id": "1780540f-5397-44d9-a82d-066e656cc320",
        "x-ms-routing-request-id": "SOUTHEASTASIA:20230705T073004Z:4caeebbe-a841-4d3d-8a77-b13a9f7f411d",
        "x-rp-server-mvid": "25fbacb8-aa51-4fb6-a4ee-6f8dc1bef62d"
      },
      "ResponseBody": {
        "id": "/subscriptions/db1ab6f0-4769-4b27-930e-01e2ef9c123c/resourceGroups/WebPubSubRG-5624/providers/Microsoft.SignalRService/WebPubSub/webpubsub-682/operationStatuses/2554079a-96fd-4de5-a323-c18b9ddba231",
        "name": "2554079a-96fd-4de5-a323-c18b9ddba231",
        "status": "Running",
        "startTime": "2023-07-05T07:29:51.393024Z"
      }
    },
    {
      "RequestUri": "https://management.azure.com/subscriptions/db1ab6f0-4769-4b27-930e-01e2ef9c123c/resourceGroups/WebPubSubRG-5624/providers/Microsoft.SignalRService/WebPubSub/webpubsub-682/operationStatuses/2554079a-96fd-4de5-a323-c18b9ddba231?api-version=2021-10-01",
      "RequestMethod": "GET",
      "RequestHeaders": {
        "Authorization": "Sanitized",
        "traceparent": "00-a728893d53f72b56412dc289ee9111b9-242ff81b7d557d84-00",
        "User-Agent": "azsdk-net-ResourceManager/1.6.0 (.NET 7.0.7; Microsoft Windows 10.0.22621)",
        "x-ms-client-request-id": "91dcd8cbfebfa04265794177ece5d75b",
        "x-ms-return-client-request-id": "true"
      },
      "RequestBody": null,
      "StatusCode": 200,
      "ResponseHeaders": {
        "Cache-Control": "no-cache",
        "Content-Length": "313",
        "Content-Type": "application/json; charset=utf-8",
        "Date": "Wed, 05 Jul 2023 07:30:11 GMT",
        "Expires": "-1",
        "Pragma": "no-cache",
        "Server": "Kestrel",
        "Strict-Transport-Security": "max-age=31536000; includeSubDomains",
        "X-Content-Type-Options": "nosniff",
        "x-ms-client-request-id": "91dcd8cbfebfa04265794177ece5d75b",
        "x-ms-correlation-request-id": "e0923bab-365a-4ab9-ac38-8b2e26061bf6",
        "x-ms-ratelimit-remaining-subscription-reads": "11978",
        "x-ms-request-id": "cc23b652-5dc6-4636-8b01-ae4cb9384fbc",
        "x-ms-routing-request-id": "SOUTHEASTASIA:20230705T073012Z:e0923bab-365a-4ab9-ac38-8b2e26061bf6",
        "x-rp-server-mvid": "25fbacb8-aa51-4fb6-a4ee-6f8dc1bef62d"
      },
      "ResponseBody": {
        "id": "/subscriptions/db1ab6f0-4769-4b27-930e-01e2ef9c123c/resourceGroups/WebPubSubRG-5624/providers/Microsoft.SignalRService/WebPubSub/webpubsub-682/operationStatuses/2554079a-96fd-4de5-a323-c18b9ddba231",
        "name": "2554079a-96fd-4de5-a323-c18b9ddba231",
        "status": "Running",
        "startTime": "2023-07-05T07:29:51.393024Z"
      }
    },
    {
      "RequestUri": "https://management.azure.com/subscriptions/db1ab6f0-4769-4b27-930e-01e2ef9c123c/resourceGroups/WebPubSubRG-5624/providers/Microsoft.SignalRService/WebPubSub/webpubsub-682/operationStatuses/2554079a-96fd-4de5-a323-c18b9ddba231?api-version=2021-10-01",
      "RequestMethod": "GET",
      "RequestHeaders": {
        "Authorization": "Sanitized",
        "traceparent": "00-a728893d53f72b56412dc289ee9111b9-f5a450de00e475f4-00",
        "User-Agent": "azsdk-net-ResourceManager/1.6.0 (.NET 7.0.7; Microsoft Windows 10.0.22621)",
        "x-ms-client-request-id": "48fec4d042993ee5403c5ef8848b9471",
        "x-ms-return-client-request-id": "true"
      },
      "RequestBody": null,
      "StatusCode": 200,
      "ResponseHeaders": {
        "Cache-Control": "no-cache",
        "Content-Length": "313",
        "Content-Type": "application/json; charset=utf-8",
        "Date": "Wed, 05 Jul 2023 07:30:29 GMT",
        "Expires": "-1",
        "Pragma": "no-cache",
        "Server": "Kestrel",
        "Strict-Transport-Security": "max-age=31536000; includeSubDomains",
        "X-Content-Type-Options": "nosniff",
        "x-ms-client-request-id": "48fec4d042993ee5403c5ef8848b9471",
        "x-ms-correlation-request-id": "ab20982a-8502-4ccf-bec5-c187dc37f71f",
        "x-ms-ratelimit-remaining-subscription-reads": "11977",
        "x-ms-request-id": "09e7e584-03f5-4dcb-9a84-ff64bb11f456",
        "x-ms-routing-request-id": "SOUTHEASTASIA:20230705T073029Z:ab20982a-8502-4ccf-bec5-c187dc37f71f",
        "x-rp-server-mvid": "25fbacb8-aa51-4fb6-a4ee-6f8dc1bef62d"
      },
      "ResponseBody": {
        "id": "/subscriptions/db1ab6f0-4769-4b27-930e-01e2ef9c123c/resourceGroups/WebPubSubRG-5624/providers/Microsoft.SignalRService/WebPubSub/webpubsub-682/operationStatuses/2554079a-96fd-4de5-a323-c18b9ddba231",
        "name": "2554079a-96fd-4de5-a323-c18b9ddba231",
        "status": "Running",
        "startTime": "2023-07-05T07:29:51.393024Z"
      }
    },
    {
      "RequestUri": "https://management.azure.com/subscriptions/db1ab6f0-4769-4b27-930e-01e2ef9c123c/resourceGroups/WebPubSubRG-5624/providers/Microsoft.SignalRService/WebPubSub/webpubsub-682/operationStatuses/2554079a-96fd-4de5-a323-c18b9ddba231?api-version=2021-10-01",
      "RequestMethod": "GET",
      "RequestHeaders": {
        "Authorization": "Sanitized",
        "traceparent": "00-a728893d53f72b56412dc289ee9111b9-7ae0dd5d6a5d62b7-00",
        "User-Agent": "azsdk-net-ResourceManager/1.6.0 (.NET 7.0.7; Microsoft Windows 10.0.22621)",
        "x-ms-client-request-id": "33b2344b2666976a2f670a3b88ffb198",
        "x-ms-return-client-request-id": "true"
      },
      "RequestBody": null,
      "StatusCode": 200,
      "ResponseHeaders": {
        "Cache-Control": "no-cache",
        "Content-Length": "356",
        "Content-Type": "application/json; charset=utf-8",
        "Date": "Wed, 05 Jul 2023 07:31:00 GMT",
        "Expires": "-1",
        "Pragma": "no-cache",
        "Server": "Kestrel",
        "Strict-Transport-Security": "max-age=31536000; includeSubDomains",
        "X-Content-Type-Options": "nosniff",
        "x-ms-client-request-id": "33b2344b2666976a2f670a3b88ffb198",
        "x-ms-correlation-request-id": "26648de0-8bf5-43b4-9fa4-555130559e31",
        "x-ms-ratelimit-remaining-subscription-reads": "11976",
        "x-ms-request-id": "ed0eaa44-afa5-4f71-a15d-f07265b56cb5",
        "x-ms-routing-request-id": "SOUTHEASTASIA:20230705T073101Z:26648de0-8bf5-43b4-9fa4-555130559e31",
        "x-rp-server-mvid": "25fbacb8-aa51-4fb6-a4ee-6f8dc1bef62d"
      },
      "ResponseBody": {
        "id": "/subscriptions/db1ab6f0-4769-4b27-930e-01e2ef9c123c/resourceGroups/WebPubSubRG-5624/providers/Microsoft.SignalRService/WebPubSub/webpubsub-682/operationStatuses/2554079a-96fd-4de5-a323-c18b9ddba231",
        "name": "2554079a-96fd-4de5-a323-c18b9ddba231",
        "status": "Succeeded",
        "startTime": "2023-07-05T07:29:51.393024Z",
        "endTime": "2023-07-05T07:30:51.9036079Z"
      }
    },
    {
      "RequestUri": "https://management.azure.com/subscriptions/db1ab6f0-4769-4b27-930e-01e2ef9c123c/resourceGroups/WebPubSubRG-5624/providers/Microsoft.SignalRService/webPubSub/webpubsub-682?api-version=2021-10-01",
      "RequestMethod": "GET",
      "RequestHeaders": {
        "Authorization": "Sanitized",
        "traceparent": "00-a728893d53f72b56412dc289ee9111b9-199e055da282672b-00",
        "User-Agent": "azsdk-net-ResourceManager/1.6.0 (.NET 7.0.7; Microsoft Windows 10.0.22621)",
        "x-ms-client-request-id": "4131e390682b88eef29d5083a0491bd9",
        "x-ms-return-client-request-id": "true"
      },
      "RequestBody": null,
      "StatusCode": 200,
      "ResponseHeaders": {
        "Cache-Control": "no-cache",
        "Content-Length": "1272",
        "Content-Type": "application/json; charset=utf-8",
        "Date": "Wed, 05 Jul 2023 07:31:01 GMT",
        "Expires": "-1",
        "Pragma": "no-cache",
        "Server": "Kestrel",
        "Strict-Transport-Security": "max-age=31536000; includeSubDomains",
        "X-Content-Type-Options": "nosniff",
        "x-ms-client-request-id": "4131e390682b88eef29d5083a0491bd9",
        "x-ms-correlation-request-id": "c80bba57-8158-4699-b898-e804a0fa2176",
        "x-ms-ratelimit-remaining-subscription-reads": "11975",
        "x-ms-request-id": "a35cb5a4-b298-46e0-a7c4-ef98130a2e68",
        "x-ms-routing-request-id": "SOUTHEASTASIA:20230705T073102Z:c80bba57-8158-4699-b898-e804a0fa2176",
        "x-rp-server-mvid": "25fbacb8-aa51-4fb6-a4ee-6f8dc1bef62d"
      },
      "ResponseBody": {
        "sku": {
          "name": "Standard_S1",
          "tier": "Standard",
          "size": "S1",
          "capacity": 1
        },
        "properties": {
          "provisioningState": "Succeeded",
          "externalIP": "20.51.13.63",
          "hostName": "webpubsub-682.webpubsub.azure.com",
          "publicPort": 443,
          "serverPort": 443,
          "version": "1.0",
          "privateEndpointConnections": [],
          "sharedPrivateLinkResources": [],
          "tls": {
            "clientCertEnabled": false
          },
          "hostNamePrefix": "webpubsub-682",
          "liveTraceConfiguration": {
            "enabled": "true",
            "categories": [
              {
                "name": "category-01",
                "enabled": "true"
              }
            ]
          },
          "resourceLogConfiguration": {
            "categories": [
              {
                "name": "category1",
                "enabled": "false"
              }
            ]
          },
          "networkACLs": {
            "defaultAction": "Deny",
            "publicNetwork": {
              "allow": [],
              "deny": [
                "RESTAPI"
              ]
            },
            "privateEndpoints": []
          },
          "publicNetworkAccess": "Enabled",
          "disableLocalAuth": false,
          "disableAadAuth": false
        },
        "location": "westus2",
        "tags": {},
        "id": "/subscriptions/db1ab6f0-4769-4b27-930e-01e2ef9c123c/resourceGroups/WebPubSubRG-5624/providers/Microsoft.SignalRService/WebPubSub/webpubsub-682",
        "name": "webpubsub-682",
        "type": "Microsoft.SignalRService/WebPubSub",
        "systemData": {
          "createdBy": "8e6d47e0-7969-4fde-a62c-4fea4f165e98",
          "createdByType": "Application",
          "createdAt": "2023-07-05T07:29:50.3297577Z",
          "lastModifiedBy": "8e6d47e0-7969-4fde-a62c-4fea4f165e98",
          "lastModifiedByType": "Application",
          "lastModifiedAt": "2023-07-05T07:29:50.3297577Z"
        }
      }
    },
    {
      "RequestUri": "https://management.azure.com/subscriptions/db1ab6f0-4769-4b27-930e-01e2ef9c123c/resourceGroups/WebPubSubRG-5624/providers/Microsoft.SignalRService/webPubSub?api-version=2021-10-01",
      "RequestMethod": "GET",
      "RequestHeaders": {
        "Accept": "application/json",
        "Authorization": "Sanitized",
        "User-Agent": "azsdk-net-ResourceManager.WebPubSub/1.1.0-alpha.20230704.1 (.NET 7.0.7; Microsoft Windows 10.0.22621)",
        "x-ms-client-request-id": "b72cd0e4a432aaf45967183138aab640",
        "x-ms-return-client-request-id": "true"
      },
      "RequestBody": null,
      "StatusCode": 200,
      "ResponseHeaders": {
        "Cache-Control": "no-cache",
        "Content-Length": "1284",
        "Content-Type": "application/json; charset=utf-8",
        "Date": "Wed, 05 Jul 2023 07:31:01 GMT",
        "Expires": "-1",
        "Pragma": "no-cache",
        "Server": "Kestrel",
        "Strict-Transport-Security": "max-age=31536000; includeSubDomains",
        "X-Content-Type-Options": "nosniff",
        "x-ms-client-request-id": "b72cd0e4a432aaf45967183138aab640",
        "x-ms-correlation-request-id": "ad980b89-7db5-4a05-8f89-13de738127af",
        "x-ms-ratelimit-remaining-subscription-reads": "11974",
        "x-ms-request-id": "e1c9bc71-9f14-44e6-99d7-61bae8f22cfc",
        "x-ms-routing-request-id": "SOUTHEASTASIA:20230705T073102Z:ad980b89-7db5-4a05-8f89-13de738127af",
        "x-rp-server-mvid": "25fbacb8-aa51-4fb6-a4ee-6f8dc1bef62d"
      },
      "ResponseBody": {
        "value": [
          {
            "sku": {
              "name": "Standard_S1",
              "tier": "Standard",
              "size": "S1",
              "capacity": 1
            },
            "properties": {
              "provisioningState": "Succeeded",
              "externalIP": "20.51.13.63",
              "hostName": "webpubsub-682.webpubsub.azure.com",
              "publicPort": 443,
              "serverPort": 443,
              "version": "1.0",
              "privateEndpointConnections": [],
              "sharedPrivateLinkResources": [],
              "tls": {
                "clientCertEnabled": false
              },
              "hostNamePrefix": "webpubsub-682",
              "liveTraceConfiguration": {
                "enabled": "true",
                "categories": [
                  {
                    "name": "category-01",
                    "enabled": "true"
                  }
                ]
              },
              "resourceLogConfiguration": {
                "categories": [
                  {
                    "name": "category1",
                    "enabled": "false"
                  }
                ]
              },
              "networkACLs": {
                "defaultAction": "Deny",
                "publicNetwork": {
                  "allow": [],
                  "deny": [
                    "RESTAPI"
                  ]
                },
                "privateEndpoints": []
              },
              "publicNetworkAccess": "Enabled",
              "disableLocalAuth": false,
              "disableAadAuth": false
            },
            "location": "westus2",
            "tags": {},
            "id": "/subscriptions/db1ab6f0-4769-4b27-930e-01e2ef9c123c/resourceGroups/WebPubSubRG-5624/providers/Microsoft.SignalRService/WebPubSub/webpubsub-682",
            "name": "webpubsub-682",
            "type": "Microsoft.SignalRService/WebPubSub",
            "systemData": {
              "createdBy": "8e6d47e0-7969-4fde-a62c-4fea4f165e98",
              "createdByType": "Application",
              "createdAt": "2023-07-05T07:29:50.3297577Z",
              "lastModifiedBy": "8e6d47e0-7969-4fde-a62c-4fea4f165e98",
              "lastModifiedByType": "Application",
              "lastModifiedAt": "2023-07-05T07:29:50.3297577Z"
            }
          }
        ]
      }
    },
    {
      "RequestUri": "https://management.azure.com/subscriptions/db1ab6f0-4769-4b27-930e-01e2ef9c123c/resourceGroups/WebPubSubRG-5624/providers/Microsoft.SignalRService/webPubSub/webpubsub-682?api-version=2021-10-01",
      "RequestMethod": "DELETE",
      "RequestHeaders": {
        "Accept": "application/json",
        "Authorization": "Sanitized",
        "traceparent": "00-a5c877fb9c8cede4342a10db6751b822-5a6e3cee26908fbd-00",
        "User-Agent": "azsdk-net-ResourceManager.WebPubSub/1.1.0-alpha.20230704.1 (.NET 7.0.7; Microsoft Windows 10.0.22621)",
        "x-ms-client-request-id": "a068c58a535ae245452a41c9d5e7f6e6",
        "x-ms-return-client-request-id": "true"
      },
      "RequestBody": null,
      "StatusCode": 204,
      "ResponseHeaders": {
        "Cache-Control": "no-cache",
        "Date": "Wed, 05 Jul 2023 07:31:04 GMT",
        "Expires": "-1",
        "Pragma": "no-cache",
        "Server": "Kestrel",
        "Strict-Transport-Security": "max-age=31536000; includeSubDomains",
        "X-Content-Type-Options": "nosniff",
        "x-ms-client-request-id": "a068c58a535ae245452a41c9d5e7f6e6",
        "x-ms-correlation-request-id": "80032e9d-e273-4608-b7a8-1e774c20f880",
        "x-ms-ratelimit-remaining-subscription-deletes": "14998",
        "x-ms-request-id": "473859ad-48fb-4666-9150-fb6f72236fc5",
        "x-ms-routing-request-id": "SOUTHEASTASIA:20230705T073105Z:80032e9d-e273-4608-b7a8-1e774c20f880",
        "x-rp-server-mvid": "25fbacb8-aa51-4fb6-a4ee-6f8dc1bef62d"
      },
      "ResponseBody": null
    }
  ],
  "Variables": {
    "AZURE_AUTHORITY_HOST": "https://login.microsoftonline.com",
    "RandomSeed": "1697284550",
    "RESOURCE_MANAGER_URL": null,
    "SUBSCRIPTION_ID": "db1ab6f0-4769-4b27-930e-01e2ef9c123c"
  }
}
