{
  "Entries": [
    {
      "RequestUri": "https://rgjoncardekv318.vault.azure.net/keys/1658668502/create?api-version=7.6-preview.2",
      "RequestMethod": "POST",
      "RequestHeaders": {
        "Accept": "application/json",
        "Content-Length": "0",
        "traceparent": "00-35703087ecf897baa5315e67c8286924-ec824e18710c0757-00",
        "User-Agent": "azsdk-net-Security.KeyVault.Keys/4.8.0-alpha.20250324.1 (.NET Framework 4.8.9290.0; Microsoft Windows 10.0.26100 )",
        "x-ms-client-request-id": "Sanitized",
        "x-ms-return-client-request-id": "true"
      },
      "RequestBody": null,
      "StatusCode": 401,
      "ResponseHeaders": {
        "Cache-Control": "no-cache",
        "Content-Length": "97",
        "Content-Type": "application/json; charset=utf-8",
        "Date": "Tue, 25 Mar 2025 19:25:05 GMT",
        "Expires": "-1",
        "Pragma": "no-cache",
        "Strict-Transport-Security": "max-age=31536000;includeSubDomains",
        "WWW-Authenticate": "Bearer authorization=\"https://login.microsoftonline.com/70a036f6-8e4d-4615-bad6-149c02e7720d\", resource=\"https://vault.azure.net\"",
        "X-Content-Type-Options": "nosniff",
        "x-ms-client-request-id": "Sanitized",
        "x-ms-keyvault-network-info": "conn_type=Ipv4;addr=131.107.159.78;act_addr_fam=InterNetwork;",
        "x-ms-keyvault-region": "uksouth",
        "x-ms-keyvault-service-version": "1.9.2228.1",
        "x-ms-request-id": "6896dcf9-0341-4940-87d0-0cb8ee1dbaf9"
      },
      "ResponseBody": {
        "error": {
          "code": "Unauthorized",
          "message": "AKV10000: Request is missing a Bearer or PoP token."
        }
      }
    },
    {
      "RequestUri": "https://rgjoncardekv318.vault.azure.net/keys/1658668502/create?api-version=7.6-preview.2",
      "RequestMethod": "POST",
      "RequestHeaders": {
        "Accept": "application/json",
        "Authorization": "Sanitized",
        "Content-Length": "26",
        "Content-Type": "application/json",
        "traceparent": "00-35703087ecf897baa5315e67c8286924-ec824e18710c0757-00",
        "User-Agent": "azsdk-net-Security.KeyVault.Keys/4.8.0-alpha.20250324.1 (.NET Framework 4.8.9290.0; Microsoft Windows 10.0.26100 )",
        "x-ms-client-request-id": "Sanitized",
        "x-ms-return-client-request-id": "true"
      },
      "RequestBody": {
        "kty": "EC",
        "crv": "P-521"
      },
      "StatusCode": 200,
      "ResponseHeaders": {
        "Cache-Control": "no-cache",
        "Content-Length": "528",
        "Content-Type": "application/json; charset=utf-8",
        "Date": "Tue, 25 Mar 2025 19:25:14 GMT",
        "Expires": "-1",
        "Pragma": "no-cache",
        "Strict-Transport-Security": "max-age=31536000;includeSubDomains",
        "X-Content-Type-Options": "nosniff",
        "x-ms-client-request-id": "Sanitized",
        "x-ms-keyvault-network-info": "conn_type=Ipv4;addr=131.107.159.78;act_addr_fam=InterNetwork;",
        "x-ms-keyvault-rbac-assignment-id": "51713a6279975a008ee1cc332762ac3b",
        "x-ms-keyvault-region": "uksouth",
        "x-ms-keyvault-service-version": "1.9.2228.1",
        "x-ms-request-id": "a4e9ecdc-57a2-46ab-b86e-bb229e031c7b"
      },
      "ResponseBody": {
        "key": {
          "kid": "https://rgjoncardekv318.vault.azure.net/keys/1658668502/13577e6d22994c0a9fe6f3e649cbeaa2",
          "kty": "EC",
          "key_ops": [
            "sign",
            "verify"
          ],
          "crv": "P-521",
          "x": "AX7IN9RcisKEuYYuiFdxBYzzDqhTCki-L18kOELr04xI-bvcEXJBd6gMI1K6wfnlMNvMlrshxFMkFl5kz6eGR1bR",
          "y": "ASO-0NL9KDs681c5rBIk2a0EXmMmh5QVeyXF15e5lVWQCHce60VPx7nPB1vdPKiqQRz-D6gPeJutiQYrTBHDdvjY"
        },
        "attributes": {
          "enabled": true,
          "created": 1742930714,
          "updated": 1742930714,
          "recoveryLevel": "CustomizedRecoverable+Purgeable",
          "recoverableDays": 7,
          "exportable": false,
          "hsmPlatform": "0"
        }
      }
    },
    {
      "RequestUri": "https://rgjoncardekv318.vault.azure.net/keys/1658668502/?api-version=7.6-preview.2",
      "RequestMethod": "GET",
      "RequestHeaders": {
        "Accept": "application/json",
        "Authorization": "Sanitized",
        "traceparent": "00-4eea852945673e81b776c87368efc1ce-e4d83291c552647f-00",
        "User-Agent": "azsdk-net-Security.KeyVault.Keys/4.8.0-alpha.20250324.1 (.NET Framework 4.8.9290.0; Microsoft Windows 10.0.26100 )",
        "x-ms-client-request-id": "Sanitized",
        "x-ms-return-client-request-id": "true"
      },
      "RequestBody": null,
      "StatusCode": 200,
      "ResponseHeaders": {
        "Cache-Control": "no-cache",
        "Content-Length": "528",
        "Content-Type": "application/json; charset=utf-8",
        "Date": "Tue, 25 Mar 2025 19:25:14 GMT",
        "Expires": "-1",
        "Pragma": "no-cache",
        "Strict-Transport-Security": "max-age=31536000;includeSubDomains",
        "X-Content-Type-Options": "nosniff",
        "x-ms-client-request-id": "Sanitized",
        "x-ms-keyvault-network-info": "conn_type=Ipv4;addr=131.107.159.78;act_addr_fam=InterNetwork;",
        "x-ms-keyvault-rbac-assignment-id": "51713a6279975a008ee1cc332762ac3b",
        "x-ms-keyvault-region": "uksouth",
        "x-ms-keyvault-service-version": "1.9.2228.1",
        "x-ms-request-id": "7a59b914-45f1-4b06-ba22-d566ed78e228"
      },
      "ResponseBody": {
        "key": {
          "kid": "https://rgjoncardekv318.vault.azure.net/keys/1658668502/13577e6d22994c0a9fe6f3e649cbeaa2",
          "kty": "EC",
          "key_ops": [
            "sign",
            "verify"
          ],
          "crv": "P-521",
          "x": "AX7IN9RcisKEuYYuiFdxBYzzDqhTCki-L18kOELr04xI-bvcEXJBd6gMI1K6wfnlMNvMlrshxFMkFl5kz6eGR1bR",
          "y": "ASO-0NL9KDs681c5rBIk2a0EXmMmh5QVeyXF15e5lVWQCHce60VPx7nPB1vdPKiqQRz-D6gPeJutiQYrTBHDdvjY"
        },
        "attributes": {
          "enabled": true,
          "created": 1742930714,
          "updated": 1742930714,
          "recoveryLevel": "CustomizedRecoverable+Purgeable",
          "recoverableDays": 7,
          "exportable": false,
          "hsmPlatform": "0"
        }
      }
    }
  ],
  "Variables": {
    "AZURE_KEYVAULT_URL": "https://rgjoncardekv318.vault.azure.net/",
    "RandomSeed": "15770149"
  }
}
