{
  "Entries": [
    {
      "RequestUri": "https://rgjoncardekvv76.vault.azure.net/keys/5761868970/create?api-version=7.6",
      "RequestMethod": "POST",
      "RequestHeaders": {
        "Accept": "application/json",
        "Content-Length": "0",
        "traceparent": "00-045a574fcf4984a9786a8cc109dcc954-00f2d88c8697d786-00",
        "User-Agent": "azsdk-net-Security.KeyVault.Keys/4.8.0-alpha.20250624.1 (.NET 9.0.6; Microsoft Windows 10.0.26100)",
        "x-ms-client-request-id": "Sanitized",
        "x-ms-return-client-request-id": "true"
      },
      "RequestBody": null,
      "StatusCode": 401,
      "ResponseHeaders": {
        "Cache-Control": "no-cache",
        "Content-Length": "97",
        "Content-Type": "application/json; charset=utf-8",
        "Date": "Tue, 24 Jun 2025 10:43:43 GMT",
        "Expires": "-1",
        "Pragma": "no-cache",
        "Strict-Transport-Security": "max-age=31536000;includeSubDomains",
        "WWW-Authenticate": "Bearer authorization=\"https://login.microsoftonline.com/70a036f6-8e4d-4615-bad6-149c02e7720d\", resource=\"https://vault.azure.net\"",
        "X-Content-Type-Options": "nosniff",
        "x-ms-client-request-id": "Sanitized",
        "x-ms-keyvault-network-info": "conn_type=Ipv4;addr=50.175.105.250;act_addr_fam=InterNetwork;",
        "x-ms-keyvault-region": "uksouth",
        "x-ms-keyvault-service-version": "1.9.2497.1",
        "x-ms-request-id": "e5cefaf4-5cc0-47ea-a8ec-8c1a4eb99ac9"
      },
      "ResponseBody": {
        "error": {
          "code": "Unauthorized",
          "message": "AKV10000: Request is missing a Bearer or PoP token."
        }
      }
    },
    {
      "RequestUri": "https://rgjoncardekvv76.vault.azure.net/keys/5761868970/create?api-version=7.6",
      "RequestMethod": "POST",
      "RequestHeaders": {
        "Accept": "application/json",
        "Authorization": "Sanitized",
        "Content-Length": "12",
        "Content-Type": "application/json",
        "traceparent": "00-045a574fcf4984a9786a8cc109dcc954-00f2d88c8697d786-00",
        "User-Agent": "azsdk-net-Security.KeyVault.Keys/4.8.0-alpha.20250624.1 (.NET 9.0.6; Microsoft Windows 10.0.26100)",
        "x-ms-client-request-id": "Sanitized",
        "x-ms-return-client-request-id": "true"
      },
      "RequestBody": {
        "kty": "EC"
      },
      "StatusCode": 200,
      "ResponseHeaders": {
        "Cache-Control": "no-cache",
        "Content-Length": "438",
        "Content-Type": "application/json; charset=utf-8",
        "Date": "Tue, 24 Jun 2025 10:43:50 GMT",
        "Expires": "-1",
        "Pragma": "no-cache",
        "Strict-Transport-Security": "max-age=31536000;includeSubDomains",
        "X-Content-Type-Options": "nosniff",
        "x-ms-client-request-id": "Sanitized",
        "x-ms-keyvault-network-info": "conn_type=Ipv4;addr=50.175.105.250;act_addr_fam=InterNetwork;",
        "x-ms-keyvault-rbac-assignment-id": "807e5a6370bf5a8fb08644fa8774dd23",
        "x-ms-keyvault-region": "uksouth",
        "x-ms-keyvault-service-version": "1.9.2497.1",
        "x-ms-request-id": "baa396c9-08d9-4fb3-a219-b87219584a6e"
      },
      "ResponseBody": {
        "key": {
          "kid": "https://rgjoncardekvv76.vault.azure.net/keys/5761868970/39abbb543b91445fb111b39c179dfa65",
          "kty": "EC",
          "key_ops": [
            "sign",
            "verify"
          ],
          "crv": "P-256",
          "x": "-844_HQJRmqIoXImvdnLFSy5X7Jjq_bBeh2k_vw8yxY",
          "y": "DwCzPtY6ACXS_U00XoEHpN7D_16nDg6vdTBW6FRJJOE"
        },
        "attributes": {
          "enabled": true,
          "created": 1750761830,
          "updated": 1750761830,
          "recoveryLevel": "CustomizedRecoverable+Purgeable",
          "recoverableDays": 7,
          "exportable": false,
          "hsmPlatform": "0"
        }
      }
    },
    {
      "RequestUri": "https://rgjoncardekvv76.vault.azure.net/keys/5761868970?api-version=7.6",
      "RequestMethod": "DELETE",
      "RequestHeaders": {
        "Accept": "application/json",
        "Authorization": "Sanitized",
        "traceparent": "00-64d682f90e3ab8564d0bf0af9114166b-25913c815a0d5af1-00",
        "User-Agent": "azsdk-net-Security.KeyVault.Keys/4.8.0-alpha.20250624.1 (.NET 9.0.6; Microsoft Windows 10.0.26100)",
        "x-ms-client-request-id": "Sanitized",
        "x-ms-return-client-request-id": "true"
      },
      "RequestBody": null,
      "StatusCode": 200,
      "ResponseHeaders": {
        "Cache-Control": "no-cache",
        "Content-Length": "573",
        "Content-Type": "application/json; charset=utf-8",
        "Date": "Tue, 24 Jun 2025 10:43:50 GMT",
        "Expires": "-1",
        "Pragma": "no-cache",
        "Strict-Transport-Security": "max-age=31536000;includeSubDomains",
        "X-Content-Type-Options": "nosniff",
        "x-ms-client-request-id": "Sanitized",
        "x-ms-keyvault-network-info": "conn_type=Ipv4;addr=50.175.105.250;act_addr_fam=InterNetwork;",
        "x-ms-keyvault-rbac-assignment-id": "807e5a6370bf5a8fb08644fa8774dd23",
        "x-ms-keyvault-region": "uksouth",
        "x-ms-keyvault-service-version": "1.9.2497.1",
        "x-ms-request-id": "d9d5b9f5-1f72-4db6-a603-4edabb67e749"
      },
      "ResponseBody": {
        "recoveryId": "https://rgjoncardekvv76.vault.azure.net/deletedkeys/5761868970",
        "deletedDate": 1750761830,
        "scheduledPurgeDate": 1751366630,
        "key": {
          "kid": "https://rgjoncardekvv76.vault.azure.net/keys/5761868970/39abbb543b91445fb111b39c179dfa65",
          "kty": "EC",
          "key_ops": [
            "sign",
            "verify"
          ],
          "crv": "P-256",
          "x": "-844_HQJRmqIoXImvdnLFSy5X7Jjq_bBeh2k_vw8yxY",
          "y": "DwCzPtY6ACXS_U00XoEHpN7D_16nDg6vdTBW6FRJJOE"
        },
        "attributes": {
          "enabled": true,
          "created": 1750761830,
          "updated": 1750761830,
          "recoveryLevel": "CustomizedRecoverable+Purgeable",
          "recoverableDays": 7,
          "exportable": false,
          "hsmPlatform": "0"
        }
      }
    },
    {
      "RequestUri": "https://rgjoncardekvv76.vault.azure.net/keys/5761868971/create?api-version=7.6",
      "RequestMethod": "POST",
      "RequestHeaders": {
        "Accept": "application/json",
        "Authorization": "Sanitized",
        "Content-Length": "12",
        "Content-Type": "application/json",
        "traceparent": "00-78d862e2addff0bfd87dbe3dfb4519d9-5a0a1c32a3c3d191-00",
        "User-Agent": "azsdk-net-Security.KeyVault.Keys/4.8.0-alpha.20250624.1 (.NET 9.0.6; Microsoft Windows 10.0.26100)",
        "x-ms-client-request-id": "Sanitized",
        "x-ms-return-client-request-id": "true"
      },
      "RequestBody": {
        "kty": "EC"
      },
      "StatusCode": 200,
      "ResponseHeaders": {
        "Cache-Control": "no-cache",
        "Content-Length": "438",
        "Content-Type": "application/json; charset=utf-8",
        "Date": "Tue, 24 Jun 2025 10:43:50 GMT",
        "Expires": "-1",
        "Pragma": "no-cache",
        "Strict-Transport-Security": "max-age=31536000;includeSubDomains",
        "X-Content-Type-Options": "nosniff",
        "x-ms-client-request-id": "Sanitized",
        "x-ms-keyvault-network-info": "conn_type=Ipv4;addr=50.175.105.250;act_addr_fam=InterNetwork;",
        "x-ms-keyvault-rbac-assignment-id": "807e5a6370bf5a8fb08644fa8774dd23",
        "x-ms-keyvault-region": "uksouth",
        "x-ms-keyvault-service-version": "1.9.2497.1",
        "x-ms-request-id": "6b862c6d-263a-4f3c-98d3-9c05b5f27050"
      },
      "ResponseBody": {
        "key": {
          "kid": "https://rgjoncardekvv76.vault.azure.net/keys/5761868971/68610ff624204c5ba03ac67d9a9c8d96",
          "kty": "EC",
          "key_ops": [
            "sign",
            "verify"
          ],
          "crv": "P-256",
          "x": "lUxSm5Txp_QnevET0vqQk32LLnAD301Z82bwLNkdB7w",
          "y": "GxUuwq6PFDOPjUuXX69McM4K87X-BuME-X8YCtJNFaY"
        },
        "attributes": {
          "enabled": true,
          "created": 1750761831,
          "updated": 1750761831,
          "recoveryLevel": "CustomizedRecoverable+Purgeable",
          "recoverableDays": 7,
          "exportable": false,
          "hsmPlatform": "0"
        }
      }
    },
    {
      "RequestUri": "https://rgjoncardekvv76.vault.azure.net/keys/5761868971?api-version=7.6",
      "RequestMethod": "DELETE",
      "RequestHeaders": {
        "Accept": "application/json",
        "Authorization": "Sanitized",
        "traceparent": "00-b68b599fc9396a34d11db38396aeabb9-becdd5d96a0b4582-00",
        "User-Agent": "azsdk-net-Security.KeyVault.Keys/4.8.0-alpha.20250624.1 (.NET 9.0.6; Microsoft Windows 10.0.26100)",
        "x-ms-client-request-id": "Sanitized",
        "x-ms-return-client-request-id": "true"
      },
      "RequestBody": null,
      "StatusCode": 200,
      "ResponseHeaders": {
        "Cache-Control": "no-cache",
        "Content-Length": "573",
        "Content-Type": "application/json; charset=utf-8",
        "Date": "Tue, 24 Jun 2025 10:43:50 GMT",
        "Expires": "-1",
        "Pragma": "no-cache",
        "Strict-Transport-Security": "max-age=31536000;includeSubDomains",
        "X-Content-Type-Options": "nosniff",
        "x-ms-client-request-id": "Sanitized",
        "x-ms-keyvault-network-info": "conn_type=Ipv4;addr=50.175.105.250;act_addr_fam=InterNetwork;",
        "x-ms-keyvault-rbac-assignment-id": "807e5a6370bf5a8fb08644fa8774dd23",
        "x-ms-keyvault-region": "uksouth",
        "x-ms-keyvault-service-version": "1.9.2497.1",
        "x-ms-request-id": "318ff484-d741-4a53-8d8b-4e25cf9de180"
      },
      "ResponseBody": {
        "recoveryId": "https://rgjoncardekvv76.vault.azure.net/deletedkeys/5761868971",
        "deletedDate": 1750761831,
        "scheduledPurgeDate": 1751366631,
        "key": {
          "kid": "https://rgjoncardekvv76.vault.azure.net/keys/5761868971/68610ff624204c5ba03ac67d9a9c8d96",
          "kty": "EC",
          "key_ops": [
            "sign",
            "verify"
          ],
          "crv": "P-256",
          "x": "lUxSm5Txp_QnevET0vqQk32LLnAD301Z82bwLNkdB7w",
          "y": "GxUuwq6PFDOPjUuXX69McM4K87X-BuME-X8YCtJNFaY"
        },
        "attributes": {
          "enabled": true,
          "created": 1750761831,
          "updated": 1750761831,
          "recoveryLevel": "CustomizedRecoverable+Purgeable",
          "recoverableDays": 7,
          "exportable": false,
          "hsmPlatform": "0"
        }
      }
    },
    {
      "RequestUri": "https://rgjoncardekvv76.vault.azure.net/deletedkeys/?api-version=7.6",
      "RequestMethod": "GET",
      "RequestHeaders": {
        "Accept": "application/json",
        "Authorization": "Sanitized",
        "traceparent": "00-9ac832fdbae6117b9a89284d1e468618-cec0e52dc0d37cc7-00",
        "User-Agent": "azsdk-net-Security.KeyVault.Keys/4.8.0-alpha.20250624.1 (.NET 9.0.6; Microsoft Windows 10.0.26100)",
        "x-ms-client-request-id": "Sanitized",
        "x-ms-return-client-request-id": "true"
      },
      "RequestBody": null,
      "StatusCode": 200,
      "ResponseHeaders": {
        "Cache-Control": "no-cache",
        "Content-Length": "5057",
        "Content-Type": "application/json; charset=utf-8",
        "Date": "Tue, 24 Jun 2025 10:43:56 GMT",
        "Expires": "-1",
        "Pragma": "no-cache",
        "Strict-Transport-Security": "max-age=31536000;includeSubDomains",
        "X-Content-Type-Options": "nosniff",
        "x-ms-client-request-id": "Sanitized",
        "x-ms-keyvault-network-info": "conn_type=Ipv4;addr=50.175.105.250;act_addr_fam=InterNetwork;",
        "x-ms-keyvault-rbac-assignment-id": "807e5a6370bf5a8fb08644fa8774dd23",
        "x-ms-keyvault-region": "uksouth",
        "x-ms-keyvault-service-version": "1.9.2497.1",
        "x-ms-request-id": "414b4568-b01c-4c1b-9776-5fac8cd296f4"
      },
      "ResponseBody": {
        "value": [
          {
            "recoveryId": "https://rgjoncardekvv76.vault.azure.net/deletedkeys/1036554846",
            "deletedDate": 1750760238,
            "scheduledPurgeDate": 1751365038,
            "kid": "https://rgjoncardekvv76.vault.azure.net/keys/1036554846",
            "attributes": {
              "enabled": true,
              "created": 1750760235,
              "updated": 1750760235,
              "recoveryLevel": "CustomizedRecoverable+Purgeable",
              "recoverableDays": 7,
              "exportable": false,
              "hsmPlatform": "0"
            }
          },
          {
            "recoveryId": "https://rgjoncardekvv76.vault.azure.net/deletedkeys/1050625196",
            "deletedDate": 1750760711,
            "scheduledPurgeDate": 1751365511,
            "kid": "https://rgjoncardekvv76.vault.azure.net/keys/1050625196",
            "attributes": {
              "enabled": true,
              "created": 1750760709,
              "updated": 1750760709,
              "recoveryLevel": "CustomizedRecoverable+Purgeable",
              "recoverableDays": 7,
              "exportable": false,
              "hsmPlatform": "0"
            }
          },
          {
            "recoveryId": "https://rgjoncardekvv76.vault.azure.net/deletedkeys/1057357284",
            "deletedDate": 1750760585,
            "scheduledPurgeDate": 1751365385,
            "kid": "https://rgjoncardekvv76.vault.azure.net/keys/1057357284",
            "attributes": {
              "enabled": true,
              "created": 1750760583,
              "updated": 1750760583,
              "recoveryLevel": "CustomizedRecoverable+Purgeable",
              "recoverableDays": 7,
              "exportable": false,
              "hsmPlatform": "0"
            }
          },
          {
            "recoveryId": "https://rgjoncardekvv76.vault.azure.net/deletedkeys/1057377258",
            "deletedDate": 1750760150,
            "scheduledPurgeDate": 1751364950,
            "kid": "https://rgjoncardekvv76.vault.azure.net/keys/1057377258",
            "attributes": {
              "enabled": true,
              "created": 1750760147,
              "updated": 1750760147,
              "recoveryLevel": "CustomizedRecoverable+Purgeable",
              "recoverableDays": 7,
              "exportable": false,
              "hsmPlatform": "0"
            }
          },
          {
            "recoveryId": "https://rgjoncardekvv76.vault.azure.net/deletedkeys/1094429282",
            "deletedDate": 1750760967,
            "scheduledPurgeDate": 1751365767,
            "kid": "https://rgjoncardekvv76.vault.azure.net/keys/1094429282",
            "attributes": {
              "enabled": true,
              "created": 1750760965,
              "updated": 1750760965,
              "recoveryLevel": "CustomizedRecoverable+Purgeable",
              "recoverableDays": 7,
              "exportable": false,
              "hsmPlatform": "0"
            }
          },
          {
            "recoveryId": "https://rgjoncardekvv76.vault.azure.net/deletedkeys/1124811276",
            "deletedDate": 1750760834,
            "scheduledPurgeDate": 1751365634,
            "kid": "https://rgjoncardekvv76.vault.azure.net/keys/1124811276",
            "attributes": {
              "enabled": true,
              "created": 1750760832,
              "updated": 1750760832,
              "recoveryLevel": "CustomizedRecoverable+Purgeable",
              "recoverableDays": 7,
              "exportable": false,
              "hsmPlatform": "0"
            }
          },
          {
            "recoveryId": "https://rgjoncardekvv76.vault.azure.net/deletedkeys/1127223929",
            "deletedDate": 1750760988,
            "scheduledPurgeDate": 1751365788,
            "kid": "https://rgjoncardekvv76.vault.azure.net/keys/1127223929",
            "attributes": {
              "enabled": true,
              "created": 1750760986,
              "updated": 1750760986,
              "recoveryLevel": "CustomizedRecoverable+Purgeable",
              "recoverableDays": 7,
              "exportable": false,
              "hsmPlatform": "0"
            }
          },
          {
            "recoveryId": "https://rgjoncardekvv76.vault.azure.net/deletedkeys/1131874964",
            "deletedDate": 1750761031,
            "scheduledPurgeDate": 1751365831,
            "kid": "https://rgjoncardekvv76.vault.azure.net/keys/1131874964",
            "attributes": {
              "enabled": true,
              "created": 1750761029,
              "updated": 1750761029,
              "recoveryLevel": "CustomizedRecoverable+Purgeable",
              "recoverableDays": 7,
              "exportable": false,
              "hsmPlatform": "0"
            }
          },
          {
            "recoveryId": "https://rgjoncardekvv76.vault.azure.net/deletedkeys/1168266838",
            "deletedDate": 1750761330,
            "scheduledPurgeDate": 1751366130,
            "kid": "https://rgjoncardekvv76.vault.azure.net/keys/1168266838",
            "attributes": {
              "enabled": true,
              "created": 1750761329,
              "updated": 1750761329,
              "recoveryLevel": "CustomizedRecoverable+Purgeable",
              "recoverableDays": 7,
              "exportable": false,
              "hsmPlatform": "0"
            }
          },
          {
            "recoveryId": "https://rgjoncardekvv76.vault.azure.net/deletedkeys/1173803796",
            "deletedDate": 1750761738,
            "scheduledPurgeDate": 1751366538,
            "kid": "https://rgjoncardekvv76.vault.azure.net/keys/1173803796",
            "attributes": {
              "enabled": true,
              "created": 1750761737,
              "updated": 1750761737,
              "recoveryLevel": "CustomizedRecoverable+Purgeable",
              "recoverableDays": 7,
              "exportable": false,
              "hsmPlatform": "0"
            }
          },
          {
            "recoveryId": "https://rgjoncardekvv76.vault.azure.net/deletedkeys/1199729050",
            "deletedDate": 1750760615,
            "scheduledPurgeDate": 1751365415,
            "kid": "https://rgjoncardekvv76.vault.azure.net/keys/1199729050",
            "attributes": {
              "enabled": true,
              "created": 1750760613,
              "updated": 1750760613,
              "recoveryLevel": "CustomizedRecoverable+Purgeable",
              "recoverableDays": 7,
              "exportable": false,
              "hsmPlatform": "0"
            }
          },
          {
            "recoveryId": "https://rgjoncardekvv76.vault.azure.net/deletedkeys/1206840103",
            "deletedDate": 1750760901,
            "scheduledPurgeDate": 1751365701,
            "kid": "https://rgjoncardekvv76.vault.azure.net/keys/1206840103",
            "attributes": {
              "enabled": true,
              "created": 1750760898,
              "updated": 1750760898,
              "recoveryLevel": "CustomizedRecoverable+Purgeable",
              "recoverableDays": 7,
              "exportable": false,
              "hsmPlatform": "0"
            }
          },
          {
            "recoveryId": "https://rgjoncardekvv76.vault.azure.net/deletedkeys/1222708297",
            "deletedDate": 1750760204,
            "scheduledPurgeDate": 1751365004,
            "kid": "https://rgjoncardekvv76.vault.azure.net/keys/1222708297",
            "attributes": {
              "enabled": true,
              "created": 1750760201,
              "updated": 1750760201,
              "recoveryLevel": "CustomizedRecoverable+Purgeable",
              "recoverableDays": 7,
              "exportable": false,
              "hsmPlatform": "0"
            }
          }
        ],
        "nextLink": "https://rgjoncardekvv76.vault.azure.net:443/deletedkeys?api-version=7.6&$skiptoken=Sanitized"
      }
    },
    {
      "RequestUri": "https://rgjoncardekvv76.vault.azure.net/deletedkeys?api-version=7.6&$skiptoken=Sanitized",
      "RequestMethod": "GET",
      "RequestHeaders": {
        "Accept": "application/json",
        "Authorization": "Sanitized",
        "traceparent": "00-56ac3eece109177b2b8e9c9983211c51-262fed57bf50b12c-00",
        "User-Agent": "azsdk-net-Security.KeyVault.Keys/4.8.0-alpha.20250624.1 (.NET 9.0.6; Microsoft Windows 10.0.26100)",
        "x-ms-client-request-id": "Sanitized",
        "x-ms-return-client-request-id": "true"
      },
      "RequestBody": null,
      "StatusCode": 200,
      "ResponseHeaders": {
        "Cache-Control": "no-cache",
        "Content-Length": "4676",
        "Content-Type": "application/json; charset=utf-8",
        "Date": "Tue, 24 Jun 2025 10:43:57 GMT",
        "Expires": "-1",
        "Pragma": "no-cache",
        "Strict-Transport-Security": "max-age=31536000;includeSubDomains",
        "X-Content-Type-Options": "nosniff",
        "x-ms-client-request-id": "Sanitized",
        "x-ms-keyvault-network-info": "conn_type=Ipv4;addr=50.175.105.250;act_addr_fam=InterNetwork;",
        "x-ms-keyvault-rbac-assignment-id": "807e5a6370bf5a8fb08644fa8774dd23",
        "x-ms-keyvault-region": "uksouth",
        "x-ms-keyvault-service-version": "1.9.2497.1",
        "x-ms-request-id": "fa2436b2-95c8-496c-bedf-7c16cbc2344e"
      },
      "ResponseBody": {
        "value": [
          {
            "recoveryId": "https://rgjoncardekvv76.vault.azure.net/deletedkeys/1234943721",
            "deletedDate": 1750760328,
            "scheduledPurgeDate": 1751365128,
            "kid": "https://rgjoncardekvv76.vault.azure.net/keys/1234943721",
            "attributes": {
              "enabled": true,
              "created": 1750760325,
              "updated": 1750760325,
              "recoveryLevel": "CustomizedRecoverable+Purgeable",
              "recoverableDays": 7,
              "exportable": false,
              "hsmPlatform": "0"
            }
          },
          {
            "recoveryId": "https://rgjoncardekvv76.vault.azure.net/deletedkeys/1235082832",
            "deletedDate": 1750761020,
            "scheduledPurgeDate": 1751365820,
            "kid": "https://rgjoncardekvv76.vault.azure.net/keys/1235082832",
            "attributes": {
              "enabled": true,
              "created": 1750761018,
              "updated": 1750761018,
              "recoveryLevel": "CustomizedRecoverable+Purgeable",
              "recoverableDays": 7,
              "exportable": false,
              "hsmPlatform": "0"
            }
          },
          {
            "recoveryId": "https://rgjoncardekvv76.vault.azure.net/deletedkeys/1237192121",
            "deletedDate": 1750761238,
            "scheduledPurgeDate": 1751366038,
            "kid": "https://rgjoncardekvv76.vault.azure.net/keys/1237192121",
            "attributes": {
              "enabled": true,
              "created": 1750761238,
              "updated": 1750761238,
              "recoveryLevel": "CustomizedRecoverable+Purgeable",
              "recoverableDays": 7,
              "exportable": false,
              "hsmPlatform": "2"
            }
          },
          {
            "recoveryId": "https://rgjoncardekvv76.vault.azure.net/deletedkeys/1238738445",
            "deletedDate": 1750760515,
            "scheduledPurgeDate": 1751365315,
            "kid": "https://rgjoncardekvv76.vault.azure.net/keys/1238738445",
            "attributes": {
              "enabled": true,
              "created": 1750760513,
              "updated": 1750760513,
              "recoveryLevel": "CustomizedRecoverable+Purgeable",
              "recoverableDays": 7,
              "exportable": false,
              "hsmPlatform": "0"
            }
          },
          {
            "recoveryId": "https://rgjoncardekvv76.vault.azure.net/deletedkeys/1267857512",
            "deletedDate": 1750760789,
            "scheduledPurgeDate": 1751365589,
            "kid": "https://rgjoncardekvv76.vault.azure.net/keys/1267857512",
            "attributes": {
              "enabled": true,
              "created": 1750760787,
              "updated": 1750760787,
              "recoveryLevel": "CustomizedRecoverable+Purgeable",
              "recoverableDays": 7,
              "exportable": false,
              "hsmPlatform": "0"
            }
          },
          {
            "recoveryId": "https://rgjoncardekvv76.vault.azure.net/deletedkeys/1269122083",
            "deletedDate": 1750760812,
            "scheduledPurgeDate": 1751365612,
            "kid": "https://rgjoncardekvv76.vault.azure.net/keys/1269122083",
            "attributes": {
              "enabled": true,
              "created": 1750760809,
              "updated": 1750760809,
              "recoveryLevel": "CustomizedRecoverable+Purgeable",
              "recoverableDays": 7,
              "exportable": false,
              "hsmPlatform": "0"
            }
          },
          {
            "recoveryId": "https://rgjoncardekvv76.vault.azure.net/deletedkeys/1273157342",
            "deletedDate": 1750760171,
            "scheduledPurgeDate": 1751364971,
            "kid": "https://rgjoncardekvv76.vault.azure.net/keys/1273157342",
            "attributes": {
              "enabled": true,
              "created": 1750760169,
              "updated": 1750760169,
              "recoveryLevel": "CustomizedRecoverable+Purgeable",
              "recoverableDays": 7,
              "exportable": false,
              "hsmPlatform": "0"
            }
          },
          {
            "recoveryId": "https://rgjoncardekvv76.vault.azure.net/deletedkeys/1275552820",
            "deletedDate": 1750759983,
            "scheduledPurgeDate": 1751364783,
            "kid": "https://rgjoncardekvv76.vault.azure.net/keys/1275552820",
            "attributes": {
              "enabled": true,
              "created": 1750759981,
              "updated": 1750759981,
              "recoveryLevel": "CustomizedRecoverable+Purgeable",
              "recoverableDays": 7,
              "exportable": false,
              "hsmPlatform": "0"
            }
          },
          {
            "recoveryId": "https://rgjoncardekvv76.vault.azure.net/deletedkeys/1276560129",
            "deletedDate": 1750760032,
            "scheduledPurgeDate": 1751364832,
            "kid": "https://rgjoncardekvv76.vault.azure.net/keys/1276560129",
            "attributes": {
              "enabled": true,
              "created": 1750760030,
              "updated": 1750760030,
              "recoveryLevel": "CustomizedRecoverable+Purgeable",
              "recoverableDays": 7,
              "exportable": false,
              "hsmPlatform": "0"
            }
          },
          {
            "recoveryId": "https://rgjoncardekvv76.vault.azure.net/deletedkeys/1279838241",
            "deletedDate": 1750760441,
            "scheduledPurgeDate": 1751365241,
            "kid": "https://rgjoncardekvv76.vault.azure.net/keys/1279838241",
            "attributes": {
              "enabled": true,
              "created": 1750760439,
              "updated": 1750760439,
              "recoveryLevel": "CustomizedRecoverable+Purgeable",
              "recoverableDays": 7,
              "exportable": false,
              "hsmPlatform": "0"
            }
          },
          {
            "recoveryId": "https://rgjoncardekvv76.vault.azure.net/deletedkeys/1287485036",
            "deletedDate": 1750761666,
            "scheduledPurgeDate": 1751366466,
            "kid": "https://rgjoncardekvv76.vault.azure.net/keys/1287485036",
            "attributes": {
              "enabled": true,
              "created": 1750761666,
              "updated": 1750761666,
              "recoveryLevel": "CustomizedRecoverable+Purgeable",
              "recoverableDays": 7,
              "exportable": true,
              "hsmPlatform": "2"
            }
          },
          {
            "recoveryId": "https://rgjoncardekvv76.vault.azure.net/deletedkeys/1292805085",
            "deletedDate": 1750761383,
            "scheduledPurgeDate": 1751366183,
            "kid": "https://rgjoncardekvv76.vault.azure.net/keys/1292805085",
            "attributes": {
              "enabled": true,
              "created": 1750761383,
              "updated": 1750761383,
              "recoveryLevel": "CustomizedRecoverable+Purgeable",
              "recoverableDays": 7,
              "exportable": false,
              "hsmPlatform": "2"
            }
          }
        ],
        "nextLink": "https://rgjoncardekvv76.vault.azure.net:443/deletedkeys?api-version=7.6&$skiptoken=Sanitized"
      }
    },
    {
      "RequestUri": "https://rgjoncardekvv76.vault.azure.net/deletedkeys?api-version=7.6&$skiptoken=Sanitized",
      "RequestMethod": "GET",
      "RequestHeaders": {
        "Accept": "application/json",
        "Authorization": "Sanitized",
        "traceparent": "00-2fecc8a473f96ad81ba2a15822c8ca5c-91effe09e56557c1-00",
        "User-Agent": "azsdk-net-Security.KeyVault.Keys/4.8.0-alpha.20250624.1 (.NET 9.0.6; Microsoft Windows 10.0.26100)",
        "x-ms-client-request-id": "Sanitized",
        "x-ms-return-client-request-id": "true"
      },
      "RequestBody": null,
      "StatusCode": 200,
      "ResponseHeaders": {
        "Cache-Control": "no-cache",
        "Content-Length": "5075",
        "Content-Type": "application/json; charset=utf-8",
        "Date": "Tue, 24 Jun 2025 10:43:57 GMT",
        "Expires": "-1",
        "Pragma": "no-cache",
        "Strict-Transport-Security": "max-age=31536000;includeSubDomains",
        "X-Content-Type-Options": "nosniff",
        "x-ms-client-request-id": "Sanitized",
        "x-ms-keyvault-network-info": "conn_type=Ipv4;addr=50.175.105.250;act_addr_fam=InterNetwork;",
        "x-ms-keyvault-rbac-assignment-id": "807e5a6370bf5a8fb08644fa8774dd23",
        "x-ms-keyvault-region": "uksouth",
        "x-ms-keyvault-service-version": "1.9.2497.1",
        "x-ms-request-id": "77d9e193-4db7-4fb5-8877-65d461d31045"
      },
      "ResponseBody": {
        "value": [
          {
            "recoveryId": "https://rgjoncardekvv76.vault.azure.net/deletedkeys/1293649547",
            "deletedDate": 1750761582,
            "scheduledPurgeDate": 1751366382,
            "kid": "https://rgjoncardekvv76.vault.azure.net/keys/1293649547",
            "attributes": {
              "enabled": false,
              "created": 1750761581,
              "updated": 1750761581,
              "recoveryLevel": "CustomizedRecoverable+Purgeable",
              "recoverableDays": 7,
              "exportable": false,
              "hsmPlatform": "2"
            }
          },
          {
            "recoveryId": "https://rgjoncardekvv76.vault.azure.net/deletedkeys/1306922495",
            "deletedDate": 1750761304,
            "scheduledPurgeDate": 1751366104,
            "kid": "https://rgjoncardekvv76.vault.azure.net/keys/1306922495",
            "attributes": {
              "enabled": true,
              "created": 1750761303,
              "updated": 1750761303,
              "recoveryLevel": "CustomizedRecoverable+Purgeable",
              "recoverableDays": 7,
              "exportable": false,
              "hsmPlatform": "2"
            }
          },
          {
            "recoveryId": "https://rgjoncardekvv76.vault.azure.net/deletedkeys/1316066633",
            "deletedDate": 1750760595,
            "scheduledPurgeDate": 1751365395,
            "kid": "https://rgjoncardekvv76.vault.azure.net/keys/1316066633",
            "attributes": {
              "enabled": true,
              "created": 1750760593,
              "updated": 1750760593,
              "recoveryLevel": "CustomizedRecoverable+Purgeable",
              "recoverableDays": 7,
              "exportable": false,
              "hsmPlatform": "0"
            }
          },
          {
            "recoveryId": "https://rgjoncardekvv76.vault.azure.net/deletedkeys/1316214652",
            "deletedDate": 1750760430,
            "scheduledPurgeDate": 1751365230,
            "kid": "https://rgjoncardekvv76.vault.azure.net/keys/1316214652",
            "attributes": {
              "enabled": true,
              "created": 1750760428,
              "updated": 1750760428,
              "recoveryLevel": "CustomizedRecoverable+Purgeable",
              "recoverableDays": 7,
              "exportable": false,
              "hsmPlatform": "0"
            }
          },
          {
            "recoveryId": "https://rgjoncardekvv76.vault.azure.net/deletedkeys/1342973128",
            "deletedDate": 1750761419,
            "scheduledPurgeDate": 1751366219,
            "kid": "https://rgjoncardekvv76.vault.azure.net/keys/1342973128",
            "attributes": {
              "enabled": true,
              "created": 1750761407,
              "updated": 1750761407,
              "recoveryLevel": "CustomizedRecoverable+Purgeable",
              "recoverableDays": 7,
              "exportable": false,
              "hsmPlatform": "0"
            }
          },
          {
            "recoveryId": "https://rgjoncardekvv76.vault.azure.net/deletedkeys/1368479849",
            "deletedDate": 1750760678,
            "scheduledPurgeDate": 1751365478,
            "kid": "https://rgjoncardekvv76.vault.azure.net/keys/1368479849",
            "attributes": {
              "enabled": true,
              "created": 1750760676,
              "updated": 1750760676,
              "recoveryLevel": "CustomizedRecoverable+Purgeable",
              "recoverableDays": 7,
              "exportable": false,
              "hsmPlatform": "0"
            }
          },
          {
            "recoveryId": "https://rgjoncardekvv76.vault.azure.net/deletedkeys/1374038178",
            "deletedDate": 1750760999,
            "scheduledPurgeDate": 1751365799,
            "kid": "https://rgjoncardekvv76.vault.azure.net/keys/1374038178",
            "attributes": {
              "enabled": true,
              "created": 1750760997,
              "updated": 1750760997,
              "recoveryLevel": "CustomizedRecoverable+Purgeable",
              "recoverableDays": 7,
              "exportable": false,
              "hsmPlatform": "0"
            }
          },
          {
            "recoveryId": "https://rgjoncardekvv76.vault.azure.net/deletedkeys/1394328010",
            "deletedDate": 1750760801,
            "scheduledPurgeDate": 1751365601,
            "kid": "https://rgjoncardekvv76.vault.azure.net/keys/1394328010",
            "attributes": {
              "enabled": true,
              "created": 1750760798,
              "updated": 1750760798,
              "recoveryLevel": "CustomizedRecoverable+Purgeable",
              "recoverableDays": 7,
              "exportable": false,
              "hsmPlatform": "0"
            }
          },
          {
            "recoveryId": "https://rgjoncardekvv76.vault.azure.net/deletedkeys/1407596318",
            "deletedDate": 1750760634,
            "scheduledPurgeDate": 1751365434,
            "kid": "https://rgjoncardekvv76.vault.azure.net/keys/1407596318",
            "attributes": {
              "enabled": true,
              "created": 1750760632,
              "updated": 1750760632,
              "recoveryLevel": "CustomizedRecoverable+Purgeable",
              "recoverableDays": 7,
              "exportable": false,
              "hsmPlatform": "0"
            }
          },
          {
            "recoveryId": "https://rgjoncardekvv76.vault.azure.net/deletedkeys/1413927696",
            "deletedDate": 1750761563,
            "scheduledPurgeDate": 1751366363,
            "kid": "https://rgjoncardekvv76.vault.azure.net/keys/1413927696",
            "attributes": {
              "enabled": true,
              "exp": 1750847962,
              "created": 1750761562,
              "updated": 1750761563,
              "recoveryLevel": "CustomizedRecoverable+Purgeable",
              "recoverableDays": 7,
              "exportable": false,
              "hsmPlatform": "0"
            }
          },
          {
            "recoveryId": "https://rgjoncardekvv76.vault.azure.net/deletedkeys/1421512227",
            "deletedDate": 1750761152,
            "scheduledPurgeDate": 1751365952,
            "kid": "https://rgjoncardekvv76.vault.azure.net/keys/1421512227",
            "attributes": {
              "enabled": true,
              "created": 1750761152,
              "updated": 1750761152,
              "recoveryLevel": "CustomizedRecoverable+Purgeable",
              "recoverableDays": 7,
              "exportable": false,
              "hsmPlatform": "0"
            }
          },
          {
            "recoveryId": "https://rgjoncardekvv76.vault.azure.net/deletedkeys/1438259121",
            "deletedDate": 1750760085,
            "scheduledPurgeDate": 1751364885,
            "kid": "https://rgjoncardekvv76.vault.azure.net/keys/1438259121",
            "attributes": {
              "enabled": true,
              "created": 1750760083,
              "updated": 1750760083,
              "recoveryLevel": "CustomizedRecoverable+Purgeable",
              "recoverableDays": 7,
              "exportable": false,
              "hsmPlatform": "0"
            }
          },
          {
            "recoveryId": "https://rgjoncardekvv76.vault.azure.net/deletedkeys/1470139120",
            "deletedDate": 1750760576,
            "scheduledPurgeDate": 1751365376,
            "kid": "https://rgjoncardekvv76.vault.azure.net/keys/1470139120",
            "attributes": {
              "enabled": true,
              "created": 1750760574,
              "updated": 1750760574,
              "recoveryLevel": "CustomizedRecoverable+Purgeable",
              "recoverableDays": 7,
              "exportable": false,
              "hsmPlatform": "0"
            }
          }
        ],
        "nextLink": "https://rgjoncardekvv76.vault.azure.net:443/deletedkeys?api-version=7.6&$skiptoken=Sanitized"
      }
    },
    {
      "RequestUri": "https://rgjoncardekvv76.vault.azure.net/deletedkeys?api-version=7.6&$skiptoken=Sanitized",
      "RequestMethod": "GET",
      "RequestHeaders": {
        "Accept": "application/json",
        "Authorization": "Sanitized",
        "traceparent": "00-2cb4052e936dd502ba01cafd53e53980-8ee4feec07c8847c-00",
        "User-Agent": "azsdk-net-Security.KeyVault.Keys/4.8.0-alpha.20250624.1 (.NET 9.0.6; Microsoft Windows 10.0.26100)",
        "x-ms-client-request-id": "Sanitized",
        "x-ms-return-client-request-id": "true"
      },
      "RequestBody": null,
      "StatusCode": 200,
      "ResponseHeaders": {
        "Cache-Control": "no-cache",
        "Content-Length": "4710",
        "Content-Type": "application/json; charset=utf-8",
        "Date": "Tue, 24 Jun 2025 10:43:57 GMT",
        "Expires": "-1",
        "Pragma": "no-cache",
        "Strict-Transport-Security": "max-age=31536000;includeSubDomains",
        "X-Content-Type-Options": "nosniff",
        "x-ms-client-request-id": "Sanitized",
        "x-ms-keyvault-network-info": "conn_type=Ipv4;addr=50.175.105.250;act_addr_fam=InterNetwork;",
        "x-ms-keyvault-rbac-assignment-id": "807e5a6370bf5a8fb08644fa8774dd23",
        "x-ms-keyvault-region": "uksouth",
        "x-ms-keyvault-service-version": "1.9.2497.1",
        "x-ms-request-id": "4f4fcf5d-608c-4d00-9059-410dcdc0f961"
      },
      "ResponseBody": {
        "value": [
          {
            "recoveryId": "https://rgjoncardekvv76.vault.azure.net/deletedkeys/1481743691",
            "deletedDate": 1750761657,
            "scheduledPurgeDate": 1751366457,
            "kid": "https://rgjoncardekvv76.vault.azure.net/keys/1481743691",
            "attributes": {
              "enabled": true,
              "created": 1750761656,
              "updated": 1750761656,
              "recoveryLevel": "CustomizedRecoverable+Purgeable",
              "recoverableDays": 7,
              "exportable": true,
              "hsmPlatform": "2"
            }
          },
          {
            "recoveryId": "https://rgjoncardekvv76.vault.azure.net/deletedkeys/1496017100",
            "deletedDate": 1750761517,
            "scheduledPurgeDate": 1751366317,
            "kid": "https://rgjoncardekvv76.vault.azure.net/keys/1496017100",
            "attributes": {
              "enabled": true,
              "created": 1750761517,
              "updated": 1750761517,
              "recoveryLevel": "CustomizedRecoverable+Purgeable",
              "recoverableDays": 7,
              "exportable": false,
              "hsmPlatform": "2"
            },
            "tags": {
              "D": "5"
            }
          },
          {
            "recoveryId": "https://rgjoncardekvv76.vault.azure.net/deletedkeys/1503407077",
            "deletedDate": 1750761250,
            "scheduledPurgeDate": 1751366050,
            "kid": "https://rgjoncardekvv76.vault.azure.net/keys/1503407077",
            "attributes": {
              "enabled": true,
              "created": 1750761250,
              "updated": 1750761250,
              "recoveryLevel": "CustomizedRecoverable+Purgeable",
              "recoverableDays": 7,
              "exportable": false,
              "hsmPlatform": "0"
            }
          },
          {
            "recoveryId": "https://rgjoncardekvv76.vault.azure.net/deletedkeys/1508402594",
            "deletedDate": 1750760160,
            "scheduledPurgeDate": 1751364960,
            "kid": "https://rgjoncardekvv76.vault.azure.net/keys/1508402594",
            "attributes": {
              "enabled": true,
              "created": 1750760158,
              "updated": 1750760158,
              "recoveryLevel": "CustomizedRecoverable+Purgeable",
              "recoverableDays": 7,
              "exportable": false,
              "hsmPlatform": "0"
            }
          },
          {
            "recoveryId": "https://rgjoncardekvv76.vault.azure.net/deletedkeys/1518316042",
            "deletedDate": 1750760879,
            "scheduledPurgeDate": 1751365679,
            "kid": "https://rgjoncardekvv76.vault.azure.net/keys/1518316042",
            "attributes": {
              "enabled": true,
              "created": 1750760877,
              "updated": 1750760877,
              "recoveryLevel": "CustomizedRecoverable+Purgeable",
              "recoverableDays": 7,
              "exportable": false,
              "hsmPlatform": "0"
            }
          },
          {
            "recoveryId": "https://rgjoncardekvv76.vault.azure.net/deletedkeys/1529144102",
            "deletedDate": 1750760139,
            "scheduledPurgeDate": 1751364939,
            "kid": "https://rgjoncardekvv76.vault.azure.net/keys/1529144102",
            "attributes": {
              "enabled": true,
              "created": 1750760137,
              "updated": 1750760137,
              "recoveryLevel": "CustomizedRecoverable+Purgeable",
              "recoverableDays": 7,
              "exportable": false,
              "hsmPlatform": "0"
            }
          },
          {
            "recoveryId": "https://rgjoncardekvv76.vault.azure.net/deletedkeys/1556197097",
            "deletedDate": 1750761601,
            "scheduledPurgeDate": 1751366401,
            "kid": "https://rgjoncardekvv76.vault.azure.net/keys/1556197097",
            "attributes": {
              "enabled": true,
              "created": 1750761601,
              "updated": 1750761601,
              "recoveryLevel": "CustomizedRecoverable+Purgeable",
              "recoverableDays": 7,
              "exportable": false,
              "hsmPlatform": "2"
            },
            "tags": {
              "D": "5"
            }
          },
          {
            "recoveryId": "https://rgjoncardekvv76.vault.azure.net/deletedkeys/1559978336",
            "deletedDate": 1750760003,
            "scheduledPurgeDate": 1751364803,
            "kid": "https://rgjoncardekvv76.vault.azure.net/keys/1559978336",
            "attributes": {
              "enabled": true,
              "created": 1750760000,
              "updated": 1750760000,
              "recoveryLevel": "CustomizedRecoverable+Purgeable",
              "recoverableDays": 7,
              "exportable": false,
              "hsmPlatform": "0"
            }
          },
          {
            "recoveryId": "https://rgjoncardekvv76.vault.azure.net/deletedkeys/1602311344",
            "deletedDate": 1750760823,
            "scheduledPurgeDate": 1751365623,
            "kid": "https://rgjoncardekvv76.vault.azure.net/keys/1602311344",
            "attributes": {
              "enabled": true,
              "created": 1750760820,
              "updated": 1750760820,
              "recoveryLevel": "CustomizedRecoverable+Purgeable",
              "recoverableDays": 7,
              "exportable": false,
              "hsmPlatform": "0"
            }
          },
          {
            "recoveryId": "https://rgjoncardekvv76.vault.azure.net/deletedkeys/1607549320",
            "deletedDate": 1750761462,
            "scheduledPurgeDate": 1751366262,
            "kid": "https://rgjoncardekvv76.vault.azure.net/keys/1607549320",
            "attributes": {
              "enabled": true,
              "created": 1750761462,
              "updated": 1750761462,
              "recoveryLevel": "CustomizedRecoverable+Purgeable",
              "recoverableDays": 7,
              "exportable": false,
              "hsmPlatform": "2"
            }
          },
          {
            "recoveryId": "https://rgjoncardekvv76.vault.azure.net/deletedkeys/1612562728",
            "deletedDate": 1750760890,
            "scheduledPurgeDate": 1751365690,
            "kid": "https://rgjoncardekvv76.vault.azure.net/keys/1612562728",
            "attributes": {
              "enabled": true,
              "created": 1750760888,
              "updated": 1750760888,
              "recoveryLevel": "CustomizedRecoverable+Purgeable",
              "recoverableDays": 7,
              "exportable": false,
              "hsmPlatform": "0"
            }
          },
          {
            "recoveryId": "https://rgjoncardekvv76.vault.azure.net/deletedkeys/1619172987",
            "deletedDate": 1750760182,
            "scheduledPurgeDate": 1751364982,
            "kid": "https://rgjoncardekvv76.vault.azure.net/keys/1619172987",
            "attributes": {
              "enabled": true,
              "created": 1750760179,
              "updated": 1750760179,
              "recoveryLevel": "CustomizedRecoverable+Purgeable",
              "recoverableDays": 7,
              "exportable": false,
              "hsmPlatform": "0"
            }
          }
        ],
        "nextLink": "https://rgjoncardekvv76.vault.azure.net:443/deletedkeys?api-version=7.6&$skiptoken=Sanitized"
      }
    },
    {
      "RequestUri": "https://rgjoncardekvv76.vault.azure.net/deletedkeys?api-version=7.6&$skiptoken=Sanitized",
      "RequestMethod": "GET",
      "RequestHeaders": {
        "Accept": "application/json",
        "Authorization": "Sanitized",
        "traceparent": "00-9921563292b13d7cc88a21a14bf89d66-278c9fe341fdba42-00",
        "User-Agent": "azsdk-net-Security.KeyVault.Keys/4.8.0-alpha.20250624.1 (.NET 9.0.6; Microsoft Windows 10.0.26100)",
        "x-ms-client-request-id": "Sanitized",
        "x-ms-return-client-request-id": "true"
      },
      "RequestBody": null,
      "StatusCode": 200,
      "ResponseHeaders": {
        "Cache-Control": "no-cache",
        "Content-Length": "5051",
        "Content-Type": "application/json; charset=utf-8",
        "Date": "Tue, 24 Jun 2025 10:43:58 GMT",
        "Expires": "-1",
        "Pragma": "no-cache",
        "Strict-Transport-Security": "max-age=31536000;includeSubDomains",
        "X-Content-Type-Options": "nosniff",
        "x-ms-client-request-id": "Sanitized",
        "x-ms-keyvault-network-info": "conn_type=Ipv4;addr=50.175.105.250;act_addr_fam=InterNetwork;",
        "x-ms-keyvault-rbac-assignment-id": "807e5a6370bf5a8fb08644fa8774dd23",
        "x-ms-keyvault-region": "uksouth",
        "x-ms-keyvault-service-version": "1.9.2497.1",
        "x-ms-request-id": "587c4b9b-a0b1-468e-b76e-04dc8320acb9"
      },
      "ResponseBody": {
        "value": [
          {
            "recoveryId": "https://rgjoncardekvv76.vault.azure.net/deletedkeys/1622025551",
            "deletedDate": 1750760363,
            "scheduledPurgeDate": 1751365163,
            "kid": "https://rgjoncardekvv76.vault.azure.net/keys/1622025551",
            "attributes": {
              "enabled": true,
              "created": 1750760361,
              "updated": 1750760361,
              "recoveryLevel": "CustomizedRecoverable+Purgeable",
              "recoverableDays": 7,
              "exportable": false,
              "hsmPlatform": "0"
            }
          },
          {
            "recoveryId": "https://rgjoncardekvv76.vault.azure.net/deletedkeys/1624846532",
            "deletedDate": 1750761117,
            "scheduledPurgeDate": 1751365917,
            "kid": "https://rgjoncardekvv76.vault.azure.net/keys/1624846532",
            "attributes": {
              "enabled": true,
              "created": 1750761117,
              "updated": 1750761117,
              "recoveryLevel": "CustomizedRecoverable+Purgeable",
              "recoverableDays": 7,
              "exportable": false,
              "hsmPlatform": "0"
            }
          },
          {
            "recoveryId": "https://rgjoncardekvv76.vault.azure.net/deletedkeys/1626752337",
            "deletedDate": 1750760778,
            "scheduledPurgeDate": 1751365578,
            "kid": "https://rgjoncardekvv76.vault.azure.net/keys/1626752337",
            "attributes": {
              "enabled": true,
              "created": 1750760775,
              "updated": 1750760775,
              "recoveryLevel": "CustomizedRecoverable+Purgeable",
              "recoverableDays": 7,
              "exportable": false,
              "hsmPlatform": "0"
            }
          },
          {
            "recoveryId": "https://rgjoncardekvv76.vault.azure.net/deletedkeys/1628122827",
            "deletedDate": 1750760934,
            "scheduledPurgeDate": 1751365734,
            "kid": "https://rgjoncardekvv76.vault.azure.net/keys/1628122827",
            "attributes": {
              "enabled": true,
              "created": 1750760932,
              "updated": 1750760932,
              "recoveryLevel": "CustomizedRecoverable+Purgeable",
              "recoverableDays": 7,
              "exportable": false,
              "hsmPlatform": "0"
            }
          },
          {
            "recoveryId": "https://rgjoncardekvv76.vault.azure.net/deletedkeys/163448659",
            "deletedDate": 1750760857,
            "scheduledPurgeDate": 1751365657,
            "kid": "https://rgjoncardekvv76.vault.azure.net/keys/163448659",
            "attributes": {
              "enabled": true,
              "created": 1750760854,
              "updated": 1750760854,
              "recoveryLevel": "CustomizedRecoverable+Purgeable",
              "recoverableDays": 7,
              "exportable": false,
              "hsmPlatform": "0"
            }
          },
          {
            "recoveryId": "https://rgjoncardekvv76.vault.azure.net/deletedkeys/1637922061",
            "deletedDate": 1750761701,
            "scheduledPurgeDate": 1751366501,
            "kid": "https://rgjoncardekvv76.vault.azure.net/keys/1637922061",
            "attributes": {
              "enabled": true,
              "created": 1750761701,
              "updated": 1750761701,
              "recoveryLevel": "CustomizedRecoverable+Purgeable",
              "recoverableDays": 7,
              "exportable": false,
              "hsmPlatform": "0"
            }
          },
          {
            "recoveryId": "https://rgjoncardekvv76.vault.azure.net/deletedkeys/163850415",
            "deletedDate": 1750760397,
            "scheduledPurgeDate": 1751365197,
            "kid": "https://rgjoncardekvv76.vault.azure.net/keys/163850415",
            "attributes": {
              "enabled": true,
              "created": 1750760395,
              "updated": 1750760395,
              "recoveryLevel": "CustomizedRecoverable+Purgeable",
              "recoverableDays": 7,
              "exportable": false,
              "hsmPlatform": "0"
            }
          },
          {
            "recoveryId": "https://rgjoncardekvv76.vault.azure.net/deletedkeys/1648919314",
            "deletedDate": 1750759952,
            "scheduledPurgeDate": 1751364752,
            "kid": "https://rgjoncardekvv76.vault.azure.net/keys/1648919314",
            "attributes": {
              "enabled": true,
              "created": 1750759950,
              "updated": 1750759950,
              "recoveryLevel": "CustomizedRecoverable+Purgeable",
              "recoverableDays": 7,
              "exportable": false,
              "hsmPlatform": "0"
            }
          },
          {
            "recoveryId": "https://rgjoncardekvv76.vault.azure.net/deletedkeys/1653651839",
            "deletedDate": 1750761079,
            "scheduledPurgeDate": 1751365879,
            "kid": "https://rgjoncardekvv76.vault.azure.net/keys/1653651839",
            "attributes": {
              "enabled": true,
              "created": 1750761079,
              "updated": 1750761079,
              "recoveryLevel": "CustomizedRecoverable+Purgeable",
              "recoverableDays": 7,
              "exportable": false,
              "hsmPlatform": "0"
            }
          },
          {
            "recoveryId": "https://rgjoncardekvv76.vault.azure.net/deletedkeys/1667995462",
            "deletedDate": 1750761479,
            "scheduledPurgeDate": 1751366279,
            "kid": "https://rgjoncardekvv76.vault.azure.net/keys/1667995462",
            "attributes": {
              "enabled": true,
              "created": 1750761479,
              "updated": 1750761479,
              "recoveryLevel": "CustomizedRecoverable+Purgeable",
              "recoverableDays": 7,
              "exportable": false,
              "hsmPlatform": "0"
            }
          },
          {
            "recoveryId": "https://rgjoncardekvv76.vault.azure.net/deletedkeys/1678613608",
            "deletedDate": 1750760756,
            "scheduledPurgeDate": 1751365556,
            "kid": "https://rgjoncardekvv76.vault.azure.net/keys/1678613608",
            "attributes": {
              "enabled": true,
              "created": 1750760753,
              "updated": 1750760753,
              "recoveryLevel": "CustomizedRecoverable+Purgeable",
              "recoverableDays": 7,
              "exportable": false,
              "hsmPlatform": "0"
            }
          },
          {
            "recoveryId": "https://rgjoncardekvv76.vault.azure.net/deletedkeys/1678895802",
            "deletedDate": 1750760667,
            "scheduledPurgeDate": 1751365467,
            "kid": "https://rgjoncardekvv76.vault.azure.net/keys/1678895802",
            "attributes": {
              "enabled": true,
              "created": 1750760665,
              "updated": 1750760665,
              "recoveryLevel": "CustomizedRecoverable+Purgeable",
              "recoverableDays": 7,
              "exportable": false,
              "hsmPlatform": "0"
            }
          },
          {
            "recoveryId": "https://rgjoncardekvv76.vault.azure.net/deletedkeys/167947402",
            "deletedDate": 1750760912,
            "scheduledPurgeDate": 1751365712,
            "kid": "https://rgjoncardekvv76.vault.azure.net/keys/167947402",
            "attributes": {
              "enabled": true,
              "created": 1750760909,
              "updated": 1750760909,
              "recoveryLevel": "CustomizedRecoverable+Purgeable",
              "recoverableDays": 7,
              "exportable": false,
              "hsmPlatform": "0"
            }
          }
        ],
        "nextLink": "https://rgjoncardekvv76.vault.azure.net:443/deletedkeys?api-version=7.6&$skiptoken=Sanitized"
      }
    },
    {
      "RequestUri": "https://rgjoncardekvv76.vault.azure.net/deletedkeys?api-version=7.6&$skiptoken=Sanitized",
      "RequestMethod": "GET",
      "RequestHeaders": {
        "Accept": "application/json",
        "Authorization": "Sanitized",
        "traceparent": "00-2f61fd186821ce51f68e643f89d9e5d9-6cec1097ed70a619-00",
        "User-Agent": "azsdk-net-Security.KeyVault.Keys/4.8.0-alpha.20250624.1 (.NET 9.0.6; Microsoft Windows 10.0.26100)",
        "x-ms-client-request-id": "Sanitized",
        "x-ms-return-client-request-id": "true"
      },
      "RequestBody": null,
      "StatusCode": 200,
      "ResponseHeaders": {
        "Cache-Control": "no-cache",
        "Content-Length": "4708",
        "Content-Type": "application/json; charset=utf-8",
        "Date": "Tue, 24 Jun 2025 10:43:58 GMT",
        "Expires": "-1",
        "Pragma": "no-cache",
        "Strict-Transport-Security": "max-age=31536000;includeSubDomains",
        "X-Content-Type-Options": "nosniff",
        "x-ms-client-request-id": "Sanitized",
        "x-ms-keyvault-network-info": "conn_type=Ipv4;addr=50.175.105.250;act_addr_fam=InterNetwork;",
        "x-ms-keyvault-rbac-assignment-id": "807e5a6370bf5a8fb08644fa8774dd23",
        "x-ms-keyvault-region": "uksouth",
        "x-ms-keyvault-service-version": "1.9.2497.1",
        "x-ms-request-id": "4a9593d7-48d6-41fb-b1ce-51ae8bfe8837"
      },
      "ResponseBody": {
        "value": [
          {
            "recoveryId": "https://rgjoncardekvv76.vault.azure.net/deletedkeys/1688537358",
            "deletedDate": 1750761756,
            "scheduledPurgeDate": 1751366556,
            "kid": "https://rgjoncardekvv76.vault.azure.net/keys/1688537358",
            "attributes": {
              "enabled": true,
              "created": 1750761756,
              "updated": 1750761756,
              "recoveryLevel": "CustomizedRecoverable+Purgeable",
              "recoverableDays": 7,
              "exportable": false,
              "hsmPlatform": "2"
            }
          },
          {
            "recoveryId": "https://rgjoncardekvv76.vault.azure.net/deletedkeys/1704439290",
            "deletedDate": 1750760463,
            "scheduledPurgeDate": 1751365263,
            "kid": "https://rgjoncardekvv76.vault.azure.net/keys/1704439290",
            "attributes": {
              "enabled": true,
              "created": 1750760460,
              "updated": 1750760460,
              "recoveryLevel": "CustomizedRecoverable+Purgeable",
              "recoverableDays": 7,
              "exportable": false,
              "hsmPlatform": "0"
            }
          },
          {
            "recoveryId": "https://rgjoncardekvv76.vault.azure.net/deletedkeys/1713125483",
            "deletedDate": 1750761170,
            "scheduledPurgeDate": 1751365970,
            "kid": "https://rgjoncardekvv76.vault.azure.net/keys/1713125483",
            "attributes": {
              "enabled": true,
              "created": 1750761170,
              "updated": 1750761170,
              "recoveryLevel": "CustomizedRecoverable+Purgeable",
              "recoverableDays": 7,
              "exportable": false,
              "hsmPlatform": "2"
            }
          },
          {
            "recoveryId": "https://rgjoncardekvv76.vault.azure.net/deletedkeys/1721272028",
            "deletedDate": 1750760945,
            "scheduledPurgeDate": 1751365745,
            "kid": "https://rgjoncardekvv76.vault.azure.net/keys/1721272028",
            "attributes": {
              "enabled": true,
              "created": 1750760943,
              "updated": 1750760943,
              "recoveryLevel": "CustomizedRecoverable+Purgeable",
              "recoverableDays": 7,
              "exportable": false,
              "hsmPlatform": "0"
            }
          },
          {
            "recoveryId": "https://rgjoncardekvv76.vault.azure.net/deletedkeys/175665094",
            "deletedDate": 1750761808,
            "scheduledPurgeDate": 1751366608,
            "kid": "https://rgjoncardekvv76.vault.azure.net/keys/175665094",
            "attributes": {
              "enabled": true,
              "created": 1750761808,
              "updated": 1750761808,
              "recoveryLevel": "CustomizedRecoverable+Purgeable",
              "recoverableDays": 7,
              "exportable": false,
              "hsmPlatform": "0"
            }
          },
          {
            "recoveryId": "https://rgjoncardekvv76.vault.azure.net/deletedkeys/1759735819",
            "deletedDate": 1750761546,
            "scheduledPurgeDate": 1751366346,
            "kid": "https://rgjoncardekvv76.vault.azure.net/keys/1759735819",
            "attributes": {
              "enabled": true,
              "created": 1750761545,
              "updated": 1750761545,
              "recoveryLevel": "CustomizedRecoverable+Purgeable",
              "recoverableDays": 7,
              "exportable": false,
              "hsmPlatform": "0"
            }
          },
          {
            "recoveryId": "https://rgjoncardekvv76.vault.azure.net/deletedkeys/1766807823",
            "deletedDate": 1750761134,
            "scheduledPurgeDate": 1751365934,
            "kid": "https://rgjoncardekvv76.vault.azure.net/keys/1766807823",
            "attributes": {
              "enabled": true,
              "created": 1750761133,
              "updated": 1750761133,
              "recoveryLevel": "CustomizedRecoverable+Purgeable",
              "recoverableDays": 7,
              "exportable": false,
              "hsmPlatform": "2"
            }
          },
          {
            "recoveryId": "https://rgjoncardekvv76.vault.azure.net/deletedkeys/178487264",
            "deletedDate": 1750761010,
            "scheduledPurgeDate": 1751365810,
            "kid": "https://rgjoncardekvv76.vault.azure.net/keys/178487264",
            "attributes": {
              "enabled": true,
              "created": 1750761007,
              "updated": 1750761007,
              "recoveryLevel": "CustomizedRecoverable+Purgeable",
              "recoverableDays": 7,
              "exportable": false,
              "hsmPlatform": "0"
            }
          },
          {
            "recoveryId": "https://rgjoncardekvv76.vault.azure.net/deletedkeys/1790738223",
            "deletedDate": 1750761161,
            "scheduledPurgeDate": 1751365961,
            "kid": "https://rgjoncardekvv76.vault.azure.net/keys/1790738223",
            "attributes": {
              "enabled": false,
              "nbf": 1564536012,
              "exp": 1567128012,
              "created": 1750761161,
              "updated": 1750761161,
              "recoveryLevel": "CustomizedRecoverable+Purgeable",
              "recoverableDays": 7,
              "exportable": false,
              "hsmPlatform": "0"
            }
          },
          {
            "recoveryId": "https://rgjoncardekvv76.vault.azure.net/deletedkeys/1799516184",
            "deletedDate": 1750760978,
            "scheduledPurgeDate": 1751365778,
            "kid": "https://rgjoncardekvv76.vault.azure.net/keys/1799516184",
            "attributes": {
              "enabled": true,
              "created": 1750760976,
              "updated": 1750760976,
              "recoveryLevel": "CustomizedRecoverable+Purgeable",
              "recoverableDays": 7,
              "exportable": false,
              "hsmPlatform": "0"
            }
          },
          {
            "recoveryId": "https://rgjoncardekvv76.vault.azure.net/deletedkeys/1807803000",
            "deletedDate": 1750761629,
            "scheduledPurgeDate": 1751366429,
            "kid": "https://rgjoncardekvv76.vault.azure.net/keys/1807803000",
            "attributes": {
              "enabled": true,
              "created": 1750761629,
              "updated": 1750761629,
              "recoveryLevel": "CustomizedRecoverable+Purgeable",
              "recoverableDays": 7,
              "exportable": false,
              "hsmPlatform": "0"
            }
          },
          {
            "recoveryId": "https://rgjoncardekvv76.vault.azure.net/deletedkeys/1809209034",
            "deletedDate": 1750760557,
            "scheduledPurgeDate": 1751365357,
            "kid": "https://rgjoncardekvv76.vault.azure.net/keys/1809209034",
            "attributes": {
              "enabled": true,
              "created": 1750760555,
              "updated": 1750760555,
              "recoveryLevel": "CustomizedRecoverable+Purgeable",
              "recoverableDays": 7,
              "exportable": false,
              "hsmPlatform": "0"
            }
          }
        ],
        "nextLink": "https://rgjoncardekvv76.vault.azure.net:443/deletedkeys?api-version=7.6&$skiptoken=Sanitized"
      }
    },
    {
      "RequestUri": "https://rgjoncardekvv76.vault.azure.net/deletedkeys?api-version=7.6&$skiptoken=Sanitized",
      "RequestMethod": "GET",
      "RequestHeaders": {
        "Accept": "application/json",
        "Authorization": "Sanitized",
        "traceparent": "00-e1567c92b1ee236a9a79635038b4c933-7438e60b05674e38-00",
        "User-Agent": "azsdk-net-Security.KeyVault.Keys/4.8.0-alpha.20250624.1 (.NET 9.0.6; Microsoft Windows 10.0.26100)",
        "x-ms-client-request-id": "Sanitized",
        "x-ms-return-client-request-id": "true"
      },
      "RequestBody": null,
      "StatusCode": 200,
      "ResponseHeaders": {
        "Cache-Control": "no-cache",
        "Content-Length": "5073",
        "Content-Type": "application/json; charset=utf-8",
        "Date": "Tue, 24 Jun 2025 10:43:58 GMT",
        "Expires": "-1",
        "Pragma": "no-cache",
        "Strict-Transport-Security": "max-age=31536000;includeSubDomains",
        "X-Content-Type-Options": "nosniff",
        "x-ms-client-request-id": "Sanitized",
        "x-ms-keyvault-network-info": "conn_type=Ipv4;addr=50.175.105.250;act_addr_fam=InterNetwork;",
        "x-ms-keyvault-rbac-assignment-id": "807e5a6370bf5a8fb08644fa8774dd23",
        "x-ms-keyvault-region": "uksouth",
        "x-ms-keyvault-service-version": "1.9.2497.1",
        "x-ms-request-id": "1ac97047-3a22-48e0-90fa-4cbe2e7693ca"
      },
      "ResponseBody": {
        "value": [
          {
            "recoveryId": "https://rgjoncardekvv76.vault.azure.net/deletedkeys/1848206788",
            "deletedDate": 1750760107,
            "scheduledPurgeDate": 1751364907,
            "kid": "https://rgjoncardekvv76.vault.azure.net/keys/1848206788",
            "attributes": {
              "enabled": true,
              "created": 1750760105,
              "updated": 1750760105,
              "recoveryLevel": "CustomizedRecoverable+Purgeable",
              "recoverableDays": 7,
              "exportable": false,
              "hsmPlatform": "0"
            }
          },
          {
            "recoveryId": "https://rgjoncardekvv76.vault.azure.net/deletedkeys/18509533870",
            "deletedDate": 1750761357,
            "scheduledPurgeDate": 1751366157,
            "kid": "https://rgjoncardekvv76.vault.azure.net/keys/18509533870",
            "attributes": {
              "enabled": true,
              "created": 1750761355,
              "updated": 1750761355,
              "recoveryLevel": "CustomizedRecoverable+Purgeable",
              "recoverableDays": 7,
              "exportable": false,
              "hsmPlatform": "0"
            }
          },
          {
            "recoveryId": "https://rgjoncardekvv76.vault.azure.net/deletedkeys/18509533871",
            "deletedDate": 1750761358,
            "scheduledPurgeDate": 1751366158,
            "kid": "https://rgjoncardekvv76.vault.azure.net/keys/18509533871",
            "attributes": {
              "enabled": true,
              "created": 1750761355,
              "updated": 1750761355,
              "recoveryLevel": "CustomizedRecoverable+Purgeable",
              "recoverableDays": 7,
              "exportable": false,
              "hsmPlatform": "0"
            }
          },
          {
            "recoveryId": "https://rgjoncardekvv76.vault.azure.net/deletedkeys/1851444378",
            "deletedDate": 1750761347,
            "scheduledPurgeDate": 1751366147,
            "kid": "https://rgjoncardekvv76.vault.azure.net/keys/1851444378",
            "attributes": {
              "enabled": true,
              "created": 1750761346,
              "updated": 1750761346,
              "recoveryLevel": "CustomizedRecoverable+Purgeable",
              "recoverableDays": 7,
              "exportable": false,
              "hsmPlatform": "0"
            }
          },
          {
            "recoveryId": "https://rgjoncardekvv76.vault.azure.net/deletedkeys/1875016471",
            "deletedDate": 1750761710,
            "scheduledPurgeDate": 1751366510,
            "kid": "https://rgjoncardekvv76.vault.azure.net/keys/1875016471",
            "attributes": {
              "enabled": true,
              "created": 1750761710,
              "updated": 1750761710,
              "recoveryLevel": "CustomizedRecoverable+Purgeable",
              "recoverableDays": 7,
              "exportable": false,
              "hsmPlatform": "0"
            }
          },
          {
            "recoveryId": "https://rgjoncardekvv76.vault.azure.net/deletedkeys/1884078391",
            "deletedDate": 1750760625,
            "scheduledPurgeDate": 1751365425,
            "kid": "https://rgjoncardekvv76.vault.azure.net/keys/1884078391",
            "attributes": {
              "enabled": true,
              "created": 1750760622,
              "updated": 1750760622,
              "recoveryLevel": "CustomizedRecoverable+Purgeable",
              "recoverableDays": 7,
              "exportable": false,
              "hsmPlatform": "0"
            }
          },
          {
            "recoveryId": "https://rgjoncardekvv76.vault.azure.net/deletedkeys/1898625743",
            "deletedDate": 1750760845,
            "scheduledPurgeDate": 1751365645,
            "kid": "https://rgjoncardekvv76.vault.azure.net/keys/1898625743",
            "attributes": {
              "enabled": true,
              "created": 1750760843,
              "updated": 1750760843,
              "recoveryLevel": "CustomizedRecoverable+Purgeable",
              "recoverableDays": 7,
              "exportable": false,
              "hsmPlatform": "0"
            }
          },
          {
            "recoveryId": "https://rgjoncardekvv76.vault.azure.net/deletedkeys/1900602376",
            "deletedDate": 1750761692,
            "scheduledPurgeDate": 1751366492,
            "kid": "https://rgjoncardekvv76.vault.azure.net/keys/1900602376",
            "attributes": {
              "enabled": true,
              "created": 1750761692,
              "updated": 1750761692,
              "recoveryLevel": "CustomizedRecoverable+Purgeable",
              "recoverableDays": 7,
              "exportable": false,
              "hsmPlatform": "2"
            }
          },
          {
            "recoveryId": "https://rgjoncardekvv76.vault.azure.net/deletedkeys/1912154877",
            "deletedDate": 1750761527,
            "scheduledPurgeDate": 1751366327,
            "kid": "https://rgjoncardekvv76.vault.azure.net/keys/1912154877",
            "attributes": {
              "enabled": false,
              "created": 1750761526,
              "updated": 1750761527,
              "recoveryLevel": "CustomizedRecoverable+Purgeable",
              "recoverableDays": 7,
              "exportable": false,
              "hsmPlatform": "0"
            }
          },
          {
            "recoveryId": "https://rgjoncardekvv76.vault.azure.net/deletedkeys/19141060",
            "deletedDate": 1750760408,
            "scheduledPurgeDate": 1751365208,
            "kid": "https://rgjoncardekvv76.vault.azure.net/keys/19141060",
            "attributes": {
              "enabled": true,
              "created": 1750760406,
              "updated": 1750760406,
              "recoveryLevel": "CustomizedRecoverable+Purgeable",
              "recoverableDays": 7,
              "exportable": false,
              "hsmPlatform": "0"
            }
          },
          {
            "recoveryId": "https://rgjoncardekvv76.vault.azure.net/deletedkeys/1927100244",
            "deletedDate": 1750761572,
            "scheduledPurgeDate": 1751366372,
            "kid": "https://rgjoncardekvv76.vault.azure.net/keys/1927100244",
            "attributes": {
              "enabled": true,
              "exp": 1750761572,
              "created": 1750761572,
              "updated": 1750761572,
              "recoveryLevel": "CustomizedRecoverable+Purgeable",
              "recoverableDays": 7,
              "exportable": false,
              "hsmPlatform": "2"
            }
          },
          {
            "recoveryId": "https://rgjoncardekvv76.vault.azure.net/deletedkeys/194227692",
            "deletedDate": 1750760053,
            "scheduledPurgeDate": 1751364853,
            "kid": "https://rgjoncardekvv76.vault.azure.net/keys/194227692",
            "attributes": {
              "enabled": true,
              "created": 1750760051,
              "updated": 1750760051,
              "recoveryLevel": "CustomizedRecoverable+Purgeable",
              "recoverableDays": 7,
              "exportable": false,
              "hsmPlatform": "0"
            }
          },
          {
            "recoveryId": "https://rgjoncardekvv76.vault.azure.net/deletedkeys/1951285322",
            "deletedDate": 1750760043,
            "scheduledPurgeDate": 1751364843,
            "kid": "https://rgjoncardekvv76.vault.azure.net/keys/1951285322",
            "attributes": {
              "enabled": true,
              "created": 1750760040,
              "updated": 1750760040,
              "recoveryLevel": "CustomizedRecoverable+Purgeable",
              "recoverableDays": 7,
              "exportable": false,
              "hsmPlatform": "0"
            }
          }
        ],
        "nextLink": "https://rgjoncardekvv76.vault.azure.net:443/deletedkeys?api-version=7.6&$skiptoken=Sanitized"
      }
    },
    {
      "RequestUri": "https://rgjoncardekvv76.vault.azure.net/deletedkeys?api-version=7.6&$skiptoken=Sanitized",
      "RequestMethod": "GET",
      "RequestHeaders": {
        "Accept": "application/json",
        "Authorization": "Sanitized",
        "traceparent": "00-4331c14f837702a3c707b0d8e2849b05-9c2078242fdc2e15-00",
        "User-Agent": "azsdk-net-Security.KeyVault.Keys/4.8.0-alpha.20250624.1 (.NET 9.0.6; Microsoft Windows 10.0.26100)",
        "x-ms-client-request-id": "Sanitized",
        "x-ms-return-client-request-id": "true"
      },
      "RequestBody": null,
      "StatusCode": 200,
      "ResponseHeaders": {
        "Cache-Control": "no-cache",
        "Content-Length": "4694",
        "Content-Type": "application/json; charset=utf-8",
        "Date": "Tue, 24 Jun 2025 10:43:59 GMT",
        "Expires": "-1",
        "Pragma": "no-cache",
        "Strict-Transport-Security": "max-age=31536000;includeSubDomains",
        "X-Content-Type-Options": "nosniff",
        "x-ms-client-request-id": "Sanitized",
        "x-ms-keyvault-network-info": "conn_type=Ipv4;addr=50.175.105.250;act_addr_fam=InterNetwork;",
        "x-ms-keyvault-rbac-assignment-id": "807e5a6370bf5a8fb08644fa8774dd23",
        "x-ms-keyvault-region": "uksouth",
        "x-ms-keyvault-service-version": "1.9.2497.1",
        "x-ms-request-id": "afdaccdb-239c-4d9e-8a63-b585cd4ea869"
      },
      "ResponseBody": {
        "value": [
          {
            "recoveryId": "https://rgjoncardekvv76.vault.azure.net/deletedkeys/1992084580",
            "deletedDate": 1750760023,
            "scheduledPurgeDate": 1751364823,
            "kid": "https://rgjoncardekvv76.vault.azure.net/keys/1992084580",
            "attributes": {
              "enabled": true,
              "created": 1750760020,
              "updated": 1750760020,
              "recoveryLevel": "CustomizedRecoverable+Purgeable",
              "recoverableDays": 7,
              "exportable": false,
              "hsmPlatform": "0"
            }
          },
          {
            "recoveryId": "https://rgjoncardekvv76.vault.azure.net/deletedkeys/1995600718",
            "deletedDate": 1750759942,
            "scheduledPurgeDate": 1751364742,
            "kid": "https://rgjoncardekvv76.vault.azure.net/keys/1995600718",
            "attributes": {
              "enabled": true,
              "created": 1750759939,
              "updated": 1750759939,
              "recoveryLevel": "CustomizedRecoverable+Purgeable",
              "recoverableDays": 7,
              "exportable": false,
              "hsmPlatform": "0"
            }
          },
          {
            "recoveryId": "https://rgjoncardekvv76.vault.azure.net/deletedkeys/1997654906",
            "deletedDate": 1750760566,
            "scheduledPurgeDate": 1751365366,
            "kid": "https://rgjoncardekvv76.vault.azure.net/keys/1997654906",
            "attributes": {
              "enabled": true,
              "created": 1750760564,
              "updated": 1750760564,
              "recoveryLevel": "CustomizedRecoverable+Purgeable",
              "recoverableDays": 7,
              "exportable": false,
              "hsmPlatform": "0"
            }
          },
          {
            "recoveryId": "https://rgjoncardekvv76.vault.azure.net/deletedkeys/1998640430",
            "deletedDate": 1750761592,
            "scheduledPurgeDate": 1751366392,
            "kid": "https://rgjoncardekvv76.vault.azure.net/keys/1998640430",
            "attributes": {
              "enabled": true,
              "exp": 1750847991,
              "created": 1750761591,
              "updated": 1750761592,
              "recoveryLevel": "CustomizedRecoverable+Purgeable",
              "recoverableDays": 7,
              "exportable": false,
              "hsmPlatform": "2"
            }
          },
          {
            "recoveryId": "https://rgjoncardekvv76.vault.azure.net/deletedkeys/2002405386",
            "deletedDate": 1750760215,
            "scheduledPurgeDate": 1751365015,
            "kid": "https://rgjoncardekvv76.vault.azure.net/keys/2002405386",
            "attributes": {
              "enabled": true,
              "created": 1750760212,
              "updated": 1750760212,
              "recoveryLevel": "CustomizedRecoverable+Purgeable",
              "recoverableDays": 7,
              "exportable": false,
              "hsmPlatform": "0"
            }
          },
          {
            "recoveryId": "https://rgjoncardekvv76.vault.azure.net/deletedkeys/2037383257",
            "deletedDate": 1750761040,
            "scheduledPurgeDate": 1751365840,
            "kid": "https://rgjoncardekvv76.vault.azure.net/keys/2037383257",
            "attributes": {
              "enabled": true,
              "created": 1750761040,
              "updated": 1750761040,
              "recoveryLevel": "CustomizedRecoverable+Purgeable",
              "recoverableDays": 7,
              "exportable": false,
              "hsmPlatform": "0"
            }
          },
          {
            "recoveryId": "https://rgjoncardekvv76.vault.azure.net/deletedkeys/2043026153",
            "deletedDate": 1750760744,
            "scheduledPurgeDate": 1751365544,
            "kid": "https://rgjoncardekvv76.vault.azure.net/keys/2043026153",
            "attributes": {
              "enabled": true,
              "created": 1750760741,
              "updated": 1750760741,
              "recoveryLevel": "CustomizedRecoverable+Purgeable",
              "recoverableDays": 7,
              "exportable": false,
              "hsmPlatform": "0"
            }
          },
          {
            "recoveryId": "https://rgjoncardekvv76.vault.azure.net/deletedkeys/2069441327",
            "deletedDate": 1750761443,
            "scheduledPurgeDate": 1751366243,
            "kid": "https://rgjoncardekvv76.vault.azure.net/keys/2069441327",
            "attributes": {
              "enabled": true,
              "created": 1750761436,
              "updated": 1750761436,
              "recoveryLevel": "CustomizedRecoverable+Purgeable",
              "recoverableDays": 7,
              "exportable": false,
              "hsmPlatform": "2"
            }
          },
          {
            "recoveryId": "https://rgjoncardekvv76.vault.azure.net/deletedkeys/2085947090",
            "deletedDate": 1750760063,
            "scheduledPurgeDate": 1751364863,
            "kid": "https://rgjoncardekvv76.vault.azure.net/keys/2085947090",
            "attributes": {
              "enabled": true,
              "created": 1750760061,
              "updated": 1750760061,
              "recoveryLevel": "CustomizedRecoverable+Purgeable",
              "recoverableDays": 7,
              "exportable": false,
              "hsmPlatform": "0"
            }
          },
          {
            "recoveryId": "https://rgjoncardekvv76.vault.azure.net/deletedkeys/2094082527",
            "deletedDate": 1750760352,
            "scheduledPurgeDate": 1751365152,
            "kid": "https://rgjoncardekvv76.vault.azure.net/keys/2094082527",
            "attributes": {
              "enabled": true,
              "created": 1750760349,
              "updated": 1750760349,
              "recoveryLevel": "CustomizedRecoverable+Purgeable",
              "recoverableDays": 7,
              "exportable": false,
              "hsmPlatform": "0"
            }
          },
          {
            "recoveryId": "https://rgjoncardekvv76.vault.azure.net/deletedkeys/2100467731",
            "deletedDate": 1750759993,
            "scheduledPurgeDate": 1751364793,
            "kid": "https://rgjoncardekvv76.vault.azure.net/keys/2100467731",
            "attributes": {
              "enabled": true,
              "created": 1750759991,
              "updated": 1750759991,
              "recoveryLevel": "CustomizedRecoverable+Purgeable",
              "recoverableDays": 7,
              "exportable": false,
              "hsmPlatform": "0"
            }
          },
          {
            "recoveryId": "https://rgjoncardekvv76.vault.azure.net/deletedkeys/2116137126",
            "deletedDate": 1750761747,
            "scheduledPurgeDate": 1751366547,
            "kid": "https://rgjoncardekvv76.vault.azure.net/keys/2116137126",
            "attributes": {
              "enabled": true,
              "created": 1750761747,
              "updated": 1750761747,
              "recoveryLevel": "CustomizedRecoverable+Purgeable",
              "recoverableDays": 7,
              "exportable": false,
              "hsmPlatform": "0"
            }
          }
        ],
        "nextLink": "https://rgjoncardekvv76.vault.azure.net:443/deletedkeys?api-version=7.6&$skiptoken=Sanitized"
      }
    },
    {
      "RequestUri": "https://rgjoncardekvv76.vault.azure.net/deletedkeys?api-version=7.6&$skiptoken=Sanitized",
      "RequestMethod": "GET",
      "RequestHeaders": {
        "Accept": "application/json",
        "Authorization": "Sanitized",
        "traceparent": "00-4795f649144f45b3d8391b01e700fba5-13d68c7ff5b778c7-00",
        "User-Agent": "azsdk-net-Security.KeyVault.Keys/4.8.0-alpha.20250624.1 (.NET 9.0.6; Microsoft Windows 10.0.26100)",
        "x-ms-client-request-id": "Sanitized",
        "x-ms-return-client-request-id": "true"
      },
      "RequestBody": null,
      "StatusCode": 200,
      "ResponseHeaders": {
        "Cache-Control": "no-cache",
        "Content-Length": "5035",
        "Content-Type": "application/json; charset=utf-8",
        "Date": "Tue, 24 Jun 2025 10:43:59 GMT",
        "Expires": "-1",
        "Pragma": "no-cache",
        "Strict-Transport-Security": "max-age=31536000;includeSubDomains",
        "X-Content-Type-Options": "nosniff",
        "x-ms-client-request-id": "Sanitized",
        "x-ms-keyvault-network-info": "conn_type=Ipv4;addr=50.175.105.250;act_addr_fam=InterNetwork;",
        "x-ms-keyvault-rbac-assignment-id": "807e5a6370bf5a8fb08644fa8774dd23",
        "x-ms-keyvault-region": "uksouth",
        "x-ms-keyvault-service-version": "1.9.2497.1",
        "x-ms-request-id": "ee06e3af-0b2c-4069-a510-3dca8b89417f"
      },
      "ResponseBody": {
        "value": [
          {
            "recoveryId": "https://rgjoncardekvv76.vault.azure.net/deletedkeys/2127798752",
            "deletedDate": 1750761179,
            "scheduledPurgeDate": 1751365979,
            "kid": "https://rgjoncardekvv76.vault.azure.net/keys/2127798752",
            "attributes": {
              "enabled": true,
              "created": 1750761179,
              "updated": 1750761179,
              "recoveryLevel": "CustomizedRecoverable+Purgeable",
              "recoverableDays": 7,
              "exportable": false,
              "hsmPlatform": "0"
            }
          },
          {
            "recoveryId": "https://rgjoncardekvv76.vault.azure.net/deletedkeys/2130642058",
            "deletedDate": 1750761098,
            "scheduledPurgeDate": 1751365898,
            "kid": "https://rgjoncardekvv76.vault.azure.net/keys/2130642058",
            "attributes": {
              "enabled": true,
              "created": 1750761097,
              "updated": 1750761097,
              "recoveryLevel": "CustomizedRecoverable+Purgeable",
              "recoverableDays": 7,
              "exportable": true,
              "hsmPlatform": "2"
            }
          },
          {
            "recoveryId": "https://rgjoncardekvv76.vault.azure.net/deletedkeys/2133909474",
            "deletedDate": 1750760074,
            "scheduledPurgeDate": 1751364874,
            "kid": "https://rgjoncardekvv76.vault.azure.net/keys/2133909474",
            "attributes": {
              "enabled": true,
              "created": 1750760072,
              "updated": 1750760072,
              "recoveryLevel": "CustomizedRecoverable+Purgeable",
              "recoverableDays": 7,
              "exportable": false,
              "hsmPlatform": "0"
            }
          },
          {
            "recoveryId": "https://rgjoncardekvv76.vault.azure.net/deletedkeys/2136829136",
            "deletedDate": 1750760097,
            "scheduledPurgeDate": 1751364897,
            "kid": "https://rgjoncardekvv76.vault.azure.net/keys/2136829136",
            "attributes": {
              "enabled": true,
              "created": 1750760094,
              "updated": 1750760094,
              "recoveryLevel": "CustomizedRecoverable+Purgeable",
              "recoverableDays": 7,
              "exportable": false,
              "hsmPlatform": "0"
            }
          },
          {
            "recoveryId": "https://rgjoncardekvv76.vault.azure.net/deletedkeys/224749744",
            "deletedDate": 1750760260,
            "scheduledPurgeDate": 1751365060,
            "kid": "https://rgjoncardekvv76.vault.azure.net/keys/224749744",
            "attributes": {
              "enabled": true,
              "created": 1750760258,
              "updated": 1750760258,
              "recoveryLevel": "CustomizedRecoverable+Purgeable",
              "recoverableDays": 7,
              "exportable": false,
              "hsmPlatform": "0"
            }
          },
          {
            "recoveryId": "https://rgjoncardekvv76.vault.azure.net/deletedkeys/228286648",
            "deletedDate": 1750761143,
            "scheduledPurgeDate": 1751365943,
            "kid": "https://rgjoncardekvv76.vault.azure.net/keys/228286648",
            "attributes": {
              "enabled": true,
              "created": 1750761143,
              "updated": 1750761143,
              "recoveryLevel": "CustomizedRecoverable+Purgeable",
              "recoverableDays": 7,
              "exportable": false,
              "hsmPlatform": "0"
            }
          },
          {
            "recoveryId": "https://rgjoncardekvv76.vault.azure.net/deletedkeys/234355483",
            "deletedDate": 1750760249,
            "scheduledPurgeDate": 1751365049,
            "kid": "https://rgjoncardekvv76.vault.azure.net/keys/234355483",
            "attributes": {
              "enabled": true,
              "created": 1750760246,
              "updated": 1750760246,
              "recoveryLevel": "CustomizedRecoverable+Purgeable",
              "recoverableDays": 7,
              "exportable": false,
              "hsmPlatform": "0"
            }
          },
          {
            "recoveryId": "https://rgjoncardekvv76.vault.azure.net/deletedkeys/241353812",
            "deletedDate": 1750760733,
            "scheduledPurgeDate": 1751365533,
            "kid": "https://rgjoncardekvv76.vault.azure.net/keys/241353812",
            "attributes": {
              "enabled": true,
              "created": 1750760730,
              "updated": 1750760730,
              "recoveryLevel": "CustomizedRecoverable+Purgeable",
              "recoverableDays": 7,
              "exportable": false,
              "hsmPlatform": "0"
            }
          },
          {
            "recoveryId": "https://rgjoncardekvv76.vault.azure.net/deletedkeys/250258823",
            "deletedDate": 1750760923,
            "scheduledPurgeDate": 1751365723,
            "kid": "https://rgjoncardekvv76.vault.azure.net/keys/250258823",
            "attributes": {
              "enabled": true,
              "created": 1750760920,
              "updated": 1750760920,
              "recoveryLevel": "CustomizedRecoverable+Purgeable",
              "recoverableDays": 7,
              "exportable": false,
              "hsmPlatform": "0"
            }
          },
          {
            "recoveryId": "https://rgjoncardekvv76.vault.azure.net/deletedkeys/2669070",
            "deletedDate": 1750761498,
            "scheduledPurgeDate": 1751366298,
            "kid": "https://rgjoncardekvv76.vault.azure.net/keys/2669070",
            "attributes": {
              "enabled": false,
              "created": 1750761497,
              "updated": 1750761498,
              "recoveryLevel": "CustomizedRecoverable+Purgeable",
              "recoverableDays": 7,
              "exportable": false,
              "hsmPlatform": "2"
            }
          },
          {
            "recoveryId": "https://rgjoncardekvv76.vault.azure.net/deletedkeys/273333613",
            "deletedDate": 1750761197,
            "scheduledPurgeDate": 1751365997,
            "kid": "https://rgjoncardekvv76.vault.azure.net/keys/273333613",
            "attributes": {
              "enabled": true,
              "created": 1750761197,
              "updated": 1750761197,
              "recoveryLevel": "CustomizedRecoverable+Purgeable",
              "recoverableDays": 7,
              "exportable": false,
              "hsmPlatform": "2"
            }
          },
          {
            "recoveryId": "https://rgjoncardekvv76.vault.azure.net/deletedkeys/279003190",
            "deletedDate": 1750760645,
            "scheduledPurgeDate": 1751365445,
            "kid": "https://rgjoncardekvv76.vault.azure.net/keys/279003190",
            "attributes": {
              "enabled": true,
              "created": 1750760643,
              "updated": 1750760643,
              "recoveryLevel": "CustomizedRecoverable+Purgeable",
              "recoverableDays": 7,
              "exportable": false,
              "hsmPlatform": "0"
            }
          },
          {
            "recoveryId": "https://rgjoncardekvv76.vault.azure.net/deletedkeys/284557823",
            "deletedDate": 1750761313,
            "scheduledPurgeDate": 1751366113,
            "kid": "https://rgjoncardekvv76.vault.azure.net/keys/284557823",
            "attributes": {
              "enabled": true,
              "created": 1750761313,
              "updated": 1750761313,
              "recoveryLevel": "CustomizedRecoverable+Purgeable",
              "recoverableDays": 7,
              "exportable": false,
              "hsmPlatform": "0"
            }
          }
        ],
        "nextLink": "https://rgjoncardekvv76.vault.azure.net:443/deletedkeys?api-version=7.6&$skiptoken=Sanitized"
      }
    },
    {
      "RequestUri": "https://rgjoncardekvv76.vault.azure.net/deletedkeys?api-version=7.6&$skiptoken=Sanitized",
      "RequestMethod": "GET",
      "RequestHeaders": {
        "Accept": "application/json",
        "Authorization": "Sanitized",
        "traceparent": "00-6825359388c9ae6ce574e51d52147308-82f3cf454b2e2d1e-00",
        "User-Agent": "azsdk-net-Security.KeyVault.Keys/4.8.0-alpha.20250624.1 (.NET 9.0.6; Microsoft Windows 10.0.26100)",
        "x-ms-client-request-id": "Sanitized",
        "x-ms-return-client-request-id": "true"
      },
      "RequestBody": null,
      "StatusCode": 200,
      "ResponseHeaders": {
        "Cache-Control": "no-cache",
        "Content-Length": "4683",
        "Content-Type": "application/json; charset=utf-8",
        "Date": "Tue, 24 Jun 2025 10:43:59 GMT",
        "Expires": "-1",
        "Pragma": "no-cache",
        "Strict-Transport-Security": "max-age=31536000;includeSubDomains",
        "X-Content-Type-Options": "nosniff",
        "x-ms-client-request-id": "Sanitized",
        "x-ms-keyvault-network-info": "conn_type=Ipv4;addr=50.175.105.250;act_addr_fam=InterNetwork;",
        "x-ms-keyvault-rbac-assignment-id": "807e5a6370bf5a8fb08644fa8774dd23",
        "x-ms-keyvault-region": "uksouth",
        "x-ms-keyvault-service-version": "1.9.2497.1",
        "x-ms-request-id": "9c5957e2-e04e-4edf-a1c2-ead744491f38"
      },
      "ResponseBody": {
        "value": [
          {
            "recoveryId": "https://rgjoncardekvv76.vault.azure.net/deletedkeys/292623051",
            "deletedDate": 1750761611,
            "scheduledPurgeDate": 1751366411,
            "kid": "https://rgjoncardekvv76.vault.azure.net/keys/292623051",
            "attributes": {
              "enabled": true,
              "created": 1750761610,
              "updated": 1750761611,
              "recoveryLevel": "CustomizedRecoverable+Purgeable",
              "recoverableDays": 7,
              "exportable": false,
              "hsmPlatform": "0"
            },
            "tags": {
              "D": "5"
            }
          },
          {
            "recoveryId": "https://rgjoncardekvv76.vault.azure.net/deletedkeys/294204349",
            "deletedDate": 1750760504,
            "scheduledPurgeDate": 1751365304,
            "kid": "https://rgjoncardekvv76.vault.azure.net/keys/294204349",
            "attributes": {
              "enabled": true,
              "created": 1750760502,
              "updated": 1750760502,
              "recoveryLevel": "CustomizedRecoverable+Purgeable",
              "recoverableDays": 7,
              "exportable": false,
              "hsmPlatform": "0"
            }
          },
          {
            "recoveryId": "https://rgjoncardekvv76.vault.azure.net/deletedkeys/296402838",
            "deletedDate": 1750760656,
            "scheduledPurgeDate": 1751365456,
            "kid": "https://rgjoncardekvv76.vault.azure.net/keys/296402838",
            "attributes": {
              "enabled": true,
              "created": 1750760654,
              "updated": 1750760654,
              "recoveryLevel": "CustomizedRecoverable+Purgeable",
              "recoverableDays": 7,
              "exportable": false,
              "hsmPlatform": "0"
            }
          },
          {
            "recoveryId": "https://rgjoncardekvv76.vault.azure.net/deletedkeys/30134831",
            "deletedDate": 1750761398,
            "scheduledPurgeDate": 1751366198,
            "kid": "https://rgjoncardekvv76.vault.azure.net/keys/30134831",
            "attributes": {
              "enabled": true,
              "created": 1750761392,
              "updated": 1750761392,
              "recoveryLevel": "CustomizedRecoverable+Purgeable",
              "recoverableDays": 7,
              "exportable": false,
              "hsmPlatform": "2"
            }
          },
          {
            "recoveryId": "https://rgjoncardekvv76.vault.azure.net/deletedkeys/302859119",
            "deletedDate": 1750760700,
            "scheduledPurgeDate": 1751365500,
            "kid": "https://rgjoncardekvv76.vault.azure.net/keys/302859119",
            "attributes": {
              "enabled": true,
              "created": 1750760697,
              "updated": 1750760697,
              "recoveryLevel": "CustomizedRecoverable+Purgeable",
              "recoverableDays": 7,
              "exportable": false,
              "hsmPlatform": "0"
            }
          },
          {
            "recoveryId": "https://rgjoncardekvv76.vault.azure.net/deletedkeys/303276274",
            "deletedDate": 1750760295,
            "scheduledPurgeDate": 1751365095,
            "kid": "https://rgjoncardekvv76.vault.azure.net/keys/303276274",
            "attributes": {
              "enabled": true,
              "created": 1750760292,
              "updated": 1750760292,
              "recoveryLevel": "CustomizedRecoverable+Purgeable",
              "recoverableDays": 7,
              "exportable": false,
              "hsmPlatform": "0"
            }
          },
          {
            "recoveryId": "https://rgjoncardekvv76.vault.azure.net/deletedkeys/305786789",
            "deletedDate": 1750759963,
            "scheduledPurgeDate": 1751364763,
            "kid": "https://rgjoncardekvv76.vault.azure.net/keys/305786789",
            "attributes": {
              "enabled": true,
              "created": 1750759961,
              "updated": 1750759961,
              "recoveryLevel": "CustomizedRecoverable+Purgeable",
              "recoverableDays": 7,
              "exportable": false,
              "hsmPlatform": "0"
            }
          },
          {
            "recoveryId": "https://rgjoncardekvv76.vault.azure.net/deletedkeys/313585391",
            "deletedDate": 1750761638,
            "scheduledPurgeDate": 1751366438,
            "kid": "https://rgjoncardekvv76.vault.azure.net/keys/313585391",
            "attributes": {
              "enabled": true,
              "created": 1750761638,
              "updated": 1750761638,
              "recoveryLevel": "CustomizedRecoverable+Purgeable",
              "recoverableDays": 7,
              "exportable": false,
              "hsmPlatform": "0"
            }
          },
          {
            "recoveryId": "https://rgjoncardekvv76.vault.azure.net/deletedkeys/319345536",
            "deletedDate": 1750761797,
            "scheduledPurgeDate": 1751366597,
            "kid": "https://rgjoncardekvv76.vault.azure.net/keys/319345536",
            "attributes": {
              "enabled": true,
              "created": 1750761796,
              "updated": 1750761796,
              "recoveryLevel": "CustomizedRecoverable+Purgeable",
              "recoverableDays": 7,
              "exportable": false,
              "hsmPlatform": "2"
            }
          },
          {
            "recoveryId": "https://rgjoncardekvv76.vault.azure.net/deletedkeys/325334451",
            "deletedDate": 1750761488,
            "scheduledPurgeDate": 1751366288,
            "kid": "https://rgjoncardekvv76.vault.azure.net/keys/325334451",
            "attributes": {
              "enabled": true,
              "exp": 1750761488,
              "created": 1750761488,
              "updated": 1750761488,
              "recoveryLevel": "CustomizedRecoverable+Purgeable",
              "recoverableDays": 7,
              "exportable": false,
              "hsmPlatform": "2"
            }
          },
          {
            "recoveryId": "https://rgjoncardekvv76.vault.azure.net/deletedkeys/35095084",
            "deletedDate": 1750760306,
            "scheduledPurgeDate": 1751365106,
            "kid": "https://rgjoncardekvv76.vault.azure.net/keys/35095084",
            "attributes": {
              "enabled": true,
              "created": 1750760303,
              "updated": 1750760303,
              "recoveryLevel": "CustomizedRecoverable+Purgeable",
              "recoverableDays": 7,
              "exportable": false,
              "hsmPlatform": "0"
            }
          },
          {
            "recoveryId": "https://rgjoncardekvv76.vault.azure.net/deletedkeys/352143470",
            "deletedDate": 1750761188,
            "scheduledPurgeDate": 1751365988,
            "kid": "https://rgjoncardekvv76.vault.azure.net/keys/352143470",
            "attributes": {
              "enabled": true,
              "created": 1750761188,
              "updated": 1750761188,
              "recoveryLevel": "CustomizedRecoverable+Purgeable",
              "recoverableDays": 7,
              "exportable": false,
              "hsmPlatform": "0"
            }
          }
        ],
        "nextLink": "https://rgjoncardekvv76.vault.azure.net:443/deletedkeys?api-version=7.6&$skiptoken=Sanitized"
      }
    },
    {
      "RequestUri": "https://rgjoncardekvv76.vault.azure.net/deletedkeys?api-version=7.6&$skiptoken=Sanitized",
      "RequestMethod": "GET",
      "RequestHeaders": {
        "Accept": "application/json",
        "Authorization": "Sanitized",
        "traceparent": "00-407e9eb6cf428d2c69b57c73bebaec0f-acc6da5b733ab953-00",
        "User-Agent": "azsdk-net-Security.KeyVault.Keys/4.8.0-alpha.20250624.1 (.NET 9.0.6; Microsoft Windows 10.0.26100)",
        "x-ms-client-request-id": "Sanitized",
        "x-ms-return-client-request-id": "true"
      },
      "RequestBody": null,
      "StatusCode": 200,
      "ResponseHeaders": {
        "Cache-Control": "no-cache",
        "Content-Length": "5081",
        "Content-Type": "application/json; charset=utf-8",
        "Date": "Tue, 24 Jun 2025 10:44:00 GMT",
        "Expires": "-1",
        "Pragma": "no-cache",
        "Strict-Transport-Security": "max-age=31536000;includeSubDomains",
        "X-Content-Type-Options": "nosniff",
        "x-ms-client-request-id": "Sanitized",
        "x-ms-keyvault-network-info": "conn_type=Ipv4;addr=50.175.105.250;act_addr_fam=InterNetwork;",
        "x-ms-keyvault-rbac-assignment-id": "807e5a6370bf5a8fb08644fa8774dd23",
        "x-ms-keyvault-region": "uksouth",
        "x-ms-keyvault-service-version": "1.9.2497.1",
        "x-ms-request-id": "c3c1aece-92ef-4aaf-a0f1-7680d582d71e"
      },
      "ResponseBody": {
        "value": [
          {
            "recoveryId": "https://rgjoncardekvv76.vault.azure.net/deletedkeys/354303117",
            "deletedDate": 1750759973,
            "scheduledPurgeDate": 1751364773,
            "kid": "https://rgjoncardekvv76.vault.azure.net/keys/354303117",
            "attributes": {
              "enabled": true,
              "created": 1750759971,
              "updated": 1750759971,
              "recoveryLevel": "CustomizedRecoverable+Purgeable",
              "recoverableDays": 7,
              "exportable": false,
              "hsmPlatform": "0"
            }
          },
          {
            "recoveryId": "https://rgjoncardekvv76.vault.azure.net/deletedkeys/378796731",
            "deletedDate": 1750761291,
            "scheduledPurgeDate": 1751366091,
            "kid": "https://rgjoncardekvv76.vault.azure.net/keys/378796731",
            "attributes": {
              "enabled": true,
              "created": 1750761291,
              "updated": 1750761291,
              "recoveryLevel": "CustomizedRecoverable+Purgeable",
              "recoverableDays": 7,
              "exportable": false,
              "hsmPlatform": "2"
            }
          },
          {
            "recoveryId": "https://rgjoncardekvv76.vault.azure.net/deletedkeys/415992055",
            "deletedDate": 1750761051,
            "scheduledPurgeDate": 1751365851,
            "kid": "https://rgjoncardekvv76.vault.azure.net/keys/415992055",
            "attributes": {
              "enabled": true,
              "created": 1750761049,
              "updated": 1750761049,
              "recoveryLevel": "CustomizedRecoverable+Purgeable",
              "recoverableDays": 7,
              "exportable": false,
              "hsmPlatform": "0"
            }
          },
          {
            "recoveryId": "https://rgjoncardekvv76.vault.azure.net/deletedkeys/421905073",
            "deletedDate": 1750761768,
            "scheduledPurgeDate": 1751366568,
            "kid": "https://rgjoncardekvv76.vault.azure.net/keys/421905073",
            "attributes": {
              "enabled": true,
              "created": 1750761768,
              "updated": 1750761768,
              "recoveryLevel": "CustomizedRecoverable+Purgeable",
              "recoverableDays": 7,
              "exportable": false,
              "hsmPlatform": "0"
            }
          },
          {
            "recoveryId": "https://rgjoncardekvv76.vault.azure.net/deletedkeys/426353946",
            "deletedDate": 1750760128,
            "scheduledPurgeDate": 1751364928,
            "kid": "https://rgjoncardekvv76.vault.azure.net/keys/426353946",
            "attributes": {
              "enabled": true,
              "created": 1750760126,
              "updated": 1750760126,
              "recoveryLevel": "CustomizedRecoverable+Purgeable",
              "recoverableDays": 7,
              "exportable": false,
              "hsmPlatform": "0"
            }
          },
          {
            "recoveryId": "https://rgjoncardekvv76.vault.azure.net/deletedkeys/431163077",
            "deletedDate": 1750760493,
            "scheduledPurgeDate": 1751365293,
            "kid": "https://rgjoncardekvv76.vault.azure.net/keys/431163077",
            "attributes": {
              "enabled": true,
              "created": 1750760491,
              "updated": 1750760491,
              "recoveryLevel": "CustomizedRecoverable+Purgeable",
              "recoverableDays": 7,
              "exportable": false,
              "hsmPlatform": "0"
            }
          },
          {
            "recoveryId": "https://rgjoncardekvv76.vault.azure.net/deletedkeys/43308770",
            "deletedDate": 1750760283,
            "scheduledPurgeDate": 1751365083,
            "kid": "https://rgjoncardekvv76.vault.azure.net/keys/43308770",
            "attributes": {
              "enabled": true,
              "created": 1750760280,
              "updated": 1750760280,
              "recoveryLevel": "CustomizedRecoverable+Purgeable",
              "recoverableDays": 7,
              "exportable": false,
              "hsmPlatform": "0"
            }
          },
          {
            "recoveryId": "https://rgjoncardekvv76.vault.azure.net/deletedkeys/435994074",
            "deletedDate": 1750761508,
            "scheduledPurgeDate": 1751366308,
            "kid": "https://rgjoncardekvv76.vault.azure.net/keys/435994074",
            "attributes": {
              "enabled": true,
              "exp": 1750847907,
              "created": 1750761507,
              "updated": 1750761508,
              "recoveryLevel": "CustomizedRecoverable+Purgeable",
              "recoverableDays": 7,
              "exportable": false,
              "hsmPlatform": "2"
            }
          },
          {
            "recoveryId": "https://rgjoncardekvv76.vault.azure.net/deletedkeys/447717068",
            "deletedDate": 1750761209,
            "scheduledPurgeDate": 1751366009,
            "kid": "https://rgjoncardekvv76.vault.azure.net/keys/447717068",
            "attributes": {
              "enabled": true,
              "created": 1750761208,
              "updated": 1750761208,
              "recoveryLevel": "CustomizedRecoverable+Purgeable",
              "recoverableDays": 7,
              "exportable": false,
              "hsmPlatform": "0"
            }
          },
          {
            "recoveryId": "https://rgjoncardekvv76.vault.azure.net/deletedkeys/457461048",
            "deletedDate": 1750761719,
            "scheduledPurgeDate": 1751366519,
            "kid": "https://rgjoncardekvv76.vault.azure.net/keys/457461048",
            "attributes": {
              "enabled": false,
              "nbf": 1564536012,
              "exp": 1567128012,
              "created": 1750761719,
              "updated": 1750761719,
              "recoveryLevel": "CustomizedRecoverable+Purgeable",
              "recoverableDays": 7,
              "exportable": false,
              "hsmPlatform": "0"
            }
          },
          {
            "recoveryId": "https://rgjoncardekvv76.vault.azure.net/deletedkeys/476360747",
            "deletedDate": 1750761226,
            "scheduledPurgeDate": 1751366026,
            "kid": "https://rgjoncardekvv76.vault.azure.net/keys/476360747",
            "attributes": {
              "enabled": true,
              "created": 1750761226,
              "updated": 1750761226,
              "recoveryLevel": "CustomizedRecoverable+Purgeable",
              "recoverableDays": 7,
              "exportable": false,
              "hsmPlatform": "2"
            }
          },
          {
            "recoveryId": "https://rgjoncardekvv76.vault.azure.net/deletedkeys/502472239",
            "deletedDate": 1750760340,
            "scheduledPurgeDate": 1751365140,
            "kid": "https://rgjoncardekvv76.vault.azure.net/keys/502472239",
            "attributes": {
              "enabled": true,
              "created": 1750760337,
              "updated": 1750760337,
              "recoveryLevel": "CustomizedRecoverable+Purgeable",
              "recoverableDays": 7,
              "exportable": false,
              "hsmPlatform": "0"
            }
          },
          {
            "recoveryId": "https://rgjoncardekvv76.vault.azure.net/deletedkeys/504161390",
            "deletedDate": 1750761620,
            "scheduledPurgeDate": 1751366420,
            "kid": "https://rgjoncardekvv76.vault.azure.net/keys/504161390",
            "attributes": {
              "enabled": true,
              "created": 1750761620,
              "updated": 1750761620,
              "recoveryLevel": "CustomizedRecoverable+Purgeable",
              "recoverableDays": 7,
              "exportable": false,
              "hsmPlatform": "0"
            }
          }
        ],
        "nextLink": "https://rgjoncardekvv76.vault.azure.net:443/deletedkeys?api-version=7.6&$skiptoken=Sanitized"
      }
    },
    {
      "RequestUri": "https://rgjoncardekvv76.vault.azure.net/deletedkeys?api-version=7.6&$skiptoken=Sanitized",
      "RequestMethod": "GET",
      "RequestHeaders": {
        "Accept": "application/json",
        "Authorization": "Sanitized",
        "traceparent": "00-637f4598c45f94146df67e8f5544ddc7-f4b7a91825fee6ba-00",
        "User-Agent": "azsdk-net-Security.KeyVault.Keys/4.8.0-alpha.20250624.1 (.NET 9.0.6; Microsoft Windows 10.0.26100)",
        "x-ms-client-request-id": "Sanitized",
        "x-ms-return-client-request-id": "true"
      },
      "RequestBody": null,
      "StatusCode": 200,
      "ResponseHeaders": {
        "Cache-Control": "no-cache",
        "Content-Length": "4657",
        "Content-Type": "application/json; charset=utf-8",
        "Date": "Tue, 24 Jun 2025 10:44:00 GMT",
        "Expires": "-1",
        "Pragma": "no-cache",
        "Strict-Transport-Security": "max-age=31536000;includeSubDomains",
        "X-Content-Type-Options": "nosniff",
        "x-ms-client-request-id": "Sanitized",
        "x-ms-keyvault-network-info": "conn_type=Ipv4;addr=50.175.105.250;act_addr_fam=InterNetwork;",
        "x-ms-keyvault-rbac-assignment-id": "807e5a6370bf5a8fb08644fa8774dd23",
        "x-ms-keyvault-region": "uksouth",
        "x-ms-keyvault-service-version": "1.9.2497.1",
        "x-ms-request-id": "d52b6885-7a69-47ad-9f08-7ab74f48f1f1"
      },
      "ResponseBody": {
        "value": [
          {
            "recoveryId": "https://rgjoncardekvv76.vault.azure.net/deletedkeys/509642788",
            "deletedDate": 1750761367,
            "scheduledPurgeDate": 1751366167,
            "kid": "https://rgjoncardekvv76.vault.azure.net/keys/509642788",
            "attributes": {
              "enabled": true,
              "created": 1750761366,
              "updated": 1750761366,
              "recoveryLevel": "CustomizedRecoverable+Purgeable",
              "recoverableDays": 7,
              "exportable": false,
              "hsmPlatform": "0"
            }
          },
          {
            "recoveryId": "https://rgjoncardekvv76.vault.azure.net/deletedkeys/513162844",
            "deletedDate": 1750760374,
            "scheduledPurgeDate": 1751365174,
            "kid": "https://rgjoncardekvv76.vault.azure.net/keys/513162844",
            "attributes": {
              "enabled": true,
              "created": 1750760372,
              "updated": 1750760372,
              "recoveryLevel": "CustomizedRecoverable+Purgeable",
              "recoverableDays": 7,
              "exportable": false,
              "hsmPlatform": "0"
            }
          },
          {
            "recoveryId": "https://rgjoncardekvv76.vault.azure.net/deletedkeys/551048970",
            "deletedDate": 1750760767,
            "scheduledPurgeDate": 1751365567,
            "kid": "https://rgjoncardekvv76.vault.azure.net/keys/551048970",
            "attributes": {
              "enabled": true,
              "created": 1750760764,
              "updated": 1750760764,
              "recoveryLevel": "CustomizedRecoverable+Purgeable",
              "recoverableDays": 7,
              "exportable": false,
              "hsmPlatform": "0"
            }
          },
          {
            "recoveryId": "https://rgjoncardekvv76.vault.azure.net/deletedkeys/566619653",
            "deletedDate": 1750759931,
            "scheduledPurgeDate": 1751364731,
            "kid": "https://rgjoncardekvv76.vault.azure.net/keys/566619653",
            "attributes": {
              "enabled": true,
              "created": 1750759928,
              "updated": 1750759928,
              "recoveryLevel": "CustomizedRecoverable+Purgeable",
              "recoverableDays": 7,
              "exportable": false,
              "hsmPlatform": "0"
            }
          },
          {
            "recoveryId": "https://rgjoncardekvv76.vault.azure.net/deletedkeys/5761868970",
            "deletedDate": 1750761830,
            "scheduledPurgeDate": 1751366630,
            "kid": "https://rgjoncardekvv76.vault.azure.net/keys/5761868970",
            "attributes": {
              "enabled": true,
              "created": 1750761830,
              "updated": 1750761830,
              "recoveryLevel": "CustomizedRecoverable+Purgeable",
              "recoverableDays": 7,
              "exportable": false,
              "hsmPlatform": "0"
            }
          },
          {
            "recoveryId": "https://rgjoncardekvv76.vault.azure.net/deletedkeys/5761868971",
            "deletedDate": 1750761831,
            "scheduledPurgeDate": 1751366631,
            "kid": "https://rgjoncardekvv76.vault.azure.net/keys/5761868971",
            "attributes": {
              "enabled": true,
              "created": 1750761831,
              "updated": 1750761831,
              "recoveryLevel": "CustomizedRecoverable+Purgeable",
              "recoverableDays": 7,
              "exportable": false,
              "hsmPlatform": "0"
            }
          },
          {
            "recoveryId": "https://rgjoncardekvv76.vault.azure.net/deletedkeys/579876024",
            "deletedDate": 1750761647,
            "scheduledPurgeDate": 1751366447,
            "kid": "https://rgjoncardekvv76.vault.azure.net/keys/579876024",
            "attributes": {
              "enabled": true,
              "created": 1750761647,
              "updated": 1750761647,
              "recoveryLevel": "CustomizedRecoverable+Purgeable",
              "recoverableDays": 7,
              "exportable": false,
              "hsmPlatform": "0"
            }
          },
          {
            "recoveryId": "https://rgjoncardekvv76.vault.azure.net/deletedkeys/583779446",
            "deletedDate": 1750760386,
            "scheduledPurgeDate": 1751365186,
            "kid": "https://rgjoncardekvv76.vault.azure.net/keys/583779446",
            "attributes": {
              "enabled": true,
              "created": 1750760384,
              "updated": 1750760384,
              "recoveryLevel": "CustomizedRecoverable+Purgeable",
              "recoverableDays": 7,
              "exportable": false,
              "hsmPlatform": "0"
            }
          },
          {
            "recoveryId": "https://rgjoncardekvv76.vault.azure.net/deletedkeys/588090771",
            "deletedDate": 1750760271,
            "scheduledPurgeDate": 1751365071,
            "kid": "https://rgjoncardekvv76.vault.azure.net/keys/588090771",
            "attributes": {
              "enabled": true,
              "created": 1750760269,
              "updated": 1750760269,
              "recoveryLevel": "CustomizedRecoverable+Purgeable",
              "recoverableDays": 7,
              "exportable": false,
              "hsmPlatform": "0"
            }
          },
          {
            "recoveryId": "https://rgjoncardekvv76.vault.azure.net/deletedkeys/588153772",
            "deletedDate": 1750761785,
            "scheduledPurgeDate": 1751366585,
            "kid": "https://rgjoncardekvv76.vault.azure.net/keys/588153772",
            "attributes": {
              "enabled": true,
              "created": 1750761784,
              "updated": 1750761784,
              "recoveryLevel": "CustomizedRecoverable+Purgeable",
              "recoverableDays": 7,
              "exportable": false,
              "hsmPlatform": "2"
            }
          },
          {
            "recoveryId": "https://rgjoncardekvv76.vault.azure.net/deletedkeys/593013664",
            "deletedDate": 1750760689,
            "scheduledPurgeDate": 1751365489,
            "kid": "https://rgjoncardekvv76.vault.azure.net/keys/593013664",
            "attributes": {
              "enabled": true,
              "created": 1750760686,
              "updated": 1750760686,
              "recoveryLevel": "CustomizedRecoverable+Purgeable",
              "recoverableDays": 7,
              "exportable": false,
              "hsmPlatform": "0"
            }
          },
          {
            "recoveryId": "https://rgjoncardekvv76.vault.azure.net/deletedkeys/615695413",
            "deletedDate": 1750761061,
            "scheduledPurgeDate": 1751365861,
            "kid": "https://rgjoncardekvv76.vault.azure.net/keys/615695413",
            "attributes": {
              "enabled": true,
              "created": 1750761061,
              "updated": 1750761061,
              "recoveryLevel": "CustomizedRecoverable+Purgeable",
              "recoverableDays": 7,
              "exportable": false,
              "hsmPlatform": "0"
            }
          }
        ],
        "nextLink": "https://rgjoncardekvv76.vault.azure.net:443/deletedkeys?api-version=7.6&$skiptoken=Sanitized"
      }
    },
    {
      "RequestUri": "https://rgjoncardekvv76.vault.azure.net/deletedkeys?api-version=7.6&$skiptoken=Sanitized",
      "RequestMethod": "GET",
      "RequestHeaders": {
        "Accept": "application/json",
        "Authorization": "Sanitized",
        "traceparent": "00-825b4005561a49dfa7a536d1e62d1164-469873a43869840d-00",
        "User-Agent": "azsdk-net-Security.KeyVault.Keys/4.8.0-alpha.20250624.1 (.NET 9.0.6; Microsoft Windows 10.0.26100)",
        "x-ms-client-request-id": "Sanitized",
        "x-ms-return-client-request-id": "true"
      },
      "RequestBody": null,
      "StatusCode": 200,
      "ResponseHeaders": {
        "Cache-Control": "no-cache",
        "Content-Length": "5040",
        "Content-Type": "application/json; charset=utf-8",
        "Date": "Tue, 24 Jun 2025 10:44:00 GMT",
        "Expires": "-1",
        "Pragma": "no-cache",
        "Strict-Transport-Security": "max-age=31536000;includeSubDomains",
        "X-Content-Type-Options": "nosniff",
        "x-ms-client-request-id": "Sanitized",
        "x-ms-keyvault-network-info": "conn_type=Ipv4;addr=50.175.105.250;act_addr_fam=InterNetwork;",
        "x-ms-keyvault-rbac-assignment-id": "807e5a6370bf5a8fb08644fa8774dd23",
        "x-ms-keyvault-region": "uksouth",
        "x-ms-keyvault-service-version": "1.9.2497.1",
        "x-ms-request-id": "63638b2d-df72-419d-8523-4cc5154311a2"
      },
      "ResponseBody": {
        "value": [
          {
            "recoveryId": "https://rgjoncardekvv76.vault.azure.net/deletedkeys/637739279",
            "deletedDate": 1750760192,
            "scheduledPurgeDate": 1751364992,
            "kid": "https://rgjoncardekvv76.vault.azure.net/keys/637739279",
            "attributes": {
              "enabled": true,
              "created": 1750760190,
              "updated": 1750760190,
              "recoveryLevel": "CustomizedRecoverable+Purgeable",
              "recoverableDays": 7,
              "exportable": false,
              "hsmPlatform": "0"
            }
          },
          {
            "recoveryId": "https://rgjoncardekvv76.vault.azure.net/deletedkeys/64356947",
            "deletedDate": 1750761088,
            "scheduledPurgeDate": 1751365888,
            "kid": "https://rgjoncardekvv76.vault.azure.net/keys/64356947",
            "attributes": {
              "enabled": true,
              "created": 1750761088,
              "updated": 1750761088,
              "recoveryLevel": "CustomizedRecoverable+Purgeable",
              "recoverableDays": 7,
              "exportable": false,
              "hsmPlatform": "0"
            }
          },
          {
            "recoveryId": "https://rgjoncardekvv76.vault.azure.net/deletedkeys/663537906",
            "deletedDate": 1750760526,
            "scheduledPurgeDate": 1751365326,
            "kid": "https://rgjoncardekvv76.vault.azure.net/keys/663537906",
            "attributes": {
              "enabled": true,
              "created": 1750760524,
              "updated": 1750760524,
              "recoveryLevel": "CustomizedRecoverable+Purgeable",
              "recoverableDays": 7,
              "exportable": false,
              "hsmPlatform": "0"
            }
          },
          {
            "recoveryId": "https://rgjoncardekvv76.vault.azure.net/deletedkeys/673812952",
            "deletedDate": 1750761536,
            "scheduledPurgeDate": 1751366336,
            "kid": "https://rgjoncardekvv76.vault.azure.net/keys/673812952",
            "attributes": {
              "enabled": true,
              "exp": 1750761536,
              "created": 1750761536,
              "updated": 1750761536,
              "recoveryLevel": "CustomizedRecoverable+Purgeable",
              "recoverableDays": 7,
              "exportable": false,
              "hsmPlatform": "0"
            }
          },
          {
            "recoveryId": "https://rgjoncardekvv76.vault.azure.net/deletedkeys/687883797",
            "deletedDate": 1750761070,
            "scheduledPurgeDate": 1751365870,
            "kid": "https://rgjoncardekvv76.vault.azure.net/keys/687883797",
            "attributes": {
              "enabled": true,
              "created": 1750761070,
              "updated": 1750761070,
              "recoveryLevel": "CustomizedRecoverable+Purgeable",
              "recoverableDays": 7,
              "exportable": false,
              "hsmPlatform": "0"
            }
          },
          {
            "recoveryId": "https://rgjoncardekvv76.vault.azure.net/deletedkeys/689063411",
            "deletedDate": 1750760868,
            "scheduledPurgeDate": 1751365668,
            "kid": "https://rgjoncardekvv76.vault.azure.net/keys/689063411",
            "attributes": {
              "enabled": true,
              "created": 1750760865,
              "updated": 1750760865,
              "recoveryLevel": "CustomizedRecoverable+Purgeable",
              "recoverableDays": 7,
              "exportable": false,
              "hsmPlatform": "0"
            }
          },
          {
            "recoveryId": "https://rgjoncardekvv76.vault.azure.net/deletedkeys/707318185",
            "deletedDate": 1750759919,
            "scheduledPurgeDate": 1751364719,
            "kid": "https://rgjoncardekvv76.vault.azure.net/keys/707318185",
            "attributes": {
              "enabled": true,
              "created": 1750759916,
              "updated": 1750759916,
              "recoveryLevel": "CustomizedRecoverable+Purgeable",
              "recoverableDays": 7,
              "exportable": false,
              "hsmPlatform": "0"
            }
          },
          {
            "recoveryId": "https://rgjoncardekvv76.vault.azure.net/deletedkeys/720328819",
            "deletedDate": 1750760483,
            "scheduledPurgeDate": 1751365283,
            "kid": "https://rgjoncardekvv76.vault.azure.net/keys/720328819",
            "attributes": {
              "enabled": true,
              "created": 1750760481,
              "updated": 1750760481,
              "recoveryLevel": "CustomizedRecoverable+Purgeable",
              "recoverableDays": 7,
              "exportable": false,
              "hsmPlatform": "0"
            }
          },
          {
            "recoveryId": "https://rgjoncardekvv76.vault.azure.net/deletedkeys/7229477",
            "deletedDate": 1750760452,
            "scheduledPurgeDate": 1751365252,
            "kid": "https://rgjoncardekvv76.vault.azure.net/keys/7229477",
            "attributes": {
              "enabled": true,
              "created": 1750760450,
              "updated": 1750760450,
              "recoveryLevel": "CustomizedRecoverable+Purgeable",
              "recoverableDays": 7,
              "exportable": false,
              "hsmPlatform": "0"
            }
          },
          {
            "recoveryId": "https://rgjoncardekvv76.vault.azure.net/deletedkeys/725047631",
            "deletedDate": 1750760316,
            "scheduledPurgeDate": 1751365116,
            "kid": "https://rgjoncardekvv76.vault.azure.net/keys/725047631",
            "attributes": {
              "enabled": true,
              "created": 1750760314,
              "updated": 1750760314,
              "recoveryLevel": "CustomizedRecoverable+Purgeable",
              "recoverableDays": 7,
              "exportable": false,
              "hsmPlatform": "0"
            }
          },
          {
            "recoveryId": "https://rgjoncardekvv76.vault.azure.net/deletedkeys/739054969",
            "deletedDate": 1750760118,
            "scheduledPurgeDate": 1751364918,
            "kid": "https://rgjoncardekvv76.vault.azure.net/keys/739054969",
            "attributes": {
              "enabled": true,
              "created": 1750760115,
              "updated": 1750760115,
              "recoveryLevel": "CustomizedRecoverable+Purgeable",
              "recoverableDays": 7,
              "exportable": false,
              "hsmPlatform": "0"
            }
          },
          {
            "recoveryId": "https://rgjoncardekvv76.vault.azure.net/deletedkeys/742519742",
            "deletedDate": 1750761676,
            "scheduledPurgeDate": 1751366476,
            "kid": "https://rgjoncardekvv76.vault.azure.net/keys/742519742",
            "attributes": {
              "enabled": true,
              "created": 1750761675,
              "updated": 1750761675,
              "recoveryLevel": "CustomizedRecoverable+Purgeable",
              "recoverableDays": 7,
              "exportable": false,
              "hsmPlatform": "0"
            }
          },
          {
            "recoveryId": "https://rgjoncardekvv76.vault.azure.net/deletedkeys/76045373",
            "deletedDate": 1750761729,
            "scheduledPurgeDate": 1751366529,
            "kid": "https://rgjoncardekvv76.vault.azure.net/keys/76045373",
            "attributes": {
              "enabled": true,
              "created": 1750761728,
              "updated": 1750761728,
              "recoveryLevel": "CustomizedRecoverable+Purgeable",
              "recoverableDays": 7,
              "exportable": false,
              "hsmPlatform": "2"
            }
          }
        ],
        "nextLink": "https://rgjoncardekvv76.vault.azure.net:443/deletedkeys?api-version=7.6&$skiptoken=Sanitized"
      }
    },
    {
      "RequestUri": "https://rgjoncardekvv76.vault.azure.net/deletedkeys?api-version=7.6&$skiptoken=Sanitized",
      "RequestMethod": "GET",
      "RequestHeaders": {
        "Accept": "application/json",
        "Authorization": "Sanitized",
        "traceparent": "00-0f774f695b3dec1e95d2a779cc77c578-50e13dd02210f26f-00",
        "User-Agent": "azsdk-net-Security.KeyVault.Keys/4.8.0-alpha.20250624.1 (.NET 9.0.6; Microsoft Windows 10.0.26100)",
        "x-ms-client-request-id": "Sanitized",
        "x-ms-return-client-request-id": "true"
      },
      "RequestBody": null,
      "StatusCode": 200,
      "ResponseHeaders": {
        "Cache-Control": "no-cache",
        "Content-Length": "4653",
        "Content-Type": "application/json; charset=utf-8",
        "Date": "Tue, 24 Jun 2025 10:44:01 GMT",
        "Expires": "-1",
        "Pragma": "no-cache",
        "Strict-Transport-Security": "max-age=31536000;includeSubDomains",
        "X-Content-Type-Options": "nosniff",
        "x-ms-client-request-id": "Sanitized",
        "x-ms-keyvault-network-info": "conn_type=Ipv4;addr=50.175.105.250;act_addr_fam=InterNetwork;",
        "x-ms-keyvault-rbac-assignment-id": "807e5a6370bf5a8fb08644fa8774dd23",
        "x-ms-keyvault-region": "uksouth",
        "x-ms-keyvault-service-version": "1.9.2497.1",
        "x-ms-request-id": "d80b267b-1839-4abc-b52e-cac71aa32e0a"
      },
      "ResponseBody": {
        "value": [
          {
            "recoveryId": "https://rgjoncardekvv76.vault.azure.net/deletedkeys/816810076",
            "deletedDate": 1750760472,
            "scheduledPurgeDate": 1751365272,
            "kid": "https://rgjoncardekvv76.vault.azure.net/keys/816810076",
            "attributes": {
              "enabled": true,
              "created": 1750760471,
              "updated": 1750760471,
              "recoveryLevel": "CustomizedRecoverable+Purgeable",
              "recoverableDays": 7,
              "exportable": false,
              "hsmPlatform": "0"
            }
          },
          {
            "recoveryId": "https://rgjoncardekvv76.vault.azure.net/deletedkeys/84814113",
            "deletedDate": 1750760012,
            "scheduledPurgeDate": 1751364812,
            "kid": "https://rgjoncardekvv76.vault.azure.net/keys/84814113",
            "attributes": {
              "enabled": true,
              "created": 1750760010,
              "updated": 1750760010,
              "recoveryLevel": "CustomizedRecoverable+Purgeable",
              "recoverableDays": 7,
              "exportable": false,
              "hsmPlatform": "0"
            }
          },
          {
            "recoveryId": "https://rgjoncardekvv76.vault.azure.net/deletedkeys/851105028",
            "deletedDate": 1750760722,
            "scheduledPurgeDate": 1751365522,
            "kid": "https://rgjoncardekvv76.vault.azure.net/keys/851105028",
            "attributes": {
              "enabled": true,
              "created": 1750760720,
              "updated": 1750760720,
              "recoveryLevel": "CustomizedRecoverable+Purgeable",
              "recoverableDays": 7,
              "exportable": false,
              "hsmPlatform": "0"
            }
          },
          {
            "recoveryId": "https://rgjoncardekvv76.vault.azure.net/deletedkeys/851229517",
            "deletedDate": 1750761108,
            "scheduledPurgeDate": 1751365908,
            "kid": "https://rgjoncardekvv76.vault.azure.net/keys/851229517",
            "attributes": {
              "enabled": true,
              "created": 1750761107,
              "updated": 1750761107,
              "recoveryLevel": "CustomizedRecoverable+Purgeable",
              "recoverableDays": 7,
              "exportable": true,
              "hsmPlatform": "2"
            }
          },
          {
            "recoveryId": "https://rgjoncardekvv76.vault.azure.net/deletedkeys/8822298280",
            "deletedDate": 1750761273,
            "scheduledPurgeDate": 1751366073,
            "kid": "https://rgjoncardekvv76.vault.azure.net/keys/8822298280",
            "attributes": {
              "enabled": true,
              "created": 1750761273,
              "updated": 1750761273,
              "recoveryLevel": "CustomizedRecoverable+Purgeable",
              "recoverableDays": 7,
              "exportable": false,
              "hsmPlatform": "0"
            }
          },
          {
            "recoveryId": "https://rgjoncardekvv76.vault.azure.net/deletedkeys/8822298281",
            "deletedDate": 1750761273,
            "scheduledPurgeDate": 1751366073,
            "kid": "https://rgjoncardekvv76.vault.azure.net/keys/8822298281",
            "attributes": {
              "enabled": true,
              "created": 1750761273,
              "updated": 1750761273,
              "recoveryLevel": "CustomizedRecoverable+Purgeable",
              "recoverableDays": 7,
              "exportable": false,
              "hsmPlatform": "0"
            }
          },
          {
            "recoveryId": "https://rgjoncardekvv76.vault.azure.net/deletedkeys/891035081",
            "deletedDate": 1750761453,
            "scheduledPurgeDate": 1751366253,
            "kid": "https://rgjoncardekvv76.vault.azure.net/keys/891035081",
            "attributes": {
              "enabled": true,
              "created": 1750761451,
              "updated": 1750761451,
              "recoveryLevel": "CustomizedRecoverable+Purgeable",
              "recoverableDays": 7,
              "exportable": true,
              "hsmPlatform": "2"
            }
          },
          {
            "recoveryId": "https://rgjoncardekvv76.vault.azure.net/deletedkeys/941475657",
            "deletedDate": 1750760537,
            "scheduledPurgeDate": 1751365337,
            "kid": "https://rgjoncardekvv76.vault.azure.net/keys/941475657",
            "attributes": {
              "enabled": true,
              "created": 1750760534,
              "updated": 1750760534,
              "recoveryLevel": "CustomizedRecoverable+Purgeable",
              "recoverableDays": 7,
              "exportable": false,
              "hsmPlatform": "0"
            }
          },
          {
            "recoveryId": "https://rgjoncardekvv76.vault.azure.net/deletedkeys/955235633",
            "deletedDate": 1750760418,
            "scheduledPurgeDate": 1751365218,
            "kid": "https://rgjoncardekvv76.vault.azure.net/keys/955235633",
            "attributes": {
              "enabled": true,
              "created": 1750760416,
              "updated": 1750760416,
              "recoveryLevel": "CustomizedRecoverable+Purgeable",
              "recoverableDays": 7,
              "exportable": false,
              "hsmPlatform": "0"
            }
          },
          {
            "recoveryId": "https://rgjoncardekvv76.vault.azure.net/deletedkeys/975386705",
            "deletedDate": 1750760226,
            "scheduledPurgeDate": 1751365026,
            "kid": "https://rgjoncardekvv76.vault.azure.net/keys/975386705",
            "attributes": {
              "enabled": true,
              "created": 1750760223,
              "updated": 1750760223,
              "recoveryLevel": "CustomizedRecoverable+Purgeable",
              "recoverableDays": 7,
              "exportable": false,
              "hsmPlatform": "0"
            }
          },
          {
            "recoveryId": "https://rgjoncardekvv76.vault.azure.net/deletedkeys/978340393",
            "deletedDate": 1750760956,
            "scheduledPurgeDate": 1751365756,
            "kid": "https://rgjoncardekvv76.vault.azure.net/keys/978340393",
            "attributes": {
              "enabled": true,
              "created": 1750760954,
              "updated": 1750760954,
              "recoveryLevel": "CustomizedRecoverable+Purgeable",
              "recoverableDays": 7,
              "exportable": false,
              "hsmPlatform": "0"
            }
          },
          {
            "recoveryId": "https://rgjoncardekvv76.vault.azure.net/deletedkeys/980098334",
            "deletedDate": 1750760547,
            "scheduledPurgeDate": 1751365347,
            "kid": "https://rgjoncardekvv76.vault.azure.net/keys/980098334",
            "attributes": {
              "enabled": true,
              "created": 1750760545,
              "updated": 1750760545,
              "recoveryLevel": "CustomizedRecoverable+Purgeable",
              "recoverableDays": 7,
              "exportable": false,
              "hsmPlatform": "0"
            }
          }
        ],
        "nextLink": "https://rgjoncardekvv76.vault.azure.net:443/deletedkeys?api-version=7.6&$skiptoken=Sanitized"
      }
    },
    {
      "RequestUri": "https://rgjoncardekvv76.vault.azure.net/deletedkeys?api-version=7.6&$skiptoken=Sanitized",
      "RequestMethod": "GET",
      "RequestHeaders": {
        "Accept": "application/json",
        "Authorization": "Sanitized",
        "traceparent": "00-f7e2665663a86a7a4fef6e265fc04587-bcd3378881563d0f-00",
        "User-Agent": "azsdk-net-Security.KeyVault.Keys/4.8.0-alpha.20250624.1 (.NET 9.0.6; Microsoft Windows 10.0.26100)",
        "x-ms-client-request-id": "Sanitized",
        "x-ms-return-client-request-id": "true"
      },
      "RequestBody": null,
      "StatusCode": 200,
      "ResponseHeaders": {
        "Cache-Control": "no-cache",
        "Content-Length": "405",
        "Content-Type": "application/json; charset=utf-8",
        "Date": "Tue, 24 Jun 2025 10:44:01 GMT",
        "Expires": "-1",
        "Pragma": "no-cache",
        "Strict-Transport-Security": "max-age=31536000;includeSubDomains",
        "X-Content-Type-Options": "nosniff",
        "x-ms-client-request-id": "Sanitized",
        "x-ms-keyvault-network-info": "conn_type=Ipv4;addr=50.175.105.250;act_addr_fam=InterNetwork;",
        "x-ms-keyvault-rbac-assignment-id": "807e5a6370bf5a8fb08644fa8774dd23",
        "x-ms-keyvault-region": "uksouth",
        "x-ms-keyvault-service-version": "1.9.2497.1",
        "x-ms-request-id": "d5447614-2053-471a-90ce-842aa8498eeb"
      },
      "ResponseBody": {
        "value": [
          {
            "recoveryId": "https://rgjoncardekvv76.vault.azure.net/deletedkeys/991000245",
            "deletedDate": 1750760605,
            "scheduledPurgeDate": 1751365405,
            "kid": "https://rgjoncardekvv76.vault.azure.net/keys/991000245",
            "attributes": {
              "enabled": true,
              "created": 1750760603,
              "updated": 1750760603,
              "recoveryLevel": "CustomizedRecoverable+Purgeable",
              "recoverableDays": 7,
              "exportable": false,
              "hsmPlatform": "0"
            }
          }
        ],
        "nextLink": null
      }
    }
  ],
  "Variables": {
    "AZURE_KEYVAULT_URL": "https://rgjoncardekvv76.vault.azure.net/",
    "RandomSeed": "803074369"
  }
}
