{
  "Entries": [
    {
      "RequestUri": "https://tcac7e9c41ef52cec.vault.azure.net/keys/1848809666/create?api-version=7.5",
      "RequestMethod": "POST",
      "RequestHeaders": {
        "Accept": "application/json",
        "Content-Length": "0",
        "traceparent": "00-289dca358afd61d13cb483c0b13863f9-bcfaba7c1e94c99c-00",
        "User-Agent": "azsdk-net-Security.KeyVault.Keys/4.6.0-alpha.20240209.1 (.NET 7.0.15; Microsoft Windows 10.0.22631)",
        "x-ms-client-request-id": "d710119be533d829b76ac11d66a78aa3",
        "x-ms-return-client-request-id": "true"
      },
      "RequestBody": null,
      "StatusCode": 401,
      "ResponseHeaders": {
        "Cache-Control": "no-cache",
        "Content-Length": "97",
        "Content-Type": "application/json; charset=utf-8",
        "Date": "Sat, 10 Feb 2024 01:56:05 GMT",
        "Expires": "-1",
        "Pragma": "no-cache",
        "Strict-Transport-Security": "max-age=31536000;includeSubDomains",
        "WWW-Authenticate": "Bearer authorization=\u0022https://login.microsoftonline.com/72f988bf-86f1-41af-91ab-2d7cd011db47\u0022, resource=\u0022https://vault.azure.net\u0022",
        "X-Content-Type-Options": "nosniff",
        "x-ms-client-request-id": "d710119be533d829b76ac11d66a78aa3",
        "x-ms-keyvault-network-info": "conn_type=Ipv4;addr=24.16.18.89;act_addr_fam=InterNetwork;",
        "x-ms-keyvault-region": "westus",
        "x-ms-keyvault-service-version": "1.9.1272.1",
        "x-ms-request-id": "535990e3-9adf-4d8f-b45d-d4ac22720d35"
      },
      "ResponseBody": {
        "error": {
          "code": "Unauthorized",
          "message": "AKV10000: Request is missing a Bearer or PoP token."
        }
      }
    },
    {
      "RequestUri": "https://tcac7e9c41ef52cec.vault.azure.net/keys/1848809666/create?api-version=7.5",
      "RequestMethod": "POST",
      "RequestHeaders": {
        "Accept": "application/json",
        "Authorization": "Sanitized",
        "Content-Length": "16",
        "Content-Type": "application/json",
        "traceparent": "00-289dca358afd61d13cb483c0b13863f9-bcfaba7c1e94c99c-00",
        "User-Agent": "azsdk-net-Security.KeyVault.Keys/4.6.0-alpha.20240209.1 (.NET 7.0.15; Microsoft Windows 10.0.22631)",
        "x-ms-client-request-id": "d710119be533d829b76ac11d66a78aa3",
        "x-ms-return-client-request-id": "true"
      },
      "RequestBody": {
        "kty": "EC-HSM"
      },
      "StatusCode": 200,
      "ResponseHeaders": {
        "Cache-Control": "no-cache",
        "Content-Length": "444",
        "Content-Type": "application/json; charset=utf-8",
        "Date": "Sat, 10 Feb 2024 01:56:06 GMT",
        "Expires": "-1",
        "Pragma": "no-cache",
        "Strict-Transport-Security": "max-age=31536000;includeSubDomains",
        "X-Content-Type-Options": "nosniff",
        "x-ms-client-request-id": "d710119be533d829b76ac11d66a78aa3",
        "x-ms-keyvault-network-info": "conn_type=Ipv4;addr=24.16.18.89;act_addr_fam=InterNetwork;",
        "x-ms-keyvault-rbac-assignment-id": "3a671e1416c74c6388dee86ce824fdec",
        "x-ms-keyvault-region": "westus",
        "x-ms-keyvault-service-version": "1.9.1272.1",
        "x-ms-request-id": "c0b8e153-638d-48b7-8d99-01cd4ebb12dc"
      },
      "ResponseBody": {
        "key": {
          "kid": "https://tcac7e9c41ef52cec.vault.azure.net/keys/1848809666/e03a0c4f8be340c6b99362d46cccd26b",
          "kty": "EC-HSM",
          "key_ops": [
            "sign",
            "verify"
          ],
          "crv": "P-256",
          "x": "2LGHr0ANRTf1D06FQaHUBV73AMUAeFMB8GLu00VEO38",
          "y": "WOhy4g6AG5zmCqY5zgpkczRzBGWEwnjwhnxNrWJ0YYo"
        },
        "attributes": {
          "enabled": true,
          "created": 1707530166,
          "updated": 1707530166,
          "recoveryLevel": "CustomizedRecoverable\u002BPurgeable",
          "recoverableDays": 7,
          "exportable": false,
          "hsmPlatform": "2"
        }
      }
    },
    {
      "RequestUri": "https://tcac7e9c41ef52cec.vault.azure.net/keys/1848809666/?api-version=7.5",
      "RequestMethod": "GET",
      "RequestHeaders": {
        "Accept": "application/json",
        "Authorization": "Sanitized",
        "traceparent": "00-2744358eb52c082e27c03fc01d368823-da6023f5b6d08f72-00",
        "User-Agent": "azsdk-net-Security.KeyVault.Keys/4.6.0-alpha.20240209.1 (.NET 7.0.15; Microsoft Windows 10.0.22631)",
        "x-ms-client-request-id": "a6f26c0fc761d029a801ac03df2b2ab6",
        "x-ms-return-client-request-id": "true"
      },
      "RequestBody": null,
      "StatusCode": 200,
      "ResponseHeaders": {
        "Cache-Control": "no-cache",
        "Content-Length": "444",
        "Content-Type": "application/json; charset=utf-8",
        "Date": "Sat, 10 Feb 2024 01:56:06 GMT",
        "Expires": "-1",
        "Pragma": "no-cache",
        "Strict-Transport-Security": "max-age=31536000;includeSubDomains",
        "X-Content-Type-Options": "nosniff",
        "x-ms-client-request-id": "a6f26c0fc761d029a801ac03df2b2ab6",
        "x-ms-keyvault-network-info": "conn_type=Ipv4;addr=24.16.18.89;act_addr_fam=InterNetwork;",
        "x-ms-keyvault-rbac-assignment-id": "3a671e1416c74c6388dee86ce824fdec",
        "x-ms-keyvault-region": "westus",
        "x-ms-keyvault-service-version": "1.9.1272.1",
        "x-ms-request-id": "56bab797-5367-4c40-9773-0d309eb5aed3"
      },
      "ResponseBody": {
        "key": {
          "kid": "https://tcac7e9c41ef52cec.vault.azure.net/keys/1848809666/e03a0c4f8be340c6b99362d46cccd26b",
          "kty": "EC-HSM",
          "key_ops": [
            "sign",
            "verify"
          ],
          "crv": "P-256",
          "x": "2LGHr0ANRTf1D06FQaHUBV73AMUAeFMB8GLu00VEO38",
          "y": "WOhy4g6AG5zmCqY5zgpkczRzBGWEwnjwhnxNrWJ0YYo"
        },
        "attributes": {
          "enabled": true,
          "created": 1707530166,
          "updated": 1707530166,
          "recoveryLevel": "CustomizedRecoverable\u002BPurgeable",
          "recoverableDays": 7,
          "exportable": false,
          "hsmPlatform": "2"
        }
      }
    }
  ],
  "Variables": {
    "AZURE_KEYVAULT_URL": "https://tcac7e9c41ef52cec.vault.azure.net/",
    "RandomSeed": "637529134"
  }
}
