{
  "Entries": [
    {
      "RequestUri": "https://tcac7e9c41ef52cec.vault.azure.net/keys/42815868/create?api-version=7.5-preview.1",
      "RequestMethod": "POST",
      "RequestHeaders": {
        "Accept": "application/json",
        "Content-Length": "0",
        "traceparent": "00-8cf81b3f91c1b2c55fb4de114aca5678-2fc451ce905ff1ea-00",
        "User-Agent": "azsdk-net-Security.KeyVault.Keys/4.6.0-alpha.20230825.1 (.NET 7.0.10; Microsoft Windows 10.0.22621)",
        "x-ms-client-request-id": "c36dbde56659bb14065fc7ada4aa8105",
        "x-ms-return-client-request-id": "true"
      },
      "RequestBody": null,
      "StatusCode": 401,
      "ResponseHeaders": {
        "Cache-Control": "no-cache",
        "Content-Length": "97",
        "Content-Type": "application/json; charset=utf-8",
        "Date": "Fri, 25 Aug 2023 21:20:35 GMT",
        "Expires": "-1",
        "Pragma": "no-cache",
        "Strict-Transport-Security": "max-age=31536000;includeSubDomains",
        "WWW-Authenticate": "Bearer authorization=\u0022https://login.microsoftonline.com/72f988bf-86f1-41af-91ab-2d7cd011db47\u0022, resource=\u0022https://vault.azure.net\u0022",
        "X-Content-Type-Options": "nosniff",
        "x-ms-client-request-id": "c36dbde56659bb14065fc7ada4aa8105",
        "x-ms-keyvault-network-info": "conn_type=Ipv4;addr=24.16.18.89;act_addr_fam=InterNetwork;",
        "x-ms-keyvault-region": "westus",
        "x-ms-keyvault-service-version": "1.9.950.1",
        "x-ms-request-id": "239219a0-fb2c-42c2-9f18-4d0ad00d29a2"
      },
      "ResponseBody": {
        "error": {
          "code": "Unauthorized",
          "message": "AKV10000: Request is missing a Bearer or PoP token."
        }
      }
    },
    {
      "RequestUri": "https://tcac7e9c41ef52cec.vault.azure.net/keys/42815868/create?api-version=7.5-preview.1",
      "RequestMethod": "POST",
      "RequestHeaders": {
        "Accept": "application/json",
        "Authorization": "Sanitized",
        "Content-Length": "12",
        "Content-Type": "application/json",
        "traceparent": "00-8cf81b3f91c1b2c55fb4de114aca5678-2fc451ce905ff1ea-00",
        "User-Agent": "azsdk-net-Security.KeyVault.Keys/4.6.0-alpha.20230825.1 (.NET 7.0.10; Microsoft Windows 10.0.22621)",
        "x-ms-client-request-id": "c36dbde56659bb14065fc7ada4aa8105",
        "x-ms-return-client-request-id": "true"
      },
      "RequestBody": {
        "kty": "EC"
      },
      "StatusCode": 200,
      "ResponseHeaders": {
        "Cache-Control": "no-cache",
        "Content-Length": "438",
        "Content-Type": "application/json; charset=utf-8",
        "Date": "Fri, 25 Aug 2023 21:20:35 GMT",
        "Expires": "-1",
        "Pragma": "no-cache",
        "Strict-Transport-Security": "max-age=31536000;includeSubDomains",
        "X-Content-Type-Options": "nosniff",
        "x-ms-client-request-id": "c36dbde56659bb14065fc7ada4aa8105",
        "x-ms-keyvault-network-info": "conn_type=Ipv4;addr=24.16.18.89;act_addr_fam=InterNetwork;",
        "x-ms-keyvault-rbac-assignment-id": "466efa33-812c-52bf-a654-fa0cf1fa2619",
        "x-ms-keyvault-rbac-cache": "ra_age=107;da_age=369;rd_age=369;brd_age=13453;ra_notif_age=122;dec_lev=1;",
        "x-ms-keyvault-region": "westus",
        "x-ms-keyvault-service-version": "1.9.950.1",
        "x-ms-request-id": "e55e336c-09f6-4511-8177-be1b0cc40e3e"
      },
      "ResponseBody": {
        "key": {
          "kid": "https://tcac7e9c41ef52cec.vault.azure.net/keys/42815868/76574daa72cd42d28cd3c14ca586f31d",
          "kty": "EC",
          "key_ops": [
            "sign",
            "verify"
          ],
          "crv": "P-256",
          "x": "ua81ju7B017805lStVMgCoeIuB_KbX78hc0xKkC2_aE",
          "y": "MtcwFfz1HWMPBLxsovQypAJCdlJYao081S5v34KFGhU"
        },
        "attributes": {
          "enabled": true,
          "created": 1692998435,
          "updated": 1692998435,
          "recoveryLevel": "CustomizedRecoverable\u002BPurgeable",
          "recoverableDays": 7,
          "exportable": false,
          "hsmPlatform": "0"
        }
      }
    },
    {
      "RequestUri": "https://tcac7e9c41ef52cec.vault.azure.net/keys/42815868/76574daa72cd42d28cd3c14ca586f31d?api-version=7.5-preview.1",
      "RequestMethod": "GET",
      "RequestHeaders": {
        "Accept": "application/json",
        "Authorization": "Sanitized",
        "traceparent": "00-67a9e9b04993a89c1e5dd26315534ddd-ec05af0690f7f55e-00",
        "User-Agent": "azsdk-net-Security.KeyVault.Keys/4.6.0-alpha.20230825.1 (.NET 7.0.10; Microsoft Windows 10.0.22621)",
        "x-ms-client-request-id": "d3917a3f0bbcf106731e95f467606f8a",
        "x-ms-return-client-request-id": "true"
      },
      "RequestBody": null,
      "StatusCode": 200,
      "ResponseHeaders": {
        "Cache-Control": "no-cache",
        "Content-Length": "438",
        "Content-Type": "application/json; charset=utf-8",
        "Date": "Fri, 25 Aug 2023 21:20:35 GMT",
        "Expires": "-1",
        "Pragma": "no-cache",
        "Strict-Transport-Security": "max-age=31536000;includeSubDomains",
        "X-Content-Type-Options": "nosniff",
        "x-ms-client-request-id": "d3917a3f0bbcf106731e95f467606f8a",
        "x-ms-keyvault-network-info": "conn_type=Ipv4;addr=24.16.18.89;act_addr_fam=InterNetwork;",
        "x-ms-keyvault-rbac-assignment-id": "466efa33-812c-52bf-a654-fa0cf1fa2619",
        "x-ms-keyvault-rbac-cache": "ra_age=107;da_age=369;rd_age=369;brd_age=13453;ra_notif_age=122;dec_lev=1;",
        "x-ms-keyvault-region": "westus",
        "x-ms-keyvault-service-version": "1.9.950.1",
        "x-ms-request-id": "638466ff-40ac-4fab-ba04-60fb7ff0b97a"
      },
      "ResponseBody": {
        "key": {
          "kid": "https://tcac7e9c41ef52cec.vault.azure.net/keys/42815868/76574daa72cd42d28cd3c14ca586f31d",
          "kty": "EC",
          "key_ops": [
            "sign",
            "verify"
          ],
          "crv": "P-256",
          "x": "ua81ju7B017805lStVMgCoeIuB_KbX78hc0xKkC2_aE",
          "y": "MtcwFfz1HWMPBLxsovQypAJCdlJYao081S5v34KFGhU"
        },
        "attributes": {
          "enabled": true,
          "created": 1692998435,
          "updated": 1692998435,
          "recoveryLevel": "CustomizedRecoverable\u002BPurgeable",
          "recoverableDays": 7,
          "exportable": false,
          "hsmPlatform": "0"
        }
      }
    }
  ],
  "Variables": {
    "AZURE_AUTHORITY_HOST": "https://login.microsoftonline.com",
    "AZURE_KEYVAULT_URL": "https://tcac7e9c41ef52cec.vault.azure.net/",
    "RandomSeed": "1416087709"
  }
}
