{
  "Entries": [
    {
      "RequestUri": "https://tcac7e9c41ef52cec.vault.azure.net/keys/54964509/create?api-version=7.5",
      "RequestMethod": "POST",
      "RequestHeaders": {
        "Accept": "application/json",
        "Content-Length": "0",
        "traceparent": "00-fb05269f643cf45dfca0defadaeb5745-078bbb712b3776e8-00",
        "User-Agent": "azsdk-net-Security.KeyVault.Keys/4.6.0-alpha.20240209.1 (.NET 7.0.15; Microsoft Windows 10.0.22631)",
        "x-ms-client-request-id": "4dda86201183548d71ed207e4a67672d",
        "x-ms-return-client-request-id": "true"
      },
      "RequestBody": null,
      "StatusCode": 401,
      "ResponseHeaders": {
        "Cache-Control": "no-cache",
        "Content-Length": "97",
        "Content-Type": "application/json; charset=utf-8",
        "Date": "Sat, 10 Feb 2024 01:54:08 GMT",
        "Expires": "-1",
        "Pragma": "no-cache",
        "Strict-Transport-Security": "max-age=31536000;includeSubDomains",
        "WWW-Authenticate": "Bearer authorization=\u0022https://login.microsoftonline.com/72f988bf-86f1-41af-91ab-2d7cd011db47\u0022, resource=\u0022https://vault.azure.net\u0022",
        "X-Content-Type-Options": "nosniff",
        "x-ms-client-request-id": "4dda86201183548d71ed207e4a67672d",
        "x-ms-keyvault-network-info": "conn_type=Ipv4;addr=24.16.18.89;act_addr_fam=InterNetwork;",
        "x-ms-keyvault-region": "westus",
        "x-ms-keyvault-service-version": "1.9.1272.1",
        "x-ms-request-id": "0642325c-591e-479a-b6fc-9111aac15d2c"
      },
      "ResponseBody": {
        "error": {
          "code": "Unauthorized",
          "message": "AKV10000: Request is missing a Bearer or PoP token."
        }
      }
    },
    {
      "RequestUri": "https://tcac7e9c41ef52cec.vault.azure.net/keys/54964509/create?api-version=7.5",
      "RequestMethod": "POST",
      "RequestHeaders": {
        "Accept": "application/json",
        "Authorization": "Sanitized",
        "Content-Length": "13",
        "Content-Type": "application/json",
        "traceparent": "00-fb05269f643cf45dfca0defadaeb5745-078bbb712b3776e8-00",
        "User-Agent": "azsdk-net-Security.KeyVault.Keys/4.6.0-alpha.20240209.1 (.NET 7.0.15; Microsoft Windows 10.0.22631)",
        "x-ms-client-request-id": "4dda86201183548d71ed207e4a67672d",
        "x-ms-return-client-request-id": "true"
      },
      "RequestBody": {
        "kty": "RSA"
      },
      "StatusCode": 200,
      "ResponseHeaders": {
        "Cache-Control": "no-cache",
        "Content-Length": "727",
        "Content-Type": "application/json; charset=utf-8",
        "Date": "Sat, 10 Feb 2024 01:54:08 GMT",
        "Expires": "-1",
        "Pragma": "no-cache",
        "Strict-Transport-Security": "max-age=31536000;includeSubDomains",
        "X-Content-Type-Options": "nosniff",
        "x-ms-client-request-id": "4dda86201183548d71ed207e4a67672d",
        "x-ms-keyvault-network-info": "conn_type=Ipv4;addr=24.16.18.89;act_addr_fam=InterNetwork;",
        "x-ms-keyvault-rbac-assignment-id": "3a671e1416c74c6388dee86ce824fdec",
        "x-ms-keyvault-region": "westus",
        "x-ms-keyvault-service-version": "1.9.1272.1",
        "x-ms-request-id": "7fe89150-46d5-4bd9-8b00-94fa31f69c2d"
      },
      "ResponseBody": {
        "key": {
          "kid": "https://tcac7e9c41ef52cec.vault.azure.net/keys/54964509/5f5bd286a00741dfa384417bde9c3027",
          "kty": "RSA",
          "key_ops": [
            "encrypt",
            "decrypt",
            "sign",
            "verify",
            "wrapKey",
            "unwrapKey"
          ],
          "n": "tLMyGd0RFCVkzbzQ0OSJ69duA8lGG_8R2m46xVuVJJB5dd-4MOqCDubzYM9Zwh9wsQqkOV82BGnAWgiJciluJnWm_uV_ouC8YWgt5tLgXDYKXsZamyqgdJxCAL4CcVipzsPWQNEARzzjrpj8UgyYsNR9jXd92mJLHrt8SgV5x13i9GLiBVnbNUeHvyVmiLo-fFXppu_DjhtuFr1cvXNehGO4DCG29PO_VEZfLzG8SfnlqgN1j1D475F6cOHnrQlaMFlC-6ozziK01uP__Fb_xdFmWm9UdzblVHfj3Ox-PXFrH0jya_nK5chh0tWjmBo1unZrpR5aA8gyVLoIEIV4MQ",
          "e": "AQAB"
        },
        "attributes": {
          "enabled": true,
          "created": 1707530049,
          "updated": 1707530049,
          "recoveryLevel": "CustomizedRecoverable\u002BPurgeable",
          "recoverableDays": 7,
          "exportable": false,
          "hsmPlatform": "0"
        }
      }
    },
    {
      "RequestUri": "https://tcac7e9c41ef52cec.vault.azure.net/keys/54964509/rotationpolicy?api-version=7.5",
      "RequestMethod": "GET",
      "RequestHeaders": {
        "Accept": "application/json",
        "Authorization": "Sanitized",
        "traceparent": "00-56dd5490ff5ec71d5f5a046811195805-8f1ee24a1619dca8-00",
        "User-Agent": "azsdk-net-Security.KeyVault.Keys/4.6.0-alpha.20240209.1 (.NET 7.0.15; Microsoft Windows 10.0.22631)",
        "x-ms-client-request-id": "0ceca76c5a036f6f39fc4a322c7fc294",
        "x-ms-return-client-request-id": "true"
      },
      "RequestBody": null,
      "StatusCode": 200,
      "ResponseHeaders": {
        "Cache-Control": "no-cache",
        "Content-Length": "106",
        "Content-Type": "application/json; charset=utf-8",
        "Date": "Sat, 10 Feb 2024 01:54:08 GMT",
        "Expires": "-1",
        "Pragma": "no-cache",
        "Strict-Transport-Security": "max-age=31536000;includeSubDomains",
        "X-Content-Type-Options": "nosniff",
        "x-ms-client-request-id": "0ceca76c5a036f6f39fc4a322c7fc294",
        "x-ms-keyvault-network-info": "conn_type=Ipv4;addr=24.16.18.89;act_addr_fam=InterNetwork;",
        "x-ms-keyvault-rbac-assignment-id": "3a671e1416c74c6388dee86ce824fdec",
        "x-ms-keyvault-region": "westus",
        "x-ms-keyvault-service-version": "1.9.1272.1",
        "x-ms-request-id": "7d678abf-2893-4e6a-8059-79dec0b43dd4"
      },
      "ResponseBody": {
        "lifetimeActions": [
          {
            "trigger": {
              "timeBeforeExpiry": "P30D"
            },
            "action": {
              "type": "Notify"
            }
          }
        ],
        "attributes": null
      }
    }
  ],
  "Variables": {
    "AZURE_KEYVAULT_URL": "https://tcac7e9c41ef52cec.vault.azure.net/",
    "RandomSeed": "1795627832"
  }
}
