{
  "Entries": [
    {
      "RequestUri": "https://rgjoncardekvv76.vault.azure.net/keys/509642788/create?api-version=7.6",
      "RequestMethod": "POST",
      "RequestHeaders": {
        "Accept": "application/json",
        "Content-Length": "0",
        "traceparent": "00-55b877422b94564db0fa0c4322ddfdee-8a51461499edac1c-00",
        "User-Agent": "azsdk-net-Security.KeyVault.Keys/4.8.0-alpha.20250624.1 (.NET 9.0.6; Microsoft Windows 10.0.26100)",
        "x-ms-client-request-id": "Sanitized",
        "x-ms-return-client-request-id": "true"
      },
      "RequestBody": null,
      "StatusCode": 401,
      "ResponseHeaders": {
        "Cache-Control": "no-cache",
        "Content-Length": "97",
        "Content-Type": "application/json; charset=utf-8",
        "Date": "Tue, 24 Jun 2025 10:35:58 GMT",
        "Expires": "-1",
        "Pragma": "no-cache",
        "Strict-Transport-Security": "max-age=31536000;includeSubDomains",
        "WWW-Authenticate": "Bearer authorization=\"https://login.microsoftonline.com/70a036f6-8e4d-4615-bad6-149c02e7720d\", resource=\"https://vault.azure.net\"",
        "X-Content-Type-Options": "nosniff",
        "x-ms-client-request-id": "Sanitized",
        "x-ms-keyvault-network-info": "conn_type=Ipv4;addr=50.175.105.250;act_addr_fam=InterNetwork;",
        "x-ms-keyvault-region": "uksouth",
        "x-ms-keyvault-service-version": "1.9.2497.1",
        "x-ms-request-id": "1bcdb731-e489-493a-99b7-f435c134c946"
      },
      "ResponseBody": {
        "error": {
          "code": "Unauthorized",
          "message": "AKV10000: Request is missing a Bearer or PoP token."
        }
      }
    },
    {
      "RequestUri": "https://rgjoncardekvv76.vault.azure.net/keys/509642788/create?api-version=7.6",
      "RequestMethod": "POST",
      "RequestHeaders": {
        "Accept": "application/json",
        "Authorization": "Sanitized",
        "Content-Length": "12",
        "Content-Type": "application/json",
        "traceparent": "00-55b877422b94564db0fa0c4322ddfdee-8a51461499edac1c-00",
        "User-Agent": "azsdk-net-Security.KeyVault.Keys/4.8.0-alpha.20250624.1 (.NET 9.0.6; Microsoft Windows 10.0.26100)",
        "x-ms-client-request-id": "Sanitized",
        "x-ms-return-client-request-id": "true"
      },
      "RequestBody": {
        "kty": "EC"
      },
      "StatusCode": 200,
      "ResponseHeaders": {
        "Cache-Control": "no-cache",
        "Content-Length": "437",
        "Content-Type": "application/json; charset=utf-8",
        "Date": "Tue, 24 Jun 2025 10:36:05 GMT",
        "Expires": "-1",
        "Pragma": "no-cache",
        "Strict-Transport-Security": "max-age=31536000;includeSubDomains",
        "X-Content-Type-Options": "nosniff",
        "x-ms-client-request-id": "Sanitized",
        "x-ms-keyvault-network-info": "conn_type=Ipv4;addr=50.175.105.250;act_addr_fam=InterNetwork;",
        "x-ms-keyvault-rbac-assignment-id": "807e5a6370bf5a8fb08644fa8774dd23",
        "x-ms-keyvault-region": "uksouth",
        "x-ms-keyvault-service-version": "1.9.2497.1",
        "x-ms-request-id": "3a65437a-29d9-411a-bc0e-83bcba21883e"
      },
      "ResponseBody": {
        "key": {
          "kid": "https://rgjoncardekvv76.vault.azure.net/keys/509642788/0d4f65ce6b6c4226a300fb57b787fa3b",
          "kty": "EC",
          "key_ops": [
            "sign",
            "verify"
          ],
          "crv": "P-256",
          "x": "yDgaKZqs73m_3egzLWL31cRll-3aBKQCGemuIbqgsZ8",
          "y": "eaD8pmDr7CYmF_QNoYKz_1NpmOOabzeMfu0875tFQGc"
        },
        "attributes": {
          "enabled": true,
          "created": 1750761366,
          "updated": 1750761366,
          "recoveryLevel": "CustomizedRecoverable+Purgeable",
          "recoverableDays": 7,
          "exportable": false,
          "hsmPlatform": "0"
        }
      }
    },
    {
      "RequestUri": "https://rgjoncardekvv76.vault.azure.net/keys/509642788/create?api-version=7.6",
      "RequestMethod": "POST",
      "RequestHeaders": {
        "Accept": "application/json",
        "Authorization": "Sanitized",
        "Content-Length": "12",
        "Content-Type": "application/json",
        "traceparent": "00-e2297c055d62aa9b77f262c4baac6ee3-2b39083d042b1825-00",
        "User-Agent": "azsdk-net-Security.KeyVault.Keys/4.8.0-alpha.20250624.1 (.NET 9.0.6; Microsoft Windows 10.0.26100)",
        "x-ms-client-request-id": "Sanitized",
        "x-ms-return-client-request-id": "true"
      },
      "RequestBody": {
        "kty": "EC"
      },
      "StatusCode": 200,
      "ResponseHeaders": {
        "Cache-Control": "no-cache",
        "Content-Length": "437",
        "Content-Type": "application/json; charset=utf-8",
        "Date": "Tue, 24 Jun 2025 10:36:05 GMT",
        "Expires": "-1",
        "Pragma": "no-cache",
        "Strict-Transport-Security": "max-age=31536000;includeSubDomains",
        "X-Content-Type-Options": "nosniff",
        "x-ms-client-request-id": "Sanitized",
        "x-ms-keyvault-network-info": "conn_type=Ipv4;addr=50.175.105.250;act_addr_fam=InterNetwork;",
        "x-ms-keyvault-rbac-assignment-id": "807e5a6370bf5a8fb08644fa8774dd23",
        "x-ms-keyvault-region": "uksouth",
        "x-ms-keyvault-service-version": "1.9.2497.1",
        "x-ms-request-id": "18dcfeb5-fecf-4d1a-a38c-77515e9a27b3"
      },
      "ResponseBody": {
        "key": {
          "kid": "https://rgjoncardekvv76.vault.azure.net/keys/509642788/b09a1e94108d4e03bac066c10c91bf6d",
          "kty": "EC",
          "key_ops": [
            "sign",
            "verify"
          ],
          "crv": "P-256",
          "x": "wrwxUeEh_fMjx0JxwS-AJW1HEPsARxObL4avWC1rkhE",
          "y": "XVFxQC5bfwAOQqVW87g0YkzYWnKKyZTG2F8vMTL5u6Y"
        },
        "attributes": {
          "enabled": true,
          "created": 1750761366,
          "updated": 1750761366,
          "recoveryLevel": "CustomizedRecoverable+Purgeable",
          "recoverableDays": 7,
          "exportable": false,
          "hsmPlatform": "0"
        }
      }
    },
    {
      "RequestUri": "https://rgjoncardekvv76.vault.azure.net/keys/509642788/versions?api-version=7.6",
      "RequestMethod": "GET",
      "RequestHeaders": {
        "Accept": "application/json",
        "Authorization": "Sanitized",
        "traceparent": "00-d07131f7ed39e2664b05121b2a4c972a-789a1fb80e878370-00",
        "User-Agent": "azsdk-net-Security.KeyVault.Keys/4.8.0-alpha.20250624.1 (.NET 9.0.6; Microsoft Windows 10.0.26100)",
        "x-ms-client-request-id": "Sanitized",
        "x-ms-return-client-request-id": "true"
      },
      "RequestBody": null,
      "StatusCode": 200,
      "ResponseHeaders": {
        "Cache-Control": "no-cache",
        "Content-Length": "581",
        "Content-Type": "application/json; charset=utf-8",
        "Date": "Tue, 24 Jun 2025 10:36:06 GMT",
        "Expires": "-1",
        "Pragma": "no-cache",
        "Strict-Transport-Security": "max-age=31536000;includeSubDomains",
        "X-Content-Type-Options": "nosniff",
        "x-ms-client-request-id": "Sanitized",
        "x-ms-keyvault-network-info": "conn_type=Ipv4;addr=50.175.105.250;act_addr_fam=InterNetwork;",
        "x-ms-keyvault-rbac-assignment-id": "807e5a6370bf5a8fb08644fa8774dd23",
        "x-ms-keyvault-region": "uksouth",
        "x-ms-keyvault-service-version": "1.9.2497.1",
        "x-ms-request-id": "5f6e4504-dd4a-47a6-be8f-4e116ac56dd6"
      },
      "ResponseBody": {
        "value": [
          {
            "kid": "https://rgjoncardekvv76.vault.azure.net/keys/509642788/0d4f65ce6b6c4226a300fb57b787fa3b",
            "attributes": {
              "enabled": true,
              "created": 1750761366,
              "updated": 1750761366,
              "recoveryLevel": "CustomizedRecoverable+Purgeable",
              "recoverableDays": 7,
              "exportable": false,
              "hsmPlatform": "0"
            }
          },
          {
            "kid": "https://rgjoncardekvv76.vault.azure.net/keys/509642788/b09a1e94108d4e03bac066c10c91bf6d",
            "attributes": {
              "enabled": true,
              "created": 1750761366,
              "updated": 1750761366,
              "recoveryLevel": "CustomizedRecoverable+Purgeable",
              "recoverableDays": 7,
              "exportable": false,
              "hsmPlatform": "0"
            }
          }
        ],
        "nextLink": null
      }
    }
  ],
  "Variables": {
    "AZURE_KEYVAULT_URL": "https://rgjoncardekvv76.vault.azure.net/",
    "RandomSeed": "509241762"
  }
}
