{
  "Entries": [
    {
      "RequestUri": "https://rgjoncardekvv76.vault.azure.net/keys/2069441327/create?api-version=7.6",
      "RequestMethod": "POST",
      "RequestHeaders": {
        "Accept": "application/json",
        "Content-Length": "0",
        "traceparent": "00-9209b4739657e00e2b5b35b156162f9c-44017e3fab7590a2-00",
        "User-Agent": "azsdk-net-Security.KeyVault.Keys/4.8.0-alpha.20250624.1 (.NET 9.0.6; Microsoft Windows 10.0.26100)",
        "x-ms-client-request-id": "Sanitized",
        "x-ms-return-client-request-id": "true"
      },
      "RequestBody": null,
      "StatusCode": 401,
      "ResponseHeaders": {
        "Cache-Control": "no-cache",
        "Content-Length": "97",
        "Content-Type": "application/json; charset=utf-8",
        "Date": "Tue, 24 Jun 2025 10:37:08 GMT",
        "Expires": "-1",
        "Pragma": "no-cache",
        "Strict-Transport-Security": "max-age=31536000;includeSubDomains",
        "WWW-Authenticate": "Bearer authorization=\"https://login.microsoftonline.com/70a036f6-8e4d-4615-bad6-149c02e7720d\", resource=\"https://vault.azure.net\"",
        "X-Content-Type-Options": "nosniff",
        "x-ms-client-request-id": "Sanitized",
        "x-ms-keyvault-network-info": "conn_type=Ipv4;addr=50.175.105.250;act_addr_fam=InterNetwork;",
        "x-ms-keyvault-region": "uksouth",
        "x-ms-keyvault-service-version": "1.9.2497.1",
        "x-ms-request-id": "9e0bf252-158f-4402-a318-09a55c8e4bcd"
      },
      "ResponseBody": {
        "error": {
          "code": "Unauthorized",
          "message": "AKV10000: Request is missing a Bearer or PoP token."
        }
      }
    },
    {
      "RequestUri": "https://rgjoncardekvv76.vault.azure.net/keys/2069441327/create?api-version=7.6",
      "RequestMethod": "POST",
      "RequestHeaders": {
        "Accept": "application/json",
        "Authorization": "Sanitized",
        "Content-Length": "17",
        "Content-Type": "application/json",
        "traceparent": "00-9209b4739657e00e2b5b35b156162f9c-44017e3fab7590a2-00",
        "User-Agent": "azsdk-net-Security.KeyVault.Keys/4.8.0-alpha.20250624.1 (.NET 9.0.6; Microsoft Windows 10.0.26100)",
        "x-ms-client-request-id": "Sanitized",
        "x-ms-return-client-request-id": "true"
      },
      "RequestBody": {
        "kty": "RSA-HSM"
      },
      "StatusCode": 200,
      "ResponseHeaders": {
        "Cache-Control": "no-cache",
        "Content-Length": "731",
        "Content-Type": "application/json; charset=utf-8",
        "Date": "Tue, 24 Jun 2025 10:37:16 GMT",
        "Expires": "-1",
        "Pragma": "no-cache",
        "Strict-Transport-Security": "max-age=31536000;includeSubDomains",
        "X-Content-Type-Options": "nosniff",
        "x-ms-client-request-id": "Sanitized",
        "x-ms-keyvault-network-info": "conn_type=Ipv4;addr=50.175.105.250;act_addr_fam=InterNetwork;",
        "x-ms-keyvault-rbac-assignment-id": "807e5a6370bf5a8fb08644fa8774dd23",
        "x-ms-keyvault-region": "uksouth",
        "x-ms-keyvault-service-version": "1.9.2497.1",
        "x-ms-request-id": "944ad0aa-b186-48f8-9ae0-ae8f8a186bde"
      },
      "ResponseBody": {
        "key": {
          "kid": "https://rgjoncardekvv76.vault.azure.net/keys/2069441327/05e32630a44d43e9b3e8dba9fff513b7",
          "kty": "RSA-HSM",
          "key_ops": [
            "encrypt",
            "decrypt",
            "sign",
            "verify",
            "wrapKey",
            "unwrapKey"
          ],
          "n": "jWfBpjL2prRcIYNn5apHs7BueKkXX9yyyMICNLEWPl_ffWfTeA7PRWvPH16xWdsAsBcSCQ5REwbUHGKs0OYmwTQvFU1Rn8nWZ1vEHrIdlgYJIDVmf0ULcRrRyWB0e9w6JO6ybzMnatnlT1rMtpk4rtRtJardcmAFKXlUHGgkJlCaEGc-GSEVJP2x48WQpF-4ZGWOaIG5DCc60nRFpquQzgOozJPDIqQe3bSE8QBxDdmjPOxRxP88ScUQkuLj4Oa_KadUKZ2mYhCrUjRMbqBwBCKFb0lyxBICfV3BDomMl4bewwgibphlGpG_oW9YEOyK692C7nDzmyWleSND6TeIhw",
          "e": "AQAB"
        },
        "attributes": {
          "enabled": true,
          "created": 1750761436,
          "updated": 1750761436,
          "recoveryLevel": "CustomizedRecoverable+Purgeable",
          "recoverableDays": 7,
          "exportable": false,
          "hsmPlatform": "2"
        }
      }
    },
    {
      "RequestUri": "https://rgjoncardekvv76.vault.azure.net/keys/2069441327?api-version=7.6",
      "RequestMethod": "DELETE",
      "RequestHeaders": {
        "Accept": "application/json",
        "Authorization": "Sanitized",
        "traceparent": "00-12d4e505af1d2ef16d632514fab83d0b-57214cccf89967cc-00",
        "User-Agent": "azsdk-net-Security.KeyVault.Keys/4.8.0-alpha.20250624.1 (.NET 9.0.6; Microsoft Windows 10.0.26100)",
        "x-ms-client-request-id": "Sanitized",
        "x-ms-return-client-request-id": "true"
      },
      "RequestBody": null,
      "StatusCode": 200,
      "ResponseHeaders": {
        "Cache-Control": "no-cache",
        "Content-Length": "866",
        "Content-Type": "application/json; charset=utf-8",
        "Date": "Tue, 24 Jun 2025 10:37:16 GMT",
        "Expires": "-1",
        "Pragma": "no-cache",
        "Strict-Transport-Security": "max-age=31536000;includeSubDomains",
        "X-Content-Type-Options": "nosniff",
        "x-ms-client-request-id": "Sanitized",
        "x-ms-keyvault-network-info": "conn_type=Ipv4;addr=50.175.105.250;act_addr_fam=InterNetwork;",
        "x-ms-keyvault-rbac-assignment-id": "807e5a6370bf5a8fb08644fa8774dd23",
        "x-ms-keyvault-region": "uksouth",
        "x-ms-keyvault-service-version": "1.9.2497.1",
        "x-ms-request-id": "dc551417-f693-40ad-a975-29543a102852"
      },
      "ResponseBody": {
        "recoveryId": "https://rgjoncardekvv76.vault.azure.net/deletedkeys/2069441327",
        "deletedDate": 1750761437,
        "scheduledPurgeDate": 1751366237,
        "key": {
          "kid": "https://rgjoncardekvv76.vault.azure.net/keys/2069441327/05e32630a44d43e9b3e8dba9fff513b7",
          "kty": "RSA-HSM",
          "key_ops": [
            "encrypt",
            "decrypt",
            "sign",
            "verify",
            "wrapKey",
            "unwrapKey"
          ],
          "n": "jWfBpjL2prRcIYNn5apHs7BueKkXX9yyyMICNLEWPl_ffWfTeA7PRWvPH16xWdsAsBcSCQ5REwbUHGKs0OYmwTQvFU1Rn8nWZ1vEHrIdlgYJIDVmf0ULcRrRyWB0e9w6JO6ybzMnatnlT1rMtpk4rtRtJardcmAFKXlUHGgkJlCaEGc-GSEVJP2x48WQpF-4ZGWOaIG5DCc60nRFpquQzgOozJPDIqQe3bSE8QBxDdmjPOxRxP88ScUQkuLj4Oa_KadUKZ2mYhCrUjRMbqBwBCKFb0lyxBICfV3BDomMl4bewwgibphlGpG_oW9YEOyK692C7nDzmyWleSND6TeIhw",
          "e": "AQAB"
        },
        "attributes": {
          "enabled": true,
          "created": 1750761436,
          "updated": 1750761436,
          "recoveryLevel": "CustomizedRecoverable+Purgeable",
          "recoverableDays": 7,
          "exportable": false,
          "hsmPlatform": "2"
        }
      }
    },
    {
      "RequestUri": "https://rgjoncardekvv76.vault.azure.net/deletedkeys/2069441327?api-version=7.6",
      "RequestMethod": "GET",
      "RequestHeaders": {
        "Accept": "application/json",
        "Authorization": "Sanitized",
        "User-Agent": "azsdk-net-Security.KeyVault.Keys/4.8.0-alpha.20250624.1 (.NET 9.0.6; Microsoft Windows 10.0.26100)",
        "x-ms-client-request-id": "Sanitized",
        "x-ms-return-client-request-id": "true"
      },
      "RequestBody": null,
      "StatusCode": 404,
      "ResponseHeaders": {
        "Cache-Control": "no-cache",
        "Content-Length": "78",
        "Content-Type": "application/json; charset=utf-8",
        "Date": "Tue, 24 Jun 2025 10:37:16 GMT",
        "Expires": "-1",
        "Pragma": "no-cache",
        "Strict-Transport-Security": "max-age=31536000;includeSubDomains",
        "X-Content-Type-Options": "nosniff",
        "x-ms-client-request-id": "Sanitized",
        "x-ms-keyvault-network-info": "conn_type=Ipv4;addr=50.175.105.250;act_addr_fam=InterNetwork;",
        "x-ms-keyvault-rbac-assignment-id": "807e5a6370bf5a8fb08644fa8774dd23",
        "x-ms-keyvault-region": "uksouth",
        "x-ms-keyvault-service-version": "1.9.2497.1",
        "x-ms-request-id": "7eb0ae6b-a731-4729-9bbf-6f92b611d27a"
      },
      "ResponseBody": {
        "error": {
          "code": "KeyNotFound",
          "message": "Deleted Key not found: 2069441327"
        }
      }
    },
    {
      "RequestUri": "https://rgjoncardekvv76.vault.azure.net/deletedkeys/2069441327?api-version=7.6",
      "RequestMethod": "GET",
      "RequestHeaders": {
        "Accept": "application/json",
        "Authorization": "Sanitized",
        "User-Agent": "azsdk-net-Security.KeyVault.Keys/4.8.0-alpha.20250624.1 (.NET 9.0.6; Microsoft Windows 10.0.26100)",
        "x-ms-client-request-id": "Sanitized",
        "x-ms-return-client-request-id": "true"
      },
      "RequestBody": null,
      "StatusCode": 200,
      "ResponseHeaders": {
        "Cache-Control": "no-cache",
        "Content-Length": "866",
        "Content-Type": "application/json; charset=utf-8",
        "Date": "Tue, 24 Jun 2025 10:37:18 GMT",
        "Expires": "-1",
        "Pragma": "no-cache",
        "Strict-Transport-Security": "max-age=31536000;includeSubDomains",
        "X-Content-Type-Options": "nosniff",
        "x-ms-client-request-id": "Sanitized",
        "x-ms-keyvault-network-info": "conn_type=Ipv4;addr=50.175.105.250;act_addr_fam=InterNetwork;",
        "x-ms-keyvault-rbac-assignment-id": "807e5a6370bf5a8fb08644fa8774dd23",
        "x-ms-keyvault-region": "uksouth",
        "x-ms-keyvault-service-version": "1.9.2497.1",
        "x-ms-request-id": "63d0502d-79cc-409d-8883-fbe495fd192b"
      },
      "ResponseBody": {
        "recoveryId": "https://rgjoncardekvv76.vault.azure.net/deletedkeys/2069441327",
        "deletedDate": 1750761437,
        "scheduledPurgeDate": 1751366237,
        "key": {
          "kid": "https://rgjoncardekvv76.vault.azure.net/keys/2069441327/05e32630a44d43e9b3e8dba9fff513b7",
          "kty": "RSA-HSM",
          "key_ops": [
            "encrypt",
            "decrypt",
            "sign",
            "verify",
            "wrapKey",
            "unwrapKey"
          ],
          "n": "jWfBpjL2prRcIYNn5apHs7BueKkXX9yyyMICNLEWPl_ffWfTeA7PRWvPH16xWdsAsBcSCQ5REwbUHGKs0OYmwTQvFU1Rn8nWZ1vEHrIdlgYJIDVmf0ULcRrRyWB0e9w6JO6ybzMnatnlT1rMtpk4rtRtJardcmAFKXlUHGgkJlCaEGc-GSEVJP2x48WQpF-4ZGWOaIG5DCc60nRFpquQzgOozJPDIqQe3bSE8QBxDdmjPOxRxP88ScUQkuLj4Oa_KadUKZ2mYhCrUjRMbqBwBCKFb0lyxBICfV3BDomMl4bewwgibphlGpG_oW9YEOyK692C7nDzmyWleSND6TeIhw",
          "e": "AQAB"
        },
        "attributes": {
          "enabled": true,
          "created": 1750761436,
          "updated": 1750761436,
          "recoveryLevel": "CustomizedRecoverable+Purgeable",
          "recoverableDays": 7,
          "exportable": false,
          "hsmPlatform": "2"
        }
      }
    },
    {
      "RequestUri": "https://rgjoncardekvv76.vault.azure.net/keys/2069441327/?api-version=7.6",
      "RequestMethod": "GET",
      "RequestHeaders": {
        "Accept": "application/json",
        "Authorization": "Sanitized",
        "traceparent": "00-414fecc09ba427425f3542ffad8df3f5-bfca002341420161-00",
        "User-Agent": "azsdk-net-Security.KeyVault.Keys/4.8.0-alpha.20250624.1 (.NET 9.0.6; Microsoft Windows 10.0.26100)",
        "x-ms-client-request-id": "Sanitized",
        "x-ms-return-client-request-id": "true"
      },
      "RequestBody": null,
      "StatusCode": 404,
      "ResponseHeaders": {
        "Cache-Control": "no-cache",
        "Content-Length": "298",
        "Content-Type": "application/json; charset=utf-8",
        "Date": "Tue, 24 Jun 2025 10:37:19 GMT",
        "Expires": "-1",
        "Pragma": "no-cache",
        "Strict-Transport-Security": "max-age=31536000;includeSubDomains",
        "X-Content-Type-Options": "nosniff",
        "x-ms-client-request-id": "Sanitized",
        "x-ms-keyvault-network-info": "conn_type=Ipv4;addr=50.175.105.250;act_addr_fam=InterNetwork;",
        "x-ms-keyvault-rbac-assignment-id": "807e5a6370bf5a8fb08644fa8774dd23",
        "x-ms-keyvault-region": "uksouth",
        "x-ms-keyvault-service-version": "1.9.2497.1",
        "x-ms-request-id": "672905ed-d9e2-4d77-9f15-d1706f8a12cf"
      },
      "ResponseBody": {
        "error": {
          "code": "KeyNotFound",
          "message": "A key with (name/id) 2069441327 was not found in this key vault. If you recently deleted this key you may be able to recover it using the correct recovery command. For help resolving this issue, please see https://go.microsoft.com/fwlink/?linkid=2125182"
        }
      }
    },
    {
      "RequestUri": "https://rgjoncardekvv76.vault.azure.net/deletedkeys/2069441327/recover?api-version=7.6",
      "RequestMethod": "POST",
      "RequestHeaders": {
        "Accept": "application/json",
        "Authorization": "Sanitized",
        "Content-Length": "0",
        "traceparent": "00-dd224ef7b2dd0fb7074b9d3adbb00faa-6f9f1c486d825b51-00",
        "User-Agent": "azsdk-net-Security.KeyVault.Keys/4.8.0-alpha.20250624.1 (.NET 9.0.6; Microsoft Windows 10.0.26100)",
        "x-ms-client-request-id": "Sanitized",
        "x-ms-return-client-request-id": "true"
      },
      "RequestBody": null,
      "StatusCode": 200,
      "ResponseHeaders": {
        "Cache-Control": "no-cache",
        "Content-Length": "731",
        "Content-Type": "application/json; charset=utf-8",
        "Date": "Tue, 24 Jun 2025 10:37:19 GMT",
        "Expires": "-1",
        "Pragma": "no-cache",
        "Strict-Transport-Security": "max-age=31536000;includeSubDomains",
        "X-Content-Type-Options": "nosniff",
        "x-ms-client-request-id": "Sanitized",
        "x-ms-keyvault-network-info": "conn_type=Ipv4;addr=50.175.105.250;act_addr_fam=InterNetwork;",
        "x-ms-keyvault-rbac-assignment-id": "807e5a6370bf5a8fb08644fa8774dd23",
        "x-ms-keyvault-region": "uksouth",
        "x-ms-keyvault-service-version": "1.9.2497.1",
        "x-ms-request-id": "2f842b0b-3711-4585-bfc6-cc3151c72ceb"
      },
      "ResponseBody": {
        "key": {
          "kid": "https://rgjoncardekvv76.vault.azure.net/keys/2069441327/05e32630a44d43e9b3e8dba9fff513b7",
          "kty": "RSA-HSM",
          "key_ops": [
            "encrypt",
            "decrypt",
            "sign",
            "verify",
            "wrapKey",
            "unwrapKey"
          ],
          "n": "jWfBpjL2prRcIYNn5apHs7BueKkXX9yyyMICNLEWPl_ffWfTeA7PRWvPH16xWdsAsBcSCQ5REwbUHGKs0OYmwTQvFU1Rn8nWZ1vEHrIdlgYJIDVmf0ULcRrRyWB0e9w6JO6ybzMnatnlT1rMtpk4rtRtJardcmAFKXlUHGgkJlCaEGc-GSEVJP2x48WQpF-4ZGWOaIG5DCc60nRFpquQzgOozJPDIqQe3bSE8QBxDdmjPOxRxP88ScUQkuLj4Oa_KadUKZ2mYhCrUjRMbqBwBCKFb0lyxBICfV3BDomMl4bewwgibphlGpG_oW9YEOyK692C7nDzmyWleSND6TeIhw",
          "e": "AQAB"
        },
        "attributes": {
          "enabled": true,
          "created": 1750761436,
          "updated": 1750761436,
          "recoveryLevel": "CustomizedRecoverable+Purgeable",
          "recoverableDays": 7,
          "exportable": false,
          "hsmPlatform": "2"
        }
      }
    },
    {
      "RequestUri": "https://rgjoncardekvv76.vault.azure.net/keys/2069441327?api-version=7.6",
      "RequestMethod": "GET",
      "RequestHeaders": {
        "Accept": "application/json",
        "Authorization": "Sanitized",
        "User-Agent": "azsdk-net-Security.KeyVault.Keys/4.8.0-alpha.20250624.1 (.NET 9.0.6; Microsoft Windows 10.0.26100)",
        "x-ms-client-request-id": "Sanitized",
        "x-ms-return-client-request-id": "true"
      },
      "RequestBody": null,
      "StatusCode": 404,
      "ResponseHeaders": {
        "Cache-Control": "no-cache",
        "Content-Length": "298",
        "Content-Type": "application/json; charset=utf-8",
        "Date": "Tue, 24 Jun 2025 10:37:19 GMT",
        "Expires": "-1",
        "Pragma": "no-cache",
        "Strict-Transport-Security": "max-age=31536000;includeSubDomains",
        "X-Content-Type-Options": "nosniff",
        "x-ms-client-request-id": "Sanitized",
        "x-ms-keyvault-network-info": "conn_type=Ipv4;addr=50.175.105.250;act_addr_fam=InterNetwork;",
        "x-ms-keyvault-rbac-assignment-id": "807e5a6370bf5a8fb08644fa8774dd23",
        "x-ms-keyvault-region": "uksouth",
        "x-ms-keyvault-service-version": "1.9.2497.1",
        "x-ms-request-id": "a0067057-aca0-4859-b480-2716c6818fdc"
      },
      "ResponseBody": {
        "error": {
          "code": "KeyNotFound",
          "message": "A key with (name/id) 2069441327 was not found in this key vault. If you recently deleted this key you may be able to recover it using the correct recovery command. For help resolving this issue, please see https://go.microsoft.com/fwlink/?linkid=2125182"
        }
      }
    },
    {
      "RequestUri": "https://rgjoncardekvv76.vault.azure.net/keys/2069441327?api-version=7.6",
      "RequestMethod": "GET",
      "RequestHeaders": {
        "Accept": "application/json",
        "Authorization": "Sanitized",
        "User-Agent": "azsdk-net-Security.KeyVault.Keys/4.8.0-alpha.20250624.1 (.NET 9.0.6; Microsoft Windows 10.0.26100)",
        "x-ms-client-request-id": "Sanitized",
        "x-ms-return-client-request-id": "true"
      },
      "RequestBody": null,
      "StatusCode": 200,
      "ResponseHeaders": {
        "Cache-Control": "no-cache",
        "Content-Length": "731",
        "Content-Type": "application/json; charset=utf-8",
        "Date": "Tue, 24 Jun 2025 10:37:21 GMT",
        "Expires": "-1",
        "Pragma": "no-cache",
        "Strict-Transport-Security": "max-age=31536000;includeSubDomains",
        "X-Content-Type-Options": "nosniff",
        "x-ms-client-request-id": "Sanitized",
        "x-ms-keyvault-network-info": "conn_type=Ipv4;addr=50.175.105.250;act_addr_fam=InterNetwork;",
        "x-ms-keyvault-rbac-assignment-id": "807e5a6370bf5a8fb08644fa8774dd23",
        "x-ms-keyvault-region": "uksouth",
        "x-ms-keyvault-service-version": "1.9.2497.1",
        "x-ms-request-id": "7e833a24-d1fd-45a3-970e-506da8f466ff"
      },
      "ResponseBody": {
        "key": {
          "kid": "https://rgjoncardekvv76.vault.azure.net/keys/2069441327/05e32630a44d43e9b3e8dba9fff513b7",
          "kty": "RSA-HSM",
          "key_ops": [
            "encrypt",
            "decrypt",
            "sign",
            "verify",
            "wrapKey",
            "unwrapKey"
          ],
          "n": "jWfBpjL2prRcIYNn5apHs7BueKkXX9yyyMICNLEWPl_ffWfTeA7PRWvPH16xWdsAsBcSCQ5REwbUHGKs0OYmwTQvFU1Rn8nWZ1vEHrIdlgYJIDVmf0ULcRrRyWB0e9w6JO6ybzMnatnlT1rMtpk4rtRtJardcmAFKXlUHGgkJlCaEGc-GSEVJP2x48WQpF-4ZGWOaIG5DCc60nRFpquQzgOozJPDIqQe3bSE8QBxDdmjPOxRxP88ScUQkuLj4Oa_KadUKZ2mYhCrUjRMbqBwBCKFb0lyxBICfV3BDomMl4bewwgibphlGpG_oW9YEOyK692C7nDzmyWleSND6TeIhw",
          "e": "AQAB"
        },
        "attributes": {
          "enabled": true,
          "created": 1750761436,
          "updated": 1750761436,
          "recoveryLevel": "CustomizedRecoverable+Purgeable",
          "recoverableDays": 7,
          "exportable": false,
          "hsmPlatform": "2"
        }
      }
    },
    {
      "RequestUri": "https://rgjoncardekvv76.vault.azure.net/keys/2069441327/?api-version=7.6",
      "RequestMethod": "GET",
      "RequestHeaders": {
        "Accept": "application/json",
        "Authorization": "Sanitized",
        "traceparent": "00-a3b8aa99fd52403e6d26d51a49abd33e-b13f2b1ff8e5dd3f-00",
        "User-Agent": "azsdk-net-Security.KeyVault.Keys/4.8.0-alpha.20250624.1 (.NET 9.0.6; Microsoft Windows 10.0.26100)",
        "x-ms-client-request-id": "Sanitized",
        "x-ms-return-client-request-id": "true"
      },
      "RequestBody": null,
      "StatusCode": 200,
      "ResponseHeaders": {
        "Cache-Control": "no-cache",
        "Content-Length": "731",
        "Content-Type": "application/json; charset=utf-8",
        "Date": "Tue, 24 Jun 2025 10:37:21 GMT",
        "Expires": "-1",
        "Pragma": "no-cache",
        "Strict-Transport-Security": "max-age=31536000;includeSubDomains",
        "X-Content-Type-Options": "nosniff",
        "x-ms-client-request-id": "Sanitized",
        "x-ms-keyvault-network-info": "conn_type=Ipv4;addr=50.175.105.250;act_addr_fam=InterNetwork;",
        "x-ms-keyvault-rbac-assignment-id": "807e5a6370bf5a8fb08644fa8774dd23",
        "x-ms-keyvault-region": "uksouth",
        "x-ms-keyvault-service-version": "1.9.2497.1",
        "x-ms-request-id": "bc736c9a-61ea-4716-bfb4-391247b37d0d"
      },
      "ResponseBody": {
        "key": {
          "kid": "https://rgjoncardekvv76.vault.azure.net/keys/2069441327/05e32630a44d43e9b3e8dba9fff513b7",
          "kty": "RSA-HSM",
          "key_ops": [
            "encrypt",
            "decrypt",
            "sign",
            "verify",
            "wrapKey",
            "unwrapKey"
          ],
          "n": "jWfBpjL2prRcIYNn5apHs7BueKkXX9yyyMICNLEWPl_ffWfTeA7PRWvPH16xWdsAsBcSCQ5REwbUHGKs0OYmwTQvFU1Rn8nWZ1vEHrIdlgYJIDVmf0ULcRrRyWB0e9w6JO6ybzMnatnlT1rMtpk4rtRtJardcmAFKXlUHGgkJlCaEGc-GSEVJP2x48WQpF-4ZGWOaIG5DCc60nRFpquQzgOozJPDIqQe3bSE8QBxDdmjPOxRxP88ScUQkuLj4Oa_KadUKZ2mYhCrUjRMbqBwBCKFb0lyxBICfV3BDomMl4bewwgibphlGpG_oW9YEOyK692C7nDzmyWleSND6TeIhw",
          "e": "AQAB"
        },
        "attributes": {
          "enabled": true,
          "created": 1750761436,
          "updated": 1750761436,
          "recoveryLevel": "CustomizedRecoverable+Purgeable",
          "recoverableDays": 7,
          "exportable": false,
          "hsmPlatform": "2"
        }
      }
    }
  ],
  "Variables": {
    "AZURE_KEYVAULT_URL": "https://rgjoncardekvv76.vault.azure.net/",
    "RandomSeed": "1706227744"
  }
}
