{
  "Entries": [
    {
      "RequestUri": "https://rgjoncardekvv76.vault.azure.net/keys/2139311573/create?api-version=7.6",
      "RequestMethod": "POST",
      "RequestHeaders": {
        "Accept": "application/json",
        "Content-Length": "0",
        "traceparent": "00-3365159513ff0a31fa95c5a8be5142f3-348915c6402c3bdf-00",
        "User-Agent": "azsdk-net-Security.KeyVault.Keys/4.8.0-alpha.20250624.1 (.NET 9.0.6; Microsoft Windows 10.0.26100)",
        "x-ms-client-request-id": "Sanitized",
        "x-ms-return-client-request-id": "true"
      },
      "RequestBody": null,
      "StatusCode": 401,
      "ResponseHeaders": {
        "Cache-Control": "no-cache",
        "Content-Length": "97",
        "Content-Type": "application/json; charset=utf-8",
        "Date": "Tue, 24 Jun 2025 10:46:00 GMT",
        "Expires": "-1",
        "Pragma": "no-cache",
        "Strict-Transport-Security": "max-age=31536000;includeSubDomains",
        "WWW-Authenticate": "Bearer authorization=\"https://login.microsoftonline.com/70a036f6-8e4d-4615-bad6-149c02e7720d\", resource=\"https://vault.azure.net\"",
        "X-Content-Type-Options": "nosniff",
        "x-ms-client-request-id": "Sanitized",
        "x-ms-keyvault-network-info": "conn_type=Ipv4;addr=50.175.105.250;act_addr_fam=InterNetwork;",
        "x-ms-keyvault-region": "uksouth",
        "x-ms-keyvault-service-version": "1.9.2497.1",
        "x-ms-request-id": "dcb86e9c-9c43-413c-9ef4-660c7b91f860"
      },
      "ResponseBody": {
        "error": {
          "code": "Unauthorized",
          "message": "AKV10000: Request is missing a Bearer or PoP token."
        }
      }
    },
    {
      "RequestUri": "https://rgjoncardekvv76.vault.azure.net/keys/2139311573/create?api-version=7.6",
      "RequestMethod": "POST",
      "RequestHeaders": {
        "Accept": "application/json",
        "Authorization": "Sanitized",
        "Content-Length": "12",
        "Content-Type": "application/json",
        "traceparent": "00-3365159513ff0a31fa95c5a8be5142f3-348915c6402c3bdf-00",
        "User-Agent": "azsdk-net-Security.KeyVault.Keys/4.8.0-alpha.20250624.1 (.NET 9.0.6; Microsoft Windows 10.0.26100)",
        "x-ms-client-request-id": "Sanitized",
        "x-ms-return-client-request-id": "true"
      },
      "RequestBody": {
        "kty": "EC"
      },
      "StatusCode": 200,
      "ResponseHeaders": {
        "Cache-Control": "no-cache",
        "Content-Length": "438",
        "Content-Type": "application/json; charset=utf-8",
        "Date": "Tue, 24 Jun 2025 10:46:07 GMT",
        "Expires": "-1",
        "Pragma": "no-cache",
        "Strict-Transport-Security": "max-age=31536000;includeSubDomains",
        "X-Content-Type-Options": "nosniff",
        "x-ms-client-request-id": "Sanitized",
        "x-ms-keyvault-network-info": "conn_type=Ipv4;addr=50.175.105.250;act_addr_fam=InterNetwork;",
        "x-ms-keyvault-rbac-assignment-id": "807e5a6370bf5a8fb08644fa8774dd23",
        "x-ms-keyvault-region": "uksouth",
        "x-ms-keyvault-service-version": "1.9.2497.1",
        "x-ms-request-id": "37855bc5-f084-48f7-9c61-94abe63ee26a"
      },
      "ResponseBody": {
        "key": {
          "kid": "https://rgjoncardekvv76.vault.azure.net/keys/2139311573/d059d3e15d9f40b9a1f407f731d2807f",
          "kty": "EC",
          "key_ops": [
            "sign",
            "verify"
          ],
          "crv": "P-256",
          "x": "hLwqc0RT69t2SjT876yXcWQYCoFE2dMCPohn1PiQusg",
          "y": "h9ClNjLRCWRqTVd1dRUg9LfNDFcvXMlRDrfhOu27cM0"
        },
        "attributes": {
          "enabled": true,
          "created": 1750761968,
          "updated": 1750761968,
          "recoveryLevel": "CustomizedRecoverable+Purgeable",
          "recoverableDays": 7,
          "exportable": false,
          "hsmPlatform": "0"
        }
      }
    },
    {
      "RequestUri": "https://rgjoncardekvv76.vault.azure.net/keys/2139311573?api-version=7.6",
      "RequestMethod": "DELETE",
      "RequestHeaders": {
        "Accept": "application/json",
        "Authorization": "Sanitized",
        "traceparent": "00-0c916af9296b0ac428b865112ccc3cd8-406234723592b031-00",
        "User-Agent": "azsdk-net-Security.KeyVault.Keys/4.8.0-alpha.20250624.1 (.NET 9.0.6; Microsoft Windows 10.0.26100)",
        "x-ms-client-request-id": "Sanitized",
        "x-ms-return-client-request-id": "true"
      },
      "RequestBody": null,
      "StatusCode": 200,
      "ResponseHeaders": {
        "Cache-Control": "no-cache",
        "Content-Length": "573",
        "Content-Type": "application/json; charset=utf-8",
        "Date": "Tue, 24 Jun 2025 10:46:08 GMT",
        "Expires": "-1",
        "Pragma": "no-cache",
        "Strict-Transport-Security": "max-age=31536000;includeSubDomains",
        "X-Content-Type-Options": "nosniff",
        "x-ms-client-request-id": "Sanitized",
        "x-ms-keyvault-network-info": "conn_type=Ipv4;addr=50.175.105.250;act_addr_fam=InterNetwork;",
        "x-ms-keyvault-rbac-assignment-id": "807e5a6370bf5a8fb08644fa8774dd23",
        "x-ms-keyvault-region": "uksouth",
        "x-ms-keyvault-service-version": "1.9.2497.1",
        "x-ms-request-id": "edc82ff6-f893-4771-9923-d50222787936"
      },
      "ResponseBody": {
        "recoveryId": "https://rgjoncardekvv76.vault.azure.net/deletedkeys/2139311573",
        "deletedDate": 1750761968,
        "scheduledPurgeDate": 1751366768,
        "key": {
          "kid": "https://rgjoncardekvv76.vault.azure.net/keys/2139311573/d059d3e15d9f40b9a1f407f731d2807f",
          "kty": "EC",
          "key_ops": [
            "sign",
            "verify"
          ],
          "crv": "P-256",
          "x": "hLwqc0RT69t2SjT876yXcWQYCoFE2dMCPohn1PiQusg",
          "y": "h9ClNjLRCWRqTVd1dRUg9LfNDFcvXMlRDrfhOu27cM0"
        },
        "attributes": {
          "enabled": true,
          "created": 1750761968,
          "updated": 1750761968,
          "recoveryLevel": "CustomizedRecoverable+Purgeable",
          "recoverableDays": 7,
          "exportable": false,
          "hsmPlatform": "0"
        }
      }
    },
    {
      "RequestUri": "https://rgjoncardekvv76.vault.azure.net/keys/2139311573/?api-version=7.6",
      "RequestMethod": "GET",
      "RequestHeaders": {
        "Accept": "application/json",
        "Authorization": "Sanitized",
        "traceparent": "00-940b8e3c1f1dfcd11ca097a5e620463b-615e18b781048004-00",
        "User-Agent": "azsdk-net-Security.KeyVault.Keys/4.8.0-alpha.20250624.1 (.NET 9.0.6; Microsoft Windows 10.0.26100)",
        "x-ms-client-request-id": "Sanitized",
        "x-ms-return-client-request-id": "true"
      },
      "RequestBody": null,
      "StatusCode": 404,
      "ResponseHeaders": {
        "Cache-Control": "no-cache",
        "Content-Length": "298",
        "Content-Type": "application/json; charset=utf-8",
        "Date": "Tue, 24 Jun 2025 10:46:13 GMT",
        "Expires": "-1",
        "Pragma": "no-cache",
        "Strict-Transport-Security": "max-age=31536000;includeSubDomains",
        "X-Content-Type-Options": "nosniff",
        "x-ms-client-request-id": "Sanitized",
        "x-ms-keyvault-network-info": "conn_type=Ipv4;addr=50.175.105.250;act_addr_fam=InterNetwork;",
        "x-ms-keyvault-rbac-assignment-id": "807e5a6370bf5a8fb08644fa8774dd23",
        "x-ms-keyvault-region": "uksouth",
        "x-ms-keyvault-service-version": "1.9.2497.1",
        "x-ms-request-id": "cc937734-a0e7-4f02-88c5-b94c47ada46c"
      },
      "ResponseBody": {
        "error": {
          "code": "KeyNotFound",
          "message": "A key with (name/id) 2139311573 was not found in this key vault. If you recently deleted this key you may be able to recover it using the correct recovery command. For help resolving this issue, please see https://go.microsoft.com/fwlink/?linkid=2125182"
        }
      }
    },
    {
      "RequestUri": "https://rgjoncardekvv76.vault.azure.net/deletedkeys/2139311573/recover?api-version=7.6",
      "RequestMethod": "POST",
      "RequestHeaders": {
        "Accept": "application/json",
        "Authorization": "Sanitized",
        "Content-Length": "0",
        "traceparent": "00-1437948dec75a109fc494f8cdfd946ca-af349cc4557e9117-00",
        "User-Agent": "azsdk-net-Security.KeyVault.Keys/4.8.0-alpha.20250624.1 (.NET 9.0.6; Microsoft Windows 10.0.26100)",
        "x-ms-client-request-id": "Sanitized",
        "x-ms-return-client-request-id": "true"
      },
      "RequestBody": null,
      "StatusCode": 200,
      "ResponseHeaders": {
        "Cache-Control": "no-cache",
        "Content-Length": "438",
        "Content-Type": "application/json; charset=utf-8",
        "Date": "Tue, 24 Jun 2025 10:46:13 GMT",
        "Expires": "-1",
        "Pragma": "no-cache",
        "Strict-Transport-Security": "max-age=31536000;includeSubDomains",
        "X-Content-Type-Options": "nosniff",
        "x-ms-client-request-id": "Sanitized",
        "x-ms-keyvault-network-info": "conn_type=Ipv4;addr=50.175.105.250;act_addr_fam=InterNetwork;",
        "x-ms-keyvault-rbac-assignment-id": "807e5a6370bf5a8fb08644fa8774dd23",
        "x-ms-keyvault-region": "uksouth",
        "x-ms-keyvault-service-version": "1.9.2497.1",
        "x-ms-request-id": "106dca95-7474-4214-9ae6-4a55b8e1a19c"
      },
      "ResponseBody": {
        "key": {
          "kid": "https://rgjoncardekvv76.vault.azure.net/keys/2139311573/d059d3e15d9f40b9a1f407f731d2807f",
          "kty": "EC",
          "key_ops": [
            "sign",
            "verify"
          ],
          "crv": "P-256",
          "x": "hLwqc0RT69t2SjT876yXcWQYCoFE2dMCPohn1PiQusg",
          "y": "h9ClNjLRCWRqTVd1dRUg9LfNDFcvXMlRDrfhOu27cM0"
        },
        "attributes": {
          "enabled": true,
          "created": 1750761968,
          "updated": 1750761968,
          "recoveryLevel": "CustomizedRecoverable+Purgeable",
          "recoverableDays": 7,
          "exportable": false,
          "hsmPlatform": "0"
        }
      }
    },
    {
      "RequestUri": "https://rgjoncardekvv76.vault.azure.net/keys/2139311573/?api-version=7.6",
      "RequestMethod": "GET",
      "RequestHeaders": {
        "Accept": "application/json",
        "Authorization": "Sanitized",
        "traceparent": "00-25766fed7564ae181e518e3d6a2cb0c0-63d2501fa4937317-00",
        "User-Agent": "azsdk-net-Security.KeyVault.Keys/4.8.0-alpha.20250624.1 (.NET 9.0.6; Microsoft Windows 10.0.26100)",
        "x-ms-client-request-id": "Sanitized",
        "x-ms-return-client-request-id": "true"
      },
      "RequestBody": null,
      "StatusCode": 200,
      "ResponseHeaders": {
        "Cache-Control": "no-cache",
        "Content-Length": "438",
        "Content-Type": "application/json; charset=utf-8",
        "Date": "Tue, 24 Jun 2025 10:46:19 GMT",
        "Expires": "-1",
        "Pragma": "no-cache",
        "Strict-Transport-Security": "max-age=31536000;includeSubDomains",
        "X-Content-Type-Options": "nosniff",
        "x-ms-client-request-id": "Sanitized",
        "x-ms-keyvault-network-info": "conn_type=Ipv4;addr=50.175.105.250;act_addr_fam=InterNetwork;",
        "x-ms-keyvault-rbac-assignment-id": "807e5a6370bf5a8fb08644fa8774dd23",
        "x-ms-keyvault-region": "uksouth",
        "x-ms-keyvault-service-version": "1.9.2497.1",
        "x-ms-request-id": "43fc06b2-c809-4710-971c-b90068ee27aa"
      },
      "ResponseBody": {
        "key": {
          "kid": "https://rgjoncardekvv76.vault.azure.net/keys/2139311573/d059d3e15d9f40b9a1f407f731d2807f",
          "kty": "EC",
          "key_ops": [
            "sign",
            "verify"
          ],
          "crv": "P-256",
          "x": "hLwqc0RT69t2SjT876yXcWQYCoFE2dMCPohn1PiQusg",
          "y": "h9ClNjLRCWRqTVd1dRUg9LfNDFcvXMlRDrfhOu27cM0"
        },
        "attributes": {
          "enabled": true,
          "created": 1750761968,
          "updated": 1750761968,
          "recoveryLevel": "CustomizedRecoverable+Purgeable",
          "recoverableDays": 7,
          "exportable": false,
          "hsmPlatform": "0"
        }
      }
    }
  ],
  "Variables": {
    "AZURE_KEYVAULT_URL": "https://rgjoncardekvv76.vault.azure.net/",
    "RandomSeed": "1219462057"
  }
}
