{
  "Entries": [
    {
      "RequestUri": "https://tb0f745ebb7bfae58.vault.azure.net/keys/546994646/create?api-version=7.6-preview.1",
      "RequestMethod": "POST",
      "RequestHeaders": {
        "Accept": "application/json",
        "Content-Length": "0",
        "traceparent": "00-425f075794595fbed1140df346f165d0-be1023f225eb5ff4-00",
        "User-Agent": "azsdk-net-Security.KeyVault.Keys/4.7.0-alpha.20240801.1 (.NET 7.0.20; Microsoft Windows 10.0.22631)",
        "x-ms-client-request-id": "Sanitized",
        "x-ms-return-client-request-id": "true"
      },
      "RequestBody": null,
      "StatusCode": 401,
      "ResponseHeaders": {
        "Cache-Control": "no-cache",
        "Content-Length": "97",
        "Content-Type": "application/json; charset=utf-8",
        "Date": "Fri, 02 Aug 2024 01:19:42 GMT",
        "Expires": "-1",
        "Pragma": "no-cache",
        "Strict-Transport-Security": "max-age=31536000;includeSubDomains",
        "WWW-Authenticate": "Bearer authorization=\"https://login.microsoftonline.com/72f988bf-86f1-41af-91ab-2d7cd011db47\", resource=\"https://vault.azure.net\"",
        "X-Content-Type-Options": "nosniff",
        "x-ms-client-request-id": "Sanitized",
        "x-ms-keyvault-network-info": "conn_type=Ipv4;addr=131.107.159.204;act_addr_fam=InterNetwork;",
        "x-ms-keyvault-region": "westus",
        "x-ms-keyvault-service-version": "1.9.1652.1",
        "x-ms-request-id": "b098bd3a-a708-41ce-bd9a-43ac56d164c0"
      },
      "ResponseBody": {
        "error": {
          "code": "Unauthorized",
          "message": "AKV10000: Request is missing a Bearer or PoP token."
        }
      }
    },
    {
      "RequestUri": "https://tb0f745ebb7bfae58.vault.azure.net/keys/546994646/create?api-version=7.6-preview.1",
      "RequestMethod": "POST",
      "RequestHeaders": {
        "Accept": "application/json",
        "Authorization": "Sanitized",
        "Content-Length": "33",
        "Content-Type": "application/json",
        "traceparent": "00-425f075794595fbed1140df346f165d0-be1023f225eb5ff4-00",
        "User-Agent": "azsdk-net-Security.KeyVault.Keys/4.7.0-alpha.20240801.1 (.NET 7.0.20; Microsoft Windows 10.0.22631)",
        "x-ms-client-request-id": "Sanitized",
        "x-ms-return-client-request-id": "true"
      },
      "RequestBody": {
        "kty": "RSA-HSM",
        "key_size": 2048
      },
      "StatusCode": 200,
      "ResponseHeaders": {
        "Cache-Control": "no-cache",
        "Content-Length": "732",
        "Content-Type": "application/json; charset=utf-8",
        "Date": "Fri, 02 Aug 2024 01:19:44 GMT",
        "Expires": "-1",
        "Pragma": "no-cache",
        "Strict-Transport-Security": "max-age=31536000;includeSubDomains",
        "X-Content-Type-Options": "nosniff",
        "x-ms-client-request-id": "Sanitized",
        "x-ms-keyvault-network-info": "conn_type=Ipv4;addr=131.107.159.204;act_addr_fam=InterNetwork;",
        "x-ms-keyvault-rbac-assignment-id": "c098284a2430590b893d9f9a47bc643f",
        "x-ms-keyvault-region": "westus",
        "x-ms-keyvault-service-version": "1.9.1652.1",
        "x-ms-request-id": "e6e8289a-a35f-4013-814c-972d75bf2c11"
      },
      "ResponseBody": {
        "key": {
          "kid": "https://tb0f745ebb7bfae58.vault.azure.net/keys/546994646/91cd6eb05343457d95cbe40af9f18577",
          "kty": "RSA-HSM",
          "key_ops": [
            "encrypt",
            "decrypt",
            "sign",
            "verify",
            "wrapKey",
            "unwrapKey"
          ],
          "n": "ibSml0pOgQ_qml-VrHZfkbZit3mKb0Tga3UWgziTZxrZcO_6uwJcJwgNT77234Z2GKiLAERgecMOCWTv-NtOrZuxOJY7TdD0xjntHS6LUvFJeqNFY6CPpHPYBtC-oFXLa-m4LqJy-Qc_OaEZk9lN5KJ7yMkSNNiEXYptowChAgSDKJti8fMeTr8JeO-eg5EGpj31fzDGVD8ogDgKutdUDlj2-G_dU4pR61IP4T8D0av6viq4dfcwQjsWD8zqq0pphIMWjUkP-5vuGQKZA7prRCNr17vBqPJHVPWzzM0aOm2CYUPBoQXafBPInY0Cb0z_7SzHk3tFKNOi2b8sQnyi6w",
          "e": "AQAB"
        },
        "attributes": {
          "enabled": true,
          "created": 1722561584,
          "updated": 1722561584,
          "recoveryLevel": "CustomizedRecoverable+Purgeable",
          "recoverableDays": 7,
          "exportable": false,
          "hsmPlatform": "2"
        }
      }
    },
    {
      "RequestUri": "https://tb0f745ebb7bfae58.vault.azure.net/keys/546994646/91cd6eb05343457d95cbe40af9f18577?api-version=7.6-preview.1",
      "RequestMethod": "PATCH",
      "RequestHeaders": {
        "Accept": "application/json",
        "Authorization": "Sanitized",
        "Content-Length": "475",
        "Content-Type": "application/json",
        "traceparent": "00-d5ba48dfead3676442aed2857bc9e50f-77eed765b9e79fa4-00",
        "User-Agent": "azsdk-net-Security.KeyVault.Keys/4.7.0-alpha.20240801.1 (.NET 7.0.20; Microsoft Windows 10.0.22631)",
        "x-ms-client-request-id": "Sanitized",
        "x-ms-return-client-request-id": "true"
      },
      "RequestBody": {
        "attributes": {
          "exportable": true
        },
        "release_policy": {
          "data": "ew0KICAgICJhbnlPZiI6IFsNCiAgICAgICAgew0KICAgICAgICAgICAgImFueU9mIjogWw0KICAgICAgICAgICAgICAgIHsNCiAgICAgICAgICAgICAgICAgICAgImNsYWltIjogInNkay10ZXN0IiwNCiAgICAgICAgICAgICAgICAgICAgImVxdWFscyI6ICJ0cnVlIg0KICAgICAgICAgICAgICAgIH0NCiAgICAgICAgICAgIF0sDQogICAgICAgICAgICAiYXV0aG9yaXR5IjogImh0dHBzOi8vdGIwZjc0NWViYjdiZmFlNThzaXRlLmF6dXJld2Vic2l0ZXMubmV0LyINCiAgICAgICAgfQ0KICAgIF0sDQogICAgInZlcnNpb24iOiAiMS4wLjAiDQp9"
        }
      },
      "StatusCode": 400,
      "ResponseHeaders": {
        "Cache-Control": "no-cache",
        "Content-Length": "104",
        "Content-Type": "application/json; charset=utf-8",
        "Date": "Fri, 02 Aug 2024 01:19:44 GMT",
        "Expires": "-1",
        "Pragma": "no-cache",
        "Strict-Transport-Security": "max-age=31536000;includeSubDomains",
        "X-Content-Type-Options": "nosniff",
        "x-ms-client-request-id": "Sanitized",
        "x-ms-keyvault-network-info": "conn_type=Ipv4;addr=131.107.159.204;act_addr_fam=InterNetwork;",
        "x-ms-keyvault-rbac-assignment-id": "c098284a2430590b893d9f9a47bc643f",
        "x-ms-keyvault-region": "westus",
        "x-ms-keyvault-service-version": "1.9.1652.1",
        "x-ms-request-id": "542aeb39-91d4-41a6-8dda-23d68acd8cc6"
      },
      "ResponseBody": {
        "error": {
          "code": "BadParameter",
          "message": "AKV.SKR.1014: Cannot modify the exportable state of a key."
        }
      }
    }
  ],
  "Variables": {
    "AZURE_KEYVAULT_ATTESTATION_URL": "https://tb0f745ebb7bfae58site.azurewebsites.net/",
    "AZURE_KEYVAULT_URL": "https://tb0f745ebb7bfae58.vault.azure.net/",
    "RandomSeed": "1456819947"
  }
}
