{
  "Entries": [
    {
      "RequestUri": "https://REDACTED/language/analyze-text/jobs?api-version=2023-04-01",
      "RequestMethod": "POST",
      "RequestHeaders": {
        "Accept": "application/json",
        "Content-Length": "242",
        "Content-Type": "application/json",
        "Date": "Mon, 05 Jun 2023 22:31:34 GMT",
        "Ocp-Apim-Subscription-Key": "REDACTED",
        "User-Agent": "azsdk-java-azure-ai-textanalytics/5.3.0-beta.3 (11.0.6; Windows 10; 10.0)",
        "x-ms-client-request-id": "fc0a7d45-aee8-49dd-9b92-7b3c7f2cc2c7"
      },
      "RequestBody": {
        "analysisInput": {
          "documents": [
            {
              "id": "0",
              "text": "\uD83D\uDC69\u200D\uD83D\uDC69\u200D\uD83D\uDC67\u200D\uD83D\uDC67 The patient is a 54-year-old"
            }
          ]
        },
        "tasks": [
          {
            "kind": "Healthcare",
            "parameters": {
              "loggingOptOut": true,
              "stringIndexType": "Utf16CodeUnit"
            }
          }
        ]
      },
      "StatusCode": 202,
      "ResponseHeaders": {
        "apim-request-id": "149ba80f-972d-4dc8-b987-dc8552838186",
        "Content-Length": "0",
        "Date": "Mon, 05 Jun 2023 22:31:33 GMT",
        "operation-location": "https://REDACTED/language/analyze-text/jobs/b059009b-1371-46bc-aa2b-0b79a91284c1?api-version=2023-04-01",
        "Strict-Transport-Security": "max-age=31536000; includeSubDomains; preload",
        "X-Content-Type-Options": "nosniff",
        "x-envoy-upstream-service-time": "146",
        "x-ms-region": "West US 2"
      },
      "ResponseBody": null
    },
    {
      "RequestUri": "https://REDACTED/language/analyze-text/jobs/b059009b-1371-46bc-aa2b-0b79a91284c1?api-version=2023-04-01\u0026showStats=false",
      "RequestMethod": "GET",
      "RequestHeaders": {
        "Accept": "application/json",
        "Content-Length": "0",
        "Date": "Mon, 05 Jun 2023 22:32:04 GMT",
        "Ocp-Apim-Subscription-Key": "REDACTED",
        "User-Agent": "azsdk-java-azure-ai-textanalytics/5.3.0-beta.3 (11.0.6; Windows 10; 10.0)",
        "x-ms-client-request-id": "fff82a9d-736f-4e6f-8f57-44f58ee750a3"
      },
      "RequestBody": null,
      "StatusCode": 200,
      "ResponseHeaders": {
        "apim-request-id": "e9e04c22-bec2-4161-883f-330a7d7bc09f",
        "Content-Length": "591",
        "Content-Type": "application/json; charset=utf-8",
        "Date": "Mon, 05 Jun 2023 22:32:03 GMT",
        "Strict-Transport-Security": "max-age=31536000; includeSubDomains; preload",
        "X-Content-Type-Options": "nosniff",
        "x-envoy-upstream-service-time": "51",
        "x-ms-region": "West US 2"
      },
      "ResponseBody": {
        "jobId": "b059009b-1371-46bc-aa2b-0b79a91284c1",
        "lastUpdatedDateTime": "2023-06-05T22:31:35Z",
        "createdDateTime": "2023-06-05T22:31:33Z",
        "expirationDateTime": "2023-06-06T22:31:33Z",
        "status": "succeeded",
        "errors": [],
        "tasks": {
          "completed": 1,
          "failed": 0,
          "inProgress": 0,
          "total": 1,
          "items": [
            {
              "kind": "HealthcareLROResults",
              "lastUpdateDateTime": "2023-06-05T22:31:35.4803414Z",
              "status": "succeeded",
              "results": {
                "documents": [
                  {
                    "id": "0",
                    "entities": [
                      {
                        "offset": 29,
                        "length": 11,
                        "text": "54-year-old",
                        "category": "Age",
                        "confidenceScore": 1.0
                      }
                    ],
                    "relations": [],
                    "warnings": []
                  }
                ],
                "errors": [],
                "modelVersion": "2023-04-01"
              }
            }
          ]
        }
      }
    },
    {
      "RequestUri": "https://REDACTED/language/analyze-text/jobs/b059009b-1371-46bc-aa2b-0b79a91284c1?api-version=2023-04-01\u0026showStats=false",
      "RequestMethod": "GET",
      "RequestHeaders": {
        "Accept": "application/json",
        "Content-Length": "0",
        "Date": "Mon, 05 Jun 2023 22:32:04 GMT",
        "Ocp-Apim-Subscription-Key": "REDACTED",
        "User-Agent": "azsdk-java-azure-ai-textanalytics/5.3.0-beta.3 (11.0.6; Windows 10; 10.0)",
        "x-ms-client-request-id": "b57c5422-928b-4f94-87d7-b0706de91241"
      },
      "RequestBody": null,
      "StatusCode": 200,
      "ResponseHeaders": {
        "apim-request-id": "0cef86f6-0452-401b-b311-ac8f2e9979ab",
        "Content-Length": "591",
        "Content-Type": "application/json; charset=utf-8",
        "Date": "Mon, 05 Jun 2023 22:32:03 GMT",
        "Strict-Transport-Security": "max-age=31536000; includeSubDomains; preload",
        "X-Content-Type-Options": "nosniff",
        "x-envoy-upstream-service-time": "46",
        "x-ms-region": "West US 2"
      },
      "ResponseBody": {
        "jobId": "b059009b-1371-46bc-aa2b-0b79a91284c1",
        "lastUpdatedDateTime": "2023-06-05T22:31:35Z",
        "createdDateTime": "2023-06-05T22:31:33Z",
        "expirationDateTime": "2023-06-06T22:31:33Z",
        "status": "succeeded",
        "errors": [],
        "tasks": {
          "completed": 1,
          "failed": 0,
          "inProgress": 0,
          "total": 1,
          "items": [
            {
              "kind": "HealthcareLROResults",
              "lastUpdateDateTime": "2023-06-05T22:31:35.4803414Z",
              "status": "succeeded",
              "results": {
                "documents": [
                  {
                    "id": "0",
                    "entities": [
                      {
                        "offset": 29,
                        "length": 11,
                        "text": "54-year-old",
                        "category": "Age",
                        "confidenceScore": 1.0
                      }
                    ],
                    "relations": [],
                    "warnings": []
                  }
                ],
                "errors": [],
                "modelVersion": "2023-04-01"
              }
            }
          ]
        }
      }
    }
  ],
  "Variables": {}
}
