{
  "Entries": [
    {
      "RequestUri": "https://REDACTED/language/analyze-text/jobs?api-version=2023-04-01",
      "RequestMethod": "POST",
      "RequestHeaders": {
        "Accept": "application/json",
        "Content-Length": "610",
        "Content-Type": "application/json",
        "Date": "Thu, 26 Oct 2023 23:31:14 GMT",
        "Ocp-Apim-Subscription-Key": "REDACTED",
        "User-Agent": "azsdk-java-azure-ai-textanalytics/5.5.0-beta.1 (21; Windows 11; 10.0)",
        "x-ms-client-request-id": "6469b9d0-0736-434b-a34c-12c4fe24e8a6"
      },
      "RequestBody": {
        "analysisInput": {
          "documents": [
            {
              "id": "0",
              "text": "I had a wonderful trip to Seattle last week."
            },
            {
              "id": "1",
              "text": "Microsoft employee with ssn 859-98-0987 is using our awesome API\u0027s."
            }
          ]
        },
        "tasks": [
          {
            "kind": "EntityRecognition",
            "parameters": {
              "loggingOptOut": false,
              "stringIndexType": "Utf16CodeUnit"
            }
          },
          {
            "kind": "PiiEntityRecognition",
            "parameters": {
              "loggingOptOut": true,
              "stringIndexType": "Utf16CodeUnit"
            }
          },
          {
            "kind": "KeyPhraseExtraction",
            "parameters": {
              "loggingOptOut": false
            }
          },
          {
            "kind": "SentimentAnalysis",
            "parameters": {
              "loggingOptOut": false,
              "opinionMining": false,
              "stringIndexType": "Utf16CodeUnit"
            }
          }
        ],
        "displayName": "Test1"
      },
      "StatusCode": 202,
      "ResponseHeaders": {
        "apim-request-id": "142fa544-0107-4205-8053-392e6ecdab60",
        "Content-Length": "0",
        "Date": "Thu, 26 Oct 2023 23:31:14 GMT",
        "operation-location": "https://REDACTED/language/analyze-text/jobs/434c6a68-29af-456d-bb59-188e83003937?api-version=2023-04-01",
        "Strict-Transport-Security": "max-age=31536000; includeSubDomains; preload",
        "X-Content-Type-Options": "nosniff",
        "x-envoy-upstream-service-time": "485",
        "x-ms-region": "West US 2"
      },
      "ResponseBody": null
    },
    {
      "RequestUri": "https://REDACTED/language/analyze-text/jobs/434c6a68-29af-456d-bb59-188e83003937?api-version=2023-04-01\u0026showStats=false",
      "RequestMethod": "GET",
      "RequestHeaders": {
        "Accept": "application/json",
        "Content-Length": "0",
        "Date": "Thu, 26 Oct 2023 23:31:15 GMT",
        "Ocp-Apim-Subscription-Key": "REDACTED",
        "User-Agent": "azsdk-java-azure-ai-textanalytics/5.5.0-beta.1 (21; Windows 11; 10.0)",
        "x-ms-client-request-id": "d9ea93f2-cc7f-48a2-8a5a-4cfdaefa2971"
      },
      "RequestBody": null,
      "StatusCode": 200,
      "ResponseHeaders": {
        "apim-request-id": "676a1e4e-bc30-4396-a04d-77cb0e31ea08",
        "Content-Length": "305",
        "Content-Type": "application/json; charset=utf-8",
        "Date": "Thu, 26 Oct 2023 23:31:14 GMT",
        "Strict-Transport-Security": "max-age=31536000; includeSubDomains; preload",
        "X-Content-Type-Options": "nosniff",
        "x-envoy-upstream-service-time": "23",
        "x-ms-region": "West US 2"
      },
      "ResponseBody": {
        "jobId": "434c6a68-29af-456d-bb59-188e83003937",
        "lastUpdatedDateTime": "2023-10-26T23:31:15Z",
        "createdDateTime": "2023-10-26T23:31:14Z",
        "expirationDateTime": "2023-10-27T23:31:14Z",
        "status": "notStarted",
        "errors": [],
        "displayName": "Test1",
        "tasks": {
          "completed": 0,
          "failed": 0,
          "inProgress": 4,
          "total": 4,
          "items": []
        }
      }
    },
    {
      "RequestUri": "https://REDACTED/language/analyze-text/jobs/434c6a68-29af-456d-bb59-188e83003937?api-version=2023-04-01\u0026showStats=false",
      "RequestMethod": "GET",
      "RequestHeaders": {
        "Accept": "application/json",
        "Content-Length": "0",
        "Date": "Thu, 26 Oct 2023 23:31:45 GMT",
        "Ocp-Apim-Subscription-Key": "REDACTED",
        "User-Agent": "azsdk-java-azure-ai-textanalytics/5.5.0-beta.1 (21; Windows 11; 10.0)",
        "x-ms-client-request-id": "025f0c25-cac1-49b7-9ba6-62f0cd140a3d"
      },
      "RequestBody": null,
      "StatusCode": 200,
      "ResponseHeaders": {
        "apim-request-id": "058de485-0149-4dd4-9452-579d068bc901",
        "Content-Length": "3366",
        "Content-Type": "application/json; charset=utf-8",
        "Date": "Thu, 26 Oct 2023 23:31:45 GMT",
        "Strict-Transport-Security": "max-age=31536000; includeSubDomains; preload",
        "X-Content-Type-Options": "nosniff",
        "x-envoy-upstream-service-time": "204",
        "x-ms-region": "West US 2"
      },
      "ResponseBody": {
        "jobId": "434c6a68-29af-456d-bb59-188e83003937",
        "lastUpdatedDateTime": "2023-10-26T23:31:20Z",
        "createdDateTime": "2023-10-26T23:31:14Z",
        "expirationDateTime": "2023-10-27T23:31:14Z",
        "status": "succeeded",
        "errors": [],
        "displayName": "Test1",
        "tasks": {
          "completed": 4,
          "failed": 0,
          "inProgress": 0,
          "total": 4,
          "items": [
            {
              "kind": "EntityRecognitionLROResults",
              "lastUpdateDateTime": "2023-10-26T23:31:20.2182889Z",
              "status": "succeeded",
              "results": {
                "documents": [
                  {
                    "id": "0",
                    "entities": [
                      {
                        "text": "trip",
                        "category": "Event",
                        "offset": 18,
                        "length": 4,
                        "confidenceScore": 0.74
                      },
                      {
                        "text": "Seattle",
                        "category": "Location",
                        "subcategory": "GPE",
                        "offset": 26,
                        "length": 7,
                        "confidenceScore": 1.0
                      },
                      {
                        "text": "last week",
                        "category": "DateTime",
                        "subcategory": "DateRange",
                        "offset": 34,
                        "length": 9,
                        "confidenceScore": 0.8
                      }
                    ],
                    "warnings": []
                  },
                  {
                    "id": "1",
                    "entities": [
                      {
                        "text": "Microsoft",
                        "category": "Organization",
                        "offset": 0,
                        "length": 9,
                        "confidenceScore": 0.98
                      },
                      {
                        "text": "employee",
                        "category": "PersonType",
                        "offset": 10,
                        "length": 8,
                        "confidenceScore": 0.96
                      },
                      {
                        "text": "859",
                        "category": "Quantity",
                        "subcategory": "Number",
                        "offset": 28,
                        "length": 3,
                        "confidenceScore": 0.8
                      },
                      {
                        "text": "98",
                        "category": "Quantity",
                        "subcategory": "Number",
                        "offset": 32,
                        "length": 2,
                        "confidenceScore": 0.8
                      },
                      {
                        "text": "0987",
                        "category": "Quantity",
                        "subcategory": "Number",
                        "offset": 35,
                        "length": 4,
                        "confidenceScore": 0.8
                      },
                      {
                        "text": "API\u0027s",
                        "category": "Skill",
                        "offset": 61,
                        "length": 5,
                        "confidenceScore": 0.71
                      }
                    ],
                    "warnings": []
                  }
                ],
                "errors": [],
                "modelVersion": "2021-06-01"
              }
            },
            {
              "kind": "PiiEntityRecognitionLROResults",
              "lastUpdateDateTime": "2023-10-26T23:31:20.35062Z",
              "status": "succeeded",
              "results": {
                "documents": [
                  {
                    "redactedText": "I had a wonderful trip to Seattle *********.",
                    "id": "0",
                    "entities": [
                      {
                        "text": "last week",
                        "category": "DateTime",
                        "subcategory": "DateRange",
                        "offset": 34,
                        "length": 9,
                        "confidenceScore": 0.8
                      }
                    ],
                    "warnings": []
                  },
                  {
                    "redactedText": "********* ******** with ssn *********** is using our awesome API\u0027s.",
                    "id": "1",
                    "entities": [
                      {
                        "text": "Microsoft",
                        "category": "Organization",
                        "offset": 0,
                        "length": 9,
                        "confidenceScore": 0.94
                      },
                      {
                        "text": "employee",
                        "category": "PersonType",
                        "offset": 10,
                        "length": 8,
                        "confidenceScore": 0.95
                      },
                      {
                        "text": "859-98-0987",
                        "category": "USSocialSecurityNumber",
                        "offset": 28,
                        "length": 11,
                        "confidenceScore": 0.65
                      }
                    ],
                    "warnings": []
                  }
                ],
                "errors": [],
                "modelVersion": "2021-01-15"
              }
            },
            {
              "kind": "KeyPhraseExtractionLROResults",
              "lastUpdateDateTime": "2023-10-26T23:31:19.6183331Z",
              "status": "succeeded",
              "results": {
                "documents": [
                  {
                    "id": "0",
                    "keyPhrases": [
                      "wonderful trip",
                      "Seattle"
                    ],
                    "warnings": []
                  },
                  {
                    "id": "1",
                    "keyPhrases": [
                      "Microsoft employee",
                      "awesome API",
                      "ssn"
                    ],
                    "warnings": []
                  }
                ],
                "errors": [],
                "modelVersion": "2022-10-01"
              }
            },
            {
              "kind": "SentimentAnalysisLROResults",
              "lastUpdateDateTime": "2023-10-26T23:31:19.2438716Z",
              "status": "succeeded",
              "results": {
                "documents": [
                  {
                    "id": "0",
                    "sentiment": "positive",
                    "confidenceScores": {
                      "positive": 0.97,
                      "neutral": 0.03,
                      "negative": 0.0
                    },
                    "sentences": [
                      {
                        "sentiment": "positive",
                        "confidenceScores": {
                          "positive": 0.97,
                          "neutral": 0.03,
                          "negative": 0.0
                        },
                        "offset": 0,
                        "length": 44,
                        "text": "I had a wonderful trip to Seattle last week."
                      }
                    ],
                    "warnings": []
                  },
                  {
                    "id": "1",
                    "sentiment": "positive",
                    "confidenceScores": {
                      "positive": 0.9,
                      "neutral": 0.09,
                      "negative": 0.01
                    },
                    "sentences": [
                      {
                        "sentiment": "positive",
                        "confidenceScores": {
                          "positive": 0.9,
                          "neutral": 0.09,
                          "negative": 0.01
                        },
                        "offset": 0,
                        "length": 67,
                        "text": "Microsoft employee with ssn 859-98-0987 is using our awesome API\u0027s."
                      }
                    ],
                    "warnings": []
                  }
                ],
                "errors": [],
                "modelVersion": "2022-11-01"
              }
            }
          ]
        }
      }
    },
    {
      "RequestUri": "https://REDACTED/language/analyze-text/jobs/434c6a68-29af-456d-bb59-188e83003937?api-version=2023-04-01\u0026showStats=false",
      "RequestMethod": "GET",
      "RequestHeaders": {
        "Accept": "application/json",
        "Content-Length": "0",
        "Date": "Thu, 26 Oct 2023 23:31:45 GMT",
        "Ocp-Apim-Subscription-Key": "REDACTED",
        "User-Agent": "azsdk-java-azure-ai-textanalytics/5.5.0-beta.1 (21; Windows 11; 10.0)",
        "x-ms-client-request-id": "ac62b205-1267-4348-a01c-d3e1ebea8e54"
      },
      "RequestBody": null,
      "StatusCode": 200,
      "ResponseHeaders": {
        "apim-request-id": "e14055b2-791d-4d30-8315-8b28923b5386",
        "Content-Length": "3366",
        "Content-Type": "application/json; charset=utf-8",
        "Date": "Thu, 26 Oct 2023 23:31:46 GMT",
        "Strict-Transport-Security": "max-age=31536000; includeSubDomains; preload",
        "X-Content-Type-Options": "nosniff",
        "x-envoy-upstream-service-time": "232",
        "x-ms-region": "West US 2"
      },
      "ResponseBody": {
        "jobId": "434c6a68-29af-456d-bb59-188e83003937",
        "lastUpdatedDateTime": "2023-10-26T23:31:20Z",
        "createdDateTime": "2023-10-26T23:31:14Z",
        "expirationDateTime": "2023-10-27T23:31:14Z",
        "status": "succeeded",
        "errors": [],
        "displayName": "Test1",
        "tasks": {
          "completed": 4,
          "failed": 0,
          "inProgress": 0,
          "total": 4,
          "items": [
            {
              "kind": "EntityRecognitionLROResults",
              "lastUpdateDateTime": "2023-10-26T23:31:20.2182889Z",
              "status": "succeeded",
              "results": {
                "documents": [
                  {
                    "id": "0",
                    "entities": [
                      {
                        "text": "trip",
                        "category": "Event",
                        "offset": 18,
                        "length": 4,
                        "confidenceScore": 0.74
                      },
                      {
                        "text": "Seattle",
                        "category": "Location",
                        "subcategory": "GPE",
                        "offset": 26,
                        "length": 7,
                        "confidenceScore": 1.0
                      },
                      {
                        "text": "last week",
                        "category": "DateTime",
                        "subcategory": "DateRange",
                        "offset": 34,
                        "length": 9,
                        "confidenceScore": 0.8
                      }
                    ],
                    "warnings": []
                  },
                  {
                    "id": "1",
                    "entities": [
                      {
                        "text": "Microsoft",
                        "category": "Organization",
                        "offset": 0,
                        "length": 9,
                        "confidenceScore": 0.98
                      },
                      {
                        "text": "employee",
                        "category": "PersonType",
                        "offset": 10,
                        "length": 8,
                        "confidenceScore": 0.96
                      },
                      {
                        "text": "859",
                        "category": "Quantity",
                        "subcategory": "Number",
                        "offset": 28,
                        "length": 3,
                        "confidenceScore": 0.8
                      },
                      {
                        "text": "98",
                        "category": "Quantity",
                        "subcategory": "Number",
                        "offset": 32,
                        "length": 2,
                        "confidenceScore": 0.8
                      },
                      {
                        "text": "0987",
                        "category": "Quantity",
                        "subcategory": "Number",
                        "offset": 35,
                        "length": 4,
                        "confidenceScore": 0.8
                      },
                      {
                        "text": "API\u0027s",
                        "category": "Skill",
                        "offset": 61,
                        "length": 5,
                        "confidenceScore": 0.71
                      }
                    ],
                    "warnings": []
                  }
                ],
                "errors": [],
                "modelVersion": "2021-06-01"
              }
            },
            {
              "kind": "PiiEntityRecognitionLROResults",
              "lastUpdateDateTime": "2023-10-26T23:31:20.35062Z",
              "status": "succeeded",
              "results": {
                "documents": [
                  {
                    "redactedText": "I had a wonderful trip to Seattle *********.",
                    "id": "0",
                    "entities": [
                      {
                        "text": "last week",
                        "category": "DateTime",
                        "subcategory": "DateRange",
                        "offset": 34,
                        "length": 9,
                        "confidenceScore": 0.8
                      }
                    ],
                    "warnings": []
                  },
                  {
                    "redactedText": "********* ******** with ssn *********** is using our awesome API\u0027s.",
                    "id": "1",
                    "entities": [
                      {
                        "text": "Microsoft",
                        "category": "Organization",
                        "offset": 0,
                        "length": 9,
                        "confidenceScore": 0.94
                      },
                      {
                        "text": "employee",
                        "category": "PersonType",
                        "offset": 10,
                        "length": 8,
                        "confidenceScore": 0.95
                      },
                      {
                        "text": "859-98-0987",
                        "category": "USSocialSecurityNumber",
                        "offset": 28,
                        "length": 11,
                        "confidenceScore": 0.65
                      }
                    ],
                    "warnings": []
                  }
                ],
                "errors": [],
                "modelVersion": "2021-01-15"
              }
            },
            {
              "kind": "KeyPhraseExtractionLROResults",
              "lastUpdateDateTime": "2023-10-26T23:31:19.6183331Z",
              "status": "succeeded",
              "results": {
                "documents": [
                  {
                    "id": "0",
                    "keyPhrases": [
                      "wonderful trip",
                      "Seattle"
                    ],
                    "warnings": []
                  },
                  {
                    "id": "1",
                    "keyPhrases": [
                      "Microsoft employee",
                      "awesome API",
                      "ssn"
                    ],
                    "warnings": []
                  }
                ],
                "errors": [],
                "modelVersion": "2022-10-01"
              }
            },
            {
              "kind": "SentimentAnalysisLROResults",
              "lastUpdateDateTime": "2023-10-26T23:31:19.2438716Z",
              "status": "succeeded",
              "results": {
                "documents": [
                  {
                    "id": "0",
                    "sentiment": "positive",
                    "confidenceScores": {
                      "positive": 0.97,
                      "neutral": 0.03,
                      "negative": 0.0
                    },
                    "sentences": [
                      {
                        "sentiment": "positive",
                        "confidenceScores": {
                          "positive": 0.97,
                          "neutral": 0.03,
                          "negative": 0.0
                        },
                        "offset": 0,
                        "length": 44,
                        "text": "I had a wonderful trip to Seattle last week."
                      }
                    ],
                    "warnings": []
                  },
                  {
                    "id": "1",
                    "sentiment": "positive",
                    "confidenceScores": {
                      "positive": 0.9,
                      "neutral": 0.09,
                      "negative": 0.01
                    },
                    "sentences": [
                      {
                        "sentiment": "positive",
                        "confidenceScores": {
                          "positive": 0.9,
                          "neutral": 0.09,
                          "negative": 0.01
                        },
                        "offset": 0,
                        "length": 67,
                        "text": "Microsoft employee with ssn 859-98-0987 is using our awesome API\u0027s."
                      }
                    ],
                    "warnings": []
                  }
                ],
                "errors": [],
                "modelVersion": "2022-11-01"
              }
            }
          ]
        }
      }
    }
  ],
  "Variables": {}
}
