{
  "Entries": [
    {
      "RequestUri": "https://REDACTED/language/analyze-text/jobs?api-version=2022-10-01-preview",
      "RequestMethod": "POST",
      "RequestHeaders": {
        "Accept": "application/json",
        "Content-Length": "708",
        "Content-Type": "application/json",
        "Date": "Mon, 05 Jun 2023 17:34:00 GMT",
        "Ocp-Apim-Subscription-Key": "REDACTED",
        "User-Agent": "azsdk-java-azure-ai-textanalytics/5.3.0-beta.3 (11.0.6; Windows 10; 10.0)",
        "x-ms-client-request-id": "5db3cc71-c735-4fdd-af04-e5d633a3d6e9"
      },
      "RequestBody": {
        "analysisInput": {
          "documents": [
            {
              "id": "0",
              "text": "Microsoft was founded by Bill Gates and Paul Allen",
              "language": "auto"
            },
            {
              "id": "1",
              "text": "Microsoft fue fundado por Bill Gates y Paul Allen",
              "language": "auto"
            }
          ]
        },
        "tasks": [
          {
            "kind": "EntityRecognition",
            "parameters": {
              "loggingOptOut": false,
              "stringIndexType": "Utf16CodeUnit"
            }
          },
          {
            "kind": "PiiEntityRecognition",
            "parameters": {
              "loggingOptOut": true,
              "stringIndexType": "Utf16CodeUnit"
            }
          },
          {
            "kind": "KeyPhraseExtraction",
            "parameters": {
              "loggingOptOut": false
            }
          },
          {
            "kind": "EntityLinking",
            "parameters": {
              "loggingOptOut": false,
              "stringIndexType": "Utf16CodeUnit"
            }
          },
          {
            "kind": "SentimentAnalysis",
            "parameters": {
              "loggingOptOut": false,
              "opinionMining": false,
              "stringIndexType": "Utf16CodeUnit"
            }
          }
        ]
      },
      "StatusCode": 202,
      "ResponseHeaders": {
        "apim-request-id": "943b6f13-a768-49ce-80b0-372ce5f9e106",
        "Content-Length": "0",
        "Date": "Mon, 05 Jun 2023 17:34:00 GMT",
        "operation-location": "https://REDACTED/language/analyze-text/jobs/85e566f7-4c6c-443d-895d-561f5a8c8462?api-version=2022-10-01-preview",
        "Strict-Transport-Security": "max-age=31536000; includeSubDomains; preload",
        "X-Content-Type-Options": "nosniff",
        "x-envoy-upstream-service-time": "338",
        "x-ms-region": "West US 2"
      },
      "ResponseBody": null
    },
    {
      "RequestUri": "https://REDACTED/language/analyze-text/jobs/85e566f7-4c6c-443d-895d-561f5a8c8462?api-version=2022-10-01-preview\u0026showStats=false",
      "RequestMethod": "GET",
      "RequestHeaders": {
        "Accept": "application/json",
        "Content-Length": "0",
        "Date": "Mon, 05 Jun 2023 17:34:00 GMT",
        "Ocp-Apim-Subscription-Key": "REDACTED",
        "User-Agent": "azsdk-java-azure-ai-textanalytics/5.3.0-beta.3 (11.0.6; Windows 10; 10.0)",
        "x-ms-client-request-id": "f21a46db-d4f6-4a85-b133-9578537fb550"
      },
      "RequestBody": null,
      "StatusCode": 200,
      "ResponseHeaders": {
        "apim-request-id": "faac5bfd-fb57-4a5e-95dc-0e7c554ed14d",
        "Content-Length": "283",
        "Content-Type": "application/json; charset=utf-8",
        "Date": "Mon, 05 Jun 2023 17:34:00 GMT",
        "Strict-Transport-Security": "max-age=31536000; includeSubDomains; preload",
        "X-Content-Type-Options": "nosniff",
        "x-envoy-upstream-service-time": "8",
        "x-ms-region": "West US 2"
      },
      "ResponseBody": {
        "jobId": "85e566f7-4c6c-443d-895d-561f5a8c8462",
        "lastUpdatedDateTime": "2023-06-05T17:34:00Z",
        "createdDateTime": "2023-06-05T17:34:00Z",
        "expirationDateTime": "2023-06-06T17:34:00Z",
        "status": "notStarted",
        "errors": [],
        "tasks": {
          "completed": 0,
          "failed": 0,
          "inProgress": 5,
          "total": 5,
          "items": []
        }
      }
    },
    {
      "RequestUri": "https://REDACTED/language/analyze-text/jobs/85e566f7-4c6c-443d-895d-561f5a8c8462?api-version=2022-10-01-preview\u0026showStats=false",
      "RequestMethod": "GET",
      "RequestHeaders": {
        "Accept": "application/json",
        "Content-Length": "0",
        "Date": "Mon, 05 Jun 2023 17:34:30 GMT",
        "Ocp-Apim-Subscription-Key": "REDACTED",
        "User-Agent": "azsdk-java-azure-ai-textanalytics/5.3.0-beta.3 (11.0.6; Windows 10; 10.0)",
        "x-ms-client-request-id": "a4786ed6-0e3a-41f5-abac-d3742c512142"
      },
      "RequestBody": null,
      "StatusCode": 200,
      "ResponseHeaders": {
        "apim-request-id": "13c4f6d6-3494-4a07-849b-c439939dab91",
        "Content-Length": "5798",
        "Content-Type": "application/json; charset=utf-8",
        "Date": "Mon, 05 Jun 2023 17:34:30 GMT",
        "Strict-Transport-Security": "max-age=31536000; includeSubDomains; preload",
        "X-Content-Type-Options": "nosniff",
        "x-envoy-upstream-service-time": "357",
        "x-ms-region": "West US 2"
      },
      "ResponseBody": {
        "jobId": "85e566f7-4c6c-443d-895d-561f5a8c8462",
        "lastUpdatedDateTime": "2023-06-05T17:34:04Z",
        "createdDateTime": "2023-06-05T17:34:00Z",
        "expirationDateTime": "2023-06-06T17:34:00Z",
        "status": "succeeded",
        "errors": [],
        "tasks": {
          "completed": 5,
          "failed": 0,
          "inProgress": 0,
          "total": 5,
          "items": [
            {
              "kind": "EntityRecognitionLROResults",
              "lastUpdateDateTime": "2023-06-05T17:34:04.0477254Z",
              "status": "succeeded",
              "results": {
                "documents": [
                  {
                    "id": "0",
                    "entities": [
                      {
                        "text": "Microsoft",
                        "category": "Organization",
                        "offset": 0,
                        "length": 9,
                        "confidenceScore": 1.0
                      },
                      {
                        "text": "Bill Gates",
                        "category": "Person",
                        "offset": 25,
                        "length": 10,
                        "confidenceScore": 1.0
                      },
                      {
                        "text": "Paul Allen",
                        "category": "Person",
                        "offset": 40,
                        "length": 10,
                        "confidenceScore": 1.0
                      }
                    ],
                    "warnings": [],
                    "detectedLanguage": {
                      "name": "English",
                      "iso6391Name": "en",
                      "confidenceScore": 0.97
                    },
                    "isLanguageDefaulted": false
                  },
                  {
                    "id": "1",
                    "entities": [
                      {
                        "text": "Microsoft",
                        "category": "Organization",
                        "offset": 0,
                        "length": 9,
                        "confidenceScore": 1.0
                      },
                      {
                        "text": "Bill Gates",
                        "category": "Person",
                        "offset": 26,
                        "length": 10,
                        "confidenceScore": 1.0
                      },
                      {
                        "text": "Paul Allen",
                        "category": "Person",
                        "offset": 39,
                        "length": 10,
                        "confidenceScore": 0.99
                      }
                    ],
                    "warnings": [],
                    "detectedLanguage": {
                      "name": "Spanish",
                      "iso6391Name": "es",
                      "confidenceScore": 0.99
                    },
                    "isLanguageDefaulted": false
                  }
                ],
                "errors": [],
                "modelVersion": "2021-06-01"
              }
            },
            {
              "kind": "PiiEntityRecognitionLROResults",
              "lastUpdateDateTime": "2023-06-05T17:34:04.1095174Z",
              "status": "succeeded",
              "results": {
                "documents": [
                  {
                    "redactedText": "********* was founded by ********** and **********",
                    "id": "0",
                    "entities": [
                      {
                        "text": "Microsoft",
                        "category": "Organization",
                        "offset": 0,
                        "length": 9,
                        "confidenceScore": 0.96
                      },
                      {
                        "text": "Bill Gates",
                        "category": "Person",
                        "offset": 25,
                        "length": 10,
                        "confidenceScore": 0.99
                      },
                      {
                        "text": "Paul Allen",
                        "category": "Person",
                        "offset": 40,
                        "length": 10,
                        "confidenceScore": 0.99
                      }
                    ],
                    "warnings": [],
                    "detectedLanguage": {
                      "name": "English",
                      "iso6391Name": "en",
                      "confidenceScore": 0.97
                    },
                    "isLanguageDefaulted": false
                  },
                  {
                    "redactedText": "********* fue fundado por ********** y **********",
                    "id": "1",
                    "entities": [
                      {
                        "text": "Microsoft",
                        "category": "Organization",
                        "offset": 0,
                        "length": 9,
                        "confidenceScore": 0.96
                      },
                      {
                        "text": "Bill Gates",
                        "category": "Person",
                        "offset": 26,
                        "length": 10,
                        "confidenceScore": 0.99
                      },
                      {
                        "text": "Paul Allen",
                        "category": "Person",
                        "offset": 39,
                        "length": 10,
                        "confidenceScore": 0.99
                      }
                    ],
                    "warnings": [],
                    "detectedLanguage": {
                      "name": "Spanish",
                      "iso6391Name": "es",
                      "confidenceScore": 0.99
                    },
                    "isLanguageDefaulted": false
                  }
                ],
                "errors": [],
                "modelVersion": "2021-01-15"
              }
            },
            {
              "kind": "KeyPhraseExtractionLROResults",
              "lastUpdateDateTime": "2023-06-05T17:34:03.1318175Z",
              "status": "succeeded",
              "results": {
                "documents": [
                  {
                    "id": "0",
                    "keyPhrases": [
                      "Bill Gates",
                      "Paul Allen",
                      "Microsoft"
                    ],
                    "warnings": [],
                    "detectedLanguage": {
                      "name": "English",
                      "iso6391Name": "en",
                      "confidenceScore": 0.97
                    },
                    "isLanguageDefaulted": false
                  },
                  {
                    "id": "1",
                    "keyPhrases": [
                      "Bill Gates",
                      "Paul Allen",
                      "Microsoft"
                    ],
                    "warnings": [],
                    "detectedLanguage": {
                      "name": "Spanish",
                      "iso6391Name": "es",
                      "confidenceScore": 0.99
                    },
                    "isLanguageDefaulted": false
                  }
                ],
                "errors": [],
                "modelVersion": "2022-10-01"
              }
            },
            {
              "kind": "EntityLinkingLROResults",
              "lastUpdateDateTime": "2023-06-05T17:34:04.9280071Z",
              "status": "succeeded",
              "results": {
                "documents": [
                  {
                    "id": "0",
                    "entities": [
                      {
                        "bingId": "a093e9b9-90f5-a3d5-c4b8-5855e1b01f85",
                        "name": "Microsoft",
                        "matches": [
                          {
                            "text": "Microsoft",
                            "offset": 0,
                            "length": 9,
                            "confidenceScore": 0.49
                          }
                        ],
                        "language": "en",
                        "id": "Microsoft",
                        "url": "REDACTED",
                        "dataSource": "Wikipedia"
                      },
                      {
                        "bingId": "0d47c987-0042-5576-15e8-97af601614fa",
                        "name": "Bill Gates",
                        "matches": [
                          {
                            "text": "Bill Gates",
                            "offset": 25,
                            "length": 10,
                            "confidenceScore": 0.52
                          }
                        ],
                        "language": "en",
                        "id": "Bill Gates",
                        "url": "REDACTED",
                        "dataSource": "Wikipedia"
                      },
                      {
                        "bingId": "df2c4376-9923-6a54-893f-2ee5a5badbc7",
                        "name": "Paul Allen",
                        "matches": [
                          {
                            "text": "Paul Allen",
                            "offset": 40,
                            "length": 10,
                            "confidenceScore": 0.54
                          }
                        ],
                        "language": "en",
                        "id": "Paul Allen",
                        "url": "REDACTED",
                        "dataSource": "Wikipedia"
                      }
                    ],
                    "warnings": [],
                    "detectedLanguage": {
                      "name": "English",
                      "iso6391Name": "en",
                      "confidenceScore": 0.97
                    },
                    "isLanguageDefaulted": false
                  },
                  {
                    "id": "1",
                    "entities": [
                      {
                        "bingId": "a093e9b9-90f5-a3d5-c4b8-5855e1b01f85",
                        "name": "Microsoft",
                        "matches": [
                          {
                            "text": "Microsoft",
                            "offset": 0,
                            "length": 9,
                            "confidenceScore": 0.38
                          }
                        ],
                        "language": "es",
                        "id": "Microsoft",
                        "url": "REDACTED",
                        "dataSource": "Wikipedia"
                      },
                      {
                        "bingId": "0d47c987-0042-5576-15e8-97af601614fa",
                        "name": "Bill Gates",
                        "matches": [
                          {
                            "text": "Bill Gates",
                            "offset": 26,
                            "length": 10,
                            "confidenceScore": 0.37
                          }
                        ],
                        "language": "es",
                        "id": "Bill Gates",
                        "url": "REDACTED",
                        "dataSource": "Wikipedia"
                      },
                      {
                        "bingId": "df2c4376-9923-6a54-893f-2ee5a5badbc7",
                        "name": "Paul Allen",
                        "matches": [
                          {
                            "text": "Paul Allen",
                            "offset": 39,
                            "length": 10,
                            "confidenceScore": 0.9
                          }
                        ],
                        "language": "es",
                        "id": "Paul Allen",
                        "url": "REDACTED",
                        "dataSource": "Wikipedia"
                      }
                    ],
                    "warnings": [],
                    "detectedLanguage": {
                      "name": "Spanish",
                      "iso6391Name": "es",
                      "confidenceScore": 0.99
                    },
                    "isLanguageDefaulted": false
                  }
                ],
                "errors": [],
                "modelVersion": "2021-06-01"
              }
            },
            {
              "kind": "SentimentAnalysisLROResults",
              "lastUpdateDateTime": "2023-06-05T17:34:02.7351859Z",
              "status": "succeeded",
              "results": {
                "documents": [
                  {
                    "id": "0",
                    "sentiment": "neutral",
                    "confidenceScores": {
                      "positive": 0.0,
                      "neutral": 0.99,
                      "negative": 0.0
                    },
                    "sentences": [
                      {
                        "sentiment": "neutral",
                        "confidenceScores": {
                          "positive": 0.0,
                          "neutral": 0.99,
                          "negative": 0.0
                        },
                        "offset": 0,
                        "length": 50,
                        "text": "Microsoft was founded by Bill Gates and Paul Allen"
                      }
                    ],
                    "warnings": [],
                    "detectedLanguage": {
                      "name": "English",
                      "iso6391Name": "en",
                      "confidenceScore": 0.97
                    },
                    "isLanguageDefaulted": false
                  },
                  {
                    "id": "1",
                    "sentiment": "neutral",
                    "confidenceScores": {
                      "positive": 0.02,
                      "neutral": 0.98,
                      "negative": 0.0
                    },
                    "sentences": [
                      {
                        "sentiment": "neutral",
                        "confidenceScores": {
                          "positive": 0.02,
                          "neutral": 0.98,
                          "negative": 0.0
                        },
                        "offset": 0,
                        "length": 49,
                        "text": "Microsoft fue fundado por Bill Gates y Paul Allen"
                      }
                    ],
                    "warnings": [],
                    "detectedLanguage": {
                      "name": "Spanish",
                      "iso6391Name": "es",
                      "confidenceScore": 0.99
                    },
                    "isLanguageDefaulted": false
                  }
                ],
                "errors": [],
                "modelVersion": "2022-11-01"
              }
            }
          ]
        }
      }
    },
    {
      "RequestUri": "https://REDACTED/language/analyze-text/jobs/85e566f7-4c6c-443d-895d-561f5a8c8462?api-version=2022-10-01-preview\u0026showStats=false",
      "RequestMethod": "GET",
      "RequestHeaders": {
        "Accept": "application/json",
        "Content-Length": "0",
        "Date": "Mon, 05 Jun 2023 17:34:31 GMT",
        "Ocp-Apim-Subscription-Key": "REDACTED",
        "User-Agent": "azsdk-java-azure-ai-textanalytics/5.3.0-beta.3 (11.0.6; Windows 10; 10.0)",
        "x-ms-client-request-id": "01f71bb5-b7a5-4326-8fe5-ade886b7a7df"
      },
      "RequestBody": null,
      "StatusCode": 200,
      "ResponseHeaders": {
        "apim-request-id": "f4154df8-d60e-4d7a-9926-215df4545c89",
        "Content-Length": "5798",
        "Content-Type": "application/json; charset=utf-8",
        "Date": "Mon, 05 Jun 2023 17:34:30 GMT",
        "Strict-Transport-Security": "max-age=31536000; includeSubDomains; preload",
        "X-Content-Type-Options": "nosniff",
        "x-envoy-upstream-service-time": "255",
        "x-ms-region": "West US 2"
      },
      "ResponseBody": {
        "jobId": "85e566f7-4c6c-443d-895d-561f5a8c8462",
        "lastUpdatedDateTime": "2023-06-05T17:34:04Z",
        "createdDateTime": "2023-06-05T17:34:00Z",
        "expirationDateTime": "2023-06-06T17:34:00Z",
        "status": "succeeded",
        "errors": [],
        "tasks": {
          "completed": 5,
          "failed": 0,
          "inProgress": 0,
          "total": 5,
          "items": [
            {
              "kind": "EntityRecognitionLROResults",
              "lastUpdateDateTime": "2023-06-05T17:34:04.0477254Z",
              "status": "succeeded",
              "results": {
                "documents": [
                  {
                    "id": "0",
                    "entities": [
                      {
                        "text": "Microsoft",
                        "category": "Organization",
                        "offset": 0,
                        "length": 9,
                        "confidenceScore": 1.0
                      },
                      {
                        "text": "Bill Gates",
                        "category": "Person",
                        "offset": 25,
                        "length": 10,
                        "confidenceScore": 1.0
                      },
                      {
                        "text": "Paul Allen",
                        "category": "Person",
                        "offset": 40,
                        "length": 10,
                        "confidenceScore": 1.0
                      }
                    ],
                    "warnings": [],
                    "detectedLanguage": {
                      "name": "English",
                      "iso6391Name": "en",
                      "confidenceScore": 0.97
                    },
                    "isLanguageDefaulted": false
                  },
                  {
                    "id": "1",
                    "entities": [
                      {
                        "text": "Microsoft",
                        "category": "Organization",
                        "offset": 0,
                        "length": 9,
                        "confidenceScore": 1.0
                      },
                      {
                        "text": "Bill Gates",
                        "category": "Person",
                        "offset": 26,
                        "length": 10,
                        "confidenceScore": 1.0
                      },
                      {
                        "text": "Paul Allen",
                        "category": "Person",
                        "offset": 39,
                        "length": 10,
                        "confidenceScore": 0.99
                      }
                    ],
                    "warnings": [],
                    "detectedLanguage": {
                      "name": "Spanish",
                      "iso6391Name": "es",
                      "confidenceScore": 0.99
                    },
                    "isLanguageDefaulted": false
                  }
                ],
                "errors": [],
                "modelVersion": "2021-06-01"
              }
            },
            {
              "kind": "PiiEntityRecognitionLROResults",
              "lastUpdateDateTime": "2023-06-05T17:34:04.1095174Z",
              "status": "succeeded",
              "results": {
                "documents": [
                  {
                    "redactedText": "********* was founded by ********** and **********",
                    "id": "0",
                    "entities": [
                      {
                        "text": "Microsoft",
                        "category": "Organization",
                        "offset": 0,
                        "length": 9,
                        "confidenceScore": 0.96
                      },
                      {
                        "text": "Bill Gates",
                        "category": "Person",
                        "offset": 25,
                        "length": 10,
                        "confidenceScore": 0.99
                      },
                      {
                        "text": "Paul Allen",
                        "category": "Person",
                        "offset": 40,
                        "length": 10,
                        "confidenceScore": 0.99
                      }
                    ],
                    "warnings": [],
                    "detectedLanguage": {
                      "name": "English",
                      "iso6391Name": "en",
                      "confidenceScore": 0.97
                    },
                    "isLanguageDefaulted": false
                  },
                  {
                    "redactedText": "********* fue fundado por ********** y **********",
                    "id": "1",
                    "entities": [
                      {
                        "text": "Microsoft",
                        "category": "Organization",
                        "offset": 0,
                        "length": 9,
                        "confidenceScore": 0.96
                      },
                      {
                        "text": "Bill Gates",
                        "category": "Person",
                        "offset": 26,
                        "length": 10,
                        "confidenceScore": 0.99
                      },
                      {
                        "text": "Paul Allen",
                        "category": "Person",
                        "offset": 39,
                        "length": 10,
                        "confidenceScore": 0.99
                      }
                    ],
                    "warnings": [],
                    "detectedLanguage": {
                      "name": "Spanish",
                      "iso6391Name": "es",
                      "confidenceScore": 0.99
                    },
                    "isLanguageDefaulted": false
                  }
                ],
                "errors": [],
                "modelVersion": "2021-01-15"
              }
            },
            {
              "kind": "KeyPhraseExtractionLROResults",
              "lastUpdateDateTime": "2023-06-05T17:34:03.1318175Z",
              "status": "succeeded",
              "results": {
                "documents": [
                  {
                    "id": "0",
                    "keyPhrases": [
                      "Bill Gates",
                      "Paul Allen",
                      "Microsoft"
                    ],
                    "warnings": [],
                    "detectedLanguage": {
                      "name": "English",
                      "iso6391Name": "en",
                      "confidenceScore": 0.97
                    },
                    "isLanguageDefaulted": false
                  },
                  {
                    "id": "1",
                    "keyPhrases": [
                      "Bill Gates",
                      "Paul Allen",
                      "Microsoft"
                    ],
                    "warnings": [],
                    "detectedLanguage": {
                      "name": "Spanish",
                      "iso6391Name": "es",
                      "confidenceScore": 0.99
                    },
                    "isLanguageDefaulted": false
                  }
                ],
                "errors": [],
                "modelVersion": "2022-10-01"
              }
            },
            {
              "kind": "EntityLinkingLROResults",
              "lastUpdateDateTime": "2023-06-05T17:34:04.9280071Z",
              "status": "succeeded",
              "results": {
                "documents": [
                  {
                    "id": "0",
                    "entities": [
                      {
                        "bingId": "a093e9b9-90f5-a3d5-c4b8-5855e1b01f85",
                        "name": "Microsoft",
                        "matches": [
                          {
                            "text": "Microsoft",
                            "offset": 0,
                            "length": 9,
                            "confidenceScore": 0.49
                          }
                        ],
                        "language": "en",
                        "id": "Microsoft",
                        "url": "REDACTED",
                        "dataSource": "Wikipedia"
                      },
                      {
                        "bingId": "0d47c987-0042-5576-15e8-97af601614fa",
                        "name": "Bill Gates",
                        "matches": [
                          {
                            "text": "Bill Gates",
                            "offset": 25,
                            "length": 10,
                            "confidenceScore": 0.52
                          }
                        ],
                        "language": "en",
                        "id": "Bill Gates",
                        "url": "REDACTED",
                        "dataSource": "Wikipedia"
                      },
                      {
                        "bingId": "df2c4376-9923-6a54-893f-2ee5a5badbc7",
                        "name": "Paul Allen",
                        "matches": [
                          {
                            "text": "Paul Allen",
                            "offset": 40,
                            "length": 10,
                            "confidenceScore": 0.54
                          }
                        ],
                        "language": "en",
                        "id": "Paul Allen",
                        "url": "REDACTED",
                        "dataSource": "Wikipedia"
                      }
                    ],
                    "warnings": [],
                    "detectedLanguage": {
                      "name": "English",
                      "iso6391Name": "en",
                      "confidenceScore": 0.97
                    },
                    "isLanguageDefaulted": false
                  },
                  {
                    "id": "1",
                    "entities": [
                      {
                        "bingId": "a093e9b9-90f5-a3d5-c4b8-5855e1b01f85",
                        "name": "Microsoft",
                        "matches": [
                          {
                            "text": "Microsoft",
                            "offset": 0,
                            "length": 9,
                            "confidenceScore": 0.38
                          }
                        ],
                        "language": "es",
                        "id": "Microsoft",
                        "url": "REDACTED",
                        "dataSource": "Wikipedia"
                      },
                      {
                        "bingId": "0d47c987-0042-5576-15e8-97af601614fa",
                        "name": "Bill Gates",
                        "matches": [
                          {
                            "text": "Bill Gates",
                            "offset": 26,
                            "length": 10,
                            "confidenceScore": 0.37
                          }
                        ],
                        "language": "es",
                        "id": "Bill Gates",
                        "url": "REDACTED",
                        "dataSource": "Wikipedia"
                      },
                      {
                        "bingId": "df2c4376-9923-6a54-893f-2ee5a5badbc7",
                        "name": "Paul Allen",
                        "matches": [
                          {
                            "text": "Paul Allen",
                            "offset": 39,
                            "length": 10,
                            "confidenceScore": 0.9
                          }
                        ],
                        "language": "es",
                        "id": "Paul Allen",
                        "url": "REDACTED",
                        "dataSource": "Wikipedia"
                      }
                    ],
                    "warnings": [],
                    "detectedLanguage": {
                      "name": "Spanish",
                      "iso6391Name": "es",
                      "confidenceScore": 0.99
                    },
                    "isLanguageDefaulted": false
                  }
                ],
                "errors": [],
                "modelVersion": "2021-06-01"
              }
            },
            {
              "kind": "SentimentAnalysisLROResults",
              "lastUpdateDateTime": "2023-06-05T17:34:02.7351859Z",
              "status": "succeeded",
              "results": {
                "documents": [
                  {
                    "id": "0",
                    "sentiment": "neutral",
                    "confidenceScores": {
                      "positive": 0.0,
                      "neutral": 0.99,
                      "negative": 0.0
                    },
                    "sentences": [
                      {
                        "sentiment": "neutral",
                        "confidenceScores": {
                          "positive": 0.0,
                          "neutral": 0.99,
                          "negative": 0.0
                        },
                        "offset": 0,
                        "length": 50,
                        "text": "Microsoft was founded by Bill Gates and Paul Allen"
                      }
                    ],
                    "warnings": [],
                    "detectedLanguage": {
                      "name": "English",
                      "iso6391Name": "en",
                      "confidenceScore": 0.97
                    },
                    "isLanguageDefaulted": false
                  },
                  {
                    "id": "1",
                    "sentiment": "neutral",
                    "confidenceScores": {
                      "positive": 0.02,
                      "neutral": 0.98,
                      "negative": 0.0
                    },
                    "sentences": [
                      {
                        "sentiment": "neutral",
                        "confidenceScores": {
                          "positive": 0.02,
                          "neutral": 0.98,
                          "negative": 0.0
                        },
                        "offset": 0,
                        "length": 49,
                        "text": "Microsoft fue fundado por Bill Gates y Paul Allen"
                      }
                    ],
                    "warnings": [],
                    "detectedLanguage": {
                      "name": "Spanish",
                      "iso6391Name": "es",
                      "confidenceScore": 0.99
                    },
                    "isLanguageDefaulted": false
                  }
                ],
                "errors": [],
                "modelVersion": "2022-11-01"
              }
            }
          ]
        }
      }
    }
  ],
  "Variables": {}
}
