{
  "Entries": [
    {
      "RequestUri": "https://REDACTED/language/analyze-text/jobs?api-version=2023-04-01",
      "RequestMethod": "POST",
      "RequestHeaders": {
        "Accept": "application/json",
        "Content-Length": "299",
        "Content-Type": "application/json",
        "Date": "Wed, 03 Jul 2024 20:40:38 GMT",
        "Ocp-Apim-Subscription-Key": "REDACTED",
        "User-Agent": "azsdk-java-azure-ai-textanalytics/5.5.0-beta.1 (11.0.21; Windows 11; 10.0)",
        "x-ms-client-request-id": "Sanitized"
      },
      "RequestBody": {
        "analysisInput": {
          "documents": [
            {
              "id": "0",
              "text": "I had a wonderful trip to Seattle last week.",
              "language": "en"
            },
            {
              "id": "1",
              "text": "I work at Microsoft.",
              "language": "en"
            }
          ]
        },
        "tasks": [
          {
            "kind": "EntityLinking",
            "parameters": {
              "loggingOptOut": false,
              "stringIndexType": "Utf16CodeUnit"
            }
          }
        ],
        "displayName": "Test1"
      },
      "StatusCode": 202,
      "ResponseHeaders": {
        "apim-request-id": "5d1eb802-4536-40ae-8818-da80da816d2d",
        "Content-Length": "0",
        "Date": "Wed, 03 Jul 2024 20:40:38 GMT",
        "operation-location": "https://REDACTED.cognitiveservices.azure.com/language/analyze-text/jobs/dbe00abb-bce7-4cb1-a18a-7a656a22b7d8?api-version=2023-04-01",
        "Strict-Transport-Security": "max-age=31536000; includeSubDomains; preload",
        "X-Content-Type-Options": "nosniff",
        "x-envoy-upstream-service-time": "298",
        "x-ms-region": "West US 2"
      },
      "ResponseBody": null
    },
    {
      "RequestUri": "https://REDACTED/language/analyze-text/jobs/dbe00abb-bce7-4cb1-a18a-7a656a22b7d8?api-version=2023-04-01&showStats=false",
      "RequestMethod": "GET",
      "RequestHeaders": {
        "Accept": "application/json",
        "Content-Length": "0",
        "Date": "Wed, 03 Jul 2024 20:40:38 GMT",
        "Ocp-Apim-Subscription-Key": "REDACTED",
        "User-Agent": "azsdk-java-azure-ai-textanalytics/5.5.0-beta.1 (11.0.21; Windows 11; 10.0)",
        "x-ms-client-request-id": "Sanitized"
      },
      "RequestBody": null,
      "StatusCode": 200,
      "ResponseHeaders": {
        "apim-request-id": "74f95d28-24d7-40b7-b573-531d3f735fc8",
        "Content-Length": "305",
        "Content-Type": "application/json; charset=utf-8",
        "Date": "Wed, 03 Jul 2024 20:40:38 GMT",
        "Strict-Transport-Security": "max-age=31536000; includeSubDomains; preload",
        "X-Content-Type-Options": "nosniff",
        "x-envoy-upstream-service-time": "10",
        "x-ms-region": "West US 2"
      },
      "ResponseBody": {
        "jobId": "dbe00abb-bce7-4cb1-a18a-7a656a22b7d8",
        "lastUpdatedDateTime": "2024-07-03T20:40:38Z",
        "createdDateTime": "2024-07-03T20:40:38Z",
        "expirationDateTime": "2024-07-04T20:40:38Z",
        "status": "notStarted",
        "errors": [],
        "displayName": "Test1",
        "tasks": {
          "completed": 0,
          "failed": 0,
          "inProgress": 1,
          "total": 1,
          "items": []
        }
      }
    },
    {
      "RequestUri": "https://REDACTED/language/analyze-text/jobs/dbe00abb-bce7-4cb1-a18a-7a656a22b7d8?api-version=2023-04-01&showStats=false",
      "RequestMethod": "GET",
      "RequestHeaders": {
        "Accept": "application/json",
        "Content-Length": "0",
        "Date": "Wed, 03 Jul 2024 20:41:08 GMT",
        "Ocp-Apim-Subscription-Key": "REDACTED",
        "User-Agent": "azsdk-java-azure-ai-textanalytics/5.5.0-beta.1 (11.0.21; Windows 11; 10.0)",
        "x-ms-client-request-id": "Sanitized"
      },
      "RequestBody": null,
      "StatusCode": 200,
      "ResponseHeaders": {
        "apim-request-id": "c0f8331f-6154-4033-a4f9-0d25819e874d",
        "Content-Length": "993",
        "Content-Type": "application/json; charset=utf-8",
        "Date": "Wed, 03 Jul 2024 20:41:08 GMT",
        "Strict-Transport-Security": "max-age=31536000; includeSubDomains; preload",
        "X-Content-Type-Options": "nosniff",
        "x-envoy-upstream-service-time": "68",
        "x-ms-region": "West US 2"
      },
      "ResponseBody": {
        "jobId": "dbe00abb-bce7-4cb1-a18a-7a656a22b7d8",
        "lastUpdatedDateTime": "2024-07-03T20:40:45Z",
        "createdDateTime": "2024-07-03T20:40:38Z",
        "expirationDateTime": "2024-07-04T20:40:38Z",
        "status": "succeeded",
        "errors": [],
        "displayName": "Test1",
        "tasks": {
          "completed": 1,
          "failed": 0,
          "inProgress": 0,
          "total": 1,
          "items": [
            {
              "kind": "EntityLinkingLROResults",
              "lastUpdateDateTime": "2024-07-03T20:40:45.9047374Z",
              "status": "succeeded",
              "results": {
                "documents": [
                  {
                    "id": "0",
                    "entities": [
                      {
                        "bingId": "5fbba6b8-85e1-4d41-9444-d9055436e473",
                        "name": "Seattle",
                        "matches": [
                          {
                            "text": "Seattle",
                            "offset": 26,
                            "length": 7,
                            "confidenceScore": 0.19
                          }
                        ],
                        "language": "en",
                        "id": "Seattle",
                        "url": "REDACTED",
                        "dataSource": "Wikipedia"
                      }
                    ],
                    "warnings": []
                  },
                  {
                    "id": "1",
                    "entities": [
                      {
                        "bingId": "a093e9b9-90f5-a3d5-c4b8-5855e1b01f85",
                        "name": "Microsoft",
                        "matches": [
                          {
                            "text": "Microsoft",
                            "offset": 10,
                            "length": 9,
                            "confidenceScore": 0.25
                          }
                        ],
                        "language": "en",
                        "id": "Microsoft",
                        "url": "REDACTED",
                        "dataSource": "Wikipedia"
                      }
                    ],
                    "warnings": []
                  }
                ],
                "errors": [],
                "modelVersion": "2021-06-01"
              }
            }
          ]
        }
      }
    },
    {
      "RequestUri": "https://REDACTED/language/analyze-text/jobs/dbe00abb-bce7-4cb1-a18a-7a656a22b7d8?api-version=2023-04-01&showStats=false",
      "RequestMethod": "GET",
      "RequestHeaders": {
        "Accept": "application/json",
        "Content-Length": "0",
        "Date": "Wed, 03 Jul 2024 20:41:08 GMT",
        "Ocp-Apim-Subscription-Key": "REDACTED",
        "User-Agent": "azsdk-java-azure-ai-textanalytics/5.5.0-beta.1 (11.0.21; Windows 11; 10.0)",
        "x-ms-client-request-id": "Sanitized"
      },
      "RequestBody": null,
      "StatusCode": 200,
      "ResponseHeaders": {
        "apim-request-id": "0214de6b-a830-4bd4-940d-4a4a4de2842a",
        "Content-Length": "993",
        "Content-Type": "application/json; charset=utf-8",
        "Date": "Wed, 03 Jul 2024 20:41:09 GMT",
        "Strict-Transport-Security": "max-age=31536000; includeSubDomains; preload",
        "X-Content-Type-Options": "nosniff",
        "x-envoy-upstream-service-time": "155",
        "x-ms-region": "West US 2"
      },
      "ResponseBody": {
        "jobId": "dbe00abb-bce7-4cb1-a18a-7a656a22b7d8",
        "lastUpdatedDateTime": "2024-07-03T20:40:45Z",
        "createdDateTime": "2024-07-03T20:40:38Z",
        "expirationDateTime": "2024-07-04T20:40:38Z",
        "status": "succeeded",
        "errors": [],
        "displayName": "Test1",
        "tasks": {
          "completed": 1,
          "failed": 0,
          "inProgress": 0,
          "total": 1,
          "items": [
            {
              "kind": "EntityLinkingLROResults",
              "lastUpdateDateTime": "2024-07-03T20:40:45.9047374Z",
              "status": "succeeded",
              "results": {
                "documents": [
                  {
                    "id": "0",
                    "entities": [
                      {
                        "bingId": "5fbba6b8-85e1-4d41-9444-d9055436e473",
                        "name": "Seattle",
                        "matches": [
                          {
                            "text": "Seattle",
                            "offset": 26,
                            "length": 7,
                            "confidenceScore": 0.19
                          }
                        ],
                        "language": "en",
                        "id": "Seattle",
                        "url": "REDACTED",
                        "dataSource": "Wikipedia"
                      }
                    ],
                    "warnings": []
                  },
                  {
                    "id": "1",
                    "entities": [
                      {
                        "bingId": "a093e9b9-90f5-a3d5-c4b8-5855e1b01f85",
                        "name": "Microsoft",
                        "matches": [
                          {
                            "text": "Microsoft",
                            "offset": 10,
                            "length": 9,
                            "confidenceScore": 0.25
                          }
                        ],
                        "language": "en",
                        "id": "Microsoft",
                        "url": "REDACTED",
                        "dataSource": "Wikipedia"
                      }
                    ],
                    "warnings": []
                  }
                ],
                "errors": [],
                "modelVersion": "2021-06-01"
              }
            }
          ]
        }
      }
    }
  ],
  "Variables": {}
}
