{
  "Entries": [
    {
      "RequestUri": "https://REDACTED/language/analyze-text/jobs?api-version=2023-04-01",
      "RequestMethod": "POST",
      "RequestHeaders": {
        "Accept": "application/json",
        "Content-Length": "610",
        "Content-Type": "application/json",
        "Date": "Thu, 26 Oct 2023 23:34:46 GMT",
        "Ocp-Apim-Subscription-Key": "REDACTED",
        "User-Agent": "azsdk-java-azure-ai-textanalytics/5.5.0-beta.1 (21; Windows 11; 10.0)",
        "x-ms-client-request-id": "4500285d-a355-46aa-b6b9-0ba0e5b9f0f1"
      },
      "RequestBody": {
        "analysisInput": {
          "documents": [
            {
              "id": "0",
              "text": "I had a wonderful trip to Seattle last week."
            },
            {
              "id": "1",
              "text": "Microsoft employee with ssn 859-98-0987 is using our awesome API\u0027s."
            }
          ]
        },
        "tasks": [
          {
            "kind": "EntityRecognition",
            "parameters": {
              "loggingOptOut": false,
              "stringIndexType": "Utf16CodeUnit"
            }
          },
          {
            "kind": "PiiEntityRecognition",
            "parameters": {
              "loggingOptOut": true,
              "stringIndexType": "Utf16CodeUnit"
            }
          },
          {
            "kind": "KeyPhraseExtraction",
            "parameters": {
              "loggingOptOut": false
            }
          },
          {
            "kind": "SentimentAnalysis",
            "parameters": {
              "loggingOptOut": false,
              "opinionMining": false,
              "stringIndexType": "Utf16CodeUnit"
            }
          }
        ],
        "displayName": "Test1"
      },
      "StatusCode": 202,
      "ResponseHeaders": {
        "apim-request-id": "c8406f3a-ec41-4a94-9e3a-6315b2882c91",
        "Content-Length": "0",
        "Date": "Thu, 26 Oct 2023 23:34:46 GMT",
        "operation-location": "https://REDACTED/language/analyze-text/jobs/4786f275-2ae0-4f82-85b5-0183f582ffac?api-version=2023-04-01",
        "Strict-Transport-Security": "max-age=31536000; includeSubDomains; preload",
        "X-Content-Type-Options": "nosniff",
        "x-envoy-upstream-service-time": "515",
        "x-ms-region": "West US 2"
      },
      "ResponseBody": null
    },
    {
      "RequestUri": "https://REDACTED/language/analyze-text/jobs/4786f275-2ae0-4f82-85b5-0183f582ffac?api-version=2023-04-01\u0026showStats=false",
      "RequestMethod": "GET",
      "RequestHeaders": {
        "Accept": "application/json",
        "Content-Length": "0",
        "Date": "Thu, 26 Oct 2023 23:35:16 GMT",
        "Ocp-Apim-Subscription-Key": "REDACTED",
        "User-Agent": "azsdk-java-azure-ai-textanalytics/5.5.0-beta.1 (21; Windows 11; 10.0)",
        "x-ms-client-request-id": "5a96fac5-f4f9-4b7d-9f5c-c1873ee8ac83"
      },
      "RequestBody": null,
      "StatusCode": 200,
      "ResponseHeaders": {
        "apim-request-id": "f08acd60-6e51-4ce7-a5ab-a68ae3f579e6",
        "Content-Length": "3368",
        "Content-Type": "application/json; charset=utf-8",
        "Date": "Thu, 26 Oct 2023 23:35:16 GMT",
        "Strict-Transport-Security": "max-age=31536000; includeSubDomains; preload",
        "X-Content-Type-Options": "nosniff",
        "x-envoy-upstream-service-time": "208",
        "x-ms-region": "West US 2"
      },
      "ResponseBody": {
        "jobId": "4786f275-2ae0-4f82-85b5-0183f582ffac",
        "lastUpdatedDateTime": "2023-10-26T23:34:51Z",
        "createdDateTime": "2023-10-26T23:34:46Z",
        "expirationDateTime": "2023-10-27T23:34:46Z",
        "status": "succeeded",
        "errors": [],
        "displayName": "Test1",
        "tasks": {
          "completed": 4,
          "failed": 0,
          "inProgress": 0,
          "total": 4,
          "items": [
            {
              "kind": "EntityRecognitionLROResults",
              "lastUpdateDateTime": "2023-10-26T23:34:50.7242907Z",
              "status": "succeeded",
              "results": {
                "documents": [
                  {
                    "id": "0",
                    "entities": [
                      {
                        "text": "trip",
                        "category": "Event",
                        "offset": 18,
                        "length": 4,
                        "confidenceScore": 0.74
                      },
                      {
                        "text": "Seattle",
                        "category": "Location",
                        "subcategory": "GPE",
                        "offset": 26,
                        "length": 7,
                        "confidenceScore": 1.0
                      },
                      {
                        "text": "last week",
                        "category": "DateTime",
                        "subcategory": "DateRange",
                        "offset": 34,
                        "length": 9,
                        "confidenceScore": 0.8
                      }
                    ],
                    "warnings": []
                  },
                  {
                    "id": "1",
                    "entities": [
                      {
                        "text": "Microsoft",
                        "category": "Organization",
                        "offset": 0,
                        "length": 9,
                        "confidenceScore": 0.98
                      },
                      {
                        "text": "employee",
                        "category": "PersonType",
                        "offset": 10,
                        "length": 8,
                        "confidenceScore": 0.96
                      },
                      {
                        "text": "859",
                        "category": "Quantity",
                        "subcategory": "Number",
                        "offset": 28,
                        "length": 3,
                        "confidenceScore": 0.8
                      },
                      {
                        "text": "98",
                        "category": "Quantity",
                        "subcategory": "Number",
                        "offset": 32,
                        "length": 2,
                        "confidenceScore": 0.8
                      },
                      {
                        "text": "0987",
                        "category": "Quantity",
                        "subcategory": "Number",
                        "offset": 35,
                        "length": 4,
                        "confidenceScore": 0.8
                      },
                      {
                        "text": "API\u0027s",
                        "category": "Skill",
                        "offset": 61,
                        "length": 5,
                        "confidenceScore": 0.71
                      }
                    ],
                    "warnings": []
                  }
                ],
                "errors": [],
                "modelVersion": "2021-06-01"
              }
            },
            {
              "kind": "PiiEntityRecognitionLROResults",
              "lastUpdateDateTime": "2023-10-26T23:34:50.8058508Z",
              "status": "succeeded",
              "results": {
                "documents": [
                  {
                    "redactedText": "I had a wonderful trip to Seattle *********.",
                    "id": "0",
                    "entities": [
                      {
                        "text": "last week",
                        "category": "DateTime",
                        "subcategory": "DateRange",
                        "offset": 34,
                        "length": 9,
                        "confidenceScore": 0.8
                      }
                    ],
                    "warnings": []
                  },
                  {
                    "redactedText": "********* ******** with ssn *********** is using our awesome API\u0027s.",
                    "id": "1",
                    "entities": [
                      {
                        "text": "Microsoft",
                        "category": "Organization",
                        "offset": 0,
                        "length": 9,
                        "confidenceScore": 0.94
                      },
                      {
                        "text": "employee",
                        "category": "PersonType",
                        "offset": 10,
                        "length": 8,
                        "confidenceScore": 0.95
                      },
                      {
                        "text": "859-98-0987",
                        "category": "USSocialSecurityNumber",
                        "offset": 28,
                        "length": 11,
                        "confidenceScore": 0.65
                      }
                    ],
                    "warnings": []
                  }
                ],
                "errors": [],
                "modelVersion": "2021-01-15"
              }
            },
            {
              "kind": "KeyPhraseExtractionLROResults",
              "lastUpdateDateTime": "2023-10-26T23:34:51.0799049Z",
              "status": "succeeded",
              "results": {
                "documents": [
                  {
                    "id": "0",
                    "keyPhrases": [
                      "wonderful trip",
                      "Seattle"
                    ],
                    "warnings": []
                  },
                  {
                    "id": "1",
                    "keyPhrases": [
                      "Microsoft employee",
                      "awesome API",
                      "ssn"
                    ],
                    "warnings": []
                  }
                ],
                "errors": [],
                "modelVersion": "2022-10-01"
              }
            },
            {
              "kind": "SentimentAnalysisLROResults",
              "lastUpdateDateTime": "2023-10-26T23:34:51.1032756Z",
              "status": "succeeded",
              "results": {
                "documents": [
                  {
                    "id": "0",
                    "sentiment": "positive",
                    "confidenceScores": {
                      "positive": 0.97,
                      "neutral": 0.03,
                      "negative": 0.0
                    },
                    "sentences": [
                      {
                        "sentiment": "positive",
                        "confidenceScores": {
                          "positive": 0.97,
                          "neutral": 0.03,
                          "negative": 0.0
                        },
                        "offset": 0,
                        "length": 44,
                        "text": "I had a wonderful trip to Seattle last week."
                      }
                    ],
                    "warnings": []
                  },
                  {
                    "id": "1",
                    "sentiment": "positive",
                    "confidenceScores": {
                      "positive": 0.9,
                      "neutral": 0.09,
                      "negative": 0.01
                    },
                    "sentences": [
                      {
                        "sentiment": "positive",
                        "confidenceScores": {
                          "positive": 0.9,
                          "neutral": 0.09,
                          "negative": 0.01
                        },
                        "offset": 0,
                        "length": 67,
                        "text": "Microsoft employee with ssn 859-98-0987 is using our awesome API\u0027s."
                      }
                    ],
                    "warnings": []
                  }
                ],
                "errors": [],
                "modelVersion": "2022-11-01"
              }
            }
          ]
        }
      }
    },
    {
      "RequestUri": "https://REDACTED/language/analyze-text/jobs/4786f275-2ae0-4f82-85b5-0183f582ffac?api-version=2023-04-01\u0026showStats=false",
      "RequestMethod": "GET",
      "RequestHeaders": {
        "Accept": "application/json",
        "Content-Length": "0",
        "Date": "Thu, 26 Oct 2023 23:35:17 GMT",
        "Ocp-Apim-Subscription-Key": "REDACTED",
        "User-Agent": "azsdk-java-azure-ai-textanalytics/5.5.0-beta.1 (21; Windows 11; 10.0)",
        "x-ms-client-request-id": "5112be90-520c-418d-9f51-92e40b7f381d"
      },
      "RequestBody": null,
      "StatusCode": 200,
      "ResponseHeaders": {
        "apim-request-id": "3ec7d2f1-d551-44d8-9471-7a835e30c5b0",
        "Content-Length": "3368",
        "Content-Type": "application/json; charset=utf-8",
        "Date": "Thu, 26 Oct 2023 23:35:16 GMT",
        "Strict-Transport-Security": "max-age=31536000; includeSubDomains; preload",
        "X-Content-Type-Options": "nosniff",
        "x-envoy-upstream-service-time": "194",
        "x-ms-region": "West US 2"
      },
      "ResponseBody": {
        "jobId": "4786f275-2ae0-4f82-85b5-0183f582ffac",
        "lastUpdatedDateTime": "2023-10-26T23:34:51Z",
        "createdDateTime": "2023-10-26T23:34:46Z",
        "expirationDateTime": "2023-10-27T23:34:46Z",
        "status": "succeeded",
        "errors": [],
        "displayName": "Test1",
        "tasks": {
          "completed": 4,
          "failed": 0,
          "inProgress": 0,
          "total": 4,
          "items": [
            {
              "kind": "EntityRecognitionLROResults",
              "lastUpdateDateTime": "2023-10-26T23:34:50.7242907Z",
              "status": "succeeded",
              "results": {
                "documents": [
                  {
                    "id": "0",
                    "entities": [
                      {
                        "text": "trip",
                        "category": "Event",
                        "offset": 18,
                        "length": 4,
                        "confidenceScore": 0.74
                      },
                      {
                        "text": "Seattle",
                        "category": "Location",
                        "subcategory": "GPE",
                        "offset": 26,
                        "length": 7,
                        "confidenceScore": 1.0
                      },
                      {
                        "text": "last week",
                        "category": "DateTime",
                        "subcategory": "DateRange",
                        "offset": 34,
                        "length": 9,
                        "confidenceScore": 0.8
                      }
                    ],
                    "warnings": []
                  },
                  {
                    "id": "1",
                    "entities": [
                      {
                        "text": "Microsoft",
                        "category": "Organization",
                        "offset": 0,
                        "length": 9,
                        "confidenceScore": 0.98
                      },
                      {
                        "text": "employee",
                        "category": "PersonType",
                        "offset": 10,
                        "length": 8,
                        "confidenceScore": 0.96
                      },
                      {
                        "text": "859",
                        "category": "Quantity",
                        "subcategory": "Number",
                        "offset": 28,
                        "length": 3,
                        "confidenceScore": 0.8
                      },
                      {
                        "text": "98",
                        "category": "Quantity",
                        "subcategory": "Number",
                        "offset": 32,
                        "length": 2,
                        "confidenceScore": 0.8
                      },
                      {
                        "text": "0987",
                        "category": "Quantity",
                        "subcategory": "Number",
                        "offset": 35,
                        "length": 4,
                        "confidenceScore": 0.8
                      },
                      {
                        "text": "API\u0027s",
                        "category": "Skill",
                        "offset": 61,
                        "length": 5,
                        "confidenceScore": 0.71
                      }
                    ],
                    "warnings": []
                  }
                ],
                "errors": [],
                "modelVersion": "2021-06-01"
              }
            },
            {
              "kind": "PiiEntityRecognitionLROResults",
              "lastUpdateDateTime": "2023-10-26T23:34:50.8058508Z",
              "status": "succeeded",
              "results": {
                "documents": [
                  {
                    "redactedText": "I had a wonderful trip to Seattle *********.",
                    "id": "0",
                    "entities": [
                      {
                        "text": "last week",
                        "category": "DateTime",
                        "subcategory": "DateRange",
                        "offset": 34,
                        "length": 9,
                        "confidenceScore": 0.8
                      }
                    ],
                    "warnings": []
                  },
                  {
                    "redactedText": "********* ******** with ssn *********** is using our awesome API\u0027s.",
                    "id": "1",
                    "entities": [
                      {
                        "text": "Microsoft",
                        "category": "Organization",
                        "offset": 0,
                        "length": 9,
                        "confidenceScore": 0.94
                      },
                      {
                        "text": "employee",
                        "category": "PersonType",
                        "offset": 10,
                        "length": 8,
                        "confidenceScore": 0.95
                      },
                      {
                        "text": "859-98-0987",
                        "category": "USSocialSecurityNumber",
                        "offset": 28,
                        "length": 11,
                        "confidenceScore": 0.65
                      }
                    ],
                    "warnings": []
                  }
                ],
                "errors": [],
                "modelVersion": "2021-01-15"
              }
            },
            {
              "kind": "KeyPhraseExtractionLROResults",
              "lastUpdateDateTime": "2023-10-26T23:34:51.0799049Z",
              "status": "succeeded",
              "results": {
                "documents": [
                  {
                    "id": "0",
                    "keyPhrases": [
                      "wonderful trip",
                      "Seattle"
                    ],
                    "warnings": []
                  },
                  {
                    "id": "1",
                    "keyPhrases": [
                      "Microsoft employee",
                      "awesome API",
                      "ssn"
                    ],
                    "warnings": []
                  }
                ],
                "errors": [],
                "modelVersion": "2022-10-01"
              }
            },
            {
              "kind": "SentimentAnalysisLROResults",
              "lastUpdateDateTime": "2023-10-26T23:34:51.1032756Z",
              "status": "succeeded",
              "results": {
                "documents": [
                  {
                    "id": "0",
                    "sentiment": "positive",
                    "confidenceScores": {
                      "positive": 0.97,
                      "neutral": 0.03,
                      "negative": 0.0
                    },
                    "sentences": [
                      {
                        "sentiment": "positive",
                        "confidenceScores": {
                          "positive": 0.97,
                          "neutral": 0.03,
                          "negative": 0.0
                        },
                        "offset": 0,
                        "length": 44,
                        "text": "I had a wonderful trip to Seattle last week."
                      }
                    ],
                    "warnings": []
                  },
                  {
                    "id": "1",
                    "sentiment": "positive",
                    "confidenceScores": {
                      "positive": 0.9,
                      "neutral": 0.09,
                      "negative": 0.01
                    },
                    "sentences": [
                      {
                        "sentiment": "positive",
                        "confidenceScores": {
                          "positive": 0.9,
                          "neutral": 0.09,
                          "negative": 0.01
                        },
                        "offset": 0,
                        "length": 67,
                        "text": "Microsoft employee with ssn 859-98-0987 is using our awesome API\u0027s."
                      }
                    ],
                    "warnings": []
                  }
                ],
                "errors": [],
                "modelVersion": "2022-11-01"
              }
            }
          ]
        }
      }
    }
  ],
  "Variables": {}
}
