{
  "Entries": [
    {
      "RequestUri": "https://fakestorageaccount.blob.core.windows.net/filesystem169273857180101489?restype=container",
      "RequestMethod": "PUT",
      "RequestHeaders": {
        "Accept": "application/xml",
        "Authorization": "Sanitized",
        "Connection": "keep-alive",
        "Content-Length": "0",
        "User-Agent": "azsdk-js-azure-storage-blob/12.20.0 core-rest-pipeline/1.12.1 Node/v18.16.0 OS/(x64-Linux-5.15.0-1041-azure)",
        "x-ms-client-request-id": "003554d7-b71d-4062-92ce-9b5ce57ece04",
        "x-ms-date": "Tue, 22 Aug 2023 21:09:31 GMT",
        "x-ms-version": "2023-08-03"
      },
      "RequestBody": null,
      "StatusCode": 201,
      "ResponseHeaders": {
        "Content-Length": "0",
        "Date": "Tue, 22 Aug 2023 21:09:31 GMT",
        "ETag": "\u00220x8DBA354147C6041\u0022",
        "Last-Modified": "Tue, 22 Aug 2023 21:09:31 GMT",
        "Server": [
          "Windows-Azure-Blob/1.0",
          "Microsoft-HTTPAPI/2.0"
        ],
        "x-ms-client-request-id": "003554d7-b71d-4062-92ce-9b5ce57ece04",
        "x-ms-request-id": "59c3e282-501e-0041-103c-d56525000000",
        "x-ms-version": "2023-08-03"
      },
      "ResponseBody": null
    },
    {
      "RequestUri": "https://fakestorageaccount.dfs.core.windows.net/filesystem169273857180101489/file169273857189909679?resource=file",
      "RequestMethod": "PUT",
      "RequestHeaders": {
        "Accept": "application/json",
        "Authorization": "Sanitized",
        "Connection": "keep-alive",
        "Content-Length": "0",
        "User-Agent": "azsdk-js-azure-storage-blob/12.20.0 core-rest-pipeline/1.12.1 Node/v18.16.0 OS/(x64-Linux-5.15.0-1041-azure)",
        "x-ms-client-request-id": "f054c13c-1c38-4756-af2a-6b5b3064b4c0",
        "x-ms-date": "Tue, 22 Aug 2023 21:09:31 GMT",
        "x-ms-version": "2023-08-03"
      },
      "RequestBody": null,
      "StatusCode": 201,
      "ResponseHeaders": {
        "Content-Length": "0",
        "Date": "Tue, 22 Aug 2023 21:09:31 GMT",
        "ETag": "\u00220x8DBA3541492E01C\u0022",
        "Last-Modified": "Tue, 22 Aug 2023 21:09:32 GMT",
        "Server": [
          "Windows-Azure-HDFS/1.0",
          "Microsoft-HTTPAPI/2.0"
        ],
        "x-ms-client-request-id": "f054c13c-1c38-4756-af2a-6b5b3064b4c0",
        "x-ms-request-id": "ae808a1b-401f-0062-3a3c-d5ffe6000000",
        "x-ms-request-server-encrypted": "true",
        "x-ms-version": "2023-08-03"
      },
      "ResponseBody": null
    },
    {
      "RequestUri": "https://fakestorageaccount.dfs.core.windows.net/filesystem169273857180101489/file169273857189909679?position=0\u0026action=append",
      "RequestMethod": "PATCH",
      "RequestHeaders": {
        "Accept": "application/json",
        "Authorization": "Sanitized",
        "Connection": "keep-alive",
        "Content-Length": "11",
        "Content-Type": "application/json",
        "User-Agent": "azsdk-js-azure-storage-blob/12.20.0 core-rest-pipeline/1.12.1 Node/v18.16.0 OS/(x64-Linux-5.15.0-1041-azure)",
        "x-ms-client-request-id": "fcef80e8-aaaf-4753-ae2c-50e3ecab1c19",
        "x-ms-date": "Tue, 22 Aug 2023 21:09:32 GMT",
        "x-ms-version": "2023-08-03"
      },
      "RequestBody": "Hello World",
      "StatusCode": 202,
      "ResponseHeaders": {
        "Content-Length": "0",
        "Date": "Tue, 22 Aug 2023 21:09:31 GMT",
        "Server": [
          "Windows-Azure-HDFS/1.0",
          "Microsoft-HTTPAPI/2.0"
        ],
        "x-ms-client-request-id": "fcef80e8-aaaf-4753-ae2c-50e3ecab1c19",
        "x-ms-request-id": "ae808a7a-401f-0062-193c-d5ffe6000000",
        "x-ms-request-server-encrypted": "true",
        "x-ms-version": "2023-08-03"
      },
      "ResponseBody": null
    },
    {
      "RequestUri": "https://fakestorageaccount.dfs.core.windows.net/filesystem169273857180101489/file169273857189909679?position=11\u0026action=flush",
      "RequestMethod": "PATCH",
      "RequestHeaders": {
        "Accept": "application/json",
        "Authorization": "Sanitized",
        "Connection": "keep-alive",
        "Content-Length": "0",
        "User-Agent": "azsdk-js-azure-storage-blob/12.20.0 core-rest-pipeline/1.12.1 Node/v18.16.0 OS/(x64-Linux-5.15.0-1041-azure)",
        "x-ms-client-request-id": "d88f0514-c1f9-4667-8af0-bc10c9a5c3a3",
        "x-ms-date": "Tue, 22 Aug 2023 21:09:32 GMT",
        "x-ms-version": "2023-08-03"
      },
      "RequestBody": null,
      "StatusCode": 200,
      "ResponseHeaders": {
        "Content-Length": "0",
        "Date": "Tue, 22 Aug 2023 21:09:31 GMT",
        "ETag": "\u00220x8DBA35414A9D3CF\u0022",
        "Last-Modified": "Tue, 22 Aug 2023 21:09:32 GMT",
        "Server": [
          "Windows-Azure-HDFS/1.0",
          "Microsoft-HTTPAPI/2.0"
        ],
        "x-ms-client-request-id": "d88f0514-c1f9-4667-8af0-bc10c9a5c3a3",
        "x-ms-request-id": "ae808aaf-401f-0062-4e3c-d5ffe6000000",
        "x-ms-request-server-encrypted": "false",
        "x-ms-version": "2023-08-03"
      },
      "ResponseBody": null
    },
    {
      "RequestUri": "https://fakestorageaccount.dfs.core.windows.net/filesystem169273857180101489/testdir169273857216302901?resource=directory",
      "RequestMethod": "PUT",
      "RequestHeaders": {
        "Accept": "application/json",
        "Authorization": "Sanitized",
        "Connection": "keep-alive",
        "Content-Length": "0",
        "If-None-Match": "*",
        "User-Agent": "azsdk-js-azure-storage-blob/12.20.0 core-rest-pipeline/1.12.1 Node/v18.16.0 OS/(x64-Linux-5.15.0-1041-azure)",
        "x-ms-cache-control": "control",
        "x-ms-client-request-id": "f5aa3cb4-db88-4394-a617-a17affbf3c56",
        "x-ms-content-disposition": "disposition",
        "x-ms-content-encoding": "encoding",
        "x-ms-content-language": "language",
        "x-ms-content-type": "type/subtype",
        "x-ms-date": "Tue, 22 Aug 2023 21:09:32 GMT",
        "x-ms-version": "2023-08-03"
      },
      "RequestBody": null,
      "StatusCode": 201,
      "ResponseHeaders": {
        "Content-Length": "0",
        "Date": "Tue, 22 Aug 2023 21:09:31 GMT",
        "ETag": "\u00220x8DBA35414B3E3BB\u0022",
        "Last-Modified": "Tue, 22 Aug 2023 21:09:32 GMT",
        "Server": [
          "Windows-Azure-HDFS/1.0",
          "Microsoft-HTTPAPI/2.0"
        ],
        "x-ms-client-request-id": "f5aa3cb4-db88-4394-a617-a17affbf3c56",
        "x-ms-request-id": "ae808ae9-401f-0062-083c-d5ffe6000000",
        "x-ms-request-server-encrypted": "true",
        "x-ms-version": "2023-08-03"
      },
      "ResponseBody": null
    },
    {
      "RequestUri": "https://fakestorageaccount.blob.core.windows.net/filesystem169273857180101489/testdir169273857216302901",
      "RequestMethod": "HEAD",
      "RequestHeaders": {
        "Accept": "application/xml",
        "Authorization": "Sanitized",
        "Connection": "keep-alive",
        "User-Agent": "azsdk-js-azure-storage-blob/12.20.0 core-rest-pipeline/1.12.1 Node/v18.16.0 OS/(x64-Linux-5.15.0-1041-azure)",
        "x-ms-client-request-id": "2f155543-ed1e-4912-8955-4c2e62e75eec",
        "x-ms-date": "Tue, 22 Aug 2023 21:09:32 GMT",
        "x-ms-version": "2023-08-03"
      },
      "RequestBody": null,
      "StatusCode": 200,
      "ResponseHeaders": {
        "Accept-Ranges": "bytes",
        "Access-Control-Allow-Origin": "*",
        "Access-Control-Expose-Headers": "x-ms-request-id,x-ms-client-request-id,Server,x-ms-version,x-ms-resource-type,x-ms-meta-hdi_isfolder,Content-Type,Content-Encoding,Content-Language,Cache-Control,Last-Modified,ETag,x-ms-creation-time,x-ms-lease-status,x-ms-lease-state,x-ms-blob-type,Content-Disposition,x-ms-server-encrypted,x-ms-access-tier,x-ms-access-tier-inferred,Accept-Ranges,x-ms-owner,x-ms-group,x-ms-permissions,Content-Length,Date,Transfer-Encoding",
        "Cache-Control": "control",
        "Content-Disposition": "disposition",
        "Content-Encoding": "encoding",
        "Content-Language": "language",
        "Content-Length": "0",
        "Content-Type": "type/subtype",
        "Date": "Tue, 22 Aug 2023 21:09:31 GMT",
        "ETag": "\u00220x8DBA35414B3E3BB\u0022",
        "Last-Modified": "Tue, 22 Aug 2023 21:09:32 GMT",
        "Server": [
          "Windows-Azure-Blob/1.0",
          "Microsoft-HTTPAPI/2.0"
        ],
        "x-ms-access-tier": "Hot",
        "x-ms-access-tier-inferred": "true",
        "x-ms-blob-type": "BlockBlob",
        "x-ms-client-request-id": "2f155543-ed1e-4912-8955-4c2e62e75eec",
        "x-ms-creation-time": "Tue, 22 Aug 2023 21:09:32 GMT",
        "x-ms-group": "$superuser",
        "x-ms-lease-state": "available",
        "x-ms-lease-status": "unlocked",
        "x-ms-meta-hdi_isfolder": "true",
        "x-ms-owner": "$superuser",
        "x-ms-permissions": "rwxr-x---",
        "x-ms-request-id": "59c3e42c-501e-0041-1e3c-d56525000000",
        "x-ms-resource-type": "directory",
        "x-ms-server-encrypted": "true",
        "x-ms-version": "2023-08-03"
      },
      "ResponseBody": null
    },
    {
      "RequestUri": "https://fakestorageaccount.blob.core.windows.net/filesystem169273857180101489?restype=container",
      "RequestMethod": "DELETE",
      "RequestHeaders": {
        "Accept": "application/xml",
        "Authorization": "Sanitized",
        "Connection": "keep-alive",
        "User-Agent": "azsdk-js-azure-storage-blob/12.20.0 core-rest-pipeline/1.12.1 Node/v18.16.0 OS/(x64-Linux-5.15.0-1041-azure)",
        "x-ms-client-request-id": "909833ea-a213-4e0a-86da-b61334c942e6",
        "x-ms-date": "Tue, 22 Aug 2023 21:09:32 GMT",
        "x-ms-version": "2023-08-03"
      },
      "RequestBody": null,
      "StatusCode": 202,
      "ResponseHeaders": {
        "Content-Length": "0",
        "Date": "Tue, 22 Aug 2023 21:09:31 GMT",
        "Server": [
          "Windows-Azure-Blob/1.0",
          "Microsoft-HTTPAPI/2.0"
        ],
        "x-ms-client-request-id": "909833ea-a213-4e0a-86da-b61334c942e6",
        "x-ms-request-id": "59c3e46b-501e-0041-5d3c-d56525000000",
        "x-ms-version": "2023-08-03"
      },
      "ResponseBody": null
    }
  ],
  "Variables": {
    "file": "file169273857189909679",
    "filesystem": "filesystem169273857180101489",
    "testdir": "testdir169273857216302901"
  }
}
