{
  "Entries": [
    {
      "RequestUri": "https://jalauzonnettest.file.core.windows.net/test-share-bf5e0b41-e0b5-8a07-3635-742aba5f495a?restype=share",
      "RequestMethod": "PUT",
      "RequestHeaders": {
        "Accept": "application/xml",
        "Authorization": "Sanitized",
        "Content-Length": "0",
        "traceparent": "00-6f82122d9b2283e954f5891295a59365-37016c695f56e3a5-00",
        "User-Agent": "azsdk-net-Storage.Files.Shares/12.22.0-alpha.20250129.1 (.NET 8.0.12; Microsoft Windows 10.0.22631)",
        "x-ms-client-request-id": "Sanitized",
        "x-ms-date": "Thu, 30 Jan 2025 01:08:02 GMT",
        "x-ms-return-client-request-id": "true",
        "x-ms-version": "2025-05-05"
      },
      "RequestBody": null,
      "StatusCode": 201,
      "ResponseHeaders": {
        "Content-Length": "0",
        "Date": "Thu, 30 Jan 2025 01:08:02 GMT",
        "ETag": "\"0x8DD40CA8B9BFF63\"",
        "Last-Modified": "Thu, 30 Jan 2025 01:08:02 GMT",
        "Server": [
          "Windows-Azure-File/1.0",
          "Microsoft-HTTPAPI/2.0"
        ],
        "x-ms-client-request-id": "Sanitized",
        "x-ms-request-id": "db07a227-301a-0010-50b3-721faa000000",
        "x-ms-version": "2025-05-05"
      },
      "ResponseBody": null
    },
    {
      "RequestUri": "https://jalauzonnettest.file.core.windows.net/test-share-435bed09-6bc9-7ac0-7f20-97f878b86127?restype=share",
      "RequestMethod": "PUT",
      "RequestHeaders": {
        "Accept": "application/xml",
        "Authorization": "Sanitized",
        "Content-Length": "0",
        "traceparent": "00-3d11080e782f4759e54d4d97f54a1687-cf31a61cfdce2b48-00",
        "User-Agent": "azsdk-net-Storage.Files.Shares/12.22.0-alpha.20250129.1 (.NET 8.0.12; Microsoft Windows 10.0.22631)",
        "x-ms-client-request-id": "Sanitized",
        "x-ms-date": "Thu, 30 Jan 2025 01:08:02 GMT",
        "x-ms-return-client-request-id": "true",
        "x-ms-version": "2025-05-05"
      },
      "RequestBody": null,
      "StatusCode": 201,
      "ResponseHeaders": {
        "Content-Length": "0",
        "Date": "Thu, 30 Jan 2025 01:08:02 GMT",
        "ETag": "\"0x8DD40CA8BA58BE3\"",
        "Last-Modified": "Thu, 30 Jan 2025 01:08:02 GMT",
        "Server": [
          "Windows-Azure-File/1.0",
          "Microsoft-HTTPAPI/2.0"
        ],
        "x-ms-client-request-id": "Sanitized",
        "x-ms-request-id": "db07a229-301a-0010-51b3-721faa000000",
        "x-ms-version": "2025-05-05"
      },
      "ResponseBody": null
    },
    {
      "RequestUri": "https://jalauzonnettest.file.core.windows.net/test-share-bf5e0b41-e0b5-8a07-3635-742aba5f495a?restype=share&comp=filepermission",
      "RequestMethod": "PUT",
      "RequestHeaders": {
        "Accept": "application/xml",
        "Authorization": "Sanitized",
        "Content-Length": "225",
        "Content-Type": "application/json",
        "traceparent": "00-fea560a26d4c1064cdfbdfb57dd74755-ee2000dfca12f30a-00",
        "User-Agent": "azsdk-net-Storage.Files.Shares/12.22.0-alpha.20250129.1 (.NET 8.0.12; Microsoft Windows 10.0.22631)",
        "x-ms-client-request-id": "Sanitized",
        "x-ms-date": "Thu, 30 Jan 2025 01:08:02 GMT",
        "x-ms-return-client-request-id": "true",
        "x-ms-version": "2025-05-05"
      },
      "RequestBody": {
        "permission": "O:S-1-5-21-2127521184-1604012920-1887927527-21560751G:S-1-5-21-2127521184-1604012920-1887927527-513D:AI(A;;FA;;;SY)(A;;FA;;;BA)(A;;0x1200a9;;;S-1-5-21-397955417-626881126-188441444-3053964)S:NO_ACCESS_CONTROL"
      },
      "StatusCode": 201,
      "ResponseHeaders": {
        "Date": "Thu, 30 Jan 2025 01:08:02 GMT",
        "Server": [
          "Windows-Azure-File/1.0",
          "Microsoft-HTTPAPI/2.0"
        ],
        "Transfer-Encoding": "chunked",
        "x-ms-client-request-id": "Sanitized",
        "x-ms-file-permission-key": "15652079561766676378*9146977694084461163",
        "x-ms-request-id": "db07a22b-301a-0010-52b3-721faa000000",
        "x-ms-version": "2025-05-05"
      },
      "ResponseBody": null
    },
    {
      "RequestUri": "https://jalauzonnettest.file.core.windows.net/test-share-bf5e0b41-e0b5-8a07-3635-742aba5f495a/test-file-abc9cec8-898b-f7cc-72da-e48418a8a85e",
      "RequestMethod": "PUT",
      "RequestHeaders": {
        "Accept": "application/xml",
        "Authorization": "Sanitized",
        "Content-Length": "0",
        "traceparent": "00-7af6b6320ccbc6e4cf9a853f86567871-192819efbec97239-00",
        "User-Agent": "azsdk-net-Storage.Files.Shares/12.22.0-alpha.20250129.1 (.NET 8.0.12; Microsoft Windows 10.0.22631)",
        "x-ms-cache-control": "no-cache",
        "x-ms-client-request-id": "Sanitized",
        "x-ms-content-disposition": "inline",
        "x-ms-content-language": "en-US,en-CA",
        "x-ms-content-length": "0",
        "x-ms-date": "Thu, 30 Jan 2025 01:08:02 GMT",
        "x-ms-file-attributes": "None",
        "x-ms-file-change-time": "2024-04-01T13:30:03.0000000Z",
        "x-ms-file-creation-time": "2024-04-01T09:05:55.0000000Z",
        "x-ms-file-last-write-time": "2024-04-01T12:16:06.0000000Z",
        "x-ms-file-permission-key": "15652079561766676378*9146977694084461163",
        "x-ms-meta-Capital": "letter",
        "x-ms-meta-foo": "bar",
        "x-ms-meta-meta": "data",
        "x-ms-meta-UPPER": "case",
        "x-ms-return-client-request-id": "true",
        "x-ms-type": "file",
        "x-ms-version": "2025-05-05"
      },
      "RequestBody": null,
      "StatusCode": 201,
      "ResponseHeaders": {
        "Content-Length": "0",
        "Date": "Thu, 30 Jan 2025 01:08:02 GMT",
        "ETag": "\"0x8DD40CA8BB7BD4A\"",
        "Last-Modified": "Thu, 30 Jan 2025 01:08:02 GMT",
        "Server": [
          "Windows-Azure-File/1.0",
          "Microsoft-HTTPAPI/2.0"
        ],
        "x-ms-client-request-id": "Sanitized",
        "x-ms-file-attributes": "Archive",
        "x-ms-file-change-time": "2024-04-01T13:30:03.0000000Z",
        "x-ms-file-creation-time": "2024-04-01T09:05:55.0000000Z",
        "x-ms-file-id": "13835128424026341376",
        "x-ms-file-last-write-time": "2024-04-01T12:16:06.0000000Z",
        "x-ms-file-parent-id": "0",
        "x-ms-file-permission-key": "11303202110437009118*9146977694084461163",
        "x-ms-request-id": "db07a22c-301a-0010-53b3-721faa000000",
        "x-ms-request-server-encrypted": "true",
        "x-ms-version": "2025-05-05"
      },
      "ResponseBody": null
    },
    {
      "RequestUri": "https://jalauzonnettest.file.core.windows.net/test-share-bf5e0b41-e0b5-8a07-3635-742aba5f495a/test-file-abc9cec8-898b-f7cc-72da-e48418a8a85e?sv=Sanitized&se=2025-01-31T01%3A08%3A02Z&sr=s&sp=rcwdl&sig=Sanitized",
      "RequestMethod": "HEAD",
      "RequestHeaders": {
        "Accept": "application/xml",
        "traceparent": "00-1e95edbc4e3bb8b0613c6b90ebdc5ed9-653ec70f8b06f712-00",
        "User-Agent": "azsdk-net-Storage.Files.Shares/12.22.0-alpha.20250129.1 (.NET 8.0.12; Microsoft Windows 10.0.22631)",
        "x-ms-client-request-id": "Sanitized",
        "x-ms-return-client-request-id": "true",
        "x-ms-version": "2025-05-05"
      },
      "RequestBody": null,
      "StatusCode": 200,
      "ResponseHeaders": {
        "Cache-Control": "no-cache",
        "Content-Disposition": "inline",
        "Content-Language": [
          "en-US",
          "en-CA"
        ],
        "Content-Length": "0",
        "Content-Type": "application/octet-stream",
        "Date": "Thu, 30 Jan 2025 01:08:02 GMT",
        "ETag": "\"0x8DD40CA8BB7BD4A\"",
        "Last-Modified": "Thu, 30 Jan 2025 01:08:02 GMT",
        "Server": [
          "Windows-Azure-File/1.0",
          "Microsoft-HTTPAPI/2.0"
        ],
        "x-ms-client-request-id": "Sanitized",
        "x-ms-file-attributes": "Archive",
        "x-ms-file-change-time": "2024-04-01T13:30:03.0000000Z",
        "x-ms-file-creation-time": "2024-04-01T09:05:55.0000000Z",
        "x-ms-file-id": "13835128424026341376",
        "x-ms-file-last-write-time": "2024-04-01T12:16:06.0000000Z",
        "x-ms-file-parent-id": "0",
        "x-ms-file-permission-key": "11303202110437009118*9146977694084461163",
        "x-ms-lease-state": "available",
        "x-ms-lease-status": "unlocked",
        "x-ms-meta-Capital": "letter",
        "x-ms-meta-foo": "bar",
        "x-ms-meta-meta": "data",
        "x-ms-meta-UPPER": "case",
        "x-ms-request-id": "db07a22d-301a-0010-54b3-721faa000000",
        "x-ms-server-encrypted": "true",
        "x-ms-type": "File",
        "x-ms-version": "2025-05-05"
      },
      "ResponseBody": null
    },
    {
      "RequestUri": "https://jalauzonnettest.file.core.windows.net/test-share-bf5e0b41-e0b5-8a07-3635-742aba5f495a?sv=Sanitized&se=2025-01-31T01%3A08%3A02Z&sr=s&sp=rcwdl&sig=Sanitized&restype=share&comp=filepermission",
      "RequestMethod": "GET",
      "RequestHeaders": {
        "Accept": "application/json",
        "traceparent": "00-e24ed6661dfee6012958c42e94831e12-1462606171727630-00",
        "User-Agent": "azsdk-net-Storage.Files.Shares/12.22.0-alpha.20250129.1 (.NET 8.0.12; Microsoft Windows 10.0.22631)",
        "x-ms-client-request-id": "Sanitized",
        "x-ms-file-permission-key": "11303202110437009118*9146977694084461163",
        "x-ms-return-client-request-id": "true",
        "x-ms-version": "2025-05-05"
      },
      "RequestBody": null,
      "StatusCode": 200,
      "ResponseHeaders": {
        "Content-Length": "220",
        "Date": "Thu, 30 Jan 2025 01:08:02 GMT",
        "Server": [
          "Windows-Azure-File/1.0",
          "Microsoft-HTTPAPI/2.0"
        ],
        "x-ms-client-request-id": "Sanitized",
        "x-ms-request-id": "db07a22e-301a-0010-55b3-721faa000000",
        "x-ms-version": "2025-05-05"
      },
      "ResponseBody": "eyJwZXJtaXNzaW9uIjoiTzpTLTEtNS0yMS0yMTI3NTIxMTg0LTE2MDQwMTI5MjAtMTg4NzkyNzUyNy0yMTU2MDc1MUc6Uy0xLTUtMjEtMjEyNzUyMTE4NC0xNjA0MDEyOTIwLTE4ODc5Mjc1MjctNTEzRDooQTs7RkE7OztTWSkoQTs7RkE7OztCQSkoQTs7MHgxMjAwYTk7OztTLTEtNS0yMS0zOTc5NTU0MTctNjI2ODgxMTI2LTE4ODQ0MTQ0NC0zMDUzOTY0KSIsImZvcm1hdCI6InNkZGwifQ=="
    },
    {
      "RequestUri": "https://jalauzonnettest.file.core.windows.net/test-share-435bed09-6bc9-7ac0-7f20-97f878b86127?sv=Sanitized&se=2025-01-31T01%3A08%3A02Z&sr=s&sp=rcwdl&sig=Sanitized&restype=share&comp=filepermission",
      "RequestMethod": "PUT",
      "RequestHeaders": {
        "Accept": "application/xml",
        "Content-Length": "204",
        "Content-Type": "application/json",
        "traceparent": "00-d1d3ef7ee87298a521a0da5d96c1c3d7-0f46006c99c09aa7-00",
        "User-Agent": "azsdk-net-Storage.Files.Shares/12.22.0-alpha.20250129.1 (.NET 8.0.12; Microsoft Windows 10.0.22631)",
        "x-ms-client-request-id": "Sanitized",
        "x-ms-return-client-request-id": "true",
        "x-ms-version": "2025-05-05"
      },
      "RequestBody": {
        "permission": "O:S-1-5-21-2127521184-1604012920-1887927527-21560751G:S-1-5-21-2127521184-1604012920-1887927527-513D:(A;;FA;;;SY)(A;;FA;;;BA)(A;;0x1200a9;;;S-1-5-21-397955417-626881126-188441444-3053964)"
      },
      "StatusCode": 201,
      "ResponseHeaders": {
        "Date": "Thu, 30 Jan 2025 01:08:02 GMT",
        "Server": [
          "Windows-Azure-File/1.0",
          "Microsoft-HTTPAPI/2.0"
        ],
        "Transfer-Encoding": "chunked",
        "x-ms-client-request-id": "Sanitized",
        "x-ms-file-permission-key": "3919187021114861934*9146977694084461163",
        "x-ms-request-id": "db07a22f-301a-0010-56b3-721faa000000",
        "x-ms-version": "2025-05-05"
      },
      "ResponseBody": null
    },
    {
      "RequestUri": "https://jalauzonnettest.file.core.windows.net/test-share-bf5e0b41-e0b5-8a07-3635-742aba5f495a/test-file-abc9cec8-898b-f7cc-72da-e48418a8a85e?sv=Sanitized&se=2025-01-31T01%3A08%3A02Z&sr=s&sp=rcwdl&sig=Sanitized",
      "RequestMethod": "HEAD",
      "RequestHeaders": {
        "Accept": "application/xml",
        "traceparent": "00-e39c02cf39ad6f393b2d23eb011688c6-68d25c7f136b1cd0-00",
        "User-Agent": "azsdk-net-Storage.Files.Shares/12.22.0-alpha.20250129.1 (.NET 8.0.12; Microsoft Windows 10.0.22631)",
        "x-ms-client-request-id": "Sanitized",
        "x-ms-return-client-request-id": "true",
        "x-ms-version": "2025-05-05"
      },
      "RequestBody": null,
      "StatusCode": 200,
      "ResponseHeaders": {
        "Cache-Control": "no-cache",
        "Content-Disposition": "inline",
        "Content-Language": [
          "en-US",
          "en-CA"
        ],
        "Content-Length": "0",
        "Content-Type": "application/octet-stream",
        "Date": "Thu, 30 Jan 2025 01:08:02 GMT",
        "ETag": "\"0x8DD40CA8BB7BD4A\"",
        "Last-Modified": "Thu, 30 Jan 2025 01:08:02 GMT",
        "Server": [
          "Windows-Azure-File/1.0",
          "Microsoft-HTTPAPI/2.0"
        ],
        "x-ms-client-request-id": "Sanitized",
        "x-ms-file-attributes": "Archive",
        "x-ms-file-change-time": "2024-04-01T13:30:03.0000000Z",
        "x-ms-file-creation-time": "2024-04-01T09:05:55.0000000Z",
        "x-ms-file-id": "13835128424026341376",
        "x-ms-file-last-write-time": "2024-04-01T12:16:06.0000000Z",
        "x-ms-file-parent-id": "0",
        "x-ms-file-permission-key": "11303202110437009118*9146977694084461163",
        "x-ms-lease-state": "available",
        "x-ms-lease-status": "unlocked",
        "x-ms-meta-Capital": "letter",
        "x-ms-meta-foo": "bar",
        "x-ms-meta-meta": "data",
        "x-ms-meta-UPPER": "case",
        "x-ms-request-id": "db07a230-301a-0010-57b3-721faa000000",
        "x-ms-server-encrypted": "true",
        "x-ms-type": "File",
        "x-ms-version": "2025-05-05"
      },
      "ResponseBody": null
    },
    {
      "RequestUri": "https://jalauzonnettest.file.core.windows.net/test-share-435bed09-6bc9-7ac0-7f20-97f878b86127/test-file-fe6e3583-8be0-2329-6bac-a7dee714fdf8?sv=Sanitized&se=2025-01-31T01%3A08%3A02Z&sr=s&sp=rcwdl&sig=Sanitized",
      "RequestMethod": "HEAD",
      "RequestHeaders": {
        "Accept": "application/xml",
        "traceparent": "00-e9dc58791617f17a7c644e07673aaa1d-4050cc4cec2c1fe0-00",
        "User-Agent": "azsdk-net-Storage.Files.Shares/12.22.0-alpha.20250129.1 (.NET 8.0.12; Microsoft Windows 10.0.22631)",
        "x-ms-client-request-id": "Sanitized",
        "x-ms-return-client-request-id": "true",
        "x-ms-version": "2025-05-05"
      },
      "RequestBody": null,
      "StatusCode": 404,
      "ResponseHeaders": {
        "Date": "Thu, 30 Jan 2025 01:08:02 GMT",
        "Server": [
          "Windows-Azure-File/1.0",
          "Microsoft-HTTPAPI/2.0"
        ],
        "Transfer-Encoding": "chunked",
        "x-ms-client-request-id": "Sanitized",
        "x-ms-error-code": "ResourceNotFound",
        "x-ms-request-id": "db07a231-301a-0010-58b3-721faa000000",
        "x-ms-version": "2025-05-05"
      },
      "ResponseBody": null
    },
    {
      "RequestUri": "https://jalauzonnettest.file.core.windows.net/test-share-435bed09-6bc9-7ac0-7f20-97f878b86127/test-file-fe6e3583-8be0-2329-6bac-a7dee714fdf8?sv=Sanitized&se=2025-01-31T01%3A08%3A02Z&sr=s&sp=rcwdl&sig=Sanitized",
      "RequestMethod": "PUT",
      "RequestHeaders": {
        "Accept": "application/xml",
        "Content-Length": "0",
        "traceparent": "00-cbe72c9fd014e9c26630db4ad3e9d6ab-b92e13368cd319b6-00",
        "User-Agent": "azsdk-net-Storage.Files.Shares/12.22.0-alpha.20250129.1 (.NET 8.0.12; Microsoft Windows 10.0.22631)",
        "x-ms-cache-control": "no-cache",
        "x-ms-client-request-id": "Sanitized",
        "x-ms-content-disposition": "inline",
        "x-ms-content-language": "en-US,en-CA",
        "x-ms-content-length": "0",
        "x-ms-content-type": "application/octet-stream",
        "x-ms-file-attributes": "Archive",
        "x-ms-file-change-time": "2024-04-01T13:30:03.0000000Z",
        "x-ms-file-creation-time": "2024-04-01T09:05:55.0000000Z",
        "x-ms-file-last-write-time": "2024-04-01T12:16:06.0000000Z",
        "x-ms-file-permission-key": "3919187021114861934*9146977694084461163",
        "x-ms-meta-Capital": "letter",
        "x-ms-meta-foo": "bar",
        "x-ms-meta-meta": "data",
        "x-ms-meta-UPPER": "case",
        "x-ms-return-client-request-id": "true",
        "x-ms-type": "file",
        "x-ms-version": "2025-05-05"
      },
      "RequestBody": null,
      "StatusCode": 201,
      "ResponseHeaders": {
        "Content-Length": "0",
        "Date": "Thu, 30 Jan 2025 01:08:02 GMT",
        "ETag": "\"0x8DD40CA8BE1FB6F\"",
        "Last-Modified": "Thu, 30 Jan 2025 01:08:03 GMT",
        "Server": [
          "Windows-Azure-File/1.0",
          "Microsoft-HTTPAPI/2.0"
        ],
        "x-ms-client-request-id": "Sanitized",
        "x-ms-file-attributes": "Archive",
        "x-ms-file-change-time": "2024-04-01T13:30:03.0000000Z",
        "x-ms-file-creation-time": "2024-04-01T09:05:55.0000000Z",
        "x-ms-file-id": "13835128424026341376",
        "x-ms-file-last-write-time": "2024-04-01T12:16:06.0000000Z",
        "x-ms-file-parent-id": "0",
        "x-ms-file-permission-key": "11303202110437009118*9146977694084461163",
        "x-ms-request-id": "db07a232-301a-0010-59b3-721faa000000",
        "x-ms-request-server-encrypted": "true",
        "x-ms-version": "2025-05-05"
      },
      "ResponseBody": null
    },
    {
      "RequestUri": "https://jalauzonnettest.file.core.windows.net/test-share-435bed09-6bc9-7ac0-7f20-97f878b86127/test-file-fe6e3583-8be0-2329-6bac-a7dee714fdf8?sv=Sanitized&se=2025-01-31T01%3A08%3A02Z&sr=s&sp=rcwdl&sig=Sanitized&comp=properties",
      "RequestMethod": "PUT",
      "RequestHeaders": {
        "Accept": "application/xml",
        "Content-Length": "0",
        "traceparent": "00-56ca3e6bafbd2b6deea3c8d3b420a104-8ab4ae144ecd0cd4-00",
        "User-Agent": "azsdk-net-Storage.Files.Shares/12.22.0-alpha.20250129.1 (.NET 8.0.12; Microsoft Windows 10.0.22631)",
        "x-ms-cache-control": "no-cache",
        "x-ms-client-request-id": "Sanitized",
        "x-ms-content-disposition": "inline",
        "x-ms-content-language": "en-US,en-CA",
        "x-ms-content-type": "application/octet-stream",
        "x-ms-file-attributes": "Archive",
        "x-ms-file-change-time": "2024-04-01T13:30:03.0000000Z",
        "x-ms-file-creation-time": "2024-04-01T09:05:55.0000000Z",
        "x-ms-file-last-write-time": "2024-04-01T12:16:06.0000000Z",
        "x-ms-return-client-request-id": "true",
        "x-ms-version": "2025-05-05"
      },
      "RequestBody": null,
      "StatusCode": 200,
      "ResponseHeaders": {
        "Content-Length": "0",
        "Date": "Thu, 30 Jan 2025 01:08:02 GMT",
        "ETag": "\"0x8DD40CA8BE8FF4C\"",
        "Last-Modified": "Thu, 30 Jan 2025 01:08:03 GMT",
        "Server": [
          "Windows-Azure-File/1.0",
          "Microsoft-HTTPAPI/2.0"
        ],
        "x-ms-client-request-id": "Sanitized",
        "x-ms-file-attributes": "Archive",
        "x-ms-file-change-time": "2024-04-01T13:30:03.0000000Z",
        "x-ms-file-creation-time": "2024-04-01T09:05:55.0000000Z",
        "x-ms-file-id": "13835128424026341376",
        "x-ms-file-last-write-time": "2024-04-01T12:16:06.0000000Z",
        "x-ms-file-parent-id": "0",
        "x-ms-file-permission-key": "11303202110437009118*9146977694084461163",
        "x-ms-request-id": "db07a233-301a-0010-5ab3-721faa000000",
        "x-ms-request-server-encrypted": "true",
        "x-ms-version": "2025-05-05"
      },
      "ResponseBody": null
    },
    {
      "RequestUri": "https://jalauzonnettest.file.core.windows.net/test-share-bf5e0b41-e0b5-8a07-3635-742aba5f495a/test-file-abc9cec8-898b-f7cc-72da-e48418a8a85e?sv=Sanitized&se=2025-01-31T01%3A08%3A02Z&sr=s&sp=rcwdl&sig=Sanitized",
      "RequestMethod": "HEAD",
      "RequestHeaders": {
        "Accept": "application/xml",
        "traceparent": "00-8ab793938a514ebe833d4862800f20ae-a0c31f61aa017136-00",
        "User-Agent": "azsdk-net-Storage.Files.Shares/12.22.0-alpha.20250129.1 (.NET 8.0.12; Microsoft Windows 10.0.22631)",
        "x-ms-client-request-id": "Sanitized",
        "x-ms-return-client-request-id": "true",
        "x-ms-version": "2025-05-05"
      },
      "RequestBody": null,
      "StatusCode": 200,
      "ResponseHeaders": {
        "Cache-Control": "no-cache",
        "Content-Disposition": "inline",
        "Content-Language": [
          "en-US",
          "en-CA"
        ],
        "Content-Length": "0",
        "Content-Type": "application/octet-stream",
        "Date": "Thu, 30 Jan 2025 01:08:03 GMT",
        "ETag": "\"0x8DD40CA8BB7BD4A\"",
        "Last-Modified": "Thu, 30 Jan 2025 01:08:02 GMT",
        "Server": [
          "Windows-Azure-File/1.0",
          "Microsoft-HTTPAPI/2.0"
        ],
        "x-ms-client-request-id": "Sanitized",
        "x-ms-file-attributes": "Archive",
        "x-ms-file-change-time": "2024-04-01T13:30:03.0000000Z",
        "x-ms-file-creation-time": "2024-04-01T09:05:55.0000000Z",
        "x-ms-file-id": "13835128424026341376",
        "x-ms-file-last-write-time": "2024-04-01T12:16:06.0000000Z",
        "x-ms-file-parent-id": "0",
        "x-ms-file-permission-key": "11303202110437009118*9146977694084461163",
        "x-ms-lease-state": "available",
        "x-ms-lease-status": "unlocked",
        "x-ms-meta-Capital": "letter",
        "x-ms-meta-foo": "bar",
        "x-ms-meta-meta": "data",
        "x-ms-meta-UPPER": "case",
        "x-ms-request-id": "db07a234-301a-0010-5bb3-721faa000000",
        "x-ms-server-encrypted": "true",
        "x-ms-type": "File",
        "x-ms-version": "2025-05-05"
      },
      "ResponseBody": null
    },
    {
      "RequestUri": "https://jalauzonnettest.file.core.windows.net/test-share-435bed09-6bc9-7ac0-7f20-97f878b86127/test-file-fe6e3583-8be0-2329-6bac-a7dee714fdf8?sv=Sanitized&se=2025-01-31T01%3A08%3A02Z&sr=s&sp=rcwdl&sig=Sanitized",
      "RequestMethod": "HEAD",
      "RequestHeaders": {
        "Accept": "application/xml",
        "traceparent": "00-06469583a6a9c9a37340ef9ab96405c2-d9148447a395ccfd-00",
        "User-Agent": "azsdk-net-Storage.Files.Shares/12.22.0-alpha.20250129.1 (.NET 8.0.12; Microsoft Windows 10.0.22631)",
        "x-ms-client-request-id": "Sanitized",
        "x-ms-return-client-request-id": "true",
        "x-ms-version": "2025-05-05"
      },
      "RequestBody": null,
      "StatusCode": 200,
      "ResponseHeaders": {
        "Cache-Control": "no-cache",
        "Content-Disposition": "inline",
        "Content-Language": [
          "en-US",
          "en-CA"
        ],
        "Content-Length": "0",
        "Content-Type": "application/octet-stream",
        "Date": "Thu, 30 Jan 2025 01:08:03 GMT",
        "ETag": "\"0x8DD40CA8BE8FF4C\"",
        "Last-Modified": "Thu, 30 Jan 2025 01:08:03 GMT",
        "Server": [
          "Windows-Azure-File/1.0",
          "Microsoft-HTTPAPI/2.0"
        ],
        "x-ms-client-request-id": "Sanitized",
        "x-ms-file-attributes": "Archive",
        "x-ms-file-change-time": "2024-04-01T13:30:03.0000000Z",
        "x-ms-file-creation-time": "2024-04-01T09:05:55.0000000Z",
        "x-ms-file-id": "13835128424026341376",
        "x-ms-file-last-write-time": "2024-04-01T12:16:06.0000000Z",
        "x-ms-file-parent-id": "0",
        "x-ms-file-permission-key": "11303202110437009118*9146977694084461163",
        "x-ms-lease-state": "available",
        "x-ms-lease-status": "unlocked",
        "x-ms-meta-Capital": "letter",
        "x-ms-meta-foo": "bar",
        "x-ms-meta-meta": "data",
        "x-ms-meta-UPPER": "case",
        "x-ms-request-id": "db07a235-301a-0010-5cb3-721faa000000",
        "x-ms-server-encrypted": "true",
        "x-ms-type": "File",
        "x-ms-version": "2025-05-05"
      },
      "ResponseBody": null
    },
    {
      "RequestUri": "https://jalauzonnettest.file.core.windows.net/test-share-bf5e0b41-e0b5-8a07-3635-742aba5f495a/test-file-abc9cec8-898b-f7cc-72da-e48418a8a85e?sv=Sanitized&se=2025-01-31T01%3A08%3A02Z&sr=s&sp=rcwdl&sig=Sanitized",
      "RequestMethod": "HEAD",
      "RequestHeaders": {
        "Accept": "application/xml",
        "traceparent": "00-aee4d92d93192c0f41e077b52fae505b-8b28a6c2d7dffdb1-00",
        "User-Agent": "azsdk-net-Storage.Files.Shares/12.22.0-alpha.20250129.1 (.NET 8.0.12; Microsoft Windows 10.0.22631)",
        "x-ms-client-request-id": "Sanitized",
        "x-ms-return-client-request-id": "true",
        "x-ms-version": "2025-05-05"
      },
      "RequestBody": null,
      "StatusCode": 200,
      "ResponseHeaders": {
        "Cache-Control": "no-cache",
        "Content-Disposition": "inline",
        "Content-Language": [
          "en-US",
          "en-CA"
        ],
        "Content-Length": "0",
        "Content-Type": "application/octet-stream",
        "Date": "Thu, 30 Jan 2025 01:08:03 GMT",
        "ETag": "\"0x8DD40CA8BB7BD4A\"",
        "Last-Modified": "Thu, 30 Jan 2025 01:08:02 GMT",
        "Server": [
          "Windows-Azure-File/1.0",
          "Microsoft-HTTPAPI/2.0"
        ],
        "x-ms-client-request-id": "Sanitized",
        "x-ms-file-attributes": "Archive",
        "x-ms-file-change-time": "2024-04-01T13:30:03.0000000Z",
        "x-ms-file-creation-time": "2024-04-01T09:05:55.0000000Z",
        "x-ms-file-id": "13835128424026341376",
        "x-ms-file-last-write-time": "2024-04-01T12:16:06.0000000Z",
        "x-ms-file-parent-id": "0",
        "x-ms-file-permission-key": "11303202110437009118*9146977694084461163",
        "x-ms-lease-state": "available",
        "x-ms-lease-status": "unlocked",
        "x-ms-meta-Capital": "letter",
        "x-ms-meta-foo": "bar",
        "x-ms-meta-meta": "data",
        "x-ms-meta-UPPER": "case",
        "x-ms-request-id": "db07a236-301a-0010-5db3-721faa000000",
        "x-ms-server-encrypted": "true",
        "x-ms-type": "File",
        "x-ms-version": "2025-05-05"
      },
      "ResponseBody": null
    },
    {
      "RequestUri": "https://jalauzonnettest.file.core.windows.net/test-share-435bed09-6bc9-7ac0-7f20-97f878b86127/test-file-fe6e3583-8be0-2329-6bac-a7dee714fdf8?sv=Sanitized&se=2025-01-31T01%3A08%3A02Z&sr=s&sp=rcwdl&sig=Sanitized",
      "RequestMethod": "HEAD",
      "RequestHeaders": {
        "Accept": "application/xml",
        "traceparent": "00-49f561a94ade77e93a681127bf45f725-495afbbdf0eb7873-00",
        "User-Agent": "azsdk-net-Storage.Files.Shares/12.22.0-alpha.20250129.1 (.NET 8.0.12; Microsoft Windows 10.0.22631)",
        "x-ms-client-request-id": "Sanitized",
        "x-ms-return-client-request-id": "true",
        "x-ms-version": "2025-05-05"
      },
      "RequestBody": null,
      "StatusCode": 200,
      "ResponseHeaders": {
        "Cache-Control": "no-cache",
        "Content-Disposition": "inline",
        "Content-Language": [
          "en-US",
          "en-CA"
        ],
        "Content-Length": "0",
        "Content-Type": "application/octet-stream",
        "Date": "Thu, 30 Jan 2025 01:08:03 GMT",
        "ETag": "\"0x8DD40CA8BE8FF4C\"",
        "Last-Modified": "Thu, 30 Jan 2025 01:08:03 GMT",
        "Server": [
          "Windows-Azure-File/1.0",
          "Microsoft-HTTPAPI/2.0"
        ],
        "x-ms-client-request-id": "Sanitized",
        "x-ms-file-attributes": "Archive",
        "x-ms-file-change-time": "2024-04-01T13:30:03.0000000Z",
        "x-ms-file-creation-time": "2024-04-01T09:05:55.0000000Z",
        "x-ms-file-id": "13835128424026341376",
        "x-ms-file-last-write-time": "2024-04-01T12:16:06.0000000Z",
        "x-ms-file-parent-id": "0",
        "x-ms-file-permission-key": "11303202110437009118*9146977694084461163",
        "x-ms-lease-state": "available",
        "x-ms-lease-status": "unlocked",
        "x-ms-meta-Capital": "letter",
        "x-ms-meta-foo": "bar",
        "x-ms-meta-meta": "data",
        "x-ms-meta-UPPER": "case",
        "x-ms-request-id": "db07a238-301a-0010-5eb3-721faa000000",
        "x-ms-server-encrypted": "true",
        "x-ms-type": "File",
        "x-ms-version": "2025-05-05"
      },
      "ResponseBody": null
    },
    {
      "RequestUri": "https://jalauzonnettest.file.core.windows.net/test-share-bf5e0b41-e0b5-8a07-3635-742aba5f495a?sv=Sanitized&se=2025-01-31T01%3A08%3A02Z&sr=s&sp=rcwdl&sig=Sanitized&restype=share&comp=filepermission",
      "RequestMethod": "GET",
      "RequestHeaders": {
        "Accept": "application/json",
        "traceparent": "00-f87088a04a10a03bbd145ebf541801bd-3cf8bda33fe75852-00",
        "User-Agent": "azsdk-net-Storage.Files.Shares/12.22.0-alpha.20250129.1 (.NET 8.0.12; Microsoft Windows 10.0.22631)",
        "x-ms-client-request-id": "Sanitized",
        "x-ms-file-permission-key": "11303202110437009118*9146977694084461163",
        "x-ms-return-client-request-id": "true",
        "x-ms-version": "2025-05-05"
      },
      "RequestBody": null,
      "StatusCode": 200,
      "ResponseHeaders": {
        "Content-Length": "220",
        "Date": "Thu, 30 Jan 2025 01:08:03 GMT",
        "Server": [
          "Windows-Azure-File/1.0",
          "Microsoft-HTTPAPI/2.0"
        ],
        "x-ms-client-request-id": "Sanitized",
        "x-ms-request-id": "db07a23b-301a-0010-60b3-721faa000000",
        "x-ms-version": "2025-05-05"
      },
      "ResponseBody": "eyJwZXJtaXNzaW9uIjoiTzpTLTEtNS0yMS0yMTI3NTIxMTg0LTE2MDQwMTI5MjAtMTg4NzkyNzUyNy0yMTU2MDc1MUc6Uy0xLTUtMjEtMjEyNzUyMTE4NC0xNjA0MDEyOTIwLTE4ODc5Mjc1MjctNTEzRDooQTs7RkE7OztTWSkoQTs7RkE7OztCQSkoQTs7MHgxMjAwYTk7OztTLTEtNS0yMS0zOTc5NTU0MTctNjI2ODgxMTI2LTE4ODQ0MTQ0NC0zMDUzOTY0KSIsImZvcm1hdCI6InNkZGwifQ=="
    },
    {
      "RequestUri": "https://jalauzonnettest.file.core.windows.net/test-share-435bed09-6bc9-7ac0-7f20-97f878b86127?sv=Sanitized&se=2025-01-31T01%3A08%3A02Z&sr=s&sp=rcwdl&sig=Sanitized&restype=share&comp=filepermission",
      "RequestMethod": "GET",
      "RequestHeaders": {
        "Accept": "application/json",
        "traceparent": "00-1d218ca0cf21b1b163854a27ba934a26-342ecd39646911b3-00",
        "User-Agent": "azsdk-net-Storage.Files.Shares/12.22.0-alpha.20250129.1 (.NET 8.0.12; Microsoft Windows 10.0.22631)",
        "x-ms-client-request-id": "Sanitized",
        "x-ms-file-permission-key": "11303202110437009118*9146977694084461163",
        "x-ms-return-client-request-id": "true",
        "x-ms-version": "2025-05-05"
      },
      "RequestBody": null,
      "StatusCode": 200,
      "ResponseHeaders": {
        "Content-Length": "220",
        "Date": "Thu, 30 Jan 2025 01:08:03 GMT",
        "Server": [
          "Windows-Azure-File/1.0",
          "Microsoft-HTTPAPI/2.0"
        ],
        "x-ms-client-request-id": "Sanitized",
        "x-ms-request-id": "db07a23c-301a-0010-61b3-721faa000000",
        "x-ms-version": "2025-05-05"
      },
      "ResponseBody": "eyJwZXJtaXNzaW9uIjoiTzpTLTEtNS0yMS0yMTI3NTIxMTg0LTE2MDQwMTI5MjAtMTg4NzkyNzUyNy0yMTU2MDc1MUc6Uy0xLTUtMjEtMjEyNzUyMTE4NC0xNjA0MDEyOTIwLTE4ODc5Mjc1MjctNTEzRDooQTs7RkE7OztTWSkoQTs7RkE7OztCQSkoQTs7MHgxMjAwYTk7OztTLTEtNS0yMS0zOTc5NTU0MTctNjI2ODgxMTI2LTE4ODQ0MTQ0NC0zMDUzOTY0KSIsImZvcm1hdCI6InNkZGwifQ=="
    },
    {
      "RequestUri": "https://jalauzonnettest.file.core.windows.net/test-share-435bed09-6bc9-7ac0-7f20-97f878b86127?restype=share",
      "RequestMethod": "DELETE",
      "RequestHeaders": {
        "Accept": "application/xml",
        "Authorization": "Sanitized",
        "traceparent": "00-fa490daff350370b816355fbd7ecd082-0eb27ba3dfe01f41-00",
        "User-Agent": "azsdk-net-Storage.Files.Shares/12.22.0-alpha.20250129.1 (.NET 8.0.12; Microsoft Windows 10.0.22631)",
        "x-ms-client-request-id": "Sanitized",
        "x-ms-date": "Thu, 30 Jan 2025 01:08:03 GMT",
        "x-ms-delete-snapshots": "include",
        "x-ms-return-client-request-id": "true",
        "x-ms-version": "2025-05-05"
      },
      "RequestBody": null,
      "StatusCode": 202,
      "ResponseHeaders": {
        "Content-Length": "0",
        "Date": "Thu, 30 Jan 2025 01:08:03 GMT",
        "Server": [
          "Windows-Azure-File/1.0",
          "Microsoft-HTTPAPI/2.0"
        ],
        "x-ms-client-request-id": "Sanitized",
        "x-ms-request-id": "db07a23d-301a-0010-62b3-721faa000000",
        "x-ms-version": "2025-05-05"
      },
      "ResponseBody": null
    },
    {
      "RequestUri": "https://jalauzonnettest.file.core.windows.net/test-share-bf5e0b41-e0b5-8a07-3635-742aba5f495a?restype=share",
      "RequestMethod": "DELETE",
      "RequestHeaders": {
        "Accept": "application/xml",
        "Authorization": "Sanitized",
        "traceparent": "00-8971c359113dc21e46d6849fb02773ba-b23eaaba4371d1dc-00",
        "User-Agent": "azsdk-net-Storage.Files.Shares/12.22.0-alpha.20250129.1 (.NET 8.0.12; Microsoft Windows 10.0.22631)",
        "x-ms-client-request-id": "Sanitized",
        "x-ms-date": "Thu, 30 Jan 2025 01:08:03 GMT",
        "x-ms-delete-snapshots": "include",
        "x-ms-return-client-request-id": "true",
        "x-ms-version": "2025-05-05"
      },
      "RequestBody": null,
      "StatusCode": 202,
      "ResponseHeaders": {
        "Content-Length": "0",
        "Date": "Thu, 30 Jan 2025 01:08:03 GMT",
        "Server": [
          "Windows-Azure-File/1.0",
          "Microsoft-HTTPAPI/2.0"
        ],
        "x-ms-client-request-id": "Sanitized",
        "x-ms-request-id": "db07a23e-301a-0010-63b3-721faa000000",
        "x-ms-version": "2025-05-05"
      },
      "ResponseBody": null
    }
  ],
  "Variables": {
    "DateTimeOffsetNow": "2025-01-29T17:08:02.8362450-08:00",
    "RandomSeed": "11381049",
    "Storage_TestConfigDefault": "ProductionTenant\njalauzonnettest\nU2FuaXRpemVk\nhttps://jalauzonnettest.blob.core.windows.net\nhttps://jalauzonnettest.file.core.windows.net\nhttps://jalauzonnettest.queue.core.windows.net\nhttps://jalauzonnettest.table.core.windows.net\n\n\n\n\nhttps://jalauzonnettest-secondary.blob.core.windows.net\nhttps://jalauzonnettest-secondary.file.core.windows.net\nhttps://jalauzonnettest-secondary.queue.core.windows.net\nhttps://jalauzonnettest-secondary.table.core.windows.net\nCloud\nBlobEndpoint=https://jalauzonnettest.blob.core.windows.net/;QueueEndpoint=https://jalauzonnettest.queue.core.windows.net/;FileEndpoint=https://jalauzonnettest.file.core.windows.net/;BlobSecondaryEndpoint=https://jalauzonnettest-secondary.blob.core.windows.net/;QueueSecondaryEndpoint=https://jalauzonnettest-secondary.queue.core.windows.net/;FileSecondaryEndpoint=https://jalauzonnettest-secondary.file.core.windows.net/;AccountName=jalauzonnettest;AccountKey=U2FuaXRpemVk\ntestscope1\n\n"
  }
}
