{
  "Entries": [
    {
      "RequestUri": "https://nickliuproductionacc.file.core.windows.net/test-share-b95e8c7c-555b-7247-0bf4-5783a8b6f290?sv=Sanitized&ss=f&srt=sco&se=2025-05-15T23%3A26%3A04Z&sp=rwdxylacuptfi&sig=Sanitized&restype=share",
      "RequestMethod": "PUT",
      "RequestHeaders": {
        "Accept": "application/xml",
        "Content-Length": "0",
        "traceparent": "00-af4ff38ad2200178b74e4e88c7ab6651-07233c8df3dcbf86-00",
        "User-Agent": "azsdk-net-Storage.Files.Shares/12.23.0-alpha.20250514.1 (.NET 8.0.16; Microsoft Windows 10.0.26100)",
        "x-ms-client-request-id": "Sanitized",
        "x-ms-return-client-request-id": "true",
        "x-ms-version": "2025-07-05"
      },
      "RequestBody": null,
      "StatusCode": 201,
      "ResponseHeaders": {
        "Content-Length": "0",
        "Date": "Wed, 14 May 2025 23:26:01 GMT",
        "ETag": "\"0x8DD933EB055772F\"",
        "Last-Modified": "Wed, 14 May 2025 23:26:01 GMT",
        "Server": [
          "Windows-Azure-File/1.0",
          "Microsoft-HTTPAPI/2.0"
        ],
        "x-ms-client-request-id": "Sanitized",
        "x-ms-request-id": "1dd6f2e7-001a-0009-5627-c5ff09000000",
        "x-ms-version": "2025-07-05"
      },
      "ResponseBody": null
    },
    {
      "RequestUri": "https://nickliuproductionacc.file.core.windows.net/test-share-4bc56fda-5a01-8304-893f-202079b0a411?sv=Sanitized&ss=f&srt=sco&se=2025-05-15T23%3A26%3A04Z&sp=rwdxylacuptfi&sig=Sanitized&restype=share",
      "RequestMethod": "PUT",
      "RequestHeaders": {
        "Accept": "application/xml",
        "Content-Length": "0",
        "traceparent": "00-746753c653c0186265278e6c2c572141-37f14124502554fb-00",
        "User-Agent": "azsdk-net-Storage.Files.Shares/12.23.0-alpha.20250514.1 (.NET 8.0.16; Microsoft Windows 10.0.26100)",
        "x-ms-client-request-id": "Sanitized",
        "x-ms-return-client-request-id": "true",
        "x-ms-version": "2025-07-05"
      },
      "RequestBody": null,
      "StatusCode": 201,
      "ResponseHeaders": {
        "Content-Length": "0",
        "Date": "Wed, 14 May 2025 23:26:01 GMT",
        "ETag": "\"0x8DD933EB05BD546\"",
        "Last-Modified": "Wed, 14 May 2025 23:26:01 GMT",
        "Server": [
          "Windows-Azure-File/1.0",
          "Microsoft-HTTPAPI/2.0"
        ],
        "x-ms-client-request-id": "Sanitized",
        "x-ms-request-id": "1dd6f2e9-001a-0009-5727-c5ff09000000",
        "x-ms-version": "2025-07-05"
      },
      "ResponseBody": null
    },
    {
      "RequestUri": "https://nickliuproductionacc.file.core.windows.net/test-share-b95e8c7c-555b-7247-0bf4-5783a8b6f290/test-file-850f7118-bc43-95d7-ae89-23a12df60cab?sv=Sanitized&ss=f&srt=sco&se=2025-05-15T23%3A26%3A04Z&sp=rwdxylacuptfi&sig=Sanitized",
      "RequestMethod": "PUT",
      "RequestHeaders": {
        "Accept": "application/xml",
        "Content-Length": "0",
        "traceparent": "00-235b695b72d7a95a632d37ad0ca75366-d74cdf76147127e8-00",
        "User-Agent": "azsdk-net-Storage.Files.Shares/12.23.0-alpha.20250514.1 (.NET 8.0.16; Microsoft Windows 10.0.26100)",
        "x-ms-cache-control": "no-cache",
        "x-ms-client-request-id": "Sanitized",
        "x-ms-content-disposition": "inline",
        "x-ms-content-language": "en-US,en-CA",
        "x-ms-content-length": "1024",
        "x-ms-file-attributes": "None",
        "x-ms-file-change-time": "2024-04-01T13:30:03.0000000Z",
        "x-ms-file-creation-time": "2024-04-01T09:05:55.0000000Z",
        "x-ms-file-last-write-time": "2024-04-01T12:16:06.0000000Z",
        "x-ms-meta-Capital": "letter",
        "x-ms-meta-foo": "bar",
        "x-ms-meta-meta": "data",
        "x-ms-meta-UPPER": "case",
        "x-ms-return-client-request-id": "true",
        "x-ms-type": "file",
        "x-ms-version": "2025-07-05"
      },
      "RequestBody": null,
      "StatusCode": 201,
      "ResponseHeaders": {
        "Content-Length": "0",
        "Date": "Wed, 14 May 2025 23:26:01 GMT",
        "ETag": "\"0x8DD933EB060EF12\"",
        "Last-Modified": "Wed, 14 May 2025 23:26:01 GMT",
        "Server": [
          "Windows-Azure-File/1.0",
          "Microsoft-HTTPAPI/2.0"
        ],
        "x-ms-client-request-id": "Sanitized",
        "x-ms-file-attributes": "Archive",
        "x-ms-file-change-time": "2024-04-01T13:30:03.0000000Z",
        "x-ms-file-creation-time": "2024-04-01T09:05:55.0000000Z",
        "x-ms-file-id": "13835128424026341376",
        "x-ms-file-last-write-time": "2024-04-01T12:16:06.0000000Z",
        "x-ms-file-parent-id": "0",
        "x-ms-file-permission-key": "8616074386732128176*16083086822043778878",
        "x-ms-request-id": "1dd6f2eb-001a-0009-5827-c5ff09000000",
        "x-ms-request-server-encrypted": "true",
        "x-ms-version": "2025-07-05"
      },
      "ResponseBody": null
    },
    {
      "RequestUri": "https://nickliuproductionacc.file.core.windows.net/test-share-b95e8c7c-555b-7247-0bf4-5783a8b6f290?sv=Sanitized&ss=f&srt=sco&se=2025-05-15T23%3A26%3A04Z&sp=rwdxylacuptfi&sig=Sanitized&restype=share",
      "RequestMethod": "GET",
      "RequestHeaders": {
        "Accept": "application/xml",
        "traceparent": "00-1b5589e63da08338ea1142b14657a393-cf97ab6d7ded68be-00",
        "User-Agent": "azsdk-net-Storage.Files.Shares/12.23.0-alpha.20250514.1 (.NET 8.0.16; Microsoft Windows 10.0.26100)",
        "x-ms-client-request-id": "Sanitized",
        "x-ms-return-client-request-id": "true",
        "x-ms-version": "2025-07-05"
      },
      "RequestBody": null,
      "StatusCode": 200,
      "ResponseHeaders": {
        "Content-Length": "0",
        "Date": "Wed, 14 May 2025 23:26:01 GMT",
        "ETag": "\"0x8DD933EB055772F\"",
        "Last-Modified": "Wed, 14 May 2025 23:26:01 GMT",
        "Server": [
          "Windows-Azure-File/1.0",
          "Microsoft-HTTPAPI/2.0"
        ],
        "x-ms-access-tier": "TransactionOptimized",
        "x-ms-access-tier-change-time": "Wed, 14 May 2025 23:26:01 GMT",
        "x-ms-client-request-id": "Sanitized",
        "x-ms-has-immutability-policy": "false",
        "x-ms-has-legal-hold": "false",
        "x-ms-lease-state": "available",
        "x-ms-lease-status": "unlocked",
        "x-ms-request-id": "1dd6f2ec-001a-0009-5927-c5ff09000000",
        "x-ms-share-quota": "102400",
        "x-ms-version": "2025-07-05"
      },
      "ResponseBody": null
    },
    {
      "RequestUri": "https://nickliuproductionacc.file.core.windows.net/test-share-4bc56fda-5a01-8304-893f-202079b0a411?sv=Sanitized&ss=f&srt=sco&se=2025-05-15T23%3A26%3A04Z&sp=rwdxylacuptfi&sig=Sanitized&restype=share",
      "RequestMethod": "GET",
      "RequestHeaders": {
        "Accept": "application/xml",
        "traceparent": "00-d0f357454e0992a3e94a9c23857582e3-b1e2fe7b59320951-00",
        "User-Agent": "azsdk-net-Storage.Files.Shares/12.23.0-alpha.20250514.1 (.NET 8.0.16; Microsoft Windows 10.0.26100)",
        "x-ms-client-request-id": "Sanitized",
        "x-ms-return-client-request-id": "true",
        "x-ms-version": "2025-07-05"
      },
      "RequestBody": null,
      "StatusCode": 200,
      "ResponseHeaders": {
        "Content-Length": "0",
        "Date": "Wed, 14 May 2025 23:26:01 GMT",
        "ETag": "\"0x8DD933EB05BD546\"",
        "Last-Modified": "Wed, 14 May 2025 23:26:01 GMT",
        "Server": [
          "Windows-Azure-File/1.0",
          "Microsoft-HTTPAPI/2.0"
        ],
        "x-ms-access-tier": "TransactionOptimized",
        "x-ms-access-tier-change-time": "Wed, 14 May 2025 23:26:01 GMT",
        "x-ms-client-request-id": "Sanitized",
        "x-ms-has-immutability-policy": "false",
        "x-ms-has-legal-hold": "false",
        "x-ms-lease-state": "available",
        "x-ms-lease-status": "unlocked",
        "x-ms-request-id": "1dd6f2ed-001a-0009-5a27-c5ff09000000",
        "x-ms-share-quota": "102400",
        "x-ms-version": "2025-07-05"
      },
      "ResponseBody": null
    },
    {
      "RequestUri": "https://nickliuproductionacc.file.core.windows.net/test-share-b95e8c7c-555b-7247-0bf4-5783a8b6f290/test-file-850f7118-bc43-95d7-ae89-23a12df60cab?sv=Sanitized&ss=f&srt=sco&se=2025-05-15T23%3A26%3A04Z&sp=rwdxylacuptfi&sig=Sanitized",
      "RequestMethod": "HEAD",
      "RequestHeaders": {
        "Accept": "application/xml",
        "traceparent": "00-686d3d9b532d25401f69013813df46a7-717b20a5789419e2-00",
        "User-Agent": "azsdk-net-Storage.Files.Shares/12.23.0-alpha.20250514.1 (.NET 8.0.16; Microsoft Windows 10.0.26100)",
        "x-ms-client-request-id": "Sanitized",
        "x-ms-return-client-request-id": "true",
        "x-ms-version": "2025-07-05"
      },
      "RequestBody": null,
      "StatusCode": 200,
      "ResponseHeaders": {
        "Cache-Control": "no-cache",
        "Content-Disposition": "inline",
        "Content-Language": [
          "en-US",
          "en-CA"
        ],
        "Content-Length": "1024",
        "Content-Type": "application/octet-stream",
        "Date": "Wed, 14 May 2025 23:26:01 GMT",
        "ETag": "\"0x8DD933EB060EF12\"",
        "Last-Modified": "Wed, 14 May 2025 23:26:01 GMT",
        "Server": [
          "Windows-Azure-File/1.0",
          "Microsoft-HTTPAPI/2.0"
        ],
        "x-ms-client-request-id": "Sanitized",
        "x-ms-file-attributes": "Archive",
        "x-ms-file-change-time": "2024-04-01T13:30:03.0000000Z",
        "x-ms-file-creation-time": "2024-04-01T09:05:55.0000000Z",
        "x-ms-file-id": "13835128424026341376",
        "x-ms-file-last-write-time": "2024-04-01T12:16:06.0000000Z",
        "x-ms-file-parent-id": "0",
        "x-ms-file-permission-key": "8616074386732128176*16083086822043778878",
        "x-ms-lease-state": "available",
        "x-ms-lease-status": "unlocked",
        "x-ms-meta-Capital": "letter",
        "x-ms-meta-foo": "bar",
        "x-ms-meta-meta": "data",
        "x-ms-meta-UPPER": "case",
        "x-ms-request-id": "1dd6f2ee-001a-0009-5b27-c5ff09000000",
        "x-ms-server-encrypted": "true",
        "x-ms-type": "File",
        "x-ms-version": "2025-07-05"
      },
      "ResponseBody": null
    },
    {
      "RequestUri": "https://nickliuproductionacc.file.core.windows.net/test-share-b95e8c7c-555b-7247-0bf4-5783a8b6f290/test-file-850f7118-bc43-95d7-ae89-23a12df60cab?sv=Sanitized&ss=f&srt=sco&se=2025-05-15T23%3A26%3A04Z&sp=rwdxylacuptfi&sig=Sanitized",
      "RequestMethod": "HEAD",
      "RequestHeaders": {
        "Accept": "application/xml",
        "traceparent": "00-269173948901b52be279fffabd9d7908-f496219b87003261-00",
        "User-Agent": "azsdk-net-Storage.Files.Shares/12.23.0-alpha.20250514.1 (.NET 8.0.16; Microsoft Windows 10.0.26100)",
        "x-ms-client-request-id": "Sanitized",
        "x-ms-return-client-request-id": "true",
        "x-ms-version": "2025-07-05"
      },
      "RequestBody": null,
      "StatusCode": 200,
      "ResponseHeaders": {
        "Cache-Control": "no-cache",
        "Content-Disposition": "inline",
        "Content-Language": [
          "en-US",
          "en-CA"
        ],
        "Content-Length": "1024",
        "Content-Type": "application/octet-stream",
        "Date": "Wed, 14 May 2025 23:26:01 GMT",
        "ETag": "\"0x8DD933EB060EF12\"",
        "Last-Modified": "Wed, 14 May 2025 23:26:01 GMT",
        "Server": [
          "Windows-Azure-File/1.0",
          "Microsoft-HTTPAPI/2.0"
        ],
        "x-ms-client-request-id": "Sanitized",
        "x-ms-file-attributes": "Archive",
        "x-ms-file-change-time": "2024-04-01T13:30:03.0000000Z",
        "x-ms-file-creation-time": "2024-04-01T09:05:55.0000000Z",
        "x-ms-file-id": "13835128424026341376",
        "x-ms-file-last-write-time": "2024-04-01T12:16:06.0000000Z",
        "x-ms-file-parent-id": "0",
        "x-ms-file-permission-key": "8616074386732128176*16083086822043778878",
        "x-ms-lease-state": "available",
        "x-ms-lease-status": "unlocked",
        "x-ms-meta-Capital": "letter",
        "x-ms-meta-foo": "bar",
        "x-ms-meta-meta": "data",
        "x-ms-meta-UPPER": "case",
        "x-ms-request-id": "1dd6f2ef-001a-0009-5c27-c5ff09000000",
        "x-ms-server-encrypted": "true",
        "x-ms-type": "File",
        "x-ms-version": "2025-07-05"
      },
      "ResponseBody": null
    },
    {
      "RequestUri": "https://nickliuproductionacc.file.core.windows.net/test-share-b95e8c7c-555b-7247-0bf4-5783a8b6f290/test-file-850f7118-bc43-95d7-ae89-23a12df60cab?sv=Sanitized&ss=f&srt=sco&se=2025-05-15T23%3A26%3A04Z&sp=rwdxylacuptfi&sig=Sanitized",
      "RequestMethod": "HEAD",
      "RequestHeaders": {
        "Accept": "application/xml",
        "traceparent": "00-8073a04e6229b2e430ba2bf27d78eaca-f17e5caa6867f66a-00",
        "User-Agent": "azsdk-net-Storage.Files.Shares/12.23.0-alpha.20250514.1 (.NET 8.0.16; Microsoft Windows 10.0.26100)",
        "x-ms-client-request-id": "Sanitized",
        "x-ms-return-client-request-id": "true",
        "x-ms-version": "2025-07-05"
      },
      "RequestBody": null,
      "StatusCode": 200,
      "ResponseHeaders": {
        "Cache-Control": "no-cache",
        "Content-Disposition": "inline",
        "Content-Language": [
          "en-US",
          "en-CA"
        ],
        "Content-Length": "1024",
        "Content-Type": "application/octet-stream",
        "Date": "Wed, 14 May 2025 23:26:01 GMT",
        "ETag": "\"0x8DD933EB060EF12\"",
        "Last-Modified": "Wed, 14 May 2025 23:26:01 GMT",
        "Server": [
          "Windows-Azure-File/1.0",
          "Microsoft-HTTPAPI/2.0"
        ],
        "x-ms-client-request-id": "Sanitized",
        "x-ms-file-attributes": "Archive",
        "x-ms-file-change-time": "2024-04-01T13:30:03.0000000Z",
        "x-ms-file-creation-time": "2024-04-01T09:05:55.0000000Z",
        "x-ms-file-id": "13835128424026341376",
        "x-ms-file-last-write-time": "2024-04-01T12:16:06.0000000Z",
        "x-ms-file-parent-id": "0",
        "x-ms-file-permission-key": "8616074386732128176*16083086822043778878",
        "x-ms-lease-state": "available",
        "x-ms-lease-status": "unlocked",
        "x-ms-meta-Capital": "letter",
        "x-ms-meta-foo": "bar",
        "x-ms-meta-meta": "data",
        "x-ms-meta-UPPER": "case",
        "x-ms-request-id": "1dd6f2f1-001a-0009-5d27-c5ff09000000",
        "x-ms-server-encrypted": "true",
        "x-ms-type": "File",
        "x-ms-version": "2025-07-05"
      },
      "ResponseBody": null
    },
    {
      "RequestUri": "https://nickliuproductionacc.file.core.windows.net/test-share-4bc56fda-5a01-8304-893f-202079b0a411/test-file-e92479fb-4cd6-d13c-948d-525c8bb5767c?sv=Sanitized&ss=f&srt=sco&se=2025-05-15T23%3A26%3A04Z&sp=rwdxylacuptfi&sig=Sanitized",
      "RequestMethod": "HEAD",
      "RequestHeaders": {
        "Accept": "application/xml",
        "traceparent": "00-13e0e2ca6f3dd26756c49d86152f715e-29a6e7ba4583fb9d-00",
        "User-Agent": "azsdk-net-Storage.Files.Shares/12.23.0-alpha.20250514.1 (.NET 8.0.16; Microsoft Windows 10.0.26100)",
        "x-ms-client-request-id": "Sanitized",
        "x-ms-return-client-request-id": "true",
        "x-ms-version": "2025-07-05"
      },
      "RequestBody": null,
      "StatusCode": 404,
      "ResponseHeaders": {
        "Date": "Wed, 14 May 2025 23:26:01 GMT",
        "Server": [
          "Windows-Azure-File/1.0",
          "Microsoft-HTTPAPI/2.0"
        ],
        "Transfer-Encoding": "chunked",
        "x-ms-client-request-id": "Sanitized",
        "x-ms-error-code": "ResourceNotFound",
        "x-ms-request-id": "1dd6f2f2-001a-0009-5e27-c5ff09000000",
        "x-ms-version": "2025-07-05"
      },
      "ResponseBody": null
    },
    {
      "RequestUri": "https://nickliuproductionacc.file.core.windows.net/test-share-4bc56fda-5a01-8304-893f-202079b0a411/test-file-e92479fb-4cd6-d13c-948d-525c8bb5767c?sv=Sanitized&ss=f&srt=sco&se=2025-05-15T23%3A26%3A04Z&sp=rwdxylacuptfi&sig=Sanitized",
      "RequestMethod": "PUT",
      "RequestHeaders": {
        "Accept": "application/xml",
        "Content-Length": "0",
        "traceparent": "00-4b94bc7671af682baea258db3afe2806-faf448742269eac0-00",
        "User-Agent": "azsdk-net-Storage.Files.Shares/12.23.0-alpha.20250514.1 (.NET 8.0.16; Microsoft Windows 10.0.26100)",
        "x-ms-cache-control": "no-cache",
        "x-ms-client-request-id": "Sanitized",
        "x-ms-content-disposition": "inline",
        "x-ms-content-language": "en-US,en-CA",
        "x-ms-content-length": "1024",
        "x-ms-content-type": "application/octet-stream",
        "x-ms-file-change-time": "2024-04-01T13:30:03.0000000Z",
        "x-ms-file-creation-time": "2024-04-01T09:05:55.0000000Z",
        "x-ms-file-last-write-time": "2024-04-01T12:16:06.0000000Z",
        "x-ms-meta-Capital": "letter",
        "x-ms-meta-foo": "bar",
        "x-ms-meta-meta": "data",
        "x-ms-meta-UPPER": "case",
        "x-ms-return-client-request-id": "true",
        "x-ms-type": "file",
        "x-ms-version": "2025-07-05"
      },
      "RequestBody": null,
      "StatusCode": 201,
      "ResponseHeaders": {
        "Content-Length": "0",
        "Date": "Wed, 14 May 2025 23:26:01 GMT",
        "ETag": "\"0x8DD933EB08454DF\"",
        "Last-Modified": "Wed, 14 May 2025 23:26:01 GMT",
        "Server": [
          "Windows-Azure-File/1.0",
          "Microsoft-HTTPAPI/2.0"
        ],
        "x-ms-client-request-id": "Sanitized",
        "x-ms-file-attributes": "Archive",
        "x-ms-file-change-time": "2024-04-01T13:30:03.0000000Z",
        "x-ms-file-creation-time": "2024-04-01T09:05:55.0000000Z",
        "x-ms-file-id": "13835128424026341376",
        "x-ms-file-last-write-time": "2024-04-01T12:16:06.0000000Z",
        "x-ms-file-parent-id": "0",
        "x-ms-file-permission-key": "8616074386732128176*16083086822043778878",
        "x-ms-request-id": "1dd6f2f3-001a-0009-5f27-c5ff09000000",
        "x-ms-request-server-encrypted": "true",
        "x-ms-version": "2025-07-05"
      },
      "ResponseBody": null
    },
    {
      "RequestUri": "https://nickliuproductionacc.file.core.windows.net/test-share-4bc56fda-5a01-8304-893f-202079b0a411/test-file-e92479fb-4cd6-d13c-948d-525c8bb5767c?sv=Sanitized&ss=f&srt=sco&se=2025-05-15T23%3A26%3A04Z&sp=rwdxylacuptfi&sig=Sanitized&comp=range",
      "RequestMethod": "PUT",
      "RequestHeaders": {
        "Accept": "application/xml",
        "Content-Length": "0",
        "traceparent": "00-a744f9ce69c2b0b4bffec031f9bcdaa2-25f9e500d63fa292-00",
        "User-Agent": "azsdk-net-Storage.Files.Shares/12.23.0-alpha.20250514.1 (.NET 8.0.16; Microsoft Windows 10.0.26100)",
        "x-ms-client-request-id": "Sanitized",
        "x-ms-copy-source": "https://nickliuproductionacc.file.core.windows.net/test-share-b95e8c7c-555b-7247-0bf4-5783a8b6f290/test-file-850f7118-bc43-95d7-ae89-23a12df60cab?sv=sanitized-value&ss=f&srt=sco&se=2025-05-15T23%3A26%3A04Z&sp=rwdxylacuptfi&sig=Sanitized",
        "x-ms-file-last-write-time": "Preserve",
        "x-ms-range": "bytes=0-1023",
        "x-ms-return-client-request-id": "true",
        "x-ms-source-range": "bytes=0-1023",
        "x-ms-version": "2025-07-05",
        "x-ms-write": "update"
      },
      "RequestBody": null,
      "StatusCode": 201,
      "ResponseHeaders": {
        "Content-Length": "0",
        "Date": "Wed, 14 May 2025 23:26:01 GMT",
        "ETag": "\"0x8DD933EB08C3B42\"",
        "Last-Modified": "Wed, 14 May 2025 23:26:01 GMT",
        "Server": [
          "Windows-Azure-File/1.0",
          "Microsoft-HTTPAPI/2.0"
        ],
        "x-ms-client-request-id": "Sanitized",
        "x-ms-content-crc64": "iknlm7CyG2k=",
        "x-ms-file-last-write-time": "2024-04-01T12:16:06.0000000Z",
        "x-ms-request-id": "1dd6f2f4-001a-0009-6027-c5ff09000000",
        "x-ms-request-server-encrypted": "true",
        "x-ms-version": "2025-07-05"
      },
      "ResponseBody": null
    },
    {
      "RequestUri": "https://nickliuproductionacc.file.core.windows.net/test-share-4bc56fda-5a01-8304-893f-202079b0a411/test-file-e92479fb-4cd6-d13c-948d-525c8bb5767c?sv=Sanitized&ss=f&srt=sco&se=2025-05-15T23%3A26%3A04Z&sp=rwdxylacuptfi&sig=Sanitized&comp=properties",
      "RequestMethod": "PUT",
      "RequestHeaders": {
        "Accept": "application/xml",
        "Content-Length": "0",
        "traceparent": "00-22f61060ba851b29de36450835df982a-d4c2d6e7c5a60ba0-00",
        "User-Agent": "azsdk-net-Storage.Files.Shares/12.23.0-alpha.20250514.1 (.NET 8.0.16; Microsoft Windows 10.0.26100)",
        "x-ms-cache-control": "no-cache",
        "x-ms-client-request-id": "Sanitized",
        "x-ms-content-disposition": "inline",
        "x-ms-content-language": "en-US,en-CA",
        "x-ms-content-type": "application/octet-stream",
        "x-ms-file-attributes": "ReadOnly|Archive",
        "x-ms-file-change-time": "2024-04-01T13:30:03.0000000Z",
        "x-ms-file-creation-time": "2024-04-01T09:05:55.0000000Z",
        "x-ms-file-last-write-time": "2024-04-01T12:16:06.0000000Z",
        "x-ms-return-client-request-id": "true",
        "x-ms-version": "2025-07-05"
      },
      "RequestBody": null,
      "StatusCode": 200,
      "ResponseHeaders": {
        "Content-Length": "0",
        "Date": "Wed, 14 May 2025 23:26:01 GMT",
        "ETag": "\"0x8DD933EB0905555\"",
        "Last-Modified": "Wed, 14 May 2025 23:26:01 GMT",
        "Server": [
          "Windows-Azure-File/1.0",
          "Microsoft-HTTPAPI/2.0"
        ],
        "x-ms-client-request-id": "Sanitized",
        "x-ms-file-attributes": "ReadOnly | Archive",
        "x-ms-file-change-time": "2024-04-01T13:30:03.0000000Z",
        "x-ms-file-creation-time": "2024-04-01T09:05:55.0000000Z",
        "x-ms-file-id": "13835128424026341376",
        "x-ms-file-last-write-time": "2024-04-01T12:16:06.0000000Z",
        "x-ms-file-parent-id": "0",
        "x-ms-file-permission-key": "8616074386732128176*16083086822043778878",
        "x-ms-request-id": "1dd6f2f5-001a-0009-6127-c5ff09000000",
        "x-ms-request-server-encrypted": "true",
        "x-ms-version": "2025-07-05"
      },
      "ResponseBody": null
    },
    {
      "RequestUri": "https://nickliuproductionacc.file.core.windows.net/test-share-b95e8c7c-555b-7247-0bf4-5783a8b6f290/test-file-850f7118-bc43-95d7-ae89-23a12df60cab?sv=Sanitized&ss=f&srt=sco&se=2025-05-15T23%3A26%3A04Z&sp=rwdxylacuptfi&sig=Sanitized",
      "RequestMethod": "HEAD",
      "RequestHeaders": {
        "Accept": "application/xml",
        "traceparent": "00-36060d22e1530d95dc208f13e8771735-a115e9cd2b86e65e-00",
        "User-Agent": "azsdk-net-Storage.Files.Shares/12.23.0-alpha.20250514.1 (.NET 8.0.16; Microsoft Windows 10.0.26100)",
        "x-ms-client-request-id": "Sanitized",
        "x-ms-return-client-request-id": "true",
        "x-ms-version": "2025-07-05"
      },
      "RequestBody": null,
      "StatusCode": 200,
      "ResponseHeaders": {
        "Cache-Control": "no-cache",
        "Content-Disposition": "inline",
        "Content-Language": [
          "en-US",
          "en-CA"
        ],
        "Content-Length": "1024",
        "Content-Type": "application/octet-stream",
        "Date": "Wed, 14 May 2025 23:26:01 GMT",
        "ETag": "\"0x8DD933EB060EF12\"",
        "Last-Modified": "Wed, 14 May 2025 23:26:01 GMT",
        "Server": [
          "Windows-Azure-File/1.0",
          "Microsoft-HTTPAPI/2.0"
        ],
        "x-ms-client-request-id": "Sanitized",
        "x-ms-file-attributes": "Archive",
        "x-ms-file-change-time": "2024-04-01T13:30:03.0000000Z",
        "x-ms-file-creation-time": "2024-04-01T09:05:55.0000000Z",
        "x-ms-file-id": "13835128424026341376",
        "x-ms-file-last-write-time": "2024-04-01T12:16:06.0000000Z",
        "x-ms-file-parent-id": "0",
        "x-ms-file-permission-key": "8616074386732128176*16083086822043778878",
        "x-ms-lease-state": "available",
        "x-ms-lease-status": "unlocked",
        "x-ms-meta-Capital": "letter",
        "x-ms-meta-foo": "bar",
        "x-ms-meta-meta": "data",
        "x-ms-meta-UPPER": "case",
        "x-ms-request-id": "1dd6f2f6-001a-0009-6227-c5ff09000000",
        "x-ms-server-encrypted": "true",
        "x-ms-type": "File",
        "x-ms-version": "2025-07-05"
      },
      "ResponseBody": null
    },
    {
      "RequestUri": "https://nickliuproductionacc.file.core.windows.net/test-share-4bc56fda-5a01-8304-893f-202079b0a411/test-file-e92479fb-4cd6-d13c-948d-525c8bb5767c?sv=Sanitized&ss=f&srt=sco&se=2025-05-15T23%3A26%3A04Z&sp=rwdxylacuptfi&sig=Sanitized",
      "RequestMethod": "HEAD",
      "RequestHeaders": {
        "Accept": "application/xml",
        "traceparent": "00-be050c99fe33448d82947c5014f9f4f5-613eb192cbb2186b-00",
        "User-Agent": "azsdk-net-Storage.Files.Shares/12.23.0-alpha.20250514.1 (.NET 8.0.16; Microsoft Windows 10.0.26100)",
        "x-ms-client-request-id": "Sanitized",
        "x-ms-return-client-request-id": "true",
        "x-ms-version": "2025-07-05"
      },
      "RequestBody": null,
      "StatusCode": 200,
      "ResponseHeaders": {
        "Cache-Control": "no-cache",
        "Content-Disposition": "inline",
        "Content-Language": [
          "en-US",
          "en-CA"
        ],
        "Content-Length": "1024",
        "Content-Type": "application/octet-stream",
        "Date": "Wed, 14 May 2025 23:26:01 GMT",
        "ETag": "\"0x8DD933EB0905555\"",
        "Last-Modified": "Wed, 14 May 2025 23:26:01 GMT",
        "Server": [
          "Windows-Azure-File/1.0",
          "Microsoft-HTTPAPI/2.0"
        ],
        "x-ms-client-request-id": "Sanitized",
        "x-ms-file-attributes": "ReadOnly | Archive",
        "x-ms-file-change-time": "2024-04-01T13:30:03.0000000Z",
        "x-ms-file-creation-time": "2024-04-01T09:05:55.0000000Z",
        "x-ms-file-id": "13835128424026341376",
        "x-ms-file-last-write-time": "2024-04-01T12:16:06.0000000Z",
        "x-ms-file-parent-id": "0",
        "x-ms-file-permission-key": "8616074386732128176*16083086822043778878",
        "x-ms-lease-state": "available",
        "x-ms-lease-status": "unlocked",
        "x-ms-meta-Capital": "letter",
        "x-ms-meta-foo": "bar",
        "x-ms-meta-meta": "data",
        "x-ms-meta-UPPER": "case",
        "x-ms-request-id": "1dd6f2f7-001a-0009-6327-c5ff09000000",
        "x-ms-server-encrypted": "true",
        "x-ms-type": "File",
        "x-ms-version": "2025-07-05"
      },
      "ResponseBody": null
    },
    {
      "RequestUri": "https://nickliuproductionacc.file.core.windows.net/test-share-b95e8c7c-555b-7247-0bf4-5783a8b6f290/test-file-850f7118-bc43-95d7-ae89-23a12df60cab?sv=Sanitized&ss=f&srt=sco&se=2025-05-15T23%3A26%3A04Z&sp=rwdxylacuptfi&sig=Sanitized",
      "RequestMethod": "GET",
      "RequestHeaders": {
        "Accept": "application/xml",
        "User-Agent": "azsdk-net-Storage.Files.Shares/12.23.0-alpha.20250514.1 (.NET 8.0.16; Microsoft Windows 10.0.26100)",
        "x-ms-client-request-id": "Sanitized",
        "x-ms-range": "bytes=0-1023",
        "x-ms-return-client-request-id": "true",
        "x-ms-version": "2025-07-05"
      },
      "RequestBody": null,
      "StatusCode": 206,
      "ResponseHeaders": {
        "Accept-Ranges": "bytes",
        "Cache-Control": "no-cache",
        "Content-Disposition": "inline",
        "Content-Language": [
          "en-US",
          "en-CA"
        ],
        "Content-Length": "1024",
        "Content-Range": "bytes 0-1023/1024",
        "Content-Type": "application/octet-stream",
        "Date": "Wed, 14 May 2025 23:26:01 GMT",
        "ETag": "\"0x8DD933EB060EF12\"",
        "Last-Modified": "Wed, 14 May 2025 23:26:01 GMT",
        "Server": [
          "Windows-Azure-File/1.0",
          "Microsoft-HTTPAPI/2.0"
        ],
        "x-ms-client-request-id": "Sanitized",
        "x-ms-file-attributes": "Archive",
        "x-ms-file-change-time": "2024-04-01T13:30:03.0000000Z",
        "x-ms-file-creation-time": "2024-04-01T09:05:55.0000000Z",
        "x-ms-file-id": "13835128424026341376",
        "x-ms-file-last-write-time": "2024-04-01T12:16:06.0000000Z",
        "x-ms-file-parent-id": "0",
        "x-ms-file-permission-key": "8616074386732128176*16083086822043778878",
        "x-ms-lease-state": "available",
        "x-ms-lease-status": "unlocked",
        "x-ms-meta-Capital": "letter",
        "x-ms-meta-foo": "bar",
        "x-ms-meta-meta": "data",
        "x-ms-meta-UPPER": "case",
        "x-ms-request-id": "1dd6f2f8-001a-0009-6427-c5ff09000000",
        "x-ms-server-encrypted": "true",
        "x-ms-type": "File",
        "x-ms-version": "2025-07-05"
      },
      "ResponseBody": "AAAAAAAAAAAAAAAAAAAAAAAAAAAAAAAAAAAAAAAAAAAAAAAAAAAAAAAAAAAAAAAAAAAAAAAAAAAAAAAAAAAAAAAAAAAAAAAAAAAAAAAAAAAAAAAAAAAAAAAAAAAAAAAAAAAAAAAAAAAAAAAAAAAAAAAAAAAAAAAAAAAAAAAAAAAAAAAAAAAAAAAAAAAAAAAAAAAAAAAAAAAAAAAAAAAAAAAAAAAAAAAAAAAAAAAAAAAAAAAAAAAAAAAAAAAAAAAAAAAAAAAAAAAAAAAAAAAAAAAAAAAAAAAAAAAAAAAAAAAAAAAAAAAAAAAAAAAAAAAAAAAAAAAAAAAAAAAAAAAAAAAAAAAAAAAAAAAAAAAAAAAAAAAAAAAAAAAAAAAAAAAAAAAAAAAAAAAAAAAAAAAAAAAAAAAAAAAAAAAAAAAAAAAAAAAAAAAAAAAAAAAAAAAAAAAAAAAAAAAAAAAAAAAAAAAAAAAAAAAAAAAAAAAAAAAAAAAAAAAAAAAAAAAAAAAAAAAAAAAAAAAAAAAAAAAAAAAAAAAAAAAAAAAAAAAAAAAAAAAAAAAAAAAAAAAAAAAAAAAAAAAAAAAAAAAAAAAAAAAAAAAAAAAAAAAAAAAAAAAAAAAAAAAAAAAAAAAAAAAAAAAAAAAAAAAAAAAAAAAAAAAAAAAAAAAAAAAAAAAAAAAAAAAAAAAAAAAAAAAAAAAAAAAAAAAAAAAAAAAAAAAAAAAAAAAAAAAAAAAAAAAAAAAAAAAAAAAAAAAAAAAAAAAAAAAAAAAAAAAAAAAAAAAAAAAAAAAAAAAAAAAAAAAAAAAAAAAAAAAAAAAAAAAAAAAAAAAAAAAAAAAAAAAAAAAAAAAAAAAAAAAAAAAAAAAAAAAAAAAAAAAAAAAAAAAAAAAAAAAAAAAAAAAAAAAAAAAAAAAAAAAAAAAAAAAAAAAAAAAAAAAAAAAAAAAAAAAAAAAAAAAAAAAAAAAAAAAAAAAAAAAAAAAAAAAAAAAAAAAAAAAAAAAAAAAAAAAAAAAAAAAAAAAAAAAAAAAAAAAAAAAAAAAAAAAAAAAAAAAAAAAAAAAAAAAAAAAAAAAAAAAAAAAAAAAAAAAAAAAAAAAAAAAAAAAAAAAAAAAAAAAAAAAAAAAAAAAAAAAAAAAAAAAAAAAAAAAAAAAAAAAAAAAAAAAAAAAAAAAAAAAAAAAAAAAAAAAAAAAAAAAAAAAAAAAAAAAAAAAAAAAAAAAAAAAAAAAAAAAAAAAAAAAAAAAAAAAAAAAAAAAAAAAAAAAAAAAAAAAAAAAAAAAAAAAAAAAAAAAAAAAAAAAAAAAAAAAAAAAAAAAAAAAAAAAAAAAAAAAAAAAAAAAAAAAAAAAAAAAAAAAAAA=="
    },
    {
      "RequestUri": "https://nickliuproductionacc.file.core.windows.net/test-share-4bc56fda-5a01-8304-893f-202079b0a411/test-file-e92479fb-4cd6-d13c-948d-525c8bb5767c?sv=Sanitized&ss=f&srt=sco&se=2025-05-15T23%3A26%3A04Z&sp=rwdxylacuptfi&sig=Sanitized",
      "RequestMethod": "GET",
      "RequestHeaders": {
        "Accept": "application/xml",
        "User-Agent": "azsdk-net-Storage.Files.Shares/12.23.0-alpha.20250514.1 (.NET 8.0.16; Microsoft Windows 10.0.26100)",
        "x-ms-client-request-id": "Sanitized",
        "x-ms-range": "bytes=0-1023",
        "x-ms-return-client-request-id": "true",
        "x-ms-version": "2025-07-05"
      },
      "RequestBody": null,
      "StatusCode": 206,
      "ResponseHeaders": {
        "Accept-Ranges": "bytes",
        "Cache-Control": "no-cache",
        "Content-Disposition": "inline",
        "Content-Language": [
          "en-US",
          "en-CA"
        ],
        "Content-Length": "1024",
        "Content-Range": "bytes 0-1023/1024",
        "Content-Type": "application/octet-stream",
        "Date": "Wed, 14 May 2025 23:26:01 GMT",
        "ETag": "\"0x8DD933EB0905555\"",
        "Last-Modified": "Wed, 14 May 2025 23:26:01 GMT",
        "Server": [
          "Windows-Azure-File/1.0",
          "Microsoft-HTTPAPI/2.0"
        ],
        "x-ms-client-request-id": "Sanitized",
        "x-ms-file-attributes": "ReadOnly | Archive",
        "x-ms-file-change-time": "2024-04-01T13:30:03.0000000Z",
        "x-ms-file-creation-time": "2024-04-01T09:05:55.0000000Z",
        "x-ms-file-id": "13835128424026341376",
        "x-ms-file-last-write-time": "2024-04-01T12:16:06.0000000Z",
        "x-ms-file-parent-id": "0",
        "x-ms-file-permission-key": "8616074386732128176*16083086822043778878",
        "x-ms-lease-state": "available",
        "x-ms-lease-status": "unlocked",
        "x-ms-meta-Capital": "letter",
        "x-ms-meta-foo": "bar",
        "x-ms-meta-meta": "data",
        "x-ms-meta-UPPER": "case",
        "x-ms-request-id": "1dd6f2f9-001a-0009-6527-c5ff09000000",
        "x-ms-server-encrypted": "true",
        "x-ms-type": "File",
        "x-ms-version": "2025-07-05"
      },
      "ResponseBody": "AAAAAAAAAAAAAAAAAAAAAAAAAAAAAAAAAAAAAAAAAAAAAAAAAAAAAAAAAAAAAAAAAAAAAAAAAAAAAAAAAAAAAAAAAAAAAAAAAAAAAAAAAAAAAAAAAAAAAAAAAAAAAAAAAAAAAAAAAAAAAAAAAAAAAAAAAAAAAAAAAAAAAAAAAAAAAAAAAAAAAAAAAAAAAAAAAAAAAAAAAAAAAAAAAAAAAAAAAAAAAAAAAAAAAAAAAAAAAAAAAAAAAAAAAAAAAAAAAAAAAAAAAAAAAAAAAAAAAAAAAAAAAAAAAAAAAAAAAAAAAAAAAAAAAAAAAAAAAAAAAAAAAAAAAAAAAAAAAAAAAAAAAAAAAAAAAAAAAAAAAAAAAAAAAAAAAAAAAAAAAAAAAAAAAAAAAAAAAAAAAAAAAAAAAAAAAAAAAAAAAAAAAAAAAAAAAAAAAAAAAAAAAAAAAAAAAAAAAAAAAAAAAAAAAAAAAAAAAAAAAAAAAAAAAAAAAAAAAAAAAAAAAAAAAAAAAAAAAAAAAAAAAAAAAAAAAAAAAAAAAAAAAAAAAAAAAAAAAAAAAAAAAAAAAAAAAAAAAAAAAAAAAAAAAAAAAAAAAAAAAAAAAAAAAAAAAAAAAAAAAAAAAAAAAAAAAAAAAAAAAAAAAAAAAAAAAAAAAAAAAAAAAAAAAAAAAAAAAAAAAAAAAAAAAAAAAAAAAAAAAAAAAAAAAAAAAAAAAAAAAAAAAAAAAAAAAAAAAAAAAAAAAAAAAAAAAAAAAAAAAAAAAAAAAAAAAAAAAAAAAAAAAAAAAAAAAAAAAAAAAAAAAAAAAAAAAAAAAAAAAAAAAAAAAAAAAAAAAAAAAAAAAAAAAAAAAAAAAAAAAAAAAAAAAAAAAAAAAAAAAAAAAAAAAAAAAAAAAAAAAAAAAAAAAAAAAAAAAAAAAAAAAAAAAAAAAAAAAAAAAAAAAAAAAAAAAAAAAAAAAAAAAAAAAAAAAAAAAAAAAAAAAAAAAAAAAAAAAAAAAAAAAAAAAAAAAAAAAAAAAAAAAAAAAAAAAAAAAAAAAAAAAAAAAAAAAAAAAAAAAAAAAAAAAAAAAAAAAAAAAAAAAAAAAAAAAAAAAAAAAAAAAAAAAAAAAAAAAAAAAAAAAAAAAAAAAAAAAAAAAAAAAAAAAAAAAAAAAAAAAAAAAAAAAAAAAAAAAAAAAAAAAAAAAAAAAAAAAAAAAAAAAAAAAAAAAAAAAAAAAAAAAAAAAAAAAAAAAAAAAAAAAAAAAAAAAAAAAAAAAAAAAAAAAAAAAAAAAAAAAAAAAAAAAAAAAAAAAAAAAAAAAAAAAAAAAAAAAAAAAAAAAAAAAAAAAAAAAAAAAAAAAAAAAAAAAAAAAAAAAAAAAA=="
    },
    {
      "RequestUri": "https://nickliuproductionacc.file.core.windows.net/test-share-4bc56fda-5a01-8304-893f-202079b0a411/test-file-e92479fb-4cd6-d13c-948d-525c8bb5767c?sv=Sanitized&ss=f&srt=sco&se=2025-05-15T23%3A26%3A04Z&sp=rwdxylacuptfi&sig=Sanitized",
      "RequestMethod": "HEAD",
      "RequestHeaders": {
        "Accept": "application/xml",
        "traceparent": "00-295f90f6411ca8b753999e2dc9dc587d-8e0f85a695afd04a-00",
        "User-Agent": "azsdk-net-Storage.Files.Shares/12.23.0-alpha.20250514.1 (.NET 8.0.16; Microsoft Windows 10.0.26100)",
        "x-ms-client-request-id": "Sanitized",
        "x-ms-return-client-request-id": "true",
        "x-ms-version": "2025-07-05"
      },
      "RequestBody": null,
      "StatusCode": 200,
      "ResponseHeaders": {
        "Cache-Control": "no-cache",
        "Content-Disposition": "inline",
        "Content-Language": [
          "en-US",
          "en-CA"
        ],
        "Content-Length": "1024",
        "Content-Type": "application/octet-stream",
        "Date": "Wed, 14 May 2025 23:26:01 GMT",
        "ETag": "\"0x8DD933EB0905555\"",
        "Last-Modified": "Wed, 14 May 2025 23:26:01 GMT",
        "Server": [
          "Windows-Azure-File/1.0",
          "Microsoft-HTTPAPI/2.0"
        ],
        "x-ms-client-request-id": "Sanitized",
        "x-ms-file-attributes": "ReadOnly | Archive",
        "x-ms-file-change-time": "2024-04-01T13:30:03.0000000Z",
        "x-ms-file-creation-time": "2024-04-01T09:05:55.0000000Z",
        "x-ms-file-id": "13835128424026341376",
        "x-ms-file-last-write-time": "2024-04-01T12:16:06.0000000Z",
        "x-ms-file-parent-id": "0",
        "x-ms-file-permission-key": "8616074386732128176*16083086822043778878",
        "x-ms-lease-state": "available",
        "x-ms-lease-status": "unlocked",
        "x-ms-meta-Capital": "letter",
        "x-ms-meta-foo": "bar",
        "x-ms-meta-meta": "data",
        "x-ms-meta-UPPER": "case",
        "x-ms-request-id": "1dd6f308-001a-0009-6627-c5ff09000000",
        "x-ms-server-encrypted": "true",
        "x-ms-type": "File",
        "x-ms-version": "2025-07-05"
      },
      "ResponseBody": null
    },
    {
      "RequestUri": "https://nickliuproductionacc.file.core.windows.net/test-share-4bc56fda-5a01-8304-893f-202079b0a411?sv=Sanitized&ss=f&srt=sco&se=2025-05-15T23%3A26%3A04Z&sp=rwdxylacuptfi&sig=Sanitized&restype=share",
      "RequestMethod": "DELETE",
      "RequestHeaders": {
        "Accept": "application/xml",
        "traceparent": "00-cab340b5d29cd5aa05e588f92c1ae6a1-cf90d0618855965c-00",
        "User-Agent": "azsdk-net-Storage.Files.Shares/12.23.0-alpha.20250514.1 (.NET 8.0.16; Microsoft Windows 10.0.26100)",
        "x-ms-client-request-id": "Sanitized",
        "x-ms-delete-snapshots": "include",
        "x-ms-return-client-request-id": "true",
        "x-ms-version": "2025-07-05"
      },
      "RequestBody": null,
      "StatusCode": 202,
      "ResponseHeaders": {
        "Content-Length": "0",
        "Date": "Wed, 14 May 2025 23:26:01 GMT",
        "Server": [
          "Windows-Azure-File/1.0",
          "Microsoft-HTTPAPI/2.0"
        ],
        "x-ms-client-request-id": "Sanitized",
        "x-ms-request-id": "1dd6f309-001a-0009-6727-c5ff09000000",
        "x-ms-version": "2025-07-05"
      },
      "ResponseBody": null
    },
    {
      "RequestUri": "https://nickliuproductionacc.file.core.windows.net/test-share-b95e8c7c-555b-7247-0bf4-5783a8b6f290?sv=Sanitized&ss=f&srt=sco&se=2025-05-15T23%3A26%3A04Z&sp=rwdxylacuptfi&sig=Sanitized&restype=share",
      "RequestMethod": "DELETE",
      "RequestHeaders": {
        "Accept": "application/xml",
        "traceparent": "00-cd0fdce69dad87e3626b1cfc5f26b1f2-b85bb225420daead-00",
        "User-Agent": "azsdk-net-Storage.Files.Shares/12.23.0-alpha.20250514.1 (.NET 8.0.16; Microsoft Windows 10.0.26100)",
        "x-ms-client-request-id": "Sanitized",
        "x-ms-delete-snapshots": "include",
        "x-ms-return-client-request-id": "true",
        "x-ms-version": "2025-07-05"
      },
      "RequestBody": null,
      "StatusCode": 202,
      "ResponseHeaders": {
        "Content-Length": "0",
        "Date": "Wed, 14 May 2025 23:26:01 GMT",
        "Server": [
          "Windows-Azure-File/1.0",
          "Microsoft-HTTPAPI/2.0"
        ],
        "x-ms-client-request-id": "Sanitized",
        "x-ms-request-id": "1dd6f30a-001a-0009-6827-c5ff09000000",
        "x-ms-version": "2025-07-05"
      },
      "ResponseBody": null
    }
  ],
  "Variables": {
    "DateTimeOffsetNow": "2025-05-14T19:26:04.5187073-04:00",
    "RandomSeed": "208097717",
    "Storage_TestConfigDefault": "ProductionTenant\nnickliuproductionacc\nU2FuaXRpemVk\nhttps://nickliuproductionacc.blob.core.windows.net\nhttps://nickliuproductionacc.file.core.windows.net\nhttps://nickliuproductionacc.queue.core.windows.net\nhttps://nickliuproductionacc.table.core.windows.net\n\n\n\n\nhttps://nickliuproductionacc-secondary.blob.core.windows.net\nhttps://nickliuproductionacc-secondary.file.core.windows.net\nhttps://nickliuproductionacc-secondary.queue.core.windows.net\nhttps://nickliuproductionacc-secondary.table.core.windows.net\nCloud\nBlobEndpoint=https://nickliuproductionacc.blob.core.windows.net/;QueueEndpoint=https://nickliuproductionacc.queue.core.windows.net/;FileEndpoint=https://nickliuproductionacc.file.core.windows.net/;BlobSecondaryEndpoint=https://nickliuproductionacc-secondary.blob.core.windows.net/;QueueSecondaryEndpoint=https://nickliuproductionacc-secondary.queue.core.windows.net/;FileSecondaryEndpoint=https://nickliuproductionacc-secondary.file.core.windows.net/;AccountName=nickliuproductionacc;AccountKey=U2FuaXRpemVk\nEncryptionScope\n\n"
  }
}
