{
  "Entries": [
    {
      "RequestUri": "https://nickliupremiumfileacc.file.core.windows.net/test-share-7461eaa8-41bc-44b6-36fe-7f9e23c9e92e?sv=Sanitized&ss=f&srt=sco&se=2025-05-15T23%3A26%3A17Z&sp=rwdxylacuptfi&sig=Sanitized&restype=share",
      "RequestMethod": "PUT",
      "RequestHeaders": {
        "Accept": "application/xml",
        "Content-Length": "0",
        "traceparent": "00-8f9d86103f4254af55f7e7f314a3c776-e2bc10b200f4ba26-00",
        "User-Agent": "azsdk-net-Storage.Files.Shares/12.23.0-alpha.20250514.1 (.NET 8.0.16; Microsoft Windows 10.0.26100)",
        "x-ms-client-request-id": "Sanitized",
        "x-ms-enabled-protocols": "NFS",
        "x-ms-return-client-request-id": "true",
        "x-ms-version": "2025-07-05"
      },
      "RequestBody": null,
      "StatusCode": 201,
      "ResponseHeaders": {
        "Content-Length": "0",
        "Date": "Wed, 14 May 2025 23:26:13 GMT",
        "ETag": "\"0x8DD933EB81427BB\"",
        "Last-Modified": "Wed, 14 May 2025 23:26:14 GMT",
        "Server": [
          "Windows-Azure-File/1.0",
          "Microsoft-HTTPAPI/2.0"
        ],
        "x-ms-client-request-id": "Sanitized",
        "x-ms-request-id": "c5e4da7c-c01a-0068-2327-c5ac1b000000",
        "x-ms-version": "2025-07-05"
      },
      "ResponseBody": null
    },
    {
      "RequestUri": "https://nickliupremiumfileacc.file.core.windows.net/test-share-9dc80d2b-54c3-8f3a-0e52-f5ff3e5ff8de?sv=Sanitized&ss=f&srt=sco&se=2025-05-15T23%3A26%3A17Z&sp=rwdxylacuptfi&sig=Sanitized&restype=share",
      "RequestMethod": "PUT",
      "RequestHeaders": {
        "Accept": "application/xml",
        "Content-Length": "0",
        "traceparent": "00-3aaf43a19bcb090e589f84c8c2f1dfc5-ccccf8374a16799a-00",
        "User-Agent": "azsdk-net-Storage.Files.Shares/12.23.0-alpha.20250514.1 (.NET 8.0.16; Microsoft Windows 10.0.26100)",
        "x-ms-client-request-id": "Sanitized",
        "x-ms-enabled-protocols": "NFS",
        "x-ms-return-client-request-id": "true",
        "x-ms-version": "2025-07-05"
      },
      "RequestBody": null,
      "StatusCode": 201,
      "ResponseHeaders": {
        "Content-Length": "0",
        "Date": "Wed, 14 May 2025 23:26:13 GMT",
        "ETag": "\"0x8DD933EB81A0962\"",
        "Last-Modified": "Wed, 14 May 2025 23:26:14 GMT",
        "Server": [
          "Windows-Azure-File/1.0",
          "Microsoft-HTTPAPI/2.0"
        ],
        "x-ms-client-request-id": "Sanitized",
        "x-ms-request-id": "c5e4da7e-c01a-0068-2427-c5ac1b000000",
        "x-ms-version": "2025-07-05"
      },
      "ResponseBody": null
    },
    {
      "RequestUri": "https://nickliupremiumfileacc.file.core.windows.net/test-share-7461eaa8-41bc-44b6-36fe-7f9e23c9e92e/test-file-0c52c2f2-c414-21f2-7632-0387cde6180f?sv=Sanitized&ss=f&srt=sco&se=2025-05-15T23%3A26%3A17Z&sp=rwdxylacuptfi&sig=Sanitized",
      "RequestMethod": "PUT",
      "RequestHeaders": {
        "Accept": "application/xml",
        "Content-Length": "0",
        "traceparent": "00-6f0a8eb82c086e733fc712c2bc82376a-b01b22fb0d9a60d4-00",
        "User-Agent": "azsdk-net-Storage.Files.Shares/12.23.0-alpha.20250514.1 (.NET 8.0.16; Microsoft Windows 10.0.26100)",
        "x-ms-client-request-id": "Sanitized",
        "x-ms-content-length": "1024",
        "x-ms-file-creation-time": "2024-04-01T09:05:55.0000000Z",
        "x-ms-file-last-write-time": "2024-04-01T12:16:06.0000000Z",
        "x-ms-group": "123",
        "x-ms-mode": "1777",
        "x-ms-owner": "345",
        "x-ms-return-client-request-id": "true",
        "x-ms-type": "file",
        "x-ms-version": "2025-07-05"
      },
      "RequestBody": null,
      "StatusCode": 201,
      "ResponseHeaders": {
        "Content-Length": "0",
        "Date": "Wed, 14 May 2025 23:26:13 GMT",
        "ETag": "\"0x8DD933EB820557E\"",
        "Last-Modified": "Wed, 14 May 2025 23:26:14 GMT",
        "Server": [
          "Windows-Azure-File/1.0",
          "Microsoft-HTTPAPI/2.0"
        ],
        "x-ms-client-request-id": "Sanitized",
        "x-ms-file-change-time": "2025-05-14T23:26:14.2860670Z",
        "x-ms-file-creation-time": "2024-04-01T09:05:55.0000000Z",
        "x-ms-file-file-type": "Regular",
        "x-ms-file-id": "13835128424026341376",
        "x-ms-file-last-write-time": "2024-04-01T12:16:06.0000000Z",
        "x-ms-file-parent-id": "1",
        "x-ms-group": "123",
        "x-ms-mode": "1777",
        "x-ms-owner": "345",
        "x-ms-request-id": "c5e4da82-c01a-0068-2527-c5ac1b000000",
        "x-ms-request-server-encrypted": "true",
        "x-ms-version": "2025-07-05"
      },
      "ResponseBody": null
    },
    {
      "RequestUri": "https://nickliupremiumfileacc.file.core.windows.net/test-share-7461eaa8-41bc-44b6-36fe-7f9e23c9e92e?sv=Sanitized&ss=f&srt=sco&se=2025-05-15T23%3A26%3A17Z&sp=rwdxylacuptfi&sig=Sanitized&restype=share",
      "RequestMethod": "GET",
      "RequestHeaders": {
        "Accept": "application/xml",
        "traceparent": "00-a7ee0b87f631acd03c0d899582a1768d-a8da1f1ec3d23bd8-00",
        "User-Agent": "azsdk-net-Storage.Files.Shares/12.23.0-alpha.20250514.1 (.NET 8.0.16; Microsoft Windows 10.0.26100)",
        "x-ms-client-request-id": "Sanitized",
        "x-ms-return-client-request-id": "true",
        "x-ms-version": "2025-07-05"
      },
      "RequestBody": null,
      "StatusCode": 200,
      "ResponseHeaders": {
        "Content-Length": "0",
        "Date": "Wed, 14 May 2025 23:26:13 GMT",
        "ETag": "\"0x8DD933EB81427BB\"",
        "Last-Modified": "Wed, 14 May 2025 23:26:14 GMT",
        "Server": [
          "Windows-Azure-File/1.0",
          "Microsoft-HTTPAPI/2.0"
        ],
        "x-ms-access-tier": "Premium",
        "x-ms-client-request-id": "Sanitized",
        "x-ms-enable-snapshot-virtual-directory-access": "true",
        "x-ms-enabled-protocols": "NFS",
        "x-ms-has-immutability-policy": "false",
        "x-ms-has-legal-hold": "false",
        "x-ms-lease-state": "available",
        "x-ms-lease-status": "unlocked",
        "x-ms-request-id": "c5e4da83-c01a-0068-2627-c5ac1b000000",
        "x-ms-root-squash": "NoRootSquash",
        "x-ms-share-next-allowed-quota-downgrade-time": "Wed, 14 May 2025 23:26:14 GMT",
        "x-ms-share-paid-bursting-enabled": "false",
        "x-ms-share-provisioned-bandwidth-mibps": "110",
        "x-ms-share-provisioned-egress-mbps": "110",
        "x-ms-share-provisioned-ingress-mbps": "110",
        "x-ms-share-provisioned-iops": "3100",
        "x-ms-share-quota": "100",
        "x-ms-version": "2025-07-05"
      },
      "ResponseBody": null
    },
    {
      "RequestUri": "https://nickliupremiumfileacc.file.core.windows.net/test-share-9dc80d2b-54c3-8f3a-0e52-f5ff3e5ff8de?sv=Sanitized&ss=f&srt=sco&se=2025-05-15T23%3A26%3A17Z&sp=rwdxylacuptfi&sig=Sanitized&restype=share",
      "RequestMethod": "GET",
      "RequestHeaders": {
        "Accept": "application/xml",
        "traceparent": "00-4543a42e6bbe693aa0a4132d3669d10b-6cf50222d2e65966-00",
        "User-Agent": "azsdk-net-Storage.Files.Shares/12.23.0-alpha.20250514.1 (.NET 8.0.16; Microsoft Windows 10.0.26100)",
        "x-ms-client-request-id": "Sanitized",
        "x-ms-return-client-request-id": "true",
        "x-ms-version": "2025-07-05"
      },
      "RequestBody": null,
      "StatusCode": 200,
      "ResponseHeaders": {
        "Content-Length": "0",
        "Date": "Wed, 14 May 2025 23:26:13 GMT",
        "ETag": "\"0x8DD933EB81A0962\"",
        "Last-Modified": "Wed, 14 May 2025 23:26:14 GMT",
        "Server": [
          "Windows-Azure-File/1.0",
          "Microsoft-HTTPAPI/2.0"
        ],
        "x-ms-access-tier": "Premium",
        "x-ms-client-request-id": "Sanitized",
        "x-ms-enable-snapshot-virtual-directory-access": "true",
        "x-ms-enabled-protocols": "NFS",
        "x-ms-has-immutability-policy": "false",
        "x-ms-has-legal-hold": "false",
        "x-ms-lease-state": "available",
        "x-ms-lease-status": "unlocked",
        "x-ms-request-id": "c5e4da84-c01a-0068-2727-c5ac1b000000",
        "x-ms-root-squash": "NoRootSquash",
        "x-ms-share-next-allowed-quota-downgrade-time": "Wed, 14 May 2025 23:26:14 GMT",
        "x-ms-share-paid-bursting-enabled": "false",
        "x-ms-share-provisioned-bandwidth-mibps": "110",
        "x-ms-share-provisioned-egress-mbps": "110",
        "x-ms-share-provisioned-ingress-mbps": "110",
        "x-ms-share-provisioned-iops": "3100",
        "x-ms-share-quota": "100",
        "x-ms-version": "2025-07-05"
      },
      "ResponseBody": null
    },
    {
      "RequestUri": "https://nickliupremiumfileacc.file.core.windows.net/test-share-7461eaa8-41bc-44b6-36fe-7f9e23c9e92e/test-file-0c52c2f2-c414-21f2-7632-0387cde6180f?sv=Sanitized&ss=f&srt=sco&se=2025-05-15T23%3A26%3A17Z&sp=rwdxylacuptfi&sig=Sanitized",
      "RequestMethod": "HEAD",
      "RequestHeaders": {
        "Accept": "application/xml",
        "traceparent": "00-f27bd40bf9c176511eaab4e54a970b44-3ed1bb6bcb8ea455-00",
        "User-Agent": "azsdk-net-Storage.Files.Shares/12.23.0-alpha.20250514.1 (.NET 8.0.16; Microsoft Windows 10.0.26100)",
        "x-ms-client-request-id": "Sanitized",
        "x-ms-return-client-request-id": "true",
        "x-ms-version": "2025-07-05"
      },
      "RequestBody": null,
      "StatusCode": 200,
      "ResponseHeaders": {
        "Content-Length": "1024",
        "Content-Type": "application/octet-stream",
        "Date": "Wed, 14 May 2025 23:26:13 GMT",
        "ETag": "\"0x8DD933EB820557E\"",
        "Last-Modified": "Wed, 14 May 2025 23:26:14 GMT",
        "Server": [
          "Windows-Azure-File/1.0",
          "Microsoft-HTTPAPI/2.0"
        ],
        "x-ms-client-request-id": "Sanitized",
        "x-ms-file-change-time": "2025-05-14T23:26:14.2860670Z",
        "x-ms-file-creation-time": "2024-04-01T09:05:55.0000000Z",
        "x-ms-file-file-type": "Regular",
        "x-ms-file-id": "13835128424026341376",
        "x-ms-file-last-write-time": "2024-04-01T12:16:06.0000000Z",
        "x-ms-file-parent-id": "1",
        "x-ms-group": "123",
        "x-ms-lease-state": "available",
        "x-ms-lease-status": "unlocked",
        "x-ms-link-count": "1",
        "x-ms-mode": "1777",
        "x-ms-owner": "345",
        "x-ms-request-id": "c5e4da87-c01a-0068-2927-c5ac1b000000",
        "x-ms-server-encrypted": "true",
        "x-ms-type": "File",
        "x-ms-version": "2025-07-05"
      },
      "ResponseBody": null
    },
    {
      "RequestUri": "https://nickliupremiumfileacc.file.core.windows.net/test-share-7461eaa8-41bc-44b6-36fe-7f9e23c9e92e/test-file-0c52c2f2-c414-21f2-7632-0387cde6180f?sv=Sanitized&ss=f&srt=sco&se=2025-05-15T23%3A26%3A17Z&sp=rwdxylacuptfi&sig=Sanitized",
      "RequestMethod": "HEAD",
      "RequestHeaders": {
        "Accept": "application/xml",
        "traceparent": "00-47713dcacb598b41776ec4fe2f164c3c-4fe7df5f0a5632ad-00",
        "User-Agent": "azsdk-net-Storage.Files.Shares/12.23.0-alpha.20250514.1 (.NET 8.0.16; Microsoft Windows 10.0.26100)",
        "x-ms-client-request-id": "Sanitized",
        "x-ms-return-client-request-id": "true",
        "x-ms-version": "2025-07-05"
      },
      "RequestBody": null,
      "StatusCode": 200,
      "ResponseHeaders": {
        "Content-Length": "1024",
        "Content-Type": "application/octet-stream",
        "Date": "Wed, 14 May 2025 23:26:14 GMT",
        "ETag": "\"0x8DD933EB820557E\"",
        "Last-Modified": "Wed, 14 May 2025 23:26:14 GMT",
        "Server": [
          "Windows-Azure-File/1.0",
          "Microsoft-HTTPAPI/2.0"
        ],
        "x-ms-client-request-id": "Sanitized",
        "x-ms-file-change-time": "2025-05-14T23:26:14.2860670Z",
        "x-ms-file-creation-time": "2024-04-01T09:05:55.0000000Z",
        "x-ms-file-file-type": "Regular",
        "x-ms-file-id": "13835128424026341376",
        "x-ms-file-last-write-time": "2024-04-01T12:16:06.0000000Z",
        "x-ms-file-parent-id": "1",
        "x-ms-group": "123",
        "x-ms-lease-state": "available",
        "x-ms-lease-status": "unlocked",
        "x-ms-link-count": "1",
        "x-ms-mode": "1777",
        "x-ms-owner": "345",
        "x-ms-request-id": "c5e4da88-c01a-0068-2a27-c5ac1b000000",
        "x-ms-server-encrypted": "true",
        "x-ms-type": "File",
        "x-ms-version": "2025-07-05"
      },
      "ResponseBody": null
    },
    {
      "RequestUri": "https://nickliupremiumfileacc.file.core.windows.net/test-share-7461eaa8-41bc-44b6-36fe-7f9e23c9e92e/test-file-0c52c2f2-c414-21f2-7632-0387cde6180f?sv=Sanitized&ss=f&srt=sco&se=2025-05-15T23%3A26%3A17Z&sp=rwdxylacuptfi&sig=Sanitized",
      "RequestMethod": "HEAD",
      "RequestHeaders": {
        "Accept": "application/xml",
        "traceparent": "00-75e42d050c0285d50e4385fe5d72581f-7dfc41cd393cffd4-00",
        "User-Agent": "azsdk-net-Storage.Files.Shares/12.23.0-alpha.20250514.1 (.NET 8.0.16; Microsoft Windows 10.0.26100)",
        "x-ms-client-request-id": "Sanitized",
        "x-ms-return-client-request-id": "true",
        "x-ms-version": "2025-07-05"
      },
      "RequestBody": null,
      "StatusCode": 200,
      "ResponseHeaders": {
        "Content-Length": "1024",
        "Content-Type": "application/octet-stream",
        "Date": "Wed, 14 May 2025 23:26:14 GMT",
        "ETag": "\"0x8DD933EB820557E\"",
        "Last-Modified": "Wed, 14 May 2025 23:26:14 GMT",
        "Server": [
          "Windows-Azure-File/1.0",
          "Microsoft-HTTPAPI/2.0"
        ],
        "x-ms-client-request-id": "Sanitized",
        "x-ms-file-change-time": "2025-05-14T23:26:14.2860670Z",
        "x-ms-file-creation-time": "2024-04-01T09:05:55.0000000Z",
        "x-ms-file-file-type": "Regular",
        "x-ms-file-id": "13835128424026341376",
        "x-ms-file-last-write-time": "2024-04-01T12:16:06.0000000Z",
        "x-ms-file-parent-id": "1",
        "x-ms-group": "123",
        "x-ms-lease-state": "available",
        "x-ms-lease-status": "unlocked",
        "x-ms-link-count": "1",
        "x-ms-mode": "1777",
        "x-ms-owner": "345",
        "x-ms-request-id": "c5e4da8f-c01a-0068-3127-c5ac1b000000",
        "x-ms-server-encrypted": "true",
        "x-ms-type": "File",
        "x-ms-version": "2025-07-05"
      },
      "ResponseBody": null
    },
    {
      "RequestUri": "https://nickliupremiumfileacc.file.core.windows.net/test-share-9dc80d2b-54c3-8f3a-0e52-f5ff3e5ff8de/test-file-7a57c2fe-314d-370c-749d-8e3bdae6e924?sv=Sanitized&ss=f&srt=sco&se=2025-05-15T23%3A26%3A17Z&sp=rwdxylacuptfi&sig=Sanitized",
      "RequestMethod": "HEAD",
      "RequestHeaders": {
        "Accept": "application/xml",
        "traceparent": "00-640c36d6027a820f61fd00732c773776-6ea48c570c487ee4-00",
        "User-Agent": "azsdk-net-Storage.Files.Shares/12.23.0-alpha.20250514.1 (.NET 8.0.16; Microsoft Windows 10.0.26100)",
        "x-ms-client-request-id": "Sanitized",
        "x-ms-return-client-request-id": "true",
        "x-ms-version": "2025-07-05"
      },
      "RequestBody": null,
      "StatusCode": 404,
      "ResponseHeaders": {
        "Date": "Wed, 14 May 2025 23:26:14 GMT",
        "Server": [
          "Windows-Azure-File/1.0",
          "Microsoft-HTTPAPI/2.0"
        ],
        "Transfer-Encoding": "chunked",
        "x-ms-client-request-id": "Sanitized",
        "x-ms-error-code": "ResourceNotFound",
        "x-ms-request-id": "c5e4da9c-c01a-0068-3c27-c5ac1b000000",
        "x-ms-version": "2025-07-05"
      },
      "ResponseBody": null
    },
    {
      "RequestUri": "https://nickliupremiumfileacc.file.core.windows.net/test-share-9dc80d2b-54c3-8f3a-0e52-f5ff3e5ff8de/test-file-7a57c2fe-314d-370c-749d-8e3bdae6e924?sv=Sanitized&ss=f&srt=sco&se=2025-05-15T23%3A26%3A17Z&sp=rwdxylacuptfi&sig=Sanitized",
      "RequestMethod": "PUT",
      "RequestHeaders": {
        "Accept": "application/xml",
        "Content-Length": "0",
        "traceparent": "00-0397ef6a4dc96847e22809e8ee9ac452-454d740559b6a116-00",
        "User-Agent": "azsdk-net-Storage.Files.Shares/12.23.0-alpha.20250514.1 (.NET 8.0.16; Microsoft Windows 10.0.26100)",
        "x-ms-client-request-id": "Sanitized",
        "x-ms-content-length": "1024",
        "x-ms-content-type": "application/octet-stream",
        "x-ms-file-creation-time": "2024-04-01T09:05:55.0000000Z",
        "x-ms-file-file-type": "Regular",
        "x-ms-file-last-write-time": "2024-04-01T12:16:06.0000000Z",
        "x-ms-return-client-request-id": "true",
        "x-ms-type": "file",
        "x-ms-version": "2025-07-05"
      },
      "RequestBody": null,
      "StatusCode": 201,
      "ResponseHeaders": {
        "Content-Length": "0",
        "Date": "Wed, 14 May 2025 23:26:14 GMT",
        "ETag": "\"0x8DD933EB8447A02\"",
        "Last-Modified": "Wed, 14 May 2025 23:26:14 GMT",
        "Server": [
          "Windows-Azure-File/1.0",
          "Microsoft-HTTPAPI/2.0"
        ],
        "x-ms-client-request-id": "Sanitized",
        "x-ms-file-change-time": "2025-05-14T23:26:14.5229314Z",
        "x-ms-file-creation-time": "2024-04-01T09:05:55.0000000Z",
        "x-ms-file-file-type": "Regular",
        "x-ms-file-id": "13835128424026341376",
        "x-ms-file-last-write-time": "2024-04-01T12:16:06.0000000Z",
        "x-ms-file-parent-id": "1",
        "x-ms-group": "0",
        "x-ms-mode": "0664",
        "x-ms-owner": "0",
        "x-ms-request-id": "c5e4daa5-c01a-0068-4527-c5ac1b000000",
        "x-ms-request-server-encrypted": "true",
        "x-ms-version": "2025-07-05"
      },
      "ResponseBody": null
    },
    {
      "RequestUri": "https://nickliupremiumfileacc.file.core.windows.net/test-share-9dc80d2b-54c3-8f3a-0e52-f5ff3e5ff8de/test-file-7a57c2fe-314d-370c-749d-8e3bdae6e924?sv=Sanitized&ss=f&srt=sco&se=2025-05-15T23%3A26%3A17Z&sp=rwdxylacuptfi&sig=Sanitized&comp=range",
      "RequestMethod": "PUT",
      "RequestHeaders": {
        "Accept": "application/xml",
        "Content-Length": "0",
        "traceparent": "00-705b8e15efde283c6b5610cddc2aa92b-aeb34c9c59284bb5-00",
        "User-Agent": "azsdk-net-Storage.Files.Shares/12.23.0-alpha.20250514.1 (.NET 8.0.16; Microsoft Windows 10.0.26100)",
        "x-ms-client-request-id": "Sanitized",
        "x-ms-copy-source": "https://nickliupremiumfileacc.file.core.windows.net/test-share-7461eaa8-41bc-44b6-36fe-7f9e23c9e92e/test-file-0c52c2f2-c414-21f2-7632-0387cde6180f?sv=sanitized-value&ss=f&srt=sco&se=2025-05-15T23%3A26%3A17Z&sp=rwdxylacuptfi&sig=Sanitized",
        "x-ms-file-last-write-time": "Preserve",
        "x-ms-range": "bytes=0-1023",
        "x-ms-return-client-request-id": "true",
        "x-ms-source-range": "bytes=0-1023",
        "x-ms-version": "2025-07-05",
        "x-ms-write": "update"
      },
      "RequestBody": null,
      "StatusCode": 201,
      "ResponseHeaders": {
        "Content-Length": "0",
        "Date": "Wed, 14 May 2025 23:26:14 GMT",
        "ETag": "\"0x8DD933EB84AE1B2\"",
        "Last-Modified": "Wed, 14 May 2025 23:26:14 GMT",
        "Server": [
          "Windows-Azure-File/1.0",
          "Microsoft-HTTPAPI/2.0"
        ],
        "x-ms-client-request-id": "Sanitized",
        "x-ms-content-crc64": "iknlm7CyG2k=",
        "x-ms-file-last-write-time": "2024-04-01T12:16:06.0000000Z",
        "x-ms-request-id": "c5e4daac-c01a-0068-4b27-c5ac1b000000",
        "x-ms-request-server-encrypted": "true",
        "x-ms-version": "2025-07-05"
      },
      "ResponseBody": null
    },
    {
      "RequestUri": "https://nickliupremiumfileacc.file.core.windows.net/test-share-9dc80d2b-54c3-8f3a-0e52-f5ff3e5ff8de/test-file-7a57c2fe-314d-370c-749d-8e3bdae6e924?sv=Sanitized&ss=f&srt=sco&se=2025-05-15T23%3A26%3A17Z&sp=rwdxylacuptfi&sig=Sanitized&comp=properties",
      "RequestMethod": "PUT",
      "RequestHeaders": {
        "Accept": "application/xml",
        "Content-Length": "0",
        "traceparent": "00-33b79623a9b4c7960ed1a1e415cf7e04-2f9f79fdf431da71-00",
        "User-Agent": "azsdk-net-Storage.Files.Shares/12.23.0-alpha.20250514.1 (.NET 8.0.16; Microsoft Windows 10.0.26100)",
        "x-ms-client-request-id": "Sanitized",
        "x-ms-content-type": "application/octet-stream",
        "x-ms-file-creation-time": "2024-04-01T09:05:55.0000000Z",
        "x-ms-file-last-write-time": "2024-04-01T12:16:06.0000000Z",
        "x-ms-return-client-request-id": "true",
        "x-ms-version": "2025-07-05"
      },
      "RequestBody": null,
      "StatusCode": 200,
      "ResponseHeaders": {
        "Content-Length": "0",
        "Date": "Wed, 14 May 2025 23:26:14 GMT",
        "ETag": "\"0x8DD933EB84EB1B3\"",
        "Last-Modified": "Wed, 14 May 2025 23:26:14 GMT",
        "Server": [
          "Windows-Azure-File/1.0",
          "Microsoft-HTTPAPI/2.0"
        ],
        "x-ms-client-request-id": "Sanitized",
        "x-ms-file-change-time": "2025-05-14T23:26:14.5898931Z",
        "x-ms-file-creation-time": "2024-04-01T09:05:55.0000000Z",
        "x-ms-file-id": "13835128424026341376",
        "x-ms-file-last-write-time": "2024-04-01T12:16:06.0000000Z",
        "x-ms-file-parent-id": "1",
        "x-ms-group": "0",
        "x-ms-link-count": "1",
        "x-ms-mode": "0664",
        "x-ms-owner": "0",
        "x-ms-request-id": "c5e4dab2-c01a-0068-5127-c5ac1b000000",
        "x-ms-request-server-encrypted": "true",
        "x-ms-version": "2025-07-05"
      },
      "ResponseBody": null
    },
    {
      "RequestUri": "https://nickliupremiumfileacc.file.core.windows.net/test-share-7461eaa8-41bc-44b6-36fe-7f9e23c9e92e/test-file-0c52c2f2-c414-21f2-7632-0387cde6180f?sv=Sanitized&ss=f&srt=sco&se=2025-05-15T23%3A26%3A17Z&sp=rwdxylacuptfi&sig=Sanitized",
      "RequestMethod": "HEAD",
      "RequestHeaders": {
        "Accept": "application/xml",
        "traceparent": "00-431fbd2d6fcdd0bfdf09be0d11a4be39-5a71fa5d3a9b472d-00",
        "User-Agent": "azsdk-net-Storage.Files.Shares/12.23.0-alpha.20250514.1 (.NET 8.0.16; Microsoft Windows 10.0.26100)",
        "x-ms-client-request-id": "Sanitized",
        "x-ms-return-client-request-id": "true",
        "x-ms-version": "2025-07-05"
      },
      "RequestBody": null,
      "StatusCode": 200,
      "ResponseHeaders": {
        "Content-Length": "1024",
        "Content-Type": "application/octet-stream",
        "Date": "Wed, 14 May 2025 23:26:14 GMT",
        "ETag": "\"0x8DD933EB820557E\"",
        "Last-Modified": "Wed, 14 May 2025 23:26:14 GMT",
        "Server": [
          "Windows-Azure-File/1.0",
          "Microsoft-HTTPAPI/2.0"
        ],
        "x-ms-client-request-id": "Sanitized",
        "x-ms-file-change-time": "2025-05-14T23:26:14.2860670Z",
        "x-ms-file-creation-time": "2024-04-01T09:05:55.0000000Z",
        "x-ms-file-file-type": "Regular",
        "x-ms-file-id": "13835128424026341376",
        "x-ms-file-last-write-time": "2024-04-01T12:16:06.0000000Z",
        "x-ms-file-parent-id": "1",
        "x-ms-group": "123",
        "x-ms-lease-state": "available",
        "x-ms-lease-status": "unlocked",
        "x-ms-link-count": "1",
        "x-ms-mode": "1777",
        "x-ms-owner": "345",
        "x-ms-request-id": "c5e4dad6-c01a-0068-6f27-c5ac1b000000",
        "x-ms-server-encrypted": "true",
        "x-ms-type": "File",
        "x-ms-version": "2025-07-05"
      },
      "ResponseBody": null
    },
    {
      "RequestUri": "https://nickliupremiumfileacc.file.core.windows.net/test-share-9dc80d2b-54c3-8f3a-0e52-f5ff3e5ff8de/test-file-7a57c2fe-314d-370c-749d-8e3bdae6e924?sv=Sanitized&ss=f&srt=sco&se=2025-05-15T23%3A26%3A17Z&sp=rwdxylacuptfi&sig=Sanitized",
      "RequestMethod": "HEAD",
      "RequestHeaders": {
        "Accept": "application/xml",
        "traceparent": "00-8c0d33a1e921f8a804b79f55d9136871-9d1bb7ba5f8f4659-00",
        "User-Agent": "azsdk-net-Storage.Files.Shares/12.23.0-alpha.20250514.1 (.NET 8.0.16; Microsoft Windows 10.0.26100)",
        "x-ms-client-request-id": "Sanitized",
        "x-ms-return-client-request-id": "true",
        "x-ms-version": "2025-07-05"
      },
      "RequestBody": null,
      "StatusCode": 200,
      "ResponseHeaders": {
        "Content-Length": "1024",
        "Content-Type": "application/octet-stream",
        "Date": "Wed, 14 May 2025 23:26:14 GMT",
        "ETag": "\"0x8DD933EB84EB1B3\"",
        "Last-Modified": "Wed, 14 May 2025 23:26:14 GMT",
        "Server": [
          "Windows-Azure-File/1.0",
          "Microsoft-HTTPAPI/2.0"
        ],
        "x-ms-client-request-id": "Sanitized",
        "x-ms-file-change-time": "2025-05-14T23:26:14.5898931Z",
        "x-ms-file-creation-time": "2024-04-01T09:05:55.0000000Z",
        "x-ms-file-file-type": "Regular",
        "x-ms-file-id": "13835128424026341376",
        "x-ms-file-last-write-time": "2024-04-01T12:16:06.0000000Z",
        "x-ms-file-parent-id": "1",
        "x-ms-group": "0",
        "x-ms-lease-state": "available",
        "x-ms-lease-status": "unlocked",
        "x-ms-link-count": "1",
        "x-ms-mode": "0664",
        "x-ms-owner": "0",
        "x-ms-request-id": "c5e4dada-c01a-0068-7327-c5ac1b000000",
        "x-ms-server-encrypted": "true",
        "x-ms-type": "File",
        "x-ms-version": "2025-07-05"
      },
      "ResponseBody": null
    },
    {
      "RequestUri": "https://nickliupremiumfileacc.file.core.windows.net/test-share-7461eaa8-41bc-44b6-36fe-7f9e23c9e92e/test-file-0c52c2f2-c414-21f2-7632-0387cde6180f?sv=Sanitized&ss=f&srt=sco&se=2025-05-15T23%3A26%3A17Z&sp=rwdxylacuptfi&sig=Sanitized",
      "RequestMethod": "GET",
      "RequestHeaders": {
        "Accept": "application/xml",
        "User-Agent": "azsdk-net-Storage.Files.Shares/12.23.0-alpha.20250514.1 (.NET 8.0.16; Microsoft Windows 10.0.26100)",
        "x-ms-client-request-id": "Sanitized",
        "x-ms-range": "bytes=0-1023",
        "x-ms-return-client-request-id": "true",
        "x-ms-version": "2025-07-05"
      },
      "RequestBody": null,
      "StatusCode": 206,
      "ResponseHeaders": {
        "Accept-Ranges": "bytes",
        "Content-Length": "1024",
        "Content-Range": "bytes 0-1023/1024",
        "Content-Type": "application/octet-stream",
        "Date": "Wed, 14 May 2025 23:26:14 GMT",
        "ETag": "\"0x8DD933EB820557E\"",
        "Last-Modified": "Wed, 14 May 2025 23:26:14 GMT",
        "Server": [
          "Windows-Azure-File/1.0",
          "Microsoft-HTTPAPI/2.0"
        ],
        "x-ms-client-request-id": "Sanitized",
        "x-ms-file-change-time": "2025-05-14T23:26:14.2860670Z",
        "x-ms-file-creation-time": "2024-04-01T09:05:55.0000000Z",
        "x-ms-file-id": "13835128424026341376",
        "x-ms-file-last-write-time": "2024-04-01T12:16:06.0000000Z",
        "x-ms-file-parent-id": "1",
        "x-ms-group": "123",
        "x-ms-lease-state": "available",
        "x-ms-lease-status": "unlocked",
        "x-ms-link-count": "1",
        "x-ms-mode": "1777",
        "x-ms-owner": "345",
        "x-ms-request-id": "c5e4dadb-c01a-0068-7427-c5ac1b000000",
        "x-ms-server-encrypted": "true",
        "x-ms-type": "File",
        "x-ms-version": "2025-07-05"
      },
      "ResponseBody": "AAAAAAAAAAAAAAAAAAAAAAAAAAAAAAAAAAAAAAAAAAAAAAAAAAAAAAAAAAAAAAAAAAAAAAAAAAAAAAAAAAAAAAAAAAAAAAAAAAAAAAAAAAAAAAAAAAAAAAAAAAAAAAAAAAAAAAAAAAAAAAAAAAAAAAAAAAAAAAAAAAAAAAAAAAAAAAAAAAAAAAAAAAAAAAAAAAAAAAAAAAAAAAAAAAAAAAAAAAAAAAAAAAAAAAAAAAAAAAAAAAAAAAAAAAAAAAAAAAAAAAAAAAAAAAAAAAAAAAAAAAAAAAAAAAAAAAAAAAAAAAAAAAAAAAAAAAAAAAAAAAAAAAAAAAAAAAAAAAAAAAAAAAAAAAAAAAAAAAAAAAAAAAAAAAAAAAAAAAAAAAAAAAAAAAAAAAAAAAAAAAAAAAAAAAAAAAAAAAAAAAAAAAAAAAAAAAAAAAAAAAAAAAAAAAAAAAAAAAAAAAAAAAAAAAAAAAAAAAAAAAAAAAAAAAAAAAAAAAAAAAAAAAAAAAAAAAAAAAAAAAAAAAAAAAAAAAAAAAAAAAAAAAAAAAAAAAAAAAAAAAAAAAAAAAAAAAAAAAAAAAAAAAAAAAAAAAAAAAAAAAAAAAAAAAAAAAAAAAAAAAAAAAAAAAAAAAAAAAAAAAAAAAAAAAAAAAAAAAAAAAAAAAAAAAAAAAAAAAAAAAAAAAAAAAAAAAAAAAAAAAAAAAAAAAAAAAAAAAAAAAAAAAAAAAAAAAAAAAAAAAAAAAAAAAAAAAAAAAAAAAAAAAAAAAAAAAAAAAAAAAAAAAAAAAAAAAAAAAAAAAAAAAAAAAAAAAAAAAAAAAAAAAAAAAAAAAAAAAAAAAAAAAAAAAAAAAAAAAAAAAAAAAAAAAAAAAAAAAAAAAAAAAAAAAAAAAAAAAAAAAAAAAAAAAAAAAAAAAAAAAAAAAAAAAAAAAAAAAAAAAAAAAAAAAAAAAAAAAAAAAAAAAAAAAAAAAAAAAAAAAAAAAAAAAAAAAAAAAAAAAAAAAAAAAAAAAAAAAAAAAAAAAAAAAAAAAAAAAAAAAAAAAAAAAAAAAAAAAAAAAAAAAAAAAAAAAAAAAAAAAAAAAAAAAAAAAAAAAAAAAAAAAAAAAAAAAAAAAAAAAAAAAAAAAAAAAAAAAAAAAAAAAAAAAAAAAAAAAAAAAAAAAAAAAAAAAAAAAAAAAAAAAAAAAAAAAAAAAAAAAAAAAAAAAAAAAAAAAAAAAAAAAAAAAAAAAAAAAAAAAAAAAAAAAAAAAAAAAAAAAAAAAAAAAAAAAAAAAAAAAAAAAAAAAAAAAAAAAAAAAAAAAAAAAAAAAAAAAAAAAAAAAAAAAAAAAAAAAAAAAAAAAAAAAAAAAAAAAAAAAAAAA=="
    },
    {
      "RequestUri": "https://nickliupremiumfileacc.file.core.windows.net/test-share-9dc80d2b-54c3-8f3a-0e52-f5ff3e5ff8de/test-file-7a57c2fe-314d-370c-749d-8e3bdae6e924?sv=Sanitized&ss=f&srt=sco&se=2025-05-15T23%3A26%3A17Z&sp=rwdxylacuptfi&sig=Sanitized",
      "RequestMethod": "GET",
      "RequestHeaders": {
        "Accept": "application/xml",
        "User-Agent": "azsdk-net-Storage.Files.Shares/12.23.0-alpha.20250514.1 (.NET 8.0.16; Microsoft Windows 10.0.26100)",
        "x-ms-client-request-id": "Sanitized",
        "x-ms-range": "bytes=0-1023",
        "x-ms-return-client-request-id": "true",
        "x-ms-version": "2025-07-05"
      },
      "RequestBody": null,
      "StatusCode": 206,
      "ResponseHeaders": {
        "Accept-Ranges": "bytes",
        "Content-Length": "1024",
        "Content-Range": "bytes 0-1023/1024",
        "Content-Type": "application/octet-stream",
        "Date": "Wed, 14 May 2025 23:26:14 GMT",
        "ETag": "\"0x8DD933EB84EB1B3\"",
        "Last-Modified": "Wed, 14 May 2025 23:26:14 GMT",
        "Server": [
          "Windows-Azure-File/1.0",
          "Microsoft-HTTPAPI/2.0"
        ],
        "x-ms-client-request-id": "Sanitized",
        "x-ms-file-change-time": "2025-05-14T23:26:14.5898931Z",
        "x-ms-file-creation-time": "2024-04-01T09:05:55.0000000Z",
        "x-ms-file-id": "13835128424026341376",
        "x-ms-file-last-write-time": "2024-04-01T12:16:06.0000000Z",
        "x-ms-file-parent-id": "1",
        "x-ms-group": "0",
        "x-ms-lease-state": "available",
        "x-ms-lease-status": "unlocked",
        "x-ms-link-count": "1",
        "x-ms-mode": "0664",
        "x-ms-owner": "0",
        "x-ms-request-id": "c5e4dadd-c01a-0068-7527-c5ac1b000000",
        "x-ms-server-encrypted": "true",
        "x-ms-type": "File",
        "x-ms-version": "2025-07-05"
      },
      "ResponseBody": "AAAAAAAAAAAAAAAAAAAAAAAAAAAAAAAAAAAAAAAAAAAAAAAAAAAAAAAAAAAAAAAAAAAAAAAAAAAAAAAAAAAAAAAAAAAAAAAAAAAAAAAAAAAAAAAAAAAAAAAAAAAAAAAAAAAAAAAAAAAAAAAAAAAAAAAAAAAAAAAAAAAAAAAAAAAAAAAAAAAAAAAAAAAAAAAAAAAAAAAAAAAAAAAAAAAAAAAAAAAAAAAAAAAAAAAAAAAAAAAAAAAAAAAAAAAAAAAAAAAAAAAAAAAAAAAAAAAAAAAAAAAAAAAAAAAAAAAAAAAAAAAAAAAAAAAAAAAAAAAAAAAAAAAAAAAAAAAAAAAAAAAAAAAAAAAAAAAAAAAAAAAAAAAAAAAAAAAAAAAAAAAAAAAAAAAAAAAAAAAAAAAAAAAAAAAAAAAAAAAAAAAAAAAAAAAAAAAAAAAAAAAAAAAAAAAAAAAAAAAAAAAAAAAAAAAAAAAAAAAAAAAAAAAAAAAAAAAAAAAAAAAAAAAAAAAAAAAAAAAAAAAAAAAAAAAAAAAAAAAAAAAAAAAAAAAAAAAAAAAAAAAAAAAAAAAAAAAAAAAAAAAAAAAAAAAAAAAAAAAAAAAAAAAAAAAAAAAAAAAAAAAAAAAAAAAAAAAAAAAAAAAAAAAAAAAAAAAAAAAAAAAAAAAAAAAAAAAAAAAAAAAAAAAAAAAAAAAAAAAAAAAAAAAAAAAAAAAAAAAAAAAAAAAAAAAAAAAAAAAAAAAAAAAAAAAAAAAAAAAAAAAAAAAAAAAAAAAAAAAAAAAAAAAAAAAAAAAAAAAAAAAAAAAAAAAAAAAAAAAAAAAAAAAAAAAAAAAAAAAAAAAAAAAAAAAAAAAAAAAAAAAAAAAAAAAAAAAAAAAAAAAAAAAAAAAAAAAAAAAAAAAAAAAAAAAAAAAAAAAAAAAAAAAAAAAAAAAAAAAAAAAAAAAAAAAAAAAAAAAAAAAAAAAAAAAAAAAAAAAAAAAAAAAAAAAAAAAAAAAAAAAAAAAAAAAAAAAAAAAAAAAAAAAAAAAAAAAAAAAAAAAAAAAAAAAAAAAAAAAAAAAAAAAAAAAAAAAAAAAAAAAAAAAAAAAAAAAAAAAAAAAAAAAAAAAAAAAAAAAAAAAAAAAAAAAAAAAAAAAAAAAAAAAAAAAAAAAAAAAAAAAAAAAAAAAAAAAAAAAAAAAAAAAAAAAAAAAAAAAAAAAAAAAAAAAAAAAAAAAAAAAAAAAAAAAAAAAAAAAAAAAAAAAAAAAAAAAAAAAAAAAAAAAAAAAAAAAAAAAAAAAAAAAAAAAAAAAAAAAAAAAAAAAAAAAAAAAAAAAAAAAAAAAAAAAAAAAAAAAAAAAAAAAAAAAAAAAAAAAAAAAAAA=="
    },
    {
      "RequestUri": "https://nickliupremiumfileacc.file.core.windows.net/test-share-9dc80d2b-54c3-8f3a-0e52-f5ff3e5ff8de/test-file-7a57c2fe-314d-370c-749d-8e3bdae6e924?sv=Sanitized&ss=f&srt=sco&se=2025-05-15T23%3A26%3A17Z&sp=rwdxylacuptfi&sig=Sanitized",
      "RequestMethod": "HEAD",
      "RequestHeaders": {
        "Accept": "application/xml",
        "traceparent": "00-d6ddec4cecdc2733f9a9aa9cc5d72af1-f54ed4ea40611a63-00",
        "User-Agent": "azsdk-net-Storage.Files.Shares/12.23.0-alpha.20250514.1 (.NET 8.0.16; Microsoft Windows 10.0.26100)",
        "x-ms-client-request-id": "Sanitized",
        "x-ms-return-client-request-id": "true",
        "x-ms-version": "2025-07-05"
      },
      "RequestBody": null,
      "StatusCode": 200,
      "ResponseHeaders": {
        "Content-Length": "1024",
        "Content-Type": "application/octet-stream",
        "Date": "Wed, 14 May 2025 23:26:14 GMT",
        "ETag": "\"0x8DD933EB84EB1B3\"",
        "Last-Modified": "Wed, 14 May 2025 23:26:14 GMT",
        "Server": [
          "Windows-Azure-File/1.0",
          "Microsoft-HTTPAPI/2.0"
        ],
        "x-ms-client-request-id": "Sanitized",
        "x-ms-file-change-time": "2025-05-14T23:26:14.5898931Z",
        "x-ms-file-creation-time": "2024-04-01T09:05:55.0000000Z",
        "x-ms-file-file-type": "Regular",
        "x-ms-file-id": "13835128424026341376",
        "x-ms-file-last-write-time": "2024-04-01T12:16:06.0000000Z",
        "x-ms-file-parent-id": "1",
        "x-ms-group": "0",
        "x-ms-lease-state": "available",
        "x-ms-lease-status": "unlocked",
        "x-ms-link-count": "1",
        "x-ms-mode": "0664",
        "x-ms-owner": "0",
        "x-ms-request-id": "c5e4dade-c01a-0068-7627-c5ac1b000000",
        "x-ms-server-encrypted": "true",
        "x-ms-type": "File",
        "x-ms-version": "2025-07-05"
      },
      "ResponseBody": null
    },
    {
      "RequestUri": "https://nickliupremiumfileacc.file.core.windows.net/test-share-9dc80d2b-54c3-8f3a-0e52-f5ff3e5ff8de?sv=Sanitized&ss=f&srt=sco&se=2025-05-15T23%3A26%3A17Z&sp=rwdxylacuptfi&sig=Sanitized&restype=share",
      "RequestMethod": "DELETE",
      "RequestHeaders": {
        "Accept": "application/xml",
        "traceparent": "00-7e8d9844ef57d03d32b1763d308891ed-329f734e127c3e36-00",
        "User-Agent": "azsdk-net-Storage.Files.Shares/12.23.0-alpha.20250514.1 (.NET 8.0.16; Microsoft Windows 10.0.26100)",
        "x-ms-client-request-id": "Sanitized",
        "x-ms-delete-snapshots": "include",
        "x-ms-return-client-request-id": "true",
        "x-ms-version": "2025-07-05"
      },
      "RequestBody": null,
      "StatusCode": 202,
      "ResponseHeaders": {
        "Content-Length": "0",
        "Date": "Wed, 14 May 2025 23:26:14 GMT",
        "Server": [
          "Windows-Azure-File/1.0",
          "Microsoft-HTTPAPI/2.0"
        ],
        "x-ms-client-request-id": "Sanitized",
        "x-ms-request-id": "c5e4dae1-c01a-0068-7827-c5ac1b000000",
        "x-ms-version": "2025-07-05"
      },
      "ResponseBody": null
    },
    {
      "RequestUri": "https://nickliupremiumfileacc.file.core.windows.net/test-share-7461eaa8-41bc-44b6-36fe-7f9e23c9e92e?sv=Sanitized&ss=f&srt=sco&se=2025-05-15T23%3A26%3A17Z&sp=rwdxylacuptfi&sig=Sanitized&restype=share",
      "RequestMethod": "DELETE",
      "RequestHeaders": {
        "Accept": "application/xml",
        "traceparent": "00-df7a4db2ed9ffb5a7364d1bcca549208-0b3440af50f68c1b-00",
        "User-Agent": "azsdk-net-Storage.Files.Shares/12.23.0-alpha.20250514.1 (.NET 8.0.16; Microsoft Windows 10.0.26100)",
        "x-ms-client-request-id": "Sanitized",
        "x-ms-delete-snapshots": "include",
        "x-ms-return-client-request-id": "true",
        "x-ms-version": "2025-07-05"
      },
      "RequestBody": null,
      "StatusCode": 202,
      "ResponseHeaders": {
        "Content-Length": "0",
        "Date": "Wed, 14 May 2025 23:26:14 GMT",
        "Server": [
          "Windows-Azure-File/1.0",
          "Microsoft-HTTPAPI/2.0"
        ],
        "x-ms-client-request-id": "Sanitized",
        "x-ms-request-id": "c5e4dae2-c01a-0068-7927-c5ac1b000000",
        "x-ms-version": "2025-07-05"
      },
      "ResponseBody": null
    }
  ],
  "Variables": {
    "DateTimeOffsetNow": "2025-05-14T19:26:17.5150246-04:00",
    "RandomSeed": "1402097025",
    "Storage_TestConfigPremiumFile": "PremiumFileTenant\nnickliupremiumfileacc\nU2FuaXRpemVk\nhttps://nickliupremiumfileacc.blob.core.windows.net\nhttps://nickliupremiumfileacc.file.core.windows.net\nhttps://nickliupremiumfileacc.queue.core.windows.net\nhttps://nickliupremiumfileacc.table.core.windows.net\n\n\n\n\nhttps://nickliupremiumfileacc-secondary.blob.core.windows.net\nhttps://nickliupremiumfileacc-secondary.file.core.windows.net\nhttps://nickliupremiumfileacc-secondary.queue.core.windows.net\nhttps://nickliupremiumfileacc-secondary.table.core.windows.net\nCloud\nBlobEndpoint=https://nickliupremiumfileacc.blob.core.windows.net/;QueueEndpoint=https://nickliupremiumfileacc.queue.core.windows.net/;FileEndpoint=https://nickliupremiumfileacc.file.core.windows.net/;BlobSecondaryEndpoint=https://nickliupremiumfileacc-secondary.blob.core.windows.net/;QueueSecondaryEndpoint=https://nickliupremiumfileacc-secondary.queue.core.windows.net/;FileSecondaryEndpoint=https://nickliupremiumfileacc-secondary.file.core.windows.net/;AccountName=nickliupremiumfileacc;AccountKey=U2FuaXRpemVk\n\n\n"
  }
}
