{
  "Entries": [
    {
      "RequestUri": "https://amandadev2.file.core.windows.net/test-share-612101c6-9ce2-eabb-5ce9-200639701c67?restype=share",
      "RequestMethod": "PUT",
      "RequestHeaders": {
        "Accept": "application/xml",
        "Authorization": "Sanitized",
        "Content-Length": "0",
        "traceparent": "00-5adeaeab434ee917f4e34d2716accdcc-348f591b1543bd3e-00",
        "User-Agent": "azsdk-net-Storage.Files.Shares/12.19.0-alpha.20240702.1 (.NET 6.0.31; Microsoft Windows 10.0.22635)",
        "x-ms-client-request-id": "Sanitized",
        "x-ms-date": "Tue, 02 Jul 2024 20:57:19 GMT",
        "x-ms-return-client-request-id": "true",
        "x-ms-version": "2024-08-04"
      },
      "RequestBody": null,
      "StatusCode": 201,
      "ResponseHeaders": {
        "Content-Length": "0",
        "Date": "Tue, 02 Jul 2024 20:57:17 GMT",
        "ETag": "\"0x8DC9AD98F44A3F5\"",
        "Last-Modified": "Tue, 02 Jul 2024 20:57:18 GMT",
        "Server": [
          "Windows-Azure-File/1.0",
          "Microsoft-HTTPAPI/2.0"
        ],
        "x-ms-client-request-id": "Sanitized",
        "x-ms-request-id": "d0b9aed8-901a-004f-43c2-cc04b5000000",
        "x-ms-version": "2024-08-04"
      },
      "ResponseBody": null
    },
    {
      "RequestUri": "https://amandadev2.file.core.windows.net/test-share-18f44e8a-d6cd-f546-fe40-42b7d803de0d?restype=share",
      "RequestMethod": "PUT",
      "RequestHeaders": {
        "Accept": "application/xml",
        "Authorization": "Sanitized",
        "Content-Length": "0",
        "traceparent": "00-e70799c5464b76893552d96513433d65-ab01a35700ca0193-00",
        "User-Agent": "azsdk-net-Storage.Files.Shares/12.19.0-alpha.20240702.1 (.NET 6.0.31; Microsoft Windows 10.0.22635)",
        "x-ms-client-request-id": "Sanitized",
        "x-ms-date": "Tue, 02 Jul 2024 20:57:19 GMT",
        "x-ms-return-client-request-id": "true",
        "x-ms-version": "2024-08-04"
      },
      "RequestBody": null,
      "StatusCode": 201,
      "ResponseHeaders": {
        "Content-Length": "0",
        "Date": "Tue, 02 Jul 2024 20:57:17 GMT",
        "ETag": "\"0x8DC9AD98F5013FF\"",
        "Last-Modified": "Tue, 02 Jul 2024 20:57:18 GMT",
        "Server": [
          "Windows-Azure-File/1.0",
          "Microsoft-HTTPAPI/2.0"
        ],
        "x-ms-client-request-id": "Sanitized",
        "x-ms-request-id": "d0b9aedb-901a-004f-45c2-cc04b5000000",
        "x-ms-version": "2024-08-04"
      },
      "ResponseBody": null
    },
    {
      "RequestUri": "https://amandadev2.file.core.windows.net/test-share-612101c6-9ce2-eabb-5ce9-200639701c67/test-file-4b5cf6dc-5d42-9ad7-183a-0f64e13929ed",
      "RequestMethod": "PUT",
      "RequestHeaders": {
        "Accept": "application/xml",
        "Authorization": "Sanitized",
        "Content-Length": "0",
        "traceparent": "00-127a823cb8c714618e4c43ebbf9493db-739a90b219e8bc2b-00",
        "User-Agent": "azsdk-net-Storage.Files.Shares/12.19.0-alpha.20240702.1 (.NET 6.0.31; Microsoft Windows 10.0.22635)",
        "x-ms-cache-control": "no-cache",
        "x-ms-client-request-id": "Sanitized",
        "x-ms-content-disposition": "inline",
        "x-ms-content-language": "en-US,en-CA",
        "x-ms-content-length": "0",
        "x-ms-date": "Tue, 02 Jul 2024 20:57:19 GMT",
        "x-ms-file-attributes": "None",
        "x-ms-file-change-time": "2024-04-01T13:30:03.0000000Z",
        "x-ms-file-creation-time": "2024-04-01T09:05:55.0000000Z",
        "x-ms-file-last-write-time": "2024-04-01T12:16:06.0000000Z",
        "x-ms-file-permission": "O:S-1-5-21-2127521184-1604012920-1887927527-21560751G:S-1-5-21-2127521184-1604012920-1887927527-513D:AI(A;;FA;;;SY)(A;;FA;;;BA)(A;;0x1200a9;;;S-1-5-21-397955417-626881126-188441444-3053964)S:NO_ACCESS_CONTROL",
        "x-ms-meta-Capital": "letter",
        "x-ms-meta-foo": "bar",
        "x-ms-meta-meta": "data",
        "x-ms-meta-UPPER": "case",
        "x-ms-return-client-request-id": "true",
        "x-ms-type": "file",
        "x-ms-version": "2024-08-04"
      },
      "RequestBody": null,
      "StatusCode": 201,
      "ResponseHeaders": {
        "Content-Length": "0",
        "Date": "Tue, 02 Jul 2024 20:57:17 GMT",
        "ETag": "\"0x8DC9AD98F5B336C\"",
        "Last-Modified": "Tue, 02 Jul 2024 20:57:18 GMT",
        "Server": [
          "Windows-Azure-File/1.0",
          "Microsoft-HTTPAPI/2.0"
        ],
        "x-ms-client-request-id": "Sanitized",
        "x-ms-file-attributes": "Archive",
        "x-ms-file-change-time": "2024-04-01T13:30:03.0000000Z",
        "x-ms-file-creation-time": "2024-04-01T09:05:55.0000000Z",
        "x-ms-file-id": "13835128424026341376",
        "x-ms-file-last-write-time": "2024-04-01T12:16:06.0000000Z",
        "x-ms-file-parent-id": "0",
        "x-ms-file-permission-key": "17577599263235020033*1287379445297103284",
        "x-ms-request-id": "d0b9aedd-901a-004f-46c2-cc04b5000000",
        "x-ms-request-server-encrypted": "true",
        "x-ms-version": "2024-08-04"
      },
      "ResponseBody": null
    },
    {
      "RequestUri": "https://amandadev2.file.core.windows.net/test-share-612101c6-9ce2-eabb-5ce9-200639701c67/test-file-4b5cf6dc-5d42-9ad7-183a-0f64e13929ed?sv=Sanitized&se=2024-07-03T20%3A57%3A19Z&sr=s&sp=rcwdl&sig=Sanitized",
      "RequestMethod": "HEAD",
      "RequestHeaders": {
        "Accept": "application/xml",
        "traceparent": "00-59edb09ed1ac79769eda6cd6b01a1eb2-c9f835835b135b18-00",
        "User-Agent": "azsdk-net-Storage.Files.Shares/12.19.0-alpha.20240702.1 (.NET 6.0.31; Microsoft Windows 10.0.22635)",
        "x-ms-client-request-id": "Sanitized",
        "x-ms-return-client-request-id": "true",
        "x-ms-version": "2024-08-04"
      },
      "RequestBody": null,
      "StatusCode": 200,
      "ResponseHeaders": {
        "Cache-Control": "no-cache",
        "Content-Disposition": "inline",
        "Content-Language": [
          "en-US",
          "en-CA"
        ],
        "Content-Length": "0",
        "Content-Type": "application/octet-stream",
        "Date": "Tue, 02 Jul 2024 20:57:17 GMT",
        "ETag": "\"0x8DC9AD98F5B336C\"",
        "Last-Modified": "Tue, 02 Jul 2024 20:57:18 GMT",
        "Server": [
          "Windows-Azure-File/1.0",
          "Microsoft-HTTPAPI/2.0"
        ],
        "Vary": "Origin",
        "x-ms-client-request-id": "Sanitized",
        "x-ms-file-attributes": "Archive",
        "x-ms-file-change-time": "2024-04-01T13:30:03.0000000Z",
        "x-ms-file-creation-time": "2024-04-01T09:05:55.0000000Z",
        "x-ms-file-id": "13835128424026341376",
        "x-ms-file-last-write-time": "2024-04-01T12:16:06.0000000Z",
        "x-ms-file-parent-id": "0",
        "x-ms-file-permission-key": "17577599263235020033*1287379445297103284",
        "x-ms-lease-state": "available",
        "x-ms-lease-status": "unlocked",
        "x-ms-meta-Capital": "letter",
        "x-ms-meta-foo": "bar",
        "x-ms-meta-meta": "data",
        "x-ms-meta-UPPER": "case",
        "x-ms-request-id": "d0b9aede-901a-004f-47c2-cc04b5000000",
        "x-ms-server-encrypted": "true",
        "x-ms-type": "File",
        "x-ms-version": "2024-08-04"
      },
      "ResponseBody": null
    },
    {
      "RequestUri": "https://amandadev2.file.core.windows.net/test-share-612101c6-9ce2-eabb-5ce9-200639701c67?sv=Sanitized&se=2024-07-03T20%3A57%3A19Z&sr=s&sp=rcwdl&sig=Sanitized&restype=share&comp=filepermission",
      "RequestMethod": "GET",
      "RequestHeaders": {
        "Accept": "application/json",
        "traceparent": "00-f53f6e59556dc3f21b1f6aad911305bd-bac43ad69cb47d8b-00",
        "User-Agent": "azsdk-net-Storage.Files.Shares/12.19.0-alpha.20240702.1 (.NET 6.0.31; Microsoft Windows 10.0.22635)",
        "x-ms-client-request-id": "Sanitized",
        "x-ms-file-permission-key": "17577599263235020033*1287379445297103284",
        "x-ms-return-client-request-id": "true",
        "x-ms-version": "2024-08-04"
      },
      "RequestBody": null,
      "StatusCode": 200,
      "ResponseHeaders": {
        "Access-Control-Allow-Origin": "*",
        "Content-Length": "204",
        "Date": "Tue, 02 Jul 2024 20:57:17 GMT",
        "Server": [
          "Windows-Azure-File/1.0",
          "Microsoft-HTTPAPI/2.0"
        ],
        "x-ms-client-request-id": "Sanitized",
        "x-ms-request-id": "d0b9aedf-901a-004f-48c2-cc04b5000000",
        "x-ms-version": "2024-08-04"
      },
      "ResponseBody": "eyJwZXJtaXNzaW9uIjoiTzpTLTEtNS0yMS0yMTI3NTIxMTg0LTE2MDQwMTI5MjAtMTg4NzkyNzUyNy0yMTU2MDc1MUc6Uy0xLTUtMjEtMjEyNzUyMTE4NC0xNjA0MDEyOTIwLTE4ODc5Mjc1MjctNTEzRDooQTs7RkE7OztTWSkoQTs7RkE7OztCQSkoQTs7MHgxMjAwYTk7OztTLTEtNS0yMS0zOTc5NTU0MTctNjI2ODgxMTI2LTE4ODQ0MTQ0NC0zMDUzOTY0KSJ9"
    },
    {
      "RequestUri": "https://amandadev2.file.core.windows.net/test-share-18f44e8a-d6cd-f546-fe40-42b7d803de0d?sv=Sanitized&se=2024-07-03T20%3A57%3A19Z&sr=s&sp=rcwdl&sig=Sanitized&restype=share&comp=filepermission",
      "RequestMethod": "PUT",
      "RequestHeaders": {
        "Accept": "application/xml",
        "Content-Length": "204",
        "Content-Type": "application/json",
        "traceparent": "00-931b443fce42d16288d66087e784e7fe-61fd24c1567e62ec-00",
        "User-Agent": "azsdk-net-Storage.Files.Shares/12.19.0-alpha.20240702.1 (.NET 6.0.31; Microsoft Windows 10.0.22635)",
        "x-ms-client-request-id": "Sanitized",
        "x-ms-return-client-request-id": "true",
        "x-ms-version": "2024-08-04"
      },
      "RequestBody": {
        "permission": "O:S-1-5-21-2127521184-1604012920-1887927527-21560751G:S-1-5-21-2127521184-1604012920-1887927527-513D:(A;;FA;;;SY)(A;;FA;;;BA)(A;;0x1200a9;;;S-1-5-21-397955417-626881126-188441444-3053964)"
      },
      "StatusCode": 201,
      "ResponseHeaders": {
        "Date": "Tue, 02 Jul 2024 20:57:18 GMT",
        "Server": [
          "Windows-Azure-File/1.0",
          "Microsoft-HTTPAPI/2.0"
        ],
        "Transfer-Encoding": "chunked",
        "x-ms-client-request-id": "Sanitized",
        "x-ms-file-permission-key": "6435248989722827441*1287379445297103284",
        "x-ms-request-id": "d0b9aee1-901a-004f-4ac2-cc04b5000000",
        "x-ms-version": "2024-08-04"
      },
      "ResponseBody": null
    },
    {
      "RequestUri": "https://amandadev2.file.core.windows.net/test-share-612101c6-9ce2-eabb-5ce9-200639701c67/test-file-4b5cf6dc-5d42-9ad7-183a-0f64e13929ed?sv=Sanitized&se=2024-07-03T20%3A57%3A19Z&sr=s&sp=rcwdl&sig=Sanitized",
      "RequestMethod": "HEAD",
      "RequestHeaders": {
        "Accept": "application/xml",
        "traceparent": "00-2e04e6fc561e89df903a448fa278f74b-a88c9b229924a09d-00",
        "User-Agent": "azsdk-net-Storage.Files.Shares/12.19.0-alpha.20240702.1 (.NET 6.0.31; Microsoft Windows 10.0.22635)",
        "x-ms-client-request-id": "Sanitized",
        "x-ms-return-client-request-id": "true",
        "x-ms-version": "2024-08-04"
      },
      "RequestBody": null,
      "StatusCode": 200,
      "ResponseHeaders": {
        "Cache-Control": "no-cache",
        "Content-Disposition": "inline",
        "Content-Language": [
          "en-US",
          "en-CA"
        ],
        "Content-Length": "0",
        "Content-Type": "application/octet-stream",
        "Date": "Tue, 02 Jul 2024 20:57:18 GMT",
        "ETag": "\"0x8DC9AD98F5B336C\"",
        "Last-Modified": "Tue, 02 Jul 2024 20:57:18 GMT",
        "Server": [
          "Windows-Azure-File/1.0",
          "Microsoft-HTTPAPI/2.0"
        ],
        "Vary": "Origin",
        "x-ms-client-request-id": "Sanitized",
        "x-ms-file-attributes": "Archive",
        "x-ms-file-change-time": "2024-04-01T13:30:03.0000000Z",
        "x-ms-file-creation-time": "2024-04-01T09:05:55.0000000Z",
        "x-ms-file-id": "13835128424026341376",
        "x-ms-file-last-write-time": "2024-04-01T12:16:06.0000000Z",
        "x-ms-file-parent-id": "0",
        "x-ms-file-permission-key": "17577599263235020033*1287379445297103284",
        "x-ms-lease-state": "available",
        "x-ms-lease-status": "unlocked",
        "x-ms-meta-Capital": "letter",
        "x-ms-meta-foo": "bar",
        "x-ms-meta-meta": "data",
        "x-ms-meta-UPPER": "case",
        "x-ms-request-id": "d0b9aee3-901a-004f-4cc2-cc04b5000000",
        "x-ms-server-encrypted": "true",
        "x-ms-type": "File",
        "x-ms-version": "2024-08-04"
      },
      "ResponseBody": null
    },
    {
      "RequestUri": "https://amandadev2.file.core.windows.net/test-share-18f44e8a-d6cd-f546-fe40-42b7d803de0d/test-file-48ea4024-c4df-bc91-4201-e4a012f9d7d2?sv=Sanitized&se=2024-07-03T20%3A57%3A19Z&sr=s&sp=rcwdl&sig=Sanitized",
      "RequestMethod": "HEAD",
      "RequestHeaders": {
        "Accept": "application/xml",
        "traceparent": "00-5eb041792d8003de622f028efaaa1781-aba763e26bf1c256-00",
        "User-Agent": "azsdk-net-Storage.Files.Shares/12.19.0-alpha.20240702.1 (.NET 6.0.31; Microsoft Windows 10.0.22635)",
        "x-ms-client-request-id": "Sanitized",
        "x-ms-return-client-request-id": "true",
        "x-ms-version": "2024-08-04"
      },
      "RequestBody": null,
      "StatusCode": 404,
      "ResponseHeaders": {
        "Date": "Tue, 02 Jul 2024 20:57:18 GMT",
        "Server": [
          "Windows-Azure-File/1.0",
          "Microsoft-HTTPAPI/2.0"
        ],
        "Transfer-Encoding": "chunked",
        "Vary": "Origin",
        "x-ms-client-request-id": "Sanitized",
        "x-ms-error-code": "ResourceNotFound",
        "x-ms-request-id": "d0b9aee4-901a-004f-4dc2-cc04b5000000",
        "x-ms-version": "2024-08-04"
      },
      "ResponseBody": null
    },
    {
      "RequestUri": "https://amandadev2.file.core.windows.net/test-share-18f44e8a-d6cd-f546-fe40-42b7d803de0d/test-file-48ea4024-c4df-bc91-4201-e4a012f9d7d2?sv=Sanitized&se=2024-07-03T20%3A57%3A19Z&sr=s&sp=rcwdl&sig=Sanitized",
      "RequestMethod": "PUT",
      "RequestHeaders": {
        "Accept": "application/xml",
        "Content-Length": "0",
        "traceparent": "00-a59fab353d16eca5460dc065e90dbf63-2cda552d6d333361-00",
        "User-Agent": "azsdk-net-Storage.Files.Shares/12.19.0-alpha.20240702.1 (.NET 6.0.31; Microsoft Windows 10.0.22635)",
        "x-ms-cache-control": "no-cache",
        "x-ms-client-request-id": "Sanitized",
        "x-ms-content-disposition": "inline",
        "x-ms-content-language": "en-US,en-CA",
        "x-ms-content-length": "0",
        "x-ms-content-type": "application/octet-stream",
        "x-ms-file-attributes": "Archive",
        "x-ms-file-change-time": "2024-04-01T13:30:03.0000000Z",
        "x-ms-file-creation-time": "2024-04-01T09:05:55.0000000Z",
        "x-ms-file-last-write-time": "2024-04-01T12:16:06.0000000Z",
        "x-ms-file-permission-key": "6435248989722827441*1287379445297103284",
        "x-ms-meta-Capital": "letter",
        "x-ms-meta-foo": "bar",
        "x-ms-meta-meta": "data",
        "x-ms-meta-UPPER": "case",
        "x-ms-return-client-request-id": "true",
        "x-ms-type": "file",
        "x-ms-version": "2024-08-04"
      },
      "RequestBody": null,
      "StatusCode": 201,
      "ResponseHeaders": {
        "Content-Length": "0",
        "Date": "Tue, 02 Jul 2024 20:57:18 GMT",
        "ETag": "\"0x8DC9AD98FA24483\"",
        "Last-Modified": "Tue, 02 Jul 2024 20:57:18 GMT",
        "Server": [
          "Windows-Azure-File/1.0",
          "Microsoft-HTTPAPI/2.0"
        ],
        "x-ms-client-request-id": "Sanitized",
        "x-ms-file-attributes": "Archive",
        "x-ms-file-change-time": "2024-04-01T13:30:03.0000000Z",
        "x-ms-file-creation-time": "2024-04-01T09:05:55.0000000Z",
        "x-ms-file-id": "13835128424026341376",
        "x-ms-file-last-write-time": "2024-04-01T12:16:06.0000000Z",
        "x-ms-file-parent-id": "0",
        "x-ms-file-permission-key": "17577599263235020033*1287379445297103284",
        "x-ms-request-id": "d0b9aee5-901a-004f-4ec2-cc04b5000000",
        "x-ms-request-server-encrypted": "true",
        "x-ms-version": "2024-08-04"
      },
      "ResponseBody": null
    },
    {
      "RequestUri": "https://amandadev2.file.core.windows.net/test-share-612101c6-9ce2-eabb-5ce9-200639701c67/test-file-4b5cf6dc-5d42-9ad7-183a-0f64e13929ed?sv=Sanitized&se=2024-07-03T20%3A57%3A19Z&sr=s&sp=rcwdl&sig=Sanitized",
      "RequestMethod": "HEAD",
      "RequestHeaders": {
        "Accept": "application/xml",
        "traceparent": "00-5f4fff820dda881b2affb98f6e97aba0-f83d9ee4dfe4fc40-00",
        "User-Agent": "azsdk-net-Storage.Files.Shares/12.19.0-alpha.20240702.1 (.NET 6.0.31; Microsoft Windows 10.0.22635)",
        "x-ms-client-request-id": "Sanitized",
        "x-ms-return-client-request-id": "true",
        "x-ms-version": "2024-08-04"
      },
      "RequestBody": null,
      "StatusCode": 200,
      "ResponseHeaders": {
        "Cache-Control": "no-cache",
        "Content-Disposition": "inline",
        "Content-Language": [
          "en-US",
          "en-CA"
        ],
        "Content-Length": "0",
        "Content-Type": "application/octet-stream",
        "Date": "Tue, 02 Jul 2024 20:57:18 GMT",
        "ETag": "\"0x8DC9AD98F5B336C\"",
        "Last-Modified": "Tue, 02 Jul 2024 20:57:18 GMT",
        "Server": [
          "Windows-Azure-File/1.0",
          "Microsoft-HTTPAPI/2.0"
        ],
        "Vary": "Origin",
        "x-ms-client-request-id": "Sanitized",
        "x-ms-file-attributes": "Archive",
        "x-ms-file-change-time": "2024-04-01T13:30:03.0000000Z",
        "x-ms-file-creation-time": "2024-04-01T09:05:55.0000000Z",
        "x-ms-file-id": "13835128424026341376",
        "x-ms-file-last-write-time": "2024-04-01T12:16:06.0000000Z",
        "x-ms-file-parent-id": "0",
        "x-ms-file-permission-key": "17577599263235020033*1287379445297103284",
        "x-ms-lease-state": "available",
        "x-ms-lease-status": "unlocked",
        "x-ms-meta-Capital": "letter",
        "x-ms-meta-foo": "bar",
        "x-ms-meta-meta": "data",
        "x-ms-meta-UPPER": "case",
        "x-ms-request-id": "d0b9aee6-901a-004f-4fc2-cc04b5000000",
        "x-ms-server-encrypted": "true",
        "x-ms-type": "File",
        "x-ms-version": "2024-08-04"
      },
      "ResponseBody": null
    },
    {
      "RequestUri": "https://amandadev2.file.core.windows.net/test-share-18f44e8a-d6cd-f546-fe40-42b7d803de0d/test-file-48ea4024-c4df-bc91-4201-e4a012f9d7d2?sv=Sanitized&se=2024-07-03T20%3A57%3A19Z&sr=s&sp=rcwdl&sig=Sanitized",
      "RequestMethod": "HEAD",
      "RequestHeaders": {
        "Accept": "application/xml",
        "traceparent": "00-a74c01d82e6f68b99718127b65885bb8-d38405ef104b7676-00",
        "User-Agent": "azsdk-net-Storage.Files.Shares/12.19.0-alpha.20240702.1 (.NET 6.0.31; Microsoft Windows 10.0.22635)",
        "x-ms-client-request-id": "Sanitized",
        "x-ms-return-client-request-id": "true",
        "x-ms-version": "2024-08-04"
      },
      "RequestBody": null,
      "StatusCode": 200,
      "ResponseHeaders": {
        "Cache-Control": "no-cache",
        "Content-Disposition": "inline",
        "Content-Language": [
          "en-US",
          "en-CA"
        ],
        "Content-Length": "0",
        "Content-Type": "application/octet-stream",
        "Date": "Tue, 02 Jul 2024 20:57:18 GMT",
        "ETag": "\"0x8DC9AD98FA24483\"",
        "Last-Modified": "Tue, 02 Jul 2024 20:57:18 GMT",
        "Server": [
          "Windows-Azure-File/1.0",
          "Microsoft-HTTPAPI/2.0"
        ],
        "Vary": "Origin",
        "x-ms-client-request-id": "Sanitized",
        "x-ms-file-attributes": "Archive",
        "x-ms-file-change-time": "2024-04-01T13:30:03.0000000Z",
        "x-ms-file-creation-time": "2024-04-01T09:05:55.0000000Z",
        "x-ms-file-id": "13835128424026341376",
        "x-ms-file-last-write-time": "2024-04-01T12:16:06.0000000Z",
        "x-ms-file-parent-id": "0",
        "x-ms-file-permission-key": "17577599263235020033*1287379445297103284",
        "x-ms-lease-state": "available",
        "x-ms-lease-status": "unlocked",
        "x-ms-meta-Capital": "letter",
        "x-ms-meta-foo": "bar",
        "x-ms-meta-meta": "data",
        "x-ms-meta-UPPER": "case",
        "x-ms-request-id": "d0b9aee7-901a-004f-50c2-cc04b5000000",
        "x-ms-server-encrypted": "true",
        "x-ms-type": "File",
        "x-ms-version": "2024-08-04"
      },
      "ResponseBody": null
    },
    {
      "RequestUri": "https://amandadev2.file.core.windows.net/test-share-612101c6-9ce2-eabb-5ce9-200639701c67/test-file-4b5cf6dc-5d42-9ad7-183a-0f64e13929ed?sv=Sanitized&se=2024-07-03T20%3A57%3A19Z&sr=s&sp=rcwdl&sig=Sanitized",
      "RequestMethod": "HEAD",
      "RequestHeaders": {
        "Accept": "application/xml",
        "traceparent": "00-68b857185bcedfe1209a98dcff6f7c1b-e2ad5a2e5a261aa9-00",
        "User-Agent": "azsdk-net-Storage.Files.Shares/12.19.0-alpha.20240702.1 (.NET 6.0.31; Microsoft Windows 10.0.22635)",
        "x-ms-client-request-id": "Sanitized",
        "x-ms-return-client-request-id": "true",
        "x-ms-version": "2024-08-04"
      },
      "RequestBody": null,
      "StatusCode": 200,
      "ResponseHeaders": {
        "Cache-Control": "no-cache",
        "Content-Disposition": "inline",
        "Content-Language": [
          "en-US",
          "en-CA"
        ],
        "Content-Length": "0",
        "Content-Type": "application/octet-stream",
        "Date": "Tue, 02 Jul 2024 20:57:18 GMT",
        "ETag": "\"0x8DC9AD98F5B336C\"",
        "Last-Modified": "Tue, 02 Jul 2024 20:57:18 GMT",
        "Server": [
          "Windows-Azure-File/1.0",
          "Microsoft-HTTPAPI/2.0"
        ],
        "Vary": "Origin",
        "x-ms-client-request-id": "Sanitized",
        "x-ms-file-attributes": "Archive",
        "x-ms-file-change-time": "2024-04-01T13:30:03.0000000Z",
        "x-ms-file-creation-time": "2024-04-01T09:05:55.0000000Z",
        "x-ms-file-id": "13835128424026341376",
        "x-ms-file-last-write-time": "2024-04-01T12:16:06.0000000Z",
        "x-ms-file-parent-id": "0",
        "x-ms-file-permission-key": "17577599263235020033*1287379445297103284",
        "x-ms-lease-state": "available",
        "x-ms-lease-status": "unlocked",
        "x-ms-meta-Capital": "letter",
        "x-ms-meta-foo": "bar",
        "x-ms-meta-meta": "data",
        "x-ms-meta-UPPER": "case",
        "x-ms-request-id": "d0b9aee8-901a-004f-51c2-cc04b5000000",
        "x-ms-server-encrypted": "true",
        "x-ms-type": "File",
        "x-ms-version": "2024-08-04"
      },
      "ResponseBody": null
    },
    {
      "RequestUri": "https://amandadev2.file.core.windows.net/test-share-18f44e8a-d6cd-f546-fe40-42b7d803de0d/test-file-48ea4024-c4df-bc91-4201-e4a012f9d7d2?sv=Sanitized&se=2024-07-03T20%3A57%3A19Z&sr=s&sp=rcwdl&sig=Sanitized",
      "RequestMethod": "HEAD",
      "RequestHeaders": {
        "Accept": "application/xml",
        "traceparent": "00-e2b5f899d2f70d255612326dbf6c4cf5-0700c2d516086d6b-00",
        "User-Agent": "azsdk-net-Storage.Files.Shares/12.19.0-alpha.20240702.1 (.NET 6.0.31; Microsoft Windows 10.0.22635)",
        "x-ms-client-request-id": "Sanitized",
        "x-ms-return-client-request-id": "true",
        "x-ms-version": "2024-08-04"
      },
      "RequestBody": null,
      "StatusCode": 200,
      "ResponseHeaders": {
        "Cache-Control": "no-cache",
        "Content-Disposition": "inline",
        "Content-Language": [
          "en-US",
          "en-CA"
        ],
        "Content-Length": "0",
        "Content-Type": "application/octet-stream",
        "Date": "Tue, 02 Jul 2024 20:57:18 GMT",
        "ETag": "\"0x8DC9AD98FA24483\"",
        "Last-Modified": "Tue, 02 Jul 2024 20:57:18 GMT",
        "Server": [
          "Windows-Azure-File/1.0",
          "Microsoft-HTTPAPI/2.0"
        ],
        "Vary": "Origin",
        "x-ms-client-request-id": "Sanitized",
        "x-ms-file-attributes": "Archive",
        "x-ms-file-change-time": "2024-04-01T13:30:03.0000000Z",
        "x-ms-file-creation-time": "2024-04-01T09:05:55.0000000Z",
        "x-ms-file-id": "13835128424026341376",
        "x-ms-file-last-write-time": "2024-04-01T12:16:06.0000000Z",
        "x-ms-file-parent-id": "0",
        "x-ms-file-permission-key": "17577599263235020033*1287379445297103284",
        "x-ms-lease-state": "available",
        "x-ms-lease-status": "unlocked",
        "x-ms-meta-Capital": "letter",
        "x-ms-meta-foo": "bar",
        "x-ms-meta-meta": "data",
        "x-ms-meta-UPPER": "case",
        "x-ms-request-id": "d0b9aee9-901a-004f-52c2-cc04b5000000",
        "x-ms-server-encrypted": "true",
        "x-ms-type": "File",
        "x-ms-version": "2024-08-04"
      },
      "ResponseBody": null
    },
    {
      "RequestUri": "https://amandadev2.file.core.windows.net/test-share-612101c6-9ce2-eabb-5ce9-200639701c67?sv=Sanitized&se=2024-07-03T20%3A57%3A19Z&sr=s&sp=rcwdl&sig=Sanitized&restype=share&comp=filepermission",
      "RequestMethod": "GET",
      "RequestHeaders": {
        "Accept": "application/json",
        "traceparent": "00-f987c46c5008963261c2b21f54d6232b-5c3d99579c0d455d-00",
        "User-Agent": "azsdk-net-Storage.Files.Shares/12.19.0-alpha.20240702.1 (.NET 6.0.31; Microsoft Windows 10.0.22635)",
        "x-ms-client-request-id": "Sanitized",
        "x-ms-file-permission-key": "17577599263235020033*1287379445297103284",
        "x-ms-return-client-request-id": "true",
        "x-ms-version": "2024-08-04"
      },
      "RequestBody": null,
      "StatusCode": 200,
      "ResponseHeaders": {
        "Access-Control-Allow-Origin": "*",
        "Content-Length": "204",
        "Date": "Tue, 02 Jul 2024 20:57:18 GMT",
        "Server": [
          "Windows-Azure-File/1.0",
          "Microsoft-HTTPAPI/2.0"
        ],
        "x-ms-client-request-id": "Sanitized",
        "x-ms-request-id": "d0b9aeea-901a-004f-53c2-cc04b5000000",
        "x-ms-version": "2024-08-04"
      },
      "ResponseBody": "eyJwZXJtaXNzaW9uIjoiTzpTLTEtNS0yMS0yMTI3NTIxMTg0LTE2MDQwMTI5MjAtMTg4NzkyNzUyNy0yMTU2MDc1MUc6Uy0xLTUtMjEtMjEyNzUyMTE4NC0xNjA0MDEyOTIwLTE4ODc5Mjc1MjctNTEzRDooQTs7RkE7OztTWSkoQTs7RkE7OztCQSkoQTs7MHgxMjAwYTk7OztTLTEtNS0yMS0zOTc5NTU0MTctNjI2ODgxMTI2LTE4ODQ0MTQ0NC0zMDUzOTY0KSJ9"
    },
    {
      "RequestUri": "https://amandadev2.file.core.windows.net/test-share-18f44e8a-d6cd-f546-fe40-42b7d803de0d?sv=Sanitized&se=2024-07-03T20%3A57%3A19Z&sr=s&sp=rcwdl&sig=Sanitized&restype=share&comp=filepermission",
      "RequestMethod": "GET",
      "RequestHeaders": {
        "Accept": "application/json",
        "traceparent": "00-424ed6bd0d3cdc4623c9d06c97a3ee49-108ff46369862683-00",
        "User-Agent": "azsdk-net-Storage.Files.Shares/12.19.0-alpha.20240702.1 (.NET 6.0.31; Microsoft Windows 10.0.22635)",
        "x-ms-client-request-id": "Sanitized",
        "x-ms-file-permission-key": "17577599263235020033*1287379445297103284",
        "x-ms-return-client-request-id": "true",
        "x-ms-version": "2024-08-04"
      },
      "RequestBody": null,
      "StatusCode": 200,
      "ResponseHeaders": {
        "Access-Control-Allow-Origin": "*",
        "Content-Length": "204",
        "Date": "Tue, 02 Jul 2024 20:57:18 GMT",
        "Server": [
          "Windows-Azure-File/1.0",
          "Microsoft-HTTPAPI/2.0"
        ],
        "x-ms-client-request-id": "Sanitized",
        "x-ms-request-id": "d0b9aeeb-901a-004f-54c2-cc04b5000000",
        "x-ms-version": "2024-08-04"
      },
      "ResponseBody": "eyJwZXJtaXNzaW9uIjoiTzpTLTEtNS0yMS0yMTI3NTIxMTg0LTE2MDQwMTI5MjAtMTg4NzkyNzUyNy0yMTU2MDc1MUc6Uy0xLTUtMjEtMjEyNzUyMTE4NC0xNjA0MDEyOTIwLTE4ODc5Mjc1MjctNTEzRDooQTs7RkE7OztTWSkoQTs7RkE7OztCQSkoQTs7MHgxMjAwYTk7OztTLTEtNS0yMS0zOTc5NTU0MTctNjI2ODgxMTI2LTE4ODQ0MTQ0NC0zMDUzOTY0KSJ9"
    },
    {
      "RequestUri": "https://amandadev2.file.core.windows.net/test-share-18f44e8a-d6cd-f546-fe40-42b7d803de0d?restype=share",
      "RequestMethod": "DELETE",
      "RequestHeaders": {
        "Accept": "application/xml",
        "Authorization": "Sanitized",
        "traceparent": "00-127476dee22b7e781aacd94cf609acf5-e91aa15b9802dcb7-00",
        "User-Agent": "azsdk-net-Storage.Files.Shares/12.19.0-alpha.20240702.1 (.NET 6.0.31; Microsoft Windows 10.0.22635)",
        "x-ms-client-request-id": "Sanitized",
        "x-ms-date": "Tue, 02 Jul 2024 20:57:20 GMT",
        "x-ms-delete-snapshots": "include",
        "x-ms-return-client-request-id": "true",
        "x-ms-version": "2024-08-04"
      },
      "RequestBody": null,
      "StatusCode": 202,
      "ResponseHeaders": {
        "Content-Length": "0",
        "Date": "Tue, 02 Jul 2024 20:57:18 GMT",
        "Server": [
          "Windows-Azure-File/1.0",
          "Microsoft-HTTPAPI/2.0"
        ],
        "x-ms-client-request-id": "Sanitized",
        "x-ms-request-id": "d0b9aeec-901a-004f-55c2-cc04b5000000",
        "x-ms-version": "2024-08-04"
      },
      "ResponseBody": null
    },
    {
      "RequestUri": "https://amandadev2.file.core.windows.net/test-share-612101c6-9ce2-eabb-5ce9-200639701c67?restype=share",
      "RequestMethod": "DELETE",
      "RequestHeaders": {
        "Accept": "application/xml",
        "Authorization": "Sanitized",
        "traceparent": "00-cae6e30a170e72758062cb25cd798fec-762aa2cfe40fdf36-00",
        "User-Agent": "azsdk-net-Storage.Files.Shares/12.19.0-alpha.20240702.1 (.NET 6.0.31; Microsoft Windows 10.0.22635)",
        "x-ms-client-request-id": "Sanitized",
        "x-ms-date": "Tue, 02 Jul 2024 20:57:20 GMT",
        "x-ms-delete-snapshots": "include",
        "x-ms-return-client-request-id": "true",
        "x-ms-version": "2024-08-04"
      },
      "RequestBody": null,
      "StatusCode": 202,
      "ResponseHeaders": {
        "Content-Length": "0",
        "Date": "Tue, 02 Jul 2024 20:57:18 GMT",
        "Server": [
          "Windows-Azure-File/1.0",
          "Microsoft-HTTPAPI/2.0"
        ],
        "x-ms-client-request-id": "Sanitized",
        "x-ms-request-id": "d0b9aeed-901a-004f-56c2-cc04b5000000",
        "x-ms-version": "2024-08-04"
      },
      "ResponseBody": null
    }
  ],
  "Variables": {
    "DateTimeOffsetNow": "2024-07-02T13:57:19.9091639-07:00",
    "RandomSeed": "1440481016",
    "Storage_TestConfigDefault": "ProductionTenant\namandadev2\nU2FuaXRpemVk\nhttps://amandadev2.blob.core.windows.net\nhttps://amandadev2.file.core.windows.net\nhttps://amandadev2.queue.core.windows.net\nhttps://amandadev2.table.core.windows.net\n\n\n\n\nhttps://amandadev2-secondary.blob.core.windows.net\nhttps://amandadev2-secondary.file.core.windows.net\nhttps://amandadev2-secondary.queue.core.windows.net\nhttps://amandadev2-secondary.table.core.windows.net\n\nSanitized\n\n\nCloud\nBlobEndpoint=https://amandadev2.blob.core.windows.net/;QueueEndpoint=https://amandadev2.queue.core.windows.net/;FileEndpoint=https://amandadev2.file.core.windows.net/;BlobSecondaryEndpoint=https://amandadev2-secondary.blob.core.windows.net/;QueueSecondaryEndpoint=https://amandadev2-secondary.queue.core.windows.net/;FileSecondaryEndpoint=https://amandadev2-secondary.file.core.windows.net/;AccountName=amandadev2;AccountKey=Sanitized\nencryptionScope\n\n"
  }
}
