{
  "Entries": [
    {
      "RequestUri": "https://nickliupremiumfileacc.file.core.windows.net/test-share-8810c78a-83a6-af03-fdaa-933da891d1d2?sv=Sanitized&ss=f&srt=sco&se=2025-07-18T01%3A07%3A38Z&sp=rwdxylacuptfi&sig=Sanitized&restype=share",
      "RequestMethod": "PUT",
      "RequestHeaders": {
        "Accept": "application/xml",
        "Content-Length": "0",
        "traceparent": "00-5fa3fd3a44315d0808f988afd4740983-e7fb5df9859a5c94-00",
        "User-Agent": "azsdk-net-Storage.Files.Shares/12.24.0-alpha.20250716.1 (.NET 8.0.18; Microsoft Windows 10.0.26100)",
        "x-ms-client-request-id": "Sanitized",
        "x-ms-enabled-protocols": "NFS",
        "x-ms-return-client-request-id": "true",
        "x-ms-version": "2025-11-05"
      },
      "RequestBody": null,
      "StatusCode": 201,
      "ResponseHeaders": {
        "Content-Length": "0",
        "Date": "Thu, 17 Jul 2025 01:07:37 GMT",
        "ETag": "\"0x8DDC4CE526B2417\"",
        "Last-Modified": "Thu, 17 Jul 2025 01:07:38 GMT",
        "Server": [
          "Windows-Azure-File/1.0",
          "Microsoft-HTTPAPI/2.0"
        ],
        "x-ms-client-request-id": "Sanitized",
        "x-ms-request-id": "3658f97e-801a-00a3-08b7-f63e2b000000",
        "x-ms-version": "2025-11-05"
      },
      "ResponseBody": null
    },
    {
      "RequestUri": "https://nickliupremiumfileacc.file.core.windows.net/test-share-04b3163d-5e1e-29b3-95d6-3e0eda4e7dce?sv=Sanitized&ss=f&srt=sco&se=2025-07-18T01%3A07%3A38Z&sp=rwdxylacuptfi&sig=Sanitized&restype=share",
      "RequestMethod": "PUT",
      "RequestHeaders": {
        "Accept": "application/xml",
        "Content-Length": "0",
        "traceparent": "00-1b991d8c36ccd1ac6ca25719ab2be96b-19029f8ea3964ebe-00",
        "User-Agent": "azsdk-net-Storage.Files.Shares/12.24.0-alpha.20250716.1 (.NET 8.0.18; Microsoft Windows 10.0.26100)",
        "x-ms-client-request-id": "Sanitized",
        "x-ms-enabled-protocols": "NFS",
        "x-ms-return-client-request-id": "true",
        "x-ms-version": "2025-11-05"
      },
      "RequestBody": null,
      "StatusCode": 201,
      "ResponseHeaders": {
        "Content-Length": "0",
        "Date": "Thu, 17 Jul 2025 01:07:37 GMT",
        "ETag": "\"0x8DDC4CE5270DF42\"",
        "Last-Modified": "Thu, 17 Jul 2025 01:07:38 GMT",
        "Server": [
          "Windows-Azure-File/1.0",
          "Microsoft-HTTPAPI/2.0"
        ],
        "x-ms-client-request-id": "Sanitized",
        "x-ms-request-id": "3658f981-801a-00a3-09b7-f63e2b000000",
        "x-ms-version": "2025-11-05"
      },
      "ResponseBody": null
    },
    {
      "RequestUri": "https://nickliupremiumfileacc.file.core.windows.net/test-share-8810c78a-83a6-af03-fdaa-933da891d1d2/test-file-a16f8b33-e96c-c56c-affb-33fae03c228f?sv=Sanitized&ss=f&srt=sco&se=2025-07-18T01%3A07%3A38Z&sp=rwdxylacuptfi&sig=Sanitized",
      "RequestMethod": "PUT",
      "RequestHeaders": {
        "Accept": "application/xml",
        "Content-Length": "0",
        "traceparent": "00-e5a7b7b756a71e3073f8c6d2e8e0939c-24f7f80a8e95ae37-00",
        "User-Agent": "azsdk-net-Storage.Files.Shares/12.24.0-alpha.20250716.1 (.NET 8.0.18; Microsoft Windows 10.0.26100)",
        "x-ms-cache-control": "private",
        "x-ms-client-request-id": "Sanitized",
        "x-ms-content-disposition": "attachment",
        "x-ms-content-language": "fr-FR",
        "x-ms-content-length": "1024",
        "x-ms-file-creation-time": "2024-05-01T10:00:00.0000000Z",
        "x-ms-file-last-write-time": "2024-05-01T11:00:00.0000000Z",
        "x-ms-group": "123",
        "x-ms-meta-src": "nfs",
        "x-ms-mode": "1777",
        "x-ms-owner": "345",
        "x-ms-return-client-request-id": "true",
        "x-ms-type": "file",
        "x-ms-version": "2025-11-05"
      },
      "RequestBody": null,
      "StatusCode": 201,
      "ResponseHeaders": {
        "Content-Length": "0",
        "Date": "Thu, 17 Jul 2025 01:07:37 GMT",
        "ETag": "\"0x8DDC4CE52759138\"",
        "Last-Modified": "Thu, 17 Jul 2025 01:07:38 GMT",
        "Server": [
          "Windows-Azure-File/1.0",
          "Microsoft-HTTPAPI/2.0"
        ],
        "x-ms-client-request-id": "Sanitized",
        "x-ms-file-change-time": "2025-07-17T01:07:38.2222136Z",
        "x-ms-file-creation-time": "2024-05-01T10:00:00.0000000Z",
        "x-ms-file-file-type": "Regular",
        "x-ms-file-id": "13835128424026341376",
        "x-ms-file-last-write-time": "2024-05-01T11:00:00.0000000Z",
        "x-ms-file-parent-id": "1",
        "x-ms-group": "123",
        "x-ms-mode": "1777",
        "x-ms-owner": "345",
        "x-ms-request-id": "3658f985-801a-00a3-0cb7-f63e2b000000",
        "x-ms-request-server-encrypted": "true",
        "x-ms-version": "2025-11-05"
      },
      "ResponseBody": null
    },
    {
      "RequestUri": "https://nickliupremiumfileacc.file.core.windows.net/test-share-8810c78a-83a6-af03-fdaa-933da891d1d2?sv=Sanitized&ss=f&srt=sco&se=2025-07-18T01%3A07%3A38Z&sp=rwdxylacuptfi&sig=Sanitized&restype=share",
      "RequestMethod": "GET",
      "RequestHeaders": {
        "Accept": "application/xml",
        "traceparent": "00-f0820c023dccd6c6637866a150ff9610-e9c52a3b0066c040-00",
        "User-Agent": "azsdk-net-Storage.Files.Shares/12.24.0-alpha.20250716.1 (.NET 8.0.18; Microsoft Windows 10.0.26100)",
        "x-ms-client-request-id": "Sanitized",
        "x-ms-return-client-request-id": "true",
        "x-ms-version": "2025-11-05"
      },
      "RequestBody": null,
      "StatusCode": 200,
      "ResponseHeaders": {
        "Content-Length": "0",
        "Date": "Thu, 17 Jul 2025 01:07:37 GMT",
        "ETag": "\"0x8DDC4CE526B2417\"",
        "Last-Modified": "Thu, 17 Jul 2025 01:07:38 GMT",
        "Server": [
          "Windows-Azure-File/1.0",
          "Microsoft-HTTPAPI/2.0"
        ],
        "x-ms-access-tier": "Premium",
        "x-ms-client-request-id": "Sanitized",
        "x-ms-enable-snapshot-virtual-directory-access": "true",
        "x-ms-enabled-protocols": "NFS",
        "x-ms-has-immutability-policy": "false",
        "x-ms-has-legal-hold": "false",
        "x-ms-lease-state": "available",
        "x-ms-lease-status": "unlocked",
        "x-ms-request-id": "3658f986-801a-00a3-0db7-f63e2b000000",
        "x-ms-root-squash": "NoRootSquash",
        "x-ms-share-next-allowed-quota-downgrade-time": "Thu, 17 Jul 2025 01:07:38 GMT",
        "x-ms-share-paid-bursting-enabled": "false",
        "x-ms-share-provisioned-bandwidth-mibps": "110",
        "x-ms-share-provisioned-egress-mbps": "110",
        "x-ms-share-provisioned-ingress-mbps": "110",
        "x-ms-share-provisioned-iops": "3100",
        "x-ms-share-quota": "100",
        "x-ms-version": "2025-11-05"
      },
      "ResponseBody": null
    },
    {
      "RequestUri": "https://nickliupremiumfileacc.file.core.windows.net/test-share-04b3163d-5e1e-29b3-95d6-3e0eda4e7dce?sv=Sanitized&ss=f&srt=sco&se=2025-07-18T01%3A07%3A38Z&sp=rwdxylacuptfi&sig=Sanitized&restype=share",
      "RequestMethod": "GET",
      "RequestHeaders": {
        "Accept": "application/xml",
        "traceparent": "00-f4d3f06a851bd44983e8dceb624c58d2-0058d5f97fca4e43-00",
        "User-Agent": "azsdk-net-Storage.Files.Shares/12.24.0-alpha.20250716.1 (.NET 8.0.18; Microsoft Windows 10.0.26100)",
        "x-ms-client-request-id": "Sanitized",
        "x-ms-return-client-request-id": "true",
        "x-ms-version": "2025-11-05"
      },
      "RequestBody": null,
      "StatusCode": 200,
      "ResponseHeaders": {
        "Content-Length": "0",
        "Date": "Thu, 17 Jul 2025 01:07:37 GMT",
        "ETag": "\"0x8DDC4CE5270DF42\"",
        "Last-Modified": "Thu, 17 Jul 2025 01:07:38 GMT",
        "Server": [
          "Windows-Azure-File/1.0",
          "Microsoft-HTTPAPI/2.0"
        ],
        "x-ms-access-tier": "Premium",
        "x-ms-client-request-id": "Sanitized",
        "x-ms-enable-snapshot-virtual-directory-access": "true",
        "x-ms-enabled-protocols": "NFS",
        "x-ms-has-immutability-policy": "false",
        "x-ms-has-legal-hold": "false",
        "x-ms-lease-state": "available",
        "x-ms-lease-status": "unlocked",
        "x-ms-request-id": "3658f98a-801a-00a3-11b7-f63e2b000000",
        "x-ms-root-squash": "NoRootSquash",
        "x-ms-share-next-allowed-quota-downgrade-time": "Thu, 17 Jul 2025 01:07:38 GMT",
        "x-ms-share-paid-bursting-enabled": "false",
        "x-ms-share-provisioned-bandwidth-mibps": "110",
        "x-ms-share-provisioned-egress-mbps": "110",
        "x-ms-share-provisioned-ingress-mbps": "110",
        "x-ms-share-provisioned-iops": "3100",
        "x-ms-share-quota": "100",
        "x-ms-version": "2025-11-05"
      },
      "ResponseBody": null
    },
    {
      "RequestUri": "https://nickliupremiumfileacc.file.core.windows.net/test-share-8810c78a-83a6-af03-fdaa-933da891d1d2/test-file-a16f8b33-e96c-c56c-affb-33fae03c228f?sv=Sanitized&ss=f&srt=sco&se=2025-07-18T01%3A07%3A38Z&sp=rwdxylacuptfi&sig=Sanitized",
      "RequestMethod": "HEAD",
      "RequestHeaders": {
        "Accept": "application/xml",
        "traceparent": "00-1951f8bace6b8dbc31517816e457b8f1-09d8cfb4549768fa-00",
        "User-Agent": "azsdk-net-Storage.Files.Shares/12.24.0-alpha.20250716.1 (.NET 8.0.18; Microsoft Windows 10.0.26100)",
        "x-ms-client-request-id": "Sanitized",
        "x-ms-return-client-request-id": "true",
        "x-ms-version": "2025-11-05"
      },
      "RequestBody": null,
      "StatusCode": 200,
      "ResponseHeaders": {
        "Cache-Control": "private",
        "Content-Disposition": "attachment",
        "Content-Language": "fr-FR",
        "Content-Length": "1024",
        "Content-Type": "application/octet-stream",
        "Date": "Thu, 17 Jul 2025 01:07:37 GMT",
        "ETag": "\"0x8DDC4CE52759138\"",
        "Last-Modified": "Thu, 17 Jul 2025 01:07:38 GMT",
        "Server": [
          "Windows-Azure-File/1.0",
          "Microsoft-HTTPAPI/2.0"
        ],
        "x-ms-client-request-id": "Sanitized",
        "x-ms-file-change-time": "2025-07-17T01:07:38.2222136Z",
        "x-ms-file-creation-time": "2024-05-01T10:00:00.0000000Z",
        "x-ms-file-file-type": "Regular",
        "x-ms-file-id": "13835128424026341376",
        "x-ms-file-last-write-time": "2024-05-01T11:00:00.0000000Z",
        "x-ms-file-parent-id": "1",
        "x-ms-group": "123",
        "x-ms-lease-state": "available",
        "x-ms-lease-status": "unlocked",
        "x-ms-link-count": "1",
        "x-ms-meta-src": "nfs",
        "x-ms-mode": "1777",
        "x-ms-owner": "345",
        "x-ms-request-id": "3658f98c-801a-00a3-12b7-f63e2b000000",
        "x-ms-server-encrypted": "true",
        "x-ms-type": "File",
        "x-ms-version": "2025-11-05"
      },
      "ResponseBody": null
    },
    {
      "RequestUri": "https://nickliupremiumfileacc.file.core.windows.net/test-share-04b3163d-5e1e-29b3-95d6-3e0eda4e7dce/test-file-e3b3338c-4a58-d180-379b-d07cb0610fdd?sv=Sanitized&ss=f&srt=sco&se=2025-07-18T01%3A07%3A38Z&sp=rwdxylacuptfi&sig=Sanitized",
      "RequestMethod": "HEAD",
      "RequestHeaders": {
        "Accept": "application/xml",
        "traceparent": "00-d51928ad0c7a98537ce0f03c09b2da38-c36859278bd5b03c-00",
        "User-Agent": "azsdk-net-Storage.Files.Shares/12.24.0-alpha.20250716.1 (.NET 8.0.18; Microsoft Windows 10.0.26100)",
        "x-ms-client-request-id": "Sanitized",
        "x-ms-return-client-request-id": "true",
        "x-ms-version": "2025-11-05"
      },
      "RequestBody": null,
      "StatusCode": 404,
      "ResponseHeaders": {
        "Date": "Thu, 17 Jul 2025 01:07:37 GMT",
        "Server": [
          "Windows-Azure-File/1.0",
          "Microsoft-HTTPAPI/2.0"
        ],
        "Transfer-Encoding": "chunked",
        "x-ms-client-request-id": "Sanitized",
        "x-ms-error-code": "ResourceNotFound",
        "x-ms-request-id": "3658f98e-801a-00a3-13b7-f63e2b000000",
        "x-ms-version": "2025-11-05"
      },
      "ResponseBody": null
    },
    {
      "RequestUri": "https://nickliupremiumfileacc.file.core.windows.net/test-share-04b3163d-5e1e-29b3-95d6-3e0eda4e7dce/test-file-e3b3338c-4a58-d180-379b-d07cb0610fdd?sv=Sanitized&ss=f&srt=sco&se=2025-07-18T01%3A07%3A38Z&sp=rwdxylacuptfi&sig=Sanitized",
      "RequestMethod": "PUT",
      "RequestHeaders": {
        "Accept": "application/xml",
        "Content-Length": "0",
        "traceparent": "00-2365ca024f2c098dc10098a5324762c3-136cc070de7c6aaa-00",
        "User-Agent": "azsdk-net-Storage.Files.Shares/12.24.0-alpha.20250716.1 (.NET 8.0.18; Microsoft Windows 10.0.26100)",
        "x-ms-cache-control": "no-store",
        "x-ms-client-request-id": "Sanitized",
        "x-ms-content-disposition": "inline",
        "x-ms-content-language": "es-ES",
        "x-ms-content-length": "1024",
        "x-ms-content-type": "application/octet-stream",
        "x-ms-file-creation-time": "2025-01-01T01:01:01.0000000Z",
        "x-ms-file-file-type": "Regular",
        "x-ms-file-last-write-time": "2025-01-02T02:02:02.0000000Z",
        "x-ms-group": "123",
        "x-ms-meta-dest": "override",
        "x-ms-mode": "1777",
        "x-ms-owner": "345",
        "x-ms-return-client-request-id": "true",
        "x-ms-type": "file",
        "x-ms-version": "2025-11-05"
      },
      "RequestBody": null,
      "StatusCode": 201,
      "ResponseHeaders": {
        "Content-Length": "0",
        "Date": "Thu, 17 Jul 2025 01:07:37 GMT",
        "ETag": "\"0x8DDC4CE528BFC22\"",
        "Last-Modified": "Thu, 17 Jul 2025 01:07:38 GMT",
        "Server": [
          "Windows-Azure-File/1.0",
          "Microsoft-HTTPAPI/2.0"
        ],
        "x-ms-client-request-id": "Sanitized",
        "x-ms-file-change-time": "2025-07-17T01:07:38.3691298Z",
        "x-ms-file-creation-time": "2025-01-01T01:01:01.0000000Z",
        "x-ms-file-file-type": "Regular",
        "x-ms-file-id": "13835128424026341376",
        "x-ms-file-last-write-time": "2025-01-02T02:02:02.0000000Z",
        "x-ms-file-parent-id": "1",
        "x-ms-group": "123",
        "x-ms-mode": "1777",
        "x-ms-owner": "345",
        "x-ms-request-id": "3658f98f-801a-00a3-14b7-f63e2b000000",
        "x-ms-request-server-encrypted": "true",
        "x-ms-version": "2025-11-05"
      },
      "ResponseBody": null
    },
    {
      "RequestUri": "https://nickliupremiumfileacc.file.core.windows.net/test-share-04b3163d-5e1e-29b3-95d6-3e0eda4e7dce/test-file-e3b3338c-4a58-d180-379b-d07cb0610fdd?sv=Sanitized&ss=f&srt=sco&se=2025-07-18T01%3A07%3A38Z&sp=rwdxylacuptfi&sig=Sanitized&comp=range",
      "RequestMethod": "PUT",
      "RequestHeaders": {
        "Accept": "application/xml",
        "Content-Length": "0",
        "traceparent": "00-727633690c993b331f6c90f292182d9d-25bd3c2769f3ed69-00",
        "User-Agent": "azsdk-net-Storage.Files.Shares/12.24.0-alpha.20250716.1 (.NET 8.0.18; Microsoft Windows 10.0.26100)",
        "x-ms-client-request-id": "Sanitized",
        "x-ms-copy-source": "https://nickliupremiumfileacc.file.core.windows.net/test-share-8810c78a-83a6-af03-fdaa-933da891d1d2/test-file-a16f8b33-e96c-c56c-affb-33fae03c228f?sv=sanitized-value&ss=f&srt=sco&se=2025-07-18T01%3A07%3A38Z&sp=rwdxylacuptfi&sig=Sanitized",
        "x-ms-file-last-write-time": "Preserve",
        "x-ms-range": "bytes=0-1023",
        "x-ms-return-client-request-id": "true",
        "x-ms-source-range": "bytes=0-1023",
        "x-ms-version": "2025-11-05",
        "x-ms-write": "update"
      },
      "RequestBody": null,
      "StatusCode": 201,
      "ResponseHeaders": {
        "Content-Length": "0",
        "Date": "Thu, 17 Jul 2025 01:07:38 GMT",
        "ETag": "\"0x8DDC4CE529263D3\"",
        "Last-Modified": "Thu, 17 Jul 2025 01:07:38 GMT",
        "Server": [
          "Windows-Azure-File/1.0",
          "Microsoft-HTTPAPI/2.0"
        ],
        "x-ms-client-request-id": "Sanitized",
        "x-ms-content-crc64": "iknlm7CyG2k=",
        "x-ms-file-last-write-time": "2025-01-02T02:02:02.0000000Z",
        "x-ms-request-id": "3658f990-801a-00a3-15b7-f63e2b000000",
        "x-ms-request-server-encrypted": "true",
        "x-ms-version": "2025-11-05"
      },
      "ResponseBody": null
    },
    {
      "RequestUri": "https://nickliupremiumfileacc.file.core.windows.net/test-share-04b3163d-5e1e-29b3-95d6-3e0eda4e7dce/test-file-e3b3338c-4a58-d180-379b-d07cb0610fdd?sv=Sanitized&ss=f&srt=sco&se=2025-07-18T01%3A07%3A38Z&sp=rwdxylacuptfi&sig=Sanitized&comp=properties",
      "RequestMethod": "PUT",
      "RequestHeaders": {
        "Accept": "application/xml",
        "Content-Length": "0",
        "traceparent": "00-78b3a043bf69a19bfacbdaa08a83190f-a1d5ccc5760ba38b-00",
        "User-Agent": "azsdk-net-Storage.Files.Shares/12.24.0-alpha.20250716.1 (.NET 8.0.18; Microsoft Windows 10.0.26100)",
        "x-ms-cache-control": "no-store",
        "x-ms-client-request-id": "Sanitized",
        "x-ms-content-disposition": "inline",
        "x-ms-content-language": "es-ES",
        "x-ms-content-type": "application/octet-stream",
        "x-ms-file-creation-time": "2025-01-01T01:01:01.0000000Z",
        "x-ms-file-last-write-time": "2025-01-02T02:02:02.0000000Z",
        "x-ms-return-client-request-id": "true",
        "x-ms-version": "2025-11-05"
      },
      "RequestBody": null,
      "StatusCode": 200,
      "ResponseHeaders": {
        "Content-Length": "0",
        "Date": "Thu, 17 Jul 2025 01:07:38 GMT",
        "ETag": "\"0x8DDC4CE52965ADE\"",
        "Last-Modified": "Thu, 17 Jul 2025 01:07:38 GMT",
        "Server": [
          "Windows-Azure-File/1.0",
          "Microsoft-HTTPAPI/2.0"
        ],
        "x-ms-client-request-id": "Sanitized",
        "x-ms-file-change-time": "2025-07-17T01:07:38.4370910Z",
        "x-ms-file-creation-time": "2025-01-01T01:01:01.0000000Z",
        "x-ms-file-id": "13835128424026341376",
        "x-ms-file-last-write-time": "2025-01-02T02:02:02.0000000Z",
        "x-ms-file-parent-id": "1",
        "x-ms-group": "123",
        "x-ms-link-count": "1",
        "x-ms-mode": "1777",
        "x-ms-owner": "345",
        "x-ms-request-id": "3658f992-801a-00a3-16b7-f63e2b000000",
        "x-ms-request-server-encrypted": "true",
        "x-ms-version": "2025-11-05"
      },
      "ResponseBody": null
    },
    {
      "RequestUri": "https://nickliupremiumfileacc.file.core.windows.net/test-share-8810c78a-83a6-af03-fdaa-933da891d1d2/test-file-a16f8b33-e96c-c56c-affb-33fae03c228f?sv=Sanitized&ss=f&srt=sco&se=2025-07-18T01%3A07%3A38Z&sp=rwdxylacuptfi&sig=Sanitized",
      "RequestMethod": "HEAD",
      "RequestHeaders": {
        "Accept": "application/xml",
        "traceparent": "00-009baa9377ca0e2bce5c42437449bb25-6cb46b5f7e80ce74-00",
        "User-Agent": "azsdk-net-Storage.Files.Shares/12.24.0-alpha.20250716.1 (.NET 8.0.18; Microsoft Windows 10.0.26100)",
        "x-ms-client-request-id": "Sanitized",
        "x-ms-return-client-request-id": "true",
        "x-ms-version": "2025-11-05"
      },
      "RequestBody": null,
      "StatusCode": 200,
      "ResponseHeaders": {
        "Cache-Control": "private",
        "Content-Disposition": "attachment",
        "Content-Language": "fr-FR",
        "Content-Length": "1024",
        "Content-Type": "application/octet-stream",
        "Date": "Thu, 17 Jul 2025 01:07:38 GMT",
        "ETag": "\"0x8DDC4CE52759138\"",
        "Last-Modified": "Thu, 17 Jul 2025 01:07:38 GMT",
        "Server": [
          "Windows-Azure-File/1.0",
          "Microsoft-HTTPAPI/2.0"
        ],
        "x-ms-client-request-id": "Sanitized",
        "x-ms-file-change-time": "2025-07-17T01:07:38.2222136Z",
        "x-ms-file-creation-time": "2024-05-01T10:00:00.0000000Z",
        "x-ms-file-file-type": "Regular",
        "x-ms-file-id": "13835128424026341376",
        "x-ms-file-last-write-time": "2024-05-01T11:00:00.0000000Z",
        "x-ms-file-parent-id": "1",
        "x-ms-group": "123",
        "x-ms-lease-state": "available",
        "x-ms-lease-status": "unlocked",
        "x-ms-link-count": "1",
        "x-ms-meta-src": "nfs",
        "x-ms-mode": "1777",
        "x-ms-owner": "345",
        "x-ms-request-id": "3658f99b-801a-00a3-1cb7-f63e2b000000",
        "x-ms-server-encrypted": "true",
        "x-ms-type": "File",
        "x-ms-version": "2025-11-05"
      },
      "ResponseBody": null
    },
    {
      "RequestUri": "https://nickliupremiumfileacc.file.core.windows.net/test-share-04b3163d-5e1e-29b3-95d6-3e0eda4e7dce/test-file-e3b3338c-4a58-d180-379b-d07cb0610fdd?sv=Sanitized&ss=f&srt=sco&se=2025-07-18T01%3A07%3A38Z&sp=rwdxylacuptfi&sig=Sanitized",
      "RequestMethod": "HEAD",
      "RequestHeaders": {
        "Accept": "application/xml",
        "traceparent": "00-3c54564d5256ab54890d4f12f1205440-f864e0fa9f368097-00",
        "User-Agent": "azsdk-net-Storage.Files.Shares/12.24.0-alpha.20250716.1 (.NET 8.0.18; Microsoft Windows 10.0.26100)",
        "x-ms-client-request-id": "Sanitized",
        "x-ms-return-client-request-id": "true",
        "x-ms-version": "2025-11-05"
      },
      "RequestBody": null,
      "StatusCode": 200,
      "ResponseHeaders": {
        "Cache-Control": "no-store",
        "Content-Disposition": "inline",
        "Content-Language": "es-ES",
        "Content-Length": "1024",
        "Content-Type": "application/octet-stream",
        "Date": "Thu, 17 Jul 2025 01:07:38 GMT",
        "ETag": "\"0x8DDC4CE52965ADE\"",
        "Last-Modified": "Thu, 17 Jul 2025 01:07:38 GMT",
        "Server": [
          "Windows-Azure-File/1.0",
          "Microsoft-HTTPAPI/2.0"
        ],
        "x-ms-client-request-id": "Sanitized",
        "x-ms-file-change-time": "2025-07-17T01:07:38.4370910Z",
        "x-ms-file-creation-time": "2025-01-01T01:01:01.0000000Z",
        "x-ms-file-file-type": "Regular",
        "x-ms-file-id": "13835128424026341376",
        "x-ms-file-last-write-time": "2025-01-02T02:02:02.0000000Z",
        "x-ms-file-parent-id": "1",
        "x-ms-group": "123",
        "x-ms-lease-state": "available",
        "x-ms-lease-status": "unlocked",
        "x-ms-link-count": "1",
        "x-ms-meta-dest": "override",
        "x-ms-mode": "1777",
        "x-ms-owner": "345",
        "x-ms-request-id": "3658f99c-801a-00a3-1db7-f63e2b000000",
        "x-ms-server-encrypted": "true",
        "x-ms-type": "File",
        "x-ms-version": "2025-11-05"
      },
      "ResponseBody": null
    },
    {
      "RequestUri": "https://nickliupremiumfileacc.file.core.windows.net/test-share-8810c78a-83a6-af03-fdaa-933da891d1d2/test-file-a16f8b33-e96c-c56c-affb-33fae03c228f?sv=Sanitized&ss=f&srt=sco&se=2025-07-18T01%3A07%3A38Z&sp=rwdxylacuptfi&sig=Sanitized",
      "RequestMethod": "GET",
      "RequestHeaders": {
        "Accept": "application/xml",
        "User-Agent": "azsdk-net-Storage.Files.Shares/12.24.0-alpha.20250716.1 (.NET 8.0.18; Microsoft Windows 10.0.26100)",
        "x-ms-client-request-id": "Sanitized",
        "x-ms-range": "bytes=0-1023",
        "x-ms-return-client-request-id": "true",
        "x-ms-version": "2025-11-05"
      },
      "RequestBody": null,
      "StatusCode": 206,
      "ResponseHeaders": {
        "Accept-Ranges": "bytes",
        "Cache-Control": "private",
        "Content-Disposition": "attachment",
        "Content-Language": "fr-FR",
        "Content-Length": "1024",
        "Content-Range": "bytes 0-1023/1024",
        "Content-Type": "application/octet-stream",
        "Date": "Thu, 17 Jul 2025 01:07:38 GMT",
        "ETag": "\"0x8DDC4CE52759138\"",
        "Last-Modified": "Thu, 17 Jul 2025 01:07:38 GMT",
        "Server": [
          "Windows-Azure-File/1.0",
          "Microsoft-HTTPAPI/2.0"
        ],
        "x-ms-client-request-id": "Sanitized",
        "x-ms-file-change-time": "2025-07-17T01:07:38.2222136Z",
        "x-ms-file-creation-time": "2024-05-01T10:00:00.0000000Z",
        "x-ms-file-id": "13835128424026341376",
        "x-ms-file-last-write-time": "2024-05-01T11:00:00.0000000Z",
        "x-ms-file-parent-id": "1",
        "x-ms-group": "123",
        "x-ms-lease-state": "available",
        "x-ms-lease-status": "unlocked",
        "x-ms-link-count": "1",
        "x-ms-meta-src": "nfs",
        "x-ms-mode": "1777",
        "x-ms-owner": "345",
        "x-ms-request-id": "3658f99d-801a-00a3-1eb7-f63e2b000000",
        "x-ms-server-encrypted": "true",
        "x-ms-type": "File",
        "x-ms-version": "2025-11-05"
      },
      "ResponseBody": "AAAAAAAAAAAAAAAAAAAAAAAAAAAAAAAAAAAAAAAAAAAAAAAAAAAAAAAAAAAAAAAAAAAAAAAAAAAAAAAAAAAAAAAAAAAAAAAAAAAAAAAAAAAAAAAAAAAAAAAAAAAAAAAAAAAAAAAAAAAAAAAAAAAAAAAAAAAAAAAAAAAAAAAAAAAAAAAAAAAAAAAAAAAAAAAAAAAAAAAAAAAAAAAAAAAAAAAAAAAAAAAAAAAAAAAAAAAAAAAAAAAAAAAAAAAAAAAAAAAAAAAAAAAAAAAAAAAAAAAAAAAAAAAAAAAAAAAAAAAAAAAAAAAAAAAAAAAAAAAAAAAAAAAAAAAAAAAAAAAAAAAAAAAAAAAAAAAAAAAAAAAAAAAAAAAAAAAAAAAAAAAAAAAAAAAAAAAAAAAAAAAAAAAAAAAAAAAAAAAAAAAAAAAAAAAAAAAAAAAAAAAAAAAAAAAAAAAAAAAAAAAAAAAAAAAAAAAAAAAAAAAAAAAAAAAAAAAAAAAAAAAAAAAAAAAAAAAAAAAAAAAAAAAAAAAAAAAAAAAAAAAAAAAAAAAAAAAAAAAAAAAAAAAAAAAAAAAAAAAAAAAAAAAAAAAAAAAAAAAAAAAAAAAAAAAAAAAAAAAAAAAAAAAAAAAAAAAAAAAAAAAAAAAAAAAAAAAAAAAAAAAAAAAAAAAAAAAAAAAAAAAAAAAAAAAAAAAAAAAAAAAAAAAAAAAAAAAAAAAAAAAAAAAAAAAAAAAAAAAAAAAAAAAAAAAAAAAAAAAAAAAAAAAAAAAAAAAAAAAAAAAAAAAAAAAAAAAAAAAAAAAAAAAAAAAAAAAAAAAAAAAAAAAAAAAAAAAAAAAAAAAAAAAAAAAAAAAAAAAAAAAAAAAAAAAAAAAAAAAAAAAAAAAAAAAAAAAAAAAAAAAAAAAAAAAAAAAAAAAAAAAAAAAAAAAAAAAAAAAAAAAAAAAAAAAAAAAAAAAAAAAAAAAAAAAAAAAAAAAAAAAAAAAAAAAAAAAAAAAAAAAAAAAAAAAAAAAAAAAAAAAAAAAAAAAAAAAAAAAAAAAAAAAAAAAAAAAAAAAAAAAAAAAAAAAAAAAAAAAAAAAAAAAAAAAAAAAAAAAAAAAAAAAAAAAAAAAAAAAAAAAAAAAAAAAAAAAAAAAAAAAAAAAAAAAAAAAAAAAAAAAAAAAAAAAAAAAAAAAAAAAAAAAAAAAAAAAAAAAAAAAAAAAAAAAAAAAAAAAAAAAAAAAAAAAAAAAAAAAAAAAAAAAAAAAAAAAAAAAAAAAAAAAAAAAAAAAAAAAAAAAAAAAAAAAAAAAAAAAAAAAAAAAAAAAAAAAAAAAAAAAAAAAAAAAAAAAAAAAAAAAAAAAAAAAAAAAAAAAAAAAAAA=="
    },
    {
      "RequestUri": "https://nickliupremiumfileacc.file.core.windows.net/test-share-04b3163d-5e1e-29b3-95d6-3e0eda4e7dce/test-file-e3b3338c-4a58-d180-379b-d07cb0610fdd?sv=Sanitized&ss=f&srt=sco&se=2025-07-18T01%3A07%3A38Z&sp=rwdxylacuptfi&sig=Sanitized",
      "RequestMethod": "GET",
      "RequestHeaders": {
        "Accept": "application/xml",
        "User-Agent": "azsdk-net-Storage.Files.Shares/12.24.0-alpha.20250716.1 (.NET 8.0.18; Microsoft Windows 10.0.26100)",
        "x-ms-client-request-id": "Sanitized",
        "x-ms-range": "bytes=0-1023",
        "x-ms-return-client-request-id": "true",
        "x-ms-version": "2025-11-05"
      },
      "RequestBody": null,
      "StatusCode": 206,
      "ResponseHeaders": {
        "Accept-Ranges": "bytes",
        "Cache-Control": "no-store",
        "Content-Disposition": "inline",
        "Content-Language": "es-ES",
        "Content-Length": "1024",
        "Content-Range": "bytes 0-1023/1024",
        "Content-Type": "application/octet-stream",
        "Date": "Thu, 17 Jul 2025 01:07:38 GMT",
        "ETag": "\"0x8DDC4CE52965ADE\"",
        "Last-Modified": "Thu, 17 Jul 2025 01:07:38 GMT",
        "Server": [
          "Windows-Azure-File/1.0",
          "Microsoft-HTTPAPI/2.0"
        ],
        "x-ms-client-request-id": "Sanitized",
        "x-ms-file-change-time": "2025-07-17T01:07:38.4370910Z",
        "x-ms-file-creation-time": "2025-01-01T01:01:01.0000000Z",
        "x-ms-file-id": "13835128424026341376",
        "x-ms-file-last-write-time": "2025-01-02T02:02:02.0000000Z",
        "x-ms-file-parent-id": "1",
        "x-ms-group": "123",
        "x-ms-lease-state": "available",
        "x-ms-lease-status": "unlocked",
        "x-ms-link-count": "1",
        "x-ms-meta-dest": "override",
        "x-ms-mode": "1777",
        "x-ms-owner": "345",
        "x-ms-request-id": "3658f99e-801a-00a3-1fb7-f63e2b000000",
        "x-ms-server-encrypted": "true",
        "x-ms-type": "File",
        "x-ms-version": "2025-11-05"
      },
      "ResponseBody": "AAAAAAAAAAAAAAAAAAAAAAAAAAAAAAAAAAAAAAAAAAAAAAAAAAAAAAAAAAAAAAAAAAAAAAAAAAAAAAAAAAAAAAAAAAAAAAAAAAAAAAAAAAAAAAAAAAAAAAAAAAAAAAAAAAAAAAAAAAAAAAAAAAAAAAAAAAAAAAAAAAAAAAAAAAAAAAAAAAAAAAAAAAAAAAAAAAAAAAAAAAAAAAAAAAAAAAAAAAAAAAAAAAAAAAAAAAAAAAAAAAAAAAAAAAAAAAAAAAAAAAAAAAAAAAAAAAAAAAAAAAAAAAAAAAAAAAAAAAAAAAAAAAAAAAAAAAAAAAAAAAAAAAAAAAAAAAAAAAAAAAAAAAAAAAAAAAAAAAAAAAAAAAAAAAAAAAAAAAAAAAAAAAAAAAAAAAAAAAAAAAAAAAAAAAAAAAAAAAAAAAAAAAAAAAAAAAAAAAAAAAAAAAAAAAAAAAAAAAAAAAAAAAAAAAAAAAAAAAAAAAAAAAAAAAAAAAAAAAAAAAAAAAAAAAAAAAAAAAAAAAAAAAAAAAAAAAAAAAAAAAAAAAAAAAAAAAAAAAAAAAAAAAAAAAAAAAAAAAAAAAAAAAAAAAAAAAAAAAAAAAAAAAAAAAAAAAAAAAAAAAAAAAAAAAAAAAAAAAAAAAAAAAAAAAAAAAAAAAAAAAAAAAAAAAAAAAAAAAAAAAAAAAAAAAAAAAAAAAAAAAAAAAAAAAAAAAAAAAAAAAAAAAAAAAAAAAAAAAAAAAAAAAAAAAAAAAAAAAAAAAAAAAAAAAAAAAAAAAAAAAAAAAAAAAAAAAAAAAAAAAAAAAAAAAAAAAAAAAAAAAAAAAAAAAAAAAAAAAAAAAAAAAAAAAAAAAAAAAAAAAAAAAAAAAAAAAAAAAAAAAAAAAAAAAAAAAAAAAAAAAAAAAAAAAAAAAAAAAAAAAAAAAAAAAAAAAAAAAAAAAAAAAAAAAAAAAAAAAAAAAAAAAAAAAAAAAAAAAAAAAAAAAAAAAAAAAAAAAAAAAAAAAAAAAAAAAAAAAAAAAAAAAAAAAAAAAAAAAAAAAAAAAAAAAAAAAAAAAAAAAAAAAAAAAAAAAAAAAAAAAAAAAAAAAAAAAAAAAAAAAAAAAAAAAAAAAAAAAAAAAAAAAAAAAAAAAAAAAAAAAAAAAAAAAAAAAAAAAAAAAAAAAAAAAAAAAAAAAAAAAAAAAAAAAAAAAAAAAAAAAAAAAAAAAAAAAAAAAAAAAAAAAAAAAAAAAAAAAAAAAAAAAAAAAAAAAAAAAAAAAAAAAAAAAAAAAAAAAAAAAAAAAAAAAAAAAAAAAAAAAAAAAAAAAAAAAAAAAAAAAAAAAAAAAAAAAAAAAAAAAAAAAAAAAAAAAAAAAAAAAAAAA=="
    },
    {
      "RequestUri": "https://nickliupremiumfileacc.file.core.windows.net/test-share-04b3163d-5e1e-29b3-95d6-3e0eda4e7dce/test-file-e3b3338c-4a58-d180-379b-d07cb0610fdd?sv=Sanitized&ss=f&srt=sco&se=2025-07-18T01%3A07%3A38Z&sp=rwdxylacuptfi&sig=Sanitized",
      "RequestMethod": "HEAD",
      "RequestHeaders": {
        "Accept": "application/xml",
        "traceparent": "00-0073f9b27549a12e3f9c1ed6af969646-3bd4058cecdbbff6-00",
        "User-Agent": "azsdk-net-Storage.Files.Shares/12.24.0-alpha.20250716.1 (.NET 8.0.18; Microsoft Windows 10.0.26100)",
        "x-ms-client-request-id": "Sanitized",
        "x-ms-return-client-request-id": "true",
        "x-ms-version": "2025-11-05"
      },
      "RequestBody": null,
      "StatusCode": 200,
      "ResponseHeaders": {
        "Cache-Control": "no-store",
        "Content-Disposition": "inline",
        "Content-Language": "es-ES",
        "Content-Length": "1024",
        "Content-Type": "application/octet-stream",
        "Date": "Thu, 17 Jul 2025 01:07:38 GMT",
        "ETag": "\"0x8DDC4CE52965ADE\"",
        "Last-Modified": "Thu, 17 Jul 2025 01:07:38 GMT",
        "Server": [
          "Windows-Azure-File/1.0",
          "Microsoft-HTTPAPI/2.0"
        ],
        "x-ms-client-request-id": "Sanitized",
        "x-ms-file-change-time": "2025-07-17T01:07:38.4370910Z",
        "x-ms-file-creation-time": "2025-01-01T01:01:01.0000000Z",
        "x-ms-file-file-type": "Regular",
        "x-ms-file-id": "13835128424026341376",
        "x-ms-file-last-write-time": "2025-01-02T02:02:02.0000000Z",
        "x-ms-file-parent-id": "1",
        "x-ms-group": "123",
        "x-ms-lease-state": "available",
        "x-ms-lease-status": "unlocked",
        "x-ms-link-count": "1",
        "x-ms-meta-dest": "override",
        "x-ms-mode": "1777",
        "x-ms-owner": "345",
        "x-ms-request-id": "3658f99f-801a-00a3-20b7-f63e2b000000",
        "x-ms-server-encrypted": "true",
        "x-ms-type": "File",
        "x-ms-version": "2025-11-05"
      },
      "ResponseBody": null
    },
    {
      "RequestUri": "https://nickliupremiumfileacc.file.core.windows.net/test-share-8810c78a-83a6-af03-fdaa-933da891d1d2/test-file-a16f8b33-e96c-c56c-affb-33fae03c228f?sv=Sanitized&ss=f&srt=sco&se=2025-07-18T01%3A07%3A38Z&sp=rwdxylacuptfi&sig=Sanitized",
      "RequestMethod": "HEAD",
      "RequestHeaders": {
        "Accept": "application/xml",
        "traceparent": "00-9f6f28bb006de006824f79267b0c050b-905c72a3d18e3bdd-00",
        "User-Agent": "azsdk-net-Storage.Files.Shares/12.24.0-alpha.20250716.1 (.NET 8.0.18; Microsoft Windows 10.0.26100)",
        "x-ms-client-request-id": "Sanitized",
        "x-ms-return-client-request-id": "true",
        "x-ms-version": "2025-11-05"
      },
      "RequestBody": null,
      "StatusCode": 200,
      "ResponseHeaders": {
        "Cache-Control": "private",
        "Content-Disposition": "attachment",
        "Content-Language": "fr-FR",
        "Content-Length": "1024",
        "Content-Type": "application/octet-stream",
        "Date": "Thu, 17 Jul 2025 01:07:38 GMT",
        "ETag": "\"0x8DDC4CE52759138\"",
        "Last-Modified": "Thu, 17 Jul 2025 01:07:38 GMT",
        "Server": [
          "Windows-Azure-File/1.0",
          "Microsoft-HTTPAPI/2.0"
        ],
        "x-ms-client-request-id": "Sanitized",
        "x-ms-file-change-time": "2025-07-17T01:07:38.2222136Z",
        "x-ms-file-creation-time": "2024-05-01T10:00:00.0000000Z",
        "x-ms-file-file-type": "Regular",
        "x-ms-file-id": "13835128424026341376",
        "x-ms-file-last-write-time": "2024-05-01T11:00:00.0000000Z",
        "x-ms-file-parent-id": "1",
        "x-ms-group": "123",
        "x-ms-lease-state": "available",
        "x-ms-lease-status": "unlocked",
        "x-ms-link-count": "1",
        "x-ms-meta-src": "nfs",
        "x-ms-mode": "1777",
        "x-ms-owner": "345",
        "x-ms-request-id": "3658f9a0-801a-00a3-21b7-f63e2b000000",
        "x-ms-server-encrypted": "true",
        "x-ms-type": "File",
        "x-ms-version": "2025-11-05"
      },
      "ResponseBody": null
    },
    {
      "RequestUri": "https://nickliupremiumfileacc.file.core.windows.net/test-share-04b3163d-5e1e-29b3-95d6-3e0eda4e7dce?sv=Sanitized&ss=f&srt=sco&se=2025-07-18T01%3A07%3A38Z&sp=rwdxylacuptfi&sig=Sanitized&restype=share",
      "RequestMethod": "DELETE",
      "RequestHeaders": {
        "Accept": "application/xml",
        "traceparent": "00-e3216b4d855931b84ddbab624818a289-e7b40ef52f8b4e0c-00",
        "User-Agent": "azsdk-net-Storage.Files.Shares/12.24.0-alpha.20250716.1 (.NET 8.0.18; Microsoft Windows 10.0.26100)",
        "x-ms-client-request-id": "Sanitized",
        "x-ms-delete-snapshots": "include",
        "x-ms-return-client-request-id": "true",
        "x-ms-version": "2025-11-05"
      },
      "RequestBody": null,
      "StatusCode": 202,
      "ResponseHeaders": {
        "Content-Length": "0",
        "Date": "Thu, 17 Jul 2025 01:07:38 GMT",
        "Server": [
          "Windows-Azure-File/1.0",
          "Microsoft-HTTPAPI/2.0"
        ],
        "x-ms-client-request-id": "Sanitized",
        "x-ms-request-id": "3658f9a1-801a-00a3-22b7-f63e2b000000",
        "x-ms-version": "2025-11-05"
      },
      "ResponseBody": null
    },
    {
      "RequestUri": "https://nickliupremiumfileacc.file.core.windows.net/test-share-8810c78a-83a6-af03-fdaa-933da891d1d2?sv=Sanitized&ss=f&srt=sco&se=2025-07-18T01%3A07%3A38Z&sp=rwdxylacuptfi&sig=Sanitized&restype=share",
      "RequestMethod": "DELETE",
      "RequestHeaders": {
        "Accept": "application/xml",
        "traceparent": "00-0bea5588abcdb64e68956ed4456da786-4fdf0039a5798ec3-00",
        "User-Agent": "azsdk-net-Storage.Files.Shares/12.24.0-alpha.20250716.1 (.NET 8.0.18; Microsoft Windows 10.0.26100)",
        "x-ms-client-request-id": "Sanitized",
        "x-ms-delete-snapshots": "include",
        "x-ms-return-client-request-id": "true",
        "x-ms-version": "2025-11-05"
      },
      "RequestBody": null,
      "StatusCode": 202,
      "ResponseHeaders": {
        "Content-Length": "0",
        "Date": "Thu, 17 Jul 2025 01:07:38 GMT",
        "Server": [
          "Windows-Azure-File/1.0",
          "Microsoft-HTTPAPI/2.0"
        ],
        "x-ms-client-request-id": "Sanitized",
        "x-ms-request-id": "3658f9a6-801a-00a3-27b7-f63e2b000000",
        "x-ms-version": "2025-11-05"
      },
      "ResponseBody": null
    }
  ],
  "Variables": {
    "DateTimeOffsetNow": "2025-07-16T21:07:38.3113999-04:00",
    "RandomSeed": "1036052100",
    "Storage_TestConfigPremiumFile": "PremiumFileTenant\nnickliupremiumfileacc\nU2FuaXRpemVk\nhttps://nickliupremiumfileacc.blob.core.windows.net\nhttps://nickliupremiumfileacc.file.core.windows.net\nhttps://nickliupremiumfileacc.queue.core.windows.net\nhttps://nickliupremiumfileacc.table.core.windows.net\n\n\n\n\nhttps://nickliupremiumfileacc-secondary.blob.core.windows.net\nhttps://nickliupremiumfileacc-secondary.file.core.windows.net\nhttps://nickliupremiumfileacc-secondary.queue.core.windows.net\nhttps://nickliupremiumfileacc-secondary.table.core.windows.net\nCloud\nBlobEndpoint=https://nickliupremiumfileacc.blob.core.windows.net/;QueueEndpoint=https://nickliupremiumfileacc.queue.core.windows.net/;FileEndpoint=https://nickliupremiumfileacc.file.core.windows.net/;BlobSecondaryEndpoint=https://nickliupremiumfileacc-secondary.blob.core.windows.net/;QueueSecondaryEndpoint=https://nickliupremiumfileacc-secondary.queue.core.windows.net/;FileSecondaryEndpoint=https://nickliupremiumfileacc-secondary.file.core.windows.net/;AccountName=nickliupremiumfileacc;AccountKey=U2FuaXRpemVk\n\n\n"
  }
}
