{
  "Entries": [
    {
      "RequestUri": "https://seanmcccanada.file.core.windows.net/test-share-4a556b95-8f30-db55-8289-b71f83ca51e1?restype=share",
      "RequestMethod": "PUT",
      "RequestHeaders": {
        "Accept": "application/xml",
        "Authorization": "Sanitized",
        "Content-Length": "0",
        "traceparent": "00-109b8d1af57988c0b6b467b1e51922e5-74acf23112c9f5bb-00",
        "User-Agent": "azsdk-net-Storage.Files.Shares/12.17.0-alpha.20231022.1 (.NET 6.0.23; Microsoft Windows 10.0.22635)",
        "x-ms-client-request-id": "b569f18a-3066-9eeb-dc1b-430087758b3b",
        "x-ms-date": "Mon, 23 Oct 2023 03:29:16 GMT",
        "x-ms-return-client-request-id": "true",
        "x-ms-version": "2023-11-03"
      },
      "RequestBody": null,
      "StatusCode": 201,
      "ResponseHeaders": {
        "Content-Length": "0",
        "Date": "Mon, 23 Oct 2023 03:29:16 GMT",
        "ETag": "\u00220x8DBD3783CEDC66F\u0022",
        "Last-Modified": "Mon, 23 Oct 2023 03:29:17 GMT",
        "Server": [
          "Windows-Azure-File/1.0",
          "Microsoft-HTTPAPI/2.0"
        ],
        "x-ms-client-request-id": "b569f18a-3066-9eeb-dc1b-430087758b3b",
        "x-ms-request-id": "cb8ba9e8-401a-00a9-0f61-0550f0000000",
        "x-ms-version": "2023-11-03"
      },
      "ResponseBody": null
    },
    {
      "RequestUri": "https://seanmcccanada.file.core.windows.net/test-share-58adbb25-75f7-d797-cd34-99050617ca81?restype=share",
      "RequestMethod": "PUT",
      "RequestHeaders": {
        "Accept": "application/xml",
        "Authorization": "Sanitized",
        "Content-Length": "0",
        "traceparent": "00-4e0b9fa1c6bd01cbd3fefe393a5d02b9-70160eb4df5d1d4f-00",
        "User-Agent": "azsdk-net-Storage.Files.Shares/12.17.0-alpha.20231022.1 (.NET 6.0.23; Microsoft Windows 10.0.22635)",
        "x-ms-client-request-id": "55184c9f-6f53-1430-5991-e83196e597c4",
        "x-ms-date": "Mon, 23 Oct 2023 03:29:16 GMT",
        "x-ms-return-client-request-id": "true",
        "x-ms-version": "2023-11-03"
      },
      "RequestBody": null,
      "StatusCode": 201,
      "ResponseHeaders": {
        "Content-Length": "0",
        "Date": "Mon, 23 Oct 2023 03:29:16 GMT",
        "ETag": "\u00220x8DBD3783CFB31DD\u0022",
        "Last-Modified": "Mon, 23 Oct 2023 03:29:17 GMT",
        "Server": [
          "Windows-Azure-File/1.0",
          "Microsoft-HTTPAPI/2.0"
        ],
        "x-ms-client-request-id": "55184c9f-6f53-1430-5991-e83196e597c4",
        "x-ms-request-id": "cb8ba9ea-401a-00a9-1061-0550f0000000",
        "x-ms-version": "2023-11-03"
      },
      "ResponseBody": null
    },
    {
      "RequestUri": "https://seanmcccanada.file.core.windows.net/test-share-4a556b95-8f30-db55-8289-b71f83ca51e1/test-file-f73fc251-fae0-88da-4005-58d2b0fb5c2f",
      "RequestMethod": "PUT",
      "RequestHeaders": {
        "Accept": "application/xml",
        "Authorization": "Sanitized",
        "Content-Length": "0",
        "traceparent": "00-89a0cf7d40ae706daeb50051b3c925b0-73d3a528708992a1-00",
        "User-Agent": "azsdk-net-Storage.Files.Shares/12.17.0-alpha.20231022.1 (.NET 6.0.23; Microsoft Windows 10.0.22635)",
        "x-ms-client-request-id": "088c47a4-66a9-4ae0-5872-254016efedbb",
        "x-ms-content-length": "100",
        "x-ms-date": "Mon, 23 Oct 2023 03:29:16 GMT",
        "x-ms-file-attributes": "None",
        "x-ms-file-creation-time": "Now",
        "x-ms-file-last-write-time": "Now",
        "x-ms-file-permission": "Inherit",
        "x-ms-return-client-request-id": "true",
        "x-ms-type": "file",
        "x-ms-version": "2023-11-03"
      },
      "RequestBody": null,
      "StatusCode": 201,
      "ResponseHeaders": {
        "Content-Length": "0",
        "Date": "Mon, 23 Oct 2023 03:29:16 GMT",
        "ETag": "\u00220x8DBD3783D0DABA3\u0022",
        "Last-Modified": "Mon, 23 Oct 2023 03:29:17 GMT",
        "Server": [
          "Windows-Azure-File/1.0",
          "Microsoft-HTTPAPI/2.0"
        ],
        "x-ms-client-request-id": "088c47a4-66a9-4ae0-5872-254016efedbb",
        "x-ms-file-attributes": "Archive",
        "x-ms-file-change-time": "2023-10-23T03:29:17.6899491Z",
        "x-ms-file-creation-time": "2023-10-23T03:29:17.6899491Z",
        "x-ms-file-id": "13835128424026341376",
        "x-ms-file-last-write-time": "2023-10-23T03:29:17.6899491Z",
        "x-ms-file-parent-id": "0",
        "x-ms-file-permission-key": "5144323600546320195*17277118026500876237",
        "x-ms-request-id": "cb8ba9ec-401a-00a9-1161-0550f0000000",
        "x-ms-request-server-encrypted": "true",
        "x-ms-version": "2023-11-03"
      },
      "ResponseBody": null
    },
    {
      "RequestUri": "https://seanmcccanada.file.core.windows.net/test-share-58adbb25-75f7-d797-cd34-99050617ca81?restype=share",
      "RequestMethod": "DELETE",
      "RequestHeaders": {
        "Accept": "application/xml",
        "Authorization": "Sanitized",
        "traceparent": "00-cd82a28f79783c80911c66f1bfb6b3c2-68c9e6a4bdbaab8a-00",
        "User-Agent": "azsdk-net-Storage.Files.Shares/12.17.0-alpha.20231022.1 (.NET 6.0.23; Microsoft Windows 10.0.22635)",
        "x-ms-client-request-id": "778f7e5b-b87d-eb66-b88d-d0534d654db9",
        "x-ms-date": "Mon, 23 Oct 2023 03:29:17 GMT",
        "x-ms-delete-snapshots": "include",
        "x-ms-return-client-request-id": "true",
        "x-ms-version": "2023-11-03"
      },
      "RequestBody": null,
      "StatusCode": 202,
      "ResponseHeaders": {
        "Content-Length": "0",
        "Date": "Mon, 23 Oct 2023 03:29:17 GMT",
        "Server": [
          "Windows-Azure-File/1.0",
          "Microsoft-HTTPAPI/2.0"
        ],
        "x-ms-client-request-id": "778f7e5b-b87d-eb66-b88d-d0534d654db9",
        "x-ms-request-id": "cb8ba9ee-401a-00a9-1261-0550f0000000",
        "x-ms-version": "2023-11-03"
      },
      "ResponseBody": null
    },
    {
      "RequestUri": "https://seanmcccanada.file.core.windows.net/test-share-4a556b95-8f30-db55-8289-b71f83ca51e1?restype=share",
      "RequestMethod": "DELETE",
      "RequestHeaders": {
        "Accept": "application/xml",
        "Authorization": "Sanitized",
        "traceparent": "00-d631a8c83bbb0d5146f2b190a88f6dd4-e40df07bf2609c91-00",
        "User-Agent": "azsdk-net-Storage.Files.Shares/12.17.0-alpha.20231022.1 (.NET 6.0.23; Microsoft Windows 10.0.22635)",
        "x-ms-client-request-id": "97e4e685-7660-f73e-9273-ca9bef0b22ec",
        "x-ms-date": "Mon, 23 Oct 2023 03:29:18 GMT",
        "x-ms-delete-snapshots": "include",
        "x-ms-return-client-request-id": "true",
        "x-ms-version": "2023-11-03"
      },
      "RequestBody": null,
      "StatusCode": 202,
      "ResponseHeaders": {
        "Content-Length": "0",
        "Date": "Mon, 23 Oct 2023 03:29:17 GMT",
        "Server": [
          "Windows-Azure-File/1.0",
          "Microsoft-HTTPAPI/2.0"
        ],
        "x-ms-client-request-id": "97e4e685-7660-f73e-9273-ca9bef0b22ec",
        "x-ms-request-id": "cb8ba9ef-401a-00a9-1361-0550f0000000",
        "x-ms-version": "2023-11-03"
      },
      "ResponseBody": null
    }
  ],
  "Variables": {
    "RandomSeed": "718928132",
    "Storage_TestConfigDefault": "ProductionTenant\nseanmcccanada\nU2FuaXRpemVk\nhttps://seanmcccanada.blob.core.windows.net\nhttps://seanmcccanada.file.core.windows.net\nhttps://seanmcccanada.queue.core.windows.net\nhttps://seanmcccanada.table.core.windows.net\n\n\n\n\nhttps://seanmcccanada-secondary.blob.core.windows.net\nhttps://seanmcccanada-secondary.file.core.windows.net\nhttps://seanmcccanada-secondary.queue.core.windows.net\nhttps://seanmcccanada-secondary.table.core.windows.net\n\nSanitized\n\n\nCloud\nBlobEndpoint=https://seanmcccanada.blob.core.windows.net/;QueueEndpoint=https://seanmcccanada.queue.core.windows.net/;FileEndpoint=https://seanmcccanada.file.core.windows.net/;BlobSecondaryEndpoint=https://seanmcccanada-secondary.blob.core.windows.net/;QueueSecondaryEndpoint=https://seanmcccanada-secondary.queue.core.windows.net/;FileSecondaryEndpoint=https://seanmcccanada-secondary.file.core.windows.net/;AccountName=seanmcccanada;AccountKey=Sanitized\nencryptionScope1\n\n"
  }
}
