{
  "Entries": [
    {
      "RequestUri": "https://seanmcccanada.file.core.windows.net/test-share-7ed0ee25-c525-332d-42d4-9f59c3c6fd9a?restype=share",
      "RequestMethod": "PUT",
      "RequestHeaders": {
        "Accept": "application/xml",
        "Authorization": "Sanitized",
        "Content-Length": "0",
        "traceparent": "00-c1a048fa0d1c42ef845212c17839bbaa-bad03865d7b39688-00",
        "User-Agent": "azsdk-net-Storage.Files.Shares/12.18.0-alpha.20240501.1 (.NET 7.0.18; Microsoft Windows 10.0.22635)",
        "x-ms-client-request-id": "c5dacdea-773b-8be8-d48b-90adfd129be3",
        "x-ms-date": "Wed, 01 May 2024 21:00:44 GMT",
        "x-ms-return-client-request-id": "true",
        "x-ms-version": "2024-08-04"
      },
      "RequestBody": null,
      "StatusCode": 201,
      "ResponseHeaders": {
        "Content-Length": "0",
        "Date": "Wed, 01 May 2024 21:00:44 GMT",
        "ETag": "\"0x8DC6A21C4D14D72\"",
        "Last-Modified": "Wed, 01 May 2024 21:00:44 GMT",
        "Server": [
          "Windows-Azure-File/1.0",
          "Microsoft-HTTPAPI/2.0"
        ],
        "x-ms-client-request-id": "c5dacdea-773b-8be8-d48b-90adfd129be3",
        "x-ms-request-id": "eab52bf8-501a-006e-7b0a-9cc4ad000000",
        "x-ms-version": "2024-08-04"
      },
      "ResponseBody": null
    },
    {
      "RequestUri": "https://seanmcccanada.file.core.windows.net/test-share-2f5bf83a-2fe5-c10a-3939-3087b84eafa0?restype=share",
      "RequestMethod": "PUT",
      "RequestHeaders": {
        "Accept": "application/xml",
        "Authorization": "Sanitized",
        "Content-Length": "0",
        "traceparent": "00-c3f0b36c329d1a23451adf7004dac988-e61d61a0042061ad-00",
        "User-Agent": "azsdk-net-Storage.Files.Shares/12.18.0-alpha.20240501.1 (.NET 7.0.18; Microsoft Windows 10.0.22635)",
        "x-ms-client-request-id": "8ba32902-4b45-bbef-c219-8b024660d385",
        "x-ms-date": "Wed, 01 May 2024 21:00:44 GMT",
        "x-ms-return-client-request-id": "true",
        "x-ms-version": "2024-08-04"
      },
      "RequestBody": null,
      "StatusCode": 201,
      "ResponseHeaders": {
        "Content-Length": "0",
        "Date": "Wed, 01 May 2024 21:00:44 GMT",
        "ETag": "\"0x8DC6A21C4DF7C29\"",
        "Last-Modified": "Wed, 01 May 2024 21:00:44 GMT",
        "Server": [
          "Windows-Azure-File/1.0",
          "Microsoft-HTTPAPI/2.0"
        ],
        "x-ms-client-request-id": "8ba32902-4b45-bbef-c219-8b024660d385",
        "x-ms-request-id": "eab52bfa-501a-006e-7c0a-9cc4ad000000",
        "x-ms-version": "2024-08-04"
      },
      "ResponseBody": null
    },
    {
      "RequestUri": "https://seanmcccanada.file.core.windows.net/test-share-7ed0ee25-c525-332d-42d4-9f59c3c6fd9a/test-file-3253efdc-a6a3-03f8-9a16-6db97cbded33",
      "RequestMethod": "PUT",
      "RequestHeaders": {
        "Accept": "application/xml",
        "Authorization": "Sanitized",
        "Content-Length": "0",
        "traceparent": "00-136d8c12cde6fd18a2d966c9c1dc8bfc-74b3b63f86cfe627-00",
        "User-Agent": "azsdk-net-Storage.Files.Shares/12.18.0-alpha.20240501.1 (.NET 7.0.18; Microsoft Windows 10.0.22635)",
        "x-ms-client-request-id": "5063582b-45db-b7da-9446-56ef7327563d",
        "x-ms-content-length": "0",
        "x-ms-date": "Wed, 01 May 2024 21:00:44 GMT",
        "x-ms-file-attributes": "None",
        "x-ms-file-creation-time": "Now",
        "x-ms-file-last-write-time": "Now",
        "x-ms-file-permission": "Inherit",
        "x-ms-return-client-request-id": "true",
        "x-ms-type": "file",
        "x-ms-version": "2024-08-04"
      },
      "RequestBody": null,
      "StatusCode": 201,
      "ResponseHeaders": {
        "Content-Length": "0",
        "Date": "Wed, 01 May 2024 21:00:44 GMT",
        "ETag": "\"0x8DC6A21C4EF351B\"",
        "Last-Modified": "Wed, 01 May 2024 21:00:45 GMT",
        "Server": [
          "Windows-Azure-File/1.0",
          "Microsoft-HTTPAPI/2.0"
        ],
        "x-ms-client-request-id": "5063582b-45db-b7da-9446-56ef7327563d",
        "x-ms-file-attributes": "Archive",
        "x-ms-file-change-time": "2024-05-01T21:00:45.0243867Z",
        "x-ms-file-creation-time": "2024-05-01T21:00:45.0243867Z",
        "x-ms-file-id": "13835128424026341376",
        "x-ms-file-last-write-time": "2024-05-01T21:00:45.0243867Z",
        "x-ms-file-parent-id": "0",
        "x-ms-file-permission-key": "5144323600546320195*17277118026500876237",
        "x-ms-request-id": "eab52bfc-501a-006e-7d0a-9cc4ad000000",
        "x-ms-request-server-encrypted": "true",
        "x-ms-version": "2024-08-04"
      },
      "ResponseBody": null
    },
    {
      "RequestUri": "https://seanmcccanada.file.core.windows.net/test-share-7ed0ee25-c525-332d-42d4-9f59c3c6fd9a/test-file-3253efdc-a6a3-03f8-9a16-6db97cbded33?sv=2024-08-04&se=2024-05-02T21%3A00%3A44Z&sr=f&sp=rcwd&sig=Sanitized",
      "RequestMethod": "HEAD",
      "RequestHeaders": {
        "Accept": "application/xml",
        "traceparent": "00-363eb5060e881aff547328828f786a08-e24324e319c63351-00",
        "User-Agent": "azsdk-net-Storage.Files.Shares/12.18.0-alpha.20240501.1 (.NET 7.0.18; Microsoft Windows 10.0.22635)",
        "x-ms-client-request-id": "53a62c75-aef8-1185-53b9-506c12a8e80a",
        "x-ms-return-client-request-id": "true",
        "x-ms-version": "2024-08-04"
      },
      "RequestBody": null,
      "StatusCode": 200,
      "ResponseHeaders": {
        "Content-Length": "0",
        "Content-Type": "application/octet-stream",
        "Date": "Wed, 01 May 2024 21:00:44 GMT",
        "ETag": "\"0x8DC6A21C4EF351B\"",
        "Last-Modified": "Wed, 01 May 2024 21:00:45 GMT",
        "Server": [
          "Windows-Azure-File/1.0",
          "Microsoft-HTTPAPI/2.0"
        ],
        "x-ms-client-request-id": "53a62c75-aef8-1185-53b9-506c12a8e80a",
        "x-ms-file-attributes": "Archive",
        "x-ms-file-change-time": "2024-05-01T21:00:45.0243867Z",
        "x-ms-file-creation-time": "2024-05-01T21:00:45.0243867Z",
        "x-ms-file-id": "13835128424026341376",
        "x-ms-file-last-write-time": "2024-05-01T21:00:45.0243867Z",
        "x-ms-file-parent-id": "0",
        "x-ms-file-permission-key": "5144323600546320195*17277118026500876237",
        "x-ms-lease-state": "available",
        "x-ms-lease-status": "unlocked",
        "x-ms-request-id": "eab52bfd-501a-006e-7e0a-9cc4ad000000",
        "x-ms-server-encrypted": "true",
        "x-ms-type": "File",
        "x-ms-version": "2024-08-04"
      },
      "ResponseBody": null
    },
    {
      "RequestUri": "https://seanmcccanada.file.core.windows.net/test-share-7ed0ee25-c525-332d-42d4-9f59c3c6fd9a/test-file-3253efdc-a6a3-03f8-9a16-6db97cbded33?sv=2024-08-04&se=2024-05-02T21%3A00%3A44Z&sr=f&sp=rcwd&sig=Sanitized",
      "RequestMethod": "HEAD",
      "RequestHeaders": {
        "Accept": "application/xml",
        "traceparent": "00-204d5f42be2645635b3925fd09e0e266-f7840f210981a0ca-00",
        "User-Agent": "azsdk-net-Storage.Files.Shares/12.18.0-alpha.20240501.1 (.NET 7.0.18; Microsoft Windows 10.0.22635)",
        "x-ms-client-request-id": "4679b017-0380-6945-8550-fb92b81324b4",
        "x-ms-return-client-request-id": "true",
        "x-ms-version": "2024-08-04"
      },
      "RequestBody": null,
      "StatusCode": 200,
      "ResponseHeaders": {
        "Content-Length": "0",
        "Content-Type": "application/octet-stream",
        "Date": "Wed, 01 May 2024 21:00:44 GMT",
        "ETag": "\"0x8DC6A21C4EF351B\"",
        "Last-Modified": "Wed, 01 May 2024 21:00:45 GMT",
        "Server": [
          "Windows-Azure-File/1.0",
          "Microsoft-HTTPAPI/2.0"
        ],
        "x-ms-client-request-id": "4679b017-0380-6945-8550-fb92b81324b4",
        "x-ms-file-attributes": "Archive",
        "x-ms-file-change-time": "2024-05-01T21:00:45.0243867Z",
        "x-ms-file-creation-time": "2024-05-01T21:00:45.0243867Z",
        "x-ms-file-id": "13835128424026341376",
        "x-ms-file-last-write-time": "2024-05-01T21:00:45.0243867Z",
        "x-ms-file-parent-id": "0",
        "x-ms-file-permission-key": "5144323600546320195*17277118026500876237",
        "x-ms-lease-state": "available",
        "x-ms-lease-status": "unlocked",
        "x-ms-request-id": "eab52bfe-501a-006e-7f0a-9cc4ad000000",
        "x-ms-server-encrypted": "true",
        "x-ms-type": "File",
        "x-ms-version": "2024-08-04"
      },
      "ResponseBody": null
    },
    {
      "RequestUri": "https://seanmcccanada.file.core.windows.net/test-share-2f5bf83a-2fe5-c10a-3939-3087b84eafa0/test-file-8e85f59e-24ab-0d5b-dbb4-32d1ac5cfe61?sv=2024-08-04&se=2024-05-02T21%3A00%3A44Z&sr=f&sp=rcwd&sig=Sanitized",
      "RequestMethod": "HEAD",
      "RequestHeaders": {
        "Accept": "application/xml",
        "traceparent": "00-d0ae6dccb1dccc3ea8a95d7d8852b050-3be70944e1450313-00",
        "User-Agent": "azsdk-net-Storage.Files.Shares/12.18.0-alpha.20240501.1 (.NET 7.0.18; Microsoft Windows 10.0.22635)",
        "x-ms-client-request-id": "6155e835-a22f-4589-6eae-4d83f42769c5",
        "x-ms-return-client-request-id": "true",
        "x-ms-version": "2024-08-04"
      },
      "RequestBody": null,
      "StatusCode": 404,
      "ResponseHeaders": {
        "Date": "Wed, 01 May 2024 21:00:44 GMT",
        "Server": [
          "Windows-Azure-File/1.0",
          "Microsoft-HTTPAPI/2.0"
        ],
        "Transfer-Encoding": "chunked",
        "x-ms-client-request-id": "6155e835-a22f-4589-6eae-4d83f42769c5",
        "x-ms-error-code": "ResourceNotFound",
        "x-ms-request-id": "eab52bff-501a-006e-800a-9cc4ad000000",
        "x-ms-version": "2024-08-04"
      },
      "ResponseBody": null
    },
    {
      "RequestUri": "https://seanmcccanada.file.core.windows.net/test-share-2f5bf83a-2fe5-c10a-3939-3087b84eafa0/test-file-8e85f59e-24ab-0d5b-dbb4-32d1ac5cfe61?sv=2024-08-04&se=2024-05-02T21%3A00%3A44Z&sr=f&sp=rcwd&sig=Sanitized",
      "RequestMethod": "PUT",
      "RequestHeaders": {
        "Accept": "application/xml",
        "Content-Length": "0",
        "traceparent": "00-184fc041fe3a68d862a4ae3f6321925b-0bd97c13b7d95217-00",
        "User-Agent": "azsdk-net-Storage.Files.Shares/12.18.0-alpha.20240501.1 (.NET 7.0.18; Microsoft Windows 10.0.22635)",
        "x-ms-client-request-id": "d05c7726-c2bd-9e85-c97c-11650e4f8f4b",
        "x-ms-content-length": "0",
        "x-ms-file-attributes": "None",
        "x-ms-file-creation-time": "Now",
        "x-ms-file-last-write-time": "Now",
        "x-ms-file-permission": "Inherit",
        "x-ms-return-client-request-id": "true",
        "x-ms-type": "file",
        "x-ms-version": "2024-08-04"
      },
      "RequestBody": null,
      "StatusCode": 201,
      "ResponseHeaders": {
        "Content-Length": "0",
        "Date": "Wed, 01 May 2024 21:00:44 GMT",
        "ETag": "\"0x8DC6A21C52B9870\"",
        "Last-Modified": "Wed, 01 May 2024 21:00:45 GMT",
        "Server": [
          "Windows-Azure-File/1.0",
          "Microsoft-HTTPAPI/2.0"
        ],
        "x-ms-client-request-id": "d05c7726-c2bd-9e85-c97c-11650e4f8f4b",
        "x-ms-file-attributes": "Archive",
        "x-ms-file-change-time": "2024-05-01T21:00:45.4201456Z",
        "x-ms-file-creation-time": "2024-05-01T21:00:45.4201456Z",
        "x-ms-file-id": "13835128424026341376",
        "x-ms-file-last-write-time": "2024-05-01T21:00:45.4201456Z",
        "x-ms-file-parent-id": "0",
        "x-ms-file-permission-key": "5144323600546320195*17277118026500876237",
        "x-ms-request-id": "eab52c00-501a-006e-010a-9cc4ad000000",
        "x-ms-request-server-encrypted": "true",
        "x-ms-version": "2024-08-04"
      },
      "ResponseBody": null
    },
    {
      "RequestUri": "https://seanmcccanada.file.core.windows.net/test-share-7ed0ee25-c525-332d-42d4-9f59c3c6fd9a/test-file-3253efdc-a6a3-03f8-9a16-6db97cbded33?sv=2024-08-04&se=2024-05-02T21%3A00%3A44Z&sr=f&sp=rcwd&sig=Sanitized",
      "RequestMethod": "HEAD",
      "RequestHeaders": {
        "Accept": "application/xml",
        "traceparent": "00-157d4290fc2a45282035eb0e9845dc51-8dfd9c37761976de-00",
        "User-Agent": "azsdk-net-Storage.Files.Shares/12.18.0-alpha.20240501.1 (.NET 7.0.18; Microsoft Windows 10.0.22635)",
        "x-ms-client-request-id": "7d5c9bff-98cb-4707-bad3-cb90f1efad8e",
        "x-ms-return-client-request-id": "true",
        "x-ms-version": "2024-08-04"
      },
      "RequestBody": null,
      "StatusCode": 200,
      "ResponseHeaders": {
        "Content-Length": "0",
        "Content-Type": "application/octet-stream",
        "Date": "Wed, 01 May 2024 21:00:45 GMT",
        "ETag": "\"0x8DC6A21C4EF351B\"",
        "Last-Modified": "Wed, 01 May 2024 21:00:45 GMT",
        "Server": [
          "Windows-Azure-File/1.0",
          "Microsoft-HTTPAPI/2.0"
        ],
        "x-ms-client-request-id": "7d5c9bff-98cb-4707-bad3-cb90f1efad8e",
        "x-ms-file-attributes": "Archive",
        "x-ms-file-change-time": "2024-05-01T21:00:45.0243867Z",
        "x-ms-file-creation-time": "2024-05-01T21:00:45.0243867Z",
        "x-ms-file-id": "13835128424026341376",
        "x-ms-file-last-write-time": "2024-05-01T21:00:45.0243867Z",
        "x-ms-file-parent-id": "0",
        "x-ms-file-permission-key": "5144323600546320195*17277118026500876237",
        "x-ms-lease-state": "available",
        "x-ms-lease-status": "unlocked",
        "x-ms-request-id": "eab52c01-501a-006e-020a-9cc4ad000000",
        "x-ms-server-encrypted": "true",
        "x-ms-type": "File",
        "x-ms-version": "2024-08-04"
      },
      "ResponseBody": null
    },
    {
      "RequestUri": "https://seanmcccanada.file.core.windows.net/test-share-2f5bf83a-2fe5-c10a-3939-3087b84eafa0/test-file-8e85f59e-24ab-0d5b-dbb4-32d1ac5cfe61?sv=2024-08-04&se=2024-05-02T21%3A00%3A44Z&sr=f&sp=rcwd&sig=Sanitized",
      "RequestMethod": "HEAD",
      "RequestHeaders": {
        "Accept": "application/xml",
        "traceparent": "00-5c9d02f1d88a1de64676c1e17bc77767-8b1d6747968681ee-00",
        "User-Agent": "azsdk-net-Storage.Files.Shares/12.18.0-alpha.20240501.1 (.NET 7.0.18; Microsoft Windows 10.0.22635)",
        "x-ms-client-request-id": "72651ec0-12f2-827f-ac79-c08dc7e640a4",
        "x-ms-return-client-request-id": "true",
        "x-ms-version": "2024-08-04"
      },
      "RequestBody": null,
      "StatusCode": 200,
      "ResponseHeaders": {
        "Content-Length": "0",
        "Content-Type": "application/octet-stream",
        "Date": "Wed, 01 May 2024 21:00:45 GMT",
        "ETag": "\"0x8DC6A21C52B9870\"",
        "Last-Modified": "Wed, 01 May 2024 21:00:45 GMT",
        "Server": [
          "Windows-Azure-File/1.0",
          "Microsoft-HTTPAPI/2.0"
        ],
        "x-ms-client-request-id": "72651ec0-12f2-827f-ac79-c08dc7e640a4",
        "x-ms-file-attributes": "Archive",
        "x-ms-file-change-time": "2024-05-01T21:00:45.4201456Z",
        "x-ms-file-creation-time": "2024-05-01T21:00:45.4201456Z",
        "x-ms-file-id": "13835128424026341376",
        "x-ms-file-last-write-time": "2024-05-01T21:00:45.4201456Z",
        "x-ms-file-parent-id": "0",
        "x-ms-file-permission-key": "5144323600546320195*17277118026500876237",
        "x-ms-lease-state": "available",
        "x-ms-lease-status": "unlocked",
        "x-ms-request-id": "eab52c02-501a-006e-030a-9cc4ad000000",
        "x-ms-server-encrypted": "true",
        "x-ms-type": "File",
        "x-ms-version": "2024-08-04"
      },
      "ResponseBody": null
    },
    {
      "RequestUri": "https://seanmcccanada.file.core.windows.net/test-share-2f5bf83a-2fe5-c10a-3939-3087b84eafa0?restype=share",
      "RequestMethod": "DELETE",
      "RequestHeaders": {
        "Accept": "application/xml",
        "Authorization": "Sanitized",
        "traceparent": "00-53232899b12b60afce3e5803a532cc64-ba0f13a352e1dbb7-00",
        "User-Agent": "azsdk-net-Storage.Files.Shares/12.18.0-alpha.20240501.1 (.NET 7.0.18; Microsoft Windows 10.0.22635)",
        "x-ms-client-request-id": "d3d08f05-3a89-539c-075e-274073c3cb19",
        "x-ms-date": "Wed, 01 May 2024 21:00:45 GMT",
        "x-ms-delete-snapshots": "include",
        "x-ms-return-client-request-id": "true",
        "x-ms-version": "2024-08-04"
      },
      "RequestBody": null,
      "StatusCode": 202,
      "ResponseHeaders": {
        "Content-Length": "0",
        "Date": "Wed, 01 May 2024 21:00:45 GMT",
        "Server": [
          "Windows-Azure-File/1.0",
          "Microsoft-HTTPAPI/2.0"
        ],
        "x-ms-client-request-id": "d3d08f05-3a89-539c-075e-274073c3cb19",
        "x-ms-request-id": "eab52c03-501a-006e-040a-9cc4ad000000",
        "x-ms-version": "2024-08-04"
      },
      "ResponseBody": null
    },
    {
      "RequestUri": "https://seanmcccanada.file.core.windows.net/test-share-7ed0ee25-c525-332d-42d4-9f59c3c6fd9a?restype=share",
      "RequestMethod": "DELETE",
      "RequestHeaders": {
        "Accept": "application/xml",
        "Authorization": "Sanitized",
        "traceparent": "00-29a6c1fa1d197f984e45bcb761ca7a65-1d8f5c3f4a176899-00",
        "User-Agent": "azsdk-net-Storage.Files.Shares/12.18.0-alpha.20240501.1 (.NET 7.0.18; Microsoft Windows 10.0.22635)",
        "x-ms-client-request-id": "38885170-6c16-b11a-5981-3f4dc0f95887",
        "x-ms-date": "Wed, 01 May 2024 21:00:45 GMT",
        "x-ms-delete-snapshots": "include",
        "x-ms-return-client-request-id": "true",
        "x-ms-version": "2024-08-04"
      },
      "RequestBody": null,
      "StatusCode": 202,
      "ResponseHeaders": {
        "Content-Length": "0",
        "Date": "Wed, 01 May 2024 21:00:45 GMT",
        "Server": [
          "Windows-Azure-File/1.0",
          "Microsoft-HTTPAPI/2.0"
        ],
        "x-ms-client-request-id": "38885170-6c16-b11a-5981-3f4dc0f95887",
        "x-ms-request-id": "eab52c05-501a-006e-050a-9cc4ad000000",
        "x-ms-version": "2024-08-04"
      },
      "ResponseBody": null
    }
  ],
  "Variables": {
    "DateTimeOffsetNow": "2024-05-01T14:00:44.8174570-07:00",
    "RandomSeed": "1679706310",
    "Storage_TestConfigDefault": "ProductionTenant\nseanmcccanada\nU2FuaXRpemVk\nhttps://seanmcccanada.blob.core.windows.net\nhttps://seanmcccanada.file.core.windows.net\nhttps://seanmcccanada.queue.core.windows.net\nhttps://seanmcccanada.table.core.windows.net\n\n\n\n\nhttps://seanmcccanada-secondary.blob.core.windows.net\nhttps://seanmcccanada-secondary.file.core.windows.net\nhttps://seanmcccanada-secondary.queue.core.windows.net\nhttps://seanmcccanada-secondary.table.core.windows.net\n\nSanitized\n\n\nCloud\nBlobEndpoint=https://seanmcccanada.blob.core.windows.net/;QueueEndpoint=https://seanmcccanada.queue.core.windows.net/;FileEndpoint=https://seanmcccanada.file.core.windows.net/;BlobSecondaryEndpoint=https://seanmcccanada-secondary.blob.core.windows.net/;QueueSecondaryEndpoint=https://seanmcccanada-secondary.queue.core.windows.net/;FileSecondaryEndpoint=https://seanmcccanada-secondary.file.core.windows.net/;AccountName=seanmcccanada;AccountKey=Sanitized\nencryptionScope\n\n"
  }
}
