{
  "Entries": [
    {
      "RequestUri": "https://seanmcccanada.file.core.windows.net/test-share-495c11fc-5c60-38f5-c06c-7f18842c9fbd?restype=share",
      "RequestMethod": "PUT",
      "RequestHeaders": {
        "Accept": "application/xml",
        "Authorization": "Sanitized",
        "Content-Length": "0",
        "traceparent": "00-b98a93d28746a03acf3447afd8b7f4cb-a3f530b9b539e68d-00",
        "User-Agent": "azsdk-net-Storage.Files.Shares/12.17.0-alpha.20231022.1 (.NET 6.0.23; Microsoft Windows 10.0.22635)",
        "x-ms-client-request-id": "fe31e3fb-4abc-184b-c91d-aa759533630c",
        "x-ms-date": "Mon, 23 Oct 2023 03:53:22 GMT",
        "x-ms-return-client-request-id": "true",
        "x-ms-version": "2023-11-03"
      },
      "RequestBody": null,
      "StatusCode": 201,
      "ResponseHeaders": {
        "Content-Length": "0",
        "Date": "Mon, 23 Oct 2023 03:53:23 GMT",
        "ETag": "\u00220x8DBD37B9B24EB17\u0022",
        "Last-Modified": "Mon, 23 Oct 2023 03:53:24 GMT",
        "Server": [
          "Windows-Azure-File/1.0",
          "Microsoft-HTTPAPI/2.0"
        ],
        "x-ms-client-request-id": "fe31e3fb-4abc-184b-c91d-aa759533630c",
        "x-ms-request-id": "3cd0d7f4-501a-001c-6364-05c3e2000000",
        "x-ms-version": "2023-11-03"
      },
      "ResponseBody": null
    },
    {
      "RequestUri": "https://seanmcccanada.file.core.windows.net/test-share-07061658-5660-b647-b128-a6bf564d5ad9?restype=share",
      "RequestMethod": "PUT",
      "RequestHeaders": {
        "Accept": "application/xml",
        "Authorization": "Sanitized",
        "Content-Length": "0",
        "traceparent": "00-17b5371298ebaac8d643079744668fa4-3443d10a080b0669-00",
        "User-Agent": "azsdk-net-Storage.Files.Shares/12.17.0-alpha.20231022.1 (.NET 6.0.23; Microsoft Windows 10.0.22635)",
        "x-ms-client-request-id": "c74ff93d-a1e0-a5ad-9b7b-4d93a38bc27c",
        "x-ms-date": "Mon, 23 Oct 2023 03:53:23 GMT",
        "x-ms-return-client-request-id": "true",
        "x-ms-version": "2023-11-03"
      },
      "RequestBody": null,
      "StatusCode": 201,
      "ResponseHeaders": {
        "Content-Length": "0",
        "Date": "Mon, 23 Oct 2023 03:53:23 GMT",
        "ETag": "\u00220x8DBD37B9B3409ED\u0022",
        "Last-Modified": "Mon, 23 Oct 2023 03:53:24 GMT",
        "Server": [
          "Windows-Azure-File/1.0",
          "Microsoft-HTTPAPI/2.0"
        ],
        "x-ms-client-request-id": "c74ff93d-a1e0-a5ad-9b7b-4d93a38bc27c",
        "x-ms-request-id": "3cd0d7f6-501a-001c-6464-05c3e2000000",
        "x-ms-version": "2023-11-03"
      },
      "ResponseBody": null
    },
    {
      "RequestUri": "https://seanmcccanada.file.core.windows.net/test-share-495c11fc-5c60-38f5-c06c-7f18842c9fbd/test-file-23b1d0c3-c117-b811-1537-da46f55a1ac6",
      "RequestMethod": "PUT",
      "RequestHeaders": {
        "Accept": "application/xml",
        "Authorization": "Sanitized",
        "Content-Length": "0",
        "traceparent": "00-87f232dbb9ad4e28e6f035399b1f5923-270110de40fd2356-00",
        "User-Agent": "azsdk-net-Storage.Files.Shares/12.17.0-alpha.20231022.1 (.NET 6.0.23; Microsoft Windows 10.0.22635)",
        "x-ms-client-request-id": "94a62813-139b-28d3-9447-c12377cf60de",
        "x-ms-content-length": "100",
        "x-ms-date": "Mon, 23 Oct 2023 03:53:23 GMT",
        "x-ms-file-attributes": "None",
        "x-ms-file-creation-time": "Now",
        "x-ms-file-last-write-time": "Now",
        "x-ms-file-permission": "Inherit",
        "x-ms-return-client-request-id": "true",
        "x-ms-type": "file",
        "x-ms-version": "2023-11-03"
      },
      "RequestBody": null,
      "StatusCode": 201,
      "ResponseHeaders": {
        "Content-Length": "0",
        "Date": "Mon, 23 Oct 2023 03:53:23 GMT",
        "ETag": "\u00220x8DBD37B9B424090\u0022",
        "Last-Modified": "Mon, 23 Oct 2023 03:53:24 GMT",
        "Server": [
          "Windows-Azure-File/1.0",
          "Microsoft-HTTPAPI/2.0"
        ],
        "x-ms-client-request-id": "94a62813-139b-28d3-9447-c12377cf60de",
        "x-ms-file-attributes": "Archive",
        "x-ms-file-change-time": "2023-10-23T03:53:24.2305680Z",
        "x-ms-file-creation-time": "2023-10-23T03:53:24.2305680Z",
        "x-ms-file-id": "13835128424026341376",
        "x-ms-file-last-write-time": "2023-10-23T03:53:24.2305680Z",
        "x-ms-file-parent-id": "0",
        "x-ms-file-permission-key": "5144323600546320195*17277118026500876237",
        "x-ms-request-id": "3cd0d7f8-501a-001c-6564-05c3e2000000",
        "x-ms-request-server-encrypted": "true",
        "x-ms-version": "2023-11-03"
      },
      "ResponseBody": null
    },
    {
      "RequestUri": "https://seanmcccanada.file.core.windows.net/test-share-495c11fc-5c60-38f5-c06c-7f18842c9fbd/test-file-23b1d0c3-c117-b811-1537-da46f55a1ac6?sv=2023-11-03\u0026se=2023-10-25T03%3A53%3A23Z\u0026sr=f\u0026sp=rcwd\u0026sig=Sanitized",
      "RequestMethod": "HEAD",
      "RequestHeaders": {
        "Accept": "application/xml",
        "traceparent": "00-3509c891d79efb1ebda7af5a19bb959b-fc2db0c62b7889a9-00",
        "User-Agent": "azsdk-net-Storage.Files.Shares/12.17.0-alpha.20231022.1 (.NET 6.0.23; Microsoft Windows 10.0.22635)",
        "x-ms-client-request-id": "5bf37dd2-a5ad-ee28-842c-c39451d13df4",
        "x-ms-return-client-request-id": "true",
        "x-ms-version": "2023-11-03"
      },
      "RequestBody": null,
      "StatusCode": 200,
      "ResponseHeaders": {
        "Content-Length": "100",
        "Content-Type": "application/octet-stream",
        "Date": "Mon, 23 Oct 2023 03:53:23 GMT",
        "ETag": "\u00220x8DBD37B9B424090\u0022",
        "Last-Modified": "Mon, 23 Oct 2023 03:53:24 GMT",
        "Server": [
          "Windows-Azure-File/1.0",
          "Microsoft-HTTPAPI/2.0"
        ],
        "x-ms-client-request-id": "5bf37dd2-a5ad-ee28-842c-c39451d13df4",
        "x-ms-file-attributes": "Archive",
        "x-ms-file-change-time": "2023-10-23T03:53:24.2305680Z",
        "x-ms-file-creation-time": "2023-10-23T03:53:24.2305680Z",
        "x-ms-file-id": "13835128424026341376",
        "x-ms-file-last-write-time": "2023-10-23T03:53:24.2305680Z",
        "x-ms-file-parent-id": "0",
        "x-ms-file-permission-key": "5144323600546320195*17277118026500876237",
        "x-ms-lease-state": "available",
        "x-ms-lease-status": "unlocked",
        "x-ms-request-id": "3cd0d7f9-501a-001c-6664-05c3e2000000",
        "x-ms-server-encrypted": "true",
        "x-ms-type": "File",
        "x-ms-version": "2023-11-03"
      },
      "ResponseBody": null
    },
    {
      "RequestUri": "https://seanmcccanada.file.core.windows.net/test-share-07061658-5660-b647-b128-a6bf564d5ad9/test-file-5d813789-93fd-22f9-c477-0680536d2ba0?sv=2023-11-03\u0026se=2023-10-25T03%3A53%3A23Z\u0026sr=f\u0026sp=rcwd\u0026sig=Sanitized",
      "RequestMethod": "HEAD",
      "RequestHeaders": {
        "Accept": "application/xml",
        "traceparent": "00-4d5c824dfdd93adf5950db54326578ea-bcffa3e7b9545d54-00",
        "User-Agent": "azsdk-net-Storage.Files.Shares/12.17.0-alpha.20231022.1 (.NET 6.0.23; Microsoft Windows 10.0.22635)",
        "x-ms-client-request-id": "f9510078-05dc-fb31-969a-6d4890c2be7b",
        "x-ms-return-client-request-id": "true",
        "x-ms-version": "2023-11-03"
      },
      "RequestBody": null,
      "StatusCode": 404,
      "ResponseHeaders": {
        "Date": "Mon, 23 Oct 2023 03:53:23 GMT",
        "Server": [
          "Windows-Azure-File/1.0",
          "Microsoft-HTTPAPI/2.0"
        ],
        "Transfer-Encoding": "chunked",
        "x-ms-client-request-id": "f9510078-05dc-fb31-969a-6d4890c2be7b",
        "x-ms-error-code": "ResourceNotFound",
        "x-ms-request-id": "3cd0d7fa-501a-001c-6764-05c3e2000000",
        "x-ms-version": "2023-11-03"
      },
      "ResponseBody": null
    },
    {
      "RequestUri": "https://seanmcccanada.file.core.windows.net/test-share-07061658-5660-b647-b128-a6bf564d5ad9/test-file-5d813789-93fd-22f9-c477-0680536d2ba0?sv=2023-11-03\u0026se=2023-10-25T03%3A53%3A23Z\u0026sr=f\u0026sp=rcwd\u0026sig=Sanitized",
      "RequestMethod": "PUT",
      "RequestHeaders": {
        "Accept": "application/xml",
        "Content-Length": "0",
        "traceparent": "00-6f2fad969e3a696ad4c788758cc75375-9702a605db9ac87c-00",
        "User-Agent": "azsdk-net-Storage.Files.Shares/12.17.0-alpha.20231022.1 (.NET 6.0.23; Microsoft Windows 10.0.22635)",
        "x-ms-client-request-id": "511ca544-4480-cb18-206c-8f8d31d12f0e",
        "x-ms-content-length": "100",
        "x-ms-file-attributes": "None",
        "x-ms-file-creation-time": "Now",
        "x-ms-file-last-write-time": "Now",
        "x-ms-file-permission": "Inherit",
        "x-ms-return-client-request-id": "true",
        "x-ms-type": "file",
        "x-ms-version": "2023-11-03"
      },
      "RequestBody": null,
      "StatusCode": 201,
      "ResponseHeaders": {
        "Content-Length": "0",
        "Date": "Mon, 23 Oct 2023 03:53:23 GMT",
        "ETag": "\u00220x8DBD37B9B70EAC1\u0022",
        "Last-Modified": "Mon, 23 Oct 2023 03:53:24 GMT",
        "Server": [
          "Windows-Azure-File/1.0",
          "Microsoft-HTTPAPI/2.0"
        ],
        "x-ms-client-request-id": "511ca544-4480-cb18-206c-8f8d31d12f0e",
        "x-ms-file-attributes": "Archive",
        "x-ms-file-change-time": "2023-10-23T03:53:24.5363905Z",
        "x-ms-file-creation-time": "2023-10-23T03:53:24.5363905Z",
        "x-ms-file-id": "13835128424026341376",
        "x-ms-file-last-write-time": "2023-10-23T03:53:24.5363905Z",
        "x-ms-file-parent-id": "0",
        "x-ms-file-permission-key": "5144323600546320195*17277118026500876237",
        "x-ms-request-id": "3cd0d7fb-501a-001c-6864-05c3e2000000",
        "x-ms-request-server-encrypted": "true",
        "x-ms-version": "2023-11-03"
      },
      "ResponseBody": null
    },
    {
      "RequestUri": "https://seanmcccanada.file.core.windows.net/test-share-07061658-5660-b647-b128-a6bf564d5ad9/test-file-5d813789-93fd-22f9-c477-0680536d2ba0?sv=2023-11-03\u0026se=2023-10-25T03%3A53%3A23Z\u0026sr=f\u0026sp=rcwd\u0026sig=Sanitized\u0026comp=range",
      "RequestMethod": "PUT",
      "RequestHeaders": {
        "Accept": "application/xml",
        "Content-Length": "0",
        "traceparent": "00-c0020075a10ec816e42fe7da6f8f4290-a1d00b610385735e-00",
        "User-Agent": "azsdk-net-Storage.Files.Shares/12.17.0-alpha.20231022.1 (.NET 6.0.23; Microsoft Windows 10.0.22635)",
        "x-ms-client-request-id": "ea038d35-6ca6-60fb-7f92-cda11a0b0193",
        "x-ms-copy-source": "https://seanmcccanada.file.core.windows.net/test-share-495c11fc-5c60-38f5-c06c-7f18842c9fbd/test-file-23b1d0c3-c117-b811-1537-da46f55a1ac6?sv=2023-11-03\u0026se=2023-10-25T03%3A53%3A23Z\u0026sr=f\u0026sp=rcwd\u0026sig=Sanitized",
        "x-ms-range": "bytes=0-99",
        "x-ms-return-client-request-id": "true",
        "x-ms-source-range": "bytes=0-99",
        "x-ms-version": "2023-11-03",
        "x-ms-write": "update"
      },
      "RequestBody": null,
      "StatusCode": 201,
      "ResponseHeaders": {
        "Content-Length": "0",
        "Date": "Mon, 23 Oct 2023 03:53:24 GMT",
        "ETag": "\u00220x8DBD37B9B831085\u0022",
        "Last-Modified": "Mon, 23 Oct 2023 03:53:24 GMT",
        "Server": [
          "Windows-Azure-File/1.0",
          "Microsoft-HTTPAPI/2.0"
        ],
        "x-ms-client-request-id": "ea038d35-6ca6-60fb-7f92-cda11a0b0193",
        "x-ms-content-crc64": "dA8entnj04c=",
        "x-ms-file-last-write-time": "2023-10-23T03:53:24.6553221Z",
        "x-ms-request-id": "3cd0d7fc-501a-001c-6964-05c3e2000000",
        "x-ms-request-server-encrypted": "true",
        "x-ms-version": "2023-11-03"
      },
      "ResponseBody": null
    },
    {
      "RequestUri": "https://seanmcccanada.file.core.windows.net/test-share-495c11fc-5c60-38f5-c06c-7f18842c9fbd/test-file-23b1d0c3-c117-b811-1537-da46f55a1ac6?sv=2023-11-03\u0026se=2023-10-25T03%3A53%3A23Z\u0026sr=f\u0026sp=rcwd\u0026sig=Sanitized",
      "RequestMethod": "HEAD",
      "RequestHeaders": {
        "Accept": "application/xml",
        "traceparent": "00-728e390de60a3a410cc8ff4d83539bb1-7612d7e1ab9ce340-00",
        "User-Agent": "azsdk-net-Storage.Files.Shares/12.17.0-alpha.20231022.1 (.NET 6.0.23; Microsoft Windows 10.0.22635)",
        "x-ms-client-request-id": "a45867cf-44cd-6c67-d1b3-72b32c6eb55b",
        "x-ms-return-client-request-id": "true",
        "x-ms-version": "2023-11-03"
      },
      "RequestBody": null,
      "StatusCode": 200,
      "ResponseHeaders": {
        "Content-Length": "100",
        "Content-Type": "application/octet-stream",
        "Date": "Mon, 23 Oct 2023 03:53:24 GMT",
        "ETag": "\u00220x8DBD37B9B424090\u0022",
        "Last-Modified": "Mon, 23 Oct 2023 03:53:24 GMT",
        "Server": [
          "Windows-Azure-File/1.0",
          "Microsoft-HTTPAPI/2.0"
        ],
        "x-ms-client-request-id": "a45867cf-44cd-6c67-d1b3-72b32c6eb55b",
        "x-ms-file-attributes": "Archive",
        "x-ms-file-change-time": "2023-10-23T03:53:24.2305680Z",
        "x-ms-file-creation-time": "2023-10-23T03:53:24.2305680Z",
        "x-ms-file-id": "13835128424026341376",
        "x-ms-file-last-write-time": "2023-10-23T03:53:24.2305680Z",
        "x-ms-file-parent-id": "0",
        "x-ms-file-permission-key": "5144323600546320195*17277118026500876237",
        "x-ms-lease-state": "available",
        "x-ms-lease-status": "unlocked",
        "x-ms-request-id": "3cd0d7fd-501a-001c-6a64-05c3e2000000",
        "x-ms-server-encrypted": "true",
        "x-ms-type": "File",
        "x-ms-version": "2023-11-03"
      },
      "ResponseBody": null
    },
    {
      "RequestUri": "https://seanmcccanada.file.core.windows.net/test-share-07061658-5660-b647-b128-a6bf564d5ad9/test-file-5d813789-93fd-22f9-c477-0680536d2ba0?sv=2023-11-03\u0026se=2023-10-25T03%3A53%3A23Z\u0026sr=f\u0026sp=rcwd\u0026sig=Sanitized",
      "RequestMethod": "HEAD",
      "RequestHeaders": {
        "Accept": "application/xml",
        "traceparent": "00-debaa3c74bf4fc8ed0742f0bf8874b73-5271ffe15be88472-00",
        "User-Agent": "azsdk-net-Storage.Files.Shares/12.17.0-alpha.20231022.1 (.NET 6.0.23; Microsoft Windows 10.0.22635)",
        "x-ms-client-request-id": "b2d1c941-5db3-bec5-14d0-c0a801e71e27",
        "x-ms-return-client-request-id": "true",
        "x-ms-version": "2023-11-03"
      },
      "RequestBody": null,
      "StatusCode": 200,
      "ResponseHeaders": {
        "Content-Length": "100",
        "Content-Type": "application/octet-stream",
        "Date": "Mon, 23 Oct 2023 03:53:24 GMT",
        "ETag": "\u00220x8DBD37B9B831085\u0022",
        "Last-Modified": "Mon, 23 Oct 2023 03:53:24 GMT",
        "Server": [
          "Windows-Azure-File/1.0",
          "Microsoft-HTTPAPI/2.0"
        ],
        "x-ms-client-request-id": "b2d1c941-5db3-bec5-14d0-c0a801e71e27",
        "x-ms-file-attributes": "Archive",
        "x-ms-file-change-time": "2023-10-23T03:53:24.6553221Z",
        "x-ms-file-creation-time": "2023-10-23T03:53:24.5363905Z",
        "x-ms-file-id": "13835128424026341376",
        "x-ms-file-last-write-time": "2023-10-23T03:53:24.6553221Z",
        "x-ms-file-parent-id": "0",
        "x-ms-file-permission-key": "5144323600546320195*17277118026500876237",
        "x-ms-lease-state": "available",
        "x-ms-lease-status": "unlocked",
        "x-ms-request-id": "3cd0d7fe-501a-001c-6b64-05c3e2000000",
        "x-ms-server-encrypted": "true",
        "x-ms-type": "File",
        "x-ms-version": "2023-11-03"
      },
      "ResponseBody": null
    },
    {
      "RequestUri": "https://seanmcccanada.file.core.windows.net/test-share-495c11fc-5c60-38f5-c06c-7f18842c9fbd/test-file-23b1d0c3-c117-b811-1537-da46f55a1ac6?sv=2023-11-03\u0026se=2023-10-25T03%3A53%3A23Z\u0026sr=f\u0026sp=rcwd\u0026sig=Sanitized",
      "RequestMethod": "GET",
      "RequestHeaders": {
        "Accept": "application/xml",
        "User-Agent": "azsdk-net-Storage.Files.Shares/12.17.0-alpha.20231022.1 (.NET 6.0.23; Microsoft Windows 10.0.22635)",
        "x-ms-client-request-id": "63716202-029c-bfa8-3be6-ea0e4b23bf0b",
        "x-ms-range": "bytes=0-4194303",
        "x-ms-return-client-request-id": "true",
        "x-ms-version": "2023-11-03"
      },
      "RequestBody": null,
      "StatusCode": 206,
      "ResponseHeaders": {
        "Accept-Ranges": "bytes",
        "Content-Length": "100",
        "Content-Range": "bytes 0-99/100",
        "Content-Type": "application/octet-stream",
        "Date": "Mon, 23 Oct 2023 03:53:24 GMT",
        "ETag": "\u00220x8DBD37B9B424090\u0022",
        "Last-Modified": "Mon, 23 Oct 2023 03:53:24 GMT",
        "Server": [
          "Windows-Azure-File/1.0",
          "Microsoft-HTTPAPI/2.0"
        ],
        "x-ms-client-request-id": "63716202-029c-bfa8-3be6-ea0e4b23bf0b",
        "x-ms-file-attributes": "Archive",
        "x-ms-file-change-time": "2023-10-23T03:53:24.2305680Z",
        "x-ms-file-creation-time": "2023-10-23T03:53:24.2305680Z",
        "x-ms-file-id": "13835128424026341376",
        "x-ms-file-last-write-time": "2023-10-23T03:53:24.2305680Z",
        "x-ms-file-parent-id": "0",
        "x-ms-file-permission-key": "5144323600546320195*17277118026500876237",
        "x-ms-lease-state": "available",
        "x-ms-lease-status": "unlocked",
        "x-ms-request-id": "3cd0d7ff-501a-001c-6c64-05c3e2000000",
        "x-ms-server-encrypted": "true",
        "x-ms-type": "File",
        "x-ms-version": "2023-11-03"
      },
      "ResponseBody": "AAAAAAAAAAAAAAAAAAAAAAAAAAAAAAAAAAAAAAAAAAAAAAAAAAAAAAAAAAAAAAAAAAAAAAAAAAAAAAAAAAAAAAAAAAAAAAAAAAAAAAAAAAAAAAAAAAAAAAAAAAAAAAAAAAAAAA=="
    },
    {
      "RequestUri": "https://seanmcccanada.file.core.windows.net/test-share-07061658-5660-b647-b128-a6bf564d5ad9/test-file-5d813789-93fd-22f9-c477-0680536d2ba0?sv=2023-11-03\u0026se=2023-10-25T03%3A53%3A23Z\u0026sr=f\u0026sp=rcwd\u0026sig=Sanitized",
      "RequestMethod": "GET",
      "RequestHeaders": {
        "Accept": "application/xml",
        "User-Agent": "azsdk-net-Storage.Files.Shares/12.17.0-alpha.20231022.1 (.NET 6.0.23; Microsoft Windows 10.0.22635)",
        "x-ms-client-request-id": "9fa587e5-bb75-958a-e685-72e467177979",
        "x-ms-range": "bytes=0-4194303",
        "x-ms-return-client-request-id": "true",
        "x-ms-version": "2023-11-03"
      },
      "RequestBody": null,
      "StatusCode": 206,
      "ResponseHeaders": {
        "Accept-Ranges": "bytes",
        "Content-Length": "100",
        "Content-Range": "bytes 0-99/100",
        "Content-Type": "application/octet-stream",
        "Date": "Mon, 23 Oct 2023 03:53:24 GMT",
        "ETag": "\u00220x8DBD37B9B831085\u0022",
        "Last-Modified": "Mon, 23 Oct 2023 03:53:24 GMT",
        "Server": [
          "Windows-Azure-File/1.0",
          "Microsoft-HTTPAPI/2.0"
        ],
        "x-ms-client-request-id": "9fa587e5-bb75-958a-e685-72e467177979",
        "x-ms-file-attributes": "Archive",
        "x-ms-file-change-time": "2023-10-23T03:53:24.6553221Z",
        "x-ms-file-creation-time": "2023-10-23T03:53:24.5363905Z",
        "x-ms-file-id": "13835128424026341376",
        "x-ms-file-last-write-time": "2023-10-23T03:53:24.6553221Z",
        "x-ms-file-parent-id": "0",
        "x-ms-file-permission-key": "5144323600546320195*17277118026500876237",
        "x-ms-lease-state": "available",
        "x-ms-lease-status": "unlocked",
        "x-ms-request-id": "3cd0d800-501a-001c-6d64-05c3e2000000",
        "x-ms-server-encrypted": "true",
        "x-ms-type": "File",
        "x-ms-version": "2023-11-03"
      },
      "ResponseBody": "AAAAAAAAAAAAAAAAAAAAAAAAAAAAAAAAAAAAAAAAAAAAAAAAAAAAAAAAAAAAAAAAAAAAAAAAAAAAAAAAAAAAAAAAAAAAAAAAAAAAAAAAAAAAAAAAAAAAAAAAAAAAAAAAAAAAAA=="
    },
    {
      "RequestUri": "https://seanmcccanada.file.core.windows.net/test-share-07061658-5660-b647-b128-a6bf564d5ad9?restype=share",
      "RequestMethod": "DELETE",
      "RequestHeaders": {
        "Accept": "application/xml",
        "Authorization": "Sanitized",
        "traceparent": "00-6d8ee570e78994571dc830b68bf5860e-7b79fa4d79fb086b-00",
        "User-Agent": "azsdk-net-Storage.Files.Shares/12.17.0-alpha.20231022.1 (.NET 6.0.23; Microsoft Windows 10.0.22635)",
        "x-ms-client-request-id": "c329e416-207d-e096-a32c-0ccd8f61888c",
        "x-ms-date": "Mon, 23 Oct 2023 03:53:24 GMT",
        "x-ms-delete-snapshots": "include",
        "x-ms-return-client-request-id": "true",
        "x-ms-version": "2023-11-03"
      },
      "RequestBody": null,
      "StatusCode": 202,
      "ResponseHeaders": {
        "Content-Length": "0",
        "Date": "Mon, 23 Oct 2023 03:53:24 GMT",
        "Server": [
          "Windows-Azure-File/1.0",
          "Microsoft-HTTPAPI/2.0"
        ],
        "x-ms-client-request-id": "c329e416-207d-e096-a32c-0ccd8f61888c",
        "x-ms-request-id": "3cd0d802-501a-001c-6e64-05c3e2000000",
        "x-ms-version": "2023-11-03"
      },
      "ResponseBody": null
    },
    {
      "RequestUri": "https://seanmcccanada.file.core.windows.net/test-share-495c11fc-5c60-38f5-c06c-7f18842c9fbd?restype=share",
      "RequestMethod": "DELETE",
      "RequestHeaders": {
        "Accept": "application/xml",
        "Authorization": "Sanitized",
        "traceparent": "00-4b30838894ff4d13093237197be2b0b0-96d28d533f0c6336-00",
        "User-Agent": "azsdk-net-Storage.Files.Shares/12.17.0-alpha.20231022.1 (.NET 6.0.23; Microsoft Windows 10.0.22635)",
        "x-ms-client-request-id": "82cde872-b5ed-b7fb-0e98-1d20eb1670bb",
        "x-ms-date": "Mon, 23 Oct 2023 03:53:24 GMT",
        "x-ms-delete-snapshots": "include",
        "x-ms-return-client-request-id": "true",
        "x-ms-version": "2023-11-03"
      },
      "RequestBody": null,
      "StatusCode": 202,
      "ResponseHeaders": {
        "Content-Length": "0",
        "Date": "Mon, 23 Oct 2023 03:53:24 GMT",
        "Server": [
          "Windows-Azure-File/1.0",
          "Microsoft-HTTPAPI/2.0"
        ],
        "x-ms-client-request-id": "82cde872-b5ed-b7fb-0e98-1d20eb1670bb",
        "x-ms-request-id": "3cd0d804-501a-001c-6f64-05c3e2000000",
        "x-ms-version": "2023-11-03"
      },
      "ResponseBody": null
    }
  ],
  "Variables": {
    "RandomSeed": "2048417673",
    "Storage_TestConfigDefault": "ProductionTenant\nseanmcccanada\nU2FuaXRpemVk\nhttps://seanmcccanada.blob.core.windows.net\nhttps://seanmcccanada.file.core.windows.net\nhttps://seanmcccanada.queue.core.windows.net\nhttps://seanmcccanada.table.core.windows.net\n\n\n\n\nhttps://seanmcccanada-secondary.blob.core.windows.net\nhttps://seanmcccanada-secondary.file.core.windows.net\nhttps://seanmcccanada-secondary.queue.core.windows.net\nhttps://seanmcccanada-secondary.table.core.windows.net\n\nSanitized\n\n\nCloud\nBlobEndpoint=https://seanmcccanada.blob.core.windows.net/;QueueEndpoint=https://seanmcccanada.queue.core.windows.net/;FileEndpoint=https://seanmcccanada.file.core.windows.net/;BlobSecondaryEndpoint=https://seanmcccanada-secondary.blob.core.windows.net/;QueueSecondaryEndpoint=https://seanmcccanada-secondary.queue.core.windows.net/;FileSecondaryEndpoint=https://seanmcccanada-secondary.file.core.windows.net/;AccountName=seanmcccanada;AccountKey=Sanitized\nencryptionScope1\n\n"
  }
}
