{
  "Entries": [
    {
      "RequestUri": "https://amandadev2.file.core.windows.net/test-share-53ef891b-6af3-d7b1-5900-a2a03d29d029?restype=share",
      "RequestMethod": "PUT",
      "RequestHeaders": {
        "Accept": "application/xml",
        "Authorization": "Sanitized",
        "Content-Length": "0",
        "traceparent": "00-95e38aa0abedc18c14acce6b92b34bc6-ecdd286ba681f1a5-00",
        "User-Agent": "azsdk-net-Storage.Files.Shares/12.19.0-alpha.20240702.1 (.NET 6.0.31; Microsoft Windows 10.0.22635)",
        "x-ms-client-request-id": "Sanitized",
        "x-ms-date": "Tue, 02 Jul 2024 18:28:30 GMT",
        "x-ms-return-client-request-id": "true",
        "x-ms-version": "2024-08-04"
      },
      "RequestBody": null,
      "StatusCode": 201,
      "ResponseHeaders": {
        "Content-Length": "0",
        "Date": "Tue, 02 Jul 2024 18:28:29 GMT",
        "ETag": "\"0x8DC9AC4C5900FEA\"",
        "Last-Modified": "Tue, 02 Jul 2024 18:28:29 GMT",
        "Server": [
          "Windows-Azure-File/1.0",
          "Microsoft-HTTPAPI/2.0"
        ],
        "x-ms-client-request-id": "Sanitized",
        "x-ms-request-id": "19578bb7-e01a-0055-5fad-cc656a000000",
        "x-ms-version": "2024-08-04"
      },
      "ResponseBody": null
    },
    {
      "RequestUri": "https://amandadev2.file.core.windows.net/test-share-10334a70-c4e4-eb9c-61b2-65bc370f2202?restype=share",
      "RequestMethod": "PUT",
      "RequestHeaders": {
        "Accept": "application/xml",
        "Authorization": "Sanitized",
        "Content-Length": "0",
        "traceparent": "00-c2b54bc9cc88d92b9cdaadbefcdf376e-1eba43978dd6ab18-00",
        "User-Agent": "azsdk-net-Storage.Files.Shares/12.19.0-alpha.20240702.1 (.NET 6.0.31; Microsoft Windows 10.0.22635)",
        "x-ms-client-request-id": "Sanitized",
        "x-ms-date": "Tue, 02 Jul 2024 18:28:30 GMT",
        "x-ms-return-client-request-id": "true",
        "x-ms-version": "2024-08-04"
      },
      "RequestBody": null,
      "StatusCode": 201,
      "ResponseHeaders": {
        "Content-Length": "0",
        "Date": "Tue, 02 Jul 2024 18:28:29 GMT",
        "ETag": "\"0x8DC9AC4C59B0AC9\"",
        "Last-Modified": "Tue, 02 Jul 2024 18:28:29 GMT",
        "Server": [
          "Windows-Azure-File/1.0",
          "Microsoft-HTTPAPI/2.0"
        ],
        "x-ms-client-request-id": "Sanitized",
        "x-ms-request-id": "19578bb9-e01a-0055-60ad-cc656a000000",
        "x-ms-version": "2024-08-04"
      },
      "ResponseBody": null
    },
    {
      "RequestUri": "https://amandadev2.file.core.windows.net/test-share-53ef891b-6af3-d7b1-5900-a2a03d29d029/test-file-405898b5-b714-80b8-2394-9ef907e5565e",
      "RequestMethod": "PUT",
      "RequestHeaders": {
        "Accept": "application/xml",
        "Authorization": "Sanitized",
        "Content-Length": "0",
        "traceparent": "00-861bb1891d021f68c7f9093b95f4a662-5178083b32d3adc1-00",
        "User-Agent": "azsdk-net-Storage.Files.Shares/12.19.0-alpha.20240702.1 (.NET 6.0.31; Microsoft Windows 10.0.22635)",
        "x-ms-cache-control": "no-cache",
        "x-ms-client-request-id": "Sanitized",
        "x-ms-content-disposition": "inline",
        "x-ms-content-language": "en-US,en-CA",
        "x-ms-content-length": "1024",
        "x-ms-date": "Tue, 02 Jul 2024 18:28:30 GMT",
        "x-ms-file-attributes": "None",
        "x-ms-file-change-time": "2024-04-01T13:30:03.0000000Z",
        "x-ms-file-creation-time": "2024-04-01T09:05:55.0000000Z",
        "x-ms-file-last-write-time": "2024-04-01T12:16:06.0000000Z",
        "x-ms-file-permission": "Inherit",
        "x-ms-meta-Capital": "letter",
        "x-ms-meta-foo": "bar",
        "x-ms-meta-meta": "data",
        "x-ms-meta-UPPER": "case",
        "x-ms-return-client-request-id": "true",
        "x-ms-type": "file",
        "x-ms-version": "2024-08-04"
      },
      "RequestBody": null,
      "StatusCode": 201,
      "ResponseHeaders": {
        "Content-Length": "0",
        "Date": "Tue, 02 Jul 2024 18:28:29 GMT",
        "ETag": "\"0x8DC9AC4C5A69FD9\"",
        "Last-Modified": "Tue, 02 Jul 2024 18:28:30 GMT",
        "Server": [
          "Windows-Azure-File/1.0",
          "Microsoft-HTTPAPI/2.0"
        ],
        "x-ms-client-request-id": "Sanitized",
        "x-ms-file-attributes": "Archive",
        "x-ms-file-change-time": "2024-04-01T13:30:03.0000000Z",
        "x-ms-file-creation-time": "2024-04-01T09:05:55.0000000Z",
        "x-ms-file-id": "13835128424026341376",
        "x-ms-file-last-write-time": "2024-04-01T12:16:06.0000000Z",
        "x-ms-file-parent-id": "0",
        "x-ms-file-permission-key": "13365936616355342650*1287379445297103284",
        "x-ms-request-id": "19578bbb-e01a-0055-61ad-cc656a000000",
        "x-ms-request-server-encrypted": "true",
        "x-ms-version": "2024-08-04"
      },
      "ResponseBody": null
    },
    {
      "RequestUri": "https://amandadev2.file.core.windows.net/test-share-53ef891b-6af3-d7b1-5900-a2a03d29d029/test-file-405898b5-b714-80b8-2394-9ef907e5565e?sv=Sanitized&se=2024-07-03T18%3A28%3A30Z&sr=s&sp=rcwdl&sig=Sanitized",
      "RequestMethod": "HEAD",
      "RequestHeaders": {
        "Accept": "application/xml",
        "traceparent": "00-2b98b3c0e8c66ed816afc4def7d22631-a95ab91330482f1e-00",
        "User-Agent": "azsdk-net-Storage.Files.Shares/12.19.0-alpha.20240702.1 (.NET 6.0.31; Microsoft Windows 10.0.22635)",
        "x-ms-client-request-id": "Sanitized",
        "x-ms-return-client-request-id": "true",
        "x-ms-version": "2024-08-04"
      },
      "RequestBody": null,
      "StatusCode": 200,
      "ResponseHeaders": {
        "Cache-Control": "no-cache",
        "Content-Disposition": "inline",
        "Content-Language": [
          "en-US",
          "en-CA"
        ],
        "Content-Length": "1024",
        "Content-Type": "application/octet-stream",
        "Date": "Tue, 02 Jul 2024 18:28:29 GMT",
        "ETag": "\"0x8DC9AC4C5A69FD9\"",
        "Last-Modified": "Tue, 02 Jul 2024 18:28:30 GMT",
        "Server": [
          "Windows-Azure-File/1.0",
          "Microsoft-HTTPAPI/2.0"
        ],
        "Vary": "Origin",
        "x-ms-client-request-id": "Sanitized",
        "x-ms-file-attributes": "Archive",
        "x-ms-file-change-time": "2024-04-01T13:30:03.0000000Z",
        "x-ms-file-creation-time": "2024-04-01T09:05:55.0000000Z",
        "x-ms-file-id": "13835128424026341376",
        "x-ms-file-last-write-time": "2024-04-01T12:16:06.0000000Z",
        "x-ms-file-parent-id": "0",
        "x-ms-file-permission-key": "13365936616355342650*1287379445297103284",
        "x-ms-lease-state": "available",
        "x-ms-lease-status": "unlocked",
        "x-ms-meta-Capital": "letter",
        "x-ms-meta-foo": "bar",
        "x-ms-meta-meta": "data",
        "x-ms-meta-UPPER": "case",
        "x-ms-request-id": "19578bbc-e01a-0055-62ad-cc656a000000",
        "x-ms-server-encrypted": "true",
        "x-ms-type": "File",
        "x-ms-version": "2024-08-04"
      },
      "ResponseBody": null
    },
    {
      "RequestUri": "https://amandadev2.file.core.windows.net/test-share-53ef891b-6af3-d7b1-5900-a2a03d29d029/test-file-405898b5-b714-80b8-2394-9ef907e5565e?sv=Sanitized&se=2024-07-03T18%3A28%3A30Z&sr=s&sp=rcwdl&sig=Sanitized",
      "RequestMethod": "HEAD",
      "RequestHeaders": {
        "Accept": "application/xml",
        "traceparent": "00-28553baada1655d788331b71d791c6be-fbfcdcfb8c0d2f1c-00",
        "User-Agent": "azsdk-net-Storage.Files.Shares/12.19.0-alpha.20240702.1 (.NET 6.0.31; Microsoft Windows 10.0.22635)",
        "x-ms-client-request-id": "Sanitized",
        "x-ms-return-client-request-id": "true",
        "x-ms-version": "2024-08-04"
      },
      "RequestBody": null,
      "StatusCode": 200,
      "ResponseHeaders": {
        "Cache-Control": "no-cache",
        "Content-Disposition": "inline",
        "Content-Language": [
          "en-US",
          "en-CA"
        ],
        "Content-Length": "1024",
        "Content-Type": "application/octet-stream",
        "Date": "Tue, 02 Jul 2024 18:28:29 GMT",
        "ETag": "\"0x8DC9AC4C5A69FD9\"",
        "Last-Modified": "Tue, 02 Jul 2024 18:28:30 GMT",
        "Server": [
          "Windows-Azure-File/1.0",
          "Microsoft-HTTPAPI/2.0"
        ],
        "Vary": "Origin",
        "x-ms-client-request-id": "Sanitized",
        "x-ms-file-attributes": "Archive",
        "x-ms-file-change-time": "2024-04-01T13:30:03.0000000Z",
        "x-ms-file-creation-time": "2024-04-01T09:05:55.0000000Z",
        "x-ms-file-id": "13835128424026341376",
        "x-ms-file-last-write-time": "2024-04-01T12:16:06.0000000Z",
        "x-ms-file-parent-id": "0",
        "x-ms-file-permission-key": "13365936616355342650*1287379445297103284",
        "x-ms-lease-state": "available",
        "x-ms-lease-status": "unlocked",
        "x-ms-meta-Capital": "letter",
        "x-ms-meta-foo": "bar",
        "x-ms-meta-meta": "data",
        "x-ms-meta-UPPER": "case",
        "x-ms-request-id": "19578bbd-e01a-0055-63ad-cc656a000000",
        "x-ms-server-encrypted": "true",
        "x-ms-type": "File",
        "x-ms-version": "2024-08-04"
      },
      "ResponseBody": null
    },
    {
      "RequestUri": "https://amandadev2.file.core.windows.net/test-share-10334a70-c4e4-eb9c-61b2-65bc370f2202/test-file-71c512e8-b7df-a7de-a630-722a72d7e04c?sv=Sanitized&se=2024-07-03T18%3A28%3A30Z&sr=s&sp=rcwdl&sig=Sanitized",
      "RequestMethod": "HEAD",
      "RequestHeaders": {
        "Accept": "application/xml",
        "traceparent": "00-c95f3b834bf9ec162deddcbea3b51781-5c91c1085aad7e65-00",
        "User-Agent": "azsdk-net-Storage.Files.Shares/12.19.0-alpha.20240702.1 (.NET 6.0.31; Microsoft Windows 10.0.22635)",
        "x-ms-client-request-id": "Sanitized",
        "x-ms-return-client-request-id": "true",
        "x-ms-version": "2024-08-04"
      },
      "RequestBody": null,
      "StatusCode": 404,
      "ResponseHeaders": {
        "Date": "Tue, 02 Jul 2024 18:28:29 GMT",
        "Server": [
          "Windows-Azure-File/1.0",
          "Microsoft-HTTPAPI/2.0"
        ],
        "Transfer-Encoding": "chunked",
        "Vary": "Origin",
        "x-ms-client-request-id": "Sanitized",
        "x-ms-error-code": "ResourceNotFound",
        "x-ms-request-id": "19578bbe-e01a-0055-64ad-cc656a000000",
        "x-ms-version": "2024-08-04"
      },
      "ResponseBody": null
    },
    {
      "RequestUri": "https://amandadev2.file.core.windows.net/test-share-10334a70-c4e4-eb9c-61b2-65bc370f2202/test-file-71c512e8-b7df-a7de-a630-722a72d7e04c?sv=Sanitized&se=2024-07-03T18%3A28%3A30Z&sr=s&sp=rcwdl&sig=Sanitized",
      "RequestMethod": "PUT",
      "RequestHeaders": {
        "Accept": "application/xml",
        "Content-Length": "0",
        "traceparent": "00-fe9780b7a56d40a13f2e1d38d7948c42-cb669d519ff9dc37-00",
        "User-Agent": "azsdk-net-Storage.Files.Shares/12.19.0-alpha.20240702.1 (.NET 6.0.31; Microsoft Windows 10.0.22635)",
        "x-ms-cache-control": "no-cache",
        "x-ms-client-request-id": "Sanitized",
        "x-ms-content-disposition": "inline",
        "x-ms-content-language": "en-US,en-CA",
        "x-ms-content-length": "1024",
        "x-ms-content-type": "application/octet-stream",
        "x-ms-file-attributes": "Archive",
        "x-ms-file-change-time": "2024-04-01T13:30:03.0000000Z",
        "x-ms-file-creation-time": "2024-04-01T09:05:55.0000000Z",
        "x-ms-file-last-write-time": "2024-04-01T12:16:06.0000000Z",
        "x-ms-file-permission": "Inherit",
        "x-ms-meta-Capital": "letter",
        "x-ms-meta-foo": "bar",
        "x-ms-meta-meta": "data",
        "x-ms-meta-UPPER": "case",
        "x-ms-return-client-request-id": "true",
        "x-ms-type": "file",
        "x-ms-version": "2024-08-04"
      },
      "RequestBody": null,
      "StatusCode": 201,
      "ResponseHeaders": {
        "Content-Length": "0",
        "Date": "Tue, 02 Jul 2024 18:28:30 GMT",
        "ETag": "\"0x8DC9AC4C5CEE2AF\"",
        "Last-Modified": "Tue, 02 Jul 2024 18:28:30 GMT",
        "Server": [
          "Windows-Azure-File/1.0",
          "Microsoft-HTTPAPI/2.0"
        ],
        "x-ms-client-request-id": "Sanitized",
        "x-ms-file-attributes": "Archive",
        "x-ms-file-change-time": "2024-04-01T13:30:03.0000000Z",
        "x-ms-file-creation-time": "2024-04-01T09:05:55.0000000Z",
        "x-ms-file-id": "13835128424026341376",
        "x-ms-file-last-write-time": "2024-04-01T12:16:06.0000000Z",
        "x-ms-file-parent-id": "0",
        "x-ms-file-permission-key": "13365936616355342650*1287379445297103284",
        "x-ms-request-id": "19578bbf-e01a-0055-65ad-cc656a000000",
        "x-ms-request-server-encrypted": "true",
        "x-ms-version": "2024-08-04"
      },
      "ResponseBody": null
    },
    {
      "RequestUri": "https://amandadev2.file.core.windows.net/test-share-10334a70-c4e4-eb9c-61b2-65bc370f2202/test-file-71c512e8-b7df-a7de-a630-722a72d7e04c?sv=Sanitized&se=2024-07-03T18%3A28%3A30Z&sr=s&sp=rcwdl&sig=Sanitized&comp=range",
      "RequestMethod": "PUT",
      "RequestHeaders": {
        "Accept": "application/xml",
        "Content-Length": "0",
        "traceparent": "00-b680707d81c3ad2458ff15c050006fd8-3516ccb0a99b6051-00",
        "User-Agent": "azsdk-net-Storage.Files.Shares/12.19.0-alpha.20240702.1 (.NET 6.0.31; Microsoft Windows 10.0.22635)",
        "x-ms-client-request-id": "Sanitized",
        "x-ms-copy-source": "https://amandadev2.file.core.windows.net/test-share-53ef891b-6af3-d7b1-5900-a2a03d29d029/test-file-405898b5-b714-80b8-2394-9ef907e5565e?sv=Sanitized&se=2024-07-03T18%3A28%3A30Z&sr=s&sp=rcwdl&sig=Sanitized",
        "x-ms-file-last-write-time": "Preserve",
        "x-ms-range": "bytes=0-1023",
        "x-ms-return-client-request-id": "true",
        "x-ms-source-range": "bytes=0-1023",
        "x-ms-version": "2024-08-04",
        "x-ms-write": "update"
      },
      "RequestBody": null,
      "StatusCode": 201,
      "ResponseHeaders": {
        "Content-Length": "0",
        "Date": "Tue, 02 Jul 2024 18:28:30 GMT",
        "ETag": "\"0x8DC9AC4C5D98F98\"",
        "Last-Modified": "Tue, 02 Jul 2024 18:28:30 GMT",
        "Server": [
          "Windows-Azure-File/1.0",
          "Microsoft-HTTPAPI/2.0"
        ],
        "x-ms-client-request-id": "Sanitized",
        "x-ms-content-crc64": "iknlm7CyG2k=",
        "x-ms-file-last-write-time": "2024-04-01T12:16:06.0000000Z",
        "x-ms-request-id": "19578bc0-e01a-0055-66ad-cc656a000000",
        "x-ms-request-server-encrypted": "true",
        "x-ms-version": "2024-08-04"
      },
      "ResponseBody": null
    },
    {
      "RequestUri": "https://amandadev2.file.core.windows.net/test-share-10334a70-c4e4-eb9c-61b2-65bc370f2202?restype=share",
      "RequestMethod": "DELETE",
      "RequestHeaders": {
        "Accept": "application/xml",
        "Authorization": "Sanitized",
        "traceparent": "00-647c230775c0eb386fbbb462a8b70418-48326b9fc4b64d73-00",
        "User-Agent": "azsdk-net-Storage.Files.Shares/12.19.0-alpha.20240702.1 (.NET 6.0.31; Microsoft Windows 10.0.22635)",
        "x-ms-client-request-id": "Sanitized",
        "x-ms-date": "Tue, 02 Jul 2024 18:28:31 GMT",
        "x-ms-delete-snapshots": "include",
        "x-ms-return-client-request-id": "true",
        "x-ms-version": "2024-08-04"
      },
      "RequestBody": null,
      "StatusCode": 202,
      "ResponseHeaders": {
        "Content-Length": "0",
        "Date": "Tue, 02 Jul 2024 18:28:30 GMT",
        "Server": [
          "Windows-Azure-File/1.0",
          "Microsoft-HTTPAPI/2.0"
        ],
        "x-ms-client-request-id": "Sanitized",
        "x-ms-request-id": "19578bc2-e01a-0055-68ad-cc656a000000",
        "x-ms-version": "2024-08-04"
      },
      "ResponseBody": null
    },
    {
      "RequestUri": "https://amandadev2.file.core.windows.net/test-share-53ef891b-6af3-d7b1-5900-a2a03d29d029?restype=share",
      "RequestMethod": "DELETE",
      "RequestHeaders": {
        "Accept": "application/xml",
        "Authorization": "Sanitized",
        "traceparent": "00-836904e2f27e26bdaa073f29839abf2f-c7f66177d0d50632-00",
        "User-Agent": "azsdk-net-Storage.Files.Shares/12.19.0-alpha.20240702.1 (.NET 6.0.31; Microsoft Windows 10.0.22635)",
        "x-ms-client-request-id": "Sanitized",
        "x-ms-date": "Tue, 02 Jul 2024 18:28:31 GMT",
        "x-ms-delete-snapshots": "include",
        "x-ms-return-client-request-id": "true",
        "x-ms-version": "2024-08-04"
      },
      "RequestBody": null,
      "StatusCode": 202,
      "ResponseHeaders": {
        "Content-Length": "0",
        "Date": "Tue, 02 Jul 2024 18:28:30 GMT",
        "Server": [
          "Windows-Azure-File/1.0",
          "Microsoft-HTTPAPI/2.0"
        ],
        "x-ms-client-request-id": "Sanitized",
        "x-ms-request-id": "19578bc3-e01a-0055-69ad-cc656a000000",
        "x-ms-version": "2024-08-04"
      },
      "ResponseBody": null
    }
  ],
  "Variables": {
    "DateTimeOffsetNow": "2024-07-02T11:28:30.7191401-07:00",
    "RandomSeed": "1128592305",
    "Storage_TestConfigDefault": "ProductionTenant\namandadev2\nU2FuaXRpemVk\nhttps://amandadev2.blob.core.windows.net\nhttps://amandadev2.file.core.windows.net\nhttps://amandadev2.queue.core.windows.net\nhttps://amandadev2.table.core.windows.net\n\n\n\n\nhttps://amandadev2-secondary.blob.core.windows.net\nhttps://amandadev2-secondary.file.core.windows.net\nhttps://amandadev2-secondary.queue.core.windows.net\nhttps://amandadev2-secondary.table.core.windows.net\n\nSanitized\n\n\nCloud\nBlobEndpoint=https://amandadev2.blob.core.windows.net/;QueueEndpoint=https://amandadev2.queue.core.windows.net/;FileEndpoint=https://amandadev2.file.core.windows.net/;BlobSecondaryEndpoint=https://amandadev2-secondary.blob.core.windows.net/;QueueSecondaryEndpoint=https://amandadev2-secondary.queue.core.windows.net/;FileSecondaryEndpoint=https://amandadev2-secondary.file.core.windows.net/;AccountName=amandadev2;AccountKey=Sanitized\nencryptionScope\n\n"
  }
}
