{
  "Entries": [
    {
      "RequestUri": "https://amandadev2.file.core.windows.net/test-share-d63e448f-a369-8410-b517-d5ef3e49d03a?restype=share",
      "RequestMethod": "PUT",
      "RequestHeaders": {
        "Accept": "application/xml",
        "Authorization": "Sanitized",
        "Content-Length": "0",
        "traceparent": "00-663a86c69504d24dba988995475a0c59-123f57f5803b993a-00",
        "User-Agent": "azsdk-net-Storage.Files.Shares/12.19.0-alpha.20240607.1 (.NET 6.0.31; Microsoft Windows 10.0.22635)",
        "x-ms-client-request-id": "Sanitized",
        "x-ms-date": "Wed, 19 Jun 2024 21:05:18 GMT",
        "x-ms-return-client-request-id": "true",
        "x-ms-version": "2024-08-04"
      },
      "RequestBody": null,
      "StatusCode": 201,
      "ResponseHeaders": {
        "Content-Length": "0",
        "Date": "Wed, 19 Jun 2024 21:05:18 GMT",
        "ETag": "\"0x8DC90A386BCC08A\"",
        "Last-Modified": "Wed, 19 Jun 2024 21:05:19 GMT",
        "Server": [
          "Windows-Azure-File/1.0",
          "Microsoft-HTTPAPI/2.0"
        ],
        "x-ms-client-request-id": "Sanitized",
        "x-ms-request-id": "e4508524-d01a-0013-128c-c251ed000000",
        "x-ms-version": "2024-08-04"
      },
      "ResponseBody": null
    },
    {
      "RequestUri": "https://amandadev2.file.core.windows.net/test-share-1e7c1de2-d784-278b-6a95-36e2495e87d5?restype=share",
      "RequestMethod": "PUT",
      "RequestHeaders": {
        "Accept": "application/xml",
        "Authorization": "Sanitized",
        "Content-Length": "0",
        "traceparent": "00-31eb5321d28f350661417ce4af5a5532-ce1a194290ca2e5c-00",
        "User-Agent": "azsdk-net-Storage.Files.Shares/12.19.0-alpha.20240607.1 (.NET 6.0.31; Microsoft Windows 10.0.22635)",
        "x-ms-client-request-id": "Sanitized",
        "x-ms-date": "Wed, 19 Jun 2024 21:05:18 GMT",
        "x-ms-return-client-request-id": "true",
        "x-ms-version": "2024-08-04"
      },
      "RequestBody": null,
      "StatusCode": 201,
      "ResponseHeaders": {
        "Content-Length": "0",
        "Date": "Wed, 19 Jun 2024 21:05:18 GMT",
        "ETag": "\"0x8DC90A386C74658\"",
        "Last-Modified": "Wed, 19 Jun 2024 21:05:19 GMT",
        "Server": [
          "Windows-Azure-File/1.0",
          "Microsoft-HTTPAPI/2.0"
        ],
        "x-ms-client-request-id": "Sanitized",
        "x-ms-request-id": "e4508526-d01a-0013-138c-c251ed000000",
        "x-ms-version": "2024-08-04"
      },
      "ResponseBody": null
    },
    {
      "RequestUri": "https://amandadev2.file.core.windows.net/test-share-1e7c1de2-d784-278b-6a95-36e2495e87d5/test-file-6f117067-a98e-f071-d289-c1526710889e",
      "RequestMethod": "PUT",
      "RequestHeaders": {
        "Accept": "application/xml",
        "Authorization": "Sanitized",
        "Content-Length": "0",
        "traceparent": "00-0eed7cac82480f59da9fa43297d1ee6f-07d1d1d743c7fd34-00",
        "User-Agent": "azsdk-net-Storage.Files.Shares/12.19.0-alpha.20240607.1 (.NET 6.0.31; Microsoft Windows 10.0.22635)",
        "x-ms-cache-control": "no-cache",
        "x-ms-client-request-id": "Sanitized",
        "x-ms-content-disposition": "inline",
        "x-ms-content-language": "en-US,en-CA",
        "x-ms-content-length": "1024",
        "x-ms-date": "Wed, 19 Jun 2024 21:05:18 GMT",
        "x-ms-file-attributes": "None",
        "x-ms-file-change-time": "2024-04-01T13:30:03.0000000Z",
        "x-ms-file-creation-time": "2024-04-01T09:05:55.0000000Z",
        "x-ms-file-last-write-time": "2024-04-01T12:16:06.0000000Z",
        "x-ms-file-permission": "Inherit",
        "x-ms-meta-Capital": "letter",
        "x-ms-meta-foo": "bar",
        "x-ms-meta-meta": "data",
        "x-ms-meta-UPPER": "case",
        "x-ms-return-client-request-id": "true",
        "x-ms-type": "file",
        "x-ms-version": "2024-08-04"
      },
      "RequestBody": null,
      "StatusCode": 201,
      "ResponseHeaders": {
        "Content-Length": "0",
        "Date": "Wed, 19 Jun 2024 21:05:18 GMT",
        "ETag": "\"0x8DC90A386D2CD99\"",
        "Last-Modified": "Wed, 19 Jun 2024 21:05:19 GMT",
        "Server": [
          "Windows-Azure-File/1.0",
          "Microsoft-HTTPAPI/2.0"
        ],
        "x-ms-client-request-id": "Sanitized",
        "x-ms-file-attributes": "Archive",
        "x-ms-file-change-time": "2024-04-01T13:30:03.0000000Z",
        "x-ms-file-creation-time": "2024-04-01T09:05:55.0000000Z",
        "x-ms-file-id": "13835128424026341376",
        "x-ms-file-last-write-time": "2024-04-01T12:16:06.0000000Z",
        "x-ms-file-parent-id": "0",
        "x-ms-file-permission-key": "13365936616355342650*1287379445297103284",
        "x-ms-request-id": "e4508529-d01a-0013-158c-c251ed000000",
        "x-ms-request-server-encrypted": "true",
        "x-ms-version": "2024-08-04"
      },
      "ResponseBody": null
    },
    {
      "RequestUri": "https://amandadev2.file.core.windows.net/test-share-d63e448f-a369-8410-b517-d5ef3e49d03a/test-file-69b3a765-7c08-7b46-c244-7262ffeb3b37",
      "RequestMethod": "PUT",
      "RequestHeaders": {
        "Accept": "application/xml",
        "Authorization": "Sanitized",
        "Content-Length": "0",
        "traceparent": "00-b7e0a33e2b851aa2f7b608acd645f50b-f94305f3a1acf2dc-00",
        "User-Agent": "azsdk-net-Storage.Files.Shares/12.19.0-alpha.20240607.1 (.NET 6.0.31; Microsoft Windows 10.0.22635)",
        "x-ms-cache-control": "no-cache",
        "x-ms-client-request-id": "Sanitized",
        "x-ms-content-disposition": "inline",
        "x-ms-content-language": "en-US,en-CA",
        "x-ms-content-length": "1024",
        "x-ms-date": "Wed, 19 Jun 2024 21:05:19 GMT",
        "x-ms-file-attributes": "None",
        "x-ms-file-change-time": "2024-04-01T13:30:03.0000000Z",
        "x-ms-file-creation-time": "2024-04-01T09:05:55.0000000Z",
        "x-ms-file-last-write-time": "2024-04-01T12:16:06.0000000Z",
        "x-ms-file-permission": "Inherit",
        "x-ms-meta-Capital": "letter",
        "x-ms-meta-foo": "bar",
        "x-ms-meta-meta": "data",
        "x-ms-meta-UPPER": "case",
        "x-ms-return-client-request-id": "true",
        "x-ms-type": "file",
        "x-ms-version": "2024-08-04"
      },
      "RequestBody": null,
      "StatusCode": 201,
      "ResponseHeaders": {
        "Content-Length": "0",
        "Date": "Wed, 19 Jun 2024 21:05:18 GMT",
        "ETag": "\"0x8DC90A386DDC87F\"",
        "Last-Modified": "Wed, 19 Jun 2024 21:05:19 GMT",
        "Server": [
          "Windows-Azure-File/1.0",
          "Microsoft-HTTPAPI/2.0"
        ],
        "x-ms-client-request-id": "Sanitized",
        "x-ms-file-attributes": "Archive",
        "x-ms-file-change-time": "2024-04-01T13:30:03.0000000Z",
        "x-ms-file-creation-time": "2024-04-01T09:05:55.0000000Z",
        "x-ms-file-id": "13835128424026341376",
        "x-ms-file-last-write-time": "2024-04-01T12:16:06.0000000Z",
        "x-ms-file-parent-id": "0",
        "x-ms-file-permission-key": "13365936616355342650*1287379445297103284",
        "x-ms-request-id": "e450852a-d01a-0013-168c-c251ed000000",
        "x-ms-request-server-encrypted": "true",
        "x-ms-version": "2024-08-04"
      },
      "ResponseBody": null
    },
    {
      "RequestUri": "https://amandadev2.file.core.windows.net/test-share-d63e448f-a369-8410-b517-d5ef3e49d03a/test-file-69b3a765-7c08-7b46-c244-7262ffeb3b37?sv=2024-08-04&se=2024-06-20T21%3A05%3A19Z&sr=s&sp=rcwdl&sig=Sanitized",
      "RequestMethod": "HEAD",
      "RequestHeaders": {
        "Accept": "application/xml",
        "traceparent": "00-7ff539dec7005e052ed19bbd63224c46-e275d04bfd00aa70-00",
        "User-Agent": "azsdk-net-Storage.Files.Shares/12.19.0-alpha.20240607.1 (.NET 6.0.31; Microsoft Windows 10.0.22635)",
        "x-ms-client-request-id": "Sanitized",
        "x-ms-return-client-request-id": "true",
        "x-ms-version": "2024-08-04"
      },
      "RequestBody": null,
      "StatusCode": 200,
      "ResponseHeaders": {
        "Cache-Control": "no-cache",
        "Content-Disposition": "inline",
        "Content-Language": [
          "en-US",
          "en-CA"
        ],
        "Content-Length": "1024",
        "Content-Type": "application/octet-stream",
        "Date": "Wed, 19 Jun 2024 21:05:18 GMT",
        "ETag": "\"0x8DC90A386DDC87F\"",
        "Last-Modified": "Wed, 19 Jun 2024 21:05:19 GMT",
        "Server": [
          "Windows-Azure-File/1.0",
          "Microsoft-HTTPAPI/2.0"
        ],
        "Vary": "Origin",
        "x-ms-client-request-id": "Sanitized",
        "x-ms-file-attributes": "Archive",
        "x-ms-file-change-time": "2024-04-01T13:30:03.0000000Z",
        "x-ms-file-creation-time": "2024-04-01T09:05:55.0000000Z",
        "x-ms-file-id": "13835128424026341376",
        "x-ms-file-last-write-time": "2024-04-01T12:16:06.0000000Z",
        "x-ms-file-parent-id": "0",
        "x-ms-file-permission-key": "13365936616355342650*1287379445297103284",
        "x-ms-lease-state": "available",
        "x-ms-lease-status": "unlocked",
        "x-ms-meta-Capital": "letter",
        "x-ms-meta-foo": "bar",
        "x-ms-meta-meta": "data",
        "x-ms-meta-UPPER": "case",
        "x-ms-request-id": "e450852c-d01a-0013-178c-c251ed000000",
        "x-ms-server-encrypted": "true",
        "x-ms-type": "File",
        "x-ms-version": "2024-08-04"
      },
      "ResponseBody": null
    },
    {
      "RequestUri": "https://amandadev2.file.core.windows.net/test-share-1e7c1de2-d784-278b-6a95-36e2495e87d5/test-file-6f117067-a98e-f071-d289-c1526710889e?sv=2024-08-04&se=2024-06-20T21%3A05%3A19Z&sr=s&sp=rcwdl&sig=Sanitized",
      "RequestMethod": "HEAD",
      "RequestHeaders": {
        "Accept": "application/xml",
        "traceparent": "00-db05e14d55e235799d819e095daecee1-f92f6f13db80f3e0-00",
        "User-Agent": "azsdk-net-Storage.Files.Shares/12.19.0-alpha.20240607.1 (.NET 6.0.31; Microsoft Windows 10.0.22635)",
        "x-ms-client-request-id": "Sanitized",
        "x-ms-return-client-request-id": "true",
        "x-ms-version": "2024-08-04"
      },
      "RequestBody": null,
      "StatusCode": 200,
      "ResponseHeaders": {
        "Cache-Control": "no-cache",
        "Content-Disposition": "inline",
        "Content-Language": [
          "en-US",
          "en-CA"
        ],
        "Content-Length": "1024",
        "Content-Type": "application/octet-stream",
        "Date": "Wed, 19 Jun 2024 21:05:18 GMT",
        "ETag": "\"0x8DC90A386D2CD99\"",
        "Last-Modified": "Wed, 19 Jun 2024 21:05:19 GMT",
        "Server": [
          "Windows-Azure-File/1.0",
          "Microsoft-HTTPAPI/2.0"
        ],
        "Vary": "Origin",
        "x-ms-client-request-id": "Sanitized",
        "x-ms-file-attributes": "Archive",
        "x-ms-file-change-time": "2024-04-01T13:30:03.0000000Z",
        "x-ms-file-creation-time": "2024-04-01T09:05:55.0000000Z",
        "x-ms-file-id": "13835128424026341376",
        "x-ms-file-last-write-time": "2024-04-01T12:16:06.0000000Z",
        "x-ms-file-parent-id": "0",
        "x-ms-file-permission-key": "13365936616355342650*1287379445297103284",
        "x-ms-lease-state": "available",
        "x-ms-lease-status": "unlocked",
        "x-ms-meta-Capital": "letter",
        "x-ms-meta-foo": "bar",
        "x-ms-meta-meta": "data",
        "x-ms-meta-UPPER": "case",
        "x-ms-request-id": "e450852f-d01a-0013-188c-c251ed000000",
        "x-ms-server-encrypted": "true",
        "x-ms-type": "File",
        "x-ms-version": "2024-08-04"
      },
      "ResponseBody": null
    },
    {
      "RequestUri": "https://amandadev2.file.core.windows.net/test-share-1e7c1de2-d784-278b-6a95-36e2495e87d5?restype=share",
      "RequestMethod": "DELETE",
      "RequestHeaders": {
        "Accept": "application/xml",
        "Authorization": "Sanitized",
        "traceparent": "00-8d58d5bcd262d8cab1351ee741551fb6-4960c3c7a7958167-00",
        "User-Agent": "azsdk-net-Storage.Files.Shares/12.19.0-alpha.20240607.1 (.NET 6.0.31; Microsoft Windows 10.0.22635)",
        "x-ms-client-request-id": "Sanitized",
        "x-ms-date": "Wed, 19 Jun 2024 21:05:19 GMT",
        "x-ms-delete-snapshots": "include",
        "x-ms-return-client-request-id": "true",
        "x-ms-version": "2024-08-04"
      },
      "RequestBody": null,
      "StatusCode": 202,
      "ResponseHeaders": {
        "Content-Length": "0",
        "Date": "Wed, 19 Jun 2024 21:05:18 GMT",
        "Server": [
          "Windows-Azure-File/1.0",
          "Microsoft-HTTPAPI/2.0"
        ],
        "x-ms-client-request-id": "Sanitized",
        "x-ms-request-id": "e4508530-d01a-0013-198c-c251ed000000",
        "x-ms-version": "2024-08-04"
      },
      "ResponseBody": null
    },
    {
      "RequestUri": "https://amandadev2.file.core.windows.net/test-share-d63e448f-a369-8410-b517-d5ef3e49d03a?restype=share",
      "RequestMethod": "DELETE",
      "RequestHeaders": {
        "Accept": "application/xml",
        "Authorization": "Sanitized",
        "traceparent": "00-e069273fa583a9086d37a32a287436cb-73d99d6569476e1c-00",
        "User-Agent": "azsdk-net-Storage.Files.Shares/12.19.0-alpha.20240607.1 (.NET 6.0.31; Microsoft Windows 10.0.22635)",
        "x-ms-client-request-id": "Sanitized",
        "x-ms-date": "Wed, 19 Jun 2024 21:05:19 GMT",
        "x-ms-delete-snapshots": "include",
        "x-ms-return-client-request-id": "true",
        "x-ms-version": "2024-08-04"
      },
      "RequestBody": null,
      "StatusCode": 202,
      "ResponseHeaders": {
        "Content-Length": "0",
        "Date": "Wed, 19 Jun 2024 21:05:19 GMT",
        "Server": [
          "Windows-Azure-File/1.0",
          "Microsoft-HTTPAPI/2.0"
        ],
        "x-ms-client-request-id": "Sanitized",
        "x-ms-request-id": "e4508531-d01a-0013-1a8c-c251ed000000",
        "x-ms-version": "2024-08-04"
      },
      "ResponseBody": null
    }
  ],
  "Variables": {
    "DateTimeOffsetNow": "2024-06-19T14:05:19.0154935-07:00",
    "RandomSeed": "1275182956",
    "Storage_TestConfigDefault": "ProductionTenant\namandadev2\nU2FuaXRpemVk\nhttps://amandadev2.blob.core.windows.net\nhttps://amandadev2.file.core.windows.net\nhttps://amandadev2.queue.core.windows.net\nhttps://amandadev2.table.core.windows.net\n\n\n\n\nhttps://amandadev2-secondary.blob.core.windows.net\nhttps://amandadev2-secondary.file.core.windows.net\nhttps://amandadev2-secondary.queue.core.windows.net\nhttps://amandadev2-secondary.table.core.windows.net\n\nSanitized\n\n\nCloud\nBlobEndpoint=https://amandadev2.blob.core.windows.net/;QueueEndpoint=https://amandadev2.queue.core.windows.net/;FileEndpoint=https://amandadev2.file.core.windows.net/;BlobSecondaryEndpoint=https://amandadev2-secondary.blob.core.windows.net/;QueueSecondaryEndpoint=https://amandadev2-secondary.queue.core.windows.net/;FileSecondaryEndpoint=https://amandadev2-secondary.file.core.windows.net/;AccountName=amandadev2;AccountKey=Sanitized\nencryptionScope\n\n"
  }
}
