{
  "Entries": [
    {
      "RequestUri": "https://amandadev2.file.core.windows.net/test-share-af025619-68b2-5dd5-ad06-f0b946edfa58?restype=share",
      "RequestMethod": "PUT",
      "RequestHeaders": {
        "Accept": "application/xml",
        "Authorization": "Sanitized",
        "Content-Length": "0",
        "traceparent": "00-1ea218dce19446799042ea9cc6a8ab85-752636cf733c3399-00",
        "User-Agent": "azsdk-net-Storage.Files.Shares/12.19.0-alpha.20240619.1 (.NET 6.0.31; Microsoft Windows 10.0.22635)",
        "x-ms-client-request-id": "Sanitized",
        "x-ms-date": "Fri, 21 Jun 2024 20:58:25 GMT",
        "x-ms-return-client-request-id": "true",
        "x-ms-version": "2024-08-04"
      },
      "RequestBody": null,
      "StatusCode": 201,
      "ResponseHeaders": {
        "Content-Length": "0",
        "Date": "Fri, 21 Jun 2024 20:58:25 GMT",
        "ETag": "\"0x8DC9234E504A881\"",
        "Last-Modified": "Fri, 21 Jun 2024 20:58:25 GMT",
        "Server": [
          "Windows-Azure-File/1.0",
          "Microsoft-HTTPAPI/2.0"
        ],
        "x-ms-client-request-id": "Sanitized",
        "x-ms-request-id": "c1f901c9-f01a-0059-6b1d-c4f262000000",
        "x-ms-version": "2024-08-04"
      },
      "ResponseBody": null
    },
    {
      "RequestUri": "https://amandadev2.file.core.windows.net/test-share-ab7e8c1d-96c8-e456-b622-bd84ec412994?restype=share",
      "RequestMethod": "PUT",
      "RequestHeaders": {
        "Accept": "application/xml",
        "Authorization": "Sanitized",
        "Content-Length": "0",
        "traceparent": "00-c4db5d2f38396cbf8c7ae8629a7eff53-bdb2f79528ef547c-00",
        "User-Agent": "azsdk-net-Storage.Files.Shares/12.19.0-alpha.20240619.1 (.NET 6.0.31; Microsoft Windows 10.0.22635)",
        "x-ms-client-request-id": "Sanitized",
        "x-ms-date": "Fri, 21 Jun 2024 20:58:25 GMT",
        "x-ms-return-client-request-id": "true",
        "x-ms-version": "2024-08-04"
      },
      "RequestBody": null,
      "StatusCode": 201,
      "ResponseHeaders": {
        "Content-Length": "0",
        "Date": "Fri, 21 Jun 2024 20:58:25 GMT",
        "ETag": "\"0x8DC9234E510669F\"",
        "Last-Modified": "Fri, 21 Jun 2024 20:58:25 GMT",
        "Server": [
          "Windows-Azure-File/1.0",
          "Microsoft-HTTPAPI/2.0"
        ],
        "x-ms-client-request-id": "Sanitized",
        "x-ms-request-id": "c1f901cb-f01a-0059-6c1d-c4f262000000",
        "x-ms-version": "2024-08-04"
      },
      "ResponseBody": null
    },
    {
      "RequestUri": "https://amandadev2.file.core.windows.net/test-share-ab7e8c1d-96c8-e456-b622-bd84ec412994/test-file-07188d78-80ca-77fa-b487-f6eb867b29db",
      "RequestMethod": "PUT",
      "RequestHeaders": {
        "Accept": "application/xml",
        "Authorization": "Sanitized",
        "Content-Length": "0",
        "traceparent": "00-69886607068b0fd633e0ec3bdaa04fa1-5f6d3cbd3c3d04e1-00",
        "User-Agent": "azsdk-net-Storage.Files.Shares/12.19.0-alpha.20240619.1 (.NET 6.0.31; Microsoft Windows 10.0.22635)",
        "x-ms-cache-control": "no-cache",
        "x-ms-client-request-id": "Sanitized",
        "x-ms-content-disposition": "inline",
        "x-ms-content-language": "en-US,en-CA",
        "x-ms-content-length": "1024",
        "x-ms-date": "Fri, 21 Jun 2024 20:58:25 GMT",
        "x-ms-file-attributes": "None",
        "x-ms-file-change-time": "2024-04-01T13:30:03.0000000Z",
        "x-ms-file-creation-time": "2024-04-01T09:05:55.0000000Z",
        "x-ms-file-last-write-time": "2024-04-01T12:16:06.0000000Z",
        "x-ms-file-permission": "Inherit",
        "x-ms-meta-Capital": "letter",
        "x-ms-meta-foo": "bar",
        "x-ms-meta-meta": "data",
        "x-ms-meta-UPPER": "case",
        "x-ms-return-client-request-id": "true",
        "x-ms-type": "file",
        "x-ms-version": "2024-08-04"
      },
      "RequestBody": null,
      "StatusCode": 201,
      "ResponseHeaders": {
        "Content-Length": "0",
        "Date": "Fri, 21 Jun 2024 20:58:25 GMT",
        "ETag": "\"0x8DC9234E51BC72C\"",
        "Last-Modified": "Fri, 21 Jun 2024 20:58:25 GMT",
        "Server": [
          "Windows-Azure-File/1.0",
          "Microsoft-HTTPAPI/2.0"
        ],
        "x-ms-client-request-id": "Sanitized",
        "x-ms-file-attributes": "Archive",
        "x-ms-file-change-time": "2024-04-01T13:30:03.0000000Z",
        "x-ms-file-creation-time": "2024-04-01T09:05:55.0000000Z",
        "x-ms-file-id": "13835128424026341376",
        "x-ms-file-last-write-time": "2024-04-01T12:16:06.0000000Z",
        "x-ms-file-parent-id": "0",
        "x-ms-file-permission-key": "13365936616355342650*1287379445297103284",
        "x-ms-request-id": "c1f901cd-f01a-0059-6d1d-c4f262000000",
        "x-ms-request-server-encrypted": "true",
        "x-ms-version": "2024-08-04"
      },
      "ResponseBody": null
    },
    {
      "RequestUri": "https://amandadev2.file.core.windows.net/test-share-af025619-68b2-5dd5-ad06-f0b946edfa58/test-file-c780afb3-4e6c-b81c-33ef-94e164faf4ff",
      "RequestMethod": "PUT",
      "RequestHeaders": {
        "Accept": "application/xml",
        "Authorization": "Sanitized",
        "Content-Length": "0",
        "traceparent": "00-99b8782081803044e814e5f4d284cd3e-a26208e953586a54-00",
        "User-Agent": "azsdk-net-Storage.Files.Shares/12.19.0-alpha.20240619.1 (.NET 6.0.31; Microsoft Windows 10.0.22635)",
        "x-ms-cache-control": "no-cache",
        "x-ms-client-request-id": "Sanitized",
        "x-ms-content-disposition": "inline",
        "x-ms-content-language": "en-US,en-CA",
        "x-ms-content-length": "1024",
        "x-ms-date": "Fri, 21 Jun 2024 20:58:25 GMT",
        "x-ms-file-attributes": "None",
        "x-ms-file-change-time": "2024-04-01T13:30:03.0000000Z",
        "x-ms-file-creation-time": "2024-04-01T09:05:55.0000000Z",
        "x-ms-file-last-write-time": "2024-04-01T12:16:06.0000000Z",
        "x-ms-file-permission": "Inherit",
        "x-ms-meta-Capital": "letter",
        "x-ms-meta-foo": "bar",
        "x-ms-meta-meta": "data",
        "x-ms-meta-UPPER": "case",
        "x-ms-return-client-request-id": "true",
        "x-ms-type": "file",
        "x-ms-version": "2024-08-04"
      },
      "RequestBody": null,
      "StatusCode": 201,
      "ResponseHeaders": {
        "Content-Length": "0",
        "Date": "Fri, 21 Jun 2024 20:58:25 GMT",
        "ETag": "\"0x8DC9234E52AB92F\"",
        "Last-Modified": "Fri, 21 Jun 2024 20:58:26 GMT",
        "Server": [
          "Windows-Azure-File/1.0",
          "Microsoft-HTTPAPI/2.0"
        ],
        "x-ms-client-request-id": "Sanitized",
        "x-ms-file-attributes": "Archive",
        "x-ms-file-change-time": "2024-04-01T13:30:03.0000000Z",
        "x-ms-file-creation-time": "2024-04-01T09:05:55.0000000Z",
        "x-ms-file-id": "13835128424026341376",
        "x-ms-file-last-write-time": "2024-04-01T12:16:06.0000000Z",
        "x-ms-file-parent-id": "0",
        "x-ms-file-permission-key": "13365936616355342650*1287379445297103284",
        "x-ms-request-id": "c1f901ce-f01a-0059-6e1d-c4f262000000",
        "x-ms-request-server-encrypted": "true",
        "x-ms-version": "2024-08-04"
      },
      "ResponseBody": null
    },
    {
      "RequestUri": "https://amandadev2.file.core.windows.net/test-share-af025619-68b2-5dd5-ad06-f0b946edfa58/test-file-c780afb3-4e6c-b81c-33ef-94e164faf4ff?sv=2024-08-04&se=2024-06-22T20%3A58%3A25Z&sr=s&sp=rcwdl&sig=Sanitized",
      "RequestMethod": "HEAD",
      "RequestHeaders": {
        "Accept": "application/xml",
        "traceparent": "00-ec7ea9a0c255331949d715f27c1de164-7a42f8b40897703d-00",
        "User-Agent": "azsdk-net-Storage.Files.Shares/12.19.0-alpha.20240619.1 (.NET 6.0.31; Microsoft Windows 10.0.22635)",
        "x-ms-client-request-id": "Sanitized",
        "x-ms-return-client-request-id": "true",
        "x-ms-version": "2024-08-04"
      },
      "RequestBody": null,
      "StatusCode": 200,
      "ResponseHeaders": {
        "Cache-Control": "no-cache",
        "Content-Disposition": "inline",
        "Content-Language": [
          "en-US",
          "en-CA"
        ],
        "Content-Length": "1024",
        "Content-Type": "application/octet-stream",
        "Date": "Fri, 21 Jun 2024 20:58:25 GMT",
        "ETag": "\"0x8DC9234E52AB92F\"",
        "Last-Modified": "Fri, 21 Jun 2024 20:58:26 GMT",
        "Server": [
          "Windows-Azure-File/1.0",
          "Microsoft-HTTPAPI/2.0"
        ],
        "Vary": "Origin",
        "x-ms-client-request-id": "Sanitized",
        "x-ms-file-attributes": "Archive",
        "x-ms-file-change-time": "2024-04-01T13:30:03.0000000Z",
        "x-ms-file-creation-time": "2024-04-01T09:05:55.0000000Z",
        "x-ms-file-id": "13835128424026341376",
        "x-ms-file-last-write-time": "2024-04-01T12:16:06.0000000Z",
        "x-ms-file-parent-id": "0",
        "x-ms-file-permission-key": "13365936616355342650*1287379445297103284",
        "x-ms-lease-state": "available",
        "x-ms-lease-status": "unlocked",
        "x-ms-meta-Capital": "letter",
        "x-ms-meta-foo": "bar",
        "x-ms-meta-meta": "data",
        "x-ms-meta-UPPER": "case",
        "x-ms-request-id": "c1f901cf-f01a-0059-6f1d-c4f262000000",
        "x-ms-server-encrypted": "true",
        "x-ms-type": "File",
        "x-ms-version": "2024-08-04"
      },
      "ResponseBody": null
    },
    {
      "RequestUri": "https://amandadev2.file.core.windows.net/test-share-af025619-68b2-5dd5-ad06-f0b946edfa58/test-file-c780afb3-4e6c-b81c-33ef-94e164faf4ff?sv=2024-08-04&se=2024-06-22T20%3A58%3A25Z&sr=s&sp=rcwdl&sig=Sanitized",
      "RequestMethod": "HEAD",
      "RequestHeaders": {
        "Accept": "application/xml",
        "traceparent": "00-723f844d4d8990530c0b62f539f98f19-c3bb46af9ccd83f2-00",
        "User-Agent": "azsdk-net-Storage.Files.Shares/12.19.0-alpha.20240619.1 (.NET 6.0.31; Microsoft Windows 10.0.22635)",
        "x-ms-client-request-id": "Sanitized",
        "x-ms-return-client-request-id": "true",
        "x-ms-version": "2024-08-04"
      },
      "RequestBody": null,
      "StatusCode": 200,
      "ResponseHeaders": {
        "Cache-Control": "no-cache",
        "Content-Disposition": "inline",
        "Content-Language": [
          "en-US",
          "en-CA"
        ],
        "Content-Length": "1024",
        "Content-Type": "application/octet-stream",
        "Date": "Fri, 21 Jun 2024 20:58:25 GMT",
        "ETag": "\"0x8DC9234E52AB92F\"",
        "Last-Modified": "Fri, 21 Jun 2024 20:58:26 GMT",
        "Server": [
          "Windows-Azure-File/1.0",
          "Microsoft-HTTPAPI/2.0"
        ],
        "Vary": "Origin",
        "x-ms-client-request-id": "Sanitized",
        "x-ms-file-attributes": "Archive",
        "x-ms-file-change-time": "2024-04-01T13:30:03.0000000Z",
        "x-ms-file-creation-time": "2024-04-01T09:05:55.0000000Z",
        "x-ms-file-id": "13835128424026341376",
        "x-ms-file-last-write-time": "2024-04-01T12:16:06.0000000Z",
        "x-ms-file-parent-id": "0",
        "x-ms-file-permission-key": "13365936616355342650*1287379445297103284",
        "x-ms-lease-state": "available",
        "x-ms-lease-status": "unlocked",
        "x-ms-meta-Capital": "letter",
        "x-ms-meta-foo": "bar",
        "x-ms-meta-meta": "data",
        "x-ms-meta-UPPER": "case",
        "x-ms-request-id": "c1f901d2-f01a-0059-711d-c4f262000000",
        "x-ms-server-encrypted": "true",
        "x-ms-type": "File",
        "x-ms-version": "2024-08-04"
      },
      "ResponseBody": null
    },
    {
      "RequestUri": "https://amandadev2.file.core.windows.net/test-share-ab7e8c1d-96c8-e456-b622-bd84ec412994/test-file-07188d78-80ca-77fa-b487-f6eb867b29db?sv=2024-08-04&se=2024-06-22T20%3A58%3A25Z&sr=s&sp=rcwdl&sig=Sanitized",
      "RequestMethod": "HEAD",
      "RequestHeaders": {
        "Accept": "application/xml",
        "traceparent": "00-32b76769dd21b8816a066a518a46aa64-7d0f9702d2a09d1a-00",
        "User-Agent": "azsdk-net-Storage.Files.Shares/12.19.0-alpha.20240619.1 (.NET 6.0.31; Microsoft Windows 10.0.22635)",
        "x-ms-client-request-id": "Sanitized",
        "x-ms-return-client-request-id": "true",
        "x-ms-version": "2024-08-04"
      },
      "RequestBody": null,
      "StatusCode": 200,
      "ResponseHeaders": {
        "Cache-Control": "no-cache",
        "Content-Disposition": "inline",
        "Content-Language": [
          "en-US",
          "en-CA"
        ],
        "Content-Length": "1024",
        "Content-Type": "application/octet-stream",
        "Date": "Fri, 21 Jun 2024 20:58:25 GMT",
        "ETag": "\"0x8DC9234E51BC72C\"",
        "Last-Modified": "Fri, 21 Jun 2024 20:58:25 GMT",
        "Server": [
          "Windows-Azure-File/1.0",
          "Microsoft-HTTPAPI/2.0"
        ],
        "Vary": "Origin",
        "x-ms-client-request-id": "Sanitized",
        "x-ms-file-attributes": "Archive",
        "x-ms-file-change-time": "2024-04-01T13:30:03.0000000Z",
        "x-ms-file-creation-time": "2024-04-01T09:05:55.0000000Z",
        "x-ms-file-id": "13835128424026341376",
        "x-ms-file-last-write-time": "2024-04-01T12:16:06.0000000Z",
        "x-ms-file-parent-id": "0",
        "x-ms-file-permission-key": "13365936616355342650*1287379445297103284",
        "x-ms-lease-state": "available",
        "x-ms-lease-status": "unlocked",
        "x-ms-meta-Capital": "letter",
        "x-ms-meta-foo": "bar",
        "x-ms-meta-meta": "data",
        "x-ms-meta-UPPER": "case",
        "x-ms-request-id": "c1f901d4-f01a-0059-721d-c4f262000000",
        "x-ms-server-encrypted": "true",
        "x-ms-type": "File",
        "x-ms-version": "2024-08-04"
      },
      "ResponseBody": null
    },
    {
      "RequestUri": "https://amandadev2.file.core.windows.net/test-share-ab7e8c1d-96c8-e456-b622-bd84ec412994?restype=share",
      "RequestMethod": "DELETE",
      "RequestHeaders": {
        "Accept": "application/xml",
        "Authorization": "Sanitized",
        "traceparent": "00-327553bab10e4b9102146a3c8f867aed-18807dc506b53685-00",
        "User-Agent": "azsdk-net-Storage.Files.Shares/12.19.0-alpha.20240619.1 (.NET 6.0.31; Microsoft Windows 10.0.22635)",
        "x-ms-client-request-id": "Sanitized",
        "x-ms-date": "Fri, 21 Jun 2024 20:58:25 GMT",
        "x-ms-delete-snapshots": "include",
        "x-ms-return-client-request-id": "true",
        "x-ms-version": "2024-08-04"
      },
      "RequestBody": null,
      "StatusCode": 202,
      "ResponseHeaders": {
        "Content-Length": "0",
        "Date": "Fri, 21 Jun 2024 20:58:25 GMT",
        "Server": [
          "Windows-Azure-File/1.0",
          "Microsoft-HTTPAPI/2.0"
        ],
        "x-ms-client-request-id": "Sanitized",
        "x-ms-request-id": "c1f901d5-f01a-0059-731d-c4f262000000",
        "x-ms-version": "2024-08-04"
      },
      "ResponseBody": null
    },
    {
      "RequestUri": "https://amandadev2.file.core.windows.net/test-share-af025619-68b2-5dd5-ad06-f0b946edfa58?restype=share",
      "RequestMethod": "DELETE",
      "RequestHeaders": {
        "Accept": "application/xml",
        "Authorization": "Sanitized",
        "traceparent": "00-3ab352492b05f12e950838bce3f85f6e-4d268aca3a28fc63-00",
        "User-Agent": "azsdk-net-Storage.Files.Shares/12.19.0-alpha.20240619.1 (.NET 6.0.31; Microsoft Windows 10.0.22635)",
        "x-ms-client-request-id": "Sanitized",
        "x-ms-date": "Fri, 21 Jun 2024 20:58:25 GMT",
        "x-ms-delete-snapshots": "include",
        "x-ms-return-client-request-id": "true",
        "x-ms-version": "2024-08-04"
      },
      "RequestBody": null,
      "StatusCode": 202,
      "ResponseHeaders": {
        "Content-Length": "0",
        "Date": "Fri, 21 Jun 2024 20:58:25 GMT",
        "Server": [
          "Windows-Azure-File/1.0",
          "Microsoft-HTTPAPI/2.0"
        ],
        "x-ms-client-request-id": "Sanitized",
        "x-ms-request-id": "c1f901d6-f01a-0059-741d-c4f262000000",
        "x-ms-version": "2024-08-04"
      },
      "ResponseBody": null
    }
  ],
  "Variables": {
    "DateTimeOffsetNow": "2024-06-21T13:58:25.3067760-07:00",
    "RandomSeed": "2113114927",
    "Storage_TestConfigDefault": "ProductionTenant\namandadev2\nU2FuaXRpemVk\nhttps://amandadev2.blob.core.windows.net\nhttps://amandadev2.file.core.windows.net\nhttps://amandadev2.queue.core.windows.net\nhttps://amandadev2.table.core.windows.net\n\n\n\n\nhttps://amandadev2-secondary.blob.core.windows.net\nhttps://amandadev2-secondary.file.core.windows.net\nhttps://amandadev2-secondary.queue.core.windows.net\nhttps://amandadev2-secondary.table.core.windows.net\n\nSanitized\n\n\nCloud\nBlobEndpoint=https://amandadev2.blob.core.windows.net/;QueueEndpoint=https://amandadev2.queue.core.windows.net/;FileEndpoint=https://amandadev2.file.core.windows.net/;BlobSecondaryEndpoint=https://amandadev2-secondary.blob.core.windows.net/;QueueSecondaryEndpoint=https://amandadev2-secondary.queue.core.windows.net/;FileSecondaryEndpoint=https://amandadev2-secondary.file.core.windows.net/;AccountName=amandadev2;AccountKey=Sanitized\nencryptionScope\n\n"
  }
}
