{
  "Entries": [
    {
      "RequestUri": "https://amandadev2.file.core.windows.net/test-share-7d765e7e-a6f5-0d2e-4fc0-5a517ffafbe2?restype=share",
      "RequestMethod": "PUT",
      "RequestHeaders": {
        "Accept": "application/xml",
        "Authorization": "Sanitized",
        "Content-Length": "0",
        "traceparent": "00-1169b7fc887611b6e68802583b53b584-0cf87eb8c8e382be-00",
        "User-Agent": "azsdk-net-Storage.Files.Shares/12.18.0-alpha.20240320.1 (.NET 6.0.28; Microsoft Windows 10.0.22635)",
        "x-ms-client-request-id": "f36b6ede-3588-3ac3-d699-6b93f1fe0ed5",
        "x-ms-date": "Wed, 20 Mar 2024 16:48:43 GMT",
        "x-ms-return-client-request-id": "true",
        "x-ms-version": "2024-05-04"
      },
      "RequestBody": null,
      "StatusCode": 201,
      "ResponseHeaders": {
        "Content-Length": "0",
        "Date": "Wed, 20 Mar 2024 16:48:44 GMT",
        "ETag": "\u00220x8DC48FD9B42F355\u0022",
        "Last-Modified": "Wed, 20 Mar 2024 16:48:44 GMT",
        "Server": [
          "Windows-Azure-File/1.0",
          "Microsoft-HTTPAPI/2.0"
        ],
        "x-ms-client-request-id": "f36b6ede-3588-3ac3-d699-6b93f1fe0ed5",
        "x-ms-request-id": "0bd171bc-e01a-0008-59e6-7a6fee000000",
        "x-ms-version": "2024-05-04"
      },
      "ResponseBody": null
    },
    {
      "RequestUri": "https://amandadev2.file.core.windows.net/test-share-c241eddc-38e9-d0e6-33dc-e6d338d66bff?restype=share",
      "RequestMethod": "PUT",
      "RequestHeaders": {
        "Accept": "application/xml",
        "Authorization": "Sanitized",
        "Content-Length": "0",
        "traceparent": "00-29a43e6f5f08ac909c155f3443336ca1-14ccf453bd05ce88-00",
        "User-Agent": "azsdk-net-Storage.Files.Shares/12.18.0-alpha.20240320.1 (.NET 6.0.28; Microsoft Windows 10.0.22635)",
        "x-ms-client-request-id": "b57a9813-b80e-a575-889a-c0ac4fef01ff",
        "x-ms-date": "Wed, 20 Mar 2024 16:48:43 GMT",
        "x-ms-return-client-request-id": "true",
        "x-ms-version": "2024-05-04"
      },
      "RequestBody": null,
      "StatusCode": 201,
      "ResponseHeaders": {
        "Content-Length": "0",
        "Date": "Wed, 20 Mar 2024 16:48:44 GMT",
        "ETag": "\u00220x8DC48FD9B4E3C54\u0022",
        "Last-Modified": "Wed, 20 Mar 2024 16:48:44 GMT",
        "Server": [
          "Windows-Azure-File/1.0",
          "Microsoft-HTTPAPI/2.0"
        ],
        "x-ms-client-request-id": "b57a9813-b80e-a575-889a-c0ac4fef01ff",
        "x-ms-request-id": "0bd171be-e01a-0008-5ae6-7a6fee000000",
        "x-ms-version": "2024-05-04"
      },
      "ResponseBody": null
    },
    {
      "RequestUri": "https://amandadev2.file.core.windows.net/test-share-c241eddc-38e9-d0e6-33dc-e6d338d66bff/test-file-a0c04c33-b55c-8cf1-86ce-89f447ad01cf",
      "RequestMethod": "PUT",
      "RequestHeaders": {
        "Accept": "application/xml",
        "Authorization": "Sanitized",
        "Content-Length": "0",
        "traceparent": "00-47ee89d3d2437148378cd3016dfff8d4-de802a5c81179ff6-00",
        "User-Agent": "azsdk-net-Storage.Files.Shares/12.18.0-alpha.20240320.1 (.NET 6.0.28; Microsoft Windows 10.0.22635)",
        "x-ms-client-request-id": "0278240b-612f-78a3-7ac1-6fbb73518de5",
        "x-ms-content-length": "1024",
        "x-ms-date": "Wed, 20 Mar 2024 16:48:43 GMT",
        "x-ms-file-attributes": "None",
        "x-ms-file-creation-time": "Now",
        "x-ms-file-last-write-time": "Now",
        "x-ms-file-permission": "Inherit",
        "x-ms-return-client-request-id": "true",
        "x-ms-type": "file",
        "x-ms-version": "2024-05-04"
      },
      "RequestBody": null,
      "StatusCode": 201,
      "ResponseHeaders": {
        "Content-Length": "0",
        "Date": "Wed, 20 Mar 2024 16:48:44 GMT",
        "ETag": "\u00220x8DC48FD9B59E429\u0022",
        "Last-Modified": "Wed, 20 Mar 2024 16:48:45 GMT",
        "Server": [
          "Windows-Azure-File/1.0",
          "Microsoft-HTTPAPI/2.0"
        ],
        "x-ms-client-request-id": "0278240b-612f-78a3-7ac1-6fbb73518de5",
        "x-ms-file-attributes": "Archive",
        "x-ms-file-change-time": "2024-03-20T16:48:45.0053161Z",
        "x-ms-file-creation-time": "2024-03-20T16:48:45.0053161Z",
        "x-ms-file-id": "13835128424026341376",
        "x-ms-file-last-write-time": "2024-03-20T16:48:45.0053161Z",
        "x-ms-file-parent-id": "0",
        "x-ms-file-permission-key": "13365936616355342650*1287379445297103284",
        "x-ms-request-id": "0bd171c1-e01a-0008-5be6-7a6fee000000",
        "x-ms-request-server-encrypted": "true",
        "x-ms-version": "2024-05-04"
      },
      "ResponseBody": null
    },
    {
      "RequestUri": "https://amandadev2.file.core.windows.net/test-share-7d765e7e-a6f5-0d2e-4fc0-5a517ffafbe2/test-file-f64e6b2e-fc8a-d445-93f0-02b65ff08e9c",
      "RequestMethod": "PUT",
      "RequestHeaders": {
        "Accept": "application/xml",
        "Authorization": "Sanitized",
        "Content-Length": "0",
        "traceparent": "00-88b315c6557642677c476190dacd1a40-2f6dec042f643d74-00",
        "User-Agent": "azsdk-net-Storage.Files.Shares/12.18.0-alpha.20240320.1 (.NET 6.0.28; Microsoft Windows 10.0.22635)",
        "x-ms-client-request-id": "22e9f089-ff35-cfa0-354e-5b874252a301",
        "x-ms-content-length": "1024",
        "x-ms-date": "Wed, 20 Mar 2024 16:48:43 GMT",
        "x-ms-file-attributes": "None",
        "x-ms-file-creation-time": "Now",
        "x-ms-file-last-write-time": "Now",
        "x-ms-file-permission": "Inherit",
        "x-ms-return-client-request-id": "true",
        "x-ms-type": "file",
        "x-ms-version": "2024-05-04"
      },
      "RequestBody": null,
      "StatusCode": 201,
      "ResponseHeaders": {
        "Content-Length": "0",
        "Date": "Wed, 20 Mar 2024 16:48:45 GMT",
        "ETag": "\u00220x8DC48FD9B663E75\u0022",
        "Last-Modified": "Wed, 20 Mar 2024 16:48:45 GMT",
        "Server": [
          "Windows-Azure-File/1.0",
          "Microsoft-HTTPAPI/2.0"
        ],
        "x-ms-client-request-id": "22e9f089-ff35-cfa0-354e-5b874252a301",
        "x-ms-file-attributes": "Archive",
        "x-ms-file-change-time": "2024-03-20T16:48:45.0862709Z",
        "x-ms-file-creation-time": "2024-03-20T16:48:45.0862709Z",
        "x-ms-file-id": "13835128424026341376",
        "x-ms-file-last-write-time": "2024-03-20T16:48:45.0862709Z",
        "x-ms-file-parent-id": "0",
        "x-ms-file-permission-key": "13365936616355342650*1287379445297103284",
        "x-ms-request-id": "0bd171c2-e01a-0008-5ce6-7a6fee000000",
        "x-ms-request-server-encrypted": "true",
        "x-ms-version": "2024-05-04"
      },
      "ResponseBody": null
    },
    {
      "RequestUri": "https://amandadev2.file.core.windows.net/test-share-7d765e7e-a6f5-0d2e-4fc0-5a517ffafbe2/test-file-f64e6b2e-fc8a-d445-93f0-02b65ff08e9c?sv=2024-08-04\u0026se=2024-03-21T16%3A48%3A43Z\u0026sr=f\u0026sp=rcwd\u0026sig=Sanitized",
      "RequestMethod": "HEAD",
      "RequestHeaders": {
        "Accept": "application/xml",
        "traceparent": "00-3e0359c4d8f6814ae9df712c4136759e-2471ba9d53edc06f-00",
        "User-Agent": "azsdk-net-Storage.Files.Shares/12.18.0-alpha.20240320.1 (.NET 6.0.28; Microsoft Windows 10.0.22635)",
        "x-ms-client-request-id": "8232a7eb-6a67-efaf-93b5-50d95dcb3feb",
        "x-ms-return-client-request-id": "true",
        "x-ms-version": "2024-05-04"
      },
      "RequestBody": null,
      "StatusCode": 200,
      "ResponseHeaders": {
        "Content-Length": "1024",
        "Content-Type": "application/octet-stream",
        "Date": "Wed, 20 Mar 2024 16:48:45 GMT",
        "ETag": "\u00220x8DC48FD9B663E75\u0022",
        "Last-Modified": "Wed, 20 Mar 2024 16:48:45 GMT",
        "Server": [
          "Windows-Azure-File/1.0",
          "Microsoft-HTTPAPI/2.0"
        ],
        "Vary": "Origin",
        "x-ms-client-request-id": "8232a7eb-6a67-efaf-93b5-50d95dcb3feb",
        "x-ms-file-attributes": "Archive",
        "x-ms-file-change-time": "2024-03-20T16:48:45.0862709Z",
        "x-ms-file-creation-time": "2024-03-20T16:48:45.0862709Z",
        "x-ms-file-id": "13835128424026341376",
        "x-ms-file-last-write-time": "2024-03-20T16:48:45.0862709Z",
        "x-ms-file-parent-id": "0",
        "x-ms-file-permission-key": "13365936616355342650*1287379445297103284",
        "x-ms-lease-state": "available",
        "x-ms-lease-status": "unlocked",
        "x-ms-request-id": "0bd171c3-e01a-0008-5de6-7a6fee000000",
        "x-ms-server-encrypted": "true",
        "x-ms-type": "File",
        "x-ms-version": "2024-05-04"
      },
      "ResponseBody": null
    },
    {
      "RequestUri": "https://amandadev2.file.core.windows.net/test-share-7d765e7e-a6f5-0d2e-4fc0-5a517ffafbe2/test-file-f64e6b2e-fc8a-d445-93f0-02b65ff08e9c?sv=2024-08-04\u0026se=2024-03-21T16%3A48%3A43Z\u0026sr=f\u0026sp=rcwd\u0026sig=Sanitized",
      "RequestMethod": "HEAD",
      "RequestHeaders": {
        "Accept": "application/xml",
        "traceparent": "00-70fcea6e218b0a9c552dfde7f8abc902-36e3fc41e205c92f-00",
        "User-Agent": "azsdk-net-Storage.Files.Shares/12.18.0-alpha.20240320.1 (.NET 6.0.28; Microsoft Windows 10.0.22635)",
        "x-ms-client-request-id": "9a9bb268-2120-ad99-8d41-ef836f95f505",
        "x-ms-return-client-request-id": "true",
        "x-ms-version": "2024-05-04"
      },
      "RequestBody": null,
      "StatusCode": 200,
      "ResponseHeaders": {
        "Content-Length": "1024",
        "Content-Type": "application/octet-stream",
        "Date": "Wed, 20 Mar 2024 16:48:45 GMT",
        "ETag": "\u00220x8DC48FD9B663E75\u0022",
        "Last-Modified": "Wed, 20 Mar 2024 16:48:45 GMT",
        "Server": [
          "Windows-Azure-File/1.0",
          "Microsoft-HTTPAPI/2.0"
        ],
        "Vary": "Origin",
        "x-ms-client-request-id": "9a9bb268-2120-ad99-8d41-ef836f95f505",
        "x-ms-file-attributes": "Archive",
        "x-ms-file-change-time": "2024-03-20T16:48:45.0862709Z",
        "x-ms-file-creation-time": "2024-03-20T16:48:45.0862709Z",
        "x-ms-file-id": "13835128424026341376",
        "x-ms-file-last-write-time": "2024-03-20T16:48:45.0862709Z",
        "x-ms-file-parent-id": "0",
        "x-ms-file-permission-key": "13365936616355342650*1287379445297103284",
        "x-ms-lease-state": "available",
        "x-ms-lease-status": "unlocked",
        "x-ms-request-id": "0bd171c4-e01a-0008-5ee6-7a6fee000000",
        "x-ms-server-encrypted": "true",
        "x-ms-type": "File",
        "x-ms-version": "2024-05-04"
      },
      "ResponseBody": null
    },
    {
      "RequestUri": "https://amandadev2.file.core.windows.net/test-share-c241eddc-38e9-d0e6-33dc-e6d338d66bff/test-file-a0c04c33-b55c-8cf1-86ce-89f447ad01cf?sv=2024-08-04\u0026se=2024-03-21T16%3A48%3A43Z\u0026sr=f\u0026sp=rcwd\u0026sig=Sanitized",
      "RequestMethod": "HEAD",
      "RequestHeaders": {
        "Accept": "application/xml",
        "traceparent": "00-51d551a9d6e5ac475624a3d3550c881b-8bfdba2b55e7dcb8-00",
        "User-Agent": "azsdk-net-Storage.Files.Shares/12.18.0-alpha.20240320.1 (.NET 6.0.28; Microsoft Windows 10.0.22635)",
        "x-ms-client-request-id": "aa7107fa-a430-e4cb-b1f1-c860640c5aeb",
        "x-ms-return-client-request-id": "true",
        "x-ms-version": "2024-05-04"
      },
      "RequestBody": null,
      "StatusCode": 200,
      "ResponseHeaders": {
        "Content-Length": "1024",
        "Content-Type": "application/octet-stream",
        "Date": "Wed, 20 Mar 2024 16:48:45 GMT",
        "ETag": "\u00220x8DC48FD9B59E429\u0022",
        "Last-Modified": "Wed, 20 Mar 2024 16:48:45 GMT",
        "Server": [
          "Windows-Azure-File/1.0",
          "Microsoft-HTTPAPI/2.0"
        ],
        "Vary": "Origin",
        "x-ms-client-request-id": "aa7107fa-a430-e4cb-b1f1-c860640c5aeb",
        "x-ms-file-attributes": "Archive",
        "x-ms-file-change-time": "2024-03-20T16:48:45.0053161Z",
        "x-ms-file-creation-time": "2024-03-20T16:48:45.0053161Z",
        "x-ms-file-id": "13835128424026341376",
        "x-ms-file-last-write-time": "2024-03-20T16:48:45.0053161Z",
        "x-ms-file-parent-id": "0",
        "x-ms-file-permission-key": "13365936616355342650*1287379445297103284",
        "x-ms-lease-state": "available",
        "x-ms-lease-status": "unlocked",
        "x-ms-request-id": "0bd171c7-e01a-0008-5fe6-7a6fee000000",
        "x-ms-server-encrypted": "true",
        "x-ms-type": "File",
        "x-ms-version": "2024-05-04"
      },
      "ResponseBody": null
    },
    {
      "RequestUri": "https://amandadev2.file.core.windows.net/test-share-c241eddc-38e9-d0e6-33dc-e6d338d66bff?restype=share",
      "RequestMethod": "DELETE",
      "RequestHeaders": {
        "Accept": "application/xml",
        "Authorization": "Sanitized",
        "traceparent": "00-2ebe970ee60561d0765bc19383a8299f-a490b5886c79187c-00",
        "User-Agent": "azsdk-net-Storage.Files.Shares/12.18.0-alpha.20240320.1 (.NET 6.0.28; Microsoft Windows 10.0.22635)",
        "x-ms-client-request-id": "6788768d-4b24-12d5-0e9b-175dc7a5330c",
        "x-ms-date": "Wed, 20 Mar 2024 16:48:44 GMT",
        "x-ms-delete-snapshots": "include",
        "x-ms-return-client-request-id": "true",
        "x-ms-version": "2024-05-04"
      },
      "RequestBody": null,
      "StatusCode": 202,
      "ResponseHeaders": {
        "Content-Length": "0",
        "Date": "Wed, 20 Mar 2024 16:48:45 GMT",
        "Server": [
          "Windows-Azure-File/1.0",
          "Microsoft-HTTPAPI/2.0"
        ],
        "x-ms-client-request-id": "6788768d-4b24-12d5-0e9b-175dc7a5330c",
        "x-ms-request-id": "0bd171c8-e01a-0008-60e6-7a6fee000000",
        "x-ms-version": "2024-05-04"
      },
      "ResponseBody": null
    },
    {
      "RequestUri": "https://amandadev2.file.core.windows.net/test-share-7d765e7e-a6f5-0d2e-4fc0-5a517ffafbe2?restype=share",
      "RequestMethod": "DELETE",
      "RequestHeaders": {
        "Accept": "application/xml",
        "Authorization": "Sanitized",
        "traceparent": "00-d7214ea062777941cfbdcd8d28e9316d-989444a2b46dcaca-00",
        "User-Agent": "azsdk-net-Storage.Files.Shares/12.18.0-alpha.20240320.1 (.NET 6.0.28; Microsoft Windows 10.0.22635)",
        "x-ms-client-request-id": "edd3ab5d-f283-55c7-7575-53fddb9c1006",
        "x-ms-date": "Wed, 20 Mar 2024 16:48:44 GMT",
        "x-ms-delete-snapshots": "include",
        "x-ms-return-client-request-id": "true",
        "x-ms-version": "2024-05-04"
      },
      "RequestBody": null,
      "StatusCode": 202,
      "ResponseHeaders": {
        "Content-Length": "0",
        "Date": "Wed, 20 Mar 2024 16:48:45 GMT",
        "Server": [
          "Windows-Azure-File/1.0",
          "Microsoft-HTTPAPI/2.0"
        ],
        "x-ms-client-request-id": "edd3ab5d-f283-55c7-7575-53fddb9c1006",
        "x-ms-request-id": "0bd171c9-e01a-0008-61e6-7a6fee000000",
        "x-ms-version": "2024-05-04"
      },
      "ResponseBody": null
    }
  ],
  "Variables": {
    "DateTimeOffsetNow": "2024-03-20T09:48:43.9930580-07:00",
    "RandomSeed": "1660346638",
    "Storage_TestConfigDefault": "ProductionTenant\namandadev2\nU2FuaXRpemVk\nhttps://amandadev2.blob.core.windows.net\nhttps://amandadev2.file.core.windows.net\nhttps://amandadev2.queue.core.windows.net\nhttps://amandadev2.table.core.windows.net\n\n\n\n\nhttps://amandadev2-secondary.blob.core.windows.net\nhttps://amandadev2-secondary.file.core.windows.net\nhttps://amandadev2-secondary.queue.core.windows.net\nhttps://amandadev2-secondary.table.core.windows.net\n\nSanitized\n\n\nCloud\nBlobEndpoint=https://amandadev2.blob.core.windows.net/;QueueEndpoint=https://amandadev2.queue.core.windows.net/;FileEndpoint=https://amandadev2.file.core.windows.net/;BlobSecondaryEndpoint=https://amandadev2-secondary.blob.core.windows.net/;QueueSecondaryEndpoint=https://amandadev2-secondary.queue.core.windows.net/;FileSecondaryEndpoint=https://amandadev2-secondary.file.core.windows.net/;AccountName=amandadev2;AccountKey=Sanitized\nencryptionScope\n\n"
  }
}
