{
  "Entries": [
    {
      "RequestUri": "https://amandadev2.file.core.windows.net/test-share-d4f03c8e-cb8e-ef11-adb6-ccd71d67203b?restype=share",
      "RequestMethod": "PUT",
      "RequestHeaders": {
        "Accept": "application/xml",
        "Authorization": "Sanitized",
        "Content-Length": "0",
        "traceparent": "00-d8380cf7ef183f510d08432c1fd1cdc7-5f5b0ddbad63afed-00",
        "User-Agent": "azsdk-net-Storage.Files.Shares/12.18.0-alpha.20240320.1 (.NET 6.0.28; Microsoft Windows 10.0.22635)",
        "x-ms-client-request-id": "39ea42b1-2ba2-53a9-3980-5b263ed66b39",
        "x-ms-date": "Wed, 20 Mar 2024 16:48:47 GMT",
        "x-ms-return-client-request-id": "true",
        "x-ms-version": "2024-05-04"
      },
      "RequestBody": null,
      "StatusCode": 201,
      "ResponseHeaders": {
        "Content-Length": "0",
        "Date": "Wed, 20 Mar 2024 16:48:48 GMT",
        "ETag": "\u00220x8DC48FD9D6AB37D\u0022",
        "Last-Modified": "Wed, 20 Mar 2024 16:48:48 GMT",
        "Server": [
          "Windows-Azure-File/1.0",
          "Microsoft-HTTPAPI/2.0"
        ],
        "x-ms-client-request-id": "39ea42b1-2ba2-53a9-3980-5b263ed66b39",
        "x-ms-request-id": "0bd171f2-e01a-0008-01e6-7a6fee000000",
        "x-ms-version": "2024-05-04"
      },
      "ResponseBody": null
    },
    {
      "RequestUri": "https://amandadev2.file.core.windows.net/test-share-2eefd783-a94f-be1f-3e12-df300c49a49c?restype=share",
      "RequestMethod": "PUT",
      "RequestHeaders": {
        "Accept": "application/xml",
        "Authorization": "Sanitized",
        "Content-Length": "0",
        "traceparent": "00-d0c57d57a33b11f062dbd9b3b765f771-ac1e2206108f45f1-00",
        "User-Agent": "azsdk-net-Storage.Files.Shares/12.18.0-alpha.20240320.1 (.NET 6.0.28; Microsoft Windows 10.0.22635)",
        "x-ms-client-request-id": "734485f3-2021-07b0-232b-fa8f4c7846ef",
        "x-ms-date": "Wed, 20 Mar 2024 16:48:47 GMT",
        "x-ms-return-client-request-id": "true",
        "x-ms-version": "2024-05-04"
      },
      "RequestBody": null,
      "StatusCode": 201,
      "ResponseHeaders": {
        "Content-Length": "0",
        "Date": "Wed, 20 Mar 2024 16:48:48 GMT",
        "ETag": "\u00220x8DC48FD9D762389\u0022",
        "Last-Modified": "Wed, 20 Mar 2024 16:48:48 GMT",
        "Server": [
          "Windows-Azure-File/1.0",
          "Microsoft-HTTPAPI/2.0"
        ],
        "x-ms-client-request-id": "734485f3-2021-07b0-232b-fa8f4c7846ef",
        "x-ms-request-id": "0bd171f4-e01a-0008-02e6-7a6fee000000",
        "x-ms-version": "2024-05-04"
      },
      "ResponseBody": null
    },
    {
      "RequestUri": "https://amandadev2.file.core.windows.net/test-share-2eefd783-a94f-be1f-3e12-df300c49a49c/test-file-873dc172-3104-477b-1a1e-b751ed09618d",
      "RequestMethod": "PUT",
      "RequestHeaders": {
        "Accept": "application/xml",
        "Authorization": "Sanitized",
        "Content-Length": "0",
        "traceparent": "00-e7b1dbcd1c4d7d1597142b582129e7e9-b004e7f2f8dc410a-00",
        "User-Agent": "azsdk-net-Storage.Files.Shares/12.18.0-alpha.20240320.1 (.NET 6.0.28; Microsoft Windows 10.0.22635)",
        "x-ms-client-request-id": "8b1d92e1-bf3b-aaea-4377-5891d969ae34",
        "x-ms-content-length": "1024",
        "x-ms-date": "Wed, 20 Mar 2024 16:48:47 GMT",
        "x-ms-file-attributes": "None",
        "x-ms-file-creation-time": "Now",
        "x-ms-file-last-write-time": "Now",
        "x-ms-file-permission": "Inherit",
        "x-ms-return-client-request-id": "true",
        "x-ms-type": "file",
        "x-ms-version": "2024-05-04"
      },
      "RequestBody": null,
      "StatusCode": 201,
      "ResponseHeaders": {
        "Content-Length": "0",
        "Date": "Wed, 20 Mar 2024 16:48:48 GMT",
        "ETag": "\u00220x8DC48FD9D821A65\u0022",
        "Last-Modified": "Wed, 20 Mar 2024 16:48:48 GMT",
        "Server": [
          "Windows-Azure-File/1.0",
          "Microsoft-HTTPAPI/2.0"
        ],
        "x-ms-client-request-id": "8b1d92e1-bf3b-aaea-4377-5891d969ae34",
        "x-ms-file-attributes": "Archive",
        "x-ms-file-change-time": "2024-03-20T16:48:48.6242917Z",
        "x-ms-file-creation-time": "2024-03-20T16:48:48.6242917Z",
        "x-ms-file-id": "13835128424026341376",
        "x-ms-file-last-write-time": "2024-03-20T16:48:48.6242917Z",
        "x-ms-file-parent-id": "0",
        "x-ms-file-permission-key": "13365936616355342650*1287379445297103284",
        "x-ms-request-id": "0bd171f6-e01a-0008-03e6-7a6fee000000",
        "x-ms-request-server-encrypted": "true",
        "x-ms-version": "2024-05-04"
      },
      "ResponseBody": null
    },
    {
      "RequestUri": "https://amandadev2.file.core.windows.net/test-share-d4f03c8e-cb8e-ef11-adb6-ccd71d67203b/test-file-73bebedb-90b0-9cbb-3d42-28ae93804a67",
      "RequestMethod": "PUT",
      "RequestHeaders": {
        "Accept": "application/xml",
        "Authorization": "Sanitized",
        "Content-Length": "0",
        "traceparent": "00-be8eeda26dc0a6ac9d24d9f764d7f0b7-253b83c3d660cb41-00",
        "User-Agent": "azsdk-net-Storage.Files.Shares/12.18.0-alpha.20240320.1 (.NET 6.0.28; Microsoft Windows 10.0.22635)",
        "x-ms-client-request-id": "5a7015aa-d6eb-9b52-3c18-71a1d4dc895f",
        "x-ms-content-length": "1024",
        "x-ms-date": "Wed, 20 Mar 2024 16:48:47 GMT",
        "x-ms-file-attributes": "None",
        "x-ms-file-creation-time": "Now",
        "x-ms-file-last-write-time": "Now",
        "x-ms-file-permission": "Inherit",
        "x-ms-return-client-request-id": "true",
        "x-ms-type": "file",
        "x-ms-version": "2024-05-04"
      },
      "RequestBody": null,
      "StatusCode": 201,
      "ResponseHeaders": {
        "Content-Length": "0",
        "Date": "Wed, 20 Mar 2024 16:48:48 GMT",
        "ETag": "\u00220x8DC48FD9D8EE9CE\u0022",
        "Last-Modified": "Wed, 20 Mar 2024 16:48:48 GMT",
        "Server": [
          "Windows-Azure-File/1.0",
          "Microsoft-HTTPAPI/2.0"
        ],
        "x-ms-client-request-id": "5a7015aa-d6eb-9b52-3c18-71a1d4dc895f",
        "x-ms-file-attributes": "Archive",
        "x-ms-file-change-time": "2024-03-20T16:48:48.7082446Z",
        "x-ms-file-creation-time": "2024-03-20T16:48:48.7082446Z",
        "x-ms-file-id": "13835128424026341376",
        "x-ms-file-last-write-time": "2024-03-20T16:48:48.7082446Z",
        "x-ms-file-parent-id": "0",
        "x-ms-file-permission-key": "13365936616355342650*1287379445297103284",
        "x-ms-request-id": "0bd171f7-e01a-0008-04e6-7a6fee000000",
        "x-ms-request-server-encrypted": "true",
        "x-ms-version": "2024-05-04"
      },
      "ResponseBody": null
    },
    {
      "RequestUri": "https://amandadev2.file.core.windows.net/test-share-d4f03c8e-cb8e-ef11-adb6-ccd71d67203b/test-file-73bebedb-90b0-9cbb-3d42-28ae93804a67?sv=2024-08-04\u0026se=2024-03-21T16%3A48%3A47Z\u0026sr=f\u0026sp=rcwd\u0026sig=Sanitized",
      "RequestMethod": "HEAD",
      "RequestHeaders": {
        "Accept": "application/xml",
        "traceparent": "00-e47167d0469b00aee90129d7efa61c8b-be5dd53fd32b0e3b-00",
        "User-Agent": "azsdk-net-Storage.Files.Shares/12.18.0-alpha.20240320.1 (.NET 6.0.28; Microsoft Windows 10.0.22635)",
        "x-ms-client-request-id": "c3e73f26-53f8-0b48-49b8-2fa523ad7076",
        "x-ms-return-client-request-id": "true",
        "x-ms-version": "2024-05-04"
      },
      "RequestBody": null,
      "StatusCode": 200,
      "ResponseHeaders": {
        "Content-Length": "1024",
        "Content-Type": "application/octet-stream",
        "Date": "Wed, 20 Mar 2024 16:48:48 GMT",
        "ETag": "\u00220x8DC48FD9D8EE9CE\u0022",
        "Last-Modified": "Wed, 20 Mar 2024 16:48:48 GMT",
        "Server": [
          "Windows-Azure-File/1.0",
          "Microsoft-HTTPAPI/2.0"
        ],
        "Vary": "Origin",
        "x-ms-client-request-id": "c3e73f26-53f8-0b48-49b8-2fa523ad7076",
        "x-ms-file-attributes": "Archive",
        "x-ms-file-change-time": "2024-03-20T16:48:48.7082446Z",
        "x-ms-file-creation-time": "2024-03-20T16:48:48.7082446Z",
        "x-ms-file-id": "13835128424026341376",
        "x-ms-file-last-write-time": "2024-03-20T16:48:48.7082446Z",
        "x-ms-file-parent-id": "0",
        "x-ms-file-permission-key": "13365936616355342650*1287379445297103284",
        "x-ms-lease-state": "available",
        "x-ms-lease-status": "unlocked",
        "x-ms-request-id": "0bd171f8-e01a-0008-05e6-7a6fee000000",
        "x-ms-server-encrypted": "true",
        "x-ms-type": "File",
        "x-ms-version": "2024-05-04"
      },
      "ResponseBody": null
    },
    {
      "RequestUri": "https://amandadev2.file.core.windows.net/test-share-d4f03c8e-cb8e-ef11-adb6-ccd71d67203b/test-file-73bebedb-90b0-9cbb-3d42-28ae93804a67?sv=2024-08-04\u0026se=2024-03-21T16%3A48%3A47Z\u0026sr=f\u0026sp=rcwd\u0026sig=Sanitized",
      "RequestMethod": "HEAD",
      "RequestHeaders": {
        "Accept": "application/xml",
        "traceparent": "00-48e32875975a447d795fbd240b83fd24-6c1267a4806cc6f1-00",
        "User-Agent": "azsdk-net-Storage.Files.Shares/12.18.0-alpha.20240320.1 (.NET 6.0.28; Microsoft Windows 10.0.22635)",
        "x-ms-client-request-id": "957acb69-c5f5-a566-b8f2-12f5d83f2895",
        "x-ms-return-client-request-id": "true",
        "x-ms-version": "2024-05-04"
      },
      "RequestBody": null,
      "StatusCode": 200,
      "ResponseHeaders": {
        "Content-Length": "1024",
        "Content-Type": "application/octet-stream",
        "Date": "Wed, 20 Mar 2024 16:48:48 GMT",
        "ETag": "\u00220x8DC48FD9D8EE9CE\u0022",
        "Last-Modified": "Wed, 20 Mar 2024 16:48:48 GMT",
        "Server": [
          "Windows-Azure-File/1.0",
          "Microsoft-HTTPAPI/2.0"
        ],
        "Vary": "Origin",
        "x-ms-client-request-id": "957acb69-c5f5-a566-b8f2-12f5d83f2895",
        "x-ms-file-attributes": "Archive",
        "x-ms-file-change-time": "2024-03-20T16:48:48.7082446Z",
        "x-ms-file-creation-time": "2024-03-20T16:48:48.7082446Z",
        "x-ms-file-id": "13835128424026341376",
        "x-ms-file-last-write-time": "2024-03-20T16:48:48.7082446Z",
        "x-ms-file-parent-id": "0",
        "x-ms-file-permission-key": "13365936616355342650*1287379445297103284",
        "x-ms-lease-state": "available",
        "x-ms-lease-status": "unlocked",
        "x-ms-request-id": "0bd171f9-e01a-0008-06e6-7a6fee000000",
        "x-ms-server-encrypted": "true",
        "x-ms-type": "File",
        "x-ms-version": "2024-05-04"
      },
      "ResponseBody": null
    },
    {
      "RequestUri": "https://amandadev2.file.core.windows.net/test-share-2eefd783-a94f-be1f-3e12-df300c49a49c/test-file-873dc172-3104-477b-1a1e-b751ed09618d?sv=2024-08-04\u0026se=2024-03-21T16%3A48%3A47Z\u0026sr=f\u0026sp=rcwd\u0026sig=Sanitized",
      "RequestMethod": "HEAD",
      "RequestHeaders": {
        "Accept": "application/xml",
        "traceparent": "00-8cc557529f02d73143347a7d34769aa7-45caa57b49a9d3c2-00",
        "User-Agent": "azsdk-net-Storage.Files.Shares/12.18.0-alpha.20240320.1 (.NET 6.0.28; Microsoft Windows 10.0.22635)",
        "x-ms-client-request-id": "583b811d-db33-8b80-f6bd-41ace274c8f1",
        "x-ms-return-client-request-id": "true",
        "x-ms-version": "2024-05-04"
      },
      "RequestBody": null,
      "StatusCode": 200,
      "ResponseHeaders": {
        "Content-Length": "1024",
        "Content-Type": "application/octet-stream",
        "Date": "Wed, 20 Mar 2024 16:48:48 GMT",
        "ETag": "\u00220x8DC48FD9D821A65\u0022",
        "Last-Modified": "Wed, 20 Mar 2024 16:48:48 GMT",
        "Server": [
          "Windows-Azure-File/1.0",
          "Microsoft-HTTPAPI/2.0"
        ],
        "Vary": "Origin",
        "x-ms-client-request-id": "583b811d-db33-8b80-f6bd-41ace274c8f1",
        "x-ms-file-attributes": "Archive",
        "x-ms-file-change-time": "2024-03-20T16:48:48.6242917Z",
        "x-ms-file-creation-time": "2024-03-20T16:48:48.6242917Z",
        "x-ms-file-id": "13835128424026341376",
        "x-ms-file-last-write-time": "2024-03-20T16:48:48.6242917Z",
        "x-ms-file-parent-id": "0",
        "x-ms-file-permission-key": "13365936616355342650*1287379445297103284",
        "x-ms-lease-state": "available",
        "x-ms-lease-status": "unlocked",
        "x-ms-request-id": "0bd171fa-e01a-0008-07e6-7a6fee000000",
        "x-ms-server-encrypted": "true",
        "x-ms-type": "File",
        "x-ms-version": "2024-05-04"
      },
      "ResponseBody": null
    },
    {
      "RequestUri": "https://amandadev2.file.core.windows.net/test-share-2eefd783-a94f-be1f-3e12-df300c49a49c?restype=share",
      "RequestMethod": "DELETE",
      "RequestHeaders": {
        "Accept": "application/xml",
        "Authorization": "Sanitized",
        "traceparent": "00-4d76a8ff2d01e12c87313d703ac8ab46-003a35aca1a1955c-00",
        "User-Agent": "azsdk-net-Storage.Files.Shares/12.18.0-alpha.20240320.1 (.NET 6.0.28; Microsoft Windows 10.0.22635)",
        "x-ms-client-request-id": "57d8bb85-d003-8b62-4182-ad6d725b4f60",
        "x-ms-date": "Wed, 20 Mar 2024 16:48:48 GMT",
        "x-ms-delete-snapshots": "include",
        "x-ms-return-client-request-id": "true",
        "x-ms-version": "2024-05-04"
      },
      "RequestBody": null,
      "StatusCode": 202,
      "ResponseHeaders": {
        "Content-Length": "0",
        "Date": "Wed, 20 Mar 2024 16:48:49 GMT",
        "Server": [
          "Windows-Azure-File/1.0",
          "Microsoft-HTTPAPI/2.0"
        ],
        "x-ms-client-request-id": "57d8bb85-d003-8b62-4182-ad6d725b4f60",
        "x-ms-request-id": "0bd171fb-e01a-0008-08e6-7a6fee000000",
        "x-ms-version": "2024-05-04"
      },
      "ResponseBody": null
    },
    {
      "RequestUri": "https://amandadev2.file.core.windows.net/test-share-d4f03c8e-cb8e-ef11-adb6-ccd71d67203b?restype=share",
      "RequestMethod": "DELETE",
      "RequestHeaders": {
        "Accept": "application/xml",
        "Authorization": "Sanitized",
        "traceparent": "00-3e0c2b8870d267545a46acc503282b92-b66eff4ed1622bef-00",
        "User-Agent": "azsdk-net-Storage.Files.Shares/12.18.0-alpha.20240320.1 (.NET 6.0.28; Microsoft Windows 10.0.22635)",
        "x-ms-client-request-id": "2727be53-709c-2bee-1f20-996049154268",
        "x-ms-date": "Wed, 20 Mar 2024 16:48:48 GMT",
        "x-ms-delete-snapshots": "include",
        "x-ms-return-client-request-id": "true",
        "x-ms-version": "2024-05-04"
      },
      "RequestBody": null,
      "StatusCode": 202,
      "ResponseHeaders": {
        "Content-Length": "0",
        "Date": "Wed, 20 Mar 2024 16:48:49 GMT",
        "Server": [
          "Windows-Azure-File/1.0",
          "Microsoft-HTTPAPI/2.0"
        ],
        "x-ms-client-request-id": "2727be53-709c-2bee-1f20-996049154268",
        "x-ms-request-id": "0bd171fc-e01a-0008-09e6-7a6fee000000",
        "x-ms-version": "2024-05-04"
      },
      "ResponseBody": null
    }
  ],
  "Variables": {
    "DateTimeOffsetNow": "2024-03-20T09:48:47.6116626-07:00",
    "RandomSeed": "793892013",
    "Storage_TestConfigDefault": "ProductionTenant\namandadev2\nU2FuaXRpemVk\nhttps://amandadev2.blob.core.windows.net\nhttps://amandadev2.file.core.windows.net\nhttps://amandadev2.queue.core.windows.net\nhttps://amandadev2.table.core.windows.net\n\n\n\n\nhttps://amandadev2-secondary.blob.core.windows.net\nhttps://amandadev2-secondary.file.core.windows.net\nhttps://amandadev2-secondary.queue.core.windows.net\nhttps://amandadev2-secondary.table.core.windows.net\n\nSanitized\n\n\nCloud\nBlobEndpoint=https://amandadev2.blob.core.windows.net/;QueueEndpoint=https://amandadev2.queue.core.windows.net/;FileEndpoint=https://amandadev2.file.core.windows.net/;BlobSecondaryEndpoint=https://amandadev2-secondary.blob.core.windows.net/;QueueSecondaryEndpoint=https://amandadev2-secondary.queue.core.windows.net/;FileSecondaryEndpoint=https://amandadev2-secondary.file.core.windows.net/;AccountName=amandadev2;AccountKey=Sanitized\nencryptionScope\n\n"
  }
}
