{
  "Entries": [
    {
      "RequestUri": "https://nickliuproductionacc.file.core.windows.net/test-share-ad7a82b8-0ce5-580a-aed4-f241dcbea766?restype=share",
      "RequestMethod": "PUT",
      "RequestHeaders": {
        "Accept": "application/xml",
        "Authorization": "Sanitized",
        "Content-Length": "0",
        "traceparent": "00-f058fe25f8e074da2e7d8b7c114b977f-35a2dc499303e8e7-00",
        "User-Agent": "azsdk-net-Storage.Files.Shares/12.23.0-alpha.20250430.1 (.NET 8.0.15; Microsoft Windows 10.0.26100)",
        "x-ms-client-request-id": "Sanitized",
        "x-ms-date": "Thu, 01 May 2025 15:17:48 GMT",
        "x-ms-return-client-request-id": "true",
        "x-ms-version": "2025-07-05"
      },
      "RequestBody": null,
      "StatusCode": 201,
      "ResponseHeaders": {
        "Content-Length": "0",
        "Date": "Thu, 01 May 2025 15:17:45 GMT",
        "ETag": "\"0x8DD88C353BBFFF9\"",
        "Last-Modified": "Thu, 01 May 2025 15:17:46 GMT",
        "Server": [
          "Windows-Azure-File/1.0",
          "Microsoft-HTTPAPI/2.0"
        ],
        "x-ms-client-request-id": "Sanitized",
        "x-ms-request-id": "70960b45-101a-003a-58ac-baa0a2000000",
        "x-ms-version": "2025-07-05"
      },
      "ResponseBody": null
    },
    {
      "RequestUri": "https://nickliuproductionacc.file.core.windows.net/test-share-679f4b09-2997-a6a7-f525-2dfc697cbea4?restype=share",
      "RequestMethod": "PUT",
      "RequestHeaders": {
        "Accept": "application/xml",
        "Authorization": "Sanitized",
        "Content-Length": "0",
        "traceparent": "00-d6bf17b34d36c042f6bdd03dec5a2703-9a54994f12a85427-00",
        "User-Agent": "azsdk-net-Storage.Files.Shares/12.23.0-alpha.20250430.1 (.NET 8.0.15; Microsoft Windows 10.0.26100)",
        "x-ms-client-request-id": "Sanitized",
        "x-ms-date": "Thu, 01 May 2025 15:17:48 GMT",
        "x-ms-return-client-request-id": "true",
        "x-ms-version": "2025-07-05"
      },
      "RequestBody": null,
      "StatusCode": 201,
      "ResponseHeaders": {
        "Content-Length": "0",
        "Date": "Thu, 01 May 2025 15:17:45 GMT",
        "ETag": "\"0x8DD88C353C1DE96\"",
        "Last-Modified": "Thu, 01 May 2025 15:17:46 GMT",
        "Server": [
          "Windows-Azure-File/1.0",
          "Microsoft-HTTPAPI/2.0"
        ],
        "x-ms-client-request-id": "Sanitized",
        "x-ms-request-id": "70960b47-101a-003a-59ac-baa0a2000000",
        "x-ms-version": "2025-07-05"
      },
      "ResponseBody": null
    },
    {
      "RequestUri": "https://nickliuproductionacc.file.core.windows.net/test-share-ad7a82b8-0ce5-580a-aed4-f241dcbea766/test-file-5700ba4b-b4ce-88ea-0b70-4fe84689f46d",
      "RequestMethod": "PUT",
      "RequestHeaders": {
        "Accept": "application/xml",
        "Authorization": "Sanitized",
        "Content-Length": "0",
        "traceparent": "00-7b48f463c33bdd909722237ddd163e5c-66308826dbd15870-00",
        "User-Agent": "azsdk-net-Storage.Files.Shares/12.23.0-alpha.20250430.1 (.NET 8.0.15; Microsoft Windows 10.0.26100)",
        "x-ms-cache-control": "no-cache",
        "x-ms-client-request-id": "Sanitized",
        "x-ms-content-disposition": "inline",
        "x-ms-content-language": "en-US,en-CA",
        "x-ms-content-length": "1024",
        "x-ms-date": "Thu, 01 May 2025 15:17:48 GMT",
        "x-ms-file-attributes": "None",
        "x-ms-file-change-time": "2024-04-01T13:30:03.0000000Z",
        "x-ms-file-creation-time": "2024-04-01T09:05:55.0000000Z",
        "x-ms-file-last-write-time": "2024-04-01T12:16:06.0000000Z",
        "x-ms-meta-Capital": "letter",
        "x-ms-meta-foo": "bar",
        "x-ms-meta-meta": "data",
        "x-ms-meta-UPPER": "case",
        "x-ms-return-client-request-id": "true",
        "x-ms-type": "file",
        "x-ms-version": "2025-07-05"
      },
      "RequestBody": null,
      "StatusCode": 201,
      "ResponseHeaders": {
        "Content-Length": "0",
        "Date": "Thu, 01 May 2025 15:17:45 GMT",
        "ETag": "\"0x8DD88C353C79BF1\"",
        "Last-Modified": "Thu, 01 May 2025 15:17:46 GMT",
        "Server": [
          "Windows-Azure-File/1.0",
          "Microsoft-HTTPAPI/2.0"
        ],
        "x-ms-client-request-id": "Sanitized",
        "x-ms-file-attributes": "Archive",
        "x-ms-file-change-time": "2024-04-01T13:30:03.0000000Z",
        "x-ms-file-creation-time": "2024-04-01T09:05:55.0000000Z",
        "x-ms-file-id": "13835128424026341376",
        "x-ms-file-last-write-time": "2024-04-01T12:16:06.0000000Z",
        "x-ms-file-parent-id": "0",
        "x-ms-file-permission-key": "8616074386732128176*16083086822043778878",
        "x-ms-request-id": "70960b49-101a-003a-5aac-baa0a2000000",
        "x-ms-request-server-encrypted": "true",
        "x-ms-version": "2025-07-05"
      },
      "ResponseBody": null
    },
    {
      "RequestUri": "https://nickliuproductionacc.file.core.windows.net/test-share-679f4b09-2997-a6a7-f525-2dfc697cbea4?restype=share",
      "RequestMethod": "DELETE",
      "RequestHeaders": {
        "Accept": "application/xml",
        "Authorization": "Sanitized",
        "traceparent": "00-5d1f63d738ae4167072a51b19c28944d-974ceed14a04e227-00",
        "User-Agent": "azsdk-net-Storage.Files.Shares/12.23.0-alpha.20250430.1 (.NET 8.0.15; Microsoft Windows 10.0.26100)",
        "x-ms-client-request-id": "Sanitized",
        "x-ms-date": "Thu, 01 May 2025 15:17:48 GMT",
        "x-ms-delete-snapshots": "include",
        "x-ms-return-client-request-id": "true",
        "x-ms-version": "2025-07-05"
      },
      "RequestBody": null,
      "StatusCode": 202,
      "ResponseHeaders": {
        "Content-Length": "0",
        "Date": "Thu, 01 May 2025 15:17:45 GMT",
        "Server": [
          "Windows-Azure-File/1.0",
          "Microsoft-HTTPAPI/2.0"
        ],
        "x-ms-client-request-id": "Sanitized",
        "x-ms-request-id": "70960b4a-101a-003a-5bac-baa0a2000000",
        "x-ms-version": "2025-07-05"
      },
      "ResponseBody": null
    },
    {
      "RequestUri": "https://nickliuproductionacc.file.core.windows.net/test-share-ad7a82b8-0ce5-580a-aed4-f241dcbea766?restype=share",
      "RequestMethod": "DELETE",
      "RequestHeaders": {
        "Accept": "application/xml",
        "Authorization": "Sanitized",
        "traceparent": "00-db98565101a7ec757ba9847d6fe89da1-54540493b6edaa1d-00",
        "User-Agent": "azsdk-net-Storage.Files.Shares/12.23.0-alpha.20250430.1 (.NET 8.0.15; Microsoft Windows 10.0.26100)",
        "x-ms-client-request-id": "Sanitized",
        "x-ms-date": "Thu, 01 May 2025 15:17:48 GMT",
        "x-ms-delete-snapshots": "include",
        "x-ms-return-client-request-id": "true",
        "x-ms-version": "2025-07-05"
      },
      "RequestBody": null,
      "StatusCode": 202,
      "ResponseHeaders": {
        "Content-Length": "0",
        "Date": "Thu, 01 May 2025 15:17:45 GMT",
        "Server": [
          "Windows-Azure-File/1.0",
          "Microsoft-HTTPAPI/2.0"
        ],
        "x-ms-client-request-id": "Sanitized",
        "x-ms-request-id": "70960b4b-101a-003a-5cac-baa0a2000000",
        "x-ms-version": "2025-07-05"
      },
      "ResponseBody": null
    }
  ],
  "Variables": {
    "RandomSeed": "1876587812",
    "Storage_TestConfigDefault": "ProductionTenant\nnickliuproductionacc\nU2FuaXRpemVk\nhttps://nickliuproductionacc.blob.core.windows.net\nhttps://nickliuproductionacc.file.core.windows.net\nhttps://nickliuproductionacc.queue.core.windows.net\nhttps://nickliuproductionacc.table.core.windows.net\n\n\n\n\nhttps://nickliuproductionacc-secondary.blob.core.windows.net\nhttps://nickliuproductionacc-secondary.file.core.windows.net\nhttps://nickliuproductionacc-secondary.queue.core.windows.net\nhttps://nickliuproductionacc-secondary.table.core.windows.net\nCloud\nBlobEndpoint=https://nickliuproductionacc.blob.core.windows.net/;QueueEndpoint=https://nickliuproductionacc.queue.core.windows.net/;FileEndpoint=https://nickliuproductionacc.file.core.windows.net/;BlobSecondaryEndpoint=https://nickliuproductionacc-secondary.blob.core.windows.net/;QueueSecondaryEndpoint=https://nickliuproductionacc-secondary.queue.core.windows.net/;FileSecondaryEndpoint=https://nickliuproductionacc-secondary.file.core.windows.net/;AccountName=nickliuproductionacc;AccountKey=U2FuaXRpemVk\nEncryptionScope\n\n"
  }
}
