{
  "Entries": [
    {
      "RequestUri": "https://nickliuproductionacc.file.core.windows.net/test-share-45b53571-4d2d-ea83-9b28-4005de76adf9?sv=Sanitized&ss=f&srt=sco&se=2025-07-18T01%3A07%3A19Z&sp=rwdxylacuptfi&sig=Sanitized&restype=share",
      "RequestMethod": "PUT",
      "RequestHeaders": {
        "Accept": "application/xml",
        "Content-Length": "0",
        "traceparent": "00-ac97181958dc9347352995ab0e15f8f3-91ccb0df59892ee0-00",
        "User-Agent": "azsdk-net-Storage.Files.Shares/12.24.0-alpha.20250716.1 (.NET 8.0.18; Microsoft Windows 10.0.26100)",
        "x-ms-client-request-id": "Sanitized",
        "x-ms-return-client-request-id": "true",
        "x-ms-version": "2025-11-05"
      },
      "RequestBody": null,
      "StatusCode": 201,
      "ResponseHeaders": {
        "Content-Length": "0",
        "Date": "Thu, 17 Jul 2025 01:07:18 GMT",
        "ETag": "\"0x8DDC4CE47403E00\"",
        "Last-Modified": "Thu, 17 Jul 2025 01:07:19 GMT",
        "Server": [
          "Windows-Azure-File/1.0",
          "Microsoft-HTTPAPI/2.0"
        ],
        "x-ms-client-request-id": "Sanitized",
        "x-ms-request-id": "f03d3e73-a01a-0062-38b7-f678fd000000",
        "x-ms-version": "2025-11-05"
      },
      "ResponseBody": null
    },
    {
      "RequestUri": "https://nickliuproductionacc.file.core.windows.net/test-share-df74dbef-9507-84dd-c3a5-94030cfed11c?sv=Sanitized&ss=f&srt=sco&se=2025-07-18T01%3A07%3A19Z&sp=rwdxylacuptfi&sig=Sanitized&restype=share",
      "RequestMethod": "PUT",
      "RequestHeaders": {
        "Accept": "application/xml",
        "Content-Length": "0",
        "traceparent": "00-2336f6abc5c50b896af11b47fe0805de-116c66d0dd169fb5-00",
        "User-Agent": "azsdk-net-Storage.Files.Shares/12.24.0-alpha.20250716.1 (.NET 8.0.18; Microsoft Windows 10.0.26100)",
        "x-ms-client-request-id": "Sanitized",
        "x-ms-return-client-request-id": "true",
        "x-ms-version": "2025-11-05"
      },
      "RequestBody": null,
      "StatusCode": 201,
      "ResponseHeaders": {
        "Content-Length": "0",
        "Date": "Thu, 17 Jul 2025 01:07:18 GMT",
        "ETag": "\"0x8DDC4CE4744B217\"",
        "Last-Modified": "Thu, 17 Jul 2025 01:07:19 GMT",
        "Server": [
          "Windows-Azure-File/1.0",
          "Microsoft-HTTPAPI/2.0"
        ],
        "x-ms-client-request-id": "Sanitized",
        "x-ms-request-id": "f03d3e75-a01a-0062-39b7-f678fd000000",
        "x-ms-version": "2025-11-05"
      },
      "ResponseBody": null
    },
    {
      "RequestUri": "https://nickliuproductionacc.file.core.windows.net/test-share-45b53571-4d2d-ea83-9b28-4005de76adf9/test-file-722358ef-716c-2438-d119-a0073be40de5?sv=Sanitized&ss=f&srt=sco&se=2025-07-18T01%3A07%3A19Z&sp=rwdxylacuptfi&sig=Sanitized",
      "RequestMethod": "PUT",
      "RequestHeaders": {
        "Accept": "application/xml",
        "Content-Length": "0",
        "traceparent": "00-8ba56a290e884ac0407a693ec1a01ea6-7280aa01eb0228f8-00",
        "User-Agent": "azsdk-net-Storage.Files.Shares/12.24.0-alpha.20250716.1 (.NET 8.0.18; Microsoft Windows 10.0.26100)",
        "x-ms-cache-control": "no-cache",
        "x-ms-client-request-id": "Sanitized",
        "x-ms-content-disposition": "inline",
        "x-ms-content-language": "en-US,en-CA",
        "x-ms-content-length": "1024",
        "x-ms-file-attributes": "None",
        "x-ms-file-change-time": "2024-04-01T13:30:03.0000000Z",
        "x-ms-file-creation-time": "2024-04-01T09:05:55.0000000Z",
        "x-ms-file-last-write-time": "2024-04-01T12:16:06.0000000Z",
        "x-ms-meta-Capital": "letter",
        "x-ms-meta-foo": "bar",
        "x-ms-meta-meta": "data",
        "x-ms-meta-UPPER": "case",
        "x-ms-return-client-request-id": "true",
        "x-ms-type": "file",
        "x-ms-version": "2025-11-05"
      },
      "RequestBody": null,
      "StatusCode": 201,
      "ResponseHeaders": {
        "Content-Length": "0",
        "Date": "Thu, 17 Jul 2025 01:07:18 GMT",
        "ETag": "\"0x8DDC4CE47499DDD\"",
        "Last-Modified": "Thu, 17 Jul 2025 01:07:19 GMT",
        "Server": [
          "Windows-Azure-File/1.0",
          "Microsoft-HTTPAPI/2.0"
        ],
        "x-ms-client-request-id": "Sanitized",
        "x-ms-file-attributes": "Archive",
        "x-ms-file-change-time": "2024-04-01T13:30:03.0000000Z",
        "x-ms-file-creation-time": "2024-04-01T09:05:55.0000000Z",
        "x-ms-file-id": "13835128424026341376",
        "x-ms-file-last-write-time": "2024-04-01T12:16:06.0000000Z",
        "x-ms-file-parent-id": "0",
        "x-ms-file-permission-key": "8616074386732128176*16083086822043778878",
        "x-ms-request-id": "f03d3e77-a01a-0062-3ab7-f678fd000000",
        "x-ms-request-server-encrypted": "true",
        "x-ms-version": "2025-11-05"
      },
      "ResponseBody": null
    },
    {
      "RequestUri": "https://nickliuproductionacc.file.core.windows.net/test-share-45b53571-4d2d-ea83-9b28-4005de76adf9?sv=Sanitized&ss=f&srt=sco&se=2025-07-18T01%3A07%3A19Z&sp=rwdxylacuptfi&sig=Sanitized&restype=share",
      "RequestMethod": "GET",
      "RequestHeaders": {
        "Accept": "application/xml",
        "traceparent": "00-a247ad5ca991884824950bde16752c67-b87eac7c6aa2a815-00",
        "User-Agent": "azsdk-net-Storage.Files.Shares/12.24.0-alpha.20250716.1 (.NET 8.0.18; Microsoft Windows 10.0.26100)",
        "x-ms-client-request-id": "Sanitized",
        "x-ms-return-client-request-id": "true",
        "x-ms-version": "2025-11-05"
      },
      "RequestBody": null,
      "StatusCode": 200,
      "ResponseHeaders": {
        "Content-Length": "0",
        "Date": "Thu, 17 Jul 2025 01:07:18 GMT",
        "ETag": "\"0x8DDC4CE47403E00\"",
        "Last-Modified": "Thu, 17 Jul 2025 01:07:19 GMT",
        "Server": [
          "Windows-Azure-File/1.0",
          "Microsoft-HTTPAPI/2.0"
        ],
        "x-ms-access-tier": "TransactionOptimized",
        "x-ms-access-tier-change-time": "Thu, 17 Jul 2025 01:07:19 GMT",
        "x-ms-client-request-id": "Sanitized",
        "x-ms-has-immutability-policy": "false",
        "x-ms-has-legal-hold": "false",
        "x-ms-lease-state": "available",
        "x-ms-lease-status": "unlocked",
        "x-ms-request-id": "f03d3e78-a01a-0062-3bb7-f678fd000000",
        "x-ms-share-quota": "102400",
        "x-ms-version": "2025-11-05"
      },
      "ResponseBody": null
    },
    {
      "RequestUri": "https://nickliuproductionacc.file.core.windows.net/test-share-df74dbef-9507-84dd-c3a5-94030cfed11c?sv=Sanitized&ss=f&srt=sco&se=2025-07-18T01%3A07%3A19Z&sp=rwdxylacuptfi&sig=Sanitized&restype=share",
      "RequestMethod": "DELETE",
      "RequestHeaders": {
        "Accept": "application/xml",
        "traceparent": "00-b97847ac0c2d478d09a8f43f00865074-ed779a87c56ce93c-00",
        "User-Agent": "azsdk-net-Storage.Files.Shares/12.24.0-alpha.20250716.1 (.NET 8.0.18; Microsoft Windows 10.0.26100)",
        "x-ms-client-request-id": "Sanitized",
        "x-ms-delete-snapshots": "include",
        "x-ms-return-client-request-id": "true",
        "x-ms-version": "2025-11-05"
      },
      "RequestBody": null,
      "StatusCode": 202,
      "ResponseHeaders": {
        "Content-Length": "0",
        "Date": "Thu, 17 Jul 2025 01:07:18 GMT",
        "Server": [
          "Windows-Azure-File/1.0",
          "Microsoft-HTTPAPI/2.0"
        ],
        "x-ms-client-request-id": "Sanitized",
        "x-ms-request-id": "f03d3e79-a01a-0062-3cb7-f678fd000000",
        "x-ms-version": "2025-11-05"
      },
      "ResponseBody": null
    },
    {
      "RequestUri": "https://nickliuproductionacc.file.core.windows.net/test-share-45b53571-4d2d-ea83-9b28-4005de76adf9?sv=Sanitized&ss=f&srt=sco&se=2025-07-18T01%3A07%3A19Z&sp=rwdxylacuptfi&sig=Sanitized&restype=share",
      "RequestMethod": "DELETE",
      "RequestHeaders": {
        "Accept": "application/xml",
        "traceparent": "00-b49fe8f9373f1be508faa32bead79e87-6f0b3bc9f1a184a0-00",
        "User-Agent": "azsdk-net-Storage.Files.Shares/12.24.0-alpha.20250716.1 (.NET 8.0.18; Microsoft Windows 10.0.26100)",
        "x-ms-client-request-id": "Sanitized",
        "x-ms-delete-snapshots": "include",
        "x-ms-return-client-request-id": "true",
        "x-ms-version": "2025-11-05"
      },
      "RequestBody": null,
      "StatusCode": 202,
      "ResponseHeaders": {
        "Content-Length": "0",
        "Date": "Thu, 17 Jul 2025 01:07:18 GMT",
        "Server": [
          "Windows-Azure-File/1.0",
          "Microsoft-HTTPAPI/2.0"
        ],
        "x-ms-client-request-id": "Sanitized",
        "x-ms-request-id": "f03d3e7a-a01a-0062-3db7-f678fd000000",
        "x-ms-version": "2025-11-05"
      },
      "ResponseBody": null
    }
  ],
  "Variables": {
    "DateTimeOffsetNow": "2025-07-16T21:07:19.5773282-04:00",
    "RandomSeed": "1394836546",
    "Storage_TestConfigDefault": "ProductionTenant\nnickliuproductionacc\nU2FuaXRpemVk\nhttps://nickliuproductionacc.blob.core.windows.net\nhttps://nickliuproductionacc.file.core.windows.net\nhttps://nickliuproductionacc.queue.core.windows.net\nhttps://nickliuproductionacc.table.core.windows.net\n\n\n\n\nhttps://nickliuproductionacc-secondary.blob.core.windows.net\nhttps://nickliuproductionacc-secondary.file.core.windows.net\nhttps://nickliuproductionacc-secondary.queue.core.windows.net\nhttps://nickliuproductionacc-secondary.table.core.windows.net\nCloud\nBlobEndpoint=https://nickliuproductionacc.blob.core.windows.net/;QueueEndpoint=https://nickliuproductionacc.queue.core.windows.net/;FileEndpoint=https://nickliuproductionacc.file.core.windows.net/;BlobSecondaryEndpoint=https://nickliuproductionacc-secondary.blob.core.windows.net/;QueueSecondaryEndpoint=https://nickliuproductionacc-secondary.queue.core.windows.net/;FileSecondaryEndpoint=https://nickliuproductionacc-secondary.file.core.windows.net/;AccountName=nickliuproductionacc;AccountKey=U2FuaXRpemVk\nEncryptionScope\n\n"
  }
}
