{
  "Entries": [
    {
      "RequestUri": "https://fakestorage.queue.core.windows.net/azqueuepagedgoqservicelistqueuespaged0",
      "RequestMethod": "PUT",
      "RequestHeaders": {
        "Accept": "application/xml",
        "Accept-Encoding": "gzip",
        "Authorization": "Sanitized",
        "Content-Length": "0",
        "User-Agent": "azsdk-go-azqueue/v0.1.0 (go1.19; Windows_NT)",
        "X-Ms-Date": "Tue, 07 Feb 2023 08:41:14 GMT",
        "x-ms-version": "2018-03-28"
      },
      "RequestBody": null,
      "StatusCode": 201,
      "ResponseHeaders": {
        "Content-Length": "0",
        "Date": "Tue, 07 Feb 2023 08:41:14 GMT",
        "Server": [
          "Windows-Azure-Queue/1.0",
          "Microsoft-HTTPAPI/2.0"
        ],
        "x-ms-request-id": "00000000-0000-0000-0000-000000000000",
        "x-ms-version": "2018-03-28"
      },
      "ResponseBody": null
    },
    {
      "RequestUri": "https://fakestorage.queue.core.windows.net/azqueuepagedgoqservicelistqueuespaged1",
      "RequestMethod": "PUT",
      "RequestHeaders": {
        "Accept": "application/xml",
        "Accept-Encoding": "gzip",
        "Authorization": "Sanitized",
        "Content-Length": "0",
        "User-Agent": "azsdk-go-azqueue/v0.1.0 (go1.19; Windows_NT)",
        "X-Ms-Date": "Tue, 07 Feb 2023 08:41:14 GMT",
        "x-ms-version": "2018-03-28"
      },
      "RequestBody": null,
      "StatusCode": 201,
      "ResponseHeaders": {
        "Content-Length": "0",
        "Date": "Tue, 07 Feb 2023 08:41:14 GMT",
        "Server": [
          "Windows-Azure-Queue/1.0",
          "Microsoft-HTTPAPI/2.0"
        ],
        "x-ms-request-id": "00000000-0000-0000-0000-000000000000",
        "x-ms-version": "2018-03-28"
      },
      "ResponseBody": null
    },
    {
      "RequestUri": "https://fakestorage.queue.core.windows.net/azqueuepagedgoqservicelistqueuespaged2",
      "RequestMethod": "PUT",
      "RequestHeaders": {
        "Accept": "application/xml",
        "Accept-Encoding": "gzip",
        "Authorization": "Sanitized",
        "Content-Length": "0",
        "User-Agent": "azsdk-go-azqueue/v0.1.0 (go1.19; Windows_NT)",
        "X-Ms-Date": "Tue, 07 Feb 2023 08:41:14 GMT",
        "x-ms-version": "2018-03-28"
      },
      "RequestBody": null,
      "StatusCode": 201,
      "ResponseHeaders": {
        "Content-Length": "0",
        "Date": "Tue, 07 Feb 2023 08:41:14 GMT",
        "Server": [
          "Windows-Azure-Queue/1.0",
          "Microsoft-HTTPAPI/2.0"
        ],
        "x-ms-request-id": "00000000-0000-0000-0000-000000000000",
        "x-ms-version": "2018-03-28"
      },
      "ResponseBody": null
    },
    {
      "RequestUri": "https://fakestorage.queue.core.windows.net/azqueuepagedgoqservicelistqueuespaged3",
      "RequestMethod": "PUT",
      "RequestHeaders": {
        "Accept": "application/xml",
        "Accept-Encoding": "gzip",
        "Authorization": "Sanitized",
        "Content-Length": "0",
        "User-Agent": "azsdk-go-azqueue/v0.1.0 (go1.19; Windows_NT)",
        "X-Ms-Date": "Tue, 07 Feb 2023 08:41:14 GMT",
        "x-ms-version": "2018-03-28"
      },
      "RequestBody": null,
      "StatusCode": 201,
      "ResponseHeaders": {
        "Content-Length": "0",
        "Date": "Tue, 07 Feb 2023 08:41:14 GMT",
        "Server": [
          "Windows-Azure-Queue/1.0",
          "Microsoft-HTTPAPI/2.0"
        ],
        "x-ms-request-id": "00000000-0000-0000-0000-000000000000",
        "x-ms-version": "2018-03-28"
      },
      "ResponseBody": null
    },
    {
      "RequestUri": "https://fakestorage.queue.core.windows.net/azqueuepagedgoqservicelistqueuespaged4",
      "RequestMethod": "PUT",
      "RequestHeaders": {
        "Accept": "application/xml",
        "Accept-Encoding": "gzip",
        "Authorization": "Sanitized",
        "Content-Length": "0",
        "User-Agent": "azsdk-go-azqueue/v0.1.0 (go1.19; Windows_NT)",
        "X-Ms-Date": "Tue, 07 Feb 2023 08:41:14 GMT",
        "x-ms-version": "2018-03-28"
      },
      "RequestBody": null,
      "StatusCode": 201,
      "ResponseHeaders": {
        "Content-Length": "0",
        "Date": "Tue, 07 Feb 2023 08:41:15 GMT",
        "Server": [
          "Windows-Azure-Queue/1.0",
          "Microsoft-HTTPAPI/2.0"
        ],
        "x-ms-request-id": "00000000-0000-0000-0000-000000000000",
        "x-ms-version": "2018-03-28"
      },
      "ResponseBody": null
    },
    {
      "RequestUri": "https://fakestorage.queue.core.windows.net/azqueuepagedgoqservicelistqueuespaged5",
      "RequestMethod": "PUT",
      "RequestHeaders": {
        "Accept": "application/xml",
        "Accept-Encoding": "gzip",
        "Authorization": "Sanitized",
        "Content-Length": "0",
        "User-Agent": "azsdk-go-azqueue/v0.1.0 (go1.19; Windows_NT)",
        "X-Ms-Date": "Tue, 07 Feb 2023 08:41:14 GMT",
        "x-ms-version": "2018-03-28"
      },
      "RequestBody": null,
      "StatusCode": 201,
      "ResponseHeaders": {
        "Content-Length": "0",
        "Date": "Tue, 07 Feb 2023 08:41:15 GMT",
        "Server": [
          "Windows-Azure-Queue/1.0",
          "Microsoft-HTTPAPI/2.0"
        ],
        "x-ms-request-id": "00000000-0000-0000-0000-000000000000",
        "x-ms-version": "2018-03-28"
      },
      "ResponseBody": null
    },
    {
      "RequestUri": "https://fakestorage.queue.core.windows.net/?comp=list\u0026include=metadata\u0026maxresults=2\u0026prefix=azqueuepagedgoq",
      "RequestMethod": "GET",
      "RequestHeaders": {
        "Accept": "application/xml",
        "Accept-Encoding": "gzip",
        "Authorization": "Sanitized",
        "User-Agent": "azsdk-go-azqueue/v0.1.0 (go1.19; Windows_NT)",
        "X-Ms-Date": "Tue, 07 Feb 2023 08:41:15 GMT",
        "x-ms-version": "2018-03-28"
      },
      "RequestBody": null,
      "StatusCode": 200,
      "ResponseHeaders": {
        "Cache-Control": "no-cache",
        "Content-Type": "application/xml",
        "Date": "Tue, 07 Feb 2023 08:41:15 GMT",
        "Server": [
          "Windows-Azure-Queue/1.0",
          "Microsoft-HTTPAPI/2.0"
        ],
        "Transfer-Encoding": "chunked",
        "Vary": "Origin",
        "x-ms-request-id": "00000000-0000-0000-0000-000000000000",
        "x-ms-version": "2018-03-28"
      },
      "ResponseBody": "\uFEFF\u003C?xml version=\u00221.0\u0022 encoding=\u0022utf-8\u0022?\u003E\u003CEnumerationResults ServiceEndpoint=\u0022https://tamerdevtest.queue.core.windows.net/\u0022\u003E\u003CPrefix\u003Eazqueuepagedgoq\u003C/Prefix\u003E\u003CMaxResults\u003E2\u003C/MaxResults\u003E\u003CQueues\u003E\u003CQueue\u003E\u003CName\u003Eazqueuepagedgoqservicelistqueuespaged0\u003C/Name\u003E\u003CMetadata /\u003E\u003C/Queue\u003E\u003CQueue\u003E\u003CName\u003Eazqueuepagedgoqservicelistqueuespaged1\u003C/Name\u003E\u003CMetadata /\u003E\u003C/Queue\u003E\u003C/Queues\u003E\u003CNextMarker\u003E/tamerdevtest/azqueuepagedgoqservicelistqueuespaged2\u003C/NextMarker\u003E\u003C/EnumerationResults\u003E"
    },
    {
      "RequestUri": "https://fakestorage.queue.core.windows.net/?comp=list\u0026include=metadata\u0026marker=%2Ftamerdevtest%2Fazqueuepagedgoqservicelistqueuespaged2\u0026maxresults=2\u0026prefix=azqueuepagedgoq",
      "RequestMethod": "GET",
      "RequestHeaders": {
        "Accept": "application/xml",
        "Accept-Encoding": "gzip",
        "Authorization": "Sanitized",
        "User-Agent": "azsdk-go-azqueue/v0.1.0 (go1.19; Windows_NT)",
        "X-Ms-Date": "Tue, 07 Feb 2023 08:41:15 GMT",
        "x-ms-version": "2018-03-28"
      },
      "RequestBody": null,
      "StatusCode": 200,
      "ResponseHeaders": {
        "Cache-Control": "no-cache",
        "Content-Type": "application/xml",
        "Date": "Tue, 07 Feb 2023 08:41:15 GMT",
        "Server": [
          "Windows-Azure-Queue/1.0",
          "Microsoft-HTTPAPI/2.0"
        ],
        "Transfer-Encoding": "chunked",
        "Vary": "Origin",
        "x-ms-request-id": "00000000-0000-0000-0000-000000000000",
        "x-ms-version": "2018-03-28"
      },
      "ResponseBody": "\uFEFF\u003C?xml version=\u00221.0\u0022 encoding=\u0022utf-8\u0022?\u003E\u003CEnumerationResults ServiceEndpoint=\u0022https://tamerdevtest.queue.core.windows.net/\u0022\u003E\u003CPrefix\u003Eazqueuepagedgoq\u003C/Prefix\u003E\u003CMarker\u003E/tamerdevtest/azqueuepagedgoqservicelistqueuespaged2\u003C/Marker\u003E\u003CMaxResults\u003E2\u003C/MaxResults\u003E\u003CQueues\u003E\u003CQueue\u003E\u003CName\u003Eazqueuepagedgoqservicelistqueuespaged2\u003C/Name\u003E\u003CMetadata /\u003E\u003C/Queue\u003E\u003CQueue\u003E\u003CName\u003Eazqueuepagedgoqservicelistqueuespaged3\u003C/Name\u003E\u003CMetadata /\u003E\u003C/Queue\u003E\u003C/Queues\u003E\u003CNextMarker\u003E/tamerdevtest/azqueuepagedgoqservicelistqueuespaged4\u003C/NextMarker\u003E\u003C/EnumerationResults\u003E"
    },
    {
      "RequestUri": "https://fakestorage.queue.core.windows.net/?comp=list\u0026include=metadata\u0026marker=%2Ftamerdevtest%2Fazqueuepagedgoqservicelistqueuespaged4\u0026maxresults=2\u0026prefix=azqueuepagedgoq",
      "RequestMethod": "GET",
      "RequestHeaders": {
        "Accept": "application/xml",
        "Accept-Encoding": "gzip",
        "Authorization": "Sanitized",
        "User-Agent": "azsdk-go-azqueue/v0.1.0 (go1.19; Windows_NT)",
        "X-Ms-Date": "Tue, 07 Feb 2023 08:41:15 GMT",
        "x-ms-version": "2018-03-28"
      },
      "RequestBody": null,
      "StatusCode": 200,
      "ResponseHeaders": {
        "Cache-Control": "no-cache",
        "Content-Type": "application/xml",
        "Date": "Tue, 07 Feb 2023 08:41:15 GMT",
        "Server": [
          "Windows-Azure-Queue/1.0",
          "Microsoft-HTTPAPI/2.0"
        ],
        "Transfer-Encoding": "chunked",
        "Vary": "Origin",
        "x-ms-request-id": "00000000-0000-0000-0000-000000000000",
        "x-ms-version": "2018-03-28"
      },
      "ResponseBody": "\uFEFF\u003C?xml version=\u00221.0\u0022 encoding=\u0022utf-8\u0022?\u003E\u003CEnumerationResults ServiceEndpoint=\u0022https://tamerdevtest.queue.core.windows.net/\u0022\u003E\u003CPrefix\u003Eazqueuepagedgoq\u003C/Prefix\u003E\u003CMarker\u003E/tamerdevtest/azqueuepagedgoqservicelistqueuespaged4\u003C/Marker\u003E\u003CMaxResults\u003E2\u003C/MaxResults\u003E\u003CQueues\u003E\u003CQueue\u003E\u003CName\u003Eazqueuepagedgoqservicelistqueuespaged4\u003C/Name\u003E\u003CMetadata /\u003E\u003C/Queue\u003E\u003CQueue\u003E\u003CName\u003Eazqueuepagedgoqservicelistqueuespaged5\u003C/Name\u003E\u003CMetadata /\u003E\u003C/Queue\u003E\u003C/Queues\u003E\u003CNextMarker /\u003E\u003C/EnumerationResults\u003E"
    },
    {
      "RequestUri": "https://fakestorage.queue.core.windows.net/azqueuepagedgoqservicelistqueuespaged0",
      "RequestMethod": "DELETE",
      "RequestHeaders": {
        "Accept": "application/xml",
        "Accept-Encoding": "gzip",
        "Authorization": "Sanitized",
        "User-Agent": "azsdk-go-azqueue/v0.1.0 (go1.19; Windows_NT)",
        "X-Ms-Date": "Tue, 07 Feb 2023 08:41:15 GMT",
        "x-ms-version": "2018-03-28"
      },
      "RequestBody": null,
      "StatusCode": 204,
      "ResponseHeaders": {
        "Content-Length": "0",
        "Date": "Tue, 07 Feb 2023 08:41:15 GMT",
        "Server": [
          "Windows-Azure-Queue/1.0",
          "Microsoft-HTTPAPI/2.0"
        ],
        "x-ms-request-id": "00000000-0000-0000-0000-000000000000",
        "x-ms-version": "2018-03-28"
      },
      "ResponseBody": null
    },
    {
      "RequestUri": "https://fakestorage.queue.core.windows.net/azqueuepagedgoqservicelistqueuespaged1",
      "RequestMethod": "DELETE",
      "RequestHeaders": {
        "Accept": "application/xml",
        "Accept-Encoding": "gzip",
        "Authorization": "Sanitized",
        "User-Agent": "azsdk-go-azqueue/v0.1.0 (go1.19; Windows_NT)",
        "X-Ms-Date": "Tue, 07 Feb 2023 08:41:15 GMT",
        "x-ms-version": "2018-03-28"
      },
      "RequestBody": null,
      "StatusCode": 204,
      "ResponseHeaders": {
        "Content-Length": "0",
        "Date": "Tue, 07 Feb 2023 08:41:15 GMT",
        "Server": [
          "Windows-Azure-Queue/1.0",
          "Microsoft-HTTPAPI/2.0"
        ],
        "x-ms-request-id": "00000000-0000-0000-0000-000000000000",
        "x-ms-version": "2018-03-28"
      },
      "ResponseBody": null
    },
    {
      "RequestUri": "https://fakestorage.queue.core.windows.net/azqueuepagedgoqservicelistqueuespaged2",
      "RequestMethod": "DELETE",
      "RequestHeaders": {
        "Accept": "application/xml",
        "Accept-Encoding": "gzip",
        "Authorization": "Sanitized",
        "User-Agent": "azsdk-go-azqueue/v0.1.0 (go1.19; Windows_NT)",
        "X-Ms-Date": "Tue, 07 Feb 2023 08:41:15 GMT",
        "x-ms-version": "2018-03-28"
      },
      "RequestBody": null,
      "StatusCode": 204,
      "ResponseHeaders": {
        "Content-Length": "0",
        "Date": "Tue, 07 Feb 2023 08:41:15 GMT",
        "Server": [
          "Windows-Azure-Queue/1.0",
          "Microsoft-HTTPAPI/2.0"
        ],
        "x-ms-request-id": "00000000-0000-0000-0000-000000000000",
        "x-ms-version": "2018-03-28"
      },
      "ResponseBody": null
    },
    {
      "RequestUri": "https://fakestorage.queue.core.windows.net/azqueuepagedgoqservicelistqueuespaged3",
      "RequestMethod": "DELETE",
      "RequestHeaders": {
        "Accept": "application/xml",
        "Accept-Encoding": "gzip",
        "Authorization": "Sanitized",
        "User-Agent": "azsdk-go-azqueue/v0.1.0 (go1.19; Windows_NT)",
        "X-Ms-Date": "Tue, 07 Feb 2023 08:41:15 GMT",
        "x-ms-version": "2018-03-28"
      },
      "RequestBody": null,
      "StatusCode": 204,
      "ResponseHeaders": {
        "Content-Length": "0",
        "Date": "Tue, 07 Feb 2023 08:41:15 GMT",
        "Server": [
          "Windows-Azure-Queue/1.0",
          "Microsoft-HTTPAPI/2.0"
        ],
        "x-ms-request-id": "00000000-0000-0000-0000-000000000000",
        "x-ms-version": "2018-03-28"
      },
      "ResponseBody": null
    },
    {
      "RequestUri": "https://fakestorage.queue.core.windows.net/azqueuepagedgoqservicelistqueuespaged4",
      "RequestMethod": "DELETE",
      "RequestHeaders": {
        "Accept": "application/xml",
        "Accept-Encoding": "gzip",
        "Authorization": "Sanitized",
        "User-Agent": "azsdk-go-azqueue/v0.1.0 (go1.19; Windows_NT)",
        "X-Ms-Date": "Tue, 07 Feb 2023 08:41:15 GMT",
        "x-ms-version": "2018-03-28"
      },
      "RequestBody": null,
      "StatusCode": 204,
      "ResponseHeaders": {
        "Content-Length": "0",
        "Date": "Tue, 07 Feb 2023 08:41:15 GMT",
        "Server": [
          "Windows-Azure-Queue/1.0",
          "Microsoft-HTTPAPI/2.0"
        ],
        "x-ms-request-id": "00000000-0000-0000-0000-000000000000",
        "x-ms-version": "2018-03-28"
      },
      "ResponseBody": null
    },
    {
      "RequestUri": "https://fakestorage.queue.core.windows.net/azqueuepagedgoqservicelistqueuespaged5",
      "RequestMethod": "DELETE",
      "RequestHeaders": {
        "Accept": "application/xml",
        "Accept-Encoding": "gzip",
        "Authorization": "Sanitized",
        "User-Agent": "azsdk-go-azqueue/v0.1.0 (go1.19; Windows_NT)",
        "X-Ms-Date": "Tue, 07 Feb 2023 08:41:15 GMT",
        "x-ms-version": "2018-03-28"
      },
      "RequestBody": null,
      "StatusCode": 204,
      "ResponseHeaders": {
        "Content-Length": "0",
        "Date": "Tue, 07 Feb 2023 08:41:15 GMT",
        "Server": [
          "Windows-Azure-Queue/1.0",
          "Microsoft-HTTPAPI/2.0"
        ],
        "x-ms-request-id": "00000000-0000-0000-0000-000000000000",
        "x-ms-version": "2018-03-28"
      },
      "ResponseBody": null
    }
  ],
  "Variables": {}
}
