{
  "Entries": [
    {
      "RequestUri": "https://amandadev2.file.core.windows.net/test-share-664317dc-e980-c958-6ae5-dcff8723ef55?restype=share",
      "RequestMethod": "PUT",
      "RequestHeaders": {
        "Accept": "application/xml",
        "Authorization": "Sanitized",
        "Content-Length": "0",
        "traceparent": "00-d9fdb7471ec63fef1d5b63a81d4bdeae-6da6d810f9501bc6-00",
        "User-Agent": "azsdk-net-Storage.Files.Shares/12.20.0-alpha.20240807.1 (.NET 6.0.32; Microsoft Windows 10.0.22635)",
        "x-ms-client-request-id": "Sanitized",
        "x-ms-date": "Wed, 07 Aug 2024 17:01:05 GMT",
        "x-ms-return-client-request-id": "true",
        "x-ms-version": "2024-11-04"
      },
      "RequestBody": null,
      "StatusCode": 201,
      "ResponseHeaders": {
        "Content-Length": "0",
        "Date": "Wed, 07 Aug 2024 17:01:05 GMT",
        "ETag": "\"0x8DCB70286FCB260\"",
        "Last-Modified": "Wed, 07 Aug 2024 17:01:06 GMT",
        "Server": [
          "Windows-Azure-File/1.0",
          "Microsoft-HTTPAPI/2.0"
        ],
        "x-ms-client-request-id": "Sanitized",
        "x-ms-request-id": "0f1b133f-401a-0011-02eb-e8ef55000000",
        "x-ms-version": "2024-11-04"
      },
      "ResponseBody": null
    },
    {
      "RequestUri": "https://amandadev2.blob.core.windows.net/test-container-28b469ee-7d2a-de22-e721-4f70a927ad30?restype=container",
      "RequestMethod": "PUT",
      "RequestHeaders": {
        "Accept": "application/xml",
        "Authorization": "Sanitized",
        "Content-Length": "0",
        "traceparent": "00-8325eb086b3c584ccba5353d91b24b41-a4c6f9dda7220004-00",
        "User-Agent": "azsdk-net-Storage.Blobs/12.22.0-alpha.20240807.1 (.NET 6.0.32; Microsoft Windows 10.0.22635)",
        "x-ms-client-request-id": "Sanitized",
        "x-ms-date": "Wed, 07 Aug 2024 17:01:05 GMT",
        "x-ms-return-client-request-id": "true",
        "x-ms-version": "2024-11-04"
      },
      "RequestBody": null,
      "StatusCode": 201,
      "ResponseHeaders": {
        "Content-Length": "0",
        "Date": "Wed, 07 Aug 2024 17:01:06 GMT",
        "ETag": "\"0x8DCB7028706929E\"",
        "Last-Modified": "Wed, 07 Aug 2024 17:01:06 GMT",
        "Server": [
          "Windows-Azure-Blob/1.0",
          "Microsoft-HTTPAPI/2.0"
        ],
        "x-ms-client-request-id": "Sanitized",
        "x-ms-request-id": "3c84efaa-501e-006f-4ceb-e87f12000000",
        "x-ms-version": "2024-11-04"
      },
      "ResponseBody": null
    },
    {
      "RequestUri": "https://amandadev2.blob.core.windows.net/test-container-28b469ee-7d2a-de22-e721-4f70a927ad30/test-blob-b80a461c-fae5-f8ab-78c3-16dc06fde0e7",
      "RequestMethod": "PUT",
      "RequestHeaders": {
        "Accept": "application/xml",
        "Authorization": "Sanitized",
        "Content-Length": "0",
        "If-None-Match": "*",
        "traceparent": "00-9a384aa0fd61d83eb01553a8e76de61a-56602dbe5d05de9f-00",
        "User-Agent": "azsdk-net-Storage.Blobs/12.22.0-alpha.20240807.1 (.NET 6.0.32; Microsoft Windows 10.0.22635)",
        "x-ms-blob-type": "AppendBlob",
        "x-ms-client-request-id": "Sanitized",
        "x-ms-date": "Wed, 07 Aug 2024 17:01:05 GMT",
        "x-ms-return-client-request-id": "true",
        "x-ms-version": "2024-11-04"
      },
      "RequestBody": null,
      "StatusCode": 201,
      "ResponseHeaders": {
        "Content-Length": "0",
        "Date": "Wed, 07 Aug 2024 17:01:06 GMT",
        "ETag": "\"0x8DCB7028712498C\"",
        "Last-Modified": "Wed, 07 Aug 2024 17:01:06 GMT",
        "Server": [
          "Windows-Azure-Blob/1.0",
          "Microsoft-HTTPAPI/2.0"
        ],
        "x-ms-client-request-id": "Sanitized",
        "x-ms-request-id": "3c84efcf-501e-006f-70eb-e87f12000000",
        "x-ms-request-server-encrypted": "true",
        "x-ms-version": "2024-11-04",
        "x-ms-version-id": "2024-08-07T17:01:06.3708044Z"
      },
      "ResponseBody": null
    },
    {
      "RequestUri": "https://amandadev2.blob.core.windows.net/test-container-28b469ee-7d2a-de22-e721-4f70a927ad30/test-blob-b80a461c-fae5-f8ab-78c3-16dc06fde0e7?comp=appendblock",
      "RequestMethod": "PUT",
      "RequestHeaders": {
        "Accept": "application/xml",
        "Authorization": "Sanitized",
        "Content-Length": "1024",
        "Content-Type": "application/octet-stream",
        "traceparent": "00-7e67a07aaa3295672f12bd6b3a73e7fb-d233995294809a85-00",
        "User-Agent": "azsdk-net-Storage.Blobs/12.22.0-alpha.20240807.1 (.NET 6.0.32; Microsoft Windows 10.0.22635)",
        "x-ms-client-request-id": "Sanitized",
        "x-ms-date": "Wed, 07 Aug 2024 17:01:05 GMT",
        "x-ms-return-client-request-id": "true",
        "x-ms-version": "2024-11-04"
      },
      "RequestBody": "ckB5opk5Q9o6ML2IwndbW+z+sNq1rGxV1fC+ITBRWVJA/htL/MaCCIUTlYxsl+kOovBc1ubV38bUI8ypeiGp6NZqSMNbEF4me6hUohbf6D4Gr38/9INrah5Vdtj52Y1kaa21Ak8lspKSNlo+gD2v9DuOosuiafNT/t2kBpmGLKEa8DhpKebu4f3srb4oLerhpYKdazfCwf+6YQNygKv5DAm4I5AERspUoMDOtbw0K9Hzw2AW6MFqWC44rsjje2BR86G0bwlZ3V+3SMt29AxDhTYyf71L4iNITsthy5cCcSRffMEbgLvImeYBX6D282Qi9SmRsPyjBhF9bCE99xHItdanF3dKKAV6aubXSYODUVtmP9VtcMAnvHawnROaiqHUOKnJT9zt180kF0YWy7yN+hrG17g7WkQWf1oAmorx4N9EAhDZuQJ+eWgISVl5EfC6IqL507PpmN5ls8+B7DxCMjZm0cirtEAXR11PMxDqnG5pRnjn9wwsW2kycwYy/I0sxhciEj8nDm1i4YxVmWXOehdhGKXEWjoqOnVfeUA55ErQI2z5x4kuQTgKhRaA18IEZPnv0eTnZ2vc+NjJyJQtKP1BhXb41LKNMtZtutQkqmOzWhVHShNl6LsBHc+wZHij3F0YPlFLC49GYZ8Oeq2Wt051Fm1+5t3p25y697fj3c1dyd13C2sRZ0+GAOh0V24OamaAO04KJfZ/L2K1kRPYY4TRsLHPHqviZK4e+OX1dYMurIxQYqJ+UqPn+NwIXNY7rZ1koqe8Pky7nteg7CwQirnfhuSHhwDiUl0N6CbO2QfX4kpIkNPccW1AlcTL3mZ31m0jKdXxtCWcgk9Kr1Yl7cTPyArhyPnlAxR3RvI8F3P3lhG5qrAy5S0kqw6DkcIXG6cA+xVblQ50PSbAem0zYGrcUxhEbEITnOLcvB3qYnFRXytKOxtemwADRGyJcWu/8Uqkpz6p069l7F8zftnxidu1bxpB6CVPfbgYQSfWiit3HMrSRrszp4x85U+8KhwmErqR1AJQfgklVCmGkZKHjmIzvGIOHkMggseOxQLVk1Ob8S5sRbYpJp7BrfKRrBb69VftiG66GPN3cVE6wrgGT8DW6p9jGkmrCZXDTHFRjtWwk8+r6Ark4dk79dNk7mTmul0xu8J3l9oNQX/Z9suCJuJ8ii7oW2a18QjFJyR1Rxox3ZETH9ISOfz1nqeLC+oNuc/x52Q1/V/2fMm5sW+1l/pkpxk5bgYQalAx872/KeYeuG5VhF+1+98yHKMIWIeNPwatJ2PQ00rI4H0TBAmiN1Lim/kBYBKarqw6B1FjBxHJpLO2EgKDTeQjjKTiovfVj+VRJbyOi9/zEni2lsz4ZQ==",
      "StatusCode": 201,
      "ResponseHeaders": {
        "Content-Length": "0",
        "Date": "Wed, 07 Aug 2024 17:01:06 GMT",
        "ETag": "\"0x8DCB702871BBE0D\"",
        "Last-Modified": "Wed, 07 Aug 2024 17:01:06 GMT",
        "Server": [
          "Windows-Azure-Blob/1.0",
          "Microsoft-HTTPAPI/2.0"
        ],
        "x-ms-blob-append-offset": "0",
        "x-ms-blob-committed-block-count": "1",
        "x-ms-client-request-id": "Sanitized",
        "x-ms-content-crc64": "NtLnR15Nopk=",
        "x-ms-request-id": "3c84f008-501e-006f-28eb-e87f12000000",
        "x-ms-request-server-encrypted": "true",
        "x-ms-version": "2024-11-04"
      },
      "ResponseBody": null
    },
    {
      "RequestUri": "https://amandadev2.file.core.windows.net/test-share-664317dc-e980-c958-6ae5-dcff8723ef55/test-blob-081a2911-6b69-67be-d090-811fe1b63aad",
      "RequestMethod": "PUT",
      "RequestHeaders": {
        "Accept": "application/xml",
        "Authorization": "Sanitized",
        "Content-Length": "0",
        "traceparent": "00-8bc2557e46bf2c09e60e4acecf7e43e9-52d00170b25e9456-00",
        "User-Agent": "azsdk-net-Storage.Files.Shares/12.20.0-alpha.20240807.1 (.NET 6.0.32; Microsoft Windows 10.0.22635)",
        "x-ms-cache-control": "no-cache",
        "x-ms-client-request-id": "Sanitized",
        "x-ms-content-disposition": "inline",
        "x-ms-content-language": "en-US,en-CA",
        "x-ms-content-length": "1024",
        "x-ms-date": "Wed, 07 Aug 2024 17:01:05 GMT",
        "x-ms-file-attributes": "None",
        "x-ms-file-change-time": "2024-04-01T13:30:03.0000000Z",
        "x-ms-file-creation-time": "2024-04-01T09:05:55.0000000Z",
        "x-ms-file-last-write-time": "2024-04-01T12:16:06.0000000Z",
        "x-ms-file-permission": "Inherit",
        "x-ms-meta-Capital": "letter",
        "x-ms-meta-foo": "bar",
        "x-ms-meta-meta": "data",
        "x-ms-meta-UPPER": "case",
        "x-ms-return-client-request-id": "true",
        "x-ms-type": "file",
        "x-ms-version": "2024-11-04"
      },
      "RequestBody": null,
      "StatusCode": 201,
      "ResponseHeaders": {
        "Content-Length": "0",
        "Date": "Wed, 07 Aug 2024 17:01:05 GMT",
        "ETag": "\"0x8DCB7028728CD86\"",
        "Last-Modified": "Wed, 07 Aug 2024 17:01:06 GMT",
        "Server": [
          "Windows-Azure-File/1.0",
          "Microsoft-HTTPAPI/2.0"
        ],
        "x-ms-client-request-id": "Sanitized",
        "x-ms-file-attributes": "Archive",
        "x-ms-file-change-time": "2024-04-01T13:30:03.0000000Z",
        "x-ms-file-creation-time": "2024-04-01T09:05:55.0000000Z",
        "x-ms-file-id": "13835128424026341376",
        "x-ms-file-last-write-time": "2024-04-01T12:16:06.0000000Z",
        "x-ms-file-parent-id": "0",
        "x-ms-file-permission-key": "13365936616355342650*1287379445297103284",
        "x-ms-request-id": "0f1b1341-401a-0011-03eb-e8ef55000000",
        "x-ms-request-server-encrypted": "true",
        "x-ms-version": "2024-11-04"
      },
      "ResponseBody": null
    },
    {
      "RequestUri": "https://amandadev2.file.core.windows.net/test-share-664317dc-e980-c958-6ae5-dcff8723ef55/test-blob-081a2911-6b69-67be-d090-811fe1b63aad?sv=Sanitized&se=2024-08-08T17%3A01%3A05Z&sr=f&sp=rcwd&sig=Sanitized",
      "RequestMethod": "HEAD",
      "RequestHeaders": {
        "Accept": "application/xml",
        "traceparent": "00-dcf3f8dbffc6e3a570dfe0df558f2bd5-e9bc372ea8dd4e4f-00",
        "User-Agent": "azsdk-net-Storage.Files.Shares/12.20.0-alpha.20240807.1 (.NET 6.0.32; Microsoft Windows 10.0.22635)",
        "x-ms-client-request-id": "Sanitized",
        "x-ms-return-client-request-id": "true",
        "x-ms-version": "2024-11-04"
      },
      "RequestBody": null,
      "StatusCode": 200,
      "ResponseHeaders": {
        "Cache-Control": "no-cache",
        "Content-Disposition": "inline",
        "Content-Language": [
          "en-US",
          "en-CA"
        ],
        "Content-Length": "1024",
        "Content-Type": "application/octet-stream",
        "Date": "Wed, 07 Aug 2024 17:01:05 GMT",
        "ETag": "\"0x8DCB7028728CD86\"",
        "Last-Modified": "Wed, 07 Aug 2024 17:01:06 GMT",
        "Server": [
          "Windows-Azure-File/1.0",
          "Microsoft-HTTPAPI/2.0"
        ],
        "Vary": "Origin",
        "x-ms-client-request-id": "Sanitized",
        "x-ms-file-attributes": "Archive",
        "x-ms-file-change-time": "2024-04-01T13:30:03.0000000Z",
        "x-ms-file-creation-time": "2024-04-01T09:05:55.0000000Z",
        "x-ms-file-id": "13835128424026341376",
        "x-ms-file-last-write-time": "2024-04-01T12:16:06.0000000Z",
        "x-ms-file-parent-id": "0",
        "x-ms-file-permission-key": "13365936616355342650*1287379445297103284",
        "x-ms-lease-state": "available",
        "x-ms-lease-status": "unlocked",
        "x-ms-meta-Capital": "letter",
        "x-ms-meta-foo": "bar",
        "x-ms-meta-meta": "data",
        "x-ms-meta-UPPER": "case",
        "x-ms-request-id": "0f1b1345-401a-0011-07eb-e8ef55000000",
        "x-ms-server-encrypted": "true",
        "x-ms-type": "File",
        "x-ms-version": "2024-11-04"
      },
      "ResponseBody": null
    },
    {
      "RequestUri": "https://amandadev2.file.core.windows.net/test-share-664317dc-e980-c958-6ae5-dcff8723ef55/test-blob-081a2911-6b69-67be-d090-811fe1b63aad?sv=Sanitized&se=2024-08-08T17%3A01%3A05Z&sr=f&sp=rcwd&sig=Sanitized",
      "RequestMethod": "HEAD",
      "RequestHeaders": {
        "Accept": "application/xml",
        "traceparent": "00-e2525e0ba4dc254e78885f5735bbb96b-c54fb67ac6fc57d1-00",
        "User-Agent": "azsdk-net-Storage.Files.Shares/12.20.0-alpha.20240807.1 (.NET 6.0.32; Microsoft Windows 10.0.22635)",
        "x-ms-client-request-id": "Sanitized",
        "x-ms-return-client-request-id": "true",
        "x-ms-version": "2024-11-04"
      },
      "RequestBody": null,
      "StatusCode": 200,
      "ResponseHeaders": {
        "Cache-Control": "no-cache",
        "Content-Disposition": "inline",
        "Content-Language": [
          "en-US",
          "en-CA"
        ],
        "Content-Length": "1024",
        "Content-Type": "application/octet-stream",
        "Date": "Wed, 07 Aug 2024 17:01:05 GMT",
        "ETag": "\"0x8DCB7028728CD86\"",
        "Last-Modified": "Wed, 07 Aug 2024 17:01:06 GMT",
        "Server": [
          "Windows-Azure-File/1.0",
          "Microsoft-HTTPAPI/2.0"
        ],
        "Vary": "Origin",
        "x-ms-client-request-id": "Sanitized",
        "x-ms-file-attributes": "Archive",
        "x-ms-file-change-time": "2024-04-01T13:30:03.0000000Z",
        "x-ms-file-creation-time": "2024-04-01T09:05:55.0000000Z",
        "x-ms-file-id": "13835128424026341376",
        "x-ms-file-last-write-time": "2024-04-01T12:16:06.0000000Z",
        "x-ms-file-parent-id": "0",
        "x-ms-file-permission-key": "13365936616355342650*1287379445297103284",
        "x-ms-lease-state": "available",
        "x-ms-lease-status": "unlocked",
        "x-ms-meta-Capital": "letter",
        "x-ms-meta-foo": "bar",
        "x-ms-meta-meta": "data",
        "x-ms-meta-UPPER": "case",
        "x-ms-request-id": "0f1b1346-401a-0011-08eb-e8ef55000000",
        "x-ms-server-encrypted": "true",
        "x-ms-type": "File",
        "x-ms-version": "2024-11-04"
      },
      "ResponseBody": null
    },
    {
      "RequestUri": "https://amandadev2.blob.core.windows.net/test-container-28b469ee-7d2a-de22-e721-4f70a927ad30/test-blob-b80a461c-fae5-f8ab-78c3-16dc06fde0e7?sv=Sanitized&se=2024-08-08T17%3A01%3A05Z&sr=b&sp=racwdxyltmei&sig=Sanitized",
      "RequestMethod": "PUT",
      "RequestHeaders": {
        "Accept": "application/xml",
        "Content-Length": "0",
        "If-None-Match": "*",
        "traceparent": "00-fb654e90622b1337872a0dfe1383f497-8e0c861ca8d3477a-00",
        "User-Agent": "azsdk-net-Storage.Blobs/12.22.0-alpha.20240807.1 (.NET 6.0.32; Microsoft Windows 10.0.22635)",
        "x-ms-blob-cache-control": "no-cache",
        "x-ms-blob-content-disposition": "inline",
        "x-ms-blob-content-language": "en-US,en-CA",
        "x-ms-blob-content-type": "application/octet-stream",
        "x-ms-blob-type": "AppendBlob",
        "x-ms-client-request-id": "Sanitized",
        "x-ms-meta-Capital": "letter",
        "x-ms-meta-foo": "bar",
        "x-ms-meta-meta": "data",
        "x-ms-meta-UPPER": "case",
        "x-ms-return-client-request-id": "true",
        "x-ms-version": "2024-11-04"
      },
      "RequestBody": null,
      "StatusCode": 409,
      "ResponseHeaders": {
        "Content-Length": "220",
        "Content-Type": "application/xml",
        "Date": "Wed, 07 Aug 2024 17:01:06 GMT",
        "Server": [
          "Windows-Azure-Blob/1.0",
          "Microsoft-HTTPAPI/2.0"
        ],
        "x-ms-client-request-id": "Sanitized",
        "x-ms-error-code": "BlobAlreadyExists",
        "x-ms-request-id": "3c84f0ff-501e-006f-13eb-e87f12000000",
        "x-ms-version": "2024-11-04"
      },
      "ResponseBody": [
        "\uFEFF<?xml version=\"1.0\" encoding=\"utf-8\"?><Error><Code>BlobAlreadyExists</Code><Message>The specified blob already exists.\n",
        "RequestId:3c84f0ff-501e-006f-13eb-e87f12000000\n",
        "Time:2024-08-07T17:01:06.7486424Z</Message></Error>"
      ]
    },
    {
      "RequestUri": "https://amandadev2.blob.core.windows.net/test-container-28b469ee-7d2a-de22-e721-4f70a927ad30?restype=container",
      "RequestMethod": "DELETE",
      "RequestHeaders": {
        "Accept": "application/xml",
        "Authorization": "Sanitized",
        "traceparent": "00-5a4bcae2c140f23888379a5eb5ef67c0-1431f7b56be8d76d-00",
        "User-Agent": "azsdk-net-Storage.Blobs/12.22.0-alpha.20240807.1 (.NET 6.0.32; Microsoft Windows 10.0.22635)",
        "x-ms-client-request-id": "Sanitized",
        "x-ms-date": "Wed, 07 Aug 2024 17:01:05 GMT",
        "x-ms-return-client-request-id": "true",
        "x-ms-version": "2024-11-04"
      },
      "RequestBody": null,
      "StatusCode": 202,
      "ResponseHeaders": {
        "Content-Length": "0",
        "Date": "Wed, 07 Aug 2024 17:01:06 GMT",
        "Server": [
          "Windows-Azure-Blob/1.0",
          "Microsoft-HTTPAPI/2.0"
        ],
        "x-ms-client-request-id": "Sanitized",
        "x-ms-request-id": "3c84f175-501e-006f-05eb-e87f12000000",
        "x-ms-version": "2024-11-04"
      },
      "ResponseBody": null
    },
    {
      "RequestUri": "https://amandadev2.file.core.windows.net/test-share-664317dc-e980-c958-6ae5-dcff8723ef55?restype=share",
      "RequestMethod": "DELETE",
      "RequestHeaders": {
        "Accept": "application/xml",
        "Authorization": "Sanitized",
        "traceparent": "00-31d8db8e32fa0f8da65086cbbf9e4476-ac19c79c39c00881-00",
        "User-Agent": "azsdk-net-Storage.Files.Shares/12.20.0-alpha.20240807.1 (.NET 6.0.32; Microsoft Windows 10.0.22635)",
        "x-ms-client-request-id": "Sanitized",
        "x-ms-date": "Wed, 07 Aug 2024 17:01:05 GMT",
        "x-ms-delete-snapshots": "include",
        "x-ms-return-client-request-id": "true",
        "x-ms-version": "2024-11-04"
      },
      "RequestBody": null,
      "StatusCode": 202,
      "ResponseHeaders": {
        "Content-Length": "0",
        "Date": "Wed, 07 Aug 2024 17:01:06 GMT",
        "Server": [
          "Windows-Azure-File/1.0",
          "Microsoft-HTTPAPI/2.0"
        ],
        "x-ms-client-request-id": "Sanitized",
        "x-ms-request-id": "0f1b1349-401a-0011-09eb-e8ef55000000",
        "x-ms-version": "2024-11-04"
      },
      "ResponseBody": null
    }
  ],
  "Variables": {
    "DateTimeOffsetNow": "2024-08-07T10:01:05.4251210-07:00",
    "RandomSeed": "1081883436",
    "Storage_TestConfigDefault": "ProductionTenant\namandadev2\nU2FuaXRpemVk\nhttps://amandadev2.blob.core.windows.net\nhttps://amandadev2.file.core.windows.net\nhttps://amandadev2.queue.core.windows.net\nhttps://amandadev2.table.core.windows.net\n\n\n\n\nhttps://amandadev2-secondary.blob.core.windows.net\nhttps://amandadev2-secondary.file.core.windows.net\nhttps://amandadev2-secondary.queue.core.windows.net\nhttps://amandadev2-secondary.table.core.windows.net\nCloud\nBlobEndpoint=https://amandadev2.blob.core.windows.net/;QueueEndpoint=https://amandadev2.queue.core.windows.net/;FileEndpoint=https://amandadev2.file.core.windows.net/;BlobSecondaryEndpoint=https://amandadev2-secondary.blob.core.windows.net/;QueueSecondaryEndpoint=https://amandadev2-secondary.queue.core.windows.net/;FileSecondaryEndpoint=https://amandadev2-secondary.file.core.windows.net/;AccountName=amandadev2;AccountKey=Sanitized\nencryptionScope\n\n"
  }
}
