{
  "Entries": [
    {
      "RequestUri": "https://amandadev2.file.core.windows.net/test-share-a59c09d3-b915-00e1-8891-fd5a50e5e52c?restype=share",
      "RequestMethod": "PUT",
      "RequestHeaders": {
        "Accept": "application/xml",
        "Authorization": "Sanitized",
        "Content-Length": "0",
        "traceparent": "00-764aca4c9bd8b31513f4ecba0c1cd6f9-5c17adc6cb906bb3-00",
        "User-Agent": "azsdk-net-Storage.Files.Shares/12.19.0-alpha.20240702.1 (.NET 6.0.31; Microsoft Windows 10.0.22635)",
        "x-ms-client-request-id": "Sanitized",
        "x-ms-date": "Tue, 02 Jul 2024 18:25:14 GMT",
        "x-ms-return-client-request-id": "true",
        "x-ms-version": "2024-08-04"
      },
      "RequestBody": null,
      "StatusCode": 201,
      "ResponseHeaders": {
        "Content-Length": "0",
        "Date": "Tue, 02 Jul 2024 18:25:13 GMT",
        "ETag": "\"0x8DC9AC45084AA69\"",
        "Last-Modified": "Tue, 02 Jul 2024 18:25:13 GMT",
        "Server": [
          "Windows-Azure-File/1.0",
          "Microsoft-HTTPAPI/2.0"
        ],
        "x-ms-client-request-id": "Sanitized",
        "x-ms-request-id": "8f41e65d-f01a-002b-43ad-ccf52d000000",
        "x-ms-version": "2024-08-04"
      },
      "ResponseBody": null
    },
    {
      "RequestUri": "https://amandadev2.blob.core.windows.net/test-container-8e3bc74a-b66c-147e-c356-fbd9e5b84a53?restype=container",
      "RequestMethod": "PUT",
      "RequestHeaders": {
        "Accept": "application/xml",
        "Authorization": "Sanitized",
        "Content-Length": "0",
        "traceparent": "00-e320eabcf6f92abd230253b8034e3902-68f4a84b8b33160c-00",
        "User-Agent": "azsdk-net-Storage.Blobs/12.21.0-alpha.20240702.1 (.NET 6.0.31; Microsoft Windows 10.0.22635)",
        "x-ms-blob-public-access": "container",
        "x-ms-client-request-id": "Sanitized",
        "x-ms-date": "Tue, 02 Jul 2024 18:25:14 GMT",
        "x-ms-return-client-request-id": "true",
        "x-ms-version": "2024-08-04"
      },
      "RequestBody": null,
      "StatusCode": 201,
      "ResponseHeaders": {
        "Content-Length": "0",
        "Date": "Tue, 02 Jul 2024 18:25:13 GMT",
        "ETag": "\"0x8DC9AC4509019AB\"",
        "Last-Modified": "Tue, 02 Jul 2024 18:25:13 GMT",
        "Server": [
          "Windows-Azure-Blob/1.0",
          "Microsoft-HTTPAPI/2.0"
        ],
        "x-ms-client-request-id": "Sanitized",
        "x-ms-request-id": "8e2bc4ab-301e-0056-1aad-cc840e000000",
        "x-ms-version": "2024-08-04"
      },
      "ResponseBody": null
    },
    {
      "RequestUri": "https://amandadev2.blob.core.windows.net/test-container-8e3bc74a-b66c-147e-c356-fbd9e5b84a53/test-blob-6d477dec-5bda-ad5a-9953-c28fc10939e5",
      "RequestMethod": "PUT",
      "RequestHeaders": {
        "Accept": "application/xml",
        "Authorization": "Sanitized",
        "Content-Length": "0",
        "If-None-Match": "*",
        "traceparent": "00-c3768ac620e796fcaaf52bc778fdc08c-a565e7c4a22012a5-00",
        "User-Agent": "azsdk-net-Storage.Blobs/12.21.0-alpha.20240702.1 (.NET 6.0.31; Microsoft Windows 10.0.22635)",
        "x-ms-blob-type": "AppendBlob",
        "x-ms-client-request-id": "Sanitized",
        "x-ms-date": "Tue, 02 Jul 2024 18:25:14 GMT",
        "x-ms-return-client-request-id": "true",
        "x-ms-version": "2024-08-04"
      },
      "RequestBody": null,
      "StatusCode": 201,
      "ResponseHeaders": {
        "Content-Length": "0",
        "Date": "Tue, 02 Jul 2024 18:25:13 GMT",
        "ETag": "\"0x8DC9AC4509AF89C\"",
        "Last-Modified": "Tue, 02 Jul 2024 18:25:13 GMT",
        "Server": [
          "Windows-Azure-Blob/1.0",
          "Microsoft-HTTPAPI/2.0"
        ],
        "x-ms-client-request-id": "Sanitized",
        "x-ms-request-id": "8e2bc4e8-301e-0056-55ad-cc840e000000",
        "x-ms-request-server-encrypted": "true",
        "x-ms-version": "2024-08-04",
        "x-ms-version-id": "2024-07-02T18:25:13.6368796Z"
      },
      "ResponseBody": null
    },
    {
      "RequestUri": "https://amandadev2.blob.core.windows.net/test-container-8e3bc74a-b66c-147e-c356-fbd9e5b84a53/test-blob-6d477dec-5bda-ad5a-9953-c28fc10939e5?comp=appendblock",
      "RequestMethod": "PUT",
      "RequestHeaders": {
        "Accept": "application/xml",
        "Authorization": "Sanitized",
        "Content-Length": "1024",
        "Content-Type": "application/octet-stream",
        "traceparent": "00-51737bee419c93439c064138f1ce6f80-83f88fdc33ad774b-00",
        "User-Agent": "azsdk-net-Storage.Blobs/12.21.0-alpha.20240702.1 (.NET 6.0.31; Microsoft Windows 10.0.22635)",
        "x-ms-client-request-id": "Sanitized",
        "x-ms-date": "Tue, 02 Jul 2024 18:25:14 GMT",
        "x-ms-return-client-request-id": "true",
        "x-ms-version": "2024-08-04"
      },
      "RequestBody": "X5U7M+S68gqr+fp3V6Ogoy4CA+0Vezwuov7jPPKGDGu7jlsfqv2lGX/BMS9W59arTxBO6VU80ONZDJHl1rUYJeyPu8hHgfkxXepuVEoM2LsnOOziNyMWf753xp1sv0LJqQxDxysOY84WHYtrzXyZTDTWvp7JNu3IeTwKz7tbxJ2npas+yRCPGNUeyxqXqrFC3nlolgCk/3Meek3uBJMTu1jtwyjRW4IjRqXIq2rTMc6LyPFB8i6cAqU3H0/CoBRBChDBqeeIcIP3RU9b21QIS0l/Yzyh0cgpUMGDmTszYKWQh6BaEYfnA1duSq3eQSdRL9QFQz3YnzlHl1glBNdHw+SqylSzrTnBmF/kM4cbSg+aMmlnLR1nuOdnEnkuwf5/JofJNHfSnYGaRKrd82yyLExJi9Ju4JXGQhJtTJq/k9dhZQ3/URaYx5TnzOlyisR7teYt5TUsEUXxAvFkZVDm2rHTfI5esto2sMQ9hhSrVLhN8pe0kq2iNVPIDk8kM2JEAfE4nw01HAML9jRx7oswRq05F3O5MkgDMEc7laOKEn1h+YUjc7SqF9WUqJx5MUbIl8ii6hzvis6pNW7G+odfgeS2D/UGDdP5jv+dJYmsif8Acv3b6Cdhcm62eT1F5B1ONSe3wiFRwYr0qFwcUWVE/atvxYeJg5i9VZyGT5OVs6niT/Bi9Mfdr7Fz5z/KRCAJcXyR1h+VxLGO+myEynH2X/WyOgF04gnkkRbWFpxY8hF8fN4WA92KTIs+0/laWOQ/fIdKGAkflY5zrUUIvq4VNghbCE6T31sYJ+12NQ8Pijgyl5kUDtoIXedPo1WXgo7cKJ3x/lCVq5wrMvAbqF9/YyMM1icVAScuU6tnRDwFgKVfmgxyHovonOv86dvp7LSIzz8yi6tnxyd1wqukLmdgJbJKuw5SDUWXIzo7GBdMRGb23nT90/T6+NPk/VvfRG2DnMMpnzCmNcL5mmdxK64PKH5FrU/zY1K9UMM6bRDpuN/NuHtUIqQ1T6myAziMiMwk1NTcmpYdkDlxa05ta8ixEOKIo3MyuwbaD12mQV8ZMcf2Fpg8DB5JrydC47ZWyOThAPJWBOVZ8RnNAoo4dk7ZVzqHdlUvdQPEPvNL8NhPhEZ5xUBswyzinSV/bgqTEDnZaIt7zlKOsYrvksXxDgBBfn5EvrENbJQOpNkvsAf5MC66codM07X06hO2fTFm8Y8kPe+LT1GHy/v3bSp4XwGD9mGXNpt49avJT9OdV+9ip7NKC3IXbeHcMqaLVGWKe4sSMobQz7rzq0hEwv9+6nMMlcZ2LlOOa4l/uwT07KBFPtNIiyVoktf4Vl8q06viXkgzf7+fE003hMb9UBS2/r6n/w==",
      "StatusCode": 201,
      "ResponseHeaders": {
        "Content-Length": "0",
        "Date": "Tue, 02 Jul 2024 18:25:13 GMT",
        "ETag": "\"0x8DC9AC450A4BB38\"",
        "Last-Modified": "Tue, 02 Jul 2024 18:25:13 GMT",
        "Server": [
          "Windows-Azure-Blob/1.0",
          "Microsoft-HTTPAPI/2.0"
        ],
        "x-ms-blob-append-offset": "0",
        "x-ms-blob-committed-block-count": "1",
        "x-ms-client-request-id": "Sanitized",
        "x-ms-content-crc64": "f1Y/llSozVE=",
        "x-ms-request-id": "8e2bc515-301e-0056-02ad-cc840e000000",
        "x-ms-request-server-encrypted": "true",
        "x-ms-version": "2024-08-04"
      },
      "ResponseBody": null
    },
    {
      "RequestUri": "https://amandadev2.file.core.windows.net/test-share-a59c09d3-b915-00e1-8891-fd5a50e5e52c/test-blob-48a853ce-e030-d82b-57f8-4b599725fb7d",
      "RequestMethod": "PUT",
      "RequestHeaders": {
        "Accept": "application/xml",
        "Authorization": "Sanitized",
        "Content-Length": "0",
        "traceparent": "00-39f8d07026128214d03fe60342f05e59-b6748808162e2848-00",
        "User-Agent": "azsdk-net-Storage.Files.Shares/12.19.0-alpha.20240702.1 (.NET 6.0.31; Microsoft Windows 10.0.22635)",
        "x-ms-client-request-id": "Sanitized",
        "x-ms-content-length": "1024",
        "x-ms-date": "Tue, 02 Jul 2024 18:25:14 GMT",
        "x-ms-file-attributes": "None",
        "x-ms-file-creation-time": "Now",
        "x-ms-file-last-write-time": "Now",
        "x-ms-file-permission": "Inherit",
        "x-ms-return-client-request-id": "true",
        "x-ms-type": "file",
        "x-ms-version": "2024-08-04"
      },
      "RequestBody": null,
      "StatusCode": 201,
      "ResponseHeaders": {
        "Content-Length": "0",
        "Date": "Tue, 02 Jul 2024 18:25:13 GMT",
        "ETag": "\"0x8DC9AC450AF0F99\"",
        "Last-Modified": "Tue, 02 Jul 2024 18:25:13 GMT",
        "Server": [
          "Windows-Azure-File/1.0",
          "Microsoft-HTTPAPI/2.0"
        ],
        "x-ms-client-request-id": "Sanitized",
        "x-ms-file-attributes": "Archive",
        "x-ms-file-change-time": "2024-07-02T18:25:13.7685401Z",
        "x-ms-file-creation-time": "2024-07-02T18:25:13.7685401Z",
        "x-ms-file-id": "13835128424026341376",
        "x-ms-file-last-write-time": "2024-07-02T18:25:13.7685401Z",
        "x-ms-file-parent-id": "0",
        "x-ms-file-permission-key": "13365936616355342650*1287379445297103284",
        "x-ms-request-id": "8f41e65f-f01a-002b-44ad-ccf52d000000",
        "x-ms-request-server-encrypted": "true",
        "x-ms-version": "2024-08-04"
      },
      "ResponseBody": null
    },
    {
      "RequestUri": "https://amandadev2.file.core.windows.net/test-share-a59c09d3-b915-00e1-8891-fd5a50e5e52c/test-blob-48a853ce-e030-d82b-57f8-4b599725fb7d?sv=Sanitized&se=2024-07-03T18%3A25%3A14Z&sr=f&sp=rcwd&sig=Sanitized",
      "RequestMethod": "HEAD",
      "RequestHeaders": {
        "Accept": "application/xml",
        "traceparent": "00-65b3a36e6101e2d20f222f8a5d4e7813-2b0096461a318916-00",
        "User-Agent": "azsdk-net-Storage.Files.Shares/12.19.0-alpha.20240702.1 (.NET 6.0.31; Microsoft Windows 10.0.22635)",
        "x-ms-client-request-id": "Sanitized",
        "x-ms-return-client-request-id": "true",
        "x-ms-version": "2024-08-04"
      },
      "RequestBody": null,
      "StatusCode": 200,
      "ResponseHeaders": {
        "Content-Length": "1024",
        "Content-Type": "application/octet-stream",
        "Date": "Tue, 02 Jul 2024 18:25:13 GMT",
        "ETag": "\"0x8DC9AC450AF0F99\"",
        "Last-Modified": "Tue, 02 Jul 2024 18:25:13 GMT",
        "Server": [
          "Windows-Azure-File/1.0",
          "Microsoft-HTTPAPI/2.0"
        ],
        "Vary": "Origin",
        "x-ms-client-request-id": "Sanitized",
        "x-ms-file-attributes": "Archive",
        "x-ms-file-change-time": "2024-07-02T18:25:13.7685401Z",
        "x-ms-file-creation-time": "2024-07-02T18:25:13.7685401Z",
        "x-ms-file-id": "13835128424026341376",
        "x-ms-file-last-write-time": "2024-07-02T18:25:13.7685401Z",
        "x-ms-file-parent-id": "0",
        "x-ms-file-permission-key": "13365936616355342650*1287379445297103284",
        "x-ms-lease-state": "available",
        "x-ms-lease-status": "unlocked",
        "x-ms-request-id": "8f41e661-f01a-002b-46ad-ccf52d000000",
        "x-ms-server-encrypted": "true",
        "x-ms-type": "File",
        "x-ms-version": "2024-08-04"
      },
      "ResponseBody": null
    },
    {
      "RequestUri": "https://amandadev2.file.core.windows.net/test-share-a59c09d3-b915-00e1-8891-fd5a50e5e52c/test-blob-48a853ce-e030-d82b-57f8-4b599725fb7d?sv=Sanitized&se=2024-07-03T18%3A25%3A14Z&sr=f&sp=rcwd&sig=Sanitized",
      "RequestMethod": "HEAD",
      "RequestHeaders": {
        "Accept": "application/xml",
        "traceparent": "00-31f9ebeb67798d6fc01c1349d9d1e721-abcd2101dba671ca-00",
        "User-Agent": "azsdk-net-Storage.Files.Shares/12.19.0-alpha.20240702.1 (.NET 6.0.31; Microsoft Windows 10.0.22635)",
        "x-ms-client-request-id": "Sanitized",
        "x-ms-return-client-request-id": "true",
        "x-ms-version": "2024-08-04"
      },
      "RequestBody": null,
      "StatusCode": 200,
      "ResponseHeaders": {
        "Content-Length": "1024",
        "Content-Type": "application/octet-stream",
        "Date": "Tue, 02 Jul 2024 18:25:13 GMT",
        "ETag": "\"0x8DC9AC450AF0F99\"",
        "Last-Modified": "Tue, 02 Jul 2024 18:25:13 GMT",
        "Server": [
          "Windows-Azure-File/1.0",
          "Microsoft-HTTPAPI/2.0"
        ],
        "Vary": "Origin",
        "x-ms-client-request-id": "Sanitized",
        "x-ms-file-attributes": "Archive",
        "x-ms-file-change-time": "2024-07-02T18:25:13.7685401Z",
        "x-ms-file-creation-time": "2024-07-02T18:25:13.7685401Z",
        "x-ms-file-id": "13835128424026341376",
        "x-ms-file-last-write-time": "2024-07-02T18:25:13.7685401Z",
        "x-ms-file-parent-id": "0",
        "x-ms-file-permission-key": "13365936616355342650*1287379445297103284",
        "x-ms-lease-state": "available",
        "x-ms-lease-status": "unlocked",
        "x-ms-request-id": "8f41e662-f01a-002b-47ad-ccf52d000000",
        "x-ms-server-encrypted": "true",
        "x-ms-type": "File",
        "x-ms-version": "2024-08-04"
      },
      "ResponseBody": null
    },
    {
      "RequestUri": "https://amandadev2.blob.core.windows.net/test-container-8e3bc74a-b66c-147e-c356-fbd9e5b84a53/test-blob-6d477dec-5bda-ad5a-9953-c28fc10939e5?sv=Sanitized&se=2024-07-03T18%3A25%3A14Z&sr=b&sp=racwdxyltmei&sig=Sanitized",
      "RequestMethod": "PUT",
      "RequestHeaders": {
        "Accept": "application/xml",
        "Content-Length": "0",
        "If-None-Match": "*",
        "traceparent": "00-85be2ff19f2861fba7ef3eeda1ce7825-f1534f04de312dcd-00",
        "User-Agent": "azsdk-net-Storage.Blobs/12.21.0-alpha.20240702.1 (.NET 6.0.31; Microsoft Windows 10.0.22635)",
        "x-ms-blob-content-type": "application/octet-stream",
        "x-ms-blob-type": "AppendBlob",
        "x-ms-client-request-id": "Sanitized",
        "x-ms-return-client-request-id": "true",
        "x-ms-version": "2024-08-04"
      },
      "RequestBody": null,
      "StatusCode": 409,
      "ResponseHeaders": {
        "Content-Length": "220",
        "Content-Type": "application/xml",
        "Date": "Tue, 02 Jul 2024 18:25:13 GMT",
        "Server": [
          "Windows-Azure-Blob/1.0",
          "Microsoft-HTTPAPI/2.0"
        ],
        "x-ms-client-request-id": "Sanitized",
        "x-ms-error-code": "BlobAlreadyExists",
        "x-ms-request-id": "8e2bc5de-301e-0056-46ad-cc840e000000",
        "x-ms-version": "2024-08-04"
      },
      "ResponseBody": [
        "\uFEFF<?xml version=\"1.0\" encoding=\"utf-8\"?><Error><Code>BlobAlreadyExists</Code><Message>The specified blob already exists.\n",
        "RequestId:8e2bc5de-301e-0056-46ad-cc840e000000\n",
        "Time:2024-07-02T18:25:13.9912736Z</Message></Error>"
      ]
    },
    {
      "RequestUri": "https://amandadev2.blob.core.windows.net/test-container-8e3bc74a-b66c-147e-c356-fbd9e5b84a53?restype=container",
      "RequestMethod": "DELETE",
      "RequestHeaders": {
        "Accept": "application/xml",
        "Authorization": "Sanitized",
        "traceparent": "00-5cd009b4880346d183a44b3e45893e02-af092530d0fdc196-00",
        "User-Agent": "azsdk-net-Storage.Blobs/12.21.0-alpha.20240702.1 (.NET 6.0.31; Microsoft Windows 10.0.22635)",
        "x-ms-client-request-id": "Sanitized",
        "x-ms-date": "Tue, 02 Jul 2024 18:25:14 GMT",
        "x-ms-return-client-request-id": "true",
        "x-ms-version": "2024-08-04"
      },
      "RequestBody": null,
      "StatusCode": 202,
      "ResponseHeaders": {
        "Content-Length": "0",
        "Date": "Tue, 02 Jul 2024 18:25:13 GMT",
        "Server": [
          "Windows-Azure-Blob/1.0",
          "Microsoft-HTTPAPI/2.0"
        ],
        "x-ms-client-request-id": "Sanitized",
        "x-ms-request-id": "8e2bc649-301e-0056-2bad-cc840e000000",
        "x-ms-version": "2024-08-04"
      },
      "ResponseBody": null
    },
    {
      "RequestUri": "https://amandadev2.file.core.windows.net/test-share-a59c09d3-b915-00e1-8891-fd5a50e5e52c?restype=share",
      "RequestMethod": "DELETE",
      "RequestHeaders": {
        "Accept": "application/xml",
        "Authorization": "Sanitized",
        "traceparent": "00-dc2043f6342281d87d1747bfefd5a738-1f309926955c861f-00",
        "User-Agent": "azsdk-net-Storage.Files.Shares/12.19.0-alpha.20240702.1 (.NET 6.0.31; Microsoft Windows 10.0.22635)",
        "x-ms-client-request-id": "Sanitized",
        "x-ms-date": "Tue, 02 Jul 2024 18:25:14 GMT",
        "x-ms-delete-snapshots": "include",
        "x-ms-return-client-request-id": "true",
        "x-ms-version": "2024-08-04"
      },
      "RequestBody": null,
      "StatusCode": 202,
      "ResponseHeaders": {
        "Content-Length": "0",
        "Date": "Tue, 02 Jul 2024 18:25:14 GMT",
        "Server": [
          "Windows-Azure-File/1.0",
          "Microsoft-HTTPAPI/2.0"
        ],
        "x-ms-client-request-id": "Sanitized",
        "x-ms-request-id": "8f41e663-f01a-002b-48ad-ccf52d000000",
        "x-ms-version": "2024-08-04"
      },
      "ResponseBody": null
    }
  ],
  "Variables": {
    "DateTimeOffsetNow": "2024-07-02T11:25:14.4629220-07:00",
    "RandomSeed": "736658163",
    "Storage_TestConfigDefault": "ProductionTenant\namandadev2\nU2FuaXRpemVk\nhttps://amandadev2.blob.core.windows.net\nhttps://amandadev2.file.core.windows.net\nhttps://amandadev2.queue.core.windows.net\nhttps://amandadev2.table.core.windows.net\n\n\n\n\nhttps://amandadev2-secondary.blob.core.windows.net\nhttps://amandadev2-secondary.file.core.windows.net\nhttps://amandadev2-secondary.queue.core.windows.net\nhttps://amandadev2-secondary.table.core.windows.net\n\nSanitized\n\n\nCloud\nBlobEndpoint=https://amandadev2.blob.core.windows.net/;QueueEndpoint=https://amandadev2.queue.core.windows.net/;FileEndpoint=https://amandadev2.file.core.windows.net/;BlobSecondaryEndpoint=https://amandadev2-secondary.blob.core.windows.net/;QueueSecondaryEndpoint=https://amandadev2-secondary.queue.core.windows.net/;FileSecondaryEndpoint=https://amandadev2-secondary.file.core.windows.net/;AccountName=amandadev2;AccountKey=Sanitized\nencryptionScope\n\n"
  }
}
