{
  "Entries": [
    {
      "RequestUri": "https://seanmcccanada.file.core.windows.net/test-share-d05c7018-9330-ee6c-4f35-fd0e51277732?restype=share",
      "RequestMethod": "PUT",
      "RequestHeaders": {
        "Accept": "application/xml",
        "Authorization": "Sanitized",
        "Content-Length": "0",
        "traceparent": "00-d62c7785c8ca6500ec3658e39d838a92-dfb07dd3ca1d3bab-00",
        "User-Agent": "azsdk-net-Storage.Files.Shares/12.18.0-alpha.20240501.1 (.NET 7.0.18; Microsoft Windows 10.0.22635)",
        "x-ms-client-request-id": "f809acf2-37e7-c9ff-4b7c-b81d81e81051",
        "x-ms-date": "Wed, 01 May 2024 21:05:35 GMT",
        "x-ms-return-client-request-id": "true",
        "x-ms-version": "2024-08-04"
      },
      "RequestBody": null,
      "StatusCode": 201,
      "ResponseHeaders": {
        "Content-Length": "0",
        "Date": "Wed, 01 May 2024 21:05:35 GMT",
        "ETag": "\"0x8DC6A22722F0760\"",
        "Last-Modified": "Wed, 01 May 2024 21:05:35 GMT",
        "Server": [
          "Windows-Azure-File/1.0",
          "Microsoft-HTTPAPI/2.0"
        ],
        "x-ms-client-request-id": "f809acf2-37e7-c9ff-4b7c-b81d81e81051",
        "x-ms-request-id": "61d8661d-101a-0050-2c0b-9c53d2000000",
        "x-ms-version": "2024-08-04"
      },
      "ResponseBody": null
    },
    {
      "RequestUri": "https://seanmcccanada.blob.core.windows.net/test-container-01e23346-850e-7ce0-7f13-676d17bc2037?restype=container",
      "RequestMethod": "PUT",
      "RequestHeaders": {
        "Accept": "application/xml",
        "Authorization": "Sanitized",
        "Content-Length": "0",
        "traceparent": "00-6c1606dff178edc89bf69d7b7c5318c6-c2147f1f26009776-00",
        "User-Agent": "azsdk-net-Storage.Blobs/12.20.0-alpha.20240501.1 (.NET 7.0.18; Microsoft Windows 10.0.22635)",
        "x-ms-blob-public-access": "container",
        "x-ms-client-request-id": "9a6a29b3-b335-6c73-cb8d-79d4cf92b18f",
        "x-ms-date": "Wed, 01 May 2024 21:05:35 GMT",
        "x-ms-return-client-request-id": "true",
        "x-ms-version": "2024-08-04"
      },
      "RequestBody": null,
      "StatusCode": 201,
      "ResponseHeaders": {
        "Content-Length": "0",
        "Date": "Wed, 01 May 2024 21:05:35 GMT",
        "ETag": "\"0x8DC6A22723ED141\"",
        "Last-Modified": "Wed, 01 May 2024 21:05:35 GMT",
        "Server": [
          "Windows-Azure-Blob/1.0",
          "Microsoft-HTTPAPI/2.0"
        ],
        "x-ms-client-request-id": "9a6a29b3-b335-6c73-cb8d-79d4cf92b18f",
        "x-ms-request-id": "40848c4b-201e-0080-7e0b-9c6e84000000",
        "x-ms-version": "2024-08-04"
      },
      "ResponseBody": null
    },
    {
      "RequestUri": "https://seanmcccanada.blob.core.windows.net/test-container-01e23346-850e-7ce0-7f13-676d17bc2037/test-blob-eeb9e64b-8551-cb01-07ae-d99004766dd5",
      "RequestMethod": "PUT",
      "RequestHeaders": {
        "Accept": "application/xml",
        "Authorization": "Sanitized",
        "Content-Length": "0",
        "If-None-Match": "*",
        "traceparent": "00-ba91bd5db2f7fc4f90361b899c36e87c-ac21ea7e20563ff5-00",
        "User-Agent": "azsdk-net-Storage.Blobs/12.20.0-alpha.20240501.1 (.NET 7.0.18; Microsoft Windows 10.0.22635)",
        "x-ms-blob-type": "AppendBlob",
        "x-ms-client-request-id": "4b5887e2-afad-9cbe-7c46-5fbe33657a60",
        "x-ms-date": "Wed, 01 May 2024 21:05:35 GMT",
        "x-ms-return-client-request-id": "true",
        "x-ms-version": "2024-08-04"
      },
      "RequestBody": null,
      "StatusCode": 201,
      "ResponseHeaders": {
        "Content-Length": "0",
        "Date": "Wed, 01 May 2024 21:05:35 GMT",
        "ETag": "\"0x8DC6A22724E1FBB\"",
        "Last-Modified": "Wed, 01 May 2024 21:05:35 GMT",
        "Server": [
          "Windows-Azure-Blob/1.0",
          "Microsoft-HTTPAPI/2.0"
        ],
        "x-ms-client-request-id": "4b5887e2-afad-9cbe-7c46-5fbe33657a60",
        "x-ms-request-id": "40848ca0-201e-0080-470b-9c6e84000000",
        "x-ms-request-server-encrypted": "true",
        "x-ms-version": "2024-08-04",
        "x-ms-version-id": "2024-05-01T21:05:35.8922683Z"
      },
      "ResponseBody": null
    },
    {
      "RequestUri": "https://seanmcccanada.blob.core.windows.net/test-container-01e23346-850e-7ce0-7f13-676d17bc2037/test-blob-eeb9e64b-8551-cb01-07ae-d99004766dd5?comp=appendblock",
      "RequestMethod": "PUT",
      "RequestHeaders": {
        "Accept": "application/xml",
        "Authorization": "Sanitized",
        "Content-Length": "1024",
        "Content-Type": "application/octet-stream",
        "traceparent": "00-1e65569e283b9b49effaaf348d25a479-7a2fb1384be7b33f-00",
        "User-Agent": "azsdk-net-Storage.Blobs/12.20.0-alpha.20240501.1 (.NET 7.0.18; Microsoft Windows 10.0.22635)",
        "x-ms-client-request-id": "df2b405b-de0f-c847-cb9e-40a5dc33b67c",
        "x-ms-date": "Wed, 01 May 2024 21:05:35 GMT",
        "x-ms-return-client-request-id": "true",
        "x-ms-version": "2024-08-04"
      },
      "RequestBody": "F8zSXjIz++pz0TRXTPCZF6wLos2bo0Uu1QUDsrDUAEsmV97vopFdXroMSMVysj7Ed3jYyOkNPnSGpIktL0g6n9DpMPUSqXUarkMSj1qAuyLGPzs3/DdhGBhpaP4ILy5x0an0iYJJsc0DvRql+q4aBuhmZvANA6KYhxfcqEF3En4VoL6wizGgfI1uMz8dvB5pT2IVocg9ZM4GXAJqbAmMjKqbj1nwaXu2xupin89je8v5c1neYXC11zzvqS8vNRCE4qeUgSzEeOXnXtve28X/o+E2cPmvrSo55bcdAb9Lh5DZ3r0nz/mfNfp09wKV1/x38AZO+MUW1DR9Wpt0pnclm9dKBPwH19Pnlzv+O7Ynow67phG5/Y7LwwmIqnRdKo6DTlsrS9IAbxgyZmGKGJl+VbaMuQBmbJ5Jf0Hyfy1fim2se+xa/Fg8uzb4hpYsQapwClS90HGOHeK94suQDfDr09z03Z2tI1leUP7JbeUHHD6WgnXYobn7HV0KnRmMrK1GDbO6OGMNw+b7X4ByxK/8tcaN+Yp6EjEj+MA/o4Y/0aRQgmAyTOPbiL+O3UI4iFiuDedT/7Ijy/uBl0Cizh9gu43cIkJPymjisnDK6zTv6m9nkZWe7NLxLbZksbWiOLqfLiK0XGYWXkJ+cExBWd/GkazQOz2Kwc666vWL6xmzQHm2Kr0SO44JUDNTH3yFr9PWnh8J0f19FWxT+XFwi3MpyzDSiy4is1Yex+oKNqJSNTohtEz5qW58OBRQv0EdmMW/KlNMsiSltOrJ6woSc9/KAMQ2T9cmLyLCVlMZ0fQUAS8lSgxOBoIWe/9iML5jasU1hr595kjtmfoxiVzRi+L2tOra7SnTe/pCH9PYxP9jXuyO5Eo1lxrmOLERHXwlRfAcbHvUiXybYgvEOsZ1FdX7zStwQ6eYwBzP87V4wV19HNrju1eDj9Rv8oI/cVxTcSLbFVBQtAJIhKteBJXHI6CtRh7sklp9eD1WAVAlWE6/fIKSnKsNLWfXmjarJIs/p87hkSs+Zt7IXp0S+rOxIytdnocSNYf0oBm2Ffgj0VOxF1mBQ8cjgBWjyT0O+zO0JXYKToUDLHJH7PESiFHmpY1KYOJaL99kOR1yb2tJ5qTmAu+BGILNrevnOlfWEfjEvSSww5pQWfWXphVnkb0H/QVMLIZiZYwKfLP3cvWIjSglrrJGmSMKlaj56nJtZRsu4DxRiuVyYleYpUbnWecADhjtQuMLwGTiQZbdaHsZnReXyZK4NwNCs0xarvPcIzzB+NtZgCM4Ix/XbkhOlPncfggvUI9UR9cVqo6XsBJxBh5aHG+gwBzzXqZy4ci69B5Sfi/qrdKsbbEDQ9aUoHINZmgq9A==",
      "StatusCode": 201,
      "ResponseHeaders": {
        "Content-Length": "0",
        "Date": "Wed, 01 May 2024 21:05:35 GMT",
        "ETag": "\"0x8DC6A22725C7587\"",
        "Last-Modified": "Wed, 01 May 2024 21:05:35 GMT",
        "Server": [
          "Windows-Azure-Blob/1.0",
          "Microsoft-HTTPAPI/2.0"
        ],
        "x-ms-blob-append-offset": "0",
        "x-ms-blob-committed-block-count": "1",
        "x-ms-client-request-id": "df2b405b-de0f-c847-cb9e-40a5dc33b67c",
        "x-ms-content-crc64": "tGN/Gjvy5sM=",
        "x-ms-request-id": "40848cf3-201e-0080-0c0b-9c6e84000000",
        "x-ms-request-server-encrypted": "true",
        "x-ms-version": "2024-08-04"
      },
      "ResponseBody": null
    },
    {
      "RequestUri": "https://seanmcccanada.file.core.windows.net/test-share-d05c7018-9330-ee6c-4f35-fd0e51277732/test-blob-059e815c-6acc-c733-e8a4-99bf4c2298ab",
      "RequestMethod": "PUT",
      "RequestHeaders": {
        "Accept": "application/xml",
        "Authorization": "Sanitized",
        "Content-Length": "0",
        "traceparent": "00-3ba341b8139df883e38c8a914b87832a-0818850ee424ea7b-00",
        "User-Agent": "azsdk-net-Storage.Files.Shares/12.18.0-alpha.20240501.1 (.NET 7.0.18; Microsoft Windows 10.0.22635)",
        "x-ms-client-request-id": "f3623a26-9b39-b050-b8de-fda3305895ad",
        "x-ms-content-length": "1024",
        "x-ms-date": "Wed, 01 May 2024 21:05:35 GMT",
        "x-ms-file-attributes": "None",
        "x-ms-file-creation-time": "Now",
        "x-ms-file-last-write-time": "Now",
        "x-ms-file-permission": "Inherit",
        "x-ms-return-client-request-id": "true",
        "x-ms-type": "file",
        "x-ms-version": "2024-08-04"
      },
      "RequestBody": null,
      "StatusCode": 201,
      "ResponseHeaders": {
        "Content-Length": "0",
        "Date": "Wed, 01 May 2024 21:05:36 GMT",
        "ETag": "\"0x8DC6A22726C0EFC\"",
        "Last-Modified": "Wed, 01 May 2024 21:05:36 GMT",
        "Server": [
          "Windows-Azure-File/1.0",
          "Microsoft-HTTPAPI/2.0"
        ],
        "x-ms-client-request-id": "f3623a26-9b39-b050-b8de-fda3305895ad",
        "x-ms-file-attributes": "Archive",
        "x-ms-file-change-time": "2024-05-01T21:05:36.0884476Z",
        "x-ms-file-creation-time": "2024-05-01T21:05:36.0884476Z",
        "x-ms-file-id": "13835128424026341376",
        "x-ms-file-last-write-time": "2024-05-01T21:05:36.0884476Z",
        "x-ms-file-parent-id": "0",
        "x-ms-file-permission-key": "5144323600546320195*17277118026500876237",
        "x-ms-request-id": "61d86622-101a-0050-2e0b-9c53d2000000",
        "x-ms-request-server-encrypted": "true",
        "x-ms-version": "2024-08-04"
      },
      "ResponseBody": null
    },
    {
      "RequestUri": "https://seanmcccanada.file.core.windows.net/test-share-d05c7018-9330-ee6c-4f35-fd0e51277732/test-blob-059e815c-6acc-c733-e8a4-99bf4c2298ab?sv=2024-08-04&se=2024-05-02T21%3A05%3A35Z&sr=f&sp=rcwd&sig=Sanitized",
      "RequestMethod": "HEAD",
      "RequestHeaders": {
        "Accept": "application/xml",
        "traceparent": "00-68c3cb1d1343b37d8a24f35a59efce0a-4f7b1bf3cbb66dd8-00",
        "User-Agent": "azsdk-net-Storage.Files.Shares/12.18.0-alpha.20240501.1 (.NET 7.0.18; Microsoft Windows 10.0.22635)",
        "x-ms-client-request-id": "a17eacf5-c3d0-5042-5e1b-feeb7e4c3f2f",
        "x-ms-return-client-request-id": "true",
        "x-ms-version": "2024-08-04"
      },
      "RequestBody": null,
      "StatusCode": 200,
      "ResponseHeaders": {
        "Content-Length": "1024",
        "Content-Type": "application/octet-stream",
        "Date": "Wed, 01 May 2024 21:05:36 GMT",
        "ETag": "\"0x8DC6A22726C0EFC\"",
        "Last-Modified": "Wed, 01 May 2024 21:05:36 GMT",
        "Server": [
          "Windows-Azure-File/1.0",
          "Microsoft-HTTPAPI/2.0"
        ],
        "x-ms-client-request-id": "a17eacf5-c3d0-5042-5e1b-feeb7e4c3f2f",
        "x-ms-file-attributes": "Archive",
        "x-ms-file-change-time": "2024-05-01T21:05:36.0884476Z",
        "x-ms-file-creation-time": "2024-05-01T21:05:36.0884476Z",
        "x-ms-file-id": "13835128424026341376",
        "x-ms-file-last-write-time": "2024-05-01T21:05:36.0884476Z",
        "x-ms-file-parent-id": "0",
        "x-ms-file-permission-key": "5144323600546320195*17277118026500876237",
        "x-ms-lease-state": "available",
        "x-ms-lease-status": "unlocked",
        "x-ms-request-id": "61d86623-101a-0050-2f0b-9c53d2000000",
        "x-ms-server-encrypted": "true",
        "x-ms-type": "File",
        "x-ms-version": "2024-08-04"
      },
      "ResponseBody": null
    },
    {
      "RequestUri": "https://seanmcccanada.file.core.windows.net/test-share-d05c7018-9330-ee6c-4f35-fd0e51277732/test-blob-059e815c-6acc-c733-e8a4-99bf4c2298ab?sv=2024-08-04&se=2024-05-02T21%3A05%3A35Z&sr=f&sp=rcwd&sig=Sanitized",
      "RequestMethod": "HEAD",
      "RequestHeaders": {
        "Accept": "application/xml",
        "traceparent": "00-ecb2fea4cba93831643bd841a6c6edae-4ebb701d4ed22cf0-00",
        "User-Agent": "azsdk-net-Storage.Files.Shares/12.18.0-alpha.20240501.1 (.NET 7.0.18; Microsoft Windows 10.0.22635)",
        "x-ms-client-request-id": "84ada639-f3d9-49dc-cd0d-e5006b6f6004",
        "x-ms-return-client-request-id": "true",
        "x-ms-version": "2024-08-04"
      },
      "RequestBody": null,
      "StatusCode": 200,
      "ResponseHeaders": {
        "Content-Length": "1024",
        "Content-Type": "application/octet-stream",
        "Date": "Wed, 01 May 2024 21:05:36 GMT",
        "ETag": "\"0x8DC6A22726C0EFC\"",
        "Last-Modified": "Wed, 01 May 2024 21:05:36 GMT",
        "Server": [
          "Windows-Azure-File/1.0",
          "Microsoft-HTTPAPI/2.0"
        ],
        "x-ms-client-request-id": "84ada639-f3d9-49dc-cd0d-e5006b6f6004",
        "x-ms-file-attributes": "Archive",
        "x-ms-file-change-time": "2024-05-01T21:05:36.0884476Z",
        "x-ms-file-creation-time": "2024-05-01T21:05:36.0884476Z",
        "x-ms-file-id": "13835128424026341376",
        "x-ms-file-last-write-time": "2024-05-01T21:05:36.0884476Z",
        "x-ms-file-parent-id": "0",
        "x-ms-file-permission-key": "5144323600546320195*17277118026500876237",
        "x-ms-lease-state": "available",
        "x-ms-lease-status": "unlocked",
        "x-ms-request-id": "61d86624-101a-0050-300b-9c53d2000000",
        "x-ms-server-encrypted": "true",
        "x-ms-type": "File",
        "x-ms-version": "2024-08-04"
      },
      "ResponseBody": null
    },
    {
      "RequestUri": "https://seanmcccanada.blob.core.windows.net/test-container-01e23346-850e-7ce0-7f13-676d17bc2037/test-blob-eeb9e64b-8551-cb01-07ae-d99004766dd5?sv=2024-08-04&se=2024-05-02T21%3A05%3A35Z&sr=b&sp=racwdxyltmei&sig=Sanitized",
      "RequestMethod": "PUT",
      "RequestHeaders": {
        "Accept": "application/xml",
        "Content-Length": "0",
        "If-None-Match": "*",
        "traceparent": "00-bc8d4f836a76b4fa40ba65a2261b7f56-1eb153d458db7fc9-00",
        "User-Agent": "azsdk-net-Storage.Blobs/12.20.0-alpha.20240501.1 (.NET 7.0.18; Microsoft Windows 10.0.22635)",
        "x-ms-blob-content-type": "application/octet-stream",
        "x-ms-blob-type": "AppendBlob",
        "x-ms-client-request-id": "d8b1a2df-ba9e-5f55-df93-47077e775170",
        "x-ms-return-client-request-id": "true",
        "x-ms-version": "2024-08-04"
      },
      "RequestBody": null,
      "StatusCode": 409,
      "ResponseHeaders": {
        "Content-Length": "220",
        "Content-Type": "application/xml",
        "Date": "Wed, 01 May 2024 21:05:36 GMT",
        "Server": [
          "Windows-Azure-Blob/1.0",
          "Microsoft-HTTPAPI/2.0"
        ],
        "x-ms-client-request-id": "d8b1a2df-ba9e-5f55-df93-47077e775170",
        "x-ms-error-code": "BlobAlreadyExists",
        "x-ms-request-id": "40848e4d-201e-0080-3d0b-9c6e84000000",
        "x-ms-version": "2024-08-04"
      },
      "ResponseBody": [
        "\uFEFF<?xml version=\"1.0\" encoding=\"utf-8\"?><Error><Code>BlobAlreadyExists</Code><Message>The specified blob already exists.\n",
        "RequestId:40848e4d-201e-0080-3d0b-9c6e84000000\n",
        "Time:2024-05-01T21:05:36.4177484Z</Message></Error>"
      ]
    },
    {
      "RequestUri": "https://seanmcccanada.blob.core.windows.net/test-container-01e23346-850e-7ce0-7f13-676d17bc2037?restype=container",
      "RequestMethod": "DELETE",
      "RequestHeaders": {
        "Accept": "application/xml",
        "Authorization": "Sanitized",
        "traceparent": "00-4f28315ef698e676f045beafecade7a2-d7e82e6229e349e3-00",
        "User-Agent": "azsdk-net-Storage.Blobs/12.20.0-alpha.20240501.1 (.NET 7.0.18; Microsoft Windows 10.0.22635)",
        "x-ms-client-request-id": "c821af01-87bd-c065-d076-d8eb493912bb",
        "x-ms-date": "Wed, 01 May 2024 21:05:36 GMT",
        "x-ms-return-client-request-id": "true",
        "x-ms-version": "2024-08-04"
      },
      "RequestBody": null,
      "StatusCode": 202,
      "ResponseHeaders": {
        "Content-Length": "0",
        "Date": "Wed, 01 May 2024 21:05:36 GMT",
        "Server": [
          "Windows-Azure-Blob/1.0",
          "Microsoft-HTTPAPI/2.0"
        ],
        "x-ms-client-request-id": "c821af01-87bd-c065-d076-d8eb493912bb",
        "x-ms-request-id": "40848f0f-201e-0080-6f0b-9c6e84000000",
        "x-ms-version": "2024-08-04"
      },
      "ResponseBody": null
    },
    {
      "RequestUri": "https://seanmcccanada.file.core.windows.net/test-share-d05c7018-9330-ee6c-4f35-fd0e51277732?restype=share",
      "RequestMethod": "DELETE",
      "RequestHeaders": {
        "Accept": "application/xml",
        "Authorization": "Sanitized",
        "traceparent": "00-53cc49c68391b8018a4b149675616171-0be1cfad087bd6fc-00",
        "User-Agent": "azsdk-net-Storage.Files.Shares/12.18.0-alpha.20240501.1 (.NET 7.0.18; Microsoft Windows 10.0.22635)",
        "x-ms-client-request-id": "cf063c6b-8856-9bb2-3742-4ddcabf05f2a",
        "x-ms-date": "Wed, 01 May 2024 21:05:36 GMT",
        "x-ms-delete-snapshots": "include",
        "x-ms-return-client-request-id": "true",
        "x-ms-version": "2024-08-04"
      },
      "RequestBody": null,
      "StatusCode": 202,
      "ResponseHeaders": {
        "Content-Length": "0",
        "Date": "Wed, 01 May 2024 21:05:36 GMT",
        "Server": [
          "Windows-Azure-File/1.0",
          "Microsoft-HTTPAPI/2.0"
        ],
        "x-ms-client-request-id": "cf063c6b-8856-9bb2-3742-4ddcabf05f2a",
        "x-ms-request-id": "61d86626-101a-0050-320b-9c53d2000000",
        "x-ms-version": "2024-08-04"
      },
      "ResponseBody": null
    }
  ],
  "Variables": {
    "DateTimeOffsetNow": "2024-05-01T14:05:35.7870172-07:00",
    "RandomSeed": "1731857174",
    "Storage_TestConfigDefault": "ProductionTenant\nseanmcccanada\nU2FuaXRpemVk\nhttps://seanmcccanada.blob.core.windows.net\nhttps://seanmcccanada.file.core.windows.net\nhttps://seanmcccanada.queue.core.windows.net\nhttps://seanmcccanada.table.core.windows.net\n\n\n\n\nhttps://seanmcccanada-secondary.blob.core.windows.net\nhttps://seanmcccanada-secondary.file.core.windows.net\nhttps://seanmcccanada-secondary.queue.core.windows.net\nhttps://seanmcccanada-secondary.table.core.windows.net\n\nSanitized\n\n\nCloud\nBlobEndpoint=https://seanmcccanada.blob.core.windows.net/;QueueEndpoint=https://seanmcccanada.queue.core.windows.net/;FileEndpoint=https://seanmcccanada.file.core.windows.net/;BlobSecondaryEndpoint=https://seanmcccanada-secondary.blob.core.windows.net/;QueueSecondaryEndpoint=https://seanmcccanada-secondary.queue.core.windows.net/;FileSecondaryEndpoint=https://seanmcccanada-secondary.file.core.windows.net/;AccountName=seanmcccanada;AccountKey=Sanitized\nencryptionScope\n\n"
  }
}
