{
  "Entries": [
    {
      "RequestUri": "https://seanmcccanada.file.core.windows.net/test-share-e2f10378-f74d-1418-5ce1-bbf457502ce1?restype=share",
      "RequestMethod": "PUT",
      "RequestHeaders": {
        "Accept": "application/xml",
        "Authorization": "Sanitized",
        "Content-Length": "0",
        "traceparent": "00-66b5eb6a0acd292e521a2e700a68d339-50696f4980005d07-00",
        "User-Agent": "azsdk-net-Storage.Files.Shares/12.18.0-alpha.20231117.1 (.NET 6.0.25; Microsoft Windows 10.0.22635)",
        "x-ms-client-request-id": "343f4c64-2aea-e50b-aca5-031b2889288d",
        "x-ms-date": "Fri, 17 Nov 2023 17:30:56 GMT",
        "x-ms-return-client-request-id": "true",
        "x-ms-version": "2024-02-04"
      },
      "RequestBody": null,
      "StatusCode": 201,
      "ResponseHeaders": {
        "Content-Length": "0",
        "Date": "Fri, 17 Nov 2023 17:30:57 GMT",
        "ETag": "\u00220x8DBE792F62E052E\u0022",
        "Last-Modified": "Fri, 17 Nov 2023 17:30:58 GMT",
        "Server": [
          "Windows-Azure-File/1.0",
          "Microsoft-HTTPAPI/2.0"
        ],
        "x-ms-client-request-id": "343f4c64-2aea-e50b-aca5-031b2889288d",
        "x-ms-request-id": "64300d1a-e01a-0044-417b-191bbd000000",
        "x-ms-version": "2024-02-04"
      },
      "ResponseBody": null
    },
    {
      "RequestUri": "https://seanmcccanada.blob.core.windows.net/test-container-c7a68498-6908-52cb-ee63-3894faf07ad6?restype=container",
      "RequestMethod": "PUT",
      "RequestHeaders": {
        "Accept": "application/xml",
        "Authorization": "Sanitized",
        "Content-Length": "0",
        "traceparent": "00-00540ff69db5cb439daadfce988ad76d-5683cb1348ecc380-00",
        "User-Agent": "azsdk-net-Storage.Blobs/12.20.0-alpha.20231117.1 (.NET 6.0.25; Microsoft Windows 10.0.22635)",
        "x-ms-blob-public-access": "container",
        "x-ms-client-request-id": "16906e90-c4de-fb68-81ec-4587f276eabc",
        "x-ms-date": "Fri, 17 Nov 2023 17:30:56 GMT",
        "x-ms-return-client-request-id": "true",
        "x-ms-version": "2024-02-04"
      },
      "RequestBody": null,
      "StatusCode": 201,
      "ResponseHeaders": {
        "Content-Length": "0",
        "Date": "Fri, 17 Nov 2023 17:30:58 GMT",
        "ETag": "\u00220x8DBE792F65188EB\u0022",
        "Last-Modified": "Fri, 17 Nov 2023 17:30:58 GMT",
        "Server": [
          "Windows-Azure-Blob/1.0",
          "Microsoft-HTTPAPI/2.0"
        ],
        "x-ms-client-request-id": "16906e90-c4de-fb68-81ec-4587f276eabc",
        "x-ms-request-id": "d2fee08c-b01e-0049-2d7b-19d369000000",
        "x-ms-version": "2024-02-04"
      },
      "ResponseBody": null
    },
    {
      "RequestUri": "https://seanmcccanada.blob.core.windows.net/test-container-c7a68498-6908-52cb-ee63-3894faf07ad6/test-blob-8c0317fd-645f-91f8-e095-8924b26f6c36",
      "RequestMethod": "PUT",
      "RequestHeaders": {
        "Accept": "application/xml",
        "Authorization": "Sanitized",
        "Content-Length": "0",
        "If-None-Match": "*",
        "traceparent": "00-881df532e4ef450ea49c7a529522a8a7-6c8dd2c430b10b03-00",
        "User-Agent": "azsdk-net-Storage.Blobs/12.20.0-alpha.20231117.1 (.NET 6.0.25; Microsoft Windows 10.0.22635)",
        "x-ms-blob-type": "AppendBlob",
        "x-ms-client-request-id": "5289209e-c529-582a-8b2b-c02507626cd6",
        "x-ms-date": "Fri, 17 Nov 2023 17:30:57 GMT",
        "x-ms-return-client-request-id": "true",
        "x-ms-version": "2024-02-04"
      },
      "RequestBody": null,
      "StatusCode": 201,
      "ResponseHeaders": {
        "Content-Length": "0",
        "Date": "Fri, 17 Nov 2023 17:30:58 GMT",
        "ETag": "\u00220x8DBE792F6726850\u0022",
        "Last-Modified": "Fri, 17 Nov 2023 17:30:58 GMT",
        "Server": [
          "Windows-Azure-Blob/1.0",
          "Microsoft-HTTPAPI/2.0"
        ],
        "x-ms-client-request-id": "5289209e-c529-582a-8b2b-c02507626cd6",
        "x-ms-request-id": "d2fee28c-b01e-0049-107b-19d369000000",
        "x-ms-request-server-encrypted": "true",
        "x-ms-version": "2024-02-04",
        "x-ms-version-id": "2023-11-17T17:30:58.8991568Z"
      },
      "ResponseBody": null
    },
    {
      "RequestUri": "https://seanmcccanada.blob.core.windows.net/test-container-c7a68498-6908-52cb-ee63-3894faf07ad6/test-blob-8c0317fd-645f-91f8-e095-8924b26f6c36?comp=appendblock",
      "RequestMethod": "PUT",
      "RequestHeaders": {
        "Accept": "application/xml",
        "Authorization": "Sanitized",
        "Content-Length": "1024",
        "Content-Type": "application/octet-stream",
        "traceparent": "00-3baaa317f13b7c9866a2d0796d1c40f1-0cb972d3dd68bb9f-00",
        "User-Agent": "azsdk-net-Storage.Blobs/12.20.0-alpha.20231117.1 (.NET 6.0.25; Microsoft Windows 10.0.22635)",
        "x-ms-client-request-id": "a577f7a6-dc03-4ef4-c470-3a1ac1bd454d",
        "x-ms-date": "Fri, 17 Nov 2023 17:30:57 GMT",
        "x-ms-return-client-request-id": "true",
        "x-ms-version": "2024-02-04"
      },
      "RequestBody": "vN66MJMrcDnI0/wqjnbe95iaDH4kAUtW6BEZScbB\u002BW7OXKUn/HgJIiA1T7fQOqUPqvWnB2WM0rqSZEeBESdzBtqOXDLRtvogkeld7rKUhq5sCp/QGvEJQYrrlJgwhxH5wkjdQd1yPvP7h3Z7LuMH/t6ZFAaHo\u002BvohRqo5SJi7wnYYyxptkTQ\u002Bcur1JN6jRKm45W6l3IKcR9c9LzDyljRmJdtosu3nUeZyBs63M5YbfcHAQKMqFiWzvENDMKHDS5z2jz8DepH70ZNIM5Xz5VQBIbFu8lWRO8\u002B1tTZqpCFEbvsxwGRXGAMwBK7PoiKP/5cvAg7wlFlHJZNvTcWbkW1yA4TaweUv6gmuPu3mgVntJbVfe2ISU9phqtrRJ8o9VLNBnZ5dtT2x/1gFQlWroGQ5gigQPBXLX6\u002BquRcKXoJ/cOp6pSP7T3C3rXwKDNFEtgp2l6WiLVhddn3uszwmp6CVxhGrcPtAPjL3mE7ZwVKeJcLM04ccnUNR3S7lzJw0UQXbdAb/2UUO9llyqlTJg7TrEE15GZQZuSiOGVPMWjGWgwcI/k0L3kx9vd0tqfMuiFm5\u002BvwO\u002B3exwbseccAxQpwnnCcNgIUn33IA\u002B1u27A81n5D6Ep91h8fPlzzR7WyMTHtAxc3L4MfUkduJzf/b\u002BtWsKJIvN2/88hRfPemIFfHFtG8gdiYBab6JJYCD67nIM9wnZcTaXVTLQ9P5bOMeDHwphFlQu4Tvar7TpdGveQZalsoNYO/tKxcaFPISR/zbqxkEmidgd7gXeDsFxreDXArNXtXY0OuMPJkCdmbSnOLCODr4qt7fOh9SNei0pySflvinBSjnApoteF2OXgERRNsYQ468irFsLmT2RtrC11V0ot9uK1f52zVgizJBUJweALENnGOV4sxHexaEMLv/aqEIWbth4xlDXmiZXD\u002B\u002B6t2I2EYptXrx3v/TJrABdeq5YSCRePcg/F1Xij36/IbMiJB4\u002B1h11bUmFnr7TrypAii\u002BH/rfLbHmp9vokis9NuI5Bl4fyHpSA4urayJ8JW2g7kgVfJyMLZreklN8TQOJ6R\u002BYgkgeSXmuK9xvc4JPakKuR\u002BOi57oFrNjDATXnFfaH4UIC46LlQmUOpxDAXLnYTygQjgUf5wFlUtVvWwgDxxYlp1JATEbfiMV\u002BlECpRVBe6rHN1kfxZ/pAnZCNticcyqA6mrVnmALhMQU/oVKA\u002B82FEHBWdfCOND9X/\u002B72UhKeIcmgbqra91KvLKVCscanv\u002BGCyGW2xpSvbKZ2D5gT6t7yob9I4E0i6lkd5wlLS4J4sAANc0ns51t1MQIEZOe6m0HGUBBHHt9UYB4MmN9LZCDj/V\u002BYBrdVBbokE\u002B9LHkVxo0vHQ==",
      "StatusCode": 201,
      "ResponseHeaders": {
        "Content-Length": "0",
        "Date": "Fri, 17 Nov 2023 17:30:58 GMT",
        "ETag": "\u00220x8DBE792F691366E\u0022",
        "Last-Modified": "Fri, 17 Nov 2023 17:30:59 GMT",
        "Server": [
          "Windows-Azure-Blob/1.0",
          "Microsoft-HTTPAPI/2.0"
        ],
        "x-ms-blob-append-offset": "0",
        "x-ms-blob-committed-block-count": "1",
        "x-ms-client-request-id": "a577f7a6-dc03-4ef4-c470-3a1ac1bd454d",
        "x-ms-content-crc64": "K9/jz2uJ/Ck=",
        "x-ms-request-id": "d2fee47c-b01e-0049-667b-19d369000000",
        "x-ms-request-server-encrypted": "true",
        "x-ms-version": "2024-02-04"
      },
      "ResponseBody": null
    },
    {
      "RequestUri": "https://seanmcccanada.file.core.windows.net/test-share-e2f10378-f74d-1418-5ce1-bbf457502ce1/test-blob-dfc52c2b-1cf9-9f7c-8c47-194a934f30f5",
      "RequestMethod": "PUT",
      "RequestHeaders": {
        "Accept": "application/xml",
        "Authorization": "Sanitized",
        "Content-Length": "0",
        "traceparent": "00-b5525557a1a99729a6094c0e53ac8437-5660a377ad166da8-00",
        "User-Agent": "azsdk-net-Storage.Files.Shares/12.18.0-alpha.20231117.1 (.NET 6.0.25; Microsoft Windows 10.0.22635)",
        "x-ms-client-request-id": "0f7e3782-c6ea-72d2-1a2e-d057f41d1c79",
        "x-ms-content-length": "1024",
        "x-ms-date": "Fri, 17 Nov 2023 17:30:57 GMT",
        "x-ms-file-attributes": "None",
        "x-ms-file-creation-time": "Now",
        "x-ms-file-last-write-time": "Now",
        "x-ms-file-permission": "Inherit",
        "x-ms-return-client-request-id": "true",
        "x-ms-type": "file",
        "x-ms-version": "2024-02-04"
      },
      "RequestBody": null,
      "StatusCode": 201,
      "ResponseHeaders": {
        "Content-Length": "0",
        "Date": "Fri, 17 Nov 2023 17:30:58 GMT",
        "ETag": "\u00220x8DBE792F6B48D12\u0022",
        "Last-Modified": "Fri, 17 Nov 2023 17:30:59 GMT",
        "Server": [
          "Windows-Azure-File/1.0",
          "Microsoft-HTTPAPI/2.0"
        ],
        "x-ms-client-request-id": "0f7e3782-c6ea-72d2-1a2e-d057f41d1c79",
        "x-ms-file-attributes": "Archive",
        "x-ms-file-change-time": "2023-11-17T17:30:59.3326354Z",
        "x-ms-file-creation-time": "2023-11-17T17:30:59.3326354Z",
        "x-ms-file-id": "13835128424026341376",
        "x-ms-file-last-write-time": "2023-11-17T17:30:59.3326354Z",
        "x-ms-file-parent-id": "0",
        "x-ms-file-permission-key": "5144323600546320195*17277118026500876237",
        "x-ms-request-id": "64300d1d-e01a-0044-427b-191bbd000000",
        "x-ms-request-server-encrypted": "true",
        "x-ms-version": "2024-02-04"
      },
      "ResponseBody": null
    },
    {
      "RequestUri": "https://seanmcccanada.file.core.windows.net/test-share-e2f10378-f74d-1418-5ce1-bbf457502ce1/test-blob-dfc52c2b-1cf9-9f7c-8c47-194a934f30f5?sv=2025-04-05\u0026se=2023-11-18T17%3A30%3A57Z\u0026sr=f\u0026sp=rcwd\u0026sig=Sanitized",
      "RequestMethod": "HEAD",
      "RequestHeaders": {
        "Accept": "application/xml",
        "traceparent": "00-ab23b76229ba16d66e3f5b15782713f5-e2716f124f07690c-00",
        "User-Agent": "azsdk-net-Storage.Files.Shares/12.18.0-alpha.20231117.1 (.NET 6.0.25; Microsoft Windows 10.0.22635)",
        "x-ms-client-request-id": "8a984fc6-353f-4e62-902e-7b891f6379ca",
        "x-ms-return-client-request-id": "true",
        "x-ms-version": "2024-02-04"
      },
      "RequestBody": null,
      "StatusCode": 200,
      "ResponseHeaders": {
        "Content-Length": "1024",
        "Content-Type": "application/octet-stream",
        "Date": "Fri, 17 Nov 2023 17:30:59 GMT",
        "ETag": "\u00220x8DBE792F6B48D12\u0022",
        "Last-Modified": "Fri, 17 Nov 2023 17:30:59 GMT",
        "Server": [
          "Windows-Azure-File/1.0",
          "Microsoft-HTTPAPI/2.0"
        ],
        "x-ms-client-request-id": "8a984fc6-353f-4e62-902e-7b891f6379ca",
        "x-ms-file-attributes": "Archive",
        "x-ms-file-change-time": "2023-11-17T17:30:59.3326354Z",
        "x-ms-file-creation-time": "2023-11-17T17:30:59.3326354Z",
        "x-ms-file-id": "13835128424026341376",
        "x-ms-file-last-write-time": "2023-11-17T17:30:59.3326354Z",
        "x-ms-file-parent-id": "0",
        "x-ms-file-permission-key": "5144323600546320195*17277118026500876237",
        "x-ms-lease-state": "available",
        "x-ms-lease-status": "unlocked",
        "x-ms-request-id": "64300d1f-e01a-0044-447b-191bbd000000",
        "x-ms-server-encrypted": "true",
        "x-ms-type": "File",
        "x-ms-version": "2024-02-04"
      },
      "ResponseBody": null
    },
    {
      "RequestUri": "https://seanmcccanada.blob.core.windows.net/test-container-c7a68498-6908-52cb-ee63-3894faf07ad6/test-blob-8c0317fd-645f-91f8-e095-8924b26f6c36?sv=2025-04-05\u0026se=2023-11-18T17%3A30%3A57Z\u0026sr=b\u0026sp=racwdxyltmei\u0026sig=Sanitized",
      "RequestMethod": "PUT",
      "RequestHeaders": {
        "Accept": "application/xml",
        "Content-Length": "0",
        "If-None-Match": "*",
        "traceparent": "00-9016d29f47ed1ff08a9c4fc275a39730-5eb2a3ee06023eeb-00",
        "User-Agent": "azsdk-net-Storage.Blobs/12.20.0-alpha.20231117.1 (.NET 6.0.25; Microsoft Windows 10.0.22635)",
        "x-ms-blob-type": "AppendBlob",
        "x-ms-client-request-id": "a591a100-9285-153a-f531-bbd1964797d9",
        "x-ms-return-client-request-id": "true",
        "x-ms-version": "2024-02-04"
      },
      "RequestBody": null,
      "StatusCode": 409,
      "ResponseHeaders": {
        "Content-Length": "220",
        "Content-Type": "application/xml",
        "Date": "Fri, 17 Nov 2023 17:30:59 GMT",
        "Server": [
          "Windows-Azure-Blob/1.0",
          "Microsoft-HTTPAPI/2.0"
        ],
        "x-ms-client-request-id": "a591a100-9285-153a-f531-bbd1964797d9",
        "x-ms-error-code": "BlobAlreadyExists",
        "x-ms-request-id": "d2feebf2-b01e-0049-667b-19d369000000",
        "x-ms-version": "2024-02-04"
      },
      "ResponseBody": [
        "\uFEFF\u003C?xml version=\u00221.0\u0022 encoding=\u0022utf-8\u0022?\u003E\u003CError\u003E\u003CCode\u003EBlobAlreadyExists\u003C/Code\u003E\u003CMessage\u003EThe specified blob already exists.\n",
        "RequestId:d2feebf2-b01e-0049-667b-19d369000000\n",
        "Time:2023-11-17T17:30:59.9929729Z\u003C/Message\u003E\u003C/Error\u003E"
      ]
    },
    {
      "RequestUri": "https://seanmcccanada.blob.core.windows.net/test-container-c7a68498-6908-52cb-ee63-3894faf07ad6?restype=container",
      "RequestMethod": "DELETE",
      "RequestHeaders": {
        "Accept": "application/xml",
        "Authorization": "Sanitized",
        "traceparent": "00-dc8d096db306f481c6d6ae30acd2ba92-2460ac6bfa1fd662-00",
        "User-Agent": "azsdk-net-Storage.Blobs/12.20.0-alpha.20231117.1 (.NET 6.0.25; Microsoft Windows 10.0.22635)",
        "x-ms-client-request-id": "7d89bd7d-d4d2-fc45-6836-d3e3a219d81f",
        "x-ms-date": "Fri, 17 Nov 2023 17:30:58 GMT",
        "x-ms-return-client-request-id": "true",
        "x-ms-version": "2024-02-04"
      },
      "RequestBody": null,
      "StatusCode": 202,
      "ResponseHeaders": {
        "Content-Length": "0",
        "Date": "Fri, 17 Nov 2023 17:30:59 GMT",
        "Server": [
          "Windows-Azure-Blob/1.0",
          "Microsoft-HTTPAPI/2.0"
        ],
        "x-ms-client-request-id": "7d89bd7d-d4d2-fc45-6836-d3e3a219d81f",
        "x-ms-request-id": "d2feee74-b01e-0049-357b-19d369000000",
        "x-ms-version": "2024-02-04"
      },
      "ResponseBody": null
    },
    {
      "RequestUri": "https://seanmcccanada.file.core.windows.net/test-share-e2f10378-f74d-1418-5ce1-bbf457502ce1?restype=share",
      "RequestMethod": "DELETE",
      "RequestHeaders": {
        "Accept": "application/xml",
        "Authorization": "Sanitized",
        "traceparent": "00-780e2399ba69d661b87b5f21d6e8850d-aa67737b59d3725f-00",
        "User-Agent": "azsdk-net-Storage.Files.Shares/12.18.0-alpha.20231117.1 (.NET 6.0.25; Microsoft Windows 10.0.22635)",
        "x-ms-client-request-id": "d953a5ec-19bd-ba07-adcd-b6d99036c54b",
        "x-ms-date": "Fri, 17 Nov 2023 17:30:58 GMT",
        "x-ms-delete-snapshots": "include",
        "x-ms-return-client-request-id": "true",
        "x-ms-version": "2024-02-04"
      },
      "RequestBody": null,
      "StatusCode": 202,
      "ResponseHeaders": {
        "Content-Length": "0",
        "Date": "Fri, 17 Nov 2023 17:30:59 GMT",
        "Server": [
          "Windows-Azure-File/1.0",
          "Microsoft-HTTPAPI/2.0"
        ],
        "x-ms-client-request-id": "d953a5ec-19bd-ba07-adcd-b6d99036c54b",
        "x-ms-request-id": "64300d25-e01a-0044-457b-191bbd000000",
        "x-ms-version": "2024-02-04"
      },
      "ResponseBody": null
    }
  ],
  "Variables": {
    "DateTimeOffsetNow": "2023-11-17T09:30:57.5365271-08:00",
    "RandomSeed": "94058031",
    "Storage_TestConfigDefault": "ProductionTenant\nseanmcccanada\nU2FuaXRpemVk\nhttps://seanmcccanada.blob.core.windows.net\nhttps://seanmcccanada.file.core.windows.net\nhttps://seanmcccanada.queue.core.windows.net\nhttps://seanmcccanada.table.core.windows.net\n\n\n\n\nhttps://seanmcccanada-secondary.blob.core.windows.net\nhttps://seanmcccanada-secondary.file.core.windows.net\nhttps://seanmcccanada-secondary.queue.core.windows.net\nhttps://seanmcccanada-secondary.table.core.windows.net\n\nSanitized\n\n\nCloud\nBlobEndpoint=https://seanmcccanada.blob.core.windows.net/;QueueEndpoint=https://seanmcccanada.queue.core.windows.net/;FileEndpoint=https://seanmcccanada.file.core.windows.net/;BlobSecondaryEndpoint=https://seanmcccanada-secondary.blob.core.windows.net/;QueueSecondaryEndpoint=https://seanmcccanada-secondary.queue.core.windows.net/;FileSecondaryEndpoint=https://seanmcccanada-secondary.file.core.windows.net/;AccountName=seanmcccanada;AccountKey=Sanitized\nencryptionScope1\n\n"
  }
}
