{
  "Entries": [
    {
      "RequestUri": "https://tcac7e9c41ef52cechsm.managedhsm.azure.net/keys/1946162974?api-version=7.5",
      "RequestMethod": "PUT",
      "RequestHeaders": {
        "Accept": "application/json",
        "Content-Length": "0",
        "traceparent": "00-f11c5cc1c15a016da412d31e42c0fd93-cfa77dc299adeeb2-00",
        "User-Agent": "azsdk-net-Security.KeyVault.Keys/4.6.0-alpha.20240209.1 (.NET 7.0.15; Microsoft Windows 10.0.22631)",
        "x-ms-client-request-id": "44215ba9d646ad42e6ab62bb2e4f452b",
        "x-ms-return-client-request-id": "true"
      },
      "RequestBody": null,
      "StatusCode": 401,
      "ResponseHeaders": {
        "Cache-Control": "no-cache",
        "Content-Length": "0",
        "Content-Security-Policy": "default-src \u0027self\u0027",
        "Content-Type": "application/json; charset=utf-8",
        "Strict-Transport-Security": "max-age=31536000; includeSubDomains",
        "WWW-Authenticate": "Bearer authorization=\u0022https://login.microsoftonline.com/72f988bf-86f1-41af-91ab-2d7cd011db47\u0022, resource=\u0022https://managedhsm.azure.net\u0022",
        "X-Content-Type-Options": "nosniff",
        "X-Frame-Options": "SAMEORIGIN",
        "x-ms-request-id": "4defbdd4-c7cd-11ee-9c06-0022483a2d18",
        "x-ms-server-latency": "0"
      },
      "ResponseBody": null
    },
    {
      "RequestUri": "https://tcac7e9c41ef52cechsm.managedhsm.azure.net/keys/1946162974?api-version=7.5",
      "RequestMethod": "PUT",
      "RequestHeaders": {
        "Accept": "application/json",
        "Authorization": "Sanitized",
        "Content-Length": "125",
        "Content-Type": "application/json",
        "traceparent": "00-f11c5cc1c15a016da412d31e42c0fd93-cfa77dc299adeeb2-00",
        "User-Agent": "azsdk-net-Security.KeyVault.Keys/4.6.0-alpha.20240209.1 (.NET 7.0.15; Microsoft Windows 10.0.22631)",
        "x-ms-client-request-id": "44215ba9d646ad42e6ab62bb2e4f452b",
        "x-ms-return-client-request-id": "true"
      },
      "RequestBody": {
        "key": {
          "kty": "oct",
          "key_ops": [
            "encrypt",
            "decrypt",
            "wrapKey",
            "unwrapKey"
          ],
          "k": "pBZVALPctDgu2eVdVrBgNQlZ2-cIIN8mT0JDMENMD28"
        }
      },
      "StatusCode": 200,
      "ResponseHeaders": {
        "Cache-Control": "no-cache",
        "Content-Length": "347",
        "Content-Security-Policy": "default-src \u0027self\u0027",
        "Content-Type": "application/json; charset=utf-8",
        "Strict-Transport-Security": "max-age=31536000; includeSubDomains",
        "X-Content-Type-Options": "nosniff",
        "X-Frame-Options": "SAMEORIGIN",
        "x-ms-keyvault-network-info": "conn_type=Ipv4;addr=24.16.18.89;act_addr_fam=Ipv4;",
        "x-ms-keyvault-region": "francecentral",
        "x-ms-request-id": "4e21c55e-c7cd-11ee-9c06-0022483a2d18",
        "x-ms-server-latency": "97"
      },
      "ResponseBody": {
        "attributes": {
          "created": 1707539508,
          "enabled": true,
          "exportable": false,
          "recoverableDays": 7,
          "recoveryLevel": "CustomizedRecoverable\u002BPurgeable",
          "updated": 1707539508
        },
        "key": {
          "key_ops": [
            "encrypt",
            "decrypt",
            "unwrapKey",
            "wrapKey"
          ],
          "kid": "https://tcac7e9c41ef52cechsm.managedhsm.azure.net/keys/1946162974/5ad5a58311050c9c06b37d29e84ac0d6",
          "kty": "oct-HSM"
        }
      }
    },
    {
      "RequestUri": "https://tcac7e9c41ef52cechsm.managedhsm.azure.net/keys/1946162974/5ad5a58311050c9c06b37d29e84ac0d6/encrypt?api-version=7.5",
      "RequestMethod": "POST",
      "RequestHeaders": {
        "Accept": "application/json",
        "Authorization": "Sanitized",
        "Content-Length": "71",
        "Content-Type": "application/json",
        "traceparent": "00-ddc81745e802763aaed5a3a3d5aced68-43f11fcb21d3e8cc-00",
        "User-Agent": "azsdk-net-Security.KeyVault.Keys/4.6.0-alpha.20240209.1 (.NET 7.0.15; Microsoft Windows 10.0.22631)",
        "x-ms-client-request-id": "1ff44dd8eaffef1f2cbee7236cc1c2fe",
        "x-ms-return-client-request-id": "true"
      },
      "RequestBody": {
        "alg": "A256GCM",
        "value": "ohxMsf-5L2JdI2mA6ud1N6cHjVHQhEKYmIdkuABsSKk"
      },
      "StatusCode": 200,
      "ResponseHeaders": {
        "Cache-Control": "no-cache",
        "Content-Length": "233",
        "Content-Security-Policy": "default-src \u0027self\u0027",
        "Content-Type": "application/json; charset=utf-8",
        "Strict-Transport-Security": "max-age=31536000; includeSubDomains",
        "X-Content-Type-Options": "nosniff",
        "X-Frame-Options": "SAMEORIGIN",
        "x-ms-keyvault-network-info": "conn_type=Ipv4;addr=24.16.18.89;act_addr_fam=Ipv4;",
        "x-ms-keyvault-region": "francecentral",
        "x-ms-request-id": "4e4c4ebe-c7cd-11ee-9c06-0022483a2d18",
        "x-ms-server-latency": "9"
      },
      "ResponseBody": {
        "alg": "A256GCM",
        "iv": "6-EtxZ6In9XZIe88",
        "kid": "https://tcac7e9c41ef52cechsm.managedhsm.azure.net/keys/1946162974/5ad5a58311050c9c06b37d29e84ac0d6",
        "tag": "TGpoFQ3gw_uHOyynMNVnzA",
        "value": "MjJJgTnf4KXHXUrd-NE99gfS_J1UVgHGbhtCjDtDYO8"
      }
    },
    {
      "RequestUri": "https://tcac7e9c41ef52cechsm.managedhsm.azure.net/keys/1946162974/5ad5a58311050c9c06b37d29e84ac0d6/decrypt?api-version=7.5",
      "RequestMethod": "POST",
      "RequestHeaders": {
        "Accept": "application/json",
        "Authorization": "Sanitized",
        "Content-Length": "126",
        "Content-Type": "application/json",
        "traceparent": "00-73ec7f728673514c9fe691501b89ed37-eef37fea0b344d42-00",
        "User-Agent": "azsdk-net-Security.KeyVault.Keys/4.6.0-alpha.20240209.1 (.NET 7.0.15; Microsoft Windows 10.0.22631)",
        "x-ms-client-request-id": "26132b35f4c21d5adab41878547661f0",
        "x-ms-return-client-request-id": "true"
      },
      "RequestBody": {
        "alg": "A256GCM",
        "value": "MjJJgTnf4KXHXUrd-NE99gfS_J1UVgHGbhtCjDtDYO8",
        "iv": "6-EtxZ6In9XZIe88",
        "tag": "TGpoFQ3gw_uHOyynMNVnzA"
      },
      "StatusCode": 200,
      "ResponseHeaders": {
        "Cache-Control": "no-cache",
        "Content-Length": "178",
        "Content-Security-Policy": "default-src \u0027self\u0027",
        "Content-Type": "application/json; charset=utf-8",
        "Strict-Transport-Security": "max-age=31536000; includeSubDomains",
        "X-Content-Type-Options": "nosniff",
        "X-Frame-Options": "SAMEORIGIN",
        "x-ms-keyvault-network-info": "conn_type=Ipv4;addr=24.16.18.89;act_addr_fam=Ipv4;",
        "x-ms-keyvault-region": "francecentral",
        "x-ms-request-id": "4e680be0-c7cd-11ee-9c06-0022483a2d18",
        "x-ms-server-latency": "1"
      },
      "ResponseBody": {
        "alg": "A256GCM",
        "kid": "https://tcac7e9c41ef52cechsm.managedhsm.azure.net/keys/1946162974/5ad5a58311050c9c06b37d29e84ac0d6",
        "value": "ohxMsf-5L2JdI2mA6ud1N6cHjVHQhEKYmIdkuABsSKk"
      }
    }
  ],
  "Variables": {
    "AZURE_MANAGEDHSM_URL": "https://tcac7e9c41ef52cechsm.managedhsm.azure.net/",
    "RandomSeed": "344180537"
  }
}
