{
  "Entries": [
    {
      "RequestUri": "https://tcac7e9c41ef52cechsm.managedhsm.azure.net/keys/55833980?api-version=7.5-preview.1",
      "RequestMethod": "PUT",
      "RequestHeaders": {
        "Accept": "application/json",
        "Content-Length": "0",
        "traceparent": "00-2ea4080e86f83f12c328a8289d34a85f-9d01d070299cdf3e-00",
        "User-Agent": "azsdk-net-Security.KeyVault.Keys/4.6.0-alpha.20230825.1 (.NET 7.0.10; Microsoft Windows 10.0.22621)",
        "x-ms-client-request-id": "af892a30fa39e21b9d332cfc8a3d49ff",
        "x-ms-return-client-request-id": "true"
      },
      "RequestBody": null,
      "StatusCode": 401,
      "ResponseHeaders": {
        "Cache-Control": "no-cache",
        "Content-Length": "0",
        "Content-Security-Policy": "default-src \u0027self\u0027",
        "Content-Type": "application/json; charset=utf-8",
        "Strict-Transport-Security": "max-age=31536000; includeSubDomains",
        "WWW-Authenticate": "Bearer authorization=\u0022https://login.microsoftonline.com/72f988bf-86f1-41af-91ab-2d7cd011db47\u0022, resource=\u0022https://managedhsm.azure.net\u0022",
        "X-Content-Type-Options": "nosniff",
        "X-Frame-Options": "SAMEORIGIN",
        "x-ms-request-id": "eb911540-439a-11ee-9a8f-6045bd6e6f36",
        "x-ms-server-latency": "1"
      },
      "ResponseBody": null
    },
    {
      "RequestUri": "https://tcac7e9c41ef52cechsm.managedhsm.azure.net/keys/55833980?api-version=7.5-preview.1",
      "RequestMethod": "PUT",
      "RequestHeaders": {
        "Accept": "application/json",
        "Authorization": "Sanitized",
        "Content-Length": "114",
        "Content-Type": "application/json",
        "traceparent": "00-2ea4080e86f83f12c328a8289d34a85f-9d01d070299cdf3e-00",
        "User-Agent": "azsdk-net-Security.KeyVault.Keys/4.6.0-alpha.20230825.1 (.NET 7.0.10; Microsoft Windows 10.0.22621)",
        "x-ms-client-request-id": "af892a30fa39e21b9d332cfc8a3d49ff",
        "x-ms-return-client-request-id": "true"
      },
      "RequestBody": {
        "key": {
          "kty": "oct",
          "key_ops": [
            "encrypt",
            "decrypt",
            "wrapKey",
            "unwrapKey"
          ],
          "k": "pBZVALPctDgu2eVdVrBgNQlZ2-cIIN8m"
        }
      },
      "StatusCode": 200,
      "ResponseHeaders": {
        "Cache-Control": "no-cache",
        "Content-Length": "345",
        "Content-Security-Policy": "default-src \u0027self\u0027",
        "Content-Type": "application/json; charset=utf-8",
        "Strict-Transport-Security": "max-age=31536000; includeSubDomains",
        "X-Content-Type-Options": "nosniff",
        "X-Frame-Options": "SAMEORIGIN",
        "x-ms-keyvault-network-info": "conn_type=Ipv4;addr=24.16.18.89;act_addr_fam=Ipv4;",
        "x-ms-keyvault-region": "francecentral",
        "x-ms-request-id": "ebc53de8-439a-11ee-9a8f-6045bd6e6f36",
        "x-ms-server-latency": "87"
      },
      "ResponseBody": {
        "attributes": {
          "created": 1693004315,
          "enabled": true,
          "exportable": false,
          "recoverableDays": 7,
          "recoveryLevel": "CustomizedRecoverable\u002BPurgeable",
          "updated": 1693004315
        },
        "key": {
          "key_ops": [
            "encrypt",
            "decrypt",
            "unwrapKey",
            "wrapKey"
          ],
          "kid": "https://tcac7e9c41ef52cechsm.managedhsm.azure.net/keys/55833980/cc04c85df35e0cc22ede7cf3ac5fa467",
          "kty": "oct-HSM"
        }
      }
    },
    {
      "RequestUri": "https://tcac7e9c41ef52cechsm.managedhsm.azure.net/keys/55833980/cc04c85df35e0cc22ede7cf3ac5fa467/encrypt?api-version=7.5-preview.1",
      "RequestMethod": "POST",
      "RequestHeaders": {
        "Accept": "application/json",
        "Authorization": "Sanitized",
        "Content-Length": "71",
        "Content-Type": "application/json",
        "traceparent": "00-153c406b607b66d29d667eff38b73544-455c4a0779467acb-00",
        "User-Agent": "azsdk-net-Security.KeyVault.Keys/4.6.0-alpha.20230825.1 (.NET 7.0.10; Microsoft Windows 10.0.22621)",
        "x-ms-client-request-id": "2965b0ec86c80a41e7d4f77c34f6bee8",
        "x-ms-return-client-request-id": "true"
      },
      "RequestBody": {
        "alg": "A192GCM",
        "value": "Ix7gmjomQ7W4vcYkI7Wms4c7oVOilwYurDFZOJSmSkU"
      },
      "StatusCode": 200,
      "ResponseHeaders": {
        "Cache-Control": "no-cache",
        "Content-Length": "231",
        "Content-Security-Policy": "default-src \u0027self\u0027",
        "Content-Type": "application/json; charset=utf-8",
        "Strict-Transport-Security": "max-age=31536000; includeSubDomains",
        "X-Content-Type-Options": "nosniff",
        "X-Frame-Options": "SAMEORIGIN",
        "x-ms-keyvault-network-info": "conn_type=Ipv4;addr=24.16.18.89;act_addr_fam=Ipv4;",
        "x-ms-keyvault-region": "francecentral",
        "x-ms-request-id": "ebed25d8-439a-11ee-9a8f-6045bd6e6f36",
        "x-ms-server-latency": "16"
      },
      "ResponseBody": {
        "alg": "A192GCM",
        "iv": "8EYePaj0bJeGDTOv",
        "kid": "https://tcac7e9c41ef52cechsm.managedhsm.azure.net/keys/55833980/cc04c85df35e0cc22ede7cf3ac5fa467",
        "tag": "Z1Vt2TcpTeryjDBATZ_kaA",
        "value": "KAQaPL5jjbJLV0OTv3zT7yns8WRrzaedeYu7hRm9QrI"
      }
    },
    {
      "RequestUri": "https://tcac7e9c41ef52cechsm.managedhsm.azure.net/keys/55833980/cc04c85df35e0cc22ede7cf3ac5fa467/decrypt?api-version=7.5-preview.1",
      "RequestMethod": "POST",
      "RequestHeaders": {
        "Accept": "application/json",
        "Authorization": "Sanitized",
        "Content-Length": "126",
        "Content-Type": "application/json",
        "traceparent": "00-23014e9e3b54b187f468712cc808452a-37b313957fa5b071-00",
        "User-Agent": "azsdk-net-Security.KeyVault.Keys/4.6.0-alpha.20230825.1 (.NET 7.0.10; Microsoft Windows 10.0.22621)",
        "x-ms-client-request-id": "4f75798cf59b8c5d18b2ed08cc0b2011",
        "x-ms-return-client-request-id": "true"
      },
      "RequestBody": {
        "alg": "A192GCM",
        "value": "KAQaPL5jjbJLV0OTv3zT7yns8WRrzaedeYu7hRm9QrI",
        "iv": "8EYePaj0bJeGDTOv",
        "tag": "Z1Vt2TcpTeryjDBATZ_kaA"
      },
      "StatusCode": 200,
      "ResponseHeaders": {
        "Cache-Control": "no-cache",
        "Content-Length": "176",
        "Content-Security-Policy": "default-src \u0027self\u0027",
        "Content-Type": "application/json; charset=utf-8",
        "Strict-Transport-Security": "max-age=31536000; includeSubDomains",
        "X-Content-Type-Options": "nosniff",
        "X-Frame-Options": "SAMEORIGIN",
        "x-ms-keyvault-network-info": "conn_type=Ipv4;addr=24.16.18.89;act_addr_fam=Ipv4;",
        "x-ms-keyvault-region": "francecentral",
        "x-ms-request-id": "ec081348-439a-11ee-9a8f-6045bd6e6f36",
        "x-ms-server-latency": "1"
      },
      "ResponseBody": {
        "alg": "A192GCM",
        "kid": "https://tcac7e9c41ef52cechsm.managedhsm.azure.net/keys/55833980/cc04c85df35e0cc22ede7cf3ac5fa467",
        "value": "Ix7gmjomQ7W4vcYkI7Wms4c7oVOilwYurDFZOJSmSkU"
      }
    }
  ],
  "Variables": {
    "AZURE_AUTHORITY_HOST": "https://login.microsoftonline.com",
    "AZURE_MANAGEDHSM_URL": "https://tcac7e9c41ef52cechsm.managedhsm.azure.net/",
    "RandomSeed": "183638533"
  }
}
