{
  "Entries": [
    {
      "RequestUri": "https://tcac7e9c41ef52cechsm.managedhsm.azure.net/keys/1136787923/create?api-version=7.5",
      "RequestMethod": "POST",
      "RequestHeaders": {
        "Accept": "application/json",
        "Content-Length": "0",
        "traceparent": "00-05d63ad6e5f239333e2f6d5f730ac7f9-0f74d59143ac8a94-00",
        "User-Agent": "azsdk-net-Security.KeyVault.Keys/4.6.0-alpha.20240209.1 (.NET 7.0.15; Microsoft Windows 10.0.22631)",
        "x-ms-client-request-id": "1652d9f2dec549851642eac9effcd261",
        "x-ms-return-client-request-id": "true"
      },
      "RequestBody": null,
      "StatusCode": 401,
      "ResponseHeaders": {
        "Cache-Control": "no-cache",
        "Content-Length": "0",
        "Content-Security-Policy": "default-src \u0027self\u0027",
        "Content-Type": "application/json; charset=utf-8",
        "Strict-Transport-Security": "max-age=31536000; includeSubDomains",
        "WWW-Authenticate": "Bearer authorization=\u0022https://login.microsoftonline.com/72f988bf-86f1-41af-91ab-2d7cd011db47\u0022, resource=\u0022https://managedhsm.azure.net\u0022",
        "X-Content-Type-Options": "nosniff",
        "X-Frame-Options": "SAMEORIGIN",
        "x-ms-request-id": "501a7234-c7cd-11ee-9c06-0022483a2d18",
        "x-ms-server-latency": "1"
      },
      "ResponseBody": null
    },
    {
      "RequestUri": "https://tcac7e9c41ef52cechsm.managedhsm.azure.net/keys/1136787923/create?api-version=7.5",
      "RequestMethod": "POST",
      "RequestHeaders": {
        "Accept": "application/json",
        "Authorization": "Sanitized",
        "Content-Length": "28",
        "Content-Type": "application/json",
        "traceparent": "00-05d63ad6e5f239333e2f6d5f730ac7f9-0f74d59143ac8a94-00",
        "User-Agent": "azsdk-net-Security.KeyVault.Keys/4.6.0-alpha.20240209.1 (.NET 7.0.15; Microsoft Windows 10.0.22631)",
        "x-ms-client-request-id": "1652d9f2dec549851642eac9effcd261",
        "x-ms-return-client-request-id": "true"
      },
      "RequestBody": {
        "kty": "oct",
        "key_size": 256
      },
      "StatusCode": 200,
      "ResponseHeaders": {
        "Cache-Control": "no-cache",
        "Content-Length": "375",
        "Content-Security-Policy": "default-src \u0027self\u0027",
        "Content-Type": "application/json; charset=utf-8",
        "Strict-Transport-Security": "max-age=31536000; includeSubDomains",
        "X-Content-Type-Options": "nosniff",
        "X-Frame-Options": "SAMEORIGIN",
        "x-ms-keyvault-network-info": "conn_type=Ipv4;addr=24.16.18.89;act_addr_fam=Ipv4;",
        "x-ms-keyvault-region": "francecentral",
        "x-ms-request-id": "504b4968-c7cd-11ee-9c06-0022483a2d18",
        "x-ms-server-latency": "108"
      },
      "ResponseBody": {
        "attributes": {
          "created": 1707539512,
          "enabled": true,
          "exportable": false,
          "recoverableDays": 7,
          "recoveryLevel": "CustomizedRecoverable\u002BPurgeable",
          "updated": 1707539512
        },
        "key": {
          "key_ops": [
            "deriveKey",
            "wrapKey",
            "verify",
            "sign",
            "unwrapKey",
            "encrypt",
            "decrypt"
          ],
          "kid": "https://tcac7e9c41ef52cechsm.managedhsm.azure.net/keys/1136787923/512400e44c6644d21c3fb81b8481eda6",
          "kty": "oct-HSM"
        }
      }
    },
    {
      "RequestUri": "https://tcac7e9c41ef52cechsm.managedhsm.azure.net/keys/1136787923/512400e44c6644d21c3fb81b8481eda6/wrapKey?api-version=7.5",
      "RequestMethod": "POST",
      "RequestHeaders": {
        "Accept": "application/json",
        "Authorization": "Sanitized",
        "Content-Length": "70",
        "Content-Type": "application/json",
        "traceparent": "00-adf1d374cdab5b229c7ce09c90b63155-1132d2ced3243844-00",
        "User-Agent": "azsdk-net-Security.KeyVault.Keys/4.6.0-alpha.20240209.1 (.NET 7.0.15; Microsoft Windows 10.0.22631)",
        "x-ms-client-request-id": "149ef3d7a816b1283b3d098c7940d331",
        "x-ms-return-client-request-id": "true"
      },
      "RequestBody": {
        "alg": "A256KW",
        "value": "SCbujapBnRQNOGRFdeXXNHqJdaM8BZ0AvN4d55x7Epk"
      },
      "StatusCode": 200,
      "ResponseHeaders": {
        "Cache-Control": "no-cache",
        "Content-Length": "188",
        "Content-Security-Policy": "default-src \u0027self\u0027",
        "Content-Type": "application/json; charset=utf-8",
        "Strict-Transport-Security": "max-age=31536000; includeSubDomains",
        "X-Content-Type-Options": "nosniff",
        "X-Frame-Options": "SAMEORIGIN",
        "x-ms-keyvault-network-info": "conn_type=Ipv4;addr=24.16.18.89;act_addr_fam=Ipv4;",
        "x-ms-keyvault-region": "francecentral",
        "x-ms-request-id": "50764000-c7cd-11ee-9c06-0022483a2d18",
        "x-ms-server-latency": "9"
      },
      "ResponseBody": {
        "alg": "A256KW",
        "kid": "https://tcac7e9c41ef52cechsm.managedhsm.azure.net/keys/1136787923/512400e44c6644d21c3fb81b8481eda6",
        "value": "0BqMeUTDUiC7Y8Gqkmn6_92SsVTVFORPtwLsd9ws3Hgk7kJ3TL0_bQ"
      }
    },
    {
      "RequestUri": "https://tcac7e9c41ef52cechsm.managedhsm.azure.net/keys/1136787923/512400e44c6644d21c3fb81b8481eda6/unwrapKey?api-version=7.5",
      "RequestMethod": "POST",
      "RequestHeaders": {
        "Accept": "application/json",
        "Authorization": "Sanitized",
        "Content-Length": "81",
        "Content-Type": "application/json",
        "traceparent": "00-72d72bf3372032b9260df5f69f8b45b6-53d2f5bab77a432a-00",
        "User-Agent": "azsdk-net-Security.KeyVault.Keys/4.6.0-alpha.20240209.1 (.NET 7.0.15; Microsoft Windows 10.0.22631)",
        "x-ms-client-request-id": "654fb66a2e86422489edd1cb23b67892",
        "x-ms-return-client-request-id": "true"
      },
      "RequestBody": {
        "alg": "A256KW",
        "value": "0BqMeUTDUiC7Y8Gqkmn6_92SsVTVFORPtwLsd9ws3Hgk7kJ3TL0_bQ"
      },
      "StatusCode": 200,
      "ResponseHeaders": {
        "Cache-Control": "no-cache",
        "Content-Length": "177",
        "Content-Security-Policy": "default-src \u0027self\u0027",
        "Content-Type": "application/json; charset=utf-8",
        "Strict-Transport-Security": "max-age=31536000; includeSubDomains",
        "X-Content-Type-Options": "nosniff",
        "X-Frame-Options": "SAMEORIGIN",
        "x-ms-keyvault-network-info": "conn_type=Ipv4;addr=24.16.18.89;act_addr_fam=Ipv4;",
        "x-ms-keyvault-region": "francecentral",
        "x-ms-request-id": "5090e7a2-c7cd-11ee-9c06-0022483a2d18",
        "x-ms-server-latency": "0"
      },
      "ResponseBody": {
        "alg": "A256KW",
        "kid": "https://tcac7e9c41ef52cechsm.managedhsm.azure.net/keys/1136787923/512400e44c6644d21c3fb81b8481eda6",
        "value": "SCbujapBnRQNOGRFdeXXNHqJdaM8BZ0AvN4d55x7Epk"
      }
    }
  ],
  "Variables": {
    "AZURE_MANAGEDHSM_URL": "https://tcac7e9c41ef52cechsm.managedhsm.azure.net/",
    "RandomSeed": "2055394895"
  }
}
