{
  "Entries": [
    {
      "RequestUri": "https://tcac7e9c41ef52cechsm.managedhsm.azure.net/keys/1298143813/create?api-version=7.5",
      "RequestMethod": "POST",
      "RequestHeaders": {
        "Accept": "application/json",
        "Content-Length": "0",
        "traceparent": "00-8731ae42be12938a3fe868b7383611b4-48b94f19254ebe06-00",
        "User-Agent": "azsdk-net-Security.KeyVault.Keys/4.6.0-alpha.20240209.1 (.NET 7.0.15; Microsoft Windows 10.0.22631)",
        "x-ms-client-request-id": "5282d516d603e853c4627c2c0b486750",
        "x-ms-return-client-request-id": "true"
      },
      "RequestBody": null,
      "StatusCode": 401,
      "ResponseHeaders": {
        "Cache-Control": "no-cache",
        "Content-Length": "0",
        "Content-Security-Policy": "default-src \u0027self\u0027",
        "Content-Type": "application/json; charset=utf-8",
        "Strict-Transport-Security": "max-age=31536000; includeSubDomains",
        "WWW-Authenticate": "Bearer authorization=\u0022https://login.microsoftonline.com/72f988bf-86f1-41af-91ab-2d7cd011db47\u0022, resource=\u0022https://managedhsm.azure.net\u0022",
        "X-Content-Type-Options": "nosniff",
        "X-Frame-Options": "SAMEORIGIN",
        "x-ms-request-id": "967c04cc-c7cd-11ee-9c06-0022483a2d18",
        "x-ms-server-latency": "0"
      },
      "ResponseBody": null
    },
    {
      "RequestUri": "https://tcac7e9c41ef52cechsm.managedhsm.azure.net/keys/1298143813/create?api-version=7.5",
      "RequestMethod": "POST",
      "RequestHeaders": {
        "Accept": "application/json",
        "Authorization": "Sanitized",
        "Content-Length": "13",
        "Content-Type": "application/json",
        "traceparent": "00-8731ae42be12938a3fe868b7383611b4-48b94f19254ebe06-00",
        "User-Agent": "azsdk-net-Security.KeyVault.Keys/4.6.0-alpha.20240209.1 (.NET 7.0.15; Microsoft Windows 10.0.22631)",
        "x-ms-client-request-id": "5282d516d603e853c4627c2c0b486750",
        "x-ms-return-client-request-id": "true"
      },
      "RequestBody": {
        "kty": "RSA"
      },
      "StatusCode": 200,
      "ResponseHeaders": {
        "Cache-Control": "no-cache",
        "Content-Length": "723",
        "Content-Security-Policy": "default-src \u0027self\u0027",
        "Content-Type": "application/json; charset=utf-8",
        "Strict-Transport-Security": "max-age=31536000; includeSubDomains",
        "X-Content-Type-Options": "nosniff",
        "X-Frame-Options": "SAMEORIGIN",
        "x-ms-keyvault-network-info": "conn_type=Ipv4;addr=24.16.18.89;act_addr_fam=Ipv4;",
        "x-ms-keyvault-region": "francecentral",
        "x-ms-request-id": "96adb33c-c7cd-11ee-9c06-0022483a2d18",
        "x-ms-server-latency": "151"
      },
      "ResponseBody": {
        "attributes": {
          "created": 1707539630,
          "enabled": true,
          "exportable": false,
          "recoverableDays": 7,
          "recoveryLevel": "CustomizedRecoverable\u002BPurgeable",
          "updated": 1707539630
        },
        "key": {
          "e": "AQAB",
          "key_ops": [
            "wrapKey",
            "decrypt",
            "encrypt",
            "unwrapKey",
            "sign",
            "verify"
          ],
          "kid": "https://tcac7e9c41ef52cechsm.managedhsm.azure.net/keys/1298143813/42f8727a729f46658b3f2619cf503dfa",
          "kty": "RSA-HSM",
          "n": "j7LaYBA0YQ3zjMxqmk5FKgJc_MW6S2L5eVSt8igjK0riJGNWyb8DG7VEO9MyztpAlElsLXtlq2EZUA49BNJWJoO6IZqnGKMTvoFbDgxafN_-L78A2EEL7cbeXvH9hoH095twYvGGex6TTOg7XACUBV1LzoxQoqJ13T3ek3J23QWTLoQtHBgZpJFkVgAzqgP7aSy-n_eJv4VTk-PZOs481pZ7TkCBYNBQgayEJva0r-UsRUWq1xRk-gzvoYP_BbROIjbMQvlc6ox0mACMgKgVxT007Onb-thGJNdozfLMgxGFjWRK_4YJ3nk0myfgFTb9teb3ByEShmjLvXAIO2Sz7Q"
        }
      }
    },
    {
      "RequestUri": "https://tcac7e9c41ef52cechsm.managedhsm.azure.net/keys/1298143813/42f8727a729f46658b3f2619cf503dfa?api-version=7.5",
      "RequestMethod": "GET",
      "RequestHeaders": {
        "Accept": "application/json",
        "Authorization": "Sanitized",
        "traceparent": "00-d4b57f952514f66866ea118c2b846007-b3d91ae167ebe674-00",
        "User-Agent": "azsdk-net-Security.KeyVault.Keys/4.6.0-alpha.20240209.1 (.NET 7.0.15; Microsoft Windows 10.0.22631)",
        "x-ms-client-request-id": "effff65f5ecca7e4821cbfa96a2c9aeb",
        "x-ms-return-client-request-id": "true"
      },
      "RequestBody": null,
      "StatusCode": 200,
      "ResponseHeaders": {
        "Cache-Control": "no-cache",
        "Content-Length": "723",
        "Content-Security-Policy": "default-src \u0027self\u0027",
        "Content-Type": "application/json; charset=utf-8",
        "Strict-Transport-Security": "max-age=31536000; includeSubDomains",
        "X-Content-Type-Options": "nosniff",
        "X-Frame-Options": "SAMEORIGIN",
        "x-ms-build-version": "1.0.20240118-4-86344c01-develop",
        "x-ms-keyvault-network-info": "conn_type=Ipv4;addr=24.16.18.89;act_addr_fam=Ipv4;",
        "x-ms-keyvault-region": "francecentral",
        "x-ms-request-id": "96dffd42-c7cd-11ee-9c06-0022483a2d18",
        "x-ms-server-latency": "11"
      },
      "ResponseBody": {
        "attributes": {
          "created": 1707539630,
          "enabled": true,
          "exportable": false,
          "recoverableDays": 7,
          "recoveryLevel": "CustomizedRecoverable\u002BPurgeable",
          "updated": 1707539630
        },
        "key": {
          "e": "AQAB",
          "key_ops": [
            "wrapKey",
            "verify",
            "sign",
            "unwrapKey",
            "encrypt",
            "decrypt"
          ],
          "kid": "https://tcac7e9c41ef52cechsm.managedhsm.azure.net/keys/1298143813/42f8727a729f46658b3f2619cf503dfa",
          "kty": "RSA-HSM",
          "n": "j7LaYBA0YQ3zjMxqmk5FKgJc_MW6S2L5eVSt8igjK0riJGNWyb8DG7VEO9MyztpAlElsLXtlq2EZUA49BNJWJoO6IZqnGKMTvoFbDgxafN_-L78A2EEL7cbeXvH9hoH095twYvGGex6TTOg7XACUBV1LzoxQoqJ13T3ek3J23QWTLoQtHBgZpJFkVgAzqgP7aSy-n_eJv4VTk-PZOs481pZ7TkCBYNBQgayEJva0r-UsRUWq1xRk-gzvoYP_BbROIjbMQvlc6ox0mACMgKgVxT007Onb-thGJNdozfLMgxGFjWRK_4YJ3nk0myfgFTb9teb3ByEShmjLvXAIO2Sz7Q"
        }
      }
    },
    {
      "RequestUri": "https://tcac7e9c41ef52cechsm.managedhsm.azure.net/keys/1298143813/42f8727a729f46658b3f2619cf503dfa/sign?api-version=7.5",
      "RequestMethod": "POST",
      "RequestHeaders": {
        "Accept": "application/json",
        "Authorization": "Sanitized",
        "Content-Length": "69",
        "Content-Type": "application/json",
        "User-Agent": "azsdk-net-Security.KeyVault.Keys/4.6.0-alpha.20240209.1 (.NET 7.0.15; Microsoft Windows 10.0.22631)",
        "x-ms-client-request-id": "8fc6702835e7cd1e8a20c66f41d5e06d",
        "x-ms-return-client-request-id": "true"
      },
      "RequestBody": {
        "alg": "PS256",
        "value": "YPMYCWi4F5iB0VeftRDvoh3NWmgJncjBwLa45jptbxA"
      },
      "StatusCode": 200,
      "ResponseHeaders": {
        "Cache-Control": "no-cache",
        "Content-Length": "475",
        "Content-Security-Policy": "default-src \u0027self\u0027",
        "Content-Type": "application/json; charset=utf-8",
        "Strict-Transport-Security": "max-age=31536000; includeSubDomains",
        "X-Content-Type-Options": "nosniff",
        "X-Frame-Options": "SAMEORIGIN",
        "x-ms-keyvault-network-info": "conn_type=Ipv4;addr=24.16.18.89;act_addr_fam=Ipv4;",
        "x-ms-keyvault-region": "francecentral",
        "x-ms-request-id": "96fcba72-c7cd-11ee-9c06-0022483a2d18",
        "x-ms-server-latency": "2"
      },
      "ResponseBody": {
        "alg": "PS256",
        "kid": "https://tcac7e9c41ef52cechsm.managedhsm.azure.net/keys/1298143813/42f8727a729f46658b3f2619cf503dfa",
        "value": "YjZinMxWod8PHJef06A5ZrS7jn5flZq27Y9dx3IC_VHsDkUxrmvnDDo0N626mfLk50iGKJRbNvvAP9rbtN_VsmvCt3mwylcucOPpMYJeTTP9gUtkKFokqwzJ7vXSCcBtkwIa-u1lTB9sKjc68tavOYdKaRLExGpDcKE063ht5VqIhUmwaCtFeneaNm3w1pnW937_8CjZ5SqdpkAumEYoaoePjzjM5CHjNL3y2teETROIZ-J1wKsPbWnjIyBKSCjOEhtdy1tKfkTT8W85Lqa8UxTIPo3hwufDYLJjJAIpWWws53qGtrlMhqsHzPz5Cju30sFcHxIYixc3Q7TICDfegw"
      }
    }
  ],
  "Variables": {
    "AZURE_MANAGEDHSM_URL": "https://tcac7e9c41ef52cechsm.managedhsm.azure.net/",
    "RandomSeed": "1039455197"
  }
}
