{
  "Entries": [
    {
      "RequestUri": "https://tcac7e9c41ef52cechsm.managedhsm.azure.net/keys/1619650881?api-version=7.5",
      "RequestMethod": "PUT",
      "RequestHeaders": {
        "Accept": "application/json",
        "Content-Length": "0",
        "traceparent": "00-1f27877754aaf94b3c2688415a8fcdda-f07d1c957f3c9987-00",
        "User-Agent": "azsdk-net-Security.KeyVault.Keys/4.6.0-alpha.20240209.1 (.NET 7.0.15; Microsoft Windows 10.0.22631)",
        "x-ms-client-request-id": "1ba36502f6878b3a5aa4ebe0435f89a9",
        "x-ms-return-client-request-id": "true"
      },
      "RequestBody": null,
      "StatusCode": 401,
      "ResponseHeaders": {
        "Cache-Control": "no-cache",
        "Content-Length": "0",
        "Content-Security-Policy": "default-src \u0027self\u0027",
        "Content-Type": "application/json; charset=utf-8",
        "Strict-Transport-Security": "max-age=31536000; includeSubDomains",
        "WWW-Authenticate": "Bearer authorization=\u0022https://login.microsoftonline.com/72f988bf-86f1-41af-91ab-2d7cd011db47\u0022, resource=\u0022https://managedhsm.azure.net\u0022",
        "X-Content-Type-Options": "nosniff",
        "X-Frame-Options": "SAMEORIGIN",
        "x-ms-request-id": "588d8e60-c7cd-11ee-9c06-0022483a2d18",
        "x-ms-server-latency": "1"
      },
      "ResponseBody": null
    },
    {
      "RequestUri": "https://tcac7e9c41ef52cechsm.managedhsm.azure.net/keys/1619650881?api-version=7.5",
      "RequestMethod": "PUT",
      "RequestHeaders": {
        "Accept": "application/json",
        "Authorization": "Sanitized",
        "Content-Length": "104",
        "Content-Type": "application/json",
        "traceparent": "00-1f27877754aaf94b3c2688415a8fcdda-f07d1c957f3c9987-00",
        "User-Agent": "azsdk-net-Security.KeyVault.Keys/4.6.0-alpha.20240209.1 (.NET 7.0.15; Microsoft Windows 10.0.22631)",
        "x-ms-client-request-id": "1ba36502f6878b3a5aa4ebe0435f89a9",
        "x-ms-return-client-request-id": "true"
      },
      "RequestBody": {
        "key": {
          "kty": "oct",
          "key_ops": [
            "encrypt",
            "decrypt",
            "wrapKey",
            "unwrapKey"
          ],
          "k": "pBZVALPctDgu2eVdVrBgNQ"
        }
      },
      "StatusCode": 200,
      "ResponseHeaders": {
        "Cache-Control": "no-cache",
        "Content-Length": "347",
        "Content-Security-Policy": "default-src \u0027self\u0027",
        "Content-Type": "application/json; charset=utf-8",
        "Strict-Transport-Security": "max-age=31536000; includeSubDomains",
        "X-Content-Type-Options": "nosniff",
        "X-Frame-Options": "SAMEORIGIN",
        "x-ms-keyvault-network-info": "conn_type=Ipv4;addr=24.16.18.89;act_addr_fam=Ipv4;",
        "x-ms-keyvault-region": "francecentral",
        "x-ms-request-id": "58bbe170-c7cd-11ee-9c06-0022483a2d18",
        "x-ms-server-latency": "102"
      },
      "ResponseBody": {
        "attributes": {
          "created": 1707539526,
          "enabled": true,
          "exportable": false,
          "recoverableDays": 7,
          "recoveryLevel": "CustomizedRecoverable\u002BPurgeable",
          "updated": 1707539526
        },
        "key": {
          "key_ops": [
            "encrypt",
            "decrypt",
            "unwrapKey",
            "wrapKey"
          ],
          "kid": "https://tcac7e9c41ef52cechsm.managedhsm.azure.net/keys/1619650881/a2119f3955f10578039239d26211f7f8",
          "kty": "oct-HSM"
        }
      }
    },
    {
      "RequestUri": "https://tcac7e9c41ef52cechsm.managedhsm.azure.net/keys/1619650881/a2119f3955f10578039239d26211f7f8/decrypt?api-version=7.5",
      "RequestMethod": "POST",
      "RequestHeaders": {
        "Accept": "application/json",
        "Authorization": "Sanitized",
        "Content-Length": "101",
        "Content-Type": "application/json",
        "traceparent": "00-72d6f2a0b434dfa1644cac3409c030e0-ecb9aaa234378c67-00",
        "User-Agent": "azsdk-net-Security.KeyVault.Keys/4.6.0-alpha.20240209.1 (.NET 7.0.15; Microsoft Windows 10.0.22631)",
        "x-ms-client-request-id": "6412d4f9e7f9acfb87af058d2fc33eae",
        "x-ms-return-client-request-id": "true"
      },
      "RequestBody": {
        "alg": "A128CBC",
        "value": "9DqFlBtEz-4vc-i2oMNaN7EuPhmicKGDSr3HGTCEPfU",
        "iv": "pnixxFnpfkJ54DSwoqByow"
      },
      "StatusCode": 200,
      "ResponseHeaders": {
        "Cache-Control": "no-cache",
        "Content-Length": "178",
        "Content-Security-Policy": "default-src \u0027self\u0027",
        "Content-Type": "application/json; charset=utf-8",
        "Strict-Transport-Security": "max-age=31536000; includeSubDomains",
        "X-Content-Type-Options": "nosniff",
        "X-Frame-Options": "SAMEORIGIN",
        "x-ms-keyvault-network-info": "conn_type=Ipv4;addr=24.16.18.89;act_addr_fam=Ipv4;",
        "x-ms-keyvault-region": "francecentral",
        "x-ms-request-id": "58e67764-c7cd-11ee-9c06-0022483a2d18",
        "x-ms-server-latency": "9"
      },
      "ResponseBody": {
        "alg": "A128CBC",
        "kid": "https://tcac7e9c41ef52cechsm.managedhsm.azure.net/keys/1619650881/a2119f3955f10578039239d26211f7f8",
        "value": "sY2Ei8K_7MPm11SZGberFs7eZqGtBQbVhTWPKIU4j_g"
      }
    }
  ],
  "Variables": {
    "AZURE_MANAGEDHSM_URL": "https://tcac7e9c41ef52cechsm.managedhsm.azure.net/",
    "RandomSeed": "838101124"
  }
}
