{
  "Entries": [
    {
      "RequestUri": "https://tcac7e9c41ef52cechsm.managedhsm.azure.net/keys/1899401679/create?api-version=7.5-preview.1",
      "RequestMethod": "POST",
      "RequestHeaders": {
        "Accept": "application/json",
        "Content-Length": "0",
        "traceparent": "00-54a3c7c089daed3cc959184fcbfc19fb-1404ae2aa1f8e0eb-00",
        "User-Agent": "azsdk-net-Security.KeyVault.Keys/4.6.0-alpha.20230825.1 (.NET 7.0.10; Microsoft Windows 10.0.22621)",
        "x-ms-client-request-id": "907ddb1e8020ec23ab236b47bcc5dffa",
        "x-ms-return-client-request-id": "true"
      },
      "RequestBody": null,
      "StatusCode": 401,
      "ResponseHeaders": {
        "Cache-Control": "no-cache",
        "Content-Length": "0",
        "Content-Security-Policy": "default-src \u0027self\u0027",
        "Content-Type": "application/json; charset=utf-8",
        "Strict-Transport-Security": "max-age=31536000; includeSubDomains",
        "WWW-Authenticate": "Bearer authorization=\u0022https://login.microsoftonline.com/72f988bf-86f1-41af-91ab-2d7cd011db47\u0022, resource=\u0022https://managedhsm.azure.net\u0022",
        "X-Content-Type-Options": "nosniff",
        "X-Frame-Options": "SAMEORIGIN",
        "x-ms-request-id": "39932850-439b-11ee-9a8f-6045bd6e6f36",
        "x-ms-server-latency": "1"
      },
      "ResponseBody": null
    },
    {
      "RequestUri": "https://tcac7e9c41ef52cechsm.managedhsm.azure.net/keys/1899401679/create?api-version=7.5-preview.1",
      "RequestMethod": "POST",
      "RequestHeaders": {
        "Accept": "application/json",
        "Authorization": "Sanitized",
        "Content-Length": "13",
        "Content-Type": "application/json",
        "traceparent": "00-54a3c7c089daed3cc959184fcbfc19fb-1404ae2aa1f8e0eb-00",
        "User-Agent": "azsdk-net-Security.KeyVault.Keys/4.6.0-alpha.20230825.1 (.NET 7.0.10; Microsoft Windows 10.0.22621)",
        "x-ms-client-request-id": "907ddb1e8020ec23ab236b47bcc5dffa",
        "x-ms-return-client-request-id": "true"
      },
      "RequestBody": {
        "kty": "RSA"
      },
      "StatusCode": 200,
      "ResponseHeaders": {
        "Cache-Control": "no-cache",
        "Content-Length": "723",
        "Content-Security-Policy": "default-src \u0027self\u0027",
        "Content-Type": "application/json; charset=utf-8",
        "Strict-Transport-Security": "max-age=31536000; includeSubDomains",
        "X-Content-Type-Options": "nosniff",
        "X-Frame-Options": "SAMEORIGIN",
        "x-ms-keyvault-network-info": "conn_type=Ipv4;addr=24.16.18.89;act_addr_fam=Ipv4;",
        "x-ms-keyvault-region": "francecentral",
        "x-ms-request-id": "39c1a27a-439b-11ee-9a8f-6045bd6e6f36",
        "x-ms-server-latency": "128"
      },
      "ResponseBody": {
        "attributes": {
          "created": 1693004446,
          "enabled": true,
          "exportable": false,
          "recoverableDays": 7,
          "recoveryLevel": "CustomizedRecoverable\u002BPurgeable",
          "updated": 1693004446
        },
        "key": {
          "e": "AQAB",
          "key_ops": [
            "wrapKey",
            "decrypt",
            "encrypt",
            "unwrapKey",
            "sign",
            "verify"
          ],
          "kid": "https://tcac7e9c41ef52cechsm.managedhsm.azure.net/keys/1899401679/f9a917e2b28a4848894b9194d53af823",
          "kty": "RSA-HSM",
          "n": "jRpovOL-RxSsT1N6awMjiPN9qRRmGFSXPzPceIkJf2L-a89B6_WMBkAlwjiI-SIOKp5xUojZIcD-BqYk86ZO16gTU-yUtc7Yol1tdEVKu2nNNl0y0l8AQLT-_TCzecA7YUHxAfQYoX87Y5xHy--eefIPSD-EucTN12OtSa68HcNcdj8kLjVkdqOtnfyDAu_wyHDziRZn6HDX3eDsfJMoBcmDwXiqWP0R4RjWNkyBVIYlC-sxfgfm9EPZi0qM_DWva5zLyzUQgUE12seVYSaji3d60O9CSkSQELDYg5Fm-kmbuXzRV8mmKGRDj3iffufM3-cZffeSbzJ_Rvz7N_hmEw"
        }
      }
    },
    {
      "RequestUri": "https://tcac7e9c41ef52cechsm.managedhsm.azure.net/keys/1899401679/encrypt?api-version=7.5-preview.1",
      "RequestMethod": "POST",
      "RequestHeaders": {
        "Accept": "application/json",
        "Authorization": "Sanitized",
        "Content-Length": "65",
        "Content-Type": "application/json",
        "traceparent": "00-0bc70020e7cdc626841acdb53f183d87-2cee7edfb13556d5-00",
        "User-Agent": "azsdk-net-Security.KeyVault.Keys/4.6.0-alpha.20230825.1 (.NET 7.0.10; Microsoft Windows 10.0.22621)",
        "x-ms-client-request-id": "ac3a49e3f48027c511eaba2c80439351",
        "x-ms-return-client-request-id": "true"
      },
      "RequestBody": {
        "alg": "RSA-OAEP",
        "value": "QSBzaW5nbGUgYmxvY2sgb2YgcGxhaW50ZXh0"
      },
      "StatusCode": 200,
      "ResponseHeaders": {
        "Cache-Control": "no-cache",
        "Content-Length": "478",
        "Content-Security-Policy": "default-src \u0027self\u0027",
        "Content-Type": "application/json; charset=utf-8",
        "Strict-Transport-Security": "max-age=31536000; includeSubDomains",
        "X-Content-Type-Options": "nosniff",
        "X-Frame-Options": "SAMEORIGIN",
        "x-ms-keyvault-network-info": "conn_type=Ipv4;addr=24.16.18.89;act_addr_fam=Ipv4;",
        "x-ms-keyvault-region": "francecentral",
        "x-ms-request-id": "39f16d98-439b-11ee-9a8f-6045bd6e6f36",
        "x-ms-server-latency": "11"
      },
      "ResponseBody": {
        "alg": "RSA-OAEP",
        "kid": "https://tcac7e9c41ef52cechsm.managedhsm.azure.net/keys/1899401679/f9a917e2b28a4848894b9194d53af823",
        "value": "cfYdv2EiorvFqk0Kc3r1nYISvicD7UMV-xeYiDIX_ulfAdksaDeKYVqBfH7P4KqHHnTiOvzgeKIcpI7bgTKdj1VuHT8tbRLVPad7z8I1kB1CQW850vHgjaA-kdSFZRx4PeLAMh0gyw_CtEasjPUNEuDoHlJsjKACm9rpDEfYMba-t-P8Z8BYwcMsUgCm6ovlqb067bFaUTACbEkY6OAdsgf-5blvS0LSjX0gLU_M88Levdw0DKJT0WfSTNhZfaMo2RQDnIuWu-GqoVh-sAbDuBQS-xc3QHTtEzijbUn6wz56nMfqxs_cZz2OPaR2KgSTwWQ_IA-MhEyGLIdQK-yhFA"
      }
    }
  ],
  "Variables": {
    "AZURE_AUTHORITY_HOST": "https://login.microsoftonline.com",
    "AZURE_MANAGEDHSM_URL": "https://tcac7e9c41ef52cechsm.managedhsm.azure.net/",
    "RandomSeed": "1678605987"
  }
}
