{
  "Entries": [
    {
      "RequestUri": "https://t88ec35de3c1b15c8hsm.managedhsm.azure.net/keys/1907775756?api-version=7.6-preview.2",
      "RequestMethod": "PUT",
      "RequestHeaders": {
        "Accept": "application/json",
        "Content-Length": "0",
        "traceparent": "00-75d700ac78b1f35b39683e3a29d3901e-f52d9328ac91c710-00",
        "User-Agent": "azsdk-net-Security.KeyVault.Keys/4.8.0-alpha.20250403.1 (.NET Framework 4.8.9290.0; Microsoft Windows 10.0.26100 )",
        "x-ms-client-request-id": "Sanitized",
        "x-ms-return-client-request-id": "true"
      },
      "RequestBody": null,
      "StatusCode": 401,
      "ResponseHeaders": {
        "Cache-Control": "no-cache",
        "Content-Length": "0",
        "Content-Security-Policy": "default-src 'self'",
        "Content-Type": "application/json; charset=utf-8",
        "Strict-Transport-Security": "max-age=31536000; includeSubDomains",
        "WWW-Authenticate": "Bearer authorization=\"https://login.microsoftonline.com/70a036f6-8e4d-4615-bad6-149c02e7720d\", resource=\"https://managedhsm.azure.net\"",
        "X-Content-Type-Options": "nosniff",
        "X-Frame-Options": "SAMEORIGIN",
        "x-ms-request-id": "47cbcb08-10d0-11f0-829c-0022483f2cf5",
        "x-ms-server-latency": "0"
      },
      "ResponseBody": null
    },
    {
      "RequestUri": "https://t88ec35de3c1b15c8hsm.managedhsm.azure.net/keys/1907775756?api-version=7.6-preview.2",
      "RequestMethod": "PUT",
      "RequestHeaders": {
        "Accept": "application/json",
        "Authorization": "Sanitized",
        "Content-Length": "99",
        "Content-Type": "application/json",
        "traceparent": "00-75d700ac78b1f35b39683e3a29d3901e-f52d9328ac91c710-00",
        "User-Agent": "azsdk-net-Security.KeyVault.Keys/4.8.0-alpha.20250403.1 (.NET Framework 4.8.9290.0; Microsoft Windows 10.0.26100 )",
        "x-ms-client-request-id": "Sanitized",
        "x-ms-return-client-request-id": "true"
      },
      "RequestBody": {
        "key": {
          "kty": "oct",
          "key_ops": [
            "sign",
            "verify"
          ],
          "k": "pBZVALPctDgu2eVdVrBgNQlZ2-cIIN8mT0JDMENMD28"
        }
      },
      "StatusCode": 200,
      "ResponseHeaders": {
        "Cache-Control": "no-cache",
        "Content-Length": "321",
        "Content-Security-Policy": "default-src 'self'",
        "Content-Type": "application/json; charset=utf-8",
        "Strict-Transport-Security": "max-age=31536000; includeSubDomains",
        "X-Content-Type-Options": "nosniff",
        "X-Frame-Options": "SAMEORIGIN",
        "x-ms-keyvault-network-info": "conn_type=Ipv4;addr=167.220.2.206;act_addr_fam=Ipv4;",
        "x-ms-keyvault-region": "uksouth",
        "x-ms-request-id": "4c4e9584-10d0-11f0-829c-0022483f2cf5",
        "x-ms-server-latency": "47"
      },
      "ResponseBody": {
        "attributes": {
          "created": 1743714726,
          "enabled": true,
          "exportable": false,
          "recoverableDays": 7,
          "recoveryLevel": "CustomizedRecoverable+Purgeable",
          "updated": 1743714726
        },
        "key": {
          "key_ops": [
            "sign",
            "verify"
          ],
          "kid": "https://t88ec35de3c1b15c8hsm.managedhsm.azure.net/keys/1907775756/14c3213d1dab46649223802bc3555ecf",
          "kty": "oct-HSM"
        }
      }
    },
    {
      "RequestUri": "https://t88ec35de3c1b15c8hsm.managedhsm.azure.net/keys/1907775756/14c3213d1dab46649223802bc3555ecf/sign?api-version=7.6-preview.2",
      "RequestMethod": "POST",
      "RequestHeaders": {
        "Accept": "application/json",
        "Authorization": "Sanitized",
        "Content-Length": "69",
        "Content-Type": "application/json",
        "traceparent": "00-589d3921dbe1cab36122b74070475801-60091fed376ef00c-00",
        "User-Agent": "azsdk-net-Security.KeyVault.Keys/4.8.0-alpha.20250403.1 (.NET Framework 4.8.9290.0; Microsoft Windows 10.0.26100 )",
        "x-ms-client-request-id": "Sanitized",
        "x-ms-return-client-request-id": "true"
      },
      "RequestBody": {
        "alg": "HS256",
        "value": "b7jd_zYnfnTv2TYE8CIB_SiPHkkHCxx8wAuUy9sfq6g"
      },
      "StatusCode": 200,
      "ResponseHeaders": {
        "Cache-Control": "no-cache",
        "Content-Length": "176",
        "Content-Security-Policy": "default-src 'self'",
        "Content-Type": "application/json; charset=utf-8",
        "Strict-Transport-Security": "max-age=31536000; includeSubDomains",
        "X-Content-Type-Options": "nosniff",
        "X-Frame-Options": "SAMEORIGIN",
        "x-ms-keyvault-network-info": "conn_type=Ipv4;addr=167.220.2.206;act_addr_fam=Ipv4;",
        "x-ms-keyvault-region": "uksouth",
        "x-ms-request-id": "4d621950-10d0-11f0-829c-0022483f2cf5",
        "x-ms-server-latency": "10"
      },
      "ResponseBody": {
        "alg": "HS256",
        "kid": "https://t88ec35de3c1b15c8hsm.managedhsm.azure.net/keys/1907775756/14c3213d1dab46649223802bc3555ecf",
        "value": "NmAjQh0Dl9V8AzMaUf0k3eklHOaS7ps0_Mq3nlVoqkQ"
      }
    },
    {
      "RequestUri": "https://t88ec35de3c1b15c8hsm.managedhsm.azure.net/keys/1907775756/14c3213d1dab46649223802bc3555ecf/verify?api-version=7.6-preview.2",
      "RequestMethod": "POST",
      "RequestHeaders": {
        "Accept": "application/json",
        "Authorization": "Sanitized",
        "Content-Length": "124",
        "Content-Type": "application/json",
        "traceparent": "00-45cbdf1ef29053a1fdc5a6f44826d9c3-0ca4b41319c257f9-00",
        "User-Agent": "azsdk-net-Security.KeyVault.Keys/4.8.0-alpha.20250403.1 (.NET Framework 4.8.9290.0; Microsoft Windows 10.0.26100 )",
        "x-ms-client-request-id": "Sanitized",
        "x-ms-return-client-request-id": "true"
      },
      "RequestBody": {
        "alg": "HS256",
        "digest": "b7jd_zYnfnTv2TYE8CIB_SiPHkkHCxx8wAuUy9sfq6g",
        "value": "NmAjQh0Dl9V8AzMaUf0k3eklHOaS7ps0_Mq3nlVoqkQ"
      },
      "StatusCode": 200,
      "ResponseHeaders": {
        "Cache-Control": "no-cache",
        "Content-Length": "135",
        "Content-Security-Policy": "default-src 'self'",
        "Content-Type": "application/json; charset=utf-8",
        "Strict-Transport-Security": "max-age=31536000; includeSubDomains",
        "X-Content-Type-Options": "nosniff",
        "X-Frame-Options": "SAMEORIGIN",
        "x-ms-keyvault-network-info": "conn_type=Ipv4;addr=167.220.2.206;act_addr_fam=Ipv4;",
        "x-ms-keyvault-region": "uksouth",
        "x-ms-request-id": "4d7a8bca-10d0-11f0-829c-0022483f2cf5",
        "x-ms-server-latency": "0"
      },
      "ResponseBody": {
        "alg": "HS256",
        "kid": "https://t88ec35de3c1b15c8hsm.managedhsm.azure.net/keys/1907775756/14c3213d1dab46649223802bc3555ecf",
        "value": true
      }
    }
  ],
  "Variables": {
    "AZURE_MANAGEDHSM_URL": "https://t88ec35de3c1b15c8hsm.managedhsm.azure.net/",
    "RandomSeed": "392306484"
  }
}
