{
  "Entries": [
    {
      "RequestUri": "https://tcac7e9c41ef52cechsm.managedhsm.azure.net/keys/1653163945?api-version=7.5-preview.1",
      "RequestMethod": "PUT",
      "RequestHeaders": {
        "Accept": "application/json",
        "Content-Length": "0",
        "traceparent": "00-c126a7e8cbea7431c18671b9112630c0-6c4a91aa2346e5a7-00",
        "User-Agent": "azsdk-net-Security.KeyVault.Keys/4.6.0-alpha.20230825.1 (.NET 7.0.10; Microsoft Windows 10.0.22621)",
        "x-ms-client-request-id": "12eb5f27eb00ee555cc0c2b21fdc88fa",
        "x-ms-return-client-request-id": "true"
      },
      "RequestBody": null,
      "StatusCode": 401,
      "ResponseHeaders": {
        "Cache-Control": "no-cache",
        "Content-Length": "0",
        "Content-Security-Policy": "default-src \u0027self\u0027",
        "Content-Type": "application/json; charset=utf-8",
        "Strict-Transport-Security": "max-age=31536000; includeSubDomains",
        "WWW-Authenticate": "Bearer authorization=\u0022https://login.microsoftonline.com/72f988bf-86f1-41af-91ab-2d7cd011db47\u0022, resource=\u0022https://managedhsm.azure.net\u0022",
        "X-Content-Type-Options": "nosniff",
        "X-Frame-Options": "SAMEORIGIN",
        "x-ms-request-id": "fb3d87b2-439a-11ee-9a8f-6045bd6e6f36",
        "x-ms-server-latency": "0"
      },
      "ResponseBody": null
    },
    {
      "RequestUri": "https://tcac7e9c41ef52cechsm.managedhsm.azure.net/keys/1653163945?api-version=7.5-preview.1",
      "RequestMethod": "PUT",
      "RequestHeaders": {
        "Accept": "application/json",
        "Authorization": "Sanitized",
        "Content-Length": "1693",
        "Content-Type": "application/json",
        "traceparent": "00-c126a7e8cbea7431c18671b9112630c0-6c4a91aa2346e5a7-00",
        "User-Agent": "azsdk-net-Security.KeyVault.Keys/4.6.0-alpha.20230825.1 (.NET 7.0.10; Microsoft Windows 10.0.22621)",
        "x-ms-client-request-id": "12eb5f27eb00ee555cc0c2b21fdc88fa",
        "x-ms-return-client-request-id": "true"
      },
      "RequestBody": {
        "key": {
          "kty": "RSA",
          "key_ops": [
            "encrypt",
            "decrypt",
            "sign",
            "verify",
            "wrapKey",
            "unwrapKey"
          ],
          "n": "x2GrX8BMUN86IYdBa0I9vdeB5e3AWeag0Mx-174PzdU9IwiigZTIYND86PbfIuihrkyreOZ9ZRwgGnvy2RCihSiBwB1NxvBPNuCDFEwwXO-ckyZ_9GeTR-g7J5H76f27Z5qmD4RHrlVVODJo_JdCwXdOfI7CJOmcKRL2zpCjdwWqx2NiOzj27ndGC-3Kym5uCNFeqdGG6t_MfBec8q5MAuhHz5XwfC9vm5eH55j0B03VLfNekVJXmb1UtQTvyBQL4LMLcrhDDh8TeaGIyZY5aMsWLP2kXzoNMdjBEgL3O2yhMK1tpM9C4rZc3DP1F9o6Zt_fagRRhIs9i3ufetffrQ",
          "e": "AQAB",
          "dp": "BQwM6ZV3TQ8eSpW_yw4DiW_mVlS2Whndft4GztwbdqGqAqZ3UqS_SxiakcWGSqJfzCw-GHV1s7SFvWp1AYjXtmO4Tu1pU7KzgPMkTBghGPXQ6vNTSXRaxQfmvOBIa6DPDieA3j5lMB6Ky3tVsdQ-6D2w8SpdYzMFBMBSTWj_KPk",
          "dq": "zPkgSf1xe5W0brbbP5lcKvH3FzUpxyqHawyLrTUA_6LYInU1Pm3ZPTkdBmUmCBmw59dt0OzE58sq5C14CZ5dhoyFJ7dP7SLj5XoKwOBt52pcjLZqeXJtEqRlW6Cpy40r6xuBhCb3AEklSsnaQ2AVR2WU47kLAMsHP13fGUsPhBc",
          "qi": "wrQcKRmeJOM44JslEiVbX9tFcui-JU7HDRUFGKhH94ekpQKloADZmPL0M2SAMLlszIPAevMy_WCRAmGeeWjNhGw5HkexE_nqK8ll1R2KR_Sj8gFQCq1yzeMZZz4VjUB8jzCgyTv5lrpYrtbIJqaiqA-WKyj4ORGh8GrF3ZlbGBo",
          "p": "yi6f3VIiMdN1UB-rAEhizxcfpRfkRiL8_CtzTrIfuXKkqlLuBaTrUfqgmz35xAQi0vC0_-4vwIEqPV7kdVXyHBPTWSY4gZG2to5HPCeehwctz9eqXxVQ9ccBX5yunexj_ATat-eAFJzvar02As6q85NGjLkLguFdOctGX6fVvu8",
          "q": "_HQzwzJkn3jn_XnAsGAflMM92fwC9xYtR4j89BOjvyWAPBsdEkNcziKkAX4EevMRZjZJPDtvSWl01TUjkEezFeelJkidtTigRFhjst2Ury5CCCUZSnvlcr7Vo5ILuvdfCximYhltU8GKhhlDU6Q6U5TZmYs65B7FhhWJU7U9iyM",
          "d": "ilp_FimVi4TrjLqTrb9Aosy56fiqQngkXd-ZoVHVG6r-CqKCSdMZnP1IksxEmK-_CflP_8xJdXEn4dji8rd1X1t1df-fqg21mkn_C4W3BbaL-xx7K_j3na1L5zCJE50rf0A0PY44Q4QZZ66rZaP9Ac0tXIeftweYgnQTadG6bOr5VFmhPYqvTKYi3irjwWhOxF9J5ni2fKeQ66J4k7S70lkT6SD1GuUnJ2yYniBzxmFPARD3t-gXXw5rKwL1504Wy9dts4AXrK1cSBbxKvLeFLQbGlIRdQXYLjfjMaWBoykgrm9S9uTRwnM_LlaKocMMTB20d7kq1IjBsz4r0ZhJjQ"
        }
      },
      "StatusCode": 200,
      "ResponseHeaders": {
        "Cache-Control": "no-cache",
        "Content-Length": "723",
        "Content-Security-Policy": "default-src \u0027self\u0027",
        "Content-Type": "application/json; charset=utf-8",
        "Strict-Transport-Security": "max-age=31536000; includeSubDomains",
        "X-Content-Type-Options": "nosniff",
        "X-Frame-Options": "SAMEORIGIN",
        "x-ms-keyvault-network-info": "conn_type=Ipv4;addr=24.16.18.89;act_addr_fam=Ipv4;",
        "x-ms-keyvault-region": "francecentral",
        "x-ms-request-id": "fb6f1c28-439a-11ee-9a8f-6045bd6e6f36",
        "x-ms-server-latency": "158"
      },
      "ResponseBody": {
        "attributes": {
          "created": 1693004341,
          "enabled": true,
          "exportable": false,
          "recoverableDays": 7,
          "recoveryLevel": "CustomizedRecoverable\u002BPurgeable",
          "updated": 1693004341
        },
        "key": {
          "e": "AQAB",
          "key_ops": [
            "decrypt",
            "encrypt",
            "unwrapKey",
            "sign",
            "verify",
            "wrapKey"
          ],
          "kid": "https://tcac7e9c41ef52cechsm.managedhsm.azure.net/keys/1653163945/ce17a7cc7c2d09829cfd0668cff57dee",
          "kty": "RSA-HSM",
          "n": "x2GrX8BMUN86IYdBa0I9vdeB5e3AWeag0Mx-174PzdU9IwiigZTIYND86PbfIuihrkyreOZ9ZRwgGnvy2RCihSiBwB1NxvBPNuCDFEwwXO-ckyZ_9GeTR-g7J5H76f27Z5qmD4RHrlVVODJo_JdCwXdOfI7CJOmcKRL2zpCjdwWqx2NiOzj27ndGC-3Kym5uCNFeqdGG6t_MfBec8q5MAuhHz5XwfC9vm5eH55j0B03VLfNekVJXmb1UtQTvyBQL4LMLcrhDDh8TeaGIyZY5aMsWLP2kXzoNMdjBEgL3O2yhMK1tpM9C4rZc3DP1F9o6Zt_fagRRhIs9i3ufetffrQ"
        }
      }
    },
    {
      "RequestUri": "https://tcac7e9c41ef52cechsm.managedhsm.azure.net/keys/1653163945/ce17a7cc7c2d09829cfd0668cff57dee/verify?api-version=7.5-preview.1",
      "RequestMethod": "POST",
      "RequestHeaders": {
        "Accept": "application/json",
        "Authorization": "Sanitized",
        "Content-Length": "444",
        "Content-Type": "application/json",
        "traceparent": "00-2ab3a29d036128abc42cadecadde617e-8860e23cc94d5b86-00",
        "User-Agent": "azsdk-net-Security.KeyVault.Keys/4.6.0-alpha.20230825.1 (.NET 7.0.10; Microsoft Windows 10.0.22621)",
        "x-ms-client-request-id": "453ca775a8d044b4b7b0cd76ced56924",
        "x-ms-return-client-request-id": "true"
      },
      "RequestBody": {
        "alg": "RS384",
        "digest": "C8Yk5h_wvBVhAMqDEMexAGP5aY4SEpmiU88rI2ZDg_oSRjoORwsAzN8GLXsw4GDT",
        "value": "PndyM95T9OmM1lV-y1Hny_xldkOoqC5wJZoyXJHXsCanZMHlx4ml6FJBgHmK5HiTWjzPtOC5KU4BGeUU9e_ikeYDgQw5tcWUUFhYuxVIjATj-cqJYUTtc1lWQ5TbtzN3kLIsGOJcOiLvbM8I4eWU7pPfvOKLAr9faCxDPN41GDWZQ9kx8X9zIXN_4EQ2m30WQxV_zFsfy55sxQxnPT5vYk5wzfPZZEP5wSddY5wOdy8KrFqmYcP1H1xfABXdTasyuGs06QBBIN5p1U7xXeoTg0TBTMd4vLB1Y3yhSyPfZglwcBrclJCWb9y1Iq-gmGzaMcuF9CaradELOPi3Ji_04Q"
      },
      "StatusCode": 200,
      "ResponseHeaders": {
        "Cache-Control": "no-cache",
        "Content-Length": "135",
        "Content-Security-Policy": "default-src \u0027self\u0027",
        "Content-Type": "application/json; charset=utf-8",
        "Strict-Transport-Security": "max-age=31536000; includeSubDomains",
        "X-Content-Type-Options": "nosniff",
        "X-Frame-Options": "SAMEORIGIN",
        "x-ms-keyvault-network-info": "conn_type=Ipv4;addr=24.16.18.89;act_addr_fam=Ipv4;",
        "x-ms-keyvault-region": "francecentral",
        "x-ms-request-id": "fba31406-439a-11ee-9a8f-6045bd6e6f36",
        "x-ms-server-latency": "15"
      },
      "ResponseBody": {
        "alg": "RS384",
        "kid": "https://tcac7e9c41ef52cechsm.managedhsm.azure.net/keys/1653163945/ce17a7cc7c2d09829cfd0668cff57dee",
        "value": true
      }
    }
  ],
  "Variables": {
    "AZURE_AUTHORITY_HOST": "https://login.microsoftonline.com",
    "AZURE_MANAGEDHSM_URL": "https://tcac7e9c41ef52cechsm.managedhsm.azure.net/",
    "RandomSeed": "1991837736"
  }
}
