{
  "Entries": [
    {
      "RequestUri": "https://rgjoncardekvv76hsm.managedhsm.azure.net/keys/435493130/create?api-version=7.6",
      "RequestMethod": "POST",
      "RequestHeaders": {
        "Accept": "application/json",
        "Content-Length": "0",
        "traceparent": "00-55d435e71eb60b6453dad0b66ca5b76b-94879ef09e58b96f-00",
        "User-Agent": "azsdk-net-Security.KeyVault.Keys/4.8.0-alpha.20250624.1 (.NET 9.0.6; Microsoft Windows 10.0.26100)",
        "x-ms-client-request-id": "Sanitized",
        "x-ms-return-client-request-id": "true"
      },
      "RequestBody": null,
      "StatusCode": 401,
      "ResponseHeaders": {
        "Cache-Control": "no-cache",
        "Content-Length": "0",
        "Content-Security-Policy": "default-src 'self'",
        "Content-Type": "application/json; charset=utf-8",
        "Strict-Transport-Security": "max-age=31536000; includeSubDomains",
        "WWW-Authenticate": "Bearer authorization=\"https://login.microsoftonline.com/70a036f6-8e4d-4615-bad6-149c02e7720d\", resource=\"https://managedhsm.azure.net\"",
        "X-Content-Type-Options": "nosniff",
        "X-Frame-Options": "SAMEORIGIN",
        "x-ms-request-id": "a3ccf0f2-50eb-11f0-8b65-00224840ca9d",
        "x-ms-server-latency": "1"
      },
      "ResponseBody": null
    },
    {
      "RequestUri": "https://rgjoncardekvv76hsm.managedhsm.azure.net/keys/435493130/create?api-version=7.6",
      "RequestMethod": "POST",
      "RequestHeaders": {
        "Accept": "application/json",
        "Authorization": "Sanitized",
        "Content-Length": "28",
        "Content-Type": "application/json",
        "traceparent": "00-55d435e71eb60b6453dad0b66ca5b76b-94879ef09e58b96f-00",
        "User-Agent": "azsdk-net-Security.KeyVault.Keys/4.8.0-alpha.20250624.1 (.NET 9.0.6; Microsoft Windows 10.0.26100)",
        "x-ms-client-request-id": "Sanitized",
        "x-ms-return-client-request-id": "true"
      },
      "RequestBody": {
        "kty": "oct",
        "key_size": 256
      },
      "StatusCode": 200,
      "ResponseHeaders": {
        "Cache-Control": "no-cache",
        "Content-Length": "372",
        "Content-Security-Policy": "default-src 'self'",
        "Content-Type": "application/json; charset=utf-8",
        "Strict-Transport-Security": "max-age=31536000; includeSubDomains",
        "X-Content-Type-Options": "nosniff",
        "X-Frame-Options": "SAMEORIGIN",
        "x-ms-keyvault-network-info": "conn_type=Ipv4;addr=50.175.105.250;act_addr_fam=Ipv4;",
        "x-ms-keyvault-region": "uksouth",
        "x-ms-request-id": "a853ac9c-50eb-11f0-8b65-00224840ca9d",
        "x-ms-server-latency": "70"
      },
      "ResponseBody": {
        "attributes": {
          "created": 1750763352,
          "enabled": true,
          "exportable": false,
          "recoverableDays": 7,
          "recoveryLevel": "CustomizedRecoverable+Purgeable",
          "updated": 1750763352
        },
        "key": {
          "key_ops": [
            "deriveKey",
            "wrapKey",
            "verify",
            "sign",
            "unwrapKey",
            "encrypt",
            "decrypt"
          ],
          "kid": "https://rgjoncardekvv76hsm.managedhsm.azure.net/keys/435493130/973b2ff4d20945d7004837868b067785",
          "kty": "oct-HSM"
        }
      }
    },
    {
      "RequestUri": "https://rgjoncardekvv76hsm.managedhsm.azure.net/keys/435493130/973b2ff4d20945d7004837868b067785/sign?api-version=7.6",
      "RequestMethod": "POST",
      "RequestHeaders": {
        "Accept": "application/json",
        "Authorization": "Sanitized",
        "Content-Length": "69",
        "Content-Type": "application/json",
        "traceparent": "00-5ffafed7ac4468d913ae356cae89af36-b83cee9af8095767-00",
        "User-Agent": "azsdk-net-Security.KeyVault.Keys/4.8.0-alpha.20250624.1 (.NET 9.0.6; Microsoft Windows 10.0.26100)",
        "x-ms-client-request-id": "Sanitized",
        "x-ms-return-client-request-id": "true"
      },
      "RequestBody": {
        "alg": "HS256",
        "value": "-npciWHB0xC4sK89nq4npUNgKz6u_0DEYB6ozn_xXMs"
      },
      "StatusCode": 200,
      "ResponseHeaders": {
        "Cache-Control": "no-cache",
        "Content-Length": "173",
        "Content-Security-Policy": "default-src 'self'",
        "Content-Type": "application/json; charset=utf-8",
        "Strict-Transport-Security": "max-age=31536000; includeSubDomains",
        "X-Content-Type-Options": "nosniff",
        "X-Frame-Options": "SAMEORIGIN",
        "x-ms-keyvault-network-info": "conn_type=Ipv4;addr=50.175.105.250;act_addr_fam=Ipv4;",
        "x-ms-keyvault-region": "uksouth",
        "x-ms-request-id": "a9702b64-50eb-11f0-8b65-00224840ca9d",
        "x-ms-server-latency": "7"
      },
      "ResponseBody": {
        "alg": "HS256",
        "kid": "https://rgjoncardekvv76hsm.managedhsm.azure.net/keys/435493130/973b2ff4d20945d7004837868b067785",
        "value": "8o0OIxp1jN1KcbEUlGe50uSdlSzehvEc8_RcNzfbxfI"
      }
    },
    {
      "RequestUri": "https://rgjoncardekvv76hsm.managedhsm.azure.net/keys/435493130/973b2ff4d20945d7004837868b067785/sign?api-version=7.6",
      "RequestMethod": "POST",
      "RequestHeaders": {
        "Accept": "application/json",
        "Authorization": "Sanitized",
        "Content-Length": "69",
        "Content-Type": "application/json",
        "traceparent": "00-75e09a566787ff296875431643fd77d7-bda3a17ba07559b0-00",
        "User-Agent": "azsdk-net-Security.KeyVault.Keys/4.8.0-alpha.20250624.1 (.NET 9.0.6; Microsoft Windows 10.0.26100)",
        "x-ms-client-request-id": "Sanitized",
        "x-ms-return-client-request-id": "true"
      },
      "RequestBody": {
        "alg": "HS256",
        "value": "-npciWHB0xC4sK89nq4npUNgKz6u_0DEYB6ozn_xXMs"
      },
      "StatusCode": 200,
      "ResponseHeaders": {
        "Cache-Control": "no-cache",
        "Content-Length": "173",
        "Content-Security-Policy": "default-src 'self'",
        "Content-Type": "application/json; charset=utf-8",
        "Strict-Transport-Security": "max-age=31536000; includeSubDomains",
        "X-Content-Type-Options": "nosniff",
        "X-Frame-Options": "SAMEORIGIN",
        "x-ms-keyvault-network-info": "conn_type=Ipv4;addr=50.175.105.250;act_addr_fam=Ipv4;",
        "x-ms-keyvault-region": "uksouth",
        "x-ms-request-id": "a987e628-50eb-11f0-8b65-00224840ca9d",
        "x-ms-server-latency": "1"
      },
      "ResponseBody": {
        "alg": "HS256",
        "kid": "https://rgjoncardekvv76hsm.managedhsm.azure.net/keys/435493130/973b2ff4d20945d7004837868b067785",
        "value": "8o0OIxp1jN1KcbEUlGe50uSdlSzehvEc8_RcNzfbxfI"
      }
    },
    {
      "RequestUri": "https://rgjoncardekvv76hsm.managedhsm.azure.net/keys/435493130/973b2ff4d20945d7004837868b067785/verify?api-version=7.6",
      "RequestMethod": "POST",
      "RequestHeaders": {
        "Accept": "application/json",
        "Authorization": "Sanitized",
        "Content-Length": "124",
        "Content-Type": "application/json",
        "traceparent": "00-953bc21316b27f9079ce3ce3543e3699-93471a6c1473b4cf-00",
        "User-Agent": "azsdk-net-Security.KeyVault.Keys/4.8.0-alpha.20250624.1 (.NET 9.0.6; Microsoft Windows 10.0.26100)",
        "x-ms-client-request-id": "Sanitized",
        "x-ms-return-client-request-id": "true"
      },
      "RequestBody": {
        "alg": "HS256",
        "digest": "-npciWHB0xC4sK89nq4npUNgKz6u_0DEYB6ozn_xXMs",
        "value": "8o0OIxp1jN1KcbEUlGe50uSdlSzehvEc8_RcNzfbxfI"
      },
      "StatusCode": 200,
      "ResponseHeaders": {
        "Cache-Control": "no-cache",
        "Content-Length": "132",
        "Content-Security-Policy": "default-src 'self'",
        "Content-Type": "application/json; charset=utf-8",
        "Strict-Transport-Security": "max-age=31536000; includeSubDomains",
        "X-Content-Type-Options": "nosniff",
        "X-Frame-Options": "SAMEORIGIN",
        "x-ms-keyvault-network-info": "conn_type=Ipv4;addr=50.175.105.250;act_addr_fam=Ipv4;",
        "x-ms-keyvault-region": "uksouth",
        "x-ms-request-id": "a99e1286-50eb-11f0-8b65-00224840ca9d",
        "x-ms-server-latency": "0"
      },
      "ResponseBody": {
        "alg": "HS256",
        "kid": "https://rgjoncardekvv76hsm.managedhsm.azure.net/keys/435493130/973b2ff4d20945d7004837868b067785",
        "value": true
      }
    },
    {
      "RequestUri": "https://rgjoncardekvv76hsm.managedhsm.azure.net/keys/435493130/973b2ff4d20945d7004837868b067785/verify?api-version=7.6",
      "RequestMethod": "POST",
      "RequestHeaders": {
        "Accept": "application/json",
        "Authorization": "Sanitized",
        "Content-Length": "124",
        "Content-Type": "application/json",
        "traceparent": "00-91f6e20d76555293fee614b620b5ad10-75b8ff12ee6904c7-00",
        "User-Agent": "azsdk-net-Security.KeyVault.Keys/4.8.0-alpha.20250624.1 (.NET 9.0.6; Microsoft Windows 10.0.26100)",
        "x-ms-client-request-id": "Sanitized",
        "x-ms-return-client-request-id": "true"
      },
      "RequestBody": {
        "alg": "HS256",
        "digest": "-npciWHB0xC4sK89nq4npUNgKz6u_0DEYB6ozn_xXMs",
        "value": "8o0OIxp1jN1KcbEUlGe50uSdlSzehvEc8_RcNzfbxfI"
      },
      "StatusCode": 200,
      "ResponseHeaders": {
        "Cache-Control": "no-cache",
        "Content-Length": "132",
        "Content-Security-Policy": "default-src 'self'",
        "Content-Type": "application/json; charset=utf-8",
        "Strict-Transport-Security": "max-age=31536000; includeSubDomains",
        "X-Content-Type-Options": "nosniff",
        "X-Frame-Options": "SAMEORIGIN",
        "x-ms-keyvault-network-info": "conn_type=Ipv4;addr=50.175.105.250;act_addr_fam=Ipv4;",
        "x-ms-keyvault-region": "uksouth",
        "x-ms-request-id": "a9b51558-50eb-11f0-8b65-00224840ca9d",
        "x-ms-server-latency": "1"
      },
      "ResponseBody": {
        "alg": "HS256",
        "kid": "https://rgjoncardekvv76hsm.managedhsm.azure.net/keys/435493130/973b2ff4d20945d7004837868b067785",
        "value": true
      }
    }
  ],
  "Variables": {
    "AZURE_MANAGEDHSM_URL": "https://rgjoncardekvv76hsm.managedhsm.azure.net/",
    "RandomSeed": "1787674016"
  }
}
