{
  "Entries": [
    {
      "RequestUri": "https://tcac7e9c41ef52cechsm.managedhsm.azure.net/keys/1631308950/create?api-version=7.5-preview.1",
      "RequestMethod": "POST",
      "RequestHeaders": {
        "Accept": "application/json",
        "Content-Length": "0",
        "traceparent": "00-1f20a640e7e35e254bd8089b9c514e62-5cf41c9d77fe1127-00",
        "User-Agent": "azsdk-net-Security.KeyVault.Keys/4.6.0-alpha.20230825.1 (.NET 7.0.10; Microsoft Windows 10.0.22621)",
        "x-ms-client-request-id": "81e02d0223d0c66d9e296d3e8edb08e3",
        "x-ms-return-client-request-id": "true"
      },
      "RequestBody": null,
      "StatusCode": 401,
      "ResponseHeaders": {
        "Cache-Control": "no-cache",
        "Content-Length": "0",
        "Content-Security-Policy": "default-src \u0027self\u0027",
        "Content-Type": "application/json; charset=utf-8",
        "Strict-Transport-Security": "max-age=31536000; includeSubDomains",
        "WWW-Authenticate": "Bearer authorization=\u0022https://login.microsoftonline.com/72f988bf-86f1-41af-91ab-2d7cd011db47\u0022, resource=\u0022https://managedhsm.azure.net\u0022",
        "X-Content-Type-Options": "nosniff",
        "X-Frame-Options": "SAMEORIGIN",
        "x-ms-request-id": "1b1408d6-439b-11ee-9a8f-6045bd6e6f36",
        "x-ms-server-latency": "1"
      },
      "ResponseBody": null
    },
    {
      "RequestUri": "https://tcac7e9c41ef52cechsm.managedhsm.azure.net/keys/1631308950/create?api-version=7.5-preview.1",
      "RequestMethod": "POST",
      "RequestHeaders": {
        "Accept": "application/json",
        "Authorization": "Sanitized",
        "Content-Length": "26",
        "Content-Type": "application/json",
        "traceparent": "00-1f20a640e7e35e254bd8089b9c514e62-5cf41c9d77fe1127-00",
        "User-Agent": "azsdk-net-Security.KeyVault.Keys/4.6.0-alpha.20230825.1 (.NET 7.0.10; Microsoft Windows 10.0.22621)",
        "x-ms-client-request-id": "81e02d0223d0c66d9e296d3e8edb08e3",
        "x-ms-return-client-request-id": "true"
      },
      "RequestBody": {
        "kty": "EC",
        "crv": "P-521"
      },
      "StatusCode": 200,
      "ResponseHeaders": {
        "Cache-Control": "no-cache",
        "Content-Length": "536",
        "Content-Security-Policy": "default-src \u0027self\u0027",
        "Content-Type": "application/json; charset=utf-8",
        "Strict-Transport-Security": "max-age=31536000; includeSubDomains",
        "X-Content-Type-Options": "nosniff",
        "X-Frame-Options": "SAMEORIGIN",
        "x-ms-keyvault-network-info": "conn_type=Ipv4;addr=24.16.18.89;act_addr_fam=Ipv4;",
        "x-ms-keyvault-region": "francecentral",
        "x-ms-request-id": "1b4dc6b6-439b-11ee-9a8f-6045bd6e6f36",
        "x-ms-server-latency": "352"
      },
      "ResponseBody": {
        "attributes": {
          "created": 1693004395,
          "enabled": true,
          "exportable": false,
          "recoverableDays": 7,
          "recoveryLevel": "CustomizedRecoverable\u002BPurgeable",
          "updated": 1693004395
        },
        "key": {
          "crv": "P-521",
          "key_ops": [
            "verify",
            "deriveKey",
            "sign"
          ],
          "kid": "https://tcac7e9c41ef52cechsm.managedhsm.azure.net/keys/1631308950/46f4c78734720364a86ddb17498f1d0c",
          "kty": "EC-HSM",
          "x": "AbdmSfGH1p1FCW8getHZQB4ttIGE9oI04u6XtE_k-_lUxdDFvkADzX0Fdwk7dEnGXYkJJDCMNMBG_9bofPmVDNXs",
          "y": "AC3IGYtToQUO9O4MaGlUdNdlgPnJ8XrlPivUdoeioxnmJiKzOOWow1msaf6adIXuC-ska22ZQdELAZF7U9f8q0B5"
        }
      }
    },
    {
      "RequestUri": "https://tcac7e9c41ef52cechsm.managedhsm.azure.net/keys/1631308950/46f4c78734720364a86ddb17498f1d0c/sign?api-version=7.5-preview.1",
      "RequestMethod": "POST",
      "RequestHeaders": {
        "Accept": "application/json",
        "Authorization": "Sanitized",
        "Content-Length": "112",
        "Content-Type": "application/json",
        "traceparent": "00-4d64c6b499a2e4fe5f8aac964011ef05-ad867742ab793cbf-00",
        "User-Agent": "azsdk-net-Security.KeyVault.Keys/4.6.0-alpha.20230825.1 (.NET 7.0.10; Microsoft Windows 10.0.22621)",
        "x-ms-client-request-id": "32bf4c3d6b69347365b37d06aa371e2c",
        "x-ms-return-client-request-id": "true"
      },
      "RequestBody": {
        "alg": "ES512",
        "value": "GGqyLS7VceMblObj2NFSTcCq_M0AadwAP3ExDgyPJwHC_mqiv5CSJFOHOJtabp_sUv6PkXK26UuOYQEntOIk7A"
      },
      "StatusCode": 200,
      "ResponseHeaders": {
        "Cache-Control": "no-cache",
        "Content-Length": "309",
        "Content-Security-Policy": "default-src \u0027self\u0027",
        "Content-Type": "application/json; charset=utf-8",
        "Strict-Transport-Security": "max-age=31536000; includeSubDomains",
        "X-Content-Type-Options": "nosniff",
        "X-Frame-Options": "SAMEORIGIN",
        "x-ms-keyvault-network-info": "conn_type=Ipv4;addr=24.16.18.89;act_addr_fam=Ipv4;",
        "x-ms-keyvault-region": "francecentral",
        "x-ms-request-id": "1b9f5f08-439b-11ee-9a8f-6045bd6e6f36",
        "x-ms-server-latency": "46"
      },
      "ResponseBody": {
        "alg": "ES512",
        "kid": "https://tcac7e9c41ef52cechsm.managedhsm.azure.net/keys/1631308950/46f4c78734720364a86ddb17498f1d0c",
        "value": "AQHg0dTR-5q4wWDjECXVox-ts5oMIYOl3jC9qv06-P_JtQH0mfrwJ_MZxr7Z024s_YWnskv4GHOHbaJnX9yUq8-7ARpEezDV2Kj9p-UwnA9LQWxpO_L3jrgSH7BI6O4ViV3-C_CFeeyr4JVAUGATB0n00_TTQLJT38uUNJopIz8HVm5h"
      }
    },
    {
      "RequestUri": "https://tcac7e9c41ef52cechsm.managedhsm.azure.net/keys/1631308950/46f4c78734720364a86ddb17498f1d0c/sign?api-version=7.5-preview.1",
      "RequestMethod": "POST",
      "RequestHeaders": {
        "Accept": "application/json",
        "Authorization": "Sanitized",
        "Content-Length": "112",
        "Content-Type": "application/json",
        "traceparent": "00-7e46ff5a4fa9500aae6cdd00f50b4d4f-a3a6ab76ae951f16-00",
        "User-Agent": "azsdk-net-Security.KeyVault.Keys/4.6.0-alpha.20230825.1 (.NET 7.0.10; Microsoft Windows 10.0.22621)",
        "x-ms-client-request-id": "49d5fbef5363cdde185f9038933fe79c",
        "x-ms-return-client-request-id": "true"
      },
      "RequestBody": {
        "alg": "ES512",
        "value": "GGqyLS7VceMblObj2NFSTcCq_M0AadwAP3ExDgyPJwHC_mqiv5CSJFOHOJtabp_sUv6PkXK26UuOYQEntOIk7A"
      },
      "StatusCode": 200,
      "ResponseHeaders": {
        "Cache-Control": "no-cache",
        "Content-Length": "309",
        "Content-Security-Policy": "default-src \u0027self\u0027",
        "Content-Type": "application/json; charset=utf-8",
        "Strict-Transport-Security": "max-age=31536000; includeSubDomains",
        "X-Content-Type-Options": "nosniff",
        "X-Frame-Options": "SAMEORIGIN",
        "x-ms-keyvault-network-info": "conn_type=Ipv4;addr=24.16.18.89;act_addr_fam=Ipv4;",
        "x-ms-keyvault-region": "francecentral",
        "x-ms-request-id": "1bc04272-439b-11ee-9a8f-6045bd6e6f36",
        "x-ms-server-latency": "36"
      },
      "ResponseBody": {
        "alg": "ES512",
        "kid": "https://tcac7e9c41ef52cechsm.managedhsm.azure.net/keys/1631308950/46f4c78734720364a86ddb17498f1d0c",
        "value": "Aaqilu_MaMOxjYkwx58dhnZHxi1Fsc9gSAAdYqDhB29qO1sH09EoZfzGK04LtjbrsqwCbHV2FegZkimNsf3RtujoAdA81Jzk3YpVbj2f1upxEc08c0DLYb0pY97rL_WKY-VpncFylEcMI986u60wvdV5xSqLW5kf8zMlufD89qSvbxCJ"
      }
    },
    {
      "RequestUri": "https://tcac7e9c41ef52cechsm.managedhsm.azure.net/keys/1631308950/46f4c78734720364a86ddb17498f1d0c/verify?api-version=7.5-preview.1",
      "RequestMethod": "POST",
      "RequestHeaders": {
        "Accept": "application/json",
        "Authorization": "Sanitized",
        "Content-Length": "300",
        "Content-Type": "application/json",
        "traceparent": "00-66c3c0735ecb6197e829a44e83a42c9a-3037e71a3055ae60-00",
        "User-Agent": "azsdk-net-Security.KeyVault.Keys/4.6.0-alpha.20230825.1 (.NET 7.0.10; Microsoft Windows 10.0.22621)",
        "x-ms-client-request-id": "5bf82ef107b2fd08d1424f5012c373c2",
        "x-ms-return-client-request-id": "true"
      },
      "RequestBody": {
        "alg": "ES512",
        "digest": "GGqyLS7VceMblObj2NFSTcCq_M0AadwAP3ExDgyPJwHC_mqiv5CSJFOHOJtabp_sUv6PkXK26UuOYQEntOIk7A",
        "value": "Aaqilu_MaMOxjYkwx58dhnZHxi1Fsc9gSAAdYqDhB29qO1sH09EoZfzGK04LtjbrsqwCbHV2FegZkimNsf3RtujoAdA81Jzk3YpVbj2f1upxEc08c0DLYb0pY97rL_WKY-VpncFylEcMI986u60wvdV5xSqLW5kf8zMlufD89qSvbxCJ"
      },
      "StatusCode": 200,
      "ResponseHeaders": {
        "Cache-Control": "no-cache",
        "Content-Length": "135",
        "Content-Security-Policy": "default-src \u0027self\u0027",
        "Content-Type": "application/json; charset=utf-8",
        "Strict-Transport-Security": "max-age=31536000; includeSubDomains",
        "X-Content-Type-Options": "nosniff",
        "X-Frame-Options": "SAMEORIGIN",
        "x-ms-keyvault-network-info": "conn_type=Ipv4;addr=24.16.18.89;act_addr_fam=Ipv4;",
        "x-ms-keyvault-region": "francecentral",
        "x-ms-request-id": "1be3945c-439b-11ee-9a8f-6045bd6e6f36",
        "x-ms-server-latency": "70"
      },
      "ResponseBody": {
        "alg": "ES512",
        "kid": "https://tcac7e9c41ef52cechsm.managedhsm.azure.net/keys/1631308950/46f4c78734720364a86ddb17498f1d0c",
        "value": true
      }
    },
    {
      "RequestUri": "https://tcac7e9c41ef52cechsm.managedhsm.azure.net/keys/1631308950/46f4c78734720364a86ddb17498f1d0c/verify?api-version=7.5-preview.1",
      "RequestMethod": "POST",
      "RequestHeaders": {
        "Accept": "application/json",
        "Authorization": "Sanitized",
        "Content-Length": "300",
        "Content-Type": "application/json",
        "traceparent": "00-6b7572cd949cfc5f329d3bf11c6ac4fa-b5a80f9c307ec62e-00",
        "User-Agent": "azsdk-net-Security.KeyVault.Keys/4.6.0-alpha.20230825.1 (.NET 7.0.10; Microsoft Windows 10.0.22621)",
        "x-ms-client-request-id": "49990ecc8e91eae66df21909da3aa125",
        "x-ms-return-client-request-id": "true"
      },
      "RequestBody": {
        "alg": "ES512",
        "digest": "GGqyLS7VceMblObj2NFSTcCq_M0AadwAP3ExDgyPJwHC_mqiv5CSJFOHOJtabp_sUv6PkXK26UuOYQEntOIk7A",
        "value": "AQHg0dTR-5q4wWDjECXVox-ts5oMIYOl3jC9qv06-P_JtQH0mfrwJ_MZxr7Z024s_YWnskv4GHOHbaJnX9yUq8-7ARpEezDV2Kj9p-UwnA9LQWxpO_L3jrgSH7BI6O4ViV3-C_CFeeyr4JVAUGATB0n00_TTQLJT38uUNJopIz8HVm5h"
      },
      "StatusCode": 200,
      "ResponseHeaders": {
        "Cache-Control": "no-cache",
        "Content-Length": "135",
        "Content-Security-Policy": "default-src \u0027self\u0027",
        "Content-Type": "application/json; charset=utf-8",
        "Strict-Transport-Security": "max-age=31536000; includeSubDomains",
        "X-Content-Type-Options": "nosniff",
        "X-Frame-Options": "SAMEORIGIN",
        "x-ms-keyvault-network-info": "conn_type=Ipv4;addr=24.16.18.89;act_addr_fam=Ipv4;",
        "x-ms-keyvault-region": "francecentral",
        "x-ms-request-id": "1c0c7a16-439b-11ee-9a8f-6045bd6e6f36",
        "x-ms-server-latency": "70"
      },
      "ResponseBody": {
        "alg": "ES512",
        "kid": "https://tcac7e9c41ef52cechsm.managedhsm.azure.net/keys/1631308950/46f4c78734720364a86ddb17498f1d0c",
        "value": true
      }
    }
  ],
  "Variables": {
    "AZURE_AUTHORITY_HOST": "https://login.microsoftonline.com",
    "AZURE_MANAGEDHSM_URL": "https://tcac7e9c41ef52cechsm.managedhsm.azure.net/",
    "RandomSeed": "1607884921"
  }
}
