{
  "Entries": [
    {
      "RequestUri": "https://rgjoncardekvv76hsm.managedhsm.azure.net/keys/1946445122/create?api-version=7.6",
      "RequestMethod": "POST",
      "RequestHeaders": {
        "Accept": "application/json",
        "Content-Length": "0",
        "traceparent": "00-743badd30eb1999973ae65fe6fc40538-f125857e9113c00f-00",
        "User-Agent": "azsdk-net-Security.KeyVault.Keys/4.8.0-alpha.20250624.1 (.NET 9.0.6; Microsoft Windows 10.0.26100)",
        "x-ms-client-request-id": "Sanitized",
        "x-ms-return-client-request-id": "true"
      },
      "RequestBody": null,
      "StatusCode": 401,
      "ResponseHeaders": {
        "Cache-Control": "no-cache",
        "Content-Length": "0",
        "Content-Security-Policy": "default-src 'self'",
        "Content-Type": "application/json; charset=utf-8",
        "Strict-Transport-Security": "max-age=31536000; includeSubDomains",
        "WWW-Authenticate": "Bearer authorization=\"https://login.microsoftonline.com/70a036f6-8e4d-4615-bad6-149c02e7720d\", resource=\"https://managedhsm.azure.net\"",
        "X-Content-Type-Options": "nosniff",
        "X-Frame-Options": "SAMEORIGIN",
        "x-ms-request-id": "dab91090-50ec-11f0-8b65-00224840ca9d",
        "x-ms-server-latency": "0"
      },
      "ResponseBody": null
    },
    {
      "RequestUri": "https://rgjoncardekvv76hsm.managedhsm.azure.net/keys/1946445122/create?api-version=7.6",
      "RequestMethod": "POST",
      "RequestHeaders": {
        "Accept": "application/json",
        "Authorization": "Sanitized",
        "Content-Length": "13",
        "Content-Type": "application/json",
        "traceparent": "00-743badd30eb1999973ae65fe6fc40538-f125857e9113c00f-00",
        "User-Agent": "azsdk-net-Security.KeyVault.Keys/4.8.0-alpha.20250624.1 (.NET 9.0.6; Microsoft Windows 10.0.26100)",
        "x-ms-client-request-id": "Sanitized",
        "x-ms-return-client-request-id": "true"
      },
      "RequestBody": {
        "kty": "RSA"
      },
      "StatusCode": 200,
      "ResponseHeaders": {
        "Cache-Control": "no-cache",
        "Content-Length": "721",
        "Content-Security-Policy": "default-src 'self'",
        "Content-Type": "application/json; charset=utf-8",
        "Strict-Transport-Security": "max-age=31536000; includeSubDomains",
        "X-Content-Type-Options": "nosniff",
        "X-Frame-Options": "SAMEORIGIN",
        "x-ms-keyvault-network-info": "conn_type=Ipv4;addr=50.175.105.250;act_addr_fam=Ipv4;",
        "x-ms-keyvault-region": "uksouth",
        "x-ms-request-id": "dea8d212-50ec-11f0-8b65-00224840ca9d",
        "x-ms-server-latency": "77"
      },
      "ResponseBody": {
        "attributes": {
          "created": 1750763872,
          "enabled": true,
          "exportable": false,
          "recoverableDays": 7,
          "recoveryLevel": "CustomizedRecoverable+Purgeable",
          "updated": 1750763872
        },
        "key": {
          "e": "AQAB",
          "key_ops": [
            "wrapKey",
            "decrypt",
            "encrypt",
            "unwrapKey",
            "sign",
            "verify"
          ],
          "kid": "https://rgjoncardekvv76hsm.managedhsm.azure.net/keys/1946445122/fd900d31baa20b088f3e328724b42918",
          "kty": "RSA-HSM",
          "n": "upPCI3WOZdUHyaPcAFWywLFtW1dtYBe65m0foLHJyk62QkO31kXlap1LbNq0Ie_Rpy8jpFDr_OP0L--lGe5uTwwlSSnNjvQChyWXOjvznnU-3WnV5jxIYfTPCKGJROh0gjsVfc_imS5o_LObRcyuUxHJ0JU3q1yTQedGsCy4IgYB42rhLs-QLtj190Dv1hKmprgAL3_65wWK1h6dtf90rNKvKTzEj0stXvg5IXS9T0Jl6czd2dKysWKmEEeSzD7s4kTYv8aoj2LTqhvMI6pdRry5nI32dxp71Eb3ls4fK2WJUBE4mf1aAjCUR28byVCcKdXirBx_E7mj_YW5JW7abQ"
        }
      }
    },
    {
      "RequestUri": "https://rgjoncardekvv76hsm.managedhsm.azure.net/keys/1946445122/fd900d31baa20b088f3e328724b42918?api-version=7.6",
      "RequestMethod": "GET",
      "RequestHeaders": {
        "Accept": "application/json",
        "Authorization": "Sanitized",
        "traceparent": "00-7ea520a1b350df74a36a216b68bd2ed4-fddea200b26aff90-00",
        "User-Agent": "azsdk-net-Security.KeyVault.Keys/4.8.0-alpha.20250624.1 (.NET 9.0.6; Microsoft Windows 10.0.26100)",
        "x-ms-client-request-id": "Sanitized",
        "x-ms-return-client-request-id": "true"
      },
      "RequestBody": null,
      "StatusCode": 200,
      "ResponseHeaders": {
        "Cache-Control": "no-cache",
        "Content-Length": "721",
        "Content-Security-Policy": "default-src 'self'",
        "Content-Type": "application/json; charset=utf-8",
        "Strict-Transport-Security": "max-age=31536000; includeSubDomains",
        "X-Content-Type-Options": "nosniff",
        "X-Frame-Options": "SAMEORIGIN",
        "x-ms-build-version": "1.0.20250601-1-938c6570-develop",
        "x-ms-keyvault-network-info": "conn_type=Ipv4;addr=50.175.105.250;act_addr_fam=Ipv4;",
        "x-ms-keyvault-region": "uksouth",
        "x-ms-request-id": "dfa2b674-50ec-11f0-8b65-00224840ca9d",
        "x-ms-server-latency": "6"
      },
      "ResponseBody": {
        "attributes": {
          "created": 1750763872,
          "enabled": true,
          "exportable": false,
          "recoverableDays": 7,
          "recoveryLevel": "CustomizedRecoverable+Purgeable",
          "updated": 1750763872
        },
        "key": {
          "e": "AQAB",
          "key_ops": [
            "wrapKey",
            "verify",
            "sign",
            "unwrapKey",
            "encrypt",
            "decrypt"
          ],
          "kid": "https://rgjoncardekvv76hsm.managedhsm.azure.net/keys/1946445122/fd900d31baa20b088f3e328724b42918",
          "kty": "RSA-HSM",
          "n": "upPCI3WOZdUHyaPcAFWywLFtW1dtYBe65m0foLHJyk62QkO31kXlap1LbNq0Ie_Rpy8jpFDr_OP0L--lGe5uTwwlSSnNjvQChyWXOjvznnU-3WnV5jxIYfTPCKGJROh0gjsVfc_imS5o_LObRcyuUxHJ0JU3q1yTQedGsCy4IgYB42rhLs-QLtj190Dv1hKmprgAL3_65wWK1h6dtf90rNKvKTzEj0stXvg5IXS9T0Jl6czd2dKysWKmEEeSzD7s4kTYv8aoj2LTqhvMI6pdRry5nI32dxp71Eb3ls4fK2WJUBE4mf1aAjCUR28byVCcKdXirBx_E7mj_YW5JW7abQ"
        }
      }
    },
    {
      "RequestUri": "https://rgjoncardekvv76hsm.managedhsm.azure.net/keys/1946445122/fd900d31baa20b088f3e328724b42918/sign?api-version=7.6",
      "RequestMethod": "POST",
      "RequestHeaders": {
        "Accept": "application/json",
        "Authorization": "Sanitized",
        "Content-Length": "90",
        "Content-Type": "application/json",
        "traceparent": "00-7ea520a1b350df74a36a216b68bd2ed4-14abc0b34e6c9ca7-00",
        "User-Agent": "azsdk-net-Security.KeyVault.Keys/4.8.0-alpha.20250624.1 (.NET 9.0.6; Microsoft Windows 10.0.26100)",
        "x-ms-client-request-id": "Sanitized",
        "x-ms-return-client-request-id": "true"
      },
      "RequestBody": {
        "alg": "RS384",
        "value": "qzODn6n5oNTslHSkCmHis5C8aGvKEzOOkPLxXbvOKmN9jfuRnLbFjUZkB-o9wK8J"
      },
      "StatusCode": 200,
      "ResponseHeaders": {
        "Cache-Control": "no-cache",
        "Content-Length": "473",
        "Content-Security-Policy": "default-src 'self'",
        "Content-Type": "application/json; charset=utf-8",
        "Strict-Transport-Security": "max-age=31536000; includeSubDomains",
        "X-Content-Type-Options": "nosniff",
        "X-Frame-Options": "SAMEORIGIN",
        "x-ms-keyvault-network-info": "conn_type=Ipv4;addr=50.175.105.250;act_addr_fam=Ipv4;",
        "x-ms-keyvault-region": "uksouth",
        "x-ms-request-id": "dfb9f726-50ec-11f0-8b65-00224840ca9d",
        "x-ms-server-latency": "3"
      },
      "ResponseBody": {
        "alg": "RS384",
        "kid": "https://rgjoncardekvv76hsm.managedhsm.azure.net/keys/1946445122/fd900d31baa20b088f3e328724b42918",
        "value": "pLod8t79isLmKfZwGd6w-168aRBxlcg_ko3rplgvoh5KpHyWK4KqhalI_jc2vdMKyAjwKG0CcMyctEmFzK0ZQExcpVhGS2ZFIBGweBWL1f_VT3IumyJaCn96YCHOYYZS-H1PXFFQof4F7X7gqMGH_RQTnH5ArfS12W2Y2ehau6K2YLzUUmLbOIZAa9AE5o5RoJwoBllTLhjg5cWYOZK2tH7TDTdA81MrPBncMjQUzJwEW3uIG4KQ4vgEcp-eIjazLaR5Z_XA-IHCRgK90ZN_8ItVnK9EQeFxzp_JWV6v5DHPkqmBPDbmNS9dOVyUdPzh0j-WceZzHYW-CQHOUEAWnQ"
      }
    }
  ],
  "Variables": {
    "AZURE_MANAGEDHSM_URL": "https://rgjoncardekvv76hsm.managedhsm.azure.net/",
    "RandomSeed": "1542758772"
  }
}
