{
  "Entries": [
    {
      "RequestUri": "https://sanitized.comminication.azure.com/routing/distributionPolicies/87631AB79887DE04BC1CD80089530198FF3EB69472D636D778?api-version=2023-11-01",
      "RequestMethod": "PATCH",
      "RequestHeaders": {
        "Accept": "application/json",
        "Authorization": "Sanitized",
        "Content-Length": "135",
        "Content-Type": "application/merge-patch\u002Bjson",
        "traceparent": "00-c34dfb79948baee42fa3ab2c318bba92-66768cdbd4009da3-00",
        "User-Agent": "azsdk-net-Communication.JobRouter/1.0.0-alpha.20231031.1 (.NET 7.0.13; Microsoft Windows 10.0.22621)",
        "x-ms-client-request-id": "1323c1d164cd9623f29f8fd5dfb9137a",
        "x-ms-content-sha256": "Sanitized",
        "x-ms-date": "Tue, 31 Oct 2023 20:03:52 GMT",
        "x-ms-return-client-request-id": "true"
      },
      "RequestBody": {
        "name": "test",
        "offerExpiresAfterSeconds": 600,
        "mode": {
          "kind": "longest-idle",
          "minConcurrentOffers": 1,
          "maxConcurrentOffers": 1
        },
        "etag": ""
      },
      "StatusCode": 201,
      "ResponseHeaders": {
        "api-supported-versions": "2021-04-07-preview1, 2022-07-18-preview, 2023-08-25-preview, 2023-11-01",
        "Connection": "keep-alive",
        "Content-Type": "application/json; charset=utf-8",
        "Date": "Tue, 31 Oct 2023 20:03:57 GMT",
        "ETag": "\u00224900fad2-0000-0700-0000-65415dad0000\u0022",
        "Last-Modified": "Tue, 31 Oct 2023 20:03:57 GMT",
        "Request-Context": "appId=",
        "trace-id": "c34dfb79-948b-aee4-2fa3-ab2c318bba92",
        "Transfer-Encoding": "chunked",
        "x-azure-ref": "20231031T200357Z-qhu0khatnt5hbbn2fcbzr2e8vc00000003a000000000xdz7",
        "X-Cache": "CONFIG_NOCACHE"
      },
      "ResponseBody": {
        "id": "87631AB79887DE04BC1CD80089530198FF3EB69472D636D778",
        "name": "test",
        "offerExpiresAfterSeconds": 600,
        "mode": {
          "kind": "longest-idle",
          "minConcurrentOffers": 1,
          "maxConcurrentOffers": 1,
          "bypassSelectors": false
        },
        "etag": "\u00224900fad2-0000-0700-0000-65415dad0000\u0022"
      }
    },
    {
      "RequestUri": "https://sanitized.comminication.azure.com/routing/queues/5A39CBE1CD52E2DD99A82A3D693C4A89C51A9D13C157B2B310?api-version=2023-11-01",
      "RequestMethod": "PATCH",
      "RequestHeaders": {
        "Accept": "application/json",
        "Authorization": "Sanitized",
        "Content-Length": "101",
        "Content-Type": "application/merge-patch\u002Bjson",
        "traceparent": "00-d94eaa0f0a077376f501956f5660c596-38fb646a3eef7dc4-00",
        "User-Agent": "azsdk-net-Communication.JobRouter/1.0.0-alpha.20231031.1 (.NET 7.0.13; Microsoft Windows 10.0.22621)",
        "x-ms-client-request-id": "d3d33b75c5e478157c1c377711d69e42",
        "x-ms-content-sha256": "Sanitized",
        "x-ms-date": "Tue, 31 Oct 2023 20:03:53 GMT",
        "x-ms-return-client-request-id": "true"
      },
      "RequestBody": {
        "name": "test",
        "distributionPolicyId": "87631AB79887DE04BC1CD80089530198FF3EB69472D636D778",
        "etag": ""
      },
      "StatusCode": 201,
      "ResponseHeaders": {
        "api-supported-versions": "2021-04-07-preview1, 2022-07-18-preview, 2023-08-25-preview, 2023-11-01",
        "Connection": "keep-alive",
        "Content-Type": "application/json; charset=utf-8",
        "Date": "Tue, 31 Oct 2023 20:03:57 GMT",
        "ETag": "\u00220c017f3d-0000-0700-0000-65415dad0000\u0022",
        "Last-Modified": "Tue, 31 Oct 2023 20:03:57 GMT",
        "Request-Context": "appId=",
        "trace-id": "d94eaa0f-0a07-7376-f501-956f5660c596",
        "Transfer-Encoding": "chunked",
        "x-azure-ref": "20231031T200357Z-qhu0khatnt5hbbn2fcbzr2e8vc00000003a000000000xe1b",
        "X-Cache": "CONFIG_NOCACHE"
      },
      "ResponseBody": {
        "id": "5A39CBE1CD52E2DD99A82A3D693C4A89C51A9D13C157B2B310",
        "name": "test",
        "distributionPolicyId": "87631AB79887DE04BC1CD80089530198FF3EB69472D636D778",
        "labels": {
          "Id": "5A39CBE1CD52E2DD99A82A3D693C4A89C51A9D13C157B2B310"
        },
        "etag": "\u00220c017f3d-0000-0700-0000-65415dad0000\u0022"
      }
    },
    {
      "RequestUri": "https://sanitized.comminication.azure.com/routing/workers/330AFFFDD69D2FF2314D1ACE4B4701123E64852B73BD563538?api-version=2023-11-01",
      "RequestMethod": "PATCH",
      "RequestHeaders": {
        "Accept": "application/json",
        "Authorization": "Sanitized",
        "Content-Length": "217",
        "Content-Type": "application/merge-patch\u002Bjson",
        "traceparent": "00-15a3127a0c00d535c2e84113c8bcef57-5a1aaf18ecbac227-00",
        "User-Agent": "azsdk-net-Communication.JobRouter/1.0.0-alpha.20231031.1 (.NET 7.0.13; Microsoft Windows 10.0.22621)",
        "x-ms-client-request-id": "5db237756145ff9cb2feaf7a28ed6e62",
        "x-ms-content-sha256": "Sanitized",
        "x-ms-date": "Tue, 31 Oct 2023 20:03:53 GMT",
        "x-ms-return-client-request-id": "true"
      },
      "RequestBody": {
        "queues": [
          "5A39CBE1CD52E2DD99A82A3D693C4A89C51A9D13C157B2B310"
        ],
        "capacity": 1,
        "channels": [
          {
            "channelId": "B026D4D07395C9132E1ED040B29FA93EA58B9C8C721594BB79",
            "capacityCostPerJob": 1
          }
        ],
        "availableForOffers": true,
        "etag": ""
      },
      "StatusCode": 201,
      "ResponseHeaders": {
        "api-supported-versions": "2021-04-07-preview1, 2022-07-18-preview, 2023-08-25-preview, 2023-11-01",
        "Connection": "keep-alive",
        "Content-Type": "application/json; charset=utf-8",
        "Date": "Tue, 31 Oct 2023 20:03:58 GMT",
        "ETag": "\u002200000001-0000-0000-a79b-8e844cdadb08\u0022",
        "Last-Modified": "Tue, 31 Oct 2023 20:03:57 GMT",
        "Request-Context": "appId=",
        "trace-id": "15a3127a-0c00-d535-c2e8-4113c8bcef57",
        "Transfer-Encoding": "chunked",
        "x-azure-ref": "20231031T200357Z-qhu0khatnt5hbbn2fcbzr2e8vc00000003a000000000xe2a",
        "X-Cache": "CONFIG_NOCACHE"
      },
      "ResponseBody": {
        "id": "330AFFFDD69D2FF2314D1ACE4B4701123E64852B73BD563538",
        "state": "active",
        "queues": [
          "5A39CBE1CD52E2DD99A82A3D693C4A89C51A9D13C157B2B310"
        ],
        "capacity": 1,
        "labels": {
          "Id": "330AFFFDD69D2FF2314D1ACE4B4701123E64852B73BD563538"
        },
        "tags": {},
        "channels": [
          {
            "channelId": "B026D4D07395C9132E1ED040B29FA93EA58B9C8C721594BB79",
            "capacityCostPerJob": 1
          }
        ],
        "offers": [],
        "assignedJobs": [],
        "loadRatio": 0,
        "availableForOffers": true,
        "etag": "\u002200000001-0000-0000-a79b-8e844cdadb08\u0022"
      }
    },
    {
      "RequestUri": "https://sanitized.comminication.azure.com/routing/jobs/C0E19F8F530780D55ADD7A6E7BA0267FFE8821BDCB09B50882?api-version=2023-11-01",
      "RequestMethod": "PATCH",
      "RequestHeaders": {
        "Accept": "application/json",
        "Authorization": "Sanitized",
        "Content-Length": "152",
        "Content-Type": "application/merge-patch\u002Bjson",
        "traceparent": "00-57a1d16ca234f769678ffba59feebd69-d5b8f49b48811706-00",
        "User-Agent": "azsdk-net-Communication.JobRouter/1.0.0-alpha.20231031.1 (.NET 7.0.13; Microsoft Windows 10.0.22621)",
        "x-ms-client-request-id": "1037c1677efd0b49acab97b02cac841b",
        "x-ms-content-sha256": "Sanitized",
        "x-ms-date": "Tue, 31 Oct 2023 20:03:54 GMT",
        "x-ms-return-client-request-id": "true"
      },
      "RequestBody": {
        "channelId": "B026D4D07395C9132E1ED040B29FA93EA58B9C8C721594BB79",
        "queueId": "5A39CBE1CD52E2DD99A82A3D693C4A89C51A9D13C157B2B310",
        "priority": 1,
        "etag": ""
      },
      "StatusCode": 201,
      "ResponseHeaders": {
        "api-supported-versions": "2021-04-07-preview1, 2022-07-18-preview, 2023-08-25-preview, 2023-11-01",
        "Connection": "keep-alive",
        "Content-Type": "application/json; charset=utf-8",
        "Date": "Tue, 31 Oct 2023 20:03:58 GMT",
        "ETag": "\u002200000000-0000-0000-4bb9-b3844cdadb08\u0022",
        "Last-Modified": "Tue, 31 Oct 2023 20:03:58 GMT",
        "Request-Context": "appId=",
        "trace-id": "57a1d16c-a234-f769-678f-fba59feebd69",
        "Transfer-Encoding": "chunked",
        "x-azure-ref": "20231031T200358Z-qhu0khatnt5hbbn2fcbzr2e8vc00000003a000000000xe3p",
        "X-Cache": "CONFIG_NOCACHE"
      },
      "ResponseBody": {
        "id": "C0E19F8F530780D55ADD7A6E7BA0267FFE8821BDCB09B50882",
        "status": "created",
        "channelId": "B026D4D07395C9132E1ED040B29FA93EA58B9C8C721594BB79",
        "queueId": "5A39CBE1CD52E2DD99A82A3D693C4A89C51A9D13C157B2B310",
        "priority": 1,
        "requestedWorkerSelectors": [],
        "attachedWorkerSelectors": [],
        "labels": {},
        "assignments": {},
        "tags": {},
        "notes": [],
        "matchingMode": {
          "kind": "queue-and-match"
        },
        "etag": "\u002200000000-0000-0000-4bb9-b3844cdadb08\u0022"
      }
    },
    {
      "RequestUri": "https://sanitized.comminication.azure.com/routing/workers/330AFFFDD69D2FF2314D1ACE4B4701123E64852B73BD563538?api-version=2023-11-01",
      "RequestMethod": "GET",
      "RequestHeaders": {
        "Accept": "application/json",
        "Authorization": "Sanitized",
        "traceparent": "00-8ad02093fd84fcf81e49449caf204ecb-6bfbc7bdab0e7ddd-00",
        "User-Agent": "azsdk-net-Communication.JobRouter/1.0.0-alpha.20231031.1 (.NET 7.0.13; Microsoft Windows 10.0.22621)",
        "x-ms-client-request-id": "a85f4d00b50714349fd320e5169b508f",
        "x-ms-content-sha256": "Sanitized",
        "x-ms-date": "Tue, 31 Oct 2023 20:03:54 GMT",
        "x-ms-return-client-request-id": "true"
      },
      "RequestBody": null,
      "StatusCode": 200,
      "ResponseHeaders": {
        "api-supported-versions": "2021-04-07-preview1, 2022-07-18-preview, 2023-08-25-preview, 2023-11-01",
        "Connection": "keep-alive",
        "Content-Type": "application/json; charset=utf-8",
        "Date": "Tue, 31 Oct 2023 20:03:58 GMT",
        "ETag": "\u002200000002-0000-0000-9dd8-b7844cdadb08\u0022",
        "Last-Modified": "Tue, 31 Oct 2023 20:03:58 GMT",
        "Request-Context": "appId=",
        "trace-id": "8ad02093-fd84-fcf8-1e49-449caf204ecb",
        "Transfer-Encoding": "chunked",
        "x-azure-ref": "20231031T200358Z-qhu0khatnt5hbbn2fcbzr2e8vc00000003a000000000xe4e",
        "X-Cache": "CONFIG_NOCACHE"
      },
      "ResponseBody": {
        "id": "330AFFFDD69D2FF2314D1ACE4B4701123E64852B73BD563538",
        "state": "active",
        "queues": [
          "5A39CBE1CD52E2DD99A82A3D693C4A89C51A9D13C157B2B310"
        ],
        "capacity": 1,
        "labels": {
          "Id": "330AFFFDD69D2FF2314D1ACE4B4701123E64852B73BD563538"
        },
        "tags": {},
        "channels": [
          {
            "channelId": "B026D4D07395C9132E1ED040B29FA93EA58B9C8C721594BB79",
            "capacityCostPerJob": 1
          }
        ],
        "offers": [],
        "assignedJobs": [],
        "loadRatio": 0,
        "availableForOffers": true,
        "etag": "\u002200000002-0000-0000-9dd8-b7844cdadb08\u0022"
      }
    },
    {
      "RequestUri": "https://sanitized.comminication.azure.com/routing/workers/330AFFFDD69D2FF2314D1ACE4B4701123E64852B73BD563538?api-version=2023-11-01",
      "RequestMethod": "GET",
      "RequestHeaders": {
        "Accept": "application/json",
        "Authorization": "Sanitized",
        "traceparent": "00-33b8ae347a80ca60efad7b4a5751ef08-2bcc321c770900ed-00",
        "User-Agent": "azsdk-net-Communication.JobRouter/1.0.0-alpha.20231031.1 (.NET 7.0.13; Microsoft Windows 10.0.22621)",
        "x-ms-client-request-id": "5010d4ae8e9ef744eda6b19acaebd206",
        "x-ms-content-sha256": "Sanitized",
        "x-ms-date": "Tue, 31 Oct 2023 20:03:55 GMT",
        "x-ms-return-client-request-id": "true"
      },
      "RequestBody": null,
      "StatusCode": 200,
      "ResponseHeaders": {
        "api-supported-versions": "2021-04-07-preview1, 2022-07-18-preview, 2023-08-25-preview, 2023-11-01",
        "Connection": "keep-alive",
        "Content-Type": "application/json; charset=utf-8",
        "Date": "Tue, 31 Oct 2023 20:03:59 GMT",
        "ETag": "\u002200000003-0000-0000-198b-e2844cdadb08\u0022",
        "Last-Modified": "Tue, 31 Oct 2023 20:03:58 GMT",
        "Request-Context": "appId=",
        "trace-id": "33b8ae34-7a80-ca60-efad-7b4a5751ef08",
        "Transfer-Encoding": "chunked",
        "x-azure-ref": "20231031T200359Z-qhu0khatnt5hbbn2fcbzr2e8vc00000003a000000000xe9m",
        "X-Cache": "CONFIG_NOCACHE"
      },
      "ResponseBody": {
        "id": "330AFFFDD69D2FF2314D1ACE4B4701123E64852B73BD563538",
        "state": "active",
        "queues": [
          "5A39CBE1CD52E2DD99A82A3D693C4A89C51A9D13C157B2B310"
        ],
        "capacity": 1,
        "labels": {
          "Id": "330AFFFDD69D2FF2314D1ACE4B4701123E64852B73BD563538"
        },
        "tags": {},
        "channels": [
          {
            "channelId": "B026D4D07395C9132E1ED040B29FA93EA58B9C8C721594BB79",
            "capacityCostPerJob": 1
          }
        ],
        "offers": [
          {
            "offerId": "bcc26da6-8112-4dba-8ef4-dfdeb65bd233",
            "jobId": "C0E19F8F530780D55ADD7A6E7BA0267FFE8821BDCB09B50882",
            "capacityCost": 1,
            "offeredAt": "2023-10-31T20:03:58.4866053\u002B00:00",
            "expiresAt": "2023-10-31T20:13:58.4866055\u002B00:00"
          }
        ],
        "assignedJobs": [],
        "loadRatio": 1,
        "availableForOffers": true,
        "etag": "\u002200000003-0000-0000-198b-e2844cdadb08\u0022"
      }
    },
    {
      "RequestUri": "https://sanitized.comminication.azure.com/routing/workers/330AFFFDD69D2FF2314D1ACE4B4701123E64852B73BD563538/offers/bcc26da6-8112-4dba-8ef4-dfdeb65bd233:accept?api-version=2023-11-01",
      "RequestMethod": "POST",
      "RequestHeaders": {
        "Accept": "application/json",
        "Authorization": "Sanitized",
        "Content-Length": "0",
        "traceparent": "00-18b24d8c986e6fa7cf20b8329d0e4046-d90f3c82c61a1890-00",
        "User-Agent": "azsdk-net-Communication.JobRouter/1.0.0-alpha.20231031.1 (.NET 7.0.13; Microsoft Windows 10.0.22621)",
        "x-ms-client-request-id": "db799379c58db15b8c2371295e64f410",
        "x-ms-content-sha256": "Sanitized",
        "x-ms-date": "Tue, 31 Oct 2023 20:03:55 GMT",
        "x-ms-return-client-request-id": "true"
      },
      "RequestBody": null,
      "StatusCode": 200,
      "ResponseHeaders": {
        "api-supported-versions": "2021-04-07-preview1, 2022-07-18-preview, 2023-08-25-preview, 2023-11-01",
        "Connection": "keep-alive",
        "Content-Type": "application/json; charset=utf-8",
        "Date": "Tue, 31 Oct 2023 20:04:00 GMT",
        "Request-Context": "appId=",
        "trace-id": "18b24d8c-986e-6fa7-cf20-b8329d0e4046",
        "Transfer-Encoding": "chunked",
        "x-azure-ref": "20231031T200359Z-qhu0khatnt5hbbn2fcbzr2e8vc00000003a000000000xea6",
        "X-Cache": "CONFIG_NOCACHE"
      },
      "ResponseBody": {
        "assignmentId": "62126c33-dcaa-4725-a202-44af28b1fb1d",
        "jobId": "C0E19F8F530780D55ADD7A6E7BA0267FFE8821BDCB09B50882",
        "workerId": "330AFFFDD69D2FF2314D1ACE4B4701123E64852B73BD563538"
      }
    },
    {
      "RequestUri": "https://sanitized.comminication.azure.com/routing/workers/330AFFFDD69D2FF2314D1ACE4B4701123E64852B73BD563538/offers/bcc26da6-8112-4dba-8ef4-dfdeb65bd233:decline?api-version=2023-11-01",
      "RequestMethod": "POST",
      "RequestHeaders": {
        "Accept": "application/json",
        "Authorization": "Sanitized",
        "Content-Length": "47",
        "Content-Type": "application/json",
        "traceparent": "00-afb208b08aff231af93158239d7d0bc8-5d16b404f4cea82c-00",
        "User-Agent": "azsdk-net-Communication.JobRouter/1.0.0-alpha.20231031.1 (.NET 7.0.13; Microsoft Windows 10.0.22621)",
        "x-ms-client-request-id": "5701075b349b727d0868ba60039a49b3",
        "x-ms-content-sha256": "Sanitized",
        "x-ms-date": "Tue, 31 Oct 2023 20:03:56 GMT",
        "x-ms-return-client-request-id": "true"
      },
      "RequestBody": {
        "retryOfferAt": "0001-01-01T00:00:00.0000000Z"
      },
      "StatusCode": 404,
      "ResponseHeaders": {
        "api-supported-versions": "2021-04-07-preview1, 2022-07-18-preview, 2023-08-25-preview, 2023-11-01",
        "Connection": "keep-alive",
        "Content-Type": "application/json; charset=utf-8",
        "Date": "Tue, 31 Oct 2023 20:04:00 GMT",
        "Request-Context": "appId=",
        "trace-id": "afb208b0-8aff-231a-f931-58239d7d0bc8",
        "Transfer-Encoding": "chunked",
        "x-azure-ref": "20231031T200400Z-qhu0khatnt5hbbn2fcbzr2e8vc00000003a000000000xegd",
        "X-Cache": "CONFIG_NOCACHE"
      },
      "ResponseBody": {
        "communicationError": {
          "code": "NotFound",
          "message": "DeclineOfferCommandHandler: Offer not found. OfferId: bcc26da6-8112-4dba-8ef4-dfdeb65bd233, WorkerId: 330AFFFDD69D2FF2314D1ACE4B4701123E64852B73BD563538",
          "target": "/routing/workers/330AFFFDD69D2FF2314D1ACE4B4701123E64852B73BD563538/offers/bcc26da6-8112-4dba-8ef4-dfdeb65bd233:decline"
        }
      }
    },
    {
      "RequestUri": "https://sanitized.comminication.azure.com/routing/jobs/C0E19F8F530780D55ADD7A6E7BA0267FFE8821BDCB09B50882:complete?api-version=2023-11-01",
      "RequestMethod": "POST",
      "RequestHeaders": {
        "Accept": "application/json",
        "Authorization": "Sanitized",
        "Content-Length": "132",
        "Content-Type": "application/json",
        "traceparent": "00-1a224f954128f7df8bbb3745113fa86f-32acb756faad249d-00",
        "User-Agent": "azsdk-net-Communication.JobRouter/1.0.0-alpha.20231031.1 (.NET 7.0.13; Microsoft Windows 10.0.22621)",
        "x-ms-client-request-id": "836b1a017421e802785ec37a1c1b9989",
        "x-ms-content-sha256": "Sanitized",
        "x-ms-date": "Tue, 31 Oct 2023 20:03:56 GMT",
        "x-ms-return-client-request-id": "true"
      },
      "RequestBody": {
        "assignmentId": "62126c33-dcaa-4725-a202-44af28b1fb1d",
        "note": "Job completed by 330AFFFDD69D2FF2314D1ACE4B4701123E64852B73BD563538"
      },
      "StatusCode": 200,
      "ResponseHeaders": {
        "api-supported-versions": "2021-04-07-preview1, 2022-07-18-preview, 2023-08-25-preview, 2023-11-01",
        "Connection": "keep-alive",
        "Content-Type": "application/json; charset=utf-8",
        "Date": "Tue, 31 Oct 2023 20:04:00 GMT",
        "Request-Context": "appId=",
        "trace-id": "1a224f95-4128-f7df-8bbb-3745113fa86f",
        "Transfer-Encoding": "chunked",
        "x-azure-ref": "20231031T200400Z-qhu0khatnt5hbbn2fcbzr2e8vc00000003a000000000xegu",
        "X-Cache": "CONFIG_NOCACHE"
      },
      "ResponseBody": {}
    },
    {
      "RequestUri": "https://sanitized.comminication.azure.com/routing/jobs/C0E19F8F530780D55ADD7A6E7BA0267FFE8821BDCB09B50882:close?api-version=2023-11-01",
      "RequestMethod": "POST",
      "RequestHeaders": {
        "Accept": "application/json",
        "Authorization": "Sanitized",
        "Content-Length": "170",
        "Content-Type": "application/json",
        "traceparent": "00-17d099a9239c08bea86d1ebe224c34ac-bab13a8c0671143a-00",
        "User-Agent": "azsdk-net-Communication.JobRouter/1.0.0-alpha.20231031.1 (.NET 7.0.13; Microsoft Windows 10.0.22621)",
        "x-ms-client-request-id": "c23fa0b27ae9446a1607d2250bfbadf2",
        "x-ms-content-sha256": "Sanitized",
        "x-ms-date": "Tue, 31 Oct 2023 20:03:56 GMT",
        "x-ms-return-client-request-id": "true"
      },
      "RequestBody": {
        "assignmentId": "62126c33-dcaa-4725-a202-44af28b1fb1d",
        "closeAt": "0001-01-01T00:00:00.0000000Z",
        "note": "Job closed by 330AFFFDD69D2FF2314D1ACE4B4701123E64852B73BD563538"
      },
      "StatusCode": 202,
      "ResponseHeaders": {
        "api-supported-versions": "2021-04-07-preview1, 2022-07-18-preview, 2023-08-25-preview, 2023-11-01",
        "Connection": "keep-alive",
        "Content-Type": "application/json; charset=utf-8",
        "Date": "Tue, 31 Oct 2023 20:04:01 GMT",
        "Request-Context": "appId=",
        "trace-id": "17d099a9-239c-08be-a86d-1ebe224c34ac",
        "Transfer-Encoding": "chunked",
        "x-azure-ref": "20231031T200400Z-qhu0khatnt5hbbn2fcbzr2e8vc00000003a000000000xehy",
        "X-Cache": "CONFIG_NOCACHE"
      },
      "ResponseBody": {}
    },
    {
      "RequestUri": "https://sanitized.comminication.azure.com/routing/jobs/C0E19F8F530780D55ADD7A6E7BA0267FFE8821BDCB09B50882?api-version=2023-11-01",
      "RequestMethod": "GET",
      "RequestHeaders": {
        "Accept": "application/json",
        "Authorization": "Sanitized",
        "traceparent": "00-b146193cd02b7647e1bbcef2f0bf3630-3a2cbf51617ac953-00",
        "User-Agent": "azsdk-net-Communication.JobRouter/1.0.0-alpha.20231031.1 (.NET 7.0.13; Microsoft Windows 10.0.22621)",
        "x-ms-client-request-id": "4328bed971f8e6ef0519de3c710256ec",
        "x-ms-content-sha256": "Sanitized",
        "x-ms-date": "Tue, 31 Oct 2023 20:03:57 GMT",
        "x-ms-return-client-request-id": "true"
      },
      "RequestBody": null,
      "StatusCode": 200,
      "ResponseHeaders": {
        "api-supported-versions": "2021-04-07-preview1, 2022-07-18-preview, 2023-08-25-preview, 2023-11-01",
        "Connection": "keep-alive",
        "Content-Type": "application/json; charset=utf-8",
        "Date": "Tue, 31 Oct 2023 20:04:01 GMT",
        "ETag": "\u002200000004-0000-0000-d937-4e864cdadb08\u0022",
        "Last-Modified": "Tue, 31 Oct 2023 20:04:00 GMT",
        "Request-Context": "appId=",
        "trace-id": "b146193c-d02b-7647-e1bb-cef2f0bf3630",
        "Transfer-Encoding": "chunked",
        "x-azure-ref": "20231031T200401Z-qhu0khatnt5hbbn2fcbzr2e8vc00000003a000000000xer2",
        "X-Cache": "CONFIG_NOCACHE"
      },
      "ResponseBody": {
        "id": "C0E19F8F530780D55ADD7A6E7BA0267FFE8821BDCB09B50882",
        "status": "closed",
        "enqueuedAt": "2023-10-31T20:03:58.2883402\u002B00:00",
        "channelId": "B026D4D07395C9132E1ED040B29FA93EA58B9C8C721594BB79",
        "queueId": "5A39CBE1CD52E2DD99A82A3D693C4A89C51A9D13C157B2B310",
        "priority": 1,
        "dispositionCode": "Closed",
        "requestedWorkerSelectors": [],
        "attachedWorkerSelectors": [],
        "labels": {},
        "assignments": {
          "62126c33-dcaa-4725-a202-44af28b1fb1d": {
            "assignmentId": "62126c33-dcaa-4725-a202-44af28b1fb1d",
            "workerId": "330AFFFDD69D2FF2314D1ACE4B4701123E64852B73BD563538",
            "assignedAt": "2023-10-31T20:03:59.5746415\u002B00:00",
            "completedAt": "2023-10-31T20:04:00.7270058\u002B00:00",
            "closedAt": "2023-10-31T20:04:00.8699865\u002B00:00"
          }
        },
        "tags": {},
        "notes": [
          {
            "message": "Job completed by 330AFFFDD69D2FF2314D1ACE4B4701123E64852B73BD563538",
            "addedAt": "2023-10-31T20:04:00.7270058\u002B00:00"
          },
          {
            "message": "Job closed by 330AFFFDD69D2FF2314D1ACE4B4701123E64852B73BD563538",
            "addedAt": "2023-10-31T20:04:00.8699865\u002B00:00"
          }
        ],
        "matchingMode": {
          "kind": "queue-and-match"
        },
        "etag": "\u002200000004-0000-0000-d937-4e864cdadb08\u0022"
      }
    },
    {
      "RequestUri": "https://sanitized.comminication.azure.com/routing/workers/330AFFFDD69D2FF2314D1ACE4B4701123E64852B73BD563538?api-version=2023-11-01",
      "RequestMethod": "PATCH",
      "RequestHeaders": {
        "Accept": "application/json",
        "Authorization": "Sanitized",
        "Content-Length": "335",
        "Content-Type": "application/merge-patch\u002Bjson",
        "traceparent": "00-a6e7cfca29a7a12fb8164c3e65e38194-d7c4ba72fc9605b9-00",
        "User-Agent": "azsdk-net-Communication.JobRouter/1.0.0-alpha.20231031.1 (.NET 7.0.13; Microsoft Windows 10.0.22621)",
        "x-ms-client-request-id": "63ae30cf875a86c9af266d1aa2dddd7d",
        "x-ms-content-sha256": "Sanitized",
        "x-ms-date": "Tue, 31 Oct 2023 20:03:57 GMT",
        "x-ms-return-client-request-id": "true"
      },
      "RequestBody": {
        "queues": [
          "5A39CBE1CD52E2DD99A82A3D693C4A89C51A9D13C157B2B310"
        ],
        "capacity": 1,
        "labels": {
          "Id": "330AFFFDD69D2FF2314D1ACE4B4701123E64852B73BD563538"
        },
        "channels": [
          {
            "channelId": "B026D4D07395C9132E1ED040B29FA93EA58B9C8C721594BB79",
            "capacityCostPerJob": 1
          }
        ],
        "availableForOffers": false,
        "etag": "\u002200000003-0000-0000-198b-e2844cdadb08\u0022"
      },
      "StatusCode": 200,
      "ResponseHeaders": {
        "api-supported-versions": "2021-04-07-preview1, 2022-07-18-preview, 2023-08-25-preview, 2023-11-01",
        "Connection": "keep-alive",
        "Content-Type": "application/json; charset=utf-8",
        "Date": "Tue, 31 Oct 2023 20:04:02 GMT",
        "ETag": "\u002200000007-0000-0000-24de-f2864cdadb08\u0022",
        "Last-Modified": "Tue, 31 Oct 2023 20:04:01 GMT",
        "Request-Context": "appId=",
        "trace-id": "a6e7cfca-29a7-a12f-b816-4c3e65e38194",
        "Transfer-Encoding": "chunked",
        "x-azure-ref": "20231031T200401Z-qhu0khatnt5hbbn2fcbzr2e8vc00000003a000000000xerg",
        "X-Cache": "CONFIG_NOCACHE"
      },
      "ResponseBody": {
        "id": "330AFFFDD69D2FF2314D1ACE4B4701123E64852B73BD563538",
        "state": "inactive",
        "queues": [
          "5A39CBE1CD52E2DD99A82A3D693C4A89C51A9D13C157B2B310"
        ],
        "capacity": 1,
        "labels": {
          "Id": "330AFFFDD69D2FF2314D1ACE4B4701123E64852B73BD563538"
        },
        "tags": {},
        "channels": [
          {
            "channelId": "B026D4D07395C9132E1ED040B29FA93EA58B9C8C721594BB79",
            "capacityCostPerJob": 1
          }
        ],
        "offers": [],
        "assignedJobs": [],
        "loadRatio": 0,
        "availableForOffers": false,
        "etag": "\u002200000007-0000-0000-24de-f2864cdadb08\u0022"
      }
    },
    {
      "RequestUri": "https://sanitized.comminication.azure.com/routing/jobs/C0E19F8F530780D55ADD7A6E7BA0267FFE8821BDCB09B50882?api-version=2023-11-01",
      "RequestMethod": "DELETE",
      "RequestHeaders": {
        "Accept": "application/json",
        "Authorization": "Sanitized",
        "traceparent": "00-454ac6d42c38e4621e14083db09bbfd2-cb536c44abae4ec1-00",
        "User-Agent": "azsdk-net-Communication.JobRouter/1.0.0-alpha.20231031.1 (.NET 7.0.13; Microsoft Windows 10.0.22621)",
        "x-ms-client-request-id": "5ea0d1b155f24091b159bdd09c2dd313",
        "x-ms-content-sha256": "Sanitized",
        "x-ms-date": "Tue, 31 Oct 2023 20:04:07 GMT",
        "x-ms-return-client-request-id": "true"
      },
      "RequestBody": null,
      "StatusCode": 204,
      "ResponseHeaders": {
        "api-supported-versions": "2021-04-07-preview1, 2022-07-18-preview, 2023-08-25-preview, 2023-11-01",
        "Connection": "keep-alive",
        "Date": "Tue, 31 Oct 2023 20:04:11 GMT",
        "Request-Context": "appId=",
        "trace-id": "454ac6d4-2c38-e462-1e14-083db09bbfd2",
        "x-azure-ref": "20231031T200411Z-qhu0khatnt5hbbn2fcbzr2e8vc00000003a000000000xg37",
        "X-Cache": "CONFIG_NOCACHE"
      },
      "ResponseBody": null
    },
    {
      "RequestUri": "https://sanitized.comminication.azure.com/routing/workers/330AFFFDD69D2FF2314D1ACE4B4701123E64852B73BD563538?api-version=2023-11-01",
      "RequestMethod": "PATCH",
      "RequestHeaders": {
        "Accept": "application/json",
        "Authorization": "Sanitized",
        "Content-Length": "64",
        "Content-Type": "application/merge-patch\u002Bjson",
        "traceparent": "00-0ee6c942c4cf1622302183d9ffa21968-4397c5410a36ea87-00",
        "User-Agent": "azsdk-net-Communication.JobRouter/1.0.0-alpha.20231031.1 (.NET 7.0.13; Microsoft Windows 10.0.22621)",
        "x-ms-client-request-id": "da55e5b04a4d5298f4a293d104d54327",
        "x-ms-content-sha256": "Sanitized",
        "x-ms-date": "Tue, 31 Oct 2023 20:04:08 GMT",
        "x-ms-return-client-request-id": "true"
      },
      "RequestBody": {
        "queues": [],
        "channels": [],
        "availableForOffers": false,
        "etag": ""
      },
      "StatusCode": 200,
      "ResponseHeaders": {
        "api-supported-versions": "2021-04-07-preview1, 2022-07-18-preview, 2023-08-25-preview, 2023-11-01",
        "Connection": "keep-alive",
        "Content-Type": "application/json; charset=utf-8",
        "Date": "Tue, 31 Oct 2023 20:04:12 GMT",
        "ETag": "\u002200000009-0000-0000-b4f0-0b8d4cdadb08\u0022",
        "Last-Modified": "Tue, 31 Oct 2023 20:04:12 GMT",
        "Request-Context": "appId=",
        "trace-id": "0ee6c942-c4cf-1622-3021-83d9ffa21968",
        "Transfer-Encoding": "chunked",
        "x-azure-ref": "20231031T200412Z-qhu0khatnt5hbbn2fcbzr2e8vc00000003a000000000xg9m",
        "X-Cache": "CONFIG_NOCACHE"
      },
      "ResponseBody": {
        "id": "330AFFFDD69D2FF2314D1ACE4B4701123E64852B73BD563538",
        "state": "inactive",
        "queues": [],
        "capacity": 1,
        "labels": {
          "Id": "330AFFFDD69D2FF2314D1ACE4B4701123E64852B73BD563538"
        },
        "tags": {},
        "channels": [],
        "offers": [],
        "assignedJobs": [],
        "loadRatio": 0,
        "availableForOffers": false,
        "etag": "\u002200000009-0000-0000-b4f0-0b8d4cdadb08\u0022"
      }
    },
    {
      "RequestUri": "https://sanitized.comminication.azure.com/routing/queues/5A39CBE1CD52E2DD99A82A3D693C4A89C51A9D13C157B2B310?api-version=2023-11-01",
      "RequestMethod": "DELETE",
      "RequestHeaders": {
        "Accept": "application/json",
        "Authorization": "Sanitized",
        "traceparent": "00-3fbb6f7fc49ff02fb94873aac0166cee-0f7d9aa6bf0ca2b0-00",
        "User-Agent": "azsdk-net-Communication.JobRouter/1.0.0-alpha.20231031.1 (.NET 7.0.13; Microsoft Windows 10.0.22621)",
        "x-ms-client-request-id": "a08b613cf8617af99f6db100c9f9ea82",
        "x-ms-content-sha256": "Sanitized",
        "x-ms-date": "Tue, 31 Oct 2023 20:04:09 GMT",
        "x-ms-return-client-request-id": "true"
      },
      "RequestBody": null,
      "StatusCode": 204,
      "ResponseHeaders": {
        "api-supported-versions": "2021-04-07-preview1, 2022-07-18-preview, 2023-08-25-preview, 2023-11-01",
        "Connection": "keep-alive",
        "Date": "Tue, 31 Oct 2023 20:04:13 GMT",
        "Request-Context": "appId=",
        "trace-id": "3fbb6f7f-c49f-f02f-b948-73aac0166cee",
        "x-azure-ref": "20231031T200413Z-qhu0khatnt5hbbn2fcbzr2e8vc00000003a000000000xggh",
        "X-Cache": "CONFIG_NOCACHE"
      },
      "ResponseBody": null
    }
  ],
  "Variables": {
    "COMMUNICATION_LIVETEST_DYNAMIC_CONNECTION_STRING": "endpoint=https://sanitized.communication.azure.com/;accesskey=Kg==",
    "id-prefix": "sdk-tK0IVG4r8kW-49JD0jZT-w-",
    "RandomSeed": "988185328"
  }
}
