{
  "Entries": [
    {
      "RequestUri": "https://jalauzonnettest.blob.core.windows.net/test-container-016a5f74-c09d-2383-e262-187533dc34b0?restype=container",
      "RequestMethod": "PUT",
      "RequestHeaders": {
        "Accept": "application/xml",
        "Authorization": "Sanitized",
        "Content-Length": "0",
        "traceparent": "00-c0994dddb1bb27c4fbe9b676a9b60bf3-f8f5876a2e77531a-00",
        "User-Agent": "azsdk-net-Storage.Blobs/12.24.0-alpha.20250129.1 (.NET 8.0.12; Microsoft Windows 10.0.22631)",
        "x-ms-client-request-id": "Sanitized",
        "x-ms-date": "Thu, 30 Jan 2025 01:24:35 GMT",
        "x-ms-return-client-request-id": "true",
        "x-ms-version": "2025-05-05"
      },
      "RequestBody": null,
      "StatusCode": 201,
      "ResponseHeaders": {
        "Content-Length": "0",
        "Date": "Thu, 30 Jan 2025 01:24:34 GMT",
        "ETag": "\"0x8DD40CCDB296C10\"",
        "Last-Modified": "Thu, 30 Jan 2025 01:24:35 GMT",
        "Server": [
          "Windows-Azure-Blob/1.0",
          "Microsoft-HTTPAPI/2.0"
        ],
        "x-ms-client-request-id": "Sanitized",
        "x-ms-request-id": "d20901bc-f01e-0020-7eb5-72a165000000",
        "x-ms-version": "2025-05-05"
      },
      "ResponseBody": null
    },
    {
      "RequestUri": "https://jalauzonnettest.blob.core.windows.net/test-container-d962af76-5eb5-5395-db7d-97773119aeab?restype=container",
      "RequestMethod": "PUT",
      "RequestHeaders": {
        "Accept": "application/xml",
        "Authorization": "Sanitized",
        "Content-Length": "0",
        "traceparent": "00-97f20f83f41c7bf327950bfda97ef729-0b690bdbb78347c3-00",
        "User-Agent": "azsdk-net-Storage.Blobs/12.24.0-alpha.20250129.1 (.NET 8.0.12; Microsoft Windows 10.0.22631)",
        "x-ms-client-request-id": "Sanitized",
        "x-ms-date": "Thu, 30 Jan 2025 01:24:35 GMT",
        "x-ms-return-client-request-id": "true",
        "x-ms-version": "2025-05-05"
      },
      "RequestBody": null,
      "StatusCode": 201,
      "ResponseHeaders": {
        "Content-Length": "0",
        "Date": "Thu, 30 Jan 2025 01:24:34 GMT",
        "ETag": "\"0x8DD40CCDB32A4C8\"",
        "Last-Modified": "Thu, 30 Jan 2025 01:24:35 GMT",
        "Server": [
          "Windows-Azure-Blob/1.0",
          "Microsoft-HTTPAPI/2.0"
        ],
        "x-ms-client-request-id": "Sanitized",
        "x-ms-request-id": "d20901be-f01e-0020-7fb5-72a165000000",
        "x-ms-version": "2025-05-05"
      },
      "ResponseBody": null
    },
    {
      "RequestUri": "https://jalauzonnettest.blob.core.windows.net/test-container-016a5f74-c09d-2383-e262-187533dc34b0/test-blob-728de323-8542-925d-b106-71e3b6f2c27b",
      "RequestMethod": "PUT",
      "RequestHeaders": {
        "Accept": "application/xml",
        "Authorization": "Sanitized",
        "Content-Length": "0",
        "If-None-Match": "*",
        "traceparent": "00-b4e41f7652948b436ad64924853f1bd2-d423e099124c8351-00",
        "User-Agent": "azsdk-net-Storage.Blobs/12.24.0-alpha.20250129.1 (.NET 8.0.12; Microsoft Windows 10.0.22631)",
        "x-ms-blob-cache-control": "no-cache",
        "x-ms-blob-content-disposition": "inline",
        "x-ms-blob-content-language": "en-US",
        "x-ms-blob-content-length": "1024",
        "x-ms-blob-content-type": "text/plain",
        "x-ms-blob-type": "PageBlob",
        "x-ms-client-request-id": "Sanitized",
        "x-ms-date": "Thu, 30 Jan 2025 01:24:35 GMT",
        "x-ms-meta-Capital": "letter",
        "x-ms-meta-foo": "bar",
        "x-ms-meta-meta": "data",
        "x-ms-meta-UPPER": "case",
        "x-ms-return-client-request-id": "true",
        "x-ms-version": "2025-05-05"
      },
      "RequestBody": null,
      "StatusCode": 201,
      "ResponseHeaders": {
        "Content-Length": "0",
        "Date": "Thu, 30 Jan 2025 01:24:34 GMT",
        "ETag": "\"0x8DD40CCDB3B86E9\"",
        "Last-Modified": "Thu, 30 Jan 2025 01:24:35 GMT",
        "Server": [
          "Windows-Azure-Blob/1.0",
          "Microsoft-HTTPAPI/2.0"
        ],
        "x-ms-client-request-id": "Sanitized",
        "x-ms-request-id": "d20901c0-f01e-0020-80b5-72a165000000",
        "x-ms-request-server-encrypted": "true",
        "x-ms-version": "2025-05-05",
        "x-ms-version-id": "2025-01-30T01:24:35.2095977Z"
      },
      "ResponseBody": null
    },
    {
      "RequestUri": "https://jalauzonnettest.blob.core.windows.net/test-container-016a5f74-c09d-2383-e262-187533dc34b0/test-blob-728de323-8542-925d-b106-71e3b6f2c27b?comp=page",
      "RequestMethod": "PUT",
      "RequestHeaders": {
        "Accept": "application/xml",
        "Authorization": "Sanitized",
        "Content-Length": "1024",
        "Content-Type": "application/octet-stream",
        "traceparent": "00-317b8efd16a354c16a4695d24d1d7bbe-b7a1f9ad79ae8e46-00",
        "User-Agent": "azsdk-net-Storage.Blobs/12.24.0-alpha.20250129.1 (.NET 8.0.12; Microsoft Windows 10.0.22631)",
        "x-ms-client-request-id": "Sanitized",
        "x-ms-date": "Thu, 30 Jan 2025 01:24:35 GMT",
        "x-ms-page-write": "update",
        "x-ms-range": "bytes=0-1023",
        "x-ms-return-client-request-id": "true",
        "x-ms-version": "2025-05-05"
      },
      "RequestBody": "O9aG6c54F6A9w3ccuvjPsUlCju0V/Fs32tkGe86J/X1I833mdIyZ7bOF0fR7C16zT4H64QOV6D97Tg/0cpzRs8b61Md66T29qaE6jypmvM56UixNjxt5sgs+ayV8pHoXsx4ugDeXOGZEPDhiW1gVFZJAeSBwhCOqgCG7PH0XQAQmItsLNzuX4xrGCVLiF1ezKFaSPCtapi/7hAAV3PvoLPw0Ozh8Cd1XqJYFqnvQx2nJCBMnhAPZzHysELM7gQYe3txWrtwfNh94O5OUVPyzKryWS9TowKf4W267z/kqHCaQ58yeehmNqtH0r0lwRXiA+eX2pDYyNh01XVNtY2YlTh9sBGwvFLCjCaEC8xFeiBX2O9YUM3fwXbGuaRzFH0Zrz2ApA0ELUOQ1UpqUMEIM1tU9dieQERqnfKa6gauT3ulalySwNYXU6uvx3uDcWy1voZJHh6ke2r1FgYaaUc45onSxOpgeXKFPaIw8njI5yiB4S98YS1ZAO7xmarP+OpkcuDxsKyGUUUXx9x8c4jyKC7ZmIQXuIVYecP7ct/HuUS7zH+b2zZ/+5PqaJlM2JFiA2178lxiTLpblTbsiuJlTA6bxKcNVlD4XZz0LVPoC50ylW9uS8bkVYPFQEH/j2yxgRiOtRfqVKkcg5DDbh9mb42ZufFy9wBHs28nRBYO+M4sQqw3WVaFREDGUcgyJOtgXtC0ZdF/QooUSwGoxwyXDYrGkytzMxI3EHWwqKU4EY6DwulFWpL8sQAiIxJQ3IEwL0BBb5HD8S++fVFfypXk3DVzJQAnUbb3xd4nTRAD5jfwgH1g+qH4w829htlBnOpqPUbY3bd9DN2NTaW3mKQfupsda0oYg+GTdmU2ZcrZtij3uRPJJwSAd3Of16z8RSspocg+IDGcUblhRWdOSqcWs5d8v9+UUpeWnPfWfKw0lzE+CMf+m5H3V2tWa+GdMizIhSAVg4lLlU80q4c9ydUNKLI2ED3jGBQFhWRwPeax9W7HCfeIIxen8nd0xfAOtY2SRT8vZx3u6W0MD/og11dohrIUer/hgQmajiHKalYn9tPW4fSnhpJM1CCGfBMZgxscDEM99j7RsMQ1lNT8JIMa6BUqTfVewQAjy6KfWwT2fQ8Grl4S5gCRBS0wbe25ULOhb5f58zUhvUtDGi6YNlm/QxfJ9XYhBAIUlUTILlMSanbu/etw+I3V4O0S08/V+M7TdS7Z71s5fGeV5V3sWZL4MLO3rThuSkaJ9BSFEjQyQpx19LUkNHsfsX2H3xcv5YteGqMcHkuWZSrkU/tGsG4zY6LBdmDZ0/w0m/u66m8zWg6JJveRFiBQ45OOP+B/1QETUH9wbm8mhEam54ZT336/tPg==",
      "StatusCode": 201,
      "ResponseHeaders": {
        "Content-Length": "0",
        "Date": "Thu, 30 Jan 2025 01:24:34 GMT",
        "ETag": "\"0x8DD40CCDB423CAA\"",
        "Last-Modified": "Thu, 30 Jan 2025 01:24:35 GMT",
        "Server": [
          "Windows-Azure-Blob/1.0",
          "Microsoft-HTTPAPI/2.0"
        ],
        "x-ms-blob-sequence-number": "0",
        "x-ms-client-request-id": "Sanitized",
        "x-ms-content-crc64": "AcPgs9MtqB8=",
        "x-ms-request-id": "d20901c3-f01e-0020-03b5-72a165000000",
        "x-ms-request-server-encrypted": "true",
        "x-ms-version": "2025-05-05"
      },
      "ResponseBody": null
    },
    {
      "RequestUri": "https://jalauzonnettest.blob.core.windows.net/test-container-016a5f74-c09d-2383-e262-187533dc34b0/test-blob-728de323-8542-925d-b106-71e3b6f2c27b?sv=Sanitized&se=2025-01-31T01%3A24%3A35Z&sr=b&sp=racwdxyltmei&sig=Sanitized",
      "RequestMethod": "HEAD",
      "RequestHeaders": {
        "Accept": "application/xml",
        "traceparent": "00-d6646a25f1f06b7884c029967a8b89d2-cc2a1533f68449cc-00",
        "User-Agent": "azsdk-net-Storage.Blobs/12.24.0-alpha.20250129.1 (.NET 8.0.12; Microsoft Windows 10.0.22631)",
        "x-ms-client-request-id": "Sanitized",
        "x-ms-return-client-request-id": "true",
        "x-ms-version": "2025-05-05"
      },
      "RequestBody": null,
      "StatusCode": 200,
      "ResponseHeaders": {
        "Accept-Ranges": "bytes",
        "Cache-Control": "no-cache",
        "Content-Disposition": "inline",
        "Content-Language": "en-US",
        "Content-Length": "1024",
        "Content-Type": "text/plain",
        "Date": "Thu, 30 Jan 2025 01:24:34 GMT",
        "ETag": "\"0x8DD40CCDB423CAA\"",
        "Last-Modified": "Thu, 30 Jan 2025 01:24:35 GMT",
        "Server": [
          "Windows-Azure-Blob/1.0",
          "Microsoft-HTTPAPI/2.0"
        ],
        "x-ms-blob-sequence-number": "0",
        "x-ms-blob-type": "PageBlob",
        "x-ms-client-request-id": "Sanitized",
        "x-ms-creation-time": "Thu, 30 Jan 2025 01:24:35 GMT",
        "x-ms-is-current-version": "true",
        "x-ms-lease-state": "available",
        "x-ms-lease-status": "unlocked",
        "x-ms-meta-Capital": "letter",
        "x-ms-meta-foo": "bar",
        "x-ms-meta-meta": "data",
        "x-ms-meta-UPPER": "case",
        "x-ms-request-id": "d20901c4-f01e-0020-04b5-72a165000000",
        "x-ms-server-encrypted": "true",
        "x-ms-version": "2025-05-05",
        "x-ms-version-id": "2025-01-30T01:24:35.2095977Z"
      },
      "ResponseBody": null
    },
    {
      "RequestUri": "https://jalauzonnettest.blob.core.windows.net/test-container-d962af76-5eb5-5395-db7d-97773119aeab/test-blob-4c431eb0-6a48-c3e1-b7ef-733c71c5597f?sv=Sanitized&se=2025-01-31T01%3A24%3A35Z&sr=b&sp=racwdxyltmei&sig=Sanitized",
      "RequestMethod": "PUT",
      "RequestHeaders": {
        "Accept": "application/xml",
        "Content-Length": "0",
        "If-None-Match": "*",
        "traceparent": "00-b0616e647ce0dd359528664b833088d9-f6e939e6b50b8ddd-00",
        "User-Agent": "azsdk-net-Storage.Blobs/12.24.0-alpha.20250129.1 (.NET 8.0.12; Microsoft Windows 10.0.22631)",
        "x-ms-blob-type": "AppendBlob",
        "x-ms-client-request-id": "Sanitized",
        "x-ms-return-client-request-id": "true",
        "x-ms-version": "2025-05-05"
      },
      "RequestBody": null,
      "StatusCode": 201,
      "ResponseHeaders": {
        "Content-Length": "0",
        "Date": "Thu, 30 Jan 2025 01:24:34 GMT",
        "ETag": "\"0x8DD40CCDB50B971\"",
        "Last-Modified": "Thu, 30 Jan 2025 01:24:35 GMT",
        "Server": [
          "Windows-Azure-Blob/1.0",
          "Microsoft-HTTPAPI/2.0"
        ],
        "x-ms-client-request-id": "Sanitized",
        "x-ms-request-id": "d20901c6-f01e-0020-06b5-72a165000000",
        "x-ms-request-server-encrypted": "true",
        "x-ms-version": "2025-05-05",
        "x-ms-version-id": "2025-01-30T01:24:35.3495165Z"
      },
      "ResponseBody": null
    },
    {
      "RequestUri": "https://jalauzonnettest.blob.core.windows.net/test-container-d962af76-5eb5-5395-db7d-97773119aeab/test-blob-4c431eb0-6a48-c3e1-b7ef-733c71c5597f?sv=Sanitized&se=2025-01-31T01%3A24%3A35Z&sr=b&sp=racwdxyltmei&sig=Sanitized&comp=appendblock",
      "RequestMethod": "PUT",
      "RequestHeaders": {
        "Accept": "application/xml",
        "Content-Length": "0",
        "If-None-Match": "*",
        "traceparent": "00-c6967c82047d5d756862b72259de77ee-33c2f6806079ff20-00",
        "User-Agent": "azsdk-net-Storage.Blobs/12.24.0-alpha.20250129.1 (.NET 8.0.12; Microsoft Windows 10.0.22631)",
        "x-ms-client-request-id": "Sanitized",
        "x-ms-copy-source": "https://jalauzonnettest.blob.core.windows.net/test-container-016a5f74-c09d-2383-e262-187533dc34b0/test-blob-728de323-8542-925d-b106-71e3b6f2c27b?sv=sanitized-value&se=2025-01-31T01%3A24%3A35Z&sr=b&sp=racwdxyltmei&sig=Sanitized",
        "x-ms-return-client-request-id": "true",
        "x-ms-source-range": "bytes=0-1023",
        "x-ms-version": "2025-05-05"
      },
      "RequestBody": null,
      "StatusCode": 201,
      "ResponseHeaders": {
        "Content-Length": "0",
        "Date": "Thu, 30 Jan 2025 01:24:34 GMT",
        "ETag": "\"0x8DD40CCDB585974\"",
        "Last-Modified": "Thu, 30 Jan 2025 01:24:35 GMT",
        "Server": [
          "Windows-Azure-Blob/1.0",
          "Microsoft-HTTPAPI/2.0"
        ],
        "x-ms-blob-append-offset": "0",
        "x-ms-blob-committed-block-count": "1",
        "x-ms-client-request-id": "Sanitized",
        "x-ms-content-crc64": "AcPgs9MtqB8=",
        "x-ms-request-id": "d20901c7-f01e-0020-07b5-72a165000000",
        "x-ms-request-server-encrypted": "true",
        "x-ms-version": "2025-05-05"
      },
      "ResponseBody": null
    },
    {
      "RequestUri": "https://jalauzonnettest.blob.core.windows.net/test-container-016a5f74-c09d-2383-e262-187533dc34b0/test-blob-728de323-8542-925d-b106-71e3b6f2c27b?sv=Sanitized&se=2025-01-31T01%3A24%3A35Z&sr=b&sp=racwdxyltmei&sig=Sanitized",
      "RequestMethod": "HEAD",
      "RequestHeaders": {
        "Accept": "application/xml",
        "traceparent": "00-f4e9edb4fc4d0efc4949470cce272d9b-33c6b106dd15d75b-00",
        "User-Agent": "azsdk-net-Storage.Blobs/12.24.0-alpha.20250129.1 (.NET 8.0.12; Microsoft Windows 10.0.22631)",
        "x-ms-client-request-id": "Sanitized",
        "x-ms-return-client-request-id": "true",
        "x-ms-version": "2025-05-05"
      },
      "RequestBody": null,
      "StatusCode": 200,
      "ResponseHeaders": {
        "Accept-Ranges": "bytes",
        "Cache-Control": "no-cache",
        "Content-Disposition": "inline",
        "Content-Language": "en-US",
        "Content-Length": "1024",
        "Content-Type": "text/plain",
        "Date": "Thu, 30 Jan 2025 01:24:35 GMT",
        "ETag": "\"0x8DD40CCDB423CAA\"",
        "Last-Modified": "Thu, 30 Jan 2025 01:24:35 GMT",
        "Server": [
          "Windows-Azure-Blob/1.0",
          "Microsoft-HTTPAPI/2.0"
        ],
        "x-ms-blob-sequence-number": "0",
        "x-ms-blob-type": "PageBlob",
        "x-ms-client-request-id": "Sanitized",
        "x-ms-creation-time": "Thu, 30 Jan 2025 01:24:35 GMT",
        "x-ms-is-current-version": "true",
        "x-ms-lease-state": "available",
        "x-ms-lease-status": "unlocked",
        "x-ms-meta-Capital": "letter",
        "x-ms-meta-foo": "bar",
        "x-ms-meta-meta": "data",
        "x-ms-meta-UPPER": "case",
        "x-ms-request-id": "d20901d3-f01e-0020-0fb5-72a165000000",
        "x-ms-server-encrypted": "true",
        "x-ms-version": "2025-05-05",
        "x-ms-version-id": "2025-01-30T01:24:35.2095977Z"
      },
      "ResponseBody": null
    },
    {
      "RequestUri": "https://jalauzonnettest.blob.core.windows.net/test-container-d962af76-5eb5-5395-db7d-97773119aeab/test-blob-4c431eb0-6a48-c3e1-b7ef-733c71c5597f?sv=Sanitized&se=2025-01-31T01%3A24%3A35Z&sr=b&sp=racwdxyltmei&sig=Sanitized",
      "RequestMethod": "HEAD",
      "RequestHeaders": {
        "Accept": "application/xml",
        "traceparent": "00-1be25b824f40bf56f4a7c1641d64a8fe-d327cc0c61384dcf-00",
        "User-Agent": "azsdk-net-Storage.Blobs/12.24.0-alpha.20250129.1 (.NET 8.0.12; Microsoft Windows 10.0.22631)",
        "x-ms-client-request-id": "Sanitized",
        "x-ms-return-client-request-id": "true",
        "x-ms-version": "2025-05-05"
      },
      "RequestBody": null,
      "StatusCode": 200,
      "ResponseHeaders": {
        "Accept-Ranges": "bytes",
        "Content-Length": "1024",
        "Content-Type": "application/octet-stream",
        "Date": "Thu, 30 Jan 2025 01:24:35 GMT",
        "ETag": "\"0x8DD40CCDB585974\"",
        "Last-Modified": "Thu, 30 Jan 2025 01:24:35 GMT",
        "Server": [
          "Windows-Azure-Blob/1.0",
          "Microsoft-HTTPAPI/2.0"
        ],
        "x-ms-blob-committed-block-count": "1",
        "x-ms-blob-type": "AppendBlob",
        "x-ms-client-request-id": "Sanitized",
        "x-ms-creation-time": "Thu, 30 Jan 2025 01:24:35 GMT",
        "x-ms-is-current-version": "true",
        "x-ms-lease-state": "available",
        "x-ms-lease-status": "unlocked",
        "x-ms-request-id": "d20901d7-f01e-0020-13b5-72a165000000",
        "x-ms-server-encrypted": "true",
        "x-ms-version": "2025-05-05",
        "x-ms-version-id": "2025-01-30T01:24:35.3495165Z"
      },
      "ResponseBody": null
    },
    {
      "RequestUri": "https://jalauzonnettest.blob.core.windows.net/test-container-016a5f74-c09d-2383-e262-187533dc34b0/test-blob-728de323-8542-925d-b106-71e3b6f2c27b?sv=Sanitized&se=2025-01-31T01%3A24%3A35Z&sr=b&sp=racwdxyltmei&sig=Sanitized",
      "RequestMethod": "GET",
      "RequestHeaders": {
        "Accept": "application/xml",
        "If-Match": "\"0x8DD40CCDB423CAA\"",
        "User-Agent": "azsdk-net-Storage.Blobs/12.24.0-alpha.20250129.1 (.NET 8.0.12; Microsoft Windows 10.0.22631)",
        "x-ms-client-request-id": "Sanitized",
        "x-ms-range": "bytes=0-4194303",
        "x-ms-return-client-request-id": "true",
        "x-ms-version": "2025-05-05"
      },
      "RequestBody": null,
      "StatusCode": 206,
      "ResponseHeaders": {
        "Accept-Ranges": "bytes",
        "Cache-Control": "no-cache",
        "Content-Disposition": "inline",
        "Content-Language": "en-US",
        "Content-Length": "1861",
        "Content-Range": "bytes 0-1023/1024",
        "Content-Type": "text/plain",
        "Date": "Thu, 30 Jan 2025 01:24:35 GMT",
        "ETag": "\"0x8DD40CCDB423CAA\"",
        "Last-Modified": "Thu, 30 Jan 2025 01:24:35 GMT",
        "Server": [
          "Windows-Azure-Blob/1.0",
          "Microsoft-HTTPAPI/2.0"
        ],
        "x-ms-blob-sequence-number": "0",
        "x-ms-blob-type": "PageBlob",
        "x-ms-client-request-id": "Sanitized",
        "x-ms-creation-time": "Thu, 30 Jan 2025 01:24:35 GMT",
        "x-ms-is-current-version": "true",
        "x-ms-lease-state": "available",
        "x-ms-lease-status": "unlocked",
        "x-ms-meta-Capital": "letter",
        "x-ms-meta-foo": "bar",
        "x-ms-meta-meta": "data",
        "x-ms-meta-UPPER": "case",
        "x-ms-request-id": "d20901da-f01e-0020-16b5-72a165000000",
        "x-ms-server-encrypted": "true",
        "x-ms-version": "2025-05-05",
        "x-ms-version-id": "2025-01-30T01:24:35.2095977Z"
      },
      "ResponseBody": [
        ";ֆ��x\u0017�=�w\u001C��ϱIB��\u0015�[7��\u0006{Ή�}H�}�t�������{\u000B^�O���\u0003��?{N\u000F�r�ѳ����z�=���:�*f��zR,M�\u001By�\u000B>k%|�z\u0017�\u001E.�7�8fD<8b[X\u0015\u0015�@y p�#��!�<}\u0017@\u0004&\"�\u000B7;��\u001A�\tR�\u0017W�(V�<+Z�/��\u0000\u0015���,�4;8|\t�W��\u0005�{��i�\b\u0013'�\u0003��|�\u0010�;�\u0006\u001E��V��\u001F6\u001Fx;��T��*��K�����[n���*\u001C&��̞z\u0019�����IpEx�����626\u001D5]Smcf%N\u001Fl\u0004l/\u0014��\t�\u0002�\u0011^�\u0015�;�\u00143w�]��i\u001C�\u001FFk�`)\u0003A\u000BP�5R��0B\f��=v'�\u0011\u001A�|�������Z�$�5��������[-o��G��\u001EڽE���Q�9�t�:�\u001E\\�Oh�<�29� xK�\u0018KV@;�fj��:�\u001C�<l+!�QE��\u001F\u001C�<�\u000B�f!\u0005�!V\u001Ep�ܷ��Q.�\u001F��͟����&S6$X��^��\u0018�.��M�\"��S\u0003��)�U�>\u0017g=\u000BT�\u0002�L�[ے�\u0015`�P\u0010\u007F��,`F#�E��*G �0ۇٛ�fn|\\��\u0011����\u0005��3�\u0010�\r",
        "�U�Q\u00101�r\f�:�\u0017�-\u0019t_Т�\u0012�j1�%�b�����č�\u001Dl*)N\u0004c��QV��,@\b�Ĕ7 L\u000B�\u0010[�p�K�TW�y7\r",
        "\\�@\t�m��w��D\u0000��� \u001FX>�~0�oa�Pg:��Q�7m�C7cSim�)\u0007��Z҆ �dݙM�r�m�=�D�I� \u001D����?\u0011J�hr\u000F�\fg\u0014nXQYӒ�Ŭ��/��\u0014��=��+\r",
        "%�O�1���}��՚�gL�2!H\u0005`�R�S�*��ruCJ,��\u000Fx�\u0005\u0001aY\u001C\u000Fy�}[��}�\b�����1|\u0003�cd�O���{�[C\u0003��5��!��\u001E��`Bf��r�������})ᤓ5\b!�\u0004�`��\u0003\u0010�}��l1\r",
        "e5?\t ƺ\u0005J�}W�@\b����=�C������$AKL\u001B{nT,�[��|�HoR�Ƌ�\r",
        "�o���}]�A\u0000�%Q2\u000B�Ě���z�>#ux;D���~3��K�{��_\u0019�yW{\u0016d�\f,��N\u001B���}\u0005!D�\f��\u001D}-I\r",
        "\u001E��_a����b׆��\u0007��J�\u0014�Ѭ\u001B���]�6t�\r",
        "&�\uEE9B�փ�I��E�\u00148���\u001F�@D�\u001F�\u001B�ɡ\u0011����߯�>"
      ]
    },
    {
      "RequestUri": "https://jalauzonnettest.blob.core.windows.net/test-container-d962af76-5eb5-5395-db7d-97773119aeab/test-blob-4c431eb0-6a48-c3e1-b7ef-733c71c5597f?sv=Sanitized&se=2025-01-31T01%3A24%3A35Z&sr=b&sp=racwdxyltmei&sig=Sanitized",
      "RequestMethod": "GET",
      "RequestHeaders": {
        "Accept": "application/xml",
        "If-Match": "\"0x8DD40CCDB585974\"",
        "User-Agent": "azsdk-net-Storage.Blobs/12.24.0-alpha.20250129.1 (.NET 8.0.12; Microsoft Windows 10.0.22631)",
        "x-ms-client-request-id": "Sanitized",
        "x-ms-range": "bytes=0-4194303",
        "x-ms-return-client-request-id": "true",
        "x-ms-version": "2025-05-05"
      },
      "RequestBody": null,
      "StatusCode": 206,
      "ResponseHeaders": {
        "Accept-Ranges": "bytes",
        "Content-Length": "1024",
        "Content-Range": "bytes 0-1023/1024",
        "Content-Type": "application/octet-stream",
        "Date": "Thu, 30 Jan 2025 01:24:35 GMT",
        "ETag": "\"0x8DD40CCDB585974\"",
        "Last-Modified": "Thu, 30 Jan 2025 01:24:35 GMT",
        "Server": [
          "Windows-Azure-Blob/1.0",
          "Microsoft-HTTPAPI/2.0"
        ],
        "x-ms-blob-committed-block-count": "1",
        "x-ms-blob-type": "AppendBlob",
        "x-ms-client-request-id": "Sanitized",
        "x-ms-creation-time": "Thu, 30 Jan 2025 01:24:35 GMT",
        "x-ms-is-current-version": "true",
        "x-ms-lease-state": "available",
        "x-ms-lease-status": "unlocked",
        "x-ms-request-id": "d20901e1-f01e-0020-1db5-72a165000000",
        "x-ms-server-encrypted": "true",
        "x-ms-version": "2025-05-05",
        "x-ms-version-id": "2025-01-30T01:24:35.3495165Z"
      },
      "ResponseBody": "O9aG6c54F6A9w3ccuvjPsUlCju0V/Fs32tkGe86J/X1I833mdIyZ7bOF0fR7C16zT4H64QOV6D97Tg/0cpzRs8b61Md66T29qaE6jypmvM56UixNjxt5sgs+ayV8pHoXsx4ugDeXOGZEPDhiW1gVFZJAeSBwhCOqgCG7PH0XQAQmItsLNzuX4xrGCVLiF1ezKFaSPCtapi/7hAAV3PvoLPw0Ozh8Cd1XqJYFqnvQx2nJCBMnhAPZzHysELM7gQYe3txWrtwfNh94O5OUVPyzKryWS9TowKf4W267z/kqHCaQ58yeehmNqtH0r0lwRXiA+eX2pDYyNh01XVNtY2YlTh9sBGwvFLCjCaEC8xFeiBX2O9YUM3fwXbGuaRzFH0Zrz2ApA0ELUOQ1UpqUMEIM1tU9dieQERqnfKa6gauT3ulalySwNYXU6uvx3uDcWy1voZJHh6ke2r1FgYaaUc45onSxOpgeXKFPaIw8njI5yiB4S98YS1ZAO7xmarP+OpkcuDxsKyGUUUXx9x8c4jyKC7ZmIQXuIVYecP7ct/HuUS7zH+b2zZ/+5PqaJlM2JFiA2178lxiTLpblTbsiuJlTA6bxKcNVlD4XZz0LVPoC50ylW9uS8bkVYPFQEH/j2yxgRiOtRfqVKkcg5DDbh9mb42ZufFy9wBHs28nRBYO+M4sQqw3WVaFREDGUcgyJOtgXtC0ZdF/QooUSwGoxwyXDYrGkytzMxI3EHWwqKU4EY6DwulFWpL8sQAiIxJQ3IEwL0BBb5HD8S++fVFfypXk3DVzJQAnUbb3xd4nTRAD5jfwgH1g+qH4w829htlBnOpqPUbY3bd9DN2NTaW3mKQfupsda0oYg+GTdmU2ZcrZtij3uRPJJwSAd3Of16z8RSspocg+IDGcUblhRWdOSqcWs5d8v9+UUpeWnPfWfKw0lzE+CMf+m5H3V2tWa+GdMizIhSAVg4lLlU80q4c9ydUNKLI2ED3jGBQFhWRwPeax9W7HCfeIIxen8nd0xfAOtY2SRT8vZx3u6W0MD/og11dohrIUer/hgQmajiHKalYn9tPW4fSnhpJM1CCGfBMZgxscDEM99j7RsMQ1lNT8JIMa6BUqTfVewQAjy6KfWwT2fQ8Grl4S5gCRBS0wbe25ULOhb5f58zUhvUtDGi6YNlm/QxfJ9XYhBAIUlUTILlMSanbu/etw+I3V4O0S08/V+M7TdS7Z71s5fGeV5V3sWZL4MLO3rThuSkaJ9BSFEjQyQpx19LUkNHsfsX2H3xcv5YteGqMcHkuWZSrkU/tGsG4zY6LBdmDZ0/w0m/u66m8zWg6JJveRFiBQ45OOP+B/1QETUH9wbm8mhEam54ZT336/tPg=="
    },
    {
      "RequestUri": "https://jalauzonnettest.blob.core.windows.net/test-container-d962af76-5eb5-5395-db7d-97773119aeab/test-blob-4c431eb0-6a48-c3e1-b7ef-733c71c5597f?sv=Sanitized&se=2025-01-31T01%3A24%3A35Z&sr=b&sp=racwdxyltmei&sig=Sanitized",
      "RequestMethod": "HEAD",
      "RequestHeaders": {
        "Accept": "application/xml",
        "traceparent": "00-f539a95aec7f82d2519851eeffbddb7d-63f6dbbac54e3f9e-00",
        "User-Agent": "azsdk-net-Storage.Blobs/12.24.0-alpha.20250129.1 (.NET 8.0.12; Microsoft Windows 10.0.22631)",
        "x-ms-client-request-id": "Sanitized",
        "x-ms-return-client-request-id": "true",
        "x-ms-version": "2025-05-05"
      },
      "RequestBody": null,
      "StatusCode": 200,
      "ResponseHeaders": {
        "Accept-Ranges": "bytes",
        "Content-Length": "1024",
        "Content-Type": "application/octet-stream",
        "Date": "Thu, 30 Jan 2025 01:24:35 GMT",
        "ETag": "\"0x8DD40CCDB585974\"",
        "Last-Modified": "Thu, 30 Jan 2025 01:24:35 GMT",
        "Server": [
          "Windows-Azure-Blob/1.0",
          "Microsoft-HTTPAPI/2.0"
        ],
        "x-ms-blob-committed-block-count": "1",
        "x-ms-blob-type": "AppendBlob",
        "x-ms-client-request-id": "Sanitized",
        "x-ms-creation-time": "Thu, 30 Jan 2025 01:24:35 GMT",
        "x-ms-is-current-version": "true",
        "x-ms-lease-state": "available",
        "x-ms-lease-status": "unlocked",
        "x-ms-request-id": "d20901e2-f01e-0020-1eb5-72a165000000",
        "x-ms-server-encrypted": "true",
        "x-ms-version": "2025-05-05",
        "x-ms-version-id": "2025-01-30T01:24:35.3495165Z"
      },
      "ResponseBody": null
    },
    {
      "RequestUri": "https://jalauzonnettest.blob.core.windows.net/test-container-d962af76-5eb5-5395-db7d-97773119aeab/test-blob-4c431eb0-6a48-c3e1-b7ef-733c71c5597f?sv=Sanitized&se=2025-01-31T01%3A24%3A35Z&sr=b&sp=racwdxyltmei&sig=Sanitized&comp=tags",
      "RequestMethod": "GET",
      "RequestHeaders": {
        "Accept": "application/xml",
        "traceparent": "00-31572a9efb0e3aa8b415592ca17c6f11-ad5c1a76529689cf-00",
        "User-Agent": "azsdk-net-Storage.Blobs/12.24.0-alpha.20250129.1 (.NET 8.0.12; Microsoft Windows 10.0.22631)",
        "x-ms-client-request-id": "Sanitized",
        "x-ms-return-client-request-id": "true",
        "x-ms-version": "2025-05-05"
      },
      "RequestBody": null,
      "StatusCode": 200,
      "ResponseHeaders": {
        "Content-Length": "64",
        "Content-Type": "application/xml",
        "Date": "Thu, 30 Jan 2025 01:24:35 GMT",
        "Server": [
          "Windows-Azure-Blob/1.0",
          "Microsoft-HTTPAPI/2.0"
        ],
        "x-ms-client-request-id": "Sanitized",
        "x-ms-request-id": "d20901e3-f01e-0020-1fb5-72a165000000",
        "x-ms-version": "2025-05-05"
      },
      "ResponseBody": [
        "\uFEFF<?xml version=\"1.0\" encoding=\"utf-8\"?>\n",
        "<Tags><TagSet/></Tags>"
      ]
    },
    {
      "RequestUri": "https://jalauzonnettest.blob.core.windows.net/test-container-d962af76-5eb5-5395-db7d-97773119aeab?restype=container",
      "RequestMethod": "DELETE",
      "RequestHeaders": {
        "Accept": "application/xml",
        "Authorization": "Sanitized",
        "traceparent": "00-70ed2577dab7ac92d5c5ab7577d1505f-27ad1c6726cee39a-00",
        "User-Agent": "azsdk-net-Storage.Blobs/12.24.0-alpha.20250129.1 (.NET 8.0.12; Microsoft Windows 10.0.22631)",
        "x-ms-client-request-id": "Sanitized",
        "x-ms-date": "Thu, 30 Jan 2025 01:24:35 GMT",
        "x-ms-return-client-request-id": "true",
        "x-ms-version": "2025-05-05"
      },
      "RequestBody": null,
      "StatusCode": 202,
      "ResponseHeaders": {
        "Content-Length": "0",
        "Date": "Thu, 30 Jan 2025 01:24:35 GMT",
        "Server": [
          "Windows-Azure-Blob/1.0",
          "Microsoft-HTTPAPI/2.0"
        ],
        "x-ms-client-request-id": "Sanitized",
        "x-ms-request-id": "d20901e7-f01e-0020-22b5-72a165000000",
        "x-ms-version": "2025-05-05"
      },
      "ResponseBody": null
    },
    {
      "RequestUri": "https://jalauzonnettest.blob.core.windows.net/test-container-016a5f74-c09d-2383-e262-187533dc34b0?restype=container",
      "RequestMethod": "DELETE",
      "RequestHeaders": {
        "Accept": "application/xml",
        "Authorization": "Sanitized",
        "traceparent": "00-8cfc5d8f27864a4ceda11b08d85b2e41-389b01e8c840d928-00",
        "User-Agent": "azsdk-net-Storage.Blobs/12.24.0-alpha.20250129.1 (.NET 8.0.12; Microsoft Windows 10.0.22631)",
        "x-ms-client-request-id": "Sanitized",
        "x-ms-date": "Thu, 30 Jan 2025 01:24:35 GMT",
        "x-ms-return-client-request-id": "true",
        "x-ms-version": "2025-05-05"
      },
      "RequestBody": null,
      "StatusCode": 202,
      "ResponseHeaders": {
        "Content-Length": "0",
        "Date": "Thu, 30 Jan 2025 01:24:35 GMT",
        "Server": [
          "Windows-Azure-Blob/1.0",
          "Microsoft-HTTPAPI/2.0"
        ],
        "x-ms-client-request-id": "Sanitized",
        "x-ms-request-id": "d20901e8-f01e-0020-23b5-72a165000000",
        "x-ms-version": "2025-05-05"
      },
      "ResponseBody": null
    }
  ],
  "Variables": {
    "DateTimeOffsetNow": "2025-01-29T17:24:35.2722111-08:00",
    "RandomSeed": "1005666834",
    "Storage_TestConfigDefault": "ProductionTenant\njalauzonnettest\nU2FuaXRpemVk\nhttps://jalauzonnettest.blob.core.windows.net\nhttps://jalauzonnettest.file.core.windows.net\nhttps://jalauzonnettest.queue.core.windows.net\nhttps://jalauzonnettest.table.core.windows.net\n\n\n\n\nhttps://jalauzonnettest-secondary.blob.core.windows.net\nhttps://jalauzonnettest-secondary.file.core.windows.net\nhttps://jalauzonnettest-secondary.queue.core.windows.net\nhttps://jalauzonnettest-secondary.table.core.windows.net\nCloud\nBlobEndpoint=https://jalauzonnettest.blob.core.windows.net/;QueueEndpoint=https://jalauzonnettest.queue.core.windows.net/;FileEndpoint=https://jalauzonnettest.file.core.windows.net/;BlobSecondaryEndpoint=https://jalauzonnettest-secondary.blob.core.windows.net/;QueueSecondaryEndpoint=https://jalauzonnettest-secondary.queue.core.windows.net/;FileSecondaryEndpoint=https://jalauzonnettest-secondary.file.core.windows.net/;AccountName=jalauzonnettest;AccountKey=U2FuaXRpemVk\ntestscope1\n\n"
  }
}
