{
  "Entries": [
    {
      "RequestUri": "https://amandadev2.blob.core.windows.net/test-container-99d1f5c7-1c06-d157-cb42-7abd78e571e4?restype=container",
      "RequestMethod": "PUT",
      "RequestHeaders": {
        "Accept": "application/xml",
        "Authorization": "Sanitized",
        "Content-Length": "0",
        "traceparent": "00-61f74170995466130959b97ad790a610-8bac90078202fb7d-00",
        "User-Agent": "azsdk-net-Storage.Blobs/12.20.0-alpha.20240325.1 (.NET 6.0.28; Microsoft Windows 10.0.22635)",
        "x-ms-blob-public-access": "container",
        "x-ms-client-request-id": "2f4dd83e-dbd1-e8f5-12d9-d8a2229d51f7",
        "x-ms-date": "Wed, 27 Mar 2024 23:06:36 GMT",
        "x-ms-return-client-request-id": "true",
        "x-ms-version": "2024-05-04"
      },
      "RequestBody": null,
      "StatusCode": 201,
      "ResponseHeaders": {
        "Content-Length": "0",
        "Date": "Wed, 27 Mar 2024 23:06:37 GMT",
        "ETag": "\u00220x8DC4EB28E63444F\u0022",
        "Last-Modified": "Wed, 27 Mar 2024 23:06:37 GMT",
        "Server": [
          "Windows-Azure-Blob/1.0",
          "Microsoft-HTTPAPI/2.0"
        ],
        "x-ms-client-request-id": "2f4dd83e-dbd1-e8f5-12d9-d8a2229d51f7",
        "x-ms-request-id": "ee5583f5-601e-0006-0e9b-80465e000000",
        "x-ms-version": "2024-05-04"
      },
      "ResponseBody": null
    },
    {
      "RequestUri": "https://amandadev2.blob.core.windows.net/test-container-642963a8-9002-ea26-8beb-0e369ba08f9f?restype=container",
      "RequestMethod": "PUT",
      "RequestHeaders": {
        "Accept": "application/xml",
        "Authorization": "Sanitized",
        "Content-Length": "0",
        "traceparent": "00-9d5b23519cdeebba280d2ae336e191bb-f2c1e2e8af5794dc-00",
        "User-Agent": "azsdk-net-Storage.Blobs/12.20.0-alpha.20240325.1 (.NET 6.0.28; Microsoft Windows 10.0.22635)",
        "x-ms-blob-public-access": "container",
        "x-ms-client-request-id": "dd0e897f-3602-ae77-b163-a3e5ccbf4d72",
        "x-ms-date": "Wed, 27 Mar 2024 23:06:36 GMT",
        "x-ms-return-client-request-id": "true",
        "x-ms-version": "2024-05-04"
      },
      "RequestBody": null,
      "StatusCode": 201,
      "ResponseHeaders": {
        "Content-Length": "0",
        "Date": "Wed, 27 Mar 2024 23:06:38 GMT",
        "ETag": "\u00220x8DC4EB28E76A9C8\u0022",
        "Last-Modified": "Wed, 27 Mar 2024 23:06:38 GMT",
        "Server": [
          "Windows-Azure-Blob/1.0",
          "Microsoft-HTTPAPI/2.0"
        ],
        "x-ms-client-request-id": "dd0e897f-3602-ae77-b163-a3e5ccbf4d72",
        "x-ms-request-id": "ee55844e-601e-0006-649b-80465e000000",
        "x-ms-version": "2024-05-04"
      },
      "ResponseBody": null
    },
    {
      "RequestUri": "https://amandadev2.blob.core.windows.net/test-container-99d1f5c7-1c06-d157-cb42-7abd78e571e4/test-blob-21fb3849-b11e-665e-5025-575eeb86e5c4",
      "RequestMethod": "PUT",
      "RequestHeaders": {
        "Accept": "application/xml",
        "Authorization": "Sanitized",
        "Content-Length": "0",
        "If-None-Match": "*",
        "traceparent": "00-92b860265f03a04764d7801aaa4ccee9-a2374630a8857f50-00",
        "User-Agent": "azsdk-net-Storage.Blobs/12.20.0-alpha.20240325.1 (.NET 6.0.28; Microsoft Windows 10.0.22635)",
        "x-ms-blob-content-length": "1024",
        "x-ms-blob-type": "PageBlob",
        "x-ms-client-request-id": "3291a368-2823-56b3-b4cb-c05bc48a2146",
        "x-ms-date": "Wed, 27 Mar 2024 23:06:36 GMT",
        "x-ms-return-client-request-id": "true",
        "x-ms-version": "2024-05-04"
      },
      "RequestBody": null,
      "StatusCode": 201,
      "ResponseHeaders": {
        "Content-Length": "0",
        "Date": "Wed, 27 Mar 2024 23:06:38 GMT",
        "ETag": "\u00220x8DC4EB28E8851DD\u0022",
        "Last-Modified": "Wed, 27 Mar 2024 23:06:38 GMT",
        "Server": [
          "Windows-Azure-Blob/1.0",
          "Microsoft-HTTPAPI/2.0"
        ],
        "x-ms-client-request-id": "3291a368-2823-56b3-b4cb-c05bc48a2146",
        "x-ms-request-id": "ee5584a6-601e-0006-389b-80465e000000",
        "x-ms-request-server-encrypted": "true",
        "x-ms-version": "2024-05-04",
        "x-ms-version-id": "2024-03-27T23:06:38.2211549Z"
      },
      "ResponseBody": null
    },
    {
      "RequestUri": "https://amandadev2.blob.core.windows.net/test-container-99d1f5c7-1c06-d157-cb42-7abd78e571e4/test-blob-21fb3849-b11e-665e-5025-575eeb86e5c4?comp=page",
      "RequestMethod": "PUT",
      "RequestHeaders": {
        "Accept": "application/xml",
        "Authorization": "Sanitized",
        "Content-Length": "1024",
        "Content-Type": "application/octet-stream",
        "traceparent": "00-bb629f78f83335550d7c9a42da03ecd1-ab2c093741d29fe3-00",
        "User-Agent": "azsdk-net-Storage.Blobs/12.20.0-alpha.20240325.1 (.NET 6.0.28; Microsoft Windows 10.0.22635)",
        "x-ms-client-request-id": "5f2b12d7-2d7d-f622-9e97-cf6c1d80f041",
        "x-ms-date": "Wed, 27 Mar 2024 23:06:36 GMT",
        "x-ms-page-write": "update",
        "x-ms-range": "bytes=0-1023",
        "x-ms-return-client-request-id": "true",
        "x-ms-version": "2024-05-04"
      },
      "RequestBody": "08/jVxZYiFDsLkaAn6QhWpuyqsFbiU9kP33PZCdO9i7QNumnVPj4n/2SgIUp8i4uak3yxK7dwEl/fheZiCMonjgYr2i6egaiugrEyQnJO0xOoPraWzJ/83afJ9XgXhfZaeJNEEPFdPBGTwmkGPdAtkPLSucpTkIFmLzyGlMwwlvz618nfCoJiCwKkwso29p/X3CSFRMvsBufR3iH01mcFY2usC2XGToYwcK7Hro33b3hcrvinq1HxDpEhzSygrTTbX5\u002Beiqs50U2eVNRdJFgaGq6pWCduXbfZuzzU5EFZj8N57E8uGKSNYt1qyVa9k\u002Bo4x/J\u002BNxUNbMHnhM\u002BuZS0MRMTRIzgJK8HJ3DVKA5RhXCcSm9yO25iubH9NBpPVHv2wXoRRrLDx79vwdBsfg2ltRijoW4kQfWksIra4vCVuNP03maTPz6\u002B2YKwAnmd9TqkWH4BrLIM0oCFbZYn6OXO2gj9eKCnEnba5MjsdD57BrpPNopxkwwg6AzmDtKolvGd4SdwoH2a/UYIJ8fqIF5BCWbb17JbXUf83JCUwAOjMU3WTpIWCmY9tTlDaWtFNcetpQRszL8/QoTgdMPtBjxCZPV5E9HLKv4AniJ4F/TbtqfI5hv\u002BN2SOlwwNNpaiT6/8AQR1yyL14XoGbC6dxiqQBb0cJB8gQy2R63vFvvNoXU9yexbvZeuE0gSg\u002BMo28NHhfTHYhSqP3L3W5N\u002BmMCOHnQ7fKkoToJ/Sl1IagEpiWvqq40DCkNgk4p9ZGYAL3qLgGVu8V8aHztyRBe3YdFxyc4rl\u002B0zjxA02ukiquocexrmvOmbvpgM0IxVjMIrqTG1D5qX2JuNV/VRNhZx\u002B3BNVcz40KDr1gs2GsNg3f5SCS27aZtThJ6DWWjwRoSBmtkYCDb1MtiMyTmPYcHUKHn3Ayzouo3Y/c0ueXs794\u002BCsH/qSNXLWNpVKpxhwCbcqyzu/UNbmOBLQwplyrVdVNWqDLFB7eOgL6pSk5Pxdz2qTc5KSPpMKxefnwXLYZIg\u002B9XKt7N1nr1NTtGZBQVQWcvMv3jrEwvfXeWZok7Z2M4UMZu6JsOKNK8M/P4ksyIST0U9\u002BqIVNeTJ71nN3/hud3IHhNdtljMIRorJ2hYNtq7Dh1cJn94r/vuy8DtluFSyoomIIS5OoLkSMbQbT1/SvDSvDlSlZNeX24XbuqX7oooyFzuIgZGAdOaZ\u002B2omELOf4DAGuq4ADTmx9EmkcuoXGo8t5TQgRjqjKpVyC2lpbcrWP9Zx8OfYMgn91o1L2AH4huDe\u002BCt/e5n5Y4wUkgHQRIZ\u002B0jcTpSWnUbcqJnOpV1KXdYSIjnWfVsA8dJFbx6AILY4KyQnK5OG/N6ZwVVEqTAg9gRg==",
      "StatusCode": 201,
      "ResponseHeaders": {
        "Content-Length": "0",
        "Date": "Wed, 27 Mar 2024 23:06:38 GMT",
        "ETag": "\u00220x8DC4EB28E97B8EC\u0022",
        "Last-Modified": "Wed, 27 Mar 2024 23:06:38 GMT",
        "Server": [
          "Windows-Azure-Blob/1.0",
          "Microsoft-HTTPAPI/2.0"
        ],
        "x-ms-blob-sequence-number": "0",
        "x-ms-client-request-id": "5f2b12d7-2d7d-f622-9e97-cf6c1d80f041",
        "x-ms-content-crc64": "u1v0wxOri/c=",
        "x-ms-request-id": "ee5584f4-601e-0006-049b-80465e000000",
        "x-ms-request-server-encrypted": "true",
        "x-ms-version": "2024-05-04"
      },
      "ResponseBody": null
    },
    {
      "RequestUri": "https://amandadev2.blob.core.windows.net/test-container-99d1f5c7-1c06-d157-cb42-7abd78e571e4/test-blob-21fb3849-b11e-665e-5025-575eeb86e5c4?sv=2024-05-04\u0026se=2024-03-28T23%3A06%3A36Z\u0026sr=b\u0026sp=racwdxyltmei\u0026sig=Sanitized",
      "RequestMethod": "HEAD",
      "RequestHeaders": {
        "Accept": "application/xml",
        "traceparent": "00-9bf1241bd2c4ce0c14115be8206b5b26-26c0ba3fbc62b214-00",
        "User-Agent": "azsdk-net-Storage.Blobs/12.20.0-alpha.20240325.1 (.NET 6.0.28; Microsoft Windows 10.0.22635)",
        "x-ms-client-request-id": "b28473b4-c25e-63c8-7fed-1bdd300d4714",
        "x-ms-return-client-request-id": "true",
        "x-ms-version": "2024-05-04"
      },
      "RequestBody": null,
      "StatusCode": 200,
      "ResponseHeaders": {
        "Accept-Ranges": "bytes",
        "Content-Length": "1024",
        "Content-Type": "application/octet-stream",
        "Date": "Wed, 27 Mar 2024 23:06:38 GMT",
        "ETag": "\u00220x8DC4EB28E97B8EC\u0022",
        "Last-Modified": "Wed, 27 Mar 2024 23:06:38 GMT",
        "Server": [
          "Windows-Azure-Blob/1.0",
          "Microsoft-HTTPAPI/2.0"
        ],
        "x-ms-blob-sequence-number": "0",
        "x-ms-blob-type": "PageBlob",
        "x-ms-client-request-id": "b28473b4-c25e-63c8-7fed-1bdd300d4714",
        "x-ms-creation-time": "Wed, 27 Mar 2024 23:06:38 GMT",
        "x-ms-is-current-version": "true",
        "x-ms-lease-state": "available",
        "x-ms-lease-status": "unlocked",
        "x-ms-request-id": "ee558565-601e-0006-6f9b-80465e000000",
        "x-ms-server-encrypted": "true",
        "x-ms-version": "2024-05-04",
        "x-ms-version-id": "2024-03-27T23:06:38.2211549Z"
      },
      "ResponseBody": null
    },
    {
      "RequestUri": "https://amandadev2.blob.core.windows.net/test-container-642963a8-9002-ea26-8beb-0e369ba08f9f/test-blob-11b72028-b292-719c-89d0-ee359e2e374d?sv=2024-05-04\u0026se=2024-03-28T23%3A06%3A36Z\u0026sr=b\u0026sp=racwdxyltmei\u0026sig=Sanitized",
      "RequestMethod": "PUT",
      "RequestHeaders": {
        "Accept": "application/xml",
        "Content-Length": "0",
        "If-None-Match": "*",
        "traceparent": "00-e91f3aff8fed051a3f4caf841036c62d-e86cee24cab0a98e-00",
        "User-Agent": "azsdk-net-Storage.Blobs/12.20.0-alpha.20240325.1 (.NET 6.0.28; Microsoft Windows 10.0.22635)",
        "x-ms-blob-type": "AppendBlob",
        "x-ms-client-request-id": "a9b821fb-3efc-40e2-04ef-64f6a7e4381a",
        "x-ms-return-client-request-id": "true",
        "x-ms-version": "2024-05-04"
      },
      "RequestBody": null,
      "StatusCode": 201,
      "ResponseHeaders": {
        "Content-Length": "0",
        "Date": "Wed, 27 Mar 2024 23:06:38 GMT",
        "ETag": "\u00220x8DC4EB28EBAA535\u0022",
        "Last-Modified": "Wed, 27 Mar 2024 23:06:38 GMT",
        "Server": [
          "Windows-Azure-Blob/1.0",
          "Microsoft-HTTPAPI/2.0"
        ],
        "x-ms-client-request-id": "a9b821fb-3efc-40e2-04ef-64f6a7e4381a",
        "x-ms-request-id": "ee5585a3-601e-0006-2b9b-80465e000000",
        "x-ms-request-server-encrypted": "true",
        "x-ms-version": "2024-05-04",
        "x-ms-version-id": "2024-03-27T23:06:38.5519677Z"
      },
      "ResponseBody": null
    },
    {
      "RequestUri": "https://amandadev2.blob.core.windows.net/test-container-642963a8-9002-ea26-8beb-0e369ba08f9f/test-blob-11b72028-b292-719c-89d0-ee359e2e374d?sv=2024-05-04\u0026se=2024-03-28T23%3A06%3A36Z\u0026sr=b\u0026sp=racwdxyltmei\u0026sig=Sanitized\u0026comp=appendblock",
      "RequestMethod": "PUT",
      "RequestHeaders": {
        "Accept": "application/xml",
        "Content-Length": "0",
        "If-None-Match": "*",
        "traceparent": "00-6c6ec048350a92f56fe8132ed4d0a137-c5d5d7f503e6c1eb-00",
        "User-Agent": "azsdk-net-Storage.Blobs/12.20.0-alpha.20240325.1 (.NET 6.0.28; Microsoft Windows 10.0.22635)",
        "x-ms-client-request-id": "0ee2e7b1-9d55-d518-4906-e8c3ce726b6b",
        "x-ms-copy-source": "https://amandadev2.blob.core.windows.net/test-container-99d1f5c7-1c06-d157-cb42-7abd78e571e4/test-blob-21fb3849-b11e-665e-5025-575eeb86e5c4?sv=2024-05-04\u0026se=2024-03-28T23%3A06%3A36Z\u0026sr=b\u0026sp=racwdxyltmei\u0026sig=Sanitized",
        "x-ms-return-client-request-id": "true",
        "x-ms-source-range": "bytes=0-1023",
        "x-ms-version": "2024-05-04"
      },
      "RequestBody": null,
      "StatusCode": 201,
      "ResponseHeaders": {
        "Content-Length": "0",
        "Date": "Wed, 27 Mar 2024 23:06:38 GMT",
        "ETag": "\u00220x8DC4EB28ECB1DA9\u0022",
        "Last-Modified": "Wed, 27 Mar 2024 23:06:38 GMT",
        "Server": [
          "Windows-Azure-Blob/1.0",
          "Microsoft-HTTPAPI/2.0"
        ],
        "x-ms-blob-append-offset": "0",
        "x-ms-blob-committed-block-count": "1",
        "x-ms-client-request-id": "0ee2e7b1-9d55-d518-4906-e8c3ce726b6b",
        "x-ms-content-crc64": "u1v0wxOri/c=",
        "x-ms-request-id": "ee5585f3-601e-0006-729b-80465e000000",
        "x-ms-request-server-encrypted": "true",
        "x-ms-version": "2024-05-04"
      },
      "ResponseBody": null
    },
    {
      "RequestUri": "https://amandadev2.blob.core.windows.net/test-container-642963a8-9002-ea26-8beb-0e369ba08f9f?restype=container",
      "RequestMethod": "DELETE",
      "RequestHeaders": {
        "Accept": "application/xml",
        "Authorization": "Sanitized",
        "traceparent": "00-63bf4431e61db23f300c14493754dc3e-eda983e80fb66434-00",
        "User-Agent": "azsdk-net-Storage.Blobs/12.20.0-alpha.20240325.1 (.NET 6.0.28; Microsoft Windows 10.0.22635)",
        "x-ms-client-request-id": "c044e91c-2902-49c5-6f36-451bc736b296",
        "x-ms-date": "Wed, 27 Mar 2024 23:06:37 GMT",
        "x-ms-return-client-request-id": "true",
        "x-ms-version": "2024-05-04"
      },
      "RequestBody": null,
      "StatusCode": 202,
      "ResponseHeaders": {
        "Content-Length": "0",
        "Date": "Wed, 27 Mar 2024 23:06:38 GMT",
        "Server": [
          "Windows-Azure-Blob/1.0",
          "Microsoft-HTTPAPI/2.0"
        ],
        "x-ms-client-request-id": "c044e91c-2902-49c5-6f36-451bc736b296",
        "x-ms-request-id": "ee5586f4-601e-0006-649b-80465e000000",
        "x-ms-version": "2024-05-04"
      },
      "ResponseBody": null
    },
    {
      "RequestUri": "https://amandadev2.blob.core.windows.net/test-container-99d1f5c7-1c06-d157-cb42-7abd78e571e4?restype=container",
      "RequestMethod": "DELETE",
      "RequestHeaders": {
        "Accept": "application/xml",
        "Authorization": "Sanitized",
        "traceparent": "00-46caec3d4e10aec902ebefd8a45a925b-5521427cb1f7daa8-00",
        "User-Agent": "azsdk-net-Storage.Blobs/12.20.0-alpha.20240325.1 (.NET 6.0.28; Microsoft Windows 10.0.22635)",
        "x-ms-client-request-id": "e4a65b50-aa2e-5f68-5721-98c165f683f0",
        "x-ms-date": "Wed, 27 Mar 2024 23:06:37 GMT",
        "x-ms-return-client-request-id": "true",
        "x-ms-version": "2024-05-04"
      },
      "RequestBody": null,
      "StatusCode": 202,
      "ResponseHeaders": {
        "Content-Length": "0",
        "Date": "Wed, 27 Mar 2024 23:06:38 GMT",
        "Server": [
          "Windows-Azure-Blob/1.0",
          "Microsoft-HTTPAPI/2.0"
        ],
        "x-ms-client-request-id": "e4a65b50-aa2e-5f68-5721-98c165f683f0",
        "x-ms-request-id": "ee558744-601e-0006-2f9b-80465e000000",
        "x-ms-version": "2024-05-04"
      },
      "ResponseBody": null
    }
  ],
  "Variables": {
    "DateTimeOffsetNow": "2024-03-27T16:06:36.7403445-07:00",
    "RandomSeed": "813306750",
    "Storage_TestConfigDefault": "ProductionTenant\namandadev2\nU2FuaXRpemVk\nhttps://amandadev2.blob.core.windows.net\nhttps://amandadev2.file.core.windows.net\nhttps://amandadev2.queue.core.windows.net\nhttps://amandadev2.table.core.windows.net\n\n\n\n\nhttps://amandadev2-secondary.blob.core.windows.net\nhttps://amandadev2-secondary.file.core.windows.net\nhttps://amandadev2-secondary.queue.core.windows.net\nhttps://amandadev2-secondary.table.core.windows.net\n\nSanitized\n\n\nCloud\nBlobEndpoint=https://amandadev2.blob.core.windows.net/;QueueEndpoint=https://amandadev2.queue.core.windows.net/;FileEndpoint=https://amandadev2.file.core.windows.net/;BlobSecondaryEndpoint=https://amandadev2-secondary.blob.core.windows.net/;QueueSecondaryEndpoint=https://amandadev2-secondary.queue.core.windows.net/;FileSecondaryEndpoint=https://amandadev2-secondary.file.core.windows.net/;AccountName=amandadev2;AccountKey=Sanitized\nencryptionScope\n\n"
  }
}
