{
  "Entries": [
    {
      "RequestUri": "https://amandadev2.blob.core.windows.net/test-container-0ac09111-a8bd-0e3d-c27d-d6a184078d9c?restype=container",
      "RequestMethod": "PUT",
      "RequestHeaders": {
        "Accept": "application/xml",
        "Authorization": "Sanitized",
        "Content-Length": "0",
        "traceparent": "00-0a88abab1ee75c406682cb7d042a2761-ebd39c8059805ffd-00",
        "User-Agent": "azsdk-net-Storage.Blobs/12.20.0-alpha.20240328.1 (.NET 6.0.28; Microsoft Windows 10.0.22635)",
        "x-ms-blob-public-access": "container",
        "x-ms-client-request-id": "fea46853-823c-a6be-48ba-f96d7534b27d",
        "x-ms-date": "Thu, 28 Mar 2024 21:08:21 GMT",
        "x-ms-return-client-request-id": "true",
        "x-ms-version": "2024-05-04"
      },
      "RequestBody": null,
      "StatusCode": 201,
      "ResponseHeaders": {
        "Content-Length": "0",
        "Date": "Thu, 28 Mar 2024 21:08:22 GMT",
        "ETag": "\u00220x8DC4F6B34147865\u0022",
        "Last-Modified": "Thu, 28 Mar 2024 21:08:23 GMT",
        "Server": [
          "Windows-Azure-Blob/1.0",
          "Microsoft-HTTPAPI/2.0"
        ],
        "x-ms-client-request-id": "fea46853-823c-a6be-48ba-f96d7534b27d",
        "x-ms-request-id": "5f16de92-101e-0051-3654-81e86d000000",
        "x-ms-version": "2024-05-04"
      },
      "ResponseBody": null
    },
    {
      "RequestUri": "https://amandadev2.blob.core.windows.net/test-container-d23e5444-5aae-b640-c367-fc2ee15b54e2?restype=container",
      "RequestMethod": "PUT",
      "RequestHeaders": {
        "Accept": "application/xml",
        "Authorization": "Sanitized",
        "Content-Length": "0",
        "traceparent": "00-5747001530c63a3a8507e0ad2a78ff16-d76c2753393fc25e-00",
        "User-Agent": "azsdk-net-Storage.Blobs/12.20.0-alpha.20240328.1 (.NET 6.0.28; Microsoft Windows 10.0.22635)",
        "x-ms-blob-public-access": "container",
        "x-ms-client-request-id": "659d49dc-6fa1-f83a-27ed-3bd4858fc4ec",
        "x-ms-date": "Thu, 28 Mar 2024 21:08:21 GMT",
        "x-ms-return-client-request-id": "true",
        "x-ms-version": "2024-05-04"
      },
      "RequestBody": null,
      "StatusCode": 201,
      "ResponseHeaders": {
        "Content-Length": "0",
        "Date": "Thu, 28 Mar 2024 21:08:22 GMT",
        "ETag": "\u00220x8DC4F6B341EB831\u0022",
        "Last-Modified": "Thu, 28 Mar 2024 21:08:23 GMT",
        "Server": [
          "Windows-Azure-Blob/1.0",
          "Microsoft-HTTPAPI/2.0"
        ],
        "x-ms-client-request-id": "659d49dc-6fa1-f83a-27ed-3bd4858fc4ec",
        "x-ms-request-id": "5f16debc-101e-0051-5b54-81e86d000000",
        "x-ms-version": "2024-05-04"
      },
      "ResponseBody": null
    },
    {
      "RequestUri": "https://amandadev2.blob.core.windows.net/test-container-0ac09111-a8bd-0e3d-c27d-d6a184078d9c/test-blob-86311666-97e5-b51a-f42d-62c63cf95462",
      "RequestMethod": "PUT",
      "RequestHeaders": {
        "Accept": "application/xml",
        "Authorization": "Sanitized",
        "Content-Length": "0",
        "If-None-Match": "*",
        "traceparent": "00-30c7679d53be2e06328027c0dae222aa-c7a03f734fe17c82-00",
        "User-Agent": "azsdk-net-Storage.Blobs/12.20.0-alpha.20240328.1 (.NET 6.0.28; Microsoft Windows 10.0.22635)",
        "x-ms-blob-content-length": "1024",
        "x-ms-blob-type": "PageBlob",
        "x-ms-client-request-id": "de84182e-ddb7-90d4-6e65-461b0b68bcab",
        "x-ms-date": "Thu, 28 Mar 2024 21:08:21 GMT",
        "x-ms-return-client-request-id": "true",
        "x-ms-version": "2024-05-04"
      },
      "RequestBody": null,
      "StatusCode": 201,
      "ResponseHeaders": {
        "Content-Length": "0",
        "Date": "Thu, 28 Mar 2024 21:08:22 GMT",
        "ETag": "\u00220x8DC4F6B3427B9A7\u0022",
        "Last-Modified": "Thu, 28 Mar 2024 21:08:23 GMT",
        "Server": [
          "Windows-Azure-Blob/1.0",
          "Microsoft-HTTPAPI/2.0"
        ],
        "x-ms-client-request-id": "de84182e-ddb7-90d4-6e65-461b0b68bcab",
        "x-ms-request-id": "5f16dedb-101e-0051-7754-81e86d000000",
        "x-ms-request-server-encrypted": "true",
        "x-ms-version": "2024-05-04",
        "x-ms-version-id": "2024-03-28T21:08:23.4881447Z"
      },
      "ResponseBody": null
    },
    {
      "RequestUri": "https://amandadev2.blob.core.windows.net/test-container-0ac09111-a8bd-0e3d-c27d-d6a184078d9c/test-blob-86311666-97e5-b51a-f42d-62c63cf95462?comp=page",
      "RequestMethod": "PUT",
      "RequestHeaders": {
        "Accept": "application/xml",
        "Authorization": "Sanitized",
        "Content-Length": "1024",
        "Content-Type": "application/octet-stream",
        "traceparent": "00-871fc1dc06f44b401d097452a2651972-6be3717a9e77801b-00",
        "User-Agent": "azsdk-net-Storage.Blobs/12.20.0-alpha.20240328.1 (.NET 6.0.28; Microsoft Windows 10.0.22635)",
        "x-ms-client-request-id": "0f2737b0-3fdd-3f33-b40b-30df8d3524f0",
        "x-ms-date": "Thu, 28 Mar 2024 21:08:21 GMT",
        "x-ms-page-write": "update",
        "x-ms-range": "bytes=0-1023",
        "x-ms-return-client-request-id": "true",
        "x-ms-version": "2024-05-04"
      },
      "RequestBody": "3/9Wyy8sol4EW0AJ5CFYOhhxaVwANDQ0uZEDFCjAQdmMEw/PklM0hrxV8jm33d5to6KTQEToVqrKIRGeKI42QxpmfNESiKfFPeKgq0H7fduylnGFLQCVo7xkBHBCll0tH64eUWAMWhr6zQNhSKtpz6Q165IdsBYa0NgVroQ3g6aEc4yT3Ct7pTxWil/8NFsQ\u002BzTLDKvLD26XA4GI96uVw0pd3NUf1fN5ukVVxia2Hpt9BLNPa3b7uWMd\u002B9mq8q6QwMYUn1iF8SVBUlJldkhI4eXlCvP4RljUYSNyAdoaz8eWxAVfoX9C9xKNDRgjlUIa1RrzxOi7mHpuQD01E/BLJ4KLzrFC6T9loxPgajg/sMvgVyy/Jgve2yyL8GFBDeMiQuaVmMaR1\u002BzajiHV2i1CLo9yVLzDiwF3rPOFt/jeJJUvvShRqRcET39A5ZjqCQH\u002BSMHRz7gnXrblHuzTCyDz/GmLpRwE8IV3bQU9g6ZpjaLyhm42DFTcCF9xbIsrMUNfTOkuXmPk\u002Blg8WWKz6dsQe5FJ4YWxve8Vr529koP6TDzB3Ta8Oy4/DYwW\u002BbLyKR6DYfH54U\u002B9ro/5GK/FJ2fUQg0m8QykU0BiCtP5msM9I4V/OTGSAGrsBC\u002BnwyJ\u002BeeYlQrelyzcS3g2wl9d7wxPLvPUpRu01QUGiOezc/ZAe45Dt1FgMmFdObFoj4mmTcEAb2wctVTL57wB1ApJKNeF9krNGju67vySd29mSEV/YD8iswCGI8I5e9OVYlpXFAzd5pU\u002B2TOJRYBzij3lYZt2gnfPJnnS/9KEk6JkJYiiO2NeiGGwPIsLlWl8EpWEVBY0Ht/mh\u002B2XDubCukWRJSP7zVLahtk1xkHox40QUu09AD\u002BMMAasv7N1y3l\u002B7YZBdnBJhEFGqc04/liZ\u002BcBghrv5hbYKAPEZTxGfZL9futS/q00Yxs6r9lZuVzGuEsXzFUTBgWvMN3GDMDkzq0UR2UOH3k53R7/tUZNjm63DazhLrE92njls73PbmZaReE8NXH3yKjR3e82I1DPUaJ/Hv8UA5/r1mzsKFu7em6olW9VEVjsz0UEH1DCB7coFlIbUF9nRkJBQF8VC5BNJmNwnY3hakBZgk\u002B6D\u002BRPKd6lxAH5oBofMV8tE8D518OktvjtQWopNrwBsd4PrUZeAiZwbzeeQ3ZZYVw\u002BxFaPX7qMFUj7UdhkjJ1V9\u002B5MH5QIzxGqeWicBmNyk\u002BAd\u002BnJlglITg5f9UqBOC\u002BKqSFuYDVHIJfU01OZB4A7ViM3oVoIa8GWcKIv8G2xhbH118c4X2oaeVcSNIL17wZOJF9niVbVQj1f2C9TFzAqI03ho2/5Aza43WgC9nc\u002B4EGb4cwOSjwa4FWJ2Ed6w==",
      "StatusCode": 201,
      "ResponseHeaders": {
        "Content-Length": "0",
        "Date": "Thu, 28 Mar 2024 21:08:22 GMT",
        "ETag": "\u00220x8DC4F6B34312E34\u0022",
        "Last-Modified": "Thu, 28 Mar 2024 21:08:23 GMT",
        "Server": [
          "Windows-Azure-Blob/1.0",
          "Microsoft-HTTPAPI/2.0"
        ],
        "x-ms-blob-sequence-number": "0",
        "x-ms-client-request-id": "0f2737b0-3fdd-3f33-b40b-30df8d3524f0",
        "x-ms-content-crc64": "ZGASuwR/7A8=",
        "x-ms-request-id": "5f16defd-101e-0051-1954-81e86d000000",
        "x-ms-request-server-encrypted": "true",
        "x-ms-version": "2024-05-04"
      },
      "ResponseBody": null
    },
    {
      "RequestUri": "https://amandadev2.blob.core.windows.net/test-container-0ac09111-a8bd-0e3d-c27d-d6a184078d9c/test-blob-86311666-97e5-b51a-f42d-62c63cf95462?sv=2024-05-04\u0026se=2024-03-29T21%3A08%3A21Z\u0026sr=b\u0026sp=Sanitized\u0026sig=Sanitized",
      "RequestMethod": "HEAD",
      "RequestHeaders": {
        "Accept": "application/xml",
        "traceparent": "00-688a7148d61b05e68132f8d897bec954-8075e460c665f66c-00",
        "User-Agent": "azsdk-net-Storage.Blobs/12.20.0-alpha.20240328.1 (.NET 6.0.28; Microsoft Windows 10.0.22635)",
        "x-ms-client-request-id": "d36a06f8-ad41-7ecd-c51a-636408b899fb",
        "x-ms-return-client-request-id": "true",
        "x-ms-version": "2024-05-04"
      },
      "RequestBody": null,
      "StatusCode": 200,
      "ResponseHeaders": {
        "Accept-Ranges": "bytes",
        "Content-Length": "1024",
        "Content-Type": "application/octet-stream",
        "Date": "Thu, 28 Mar 2024 21:08:22 GMT",
        "ETag": "\u00220x8DC4F6B34312E34\u0022",
        "Last-Modified": "Thu, 28 Mar 2024 21:08:23 GMT",
        "Server": [
          "Windows-Azure-Blob/1.0",
          "Microsoft-HTTPAPI/2.0"
        ],
        "x-ms-blob-sequence-number": "0",
        "x-ms-blob-type": "PageBlob",
        "x-ms-client-request-id": "d36a06f8-ad41-7ecd-c51a-636408b899fb",
        "x-ms-creation-time": "Thu, 28 Mar 2024 21:08:23 GMT",
        "x-ms-is-current-version": "true",
        "x-ms-lease-state": "available",
        "x-ms-lease-status": "unlocked",
        "x-ms-request-id": "5f16df46-101e-0051-5a54-81e86d000000",
        "x-ms-server-encrypted": "true",
        "x-ms-version": "2024-05-04",
        "x-ms-version-id": "2024-03-28T21:08:23.4881447Z"
      },
      "ResponseBody": null
    },
    {
      "RequestUri": "https://amandadev2.blob.core.windows.net/test-container-d23e5444-5aae-b640-c367-fc2ee15b54e2/test-blob-97522284-eebe-cc40-b356-f375538a8ae1?sv=2024-05-04\u0026se=2024-03-29T21%3A08%3A21Z\u0026sr=b\u0026sp=Sanitized\u0026sig=Sanitized",
      "RequestMethod": "PUT",
      "RequestHeaders": {
        "Accept": "application/xml",
        "Content-Length": "0",
        "If-None-Match": "*",
        "traceparent": "00-b9c810da6ed9506643ac123f2af360be-eac4c04e55790f85-00",
        "User-Agent": "azsdk-net-Storage.Blobs/12.20.0-alpha.20240328.1 (.NET 6.0.28; Microsoft Windows 10.0.22635)",
        "x-ms-blob-content-type": "application/octet-stream",
        "x-ms-blob-type": "AppendBlob",
        "x-ms-client-request-id": "87e65926-51ca-e9af-0b67-fd3c4075ecc7",
        "x-ms-return-client-request-id": "true",
        "x-ms-version": "2024-05-04"
      },
      "RequestBody": null,
      "StatusCode": 201,
      "ResponseHeaders": {
        "Content-Length": "0",
        "Date": "Thu, 28 Mar 2024 21:08:22 GMT",
        "ETag": "\u00220x8DC4F6B34485C51\u0022",
        "Last-Modified": "Thu, 28 Mar 2024 21:08:23 GMT",
        "Server": [
          "Windows-Azure-Blob/1.0",
          "Microsoft-HTTPAPI/2.0"
        ],
        "x-ms-client-request-id": "87e65926-51ca-e9af-0b67-fd3c4075ecc7",
        "x-ms-request-id": "5f16df74-101e-0051-0254-81e86d000000",
        "x-ms-request-server-encrypted": "true",
        "x-ms-version": "2024-05-04",
        "x-ms-version-id": "2024-03-28T21:08:23.7020241Z"
      },
      "ResponseBody": null
    },
    {
      "RequestUri": "https://amandadev2.blob.core.windows.net/test-container-d23e5444-5aae-b640-c367-fc2ee15b54e2/test-blob-97522284-eebe-cc40-b356-f375538a8ae1?sv=2024-05-04\u0026se=2024-03-29T21%3A08%3A21Z\u0026sr=b\u0026sp=Sanitized\u0026sig=Sanitized\u0026comp=appendblock",
      "RequestMethod": "PUT",
      "RequestHeaders": {
        "Accept": "application/xml",
        "Content-Length": "0",
        "If-None-Match": "*",
        "traceparent": "00-9eb9db9c54c0088d424f22d08a2fc9db-3432e169f94ac6b1-00",
        "User-Agent": "azsdk-net-Storage.Blobs/12.20.0-alpha.20240328.1 (.NET 6.0.28; Microsoft Windows 10.0.22635)",
        "x-ms-client-request-id": "af3d4fa1-12d2-6031-75b3-c74bacadcbe7",
        "x-ms-copy-source": "Sanitized",
        "x-ms-return-client-request-id": "true",
        "x-ms-source-range": "bytes=0-1023",
        "x-ms-version": "2024-05-04"
      },
      "RequestBody": null,
      "StatusCode": 201,
      "ResponseHeaders": {
        "Content-Length": "0",
        "Date": "Thu, 28 Mar 2024 21:08:22 GMT",
        "ETag": "\u00220x8DC4F6B3452BB17\u0022",
        "Last-Modified": "Thu, 28 Mar 2024 21:08:23 GMT",
        "Server": [
          "Windows-Azure-Blob/1.0",
          "Microsoft-HTTPAPI/2.0"
        ],
        "x-ms-blob-append-offset": "0",
        "x-ms-blob-committed-block-count": "1",
        "x-ms-client-request-id": "af3d4fa1-12d2-6031-75b3-c74bacadcbe7",
        "x-ms-content-crc64": "ZGASuwR/7A8=",
        "x-ms-request-id": "5f16dfaf-101e-0051-3854-81e86d000000",
        "x-ms-request-server-encrypted": "true",
        "x-ms-version": "2024-05-04"
      },
      "ResponseBody": null
    },
    {
      "RequestUri": "https://amandadev2.blob.core.windows.net/test-container-d23e5444-5aae-b640-c367-fc2ee15b54e2?restype=container",
      "RequestMethod": "DELETE",
      "RequestHeaders": {
        "Accept": "application/xml",
        "Authorization": "Sanitized",
        "traceparent": "00-435940eef37abaad44105ec86d292380-e502bec030181cec-00",
        "User-Agent": "azsdk-net-Storage.Blobs/12.20.0-alpha.20240328.1 (.NET 6.0.28; Microsoft Windows 10.0.22635)",
        "x-ms-client-request-id": "f19a8a7a-3c38-b0f4-81cf-2b504ad9a26e",
        "x-ms-date": "Thu, 28 Mar 2024 21:08:22 GMT",
        "x-ms-return-client-request-id": "true",
        "x-ms-version": "2024-05-04"
      },
      "RequestBody": null,
      "StatusCode": 202,
      "ResponseHeaders": {
        "Content-Length": "0",
        "Date": "Thu, 28 Mar 2024 21:08:23 GMT",
        "Server": [
          "Windows-Azure-Blob/1.0",
          "Microsoft-HTTPAPI/2.0"
        ],
        "x-ms-client-request-id": "f19a8a7a-3c38-b0f4-81cf-2b504ad9a26e",
        "x-ms-request-id": "5f16e02c-101e-0051-2e54-81e86d000000",
        "x-ms-version": "2024-05-04"
      },
      "ResponseBody": null
    },
    {
      "RequestUri": "https://amandadev2.blob.core.windows.net/test-container-0ac09111-a8bd-0e3d-c27d-d6a184078d9c?restype=container",
      "RequestMethod": "DELETE",
      "RequestHeaders": {
        "Accept": "application/xml",
        "Authorization": "Sanitized",
        "traceparent": "00-67cb934624e4f6860967bfd0adc1d720-b56512298ee0f2c0-00",
        "User-Agent": "azsdk-net-Storage.Blobs/12.20.0-alpha.20240328.1 (.NET 6.0.28; Microsoft Windows 10.0.22635)",
        "x-ms-client-request-id": "21d008e8-da13-09af-d20d-5e51aabeca5b",
        "x-ms-date": "Thu, 28 Mar 2024 21:08:22 GMT",
        "x-ms-return-client-request-id": "true",
        "x-ms-version": "2024-05-04"
      },
      "RequestBody": null,
      "StatusCode": 202,
      "ResponseHeaders": {
        "Content-Length": "0",
        "Date": "Thu, 28 Mar 2024 21:08:23 GMT",
        "Server": [
          "Windows-Azure-Blob/1.0",
          "Microsoft-HTTPAPI/2.0"
        ],
        "x-ms-client-request-id": "21d008e8-da13-09af-d20d-5e51aabeca5b",
        "x-ms-request-id": "5f16e05a-101e-0051-5954-81e86d000000",
        "x-ms-version": "2024-05-04"
      },
      "ResponseBody": null
    }
  ],
  "Variables": {
    "DateTimeOffsetNow": "2024-03-28T14:08:21.6636515-07:00",
    "RandomSeed": "644665244",
    "Storage_TestConfigDefault": "ProductionTenant\namandadev2\nU2FuaXRpemVk\nhttps://amandadev2.blob.core.windows.net\nhttps://amandadev2.file.core.windows.net\nhttps://amandadev2.queue.core.windows.net\nhttps://amandadev2.table.core.windows.net\n\n\n\n\nhttps://amandadev2-secondary.blob.core.windows.net\nhttps://amandadev2-secondary.file.core.windows.net\nhttps://amandadev2-secondary.queue.core.windows.net\nhttps://amandadev2-secondary.table.core.windows.net\n\nSanitized\n\n\nCloud\nBlobEndpoint=https://amandadev2.blob.core.windows.net/;QueueEndpoint=https://amandadev2.queue.core.windows.net/;FileEndpoint=https://amandadev2.file.core.windows.net/;BlobSecondaryEndpoint=https://amandadev2-secondary.blob.core.windows.net/;QueueSecondaryEndpoint=https://amandadev2-secondary.queue.core.windows.net/;FileSecondaryEndpoint=https://amandadev2-secondary.file.core.windows.net/;AccountName=amandadev2;AccountKey=Sanitized\nencryptionScope\n\n"
  }
}
