{
  "Entries": [
    {
      "RequestUri": "https://t7d8641d8f25ec940prim.blob.core.windows.net/source1090540139?restype=container",
      "RequestMethod": "PUT",
      "RequestHeaders": {
        "Accept": "application/xml",
        "Authorization": "Sanitized",
        "Content-Length": "0",
        "User-Agent": "azsdk-net-Storage.Blobs/12.13.1 (.NET 7.0.20; Microsoft Windows 10.0.22631)",
        "x-ms-client-request-id": "Sanitized",
        "x-ms-return-client-request-id": "true",
        "x-ms-version": "2020-04-08"
      },
      "RequestBody": null,
      "StatusCode": 201,
      "ResponseHeaders": {
        "Content-Length": "0",
        "Date": "Wed, 03 Jul 2024 04:28:25 GMT",
        "ETag": "\"0x8DC9B1894E62948\"",
        "Last-Modified": "Wed, 03 Jul 2024 04:28:25 GMT",
        "Server": [
          "Windows-Azure-Blob/1.0",
          "Microsoft-HTTPAPI/2.0"
        ],
        "x-ms-client-request-id": "Sanitized",
        "x-ms-request-id": "d49cc2d1-301e-0041-6001-cd4a1c000000",
        "x-ms-version": "2020-04-08"
      },
      "ResponseBody": null
    },
    {
      "RequestUri": "https://t7d8641d8f25ec940prim.blob.core.windows.net/source1090540139/Document1.txt",
      "RequestMethod": "PUT",
      "RequestHeaders": {
        "Accept": "application/xml",
        "Authorization": "Sanitized",
        "Content-Length": "0",
        "Content-Type": "application/octet-stream",
        "If-None-Match": "*",
        "traceparent": "00-7f2180eea937a688f903de493bd64c73-b0da0f72d512f6f7-00",
        "User-Agent": "azsdk-net-Storage.Blobs/12.13.1 (.NET 7.0.20; Microsoft Windows 10.0.22631)",
        "x-ms-blob-type": "BlockBlob",
        "x-ms-client-request-id": "Sanitized",
        "x-ms-return-client-request-id": "true",
        "x-ms-version": "2020-04-08"
      },
      "RequestBody": null,
      "StatusCode": 201,
      "ResponseHeaders": {
        "Content-Length": "0",
        "Content-MD5": "1B2M2Y8AsgTpgAmY7PhCfg==",
        "Date": "Wed, 03 Jul 2024 04:28:25 GMT",
        "ETag": "\"0x8DC9B1894EEDBF8\"",
        "Last-Modified": "Wed, 03 Jul 2024 04:28:25 GMT",
        "Server": [
          "Windows-Azure-Blob/1.0",
          "Microsoft-HTTPAPI/2.0"
        ],
        "x-ms-client-request-id": "Sanitized",
        "x-ms-content-crc64": "AAAAAAAAAAA=",
        "x-ms-request-id": "d49cc2f1-301e-0041-7d01-cd4a1c000000",
        "x-ms-request-server-encrypted": "true",
        "x-ms-version": "2020-04-08"
      },
      "ResponseBody": null
    },
    {
      "RequestUri": "https://t7d8641d8f25ec940prim.blob.core.windows.net/target15162635?restype=container",
      "RequestMethod": "PUT",
      "RequestHeaders": {
        "Accept": "application/xml",
        "Authorization": "Sanitized",
        "Content-Length": "0",
        "User-Agent": "azsdk-net-Storage.Blobs/12.13.1 (.NET 7.0.20; Microsoft Windows 10.0.22631)",
        "x-ms-client-request-id": "Sanitized",
        "x-ms-return-client-request-id": "true",
        "x-ms-version": "2020-04-08"
      },
      "RequestBody": null,
      "StatusCode": 201,
      "ResponseHeaders": {
        "Content-Length": "0",
        "Date": "Wed, 03 Jul 2024 04:28:26 GMT",
        "ETag": "\"0x8DC9B1895770BD5\"",
        "Last-Modified": "Wed, 03 Jul 2024 04:28:26 GMT",
        "Server": [
          "Windows-Azure-Blob/1.0",
          "Microsoft-HTTPAPI/2.0"
        ],
        "x-ms-client-request-id": "Sanitized",
        "x-ms-request-id": "d49cc576-301e-0041-5801-cd4a1c000000",
        "x-ms-version": "2020-04-08"
      },
      "ResponseBody": null
    },
    {
      "RequestUri": "https://t7d8641d8f25ec940-doctranslation.cognitiveservices.azure.com/translator/document/batches?api-version=2024-05-01",
      "RequestMethod": "POST",
      "RequestHeaders": {
        "Content-Length": "103",
        "Content-Type": "application/json",
        "Ocp-Apim-Subscription-Key": "Sanitized",
        "traceparent": "00-2c23da8e963471856a38ba0719a7c868-b8374787ce0842a3-00",
        "User-Agent": "azsdk-net-AI.Translation.Document/2.0.0-alpha.20240701.1 (.NET 7.0.20; Microsoft Windows 10.0.22631)",
        "x-ms-client-request-id": "Sanitized",
        "x-ms-return-client-request-id": "true"
      },
      "RequestBody": {
        "inputs": [
          {
            "source": {
              "sourceUrl": "Sanitized"
            },
            "targets": [
              {
                "targetUrl": "Sanitized",
                "language": "fr"
              }
            ]
          }
        ]
      },
      "StatusCode": 202,
      "ResponseHeaders": {
        "apim-request-id": "f02facd5-ed89-4469-9703-e9794f2a8f60",
        "Content-Type": "application/json; charset=utf-8",
        "Date": "Wed, 03 Jul 2024 04:28:26 GMT",
        "Operation-Location": "https://t7d8641d8f25ec940-doctranslation.cognitiveservices.azure.com/translator/document/batches/8c810a6f-bd00-427e-b913-a301cbde62ca?api-version=2024-05-01",
        "Strict-Transport-Security": "max-age=31536000; includeSubDomains; preload",
        "Transfer-Encoding": "chunked",
        "X-Content-Type-Options": "nosniff",
        "x-ms-region": "West US",
        "X-RequestId": "f02facd5-ed89-4469-9703-e9794f2a8f60"
      },
      "ResponseBody": {
        "id": "8c810a6f-bd00-427e-b913-a301cbde62ca",
        "status": "NotStarted"
      }
    },
    {
      "RequestUri": "https://t7d8641d8f25ec940-doctranslation.cognitiveservices.azure.com/translator/document/batches/8c810a6f-bd00-427e-b913-a301cbde62ca?api-version=2024-05-01",
      "RequestMethod": "GET",
      "RequestHeaders": {
        "Accept": "application/json",
        "Ocp-Apim-Subscription-Key": "Sanitized",
        "User-Agent": "azsdk-net-AI.Translation.Document/2.0.0-alpha.20240701.1 (.NET 7.0.20; Microsoft Windows 10.0.22631)",
        "x-ms-client-request-id": "Sanitized",
        "x-ms-return-client-request-id": "true"
      },
      "RequestBody": null,
      "StatusCode": 200,
      "ResponseHeaders": {
        "apim-request-id": "0a6a700e-d1f0-4b2b-aca8-8a4a039a5e49",
        "Cache-Control": "public, max-age=1",
        "Content-Type": "application/json; charset=utf-8",
        "Date": "Wed, 03 Jul 2024 04:28:27 GMT",
        "ETag": "\"5B7B9A3340B999959702A7DC6B62D5F8D75D2A1B9F439BB46D947C5F77B3F3EB\"",
        "Retry-After": "1",
        "Strict-Transport-Security": "max-age=31536000; includeSubDomains; preload",
        "Transfer-Encoding": "chunked",
        "X-Content-Type-Options": "nosniff",
        "x-ms-region": "West US",
        "X-RequestId": "0a6a700e-d1f0-4b2b-aca8-8a4a039a5e49"
      },
      "ResponseBody": {
        "id": "8c810a6f-bd00-427e-b913-a301cbde62ca",
        "createdDateTimeUtc": "2024-07-03T04:28:27.1199616Z",
        "lastActionDateTimeUtc": "2024-07-03T04:28:27.1199617Z",
        "status": "NotStarted",
        "summary": {
          "total": 0,
          "failed": 0,
          "success": 0,
          "inProgress": 0,
          "notYetStarted": 0,
          "cancelled": 0,
          "totalCharacterCharged": 0
        }
      }
    },
    {
      "RequestUri": "https://t7d8641d8f25ec940-doctranslation.cognitiveservices.azure.com/translator/document/batches/8c810a6f-bd00-427e-b913-a301cbde62ca?api-version=2024-05-01",
      "RequestMethod": "GET",
      "RequestHeaders": {
        "Accept": "application/json",
        "Ocp-Apim-Subscription-Key": "Sanitized",
        "User-Agent": "azsdk-net-AI.Translation.Document/2.0.0-alpha.20240701.1 (.NET 7.0.20; Microsoft Windows 10.0.22631)",
        "x-ms-client-request-id": "Sanitized",
        "x-ms-return-client-request-id": "true"
      },
      "RequestBody": null,
      "StatusCode": 200,
      "ResponseHeaders": {
        "apim-request-id": "1b483cb7-1231-4efc-8acf-f85b804b0c6f",
        "Cache-Control": "public, max-age=1",
        "Content-Type": "application/json; charset=utf-8",
        "Date": "Wed, 03 Jul 2024 04:28:57 GMT",
        "ETag": "\"D1C329635FA4B5ABD5738CF2BC080ECC3CDD10871A76335F04D3A6B338AC7182\"",
        "Retry-After": "1",
        "Strict-Transport-Security": "max-age=31536000; includeSubDomains; preload",
        "Transfer-Encoding": "chunked",
        "X-Content-Type-Options": "nosniff",
        "x-ms-region": "West US",
        "X-RequestId": "1b483cb7-1231-4efc-8acf-f85b804b0c6f"
      },
      "ResponseBody": {
        "id": "8c810a6f-bd00-427e-b913-a301cbde62ca",
        "createdDateTimeUtc": "2024-07-03T04:28:27.1199616Z",
        "lastActionDateTimeUtc": "2024-07-03T04:28:32.0358807Z",
        "status": "Failed",
        "error": {
          "code": "InvalidRequest",
          "message": "The document does not have any translatable text.",
          "target": "Operation",
          "innerError": {
            "code": "NoTranslatableText",
            "message": "The document does not have any translatable text."
          }
        },
        "summary": {
          "total": 1,
          "failed": 1,
          "success": 0,
          "inProgress": 0,
          "notYetStarted": 0,
          "cancelled": 0,
          "totalCharacterCharged": 0
        }
      }
    },
    {
      "RequestUri": "https://t7d8641d8f25ec940-doctranslation.cognitiveservices.azure.com/translator/document/batches/8c810a6f-bd00-427e-b913-a301cbde62ca/documents?api-version=2024-05-01",
      "RequestMethod": "GET",
      "RequestHeaders": {
        "Accept": "application/json",
        "Ocp-Apim-Subscription-Key": "Sanitized",
        "User-Agent": "azsdk-net-AI.Translation.Document/2.0.0-alpha.20240701.1 (.NET 7.0.20; Microsoft Windows 10.0.22631)",
        "x-ms-client-request-id": "Sanitized",
        "x-ms-return-client-request-id": "true"
      },
      "RequestBody": null,
      "StatusCode": 200,
      "ResponseHeaders": {
        "apim-request-id": "ebec6153-622c-4ac7-9729-5fbf2122fcb0",
        "Cache-Control": "public, max-age=1",
        "Content-Type": "application/json; charset=utf-8",
        "Date": "Wed, 03 Jul 2024 04:28:57 GMT",
        "ETag": "\"3941A153AD1771987188DF36D066A25F1BC9903FBD185DC68920B6BEEE424FCC\"",
        "Retry-After": "1",
        "Strict-Transport-Security": "max-age=31536000; includeSubDomains; preload",
        "Transfer-Encoding": "chunked",
        "X-Content-Type-Options": "nosniff",
        "x-ms-region": "West US",
        "X-RequestId": "ebec6153-622c-4ac7-9729-5fbf2122fcb0"
      },
      "ResponseBody": {
        "value": [
          {
            "sourcePath": "https://t7d8641d8f25ec940prim.blob.core.windows.net:443/source1090540139/Document1.txt",
            "createdDateTimeUtc": "2024-07-03T04:28:30.8505615Z",
            "lastActionDateTimeUtc": "2024-07-03T04:28:31.9702701Z",
            "status": "Failed",
            "to": "fr",
            "error": {
              "code": "InvalidRequest",
              "message": "The document does not have any translatable text.",
              "target": "Document",
              "innerError": {
                "code": "NoTranslatableText",
                "message": "The document does not have any translatable text."
              }
            },
            "progress": 0,
            "id": "00d38de1-0000-0000-0000-000000000000",
            "characterCharged": 0
          }
        ]
      }
    }
  ],
  "Variables": {
    "DOCUMENT_TRANSLATION_API_KEY": "Sanitized",
    "DOCUMENT_TRANSLATION_ENDPOINT": "https://t7d8641d8f25ec940-doctranslation.cognitiveservices.azure.com",
    "DOCUMENT_TRANSLATION_STORAGE_NAME": "t7d8641d8f25ec940prim",
    "RandomSeed": "743922544"
  }
}
