{
  "Entries": [
    {
      "RequestUri": "https://vdi-fr-test-eastus.ppe.cognitiveservices.azure.com/documentintelligence/documentModels:build?api-version=2023-10-31-preview",
      "RequestMethod": "POST",
      "RequestHeaders": {
        "Accept": "application/json",
        "Content-Length": "247",
        "Content-Type": "application/json",
        "Ocp-Apim-Subscription-Key": "Sanitized",
        "traceparent": "00-c0c6b3f73dc94989a1a105951d625eea-3fde469be0515e33-00",
        "User-Agent": "azsdk-net-AI.DocumentIntelligence/1.0.0-alpha.20231113.1 (.NET 7.0.13; Microsoft Windows 10.0.22631)",
        "x-ms-client-request-id": "999878f6e7ecc0fa43b4d2435f99bbe7",
        "x-ms-return-client-request-id": "true"
      },
      "RequestBody": {
        "modelId": "772205281",
        "description": "This classifier was generated by a .NET test.",
        "buildMode": "template",
        "azureBlobSource": {
          "containerUrl": "https://sanitized.blob.core.windows.net",
          "prefix": "subfolder"
        },
        "tags": {
          "tag1": "value1",
          "tag2": "value2"
        }
      },
      "StatusCode": 202,
      "ResponseHeaders": {
        "apim-request-id": "1bc43386-b3ae-43b8-b693-59445e9c3136",
        "Content-Length": "0",
        "Date": "Mon, 13 Nov 2023 10:01:51 GMT",
        "operation-location": "https://vdi-fr-test-eastus.ppe.cognitiveservices.azure.com/documentintelligence/operations/31466498290_1bc43386-b3ae-43b8-b693-59445e9c3136?api-version=2023-10-31-preview",
        "Strict-Transport-Security": "max-age=31536000; includeSubDomains; preload",
        "X-Content-Type-Options": "nosniff",
        "x-envoy-upstream-service-time": "2283",
        "x-ms-region": "East US"
      },
      "ResponseBody": null
    },
    {
      "RequestUri": "https://vdi-fr-test-eastus.ppe.cognitiveservices.azure.com/documentintelligence/operations/31466498290_1bc43386-b3ae-43b8-b693-59445e9c3136?api-version=2023-10-31-preview",
      "RequestMethod": "GET",
      "RequestHeaders": {
        "Ocp-Apim-Subscription-Key": "Sanitized",
        "User-Agent": "azsdk-net-AI.DocumentIntelligence/1.0.0-alpha.20231113.1 (.NET 7.0.13; Microsoft Windows 10.0.22631)",
        "x-ms-client-request-id": "6fc3cca51b5bf684943600275ab4c9a2",
        "x-ms-return-client-request-id": "true"
      },
      "RequestBody": null,
      "StatusCode": 200,
      "ResponseHeaders": {
        "apim-request-id": "1f6b14ba-e0b5-43eb-bcd0-b9ff2f8029a1",
        "Content-Type": "application/json; charset=utf-8",
        "Date": "Mon, 13 Nov 2023 10:01:51 GMT",
        "Strict-Transport-Security": "max-age=31536000; includeSubDomains; preload",
        "Transfer-Encoding": "chunked",
        "X-Content-Type-Options": "nosniff",
        "x-envoy-upstream-service-time": "6",
        "x-ms-region": "East US"
      },
      "ResponseBody": {
        "operationId": "31466498290_1bc43386-b3ae-43b8-b693-59445e9c3136",
        "kind": "documentModelBuild",
        "status": "running",
        "createdDateTime": "2023-11-13T10:01:49Z",
        "lastUpdatedDateTime": "2023-11-13T10:01:52Z",
        "resourceLocation": "https://vdi-fr-test-eastus.ppe.cognitiveservices.azure.com/documentintelligence/documentModels/772205281?api-version=2023-10-31-preview",
        "tags": {
          "tag1": "value1",
          "tag2": "value2"
        },
        "apiVersion": "2023-10-31-preview"
      }
    },
    {
      "RequestUri": "https://vdi-fr-test-eastus.ppe.cognitiveservices.azure.com/documentintelligence/operations/31466498290_1bc43386-b3ae-43b8-b693-59445e9c3136?api-version=2023-10-31-preview",
      "RequestMethod": "GET",
      "RequestHeaders": {
        "Ocp-Apim-Subscription-Key": "Sanitized",
        "User-Agent": "azsdk-net-AI.DocumentIntelligence/1.0.0-alpha.20231113.1 (.NET 7.0.13; Microsoft Windows 10.0.22631)",
        "x-ms-client-request-id": "a538d29c17549a5dc4924750bbfc8c84",
        "x-ms-return-client-request-id": "true"
      },
      "RequestBody": null,
      "StatusCode": 200,
      "ResponseHeaders": {
        "apim-request-id": "04170ce5-b983-48dc-93e5-3cff332d52bb",
        "Content-Type": "application/json; charset=utf-8",
        "Date": "Mon, 13 Nov 2023 10:01:52 GMT",
        "Strict-Transport-Security": "max-age=31536000; includeSubDomains; preload",
        "Transfer-Encoding": "chunked",
        "X-Content-Type-Options": "nosniff",
        "x-envoy-upstream-service-time": "7",
        "x-ms-region": "East US"
      },
      "ResponseBody": {
        "operationId": "31466498290_1bc43386-b3ae-43b8-b693-59445e9c3136",
        "kind": "documentModelBuild",
        "status": "succeeded",
        "createdDateTime": "2023-11-13T10:01:49Z",
        "lastUpdatedDateTime": "2023-11-13T10:01:52Z",
        "resourceLocation": "https://vdi-fr-test-eastus.ppe.cognitiveservices.azure.com/documentintelligence/documentModels/772205281?api-version=2023-10-31-preview",
        "percentCompleted": 100,
        "result": {
          "docTypes": {
            "772205281": {
              "fieldSchema": {
                "Merchant": {
                  "type": "string"
                },
                "PhoneNumber": {
                  "type": "string"
                },
                "Website": {
                  "type": "string"
                },
                "Email": {
                  "type": "string"
                },
                "PurchaseOrderNumber": {
                  "type": "string"
                },
                "DatedAs": {
                  "type": "string"
                },
                "VendorName": {
                  "type": "string"
                },
                "CompanyName": {
                  "type": "string"
                },
                "CompanyAddress": {
                  "type": "string"
                },
                "CompanyPhoneNumber": {
                  "type": "string"
                },
                "Subtotal": {
                  "type": "string"
                },
                "Tax": {
                  "type": "string"
                },
                "Total": {
                  "type": "string"
                },
                "Signature": {
                  "type": "string"
                },
                "Quantity": {
                  "type": "number"
                }
              },
              "buildMode": "template",
              "fieldConfidence": {
                "CompanyAddress": 0.8,
                "CompanyName": 0.995,
                "CompanyPhoneNumber": 0.995,
                "DatedAs": 0.995,
                "Email": 0.8,
                "Merchant": 0.995,
                "PhoneNumber": 0.995,
                "PurchaseOrderNumber": 0.995,
                "Quantity": 0.995,
                "Signature": 0.6,
                "Subtotal": 0.995,
                "Tax": 0.995,
                "Total": 0.995,
                "VendorName": 0.995,
                "Website": 0.995
              }
            }
          },
          "modelId": "772205281",
          "createdDateTime": "2023-11-13T10:01:52Z",
          "expirationDateTime": "2025-11-12T10:01:52Z",
          "apiVersion": "2023-10-31-preview",
          "description": "This classifier was generated by a .NET test.",
          "tags": {
            "tag1": "value1",
            "tag2": "value2"
          }
        },
        "tags": {
          "tag1": "value1",
          "tag2": "value2"
        },
        "apiVersion": "2023-10-31-preview"
      }
    },
    {
      "RequestUri": "https://vdi-fr-test-eastus.ppe.cognitiveservices.azure.com/documentintelligence/documentModels/772205281?api-version=2023-10-31-preview",
      "RequestMethod": "DELETE",
      "RequestHeaders": {
        "Accept": "application/json",
        "Ocp-Apim-Subscription-Key": "Sanitized",
        "traceparent": "00-f7b4222549151512bc68248d9ac9c12e-d7d625ca763fc2dd-00",
        "User-Agent": "azsdk-net-AI.DocumentIntelligence/1.0.0-alpha.20231113.1 (.NET 7.0.13; Microsoft Windows 10.0.22631)",
        "x-ms-client-request-id": "6efe6aab1e2cdb85f4a204b6e7d3668f",
        "x-ms-return-client-request-id": "true"
      },
      "RequestBody": null,
      "StatusCode": 204,
      "ResponseHeaders": {
        "apim-request-id": "102bcfd0-bc15-4131-9b48-b53c3728c9e7",
        "Content-Length": "0",
        "Date": "Mon, 13 Nov 2023 10:01:52 GMT",
        "Strict-Transport-Security": "max-age=31536000; includeSubDomains; preload",
        "X-Content-Type-Options": "nosniff",
        "x-envoy-upstream-service-time": "64",
        "x-ms-region": "East US"
      },
      "ResponseBody": null
    }
  ],
  "Variables": {
    "API_KEY": "Sanitized",
    "DateTimeOffsetNow": "2023-11-13T02:01:47.8308081-08:00",
    "ENDPOINT": "https://vdi-fr-test-eastus.ppe.cognitiveservices.azure.com/",
    "RandomSeed": "1751060779",
    "SINGLEPAGE_BLOB_CONTAINER_SAS_URL": "https://sanitized.blob.core.windows.net"
  }
}
