{
  "Entries": [
    {
      "RequestUri": "https://camaiaor-westus2.cognitiveservices.azure.com/documentintelligence/documentModels:build?api-version=2024-02-29-preview",
      "RequestMethod": "POST",
      "RequestHeaders": {
        "Accept": "application/json",
        "Content-Length": "123",
        "Content-Type": "application/json",
        "Ocp-Apim-Subscription-Key": "Sanitized",
        "traceparent": "00-ea8454f24a2507a15edc14234ba78e32-583d11adb99f2dbb-00",
        "User-Agent": "azsdk-net-AI.DocumentIntelligence/1.0.0-alpha.20240301.1 (.NET 7.0.16; Microsoft Windows 10.0.22631)",
        "x-ms-client-request-id": "ded4044ee1528f2a8caa8baeeb8c52af",
        "x-ms-return-client-request-id": "true"
      },
      "RequestBody": {
        "modelId": "422882542",
        "buildMode": "template",
        "azureBlobSource": {
          "containerUrl": "https://sanitized.blob.core.windows.net"
        }
      },
      "StatusCode": 202,
      "ResponseHeaders": {
        "apim-request-id": "3987b4fb-f27d-4fb8-9215-647b8c53d36d",
        "Content-Length": "0",
        "Date": "Fri, 01 Mar 2024 13:33:40 GMT",
        "operation-location": "https://camaiaor-westus2.cognitiveservices.azure.com/documentintelligence/operations/31457067980_3987b4fb-f27d-4fb8-9215-647b8c53d36d?api-version=2024-02-29-preview",
        "Strict-Transport-Security": "max-age=31536000; includeSubDomains; preload",
        "X-Content-Type-Options": "nosniff",
        "x-envoy-upstream-service-time": "1145",
        "x-ms-region": "West US 2"
      },
      "ResponseBody": null
    },
    {
      "RequestUri": "https://camaiaor-westus2.cognitiveservices.azure.com/documentintelligence/operations/31457067980_3987b4fb-f27d-4fb8-9215-647b8c53d36d?api-version=2024-02-29-preview",
      "RequestMethod": "GET",
      "RequestHeaders": {
        "Ocp-Apim-Subscription-Key": "Sanitized",
        "traceparent": "00-ea8454f24a2507a15edc14234ba78e32-470da8e27edec04b-00",
        "User-Agent": "azsdk-net-AI.DocumentIntelligence/1.0.0-alpha.20240301.1 (.NET 7.0.16; Microsoft Windows 10.0.22631)",
        "x-ms-client-request-id": "e06eb586730b48e48e346cc8722fd11d",
        "x-ms-return-client-request-id": "true"
      },
      "RequestBody": null,
      "StatusCode": 200,
      "ResponseHeaders": {
        "apim-request-id": "c02a1563-628c-4725-b345-da33a7ea7742",
        "Content-Type": "application/json; charset=utf-8",
        "Date": "Fri, 01 Mar 2024 13:33:40 GMT",
        "Strict-Transport-Security": "max-age=31536000; includeSubDomains; preload",
        "Transfer-Encoding": "chunked",
        "X-Content-Type-Options": "nosniff",
        "x-envoy-upstream-service-time": "21",
        "x-ms-region": "West US 2"
      },
      "ResponseBody": {
        "operationId": "31457067980_3987b4fb-f27d-4fb8-9215-647b8c53d36d",
        "kind": "documentModelBuild",
        "status": "notStarted",
        "createdDateTime": "2024-03-01T13:33:40Z",
        "lastUpdatedDateTime": "2024-03-01T13:33:40Z",
        "resourceLocation": "https://camaiaor-westus2.cognitiveservices.azure.com/documentintelligence/documentModels/422882542?api-version=2024-02-29-preview",
        "apiVersion": "2024-02-29-preview"
      }
    },
    {
      "RequestUri": "https://camaiaor-westus2.cognitiveservices.azure.com/documentintelligence/operations/31457067980_3987b4fb-f27d-4fb8-9215-647b8c53d36d?api-version=2024-02-29-preview",
      "RequestMethod": "GET",
      "RequestHeaders": {
        "Ocp-Apim-Subscription-Key": "Sanitized",
        "traceparent": "00-ea8454f24a2507a15edc14234ba78e32-bea6ee81df5ba0a8-00",
        "User-Agent": "azsdk-net-AI.DocumentIntelligence/1.0.0-alpha.20240301.1 (.NET 7.0.16; Microsoft Windows 10.0.22631)",
        "x-ms-client-request-id": "8c2e9bac06bddaba393b55f118a88077",
        "x-ms-return-client-request-id": "true"
      },
      "RequestBody": null,
      "StatusCode": 200,
      "ResponseHeaders": {
        "apim-request-id": "b53916c2-a651-44fc-a606-6fee3a83c1de",
        "Content-Type": "application/json; charset=utf-8",
        "Date": "Fri, 01 Mar 2024 13:33:41 GMT",
        "Strict-Transport-Security": "max-age=31536000; includeSubDomains; preload",
        "Transfer-Encoding": "chunked",
        "X-Content-Type-Options": "nosniff",
        "x-envoy-upstream-service-time": "6",
        "x-ms-region": "West US 2"
      },
      "ResponseBody": {
        "operationId": "31457067980_3987b4fb-f27d-4fb8-9215-647b8c53d36d",
        "kind": "documentModelBuild",
        "status": "succeeded",
        "createdDateTime": "2024-03-01T13:33:40Z",
        "lastUpdatedDateTime": "2024-03-01T13:33:42Z",
        "resourceLocation": "https://camaiaor-westus2.cognitiveservices.azure.com/documentintelligence/documentModels/422882542?api-version=2024-02-29-preview",
        "percentCompleted": 100,
        "result": {
          "docTypes": {
            "422882542": {
              "fieldSchema": {
                "Merchant": {
                  "type": "string"
                },
                "PhoneNumber": {
                  "type": "string"
                },
                "Website": {
                  "type": "string"
                },
                "Email": {
                  "type": "string"
                },
                "PurchaseOrderNumber": {
                  "type": "string"
                },
                "DatedAs": {
                  "type": "string"
                },
                "VendorName": {
                  "type": "string"
                },
                "CompanyName": {
                  "type": "string"
                },
                "CompanyAddress": {
                  "type": "string"
                },
                "CompanyPhoneNumber": {
                  "type": "string"
                },
                "Subtotal": {
                  "type": "string"
                },
                "Tax": {
                  "type": "string"
                },
                "Total": {
                  "type": "string"
                },
                "Signature": {
                  "type": "string"
                },
                "Quantity": {
                  "type": "number"
                },
                "FullSignature": {
                  "type": "signature"
                }
              },
              "buildMode": "template",
              "fieldConfidence": {
                "CompanyAddress": 0.8,
                "CompanyName": 0.995,
                "CompanyPhoneNumber": 0.995,
                "DatedAs": 0.995,
                "Email": 0.8,
                "FullSignature": 0.6,
                "Merchant": 0.995,
                "PhoneNumber": 0.995,
                "PurchaseOrderNumber": 0.995,
                "Quantity": 0.995,
                "Signature": 0.995,
                "Subtotal": 0.995,
                "Tax": 0.995,
                "Total": 0.995,
                "VendorName": 0.995,
                "Website": 0.995
              }
            }
          },
          "modelId": "422882542",
          "createdDateTime": "2024-03-01T13:33:42Z",
          "expirationDateTime": "2026-03-01T13:33:42Z",
          "apiVersion": "2024-02-29-preview"
        },
        "apiVersion": "2024-02-29-preview"
      }
    },
    {
      "RequestUri": "https://camaiaor-westus2.cognitiveservices.azure.com/documentintelligence/documentModels:authorizeCopy?api-version=2024-02-29-preview",
      "RequestMethod": "POST",
      "RequestHeaders": {
        "Accept": "application/json",
        "Content-Length": "121",
        "Content-Type": "application/json",
        "Ocp-Apim-Subscription-Key": "Sanitized",
        "traceparent": "00-ecd9190811f21e89e2fd32dcc3d05392-8bc461e3fae42f19-00",
        "User-Agent": "azsdk-net-AI.DocumentIntelligence/1.0.0-alpha.20240301.1 (.NET 7.0.16; Microsoft Windows 10.0.22631)",
        "x-ms-client-request-id": "ed5b7db9a753dae21f8b4f1e74611c5d",
        "x-ms-return-client-request-id": "true"
      },
      "RequestBody": {
        "modelId": "891476615",
        "description": "This model was generated by a .NET test.",
        "tags": {
          "tag1": "value1",
          "tag2": "value2"
        }
      },
      "StatusCode": 200,
      "ResponseHeaders": {
        "apim-request-id": "1d75aeaf-9f13-4f92-976c-3c12fe25333b",
        "Content-Type": "application/json; charset=utf-8",
        "Date": "Fri, 01 Mar 2024 13:33:41 GMT",
        "Strict-Transport-Security": "max-age=31536000; includeSubDomains; preload",
        "Transfer-Encoding": "chunked",
        "X-Content-Type-Options": "nosniff",
        "x-envoy-upstream-service-time": "48",
        "x-ms-region": "West US 2"
      },
      "ResponseBody": {
        "targetResourceId": "/subscriptions/faa080af-c1d8-40ad-9cce-e1a450ca5b57/resourceGroups/camaiaor/providers/Microsoft.CognitiveServices/accounts/camaiaor-westus2",
        "targetResourceRegion": "westus2",
        "targetModelId": "891476615",
        "targetModelLocation": "https://camaiaor-westus2.cognitiveservices.azure.com/documentintelligence/documentModels/891476615?api-version=2024-02-29-preview",
        "accessToken": "Sanitized",
        "expirationDateTime": "2024-03-01T14:33:42Z"
      }
    },
    {
      "RequestUri": "https://camaiaor-westus2.cognitiveservices.azure.com/documentintelligence/documentModels/422882542:copyTo?api-version=2024-02-29-preview",
      "RequestMethod": "POST",
      "RequestHeaders": {
        "Accept": "application/json",
        "Content-Length": "455",
        "Content-Type": "application/json",
        "Ocp-Apim-Subscription-Key": "Sanitized",
        "traceparent": "00-53d31e813dd179234015a1f0271a2159-7cc5f45ecf84681a-00",
        "User-Agent": "azsdk-net-AI.DocumentIntelligence/1.0.0-alpha.20240301.1 (.NET 7.0.16; Microsoft Windows 10.0.22631)",
        "x-ms-client-request-id": "50016dd8c55e80f1fb93a6cf1ef32fe6",
        "x-ms-return-client-request-id": "true"
      },
      "RequestBody": {
        "targetResourceId": "/subscriptions/faa080af-c1d8-40ad-9cce-e1a450ca5b57/resourceGroups/camaiaor/providers/Microsoft.CognitiveServices/accounts/camaiaor-westus2",
        "targetResourceRegion": "westus2",
        "targetModelId": "891476615",
        "targetModelLocation": "https://camaiaor-westus2.cognitiveservices.azure.com/documentintelligence/documentModels/891476615?api-version=2024-02-29-preview",
        "accessToken": "Sanitized",
        "expirationDateTime": "2024-03-01T14:33:42.0000000Z"
      },
      "StatusCode": 202,
      "ResponseHeaders": {
        "apim-request-id": "a5994752-a46e-4b30-ad05-b5462db65d66",
        "Content-Length": "0",
        "Date": "Fri, 01 Mar 2024 13:33:42 GMT",
        "Operation-Location": "https://camaiaor-westus2.cognitiveservices.azure.com/documentintelligence/operations/31457067978_a5994752-a46e-4b30-ad05-b5462db65d66?api-version=2024-02-29-preview",
        "Strict-Transport-Security": "max-age=31536000; includeSubDomains; preload",
        "X-Content-Type-Options": "nosniff",
        "x-envoy-upstream-service-time": "106",
        "x-ms-region": "West US 2"
      },
      "ResponseBody": null
    },
    {
      "RequestUri": "https://camaiaor-westus2.cognitiveservices.azure.com/documentintelligence/operations/31457067978_a5994752-a46e-4b30-ad05-b5462db65d66?api-version=2024-02-29-preview",
      "RequestMethod": "GET",
      "RequestHeaders": {
        "Ocp-Apim-Subscription-Key": "Sanitized",
        "traceparent": "00-53d31e813dd179234015a1f0271a2159-d164796be2b73239-00",
        "User-Agent": "azsdk-net-AI.DocumentIntelligence/1.0.0-alpha.20240301.1 (.NET 7.0.16; Microsoft Windows 10.0.22631)",
        "x-ms-client-request-id": "f40ef4b3e4d305cab8536d31b69b65d8",
        "x-ms-return-client-request-id": "true"
      },
      "RequestBody": null,
      "StatusCode": 200,
      "ResponseHeaders": {
        "apim-request-id": "83d3f782-7779-4213-bab2-622590670d73",
        "Content-Type": "application/json; charset=utf-8",
        "Date": "Fri, 01 Mar 2024 13:33:42 GMT",
        "Strict-Transport-Security": "max-age=31536000; includeSubDomains; preload",
        "Transfer-Encoding": "chunked",
        "X-Content-Type-Options": "nosniff",
        "x-envoy-upstream-service-time": "6",
        "x-ms-region": "West US 2"
      },
      "ResponseBody": {
        "operationId": "31457067978_a5994752-a46e-4b30-ad05-b5462db65d66",
        "kind": "documentModelCopyTo",
        "status": "notStarted",
        "createdDateTime": "2024-03-01T13:33:42Z",
        "lastUpdatedDateTime": "2024-03-01T13:33:42Z",
        "resourceLocation": "https://camaiaor-westus2.cognitiveservices.azure.com/documentintelligence/documentModels/891476615?api-version=2024-02-29-preview",
        "apiVersion": "2024-02-29-preview"
      }
    },
    {
      "RequestUri": "https://camaiaor-westus2.cognitiveservices.azure.com/documentintelligence/operations/31457067978_a5994752-a46e-4b30-ad05-b5462db65d66?api-version=2024-02-29-preview",
      "RequestMethod": "GET",
      "RequestHeaders": {
        "Ocp-Apim-Subscription-Key": "Sanitized",
        "traceparent": "00-53d31e813dd179234015a1f0271a2159-cf9c144d3ef622e9-00",
        "User-Agent": "azsdk-net-AI.DocumentIntelligence/1.0.0-alpha.20240301.1 (.NET 7.0.16; Microsoft Windows 10.0.22631)",
        "x-ms-client-request-id": "ab19f71e30a6f3198bdaf1bf0012bb2c",
        "x-ms-return-client-request-id": "true"
      },
      "RequestBody": null,
      "StatusCode": 200,
      "ResponseHeaders": {
        "apim-request-id": "f2cf4a61-b0c2-43b3-b910-38ada86450b0",
        "Content-Type": "application/json; charset=utf-8",
        "Date": "Fri, 01 Mar 2024 13:33:43 GMT",
        "Strict-Transport-Security": "max-age=31536000; includeSubDomains; preload",
        "Transfer-Encoding": "chunked",
        "X-Content-Type-Options": "nosniff",
        "x-envoy-upstream-service-time": "8",
        "x-ms-region": "West US 2"
      },
      "ResponseBody": {
        "operationId": "31457067978_a5994752-a46e-4b30-ad05-b5462db65d66",
        "kind": "documentModelCopyTo",
        "status": "succeeded",
        "createdDateTime": "2024-03-01T13:33:42Z",
        "lastUpdatedDateTime": "2024-03-01T13:33:42Z",
        "resourceLocation": "https://camaiaor-westus2.cognitiveservices.azure.com/documentintelligence/documentModels/891476615?api-version=2024-02-29-preview",
        "percentCompleted": 100,
        "result": {
          "docTypes": {
            "891476615": {
              "fieldSchema": {
                "Merchant": {
                  "type": "string"
                },
                "PhoneNumber": {
                  "type": "string"
                },
                "Website": {
                  "type": "string"
                },
                "Email": {
                  "type": "string"
                },
                "PurchaseOrderNumber": {
                  "type": "string"
                },
                "DatedAs": {
                  "type": "string"
                },
                "VendorName": {
                  "type": "string"
                },
                "CompanyName": {
                  "type": "string"
                },
                "CompanyAddress": {
                  "type": "string"
                },
                "CompanyPhoneNumber": {
                  "type": "string"
                },
                "Subtotal": {
                  "type": "string"
                },
                "Tax": {
                  "type": "string"
                },
                "Total": {
                  "type": "string"
                },
                "Signature": {
                  "type": "string"
                },
                "Quantity": {
                  "type": "number"
                },
                "FullSignature": {
                  "type": "signature"
                }
              },
              "buildMode": "template",
              "fieldConfidence": {
                "CompanyAddress": 0.8,
                "CompanyName": 0.995,
                "CompanyPhoneNumber": 0.995,
                "DatedAs": 0.995,
                "Email": 0.8,
                "FullSignature": 0.6,
                "Merchant": 0.995,
                "PhoneNumber": 0.995,
                "PurchaseOrderNumber": 0.995,
                "Quantity": 0.995,
                "Signature": 0.995,
                "Subtotal": 0.995,
                "Tax": 0.995,
                "Total": 0.995,
                "VendorName": 0.995,
                "Website": 0.995
              }
            }
          },
          "modelId": "891476615",
          "createdDateTime": "2024-03-01T13:33:42Z",
          "expirationDateTime": "2026-03-01T13:33:42Z",
          "apiVersion": "2024-02-29-preview",
          "description": "This model was generated by a .NET test.",
          "tags": {
            "tag1": "value1",
            "tag2": "value2"
          }
        },
        "apiVersion": "2024-02-29-preview"
      }
    },
    {
      "RequestUri": "https://camaiaor-westus2.cognitiveservices.azure.com/documentintelligence/documentModels/891476615?api-version=2024-02-29-preview",
      "RequestMethod": "DELETE",
      "RequestHeaders": {
        "Accept": "application/json",
        "Ocp-Apim-Subscription-Key": "Sanitized",
        "traceparent": "00-c17813597e4933d96d23bb15daf6c32f-a9f8551b649ce93b-00",
        "User-Agent": "azsdk-net-AI.DocumentIntelligence/1.0.0-alpha.20240301.1 (.NET 7.0.16; Microsoft Windows 10.0.22631)",
        "x-ms-client-request-id": "806a695b2753f389a3fc970a58c0ca5f",
        "x-ms-return-client-request-id": "true"
      },
      "RequestBody": null,
      "StatusCode": 204,
      "ResponseHeaders": {
        "apim-request-id": "eb2904fa-2c1d-4fd6-a472-07cc6e0ec0c5",
        "Content-Length": "0",
        "Date": "Fri, 01 Mar 2024 13:33:43 GMT",
        "Strict-Transport-Security": "max-age=31536000; includeSubDomains; preload",
        "X-Content-Type-Options": "nosniff",
        "x-envoy-upstream-service-time": "86",
        "x-ms-region": "West US 2"
      },
      "ResponseBody": null
    },
    {
      "RequestUri": "https://camaiaor-westus2.cognitiveservices.azure.com/documentintelligence/documentModels/422882542?api-version=2024-02-29-preview",
      "RequestMethod": "DELETE",
      "RequestHeaders": {
        "Accept": "application/json",
        "Ocp-Apim-Subscription-Key": "Sanitized",
        "traceparent": "00-22322b13f5d084ccd01f9bbebc475584-d18191db65b83134-00",
        "User-Agent": "azsdk-net-AI.DocumentIntelligence/1.0.0-alpha.20240301.1 (.NET 7.0.16; Microsoft Windows 10.0.22631)",
        "x-ms-client-request-id": "26b1ce2e84d9833fdb1a69f9f30a04a5",
        "x-ms-return-client-request-id": "true"
      },
      "RequestBody": null,
      "StatusCode": 204,
      "ResponseHeaders": {
        "apim-request-id": "e59f8a4b-185d-4235-9ef5-1639dc26b32d",
        "Content-Length": "0",
        "Date": "Fri, 01 Mar 2024 13:33:43 GMT",
        "Strict-Transport-Security": "max-age=31536000; includeSubDomains; preload",
        "X-Content-Type-Options": "nosniff",
        "x-envoy-upstream-service-time": "45",
        "x-ms-region": "West US 2"
      },
      "ResponseBody": null
    }
  ],
  "Variables": {
    "API_KEY": "Sanitized",
    "DateTimeOffsetNow": "2024-03-01T05:33:39.8562016-08:00",
    "ENDPOINT": "https://camaiaor-westus2.cognitiveservices.azure.com/",
    "RandomSeed": "1805348828",
    "SINGLEPAGE_BLOB_CONTAINER_SAS_URL": "https://sanitized.blob.core.windows.net"
  }
}
