{
  "Entries": [
    {
      "RequestUri": "https://camaiaor-westus2.cognitiveservices.azure.com/documentintelligence/documentModels:build?api-version=2024-02-29-preview",
      "RequestMethod": "POST",
      "RequestHeaders": {
        "Accept": "application/json",
        "Content-Length": "124",
        "Content-Type": "application/json",
        "Ocp-Apim-Subscription-Key": "Sanitized",
        "traceparent": "00-e60e0f0f6e65b264b12cd2a621794bea-a13459483caed920-00",
        "User-Agent": "azsdk-net-AI.DocumentIntelligence/1.0.0-alpha.20240301.1 (.NET 7.0.16; Microsoft Windows 10.0.22631)",
        "x-ms-client-request-id": "fb1f8bbb751491f9c829c5b3bbb76860",
        "x-ms-return-client-request-id": "true"
      },
      "RequestBody": {
        "modelId": "1591458901",
        "buildMode": "template",
        "azureBlobSource": {
          "containerUrl": "https://sanitized.blob.core.windows.net"
        }
      },
      "StatusCode": 202,
      "ResponseHeaders": {
        "apim-request-id": "06da5da7-f713-4494-b10c-7f96cdd884bf",
        "Content-Length": "0",
        "Date": "Fri, 01 Mar 2024 13:47:07 GMT",
        "operation-location": "https://camaiaor-westus2.cognitiveservices.azure.com/documentintelligence/operations/31457067174_06da5da7-f713-4494-b10c-7f96cdd884bf?api-version=2024-02-29-preview",
        "Strict-Transport-Security": "max-age=31536000; includeSubDomains; preload",
        "X-Content-Type-Options": "nosniff",
        "x-envoy-upstream-service-time": "1143",
        "x-ms-region": "West US 2"
      },
      "ResponseBody": null
    },
    {
      "RequestUri": "https://camaiaor-westus2.cognitiveservices.azure.com/documentintelligence/operations/31457067174_06da5da7-f713-4494-b10c-7f96cdd884bf?api-version=2024-02-29-preview",
      "RequestMethod": "GET",
      "RequestHeaders": {
        "Ocp-Apim-Subscription-Key": "Sanitized",
        "traceparent": "00-e60e0f0f6e65b264b12cd2a621794bea-1531647c9f2202f5-00",
        "User-Agent": "azsdk-net-AI.DocumentIntelligence/1.0.0-alpha.20240301.1 (.NET 7.0.16; Microsoft Windows 10.0.22631)",
        "x-ms-client-request-id": "1d92121d64eaa34ffe19daf872f5ed88",
        "x-ms-return-client-request-id": "true"
      },
      "RequestBody": null,
      "StatusCode": 200,
      "ResponseHeaders": {
        "apim-request-id": "46272275-2fc9-468a-9669-43a23d041049",
        "Content-Type": "application/json; charset=utf-8",
        "Date": "Fri, 01 Mar 2024 13:47:07 GMT",
        "Strict-Transport-Security": "max-age=31536000; includeSubDomains; preload",
        "Transfer-Encoding": "chunked",
        "X-Content-Type-Options": "nosniff",
        "x-envoy-upstream-service-time": "7",
        "x-ms-region": "West US 2"
      },
      "ResponseBody": {
        "operationId": "31457067174_06da5da7-f713-4494-b10c-7f96cdd884bf",
        "kind": "documentModelBuild",
        "status": "notStarted",
        "createdDateTime": "2024-03-01T13:47:06Z",
        "lastUpdatedDateTime": "2024-03-01T13:47:06Z",
        "resourceLocation": "https://camaiaor-westus2.cognitiveservices.azure.com/documentintelligence/documentModels/1591458901?api-version=2024-02-29-preview",
        "apiVersion": "2024-02-29-preview"
      }
    },
    {
      "RequestUri": "https://camaiaor-westus2.cognitiveservices.azure.com/documentintelligence/operations/31457067174_06da5da7-f713-4494-b10c-7f96cdd884bf?api-version=2024-02-29-preview",
      "RequestMethod": "GET",
      "RequestHeaders": {
        "Ocp-Apim-Subscription-Key": "Sanitized",
        "traceparent": "00-e60e0f0f6e65b264b12cd2a621794bea-48bf0ca3ce844586-00",
        "User-Agent": "azsdk-net-AI.DocumentIntelligence/1.0.0-alpha.20240301.1 (.NET 7.0.16; Microsoft Windows 10.0.22631)",
        "x-ms-client-request-id": "fe44cf0f8f9fced594a183f27e82ba0f",
        "x-ms-return-client-request-id": "true"
      },
      "RequestBody": null,
      "StatusCode": 200,
      "ResponseHeaders": {
        "apim-request-id": "e95207ed-127f-4235-8efb-185cb3de2d14",
        "Content-Type": "application/json; charset=utf-8",
        "Date": "Fri, 01 Mar 2024 13:47:08 GMT",
        "Strict-Transport-Security": "max-age=31536000; includeSubDomains; preload",
        "Transfer-Encoding": "chunked",
        "X-Content-Type-Options": "nosniff",
        "x-envoy-upstream-service-time": "19",
        "x-ms-region": "West US 2"
      },
      "ResponseBody": {
        "operationId": "31457067174_06da5da7-f713-4494-b10c-7f96cdd884bf",
        "kind": "documentModelBuild",
        "status": "running",
        "createdDateTime": "2024-03-01T13:47:06Z",
        "lastUpdatedDateTime": "2024-03-01T13:47:07Z",
        "resourceLocation": "https://camaiaor-westus2.cognitiveservices.azure.com/documentintelligence/documentModels/1591458901?api-version=2024-02-29-preview",
        "apiVersion": "2024-02-29-preview"
      }
    },
    {
      "RequestUri": "https://camaiaor-westus2.cognitiveservices.azure.com/documentintelligence/operations/31457067174_06da5da7-f713-4494-b10c-7f96cdd884bf?api-version=2024-02-29-preview",
      "RequestMethod": "GET",
      "RequestHeaders": {
        "Ocp-Apim-Subscription-Key": "Sanitized",
        "traceparent": "00-e60e0f0f6e65b264b12cd2a621794bea-f8b836db6d6c0411-00",
        "User-Agent": "azsdk-net-AI.DocumentIntelligence/1.0.0-alpha.20240301.1 (.NET 7.0.16; Microsoft Windows 10.0.22631)",
        "x-ms-client-request-id": "be364b6fe782576a3b7bfcfa9a011ed3",
        "x-ms-return-client-request-id": "true"
      },
      "RequestBody": null,
      "StatusCode": 200,
      "ResponseHeaders": {
        "apim-request-id": "ab1b0775-a8e4-4262-a896-ccd2d9233bb9",
        "Content-Type": "application/json; charset=utf-8",
        "Date": "Fri, 01 Mar 2024 13:47:09 GMT",
        "Strict-Transport-Security": "max-age=31536000; includeSubDomains; preload",
        "Transfer-Encoding": "chunked",
        "X-Content-Type-Options": "nosniff",
        "x-envoy-upstream-service-time": "10",
        "x-ms-region": "West US 2"
      },
      "ResponseBody": {
        "operationId": "31457067174_06da5da7-f713-4494-b10c-7f96cdd884bf",
        "kind": "documentModelBuild",
        "status": "succeeded",
        "createdDateTime": "2024-03-01T13:47:06Z",
        "lastUpdatedDateTime": "2024-03-01T13:47:08Z",
        "resourceLocation": "https://camaiaor-westus2.cognitiveservices.azure.com/documentintelligence/documentModels/1591458901?api-version=2024-02-29-preview",
        "percentCompleted": 100,
        "result": {
          "docTypes": {
            "1591458901": {
              "fieldSchema": {
                "Merchant": {
                  "type": "string"
                },
                "PhoneNumber": {
                  "type": "string"
                },
                "Website": {
                  "type": "string"
                },
                "Email": {
                  "type": "string"
                },
                "PurchaseOrderNumber": {
                  "type": "string"
                },
                "DatedAs": {
                  "type": "string"
                },
                "VendorName": {
                  "type": "string"
                },
                "CompanyName": {
                  "type": "string"
                },
                "CompanyAddress": {
                  "type": "string"
                },
                "CompanyPhoneNumber": {
                  "type": "string"
                },
                "Subtotal": {
                  "type": "string"
                },
                "Tax": {
                  "type": "string"
                },
                "Total": {
                  "type": "string"
                },
                "Signature": {
                  "type": "string"
                },
                "Quantity": {
                  "type": "number"
                },
                "FullSignature": {
                  "type": "signature"
                }
              },
              "buildMode": "template",
              "fieldConfidence": {
                "CompanyAddress": 0.8,
                "CompanyName": 0.995,
                "CompanyPhoneNumber": 0.995,
                "DatedAs": 0.995,
                "Email": 0.8,
                "FullSignature": 0.6,
                "Merchant": 0.995,
                "PhoneNumber": 0.995,
                "PurchaseOrderNumber": 0.995,
                "Quantity": 0.995,
                "Signature": 0.995,
                "Subtotal": 0.995,
                "Tax": 0.995,
                "Total": 0.995,
                "VendorName": 0.995,
                "Website": 0.995
              }
            }
          },
          "modelId": "1591458901",
          "createdDateTime": "2024-03-01T13:47:08Z",
          "expirationDateTime": "2026-03-01T13:47:08Z",
          "apiVersion": "2024-02-29-preview"
        },
        "apiVersion": "2024-02-29-preview"
      }
    },
    {
      "RequestUri": "https://camaiaor-westus2.cognitiveservices.azure.com/documentintelligence/documentModels:authorizeCopy?api-version=2024-02-29-preview",
      "RequestMethod": "POST",
      "RequestHeaders": {
        "Accept": "application/json",
        "Content-Length": "121",
        "Content-Type": "application/json",
        "Ocp-Apim-Subscription-Key": "Sanitized",
        "traceparent": "00-c1f423f478b0eaaeec0876dd945fab15-2c81e7218367bd0d-00",
        "User-Agent": "azsdk-net-AI.DocumentIntelligence/1.0.0-alpha.20240301.1 (.NET 7.0.16; Microsoft Windows 10.0.22631)",
        "x-ms-client-request-id": "eba33d3b6a738dc13dc48948e15d257c",
        "x-ms-return-client-request-id": "true"
      },
      "RequestBody": {
        "modelId": "802190084",
        "description": "This model was generated by a .NET test.",
        "tags": {
          "tag1": "value1",
          "tag2": "value2"
        }
      },
      "StatusCode": 200,
      "ResponseHeaders": {
        "apim-request-id": "6c7e5456-c2d9-4a2a-bb55-de2cb4136613",
        "Content-Type": "application/json; charset=utf-8",
        "Date": "Fri, 01 Mar 2024 13:47:09 GMT",
        "Strict-Transport-Security": "max-age=31536000; includeSubDomains; preload",
        "Transfer-Encoding": "chunked",
        "X-Content-Type-Options": "nosniff",
        "x-envoy-upstream-service-time": "60",
        "x-ms-region": "West US 2"
      },
      "ResponseBody": {
        "targetResourceId": "/subscriptions/faa080af-c1d8-40ad-9cce-e1a450ca5b57/resourceGroups/camaiaor/providers/Microsoft.CognitiveServices/accounts/camaiaor-westus2",
        "targetResourceRegion": "westus2",
        "targetModelId": "802190084",
        "targetModelLocation": "https://camaiaor-westus2.cognitiveservices.azure.com/documentintelligence/documentModels/802190084?api-version=2024-02-29-preview",
        "accessToken": "Sanitized",
        "expirationDateTime": "2024-03-01T14:47:09Z"
      }
    },
    {
      "RequestUri": "https://camaiaor-westus2.cognitiveservices.azure.com/documentintelligence/documentModels/1591458901:copyTo?api-version=2024-02-29-preview",
      "RequestMethod": "POST",
      "RequestHeaders": {
        "Accept": "application/json",
        "Content-Length": "455",
        "Content-Type": "application/json",
        "Ocp-Apim-Subscription-Key": "Sanitized",
        "traceparent": "00-0f082bfb3e42dc5e031d34392213ac17-e7dbb473902f5592-00",
        "User-Agent": "azsdk-net-AI.DocumentIntelligence/1.0.0-alpha.20240301.1 (.NET 7.0.16; Microsoft Windows 10.0.22631)",
        "x-ms-client-request-id": "2788ca5e2fbe280564edc22392da3392",
        "x-ms-return-client-request-id": "true"
      },
      "RequestBody": {
        "targetResourceId": "/subscriptions/faa080af-c1d8-40ad-9cce-e1a450ca5b57/resourceGroups/camaiaor/providers/Microsoft.CognitiveServices/accounts/camaiaor-westus2",
        "targetResourceRegion": "westus2",
        "targetModelId": "802190084",
        "targetModelLocation": "https://camaiaor-westus2.cognitiveservices.azure.com/documentintelligence/documentModels/802190084?api-version=2024-02-29-preview",
        "accessToken": "Sanitized",
        "expirationDateTime": "2024-03-01T14:47:09.0000000Z"
      },
      "StatusCode": 202,
      "ResponseHeaders": {
        "apim-request-id": "87509fb9-0fb3-4fee-9cdc-13fe59d58e62",
        "Content-Length": "0",
        "Date": "Fri, 01 Mar 2024 13:47:09 GMT",
        "Operation-Location": "https://camaiaor-westus2.cognitiveservices.azure.com/documentintelligence/operations/31457067170_87509fb9-0fb3-4fee-9cdc-13fe59d58e62?api-version=2024-02-29-preview",
        "Strict-Transport-Security": "max-age=31536000; includeSubDomains; preload",
        "X-Content-Type-Options": "nosniff",
        "x-envoy-upstream-service-time": "78",
        "x-ms-region": "West US 2"
      },
      "ResponseBody": null
    },
    {
      "RequestUri": "https://camaiaor-westus2.cognitiveservices.azure.com/documentintelligence/operations/31457067170_87509fb9-0fb3-4fee-9cdc-13fe59d58e62?api-version=2024-02-29-preview",
      "RequestMethod": "GET",
      "RequestHeaders": {
        "Ocp-Apim-Subscription-Key": "Sanitized",
        "traceparent": "00-0f082bfb3e42dc5e031d34392213ac17-51a0ce0888ad16cd-00",
        "User-Agent": "azsdk-net-AI.DocumentIntelligence/1.0.0-alpha.20240301.1 (.NET 7.0.16; Microsoft Windows 10.0.22631)",
        "x-ms-client-request-id": "40b7b083cfde049c89a881bd5e2176de",
        "x-ms-return-client-request-id": "true"
      },
      "RequestBody": null,
      "StatusCode": 200,
      "ResponseHeaders": {
        "apim-request-id": "6b96cc85-cfc2-4678-911b-decf16e00406",
        "Content-Type": "application/json; charset=utf-8",
        "Date": "Fri, 01 Mar 2024 13:47:09 GMT",
        "Strict-Transport-Security": "max-age=31536000; includeSubDomains; preload",
        "Transfer-Encoding": "chunked",
        "X-Content-Type-Options": "nosniff",
        "x-envoy-upstream-service-time": "6",
        "x-ms-region": "West US 2"
      },
      "ResponseBody": {
        "operationId": "31457067170_87509fb9-0fb3-4fee-9cdc-13fe59d58e62",
        "kind": "documentModelCopyTo",
        "status": "running",
        "createdDateTime": "2024-03-01T13:47:09Z",
        "lastUpdatedDateTime": "2024-03-01T13:47:09Z",
        "resourceLocation": "https://camaiaor-westus2.cognitiveservices.azure.com/documentintelligence/documentModels/802190084?api-version=2024-02-29-preview",
        "apiVersion": "2024-02-29-preview"
      }
    },
    {
      "RequestUri": "https://camaiaor-westus2.cognitiveservices.azure.com/documentintelligence/operations/31457067170_87509fb9-0fb3-4fee-9cdc-13fe59d58e62?api-version=2024-02-29-preview",
      "RequestMethod": "GET",
      "RequestHeaders": {
        "Ocp-Apim-Subscription-Key": "Sanitized",
        "traceparent": "00-0f082bfb3e42dc5e031d34392213ac17-c499f3484cd9b481-00",
        "User-Agent": "azsdk-net-AI.DocumentIntelligence/1.0.0-alpha.20240301.1 (.NET 7.0.16; Microsoft Windows 10.0.22631)",
        "x-ms-client-request-id": "d09c8056f7780c14377b8685a79dfb62",
        "x-ms-return-client-request-id": "true"
      },
      "RequestBody": null,
      "StatusCode": 200,
      "ResponseHeaders": {
        "apim-request-id": "03d5038e-639d-4696-b440-4cb692b6b22c",
        "Content-Type": "application/json; charset=utf-8",
        "Date": "Fri, 01 Mar 2024 13:47:10 GMT",
        "Strict-Transport-Security": "max-age=31536000; includeSubDomains; preload",
        "Transfer-Encoding": "chunked",
        "X-Content-Type-Options": "nosniff",
        "x-envoy-upstream-service-time": "9",
        "x-ms-region": "West US 2"
      },
      "ResponseBody": {
        "operationId": "31457067170_87509fb9-0fb3-4fee-9cdc-13fe59d58e62",
        "kind": "documentModelCopyTo",
        "status": "succeeded",
        "createdDateTime": "2024-03-01T13:47:09Z",
        "lastUpdatedDateTime": "2024-03-01T13:47:09Z",
        "resourceLocation": "https://camaiaor-westus2.cognitiveservices.azure.com/documentintelligence/documentModels/802190084?api-version=2024-02-29-preview",
        "percentCompleted": 100,
        "result": {
          "docTypes": {
            "802190084": {
              "fieldSchema": {
                "Merchant": {
                  "type": "string"
                },
                "PhoneNumber": {
                  "type": "string"
                },
                "Website": {
                  "type": "string"
                },
                "Email": {
                  "type": "string"
                },
                "PurchaseOrderNumber": {
                  "type": "string"
                },
                "DatedAs": {
                  "type": "string"
                },
                "VendorName": {
                  "type": "string"
                },
                "CompanyName": {
                  "type": "string"
                },
                "CompanyAddress": {
                  "type": "string"
                },
                "CompanyPhoneNumber": {
                  "type": "string"
                },
                "Subtotal": {
                  "type": "string"
                },
                "Tax": {
                  "type": "string"
                },
                "Total": {
                  "type": "string"
                },
                "Signature": {
                  "type": "string"
                },
                "Quantity": {
                  "type": "number"
                },
                "FullSignature": {
                  "type": "signature"
                }
              },
              "buildMode": "template",
              "fieldConfidence": {
                "CompanyAddress": 0.8,
                "CompanyName": 0.995,
                "CompanyPhoneNumber": 0.995,
                "DatedAs": 0.995,
                "Email": 0.8,
                "FullSignature": 0.6,
                "Merchant": 0.995,
                "PhoneNumber": 0.995,
                "PurchaseOrderNumber": 0.995,
                "Quantity": 0.995,
                "Signature": 0.995,
                "Subtotal": 0.995,
                "Tax": 0.995,
                "Total": 0.995,
                "VendorName": 0.995,
                "Website": 0.995
              }
            }
          },
          "modelId": "802190084",
          "createdDateTime": "2024-03-01T13:47:08Z",
          "expirationDateTime": "2026-03-01T13:47:08Z",
          "apiVersion": "2024-02-29-preview",
          "description": "This model was generated by a .NET test.",
          "tags": {
            "tag1": "value1",
            "tag2": "value2"
          }
        },
        "apiVersion": "2024-02-29-preview"
      }
    },
    {
      "RequestUri": "https://camaiaor-westus2.cognitiveservices.azure.com/documentintelligence/documentModels/802190084?api-version=2024-02-29-preview",
      "RequestMethod": "DELETE",
      "RequestHeaders": {
        "Accept": "application/json",
        "Ocp-Apim-Subscription-Key": "Sanitized",
        "traceparent": "00-129e74f51a2abd8e47f67537f8e678b4-020c888e3fb81ac9-00",
        "User-Agent": "azsdk-net-AI.DocumentIntelligence/1.0.0-alpha.20240301.1 (.NET 7.0.16; Microsoft Windows 10.0.22631)",
        "x-ms-client-request-id": "30c5f691e4a68f9e2e849d15ad47ca42",
        "x-ms-return-client-request-id": "true"
      },
      "RequestBody": null,
      "StatusCode": 204,
      "ResponseHeaders": {
        "apim-request-id": "ba06c217-12f6-4f1d-9f9f-43d232d7a555",
        "Content-Length": "0",
        "Date": "Fri, 01 Mar 2024 13:47:10 GMT",
        "Strict-Transport-Security": "max-age=31536000; includeSubDomains; preload",
        "X-Content-Type-Options": "nosniff",
        "x-envoy-upstream-service-time": "43",
        "x-ms-region": "West US 2"
      },
      "ResponseBody": null
    },
    {
      "RequestUri": "https://camaiaor-westus2.cognitiveservices.azure.com/documentintelligence/documentModels/1591458901?api-version=2024-02-29-preview",
      "RequestMethod": "DELETE",
      "RequestHeaders": {
        "Accept": "application/json",
        "Ocp-Apim-Subscription-Key": "Sanitized",
        "traceparent": "00-9d9acbd8ccd81f9735d04e386cee9ec1-20ec7f58abe7e25d-00",
        "User-Agent": "azsdk-net-AI.DocumentIntelligence/1.0.0-alpha.20240301.1 (.NET 7.0.16; Microsoft Windows 10.0.22631)",
        "x-ms-client-request-id": "12cde477633e8b199baa096348165ceb",
        "x-ms-return-client-request-id": "true"
      },
      "RequestBody": null,
      "StatusCode": 204,
      "ResponseHeaders": {
        "apim-request-id": "9cd39c9b-4425-494e-837d-30ff85c965a8",
        "Content-Length": "0",
        "Date": "Fri, 01 Mar 2024 13:47:10 GMT",
        "Strict-Transport-Security": "max-age=31536000; includeSubDomains; preload",
        "X-Content-Type-Options": "nosniff",
        "x-envoy-upstream-service-time": "52",
        "x-ms-region": "West US 2"
      },
      "ResponseBody": null
    }
  ],
  "Variables": {
    "API_KEY": "Sanitized",
    "DateTimeOffsetNow": "2024-03-01T05:47:06.1232528-08:00",
    "ENDPOINT": "https://camaiaor-westus2.cognitiveservices.azure.com/",
    "RandomSeed": "774571763",
    "SINGLEPAGE_BLOB_CONTAINER_SAS_URL": "https://sanitized.blob.core.windows.net"
  }
}
