{
  "Entries": [
    {
      "RequestUri": "https://api-dogfood.resources.windows-int.net/subscriptions/57373ba3-762f-45bf-8ee1-56691fbd8337/resourcegroups/Communication-RG-9637?api-version=2022-09-01",
      "RequestMethod": "GET",
      "RequestHeaders": {
        "Accept": "application/json",
        "Authorization": "Sanitized",
        "traceparent": "00-2b1c6cce572bfe8981d0bd4ee41420e8-6f470d4c572cc090-00",
        "User-Agent": "azsdk-net-ResourceManager/1.7.0 (.NET 6.0.24; Microsoft Windows 10.0.22621)",
        "x-ms-client-request-id": "cd8c56c3aeb22207ff4ad77849918d1d",
        "x-ms-return-client-request-id": "true"
      },
      "RequestBody": null,
      "StatusCode": 200,
      "ResponseHeaders": {
        "Cache-Control": "no-cache",
        "Content-Length": "239",
        "Content-Type": "application/json; charset=utf-8",
        "Date": "Mon, 30 Oct 2023 17:03:24 GMT",
        "Expires": "-1",
        "Pragma": "no-cache",
        "Strict-Transport-Security": "max-age=31536000; includeSubDomains",
        "X-Content-Type-Options": "nosniff",
        "x-ms-correlation-request-id": "f6814e81-9496-4112-aa7d-d5b4d59a4420",
        "x-ms-ratelimit-remaining-subscription-reads": "14931",
        "x-ms-request-id": "f6814e81-9496-4112-aa7d-d5b4d59a4420",
        "x-ms-routing-request-id": "NORTHEUROPE:20231030T170325Z:f6814e81-9496-4112-aa7d-d5b4d59a4420"
      },
      "ResponseBody": {
        "id": "/subscriptions/57373ba3-762f-45bf-8ee1-56691fbd8337/resourceGroups/Communication-RG-9637",
        "name": "Communication-RG-9637",
        "type": "Microsoft.Resources/resourceGroups",
        "location": "westus",
        "properties": {
          "provisioningState": "Succeeded"
        }
      }
    },
    {
      "RequestUri": "https://api-dogfood.resources.windows-int.net/subscriptions/57373ba3-762f-45bf-8ee1-56691fbd8337/resourceGroups/Communication-RG-9637/providers/Microsoft.Communication/emailServices/acssdktest-2348?api-version=2023-03-31",
      "RequestMethod": "GET",
      "RequestHeaders": {
        "Accept": "application/json",
        "Authorization": "Sanitized",
        "traceparent": "00-9f15ebd1ae8663fb9526f93864679678-92623c63b8f2e480-00",
        "User-Agent": "azsdk-net-ResourceManager.Communication/1.2.0-alpha.20231030.1 (.NET 6.0.24; Microsoft Windows 10.0.22621)",
        "x-ms-client-request-id": "aa7ebcea226ae5c0a955da64762ac5c5",
        "x-ms-return-client-request-id": "true"
      },
      "RequestBody": null,
      "StatusCode": 200,
      "ResponseHeaders": {
        "Cache-Control": "no-cache",
        "Content-Length": "618",
        "Content-Type": "application/json; charset=utf-8",
        "Date": "Mon, 30 Oct 2023 17:03:25 GMT",
        "ETag": "\u00227f000736-0000-0700-0000-653fe1270000\u0022",
        "Expires": "-1",
        "Pragma": "no-cache",
        "Strict-Transport-Security": "max-age=31536000; includeSubDomains",
        "X-Content-Type-Options": "nosniff",
        "x-ms-client-request-id": "aa7ebcea226ae5c0a955da64762ac5c5",
        "x-ms-correlation-request-id": "df78e731-4018-4a5f-b175-6cd5c8509376",
        "x-ms-providerhub-traffic": "True",
        "x-ms-ratelimit-remaining-subscription-reads": "14930",
        "x-ms-request-id": "bb14ea07-d00d-4264-9b94-72eaa436c54f",
        "x-ms-routing-request-id": "NORTHEUROPE:20231030T170325Z:df78e731-4018-4a5f-b175-6cd5c8509376"
      },
      "ResponseBody": {
        "id": "/subscriptions/57373ba3-762f-45bf-8ee1-56691fbd8337/resourceGroups/Communication-RG-9637/providers/Microsoft.Communication/emailServices/acssdktest-2348",
        "name": "acssdktest-2348",
        "type": "microsoft.communication/emailservices",
        "location": "global",
        "tags": {},
        "systemData": {
          "createdBy": "64b355a6-555c-402b-8467-0592c9453fe5",
          "createdByType": "Application",
          "createdAt": "2023-10-30T17:00:10.8443438Z",
          "lastModifiedBy": "64b355a6-555c-402b-8467-0592c9453fe5",
          "lastModifiedByType": "Application",
          "lastModifiedAt": "2023-10-30T17:00:10.8443438Z"
        },
        "properties": {
          "provisioningState": "Succeeded",
          "dataLocation": "UnitedStates"
        }
      }
    },
    {
      "RequestUri": "https://api-dogfood.resources.windows-int.net/subscriptions/57373ba3-762f-45bf-8ee1-56691fbd8337/resourceGroups/Communication-RG-9637/providers/Microsoft.Communication/emailServices/acssdktest-2348/domains/AzureManagedDomain?api-version=2023-03-31",
      "RequestMethod": "GET",
      "RequestHeaders": {
        "Accept": "application/json",
        "Authorization": "Sanitized",
        "traceparent": "00-7a9bea2696e115fc632e7e9c041456cf-b3d51d7e09021267-00",
        "User-Agent": "azsdk-net-ResourceManager.Communication/1.2.0-alpha.20231030.1 (.NET 6.0.24; Microsoft Windows 10.0.22621)",
        "x-ms-client-request-id": "d6d0173dc4dfd9f3457ee166898727e2",
        "x-ms-return-client-request-id": "true"
      },
      "RequestBody": null,
      "StatusCode": 200,
      "ResponseHeaders": {
        "Cache-Control": "no-cache",
        "Content-Length": "1078",
        "Content-Type": "application/json; charset=utf-8",
        "Date": "Mon, 30 Oct 2023 17:03:25 GMT",
        "ETag": "\u002253019f61-0000-0700-0000-653fe16c0000\u0022",
        "Expires": "-1",
        "Pragma": "no-cache",
        "Strict-Transport-Security": "max-age=31536000; includeSubDomains",
        "X-Content-Type-Options": "nosniff",
        "x-ms-client-request-id": "d6d0173dc4dfd9f3457ee166898727e2",
        "x-ms-correlation-request-id": "a71bfa59-a5d5-45d6-b749-8103db626fc1",
        "x-ms-providerhub-traffic": "True",
        "x-ms-ratelimit-remaining-subscription-reads": "14929",
        "x-ms-request-id": "a423578f-ca1e-46e7-b808-5a73ecc5c224",
        "x-ms-routing-request-id": "NORTHEUROPE:20231030T170326Z:a71bfa59-a5d5-45d6-b749-8103db626fc1"
      },
      "ResponseBody": {
        "id": "/subscriptions/57373ba3-762f-45bf-8ee1-56691fbd8337/resourceGroups/Communication-RG-9637/providers/Microsoft.Communication/emailServices/acssdktest-2348/domains/AzureManagedDomain",
        "name": "AzureManagedDomain",
        "type": "microsoft.communication/emailservices/domains",
        "location": "global",
        "tags": {},
        "systemData": {
          "createdBy": "64b355a6-555c-402b-8467-0592c9453fe5",
          "createdByType": "Application",
          "createdAt": "2023-10-30T17:01:20.1275576Z",
          "lastModifiedBy": "64b355a6-555c-402b-8467-0592c9453fe5",
          "lastModifiedByType": "Application",
          "lastModifiedAt": "2023-10-30T17:01:20.1275576Z"
        },
        "properties": {
          "provisioningState": "Succeeded",
          "dataLocation": "unitedstates",
          "fromSenderDomain": "dad04173-3e7d-48b3-91b7-ea0a12a8dbb6.azurecomm-dev.net",
          "mailFromSenderDomain": "dad04173-3e7d-48b3-91b7-ea0a12a8dbb6.azurecomm-dev.net",
          "domainManagement": "AzureManaged",
          "verificationStates": {
            "Domain": {
              "status": "Verified"
            },
            "SPF": {
              "status": "Verified"
            },
            "DKIM": {
              "status": "Verified"
            },
            "DKIM2": {
              "status": "Verified"
            },
            "DMARC": {
              "status": "Verified"
            }
          },
          "verificationRecords": {},
          "userEngagementTracking": "Disabled"
        }
      }
    },
    {
      "RequestUri": "https://api-dogfood.resources.windows-int.net/subscriptions/57373ba3-762f-45bf-8ee1-56691fbd8337/resourceGroups/Communication-RG-9637/providers/Microsoft.Communication/emailServices/acssdktest-2348/domains/AzureManagedDomain/suppressionLists/ea598ef3-a1df-a104-96a6-245dd4a3acd5?api-version=2023-06-01-preview",
      "RequestMethod": "PUT",
      "RequestHeaders": {
        "Accept": "application/json",
        "Authorization": "Sanitized",
        "Content-Length": "40",
        "Content-Type": "application/json",
        "traceparent": "00-cbef93dac5d96438abae8b0bd33efb15-18f08a6036d2a4ac-00",
        "User-Agent": "azsdk-net-ResourceManager.Communication/1.2.0-alpha.20231030.1 (.NET 6.0.24; Microsoft Windows 10.0.22621)",
        "x-ms-client-request-id": "313a1185b7c0263ec9a564eb40595c21",
        "x-ms-return-client-request-id": "true"
      },
      "RequestBody": {
        "properties": {
          "listName": "donotreply"
        }
      },
      "StatusCode": 200,
      "ResponseHeaders": {
        "Cache-Control": "no-cache",
        "Content-Length": "811",
        "Content-Type": "application/json; charset=utf-8",
        "Date": "Mon, 30 Oct 2023 17:03:26 GMT",
        "Expires": "-1",
        "mise-correlation-id": "9a5963ec-58f7-4ebf-bb6b-02a91a4357fb",
        "Pragma": "no-cache",
        "Request-Context": "appId=",
        "Strict-Transport-Security": "max-age=31536000; includeSubDomains",
        "X-Content-Type-Options": "nosniff",
        "x-ms-client-request-id": "313a1185b7c0263ec9a564eb40595c21",
        "x-ms-correlation-request-id": "52131a6b-7f5b-4ffb-acad-c7bb05693c59",
        "x-ms-operation-identifier": "appId=64b355a6-555c-402b-8467-0592c9453fe5,tenantId=cb88adbe-a010-404f-944d-07a1002128a0,objectId=a0e1d767-1a45-476a-b7d7-736a09482629/northeurope/cf1e291b-cbd8-4448-9740-215e3f583231",
        "x-ms-providerhub-traffic": "True",
        "x-ms-ratelimit-remaining-subscription-writes": "1163",
        "x-ms-request-id": "b62d54e6-4942-4fd6-b439-b439995e0710",
        "x-ms-routing-request-id": "NORTHEUROPE:20231030T170326Z:52131a6b-7f5b-4ffb-acad-c7bb05693c59"
      },
      "ResponseBody": {
        "id": "/subscriptions/57373ba3-762f-45bf-8ee1-56691fbd8337/resourceGroups/Communication-RG-9637/providers/Microsoft.Communication/emailServices/acssdktest-2348/domains/AzureManagedDomain/suppressionLists/ea598ef3-a1df-a104-96a6-245dd4a3acd5",
        "name": "ea598ef3-a1df-a104-96a6-245dd4a3acd5",
        "type": "microsoft.communication/emailservices/domains/suppressionlists",
        "systemData": {
          "createdBy": "64b355a6-555c-402b-8467-0592c9453fe5",
          "createdByType": "Application",
          "createdAt": "2023-10-30T17:03:26.4664228Z",
          "lastModifiedBy": "64b355a6-555c-402b-8467-0592c9453fe5",
          "lastModifiedByType": "Application",
          "lastModifiedAt": "2023-10-30T17:03:26.4664228Z"
        },
        "properties": {
          "listName": "donotreply",
          "dataLocation": "unitedstates",
          "createdTimeStamp": "10/30/2023 5:03:26 PM \u002B00:00",
          "lastUpdatedTimeStamp": "10/30/2023 5:03:26 PM \u002B00:00"
        }
      }
    },
    {
      "RequestUri": "https://api-dogfood.resources.windows-int.net/subscriptions/57373ba3-762f-45bf-8ee1-56691fbd8337/resourceGroups/Communication-RG-9637/providers/Microsoft.Communication/emailServices/acssdktest-2348/domains/AzureManagedDomain/suppressionLists/ea598ef3-a1df-a104-96a6-245dd4a3acd5?api-version=2023-06-01-preview",
      "RequestMethod": "GET",
      "RequestHeaders": {
        "Accept": "application/json",
        "Authorization": "Sanitized",
        "traceparent": "00-c0744034d4df1075499e28b8ecf44447-e8e9628845022649-00",
        "User-Agent": "azsdk-net-ResourceManager.Communication/1.2.0-alpha.20231030.1 (.NET 6.0.24; Microsoft Windows 10.0.22621)",
        "x-ms-client-request-id": "e871f82ddad09ce5132f4038a09505a2",
        "x-ms-return-client-request-id": "true"
      },
      "RequestBody": null,
      "StatusCode": 200,
      "ResponseHeaders": {
        "Cache-Control": "no-cache",
        "Content-Length": "509",
        "Content-Type": "application/json; charset=utf-8",
        "Date": "Mon, 30 Oct 2023 17:03:26 GMT",
        "Expires": "-1",
        "mise-correlation-id": "aad5dc30-7a42-4e61-b9db-3eb3cf60ed6f",
        "Pragma": "no-cache",
        "Request-Context": "appId=",
        "Strict-Transport-Security": "max-age=31536000; includeSubDomains",
        "X-Content-Type-Options": "nosniff",
        "x-ms-client-request-id": "e871f82ddad09ce5132f4038a09505a2",
        "x-ms-correlation-request-id": "e04b0a66-69f5-4574-aacd-8eb4f1dd65f3",
        "x-ms-operation-identifier": "appId=64b355a6-555c-402b-8467-0592c9453fe5,tenantId=cb88adbe-a010-404f-944d-07a1002128a0,objectId=a0e1d767-1a45-476a-b7d7-736a09482629/northeurope/0b94e81d-7b75-4ef6-8721-7399d4aabc7c",
        "x-ms-providerhub-traffic": "True",
        "x-ms-ratelimit-remaining-subscription-reads": "14928",
        "x-ms-request-id": "92bebd52-0693-41ff-ae9e-65dea8262d0c",
        "x-ms-routing-request-id": "NORTHEUROPE:20231030T170327Z:e04b0a66-69f5-4574-aacd-8eb4f1dd65f3"
      },
      "ResponseBody": {
        "id": "/subscriptions/57373ba3-762f-45bf-8ee1-56691fbd8337/resourcegroups/communication-rg-9637/providers/microsoft.communication/emailservices/acssdktest-2348/domains/azuremanageddomain/suppressionlists/ea598ef3-a1df-a104-96a6-245dd4a3acd5",
        "name": "ea598ef3-a1df-a104-96a6-245dd4a3acd5",
        "type": "emailservices/domains/suppressionlists",
        "properties": {
          "listName": "donotreply",
          "dataLocation": "unitedstates",
          "createdTimeStamp": "10/30/2023 5:03:27 PM \u002B00:00",
          "lastUpdatedTimeStamp": "10/30/2023 5:03:27 PM \u002B00:00"
        }
      }
    },
    {
      "RequestUri": "https://api-dogfood.resources.windows-int.net/subscriptions/57373ba3-762f-45bf-8ee1-56691fbd8337/resourceGroups/Communication-RG-9637/providers/Microsoft.Communication/emailServices/acssdktest-2348/domains/AzureManagedDomain/suppressionLists?api-version=2023-06-01-preview",
      "RequestMethod": "GET",
      "RequestHeaders": {
        "Accept": "application/json",
        "Authorization": "Sanitized",
        "User-Agent": "azsdk-net-ResourceManager.Communication/1.2.0-alpha.20231030.1 (.NET 6.0.24; Microsoft Windows 10.0.22621)",
        "x-ms-client-request-id": "77e10cd2f64c3c214f33213a3c18603c",
        "x-ms-return-client-request-id": "true"
      },
      "RequestBody": null,
      "StatusCode": 200,
      "ResponseHeaders": {
        "Cache-Control": "no-cache",
        "Content-Length": "521",
        "Content-Type": "application/json; charset=utf-8",
        "Date": "Mon, 30 Oct 2023 17:03:26 GMT",
        "Expires": "-1",
        "mise-correlation-id": "9ce59387-2814-4dbd-9be6-f347f04de769",
        "Pragma": "no-cache",
        "Request-Context": "appId=",
        "Strict-Transport-Security": "max-age=31536000; includeSubDomains",
        "X-Content-Type-Options": "nosniff",
        "x-ms-client-request-id": "77e10cd2f64c3c214f33213a3c18603c",
        "x-ms-correlation-request-id": "b9a13624-11a7-4e40-9d8f-4199b70a6027",
        "x-ms-operation-identifier": "appId=64b355a6-555c-402b-8467-0592c9453fe5,tenantId=cb88adbe-a010-404f-944d-07a1002128a0,objectId=a0e1d767-1a45-476a-b7d7-736a09482629/northeurope/2f17b0a0-930a-44f1-8885-89d08e46454e",
        "x-ms-providerhub-traffic": "True",
        "x-ms-ratelimit-remaining-subscription-reads": "14927",
        "x-ms-request-id": "230d501a-f22d-4c6e-a580-0c9dc8acb981",
        "x-ms-routing-request-id": "NORTHEUROPE:20231030T170327Z:b9a13624-11a7-4e40-9d8f-4199b70a6027"
      },
      "ResponseBody": {
        "value": [
          {
            "id": "/subscriptions/57373ba3-762f-45bf-8ee1-56691fbd8337/resourcegroups/communication-rg-9637/providers/microsoft.communication/emailservices/acssdktest-2348/domains/azuremanageddomain/suppressionlists/ea598ef3-a1df-a104-96a6-245dd4a3acd5",
            "name": "ea598ef3-a1df-a104-96a6-245dd4a3acd5",
            "type": "emailservices/domains/suppressionlists",
            "properties": {
              "listName": "donotreply",
              "dataLocation": "unitedstates",
              "createdTimeStamp": "10/30/2023 5:03:27 PM \u002B00:00",
              "lastUpdatedTimeStamp": "10/30/2023 5:03:27 PM \u002B00:00"
            }
          }
        ]
      }
    },
    {
      "RequestUri": "https://api-dogfood.resources.windows-int.net/subscriptions/57373ba3-762f-45bf-8ee1-56691fbd8337/resourceGroups/communication-rg-9637/providers/Microsoft.Communication/emailServices/acssdktest-2348/domains/azuremanageddomain/suppressionLists/ea598ef3-a1df-a104-96a6-245dd4a3acd5/suppressionListAddresses?api-version=2023-06-01-preview",
      "RequestMethod": "GET",
      "RequestHeaders": {
        "Accept": "application/json",
        "Authorization": "Sanitized",
        "User-Agent": "azsdk-net-ResourceManager.Communication/1.2.0-alpha.20231030.1 (.NET 6.0.24; Microsoft Windows 10.0.22621)",
        "x-ms-client-request-id": "db300249c431aa042c9e1e9176058633",
        "x-ms-return-client-request-id": "true"
      },
      "RequestBody": null,
      "StatusCode": 200,
      "ResponseHeaders": {
        "Cache-Control": "no-cache",
        "Content-Length": "360",
        "Content-Type": "application/json; charset=utf-8",
        "Date": "Mon, 30 Oct 2023 17:03:26 GMT",
        "Expires": "-1",
        "mise-correlation-id": "24c4007c-2206-495c-bdf4-19aff78cbb1c",
        "Pragma": "no-cache",
        "Request-Context": "appId=",
        "Strict-Transport-Security": "max-age=31536000; includeSubDomains",
        "X-Content-Type-Options": "nosniff",
        "x-ms-client-request-id": "db300249c431aa042c9e1e9176058633",
        "x-ms-correlation-request-id": "b0a14b1e-22d7-428a-bc94-60fb07274816",
        "x-ms-operation-identifier": "appId=64b355a6-555c-402b-8467-0592c9453fe5,tenantId=cb88adbe-a010-404f-944d-07a1002128a0,objectId=a0e1d767-1a45-476a-b7d7-736a09482629/northeurope/3d062d6d-969f-440c-95bf-8e69bfb75499",
        "x-ms-providerhub-traffic": "True",
        "x-ms-ratelimit-remaining-subscription-reads": "14926",
        "x-ms-request-id": "73b79467-1fe1-43f1-aaa9-d7579578a229",
        "x-ms-routing-request-id": "NORTHEUROPE:20231030T170327Z:b0a14b1e-22d7-428a-bc94-60fb07274816"
      },
      "ResponseBody": {
        "value": [],
        "nextLink": "https://api-dogfood.resources.windows-int.net/subscriptions/57373ba3-762f-45bf-8ee1-56691fbd8337/resourceGroups/communication-rg-9637/providers/Microsoft.Communication/emailServices/acssdktest-2348/domains/azuremanageddomain/suppressionLists/ea598ef3-a1df-a104-96a6-245dd4a3acd5/suppressionListAddresses?api-version=2023-06-01-preview"
      }
    },
    {
      "RequestUri": "https://api-dogfood.resources.windows-int.net/subscriptions/57373ba3-762f-45bf-8ee1-56691fbd8337/resourceGroups/communication-rg-9637/providers/Microsoft.Communication/emailServices/acssdktest-2348/domains/azuremanageddomain/suppressionLists/ea598ef3-a1df-a104-96a6-245dd4a3acd5?api-version=2023-06-01-preview",
      "RequestMethod": "DELETE",
      "RequestHeaders": {
        "Accept": "application/json",
        "Authorization": "Sanitized",
        "traceparent": "00-00936dae85c3381c9f4c72c510c55991-55d0ab8ff063ef0c-00",
        "User-Agent": "azsdk-net-ResourceManager.Communication/1.2.0-alpha.20231030.1 (.NET 6.0.24; Microsoft Windows 10.0.22621)",
        "x-ms-client-request-id": "3419c2a0e57837d5d635989db9aa5ffa",
        "x-ms-return-client-request-id": "true"
      },
      "RequestBody": null,
      "StatusCode": 200,
      "ResponseHeaders": {
        "Cache-Control": "no-cache",
        "Content-Length": "4",
        "Content-Type": "application/json; charset=utf-8",
        "Date": "Mon, 30 Oct 2023 17:03:27 GMT",
        "Expires": "-1",
        "mise-correlation-id": "86855fdd-de89-4af7-bbde-b919e2430af5",
        "Pragma": "no-cache",
        "Request-Context": "appId=",
        "Strict-Transport-Security": "max-age=31536000; includeSubDomains",
        "X-Content-Type-Options": "nosniff",
        "x-ms-client-request-id": "3419c2a0e57837d5d635989db9aa5ffa",
        "x-ms-correlation-request-id": "a5ecefc8-339b-4776-bc66-9fdc58b55a4b",
        "x-ms-operation-identifier": "appId=64b355a6-555c-402b-8467-0592c9453fe5,tenantId=cb88adbe-a010-404f-944d-07a1002128a0,objectId=a0e1d767-1a45-476a-b7d7-736a09482629/northeurope/110a5cf6-7b1c-4258-8a93-be904111ff21",
        "x-ms-providerhub-traffic": "True",
        "x-ms-ratelimit-remaining-subscription-deletes": "14967",
        "x-ms-request-id": "1ece92aa-446a-4320-abce-e8bc3983a671",
        "x-ms-routing-request-id": "NORTHEUROPE:20231030T170328Z:a5ecefc8-339b-4776-bc66-9fdc58b55a4b"
      },
      "ResponseBody": "null"
    }
  ],
  "Variables": {
    "AZURE_AUTHORITY_HOST": "https://login.windows-ppe.net/",
    "RandomSeed": "756626291",
    "RESOURCE_MANAGER_URL": "https://api-dogfood.resources.windows-int.net/",
    "SUBSCRIPTION_ID": "57373ba3-762f-45bf-8ee1-56691fbd8337"
  }
}
