{
  "Entries": [
    {
      "RequestUri": "https://Sanitized/dbs",
      "RequestMethod": "POST",
      "RequestHeaders": {
        "Accept": "*/*",
        "Accept-Encoding": "gzip, deflate",
        "Authorization": "Sanitized",
        "Content-Length": "33",
        "Content-Type": "application/json",
        "User-Agent": "azsdk-rust-data_cosmos/0.25.0 (1.87.0; windows; x86_64)",
        "x-ms-client-request-id": "Sanitized",
        "x-ms-date": "wed, 18 jun 2025 01:05:42 gmt",
        "x-ms-version": "2020-07-15"
      },
      "RequestBody": {
        "id": "TestData_item_upsert_new"
      },
      "StatusCode": 201,
      "ResponseHeaders": {
        "Access-Control-Allow-Credentials": "true",
        "Access-Control-Allow-Origin": "",
        "Cache-Control": "no-store, no-cache",
        "Content-Type": "application/json",
        "Date": "Wed, 18 Jun 2025 01:05:44 GMT",
        "ETag": "\"00000000-0000-0000-dfed-1e60e00501db\"",
        "lsn": "75",
        "Pragma": "no-cache",
        "Server": "Microsoft-HTTPAPI/2.0",
        "Transfer-Encoding": "chunked",
        "x-ms-activity-id": "1aa0fd94-4e7c-40c3-bd27-1899458ac1cd",
        "x-ms-cosmos-internal-partition-id": "780e44f4-38c8-11e6-8106-8cdcd42c33be",
        "x-ms-cosmos-llsn": "75",
        "x-ms-cosmos-quorum-acked-llsn": "74",
        "x-ms-current-replica-set-size": "1",
        "x-ms-current-write-quorum": "1",
        "x-ms-gatewayversion": "version=2.14.0",
        "x-ms-global-Committed-lsn": "0",
        "x-ms-last-state-change-utc": "Wed, 18 Jun 2025 00:39:23.446 GMT",
        "x-ms-number-of-read-regions": "0",
        "x-ms-quorum-acked-lsn": "74",
        "x-ms-request-charge": "4.95",
        "x-ms-request-duration-ms": "14.573",
        "x-ms-resource-quota": "databases=1000;",
        "x-ms-resource-usage": "databases=2;",
        "x-ms-schemaversion": "1.19",
        "x-ms-serviceversion": "version=2.14.0.0",
        "x-ms-session-token": "0:-1#75",
        "x-ms-transport-request-id": "971",
        "x-ms-xp-role": "0"
      },
      "ResponseBody": {
        "id": "TestData_item_upsert_new",
        "_rid": "3GgpAA==",
        "_self": "dbs/3GgpAA==/",
        "_etag": "\"00000000-0000-0000-dfed-1e60e00501db\"",
        "_colls": "colls/",
        "_users": "users/",
        "_ts": 1750208744
      }
    },
    {
      "RequestUri": "https://Sanitized/dbs/TestData_item_upsert_new/colls",
      "RequestMethod": "POST",
      "RequestHeaders": {
        "Accept": "*/*",
        "Accept-Encoding": "gzip, deflate",
        "Authorization": "Sanitized",
        "Content-Length": "88",
        "Content-Type": "application/json",
        "User-Agent": "azsdk-rust-data_cosmos/0.25.0 (1.87.0; windows; x86_64)",
        "x-ms-client-request-id": "Sanitized",
        "x-ms-date": "wed, 18 jun 2025 01:05:44 gmt",
        "x-ms-version": "2020-07-15"
      },
      "RequestBody": {
        "id": "Container",
        "partitionKey": {
          "paths": [
            "/partition_key"
          ],
          "kind": "Hash",
          "version": 2
        }
      },
      "StatusCode": 201,
      "ResponseHeaders": {
        "Access-Control-Allow-Credentials": "true",
        "Access-Control-Allow-Origin": "",
        "Cache-Control": "no-store, no-cache",
        "collection-partition-index": "0",
        "collection-service-index": "0",
        "Content-Type": "application/json",
        "Date": "Wed, 18 Jun 2025 01:05:45 GMT",
        "ETag": "\"00000000-0000-0000-dfed-1e9f300501db\"",
        "lsn": "47",
        "Pragma": "no-cache",
        "Server": "Microsoft-HTTPAPI/2.0",
        "Transfer-Encoding": "chunked",
        "x-ms-activity-id": "24ade804-cdab-45e0-a29c-80335f2a1e1b",
        "x-ms-alt-content-path": "dbs/TestData_item_upsert_new",
        "x-ms-cosmos-internal-partition-id": "a4cb4958-38c8-11e6-8106-8cdcd42c33be",
        "x-ms-cosmos-item-llsn": "47",
        "x-ms-cosmos-llsn": "47",
        "x-ms-cosmos-max-content-length": "2097152",
        "x-ms-cosmos-physical-partition-id": "0",
        "x-ms-cosmos-quorum-acked-llsn": "47",
        "x-ms-current-replica-set-size": "1",
        "x-ms-current-write-quorum": "1",
        "x-ms-documentdb-partitionkeyrangeid": "0",
        "x-ms-gatewayversion": "version=2.14.0",
        "x-ms-global-Committed-lsn": "0",
        "x-ms-item-lsn": "47",
        "x-ms-last-state-change-utc": "Wed, 18 Jun 2025 00:39:23.143 GMT",
        "x-ms-number-of-read-regions": "0",
        "x-ms-quorum-acked-lsn": "47",
        "x-ms-request-charge": "1",
        "x-ms-request-duration-ms": "0.444",
        "x-ms-schemaversion": "1.19",
        "x-ms-serviceversion": "version=2.14.0.0",
        "x-ms-session-token": "0:-1#47",
        "x-ms-transport-request-id": "215",
        "x-ms-xp-role": "0"
      },
      "ResponseBody": {
        "id": "Container",
        "indexingPolicy": {
          "indexingMode": "consistent",
          "automatic": true,
          "includedPaths": [
            {
              "path": "/*"
            }
          ],
          "excludedPaths": [
            {
              "path": "/\"_etag\"/?"
            }
          ]
        },
        "partitionKey": {
          "paths": [
            "/partition_key"
          ],
          "kind": "Hash",
          "version": 2
        },
        "conflictResolutionPolicy": {
          "mode": "LastWriterWins",
          "conflictResolutionPath": "/_ts",
          "conflictResolutionProcedure": ""
        },
        "geospatialConfig": {
          "type": "Geography"
        },
        "_rid": "3GgpAMf3CS0=",
        "_ts": 1750208745,
        "_self": "dbs/3GgpAA==/colls/3GgpAMf3CS0=/",
        "_etag": "\"00000000-0000-0000-dfed-1e9f300501db\"",
        "_docs": "docs/",
        "_sprocs": "sprocs/",
        "_triggers": "triggers/",
        "_udfs": "udfs/",
        "_conflicts": "conflicts/"
      }
    },
    {
      "RequestUri": "https://Sanitized/dbs/TestData_item_upsert_new/colls/Container/docs",
      "RequestMethod": "POST",
      "RequestHeaders": {
        "Accept": "*/*",
        "Accept-Encoding": "gzip, deflate",
        "Authorization": "Sanitized",
        "Content-Length": "107",
        "Content-Type": "application/json",
        "prefer": "return=minimal",
        "User-Agent": "azsdk-rust-data_cosmos/0.25.0 (1.87.0; windows; x86_64)",
        "x-ms-client-request-id": "Sanitized",
        "x-ms-date": "wed, 18 jun 2025 01:05:45 gmt",
        "x-ms-documentdb-is-upsert": "true",
        "x-ms-documentdb-partitionkey": "[\"Partition1\"]",
        "x-ms-version": "2020-07-15"
      },
      "RequestBody": {
        "id": "Item1",
        "partition_key": "Partition1",
        "value": 42,
        "nested": {
          "nested_value": "Nested"
        },
        "bool_value": true
      },
      "StatusCode": 201,
      "ResponseHeaders": {
        "Access-Control-Allow-Credentials": "true",
        "Access-Control-Allow-Origin": "",
        "Cache-Control": "no-store, no-cache",
        "Content-Type": "application/json",
        "Date": "Wed, 18 Jun 2025 01:05:45 GMT",
        "ETag": "\"00000000-0000-0000-dfed-1f5ae40501db\"",
        "lsn": "48",
        "Pragma": "no-cache",
        "Server": "Microsoft-HTTPAPI/2.0",
        "Transfer-Encoding": "chunked",
        "x-ms-activity-id": "96c3b255-eca9-4b42-8095-4a2142bdf2dd",
        "x-ms-alt-content-path": "dbs/TestData_item_upsert_new/colls/Container",
        "x-ms-content-path": "3GgpAMf3CS0=",
        "x-ms-cosmos-internal-partition-id": "a4cb4958-38c8-11e6-8106-8cdcd42c33be",
        "x-ms-cosmos-llsn": "48",
        "x-ms-cosmos-physical-partition-id": "0",
        "x-ms-cosmos-quorum-acked-llsn": "47",
        "x-ms-current-replica-set-size": "1",
        "x-ms-current-write-quorum": "1",
        "x-ms-documentdb-partitionkeyrangeid": "0",
        "x-ms-gatewayversion": "version=2.14.0",
        "x-ms-global-Committed-lsn": "0",
        "x-ms-last-state-change-utc": "Wed, 18 Jun 2025 00:39:23.143 GMT",
        "x-ms-number-of-read-regions": "0",
        "x-ms-quorum-acked-lsn": "47",
        "x-ms-request-charge": "7.24",
        "x-ms-request-duration-ms": "11.438",
        "x-ms-resource-quota": "documentSize=10240;documentsSize=10485760;documentsCount=-1;collectionSize=10485760;",
        "x-ms-resource-usage": "documentSize=0;documentsSize=1;documentsCount=0;collectionSize=1;",
        "x-ms-schemaversion": "1.19",
        "x-ms-serviceversion": "version=2.14.0.0",
        "x-ms-session-token": "0:-1#48",
        "x-ms-transport-request-id": "229",
        "x-ms-xp-role": "0"
      },
      "ResponseBody": null
    },
    {
      "RequestUri": "https://Sanitized/dbs/TestData_item_upsert_new/colls/Container/docs/Item1",
      "RequestMethod": "GET",
      "RequestHeaders": {
        "Accept": "*/*",
        "Accept-Encoding": "gzip, deflate",
        "Authorization": "Sanitized",
        "User-Agent": "azsdk-rust-data_cosmos/0.25.0 (1.87.0; windows; x86_64)",
        "x-ms-client-request-id": "Sanitized",
        "x-ms-date": "wed, 18 jun 2025 01:05:46 gmt",
        "x-ms-documentdb-partitionkey": "[\"Partition1\"]",
        "x-ms-version": "2020-07-15"
      },
      "RequestBody": null,
      "StatusCode": 200,
      "ResponseHeaders": {
        "Access-Control-Allow-Credentials": "true",
        "Access-Control-Allow-Origin": "",
        "Cache-Control": "no-store, no-cache",
        "Content-Location": "https://localhost:8081/dbs/TestData_item_upsert_new/colls/Container/docs/Item1",
        "Content-Type": "application/json",
        "Date": "Wed, 18 Jun 2025 01:05:45 GMT",
        "ETag": "\"00000000-0000-0000-dfed-1f5ae40501db\"",
        "lsn": "48",
        "Pragma": "no-cache",
        "Server": "Microsoft-HTTPAPI/2.0",
        "Transfer-Encoding": "chunked",
        "x-ms-activity-id": "a3b3a744-c8cc-4564-8711-0fc2f4cecd98",
        "x-ms-alt-content-path": "dbs/TestData_item_upsert_new/colls/Container",
        "x-ms-content-path": "3GgpAMf3CS0=",
        "x-ms-cosmos-internal-partition-id": "a4cb4958-38c8-11e6-8106-8cdcd42c33be",
        "x-ms-cosmos-item-llsn": "48",
        "x-ms-cosmos-llsn": "48",
        "x-ms-cosmos-physical-partition-id": "0",
        "x-ms-cosmos-quorum-acked-llsn": "48",
        "x-ms-current-replica-set-size": "1",
        "x-ms-current-write-quorum": "1",
        "x-ms-documentdb-partitionkeyrangeid": "0",
        "x-ms-gatewayversion": "version=2.14.0",
        "x-ms-global-Committed-lsn": "0",
        "x-ms-item-lsn": "48",
        "x-ms-last-state-change-utc": "Wed, 18 Jun 2025 00:39:23.143 GMT",
        "x-ms-number-of-read-regions": "0",
        "x-ms-quorum-acked-lsn": "48",
        "x-ms-request-charge": "1",
        "x-ms-request-duration-ms": "0.281",
        "x-ms-resource-quota": "documentSize=10240;documentsSize=10485760;documentsCount=-1;collectionSize=10485760;",
        "x-ms-resource-usage": "documentSize=0;documentsSize=1;documentsCount=1;collectionSize=1;",
        "x-ms-schemaversion": "1.19",
        "x-ms-serviceversion": "version=2.14.0.0",
        "x-ms-session-token": "0:-1#48",
        "x-ms-transport-request-id": "232",
        "x-ms-xp-role": "0"
      },
      "ResponseBody": {
        "id": "Item1",
        "partition_key": "Partition1",
        "value": 42,
        "nested": {
          "nested_value": "Nested"
        },
        "bool_value": true,
        "_rid": "3GgpAMf3CS0BAAAAAAAAAA==",
        "_self": "dbs/3GgpAA==/colls/3GgpAMf3CS0=/docs/3GgpAMf3CS0BAAAAAAAAAA==/",
        "_etag": "\"00000000-0000-0000-dfed-1f5ae40501db\"",
        "_attachments": "attachments/",
        "_ts": 1750208746
      }
    },
    {
      "RequestUri": "https://Sanitized/dbs",
      "RequestMethod": "POST",
      "RequestHeaders": {
        "Accept": "*/*",
        "Accept-Encoding": "gzip, deflate",
        "Authorization": "Sanitized",
        "Content-Length": "136",
        "Content-Type": "application/query+json",
        "User-Agent": "azsdk-rust-data_cosmos/0.25.0 (1.87.0; windows; x86_64)",
        "x-ms-client-request-id": "Sanitized",
        "x-ms-date": "wed, 18 jun 2025 01:05:46 gmt",
        "x-ms-documentdb-query": "True",
        "x-ms-version": "2020-07-15"
      },
      "RequestBody": {
        "query": "SELECT * FROM root r WHERE r.id LIKE CONCAT('%_', @context_id)",
        "parameters": [
          {
            "name": "Sanitized",
            "value": "item_upsert_new"
          }
        ]
      },
      "StatusCode": 200,
      "ResponseHeaders": {
        "Access-Control-Allow-Credentials": "true",
        "Access-Control-Allow-Origin": "",
        "Cache-Control": "no-store, no-cache",
        "Content-Type": "application/json",
        "Date": "Wed, 18 Jun 2025 01:05:47 GMT",
        "lsn": "95",
        "Pragma": "no-cache",
        "Server": "Microsoft-HTTPAPI/2.0",
        "Transfer-Encoding": "chunked",
        "x-ms-activity-id": "4a683936-be7a-47b4-80ad-926944d70aab",
        "x-ms-cosmos-internal-partition-id": "780e44f4-38c8-11e6-8106-8cdcd42c33be",
        "x-ms-cosmos-is-partition-key-delete-pending": "false",
        "x-ms-cosmos-llsn": "95",
        "x-ms-cosmos-query-execution-info": "{\"reverseRidEnabled\":false,\"reverseIndexScan\":false}",
        "x-ms-cosmos-quorum-acked-llsn": "95",
        "x-ms-current-replica-set-size": "1",
        "x-ms-current-write-quorum": "1",
        "x-ms-gatewayversion": "version=2.14.0",
        "x-ms-global-Committed-lsn": "0",
        "x-ms-item-count": "1",
        "x-ms-last-state-change-utc": "Wed, 18 Jun 2025 00:39:23.446 GMT",
        "x-ms-number-of-read-regions": "0",
        "x-ms-quorum-acked-lsn": "95",
        "x-ms-request-charge": "4.96",
        "x-ms-request-duration-ms": "0.593",
        "x-ms-resource-quota": "databases=1000;",
        "x-ms-resource-usage": "databases=11;",
        "x-ms-schemaversion": "1.19",
        "x-ms-serviceversion": "version=2.14.0.0",
        "x-ms-session-token": "0:-1#95",
        "x-ms-transport-request-id": "1335",
        "x-ms-xp-role": "0"
      },
      "ResponseBody": {
        "_rid": "",
        "Databases": [
          {
            "id": "TestData_item_upsert_new",
            "_rid": "3GgpAA==",
            "_self": "dbs/3GgpAA==/",
            "_etag": "\"00000000-0000-0000-dfed-1e60e00501db\"",
            "_colls": "colls/",
            "_users": "users/",
            "_ts": 1750208744
          }
        ],
        "_count": 1
      }
    },
    {
      "RequestUri": "https://Sanitized/dbs/TestData_item_upsert_new",
      "RequestMethod": "DELETE",
      "RequestHeaders": {
        "Accept": "*/*",
        "Accept-Encoding": "gzip, deflate",
        "Authorization": "Sanitized",
        "User-Agent": "azsdk-rust-data_cosmos/0.25.0 (1.87.0; windows; x86_64)",
        "x-ms-client-request-id": "Sanitized",
        "x-ms-date": "wed, 18 jun 2025 01:05:47 gmt",
        "x-ms-version": "2020-07-15"
      },
      "RequestBody": null,
      "StatusCode": 204,
      "ResponseHeaders": {
        "Access-Control-Allow-Credentials": "true",
        "Access-Control-Allow-Origin": "",
        "Cache-Control": "no-store, no-cache",
        "Content-Length": "0",
        "Content-Location": "https://localhost:8081/dbs/TestData_item_upsert_new",
        "Content-Type": "application/json",
        "Date": "Wed, 18 Jun 2025 01:05:47 GMT",
        "lsn": "96",
        "Pragma": "no-cache",
        "Server": "Microsoft-HTTPAPI/2.0",
        "x-ms-activity-id": "2379bd4c-c23a-49b0-80ac-5d3c91bfc2ef",
        "x-ms-cosmos-internal-partition-id": "780e44f4-38c8-11e6-8106-8cdcd42c33be",
        "x-ms-cosmos-llsn": "96",
        "x-ms-cosmos-quorum-acked-llsn": "95",
        "x-ms-current-replica-set-size": "1",
        "x-ms-current-write-quorum": "1",
        "x-ms-gatewayversion": "version=2.14.0",
        "x-ms-global-Committed-lsn": "0",
        "x-ms-last-state-change-utc": "Wed, 18 Jun 2025 00:39:23.446 GMT",
        "x-ms-number-of-read-regions": "0",
        "x-ms-quorum-acked-lsn": "95",
        "x-ms-request-charge": "4.95",
        "x-ms-request-duration-ms": "8.742",
        "x-ms-resource-quota": "databases=1000;",
        "x-ms-resource-usage": "databases=10;",
        "x-ms-schemaversion": "1.19",
        "x-ms-serviceversion": "version=2.14.0.0",
        "x-ms-session-token": "0:-1#96",
        "x-ms-transport-request-id": "1345",
        "x-ms-xp-role": "0"
      },
      "ResponseBody": null
    }
  ],
  "Variables": {}
}
