{
  "Entries": [
    {
      "RequestUri": "https://myappconfig.azconfig.io/kv/key1-1695659954968?api-version=2022-11-01-preview\u0026label=label1",
      "RequestMethod": "PUT",
      "RequestHeaders": {
        "Accept": "application/vnd.microsoft.appconfig.kv\u002Bjson, application/problem\u002Bjson",
        "Accept-Encoding": "gzip, deflate, br",
        "Accept-Language": "en-US",
        "Authorization": "Sanitized",
        "Connection": "keep-alive",
        "Content-Length": "62",
        "Content-Type": "application/vnd.microsoft.appconfig.kv\u002Bjson",
        "If-None-Match": "*",
        "Origin": "http://localhost:9876",
        "Referer": "http://localhost:9876/",
        "sec-ch-ua": "",
        "sec-ch-ua-mobile": "?0",
        "sec-ch-ua-platform": "\u0022\u0022",
        "Sec-Fetch-Dest": "empty",
        "Sec-Fetch-Mode": "cors",
        "Sec-Fetch-Site": "same-site",
        "User-Agent": "Mozilla/5.0 (X11; Linux x86_64) AppleWebKit/537.36 (KHTML, like Gecko) HeadlessChrome/112.0.5614.0 Safari/537.36",
        "x-ms-client-request-id": "64a1efa0-7d56-4a36-9f06-78d1a280999e",
        "x-ms-content-sha256": "\u002BAYZDzABY29LsbehVruxHfTXgSjZszHM5ZQ6IW4ypLc=",
        "x-ms-date": "Mon, 25 Sep 2023 16:39:14 GMT",
        "x-ms-useragent": "azsdk-js-app-configuration/1.5.0-beta.2 core-rest-pipeline/1.12.2 OS"
      },
      "RequestBody": {
        "key": "key1-1695659954968",
        "label": "label1",
        "value": "value1"
      },
      "StatusCode": 200,
      "ResponseHeaders": {
        "Access-Control-Allow-Credentials": "true",
        "Access-Control-Allow-Origin": "*",
        "Access-Control-Expose-Headers": "Keep-Alive, Cache-Control, Content-Type, x-ms-client-request-id, Date, Sync-Token, x-ms-correlation-request-id, ETag, Last-Modified, Link, Memento-Datetime, retry-after-ms, x-ms-request-id, WWW-Authenticate, Operation-Location, Retry-After",
        "Connection": "keep-alive",
        "Content-Type": "application/vnd.microsoft.appconfig.kv\u002Bjson; charset=utf-8",
        "Date": "Mon, 25 Sep 2023 16:39:15 GMT",
        "ETag": "\u00229jqp-dEsaSzKah9Lt6FqE8DFH8nUo7QEhRHxGE2LbqM\u0022",
        "Last-Modified": "Mon, 25 Sep 2023 16:39:15 GMT",
        "Strict-Transport-Security": "max-age=15724800; includeSubDomains",
        "Sync-Token": "zAJw6V16=MzoxOSMzOTUwMzM3Nw==;sn=39503377",
        "Transfer-Encoding": "chunked",
        "x-ms-correlation-request-id": "2d6ed917-84e0-42bf-a927-40dd4548a3ce",
        "x-ms-request-id": "2d6ed917-84e0-42bf-a927-40dd4548a3ce"
      },
      "ResponseBody": {
        "etag": "9jqp-dEsaSzKah9Lt6FqE8DFH8nUo7QEhRHxGE2LbqM",
        "key": "key1-1695659954968",
        "label": "label1",
        "content_type": null,
        "value": "value1",
        "tags": {},
        "locked": false,
        "last_modified": "2023-09-25T16:39:15\u002B00:00"
      }
    },
    {
      "RequestUri": "https://myappconfig.azconfig.io/kv/key2-1695659954968?api-version=2022-11-01-preview\u0026label=label2",
      "RequestMethod": "PUT",
      "RequestHeaders": {
        "Accept": "application/vnd.microsoft.appconfig.kv\u002Bjson, application/problem\u002Bjson",
        "Accept-Encoding": "gzip, deflate, br",
        "Accept-Language": "en-US",
        "Authorization": "Sanitized",
        "Connection": "keep-alive",
        "Content-Length": "62",
        "Content-Type": "application/vnd.microsoft.appconfig.kv\u002Bjson",
        "If-None-Match": "*",
        "Origin": "http://localhost:9876",
        "Referer": "http://localhost:9876/",
        "sec-ch-ua": "",
        "sec-ch-ua-mobile": "?0",
        "sec-ch-ua-platform": "\u0022\u0022",
        "Sec-Fetch-Dest": "empty",
        "Sec-Fetch-Mode": "cors",
        "Sec-Fetch-Site": "same-site",
        "sync-token": "zAJw6V16=MzoxOSMzOTUwMzM3Nw==",
        "User-Agent": "Mozilla/5.0 (X11; Linux x86_64) AppleWebKit/537.36 (KHTML, like Gecko) HeadlessChrome/112.0.5614.0 Safari/537.36",
        "x-ms-client-request-id": "db3f17da-7ab0-407a-973f-c389f779b31d",
        "x-ms-content-sha256": "h/LTbXlJpfPCsKE9aHkye0bNz7w/rayjO27rLEeWcDA=",
        "x-ms-date": "Mon, 25 Sep 2023 16:39:15 GMT",
        "x-ms-useragent": "azsdk-js-app-configuration/1.5.0-beta.2 core-rest-pipeline/1.12.2 OS"
      },
      "RequestBody": {
        "key": "key2-1695659954968",
        "label": "label2",
        "value": "value2"
      },
      "StatusCode": 200,
      "ResponseHeaders": {
        "Access-Control-Allow-Credentials": "true",
        "Access-Control-Allow-Origin": "*",
        "Access-Control-Expose-Headers": "Keep-Alive, Cache-Control, Content-Type, x-ms-client-request-id, Date, Sync-Token, x-ms-correlation-request-id, ETag, Last-Modified, Link, Memento-Datetime, retry-after-ms, x-ms-request-id, WWW-Authenticate, Operation-Location, Retry-After",
        "Connection": "keep-alive",
        "Content-Type": "application/vnd.microsoft.appconfig.kv\u002Bjson; charset=utf-8",
        "Date": "Mon, 25 Sep 2023 16:39:15 GMT",
        "ETag": "\u0022LWV8LFYFklQqz4JMxFOfLwhGU5jui2lrs1cr5kLNtqY\u0022",
        "Last-Modified": "Mon, 25 Sep 2023 16:39:15 GMT",
        "Strict-Transport-Security": "max-age=15724800; includeSubDomains",
        "Sync-Token": "zAJw6V16=MzoxOSMzOTUwMzM3OA==;sn=39503378",
        "Transfer-Encoding": "chunked",
        "x-ms-correlation-request-id": "f9ce353d-7e69-46f2-8617-15f644926990",
        "x-ms-request-id": "f9ce353d-7e69-46f2-8617-15f644926990"
      },
      "ResponseBody": {
        "etag": "LWV8LFYFklQqz4JMxFOfLwhGU5jui2lrs1cr5kLNtqY",
        "key": "key2-1695659954968",
        "label": "label2",
        "content_type": null,
        "value": "value2",
        "tags": {},
        "locked": false,
        "last_modified": "2023-09-25T16:39:15\u002B00:00"
      }
    },
    {
      "RequestUri": "https://myappconfig.azconfig.io/snapshots?api-version=2022-11-01-preview",
      "RequestMethod": "GET",
      "RequestHeaders": {
        "Accept": "application/vnd.microsoft.appconfig.snapshotset\u002Bjson, application/problem\u002Bjson",
        "Accept-Encoding": "gzip, deflate, br",
        "Accept-Language": "en-US",
        "Authorization": "Sanitized",
        "Connection": "keep-alive",
        "Origin": "http://localhost:9876",
        "Referer": "http://localhost:9876/",
        "sec-ch-ua": "",
        "sec-ch-ua-mobile": "?0",
        "sec-ch-ua-platform": "\u0022\u0022",
        "Sec-Fetch-Dest": "empty",
        "Sec-Fetch-Mode": "cors",
        "Sec-Fetch-Site": "same-site",
        "sync-token": "zAJw6V16=MzoxOSMzOTUwMzM3OA==",
        "User-Agent": "Mozilla/5.0 (X11; Linux x86_64) AppleWebKit/537.36 (KHTML, like Gecko) HeadlessChrome/112.0.5614.0 Safari/537.36",
        "x-ms-client-request-id": "8e6f61a6-24c9-471b-a1b8-8802d364014a",
        "x-ms-content-sha256": "47DEQpj8HBSa\u002B/TImW\u002B5JCeuQeRkm5NMpJWZG3hSuFU=",
        "x-ms-date": "Mon, 25 Sep 2023 16:39:15 GMT",
        "x-ms-useragent": "azsdk-js-app-configuration/1.5.0-beta.2 core-rest-pipeline/1.12.2 OS"
      },
      "RequestBody": null,
      "StatusCode": 200,
      "ResponseHeaders": {
        "Access-Control-Allow-Credentials": "true",
        "Access-Control-Allow-Origin": "*",
        "Access-Control-Expose-Headers": "Keep-Alive, Cache-Control, Content-Type, x-ms-client-request-id, Date, Sync-Token, x-ms-correlation-request-id, ETag, Last-Modified, Link, Memento-Datetime, retry-after-ms, x-ms-request-id, WWW-Authenticate, Operation-Location, Retry-After",
        "Connection": "keep-alive",
        "Content-Type": "application/vnd.microsoft.appconfig.snapshotset\u002Bjson; charset=utf-8",
        "Date": "Mon, 25 Sep 2023 16:39:15 GMT",
        "Strict-Transport-Security": "max-age=15724800; includeSubDomains",
        "Sync-Token": "zAJw6V16=MzoxOSMzOTUwMzM3OA==;sn=39503378",
        "Transfer-Encoding": "chunked",
        "x-ms-correlation-request-id": "46441667-5f07-4222-8760-c89dc8f6f7dc",
        "x-ms-request-id": "46441667-5f07-4222-8760-c89dc8f6f7dc"
      },
      "ResponseBody": {
        "items": [
          {
            "etag": "y_W1zK5OdEI5PUMsp4o-iYDcISgGl6jckFoF92xh0iQ",
            "name": "snapshot-1693239867114",
            "status": "archived",
            "filters": [
              {
                "key": "key1-1693239867114",
                "label": "label1"
              }
            ],
            "composition_type": "key",
            "created": "2023-08-28T16:24:27\u002B00:00",
            "expires": "2023-09-27T16:24:39\u002B00:00",
            "size": 1000,
            "items_count": 1,
            "tags": {},
            "retention_period": 2592000
          },
          {
            "etag": "9_XMyGNuISLYfNunXyeBSfqju1hQVt5hmO5EXCo4RsI",
            "name": "snapshot-1693239879416",
            "status": "archived",
            "filters": [
              {
                "key": "key1-1693239879416",
                "label": "label1"
              }
            ],
            "composition_type": "key",
            "created": "2023-08-28T16:24:39\u002B00:00",
            "expires": "2023-09-27T16:24:59\u002B00:00",
            "size": 1000,
            "items_count": 1,
            "tags": {},
            "retention_period": 2592000
          },
          {
            "etag": "XvChRBP3HlYy2O50tjuH_6mqJhYCfLQ46g-EEUj7ddY",
            "name": "snapshot-1693239900325",
            "status": "archived",
            "filters": [
              {
                "key": "key1-1693239900325",
                "label": "label1"
              }
            ],
            "composition_type": "key",
            "created": "2023-08-28T16:25:00\u002B00:00",
            "expires": "2023-09-27T16:25:23\u002B00:00",
            "size": 1000,
            "items_count": 1,
            "tags": {},
            "retention_period": 2592000
          },
          {
            "etag": "3OBpATP_DdnHNoiIinFn-8t9g3QlN0Eb0XetoDErNPk",
            "name": "snapshot-1693239923621",
            "status": "archived",
            "filters": [
              {
                "key": "key1-1693239923621",
                "label": "label1"
              }
            ],
            "composition_type": "key",
            "created": "2023-08-28T16:25:24\u002B00:00",
            "expires": "2023-09-27T16:25:28\u002B00:00",
            "size": 1000,
            "items_count": 1,
            "tags": {},
            "retention_period": 2592000
          },
          {
            "etag": "3SEbQW6dsgcRBwQwZXoMZjZIWToYPnc7f6Dk84dGP6U",
            "name": "snapshot-1693239929310",
            "status": "archived",
            "filters": [
              {
                "key": "key1-1693239929310",
                "label": "label1"
              }
            ],
            "composition_type": "key",
            "created": "2023-08-28T16:25:29\u002B00:00",
            "expires": "2023-09-27T16:25:43\u002B00:00",
            "size": 1000,
            "items_count": 1,
            "tags": {},
            "retention_period": 2592000
          },
          {
            "etag": "1N9LSrvd6B4Wa4PX8kfmQcrBRWpeJN06Ip-QFOO6nP0",
            "name": "snapshot-1693239943664",
            "status": "archived",
            "filters": [
              {
                "key": "key1-1693239943664",
                "label": "label1"
              }
            ],
            "composition_type": "key",
            "created": "2023-08-28T16:25:45\u002B00:00",
            "expires": "2023-09-27T16:26:20\u002B00:00",
            "size": 1000,
            "items_count": 1,
            "tags": {},
            "retention_period": 2592000
          },
          {
            "etag": "UU4BE22jiprhkOueahmHMzs5hlAEe3NR7UucKIi6DS8",
            "name": "snapshot-1693239958501",
            "status": "archived",
            "filters": [
              {
                "key": "key1-1693239943664",
                "label": "label1"
              },
              {
                "key": "key2-1693239943664",
                "label": "label2"
              }
            ],
            "composition_type": "key",
            "created": "2023-08-28T16:25:58\u002B00:00",
            "expires": "2023-09-27T16:26:21\u002B00:00",
            "size": 1000,
            "items_count": 2,
            "tags": {},
            "retention_period": 2592000
          },
          {
            "etag": "tT62AQNn2ovL-i8bOimqNAwMxPklmsPsZ1aXMGmm05A",
            "name": "snapshot-1693240242187",
            "status": "archived",
            "filters": [
              {
                "key": "key1-1693240242187",
                "label": "label1"
              }
            ],
            "composition_type": "key",
            "created": "2023-08-28T16:30:42\u002B00:00",
            "expires": "2023-09-27T16:30:53\u002B00:00",
            "size": 1000,
            "items_count": 1,
            "tags": {},
            "retention_period": 2592000
          },
          {
            "etag": "7u73HPYbskqn5aLDftZsiAngSZkb8880d7QntWXn9Wo",
            "name": "snapshot-1693240253720",
            "status": "archived",
            "filters": [
              {
                "key": "key1-1693240253720",
                "label": "label1"
              }
            ],
            "composition_type": "key",
            "created": "2023-08-28T16:30:53\u002B00:00",
            "expires": "2023-09-27T16:31:04\u002B00:00",
            "size": 1000,
            "items_count": 1,
            "tags": {},
            "retention_period": 2592000
          },
          {
            "etag": "7TcTgo5T7jFLSi9HvkQEjgm_TlwcZfF2oVKloD7W8EY",
            "name": "snapshot-1693240264776",
            "status": "archived",
            "filters": [
              {
                "key": "key1-1693240264776",
                "label": "label1"
              }
            ],
            "composition_type": "key",
            "created": "2023-08-28T16:31:04\u002B00:00",
            "expires": "2023-09-27T16:31:25\u002B00:00",
            "size": 1000,
            "items_count": 1,
            "tags": {},
            "retention_period": 2592000
          },
          {
            "etag": "UbZoU8K5SFx5DmK0Yi2Vu7jEnkTpefO-5gjI4MsAsU8",
            "name": "snapshot-1693240286159",
            "status": "archived",
            "filters": [
              {
                "key": "key1-1693240286159",
                "label": "label1"
              }
            ],
            "composition_type": "key",
            "created": "2023-08-28T16:31:26\u002B00:00",
            "expires": "2023-09-27T16:31:46\u002B00:00",
            "size": 1000,
            "items_count": 1,
            "tags": {},
            "retention_period": 2592000
          },
          {
            "etag": "w_6OJj56Xz9390tigU2mEHKiLfubqzo4_pm8dVviUAQ",
            "name": "snapshot-1693240307081",
            "status": "archived",
            "filters": [
              {
                "key": "key1-1693240307081",
                "label": "label1"
              }
            ],
            "composition_type": "key",
            "created": "2023-08-28T16:31:47\u002B00:00",
            "expires": "2023-09-27T16:32:07\u002B00:00",
            "size": 1000,
            "items_count": 1,
            "tags": {},
            "retention_period": 2592000
          },
          {
            "etag": "Ukl6wn9mfXXsxKVljXsmKvJxdSg5G_scAuCPOBQh4SE",
            "name": "snapshot-1693240328100",
            "status": "archived",
            "filters": [
              {
                "key": "key1-1693240328100",
                "label": "label1"
              }
            ],
            "composition_type": "key",
            "created": "2023-08-28T16:32:09\u002B00:00",
            "expires": "2023-09-27T16:32:40\u002B00:00",
            "size": 1000,
            "items_count": 1,
            "tags": {},
            "retention_period": 2592000
          },
          {
            "etag": "jrqKqLZUCJvdG0zOiOm_iBAFyRNmq0a8owE2U8bp5wU",
            "name": "snapshot-1693240339858",
            "status": "archived",
            "filters": [
              {
                "key": "key1-1693240328100",
                "label": "label1"
              },
              {
                "key": "key2-1693240328100",
                "label": "label2"
              }
            ],
            "composition_type": "key",
            "created": "2023-08-28T16:32:19\u002B00:00",
            "expires": "2023-09-27T16:32:40\u002B00:00",
            "size": 1000,
            "items_count": 2,
            "tags": {},
            "retention_period": 2592000
          },
          {
            "etag": "_21DHJuo0_Nmmd2DYxRRzmYBRSjf2ucPbQ-YDLbQsQo",
            "name": "snapshot-1693499539254",
            "status": "archived",
            "filters": [
              {
                "key": "key1-1693499539254",
                "label": "label1"
              }
            ],
            "composition_type": "key",
            "created": "2023-08-31T16:32:19\u002B00:00",
            "expires": "2023-09-30T16:32:40\u002B00:00",
            "size": 1000,
            "items_count": 1,
            "tags": {},
            "retention_period": 2592000
          },
          {
            "etag": "s76OsWwOatlrBSySfuK2KQLfZ8ru6GshQm7hIomiypU",
            "name": "snapshot-1693499560468",
            "status": "archived",
            "filters": [
              {
                "key": "key1-1693499560468",
                "label": "label1"
              }
            ],
            "composition_type": "key",
            "created": "2023-08-31T16:32:40\u002B00:00",
            "expires": "2023-09-30T16:32:51\u002B00:00",
            "size": 1000,
            "items_count": 1,
            "tags": {},
            "retention_period": 2592000
          },
          {
            "etag": "iL4YXB6duEp4nVzixt1fToJ61o9-Wek5AucV8lbH3kc",
            "name": "snapshot-1693499571450",
            "status": "archived",
            "filters": [
              {
                "key": "key1-1693499571450",
                "label": "label1"
              }
            ],
            "composition_type": "key",
            "created": "2023-08-31T16:32:51\u002B00:00",
            "expires": "2023-09-30T16:33:12\u002B00:00",
            "size": 1000,
            "items_count": 1,
            "tags": {},
            "retention_period": 2592000
          },
          {
            "etag": "U1JQNgP-JKq1sDsSMG8LzKMYDK1hYIHwyT1cproLfXk",
            "name": "snapshot-1693499592600",
            "status": "archived",
            "filters": [
              {
                "key": "key1-1693499592600",
                "label": "label1"
              }
            ],
            "composition_type": "key",
            "created": "2023-08-31T16:33:12\u002B00:00",
            "expires": "2023-09-30T16:33:23\u002B00:00",
            "size": 1000,
            "items_count": 1,
            "tags": {},
            "retention_period": 2592000
          },
          {
            "etag": "elWxzfWPAAobBT2PO0FYQHrL7OfBtDqQHblWflSAuzM",
            "name": "snapshot-1693499603619",
            "status": "archived",
            "filters": [
              {
                "key": "key1-1693499603619",
                "label": "label1"
              }
            ],
            "composition_type": "key",
            "created": "2023-08-31T16:33:23\u002B00:00",
            "expires": "2023-09-30T16:33:44\u002B00:00",
            "size": 1000,
            "items_count": 1,
            "tags": {},
            "retention_period": 2592000
          },
          {
            "etag": "iBYe8dEI16Di08lY0pNOnZMFp4OW0S9lrKEPD4358z8",
            "name": "snapshot-1693499624688",
            "status": "archived",
            "filters": [
              {
                "key": "key1-1693499624688",
                "label": "label1"
              }
            ],
            "composition_type": "key",
            "created": "2023-08-31T16:33:46\u002B00:00",
            "expires": "2023-09-30T16:34:07\u002B00:00",
            "size": 1000,
            "items_count": 1,
            "tags": {},
            "retention_period": 2592000
          },
          {
            "etag": "kxBv02XCA13fJy4WQ5zQQ0Ps5UXyYYZAeT1y8W-X7BQ",
            "name": "snapshot-1693499636898",
            "status": "archived",
            "filters": [
              {
                "key": "key1-1693499624688",
                "label": "label1"
              },
              {
                "key": "key2-1693499624688",
                "label": "label2"
              }
            ],
            "composition_type": "key",
            "created": "2023-08-31T16:33:56\u002B00:00",
            "expires": "2023-09-30T16:34:07\u002B00:00",
            "size": 1000,
            "items_count": 2,
            "tags": {},
            "retention_period": 2592000
          },
          {
            "etag": "t6AZbclconaEXXS43KYHM09Vya9XQXfPGsLhoNFy75A",
            "name": "snapshot-1693503147323",
            "status": "archived",
            "filters": [
              {
                "key": "key1-1693503147323",
                "label": "label1"
              }
            ],
            "composition_type": "key",
            "created": "2023-08-31T17:32:27\u002B00:00",
            "expires": "2023-10-25T16:32:04\u002B00:00",
            "size": 1000,
            "items_count": 1,
            "tags": {},
            "retention_period": 2592000
          },
          {
            "etag": "M_fDEvyWnAkuK8gW8AWLbtb3WPKHQRDppwnPQSlxouY",
            "name": "snapshot-1694548282779",
            "status": "archived",
            "filters": [
              {
                "key": "key1-1694548282778",
                "label": "label1"
              }
            ],
            "composition_type": "key",
            "created": "2023-09-12T19:51:23\u002B00:00",
            "expires": "2023-10-12T19:51:44\u002B00:00",
            "size": 1000,
            "items_count": 1,
            "tags": {},
            "retention_period": 2592000
          },
          {
            "etag": "iATsXsKFhs6uDf8mEVkOj6LUuRYryK3ZFFGV3vVF2r4",
            "name": "snapshot-1694548323368",
            "status": "archived",
            "filters": [
              {
                "key": "key1-1694548323368",
                "label": "label1"
              }
            ],
            "composition_type": "key",
            "created": "2023-09-12T19:52:03\u002B00:00",
            "expires": "2023-10-12T19:52:14\u002B00:00",
            "size": 1000,
            "items_count": 1,
            "tags": {},
            "retention_period": 2592000
          },
          {
            "etag": "F8S5LlmMsL-1Y0xTsON71YUeu_36_gUJJYBujyz7ghc",
            "name": "snapshot-1695659522491",
            "status": "archived",
            "filters": [
              {
                "key": "key1-1695659522491",
                "label": "label1"
              }
            ],
            "composition_type": "key",
            "created": "2023-09-25T16:32:05\u002B00:00",
            "expires": "2023-10-25T16:32:36\u002B00:00",
            "size": 1000,
            "items_count": 1,
            "tags": {},
            "retention_period": 2592000
          },
          {
            "etag": "hWcfNDYLL9FNNtu1w8k880dmB1ilHLCWutZE5y3Ozys",
            "name": "snapshot-1695659535472",
            "status": "archived",
            "filters": [
              {
                "key": "key1-1695659522491",
                "label": "label1"
              },
              {
                "key": "key2-1695659522491",
                "label": "label2"
              }
            ],
            "composition_type": "key",
            "created": "2023-09-25T16:32:15\u002B00:00",
            "expires": "2023-10-25T16:32:36\u002B00:00",
            "size": 1000,
            "items_count": 2,
            "tags": {},
            "retention_period": 2592000
          },
          {
            "etag": "Ad49Dz2HocIc-KYHQCaLCb5aU9xwy5jsFWuSnHnsEUU",
            "name": "snapshot-1695659573185",
            "status": "archived",
            "filters": [
              {
                "key": "key1-1695659573185",
                "label": "label1"
              }
            ],
            "composition_type": "key",
            "created": "2023-09-25T16:32:57\u002B00:00",
            "expires": "2023-10-25T16:33:39\u002B00:00",
            "size": 1000,
            "items_count": 1,
            "tags": {},
            "retention_period": 2592000
          },
          {
            "etag": "gd2oo9yR-T5ucMFFozydprfNkEgfm27TLyhFxj7YaWk",
            "name": "snapshot-1695659598603",
            "status": "archived",
            "filters": [
              {
                "key": "key1-1695659573185",
                "label": "label1"
              },
              {
                "key": "key2-1695659573185",
                "label": "label2"
              }
            ],
            "composition_type": "key",
            "created": "2023-09-25T16:33:18\u002B00:00",
            "expires": "2023-10-25T16:33:40\u002B00:00",
            "size": 1000,
            "items_count": 2,
            "tags": {},
            "retention_period": 2592000
          },
          {
            "etag": "U7sn1jHRlE5IdXEIU1ZzwyEWy15i_OlnIBA0linTF60",
            "name": "snapshot-1695659901158",
            "status": "archived",
            "filters": [
              {
                "key": "key1-1695659901158",
                "label": "label1"
              }
            ],
            "composition_type": "key",
            "created": "2023-09-25T16:38:24\u002B00:00",
            "expires": "2023-10-25T16:39:05\u002B00:00",
            "size": 1000,
            "items_count": 1,
            "tags": {},
            "retention_period": 2592000
          },
          {
            "etag": "FoJcQBeMbTqM5YOjjDYjBh3fkjkna4PEvyoxIHWA_3A",
            "name": "snapshot-1695659924796",
            "status": "archived",
            "filters": [
              {
                "key": "key1-1695659901158",
                "label": "label1"
              },
              {
                "key": "key2-1695659901158",
                "label": "label2"
              }
            ],
            "composition_type": "key",
            "created": "2023-09-25T16:38:44\u002B00:00",
            "expires": "2023-10-25T16:39:05\u002B00:00",
            "size": 1000,
            "items_count": 2,
            "tags": {},
            "retention_period": 2592000
          }
        ]
      }
    },
    {
      "RequestUri": "https://myappconfig.azconfig.io/snapshots/snapshot-1693239867114?api-version=2022-11-01-preview",
      "RequestMethod": "PATCH",
      "RequestHeaders": {
        "Accept": "application/vnd.microsoft.appconfig.snapshot\u002Bjson, application/problem\u002Bjson",
        "Accept-Encoding": "gzip, deflate, br",
        "Accept-Language": "en-US",
        "Authorization": "Sanitized",
        "Connection": "keep-alive",
        "Content-Length": "21",
        "Content-Type": "application/json",
        "Origin": "http://localhost:9876",
        "Referer": "http://localhost:9876/",
        "sec-ch-ua": "",
        "sec-ch-ua-mobile": "?0",
        "sec-ch-ua-platform": "\u0022\u0022",
        "Sec-Fetch-Dest": "empty",
        "Sec-Fetch-Mode": "cors",
        "Sec-Fetch-Site": "same-site",
        "sync-token": "zAJw6V16=MzoxOSMzOTUwMzM3OA==",
        "User-Agent": "Mozilla/5.0 (X11; Linux x86_64) AppleWebKit/537.36 (KHTML, like Gecko) HeadlessChrome/112.0.5614.0 Safari/537.36",
        "x-ms-client-request-id": "ea8f5392-34f1-4ff6-a194-70d943eb20b5",
        "x-ms-content-sha256": "tynngJHjE7uDMwpGVh1hcULF0zuJfLFECY9VxlHWIWo=",
        "x-ms-date": "Mon, 25 Sep 2023 16:39:15 GMT",
        "x-ms-useragent": "azsdk-js-app-configuration/1.5.0-beta.2 core-rest-pipeline/1.12.2 OS"
      },
      "RequestBody": {
        "status": "archived"
      },
      "StatusCode": 200,
      "ResponseHeaders": {
        "Access-Control-Allow-Credentials": "true",
        "Access-Control-Allow-Origin": "*",
        "Access-Control-Expose-Headers": "Keep-Alive, Cache-Control, Content-Type, x-ms-client-request-id, Date, Sync-Token, x-ms-correlation-request-id, ETag, Last-Modified, Link, Memento-Datetime, retry-after-ms, x-ms-request-id, WWW-Authenticate, Operation-Location, Retry-After",
        "Connection": "keep-alive",
        "Content-Type": "application/vnd.microsoft.appconfig.snapshot\u002Bjson; charset=utf-8",
        "Date": "Mon, 25 Sep 2023 16:39:15 GMT",
        "ETag": "\u0022y_W1zK5OdEI5PUMsp4o-iYDcISgGl6jckFoF92xh0iQ\u0022",
        "Last-Modified": "Mon, 28 Aug 2023 16:24:27 GMT",
        "Link": "\u003C/kv?snapshot=snapshot-1693239867114\u0026api-version=2022-11-01-preview\u003E; rel=\u0022items\u0022",
        "Strict-Transport-Security": "max-age=15724800; includeSubDomains",
        "Sync-Token": "zAJw6V16=MzoxOSMzOTUwMzM3OA==;sn=39503378",
        "Transfer-Encoding": "chunked",
        "x-ms-correlation-request-id": "ec26fcb9-89ba-4f3a-aeb4-2dff03714980",
        "x-ms-request-id": "ec26fcb9-89ba-4f3a-aeb4-2dff03714980"
      },
      "ResponseBody": {
        "etag": "y_W1zK5OdEI5PUMsp4o-iYDcISgGl6jckFoF92xh0iQ",
        "name": "snapshot-1693239867114",
        "status": "archived",
        "filters": [
          {
            "key": "key1-1693239867114",
            "label": "label1"
          }
        ],
        "composition_type": "key",
        "created": "2023-08-28T16:24:27\u002B00:00",
        "expires": "2023-09-27T16:24:39\u002B00:00",
        "size": 1000,
        "items_count": 1,
        "tags": {},
        "retention_period": 2592000
      }
    },
    {
      "RequestUri": "https://myappconfig.azconfig.io/snapshots/snapshot-1693239879416?api-version=2022-11-01-preview",
      "RequestMethod": "PATCH",
      "RequestHeaders": {
        "Accept": "application/vnd.microsoft.appconfig.snapshot\u002Bjson, application/problem\u002Bjson",
        "Accept-Encoding": "gzip, deflate, br",
        "Accept-Language": "en-US",
        "Authorization": "Sanitized",
        "Connection": "keep-alive",
        "Content-Length": "21",
        "Content-Type": "application/json",
        "Origin": "http://localhost:9876",
        "Referer": "http://localhost:9876/",
        "sec-ch-ua": "",
        "sec-ch-ua-mobile": "?0",
        "sec-ch-ua-platform": "\u0022\u0022",
        "Sec-Fetch-Dest": "empty",
        "Sec-Fetch-Mode": "cors",
        "Sec-Fetch-Site": "same-site",
        "sync-token": "zAJw6V16=MzoxOSMzOTUwMzM3OA==",
        "User-Agent": "Mozilla/5.0 (X11; Linux x86_64) AppleWebKit/537.36 (KHTML, like Gecko) HeadlessChrome/112.0.5614.0 Safari/537.36",
        "x-ms-client-request-id": "addda3dc-47c0-4690-8ff9-1ea64ed7e1df",
        "x-ms-content-sha256": "tynngJHjE7uDMwpGVh1hcULF0zuJfLFECY9VxlHWIWo=",
        "x-ms-date": "Mon, 25 Sep 2023 16:39:15 GMT",
        "x-ms-useragent": "azsdk-js-app-configuration/1.5.0-beta.2 core-rest-pipeline/1.12.2 OS"
      },
      "RequestBody": {
        "status": "archived"
      },
      "StatusCode": 200,
      "ResponseHeaders": {
        "Access-Control-Allow-Credentials": "true",
        "Access-Control-Allow-Origin": "*",
        "Access-Control-Expose-Headers": "Keep-Alive, Cache-Control, Content-Type, x-ms-client-request-id, Date, Sync-Token, x-ms-correlation-request-id, ETag, Last-Modified, Link, Memento-Datetime, retry-after-ms, x-ms-request-id, WWW-Authenticate, Operation-Location, Retry-After",
        "Connection": "keep-alive",
        "Content-Type": "application/vnd.microsoft.appconfig.snapshot\u002Bjson; charset=utf-8",
        "Date": "Mon, 25 Sep 2023 16:39:15 GMT",
        "ETag": "\u00229_XMyGNuISLYfNunXyeBSfqju1hQVt5hmO5EXCo4RsI\u0022",
        "Last-Modified": "Mon, 28 Aug 2023 16:24:39 GMT",
        "Link": "\u003C/kv?snapshot=snapshot-1693239879416\u0026api-version=2022-11-01-preview\u003E; rel=\u0022items\u0022",
        "Strict-Transport-Security": "max-age=15724800; includeSubDomains",
        "Sync-Token": "zAJw6V16=MzoxOSMzOTUwMzM3OA==;sn=39503378",
        "Transfer-Encoding": "chunked",
        "x-ms-correlation-request-id": "a43cb001-9f1f-41a4-8306-7b85e231e770",
        "x-ms-request-id": "a43cb001-9f1f-41a4-8306-7b85e231e770"
      },
      "ResponseBody": {
        "etag": "9_XMyGNuISLYfNunXyeBSfqju1hQVt5hmO5EXCo4RsI",
        "name": "snapshot-1693239879416",
        "status": "archived",
        "filters": [
          {
            "key": "key1-1693239879416",
            "label": "label1"
          }
        ],
        "composition_type": "key",
        "created": "2023-08-28T16:24:39\u002B00:00",
        "expires": "2023-09-27T16:24:59\u002B00:00",
        "size": 1000,
        "items_count": 1,
        "tags": {},
        "retention_period": 2592000
      }
    },
    {
      "RequestUri": "https://myappconfig.azconfig.io/snapshots/snapshot-1693239900325?api-version=2022-11-01-preview",
      "RequestMethod": "PATCH",
      "RequestHeaders": {
        "Accept": "application/vnd.microsoft.appconfig.snapshot\u002Bjson, application/problem\u002Bjson",
        "Accept-Encoding": "gzip, deflate, br",
        "Accept-Language": "en-US",
        "Authorization": "Sanitized",
        "Connection": "keep-alive",
        "Content-Length": "21",
        "Content-Type": "application/json",
        "Origin": "http://localhost:9876",
        "Referer": "http://localhost:9876/",
        "sec-ch-ua": "",
        "sec-ch-ua-mobile": "?0",
        "sec-ch-ua-platform": "\u0022\u0022",
        "Sec-Fetch-Dest": "empty",
        "Sec-Fetch-Mode": "cors",
        "Sec-Fetch-Site": "same-site",
        "sync-token": "zAJw6V16=MzoxOSMzOTUwMzM3OA==",
        "User-Agent": "Mozilla/5.0 (X11; Linux x86_64) AppleWebKit/537.36 (KHTML, like Gecko) HeadlessChrome/112.0.5614.0 Safari/537.36",
        "x-ms-client-request-id": "5efb0401-4e87-4bba-84b0-e569203651c3",
        "x-ms-content-sha256": "tynngJHjE7uDMwpGVh1hcULF0zuJfLFECY9VxlHWIWo=",
        "x-ms-date": "Mon, 25 Sep 2023 16:39:15 GMT",
        "x-ms-useragent": "azsdk-js-app-configuration/1.5.0-beta.2 core-rest-pipeline/1.12.2 OS"
      },
      "RequestBody": {
        "status": "archived"
      },
      "StatusCode": 200,
      "ResponseHeaders": {
        "Access-Control-Allow-Credentials": "true",
        "Access-Control-Allow-Origin": "*",
        "Access-Control-Expose-Headers": "Keep-Alive, Cache-Control, Content-Type, x-ms-client-request-id, Date, Sync-Token, x-ms-correlation-request-id, ETag, Last-Modified, Link, Memento-Datetime, retry-after-ms, x-ms-request-id, WWW-Authenticate, Operation-Location, Retry-After",
        "Connection": "keep-alive",
        "Content-Type": "application/vnd.microsoft.appconfig.snapshot\u002Bjson; charset=utf-8",
        "Date": "Mon, 25 Sep 2023 16:39:15 GMT",
        "ETag": "\u0022XvChRBP3HlYy2O50tjuH_6mqJhYCfLQ46g-EEUj7ddY\u0022",
        "Last-Modified": "Mon, 28 Aug 2023 16:25:00 GMT",
        "Link": "\u003C/kv?snapshot=snapshot-1693239900325\u0026api-version=2022-11-01-preview\u003E; rel=\u0022items\u0022",
        "Strict-Transport-Security": "max-age=15724800; includeSubDomains",
        "Sync-Token": "zAJw6V16=MzoxOSMzOTUwMzM3OA==;sn=39503378",
        "Transfer-Encoding": "chunked",
        "x-ms-correlation-request-id": "d2124e52-7a6f-413a-9185-e48068771206",
        "x-ms-request-id": "d2124e52-7a6f-413a-9185-e48068771206"
      },
      "ResponseBody": {
        "etag": "XvChRBP3HlYy2O50tjuH_6mqJhYCfLQ46g-EEUj7ddY",
        "name": "snapshot-1693239900325",
        "status": "archived",
        "filters": [
          {
            "key": "key1-1693239900325",
            "label": "label1"
          }
        ],
        "composition_type": "key",
        "created": "2023-08-28T16:25:00\u002B00:00",
        "expires": "2023-09-27T16:25:23\u002B00:00",
        "size": 1000,
        "items_count": 1,
        "tags": {},
        "retention_period": 2592000
      }
    },
    {
      "RequestUri": "https://myappconfig.azconfig.io/snapshots/snapshot-1693239923621?api-version=2022-11-01-preview",
      "RequestMethod": "PATCH",
      "RequestHeaders": {
        "Accept": "application/vnd.microsoft.appconfig.snapshot\u002Bjson, application/problem\u002Bjson",
        "Accept-Encoding": "gzip, deflate, br",
        "Accept-Language": "en-US",
        "Authorization": "Sanitized",
        "Connection": "keep-alive",
        "Content-Length": "21",
        "Content-Type": "application/json",
        "Origin": "http://localhost:9876",
        "Referer": "http://localhost:9876/",
        "sec-ch-ua": "",
        "sec-ch-ua-mobile": "?0",
        "sec-ch-ua-platform": "\u0022\u0022",
        "Sec-Fetch-Dest": "empty",
        "Sec-Fetch-Mode": "cors",
        "Sec-Fetch-Site": "same-site",
        "sync-token": "zAJw6V16=MzoxOSMzOTUwMzM3OA==",
        "User-Agent": "Mozilla/5.0 (X11; Linux x86_64) AppleWebKit/537.36 (KHTML, like Gecko) HeadlessChrome/112.0.5614.0 Safari/537.36",
        "x-ms-client-request-id": "dc30db6b-2fdd-406e-b4ee-9c4ee0494b4b",
        "x-ms-content-sha256": "tynngJHjE7uDMwpGVh1hcULF0zuJfLFECY9VxlHWIWo=",
        "x-ms-date": "Mon, 25 Sep 2023 16:39:15 GMT",
        "x-ms-useragent": "azsdk-js-app-configuration/1.5.0-beta.2 core-rest-pipeline/1.12.2 OS"
      },
      "RequestBody": {
        "status": "archived"
      },
      "StatusCode": 200,
      "ResponseHeaders": {
        "Access-Control-Allow-Credentials": "true",
        "Access-Control-Allow-Origin": "*",
        "Access-Control-Expose-Headers": "Keep-Alive, Cache-Control, Content-Type, x-ms-client-request-id, Date, Sync-Token, x-ms-correlation-request-id, ETag, Last-Modified, Link, Memento-Datetime, retry-after-ms, x-ms-request-id, WWW-Authenticate, Operation-Location, Retry-After",
        "Connection": "keep-alive",
        "Content-Type": "application/vnd.microsoft.appconfig.snapshot\u002Bjson; charset=utf-8",
        "Date": "Mon, 25 Sep 2023 16:39:15 GMT",
        "ETag": "\u00223OBpATP_DdnHNoiIinFn-8t9g3QlN0Eb0XetoDErNPk\u0022",
        "Last-Modified": "Mon, 28 Aug 2023 16:25:24 GMT",
        "Link": "\u003C/kv?snapshot=snapshot-1693239923621\u0026api-version=2022-11-01-preview\u003E; rel=\u0022items\u0022",
        "Strict-Transport-Security": "max-age=15724800; includeSubDomains",
        "Sync-Token": "zAJw6V16=MzoxOSMzOTUwMzM3OA==;sn=39503378",
        "Transfer-Encoding": "chunked",
        "x-ms-correlation-request-id": "c3e6fd53-fa5f-4f68-840d-885f766ab74a",
        "x-ms-request-id": "c3e6fd53-fa5f-4f68-840d-885f766ab74a"
      },
      "ResponseBody": {
        "etag": "3OBpATP_DdnHNoiIinFn-8t9g3QlN0Eb0XetoDErNPk",
        "name": "snapshot-1693239923621",
        "status": "archived",
        "filters": [
          {
            "key": "key1-1693239923621",
            "label": "label1"
          }
        ],
        "composition_type": "key",
        "created": "2023-08-28T16:25:24\u002B00:00",
        "expires": "2023-09-27T16:25:28\u002B00:00",
        "size": 1000,
        "items_count": 1,
        "tags": {},
        "retention_period": 2592000
      }
    },
    {
      "RequestUri": "https://myappconfig.azconfig.io/snapshots/snapshot-1693239929310?api-version=2022-11-01-preview",
      "RequestMethod": "PATCH",
      "RequestHeaders": {
        "Accept": "application/vnd.microsoft.appconfig.snapshot\u002Bjson, application/problem\u002Bjson",
        "Accept-Encoding": "gzip, deflate, br",
        "Accept-Language": "en-US",
        "Authorization": "Sanitized",
        "Connection": "keep-alive",
        "Content-Length": "21",
        "Content-Type": "application/json",
        "Origin": "http://localhost:9876",
        "Referer": "http://localhost:9876/",
        "sec-ch-ua": "",
        "sec-ch-ua-mobile": "?0",
        "sec-ch-ua-platform": "\u0022\u0022",
        "Sec-Fetch-Dest": "empty",
        "Sec-Fetch-Mode": "cors",
        "Sec-Fetch-Site": "same-site",
        "sync-token": "zAJw6V16=MzoxOSMzOTUwMzM3OA==",
        "User-Agent": "Mozilla/5.0 (X11; Linux x86_64) AppleWebKit/537.36 (KHTML, like Gecko) HeadlessChrome/112.0.5614.0 Safari/537.36",
        "x-ms-client-request-id": "726f0abe-9599-4d27-9ec8-dffac4c0bd52",
        "x-ms-content-sha256": "tynngJHjE7uDMwpGVh1hcULF0zuJfLFECY9VxlHWIWo=",
        "x-ms-date": "Mon, 25 Sep 2023 16:39:15 GMT",
        "x-ms-useragent": "azsdk-js-app-configuration/1.5.0-beta.2 core-rest-pipeline/1.12.2 OS"
      },
      "RequestBody": {
        "status": "archived"
      },
      "StatusCode": 200,
      "ResponseHeaders": {
        "Access-Control-Allow-Credentials": "true",
        "Access-Control-Allow-Origin": "*",
        "Access-Control-Expose-Headers": "Keep-Alive, Cache-Control, Content-Type, x-ms-client-request-id, Date, Sync-Token, x-ms-correlation-request-id, ETag, Last-Modified, Link, Memento-Datetime, retry-after-ms, x-ms-request-id, WWW-Authenticate, Operation-Location, Retry-After",
        "Connection": "keep-alive",
        "Content-Type": "application/vnd.microsoft.appconfig.snapshot\u002Bjson; charset=utf-8",
        "Date": "Mon, 25 Sep 2023 16:39:15 GMT",
        "ETag": "\u00223SEbQW6dsgcRBwQwZXoMZjZIWToYPnc7f6Dk84dGP6U\u0022",
        "Last-Modified": "Mon, 28 Aug 2023 16:25:29 GMT",
        "Link": "\u003C/kv?snapshot=snapshot-1693239929310\u0026api-version=2022-11-01-preview\u003E; rel=\u0022items\u0022",
        "Strict-Transport-Security": "max-age=15724800; includeSubDomains",
        "Sync-Token": "zAJw6V16=MzoxOSMzOTUwMzM3OA==;sn=39503378",
        "Transfer-Encoding": "chunked",
        "x-ms-correlation-request-id": "59ff5718-f91f-4857-98bf-ace67f13eec9",
        "x-ms-request-id": "59ff5718-f91f-4857-98bf-ace67f13eec9"
      },
      "ResponseBody": {
        "etag": "3SEbQW6dsgcRBwQwZXoMZjZIWToYPnc7f6Dk84dGP6U",
        "name": "snapshot-1693239929310",
        "status": "archived",
        "filters": [
          {
            "key": "key1-1693239929310",
            "label": "label1"
          }
        ],
        "composition_type": "key",
        "created": "2023-08-28T16:25:29\u002B00:00",
        "expires": "2023-09-27T16:25:43\u002B00:00",
        "size": 1000,
        "items_count": 1,
        "tags": {},
        "retention_period": 2592000
      }
    },
    {
      "RequestUri": "https://myappconfig.azconfig.io/snapshots/snapshot-1693239943664?api-version=2022-11-01-preview",
      "RequestMethod": "PATCH",
      "RequestHeaders": {
        "Accept": "application/vnd.microsoft.appconfig.snapshot\u002Bjson, application/problem\u002Bjson",
        "Accept-Encoding": "gzip, deflate, br",
        "Accept-Language": "en-US",
        "Authorization": "Sanitized",
        "Connection": "keep-alive",
        "Content-Length": "21",
        "Content-Type": "application/json",
        "Origin": "http://localhost:9876",
        "Referer": "http://localhost:9876/",
        "sec-ch-ua": "",
        "sec-ch-ua-mobile": "?0",
        "sec-ch-ua-platform": "\u0022\u0022",
        "Sec-Fetch-Dest": "empty",
        "Sec-Fetch-Mode": "cors",
        "Sec-Fetch-Site": "same-site",
        "sync-token": "zAJw6V16=MzoxOSMzOTUwMzM3OA==",
        "User-Agent": "Mozilla/5.0 (X11; Linux x86_64) AppleWebKit/537.36 (KHTML, like Gecko) HeadlessChrome/112.0.5614.0 Safari/537.36",
        "x-ms-client-request-id": "e6fe2768-002b-4056-8507-3e8131904ace",
        "x-ms-content-sha256": "tynngJHjE7uDMwpGVh1hcULF0zuJfLFECY9VxlHWIWo=",
        "x-ms-date": "Mon, 25 Sep 2023 16:39:15 GMT",
        "x-ms-useragent": "azsdk-js-app-configuration/1.5.0-beta.2 core-rest-pipeline/1.12.2 OS"
      },
      "RequestBody": {
        "status": "archived"
      },
      "StatusCode": 200,
      "ResponseHeaders": {
        "Access-Control-Allow-Credentials": "true",
        "Access-Control-Allow-Origin": "*",
        "Access-Control-Expose-Headers": "Keep-Alive, Cache-Control, Content-Type, x-ms-client-request-id, Date, Sync-Token, x-ms-correlation-request-id, ETag, Last-Modified, Link, Memento-Datetime, retry-after-ms, x-ms-request-id, WWW-Authenticate, Operation-Location, Retry-After",
        "Connection": "keep-alive",
        "Content-Type": "application/vnd.microsoft.appconfig.snapshot\u002Bjson; charset=utf-8",
        "Date": "Mon, 25 Sep 2023 16:39:15 GMT",
        "ETag": "\u00221N9LSrvd6B4Wa4PX8kfmQcrBRWpeJN06Ip-QFOO6nP0\u0022",
        "Last-Modified": "Mon, 28 Aug 2023 16:25:45 GMT",
        "Link": "\u003C/kv?snapshot=snapshot-1693239943664\u0026api-version=2022-11-01-preview\u003E; rel=\u0022items\u0022",
        "Strict-Transport-Security": "max-age=15724800; includeSubDomains",
        "Sync-Token": "zAJw6V16=MzoxOSMzOTUwMzM3OA==;sn=39503378",
        "Transfer-Encoding": "chunked",
        "x-ms-correlation-request-id": "135ff871-f821-43c2-b1f7-b3c54a0c978d",
        "x-ms-request-id": "135ff871-f821-43c2-b1f7-b3c54a0c978d"
      },
      "ResponseBody": {
        "etag": "1N9LSrvd6B4Wa4PX8kfmQcrBRWpeJN06Ip-QFOO6nP0",
        "name": "snapshot-1693239943664",
        "status": "archived",
        "filters": [
          {
            "key": "key1-1693239943664",
            "label": "label1"
          }
        ],
        "composition_type": "key",
        "created": "2023-08-28T16:25:45\u002B00:00",
        "expires": "2023-09-27T16:26:20\u002B00:00",
        "size": 1000,
        "items_count": 1,
        "tags": {},
        "retention_period": 2592000
      }
    },
    {
      "RequestUri": "https://myappconfig.azconfig.io/snapshots/snapshot-1693239958501?api-version=2022-11-01-preview",
      "RequestMethod": "PATCH",
      "RequestHeaders": {
        "Accept": "application/vnd.microsoft.appconfig.snapshot\u002Bjson, application/problem\u002Bjson",
        "Accept-Encoding": "gzip, deflate, br",
        "Accept-Language": "en-US",
        "Authorization": "Sanitized",
        "Connection": "keep-alive",
        "Content-Length": "21",
        "Content-Type": "application/json",
        "Origin": "http://localhost:9876",
        "Referer": "http://localhost:9876/",
        "sec-ch-ua": "",
        "sec-ch-ua-mobile": "?0",
        "sec-ch-ua-platform": "\u0022\u0022",
        "Sec-Fetch-Dest": "empty",
        "Sec-Fetch-Mode": "cors",
        "Sec-Fetch-Site": "same-site",
        "sync-token": "zAJw6V16=MzoxOSMzOTUwMzM3OA==",
        "User-Agent": "Mozilla/5.0 (X11; Linux x86_64) AppleWebKit/537.36 (KHTML, like Gecko) HeadlessChrome/112.0.5614.0 Safari/537.36",
        "x-ms-client-request-id": "3ab83da7-d663-4a86-aa18-b401bc9cee2b",
        "x-ms-content-sha256": "tynngJHjE7uDMwpGVh1hcULF0zuJfLFECY9VxlHWIWo=",
        "x-ms-date": "Mon, 25 Sep 2023 16:39:15 GMT",
        "x-ms-useragent": "azsdk-js-app-configuration/1.5.0-beta.2 core-rest-pipeline/1.12.2 OS"
      },
      "RequestBody": {
        "status": "archived"
      },
      "StatusCode": 200,
      "ResponseHeaders": {
        "Access-Control-Allow-Credentials": "true",
        "Access-Control-Allow-Origin": "*",
        "Access-Control-Expose-Headers": "Keep-Alive, Cache-Control, Content-Type, x-ms-client-request-id, Date, Sync-Token, x-ms-correlation-request-id, ETag, Last-Modified, Link, Memento-Datetime, retry-after-ms, x-ms-request-id, WWW-Authenticate, Operation-Location, Retry-After",
        "Connection": "keep-alive",
        "Content-Type": "application/vnd.microsoft.appconfig.snapshot\u002Bjson; charset=utf-8",
        "Date": "Mon, 25 Sep 2023 16:39:16 GMT",
        "ETag": "\u0022UU4BE22jiprhkOueahmHMzs5hlAEe3NR7UucKIi6DS8\u0022",
        "Last-Modified": "Mon, 28 Aug 2023 16:25:58 GMT",
        "Link": "\u003C/kv?snapshot=snapshot-1693239958501\u0026api-version=2022-11-01-preview\u003E; rel=\u0022items\u0022",
        "Strict-Transport-Security": "max-age=15724800; includeSubDomains",
        "Sync-Token": "zAJw6V16=MzoxOSMzOTUwMzM3OA==;sn=39503378",
        "Transfer-Encoding": "chunked",
        "x-ms-correlation-request-id": "8d5d23e4-0839-47a7-9ef0-483ed431a828",
        "x-ms-request-id": "8d5d23e4-0839-47a7-9ef0-483ed431a828"
      },
      "ResponseBody": {
        "etag": "UU4BE22jiprhkOueahmHMzs5hlAEe3NR7UucKIi6DS8",
        "name": "snapshot-1693239958501",
        "status": "archived",
        "filters": [
          {
            "key": "key1-1693239943664",
            "label": "label1"
          },
          {
            "key": "key2-1693239943664",
            "label": "label2"
          }
        ],
        "composition_type": "key",
        "created": "2023-08-28T16:25:58\u002B00:00",
        "expires": "2023-09-27T16:26:21\u002B00:00",
        "size": 1000,
        "items_count": 2,
        "tags": {},
        "retention_period": 2592000
      }
    },
    {
      "RequestUri": "https://myappconfig.azconfig.io/snapshots/snapshot-1693240242187?api-version=2022-11-01-preview",
      "RequestMethod": "PATCH",
      "RequestHeaders": {
        "Accept": "application/vnd.microsoft.appconfig.snapshot\u002Bjson, application/problem\u002Bjson",
        "Accept-Encoding": "gzip, deflate, br",
        "Accept-Language": "en-US",
        "Authorization": "Sanitized",
        "Connection": "keep-alive",
        "Content-Length": "21",
        "Content-Type": "application/json",
        "Origin": "http://localhost:9876",
        "Referer": "http://localhost:9876/",
        "sec-ch-ua": "",
        "sec-ch-ua-mobile": "?0",
        "sec-ch-ua-platform": "\u0022\u0022",
        "Sec-Fetch-Dest": "empty",
        "Sec-Fetch-Mode": "cors",
        "Sec-Fetch-Site": "same-site",
        "sync-token": "zAJw6V16=MzoxOSMzOTUwMzM3OA==",
        "User-Agent": "Mozilla/5.0 (X11; Linux x86_64) AppleWebKit/537.36 (KHTML, like Gecko) HeadlessChrome/112.0.5614.0 Safari/537.36",
        "x-ms-client-request-id": "00ef444a-d0b0-4230-9eda-c41a6f35a860",
        "x-ms-content-sha256": "tynngJHjE7uDMwpGVh1hcULF0zuJfLFECY9VxlHWIWo=",
        "x-ms-date": "Mon, 25 Sep 2023 16:39:16 GMT",
        "x-ms-useragent": "azsdk-js-app-configuration/1.5.0-beta.2 core-rest-pipeline/1.12.2 OS"
      },
      "RequestBody": {
        "status": "archived"
      },
      "StatusCode": 200,
      "ResponseHeaders": {
        "Access-Control-Allow-Credentials": "true",
        "Access-Control-Allow-Origin": "*",
        "Access-Control-Expose-Headers": "Keep-Alive, Cache-Control, Content-Type, x-ms-client-request-id, Date, Sync-Token, x-ms-correlation-request-id, ETag, Last-Modified, Link, Memento-Datetime, retry-after-ms, x-ms-request-id, WWW-Authenticate, Operation-Location, Retry-After",
        "Connection": "keep-alive",
        "Content-Type": "application/vnd.microsoft.appconfig.snapshot\u002Bjson; charset=utf-8",
        "Date": "Mon, 25 Sep 2023 16:39:16 GMT",
        "ETag": "\u0022tT62AQNn2ovL-i8bOimqNAwMxPklmsPsZ1aXMGmm05A\u0022",
        "Last-Modified": "Mon, 28 Aug 2023 16:30:42 GMT",
        "Link": "\u003C/kv?snapshot=snapshot-1693240242187\u0026api-version=2022-11-01-preview\u003E; rel=\u0022items\u0022",
        "Strict-Transport-Security": "max-age=15724800; includeSubDomains",
        "Sync-Token": "zAJw6V16=MzoxOSMzOTUwMzM3OA==;sn=39503378",
        "Transfer-Encoding": "chunked",
        "x-ms-correlation-request-id": "a27b91d9-81b9-49c3-9296-a3c643bbdb26",
        "x-ms-request-id": "a27b91d9-81b9-49c3-9296-a3c643bbdb26"
      },
      "ResponseBody": {
        "etag": "tT62AQNn2ovL-i8bOimqNAwMxPklmsPsZ1aXMGmm05A",
        "name": "snapshot-1693240242187",
        "status": "archived",
        "filters": [
          {
            "key": "key1-1693240242187",
            "label": "label1"
          }
        ],
        "composition_type": "key",
        "created": "2023-08-28T16:30:42\u002B00:00",
        "expires": "2023-09-27T16:30:53\u002B00:00",
        "size": 1000,
        "items_count": 1,
        "tags": {},
        "retention_period": 2592000
      }
    },
    {
      "RequestUri": "https://myappconfig.azconfig.io/snapshots/snapshot-1693240253720?api-version=2022-11-01-preview",
      "RequestMethod": "PATCH",
      "RequestHeaders": {
        "Accept": "application/vnd.microsoft.appconfig.snapshot\u002Bjson, application/problem\u002Bjson",
        "Accept-Encoding": "gzip, deflate, br",
        "Accept-Language": "en-US",
        "Authorization": "Sanitized",
        "Connection": "keep-alive",
        "Content-Length": "21",
        "Content-Type": "application/json",
        "Origin": "http://localhost:9876",
        "Referer": "http://localhost:9876/",
        "sec-ch-ua": "",
        "sec-ch-ua-mobile": "?0",
        "sec-ch-ua-platform": "\u0022\u0022",
        "Sec-Fetch-Dest": "empty",
        "Sec-Fetch-Mode": "cors",
        "Sec-Fetch-Site": "same-site",
        "sync-token": "zAJw6V16=MzoxOSMzOTUwMzM3OA==",
        "User-Agent": "Mozilla/5.0 (X11; Linux x86_64) AppleWebKit/537.36 (KHTML, like Gecko) HeadlessChrome/112.0.5614.0 Safari/537.36",
        "x-ms-client-request-id": "fe0588b4-ede9-4f12-b2a5-f9e1eebd425d",
        "x-ms-content-sha256": "tynngJHjE7uDMwpGVh1hcULF0zuJfLFECY9VxlHWIWo=",
        "x-ms-date": "Mon, 25 Sep 2023 16:39:16 GMT",
        "x-ms-useragent": "azsdk-js-app-configuration/1.5.0-beta.2 core-rest-pipeline/1.12.2 OS"
      },
      "RequestBody": {
        "status": "archived"
      },
      "StatusCode": 200,
      "ResponseHeaders": {
        "Access-Control-Allow-Credentials": "true",
        "Access-Control-Allow-Origin": "*",
        "Access-Control-Expose-Headers": "Keep-Alive, Cache-Control, Content-Type, x-ms-client-request-id, Date, Sync-Token, x-ms-correlation-request-id, ETag, Last-Modified, Link, Memento-Datetime, retry-after-ms, x-ms-request-id, WWW-Authenticate, Operation-Location, Retry-After",
        "Connection": "keep-alive",
        "Content-Type": "application/vnd.microsoft.appconfig.snapshot\u002Bjson; charset=utf-8",
        "Date": "Mon, 25 Sep 2023 16:39:16 GMT",
        "ETag": "\u00227u73HPYbskqn5aLDftZsiAngSZkb8880d7QntWXn9Wo\u0022",
        "Last-Modified": "Mon, 28 Aug 2023 16:30:53 GMT",
        "Link": "\u003C/kv?snapshot=snapshot-1693240253720\u0026api-version=2022-11-01-preview\u003E; rel=\u0022items\u0022",
        "Strict-Transport-Security": "max-age=15724800; includeSubDomains",
        "Sync-Token": "zAJw6V16=MzoxOSMzOTUwMzM3OA==;sn=39503378",
        "Transfer-Encoding": "chunked",
        "x-ms-correlation-request-id": "00586b0a-7de0-482a-91c5-e9d4b0483044",
        "x-ms-request-id": "00586b0a-7de0-482a-91c5-e9d4b0483044"
      },
      "ResponseBody": {
        "etag": "7u73HPYbskqn5aLDftZsiAngSZkb8880d7QntWXn9Wo",
        "name": "snapshot-1693240253720",
        "status": "archived",
        "filters": [
          {
            "key": "key1-1693240253720",
            "label": "label1"
          }
        ],
        "composition_type": "key",
        "created": "2023-08-28T16:30:53\u002B00:00",
        "expires": "2023-09-27T16:31:04\u002B00:00",
        "size": 1000,
        "items_count": 1,
        "tags": {},
        "retention_period": 2592000
      }
    },
    {
      "RequestUri": "https://myappconfig.azconfig.io/snapshots/snapshot-1693240264776?api-version=2022-11-01-preview",
      "RequestMethod": "PATCH",
      "RequestHeaders": {
        "Accept": "application/vnd.microsoft.appconfig.snapshot\u002Bjson, application/problem\u002Bjson",
        "Accept-Encoding": "gzip, deflate, br",
        "Accept-Language": "en-US",
        "Authorization": "Sanitized",
        "Connection": "keep-alive",
        "Content-Length": "21",
        "Content-Type": "application/json",
        "Origin": "http://localhost:9876",
        "Referer": "http://localhost:9876/",
        "sec-ch-ua": "",
        "sec-ch-ua-mobile": "?0",
        "sec-ch-ua-platform": "\u0022\u0022",
        "Sec-Fetch-Dest": "empty",
        "Sec-Fetch-Mode": "cors",
        "Sec-Fetch-Site": "same-site",
        "sync-token": "zAJw6V16=MzoxOSMzOTUwMzM3OA==",
        "User-Agent": "Mozilla/5.0 (X11; Linux x86_64) AppleWebKit/537.36 (KHTML, like Gecko) HeadlessChrome/112.0.5614.0 Safari/537.36",
        "x-ms-client-request-id": "2e4e16b0-b0b0-4501-ab79-6d0094c1c1e5",
        "x-ms-content-sha256": "tynngJHjE7uDMwpGVh1hcULF0zuJfLFECY9VxlHWIWo=",
        "x-ms-date": "Mon, 25 Sep 2023 16:39:16 GMT",
        "x-ms-useragent": "azsdk-js-app-configuration/1.5.0-beta.2 core-rest-pipeline/1.12.2 OS"
      },
      "RequestBody": {
        "status": "archived"
      },
      "StatusCode": 200,
      "ResponseHeaders": {
        "Access-Control-Allow-Credentials": "true",
        "Access-Control-Allow-Origin": "*",
        "Access-Control-Expose-Headers": "Keep-Alive, Cache-Control, Content-Type, x-ms-client-request-id, Date, Sync-Token, x-ms-correlation-request-id, ETag, Last-Modified, Link, Memento-Datetime, retry-after-ms, x-ms-request-id, WWW-Authenticate, Operation-Location, Retry-After",
        "Connection": "keep-alive",
        "Content-Type": "application/vnd.microsoft.appconfig.snapshot\u002Bjson; charset=utf-8",
        "Date": "Mon, 25 Sep 2023 16:39:16 GMT",
        "ETag": "\u00227TcTgo5T7jFLSi9HvkQEjgm_TlwcZfF2oVKloD7W8EY\u0022",
        "Last-Modified": "Mon, 28 Aug 2023 16:31:04 GMT",
        "Link": "\u003C/kv?snapshot=snapshot-1693240264776\u0026api-version=2022-11-01-preview\u003E; rel=\u0022items\u0022",
        "Strict-Transport-Security": "max-age=15724800; includeSubDomains",
        "Sync-Token": "zAJw6V16=MzoxOSMzOTUwMzM3OA==;sn=39503378",
        "Transfer-Encoding": "chunked",
        "x-ms-correlation-request-id": "ce554a82-5c59-41dd-888b-923b3b46ad87",
        "x-ms-request-id": "ce554a82-5c59-41dd-888b-923b3b46ad87"
      },
      "ResponseBody": {
        "etag": "7TcTgo5T7jFLSi9HvkQEjgm_TlwcZfF2oVKloD7W8EY",
        "name": "snapshot-1693240264776",
        "status": "archived",
        "filters": [
          {
            "key": "key1-1693240264776",
            "label": "label1"
          }
        ],
        "composition_type": "key",
        "created": "2023-08-28T16:31:04\u002B00:00",
        "expires": "2023-09-27T16:31:25\u002B00:00",
        "size": 1000,
        "items_count": 1,
        "tags": {},
        "retention_period": 2592000
      }
    },
    {
      "RequestUri": "https://myappconfig.azconfig.io/snapshots/snapshot-1693240286159?api-version=2022-11-01-preview",
      "RequestMethod": "PATCH",
      "RequestHeaders": {
        "Accept": "application/vnd.microsoft.appconfig.snapshot\u002Bjson, application/problem\u002Bjson",
        "Accept-Encoding": "gzip, deflate, br",
        "Accept-Language": "en-US",
        "Authorization": "Sanitized",
        "Connection": "keep-alive",
        "Content-Length": "21",
        "Content-Type": "application/json",
        "Origin": "http://localhost:9876",
        "Referer": "http://localhost:9876/",
        "sec-ch-ua": "",
        "sec-ch-ua-mobile": "?0",
        "sec-ch-ua-platform": "\u0022\u0022",
        "Sec-Fetch-Dest": "empty",
        "Sec-Fetch-Mode": "cors",
        "Sec-Fetch-Site": "same-site",
        "sync-token": "zAJw6V16=MzoxOSMzOTUwMzM3OA==",
        "User-Agent": "Mozilla/5.0 (X11; Linux x86_64) AppleWebKit/537.36 (KHTML, like Gecko) HeadlessChrome/112.0.5614.0 Safari/537.36",
        "x-ms-client-request-id": "48236ed3-1cef-4012-99a6-4abd93899d4c",
        "x-ms-content-sha256": "tynngJHjE7uDMwpGVh1hcULF0zuJfLFECY9VxlHWIWo=",
        "x-ms-date": "Mon, 25 Sep 2023 16:39:16 GMT",
        "x-ms-useragent": "azsdk-js-app-configuration/1.5.0-beta.2 core-rest-pipeline/1.12.2 OS"
      },
      "RequestBody": {
        "status": "archived"
      },
      "StatusCode": 200,
      "ResponseHeaders": {
        "Access-Control-Allow-Credentials": "true",
        "Access-Control-Allow-Origin": "*",
        "Access-Control-Expose-Headers": "Keep-Alive, Cache-Control, Content-Type, x-ms-client-request-id, Date, Sync-Token, x-ms-correlation-request-id, ETag, Last-Modified, Link, Memento-Datetime, retry-after-ms, x-ms-request-id, WWW-Authenticate, Operation-Location, Retry-After",
        "Connection": "keep-alive",
        "Content-Type": "application/vnd.microsoft.appconfig.snapshot\u002Bjson; charset=utf-8",
        "Date": "Mon, 25 Sep 2023 16:39:16 GMT",
        "ETag": "\u0022UbZoU8K5SFx5DmK0Yi2Vu7jEnkTpefO-5gjI4MsAsU8\u0022",
        "Last-Modified": "Mon, 28 Aug 2023 16:31:26 GMT",
        "Link": "\u003C/kv?snapshot=snapshot-1693240286159\u0026api-version=2022-11-01-preview\u003E; rel=\u0022items\u0022",
        "Strict-Transport-Security": "max-age=15724800; includeSubDomains",
        "Sync-Token": "zAJw6V16=MzoxOSMzOTUwMzM3OA==;sn=39503378",
        "Transfer-Encoding": "chunked",
        "x-ms-correlation-request-id": "c81b30c9-0b63-4e94-88bc-33cbcdf502c8",
        "x-ms-request-id": "c81b30c9-0b63-4e94-88bc-33cbcdf502c8"
      },
      "ResponseBody": {
        "etag": "UbZoU8K5SFx5DmK0Yi2Vu7jEnkTpefO-5gjI4MsAsU8",
        "name": "snapshot-1693240286159",
        "status": "archived",
        "filters": [
          {
            "key": "key1-1693240286159",
            "label": "label1"
          }
        ],
        "composition_type": "key",
        "created": "2023-08-28T16:31:26\u002B00:00",
        "expires": "2023-09-27T16:31:46\u002B00:00",
        "size": 1000,
        "items_count": 1,
        "tags": {},
        "retention_period": 2592000
      }
    },
    {
      "RequestUri": "https://myappconfig.azconfig.io/snapshots/snapshot-1693240307081?api-version=2022-11-01-preview",
      "RequestMethod": "PATCH",
      "RequestHeaders": {
        "Accept": "application/vnd.microsoft.appconfig.snapshot\u002Bjson, application/problem\u002Bjson",
        "Accept-Encoding": "gzip, deflate, br",
        "Accept-Language": "en-US",
        "Authorization": "Sanitized",
        "Connection": "keep-alive",
        "Content-Length": "21",
        "Content-Type": "application/json",
        "Origin": "http://localhost:9876",
        "Referer": "http://localhost:9876/",
        "sec-ch-ua": "",
        "sec-ch-ua-mobile": "?0",
        "sec-ch-ua-platform": "\u0022\u0022",
        "Sec-Fetch-Dest": "empty",
        "Sec-Fetch-Mode": "cors",
        "Sec-Fetch-Site": "same-site",
        "sync-token": "zAJw6V16=MzoxOSMzOTUwMzM3OA==",
        "User-Agent": "Mozilla/5.0 (X11; Linux x86_64) AppleWebKit/537.36 (KHTML, like Gecko) HeadlessChrome/112.0.5614.0 Safari/537.36",
        "x-ms-client-request-id": "1dfeaa52-b792-4a99-99d8-7f1d2f945cc7",
        "x-ms-content-sha256": "tynngJHjE7uDMwpGVh1hcULF0zuJfLFECY9VxlHWIWo=",
        "x-ms-date": "Mon, 25 Sep 2023 16:39:16 GMT",
        "x-ms-useragent": "azsdk-js-app-configuration/1.5.0-beta.2 core-rest-pipeline/1.12.2 OS"
      },
      "RequestBody": {
        "status": "archived"
      },
      "StatusCode": 200,
      "ResponseHeaders": {
        "Access-Control-Allow-Credentials": "true",
        "Access-Control-Allow-Origin": "*",
        "Access-Control-Expose-Headers": "Keep-Alive, Cache-Control, Content-Type, x-ms-client-request-id, Date, Sync-Token, x-ms-correlation-request-id, ETag, Last-Modified, Link, Memento-Datetime, retry-after-ms, x-ms-request-id, WWW-Authenticate, Operation-Location, Retry-After",
        "Connection": "keep-alive",
        "Content-Type": "application/vnd.microsoft.appconfig.snapshot\u002Bjson; charset=utf-8",
        "Date": "Mon, 25 Sep 2023 16:39:16 GMT",
        "ETag": "\u0022w_6OJj56Xz9390tigU2mEHKiLfubqzo4_pm8dVviUAQ\u0022",
        "Last-Modified": "Mon, 28 Aug 2023 16:31:47 GMT",
        "Link": "\u003C/kv?snapshot=snapshot-1693240307081\u0026api-version=2022-11-01-preview\u003E; rel=\u0022items\u0022",
        "Strict-Transport-Security": "max-age=15724800; includeSubDomains",
        "Sync-Token": "zAJw6V16=MzoxOSMzOTUwMzM3OA==;sn=39503378",
        "Transfer-Encoding": "chunked",
        "x-ms-correlation-request-id": "0683302e-d291-4a92-9191-1055bf9067e7",
        "x-ms-request-id": "0683302e-d291-4a92-9191-1055bf9067e7"
      },
      "ResponseBody": {
        "etag": "w_6OJj56Xz9390tigU2mEHKiLfubqzo4_pm8dVviUAQ",
        "name": "snapshot-1693240307081",
        "status": "archived",
        "filters": [
          {
            "key": "key1-1693240307081",
            "label": "label1"
          }
        ],
        "composition_type": "key",
        "created": "2023-08-28T16:31:47\u002B00:00",
        "expires": "2023-09-27T16:32:07\u002B00:00",
        "size": 1000,
        "items_count": 1,
        "tags": {},
        "retention_period": 2592000
      }
    },
    {
      "RequestUri": "https://myappconfig.azconfig.io/snapshots/snapshot-1693240328100?api-version=2022-11-01-preview",
      "RequestMethod": "PATCH",
      "RequestHeaders": {
        "Accept": "application/vnd.microsoft.appconfig.snapshot\u002Bjson, application/problem\u002Bjson",
        "Accept-Encoding": "gzip, deflate, br",
        "Accept-Language": "en-US",
        "Authorization": "Sanitized",
        "Connection": "keep-alive",
        "Content-Length": "21",
        "Content-Type": "application/json",
        "Origin": "http://localhost:9876",
        "Referer": "http://localhost:9876/",
        "sec-ch-ua": "",
        "sec-ch-ua-mobile": "?0",
        "sec-ch-ua-platform": "\u0022\u0022",
        "Sec-Fetch-Dest": "empty",
        "Sec-Fetch-Mode": "cors",
        "Sec-Fetch-Site": "same-site",
        "sync-token": "zAJw6V16=MzoxOSMzOTUwMzM3OA==",
        "User-Agent": "Mozilla/5.0 (X11; Linux x86_64) AppleWebKit/537.36 (KHTML, like Gecko) HeadlessChrome/112.0.5614.0 Safari/537.36",
        "x-ms-client-request-id": "c0a6f084-f695-4a79-9309-0e1a5c0b2e3b",
        "x-ms-content-sha256": "tynngJHjE7uDMwpGVh1hcULF0zuJfLFECY9VxlHWIWo=",
        "x-ms-date": "Mon, 25 Sep 2023 16:39:16 GMT",
        "x-ms-useragent": "azsdk-js-app-configuration/1.5.0-beta.2 core-rest-pipeline/1.12.2 OS"
      },
      "RequestBody": {
        "status": "archived"
      },
      "StatusCode": 200,
      "ResponseHeaders": {
        "Access-Control-Allow-Credentials": "true",
        "Access-Control-Allow-Origin": "*",
        "Access-Control-Expose-Headers": "Keep-Alive, Cache-Control, Content-Type, x-ms-client-request-id, Date, Sync-Token, x-ms-correlation-request-id, ETag, Last-Modified, Link, Memento-Datetime, retry-after-ms, x-ms-request-id, WWW-Authenticate, Operation-Location, Retry-After",
        "Connection": "keep-alive",
        "Content-Type": "application/vnd.microsoft.appconfig.snapshot\u002Bjson; charset=utf-8",
        "Date": "Mon, 25 Sep 2023 16:39:16 GMT",
        "ETag": "\u0022Ukl6wn9mfXXsxKVljXsmKvJxdSg5G_scAuCPOBQh4SE\u0022",
        "Last-Modified": "Mon, 28 Aug 2023 16:32:09 GMT",
        "Link": "\u003C/kv?snapshot=snapshot-1693240328100\u0026api-version=2022-11-01-preview\u003E; rel=\u0022items\u0022",
        "Strict-Transport-Security": "max-age=15724800; includeSubDomains",
        "Sync-Token": "zAJw6V16=MzoxOSMzOTUwMzM3OA==;sn=39503378",
        "Transfer-Encoding": "chunked",
        "x-ms-correlation-request-id": "23195882-51b8-4546-8c64-ce241845d901",
        "x-ms-request-id": "23195882-51b8-4546-8c64-ce241845d901"
      },
      "ResponseBody": {
        "etag": "Ukl6wn9mfXXsxKVljXsmKvJxdSg5G_scAuCPOBQh4SE",
        "name": "snapshot-1693240328100",
        "status": "archived",
        "filters": [
          {
            "key": "key1-1693240328100",
            "label": "label1"
          }
        ],
        "composition_type": "key",
        "created": "2023-08-28T16:32:09\u002B00:00",
        "expires": "2023-09-27T16:32:40\u002B00:00",
        "size": 1000,
        "items_count": 1,
        "tags": {},
        "retention_period": 2592000
      }
    },
    {
      "RequestUri": "https://myappconfig.azconfig.io/snapshots/snapshot-1693240339858?api-version=2022-11-01-preview",
      "RequestMethod": "PATCH",
      "RequestHeaders": {
        "Accept": "application/vnd.microsoft.appconfig.snapshot\u002Bjson, application/problem\u002Bjson",
        "Accept-Encoding": "gzip, deflate, br",
        "Accept-Language": "en-US",
        "Authorization": "Sanitized",
        "Connection": "keep-alive",
        "Content-Length": "21",
        "Content-Type": "application/json",
        "Origin": "http://localhost:9876",
        "Referer": "http://localhost:9876/",
        "sec-ch-ua": "",
        "sec-ch-ua-mobile": "?0",
        "sec-ch-ua-platform": "\u0022\u0022",
        "Sec-Fetch-Dest": "empty",
        "Sec-Fetch-Mode": "cors",
        "Sec-Fetch-Site": "same-site",
        "sync-token": "zAJw6V16=MzoxOSMzOTUwMzM3OA==",
        "User-Agent": "Mozilla/5.0 (X11; Linux x86_64) AppleWebKit/537.36 (KHTML, like Gecko) HeadlessChrome/112.0.5614.0 Safari/537.36",
        "x-ms-client-request-id": "b0224046-2bde-45e2-b762-09afbe9f6709",
        "x-ms-content-sha256": "tynngJHjE7uDMwpGVh1hcULF0zuJfLFECY9VxlHWIWo=",
        "x-ms-date": "Mon, 25 Sep 2023 16:39:16 GMT",
        "x-ms-useragent": "azsdk-js-app-configuration/1.5.0-beta.2 core-rest-pipeline/1.12.2 OS"
      },
      "RequestBody": {
        "status": "archived"
      },
      "StatusCode": 200,
      "ResponseHeaders": {
        "Access-Control-Allow-Credentials": "true",
        "Access-Control-Allow-Origin": "*",
        "Access-Control-Expose-Headers": "Keep-Alive, Cache-Control, Content-Type, x-ms-client-request-id, Date, Sync-Token, x-ms-correlation-request-id, ETag, Last-Modified, Link, Memento-Datetime, retry-after-ms, x-ms-request-id, WWW-Authenticate, Operation-Location, Retry-After",
        "Connection": "keep-alive",
        "Content-Type": "application/vnd.microsoft.appconfig.snapshot\u002Bjson; charset=utf-8",
        "Date": "Mon, 25 Sep 2023 16:39:16 GMT",
        "ETag": "\u0022jrqKqLZUCJvdG0zOiOm_iBAFyRNmq0a8owE2U8bp5wU\u0022",
        "Last-Modified": "Mon, 28 Aug 2023 16:32:19 GMT",
        "Link": "\u003C/kv?snapshot=snapshot-1693240339858\u0026api-version=2022-11-01-preview\u003E; rel=\u0022items\u0022",
        "Strict-Transport-Security": "max-age=15724800; includeSubDomains",
        "Sync-Token": "zAJw6V16=MzoxOSMzOTUwMzM3OA==;sn=39503378",
        "Transfer-Encoding": "chunked",
        "x-ms-correlation-request-id": "8ad30eb6-9846-40ef-aee7-4e04db547862",
        "x-ms-request-id": "8ad30eb6-9846-40ef-aee7-4e04db547862"
      },
      "ResponseBody": {
        "etag": "jrqKqLZUCJvdG0zOiOm_iBAFyRNmq0a8owE2U8bp5wU",
        "name": "snapshot-1693240339858",
        "status": "archived",
        "filters": [
          {
            "key": "key1-1693240328100",
            "label": "label1"
          },
          {
            "key": "key2-1693240328100",
            "label": "label2"
          }
        ],
        "composition_type": "key",
        "created": "2023-08-28T16:32:19\u002B00:00",
        "expires": "2023-09-27T16:32:40\u002B00:00",
        "size": 1000,
        "items_count": 2,
        "tags": {},
        "retention_period": 2592000
      }
    },
    {
      "RequestUri": "https://myappconfig.azconfig.io/snapshots/snapshot-1693499539254?api-version=2022-11-01-preview",
      "RequestMethod": "PATCH",
      "RequestHeaders": {
        "Accept": "application/vnd.microsoft.appconfig.snapshot\u002Bjson, application/problem\u002Bjson",
        "Accept-Encoding": "gzip, deflate, br",
        "Accept-Language": "en-US",
        "Authorization": "Sanitized",
        "Connection": "keep-alive",
        "Content-Length": "21",
        "Content-Type": "application/json",
        "Origin": "http://localhost:9876",
        "Referer": "http://localhost:9876/",
        "sec-ch-ua": "",
        "sec-ch-ua-mobile": "?0",
        "sec-ch-ua-platform": "\u0022\u0022",
        "Sec-Fetch-Dest": "empty",
        "Sec-Fetch-Mode": "cors",
        "Sec-Fetch-Site": "same-site",
        "sync-token": "zAJw6V16=MzoxOSMzOTUwMzM3OA==",
        "User-Agent": "Mozilla/5.0 (X11; Linux x86_64) AppleWebKit/537.36 (KHTML, like Gecko) HeadlessChrome/112.0.5614.0 Safari/537.36",
        "x-ms-client-request-id": "b34ef3bc-1e95-40af-961d-33810a919069",
        "x-ms-content-sha256": "tynngJHjE7uDMwpGVh1hcULF0zuJfLFECY9VxlHWIWo=",
        "x-ms-date": "Mon, 25 Sep 2023 16:39:16 GMT",
        "x-ms-useragent": "azsdk-js-app-configuration/1.5.0-beta.2 core-rest-pipeline/1.12.2 OS"
      },
      "RequestBody": {
        "status": "archived"
      },
      "StatusCode": 200,
      "ResponseHeaders": {
        "Access-Control-Allow-Credentials": "true",
        "Access-Control-Allow-Origin": "*",
        "Access-Control-Expose-Headers": "Keep-Alive, Cache-Control, Content-Type, x-ms-client-request-id, Date, Sync-Token, x-ms-correlation-request-id, ETag, Last-Modified, Link, Memento-Datetime, retry-after-ms, x-ms-request-id, WWW-Authenticate, Operation-Location, Retry-After",
        "Connection": "keep-alive",
        "Content-Type": "application/vnd.microsoft.appconfig.snapshot\u002Bjson; charset=utf-8",
        "Date": "Mon, 25 Sep 2023 16:39:16 GMT",
        "ETag": "\u0022_21DHJuo0_Nmmd2DYxRRzmYBRSjf2ucPbQ-YDLbQsQo\u0022",
        "Last-Modified": "Thu, 31 Aug 2023 16:32:19 GMT",
        "Link": "\u003C/kv?snapshot=snapshot-1693499539254\u0026api-version=2022-11-01-preview\u003E; rel=\u0022items\u0022",
        "Strict-Transport-Security": "max-age=15724800; includeSubDomains",
        "Sync-Token": "zAJw6V16=MzoxOSMzOTUwMzM3OA==;sn=39503378",
        "Transfer-Encoding": "chunked",
        "x-ms-correlation-request-id": "2cccca62-5728-4237-bf69-a8af6a55770f",
        "x-ms-request-id": "2cccca62-5728-4237-bf69-a8af6a55770f"
      },
      "ResponseBody": {
        "etag": "_21DHJuo0_Nmmd2DYxRRzmYBRSjf2ucPbQ-YDLbQsQo",
        "name": "snapshot-1693499539254",
        "status": "archived",
        "filters": [
          {
            "key": "key1-1693499539254",
            "label": "label1"
          }
        ],
        "composition_type": "key",
        "created": "2023-08-31T16:32:19\u002B00:00",
        "expires": "2023-09-30T16:32:40\u002B00:00",
        "size": 1000,
        "items_count": 1,
        "tags": {},
        "retention_period": 2592000
      }
    },
    {
      "RequestUri": "https://myappconfig.azconfig.io/snapshots/snapshot-1693499560468?api-version=2022-11-01-preview",
      "RequestMethod": "PATCH",
      "RequestHeaders": {
        "Accept": "application/vnd.microsoft.appconfig.snapshot\u002Bjson, application/problem\u002Bjson",
        "Accept-Encoding": "gzip, deflate, br",
        "Accept-Language": "en-US",
        "Authorization": "Sanitized",
        "Connection": "keep-alive",
        "Content-Length": "21",
        "Content-Type": "application/json",
        "Origin": "http://localhost:9876",
        "Referer": "http://localhost:9876/",
        "sec-ch-ua": "",
        "sec-ch-ua-mobile": "?0",
        "sec-ch-ua-platform": "\u0022\u0022",
        "Sec-Fetch-Dest": "empty",
        "Sec-Fetch-Mode": "cors",
        "Sec-Fetch-Site": "same-site",
        "sync-token": "zAJw6V16=MzoxOSMzOTUwMzM3OA==",
        "User-Agent": "Mozilla/5.0 (X11; Linux x86_64) AppleWebKit/537.36 (KHTML, like Gecko) HeadlessChrome/112.0.5614.0 Safari/537.36",
        "x-ms-client-request-id": "35ce7949-8743-4edf-b628-e5c138792cdc",
        "x-ms-content-sha256": "tynngJHjE7uDMwpGVh1hcULF0zuJfLFECY9VxlHWIWo=",
        "x-ms-date": "Mon, 25 Sep 2023 16:39:16 GMT",
        "x-ms-useragent": "azsdk-js-app-configuration/1.5.0-beta.2 core-rest-pipeline/1.12.2 OS"
      },
      "RequestBody": {
        "status": "archived"
      },
      "StatusCode": 200,
      "ResponseHeaders": {
        "Access-Control-Allow-Credentials": "true",
        "Access-Control-Allow-Origin": "*",
        "Access-Control-Expose-Headers": "Keep-Alive, Cache-Control, Content-Type, x-ms-client-request-id, Date, Sync-Token, x-ms-correlation-request-id, ETag, Last-Modified, Link, Memento-Datetime, retry-after-ms, x-ms-request-id, WWW-Authenticate, Operation-Location, Retry-After",
        "Connection": "keep-alive",
        "Content-Type": "application/vnd.microsoft.appconfig.snapshot\u002Bjson; charset=utf-8",
        "Date": "Mon, 25 Sep 2023 16:39:16 GMT",
        "ETag": "\u0022s76OsWwOatlrBSySfuK2KQLfZ8ru6GshQm7hIomiypU\u0022",
        "Last-Modified": "Thu, 31 Aug 2023 16:32:40 GMT",
        "Link": "\u003C/kv?snapshot=snapshot-1693499560468\u0026api-version=2022-11-01-preview\u003E; rel=\u0022items\u0022",
        "Strict-Transport-Security": "max-age=15724800; includeSubDomains",
        "Sync-Token": "zAJw6V16=MzoxOSMzOTUwMzM3OA==;sn=39503378",
        "Transfer-Encoding": "chunked",
        "x-ms-correlation-request-id": "d02cc816-b3b4-45c2-9583-1a49b97b0a50",
        "x-ms-request-id": "d02cc816-b3b4-45c2-9583-1a49b97b0a50"
      },
      "ResponseBody": {
        "etag": "s76OsWwOatlrBSySfuK2KQLfZ8ru6GshQm7hIomiypU",
        "name": "snapshot-1693499560468",
        "status": "archived",
        "filters": [
          {
            "key": "key1-1693499560468",
            "label": "label1"
          }
        ],
        "composition_type": "key",
        "created": "2023-08-31T16:32:40\u002B00:00",
        "expires": "2023-09-30T16:32:51\u002B00:00",
        "size": 1000,
        "items_count": 1,
        "tags": {},
        "retention_period": 2592000
      }
    },
    {
      "RequestUri": "https://myappconfig.azconfig.io/snapshots/snapshot-1693499571450?api-version=2022-11-01-preview",
      "RequestMethod": "PATCH",
      "RequestHeaders": {
        "Accept": "application/vnd.microsoft.appconfig.snapshot\u002Bjson, application/problem\u002Bjson",
        "Accept-Encoding": "gzip, deflate, br",
        "Accept-Language": "en-US",
        "Authorization": "Sanitized",
        "Connection": "keep-alive",
        "Content-Length": "21",
        "Content-Type": "application/json",
        "Origin": "http://localhost:9876",
        "Referer": "http://localhost:9876/",
        "sec-ch-ua": "",
        "sec-ch-ua-mobile": "?0",
        "sec-ch-ua-platform": "\u0022\u0022",
        "Sec-Fetch-Dest": "empty",
        "Sec-Fetch-Mode": "cors",
        "Sec-Fetch-Site": "same-site",
        "sync-token": "zAJw6V16=MzoxOSMzOTUwMzM3OA==",
        "User-Agent": "Mozilla/5.0 (X11; Linux x86_64) AppleWebKit/537.36 (KHTML, like Gecko) HeadlessChrome/112.0.5614.0 Safari/537.36",
        "x-ms-client-request-id": "e18a044f-d15a-45b0-be73-9068ac28fd51",
        "x-ms-content-sha256": "tynngJHjE7uDMwpGVh1hcULF0zuJfLFECY9VxlHWIWo=",
        "x-ms-date": "Mon, 25 Sep 2023 16:39:16 GMT",
        "x-ms-useragent": "azsdk-js-app-configuration/1.5.0-beta.2 core-rest-pipeline/1.12.2 OS"
      },
      "RequestBody": {
        "status": "archived"
      },
      "StatusCode": 200,
      "ResponseHeaders": {
        "Access-Control-Allow-Credentials": "true",
        "Access-Control-Allow-Origin": "*",
        "Access-Control-Expose-Headers": "Keep-Alive, Cache-Control, Content-Type, x-ms-client-request-id, Date, Sync-Token, x-ms-correlation-request-id, ETag, Last-Modified, Link, Memento-Datetime, retry-after-ms, x-ms-request-id, WWW-Authenticate, Operation-Location, Retry-After",
        "Connection": "keep-alive",
        "Content-Type": "application/vnd.microsoft.appconfig.snapshot\u002Bjson; charset=utf-8",
        "Date": "Mon, 25 Sep 2023 16:39:16 GMT",
        "ETag": "\u0022iL4YXB6duEp4nVzixt1fToJ61o9-Wek5AucV8lbH3kc\u0022",
        "Last-Modified": "Thu, 31 Aug 2023 16:32:51 GMT",
        "Link": "\u003C/kv?snapshot=snapshot-1693499571450\u0026api-version=2022-11-01-preview\u003E; rel=\u0022items\u0022",
        "Strict-Transport-Security": "max-age=15724800; includeSubDomains",
        "Sync-Token": "zAJw6V16=MzoxOSMzOTUwMzM3OA==;sn=39503378",
        "Transfer-Encoding": "chunked",
        "x-ms-correlation-request-id": "7936f9ea-fe92-427e-87cc-f19fce2ce31d",
        "x-ms-request-id": "7936f9ea-fe92-427e-87cc-f19fce2ce31d"
      },
      "ResponseBody": {
        "etag": "iL4YXB6duEp4nVzixt1fToJ61o9-Wek5AucV8lbH3kc",
        "name": "snapshot-1693499571450",
        "status": "archived",
        "filters": [
          {
            "key": "key1-1693499571450",
            "label": "label1"
          }
        ],
        "composition_type": "key",
        "created": "2023-08-31T16:32:51\u002B00:00",
        "expires": "2023-09-30T16:33:12\u002B00:00",
        "size": 1000,
        "items_count": 1,
        "tags": {},
        "retention_period": 2592000
      }
    },
    {
      "RequestUri": "https://myappconfig.azconfig.io/snapshots/snapshot-1693499592600?api-version=2022-11-01-preview",
      "RequestMethod": "PATCH",
      "RequestHeaders": {
        "Accept": "application/vnd.microsoft.appconfig.snapshot\u002Bjson, application/problem\u002Bjson",
        "Accept-Encoding": "gzip, deflate, br",
        "Accept-Language": "en-US",
        "Authorization": "Sanitized",
        "Connection": "keep-alive",
        "Content-Length": "21",
        "Content-Type": "application/json",
        "Origin": "http://localhost:9876",
        "Referer": "http://localhost:9876/",
        "sec-ch-ua": "",
        "sec-ch-ua-mobile": "?0",
        "sec-ch-ua-platform": "\u0022\u0022",
        "Sec-Fetch-Dest": "empty",
        "Sec-Fetch-Mode": "cors",
        "Sec-Fetch-Site": "same-site",
        "sync-token": "zAJw6V16=MzoxOSMzOTUwMzM3OA==",
        "User-Agent": "Mozilla/5.0 (X11; Linux x86_64) AppleWebKit/537.36 (KHTML, like Gecko) HeadlessChrome/112.0.5614.0 Safari/537.36",
        "x-ms-client-request-id": "c80f1016-a822-4b45-b6a2-1f992ac23e3f",
        "x-ms-content-sha256": "tynngJHjE7uDMwpGVh1hcULF0zuJfLFECY9VxlHWIWo=",
        "x-ms-date": "Mon, 25 Sep 2023 16:39:16 GMT",
        "x-ms-useragent": "azsdk-js-app-configuration/1.5.0-beta.2 core-rest-pipeline/1.12.2 OS"
      },
      "RequestBody": {
        "status": "archived"
      },
      "StatusCode": 200,
      "ResponseHeaders": {
        "Access-Control-Allow-Credentials": "true",
        "Access-Control-Allow-Origin": "*",
        "Access-Control-Expose-Headers": "Keep-Alive, Cache-Control, Content-Type, x-ms-client-request-id, Date, Sync-Token, x-ms-correlation-request-id, ETag, Last-Modified, Link, Memento-Datetime, retry-after-ms, x-ms-request-id, WWW-Authenticate, Operation-Location, Retry-After",
        "Connection": "keep-alive",
        "Content-Type": "application/vnd.microsoft.appconfig.snapshot\u002Bjson; charset=utf-8",
        "Date": "Mon, 25 Sep 2023 16:39:16 GMT",
        "ETag": "\u0022U1JQNgP-JKq1sDsSMG8LzKMYDK1hYIHwyT1cproLfXk\u0022",
        "Last-Modified": "Thu, 31 Aug 2023 16:33:12 GMT",
        "Link": "\u003C/kv?snapshot=snapshot-1693499592600\u0026api-version=2022-11-01-preview\u003E; rel=\u0022items\u0022",
        "Strict-Transport-Security": "max-age=15724800; includeSubDomains",
        "Sync-Token": "zAJw6V16=MzoxOSMzOTUwMzM3OA==;sn=39503378",
        "Transfer-Encoding": "chunked",
        "x-ms-correlation-request-id": "8f5d22d1-c0dc-4265-99d0-ff292ae718d6",
        "x-ms-request-id": "8f5d22d1-c0dc-4265-99d0-ff292ae718d6"
      },
      "ResponseBody": {
        "etag": "U1JQNgP-JKq1sDsSMG8LzKMYDK1hYIHwyT1cproLfXk",
        "name": "snapshot-1693499592600",
        "status": "archived",
        "filters": [
          {
            "key": "key1-1693499592600",
            "label": "label1"
          }
        ],
        "composition_type": "key",
        "created": "2023-08-31T16:33:12\u002B00:00",
        "expires": "2023-09-30T16:33:23\u002B00:00",
        "size": 1000,
        "items_count": 1,
        "tags": {},
        "retention_period": 2592000
      }
    },
    {
      "RequestUri": "https://myappconfig.azconfig.io/snapshots/snapshot-1693499603619?api-version=2022-11-01-preview",
      "RequestMethod": "PATCH",
      "RequestHeaders": {
        "Accept": "application/vnd.microsoft.appconfig.snapshot\u002Bjson, application/problem\u002Bjson",
        "Accept-Encoding": "gzip, deflate, br",
        "Accept-Language": "en-US",
        "Authorization": "Sanitized",
        "Connection": "keep-alive",
        "Content-Length": "21",
        "Content-Type": "application/json",
        "Origin": "http://localhost:9876",
        "Referer": "http://localhost:9876/",
        "sec-ch-ua": "",
        "sec-ch-ua-mobile": "?0",
        "sec-ch-ua-platform": "\u0022\u0022",
        "Sec-Fetch-Dest": "empty",
        "Sec-Fetch-Mode": "cors",
        "Sec-Fetch-Site": "same-site",
        "sync-token": "zAJw6V16=MzoxOSMzOTUwMzM3OA==",
        "User-Agent": "Mozilla/5.0 (X11; Linux x86_64) AppleWebKit/537.36 (KHTML, like Gecko) HeadlessChrome/112.0.5614.0 Safari/537.36",
        "x-ms-client-request-id": "efac43d0-c66f-4b37-b95f-2c69f66b71e4",
        "x-ms-content-sha256": "tynngJHjE7uDMwpGVh1hcULF0zuJfLFECY9VxlHWIWo=",
        "x-ms-date": "Mon, 25 Sep 2023 16:39:16 GMT",
        "x-ms-useragent": "azsdk-js-app-configuration/1.5.0-beta.2 core-rest-pipeline/1.12.2 OS"
      },
      "RequestBody": {
        "status": "archived"
      },
      "StatusCode": 200,
      "ResponseHeaders": {
        "Access-Control-Allow-Credentials": "true",
        "Access-Control-Allow-Origin": "*",
        "Access-Control-Expose-Headers": "Keep-Alive, Cache-Control, Content-Type, x-ms-client-request-id, Date, Sync-Token, x-ms-correlation-request-id, ETag, Last-Modified, Link, Memento-Datetime, retry-after-ms, x-ms-request-id, WWW-Authenticate, Operation-Location, Retry-After",
        "Connection": "keep-alive",
        "Content-Type": "application/vnd.microsoft.appconfig.snapshot\u002Bjson; charset=utf-8",
        "Date": "Mon, 25 Sep 2023 16:39:16 GMT",
        "ETag": "\u0022elWxzfWPAAobBT2PO0FYQHrL7OfBtDqQHblWflSAuzM\u0022",
        "Last-Modified": "Thu, 31 Aug 2023 16:33:23 GMT",
        "Link": "\u003C/kv?snapshot=snapshot-1693499603619\u0026api-version=2022-11-01-preview\u003E; rel=\u0022items\u0022",
        "Strict-Transport-Security": "max-age=15724800; includeSubDomains",
        "Sync-Token": "zAJw6V16=MzoxOSMzOTUwMzM3OA==;sn=39503378",
        "Transfer-Encoding": "chunked",
        "x-ms-correlation-request-id": "c86a428c-f8d1-4630-b0a6-2cecfec01a0d",
        "x-ms-request-id": "c86a428c-f8d1-4630-b0a6-2cecfec01a0d"
      },
      "ResponseBody": {
        "etag": "elWxzfWPAAobBT2PO0FYQHrL7OfBtDqQHblWflSAuzM",
        "name": "snapshot-1693499603619",
        "status": "archived",
        "filters": [
          {
            "key": "key1-1693499603619",
            "label": "label1"
          }
        ],
        "composition_type": "key",
        "created": "2023-08-31T16:33:23\u002B00:00",
        "expires": "2023-09-30T16:33:44\u002B00:00",
        "size": 1000,
        "items_count": 1,
        "tags": {},
        "retention_period": 2592000
      }
    },
    {
      "RequestUri": "https://myappconfig.azconfig.io/snapshots/snapshot-1693499624688?api-version=2022-11-01-preview",
      "RequestMethod": "PATCH",
      "RequestHeaders": {
        "Accept": "application/vnd.microsoft.appconfig.snapshot\u002Bjson, application/problem\u002Bjson",
        "Accept-Encoding": "gzip, deflate, br",
        "Accept-Language": "en-US",
        "Authorization": "Sanitized",
        "Connection": "keep-alive",
        "Content-Length": "21",
        "Content-Type": "application/json",
        "Origin": "http://localhost:9876",
        "Referer": "http://localhost:9876/",
        "sec-ch-ua": "",
        "sec-ch-ua-mobile": "?0",
        "sec-ch-ua-platform": "\u0022\u0022",
        "Sec-Fetch-Dest": "empty",
        "Sec-Fetch-Mode": "cors",
        "Sec-Fetch-Site": "same-site",
        "sync-token": "zAJw6V16=MzoxOSMzOTUwMzM3OA==",
        "User-Agent": "Mozilla/5.0 (X11; Linux x86_64) AppleWebKit/537.36 (KHTML, like Gecko) HeadlessChrome/112.0.5614.0 Safari/537.36",
        "x-ms-client-request-id": "afd02853-31ff-4c44-aeb6-7a3370d4148d",
        "x-ms-content-sha256": "tynngJHjE7uDMwpGVh1hcULF0zuJfLFECY9VxlHWIWo=",
        "x-ms-date": "Mon, 25 Sep 2023 16:39:16 GMT",
        "x-ms-useragent": "azsdk-js-app-configuration/1.5.0-beta.2 core-rest-pipeline/1.12.2 OS"
      },
      "RequestBody": {
        "status": "archived"
      },
      "StatusCode": 200,
      "ResponseHeaders": {
        "Access-Control-Allow-Credentials": "true",
        "Access-Control-Allow-Origin": "*",
        "Access-Control-Expose-Headers": "Keep-Alive, Cache-Control, Content-Type, x-ms-client-request-id, Date, Sync-Token, x-ms-correlation-request-id, ETag, Last-Modified, Link, Memento-Datetime, retry-after-ms, x-ms-request-id, WWW-Authenticate, Operation-Location, Retry-After",
        "Connection": "keep-alive",
        "Content-Type": "application/vnd.microsoft.appconfig.snapshot\u002Bjson; charset=utf-8",
        "Date": "Mon, 25 Sep 2023 16:39:17 GMT",
        "ETag": "\u0022iBYe8dEI16Di08lY0pNOnZMFp4OW0S9lrKEPD4358z8\u0022",
        "Last-Modified": "Thu, 31 Aug 2023 16:33:46 GMT",
        "Link": "\u003C/kv?snapshot=snapshot-1693499624688\u0026api-version=2022-11-01-preview\u003E; rel=\u0022items\u0022",
        "Strict-Transport-Security": "max-age=15724800; includeSubDomains",
        "Sync-Token": "zAJw6V16=MzoxOSMzOTUwMzM3OA==;sn=39503378",
        "Transfer-Encoding": "chunked",
        "x-ms-correlation-request-id": "36d95651-abab-439c-ba13-b9626c808f08",
        "x-ms-request-id": "36d95651-abab-439c-ba13-b9626c808f08"
      },
      "ResponseBody": {
        "etag": "iBYe8dEI16Di08lY0pNOnZMFp4OW0S9lrKEPD4358z8",
        "name": "snapshot-1693499624688",
        "status": "archived",
        "filters": [
          {
            "key": "key1-1693499624688",
            "label": "label1"
          }
        ],
        "composition_type": "key",
        "created": "2023-08-31T16:33:46\u002B00:00",
        "expires": "2023-09-30T16:34:07\u002B00:00",
        "size": 1000,
        "items_count": 1,
        "tags": {},
        "retention_period": 2592000
      }
    },
    {
      "RequestUri": "https://myappconfig.azconfig.io/snapshots/snapshot-1693499636898?api-version=2022-11-01-preview",
      "RequestMethod": "PATCH",
      "RequestHeaders": {
        "Accept": "application/vnd.microsoft.appconfig.snapshot\u002Bjson, application/problem\u002Bjson",
        "Accept-Encoding": "gzip, deflate, br",
        "Accept-Language": "en-US",
        "Authorization": "Sanitized",
        "Connection": "keep-alive",
        "Content-Length": "21",
        "Content-Type": "application/json",
        "Origin": "http://localhost:9876",
        "Referer": "http://localhost:9876/",
        "sec-ch-ua": "",
        "sec-ch-ua-mobile": "?0",
        "sec-ch-ua-platform": "\u0022\u0022",
        "Sec-Fetch-Dest": "empty",
        "Sec-Fetch-Mode": "cors",
        "Sec-Fetch-Site": "same-site",
        "sync-token": "zAJw6V16=MzoxOSMzOTUwMzM3OA==",
        "User-Agent": "Mozilla/5.0 (X11; Linux x86_64) AppleWebKit/537.36 (KHTML, like Gecko) HeadlessChrome/112.0.5614.0 Safari/537.36",
        "x-ms-client-request-id": "7c71345c-2593-469d-a801-23fdab8e0294",
        "x-ms-content-sha256": "tynngJHjE7uDMwpGVh1hcULF0zuJfLFECY9VxlHWIWo=",
        "x-ms-date": "Mon, 25 Sep 2023 16:39:17 GMT",
        "x-ms-useragent": "azsdk-js-app-configuration/1.5.0-beta.2 core-rest-pipeline/1.12.2 OS"
      },
      "RequestBody": {
        "status": "archived"
      },
      "StatusCode": 200,
      "ResponseHeaders": {
        "Access-Control-Allow-Credentials": "true",
        "Access-Control-Allow-Origin": "*",
        "Access-Control-Expose-Headers": "Keep-Alive, Cache-Control, Content-Type, x-ms-client-request-id, Date, Sync-Token, x-ms-correlation-request-id, ETag, Last-Modified, Link, Memento-Datetime, retry-after-ms, x-ms-request-id, WWW-Authenticate, Operation-Location, Retry-After",
        "Connection": "keep-alive",
        "Content-Type": "application/vnd.microsoft.appconfig.snapshot\u002Bjson; charset=utf-8",
        "Date": "Mon, 25 Sep 2023 16:39:17 GMT",
        "ETag": "\u0022kxBv02XCA13fJy4WQ5zQQ0Ps5UXyYYZAeT1y8W-X7BQ\u0022",
        "Last-Modified": "Thu, 31 Aug 2023 16:33:56 GMT",
        "Link": "\u003C/kv?snapshot=snapshot-1693499636898\u0026api-version=2022-11-01-preview\u003E; rel=\u0022items\u0022",
        "Strict-Transport-Security": "max-age=15724800; includeSubDomains",
        "Sync-Token": "zAJw6V16=MzoxOSMzOTUwMzM3OA==;sn=39503378",
        "Transfer-Encoding": "chunked",
        "x-ms-correlation-request-id": "9795f469-74fe-450c-8aa5-e036950a226b",
        "x-ms-request-id": "9795f469-74fe-450c-8aa5-e036950a226b"
      },
      "ResponseBody": {
        "etag": "kxBv02XCA13fJy4WQ5zQQ0Ps5UXyYYZAeT1y8W-X7BQ",
        "name": "snapshot-1693499636898",
        "status": "archived",
        "filters": [
          {
            "key": "key1-1693499624688",
            "label": "label1"
          },
          {
            "key": "key2-1693499624688",
            "label": "label2"
          }
        ],
        "composition_type": "key",
        "created": "2023-08-31T16:33:56\u002B00:00",
        "expires": "2023-09-30T16:34:07\u002B00:00",
        "size": 1000,
        "items_count": 2,
        "tags": {},
        "retention_period": 2592000
      }
    },
    {
      "RequestUri": "https://myappconfig.azconfig.io/snapshots/snapshot-1693503147323?api-version=2022-11-01-preview",
      "RequestMethod": "PATCH",
      "RequestHeaders": {
        "Accept": "application/vnd.microsoft.appconfig.snapshot\u002Bjson, application/problem\u002Bjson",
        "Accept-Encoding": "gzip, deflate, br",
        "Accept-Language": "en-US",
        "Authorization": "Sanitized",
        "Connection": "keep-alive",
        "Content-Length": "21",
        "Content-Type": "application/json",
        "Origin": "http://localhost:9876",
        "Referer": "http://localhost:9876/",
        "sec-ch-ua": "",
        "sec-ch-ua-mobile": "?0",
        "sec-ch-ua-platform": "\u0022\u0022",
        "Sec-Fetch-Dest": "empty",
        "Sec-Fetch-Mode": "cors",
        "Sec-Fetch-Site": "same-site",
        "sync-token": "zAJw6V16=MzoxOSMzOTUwMzM3OA==",
        "User-Agent": "Mozilla/5.0 (X11; Linux x86_64) AppleWebKit/537.36 (KHTML, like Gecko) HeadlessChrome/112.0.5614.0 Safari/537.36",
        "x-ms-client-request-id": "f411e0c8-e123-4779-85f3-de9cb19c8b0b",
        "x-ms-content-sha256": "tynngJHjE7uDMwpGVh1hcULF0zuJfLFECY9VxlHWIWo=",
        "x-ms-date": "Mon, 25 Sep 2023 16:39:17 GMT",
        "x-ms-useragent": "azsdk-js-app-configuration/1.5.0-beta.2 core-rest-pipeline/1.12.2 OS"
      },
      "RequestBody": {
        "status": "archived"
      },
      "StatusCode": 200,
      "ResponseHeaders": {
        "Access-Control-Allow-Credentials": "true",
        "Access-Control-Allow-Origin": "*",
        "Access-Control-Expose-Headers": "Keep-Alive, Cache-Control, Content-Type, x-ms-client-request-id, Date, Sync-Token, x-ms-correlation-request-id, ETag, Last-Modified, Link, Memento-Datetime, retry-after-ms, x-ms-request-id, WWW-Authenticate, Operation-Location, Retry-After",
        "Connection": "keep-alive",
        "Content-Type": "application/vnd.microsoft.appconfig.snapshot\u002Bjson; charset=utf-8",
        "Date": "Mon, 25 Sep 2023 16:39:17 GMT",
        "ETag": "\u0022t6AZbclconaEXXS43KYHM09Vya9XQXfPGsLhoNFy75A\u0022",
        "Last-Modified": "Thu, 31 Aug 2023 17:32:27 GMT",
        "Link": "\u003C/kv?snapshot=snapshot-1693503147323\u0026api-version=2022-11-01-preview\u003E; rel=\u0022items\u0022",
        "Strict-Transport-Security": "max-age=15724800; includeSubDomains",
        "Sync-Token": "zAJw6V16=MzoxOSMzOTUwMzM3OA==;sn=39503378",
        "Transfer-Encoding": "chunked",
        "x-ms-correlation-request-id": "4c7cbaa7-a60a-4470-91e3-40a1d11a035b",
        "x-ms-request-id": "4c7cbaa7-a60a-4470-91e3-40a1d11a035b"
      },
      "ResponseBody": {
        "etag": "t6AZbclconaEXXS43KYHM09Vya9XQXfPGsLhoNFy75A",
        "name": "snapshot-1693503147323",
        "status": "archived",
        "filters": [
          {
            "key": "key1-1693503147323",
            "label": "label1"
          }
        ],
        "composition_type": "key",
        "created": "2023-08-31T17:32:27\u002B00:00",
        "expires": "2023-10-25T16:32:04\u002B00:00",
        "size": 1000,
        "items_count": 1,
        "tags": {},
        "retention_period": 2592000
      }
    },
    {
      "RequestUri": "https://myappconfig.azconfig.io/snapshots/snapshot-1694548282779?api-version=2022-11-01-preview",
      "RequestMethod": "PATCH",
      "RequestHeaders": {
        "Accept": "application/vnd.microsoft.appconfig.snapshot\u002Bjson, application/problem\u002Bjson",
        "Accept-Encoding": "gzip, deflate, br",
        "Accept-Language": "en-US",
        "Authorization": "Sanitized",
        "Connection": "keep-alive",
        "Content-Length": "21",
        "Content-Type": "application/json",
        "Origin": "http://localhost:9876",
        "Referer": "http://localhost:9876/",
        "sec-ch-ua": "",
        "sec-ch-ua-mobile": "?0",
        "sec-ch-ua-platform": "\u0022\u0022",
        "Sec-Fetch-Dest": "empty",
        "Sec-Fetch-Mode": "cors",
        "Sec-Fetch-Site": "same-site",
        "sync-token": "zAJw6V16=MzoxOSMzOTUwMzM3OA==",
        "User-Agent": "Mozilla/5.0 (X11; Linux x86_64) AppleWebKit/537.36 (KHTML, like Gecko) HeadlessChrome/112.0.5614.0 Safari/537.36",
        "x-ms-client-request-id": "b6b9206d-b308-438c-9534-d885028e1a67",
        "x-ms-content-sha256": "tynngJHjE7uDMwpGVh1hcULF0zuJfLFECY9VxlHWIWo=",
        "x-ms-date": "Mon, 25 Sep 2023 16:39:17 GMT",
        "x-ms-useragent": "azsdk-js-app-configuration/1.5.0-beta.2 core-rest-pipeline/1.12.2 OS"
      },
      "RequestBody": {
        "status": "archived"
      },
      "StatusCode": 200,
      "ResponseHeaders": {
        "Access-Control-Allow-Credentials": "true",
        "Access-Control-Allow-Origin": "*",
        "Access-Control-Expose-Headers": "Keep-Alive, Cache-Control, Content-Type, x-ms-client-request-id, Date, Sync-Token, x-ms-correlation-request-id, ETag, Last-Modified, Link, Memento-Datetime, retry-after-ms, x-ms-request-id, WWW-Authenticate, Operation-Location, Retry-After",
        "Connection": "keep-alive",
        "Content-Type": "application/vnd.microsoft.appconfig.snapshot\u002Bjson; charset=utf-8",
        "Date": "Mon, 25 Sep 2023 16:39:17 GMT",
        "ETag": "\u0022M_fDEvyWnAkuK8gW8AWLbtb3WPKHQRDppwnPQSlxouY\u0022",
        "Last-Modified": "Tue, 12 Sep 2023 19:51:23 GMT",
        "Link": "\u003C/kv?snapshot=snapshot-1694548282779\u0026api-version=2022-11-01-preview\u003E; rel=\u0022items\u0022",
        "Strict-Transport-Security": "max-age=15724800; includeSubDomains",
        "Sync-Token": "zAJw6V16=MzoxOSMzOTUwMzM3OA==;sn=39503378",
        "Transfer-Encoding": "chunked",
        "x-ms-correlation-request-id": "cd6508ed-9b53-4cf9-9de8-7e68e900fdfb",
        "x-ms-request-id": "cd6508ed-9b53-4cf9-9de8-7e68e900fdfb"
      },
      "ResponseBody": {
        "etag": "M_fDEvyWnAkuK8gW8AWLbtb3WPKHQRDppwnPQSlxouY",
        "name": "snapshot-1694548282779",
        "status": "archived",
        "filters": [
          {
            "key": "key1-1694548282778",
            "label": "label1"
          }
        ],
        "composition_type": "key",
        "created": "2023-09-12T19:51:23\u002B00:00",
        "expires": "2023-10-12T19:51:44\u002B00:00",
        "size": 1000,
        "items_count": 1,
        "tags": {},
        "retention_period": 2592000
      }
    },
    {
      "RequestUri": "https://myappconfig.azconfig.io/snapshots/snapshot-1694548323368?api-version=2022-11-01-preview",
      "RequestMethod": "PATCH",
      "RequestHeaders": {
        "Accept": "application/vnd.microsoft.appconfig.snapshot\u002Bjson, application/problem\u002Bjson",
        "Accept-Encoding": "gzip, deflate, br",
        "Accept-Language": "en-US",
        "Authorization": "Sanitized",
        "Connection": "keep-alive",
        "Content-Length": "21",
        "Content-Type": "application/json",
        "Origin": "http://localhost:9876",
        "Referer": "http://localhost:9876/",
        "sec-ch-ua": "",
        "sec-ch-ua-mobile": "?0",
        "sec-ch-ua-platform": "\u0022\u0022",
        "Sec-Fetch-Dest": "empty",
        "Sec-Fetch-Mode": "cors",
        "Sec-Fetch-Site": "same-site",
        "sync-token": "zAJw6V16=MzoxOSMzOTUwMzM3OA==",
        "User-Agent": "Mozilla/5.0 (X11; Linux x86_64) AppleWebKit/537.36 (KHTML, like Gecko) HeadlessChrome/112.0.5614.0 Safari/537.36",
        "x-ms-client-request-id": "16f6c5f8-33db-49f8-af47-41a709054d19",
        "x-ms-content-sha256": "tynngJHjE7uDMwpGVh1hcULF0zuJfLFECY9VxlHWIWo=",
        "x-ms-date": "Mon, 25 Sep 2023 16:39:17 GMT",
        "x-ms-useragent": "azsdk-js-app-configuration/1.5.0-beta.2 core-rest-pipeline/1.12.2 OS"
      },
      "RequestBody": {
        "status": "archived"
      },
      "StatusCode": 200,
      "ResponseHeaders": {
        "Access-Control-Allow-Credentials": "true",
        "Access-Control-Allow-Origin": "*",
        "Access-Control-Expose-Headers": "Keep-Alive, Cache-Control, Content-Type, x-ms-client-request-id, Date, Sync-Token, x-ms-correlation-request-id, ETag, Last-Modified, Link, Memento-Datetime, retry-after-ms, x-ms-request-id, WWW-Authenticate, Operation-Location, Retry-After",
        "Connection": "keep-alive",
        "Content-Type": "application/vnd.microsoft.appconfig.snapshot\u002Bjson; charset=utf-8",
        "Date": "Mon, 25 Sep 2023 16:39:17 GMT",
        "ETag": "\u0022iATsXsKFhs6uDf8mEVkOj6LUuRYryK3ZFFGV3vVF2r4\u0022",
        "Last-Modified": "Tue, 12 Sep 2023 19:52:03 GMT",
        "Link": "\u003C/kv?snapshot=snapshot-1694548323368\u0026api-version=2022-11-01-preview\u003E; rel=\u0022items\u0022",
        "Strict-Transport-Security": "max-age=15724800; includeSubDomains",
        "Sync-Token": "zAJw6V16=MzoxOSMzOTUwMzM3OA==;sn=39503378",
        "Transfer-Encoding": "chunked",
        "x-ms-correlation-request-id": "b221f482-9fde-41e7-8749-bc2674f2a40e",
        "x-ms-request-id": "b221f482-9fde-41e7-8749-bc2674f2a40e"
      },
      "ResponseBody": {
        "etag": "iATsXsKFhs6uDf8mEVkOj6LUuRYryK3ZFFGV3vVF2r4",
        "name": "snapshot-1694548323368",
        "status": "archived",
        "filters": [
          {
            "key": "key1-1694548323368",
            "label": "label1"
          }
        ],
        "composition_type": "key",
        "created": "2023-09-12T19:52:03\u002B00:00",
        "expires": "2023-10-12T19:52:14\u002B00:00",
        "size": 1000,
        "items_count": 1,
        "tags": {},
        "retention_period": 2592000
      }
    },
    {
      "RequestUri": "https://myappconfig.azconfig.io/snapshots/snapshot-1695659522491?api-version=2022-11-01-preview",
      "RequestMethod": "PATCH",
      "RequestHeaders": {
        "Accept": "application/vnd.microsoft.appconfig.snapshot\u002Bjson, application/problem\u002Bjson",
        "Accept-Encoding": "gzip, deflate, br",
        "Accept-Language": "en-US",
        "Authorization": "Sanitized",
        "Connection": "keep-alive",
        "Content-Length": "21",
        "Content-Type": "application/json",
        "Origin": "http://localhost:9876",
        "Referer": "http://localhost:9876/",
        "sec-ch-ua": "",
        "sec-ch-ua-mobile": "?0",
        "sec-ch-ua-platform": "\u0022\u0022",
        "Sec-Fetch-Dest": "empty",
        "Sec-Fetch-Mode": "cors",
        "Sec-Fetch-Site": "same-site",
        "sync-token": "zAJw6V16=MzoxOSMzOTUwMzM3OA==",
        "User-Agent": "Mozilla/5.0 (X11; Linux x86_64) AppleWebKit/537.36 (KHTML, like Gecko) HeadlessChrome/112.0.5614.0 Safari/537.36",
        "x-ms-client-request-id": "f82c757c-7f74-4ef6-a78a-0369142af0af",
        "x-ms-content-sha256": "tynngJHjE7uDMwpGVh1hcULF0zuJfLFECY9VxlHWIWo=",
        "x-ms-date": "Mon, 25 Sep 2023 16:39:17 GMT",
        "x-ms-useragent": "azsdk-js-app-configuration/1.5.0-beta.2 core-rest-pipeline/1.12.2 OS"
      },
      "RequestBody": {
        "status": "archived"
      },
      "StatusCode": 200,
      "ResponseHeaders": {
        "Access-Control-Allow-Credentials": "true",
        "Access-Control-Allow-Origin": "*",
        "Access-Control-Expose-Headers": "Keep-Alive, Cache-Control, Content-Type, x-ms-client-request-id, Date, Sync-Token, x-ms-correlation-request-id, ETag, Last-Modified, Link, Memento-Datetime, retry-after-ms, x-ms-request-id, WWW-Authenticate, Operation-Location, Retry-After",
        "Connection": "keep-alive",
        "Content-Type": "application/vnd.microsoft.appconfig.snapshot\u002Bjson; charset=utf-8",
        "Date": "Mon, 25 Sep 2023 16:39:17 GMT",
        "ETag": "\u0022F8S5LlmMsL-1Y0xTsON71YUeu_36_gUJJYBujyz7ghc\u0022",
        "Last-Modified": "Mon, 25 Sep 2023 16:32:05 GMT",
        "Link": "\u003C/kv?snapshot=snapshot-1695659522491\u0026api-version=2022-11-01-preview\u003E; rel=\u0022items\u0022",
        "Strict-Transport-Security": "max-age=15724800; includeSubDomains",
        "Sync-Token": "zAJw6V16=MzoxOSMzOTUwMzM3OA==;sn=39503378",
        "Transfer-Encoding": "chunked",
        "x-ms-correlation-request-id": "d757a516-e724-4a38-9b03-a94dddc8705e",
        "x-ms-request-id": "d757a516-e724-4a38-9b03-a94dddc8705e"
      },
      "ResponseBody": {
        "etag": "F8S5LlmMsL-1Y0xTsON71YUeu_36_gUJJYBujyz7ghc",
        "name": "snapshot-1695659522491",
        "status": "archived",
        "filters": [
          {
            "key": "key1-1695659522491",
            "label": "label1"
          }
        ],
        "composition_type": "key",
        "created": "2023-09-25T16:32:05\u002B00:00",
        "expires": "2023-10-25T16:32:36\u002B00:00",
        "size": 1000,
        "items_count": 1,
        "tags": {},
        "retention_period": 2592000
      }
    },
    {
      "RequestUri": "https://myappconfig.azconfig.io/snapshots/snapshot-1695659535472?api-version=2022-11-01-preview",
      "RequestMethod": "PATCH",
      "RequestHeaders": {
        "Accept": "application/vnd.microsoft.appconfig.snapshot\u002Bjson, application/problem\u002Bjson",
        "Accept-Encoding": "gzip, deflate, br",
        "Accept-Language": "en-US",
        "Authorization": "Sanitized",
        "Connection": "keep-alive",
        "Content-Length": "21",
        "Content-Type": "application/json",
        "Origin": "http://localhost:9876",
        "Referer": "http://localhost:9876/",
        "sec-ch-ua": "",
        "sec-ch-ua-mobile": "?0",
        "sec-ch-ua-platform": "\u0022\u0022",
        "Sec-Fetch-Dest": "empty",
        "Sec-Fetch-Mode": "cors",
        "Sec-Fetch-Site": "same-site",
        "sync-token": "zAJw6V16=MzoxOSMzOTUwMzM3OA==",
        "User-Agent": "Mozilla/5.0 (X11; Linux x86_64) AppleWebKit/537.36 (KHTML, like Gecko) HeadlessChrome/112.0.5614.0 Safari/537.36",
        "x-ms-client-request-id": "0221ca77-e458-428b-8d9d-a2df7ce75c24",
        "x-ms-content-sha256": "tynngJHjE7uDMwpGVh1hcULF0zuJfLFECY9VxlHWIWo=",
        "x-ms-date": "Mon, 25 Sep 2023 16:39:17 GMT",
        "x-ms-useragent": "azsdk-js-app-configuration/1.5.0-beta.2 core-rest-pipeline/1.12.2 OS"
      },
      "RequestBody": {
        "status": "archived"
      },
      "StatusCode": 200,
      "ResponseHeaders": {
        "Access-Control-Allow-Credentials": "true",
        "Access-Control-Allow-Origin": "*",
        "Access-Control-Expose-Headers": "Keep-Alive, Cache-Control, Content-Type, x-ms-client-request-id, Date, Sync-Token, x-ms-correlation-request-id, ETag, Last-Modified, Link, Memento-Datetime, retry-after-ms, x-ms-request-id, WWW-Authenticate, Operation-Location, Retry-After",
        "Connection": "keep-alive",
        "Content-Type": "application/vnd.microsoft.appconfig.snapshot\u002Bjson; charset=utf-8",
        "Date": "Mon, 25 Sep 2023 16:39:17 GMT",
        "ETag": "\u0022hWcfNDYLL9FNNtu1w8k880dmB1ilHLCWutZE5y3Ozys\u0022",
        "Last-Modified": "Mon, 25 Sep 2023 16:32:15 GMT",
        "Link": "\u003C/kv?snapshot=snapshot-1695659535472\u0026api-version=2022-11-01-preview\u003E; rel=\u0022items\u0022",
        "Strict-Transport-Security": "max-age=15724800; includeSubDomains",
        "Sync-Token": "zAJw6V16=MzoxOSMzOTUwMzM3OA==;sn=39503378",
        "Transfer-Encoding": "chunked",
        "x-ms-correlation-request-id": "3fc32bed-8d63-48eb-aa1a-e862851eadcd",
        "x-ms-request-id": "3fc32bed-8d63-48eb-aa1a-e862851eadcd"
      },
      "ResponseBody": {
        "etag": "hWcfNDYLL9FNNtu1w8k880dmB1ilHLCWutZE5y3Ozys",
        "name": "snapshot-1695659535472",
        "status": "archived",
        "filters": [
          {
            "key": "key1-1695659522491",
            "label": "label1"
          },
          {
            "key": "key2-1695659522491",
            "label": "label2"
          }
        ],
        "composition_type": "key",
        "created": "2023-09-25T16:32:15\u002B00:00",
        "expires": "2023-10-25T16:32:36\u002B00:00",
        "size": 1000,
        "items_count": 2,
        "tags": {},
        "retention_period": 2592000
      }
    },
    {
      "RequestUri": "https://myappconfig.azconfig.io/snapshots/snapshot-1695659573185?api-version=2022-11-01-preview",
      "RequestMethod": "PATCH",
      "RequestHeaders": {
        "Accept": "application/vnd.microsoft.appconfig.snapshot\u002Bjson, application/problem\u002Bjson",
        "Accept-Encoding": "gzip, deflate, br",
        "Accept-Language": "en-US",
        "Authorization": "Sanitized",
        "Connection": "keep-alive",
        "Content-Length": "21",
        "Content-Type": "application/json",
        "Origin": "http://localhost:9876",
        "Referer": "http://localhost:9876/",
        "sec-ch-ua": "",
        "sec-ch-ua-mobile": "?0",
        "sec-ch-ua-platform": "\u0022\u0022",
        "Sec-Fetch-Dest": "empty",
        "Sec-Fetch-Mode": "cors",
        "Sec-Fetch-Site": "same-site",
        "sync-token": "zAJw6V16=MzoxOSMzOTUwMzM3OA==",
        "User-Agent": "Mozilla/5.0 (X11; Linux x86_64) AppleWebKit/537.36 (KHTML, like Gecko) HeadlessChrome/112.0.5614.0 Safari/537.36",
        "x-ms-client-request-id": "7ecdea17-d19b-4ed4-bf35-7aa283eb5697",
        "x-ms-content-sha256": "tynngJHjE7uDMwpGVh1hcULF0zuJfLFECY9VxlHWIWo=",
        "x-ms-date": "Mon, 25 Sep 2023 16:39:17 GMT",
        "x-ms-useragent": "azsdk-js-app-configuration/1.5.0-beta.2 core-rest-pipeline/1.12.2 OS"
      },
      "RequestBody": {
        "status": "archived"
      },
      "StatusCode": 200,
      "ResponseHeaders": {
        "Access-Control-Allow-Credentials": "true",
        "Access-Control-Allow-Origin": "*",
        "Access-Control-Expose-Headers": "Keep-Alive, Cache-Control, Content-Type, x-ms-client-request-id, Date, Sync-Token, x-ms-correlation-request-id, ETag, Last-Modified, Link, Memento-Datetime, retry-after-ms, x-ms-request-id, WWW-Authenticate, Operation-Location, Retry-After",
        "Connection": "keep-alive",
        "Content-Type": "application/vnd.microsoft.appconfig.snapshot\u002Bjson; charset=utf-8",
        "Date": "Mon, 25 Sep 2023 16:39:17 GMT",
        "ETag": "\u0022Ad49Dz2HocIc-KYHQCaLCb5aU9xwy5jsFWuSnHnsEUU\u0022",
        "Last-Modified": "Mon, 25 Sep 2023 16:32:57 GMT",
        "Link": "\u003C/kv?snapshot=snapshot-1695659573185\u0026api-version=2022-11-01-preview\u003E; rel=\u0022items\u0022",
        "Strict-Transport-Security": "max-age=15724800; includeSubDomains",
        "Sync-Token": "zAJw6V16=MzoxOSMzOTUwMzM3OA==;sn=39503378",
        "Transfer-Encoding": "chunked",
        "x-ms-correlation-request-id": "39249967-953a-4f12-9629-1d7843a5154b",
        "x-ms-request-id": "39249967-953a-4f12-9629-1d7843a5154b"
      },
      "ResponseBody": {
        "etag": "Ad49Dz2HocIc-KYHQCaLCb5aU9xwy5jsFWuSnHnsEUU",
        "name": "snapshot-1695659573185",
        "status": "archived",
        "filters": [
          {
            "key": "key1-1695659573185",
            "label": "label1"
          }
        ],
        "composition_type": "key",
        "created": "2023-09-25T16:32:57\u002B00:00",
        "expires": "2023-10-25T16:33:39\u002B00:00",
        "size": 1000,
        "items_count": 1,
        "tags": {},
        "retention_period": 2592000
      }
    },
    {
      "RequestUri": "https://myappconfig.azconfig.io/snapshots/snapshot-1695659598603?api-version=2022-11-01-preview",
      "RequestMethod": "PATCH",
      "RequestHeaders": {
        "Accept": "application/vnd.microsoft.appconfig.snapshot\u002Bjson, application/problem\u002Bjson",
        "Accept-Encoding": "gzip, deflate, br",
        "Accept-Language": "en-US",
        "Authorization": "Sanitized",
        "Connection": "keep-alive",
        "Content-Length": "21",
        "Content-Type": "application/json",
        "Origin": "http://localhost:9876",
        "Referer": "http://localhost:9876/",
        "sec-ch-ua": "",
        "sec-ch-ua-mobile": "?0",
        "sec-ch-ua-platform": "\u0022\u0022",
        "Sec-Fetch-Dest": "empty",
        "Sec-Fetch-Mode": "cors",
        "Sec-Fetch-Site": "same-site",
        "sync-token": "zAJw6V16=MzoxOSMzOTUwMzM3OA==",
        "User-Agent": "Mozilla/5.0 (X11; Linux x86_64) AppleWebKit/537.36 (KHTML, like Gecko) HeadlessChrome/112.0.5614.0 Safari/537.36",
        "x-ms-client-request-id": "7681d8c3-fc50-41a9-b5c6-7406aaa3a2f4",
        "x-ms-content-sha256": "tynngJHjE7uDMwpGVh1hcULF0zuJfLFECY9VxlHWIWo=",
        "x-ms-date": "Mon, 25 Sep 2023 16:39:17 GMT",
        "x-ms-useragent": "azsdk-js-app-configuration/1.5.0-beta.2 core-rest-pipeline/1.12.2 OS"
      },
      "RequestBody": {
        "status": "archived"
      },
      "StatusCode": 200,
      "ResponseHeaders": {
        "Access-Control-Allow-Credentials": "true",
        "Access-Control-Allow-Origin": "*",
        "Access-Control-Expose-Headers": "Keep-Alive, Cache-Control, Content-Type, x-ms-client-request-id, Date, Sync-Token, x-ms-correlation-request-id, ETag, Last-Modified, Link, Memento-Datetime, retry-after-ms, x-ms-request-id, WWW-Authenticate, Operation-Location, Retry-After",
        "Connection": "keep-alive",
        "Content-Type": "application/vnd.microsoft.appconfig.snapshot\u002Bjson; charset=utf-8",
        "Date": "Mon, 25 Sep 2023 16:39:17 GMT",
        "ETag": "\u0022gd2oo9yR-T5ucMFFozydprfNkEgfm27TLyhFxj7YaWk\u0022",
        "Last-Modified": "Mon, 25 Sep 2023 16:33:18 GMT",
        "Link": "\u003C/kv?snapshot=snapshot-1695659598603\u0026api-version=2022-11-01-preview\u003E; rel=\u0022items\u0022",
        "Strict-Transport-Security": "max-age=15724800; includeSubDomains",
        "Sync-Token": "zAJw6V16=MzoxOSMzOTUwMzM3OA==;sn=39503378",
        "Transfer-Encoding": "chunked",
        "x-ms-correlation-request-id": "31ed5191-ad68-4845-b2a2-cd28e3e10690",
        "x-ms-request-id": "31ed5191-ad68-4845-b2a2-cd28e3e10690"
      },
      "ResponseBody": {
        "etag": "gd2oo9yR-T5ucMFFozydprfNkEgfm27TLyhFxj7YaWk",
        "name": "snapshot-1695659598603",
        "status": "archived",
        "filters": [
          {
            "key": "key1-1695659573185",
            "label": "label1"
          },
          {
            "key": "key2-1695659573185",
            "label": "label2"
          }
        ],
        "composition_type": "key",
        "created": "2023-09-25T16:33:18\u002B00:00",
        "expires": "2023-10-25T16:33:40\u002B00:00",
        "size": 1000,
        "items_count": 2,
        "tags": {},
        "retention_period": 2592000
      }
    },
    {
      "RequestUri": "https://myappconfig.azconfig.io/snapshots/snapshot-1695659901158?api-version=2022-11-01-preview",
      "RequestMethod": "PATCH",
      "RequestHeaders": {
        "Accept": "application/vnd.microsoft.appconfig.snapshot\u002Bjson, application/problem\u002Bjson",
        "Accept-Encoding": "gzip, deflate, br",
        "Accept-Language": "en-US",
        "Authorization": "Sanitized",
        "Connection": "keep-alive",
        "Content-Length": "21",
        "Content-Type": "application/json",
        "Origin": "http://localhost:9876",
        "Referer": "http://localhost:9876/",
        "sec-ch-ua": "",
        "sec-ch-ua-mobile": "?0",
        "sec-ch-ua-platform": "\u0022\u0022",
        "Sec-Fetch-Dest": "empty",
        "Sec-Fetch-Mode": "cors",
        "Sec-Fetch-Site": "same-site",
        "sync-token": "zAJw6V16=MzoxOSMzOTUwMzM3OA==",
        "User-Agent": "Mozilla/5.0 (X11; Linux x86_64) AppleWebKit/537.36 (KHTML, like Gecko) HeadlessChrome/112.0.5614.0 Safari/537.36",
        "x-ms-client-request-id": "4a82996f-1798-4884-9c55-34329729de4d",
        "x-ms-content-sha256": "tynngJHjE7uDMwpGVh1hcULF0zuJfLFECY9VxlHWIWo=",
        "x-ms-date": "Mon, 25 Sep 2023 16:39:17 GMT",
        "x-ms-useragent": "azsdk-js-app-configuration/1.5.0-beta.2 core-rest-pipeline/1.12.2 OS"
      },
      "RequestBody": {
        "status": "archived"
      },
      "StatusCode": 200,
      "ResponseHeaders": {
        "Access-Control-Allow-Credentials": "true",
        "Access-Control-Allow-Origin": "*",
        "Access-Control-Expose-Headers": "Keep-Alive, Cache-Control, Content-Type, x-ms-client-request-id, Date, Sync-Token, x-ms-correlation-request-id, ETag, Last-Modified, Link, Memento-Datetime, retry-after-ms, x-ms-request-id, WWW-Authenticate, Operation-Location, Retry-After",
        "Connection": "keep-alive",
        "Content-Type": "application/vnd.microsoft.appconfig.snapshot\u002Bjson; charset=utf-8",
        "Date": "Mon, 25 Sep 2023 16:39:17 GMT",
        "ETag": "\u0022U7sn1jHRlE5IdXEIU1ZzwyEWy15i_OlnIBA0linTF60\u0022",
        "Last-Modified": "Mon, 25 Sep 2023 16:38:24 GMT",
        "Link": "\u003C/kv?snapshot=snapshot-1695659901158\u0026api-version=2022-11-01-preview\u003E; rel=\u0022items\u0022",
        "Strict-Transport-Security": "max-age=15724800; includeSubDomains",
        "Sync-Token": "zAJw6V16=MzoxOSMzOTUwMzM3OA==;sn=39503378",
        "Transfer-Encoding": "chunked",
        "x-ms-correlation-request-id": "7b3345cd-0560-446d-b02e-eb4e78891a1a",
        "x-ms-request-id": "7b3345cd-0560-446d-b02e-eb4e78891a1a"
      },
      "ResponseBody": {
        "etag": "U7sn1jHRlE5IdXEIU1ZzwyEWy15i_OlnIBA0linTF60",
        "name": "snapshot-1695659901158",
        "status": "archived",
        "filters": [
          {
            "key": "key1-1695659901158",
            "label": "label1"
          }
        ],
        "composition_type": "key",
        "created": "2023-09-25T16:38:24\u002B00:00",
        "expires": "2023-10-25T16:39:05\u002B00:00",
        "size": 1000,
        "items_count": 1,
        "tags": {},
        "retention_period": 2592000
      }
    },
    {
      "RequestUri": "https://myappconfig.azconfig.io/snapshots/snapshot-1695659924796?api-version=2022-11-01-preview",
      "RequestMethod": "PATCH",
      "RequestHeaders": {
        "Accept": "application/vnd.microsoft.appconfig.snapshot\u002Bjson, application/problem\u002Bjson",
        "Accept-Encoding": "gzip, deflate, br",
        "Accept-Language": "en-US",
        "Authorization": "Sanitized",
        "Connection": "keep-alive",
        "Content-Length": "21",
        "Content-Type": "application/json",
        "Origin": "http://localhost:9876",
        "Referer": "http://localhost:9876/",
        "sec-ch-ua": "",
        "sec-ch-ua-mobile": "?0",
        "sec-ch-ua-platform": "\u0022\u0022",
        "Sec-Fetch-Dest": "empty",
        "Sec-Fetch-Mode": "cors",
        "Sec-Fetch-Site": "same-site",
        "sync-token": "zAJw6V16=MzoxOSMzOTUwMzM3OA==",
        "User-Agent": "Mozilla/5.0 (X11; Linux x86_64) AppleWebKit/537.36 (KHTML, like Gecko) HeadlessChrome/112.0.5614.0 Safari/537.36",
        "x-ms-client-request-id": "96bc06b0-0713-4730-b0b9-3ec37963020d",
        "x-ms-content-sha256": "tynngJHjE7uDMwpGVh1hcULF0zuJfLFECY9VxlHWIWo=",
        "x-ms-date": "Mon, 25 Sep 2023 16:39:17 GMT",
        "x-ms-useragent": "azsdk-js-app-configuration/1.5.0-beta.2 core-rest-pipeline/1.12.2 OS"
      },
      "RequestBody": {
        "status": "archived"
      },
      "StatusCode": 200,
      "ResponseHeaders": {
        "Access-Control-Allow-Credentials": "true",
        "Access-Control-Allow-Origin": "*",
        "Access-Control-Expose-Headers": "Keep-Alive, Cache-Control, Content-Type, x-ms-client-request-id, Date, Sync-Token, x-ms-correlation-request-id, ETag, Last-Modified, Link, Memento-Datetime, retry-after-ms, x-ms-request-id, WWW-Authenticate, Operation-Location, Retry-After",
        "Connection": "keep-alive",
        "Content-Type": "application/vnd.microsoft.appconfig.snapshot\u002Bjson; charset=utf-8",
        "Date": "Mon, 25 Sep 2023 16:39:17 GMT",
        "ETag": "\u0022FoJcQBeMbTqM5YOjjDYjBh3fkjkna4PEvyoxIHWA_3A\u0022",
        "Last-Modified": "Mon, 25 Sep 2023 16:38:44 GMT",
        "Link": "\u003C/kv?snapshot=snapshot-1695659924796\u0026api-version=2022-11-01-preview\u003E; rel=\u0022items\u0022",
        "Strict-Transport-Security": "max-age=15724800; includeSubDomains",
        "Sync-Token": "zAJw6V16=MzoxOSMzOTUwMzM3OA==;sn=39503378",
        "Transfer-Encoding": "chunked",
        "x-ms-correlation-request-id": "1f8adefd-05d6-4b0f-8565-003afbd83fd2",
        "x-ms-request-id": "1f8adefd-05d6-4b0f-8565-003afbd83fd2"
      },
      "ResponseBody": {
        "etag": "FoJcQBeMbTqM5YOjjDYjBh3fkjkna4PEvyoxIHWA_3A",
        "name": "snapshot-1695659924796",
        "status": "archived",
        "filters": [
          {
            "key": "key1-1695659901158",
            "label": "label1"
          },
          {
            "key": "key2-1695659901158",
            "label": "label2"
          }
        ],
        "composition_type": "key",
        "created": "2023-09-25T16:38:44\u002B00:00",
        "expires": "2023-10-25T16:39:05\u002B00:00",
        "size": 1000,
        "items_count": 2,
        "tags": {},
        "retention_period": 2592000
      }
    },
    {
      "RequestUri": "https://myappconfig.azconfig.io/snapshots?api-version=2022-11-01-preview\u0026status=ready",
      "RequestMethod": "GET",
      "RequestHeaders": {
        "Accept": "application/vnd.microsoft.appconfig.snapshotset\u002Bjson, application/problem\u002Bjson",
        "Accept-Encoding": "gzip, deflate, br",
        "Accept-Language": "en-US",
        "Authorization": "Sanitized",
        "Connection": "keep-alive",
        "Origin": "http://localhost:9876",
        "Referer": "http://localhost:9876/",
        "sec-ch-ua": "",
        "sec-ch-ua-mobile": "?0",
        "sec-ch-ua-platform": "\u0022\u0022",
        "Sec-Fetch-Dest": "empty",
        "Sec-Fetch-Mode": "cors",
        "Sec-Fetch-Site": "same-site",
        "sync-token": "zAJw6V16=MzoxOSMzOTUwMzM3OA==",
        "User-Agent": "Mozilla/5.0 (X11; Linux x86_64) AppleWebKit/537.36 (KHTML, like Gecko) HeadlessChrome/112.0.5614.0 Safari/537.36",
        "x-ms-client-request-id": "9127a257-935b-43e6-9242-89dab56a549c",
        "x-ms-content-sha256": "47DEQpj8HBSa\u002B/TImW\u002B5JCeuQeRkm5NMpJWZG3hSuFU=",
        "x-ms-date": "Mon, 25 Sep 2023 16:39:17 GMT",
        "x-ms-useragent": "azsdk-js-app-configuration/1.5.0-beta.2 core-rest-pipeline/1.12.2 OS"
      },
      "RequestBody": null,
      "StatusCode": 200,
      "ResponseHeaders": {
        "Access-Control-Allow-Credentials": "true",
        "Access-Control-Allow-Origin": "*",
        "Access-Control-Expose-Headers": "Keep-Alive, Cache-Control, Content-Type, x-ms-client-request-id, Date, Sync-Token, x-ms-correlation-request-id, ETag, Last-Modified, Link, Memento-Datetime, retry-after-ms, x-ms-request-id, WWW-Authenticate, Operation-Location, Retry-After",
        "Connection": "keep-alive",
        "Content-Type": "application/vnd.microsoft.appconfig.snapshotset\u002Bjson; charset=utf-8",
        "Date": "Mon, 25 Sep 2023 16:39:17 GMT",
        "Strict-Transport-Security": "max-age=15724800; includeSubDomains",
        "Sync-Token": "zAJw6V16=MzoxOSMzOTUwMzM3OA==;sn=39503378",
        "Transfer-Encoding": "chunked",
        "x-ms-correlation-request-id": "f2616179-05a3-45f1-86ca-00409055943e",
        "x-ms-request-id": "f2616179-05a3-45f1-86ca-00409055943e"
      },
      "ResponseBody": {
        "items": []
      }
    },
    {
      "RequestUri": "https://myappconfig.azconfig.io/snapshots/snapshot-1695659954968?api-version=2022-11-01-preview",
      "RequestMethod": "PUT",
      "RequestHeaders": {
        "Accept": "application/vnd.microsoft.appconfig.snapshot\u002Bjson, application/problem\u002Bjson",
        "Accept-Encoding": "gzip, deflate, br",
        "Accept-Language": "en-US",
        "Authorization": "Sanitized",
        "Connection": "keep-alive",
        "Content-Length": "86",
        "Content-Type": "application/vnd.microsoft.appconfig.snapshot\u002Bjson",
        "Origin": "http://localhost:9876",
        "Referer": "http://localhost:9876/",
        "sec-ch-ua": "",
        "sec-ch-ua-mobile": "?0",
        "sec-ch-ua-platform": "\u0022\u0022",
        "Sec-Fetch-Dest": "empty",
        "Sec-Fetch-Mode": "cors",
        "Sec-Fetch-Site": "same-site",
        "sync-token": "zAJw6V16=MzoxOSMzOTUwMzM3OA==",
        "User-Agent": "Mozilla/5.0 (X11; Linux x86_64) AppleWebKit/537.36 (KHTML, like Gecko) HeadlessChrome/112.0.5614.0 Safari/537.36",
        "x-ms-client-request-id": "6af88409-fd79-4fa3-bd0f-3fd266a57513",
        "x-ms-content-sha256": "U2Nizarr5osnxK/idk6yD\u002BV1OuqixlZNJ9xuDLx0iME=",
        "x-ms-date": "Mon, 25 Sep 2023 16:39:17 GMT",
        "x-ms-useragent": "azsdk-js-app-configuration/1.5.0-beta.2 core-rest-pipeline/1.12.2 OS"
      },
      "RequestBody": {
        "filters": [
          {
            "key": "key1-1695659954968",
            "label": "label1"
          }
        ],
        "retention_period": 2592000
      },
      "StatusCode": 201,
      "ResponseHeaders": {
        "Access-Control-Allow-Credentials": "true",
        "Access-Control-Allow-Origin": "*",
        "Access-Control-Expose-Headers": "Keep-Alive, Cache-Control, Content-Type, x-ms-client-request-id, Date, Sync-Token, x-ms-correlation-request-id, ETag, Last-Modified, Link, Memento-Datetime, retry-after-ms, x-ms-request-id, WWW-Authenticate, Operation-Location, Retry-After",
        "Connection": "keep-alive",
        "Content-Type": "application/vnd.microsoft.appconfig.snapshot\u002Bjson; charset=utf-8",
        "Date": "Mon, 25 Sep 2023 16:39:18 GMT",
        "ETag": "\u0022nyVNcJ79nWcfU58Kfcl4e_dbvGFjdhaqh--VcdZsKJk\u0022",
        "Last-Modified": "Mon, 25 Sep 2023 16:39:18 GMT",
        "Link": "\u003C/kv?snapshot=snapshot-1695659954968\u0026api-version=2022-11-01-preview\u003E; rel=\u0022items\u0022",
        "Operation-Location": "https://myappconfig.azconfig.io/operations?snapshot=snapshot-1695659954968\u0026api-version=2022-11-01-preview",
        "Strict-Transport-Security": "max-age=15724800; includeSubDomains",
        "Sync-Token": "zAJw6V16=MzoxOSMzOTUwMzM3OQ==;sn=39503379",
        "Transfer-Encoding": "chunked",
        "x-ms-correlation-request-id": "ea2a3e10-b0e7-409b-bc06-b1394e8dab8c",
        "x-ms-request-id": "ea2a3e10-b0e7-409b-bc06-b1394e8dab8c"
      },
      "ResponseBody": {
        "etag": "nyVNcJ79nWcfU58Kfcl4e_dbvGFjdhaqh--VcdZsKJk",
        "name": "snapshot-1695659954968",
        "status": "provisioning",
        "filters": [
          {
            "key": "key1-1695659954968",
            "label": "label1"
          }
        ],
        "composition_type": "key",
        "created": "2023-09-25T16:39:18\u002B00:00",
        "size": 0,
        "items_count": 0,
        "tags": {},
        "retention_period": 2592000
      }
    },
    {
      "RequestUri": "https://myappconfig.azconfig.io/operations?snapshot=snapshot-1695659954968\u0026api-version=2022-11-01-preview",
      "RequestMethod": "GET",
      "RequestHeaders": {
        "Accept": "application/vnd.microsoft.appconfig.snapshot\u002Bjson, application/problem\u002Bjson",
        "Accept-Encoding": "gzip, deflate, br",
        "Accept-Language": "en-US",
        "Authorization": "Sanitized",
        "Connection": "keep-alive",
        "Content-Type": "application/vnd.microsoft.appconfig.snapshot\u002Bjson",
        "Origin": "http://localhost:9876",
        "Referer": "http://localhost:9876/",
        "sec-ch-ua": "",
        "sec-ch-ua-mobile": "?0",
        "sec-ch-ua-platform": "\u0022\u0022",
        "Sec-Fetch-Dest": "empty",
        "Sec-Fetch-Mode": "cors",
        "Sec-Fetch-Site": "same-site",
        "sync-token": "zAJw6V16=MzoxOSMzOTUwMzM3OQ==",
        "User-Agent": "Mozilla/5.0 (X11; Linux x86_64) AppleWebKit/537.36 (KHTML, like Gecko) HeadlessChrome/112.0.5614.0 Safari/537.36",
        "x-ms-client-request-id": "ae75ac96-f5a6-4772-972d-d7906218b7d1",
        "x-ms-content-sha256": "47DEQpj8HBSa\u002B/TImW\u002B5JCeuQeRkm5NMpJWZG3hSuFU=",
        "x-ms-date": "Mon, 25 Sep 2023 16:39:18 GMT",
        "x-ms-useragent": "azsdk-js-app-configuration/1.5.0-beta.2 core-rest-pipeline/1.12.2 OS"
      },
      "RequestBody": null,
      "StatusCode": 200,
      "ResponseHeaders": {
        "Access-Control-Allow-Credentials": "true",
        "Access-Control-Allow-Origin": "*",
        "Access-Control-Expose-Headers": "Keep-Alive, Cache-Control, Content-Type, x-ms-client-request-id, Date, Sync-Token, x-ms-correlation-request-id, ETag, Last-Modified, Link, Memento-Datetime, retry-after-ms, x-ms-request-id, WWW-Authenticate, Operation-Location, Retry-After",
        "Connection": "keep-alive",
        "Content-Type": "application/json; charset=utf-8",
        "Date": "Mon, 25 Sep 2023 16:39:18 GMT",
        "Retry-After": "10",
        "Strict-Transport-Security": "max-age=15724800; includeSubDomains",
        "Sync-Token": "zAJw6V16=MzoxOSMzOTUwMzM3OQ==;sn=39503379",
        "Transfer-Encoding": "chunked",
        "x-ms-correlation-request-id": "12b0835f-0249-481a-99af-4e8bf4ca2bcc",
        "x-ms-request-id": "12b0835f-0249-481a-99af-4e8bf4ca2bcc"
      },
      "ResponseBody": {
        "id": "8J9Ier7dO5LIoNha6Y3ySaenyIHwpea-oOukXAePzI0",
        "status": "Running",
        "error": null
      }
    },
    {
      "RequestUri": "https://myappconfig.azconfig.io/operations?snapshot=snapshot-1695659954968\u0026api-version=2022-11-01-preview",
      "RequestMethod": "GET",
      "RequestHeaders": {
        "Accept": "application/vnd.microsoft.appconfig.snapshot\u002Bjson, application/problem\u002Bjson",
        "Accept-Encoding": "gzip, deflate, br",
        "Accept-Language": "en-US",
        "Authorization": "Sanitized",
        "Connection": "keep-alive",
        "Content-Type": "application/vnd.microsoft.appconfig.snapshot\u002Bjson",
        "Origin": "http://localhost:9876",
        "Referer": "http://localhost:9876/",
        "sec-ch-ua": "",
        "sec-ch-ua-mobile": "?0",
        "sec-ch-ua-platform": "\u0022\u0022",
        "Sec-Fetch-Dest": "empty",
        "Sec-Fetch-Mode": "cors",
        "Sec-Fetch-Site": "same-site",
        "sync-token": "zAJw6V16=MzoxOSMzOTUwMzM3OQ==",
        "User-Agent": "Mozilla/5.0 (X11; Linux x86_64) AppleWebKit/537.36 (KHTML, like Gecko) HeadlessChrome/112.0.5614.0 Safari/537.36",
        "x-ms-client-request-id": "df7c000d-6bd2-4710-925c-d80d1b59d2ec",
        "x-ms-content-sha256": "47DEQpj8HBSa\u002B/TImW\u002B5JCeuQeRkm5NMpJWZG3hSuFU=",
        "x-ms-date": "Mon, 25 Sep 2023 16:39:18 GMT",
        "x-ms-useragent": "azsdk-js-app-configuration/1.5.0-beta.2 core-rest-pipeline/1.12.2 OS"
      },
      "RequestBody": null,
      "StatusCode": 200,
      "ResponseHeaders": {
        "Access-Control-Allow-Credentials": "true",
        "Access-Control-Allow-Origin": "*",
        "Access-Control-Expose-Headers": "Keep-Alive, Cache-Control, Content-Type, x-ms-client-request-id, Date, Sync-Token, x-ms-correlation-request-id, ETag, Last-Modified, Link, Memento-Datetime, retry-after-ms, x-ms-request-id, WWW-Authenticate, Operation-Location, Retry-After",
        "Connection": "keep-alive",
        "Content-Type": "application/json; charset=utf-8",
        "Date": "Mon, 25 Sep 2023 16:39:18 GMT",
        "Retry-After": "10",
        "Strict-Transport-Security": "max-age=15724800; includeSubDomains",
        "Sync-Token": "zAJw6V16=MzoxOSMzOTUwMzM3OQ==;sn=39503379",
        "Transfer-Encoding": "chunked",
        "x-ms-correlation-request-id": "cae71c88-900b-4b13-82c1-99e02012d8c7",
        "x-ms-request-id": "cae71c88-900b-4b13-82c1-99e02012d8c7"
      },
      "ResponseBody": {
        "id": "8J9Ier7dO5LIoNha6Y3ySaenyIHwpea-oOukXAePzI0",
        "status": "Running",
        "error": null
      }
    },
    {
      "RequestUri": "https://myappconfig.azconfig.io/operations?snapshot=snapshot-1695659954968\u0026api-version=2022-11-01-preview",
      "RequestMethod": "GET",
      "RequestHeaders": {
        "Accept": "application/vnd.microsoft.appconfig.snapshot\u002Bjson, application/problem\u002Bjson",
        "Accept-Encoding": "gzip, deflate, br",
        "Accept-Language": "en-US",
        "Authorization": "Sanitized",
        "Connection": "keep-alive",
        "Content-Type": "application/vnd.microsoft.appconfig.snapshot\u002Bjson",
        "Origin": "http://localhost:9876",
        "Referer": "http://localhost:9876/",
        "sec-ch-ua": "",
        "sec-ch-ua-mobile": "?0",
        "sec-ch-ua-platform": "\u0022\u0022",
        "Sec-Fetch-Dest": "empty",
        "Sec-Fetch-Mode": "cors",
        "Sec-Fetch-Site": "same-site",
        "sync-token": "zAJw6V16=MzoxOSMzOTUwMzM3OQ==",
        "User-Agent": "Mozilla/5.0 (X11; Linux x86_64) AppleWebKit/537.36 (KHTML, like Gecko) HeadlessChrome/112.0.5614.0 Safari/537.36",
        "x-ms-client-request-id": "e3fee9a3-5c34-45aa-9169-0b7342b97cd5",
        "x-ms-content-sha256": "47DEQpj8HBSa\u002B/TImW\u002B5JCeuQeRkm5NMpJWZG3hSuFU=",
        "x-ms-date": "Mon, 25 Sep 2023 16:39:28 GMT",
        "x-ms-useragent": "azsdk-js-app-configuration/1.5.0-beta.2 core-rest-pipeline/1.12.2 OS"
      },
      "RequestBody": null,
      "StatusCode": 200,
      "ResponseHeaders": {
        "Access-Control-Allow-Credentials": "true",
        "Access-Control-Allow-Origin": "*",
        "Access-Control-Expose-Headers": "Keep-Alive, Cache-Control, Content-Type, x-ms-client-request-id, Date, Sync-Token, x-ms-correlation-request-id, ETag, Last-Modified, Link, Memento-Datetime, retry-after-ms, x-ms-request-id, WWW-Authenticate, Operation-Location, Retry-After",
        "Connection": "keep-alive",
        "Content-Type": "application/json; charset=utf-8",
        "Date": "Mon, 25 Sep 2023 16:39:28 GMT",
        "Retry-After": "10",
        "Strict-Transport-Security": "max-age=15724800; includeSubDomains",
        "Sync-Token": "zAJw6V16=MzoxOSMzOTUwMzM4Mw==;sn=39503383",
        "Transfer-Encoding": "chunked",
        "x-ms-correlation-request-id": "bf0bb511-9642-48cc-b7e4-ebbe87fb015b",
        "x-ms-request-id": "bf0bb511-9642-48cc-b7e4-ebbe87fb015b"
      },
      "ResponseBody": {
        "id": "8J9Ier7dO5LIoNha6Y3ySaenyIHwpea-oOukXAePzI0",
        "status": "Running",
        "error": null
      }
    },
    {
      "RequestUri": "https://myappconfig.azconfig.io/operations?snapshot=snapshot-1695659954968\u0026api-version=2022-11-01-preview",
      "RequestMethod": "GET",
      "RequestHeaders": {
        "Accept": "application/vnd.microsoft.appconfig.snapshot\u002Bjson, application/problem\u002Bjson",
        "Accept-Encoding": "gzip, deflate, br",
        "Accept-Language": "en-US",
        "Authorization": "Sanitized",
        "Connection": "keep-alive",
        "Content-Type": "application/vnd.microsoft.appconfig.snapshot\u002Bjson",
        "Origin": "http://localhost:9876",
        "Referer": "http://localhost:9876/",
        "sec-ch-ua": "",
        "sec-ch-ua-mobile": "?0",
        "sec-ch-ua-platform": "\u0022\u0022",
        "Sec-Fetch-Dest": "empty",
        "Sec-Fetch-Mode": "cors",
        "Sec-Fetch-Site": "same-site",
        "sync-token": "zAJw6V16=MzoxOSMzOTUwMzM4Mw==",
        "User-Agent": "Mozilla/5.0 (X11; Linux x86_64) AppleWebKit/537.36 (KHTML, like Gecko) HeadlessChrome/112.0.5614.0 Safari/537.36",
        "x-ms-client-request-id": "0e5c82b6-f29c-446c-9e49-e22a82fbe1d7",
        "x-ms-content-sha256": "47DEQpj8HBSa\u002B/TImW\u002B5JCeuQeRkm5NMpJWZG3hSuFU=",
        "x-ms-date": "Mon, 25 Sep 2023 16:39:38 GMT",
        "x-ms-useragent": "azsdk-js-app-configuration/1.5.0-beta.2 core-rest-pipeline/1.12.2 OS"
      },
      "RequestBody": null,
      "StatusCode": 200,
      "ResponseHeaders": {
        "Access-Control-Allow-Credentials": "true",
        "Access-Control-Allow-Origin": "*",
        "Access-Control-Expose-Headers": "Keep-Alive, Cache-Control, Content-Type, x-ms-client-request-id, Date, Sync-Token, x-ms-correlation-request-id, ETag, Last-Modified, Link, Memento-Datetime, retry-after-ms, x-ms-request-id, WWW-Authenticate, Operation-Location, Retry-After",
        "Connection": "keep-alive",
        "Content-Type": "application/json; charset=utf-8",
        "Date": "Mon, 25 Sep 2023 16:39:38 GMT",
        "Strict-Transport-Security": "max-age=15724800; includeSubDomains",
        "Sync-Token": "zAJw6V16=MzoxOSMzOTUwMzQxOA==;sn=39503418",
        "Transfer-Encoding": "chunked",
        "x-ms-correlation-request-id": "2531862f-e96b-4212-b409-5bb0ec728e6a",
        "x-ms-request-id": "2531862f-e96b-4212-b409-5bb0ec728e6a"
      },
      "ResponseBody": {
        "id": "8J9Ier7dO5LIoNha6Y3ySaenyIHwpea-oOukXAePzI0",
        "status": "Succeeded",
        "error": null
      }
    },
    {
      "RequestUri": "https://myappconfig.azconfig.io/snapshots/snapshot-1695659954968?api-version=2022-11-01-preview",
      "RequestMethod": "GET",
      "RequestHeaders": {
        "Accept": "application/vnd.microsoft.appconfig.snapshot\u002Bjson, application/problem\u002Bjson",
        "Accept-Encoding": "gzip, deflate, br",
        "Accept-Language": "en-US",
        "Authorization": "Sanitized",
        "Connection": "keep-alive",
        "Content-Type": "application/vnd.microsoft.appconfig.snapshot\u002Bjson",
        "Origin": "http://localhost:9876",
        "Referer": "http://localhost:9876/",
        "sec-ch-ua": "",
        "sec-ch-ua-mobile": "?0",
        "sec-ch-ua-platform": "\u0022\u0022",
        "Sec-Fetch-Dest": "empty",
        "Sec-Fetch-Mode": "cors",
        "Sec-Fetch-Site": "same-site",
        "sync-token": "zAJw6V16=MzoxOSMzOTUwMzQxOA==",
        "User-Agent": "Mozilla/5.0 (X11; Linux x86_64) AppleWebKit/537.36 (KHTML, like Gecko) HeadlessChrome/112.0.5614.0 Safari/537.36",
        "x-ms-client-request-id": "e52f314c-d110-4f2e-844d-70c36f4f0654",
        "x-ms-content-sha256": "47DEQpj8HBSa\u002B/TImW\u002B5JCeuQeRkm5NMpJWZG3hSuFU=",
        "x-ms-date": "Mon, 25 Sep 2023 16:39:38 GMT",
        "x-ms-useragent": "azsdk-js-app-configuration/1.5.0-beta.2 core-rest-pipeline/1.12.2 OS"
      },
      "RequestBody": null,
      "StatusCode": 200,
      "ResponseHeaders": {
        "Access-Control-Allow-Credentials": "true",
        "Access-Control-Allow-Origin": "*",
        "Access-Control-Expose-Headers": "Keep-Alive, Cache-Control, Content-Type, x-ms-client-request-id, Date, Sync-Token, x-ms-correlation-request-id, ETag, Last-Modified, Link, Memento-Datetime, retry-after-ms, x-ms-request-id, WWW-Authenticate, Operation-Location, Retry-After",
        "Connection": "keep-alive",
        "Content-Type": "application/vnd.microsoft.appconfig.snapshot\u002Bjson; charset=utf-8",
        "Date": "Mon, 25 Sep 2023 16:39:38 GMT",
        "ETag": "\u0022nyVNcJ79nWcfU58Kfcl4e_dbvGFjdhaqh--VcdZsKJk\u0022",
        "Last-Modified": "Mon, 25 Sep 2023 16:39:18 GMT",
        "Link": "\u003C/kv?snapshot=snapshot-1695659954968\u0026api-version=2022-11-01-preview\u003E; rel=\u0022items\u0022",
        "Strict-Transport-Security": "max-age=15724800; includeSubDomains",
        "Sync-Token": "zAJw6V16=MzoxOSMzOTUwMzQxOA==;sn=39503418",
        "Transfer-Encoding": "chunked",
        "x-ms-correlation-request-id": "c1cf993c-016e-4216-a8d0-acdd1eed7469",
        "x-ms-request-id": "c1cf993c-016e-4216-a8d0-acdd1eed7469"
      },
      "ResponseBody": {
        "etag": "nyVNcJ79nWcfU58Kfcl4e_dbvGFjdhaqh--VcdZsKJk",
        "name": "snapshot-1695659954968",
        "status": "ready",
        "filters": [
          {
            "key": "key1-1695659954968",
            "label": "label1"
          }
        ],
        "composition_type": "key",
        "created": "2023-09-25T16:39:18\u002B00:00",
        "size": 1000,
        "items_count": 1,
        "tags": {},
        "retention_period": 2592000
      }
    },
    {
      "RequestUri": "https://myappconfig.azconfig.io/snapshots/snapshot-1695659978506?api-version=2022-11-01-preview",
      "RequestMethod": "PUT",
      "RequestHeaders": {
        "Accept": "application/vnd.microsoft.appconfig.snapshot\u002Bjson, application/problem\u002Bjson",
        "Accept-Encoding": "gzip, deflate, br",
        "Accept-Language": "en-US",
        "Authorization": "Sanitized",
        "Connection": "keep-alive",
        "Content-Length": "105",
        "Content-Type": "application/vnd.microsoft.appconfig.snapshot\u002Bjson",
        "Origin": "http://localhost:9876",
        "Referer": "http://localhost:9876/",
        "sec-ch-ua": "",
        "sec-ch-ua-mobile": "?0",
        "sec-ch-ua-platform": "\u0022\u0022",
        "Sec-Fetch-Dest": "empty",
        "Sec-Fetch-Mode": "cors",
        "Sec-Fetch-Site": "same-site",
        "sync-token": "zAJw6V16=MzoxOSMzOTUwMzQxOA==",
        "User-Agent": "Mozilla/5.0 (X11; Linux x86_64) AppleWebKit/537.36 (KHTML, like Gecko) HeadlessChrome/112.0.5614.0 Safari/537.36",
        "x-ms-client-request-id": "4f19a520-7237-4e89-9b82-8130b53c1b3a",
        "x-ms-content-sha256": "nsCm\u002BC/4Q9fEh8IK9QKNiOecXfoWCEaJb\u002B5dODXKwxs=",
        "x-ms-date": "Mon, 25 Sep 2023 16:39:38 GMT",
        "x-ms-useragent": "azsdk-js-app-configuration/1.5.0-beta.2 core-rest-pipeline/1.12.2 OS"
      },
      "RequestBody": {
        "filters": [
          {
            "key": "key1-1695659954968",
            "label": "label1"
          },
          {
            "key": "key2-1695659954968",
            "label": "label2"
          }
        ]
      },
      "StatusCode": 201,
      "ResponseHeaders": {
        "Access-Control-Allow-Credentials": "true",
        "Access-Control-Allow-Origin": "*",
        "Access-Control-Expose-Headers": "Keep-Alive, Cache-Control, Content-Type, x-ms-client-request-id, Date, Sync-Token, x-ms-correlation-request-id, ETag, Last-Modified, Link, Memento-Datetime, retry-after-ms, x-ms-request-id, WWW-Authenticate, Operation-Location, Retry-After",
        "Connection": "keep-alive",
        "Content-Type": "application/vnd.microsoft.appconfig.snapshot\u002Bjson; charset=utf-8",
        "Date": "Mon, 25 Sep 2023 16:39:38 GMT",
        "ETag": "\u0022IX5unmb6_sUKwmAsJozbTVPWWee7Htp3JkPxTHUoA-c\u0022",
        "Last-Modified": "Mon, 25 Sep 2023 16:39:38 GMT",
        "Link": "\u003C/kv?snapshot=snapshot-1695659978506\u0026api-version=2022-11-01-preview\u003E; rel=\u0022items\u0022",
        "Operation-Location": "https://myappconfig.azconfig.io/operations?snapshot=snapshot-1695659978506\u0026api-version=2022-11-01-preview",
        "Strict-Transport-Security": "max-age=15724800; includeSubDomains",
        "Sync-Token": "zAJw6V16=MzoxOSMzOTUwMzQxOQ==;sn=39503419",
        "Transfer-Encoding": "chunked",
        "x-ms-correlation-request-id": "2ad193b1-3c3a-484a-a5f1-419096ea133f",
        "x-ms-request-id": "2ad193b1-3c3a-484a-a5f1-419096ea133f"
      },
      "ResponseBody": {
        "etag": "IX5unmb6_sUKwmAsJozbTVPWWee7Htp3JkPxTHUoA-c",
        "name": "snapshot-1695659978506",
        "status": "provisioning",
        "filters": [
          {
            "key": "key1-1695659954968",
            "label": "label1"
          },
          {
            "key": "key2-1695659954968",
            "label": "label2"
          }
        ],
        "composition_type": "key",
        "created": "2023-09-25T16:39:38\u002B00:00",
        "size": 0,
        "items_count": 0,
        "tags": {},
        "retention_period": 2592000
      }
    },
    {
      "RequestUri": "https://myappconfig.azconfig.io/operations?snapshot=snapshot-1695659978506\u0026api-version=2022-11-01-preview",
      "RequestMethod": "GET",
      "RequestHeaders": {
        "Accept": "application/vnd.microsoft.appconfig.snapshot\u002Bjson, application/problem\u002Bjson",
        "Accept-Encoding": "gzip, deflate, br",
        "Accept-Language": "en-US",
        "Authorization": "Sanitized",
        "Connection": "keep-alive",
        "Content-Type": "application/vnd.microsoft.appconfig.snapshot\u002Bjson",
        "Origin": "http://localhost:9876",
        "Referer": "http://localhost:9876/",
        "sec-ch-ua": "",
        "sec-ch-ua-mobile": "?0",
        "sec-ch-ua-platform": "\u0022\u0022",
        "Sec-Fetch-Dest": "empty",
        "Sec-Fetch-Mode": "cors",
        "Sec-Fetch-Site": "same-site",
        "sync-token": "zAJw6V16=MzoxOSMzOTUwMzQxOQ==",
        "User-Agent": "Mozilla/5.0 (X11; Linux x86_64) AppleWebKit/537.36 (KHTML, like Gecko) HeadlessChrome/112.0.5614.0 Safari/537.36",
        "x-ms-client-request-id": "c3513751-56a9-4791-8949-c3be123e7c85",
        "x-ms-content-sha256": "47DEQpj8HBSa\u002B/TImW\u002B5JCeuQeRkm5NMpJWZG3hSuFU=",
        "x-ms-date": "Mon, 25 Sep 2023 16:39:38 GMT",
        "x-ms-useragent": "azsdk-js-app-configuration/1.5.0-beta.2 core-rest-pipeline/1.12.2 OS"
      },
      "RequestBody": null,
      "StatusCode": 200,
      "ResponseHeaders": {
        "Access-Control-Allow-Credentials": "true",
        "Access-Control-Allow-Origin": "*",
        "Access-Control-Expose-Headers": "Keep-Alive, Cache-Control, Content-Type, x-ms-client-request-id, Date, Sync-Token, x-ms-correlation-request-id, ETag, Last-Modified, Link, Memento-Datetime, retry-after-ms, x-ms-request-id, WWW-Authenticate, Operation-Location, Retry-After",
        "Connection": "keep-alive",
        "Content-Type": "application/json; charset=utf-8",
        "Date": "Mon, 25 Sep 2023 16:39:38 GMT",
        "Retry-After": "10",
        "Strict-Transport-Security": "max-age=15724800; includeSubDomains",
        "Sync-Token": "zAJw6V16=MzoxOSMzOTUwMzQxOQ==;sn=39503419",
        "Transfer-Encoding": "chunked",
        "x-ms-correlation-request-id": "7d3cb473-785f-40e4-b7ce-1c235b33efa3",
        "x-ms-request-id": "7d3cb473-785f-40e4-b7ce-1c235b33efa3"
      },
      "ResponseBody": {
        "id": "raL6y_w6THjFRzJadSLr2nQtirBbF86mQWQUsKp-qFc",
        "status": "Running",
        "error": null
      }
    },
    {
      "RequestUri": "https://myappconfig.azconfig.io/operations?snapshot=snapshot-1695659978506\u0026api-version=2022-11-01-preview",
      "RequestMethod": "GET",
      "RequestHeaders": {
        "Accept": "application/vnd.microsoft.appconfig.snapshot\u002Bjson, application/problem\u002Bjson",
        "Accept-Encoding": "gzip, deflate, br",
        "Accept-Language": "en-US",
        "Authorization": "Sanitized",
        "Connection": "keep-alive",
        "Content-Type": "application/vnd.microsoft.appconfig.snapshot\u002Bjson",
        "Origin": "http://localhost:9876",
        "Referer": "http://localhost:9876/",
        "sec-ch-ua": "",
        "sec-ch-ua-mobile": "?0",
        "sec-ch-ua-platform": "\u0022\u0022",
        "Sec-Fetch-Dest": "empty",
        "Sec-Fetch-Mode": "cors",
        "Sec-Fetch-Site": "same-site",
        "sync-token": "zAJw6V16=MzoxOSMzOTUwMzQxOQ==",
        "User-Agent": "Mozilla/5.0 (X11; Linux x86_64) AppleWebKit/537.36 (KHTML, like Gecko) HeadlessChrome/112.0.5614.0 Safari/537.36",
        "x-ms-client-request-id": "13729678-a1b3-46df-9f57-bbd4893839a4",
        "x-ms-content-sha256": "47DEQpj8HBSa\u002B/TImW\u002B5JCeuQeRkm5NMpJWZG3hSuFU=",
        "x-ms-date": "Mon, 25 Sep 2023 16:39:38 GMT",
        "x-ms-useragent": "azsdk-js-app-configuration/1.5.0-beta.2 core-rest-pipeline/1.12.2 OS"
      },
      "RequestBody": null,
      "StatusCode": 200,
      "ResponseHeaders": {
        "Access-Control-Allow-Credentials": "true",
        "Access-Control-Allow-Origin": "*",
        "Access-Control-Expose-Headers": "Keep-Alive, Cache-Control, Content-Type, x-ms-client-request-id, Date, Sync-Token, x-ms-correlation-request-id, ETag, Last-Modified, Link, Memento-Datetime, retry-after-ms, x-ms-request-id, WWW-Authenticate, Operation-Location, Retry-After",
        "Connection": "keep-alive",
        "Content-Type": "application/json; charset=utf-8",
        "Date": "Mon, 25 Sep 2023 16:39:38 GMT",
        "Retry-After": "10",
        "Strict-Transport-Security": "max-age=15724800; includeSubDomains",
        "Sync-Token": "zAJw6V16=MzoxOSMzOTUwMzQxOQ==;sn=39503419",
        "Transfer-Encoding": "chunked",
        "x-ms-correlation-request-id": "d06aaaf8-6872-4d2f-ab32-51256183e8c7",
        "x-ms-request-id": "d06aaaf8-6872-4d2f-ab32-51256183e8c7"
      },
      "ResponseBody": {
        "id": "raL6y_w6THjFRzJadSLr2nQtirBbF86mQWQUsKp-qFc",
        "status": "Running",
        "error": null
      }
    },
    {
      "RequestUri": "https://myappconfig.azconfig.io/operations?snapshot=snapshot-1695659978506\u0026api-version=2022-11-01-preview",
      "RequestMethod": "GET",
      "RequestHeaders": {
        "Accept": "application/vnd.microsoft.appconfig.snapshot\u002Bjson, application/problem\u002Bjson",
        "Accept-Encoding": "gzip, deflate, br",
        "Accept-Language": "en-US",
        "Authorization": "Sanitized",
        "Connection": "keep-alive",
        "Content-Type": "application/vnd.microsoft.appconfig.snapshot\u002Bjson",
        "Origin": "http://localhost:9876",
        "Referer": "http://localhost:9876/",
        "sec-ch-ua": "",
        "sec-ch-ua-mobile": "?0",
        "sec-ch-ua-platform": "\u0022\u0022",
        "Sec-Fetch-Dest": "empty",
        "Sec-Fetch-Mode": "cors",
        "Sec-Fetch-Site": "same-site",
        "sync-token": "zAJw6V16=MzoxOSMzOTUwMzQxOQ==",
        "User-Agent": "Mozilla/5.0 (X11; Linux x86_64) AppleWebKit/537.36 (KHTML, like Gecko) HeadlessChrome/112.0.5614.0 Safari/537.36",
        "x-ms-client-request-id": "4c480b58-51d7-420d-8f45-1237bb243caa",
        "x-ms-content-sha256": "47DEQpj8HBSa\u002B/TImW\u002B5JCeuQeRkm5NMpJWZG3hSuFU=",
        "x-ms-date": "Mon, 25 Sep 2023 16:39:48 GMT",
        "x-ms-useragent": "azsdk-js-app-configuration/1.5.0-beta.2 core-rest-pipeline/1.12.2 OS"
      },
      "RequestBody": null,
      "StatusCode": 200,
      "ResponseHeaders": {
        "Access-Control-Allow-Credentials": "true",
        "Access-Control-Allow-Origin": "*",
        "Access-Control-Expose-Headers": "Keep-Alive, Cache-Control, Content-Type, x-ms-client-request-id, Date, Sync-Token, x-ms-correlation-request-id, ETag, Last-Modified, Link, Memento-Datetime, retry-after-ms, x-ms-request-id, WWW-Authenticate, Operation-Location, Retry-After",
        "Connection": "keep-alive",
        "Content-Type": "application/json; charset=utf-8",
        "Date": "Mon, 25 Sep 2023 16:39:48 GMT",
        "Retry-After": "10",
        "Strict-Transport-Security": "max-age=15724800; includeSubDomains",
        "Sync-Token": "zAJw6V16=MzoxOSMzOTUwMzQyMg==;sn=39503422",
        "Transfer-Encoding": "chunked",
        "x-ms-correlation-request-id": "b8c28d74-779c-4475-ad22-2e37c409f0b5",
        "x-ms-request-id": "b8c28d74-779c-4475-ad22-2e37c409f0b5"
      },
      "ResponseBody": {
        "id": "raL6y_w6THjFRzJadSLr2nQtirBbF86mQWQUsKp-qFc",
        "status": "Running",
        "error": null
      }
    },
    {
      "RequestUri": "https://myappconfig.azconfig.io/operations?snapshot=snapshot-1695659978506\u0026api-version=2022-11-01-preview",
      "RequestMethod": "GET",
      "RequestHeaders": {
        "Accept": "application/vnd.microsoft.appconfig.snapshot\u002Bjson, application/problem\u002Bjson",
        "Accept-Encoding": "gzip, deflate, br",
        "Accept-Language": "en-US",
        "Authorization": "Sanitized",
        "Connection": "keep-alive",
        "Content-Type": "application/vnd.microsoft.appconfig.snapshot\u002Bjson",
        "Origin": "http://localhost:9876",
        "Referer": "http://localhost:9876/",
        "sec-ch-ua": "",
        "sec-ch-ua-mobile": "?0",
        "sec-ch-ua-platform": "\u0022\u0022",
        "Sec-Fetch-Dest": "empty",
        "Sec-Fetch-Mode": "cors",
        "Sec-Fetch-Site": "same-site",
        "sync-token": "zAJw6V16=MzoxOSMzOTUwMzQyMg==",
        "User-Agent": "Mozilla/5.0 (X11; Linux x86_64) AppleWebKit/537.36 (KHTML, like Gecko) HeadlessChrome/112.0.5614.0 Safari/537.36",
        "x-ms-client-request-id": "ba2254b1-5e27-47b6-bce7-9e6c6fe12709",
        "x-ms-content-sha256": "47DEQpj8HBSa\u002B/TImW\u002B5JCeuQeRkm5NMpJWZG3hSuFU=",
        "x-ms-date": "Mon, 25 Sep 2023 16:39:58 GMT",
        "x-ms-useragent": "azsdk-js-app-configuration/1.5.0-beta.2 core-rest-pipeline/1.12.2 OS"
      },
      "RequestBody": null,
      "StatusCode": 200,
      "ResponseHeaders": {
        "Access-Control-Allow-Credentials": "true",
        "Access-Control-Allow-Origin": "*",
        "Access-Control-Expose-Headers": "Keep-Alive, Cache-Control, Content-Type, x-ms-client-request-id, Date, Sync-Token, x-ms-correlation-request-id, ETag, Last-Modified, Link, Memento-Datetime, retry-after-ms, x-ms-request-id, WWW-Authenticate, Operation-Location, Retry-After",
        "Connection": "keep-alive",
        "Content-Type": "application/json; charset=utf-8",
        "Date": "Mon, 25 Sep 2023 16:39:58 GMT",
        "Strict-Transport-Security": "max-age=15724800; includeSubDomains",
        "Sync-Token": "zAJw6V16=MzoxOSMzOTUwMzQyNQ==;sn=39503425",
        "Transfer-Encoding": "chunked",
        "x-ms-correlation-request-id": "4d4ecf1d-fae1-4740-8d94-537bbe04abb8",
        "x-ms-request-id": "4d4ecf1d-fae1-4740-8d94-537bbe04abb8"
      },
      "ResponseBody": {
        "id": "raL6y_w6THjFRzJadSLr2nQtirBbF86mQWQUsKp-qFc",
        "status": "Succeeded",
        "error": null
      }
    },
    {
      "RequestUri": "https://myappconfig.azconfig.io/snapshots/snapshot-1695659978506?api-version=2022-11-01-preview",
      "RequestMethod": "GET",
      "RequestHeaders": {
        "Accept": "application/vnd.microsoft.appconfig.snapshot\u002Bjson, application/problem\u002Bjson",
        "Accept-Encoding": "gzip, deflate, br",
        "Accept-Language": "en-US",
        "Authorization": "Sanitized",
        "Connection": "keep-alive",
        "Content-Type": "application/vnd.microsoft.appconfig.snapshot\u002Bjson",
        "Origin": "http://localhost:9876",
        "Referer": "http://localhost:9876/",
        "sec-ch-ua": "",
        "sec-ch-ua-mobile": "?0",
        "sec-ch-ua-platform": "\u0022\u0022",
        "Sec-Fetch-Dest": "empty",
        "Sec-Fetch-Mode": "cors",
        "Sec-Fetch-Site": "same-site",
        "sync-token": "zAJw6V16=MzoxOSMzOTUwMzQyNQ==",
        "User-Agent": "Mozilla/5.0 (X11; Linux x86_64) AppleWebKit/537.36 (KHTML, like Gecko) HeadlessChrome/112.0.5614.0 Safari/537.36",
        "x-ms-client-request-id": "163d40b1-be9a-4781-828c-00829619df12",
        "x-ms-content-sha256": "47DEQpj8HBSa\u002B/TImW\u002B5JCeuQeRkm5NMpJWZG3hSuFU=",
        "x-ms-date": "Mon, 25 Sep 2023 16:39:58 GMT",
        "x-ms-useragent": "azsdk-js-app-configuration/1.5.0-beta.2 core-rest-pipeline/1.12.2 OS"
      },
      "RequestBody": null,
      "StatusCode": 200,
      "ResponseHeaders": {
        "Access-Control-Allow-Credentials": "true",
        "Access-Control-Allow-Origin": "*",
        "Access-Control-Expose-Headers": "Keep-Alive, Cache-Control, Content-Type, x-ms-client-request-id, Date, Sync-Token, x-ms-correlation-request-id, ETag, Last-Modified, Link, Memento-Datetime, retry-after-ms, x-ms-request-id, WWW-Authenticate, Operation-Location, Retry-After",
        "Connection": "keep-alive",
        "Content-Type": "application/vnd.microsoft.appconfig.snapshot\u002Bjson; charset=utf-8",
        "Date": "Mon, 25 Sep 2023 16:39:59 GMT",
        "ETag": "\u0022IX5unmb6_sUKwmAsJozbTVPWWee7Htp3JkPxTHUoA-c\u0022",
        "Last-Modified": "Mon, 25 Sep 2023 16:39:38 GMT",
        "Link": "\u003C/kv?snapshot=snapshot-1695659978506\u0026api-version=2022-11-01-preview\u003E; rel=\u0022items\u0022",
        "Strict-Transport-Security": "max-age=15724800; includeSubDomains",
        "Sync-Token": "zAJw6V16=MzoxOSMzOTUwMzQyNQ==;sn=39503425",
        "Transfer-Encoding": "chunked",
        "x-ms-correlation-request-id": "b76cafe5-8d83-4135-b058-5a71e5d57967",
        "x-ms-request-id": "b76cafe5-8d83-4135-b058-5a71e5d57967"
      },
      "ResponseBody": {
        "etag": "IX5unmb6_sUKwmAsJozbTVPWWee7Htp3JkPxTHUoA-c",
        "name": "snapshot-1695659978506",
        "status": "ready",
        "filters": [
          {
            "key": "key1-1695659954968",
            "label": "label1"
          },
          {
            "key": "key2-1695659954968",
            "label": "label2"
          }
        ],
        "composition_type": "key",
        "created": "2023-09-25T16:39:38\u002B00:00",
        "size": 1000,
        "items_count": 2,
        "tags": {},
        "retention_period": 2592000
      }
    },
    {
      "RequestUri": "https://myappconfig.azconfig.io/snapshots?api-version=2022-11-01-preview\u0026status=ready",
      "RequestMethod": "GET",
      "RequestHeaders": {
        "Accept": "application/vnd.microsoft.appconfig.snapshotset\u002Bjson, application/problem\u002Bjson",
        "Accept-Encoding": "gzip, deflate, br",
        "Accept-Language": "en-US",
        "Authorization": "Sanitized",
        "Connection": "keep-alive",
        "Origin": "http://localhost:9876",
        "Referer": "http://localhost:9876/",
        "sec-ch-ua": "",
        "sec-ch-ua-mobile": "?0",
        "sec-ch-ua-platform": "\u0022\u0022",
        "Sec-Fetch-Dest": "empty",
        "Sec-Fetch-Mode": "cors",
        "Sec-Fetch-Site": "same-site",
        "sync-token": "zAJw6V16=MzoxOSMzOTUwMzQyNQ==",
        "User-Agent": "Mozilla/5.0 (X11; Linux x86_64) AppleWebKit/537.36 (KHTML, like Gecko) HeadlessChrome/112.0.5614.0 Safari/537.36",
        "x-ms-client-request-id": "f1296580-90f8-4bcc-a0a2-127a60548512",
        "x-ms-content-sha256": "47DEQpj8HBSa\u002B/TImW\u002B5JCeuQeRkm5NMpJWZG3hSuFU=",
        "x-ms-date": "Mon, 25 Sep 2023 16:39:59 GMT",
        "x-ms-useragent": "azsdk-js-app-configuration/1.5.0-beta.2 core-rest-pipeline/1.12.2 OS"
      },
      "RequestBody": null,
      "StatusCode": 200,
      "ResponseHeaders": {
        "Access-Control-Allow-Credentials": "true",
        "Access-Control-Allow-Origin": "*",
        "Access-Control-Expose-Headers": "Keep-Alive, Cache-Control, Content-Type, x-ms-client-request-id, Date, Sync-Token, x-ms-correlation-request-id, ETag, Last-Modified, Link, Memento-Datetime, retry-after-ms, x-ms-request-id, WWW-Authenticate, Operation-Location, Retry-After",
        "Connection": "keep-alive",
        "Content-Type": "application/vnd.microsoft.appconfig.snapshotset\u002Bjson; charset=utf-8",
        "Date": "Mon, 25 Sep 2023 16:39:59 GMT",
        "Strict-Transport-Security": "max-age=15724800; includeSubDomains",
        "Sync-Token": "zAJw6V16=MzoxOSMzOTUwMzQyNQ==;sn=39503425",
        "Transfer-Encoding": "chunked",
        "x-ms-correlation-request-id": "89960c23-2931-4c6b-9a80-c27e996134b6",
        "x-ms-request-id": "89960c23-2931-4c6b-9a80-c27e996134b6"
      },
      "ResponseBody": {
        "items": [
          {
            "etag": "nyVNcJ79nWcfU58Kfcl4e_dbvGFjdhaqh--VcdZsKJk",
            "name": "snapshot-1695659954968",
            "status": "ready",
            "filters": [
              {
                "key": "key1-1695659954968",
                "label": "label1"
              }
            ],
            "composition_type": "key",
            "created": "2023-09-25T16:39:18\u002B00:00",
            "size": 1000,
            "items_count": 1,
            "tags": {},
            "retention_period": 2592000
          },
          {
            "etag": "IX5unmb6_sUKwmAsJozbTVPWWee7Htp3JkPxTHUoA-c",
            "name": "snapshot-1695659978506",
            "status": "ready",
            "filters": [
              {
                "key": "key1-1695659954968",
                "label": "label1"
              },
              {
                "key": "key2-1695659954968",
                "label": "label2"
              }
            ],
            "composition_type": "key",
            "created": "2023-09-25T16:39:38\u002B00:00",
            "size": 1000,
            "items_count": 2,
            "tags": {},
            "retention_period": 2592000
          }
        ]
      }
    },
    {
      "RequestUri": "https://myappconfig.azconfig.io/snapshots/snapshot-1695659954968?api-version=2022-11-01-preview",
      "RequestMethod": "PATCH",
      "RequestHeaders": {
        "Accept": "application/vnd.microsoft.appconfig.snapshot\u002Bjson, application/problem\u002Bjson",
        "Accept-Encoding": "gzip, deflate, br",
        "Accept-Language": "en-US",
        "Authorization": "Sanitized",
        "Connection": "keep-alive",
        "Content-Length": "21",
        "Content-Type": "application/json",
        "Origin": "http://localhost:9876",
        "Referer": "http://localhost:9876/",
        "sec-ch-ua": "",
        "sec-ch-ua-mobile": "?0",
        "sec-ch-ua-platform": "\u0022\u0022",
        "Sec-Fetch-Dest": "empty",
        "Sec-Fetch-Mode": "cors",
        "Sec-Fetch-Site": "same-site",
        "sync-token": "zAJw6V16=MzoxOSMzOTUwMzQyNQ==",
        "User-Agent": "Mozilla/5.0 (X11; Linux x86_64) AppleWebKit/537.36 (KHTML, like Gecko) HeadlessChrome/112.0.5614.0 Safari/537.36",
        "x-ms-client-request-id": "2ade0721-34d3-4deb-b51d-3d39948cb6d9",
        "x-ms-content-sha256": "tynngJHjE7uDMwpGVh1hcULF0zuJfLFECY9VxlHWIWo=",
        "x-ms-date": "Mon, 25 Sep 2023 16:39:59 GMT",
        "x-ms-useragent": "azsdk-js-app-configuration/1.5.0-beta.2 core-rest-pipeline/1.12.2 OS"
      },
      "RequestBody": {
        "status": "archived"
      },
      "StatusCode": 200,
      "ResponseHeaders": {
        "Access-Control-Allow-Credentials": "true",
        "Access-Control-Allow-Origin": "*",
        "Access-Control-Expose-Headers": "Keep-Alive, Cache-Control, Content-Type, x-ms-client-request-id, Date, Sync-Token, x-ms-correlation-request-id, ETag, Last-Modified, Link, Memento-Datetime, retry-after-ms, x-ms-request-id, WWW-Authenticate, Operation-Location, Retry-After",
        "Connection": "keep-alive",
        "Content-Type": "application/vnd.microsoft.appconfig.snapshot\u002Bjson; charset=utf-8",
        "Date": "Mon, 25 Sep 2023 16:39:59 GMT",
        "ETag": "\u0022NNSQJjdPNZLeHQfMj-PxyEFjNXh5ixVJud2ixHBJpGs\u0022",
        "Last-Modified": "Mon, 25 Sep 2023 16:39:18 GMT",
        "Link": "\u003C/kv?snapshot=snapshot-1695659954968\u0026api-version=2022-11-01-preview\u003E; rel=\u0022items\u0022",
        "Strict-Transport-Security": "max-age=15724800; includeSubDomains",
        "Sync-Token": "zAJw6V16=MzoxOSMzOTUwMzQyNg==;sn=39503426",
        "Transfer-Encoding": "chunked",
        "x-ms-correlation-request-id": "b9cc400b-edea-430a-a021-8eff9781ebd0",
        "x-ms-request-id": "b9cc400b-edea-430a-a021-8eff9781ebd0"
      },
      "ResponseBody": {
        "etag": "NNSQJjdPNZLeHQfMj-PxyEFjNXh5ixVJud2ixHBJpGs",
        "name": "snapshot-1695659954968",
        "status": "archived",
        "filters": [
          {
            "key": "key1-1695659954968",
            "label": "label1"
          }
        ],
        "composition_type": "key",
        "created": "2023-09-25T16:39:18\u002B00:00",
        "expires": "2023-10-25T16:39:59.2111742\u002B00:00",
        "size": 1000,
        "items_count": 1,
        "tags": {},
        "retention_period": 2592000
      }
    },
    {
      "RequestUri": "https://myappconfig.azconfig.io/snapshots/snapshot-1695659978506?api-version=2022-11-01-preview",
      "RequestMethod": "PATCH",
      "RequestHeaders": {
        "Accept": "application/vnd.microsoft.appconfig.snapshot\u002Bjson, application/problem\u002Bjson",
        "Accept-Encoding": "gzip, deflate, br",
        "Accept-Language": "en-US",
        "Authorization": "Sanitized",
        "Connection": "keep-alive",
        "Content-Length": "21",
        "Content-Type": "application/json",
        "Origin": "http://localhost:9876",
        "Referer": "http://localhost:9876/",
        "sec-ch-ua": "",
        "sec-ch-ua-mobile": "?0",
        "sec-ch-ua-platform": "\u0022\u0022",
        "Sec-Fetch-Dest": "empty",
        "Sec-Fetch-Mode": "cors",
        "Sec-Fetch-Site": "same-site",
        "sync-token": "zAJw6V16=MzoxOSMzOTUwMzQyNg==",
        "User-Agent": "Mozilla/5.0 (X11; Linux x86_64) AppleWebKit/537.36 (KHTML, like Gecko) HeadlessChrome/112.0.5614.0 Safari/537.36",
        "x-ms-client-request-id": "7ddfd095-f69f-4fc9-a2d3-87e5fade5a5c",
        "x-ms-content-sha256": "tynngJHjE7uDMwpGVh1hcULF0zuJfLFECY9VxlHWIWo=",
        "x-ms-date": "Mon, 25 Sep 2023 16:39:59 GMT",
        "x-ms-useragent": "azsdk-js-app-configuration/1.5.0-beta.2 core-rest-pipeline/1.12.2 OS"
      },
      "RequestBody": {
        "status": "archived"
      },
      "StatusCode": 200,
      "ResponseHeaders": {
        "Access-Control-Allow-Credentials": "true",
        "Access-Control-Allow-Origin": "*",
        "Access-Control-Expose-Headers": "Keep-Alive, Cache-Control, Content-Type, x-ms-client-request-id, Date, Sync-Token, x-ms-correlation-request-id, ETag, Last-Modified, Link, Memento-Datetime, retry-after-ms, x-ms-request-id, WWW-Authenticate, Operation-Location, Retry-After",
        "Connection": "keep-alive",
        "Content-Type": "application/vnd.microsoft.appconfig.snapshot\u002Bjson; charset=utf-8",
        "Date": "Mon, 25 Sep 2023 16:39:59 GMT",
        "ETag": "\u00224-OOCMuk9KYkSYmOiKuunjIBVsyZudoG6ad-iin4Jlc\u0022",
        "Last-Modified": "Mon, 25 Sep 2023 16:39:38 GMT",
        "Link": "\u003C/kv?snapshot=snapshot-1695659978506\u0026api-version=2022-11-01-preview\u003E; rel=\u0022items\u0022",
        "Strict-Transport-Security": "max-age=15724800; includeSubDomains",
        "Sync-Token": "zAJw6V16=MzoxOSMzOTUwMzQyNw==;sn=39503427",
        "Transfer-Encoding": "chunked",
        "x-ms-correlation-request-id": "b191241d-38aa-41fc-a191-e38d4ef9841f",
        "x-ms-request-id": "b191241d-38aa-41fc-a191-e38d4ef9841f"
      },
      "ResponseBody": {
        "etag": "4-OOCMuk9KYkSYmOiKuunjIBVsyZudoG6ad-iin4Jlc",
        "name": "snapshot-1695659978506",
        "status": "archived",
        "filters": [
          {
            "key": "key1-1695659954968",
            "label": "label1"
          },
          {
            "key": "key2-1695659954968",
            "label": "label2"
          }
        ],
        "composition_type": "key",
        "created": "2023-09-25T16:39:38\u002B00:00",
        "expires": "2023-10-25T16:39:59.3751862\u002B00:00",
        "size": 1000,
        "items_count": 2,
        "tags": {},
        "retention_period": 2592000
      }
    },
    {
      "RequestUri": "https://myappconfig.azconfig.io/kv/key1-1695659954968?api-version=2022-11-01-preview\u0026label=label1",
      "RequestMethod": "DELETE",
      "RequestHeaders": {
        "Accept": "application/vnd.microsoft.appconfig.kv\u002Bjson, application/problem\u002Bjson",
        "Accept-Encoding": "gzip, deflate, br",
        "Accept-Language": "en-US",
        "Authorization": "Sanitized",
        "Connection": "keep-alive",
        "Origin": "http://localhost:9876",
        "Referer": "http://localhost:9876/",
        "sec-ch-ua": "",
        "sec-ch-ua-mobile": "?0",
        "sec-ch-ua-platform": "\u0022\u0022",
        "Sec-Fetch-Dest": "empty",
        "Sec-Fetch-Mode": "cors",
        "Sec-Fetch-Site": "same-site",
        "sync-token": "zAJw6V16=MzoxOSMzOTUwMzQyNw==",
        "User-Agent": "Mozilla/5.0 (X11; Linux x86_64) AppleWebKit/537.36 (KHTML, like Gecko) HeadlessChrome/112.0.5614.0 Safari/537.36",
        "x-ms-client-request-id": "2fd106cd-54ba-430d-8eb1-e00b7a06ac71",
        "x-ms-content-sha256": "47DEQpj8HBSa\u002B/TImW\u002B5JCeuQeRkm5NMpJWZG3hSuFU=",
        "x-ms-date": "Mon, 25 Sep 2023 16:39:59 GMT",
        "x-ms-useragent": "azsdk-js-app-configuration/1.5.0-beta.2 core-rest-pipeline/1.12.2 OS"
      },
      "RequestBody": null,
      "StatusCode": 200,
      "ResponseHeaders": {
        "Access-Control-Allow-Credentials": "true",
        "Access-Control-Allow-Origin": "*",
        "Access-Control-Expose-Headers": "Keep-Alive, Cache-Control, Content-Type, x-ms-client-request-id, Date, Sync-Token, x-ms-correlation-request-id, ETag, Last-Modified, Link, Memento-Datetime, retry-after-ms, x-ms-request-id, WWW-Authenticate, Operation-Location, Retry-After",
        "Connection": "keep-alive",
        "Content-Type": "application/vnd.microsoft.appconfig.kv\u002Bjson; charset=utf-8",
        "Date": "Mon, 25 Sep 2023 16:39:59 GMT",
        "ETag": "\u00229jqp-dEsaSzKah9Lt6FqE8DFH8nUo7QEhRHxGE2LbqM\u0022",
        "Last-Modified": "Mon, 25 Sep 2023 16:39:15 GMT",
        "Strict-Transport-Security": "max-age=15724800; includeSubDomains",
        "Sync-Token": "zAJw6V16=MzoxOSMzOTUwMzQyOA==;sn=39503428",
        "Transfer-Encoding": "chunked",
        "x-ms-correlation-request-id": "26f5235f-c2d4-42f9-b862-a63cf79783da",
        "x-ms-request-id": "26f5235f-c2d4-42f9-b862-a63cf79783da"
      },
      "ResponseBody": {
        "etag": "9jqp-dEsaSzKah9Lt6FqE8DFH8nUo7QEhRHxGE2LbqM",
        "key": "key1-1695659954968",
        "label": "label1",
        "content_type": null,
        "value": "value1",
        "tags": {},
        "locked": false,
        "last_modified": "2023-09-25T16:39:15\u002B00:00"
      }
    },
    {
      "RequestUri": "https://myappconfig.azconfig.io/kv/key2-1695659954968?api-version=2022-11-01-preview\u0026label=label2",
      "RequestMethod": "DELETE",
      "RequestHeaders": {
        "Accept": "application/vnd.microsoft.appconfig.kv\u002Bjson, application/problem\u002Bjson",
        "Accept-Encoding": "gzip, deflate, br",
        "Accept-Language": "en-US",
        "Authorization": "Sanitized",
        "Connection": "keep-alive",
        "Origin": "http://localhost:9876",
        "Referer": "http://localhost:9876/",
        "sec-ch-ua": "",
        "sec-ch-ua-mobile": "?0",
        "sec-ch-ua-platform": "\u0022\u0022",
        "Sec-Fetch-Dest": "empty",
        "Sec-Fetch-Mode": "cors",
        "Sec-Fetch-Site": "same-site",
        "sync-token": "zAJw6V16=MzoxOSMzOTUwMzQyOA==",
        "User-Agent": "Mozilla/5.0 (X11; Linux x86_64) AppleWebKit/537.36 (KHTML, like Gecko) HeadlessChrome/112.0.5614.0 Safari/537.36",
        "x-ms-client-request-id": "8058a7d4-0b1b-4595-a26f-db49dc1d0ce9",
        "x-ms-content-sha256": "47DEQpj8HBSa\u002B/TImW\u002B5JCeuQeRkm5NMpJWZG3hSuFU=",
        "x-ms-date": "Mon, 25 Sep 2023 16:39:59 GMT",
        "x-ms-useragent": "azsdk-js-app-configuration/1.5.0-beta.2 core-rest-pipeline/1.12.2 OS"
      },
      "RequestBody": null,
      "StatusCode": 200,
      "ResponseHeaders": {
        "Access-Control-Allow-Credentials": "true",
        "Access-Control-Allow-Origin": "*",
        "Access-Control-Expose-Headers": "Keep-Alive, Cache-Control, Content-Type, x-ms-client-request-id, Date, Sync-Token, x-ms-correlation-request-id, ETag, Last-Modified, Link, Memento-Datetime, retry-after-ms, x-ms-request-id, WWW-Authenticate, Operation-Location, Retry-After",
        "Connection": "keep-alive",
        "Content-Type": "application/vnd.microsoft.appconfig.kv\u002Bjson; charset=utf-8",
        "Date": "Mon, 25 Sep 2023 16:39:59 GMT",
        "ETag": "\u0022LWV8LFYFklQqz4JMxFOfLwhGU5jui2lrs1cr5kLNtqY\u0022",
        "Last-Modified": "Mon, 25 Sep 2023 16:39:15 GMT",
        "Strict-Transport-Security": "max-age=15724800; includeSubDomains",
        "Sync-Token": "zAJw6V16=MzoxOSMzOTUwMzQyOQ==;sn=39503429",
        "Transfer-Encoding": "chunked",
        "x-ms-correlation-request-id": "836c16e9-68af-4a45-947a-c02f7e35fc7e",
        "x-ms-request-id": "836c16e9-68af-4a45-947a-c02f7e35fc7e"
      },
      "ResponseBody": {
        "etag": "LWV8LFYFklQqz4JMxFOfLwhGU5jui2lrs1cr5kLNtqY",
        "key": "key2-1695659954968",
        "label": "label2",
        "content_type": null,
        "value": "value2",
        "tags": {},
        "locked": false,
        "last_modified": "2023-09-25T16:39:15\u002B00:00"
      }
    }
  ],
  "Variables": {
    "key1": "key1-1695659954968",
    "key2": "key2-1695659954968",
    "snapshot1": "snapshot-1695659954968",
    "snapshot2": "snapshot-1695659978506"
  }
}
