{
  "Entries": [
    {
      "RequestUri": "https://fake_cs_resource.cognitiveservices.azure.com/contentsafety/text/blocklists/TestRemoveBlocklistItem?api-version=2023-10-01",
      "RequestMethod": "PATCH",
      "RequestHeaders": {
        "Accept": "application/json",
        "Accept-Encoding": "gzip, deflate",
        "Connection": "keep-alive",
        "Content-Length": "89",
        "Content-Type": "application/merge-patch\u002Bjson",
        "Ocp-Apim-Subscription-Key": "00000000000000000000000000000000",
        "User-Agent": "azsdk-python-ai-contentsafety/1.0.0 Python/3.8.10 (Windows-10-10.0.22631-SP0)"
      },
      "RequestBody": {
        "blocklistName": "TestRemoveBlocklistItem",
        "description": "Test blocklist management."
      },
      "StatusCode": 200,
      "ResponseHeaders": {
        "api-supported-versions": "2023-04-30-preview,2023-10-01,2023-10-15-preview,2023-10-30",
        "apim-request-id": "38a29654-faa0-43fb-8e59-3312372df567",
        "Content-Type": "application/json; charset=utf-8",
        "Date": "Wed, 29 Nov 2023 07:29:12 GMT",
        "Server": "istio-envoy",
        "Strict-Transport-Security": "max-age=31536000; includeSubDomains; preload",
        "Transfer-Encoding": "chunked",
        "X-Content-Type-Options": "nosniff",
        "x-envoy-upstream-service-time": "12",
        "x-ms-region": "Central US EUAP"
      },
      "ResponseBody": {
        "blocklistName": "TestRemoveBlocklistItem",
        "description": "Test blocklist management."
      }
    },
    {
      "RequestUri": "https://fake_cs_resource.cognitiveservices.azure.com/contentsafety/text/blocklists/TestRemoveBlocklistItem:addOrUpdateBlocklistItems?api-version=2023-10-01",
      "RequestMethod": "POST",
      "RequestHeaders": {
        "Accept": "application/json",
        "Accept-Encoding": "gzip, deflate",
        "Connection": "keep-alive",
        "Content-Length": "38",
        "Content-Type": "application/json",
        "Ocp-Apim-Subscription-Key": "00000000000000000000000000000000",
        "User-Agent": "azsdk-python-ai-contentsafety/1.0.0 Python/3.8.10 (Windows-10-10.0.22631-SP0)"
      },
      "RequestBody": {
        "blocklistItems": [
          {
            "text": "k*ll"
          }
        ]
      },
      "StatusCode": 200,
      "ResponseHeaders": {
        "api-supported-versions": "2023-04-30-preview,2023-10-01,2023-10-15-preview,2023-10-30",
        "apim-request-id": "4bbcdfe1-48f4-4109-a7d5-c9fc87645165",
        "Content-Type": "application/json; charset=utf-8",
        "Date": "Wed, 29 Nov 2023 07:29:12 GMT",
        "Server": "istio-envoy",
        "Strict-Transport-Security": "max-age=31536000; includeSubDomains; preload",
        "Transfer-Encoding": "chunked",
        "X-Content-Type-Options": "nosniff",
        "x-envoy-upstream-service-time": "88",
        "x-ms-region": "Central US EUAP"
      },
      "ResponseBody": {
        "blocklistItems": [
          {
            "blocklistItemId": "d5d6f78d-d6fb-496c-ba71-d66f6d91b0c4",
            "text": "k*ll"
          }
        ]
      }
    },
    {
      "RequestUri": "https://fake_cs_resource.cognitiveservices.azure.com/contentsafety/text/blocklists/TestRemoveBlocklistItem:removeBlocklistItems?api-version=2023-10-01",
      "RequestMethod": "POST",
      "RequestHeaders": {
        "Accept": "*/*",
        "Accept-Encoding": "gzip, deflate",
        "Connection": "keep-alive",
        "Content-Length": "62",
        "Content-Type": "application/json",
        "Ocp-Apim-Subscription-Key": "00000000000000000000000000000000",
        "User-Agent": "azsdk-python-ai-contentsafety/1.0.0 Python/3.8.10 (Windows-10-10.0.22631-SP0)"
      },
      "RequestBody": {
        "blocklistItemIds": [
          "d5d6f78d-d6fb-496c-ba71-d66f6d91b0c4"
        ]
      },
      "StatusCode": 204,
      "ResponseHeaders": {
        "api-supported-versions": "2023-04-30-preview,2023-10-01,2023-10-15-preview,2023-10-30",
        "apim-request-id": "27fb9a02-bf6b-48ab-9a40-5a50c3c4ccb1",
        "Date": "Wed, 29 Nov 2023 07:29:12 GMT",
        "Server": "istio-envoy",
        "Strict-Transport-Security": "max-age=31536000; includeSubDomains; preload",
        "X-Content-Type-Options": "nosniff",
        "x-envoy-upstream-service-time": "22",
        "x-ms-region": "Central US EUAP"
      },
      "ResponseBody": null
    }
  ],
  "Variables": {}
}
