{
  "Entries": [
    {
      "RequestUri": "https://fake_cs_resource.cognitiveservices.azure.com/contentsafety/text/blocklists/TestRemoveBlocklistItem?api-version=2023-10-01",
      "RequestMethod": "PATCH",
      "RequestHeaders": {
        "Accept": "application/json",
        "Accept-Encoding": "gzip, deflate",
        "Connection": "keep-alive",
        "Content-Length": "89",
        "Content-Type": "application/merge-patch\u002Bjson",
        "Ocp-Apim-Subscription-Key": "00000000000000000000000000000000",
        "User-Agent": "azsdk-python-ai-contentsafety/1.0.0 Python/3.8.10 (Windows-10-10.0.22631-SP0)"
      },
      "RequestBody": {
        "blocklistName": "TestRemoveBlocklistItem",
        "description": "Test blocklist management."
      },
      "StatusCode": 200,
      "ResponseHeaders": {
        "api-supported-versions": "2023-04-30-preview,2023-10-01,2023-10-15-preview,2023-10-30",
        "apim-request-id": "83255ebb-a2e4-4b76-803a-1ec7b79b3988",
        "Content-Type": "application/json; charset=utf-8",
        "Date": "Thu, 23 Nov 2023 07:04:23 GMT",
        "Server": "istio-envoy",
        "Strict-Transport-Security": "max-age=31536000; includeSubDomains; preload",
        "Transfer-Encoding": "chunked",
        "X-Content-Type-Options": "nosniff",
        "x-envoy-upstream-service-time": "7",
        "x-ms-region": "Central US EUAP"
      },
      "ResponseBody": {
        "blocklistName": "TestRemoveBlocklistItem",
        "description": "Test blocklist management."
      }
    },
    {
      "RequestUri": "https://fake_cs_resource.cognitiveservices.azure.com/contentsafety/text/blocklists/TestRemoveBlocklistItem:addOrUpdateBlocklistItems?api-version=2023-10-01",
      "RequestMethod": "POST",
      "RequestHeaders": {
        "Accept": "application/json",
        "Accept-Encoding": "gzip, deflate",
        "Connection": "keep-alive",
        "Content-Length": "38",
        "Content-Type": "application/json",
        "Ocp-Apim-Subscription-Key": "00000000000000000000000000000000",
        "User-Agent": "azsdk-python-ai-contentsafety/1.0.0 Python/3.8.10 (Windows-10-10.0.22631-SP0)"
      },
      "RequestBody": {
        "blocklistItems": [
          {
            "text": "k*ll"
          }
        ]
      },
      "StatusCode": 200,
      "ResponseHeaders": {
        "api-supported-versions": "2023-04-30-preview,2023-10-01,2023-10-15-preview,2023-10-30",
        "apim-request-id": "b64239d1-1769-4d04-aaf0-fbf4a0140415",
        "Content-Type": "application/json; charset=utf-8",
        "Date": "Thu, 23 Nov 2023 07:04:24 GMT",
        "Server": "istio-envoy",
        "Strict-Transport-Security": "max-age=31536000; includeSubDomains; preload",
        "Transfer-Encoding": "chunked",
        "X-Content-Type-Options": "nosniff",
        "x-envoy-upstream-service-time": "84",
        "x-ms-region": "Central US EUAP"
      },
      "ResponseBody": {
        "blocklistItems": [
          {
            "blocklistItemId": "b5837397-6cbb-4bff-b0ed-31e4fe0d6714",
            "text": "k*ll"
          }
        ]
      }
    },
    {
      "RequestUri": "https://fake_cs_resource.cognitiveservices.azure.com/contentsafety/text/blocklists/TestRemoveBlocklistItem:removeBlocklistItems?api-version=2023-10-01",
      "RequestMethod": "POST",
      "RequestHeaders": {
        "Accept": "*/*",
        "Accept-Encoding": "gzip, deflate",
        "Connection": "keep-alive",
        "Content-Length": "62",
        "Content-Type": "application/json",
        "Ocp-Apim-Subscription-Key": "00000000000000000000000000000000",
        "User-Agent": "azsdk-python-ai-contentsafety/1.0.0 Python/3.8.10 (Windows-10-10.0.22631-SP0)"
      },
      "RequestBody": {
        "blocklistItemIds": [
          "b5837397-6cbb-4bff-b0ed-31e4fe0d6714"
        ]
      },
      "StatusCode": 204,
      "ResponseHeaders": {
        "api-supported-versions": "2023-04-30-preview,2023-10-01,2023-10-15-preview,2023-10-30",
        "apim-request-id": "0b093fa7-f614-4512-9cea-303c16c45ec3",
        "Date": "Thu, 23 Nov 2023 07:04:24 GMT",
        "Server": "istio-envoy",
        "Strict-Transport-Security": "max-age=31536000; includeSubDomains; preload",
        "X-Content-Type-Options": "nosniff",
        "x-envoy-upstream-service-time": "24",
        "x-ms-region": "Central US EUAP"
      },
      "ResponseBody": null
    }
  ],
  "Variables": {}
}
