{
  "Entries": [
    {
      "RequestUri": "https://sanitized.comminication.azure.com/routing/distributionPolicies/489CD271F38619311222555D36D82E745F0D5D87473D67DB77?api-version=2023-11-01",
      "RequestMethod": "PATCH",
      "RequestHeaders": {
        "Accept": "application/json",
        "Authorization": "Sanitized",
        "Content-Length": "209",
        "Content-Type": "application/merge-patch\u002Bjson",
        "traceparent": "00-91be8053affade5ba26c95b8bfd06a5c-9fe1abb2d4fc0277-00",
        "User-Agent": "azsdk-net-Communication.JobRouter/1.0.0-alpha.20231107.1 (.NET 7.0.13; Microsoft Windows 10.0.22621)",
        "x-ms-client-request-id": "3000af8d42da404e99954f2db2b1a5b8",
        "x-ms-content-sha256": "Sanitized",
        "x-ms-date": "Tue, 07 Nov 2023 23:04:16 GMT",
        "x-ms-return-client-request-id": "true"
      },
      "RequestBody": {
        "name": "LongestIdleDistributionPolicy489CD271F38619311222555D36D82E745F0D5D87473D67DB77",
        "offerExpiresAfterSeconds": 30,
        "mode": {
          "kind": "longest-idle",
          "minConcurrentOffers": 1,
          "maxConcurrentOffers": 1
        },
        "etag": ""
      },
      "StatusCode": 201,
      "ResponseHeaders": {
        "api-supported-versions": "2021-04-07-preview1, 2022-07-18-preview, 2023-08-25-preview, 2023-11-01",
        "Connection": "keep-alive",
        "Content-Type": "application/json; charset=utf-8",
        "Date": "Tue, 07 Nov 2023 23:04:16 GMT",
        "ETag": "\u00227b0015a9-0000-0700-0000-654ac2700000\u0022",
        "Last-Modified": "Tue, 07 Nov 2023 23:04:16 GMT",
        "Request-Context": "appId=",
        "trace-id": "91be8053-affa-de5b-a26c-95b8bfd06a5c",
        "Transfer-Encoding": "chunked",
        "x-azure-ref": "20231107T230416Z-d7rrt51fy569mfuzxdp75yfn3w00000000x000000000886d",
        "X-Cache": "CONFIG_NOCACHE"
      },
      "ResponseBody": {
        "id": "489CD271F38619311222555D36D82E745F0D5D87473D67DB77",
        "name": "LongestIdleDistributionPolicy489CD271F38619311222555D36D82E745F0D5D87473D67DB77",
        "offerExpiresAfterSeconds": 30,
        "mode": {
          "kind": "longest-idle",
          "minConcurrentOffers": 1,
          "maxConcurrentOffers": 1,
          "bypassSelectors": false
        },
        "etag": "\u00227b0015a9-0000-0700-0000-654ac2700000\u0022"
      }
    },
    {
      "RequestUri": "https://sanitized.comminication.azure.com/routing/queues/BB44009C0EE1427000D6A9A03FAF1DD77297FF94563107DD2E?api-version=2023-11-01",
      "RequestMethod": "PATCH",
      "RequestHeaders": {
        "Accept": "application/json",
        "Authorization": "Sanitized",
        "Content-Length": "199",
        "Content-Type": "application/merge-patch\u002Bjson",
        "traceparent": "00-c35c659d7dbcfe1f2dd242d8253647a6-fa133e5e98f241f3-00",
        "User-Agent": "azsdk-net-Communication.JobRouter/1.0.0-alpha.20231107.1 (.NET 7.0.13; Microsoft Windows 10.0.22621)",
        "x-ms-client-request-id": "116b8990f2bfe814cee52674903ea305",
        "x-ms-content-sha256": "Sanitized",
        "x-ms-date": "Tue, 07 Nov 2023 23:04:16 GMT",
        "x-ms-return-client-request-id": "true"
      },
      "RequestBody": {
        "name": "DefaultQueue-Sdk-TestBB44009C0EE1427000D6A9A03FAF1DD77297FF94563107DD2E",
        "distributionPolicyId": "489CD271F38619311222555D36D82E745F0D5D87473D67DB77",
        "labels": {
          "Label_1": "Value_1"
        },
        "etag": ""
      },
      "StatusCode": 201,
      "ResponseHeaders": {
        "api-supported-versions": "2021-04-07-preview1, 2022-07-18-preview, 2023-08-25-preview, 2023-11-01",
        "Connection": "keep-alive",
        "Content-Type": "application/json; charset=utf-8",
        "Date": "Tue, 07 Nov 2023 23:04:16 GMT",
        "ETag": "\u0022c301b173-0000-0700-0000-654ac2700000\u0022",
        "Last-Modified": "Tue, 07 Nov 2023 23:04:16 GMT",
        "Request-Context": "appId=",
        "trace-id": "c35c659d-7dbc-fe1f-2dd2-42d8253647a6",
        "Transfer-Encoding": "chunked",
        "x-azure-ref": "20231107T230416Z-d7rrt51fy569mfuzxdp75yfn3w00000000x000000000889w",
        "X-Cache": "CONFIG_NOCACHE"
      },
      "ResponseBody": {
        "id": "BB44009C0EE1427000D6A9A03FAF1DD77297FF94563107DD2E",
        "name": "DefaultQueue-Sdk-TestBB44009C0EE1427000D6A9A03FAF1DD77297FF94563107DD2E",
        "distributionPolicyId": "489CD271F38619311222555D36D82E745F0D5D87473D67DB77",
        "labels": {
          "Label_1": "Value_1",
          "Id": "BB44009C0EE1427000D6A9A03FAF1DD77297FF94563107DD2E"
        },
        "etag": "\u0022c301b173-0000-0700-0000-654ac2700000\u0022"
      }
    },
    {
      "RequestUri": "https://sanitized.comminication.azure.com/routing/classificationPolicies/15FC96D2B2DC029CB632044DB972974166E25913C2DA802977?api-version=2023-11-01",
      "RequestMethod": "PATCH",
      "RequestHeaders": {
        "Accept": "application/json",
        "Authorization": "Sanitized",
        "Content-Length": "217",
        "Content-Type": "application/merge-patch\u002Bjson",
        "traceparent": "00-9adeaeea4fb8638365586c90c8fa5173-a7e30357cb79dfc2-00",
        "User-Agent": "azsdk-net-Communication.JobRouter/1.0.0-alpha.20231107.1 (.NET 7.0.13; Microsoft Windows 10.0.22621)",
        "x-ms-client-request-id": "1ceffc0fcb53dd49d64f79692b6d0943",
        "x-ms-content-sha256": "Sanitized",
        "x-ms-date": "Tue, 07 Nov 2023 23:04:16 GMT",
        "x-ms-return-client-request-id": "true"
      },
      "RequestBody": {
        "name": "QueueSelection-ClassificationPolicy",
        "queueSelectorAttachments": [
          {
            "queueSelector": {
              "key": "Id",
              "labelOperator": "equal",
              "value": "BB44009C0EE1427000D6A9A03FAF1DD77297FF94563107DD2E"
            },
            "kind": "static"
          }
        ],
        "etag": ""
      },
      "StatusCode": 201,
      "ResponseHeaders": {
        "api-supported-versions": "2021-04-07-preview1, 2022-07-18-preview, 2023-08-25-preview, 2023-11-01",
        "Connection": "keep-alive",
        "Content-Type": "application/json; charset=utf-8",
        "Date": "Tue, 07 Nov 2023 23:04:16 GMT",
        "ETag": "\u00220c00806a-0000-0700-0000-654ac2700000\u0022",
        "Last-Modified": "Tue, 07 Nov 2023 23:04:16 GMT",
        "Request-Context": "appId=",
        "trace-id": "9adeaeea-4fb8-6383-6558-6c90c8fa5173",
        "Transfer-Encoding": "chunked",
        "x-azure-ref": "20231107T230416Z-d7rrt51fy569mfuzxdp75yfn3w00000000x00000000088dm",
        "X-Cache": "CONFIG_NOCACHE"
      },
      "ResponseBody": {
        "id": "15FC96D2B2DC029CB632044DB972974166E25913C2DA802977",
        "name": "QueueSelection-ClassificationPolicy",
        "queueSelectorAttachments": [
          {
            "kind": "static",
            "queueSelector": {
              "key": "Id",
              "labelOperator": "equal",
              "value": "BB44009C0EE1427000D6A9A03FAF1DD77297FF94563107DD2E"
            }
          }
        ],
        "workerSelectorAttachments": [],
        "etag": "\u00220c00806a-0000-0700-0000-654ac2700000\u0022"
      }
    },
    {
      "RequestUri": "https://sanitized.comminication.azure.com/routing/classificationPolicies/15FC96D2B2DC029CB632044DB972974166E25913C2DA802977?api-version=2023-11-01",
      "RequestMethod": "GET",
      "RequestHeaders": {
        "Accept": "application/json",
        "Authorization": "Sanitized",
        "traceparent": "00-a2774abb7a98c67c5a56c65a0219f038-5f9925dcb7e80228-00",
        "User-Agent": "azsdk-net-Communication.JobRouter/1.0.0-alpha.20231107.1 (.NET 7.0.13; Microsoft Windows 10.0.22621)",
        "x-ms-client-request-id": "646037408d369b739b1761f51bd9b05a",
        "x-ms-content-sha256": "Sanitized",
        "x-ms-date": "Tue, 07 Nov 2023 23:04:17 GMT",
        "x-ms-return-client-request-id": "true"
      },
      "RequestBody": null,
      "StatusCode": 200,
      "ResponseHeaders": {
        "api-supported-versions": "2021-04-07-preview1, 2022-07-18-preview, 2023-08-25-preview, 2023-11-01",
        "Connection": "keep-alive",
        "Content-Type": "application/json; charset=utf-8",
        "Date": "Tue, 07 Nov 2023 23:04:16 GMT",
        "ETag": "\u00220c00806a-0000-0700-0000-654ac2700000\u0022",
        "Last-Modified": "Tue, 07 Nov 2023 23:04:16 GMT",
        "Request-Context": "appId=",
        "trace-id": "a2774abb-7a98-c67c-5a56-c65a0219f038",
        "Transfer-Encoding": "chunked",
        "x-azure-ref": "20231107T230416Z-d7rrt51fy569mfuzxdp75yfn3w00000000x00000000088ea",
        "X-Cache": "CONFIG_NOCACHE"
      },
      "ResponseBody": {
        "id": "15FC96D2B2DC029CB632044DB972974166E25913C2DA802977",
        "name": "QueueSelection-ClassificationPolicy",
        "queueSelectorAttachments": [
          {
            "kind": "static",
            "queueSelector": {
              "key": "Id",
              "labelOperator": "equal",
              "value": "BB44009C0EE1427000D6A9A03FAF1DD77297FF94563107DD2E"
            }
          }
        ],
        "workerSelectorAttachments": [],
        "etag": "\u00220c00806a-0000-0700-0000-654ac2700000\u0022"
      }
    },
    {
      "RequestUri": "https://sanitized.comminication.azure.com/routing/classificationPolicies/15FC96D2B2DC029CB632044DB972974166E25913C2DA802977?api-version=2023-11-01",
      "RequestMethod": "DELETE",
      "RequestHeaders": {
        "Accept": "application/json",
        "Authorization": "Sanitized",
        "traceparent": "00-a42d7b56c96ee7aee378183f7b57c052-a4ffbeee89c20538-00",
        "User-Agent": "azsdk-net-Communication.JobRouter/1.0.0-alpha.20231107.1 (.NET 7.0.13; Microsoft Windows 10.0.22621)",
        "x-ms-client-request-id": "b51d49f289c2c5643f8e3b7078aabd61",
        "x-ms-content-sha256": "Sanitized",
        "x-ms-date": "Tue, 07 Nov 2023 23:04:21 GMT",
        "x-ms-return-client-request-id": "true"
      },
      "RequestBody": null,
      "StatusCode": 204,
      "ResponseHeaders": {
        "api-supported-versions": "2021-04-07-preview1, 2022-07-18-preview, 2023-08-25-preview, 2023-11-01",
        "Connection": "keep-alive",
        "Date": "Tue, 07 Nov 2023 23:04:21 GMT",
        "Request-Context": "appId=",
        "trace-id": "a42d7b56-c96e-e7ae-e378-183f7b57c052",
        "x-azure-ref": "20231107T230420Z-d7rrt51fy569mfuzxdp75yfn3w00000000x00000000089ag",
        "X-Cache": "CONFIG_NOCACHE"
      },
      "ResponseBody": null
    },
    {
      "RequestUri": "https://sanitized.comminication.azure.com/routing/queues/BB44009C0EE1427000D6A9A03FAF1DD77297FF94563107DD2E?api-version=2023-11-01",
      "RequestMethod": "DELETE",
      "RequestHeaders": {
        "Accept": "application/json",
        "Authorization": "Sanitized",
        "traceparent": "00-1e6530f958da79fabddb956a2244eb0a-b6f1a450ae473661-00",
        "User-Agent": "azsdk-net-Communication.JobRouter/1.0.0-alpha.20231107.1 (.NET 7.0.13; Microsoft Windows 10.0.22621)",
        "x-ms-client-request-id": "5834e3db3fdd82cf8954813c6954c1fc",
        "x-ms-content-sha256": "Sanitized",
        "x-ms-date": "Tue, 07 Nov 2023 23:04:22 GMT",
        "x-ms-return-client-request-id": "true"
      },
      "RequestBody": null,
      "StatusCode": 204,
      "ResponseHeaders": {
        "api-supported-versions": "2021-04-07-preview1, 2022-07-18-preview, 2023-08-25-preview, 2023-11-01",
        "Connection": "keep-alive",
        "Date": "Tue, 07 Nov 2023 23:04:22 GMT",
        "Request-Context": "appId=",
        "trace-id": "1e6530f9-58da-79fa-bddb-956a2244eb0a",
        "x-azure-ref": "20231107T230421Z-d7rrt51fy569mfuzxdp75yfn3w00000000x00000000089k3",
        "X-Cache": "CONFIG_NOCACHE"
      },
      "ResponseBody": null
    }
  ],
  "Variables": {
    "COMMUNICATION_LIVETEST_DYNAMIC_CONNECTION_STRING": "endpoint=https://sanitized.communication.azure.com/;accesskey=Kg==",
    "id-prefix": "sdk-HQgf_v96sUaSgll6f6t9Bg-",
    "RandomSeed": "56405371"
  }
}
