{
  "Entries": [
    {
      "RequestUri": "https://camaiaor-formrec-eastus.cognitiveservices.azure.com/formrecognizer/documentModels/prebuilt-document:analyze?stringIndexType=utf16CodeUnit\u0026api-version=2023-07-31",
      "RequestMethod": "POST",
      "RequestHeaders": {
        "Accept": "application/json",
        "Content-Length": "25662",
        "Content-Type": "application/octet-stream",
        "Ocp-Apim-Subscription-Key": "Sanitized",
        "traceparent": "00-e1105f69385221e77e5e61ae80e3e9cf-68ae8cb51c4d994b-00",
        "User-Agent": "azsdk-net-AI.FormRecognizer/4.1.0-alpha.20230724.1 (.NET 7.0.9; Microsoft Windows 10.0.22621)",
        "x-ms-client-request-id": "c6e53e9310095debfa12fe8fb068c192",
        "x-ms-return-client-request-id": "true"
      },
      "RequestBody": null,
      "StatusCode": 202,
      "ResponseHeaders": {
        "apim-request-id": "397e3c81-abcf-4d3e-b0aa-6fc5bbaa8c84",
        "Content-Length": "0",
        "Date": "Mon, 24 Jul 2023 14:55:40 GMT",
        "Operation-Location": "https://camaiaor-formrec-eastus.cognitiveservices.azure.com/formrecognizer/documentModels/prebuilt-document/analyzeResults/397e3c81-abcf-4d3e-b0aa-6fc5bbaa8c84?api-version=2023-07-31",
        "Strict-Transport-Security": "max-age=31536000; includeSubDomains; preload",
        "X-Content-Type-Options": "nosniff",
        "x-envoy-upstream-service-time": "69",
        "x-ms-region": "East US"
      },
      "ResponseBody": null
    },
    {
      "RequestUri": "https://camaiaor-formrec-eastus.cognitiveservices.azure.com/formrecognizer/documentModels/prebuilt-document/analyzeResults/397e3c81-abcf-4d3e-b0aa-6fc5bbaa8c84?api-version=2023-07-31",
      "RequestMethod": "GET",
      "RequestHeaders": {
        "Accept": "application/json",
        "Ocp-Apim-Subscription-Key": "Sanitized",
        "traceparent": "00-e1105f69385221e77e5e61ae80e3e9cf-5a3a6c14845ed91a-00",
        "User-Agent": "azsdk-net-AI.FormRecognizer/4.1.0-alpha.20230724.1 (.NET 7.0.9; Microsoft Windows 10.0.22621)",
        "x-ms-client-request-id": "f498825d1dd09bb7d0e0f91f848c174f",
        "x-ms-return-client-request-id": "true"
      },
      "RequestBody": null,
      "StatusCode": 200,
      "ResponseHeaders": {
        "apim-request-id": "535db525-9f04-4e06-a87f-31251c69ed08",
        "Content-Length": "106",
        "Content-Type": "application/json; charset=utf-8",
        "Date": "Mon, 24 Jul 2023 14:55:40 GMT",
        "Strict-Transport-Security": "max-age=31536000; includeSubDomains; preload",
        "X-Content-Type-Options": "nosniff",
        "x-envoy-upstream-service-time": "16",
        "x-ms-region": "East US"
      },
      "ResponseBody": {
        "status": "running",
        "createdDateTime": "2023-07-24T14:55:40Z",
        "lastUpdatedDateTime": "2023-07-24T14:55:40Z"
      }
    },
    {
      "RequestUri": "https://camaiaor-formrec-eastus.cognitiveservices.azure.com/formrecognizer/documentModels/prebuilt-document/analyzeResults/397e3c81-abcf-4d3e-b0aa-6fc5bbaa8c84?api-version=2023-07-31",
      "RequestMethod": "GET",
      "RequestHeaders": {
        "Accept": "application/json",
        "Ocp-Apim-Subscription-Key": "Sanitized",
        "traceparent": "00-e1105f69385221e77e5e61ae80e3e9cf-fe6081c5d292d907-00",
        "User-Agent": "azsdk-net-AI.FormRecognizer/4.1.0-alpha.20230724.1 (.NET 7.0.9; Microsoft Windows 10.0.22621)",
        "x-ms-client-request-id": "cb8248fd568261db7093fb9bea985544",
        "x-ms-return-client-request-id": "true"
      },
      "RequestBody": null,
      "StatusCode": 200,
      "ResponseHeaders": {
        "apim-request-id": "9f71f6f5-c56c-4676-b646-d6010c0ef04f",
        "Content-Length": "106",
        "Content-Type": "application/json; charset=utf-8",
        "Date": "Mon, 24 Jul 2023 14:55:42 GMT",
        "Strict-Transport-Security": "max-age=31536000; includeSubDomains; preload",
        "X-Content-Type-Options": "nosniff",
        "x-envoy-upstream-service-time": "18",
        "x-ms-region": "East US"
      },
      "ResponseBody": {
        "status": "running",
        "createdDateTime": "2023-07-24T14:55:40Z",
        "lastUpdatedDateTime": "2023-07-24T14:55:40Z"
      }
    },
    {
      "RequestUri": "https://camaiaor-formrec-eastus.cognitiveservices.azure.com/formrecognizer/documentModels/prebuilt-document/analyzeResults/397e3c81-abcf-4d3e-b0aa-6fc5bbaa8c84?api-version=2023-07-31",
      "RequestMethod": "GET",
      "RequestHeaders": {
        "Accept": "application/json",
        "Ocp-Apim-Subscription-Key": "Sanitized",
        "traceparent": "00-e1105f69385221e77e5e61ae80e3e9cf-b7255df8f27c48d1-00",
        "User-Agent": "azsdk-net-AI.FormRecognizer/4.1.0-alpha.20230724.1 (.NET 7.0.9; Microsoft Windows 10.0.22621)",
        "x-ms-client-request-id": "c1c80319194c7620864af52916cbd86e",
        "x-ms-return-client-request-id": "true"
      },
      "RequestBody": null,
      "StatusCode": 200,
      "ResponseHeaders": {
        "apim-request-id": "3d7c5d34-bc59-415b-a37a-2662d69e6c4b",
        "Content-Length": "432",
        "Content-Type": "application/json; charset=utf-8",
        "Date": "Mon, 24 Jul 2023 14:55:43 GMT",
        "Strict-Transport-Security": "max-age=31536000; includeSubDomains; preload",
        "X-Content-Type-Options": "nosniff",
        "x-envoy-upstream-service-time": "30",
        "x-ms-region": "East US"
      },
      "ResponseBody": {
        "status": "succeeded",
        "createdDateTime": "2023-07-24T14:55:40Z",
        "lastUpdatedDateTime": "2023-07-24T14:55:42Z",
        "analyzeResult": {
          "apiVersion": "2023-07-31",
          "modelId": "prebuilt-document",
          "stringIndexType": "utf16CodeUnit",
          "content": "",
          "pages": [
            {
              "pageNumber": 1,
              "angle": 0,
              "width": 8.5,
              "height": 11,
              "unit": "inch",
              "words": [],
              "lines": [],
              "spans": [
                {
                  "offset": 0,
                  "length": 0
                }
              ]
            }
          ],
          "tables": [],
          "keyValuePairs": [],
          "entities": [],
          "styles": [],
          "documents": []
        }
      }
    }
  ],
  "Variables": {
    "API_KEY": "Sanitized",
    "ENDPOINT": "https://camaiaor-formrec-eastus.cognitiveservices.azure.com/",
    "RandomSeed": "707503151"
  }
}
