{
  "Entries": [
    {
      "RequestUri": "https://camaiaor-formrec-eastus.cognitiveservices.azure.com/formrecognizer/documentModels/prebuilt-invoice:analyze?stringIndexType=utf16CodeUnit\u0026api-version=2023-02-28-preview",
      "RequestMethod": "POST",
      "RequestHeaders": {
        "Accept": "application/json",
        "Content-Length": "25662",
        "Content-Type": "application/octet-stream",
        "Ocp-Apim-Subscription-Key": "Sanitized",
        "traceparent": "00-8587ef64db17d3e1dcf9d0b23bcc7688-39a68ece3148f8e8-00",
        "User-Agent": "azsdk-net-AI.FormRecognizer/4.1.0-alpha.20230427.1 (.NET 6.0.16; Microsoft Windows 10.0.22621)",
        "x-ms-client-request-id": "913a1a169741c9c649449656438226a3",
        "x-ms-return-client-request-id": "true"
      },
      "RequestBody": null,
      "StatusCode": 202,
      "ResponseHeaders": {
        "apim-request-id": "2dcdf3d5-c65a-4f9e-b12a-14e0c12ee22a",
        "Content-Length": "0",
        "Date": "Fri, 28 Apr 2023 08:48:42 GMT",
        "Operation-Location": "https://camaiaor-formrec-eastus.cognitiveservices.azure.com/formrecognizer/documentModels/prebuilt-invoice/analyzeResults/2dcdf3d5-c65a-4f9e-b12a-14e0c12ee22a?api-version=2023-02-28-preview",
        "Strict-Transport-Security": "max-age=31536000; includeSubDomains; preload",
        "X-Content-Type-Options": "nosniff",
        "x-envoy-upstream-service-time": "117",
        "x-ms-region": "East US"
      },
      "ResponseBody": null
    },
    {
      "RequestUri": "https://camaiaor-formrec-eastus.cognitiveservices.azure.com/formrecognizer/documentModels/prebuilt-invoice/analyzeResults/2dcdf3d5-c65a-4f9e-b12a-14e0c12ee22a?api-version=2023-02-28-preview",
      "RequestMethod": "GET",
      "RequestHeaders": {
        "Accept": "application/json",
        "Ocp-Apim-Subscription-Key": "Sanitized",
        "traceparent": "00-8587ef64db17d3e1dcf9d0b23bcc7688-68e496cc71294427-00",
        "User-Agent": "azsdk-net-AI.FormRecognizer/4.1.0-alpha.20230427.1 (.NET 6.0.16; Microsoft Windows 10.0.22621)",
        "x-ms-client-request-id": "20f05542153a1af8626ca4b15ebd0bff",
        "x-ms-return-client-request-id": "true"
      },
      "RequestBody": null,
      "StatusCode": 200,
      "ResponseHeaders": {
        "apim-request-id": "2662a699-6bcc-473e-bd4a-121f30d6e788",
        "Content-Length": "106",
        "Content-Type": "application/json; charset=utf-8",
        "Date": "Fri, 28 Apr 2023 08:48:43 GMT",
        "Strict-Transport-Security": "max-age=31536000; includeSubDomains; preload",
        "X-Content-Type-Options": "nosniff",
        "x-envoy-upstream-service-time": "26",
        "x-ms-region": "East US"
      },
      "ResponseBody": {
        "status": "running",
        "createdDateTime": "2023-04-28T08:48:43Z",
        "lastUpdatedDateTime": "2023-04-28T08:48:43Z"
      }
    },
    {
      "RequestUri": "https://camaiaor-formrec-eastus.cognitiveservices.azure.com/formrecognizer/documentModels/prebuilt-invoice/analyzeResults/2dcdf3d5-c65a-4f9e-b12a-14e0c12ee22a?api-version=2023-02-28-preview",
      "RequestMethod": "GET",
      "RequestHeaders": {
        "Accept": "application/json",
        "Ocp-Apim-Subscription-Key": "Sanitized",
        "traceparent": "00-8587ef64db17d3e1dcf9d0b23bcc7688-abec426abdd7023f-00",
        "User-Agent": "azsdk-net-AI.FormRecognizer/4.1.0-alpha.20230427.1 (.NET 6.0.16; Microsoft Windows 10.0.22621)",
        "x-ms-client-request-id": "8ad7baa377a83e97b2a8119cf71bf5e2",
        "x-ms-return-client-request-id": "true"
      },
      "RequestBody": null,
      "StatusCode": 200,
      "ResponseHeaders": {
        "apim-request-id": "a0450bb3-dcfe-4053-b5bb-e7377ceb9802",
        "Content-Length": "106",
        "Content-Type": "application/json; charset=utf-8",
        "Date": "Fri, 28 Apr 2023 08:48:44 GMT",
        "Strict-Transport-Security": "max-age=31536000; includeSubDomains; preload",
        "X-Content-Type-Options": "nosniff",
        "x-envoy-upstream-service-time": "12",
        "x-ms-region": "East US"
      },
      "ResponseBody": {
        "status": "running",
        "createdDateTime": "2023-04-28T08:48:43Z",
        "lastUpdatedDateTime": "2023-04-28T08:48:43Z"
      }
    },
    {
      "RequestUri": "https://camaiaor-formrec-eastus.cognitiveservices.azure.com/formrecognizer/documentModels/prebuilt-invoice/analyzeResults/2dcdf3d5-c65a-4f9e-b12a-14e0c12ee22a?api-version=2023-02-28-preview",
      "RequestMethod": "GET",
      "RequestHeaders": {
        "Accept": "application/json",
        "Ocp-Apim-Subscription-Key": "Sanitized",
        "traceparent": "00-8587ef64db17d3e1dcf9d0b23bcc7688-8ad2aacc692d81af-00",
        "User-Agent": "azsdk-net-AI.FormRecognizer/4.1.0-alpha.20230427.1 (.NET 6.0.16; Microsoft Windows 10.0.22621)",
        "x-ms-client-request-id": "4103740080580083211f2ed4f3146b8b",
        "x-ms-return-client-request-id": "true"
      },
      "RequestBody": null,
      "StatusCode": 200,
      "ResponseHeaders": {
        "apim-request-id": "457e0404-7599-4870-a6ad-43bc9e1288d2",
        "Content-Length": "106",
        "Content-Type": "application/json; charset=utf-8",
        "Date": "Fri, 28 Apr 2023 08:48:45 GMT",
        "Strict-Transport-Security": "max-age=31536000; includeSubDomains; preload",
        "X-Content-Type-Options": "nosniff",
        "x-envoy-upstream-service-time": "14",
        "x-ms-region": "East US"
      },
      "ResponseBody": {
        "status": "running",
        "createdDateTime": "2023-04-28T08:48:43Z",
        "lastUpdatedDateTime": "2023-04-28T08:48:45Z"
      }
    },
    {
      "RequestUri": "https://camaiaor-formrec-eastus.cognitiveservices.azure.com/formrecognizer/documentModels/prebuilt-invoice/analyzeResults/2dcdf3d5-c65a-4f9e-b12a-14e0c12ee22a?api-version=2023-02-28-preview",
      "RequestMethod": "GET",
      "RequestHeaders": {
        "Accept": "application/json",
        "Ocp-Apim-Subscription-Key": "Sanitized",
        "traceparent": "00-8587ef64db17d3e1dcf9d0b23bcc7688-a4fb3cae10bc3fd3-00",
        "User-Agent": "azsdk-net-AI.FormRecognizer/4.1.0-alpha.20230427.1 (.NET 6.0.16; Microsoft Windows 10.0.22621)",
        "x-ms-client-request-id": "89b396399cabcafabdb26e92045c2246",
        "x-ms-return-client-request-id": "true"
      },
      "RequestBody": null,
      "StatusCode": 200,
      "ResponseHeaders": {
        "apim-request-id": "bcf4c039-e759-45fd-8294-9232bee5807f",
        "Content-Length": "443",
        "Content-Type": "application/json; charset=utf-8",
        "Date": "Fri, 28 Apr 2023 08:48:46 GMT",
        "Strict-Transport-Security": "max-age=31536000; includeSubDomains; preload",
        "X-Content-Type-Options": "nosniff",
        "x-envoy-upstream-service-time": "36",
        "x-ms-region": "East US"
      },
      "ResponseBody": {
        "status": "succeeded",
        "createdDateTime": "2023-04-28T08:48:43Z",
        "lastUpdatedDateTime": "2023-04-28T08:48:45Z",
        "analyzeResult": {
          "apiVersion": "2023-02-28-preview",
          "modelId": "prebuilt-invoice",
          "stringIndexType": "utf16CodeUnit",
          "content": "",
          "pages": [
            {
              "pageNumber": 1,
              "angle": 0,
              "width": 8.5,
              "height": 11,
              "unit": "inch",
              "words": [],
              "lines": [],
              "spans": [
                {
                  "offset": 0,
                  "length": 0
                }
              ],
              "kind": "document"
            }
          ],
          "tables": [],
          "keyValuePairs": [],
          "styles": [],
          "documents": []
        }
      }
    }
  ],
  "Variables": {
    "API_KEY": "Sanitized",
    "ENDPOINT": "https://camaiaor-formrec-eastus.cognitiveservices.azure.com/",
    "RandomSeed": "1983598580"
  }
}
