{
  "Entries": [
    {
      "RequestUri": "https://camaiaor-formrec-eastus.cognitiveservices.azure.com/formrecognizer/documentModels/prebuilt-businessCard:analyze?stringIndexType=utf16CodeUnit\u0026api-version=2023-07-31",
      "RequestMethod": "POST",
      "RequestHeaders": {
        "Accept": "application/json",
        "Content-Length": "25662",
        "Content-Type": "application/octet-stream",
        "Ocp-Apim-Subscription-Key": "Sanitized",
        "traceparent": "00-3619840bbeb7bc2a744b6799cc433b42-8161058ee837df9d-00",
        "User-Agent": "azsdk-net-AI.FormRecognizer/4.1.0-alpha.20230724.1 (.NET 7.0.9; Microsoft Windows 10.0.22621)",
        "x-ms-client-request-id": "d97593cc96e09e091b5fc31e35cfdaa6",
        "x-ms-return-client-request-id": "true"
      },
      "RequestBody": null,
      "StatusCode": 202,
      "ResponseHeaders": {
        "apim-request-id": "f04e641a-69f6-462d-8309-d24a282df996",
        "Content-Length": "0",
        "Date": "Mon, 24 Jul 2023 14:55:38 GMT",
        "Operation-Location": "https://camaiaor-formrec-eastus.cognitiveservices.azure.com/formrecognizer/documentModels/prebuilt-businessCard/analyzeResults/f04e641a-69f6-462d-8309-d24a282df996?api-version=2023-07-31",
        "Strict-Transport-Security": "max-age=31536000; includeSubDomains; preload",
        "X-Content-Type-Options": "nosniff",
        "x-envoy-upstream-service-time": "71",
        "x-ms-region": "East US"
      },
      "ResponseBody": null
    },
    {
      "RequestUri": "https://camaiaor-formrec-eastus.cognitiveservices.azure.com/formrecognizer/documentModels/prebuilt-businessCard/analyzeResults/f04e641a-69f6-462d-8309-d24a282df996?api-version=2023-07-31",
      "RequestMethod": "GET",
      "RequestHeaders": {
        "Accept": "application/json",
        "Ocp-Apim-Subscription-Key": "Sanitized",
        "traceparent": "00-3619840bbeb7bc2a744b6799cc433b42-866e5772768af6a3-00",
        "User-Agent": "azsdk-net-AI.FormRecognizer/4.1.0-alpha.20230724.1 (.NET 7.0.9; Microsoft Windows 10.0.22621)",
        "x-ms-client-request-id": "b7bc8ae6a4b11bc3b825b740122a2510",
        "x-ms-return-client-request-id": "true"
      },
      "RequestBody": null,
      "StatusCode": 200,
      "ResponseHeaders": {
        "apim-request-id": "3b2e5ccc-efa0-4875-923e-de953dc05d6b",
        "Content-Length": "106",
        "Content-Type": "application/json; charset=utf-8",
        "Date": "Mon, 24 Jul 2023 14:55:38 GMT",
        "Strict-Transport-Security": "max-age=31536000; includeSubDomains; preload",
        "X-Content-Type-Options": "nosniff",
        "x-envoy-upstream-service-time": "20",
        "x-ms-region": "East US"
      },
      "ResponseBody": {
        "status": "running",
        "createdDateTime": "2023-07-24T14:55:38Z",
        "lastUpdatedDateTime": "2023-07-24T14:55:38Z"
      }
    },
    {
      "RequestUri": "https://camaiaor-formrec-eastus.cognitiveservices.azure.com/formrecognizer/documentModels/prebuilt-businessCard/analyzeResults/f04e641a-69f6-462d-8309-d24a282df996?api-version=2023-07-31",
      "RequestMethod": "GET",
      "RequestHeaders": {
        "Accept": "application/json",
        "Ocp-Apim-Subscription-Key": "Sanitized",
        "traceparent": "00-3619840bbeb7bc2a744b6799cc433b42-c3d0e6c523999acd-00",
        "User-Agent": "azsdk-net-AI.FormRecognizer/4.1.0-alpha.20230724.1 (.NET 7.0.9; Microsoft Windows 10.0.22621)",
        "x-ms-client-request-id": "f6b3e76bda05977ca371d9cb849bc6de",
        "x-ms-return-client-request-id": "true"
      },
      "RequestBody": null,
      "StatusCode": 200,
      "ResponseHeaders": {
        "apim-request-id": "d79020e3-e0cf-424e-b6eb-803454cf49dc",
        "Content-Length": "106",
        "Content-Type": "application/json; charset=utf-8",
        "Date": "Mon, 24 Jul 2023 14:55:39 GMT",
        "Strict-Transport-Security": "max-age=31536000; includeSubDomains; preload",
        "X-Content-Type-Options": "nosniff",
        "x-envoy-upstream-service-time": "20",
        "x-ms-region": "East US"
      },
      "ResponseBody": {
        "status": "running",
        "createdDateTime": "2023-07-24T14:55:38Z",
        "lastUpdatedDateTime": "2023-07-24T14:55:38Z"
      }
    },
    {
      "RequestUri": "https://camaiaor-formrec-eastus.cognitiveservices.azure.com/formrecognizer/documentModels/prebuilt-businessCard/analyzeResults/f04e641a-69f6-462d-8309-d24a282df996?api-version=2023-07-31",
      "RequestMethod": "GET",
      "RequestHeaders": {
        "Accept": "application/json",
        "Ocp-Apim-Subscription-Key": "Sanitized",
        "traceparent": "00-3619840bbeb7bc2a744b6799cc433b42-6f3a58bc56631cac-00",
        "User-Agent": "azsdk-net-AI.FormRecognizer/4.1.0-alpha.20230724.1 (.NET 7.0.9; Microsoft Windows 10.0.22621)",
        "x-ms-client-request-id": "4514f08085842810d05a21badfc98bf0",
        "x-ms-return-client-request-id": "true"
      },
      "RequestBody": null,
      "StatusCode": 200,
      "ResponseHeaders": {
        "apim-request-id": "53c4fca5-0b2e-4970-99c3-6f22aaa3ba53",
        "Content-Length": "391",
        "Content-Type": "application/json; charset=utf-8",
        "Date": "Mon, 24 Jul 2023 14:55:40 GMT",
        "Strict-Transport-Security": "max-age=31536000; includeSubDomains; preload",
        "X-Content-Type-Options": "nosniff",
        "x-envoy-upstream-service-time": "32",
        "x-ms-region": "East US"
      },
      "ResponseBody": {
        "status": "succeeded",
        "createdDateTime": "2023-07-24T14:55:38Z",
        "lastUpdatedDateTime": "2023-07-24T14:55:39Z",
        "analyzeResult": {
          "apiVersion": "2023-07-31",
          "modelId": "prebuilt-businessCard",
          "stringIndexType": "utf16CodeUnit",
          "content": "",
          "pages": [
            {
              "pageNumber": 1,
              "angle": 0,
              "width": 8.5,
              "height": 11,
              "unit": "inch",
              "words": [],
              "lines": [],
              "spans": [
                {
                  "offset": 0,
                  "length": 0
                }
              ]
            }
          ],
          "styles": [],
          "documents": []
        }
      }
    }
  ],
  "Variables": {
    "API_KEY": "Sanitized",
    "ENDPOINT": "https://camaiaor-formrec-eastus.cognitiveservices.azure.com/",
    "RandomSeed": "1681235111"
  }
}
