{
  "Entries": [
    {
      "RequestUri": "https://dotnotsdkbatchaccount2.eastus2.batch.azure.com/jobschedules?api-version=2024-07-01.20.0",
      "RequestMethod": "POST",
      "RequestHeaders": {
        "Accept": "application/json",
        "Authorization": "Sanitized",
        "client-request-id": "Sanitized",
        "Content-Length": "455",
        "Content-Type": "application/json; odata=minimalmetadata",
        "return-client-request-id": "true",
        "traceparent": "00-eecd7f043fae3840f13b70bdb40c8501-743eb1dc2ac097f7-00",
        "User-Agent": "azsdk-net-Compute.Batch/1.0.0-alpha.20250221.1 (.NET 8.0.13; Microsoft Windows 10.0.26100)",
        "x-ms-client-request-id": "Sanitized",
        "x-ms-return-client-request-id": "true"
      },
      "RequestBody": {
        "id": "jobSchedule1",
        "schedule": {
          "doNotRunUntil": "2026-08-18T00:00:00.0000000Z"
        },
        "jobSpecification": {
          "poolInfo": {
            "autoPoolSpecification": {
              "poolLifetimeOption": "job",
              "keepAlive": false,
              "pool": {
                "vmSize": "STANDARD_D1_v2",
                "virtualMachineConfiguration": {
                  "imageReference": {
                    "publisher": "MicrosoftWindowsServer",
                    "offer": "WindowsServer",
                    "sku": "2019-datacenter-smalldisk",
                    "version": "latest"
                  },
                  "nodeAgentSKUId": "batch.node.windows amd64"
                },
                "targetDedicatedNodes": 1
              }
            }
          }
        }
      },
      "StatusCode": 201,
      "ResponseHeaders": {
        "client-request-id": "Sanitized",
        "DataServiceId": "https://dotnotsdkbatchaccount2.eastus2.batch.azure.com/jobschedules/jobSchedule1",
        "DataServiceVersion": "3.0",
        "Date": "Mon, 24 Feb 2025 22:17:32 GMT",
        "ETag": "0x8DD552108E22DFA",
        "Last-Modified": "Mon, 24 Feb 2025 22:17:32 GMT",
        "Location": "https://dotnotsdkbatchaccount2.eastus2.batch.azure.com/jobschedules/jobSchedule1",
        "request-id": "bc897285-7a63-4181-96de-82e787c78814",
        "Server": "Microsoft-HTTPAPI/2.0",
        "Strict-Transport-Security": "max-age=31536000; includeSubDomains",
        "Transfer-Encoding": "chunked",
        "X-Content-Type-Options": "nosniff"
      },
      "ResponseBody": null
    },
    {
      "RequestUri": "https://dotnotsdkbatchaccount2.eastus2.batch.azure.com/jobschedules/jobSchedule1?api-version=2024-07-01.20.0",
      "RequestMethod": "HEAD",
      "RequestHeaders": {
        "Accept": "application/json",
        "Authorization": "Sanitized",
        "client-request-id": "Sanitized",
        "return-client-request-id": "true",
        "traceparent": "00-6654d2c35442add46ed809a59eae05a9-73751b84921c57b5-00",
        "User-Agent": "azsdk-net-Compute.Batch/1.0.0-alpha.20250221.1 (.NET 8.0.13; Microsoft Windows 10.0.26100)",
        "x-ms-client-request-id": "Sanitized",
        "x-ms-return-client-request-id": "true"
      },
      "RequestBody": null,
      "StatusCode": 200,
      "ResponseHeaders": {
        "client-request-id": "Sanitized",
        "DataServiceVersion": "3.0",
        "Date": "Mon, 24 Feb 2025 22:17:32 GMT",
        "ETag": "0x8DD552108E22DFA",
        "Last-Modified": "Mon, 24 Feb 2025 22:17:32 GMT",
        "request-id": "b23f0752-371d-41fc-851a-37ea80967135",
        "Server": "Microsoft-HTTPAPI/2.0",
        "Strict-Transport-Security": "max-age=31536000; includeSubDomains",
        "Transfer-Encoding": "chunked",
        "X-Content-Type-Options": "nosniff"
      },
      "ResponseBody": null
    },
    {
      "RequestUri": "https://dotnotsdkbatchaccount2.eastus2.batch.azure.com/jobschedules/jobSchedule1?api-version=2024-07-01.20.0",
      "RequestMethod": "GET",
      "RequestHeaders": {
        "Accept": "application/json",
        "Authorization": "Sanitized",
        "client-request-id": "Sanitized",
        "return-client-request-id": "true",
        "traceparent": "00-0c1ee44022ea34d6d37f6ba7133d289f-608e117aa6454562-00",
        "User-Agent": "azsdk-net-Compute.Batch/1.0.0-alpha.20250221.1 (.NET 8.0.13; Microsoft Windows 10.0.26100)",
        "x-ms-client-request-id": "Sanitized",
        "x-ms-return-client-request-id": "true"
      },
      "RequestBody": null,
      "StatusCode": 200,
      "ResponseHeaders": {
        "client-request-id": "Sanitized",
        "Content-Type": "application/json; odata=minimalmetadata",
        "DataServiceVersion": "3.0",
        "Date": "Mon, 24 Feb 2025 22:17:32 GMT",
        "ETag": "0x8DD552108E22DFA",
        "Last-Modified": "Mon, 24 Feb 2025 22:17:32 GMT",
        "request-id": "f70d897f-abb6-4eda-89af-f59b374caa61",
        "Server": "Microsoft-HTTPAPI/2.0",
        "Strict-Transport-Security": "max-age=31536000; includeSubDomains",
        "Transfer-Encoding": "chunked",
        "X-Content-Type-Options": "nosniff"
      },
      "ResponseBody": {
        "odata.metadata": "https://dotnotsdkbatchaccount2.eastus2.batch.azure.com/$metadata#jobschedules/@Element",
        "id": "jobSchedule1",
        "url": "https://dotnotsdkbatchaccount2.eastus2.batch.azure.com/jobschedules/jobSchedule1",
        "eTag": "0x8DD552108E22DFA",
        "lastModified": "2025-02-24T22:17:32.7800826Z",
        "creationTime": "2025-02-24T22:17:32.7800826Z",
        "state": "active",
        "stateTransitionTime": "2025-02-24T22:17:32.7800826Z",
        "schedule": {
          "doNotRunUntil": "2026-08-18T00:00:00Z"
        },
        "jobSpecification": {
          "priority": 0,
          "maxParallelTasks": -1,
          "allowTaskPreemption": false,
          "usesTaskDependencies": false,
          "onAllTasksComplete": "noaction",
          "onTaskFailure": "noaction",
          "constraints": {
            "maxWallClockTime": "P10675199DT2H48M5.4775807S",
            "maxTaskRetryCount": 0
          },
          "poolInfo": {
            "autoPoolSpecification": {
              "poolLifetimeOption": "job",
              "keepAlive": false,
              "pool": {
                "vmSize": "standard_d1_v2",
                "taskSlotsPerNode": 1,
                "taskSchedulingPolicy": {
                  "nodeFillType": "Spread"
                },
                "resizeTimeout": "PT15M",
                "targetDedicatedNodes": 1,
                "targetLowPriorityNodes": 0,
                "enableAutoScale": false,
                "enableInterNodeCommunication": false,
                "virtualMachineConfiguration": {
                  "imageReference": {
                    "publisher": "MicrosoftWindowsServer",
                    "offer": "WindowsServer",
                    "sku": "2019-datacenter-smalldisk",
                    "version": "latest"
                  },
                  "nodeAgentSKUId": "batch.node.windows amd64"
                }
              }
            }
          }
        },
        "executionInfo": {
          "nextRunTime": "2026-08-18T00:00:00Z"
        }
      }
    },
    {
      "RequestUri": "https://dotnotsdkbatchaccount2.eastus2.batch.azure.com/jobschedules/jobSchedule1/disable?api-version=2024-07-01.20.0",
      "RequestMethod": "POST",
      "RequestHeaders": {
        "Accept": "application/json",
        "Authorization": "Sanitized",
        "client-request-id": "Sanitized",
        "Content-Length": "0",
        "return-client-request-id": "true",
        "traceparent": "00-d3a023d89861ec2bd3b16c8615d999b4-af921c0e3cbdbc15-00",
        "User-Agent": "azsdk-net-Compute.Batch/1.0.0-alpha.20250221.1 (.NET 8.0.13; Microsoft Windows 10.0.26100)",
        "x-ms-client-request-id": "Sanitized",
        "x-ms-return-client-request-id": "true"
      },
      "RequestBody": null,
      "StatusCode": 204,
      "ResponseHeaders": {
        "client-request-id": "Sanitized",
        "Content-Length": "0",
        "DataServiceId": "https://dotnotsdkbatchaccount2.eastus2.batch.azure.com/jobschedules/jobSchedule1/disable",
        "DataServiceVersion": "3.0",
        "Date": "Mon, 24 Feb 2025 22:17:32 GMT",
        "ETag": "0x8DD55210929B03B",
        "Last-Modified": "Mon, 24 Feb 2025 22:17:33 GMT",
        "request-id": "b2f1c09e-41a1-4374-b773-c3313bcc1c4f",
        "Server": "Microsoft-HTTPAPI/2.0",
        "Strict-Transport-Security": "max-age=31536000; includeSubDomains",
        "X-Content-Type-Options": "nosniff"
      },
      "ResponseBody": null
    },
    {
      "RequestUri": "https://dotnotsdkbatchaccount2.eastus2.batch.azure.com/jobschedules/jobSchedule1/enable?api-version=2024-07-01.20.0",
      "RequestMethod": "POST",
      "RequestHeaders": {
        "Accept": "application/json",
        "Authorization": "Sanitized",
        "client-request-id": "Sanitized",
        "Content-Length": "0",
        "return-client-request-id": "true",
        "traceparent": "00-f8287a6688bba97c7364c2ce42938f53-af7ae61a82e8edf1-00",
        "User-Agent": "azsdk-net-Compute.Batch/1.0.0-alpha.20250221.1 (.NET 8.0.13; Microsoft Windows 10.0.26100)",
        "x-ms-client-request-id": "Sanitized",
        "x-ms-return-client-request-id": "true"
      },
      "RequestBody": null,
      "StatusCode": 204,
      "ResponseHeaders": {
        "client-request-id": "Sanitized",
        "Content-Length": "0",
        "DataServiceId": "https://dotnotsdkbatchaccount2.eastus2.batch.azure.com/jobschedules/jobSchedule1/enable",
        "DataServiceVersion": "3.0",
        "Date": "Mon, 24 Feb 2025 22:17:32 GMT",
        "ETag": "0x8DD552109391993",
        "Last-Modified": "Mon, 24 Feb 2025 22:17:33 GMT",
        "request-id": "feb616e5-d2ec-4460-b4d4-e3613749d4b3",
        "Server": "Microsoft-HTTPAPI/2.0",
        "Strict-Transport-Security": "max-age=31536000; includeSubDomains",
        "X-Content-Type-Options": "nosniff"
      },
      "ResponseBody": null
    },
    {
      "RequestUri": "https://dotnotsdkbatchaccount2.eastus2.batch.azure.com/jobschedules/jobSchedule1/terminate?api-version=2024-07-01.20.0&force=true",
      "RequestMethod": "POST",
      "RequestHeaders": {
        "Accept": "application/json",
        "Authorization": "Sanitized",
        "client-request-id": "Sanitized",
        "Content-Length": "0",
        "return-client-request-id": "true",
        "traceparent": "00-03341cc02b50c0bef000a483da967609-9049798e0bdf8c63-00",
        "User-Agent": "azsdk-net-Compute.Batch/1.0.0-alpha.20250221.1 (.NET 8.0.13; Microsoft Windows 10.0.26100)",
        "x-ms-client-request-id": "Sanitized",
        "x-ms-return-client-request-id": "true"
      },
      "RequestBody": null,
      "StatusCode": 202,
      "ResponseHeaders": {
        "client-request-id": "Sanitized",
        "DataServiceId": "https://dotnotsdkbatchaccount2.eastus2.batch.azure.com/jobschedules/jobSchedule1/terminate",
        "DataServiceVersion": "3.0",
        "Date": "Mon, 24 Feb 2025 22:17:32 GMT",
        "ETag": "0x8DD55210949E255",
        "Last-Modified": "Mon, 24 Feb 2025 22:17:33 GMT",
        "request-id": "f5252b4d-91a2-4899-b61d-b35f6a2f609d",
        "Server": "Microsoft-HTTPAPI/2.0",
        "Strict-Transport-Security": "max-age=31536000; includeSubDomains",
        "Transfer-Encoding": "chunked",
        "X-Content-Type-Options": "nosniff"
      },
      "ResponseBody": null
    },
    {
      "RequestUri": "https://dotnotsdkbatchaccount2.eastus2.batch.azure.com/jobschedules/jobSchedule1?api-version=2024-07-01.20.0&force=true",
      "RequestMethod": "DELETE",
      "RequestHeaders": {
        "Accept": "application/json",
        "Authorization": "Sanitized",
        "client-request-id": "Sanitized",
        "return-client-request-id": "true",
        "traceparent": "00-ceff56b76ef1fed9966cce1d1b6a7560-9511af9bdcead24d-00",
        "User-Agent": "azsdk-net-Compute.Batch/1.0.0-alpha.20250221.1 (.NET 8.0.13; Microsoft Windows 10.0.26100)",
        "x-ms-client-request-id": "Sanitized",
        "x-ms-return-client-request-id": "true"
      },
      "RequestBody": null,
      "StatusCode": 202,
      "ResponseHeaders": {
        "client-request-id": "Sanitized",
        "DataServiceVersion": "3.0",
        "Date": "Mon, 24 Feb 2025 22:17:32 GMT",
        "request-id": "76e4c1c3-52f3-452e-b3e4-2237d5ec4cdb",
        "Server": "Microsoft-HTTPAPI/2.0",
        "Strict-Transport-Security": "max-age=31536000; includeSubDomains",
        "Transfer-Encoding": "chunked",
        "X-Content-Type-Options": "nosniff"
      },
      "ResponseBody": null
    }
  ],
  "Variables": {
    "AZURE_AUTHORITY_HOST": null,
    "batch_account_uri": "dotnotsdkbatchaccount2.eastus2.batch.azure.com",
    "RandomSeed": "1519150100"
  }
}
