{
  "Entries": [
    {
      "RequestUri": "https://dotnotsdkbatchaccount2.eastus2.batch.azure.com/jobschedules?api-version=2024-07-01.20.0",
      "RequestMethod": "POST",
      "RequestHeaders": {
        "Authorization": "Sanitized",
        "client-request-id": "Sanitized",
        "Content-Length": "459",
        "Content-Type": "application/json; odata=minimalmetadata",
        "return-client-request-id": "true",
        "traceparent": "00-4caa0eff8a0232a9696703783e571e08-8cd0e39142c11d64-00",
        "User-Agent": "azsdk-net-Compute.Batch/1.0.0-alpha.20250425.1 (.NET 9.0.4; Microsoft Windows 10.0.26100)",
        "x-ms-client-request-id": "Sanitized",
        "x-ms-return-client-request-id": "true"
      },
      "RequestBody": {
        "id": "jobSchedulePatch",
        "schedule": {
          "doNotRunUntil": "2026-08-18T00:00:00.0000000Z"
        },
        "jobSpecification": {
          "poolInfo": {
            "autoPoolSpecification": {
              "poolLifetimeOption": "job",
              "keepAlive": false,
              "pool": {
                "vmSize": "STANDARD_D1_v2",
                "virtualMachineConfiguration": {
                  "imageReference": {
                    "publisher": "MicrosoftWindowsServer",
                    "offer": "WindowsServer",
                    "sku": "2019-datacenter-smalldisk",
                    "version": "latest"
                  },
                  "nodeAgentSKUId": "batch.node.windows amd64"
                },
                "targetDedicatedNodes": 0
              }
            }
          }
        }
      },
      "StatusCode": 201,
      "ResponseHeaders": {
        "client-request-id": "Sanitized",
        "DataServiceId": "https://dotnotsdkbatchaccount2.eastus2.batch.azure.com/jobschedules/jobSchedulePatch",
        "DataServiceVersion": "3.0",
        "Date": "Sat, 26 Apr 2025 05:40:28 GMT",
        "ETag": "0x8DD8484DA2242D7",
        "Last-Modified": "Sat, 26 Apr 2025 05:40:28 GMT",
        "Location": "https://dotnotsdkbatchaccount2.eastus2.batch.azure.com/jobschedules/jobSchedulePatch",
        "request-id": "dd8f328f-315c-4892-815b-fd998b45e991",
        "Server": "Microsoft-HTTPAPI/2.0",
        "Strict-Transport-Security": "max-age=31536000; includeSubDomains",
        "Transfer-Encoding": "chunked",
        "X-Content-Type-Options": "nosniff"
      },
      "ResponseBody": null
    },
    {
      "RequestUri": "https://dotnotsdkbatchaccount2.eastus2.batch.azure.com/jobschedules/jobSchedulePatch?api-version=2024-07-01.20.0",
      "RequestMethod": "PATCH",
      "RequestHeaders": {
        "Authorization": "Sanitized",
        "client-request-id": "Sanitized",
        "Content-Length": "46",
        "Content-Type": "application/json; odata=minimalmetadata",
        "return-client-request-id": "true",
        "traceparent": "00-b0b08b9b692e4219d52c14d2eb123752-aaff8d8008908b1b-00",
        "User-Agent": "azsdk-net-Compute.Batch/1.0.0-alpha.20250425.1 (.NET 9.0.4; Microsoft Windows 10.0.26100)",
        "x-ms-client-request-id": "Sanitized",
        "x-ms-return-client-request-id": "true"
      },
      "RequestBody": {
        "metadata": [
          {
            "name": "name",
            "value": "value"
          }
        ]
      },
      "StatusCode": 200,
      "ResponseHeaders": {
        "client-request-id": "Sanitized",
        "DataServiceId": "https://dotnotsdkbatchaccount2.eastus2.batch.azure.com/jobschedules/jobSchedulePatch",
        "DataServiceVersion": "3.0",
        "Date": "Sat, 26 Apr 2025 05:40:28 GMT",
        "ETag": "0x8DD8484DA310FE5",
        "Last-Modified": "Sat, 26 Apr 2025 05:40:28 GMT",
        "request-id": "e77c4ae4-750a-480a-815e-a4e9ce82b01e",
        "Server": "Microsoft-HTTPAPI/2.0",
        "Strict-Transport-Security": "max-age=31536000; includeSubDomains",
        "Transfer-Encoding": "chunked",
        "X-Content-Type-Options": "nosniff"
      },
      "ResponseBody": null
    },
    {
      "RequestUri": "https://dotnotsdkbatchaccount2.eastus2.batch.azure.com/jobschedules/jobSchedulePatch?api-version=2024-07-01.20.0",
      "RequestMethod": "GET",
      "RequestHeaders": {
        "Accept": "application/json",
        "Authorization": "Sanitized",
        "client-request-id": "Sanitized",
        "return-client-request-id": "true",
        "traceparent": "00-5efbe85e2c9664e75c603d7cbd5a1875-d1c4c9a6f68228b2-00",
        "User-Agent": "azsdk-net-Compute.Batch/1.0.0-alpha.20250425.1 (.NET 9.0.4; Microsoft Windows 10.0.26100)",
        "x-ms-client-request-id": "Sanitized",
        "x-ms-return-client-request-id": "true"
      },
      "RequestBody": null,
      "StatusCode": 200,
      "ResponseHeaders": {
        "client-request-id": "Sanitized",
        "Content-Type": "application/json; odata=minimalmetadata",
        "DataServiceVersion": "3.0",
        "Date": "Sat, 26 Apr 2025 05:40:28 GMT",
        "ETag": "0x8DD8484DA310FE5",
        "Last-Modified": "Sat, 26 Apr 2025 05:40:28 GMT",
        "request-id": "4e69897b-0f4b-44ca-8665-369abb47517e",
        "Server": "Microsoft-HTTPAPI/2.0",
        "Strict-Transport-Security": "max-age=31536000; includeSubDomains",
        "Transfer-Encoding": "chunked",
        "X-Content-Type-Options": "nosniff"
      },
      "ResponseBody": {
        "odata.metadata": "https://dotnotsdkbatchaccount2.eastus2.batch.azure.com/$metadata#jobschedules/@Element",
        "id": "jobSchedulePatch",
        "url": "https://dotnotsdkbatchaccount2.eastus2.batch.azure.com/jobschedules/jobSchedulePatch",
        "eTag": "0x8DD8484DA310FE5",
        "lastModified": "2025-04-26T05:40:28.7676389Z",
        "creationTime": "2025-04-26T05:40:28.6706391Z",
        "state": "active",
        "stateTransitionTime": "2025-04-26T05:40:28.6706391Z",
        "schedule": {
          "doNotRunUntil": "2026-08-18T00:00:00Z"
        },
        "jobSpecification": {
          "priority": 0,
          "maxParallelTasks": -1,
          "allowTaskPreemption": false,
          "usesTaskDependencies": false,
          "onAllTasksComplete": "noaction",
          "onTaskFailure": "noaction",
          "constraints": {
            "maxWallClockTime": "P10675199DT2H48M5.4775807S",
            "maxTaskRetryCount": 0
          },
          "poolInfo": {
            "autoPoolSpecification": {
              "poolLifetimeOption": "job",
              "keepAlive": false,
              "pool": {
                "vmSize": "standard_d1_v2",
                "taskSlotsPerNode": 1,
                "taskSchedulingPolicy": {
                  "nodeFillType": "Spread"
                },
                "resizeTimeout": "PT15M",
                "targetDedicatedNodes": 0,
                "targetLowPriorityNodes": 0,
                "enableAutoScale": false,
                "enableInterNodeCommunication": false,
                "virtualMachineConfiguration": {
                  "imageReference": {
                    "publisher": "MicrosoftWindowsServer",
                    "offer": "WindowsServer",
                    "sku": "2019-datacenter-smalldisk",
                    "version": "latest"
                  },
                  "nodeAgentSKUId": "batch.node.windows amd64"
                }
              }
            }
          }
        },
        "executionInfo": {
          "nextRunTime": "2026-08-18T00:00:00Z"
        },
        "metadata": [
          {
            "name": "name",
            "value": "value"
          }
        ]
      }
    },
    {
      "RequestUri": "https://dotnotsdkbatchaccount2.eastus2.batch.azure.com/jobschedules/jobSchedulePatch?api-version=2024-07-01.20.0",
      "RequestMethod": "GET",
      "RequestHeaders": {
        "Accept": "application/json",
        "Authorization": "Sanitized",
        "client-request-id": "Sanitized",
        "return-client-request-id": "true",
        "traceparent": "00-987eec098fc4d1b20c4e0e1717ca048c-b90643db0989994e-00",
        "User-Agent": "azsdk-net-Compute.Batch/1.0.0-alpha.20250425.1 (.NET 9.0.4; Microsoft Windows 10.0.26100)",
        "x-ms-client-request-id": "Sanitized",
        "x-ms-return-client-request-id": "true"
      },
      "RequestBody": null,
      "StatusCode": 200,
      "ResponseHeaders": {
        "client-request-id": "Sanitized",
        "Content-Type": "application/json; odata=minimalmetadata",
        "DataServiceVersion": "3.0",
        "Date": "Sat, 26 Apr 2025 05:40:28 GMT",
        "ETag": "0x8DD8484DA310FE5",
        "Last-Modified": "Sat, 26 Apr 2025 05:40:28 GMT",
        "request-id": "7d5ae822-c393-4ab9-9d6a-df48ae843c7c",
        "Server": "Microsoft-HTTPAPI/2.0",
        "Strict-Transport-Security": "max-age=31536000; includeSubDomains",
        "Transfer-Encoding": "chunked",
        "X-Content-Type-Options": "nosniff"
      },
      "ResponseBody": {
        "odata.metadata": "https://dotnotsdkbatchaccount2.eastus2.batch.azure.com/$metadata#jobschedules/@Element",
        "id": "jobSchedulePatch",
        "url": "https://dotnotsdkbatchaccount2.eastus2.batch.azure.com/jobschedules/jobSchedulePatch",
        "eTag": "0x8DD8484DA310FE5",
        "lastModified": "2025-04-26T05:40:28.7676389Z",
        "creationTime": "2025-04-26T05:40:28.6706391Z",
        "state": "active",
        "stateTransitionTime": "2025-04-26T05:40:28.6706391Z",
        "schedule": {
          "doNotRunUntil": "2026-08-18T00:00:00Z"
        },
        "jobSpecification": {
          "priority": 0,
          "maxParallelTasks": -1,
          "allowTaskPreemption": false,
          "usesTaskDependencies": false,
          "onAllTasksComplete": "noaction",
          "onTaskFailure": "noaction",
          "constraints": {
            "maxWallClockTime": "P10675199DT2H48M5.4775807S",
            "maxTaskRetryCount": 0
          },
          "poolInfo": {
            "autoPoolSpecification": {
              "poolLifetimeOption": "job",
              "keepAlive": false,
              "pool": {
                "vmSize": "standard_d1_v2",
                "taskSlotsPerNode": 1,
                "taskSchedulingPolicy": {
                  "nodeFillType": "Spread"
                },
                "resizeTimeout": "PT15M",
                "targetDedicatedNodes": 0,
                "targetLowPriorityNodes": 0,
                "enableAutoScale": false,
                "enableInterNodeCommunication": false,
                "virtualMachineConfiguration": {
                  "imageReference": {
                    "publisher": "MicrosoftWindowsServer",
                    "offer": "WindowsServer",
                    "sku": "2019-datacenter-smalldisk",
                    "version": "latest"
                  },
                  "nodeAgentSKUId": "batch.node.windows amd64"
                }
              }
            }
          }
        },
        "executionInfo": {
          "nextRunTime": "2026-08-18T00:00:00Z"
        },
        "metadata": [
          {
            "name": "name",
            "value": "value"
          }
        ]
      }
    },
    {
      "RequestUri": "https://dotnotsdkbatchaccount2.eastus2.batch.azure.com/jobschedules/jobSchedulePatch?api-version=2024-07-01.20.0",
      "RequestMethod": "DELETE",
      "RequestHeaders": {
        "Authorization": "Sanitized",
        "client-request-id": "Sanitized",
        "return-client-request-id": "true",
        "traceparent": "00-987eec098fc4d1b20c4e0e1717ca048c-fa197f93903fec4e-00",
        "User-Agent": "azsdk-net-Compute.Batch/1.0.0-alpha.20250425.1 (.NET 9.0.4; Microsoft Windows 10.0.26100)",
        "x-ms-client-request-id": "Sanitized",
        "x-ms-return-client-request-id": "true"
      },
      "RequestBody": null,
      "StatusCode": 202,
      "ResponseHeaders": {
        "client-request-id": "Sanitized",
        "DataServiceVersion": "3.0",
        "Date": "Sat, 26 Apr 2025 05:40:28 GMT",
        "request-id": "8e5326b2-730d-4179-9f08-59ceff50201a",
        "Server": "Microsoft-HTTPAPI/2.0",
        "Strict-Transport-Security": "max-age=31536000; includeSubDomains",
        "Transfer-Encoding": "chunked",
        "X-Content-Type-Options": "nosniff"
      },
      "ResponseBody": null
    }
  ],
  "Variables": {
    "AZURE_AUTHORITY_HOST": null,
    "batch_account_uri": "dotnotsdkbatchaccount2.eastus2.batch.azure.com",
    "RandomSeed": "1241094778"
  }
}