{
  "Entries": [
    {
      "RequestUri": "https://management.azure.com/subscriptions/8443df5e-8e12-4cd9-810e-c525196fecae?api-version=2022-12-01",
      "RequestMethod": "GET",
      "RequestHeaders": {
        "Accept": "application/json",
        "Authorization": "Sanitized",
        "traceparent": "00-dba4125bdf52351c688f0b2f7fa389cc-68f25fdddf437831-00",
        "User-Agent": "azsdk-net-ResourceManager/1.7.0 (.NET Framework 4.8.9167.0; Microsoft Windows 10.0.22621 )",
        "x-ms-client-request-id": "9cf5e4d12ccb111e97e57037cd1a1631",
        "x-ms-return-client-request-id": "true"
      },
      "RequestBody": null,
      "StatusCode": 200,
      "ResponseHeaders": {
        "Cache-Control": "no-cache",
        "Content-Length": "410",
        "Content-Type": "application/json; charset=utf-8",
        "Date": "Mon, 04 Sep 2023 03:17:11 GMT",
        "Expires": "-1",
        "Pragma": "no-cache",
        "Strict-Transport-Security": "max-age=31536000; includeSubDomains",
        "X-Cache": "CONFIG_NOCACHE",
        "X-Content-Type-Options": "nosniff",
        "x-ms-correlation-request-id": "fd5bed8d-5da5-4e20-8248-6f1dc24d1ab8",
        "x-ms-ratelimit-remaining-subscription-reads": "11990",
        "x-ms-request-id": "fd5bed8d-5da5-4e20-8248-6f1dc24d1ab8",
        "x-ms-routing-request-id": "CANADACENTRAL:20230904T031712Z:fd5bed8d-5da5-4e20-8248-6f1dc24d1ab8",
        "X-MSEdge-Ref": "Ref A: 4AC7ED40BF0641BBA96E38061DF02725 Ref B: CO6AA3150218033 Ref C: 2023-09-04T03:17:12Z"
      },
      "ResponseBody": {
        "id": "/subscriptions/8443df5e-8e12-4cd9-810e-c525196fecae",
        "authorizationSource": "RoleBased",
        "managedByTenants": [],
        "subscriptionId": "8443df5e-8e12-4cd9-810e-c525196fecae",
        "tenantId": "9fd9531e-984c-4649-b30e-ca03c39a0b32",
        "displayName": "Visual Studio Enterprise Subscription",
        "state": "Enabled",
        "subscriptionPolicies": {
          "locationPlacementId": "Public_2014-09-01",
          "quotaId": "MSDN_2014-09-01",
          "spendingLimit": "On"
        }
      }
    },
    {
      "RequestUri": "https://management.azure.com/subscriptions/8443df5e-8e12-4cd9-810e-c525196fecae/resourcegroups/Communication-RG-9814?api-version=2022-09-01",
      "RequestMethod": "PUT",
      "RequestHeaders": {
        "Accept": "application/json",
        "Authorization": "Sanitized",
        "Content-Length": "21",
        "Content-Type": "application/json",
        "traceparent": "00-5990b52c5f6b2a0e39def263e88641f0-f0af36e73c6c8b3a-00",
        "User-Agent": "azsdk-net-ResourceManager/1.7.0 (.NET Framework 4.8.9167.0; Microsoft Windows 10.0.22621 )",
        "x-ms-client-request-id": "750e37f37d46b05916354a0f8ef42a16",
        "x-ms-return-client-request-id": "true"
      },
      "RequestBody": {
        "location": "westus"
      },
      "StatusCode": 201,
      "ResponseHeaders": {
        "Cache-Control": "no-cache",
        "Content-Length": "239",
        "Content-Type": "application/json; charset=utf-8",
        "Date": "Mon, 04 Sep 2023 03:17:13 GMT",
        "Expires": "-1",
        "Pragma": "no-cache",
        "Strict-Transport-Security": "max-age=31536000; includeSubDomains",
        "X-Cache": "CONFIG_NOCACHE",
        "X-Content-Type-Options": "nosniff",
        "x-ms-correlation-request-id": "67b69f89-7997-467a-bd27-3e91e892d131",
        "x-ms-ratelimit-remaining-subscription-writes": "1198",
        "x-ms-request-id": "67b69f89-7997-467a-bd27-3e91e892d131",
        "x-ms-routing-request-id": "CANADACENTRAL:20230904T031714Z:67b69f89-7997-467a-bd27-3e91e892d131",
        "X-MSEdge-Ref": "Ref A: CFC79F3580344663A167A03AF1857432 Ref B: CO6AA3150218033 Ref C: 2023-09-04T03:17:12Z"
      },
      "ResponseBody": {
        "id": "/subscriptions/8443df5e-8e12-4cd9-810e-c525196fecae/resourceGroups/Communication-RG-9814",
        "name": "Communication-RG-9814",
        "type": "Microsoft.Resources/resourceGroups",
        "location": "westus",
        "properties": {
          "provisioningState": "Succeeded"
        }
      }
    },
    {
      "RequestUri": "https://management.azure.com/subscriptions/8443df5e-8e12-4cd9-810e-c525196fecae/resourceGroups/Communication-RG-9814/providers/Microsoft.Communication/emailServices/email-test5523?api-version=2023-04-01-preview",
      "RequestMethod": "PUT",
      "RequestHeaders": {
        "Accept": "application/json",
        "Authorization": "Sanitized",
        "Content-Length": "76",
        "Content-Type": "application/json",
        "traceparent": "00-310054c59a8fdd976738636c4770f468-6ba7800ccdf28dc0-00",
        "User-Agent": "azsdk-net-ResourceManager.Communication/1.2.0-alpha.20230902.1 (.NET Framework 4.8.9167.0; Microsoft Windows 10.0.22621 )",
        "x-ms-client-request-id": "e343bd557f0a16bc98d0afc5ea6ca32a",
        "x-ms-return-client-request-id": "true"
      },
      "RequestBody": {
        "location": "global",
        "properties": {
          "dataLocation": "UnitedStates"
        }
      },
      "StatusCode": 201,
      "ResponseHeaders": {
        "Azure-AsyncOperation": "https://management.azure.com/subscriptions/8443df5e-8e12-4cd9-810e-c525196fecae/providers/Microsoft.Communication/locations/WESTUS2/operationStatuses/28a2acd5-5b03-4925-92ac-b0513a4e4473*DC0D1DA9602D7BF085FAEDCA99A4D8C5595EB045E1C3ABEB2E3A73E4760ABD58?api-version=2023-04-01-preview",
        "Cache-Control": "no-cache",
        "Content-Length": "615",
        "Content-Type": "application/json; charset=utf-8",
        "Date": "Mon, 04 Sep 2023 03:17:15 GMT",
        "ETag": "\u0022c4000178-0000-0100-0000-64f54c3c0000\u0022",
        "Expires": "-1",
        "mise-correlation-id": "4d6d6b8b-df43-40e9-90f2-e9af61107400",
        "Pragma": "no-cache",
        "Request-Context": "appId=",
        "Strict-Transport-Security": "max-age=31536000; includeSubDomains",
        "X-Cache": "CONFIG_NOCACHE",
        "X-Content-Type-Options": "nosniff",
        "x-ms-client-request-id": "e343bd557f0a16bc98d0afc5ea6ca32a",
        "x-ms-correlation-request-id": "9f7054ec-1461-4871-8390-f079f8420e11",
        "x-ms-providerhub-traffic": "True",
        "x-ms-ratelimit-remaining-subscription-writes": "1199",
        "x-ms-request-id": "28a2acd5-5b03-4925-92ac-b0513a4e4473",
        "x-ms-routing-request-id": "CANADACENTRAL:20230904T031716Z:9f7054ec-1461-4871-8390-f079f8420e11",
        "X-MSEdge-Ref": "Ref A: 6DAA442D67A749C0AEB3286B6DA78716 Ref B: CO6AA3150218033 Ref C: 2023-09-04T03:17:14Z"
      },
      "ResponseBody": {
        "id": "/subscriptions/8443df5e-8e12-4cd9-810e-c525196fecae/resourceGroups/Communication-RG-9814/providers/Microsoft.Communication/emailServices/email-test5523",
        "name": "email-test5523",
        "type": "microsoft.communication/emailservices",
        "location": "global",
        "tags": {},
        "systemData": {
          "createdBy": "00226471-3a95-403e-98c0-dca45fecd307",
          "createdByType": "Application",
          "createdAt": "2023-09-04T03:17:15.4324238Z",
          "lastModifiedBy": "00226471-3a95-403e-98c0-dca45fecd307",
          "lastModifiedByType": "Application",
          "lastModifiedAt": "2023-09-04T03:17:15.4324238Z"
        },
        "properties": {
          "dataLocation": "UnitedStates",
          "provisioningState": "Accepted"
        }
      }
    },
    {
      "RequestUri": "https://management.azure.com/subscriptions/8443df5e-8e12-4cd9-810e-c525196fecae/providers/Microsoft.Communication/locations/WESTUS2/operationStatuses/28a2acd5-5b03-4925-92ac-b0513a4e4473*DC0D1DA9602D7BF085FAEDCA99A4D8C5595EB045E1C3ABEB2E3A73E4760ABD58?api-version=2023-04-01-preview",
      "RequestMethod": "GET",
      "RequestHeaders": {
        "Authorization": "Sanitized",
        "traceparent": "00-310054c59a8fdd976738636c4770f468-76becdcc5e26a952-00",
        "User-Agent": "azsdk-net-ResourceManager/1.7.0 (.NET Framework 4.8.9167.0; Microsoft Windows 10.0.22621 )",
        "x-ms-client-request-id": "59c4b620b7edb8e9515fadada9ea2bc8",
        "x-ms-return-client-request-id": "true"
      },
      "RequestBody": null,
      "StatusCode": 200,
      "ResponseHeaders": {
        "Cache-Control": "no-cache",
        "Content-Length": "573",
        "Content-Type": "application/json; charset=utf-8",
        "Date": "Mon, 04 Sep 2023 03:17:15 GMT",
        "ETag": "\u0022bc01dbca-0000-0100-0000-64f54c3b0000\u0022",
        "Expires": "-1",
        "Pragma": "no-cache",
        "Strict-Transport-Security": "max-age=31536000; includeSubDomains",
        "X-Cache": "CONFIG_NOCACHE",
        "X-Content-Type-Options": "nosniff",
        "x-ms-client-request-id": "59c4b620b7edb8e9515fadada9ea2bc8",
        "x-ms-correlation-request-id": "774cf397-0da0-4ee7-8111-5097d0075ec9",
        "x-ms-ratelimit-remaining-subscription-reads": "11989",
        "x-ms-request-id": "5f9c33fa-481a-4791-81a8-c7d5435e727a",
        "x-ms-routing-request-id": "CANADACENTRAL:20230904T031716Z:774cf397-0da0-4ee7-8111-5097d0075ec9",
        "X-MSEdge-Ref": "Ref A: ECD0504847E1405FB8CD0621EF86F1DE Ref B: CO6AA3150218033 Ref C: 2023-09-04T03:17:16Z"
      },
      "ResponseBody": {
        "id": "/subscriptions/8443df5e-8e12-4cd9-810e-c525196fecae/providers/Microsoft.Communication/locations/WESTUS2/operationStatuses/28a2acd5-5b03-4925-92ac-b0513a4e4473*DC0D1DA9602D7BF085FAEDCA99A4D8C5595EB045E1C3ABEB2E3A73E4760ABD58",
        "name": "28a2acd5-5b03-4925-92ac-b0513a4e4473*DC0D1DA9602D7BF085FAEDCA99A4D8C5595EB045E1C3ABEB2E3A73E4760ABD58",
        "resourceId": "/subscriptions/8443df5e-8e12-4cd9-810e-c525196fecae/resourceGroups/Communication-RG-9814/providers/Microsoft.Communication/emailServices/email-test5523",
        "status": "Accepted",
        "startTime": "2023-09-04T03:17:15.6492213Z"
      }
    },
    {
      "RequestUri": "https://management.azure.com/subscriptions/8443df5e-8e12-4cd9-810e-c525196fecae/providers/Microsoft.Communication/locations/WESTUS2/operationStatuses/28a2acd5-5b03-4925-92ac-b0513a4e4473*DC0D1DA9602D7BF085FAEDCA99A4D8C5595EB045E1C3ABEB2E3A73E4760ABD58?api-version=2023-04-01-preview",
      "RequestMethod": "GET",
      "RequestHeaders": {
        "Authorization": "Sanitized",
        "traceparent": "00-310054c59a8fdd976738636c4770f468-84d5e0e204489fbc-00",
        "User-Agent": "azsdk-net-ResourceManager/1.7.0 (.NET Framework 4.8.9167.0; Microsoft Windows 10.0.22621 )",
        "x-ms-client-request-id": "2aefe4a7275fca9b56a7f75587e91490",
        "x-ms-return-client-request-id": "true"
      },
      "RequestBody": null,
      "StatusCode": 200,
      "ResponseHeaders": {
        "Cache-Control": "no-cache",
        "Content-Length": "573",
        "Content-Type": "application/json; charset=utf-8",
        "Date": "Mon, 04 Sep 2023 03:17:17 GMT",
        "ETag": "\u0022bc01dbca-0000-0100-0000-64f54c3b0000\u0022",
        "Expires": "-1",
        "Pragma": "no-cache",
        "Strict-Transport-Security": "max-age=31536000; includeSubDomains",
        "X-Cache": "CONFIG_NOCACHE",
        "X-Content-Type-Options": "nosniff",
        "x-ms-client-request-id": "2aefe4a7275fca9b56a7f75587e91490",
        "x-ms-correlation-request-id": "7e3f279c-95c8-4f5c-8fc2-8a112b4dd939",
        "x-ms-ratelimit-remaining-subscription-reads": "11985",
        "x-ms-request-id": "67e51665-c3d3-464f-ace9-c8ee81a8681a",
        "x-ms-routing-request-id": "CANADACENTRAL:20230904T031718Z:7e3f279c-95c8-4f5c-8fc2-8a112b4dd939",
        "X-MSEdge-Ref": "Ref A: 1F5E45ADEA7F4FCE935DDD42E159C5C7 Ref B: CO6AA3150218033 Ref C: 2023-09-04T03:17:17Z"
      },
      "ResponseBody": {
        "id": "/subscriptions/8443df5e-8e12-4cd9-810e-c525196fecae/providers/Microsoft.Communication/locations/WESTUS2/operationStatuses/28a2acd5-5b03-4925-92ac-b0513a4e4473*DC0D1DA9602D7BF085FAEDCA99A4D8C5595EB045E1C3ABEB2E3A73E4760ABD58",
        "name": "28a2acd5-5b03-4925-92ac-b0513a4e4473*DC0D1DA9602D7BF085FAEDCA99A4D8C5595EB045E1C3ABEB2E3A73E4760ABD58",
        "resourceId": "/subscriptions/8443df5e-8e12-4cd9-810e-c525196fecae/resourceGroups/Communication-RG-9814/providers/Microsoft.Communication/emailServices/email-test5523",
        "status": "Accepted",
        "startTime": "2023-09-04T03:17:15.6492213Z"
      }
    },
    {
      "RequestUri": "https://management.azure.com/subscriptions/8443df5e-8e12-4cd9-810e-c525196fecae/providers/Microsoft.Communication/locations/WESTUS2/operationStatuses/28a2acd5-5b03-4925-92ac-b0513a4e4473*DC0D1DA9602D7BF085FAEDCA99A4D8C5595EB045E1C3ABEB2E3A73E4760ABD58?api-version=2023-04-01-preview",
      "RequestMethod": "GET",
      "RequestHeaders": {
        "Authorization": "Sanitized",
        "traceparent": "00-310054c59a8fdd976738636c4770f468-4ebfcef1f40c816c-00",
        "User-Agent": "azsdk-net-ResourceManager/1.7.0 (.NET Framework 4.8.9167.0; Microsoft Windows 10.0.22621 )",
        "x-ms-client-request-id": "34a569de4aa8e83de0129e1bddb9f200",
        "x-ms-return-client-request-id": "true"
      },
      "RequestBody": null,
      "StatusCode": 200,
      "ResponseHeaders": {
        "Cache-Control": "no-cache",
        "Content-Length": "573",
        "Content-Type": "application/json; charset=utf-8",
        "Date": "Mon, 04 Sep 2023 03:17:18 GMT",
        "ETag": "\u0022bc01dbca-0000-0100-0000-64f54c3b0000\u0022",
        "Expires": "-1",
        "Pragma": "no-cache",
        "Strict-Transport-Security": "max-age=31536000; includeSubDomains",
        "X-Cache": "CONFIG_NOCACHE",
        "X-Content-Type-Options": "nosniff",
        "x-ms-client-request-id": "34a569de4aa8e83de0129e1bddb9f200",
        "x-ms-correlation-request-id": "7dce7966-6aef-47a3-a6f2-0974289764ef",
        "x-ms-ratelimit-remaining-subscription-reads": "11988",
        "x-ms-request-id": "12db9d0a-a939-4052-b26f-a647d8f53c1d",
        "x-ms-routing-request-id": "CANADACENTRAL:20230904T031719Z:7dce7966-6aef-47a3-a6f2-0974289764ef",
        "X-MSEdge-Ref": "Ref A: CF6052CC847E4EDD898C2EEDA5989697 Ref B: CO6AA3150218033 Ref C: 2023-09-04T03:17:19Z"
      },
      "ResponseBody": {
        "id": "/subscriptions/8443df5e-8e12-4cd9-810e-c525196fecae/providers/Microsoft.Communication/locations/WESTUS2/operationStatuses/28a2acd5-5b03-4925-92ac-b0513a4e4473*DC0D1DA9602D7BF085FAEDCA99A4D8C5595EB045E1C3ABEB2E3A73E4760ABD58",
        "name": "28a2acd5-5b03-4925-92ac-b0513a4e4473*DC0D1DA9602D7BF085FAEDCA99A4D8C5595EB045E1C3ABEB2E3A73E4760ABD58",
        "resourceId": "/subscriptions/8443df5e-8e12-4cd9-810e-c525196fecae/resourceGroups/Communication-RG-9814/providers/Microsoft.Communication/emailServices/email-test5523",
        "status": "Accepted",
        "startTime": "2023-09-04T03:17:15.6492213Z"
      }
    },
    {
      "RequestUri": "https://management.azure.com/subscriptions/8443df5e-8e12-4cd9-810e-c525196fecae/providers/Microsoft.Communication/locations/WESTUS2/operationStatuses/28a2acd5-5b03-4925-92ac-b0513a4e4473*DC0D1DA9602D7BF085FAEDCA99A4D8C5595EB045E1C3ABEB2E3A73E4760ABD58?api-version=2023-04-01-preview",
      "RequestMethod": "GET",
      "RequestHeaders": {
        "Authorization": "Sanitized",
        "traceparent": "00-310054c59a8fdd976738636c4770f468-d57f54594f029467-00",
        "User-Agent": "azsdk-net-ResourceManager/1.7.0 (.NET Framework 4.8.9167.0; Microsoft Windows 10.0.22621 )",
        "x-ms-client-request-id": "1d2c2f89c619f9e61bf90246bf933067",
        "x-ms-return-client-request-id": "true"
      },
      "RequestBody": null,
      "StatusCode": 200,
      "ResponseHeaders": {
        "Cache-Control": "no-cache",
        "Content-Length": "573",
        "Content-Type": "application/json; charset=utf-8",
        "Date": "Mon, 04 Sep 2023 03:17:19 GMT",
        "ETag": "\u0022bc01dbca-0000-0100-0000-64f54c3b0000\u0022",
        "Expires": "-1",
        "Pragma": "no-cache",
        "Strict-Transport-Security": "max-age=31536000; includeSubDomains",
        "X-Cache": "CONFIG_NOCACHE",
        "X-Content-Type-Options": "nosniff",
        "x-ms-client-request-id": "1d2c2f89c619f9e61bf90246bf933067",
        "x-ms-correlation-request-id": "41bfda92-edeb-40ab-87c8-b7a3d6b81b4c",
        "x-ms-ratelimit-remaining-subscription-reads": "11987",
        "x-ms-request-id": "a40db872-945f-4f98-ae58-55d931af1873",
        "x-ms-routing-request-id": "CANADACENTRAL:20230904T031720Z:41bfda92-edeb-40ab-87c8-b7a3d6b81b4c",
        "X-MSEdge-Ref": "Ref A: 94D0572A57CF4839BF024458A403509A Ref B: CO6AA3150218033 Ref C: 2023-09-04T03:17:20Z"
      },
      "ResponseBody": {
        "id": "/subscriptions/8443df5e-8e12-4cd9-810e-c525196fecae/providers/Microsoft.Communication/locations/WESTUS2/operationStatuses/28a2acd5-5b03-4925-92ac-b0513a4e4473*DC0D1DA9602D7BF085FAEDCA99A4D8C5595EB045E1C3ABEB2E3A73E4760ABD58",
        "name": "28a2acd5-5b03-4925-92ac-b0513a4e4473*DC0D1DA9602D7BF085FAEDCA99A4D8C5595EB045E1C3ABEB2E3A73E4760ABD58",
        "resourceId": "/subscriptions/8443df5e-8e12-4cd9-810e-c525196fecae/resourceGroups/Communication-RG-9814/providers/Microsoft.Communication/emailServices/email-test5523",
        "status": "Accepted",
        "startTime": "2023-09-04T03:17:15.6492213Z"
      }
    },
    {
      "RequestUri": "https://management.azure.com/subscriptions/8443df5e-8e12-4cd9-810e-c525196fecae/providers/Microsoft.Communication/locations/WESTUS2/operationStatuses/28a2acd5-5b03-4925-92ac-b0513a4e4473*DC0D1DA9602D7BF085FAEDCA99A4D8C5595EB045E1C3ABEB2E3A73E4760ABD58?api-version=2023-04-01-preview",
      "RequestMethod": "GET",
      "RequestHeaders": {
        "Authorization": "Sanitized",
        "traceparent": "00-310054c59a8fdd976738636c4770f468-473ae65383a60c71-00",
        "User-Agent": "azsdk-net-ResourceManager/1.7.0 (.NET Framework 4.8.9167.0; Microsoft Windows 10.0.22621 )",
        "x-ms-client-request-id": "40cf1d4bf7455d1fa7064a4d887fed9d",
        "x-ms-return-client-request-id": "true"
      },
      "RequestBody": null,
      "StatusCode": 200,
      "ResponseHeaders": {
        "Cache-Control": "no-cache",
        "Content-Length": "573",
        "Content-Type": "application/json; charset=utf-8",
        "Date": "Mon, 04 Sep 2023 03:17:21 GMT",
        "ETag": "\u0022bc01dbca-0000-0100-0000-64f54c3b0000\u0022",
        "Expires": "-1",
        "Pragma": "no-cache",
        "Strict-Transport-Security": "max-age=31536000; includeSubDomains",
        "X-Cache": "CONFIG_NOCACHE",
        "X-Content-Type-Options": "nosniff",
        "x-ms-client-request-id": "40cf1d4bf7455d1fa7064a4d887fed9d",
        "x-ms-correlation-request-id": "e041c09a-a590-49f9-9621-4aa3451cfb64",
        "x-ms-ratelimit-remaining-subscription-reads": "11984",
        "x-ms-request-id": "3e466dd5-7b13-41e6-a4a8-f51c972ab7b2",
        "x-ms-routing-request-id": "CANADACENTRAL:20230904T031722Z:e041c09a-a590-49f9-9621-4aa3451cfb64",
        "X-MSEdge-Ref": "Ref A: 6664E6527B9144F5B2FBBB0E185E53A2 Ref B: CO6AA3150218033 Ref C: 2023-09-04T03:17:22Z"
      },
      "ResponseBody": {
        "id": "/subscriptions/8443df5e-8e12-4cd9-810e-c525196fecae/providers/Microsoft.Communication/locations/WESTUS2/operationStatuses/28a2acd5-5b03-4925-92ac-b0513a4e4473*DC0D1DA9602D7BF085FAEDCA99A4D8C5595EB045E1C3ABEB2E3A73E4760ABD58",
        "name": "28a2acd5-5b03-4925-92ac-b0513a4e4473*DC0D1DA9602D7BF085FAEDCA99A4D8C5595EB045E1C3ABEB2E3A73E4760ABD58",
        "resourceId": "/subscriptions/8443df5e-8e12-4cd9-810e-c525196fecae/resourceGroups/Communication-RG-9814/providers/Microsoft.Communication/emailServices/email-test5523",
        "status": "Accepted",
        "startTime": "2023-09-04T03:17:15.6492213Z"
      }
    },
    {
      "RequestUri": "https://management.azure.com/subscriptions/8443df5e-8e12-4cd9-810e-c525196fecae/providers/Microsoft.Communication/locations/WESTUS2/operationStatuses/28a2acd5-5b03-4925-92ac-b0513a4e4473*DC0D1DA9602D7BF085FAEDCA99A4D8C5595EB045E1C3ABEB2E3A73E4760ABD58?api-version=2023-04-01-preview",
      "RequestMethod": "GET",
      "RequestHeaders": {
        "Authorization": "Sanitized",
        "traceparent": "00-310054c59a8fdd976738636c4770f468-6644aab2f7f207f7-00",
        "User-Agent": "azsdk-net-ResourceManager/1.7.0 (.NET Framework 4.8.9167.0; Microsoft Windows 10.0.22621 )",
        "x-ms-client-request-id": "58cbf7b4f6bd177683ac18af47f6284c",
        "x-ms-return-client-request-id": "true"
      },
      "RequestBody": null,
      "StatusCode": 200,
      "ResponseHeaders": {
        "Cache-Control": "no-cache",
        "Content-Length": "573",
        "Content-Type": "application/json; charset=utf-8",
        "Date": "Mon, 04 Sep 2023 03:17:25 GMT",
        "ETag": "\u0022bc01dbca-0000-0100-0000-64f54c3b0000\u0022",
        "Expires": "-1",
        "Pragma": "no-cache",
        "Strict-Transport-Security": "max-age=31536000; includeSubDomains",
        "X-Cache": "CONFIG_NOCACHE",
        "X-Content-Type-Options": "nosniff",
        "x-ms-client-request-id": "58cbf7b4f6bd177683ac18af47f6284c",
        "x-ms-correlation-request-id": "f982b54d-fea9-4a34-b108-4892b08f7861",
        "x-ms-ratelimit-remaining-subscription-reads": "11986",
        "x-ms-request-id": "d86b0c97-287b-4bac-abd6-552dd53a91e3",
        "x-ms-routing-request-id": "CANADACENTRAL:20230904T031726Z:f982b54d-fea9-4a34-b108-4892b08f7861",
        "X-MSEdge-Ref": "Ref A: B2B0260354834C75BA3CC2EE3DE1B935 Ref B: CO6AA3150218033 Ref C: 2023-09-04T03:17:26Z"
      },
      "ResponseBody": {
        "id": "/subscriptions/8443df5e-8e12-4cd9-810e-c525196fecae/providers/Microsoft.Communication/locations/WESTUS2/operationStatuses/28a2acd5-5b03-4925-92ac-b0513a4e4473*DC0D1DA9602D7BF085FAEDCA99A4D8C5595EB045E1C3ABEB2E3A73E4760ABD58",
        "name": "28a2acd5-5b03-4925-92ac-b0513a4e4473*DC0D1DA9602D7BF085FAEDCA99A4D8C5595EB045E1C3ABEB2E3A73E4760ABD58",
        "resourceId": "/subscriptions/8443df5e-8e12-4cd9-810e-c525196fecae/resourceGroups/Communication-RG-9814/providers/Microsoft.Communication/emailServices/email-test5523",
        "status": "Accepted",
        "startTime": "2023-09-04T03:17:15.6492213Z"
      }
    },
    {
      "RequestUri": "https://management.azure.com/subscriptions/8443df5e-8e12-4cd9-810e-c525196fecae/providers/Microsoft.Communication/locations/WESTUS2/operationStatuses/28a2acd5-5b03-4925-92ac-b0513a4e4473*DC0D1DA9602D7BF085FAEDCA99A4D8C5595EB045E1C3ABEB2E3A73E4760ABD58?api-version=2023-04-01-preview",
      "RequestMethod": "GET",
      "RequestHeaders": {
        "Authorization": "Sanitized",
        "traceparent": "00-310054c59a8fdd976738636c4770f468-aa8a48177d3fb5b5-00",
        "User-Agent": "azsdk-net-ResourceManager/1.7.0 (.NET Framework 4.8.9167.0; Microsoft Windows 10.0.22621 )",
        "x-ms-client-request-id": "bfd036e1b2ea92ba0fce76127c98709b",
        "x-ms-return-client-request-id": "true"
      },
      "RequestBody": null,
      "StatusCode": 200,
      "ResponseHeaders": {
        "Cache-Control": "no-cache",
        "Content-Length": "573",
        "Content-Type": "application/json; charset=utf-8",
        "Date": "Mon, 04 Sep 2023 03:17:33 GMT",
        "ETag": "\u0022bc01dbca-0000-0100-0000-64f54c3b0000\u0022",
        "Expires": "-1",
        "Pragma": "no-cache",
        "Strict-Transport-Security": "max-age=31536000; includeSubDomains",
        "X-Cache": "CONFIG_NOCACHE",
        "X-Content-Type-Options": "nosniff",
        "x-ms-client-request-id": "bfd036e1b2ea92ba0fce76127c98709b",
        "x-ms-correlation-request-id": "5f3b2f38-faa5-4d2d-a342-d3631508f1ba",
        "x-ms-ratelimit-remaining-subscription-reads": "11985",
        "x-ms-request-id": "55fce3dd-1515-4608-8355-d671d8f6dcf9",
        "x-ms-routing-request-id": "CANADACENTRAL:20230904T031734Z:5f3b2f38-faa5-4d2d-a342-d3631508f1ba",
        "X-MSEdge-Ref": "Ref A: C25D1CD598794994B7F5069A496073EE Ref B: CO6AA3150218033 Ref C: 2023-09-04T03:17:34Z"
      },
      "ResponseBody": {
        "id": "/subscriptions/8443df5e-8e12-4cd9-810e-c525196fecae/providers/Microsoft.Communication/locations/WESTUS2/operationStatuses/28a2acd5-5b03-4925-92ac-b0513a4e4473*DC0D1DA9602D7BF085FAEDCA99A4D8C5595EB045E1C3ABEB2E3A73E4760ABD58",
        "name": "28a2acd5-5b03-4925-92ac-b0513a4e4473*DC0D1DA9602D7BF085FAEDCA99A4D8C5595EB045E1C3ABEB2E3A73E4760ABD58",
        "resourceId": "/subscriptions/8443df5e-8e12-4cd9-810e-c525196fecae/resourceGroups/Communication-RG-9814/providers/Microsoft.Communication/emailServices/email-test5523",
        "status": "Accepted",
        "startTime": "2023-09-04T03:17:15.6492213Z"
      }
    },
    {
      "RequestUri": "https://management.azure.com/subscriptions/8443df5e-8e12-4cd9-810e-c525196fecae/providers/Microsoft.Communication/locations/WESTUS2/operationStatuses/28a2acd5-5b03-4925-92ac-b0513a4e4473*DC0D1DA9602D7BF085FAEDCA99A4D8C5595EB045E1C3ABEB2E3A73E4760ABD58?api-version=2023-04-01-preview",
      "RequestMethod": "GET",
      "RequestHeaders": {
        "Authorization": "Sanitized",
        "traceparent": "00-310054c59a8fdd976738636c4770f468-cd85f2ae977e3307-00",
        "User-Agent": "azsdk-net-ResourceManager/1.7.0 (.NET Framework 4.8.9167.0; Microsoft Windows 10.0.22621 )",
        "x-ms-client-request-id": "c892650cd8c854aaa6b7bc99de7016b1",
        "x-ms-return-client-request-id": "true"
      },
      "RequestBody": null,
      "StatusCode": 200,
      "ResponseHeaders": {
        "Cache-Control": "no-cache",
        "Content-Length": "573",
        "Content-Type": "application/json; charset=utf-8",
        "Date": "Mon, 04 Sep 2023 03:17:50 GMT",
        "ETag": "\u0022bc01dbca-0000-0100-0000-64f54c3b0000\u0022",
        "Expires": "-1",
        "Pragma": "no-cache",
        "Strict-Transport-Security": "max-age=31536000; includeSubDomains",
        "X-Cache": "CONFIG_NOCACHE",
        "X-Content-Type-Options": "nosniff",
        "x-ms-client-request-id": "c892650cd8c854aaa6b7bc99de7016b1",
        "x-ms-correlation-request-id": "cd010e91-ca01-40c7-8f63-fe4657c041e9",
        "x-ms-ratelimit-remaining-subscription-reads": "11999",
        "x-ms-request-id": "d9cfb618-3097-4ba0-ad40-4baacaecc0f7",
        "x-ms-routing-request-id": "CANADACENTRAL:20230904T031751Z:cd010e91-ca01-40c7-8f63-fe4657c041e9",
        "X-MSEdge-Ref": "Ref A: A941AEA6D41E4BF0B4ECFA23A8872FE2 Ref B: CO6AA3150218033 Ref C: 2023-09-04T03:17:50Z"
      },
      "ResponseBody": {
        "id": "/subscriptions/8443df5e-8e12-4cd9-810e-c525196fecae/providers/Microsoft.Communication/locations/WESTUS2/operationStatuses/28a2acd5-5b03-4925-92ac-b0513a4e4473*DC0D1DA9602D7BF085FAEDCA99A4D8C5595EB045E1C3ABEB2E3A73E4760ABD58",
        "name": "28a2acd5-5b03-4925-92ac-b0513a4e4473*DC0D1DA9602D7BF085FAEDCA99A4D8C5595EB045E1C3ABEB2E3A73E4760ABD58",
        "resourceId": "/subscriptions/8443df5e-8e12-4cd9-810e-c525196fecae/resourceGroups/Communication-RG-9814/providers/Microsoft.Communication/emailServices/email-test5523",
        "status": "Accepted",
        "startTime": "2023-09-04T03:17:15.6492213Z"
      }
    },
    {
      "RequestUri": "https://management.azure.com/subscriptions/8443df5e-8e12-4cd9-810e-c525196fecae/providers/Microsoft.Communication/locations/WESTUS2/operationStatuses/28a2acd5-5b03-4925-92ac-b0513a4e4473*DC0D1DA9602D7BF085FAEDCA99A4D8C5595EB045E1C3ABEB2E3A73E4760ABD58?api-version=2023-04-01-preview",
      "RequestMethod": "GET",
      "RequestHeaders": {
        "Authorization": "Sanitized",
        "traceparent": "00-310054c59a8fdd976738636c4770f468-b140fc942dbc625c-00",
        "User-Agent": "azsdk-net-ResourceManager/1.7.0 (.NET Framework 4.8.9167.0; Microsoft Windows 10.0.22621 )",
        "x-ms-client-request-id": "516cfdde2dae01b23c3849ee7f649aea",
        "x-ms-return-client-request-id": "true"
      },
      "RequestBody": null,
      "StatusCode": 200,
      "ResponseHeaders": {
        "Cache-Control": "no-cache",
        "Content-Length": "592",
        "Content-Type": "application/json; charset=utf-8",
        "Date": "Mon, 04 Sep 2023 03:18:23 GMT",
        "ETag": "\u00224601170b-0000-0700-0000-64f54c7d0000\u0022",
        "Expires": "-1",
        "Pragma": "no-cache",
        "Strict-Transport-Security": "max-age=31536000; includeSubDomains",
        "X-Cache": "CONFIG_NOCACHE",
        "X-Content-Type-Options": "nosniff",
        "x-ms-client-request-id": "516cfdde2dae01b23c3849ee7f649aea",
        "x-ms-correlation-request-id": "ef6e510e-4523-420f-9b3d-b2560230469d",
        "x-ms-ratelimit-remaining-subscription-reads": "11984",
        "x-ms-request-id": "450e202a-5a3d-475f-ac05-44e7039d45a7",
        "x-ms-routing-request-id": "CANADACENTRAL:20230904T031823Z:ef6e510e-4523-420f-9b3d-b2560230469d",
        "X-MSEdge-Ref": "Ref A: AF7462F1353749E0BD87C7CFAC628C8D Ref B: CO6AA3150218033 Ref C: 2023-09-04T03:18:23Z"
      },
      "ResponseBody": {
        "id": "/subscriptions/8443df5e-8e12-4cd9-810e-c525196fecae/providers/Microsoft.Communication/locations/WESTUS2/operationStatuses/28a2acd5-5b03-4925-92ac-b0513a4e4473*DC0D1DA9602D7BF085FAEDCA99A4D8C5595EB045E1C3ABEB2E3A73E4760ABD58",
        "name": "28a2acd5-5b03-4925-92ac-b0513a4e4473*DC0D1DA9602D7BF085FAEDCA99A4D8C5595EB045E1C3ABEB2E3A73E4760ABD58",
        "resourceId": "/subscriptions/8443df5e-8e12-4cd9-810e-c525196fecae/resourceGroups/Communication-RG-9814/providers/Microsoft.Communication/emailServices/email-test5523",
        "status": "Succeeded",
        "startTime": "2023-09-04T03:17:15.6492213Z",
        "properties": null
      }
    },
    {
      "RequestUri": "https://management.azure.com/subscriptions/8443df5e-8e12-4cd9-810e-c525196fecae/resourceGroups/Communication-RG-9814/providers/Microsoft.Communication/emailServices/email-test5523?api-version=2023-04-01-preview",
      "RequestMethod": "GET",
      "RequestHeaders": {
        "Authorization": "Sanitized",
        "traceparent": "00-310054c59a8fdd976738636c4770f468-846b3a7f617d8544-00",
        "User-Agent": "azsdk-net-ResourceManager/1.7.0 (.NET Framework 4.8.9167.0; Microsoft Windows 10.0.22621 )",
        "x-ms-client-request-id": "e1a27d3b606309848b7c1932f521b49f",
        "x-ms-return-client-request-id": "true"
      },
      "RequestBody": null,
      "StatusCode": 200,
      "ResponseHeaders": {
        "Cache-Control": "no-cache",
        "Content-Length": "616",
        "Content-Type": "application/json; charset=utf-8",
        "Date": "Mon, 04 Sep 2023 03:18:23 GMT",
        "ETag": "\u00224405e1b3-0000-0700-0000-64f54c460000\u0022",
        "Expires": "-1",
        "Pragma": "no-cache",
        "Strict-Transport-Security": "max-age=31536000; includeSubDomains",
        "X-Cache": "CONFIG_NOCACHE",
        "X-Content-Type-Options": "nosniff",
        "x-ms-client-request-id": "e1a27d3b606309848b7c1932f521b49f",
        "x-ms-correlation-request-id": "5a0be904-b41c-4f2e-901b-574fccc7d883",
        "x-ms-providerhub-traffic": "True",
        "x-ms-ratelimit-remaining-subscription-reads": "11998",
        "x-ms-request-id": "6ed21a90-8b6f-49d4-9c00-70ae2d7d7735",
        "x-ms-routing-request-id": "CANADACENTRAL:20230904T031823Z:5a0be904-b41c-4f2e-901b-574fccc7d883",
        "X-MSEdge-Ref": "Ref A: A3E0A954725940938E453DA5BAE36D21 Ref B: CO6AA3150218033 Ref C: 2023-09-04T03:18:23Z"
      },
      "ResponseBody": {
        "id": "/subscriptions/8443df5e-8e12-4cd9-810e-c525196fecae/resourceGroups/Communication-RG-9814/providers/Microsoft.Communication/emailServices/email-test5523",
        "name": "email-test5523",
        "type": "microsoft.communication/emailservices",
        "location": "global",
        "tags": {},
        "systemData": {
          "createdBy": "00226471-3a95-403e-98c0-dca45fecd307",
          "createdByType": "Application",
          "createdAt": "2023-09-04T03:17:15.4324238Z",
          "lastModifiedBy": "00226471-3a95-403e-98c0-dca45fecd307",
          "lastModifiedByType": "Application",
          "lastModifiedAt": "2023-09-04T03:17:15.4324238Z"
        },
        "properties": {
          "provisioningState": "Succeeded",
          "dataLocation": "UnitedStates"
        }
      }
    }
  ],
  "Variables": {
    "AZURE_AUTHORITY_HOST": "https://login.microsoftonline.com",
    "RandomSeed": "1259925249",
    "RESOURCE_MANAGER_URL": "https://management.azure.com/",
    "SUBSCRIPTION_ID": "8443df5e-8e12-4cd9-810e-c525196fecae"
  }
}
