{
  "Entries": [
    {
      "RequestUri": "https://management.azure.com/subscriptions/8443df5e-8e12-4cd9-810e-c525196fecae/resourcegroups/Communication-RG-1505?api-version=2022-09-01",
      "RequestMethod": "GET",
      "RequestHeaders": {
        "Accept": "application/json",
        "Authorization": "Sanitized",
        "traceparent": "00-3e768fc7a16e100791938311307e1e47-692e7201338ef401-00",
        "User-Agent": "azsdk-net-ResourceManager/1.7.0 (.NET Framework 4.8.9167.0; Microsoft Windows 10.0.22621 )",
        "x-ms-client-request-id": "c1dafca3191d84e258e34c77528a8347",
        "x-ms-return-client-request-id": "true"
      },
      "RequestBody": null,
      "StatusCode": 200,
      "ResponseHeaders": {
        "Cache-Control": "no-cache",
        "Content-Length": "239",
        "Content-Type": "application/json; charset=utf-8",
        "Date": "Sat, 19 Aug 2023 11:47:56 GMT",
        "Expires": "-1",
        "Pragma": "no-cache",
        "Strict-Transport-Security": "max-age=31536000; includeSubDomains",
        "X-Content-Type-Options": "nosniff",
        "x-ms-correlation-request-id": "0043b460-860b-4068-9467-cf48b01b1b7d",
        "x-ms-ratelimit-remaining-subscription-reads": "11997",
        "x-ms-request-id": "0043b460-860b-4068-9467-cf48b01b1b7d",
        "x-ms-routing-request-id": "WESTUS2:20230819T114757Z:0043b460-860b-4068-9467-cf48b01b1b7d"
      },
      "ResponseBody": {
        "id": "/subscriptions/8443df5e-8e12-4cd9-810e-c525196fecae/resourceGroups/Communication-RG-1505",
        "name": "Communication-RG-1505",
        "type": "Microsoft.Resources/resourceGroups",
        "location": "westus",
        "properties": {
          "provisioningState": "Succeeded"
        }
      }
    },
    {
      "RequestUri": "https://management.azure.com/subscriptions/8443df5e-8e12-4cd9-810e-c525196fecae/resourceGroups/Communication-RG-1505/providers/Microsoft.Communication/emailServices/email-test7284?api-version=2023-04-01-preview",
      "RequestMethod": "GET",
      "RequestHeaders": {
        "Accept": "application/json",
        "Authorization": "Sanitized",
        "traceparent": "00-62449c71bab5a59608f5bfc8e2945365-97c537ab2b3591c6-00",
        "User-Agent": "azsdk-net-ResourceManager.Communication/1.2.0-alpha.20230817.1 (.NET Framework 4.8.9167.0; Microsoft Windows 10.0.22621 )",
        "x-ms-client-request-id": "6e442a0e1ce0d511860f26914d4086a8",
        "x-ms-return-client-request-id": "true"
      },
      "RequestBody": null,
      "StatusCode": 200,
      "ResponseHeaders": {
        "Cache-Control": "no-cache",
        "Content-Length": "616",
        "Content-Type": "application/json; charset=utf-8",
        "Date": "Sat, 19 Aug 2023 11:47:56 GMT",
        "ETag": "\u0022aa005eb8-0000-0700-0000-64e0a33d0000\u0022",
        "Expires": "-1",
        "Pragma": "no-cache",
        "Strict-Transport-Security": "max-age=31536000; includeSubDomains",
        "X-Content-Type-Options": "nosniff",
        "x-ms-client-request-id": "6e442a0e1ce0d511860f26914d4086a8",
        "x-ms-correlation-request-id": "fc4aa5a1-0788-433e-93a5-9f5484bceb46",
        "x-ms-providerhub-traffic": "True",
        "x-ms-ratelimit-remaining-subscription-reads": "11996",
        "x-ms-request-id": "31a608b4-7a56-4a1b-a4fd-906b0785ad43",
        "x-ms-routing-request-id": "WESTUS2:20230819T114757Z:fc4aa5a1-0788-433e-93a5-9f5484bceb46"
      },
      "ResponseBody": {
        "id": "/subscriptions/8443df5e-8e12-4cd9-810e-c525196fecae/resourceGroups/Communication-RG-1505/providers/Microsoft.Communication/emailServices/email-test7284",
        "name": "email-test7284",
        "type": "microsoft.communication/emailservices",
        "location": "global",
        "tags": {},
        "systemData": {
          "createdBy": "00226471-3a95-403e-98c0-dca45fecd307",
          "createdByType": "Application",
          "createdAt": "2023-08-19T11:10:42.3321495Z",
          "lastModifiedBy": "00226471-3a95-403e-98c0-dca45fecd307",
          "lastModifiedByType": "Application",
          "lastModifiedAt": "2023-08-19T11:10:42.3321495Z"
        },
        "properties": {
          "provisioningState": "Succeeded",
          "dataLocation": "UnitedStates"
        }
      }
    },
    {
      "RequestUri": "https://management.azure.com/subscriptions/8443df5e-8e12-4cd9-810e-c525196fecae/resourceGroups/Communication-RG-1505/providers/Microsoft.Communication/emailServices/email-test7284/domains/domain-7469.com?api-version=2023-04-01-preview",
      "RequestMethod": "PUT",
      "RequestHeaders": {
        "Accept": "application/json",
        "Authorization": "Sanitized",
        "Content-Length": "83",
        "Content-Type": "application/json",
        "traceparent": "00-99a2a0eab8c64be116cf3b92800cff54-8e50cd0b9d723e59-00",
        "User-Agent": "azsdk-net-ResourceManager.Communication/1.2.0-alpha.20230817.1 (.NET Framework 4.8.9167.0; Microsoft Windows 10.0.22621 )",
        "x-ms-client-request-id": "f08f65430ac717ab668d5ff1aca71251",
        "x-ms-return-client-request-id": "true"
      },
      "RequestBody": {
        "tags": {},
        "location": "global",
        "properties": {
          "domainManagement": "CustomerManaged"
        }
      },
      "StatusCode": 201,
      "ResponseHeaders": {
        "Azure-AsyncOperation": "https://management.azure.com/subscriptions/8443df5e-8e12-4cd9-810e-c525196fecae/providers/Microsoft.Communication/locations/WESTUS2/operationStatuses/4d3ef256-3a48-430d-b3e6-42f15946a086*6823882F49D7E67309BCA34EF07DDB21EDBFCC6988B906265ACEB3B3ADDBE055?api-version=2023-04-01-preview",
        "Cache-Control": "no-cache",
        "Content-Length": "655",
        "Content-Type": "application/json; charset=utf-8",
        "Date": "Sat, 19 Aug 2023 11:47:57 GMT",
        "ETag": "\u0022c8004d79-0000-0700-0000-64e0abee0000\u0022",
        "Expires": "-1",
        "mise-correlation-id": "ef103cde-11a8-4fe9-b960-d70cb12757de",
        "Pragma": "no-cache",
        "Request-Context": "appId=",
        "Strict-Transport-Security": "max-age=31536000; includeSubDomains",
        "X-Content-Type-Options": "nosniff",
        "x-ms-client-request-id": "f08f65430ac717ab668d5ff1aca71251",
        "x-ms-correlation-request-id": "ccdbcf72-d609-4ec1-b3ed-096d2943c8b5",
        "x-ms-providerhub-traffic": "True",
        "x-ms-ratelimit-remaining-subscription-writes": "1199",
        "x-ms-request-id": "4d3ef256-3a48-430d-b3e6-42f15946a086",
        "x-ms-routing-request-id": "WESTUS2:20230819T114758Z:ccdbcf72-d609-4ec1-b3ed-096d2943c8b5"
      },
      "ResponseBody": {
        "id": "/subscriptions/8443df5e-8e12-4cd9-810e-c525196fecae/resourceGroups/Communication-RG-1505/providers/Microsoft.Communication/emailServices/email-test7284/domains/domain-7469.com",
        "name": "domain-7469.com",
        "type": "microsoft.communication/emailservices/domains",
        "location": "global",
        "tags": {},
        "systemData": {
          "createdBy": "00226471-3a95-403e-98c0-dca45fecd307",
          "createdByType": "Application",
          "createdAt": "2023-08-19T11:47:58.0727176Z",
          "lastModifiedBy": "00226471-3a95-403e-98c0-dca45fecd307",
          "lastModifiedByType": "Application",
          "lastModifiedAt": "2023-08-19T11:47:58.0727176Z"
        },
        "properties": {
          "domainManagement": "CustomerManaged",
          "provisioningState": "Accepted"
        }
      }
    },
    {
      "RequestUri": "https://management.azure.com/subscriptions/8443df5e-8e12-4cd9-810e-c525196fecae/providers/Microsoft.Communication/locations/WESTUS2/operationStatuses/4d3ef256-3a48-430d-b3e6-42f15946a086*6823882F49D7E67309BCA34EF07DDB21EDBFCC6988B906265ACEB3B3ADDBE055?api-version=2023-04-01-preview",
      "RequestMethod": "GET",
      "RequestHeaders": {
        "Authorization": "Sanitized",
        "traceparent": "00-99a2a0eab8c64be116cf3b92800cff54-57a0f02bbee42f73-00",
        "User-Agent": "azsdk-net-ResourceManager/1.7.0 (.NET Framework 4.8.9167.0; Microsoft Windows 10.0.22621 )",
        "x-ms-client-request-id": "240eb7a357f320469856798fb2e4d967",
        "x-ms-return-client-request-id": "true"
      },
      "RequestBody": null,
      "StatusCode": 200,
      "ResponseHeaders": {
        "Cache-Control": "no-cache",
        "Content-Length": "597",
        "Content-Type": "application/json; charset=utf-8",
        "Date": "Sat, 19 Aug 2023 11:47:57 GMT",
        "ETag": "\u00220b00e3e3-0000-0800-0000-64e0abee0000\u0022",
        "Expires": "-1",
        "Pragma": "no-cache",
        "Strict-Transport-Security": "max-age=31536000; includeSubDomains",
        "X-Content-Type-Options": "nosniff",
        "x-ms-client-request-id": "240eb7a357f320469856798fb2e4d967",
        "x-ms-correlation-request-id": "1fe6db1b-d9b8-421e-bb0c-1d8ad9f47e52",
        "x-ms-ratelimit-remaining-subscription-reads": "11995",
        "x-ms-request-id": "ce5e5d2f-d15c-498b-a26b-815d701a3ebd",
        "x-ms-routing-request-id": "WESTUS2:20230819T114758Z:1fe6db1b-d9b8-421e-bb0c-1d8ad9f47e52"
      },
      "ResponseBody": {
        "id": "/subscriptions/8443df5e-8e12-4cd9-810e-c525196fecae/providers/Microsoft.Communication/locations/WESTUS2/operationStatuses/4d3ef256-3a48-430d-b3e6-42f15946a086*6823882F49D7E67309BCA34EF07DDB21EDBFCC6988B906265ACEB3B3ADDBE055",
        "name": "4d3ef256-3a48-430d-b3e6-42f15946a086*6823882F49D7E67309BCA34EF07DDB21EDBFCC6988B906265ACEB3B3ADDBE055",
        "resourceId": "/subscriptions/8443df5e-8e12-4cd9-810e-c525196fecae/resourceGroups/Communication-RG-1505/providers/Microsoft.Communication/emailServices/email-test7284/domains/domain-7469.com",
        "status": "Accepted",
        "startTime": "2023-08-19T11:47:58.3962081Z"
      }
    },
    {
      "RequestUri": "https://management.azure.com/subscriptions/8443df5e-8e12-4cd9-810e-c525196fecae/providers/Microsoft.Communication/locations/WESTUS2/operationStatuses/4d3ef256-3a48-430d-b3e6-42f15946a086*6823882F49D7E67309BCA34EF07DDB21EDBFCC6988B906265ACEB3B3ADDBE055?api-version=2023-04-01-preview",
      "RequestMethod": "GET",
      "RequestHeaders": {
        "Authorization": "Sanitized",
        "traceparent": "00-99a2a0eab8c64be116cf3b92800cff54-4b7c9edd01de4936-00",
        "User-Agent": "azsdk-net-ResourceManager/1.7.0 (.NET Framework 4.8.9167.0; Microsoft Windows 10.0.22621 )",
        "x-ms-client-request-id": "6fa34013a5ab439bdea5eb8cfcb8c630",
        "x-ms-return-client-request-id": "true"
      },
      "RequestBody": null,
      "StatusCode": 200,
      "ResponseHeaders": {
        "Cache-Control": "no-cache",
        "Content-Length": "597",
        "Content-Type": "application/json; charset=utf-8",
        "Date": "Sat, 19 Aug 2023 11:47:58 GMT",
        "ETag": "\u00220b00e3e3-0000-0800-0000-64e0abee0000\u0022",
        "Expires": "-1",
        "Pragma": "no-cache",
        "Strict-Transport-Security": "max-age=31536000; includeSubDomains",
        "X-Content-Type-Options": "nosniff",
        "x-ms-client-request-id": "6fa34013a5ab439bdea5eb8cfcb8c630",
        "x-ms-correlation-request-id": "564d07bb-d4d4-4b7b-9cec-2e85ec018919",
        "x-ms-ratelimit-remaining-subscription-reads": "11994",
        "x-ms-request-id": "173a5437-b9a9-4bd2-a53d-3ea47b563f51",
        "x-ms-routing-request-id": "WESTUS2:20230819T114759Z:564d07bb-d4d4-4b7b-9cec-2e85ec018919"
      },
      "ResponseBody": {
        "id": "/subscriptions/8443df5e-8e12-4cd9-810e-c525196fecae/providers/Microsoft.Communication/locations/WESTUS2/operationStatuses/4d3ef256-3a48-430d-b3e6-42f15946a086*6823882F49D7E67309BCA34EF07DDB21EDBFCC6988B906265ACEB3B3ADDBE055",
        "name": "4d3ef256-3a48-430d-b3e6-42f15946a086*6823882F49D7E67309BCA34EF07DDB21EDBFCC6988B906265ACEB3B3ADDBE055",
        "resourceId": "/subscriptions/8443df5e-8e12-4cd9-810e-c525196fecae/resourceGroups/Communication-RG-1505/providers/Microsoft.Communication/emailServices/email-test7284/domains/domain-7469.com",
        "status": "Accepted",
        "startTime": "2023-08-19T11:47:58.3962081Z"
      }
    },
    {
      "RequestUri": "https://management.azure.com/subscriptions/8443df5e-8e12-4cd9-810e-c525196fecae/providers/Microsoft.Communication/locations/WESTUS2/operationStatuses/4d3ef256-3a48-430d-b3e6-42f15946a086*6823882F49D7E67309BCA34EF07DDB21EDBFCC6988B906265ACEB3B3ADDBE055?api-version=2023-04-01-preview",
      "RequestMethod": "GET",
      "RequestHeaders": {
        "Authorization": "Sanitized",
        "traceparent": "00-99a2a0eab8c64be116cf3b92800cff54-7f9412eb3a9d0716-00",
        "User-Agent": "azsdk-net-ResourceManager/1.7.0 (.NET Framework 4.8.9167.0; Microsoft Windows 10.0.22621 )",
        "x-ms-client-request-id": "f54d0175ed99535e89b96acd85f73720",
        "x-ms-return-client-request-id": "true"
      },
      "RequestBody": null,
      "StatusCode": 200,
      "ResponseHeaders": {
        "Cache-Control": "no-cache",
        "Content-Length": "597",
        "Content-Type": "application/json; charset=utf-8",
        "Date": "Sat, 19 Aug 2023 11:47:59 GMT",
        "ETag": "\u00220b00e3e3-0000-0800-0000-64e0abee0000\u0022",
        "Expires": "-1",
        "Pragma": "no-cache",
        "Strict-Transport-Security": "max-age=31536000; includeSubDomains",
        "X-Content-Type-Options": "nosniff",
        "x-ms-client-request-id": "f54d0175ed99535e89b96acd85f73720",
        "x-ms-correlation-request-id": "476988e6-c191-439e-a603-63ed31c9f1e4",
        "x-ms-ratelimit-remaining-subscription-reads": "11993",
        "x-ms-request-id": "499a92a9-bcba-4f7d-81d9-d8e1ab76f182",
        "x-ms-routing-request-id": "WESTUS2:20230819T114800Z:476988e6-c191-439e-a603-63ed31c9f1e4"
      },
      "ResponseBody": {
        "id": "/subscriptions/8443df5e-8e12-4cd9-810e-c525196fecae/providers/Microsoft.Communication/locations/WESTUS2/operationStatuses/4d3ef256-3a48-430d-b3e6-42f15946a086*6823882F49D7E67309BCA34EF07DDB21EDBFCC6988B906265ACEB3B3ADDBE055",
        "name": "4d3ef256-3a48-430d-b3e6-42f15946a086*6823882F49D7E67309BCA34EF07DDB21EDBFCC6988B906265ACEB3B3ADDBE055",
        "resourceId": "/subscriptions/8443df5e-8e12-4cd9-810e-c525196fecae/resourceGroups/Communication-RG-1505/providers/Microsoft.Communication/emailServices/email-test7284/domains/domain-7469.com",
        "status": "Accepted",
        "startTime": "2023-08-19T11:47:58.3962081Z"
      }
    },
    {
      "RequestUri": "https://management.azure.com/subscriptions/8443df5e-8e12-4cd9-810e-c525196fecae/providers/Microsoft.Communication/locations/WESTUS2/operationStatuses/4d3ef256-3a48-430d-b3e6-42f15946a086*6823882F49D7E67309BCA34EF07DDB21EDBFCC6988B906265ACEB3B3ADDBE055?api-version=2023-04-01-preview",
      "RequestMethod": "GET",
      "RequestHeaders": {
        "Authorization": "Sanitized",
        "traceparent": "00-99a2a0eab8c64be116cf3b92800cff54-aa85597aedb5b288-00",
        "User-Agent": "azsdk-net-ResourceManager/1.7.0 (.NET Framework 4.8.9167.0; Microsoft Windows 10.0.22621 )",
        "x-ms-client-request-id": "10dea760a893fdb11cca454e6bba24e0",
        "x-ms-return-client-request-id": "true"
      },
      "RequestBody": null,
      "StatusCode": 200,
      "ResponseHeaders": {
        "Cache-Control": "no-cache",
        "Content-Length": "597",
        "Content-Type": "application/json; charset=utf-8",
        "Date": "Sat, 19 Aug 2023 11:48:01 GMT",
        "ETag": "\u00220b00e3e3-0000-0800-0000-64e0abee0000\u0022",
        "Expires": "-1",
        "Pragma": "no-cache",
        "Strict-Transport-Security": "max-age=31536000; includeSubDomains",
        "X-Content-Type-Options": "nosniff",
        "x-ms-client-request-id": "10dea760a893fdb11cca454e6bba24e0",
        "x-ms-correlation-request-id": "d5d33ee0-e39a-4b2e-8511-f87f3de88f7c",
        "x-ms-ratelimit-remaining-subscription-reads": "11992",
        "x-ms-request-id": "b15c8671-9fa2-4b29-b9ad-59c372f80f79",
        "x-ms-routing-request-id": "WESTUS2:20230819T114802Z:d5d33ee0-e39a-4b2e-8511-f87f3de88f7c"
      },
      "ResponseBody": {
        "id": "/subscriptions/8443df5e-8e12-4cd9-810e-c525196fecae/providers/Microsoft.Communication/locations/WESTUS2/operationStatuses/4d3ef256-3a48-430d-b3e6-42f15946a086*6823882F49D7E67309BCA34EF07DDB21EDBFCC6988B906265ACEB3B3ADDBE055",
        "name": "4d3ef256-3a48-430d-b3e6-42f15946a086*6823882F49D7E67309BCA34EF07DDB21EDBFCC6988B906265ACEB3B3ADDBE055",
        "resourceId": "/subscriptions/8443df5e-8e12-4cd9-810e-c525196fecae/resourceGroups/Communication-RG-1505/providers/Microsoft.Communication/emailServices/email-test7284/domains/domain-7469.com",
        "status": "Accepted",
        "startTime": "2023-08-19T11:47:58.3962081Z"
      }
    },
    {
      "RequestUri": "https://management.azure.com/subscriptions/8443df5e-8e12-4cd9-810e-c525196fecae/providers/Microsoft.Communication/locations/WESTUS2/operationStatuses/4d3ef256-3a48-430d-b3e6-42f15946a086*6823882F49D7E67309BCA34EF07DDB21EDBFCC6988B906265ACEB3B3ADDBE055?api-version=2023-04-01-preview",
      "RequestMethod": "GET",
      "RequestHeaders": {
        "Authorization": "Sanitized",
        "traceparent": "00-99a2a0eab8c64be116cf3b92800cff54-e80a33859efb4e1b-00",
        "User-Agent": "azsdk-net-ResourceManager/1.7.0 (.NET Framework 4.8.9167.0; Microsoft Windows 10.0.22621 )",
        "x-ms-client-request-id": "b019498fe49725cee14fe5f13bcdbee7",
        "x-ms-return-client-request-id": "true"
      },
      "RequestBody": null,
      "StatusCode": 200,
      "ResponseHeaders": {
        "Cache-Control": "no-cache",
        "Content-Length": "597",
        "Content-Type": "application/json; charset=utf-8",
        "Date": "Sat, 19 Aug 2023 11:48:04 GMT",
        "ETag": "\u00220b00e3e3-0000-0800-0000-64e0abee0000\u0022",
        "Expires": "-1",
        "Pragma": "no-cache",
        "Strict-Transport-Security": "max-age=31536000; includeSubDomains",
        "X-Content-Type-Options": "nosniff",
        "x-ms-client-request-id": "b019498fe49725cee14fe5f13bcdbee7",
        "x-ms-correlation-request-id": "dc5274f1-3be4-4d84-b911-098cc34957bd",
        "x-ms-ratelimit-remaining-subscription-reads": "11991",
        "x-ms-request-id": "cf5f3153-a03f-42e7-b1f7-13013d5fd6d8",
        "x-ms-routing-request-id": "WESTUS2:20230819T114804Z:dc5274f1-3be4-4d84-b911-098cc34957bd"
      },
      "ResponseBody": {
        "id": "/subscriptions/8443df5e-8e12-4cd9-810e-c525196fecae/providers/Microsoft.Communication/locations/WESTUS2/operationStatuses/4d3ef256-3a48-430d-b3e6-42f15946a086*6823882F49D7E67309BCA34EF07DDB21EDBFCC6988B906265ACEB3B3ADDBE055",
        "name": "4d3ef256-3a48-430d-b3e6-42f15946a086*6823882F49D7E67309BCA34EF07DDB21EDBFCC6988B906265ACEB3B3ADDBE055",
        "resourceId": "/subscriptions/8443df5e-8e12-4cd9-810e-c525196fecae/resourceGroups/Communication-RG-1505/providers/Microsoft.Communication/emailServices/email-test7284/domains/domain-7469.com",
        "status": "Accepted",
        "startTime": "2023-08-19T11:47:58.3962081Z"
      }
    },
    {
      "RequestUri": "https://management.azure.com/subscriptions/8443df5e-8e12-4cd9-810e-c525196fecae/providers/Microsoft.Communication/locations/WESTUS2/operationStatuses/4d3ef256-3a48-430d-b3e6-42f15946a086*6823882F49D7E67309BCA34EF07DDB21EDBFCC6988B906265ACEB3B3ADDBE055?api-version=2023-04-01-preview",
      "RequestMethod": "GET",
      "RequestHeaders": {
        "Authorization": "Sanitized",
        "traceparent": "00-99a2a0eab8c64be116cf3b92800cff54-e10afa29ae68a268-00",
        "User-Agent": "azsdk-net-ResourceManager/1.7.0 (.NET Framework 4.8.9167.0; Microsoft Windows 10.0.22621 )",
        "x-ms-client-request-id": "542ccb6db6d9cd9d504fd9cea810e8cf",
        "x-ms-return-client-request-id": "true"
      },
      "RequestBody": null,
      "StatusCode": 200,
      "ResponseHeaders": {
        "Cache-Control": "no-cache",
        "Content-Length": "597",
        "Content-Type": "application/json; charset=utf-8",
        "Date": "Sat, 19 Aug 2023 11:48:07 GMT",
        "ETag": "\u00220b00e3e3-0000-0800-0000-64e0abee0000\u0022",
        "Expires": "-1",
        "Pragma": "no-cache",
        "Strict-Transport-Security": "max-age=31536000; includeSubDomains",
        "X-Content-Type-Options": "nosniff",
        "x-ms-client-request-id": "542ccb6db6d9cd9d504fd9cea810e8cf",
        "x-ms-correlation-request-id": "2afeedb5-0d84-4813-8aef-cc2be1df353b",
        "x-ms-ratelimit-remaining-subscription-reads": "11990",
        "x-ms-request-id": "f6dc0a84-7221-4a07-ab93-ccc0781e7b4a",
        "x-ms-routing-request-id": "WESTUS2:20230819T114808Z:2afeedb5-0d84-4813-8aef-cc2be1df353b"
      },
      "ResponseBody": {
        "id": "/subscriptions/8443df5e-8e12-4cd9-810e-c525196fecae/providers/Microsoft.Communication/locations/WESTUS2/operationStatuses/4d3ef256-3a48-430d-b3e6-42f15946a086*6823882F49D7E67309BCA34EF07DDB21EDBFCC6988B906265ACEB3B3ADDBE055",
        "name": "4d3ef256-3a48-430d-b3e6-42f15946a086*6823882F49D7E67309BCA34EF07DDB21EDBFCC6988B906265ACEB3B3ADDBE055",
        "resourceId": "/subscriptions/8443df5e-8e12-4cd9-810e-c525196fecae/resourceGroups/Communication-RG-1505/providers/Microsoft.Communication/emailServices/email-test7284/domains/domain-7469.com",
        "status": "Accepted",
        "startTime": "2023-08-19T11:47:58.3962081Z"
      }
    },
    {
      "RequestUri": "https://management.azure.com/subscriptions/8443df5e-8e12-4cd9-810e-c525196fecae/providers/Microsoft.Communication/locations/WESTUS2/operationStatuses/4d3ef256-3a48-430d-b3e6-42f15946a086*6823882F49D7E67309BCA34EF07DDB21EDBFCC6988B906265ACEB3B3ADDBE055?api-version=2023-04-01-preview",
      "RequestMethod": "GET",
      "RequestHeaders": {
        "Authorization": "Sanitized",
        "traceparent": "00-99a2a0eab8c64be116cf3b92800cff54-b04493dc3f7e9d7a-00",
        "User-Agent": "azsdk-net-ResourceManager/1.7.0 (.NET Framework 4.8.9167.0; Microsoft Windows 10.0.22621 )",
        "x-ms-client-request-id": "3c3e899586de7c89d8b92f43c3bfc24e",
        "x-ms-return-client-request-id": "true"
      },
      "RequestBody": null,
      "StatusCode": 200,
      "ResponseHeaders": {
        "Cache-Control": "no-cache",
        "Content-Length": "597",
        "Content-Type": "application/json; charset=utf-8",
        "Date": "Sat, 19 Aug 2023 11:48:15 GMT",
        "ETag": "\u00220b00e3e3-0000-0800-0000-64e0abee0000\u0022",
        "Expires": "-1",
        "Pragma": "no-cache",
        "Strict-Transport-Security": "max-age=31536000; includeSubDomains",
        "X-Content-Type-Options": "nosniff",
        "x-ms-client-request-id": "3c3e899586de7c89d8b92f43c3bfc24e",
        "x-ms-correlation-request-id": "e332f481-2e5e-4979-87b1-e7dcb3224a6c",
        "x-ms-ratelimit-remaining-subscription-reads": "11989",
        "x-ms-request-id": "aff43092-b56d-4a97-b874-c53999d4887c",
        "x-ms-routing-request-id": "WESTUS2:20230819T114816Z:e332f481-2e5e-4979-87b1-e7dcb3224a6c"
      },
      "ResponseBody": {
        "id": "/subscriptions/8443df5e-8e12-4cd9-810e-c525196fecae/providers/Microsoft.Communication/locations/WESTUS2/operationStatuses/4d3ef256-3a48-430d-b3e6-42f15946a086*6823882F49D7E67309BCA34EF07DDB21EDBFCC6988B906265ACEB3B3ADDBE055",
        "name": "4d3ef256-3a48-430d-b3e6-42f15946a086*6823882F49D7E67309BCA34EF07DDB21EDBFCC6988B906265ACEB3B3ADDBE055",
        "resourceId": "/subscriptions/8443df5e-8e12-4cd9-810e-c525196fecae/resourceGroups/Communication-RG-1505/providers/Microsoft.Communication/emailServices/email-test7284/domains/domain-7469.com",
        "status": "Accepted",
        "startTime": "2023-08-19T11:47:58.3962081Z"
      }
    },
    {
      "RequestUri": "https://management.azure.com/subscriptions/8443df5e-8e12-4cd9-810e-c525196fecae/providers/Microsoft.Communication/locations/WESTUS2/operationStatuses/4d3ef256-3a48-430d-b3e6-42f15946a086*6823882F49D7E67309BCA34EF07DDB21EDBFCC6988B906265ACEB3B3ADDBE055?api-version=2023-04-01-preview",
      "RequestMethod": "GET",
      "RequestHeaders": {
        "Authorization": "Sanitized",
        "traceparent": "00-99a2a0eab8c64be116cf3b92800cff54-5a2b3fa15750c9ed-00",
        "User-Agent": "azsdk-net-ResourceManager/1.7.0 (.NET Framework 4.8.9167.0; Microsoft Windows 10.0.22621 )",
        "x-ms-client-request-id": "9fe05e0ccf8dd906ac4c60470a007dd1",
        "x-ms-return-client-request-id": "true"
      },
      "RequestBody": null,
      "StatusCode": 200,
      "ResponseHeaders": {
        "Cache-Control": "no-cache",
        "Content-Length": "597",
        "Content-Type": "application/json; charset=utf-8",
        "Date": "Sat, 19 Aug 2023 11:48:31 GMT",
        "ETag": "\u00220b00e3e3-0000-0800-0000-64e0abee0000\u0022",
        "Expires": "-1",
        "Pragma": "no-cache",
        "Strict-Transport-Security": "max-age=31536000; includeSubDomains",
        "X-Content-Type-Options": "nosniff",
        "x-ms-client-request-id": "9fe05e0ccf8dd906ac4c60470a007dd1",
        "x-ms-correlation-request-id": "be8ff285-ed92-453f-9cd4-504ee53903e2",
        "x-ms-ratelimit-remaining-subscription-reads": "11988",
        "x-ms-request-id": "868ad31d-9318-4991-9edd-ba625d70a71c",
        "x-ms-routing-request-id": "WESTUS2:20230819T114832Z:be8ff285-ed92-453f-9cd4-504ee53903e2"
      },
      "ResponseBody": {
        "id": "/subscriptions/8443df5e-8e12-4cd9-810e-c525196fecae/providers/Microsoft.Communication/locations/WESTUS2/operationStatuses/4d3ef256-3a48-430d-b3e6-42f15946a086*6823882F49D7E67309BCA34EF07DDB21EDBFCC6988B906265ACEB3B3ADDBE055",
        "name": "4d3ef256-3a48-430d-b3e6-42f15946a086*6823882F49D7E67309BCA34EF07DDB21EDBFCC6988B906265ACEB3B3ADDBE055",
        "resourceId": "/subscriptions/8443df5e-8e12-4cd9-810e-c525196fecae/resourceGroups/Communication-RG-1505/providers/Microsoft.Communication/emailServices/email-test7284/domains/domain-7469.com",
        "status": "Accepted",
        "startTime": "2023-08-19T11:47:58.3962081Z"
      }
    },
    {
      "RequestUri": "https://management.azure.com/subscriptions/8443df5e-8e12-4cd9-810e-c525196fecae/providers/Microsoft.Communication/locations/WESTUS2/operationStatuses/4d3ef256-3a48-430d-b3e6-42f15946a086*6823882F49D7E67309BCA34EF07DDB21EDBFCC6988B906265ACEB3B3ADDBE055?api-version=2023-04-01-preview",
      "RequestMethod": "GET",
      "RequestHeaders": {
        "Authorization": "Sanitized",
        "traceparent": "00-99a2a0eab8c64be116cf3b92800cff54-aad531096de09c34-00",
        "User-Agent": "azsdk-net-ResourceManager/1.7.0 (.NET Framework 4.8.9167.0; Microsoft Windows 10.0.22621 )",
        "x-ms-client-request-id": "b15c1567828ee60942af7c2086590a90",
        "x-ms-return-client-request-id": "true"
      },
      "RequestBody": null,
      "StatusCode": 200,
      "ResponseHeaders": {
        "Cache-Control": "no-cache",
        "Content-Length": "616",
        "Content-Type": "application/json; charset=utf-8",
        "Date": "Sat, 19 Aug 2023 11:49:03 GMT",
        "ETag": "\u00224b0039fd-0000-0700-0000-64e0ac300000\u0022",
        "Expires": "-1",
        "Pragma": "no-cache",
        "Strict-Transport-Security": "max-age=31536000; includeSubDomains",
        "X-Content-Type-Options": "nosniff",
        "x-ms-client-request-id": "b15c1567828ee60942af7c2086590a90",
        "x-ms-correlation-request-id": "d5fc3ecc-869a-4e51-97a3-8a7ac71197c0",
        "x-ms-ratelimit-remaining-subscription-reads": "11987",
        "x-ms-request-id": "fc863761-fe70-4da7-bfda-a31bdc910918",
        "x-ms-routing-request-id": "WESTUS2:20230819T114904Z:d5fc3ecc-869a-4e51-97a3-8a7ac71197c0"
      },
      "ResponseBody": {
        "id": "/subscriptions/8443df5e-8e12-4cd9-810e-c525196fecae/providers/Microsoft.Communication/locations/WESTUS2/operationStatuses/4d3ef256-3a48-430d-b3e6-42f15946a086*6823882F49D7E67309BCA34EF07DDB21EDBFCC6988B906265ACEB3B3ADDBE055",
        "name": "4d3ef256-3a48-430d-b3e6-42f15946a086*6823882F49D7E67309BCA34EF07DDB21EDBFCC6988B906265ACEB3B3ADDBE055",
        "resourceId": "/subscriptions/8443df5e-8e12-4cd9-810e-c525196fecae/resourceGroups/Communication-RG-1505/providers/Microsoft.Communication/emailServices/email-test7284/domains/domain-7469.com",
        "status": "Succeeded",
        "startTime": "2023-08-19T11:47:58.3962081Z",
        "properties": null
      }
    },
    {
      "RequestUri": "https://management.azure.com/subscriptions/8443df5e-8e12-4cd9-810e-c525196fecae/resourceGroups/Communication-RG-1505/providers/Microsoft.Communication/emailServices/email-test7284/domains/domain-7469.com?api-version=2023-04-01-preview",
      "RequestMethod": "GET",
      "RequestHeaders": {
        "Authorization": "Sanitized",
        "traceparent": "00-99a2a0eab8c64be116cf3b92800cff54-0a263d1fbfc905d9-00",
        "User-Agent": "azsdk-net-ResourceManager/1.7.0 (.NET Framework 4.8.9167.0; Microsoft Windows 10.0.22621 )",
        "x-ms-client-request-id": "49c18a8d482fc64183658f92264171d8",
        "x-ms-return-client-request-id": "true"
      },
      "RequestBody": null,
      "StatusCode": 200,
      "ResponseHeaders": {
        "Cache-Control": "no-cache",
        "Content-Length": "1546",
        "Content-Type": "application/json; charset=utf-8",
        "Date": "Sat, 19 Aug 2023 11:49:03 GMT",
        "ETag": "\u0022c800c07a-0000-0700-0000-64e0abf90000\u0022",
        "Expires": "-1",
        "Pragma": "no-cache",
        "Strict-Transport-Security": "max-age=31536000; includeSubDomains",
        "X-Content-Type-Options": "nosniff",
        "x-ms-client-request-id": "49c18a8d482fc64183658f92264171d8",
        "x-ms-correlation-request-id": "7d68c542-aafb-4898-9c25-70a4e6c8da32",
        "x-ms-providerhub-traffic": "True",
        "x-ms-ratelimit-remaining-subscription-reads": "11986",
        "x-ms-request-id": "9682bca8-1532-45bc-82f2-c9d67e385e13",
        "x-ms-routing-request-id": "WESTUS2:20230819T114904Z:7d68c542-aafb-4898-9c25-70a4e6c8da32"
      },
      "ResponseBody": {
        "id": "/subscriptions/8443df5e-8e12-4cd9-810e-c525196fecae/resourceGroups/Communication-RG-1505/providers/Microsoft.Communication/emailServices/email-test7284/domains/domain-7469.com",
        "name": "domain-7469.com",
        "type": "microsoft.communication/emailservices/domains",
        "location": "global",
        "tags": {},
        "systemData": {
          "createdBy": "00226471-3a95-403e-98c0-dca45fecd307",
          "createdByType": "Application",
          "createdAt": "2023-08-19T11:47:58.0727176Z",
          "lastModifiedBy": "00226471-3a95-403e-98c0-dca45fecd307",
          "lastModifiedByType": "Application",
          "lastModifiedAt": "2023-08-19T11:47:58.0727176Z"
        },
        "properties": {
          "provisioningState": "Succeeded",
          "dataLocation": "unitedstates",
          "fromSenderDomain": "domain-7469.com",
          "mailFromSenderDomain": "domain-7469.com",
          "domainManagement": "CustomerManaged",
          "verificationStates": {
            "Domain": {
              "status": "NotStarted"
            },
            "SPF": {
              "status": "NotStarted"
            },
            "DKIM": {
              "status": "NotStarted"
            },
            "DKIM2": {
              "status": "NotStarted"
            },
            "DMARC": {
              "status": "NotStarted"
            }
          },
          "verificationRecords": {
            "Domain": {
              "type": "TXT",
              "name": "domain-7469.com",
              "value": "ms-domain-verification=050fe722-0f8b-4dd4-a7ed-043afdca3a1c",
              "ttl": 3600
            },
            "SPF": {
              "type": "TXT",
              "name": "domain-7469.com",
              "value": "v=spf1 include:spf.protection.outlook.com -all",
              "ttl": 3600
            },
            "DKIM": {
              "type": "CNAME",
              "name": "selector1-azurecomm-prod-net._domainkey",
              "value": "selector1-azurecomm-prod-net._domainkey.azurecomm.net",
              "ttl": 3600
            },
            "DKIM2": {
              "type": "CNAME",
              "name": "selector2-azurecomm-prod-net._domainkey",
              "value": "selector2-azurecomm-prod-net._domainkey.azurecomm.net",
              "ttl": 3600
            }
          },
          "userEngagementTracking": "Disabled"
        }
      }
    },
    {
      "RequestUri": "https://management.azure.com/subscriptions/8443df5e-8e12-4cd9-810e-c525196fecae/resourceGroups/Communication-RG-1505/providers/Microsoft.Communication/emailServices/email-test7284/domains/domain-7469.com?api-version=2023-04-01-preview",
      "RequestMethod": "GET",
      "RequestHeaders": {
        "Accept": "application/json",
        "Authorization": "Sanitized",
        "traceparent": "00-3fc5c7addefabb63a5f0e1306023c014-4494d82ae5399a94-00",
        "User-Agent": "azsdk-net-ResourceManager.Communication/1.2.0-alpha.20230817.1 (.NET Framework 4.8.9167.0; Microsoft Windows 10.0.22621 )",
        "x-ms-client-request-id": "addc5d3b10638abf55f95ddd53e65252",
        "x-ms-return-client-request-id": "true"
      },
      "RequestBody": null,
      "StatusCode": 200,
      "ResponseHeaders": {
        "Cache-Control": "no-cache",
        "Content-Length": "1546",
        "Content-Type": "application/json; charset=utf-8",
        "Date": "Sat, 19 Aug 2023 11:49:03 GMT",
        "ETag": "\u0022c800c07a-0000-0700-0000-64e0abf90000\u0022",
        "Expires": "-1",
        "Pragma": "no-cache",
        "Strict-Transport-Security": "max-age=31536000; includeSubDomains",
        "X-Content-Type-Options": "nosniff",
        "x-ms-client-request-id": "addc5d3b10638abf55f95ddd53e65252",
        "x-ms-correlation-request-id": "1207ea84-7d62-4313-a4df-43a9372cc390",
        "x-ms-providerhub-traffic": "True",
        "x-ms-ratelimit-remaining-subscription-reads": "11985",
        "x-ms-request-id": "c0651d97-887d-47db-80bf-78c15277c0d3",
        "x-ms-routing-request-id": "WESTUS2:20230819T114904Z:1207ea84-7d62-4313-a4df-43a9372cc390"
      },
      "ResponseBody": {
        "id": "/subscriptions/8443df5e-8e12-4cd9-810e-c525196fecae/resourceGroups/Communication-RG-1505/providers/Microsoft.Communication/emailServices/email-test7284/domains/domain-7469.com",
        "name": "domain-7469.com",
        "type": "microsoft.communication/emailservices/domains",
        "location": "global",
        "tags": {},
        "systemData": {
          "createdBy": "00226471-3a95-403e-98c0-dca45fecd307",
          "createdByType": "Application",
          "createdAt": "2023-08-19T11:47:58.0727176Z",
          "lastModifiedBy": "00226471-3a95-403e-98c0-dca45fecd307",
          "lastModifiedByType": "Application",
          "lastModifiedAt": "2023-08-19T11:47:58.0727176Z"
        },
        "properties": {
          "provisioningState": "Succeeded",
          "dataLocation": "unitedstates",
          "fromSenderDomain": "domain-7469.com",
          "mailFromSenderDomain": "domain-7469.com",
          "domainManagement": "CustomerManaged",
          "verificationStates": {
            "Domain": {
              "status": "NotStarted"
            },
            "SPF": {
              "status": "NotStarted"
            },
            "DKIM": {
              "status": "NotStarted"
            },
            "DKIM2": {
              "status": "NotStarted"
            },
            "DMARC": {
              "status": "NotStarted"
            }
          },
          "verificationRecords": {
            "Domain": {
              "type": "TXT",
              "name": "domain-7469.com",
              "value": "ms-domain-verification=050fe722-0f8b-4dd4-a7ed-043afdca3a1c",
              "ttl": 3600
            },
            "SPF": {
              "type": "TXT",
              "name": "domain-7469.com",
              "value": "v=spf1 include:spf.protection.outlook.com -all",
              "ttl": 3600
            },
            "DKIM": {
              "type": "CNAME",
              "name": "selector1-azurecomm-prod-net._domainkey",
              "value": "selector1-azurecomm-prod-net._domainkey.azurecomm.net",
              "ttl": 3600
            },
            "DKIM2": {
              "type": "CNAME",
              "name": "selector2-azurecomm-prod-net._domainkey",
              "value": "selector2-azurecomm-prod-net._domainkey.azurecomm.net",
              "ttl": 3600
            }
          },
          "userEngagementTracking": "Disabled"
        }
      }
    },
    {
      "RequestUri": "https://management.azure.com/subscriptions/8443df5e-8e12-4cd9-810e-c525196fecae/resourceGroups/Communication-RG-1505/providers/Microsoft.Communication/emailServices/email-test7284/domains/domain-7469.com?api-version=2023-04-01-preview",
      "RequestMethod": "PATCH",
      "RequestHeaders": {
        "Accept": "application/json",
        "Authorization": "Sanitized",
        "Content-Length": "48",
        "Content-Type": "application/json",
        "traceparent": "00-3fc5c7addefabb63a5f0e1306023c014-57b90c90d592e162-00",
        "User-Agent": "azsdk-net-ResourceManager.Communication/1.2.0-alpha.20230817.1 (.NET Framework 4.8.9167.0; Microsoft Windows 10.0.22621 )",
        "x-ms-client-request-id": "80bad041343e1ea1d3952e29f277c001",
        "x-ms-return-client-request-id": "true"
      },
      "RequestBody": {
        "tags": {
          "testkey": "testvalue"
        },
        "properties": {}
      },
      "StatusCode": 200,
      "ResponseHeaders": {
        "Cache-Control": "no-cache",
        "Content-Length": "1567",
        "Content-Type": "application/json; charset=utf-8",
        "Date": "Sat, 19 Aug 2023 11:49:05 GMT",
        "ETag": "\u0022c800bf80-0000-0700-0000-64e0ac310000\u0022",
        "Expires": "-1",
        "mise-correlation-id": "b38b4be3-1251-41b1-a024-786dbe741f54",
        "Pragma": "no-cache",
        "Request-Context": "appId=",
        "Strict-Transport-Security": "max-age=31536000; includeSubDomains",
        "X-Content-Type-Options": "nosniff",
        "x-ms-client-request-id": "80bad041343e1ea1d3952e29f277c001",
        "x-ms-correlation-request-id": "128fa511-faf1-4781-88da-c0760120212a",
        "x-ms-providerhub-traffic": "True",
        "x-ms-ratelimit-remaining-subscription-writes": "1198",
        "x-ms-request-id": "4852e5fd-f9ed-46aa-99a5-b27717f8b027",
        "x-ms-routing-request-id": "WESTUS2:20230819T114905Z:128fa511-faf1-4781-88da-c0760120212a"
      },
      "ResponseBody": {
        "id": "/subscriptions/8443df5e-8e12-4cd9-810e-c525196fecae/resourceGroups/Communication-RG-1505/providers/Microsoft.Communication/emailServices/email-test7284/domains/domain-7469.com",
        "name": "domain-7469.com",
        "type": "microsoft.communication/emailservices/domains",
        "location": "global",
        "tags": {
          "testkey": "testvalue"
        },
        "systemData": {
          "createdBy": "00226471-3a95-403e-98c0-dca45fecd307",
          "createdByType": "Application",
          "createdAt": "2023-08-19T11:47:58.0727176Z",
          "lastModifiedBy": "00226471-3a95-403e-98c0-dca45fecd307",
          "lastModifiedByType": "Application",
          "lastModifiedAt": "2023-08-19T11:49:04.8222443Z"
        },
        "properties": {
          "dataLocation": "unitedstates",
          "fromSenderDomain": "domain-7469.com",
          "mailFromSenderDomain": "domain-7469.com",
          "domainManagement": "CustomerManaged",
          "verificationStates": {
            "Domain": {
              "status": "NotStarted"
            },
            "SPF": {
              "status": "NotStarted"
            },
            "DKIM": {
              "status": "NotStarted"
            },
            "DKIM2": {
              "status": "NotStarted"
            },
            "DMARC": {
              "status": "NotStarted"
            }
          },
          "verificationRecords": {
            "Domain": {
              "type": "TXT",
              "name": "domain-7469.com",
              "value": "ms-domain-verification=050fe722-0f8b-4dd4-a7ed-043afdca3a1c",
              "ttl": 3600
            },
            "SPF": {
              "type": "TXT",
              "name": "domain-7469.com",
              "value": "v=spf1 include:spf.protection.outlook.com -all",
              "ttl": 3600
            },
            "DKIM": {
              "type": "CNAME",
              "name": "selector1-azurecomm-prod-net._domainkey",
              "value": "selector1-azurecomm-prod-net._domainkey.azurecomm.net",
              "ttl": 3600
            },
            "DKIM2": {
              "type": "CNAME",
              "name": "selector2-azurecomm-prod-net._domainkey",
              "value": "selector2-azurecomm-prod-net._domainkey.azurecomm.net",
              "ttl": 3600
            }
          },
          "userEngagementTracking": "Disabled",
          "provisioningState": "Succeeded"
        }
      }
    },
    {
      "RequestUri": "https://management.azure.com/subscriptions/8443df5e-8e12-4cd9-810e-c525196fecae/resourceGroups/Communication-RG-1505/providers/Microsoft.Communication/emailServices/email-test7284/domains/domain-7469.com?api-version=2023-04-01-preview",
      "RequestMethod": "GET",
      "RequestHeaders": {
        "Accept": "application/json",
        "Authorization": "Sanitized",
        "traceparent": "00-c5d7d7e494d44fd4df893e0d11c63767-19aa740f071b0d04-00",
        "User-Agent": "azsdk-net-ResourceManager.Communication/1.2.0-alpha.20230817.1 (.NET Framework 4.8.9167.0; Microsoft Windows 10.0.22621 )",
        "x-ms-client-request-id": "55503c12f187069abbbdd9cde19697de",
        "x-ms-return-client-request-id": "true"
      },
      "RequestBody": null,
      "StatusCode": 200,
      "ResponseHeaders": {
        "Cache-Control": "no-cache",
        "Content-Length": "1567",
        "Content-Type": "application/json; charset=utf-8",
        "Date": "Sat, 19 Aug 2023 11:49:05 GMT",
        "ETag": "\u0022c800bf80-0000-0700-0000-64e0ac310000\u0022",
        "Expires": "-1",
        "Pragma": "no-cache",
        "Strict-Transport-Security": "max-age=31536000; includeSubDomains",
        "X-Content-Type-Options": "nosniff",
        "x-ms-client-request-id": "55503c12f187069abbbdd9cde19697de",
        "x-ms-correlation-request-id": "b3f445b4-78e8-432c-9431-2d5c1a3ac59c",
        "x-ms-providerhub-traffic": "True",
        "x-ms-ratelimit-remaining-subscription-reads": "11984",
        "x-ms-request-id": "c30808eb-857f-4187-a5ee-f481d748d3cc",
        "x-ms-routing-request-id": "WESTUS2:20230819T114906Z:b3f445b4-78e8-432c-9431-2d5c1a3ac59c"
      },
      "ResponseBody": {
        "id": "/subscriptions/8443df5e-8e12-4cd9-810e-c525196fecae/resourceGroups/Communication-RG-1505/providers/Microsoft.Communication/emailServices/email-test7284/domains/domain-7469.com",
        "name": "domain-7469.com",
        "type": "microsoft.communication/emailservices/domains",
        "location": "global",
        "tags": {
          "testkey": "testvalue"
        },
        "systemData": {
          "createdBy": "00226471-3a95-403e-98c0-dca45fecd307",
          "createdByType": "Application",
          "createdAt": "2023-08-19T11:47:58.0727176Z",
          "lastModifiedBy": "00226471-3a95-403e-98c0-dca45fecd307",
          "lastModifiedByType": "Application",
          "lastModifiedAt": "2023-08-19T11:49:04.8222443Z"
        },
        "properties": {
          "dataLocation": "unitedstates",
          "fromSenderDomain": "domain-7469.com",
          "mailFromSenderDomain": "domain-7469.com",
          "domainManagement": "CustomerManaged",
          "verificationStates": {
            "Domain": {
              "status": "NotStarted"
            },
            "SPF": {
              "status": "NotStarted"
            },
            "DKIM": {
              "status": "NotStarted"
            },
            "DKIM2": {
              "status": "NotStarted"
            },
            "DMARC": {
              "status": "NotStarted"
            }
          },
          "verificationRecords": {
            "Domain": {
              "type": "TXT",
              "name": "domain-7469.com",
              "value": "ms-domain-verification=050fe722-0f8b-4dd4-a7ed-043afdca3a1c",
              "ttl": 3600
            },
            "SPF": {
              "type": "TXT",
              "name": "domain-7469.com",
              "value": "v=spf1 include:spf.protection.outlook.com -all",
              "ttl": 3600
            },
            "DKIM": {
              "type": "CNAME",
              "name": "selector1-azurecomm-prod-net._domainkey",
              "value": "selector1-azurecomm-prod-net._domainkey.azurecomm.net",
              "ttl": 3600
            },
            "DKIM2": {
              "type": "CNAME",
              "name": "selector2-azurecomm-prod-net._domainkey",
              "value": "selector2-azurecomm-prod-net._domainkey.azurecomm.net",
              "ttl": 3600
            }
          },
          "userEngagementTracking": "Disabled",
          "provisioningState": "Succeeded"
        }
      }
    },
    {
      "RequestUri": "https://management.azure.com/subscriptions/8443df5e-8e12-4cd9-810e-c525196fecae/resourceGroups/Communication-RG-1505/providers/Microsoft.Communication/emailServices/email-test7284/domains/domain-7469.com?api-version=2023-04-01-preview",
      "RequestMethod": "GET",
      "RequestHeaders": {
        "Accept": "application/json",
        "Authorization": "Sanitized",
        "traceparent": "00-7110aad293192350804cf99d19277846-f0ab3990e6633fb5-00",
        "User-Agent": "azsdk-net-ResourceManager.Communication/1.2.0-alpha.20230817.1 (.NET Framework 4.8.9167.0; Microsoft Windows 10.0.22621 )",
        "x-ms-client-request-id": "af9f5c382900e5d5a33db507406b336f",
        "x-ms-return-client-request-id": "true"
      },
      "RequestBody": null,
      "StatusCode": 200,
      "ResponseHeaders": {
        "Cache-Control": "no-cache",
        "Content-Length": "1567",
        "Content-Type": "application/json; charset=utf-8",
        "Date": "Sat, 19 Aug 2023 11:49:05 GMT",
        "ETag": "\u0022c800bf80-0000-0700-0000-64e0ac310000\u0022",
        "Expires": "-1",
        "Pragma": "no-cache",
        "Strict-Transport-Security": "max-age=31536000; includeSubDomains",
        "X-Content-Type-Options": "nosniff",
        "x-ms-client-request-id": "af9f5c382900e5d5a33db507406b336f",
        "x-ms-correlation-request-id": "3dd9aa29-6c1e-4a69-9dbc-05340963a999",
        "x-ms-providerhub-traffic": "True",
        "x-ms-ratelimit-remaining-subscription-reads": "11983",
        "x-ms-request-id": "a8907c35-87d2-4ed6-add0-817217734ef2",
        "x-ms-routing-request-id": "WESTUS2:20230819T114906Z:3dd9aa29-6c1e-4a69-9dbc-05340963a999"
      },
      "ResponseBody": {
        "id": "/subscriptions/8443df5e-8e12-4cd9-810e-c525196fecae/resourceGroups/Communication-RG-1505/providers/Microsoft.Communication/emailServices/email-test7284/domains/domain-7469.com",
        "name": "domain-7469.com",
        "type": "microsoft.communication/emailservices/domains",
        "location": "global",
        "tags": {
          "testkey": "testvalue"
        },
        "systemData": {
          "createdBy": "00226471-3a95-403e-98c0-dca45fecd307",
          "createdByType": "Application",
          "createdAt": "2023-08-19T11:47:58.0727176Z",
          "lastModifiedBy": "00226471-3a95-403e-98c0-dca45fecd307",
          "lastModifiedByType": "Application",
          "lastModifiedAt": "2023-08-19T11:49:04.8222443Z"
        },
        "properties": {
          "dataLocation": "unitedstates",
          "fromSenderDomain": "domain-7469.com",
          "mailFromSenderDomain": "domain-7469.com",
          "domainManagement": "CustomerManaged",
          "verificationStates": {
            "Domain": {
              "status": "NotStarted"
            },
            "SPF": {
              "status": "NotStarted"
            },
            "DKIM": {
              "status": "NotStarted"
            },
            "DKIM2": {
              "status": "NotStarted"
            },
            "DMARC": {
              "status": "NotStarted"
            }
          },
          "verificationRecords": {
            "Domain": {
              "type": "TXT",
              "name": "domain-7469.com",
              "value": "ms-domain-verification=050fe722-0f8b-4dd4-a7ed-043afdca3a1c",
              "ttl": 3600
            },
            "SPF": {
              "type": "TXT",
              "name": "domain-7469.com",
              "value": "v=spf1 include:spf.protection.outlook.com -all",
              "ttl": 3600
            },
            "DKIM": {
              "type": "CNAME",
              "name": "selector1-azurecomm-prod-net._domainkey",
              "value": "selector1-azurecomm-prod-net._domainkey.azurecomm.net",
              "ttl": 3600
            },
            "DKIM2": {
              "type": "CNAME",
              "name": "selector2-azurecomm-prod-net._domainkey",
              "value": "selector2-azurecomm-prod-net._domainkey.azurecomm.net",
              "ttl": 3600
            }
          },
          "userEngagementTracking": "Disabled",
          "provisioningState": "Succeeded"
        }
      }
    },
    {
      "RequestUri": "https://management.azure.com/subscriptions/8443df5e-8e12-4cd9-810e-c525196fecae/resourceGroups/Communication-RG-1505/providers/Microsoft.Communication/emailServices/email-test7284/domains/domain-7469.com?api-version=2023-04-01-preview",
      "RequestMethod": "PATCH",
      "RequestHeaders": {
        "Accept": "application/json",
        "Authorization": "Sanitized",
        "Content-Length": "27",
        "Content-Type": "application/json",
        "traceparent": "00-7110aad293192350804cf99d19277846-0cafc113ad51ea4a-00",
        "User-Agent": "azsdk-net-ResourceManager.Communication/1.2.0-alpha.20230817.1 (.NET Framework 4.8.9167.0; Microsoft Windows 10.0.22621 )",
        "x-ms-client-request-id": "b61792226a264d7909de6dbf835f9b34",
        "x-ms-return-client-request-id": "true"
      },
      "RequestBody": {
        "tags": {},
        "properties": {}
      },
      "StatusCode": 200,
      "ResponseHeaders": {
        "Cache-Control": "no-cache",
        "Content-Length": "1546",
        "Content-Type": "application/json; charset=utf-8",
        "Date": "Sat, 19 Aug 2023 11:49:06 GMT",
        "ETag": "\u0022c800de80-0000-0700-0000-64e0ac320000\u0022",
        "Expires": "-1",
        "mise-correlation-id": "139ed943-f3c3-4220-8ad3-a9b3eb43a566",
        "Pragma": "no-cache",
        "Request-Context": "appId=",
        "Strict-Transport-Security": "max-age=31536000; includeSubDomains",
        "X-Content-Type-Options": "nosniff",
        "x-ms-client-request-id": "b61792226a264d7909de6dbf835f9b34",
        "x-ms-correlation-request-id": "fbb5ca0c-03ca-427d-bc0b-d3939e809845",
        "x-ms-providerhub-traffic": "True",
        "x-ms-ratelimit-remaining-subscription-writes": "1197",
        "x-ms-request-id": "5968a1bd-3031-4f93-898b-2acb4e41421b",
        "x-ms-routing-request-id": "WESTUS2:20230819T114907Z:fbb5ca0c-03ca-427d-bc0b-d3939e809845"
      },
      "ResponseBody": {
        "id": "/subscriptions/8443df5e-8e12-4cd9-810e-c525196fecae/resourceGroups/Communication-RG-1505/providers/Microsoft.Communication/emailServices/email-test7284/domains/domain-7469.com",
        "name": "domain-7469.com",
        "type": "microsoft.communication/emailservices/domains",
        "location": "global",
        "tags": {},
        "systemData": {
          "createdBy": "00226471-3a95-403e-98c0-dca45fecd307",
          "createdByType": "Application",
          "createdAt": "2023-08-19T11:47:58.0727176Z",
          "lastModifiedBy": "00226471-3a95-403e-98c0-dca45fecd307",
          "lastModifiedByType": "Application",
          "lastModifiedAt": "2023-08-19T11:49:06.3847356Z"
        },
        "properties": {
          "dataLocation": "unitedstates",
          "fromSenderDomain": "domain-7469.com",
          "mailFromSenderDomain": "domain-7469.com",
          "domainManagement": "CustomerManaged",
          "verificationStates": {
            "Domain": {
              "status": "NotStarted"
            },
            "SPF": {
              "status": "NotStarted"
            },
            "DKIM": {
              "status": "NotStarted"
            },
            "DKIM2": {
              "status": "NotStarted"
            },
            "DMARC": {
              "status": "NotStarted"
            }
          },
          "verificationRecords": {
            "Domain": {
              "type": "TXT",
              "name": "domain-7469.com",
              "value": "ms-domain-verification=050fe722-0f8b-4dd4-a7ed-043afdca3a1c",
              "ttl": 3600
            },
            "SPF": {
              "type": "TXT",
              "name": "domain-7469.com",
              "value": "v=spf1 include:spf.protection.outlook.com -all",
              "ttl": 3600
            },
            "DKIM": {
              "type": "CNAME",
              "name": "selector1-azurecomm-prod-net._domainkey",
              "value": "selector1-azurecomm-prod-net._domainkey.azurecomm.net",
              "ttl": 3600
            },
            "DKIM2": {
              "type": "CNAME",
              "name": "selector2-azurecomm-prod-net._domainkey",
              "value": "selector2-azurecomm-prod-net._domainkey.azurecomm.net",
              "ttl": 3600
            }
          },
          "userEngagementTracking": "Disabled",
          "provisioningState": "Succeeded"
        }
      }
    },
    {
      "RequestUri": "https://management.azure.com/subscriptions/8443df5e-8e12-4cd9-810e-c525196fecae/resourceGroups/Communication-RG-1505/providers/Microsoft.Communication/emailServices/email-test7284/domains/domain-7469.com?api-version=2023-04-01-preview",
      "RequestMethod": "GET",
      "RequestHeaders": {
        "Accept": "application/json",
        "Authorization": "Sanitized",
        "traceparent": "00-0f726e31ea1d160525e4173b6cb6f2c7-c6af254910269c0d-00",
        "User-Agent": "azsdk-net-ResourceManager.Communication/1.2.0-alpha.20230817.1 (.NET Framework 4.8.9167.0; Microsoft Windows 10.0.22621 )",
        "x-ms-client-request-id": "4faa698ae17eceb7e251a622bb156143",
        "x-ms-return-client-request-id": "true"
      },
      "RequestBody": null,
      "StatusCode": 200,
      "ResponseHeaders": {
        "Cache-Control": "no-cache",
        "Content-Length": "1546",
        "Content-Type": "application/json; charset=utf-8",
        "Date": "Sat, 19 Aug 2023 11:49:06 GMT",
        "ETag": "\u0022c800de80-0000-0700-0000-64e0ac320000\u0022",
        "Expires": "-1",
        "Pragma": "no-cache",
        "Strict-Transport-Security": "max-age=31536000; includeSubDomains",
        "X-Content-Type-Options": "nosniff",
        "x-ms-client-request-id": "4faa698ae17eceb7e251a622bb156143",
        "x-ms-correlation-request-id": "728d9fa7-c73d-4bfe-9766-37b2d0b9e77e",
        "x-ms-providerhub-traffic": "True",
        "x-ms-ratelimit-remaining-subscription-reads": "11982",
        "x-ms-request-id": "94f925ff-ea8d-4018-8c65-e9d1296f54f0",
        "x-ms-routing-request-id": "WESTUS2:20230819T114907Z:728d9fa7-c73d-4bfe-9766-37b2d0b9e77e"
      },
      "ResponseBody": {
        "id": "/subscriptions/8443df5e-8e12-4cd9-810e-c525196fecae/resourceGroups/Communication-RG-1505/providers/Microsoft.Communication/emailServices/email-test7284/domains/domain-7469.com",
        "name": "domain-7469.com",
        "type": "microsoft.communication/emailservices/domains",
        "location": "global",
        "tags": {},
        "systemData": {
          "createdBy": "00226471-3a95-403e-98c0-dca45fecd307",
          "createdByType": "Application",
          "createdAt": "2023-08-19T11:47:58.0727176Z",
          "lastModifiedBy": "00226471-3a95-403e-98c0-dca45fecd307",
          "lastModifiedByType": "Application",
          "lastModifiedAt": "2023-08-19T11:49:06.3847356Z"
        },
        "properties": {
          "dataLocation": "unitedstates",
          "fromSenderDomain": "domain-7469.com",
          "mailFromSenderDomain": "domain-7469.com",
          "domainManagement": "CustomerManaged",
          "verificationStates": {
            "Domain": {
              "status": "NotStarted"
            },
            "SPF": {
              "status": "NotStarted"
            },
            "DKIM": {
              "status": "NotStarted"
            },
            "DKIM2": {
              "status": "NotStarted"
            },
            "DMARC": {
              "status": "NotStarted"
            }
          },
          "verificationRecords": {
            "Domain": {
              "type": "TXT",
              "name": "domain-7469.com",
              "value": "ms-domain-verification=050fe722-0f8b-4dd4-a7ed-043afdca3a1c",
              "ttl": 3600
            },
            "SPF": {
              "type": "TXT",
              "name": "domain-7469.com",
              "value": "v=spf1 include:spf.protection.outlook.com -all",
              "ttl": 3600
            },
            "DKIM": {
              "type": "CNAME",
              "name": "selector1-azurecomm-prod-net._domainkey",
              "value": "selector1-azurecomm-prod-net._domainkey.azurecomm.net",
              "ttl": 3600
            },
            "DKIM2": {
              "type": "CNAME",
              "name": "selector2-azurecomm-prod-net._domainkey",
              "value": "selector2-azurecomm-prod-net._domainkey.azurecomm.net",
              "ttl": 3600
            }
          },
          "userEngagementTracking": "Disabled",
          "provisioningState": "Succeeded"
        }
      }
    },
    {
      "RequestUri": "https://management.azure.com/subscriptions/8443df5e-8e12-4cd9-810e-c525196fecae/resourceGroups/Communication-RG-1505/providers/Microsoft.Communication/emailServices/email-test7284/domains?api-version=2023-04-01-preview",
      "RequestMethod": "GET",
      "RequestHeaders": {
        "Accept": "application/json",
        "Authorization": "Sanitized",
        "traceparent": "00-d1441485d0983f2dcec1efc415f5ac20-ab02d22efd858404-00",
        "User-Agent": "azsdk-net-ResourceManager.Communication/1.2.0-alpha.20230817.1 (.NET Framework 4.8.9167.0; Microsoft Windows 10.0.22621 )",
        "x-ms-client-request-id": "2a6780a1a36e5fabf62d4ebbb72f1276",
        "x-ms-return-client-request-id": "true"
      },
      "RequestBody": null,
      "StatusCode": 200,
      "ResponseHeaders": {
        "Cache-Control": "no-cache",
        "Content-Length": "1558",
        "Content-Type": "application/json; charset=utf-8",
        "Date": "Sat, 19 Aug 2023 11:49:06 GMT",
        "Expires": "-1",
        "Pragma": "no-cache",
        "Strict-Transport-Security": "max-age=31536000; includeSubDomains",
        "X-Content-Type-Options": "nosniff",
        "x-ms-client-request-id": "2a6780a1a36e5fabf62d4ebbb72f1276",
        "x-ms-correlation-request-id": "9bb73cd2-b528-4cea-8dd9-7fb1643959e5",
        "x-ms-providerhub-traffic": "True",
        "x-ms-ratelimit-remaining-subscription-reads": "11981",
        "x-ms-request-id": "5bb174e8-662b-41af-9630-3b7422361024",
        "x-ms-routing-request-id": "WESTUS2:20230819T114907Z:9bb73cd2-b528-4cea-8dd9-7fb1643959e5"
      },
      "ResponseBody": {
        "value": [
          {
            "id": "/subscriptions/8443df5e-8e12-4cd9-810e-c525196fecae/resourceGroups/Communication-RG-1505/providers/Microsoft.Communication/emailServices/email-test7284/domains/domain-7469.com",
            "name": "domain-7469.com",
            "type": "microsoft.communication/emailservices/domains",
            "location": "global",
            "tags": {},
            "systemData": {
              "createdBy": "00226471-3a95-403e-98c0-dca45fecd307",
              "createdByType": "Application",
              "createdAt": "2023-08-19T11:47:58.0727176Z",
              "lastModifiedBy": "00226471-3a95-403e-98c0-dca45fecd307",
              "lastModifiedByType": "Application",
              "lastModifiedAt": "2023-08-19T11:49:06.3847356Z"
            },
            "properties": {
              "dataLocation": "unitedstates",
              "fromSenderDomain": "domain-7469.com",
              "mailFromSenderDomain": "domain-7469.com",
              "domainManagement": "CustomerManaged",
              "verificationStates": {
                "Domain": {
                  "status": "NotStarted"
                },
                "SPF": {
                  "status": "NotStarted"
                },
                "DKIM": {
                  "status": "NotStarted"
                },
                "DKIM2": {
                  "status": "NotStarted"
                },
                "DMARC": {
                  "status": "NotStarted"
                }
              },
              "verificationRecords": {
                "Domain": {
                  "type": "TXT",
                  "name": "domain-7469.com",
                  "value": "ms-domain-verification=050fe722-0f8b-4dd4-a7ed-043afdca3a1c",
                  "ttl": 3600
                },
                "SPF": {
                  "type": "TXT",
                  "name": "domain-7469.com",
                  "value": "v=spf1 include:spf.protection.outlook.com -all",
                  "ttl": 3600
                },
                "DKIM": {
                  "type": "CNAME",
                  "name": "selector1-azurecomm-prod-net._domainkey",
                  "value": "selector1-azurecomm-prod-net._domainkey.azurecomm.net",
                  "ttl": 3600
                },
                "DKIM2": {
                  "type": "CNAME",
                  "name": "selector2-azurecomm-prod-net._domainkey",
                  "value": "selector2-azurecomm-prod-net._domainkey.azurecomm.net",
                  "ttl": 3600
                }
              },
              "userEngagementTracking": "Disabled",
              "provisioningState": "Succeeded"
            }
          }
        ]
      }
    },
    {
      "RequestUri": "https://management.azure.com/subscriptions/8443df5e-8e12-4cd9-810e-c525196fecae/resourceGroups/Communication-RG-1505/providers/Microsoft.Communication/emailServices/email-test7284/domains/domain-7469.com?api-version=2023-04-01-preview",
      "RequestMethod": "DELETE",
      "RequestHeaders": {
        "Accept": "application/json",
        "Authorization": "Sanitized",
        "traceparent": "00-402b9fd33efd53285789e86424b3f7db-26861c372119cddd-00",
        "User-Agent": "azsdk-net-ResourceManager.Communication/1.2.0-alpha.20230817.1 (.NET Framework 4.8.9167.0; Microsoft Windows 10.0.22621 )",
        "x-ms-client-request-id": "19351d174cb4beb55e2fad721d792d51",
        "x-ms-return-client-request-id": "true"
      },
      "RequestBody": null,
      "StatusCode": 202,
      "ResponseHeaders": {
        "Azure-AsyncOperation": "https://management.azure.com/subscriptions/8443df5e-8e12-4cd9-810e-c525196fecae/providers/Microsoft.Communication/locations/WESTUS2/operationStatuses/35b55025-d0b3-4294-a3bb-447c786e1ca9*6823882F49D7E67309BCA34EF07DDB21EDBFCC6988B906265ACEB3B3ADDBE055?api-version=2023-04-01-preview",
        "Cache-Control": "no-cache",
        "Content-Length": "4",
        "Content-Type": "application/json; charset=utf-8",
        "Date": "Sat, 19 Aug 2023 11:49:07 GMT",
        "ETag": "\u0022c800f780-0000-0700-0000-64e0ac330000\u0022",
        "Expires": "-1",
        "Location": "https://management.azure.com/subscriptions/8443df5e-8e12-4cd9-810e-c525196fecae/providers/Microsoft.Communication/locations/WESTUS2/operationStatuses/35b55025-d0b3-4294-a3bb-447c786e1ca9*6823882F49D7E67309BCA34EF07DDB21EDBFCC6988B906265ACEB3B3ADDBE055?api-version=2023-04-01-preview",
        "mise-correlation-id": "573c2c2c-1ed8-4c08-94d9-c76f21ee0a5d",
        "Pragma": "no-cache",
        "Request-Context": "appId=",
        "Strict-Transport-Security": "max-age=31536000; includeSubDomains",
        "X-Content-Type-Options": "nosniff",
        "x-ms-client-request-id": "19351d174cb4beb55e2fad721d792d51",
        "x-ms-correlation-request-id": "bd9b3977-8345-452f-86c4-5066e65ff21c",
        "x-ms-providerhub-traffic": "True",
        "x-ms-ratelimit-remaining-subscription-deletes": "14999",
        "x-ms-request-id": "35b55025-d0b3-4294-a3bb-447c786e1ca9",
        "x-ms-routing-request-id": "WESTUS2:20230819T114907Z:bd9b3977-8345-452f-86c4-5066e65ff21c"
      },
      "ResponseBody": "null"
    },
    {
      "RequestUri": "https://management.azure.com/subscriptions/8443df5e-8e12-4cd9-810e-c525196fecae/providers/Microsoft.Communication/locations/WESTUS2/operationStatuses/35b55025-d0b3-4294-a3bb-447c786e1ca9*6823882F49D7E67309BCA34EF07DDB21EDBFCC6988B906265ACEB3B3ADDBE055?api-version=2023-04-01-preview",
      "RequestMethod": "GET",
      "RequestHeaders": {
        "Authorization": "Sanitized",
        "traceparent": "00-402b9fd33efd53285789e86424b3f7db-9512761488249c95-00",
        "User-Agent": "azsdk-net-ResourceManager/1.7.0 (.NET Framework 4.8.9167.0; Microsoft Windows 10.0.22621 )",
        "x-ms-client-request-id": "9d0a2f3f47e0558ecba9cc3ff638417c",
        "x-ms-return-client-request-id": "true"
      },
      "RequestBody": null,
      "StatusCode": 202,
      "ResponseHeaders": {
        "Azure-AsyncOperation": "https://management.azure.com/subscriptions/8443df5e-8e12-4cd9-810e-c525196fecae/providers/Microsoft.Communication/locations/westus2/operationStatuses/35b55025-d0b3-4294-a3bb-447c786e1ca9*6823882F49D7E67309BCA34EF07DDB21EDBFCC6988B906265ACEB3B3ADDBE055?api-version=2023-04-01-preview",
        "Cache-Control": "no-cache",
        "Content-Length": "597",
        "Content-Type": "application/json; charset=utf-8",
        "Date": "Sat, 19 Aug 2023 11:49:07 GMT",
        "ETag": "\u00220b0055e4-0000-0800-0000-64e0ac330000\u0022",
        "Expires": "-1",
        "Location": "https://management.azure.com/subscriptions/8443df5e-8e12-4cd9-810e-c525196fecae/providers/Microsoft.Communication/locations/westus2/operationStatuses/35b55025-d0b3-4294-a3bb-447c786e1ca9*6823882F49D7E67309BCA34EF07DDB21EDBFCC6988B906265ACEB3B3ADDBE055?api-version=2023-04-01-preview",
        "Pragma": "no-cache",
        "Strict-Transport-Security": "max-age=31536000; includeSubDomains",
        "X-Content-Type-Options": "nosniff",
        "x-ms-client-request-id": "9d0a2f3f47e0558ecba9cc3ff638417c",
        "x-ms-correlation-request-id": "405fce10-43d3-469b-b075-b8ebb04fa93d",
        "x-ms-ratelimit-remaining-subscription-reads": "11980",
        "x-ms-request-id": "b8298122-ddba-4314-a347-b2a8d664f196",
        "x-ms-routing-request-id": "WESTUS2:20230819T114908Z:405fce10-43d3-469b-b075-b8ebb04fa93d"
      },
      "ResponseBody": {
        "id": "/subscriptions/8443df5e-8e12-4cd9-810e-c525196fecae/providers/Microsoft.Communication/locations/WESTUS2/operationStatuses/35b55025-d0b3-4294-a3bb-447c786e1ca9*6823882F49D7E67309BCA34EF07DDB21EDBFCC6988B906265ACEB3B3ADDBE055",
        "name": "35b55025-d0b3-4294-a3bb-447c786e1ca9*6823882F49D7E67309BCA34EF07DDB21EDBFCC6988B906265ACEB3B3ADDBE055",
        "resourceId": "/subscriptions/8443df5e-8e12-4cd9-810e-c525196fecae/resourceGroups/Communication-RG-1505/providers/Microsoft.Communication/emailServices/email-test7284/domains/domain-7469.com",
        "status": "Deleting",
        "startTime": "2023-08-19T11:49:07.8297176Z"
      }
    },
    {
      "RequestUri": "https://management.azure.com/subscriptions/8443df5e-8e12-4cd9-810e-c525196fecae/providers/Microsoft.Communication/locations/westus2/operationStatuses/35b55025-d0b3-4294-a3bb-447c786e1ca9*6823882F49D7E67309BCA34EF07DDB21EDBFCC6988B906265ACEB3B3ADDBE055?api-version=2023-04-01-preview",
      "RequestMethod": "GET",
      "RequestHeaders": {
        "Authorization": "Sanitized",
        "traceparent": "00-402b9fd33efd53285789e86424b3f7db-17fbf1adf1accd78-00",
        "User-Agent": "azsdk-net-ResourceManager/1.7.0 (.NET Framework 4.8.9167.0; Microsoft Windows 10.0.22621 )",
        "x-ms-client-request-id": "48b2fcff57867b4b3c4e5b68f3642b62",
        "x-ms-return-client-request-id": "true"
      },
      "RequestBody": null,
      "StatusCode": 202,
      "ResponseHeaders": {
        "Azure-AsyncOperation": "https://management.azure.com/subscriptions/8443df5e-8e12-4cd9-810e-c525196fecae/providers/Microsoft.Communication/locations/westus2/operationStatuses/35b55025-d0b3-4294-a3bb-447c786e1ca9*6823882F49D7E67309BCA34EF07DDB21EDBFCC6988B906265ACEB3B3ADDBE055?api-version=2023-04-01-preview",
        "Cache-Control": "no-cache",
        "Content-Length": "597",
        "Content-Type": "application/json; charset=utf-8",
        "Date": "Sat, 19 Aug 2023 11:49:08 GMT",
        "ETag": "\u00220b0055e4-0000-0800-0000-64e0ac330000\u0022",
        "Expires": "-1",
        "Location": "https://management.azure.com/subscriptions/8443df5e-8e12-4cd9-810e-c525196fecae/providers/Microsoft.Communication/locations/westus2/operationStatuses/35b55025-d0b3-4294-a3bb-447c786e1ca9*6823882F49D7E67309BCA34EF07DDB21EDBFCC6988B906265ACEB3B3ADDBE055?api-version=2023-04-01-preview",
        "Pragma": "no-cache",
        "Strict-Transport-Security": "max-age=31536000; includeSubDomains",
        "X-Content-Type-Options": "nosniff",
        "x-ms-client-request-id": "48b2fcff57867b4b3c4e5b68f3642b62",
        "x-ms-correlation-request-id": "6b320152-f7c5-4081-9ec0-b3091cc8472c",
        "x-ms-ratelimit-remaining-subscription-reads": "11979",
        "x-ms-request-id": "2f6e5de1-9c1f-4407-a134-ab0043fb94d9",
        "x-ms-routing-request-id": "WESTUS2:20230819T114909Z:6b320152-f7c5-4081-9ec0-b3091cc8472c"
      },
      "ResponseBody": {
        "id": "/subscriptions/8443df5e-8e12-4cd9-810e-c525196fecae/providers/Microsoft.Communication/locations/westus2/operationStatuses/35b55025-d0b3-4294-a3bb-447c786e1ca9*6823882F49D7E67309BCA34EF07DDB21EDBFCC6988B906265ACEB3B3ADDBE055",
        "name": "35b55025-d0b3-4294-a3bb-447c786e1ca9*6823882F49D7E67309BCA34EF07DDB21EDBFCC6988B906265ACEB3B3ADDBE055",
        "resourceId": "/subscriptions/8443df5e-8e12-4cd9-810e-c525196fecae/resourceGroups/Communication-RG-1505/providers/Microsoft.Communication/emailServices/email-test7284/domains/domain-7469.com",
        "status": "Deleting",
        "startTime": "2023-08-19T11:49:07.8297176Z"
      }
    },
    {
      "RequestUri": "https://management.azure.com/subscriptions/8443df5e-8e12-4cd9-810e-c525196fecae/providers/Microsoft.Communication/locations/westus2/operationStatuses/35b55025-d0b3-4294-a3bb-447c786e1ca9*6823882F49D7E67309BCA34EF07DDB21EDBFCC6988B906265ACEB3B3ADDBE055?api-version=2023-04-01-preview",
      "RequestMethod": "GET",
      "RequestHeaders": {
        "Authorization": "Sanitized",
        "traceparent": "00-402b9fd33efd53285789e86424b3f7db-5a26d5efd52b1eec-00",
        "User-Agent": "azsdk-net-ResourceManager/1.7.0 (.NET Framework 4.8.9167.0; Microsoft Windows 10.0.22621 )",
        "x-ms-client-request-id": "ee33fa19906ec171e053ef82cfa1f085",
        "x-ms-return-client-request-id": "true"
      },
      "RequestBody": null,
      "StatusCode": 202,
      "ResponseHeaders": {
        "Azure-AsyncOperation": "https://management.azure.com/subscriptions/8443df5e-8e12-4cd9-810e-c525196fecae/providers/Microsoft.Communication/locations/westus2/operationStatuses/35b55025-d0b3-4294-a3bb-447c786e1ca9*6823882F49D7E67309BCA34EF07DDB21EDBFCC6988B906265ACEB3B3ADDBE055?api-version=2023-04-01-preview",
        "Cache-Control": "no-cache",
        "Content-Length": "597",
        "Content-Type": "application/json; charset=utf-8",
        "Date": "Sat, 19 Aug 2023 11:49:09 GMT",
        "ETag": "\u00220b0055e4-0000-0800-0000-64e0ac330000\u0022",
        "Expires": "-1",
        "Location": "https://management.azure.com/subscriptions/8443df5e-8e12-4cd9-810e-c525196fecae/providers/Microsoft.Communication/locations/westus2/operationStatuses/35b55025-d0b3-4294-a3bb-447c786e1ca9*6823882F49D7E67309BCA34EF07DDB21EDBFCC6988B906265ACEB3B3ADDBE055?api-version=2023-04-01-preview",
        "Pragma": "no-cache",
        "Strict-Transport-Security": "max-age=31536000; includeSubDomains",
        "X-Content-Type-Options": "nosniff",
        "x-ms-client-request-id": "ee33fa19906ec171e053ef82cfa1f085",
        "x-ms-correlation-request-id": "c6f16ba3-517c-4fa8-8122-c1316ca77653",
        "x-ms-ratelimit-remaining-subscription-reads": "11978",
        "x-ms-request-id": "02767ffa-d9b0-4257-a393-c1ff37137fdd",
        "x-ms-routing-request-id": "WESTUS2:20230819T114910Z:c6f16ba3-517c-4fa8-8122-c1316ca77653"
      },
      "ResponseBody": {
        "id": "/subscriptions/8443df5e-8e12-4cd9-810e-c525196fecae/providers/Microsoft.Communication/locations/westus2/operationStatuses/35b55025-d0b3-4294-a3bb-447c786e1ca9*6823882F49D7E67309BCA34EF07DDB21EDBFCC6988B906265ACEB3B3ADDBE055",
        "name": "35b55025-d0b3-4294-a3bb-447c786e1ca9*6823882F49D7E67309BCA34EF07DDB21EDBFCC6988B906265ACEB3B3ADDBE055",
        "resourceId": "/subscriptions/8443df5e-8e12-4cd9-810e-c525196fecae/resourceGroups/Communication-RG-1505/providers/Microsoft.Communication/emailServices/email-test7284/domains/domain-7469.com",
        "status": "Deleting",
        "startTime": "2023-08-19T11:49:07.8297176Z"
      }
    },
    {
      "RequestUri": "https://management.azure.com/subscriptions/8443df5e-8e12-4cd9-810e-c525196fecae/providers/Microsoft.Communication/locations/westus2/operationStatuses/35b55025-d0b3-4294-a3bb-447c786e1ca9*6823882F49D7E67309BCA34EF07DDB21EDBFCC6988B906265ACEB3B3ADDBE055?api-version=2023-04-01-preview",
      "RequestMethod": "GET",
      "RequestHeaders": {
        "Authorization": "Sanitized",
        "traceparent": "00-402b9fd33efd53285789e86424b3f7db-7e80c549aadab079-00",
        "User-Agent": "azsdk-net-ResourceManager/1.7.0 (.NET Framework 4.8.9167.0; Microsoft Windows 10.0.22621 )",
        "x-ms-client-request-id": "9551dc0acd48e82be38f6091ec256166",
        "x-ms-return-client-request-id": "true"
      },
      "RequestBody": null,
      "StatusCode": 202,
      "ResponseHeaders": {
        "Azure-AsyncOperation": "https://management.azure.com/subscriptions/8443df5e-8e12-4cd9-810e-c525196fecae/providers/Microsoft.Communication/locations/westus2/operationStatuses/35b55025-d0b3-4294-a3bb-447c786e1ca9*6823882F49D7E67309BCA34EF07DDB21EDBFCC6988B906265ACEB3B3ADDBE055?api-version=2023-04-01-preview",
        "Cache-Control": "no-cache",
        "Content-Length": "597",
        "Content-Type": "application/json; charset=utf-8",
        "Date": "Sat, 19 Aug 2023 11:49:10 GMT",
        "ETag": "\u00220b0055e4-0000-0800-0000-64e0ac330000\u0022",
        "Expires": "-1",
        "Location": "https://management.azure.com/subscriptions/8443df5e-8e12-4cd9-810e-c525196fecae/providers/Microsoft.Communication/locations/westus2/operationStatuses/35b55025-d0b3-4294-a3bb-447c786e1ca9*6823882F49D7E67309BCA34EF07DDB21EDBFCC6988B906265ACEB3B3ADDBE055?api-version=2023-04-01-preview",
        "Pragma": "no-cache",
        "Strict-Transport-Security": "max-age=31536000; includeSubDomains",
        "X-Content-Type-Options": "nosniff",
        "x-ms-client-request-id": "9551dc0acd48e82be38f6091ec256166",
        "x-ms-correlation-request-id": "8d029e12-a77a-46b1-90da-c5bcf22db97b",
        "x-ms-ratelimit-remaining-subscription-reads": "11977",
        "x-ms-request-id": "aa088cbc-62ec-45ef-ac94-82b1a8e64479",
        "x-ms-routing-request-id": "WESTUS2:20230819T114911Z:8d029e12-a77a-46b1-90da-c5bcf22db97b"
      },
      "ResponseBody": {
        "id": "/subscriptions/8443df5e-8e12-4cd9-810e-c525196fecae/providers/Microsoft.Communication/locations/westus2/operationStatuses/35b55025-d0b3-4294-a3bb-447c786e1ca9*6823882F49D7E67309BCA34EF07DDB21EDBFCC6988B906265ACEB3B3ADDBE055",
        "name": "35b55025-d0b3-4294-a3bb-447c786e1ca9*6823882F49D7E67309BCA34EF07DDB21EDBFCC6988B906265ACEB3B3ADDBE055",
        "resourceId": "/subscriptions/8443df5e-8e12-4cd9-810e-c525196fecae/resourceGroups/Communication-RG-1505/providers/Microsoft.Communication/emailServices/email-test7284/domains/domain-7469.com",
        "status": "Deleting",
        "startTime": "2023-08-19T11:49:07.8297176Z"
      }
    },
    {
      "RequestUri": "https://management.azure.com/subscriptions/8443df5e-8e12-4cd9-810e-c525196fecae/providers/Microsoft.Communication/locations/westus2/operationStatuses/35b55025-d0b3-4294-a3bb-447c786e1ca9*6823882F49D7E67309BCA34EF07DDB21EDBFCC6988B906265ACEB3B3ADDBE055?api-version=2023-04-01-preview",
      "RequestMethod": "GET",
      "RequestHeaders": {
        "Authorization": "Sanitized",
        "traceparent": "00-402b9fd33efd53285789e86424b3f7db-2c7ddf44990a1d40-00",
        "User-Agent": "azsdk-net-ResourceManager/1.7.0 (.NET Framework 4.8.9167.0; Microsoft Windows 10.0.22621 )",
        "x-ms-client-request-id": "fb266a7d53056f0e8bf1673368c9ac9b",
        "x-ms-return-client-request-id": "true"
      },
      "RequestBody": null,
      "StatusCode": 202,
      "ResponseHeaders": {
        "Azure-AsyncOperation": "https://management.azure.com/subscriptions/8443df5e-8e12-4cd9-810e-c525196fecae/providers/Microsoft.Communication/locations/westus2/operationStatuses/35b55025-d0b3-4294-a3bb-447c786e1ca9*6823882F49D7E67309BCA34EF07DDB21EDBFCC6988B906265ACEB3B3ADDBE055?api-version=2023-04-01-preview",
        "Cache-Control": "no-cache",
        "Content-Length": "597",
        "Content-Type": "application/json; charset=utf-8",
        "Date": "Sat, 19 Aug 2023 11:49:12 GMT",
        "ETag": "\u00220b0055e4-0000-0800-0000-64e0ac330000\u0022",
        "Expires": "-1",
        "Location": "https://management.azure.com/subscriptions/8443df5e-8e12-4cd9-810e-c525196fecae/providers/Microsoft.Communication/locations/westus2/operationStatuses/35b55025-d0b3-4294-a3bb-447c786e1ca9*6823882F49D7E67309BCA34EF07DDB21EDBFCC6988B906265ACEB3B3ADDBE055?api-version=2023-04-01-preview",
        "Pragma": "no-cache",
        "Strict-Transport-Security": "max-age=31536000; includeSubDomains",
        "X-Content-Type-Options": "nosniff",
        "x-ms-client-request-id": "fb266a7d53056f0e8bf1673368c9ac9b",
        "x-ms-correlation-request-id": "5e29d0fe-8989-45d2-8017-1985176d2d12",
        "x-ms-ratelimit-remaining-subscription-reads": "11976",
        "x-ms-request-id": "a10f2c0a-7bd3-4ed7-b328-8f86fbafc5be",
        "x-ms-routing-request-id": "WESTUS2:20230819T114913Z:5e29d0fe-8989-45d2-8017-1985176d2d12"
      },
      "ResponseBody": {
        "id": "/subscriptions/8443df5e-8e12-4cd9-810e-c525196fecae/providers/Microsoft.Communication/locations/westus2/operationStatuses/35b55025-d0b3-4294-a3bb-447c786e1ca9*6823882F49D7E67309BCA34EF07DDB21EDBFCC6988B906265ACEB3B3ADDBE055",
        "name": "35b55025-d0b3-4294-a3bb-447c786e1ca9*6823882F49D7E67309BCA34EF07DDB21EDBFCC6988B906265ACEB3B3ADDBE055",
        "resourceId": "/subscriptions/8443df5e-8e12-4cd9-810e-c525196fecae/resourceGroups/Communication-RG-1505/providers/Microsoft.Communication/emailServices/email-test7284/domains/domain-7469.com",
        "status": "Deleting",
        "startTime": "2023-08-19T11:49:07.8297176Z"
      }
    },
    {
      "RequestUri": "https://management.azure.com/subscriptions/8443df5e-8e12-4cd9-810e-c525196fecae/providers/Microsoft.Communication/locations/westus2/operationStatuses/35b55025-d0b3-4294-a3bb-447c786e1ca9*6823882F49D7E67309BCA34EF07DDB21EDBFCC6988B906265ACEB3B3ADDBE055?api-version=2023-04-01-preview",
      "RequestMethod": "GET",
      "RequestHeaders": {
        "Authorization": "Sanitized",
        "traceparent": "00-402b9fd33efd53285789e86424b3f7db-7b6a55d7c5acf295-00",
        "User-Agent": "azsdk-net-ResourceManager/1.7.0 (.NET Framework 4.8.9167.0; Microsoft Windows 10.0.22621 )",
        "x-ms-client-request-id": "165ed55d95134b19ce4b0adf2fdfd5ba",
        "x-ms-return-client-request-id": "true"
      },
      "RequestBody": null,
      "StatusCode": 202,
      "ResponseHeaders": {
        "Azure-AsyncOperation": "https://management.azure.com/subscriptions/8443df5e-8e12-4cd9-810e-c525196fecae/providers/Microsoft.Communication/locations/westus2/operationStatuses/35b55025-d0b3-4294-a3bb-447c786e1ca9*6823882F49D7E67309BCA34EF07DDB21EDBFCC6988B906265ACEB3B3ADDBE055?api-version=2023-04-01-preview",
        "Cache-Control": "no-cache",
        "Content-Length": "597",
        "Content-Type": "application/json; charset=utf-8",
        "Date": "Sat, 19 Aug 2023 11:49:17 GMT",
        "ETag": "\u00220b0055e4-0000-0800-0000-64e0ac330000\u0022",
        "Expires": "-1",
        "Location": "https://management.azure.com/subscriptions/8443df5e-8e12-4cd9-810e-c525196fecae/providers/Microsoft.Communication/locations/westus2/operationStatuses/35b55025-d0b3-4294-a3bb-447c786e1ca9*6823882F49D7E67309BCA34EF07DDB21EDBFCC6988B906265ACEB3B3ADDBE055?api-version=2023-04-01-preview",
        "Pragma": "no-cache",
        "Strict-Transport-Security": "max-age=31536000; includeSubDomains",
        "X-Content-Type-Options": "nosniff",
        "x-ms-client-request-id": "165ed55d95134b19ce4b0adf2fdfd5ba",
        "x-ms-correlation-request-id": "3a21b60b-14a6-49fe-9fa6-d569487fecf3",
        "x-ms-ratelimit-remaining-subscription-reads": "11975",
        "x-ms-request-id": "93f8a524-231e-48ad-8083-07df8e98f18f",
        "x-ms-routing-request-id": "WESTUS2:20230819T114917Z:3a21b60b-14a6-49fe-9fa6-d569487fecf3"
      },
      "ResponseBody": {
        "id": "/subscriptions/8443df5e-8e12-4cd9-810e-c525196fecae/providers/Microsoft.Communication/locations/westus2/operationStatuses/35b55025-d0b3-4294-a3bb-447c786e1ca9*6823882F49D7E67309BCA34EF07DDB21EDBFCC6988B906265ACEB3B3ADDBE055",
        "name": "35b55025-d0b3-4294-a3bb-447c786e1ca9*6823882F49D7E67309BCA34EF07DDB21EDBFCC6988B906265ACEB3B3ADDBE055",
        "resourceId": "/subscriptions/8443df5e-8e12-4cd9-810e-c525196fecae/resourceGroups/Communication-RG-1505/providers/Microsoft.Communication/emailServices/email-test7284/domains/domain-7469.com",
        "status": "Deleting",
        "startTime": "2023-08-19T11:49:07.8297176Z"
      }
    },
    {
      "RequestUri": "https://management.azure.com/subscriptions/8443df5e-8e12-4cd9-810e-c525196fecae/providers/Microsoft.Communication/locations/westus2/operationStatuses/35b55025-d0b3-4294-a3bb-447c786e1ca9*6823882F49D7E67309BCA34EF07DDB21EDBFCC6988B906265ACEB3B3ADDBE055?api-version=2023-04-01-preview",
      "RequestMethod": "GET",
      "RequestHeaders": {
        "Authorization": "Sanitized",
        "traceparent": "00-402b9fd33efd53285789e86424b3f7db-57c6a9f2889b47b8-00",
        "User-Agent": "azsdk-net-ResourceManager/1.7.0 (.NET Framework 4.8.9167.0; Microsoft Windows 10.0.22621 )",
        "x-ms-client-request-id": "650488f1f57bb780cee10a5766f87f1a",
        "x-ms-return-client-request-id": "true"
      },
      "RequestBody": null,
      "StatusCode": 202,
      "ResponseHeaders": {
        "Azure-AsyncOperation": "https://management.azure.com/subscriptions/8443df5e-8e12-4cd9-810e-c525196fecae/providers/Microsoft.Communication/locations/westus2/operationStatuses/35b55025-d0b3-4294-a3bb-447c786e1ca9*6823882F49D7E67309BCA34EF07DDB21EDBFCC6988B906265ACEB3B3ADDBE055?api-version=2023-04-01-preview",
        "Cache-Control": "no-cache",
        "Content-Length": "597",
        "Content-Type": "application/json; charset=utf-8",
        "Date": "Sat, 19 Aug 2023 11:49:25 GMT",
        "ETag": "\u00220b0055e4-0000-0800-0000-64e0ac330000\u0022",
        "Expires": "-1",
        "Location": "https://management.azure.com/subscriptions/8443df5e-8e12-4cd9-810e-c525196fecae/providers/Microsoft.Communication/locations/westus2/operationStatuses/35b55025-d0b3-4294-a3bb-447c786e1ca9*6823882F49D7E67309BCA34EF07DDB21EDBFCC6988B906265ACEB3B3ADDBE055?api-version=2023-04-01-preview",
        "Pragma": "no-cache",
        "Strict-Transport-Security": "max-age=31536000; includeSubDomains",
        "X-Content-Type-Options": "nosniff",
        "x-ms-client-request-id": "650488f1f57bb780cee10a5766f87f1a",
        "x-ms-correlation-request-id": "530c2a27-25a8-4c10-849b-5cd2c61da08e",
        "x-ms-ratelimit-remaining-subscription-reads": "11974",
        "x-ms-request-id": "956f3ed3-08a1-4f96-b2a6-dbd641b6f48b",
        "x-ms-routing-request-id": "WESTUS2:20230819T114925Z:530c2a27-25a8-4c10-849b-5cd2c61da08e"
      },
      "ResponseBody": {
        "id": "/subscriptions/8443df5e-8e12-4cd9-810e-c525196fecae/providers/Microsoft.Communication/locations/westus2/operationStatuses/35b55025-d0b3-4294-a3bb-447c786e1ca9*6823882F49D7E67309BCA34EF07DDB21EDBFCC6988B906265ACEB3B3ADDBE055",
        "name": "35b55025-d0b3-4294-a3bb-447c786e1ca9*6823882F49D7E67309BCA34EF07DDB21EDBFCC6988B906265ACEB3B3ADDBE055",
        "resourceId": "/subscriptions/8443df5e-8e12-4cd9-810e-c525196fecae/resourceGroups/Communication-RG-1505/providers/Microsoft.Communication/emailServices/email-test7284/domains/domain-7469.com",
        "status": "Deleting",
        "startTime": "2023-08-19T11:49:07.8297176Z"
      }
    },
    {
      "RequestUri": "https://management.azure.com/subscriptions/8443df5e-8e12-4cd9-810e-c525196fecae/providers/Microsoft.Communication/locations/westus2/operationStatuses/35b55025-d0b3-4294-a3bb-447c786e1ca9*6823882F49D7E67309BCA34EF07DDB21EDBFCC6988B906265ACEB3B3ADDBE055?api-version=2023-04-01-preview",
      "RequestMethod": "GET",
      "RequestHeaders": {
        "Authorization": "Sanitized",
        "traceparent": "00-402b9fd33efd53285789e86424b3f7db-a83ab10807bc8ecc-00",
        "User-Agent": "azsdk-net-ResourceManager/1.7.0 (.NET Framework 4.8.9167.0; Microsoft Windows 10.0.22621 )",
        "x-ms-client-request-id": "1634c5e24bc7e75250db2dba482f3fab",
        "x-ms-return-client-request-id": "true"
      },
      "RequestBody": null,
      "StatusCode": 202,
      "ResponseHeaders": {
        "Azure-AsyncOperation": "https://management.azure.com/subscriptions/8443df5e-8e12-4cd9-810e-c525196fecae/providers/Microsoft.Communication/locations/westus2/operationStatuses/35b55025-d0b3-4294-a3bb-447c786e1ca9*6823882F49D7E67309BCA34EF07DDB21EDBFCC6988B906265ACEB3B3ADDBE055?api-version=2023-04-01-preview",
        "Cache-Control": "no-cache",
        "Content-Length": "597",
        "Content-Type": "application/json; charset=utf-8",
        "Date": "Sat, 19 Aug 2023 11:49:40 GMT",
        "ETag": "\u00220b0055e4-0000-0800-0000-64e0ac330000\u0022",
        "Expires": "-1",
        "Location": "https://management.azure.com/subscriptions/8443df5e-8e12-4cd9-810e-c525196fecae/providers/Microsoft.Communication/locations/westus2/operationStatuses/35b55025-d0b3-4294-a3bb-447c786e1ca9*6823882F49D7E67309BCA34EF07DDB21EDBFCC6988B906265ACEB3B3ADDBE055?api-version=2023-04-01-preview",
        "Pragma": "no-cache",
        "Strict-Transport-Security": "max-age=31536000; includeSubDomains",
        "X-Content-Type-Options": "nosniff",
        "x-ms-client-request-id": "1634c5e24bc7e75250db2dba482f3fab",
        "x-ms-correlation-request-id": "2453aa84-1dae-433b-8b93-b2baabcfc533",
        "x-ms-ratelimit-remaining-subscription-reads": "11973",
        "x-ms-request-id": "81480025-a3b6-4889-bfb3-f7054efff268",
        "x-ms-routing-request-id": "WESTUS2:20230819T114941Z:2453aa84-1dae-433b-8b93-b2baabcfc533"
      },
      "ResponseBody": {
        "id": "/subscriptions/8443df5e-8e12-4cd9-810e-c525196fecae/providers/Microsoft.Communication/locations/westus2/operationStatuses/35b55025-d0b3-4294-a3bb-447c786e1ca9*6823882F49D7E67309BCA34EF07DDB21EDBFCC6988B906265ACEB3B3ADDBE055",
        "name": "35b55025-d0b3-4294-a3bb-447c786e1ca9*6823882F49D7E67309BCA34EF07DDB21EDBFCC6988B906265ACEB3B3ADDBE055",
        "resourceId": "/subscriptions/8443df5e-8e12-4cd9-810e-c525196fecae/resourceGroups/Communication-RG-1505/providers/Microsoft.Communication/emailServices/email-test7284/domains/domain-7469.com",
        "status": "Deleting",
        "startTime": "2023-08-19T11:49:07.8297176Z"
      }
    },
    {
      "RequestUri": "https://management.azure.com/subscriptions/8443df5e-8e12-4cd9-810e-c525196fecae/providers/Microsoft.Communication/locations/westus2/operationStatuses/35b55025-d0b3-4294-a3bb-447c786e1ca9*6823882F49D7E67309BCA34EF07DDB21EDBFCC6988B906265ACEB3B3ADDBE055?api-version=2023-04-01-preview",
      "RequestMethod": "GET",
      "RequestHeaders": {
        "Authorization": "Sanitized",
        "traceparent": "00-402b9fd33efd53285789e86424b3f7db-e8116da869dc0bc8-00",
        "User-Agent": "azsdk-net-ResourceManager/1.7.0 (.NET Framework 4.8.9167.0; Microsoft Windows 10.0.22621 )",
        "x-ms-client-request-id": "df41ad1b47c4681f55a748328bc1e5d5",
        "x-ms-return-client-request-id": "true"
      },
      "RequestBody": null,
      "StatusCode": 202,
      "ResponseHeaders": {
        "Azure-AsyncOperation": "https://management.azure.com/subscriptions/8443df5e-8e12-4cd9-810e-c525196fecae/providers/Microsoft.Communication/locations/westus2/operationStatuses/35b55025-d0b3-4294-a3bb-447c786e1ca9*6823882F49D7E67309BCA34EF07DDB21EDBFCC6988B906265ACEB3B3ADDBE055?api-version=2023-04-01-preview",
        "Cache-Control": "no-cache",
        "Content-Length": "597",
        "Content-Type": "application/json; charset=utf-8",
        "Date": "Sat, 19 Aug 2023 11:50:12 GMT",
        "ETag": "\u00220b0055e4-0000-0800-0000-64e0ac330000\u0022",
        "Expires": "-1",
        "Location": "https://management.azure.com/subscriptions/8443df5e-8e12-4cd9-810e-c525196fecae/providers/Microsoft.Communication/locations/westus2/operationStatuses/35b55025-d0b3-4294-a3bb-447c786e1ca9*6823882F49D7E67309BCA34EF07DDB21EDBFCC6988B906265ACEB3B3ADDBE055?api-version=2023-04-01-preview",
        "Pragma": "no-cache",
        "Strict-Transport-Security": "max-age=31536000; includeSubDomains",
        "X-Content-Type-Options": "nosniff",
        "x-ms-client-request-id": "df41ad1b47c4681f55a748328bc1e5d5",
        "x-ms-correlation-request-id": "e4d8d716-b6b2-43aa-a05b-cc70a86f578b",
        "x-ms-ratelimit-remaining-subscription-reads": "11972",
        "x-ms-request-id": "303d72a1-a7d5-4842-859c-df9a1511e76b",
        "x-ms-routing-request-id": "WESTUS2:20230819T115013Z:e4d8d716-b6b2-43aa-a05b-cc70a86f578b"
      },
      "ResponseBody": {
        "id": "/subscriptions/8443df5e-8e12-4cd9-810e-c525196fecae/providers/Microsoft.Communication/locations/westus2/operationStatuses/35b55025-d0b3-4294-a3bb-447c786e1ca9*6823882F49D7E67309BCA34EF07DDB21EDBFCC6988B906265ACEB3B3ADDBE055",
        "name": "35b55025-d0b3-4294-a3bb-447c786e1ca9*6823882F49D7E67309BCA34EF07DDB21EDBFCC6988B906265ACEB3B3ADDBE055",
        "resourceId": "/subscriptions/8443df5e-8e12-4cd9-810e-c525196fecae/resourceGroups/Communication-RG-1505/providers/Microsoft.Communication/emailServices/email-test7284/domains/domain-7469.com",
        "status": "Deleting",
        "startTime": "2023-08-19T11:49:07.8297176Z"
      }
    },
    {
      "RequestUri": "https://management.azure.com/subscriptions/8443df5e-8e12-4cd9-810e-c525196fecae/providers/Microsoft.Communication/locations/westus2/operationStatuses/35b55025-d0b3-4294-a3bb-447c786e1ca9*6823882F49D7E67309BCA34EF07DDB21EDBFCC6988B906265ACEB3B3ADDBE055?api-version=2023-04-01-preview",
      "RequestMethod": "GET",
      "RequestHeaders": {
        "Authorization": "Sanitized",
        "traceparent": "00-402b9fd33efd53285789e86424b3f7db-7d2129205b4ea12e-00",
        "User-Agent": "azsdk-net-ResourceManager/1.7.0 (.NET Framework 4.8.9167.0; Microsoft Windows 10.0.22621 )",
        "x-ms-client-request-id": "6afcf0cbbeaba6f3361d14a0c8c66e9f",
        "x-ms-return-client-request-id": "true"
      },
      "RequestBody": null,
      "StatusCode": 200,
      "ResponseHeaders": {
        "Cache-Control": "no-cache",
        "Content-Length": "616",
        "Content-Type": "application/json; charset=utf-8",
        "Date": "Sat, 19 Aug 2023 11:50:45 GMT",
        "ETag": "\u00220f000ce7-0000-0100-0000-64e0ac750000\u0022",
        "Expires": "-1",
        "Pragma": "no-cache",
        "Strict-Transport-Security": "max-age=31536000; includeSubDomains",
        "X-Content-Type-Options": "nosniff",
        "x-ms-client-request-id": "6afcf0cbbeaba6f3361d14a0c8c66e9f",
        "x-ms-correlation-request-id": "3458bdbf-fb89-4e48-9eed-a27c941bae28",
        "x-ms-ratelimit-remaining-subscription-reads": "11971",
        "x-ms-request-id": "82117d8a-e0a9-4d7f-b1e2-c970b00344ae",
        "x-ms-routing-request-id": "WESTUS2:20230819T115045Z:3458bdbf-fb89-4e48-9eed-a27c941bae28"
      },
      "ResponseBody": {
        "id": "/subscriptions/8443df5e-8e12-4cd9-810e-c525196fecae/providers/Microsoft.Communication/locations/westus2/operationStatuses/35b55025-d0b3-4294-a3bb-447c786e1ca9*6823882F49D7E67309BCA34EF07DDB21EDBFCC6988B906265ACEB3B3ADDBE055",
        "name": "35b55025-d0b3-4294-a3bb-447c786e1ca9*6823882F49D7E67309BCA34EF07DDB21EDBFCC6988B906265ACEB3B3ADDBE055",
        "resourceId": "/subscriptions/8443df5e-8e12-4cd9-810e-c525196fecae/resourceGroups/Communication-RG-1505/providers/Microsoft.Communication/emailServices/email-test7284/domains/domain-7469.com",
        "status": "Succeeded",
        "startTime": "2023-08-19T11:49:07.8297176Z",
        "properties": null
      }
    }
  ],
  "Variables": {
    "AZURE_AUTHORITY_HOST": "https://login.microsoftonline.com",
    "RandomSeed": "562189226",
    "RESOURCE_MANAGER_URL": "https://management.azure.com/",
    "SUBSCRIPTION_ID": "8443df5e-8e12-4cd9-810e-c525196fecae"
  }
}
