{
  "Entries": [
    {
      "RequestUri": "https://fakesdaccount.file.core.windows.net/share169472031935709949?restype=share",
      "RequestMethod": "PUT",
      "RequestHeaders": {
        "Accept": "application/xml",
        "Authorization": "Sanitized",
        "Connection": "keep-alive",
        "Content-Length": "0",
        "User-Agent": "azsdk-js-azure-storage-blob/12.20.0 core-rest-pipeline/1.12.2 Node/v18.16.0 OS/(x64-Windows_NT-10.0.22621)",
        "x-ms-client-request-id": "06f637a6-1c76-4b67-8219-e23992c63d2f",
        "x-ms-date": "Thu, 14 Sep 2023 19:38:39 GMT",
        "x-ms-version": "2023-01-03"
      },
      "RequestBody": null,
      "StatusCode": 201,
      "ResponseHeaders": {
        "Content-Length": "0",
        "Date": "Thu, 14 Sep 2023 19:38:39 GMT",
        "ETag": "\u00220x8DBB55A32912C9A\u0022",
        "Last-Modified": "Thu, 14 Sep 2023 19:38:40 GMT",
        "Server": [
          "Windows-Azure-File/1.0",
          "Microsoft-HTTPAPI/2.0"
        ],
        "x-ms-client-request-id": "06f637a6-1c76-4b67-8219-e23992c63d2f",
        "x-ms-request-id": "9620149d-c01a-004f-5443-e7e275000000",
        "x-ms-version": "2023-01-03"
      },
      "ResponseBody": null
    },
    {
      "RequestUri": "https://fakesdaccount.file.core.windows.net/share169472031935709949?restype=share",
      "RequestMethod": "GET",
      "RequestHeaders": {
        "Accept": "application/xml",
        "Authorization": "Sanitized",
        "Connection": "keep-alive",
        "User-Agent": "azsdk-js-azure-storage-blob/12.20.0 core-rest-pipeline/1.12.2 Node/v18.16.0 OS/(x64-Windows_NT-10.0.22621)",
        "x-ms-client-request-id": "3fd0a60c-4f5c-4c5e-b543-1334bc9b384b",
        "x-ms-date": "Thu, 14 Sep 2023 19:38:39 GMT",
        "x-ms-version": "2023-01-03"
      },
      "RequestBody": null,
      "StatusCode": 200,
      "ResponseHeaders": {
        "Content-Length": "0",
        "Date": "Thu, 14 Sep 2023 19:38:39 GMT",
        "ETag": "\u00220x8DBB55A32912C9A\u0022",
        "Last-Modified": "Thu, 14 Sep 2023 19:38:40 GMT",
        "Server": [
          "Windows-Azure-File/1.0",
          "Microsoft-HTTPAPI/2.0"
        ],
        "Vary": "Origin",
        "x-ms-access-tier": "TransactionOptimized",
        "x-ms-access-tier-change-time": "Thu, 14 Sep 2023 19:38:40 GMT",
        "x-ms-client-request-id": "3fd0a60c-4f5c-4c5e-b543-1334bc9b384b",
        "x-ms-has-immutability-policy": "false",
        "x-ms-has-legal-hold": "false",
        "x-ms-lease-state": "available",
        "x-ms-lease-status": "unlocked",
        "x-ms-request-id": "962014a0-c01a-004f-5643-e7e275000000",
        "x-ms-share-quota": "5120",
        "x-ms-version": "2023-01-03"
      },
      "ResponseBody": null
    },
    {
      "RequestUri": "https://fakesdaccount.file.core.windows.net/share169472031935709949?restype=share",
      "RequestMethod": "DELETE",
      "RequestHeaders": {
        "Accept": "application/xml",
        "Authorization": "Sanitized",
        "Connection": "keep-alive",
        "User-Agent": "azsdk-js-azure-storage-blob/12.20.0 core-rest-pipeline/1.12.2 Node/v18.16.0 OS/(x64-Windows_NT-10.0.22621)",
        "x-ms-client-request-id": "09c611e8-9038-4066-9d9c-bdc5fec6bdf5",
        "x-ms-date": "Thu, 14 Sep 2023 19:38:39 GMT",
        "x-ms-version": "2023-01-03"
      },
      "RequestBody": null,
      "StatusCode": 202,
      "ResponseHeaders": {
        "Content-Length": "0",
        "Date": "Thu, 14 Sep 2023 19:38:39 GMT",
        "Server": [
          "Windows-Azure-File/1.0",
          "Microsoft-HTTPAPI/2.0"
        ],
        "x-ms-client-request-id": "09c611e8-9038-4066-9d9c-bdc5fec6bdf5",
        "x-ms-request-id": "962014a1-c01a-004f-5743-e7e275000000",
        "x-ms-version": "2023-01-03"
      },
      "ResponseBody": null
    }
  ],
  "Variables": {
    "share": "share169472031935709949"
  }
}
