{
  "Entries": [
    {
      "RequestUri": "https://san-cdb-uksouth-test.table.cosmos.azure.com/Tables?$format=application%2Fjson%3Bodata%3Dminimalmetadata",
      "RequestMethod": "POST",
      "RequestHeaders": {
        "Accept": "application/json;odata=minimalmetadata",
        "Authorization": "Sanitized",
        "Content-Length": "33",
        "Content-Type": "application/json;odata=nometadata",
        "DataServiceVersion": "3.0",
        "traceparent": "00-cc0de5435a6980ad55fed5d42759d78b-248548732db1785f-00",
        "User-Agent": "azsdk-net-Data.Tables/12.9.1-alpha.20240912.1 (.NET 8.0.8; Microsoft Windows 10.0.22631)",
        "x-ms-client-request-id": "Sanitized",
        "x-ms-date": "Thu, 12 Sep 2024 19:14:00 GMT",
        "x-ms-return-client-request-id": "true",
        "x-ms-version": "2020-12-06"
      },
      "RequestBody": {
        "TableName": "testtablegmf3j4mx"
      },
      "StatusCode": 201,
      "ResponseHeaders": {
        "Content-Type": "application/json; odata=minimalmetadata",
        "Date": "Thu, 12 Sep 2024 19:14:00 GMT",
        "ETag": "W/\"datetime'2024-09-12T19%3A14%3A01.0687505Z'\"",
        "Location": "https://san-cdb-uksouth-test.table.cosmos.azure.com/Tables('testtablegmf3j4mx')",
        "Transfer-Encoding": "chunked"
      },
      "ResponseBody": {
        "TableName": "testtablegmf3j4mx",
        "odata.metadata": "https://san-cdb-uksouth-test.table.cosmos.azure.com/$metadata#Tables/@Element"
      }
    },
    {
      "RequestUri": "https://san-cdb-uksouth-test.table.cosmos.azure.com/Tables?$format=application%2Fjson%3Bodata%3Dminimalmetadata",
      "RequestMethod": "POST",
      "RequestHeaders": {
        "Accept": "application/json;odata=minimalmetadata",
        "Authorization": "Sanitized",
        "Content-Length": "34",
        "Content-Type": "application/json;odata=nometadata",
        "DataServiceVersion": "3.0",
        "traceparent": "00-daad2fc56c1354c3781aa95996f5ccf2-1f22bf102f45c393-00",
        "User-Agent": "azsdk-net-Data.Tables/12.9.1-alpha.20240912.1 (.NET 8.0.8; Microsoft Windows 10.0.22631)",
        "x-ms-client-request-id": "Sanitized",
        "x-ms-date": "Thu, 12 Sep 2024 19:14:01 GMT",
        "x-ms-return-client-request-id": "true",
        "x-ms-version": "2020-12-06"
      },
      "RequestBody": {
        "TableName": "testtablegmf3j4mxA"
      },
      "StatusCode": 201,
      "ResponseHeaders": {
        "Content-Type": "application/json; odata=minimalmetadata",
        "Date": "Thu, 12 Sep 2024 19:14:00 GMT",
        "ETag": "W/\"datetime'2024-09-12T19%3A14%3A01.4971921Z'\"",
        "Location": "https://san-cdb-uksouth-test.table.cosmos.azure.com/Tables('testtablegmf3j4mxA')",
        "Transfer-Encoding": "chunked"
      },
      "ResponseBody": {
        "TableName": "testtablegmf3j4mxA",
        "odata.metadata": "https://san-cdb-uksouth-test.table.cosmos.azure.com/$metadata#Tables/@Element"
      }
    },
    {
      "RequestUri": "https://san-cdb-uksouth-test.table.cosmos.azure.com/testtablegmf3j4mxA()?tn=testtablegmf3j4mxA&sv=Sanitized&se=2040-01-01T01%3A01%3A00Z&sp=r&sig=Sanitized&$format=application%2Fjson%3Bodata%3Dminimalmetadata",
      "RequestMethod": "GET",
      "RequestHeaders": {
        "Accept": "application/json;odata=minimalmetadata",
        "DataServiceVersion": "3.0",
        "traceparent": "00-b35761c79bde1ea81a92028ff9c1b500-9f44704aa5c5086b-00",
        "User-Agent": "azsdk-net-Data.Tables/12.9.1-alpha.20240912.1 (.NET 8.0.8; Microsoft Windows 10.0.22631)",
        "x-ms-client-request-id": "Sanitized",
        "x-ms-return-client-request-id": "true",
        "x-ms-version": "2020-12-06"
      },
      "RequestBody": null,
      "StatusCode": 200,
      "ResponseHeaders": {
        "Content-Type": "application/json; odata=minimalmetadata",
        "Date": "Thu, 12 Sep 2024 19:14:01 GMT",
        "Transfer-Encoding": "chunked"
      },
      "ResponseBody": {
        "value": [],
        "odata.metadata": "https://san-cdb-uksouth-test.table.cosmos.azure.com/$metadata#testtablegmf3j4mxA"
      }
    },
    {
      "RequestUri": "https://san-cdb-uksouth-test.table.cosmos.azure.com/Tables('testtablegmf3j4mxA')",
      "RequestMethod": "DELETE",
      "RequestHeaders": {
        "Accept": "application/json",
        "Authorization": "Sanitized",
        "traceparent": "00-fc0567bd9d13b10de349f10c8b4ac96f-94c3f5629a1369a8-00",
        "User-Agent": "azsdk-net-Data.Tables/12.9.1-alpha.20240912.1 (.NET 8.0.8; Microsoft Windows 10.0.22631)",
        "x-ms-client-request-id": "Sanitized",
        "x-ms-date": "Thu, 12 Sep 2024 19:14:01 GMT",
        "x-ms-return-client-request-id": "true",
        "x-ms-version": "2020-12-06"
      },
      "RequestBody": null,
      "StatusCode": 204,
      "ResponseHeaders": {
        "Content-Type": "application/json",
        "Date": "Thu, 12 Sep 2024 19:14:01 GMT"
      },
      "ResponseBody": null
    },
    {
      "RequestUri": "https://san-cdb-uksouth-test.table.cosmos.azure.com/Tables('testtablegmf3j4mx')",
      "RequestMethod": "DELETE",
      "RequestHeaders": {
        "Accept": "application/json",
        "Authorization": "Sanitized",
        "traceparent": "00-33d581baec968b10da6d5b0984231170-2d1a4bdb04c0e3fe-00",
        "User-Agent": "azsdk-net-Data.Tables/12.9.1-alpha.20240912.1 (.NET 8.0.8; Microsoft Windows 10.0.22631)",
        "x-ms-client-request-id": "Sanitized",
        "x-ms-date": "Thu, 12 Sep 2024 19:14:02 GMT",
        "x-ms-return-client-request-id": "true",
        "x-ms-version": "2020-12-06"
      },
      "RequestBody": null,
      "StatusCode": 204,
      "ResponseHeaders": {
        "Content-Type": "application/json",
        "Date": "Thu, 12 Sep 2024 19:14:01 GMT"
      },
      "ResponseBody": null
    }
  ],
  "Variables": {
    "COSMOS_TABLES_ENDPOINT_SUFFIX": "cosmos.azure.com",
    "RandomSeed": "606279397",
    "TABLES_COSMOS_ACCOUNT_NAME": "san-cdb-uksouth-test",
    "TABLES_PRIMARY_COSMOS_ACCOUNT_KEY": "Kg=="
  }
}
