{
  "Entries": [
    {
      "RequestUri": "https://REDACTED/digitaltwins/roomWithWifiTwin073691?api-version=2022-05-31",
      "RequestMethod": "GET",
      "RequestHeaders": {
        "Accept": "*/*",
        "Authorization": "Sanitized",
        "Content-Length": "0",
        "Date": "Thu, 20 Jul 2023 06:37:32 GMT",
        "User-Agent": "azsdk-java-azure-digitaltwins-core/1.4.0-beta.1 (17.0.2; Windows 11; 10.0)",
        "x-ms-client-request-id": "dbb5d136-7723-45b0-8445-4ed75b8ea611"
      },
      "RequestBody": null,
      "StatusCode": 404,
      "ResponseHeaders": {
        "Content-Length": "276",
        "Content-Type": "application/json; charset=utf-8",
        "Date": "Thu, 20 Jul 2023 06:37:31 GMT",
        "mise-correlation-id": "4827b9b7-fbfe-44b1-adba-c2832a77af4f",
        "Strict-Transport-Security": "max-age=2592000",
        "traceresponse": "00-fc5719b7bbb1378db1314f09dbe95f35-c1029544896d9361-01",
        "x-ms-error-code": "DigitalTwinNotFound"
      },
      "ResponseBody": {
        "error": {
          "code": "DigitalTwinNotFound",
          "message": "There is no digital twin instance that exists with the ID roomWithWifiTwin073691. Please verify that the twin id is valid and ensure that the twin is not deleted. See section on querying the twins https://aka.ms/adtv2query."
        }
      }
    },
    {
      "RequestUri": "https://REDACTED/models/dtmi:example:wifiroom;1536142?includeModelDefinition=true\u0026api-version=2022-05-31",
      "RequestMethod": "GET",
      "RequestHeaders": {
        "Accept": "*/*",
        "Authorization": "Sanitized",
        "Content-Length": "0",
        "Date": "Thu, 20 Jul 2023 06:37:33 GMT",
        "User-Agent": "azsdk-java-azure-digitaltwins-core/1.4.0-beta.1 (17.0.2; Windows 11; 10.0)",
        "x-ms-client-request-id": "d09b2049-c48c-4ffc-9231-3bdabea2deb2"
      },
      "RequestBody": null,
      "StatusCode": 404,
      "ResponseHeaders": {
        "Content-Length": "214",
        "Content-Type": "application/json; charset=utf-8",
        "Date": "Thu, 20 Jul 2023 06:37:32 GMT",
        "mise-correlation-id": "b143f787-106f-4308-bf19-70731bc1f3af",
        "Strict-Transport-Security": "max-age=2592000",
        "traceresponse": "00-82f2622a3d85c3c3d701c952a60404cf-222c77e23c45e61d-01",
        "x-ms-error-code": "ModelNotFound"
      },
      "ResponseBody": {
        "error": {
          "code": "ModelNotFound",
          "message": "There is no Model(s) available that matches the provided id(s) dtmi:example:wifiroom;1536142. Check that the Model ID provided is valid by doing a Model_List API call."
        }
      }
    },
    {
      "RequestUri": "https://REDACTED/models/dtmi:example:wifi;1696346?includeModelDefinition=true\u0026api-version=2022-05-31",
      "RequestMethod": "GET",
      "RequestHeaders": {
        "Accept": "*/*",
        "Authorization": "Sanitized",
        "Content-Length": "0",
        "Date": "Thu, 20 Jul 2023 06:37:33 GMT",
        "User-Agent": "azsdk-java-azure-digitaltwins-core/1.4.0-beta.1 (17.0.2; Windows 11; 10.0)",
        "x-ms-client-request-id": "c273b92b-29a0-4978-a3fd-82be6d355b6b"
      },
      "RequestBody": null,
      "StatusCode": 404,
      "ResponseHeaders": {
        "Content-Length": "210",
        "Content-Type": "application/json; charset=utf-8",
        "Date": "Thu, 20 Jul 2023 06:37:32 GMT",
        "mise-correlation-id": "3361d9e5-f0dd-4dee-943d-81463efda5f5",
        "Strict-Transport-Security": "max-age=2592000",
        "traceresponse": "00-0ca223754b609f4564fd050291c09417-2c549f8ab1880835-01",
        "x-ms-error-code": "ModelNotFound"
      },
      "ResponseBody": {
        "error": {
          "code": "ModelNotFound",
          "message": "There is no Model(s) available that matches the provided id(s) dtmi:example:wifi;1696346. Check that the Model ID provided is valid by doing a Model_List API call."
        }
      }
    },
    {
      "RequestUri": "https://REDACTED/models?api-version=2022-05-31",
      "RequestMethod": "POST",
      "RequestHeaders": {
        "Accept": "*/*",
        "Authorization": "Sanitized",
        "Content-Length": "696",
        "Content-Type": "application/json",
        "Date": "Thu, 20 Jul 2023 06:37:33 GMT",
        "User-Agent": "azsdk-java-azure-digitaltwins-core/1.4.0-beta.1 (17.0.2; Windows 11; 10.0)",
        "x-ms-client-request-id": "5fd2634d-4673-4721-92cd-eb8eac705f05"
      },
      "RequestBody": "[{\u0022@id\u0022:\u0022dtmi:example:wifi;1696346\u0022,\u0022@type\u0022:\u0022Interface\u0022,\u0022@context\u0022:\u0022dtmi:dtdl:context;2\u0022,\u0022displayName\u0022:\u0022Wifi\u0022,\u0022contents\u0022:[{\u0022@type\u0022:\u0022Property\u0022,\u0022name\u0022:\u0022RouterName\u0022,\u0022schema\u0022:\u0022string\u0022},{\u0022@type\u0022:\u0022Property\u0022,\u0022name\u0022:\u0022Network\u0022,\u0022schema\u0022:\u0022string\u0022}]},{\u0022@id\u0022:\u0022dtmi:example:wifiroom;1536142\u0022,\u0022@type\u0022:\u0022Interface\u0022,\u0022displayName\u0022:\u0022RoomWithWifi\u0022,\u0022contents\u0022:[{\u0022@type\u0022:\u0022Property\u0022,\u0022name\u0022:\u0022Temperature\u0022,\u0022schema\u0022:\u0022double\u0022},{\u0022@type\u0022:\u0022Property\u0022,\u0022name\u0022:\u0022Humidity\u0022,\u0022schema\u0022:\u0022double\u0022},{\u0022@type\u0022:\u0022Property\u0022,\u0022name\u0022:\u0022IsOccupied\u0022,\u0022schema\u0022:\u0022boolean\u0022},{\u0022@type\u0022:\u0022Property\u0022,\u0022name\u0022:\u0022EmployeeId\u0022,\u0022schema\u0022:\u0022string\u0022},{\u0022@type\u0022:\u0022Component\u0022,\u0022name\u0022:\u0022wifiAccessPoint\u0022,\u0022schema\u0022:\u0022dtmi:example:wifi;1696346\u0022}],\u0022@context\u0022:[\u0022dtmi:dtdl:context;2\u0022]}]",
      "StatusCode": 201,
      "ResponseHeaders": {
        "Content-Length": "317",
        "Content-Type": "application/json; charset=utf-8",
        "Date": "Thu, 20 Jul 2023 06:37:32 GMT",
        "mise-correlation-id": "d9408b67-5314-4e83-ac55-855a8f799bdd",
        "Strict-Transport-Security": "max-age=2592000",
        "traceresponse": "00-5962cfe4b06fffdd3f2fd06099fd0e99-64670c600146c729-01"
      },
      "ResponseBody": "[{\u0022id\u0022:\u0022dtmi:example:wifi;1696346\u0022,\u0022description\u0022:{},\u0022displayName\u0022:{\u0022en\u0022:\u0022Wifi\u0022},\u0022decommissioned\u0022:false,\u0022uploadTime\u0022:\u00222023-07-20T06:37:32.4623114\u002B00:00\u0022},{\u0022id\u0022:\u0022dtmi:example:wifiroom;1536142\u0022,\u0022description\u0022:{},\u0022displayName\u0022:{\u0022en\u0022:\u0022RoomWithWifi\u0022},\u0022decommissioned\u0022:false,\u0022uploadTime\u0022:\u00222023-07-20T06:37:32.4623439\u002B00:00\u0022}]"
    },
    {
      "RequestUri": "https://REDACTED/digitaltwins/roomWithWifiTwin073691?api-version=2022-05-31",
      "RequestMethod": "PUT",
      "RequestHeaders": {
        "Accept": "*/*",
        "Authorization": "Sanitized",
        "Content-Length": "205",
        "Content-Type": "application/json",
        "Date": "Thu, 20 Jul 2023 06:37:33 GMT",
        "User-Agent": "azsdk-java-azure-digitaltwins-core/1.4.0-beta.1 (17.0.2; Windows 11; 10.0)",
        "x-ms-client-request-id": "386f185c-b74c-4a68-8757-aaa9ccccb639"
      },
      "RequestBody": {
        "$metadata": {
          "$model": "dtmi:example:wifiroom;1536142"
        },
        "IsOccupied": true,
        "Temperature": 80,
        "wifiAccessPoint": {
          "$metadata": {},
          "RouterName": "Cisco1",
          "Network": "Room1"
        },
        "Humidity": 25,
        "EmployeeId": "Employee1"
      },
      "StatusCode": 200,
      "ResponseHeaders": {
        "Content-Length": "762",
        "Content-Type": "application/json; charset=utf-8",
        "Date": "Thu, 20 Jul 2023 06:37:32 GMT",
        "ETag": "W/\u00224885cfc7-bc7f-4e14-94a1-2c83bbc5ba9b\u0022",
        "mise-correlation-id": "156e4d6b-f41d-4378-b93e-78f159749de0",
        "Strict-Transport-Security": "max-age=2592000",
        "traceresponse": "00-00d0d411f5843128af137b7774876bf1-e0c5ab4850965c05-01"
      },
      "ResponseBody": {
        "$dtId": "roomWithWifiTwin073691",
        "$etag": "W/\u00224885cfc7-bc7f-4e14-94a1-2c83bbc5ba9b\u0022",
        "IsOccupied": true,
        "Temperature": 80,
        "Humidity": 25,
        "EmployeeId": "Employee1",
        "wifiAccessPoint": {
          "RouterName": "Cisco1",
          "Network": "Room1",
          "$metadata": {
            "$lastUpdateTime": "2023-07-20T06:37:32.5665233Z",
            "RouterName": {
              "lastUpdateTime": "2023-07-20T06:37:32.5665233Z"
            },
            "Network": {
              "lastUpdateTime": "2023-07-20T06:37:32.5665233Z"
            }
          }
        },
        "$metadata": {
          "$model": "dtmi:example:wifiroom;1536142",
          "$lastUpdateTime": "2023-07-20T06:37:32.5665233Z",
          "IsOccupied": {
            "lastUpdateTime": "2023-07-20T06:37:32.5665233Z"
          },
          "Temperature": {
            "lastUpdateTime": "2023-07-20T06:37:32.5665233Z"
          },
          "Humidity": {
            "lastUpdateTime": "2023-07-20T06:37:32.5665233Z"
          },
          "EmployeeId": {
            "lastUpdateTime": "2023-07-20T06:37:32.5665233Z"
          }
        }
      }
    },
    {
      "RequestUri": "https://REDACTED/digitaltwins/roomWithWifiTwin073691/components/wifiAccessPoint?api-version=2022-05-31",
      "RequestMethod": "PATCH",
      "RequestHeaders": {
        "Accept": "*/*",
        "Authorization": "Sanitized",
        "Content-Length": "58",
        "Content-Type": "application/json-patch\u002Bjson",
        "Date": "Thu, 20 Jul 2023 06:37:33 GMT",
        "User-Agent": "azsdk-java-azure-digitaltwins-core/1.4.0-beta.1 (17.0.2; Windows 11; 10.0)",
        "x-ms-client-request-id": "142cefd1-4231-43d0-9332-eaad01149563"
      },
      "RequestBody": "[{\u0022op\u0022:\u0022replace\u0022,\u0022path\u0022:\u0022/Network\u0022,\u0022value\u0022:\u0022New Network\u0022}]",
      "StatusCode": 204,
      "ResponseHeaders": {
        "Content-Length": "0",
        "Date": "Thu, 20 Jul 2023 06:37:32 GMT",
        "ETag": "W/\u0022d2920982-8297-4385-9fe6-78de71c2238f\u0022",
        "mise-correlation-id": "fdce9d42-12f2-407f-8441-54651945d8ed",
        "Strict-Transport-Security": "max-age=2592000",
        "traceresponse": "00-e981c27a9dd1828c9a60d2d3e194361d-01dd5e35bcc8e7ed-01"
      },
      "ResponseBody": null
    },
    {
      "RequestUri": "https://REDACTED/digitaltwins/roomWithWifiTwin073691/components/wifiAccessPoint?api-version=2022-05-31",
      "RequestMethod": "PATCH",
      "RequestHeaders": {
        "Accept": "*/*",
        "Authorization": "Sanitized",
        "Content-Length": "65",
        "Content-Type": "application/json-patch\u002Bjson",
        "Date": "Thu, 20 Jul 2023 06:37:33 GMT",
        "If-Match": "W/\u00224885cfc7-bc7f-4e14-94a1-2c83bbc5ba9b\u0022",
        "User-Agent": "azsdk-java-azure-digitaltwins-core/1.4.0-beta.1 (17.0.2; Windows 11; 10.0)",
        "x-ms-client-request-id": "aa9d442c-d7a4-445e-a87a-21a6324e499e"
      },
      "RequestBody": "[{\u0022op\u0022:\u0022replace\u0022,\u0022path\u0022:\u0022/Network\u0022,\u0022value\u0022:\u0022Even newer Network\u0022}]",
      "StatusCode": 412,
      "ResponseHeaders": {
        "Content-Length": "300",
        "Content-Type": "application/json; charset=utf-8",
        "Date": "Thu, 20 Jul 2023 06:37:32 GMT",
        "mise-correlation-id": "1cc3345f-a1e3-48ee-91a0-be7bc0dec08f",
        "Strict-Transport-Security": "max-age=2592000",
        "traceresponse": "00-f10ae230242864793a05246b67009909-750b3e76152674e5-01",
        "x-ms-error-code": "PreconditionFailed"
      },
      "ResponseBody": {
        "error": {
          "code": "PreconditionFailed",
          "message": "The provided etag W/\u00224885cfc7-bc7f-4e14-94a1-2c83bbc5ba9b\u0022 doesn\u0027t match the current etag for the resource. Please obtain and provide the latest etag by getting the resource. See section on get apis in the documentation https://aka.ms/adtv2twins."
        }
      }
    },
    {
      "RequestUri": "https://REDACTED/digitaltwins/roomWithWifiTwin073691?api-version=2022-05-31",
      "RequestMethod": "DELETE",
      "RequestHeaders": {
        "Accept": "*/*",
        "Authorization": "Sanitized",
        "Content-Length": "0",
        "Date": "Thu, 20 Jul 2023 06:37:33 GMT",
        "User-Agent": "azsdk-java-azure-digitaltwins-core/1.4.0-beta.1 (17.0.2; Windows 11; 10.0)",
        "x-ms-client-request-id": "1ccd3024-a207-4908-98f4-ee30df070095"
      },
      "RequestBody": null,
      "StatusCode": 204,
      "ResponseHeaders": {
        "Content-Length": "0",
        "Date": "Thu, 20 Jul 2023 06:37:32 GMT",
        "mise-correlation-id": "baf83128-a062-4202-a737-8285fae2c1de",
        "Strict-Transport-Security": "max-age=2592000",
        "traceresponse": "00-12a1a7a2765a4555da9e3b5eed03c8de-704b3f138a646250-01"
      },
      "ResponseBody": null
    },
    {
      "RequestUri": "https://REDACTED/models/dtmi:example:wifiroom;1536142?api-version=2022-05-31",
      "RequestMethod": "DELETE",
      "RequestHeaders": {
        "Accept": "*/*",
        "Authorization": "Sanitized",
        "Content-Length": "0",
        "Date": "Thu, 20 Jul 2023 06:37:33 GMT",
        "User-Agent": "azsdk-java-azure-digitaltwins-core/1.4.0-beta.1 (17.0.2; Windows 11; 10.0)",
        "x-ms-client-request-id": "78bc537c-f466-4ab5-af26-3fe6adecf2b8"
      },
      "RequestBody": null,
      "StatusCode": 204,
      "ResponseHeaders": {
        "Content-Length": "0",
        "Date": "Thu, 20 Jul 2023 06:37:32 GMT",
        "mise-correlation-id": "df200db8-f32c-453f-8ee2-5ed3906c1656",
        "Strict-Transport-Security": "max-age=2592000",
        "traceresponse": "00-30023dea7239c041beb1ef97bc6ebfc4-8f37aad31a562cc9-01"
      },
      "ResponseBody": null
    },
    {
      "RequestUri": "https://REDACTED/models/dtmi:example:wifi;1696346?api-version=2022-05-31",
      "RequestMethod": "DELETE",
      "RequestHeaders": {
        "Accept": "*/*",
        "Authorization": "Sanitized",
        "Content-Length": "0",
        "Date": "Thu, 20 Jul 2023 06:37:33 GMT",
        "User-Agent": "azsdk-java-azure-digitaltwins-core/1.4.0-beta.1 (17.0.2; Windows 11; 10.0)",
        "x-ms-client-request-id": "5c72a335-5729-487c-9b6a-d194ab1e80c2"
      },
      "RequestBody": null,
      "StatusCode": 204,
      "ResponseHeaders": {
        "Content-Length": "0",
        "Date": "Thu, 20 Jul 2023 06:37:32 GMT",
        "mise-correlation-id": "7d05581d-1a51-4a84-a818-15cf5758ffbc",
        "Strict-Transport-Security": "max-age=2592000",
        "traceresponse": "00-485093dd0f9e8270dbf5c98cb31ce3ba-c55aef488f212c4d-01"
      },
      "ResponseBody": null
    }
  ],
  "Variables": {
    "0": "29581e",
    "1": "758364",
    "2": "818568"
  }
}
