{
  "Entries": [
    {
      "RequestUri": "https://REDACTED/digitaltwins/roomWithWifiTwin667875?api-version=2023-10-31",
      "RequestMethod": "GET",
      "RequestHeaders": {
        "Accept": "application/json",
        "Authorization": "Sanitized",
        "Content-Length": "0",
        "Date": "Wed, 14 May 2025 23:28:41 GMT",
        "User-Agent": "azsdk-java-azure-digitaltwins-core/1.6.0 (11.0.22; Windows 11; 10.0)",
        "x-ms-client-request-id": "Sanitized"
      },
      "RequestBody": null,
      "StatusCode": 404,
      "ResponseHeaders": {
        "Content-Length": "276",
        "Content-Type": "application/json; charset=utf-8",
        "Date": "Wed, 14 May 2025 23:28:46 GMT",
        "mise-correlation-id": "60cb85c9-607d-4ada-b6a2-a773ce4ad96b",
        "Strict-Transport-Security": "max-age=2592000",
        "traceresponse": "00-2877f3f4c6d13a3cbb2af69f6ef8d331-fee4c308c5901a4e-01",
        "x-ms-error-code": "DigitalTwinNotFound"
      },
      "ResponseBody": {
        "error": {
          "code": "DigitalTwinNotFound",
          "message": "There is no digital twin instance that exists with the ID roomWithWifiTwin667875. Please verify that the twin id is valid and ensure that the twin is not deleted. See section on querying the twins https://aka.ms/adtv2query."
        }
      }
    },
    {
      "RequestUri": "https://REDACTED/models/dtmi:example:wifiroom;1002161?includeModelDefinition=true&api-version=2023-10-31",
      "RequestMethod": "GET",
      "RequestHeaders": {
        "Accept": "application/json",
        "Authorization": "Sanitized",
        "Content-Length": "0",
        "Date": "Wed, 14 May 2025 23:28:43 GMT",
        "User-Agent": "azsdk-java-azure-digitaltwins-core/1.6.0 (11.0.22; Windows 11; 10.0)",
        "x-ms-client-request-id": "Sanitized"
      },
      "RequestBody": null,
      "StatusCode": 404,
      "ResponseHeaders": {
        "Content-Length": "214",
        "Content-Type": "application/json; charset=utf-8",
        "Date": "Wed, 14 May 2025 23:28:46 GMT",
        "mise-correlation-id": "00358e06-c040-4983-b954-ffb43c1d9248",
        "Strict-Transport-Security": "max-age=2592000",
        "traceresponse": "00-31eba4aa0d8c051e44d10240746f8beb-ca645fbcf7857070-01",
        "x-ms-error-code": "ModelNotFound"
      },
      "ResponseBody": {
        "error": {
          "code": "ModelNotFound",
          "message": "There is no Model(s) available that matches the provided id(s) dtmi:example:wifiroom;1002161. Check that the Model ID provided is valid by doing a Model_List API call."
        }
      }
    },
    {
      "RequestUri": "https://REDACTED/models/dtmi:example:wifi;1724661?includeModelDefinition=true&api-version=2023-10-31",
      "RequestMethod": "GET",
      "RequestHeaders": {
        "Accept": "application/json",
        "Authorization": "Sanitized",
        "Content-Length": "0",
        "Date": "Wed, 14 May 2025 23:28:43 GMT",
        "User-Agent": "azsdk-java-azure-digitaltwins-core/1.6.0 (11.0.22; Windows 11; 10.0)",
        "x-ms-client-request-id": "Sanitized"
      },
      "RequestBody": null,
      "StatusCode": 404,
      "ResponseHeaders": {
        "Content-Length": "210",
        "Content-Type": "application/json; charset=utf-8",
        "Date": "Wed, 14 May 2025 23:28:46 GMT",
        "mise-correlation-id": "1173b767-162c-4e9b-b04c-7e556c403bc6",
        "Strict-Transport-Security": "max-age=2592000",
        "traceresponse": "00-4e26fd4d7d778a555f882a62589b6ff4-9c8711ec5a80e2ea-01",
        "x-ms-error-code": "ModelNotFound"
      },
      "ResponseBody": {
        "error": {
          "code": "ModelNotFound",
          "message": "There is no Model(s) available that matches the provided id(s) dtmi:example:wifi;1724661. Check that the Model ID provided is valid by doing a Model_List API call."
        }
      }
    },
    {
      "RequestUri": "https://REDACTED/models?api-version=2023-10-31",
      "RequestMethod": "POST",
      "RequestHeaders": {
        "Accept": "application/json",
        "Authorization": "Sanitized",
        "Content-Length": "696",
        "Content-Type": "application/json",
        "Date": "Wed, 14 May 2025 23:28:43 GMT",
        "User-Agent": "azsdk-java-azure-digitaltwins-core/1.6.0 (11.0.22; Windows 11; 10.0)",
        "x-ms-client-request-id": "Sanitized"
      },
      "RequestBody": "[{\"@id\":\"dtmi:example:wifi;1724661\",\"@type\":\"Interface\",\"@context\":\"dtmi:dtdl:context;2\",\"displayName\":\"Wifi\",\"contents\":[{\"@type\":\"Property\",\"name\":\"RouterName\",\"schema\":\"string\"},{\"@type\":\"Property\",\"name\":\"Network\",\"schema\":\"string\"}]},{\"@id\":\"dtmi:example:wifiroom;1002161\",\"@type\":\"Interface\",\"displayName\":\"RoomWithWifi\",\"contents\":[{\"@type\":\"Property\",\"name\":\"Temperature\",\"schema\":\"double\"},{\"@type\":\"Property\",\"name\":\"Humidity\",\"schema\":\"double\"},{\"@type\":\"Property\",\"name\":\"IsOccupied\",\"schema\":\"boolean\"},{\"@type\":\"Property\",\"name\":\"EmployeeId\",\"schema\":\"string\"},{\"@type\":\"Component\",\"name\":\"wifiAccessPoint\",\"schema\":\"dtmi:example:wifi;1724661\"}],\"@context\":[\"dtmi:dtdl:context;2\"]}]",
      "StatusCode": 201,
      "ResponseHeaders": {
        "Content-Length": "317",
        "Content-Type": "application/json; charset=utf-8",
        "Date": "Wed, 14 May 2025 23:28:46 GMT",
        "mise-correlation-id": "8657e391-b0c2-4d66-91c8-dfacf1926809",
        "Strict-Transport-Security": "max-age=2592000",
        "traceresponse": "00-9028f2863a5341127d1c2926e681e2ec-309ed79a8bcc395c-01"
      },
      "ResponseBody": "[{\"id\":\"dtmi:example:wifi;1724661\",\"description\":{},\"displayName\":{\"en\":\"Wifi\"},\"decommissioned\":false,\"uploadTime\":\"2025-05-14T23:28:46.9303943+00:00\"},{\"id\":\"dtmi:example:wifiroom;1002161\",\"description\":{},\"displayName\":{\"en\":\"RoomWithWifi\"},\"decommissioned\":false,\"uploadTime\":\"2025-05-14T23:28:46.9304222+00:00\"}]"
    },
    {
      "RequestUri": "https://REDACTED/digitaltwins/roomWithWifiTwin667875?api-version=2023-10-31",
      "RequestMethod": "PUT",
      "RequestHeaders": {
        "Accept": "application/json",
        "Authorization": "Sanitized",
        "Content-Length": "205",
        "Content-Type": "application/json",
        "Date": "Wed, 14 May 2025 23:28:43 GMT",
        "User-Agent": "azsdk-java-azure-digitaltwins-core/1.6.0 (11.0.22; Windows 11; 10.0)",
        "x-ms-client-request-id": "Sanitized"
      },
      "RequestBody": {
        "$metadata": {
          "$model": "dtmi:example:wifiroom;1002161"
        },
        "IsOccupied": true,
        "Temperature": 80,
        "wifiAccessPoint": {
          "$metadata": {},
          "RouterName": "Cisco1",
          "Network": "Room1"
        },
        "Humidity": 25,
        "EmployeeId": "Employee1"
      },
      "StatusCode": 200,
      "ResponseHeaders": {
        "Content-Length": "762",
        "Content-Type": "application/json; charset=utf-8",
        "Date": "Wed, 14 May 2025 23:28:46 GMT",
        "ETag": "W/\"f3b7ea38-0485-4c5c-adba-1393c55b444c\"",
        "mise-correlation-id": "1b72ffba-6d60-4d3b-b595-ba472899c88f",
        "Strict-Transport-Security": "max-age=2592000",
        "traceresponse": "00-3a7c90725c60c16be963024a32367c91-97c8fa304c3e2acc-01"
      },
      "ResponseBody": {
        "$dtId": "roomWithWifiTwin667875",
        "$etag": "W/\"f3b7ea38-0485-4c5c-adba-1393c55b444c\"",
        "IsOccupied": true,
        "Temperature": 80,
        "Humidity": 25,
        "EmployeeId": "Employee1",
        "wifiAccessPoint": {
          "RouterName": "Cisco1",
          "Network": "Room1",
          "$metadata": {
            "$lastUpdateTime": "2025-05-14T23:28:47.1037739Z",
            "RouterName": {
              "lastUpdateTime": "2025-05-14T23:28:47.1037739Z"
            },
            "Network": {
              "lastUpdateTime": "2025-05-14T23:28:47.1037739Z"
            }
          }
        },
        "$metadata": {
          "$model": "dtmi:example:wifiroom;1002161",
          "$lastUpdateTime": "2025-05-14T23:28:47.1037739Z",
          "IsOccupied": {
            "lastUpdateTime": "2025-05-14T23:28:47.1037739Z"
          },
          "Temperature": {
            "lastUpdateTime": "2025-05-14T23:28:47.1037739Z"
          },
          "Humidity": {
            "lastUpdateTime": "2025-05-14T23:28:47.1037739Z"
          },
          "EmployeeId": {
            "lastUpdateTime": "2025-05-14T23:28:47.1037739Z"
          }
        }
      }
    },
    {
      "RequestUri": "https://REDACTED/digitaltwins/roomWithWifiTwin667875/components/wifiAccessPoint?api-version=2023-10-31",
      "RequestMethod": "GET",
      "RequestHeaders": {
        "Accept": "application/json",
        "Authorization": "Sanitized",
        "Content-Length": "0",
        "Date": "Wed, 14 May 2025 23:28:44 GMT",
        "User-Agent": "azsdk-java-azure-digitaltwins-core/1.6.0 (11.0.22; Windows 11; 10.0)",
        "x-ms-client-request-id": "Sanitized"
      },
      "RequestBody": null,
      "StatusCode": 200,
      "ResponseHeaders": {
        "Content-Length": "227",
        "Content-Type": "application/json; charset=utf-8",
        "Date": "Wed, 14 May 2025 23:28:47 GMT",
        "ETag": "W/\"f3b7ea38-0485-4c5c-adba-1393c55b444c\"",
        "mise-correlation-id": "3445ccc0-913c-43c9-bc35-472e9ab8ea91",
        "Strict-Transport-Security": "max-age=2592000",
        "traceresponse": "00-c691900b3174b153f1392eaf32dc4d25-f70150fa01cde767-01"
      },
      "ResponseBody": {
        "RouterName": "Cisco1",
        "Network": "Room1",
        "$metadata": {
          "$lastUpdateTime": "2025-05-14T23:28:47.1037739Z",
          "RouterName": {
            "lastUpdateTime": "2025-05-14T23:28:47.1037739Z"
          },
          "Network": {
            "lastUpdateTime": "2025-05-14T23:28:47.1037739Z"
          }
        }
      }
    },
    {
      "RequestUri": "https://REDACTED/digitaltwins/roomWithWifiTwin667875/components/wifiAccessPoint?api-version=2023-10-31",
      "RequestMethod": "PATCH",
      "RequestHeaders": {
        "Accept": "application/json",
        "Authorization": "Sanitized",
        "Content-Length": "58",
        "Content-Type": "application/json-patch+json",
        "Date": "Wed, 14 May 2025 23:28:44 GMT",
        "User-Agent": "azsdk-java-azure-digitaltwins-core/1.6.0 (11.0.22; Windows 11; 10.0)",
        "x-ms-client-request-id": "Sanitized"
      },
      "RequestBody": "[{\"op\":\"replace\",\"path\":\"/Network\",\"value\":\"New Network\"}]",
      "StatusCode": 204,
      "ResponseHeaders": {
        "Content-Length": "0",
        "Date": "Wed, 14 May 2025 23:28:47 GMT",
        "ETag": "W/\"61dadf4f-27b5-44ff-b0c6-1a75ac400878\"",
        "mise-correlation-id": "2738ca5e-2c53-43b1-b9ce-ab69265e3358",
        "Strict-Transport-Security": "max-age=2592000",
        "traceresponse": "00-4caa4803c78f0ca2025639d581708bf2-7abd91fce980a7c1-01"
      },
      "ResponseBody": null
    },
    {
      "RequestUri": "https://REDACTED/digitaltwins/roomWithWifiTwin667875?api-version=2023-10-31",
      "RequestMethod": "DELETE",
      "RequestHeaders": {
        "Accept": "application/json",
        "Authorization": "Sanitized",
        "Content-Length": "0",
        "Date": "Wed, 14 May 2025 23:28:44 GMT",
        "User-Agent": "azsdk-java-azure-digitaltwins-core/1.6.0 (11.0.22; Windows 11; 10.0)",
        "x-ms-client-request-id": "Sanitized"
      },
      "RequestBody": null,
      "StatusCode": 204,
      "ResponseHeaders": {
        "Content-Length": "0",
        "Date": "Wed, 14 May 2025 23:28:47 GMT",
        "mise-correlation-id": "c1d70f33-3d1b-4a9b-a409-b975555b6f0a",
        "Strict-Transport-Security": "max-age=2592000",
        "traceresponse": "00-c19170f85c534b6bd87a8905befa48cd-9d1bf2af0af1148a-01"
      },
      "ResponseBody": null
    },
    {
      "RequestUri": "https://REDACTED/models/dtmi:example:wifiroom;1002161?api-version=2023-10-31",
      "RequestMethod": "DELETE",
      "RequestHeaders": {
        "Accept": "application/json",
        "Authorization": "Sanitized",
        "Content-Length": "0",
        "Date": "Wed, 14 May 2025 23:28:44 GMT",
        "User-Agent": "azsdk-java-azure-digitaltwins-core/1.6.0 (11.0.22; Windows 11; 10.0)",
        "x-ms-client-request-id": "Sanitized"
      },
      "RequestBody": null,
      "StatusCode": 204,
      "ResponseHeaders": {
        "Content-Length": "0",
        "Date": "Wed, 14 May 2025 23:28:47 GMT",
        "mise-correlation-id": "49483d38-92e6-43cb-9bab-aa8908ce01b0",
        "Strict-Transport-Security": "max-age=2592000",
        "traceresponse": "00-af43d4e59e2b013cd89e905f31dad1d1-6c39e0b614b512a1-01"
      },
      "ResponseBody": null
    },
    {
      "RequestUri": "https://REDACTED/models/dtmi:example:wifi;1724661?api-version=2023-10-31",
      "RequestMethod": "DELETE",
      "RequestHeaders": {
        "Accept": "application/json",
        "Authorization": "Sanitized",
        "Content-Length": "0",
        "Date": "Wed, 14 May 2025 23:28:44 GMT",
        "User-Agent": "azsdk-java-azure-digitaltwins-core/1.6.0 (11.0.22; Windows 11; 10.0)",
        "x-ms-client-request-id": "Sanitized"
      },
      "RequestBody": null,
      "StatusCode": 204,
      "ResponseHeaders": {
        "Content-Length": "0",
        "Date": "Wed, 14 May 2025 23:28:47 GMT",
        "mise-correlation-id": "3e65824f-f2c4-4382-beef-c363c8225e58",
        "Strict-Transport-Security": "max-age=2592000",
        "traceresponse": "00-1836958e60159595ded6b03717d6985e-a3ae4aa708866c5c-01"
      },
      "ResponseBody": null
    }
  ],
  "Variables": {
    "0": "889097",
    "1": "224383",
    "2": "94688e"
  }
}
