{
  "Entries": [
    {
      "RequestUri": "https://REDACTED/models/dtmi:example:floor;1709375?includeModelDefinition=true&api-version=2023-10-31",
      "RequestMethod": "GET",
      "RequestHeaders": {
        "Accept": "application/json",
        "Authorization": "Sanitized",
        "Content-Length": "0",
        "Date": "Fri, 09 May 2025 01:35:37 GMT",
        "User-Agent": "azsdk-java-azure-digitaltwins-core/1.6.0 (11.0.22; Windows 11; 10.0)",
        "x-ms-client-request-id": "Sanitized"
      },
      "RequestBody": null,
      "StatusCode": 404,
      "ResponseHeaders": {
        "Content-Length": "211",
        "Content-Type": "application/json; charset=utf-8",
        "Date": "Fri, 09 May 2025 01:35:38 GMT",
        "mise-correlation-id": "4baac7e5-6de4-452d-b011-33dab8a706cb",
        "Strict-Transport-Security": "max-age=2592000",
        "traceresponse": "00-d780faf8b32119acc33df2e4a255571e-cb6c5c0a860b1fec-01",
        "x-ms-error-code": "ModelNotFound"
      },
      "ResponseBody": {
        "error": {
          "code": "ModelNotFound",
          "message": "There is no Model(s) available that matches the provided id(s) dtmi:example:floor;1709375. Check that the Model ID provided is valid by doing a Model_List API call."
        }
      }
    },
    {
      "RequestUri": "https://REDACTED/models/dtmi:example:room;1602647?includeModelDefinition=true&api-version=2023-10-31",
      "RequestMethod": "GET",
      "RequestHeaders": {
        "Accept": "application/json",
        "Authorization": "Sanitized",
        "Content-Length": "0",
        "Date": "Fri, 09 May 2025 01:35:38 GMT",
        "User-Agent": "azsdk-java-azure-digitaltwins-core/1.6.0 (11.0.22; Windows 11; 10.0)",
        "x-ms-client-request-id": "Sanitized"
      },
      "RequestBody": null,
      "StatusCode": 404,
      "ResponseHeaders": {
        "Content-Length": "210",
        "Content-Type": "application/json; charset=utf-8",
        "Date": "Fri, 09 May 2025 01:35:38 GMT",
        "mise-correlation-id": "b3401c8c-c9bd-42eb-a305-f67d9a45530a",
        "Strict-Transport-Security": "max-age=2592000",
        "traceresponse": "00-7e49ddfc017910235251bbf5d54ac1f4-ed06bbc33436f41c-01",
        "x-ms-error-code": "ModelNotFound"
      },
      "ResponseBody": {
        "error": {
          "code": "ModelNotFound",
          "message": "There is no Model(s) available that matches the provided id(s) dtmi:example:room;1602647. Check that the Model ID provided is valid by doing a Model_List API call."
        }
      }
    },
    {
      "RequestUri": "https://REDACTED/models/dtmi:example:hvac;1611816?includeModelDefinition=true&api-version=2023-10-31",
      "RequestMethod": "GET",
      "RequestHeaders": {
        "Accept": "application/json",
        "Authorization": "Sanitized",
        "Content-Length": "0",
        "Date": "Fri, 09 May 2025 01:35:38 GMT",
        "User-Agent": "azsdk-java-azure-digitaltwins-core/1.6.0 (11.0.22; Windows 11; 10.0)",
        "x-ms-client-request-id": "Sanitized"
      },
      "RequestBody": null,
      "StatusCode": 404,
      "ResponseHeaders": {
        "Content-Length": "210",
        "Content-Type": "application/json; charset=utf-8",
        "Date": "Fri, 09 May 2025 01:35:38 GMT",
        "mise-correlation-id": "78a8690a-2dd7-4870-a134-ae98e8898963",
        "Strict-Transport-Security": "max-age=2592000",
        "traceresponse": "00-83547055c29f3efee0b2374025446ced-8237ece8b3cbc891-01",
        "x-ms-error-code": "ModelNotFound"
      },
      "ResponseBody": {
        "error": {
          "code": "ModelNotFound",
          "message": "There is no Model(s) available that matches the provided id(s) dtmi:example:hvac;1611816. Check that the Model ID provided is valid by doing a Model_List API call."
        }
      }
    },
    {
      "RequestUri": "https://REDACTED/digitaltwins/floorTwin306382?api-version=2023-10-31",
      "RequestMethod": "GET",
      "RequestHeaders": {
        "Accept": "application/json",
        "Authorization": "Sanitized",
        "Content-Length": "0",
        "Date": "Fri, 09 May 2025 01:35:38 GMT",
        "User-Agent": "azsdk-java-azure-digitaltwins-core/1.6.0 (11.0.22; Windows 11; 10.0)",
        "x-ms-client-request-id": "Sanitized"
      },
      "RequestBody": null,
      "StatusCode": 404,
      "ResponseHeaders": {
        "Content-Length": "269",
        "Content-Type": "application/json; charset=utf-8",
        "Date": "Fri, 09 May 2025 01:35:38 GMT",
        "mise-correlation-id": "5d619202-98ab-485f-9dc0-2884b17181e5",
        "Strict-Transport-Security": "max-age=2592000",
        "traceresponse": "00-6cd737a2e409ac0be3b59ded3477e475-b1c81890eb8db918-01",
        "x-ms-error-code": "DigitalTwinNotFound"
      },
      "ResponseBody": {
        "error": {
          "code": "DigitalTwinNotFound",
          "message": "There is no digital twin instance that exists with the ID floorTwin306382. Please verify that the twin id is valid and ensure that the twin is not deleted. See section on querying the twins https://aka.ms/adtv2query."
        }
      }
    },
    {
      "RequestUri": "https://REDACTED/digitaltwins/roomTwin240369?api-version=2023-10-31",
      "RequestMethod": "GET",
      "RequestHeaders": {
        "Accept": "application/json",
        "Authorization": "Sanitized",
        "Content-Length": "0",
        "Date": "Fri, 09 May 2025 01:35:38 GMT",
        "User-Agent": "azsdk-java-azure-digitaltwins-core/1.6.0 (11.0.22; Windows 11; 10.0)",
        "x-ms-client-request-id": "Sanitized"
      },
      "RequestBody": null,
      "StatusCode": 404,
      "ResponseHeaders": {
        "Content-Length": "268",
        "Content-Type": "application/json; charset=utf-8",
        "Date": "Fri, 09 May 2025 01:35:38 GMT",
        "mise-correlation-id": "6bbc732e-b276-41f2-bfeb-da5bc5aeb7cc",
        "Strict-Transport-Security": "max-age=2592000",
        "traceresponse": "00-3a2ee226015ba847b4d86d02d20dcf57-b8a289d0e12849d4-01",
        "x-ms-error-code": "DigitalTwinNotFound"
      },
      "ResponseBody": {
        "error": {
          "code": "DigitalTwinNotFound",
          "message": "There is no digital twin instance that exists with the ID roomTwin240369. Please verify that the twin id is valid and ensure that the twin is not deleted. See section on querying the twins https://aka.ms/adtv2query."
        }
      }
    },
    {
      "RequestUri": "https://REDACTED/digitaltwins/hvacTwin568090?api-version=2023-10-31",
      "RequestMethod": "GET",
      "RequestHeaders": {
        "Accept": "application/json",
        "Authorization": "Sanitized",
        "Content-Length": "0",
        "Date": "Fri, 09 May 2025 01:35:39 GMT",
        "User-Agent": "azsdk-java-azure-digitaltwins-core/1.6.0 (11.0.22; Windows 11; 10.0)",
        "x-ms-client-request-id": "Sanitized"
      },
      "RequestBody": null,
      "StatusCode": 404,
      "ResponseHeaders": {
        "Content-Length": "268",
        "Content-Type": "application/json; charset=utf-8",
        "Date": "Fri, 09 May 2025 01:35:38 GMT",
        "mise-correlation-id": "8e27b1de-e13d-458e-a040-d19dfcafb8ff",
        "Strict-Transport-Security": "max-age=2592000",
        "traceresponse": "00-b00f6f43df4bf82ea1ba4fd8cbc86911-9d67eacd92840a83-01",
        "x-ms-error-code": "DigitalTwinNotFound"
      },
      "ResponseBody": {
        "error": {
          "code": "DigitalTwinNotFound",
          "message": "There is no digital twin instance that exists with the ID hvacTwin568090. Please verify that the twin id is valid and ensure that the twin is not deleted. See section on querying the twins https://aka.ms/adtv2query."
        }
      }
    },
    {
      "RequestUri": "https://REDACTED/models?api-version=2023-10-31",
      "RequestMethod": "POST",
      "RequestHeaders": {
        "Accept": "application/json",
        "Authorization": "Sanitized",
        "Content-Length": "1533",
        "Content-Type": "application/json",
        "Date": "Fri, 09 May 2025 01:35:39 GMT",
        "User-Agent": "azsdk-java-azure-digitaltwins-core/1.6.0 (11.0.22; Windows 11; 10.0)",
        "x-ms-client-request-id": "Sanitized"
      },
      "RequestBody": "[{\"@id\":\"dtmi:example:floor;1709375\",\"@type\":\"Interface\",\"@context\":[\"dtmi:dtdl:context;2\"],\"displayName\":\"Floor\",\"description\":\"A building story.\",\"contents\":[{\"@type\":\"Property\",\"name\":\"name\",\"schema\":\"string\"},{\"@type\":\"Property\",\"name\":\"roomType\",\"schema\":\"string\"},{\"@type\":\"Relationship\",\"name\":\"contains\",\"target\":\"dtmi:example:room;1602647\",\"properties\":[{\"@type\":\"Property\",\"name\":\"isAccessRestricted\",\"schema\":\"boolean\"}]},{\"@type\":\"Relationship\",\"name\":\"cooledBy\",\"target\":\"dtmi:example:hvac;1611816\"},{\"@type\":\"Property\",\"name\":\"AverageTemperature\",\"schema\":\"double\"}]},{\"@id\":\"dtmi:example:room;1602647\",\"@type\":\"Interface\",\"displayName\":\"Room\",\"description\":\"An enclosure inside a building.\",\"contents\":[{\"@type\":\"Relationship\",\"name\":\"containedIn\",\"target\":\"dtmi:example:floor;1709375\"},{\"@type\":\"Property\",\"name\":\"Temperature\",\"schema\":\"double\"},{\"@type\":\"Property\",\"name\":\"Humidity\",\"schema\":\"double\"},{\"@type\":\"Property\",\"name\":\"IsOccupied\",\"schema\":\"boolean\"},{\"@type\":\"Property\",\"name\":\"EmployeeId\",\"schema\":\"string\"}],\"@context\":[\"dtmi:dtdl:context;2\"]},{\"@id\":\"dtmi:example:hvac;1611816\",\"@type\":\"Interface\",\"displayName\":\"HVAC\",\"description\":\"A heating, ventilation, and air conditioning unit.\",\"contents\":[{\"@type\":\"Property\",\"name\":\"Efficiency\",\"schema\":\"double\"},{\"@type\":\"Property\",\"name\":\"TargetTemperature\",\"schema\":\"double\"},{\"@type\":\"Property\",\"name\":\"TargetHumidity\",\"schema\":\"double\"},{\"@type\":\"Relationship\",\"name\":\"cools\",\"target\":\"dtmi:example:floor;1709375\"}],\"@context\":[\"dtmi:dtdl:context;2\"]}]",
      "StatusCode": 201,
      "ResponseHeaders": {
        "Content-Length": "578",
        "Content-Type": "application/json; charset=utf-8",
        "Date": "Fri, 09 May 2025 01:35:38 GMT",
        "mise-correlation-id": "09c3c27e-fefd-452a-b635-41bd109a0c2b",
        "Strict-Transport-Security": "max-age=2592000",
        "traceresponse": "00-2181875d5f372f4fa94876e712603abc-9f3b321753aefb46-01"
      },
      "ResponseBody": "[{\"id\":\"dtmi:example:floor;1709375\",\"description\":{\"en\":\"A building story.\"},\"displayName\":{\"en\":\"Floor\"},\"decommissioned\":false,\"uploadTime\":\"2025-05-09T01:35:39.2518556+00:00\"},{\"id\":\"dtmi:example:room;1602647\",\"description\":{\"en\":\"An enclosure inside a building.\"},\"displayName\":{\"en\":\"Room\"},\"decommissioned\":false,\"uploadTime\":\"2025-05-09T01:35:39.2518876+00:00\"},{\"id\":\"dtmi:example:hvac;1611816\",\"description\":{\"en\":\"A heating, ventilation, and air conditioning unit.\"},\"displayName\":{\"en\":\"HVAC\"},\"decommissioned\":false,\"uploadTime\":\"2025-05-09T01:35:39.2519038+00:00\"}]"
    },
    {
      "RequestUri": "https://REDACTED/digitaltwins/floorTwin306382?api-version=2023-10-31",
      "RequestMethod": "PUT",
      "RequestHeaders": {
        "Accept": "application/json",
        "Authorization": "Sanitized",
        "Content-Length": "77",
        "Content-Type": "application/json",
        "Date": "Fri, 09 May 2025 01:35:39 GMT",
        "User-Agent": "azsdk-java-azure-digitaltwins-core/1.6.0 (11.0.22; Windows 11; 10.0)",
        "x-ms-client-request-id": "Sanitized"
      },
      "RequestBody": {
        "$metadata": {
          "$model": "dtmi:example:floor;1709375"
        },
        "AverageTemperature": 75
      },
      "StatusCode": 200,
      "ResponseHeaders": {
        "Content-Length": "276",
        "Content-Type": "application/json; charset=utf-8",
        "Date": "Fri, 09 May 2025 01:35:38 GMT",
        "ETag": "W/\"e20b5ed5-b6a7-488e-83a8-c8173f17720e\"",
        "mise-correlation-id": "e1a1f932-cad6-4c1a-8bdf-3e4e2cb5d551",
        "Strict-Transport-Security": "max-age=2592000",
        "traceresponse": "00-e68e014eadefc5a378e850dbef525eb2-60d3c977737796d5-01"
      },
      "ResponseBody": {
        "$dtId": "floorTwin306382",
        "$etag": "W/\"e20b5ed5-b6a7-488e-83a8-c8173f17720e\"",
        "AverageTemperature": 75,
        "$metadata": {
          "$model": "dtmi:example:floor;1709375",
          "$lastUpdateTime": "2025-05-09T01:35:39.3482968Z",
          "AverageTemperature": {
            "lastUpdateTime": "2025-05-09T01:35:39.3482968Z"
          }
        }
      }
    },
    {
      "RequestUri": "https://REDACTED/digitaltwins/roomTwin240369?api-version=2023-10-31",
      "RequestMethod": "PUT",
      "RequestHeaders": {
        "Accept": "application/json",
        "Authorization": "Sanitized",
        "Content-Length": "126",
        "Content-Type": "application/json",
        "Date": "Fri, 09 May 2025 01:35:39 GMT",
        "User-Agent": "azsdk-java-azure-digitaltwins-core/1.6.0 (11.0.22; Windows 11; 10.0)",
        "x-ms-client-request-id": "Sanitized"
      },
      "RequestBody": {
        "$metadata": {
          "$model": "dtmi:example:room;1602647"
        },
        "IsOccupied": true,
        "Temperature": 80,
        "Humidity": 25,
        "EmployeeId": "Employee1"
      },
      "StatusCode": 200,
      "ResponseHeaders": {
        "Content-Length": "504",
        "Content-Type": "application/json; charset=utf-8",
        "Date": "Fri, 09 May 2025 01:35:38 GMT",
        "ETag": "W/\"d5531f00-be31-4e92-ada2-d9a131895552\"",
        "mise-correlation-id": "36378e2f-0777-40b6-aa38-2c00e6cc7b28",
        "Strict-Transport-Security": "max-age=2592000",
        "traceresponse": "00-82e947f0d7c0dbabb0c670a1e50a7593-5ce8f6f1ea54647e-01"
      },
      "ResponseBody": {
        "$dtId": "roomTwin240369",
        "$etag": "W/\"d5531f00-be31-4e92-ada2-d9a131895552\"",
        "IsOccupied": true,
        "Temperature": 80,
        "Humidity": 25,
        "EmployeeId": "Employee1",
        "$metadata": {
          "$model": "dtmi:example:room;1602647",
          "$lastUpdateTime": "2025-05-09T01:35:39.4208716Z",
          "IsOccupied": {
            "lastUpdateTime": "2025-05-09T01:35:39.4208716Z"
          },
          "Temperature": {
            "lastUpdateTime": "2025-05-09T01:35:39.4208716Z"
          },
          "Humidity": {
            "lastUpdateTime": "2025-05-09T01:35:39.4208716Z"
          },
          "EmployeeId": {
            "lastUpdateTime": "2025-05-09T01:35:39.4208716Z"
          }
        }
      }
    },
    {
      "RequestUri": "https://REDACTED/digitaltwins/hvacTwin568090?api-version=2023-10-31",
      "RequestMethod": "PUT",
      "RequestHeaders": {
        "Accept": "application/json",
        "Authorization": "Sanitized",
        "Content-Length": "95",
        "Content-Type": "application/json",
        "Date": "Fri, 09 May 2025 01:35:39 GMT",
        "User-Agent": "azsdk-java-azure-digitaltwins-core/1.6.0 (11.0.22; Windows 11; 10.0)",
        "x-ms-client-request-id": "Sanitized"
      },
      "RequestBody": {
        "$metadata": {
          "$model": "dtmi:example:hvac;1611816"
        },
        "TargetTemperature": 80,
        "TargetHumidity": 25
      },
      "StatusCode": 200,
      "ResponseHeaders": {
        "Content-Length": "359",
        "Content-Type": "application/json; charset=utf-8",
        "Date": "Fri, 09 May 2025 01:35:38 GMT",
        "ETag": "W/\"2e61fe4c-4c4c-4cf4-a9c8-2d13397f6418\"",
        "mise-correlation-id": "8d2eda81-c8a3-4fe8-9d16-28b1c00524b3",
        "Strict-Transport-Security": "max-age=2592000",
        "traceresponse": "00-170c5337f6edab85fcf6d8317565c128-f2da575bb9f49bcd-01"
      },
      "ResponseBody": {
        "$dtId": "hvacTwin568090",
        "$etag": "W/\"2e61fe4c-4c4c-4cf4-a9c8-2d13397f6418\"",
        "TargetTemperature": 80,
        "TargetHumidity": 25,
        "$metadata": {
          "$model": "dtmi:example:hvac;1611816",
          "$lastUpdateTime": "2025-05-09T01:35:39.5017359Z",
          "TargetTemperature": {
            "lastUpdateTime": "2025-05-09T01:35:39.5017359Z"
          },
          "TargetHumidity": {
            "lastUpdateTime": "2025-05-09T01:35:39.5017359Z"
          }
        }
      }
    },
    {
      "RequestUri": "https://REDACTED/digitaltwins/floorTwin306382/relationships/FloorToRoomRelationship?api-version=2023-10-31",
      "RequestMethod": "PUT",
      "RequestHeaders": {
        "Accept": "application/json",
        "Authorization": "Sanitized",
        "Content-Length": "87",
        "Content-Type": "application/json",
        "Date": "Fri, 09 May 2025 01:35:39 GMT",
        "User-Agent": "azsdk-java-azure-digitaltwins-core/1.6.0 (11.0.22; Windows 11; 10.0)",
        "x-ms-client-request-id": "Sanitized"
      },
      "RequestBody": {
        "$targetId": "roomTwin240369",
        "$relationshipName": "contains",
        "isAccessRestricted": true
      },
      "StatusCode": 200,
      "ResponseHeaders": {
        "Content-Length": "214",
        "Content-Type": "application/json; charset=utf-8",
        "Date": "Fri, 09 May 2025 01:35:39 GMT",
        "ETag": "W/\"e247ba8c-4e23-4c6a-8b87-91ae466b5c96\"",
        "mise-correlation-id": "4a48d7cf-2f1f-4017-a5b1-72e5ede971ab",
        "Strict-Transport-Security": "max-age=2592000",
        "traceresponse": "00-d1e57986d9726a5385a476292a362e97-41505ae25a3119b2-01"
      },
      "ResponseBody": {
        "$relationshipId": "FloorToRoomRelationship",
        "$etag": "W/\"e247ba8c-4e23-4c6a-8b87-91ae466b5c96\"",
        "$sourceId": "floorTwin306382",
        "$relationshipName": "contains",
        "$targetId": "roomTwin240369",
        "isAccessRestricted": true
      }
    },
    {
      "RequestUri": "https://REDACTED/digitaltwins/floorTwin306382/relationships/FloorToHvacRelationship?api-version=2023-10-31",
      "RequestMethod": "PUT",
      "RequestHeaders": {
        "Accept": "application/json",
        "Authorization": "Sanitized",
        "Content-Length": "61",
        "Content-Type": "application/json",
        "Date": "Fri, 09 May 2025 01:35:39 GMT",
        "User-Agent": "azsdk-java-azure-digitaltwins-core/1.6.0 (11.0.22; Windows 11; 10.0)",
        "x-ms-client-request-id": "Sanitized"
      },
      "RequestBody": {
        "$targetId": "hvacTwin568090",
        "$relationshipName": "cooledBy"
      },
      "StatusCode": 200,
      "ResponseHeaders": {
        "Content-Length": "188",
        "Content-Type": "application/json; charset=utf-8",
        "Date": "Fri, 09 May 2025 01:35:39 GMT",
        "ETag": "W/\"374a0383-f0f0-4d10-b991-753f09e364c9\"",
        "mise-correlation-id": "5bfbe1fc-9c3b-4ccc-bdf4-55d4704c645b",
        "Strict-Transport-Security": "max-age=2592000",
        "traceresponse": "00-afd527cbf19a6e1a887fe46a0627a8e4-ebcb103f0baea5db-01"
      },
      "ResponseBody": {
        "$relationshipId": "FloorToHvacRelationship",
        "$etag": "W/\"374a0383-f0f0-4d10-b991-753f09e364c9\"",
        "$sourceId": "floorTwin306382",
        "$relationshipName": "cooledBy",
        "$targetId": "hvacTwin568090"
      }
    },
    {
      "RequestUri": "https://REDACTED/digitaltwins/hvacTwin568090/relationships/HvacToFloorRelationship?api-version=2023-10-31",
      "RequestMethod": "PUT",
      "RequestHeaders": {
        "Accept": "application/json",
        "Authorization": "Sanitized",
        "Content-Length": "59",
        "Content-Type": "application/json",
        "Date": "Fri, 09 May 2025 01:35:39 GMT",
        "User-Agent": "azsdk-java-azure-digitaltwins-core/1.6.0 (11.0.22; Windows 11; 10.0)",
        "x-ms-client-request-id": "Sanitized"
      },
      "RequestBody": {
        "$targetId": "floorTwin306382",
        "$relationshipName": "cools"
      },
      "StatusCode": 200,
      "ResponseHeaders": {
        "Content-Length": "185",
        "Content-Type": "application/json; charset=utf-8",
        "Date": "Fri, 09 May 2025 01:35:39 GMT",
        "ETag": "W/\"adcddb4b-660c-4dd7-a76e-fad73f1ac6a9\"",
        "mise-correlation-id": "f74c8ec0-4ceb-4a45-99a8-97fc5a66bfcd",
        "Strict-Transport-Security": "max-age=2592000",
        "traceresponse": "00-a4287298036a74f6fb4b3d3427f7c79b-8a350d824ae70ba2-01"
      },
      "ResponseBody": {
        "$relationshipId": "HvacToFloorRelationship",
        "$etag": "W/\"adcddb4b-660c-4dd7-a76e-fad73f1ac6a9\"",
        "$sourceId": "hvacTwin568090",
        "$relationshipName": "cools",
        "$targetId": "floorTwin306382"
      }
    },
    {
      "RequestUri": "https://REDACTED/digitaltwins/roomTwin240369/relationships/RoomToFloorRelationship?api-version=2023-10-31",
      "RequestMethod": "PUT",
      "RequestHeaders": {
        "Accept": "application/json",
        "Authorization": "Sanitized",
        "Content-Length": "65",
        "Content-Type": "application/json",
        "Date": "Fri, 09 May 2025 01:35:39 GMT",
        "User-Agent": "azsdk-java-azure-digitaltwins-core/1.6.0 (11.0.22; Windows 11; 10.0)",
        "x-ms-client-request-id": "Sanitized"
      },
      "RequestBody": {
        "$targetId": "floorTwin306382",
        "$relationshipName": "containedIn"
      },
      "StatusCode": 200,
      "ResponseHeaders": {
        "Content-Length": "191",
        "Content-Type": "application/json; charset=utf-8",
        "Date": "Fri, 09 May 2025 01:35:39 GMT",
        "ETag": "W/\"e28c9ed6-00da-48d1-8e95-fd012ec10fd0\"",
        "mise-correlation-id": "6b90e01c-538f-4427-b3ab-d010f9d9cb82",
        "Strict-Transport-Security": "max-age=2592000",
        "traceresponse": "00-22958ecf93bc1ca65f90fdc4bee11670-15832b6b770243c8-01"
      },
      "ResponseBody": {
        "$relationshipId": "RoomToFloorRelationship",
        "$etag": "W/\"e28c9ed6-00da-48d1-8e95-fd012ec10fd0\"",
        "$sourceId": "roomTwin240369",
        "$relationshipName": "containedIn",
        "$targetId": "floorTwin306382"
      }
    },
    {
      "RequestUri": "https://REDACTED/digitaltwins/roomTwin240369/relationships/RoomToFloorRelationship?api-version=2023-10-31",
      "RequestMethod": "PUT",
      "RequestHeaders": {
        "Accept": "application/json",
        "Authorization": "Sanitized",
        "Content-Length": "81",
        "Content-Type": "application/json",
        "Date": "Fri, 09 May 2025 01:35:39 GMT",
        "If-None-Match": "*",
        "User-Agent": "azsdk-java-azure-digitaltwins-core/1.6.0 (11.0.22; Windows 11; 10.0)",
        "x-ms-client-request-id": "Sanitized"
      },
      "RequestBody": "\"{  \\\"$targetId\\\": \\\"floorTwin306382\\\",  \\\"$relationshipName\\\": \\\"containedIn\\\"}\"",
      "StatusCode": 400,
      "ResponseHeaders": {
        "Content-Length": "96",
        "Content-Type": "application/json; charset=utf-8",
        "Date": "Fri, 09 May 2025 01:35:39 GMT",
        "mise-correlation-id": "be7cd6cd-89f4-486e-a18b-73bc8d9cfeed",
        "Strict-Transport-Security": "max-age=2592000",
        "traceresponse": "00-6962fa779593faacc7448a70639de0f7-18cf0bbf80ca1c78-01",
        "x-ms-error-code": "InvalidArgument"
      },
      "ResponseBody": {
        "error": {
          "code": "InvalidArgument",
          "message": "Could not deserialize relationship create body."
        }
      }
    },
    {
      "RequestUri": "https://REDACTED/digitaltwins/floorTwin306382/relationships?api-version=2023-10-31",
      "RequestMethod": "GET",
      "RequestHeaders": {
        "Accept": "application/json",
        "Authorization": "Sanitized",
        "Content-Length": "0",
        "Date": "Fri, 09 May 2025 01:35:39 GMT",
        "User-Agent": "azsdk-java-azure-digitaltwins-core/1.6.0 (11.0.22; Windows 11; 10.0)",
        "x-ms-client-request-id": "Sanitized"
      },
      "RequestBody": null,
      "StatusCode": 200,
      "ResponseHeaders": {
        "Content-Length": "431",
        "Content-Type": "application/json; charset=utf-8",
        "Date": "Fri, 09 May 2025 01:35:39 GMT",
        "mise-correlation-id": "2670328b-8548-4e70-bc3c-1925d1a29e8c",
        "Strict-Transport-Security": "max-age=2592000",
        "traceresponse": "00-605e4aae85c4808d9d788fc60fbdb09e-1978714b0b8adb88-01"
      },
      "ResponseBody": {
        "nextLink": null,
        "value": [
          {
            "$relationshipId": "FloorToHvacRelationship",
            "$etag": "W/\"374a0383-f0f0-4d10-b991-753f09e364c9\"",
            "$sourceId": "floorTwin306382",
            "$relationshipName": "cooledBy",
            "$targetId": "hvacTwin568090"
          },
          {
            "$relationshipId": "FloorToRoomRelationship",
            "$etag": "W/\"e247ba8c-4e23-4c6a-8b87-91ae466b5c96\"",
            "$sourceId": "floorTwin306382",
            "$relationshipName": "contains",
            "$targetId": "roomTwin240369",
            "isAccessRestricted": true
          }
        ]
      }
    },
    {
      "RequestUri": "https://REDACTED/digitaltwins/roomTwin240369/relationships?api-version=2023-10-31",
      "RequestMethod": "GET",
      "RequestHeaders": {
        "Accept": "application/json",
        "Authorization": "Sanitized",
        "Content-Length": "0",
        "Date": "Fri, 09 May 2025 01:35:39 GMT",
        "User-Agent": "azsdk-java-azure-digitaltwins-core/1.6.0 (11.0.22; Windows 11; 10.0)",
        "x-ms-client-request-id": "Sanitized"
      },
      "RequestBody": null,
      "StatusCode": 200,
      "ResponseHeaders": {
        "Content-Length": "219",
        "Content-Type": "application/json; charset=utf-8",
        "Date": "Fri, 09 May 2025 01:35:39 GMT",
        "mise-correlation-id": "c165ccbd-f2e8-4b29-b6b3-b16af8553518",
        "Strict-Transport-Security": "max-age=2592000",
        "traceresponse": "00-5ecde397dd6756e432ec1a8bdf063787-32ef84a808f67802-01"
      },
      "ResponseBody": {
        "nextLink": null,
        "value": [
          {
            "$relationshipId": "RoomToFloorRelationship",
            "$etag": "W/\"e28c9ed6-00da-48d1-8e95-fd012ec10fd0\"",
            "$sourceId": "roomTwin240369",
            "$relationshipName": "containedIn",
            "$targetId": "floorTwin306382"
          }
        ]
      }
    },
    {
      "RequestUri": "https://REDACTED/digitaltwins/hvacTwin568090/relationships?api-version=2023-10-31",
      "RequestMethod": "GET",
      "RequestHeaders": {
        "Accept": "application/json",
        "Authorization": "Sanitized",
        "Content-Length": "0",
        "Date": "Fri, 09 May 2025 01:35:39 GMT",
        "User-Agent": "azsdk-java-azure-digitaltwins-core/1.6.0 (11.0.22; Windows 11; 10.0)",
        "x-ms-client-request-id": "Sanitized"
      },
      "RequestBody": null,
      "StatusCode": 200,
      "ResponseHeaders": {
        "Content-Length": "213",
        "Content-Type": "application/json; charset=utf-8",
        "Date": "Fri, 09 May 2025 01:35:39 GMT",
        "mise-correlation-id": "6de94049-a943-4fc1-9c5a-eeb2bc2313ad",
        "Strict-Transport-Security": "max-age=2592000",
        "traceresponse": "00-265463ee321b9d6e28f53b8873ca7f7f-03dafd3ef3408eef-01"
      },
      "ResponseBody": {
        "nextLink": null,
        "value": [
          {
            "$relationshipId": "HvacToFloorRelationship",
            "$etag": "W/\"adcddb4b-660c-4dd7-a76e-fad73f1ac6a9\"",
            "$sourceId": "hvacTwin568090",
            "$relationshipName": "cools",
            "$targetId": "floorTwin306382"
          }
        ]
      }
    },
    {
      "RequestUri": "https://REDACTED/digitaltwins/floorTwin306382/relationships/FloorToHvacRelationship?api-version=2023-10-31",
      "RequestMethod": "DELETE",
      "RequestHeaders": {
        "Accept": "application/json",
        "Authorization": "Sanitized",
        "Content-Length": "0",
        "Date": "Fri, 09 May 2025 01:35:40 GMT",
        "User-Agent": "azsdk-java-azure-digitaltwins-core/1.6.0 (11.0.22; Windows 11; 10.0)",
        "x-ms-client-request-id": "Sanitized"
      },
      "RequestBody": null,
      "StatusCode": 204,
      "ResponseHeaders": {
        "Content-Length": "0",
        "Date": "Fri, 09 May 2025 01:35:39 GMT",
        "mise-correlation-id": "6103e41e-a65c-4a71-b8f4-775322ac4a63",
        "Strict-Transport-Security": "max-age=2592000",
        "traceresponse": "00-f678083a0fd7b4f2a0b8276501ffb0be-9c1214786ea64ae0-01"
      },
      "ResponseBody": null
    },
    {
      "RequestUri": "https://REDACTED/digitaltwins/floorTwin306382/relationships/FloorToRoomRelationship?api-version=2023-10-31",
      "RequestMethod": "DELETE",
      "RequestHeaders": {
        "Accept": "application/json",
        "Authorization": "Sanitized",
        "Content-Length": "0",
        "Date": "Fri, 09 May 2025 01:35:40 GMT",
        "User-Agent": "azsdk-java-azure-digitaltwins-core/1.6.0 (11.0.22; Windows 11; 10.0)",
        "x-ms-client-request-id": "Sanitized"
      },
      "RequestBody": null,
      "StatusCode": 204,
      "ResponseHeaders": {
        "Content-Length": "0",
        "Date": "Fri, 09 May 2025 01:35:39 GMT",
        "mise-correlation-id": "a252886c-697b-47a2-8697-0f102a1ce935",
        "Strict-Transport-Security": "max-age=2592000",
        "traceresponse": "00-79979236fca3916cb8e8de12798866e9-c4ef002b752a2782-01"
      },
      "ResponseBody": null
    },
    {
      "RequestUri": "https://REDACTED/digitaltwins/roomTwin240369/relationships/RoomToFloorRelationship?api-version=2023-10-31",
      "RequestMethod": "DELETE",
      "RequestHeaders": {
        "Accept": "application/json",
        "Authorization": "Sanitized",
        "Content-Length": "0",
        "Date": "Fri, 09 May 2025 01:35:40 GMT",
        "User-Agent": "azsdk-java-azure-digitaltwins-core/1.6.0 (11.0.22; Windows 11; 10.0)",
        "x-ms-client-request-id": "Sanitized"
      },
      "RequestBody": null,
      "StatusCode": 204,
      "ResponseHeaders": {
        "Content-Length": "0",
        "Date": "Fri, 09 May 2025 01:35:40 GMT",
        "mise-correlation-id": "1ce3e842-a292-43c6-9a8c-bb577fbb7cd1",
        "Strict-Transport-Security": "max-age=2592000",
        "traceresponse": "00-2a36c7afc953a01e6e26d0f78a4c8f24-895c62ec565a61dd-01"
      },
      "ResponseBody": null
    },
    {
      "RequestUri": "https://REDACTED/digitaltwins/hvacTwin568090/relationships/HvacToFloorRelationship?api-version=2023-10-31",
      "RequestMethod": "DELETE",
      "RequestHeaders": {
        "Accept": "application/json",
        "Authorization": "Sanitized",
        "Content-Length": "0",
        "Date": "Fri, 09 May 2025 01:35:40 GMT",
        "User-Agent": "azsdk-java-azure-digitaltwins-core/1.6.0 (11.0.22; Windows 11; 10.0)",
        "x-ms-client-request-id": "Sanitized"
      },
      "RequestBody": null,
      "StatusCode": 204,
      "ResponseHeaders": {
        "Content-Length": "0",
        "Date": "Fri, 09 May 2025 01:35:40 GMT",
        "mise-correlation-id": "58fd761c-d6cf-4e81-b88b-5e4d17f5e98f",
        "Strict-Transport-Security": "max-age=2592000",
        "traceresponse": "00-60bd6d96b19230d4a1cc15aab5b3a866-fa884cd8133a1cbe-01"
      },
      "ResponseBody": null
    },
    {
      "RequestUri": "https://REDACTED/digitaltwins/floorTwin306382?api-version=2023-10-31",
      "RequestMethod": "DELETE",
      "RequestHeaders": {
        "Accept": "application/json",
        "Authorization": "Sanitized",
        "Content-Length": "0",
        "Date": "Fri, 09 May 2025 01:35:40 GMT",
        "User-Agent": "azsdk-java-azure-digitaltwins-core/1.6.0 (11.0.22; Windows 11; 10.0)",
        "x-ms-client-request-id": "Sanitized"
      },
      "RequestBody": null,
      "StatusCode": 204,
      "ResponseHeaders": {
        "Content-Length": "0",
        "Date": "Fri, 09 May 2025 01:35:40 GMT",
        "mise-correlation-id": "2891a060-de19-4988-946b-cf3936cea906",
        "Strict-Transport-Security": "max-age=2592000",
        "traceresponse": "00-2e2c9e467714c7347687f50edf681cf0-72d29a5e47d06812-01"
      },
      "ResponseBody": null
    },
    {
      "RequestUri": "https://REDACTED/digitaltwins/roomTwin240369?api-version=2023-10-31",
      "RequestMethod": "DELETE",
      "RequestHeaders": {
        "Accept": "application/json",
        "Authorization": "Sanitized",
        "Content-Length": "0",
        "Date": "Fri, 09 May 2025 01:35:40 GMT",
        "User-Agent": "azsdk-java-azure-digitaltwins-core/1.6.0 (11.0.22; Windows 11; 10.0)",
        "x-ms-client-request-id": "Sanitized"
      },
      "RequestBody": null,
      "StatusCode": 204,
      "ResponseHeaders": {
        "Content-Length": "0",
        "Date": "Fri, 09 May 2025 01:35:40 GMT",
        "mise-correlation-id": "4a174baa-2f1f-467b-9285-bc3e187342b4",
        "Strict-Transport-Security": "max-age=2592000",
        "traceresponse": "00-b1f5d094968ad5e1292fb20adbedd1bd-0c66c3ecfad8168e-01"
      },
      "ResponseBody": null
    },
    {
      "RequestUri": "https://REDACTED/digitaltwins/hvacTwin568090?api-version=2023-10-31",
      "RequestMethod": "DELETE",
      "RequestHeaders": {
        "Accept": "application/json",
        "Authorization": "Sanitized",
        "Content-Length": "0",
        "Date": "Fri, 09 May 2025 01:35:41 GMT",
        "User-Agent": "azsdk-java-azure-digitaltwins-core/1.6.0 (11.0.22; Windows 11; 10.0)",
        "x-ms-client-request-id": "Sanitized"
      },
      "RequestBody": null,
      "StatusCode": 204,
      "ResponseHeaders": {
        "Content-Length": "0",
        "Date": "Fri, 09 May 2025 01:35:40 GMT",
        "mise-correlation-id": "cf910b7b-296b-4987-9e8c-7b66ece5237f",
        "Strict-Transport-Security": "max-age=2592000",
        "traceresponse": "00-0e43ee53135c72f7c1b6530aadbbf78d-912f3cb7dc88ef74-01"
      },
      "ResponseBody": null
    },
    {
      "RequestUri": "https://REDACTED/models/dtmi:example:floor;1709375?api-version=2023-10-31",
      "RequestMethod": "DELETE",
      "RequestHeaders": {
        "Accept": "application/json",
        "Authorization": "Sanitized",
        "Content-Length": "0",
        "Date": "Fri, 09 May 2025 01:35:41 GMT",
        "User-Agent": "azsdk-java-azure-digitaltwins-core/1.6.0 (11.0.22; Windows 11; 10.0)",
        "x-ms-client-request-id": "Sanitized"
      },
      "RequestBody": null,
      "StatusCode": 204,
      "ResponseHeaders": {
        "Content-Length": "0",
        "Date": "Fri, 09 May 2025 01:35:40 GMT",
        "mise-correlation-id": "8419204d-39f5-412b-a77a-31f8a0f95e81",
        "Strict-Transport-Security": "max-age=2592000",
        "traceresponse": "00-d80a925f1f5d797ef2bd5298c73636eb-a6c9c3fe0e42732a-01"
      },
      "ResponseBody": null
    },
    {
      "RequestUri": "https://REDACTED/models/dtmi:example:room;1602647?api-version=2023-10-31",
      "RequestMethod": "DELETE",
      "RequestHeaders": {
        "Accept": "application/json",
        "Authorization": "Sanitized",
        "Content-Length": "0",
        "Date": "Fri, 09 May 2025 01:35:41 GMT",
        "User-Agent": "azsdk-java-azure-digitaltwins-core/1.6.0 (11.0.22; Windows 11; 10.0)",
        "x-ms-client-request-id": "Sanitized"
      },
      "RequestBody": null,
      "StatusCode": 204,
      "ResponseHeaders": {
        "Content-Length": "0",
        "Date": "Fri, 09 May 2025 01:35:40 GMT",
        "mise-correlation-id": "69c16cc5-c692-457f-9967-e8303e07fccc",
        "Strict-Transport-Security": "max-age=2592000",
        "traceresponse": "00-82364c82c66d3afb85dd11c063e2d0a0-2fa8538efb073c38-01"
      },
      "ResponseBody": null
    },
    {
      "RequestUri": "https://REDACTED/models/dtmi:example:hvac;1611816?api-version=2023-10-31",
      "RequestMethod": "DELETE",
      "RequestHeaders": {
        "Accept": "application/json",
        "Authorization": "Sanitized",
        "Content-Length": "0",
        "Date": "Fri, 09 May 2025 01:35:41 GMT",
        "User-Agent": "azsdk-java-azure-digitaltwins-core/1.6.0 (11.0.22; Windows 11; 10.0)",
        "x-ms-client-request-id": "Sanitized"
      },
      "RequestBody": null,
      "StatusCode": 204,
      "ResponseHeaders": {
        "Content-Length": "0",
        "Date": "Fri, 09 May 2025 01:35:40 GMT",
        "mise-correlation-id": "eb6c1f22-d8ff-4b98-8676-2746d16421fd",
        "Strict-Transport-Security": "max-age=2592000",
        "traceresponse": "00-00ee02b381f0fda27b2037c1f3917094-a1f7ce5eef33715f-01"
      },
      "ResponseBody": null
    }
  ],
  "Variables": {
    "0": "921597",
    "1": "82486a",
    "2": "833038",
    "3": "52850f",
    "4": "46258c",
    "5": "78021d"
  }
}
