{
  "Entries": [
    {
      "RequestUri": "https://REDACTED/eventroutes?api-version=2023-10-31",
      "RequestMethod": "GET",
      "RequestHeaders": {
        "Accept": "application/json",
        "Authorization": "Sanitized",
        "Content-Length": "0",
        "Date": "Tue, 13 May 2025 21:41:57 GMT",
        "User-Agent": "azsdk-java-azure-digitaltwins-core/1.6.0 (11.0.22; Windows 11; 10.0)",
        "x-ms-client-request-id": "Sanitized"
      },
      "RequestBody": null,
      "StatusCode": 200,
      "ResponseHeaders": {
        "Content-Length": "28",
        "Content-Type": "application/json; charset=utf-8",
        "Date": "Tue, 13 May 2025 21:41:59 GMT",
        "mise-correlation-id": "4dfdaba8-80c3-46bf-9fcf-9e4b02591d0d",
        "Strict-Transport-Security": "max-age=2592000",
        "traceresponse": "00-d0847ce4eeea348eeb0982002ac40a15-a67544df90cb16b8-01"
      },
      "ResponseBody": {
        "value": [],
        "nextLink": null
      }
    },
    {
      "RequestUri": "https://REDACTED/eventroutes/3f4b0e11-77dc-4a8d-9750-69e9b280202b?api-version=2023-10-31",
      "RequestMethod": "PUT",
      "RequestHeaders": {
        "Accept": "application/json",
        "Authorization": "Sanitized",
        "Content-Length": "145",
        "Content-Type": "application/json",
        "Date": "Tue, 13 May 2025 21:41:59 GMT",
        "User-Agent": "azsdk-java-azure-digitaltwins-core/1.6.0 (11.0.22; Windows 11; 10.0)",
        "x-ms-client-request-id": "Sanitized"
      },
      "RequestBody": {
        "endpointName": "someEventHubEndpoint",
        "filter": "$eventType = 'DigitalTwinTelemetryMessages' or $eventType = 'DigitalTwinLifecycleNotification'"
      },
      "StatusCode": 204,
      "ResponseHeaders": {
        "Content-Length": "0",
        "Date": "Tue, 13 May 2025 21:42:00 GMT",
        "mise-correlation-id": "c2a285c5-3073-4c6a-a791-f54da1d605e9",
        "Strict-Transport-Security": "max-age=2592000",
        "traceresponse": "00-5d43b1c4dadf112a4708ff68e05eef9f-b4e8add4ec4ad0b7-01"
      },
      "ResponseBody": null
    },
    {
      "RequestUri": "https://REDACTED/eventroutes/3f4b0e11-77dc-4a8d-9750-69e9b280202b?api-version=2023-10-31",
      "RequestMethod": "GET",
      "RequestHeaders": {
        "Accept": "application/json",
        "Authorization": "Sanitized",
        "Content-Length": "0",
        "Date": "Tue, 13 May 2025 21:42:05 GMT",
        "User-Agent": "azsdk-java-azure-digitaltwins-core/1.6.0 (11.0.22; Windows 11; 10.0)",
        "x-ms-client-request-id": "Sanitized"
      },
      "RequestBody": null,
      "StatusCode": 200,
      "ResponseHeaders": {
        "Content-Length": "189",
        "Content-Type": "application/json; charset=utf-8",
        "Date": "Tue, 13 May 2025 21:42:05 GMT",
        "mise-correlation-id": "6f69012e-6c56-4285-9543-baa048063493",
        "Strict-Transport-Security": "max-age=2592000",
        "traceresponse": "00-2e34147c410e411222e561a130624cd7-b06fe6c20cc3f5d1-01"
      },
      "ResponseBody": {
        "id": "3f4b0e11-77dc-4a8d-9750-69e9b280202b",
        "endpointName": "someEventHubEndpoint",
        "filter": "$eventType = 'DigitalTwinTelemetryMessages' or $eventType = 'DigitalTwinLifecycleNotification'"
      }
    },
    {
      "RequestUri": "https://REDACTED/eventroutes?api-version=2023-10-31",
      "RequestMethod": "GET",
      "RequestHeaders": {
        "Accept": "application/json",
        "Authorization": "Sanitized",
        "Content-Length": "0",
        "Date": "Tue, 13 May 2025 21:42:05 GMT",
        "User-Agent": "azsdk-java-azure-digitaltwins-core/1.6.0 (11.0.22; Windows 11; 10.0)",
        "x-ms-client-request-id": "Sanitized"
      },
      "RequestBody": null,
      "StatusCode": 200,
      "ResponseHeaders": {
        "Content-Length": "217",
        "Content-Type": "application/json; charset=utf-8",
        "Date": "Tue, 13 May 2025 21:42:05 GMT",
        "mise-correlation-id": "3fda750e-35bc-4aa6-8f2d-9219c89e2f69",
        "Strict-Transport-Security": "max-age=2592000",
        "traceresponse": "00-dc4a2cedb48e7306bf33add4971dcfe2-ef1928cff4ae9b49-01"
      },
      "ResponseBody": {
        "value": [
          {
            "id": "3f4b0e11-77dc-4a8d-9750-69e9b280202b",
            "endpointName": "someEventHubEndpoint",
            "filter": "$eventType = 'DigitalTwinTelemetryMessages' or $eventType = 'DigitalTwinLifecycleNotification'"
          }
        ],
        "nextLink": null
      }
    },
    {
      "RequestUri": "https://REDACTED/eventroutes/3f4b0e11-77dc-4a8d-9750-69e9b280202b?api-version=2023-10-31",
      "RequestMethod": "DELETE",
      "RequestHeaders": {
        "Accept": "application/json",
        "Authorization": "Sanitized",
        "Content-Length": "0",
        "Date": "Tue, 13 May 2025 21:42:05 GMT",
        "User-Agent": "azsdk-java-azure-digitaltwins-core/1.6.0 (11.0.22; Windows 11; 10.0)",
        "x-ms-client-request-id": "Sanitized"
      },
      "RequestBody": null,
      "StatusCode": 204,
      "ResponseHeaders": {
        "Content-Length": "0",
        "Date": "Tue, 13 May 2025 21:42:06 GMT",
        "mise-correlation-id": "022c0ca4-ab8e-4b05-a002-3975048f1f59",
        "Strict-Transport-Security": "max-age=2592000",
        "traceresponse": "00-10b470bc88c1f806242a931791c449ac-84b9c49ae74764fe-01"
      },
      "ResponseBody": null
    }
  ],
  "Variables": {
    "0": "3f4b0e11-77dc-4a8d-9750-69e9b280202b"
  }
}
