{
  "Entries": [
    {
      "RequestUri": "https://REDACTED/digitaltwins/roomTwin450790?api-version=2023-10-31",
      "RequestMethod": "GET",
      "RequestHeaders": {
        "Accept": "application/json",
        "Authorization": "Sanitized",
        "Content-Length": "0",
        "Date": "Fri, 09 May 2025 01:38:00 GMT",
        "User-Agent": "azsdk-java-azure-digitaltwins-core/1.6.0 (11.0.22; Windows 11; 10.0)",
        "x-ms-client-request-id": "Sanitized"
      },
      "RequestBody": null,
      "StatusCode": 404,
      "ResponseHeaders": {
        "Content-Length": "268",
        "Content-Type": "application/json; charset=utf-8",
        "Date": "Fri, 09 May 2025 01:38:01 GMT",
        "mise-correlation-id": "15aab43d-a912-4139-9ef7-c8184f7228ad",
        "Strict-Transport-Security": "max-age=2592000",
        "traceresponse": "00-3fabcbb9f63180657435b22846d504da-fd9964ea7e9886b7-01",
        "x-ms-error-code": "DigitalTwinNotFound"
      },
      "ResponseBody": {
        "error": {
          "code": "DigitalTwinNotFound",
          "message": "There is no digital twin instance that exists with the ID roomTwin450790. Please verify that the twin id is valid and ensure that the twin is not deleted. See section on querying the twins https://aka.ms/adtv2query."
        }
      }
    },
    {
      "RequestUri": "https://REDACTED/models/dtmi:example:Floor;1115838?includeModelDefinition=true&api-version=2023-10-31",
      "RequestMethod": "GET",
      "RequestHeaders": {
        "Accept": "application/json",
        "Authorization": "Sanitized",
        "Content-Length": "0",
        "Date": "Fri, 09 May 2025 01:38:01 GMT",
        "User-Agent": "azsdk-java-azure-digitaltwins-core/1.6.0 (11.0.22; Windows 11; 10.0)",
        "x-ms-client-request-id": "Sanitized"
      },
      "RequestBody": null,
      "StatusCode": 404,
      "ResponseHeaders": {
        "Content-Length": "211",
        "Content-Type": "application/json; charset=utf-8",
        "Date": "Fri, 09 May 2025 01:38:01 GMT",
        "mise-correlation-id": "e040b426-ffe3-411f-bf89-214e89a8c834",
        "Strict-Transport-Security": "max-age=2592000",
        "traceresponse": "00-48f2423dea32524d92274a1178d5fb8c-a2a643e1111bb9d0-01",
        "x-ms-error-code": "ModelNotFound"
      },
      "ResponseBody": {
        "error": {
          "code": "ModelNotFound",
          "message": "There is no Model(s) available that matches the provided id(s) dtmi:example:Floor;1115838. Check that the Model ID provided is valid by doing a Model_List API call."
        }
      }
    },
    {
      "RequestUri": "https://REDACTED/models/dtmi:example:Room;1609530?includeModelDefinition=true&api-version=2023-10-31",
      "RequestMethod": "GET",
      "RequestHeaders": {
        "Accept": "application/json",
        "Authorization": "Sanitized",
        "Content-Length": "0",
        "Date": "Fri, 09 May 2025 01:38:01 GMT",
        "User-Agent": "azsdk-java-azure-digitaltwins-core/1.6.0 (11.0.22; Windows 11; 10.0)",
        "x-ms-client-request-id": "Sanitized"
      },
      "RequestBody": null,
      "StatusCode": 404,
      "ResponseHeaders": {
        "Content-Length": "210",
        "Content-Type": "application/json; charset=utf-8",
        "Date": "Fri, 09 May 2025 01:38:01 GMT",
        "mise-correlation-id": "3f8692a3-ce41-4c75-9a95-aa0d111ce4f6",
        "Strict-Transport-Security": "max-age=2592000",
        "traceresponse": "00-4321b233872d8ee328864270eb867548-37d3cf75f293bba2-01",
        "x-ms-error-code": "ModelNotFound"
      },
      "ResponseBody": {
        "error": {
          "code": "ModelNotFound",
          "message": "There is no Model(s) available that matches the provided id(s) dtmi:example:Room;1609530. Check that the Model ID provided is valid by doing a Model_List API call."
        }
      }
    },
    {
      "RequestUri": "https://REDACTED/models?api-version=2023-10-31",
      "RequestMethod": "POST",
      "RequestHeaders": {
        "Accept": "application/json",
        "Authorization": "Sanitized",
        "Content-Length": "494",
        "Content-Type": "application/json",
        "Date": "Fri, 09 May 2025 01:38:02 GMT",
        "User-Agent": "azsdk-java-azure-digitaltwins-core/1.6.0 (11.0.22; Windows 11; 10.0)",
        "x-ms-client-request-id": "Sanitized"
      },
      "RequestBody": "[{\"@id\":\"dtmi:example:Room;1609530\",\"@type\":\"Interface\",\"displayName\":\"Room\",\"description\":\"An enclosure inside a building.\",\"contents\":[{\"@type\":\"Relationship\",\"name\":\"containedIn\",\"target\":\"dtmi:example:Floor;1115838\"},{\"@type\":\"Property\",\"name\":\"Temperature\",\"schema\":\"double\"},{\"@type\":\"Property\",\"name\":\"Humidity\",\"schema\":\"double\"},{\"@type\":\"Property\",\"name\":\"IsOccupied\",\"schema\":\"boolean\"},{\"@type\":\"Property\",\"name\":\"EmployeeId\",\"schema\":\"string\"}],\"@context\":[\"dtmi:dtdl:context;2\"]}]",
      "StatusCode": 201,
      "ResponseHeaders": {
        "Content-Length": "190",
        "Content-Type": "application/json; charset=utf-8",
        "Date": "Fri, 09 May 2025 01:38:01 GMT",
        "mise-correlation-id": "68b4c977-efcd-41ac-a959-91b5277b2ed4",
        "Strict-Transport-Security": "max-age=2592000",
        "traceresponse": "00-02a58deb8e2445bc556c1ef333e7bfdf-6cd31433d9bf3f83-01"
      },
      "ResponseBody": "[{\"id\":\"dtmi:example:Room;1609530\",\"description\":{\"en\":\"An enclosure inside a building.\"},\"displayName\":{\"en\":\"Room\"},\"decommissioned\":false,\"uploadTime\":\"2025-05-09T01:38:02.212158+00:00\"}]"
    },
    {
      "RequestUri": "https://REDACTED/digitaltwins/roomTwin450790?api-version=2023-10-31",
      "RequestMethod": "PUT",
      "RequestHeaders": {
        "Accept": "application/json",
        "Authorization": "Sanitized",
        "Content-Length": "126",
        "Content-Type": "application/json",
        "Date": "Fri, 09 May 2025 01:38:02 GMT",
        "User-Agent": "azsdk-java-azure-digitaltwins-core/1.6.0 (11.0.22; Windows 11; 10.0)",
        "x-ms-client-request-id": "Sanitized"
      },
      "RequestBody": {
        "$metadata": {
          "$model": "dtmi:example:Room;1609530"
        },
        "IsOccupied": true,
        "Temperature": 80,
        "Humidity": 25,
        "EmployeeId": "Employee1"
      },
      "StatusCode": 200,
      "ResponseHeaders": {
        "Content-Length": "504",
        "Content-Type": "application/json; charset=utf-8",
        "Date": "Fri, 09 May 2025 01:38:02 GMT",
        "ETag": "W/\"a09dd8de-cb58-49a9-aa3f-8227e45a1864\"",
        "mise-correlation-id": "22017bd5-72bb-4acf-8ced-54f2346827d3",
        "Strict-Transport-Security": "max-age=2592000",
        "traceresponse": "00-df641410fabd62d485412a001f68feaa-aea5c327bd69a5b7-01"
      },
      "ResponseBody": {
        "$dtId": "roomTwin450790",
        "$etag": "W/\"a09dd8de-cb58-49a9-aa3f-8227e45a1864\"",
        "IsOccupied": true,
        "Temperature": 80,
        "Humidity": 25,
        "EmployeeId": "Employee1",
        "$metadata": {
          "$model": "dtmi:example:Room;1609530",
          "$lastUpdateTime": "2025-05-09T01:38:02.3377387Z",
          "IsOccupied": {
            "lastUpdateTime": "2025-05-09T01:38:02.3377387Z"
          },
          "Temperature": {
            "lastUpdateTime": "2025-05-09T01:38:02.3377387Z"
          },
          "Humidity": {
            "lastUpdateTime": "2025-05-09T01:38:02.3377387Z"
          },
          "EmployeeId": {
            "lastUpdateTime": "2025-05-09T01:38:02.3377387Z"
          }
        }
      }
    },
    {
      "RequestUri": "https://REDACTED/digitaltwins/roomTwin450790?api-version=2023-10-31",
      "RequestMethod": "GET",
      "RequestHeaders": {
        "Accept": "application/json",
        "Authorization": "Sanitized",
        "Content-Length": "0",
        "Date": "Fri, 09 May 2025 01:38:02 GMT",
        "User-Agent": "azsdk-java-azure-digitaltwins-core/1.6.0 (11.0.22; Windows 11; 10.0)",
        "x-ms-client-request-id": "Sanitized"
      },
      "RequestBody": null,
      "StatusCode": 200,
      "ResponseHeaders": {
        "Content-Length": "504",
        "Content-Type": "application/json; charset=utf-8",
        "Date": "Fri, 09 May 2025 01:38:02 GMT",
        "ETag": "W/\"a09dd8de-cb58-49a9-aa3f-8227e45a1864\"",
        "mise-correlation-id": "817f718a-6d56-4358-a01d-b6a0491c83d6",
        "Strict-Transport-Security": "max-age=2592000",
        "traceresponse": "00-28d145d702af7a2b2dd4e0f9782a0f8a-9e8bce21fba012f7-01"
      },
      "ResponseBody": {
        "$dtId": "roomTwin450790",
        "$etag": "W/\"a09dd8de-cb58-49a9-aa3f-8227e45a1864\"",
        "IsOccupied": true,
        "Temperature": 80,
        "Humidity": 25,
        "EmployeeId": "Employee1",
        "$metadata": {
          "$model": "dtmi:example:Room;1609530",
          "$lastUpdateTime": "2025-05-09T01:38:02.3377387Z",
          "IsOccupied": {
            "lastUpdateTime": "2025-05-09T01:38:02.3377387Z"
          },
          "Temperature": {
            "lastUpdateTime": "2025-05-09T01:38:02.3377387Z"
          },
          "Humidity": {
            "lastUpdateTime": "2025-05-09T01:38:02.3377387Z"
          },
          "EmployeeId": {
            "lastUpdateTime": "2025-05-09T01:38:02.3377387Z"
          }
        }
      }
    },
    {
      "RequestUri": "https://REDACTED/digitaltwins/roomTwin450790?api-version=2023-10-31",
      "RequestMethod": "PATCH",
      "RequestHeaders": {
        "Accept": "application/json",
        "Authorization": "Sanitized",
        "Content-Length": "131",
        "Content-Type": "application/json-patch+json",
        "Date": "Fri, 09 May 2025 01:38:02 GMT",
        "User-Agent": "azsdk-java-azure-digitaltwins-core/1.6.0 (11.0.22; Windows 11; 10.0)",
        "x-ms-client-request-id": "Sanitized"
      },
      "RequestBody": "[{\"op\":\"add\",\"path\":\"/Humidity\",\"value\":30},{\"op\":\"replace\",\"path\":\"/Temperature\",\"value\":70},{\"op\":\"remove\",\"path\":\"/EmployeeId\"}]",
      "StatusCode": 204,
      "ResponseHeaders": {
        "Content-Length": "0",
        "Date": "Fri, 09 May 2025 01:38:02 GMT",
        "ETag": "W/\"645dee0f-60c9-4848-b919-f7153818b550\"",
        "mise-correlation-id": "c92e7164-7f9f-4141-a871-9c0d7e8c4196",
        "Strict-Transport-Security": "max-age=2592000",
        "traceresponse": "00-708a9d4fef8cf14b954d5d6d3bdb1441-c2a8ce1acc6ae014-01"
      },
      "ResponseBody": null
    },
    {
      "RequestUri": "https://REDACTED/digitaltwins/roomTwin450790?api-version=2023-10-31",
      "RequestMethod": "GET",
      "RequestHeaders": {
        "Accept": "application/json",
        "Authorization": "Sanitized",
        "Content-Length": "0",
        "Date": "Fri, 09 May 2025 01:38:02 GMT",
        "User-Agent": "azsdk-java-azure-digitaltwins-core/1.6.0 (11.0.22; Windows 11; 10.0)",
        "x-ms-client-request-id": "Sanitized"
      },
      "RequestBody": null,
      "StatusCode": 200,
      "ResponseHeaders": {
        "Content-Length": "416",
        "Content-Type": "application/json; charset=utf-8",
        "Date": "Fri, 09 May 2025 01:38:02 GMT",
        "ETag": "W/\"645dee0f-60c9-4848-b919-f7153818b550\"",
        "mise-correlation-id": "9d2c5244-76df-4119-bafe-3b79ed971723",
        "Strict-Transport-Security": "max-age=2592000",
        "traceresponse": "00-b674ed44f7d3b1460c57f7065691295d-7bdd6e363cd0f15e-01"
      },
      "ResponseBody": {
        "$dtId": "roomTwin450790",
        "$etag": "W/\"645dee0f-60c9-4848-b919-f7153818b550\"",
        "IsOccupied": true,
        "Temperature": 70,
        "Humidity": 30,
        "$metadata": {
          "$model": "dtmi:example:Room;1609530",
          "$lastUpdateTime": "2025-05-09T01:38:02.5135995Z",
          "IsOccupied": {
            "lastUpdateTime": "2025-05-09T01:38:02.3377387Z"
          },
          "Temperature": {
            "lastUpdateTime": "2025-05-09T01:38:02.5135995Z"
          },
          "Humidity": {
            "lastUpdateTime": "2025-05-09T01:38:02.5135995Z"
          }
        }
      }
    },
    {
      "RequestUri": "https://REDACTED/digitaltwins/roomTwin450790?api-version=2023-10-31",
      "RequestMethod": "DELETE",
      "RequestHeaders": {
        "Accept": "application/json",
        "Authorization": "Sanitized",
        "Content-Length": "0",
        "Date": "Fri, 09 May 2025 01:38:02 GMT",
        "User-Agent": "azsdk-java-azure-digitaltwins-core/1.6.0 (11.0.22; Windows 11; 10.0)",
        "x-ms-client-request-id": "Sanitized"
      },
      "RequestBody": null,
      "StatusCode": 204,
      "ResponseHeaders": {
        "Content-Length": "0",
        "Date": "Fri, 09 May 2025 01:38:02 GMT",
        "mise-correlation-id": "94378e90-d833-48cd-8fb7-706ffe878f73",
        "Strict-Transport-Security": "max-age=2592000",
        "traceresponse": "00-c579b3ff9e583f8fa53cedf50a32856f-e213f734769b9372-01"
      },
      "ResponseBody": null
    },
    {
      "RequestUri": "https://REDACTED/models/dtmi:example:Room;1609530?api-version=2023-10-31",
      "RequestMethod": "DELETE",
      "RequestHeaders": {
        "Accept": "application/json",
        "Authorization": "Sanitized",
        "Content-Length": "0",
        "Date": "Fri, 09 May 2025 01:38:02 GMT",
        "User-Agent": "azsdk-java-azure-digitaltwins-core/1.6.0 (11.0.22; Windows 11; 10.0)",
        "x-ms-client-request-id": "Sanitized"
      },
      "RequestBody": null,
      "StatusCode": 204,
      "ResponseHeaders": {
        "Content-Length": "0",
        "Date": "Fri, 09 May 2025 01:38:02 GMT",
        "mise-correlation-id": "acb6a8fe-5be7-4d4f-9713-7a1af4621f96",
        "Strict-Transport-Security": "max-age=2592000",
        "traceresponse": "00-6dcf87c3024f96efeea89f523320456a-10fbba4a34cb4b39-01"
      },
      "ResponseBody": null
    }
  ],
  "Variables": {
    "0": "67291d",
    "1": "33705b",
    "2": "821752"
  }
}
