{
  "Entries": [
    {
      "RequestUri": "https://REDACTED/digitaltwins/roomTwin813446?api-version=2023-10-31",
      "RequestMethod": "GET",
      "RequestHeaders": {
        "Accept": "application/json",
        "Authorization": "Sanitized",
        "Content-Length": "0",
        "Date": "Fri, 16 May 2025 22:06:27 GMT",
        "User-Agent": "azsdk-java-azure-digitaltwins-core/1.6.0 (11.0.22; Windows 11; 10.0)",
        "x-ms-client-request-id": "Sanitized"
      },
      "RequestBody": null,
      "StatusCode": 404,
      "ResponseHeaders": {
        "Content-Length": "268",
        "Content-Type": "application/json; charset=utf-8",
        "Date": "Fri, 16 May 2025 22:06:33 GMT",
        "mise-correlation-id": "d6b5db6a-5c4c-4c46-a48d-99b17bf2c9cc",
        "Strict-Transport-Security": "max-age=2592000",
        "traceresponse": "00-be5e944fbf91a9055001d217be17d2b9-a1170214cdd3bd81-01",
        "x-ms-error-code": "DigitalTwinNotFound"
      },
      "ResponseBody": {
        "error": {
          "code": "DigitalTwinNotFound",
          "message": "There is no digital twin instance that exists with the ID roomTwin813446. Please verify that the twin id is valid and ensure that the twin is not deleted. See section on querying the twins https://aka.ms/adtv2query."
        }
      }
    },
    {
      "RequestUri": "https://REDACTED/models/dtmi:example:Floor;1266110?includeModelDefinition=true&api-version=2023-10-31",
      "RequestMethod": "GET",
      "RequestHeaders": {
        "Accept": "application/json",
        "Authorization": "Sanitized",
        "Content-Length": "0",
        "Date": "Fri, 16 May 2025 22:06:29 GMT",
        "User-Agent": "azsdk-java-azure-digitaltwins-core/1.6.0 (11.0.22; Windows 11; 10.0)",
        "x-ms-client-request-id": "Sanitized"
      },
      "RequestBody": null,
      "StatusCode": 404,
      "ResponseHeaders": {
        "Content-Length": "211",
        "Content-Type": "application/json; charset=utf-8",
        "Date": "Fri, 16 May 2025 22:06:33 GMT",
        "mise-correlation-id": "c94527dc-3094-4a41-8dc0-601c9eb6908e",
        "Strict-Transport-Security": "max-age=2592000",
        "traceresponse": "00-abad4c345f7d567056b6f9941c23af63-ea5080ad809d8577-01",
        "x-ms-error-code": "ModelNotFound"
      },
      "ResponseBody": {
        "error": {
          "code": "ModelNotFound",
          "message": "There is no Model(s) available that matches the provided id(s) dtmi:example:Floor;1266110. Check that the Model ID provided is valid by doing a Model_List API call."
        }
      }
    },
    {
      "RequestUri": "https://REDACTED/models/dtmi:example:Room;1819871?includeModelDefinition=true&api-version=2023-10-31",
      "RequestMethod": "GET",
      "RequestHeaders": {
        "Accept": "application/json",
        "Authorization": "Sanitized",
        "Content-Length": "0",
        "Date": "Fri, 16 May 2025 22:06:29 GMT",
        "User-Agent": "azsdk-java-azure-digitaltwins-core/1.6.0 (11.0.22; Windows 11; 10.0)",
        "x-ms-client-request-id": "Sanitized"
      },
      "RequestBody": null,
      "StatusCode": 404,
      "ResponseHeaders": {
        "Content-Length": "210",
        "Content-Type": "application/json; charset=utf-8",
        "Date": "Fri, 16 May 2025 22:06:33 GMT",
        "mise-correlation-id": "4cee0270-7803-453f-88b4-3e6c9071033f",
        "Strict-Transport-Security": "max-age=2592000",
        "traceresponse": "00-8121963002fda6c3a45070cc3771930b-c33e8b8427ad2670-01",
        "x-ms-error-code": "ModelNotFound"
      },
      "ResponseBody": {
        "error": {
          "code": "ModelNotFound",
          "message": "There is no Model(s) available that matches the provided id(s) dtmi:example:Room;1819871. Check that the Model ID provided is valid by doing a Model_List API call."
        }
      }
    },
    {
      "RequestUri": "https://REDACTED/models?api-version=2023-10-31",
      "RequestMethod": "POST",
      "RequestHeaders": {
        "Accept": "application/json",
        "Authorization": "Sanitized",
        "Content-Length": "494",
        "Content-Type": "application/json",
        "Date": "Fri, 16 May 2025 22:06:29 GMT",
        "User-Agent": "azsdk-java-azure-digitaltwins-core/1.6.0 (11.0.22; Windows 11; 10.0)",
        "x-ms-client-request-id": "Sanitized"
      },
      "RequestBody": "[{\"@id\":\"dtmi:example:Room;1819871\",\"@type\":\"Interface\",\"displayName\":\"Room\",\"description\":\"An enclosure inside a building.\",\"contents\":[{\"@type\":\"Relationship\",\"name\":\"containedIn\",\"target\":\"dtmi:example:Floor;1266110\"},{\"@type\":\"Property\",\"name\":\"Temperature\",\"schema\":\"double\"},{\"@type\":\"Property\",\"name\":\"Humidity\",\"schema\":\"double\"},{\"@type\":\"Property\",\"name\":\"IsOccupied\",\"schema\":\"boolean\"},{\"@type\":\"Property\",\"name\":\"EmployeeId\",\"schema\":\"string\"}],\"@context\":[\"dtmi:dtdl:context;2\"]}]",
      "StatusCode": 201,
      "ResponseHeaders": {
        "Content-Length": "191",
        "Content-Type": "application/json; charset=utf-8",
        "Date": "Fri, 16 May 2025 22:06:33 GMT",
        "mise-correlation-id": "323471af-6bf8-4fbe-8b43-5ea2cf2a2aa9",
        "Strict-Transport-Security": "max-age=2592000",
        "traceresponse": "00-fa32bae95e716f6c1a4765d4eca3d78a-f66646182a577ab6-01"
      },
      "ResponseBody": "[{\"id\":\"dtmi:example:Room;1819871\",\"description\":{\"en\":\"An enclosure inside a building.\"},\"displayName\":{\"en\":\"Room\"},\"decommissioned\":false,\"uploadTime\":\"2025-05-16T22:06:34.4984283+00:00\"}]"
    },
    {
      "RequestUri": "https://REDACTED/digitaltwins/roomTwin813446?api-version=2023-10-31",
      "RequestMethod": "PUT",
      "RequestHeaders": {
        "Accept": "application/json",
        "Authorization": "Sanitized",
        "Content-Length": "126",
        "Content-Type": "application/json",
        "Date": "Fri, 16 May 2025 22:06:29 GMT",
        "User-Agent": "azsdk-java-azure-digitaltwins-core/1.6.0 (11.0.22; Windows 11; 10.0)",
        "x-ms-client-request-id": "Sanitized"
      },
      "RequestBody": {
        "$metadata": {
          "$model": "dtmi:example:Room;1819871"
        },
        "IsOccupied": true,
        "Temperature": 80,
        "Humidity": 25,
        "EmployeeId": "Employee1"
      },
      "StatusCode": 200,
      "ResponseHeaders": {
        "Content-Length": "504",
        "Content-Type": "application/json; charset=utf-8",
        "Date": "Fri, 16 May 2025 22:06:34 GMT",
        "ETag": "W/\"b190fb09-e910-470f-a6f8-732f91394140\"",
        "mise-correlation-id": "4b0cbe9b-ce26-4d55-9fa8-5b8249871661",
        "Strict-Transport-Security": "max-age=2592000",
        "traceresponse": "00-06215764b83f9da43f7768f16d87d4c0-28f84f3bd057f12a-01"
      },
      "ResponseBody": {
        "$dtId": "roomTwin813446",
        "$etag": "W/\"b190fb09-e910-470f-a6f8-732f91394140\"",
        "IsOccupied": true,
        "Temperature": 80,
        "Humidity": 25,
        "EmployeeId": "Employee1",
        "$metadata": {
          "$model": "dtmi:example:Room;1819871",
          "$lastUpdateTime": "2025-05-16T22:06:34.6314848Z",
          "IsOccupied": {
            "lastUpdateTime": "2025-05-16T22:06:34.6314848Z"
          },
          "Temperature": {
            "lastUpdateTime": "2025-05-16T22:06:34.6314848Z"
          },
          "Humidity": {
            "lastUpdateTime": "2025-05-16T22:06:34.6314848Z"
          },
          "EmployeeId": {
            "lastUpdateTime": "2025-05-16T22:06:34.6314848Z"
          }
        }
      }
    },
    {
      "RequestUri": "https://REDACTED/digitaltwins/roomTwin813446?api-version=2023-10-31",
      "RequestMethod": "GET",
      "RequestHeaders": {
        "Accept": "application/json",
        "Authorization": "Sanitized",
        "Content-Length": "0",
        "Date": "Fri, 16 May 2025 22:06:29 GMT",
        "User-Agent": "azsdk-java-azure-digitaltwins-core/1.6.0 (11.0.22; Windows 11; 10.0)",
        "x-ms-client-request-id": "Sanitized"
      },
      "RequestBody": null,
      "StatusCode": 200,
      "ResponseHeaders": {
        "Content-Length": "504",
        "Content-Type": "application/json; charset=utf-8",
        "Date": "Fri, 16 May 2025 22:06:34 GMT",
        "ETag": "W/\"b190fb09-e910-470f-a6f8-732f91394140\"",
        "mise-correlation-id": "06ac8b01-a564-4636-bb70-e28c9bf51cb0",
        "Strict-Transport-Security": "max-age=2592000",
        "traceresponse": "00-0ac2612a3c7e636c1b16827c5bf92539-d47e854e611d6f7c-01"
      },
      "ResponseBody": {
        "$dtId": "roomTwin813446",
        "$etag": "W/\"b190fb09-e910-470f-a6f8-732f91394140\"",
        "IsOccupied": true,
        "Temperature": 80,
        "Humidity": 25,
        "EmployeeId": "Employee1",
        "$metadata": {
          "$model": "dtmi:example:Room;1819871",
          "$lastUpdateTime": "2025-05-16T22:06:34.6314848Z",
          "IsOccupied": {
            "lastUpdateTime": "2025-05-16T22:06:34.6314848Z"
          },
          "Temperature": {
            "lastUpdateTime": "2025-05-16T22:06:34.6314848Z"
          },
          "Humidity": {
            "lastUpdateTime": "2025-05-16T22:06:34.6314848Z"
          },
          "EmployeeId": {
            "lastUpdateTime": "2025-05-16T22:06:34.6314848Z"
          }
        }
      }
    },
    {
      "RequestUri": "https://REDACTED/digitaltwins/roomTwin813446?api-version=2023-10-31",
      "RequestMethod": "PATCH",
      "RequestHeaders": {
        "Accept": "application/json",
        "Authorization": "Sanitized",
        "Content-Length": "131",
        "Content-Type": "application/json-patch+json",
        "Date": "Fri, 16 May 2025 22:06:29 GMT",
        "User-Agent": "azsdk-java-azure-digitaltwins-core/1.6.0 (11.0.22; Windows 11; 10.0)",
        "x-ms-client-request-id": "Sanitized"
      },
      "RequestBody": "[{\"op\":\"add\",\"path\":\"/Humidity\",\"value\":30},{\"op\":\"replace\",\"path\":\"/Temperature\",\"value\":70},{\"op\":\"remove\",\"path\":\"/EmployeeId\"}]",
      "StatusCode": 204,
      "ResponseHeaders": {
        "Content-Length": "0",
        "Date": "Fri, 16 May 2025 22:06:34 GMT",
        "ETag": "W/\"99537042-454e-4eeb-9c8e-33222296d93a\"",
        "mise-correlation-id": "745abb75-9752-40fc-8c3a-45eaea8b1cae",
        "Strict-Transport-Security": "max-age=2592000",
        "traceresponse": "00-49c63fbd49b403d361ffe80599a2e9ee-fa59ed8f9652a322-01"
      },
      "ResponseBody": null
    },
    {
      "RequestUri": "https://REDACTED/digitaltwins/roomTwin813446?api-version=2023-10-31",
      "RequestMethod": "GET",
      "RequestHeaders": {
        "Accept": "application/json",
        "Authorization": "Sanitized",
        "Content-Length": "0",
        "Date": "Fri, 16 May 2025 22:06:29 GMT",
        "User-Agent": "azsdk-java-azure-digitaltwins-core/1.6.0 (11.0.22; Windows 11; 10.0)",
        "x-ms-client-request-id": "Sanitized"
      },
      "RequestBody": null,
      "StatusCode": 200,
      "ResponseHeaders": {
        "Content-Length": "416",
        "Content-Type": "application/json; charset=utf-8",
        "Date": "Fri, 16 May 2025 22:06:34 GMT",
        "ETag": "W/\"99537042-454e-4eeb-9c8e-33222296d93a\"",
        "mise-correlation-id": "b4901388-6c6f-4d2b-be2f-32c55b4fe9f3",
        "Strict-Transport-Security": "max-age=2592000",
        "traceresponse": "00-7e6dd697421a2de4cc43b6a7ad209fc4-aa82aad1cbec3f5b-01"
      },
      "ResponseBody": {
        "$dtId": "roomTwin813446",
        "$etag": "W/\"99537042-454e-4eeb-9c8e-33222296d93a\"",
        "IsOccupied": true,
        "Temperature": 70,
        "Humidity": 30,
        "$metadata": {
          "$model": "dtmi:example:Room;1819871",
          "$lastUpdateTime": "2025-05-16T22:06:34.8253066Z",
          "IsOccupied": {
            "lastUpdateTime": "2025-05-16T22:06:34.6314848Z"
          },
          "Temperature": {
            "lastUpdateTime": "2025-05-16T22:06:34.8253066Z"
          },
          "Humidity": {
            "lastUpdateTime": "2025-05-16T22:06:34.8253066Z"
          }
        }
      }
    },
    {
      "RequestUri": "https://REDACTED/digitaltwins/roomTwin813446?api-version=2023-10-31",
      "RequestMethod": "DELETE",
      "RequestHeaders": {
        "Accept": "application/json",
        "Authorization": "Sanitized",
        "Content-Length": "0",
        "Date": "Fri, 16 May 2025 22:06:30 GMT",
        "User-Agent": "azsdk-java-azure-digitaltwins-core/1.6.0 (11.0.22; Windows 11; 10.0)",
        "x-ms-client-request-id": "Sanitized"
      },
      "RequestBody": null,
      "StatusCode": 204,
      "ResponseHeaders": {
        "Content-Length": "0",
        "Date": "Fri, 16 May 2025 22:06:34 GMT",
        "mise-correlation-id": "b6fd9494-8aa6-4754-87e6-ebfc7f3a4e09",
        "Strict-Transport-Security": "max-age=2592000",
        "traceresponse": "00-4c779c1153c8ae89853b37a4297f95f2-67b0c716af5fa816-01"
      },
      "ResponseBody": null
    },
    {
      "RequestUri": "https://REDACTED/models/dtmi:example:Room;1819871?api-version=2023-10-31",
      "RequestMethod": "DELETE",
      "RequestHeaders": {
        "Accept": "application/json",
        "Authorization": "Sanitized",
        "Content-Length": "0",
        "Date": "Fri, 16 May 2025 22:06:30 GMT",
        "User-Agent": "azsdk-java-azure-digitaltwins-core/1.6.0 (11.0.22; Windows 11; 10.0)",
        "x-ms-client-request-id": "Sanitized"
      },
      "RequestBody": null,
      "StatusCode": 204,
      "ResponseHeaders": {
        "Content-Length": "0",
        "Date": "Fri, 16 May 2025 22:06:34 GMT",
        "mise-correlation-id": "f570cafb-e3e3-42e9-b782-b604707ac6c0",
        "Strict-Transport-Security": "max-age=2592000",
        "traceresponse": "00-9d96850edd3c62e2fe55b9b8466f45be-f0dee968427223a2-01"
      },
      "ResponseBody": null
    }
  ],
  "Variables": {
    "0": "035668",
    "1": "48833d",
    "2": "031093"
  }
}
