{
  "Entries": [
    {
      "RequestUri": "https://sanitized.skype.com/identities?api-version=2023-10-01",
      "RequestMethod": "POST",
      "RequestHeaders": {
        "Accept": "application/json",
        "Authorization": "Sanitized",
        "Content-Length": "2",
        "Content-Type": "application/json",
        "traceparent": "00-6460bb56f27ae4af12bd44c07ba88092-0e8dab702364359f-00",
        "User-Agent": "azsdk-net-Communication.Identity/1.4.0-alpha.20250129.1 (.NET 8.0.12; Microsoft Windows 10.0.26100)",
        "x-ms-client-request-id": "Sanitized",
        "x-ms-content-sha256": "Sanitized",
        "x-ms-date": "Wed, 29 Jan 2025 09:06:06 GMT",
        "x-ms-return-client-request-id": "true"
      },
      "RequestBody": {},
      "StatusCode": 201,
      "ResponseHeaders": {
        "api-supported-versions": "2020-07-20-preview2, 2021-03-07, 2021-10-31-preview, 2021-11-01, 2022-06-01, 2022-10-01, 2023-10-01",
        "Connection": "keep-alive",
        "Content-Length": "31",
        "Content-Type": "application/json; charset=utf-8",
        "Date": "Wed, 29 Jan 2025 09:06:06 GMT",
        "MS-CV": "Sanitized",
        "Request-Context": "appId=",
        "Strict-Transport-Security": "max-age=31536000;includeSubDomains",
        "x-azure-ref": "Sanitized",
        "X-Cache": "CONFIG_NOCACHE",
        "x-ms-client-request-id": "Sanitized",
        "X-Processing-Time": "17ms"
      },
      "ResponseBody": {
        "identity": {
          "id": "Sanitized"
        }
      }
    },
    {
      "RequestUri": "https://sanitized.skype.com/identities?api-version=2023-10-01",
      "RequestMethod": "POST",
      "RequestHeaders": {
        "Accept": "application/json",
        "Authorization": "Sanitized",
        "Content-Length": "2",
        "Content-Type": "application/json",
        "traceparent": "00-91fa58516557c09b7da9b834e00f8693-d04998c2db677ac5-00",
        "User-Agent": "azsdk-net-Communication.Identity/1.4.0-alpha.20250129.1 (.NET 8.0.12; Microsoft Windows 10.0.26100)",
        "x-ms-client-request-id": "Sanitized",
        "x-ms-content-sha256": "Sanitized",
        "x-ms-date": "Wed, 29 Jan 2025 09:06:06 GMT",
        "x-ms-return-client-request-id": "true"
      },
      "RequestBody": {},
      "StatusCode": 201,
      "ResponseHeaders": {
        "api-supported-versions": "2020-07-20-preview2, 2021-03-07, 2021-10-31-preview, 2021-11-01, 2022-06-01, 2022-10-01, 2023-10-01",
        "Connection": "keep-alive",
        "Content-Length": "31",
        "Content-Type": "application/json; charset=utf-8",
        "Date": "Wed, 29 Jan 2025 09:06:07 GMT",
        "MS-CV": "Sanitized",
        "Request-Context": "appId=",
        "Strict-Transport-Security": "max-age=31536000;includeSubDomains",
        "x-azure-ref": "Sanitized",
        "X-Cache": "CONFIG_NOCACHE",
        "x-ms-client-request-id": "Sanitized",
        "X-Processing-Time": "14ms"
      },
      "ResponseBody": {
        "identity": {
          "id": "Sanitized"
        }
      }
    },
    {
      "RequestUri": "https://sanitized.skype.com/api/servicebuscallback/subscribe?q=Sanitized",
      "RequestMethod": "POST",
      "RequestHeaders": {
        "Accept": "application/json",
        "Authorization": "Sanitized",
        "Content-Length": "0",
        "User-Agent": "azsdk-net-Communication.CallAutomation/1.4.0-alpha.20250129.1 (.NET 8.0.12; Microsoft Windows 10.0.26100)",
        "x-ms-client-request-id": "Sanitized",
        "x-ms-content-sha256": "Sanitized",
        "x-ms-date": "Wed, 29 Jan 2025 09:06:06 GMT",
        "x-ms-return-client-request-id": "true"
      },
      "RequestBody": null,
      "StatusCode": 200,
      "ResponseHeaders": {
        "Content-Length": "0",
        "Date": "Wed, 29 Jan 2025 09:06:09 GMT",
        "Server": "Microsoft-IIS/10.0",
        "X-Powered-By": "ASP.NET"
      },
      "ResponseBody": null
    },
    {
      "RequestUri": "https://sanitized.skype.com/calling/callConnections?api-version=2024-09-01-preview",
      "RequestMethod": "POST",
      "RequestHeaders": {
        "Accept": "application/json",
        "Authorization": "Sanitized",
        "Content-Length": "239",
        "Content-Type": "application/json",
        "Repeatability-First-Sent": "Sanitized",
        "Repeatability-Request-ID": "Sanitized",
        "traceparent": "00-436788476b0910b8ee8b8fff68d7a1b9-997f657ce1aabf4e-00",
        "User-Agent": "azsdk-net-Communication.CallAutomation/1.4.0-alpha.20250129.1 (.NET 8.0.12; Microsoft Windows 10.0.26100)",
        "x-ms-client-request-id": "Sanitized",
        "x-ms-content-sha256": "Sanitized",
        "x-ms-date": "Wed, 29 Jan 2025 09:06:09 GMT",
        "x-ms-return-client-request-id": "true"
      },
      "RequestBody": {
        "targets": [
          {
            "rawId": "Sanitized",
            "communicationUser": {
              "id": "Sanitized"
            }
          }
        ],
        "source": {
          "id": "Sanitized"
        },
        "callbackUri": "https://sanitized.skype.com/api/servicebuscallback/events?q=SanitizedSanitized",
        "customCallingContext": {
          "voipHeaders": {}
        }
      },
      "StatusCode": 201,
      "ResponseHeaders": {
        "Connection": "keep-alive",
        "Content-Length": "687",
        "Content-Type": "application/json; charset=utf-8",
        "Date": "Wed, 29 Jan 2025 09:06:10 GMT",
        "Strict-Transport-Security": "max-age=31536000;includeSubDomains",
        "x-azure-ref": "Sanitized",
        "X-Cache": "CONFIG_NOCACHE",
        "X-Microsoft-Skype-Chain-ID": "164934b1-1c29-48b2-84ea-5bb782ce50f0",
        "X-Microsoft-Skype-Client": "azsdk-net-Communication.CallAutomation/1.4.0-alpha.20250129.1 (.NET 8.0.12; Microsoft Windows 10.0.26100)",
        "x-ms-client-request-id": "Sanitized"
      },
      "ResponseBody": {
        "callConnectionId": "09002680-50bf-4da0-a633-462179f0a185",
        "targets": [
          {
            "rawId": "Sanitized",
            "kind": "communicationUser",
            "communicationUser": {
              "id": "Sanitized"
            }
          }
        ],
        "callConnectionState": "connecting",
        "callbackUri": "https://sanitized.skype.com/api/servicebuscallback/events?q=SanitizedSanitized",
        "sourceDisplayName": "",
        "source": {
          "rawId": "Sanitized",
          "kind": "communicationUser",
          "communicationUser": {
            "id": "Sanitized"
          }
        },
        "correlationId": "164934b1-1c29-48b2-84ea-5bb782ce50f0",
        "mediaSubscriptionId": "237814b2-f57f-43ef-8a14-40d200f4ea81",
        "dataSubscriptionId": "55145680-9714-44c3-ad5b-a34cbd306fb3",
        "mediaStreamingSubscription": {
          "id": "Sanitized",
          "state": "disabled",
          "subscribedContentTypes": [
            "audio"
          ]
        }
      }
    },
    {
      "RequestUri": "https://sanitized.skype.com/calling/callConnections:answer?api-version=2024-09-01-preview",
      "RequestMethod": "POST",
      "RequestHeaders": {
        "Accept": "application/json",
        "Authorization": "Sanitized",
        "Content-Length": "220",
        "Content-Type": "application/json",
        "Repeatability-First-Sent": "Sanitized",
        "Repeatability-Request-ID": "Sanitized",
        "traceparent": "00-95c9aba0f19843535f87444710afab49-acd08b67a98e05f6-00",
        "User-Agent": "azsdk-net-Communication.CallAutomation/1.4.0-alpha.20250129.1 (.NET 8.0.12; Microsoft Windows 10.0.26100)",
        "x-ms-client-request-id": "Sanitized",
        "x-ms-content-sha256": "Sanitized",
        "x-ms-date": "Wed, 29 Jan 2025 09:06:11 GMT",
        "x-ms-return-client-request-id": "true"
      },
      "RequestBody": {
        "incomingCallContext": "Sanitized",
        "callbackUri": "https://sanitized.skype.com/api/servicebuscallback/events?q=SanitizedSanitized",
        "customCallingContext": {
          "voipHeaders": {},
          "sipHeaders": {}
        },
        "answeredBy": {
          "id": "Sanitized"
        }
      },
      "StatusCode": 200,
      "ResponseHeaders": {
        "Accept-Ranges": "bytes",
        "Connection": "keep-alive",
        "Content-Length": "906",
        "Content-Type": "application/json; charset=utf-8",
        "Date": "Wed, 29 Jan 2025 09:06:12 GMT",
        "Strict-Transport-Security": "max-age=31536000;includeSubDomains",
        "x-azure-ref": "Sanitized",
        "X-Cache": "CONFIG_NOCACHE",
        "X-Microsoft-Skype-Chain-ID": "164934b1-1c29-48b2-84ea-5bb782ce50f0",
        "X-Microsoft-Skype-Client": "azsdk-net-Communication.CallAutomation/1.4.0-alpha.20250129.1 (.NET 8.0.12; Microsoft Windows 10.0.26100)",
        "x-ms-client-request-id": "Sanitized"
      },
      "ResponseBody": {
        "callConnectionId": "09002680-c02a-4485-a01c-f4b8cf36583f",
        "serverCallId": "aHR0cHM6Ly9hcGkuZmxpZ2h0cHJveHkuc2t5cGUuY29tL2FwaS92Mi9jcC9jb252LWpwd2UtMDQtcHJvZC1ha3MuY29udi5za3lwZS5jb20vY29udi9uZUw2VFh1V29FMjVTOVdmS3YtSlJ3P2k9MTAtNjAtMjAtMTUxJmU9NjM4NzMzNDkwNjg4NzI3MjUx",
        "targets": [
          {
            "rawId": "Sanitized",
            "kind": "communicationUser",
            "communicationUser": {
              "id": "Sanitized"
            }
          }
        ],
        "callConnectionState": "connecting",
        "callbackUri": "https://sanitized.skype.com/api/servicebuscallback/events?q=SanitizedSanitized",
        "source": {
          "rawId": "Sanitized",
          "kind": "communicationUser",
          "communicationUser": {
            "id": "Sanitized"
          }
        },
        "correlationId": "164934b1-1c29-48b2-84ea-5bb782ce50f0",
        "answeredBy": {
          "id": "Sanitized"
        },
        "mediaSubscriptionId": "d0cb117c-e73a-48ff-b53b-c45506772494",
        "dataSubscriptionId": "cd8ce507-2f1c-4c0f-9b00-8c290c888eab",
        "mediaStreamingSubscription": {
          "id": "Sanitized",
          "state": "disabled",
          "subscribedContentTypes": [
            "audio"
          ]
        }
      }
    },
    {
      "RequestUri": "https://sanitized.skype.com/calling/callConnections:connect?api-version=2024-09-01-preview",
      "RequestMethod": "POST",
      "RequestHeaders": {
        "Accept": "application/json",
        "Authorization": "Sanitized",
        "Content-Length": "349",
        "Content-Type": "application/json",
        "Repeatability-First-Sent": "Sanitized",
        "Repeatability-Request-ID": "Sanitized",
        "traceparent": "00-e0802dfcb4c7122878389a1ec87a1ab0-407126a29f9f5bcd-00",
        "User-Agent": "azsdk-net-Communication.CallAutomation/1.4.0-alpha.20250129.1 (.NET 8.0.12; Microsoft Windows 10.0.26100)",
        "x-ms-client-request-id": "Sanitized",
        "x-ms-content-sha256": "Sanitized",
        "x-ms-date": "Wed, 29 Jan 2025 09:06:14 GMT",
        "x-ms-return-client-request-id": "true"
      },
      "RequestBody": {
        "callLocator": {
          "serverCallId": "aHR0cHM6Ly9hcGkuZmxpZ2h0cHJveHkuc2t5cGUuY29tL2FwaS92Mi9jcC9jb252LWpwd2UtMDQtcHJvZC1ha3MuY29udi5za3lwZS5jb20vY29udi9uZUw2VFh1V29FMjVTOVdmS3YtSlJ3P2k9MTAtNjAtMjAtMTUxJmU9NjM4NzMzNDkwNjg4NzI3MjUx",
          "kind": "serverCallLocator"
        },
        "callbackUri": "https://sanitized.skype.com/api/servicebuscallback/events?q=SanitizedSanitized"
      },
      "StatusCode": 200,
      "ResponseHeaders": {
        "Accept-Ranges": "bytes",
        "Connection": "keep-alive",
        "Content-Length": "480",
        "Content-Type": "application/json; charset=utf-8",
        "Date": "Wed, 29 Jan 2025 09:06:15 GMT",
        "Strict-Transport-Security": "max-age=31536000;includeSubDomains",
        "x-azure-ref": "Sanitized",
        "X-Cache": "CONFIG_NOCACHE",
        "X-Microsoft-Skype-Chain-ID": "b28475d0-e5e3-41f6-8390-de8e5bcfd661",
        "X-Microsoft-Skype-Client": "azsdk-net-Communication.CallAutomation/1.4.0-alpha.20250129.1 (.NET 8.0.12; Microsoft Windows 10.0.26100)",
        "x-ms-client-request-id": "Sanitized"
      },
      "ResponseBody": {
        "callConnectionId": "09002680-1ba7-4aba-b4dd-79114ba7c52d",
        "targets": [],
        "callConnectionState": "connecting",
        "callbackUri": "https://sanitized.skype.com/api/servicebuscallback/events?q=SanitizedSanitized",
        "correlationId": "b28475d0-e5e3-41f6-8390-de8e5bcfd661",
        "mediaSubscriptionId": "4814482c-4a61-4cef-be6f-0dd04d57b7e0",
        "dataSubscriptionId": "4449e951-16ab-44a4-af35-90fb7f101d4f",
        "mediaStreamingSubscription": {
          "id": "Sanitized",
          "state": "disabled",
          "subscribedContentTypes": [
            "audio"
          ]
        }
      }
    },
    {
      "RequestUri": "https://sanitized.skype.com/calling/callConnections/09002680-1ba7-4aba-b4dd-79114ba7c52d?api-version=2024-09-01-preview",
      "RequestMethod": "GET",
      "RequestHeaders": {
        "Accept": "application/json",
        "Authorization": "Sanitized",
        "User-Agent": "azsdk-net-Communication.CallAutomation/1.4.0-alpha.20250129.1 (.NET 8.0.12; Microsoft Windows 10.0.26100)",
        "x-ms-client-request-id": "Sanitized",
        "x-ms-content-sha256": "Sanitized",
        "x-ms-date": "Wed, 29 Jan 2025 09:06:17 GMT",
        "x-ms-return-client-request-id": "true"
      },
      "RequestBody": null,
      "StatusCode": 200,
      "ResponseHeaders": {
        "Accept-Ranges": "bytes",
        "Connection": "keep-alive",
        "Content-Length": "713",
        "Content-Type": "application/json; charset=utf-8",
        "Date": "Wed, 29 Jan 2025 09:06:18 GMT",
        "Strict-Transport-Security": "max-age=31536000;includeSubDomains",
        "x-azure-ref": "Sanitized",
        "X-Cache": "CONFIG_NOCACHE",
        "X-Microsoft-Skype-Chain-ID": "164934b1-1c29-48b2-84ea-5bb782ce50f0",
        "X-Microsoft-Skype-Client": "azsdk-net-Communication.CallAutomation/1.4.0-alpha.20250129.1 (.NET 8.0.12; Microsoft Windows 10.0.26100)",
        "x-ms-client-request-id": "Sanitized"
      },
      "ResponseBody": {
        "callConnectionId": "09002680-1ba7-4aba-b4dd-79114ba7c52d",
        "serverCallId": "aHR0cHM6Ly9hcGkuZmxpZ2h0cHJveHkuc2t5cGUuY29tL2FwaS92Mi9jcC9jb252LWpwd2UtMDQtcHJvZC1ha3MuY29udi5za3lwZS5jb20vY29udi9uZUw2VFh1V29FMjVTOVdmS3YtSlJ3P2k9MTAtNjAtMjAtMTUxJmU9NjM4NzMzNDkwNjg4NzI3MjUx",
        "targets": [],
        "callConnectionState": "connected",
        "callbackUri": "https://sanitized.skype.com/api/servicebuscallback/events?q=SanitizedSanitized",
        "correlationId": "164934b1-1c29-48b2-84ea-5bb782ce50f0",
        "mediaSubscriptionId": "4814482c-4a61-4cef-be6f-0dd04d57b7e0",
        "dataSubscriptionId": "4449e951-16ab-44a4-af35-90fb7f101d4f",
        "mediaStreamingSubscription": {
          "state": "disabled"
        },
        "transcriptionSubscription": {
          "state": "disabled",
          "subscribedResultTypes": []
        }
      }
    },
    {
      "RequestUri": "https://sanitized.skype.com/calling/callConnections/09002680-1ba7-4aba-b4dd-79114ba7c52d?api-version=2024-09-01-preview",
      "RequestMethod": "DELETE",
      "RequestHeaders": {
        "Accept": "application/json",
        "Authorization": "Sanitized",
        "User-Agent": "azsdk-net-Communication.CallAutomation/1.4.0-alpha.20250129.1 (.NET 8.0.12; Microsoft Windows 10.0.26100)",
        "x-ms-client-request-id": "Sanitized",
        "x-ms-content-sha256": "Sanitized",
        "x-ms-date": "Wed, 29 Jan 2025 09:06:17 GMT",
        "x-ms-return-client-request-id": "true"
      },
      "RequestBody": null,
      "StatusCode": 204,
      "ResponseHeaders": {
        "Connection": "keep-alive",
        "Content-Length": "0",
        "Date": "Wed, 29 Jan 2025 09:06:18 GMT",
        "Strict-Transport-Security": "max-age=31536000;includeSubDomains",
        "x-azure-ref": "Sanitized",
        "X-Cache": "CONFIG_NOCACHE",
        "X-Microsoft-Skype-Chain-ID": "164934b1-1c29-48b2-84ea-5bb782ce50f0",
        "X-Microsoft-Skype-Client": "azsdk-net-Communication.CallAutomation/1.4.0-alpha.20250129.1 (.NET 8.0.12; Microsoft Windows 10.0.26100)",
        "x-ms-client-request-id": "Sanitized"
      },
      "ResponseBody": null
    },
    {
      "RequestUri": "https://sanitized.skype.com/calling/callConnections/09002680-c02a-4485-a01c-f4b8cf36583f?api-version=2024-09-01-preview",
      "RequestMethod": "DELETE",
      "RequestHeaders": {
        "Accept": "application/json",
        "Authorization": "Sanitized",
        "User-Agent": "azsdk-net-Communication.CallAutomation/1.4.0-alpha.20250129.1 (.NET 8.0.12; Microsoft Windows 10.0.26100)",
        "x-ms-client-request-id": "Sanitized",
        "x-ms-content-sha256": "Sanitized",
        "x-ms-date": "Wed, 29 Jan 2025 09:06:21 GMT",
        "x-ms-return-client-request-id": "true"
      },
      "RequestBody": null,
      "StatusCode": 204,
      "ResponseHeaders": {
        "Connection": "keep-alive",
        "Content-Length": "0",
        "Date": "Wed, 29 Jan 2025 09:06:21 GMT",
        "Strict-Transport-Security": "max-age=31536000;includeSubDomains",
        "x-azure-ref": "Sanitized",
        "X-Cache": "CONFIG_NOCACHE",
        "X-Microsoft-Skype-Chain-ID": "164934b1-1c29-48b2-84ea-5bb782ce50f0",
        "X-Microsoft-Skype-Client": "azsdk-net-Communication.CallAutomation/1.4.0-alpha.20250129.1 (.NET 8.0.12; Microsoft Windows 10.0.26100)",
        "x-ms-client-request-id": "Sanitized"
      },
      "ResponseBody": null
    },
    {
      "RequestUri": "https://sanitized.skype.com/api/servicebuscallback/unsubscribe?q=Sanitized",
      "RequestMethod": "POST",
      "RequestHeaders": {
        "Accept": "application/json",
        "Authorization": "Sanitized",
        "Content-Length": "0",
        "User-Agent": "azsdk-net-Communication.CallAutomation/1.4.0-alpha.20250129.1 (.NET 8.0.12; Microsoft Windows 10.0.26100)",
        "x-ms-client-request-id": "Sanitized",
        "x-ms-content-sha256": "Sanitized",
        "x-ms-date": "Wed, 29 Jan 2025 09:06:22 GMT",
        "x-ms-return-client-request-id": "true"
      },
      "RequestBody": null,
      "StatusCode": 200,
      "ResponseHeaders": {
        "Content-Length": "0",
        "Date": "Wed, 29 Jan 2025 09:06:23 GMT",
        "Server": "Microsoft-IIS/10.0",
        "X-Powered-By": "ASP.NET"
      },
      "ResponseBody": null
    }
  ],
  "Variables": {
    "COMMUNICATION_LIVETEST_STATIC_CONNECTION_STRING": "endpoint=https://sanitized.communication.azure.com/;accesskey=Kg==",
    "DISPATCHER_ENDPOINT": "https://sanitized.skype.com",
    "PMA_Endpoint": null,
    "RandomSeed": "1070499721",
    "SERVICEBUS_STRING": "Sanitized"
  }
}
