{
  "Entries": [
    {
      "RequestUri": "https://sanitized.communication.azure.net/routing/distributionPolicies/test_get_exception_policy_tst_dp?api-version=2024-01-18-preview",
      "RequestMethod": "PATCH",
      "RequestHeaders": {
        "Accept": "application/json",
        "Accept-Encoding": "gzip, deflate",
        "Authorization": "Sanitized",
        "Connection": "keep-alive",
        "Content-Length": "162",
        "Content-Type": "application/merge-patch\u002Bjson",
        "User-Agent": "azsdk-python-communication-jobrouter/1.1.0b1 Python/3.11.5 (Windows-10-10.0.22621-SP0)",
        "x-ms-client-request-id": "d1bdd1b6-d731-11ee-bd91-cc483a8c86b0",
        "x-ms-content-sha256": "Sanitized",
        "x-ms-date": "Thu, 29 Feb 2024 18:39:06 GMT",
        "x-ms-return-client-request-id": "true"
      },
      "RequestBody": {
        "name": "test_get_exception_policy_tst_dp",
        "offerExpiresAfterSeconds": 10.0,
        "mode": {
          "kind": "roundRobin",
          "minConcurrentOffers": 1,
          "maxConcurrentOffers": 1
        }
      },
      "StatusCode": 201,
      "ResponseHeaders": {
        "api-supported-versions": "2021-04-07-preview1, 2022-07-18-preview, 2023-08-25-preview, 2023-11-01, 2024-01-18-preview",
        "Connection": "keep-alive",
        "Content-Type": "application/json; charset=utf-8",
        "Date": "Thu, 29 Feb 2024 18:39:07 GMT",
        "ETag": "Sanitized",
        "Last-Modified": "Thu, 29 Feb 2024 18:39:07 GMT",
        "Request-Context": "appId=",
        "Strict-Transport-Security": "max-age=31536000;includeSubDomains",
        "trace-id": "2174f78f-0026-cf2c-4d95-7d4d33a919e3",
        "Transfer-Encoding": "chunked",
        "x-azure-ref": "20240229T183907Z-6kg1vwympt55bf3r6ag9whv6ws000000083000000000829m",
        "X-Cache": "CONFIG_NOCACHE"
      },
      "ResponseBody": {
        "id": "test_get_exception_policy_tst_dp",
        "name": "test_get_exception_policy_tst_dp",
        "offerExpiresAfterSeconds": 10,
        "mode": {
          "kind": "roundRobin",
          "minConcurrentOffers": 1,
          "maxConcurrentOffers": 1,
          "bypassSelectors": false
        },
        "etag": "Sanitized"
      }
    },
    {
      "RequestUri": "https://sanitized.communication.azure.net/routing/queues/test_get_exception_policy_tst_q?api-version=2024-01-18-preview",
      "RequestMethod": "PATCH",
      "RequestHeaders": {
        "Accept": "application/json",
        "Accept-Encoding": "gzip, deflate",
        "Authorization": "Sanitized",
        "Connection": "keep-alive",
        "Content-Length": "190",
        "Content-Type": "application/merge-patch\u002Bjson",
        "User-Agent": "azsdk-python-communication-jobrouter/1.1.0b1 Python/3.11.5 (Windows-10-10.0.22621-SP0)",
        "x-ms-client-request-id": "d1cd6855-d731-11ee-adef-cc483a8c86b0",
        "x-ms-content-sha256": "Sanitized",
        "x-ms-date": "Thu, 29 Feb 2024 18:39:06 GMT",
        "x-ms-return-client-request-id": "true"
      },
      "RequestBody": {
        "name": "test_get_exception_policy_tst_q",
        "distributionPolicyId": "test_get_exception_policy_tst_dp",
        "labels": {
          "key1": "QueueKey",
          "key2": 10,
          "key3": true,
          "key4": false,
          "key5": 10.1
        }
      },
      "StatusCode": 201,
      "ResponseHeaders": {
        "api-supported-versions": "2021-04-07-preview1, 2022-07-18-preview, 2023-08-25-preview, 2023-11-01, 2024-01-18-preview",
        "Connection": "keep-alive",
        "Content-Type": "application/json; charset=utf-8",
        "Date": "Thu, 29 Feb 2024 18:39:07 GMT",
        "ETag": "Sanitized",
        "Last-Modified": "Thu, 29 Feb 2024 18:39:07 GMT",
        "Request-Context": "appId=",
        "Strict-Transport-Security": "max-age=31536000;includeSubDomains",
        "trace-id": "8bc80216-72cf-7abb-195b-cc090c975d5d",
        "Transfer-Encoding": "chunked",
        "x-azure-ref": "20240229T183907Z-6kg1vwympt55bf3r6ag9whv6ws000000083000000000829r",
        "X-Cache": "CONFIG_NOCACHE"
      },
      "ResponseBody": {
        "id": "test_get_exception_policy_tst_q",
        "name": "test_get_exception_policy_tst_q",
        "distributionPolicyId": "test_get_exception_policy_tst_dp",
        "labels": {
          "key1": "QueueKey",
          "key2": 10,
          "key3": true,
          "key4": false,
          "key5": 10.1,
          "Id": "test_get_exception_policy_tst_q"
        },
        "etag": "Sanitized"
      }
    },
    {
      "RequestUri": "https://sanitized.communication.azure.net/routing/classificationPolicies/test_get_exception_policy_tst_cp?api-version=2024-01-18-preview",
      "RequestMethod": "PATCH",
      "RequestHeaders": {
        "Accept": "application/json",
        "Accept-Encoding": "gzip, deflate",
        "Authorization": "Sanitized",
        "Connection": "keep-alive",
        "Content-Length": "98",
        "Content-Type": "application/merge-patch\u002Bjson",
        "User-Agent": "azsdk-python-communication-jobrouter/1.1.0b1 Python/3.11.5 (Windows-10-10.0.22621-SP0)",
        "x-ms-client-request-id": "d1dc541e-d731-11ee-87d3-cc483a8c86b0",
        "x-ms-content-sha256": "Sanitized",
        "x-ms-date": "Thu, 29 Feb 2024 18:39:06 GMT",
        "x-ms-return-client-request-id": "true"
      },
      "RequestBody": {
        "name": "test_get_exception_policy_tst_cp",
        "fallbackQueueId": "test_get_exception_policy_tst_q"
      },
      "StatusCode": 201,
      "ResponseHeaders": {
        "api-supported-versions": "2021-04-07-preview1, 2022-07-18-preview, 2023-08-25-preview, 2023-11-01, 2024-01-18-preview",
        "Connection": "keep-alive",
        "Content-Type": "application/json; charset=utf-8",
        "Date": "Thu, 29 Feb 2024 18:39:07 GMT",
        "ETag": "Sanitized",
        "Last-Modified": "Thu, 29 Feb 2024 18:39:07 GMT",
        "Request-Context": "appId=",
        "Strict-Transport-Security": "max-age=31536000;includeSubDomains",
        "trace-id": "0120e58c-5383-4738-f204-e206b0760d32",
        "Transfer-Encoding": "chunked",
        "x-azure-ref": "20240229T183907Z-6kg1vwympt55bf3r6ag9whv6ws000000083000000000829t",
        "X-Cache": "CONFIG_NOCACHE"
      },
      "ResponseBody": {
        "id": "test_get_exception_policy_tst_cp",
        "name": "test_get_exception_policy_tst_cp",
        "fallbackQueueId": "test_get_exception_policy_tst_q",
        "queueSelectorAttachments": [],
        "workerSelectorAttachments": [],
        "etag": "Sanitized"
      }
    },
    {
      "RequestUri": "https://sanitized.communication.azure.net/routing/exceptionPolicies/tst_get_ep?api-version=2024-01-18-preview",
      "RequestMethod": "PATCH",
      "RequestHeaders": {
        "Accept": "application/json",
        "Accept-Encoding": "gzip, deflate",
        "Authorization": "Sanitized",
        "Connection": "keep-alive",
        "Content-Length": "158",
        "Content-Type": "application/merge-patch\u002Bjson",
        "User-Agent": "azsdk-python-communication-jobrouter/1.1.0b1 Python/3.11.5 (Windows-10-10.0.22621-SP0)",
        "x-ms-client-request-id": "d1ed2726-d731-11ee-8ff8-cc483a8c86b0",
        "x-ms-content-sha256": "Sanitized",
        "x-ms-date": "Thu, 29 Feb 2024 18:39:07 GMT",
        "x-ms-return-client-request-id": "true"
      },
      "RequestBody": {
        "name": "tst_get_ep",
        "exceptionRules": [
          {
            "id": "fakeExceptionRuleId",
            "trigger": {
              "kind": "queueLength",
              "threshold": 1
            },
            "actions": [
              {
                "kind": "cancel"
              }
            ]
          }
        ]
      },
      "StatusCode": 201,
      "ResponseHeaders": {
        "api-supported-versions": "2021-04-07-preview1, 2022-07-18-preview, 2023-08-25-preview, 2023-11-01, 2024-01-18-preview",
        "Connection": "keep-alive",
        "Content-Type": "application/json; charset=utf-8",
        "Date": "Thu, 29 Feb 2024 18:39:07 GMT",
        "ETag": "Sanitized",
        "Last-Modified": "Thu, 29 Feb 2024 18:39:07 GMT",
        "Request-Context": "appId=",
        "Strict-Transport-Security": "max-age=31536000;includeSubDomains",
        "trace-id": "ec3f6af7-dfbf-ed16-0625-e23cee9382ac",
        "Transfer-Encoding": "chunked",
        "x-azure-ref": "20240229T183907Z-6kg1vwympt55bf3r6ag9whv6ws000000083000000000829z",
        "X-Cache": "CONFIG_NOCACHE"
      },
      "ResponseBody": {
        "id": "tst_get_ep",
        "name": "tst_get_ep",
        "exceptionRules": [
          {
            "id": "fakeExceptionRuleId",
            "trigger": {
              "kind": "queueLength",
              "threshold": 1
            },
            "actions": [
              {
                "kind": "cancel",
                "id": "89d8419f-687e-4f2d-8c53-0761b4041c5f"
              }
            ]
          }
        ],
        "etag": "Sanitized"
      }
    },
    {
      "RequestUri": "https://sanitized.communication.azure.net/routing/exceptionPolicies/tst_get_ep?api-version=2024-01-18-preview",
      "RequestMethod": "GET",
      "RequestHeaders": {
        "Accept": "application/json",
        "Accept-Encoding": "gzip, deflate",
        "Authorization": "Sanitized",
        "Connection": "keep-alive",
        "User-Agent": "azsdk-python-communication-jobrouter/1.1.0b1 Python/3.11.5 (Windows-10-10.0.22621-SP0)",
        "x-ms-client-request-id": "d1fdb7f8-d731-11ee-8c44-cc483a8c86b0",
        "x-ms-content-sha256": "Sanitized",
        "x-ms-date": "Thu, 29 Feb 2024 18:39:07 GMT",
        "x-ms-return-client-request-id": "true"
      },
      "RequestBody": null,
      "StatusCode": 200,
      "ResponseHeaders": {
        "api-supported-versions": "2021-04-07-preview1, 2022-07-18-preview, 2023-08-25-preview, 2023-11-01, 2024-01-18-preview",
        "Connection": "keep-alive",
        "Content-Type": "application/json; charset=utf-8",
        "Date": "Thu, 29 Feb 2024 18:39:07 GMT",
        "ETag": "Sanitized",
        "Last-Modified": "Thu, 29 Feb 2024 18:39:07 GMT",
        "Request-Context": "appId=",
        "Strict-Transport-Security": "max-age=31536000;includeSubDomains",
        "trace-id": "4ae8496b-4c79-b6f1-90d7-8fab9ae846e1",
        "Transfer-Encoding": "chunked",
        "x-azure-ref": "20240229T183907Z-6kg1vwympt55bf3r6ag9whv6ws00000008300000000082a5",
        "X-Cache": "CONFIG_NOCACHE"
      },
      "ResponseBody": {
        "id": "tst_get_ep",
        "name": "tst_get_ep",
        "exceptionRules": [
          {
            "id": "fakeExceptionRuleId",
            "trigger": {
              "kind": "queueLength",
              "threshold": 1
            },
            "actions": [
              {
                "kind": "cancel",
                "id": "89d8419f-687e-4f2d-8c53-0761b4041c5f"
              }
            ]
          }
        ],
        "etag": "Sanitized"
      }
    },
    {
      "RequestUri": "https://sanitized.communication.azure.net/routing/exceptionPolicies/tst_get_ep?api-version=2024-01-18-preview",
      "RequestMethod": "PATCH",
      "RequestHeaders": {
        "Accept": "application/json",
        "Accept-Encoding": "gzip, deflate",
        "Authorization": "Sanitized",
        "Connection": "keep-alive",
        "Content-Length": "229",
        "Content-Type": "application/merge-patch\u002Bjson",
        "User-Agent": "azsdk-python-communication-jobrouter/1.1.0b1 Python/3.11.5 (Windows-10-10.0.22621-SP0)",
        "x-ms-client-request-id": "d2079315-d731-11ee-bf98-cc483a8c86b0",
        "x-ms-content-sha256": "Sanitized",
        "x-ms-date": "Thu, 29 Feb 2024 18:39:07 GMT",
        "x-ms-return-client-request-id": "true"
      },
      "RequestBody": {
        "name": "tst_get_ep",
        "exceptionRules": [
          {
            "id": "fakeExceptionRuleId",
            "trigger": {
              "kind": "queueLength",
              "threshold": 1
            },
            "actions": [
              {
                "kind": "manualReclassify",
                "queueId": "test_get_exception_policy_tst_q",
                "priority": 1
              }
            ]
          }
        ]
      },
      "StatusCode": 200,
      "ResponseHeaders": {
        "api-supported-versions": "2021-04-07-preview1, 2022-07-18-preview, 2023-08-25-preview, 2023-11-01, 2024-01-18-preview",
        "Connection": "keep-alive",
        "Content-Type": "application/json; charset=utf-8",
        "Date": "Thu, 29 Feb 2024 18:39:07 GMT",
        "ETag": "Sanitized",
        "Last-Modified": "Thu, 29 Feb 2024 18:39:07 GMT",
        "Request-Context": "appId=",
        "Strict-Transport-Security": "max-age=31536000;includeSubDomains",
        "trace-id": "db02bea8-e26c-3e87-afd3-31afd592bc52",
        "Transfer-Encoding": "chunked",
        "x-azure-ref": "20240229T183907Z-6kg1vwympt55bf3r6ag9whv6ws00000008300000000082a6",
        "X-Cache": "CONFIG_NOCACHE"
      },
      "ResponseBody": {
        "id": "tst_get_ep",
        "name": "tst_get_ep",
        "exceptionRules": [
          {
            "id": "fakeExceptionRuleId",
            "trigger": {
              "kind": "queueLength",
              "threshold": 1
            },
            "actions": [
              {
                "kind": "manualReclassify",
                "queueId": "test_get_exception_policy_tst_q",
                "priority": 1,
                "workerSelectors": [],
                "id": "edcb69f0-9d4b-4441-8bef-a5b8caae60d3"
              }
            ]
          }
        ],
        "etag": "Sanitized"
      }
    },
    {
      "RequestUri": "https://sanitized.communication.azure.net/routing/exceptionPolicies/tst_get_ep?api-version=2024-01-18-preview",
      "RequestMethod": "GET",
      "RequestHeaders": {
        "Accept": "application/json",
        "Accept-Encoding": "gzip, deflate",
        "Authorization": "Sanitized",
        "Connection": "keep-alive",
        "User-Agent": "azsdk-python-communication-jobrouter/1.1.0b1 Python/3.11.5 (Windows-10-10.0.22621-SP0)",
        "x-ms-client-request-id": "d218ba9c-d731-11ee-950a-cc483a8c86b0",
        "x-ms-content-sha256": "Sanitized",
        "x-ms-date": "Thu, 29 Feb 2024 18:39:07 GMT",
        "x-ms-return-client-request-id": "true"
      },
      "RequestBody": null,
      "StatusCode": 200,
      "ResponseHeaders": {
        "api-supported-versions": "2021-04-07-preview1, 2022-07-18-preview, 2023-08-25-preview, 2023-11-01, 2024-01-18-preview",
        "Connection": "keep-alive",
        "Content-Type": "application/json; charset=utf-8",
        "Date": "Thu, 29 Feb 2024 18:39:07 GMT",
        "ETag": "Sanitized",
        "Last-Modified": "Thu, 29 Feb 2024 18:39:07 GMT",
        "Request-Context": "appId=",
        "Strict-Transport-Security": "max-age=31536000;includeSubDomains",
        "trace-id": "8dd066cf-9d41-2fcc-8312-e18a965c3677",
        "Transfer-Encoding": "chunked",
        "x-azure-ref": "20240229T183907Z-6kg1vwympt55bf3r6ag9whv6ws00000008300000000082a8",
        "X-Cache": "CONFIG_NOCACHE"
      },
      "ResponseBody": {
        "id": "tst_get_ep",
        "name": "tst_get_ep",
        "exceptionRules": [
          {
            "id": "fakeExceptionRuleId",
            "trigger": {
              "kind": "queueLength",
              "threshold": 1
            },
            "actions": [
              {
                "kind": "manualReclassify",
                "queueId": "test_get_exception_policy_tst_q",
                "priority": 1,
                "workerSelectors": [],
                "id": "edcb69f0-9d4b-4441-8bef-a5b8caae60d3"
              }
            ]
          }
        ],
        "etag": "Sanitized"
      }
    },
    {
      "RequestUri": "https://sanitized.communication.azure.net/routing/exceptionPolicies/tst_get_ep?api-version=2024-01-18-preview",
      "RequestMethod": "PATCH",
      "RequestHeaders": {
        "Accept": "application/json",
        "Accept-Encoding": "gzip, deflate",
        "Authorization": "Sanitized",
        "Connection": "keep-alive",
        "Content-Length": "224",
        "Content-Type": "application/merge-patch\u002Bjson",
        "User-Agent": "azsdk-python-communication-jobrouter/1.1.0b1 Python/3.11.5 (Windows-10-10.0.22621-SP0)",
        "x-ms-client-request-id": "d2243d23-d731-11ee-8fe8-cc483a8c86b0",
        "x-ms-content-sha256": "Sanitized",
        "x-ms-date": "Thu, 29 Feb 2024 18:39:07 GMT",
        "x-ms-return-client-request-id": "true"
      },
      "RequestBody": {
        "name": "tst_get_ep",
        "exceptionRules": [
          {
            "id": "fakeExceptionRuleId",
            "trigger": {
              "kind": "queueLength",
              "threshold": 1
            },
            "actions": [
              {
                "kind": "reclassify",
                "classificationPolicyId": "test_get_exception_policy_tst_cp"
              }
            ]
          }
        ]
      },
      "StatusCode": 200,
      "ResponseHeaders": {
        "api-supported-versions": "2021-04-07-preview1, 2022-07-18-preview, 2023-08-25-preview, 2023-11-01, 2024-01-18-preview",
        "Connection": "keep-alive",
        "Content-Type": "application/json; charset=utf-8",
        "Date": "Thu, 29 Feb 2024 18:39:08 GMT",
        "ETag": "Sanitized",
        "Last-Modified": "Thu, 29 Feb 2024 18:39:08 GMT",
        "Request-Context": "appId=",
        "Strict-Transport-Security": "max-age=31536000;includeSubDomains",
        "trace-id": "bde69e70-85cb-5fd0-55fe-6c6b3204edc5",
        "Transfer-Encoding": "chunked",
        "x-azure-ref": "20240229T183907Z-6kg1vwympt55bf3r6ag9whv6ws00000008300000000082ab",
        "X-Cache": "CONFIG_NOCACHE"
      },
      "ResponseBody": {
        "id": "tst_get_ep",
        "name": "tst_get_ep",
        "exceptionRules": [
          {
            "id": "fakeExceptionRuleId",
            "trigger": {
              "kind": "queueLength",
              "threshold": 1
            },
            "actions": [
              {
                "kind": "reclassify",
                "classificationPolicyId": "test_get_exception_policy_tst_cp",
                "labelsToUpsert": {},
                "id": "0751d540-7199-44da-a951-058f8d7dc0e7"
              }
            ]
          }
        ],
        "etag": "Sanitized"
      }
    },
    {
      "RequestUri": "https://sanitized.communication.azure.net/routing/exceptionPolicies/tst_get_ep?api-version=2024-01-18-preview",
      "RequestMethod": "GET",
      "RequestHeaders": {
        "Accept": "application/json",
        "Accept-Encoding": "gzip, deflate",
        "Authorization": "Sanitized",
        "Connection": "keep-alive",
        "User-Agent": "azsdk-python-communication-jobrouter/1.1.0b1 Python/3.11.5 (Windows-10-10.0.22621-SP0)",
        "x-ms-client-request-id": "d23f8695-d731-11ee-981c-cc483a8c86b0",
        "x-ms-content-sha256": "Sanitized",
        "x-ms-date": "Thu, 29 Feb 2024 18:39:07 GMT",
        "x-ms-return-client-request-id": "true"
      },
      "RequestBody": null,
      "StatusCode": 200,
      "ResponseHeaders": {
        "api-supported-versions": "2021-04-07-preview1, 2022-07-18-preview, 2023-08-25-preview, 2023-11-01, 2024-01-18-preview",
        "Connection": "keep-alive",
        "Content-Type": "application/json; charset=utf-8",
        "Date": "Thu, 29 Feb 2024 18:39:08 GMT",
        "ETag": "Sanitized",
        "Last-Modified": "Thu, 29 Feb 2024 18:39:08 GMT",
        "Request-Context": "appId=",
        "Strict-Transport-Security": "max-age=31536000;includeSubDomains",
        "trace-id": "d9ce7b2c-5c89-4c33-aa8b-42f7ed61af97",
        "Transfer-Encoding": "chunked",
        "x-azure-ref": "20240229T183908Z-6kg1vwympt55bf3r6ag9whv6ws00000008300000000082ae",
        "X-Cache": "CONFIG_NOCACHE"
      },
      "ResponseBody": {
        "id": "tst_get_ep",
        "name": "tst_get_ep",
        "exceptionRules": [
          {
            "id": "fakeExceptionRuleId",
            "trigger": {
              "kind": "queueLength",
              "threshold": 1
            },
            "actions": [
              {
                "kind": "reclassify",
                "classificationPolicyId": "test_get_exception_policy_tst_cp",
                "labelsToUpsert": {},
                "id": "0751d540-7199-44da-a951-058f8d7dc0e7"
              }
            ]
          }
        ],
        "etag": "Sanitized"
      }
    },
    {
      "RequestUri": "https://sanitized.communication.azure.net/routing/exceptionPolicies/tst_get_ep?api-version=2024-01-18-preview",
      "RequestMethod": "PATCH",
      "RequestHeaders": {
        "Accept": "application/json",
        "Accept-Encoding": "gzip, deflate",
        "Authorization": "Sanitized",
        "Connection": "keep-alive",
        "Content-Length": "165",
        "Content-Type": "application/merge-patch\u002Bjson",
        "User-Agent": "azsdk-python-communication-jobrouter/1.1.0b1 Python/3.11.5 (Windows-10-10.0.22621-SP0)",
        "x-ms-client-request-id": "d249b145-d731-11ee-a2e4-cc483a8c86b0",
        "x-ms-content-sha256": "Sanitized",
        "x-ms-date": "Thu, 29 Feb 2024 18:39:07 GMT",
        "x-ms-return-client-request-id": "true"
      },
      "RequestBody": {
        "name": "tst_get_ep",
        "exceptionRules": [
          {
            "id": "fakeExceptionRuleId",
            "trigger": {
              "kind": "waitTime",
              "thresholdSeconds": 3600
            },
            "actions": [
              {
                "kind": "cancel"
              }
            ]
          }
        ]
      },
      "StatusCode": 200,
      "ResponseHeaders": {
        "api-supported-versions": "2021-04-07-preview1, 2022-07-18-preview, 2023-08-25-preview, 2023-11-01, 2024-01-18-preview",
        "Connection": "keep-alive",
        "Content-Type": "application/json; charset=utf-8",
        "Date": "Thu, 29 Feb 2024 18:39:08 GMT",
        "ETag": "Sanitized",
        "Last-Modified": "Thu, 29 Feb 2024 18:39:08 GMT",
        "Request-Context": "appId=",
        "Strict-Transport-Security": "max-age=31536000;includeSubDomains",
        "trace-id": "cd9ac697-93cf-e0d7-47e1-3afb85227865",
        "Transfer-Encoding": "chunked",
        "x-azure-ref": "20240229T183908Z-6kg1vwympt55bf3r6ag9whv6ws00000008300000000082ah",
        "X-Cache": "CONFIG_NOCACHE"
      },
      "ResponseBody": {
        "id": "tst_get_ep",
        "name": "tst_get_ep",
        "exceptionRules": [
          {
            "id": "fakeExceptionRuleId",
            "trigger": {
              "kind": "waitTime",
              "thresholdSeconds": 3600
            },
            "actions": [
              {
                "kind": "cancel",
                "id": "ece38145-3a3c-453a-87d0-7ac8cdc62442"
              }
            ]
          }
        ],
        "etag": "Sanitized"
      }
    },
    {
      "RequestUri": "https://sanitized.communication.azure.net/routing/exceptionPolicies/tst_get_ep?api-version=2024-01-18-preview",
      "RequestMethod": "GET",
      "RequestHeaders": {
        "Accept": "application/json",
        "Accept-Encoding": "gzip, deflate",
        "Authorization": "Sanitized",
        "Connection": "keep-alive",
        "User-Agent": "azsdk-python-communication-jobrouter/1.1.0b1 Python/3.11.5 (Windows-10-10.0.22621-SP0)",
        "x-ms-client-request-id": "d259ced8-d731-11ee-ac7f-cc483a8c86b0",
        "x-ms-content-sha256": "Sanitized",
        "x-ms-date": "Thu, 29 Feb 2024 18:39:07 GMT",
        "x-ms-return-client-request-id": "true"
      },
      "RequestBody": null,
      "StatusCode": 200,
      "ResponseHeaders": {
        "api-supported-versions": "2021-04-07-preview1, 2022-07-18-preview, 2023-08-25-preview, 2023-11-01, 2024-01-18-preview",
        "Connection": "keep-alive",
        "Content-Type": "application/json; charset=utf-8",
        "Date": "Thu, 29 Feb 2024 18:39:08 GMT",
        "ETag": "Sanitized",
        "Last-Modified": "Thu, 29 Feb 2024 18:39:08 GMT",
        "Request-Context": "appId=",
        "Strict-Transport-Security": "max-age=31536000;includeSubDomains",
        "trace-id": "b37692cf-5e11-488a-3c94-d703c2ef581b",
        "Transfer-Encoding": "chunked",
        "x-azure-ref": "20240229T183908Z-6kg1vwympt55bf3r6ag9whv6ws00000008300000000082am",
        "X-Cache": "CONFIG_NOCACHE"
      },
      "ResponseBody": {
        "id": "tst_get_ep",
        "name": "tst_get_ep",
        "exceptionRules": [
          {
            "id": "fakeExceptionRuleId",
            "trigger": {
              "kind": "waitTime",
              "thresholdSeconds": 3600
            },
            "actions": [
              {
                "kind": "cancel",
                "id": "ece38145-3a3c-453a-87d0-7ac8cdc62442"
              }
            ]
          }
        ],
        "etag": "Sanitized"
      }
    },
    {
      "RequestUri": "https://sanitized.communication.azure.net/routing/exceptionPolicies/tst_get_ep?api-version=2024-01-18-preview",
      "RequestMethod": "PATCH",
      "RequestHeaders": {
        "Accept": "application/json",
        "Accept-Encoding": "gzip, deflate",
        "Authorization": "Sanitized",
        "Connection": "keep-alive",
        "Content-Length": "236",
        "Content-Type": "application/merge-patch\u002Bjson",
        "User-Agent": "azsdk-python-communication-jobrouter/1.1.0b1 Python/3.11.5 (Windows-10-10.0.22621-SP0)",
        "x-ms-client-request-id": "d26395bb-d731-11ee-912f-cc483a8c86b0",
        "x-ms-content-sha256": "Sanitized",
        "x-ms-date": "Thu, 29 Feb 2024 18:39:07 GMT",
        "x-ms-return-client-request-id": "true"
      },
      "RequestBody": {
        "name": "tst_get_ep",
        "exceptionRules": [
          {
            "id": "fakeExceptionRuleId",
            "trigger": {
              "kind": "waitTime",
              "thresholdSeconds": 3600
            },
            "actions": [
              {
                "kind": "manualReclassify",
                "queueId": "test_get_exception_policy_tst_q",
                "priority": 1
              }
            ]
          }
        ]
      },
      "StatusCode": 200,
      "ResponseHeaders": {
        "api-supported-versions": "2021-04-07-preview1, 2022-07-18-preview, 2023-08-25-preview, 2023-11-01, 2024-01-18-preview",
        "Connection": "keep-alive",
        "Content-Type": "application/json; charset=utf-8",
        "Date": "Thu, 29 Feb 2024 18:39:08 GMT",
        "ETag": "Sanitized",
        "Last-Modified": "Thu, 29 Feb 2024 18:39:08 GMT",
        "Request-Context": "appId=",
        "Strict-Transport-Security": "max-age=31536000;includeSubDomains",
        "trace-id": "09f97a85-d747-a029-8394-3dadc4c955b6",
        "Transfer-Encoding": "chunked",
        "x-azure-ref": "20240229T183908Z-6kg1vwympt55bf3r6ag9whv6ws00000008300000000082ar",
        "X-Cache": "CONFIG_NOCACHE"
      },
      "ResponseBody": {
        "id": "tst_get_ep",
        "name": "tst_get_ep",
        "exceptionRules": [
          {
            "id": "fakeExceptionRuleId",
            "trigger": {
              "kind": "waitTime",
              "thresholdSeconds": 3600
            },
            "actions": [
              {
                "kind": "manualReclassify",
                "queueId": "test_get_exception_policy_tst_q",
                "priority": 1,
                "workerSelectors": [],
                "id": "c9fb8dad-11f9-43d6-86fa-89a4f99581e1"
              }
            ]
          }
        ],
        "etag": "Sanitized"
      }
    },
    {
      "RequestUri": "https://sanitized.communication.azure.net/routing/exceptionPolicies/tst_get_ep?api-version=2024-01-18-preview",
      "RequestMethod": "GET",
      "RequestHeaders": {
        "Accept": "application/json",
        "Accept-Encoding": "gzip, deflate",
        "Authorization": "Sanitized",
        "Connection": "keep-alive",
        "User-Agent": "azsdk-python-communication-jobrouter/1.1.0b1 Python/3.11.5 (Windows-10-10.0.22621-SP0)",
        "x-ms-client-request-id": "d274f33d-d731-11ee-8453-cc483a8c86b0",
        "x-ms-content-sha256": "Sanitized",
        "x-ms-date": "Thu, 29 Feb 2024 18:39:07 GMT",
        "x-ms-return-client-request-id": "true"
      },
      "RequestBody": null,
      "StatusCode": 200,
      "ResponseHeaders": {
        "api-supported-versions": "2021-04-07-preview1, 2022-07-18-preview, 2023-08-25-preview, 2023-11-01, 2024-01-18-preview",
        "Connection": "keep-alive",
        "Content-Type": "application/json; charset=utf-8",
        "Date": "Thu, 29 Feb 2024 18:39:08 GMT",
        "ETag": "Sanitized",
        "Last-Modified": "Thu, 29 Feb 2024 18:39:08 GMT",
        "Request-Context": "appId=",
        "Strict-Transport-Security": "max-age=31536000;includeSubDomains",
        "trace-id": "b735eb5e-67dd-cdf4-e55a-44a8e2cb4ca1",
        "Transfer-Encoding": "chunked",
        "x-azure-ref": "20240229T183908Z-6kg1vwympt55bf3r6ag9whv6ws00000008300000000082au",
        "X-Cache": "CONFIG_NOCACHE"
      },
      "ResponseBody": {
        "id": "tst_get_ep",
        "name": "tst_get_ep",
        "exceptionRules": [
          {
            "id": "fakeExceptionRuleId",
            "trigger": {
              "kind": "waitTime",
              "thresholdSeconds": 3600
            },
            "actions": [
              {
                "kind": "manualReclassify",
                "queueId": "test_get_exception_policy_tst_q",
                "priority": 1,
                "workerSelectors": [],
                "id": "c9fb8dad-11f9-43d6-86fa-89a4f99581e1"
              }
            ]
          }
        ],
        "etag": "Sanitized"
      }
    },
    {
      "RequestUri": "https://sanitized.communication.azure.net/routing/exceptionPolicies/tst_get_ep?api-version=2024-01-18-preview",
      "RequestMethod": "PATCH",
      "RequestHeaders": {
        "Accept": "application/json",
        "Accept-Encoding": "gzip, deflate",
        "Authorization": "Sanitized",
        "Connection": "keep-alive",
        "Content-Length": "231",
        "Content-Type": "application/merge-patch\u002Bjson",
        "User-Agent": "azsdk-python-communication-jobrouter/1.1.0b1 Python/3.11.5 (Windows-10-10.0.22621-SP0)",
        "x-ms-client-request-id": "d27f930a-d731-11ee-b94e-cc483a8c86b0",
        "x-ms-content-sha256": "Sanitized",
        "x-ms-date": "Thu, 29 Feb 2024 18:39:08 GMT",
        "x-ms-return-client-request-id": "true"
      },
      "RequestBody": {
        "name": "tst_get_ep",
        "exceptionRules": [
          {
            "id": "fakeExceptionRuleId",
            "trigger": {
              "kind": "waitTime",
              "thresholdSeconds": 3600
            },
            "actions": [
              {
                "kind": "reclassify",
                "classificationPolicyId": "test_get_exception_policy_tst_cp"
              }
            ]
          }
        ]
      },
      "StatusCode": 200,
      "ResponseHeaders": {
        "api-supported-versions": "2021-04-07-preview1, 2022-07-18-preview, 2023-08-25-preview, 2023-11-01, 2024-01-18-preview",
        "Connection": "keep-alive",
        "Content-Type": "application/json; charset=utf-8",
        "Date": "Thu, 29 Feb 2024 18:39:08 GMT",
        "ETag": "Sanitized",
        "Last-Modified": "Thu, 29 Feb 2024 18:39:08 GMT",
        "Request-Context": "appId=",
        "Strict-Transport-Security": "max-age=31536000;includeSubDomains",
        "trace-id": "f1e2f813-0826-762e-1a08-896721b9d4f7",
        "Transfer-Encoding": "chunked",
        "x-azure-ref": "20240229T183908Z-6kg1vwympt55bf3r6ag9whv6ws00000008300000000082av",
        "X-Cache": "CONFIG_NOCACHE"
      },
      "ResponseBody": {
        "id": "tst_get_ep",
        "name": "tst_get_ep",
        "exceptionRules": [
          {
            "id": "fakeExceptionRuleId",
            "trigger": {
              "kind": "waitTime",
              "thresholdSeconds": 3600
            },
            "actions": [
              {
                "kind": "reclassify",
                "classificationPolicyId": "test_get_exception_policy_tst_cp",
                "labelsToUpsert": {},
                "id": "a808b613-0e80-4311-8b2a-78dfedc13b65"
              }
            ]
          }
        ],
        "etag": "Sanitized"
      }
    },
    {
      "RequestUri": "https://sanitized.communication.azure.net/routing/exceptionPolicies/tst_get_ep?api-version=2024-01-18-preview",
      "RequestMethod": "GET",
      "RequestHeaders": {
        "Accept": "application/json",
        "Accept-Encoding": "gzip, deflate",
        "Authorization": "Sanitized",
        "Connection": "keep-alive",
        "User-Agent": "azsdk-python-communication-jobrouter/1.1.0b1 Python/3.11.5 (Windows-10-10.0.22621-SP0)",
        "x-ms-client-request-id": "d28f8197-d731-11ee-b067-cc483a8c86b0",
        "x-ms-content-sha256": "Sanitized",
        "x-ms-date": "Thu, 29 Feb 2024 18:39:08 GMT",
        "x-ms-return-client-request-id": "true"
      },
      "RequestBody": null,
      "StatusCode": 200,
      "ResponseHeaders": {
        "api-supported-versions": "2021-04-07-preview1, 2022-07-18-preview, 2023-08-25-preview, 2023-11-01, 2024-01-18-preview",
        "Connection": "keep-alive",
        "Content-Type": "application/json; charset=utf-8",
        "Date": "Thu, 29 Feb 2024 18:39:08 GMT",
        "ETag": "Sanitized",
        "Last-Modified": "Thu, 29 Feb 2024 18:39:08 GMT",
        "Request-Context": "appId=",
        "Strict-Transport-Security": "max-age=31536000;includeSubDomains",
        "trace-id": "f4600d8b-9e10-e81b-d512-f7c8d411bf06",
        "Transfer-Encoding": "chunked",
        "x-azure-ref": "20240229T183908Z-6kg1vwympt55bf3r6ag9whv6ws00000008300000000082ay",
        "X-Cache": "CONFIG_NOCACHE"
      },
      "ResponseBody": {
        "id": "tst_get_ep",
        "name": "tst_get_ep",
        "exceptionRules": [
          {
            "id": "fakeExceptionRuleId",
            "trigger": {
              "kind": "waitTime",
              "thresholdSeconds": 3600
            },
            "actions": [
              {
                "kind": "reclassify",
                "classificationPolicyId": "test_get_exception_policy_tst_cp",
                "labelsToUpsert": {},
                "id": "a808b613-0e80-4311-8b2a-78dfedc13b65"
              }
            ]
          }
        ],
        "etag": "Sanitized"
      }
    },
    {
      "RequestUri": "https://sanitized.communication.azure.net/routing/classificationPolicies/test_get_exception_policy_tst_cp?api-version=2024-01-18-preview",
      "RequestMethod": "DELETE",
      "RequestHeaders": {
        "Accept": "*/*",
        "Accept-Encoding": "gzip, deflate",
        "Authorization": "Sanitized",
        "Connection": "keep-alive",
        "Content-Length": "0",
        "User-Agent": "azsdk-python-communication-jobrouter/1.1.0b1 Python/3.11.5 (Windows-10-10.0.22621-SP0)",
        "x-ms-client-request-id": "d299492b-d731-11ee-970b-cc483a8c86b0",
        "x-ms-content-sha256": "Sanitized",
        "x-ms-date": "Thu, 29 Feb 2024 18:39:08 GMT",
        "x-ms-return-client-request-id": "true"
      },
      "RequestBody": null,
      "StatusCode": 204,
      "ResponseHeaders": {
        "api-supported-versions": "2021-04-07-preview1, 2022-07-18-preview, 2023-08-25-preview, 2023-11-01, 2024-01-18-preview",
        "Connection": "keep-alive",
        "Date": "Thu, 29 Feb 2024 18:39:08 GMT",
        "Request-Context": "appId=",
        "Strict-Transport-Security": "max-age=31536000;includeSubDomains",
        "trace-id": "72d25ae5-1f60-951b-5f1f-48908e525b99",
        "x-azure-ref": "20240229T183908Z-6kg1vwympt55bf3r6ag9whv6ws00000008300000000082b2",
        "X-Cache": "CONFIG_NOCACHE"
      },
      "ResponseBody": null
    },
    {
      "RequestUri": "https://sanitized.communication.azure.net/routing/queues/test_get_exception_policy_tst_q?api-version=2024-01-18-preview",
      "RequestMethod": "DELETE",
      "RequestHeaders": {
        "Accept": "*/*",
        "Accept-Encoding": "gzip, deflate",
        "Authorization": "Sanitized",
        "Connection": "keep-alive",
        "Content-Length": "0",
        "User-Agent": "azsdk-python-communication-jobrouter/1.1.0b1 Python/3.11.5 (Windows-10-10.0.22621-SP0)",
        "x-ms-client-request-id": "d2aa5148-d731-11ee-81a5-cc483a8c86b0",
        "x-ms-content-sha256": "Sanitized",
        "x-ms-date": "Thu, 29 Feb 2024 18:39:08 GMT",
        "x-ms-return-client-request-id": "true"
      },
      "RequestBody": null,
      "StatusCode": 204,
      "ResponseHeaders": {
        "api-supported-versions": "2021-04-07-preview1, 2022-07-18-preview, 2023-08-25-preview, 2023-11-01, 2024-01-18-preview",
        "Connection": "keep-alive",
        "Date": "Thu, 29 Feb 2024 18:39:08 GMT",
        "Request-Context": "appId=",
        "Strict-Transport-Security": "max-age=31536000;includeSubDomains",
        "trace-id": "1edeeb5d-d3b0-ab9c-a01f-cc76b606cf47",
        "x-azure-ref": "20240229T183908Z-6kg1vwympt55bf3r6ag9whv6ws00000008300000000082b4",
        "X-Cache": "CONFIG_NOCACHE"
      },
      "ResponseBody": null
    },
    {
      "RequestUri": "https://sanitized.communication.azure.net/routing/distributionPolicies/test_get_exception_policy_tst_dp?api-version=2024-01-18-preview",
      "RequestMethod": "DELETE",
      "RequestHeaders": {
        "Accept": "*/*",
        "Accept-Encoding": "gzip, deflate",
        "Authorization": "Sanitized",
        "Connection": "keep-alive",
        "Content-Length": "0",
        "User-Agent": "azsdk-python-communication-jobrouter/1.1.0b1 Python/3.11.5 (Windows-10-10.0.22621-SP0)",
        "x-ms-client-request-id": "d2b9a0af-d731-11ee-80e6-cc483a8c86b0",
        "x-ms-content-sha256": "Sanitized",
        "x-ms-date": "Thu, 29 Feb 2024 18:39:08 GMT",
        "x-ms-return-client-request-id": "true"
      },
      "RequestBody": null,
      "StatusCode": 204,
      "ResponseHeaders": {
        "api-supported-versions": "2021-04-07-preview1, 2022-07-18-preview, 2023-08-25-preview, 2023-11-01, 2024-01-18-preview",
        "Connection": "keep-alive",
        "Date": "Thu, 29 Feb 2024 18:39:09 GMT",
        "Request-Context": "appId=",
        "Strict-Transport-Security": "max-age=31536000;includeSubDomains",
        "trace-id": "d5fb3a01-33e8-e63e-51c2-8cebf3b81661",
        "x-azure-ref": "20240229T183908Z-6kg1vwympt55bf3r6ag9whv6ws00000008300000000082b6",
        "X-Cache": "CONFIG_NOCACHE"
      },
      "ResponseBody": null
    },
    {
      "RequestUri": "https://sanitized.communication.azure.net/routing/exceptionPolicies/tst_get_ep?api-version=2024-01-18-preview",
      "RequestMethod": "DELETE",
      "RequestHeaders": {
        "Accept": "*/*",
        "Accept-Encoding": "gzip, deflate",
        "Authorization": "Sanitized",
        "Connection": "keep-alive",
        "Content-Length": "0",
        "User-Agent": "azsdk-python-communication-jobrouter/1.1.0b1 Python/3.11.5 (Windows-10-10.0.22621-SP0)",
        "x-ms-client-request-id": "d2c8d434-d731-11ee-af11-cc483a8c86b0",
        "x-ms-content-sha256": "Sanitized",
        "x-ms-date": "Thu, 29 Feb 2024 18:39:08 GMT",
        "x-ms-return-client-request-id": "true"
      },
      "RequestBody": null,
      "StatusCode": 204,
      "ResponseHeaders": {
        "api-supported-versions": "2021-04-07-preview1, 2022-07-18-preview, 2023-08-25-preview, 2023-11-01, 2024-01-18-preview",
        "Connection": "keep-alive",
        "Date": "Thu, 29 Feb 2024 18:39:09 GMT",
        "Request-Context": "appId=",
        "Strict-Transport-Security": "max-age=31536000;includeSubDomains",
        "trace-id": "74eca911-dc00-ab72-5656-f9fdfd47a60e",
        "x-azure-ref": "20240229T183909Z-6kg1vwympt55bf3r6ag9whv6ws00000008300000000082b7",
        "X-Cache": "CONFIG_NOCACHE"
      },
      "ResponseBody": null
    }
  ],
  "Variables": {}
}
