{
  "Entries": [
    {
      "RequestUri": "https://sanitized.communication.azure.net/routing/distributionPolicies/_tst_update_dp_async?api-version=2024-01-18-preview",
      "RequestMethod": "PATCH",
      "RequestHeaders": {
        "Accept": "application/json",
        "Accept-Encoding": "gzip, deflate",
        "Authorization": "Sanitized",
        "Content-Length": "150",
        "Content-Type": "application/merge-patch\u002Bjson",
        "User-Agent": "azsdk-python-communication-jobrouter/1.1.0b1 Python/3.11.5 (Windows-10-10.0.22621-SP0)",
        "x-ms-client-request-id": "95f25669-d685-11ee-ba6a-cc483a8c86b0",
        "x-ms-content-sha256": "Sanitized",
        "x-ms-date": "Wed, 28 Feb 2024 22:06:12 GMT",
        "x-ms-return-client-request-id": "true"
      },
      "RequestBody": {
        "name": "_tst_update_dp_async",
        "offerExpiresAfterSeconds": 10.0,
        "mode": {
          "kind": "bestWorker",
          "minConcurrentOffers": 1,
          "maxConcurrentOffers": 1
        }
      },
      "StatusCode": 201,
      "ResponseHeaders": {
        "api-supported-versions": "2021-04-07-preview1, 2022-07-18-preview, 2023-08-25-preview, 2023-11-01, 2024-01-18-preview",
        "Connection": "keep-alive",
        "Content-Type": "application/json; charset=utf-8",
        "Date": "Wed, 28 Feb 2024 22:06:13 GMT",
        "ETag": "Sanitized",
        "Last-Modified": "Wed, 28 Feb 2024 22:06:13 GMT",
        "Request-Context": "appId=",
        "Strict-Transport-Security": "max-age=31536000;includeSubDomains",
        "trace-id": "057f9711-5e4b-99e5-29cb-e6f7d0e6c87a",
        "Transfer-Encoding": "chunked",
        "x-azure-ref": "20240228T220613Z-4u9x77m5514yh7buf6kxykrx580000000a1g000000004wcv",
        "X-Cache": "CONFIG_NOCACHE"
      },
      "ResponseBody": {
        "id": "_tst_update_dp_async",
        "name": "_tst_update_dp_async",
        "offerExpiresAfterSeconds": 10,
        "mode": {
          "kind": "bestWorker",
          "scoringRuleOptions": {
            "scoringParameters": [
              "jobLabels",
              "workerSelectors"
            ],
            "isBatchScoringEnabled": false,
            "descendingOrder": true
          },
          "minConcurrentOffers": 1,
          "maxConcurrentOffers": 1,
          "bypassSelectors": false
        },
        "etag": "Sanitized"
      }
    },
    {
      "RequestUri": "https://sanitized.communication.azure.net/routing/distributionPolicies/_tst_update_dp_async?api-version=2024-01-18-preview",
      "RequestMethod": "PATCH",
      "RequestHeaders": {
        "Accept": "application/json",
        "Accept-Encoding": "gzip, deflate",
        "Authorization": "Sanitized",
        "Content-Length": "148",
        "Content-Type": "application/merge-patch\u002Bjson",
        "User-Agent": "azsdk-python-communication-jobrouter/1.1.0b1 Python/3.11.5 (Windows-10-10.0.22621-SP0)",
        "x-ms-client-request-id": "96015dd9-d685-11ee-9e58-cc483a8c86b0",
        "x-ms-content-sha256": "Sanitized",
        "x-ms-date": "Wed, 28 Feb 2024 22:06:13 GMT",
        "x-ms-return-client-request-id": "true"
      },
      "RequestBody": {
        "name": "_tst_update_dp_async",
        "offerExpiresAfterSeconds": 10,
        "mode": {
          "kind": "bestWorker",
          "minConcurrentOffers": 2,
          "maxConcurrentOffers": 2
        }
      },
      "StatusCode": 200,
      "ResponseHeaders": {
        "api-supported-versions": "2021-04-07-preview1, 2022-07-18-preview, 2023-08-25-preview, 2023-11-01, 2024-01-18-preview",
        "Connection": "keep-alive",
        "Content-Type": "application/json; charset=utf-8",
        "Date": "Wed, 28 Feb 2024 22:06:13 GMT",
        "ETag": "Sanitized",
        "Last-Modified": "Wed, 28 Feb 2024 22:06:13 GMT",
        "Request-Context": "appId=",
        "Strict-Transport-Security": "max-age=31536000;includeSubDomains",
        "trace-id": "9d361523-33da-3136-5a20-f8681ea32853",
        "Transfer-Encoding": "chunked",
        "x-azure-ref": "20240228T220613Z-4u9x77m5514yh7buf6kxykrx580000000a1g000000004wcw",
        "X-Cache": "CONFIG_NOCACHE"
      },
      "ResponseBody": {
        "id": "_tst_update_dp_async",
        "name": "_tst_update_dp_async",
        "offerExpiresAfterSeconds": 10,
        "mode": {
          "kind": "bestWorker",
          "scoringRuleOptions": {
            "scoringParameters": [
              "jobLabels",
              "workerSelectors"
            ],
            "isBatchScoringEnabled": false,
            "descendingOrder": true
          },
          "minConcurrentOffers": 2,
          "maxConcurrentOffers": 2,
          "bypassSelectors": false
        },
        "etag": "Sanitized"
      }
    },
    {
      "RequestUri": "https://sanitized.communication.azure.net/routing/distributionPolicies/_tst_update_dp_async?api-version=2024-01-18-preview",
      "RequestMethod": "PATCH",
      "RequestHeaders": {
        "Accept": "application/json",
        "Accept-Encoding": "gzip, deflate",
        "Authorization": "Sanitized",
        "Content-Length": "151",
        "Content-Type": "application/merge-patch\u002Bjson",
        "User-Agent": "azsdk-python-communication-jobrouter/1.1.0b1 Python/3.11.5 (Windows-10-10.0.22621-SP0)",
        "x-ms-client-request-id": "9611fc9c-d685-11ee-b289-cc483a8c86b0",
        "x-ms-content-sha256": "Sanitized",
        "x-ms-date": "Wed, 28 Feb 2024 22:06:13 GMT",
        "x-ms-return-client-request-id": "true"
      },
      "RequestBody": {
        "name": "_tst_update_dp_async",
        "offerExpiresAfterSeconds": 10.0,
        "mode": {
          "kind": "longestIdle",
          "minConcurrentOffers": 1,
          "maxConcurrentOffers": 1
        }
      },
      "StatusCode": 200,
      "ResponseHeaders": {
        "api-supported-versions": "2021-04-07-preview1, 2022-07-18-preview, 2023-08-25-preview, 2023-11-01, 2024-01-18-preview",
        "Connection": "keep-alive",
        "Content-Type": "application/json; charset=utf-8",
        "Date": "Wed, 28 Feb 2024 22:06:13 GMT",
        "ETag": "Sanitized",
        "Last-Modified": "Wed, 28 Feb 2024 22:06:13 GMT",
        "Request-Context": "appId=",
        "Strict-Transport-Security": "max-age=31536000;includeSubDomains",
        "trace-id": "a5f64960-30de-b379-2e19-8bc9744abdac",
        "Transfer-Encoding": "chunked",
        "x-azure-ref": "20240228T220613Z-4u9x77m5514yh7buf6kxykrx580000000a1g000000004wcz",
        "X-Cache": "CONFIG_NOCACHE"
      },
      "ResponseBody": {
        "id": "_tst_update_dp_async",
        "name": "_tst_update_dp_async",
        "offerExpiresAfterSeconds": 10,
        "mode": {
          "kind": "longestIdle",
          "minConcurrentOffers": 1,
          "maxConcurrentOffers": 1,
          "bypassSelectors": false
        },
        "etag": "Sanitized"
      }
    },
    {
      "RequestUri": "https://sanitized.communication.azure.net/routing/distributionPolicies/_tst_update_dp_async?api-version=2024-01-18-preview",
      "RequestMethod": "PATCH",
      "RequestHeaders": {
        "Accept": "application/json",
        "Accept-Encoding": "gzip, deflate",
        "Authorization": "Sanitized",
        "Content-Length": "149",
        "Content-Type": "application/merge-patch\u002Bjson",
        "User-Agent": "azsdk-python-communication-jobrouter/1.1.0b1 Python/3.11.5 (Windows-10-10.0.22621-SP0)",
        "x-ms-client-request-id": "9621b1f7-d685-11ee-8be5-cc483a8c86b0",
        "x-ms-content-sha256": "Sanitized",
        "x-ms-date": "Wed, 28 Feb 2024 22:06:13 GMT",
        "x-ms-return-client-request-id": "true"
      },
      "RequestBody": {
        "name": "_tst_update_dp_async",
        "offerExpiresAfterSeconds": 10,
        "mode": {
          "kind": "longestIdle",
          "minConcurrentOffers": 2,
          "maxConcurrentOffers": 2
        }
      },
      "StatusCode": 200,
      "ResponseHeaders": {
        "api-supported-versions": "2021-04-07-preview1, 2022-07-18-preview, 2023-08-25-preview, 2023-11-01, 2024-01-18-preview",
        "Connection": "keep-alive",
        "Content-Type": "application/json; charset=utf-8",
        "Date": "Wed, 28 Feb 2024 22:06:13 GMT",
        "ETag": "Sanitized",
        "Last-Modified": "Wed, 28 Feb 2024 22:06:13 GMT",
        "Request-Context": "appId=",
        "Strict-Transport-Security": "max-age=31536000;includeSubDomains",
        "trace-id": "d2201411-d82a-4649-1118-d66710e1d59c",
        "Transfer-Encoding": "chunked",
        "x-azure-ref": "20240228T220613Z-4u9x77m5514yh7buf6kxykrx580000000a1g000000004wd2",
        "X-Cache": "CONFIG_NOCACHE"
      },
      "ResponseBody": {
        "id": "_tst_update_dp_async",
        "name": "_tst_update_dp_async",
        "offerExpiresAfterSeconds": 10,
        "mode": {
          "kind": "longestIdle",
          "minConcurrentOffers": 2,
          "maxConcurrentOffers": 2,
          "bypassSelectors": false
        },
        "etag": "Sanitized"
      }
    },
    {
      "RequestUri": "https://sanitized.communication.azure.net/routing/distributionPolicies/_tst_update_dp_async?api-version=2024-01-18-preview",
      "RequestMethod": "PATCH",
      "RequestHeaders": {
        "Accept": "application/json",
        "Accept-Encoding": "gzip, deflate",
        "Authorization": "Sanitized",
        "Content-Length": "150",
        "Content-Type": "application/merge-patch\u002Bjson",
        "User-Agent": "azsdk-python-communication-jobrouter/1.1.0b1 Python/3.11.5 (Windows-10-10.0.22621-SP0)",
        "x-ms-client-request-id": "96319d36-d685-11ee-bbda-cc483a8c86b0",
        "x-ms-content-sha256": "Sanitized",
        "x-ms-date": "Wed, 28 Feb 2024 22:06:13 GMT",
        "x-ms-return-client-request-id": "true"
      },
      "RequestBody": {
        "name": "_tst_update_dp_async",
        "offerExpiresAfterSeconds": 10.0,
        "mode": {
          "kind": "roundRobin",
          "minConcurrentOffers": 1,
          "maxConcurrentOffers": 1
        }
      },
      "StatusCode": 200,
      "ResponseHeaders": {
        "api-supported-versions": "2021-04-07-preview1, 2022-07-18-preview, 2023-08-25-preview, 2023-11-01, 2024-01-18-preview",
        "Connection": "keep-alive",
        "Content-Type": "application/json; charset=utf-8",
        "Date": "Wed, 28 Feb 2024 22:06:13 GMT",
        "ETag": "Sanitized",
        "Last-Modified": "Wed, 28 Feb 2024 22:06:13 GMT",
        "Request-Context": "appId=",
        "Strict-Transport-Security": "max-age=31536000;includeSubDomains",
        "trace-id": "cc0faa9d-ea1b-612e-3f79-344dd25cee24",
        "Transfer-Encoding": "chunked",
        "x-azure-ref": "20240228T220613Z-4u9x77m5514yh7buf6kxykrx580000000a1g000000004wd3",
        "X-Cache": "CONFIG_NOCACHE"
      },
      "ResponseBody": {
        "id": "_tst_update_dp_async",
        "name": "_tst_update_dp_async",
        "offerExpiresAfterSeconds": 10,
        "mode": {
          "kind": "roundRobin",
          "minConcurrentOffers": 1,
          "maxConcurrentOffers": 1,
          "bypassSelectors": false
        },
        "etag": "Sanitized"
      }
    },
    {
      "RequestUri": "https://sanitized.communication.azure.net/routing/distributionPolicies/_tst_update_dp_async?api-version=2024-01-18-preview",
      "RequestMethod": "PATCH",
      "RequestHeaders": {
        "Accept": "application/json",
        "Accept-Encoding": "gzip, deflate",
        "Authorization": "Sanitized",
        "Content-Length": "148",
        "Content-Type": "application/merge-patch\u002Bjson",
        "User-Agent": "azsdk-python-communication-jobrouter/1.1.0b1 Python/3.11.5 (Windows-10-10.0.22621-SP0)",
        "x-ms-client-request-id": "9641f792-d685-11ee-be0c-cc483a8c86b0",
        "x-ms-content-sha256": "Sanitized",
        "x-ms-date": "Wed, 28 Feb 2024 22:06:13 GMT",
        "x-ms-return-client-request-id": "true"
      },
      "RequestBody": {
        "name": "_tst_update_dp_async",
        "offerExpiresAfterSeconds": 10,
        "mode": {
          "kind": "roundRobin",
          "minConcurrentOffers": 2,
          "maxConcurrentOffers": 2
        }
      },
      "StatusCode": 200,
      "ResponseHeaders": {
        "api-supported-versions": "2021-04-07-preview1, 2022-07-18-preview, 2023-08-25-preview, 2023-11-01, 2024-01-18-preview",
        "Connection": "keep-alive",
        "Content-Type": "application/json; charset=utf-8",
        "Date": "Wed, 28 Feb 2024 22:06:14 GMT",
        "ETag": "Sanitized",
        "Last-Modified": "Wed, 28 Feb 2024 22:06:14 GMT",
        "Request-Context": "appId=",
        "Strict-Transport-Security": "max-age=31536000;includeSubDomains",
        "trace-id": "a5f75296-9a50-16fb-453f-df4a5fbbd2ce",
        "Transfer-Encoding": "chunked",
        "x-azure-ref": "20240228T220613Z-4u9x77m5514yh7buf6kxykrx580000000a1g000000004wd8",
        "X-Cache": "CONFIG_NOCACHE"
      },
      "ResponseBody": {
        "id": "_tst_update_dp_async",
        "name": "_tst_update_dp_async",
        "offerExpiresAfterSeconds": 10,
        "mode": {
          "kind": "roundRobin",
          "minConcurrentOffers": 2,
          "maxConcurrentOffers": 2,
          "bypassSelectors": false
        },
        "etag": "Sanitized"
      }
    },
    {
      "RequestUri": "https://sanitized.communication.azure.net/routing/distributionPolicies/_tst_update_dp_async?api-version=2024-01-18-preview",
      "RequestMethod": "DELETE",
      "RequestHeaders": {
        "Accept": "*/*",
        "Accept-Encoding": "gzip, deflate",
        "Authorization": "Sanitized",
        "Content-Length": "0",
        "User-Agent": "azsdk-python-communication-jobrouter/1.1.0b1 Python/3.11.5 (Windows-10-10.0.22621-SP0)",
        "x-ms-client-request-id": "9653c730-d685-11ee-90b9-cc483a8c86b0",
        "x-ms-content-sha256": "Sanitized",
        "x-ms-date": "Wed, 28 Feb 2024 22:06:13 GMT",
        "x-ms-return-client-request-id": "true"
      },
      "RequestBody": null,
      "StatusCode": 204,
      "ResponseHeaders": {
        "api-supported-versions": "2021-04-07-preview1, 2022-07-18-preview, 2023-08-25-preview, 2023-11-01, 2024-01-18-preview",
        "Connection": "keep-alive",
        "Date": "Wed, 28 Feb 2024 22:06:14 GMT",
        "Request-Context": "appId=",
        "Strict-Transport-Security": "max-age=31536000;includeSubDomains",
        "trace-id": "a0602a88-37dc-177b-40fc-933a06e417bf",
        "x-azure-ref": "20240228T220614Z-4u9x77m5514yh7buf6kxykrx580000000a1g000000004wd9",
        "X-Cache": "CONFIG_NOCACHE"
      },
      "ResponseBody": null
    }
  ],
  "Variables": {}
}
