{
  "Entries": [
    {
      "RequestUri": "https://sanitized.communication.azure.net/routing/distributionPolicies/test_list_workers_tst_dp_async?api-version=2024-01-18-preview",
      "RequestMethod": "PATCH",
      "RequestHeaders": {
        "Accept": "application/json",
        "Accept-Encoding": "gzip, deflate",
        "Authorization": "Sanitized",
        "Content-Length": "160",
        "Content-Type": "application/merge-patch\u002Bjson",
        "User-Agent": "azsdk-python-communication-jobrouter/1.1.0b1 Python/3.11.5 (Windows-10-10.0.22621-SP0)",
        "x-ms-client-request-id": "37e86a7b-d686-11ee-832e-cc483a8c86b0",
        "x-ms-content-sha256": "Sanitized",
        "x-ms-date": "Wed, 28 Feb 2024 22:10:44 GMT",
        "x-ms-return-client-request-id": "true"
      },
      "RequestBody": {
        "name": "test_list_workers_tst_dp_async",
        "offerExpiresAfterSeconds": 10.0,
        "mode": {
          "kind": "roundRobin",
          "minConcurrentOffers": 1,
          "maxConcurrentOffers": 1
        }
      },
      "StatusCode": 201,
      "ResponseHeaders": {
        "api-supported-versions": "2021-04-07-preview1, 2022-07-18-preview, 2023-08-25-preview, 2023-11-01, 2024-01-18-preview",
        "Connection": "keep-alive",
        "Content-Type": "application/json; charset=utf-8",
        "Date": "Wed, 28 Feb 2024 22:10:45 GMT",
        "ETag": "Sanitized",
        "Last-Modified": "Wed, 28 Feb 2024 22:10:45 GMT",
        "Request-Context": "appId=",
        "Strict-Transport-Security": "max-age=31536000;includeSubDomains",
        "trace-id": "baf327a9-d2a7-daf8-5347-eb3c5fc06e2d",
        "Transfer-Encoding": "chunked",
        "x-azure-ref": "20240228T221045Z-62860cebsh131fwtun2vb0d478000000080g000000007ebp",
        "X-Cache": "CONFIG_NOCACHE"
      },
      "ResponseBody": {
        "id": "test_list_workers_tst_dp_async",
        "name": "test_list_workers_tst_dp_async",
        "offerExpiresAfterSeconds": 10,
        "mode": {
          "kind": "roundRobin",
          "minConcurrentOffers": 1,
          "maxConcurrentOffers": 1,
          "bypassSelectors": false
        },
        "etag": "Sanitized"
      }
    },
    {
      "RequestUri": "https://sanitized.communication.azure.net/routing/queues/test_list_workers_tst_q_async?api-version=2024-01-18-preview",
      "RequestMethod": "PATCH",
      "RequestHeaders": {
        "Accept": "application/json",
        "Accept-Encoding": "gzip, deflate",
        "Authorization": "Sanitized",
        "Content-Length": "158",
        "Content-Type": "application/merge-patch\u002Bjson",
        "User-Agent": "azsdk-python-communication-jobrouter/1.1.0b1 Python/3.11.5 (Windows-10-10.0.22621-SP0)",
        "x-ms-client-request-id": "37f8e139-d686-11ee-9ac5-cc483a8c86b0",
        "x-ms-content-sha256": "Sanitized",
        "x-ms-date": "Wed, 28 Feb 2024 22:10:44 GMT",
        "x-ms-return-client-request-id": "true"
      },
      "RequestBody": {
        "name": "test_list_workers_tst_q_async",
        "distributionPolicyId": "test_list_workers_tst_dp_async",
        "labels": {
          "key1": "WorkerKey",
          "key2": 10,
          "key3": true
        }
      },
      "StatusCode": 201,
      "ResponseHeaders": {
        "api-supported-versions": "2021-04-07-preview1, 2022-07-18-preview, 2023-08-25-preview, 2023-11-01, 2024-01-18-preview",
        "Connection": "keep-alive",
        "Content-Type": "application/json; charset=utf-8",
        "Date": "Wed, 28 Feb 2024 22:10:45 GMT",
        "ETag": "Sanitized",
        "Last-Modified": "Wed, 28 Feb 2024 22:10:45 GMT",
        "Request-Context": "appId=",
        "Strict-Transport-Security": "max-age=31536000;includeSubDomains",
        "trace-id": "6c053d79-967d-d080-c4dd-f84bbc7a070e",
        "Transfer-Encoding": "chunked",
        "x-azure-ref": "20240228T221045Z-62860cebsh131fwtun2vb0d478000000080g000000007ebs",
        "X-Cache": "CONFIG_NOCACHE"
      },
      "ResponseBody": {
        "id": "test_list_workers_tst_q_async",
        "name": "test_list_workers_tst_q_async",
        "distributionPolicyId": "test_list_workers_tst_dp_async",
        "labels": {
          "key1": "WorkerKey",
          "key2": 10,
          "key3": true,
          "Id": "test_list_workers_tst_q_async"
        },
        "etag": "Sanitized"
      }
    },
    {
      "RequestUri": "https://sanitized.communication.azure.net/routing/workers/tst_list_w_1?api-version=2024-01-18-preview",
      "RequestMethod": "PATCH",
      "RequestHeaders": {
        "Accept": "application/json",
        "Accept-Encoding": "gzip, deflate",
        "Authorization": "Sanitized",
        "Content-Length": "317",
        "Content-Type": "application/merge-patch\u002Bjson",
        "User-Agent": "azsdk-python-communication-jobrouter/1.1.0b1 Python/3.11.5 (Windows-10-10.0.22621-SP0)",
        "x-ms-client-request-id": "38091010-d686-11ee-b00b-cc483a8c86b0",
        "x-ms-content-sha256": "Sanitized",
        "x-ms-date": "Wed, 28 Feb 2024 22:10:44 GMT",
        "x-ms-return-client-request-id": "true"
      },
      "RequestBody": {
        "queues": [
          "test_list_workers_tst_q_async"
        ],
        "capacity": 100,
        "labels": {
          "key1": "WorkerKey",
          "key2": 10,
          "key3": true
        },
        "tags": {
          "tag1": "WorkerGenericInfo"
        },
        "channels": [
          {
            "channelId": "fakeChannel1",
            "capacityCostPerJob": 10
          },
          {
            "channelId": "fakeChannel2",
            "capacityCostPerJob": 90
          }
        ],
        "availableForOffers": false
      },
      "StatusCode": 201,
      "ResponseHeaders": {
        "api-supported-versions": "2021-04-07-preview1, 2022-07-18-preview, 2023-08-25-preview, 2023-11-01, 2024-01-18-preview",
        "Connection": "keep-alive",
        "Content-Type": "application/json; charset=utf-8",
        "Date": "Wed, 28 Feb 2024 22:10:45 GMT",
        "ETag": "Sanitized",
        "Last-Modified": "Wed, 28 Feb 2024 22:10:45 GMT",
        "Request-Context": "appId=",
        "Strict-Transport-Security": "max-age=31536000;includeSubDomains",
        "trace-id": "41f7ba9f-be26-d361-8e9c-95d6a9fba710",
        "Transfer-Encoding": "chunked",
        "x-azure-ref": "20240228T221045Z-62860cebsh131fwtun2vb0d478000000080g000000007ebu",
        "X-Cache": "CONFIG_NOCACHE"
      },
      "ResponseBody": {
        "id": "tst_list_w_1",
        "state": "inactive",
        "queues": [
          "test_list_workers_tst_q_async"
        ],
        "capacity": 100,
        "labels": {
          "key1": "WorkerKey",
          "key2": 10,
          "key3": true,
          "Id": "tst_list_w_1"
        },
        "tags": {
          "tag1": "WorkerGenericInfo"
        },
        "channels": [
          {
            "channelId": "fakeChannel1",
            "capacityCostPerJob": 10
          },
          {
            "channelId": "fakeChannel2",
            "capacityCostPerJob": 90
          }
        ],
        "offers": [],
        "assignedJobs": [],
        "loadRatio": 0,
        "availableForOffers": false,
        "etag": "Sanitized"
      }
    },
    {
      "RequestUri": "https://sanitized.communication.azure.net/routing/workers/tst_list_w_2?api-version=2024-01-18-preview",
      "RequestMethod": "PATCH",
      "RequestHeaders": {
        "Accept": "application/json",
        "Accept-Encoding": "gzip, deflate",
        "Authorization": "Sanitized",
        "Content-Length": "317",
        "Content-Type": "application/merge-patch\u002Bjson",
        "User-Agent": "azsdk-python-communication-jobrouter/1.1.0b1 Python/3.11.5 (Windows-10-10.0.22621-SP0)",
        "x-ms-client-request-id": "38187fd1-d686-11ee-9b14-cc483a8c86b0",
        "x-ms-content-sha256": "Sanitized",
        "x-ms-date": "Wed, 28 Feb 2024 22:10:45 GMT",
        "x-ms-return-client-request-id": "true"
      },
      "RequestBody": {
        "queues": [
          "test_list_workers_tst_q_async"
        ],
        "capacity": 100,
        "labels": {
          "key1": "WorkerKey",
          "key2": 10,
          "key3": true
        },
        "tags": {
          "tag1": "WorkerGenericInfo"
        },
        "channels": [
          {
            "channelId": "fakeChannel1",
            "capacityCostPerJob": 10
          },
          {
            "channelId": "fakeChannel2",
            "capacityCostPerJob": 90
          }
        ],
        "availableForOffers": false
      },
      "StatusCode": 201,
      "ResponseHeaders": {
        "api-supported-versions": "2021-04-07-preview1, 2022-07-18-preview, 2023-08-25-preview, 2023-11-01, 2024-01-18-preview",
        "Connection": "keep-alive",
        "Content-Type": "application/json; charset=utf-8",
        "Date": "Wed, 28 Feb 2024 22:10:45 GMT",
        "ETag": "Sanitized",
        "Last-Modified": "Wed, 28 Feb 2024 22:10:45 GMT",
        "Request-Context": "appId=",
        "Strict-Transport-Security": "max-age=31536000;includeSubDomains",
        "trace-id": "a095c307-dafb-3626-582c-f7d03e197ec3",
        "Transfer-Encoding": "chunked",
        "x-azure-ref": "20240228T221045Z-62860cebsh131fwtun2vb0d478000000080g000000007ebw",
        "X-Cache": "CONFIG_NOCACHE"
      },
      "ResponseBody": {
        "id": "tst_list_w_2",
        "state": "inactive",
        "queues": [
          "test_list_workers_tst_q_async"
        ],
        "capacity": 100,
        "labels": {
          "key1": "WorkerKey",
          "key2": 10,
          "key3": true,
          "Id": "tst_list_w_2"
        },
        "tags": {
          "tag1": "WorkerGenericInfo"
        },
        "channels": [
          {
            "channelId": "fakeChannel1",
            "capacityCostPerJob": 10
          },
          {
            "channelId": "fakeChannel2",
            "capacityCostPerJob": 90
          }
        ],
        "offers": [],
        "assignedJobs": [],
        "loadRatio": 0,
        "availableForOffers": false,
        "etag": "Sanitized"
      }
    },
    {
      "RequestUri": "https://sanitized.communication.azure.net/routing/workers/tst_list_w_3?api-version=2024-01-18-preview",
      "RequestMethod": "PATCH",
      "RequestHeaders": {
        "Accept": "application/json",
        "Accept-Encoding": "gzip, deflate",
        "Authorization": "Sanitized",
        "Content-Length": "317",
        "Content-Type": "application/merge-patch\u002Bjson",
        "User-Agent": "azsdk-python-communication-jobrouter/1.1.0b1 Python/3.11.5 (Windows-10-10.0.22621-SP0)",
        "x-ms-client-request-id": "3829aef6-d686-11ee-88ad-cc483a8c86b0",
        "x-ms-content-sha256": "Sanitized",
        "x-ms-date": "Wed, 28 Feb 2024 22:10:45 GMT",
        "x-ms-return-client-request-id": "true"
      },
      "RequestBody": {
        "queues": [
          "test_list_workers_tst_q_async"
        ],
        "capacity": 100,
        "labels": {
          "key1": "WorkerKey",
          "key2": 10,
          "key3": true
        },
        "tags": {
          "tag1": "WorkerGenericInfo"
        },
        "channels": [
          {
            "channelId": "fakeChannel1",
            "capacityCostPerJob": 10
          },
          {
            "channelId": "fakeChannel2",
            "capacityCostPerJob": 90
          }
        ],
        "availableForOffers": false
      },
      "StatusCode": 201,
      "ResponseHeaders": {
        "api-supported-versions": "2021-04-07-preview1, 2022-07-18-preview, 2023-08-25-preview, 2023-11-01, 2024-01-18-preview",
        "Connection": "keep-alive",
        "Content-Type": "application/json; charset=utf-8",
        "Date": "Wed, 28 Feb 2024 22:10:45 GMT",
        "ETag": "Sanitized",
        "Last-Modified": "Wed, 28 Feb 2024 22:10:45 GMT",
        "Request-Context": "appId=",
        "Strict-Transport-Security": "max-age=31536000;includeSubDomains",
        "trace-id": "df0c85ff-d59c-7b3f-24b9-23a98a4017dd",
        "Transfer-Encoding": "chunked",
        "x-azure-ref": "20240228T221045Z-62860cebsh131fwtun2vb0d478000000080g000000007eby",
        "X-Cache": "CONFIG_NOCACHE"
      },
      "ResponseBody": {
        "id": "tst_list_w_3",
        "state": "inactive",
        "queues": [
          "test_list_workers_tst_q_async"
        ],
        "capacity": 100,
        "labels": {
          "key1": "WorkerKey",
          "key2": 10,
          "key3": true,
          "Id": "tst_list_w_3"
        },
        "tags": {
          "tag1": "WorkerGenericInfo"
        },
        "channels": [
          {
            "channelId": "fakeChannel1",
            "capacityCostPerJob": 10
          },
          {
            "channelId": "fakeChannel2",
            "capacityCostPerJob": 90
          }
        ],
        "offers": [],
        "assignedJobs": [],
        "loadRatio": 0,
        "availableForOffers": false,
        "etag": "Sanitized"
      }
    },
    {
      "RequestUri": "https://sanitized.communication.azure.net/routing/workers?api-version=2024-01-18-preview\u0026maxpagesize=3\u0026state=inactive\u0026channelId=fakeChannel1\u0026queueId=test_list_workers_tst_q_async",
      "RequestMethod": "GET",
      "RequestHeaders": {
        "Accept": "application/json",
        "Accept-Encoding": "gzip, deflate",
        "Authorization": "Sanitized",
        "Content-Length": "0",
        "User-Agent": "azsdk-python-communication-jobrouter/1.1.0b1 Python/3.11.5 (Windows-10-10.0.22621-SP0)",
        "x-ms-client-request-id": "3838d338-d686-11ee-85df-cc483a8c86b0",
        "x-ms-content-sha256": "Sanitized",
        "x-ms-date": "Wed, 28 Feb 2024 22:10:45 GMT",
        "x-ms-return-client-request-id": "true"
      },
      "RequestBody": null,
      "StatusCode": 200,
      "ResponseHeaders": {
        "api-supported-versions": "2021-04-07-preview1, 2022-07-18-preview, 2023-08-25-preview, 2023-11-01, 2024-01-18-preview",
        "Connection": "keep-alive",
        "Content-Type": "application/json; charset=utf-8",
        "Date": "Wed, 28 Feb 2024 22:10:45 GMT",
        "Request-Context": "appId=",
        "Strict-Transport-Security": "max-age=31536000;includeSubDomains",
        "trace-id": "4aba194b-4d23-e396-d138-50139d01e58f",
        "Transfer-Encoding": "chunked",
        "x-azure-ref": "20240228T221045Z-62860cebsh131fwtun2vb0d478000000080g000000007ec3",
        "X-Cache": "CONFIG_NOCACHE"
      },
      "ResponseBody": {
        "value": [
          {
            "id": "tst_list_w_3",
            "state": "inactive",
            "queues": [
              "test_list_workers_tst_q_async"
            ],
            "capacity": 100,
            "labels": {
              "key1": "WorkerKey",
              "key2": 10,
              "key3": true,
              "Id": "tst_list_w_3"
            },
            "tags": {
              "tag1": "WorkerGenericInfo"
            },
            "channels": [
              {
                "channelId": "fakeChannel1",
                "capacityCostPerJob": 10
              },
              {
                "channelId": "fakeChannel2",
                "capacityCostPerJob": 90
              }
            ],
            "offers": [],
            "assignedJobs": [],
            "loadRatio": 0,
            "availableForOffers": false,
            "etag": "Sanitized"
          },
          {
            "id": "tst_list_w_2",
            "state": "inactive",
            "queues": [
              "test_list_workers_tst_q_async"
            ],
            "capacity": 100,
            "labels": {
              "key1": "WorkerKey",
              "key2": 10,
              "key3": true,
              "Id": "tst_list_w_2"
            },
            "tags": {
              "tag1": "WorkerGenericInfo"
            },
            "channels": [
              {
                "channelId": "fakeChannel1",
                "capacityCostPerJob": 10
              },
              {
                "channelId": "fakeChannel2",
                "capacityCostPerJob": 90
              }
            ],
            "offers": [],
            "assignedJobs": [],
            "loadRatio": 0,
            "availableForOffers": false,
            "etag": "Sanitized"
          },
          {
            "id": "tst_list_w_1",
            "state": "inactive",
            "queues": [
              "test_list_workers_tst_q_async"
            ],
            "capacity": 100,
            "labels": {
              "key1": "WorkerKey",
              "key2": 10,
              "key3": true,
              "Id": "tst_list_w_1"
            },
            "tags": {
              "tag1": "WorkerGenericInfo"
            },
            "channels": [
              {
                "channelId": "fakeChannel1",
                "capacityCostPerJob": 10
              },
              {
                "channelId": "fakeChannel2",
                "capacityCostPerJob": 90
              }
            ],
            "offers": [],
            "assignedJobs": [],
            "loadRatio": 0,
            "availableForOffers": false,
            "etag": "Sanitized"
          }
        ]
      }
    },
    {
      "RequestUri": "https://sanitized.communication.azure.net/routing/workers/tst_list_w_3?api-version=2024-01-18-preview",
      "RequestMethod": "DELETE",
      "RequestHeaders": {
        "Accept": "*/*",
        "Accept-Encoding": "gzip, deflate",
        "Authorization": "Sanitized",
        "Content-Length": "0",
        "User-Agent": "azsdk-python-communication-jobrouter/1.1.0b1 Python/3.11.5 (Windows-10-10.0.22621-SP0)",
        "x-ms-client-request-id": "38410e77-d686-11ee-9966-cc483a8c86b0",
        "x-ms-content-sha256": "Sanitized",
        "x-ms-date": "Wed, 28 Feb 2024 22:10:45 GMT",
        "x-ms-return-client-request-id": "true"
      },
      "RequestBody": null,
      "StatusCode": 204,
      "ResponseHeaders": {
        "api-supported-versions": "2021-04-07-preview1, 2022-07-18-preview, 2023-08-25-preview, 2023-11-01, 2024-01-18-preview",
        "Connection": "keep-alive",
        "Date": "Wed, 28 Feb 2024 22:10:45 GMT",
        "Request-Context": "appId=",
        "Strict-Transport-Security": "max-age=31536000;includeSubDomains",
        "trace-id": "a64c039d-9d7e-14b1-2bf1-1a6a5ce874a6",
        "x-azure-ref": "20240228T221045Z-62860cebsh131fwtun2vb0d478000000080g000000007ec5",
        "X-Cache": "CONFIG_NOCACHE"
      },
      "ResponseBody": null
    },
    {
      "RequestUri": "https://sanitized.communication.azure.net/routing/workers/tst_list_w_2?api-version=2024-01-18-preview",
      "RequestMethod": "DELETE",
      "RequestHeaders": {
        "Accept": "*/*",
        "Accept-Encoding": "gzip, deflate",
        "Authorization": "Sanitized",
        "Content-Length": "0",
        "User-Agent": "azsdk-python-communication-jobrouter/1.1.0b1 Python/3.11.5 (Windows-10-10.0.22621-SP0)",
        "x-ms-client-request-id": "3856a444-d686-11ee-a816-cc483a8c86b0",
        "x-ms-content-sha256": "Sanitized",
        "x-ms-date": "Wed, 28 Feb 2024 22:10:45 GMT",
        "x-ms-return-client-request-id": "true"
      },
      "RequestBody": null,
      "StatusCode": 204,
      "ResponseHeaders": {
        "api-supported-versions": "2021-04-07-preview1, 2022-07-18-preview, 2023-08-25-preview, 2023-11-01, 2024-01-18-preview",
        "Connection": "keep-alive",
        "Date": "Wed, 28 Feb 2024 22:10:46 GMT",
        "Request-Context": "appId=",
        "Strict-Transport-Security": "max-age=31536000;includeSubDomains",
        "trace-id": "f09782e3-8f0f-1945-8c1c-0286896e37ed",
        "x-azure-ref": "20240228T221045Z-62860cebsh131fwtun2vb0d478000000080g000000007ec6",
        "X-Cache": "CONFIG_NOCACHE"
      },
      "ResponseBody": null
    },
    {
      "RequestUri": "https://sanitized.communication.azure.net/routing/workers/tst_list_w_1?api-version=2024-01-18-preview",
      "RequestMethod": "DELETE",
      "RequestHeaders": {
        "Accept": "*/*",
        "Accept-Encoding": "gzip, deflate",
        "Authorization": "Sanitized",
        "Content-Length": "0",
        "User-Agent": "azsdk-python-communication-jobrouter/1.1.0b1 Python/3.11.5 (Windows-10-10.0.22621-SP0)",
        "x-ms-client-request-id": "386a937c-d686-11ee-bdde-cc483a8c86b0",
        "x-ms-content-sha256": "Sanitized",
        "x-ms-date": "Wed, 28 Feb 2024 22:10:45 GMT",
        "x-ms-return-client-request-id": "true"
      },
      "RequestBody": null,
      "StatusCode": 204,
      "ResponseHeaders": {
        "api-supported-versions": "2021-04-07-preview1, 2022-07-18-preview, 2023-08-25-preview, 2023-11-01, 2024-01-18-preview",
        "Connection": "keep-alive",
        "Date": "Wed, 28 Feb 2024 22:10:46 GMT",
        "Request-Context": "appId=",
        "Strict-Transport-Security": "max-age=31536000;includeSubDomains",
        "trace-id": "d5a81306-35e6-bca4-24c8-10e8317d205e",
        "x-azure-ref": "20240228T221046Z-62860cebsh131fwtun2vb0d478000000080g000000007ec7",
        "X-Cache": "CONFIG_NOCACHE"
      },
      "ResponseBody": null
    },
    {
      "RequestUri": "https://sanitized.communication.azure.net/routing/queues/test_list_workers_tst_q_async?api-version=2024-01-18-preview",
      "RequestMethod": "DELETE",
      "RequestHeaders": {
        "Accept": "*/*",
        "Accept-Encoding": "gzip, deflate",
        "Authorization": "Sanitized",
        "Content-Length": "0",
        "User-Agent": "azsdk-python-communication-jobrouter/1.1.0b1 Python/3.11.5 (Windows-10-10.0.22621-SP0)",
        "x-ms-client-request-id": "387e5760-d686-11ee-9df8-cc483a8c86b0",
        "x-ms-content-sha256": "Sanitized",
        "x-ms-date": "Wed, 28 Feb 2024 22:10:45 GMT",
        "x-ms-return-client-request-id": "true"
      },
      "RequestBody": null,
      "StatusCode": 204,
      "ResponseHeaders": {
        "api-supported-versions": "2021-04-07-preview1, 2022-07-18-preview, 2023-08-25-preview, 2023-11-01, 2024-01-18-preview",
        "Connection": "keep-alive",
        "Date": "Wed, 28 Feb 2024 22:10:46 GMT",
        "Request-Context": "appId=",
        "Strict-Transport-Security": "max-age=31536000;includeSubDomains",
        "trace-id": "1261434b-5aa0-a83e-6d09-c98c3784def4",
        "x-azure-ref": "20240228T221046Z-62860cebsh131fwtun2vb0d478000000080g000000007ec8",
        "X-Cache": "CONFIG_NOCACHE"
      },
      "ResponseBody": null
    },
    {
      "RequestUri": "https://sanitized.communication.azure.net/routing/distributionPolicies/test_list_workers_tst_dp_async?api-version=2024-01-18-preview",
      "RequestMethod": "DELETE",
      "RequestHeaders": {
        "Accept": "*/*",
        "Accept-Encoding": "gzip, deflate",
        "Authorization": "Sanitized",
        "Content-Length": "0",
        "User-Agent": "azsdk-python-communication-jobrouter/1.1.0b1 Python/3.11.5 (Windows-10-10.0.22621-SP0)",
        "x-ms-client-request-id": "3890376a-d686-11ee-9c8c-cc483a8c86b0",
        "x-ms-content-sha256": "Sanitized",
        "x-ms-date": "Wed, 28 Feb 2024 22:10:45 GMT",
        "x-ms-return-client-request-id": "true"
      },
      "RequestBody": null,
      "StatusCode": 204,
      "ResponseHeaders": {
        "api-supported-versions": "2021-04-07-preview1, 2022-07-18-preview, 2023-08-25-preview, 2023-11-01, 2024-01-18-preview",
        "Connection": "keep-alive",
        "Date": "Wed, 28 Feb 2024 22:10:46 GMT",
        "Request-Context": "appId=",
        "Strict-Transport-Security": "max-age=31536000;includeSubDomains",
        "trace-id": "a8161c59-2dd4-0539-22c7-58fec513dab8",
        "x-azure-ref": "20240228T221046Z-62860cebsh131fwtun2vb0d478000000080g000000007ecd",
        "X-Cache": "CONFIG_NOCACHE"
      },
      "ResponseBody": null
    }
  ],
  "Variables": {}
}
