{
  "Entries": [
    {
      "RequestUri": "https://sanitized.communication.azure.net/routing/distributionPolicies/test_get_classification_policy_tst_dp?api-version=2024-01-18-preview",
      "RequestMethod": "PATCH",
      "RequestHeaders": {
        "Accept": "application/json",
        "Accept-Encoding": "gzip, deflate",
        "Authorization": "Sanitized",
        "Connection": "keep-alive",
        "Content-Length": "167",
        "Content-Type": "application/merge-patch\u002Bjson",
        "User-Agent": "azsdk-python-communication-jobrouter/1.1.0b1 Python/3.11.5 (Windows-10-10.0.22621-SP0)",
        "x-ms-client-request-id": "7d97480e-d685-11ee-b26f-cc483a8c86b0",
        "x-ms-content-sha256": "Sanitized",
        "x-ms-date": "Wed, 28 Feb 2024 22:05:32 GMT",
        "x-ms-return-client-request-id": "true"
      },
      "RequestBody": {
        "name": "test_get_classification_policy_tst_dp",
        "offerExpiresAfterSeconds": 10.0,
        "mode": {
          "kind": "roundRobin",
          "minConcurrentOffers": 1,
          "maxConcurrentOffers": 1
        }
      },
      "StatusCode": 201,
      "ResponseHeaders": {
        "api-supported-versions": "2021-04-07-preview1, 2022-07-18-preview, 2023-08-25-preview, 2023-11-01, 2024-01-18-preview",
        "Connection": "keep-alive",
        "Content-Type": "application/json; charset=utf-8",
        "Date": "Wed, 28 Feb 2024 22:05:32 GMT",
        "ETag": "Sanitized",
        "Last-Modified": "Wed, 28 Feb 2024 22:05:32 GMT",
        "Request-Context": "appId=",
        "Strict-Transport-Security": "max-age=31536000;includeSubDomains",
        "trace-id": "5dc726fe-c6e4-8f61-7c82-4fb2506a4b29",
        "Transfer-Encoding": "chunked",
        "x-azure-ref": "20240228T220532Z-4u9x77m5514yh7buf6kxykrx580000000a1g000000004vh8",
        "X-Cache": "CONFIG_NOCACHE"
      },
      "ResponseBody": {
        "id": "test_get_classification_policy_tst_dp",
        "name": "test_get_classification_policy_tst_dp",
        "offerExpiresAfterSeconds": 10,
        "mode": {
          "kind": "roundRobin",
          "minConcurrentOffers": 1,
          "maxConcurrentOffers": 1,
          "bypassSelectors": false
        },
        "etag": "Sanitized"
      }
    },
    {
      "RequestUri": "https://sanitized.communication.azure.net/routing/queues/test_get_classification_policy_tst_q?api-version=2024-01-18-preview",
      "RequestMethod": "PATCH",
      "RequestHeaders": {
        "Accept": "application/json",
        "Accept-Encoding": "gzip, deflate",
        "Authorization": "Sanitized",
        "Connection": "keep-alive",
        "Content-Length": "81",
        "Content-Type": "application/merge-patch\u002Bjson",
        "User-Agent": "azsdk-python-communication-jobrouter/1.1.0b1 Python/3.11.5 (Windows-10-10.0.22621-SP0)",
        "x-ms-client-request-id": "7da7a9c5-d685-11ee-8442-cc483a8c86b0",
        "x-ms-content-sha256": "Sanitized",
        "x-ms-date": "Wed, 28 Feb 2024 22:05:32 GMT",
        "x-ms-return-client-request-id": "true"
      },
      "RequestBody": {
        "name": "test",
        "distributionPolicyId": "test_get_classification_policy_tst_dp"
      },
      "StatusCode": 201,
      "ResponseHeaders": {
        "api-supported-versions": "2021-04-07-preview1, 2022-07-18-preview, 2023-08-25-preview, 2023-11-01, 2024-01-18-preview",
        "Connection": "keep-alive",
        "Content-Type": "application/json; charset=utf-8",
        "Date": "Wed, 28 Feb 2024 22:05:32 GMT",
        "ETag": "Sanitized",
        "Last-Modified": "Wed, 28 Feb 2024 22:05:32 GMT",
        "Request-Context": "appId=",
        "Strict-Transport-Security": "max-age=31536000;includeSubDomains",
        "trace-id": "c80b25f8-0637-cc04-78ae-47df95515e92",
        "Transfer-Encoding": "chunked",
        "x-azure-ref": "20240228T220532Z-4u9x77m5514yh7buf6kxykrx580000000a1g000000004vhb",
        "X-Cache": "CONFIG_NOCACHE"
      },
      "ResponseBody": {
        "id": "test_get_classification_policy_tst_q",
        "name": "test",
        "distributionPolicyId": "test_get_classification_policy_tst_dp",
        "labels": {
          "Id": "test_get_classification_policy_tst_q"
        },
        "etag": "Sanitized"
      }
    },
    {
      "RequestUri": "https://sanitized.communication.azure.net/routing/classificationPolicies/tst_get_cp?api-version=2024-01-18-preview",
      "RequestMethod": "PATCH",
      "RequestHeaders": {
        "Accept": "application/json",
        "Accept-Encoding": "gzip, deflate",
        "Authorization": "Sanitized",
        "Connection": "keep-alive",
        "Content-Length": "1647",
        "Content-Type": "application/merge-patch\u002Bjson",
        "User-Agent": "azsdk-python-communication-jobrouter/1.1.0b1 Python/3.11.5 (Windows-10-10.0.22621-SP0)",
        "x-ms-client-request-id": "7dba8d63-d685-11ee-b469-cc483a8c86b0",
        "x-ms-content-sha256": "Sanitized",
        "x-ms-date": "Wed, 28 Feb 2024 22:05:32 GMT",
        "x-ms-return-client-request-id": "true"
      },
      "RequestBody": {
        "name": "tst_get_cp",
        "fallbackQueueId": "test_get_classification_policy_tst_q",
        "queueSelectorAttachments": [
          {
            "kind": "static",
            "queueSelector": {
              "key": "test_key",
              "labelOperator": "equal",
              "value": "test_value"
            }
          },
          {
            "kind": "conditional",
            "condition": {
              "kind": "static",
              "value": true
            },
            "queueSelectors": [
              {
                "key": "test_key",
                "labelOperator": "equal",
                "value": "test_value"
              }
            ]
          },
          {
            "kind": "ruleEngine",
            "rule": {
              "kind": "static",
              "value": [
                {
                  "key": "test_key",
                  "labelOperator": "equal",
                  "value": "test_value"
                }
              ]
            }
          },
          {
            "kind": "passThrough",
            "key": "testKey",
            "labelOperator": "equal"
          },
          {
            "kind": "weightedAllocation",
            "allocations": [
              {
                "weight": 1.0,
                "queueSelectors": [
                  {
                    "key": "test_key",
                    "labelOperator": "equal",
                    "value": "test_value"
                  }
                ]
              }
            ]
          }
        ],
        "prioritizationRule": {
          "kind": "static",
          "value": 1
        },
        "workerSelectorAttachments": [
          {
            "kind": "static",
            "workerSelector": {
              "key": "test_key",
              "labelOperator": "equal",
              "value": "test_value",
              "expiresAfterSeconds": 10.0,
              "expedite": false
            }
          },
          {
            "kind": "conditional",
            "condition": {
              "kind": "static",
              "value": true
            },
            "workerSelectors": [
              {
                "key": "test_key",
                "labelOperator": "equal",
                "value": "test_value",
                "expiresAfterSeconds": 10.0,
                "expedite": false
              }
            ]
          },
          {
            "kind": "ruleEngine",
            "rule": {
              "kind": "static",
              "value": [
                {
                  "key": "test_key",
                  "labelOperator": "equal",
                  "value": "test_value",
                  "expiresAfterSeconds": 10.0,
                  "expedite": false
                }
              ]
            }
          },
          {
            "kind": "passThrough",
            "key": "testKey",
            "labelOperator": "equal"
          },
          {
            "kind": "weightedAllocation",
            "allocations": [
              {
                "weight": 1.0,
                "workerSelectors": [
                  {
                    "key": "test_key",
                    "labelOperator": "equal",
                    "value": "test_value",
                    "expiresAfterSeconds": 10.0,
                    "expedite": false
                  }
                ]
              }
            ]
          }
        ]
      },
      "StatusCode": 201,
      "ResponseHeaders": {
        "api-supported-versions": "2021-04-07-preview1, 2022-07-18-preview, 2023-08-25-preview, 2023-11-01, 2024-01-18-preview",
        "Connection": "keep-alive",
        "Content-Type": "application/json; charset=utf-8",
        "Date": "Wed, 28 Feb 2024 22:05:32 GMT",
        "ETag": "Sanitized",
        "Last-Modified": "Wed, 28 Feb 2024 22:05:32 GMT",
        "Request-Context": "appId=",
        "Strict-Transport-Security": "max-age=31536000;includeSubDomains",
        "trace-id": "7584593b-fc7b-edc3-c17e-a8482c2c6f3d",
        "Transfer-Encoding": "chunked",
        "x-azure-ref": "20240228T220532Z-4u9x77m5514yh7buf6kxykrx580000000a1g000000004vhf",
        "X-Cache": "CONFIG_NOCACHE"
      },
      "ResponseBody": {
        "id": "tst_get_cp",
        "name": "tst_get_cp",
        "fallbackQueueId": "test_get_classification_policy_tst_q",
        "queueSelectorAttachments": [
          {
            "kind": "static",
            "queueSelector": {
              "key": "test_key",
              "labelOperator": "equal",
              "value": "test_value"
            }
          },
          {
            "kind": "conditional",
            "condition": {
              "kind": "static",
              "value": true
            },
            "queueSelectors": [
              {
                "key": "test_key",
                "labelOperator": "equal",
                "value": "test_value"
              }
            ]
          },
          {
            "kind": "ruleEngine",
            "rule": {
              "kind": "static",
              "value": [
                {
                  "key": "test_key",
                  "labelOperator": "equal",
                  "value": "test_value"
                }
              ]
            }
          },
          {
            "kind": "passThrough",
            "key": "testKey",
            "labelOperator": "equal"
          },
          {
            "kind": "weightedAllocation",
            "allocations": [
              {
                "weight": 1,
                "queueSelectors": [
                  {
                    "key": "test_key",
                    "labelOperator": "equal",
                    "value": "test_value"
                  }
                ]
              }
            ]
          }
        ],
        "prioritizationRule": {
          "kind": "static",
          "value": 1
        },
        "workerSelectorAttachments": [
          {
            "kind": "static",
            "workerSelector": {
              "expiresAfterSeconds": 10,
              "expedite": false,
              "status": "active",
              "key": "test_key",
              "labelOperator": "equal",
              "value": "test_value"
            }
          },
          {
            "kind": "conditional",
            "condition": {
              "kind": "static",
              "value": true
            },
            "workerSelectors": [
              {
                "expiresAfterSeconds": 10,
                "expedite": false,
                "status": "active",
                "key": "test_key",
                "labelOperator": "equal",
                "value": "test_value"
              }
            ]
          },
          {
            "kind": "ruleEngine",
            "rule": {
              "kind": "static",
              "value": [
                {
                  "key": "test_key",
                  "labelOperator": "equal",
                  "value": "test_value",
                  "expiresAfterSeconds": 10,
                  "expedite": false
                }
              ]
            }
          },
          {
            "kind": "passThrough",
            "key": "testKey",
            "labelOperator": "equal"
          },
          {
            "kind": "weightedAllocation",
            "allocations": [
              {
                "weight": 1,
                "workerSelectors": [
                  {
                    "expiresAfterSeconds": 10,
                    "expedite": false,
                    "status": "active",
                    "key": "test_key",
                    "labelOperator": "equal",
                    "value": "test_value"
                  }
                ]
              }
            ]
          }
        ],
        "etag": "Sanitized"
      }
    },
    {
      "RequestUri": "https://sanitized.communication.azure.net/routing/classificationPolicies/tst_get_cp?api-version=2024-01-18-preview",
      "RequestMethod": "GET",
      "RequestHeaders": {
        "Accept": "application/json",
        "Accept-Encoding": "gzip, deflate",
        "Authorization": "Sanitized",
        "Connection": "keep-alive",
        "User-Agent": "azsdk-python-communication-jobrouter/1.1.0b1 Python/3.11.5 (Windows-10-10.0.22621-SP0)",
        "x-ms-client-request-id": "7dcdb7c9-d685-11ee-97d4-cc483a8c86b0",
        "x-ms-content-sha256": "Sanitized",
        "x-ms-date": "Wed, 28 Feb 2024 22:05:32 GMT",
        "x-ms-return-client-request-id": "true"
      },
      "RequestBody": null,
      "StatusCode": 200,
      "ResponseHeaders": {
        "api-supported-versions": "2021-04-07-preview1, 2022-07-18-preview, 2023-08-25-preview, 2023-11-01, 2024-01-18-preview",
        "Connection": "keep-alive",
        "Content-Type": "application/json; charset=utf-8",
        "Date": "Wed, 28 Feb 2024 22:05:33 GMT",
        "ETag": "Sanitized",
        "Last-Modified": "Wed, 28 Feb 2024 22:05:32 GMT",
        "Request-Context": "appId=",
        "Strict-Transport-Security": "max-age=31536000;includeSubDomains",
        "trace-id": "4955e877-f176-a70c-3134-5836f7039283",
        "Transfer-Encoding": "chunked",
        "x-azure-ref": "20240228T220532Z-4u9x77m5514yh7buf6kxykrx580000000a1g000000004vhk",
        "X-Cache": "CONFIG_NOCACHE"
      },
      "ResponseBody": {
        "id": "tst_get_cp",
        "name": "tst_get_cp",
        "fallbackQueueId": "test_get_classification_policy_tst_q",
        "queueSelectorAttachments": [
          {
            "kind": "static",
            "queueSelector": {
              "key": "test_key",
              "labelOperator": "equal",
              "value": "test_value"
            }
          },
          {
            "kind": "conditional",
            "condition": {
              "kind": "static",
              "value": true
            },
            "queueSelectors": [
              {
                "key": "test_key",
                "labelOperator": "equal",
                "value": "test_value"
              }
            ]
          },
          {
            "kind": "ruleEngine",
            "rule": {
              "kind": "static",
              "value": [
                {
                  "key": "test_key",
                  "labelOperator": "equal",
                  "value": "test_value"
                }
              ]
            }
          },
          {
            "kind": "passThrough",
            "key": "testKey",
            "labelOperator": "equal"
          },
          {
            "kind": "weightedAllocation",
            "allocations": [
              {
                "weight": 1,
                "queueSelectors": [
                  {
                    "key": "test_key",
                    "labelOperator": "equal",
                    "value": "test_value"
                  }
                ]
              }
            ]
          }
        ],
        "prioritizationRule": {
          "kind": "static",
          "value": 1
        },
        "workerSelectorAttachments": [
          {
            "kind": "static",
            "workerSelector": {
              "expiresAfterSeconds": 10,
              "expedite": false,
              "status": "active",
              "key": "test_key",
              "labelOperator": "equal",
              "value": "test_value"
            }
          },
          {
            "kind": "conditional",
            "condition": {
              "kind": "static",
              "value": true
            },
            "workerSelectors": [
              {
                "expiresAfterSeconds": 10,
                "expedite": false,
                "status": "active",
                "key": "test_key",
                "labelOperator": "equal",
                "value": "test_value"
              }
            ]
          },
          {
            "kind": "ruleEngine",
            "rule": {
              "kind": "static",
              "value": [
                {
                  "key": "test_key",
                  "labelOperator": "equal",
                  "value": "test_value",
                  "expiresAfterSeconds": 10,
                  "expedite": false
                }
              ]
            }
          },
          {
            "kind": "passThrough",
            "key": "testKey",
            "labelOperator": "equal"
          },
          {
            "kind": "weightedAllocation",
            "allocations": [
              {
                "weight": 1,
                "workerSelectors": [
                  {
                    "expiresAfterSeconds": 10,
                    "expedite": false,
                    "status": "active",
                    "key": "test_key",
                    "labelOperator": "equal",
                    "value": "test_value"
                  }
                ]
              }
            ]
          }
        ],
        "etag": "Sanitized"
      }
    },
    {
      "RequestUri": "https://sanitized.communication.azure.net/routing/classificationPolicies/tst_get_cp?api-version=2024-01-18-preview",
      "RequestMethod": "PATCH",
      "RequestHeaders": {
        "Accept": "application/json",
        "Accept-Encoding": "gzip, deflate",
        "Authorization": "Sanitized",
        "Connection": "keep-alive",
        "Content-Length": "1658",
        "Content-Type": "application/merge-patch\u002Bjson",
        "User-Agent": "azsdk-python-communication-jobrouter/1.1.0b1 Python/3.11.5 (Windows-10-10.0.22621-SP0)",
        "x-ms-client-request-id": "7dd81b11-d685-11ee-8c69-cc483a8c86b0",
        "x-ms-content-sha256": "Sanitized",
        "x-ms-date": "Wed, 28 Feb 2024 22:05:32 GMT",
        "x-ms-return-client-request-id": "true"
      },
      "RequestBody": {
        "name": "tst_get_cp",
        "fallbackQueueId": "test_get_classification_policy_tst_q",
        "queueSelectorAttachments": [
          {
            "kind": "static",
            "queueSelector": {
              "key": "test_key",
              "labelOperator": "equal",
              "value": "test_value"
            }
          },
          {
            "kind": "conditional",
            "condition": {
              "kind": "static",
              "value": true
            },
            "queueSelectors": [
              {
                "key": "test_key",
                "labelOperator": "equal",
                "value": "test_value"
              }
            ]
          },
          {
            "kind": "ruleEngine",
            "rule": {
              "kind": "static",
              "value": [
                {
                  "key": "test_key",
                  "labelOperator": "equal",
                  "value": "test_value"
                }
              ]
            }
          },
          {
            "kind": "passThrough",
            "key": "testKey",
            "labelOperator": "equal"
          },
          {
            "kind": "weightedAllocation",
            "allocations": [
              {
                "weight": 1.0,
                "queueSelectors": [
                  {
                    "key": "test_key",
                    "labelOperator": "equal",
                    "value": "test_value"
                  }
                ]
              }
            ]
          }
        ],
        "prioritizationRule": {
          "kind": "expression",
          "expression": "1"
        },
        "workerSelectorAttachments": [
          {
            "kind": "static",
            "workerSelector": {
              "key": "test_key",
              "labelOperator": "equal",
              "value": "test_value",
              "expiresAfterSeconds": 10.0,
              "expedite": false
            }
          },
          {
            "kind": "conditional",
            "condition": {
              "kind": "static",
              "value": true
            },
            "workerSelectors": [
              {
                "key": "test_key",
                "labelOperator": "equal",
                "value": "test_value",
                "expiresAfterSeconds": 10.0,
                "expedite": false
              }
            ]
          },
          {
            "kind": "ruleEngine",
            "rule": {
              "kind": "static",
              "value": [
                {
                  "key": "test_key",
                  "labelOperator": "equal",
                  "value": "test_value",
                  "expiresAfterSeconds": 10.0,
                  "expedite": false
                }
              ]
            }
          },
          {
            "kind": "passThrough",
            "key": "testKey",
            "labelOperator": "equal"
          },
          {
            "kind": "weightedAllocation",
            "allocations": [
              {
                "weight": 1.0,
                "workerSelectors": [
                  {
                    "key": "test_key",
                    "labelOperator": "equal",
                    "value": "test_value",
                    "expiresAfterSeconds": 10.0,
                    "expedite": false
                  }
                ]
              }
            ]
          }
        ]
      },
      "StatusCode": 200,
      "ResponseHeaders": {
        "api-supported-versions": "2021-04-07-preview1, 2022-07-18-preview, 2023-08-25-preview, 2023-11-01, 2024-01-18-preview",
        "Connection": "keep-alive",
        "Content-Type": "application/json; charset=utf-8",
        "Date": "Wed, 28 Feb 2024 22:05:33 GMT",
        "ETag": "Sanitized",
        "Last-Modified": "Wed, 28 Feb 2024 22:05:33 GMT",
        "Request-Context": "appId=",
        "Strict-Transport-Security": "max-age=31536000;includeSubDomains",
        "trace-id": "68f70fa8-9d0b-ceb5-0988-9a4018cef91d",
        "Transfer-Encoding": "chunked",
        "x-azure-ref": "20240228T220533Z-4u9x77m5514yh7buf6kxykrx580000000a1g000000004vhr",
        "X-Cache": "CONFIG_NOCACHE"
      },
      "ResponseBody": {
        "id": "tst_get_cp",
        "name": "tst_get_cp",
        "fallbackQueueId": "test_get_classification_policy_tst_q",
        "queueSelectorAttachments": [
          {
            "kind": "static",
            "queueSelector": {
              "key": "test_key",
              "labelOperator": "equal",
              "value": "test_value"
            }
          },
          {
            "kind": "conditional",
            "condition": {
              "kind": "static",
              "value": true
            },
            "queueSelectors": [
              {
                "key": "test_key",
                "labelOperator": "equal",
                "value": "test_value"
              }
            ]
          },
          {
            "kind": "ruleEngine",
            "rule": {
              "kind": "static",
              "value": [
                {
                  "key": "test_key",
                  "labelOperator": "equal",
                  "value": "test_value"
                }
              ]
            }
          },
          {
            "kind": "passThrough",
            "key": "testKey",
            "labelOperator": "equal"
          },
          {
            "kind": "weightedAllocation",
            "allocations": [
              {
                "weight": 1,
                "queueSelectors": [
                  {
                    "key": "test_key",
                    "labelOperator": "equal",
                    "value": "test_value"
                  }
                ]
              }
            ]
          }
        ],
        "prioritizationRule": {
          "kind": "expression",
          "language": "powerFx",
          "expression": "1"
        },
        "workerSelectorAttachments": [
          {
            "kind": "static",
            "workerSelector": {
              "expiresAfterSeconds": 10,
              "expedite": false,
              "status": "active",
              "key": "test_key",
              "labelOperator": "equal",
              "value": "test_value"
            }
          },
          {
            "kind": "conditional",
            "condition": {
              "kind": "static",
              "value": true
            },
            "workerSelectors": [
              {
                "expiresAfterSeconds": 10,
                "expedite": false,
                "status": "active",
                "key": "test_key",
                "labelOperator": "equal",
                "value": "test_value"
              }
            ]
          },
          {
            "kind": "ruleEngine",
            "rule": {
              "kind": "static",
              "value": [
                {
                  "key": "test_key",
                  "labelOperator": "equal",
                  "value": "test_value",
                  "expiresAfterSeconds": 10,
                  "expedite": false
                }
              ]
            }
          },
          {
            "kind": "passThrough",
            "key": "testKey",
            "labelOperator": "equal"
          },
          {
            "kind": "weightedAllocation",
            "allocations": [
              {
                "weight": 1,
                "workerSelectors": [
                  {
                    "expiresAfterSeconds": 10,
                    "expedite": false,
                    "status": "active",
                    "key": "test_key",
                    "labelOperator": "equal",
                    "value": "test_value"
                  }
                ]
              }
            ]
          }
        ],
        "etag": "Sanitized"
      }
    },
    {
      "RequestUri": "https://sanitized.communication.azure.net/routing/classificationPolicies/tst_get_cp?api-version=2024-01-18-preview",
      "RequestMethod": "GET",
      "RequestHeaders": {
        "Accept": "application/json",
        "Accept-Encoding": "gzip, deflate",
        "Authorization": "Sanitized",
        "Connection": "keep-alive",
        "User-Agent": "azsdk-python-communication-jobrouter/1.1.0b1 Python/3.11.5 (Windows-10-10.0.22621-SP0)",
        "x-ms-client-request-id": "7dea6b9d-d685-11ee-8902-cc483a8c86b0",
        "x-ms-content-sha256": "Sanitized",
        "x-ms-date": "Wed, 28 Feb 2024 22:05:32 GMT",
        "x-ms-return-client-request-id": "true"
      },
      "RequestBody": null,
      "StatusCode": 200,
      "ResponseHeaders": {
        "api-supported-versions": "2021-04-07-preview1, 2022-07-18-preview, 2023-08-25-preview, 2023-11-01, 2024-01-18-preview",
        "Connection": "keep-alive",
        "Content-Type": "application/json; charset=utf-8",
        "Date": "Wed, 28 Feb 2024 22:05:33 GMT",
        "ETag": "Sanitized",
        "Last-Modified": "Wed, 28 Feb 2024 22:05:33 GMT",
        "Request-Context": "appId=",
        "Strict-Transport-Security": "max-age=31536000;includeSubDomains",
        "trace-id": "5f81030d-998d-f734-ff53-c52965f057dd",
        "Transfer-Encoding": "chunked",
        "x-azure-ref": "20240228T220533Z-4u9x77m5514yh7buf6kxykrx580000000a1g000000004vhv",
        "X-Cache": "CONFIG_NOCACHE"
      },
      "ResponseBody": {
        "id": "tst_get_cp",
        "name": "tst_get_cp",
        "fallbackQueueId": "test_get_classification_policy_tst_q",
        "queueSelectorAttachments": [
          {
            "kind": "static",
            "queueSelector": {
              "key": "test_key",
              "labelOperator": "equal",
              "value": "test_value"
            }
          },
          {
            "kind": "conditional",
            "condition": {
              "kind": "static",
              "value": true
            },
            "queueSelectors": [
              {
                "key": "test_key",
                "labelOperator": "equal",
                "value": "test_value"
              }
            ]
          },
          {
            "kind": "ruleEngine",
            "rule": {
              "kind": "static",
              "value": [
                {
                  "key": "test_key",
                  "labelOperator": "equal",
                  "value": "test_value"
                }
              ]
            }
          },
          {
            "kind": "passThrough",
            "key": "testKey",
            "labelOperator": "equal"
          },
          {
            "kind": "weightedAllocation",
            "allocations": [
              {
                "weight": 1,
                "queueSelectors": [
                  {
                    "key": "test_key",
                    "labelOperator": "equal",
                    "value": "test_value"
                  }
                ]
              }
            ]
          }
        ],
        "prioritizationRule": {
          "kind": "expression",
          "language": "powerFx",
          "expression": "1"
        },
        "workerSelectorAttachments": [
          {
            "kind": "static",
            "workerSelector": {
              "expiresAfterSeconds": 10,
              "expedite": false,
              "status": "active",
              "key": "test_key",
              "labelOperator": "equal",
              "value": "test_value"
            }
          },
          {
            "kind": "conditional",
            "condition": {
              "kind": "static",
              "value": true
            },
            "workerSelectors": [
              {
                "expiresAfterSeconds": 10,
                "expedite": false,
                "status": "active",
                "key": "test_key",
                "labelOperator": "equal",
                "value": "test_value"
              }
            ]
          },
          {
            "kind": "ruleEngine",
            "rule": {
              "kind": "static",
              "value": [
                {
                  "key": "test_key",
                  "labelOperator": "equal",
                  "value": "test_value",
                  "expiresAfterSeconds": 10,
                  "expedite": false
                }
              ]
            }
          },
          {
            "kind": "passThrough",
            "key": "testKey",
            "labelOperator": "equal"
          },
          {
            "kind": "weightedAllocation",
            "allocations": [
              {
                "weight": 1,
                "workerSelectors": [
                  {
                    "expiresAfterSeconds": 10,
                    "expedite": false,
                    "status": "active",
                    "key": "test_key",
                    "labelOperator": "equal",
                    "value": "test_value"
                  }
                ]
              }
            ]
          }
        ],
        "etag": "Sanitized"
      }
    },
    {
      "RequestUri": "https://sanitized.communication.azure.net/routing/classificationPolicies/tst_get_cp?api-version=2024-01-18-preview",
      "RequestMethod": "PATCH",
      "RequestHeaders": {
        "Accept": "application/json",
        "Accept-Encoding": "gzip, deflate",
        "Authorization": "Sanitized",
        "Connection": "keep-alive",
        "Content-Length": "1591",
        "Content-Type": "application/merge-patch\u002Bjson",
        "User-Agent": "azsdk-python-communication-jobrouter/1.1.0b1 Python/3.11.5 (Windows-10-10.0.22621-SP0)",
        "x-ms-client-request-id": "7df5cd1f-d685-11ee-940a-cc483a8c86b0",
        "x-ms-content-sha256": "Sanitized",
        "x-ms-date": "Wed, 28 Feb 2024 22:05:32 GMT",
        "x-ms-return-client-request-id": "true"
      },
      "RequestBody": {
        "name": "tst_get_cp",
        "fallbackQueueId": "test_get_classification_policy_tst_q",
        "queueSelectorAttachments": [
          {
            "kind": "static",
            "queueSelector": {
              "key": "test_key",
              "labelOperator": "equal",
              "value": "test_value"
            }
          },
          {
            "kind": "conditional",
            "condition": {
              "kind": "static",
              "value": true
            },
            "queueSelectors": [
              {
                "key": "test_key",
                "labelOperator": "equal",
                "value": "test_value"
              }
            ]
          },
          {
            "kind": "ruleEngine",
            "rule": {
              "kind": "static",
              "value": [
                {
                  "key": "test_key",
                  "labelOperator": "equal",
                  "value": "test_value"
                }
              ]
            }
          },
          {
            "kind": "passThrough",
            "key": "testKey",
            "labelOperator": "equal"
          },
          {
            "kind": "weightedAllocation",
            "allocations": [
              {
                "weight": 1.0,
                "queueSelectors": [
                  {
                    "key": "test_key",
                    "labelOperator": "equal",
                    "value": "test_value"
                  }
                ]
              }
            ]
          }
        ],
        "prioritizationRule": {
          "kind": "function",
          "functionUri": "https://dummy.endpoint.net",
          "credential": {
            "functionKey": "Sanitized"
          }
        },
        "workerSelectorAttachments": [
          {
            "kind": "static",
            "workerSelector": {
              "key": "test_key",
              "labelOperator": "equal",
              "value": "test_value",
              "expiresAfterSeconds": 10.0,
              "expedite": false
            }
          },
          {
            "kind": "conditional",
            "condition": {
              "kind": "static",
              "value": true
            },
            "workerSelectors": [
              {
                "key": "test_key",
                "labelOperator": "equal",
                "value": "test_value",
                "expiresAfterSeconds": 10.0,
                "expedite": false
              }
            ]
          },
          {
            "kind": "ruleEngine",
            "rule": {
              "kind": "static",
              "value": [
                {
                  "key": "test_key",
                  "labelOperator": "equal",
                  "value": "test_value",
                  "expiresAfterSeconds": 10.0,
                  "expedite": false
                }
              ]
            }
          },
          {
            "kind": "passThrough",
            "key": "testKey",
            "labelOperator": "equal"
          },
          {
            "kind": "weightedAllocation",
            "allocations": [
              {
                "weight": 1.0,
                "workerSelectors": [
                  {
                    "key": "test_key",
                    "labelOperator": "equal",
                    "value": "test_value",
                    "expiresAfterSeconds": 10.0,
                    "expedite": false
                  }
                ]
              }
            ]
          }
        ]
      },
      "StatusCode": 200,
      "ResponseHeaders": {
        "api-supported-versions": "2021-04-07-preview1, 2022-07-18-preview, 2023-08-25-preview, 2023-11-01, 2024-01-18-preview",
        "Connection": "keep-alive",
        "Content-Type": "application/json; charset=utf-8",
        "Date": "Wed, 28 Feb 2024 22:05:33 GMT",
        "ETag": "Sanitized",
        "Last-Modified": "Wed, 28 Feb 2024 22:05:33 GMT",
        "Request-Context": "appId=",
        "Strict-Transport-Security": "max-age=31536000;includeSubDomains",
        "trace-id": "830b4c65-1cb2-49f6-a745-757a2159f5d8",
        "Transfer-Encoding": "chunked",
        "x-azure-ref": "20240228T220533Z-4u9x77m5514yh7buf6kxykrx580000000a1g000000004vhz",
        "X-Cache": "CONFIG_NOCACHE"
      },
      "ResponseBody": {
        "id": "tst_get_cp",
        "name": "tst_get_cp",
        "fallbackQueueId": "test_get_classification_policy_tst_q",
        "queueSelectorAttachments": [
          {
            "kind": "static",
            "queueSelector": {
              "key": "test_key",
              "labelOperator": "equal",
              "value": "test_value"
            }
          },
          {
            "kind": "conditional",
            "condition": {
              "kind": "static",
              "value": true
            },
            "queueSelectors": [
              {
                "key": "test_key",
                "labelOperator": "equal",
                "value": "test_value"
              }
            ]
          },
          {
            "kind": "ruleEngine",
            "rule": {
              "kind": "static",
              "value": [
                {
                  "key": "test_key",
                  "labelOperator": "equal",
                  "value": "test_value"
                }
              ]
            }
          },
          {
            "kind": "passThrough",
            "key": "testKey",
            "labelOperator": "equal"
          },
          {
            "kind": "weightedAllocation",
            "allocations": [
              {
                "weight": 1,
                "queueSelectors": [
                  {
                    "key": "test_key",
                    "labelOperator": "equal",
                    "value": "test_value"
                  }
                ]
              }
            ]
          }
        ],
        "prioritizationRule": {
          "kind": "function",
          "functionUri": "https://dummy.endpoint.net",
          "credential": {
            "functionKey": "Sanitized"
          }
        },
        "workerSelectorAttachments": [
          {
            "kind": "static",
            "workerSelector": {
              "expiresAfterSeconds": 10,
              "expedite": false,
              "status": "active",
              "key": "test_key",
              "labelOperator": "equal",
              "value": "test_value"
            }
          },
          {
            "kind": "conditional",
            "condition": {
              "kind": "static",
              "value": true
            },
            "workerSelectors": [
              {
                "expiresAfterSeconds": 10,
                "expedite": false,
                "status": "active",
                "key": "test_key",
                "labelOperator": "equal",
                "value": "test_value"
              }
            ]
          },
          {
            "kind": "ruleEngine",
            "rule": {
              "kind": "static",
              "value": [
                {
                  "key": "test_key",
                  "labelOperator": "equal",
                  "value": "test_value",
                  "expiresAfterSeconds": 10,
                  "expedite": false
                }
              ]
            }
          },
          {
            "kind": "passThrough",
            "key": "testKey",
            "labelOperator": "equal"
          },
          {
            "kind": "weightedAllocation",
            "allocations": [
              {
                "weight": 1,
                "workerSelectors": [
                  {
                    "expiresAfterSeconds": 10,
                    "expedite": false,
                    "status": "active",
                    "key": "test_key",
                    "labelOperator": "equal",
                    "value": "test_value"
                  }
                ]
              }
            ]
          }
        ],
        "etag": "Sanitized"
      }
    },
    {
      "RequestUri": "https://sanitized.communication.azure.net/routing/classificationPolicies/tst_get_cp?api-version=2024-01-18-preview",
      "RequestMethod": "GET",
      "RequestHeaders": {
        "Accept": "application/json",
        "Accept-Encoding": "gzip, deflate",
        "Authorization": "Sanitized",
        "Connection": "keep-alive",
        "User-Agent": "azsdk-python-communication-jobrouter/1.1.0b1 Python/3.11.5 (Windows-10-10.0.22621-SP0)",
        "x-ms-client-request-id": "7e07be74-d685-11ee-be71-cc483a8c86b0",
        "x-ms-content-sha256": "Sanitized",
        "x-ms-date": "Wed, 28 Feb 2024 22:05:32 GMT",
        "x-ms-return-client-request-id": "true"
      },
      "RequestBody": null,
      "StatusCode": 200,
      "ResponseHeaders": {
        "api-supported-versions": "2021-04-07-preview1, 2022-07-18-preview, 2023-08-25-preview, 2023-11-01, 2024-01-18-preview",
        "Connection": "keep-alive",
        "Content-Type": "application/json; charset=utf-8",
        "Date": "Wed, 28 Feb 2024 22:05:33 GMT",
        "ETag": "Sanitized",
        "Last-Modified": "Wed, 28 Feb 2024 22:05:33 GMT",
        "Request-Context": "appId=",
        "Strict-Transport-Security": "max-age=31536000;includeSubDomains",
        "trace-id": "360b2397-7fb5-da40-f8c6-f54caa894e98",
        "Transfer-Encoding": "chunked",
        "x-azure-ref": "20240228T220533Z-4u9x77m5514yh7buf6kxykrx580000000a1g000000004vk0",
        "X-Cache": "CONFIG_NOCACHE"
      },
      "ResponseBody": {
        "id": "tst_get_cp",
        "name": "tst_get_cp",
        "fallbackQueueId": "test_get_classification_policy_tst_q",
        "queueSelectorAttachments": [
          {
            "kind": "static",
            "queueSelector": {
              "key": "test_key",
              "labelOperator": "equal",
              "value": "test_value"
            }
          },
          {
            "kind": "conditional",
            "condition": {
              "kind": "static",
              "value": true
            },
            "queueSelectors": [
              {
                "key": "test_key",
                "labelOperator": "equal",
                "value": "test_value"
              }
            ]
          },
          {
            "kind": "ruleEngine",
            "rule": {
              "kind": "static",
              "value": [
                {
                  "key": "test_key",
                  "labelOperator": "equal",
                  "value": "test_value"
                }
              ]
            }
          },
          {
            "kind": "passThrough",
            "key": "testKey",
            "labelOperator": "equal"
          },
          {
            "kind": "weightedAllocation",
            "allocations": [
              {
                "weight": 1,
                "queueSelectors": [
                  {
                    "key": "test_key",
                    "labelOperator": "equal",
                    "value": "test_value"
                  }
                ]
              }
            ]
          }
        ],
        "prioritizationRule": {
          "kind": "function",
          "functionUri": "https://dummy.endpoint.net",
          "credential": {
            "functionKey": "Sanitized"
          }
        },
        "workerSelectorAttachments": [
          {
            "kind": "static",
            "workerSelector": {
              "expiresAfterSeconds": 10,
              "expedite": false,
              "status": "active",
              "key": "test_key",
              "labelOperator": "equal",
              "value": "test_value"
            }
          },
          {
            "kind": "conditional",
            "condition": {
              "kind": "static",
              "value": true
            },
            "workerSelectors": [
              {
                "expiresAfterSeconds": 10,
                "expedite": false,
                "status": "active",
                "key": "test_key",
                "labelOperator": "equal",
                "value": "test_value"
              }
            ]
          },
          {
            "kind": "ruleEngine",
            "rule": {
              "kind": "static",
              "value": [
                {
                  "key": "test_key",
                  "labelOperator": "equal",
                  "value": "test_value",
                  "expiresAfterSeconds": 10,
                  "expedite": false
                }
              ]
            }
          },
          {
            "kind": "passThrough",
            "key": "testKey",
            "labelOperator": "equal"
          },
          {
            "kind": "weightedAllocation",
            "allocations": [
              {
                "weight": 1,
                "workerSelectors": [
                  {
                    "expiresAfterSeconds": 10,
                    "expedite": false,
                    "status": "active",
                    "key": "test_key",
                    "labelOperator": "equal",
                    "value": "test_value"
                  }
                ]
              }
            ]
          }
        ],
        "etag": "Sanitized"
      }
    },
    {
      "RequestUri": "https://sanitized.communication.azure.net/routing/classificationPolicies/tst_get_cp?api-version=2024-01-18-preview",
      "RequestMethod": "DELETE",
      "RequestHeaders": {
        "Accept": "*/*",
        "Accept-Encoding": "gzip, deflate",
        "Authorization": "Sanitized",
        "Connection": "keep-alive",
        "Content-Length": "0",
        "User-Agent": "azsdk-python-communication-jobrouter/1.1.0b1 Python/3.11.5 (Windows-10-10.0.22621-SP0)",
        "x-ms-client-request-id": "7e13bfa9-d685-11ee-8457-cc483a8c86b0",
        "x-ms-content-sha256": "Sanitized",
        "x-ms-date": "Wed, 28 Feb 2024 22:05:32 GMT",
        "x-ms-return-client-request-id": "true"
      },
      "RequestBody": null,
      "StatusCode": 204,
      "ResponseHeaders": {
        "api-supported-versions": "2021-04-07-preview1, 2022-07-18-preview, 2023-08-25-preview, 2023-11-01, 2024-01-18-preview",
        "Connection": "keep-alive",
        "Date": "Wed, 28 Feb 2024 22:05:33 GMT",
        "Request-Context": "appId=",
        "Strict-Transport-Security": "max-age=31536000;includeSubDomains",
        "trace-id": "381dcefe-224a-f70a-4b1d-9405d9084c34",
        "x-azure-ref": "20240228T220533Z-4u9x77m5514yh7buf6kxykrx580000000a1g000000004vk2",
        "X-Cache": "CONFIG_NOCACHE"
      },
      "ResponseBody": null
    },
    {
      "RequestUri": "https://sanitized.communication.azure.net/routing/queues/test_get_classification_policy_tst_q?api-version=2024-01-18-preview",
      "RequestMethod": "DELETE",
      "RequestHeaders": {
        "Accept": "*/*",
        "Accept-Encoding": "gzip, deflate",
        "Authorization": "Sanitized",
        "Connection": "keep-alive",
        "Content-Length": "0",
        "User-Agent": "azsdk-python-communication-jobrouter/1.1.0b1 Python/3.11.5 (Windows-10-10.0.22621-SP0)",
        "x-ms-client-request-id": "7e26eea8-d685-11ee-8a95-cc483a8c86b0",
        "x-ms-content-sha256": "Sanitized",
        "x-ms-date": "Wed, 28 Feb 2024 22:05:33 GMT",
        "x-ms-return-client-request-id": "true"
      },
      "RequestBody": null,
      "StatusCode": 204,
      "ResponseHeaders": {
        "api-supported-versions": "2021-04-07-preview1, 2022-07-18-preview, 2023-08-25-preview, 2023-11-01, 2024-01-18-preview",
        "Connection": "keep-alive",
        "Date": "Wed, 28 Feb 2024 22:05:33 GMT",
        "Request-Context": "appId=",
        "Strict-Transport-Security": "max-age=31536000;includeSubDomains",
        "trace-id": "1ab9153c-2b02-2e02-58a5-1a89b5118f91",
        "x-azure-ref": "20240228T220533Z-4u9x77m5514yh7buf6kxykrx580000000a1g000000004vk9",
        "X-Cache": "CONFIG_NOCACHE"
      },
      "ResponseBody": null
    },
    {
      "RequestUri": "https://sanitized.communication.azure.net/routing/distributionPolicies/test_get_classification_policy_tst_dp?api-version=2024-01-18-preview",
      "RequestMethod": "DELETE",
      "RequestHeaders": {
        "Accept": "*/*",
        "Accept-Encoding": "gzip, deflate",
        "Authorization": "Sanitized",
        "Connection": "keep-alive",
        "Content-Length": "0",
        "User-Agent": "azsdk-python-communication-jobrouter/1.1.0b1 Python/3.11.5 (Windows-10-10.0.22621-SP0)",
        "x-ms-client-request-id": "7e374ecf-d685-11ee-a478-cc483a8c86b0",
        "x-ms-content-sha256": "Sanitized",
        "x-ms-date": "Wed, 28 Feb 2024 22:05:33 GMT",
        "x-ms-return-client-request-id": "true"
      },
      "RequestBody": null,
      "StatusCode": 204,
      "ResponseHeaders": {
        "api-supported-versions": "2021-04-07-preview1, 2022-07-18-preview, 2023-08-25-preview, 2023-11-01, 2024-01-18-preview",
        "Connection": "keep-alive",
        "Date": "Wed, 28 Feb 2024 22:05:33 GMT",
        "Request-Context": "appId=",
        "Strict-Transport-Security": "max-age=31536000;includeSubDomains",
        "trace-id": "21c3f54b-161e-c91f-4712-8fcefb9a7565",
        "x-azure-ref": "20240228T220533Z-4u9x77m5514yh7buf6kxykrx580000000a1g000000004vkc",
        "X-Cache": "CONFIG_NOCACHE"
      },
      "ResponseBody": null
    }
  ],
  "Variables": {}
}
