{
  "Entries": [
    {
      "RequestUri": "https://sanitized.communication.azure.net/routing/distributionPolicies/test_create_worker_tst_dp?api-version=2024-01-18-preview",
      "RequestMethod": "PATCH",
      "RequestHeaders": {
        "Accept": "application/json",
        "Accept-Encoding": "gzip, deflate",
        "Authorization": "Sanitized",
        "Connection": "keep-alive",
        "Content-Length": "155",
        "Content-Type": "application/merge-patch\u002Bjson",
        "User-Agent": "azsdk-python-communication-jobrouter/1.1.0b1 Python/3.11.5 (Windows-10-10.0.22621-SP0)",
        "x-ms-client-request-id": "8d952dc7-d6a4-11ee-88f6-cc483a8c86b0",
        "x-ms-content-sha256": "Sanitized",
        "x-ms-date": "Thu, 29 Feb 2024 01:47:53 GMT",
        "x-ms-return-client-request-id": "true"
      },
      "RequestBody": {
        "name": "test_create_worker_tst_dp",
        "offerExpiresAfterSeconds": 10.0,
        "mode": {
          "kind": "roundRobin",
          "minConcurrentOffers": 1,
          "maxConcurrentOffers": 1
        }
      },
      "StatusCode": 200,
      "ResponseHeaders": {
        "api-supported-versions": "2021-04-07-preview1, 2022-07-18-preview, 2023-08-25-preview, 2023-11-01, 2024-01-18-preview",
        "Connection": "keep-alive",
        "Content-Type": "application/json; charset=utf-8",
        "Date": "Thu, 29 Feb 2024 01:47:53 GMT",
        "ETag": "Sanitized",
        "Last-Modified": "Wed, 28 Feb 2024 22:10:37 GMT",
        "Request-Context": "appId=",
        "Strict-Transport-Security": "max-age=31536000;includeSubDomains",
        "trace-id": "f4c83446-395a-8f20-0614-28534dde07c1",
        "Transfer-Encoding": "chunked",
        "x-azure-ref": "20240229T014753Z-kp6xyvzm6165r08hcu41r52kzs00000000q0000000004axb",
        "X-Cache": "CONFIG_NOCACHE"
      },
      "ResponseBody": {
        "id": "test_create_worker_tst_dp",
        "name": "test_create_worker_tst_dp",
        "offerExpiresAfterSeconds": 10,
        "mode": {
          "kind": "roundRobin",
          "minConcurrentOffers": 1,
          "maxConcurrentOffers": 1,
          "bypassSelectors": false
        },
        "etag": "Sanitized"
      }
    },
    {
      "RequestUri": "https://sanitized.communication.azure.net/routing/queues/test_create_worker_tst_q?api-version=2024-01-18-preview",
      "RequestMethod": "PATCH",
      "RequestHeaders": {
        "Accept": "application/json",
        "Accept-Encoding": "gzip, deflate",
        "Authorization": "Sanitized",
        "Connection": "keep-alive",
        "Content-Length": "148",
        "Content-Type": "application/merge-patch\u002Bjson",
        "User-Agent": "azsdk-python-communication-jobrouter/1.1.0b1 Python/3.11.5 (Windows-10-10.0.22621-SP0)",
        "x-ms-client-request-id": "8da1733a-d6a4-11ee-bb60-cc483a8c86b0",
        "x-ms-content-sha256": "Sanitized",
        "x-ms-date": "Thu, 29 Feb 2024 01:47:53 GMT",
        "x-ms-return-client-request-id": "true"
      },
      "RequestBody": {
        "name": "test_create_worker_tst_q",
        "distributionPolicyId": "test_create_worker_tst_dp",
        "labels": {
          "key1": "WorkerKey",
          "key2": 10,
          "key3": true
        }
      },
      "StatusCode": 200,
      "ResponseHeaders": {
        "api-supported-versions": "2021-04-07-preview1, 2022-07-18-preview, 2023-08-25-preview, 2023-11-01, 2024-01-18-preview",
        "Connection": "keep-alive",
        "Content-Type": "application/json; charset=utf-8",
        "Date": "Thu, 29 Feb 2024 01:47:53 GMT",
        "ETag": "Sanitized",
        "Last-Modified": "Wed, 28 Feb 2024 22:10:37 GMT",
        "Request-Context": "appId=",
        "Strict-Transport-Security": "max-age=31536000;includeSubDomains",
        "trace-id": "0b48c2c5-cb72-83d0-e724-7b1c2d688c9e",
        "Transfer-Encoding": "chunked",
        "x-azure-ref": "20240229T014753Z-kp6xyvzm6165r08hcu41r52kzs00000000q0000000004axf",
        "X-Cache": "CONFIG_NOCACHE"
      },
      "ResponseBody": {
        "id": "test_create_worker_tst_q",
        "name": "test_create_worker_tst_q",
        "distributionPolicyId": "test_create_worker_tst_dp",
        "labels": {
          "key1": "WorkerKey",
          "key2": 10,
          "key3": true,
          "Id": "test_create_worker_tst_q"
        },
        "etag": "Sanitized"
      }
    },
    {
      "RequestUri": "https://sanitized.communication.azure.net/routing/workers/tst_create_w?api-version=2024-01-18-preview",
      "RequestMethod": "PATCH",
      "RequestHeaders": {
        "Accept": "application/json",
        "Accept-Encoding": "gzip, deflate",
        "Authorization": "Sanitized",
        "Connection": "keep-alive",
        "Content-Length": "357",
        "Content-Type": "application/merge-patch\u002Bjson",
        "User-Agent": "azsdk-python-communication-jobrouter/1.1.0b1 Python/3.11.5 (Windows-10-10.0.22621-SP0)",
        "x-ms-client-request-id": "8db02bd8-d6a4-11ee-b749-cc483a8c86b0",
        "x-ms-content-sha256": "Sanitized",
        "x-ms-date": "Thu, 29 Feb 2024 01:47:53 GMT",
        "x-ms-return-client-request-id": "true"
      },
      "RequestBody": {
        "queues": [
          "test_create_worker_tst_q"
        ],
        "capacity": 100,
        "labels": {
          "key1": "WorkerKey",
          "key2": 10,
          "key3": true
        },
        "tags": {
          "tag1": "WorkerGenericInfo"
        },
        "channels": [
          {
            "channelId": "fakeChannel1",
            "capacityCostPerJob": 10,
            "maxNumberOfJobs": 10
          },
          {
            "channelId": "fakeChannel2",
            "capacityCostPerJob": 90,
            "maxNumberOfJobs": 1
          }
        ],
        "availableForOffers": false
      },
      "StatusCode": 201,
      "ResponseHeaders": {
        "api-supported-versions": "2021-04-07-preview1, 2022-07-18-preview, 2023-08-25-preview, 2023-11-01, 2024-01-18-preview",
        "Connection": "keep-alive",
        "Content-Type": "application/json; charset=utf-8",
        "Date": "Thu, 29 Feb 2024 01:47:54 GMT",
        "ETag": "Sanitized",
        "Last-Modified": "Thu, 29 Feb 2024 01:47:54 GMT",
        "Request-Context": "appId=",
        "Strict-Transport-Security": "max-age=31536000;includeSubDomains",
        "trace-id": "da778a9a-6115-fb47-efb7-914d82cc4671",
        "Transfer-Encoding": "chunked",
        "x-azure-ref": "20240229T014754Z-kp6xyvzm6165r08hcu41r52kzs00000000q0000000004axh",
        "X-Cache": "CONFIG_NOCACHE"
      },
      "ResponseBody": {
        "id": "tst_create_w",
        "state": "inactive",
        "queues": [
          "test_create_worker_tst_q"
        ],
        "capacity": 100,
        "labels": {
          "key1": "WorkerKey",
          "key2": 10,
          "key3": true,
          "Id": "tst_create_w"
        },
        "tags": {
          "tag1": "WorkerGenericInfo"
        },
        "channels": [
          {
            "channelId": "fakeChannel1",
            "capacityCostPerJob": 10,
            "maxNumberOfJobs": 10
          },
          {
            "channelId": "fakeChannel2",
            "capacityCostPerJob": 90,
            "maxNumberOfJobs": 1
          }
        ],
        "offers": [],
        "assignedJobs": [],
        "loadRatio": 0,
        "availableForOffers": false,
        "etag": "Sanitized"
      }
    },
    {
      "RequestUri": "https://sanitized.communication.azure.net/routing/workers/tst_create_w?api-version=2024-01-18-preview",
      "RequestMethod": "DELETE",
      "RequestHeaders": {
        "Accept": "*/*",
        "Accept-Encoding": "gzip, deflate",
        "Authorization": "Sanitized",
        "Connection": "keep-alive",
        "Content-Length": "0",
        "User-Agent": "azsdk-python-communication-jobrouter/1.1.0b1 Python/3.11.5 (Windows-10-10.0.22621-SP0)",
        "x-ms-client-request-id": "8dc3ff43-d6a4-11ee-a293-cc483a8c86b0",
        "x-ms-content-sha256": "Sanitized",
        "x-ms-date": "Thu, 29 Feb 2024 01:47:53 GMT",
        "x-ms-return-client-request-id": "true"
      },
      "RequestBody": null,
      "StatusCode": 204,
      "ResponseHeaders": {
        "api-supported-versions": "2021-04-07-preview1, 2022-07-18-preview, 2023-08-25-preview, 2023-11-01, 2024-01-18-preview",
        "Connection": "keep-alive",
        "Date": "Thu, 29 Feb 2024 01:47:54 GMT",
        "Request-Context": "appId=",
        "Strict-Transport-Security": "max-age=31536000;includeSubDomains",
        "trace-id": "ca18e081-c9f5-e1d6-3ef5-37bc9bd6ec16",
        "x-azure-ref": "20240229T014754Z-kp6xyvzm6165r08hcu41r52kzs00000000q0000000004axm",
        "X-Cache": "CONFIG_NOCACHE"
      },
      "ResponseBody": null
    }
  ],
  "Variables": {}
}
