{
  "Entries": [
    {
      "RequestUri": "https://sanitized.communication.azure.net/routing/distributionPolicies/_test_assignment_scenario_tst_dp?api-version=2024-01-18-preview",
      "RequestMethod": "PATCH",
      "RequestHeaders": {
        "Accept": "application/json",
        "Accept-Encoding": "gzip, deflate",
        "Authorization": "Sanitized",
        "Connection": "keep-alive",
        "Content-Length": "136",
        "Content-Type": "application/merge-patch\u002Bjson",
        "User-Agent": "azsdk-python-communication-jobrouter/1.1.0b1 Python/3.11.5 (Windows-10-10.0.22621-SP0)",
        "x-ms-client-request-id": "7e9541cf-d731-11ee-82a6-cc483a8c86b0",
        "x-ms-content-sha256": "Sanitized",
        "x-ms-date": "Thu, 29 Feb 2024 18:36:47 GMT",
        "x-ms-return-client-request-id": "true"
      },
      "RequestBody": {
        "name": "test",
        "offerExpiresAfterSeconds": 600.0,
        "mode": {
          "kind": "longestIdle",
          "minConcurrentOffers": 1,
          "maxConcurrentOffers": 1
        }
      },
      "StatusCode": 201,
      "ResponseHeaders": {
        "api-supported-versions": "2021-04-07-preview1, 2022-07-18-preview, 2023-08-25-preview, 2023-11-01, 2024-01-18-preview",
        "Connection": "keep-alive",
        "Content-Type": "application/json; charset=utf-8",
        "Date": "Thu, 29 Feb 2024 18:36:48 GMT",
        "ETag": "Sanitized",
        "Last-Modified": "Thu, 29 Feb 2024 18:36:48 GMT",
        "Request-Context": "appId=",
        "Strict-Transport-Security": "max-age=31536000;includeSubDomains",
        "trace-id": "fdf22ec7-1235-1f7d-12ba-36e48249faca",
        "Transfer-Encoding": "chunked",
        "x-azure-ref": "20240229T183648Z-6kg1vwympt55bf3r6ag9whv6ws0000000830000000007xq5",
        "X-Cache": "CONFIG_NOCACHE"
      },
      "ResponseBody": {
        "id": "_test_assignment_scenario_tst_dp",
        "name": "test",
        "offerExpiresAfterSeconds": 600,
        "mode": {
          "kind": "longestIdle",
          "minConcurrentOffers": 1,
          "maxConcurrentOffers": 1,
          "bypassSelectors": false
        },
        "etag": "Sanitized"
      }
    },
    {
      "RequestUri": "https://sanitized.communication.azure.net/routing/queues/_test_assignment_scenario_tst_q?api-version=2024-01-18-preview",
      "RequestMethod": "PATCH",
      "RequestHeaders": {
        "Accept": "application/json",
        "Accept-Encoding": "gzip, deflate",
        "Authorization": "Sanitized",
        "Connection": "keep-alive",
        "Content-Length": "76",
        "Content-Type": "application/merge-patch\u002Bjson",
        "User-Agent": "azsdk-python-communication-jobrouter/1.1.0b1 Python/3.11.5 (Windows-10-10.0.22621-SP0)",
        "x-ms-client-request-id": "7ee981d7-d731-11ee-b920-cc483a8c86b0",
        "x-ms-content-sha256": "Sanitized",
        "x-ms-date": "Thu, 29 Feb 2024 18:36:47 GMT",
        "x-ms-return-client-request-id": "true"
      },
      "RequestBody": {
        "name": "test",
        "distributionPolicyId": "_test_assignment_scenario_tst_dp"
      },
      "StatusCode": 201,
      "ResponseHeaders": {
        "api-supported-versions": "2021-04-07-preview1, 2022-07-18-preview, 2023-08-25-preview, 2023-11-01, 2024-01-18-preview",
        "Connection": "keep-alive",
        "Content-Type": "application/json; charset=utf-8",
        "Date": "Thu, 29 Feb 2024 18:36:48 GMT",
        "ETag": "Sanitized",
        "Last-Modified": "Thu, 29 Feb 2024 18:36:48 GMT",
        "Request-Context": "appId=",
        "Strict-Transport-Security": "max-age=31536000;includeSubDomains",
        "trace-id": "c3bf1038-8ed9-e47f-dd50-e34882708994",
        "Transfer-Encoding": "chunked",
        "x-azure-ref": "20240229T183648Z-6kg1vwympt55bf3r6ag9whv6ws0000000830000000007xqg",
        "X-Cache": "CONFIG_NOCACHE"
      },
      "ResponseBody": {
        "id": "_test_assignment_scenario_tst_q",
        "name": "test",
        "distributionPolicyId": "_test_assignment_scenario_tst_dp",
        "labels": {
          "Id": "_test_assignment_scenario_tst_q"
        },
        "etag": "Sanitized"
      }
    },
    {
      "RequestUri": "https://sanitized.communication.azure.net/routing/workers/_test_assignment_scenario_tst_w?api-version=2024-01-18-preview",
      "RequestMethod": "PATCH",
      "RequestHeaders": {
        "Accept": "application/json",
        "Accept-Encoding": "gzip, deflate",
        "Authorization": "Sanitized",
        "Connection": "keep-alive",
        "Content-Length": "160",
        "Content-Type": "application/merge-patch\u002Bjson",
        "User-Agent": "azsdk-python-communication-jobrouter/1.1.0b1 Python/3.11.5 (Windows-10-10.0.22621-SP0)",
        "x-ms-client-request-id": "7ef87c11-d731-11ee-bbd5-cc483a8c86b0",
        "x-ms-content-sha256": "Sanitized",
        "x-ms-date": "Thu, 29 Feb 2024 18:36:47 GMT",
        "x-ms-return-client-request-id": "true"
      },
      "RequestBody": {
        "queues": [
          "_test_assignment_scenario_tst_q"
        ],
        "capacity": 1,
        "channels": [
          {
            "channelId": "fakeChannel1",
            "capacityCostPerJob": 1
          }
        ],
        "availableForOffers": true
      },
      "StatusCode": 201,
      "ResponseHeaders": {
        "api-supported-versions": "2021-04-07-preview1, 2022-07-18-preview, 2023-08-25-preview, 2023-11-01, 2024-01-18-preview",
        "Connection": "keep-alive",
        "Content-Type": "application/json; charset=utf-8",
        "Date": "Thu, 29 Feb 2024 18:36:48 GMT",
        "ETag": "Sanitized",
        "Last-Modified": "Thu, 29 Feb 2024 18:36:48 GMT",
        "Request-Context": "appId=",
        "Strict-Transport-Security": "max-age=31536000;includeSubDomains",
        "trace-id": "30cc5bf2-43c2-2b0c-8aff-a972ef6c2bd8",
        "Transfer-Encoding": "chunked",
        "x-azure-ref": "20240229T183648Z-6kg1vwympt55bf3r6ag9whv6ws0000000830000000007xqk",
        "X-Cache": "CONFIG_NOCACHE"
      },
      "ResponseBody": {
        "id": "_test_assignment_scenario_tst_w",
        "state": "active",
        "queues": [
          "_test_assignment_scenario_tst_q"
        ],
        "capacity": 1,
        "labels": {
          "Id": "_test_assignment_scenario_tst_w"
        },
        "tags": {},
        "channels": [
          {
            "channelId": "fakeChannel1",
            "capacityCostPerJob": 1
          }
        ],
        "offers": [],
        "assignedJobs": [],
        "loadRatio": 0,
        "availableForOffers": true,
        "etag": "Sanitized"
      }
    },
    {
      "RequestUri": "https://sanitized.communication.azure.net/routing/jobs/assignment_scenario_job_id?api-version=2024-01-18-preview",
      "RequestMethod": "PATCH",
      "RequestHeaders": {
        "Accept": "application/json",
        "Accept-Encoding": "gzip, deflate",
        "Authorization": "Sanitized",
        "Connection": "keep-alive",
        "Content-Length": "90",
        "Content-Type": "application/merge-patch\u002Bjson",
        "User-Agent": "azsdk-python-communication-jobrouter/1.1.0b1 Python/3.11.5 (Windows-10-10.0.22621-SP0)",
        "x-ms-client-request-id": "7f13d12b-d731-11ee-a68b-cc483a8c86b0",
        "x-ms-content-sha256": "Sanitized",
        "x-ms-date": "Thu, 29 Feb 2024 18:36:48 GMT",
        "x-ms-return-client-request-id": "true"
      },
      "RequestBody": {
        "channelId": "fakeChannel1",
        "queueId": "_test_assignment_scenario_tst_q",
        "priority": 1
      },
      "StatusCode": 201,
      "ResponseHeaders": {
        "api-supported-versions": "2021-04-07-preview1, 2022-07-18-preview, 2023-08-25-preview, 2023-11-01, 2024-01-18-preview",
        "Connection": "keep-alive",
        "Content-Type": "application/json; charset=utf-8",
        "Date": "Thu, 29 Feb 2024 18:36:48 GMT",
        "ETag": "Sanitized",
        "Last-Modified": "Thu, 29 Feb 2024 18:36:48 GMT",
        "Request-Context": "appId=",
        "Strict-Transport-Security": "max-age=31536000;includeSubDomains",
        "trace-id": "4094bddf-560a-230c-d9ab-1941a5ef6ed8",
        "Transfer-Encoding": "chunked",
        "x-azure-ref": "20240229T183648Z-6kg1vwympt55bf3r6ag9whv6ws0000000830000000007xqr",
        "X-Cache": "CONFIG_NOCACHE"
      },
      "ResponseBody": {
        "id": "assignment_scenario_job_id",
        "status": "created",
        "channelId": "fakeChannel1",
        "queueId": "_test_assignment_scenario_tst_q",
        "priority": 1,
        "requestedWorkerSelectors": [],
        "attachedWorkerSelectors": [],
        "labels": {},
        "assignments": {},
        "tags": {},
        "notes": [],
        "matchingMode": {
          "kind": "queueAndMatch"
        },
        "etag": "Sanitized"
      }
    },
    {
      "RequestUri": "https://sanitized.communication.azure.net/routing/workers/_test_assignment_scenario_tst_w?api-version=2024-01-18-preview",
      "RequestMethod": "GET",
      "RequestHeaders": {
        "Accept": "application/json",
        "Accept-Encoding": "gzip, deflate",
        "Authorization": "Sanitized",
        "Connection": "keep-alive",
        "User-Agent": "azsdk-python-communication-jobrouter/1.1.0b1 Python/3.11.5 (Windows-10-10.0.22621-SP0)",
        "x-ms-client-request-id": "7f2b4747-d731-11ee-af57-cc483a8c86b0",
        "x-ms-content-sha256": "Sanitized",
        "x-ms-date": "Thu, 29 Feb 2024 18:36:48 GMT",
        "x-ms-return-client-request-id": "true"
      },
      "RequestBody": null,
      "StatusCode": 200,
      "ResponseHeaders": {
        "api-supported-versions": "2021-04-07-preview1, 2022-07-18-preview, 2023-08-25-preview, 2023-11-01, 2024-01-18-preview",
        "Connection": "keep-alive",
        "Content-Type": "application/json; charset=utf-8",
        "Date": "Thu, 29 Feb 2024 18:36:48 GMT",
        "ETag": "Sanitized",
        "Last-Modified": "Thu, 29 Feb 2024 18:36:48 GMT",
        "Request-Context": "appId=",
        "Strict-Transport-Security": "max-age=31536000;includeSubDomains",
        "trace-id": "30cd96a8-28dc-d284-dd98-714714c20782",
        "Transfer-Encoding": "chunked",
        "x-azure-ref": "20240229T183648Z-6kg1vwympt55bf3r6ag9whv6ws0000000830000000007xr0",
        "X-Cache": "CONFIG_NOCACHE"
      },
      "ResponseBody": {
        "id": "_test_assignment_scenario_tst_w",
        "state": "active",
        "queues": [
          "_test_assignment_scenario_tst_q"
        ],
        "capacity": 1,
        "labels": {
          "Id": "_test_assignment_scenario_tst_w"
        },
        "tags": {},
        "channels": [
          {
            "channelId": "fakeChannel1",
            "capacityCostPerJob": 1
          }
        ],
        "offers": [],
        "assignedJobs": [],
        "loadRatio": 0,
        "availableForOffers": true,
        "etag": "Sanitized"
      }
    },
    {
      "RequestUri": "https://sanitized.communication.azure.net/routing/workers/_test_assignment_scenario_tst_w?api-version=2024-01-18-preview",
      "RequestMethod": "GET",
      "RequestHeaders": {
        "Accept": "application/json",
        "Accept-Encoding": "gzip, deflate",
        "Authorization": "Sanitized",
        "Connection": "keep-alive",
        "User-Agent": "azsdk-python-communication-jobrouter/1.1.0b1 Python/3.11.5 (Windows-10-10.0.22621-SP0)",
        "x-ms-client-request-id": "80ffc97c-d731-11ee-81f7-cc483a8c86b0",
        "x-ms-content-sha256": "Sanitized",
        "x-ms-date": "Thu, 29 Feb 2024 18:36:51 GMT",
        "x-ms-return-client-request-id": "true"
      },
      "RequestBody": null,
      "StatusCode": 200,
      "ResponseHeaders": {
        "api-supported-versions": "2021-04-07-preview1, 2022-07-18-preview, 2023-08-25-preview, 2023-11-01, 2024-01-18-preview",
        "Connection": "keep-alive",
        "Content-Type": "application/json; charset=utf-8",
        "Date": "Thu, 29 Feb 2024 18:36:51 GMT",
        "ETag": "Sanitized",
        "Last-Modified": "Thu, 29 Feb 2024 18:36:48 GMT",
        "Request-Context": "appId=",
        "Strict-Transport-Security": "max-age=31536000;includeSubDomains",
        "trace-id": "5e4d3af0-582a-7d9d-106b-3da66b5d5330",
        "Transfer-Encoding": "chunked",
        "x-azure-ref": "20240229T183651Z-6kg1vwympt55bf3r6ag9whv6ws0000000830000000007xuc",
        "X-Cache": "CONFIG_NOCACHE"
      },
      "ResponseBody": {
        "id": "_test_assignment_scenario_tst_w",
        "state": "active",
        "queues": [
          "_test_assignment_scenario_tst_q"
        ],
        "capacity": 1,
        "labels": {
          "Id": "_test_assignment_scenario_tst_w"
        },
        "tags": {},
        "channels": [
          {
            "channelId": "fakeChannel1",
            "capacityCostPerJob": 1
          }
        ],
        "offers": [
          {
            "offerId": "8314167c-c68c-4b0c-a0f5-38bf6540b056",
            "jobId": "assignment_scenario_job_id",
            "capacityCost": 1,
            "offeredAt": "2024-02-29T18:36:48.9766393\u002B00:00",
            "expiresAt": "2024-02-29T18:46:48.9766393\u002B00:00"
          }
        ],
        "assignedJobs": [],
        "loadRatio": 1,
        "availableForOffers": true,
        "etag": "Sanitized"
      }
    },
    {
      "RequestUri": "https://sanitized.communication.azure.net/routing/workers/_test_assignment_scenario_tst_w?api-version=2024-01-18-preview",
      "RequestMethod": "GET",
      "RequestHeaders": {
        "Accept": "application/json",
        "Accept-Encoding": "gzip, deflate",
        "Authorization": "Sanitized",
        "Connection": "keep-alive",
        "User-Agent": "azsdk-python-communication-jobrouter/1.1.0b1 Python/3.11.5 (Windows-10-10.0.22621-SP0)",
        "x-ms-client-request-id": "8109b9bf-d731-11ee-ac0f-cc483a8c86b0",
        "x-ms-content-sha256": "Sanitized",
        "x-ms-date": "Thu, 29 Feb 2024 18:36:51 GMT",
        "x-ms-return-client-request-id": "true"
      },
      "RequestBody": null,
      "StatusCode": 200,
      "ResponseHeaders": {
        "api-supported-versions": "2021-04-07-preview1, 2022-07-18-preview, 2023-08-25-preview, 2023-11-01, 2024-01-18-preview",
        "Connection": "keep-alive",
        "Content-Type": "application/json; charset=utf-8",
        "Date": "Thu, 29 Feb 2024 18:36:51 GMT",
        "ETag": "Sanitized",
        "Last-Modified": "Thu, 29 Feb 2024 18:36:48 GMT",
        "Request-Context": "appId=",
        "Strict-Transport-Security": "max-age=31536000;includeSubDomains",
        "trace-id": "45207c99-5f3f-32f9-fb66-a49531fe900d",
        "Transfer-Encoding": "chunked",
        "x-azure-ref": "20240229T183651Z-6kg1vwympt55bf3r6ag9whv6ws0000000830000000007xug",
        "X-Cache": "CONFIG_NOCACHE"
      },
      "ResponseBody": {
        "id": "_test_assignment_scenario_tst_w",
        "state": "active",
        "queues": [
          "_test_assignment_scenario_tst_q"
        ],
        "capacity": 1,
        "labels": {
          "Id": "_test_assignment_scenario_tst_w"
        },
        "tags": {},
        "channels": [
          {
            "channelId": "fakeChannel1",
            "capacityCostPerJob": 1
          }
        ],
        "offers": [
          {
            "offerId": "8314167c-c68c-4b0c-a0f5-38bf6540b056",
            "jobId": "assignment_scenario_job_id",
            "capacityCost": 1,
            "offeredAt": "2024-02-29T18:36:48.9766393\u002B00:00",
            "expiresAt": "2024-02-29T18:46:48.9766393\u002B00:00"
          }
        ],
        "assignedJobs": [],
        "loadRatio": 1,
        "availableForOffers": true,
        "etag": "Sanitized"
      }
    },
    {
      "RequestUri": "https://sanitized.communication.azure.net/routing/workers/_test_assignment_scenario_tst_w/offers/8314167c-c68c-4b0c-a0f5-38bf6540b056:accept?api-version=2024-01-18-preview",
      "RequestMethod": "POST",
      "RequestHeaders": {
        "Accept": "application/json",
        "Accept-Encoding": "gzip, deflate",
        "Authorization": "Sanitized",
        "Connection": "keep-alive",
        "Content-Length": "0",
        "User-Agent": "azsdk-python-communication-jobrouter/1.1.0b1 Python/3.11.5 (Windows-10-10.0.22621-SP0)",
        "x-ms-client-request-id": "8114fa81-d731-11ee-98a8-cc483a8c86b0",
        "x-ms-content-sha256": "Sanitized",
        "x-ms-date": "Thu, 29 Feb 2024 18:36:51 GMT",
        "x-ms-return-client-request-id": "true"
      },
      "RequestBody": null,
      "StatusCode": 200,
      "ResponseHeaders": {
        "api-supported-versions": "2021-04-07-preview1, 2022-07-18-preview, 2023-08-25-preview, 2023-11-01, 2024-01-18-preview",
        "Connection": "keep-alive",
        "Content-Type": "application/json; charset=utf-8",
        "Date": "Thu, 29 Feb 2024 18:36:52 GMT",
        "Request-Context": "appId=",
        "Strict-Transport-Security": "max-age=31536000;includeSubDomains",
        "trace-id": "8955a2f6-88d1-3abe-3f26-6b289776d09b",
        "Transfer-Encoding": "chunked",
        "x-azure-ref": "20240229T183651Z-6kg1vwympt55bf3r6ag9whv6ws0000000830000000007xum",
        "X-Cache": "CONFIG_NOCACHE"
      },
      "ResponseBody": {
        "assignmentId": "9547dcc2-0077-4a63-b724-b94e1bd88aeb",
        "jobId": "assignment_scenario_job_id",
        "workerId": "_test_assignment_scenario_tst_w"
      }
    },
    {
      "RequestUri": "https://sanitized.communication.azure.net/routing/workers/_test_assignment_scenario_tst_w/offers/8314167c-c68c-4b0c-a0f5-38bf6540b056:decline?api-version=2024-01-18-preview",
      "RequestMethod": "POST",
      "RequestHeaders": {
        "Accept": "application/json",
        "Accept-Encoding": "gzip, deflate",
        "Authorization": "Sanitized",
        "Connection": "keep-alive",
        "Content-Length": "40",
        "Content-Type": "application/json",
        "User-Agent": "azsdk-python-communication-jobrouter/1.1.0b1 Python/3.11.5 (Windows-10-10.0.22621-SP0)",
        "x-ms-client-request-id": "81ac2998-d731-11ee-bf20-cc483a8c86b0",
        "x-ms-content-sha256": "Sanitized",
        "x-ms-date": "Thu, 29 Feb 2024 18:36:52 GMT",
        "x-ms-return-client-request-id": "true"
      },
      "RequestBody": {
        "retryOfferAt": "0001-01-01T00:00:00Z"
      },
      "StatusCode": 404,
      "ResponseHeaders": {
        "api-supported-versions": "2021-04-07-preview1, 2022-07-18-preview, 2023-08-25-preview, 2023-11-01, 2024-01-18-preview",
        "Connection": "keep-alive",
        "Content-Type": "application/json; charset=utf-8",
        "Date": "Thu, 29 Feb 2024 18:36:53 GMT",
        "Request-Context": "appId=",
        "Strict-Transport-Security": "max-age=31536000;includeSubDomains",
        "trace-id": "30561d8f-9157-76ea-e84d-5b2f830df8c1",
        "Transfer-Encoding": "chunked",
        "x-azure-ref": "20240229T183652Z-6kg1vwympt55bf3r6ag9whv6ws0000000830000000007xvn",
        "X-Cache": "CONFIG_NOCACHE"
      },
      "ResponseBody": {
        "communicationError": {
          "code": "NotFound",
          "message": "DeclineOfferCommandHandler: Offer not found. OfferId: 8314167c-c68c-4b0c-a0f5-38bf6540b056, WorkerId: _test_assignment_scenario_tst_w",
          "target": "/routing/workers/_test_assignment_scenario_tst_w/offers/8314167c-c68c-4b0c-a0f5-38bf6540b056:decline"
        }
      }
    },
    {
      "RequestUri": "https://sanitized.communication.azure.net/routing/jobs/assignment_scenario_job_id/assignments/9547dcc2-0077-4a63-b724-b94e1bd88aeb:unassign?api-version=2024-01-18-preview",
      "RequestMethod": "POST",
      "RequestHeaders": {
        "Accept": "application/json",
        "Accept-Encoding": "gzip, deflate",
        "Authorization": "Sanitized",
        "Connection": "keep-alive",
        "Content-Length": "0",
        "Content-Type": "application/json",
        "User-Agent": "azsdk-python-communication-jobrouter/1.1.0b1 Python/3.11.5 (Windows-10-10.0.22621-SP0)",
        "x-ms-client-request-id": "81bdf83f-d731-11ee-ba8e-cc483a8c86b0",
        "x-ms-content-sha256": "Sanitized",
        "x-ms-date": "Thu, 29 Feb 2024 18:36:52 GMT",
        "x-ms-return-client-request-id": "true"
      },
      "RequestBody": null,
      "StatusCode": 200,
      "ResponseHeaders": {
        "api-supported-versions": "2021-04-07-preview1, 2022-07-18-preview, 2023-08-25-preview, 2023-11-01, 2024-01-18-preview",
        "Connection": "keep-alive",
        "Content-Type": "application/json; charset=utf-8",
        "Date": "Thu, 29 Feb 2024 18:36:53 GMT",
        "Request-Context": "appId=",
        "Strict-Transport-Security": "max-age=31536000;includeSubDomains",
        "trace-id": "afc839b8-a599-a3ab-5e87-16fa85010cf9",
        "Transfer-Encoding": "chunked",
        "x-azure-ref": "20240229T183653Z-6kg1vwympt55bf3r6ag9whv6ws0000000830000000007xvt",
        "X-Cache": "CONFIG_NOCACHE"
      },
      "ResponseBody": {
        "jobId": "assignment_scenario_job_id",
        "unassignmentCount": 1
      }
    },
    {
      "RequestUri": "https://sanitized.communication.azure.net/routing/workers/_test_assignment_scenario_tst_w?api-version=2024-01-18-preview",
      "RequestMethod": "GET",
      "RequestHeaders": {
        "Accept": "application/json",
        "Accept-Encoding": "gzip, deflate",
        "Authorization": "Sanitized",
        "Connection": "keep-alive",
        "User-Agent": "azsdk-python-communication-jobrouter/1.1.0b1 Python/3.11.5 (Windows-10-10.0.22621-SP0)",
        "x-ms-client-request-id": "81d684d8-d731-11ee-a487-cc483a8c86b0",
        "x-ms-content-sha256": "Sanitized",
        "x-ms-date": "Thu, 29 Feb 2024 18:36:52 GMT",
        "x-ms-return-client-request-id": "true"
      },
      "RequestBody": null,
      "StatusCode": 200,
      "ResponseHeaders": {
        "api-supported-versions": "2021-04-07-preview1, 2022-07-18-preview, 2023-08-25-preview, 2023-11-01, 2024-01-18-preview",
        "Connection": "keep-alive",
        "Content-Type": "application/json; charset=utf-8",
        "Date": "Thu, 29 Feb 2024 18:36:53 GMT",
        "ETag": "Sanitized",
        "Last-Modified": "Thu, 29 Feb 2024 18:36:53 GMT",
        "Request-Context": "appId=",
        "Strict-Transport-Security": "max-age=31536000;includeSubDomains",
        "trace-id": "51dcff33-f758-71dd-f725-2f3b6be51eb9",
        "Transfer-Encoding": "chunked",
        "x-azure-ref": "20240229T183653Z-6kg1vwympt55bf3r6ag9whv6ws0000000830000000007xw0",
        "X-Cache": "CONFIG_NOCACHE"
      },
      "ResponseBody": {
        "id": "_test_assignment_scenario_tst_w",
        "state": "active",
        "queues": [
          "_test_assignment_scenario_tst_q"
        ],
        "capacity": 1,
        "labels": {
          "Id": "_test_assignment_scenario_tst_w"
        },
        "tags": {},
        "channels": [
          {
            "channelId": "fakeChannel1",
            "capacityCostPerJob": 1
          }
        ],
        "offers": [],
        "assignedJobs": [],
        "loadRatio": 0,
        "availableForOffers": true,
        "etag": "Sanitized"
      }
    },
    {
      "RequestUri": "https://sanitized.communication.azure.net/routing/workers/_test_assignment_scenario_tst_w?api-version=2024-01-18-preview",
      "RequestMethod": "GET",
      "RequestHeaders": {
        "Accept": "application/json",
        "Accept-Encoding": "gzip, deflate",
        "Authorization": "Sanitized",
        "Connection": "keep-alive",
        "User-Agent": "azsdk-python-communication-jobrouter/1.1.0b1 Python/3.11.5 (Windows-10-10.0.22621-SP0)",
        "x-ms-client-request-id": "83ab519b-d731-11ee-964f-cc483a8c86b0",
        "x-ms-content-sha256": "Sanitized",
        "x-ms-date": "Thu, 29 Feb 2024 18:36:55 GMT",
        "x-ms-return-client-request-id": "true"
      },
      "RequestBody": null,
      "StatusCode": 200,
      "ResponseHeaders": {
        "api-supported-versions": "2021-04-07-preview1, 2022-07-18-preview, 2023-08-25-preview, 2023-11-01, 2024-01-18-preview",
        "Connection": "keep-alive",
        "Content-Type": "application/json; charset=utf-8",
        "Date": "Thu, 29 Feb 2024 18:36:56 GMT",
        "ETag": "Sanitized",
        "Last-Modified": "Thu, 29 Feb 2024 18:36:53 GMT",
        "Request-Context": "appId=",
        "Strict-Transport-Security": "max-age=31536000;includeSubDomains",
        "trace-id": "7e7bbf34-7f89-2b5a-01e6-1a1df5d61df2",
        "Transfer-Encoding": "chunked",
        "x-azure-ref": "20240229T183656Z-6kg1vwympt55bf3r6ag9whv6ws0000000830000000007xz2",
        "X-Cache": "CONFIG_NOCACHE"
      },
      "ResponseBody": {
        "id": "_test_assignment_scenario_tst_w",
        "state": "active",
        "queues": [
          "_test_assignment_scenario_tst_q"
        ],
        "capacity": 1,
        "labels": {
          "Id": "_test_assignment_scenario_tst_w"
        },
        "tags": {},
        "channels": [
          {
            "channelId": "fakeChannel1",
            "capacityCostPerJob": 1
          }
        ],
        "offers": [
          {
            "offerId": "a9981806-1732-4612-92e6-e2d90e6de035",
            "jobId": "assignment_scenario_job_id",
            "capacityCost": 1,
            "offeredAt": "2024-02-29T18:36:53.4690406\u002B00:00",
            "expiresAt": "2024-02-29T18:46:53.4690407\u002B00:00"
          }
        ],
        "assignedJobs": [],
        "loadRatio": 1,
        "availableForOffers": true,
        "etag": "Sanitized"
      }
    },
    {
      "RequestUri": "https://sanitized.communication.azure.net/routing/workers/_test_assignment_scenario_tst_w?api-version=2024-01-18-preview",
      "RequestMethod": "GET",
      "RequestHeaders": {
        "Accept": "application/json",
        "Accept-Encoding": "gzip, deflate",
        "Authorization": "Sanitized",
        "Connection": "keep-alive",
        "User-Agent": "azsdk-python-communication-jobrouter/1.1.0b1 Python/3.11.5 (Windows-10-10.0.22621-SP0)",
        "x-ms-client-request-id": "83b58f31-d731-11ee-9ba1-cc483a8c86b0",
        "x-ms-content-sha256": "Sanitized",
        "x-ms-date": "Thu, 29 Feb 2024 18:36:55 GMT",
        "x-ms-return-client-request-id": "true"
      },
      "RequestBody": null,
      "StatusCode": 200,
      "ResponseHeaders": {
        "api-supported-versions": "2021-04-07-preview1, 2022-07-18-preview, 2023-08-25-preview, 2023-11-01, 2024-01-18-preview",
        "Connection": "keep-alive",
        "Content-Type": "application/json; charset=utf-8",
        "Date": "Thu, 29 Feb 2024 18:36:56 GMT",
        "ETag": "Sanitized",
        "Last-Modified": "Thu, 29 Feb 2024 18:36:53 GMT",
        "Request-Context": "appId=",
        "Strict-Transport-Security": "max-age=31536000;includeSubDomains",
        "trace-id": "5683b7fc-026b-8976-9168-848548593d16",
        "Transfer-Encoding": "chunked",
        "x-azure-ref": "20240229T183656Z-6kg1vwympt55bf3r6ag9whv6ws0000000830000000007xz6",
        "X-Cache": "CONFIG_NOCACHE"
      },
      "ResponseBody": {
        "id": "_test_assignment_scenario_tst_w",
        "state": "active",
        "queues": [
          "_test_assignment_scenario_tst_q"
        ],
        "capacity": 1,
        "labels": {
          "Id": "_test_assignment_scenario_tst_w"
        },
        "tags": {},
        "channels": [
          {
            "channelId": "fakeChannel1",
            "capacityCostPerJob": 1
          }
        ],
        "offers": [
          {
            "offerId": "a9981806-1732-4612-92e6-e2d90e6de035",
            "jobId": "assignment_scenario_job_id",
            "capacityCost": 1,
            "offeredAt": "2024-02-29T18:36:53.4690406\u002B00:00",
            "expiresAt": "2024-02-29T18:46:53.4690407\u002B00:00"
          }
        ],
        "assignedJobs": [],
        "loadRatio": 1,
        "availableForOffers": true,
        "etag": "Sanitized"
      }
    },
    {
      "RequestUri": "https://sanitized.communication.azure.net/routing/workers/_test_assignment_scenario_tst_w/offers/a9981806-1732-4612-92e6-e2d90e6de035:accept?api-version=2024-01-18-preview",
      "RequestMethod": "POST",
      "RequestHeaders": {
        "Accept": "application/json",
        "Accept-Encoding": "gzip, deflate",
        "Authorization": "Sanitized",
        "Connection": "keep-alive",
        "Content-Length": "0",
        "User-Agent": "azsdk-python-communication-jobrouter/1.1.0b1 Python/3.11.5 (Windows-10-10.0.22621-SP0)",
        "x-ms-client-request-id": "83bea529-d731-11ee-bfd8-cc483a8c86b0",
        "x-ms-content-sha256": "Sanitized",
        "x-ms-date": "Thu, 29 Feb 2024 18:36:55 GMT",
        "x-ms-return-client-request-id": "true"
      },
      "RequestBody": null,
      "StatusCode": 200,
      "ResponseHeaders": {
        "api-supported-versions": "2021-04-07-preview1, 2022-07-18-preview, 2023-08-25-preview, 2023-11-01, 2024-01-18-preview",
        "Connection": "keep-alive",
        "Content-Type": "application/json; charset=utf-8",
        "Date": "Thu, 29 Feb 2024 18:36:57 GMT",
        "Request-Context": "appId=",
        "Strict-Transport-Security": "max-age=31536000;includeSubDomains",
        "trace-id": "fdf523d1-a5c2-e517-4090-b7ace5e37ed8",
        "Transfer-Encoding": "chunked",
        "x-azure-ref": "20240229T183656Z-6kg1vwympt55bf3r6ag9whv6ws0000000830000000007xz7",
        "X-Cache": "CONFIG_NOCACHE"
      },
      "ResponseBody": {
        "assignmentId": "eadcfe64-da97-4d6c-8493-7470f4a42600",
        "jobId": "assignment_scenario_job_id",
        "workerId": "_test_assignment_scenario_tst_w"
      }
    },
    {
      "RequestUri": "https://sanitized.communication.azure.net/routing/jobs/assignment_scenario_job_id/assignments/eadcfe64-da97-4d6c-8493-7470f4a42600:complete?api-version=2024-01-18-preview",
      "RequestMethod": "POST",
      "RequestHeaders": {
        "Accept": "application/json",
        "Accept-Encoding": "gzip, deflate",
        "Authorization": "Sanitized",
        "Connection": "keep-alive",
        "Content-Length": "0",
        "Content-Type": "application/json",
        "User-Agent": "azsdk-python-communication-jobrouter/1.1.0b1 Python/3.11.5 (Windows-10-10.0.22621-SP0)",
        "x-ms-client-request-id": "845336fe-d731-11ee-a2aa-cc483a8c86b0",
        "x-ms-content-sha256": "Sanitized",
        "x-ms-date": "Thu, 29 Feb 2024 18:36:56 GMT",
        "x-ms-return-client-request-id": "true"
      },
      "RequestBody": null,
      "StatusCode": 200,
      "ResponseHeaders": {
        "api-supported-versions": "2021-04-07-preview1, 2022-07-18-preview, 2023-08-25-preview, 2023-11-01, 2024-01-18-preview",
        "Connection": "keep-alive",
        "Content-Type": "application/json; charset=utf-8",
        "Date": "Thu, 29 Feb 2024 18:36:57 GMT",
        "Request-Context": "appId=",
        "Strict-Transport-Security": "max-age=31536000;includeSubDomains",
        "trace-id": "49174f61-5919-4ad8-bb62-2c7c81522db8",
        "Transfer-Encoding": "chunked",
        "x-azure-ref": "20240229T183657Z-6kg1vwympt55bf3r6ag9whv6ws0000000830000000007xzw",
        "X-Cache": "CONFIG_NOCACHE"
      },
      "ResponseBody": {}
    },
    {
      "RequestUri": "https://sanitized.communication.azure.net/routing/jobs/assignment_scenario_job_id/assignments/eadcfe64-da97-4d6c-8493-7470f4a42600:close?api-version=2024-01-18-preview",
      "RequestMethod": "POST",
      "RequestHeaders": {
        "Accept": "application/json",
        "Accept-Encoding": "gzip, deflate",
        "Authorization": "Sanitized",
        "Connection": "keep-alive",
        "Content-Length": "0",
        "Content-Type": "application/json",
        "User-Agent": "azsdk-python-communication-jobrouter/1.1.0b1 Python/3.11.5 (Windows-10-10.0.22621-SP0)",
        "x-ms-client-request-id": "8467884f-d731-11ee-9a2a-cc483a8c86b0",
        "x-ms-content-sha256": "Sanitized",
        "x-ms-date": "Thu, 29 Feb 2024 18:36:56 GMT",
        "x-ms-return-client-request-id": "true"
      },
      "RequestBody": null,
      "StatusCode": 200,
      "ResponseHeaders": {
        "api-supported-versions": "2021-04-07-preview1, 2022-07-18-preview, 2023-08-25-preview, 2023-11-01, 2024-01-18-preview",
        "Connection": "keep-alive",
        "Content-Type": "application/json; charset=utf-8",
        "Date": "Thu, 29 Feb 2024 18:36:58 GMT",
        "Request-Context": "appId=",
        "Strict-Transport-Security": "max-age=31536000;includeSubDomains",
        "trace-id": "81685f40-f79f-84e1-c81b-14f50d78338b",
        "Transfer-Encoding": "chunked",
        "x-azure-ref": "20240229T183657Z-6kg1vwympt55bf3r6ag9whv6ws0000000830000000007xzz",
        "X-Cache": "CONFIG_NOCACHE"
      },
      "ResponseBody": {}
    },
    {
      "RequestUri": "https://sanitized.communication.azure.net/routing/jobs/assignment_scenario_job_id?api-version=2024-01-18-preview",
      "RequestMethod": "GET",
      "RequestHeaders": {
        "Accept": "application/json",
        "Accept-Encoding": "gzip, deflate",
        "Authorization": "Sanitized",
        "Connection": "keep-alive",
        "User-Agent": "azsdk-python-communication-jobrouter/1.1.0b1 Python/3.11.5 (Windows-10-10.0.22621-SP0)",
        "x-ms-client-request-id": "84f6308d-d731-11ee-955c-cc483a8c86b0",
        "x-ms-content-sha256": "Sanitized",
        "x-ms-date": "Thu, 29 Feb 2024 18:36:57 GMT",
        "x-ms-return-client-request-id": "true"
      },
      "RequestBody": null,
      "StatusCode": 200,
      "ResponseHeaders": {
        "api-supported-versions": "2021-04-07-preview1, 2022-07-18-preview, 2023-08-25-preview, 2023-11-01, 2024-01-18-preview",
        "Connection": "keep-alive",
        "Content-Type": "application/json; charset=utf-8",
        "Date": "Thu, 29 Feb 2024 18:36:58 GMT",
        "ETag": "Sanitized",
        "Last-Modified": "Thu, 29 Feb 2024 18:36:57 GMT",
        "Request-Context": "appId=",
        "Strict-Transport-Security": "max-age=31536000;includeSubDomains",
        "trace-id": "3474b9d9-98d9-a666-5f54-e2b4ad325da8",
        "Transfer-Encoding": "chunked",
        "x-azure-ref": "20240229T183658Z-6kg1vwympt55bf3r6ag9whv6ws0000000830000000007y0f",
        "X-Cache": "CONFIG_NOCACHE"
      },
      "ResponseBody": {
        "id": "assignment_scenario_job_id",
        "status": "closed",
        "enqueuedAt": "2024-02-29T18:36:48.7609847\u002B00:00",
        "channelId": "fakeChannel1",
        "queueId": "_test_assignment_scenario_tst_q",
        "priority": 1,
        "dispositionCode": "Closed",
        "requestedWorkerSelectors": [],
        "attachedWorkerSelectors": [],
        "labels": {},
        "assignments": {
          "eadcfe64-da97-4d6c-8493-7470f4a42600": {
            "assignmentId": "eadcfe64-da97-4d6c-8493-7470f4a42600",
            "workerId": "_test_assignment_scenario_tst_w",
            "assignedAt": "2024-02-29T18:36:56.4990849\u002B00:00",
            "completedAt": "2024-02-29T18:36:57.4742518\u002B00:00",
            "closedAt": "2024-02-29T18:36:57.5886077\u002B00:00"
          }
        },
        "tags": {},
        "notes": [],
        "matchingMode": {
          "kind": "queueAndMatch"
        },
        "etag": "Sanitized"
      }
    },
    {
      "RequestUri": "https://sanitized.communication.azure.net/routing/jobs/assignment_scenario_job_id?api-version=2024-01-18-preview",
      "RequestMethod": "GET",
      "RequestHeaders": {
        "Accept": "application/json",
        "Accept-Encoding": "gzip, deflate",
        "Authorization": "Sanitized",
        "Connection": "keep-alive",
        "User-Agent": "azsdk-python-communication-jobrouter/1.1.0b1 Python/3.11.5 (Windows-10-10.0.22621-SP0)",
        "x-ms-client-request-id": "850021d7-d731-11ee-8ef4-cc483a8c86b0",
        "x-ms-content-sha256": "Sanitized",
        "x-ms-date": "Thu, 29 Feb 2024 18:36:57 GMT",
        "x-ms-return-client-request-id": "true"
      },
      "RequestBody": null,
      "StatusCode": 200,
      "ResponseHeaders": {
        "api-supported-versions": "2021-04-07-preview1, 2022-07-18-preview, 2023-08-25-preview, 2023-11-01, 2024-01-18-preview",
        "Connection": "keep-alive",
        "Content-Type": "application/json; charset=utf-8",
        "Date": "Thu, 29 Feb 2024 18:36:58 GMT",
        "ETag": "Sanitized",
        "Last-Modified": "Thu, 29 Feb 2024 18:36:57 GMT",
        "Request-Context": "appId=",
        "Strict-Transport-Security": "max-age=31536000;includeSubDomains",
        "trace-id": "fc4bee76-2b17-e333-1c41-9f4e57b53493",
        "Transfer-Encoding": "chunked",
        "x-azure-ref": "20240229T183658Z-6kg1vwympt55bf3r6ag9whv6ws0000000830000000007y0m",
        "X-Cache": "CONFIG_NOCACHE"
      },
      "ResponseBody": {
        "id": "assignment_scenario_job_id",
        "status": "closed",
        "enqueuedAt": "2024-02-29T18:36:48.7609847\u002B00:00",
        "channelId": "fakeChannel1",
        "queueId": "_test_assignment_scenario_tst_q",
        "priority": 1,
        "dispositionCode": "Closed",
        "requestedWorkerSelectors": [],
        "attachedWorkerSelectors": [],
        "labels": {},
        "assignments": {
          "eadcfe64-da97-4d6c-8493-7470f4a42600": {
            "assignmentId": "eadcfe64-da97-4d6c-8493-7470f4a42600",
            "workerId": "_test_assignment_scenario_tst_w",
            "assignedAt": "2024-02-29T18:36:56.4990849\u002B00:00",
            "completedAt": "2024-02-29T18:36:57.4742518\u002B00:00",
            "closedAt": "2024-02-29T18:36:57.5886077\u002B00:00"
          }
        },
        "tags": {},
        "notes": [],
        "matchingMode": {
          "kind": "queueAndMatch"
        },
        "etag": "Sanitized"
      }
    },
    {
      "RequestUri": "https://sanitized.communication.azure.net/routing/jobs/assignment_scenario_job_id?api-version=2024-01-18-preview",
      "RequestMethod": "DELETE",
      "RequestHeaders": {
        "Accept": "*/*",
        "Accept-Encoding": "gzip, deflate",
        "Authorization": "Sanitized",
        "Connection": "keep-alive",
        "Content-Length": "0",
        "User-Agent": "azsdk-python-communication-jobrouter/1.1.0b1 Python/3.11.5 (Windows-10-10.0.22621-SP0)",
        "x-ms-client-request-id": "850dbcd3-d731-11ee-943e-cc483a8c86b0",
        "x-ms-content-sha256": "Sanitized",
        "x-ms-date": "Thu, 29 Feb 2024 18:36:58 GMT",
        "x-ms-return-client-request-id": "true"
      },
      "RequestBody": null,
      "StatusCode": 204,
      "ResponseHeaders": {
        "api-supported-versions": "2021-04-07-preview1, 2022-07-18-preview, 2023-08-25-preview, 2023-11-01, 2024-01-18-preview",
        "Connection": "keep-alive",
        "Date": "Thu, 29 Feb 2024 18:36:58 GMT",
        "Request-Context": "appId=",
        "Strict-Transport-Security": "max-age=31536000;includeSubDomains",
        "trace-id": "1ac06d35-5d29-c645-31cf-28ed7829417f",
        "x-azure-ref": "20240229T183658Z-6kg1vwympt55bf3r6ag9whv6ws0000000830000000007y0q",
        "X-Cache": "CONFIG_NOCACHE"
      },
      "ResponseBody": null
    },
    {
      "RequestUri": "https://sanitized.communication.azure.net/routing/workers/_test_assignment_scenario_tst_w?api-version=2024-01-18-preview",
      "RequestMethod": "DELETE",
      "RequestHeaders": {
        "Accept": "*/*",
        "Accept-Encoding": "gzip, deflate",
        "Authorization": "Sanitized",
        "Connection": "keep-alive",
        "Content-Length": "0",
        "User-Agent": "azsdk-python-communication-jobrouter/1.1.0b1 Python/3.11.5 (Windows-10-10.0.22621-SP0)",
        "x-ms-client-request-id": "85209270-d731-11ee-a024-cc483a8c86b0",
        "x-ms-content-sha256": "Sanitized",
        "x-ms-date": "Thu, 29 Feb 2024 18:36:58 GMT",
        "x-ms-return-client-request-id": "true"
      },
      "RequestBody": null,
      "StatusCode": 204,
      "ResponseHeaders": {
        "api-supported-versions": "2021-04-07-preview1, 2022-07-18-preview, 2023-08-25-preview, 2023-11-01, 2024-01-18-preview",
        "Connection": "keep-alive",
        "Date": "Thu, 29 Feb 2024 18:36:58 GMT",
        "Request-Context": "appId=",
        "Strict-Transport-Security": "max-age=31536000;includeSubDomains",
        "trace-id": "80431389-6cab-287f-7d7a-006e51bda15b",
        "x-azure-ref": "20240229T183658Z-6kg1vwympt55bf3r6ag9whv6ws0000000830000000007y0u",
        "X-Cache": "CONFIG_NOCACHE"
      },
      "ResponseBody": null
    },
    {
      "RequestUri": "https://sanitized.communication.azure.net/routing/queues/_test_assignment_scenario_tst_q?api-version=2024-01-18-preview",
      "RequestMethod": "DELETE",
      "RequestHeaders": {
        "Accept": "*/*",
        "Accept-Encoding": "gzip, deflate",
        "Authorization": "Sanitized",
        "Connection": "keep-alive",
        "Content-Length": "0",
        "User-Agent": "azsdk-python-communication-jobrouter/1.1.0b1 Python/3.11.5 (Windows-10-10.0.22621-SP0)",
        "x-ms-client-request-id": "85369370-d731-11ee-8023-cc483a8c86b0",
        "x-ms-content-sha256": "Sanitized",
        "x-ms-date": "Thu, 29 Feb 2024 18:36:58 GMT",
        "x-ms-return-client-request-id": "true"
      },
      "RequestBody": null,
      "StatusCode": 204,
      "ResponseHeaders": {
        "api-supported-versions": "2021-04-07-preview1, 2022-07-18-preview, 2023-08-25-preview, 2023-11-01, 2024-01-18-preview",
        "Connection": "keep-alive",
        "Date": "Thu, 29 Feb 2024 18:36:59 GMT",
        "Request-Context": "appId=",
        "Strict-Transport-Security": "max-age=31536000;includeSubDomains",
        "trace-id": "48f9408c-664f-30f2-5fd7-82e41c8aeb43",
        "x-azure-ref": "20240229T183658Z-6kg1vwympt55bf3r6ag9whv6ws0000000830000000007y0y",
        "X-Cache": "CONFIG_NOCACHE"
      },
      "ResponseBody": null
    },
    {
      "RequestUri": "https://sanitized.communication.azure.net/routing/distributionPolicies/_test_assignment_scenario_tst_dp?api-version=2024-01-18-preview",
      "RequestMethod": "DELETE",
      "RequestHeaders": {
        "Accept": "*/*",
        "Accept-Encoding": "gzip, deflate",
        "Authorization": "Sanitized",
        "Connection": "keep-alive",
        "Content-Length": "0",
        "User-Agent": "azsdk-python-communication-jobrouter/1.1.0b1 Python/3.11.5 (Windows-10-10.0.22621-SP0)",
        "x-ms-client-request-id": "854a17d6-d731-11ee-89e4-cc483a8c86b0",
        "x-ms-content-sha256": "Sanitized",
        "x-ms-date": "Thu, 29 Feb 2024 18:36:58 GMT",
        "x-ms-return-client-request-id": "true"
      },
      "RequestBody": null,
      "StatusCode": 204,
      "ResponseHeaders": {
        "api-supported-versions": "2021-04-07-preview1, 2022-07-18-preview, 2023-08-25-preview, 2023-11-01, 2024-01-18-preview",
        "Connection": "keep-alive",
        "Date": "Thu, 29 Feb 2024 18:36:59 GMT",
        "Request-Context": "appId=",
        "Strict-Transport-Security": "max-age=31536000;includeSubDomains",
        "trace-id": "a5bc60d1-7c2e-b7d3-c00c-1dd8258b129b",
        "x-azure-ref": "20240229T183659Z-6kg1vwympt55bf3r6ag9whv6ws0000000830000000007y10",
        "X-Cache": "CONFIG_NOCACHE"
      },
      "ResponseBody": null
    }
  ],
  "Variables": {}
}
