{
  "Entries": [
    {
      "RequestUri": "https://Sanitized.blob.core.windows.net/utcontainere762a5c?restype=container&timeout=5",
      "RequestMethod": "PUT",
      "RequestHeaders": {
        "Accept": "application/xml",
        "Accept-Encoding": "gzip, deflate",
        "Connection": "keep-alive",
        "Content-Length": "0",
        "User-Agent": "azsdk-python-storage-blob/12.26.0 Python/3.11.13 (macOS-15.5-x86_64-i386-64bit)",
        "x-ms-date": "Thu, 05 Jun 2025 18:38:29 GMT",
        "x-ms-version": "2025-07-05"
      },
      "RequestBody": null,
      "StatusCode": 201,
      "ResponseHeaders": {
        "Content-Length": "0",
        "Date": "Thu, 05 Jun 2025 18:38:29 GMT",
        "ETag": "\"0x8DDA4602AFA769F\"",
        "Last-Modified": "Thu, 05 Jun 2025 18:38:30 GMT",
        "Server": [
          "Windows-Azure-Blob/1.0",
          "Microsoft-HTTPAPI/2.0"
        ],
        "x-ms-version": "2025-07-05"
      },
      "ResponseBody": null
    },
    {
      "RequestUri": "https://Sanitized.blob.core.windows.net/utcontainere762a5c/blobe762a5c",
      "RequestMethod": "PUT",
      "RequestHeaders": {
        "Accept": "application/xml",
        "Accept-Encoding": "gzip, deflate",
        "Connection": "keep-alive",
        "Content-Length": "12",
        "Content-Type": "application/octet-stream",
        "User-Agent": "azsdk-python-storage-blob/12.26.0 Python/3.11.13 (macOS-15.5-x86_64-i386-64bit)",
        "x-ms-blob-type": "BlockBlob",
        "x-ms-date": "Thu, 05 Jun 2025 18:38:30 GMT",
        "x-ms-version": "2025-07-05"
      },
      "RequestBody": "SGVsbG8gV29ybGQh",
      "StatusCode": 201,
      "ResponseHeaders": {
        "Content-Length": "0",
        "Content-MD5": "7Qdih1MuhjZehB6Sv8UNjA==",
        "Date": "Thu, 05 Jun 2025 18:38:29 GMT",
        "ETag": "\"0x8DDA4602B05BE28\"",
        "Last-Modified": "Thu, 05 Jun 2025 18:38:30 GMT",
        "Server": [
          "Windows-Azure-Blob/1.0",
          "Microsoft-HTTPAPI/2.0"
        ],
        "x-ms-content-crc64": "peH8Xsgc5QI=",
        "x-ms-request-server-encrypted": "true",
        "x-ms-version": "2025-07-05"
      },
      "ResponseBody": null
    },
    {
      "RequestUri": "https://Sanitized.blob.core.windows.net/utcontainere762a5c/blobe762a5c",
      "RequestMethod": "GET",
      "RequestHeaders": {
        "Accept": "application/xml",
        "Accept-Encoding": "gzip, deflate",
        "Connection": "keep-alive",
        "User-Agent": "azsdk-python-storage-blob/12.26.0 Python/3.11.13 (macOS-15.5-x86_64-i386-64bit)",
        "x-ms-date": "Thu, 05 Jun 2025 18:38:30 GMT",
        "x-ms-range": "bytes=0-33554431",
        "x-ms-version": "2025-07-05"
      },
      "RequestBody": null,
      "StatusCode": 206,
      "ResponseHeaders": {
        "Accept-Ranges": "bytes",
        "Content-Length": "12",
        "Content-Range": "bytes 0-11/12",
        "Content-Type": "application/octet-stream",
        "Date": "Thu, 05 Jun 2025 18:38:29 GMT",
        "ETag": "\"0x8DDA4602B05BE28\"",
        "Last-Modified": "Thu, 05 Jun 2025 18:38:30 GMT",
        "Server": [
          "Windows-Azure-Blob/1.0",
          "Microsoft-HTTPAPI/2.0"
        ],
        "x-ms-blob-content-md5": "7Qdih1MuhjZehB6Sv8UNjA==",
        "x-ms-blob-type": "BlockBlob",
        "x-ms-creation-time": "Thu, 05 Jun 2025 18:38:30 GMT",
        "x-ms-lease-state": "available",
        "x-ms-lease-status": "unlocked",
        "x-ms-server-encrypted": "true",
        "x-ms-version": "2025-07-05"
      },
      "ResponseBody": "SGVsbG8gV29ybGQh"
    },
    {
      "RequestUri": "https://Sanitized.blob.core.windows.net/utcontainere762a5c/blobe762a5c",
      "RequestMethod": "DELETE",
      "RequestHeaders": {
        "Accept": "application/xml",
        "Accept-Encoding": "gzip, deflate",
        "Connection": "keep-alive",
        "Content-Length": "0",
        "User-Agent": "azsdk-python-storage-blob/12.26.0 Python/3.11.13 (macOS-15.5-x86_64-i386-64bit)",
        "x-ms-date": "Thu, 05 Jun 2025 18:38:30 GMT",
        "x-ms-version": "2025-07-05"
      },
      "RequestBody": null,
      "StatusCode": 202,
      "ResponseHeaders": {
        "Content-Length": "0",
        "Date": "Thu, 05 Jun 2025 18:38:29 GMT",
        "Server": [
          "Windows-Azure-Blob/1.0",
          "Microsoft-HTTPAPI/2.0"
        ],
        "x-ms-delete-type-permanent": "true",
        "x-ms-version": "2025-07-05"
      },
      "ResponseBody": null
    }
  ],
  "Variables": {}
}
