{
  "Entries": [
    {
      "RequestUri": "https://Sanitized.blob.core.windows.net/utcontainer68cd2f14?restype=container",
      "RequestMethod": "PUT",
      "RequestHeaders": {
        "Accept": "application/xml",
        "Accept-Encoding": "gzip, deflate",
        "Content-Length": "0",
        "User-Agent": "azsdk-python-storage-blob/12.21.0b1 Python/3.11.7 (Windows-10-10.0.22631-SP0)",
        "x-ms-date": "Wed, 22 May 2024 21:40:10 GMT",
        "x-ms-version": "2024-05-04"
      },
      "RequestBody": null,
      "StatusCode": 201,
      "ResponseHeaders": {
        "Content-Length": "0",
        "Date": "Wed, 22 May 2024 21:40:11 GMT",
        "ETag": "\"0x8DC7AA7C226F859\"",
        "Last-Modified": "Wed, 22 May 2024 21:40:11 GMT",
        "Server": [
          "Windows-Azure-Blob/1.0",
          "Microsoft-HTTPAPI/2.0"
        ],
        "x-ms-version": "2024-05-04"
      },
      "ResponseBody": null
    },
    {
      "RequestUri": "https://Sanitized.blob.core.windows.net/utcontainer68cd2f14/blob68cd2f14",
      "RequestMethod": "PUT",
      "RequestHeaders": {
        "Accept": "application/xml",
        "Accept-Encoding": "gzip, deflate",
        "Content-Length": "34",
        "Content-Type": "application/octet-stream",
        "User-Agent": "azsdk-python-storage-blob/12.21.0b1 Python/3.11.7 (Windows-10-10.0.22631-SP0)",
        "x-ms-blob-type": "BlockBlob",
        "x-ms-date": "Wed, 22 May 2024 21:40:11 GMT",
        "x-ms-version": "2024-05-04"
      },
      "RequestBody": "YWJjZGVhYmNkZeS9oOWlveS4lueVjOS9oOWlveS4lueVjA==",
      "StatusCode": 201,
      "ResponseHeaders": {
        "Content-Length": "0",
        "Content-MD5": "uy/yqEAdJD4B0eYc9mxrIA==",
        "Date": "Wed, 22 May 2024 21:40:11 GMT",
        "ETag": "\"0x8DC7AA7C236575F\"",
        "Last-Modified": "Wed, 22 May 2024 21:40:11 GMT",
        "Server": [
          "Windows-Azure-Blob/1.0",
          "Microsoft-HTTPAPI/2.0"
        ],
        "x-ms-content-crc64": "0pj/srt0yHc=",
        "x-ms-request-server-encrypted": "true",
        "x-ms-version": "2024-05-04"
      },
      "ResponseBody": null
    },
    {
      "RequestUri": "https://Sanitized.blob.core.windows.net/utcontainer68cd2f14/blob68cd2f14",
      "RequestMethod": "GET",
      "RequestHeaders": {
        "Accept": "application/xml",
        "Accept-Encoding": "gzip, deflate",
        "User-Agent": "azsdk-python-storage-blob/12.21.0b1 Python/3.11.7 (Windows-10-10.0.22631-SP0)",
        "x-ms-date": "Wed, 22 May 2024 21:40:11 GMT",
        "x-ms-range": "bytes=0-1023",
        "x-ms-version": "2024-05-04"
      },
      "RequestBody": null,
      "StatusCode": 206,
      "ResponseHeaders": {
        "Accept-Ranges": "bytes",
        "Content-Length": "34",
        "Content-Range": "bytes 0-33/34",
        "Content-Type": "application/octet-stream",
        "Date": "Wed, 22 May 2024 21:40:11 GMT",
        "ETag": "\"0x8DC7AA7C236575F\"",
        "Last-Modified": "Wed, 22 May 2024 21:40:11 GMT",
        "Server": [
          "Windows-Azure-Blob/1.0",
          "Microsoft-HTTPAPI/2.0"
        ],
        "Vary": "Origin",
        "x-ms-blob-content-md5": "uy/yqEAdJD4B0eYc9mxrIA==",
        "x-ms-blob-type": "BlockBlob",
        "x-ms-creation-time": "Wed, 22 May 2024 21:40:11 GMT",
        "x-ms-lease-state": "available",
        "x-ms-lease-status": "unlocked",
        "x-ms-server-encrypted": "true",
        "x-ms-version": "2024-05-04"
      },
      "ResponseBody": "YWJjZGVhYmNkZeS9oOWlveS4lueVjOS9oOWlveS4lueVjA=="
    }
  ],
  "Variables": {}
}
