{
  "Entries": [
    {
      "RequestUri": "https://Sanitized.blob.core.windows.net/utcontainer4632353e?restype=container&timeout=5",
      "RequestMethod": "PUT",
      "RequestHeaders": {
        "Accept": "application/xml",
        "Accept-Encoding": "gzip, deflate",
        "Connection": "keep-alive",
        "Content-Length": "0",
        "User-Agent": "azsdk-python-storage-blob/12.24.0b1 Python/3.8.10 (Windows-10-10.0.22631-SP0)",
        "x-ms-date": "Sat, 05 Oct 2024 00:27:37 GMT",
        "x-ms-version": "2025-01-05"
      },
      "RequestBody": null,
      "StatusCode": 201,
      "ResponseHeaders": {
        "Content-Length": "0",
        "Date": "Sat, 05 Oct 2024 00:27:37 GMT",
        "ETag": "\"0x8DCE4D483FD2D35\"",
        "Last-Modified": "Sat, 05 Oct 2024 00:27:37 GMT",
        "Server": [
          "Windows-Azure-Blob/1.0",
          "Microsoft-HTTPAPI/2.0"
        ],
        "x-ms-version": "2025-01-05"
      },
      "ResponseBody": null
    },
    {
      "RequestUri": "https://Sanitized.blob.core.windows.net/utcontainersource4632353e?restype=container&timeout=5",
      "RequestMethod": "PUT",
      "RequestHeaders": {
        "Accept": "application/xml",
        "Accept-Encoding": "gzip, deflate",
        "Connection": "keep-alive",
        "Content-Length": "0",
        "User-Agent": "azsdk-python-storage-blob/12.24.0b1 Python/3.8.10 (Windows-10-10.0.22631-SP0)",
        "x-ms-date": "Sat, 05 Oct 2024 00:27:37 GMT",
        "x-ms-version": "2025-01-05"
      },
      "RequestBody": null,
      "StatusCode": 409,
      "ResponseHeaders": {
        "Content-Length": "230",
        "Content-Type": "application/xml",
        "Date": "Sat, 05 Oct 2024 00:27:37 GMT",
        "Server": [
          "Windows-Azure-Blob/1.0",
          "Microsoft-HTTPAPI/2.0"
        ],
        "x-ms-error-code": "ContainerAlreadyExists",
        "x-ms-version": "2025-01-05"
      },
      "ResponseBody": [
        "\uFEFF<?xml version=\"1.0\" encoding=\"utf-8\"?><Error><Code>ContainerAlreadyExists</Code><Message>The specified container already exists.\n",
        "RequestId:a5855301-901e-002d-13bd-165291000000\n",
        "Time:2024-10-05T00:27:37.8883562Z</Message></Error>"
      ]
    },
    {
      "RequestUri": "https://Sanitized.blob.core.windows.net/utcontainer4632353e/blob4632353e",
      "RequestMethod": "PUT",
      "RequestHeaders": {
        "Accept": "application/xml",
        "Accept-Encoding": "gzip, deflate",
        "Connection": "keep-alive",
        "Content-Length": "1024",
        "Content-Type": "application/octet-stream",
        "If-None-Match": "*",
        "User-Agent": "azsdk-python-storage-blob/12.24.0b1 Python/3.8.10 (Windows-10-10.0.22631-SP0)",
        "x-ms-blob-type": "BlockBlob",
        "x-ms-date": "Sat, 05 Oct 2024 00:27:37 GMT",
        "x-ms-version": "2025-01-05"
      },
      "RequestBody": "YWFhYWFhYWFhYWFhYWFhYWFhYWFhYWFhYWFhYWFhYWFhYWFhYWFhYWFhYWFhYWFhYWFhYWFhYWFhYWFhYWFhYWFhYWFhYWFhYWFhYWFhYWFhYWFhYWFhYWFhYWFhYWFhYWFhYWFhYWFhYWFhYWFhYWFhYWFhYWFhYWFhYWFhYWFhYWFhYWFhYWFhYWFhYWFhYWFhYWFhYWFhYWFhYWFhYWFhYWFhYWFhYWFhYWFhYWFhYWFhYWFhYWFhYWFhYWFhYWFhYWFhYWFhYWFhYWFhYWFhYWFhYWFhYWFhYWFhYWFhYWFhYWFhYWFhYWFhYWFhYWFhYWFhYWFhYWFhYWFhYWFhYWFhYWFhYWFhYWFhYWFhYWFhYWFhYWFhYWFhYWFhYWFhYWFhYWFhYWFhYWFhYWFhYWFhYWFhYWFhYWFhYWFhYWFhYWFhYWFhYWFhYWFhYWFhYWFhYWFhYWFhYWFhYWFhYWFhYWFhYWFhYWFhYWFhYWFhYWFhYWFhYWFhYWFhYWFhYWFhYWFhYWFhYWFhYWFhYWFhYWFhYWFhYWFhYWFhYWFhYWFhYWFhYWFhYWFhYWFhYWFhYWFhYWFhYWFhYWFhYWFhYWFhYWFhYWFhYWFhYWFhYWFhYWFhYWFhYWFhYWFhYWFhYWFhYWFhYWFhYWFhYWFhYWFhYWFhYWFhYWFhYWFhYWFhYWFhYWFhYWFhYWFhYWFhYWFhYWFhYWFhYWFhYWFhYWFhYWFhYWFhYWFhYWFhYWFhYWFhYWFhYWFhYWFhYWFhYWFhYWFhYWFhYWFhYWFhYWFhYWFhYWFhYWFhYWFhYWFhYWFhYWFhYWFhYWFhYWFhYWFhYWFhYWFhYWFhYWFhYWFhYWFhYWFhYWFhYWFhYWFhYWFhYWFhYWFhYWFhYWFhYWFhYWFhYWFhYWFhYWFhYWFhYWFhYWFhYWFhYWFhYWFhYWFhYWFhYWFhYWFhYWFhYWFhYWFhYWFhYWFhYWFhYWFhYWFhYWFhYWFhYWFhYWFhYWFhYWFhYWFhYWFhYWFhYWFhYWFhYWFhYWFhYWFhYWFhYWFhYWFhYWFhYWFhYWFhYWFhYWFhYWFhYWFhYWFhYWFhYWFhYWFhYWFhYWFhYWFhYWFhYWFhYWFhYWFhYWFhYWFhYWFhYWFhYWFhYWFhYWFhYWFhYWFhYWFhYWFhYWFhYWFhYWFhYWFhYWFhYWFhYWFhYWFhYWFhYWFhYWFhYWFhYWFhYWFhYWFhYWFhYWFhYWFhYWFhYWFhYWFhYWFhYWFhYWFhYWFhYWFhYWFhYWFhYWFhYWFhYWFhYWFhYWFhYWFhYWFhYWFhYWFhYWFhYWFhYWFhYWFhYWFhYWFhYWFhYWFhYWFhYQ==",
      "StatusCode": 201,
      "ResponseHeaders": {
        "Content-Length": "0",
        "Content-MD5": "yaNM/IXZgmmMasifdgcavQ==",
        "Date": "Sat, 05 Oct 2024 00:27:37 GMT",
        "ETag": "\"0x8DCE4D4840C0DB8\"",
        "Last-Modified": "Sat, 05 Oct 2024 00:27:37 GMT",
        "Server": [
          "Windows-Azure-Blob/1.0",
          "Microsoft-HTTPAPI/2.0"
        ],
        "x-ms-content-crc64": "ov8U1LLnyKc=",
        "x-ms-request-server-encrypted": "true",
        "x-ms-version": "2025-01-05",
        "x-ms-version-id": "2024-10-05T00:27:37.9349944Z"
      },
      "ResponseBody": null
    },
    {
      "RequestUri": "https://Sanitized.blob.core.windows.net/utcontainer4632353e/blob4632353e?comp=snapshot",
      "RequestMethod": "PUT",
      "RequestHeaders": {
        "Accept": "application/xml",
        "Accept-Encoding": "gzip, deflate",
        "Connection": "keep-alive",
        "Content-Length": "0",
        "User-Agent": "azsdk-python-storage-blob/12.24.0b1 Python/3.8.10 (Windows-10-10.0.22631-SP0)",
        "x-ms-date": "Sat, 05 Oct 2024 00:27:37 GMT",
        "x-ms-version": "2025-01-05"
      },
      "RequestBody": null,
      "StatusCode": 201,
      "ResponseHeaders": {
        "Content-Length": "0",
        "Date": "Sat, 05 Oct 2024 00:27:37 GMT",
        "ETag": "\"0x8DCE4D4840C0DB8\"",
        "Last-Modified": "Sat, 05 Oct 2024 00:27:37 GMT",
        "Server": [
          "Windows-Azure-Blob/1.0",
          "Microsoft-HTTPAPI/2.0"
        ],
        "x-ms-request-server-encrypted": "false",
        "x-ms-snapshot": "2024-10-05T00:27:37.9778138Z",
        "x-ms-version": "2025-01-05",
        "x-ms-version-id": "2024-10-05T00:27:37.9788138Z"
      },
      "ResponseBody": null
    },
    {
      "RequestUri": "https://Sanitized.blob.core.windows.net/utcontainer4632353e/blob4632353e?comp=immutabilityPolicies&snapshot=2024-10-05T00:27:37.9778138Z",
      "RequestMethod": "PUT",
      "RequestHeaders": {
        "Accept": "application/xml",
        "Accept-Encoding": "gzip, deflate",
        "Connection": "keep-alive",
        "Content-Length": "0",
        "User-Agent": "azsdk-python-storage-blob/12.24.0b1 Python/3.8.10 (Windows-10-10.0.22631-SP0)",
        "x-ms-date": "Sat, 05 Oct 2024 00:27:37 GMT",
        "x-ms-immutability-policy-mode": "Unlocked",
        "x-ms-immutability-policy-until-date": "Sat, 05 Oct 2024 00:27:42 GMT",
        "x-ms-version": "2025-01-05"
      },
      "RequestBody": null,
      "StatusCode": 200,
      "ResponseHeaders": {
        "Content-Length": "0",
        "Date": "Sat, 05 Oct 2024 00:27:37 GMT",
        "Server": [
          "Windows-Azure-Blob/1.0",
          "Microsoft-HTTPAPI/2.0"
        ],
        "x-ms-immutability-policy-mode": "unlocked",
        "x-ms-immutability-policy-until-date": "Sat, 05 Oct 2024 00:27:42 GMT",
        "x-ms-version": "2025-01-05"
      },
      "ResponseBody": null
    },
    {
      "RequestUri": "https://Sanitized.blob.core.windows.net/utcontainer4632353e/blob4632353e?snapshot=2024-10-05T00:27:37.9778138Z",
      "RequestMethod": "HEAD",
      "RequestHeaders": {
        "Accept": "application/xml",
        "Accept-Encoding": "gzip, deflate",
        "Connection": "keep-alive",
        "User-Agent": "azsdk-python-storage-blob/12.24.0b1 Python/3.8.10 (Windows-10-10.0.22631-SP0)",
        "x-ms-date": "Sat, 05 Oct 2024 00:27:37 GMT",
        "x-ms-version": "2025-01-05"
      },
      "RequestBody": null,
      "StatusCode": 200,
      "ResponseHeaders": {
        "Accept-Ranges": "bytes",
        "Content-Length": "1024",
        "Content-MD5": "yaNM/IXZgmmMasifdgcavQ==",
        "Content-Type": "application/octet-stream",
        "Date": "Sat, 05 Oct 2024 00:27:37 GMT",
        "ETag": "\"0x8DCE4D4840C0DB8\"",
        "Last-Modified": "Sat, 05 Oct 2024 00:27:37 GMT",
        "Server": [
          "Windows-Azure-Blob/1.0",
          "Microsoft-HTTPAPI/2.0"
        ],
        "x-ms-access-tier": "Hot",
        "x-ms-access-tier-inferred": "true",
        "x-ms-blob-type": "BlockBlob",
        "x-ms-creation-time": "Sat, 05 Oct 2024 00:27:37 GMT",
        "x-ms-immutability-policy-mode": "unlocked",
        "x-ms-immutability-policy-until-date": "Sat, 05 Oct 2024 00:27:42 GMT",
        "x-ms-server-encrypted": "true",
        "x-ms-version": "2025-01-05"
      },
      "ResponseBody": null
    },
    {
      "RequestUri": "https://Sanitized.blob.core.windows.net/utcontainer4632353e/blob4632353e?comp=immutabilityPolicies&snapshot=2024-10-05T00:27:37.9778138Z",
      "RequestMethod": "DELETE",
      "RequestHeaders": {
        "Accept": "application/xml",
        "Accept-Encoding": "gzip, deflate",
        "Connection": "keep-alive",
        "Content-Length": "0",
        "User-Agent": "azsdk-python-storage-blob/12.24.0b1 Python/3.8.10 (Windows-10-10.0.22631-SP0)",
        "x-ms-date": "Sat, 05 Oct 2024 00:27:38 GMT",
        "x-ms-version": "2025-01-05"
      },
      "RequestBody": null,
      "StatusCode": 200,
      "ResponseHeaders": {
        "Content-Length": "0",
        "Date": "Sat, 05 Oct 2024 00:27:37 GMT",
        "Server": [
          "Windows-Azure-Blob/1.0",
          "Microsoft-HTTPAPI/2.0"
        ],
        "x-ms-version": "2025-01-05"
      },
      "ResponseBody": null
    },
    {
      "RequestUri": "https://Sanitized.blob.core.windows.net/utcontainer4632353e/blob4632353e?snapshot=2024-10-05T00:27:37.9778138Z",
      "RequestMethod": "HEAD",
      "RequestHeaders": {
        "Accept": "application/xml",
        "Accept-Encoding": "gzip, deflate",
        "Connection": "keep-alive",
        "User-Agent": "azsdk-python-storage-blob/12.24.0b1 Python/3.8.10 (Windows-10-10.0.22631-SP0)",
        "x-ms-date": "Sat, 05 Oct 2024 00:27:38 GMT",
        "x-ms-version": "2025-01-05"
      },
      "RequestBody": null,
      "StatusCode": 200,
      "ResponseHeaders": {
        "Accept-Ranges": "bytes",
        "Content-Length": "1024",
        "Content-MD5": "yaNM/IXZgmmMasifdgcavQ==",
        "Content-Type": "application/octet-stream",
        "Date": "Sat, 05 Oct 2024 00:27:37 GMT",
        "ETag": "\"0x8DCE4D4840C0DB8\"",
        "Last-Modified": "Sat, 05 Oct 2024 00:27:37 GMT",
        "Server": [
          "Windows-Azure-Blob/1.0",
          "Microsoft-HTTPAPI/2.0"
        ],
        "x-ms-access-tier": "Hot",
        "x-ms-access-tier-inferred": "true",
        "x-ms-blob-type": "BlockBlob",
        "x-ms-creation-time": "Sat, 05 Oct 2024 00:27:37 GMT",
        "x-ms-server-encrypted": "true",
        "x-ms-version": "2025-01-05"
      },
      "ResponseBody": null
    },
    {
      "RequestUri": "https://Sanitized.blob.core.windows.net/utcontainer4632353e/blob4632353e?comp=legalhold&snapshot=2024-10-05T00:27:37.9778138Z",
      "RequestMethod": "PUT",
      "RequestHeaders": {
        "Accept": "application/xml",
        "Accept-Encoding": "gzip, deflate",
        "Connection": "keep-alive",
        "Content-Length": "0",
        "User-Agent": "azsdk-python-storage-blob/12.24.0b1 Python/3.8.10 (Windows-10-10.0.22631-SP0)",
        "x-ms-date": "Sat, 05 Oct 2024 00:27:38 GMT",
        "x-ms-legal-hold": "true",
        "x-ms-version": "2025-01-05"
      },
      "RequestBody": null,
      "StatusCode": 200,
      "ResponseHeaders": {
        "Content-Length": "0",
        "Date": "Sat, 05 Oct 2024 00:27:37 GMT",
        "Server": [
          "Windows-Azure-Blob/1.0",
          "Microsoft-HTTPAPI/2.0"
        ],
        "x-ms-legal-hold": "true",
        "x-ms-version": "2025-01-05"
      },
      "ResponseBody": null
    },
    {
      "RequestUri": "https://Sanitized.blob.core.windows.net/utcontainer4632353e/blob4632353e?snapshot=2024-10-05T00:27:37.9778138Z",
      "RequestMethod": "HEAD",
      "RequestHeaders": {
        "Accept": "application/xml",
        "Accept-Encoding": "gzip, deflate",
        "Connection": "keep-alive",
        "User-Agent": "azsdk-python-storage-blob/12.24.0b1 Python/3.8.10 (Windows-10-10.0.22631-SP0)",
        "x-ms-date": "Sat, 05 Oct 2024 00:27:38 GMT",
        "x-ms-version": "2025-01-05"
      },
      "RequestBody": null,
      "StatusCode": 200,
      "ResponseHeaders": {
        "Accept-Ranges": "bytes",
        "Content-Length": "1024",
        "Content-MD5": "yaNM/IXZgmmMasifdgcavQ==",
        "Content-Type": "application/octet-stream",
        "Date": "Sat, 05 Oct 2024 00:27:37 GMT",
        "ETag": "\"0x8DCE4D4840C0DB8\"",
        "Last-Modified": "Sat, 05 Oct 2024 00:27:37 GMT",
        "Server": [
          "Windows-Azure-Blob/1.0",
          "Microsoft-HTTPAPI/2.0"
        ],
        "x-ms-access-tier": "Hot",
        "x-ms-access-tier-inferred": "true",
        "x-ms-blob-type": "BlockBlob",
        "x-ms-creation-time": "Sat, 05 Oct 2024 00:27:37 GMT",
        "x-ms-legal-hold": "true",
        "x-ms-server-encrypted": "true",
        "x-ms-version": "2025-01-05"
      },
      "ResponseBody": null
    },
    {
      "RequestUri": "https://Sanitized.blob.core.windows.net/utcontainer4632353e/blob4632353e?comp=legalhold&snapshot=2024-10-05T00:27:37.9778138Z",
      "RequestMethod": "PUT",
      "RequestHeaders": {
        "Accept": "application/xml",
        "Accept-Encoding": "gzip, deflate",
        "Connection": "keep-alive",
        "Content-Length": "0",
        "User-Agent": "azsdk-python-storage-blob/12.24.0b1 Python/3.8.10 (Windows-10-10.0.22631-SP0)",
        "x-ms-date": "Sat, 05 Oct 2024 00:27:38 GMT",
        "x-ms-legal-hold": "false",
        "x-ms-version": "2025-01-05"
      },
      "RequestBody": null,
      "StatusCode": 200,
      "ResponseHeaders": {
        "Content-Length": "0",
        "Date": "Sat, 05 Oct 2024 00:27:37 GMT",
        "Server": [
          "Windows-Azure-Blob/1.0",
          "Microsoft-HTTPAPI/2.0"
        ],
        "x-ms-legal-hold": "false",
        "x-ms-version": "2025-01-05"
      },
      "ResponseBody": null
    },
    {
      "RequestUri": "https://Sanitized.blob.core.windows.net/utcontainer4632353e/blob4632353e",
      "RequestMethod": "DELETE",
      "RequestHeaders": {
        "Accept": "application/xml",
        "Accept-Encoding": "gzip, deflate",
        "Connection": "keep-alive",
        "Content-Length": "0",
        "User-Agent": "azsdk-python-storage-blob/12.24.0b1 Python/3.8.10 (Windows-10-10.0.22631-SP0)",
        "x-ms-date": "Sat, 05 Oct 2024 00:27:38 GMT",
        "x-ms-delete-snapshots": "include",
        "x-ms-version": "2025-01-05"
      },
      "RequestBody": null,
      "StatusCode": 202,
      "ResponseHeaders": {
        "Content-Length": "0",
        "Date": "Sat, 05 Oct 2024 00:27:37 GMT",
        "Server": [
          "Windows-Azure-Blob/1.0",
          "Microsoft-HTTPAPI/2.0"
        ],
        "x-ms-delete-type-permanent": "false",
        "x-ms-version": "2025-01-05"
      },
      "ResponseBody": null
    }
  ],
  "Variables": {
    "expiry_time": "2024-10-05T00:27:42.933017"
  }
}
