{
  "Entries": [
    {
      "RequestUri": "https://myappconfig.azconfig.io/kv/etags641?api-version=2023-10-01",
      "RequestMethod": "PUT",
      "RequestHeaders": {
        "Accept": "application/vnd.microsoft.appconfig.kv\u002Bjson, application/problem\u002Bjson",
        "Accept-Encoding": "gzip,deflate",
        "Authorization": "Sanitized",
        "Connection": "keep-alive",
        "Content-Length": "34",
        "Content-Type": "application/vnd.microsoft.appconfig.kv\u002Bjson",
        "If-None-Match": "*",
        "User-Agent": "azsdk-js-app-configuration/1.5.0-beta.3 core-rest-pipeline/1.12.3 Node/v18.18.2 OS/(x64-Linux-6.2.0-1015-azure)",
        "x-ms-client-request-id": "c478be04-69b1-48eb-b944-5e9075fad25a",
        "x-ms-content-sha256": "s24BP647SVvx9dt\u002BxUU8Q\u002B3xx1NWR69txlxfqSqjaIc=",
        "x-ms-date": "Thu, 02 Nov 2023 21:21:56 GMT"
      },
      "RequestBody": {
        "key": "etags641",
        "value": "world"
      },
      "StatusCode": 200,
      "ResponseHeaders": {
        "Access-Control-Allow-Origin": "*",
        "Connection": "keep-alive",
        "Content-Type": "application/vnd.microsoft.appconfig.kv\u002Bjson; charset=utf-8",
        "Date": "Thu, 02 Nov 2023 21:21:56 GMT",
        "ETag": "\u0022SiZW6OPvnn7gURNmaERX7eBmIvFPxUyW4zXpvSlw3Y8\u0022",
        "Last-Modified": "Thu, 02 Nov 2023 21:21:56 GMT",
        "Strict-Transport-Security": "max-age=15724800; includeSubDomains",
        "Sync-Token": "zAJw6V16=NjoxNSM1MzMzMTM3;sn=5333137",
        "Transfer-Encoding": "chunked",
        "x-ms-correlation-request-id": "0f0afdd1-cd74-44f0-9393-1c03cb795d6e",
        "x-ms-request-id": "0f0afdd1-cd74-44f0-9393-1c03cb795d6e"
      },
      "ResponseBody": {
        "etag": "SiZW6OPvnn7gURNmaERX7eBmIvFPxUyW4zXpvSlw3Y8",
        "key": "etags641",
        "label": null,
        "content_type": null,
        "value": "world",
        "tags": {},
        "locked": false,
        "last_modified": "2023-11-02T21:21:56\u002B00:00"
      }
    },
    {
      "RequestUri": "https://myappconfig.azconfig.io/kv/etags641?api-version=2023-10-01",
      "RequestMethod": "PUT",
      "RequestHeaders": {
        "Accept": "application/vnd.microsoft.appconfig.kv\u002Bjson, application/problem\u002Bjson",
        "Accept-Encoding": "gzip,deflate",
        "Authorization": "Sanitized",
        "Connection": "keep-alive",
        "Content-Length": "173",
        "Content-Type": "application/vnd.microsoft.appconfig.kv\u002Bjson",
        "If-None-Match": "*",
        "sync-token": "zAJw6V16=NjoxNSM1MzMzMTM3",
        "User-Agent": "azsdk-js-app-configuration/1.5.0-beta.3 core-rest-pipeline/1.12.3 Node/v18.18.2 OS/(x64-Linux-6.2.0-1015-azure)",
        "x-ms-client-request-id": "a0234f77-4d96-431e-bb94-14eacf8313de",
        "x-ms-content-sha256": "YEvY3osWhqXCb4ZQfat4OXO0a4B8PbD6aH8JA5mkJLY=",
        "x-ms-date": "Thu, 02 Nov 2023 21:21:56 GMT"
      },
      "RequestBody": {
        "key": "etags641",
        "label": null,
        "content_type": null,
        "value": "world",
        "last_modified": "2023-11-02T21:21:56.000Z",
        "tags": {},
        "etag": "SiZW6OPvnn7gURNmaERX7eBmIvFPxUyW4zXpvSlw3Y8"
      },
      "StatusCode": 412,
      "ResponseHeaders": {
        "Access-Control-Allow-Origin": "*",
        "Connection": "keep-alive",
        "Content-Length": "0",
        "Date": "Thu, 02 Nov 2023 21:21:56 GMT",
        "Strict-Transport-Security": "max-age=15724800; includeSubDomains",
        "Sync-Token": "zAJw6V16=NjoxNSM1MzMzMTM3;sn=5333137",
        "x-ms-correlation-request-id": "4db7a2c9-a25e-4d20-8c70-a6096fa09106",
        "x-ms-request-id": "4db7a2c9-a25e-4d20-8c70-a6096fa09106"
      },
      "ResponseBody": null
    },
    {
      "RequestUri": "https://myappconfig.azconfig.io/kv?api-version=2023-10-01\u0026key=etags641",
      "RequestMethod": "GET",
      "RequestHeaders": {
        "Accept": "application/vnd.microsoft.appconfig.kvset\u002Bjson, application/problem\u002Bjson",
        "Accept-Encoding": "gzip,deflate",
        "Authorization": "Sanitized",
        "Connection": "keep-alive",
        "sync-token": "zAJw6V16=NjoxNSM1MzMzMTM3",
        "User-Agent": "azsdk-js-app-configuration/1.5.0-beta.3 core-rest-pipeline/1.12.3 Node/v18.18.2 OS/(x64-Linux-6.2.0-1015-azure)",
        "x-ms-client-request-id": "b5560e32-3b8e-42bf-ade1-278516455238",
        "x-ms-content-sha256": "47DEQpj8HBSa\u002B/TImW\u002B5JCeuQeRkm5NMpJWZG3hSuFU=",
        "x-ms-date": "Thu, 02 Nov 2023 21:21:56 GMT"
      },
      "RequestBody": null,
      "StatusCode": 200,
      "ResponseHeaders": {
        "Access-Control-Allow-Origin": "*",
        "Connection": "keep-alive",
        "Content-Type": "application/vnd.microsoft.appconfig.kvset\u002Bjson; charset=utf-8",
        "Date": "Thu, 02 Nov 2023 21:21:56 GMT",
        "ETag": "\u0022f_QZcu663Ql80TU8_5CNN4kCQ68KSSO-9tK5FNcGP0g\u0022",
        "Strict-Transport-Security": "max-age=15724800; includeSubDomains",
        "Sync-Token": "zAJw6V16=NjoxNSM1MzMzMTM3;sn=5333137",
        "Transfer-Encoding": "chunked",
        "x-ms-correlation-request-id": "a7a70f6d-741a-4afa-9563-fe723963fc91",
        "x-ms-request-id": "a7a70f6d-741a-4afa-9563-fe723963fc91"
      },
      "ResponseBody": {
        "etag": "f_QZcu663Ql80TU8_5CNN4kCQ68KSSO-9tK5FNcGP0g",
        "items": [
          {
            "etag": "SiZW6OPvnn7gURNmaERX7eBmIvFPxUyW4zXpvSlw3Y8",
            "key": "etags641",
            "label": null,
            "content_type": null,
            "value": "world",
            "tags": {},
            "locked": false,
            "last_modified": "2023-11-02T21:21:56\u002B00:00"
          }
        ]
      }
    },
    {
      "RequestUri": "https://myappconfig.azconfig.io/kv/etags641?api-version=2023-10-01",
      "RequestMethod": "DELETE",
      "RequestHeaders": {
        "Accept": "application/vnd.microsoft.appconfig.kv\u002Bjson, application/problem\u002Bjson",
        "Accept-Encoding": "gzip,deflate",
        "Authorization": "Sanitized",
        "Connection": "keep-alive",
        "sync-token": "zAJw6V16=NjoxNSM1MzMzMTM3",
        "User-Agent": "azsdk-js-app-configuration/1.5.0-beta.3 core-rest-pipeline/1.12.3 Node/v18.18.2 OS/(x64-Linux-6.2.0-1015-azure)",
        "x-ms-client-request-id": "dfb2bd2d-ae9e-437e-9180-8e3660b76414",
        "x-ms-content-sha256": "47DEQpj8HBSa\u002B/TImW\u002B5JCeuQeRkm5NMpJWZG3hSuFU=",
        "x-ms-date": "Thu, 02 Nov 2023 21:21:56 GMT"
      },
      "RequestBody": null,
      "StatusCode": 200,
      "ResponseHeaders": {
        "Access-Control-Allow-Origin": "*",
        "Connection": "keep-alive",
        "Content-Type": "application/vnd.microsoft.appconfig.kv\u002Bjson; charset=utf-8",
        "Date": "Thu, 02 Nov 2023 21:21:56 GMT",
        "ETag": "\u0022SiZW6OPvnn7gURNmaERX7eBmIvFPxUyW4zXpvSlw3Y8\u0022",
        "Last-Modified": "Thu, 02 Nov 2023 21:21:56 GMT",
        "Strict-Transport-Security": "max-age=15724800; includeSubDomains",
        "Sync-Token": "zAJw6V16=NjoxNSM1MzMzMTM4;sn=5333138",
        "Transfer-Encoding": "chunked",
        "x-ms-correlation-request-id": "ac30b86e-601f-4544-a491-e7865073ce87",
        "x-ms-request-id": "ac30b86e-601f-4544-a491-e7865073ce87"
      },
      "ResponseBody": {
        "etag": "SiZW6OPvnn7gURNmaERX7eBmIvFPxUyW4zXpvSlw3Y8",
        "key": "etags641",
        "label": null,
        "content_type": null,
        "value": "world",
        "tags": {},
        "locked": false,
        "last_modified": "2023-11-02T21:21:56\u002B00:00"
      }
    }
  ],
  "Variables": {
    "etags": "etags641"
  }
}
