{
  "Entries": [
    {
      "RequestUri": "https://myappconfig.azconfig.io/kv/etags303?api-version=2023-10-01",
      "RequestMethod": "PUT",
      "RequestHeaders": {
        "Accept": "application/vnd.microsoft.appconfig.kv\u002Bjson, application/problem\u002Bjson",
        "Accept-Encoding": "gzip,deflate",
        "Authorization": "Sanitized",
        "Connection": "keep-alive",
        "Content-Length": "34",
        "Content-Type": "application/vnd.microsoft.appconfig.kv\u002Bjson",
        "If-None-Match": "*",
        "User-Agent": "azsdk-js-app-configuration/1.5.0-beta.3 core-rest-pipeline/1.12.3 Node/v18.18.2 OS/(x64-Linux-6.2.0-1015-azure)",
        "x-ms-client-request-id": "afa1ba2e-0a57-424e-adbf-92529b801192",
        "x-ms-content-sha256": "XhBMir\u002Blb/7ZfInAG\u002BsTEDPKtBH/Lrc321zyeBGo3F0=",
        "x-ms-date": "Thu, 02 Nov 2023 20:56:11 GMT"
      },
      "RequestBody": {
        "key": "etags303",
        "value": "world"
      },
      "StatusCode": 200,
      "ResponseHeaders": {
        "Access-Control-Allow-Origin": "*",
        "Connection": "keep-alive",
        "Content-Type": "application/vnd.microsoft.appconfig.kv\u002Bjson; charset=utf-8",
        "Date": "Thu, 02 Nov 2023 20:56:11 GMT",
        "ETag": "\u0022ZJtFMwDg2P6E_kt16nHTEe12rQP5-wF5u8DIVR54ArM\u0022",
        "Last-Modified": "Thu, 02 Nov 2023 20:56:11 GMT",
        "Strict-Transport-Security": "max-age=15724800; includeSubDomains",
        "Sync-Token": "zAJw6V16=NjoxNSM1MzMxNDI1;sn=5331425",
        "Transfer-Encoding": "chunked",
        "x-ms-correlation-request-id": "053366ab-bcaa-4ab8-b540-f5c30129b95f",
        "x-ms-request-id": "053366ab-bcaa-4ab8-b540-f5c30129b95f"
      },
      "ResponseBody": {
        "etag": "ZJtFMwDg2P6E_kt16nHTEe12rQP5-wF5u8DIVR54ArM",
        "key": "etags303",
        "label": null,
        "content_type": null,
        "value": "world",
        "tags": {},
        "locked": false,
        "last_modified": "2023-11-02T20:56:11\u002B00:00"
      }
    },
    {
      "RequestUri": "https://myappconfig.azconfig.io/locks/etags303?api-version=2023-10-01",
      "RequestMethod": "PUT",
      "RequestHeaders": {
        "Accept": "application/vnd.microsoft.appconfig.kv\u002Bjson, application/problem\u002Bjson",
        "Accept-Encoding": "gzip,deflate",
        "Authorization": "Sanitized",
        "Connection": "keep-alive",
        "Content-Length": "0",
        "sync-token": "zAJw6V16=NjoxNSM1MzMxNDI1",
        "User-Agent": "azsdk-js-app-configuration/1.5.0-beta.3 core-rest-pipeline/1.12.3 Node/v18.18.2 OS/(x64-Linux-6.2.0-1015-azure)",
        "x-ms-client-request-id": "c79e0527-8a11-4de0-9eeb-b8b4b83aa702",
        "x-ms-content-sha256": "47DEQpj8HBSa\u002B/TImW\u002B5JCeuQeRkm5NMpJWZG3hSuFU=",
        "x-ms-date": "Thu, 02 Nov 2023 20:56:11 GMT"
      },
      "RequestBody": null,
      "StatusCode": 200,
      "ResponseHeaders": {
        "Access-Control-Allow-Origin": "*",
        "Connection": "keep-alive",
        "Content-Type": "application/vnd.microsoft.appconfig.kv\u002Bjson; charset=utf-8",
        "Date": "Thu, 02 Nov 2023 20:56:11 GMT",
        "ETag": "\u00225VWGP04W9-U2vblfVRZSEZq8qY1UsFKGPNdT_5B1QWw\u0022",
        "Last-Modified": "Thu, 02 Nov 2023 20:56:11 GMT",
        "Strict-Transport-Security": "max-age=15724800; includeSubDomains",
        "Sync-Token": "zAJw6V16=NjoxNSM1MzMxNDI2;sn=5331426",
        "Transfer-Encoding": "chunked",
        "x-ms-correlation-request-id": "30ee48f1-818e-42d0-9efe-4d6c3214536b",
        "x-ms-request-id": "30ee48f1-818e-42d0-9efe-4d6c3214536b"
      },
      "ResponseBody": {
        "etag": "5VWGP04W9-U2vblfVRZSEZq8qY1UsFKGPNdT_5B1QWw",
        "key": "etags303",
        "label": null,
        "content_type": null,
        "value": "world",
        "tags": {},
        "locked": true,
        "last_modified": "2023-11-02T20:56:11\u002B00:00"
      }
    },
    {
      "RequestUri": "https://myappconfig.azconfig.io/kv/etags303?api-version=2023-10-01",
      "RequestMethod": "PUT",
      "RequestHeaders": {
        "Accept": "application/vnd.microsoft.appconfig.kv\u002Bjson, application/problem\u002Bjson",
        "Accept-Encoding": "gzip,deflate",
        "Authorization": "Sanitized",
        "Connection": "keep-alive",
        "Content-Length": "173",
        "Content-Type": "application/vnd.microsoft.appconfig.kv\u002Bjson",
        "sync-token": "zAJw6V16=NjoxNSM1MzMxNDI2",
        "User-Agent": "azsdk-js-app-configuration/1.5.0-beta.3 core-rest-pipeline/1.12.3 Node/v18.18.2 OS/(x64-Linux-6.2.0-1015-azure)",
        "x-ms-client-request-id": "708aac83-58bc-403b-ad3f-e2c1848398f4",
        "x-ms-content-sha256": "uRKm33II32fFwC06mqJzTnVAoHSbCLv2P2x\u002BtJInjwU=",
        "x-ms-date": "Thu, 02 Nov 2023 20:56:11 GMT"
      },
      "RequestBody": {
        "key": "etags303",
        "label": null,
        "content_type": null,
        "value": "world",
        "last_modified": "2023-11-02T20:56:11.000Z",
        "tags": {},
        "etag": "ZJtFMwDg2P6E_kt16nHTEe12rQP5-wF5u8DIVR54ArM"
      },
      "StatusCode": 409,
      "ResponseHeaders": {
        "Access-Control-Allow-Origin": "*",
        "Connection": "keep-alive",
        "Content-Type": "application/problem\u002Bjson; charset=utf-8",
        "Date": "Thu, 02 Nov 2023 20:56:11 GMT",
        "Strict-Transport-Security": "max-age=15724800; includeSubDomains",
        "Sync-Token": "zAJw6V16=NjoxNSM1MzMxNDI3;sn=5331427",
        "Transfer-Encoding": "chunked",
        "x-ms-correlation-request-id": "b7d49333-6bb6-41ec-9c2d-73b7a63f1a8b",
        "x-ms-request-id": "b7d49333-6bb6-41ec-9c2d-73b7a63f1a8b"
      },
      "ResponseBody": {
        "type": "https://azconfig.io/errors/key-locked",
        "title": "Modifing key \u0027etags303\u0027 is not allowed",
        "name": "etags303",
        "detail": "The key is read-only. To allow modification unlock it first.",
        "status": 409
      }
    },
    {
      "RequestUri": "https://myappconfig.azconfig.io/kv?api-version=2023-10-01\u0026key=etags303",
      "RequestMethod": "GET",
      "RequestHeaders": {
        "Accept": "application/vnd.microsoft.appconfig.kvset\u002Bjson, application/problem\u002Bjson",
        "Accept-Encoding": "gzip,deflate",
        "Authorization": "Sanitized",
        "Connection": "keep-alive",
        "sync-token": "zAJw6V16=NjoxNSM1MzMxNDI3",
        "User-Agent": "azsdk-js-app-configuration/1.5.0-beta.3 core-rest-pipeline/1.12.3 Node/v18.18.2 OS/(x64-Linux-6.2.0-1015-azure)",
        "x-ms-client-request-id": "ed99409a-9ba8-4bdc-9819-f0670720170c",
        "x-ms-content-sha256": "47DEQpj8HBSa\u002B/TImW\u002B5JCeuQeRkm5NMpJWZG3hSuFU=",
        "x-ms-date": "Thu, 02 Nov 2023 20:56:12 GMT"
      },
      "RequestBody": null,
      "StatusCode": 200,
      "ResponseHeaders": {
        "Access-Control-Allow-Origin": "*",
        "Connection": "keep-alive",
        "Content-Type": "application/vnd.microsoft.appconfig.kvset\u002Bjson; charset=utf-8",
        "Date": "Thu, 02 Nov 2023 20:56:12 GMT",
        "ETag": "\u0022bd02Xuwbwi0rIys_xEEwQ99o5DkGSHJXi8JTRy3dp6o\u0022",
        "Strict-Transport-Security": "max-age=15724800; includeSubDomains",
        "Sync-Token": "zAJw6V16=NjoxNSM1MzMxNDI3;sn=5331427",
        "Transfer-Encoding": "chunked",
        "x-ms-correlation-request-id": "7ed9befa-3e00-4c30-b79b-e34050654eab",
        "x-ms-request-id": "7ed9befa-3e00-4c30-b79b-e34050654eab"
      },
      "ResponseBody": {
        "etag": "bd02Xuwbwi0rIys_xEEwQ99o5DkGSHJXi8JTRy3dp6o",
        "items": [
          {
            "etag": "5VWGP04W9-U2vblfVRZSEZq8qY1UsFKGPNdT_5B1QWw",
            "key": "etags303",
            "label": null,
            "content_type": null,
            "value": "world",
            "tags": {},
            "locked": true,
            "last_modified": "2023-11-02T20:56:11\u002B00:00"
          }
        ]
      }
    },
    {
      "RequestUri": "https://myappconfig.azconfig.io/locks/etags303?api-version=2023-10-01",
      "RequestMethod": "DELETE",
      "RequestHeaders": {
        "Accept": "application/vnd.microsoft.appconfig.kv\u002Bjson, application/problem\u002Bjson",
        "Accept-Encoding": "gzip,deflate",
        "Authorization": "Sanitized",
        "Connection": "keep-alive",
        "sync-token": "zAJw6V16=NjoxNSM1MzMxNDI3",
        "User-Agent": "azsdk-js-app-configuration/1.5.0-beta.3 core-rest-pipeline/1.12.3 Node/v18.18.2 OS/(x64-Linux-6.2.0-1015-azure)",
        "x-ms-client-request-id": "540a66c2-83c2-4f3b-8175-262396624669",
        "x-ms-content-sha256": "47DEQpj8HBSa\u002B/TImW\u002B5JCeuQeRkm5NMpJWZG3hSuFU=",
        "x-ms-date": "Thu, 02 Nov 2023 20:56:12 GMT"
      },
      "RequestBody": null,
      "StatusCode": 200,
      "ResponseHeaders": {
        "Access-Control-Allow-Origin": "*",
        "Connection": "keep-alive",
        "Content-Type": "application/vnd.microsoft.appconfig.kv\u002Bjson; charset=utf-8",
        "Date": "Thu, 02 Nov 2023 20:56:12 GMT",
        "ETag": "\u002255LGLmfuol-O3K9g-pfp43s9EDqKpCmZ085Lj14VvaM\u0022",
        "Last-Modified": "Thu, 02 Nov 2023 20:56:12 GMT",
        "Strict-Transport-Security": "max-age=15724800; includeSubDomains",
        "Sync-Token": "zAJw6V16=NjoxNSM1MzMxNDI4;sn=5331428",
        "Transfer-Encoding": "chunked",
        "x-ms-correlation-request-id": "a422e8bc-450d-4945-a2a9-ebffeef2eea9",
        "x-ms-request-id": "a422e8bc-450d-4945-a2a9-ebffeef2eea9"
      },
      "ResponseBody": {
        "etag": "55LGLmfuol-O3K9g-pfp43s9EDqKpCmZ085Lj14VvaM",
        "key": "etags303",
        "label": null,
        "content_type": null,
        "value": "world",
        "tags": {},
        "locked": false,
        "last_modified": "2023-11-02T20:56:12\u002B00:00"
      }
    },
    {
      "RequestUri": "https://myappconfig.azconfig.io/kv/etags303?api-version=2023-10-01",
      "RequestMethod": "DELETE",
      "RequestHeaders": {
        "Accept": "application/vnd.microsoft.appconfig.kv\u002Bjson, application/problem\u002Bjson",
        "Accept-Encoding": "gzip,deflate",
        "Authorization": "Sanitized",
        "Connection": "keep-alive",
        "sync-token": "zAJw6V16=NjoxNSM1MzMxNDI4",
        "User-Agent": "azsdk-js-app-configuration/1.5.0-beta.3 core-rest-pipeline/1.12.3 Node/v18.18.2 OS/(x64-Linux-6.2.0-1015-azure)",
        "x-ms-client-request-id": "deb153f7-ff5c-4549-b945-b902d4c22973",
        "x-ms-content-sha256": "47DEQpj8HBSa\u002B/TImW\u002B5JCeuQeRkm5NMpJWZG3hSuFU=",
        "x-ms-date": "Thu, 02 Nov 2023 20:56:12 GMT"
      },
      "RequestBody": null,
      "StatusCode": 200,
      "ResponseHeaders": {
        "Access-Control-Allow-Origin": "*",
        "Connection": "keep-alive",
        "Content-Type": "application/vnd.microsoft.appconfig.kv\u002Bjson; charset=utf-8",
        "Date": "Thu, 02 Nov 2023 20:56:12 GMT",
        "ETag": "\u002255LGLmfuol-O3K9g-pfp43s9EDqKpCmZ085Lj14VvaM\u0022",
        "Last-Modified": "Thu, 02 Nov 2023 20:56:12 GMT",
        "Strict-Transport-Security": "max-age=15724800; includeSubDomains",
        "Sync-Token": "zAJw6V16=NjoxNSM1MzMxNDMw;sn=5331430",
        "Transfer-Encoding": "chunked",
        "x-ms-correlation-request-id": "f488481a-5787-4159-bbc3-a12c7af48805",
        "x-ms-request-id": "f488481a-5787-4159-bbc3-a12c7af48805"
      },
      "ResponseBody": {
        "etag": "55LGLmfuol-O3K9g-pfp43s9EDqKpCmZ085Lj14VvaM",
        "key": "etags303",
        "label": null,
        "content_type": null,
        "value": "world",
        "tags": {},
        "locked": false,
        "last_modified": "2023-11-02T20:56:12\u002B00:00"
      }
    }
  ],
  "Variables": {
    "etags": "etags303"
  }
}
