{
  "Entries": [
    {
      "RequestUri": "https://myappconfig.azconfig.io/kv/etags935?api-version=2022-11-01-preview",
      "RequestMethod": "PUT",
      "RequestHeaders": {
        "Accept": "application/vnd.microsoft.appconfig.kv\u002Bjson, application/problem\u002Bjson",
        "Accept-Encoding": "gzip,deflate",
        "Authorization": "Sanitized",
        "Connection": "keep-alive",
        "Content-Length": "34",
        "Content-Type": "application/vnd.microsoft.appconfig.kv\u002Bjson",
        "If-None-Match": "*",
        "User-Agent": "azsdk-js-app-configuration/1.4.1 core-rest-pipeline/1.10.4 Node/v16.17.0 OS/(x64-Windows_NT-10.0.22621)",
        "x-ms-client-request-id": "71e28973-c355-47e1-a11e-adf3d1f5568c",
        "x-ms-content-sha256": "g3RCGvYIbagSnx9N7CYGFCorGAW9yIkZErID8\u002BpJ0ZI=",
        "x-ms-date": "Fri, 19 May 2023 17:47:38 GMT"
      },
      "RequestBody": {
        "key": "etags935",
        "value": "world"
      },
      "StatusCode": 200,
      "ResponseHeaders": {
        "Access-Control-Allow-Credentials": "true",
        "Access-Control-Allow-Origin": "*",
        "Access-Control-Expose-Headers": "DNT, X-CustomHeader, Keep-Alive, User-Agent, X-Requested-With, If-Modified-Since, Cache-Control, Content-Type, Authorization, x-ms-client-request-id, x-ms-useragent, x-ms-content-sha256, x-ms-date, host, Accept, Accept-Datetime, Date, If-Match, If-None-Match, Sync-Token, x-ms-return-client-request-id, ETag, Last-Modified, Link, Memento-Datetime, retry-after-ms, x-ms-request-id, x-ms-client-session-id, x-ms-effective-locale, WWW-Authenticate, traceparent, tracestate, Operation-Location, Retry-After",
        "Connection": "keep-alive",
        "Content-Type": "application/vnd.microsoft.appconfig.kv\u002Bjson; charset=utf-8",
        "Date": "Fri, 19 May 2023 17:47:38 GMT",
        "ETag": "\u0022OPxseHKDaVhqsx6lR7kdFB1F1klKGtY5_S2e9_1LqJc\u0022",
        "Last-Modified": "Fri, 19 May 2023 17:47:38 GMT",
        "Server": "openresty/1.21.4.1",
        "Strict-Transport-Security": "max-age=15724800; includeSubDomains",
        "Sync-Token": "zAJw6V16=Mjc6NSM1Mjg5OTE3;sn=5289917",
        "Transfer-Encoding": "chunked",
        "x-ms-correlation-request-id": "cb033e14-b00f-47b0-a396-30e35a4127cd",
        "x-ms-request-id": "cb033e14-b00f-47b0-a396-30e35a4127cd"
      },
      "ResponseBody": {
        "etag": "OPxseHKDaVhqsx6lR7kdFB1F1klKGtY5_S2e9_1LqJc",
        "key": "etags935",
        "label": null,
        "content_type": null,
        "value": "world",
        "tags": {},
        "locked": false,
        "last_modified": "2023-05-19T17:47:38\u002B00:00"
      }
    },
    {
      "RequestUri": "https://myappconfig.azconfig.io/kv/etags935?api-version=2022-11-01-preview",
      "RequestMethod": "PUT",
      "RequestHeaders": {
        "Accept": "application/vnd.microsoft.appconfig.kv\u002Bjson, application/problem\u002Bjson",
        "Accept-Encoding": "gzip,deflate",
        "Authorization": "Sanitized",
        "Connection": "keep-alive",
        "Content-Length": "146",
        "Content-Type": "application/vnd.microsoft.appconfig.kv\u002Bjson",
        "If-Match": "\u0022never-match-etag\u0022",
        "sync-token": "zAJw6V16=Mjc6NSM1Mjg5OTE3",
        "User-Agent": "azsdk-js-app-configuration/1.4.1 core-rest-pipeline/1.10.4 Node/v16.17.0 OS/(x64-Windows_NT-10.0.22621)",
        "x-ms-client-request-id": "a77072b5-dbfd-4449-af28-b1445b43ae3b",
        "x-ms-content-sha256": "aQ6WbOmO8L9cD9uL8/WiJkYhRsza5xZVcrZ1eYtO\u002B6g=",
        "x-ms-date": "Fri, 19 May 2023 17:47:38 GMT"
      },
      "RequestBody": {
        "key": "etags935",
        "label": null,
        "content_type": null,
        "value": "world",
        "last_modified": "2023-05-19T17:47:38.000Z",
        "tags": {},
        "etag": "never-match-etag"
      },
      "StatusCode": 412,
      "ResponseHeaders": {
        "Access-Control-Allow-Credentials": "true",
        "Access-Control-Allow-Origin": "*",
        "Access-Control-Expose-Headers": "DNT, X-CustomHeader, Keep-Alive, User-Agent, X-Requested-With, If-Modified-Since, Cache-Control, Content-Type, Authorization, x-ms-client-request-id, x-ms-useragent, x-ms-content-sha256, x-ms-date, host, Accept, Accept-Datetime, Date, If-Match, If-None-Match, Sync-Token, x-ms-return-client-request-id, ETag, Last-Modified, Link, Memento-Datetime, retry-after-ms, x-ms-request-id, x-ms-client-session-id, x-ms-effective-locale, WWW-Authenticate, traceparent, tracestate, Operation-Location, Retry-After",
        "Connection": "keep-alive",
        "Content-Length": "0",
        "Date": "Fri, 19 May 2023 17:47:38 GMT",
        "Server": "openresty/1.21.4.1",
        "Strict-Transport-Security": "max-age=15724800; includeSubDomains",
        "Sync-Token": "zAJw6V16=Mjc6NSM1Mjg5OTE3;sn=5289917",
        "x-ms-correlation-request-id": "018f5e7d-e5ae-440c-9f47-25e44df25d33",
        "x-ms-request-id": "018f5e7d-e5ae-440c-9f47-25e44df25d33"
      },
      "ResponseBody": null
    },
    {
      "RequestUri": "https://myappconfig.azconfig.io/kv?api-version=2022-11-01-preview\u0026key=etags935",
      "RequestMethod": "GET",
      "RequestHeaders": {
        "Accept": "application/vnd.microsoft.appconfig.kvset\u002Bjson, application/problem\u002Bjson",
        "Accept-Encoding": "gzip,deflate",
        "Authorization": "Sanitized",
        "Connection": "keep-alive",
        "sync-token": "zAJw6V16=Mjc6NSM1Mjg5OTE3",
        "User-Agent": "azsdk-js-app-configuration/1.4.1 core-rest-pipeline/1.10.4 Node/v16.17.0 OS/(x64-Windows_NT-10.0.22621)",
        "x-ms-client-request-id": "e45f8fe2-24bc-4a62-899d-a58c56787793",
        "x-ms-content-sha256": "47DEQpj8HBSa\u002B/TImW\u002B5JCeuQeRkm5NMpJWZG3hSuFU=",
        "x-ms-date": "Fri, 19 May 2023 17:47:38 GMT"
      },
      "RequestBody": null,
      "StatusCode": 200,
      "ResponseHeaders": {
        "Access-Control-Allow-Credentials": "true",
        "Access-Control-Allow-Origin": "*",
        "Access-Control-Expose-Headers": "DNT, X-CustomHeader, Keep-Alive, User-Agent, X-Requested-With, If-Modified-Since, Cache-Control, Content-Type, Authorization, x-ms-client-request-id, x-ms-useragent, x-ms-content-sha256, x-ms-date, host, Accept, Accept-Datetime, Date, If-Match, If-None-Match, Sync-Token, x-ms-return-client-request-id, ETag, Last-Modified, Link, Memento-Datetime, retry-after-ms, x-ms-request-id, x-ms-client-session-id, x-ms-effective-locale, WWW-Authenticate, traceparent, tracestate, Operation-Location, Retry-After",
        "Connection": "keep-alive",
        "Content-Type": "application/vnd.microsoft.appconfig.kvset\u002Bjson; charset=utf-8",
        "Date": "Fri, 19 May 2023 17:47:38 GMT",
        "Server": "openresty/1.21.4.1",
        "Strict-Transport-Security": "max-age=15724800; includeSubDomains",
        "Sync-Token": "zAJw6V16=Mjc6NSM1Mjg5OTE3;sn=5289917",
        "Transfer-Encoding": "chunked",
        "x-ms-correlation-request-id": "ba51a2ce-a10b-46f1-a114-ea077cb89fd6",
        "x-ms-request-id": "ba51a2ce-a10b-46f1-a114-ea077cb89fd6"
      },
      "ResponseBody": {
        "items": [
          {
            "etag": "OPxseHKDaVhqsx6lR7kdFB1F1klKGtY5_S2e9_1LqJc",
            "key": "etags935",
            "label": null,
            "content_type": null,
            "value": "world",
            "tags": {},
            "locked": false,
            "last_modified": "2023-05-19T17:47:38\u002B00:00"
          }
        ]
      }
    },
    {
      "RequestUri": "https://myappconfig.azconfig.io/kv/etags935?api-version=2022-11-01-preview",
      "RequestMethod": "DELETE",
      "RequestHeaders": {
        "Accept": "application/vnd.microsoft.appconfig.kv\u002Bjson, application/problem\u002Bjson",
        "Accept-Encoding": "gzip,deflate",
        "Authorization": "Sanitized",
        "Connection": "keep-alive",
        "sync-token": "zAJw6V16=Mjc6NSM1Mjg5OTE3",
        "User-Agent": "azsdk-js-app-configuration/1.4.1 core-rest-pipeline/1.10.4 Node/v16.17.0 OS/(x64-Windows_NT-10.0.22621)",
        "x-ms-client-request-id": "c2245e3b-1931-4de9-9e8a-d44ac89646ba",
        "x-ms-content-sha256": "47DEQpj8HBSa\u002B/TImW\u002B5JCeuQeRkm5NMpJWZG3hSuFU=",
        "x-ms-date": "Fri, 19 May 2023 17:47:38 GMT"
      },
      "RequestBody": null,
      "StatusCode": 200,
      "ResponseHeaders": {
        "Access-Control-Allow-Credentials": "true",
        "Access-Control-Allow-Origin": "*",
        "Access-Control-Expose-Headers": "DNT, X-CustomHeader, Keep-Alive, User-Agent, X-Requested-With, If-Modified-Since, Cache-Control, Content-Type, Authorization, x-ms-client-request-id, x-ms-useragent, x-ms-content-sha256, x-ms-date, host, Accept, Accept-Datetime, Date, If-Match, If-None-Match, Sync-Token, x-ms-return-client-request-id, ETag, Last-Modified, Link, Memento-Datetime, retry-after-ms, x-ms-request-id, x-ms-client-session-id, x-ms-effective-locale, WWW-Authenticate, traceparent, tracestate, Operation-Location, Retry-After",
        "Connection": "keep-alive",
        "Content-Type": "application/vnd.microsoft.appconfig.kv\u002Bjson; charset=utf-8",
        "Date": "Fri, 19 May 2023 17:47:38 GMT",
        "ETag": "\u0022OPxseHKDaVhqsx6lR7kdFB1F1klKGtY5_S2e9_1LqJc\u0022",
        "Last-Modified": "Fri, 19 May 2023 17:47:38 GMT",
        "Server": "openresty/1.21.4.1",
        "Strict-Transport-Security": "max-age=15724800; includeSubDomains",
        "Sync-Token": "zAJw6V16=Mjc6NSM1Mjg5OTE4;sn=5289918",
        "Transfer-Encoding": "chunked",
        "x-ms-correlation-request-id": "1e1183bd-ace8-4a58-af34-d4bdcbc80af7",
        "x-ms-request-id": "1e1183bd-ace8-4a58-af34-d4bdcbc80af7"
      },
      "ResponseBody": {
        "etag": "OPxseHKDaVhqsx6lR7kdFB1F1klKGtY5_S2e9_1LqJc",
        "key": "etags935",
        "label": null,
        "content_type": null,
        "value": "world",
        "tags": {},
        "locked": false,
        "last_modified": "2023-05-19T17:47:38\u002B00:00"
      }
    }
  ],
  "Variables": {
    "etags": "etags935"
  }
}
