{
  "Entries": [
    {
      "RequestUri": "https://REDACTED/documentintelligence/REDACTED?api-version=2024-11-30",
      "RequestMethod": "POST",
      "RequestHeaders": {
        "Accept": "application/json",
        "Authorization": "Sanitized",
        "Content-Length": "126",
        "Content-Type": "application/json",
        "Date": "Mon, 18 Nov 2024 23:25:06 GMT",
        "User-Agent": "azsdk-java-azure-ai-documentintelligence/1.0.0 (22.0.2; Windows 11; 10.0)",
        "x-ms-client-request-id": "Sanitized"
      },
      "RequestBody": {
        "modelId": "modelId01c4247d-9a70-4307-bdf9-7fa9900bb67f",
        "buildMode": "template",
        "azureBlobSource": {
          "containerUrl": "REDACTED"
        }
      },
      "StatusCode": 202,
      "ResponseHeaders": {
        "apim-request-id": "62a1f9bf-15c9-461e-b5c1-91a05add1831",
        "Content-Length": "0",
        "Date": "Mon, 18 Nov 2024 23:25:09 GMT",
        "operation-location": "https://REDACTED.cognitiveservices.azure.com/documentintelligence/operations/31434395692_62a1f9bf-15c9-461e-b5c1-91a05add1831?api-version=2024-11-30",
        "Strict-Transport-Security": "max-age=31536000; includeSubDomains; preload",
        "X-Content-Type-Options": "nosniff",
        "x-envoy-upstream-service-time": "1907",
        "x-ms-region": "North Central US"
      },
      "ResponseBody": null
    },
    {
      "RequestUri": "https://REDACTED/documentintelligence/REDACTED?api-version=2024-11-30",
      "RequestMethod": "GET",
      "RequestHeaders": {
        "Accept": "*/*",
        "Authorization": "Sanitized",
        "Content-Length": "0",
        "Date": "Mon, 18 Nov 2024 23:25:09 GMT",
        "User-Agent": "azsdk-java-azure-ai-documentintelligence/1.0.0 (22.0.2; Windows 11; 10.0)",
        "x-ms-client-request-id": "Sanitized"
      },
      "RequestBody": null,
      "StatusCode": 200,
      "ResponseHeaders": {
        "apim-request-id": "08d0e26d-843b-4b08-8d4f-6c1dae1d44cd",
        "Content-Length": "255",
        "Content-Type": "application/json",
        "Date": "Mon, 18 Nov 2024 23:25:09 GMT",
        "Strict-Transport-Security": "max-age=31536000; includeSubDomains; preload",
        "X-Content-Type-Options": "nosniff",
        "x-envoy-upstream-service-time": "8",
        "x-ms-region": "North Central US"
      },
      "ResponseBody": {
        "operationId": "31434395692_62a1f9bf-15c9-461e-b5c1-91a05add1831",
        "kind": "documentModelBuild",
        "status": "running",
        "createdDateTime": "2024-11-18T23:25:07Z",
        "lastUpdatedDateTime": "2024-11-18T23:25:09Z",
        "resourceLocation": "REDACTED",
        "apiVersion": "2024-11-30"
      }
    },
    {
      "RequestUri": "https://REDACTED/documentintelligence/REDACTED?api-version=2024-11-30",
      "RequestMethod": "GET",
      "RequestHeaders": {
        "Accept": "*/*",
        "Authorization": "Sanitized",
        "Content-Length": "0",
        "Date": "Mon, 18 Nov 2024 23:25:14 GMT",
        "User-Agent": "azsdk-java-azure-ai-documentintelligence/1.0.0 (22.0.2; Windows 11; 10.0)",
        "x-ms-client-request-id": "Sanitized"
      },
      "RequestBody": null,
      "StatusCode": 200,
      "ResponseHeaders": {
        "apim-request-id": "955cb5fb-769c-42b4-b096-147b2fe26e48",
        "Content-Length": "1409",
        "Content-Type": "application/json",
        "Date": "Mon, 18 Nov 2024 23:25:14 GMT",
        "Strict-Transport-Security": "max-age=31536000; includeSubDomains; preload",
        "X-Content-Type-Options": "nosniff",
        "x-envoy-upstream-service-time": "7",
        "x-ms-region": "North Central US"
      },
      "ResponseBody": {
        "operationId": "31434395692_62a1f9bf-15c9-461e-b5c1-91a05add1831",
        "kind": "documentModelBuild",
        "status": "succeeded",
        "createdDateTime": "2024-11-18T23:25:07Z",
        "lastUpdatedDateTime": "2024-11-18T23:25:10Z",
        "resourceLocation": "REDACTED",
        "percentCompleted": 100,
        "result": {
          "docTypes": {
            "modelId01c4247d-9a70-4307-bdf9-7fa9900bb67f": {
              "fieldSchema": {
                "Merchant": {
                  "type": "string"
                },
                "PhoneNumber": {
                  "type": "string"
                },
                "Website": {
                  "type": "string"
                },
                "Email": {
                  "type": "string"
                },
                "PurchaseOrderNumber": {
                  "type": "string"
                },
                "DatedAs": {
                  "type": "string"
                },
                "VendorName": {
                  "type": "string"
                },
                "CompanyName": {
                  "type": "string"
                },
                "CompanyAddress": {
                  "type": "string"
                },
                "CompanyPhoneNumber": {
                  "type": "string"
                },
                "Subtotal": {
                  "type": "string"
                },
                "Tax": {
                  "type": "string"
                },
                "Total": {
                  "type": "string"
                },
                "Signature": {
                  "type": "string"
                },
                "Quantity": {
                  "type": "number"
                },
                "FullSignature": {
                  "type": "signature"
                }
              },
              "buildMode": "template",
              "fieldConfidence": {
                "CompanyAddress": 0.8,
                "CompanyName": 0.995,
                "CompanyPhoneNumber": 0.995,
                "DatedAs": 0.995,
                "Email": 0.8,
                "FullSignature": 0.6,
                "Merchant": 0.995,
                "PhoneNumber": 0.995,
                "PurchaseOrderNumber": 0.995,
                "Quantity": 0.995,
                "Signature": 0.995,
                "Subtotal": 0.995,
                "Tax": 0.995,
                "Total": 0.995,
                "VendorName": 0.995,
                "Website": 0.995
              }
            }
          },
          "modelId": "modelId01c4247d-9a70-4307-bdf9-7fa9900bb67f",
          "createdDateTime": "2024-11-18T23:25:10Z",
          "modifiedDateTime": "2024-11-18T23:25:10Z",
          "expirationDateTime": "2026-11-18T23:25:10Z",
          "apiVersion": "2024-11-30"
        },
        "apiVersion": "2024-11-30"
      }
    },
    {
      "RequestUri": "https://REDACTED/documentintelligence/REDACTED?api-version=2024-11-30",
      "RequestMethod": "POST",
      "RequestHeaders": {
        "Accept": "application/json",
        "Authorization": "Sanitized",
        "Content-Length": "61",
        "Content-Type": "application/json",
        "Date": "Mon, 18 Nov 2024 23:25:14 GMT",
        "User-Agent": "azsdk-java-azure-ai-documentintelligence/1.0.0 (22.0.2; Windows 11; 10.0)",
        "x-ms-client-request-id": "Sanitized"
      },
      "RequestBody": {
        "modelId": "copyModelId954ca348-d124-46a6-9d07-0e43f8c052e2"
      },
      "StatusCode": 200,
      "ResponseHeaders": {
        "apim-request-id": "71be96f5-2abb-4b0e-bba3-5907edc98a63",
        "Content-Type": "application/json; charset=utf-8",
        "Date": "Mon, 18 Nov 2024 23:25:14 GMT",
        "Strict-Transport-Security": "max-age=31536000; includeSubDomains; preload",
        "Transfer-Encoding": "chunked",
        "X-Content-Type-Options": "nosniff",
        "x-envoy-upstream-service-time": "149",
        "x-ms-region": "North Central US"
      },
      "ResponseBody": {
        "targetResourceId": "REDACTED",
        "targetResourceRegion": "Sanitized",
        "targetModelId": "copyModelId954ca348-d124-46a6-9d07-0e43f8c052e2",
        "targetModelLocation": "REDACTED",
        "accessToken": "REDACTED",
        "expirationDateTime": "2024-11-19T00:25:15Z"
      }
    },
    {
      "RequestUri": "https://REDACTED/documentintelligence/REDACTED?api-version=2024-11-30",
      "RequestMethod": "POST",
      "RequestHeaders": {
        "Accept": "application/json",
        "Authorization": "Sanitized",
        "Content-Length": "234",
        "Content-Type": "application/json",
        "Date": "Mon, 18 Nov 2024 23:25:15 GMT",
        "User-Agent": "azsdk-java-azure-ai-documentintelligence/1.0.0 (22.0.2; Windows 11; 10.0)",
        "x-ms-client-request-id": "Sanitized"
      },
      "RequestBody": {
        "targetResourceId": "REDACTED",
        "targetResourceRegion": "Sanitized",
        "targetModelId": "copyModelId954ca348-d124-46a6-9d07-0e43f8c052e2",
        "targetModelLocation": "REDACTED",
        "accessToken": "REDACTED",
        "expirationDateTime": "2024-11-19T00:25:15Z"
      },
      "StatusCode": 429,
      "ResponseHeaders": {
        "apim-request-id": "e9a42c8b-0f20-45f0-ad61-4d73d779a8c5",
        "Content-Length": "85",
        "Content-Type": "application/json",
        "Date": "Mon, 18 Nov 2024 23:25:14 GMT",
        "policy-id": "ResourceRateLimitBy1s",
        "Retry-After": "1",
        "Strict-Transport-Security": "max-age=31536000; includeSubDomains; preload",
        "X-Content-Type-Options": "nosniff"
      },
      "ResponseBody": {
        "error": {
          "code": "429",
          "message": "Rate limit is exceeded. Try again in 1 seconds."
        }
      }
    },
    {
      "RequestUri": "https://REDACTED/documentintelligence/REDACTED?api-version=2024-11-30",
      "RequestMethod": "POST",
      "RequestHeaders": {
        "Accept": "application/json",
        "Authorization": "Sanitized",
        "Content-Length": "234",
        "Content-Type": "application/json",
        "Date": "Mon, 18 Nov 2024 23:25:16 GMT",
        "User-Agent": "azsdk-java-azure-ai-documentintelligence/1.0.0 (22.0.2; Windows 11; 10.0)",
        "x-ms-client-request-id": "Sanitized"
      },
      "RequestBody": {
        "targetResourceId": "REDACTED",
        "targetResourceRegion": "Sanitized",
        "targetModelId": "copyModelId954ca348-d124-46a6-9d07-0e43f8c052e2",
        "targetModelLocation": "REDACTED",
        "accessToken": "REDACTED",
        "expirationDateTime": "2024-11-19T00:25:15Z"
      },
      "StatusCode": 202,
      "ResponseHeaders": {
        "apim-request-id": "a5c8394e-4b26-4d5e-8e7e-45b7bc4cda16",
        "Content-Length": "0",
        "Date": "Mon, 18 Nov 2024 23:25:16 GMT",
        "Operation-Location": "https://REDACTED.cognitiveservices.azure.com/documentintelligence/operations/31434395684_a5c8394e-4b26-4d5e-8e7e-45b7bc4cda16?api-version=2024-11-30",
        "Strict-Transport-Security": "max-age=31536000; includeSubDomains; preload",
        "X-Content-Type-Options": "nosniff",
        "x-envoy-upstream-service-time": "96",
        "x-ms-region": "North Central US"
      },
      "ResponseBody": null
    },
    {
      "RequestUri": "https://REDACTED/documentintelligence/REDACTED?api-version=2024-11-30",
      "RequestMethod": "GET",
      "RequestHeaders": {
        "Accept": "*/*",
        "Authorization": "Sanitized",
        "Content-Length": "0",
        "Date": "Mon, 18 Nov 2024 23:25:16 GMT",
        "User-Agent": "azsdk-java-azure-ai-documentintelligence/1.0.0 (22.0.2; Windows 11; 10.0)",
        "x-ms-client-request-id": "Sanitized"
      },
      "RequestBody": null,
      "StatusCode": 200,
      "ResponseHeaders": {
        "apim-request-id": "22ca4a35-267e-4c17-9891-594cbc9ba716",
        "Content-Length": "259",
        "Content-Type": "application/json",
        "Date": "Mon, 18 Nov 2024 23:25:16 GMT",
        "Strict-Transport-Security": "max-age=31536000; includeSubDomains; preload",
        "X-Content-Type-Options": "nosniff",
        "x-envoy-upstream-service-time": "7",
        "x-ms-region": "North Central US"
      },
      "ResponseBody": {
        "operationId": "31434395684_a5c8394e-4b26-4d5e-8e7e-45b7bc4cda16",
        "kind": "documentModelCopyTo",
        "status": "notStarted",
        "createdDateTime": "2024-11-18T23:25:16Z",
        "lastUpdatedDateTime": "2024-11-18T23:25:16Z",
        "resourceLocation": "REDACTED",
        "apiVersion": "2024-11-30"
      }
    },
    {
      "RequestUri": "https://REDACTED/documentintelligence/REDACTED?api-version=2024-11-30",
      "RequestMethod": "GET",
      "RequestHeaders": {
        "Accept": "*/*",
        "Authorization": "Sanitized",
        "Content-Length": "0",
        "Date": "Mon, 18 Nov 2024 23:25:21 GMT",
        "User-Agent": "azsdk-java-azure-ai-documentintelligence/1.0.0 (22.0.2; Windows 11; 10.0)",
        "x-ms-client-request-id": "Sanitized"
      },
      "RequestBody": null,
      "StatusCode": 200,
      "ResponseHeaders": {
        "apim-request-id": "f5f6badd-0de3-4b74-aa0b-76c81a884618",
        "Content-Length": "1418",
        "Content-Type": "application/json",
        "Date": "Mon, 18 Nov 2024 23:25:21 GMT",
        "Strict-Transport-Security": "max-age=31536000; includeSubDomains; preload",
        "X-Content-Type-Options": "nosniff",
        "x-envoy-upstream-service-time": "7",
        "x-ms-region": "North Central US"
      },
      "ResponseBody": {
        "operationId": "31434395684_a5c8394e-4b26-4d5e-8e7e-45b7bc4cda16",
        "kind": "documentModelCopyTo",
        "status": "succeeded",
        "createdDateTime": "2024-11-18T23:25:16Z",
        "lastUpdatedDateTime": "2024-11-18T23:25:17Z",
        "resourceLocation": "REDACTED",
        "percentCompleted": 100,
        "result": {
          "docTypes": {
            "copyModelId954ca348-d124-46a6-9d07-0e43f8c052e2": {
              "fieldSchema": {
                "Merchant": {
                  "type": "string"
                },
                "PhoneNumber": {
                  "type": "string"
                },
                "Website": {
                  "type": "string"
                },
                "Email": {
                  "type": "string"
                },
                "PurchaseOrderNumber": {
                  "type": "string"
                },
                "DatedAs": {
                  "type": "string"
                },
                "VendorName": {
                  "type": "string"
                },
                "CompanyName": {
                  "type": "string"
                },
                "CompanyAddress": {
                  "type": "string"
                },
                "CompanyPhoneNumber": {
                  "type": "string"
                },
                "Subtotal": {
                  "type": "string"
                },
                "Tax": {
                  "type": "string"
                },
                "Total": {
                  "type": "string"
                },
                "Signature": {
                  "type": "string"
                },
                "Quantity": {
                  "type": "number"
                },
                "FullSignature": {
                  "type": "signature"
                }
              },
              "buildMode": "template",
              "fieldConfidence": {
                "CompanyAddress": 0.8,
                "CompanyName": 0.995,
                "CompanyPhoneNumber": 0.995,
                "DatedAs": 0.995,
                "Email": 0.8,
                "FullSignature": 0.6,
                "Merchant": 0.995,
                "PhoneNumber": 0.995,
                "PurchaseOrderNumber": 0.995,
                "Quantity": 0.995,
                "Signature": 0.995,
                "Subtotal": 0.995,
                "Tax": 0.995,
                "Total": 0.995,
                "VendorName": 0.995,
                "Website": 0.995
              }
            }
          },
          "modelId": "copyModelId954ca348-d124-46a6-9d07-0e43f8c052e2",
          "createdDateTime": "2024-11-18T23:25:17Z",
          "modifiedDateTime": "2024-11-18T23:25:10Z",
          "expirationDateTime": "2026-11-18T23:25:10Z",
          "apiVersion": "2024-11-30"
        },
        "apiVersion": "2024-11-30"
      }
    },
    {
      "RequestUri": "https://REDACTED/documentintelligence/REDACTED?api-version=2024-11-30",
      "RequestMethod": "DELETE",
      "RequestHeaders": {
        "Accept": "application/json",
        "Authorization": "Sanitized",
        "Content-Length": "0",
        "Date": "Mon, 18 Nov 2024 23:25:21 GMT",
        "User-Agent": "azsdk-java-azure-ai-documentintelligence/1.0.0 (22.0.2; Windows 11; 10.0)",
        "x-ms-client-request-id": "Sanitized"
      },
      "RequestBody": null,
      "StatusCode": 204,
      "ResponseHeaders": {
        "apim-request-id": "3e5618c5-88b9-40eb-9540-88019942106f",
        "Content-Length": "0",
        "Date": "Mon, 18 Nov 2024 23:25:21 GMT",
        "Strict-Transport-Security": "max-age=31536000; includeSubDomains; preload",
        "X-Content-Type-Options": "nosniff",
        "x-envoy-upstream-service-time": "68",
        "x-ms-region": "North Central US"
      },
      "ResponseBody": null
    },
    {
      "RequestUri": "https://REDACTED/documentintelligence/REDACTED?api-version=2024-11-30",
      "RequestMethod": "DELETE",
      "RequestHeaders": {
        "Accept": "application/json",
        "Authorization": "Sanitized",
        "Content-Length": "0",
        "Date": "Mon, 18 Nov 2024 23:25:21 GMT",
        "User-Agent": "azsdk-java-azure-ai-documentintelligence/1.0.0 (22.0.2; Windows 11; 10.0)",
        "x-ms-client-request-id": "Sanitized"
      },
      "RequestBody": null,
      "StatusCode": 204,
      "ResponseHeaders": {
        "apim-request-id": "0412c58f-5423-4ee2-802b-2e7c20946b59",
        "Content-Length": "0",
        "Date": "Mon, 18 Nov 2024 23:25:21 GMT",
        "Strict-Transport-Security": "max-age=31536000; includeSubDomains; preload",
        "X-Content-Type-Options": "nosniff",
        "x-envoy-upstream-service-time": "67",
        "x-ms-region": "North Central US"
      },
      "ResponseBody": null
    }
  ],
  "Variables": {}
}