{
  "Entries": [
    {
      "RequestUri": "https://REDACTED/documentintelligence/REDACTED?api-version=2024-07-31-preview",
      "RequestMethod": "POST",
      "RequestHeaders": {
        "Accept": "application/json",
        "Content-Length": "24",
        "Content-Type": "application/json",
        "Date": "Mon, 05 Aug 2024 18:52:53 GMT",
        "Ocp-Apim-Subscription-Key": "REDACTED",
        "User-Agent": "azsdk-java-azure-ai-documentintelligence/1.0.0-beta.4 (17.0.8.1; Windows 11; 10.0)",
        "x-ms-client-request-id": "Sanitized"
      },
      "RequestBody": {
        "urlSource": "REDACTED"
      },
      "StatusCode": 429,
      "ResponseHeaders": {
        "apim-request-id": "1a8a554b-0ef1-4d97-8cc2-ef8752612310",
        "Content-Length": "306",
        "Content-Type": "application/json",
        "Date": "Mon, 05 Aug 2024 18:52:53 GMT",
        "Retry-After": "57",
        "Strict-Transport-Security": "max-age=31536000; includeSubDomains; preload",
        "X-Content-Type-Options": "nosniff",
        "x-ms-region": "West Europe"
      },
      "ResponseBody": {
        "error": {
          "code": "429",
          "message": "Requests to the Analyze - Analyze document Operation under Azure AI Document Intelligence 2024-07-31-preview have exceeded call rate limit of your current FormRecognizer F0 pricing tier. Please retry after 57 seconds. To increase your rate limit switch to a paid tier."
        }
      }
    },
    {
      "RequestUri": "https://REDACTED/documentintelligence/REDACTED?api-version=2024-07-31-preview",
      "RequestMethod": "POST",
      "RequestHeaders": {
        "Accept": "application/json",
        "Content-Length": "24",
        "Content-Type": "application/json",
        "Date": "Mon, 05 Aug 2024 18:53:51 GMT",
        "Ocp-Apim-Subscription-Key": "REDACTED",
        "User-Agent": "azsdk-java-azure-ai-documentintelligence/1.0.0-beta.4 (17.0.8.1; Windows 11; 10.0)",
        "x-ms-client-request-id": "Sanitized"
      },
      "RequestBody": {
        "urlSource": "REDACTED"
      },
      "StatusCode": 202,
      "ResponseHeaders": {
        "apim-request-id": "b057fc9f-857a-4bf4-b864-d4e831d91082",
        "Content-Length": "0",
        "Date": "Mon, 05 Aug 2024 18:53:50 GMT",
        "Operation-Location": "https://REDACTED.cognitiveservices.azure.com/documentintelligence/documentModels/prebuilt-layout/analyzeResults/b057fc9f-857a-4bf4-b864-d4e831d91082?api-version=2024-07-31-preview",
        "Strict-Transport-Security": "max-age=31536000; includeSubDomains; preload",
        "X-Content-Type-Options": "nosniff",
        "x-envoy-upstream-service-time": "175",
        "x-ms-region": "West Europe"
      },
      "ResponseBody": null
    },
    {
      "RequestUri": "https://REDACTED/documentintelligence/REDACTED?api-version=2024-07-31-preview",
      "RequestMethod": "GET",
      "RequestHeaders": {
        "Accept": "*/*",
        "Date": "Mon, 05 Aug 2024 18:53:51 GMT",
        "Ocp-Apim-Subscription-Key": "REDACTED",
        "User-Agent": "azsdk-java-azure-ai-documentintelligence/1.0.0-beta.4 (17.0.8.1; Windows 11; 10.0)",
        "x-ms-client-request-id": "Sanitized"
      },
      "RequestBody": null,
      "StatusCode": 429,
      "ResponseHeaders": {
        "apim-request-id": "6bc7cc3d-57d0-4b17-9f3f-a9d72a7a0348",
        "Content-Length": "306",
        "Content-Type": "application/json",
        "Date": "Mon, 05 Aug 2024 18:53:50 GMT",
        "policy-id": "ResourceRateLimitBy60s",
        "Retry-After": "1",
        "Strict-Transport-Security": "max-age=31536000; includeSubDomains; preload",
        "X-Content-Type-Options": "nosniff"
      },
      "ResponseBody": {
        "error": {
          "code": "429",
          "message": "Requests to the Analyze - Get analyze result Operation under Azure AI Document Intelligence 2024-07-31-preview have exceeded call rate limit of your current FormRecognizer F0 pricing tier. Please retry after 1 second. To increase your rate limit switch to a paid tier."
        }
      }
    },
    {
      "RequestUri": "https://REDACTED/documentintelligence/REDACTED?api-version=2024-07-31-preview",
      "RequestMethod": "GET",
      "RequestHeaders": {
        "Accept": "*/*",
        "Date": "Mon, 05 Aug 2024 18:53:52 GMT",
        "Ocp-Apim-Subscription-Key": "REDACTED",
        "User-Agent": "azsdk-java-azure-ai-documentintelligence/1.0.0-beta.4 (17.0.8.1; Windows 11; 10.0)",
        "x-ms-client-request-id": "Sanitized"
      },
      "RequestBody": null,
      "StatusCode": 429,
      "ResponseHeaders": {
        "apim-request-id": "106dd9b2-1b1a-4ded-8d3b-3738c5ce8c29",
        "Content-Length": "306",
        "Content-Type": "application/json",
        "Date": "Mon, 05 Aug 2024 18:53:51 GMT",
        "policy-id": "ResourceRateLimitBy60s",
        "Retry-After": "1",
        "Strict-Transport-Security": "max-age=31536000; includeSubDomains; preload",
        "X-Content-Type-Options": "nosniff"
      },
      "ResponseBody": {
        "error": {
          "code": "429",
          "message": "Requests to the Analyze - Get analyze result Operation under Azure AI Document Intelligence 2024-07-31-preview have exceeded call rate limit of your current FormRecognizer F0 pricing tier. Please retry after 1 second. To increase your rate limit switch to a paid tier."
        }
      }
    },
    {
      "RequestUri": "https://REDACTED/documentintelligence/REDACTED?api-version=2024-07-31-preview",
      "RequestMethod": "GET",
      "RequestHeaders": {
        "Accept": "*/*",
        "Date": "Mon, 05 Aug 2024 18:53:53 GMT",
        "Ocp-Apim-Subscription-Key": "REDACTED",
        "User-Agent": "azsdk-java-azure-ai-documentintelligence/1.0.0-beta.4 (17.0.8.1; Windows 11; 10.0)",
        "x-ms-client-request-id": "Sanitized"
      },
      "RequestBody": null,
      "StatusCode": 429,
      "ResponseHeaders": {
        "apim-request-id": "9b194f12-24eb-4b83-9fa0-164f69e28f18",
        "Content-Length": "307",
        "Content-Type": "application/json",
        "Date": "Mon, 05 Aug 2024 18:53:53 GMT",
        "policy-id": "ResourceRateLimitBy60s",
        "Retry-After": "2",
        "Strict-Transport-Security": "max-age=31536000; includeSubDomains; preload",
        "X-Content-Type-Options": "nosniff"
      },
      "ResponseBody": {
        "error": {
          "code": "429",
          "message": "Requests to the Analyze - Get analyze result Operation under Azure AI Document Intelligence 2024-07-31-preview have exceeded call rate limit of your current FormRecognizer F0 pricing tier. Please retry after 2 seconds. To increase your rate limit switch to a paid tier."
        }
      }
    },
    {
      "RequestUri": "https://REDACTED/documentintelligence/REDACTED?api-version=2024-07-31-preview",
      "RequestMethod": "GET",
      "RequestHeaders": {
        "Accept": "*/*",
        "Date": "Mon, 05 Aug 2024 18:53:55 GMT",
        "Ocp-Apim-Subscription-Key": "REDACTED",
        "User-Agent": "azsdk-java-azure-ai-documentintelligence/1.0.0-beta.4 (17.0.8.1; Windows 11; 10.0)",
        "x-ms-client-request-id": "Sanitized"
      },
      "RequestBody": null,
      "StatusCode": 429,
      "ResponseHeaders": {
        "apim-request-id": "5fb9aef4-7a49-498d-8837-514ab20850d4",
        "Content-Length": "308",
        "Content-Type": "application/json",
        "Date": "Mon, 05 Aug 2024 18:53:55 GMT",
        "Retry-After": "55",
        "Strict-Transport-Security": "max-age=31536000; includeSubDomains; preload",
        "X-Content-Type-Options": "nosniff",
        "x-ms-region": "West Europe"
      },
      "ResponseBody": {
        "error": {
          "code": "429",
          "message": "Requests to the Analyze - Get analyze result Operation under Azure AI Document Intelligence 2024-07-31-preview have exceeded call rate limit of your current FormRecognizer F0 pricing tier. Please retry after 55 seconds. To increase your rate limit switch to a paid tier."
        }
      }
    }
  ],
  "Variables": {}
}
