{
  "Entries": [
    {
      "RequestUri": "https://REDACTED/documentintelligence/REDACTED?api-version=2024-02-29-preview",
      "RequestMethod": "POST",
      "RequestHeaders": {
        "Accept": "application/json",
        "Content-Length": "1580",
        "Content-Type": "application/json",
        "Date": "Mon, 04 Mar 2024 04:58:51 GMT",
        "Ocp-Apim-Subscription-Key": "REDACTED",
        "User-Agent": "azsdk-java-azure-ai-documentintelligence/1.0.0-beta.2 (11.0.20.1; Windows 11; 10.0)",
        "x-ms-client-request-id": "5192eaaf-34b9-4838-abcf-17a84ed430bc"
      },
      "RequestBody": null,
      "StatusCode": 202,
      "ResponseHeaders": {
        "apim-request-id": "68236e95-4f8c-499d-8317-2ad15110c18b",
        "Content-Length": "0",
        "Date": "Mon, 04 Mar 2024 04:58:52 GMT",
        "operation-location": "https://REDACTED/documentintelligence/operations/31456839668_68236e95-4f8c-499d-8317-2ad15110c18b?api-version=2024-02-29-preview",
        "Strict-Transport-Security": "max-age=31536000; includeSubDomains; preload",
        "X-Content-Type-Options": "nosniff",
        "x-envoy-upstream-service-time": "121",
        "x-ms-region": "East US"
      },
      "ResponseBody": null
    },
    {
      "RequestUri": "https://REDACTED/documentintelligence/REDACTED?api-version=2024-02-29-preview",
      "RequestMethod": "GET",
      "RequestHeaders": {
        "Accept": "*/*",
        "Date": "Mon, 04 Mar 2024 04:58:52 GMT",
        "Ocp-Apim-Subscription-Key": "REDACTED",
        "User-Agent": "azsdk-java-azure-ai-documentintelligence/1.0.0-beta.2 (11.0.20.1; Windows 11; 10.0)",
        "x-ms-client-request-id": "f8437b46-f534-4766-a833-d6d12be2fc4d"
      },
      "RequestBody": null,
      "StatusCode": 200,
      "ResponseHeaders": {
        "apim-request-id": "a61f77fb-8598-47c2-b743-13534ee6fdf9",
        "Content-Type": "application/json; charset=utf-8",
        "Date": "Mon, 04 Mar 2024 04:58:52 GMT",
        "Strict-Transport-Security": "max-age=31536000; includeSubDomains; preload",
        "Transfer-Encoding": "chunked",
        "X-Content-Type-Options": "nosniff",
        "x-envoy-upstream-service-time": "11",
        "x-ms-region": "East US"
      },
      "ResponseBody": {
        "operationId": "31456839668_68236e95-4f8c-499d-8317-2ad15110c18b",
        "kind": "documentClassifierBuild",
        "status": "notStarted",
        "createdDateTime": "2024-03-04T04:58:52Z",
        "lastUpdatedDateTime": "2024-03-04T04:58:52Z",
        "resourceLocation": "REDACTED",
        "apiVersion": "2024-02-29-preview"
      }
    },
    {
      "RequestUri": "https://REDACTED/documentintelligence/REDACTED?api-version=2024-02-29-preview",
      "RequestMethod": "GET",
      "RequestHeaders": {
        "Accept": "*/*",
        "Date": "Mon, 04 Mar 2024 04:58:57 GMT",
        "Ocp-Apim-Subscription-Key": "REDACTED",
        "User-Agent": "azsdk-java-azure-ai-documentintelligence/1.0.0-beta.2 (11.0.20.1; Windows 11; 10.0)",
        "x-ms-client-request-id": "01b3cdcf-e3bd-4a44-9767-98af2764d4a6"
      },
      "RequestBody": null,
      "StatusCode": 200,
      "ResponseHeaders": {
        "apim-request-id": "d908ad75-edcf-4297-b751-f53414150be4",
        "Content-Type": "application/json; charset=utf-8",
        "Date": "Mon, 04 Mar 2024 04:58:57 GMT",
        "Strict-Transport-Security": "max-age=31536000; includeSubDomains; preload",
        "Transfer-Encoding": "chunked",
        "X-Content-Type-Options": "nosniff",
        "x-envoy-upstream-service-time": "16",
        "x-ms-region": "East US"
      },
      "ResponseBody": {
        "operationId": "31456839668_68236e95-4f8c-499d-8317-2ad15110c18b",
        "kind": "documentClassifierBuild",
        "status": "notStarted",
        "createdDateTime": "2024-03-04T04:58:52Z",
        "lastUpdatedDateTime": "2024-03-04T04:58:52Z",
        "resourceLocation": "REDACTED",
        "apiVersion": "2024-02-29-preview"
      }
    },
    {
      "RequestUri": "https://REDACTED/documentintelligence/REDACTED?api-version=2024-02-29-preview",
      "RequestMethod": "GET",
      "RequestHeaders": {
        "Accept": "*/*",
        "Date": "Mon, 04 Mar 2024 04:59:02 GMT",
        "Ocp-Apim-Subscription-Key": "REDACTED",
        "User-Agent": "azsdk-java-azure-ai-documentintelligence/1.0.0-beta.2 (11.0.20.1; Windows 11; 10.0)",
        "x-ms-client-request-id": "e36b9f08-b2fe-4d38-a87d-6c29868e0ae9"
      },
      "RequestBody": null,
      "StatusCode": 200,
      "ResponseHeaders": {
        "apim-request-id": "712279b1-4fa6-4240-bfcb-023e2297890b",
        "Content-Type": "application/json; charset=utf-8",
        "Date": "Mon, 04 Mar 2024 04:59:02 GMT",
        "Strict-Transport-Security": "max-age=31536000; includeSubDomains; preload",
        "Transfer-Encoding": "chunked",
        "X-Content-Type-Options": "nosniff",
        "x-envoy-upstream-service-time": "10",
        "x-ms-region": "East US"
      },
      "ResponseBody": {
        "operationId": "31456839668_68236e95-4f8c-499d-8317-2ad15110c18b",
        "kind": "documentClassifierBuild",
        "status": "notStarted",
        "createdDateTime": "2024-03-04T04:58:52Z",
        "lastUpdatedDateTime": "2024-03-04T04:58:52Z",
        "resourceLocation": "REDACTED",
        "apiVersion": "2024-02-29-preview"
      }
    },
    {
      "RequestUri": "https://REDACTED/documentintelligence/REDACTED?api-version=2024-02-29-preview",
      "RequestMethod": "GET",
      "RequestHeaders": {
        "Accept": "*/*",
        "Date": "Mon, 04 Mar 2024 04:59:07 GMT",
        "Ocp-Apim-Subscription-Key": "REDACTED",
        "User-Agent": "azsdk-java-azure-ai-documentintelligence/1.0.0-beta.2 (11.0.20.1; Windows 11; 10.0)",
        "x-ms-client-request-id": "1b105d73-d394-4430-9e88-5f0f6bc2b8a3"
      },
      "RequestBody": null,
      "StatusCode": 200,
      "ResponseHeaders": {
        "apim-request-id": "29d506fa-b94d-4fc3-a359-8baa3ca1a0ad",
        "Content-Type": "application/json; charset=utf-8",
        "Date": "Mon, 04 Mar 2024 04:59:07 GMT",
        "Strict-Transport-Security": "max-age=31536000; includeSubDomains; preload",
        "Transfer-Encoding": "chunked",
        "X-Content-Type-Options": "nosniff",
        "x-envoy-upstream-service-time": "6",
        "x-ms-region": "East US"
      },
      "ResponseBody": {
        "operationId": "31456839668_68236e95-4f8c-499d-8317-2ad15110c18b",
        "kind": "documentClassifierBuild",
        "status": "running",
        "createdDateTime": "2024-03-04T04:58:52Z",
        "lastUpdatedDateTime": "2024-03-04T04:59:02Z",
        "resourceLocation": "REDACTED",
        "apiVersion": "2024-02-29-preview"
      }
    },
    {
      "RequestUri": "https://REDACTED/documentintelligence/REDACTED?api-version=2024-02-29-preview",
      "RequestMethod": "GET",
      "RequestHeaders": {
        "Accept": "*/*",
        "Date": "Mon, 04 Mar 2024 04:59:12 GMT",
        "Ocp-Apim-Subscription-Key": "REDACTED",
        "User-Agent": "azsdk-java-azure-ai-documentintelligence/1.0.0-beta.2 (11.0.20.1; Windows 11; 10.0)",
        "x-ms-client-request-id": "91e8a54c-e3bd-4bb8-88c9-52143304d815"
      },
      "RequestBody": null,
      "StatusCode": 200,
      "ResponseHeaders": {
        "apim-request-id": "56d454b2-889e-4763-bd59-5d33fd2a00db",
        "Content-Type": "application/json; charset=utf-8",
        "Date": "Mon, 04 Mar 2024 04:59:12 GMT",
        "Strict-Transport-Security": "max-age=31536000; includeSubDomains; preload",
        "Transfer-Encoding": "chunked",
        "X-Content-Type-Options": "nosniff",
        "x-envoy-upstream-service-time": "15",
        "x-ms-region": "East US"
      },
      "ResponseBody": {
        "operationId": "31456839668_68236e95-4f8c-499d-8317-2ad15110c18b",
        "kind": "documentClassifierBuild",
        "status": "running",
        "createdDateTime": "2024-03-04T04:58:52Z",
        "lastUpdatedDateTime": "2024-03-04T04:59:02Z",
        "resourceLocation": "REDACTED",
        "apiVersion": "2024-02-29-preview"
      }
    },
    {
      "RequestUri": "https://REDACTED/documentintelligence/REDACTED?api-version=2024-02-29-preview",
      "RequestMethod": "GET",
      "RequestHeaders": {
        "Accept": "*/*",
        "Date": "Mon, 04 Mar 2024 04:59:17 GMT",
        "Ocp-Apim-Subscription-Key": "REDACTED",
        "User-Agent": "azsdk-java-azure-ai-documentintelligence/1.0.0-beta.2 (11.0.20.1; Windows 11; 10.0)",
        "x-ms-client-request-id": "6088c42e-3202-4b6e-bf22-c4f13b855421"
      },
      "RequestBody": null,
      "StatusCode": 200,
      "ResponseHeaders": {
        "apim-request-id": "238a087a-2dd9-47de-8957-6989679a111d",
        "Content-Type": "application/json; charset=utf-8",
        "Date": "Mon, 04 Mar 2024 04:59:17 GMT",
        "Strict-Transport-Security": "max-age=31536000; includeSubDomains; preload",
        "Transfer-Encoding": "chunked",
        "X-Content-Type-Options": "nosniff",
        "x-envoy-upstream-service-time": "12",
        "x-ms-region": "East US"
      },
      "ResponseBody": {
        "operationId": "31456839668_68236e95-4f8c-499d-8317-2ad15110c18b",
        "kind": "documentClassifierBuild",
        "status": "running",
        "createdDateTime": "2024-03-04T04:58:52Z",
        "lastUpdatedDateTime": "2024-03-04T04:59:02Z",
        "resourceLocation": "REDACTED",
        "apiVersion": "2024-02-29-preview"
      }
    },
    {
      "RequestUri": "https://REDACTED/documentintelligence/REDACTED?api-version=2024-02-29-preview",
      "RequestMethod": "GET",
      "RequestHeaders": {
        "Accept": "*/*",
        "Date": "Mon, 04 Mar 2024 04:59:22 GMT",
        "Ocp-Apim-Subscription-Key": "REDACTED",
        "User-Agent": "azsdk-java-azure-ai-documentintelligence/1.0.0-beta.2 (11.0.20.1; Windows 11; 10.0)",
        "x-ms-client-request-id": "82fbc9a5-b81d-4945-8cac-3c5260b3e7d4"
      },
      "RequestBody": null,
      "StatusCode": 200,
      "ResponseHeaders": {
        "apim-request-id": "527789f7-6254-4400-9d92-e3bd03945e3e",
        "Content-Type": "application/json; charset=utf-8",
        "Date": "Mon, 04 Mar 2024 04:59:22 GMT",
        "Strict-Transport-Security": "max-age=31536000; includeSubDomains; preload",
        "Transfer-Encoding": "chunked",
        "X-Content-Type-Options": "nosniff",
        "x-envoy-upstream-service-time": "5",
        "x-ms-region": "East US"
      },
      "ResponseBody": {
        "operationId": "31456839668_68236e95-4f8c-499d-8317-2ad15110c18b",
        "kind": "documentClassifierBuild",
        "status": "running",
        "createdDateTime": "2024-03-04T04:58:52Z",
        "lastUpdatedDateTime": "2024-03-04T04:59:02Z",
        "resourceLocation": "REDACTED",
        "apiVersion": "2024-02-29-preview"
      }
    },
    {
      "RequestUri": "https://REDACTED/documentintelligence/REDACTED?api-version=2024-02-29-preview",
      "RequestMethod": "GET",
      "RequestHeaders": {
        "Accept": "*/*",
        "Date": "Mon, 04 Mar 2024 04:59:27 GMT",
        "Ocp-Apim-Subscription-Key": "REDACTED",
        "User-Agent": "azsdk-java-azure-ai-documentintelligence/1.0.0-beta.2 (11.0.20.1; Windows 11; 10.0)",
        "x-ms-client-request-id": "29e2bdf1-a3aa-4632-b95e-39b7ef586187"
      },
      "RequestBody": null,
      "StatusCode": 200,
      "ResponseHeaders": {
        "apim-request-id": "3943a0f9-c55e-4668-aee6-0f8a6e5aead0",
        "Content-Type": "application/json; charset=utf-8",
        "Date": "Mon, 04 Mar 2024 04:59:27 GMT",
        "Strict-Transport-Security": "max-age=31536000; includeSubDomains; preload",
        "Transfer-Encoding": "chunked",
        "X-Content-Type-Options": "nosniff",
        "x-envoy-upstream-service-time": "7",
        "x-ms-region": "East US"
      },
      "ResponseBody": {
        "operationId": "31456839668_68236e95-4f8c-499d-8317-2ad15110c18b",
        "kind": "documentClassifierBuild",
        "status": "running",
        "createdDateTime": "2024-03-04T04:58:52Z",
        "lastUpdatedDateTime": "2024-03-04T04:59:02Z",
        "resourceLocation": "REDACTED",
        "apiVersion": "2024-02-29-preview"
      }
    },
    {
      "RequestUri": "https://REDACTED/documentintelligence/REDACTED?api-version=2024-02-29-preview",
      "RequestMethod": "GET",
      "RequestHeaders": {
        "Accept": "*/*",
        "Date": "Mon, 04 Mar 2024 04:59:33 GMT",
        "Ocp-Apim-Subscription-Key": "REDACTED",
        "User-Agent": "azsdk-java-azure-ai-documentintelligence/1.0.0-beta.2 (11.0.20.1; Windows 11; 10.0)",
        "x-ms-client-request-id": "0a9ab9ea-023e-41d5-93ad-a685cf800490"
      },
      "RequestBody": null,
      "StatusCode": 200,
      "ResponseHeaders": {
        "apim-request-id": "e55d001d-174a-44cf-860b-24876247ddb5",
        "Content-Type": "application/json; charset=utf-8",
        "Date": "Mon, 04 Mar 2024 04:59:32 GMT",
        "Strict-Transport-Security": "max-age=31536000; includeSubDomains; preload",
        "Transfer-Encoding": "chunked",
        "X-Content-Type-Options": "nosniff",
        "x-envoy-upstream-service-time": "11",
        "x-ms-region": "East US"
      },
      "ResponseBody": {
        "operationId": "31456839668_68236e95-4f8c-499d-8317-2ad15110c18b",
        "kind": "documentClassifierBuild",
        "status": "running",
        "createdDateTime": "2024-03-04T04:58:52Z",
        "lastUpdatedDateTime": "2024-03-04T04:59:02Z",
        "resourceLocation": "REDACTED",
        "apiVersion": "2024-02-29-preview"
      }
    },
    {
      "RequestUri": "https://REDACTED/documentintelligence/REDACTED?api-version=2024-02-29-preview",
      "RequestMethod": "GET",
      "RequestHeaders": {
        "Accept": "*/*",
        "Date": "Mon, 04 Mar 2024 04:59:38 GMT",
        "Ocp-Apim-Subscription-Key": "REDACTED",
        "User-Agent": "azsdk-java-azure-ai-documentintelligence/1.0.0-beta.2 (11.0.20.1; Windows 11; 10.0)",
        "x-ms-client-request-id": "64893a3e-3af9-4b08-b465-9d5f57c753e0"
      },
      "RequestBody": null,
      "StatusCode": 200,
      "ResponseHeaders": {
        "apim-request-id": "d778c748-6d7f-4a68-a503-7f90fec6751d",
        "Content-Type": "application/json; charset=utf-8",
        "Date": "Mon, 04 Mar 2024 04:59:37 GMT",
        "Strict-Transport-Security": "max-age=31536000; includeSubDomains; preload",
        "Transfer-Encoding": "chunked",
        "X-Content-Type-Options": "nosniff",
        "x-envoy-upstream-service-time": "15",
        "x-ms-region": "East US"
      },
      "ResponseBody": {
        "operationId": "31456839668_68236e95-4f8c-499d-8317-2ad15110c18b",
        "kind": "documentClassifierBuild",
        "status": "running",
        "createdDateTime": "2024-03-04T04:58:52Z",
        "lastUpdatedDateTime": "2024-03-04T04:59:02Z",
        "resourceLocation": "REDACTED",
        "apiVersion": "2024-02-29-preview"
      }
    },
    {
      "RequestUri": "https://REDACTED/documentintelligence/REDACTED?api-version=2024-02-29-preview",
      "RequestMethod": "GET",
      "RequestHeaders": {
        "Accept": "*/*",
        "Date": "Mon, 04 Mar 2024 04:59:43 GMT",
        "Ocp-Apim-Subscription-Key": "REDACTED",
        "User-Agent": "azsdk-java-azure-ai-documentintelligence/1.0.0-beta.2 (11.0.20.1; Windows 11; 10.0)",
        "x-ms-client-request-id": "9e8ccaf8-e681-413f-8d96-3bb9df5e833b"
      },
      "RequestBody": null,
      "StatusCode": 200,
      "ResponseHeaders": {
        "apim-request-id": "f181ef07-a1a9-4fe2-b760-8438b2dad08e",
        "Content-Type": "application/json; charset=utf-8",
        "Date": "Mon, 04 Mar 2024 04:59:42 GMT",
        "Strict-Transport-Security": "max-age=31536000; includeSubDomains; preload",
        "Transfer-Encoding": "chunked",
        "X-Content-Type-Options": "nosniff",
        "x-envoy-upstream-service-time": "9",
        "x-ms-region": "East US"
      },
      "ResponseBody": {
        "operationId": "31456839668_68236e95-4f8c-499d-8317-2ad15110c18b",
        "kind": "documentClassifierBuild",
        "status": "running",
        "createdDateTime": "2024-03-04T04:58:52Z",
        "lastUpdatedDateTime": "2024-03-04T04:59:02Z",
        "resourceLocation": "REDACTED",
        "apiVersion": "2024-02-29-preview"
      }
    },
    {
      "RequestUri": "https://REDACTED/documentintelligence/REDACTED?api-version=2024-02-29-preview",
      "RequestMethod": "GET",
      "RequestHeaders": {
        "Accept": "*/*",
        "Date": "Mon, 04 Mar 2024 04:59:48 GMT",
        "Ocp-Apim-Subscription-Key": "REDACTED",
        "User-Agent": "azsdk-java-azure-ai-documentintelligence/1.0.0-beta.2 (11.0.20.1; Windows 11; 10.0)",
        "x-ms-client-request-id": "b60b6b69-9ad7-41da-b5ac-225751265c2a"
      },
      "RequestBody": null,
      "StatusCode": 200,
      "ResponseHeaders": {
        "apim-request-id": "46ba5b21-ef0e-46d8-a7e9-816c9085c193",
        "Content-Type": "application/json; charset=utf-8",
        "Date": "Mon, 04 Mar 2024 04:59:47 GMT",
        "Strict-Transport-Security": "max-age=31536000; includeSubDomains; preload",
        "Transfer-Encoding": "chunked",
        "X-Content-Type-Options": "nosniff",
        "x-envoy-upstream-service-time": "10",
        "x-ms-region": "East US"
      },
      "ResponseBody": {
        "operationId": "31456839668_68236e95-4f8c-499d-8317-2ad15110c18b",
        "kind": "documentClassifierBuild",
        "status": "running",
        "createdDateTime": "2024-03-04T04:58:52Z",
        "lastUpdatedDateTime": "2024-03-04T04:59:02Z",
        "resourceLocation": "REDACTED",
        "apiVersion": "2024-02-29-preview"
      }
    },
    {
      "RequestUri": "https://REDACTED/documentintelligence/REDACTED?api-version=2024-02-29-preview",
      "RequestMethod": "GET",
      "RequestHeaders": {
        "Accept": "*/*",
        "Date": "Mon, 04 Mar 2024 04:59:53 GMT",
        "Ocp-Apim-Subscription-Key": "REDACTED",
        "User-Agent": "azsdk-java-azure-ai-documentintelligence/1.0.0-beta.2 (11.0.20.1; Windows 11; 10.0)",
        "x-ms-client-request-id": "1a3102ab-0829-447b-b9d4-2aa3634f522d"
      },
      "RequestBody": null,
      "StatusCode": 200,
      "ResponseHeaders": {
        "apim-request-id": "93049a62-5e3f-4331-a449-a9933e1d82c9",
        "Content-Type": "application/json; charset=utf-8",
        "Date": "Mon, 04 Mar 2024 04:59:52 GMT",
        "Strict-Transport-Security": "max-age=31536000; includeSubDomains; preload",
        "Transfer-Encoding": "chunked",
        "X-Content-Type-Options": "nosniff",
        "x-envoy-upstream-service-time": "9",
        "x-ms-region": "East US"
      },
      "ResponseBody": {
        "operationId": "31456839668_68236e95-4f8c-499d-8317-2ad15110c18b",
        "kind": "documentClassifierBuild",
        "status": "running",
        "createdDateTime": "2024-03-04T04:58:52Z",
        "lastUpdatedDateTime": "2024-03-04T04:59:02Z",
        "resourceLocation": "REDACTED",
        "apiVersion": "2024-02-29-preview"
      }
    },
    {
      "RequestUri": "https://REDACTED/documentintelligence/REDACTED?api-version=2024-02-29-preview",
      "RequestMethod": "GET",
      "RequestHeaders": {
        "Accept": "*/*",
        "Date": "Mon, 04 Mar 2024 04:59:58 GMT",
        "Ocp-Apim-Subscription-Key": "REDACTED",
        "User-Agent": "azsdk-java-azure-ai-documentintelligence/1.0.0-beta.2 (11.0.20.1; Windows 11; 10.0)",
        "x-ms-client-request-id": "26ac5533-644c-40ab-a2a7-1db67b82b81a"
      },
      "RequestBody": null,
      "StatusCode": 200,
      "ResponseHeaders": {
        "apim-request-id": "a39ccb23-2f16-4f86-ba8f-0f29f8c5228c",
        "Content-Type": "application/json; charset=utf-8",
        "Date": "Mon, 04 Mar 2024 04:59:57 GMT",
        "Strict-Transport-Security": "max-age=31536000; includeSubDomains; preload",
        "Transfer-Encoding": "chunked",
        "X-Content-Type-Options": "nosniff",
        "x-envoy-upstream-service-time": "6",
        "x-ms-region": "East US"
      },
      "ResponseBody": {
        "operationId": "31456839668_68236e95-4f8c-499d-8317-2ad15110c18b",
        "kind": "documentClassifierBuild",
        "status": "running",
        "createdDateTime": "2024-03-04T04:58:52Z",
        "lastUpdatedDateTime": "2024-03-04T04:59:02Z",
        "resourceLocation": "REDACTED",
        "apiVersion": "2024-02-29-preview"
      }
    },
    {
      "RequestUri": "https://REDACTED/documentintelligence/REDACTED?api-version=2024-02-29-preview",
      "RequestMethod": "GET",
      "RequestHeaders": {
        "Accept": "*/*",
        "Date": "Mon, 04 Mar 2024 05:00:03 GMT",
        "Ocp-Apim-Subscription-Key": "REDACTED",
        "User-Agent": "azsdk-java-azure-ai-documentintelligence/1.0.0-beta.2 (11.0.20.1; Windows 11; 10.0)",
        "x-ms-client-request-id": "136bbeef-aea7-4abd-8da7-e914348a55ed"
      },
      "RequestBody": null,
      "StatusCode": 200,
      "ResponseHeaders": {
        "apim-request-id": "e8486f74-dd15-44b8-9679-13f1a35d7d2a",
        "Content-Type": "application/json; charset=utf-8",
        "Date": "Mon, 04 Mar 2024 05:00:03 GMT",
        "Strict-Transport-Security": "max-age=31536000; includeSubDomains; preload",
        "Transfer-Encoding": "chunked",
        "X-Content-Type-Options": "nosniff",
        "x-envoy-upstream-service-time": "14",
        "x-ms-region": "East US"
      },
      "ResponseBody": {
        "operationId": "31456839668_68236e95-4f8c-499d-8317-2ad15110c18b",
        "kind": "documentClassifierBuild",
        "status": "running",
        "createdDateTime": "2024-03-04T04:58:52Z",
        "lastUpdatedDateTime": "2024-03-04T04:59:02Z",
        "resourceLocation": "REDACTED",
        "apiVersion": "2024-02-29-preview"
      }
    },
    {
      "RequestUri": "https://REDACTED/documentintelligence/REDACTED?api-version=2024-02-29-preview",
      "RequestMethod": "GET",
      "RequestHeaders": {
        "Accept": "*/*",
        "Date": "Mon, 04 Mar 2024 05:00:08 GMT",
        "Ocp-Apim-Subscription-Key": "REDACTED",
        "User-Agent": "azsdk-java-azure-ai-documentintelligence/1.0.0-beta.2 (11.0.20.1; Windows 11; 10.0)",
        "x-ms-client-request-id": "dcc74c1d-484a-4954-b3b0-7aa6641d24c4"
      },
      "RequestBody": null,
      "StatusCode": 200,
      "ResponseHeaders": {
        "apim-request-id": "d7c321b5-d1af-49b1-99d3-fe28411dfbec",
        "Content-Type": "application/json; charset=utf-8",
        "Date": "Mon, 04 Mar 2024 05:00:08 GMT",
        "Strict-Transport-Security": "max-age=31536000; includeSubDomains; preload",
        "Transfer-Encoding": "chunked",
        "X-Content-Type-Options": "nosniff",
        "x-envoy-upstream-service-time": "13",
        "x-ms-region": "East US"
      },
      "ResponseBody": {
        "operationId": "31456839668_68236e95-4f8c-499d-8317-2ad15110c18b",
        "kind": "documentClassifierBuild",
        "status": "running",
        "createdDateTime": "2024-03-04T04:58:52Z",
        "lastUpdatedDateTime": "2024-03-04T04:59:02Z",
        "resourceLocation": "REDACTED",
        "apiVersion": "2024-02-29-preview"
      }
    },
    {
      "RequestUri": "https://REDACTED/documentintelligence/REDACTED?api-version=2024-02-29-preview",
      "RequestMethod": "GET",
      "RequestHeaders": {
        "Accept": "*/*",
        "Date": "Mon, 04 Mar 2024 05:00:13 GMT",
        "Ocp-Apim-Subscription-Key": "REDACTED",
        "User-Agent": "azsdk-java-azure-ai-documentintelligence/1.0.0-beta.2 (11.0.20.1; Windows 11; 10.0)",
        "x-ms-client-request-id": "e94a07f1-05d5-4fe7-98a6-14363c2206ad"
      },
      "RequestBody": null,
      "StatusCode": 200,
      "ResponseHeaders": {
        "apim-request-id": "4852e160-dd2c-4ccd-9785-dd4ba60788aa",
        "Content-Type": "application/json; charset=utf-8",
        "Date": "Mon, 04 Mar 2024 05:00:13 GMT",
        "Strict-Transport-Security": "max-age=31536000; includeSubDomains; preload",
        "Transfer-Encoding": "chunked",
        "X-Content-Type-Options": "nosniff",
        "x-envoy-upstream-service-time": "11",
        "x-ms-region": "East US"
      },
      "ResponseBody": {
        "operationId": "31456839668_68236e95-4f8c-499d-8317-2ad15110c18b",
        "kind": "documentClassifierBuild",
        "status": "running",
        "createdDateTime": "2024-03-04T04:58:52Z",
        "lastUpdatedDateTime": "2024-03-04T04:59:02Z",
        "resourceLocation": "REDACTED",
        "apiVersion": "2024-02-29-preview"
      }
    },
    {
      "RequestUri": "https://REDACTED/documentintelligence/REDACTED?api-version=2024-02-29-preview",
      "RequestMethod": "GET",
      "RequestHeaders": {
        "Accept": "*/*",
        "Date": "Mon, 04 Mar 2024 05:00:18 GMT",
        "Ocp-Apim-Subscription-Key": "REDACTED",
        "User-Agent": "azsdk-java-azure-ai-documentintelligence/1.0.0-beta.2 (11.0.20.1; Windows 11; 10.0)",
        "x-ms-client-request-id": "db710471-9c64-4916-8c1f-293967d33522"
      },
      "RequestBody": null,
      "StatusCode": 200,
      "ResponseHeaders": {
        "apim-request-id": "0e06e7c8-ae22-49cc-b645-934102d4b997",
        "Content-Type": "application/json; charset=utf-8",
        "Date": "Mon, 04 Mar 2024 05:00:18 GMT",
        "Strict-Transport-Security": "max-age=31536000; includeSubDomains; preload",
        "Transfer-Encoding": "chunked",
        "X-Content-Type-Options": "nosniff",
        "x-envoy-upstream-service-time": "7",
        "x-ms-region": "East US"
      },
      "ResponseBody": {
        "operationId": "31456839668_68236e95-4f8c-499d-8317-2ad15110c18b",
        "kind": "documentClassifierBuild",
        "status": "running",
        "createdDateTime": "2024-03-04T04:58:52Z",
        "lastUpdatedDateTime": "2024-03-04T04:59:02Z",
        "resourceLocation": "REDACTED",
        "apiVersion": "2024-02-29-preview"
      }
    },
    {
      "RequestUri": "https://REDACTED/documentintelligence/REDACTED?api-version=2024-02-29-preview",
      "RequestMethod": "GET",
      "RequestHeaders": {
        "Accept": "*/*",
        "Date": "Mon, 04 Mar 2024 05:00:23 GMT",
        "Ocp-Apim-Subscription-Key": "REDACTED",
        "User-Agent": "azsdk-java-azure-ai-documentintelligence/1.0.0-beta.2 (11.0.20.1; Windows 11; 10.0)",
        "x-ms-client-request-id": "3cd7ea11-c937-437c-9a20-bcc8d040b438"
      },
      "RequestBody": null,
      "StatusCode": 200,
      "ResponseHeaders": {
        "apim-request-id": "8485f3d4-dac6-4d46-8ead-29ad3769bcba",
        "Content-Type": "application/json; charset=utf-8",
        "Date": "Mon, 04 Mar 2024 05:00:23 GMT",
        "Strict-Transport-Security": "max-age=31536000; includeSubDomains; preload",
        "Transfer-Encoding": "chunked",
        "X-Content-Type-Options": "nosniff",
        "x-envoy-upstream-service-time": "14",
        "x-ms-region": "East US"
      },
      "ResponseBody": {
        "operationId": "31456839668_68236e95-4f8c-499d-8317-2ad15110c18b",
        "kind": "documentClassifierBuild",
        "status": "running",
        "createdDateTime": "2024-03-04T04:58:52Z",
        "lastUpdatedDateTime": "2024-03-04T04:59:02Z",
        "resourceLocation": "REDACTED",
        "apiVersion": "2024-02-29-preview"
      }
    },
    {
      "RequestUri": "https://REDACTED/documentintelligence/REDACTED?api-version=2024-02-29-preview",
      "RequestMethod": "GET",
      "RequestHeaders": {
        "Accept": "*/*",
        "Date": "Mon, 04 Mar 2024 05:00:29 GMT",
        "Ocp-Apim-Subscription-Key": "REDACTED",
        "User-Agent": "azsdk-java-azure-ai-documentintelligence/1.0.0-beta.2 (11.0.20.1; Windows 11; 10.0)",
        "x-ms-client-request-id": "27b71171-e955-45a6-b6a7-d01941ff692d"
      },
      "RequestBody": null,
      "StatusCode": 200,
      "ResponseHeaders": {
        "apim-request-id": "82b94429-b7d3-4c6f-8cf4-1dba0cb7ad88",
        "Content-Type": "application/json; charset=utf-8",
        "Date": "Mon, 04 Mar 2024 05:00:28 GMT",
        "Strict-Transport-Security": "max-age=31536000; includeSubDomains; preload",
        "Transfer-Encoding": "chunked",
        "X-Content-Type-Options": "nosniff",
        "x-envoy-upstream-service-time": "6",
        "x-ms-region": "East US"
      },
      "ResponseBody": {
        "operationId": "31456839668_68236e95-4f8c-499d-8317-2ad15110c18b",
        "kind": "documentClassifierBuild",
        "status": "running",
        "createdDateTime": "2024-03-04T04:58:52Z",
        "lastUpdatedDateTime": "2024-03-04T04:59:02Z",
        "resourceLocation": "REDACTED",
        "apiVersion": "2024-02-29-preview"
      }
    },
    {
      "RequestUri": "https://REDACTED/documentintelligence/REDACTED?api-version=2024-02-29-preview",
      "RequestMethod": "GET",
      "RequestHeaders": {
        "Accept": "*/*",
        "Date": "Mon, 04 Mar 2024 05:00:34 GMT",
        "Ocp-Apim-Subscription-Key": "REDACTED",
        "User-Agent": "azsdk-java-azure-ai-documentintelligence/1.0.0-beta.2 (11.0.20.1; Windows 11; 10.0)",
        "x-ms-client-request-id": "67ed67ad-112b-4ece-951e-772e32bc4370"
      },
      "RequestBody": null,
      "StatusCode": 200,
      "ResponseHeaders": {
        "apim-request-id": "7c9de162-ae94-437f-ae37-6a8cd3eb3eb8",
        "Content-Type": "application/json; charset=utf-8",
        "Date": "Mon, 04 Mar 2024 05:00:33 GMT",
        "Strict-Transport-Security": "max-age=31536000; includeSubDomains; preload",
        "Transfer-Encoding": "chunked",
        "X-Content-Type-Options": "nosniff",
        "x-envoy-upstream-service-time": "8",
        "x-ms-region": "East US"
      },
      "ResponseBody": {
        "operationId": "31456839668_68236e95-4f8c-499d-8317-2ad15110c18b",
        "kind": "documentClassifierBuild",
        "status": "running",
        "createdDateTime": "2024-03-04T04:58:52Z",
        "lastUpdatedDateTime": "2024-03-04T04:59:02Z",
        "resourceLocation": "REDACTED",
        "apiVersion": "2024-02-29-preview"
      }
    },
    {
      "RequestUri": "https://REDACTED/documentintelligence/REDACTED?api-version=2024-02-29-preview",
      "RequestMethod": "GET",
      "RequestHeaders": {
        "Accept": "*/*",
        "Date": "Mon, 04 Mar 2024 05:00:39 GMT",
        "Ocp-Apim-Subscription-Key": "REDACTED",
        "User-Agent": "azsdk-java-azure-ai-documentintelligence/1.0.0-beta.2 (11.0.20.1; Windows 11; 10.0)",
        "x-ms-client-request-id": "3bdbe712-eec2-4077-a656-a7fa44a5d7eb"
      },
      "RequestBody": null,
      "StatusCode": 200,
      "ResponseHeaders": {
        "apim-request-id": "3eb28032-a59b-4c4b-a66f-c4fabd5f2bc4",
        "Content-Type": "application/json; charset=utf-8",
        "Date": "Mon, 04 Mar 2024 05:00:39 GMT",
        "Strict-Transport-Security": "max-age=31536000; includeSubDomains; preload",
        "Transfer-Encoding": "chunked",
        "X-Content-Type-Options": "nosniff",
        "x-envoy-upstream-service-time": "6",
        "x-ms-region": "East US"
      },
      "ResponseBody": {
        "operationId": "31456839668_68236e95-4f8c-499d-8317-2ad15110c18b",
        "kind": "documentClassifierBuild",
        "status": "running",
        "createdDateTime": "2024-03-04T04:58:52Z",
        "lastUpdatedDateTime": "2024-03-04T04:59:02Z",
        "resourceLocation": "REDACTED",
        "apiVersion": "2024-02-29-preview"
      }
    },
    {
      "RequestUri": "https://REDACTED/documentintelligence/REDACTED?api-version=2024-02-29-preview",
      "RequestMethod": "GET",
      "RequestHeaders": {
        "Accept": "*/*",
        "Date": "Mon, 04 Mar 2024 05:00:44 GMT",
        "Ocp-Apim-Subscription-Key": "REDACTED",
        "User-Agent": "azsdk-java-azure-ai-documentintelligence/1.0.0-beta.2 (11.0.20.1; Windows 11; 10.0)",
        "x-ms-client-request-id": "fa98ef21-431d-4298-b8ed-41b83b7657cc"
      },
      "RequestBody": null,
      "StatusCode": 200,
      "ResponseHeaders": {
        "apim-request-id": "249c6911-fb69-4abf-8e70-eb50da83142b",
        "Content-Type": "application/json; charset=utf-8",
        "Date": "Mon, 04 Mar 2024 05:00:44 GMT",
        "Strict-Transport-Security": "max-age=31536000; includeSubDomains; preload",
        "Transfer-Encoding": "chunked",
        "X-Content-Type-Options": "nosniff",
        "x-envoy-upstream-service-time": "8",
        "x-ms-region": "East US"
      },
      "ResponseBody": {
        "operationId": "31456839668_68236e95-4f8c-499d-8317-2ad15110c18b",
        "kind": "documentClassifierBuild",
        "status": "running",
        "createdDateTime": "2024-03-04T04:58:52Z",
        "lastUpdatedDateTime": "2024-03-04T04:59:02Z",
        "resourceLocation": "REDACTED",
        "apiVersion": "2024-02-29-preview"
      }
    },
    {
      "RequestUri": "https://REDACTED/documentintelligence/REDACTED?api-version=2024-02-29-preview",
      "RequestMethod": "GET",
      "RequestHeaders": {
        "Accept": "*/*",
        "Date": "Mon, 04 Mar 2024 05:00:49 GMT",
        "Ocp-Apim-Subscription-Key": "REDACTED",
        "User-Agent": "azsdk-java-azure-ai-documentintelligence/1.0.0-beta.2 (11.0.20.1; Windows 11; 10.0)",
        "x-ms-client-request-id": "c8386374-31eb-4819-9d0e-fc24691ed056"
      },
      "RequestBody": null,
      "StatusCode": 200,
      "ResponseHeaders": {
        "apim-request-id": "b3af0819-d353-49dd-98dc-4e709052c423",
        "Content-Type": "application/json; charset=utf-8",
        "Date": "Mon, 04 Mar 2024 05:00:49 GMT",
        "Strict-Transport-Security": "max-age=31536000; includeSubDomains; preload",
        "Transfer-Encoding": "chunked",
        "X-Content-Type-Options": "nosniff",
        "x-envoy-upstream-service-time": "7",
        "x-ms-region": "East US"
      },
      "ResponseBody": {
        "operationId": "31456839668_68236e95-4f8c-499d-8317-2ad15110c18b",
        "kind": "documentClassifierBuild",
        "status": "running",
        "createdDateTime": "2024-03-04T04:58:52Z",
        "lastUpdatedDateTime": "2024-03-04T04:59:02Z",
        "resourceLocation": "REDACTED",
        "apiVersion": "2024-02-29-preview"
      }
    },
    {
      "RequestUri": "https://REDACTED/documentintelligence/REDACTED?api-version=2024-02-29-preview",
      "RequestMethod": "GET",
      "RequestHeaders": {
        "Accept": "*/*",
        "Date": "Mon, 04 Mar 2024 05:00:54 GMT",
        "Ocp-Apim-Subscription-Key": "REDACTED",
        "User-Agent": "azsdk-java-azure-ai-documentintelligence/1.0.0-beta.2 (11.0.20.1; Windows 11; 10.0)",
        "x-ms-client-request-id": "e45933b7-99f2-43db-bba6-fd3250c8c45e"
      },
      "RequestBody": null,
      "StatusCode": 200,
      "ResponseHeaders": {
        "apim-request-id": "82f8d98d-45bf-48ff-a16d-d8a4c5b60233",
        "Content-Type": "application/json; charset=utf-8",
        "Date": "Mon, 04 Mar 2024 05:00:54 GMT",
        "Strict-Transport-Security": "max-age=31536000; includeSubDomains; preload",
        "Transfer-Encoding": "chunked",
        "X-Content-Type-Options": "nosniff",
        "x-envoy-upstream-service-time": "10",
        "x-ms-region": "East US"
      },
      "ResponseBody": {
        "operationId": "31456839668_68236e95-4f8c-499d-8317-2ad15110c18b",
        "kind": "documentClassifierBuild",
        "status": "running",
        "createdDateTime": "2024-03-04T04:58:52Z",
        "lastUpdatedDateTime": "2024-03-04T04:59:02Z",
        "resourceLocation": "REDACTED",
        "apiVersion": "2024-02-29-preview"
      }
    },
    {
      "RequestUri": "https://REDACTED/documentintelligence/REDACTED?api-version=2024-02-29-preview",
      "RequestMethod": "GET",
      "RequestHeaders": {
        "Accept": "*/*",
        "Date": "Mon, 04 Mar 2024 05:00:59 GMT",
        "Ocp-Apim-Subscription-Key": "REDACTED",
        "User-Agent": "azsdk-java-azure-ai-documentintelligence/1.0.0-beta.2 (11.0.20.1; Windows 11; 10.0)",
        "x-ms-client-request-id": "efbaaa8f-d490-4b55-bd12-249df8ce0bb7"
      },
      "RequestBody": null,
      "StatusCode": 200,
      "ResponseHeaders": {
        "apim-request-id": "39d6cd6f-20a7-4813-9ac1-ade27dc44f49",
        "Content-Type": "application/json; charset=utf-8",
        "Date": "Mon, 04 Mar 2024 05:00:59 GMT",
        "Strict-Transport-Security": "max-age=31536000; includeSubDomains; preload",
        "Transfer-Encoding": "chunked",
        "X-Content-Type-Options": "nosniff",
        "x-envoy-upstream-service-time": "9",
        "x-ms-region": "East US"
      },
      "ResponseBody": {
        "operationId": "31456839668_68236e95-4f8c-499d-8317-2ad15110c18b",
        "kind": "documentClassifierBuild",
        "status": "running",
        "createdDateTime": "2024-03-04T04:58:52Z",
        "lastUpdatedDateTime": "2024-03-04T04:59:02Z",
        "resourceLocation": "REDACTED",
        "apiVersion": "2024-02-29-preview"
      }
    },
    {
      "RequestUri": "https://REDACTED/documentintelligence/REDACTED?api-version=2024-02-29-preview",
      "RequestMethod": "GET",
      "RequestHeaders": {
        "Accept": "*/*",
        "Date": "Mon, 04 Mar 2024 05:01:04 GMT",
        "Ocp-Apim-Subscription-Key": "REDACTED",
        "User-Agent": "azsdk-java-azure-ai-documentintelligence/1.0.0-beta.2 (11.0.20.1; Windows 11; 10.0)",
        "x-ms-client-request-id": "4f42e442-c915-41d7-a5bc-10b3007e7c96"
      },
      "RequestBody": null,
      "StatusCode": 200,
      "ResponseHeaders": {
        "apim-request-id": "9330bd0b-9149-4c0b-8be5-505be50026af",
        "Content-Type": "application/json; charset=utf-8",
        "Date": "Mon, 04 Mar 2024 05:01:04 GMT",
        "Strict-Transport-Security": "max-age=31536000; includeSubDomains; preload",
        "Transfer-Encoding": "chunked",
        "X-Content-Type-Options": "nosniff",
        "x-envoy-upstream-service-time": "8",
        "x-ms-region": "East US"
      },
      "ResponseBody": {
        "operationId": "31456839668_68236e95-4f8c-499d-8317-2ad15110c18b",
        "kind": "documentClassifierBuild",
        "status": "running",
        "createdDateTime": "2024-03-04T04:58:52Z",
        "lastUpdatedDateTime": "2024-03-04T04:59:02Z",
        "resourceLocation": "REDACTED",
        "apiVersion": "2024-02-29-preview"
      }
    },
    {
      "RequestUri": "https://REDACTED/documentintelligence/REDACTED?api-version=2024-02-29-preview",
      "RequestMethod": "GET",
      "RequestHeaders": {
        "Accept": "*/*",
        "Date": "Mon, 04 Mar 2024 05:01:09 GMT",
        "Ocp-Apim-Subscription-Key": "REDACTED",
        "User-Agent": "azsdk-java-azure-ai-documentintelligence/1.0.0-beta.2 (11.0.20.1; Windows 11; 10.0)",
        "x-ms-client-request-id": "0921003b-23d7-4869-9bec-93abfd2350f6"
      },
      "RequestBody": null,
      "StatusCode": 200,
      "ResponseHeaders": {
        "apim-request-id": "d6e56f72-9090-48bd-b221-4d614a7365f9",
        "Content-Type": "application/json; charset=utf-8",
        "Date": "Mon, 04 Mar 2024 05:01:09 GMT",
        "Strict-Transport-Security": "max-age=31536000; includeSubDomains; preload",
        "Transfer-Encoding": "chunked",
        "X-Content-Type-Options": "nosniff",
        "x-envoy-upstream-service-time": "6",
        "x-ms-region": "East US"
      },
      "ResponseBody": {
        "operationId": "31456839668_68236e95-4f8c-499d-8317-2ad15110c18b",
        "kind": "documentClassifierBuild",
        "status": "running",
        "createdDateTime": "2024-03-04T04:58:52Z",
        "lastUpdatedDateTime": "2024-03-04T04:59:02Z",
        "resourceLocation": "REDACTED",
        "apiVersion": "2024-02-29-preview"
      }
    },
    {
      "RequestUri": "https://REDACTED/documentintelligence/REDACTED?api-version=2024-02-29-preview",
      "RequestMethod": "GET",
      "RequestHeaders": {
        "Accept": "*/*",
        "Date": "Mon, 04 Mar 2024 05:01:14 GMT",
        "Ocp-Apim-Subscription-Key": "REDACTED",
        "User-Agent": "azsdk-java-azure-ai-documentintelligence/1.0.0-beta.2 (11.0.20.1; Windows 11; 10.0)",
        "x-ms-client-request-id": "cab529bc-3343-4954-b068-70ddf14b6865"
      },
      "RequestBody": null,
      "StatusCode": 200,
      "ResponseHeaders": {
        "apim-request-id": "fea8c71e-78aa-4655-9481-cac8285784fe",
        "Content-Type": "application/json; charset=utf-8",
        "Date": "Mon, 04 Mar 2024 05:01:14 GMT",
        "Strict-Transport-Security": "max-age=31536000; includeSubDomains; preload",
        "Transfer-Encoding": "chunked",
        "X-Content-Type-Options": "nosniff",
        "x-envoy-upstream-service-time": "13",
        "x-ms-region": "East US"
      },
      "ResponseBody": {
        "operationId": "31456839668_68236e95-4f8c-499d-8317-2ad15110c18b",
        "kind": "documentClassifierBuild",
        "status": "running",
        "createdDateTime": "2024-03-04T04:58:52Z",
        "lastUpdatedDateTime": "2024-03-04T04:59:02Z",
        "resourceLocation": "REDACTED",
        "apiVersion": "2024-02-29-preview"
      }
    },
    {
      "RequestUri": "https://REDACTED/documentintelligence/REDACTED?api-version=2024-02-29-preview",
      "RequestMethod": "GET",
      "RequestHeaders": {
        "Accept": "*/*",
        "Date": "Mon, 04 Mar 2024 05:01:19 GMT",
        "Ocp-Apim-Subscription-Key": "REDACTED",
        "User-Agent": "azsdk-java-azure-ai-documentintelligence/1.0.0-beta.2 (11.0.20.1; Windows 11; 10.0)",
        "x-ms-client-request-id": "a048f1ce-c421-41be-a746-0a8ae706c8ea"
      },
      "RequestBody": null,
      "StatusCode": 200,
      "ResponseHeaders": {
        "apim-request-id": "c65981fc-6be1-4ea3-a243-97612726dabe",
        "Content-Type": "application/json; charset=utf-8",
        "Date": "Mon, 04 Mar 2024 05:01:19 GMT",
        "Strict-Transport-Security": "max-age=31536000; includeSubDomains; preload",
        "Transfer-Encoding": "chunked",
        "X-Content-Type-Options": "nosniff",
        "x-envoy-upstream-service-time": "12",
        "x-ms-region": "East US"
      },
      "ResponseBody": {
        "operationId": "31456839668_68236e95-4f8c-499d-8317-2ad15110c18b",
        "kind": "documentClassifierBuild",
        "status": "running",
        "createdDateTime": "2024-03-04T04:58:52Z",
        "lastUpdatedDateTime": "2024-03-04T04:59:02Z",
        "resourceLocation": "REDACTED",
        "apiVersion": "2024-02-29-preview"
      }
    },
    {
      "RequestUri": "https://REDACTED/documentintelligence/REDACTED?api-version=2024-02-29-preview",
      "RequestMethod": "GET",
      "RequestHeaders": {
        "Accept": "*/*",
        "Date": "Mon, 04 Mar 2024 05:01:25 GMT",
        "Ocp-Apim-Subscription-Key": "REDACTED",
        "User-Agent": "azsdk-java-azure-ai-documentintelligence/1.0.0-beta.2 (11.0.20.1; Windows 11; 10.0)",
        "x-ms-client-request-id": "4fa25090-8b02-43ec-ab4c-60e6c91ce411"
      },
      "RequestBody": null,
      "StatusCode": 200,
      "ResponseHeaders": {
        "apim-request-id": "d5a5ac1d-1611-4514-ba10-8ce85f648701",
        "Content-Type": "application/json; charset=utf-8",
        "Date": "Mon, 04 Mar 2024 05:01:24 GMT",
        "Strict-Transport-Security": "max-age=31536000; includeSubDomains; preload",
        "Transfer-Encoding": "chunked",
        "X-Content-Type-Options": "nosniff",
        "x-envoy-upstream-service-time": "8",
        "x-ms-region": "East US"
      },
      "ResponseBody": {
        "operationId": "31456839668_68236e95-4f8c-499d-8317-2ad15110c18b",
        "kind": "documentClassifierBuild",
        "status": "running",
        "createdDateTime": "2024-03-04T04:58:52Z",
        "lastUpdatedDateTime": "2024-03-04T04:59:02Z",
        "resourceLocation": "REDACTED",
        "apiVersion": "2024-02-29-preview"
      }
    },
    {
      "RequestUri": "https://REDACTED/documentintelligence/REDACTED?api-version=2024-02-29-preview",
      "RequestMethod": "GET",
      "RequestHeaders": {
        "Accept": "*/*",
        "Date": "Mon, 04 Mar 2024 05:01:30 GMT",
        "Ocp-Apim-Subscription-Key": "REDACTED",
        "User-Agent": "azsdk-java-azure-ai-documentintelligence/1.0.0-beta.2 (11.0.20.1; Windows 11; 10.0)",
        "x-ms-client-request-id": "1f5239c5-5ca3-4eca-8da7-3f6e2a25f3bd"
      },
      "RequestBody": null,
      "StatusCode": 200,
      "ResponseHeaders": {
        "apim-request-id": "e8a6775a-c497-4d2a-ab25-d09c964d28e7",
        "Content-Type": "application/json; charset=utf-8",
        "Date": "Mon, 04 Mar 2024 05:01:29 GMT",
        "Strict-Transport-Security": "max-age=31536000; includeSubDomains; preload",
        "Transfer-Encoding": "chunked",
        "X-Content-Type-Options": "nosniff",
        "x-envoy-upstream-service-time": "13",
        "x-ms-region": "East US"
      },
      "ResponseBody": {
        "operationId": "31456839668_68236e95-4f8c-499d-8317-2ad15110c18b",
        "kind": "documentClassifierBuild",
        "status": "running",
        "createdDateTime": "2024-03-04T04:58:52Z",
        "lastUpdatedDateTime": "2024-03-04T04:59:02Z",
        "resourceLocation": "REDACTED",
        "apiVersion": "2024-02-29-preview"
      }
    },
    {
      "RequestUri": "https://REDACTED/documentintelligence/REDACTED?api-version=2024-02-29-preview",
      "RequestMethod": "GET",
      "RequestHeaders": {
        "Accept": "*/*",
        "Date": "Mon, 04 Mar 2024 05:01:35 GMT",
        "Ocp-Apim-Subscription-Key": "REDACTED",
        "User-Agent": "azsdk-java-azure-ai-documentintelligence/1.0.0-beta.2 (11.0.20.1; Windows 11; 10.0)",
        "x-ms-client-request-id": "8c8b20e2-08f5-48d3-ae02-4fec2c8d0186"
      },
      "RequestBody": null,
      "StatusCode": 200,
      "ResponseHeaders": {
        "apim-request-id": "9b215f98-d40a-426c-af03-77d137f93ecd",
        "Content-Type": "application/json; charset=utf-8",
        "Date": "Mon, 04 Mar 2024 05:01:34 GMT",
        "Strict-Transport-Security": "max-age=31536000; includeSubDomains; preload",
        "Transfer-Encoding": "chunked",
        "X-Content-Type-Options": "nosniff",
        "x-envoy-upstream-service-time": "9",
        "x-ms-region": "East US"
      },
      "ResponseBody": {
        "operationId": "31456839668_68236e95-4f8c-499d-8317-2ad15110c18b",
        "kind": "documentClassifierBuild",
        "status": "running",
        "createdDateTime": "2024-03-04T04:58:52Z",
        "lastUpdatedDateTime": "2024-03-04T04:59:02Z",
        "resourceLocation": "REDACTED",
        "apiVersion": "2024-02-29-preview"
      }
    },
    {
      "RequestUri": "https://REDACTED/documentintelligence/REDACTED?api-version=2024-02-29-preview",
      "RequestMethod": "GET",
      "RequestHeaders": {
        "Accept": "*/*",
        "Date": "Mon, 04 Mar 2024 05:01:40 GMT",
        "Ocp-Apim-Subscription-Key": "REDACTED",
        "User-Agent": "azsdk-java-azure-ai-documentintelligence/1.0.0-beta.2 (11.0.20.1; Windows 11; 10.0)",
        "x-ms-client-request-id": "daf10096-9f81-4f45-b4bc-02db47abbb5f"
      },
      "RequestBody": null,
      "StatusCode": 200,
      "ResponseHeaders": {
        "apim-request-id": "389f86c1-5736-4553-bfbe-2a97af28dd50",
        "Content-Type": "application/json; charset=utf-8",
        "Date": "Mon, 04 Mar 2024 05:01:40 GMT",
        "Strict-Transport-Security": "max-age=31536000; includeSubDomains; preload",
        "Transfer-Encoding": "chunked",
        "X-Content-Type-Options": "nosniff",
        "x-envoy-upstream-service-time": "8",
        "x-ms-region": "East US"
      },
      "ResponseBody": {
        "operationId": "31456839668_68236e95-4f8c-499d-8317-2ad15110c18b",
        "kind": "documentClassifierBuild",
        "status": "running",
        "createdDateTime": "2024-03-04T04:58:52Z",
        "lastUpdatedDateTime": "2024-03-04T04:59:02Z",
        "resourceLocation": "REDACTED",
        "apiVersion": "2024-02-29-preview"
      }
    },
    {
      "RequestUri": "https://REDACTED/documentintelligence/REDACTED?api-version=2024-02-29-preview",
      "RequestMethod": "GET",
      "RequestHeaders": {
        "Accept": "*/*",
        "Date": "Mon, 04 Mar 2024 05:01:45 GMT",
        "Ocp-Apim-Subscription-Key": "REDACTED",
        "User-Agent": "azsdk-java-azure-ai-documentintelligence/1.0.0-beta.2 (11.0.20.1; Windows 11; 10.0)",
        "x-ms-client-request-id": "8d223cb5-1c5b-4d8b-8f50-4c1b7c460c2a"
      },
      "RequestBody": null,
      "StatusCode": 200,
      "ResponseHeaders": {
        "apim-request-id": "dc5320a4-d8ae-4ada-aea6-da825ae38d8a",
        "Content-Type": "application/json; charset=utf-8",
        "Date": "Mon, 04 Mar 2024 05:01:45 GMT",
        "Strict-Transport-Security": "max-age=31536000; includeSubDomains; preload",
        "Transfer-Encoding": "chunked",
        "X-Content-Type-Options": "nosniff",
        "x-envoy-upstream-service-time": "10",
        "x-ms-region": "East US"
      },
      "ResponseBody": {
        "operationId": "31456839668_68236e95-4f8c-499d-8317-2ad15110c18b",
        "kind": "documentClassifierBuild",
        "status": "running",
        "createdDateTime": "2024-03-04T04:58:52Z",
        "lastUpdatedDateTime": "2024-03-04T04:59:02Z",
        "resourceLocation": "REDACTED",
        "apiVersion": "2024-02-29-preview"
      }
    },
    {
      "RequestUri": "https://REDACTED/documentintelligence/REDACTED?api-version=2024-02-29-preview",
      "RequestMethod": "GET",
      "RequestHeaders": {
        "Accept": "*/*",
        "Date": "Mon, 04 Mar 2024 05:01:50 GMT",
        "Ocp-Apim-Subscription-Key": "REDACTED",
        "User-Agent": "azsdk-java-azure-ai-documentintelligence/1.0.0-beta.2 (11.0.20.1; Windows 11; 10.0)",
        "x-ms-client-request-id": "1b0664ae-7d2e-4d7d-8e92-603942063bfa"
      },
      "RequestBody": null,
      "StatusCode": 200,
      "ResponseHeaders": {
        "apim-request-id": "4e814e33-ae2f-4e47-ac52-55ba3429be9d",
        "Content-Type": "application/json; charset=utf-8",
        "Date": "Mon, 04 Mar 2024 05:01:50 GMT",
        "Strict-Transport-Security": "max-age=31536000; includeSubDomains; preload",
        "Transfer-Encoding": "chunked",
        "X-Content-Type-Options": "nosniff",
        "x-envoy-upstream-service-time": "12",
        "x-ms-region": "East US"
      },
      "ResponseBody": {
        "operationId": "31456839668_68236e95-4f8c-499d-8317-2ad15110c18b",
        "kind": "documentClassifierBuild",
        "status": "running",
        "createdDateTime": "2024-03-04T04:58:52Z",
        "lastUpdatedDateTime": "2024-03-04T04:59:02Z",
        "resourceLocation": "REDACTED",
        "apiVersion": "2024-02-29-preview"
      }
    },
    {
      "RequestUri": "https://REDACTED/documentintelligence/REDACTED?api-version=2024-02-29-preview",
      "RequestMethod": "GET",
      "RequestHeaders": {
        "Accept": "*/*",
        "Date": "Mon, 04 Mar 2024 05:01:55 GMT",
        "Ocp-Apim-Subscription-Key": "REDACTED",
        "User-Agent": "azsdk-java-azure-ai-documentintelligence/1.0.0-beta.2 (11.0.20.1; Windows 11; 10.0)",
        "x-ms-client-request-id": "c75ac0ab-8417-4d1c-97b0-3f97218ded7f"
      },
      "RequestBody": null,
      "StatusCode": 200,
      "ResponseHeaders": {
        "apim-request-id": "00d813d0-51d6-46d9-a59c-d508114de103",
        "Content-Type": "application/json; charset=utf-8",
        "Date": "Mon, 04 Mar 2024 05:01:55 GMT",
        "Strict-Transport-Security": "max-age=31536000; includeSubDomains; preload",
        "Transfer-Encoding": "chunked",
        "X-Content-Type-Options": "nosniff",
        "x-envoy-upstream-service-time": "9",
        "x-ms-region": "East US"
      },
      "ResponseBody": {
        "operationId": "31456839668_68236e95-4f8c-499d-8317-2ad15110c18b",
        "kind": "documentClassifierBuild",
        "status": "running",
        "createdDateTime": "2024-03-04T04:58:52Z",
        "lastUpdatedDateTime": "2024-03-04T04:59:02Z",
        "resourceLocation": "REDACTED",
        "apiVersion": "2024-02-29-preview"
      }
    },
    {
      "RequestUri": "https://REDACTED/documentintelligence/REDACTED?api-version=2024-02-29-preview",
      "RequestMethod": "GET",
      "RequestHeaders": {
        "Accept": "*/*",
        "Date": "Mon, 04 Mar 2024 05:02:00 GMT",
        "Ocp-Apim-Subscription-Key": "REDACTED",
        "User-Agent": "azsdk-java-azure-ai-documentintelligence/1.0.0-beta.2 (11.0.20.1; Windows 11; 10.0)",
        "x-ms-client-request-id": "bd241e30-36b7-417b-86dc-8d7328892316"
      },
      "RequestBody": null,
      "StatusCode": 200,
      "ResponseHeaders": {
        "apim-request-id": "f2a5c528-41c1-404c-826a-35b4b7eb5b2d",
        "Content-Type": "application/json; charset=utf-8",
        "Date": "Mon, 04 Mar 2024 05:02:00 GMT",
        "Strict-Transport-Security": "max-age=31536000; includeSubDomains; preload",
        "Transfer-Encoding": "chunked",
        "X-Content-Type-Options": "nosniff",
        "x-envoy-upstream-service-time": "6",
        "x-ms-region": "East US"
      },
      "ResponseBody": {
        "operationId": "31456839668_68236e95-4f8c-499d-8317-2ad15110c18b",
        "kind": "documentClassifierBuild",
        "status": "running",
        "createdDateTime": "2024-03-04T04:58:52Z",
        "lastUpdatedDateTime": "2024-03-04T04:59:02Z",
        "resourceLocation": "REDACTED",
        "apiVersion": "2024-02-29-preview"
      }
    },
    {
      "RequestUri": "https://REDACTED/documentintelligence/REDACTED?api-version=2024-02-29-preview",
      "RequestMethod": "GET",
      "RequestHeaders": {
        "Accept": "*/*",
        "Date": "Mon, 04 Mar 2024 05:02:05 GMT",
        "Ocp-Apim-Subscription-Key": "REDACTED",
        "User-Agent": "azsdk-java-azure-ai-documentintelligence/1.0.0-beta.2 (11.0.20.1; Windows 11; 10.0)",
        "x-ms-client-request-id": "ba1580e5-dfb3-4839-be70-2c0eff2136a8"
      },
      "RequestBody": null,
      "StatusCode": 200,
      "ResponseHeaders": {
        "apim-request-id": "7994ae8e-c42b-48e7-b149-8d0bcf2974b4",
        "Content-Type": "application/json; charset=utf-8",
        "Date": "Mon, 04 Mar 2024 05:02:05 GMT",
        "Strict-Transport-Security": "max-age=31536000; includeSubDomains; preload",
        "Transfer-Encoding": "chunked",
        "X-Content-Type-Options": "nosniff",
        "x-envoy-upstream-service-time": "8",
        "x-ms-region": "East US"
      },
      "ResponseBody": {
        "operationId": "31456839668_68236e95-4f8c-499d-8317-2ad15110c18b",
        "kind": "documentClassifierBuild",
        "status": "running",
        "createdDateTime": "2024-03-04T04:58:52Z",
        "lastUpdatedDateTime": "2024-03-04T04:59:02Z",
        "resourceLocation": "REDACTED",
        "apiVersion": "2024-02-29-preview"
      }
    },
    {
      "RequestUri": "https://REDACTED/documentintelligence/REDACTED?api-version=2024-02-29-preview",
      "RequestMethod": "GET",
      "RequestHeaders": {
        "Accept": "*/*",
        "Date": "Mon, 04 Mar 2024 05:02:10 GMT",
        "Ocp-Apim-Subscription-Key": "REDACTED",
        "User-Agent": "azsdk-java-azure-ai-documentintelligence/1.0.0-beta.2 (11.0.20.1; Windows 11; 10.0)",
        "x-ms-client-request-id": "18df8fad-ca86-4bcc-8162-274dfb36a1ef"
      },
      "RequestBody": null,
      "StatusCode": 200,
      "ResponseHeaders": {
        "apim-request-id": "86319ad0-6316-4d87-9337-2afe83cf681f",
        "Content-Type": "application/json; charset=utf-8",
        "Date": "Mon, 04 Mar 2024 05:02:10 GMT",
        "Strict-Transport-Security": "max-age=31536000; includeSubDomains; preload",
        "Transfer-Encoding": "chunked",
        "X-Content-Type-Options": "nosniff",
        "x-envoy-upstream-service-time": "7",
        "x-ms-region": "East US"
      },
      "ResponseBody": {
        "operationId": "31456839668_68236e95-4f8c-499d-8317-2ad15110c18b",
        "kind": "documentClassifierBuild",
        "status": "running",
        "createdDateTime": "2024-03-04T04:58:52Z",
        "lastUpdatedDateTime": "2024-03-04T04:59:02Z",
        "resourceLocation": "REDACTED",
        "apiVersion": "2024-02-29-preview"
      }
    },
    {
      "RequestUri": "https://REDACTED/documentintelligence/REDACTED?api-version=2024-02-29-preview",
      "RequestMethod": "GET",
      "RequestHeaders": {
        "Accept": "*/*",
        "Date": "Mon, 04 Mar 2024 05:02:15 GMT",
        "Ocp-Apim-Subscription-Key": "REDACTED",
        "User-Agent": "azsdk-java-azure-ai-documentintelligence/1.0.0-beta.2 (11.0.20.1; Windows 11; 10.0)",
        "x-ms-client-request-id": "cd95b512-924a-4a00-9bb9-b6b46b7d604e"
      },
      "RequestBody": null,
      "StatusCode": 200,
      "ResponseHeaders": {
        "apim-request-id": "41888d40-fc02-40f6-b173-7b0e88a679da",
        "Content-Type": "application/json; charset=utf-8",
        "Date": "Mon, 04 Mar 2024 05:02:15 GMT",
        "Strict-Transport-Security": "max-age=31536000; includeSubDomains; preload",
        "Transfer-Encoding": "chunked",
        "X-Content-Type-Options": "nosniff",
        "x-envoy-upstream-service-time": "7",
        "x-ms-region": "East US"
      },
      "ResponseBody": {
        "operationId": "31456839668_68236e95-4f8c-499d-8317-2ad15110c18b",
        "kind": "documentClassifierBuild",
        "status": "running",
        "createdDateTime": "2024-03-04T04:58:52Z",
        "lastUpdatedDateTime": "2024-03-04T04:59:02Z",
        "resourceLocation": "REDACTED",
        "apiVersion": "2024-02-29-preview"
      }
    },
    {
      "RequestUri": "https://REDACTED/documentintelligence/REDACTED?api-version=2024-02-29-preview",
      "RequestMethod": "GET",
      "RequestHeaders": {
        "Accept": "*/*",
        "Date": "Mon, 04 Mar 2024 05:02:21 GMT",
        "Ocp-Apim-Subscription-Key": "REDACTED",
        "User-Agent": "azsdk-java-azure-ai-documentintelligence/1.0.0-beta.2 (11.0.20.1; Windows 11; 10.0)",
        "x-ms-client-request-id": "a4b3a847-2182-420f-8700-c46263a3ba2c"
      },
      "RequestBody": null,
      "StatusCode": 200,
      "ResponseHeaders": {
        "apim-request-id": "22574de1-dad9-4100-9d45-cfe9c5e7a1c6",
        "Content-Type": "application/json; charset=utf-8",
        "Date": "Mon, 04 Mar 2024 05:02:20 GMT",
        "Strict-Transport-Security": "max-age=31536000; includeSubDomains; preload",
        "Transfer-Encoding": "chunked",
        "X-Content-Type-Options": "nosniff",
        "x-envoy-upstream-service-time": "8",
        "x-ms-region": "East US"
      },
      "ResponseBody": {
        "operationId": "31456839668_68236e95-4f8c-499d-8317-2ad15110c18b",
        "kind": "documentClassifierBuild",
        "status": "running",
        "createdDateTime": "2024-03-04T04:58:52Z",
        "lastUpdatedDateTime": "2024-03-04T04:59:02Z",
        "resourceLocation": "REDACTED",
        "apiVersion": "2024-02-29-preview"
      }
    },
    {
      "RequestUri": "https://REDACTED/documentintelligence/REDACTED?api-version=2024-02-29-preview",
      "RequestMethod": "GET",
      "RequestHeaders": {
        "Accept": "*/*",
        "Date": "Mon, 04 Mar 2024 05:02:26 GMT",
        "Ocp-Apim-Subscription-Key": "REDACTED",
        "User-Agent": "azsdk-java-azure-ai-documentintelligence/1.0.0-beta.2 (11.0.20.1; Windows 11; 10.0)",
        "x-ms-client-request-id": "1f10d1fa-2572-4511-b68b-ef5d32f60226"
      },
      "RequestBody": null,
      "StatusCode": 200,
      "ResponseHeaders": {
        "apim-request-id": "22a6df5e-4a04-4792-9b86-6ae7755da0ab",
        "Content-Type": "application/json; charset=utf-8",
        "Date": "Mon, 04 Mar 2024 05:02:25 GMT",
        "Strict-Transport-Security": "max-age=31536000; includeSubDomains; preload",
        "Transfer-Encoding": "chunked",
        "X-Content-Type-Options": "nosniff",
        "x-envoy-upstream-service-time": "13",
        "x-ms-region": "East US"
      },
      "ResponseBody": {
        "operationId": "31456839668_68236e95-4f8c-499d-8317-2ad15110c18b",
        "kind": "documentClassifierBuild",
        "status": "running",
        "createdDateTime": "2024-03-04T04:58:52Z",
        "lastUpdatedDateTime": "2024-03-04T04:59:02Z",
        "resourceLocation": "REDACTED",
        "apiVersion": "2024-02-29-preview"
      }
    },
    {
      "RequestUri": "https://REDACTED/documentintelligence/REDACTED?api-version=2024-02-29-preview",
      "RequestMethod": "GET",
      "RequestHeaders": {
        "Accept": "*/*",
        "Date": "Mon, 04 Mar 2024 05:02:31 GMT",
        "Ocp-Apim-Subscription-Key": "REDACTED",
        "User-Agent": "azsdk-java-azure-ai-documentintelligence/1.0.0-beta.2 (11.0.20.1; Windows 11; 10.0)",
        "x-ms-client-request-id": "8d50dccc-0449-44e1-8c24-52a9d8252444"
      },
      "RequestBody": null,
      "StatusCode": 200,
      "ResponseHeaders": {
        "apim-request-id": "195152f4-7a82-411c-95d8-bfd50e372f27",
        "Content-Type": "application/json; charset=utf-8",
        "Date": "Mon, 04 Mar 2024 05:02:30 GMT",
        "Strict-Transport-Security": "max-age=31536000; includeSubDomains; preload",
        "Transfer-Encoding": "chunked",
        "X-Content-Type-Options": "nosniff",
        "x-envoy-upstream-service-time": "6",
        "x-ms-region": "East US"
      },
      "ResponseBody": {
        "operationId": "31456839668_68236e95-4f8c-499d-8317-2ad15110c18b",
        "kind": "documentClassifierBuild",
        "status": "running",
        "createdDateTime": "2024-03-04T04:58:52Z",
        "lastUpdatedDateTime": "2024-03-04T04:59:02Z",
        "resourceLocation": "REDACTED",
        "apiVersion": "2024-02-29-preview"
      }
    },
    {
      "RequestUri": "https://REDACTED/documentintelligence/REDACTED?api-version=2024-02-29-preview",
      "RequestMethod": "GET",
      "RequestHeaders": {
        "Accept": "*/*",
        "Date": "Mon, 04 Mar 2024 05:02:36 GMT",
        "Ocp-Apim-Subscription-Key": "REDACTED",
        "User-Agent": "azsdk-java-azure-ai-documentintelligence/1.0.0-beta.2 (11.0.20.1; Windows 11; 10.0)",
        "x-ms-client-request-id": "62399c16-ee40-4de2-9b18-982f8db64f42"
      },
      "RequestBody": null,
      "StatusCode": 200,
      "ResponseHeaders": {
        "apim-request-id": "ca1dd26c-7b57-4ce8-a223-562dd73b839a",
        "Content-Type": "application/json; charset=utf-8",
        "Date": "Mon, 04 Mar 2024 05:02:35 GMT",
        "Strict-Transport-Security": "max-age=31536000; includeSubDomains; preload",
        "Transfer-Encoding": "chunked",
        "X-Content-Type-Options": "nosniff",
        "x-envoy-upstream-service-time": "10",
        "x-ms-region": "East US"
      },
      "ResponseBody": {
        "operationId": "31456839668_68236e95-4f8c-499d-8317-2ad15110c18b",
        "kind": "documentClassifierBuild",
        "status": "running",
        "createdDateTime": "2024-03-04T04:58:52Z",
        "lastUpdatedDateTime": "2024-03-04T04:59:02Z",
        "resourceLocation": "REDACTED",
        "apiVersion": "2024-02-29-preview"
      }
    },
    {
      "RequestUri": "https://REDACTED/documentintelligence/REDACTED?api-version=2024-02-29-preview",
      "RequestMethod": "GET",
      "RequestHeaders": {
        "Accept": "*/*",
        "Date": "Mon, 04 Mar 2024 05:02:41 GMT",
        "Ocp-Apim-Subscription-Key": "REDACTED",
        "User-Agent": "azsdk-java-azure-ai-documentintelligence/1.0.0-beta.2 (11.0.20.1; Windows 11; 10.0)",
        "x-ms-client-request-id": "7a9a2d4c-0b47-4f05-88ee-3b106190f633"
      },
      "RequestBody": null,
      "StatusCode": 200,
      "ResponseHeaders": {
        "apim-request-id": "0917b4fa-0745-4295-a96b-58bbd4b36e5f",
        "Content-Type": "application/json; charset=utf-8",
        "Date": "Mon, 04 Mar 2024 05:02:40 GMT",
        "Strict-Transport-Security": "max-age=31536000; includeSubDomains; preload",
        "Transfer-Encoding": "chunked",
        "X-Content-Type-Options": "nosniff",
        "x-envoy-upstream-service-time": "11",
        "x-ms-region": "East US"
      },
      "ResponseBody": {
        "operationId": "31456839668_68236e95-4f8c-499d-8317-2ad15110c18b",
        "kind": "documentClassifierBuild",
        "status": "running",
        "createdDateTime": "2024-03-04T04:58:52Z",
        "lastUpdatedDateTime": "2024-03-04T04:59:02Z",
        "resourceLocation": "REDACTED",
        "apiVersion": "2024-02-29-preview"
      }
    },
    {
      "RequestUri": "https://REDACTED/documentintelligence/REDACTED?api-version=2024-02-29-preview",
      "RequestMethod": "GET",
      "RequestHeaders": {
        "Accept": "*/*",
        "Date": "Mon, 04 Mar 2024 05:02:46 GMT",
        "Ocp-Apim-Subscription-Key": "REDACTED",
        "User-Agent": "azsdk-java-azure-ai-documentintelligence/1.0.0-beta.2 (11.0.20.1; Windows 11; 10.0)",
        "x-ms-client-request-id": "6ee0798a-64c9-4c92-8f69-48fb3d803cc7"
      },
      "RequestBody": null,
      "StatusCode": 200,
      "ResponseHeaders": {
        "apim-request-id": "79c433fa-6b75-44c7-a235-f8dfea6b871c",
        "Content-Type": "application/json; charset=utf-8",
        "Date": "Mon, 04 Mar 2024 05:02:45 GMT",
        "Strict-Transport-Security": "max-age=31536000; includeSubDomains; preload",
        "Transfer-Encoding": "chunked",
        "X-Content-Type-Options": "nosniff",
        "x-envoy-upstream-service-time": "11",
        "x-ms-region": "East US"
      },
      "ResponseBody": {
        "operationId": "31456839668_68236e95-4f8c-499d-8317-2ad15110c18b",
        "kind": "documentClassifierBuild",
        "status": "succeeded",
        "createdDateTime": "2024-03-04T04:58:52Z",
        "lastUpdatedDateTime": "2024-03-04T05:02:44Z",
        "resourceLocation": "REDACTED",
        "percentCompleted": 100,
        "result": {
          "classifierId": "classifierId5c0e9566-8f1d-492a-b043-70bb1395de0b",
          "createdDateTime": "2024-03-04T05:02:44Z",
          "expirationDateTime": "2026-03-04T05:02:44Z",
          "apiVersion": "2024-02-29-preview",
          "docTypes": {
            "IRS-1040-B": {
              "kind": "azureBlob",
              "azureBlobSource": {
                "containerUrl": "https://azuresdktrainingdata.blob.core.windows.net/training-data-classifier",
                "prefix": "IRS-1040-B/train"
              }
            },
            "IRS-1040-A": {
              "kind": "azureBlob",
              "azureBlobSource": {
                "containerUrl": "https://azuresdktrainingdata.blob.core.windows.net/training-data-classifier",
                "prefix": "IRS-1040-A/train"
              }
            },
            "IRS-1040-D": {
              "kind": "azureBlob",
              "azureBlobSource": {
                "containerUrl": "https://azuresdktrainingdata.blob.core.windows.net/training-data-classifier",
                "prefix": "IRS-1040-D/train"
              }
            },
            "IRS-1040-C": {
              "kind": "azureBlob",
              "azureBlobSource": {
                "containerUrl": "https://azuresdktrainingdata.blob.core.windows.net/training-data-classifier",
                "prefix": "IRS-1040-C/train"
              }
            },
            "IRS-1040-E": {
              "kind": "azureBlob",
              "azureBlobSource": {
                "containerUrl": "https://azuresdktrainingdata.blob.core.windows.net/training-data-classifier",
                "prefix": "IRS-1040-E/train"
              }
            }
          }
        },
        "apiVersion": "2024-02-29-preview"
      }
    },
    {
      "RequestUri": "https://REDACTED/documentintelligence/REDACTED?api-version=2024-02-29-preview",
      "RequestMethod": "GET",
      "RequestHeaders": {
        "Accept": "*/*",
        "Date": "Mon, 04 Mar 2024 05:02:46 GMT",
        "Ocp-Apim-Subscription-Key": "REDACTED",
        "User-Agent": "azsdk-java-azure-ai-documentintelligence/1.0.0-beta.2 (11.0.20.1; Windows 11; 10.0)",
        "x-ms-client-request-id": "4f207bcb-c136-4a6e-a90e-91ca74321d3e"
      },
      "RequestBody": null,
      "StatusCode": 200,
      "ResponseHeaders": {
        "apim-request-id": "3c1a81e1-7490-4c0a-bce4-53b1610c8dc1",
        "Content-Type": "application/json; charset=utf-8",
        "Date": "Mon, 04 Mar 2024 05:02:45 GMT",
        "Strict-Transport-Security": "max-age=31536000; includeSubDomains; preload",
        "Transfer-Encoding": "chunked",
        "X-Content-Type-Options": "nosniff",
        "x-envoy-upstream-service-time": "10",
        "x-ms-region": "East US"
      },
      "ResponseBody": {
        "classifierId": "classifierId5c0e9566-8f1d-492a-b043-70bb1395de0b",
        "createdDateTime": "2024-03-04T05:02:44Z",
        "expirationDateTime": "2026-03-04T05:02:44Z",
        "apiVersion": "2024-02-29-preview",
        "docTypes": {
          "IRS-1040-B": {
            "kind": "azureBlob",
            "azureBlobSource": {
              "containerUrl": "https://azuresdktrainingdata.blob.core.windows.net/training-data-classifier",
              "prefix": "IRS-1040-B/train"
            }
          },
          "IRS-1040-A": {
            "kind": "azureBlob",
            "azureBlobSource": {
              "containerUrl": "https://azuresdktrainingdata.blob.core.windows.net/training-data-classifier",
              "prefix": "IRS-1040-A/train"
            }
          },
          "IRS-1040-D": {
            "kind": "azureBlob",
            "azureBlobSource": {
              "containerUrl": "https://azuresdktrainingdata.blob.core.windows.net/training-data-classifier",
              "prefix": "IRS-1040-D/train"
            }
          },
          "IRS-1040-C": {
            "kind": "azureBlob",
            "azureBlobSource": {
              "containerUrl": "https://azuresdktrainingdata.blob.core.windows.net/training-data-classifier",
              "prefix": "IRS-1040-C/train"
            }
          },
          "IRS-1040-E": {
            "kind": "azureBlob",
            "azureBlobSource": {
              "containerUrl": "https://azuresdktrainingdata.blob.core.windows.net/training-data-classifier",
              "prefix": "IRS-1040-E/train"
            }
          }
        }
      }
    },
    {
      "RequestUri": "https://REDACTED/documentintelligence/REDACTED?api-version=2024-02-29-preview",
      "RequestMethod": "POST",
      "RequestHeaders": {
        "Accept": "application/json",
        "Content-Length": "251771",
        "Content-Type": "application/json",
        "Date": "Mon, 04 Mar 2024 05:02:46 GMT",
        "Ocp-Apim-Subscription-Key": "REDACTED",
        "User-Agent": "azsdk-java-azure-ai-documentintelligence/1.0.0-beta.2 (11.0.20.1; Windows 11; 10.0)",
        "x-ms-client-request-id": "2ae1ba90-4320-4f69-a06d-2d422d47fb9b"
      },
      "RequestBody": null,
      "StatusCode": 202,
      "ResponseHeaders": {
        "apim-request-id": "b7f2fd1b-56be-4ec1-bfca-08a84ccb4f06",
        "Content-Length": "0",
        "Date": "Mon, 04 Mar 2024 05:02:46 GMT",
        "Operation-Location": "https://REDACTED/documentintelligence/documentClassifiers/classifierId5c0e9566-8f1d-492a-b043-70bb1395de0b/analyzeResults/b7f2fd1b-56be-4ec1-bfca-08a84ccb4f06?api-version=2024-02-29-preview",
        "Strict-Transport-Security": "max-age=31536000; includeSubDomains; preload",
        "X-Content-Type-Options": "nosniff",
        "x-envoy-upstream-service-time": "75",
        "x-ms-region": "East US"
      },
      "ResponseBody": null
    },
    {
      "RequestUri": "https://REDACTED/documentintelligence/REDACTED?api-version=2024-02-29-preview",
      "RequestMethod": "GET",
      "RequestHeaders": {
        "Accept": "*/*",
        "Date": "Mon, 04 Mar 2024 05:02:47 GMT",
        "Ocp-Apim-Subscription-Key": "REDACTED",
        "User-Agent": "azsdk-java-azure-ai-documentintelligence/1.0.0-beta.2 (11.0.20.1; Windows 11; 10.0)",
        "x-ms-client-request-id": "701d60d1-4743-4c8e-b4b1-ec4f00f804f5"
      },
      "RequestBody": null,
      "StatusCode": 200,
      "ResponseHeaders": {
        "apim-request-id": "de6cd5fb-b71d-4fd6-92ed-6db61af94a90",
        "Content-Length": "106",
        "Content-Type": "application/json; charset=utf-8",
        "Date": "Mon, 04 Mar 2024 05:02:46 GMT",
        "Strict-Transport-Security": "max-age=31536000; includeSubDomains; preload",
        "X-Content-Type-Options": "nosniff",
        "x-envoy-upstream-service-time": "14",
        "x-ms-region": "East US"
      },
      "ResponseBody": {
        "status": "running",
        "createdDateTime": "2024-03-04T05:02:47Z",
        "lastUpdatedDateTime": "2024-03-04T05:02:47Z"
      }
    },
    {
      "RequestUri": "https://REDACTED/documentintelligence/REDACTED?api-version=2024-02-29-preview",
      "RequestMethod": "GET",
      "RequestHeaders": {
        "Accept": "*/*",
        "Date": "Mon, 04 Mar 2024 05:02:52 GMT",
        "Ocp-Apim-Subscription-Key": "REDACTED",
        "User-Agent": "azsdk-java-azure-ai-documentintelligence/1.0.0-beta.2 (11.0.20.1; Windows 11; 10.0)",
        "x-ms-client-request-id": "4a894879-b01a-4c73-ab46-a168dab52f1f"
      },
      "RequestBody": null,
      "StatusCode": 200,
      "ResponseHeaders": {
        "apim-request-id": "edaf6379-c0b1-4b1b-a0c3-cc495dadb420",
        "Content-Length": "106",
        "Content-Type": "application/json; charset=utf-8",
        "Date": "Mon, 04 Mar 2024 05:02:51 GMT",
        "Strict-Transport-Security": "max-age=31536000; includeSubDomains; preload",
        "X-Content-Type-Options": "nosniff",
        "x-envoy-upstream-service-time": "14",
        "x-ms-region": "East US"
      },
      "ResponseBody": {
        "status": "running",
        "createdDateTime": "2024-03-04T05:02:47Z",
        "lastUpdatedDateTime": "2024-03-04T05:02:47Z"
      }
    },
    {
      "RequestUri": "https://REDACTED/documentintelligence/REDACTED?api-version=2024-02-29-preview",
      "RequestMethod": "GET",
      "RequestHeaders": {
        "Accept": "*/*",
        "Date": "Mon, 04 Mar 2024 05:02:57 GMT",
        "Ocp-Apim-Subscription-Key": "REDACTED",
        "User-Agent": "azsdk-java-azure-ai-documentintelligence/1.0.0-beta.2 (11.0.20.1; Windows 11; 10.0)",
        "x-ms-client-request-id": "52be73fe-b780-40f9-9654-bc5af5392d48"
      },
      "RequestBody": null,
      "StatusCode": 200,
      "ResponseHeaders": {
        "apim-request-id": "c7f4cd26-04ce-4cb8-ad1f-21c3258bf7ca",
        "Content-Length": "106",
        "Content-Type": "application/json; charset=utf-8",
        "Date": "Mon, 04 Mar 2024 05:02:56 GMT",
        "Strict-Transport-Security": "max-age=31536000; includeSubDomains; preload",
        "X-Content-Type-Options": "nosniff",
        "x-envoy-upstream-service-time": "15",
        "x-ms-region": "East US"
      },
      "ResponseBody": {
        "status": "running",
        "createdDateTime": "2024-03-04T05:02:47Z",
        "lastUpdatedDateTime": "2024-03-04T05:02:47Z"
      }
    },
    {
      "RequestUri": "https://REDACTED/documentintelligence/REDACTED?api-version=2024-02-29-preview",
      "RequestMethod": "GET",
      "RequestHeaders": {
        "Accept": "*/*",
        "Date": "Mon, 04 Mar 2024 05:03:02 GMT",
        "Ocp-Apim-Subscription-Key": "REDACTED",
        "User-Agent": "azsdk-java-azure-ai-documentintelligence/1.0.0-beta.2 (11.0.20.1; Windows 11; 10.0)",
        "x-ms-client-request-id": "48d1727d-22e7-48fd-84ae-59a5865ee640"
      },
      "RequestBody": null,
      "StatusCode": 200,
      "ResponseHeaders": {
        "apim-request-id": "4d5d3352-8f80-4072-92f4-700e996e1f39",
        "Content-Length": "1516",
        "Content-Type": "application/json; charset=utf-8",
        "Date": "Mon, 04 Mar 2024 05:03:01 GMT",
        "Strict-Transport-Security": "max-age=31536000; includeSubDomains; preload",
        "X-Content-Type-Options": "nosniff",
        "x-envoy-upstream-service-time": "26",
        "x-ms-region": "East US"
      },
      "ResponseBody": {
        "status": "succeeded",
        "createdDateTime": "2024-03-04T05:02:47Z",
        "lastUpdatedDateTime": "2024-03-04T05:02:58Z",
        "analyzeResult": {
          "apiVersion": "2024-02-29-preview",
          "modelId": "classifierId5c0e9566-8f1d-492a-b043-70bb1395de0b",
          "stringIndexType": "textElements",
          "content": "",
          "pages": [
            {
              "pageNumber": 1,
              "angle": 0.03523727133870125,
              "width": 8.5,
              "height": 11,
              "unit": "inch",
              "words": [],
              "lines": [],
              "spans": [
                {
                  "offset": 0,
                  "length": 0
                }
              ]
            },
            {
              "pageNumber": 2,
              "angle": 0.03077106922864914,
              "width": 8.5,
              "height": 11,
              "unit": "inch",
              "words": [],
              "lines": [],
              "spans": [
                {
                  "offset": 0,
                  "length": 0
                }
              ]
            },
            {
              "pageNumber": 3,
              "angle": 0.03523727133870125,
              "width": 8.5,
              "height": 11,
              "unit": "inch",
              "words": [],
              "lines": [],
              "spans": [
                {
                  "offset": 0,
                  "length": 0
                }
              ]
            },
            {
              "pageNumber": 4,
              "angle": 0.03077106922864914,
              "width": 8.5,
              "height": 11,
              "unit": "inch",
              "words": [],
              "lines": [],
              "spans": [
                {
                  "offset": 0,
                  "length": 0
                }
              ]
            },
            {
              "pageNumber": 5,
              "angle": 0,
              "width": 8.5,
              "height": 11,
              "unit": "inch",
              "words": [],
              "lines": [],
              "spans": [
                {
                  "offset": 0,
                  "length": 0
                }
              ]
            },
            {
              "pageNumber": 6,
              "angle": 0,
              "width": 8.5,
              "height": 11,
              "unit": "inch",
              "words": [],
              "lines": [],
              "spans": [
                {
                  "offset": 0,
                  "length": 0
                }
              ]
            }
          ],
          "documents": [
            {
              "docType": "IRS-1040-C",
              "boundingRegions": [
                {
                  "pageNumber": 1,
                  "polygon": [
                    0,
                    0,
                    8.5,
                    0,
                    8.5,
                    11,
                    0,
                    11
                  ]
                },
                {
                  "pageNumber": 2,
                  "polygon": [
                    0,
                    0,
                    8.5,
                    0,
                    8.5,
                    11,
                    0,
                    11
                  ]
                },
                {
                  "pageNumber": 3,
                  "polygon": [
                    0,
                    0,
                    8.5,
                    0,
                    8.5,
                    11,
                    0,
                    11
                  ]
                },
                {
                  "pageNumber": 4,
                  "polygon": [
                    0,
                    0,
                    8.5,
                    0,
                    8.5,
                    11,
                    0,
                    11
                  ]
                },
                {
                  "pageNumber": 5,
                  "polygon": [
                    0,
                    0,
                    8.5,
                    0,
                    8.5,
                    11,
                    0,
                    11
                  ]
                },
                {
                  "pageNumber": 6,
                  "polygon": [
                    0,
                    0,
                    8.5,
                    0,
                    8.5,
                    11,
                    0,
                    11
                  ]
                }
              ],
              "confidence": 0.188,
              "spans": [
                {
                  "offset": 0,
                  "length": 0
                }
              ]
            }
          ],
          "contentFormat": "text"
        }
      }
    }
  ],
  "Variables": {}
}
