{
  "Entries": [
    {
      "RequestUri": "https://REDACTED//documentintelligence/documentClassifiers:build?api-version=2023-10-31-preview",
      "RequestMethod": "POST",
      "RequestHeaders": {
        "Accept": "application/json",
        "Content-Length": "1580",
        "Content-Type": "application/json",
        "Date": "Wed, 15 Nov 2023 05:17:04 GMT",
        "Ocp-Apim-Subscription-Key": "REDACTED",
        "User-Agent": "azsdk-java-azure-ai-documentintelligence/1.0.0-beta.1 (17.0.8.1; Windows 11; 10.0)",
        "x-ms-client-request-id": "2416646c-2f8c-442e-827f-15f609bc65fe"
      },
      "RequestBody": null,
      "StatusCode": 202,
      "ResponseHeaders": {
        "apim-request-id": "63b330a2-1f27-4a42-8259-a94047e66942",
        "Content-Length": "0",
        "Date": "Wed, 15 Nov 2023 05:17:04 GMT",
        "operation-location": "https://REDACTED/documentintelligence/operations/31466342575_63b330a2-1f27-4a42-8259-a94047e66942?api-version=2023-10-31-preview",
        "Strict-Transport-Security": "max-age=31536000; includeSubDomains; preload",
        "X-Content-Type-Options": "nosniff",
        "x-envoy-upstream-service-time": "140",
        "x-ms-region": "East US"
      },
      "ResponseBody": null
    },
    {
      "RequestUri": "https://REDACTED/documentintelligence/operations/31466342575_63b330a2-1f27-4a42-8259-a94047e66942?api-version=2023-10-31-preview",
      "RequestMethod": "GET",
      "RequestHeaders": {
        "Accept": "*/*",
        "Date": "Wed, 15 Nov 2023 05:17:09 GMT",
        "Ocp-Apim-Subscription-Key": "REDACTED",
        "User-Agent": "azsdk-java-azure-ai-documentintelligence/1.0.0-beta.1 (17.0.8.1; Windows 11; 10.0)",
        "x-ms-client-request-id": "f7837eee-a302-4d07-b6e2-5c2bf4de4bc6"
      },
      "RequestBody": null,
      "StatusCode": 200,
      "ResponseHeaders": {
        "apim-request-id": "3996dc77-bc64-4b81-b427-0fe5dba0967c",
        "Content-Type": "application/json; charset=utf-8",
        "Date": "Wed, 15 Nov 2023 05:17:09 GMT",
        "Strict-Transport-Security": "max-age=31536000; includeSubDomains; preload",
        "Transfer-Encoding": "chunked",
        "X-Content-Type-Options": "nosniff",
        "x-envoy-upstream-service-time": "14",
        "x-ms-region": "East US"
      },
      "ResponseBody": {
        "operationId": "31466342575_63b330a2-1f27-4a42-8259-a94047e66942",
        "kind": "documentClassifierBuild",
        "status": "notStarted",
        "createdDateTime": "2023-11-15T05:17:04Z",
        "lastUpdatedDateTime": "2023-11-15T05:17:04Z",
        "resourceLocation": "REDACTED",
        "apiVersion": "2023-10-31-preview"
      }
    },
    {
      "RequestUri": "https://REDACTED/documentintelligence/operations/31466342575_63b330a2-1f27-4a42-8259-a94047e66942?api-version=2023-10-31-preview",
      "RequestMethod": "GET",
      "RequestHeaders": {
        "Accept": "*/*",
        "Date": "Wed, 15 Nov 2023 05:17:15 GMT",
        "Ocp-Apim-Subscription-Key": "REDACTED",
        "User-Agent": "azsdk-java-azure-ai-documentintelligence/1.0.0-beta.1 (17.0.8.1; Windows 11; 10.0)",
        "x-ms-client-request-id": "cf8de5dd-f7f1-4921-9db4-1d06e41ab5ad"
      },
      "RequestBody": null,
      "StatusCode": 200,
      "ResponseHeaders": {
        "apim-request-id": "47e5a2eb-8e9f-404f-9538-22b5aff86281",
        "Content-Type": "application/json; charset=utf-8",
        "Date": "Wed, 15 Nov 2023 05:17:14 GMT",
        "Strict-Transport-Security": "max-age=31536000; includeSubDomains; preload",
        "Transfer-Encoding": "chunked",
        "X-Content-Type-Options": "nosniff",
        "x-envoy-upstream-service-time": "8",
        "x-ms-region": "East US"
      },
      "ResponseBody": {
        "operationId": "31466342575_63b330a2-1f27-4a42-8259-a94047e66942",
        "kind": "documentClassifierBuild",
        "status": "running",
        "createdDateTime": "2023-11-15T05:17:04Z",
        "lastUpdatedDateTime": "2023-11-15T05:17:13Z",
        "resourceLocation": "REDACTED",
        "apiVersion": "2023-10-31-preview"
      }
    },
    {
      "RequestUri": "https://REDACTED/documentintelligence/operations/31466342575_63b330a2-1f27-4a42-8259-a94047e66942?api-version=2023-10-31-preview",
      "RequestMethod": "GET",
      "RequestHeaders": {
        "Accept": "*/*",
        "Date": "Wed, 15 Nov 2023 05:17:20 GMT",
        "Ocp-Apim-Subscription-Key": "REDACTED",
        "User-Agent": "azsdk-java-azure-ai-documentintelligence/1.0.0-beta.1 (17.0.8.1; Windows 11; 10.0)",
        "x-ms-client-request-id": "3d49fa40-2808-4207-847b-22e269be1f51"
      },
      "RequestBody": null,
      "StatusCode": 200,
      "ResponseHeaders": {
        "apim-request-id": "130aa6c4-7413-4196-a087-f7d0bd9fe933",
        "Content-Type": "application/json; charset=utf-8",
        "Date": "Wed, 15 Nov 2023 05:17:19 GMT",
        "Strict-Transport-Security": "max-age=31536000; includeSubDomains; preload",
        "Transfer-Encoding": "chunked",
        "X-Content-Type-Options": "nosniff",
        "x-envoy-upstream-service-time": "11",
        "x-ms-region": "East US"
      },
      "ResponseBody": {
        "operationId": "31466342575_63b330a2-1f27-4a42-8259-a94047e66942",
        "kind": "documentClassifierBuild",
        "status": "running",
        "createdDateTime": "2023-11-15T05:17:04Z",
        "lastUpdatedDateTime": "2023-11-15T05:17:13Z",
        "resourceLocation": "REDACTED",
        "apiVersion": "2023-10-31-preview"
      }
    },
    {
      "RequestUri": "https://REDACTED/documentintelligence/operations/31466342575_63b330a2-1f27-4a42-8259-a94047e66942?api-version=2023-10-31-preview",
      "RequestMethod": "GET",
      "RequestHeaders": {
        "Accept": "*/*",
        "Date": "Wed, 15 Nov 2023 05:17:25 GMT",
        "Ocp-Apim-Subscription-Key": "REDACTED",
        "User-Agent": "azsdk-java-azure-ai-documentintelligence/1.0.0-beta.1 (17.0.8.1; Windows 11; 10.0)",
        "x-ms-client-request-id": "29a49ac5-322c-4180-bfaa-880e511f04a3"
      },
      "RequestBody": null,
      "StatusCode": 200,
      "ResponseHeaders": {
        "apim-request-id": "a169fde5-c7c2-4ca8-be31-f6c0f12b28bf",
        "Content-Type": "application/json; charset=utf-8",
        "Date": "Wed, 15 Nov 2023 05:17:25 GMT",
        "Strict-Transport-Security": "max-age=31536000; includeSubDomains; preload",
        "Transfer-Encoding": "chunked",
        "X-Content-Type-Options": "nosniff",
        "x-envoy-upstream-service-time": "10",
        "x-ms-region": "East US"
      },
      "ResponseBody": {
        "operationId": "31466342575_63b330a2-1f27-4a42-8259-a94047e66942",
        "kind": "documentClassifierBuild",
        "status": "running",
        "createdDateTime": "2023-11-15T05:17:04Z",
        "lastUpdatedDateTime": "2023-11-15T05:17:13Z",
        "resourceLocation": "REDACTED",
        "apiVersion": "2023-10-31-preview"
      }
    },
    {
      "RequestUri": "https://REDACTED/documentintelligence/operations/31466342575_63b330a2-1f27-4a42-8259-a94047e66942?api-version=2023-10-31-preview",
      "RequestMethod": "GET",
      "RequestHeaders": {
        "Accept": "*/*",
        "Date": "Wed, 15 Nov 2023 05:17:30 GMT",
        "Ocp-Apim-Subscription-Key": "REDACTED",
        "User-Agent": "azsdk-java-azure-ai-documentintelligence/1.0.0-beta.1 (17.0.8.1; Windows 11; 10.0)",
        "x-ms-client-request-id": "fede5f1c-a04c-43d0-9d6a-ca6edd3d604f"
      },
      "RequestBody": null,
      "StatusCode": 200,
      "ResponseHeaders": {
        "apim-request-id": "22dafe46-542f-4b6e-93bc-22c8453afa96",
        "Content-Type": "application/json; charset=utf-8",
        "Date": "Wed, 15 Nov 2023 05:17:30 GMT",
        "Strict-Transport-Security": "max-age=31536000; includeSubDomains; preload",
        "Transfer-Encoding": "chunked",
        "X-Content-Type-Options": "nosniff",
        "x-envoy-upstream-service-time": "14",
        "x-ms-region": "East US"
      },
      "ResponseBody": {
        "operationId": "31466342575_63b330a2-1f27-4a42-8259-a94047e66942",
        "kind": "documentClassifierBuild",
        "status": "running",
        "createdDateTime": "2023-11-15T05:17:04Z",
        "lastUpdatedDateTime": "2023-11-15T05:17:13Z",
        "resourceLocation": "REDACTED",
        "apiVersion": "2023-10-31-preview"
      }
    },
    {
      "RequestUri": "https://REDACTED/documentintelligence/operations/31466342575_63b330a2-1f27-4a42-8259-a94047e66942?api-version=2023-10-31-preview",
      "RequestMethod": "GET",
      "RequestHeaders": {
        "Accept": "*/*",
        "Date": "Wed, 15 Nov 2023 05:17:35 GMT",
        "Ocp-Apim-Subscription-Key": "REDACTED",
        "User-Agent": "azsdk-java-azure-ai-documentintelligence/1.0.0-beta.1 (17.0.8.1; Windows 11; 10.0)",
        "x-ms-client-request-id": "36b59910-722f-4f56-b8b1-35db140bf448"
      },
      "RequestBody": null,
      "StatusCode": 200,
      "ResponseHeaders": {
        "apim-request-id": "8707c4ad-d40b-47e5-a3a9-27e499bed82d",
        "Content-Type": "application/json; charset=utf-8",
        "Date": "Wed, 15 Nov 2023 05:17:34 GMT",
        "Strict-Transport-Security": "max-age=31536000; includeSubDomains; preload",
        "Transfer-Encoding": "chunked",
        "X-Content-Type-Options": "nosniff",
        "x-envoy-upstream-service-time": "17",
        "x-ms-region": "East US"
      },
      "ResponseBody": {
        "operationId": "31466342575_63b330a2-1f27-4a42-8259-a94047e66942",
        "kind": "documentClassifierBuild",
        "status": "running",
        "createdDateTime": "2023-11-15T05:17:04Z",
        "lastUpdatedDateTime": "2023-11-15T05:17:13Z",
        "resourceLocation": "REDACTED",
        "apiVersion": "2023-10-31-preview"
      }
    },
    {
      "RequestUri": "https://REDACTED/documentintelligence/operations/31466342575_63b330a2-1f27-4a42-8259-a94047e66942?api-version=2023-10-31-preview",
      "RequestMethod": "GET",
      "RequestHeaders": {
        "Accept": "*/*",
        "Date": "Wed, 15 Nov 2023 05:17:40 GMT",
        "Ocp-Apim-Subscription-Key": "REDACTED",
        "User-Agent": "azsdk-java-azure-ai-documentintelligence/1.0.0-beta.1 (17.0.8.1; Windows 11; 10.0)",
        "x-ms-client-request-id": "b99d792d-ebdc-443e-8887-16248b7dff02"
      },
      "RequestBody": null,
      "StatusCode": 200,
      "ResponseHeaders": {
        "apim-request-id": "8ae99e60-4e51-449a-b1e6-9b67545067e4",
        "Content-Type": "application/json; charset=utf-8",
        "Date": "Wed, 15 Nov 2023 05:17:40 GMT",
        "Strict-Transport-Security": "max-age=31536000; includeSubDomains; preload",
        "Transfer-Encoding": "chunked",
        "X-Content-Type-Options": "nosniff",
        "x-envoy-upstream-service-time": "8",
        "x-ms-region": "East US"
      },
      "ResponseBody": {
        "operationId": "31466342575_63b330a2-1f27-4a42-8259-a94047e66942",
        "kind": "documentClassifierBuild",
        "status": "running",
        "createdDateTime": "2023-11-15T05:17:04Z",
        "lastUpdatedDateTime": "2023-11-15T05:17:13Z",
        "resourceLocation": "REDACTED",
        "apiVersion": "2023-10-31-preview"
      }
    },
    {
      "RequestUri": "https://REDACTED/documentintelligence/operations/31466342575_63b330a2-1f27-4a42-8259-a94047e66942?api-version=2023-10-31-preview",
      "RequestMethod": "GET",
      "RequestHeaders": {
        "Accept": "*/*",
        "Date": "Wed, 15 Nov 2023 05:17:45 GMT",
        "Ocp-Apim-Subscription-Key": "REDACTED",
        "User-Agent": "azsdk-java-azure-ai-documentintelligence/1.0.0-beta.1 (17.0.8.1; Windows 11; 10.0)",
        "x-ms-client-request-id": "8ca71dd9-6976-44b4-b7fa-bc43efdcf765"
      },
      "RequestBody": null,
      "StatusCode": 200,
      "ResponseHeaders": {
        "apim-request-id": "9c8f46bb-c0ac-4909-8e80-1899b2921fb0",
        "Content-Type": "application/json; charset=utf-8",
        "Date": "Wed, 15 Nov 2023 05:17:44 GMT",
        "Strict-Transport-Security": "max-age=31536000; includeSubDomains; preload",
        "Transfer-Encoding": "chunked",
        "X-Content-Type-Options": "nosniff",
        "x-envoy-upstream-service-time": "7",
        "x-ms-region": "East US"
      },
      "ResponseBody": {
        "operationId": "31466342575_63b330a2-1f27-4a42-8259-a94047e66942",
        "kind": "documentClassifierBuild",
        "status": "running",
        "createdDateTime": "2023-11-15T05:17:04Z",
        "lastUpdatedDateTime": "2023-11-15T05:17:13Z",
        "resourceLocation": "REDACTED",
        "apiVersion": "2023-10-31-preview"
      }
    },
    {
      "RequestUri": "https://REDACTED/documentintelligence/operations/31466342575_63b330a2-1f27-4a42-8259-a94047e66942?api-version=2023-10-31-preview",
      "RequestMethod": "GET",
      "RequestHeaders": {
        "Accept": "*/*",
        "Date": "Wed, 15 Nov 2023 05:17:50 GMT",
        "Ocp-Apim-Subscription-Key": "REDACTED",
        "User-Agent": "azsdk-java-azure-ai-documentintelligence/1.0.0-beta.1 (17.0.8.1; Windows 11; 10.0)",
        "x-ms-client-request-id": "e0809831-37e3-457f-b39d-5866f7e23ee9"
      },
      "RequestBody": null,
      "StatusCode": 200,
      "ResponseHeaders": {
        "apim-request-id": "fbc29caf-a2f0-464c-872e-d0921d16fcef",
        "Content-Type": "application/json; charset=utf-8",
        "Date": "Wed, 15 Nov 2023 05:17:50 GMT",
        "Strict-Transport-Security": "max-age=31536000; includeSubDomains; preload",
        "Transfer-Encoding": "chunked",
        "X-Content-Type-Options": "nosniff",
        "x-envoy-upstream-service-time": "8",
        "x-ms-region": "East US"
      },
      "ResponseBody": {
        "operationId": "31466342575_63b330a2-1f27-4a42-8259-a94047e66942",
        "kind": "documentClassifierBuild",
        "status": "running",
        "createdDateTime": "2023-11-15T05:17:04Z",
        "lastUpdatedDateTime": "2023-11-15T05:17:13Z",
        "resourceLocation": "REDACTED",
        "apiVersion": "2023-10-31-preview"
      }
    },
    {
      "RequestUri": "https://REDACTED/documentintelligence/operations/31466342575_63b330a2-1f27-4a42-8259-a94047e66942?api-version=2023-10-31-preview",
      "RequestMethod": "GET",
      "RequestHeaders": {
        "Accept": "*/*",
        "Date": "Wed, 15 Nov 2023 05:17:55 GMT",
        "Ocp-Apim-Subscription-Key": "REDACTED",
        "User-Agent": "azsdk-java-azure-ai-documentintelligence/1.0.0-beta.1 (17.0.8.1; Windows 11; 10.0)",
        "x-ms-client-request-id": "8415ac04-6ac0-4872-9319-e3e6af497c87"
      },
      "RequestBody": null,
      "StatusCode": 200,
      "ResponseHeaders": {
        "apim-request-id": "98d39b91-9d0b-4851-acdf-54d8551f2d9b",
        "Content-Type": "application/json; charset=utf-8",
        "Date": "Wed, 15 Nov 2023 05:17:54 GMT",
        "Strict-Transport-Security": "max-age=31536000; includeSubDomains; preload",
        "Transfer-Encoding": "chunked",
        "X-Content-Type-Options": "nosniff",
        "x-envoy-upstream-service-time": "8",
        "x-ms-region": "East US"
      },
      "ResponseBody": {
        "operationId": "31466342575_63b330a2-1f27-4a42-8259-a94047e66942",
        "kind": "documentClassifierBuild",
        "status": "running",
        "createdDateTime": "2023-11-15T05:17:04Z",
        "lastUpdatedDateTime": "2023-11-15T05:17:13Z",
        "resourceLocation": "REDACTED",
        "apiVersion": "2023-10-31-preview"
      }
    },
    {
      "RequestUri": "https://REDACTED/documentintelligence/operations/31466342575_63b330a2-1f27-4a42-8259-a94047e66942?api-version=2023-10-31-preview",
      "RequestMethod": "GET",
      "RequestHeaders": {
        "Accept": "*/*",
        "Date": "Wed, 15 Nov 2023 05:18:00 GMT",
        "Ocp-Apim-Subscription-Key": "REDACTED",
        "User-Agent": "azsdk-java-azure-ai-documentintelligence/1.0.0-beta.1 (17.0.8.1; Windows 11; 10.0)",
        "x-ms-client-request-id": "6e8ef240-68a7-4e4c-b8d0-80aafb365e77"
      },
      "RequestBody": null,
      "StatusCode": 200,
      "ResponseHeaders": {
        "apim-request-id": "d143ad29-1f82-4373-bf8b-a62171b16a9e",
        "Content-Type": "application/json; charset=utf-8",
        "Date": "Wed, 15 Nov 2023 05:18:00 GMT",
        "Strict-Transport-Security": "max-age=31536000; includeSubDomains; preload",
        "Transfer-Encoding": "chunked",
        "X-Content-Type-Options": "nosniff",
        "x-envoy-upstream-service-time": "11",
        "x-ms-region": "East US"
      },
      "ResponseBody": {
        "operationId": "31466342575_63b330a2-1f27-4a42-8259-a94047e66942",
        "kind": "documentClassifierBuild",
        "status": "running",
        "createdDateTime": "2023-11-15T05:17:04Z",
        "lastUpdatedDateTime": "2023-11-15T05:17:13Z",
        "resourceLocation": "REDACTED",
        "apiVersion": "2023-10-31-preview"
      }
    },
    {
      "RequestUri": "https://REDACTED/documentintelligence/operations/31466342575_63b330a2-1f27-4a42-8259-a94047e66942?api-version=2023-10-31-preview",
      "RequestMethod": "GET",
      "RequestHeaders": {
        "Accept": "*/*",
        "Date": "Wed, 15 Nov 2023 05:18:05 GMT",
        "Ocp-Apim-Subscription-Key": "REDACTED",
        "User-Agent": "azsdk-java-azure-ai-documentintelligence/1.0.0-beta.1 (17.0.8.1; Windows 11; 10.0)",
        "x-ms-client-request-id": "ca81f202-2b63-4a1a-bda0-900c8e35d70d"
      },
      "RequestBody": null,
      "StatusCode": 200,
      "ResponseHeaders": {
        "apim-request-id": "48672bcc-a3dc-4ceb-90b9-722b27485cda",
        "Content-Type": "application/json; charset=utf-8",
        "Date": "Wed, 15 Nov 2023 05:18:06 GMT",
        "Strict-Transport-Security": "max-age=31536000; includeSubDomains; preload",
        "Transfer-Encoding": "chunked",
        "X-Content-Type-Options": "nosniff",
        "x-envoy-upstream-service-time": "9",
        "x-ms-region": "East US"
      },
      "ResponseBody": {
        "operationId": "31466342575_63b330a2-1f27-4a42-8259-a94047e66942",
        "kind": "documentClassifierBuild",
        "status": "running",
        "createdDateTime": "2023-11-15T05:17:04Z",
        "lastUpdatedDateTime": "2023-11-15T05:17:13Z",
        "resourceLocation": "REDACTED",
        "apiVersion": "2023-10-31-preview"
      }
    },
    {
      "RequestUri": "https://REDACTED/documentintelligence/operations/31466342575_63b330a2-1f27-4a42-8259-a94047e66942?api-version=2023-10-31-preview",
      "RequestMethod": "GET",
      "RequestHeaders": {
        "Accept": "*/*",
        "Date": "Wed, 15 Nov 2023 05:18:11 GMT",
        "Ocp-Apim-Subscription-Key": "REDACTED",
        "User-Agent": "azsdk-java-azure-ai-documentintelligence/1.0.0-beta.1 (17.0.8.1; Windows 11; 10.0)",
        "x-ms-client-request-id": "d221ec0e-b932-4454-b14b-4eada7a9eb16"
      },
      "RequestBody": null,
      "StatusCode": 200,
      "ResponseHeaders": {
        "apim-request-id": "16eb76d5-addd-45cb-92e8-07950131ac7c",
        "Content-Type": "application/json; charset=utf-8",
        "Date": "Wed, 15 Nov 2023 05:18:10 GMT",
        "Strict-Transport-Security": "max-age=31536000; includeSubDomains; preload",
        "Transfer-Encoding": "chunked",
        "X-Content-Type-Options": "nosniff",
        "x-envoy-upstream-service-time": "10",
        "x-ms-region": "East US"
      },
      "ResponseBody": {
        "operationId": "31466342575_63b330a2-1f27-4a42-8259-a94047e66942",
        "kind": "documentClassifierBuild",
        "status": "running",
        "createdDateTime": "2023-11-15T05:17:04Z",
        "lastUpdatedDateTime": "2023-11-15T05:17:13Z",
        "resourceLocation": "REDACTED",
        "apiVersion": "2023-10-31-preview"
      }
    },
    {
      "RequestUri": "https://REDACTED/documentintelligence/operations/31466342575_63b330a2-1f27-4a42-8259-a94047e66942?api-version=2023-10-31-preview",
      "RequestMethod": "GET",
      "RequestHeaders": {
        "Accept": "*/*",
        "Date": "Wed, 15 Nov 2023 05:18:16 GMT",
        "Ocp-Apim-Subscription-Key": "REDACTED",
        "User-Agent": "azsdk-java-azure-ai-documentintelligence/1.0.0-beta.1 (17.0.8.1; Windows 11; 10.0)",
        "x-ms-client-request-id": "387fc5ae-ca98-4021-b623-be24d084a114"
      },
      "RequestBody": null,
      "StatusCode": 200,
      "ResponseHeaders": {
        "apim-request-id": "ddfb9825-a025-4919-ab14-74f6fa5f8d7a",
        "Content-Type": "application/json; charset=utf-8",
        "Date": "Wed, 15 Nov 2023 05:18:16 GMT",
        "Strict-Transport-Security": "max-age=31536000; includeSubDomains; preload",
        "Transfer-Encoding": "chunked",
        "X-Content-Type-Options": "nosniff",
        "x-envoy-upstream-service-time": "10",
        "x-ms-region": "East US"
      },
      "ResponseBody": {
        "operationId": "31466342575_63b330a2-1f27-4a42-8259-a94047e66942",
        "kind": "documentClassifierBuild",
        "status": "running",
        "createdDateTime": "2023-11-15T05:17:04Z",
        "lastUpdatedDateTime": "2023-11-15T05:17:13Z",
        "resourceLocation": "REDACTED",
        "apiVersion": "2023-10-31-preview"
      }
    },
    {
      "RequestUri": "https://REDACTED/documentintelligence/operations/31466342575_63b330a2-1f27-4a42-8259-a94047e66942?api-version=2023-10-31-preview",
      "RequestMethod": "GET",
      "RequestHeaders": {
        "Accept": "*/*",
        "Date": "Wed, 15 Nov 2023 05:18:21 GMT",
        "Ocp-Apim-Subscription-Key": "REDACTED",
        "User-Agent": "azsdk-java-azure-ai-documentintelligence/1.0.0-beta.1 (17.0.8.1; Windows 11; 10.0)",
        "x-ms-client-request-id": "0a8682fa-79b4-403b-a7df-fe8c8519a179"
      },
      "RequestBody": null,
      "StatusCode": 200,
      "ResponseHeaders": {
        "apim-request-id": "891b2e76-1835-4b06-9314-6ef901d4e70f",
        "Content-Type": "application/json; charset=utf-8",
        "Date": "Wed, 15 Nov 2023 05:18:20 GMT",
        "Strict-Transport-Security": "max-age=31536000; includeSubDomains; preload",
        "Transfer-Encoding": "chunked",
        "X-Content-Type-Options": "nosniff",
        "x-envoy-upstream-service-time": "8",
        "x-ms-region": "East US"
      },
      "ResponseBody": {
        "operationId": "31466342575_63b330a2-1f27-4a42-8259-a94047e66942",
        "kind": "documentClassifierBuild",
        "status": "succeeded",
        "createdDateTime": "2023-11-15T05:17:04Z",
        "lastUpdatedDateTime": "2023-11-15T05:18:18Z",
        "resourceLocation": "REDACTED",
        "percentCompleted": 100,
        "result": {
          "classifierId": "classifierId4f0fed21-e455-4b0b-b15d-084f754eaf0f",
          "createdDateTime": "2023-11-15T05:18:18Z",
          "expirationDateTime": "2025-11-14T05:18:18Z",
          "apiVersion": "2023-10-31-preview",
          "docTypes": {
            "IRS-1040-B": {
              "kind": "azureBlob",
              "azureBlobSource": {
                "containerUrl": "https://azuresdktrainingdata.blob.core.windows.net/training-data-classifier",
                "prefix": "IRS-1040-B/train"
              }
            },
            "IRS-1040-A": {
              "kind": "azureBlob",
              "azureBlobSource": {
                "containerUrl": "https://azuresdktrainingdata.blob.core.windows.net/training-data-classifier",
                "prefix": "IRS-1040-A/train"
              }
            },
            "IRS-1040-D": {
              "kind": "azureBlob",
              "azureBlobSource": {
                "containerUrl": "https://azuresdktrainingdata.blob.core.windows.net/training-data-classifier",
                "prefix": "IRS-1040-D/train"
              }
            },
            "IRS-1040-C": {
              "kind": "azureBlob",
              "azureBlobSource": {
                "containerUrl": "https://azuresdktrainingdata.blob.core.windows.net/training-data-classifier",
                "prefix": "IRS-1040-C/train"
              }
            },
            "IRS-1040-E": {
              "kind": "azureBlob",
              "azureBlobSource": {
                "containerUrl": "https://azuresdktrainingdata.blob.core.windows.net/training-data-classifier",
                "prefix": "IRS-1040-E/train"
              }
            }
          }
        },
        "apiVersion": "2023-10-31-preview"
      }
    },
    {
      "RequestUri": "https://REDACTED/documentintelligence/documentClassifiers/classifierId4f0fed21-e455-4b0b-b15d-084f754eaf0f?api-version=2023-10-31-preview",
      "RequestMethod": "GET",
      "RequestHeaders": {
        "Accept": "*/*",
        "Date": "Wed, 15 Nov 2023 05:18:21 GMT",
        "Ocp-Apim-Subscription-Key": "REDACTED",
        "User-Agent": "azsdk-java-azure-ai-documentintelligence/1.0.0-beta.1 (17.0.8.1; Windows 11; 10.0)",
        "x-ms-client-request-id": "7720cda9-edda-44dc-bbb0-6e58a70ec399"
      },
      "RequestBody": null,
      "StatusCode": 200,
      "ResponseHeaders": {
        "apim-request-id": "587b03d0-a317-402e-b343-a5ececbdca0f",
        "Content-Type": "application/json; charset=utf-8",
        "Date": "Wed, 15 Nov 2023 05:18:20 GMT",
        "Strict-Transport-Security": "max-age=31536000; includeSubDomains; preload",
        "Transfer-Encoding": "chunked",
        "X-Content-Type-Options": "nosniff",
        "x-envoy-upstream-service-time": "14",
        "x-ms-region": "East US"
      },
      "ResponseBody": {
        "classifierId": "classifierId4f0fed21-e455-4b0b-b15d-084f754eaf0f",
        "createdDateTime": "2023-11-15T05:18:18Z",
        "expirationDateTime": "2025-11-14T05:18:18Z",
        "apiVersion": "2023-10-31-preview",
        "docTypes": {
          "IRS-1040-B": {
            "kind": "azureBlob",
            "azureBlobSource": {
              "containerUrl": "https://azuresdktrainingdata.blob.core.windows.net/training-data-classifier",
              "prefix": "IRS-1040-B/train"
            }
          },
          "IRS-1040-A": {
            "kind": "azureBlob",
            "azureBlobSource": {
              "containerUrl": "https://azuresdktrainingdata.blob.core.windows.net/training-data-classifier",
              "prefix": "IRS-1040-A/train"
            }
          },
          "IRS-1040-D": {
            "kind": "azureBlob",
            "azureBlobSource": {
              "containerUrl": "https://azuresdktrainingdata.blob.core.windows.net/training-data-classifier",
              "prefix": "IRS-1040-D/train"
            }
          },
          "IRS-1040-C": {
            "kind": "azureBlob",
            "azureBlobSource": {
              "containerUrl": "https://azuresdktrainingdata.blob.core.windows.net/training-data-classifier",
              "prefix": "IRS-1040-C/train"
            }
          },
          "IRS-1040-E": {
            "kind": "azureBlob",
            "azureBlobSource": {
              "containerUrl": "https://azuresdktrainingdata.blob.core.windows.net/training-data-classifier",
              "prefix": "IRS-1040-E/train"
            }
          }
        }
      }
    },
    {
      "RequestUri": "https://REDACTED/documentintelligence/documentClassifiers/classifierId4f0fed21-e455-4b0b-b15d-084f754eaf0f?api-version=2023-10-31-preview",
      "RequestMethod": "GET",
      "RequestHeaders": {
        "Accept": "*/*",
        "Date": "Wed, 15 Nov 2023 05:18:21 GMT",
        "Ocp-Apim-Subscription-Key": "REDACTED",
        "User-Agent": "azsdk-java-azure-ai-documentintelligence/1.0.0-beta.1 (17.0.8.1; Windows 11; 10.0)",
        "x-ms-client-request-id": "c51bbac5-8dba-4ccb-ac7e-16562b16b4af"
      },
      "RequestBody": null,
      "StatusCode": 200,
      "ResponseHeaders": {
        "apim-request-id": "a67ff30c-e5e1-439d-9c86-9d46610b0b05",
        "Content-Type": "application/json; charset=utf-8",
        "Date": "Wed, 15 Nov 2023 05:18:20 GMT",
        "Strict-Transport-Security": "max-age=31536000; includeSubDomains; preload",
        "Transfer-Encoding": "chunked",
        "X-Content-Type-Options": "nosniff",
        "x-envoy-upstream-service-time": "14",
        "x-ms-region": "East US"
      },
      "ResponseBody": {
        "classifierId": "classifierId4f0fed21-e455-4b0b-b15d-084f754eaf0f",
        "createdDateTime": "2023-11-15T05:18:18Z",
        "expirationDateTime": "2025-11-14T05:18:18Z",
        "apiVersion": "2023-10-31-preview",
        "docTypes": {
          "IRS-1040-B": {
            "kind": "azureBlob",
            "azureBlobSource": {
              "containerUrl": "https://azuresdktrainingdata.blob.core.windows.net/training-data-classifier",
              "prefix": "IRS-1040-B/train"
            }
          },
          "IRS-1040-A": {
            "kind": "azureBlob",
            "azureBlobSource": {
              "containerUrl": "https://azuresdktrainingdata.blob.core.windows.net/training-data-classifier",
              "prefix": "IRS-1040-A/train"
            }
          },
          "IRS-1040-D": {
            "kind": "azureBlob",
            "azureBlobSource": {
              "containerUrl": "https://azuresdktrainingdata.blob.core.windows.net/training-data-classifier",
              "prefix": "IRS-1040-D/train"
            }
          },
          "IRS-1040-C": {
            "kind": "azureBlob",
            "azureBlobSource": {
              "containerUrl": "https://azuresdktrainingdata.blob.core.windows.net/training-data-classifier",
              "prefix": "IRS-1040-C/train"
            }
          },
          "IRS-1040-E": {
            "kind": "azureBlob",
            "azureBlobSource": {
              "containerUrl": "https://azuresdktrainingdata.blob.core.windows.net/training-data-classifier",
              "prefix": "IRS-1040-E/train"
            }
          }
        }
      }
    }
  ],
  "Variables": {}
}
