{
  "Entries": [
    {
      "RequestUri": "https://REDACTED/documentintelligence/REDACTED?api-version=2024-02-29-preview",
      "RequestMethod": "POST",
      "RequestHeaders": {
        "Accept": "application/json",
        "Authorization": "Sanitized",
        "Content-Length": "525",
        "Content-Type": "application/json",
        "Date": "Fri, 05 Jul 2024 22:38:51 GMT",
        "User-Agent": "azsdk-java-azure-ai-documentintelligence/1.0.0-beta.4 (11.0.20.1; Windows 11; 10.0)",
        "x-ms-client-request-id": "Sanitized"
      },
      "RequestBody": {
        "classifierId": "classifierId80066f86-0f3f-4dc5-a913-ffc117e48550",
        "docTypes": {
          "IRS-1040-B": {
            "azureBlobSource": {
              "containerUrl": "REDACTED",
              "prefix": "IRS-1040-B/train"
            }
          },
          "IRS-1040-A": {
            "azureBlobSource": {
              "containerUrl": "REDACTED",
              "prefix": "IRS-1040-A/train"
            }
          },
          "IRS-1040-D": {
            "azureBlobSource": {
              "containerUrl": "REDACTED",
              "prefix": "IRS-1040-D/train"
            }
          },
          "IRS-1040-C": {
            "azureBlobSource": {
              "containerUrl": "REDACTED",
              "prefix": "IRS-1040-C/train"
            }
          },
          "IRS-1040-E": {
            "azureBlobSource": {
              "containerUrl": "REDACTED",
              "prefix": "IRS-1040-E/train"
            }
          }
        }
      },
      "StatusCode": 429,
      "ResponseHeaders": {
        "apim-request-id": "28d12e1e-24b9-4082-a7dd-3ccc9aa29608",
        "Content-Length": "85",
        "Content-Type": "application/json",
        "Date": "Fri, 05 Jul 2024 22:38:52 GMT",
        "policy-id": "ResourceRateLimitBy1s",
        "Retry-After": "1",
        "Strict-Transport-Security": "max-age=31536000; includeSubDomains; preload",
        "X-Content-Type-Options": "nosniff"
      },
      "ResponseBody": {
        "error": {
          "code": "429",
          "message": "Rate limit is exceeded. Try again in 1 seconds."
        }
      }
    },
    {
      "RequestUri": "https://REDACTED/documentintelligence/REDACTED?api-version=2024-02-29-preview",
      "RequestMethod": "POST",
      "RequestHeaders": {
        "Accept": "application/json",
        "Authorization": "Sanitized",
        "Content-Length": "525",
        "Content-Type": "application/json",
        "Date": "Fri, 05 Jul 2024 22:38:53 GMT",
        "User-Agent": "azsdk-java-azure-ai-documentintelligence/1.0.0-beta.4 (11.0.20.1; Windows 11; 10.0)",
        "x-ms-client-request-id": "Sanitized"
      },
      "RequestBody": {
        "classifierId": "classifierId80066f86-0f3f-4dc5-a913-ffc117e48550",
        "docTypes": {
          "IRS-1040-B": {
            "azureBlobSource": {
              "containerUrl": "REDACTED",
              "prefix": "IRS-1040-B/train"
            }
          },
          "IRS-1040-A": {
            "azureBlobSource": {
              "containerUrl": "REDACTED",
              "prefix": "IRS-1040-A/train"
            }
          },
          "IRS-1040-D": {
            "azureBlobSource": {
              "containerUrl": "REDACTED",
              "prefix": "IRS-1040-D/train"
            }
          },
          "IRS-1040-C": {
            "azureBlobSource": {
              "containerUrl": "REDACTED",
              "prefix": "IRS-1040-C/train"
            }
          },
          "IRS-1040-E": {
            "azureBlobSource": {
              "containerUrl": "REDACTED",
              "prefix": "IRS-1040-E/train"
            }
          }
        }
      },
      "StatusCode": 202,
      "ResponseHeaders": {
        "apim-request-id": "79ec1442-d68b-4ae9-a8ce-db6940cde870",
        "Content-Length": "0",
        "Date": "Fri, 05 Jul 2024 22:38:53 GMT",
        "operation-location": "https://REDACTED.cognitiveservices.azure.com/documentintelligence/operations/31446148867_79ec1442-d68b-4ae9-a8ce-db6940cde870?api-version=2024-02-29-preview",
        "Strict-Transport-Security": "max-age=31536000; includeSubDomains; preload",
        "X-Content-Type-Options": "nosniff",
        "x-envoy-upstream-service-time": "122",
        "x-ms-region": "East US"
      },
      "ResponseBody": null
    },
    {
      "RequestUri": "https://REDACTED/documentintelligence/REDACTED?api-version=2024-02-29-preview",
      "RequestMethod": "GET",
      "RequestHeaders": {
        "Accept": "*/*",
        "Authorization": "Sanitized",
        "Date": "Fri, 05 Jul 2024 22:38:53 GMT",
        "User-Agent": "azsdk-java-azure-ai-documentintelligence/1.0.0-beta.4 (11.0.20.1; Windows 11; 10.0)",
        "x-ms-client-request-id": "Sanitized"
      },
      "RequestBody": null,
      "StatusCode": 200,
      "ResponseHeaders": {
        "apim-request-id": "861d75eb-f24c-4cee-8a15-a794f7abf4c9",
        "Content-Type": "application/json; charset=utf-8",
        "Date": "Fri, 05 Jul 2024 22:38:53 GMT",
        "Strict-Transport-Security": "max-age=31536000; includeSubDomains; preload",
        "Transfer-Encoding": "chunked",
        "X-Content-Type-Options": "nosniff",
        "x-envoy-upstream-service-time": "12",
        "x-ms-region": "East US"
      },
      "ResponseBody": {
        "operationId": "31446148867_79ec1442-d68b-4ae9-a8ce-db6940cde870",
        "kind": "documentClassifierBuild",
        "status": "notStarted",
        "createdDateTime": "2024-07-05T22:38:53Z",
        "lastUpdatedDateTime": "2024-07-05T22:38:53Z",
        "resourceLocation": "REDACTED",
        "apiVersion": "2024-02-29-preview"
      }
    },
    {
      "RequestUri": "https://REDACTED/documentintelligence/REDACTED?api-version=2024-02-29-preview",
      "RequestMethod": "GET",
      "RequestHeaders": {
        "Accept": "*/*",
        "Authorization": "Sanitized",
        "Date": "Fri, 05 Jul 2024 22:38:58 GMT",
        "User-Agent": "azsdk-java-azure-ai-documentintelligence/1.0.0-beta.4 (11.0.20.1; Windows 11; 10.0)",
        "x-ms-client-request-id": "Sanitized"
      },
      "RequestBody": null,
      "StatusCode": 200,
      "ResponseHeaders": {
        "apim-request-id": "641a60c6-24e0-4f6d-a284-2d8a8bfa8ce8",
        "Content-Type": "application/json; charset=utf-8",
        "Date": "Fri, 05 Jul 2024 22:38:58 GMT",
        "ms-azure-ai-errorcode": "InvalidRequest",
        "Strict-Transport-Security": "max-age=31536000; includeSubDomains; preload",
        "Transfer-Encoding": "chunked",
        "X-Content-Type-Options": "nosniff",
        "x-envoy-upstream-service-time": "18",
        "x-ms-error-code": "InvalidRequest",
        "x-ms-region": "East US"
      },
      "ResponseBody": {
        "operationId": "31446148867_79ec1442-d68b-4ae9-a8ce-db6940cde870",
        "kind": "documentClassifierBuild",
        "status": "failed",
        "createdDateTime": "2024-07-05T22:38:53Z",
        "lastUpdatedDateTime": "2024-07-05T22:38:53Z",
        "resourceLocation": "REDACTED",
        "percentCompleted": 100,
        "error": {
          "code": "InvalidRequest",
          "message": "Invalid request.",
          "details": [
            {
              "code": "ContentSourceNotAccessible",
              "message": "Content is not accessible: Invalid data URL"
            }
          ]
        },
        "apiVersion": "2024-02-29-preview"
      }
    }
  ],
  "Variables": {}
}
