{
  "Entries": [
    {
      "RequestUri": "https://REDACTED/documentintelligence/REDACTED?api-version=2023-10-31-preview",
      "RequestMethod": "POST",
      "RequestHeaders": {
        "Accept": "application/json",
        "Content-Length": "319",
        "Content-Type": "application/json",
        "Date": "Wed, 15 Nov 2023 20:55:44 GMT",
        "Ocp-Apim-Subscription-Key": "REDACTED",
        "User-Agent": "azsdk-java-azure-ai-documentintelligence/1.0.0-beta.1 (17.0.8.1; Windows 11; 10.0)",
        "x-ms-client-request-id": "14b45a67-c190-4ed8-a914-1e2b5757623b"
      },
      "RequestBody": {
        "modelId": "modelIde39103f5-ea69-4a9d-8b03-38646ce9157f",
        "buildMode": "template",
        "azureBlobSource": {
          "containerUrl": "https://azuresdktrainingdata.blob.core.windows.net/trainingdata?sp=rl\u0026st=2022-01-24T21:29:02Z\u0026se=2025-01-25T05:29:02Z\u0026spr=https\u0026sv=2020-08-04\u0026sr=c\u0026sig=q71NyEgO5ebO7aKW%2FcN2rzeVaCJP49O%2BRw9T9pGXhkE%3D"
        }
      },
      "StatusCode": 202,
      "ResponseHeaders": {
        "apim-request-id": "c9087449-8e6f-41d4-b40b-b4f2c16efe0d",
        "Content-Length": "0",
        "Date": "Wed, 15 Nov 2023 20:55:47 GMT",
        "operation-location": "https://REDACTED/documentintelligence/operations/31466286255_c9087449-8e6f-41d4-b40b-b4f2c16efe0d?api-version=2023-10-31-preview",
        "Strict-Transport-Security": "max-age=31536000; includeSubDomains; preload",
        "X-Content-Type-Options": "nosniff",
        "x-envoy-upstream-service-time": "3118",
        "x-ms-region": "East US"
      },
      "ResponseBody": null
    },
    {
      "RequestUri": "https://REDACTED/documentintelligence/REDACTED?api-version=2023-10-31-preview",
      "RequestMethod": "GET",
      "RequestHeaders": {
        "Accept": "*/*",
        "Date": "Wed, 15 Nov 2023 20:55:52 GMT",
        "Ocp-Apim-Subscription-Key": "REDACTED",
        "User-Agent": "azsdk-java-azure-ai-documentintelligence/1.0.0-beta.1 (17.0.8.1; Windows 11; 10.0)",
        "x-ms-client-request-id": "ea297537-f919-4098-9b80-05539c608bc0"
      },
      "RequestBody": null,
      "StatusCode": 200,
      "ResponseHeaders": {
        "apim-request-id": "f044cf30-6573-4a15-8e12-d64ab7ec124f",
        "Content-Type": "application/json; charset=utf-8",
        "Date": "Wed, 15 Nov 2023 20:55:52 GMT",
        "Strict-Transport-Security": "max-age=31536000; includeSubDomains; preload",
        "Transfer-Encoding": "chunked",
        "X-Content-Type-Options": "nosniff",
        "x-envoy-upstream-service-time": "13",
        "x-ms-region": "East US"
      },
      "ResponseBody": {
        "operationId": "31466286255_c9087449-8e6f-41d4-b40b-b4f2c16efe0d",
        "kind": "documentModelBuild",
        "status": "succeeded",
        "createdDateTime": "2023-11-15T20:55:44Z",
        "lastUpdatedDateTime": "2023-11-15T20:55:48Z",
        "resourceLocation": "REDACTED",
        "percentCompleted": 100,
        "result": {
          "docTypes": {
            "modelIde39103f5-ea69-4a9d-8b03-38646ce9157f": {
              "fieldSchema": {
                "Merchant": {
                  "type": "string"
                },
                "PhoneNumber": {
                  "type": "string"
                },
                "Website": {
                  "type": "string"
                },
                "Email": {
                  "type": "string"
                },
                "PurchaseOrderNumber": {
                  "type": "string"
                },
                "DatedAs": {
                  "type": "string"
                },
                "VendorName": {
                  "type": "string"
                },
                "CompanyName": {
                  "type": "string"
                },
                "CompanyAddress": {
                  "type": "string"
                },
                "CompanyPhoneNumber": {
                  "type": "string"
                },
                "Subtotal": {
                  "type": "string"
                },
                "Tax": {
                  "type": "string"
                },
                "Total": {
                  "type": "string"
                },
                "Signature": {
                  "type": "string"
                },
                "Quantity": {
                  "type": "number"
                }
              },
              "buildMode": "template",
              "fieldConfidence": {
                "CompanyAddress": 0.8,
                "CompanyName": 0.995,
                "CompanyPhoneNumber": 0.995,
                "DatedAs": 0.995,
                "Email": 0.8,
                "Merchant": 0.995,
                "PhoneNumber": 0.995,
                "PurchaseOrderNumber": 0.995,
                "Quantity": 0.995,
                "Signature": 0.8,
                "Subtotal": 0.995,
                "Tax": 0.995,
                "Total": 0.995,
                "VendorName": 0.995,
                "Website": 0.995
              }
            }
          },
          "modelId": "modelIde39103f5-ea69-4a9d-8b03-38646ce9157f",
          "createdDateTime": "2023-11-15T20:55:48Z",
          "expirationDateTime": "2025-11-14T20:55:48Z",
          "apiVersion": "2023-10-31-preview"
        },
        "apiVersion": "2023-10-31-preview"
      }
    },
    {
      "RequestUri": "https://REDACTED/documentintelligence/REDACTED?api-version=2023-10-31-preview",
      "RequestMethod": "GET",
      "RequestHeaders": {
        "Accept": "*/*",
        "Date": "Wed, 15 Nov 2023 20:55:52 GMT",
        "Ocp-Apim-Subscription-Key": "REDACTED",
        "User-Agent": "azsdk-java-azure-ai-documentintelligence/1.0.0-beta.1 (17.0.8.1; Windows 11; 10.0)",
        "x-ms-client-request-id": "044ddd67-3123-41a6-b1e7-1903db3fca00"
      },
      "RequestBody": null,
      "StatusCode": 200,
      "ResponseHeaders": {
        "apim-request-id": "07523858-91fd-46f8-a4bc-f3e264283e3c",
        "Content-Type": "application/json; charset=utf-8",
        "Date": "Wed, 15 Nov 2023 20:55:53 GMT",
        "Strict-Transport-Security": "max-age=31536000; includeSubDomains; preload",
        "Transfer-Encoding": "chunked",
        "X-Content-Type-Options": "nosniff",
        "x-envoy-upstream-service-time": "35",
        "x-ms-region": "East US"
      },
      "ResponseBody": {
        "docTypes": {
          "modelIde39103f5-ea69-4a9d-8b03-38646ce9157f": {
            "fieldSchema": {
              "Merchant": {
                "type": "string"
              },
              "PhoneNumber": {
                "type": "string"
              },
              "Website": {
                "type": "string"
              },
              "Email": {
                "type": "string"
              },
              "PurchaseOrderNumber": {
                "type": "string"
              },
              "DatedAs": {
                "type": "string"
              },
              "VendorName": {
                "type": "string"
              },
              "CompanyName": {
                "type": "string"
              },
              "CompanyAddress": {
                "type": "string"
              },
              "CompanyPhoneNumber": {
                "type": "string"
              },
              "Subtotal": {
                "type": "string"
              },
              "Tax": {
                "type": "string"
              },
              "Total": {
                "type": "string"
              },
              "Signature": {
                "type": "string"
              },
              "Quantity": {
                "type": "number"
              }
            },
            "buildMode": "template",
            "fieldConfidence": {
              "CompanyAddress": 0.8,
              "CompanyName": 0.995,
              "CompanyPhoneNumber": 0.995,
              "DatedAs": 0.995,
              "Email": 0.8,
              "Merchant": 0.995,
              "PhoneNumber": 0.995,
              "PurchaseOrderNumber": 0.995,
              "Quantity": 0.995,
              "Signature": 0.8,
              "Subtotal": 0.995,
              "Tax": 0.995,
              "Total": 0.995,
              "VendorName": 0.995,
              "Website": 0.995
            }
          }
        },
        "modelId": "modelIde39103f5-ea69-4a9d-8b03-38646ce9157f",
        "createdDateTime": "2023-11-15T20:55:48Z",
        "expirationDateTime": "2025-11-14T20:55:48Z",
        "apiVersion": "2023-10-31-preview"
      }
    },
    {
      "RequestUri": "https://REDACTED/documentintelligence/REDACTED?api-version=2023-10-31-preview",
      "RequestMethod": "POST",
      "RequestHeaders": {
        "Accept": "application/json",
        "Content-Length": "61",
        "Content-Type": "application/json",
        "Date": "Wed, 15 Nov 2023 20:55:53 GMT",
        "Ocp-Apim-Subscription-Key": "REDACTED",
        "User-Agent": "azsdk-java-azure-ai-documentintelligence/1.0.0-beta.1 (17.0.8.1; Windows 11; 10.0)",
        "x-ms-client-request-id": "ab821314-4e88-404b-8650-3efefcad127b"
      },
      "RequestBody": {
        "modelId": "copyModelId4f55f87c-19c6-4e79-905c-7f53f087b871"
      },
      "StatusCode": 200,
      "ResponseHeaders": {
        "apim-request-id": "7eaff4bb-3d79-45c4-addd-b604f40c80a7",
        "Content-Type": "application/json; charset=utf-8",
        "Date": "Wed, 15 Nov 2023 20:55:53 GMT",
        "Strict-Transport-Security": "max-age=31536000; includeSubDomains; preload",
        "Transfer-Encoding": "chunked",
        "X-Content-Type-Options": "nosniff",
        "x-envoy-upstream-service-time": "114",
        "x-ms-region": "East US"
      },
      "ResponseBody": {
        "targetResourceId": "REDACTED",
        "targetResourceRegion": "eastus",
        "targetModelId": "copyModelId4f55f87c-19c6-4e79-905c-7f53f087b871",
        "targetModelLocation": "REDACTED",
        "accessToken": "REDACTED",
        "expirationDateTime": "2023-11-15T21:55:53Z"
      }
    },
    {
      "RequestUri": "https://REDACTED/documentintelligence/REDACTED?api-version=2023-10-31-preview",
      "RequestMethod": "POST",
      "RequestHeaders": {
        "Accept": "application/json",
        "Content-Length": "231",
        "Content-Type": "application/json",
        "Date": "Wed, 15 Nov 2023 20:55:53 GMT",
        "Ocp-Apim-Subscription-Key": "REDACTED",
        "User-Agent": "azsdk-java-azure-ai-documentintelligence/1.0.0-beta.1 (17.0.8.1; Windows 11; 10.0)",
        "x-ms-client-request-id": "0b22c77b-963e-4cb6-9be4-0174a3ca5d0b"
      },
      "RequestBody": {
        "targetResourceId": "REDACTED",
        "targetResourceRegion": "eastus",
        "targetModelId": "copyModelId4f55f87c-19c6-4e79-905c-7f53f087b871",
        "targetModelLocation": "REDACTED",
        "accessToken": "REDACTED",
        "expirationDateTime": "2023-11-15T21:55:53Z"
      },
      "StatusCode": 202,
      "ResponseHeaders": {
        "apim-request-id": "73cc1b6d-6d04-40b2-857f-cd5cc89031cb",
        "Content-Length": "0",
        "Date": "Wed, 15 Nov 2023 20:55:53 GMT",
        "Operation-Location": "https://REDACTED/documentintelligence/operations/31466286247_73cc1b6d-6d04-40b2-857f-cd5cc89031cb?api-version=2023-10-31-preview",
        "Strict-Transport-Security": "max-age=31536000; includeSubDomains; preload",
        "X-Content-Type-Options": "nosniff",
        "x-envoy-upstream-service-time": "122",
        "x-ms-region": "East US"
      },
      "ResponseBody": null
    },
    {
      "RequestUri": "https://REDACTED/documentintelligence/REDACTED?api-version=2023-10-31-preview",
      "RequestMethod": "GET",
      "RequestHeaders": {
        "Accept": "*/*",
        "Date": "Wed, 15 Nov 2023 20:55:58 GMT",
        "Ocp-Apim-Subscription-Key": "REDACTED",
        "User-Agent": "azsdk-java-azure-ai-documentintelligence/1.0.0-beta.1 (17.0.8.1; Windows 11; 10.0)",
        "x-ms-client-request-id": "66f95d37-7b89-475f-9cae-b8d9bfb8c952"
      },
      "RequestBody": null,
      "StatusCode": 200,
      "ResponseHeaders": {
        "apim-request-id": "4b171925-d65c-4321-b6d3-221647c34de4",
        "Content-Type": "application/json; charset=utf-8",
        "Date": "Wed, 15 Nov 2023 20:55:58 GMT",
        "Strict-Transport-Security": "max-age=31536000; includeSubDomains; preload",
        "Transfer-Encoding": "chunked",
        "X-Content-Type-Options": "nosniff",
        "x-envoy-upstream-service-time": "10",
        "x-ms-region": "East US"
      },
      "ResponseBody": {
        "operationId": "31466286247_73cc1b6d-6d04-40b2-857f-cd5cc89031cb",
        "kind": "documentModelCopyTo",
        "status": "succeeded",
        "createdDateTime": "2023-11-15T20:55:53Z",
        "lastUpdatedDateTime": "2023-11-15T20:55:53Z",
        "resourceLocation": "REDACTED",
        "percentCompleted": 100,
        "result": {
          "docTypes": {
            "copyModelId4f55f87c-19c6-4e79-905c-7f53f087b871": {
              "fieldSchema": {
                "Merchant": {
                  "type": "string"
                },
                "PhoneNumber": {
                  "type": "string"
                },
                "Website": {
                  "type": "string"
                },
                "Email": {
                  "type": "string"
                },
                "PurchaseOrderNumber": {
                  "type": "string"
                },
                "DatedAs": {
                  "type": "string"
                },
                "VendorName": {
                  "type": "string"
                },
                "CompanyName": {
                  "type": "string"
                },
                "CompanyAddress": {
                  "type": "string"
                },
                "CompanyPhoneNumber": {
                  "type": "string"
                },
                "Subtotal": {
                  "type": "string"
                },
                "Tax": {
                  "type": "string"
                },
                "Total": {
                  "type": "string"
                },
                "Signature": {
                  "type": "string"
                },
                "Quantity": {
                  "type": "number"
                }
              },
              "buildMode": "template",
              "fieldConfidence": {
                "CompanyAddress": 0.8,
                "CompanyName": 0.995,
                "CompanyPhoneNumber": 0.995,
                "DatedAs": 0.995,
                "Email": 0.8,
                "Merchant": 0.995,
                "PhoneNumber": 0.995,
                "PurchaseOrderNumber": 0.995,
                "Quantity": 0.995,
                "Signature": 0.8,
                "Subtotal": 0.995,
                "Tax": 0.995,
                "Total": 0.995,
                "VendorName": 0.995,
                "Website": 0.995
              }
            }
          },
          "modelId": "copyModelId4f55f87c-19c6-4e79-905c-7f53f087b871",
          "createdDateTime": "2023-11-15T20:55:48Z",
          "expirationDateTime": "2025-11-14T20:55:48Z",
          "apiVersion": "2023-10-31-preview"
        },
        "apiVersion": "2023-10-31-preview"
      }
    },
    {
      "RequestUri": "https://REDACTED/documentintelligence/REDACTED?api-version=2023-10-31-preview",
      "RequestMethod": "GET",
      "RequestHeaders": {
        "Accept": "*/*",
        "Date": "Wed, 15 Nov 2023 20:55:58 GMT",
        "Ocp-Apim-Subscription-Key": "REDACTED",
        "User-Agent": "azsdk-java-azure-ai-documentintelligence/1.0.0-beta.1 (17.0.8.1; Windows 11; 10.0)",
        "x-ms-client-request-id": "0d2e4400-27fc-46d2-9171-4e76bcb244e6"
      },
      "RequestBody": null,
      "StatusCode": 200,
      "ResponseHeaders": {
        "apim-request-id": "02b7ae69-f5e2-4321-93fa-edff09107b46",
        "Content-Type": "application/json; charset=utf-8",
        "Date": "Wed, 15 Nov 2023 20:55:58 GMT",
        "Strict-Transport-Security": "max-age=31536000; includeSubDomains; preload",
        "Transfer-Encoding": "chunked",
        "X-Content-Type-Options": "nosniff",
        "x-envoy-upstream-service-time": "23",
        "x-ms-region": "East US"
      },
      "ResponseBody": {
        "docTypes": {
          "copyModelId4f55f87c-19c6-4e79-905c-7f53f087b871": {
            "fieldSchema": {
              "Merchant": {
                "type": "string"
              },
              "PhoneNumber": {
                "type": "string"
              },
              "Website": {
                "type": "string"
              },
              "Email": {
                "type": "string"
              },
              "PurchaseOrderNumber": {
                "type": "string"
              },
              "DatedAs": {
                "type": "string"
              },
              "VendorName": {
                "type": "string"
              },
              "CompanyName": {
                "type": "string"
              },
              "CompanyAddress": {
                "type": "string"
              },
              "CompanyPhoneNumber": {
                "type": "string"
              },
              "Subtotal": {
                "type": "string"
              },
              "Tax": {
                "type": "string"
              },
              "Total": {
                "type": "string"
              },
              "Signature": {
                "type": "string"
              },
              "Quantity": {
                "type": "number"
              }
            },
            "buildMode": "template",
            "fieldConfidence": {
              "CompanyAddress": 0.8,
              "CompanyName": 0.995,
              "CompanyPhoneNumber": 0.995,
              "DatedAs": 0.995,
              "Email": 0.8,
              "Merchant": 0.995,
              "PhoneNumber": 0.995,
              "PurchaseOrderNumber": 0.995,
              "Quantity": 0.995,
              "Signature": 0.8,
              "Subtotal": 0.995,
              "Tax": 0.995,
              "Total": 0.995,
              "VendorName": 0.995,
              "Website": 0.995
            }
          }
        },
        "modelId": "copyModelId4f55f87c-19c6-4e79-905c-7f53f087b871",
        "createdDateTime": "2023-11-15T20:55:48Z",
        "expirationDateTime": "2025-11-14T20:55:48Z",
        "apiVersion": "2023-10-31-preview"
      }
    },
    {
      "RequestUri": "https://REDACTED/documentintelligence/REDACTED?api-version=2023-10-31-preview",
      "RequestMethod": "DELETE",
      "RequestHeaders": {
        "Accept": "application/json",
        "Content-Length": "0",
        "Date": "Wed, 15 Nov 2023 20:55:58 GMT",
        "Ocp-Apim-Subscription-Key": "REDACTED",
        "User-Agent": "azsdk-java-azure-ai-documentintelligence/1.0.0-beta.1 (17.0.8.1; Windows 11; 10.0)",
        "x-ms-client-request-id": "3c3e8328-76d0-4f91-aa6b-be4e9bafc903"
      },
      "RequestBody": null,
      "StatusCode": 204,
      "ResponseHeaders": {
        "apim-request-id": "b0788d63-93fc-4c2d-9576-94d26873fdab",
        "Content-Length": "0",
        "Date": "Wed, 15 Nov 2023 20:55:58 GMT",
        "Strict-Transport-Security": "max-age=31536000; includeSubDomains; preload",
        "X-Content-Type-Options": "nosniff",
        "x-envoy-upstream-service-time": "55",
        "x-ms-region": "East US"
      },
      "ResponseBody": null
    },
    {
      "RequestUri": "https://REDACTED/documentintelligence/REDACTED?api-version=2023-10-31-preview",
      "RequestMethod": "DELETE",
      "RequestHeaders": {
        "Accept": "application/json",
        "Content-Length": "0",
        "Date": "Wed, 15 Nov 2023 20:55:58 GMT",
        "Ocp-Apim-Subscription-Key": "REDACTED",
        "User-Agent": "azsdk-java-azure-ai-documentintelligence/1.0.0-beta.1 (17.0.8.1; Windows 11; 10.0)",
        "x-ms-client-request-id": "5f56540b-71aa-457f-982d-b35c21f099b0"
      },
      "RequestBody": null,
      "StatusCode": 204,
      "ResponseHeaders": {
        "apim-request-id": "de5f36b9-a849-40a8-a528-af090e93170d",
        "Content-Length": "0",
        "Date": "Wed, 15 Nov 2023 20:55:58 GMT",
        "Strict-Transport-Security": "max-age=31536000; includeSubDomains; preload",
        "X-Content-Type-Options": "nosniff",
        "x-envoy-upstream-service-time": "51",
        "x-ms-region": "East US"
      },
      "ResponseBody": null
    }
  ],
  "Variables": {}
}
