{
  "Entries": [
    {
      "RequestUri": "https://REDACTED/documentintelligence/REDACTED?api-version=2024-02-29-preview",
      "RequestMethod": "POST",
      "RequestHeaders": {
        "Accept": "application/json",
        "Content-Length": "319",
        "Content-Type": "application/json",
        "Date": "Mon, 04 Mar 2024 03:59:05 GMT",
        "Ocp-Apim-Subscription-Key": "REDACTED",
        "User-Agent": "azsdk-java-azure-ai-documentintelligence/1.0.0-beta.2 (11.0.20.1; Windows 11; 10.0)",
        "x-ms-client-request-id": "cf69600b-5896-4c27-8dea-0dcc7923d796"
      },
      "RequestBody": {
        "modelId": "modelId5220786c-f7f1-441e-8a74-ebc598848cac",
        "buildMode": "template",
        "azureBlobSource": {
          "containerUrl": "https://azuresdktrainingdata.blob.core.windows.net/trainingdata?sp=rl\u0026st=2022-01-24T21:29:02Z\u0026se=2025-01-25T05:29:02Z\u0026spr=https\u0026sv=2020-08-04\u0026sr=c\u0026sig=q71NyEgO5ebO7aKW%2FcN2rzeVaCJP49O%2BRw9T9pGXhkE%3D"
        }
      },
      "StatusCode": 202,
      "ResponseHeaders": {
        "apim-request-id": "090c1e4f-2640-4397-88a8-818e5e31417a",
        "Content-Length": "0",
        "Date": "Mon, 04 Mar 2024 03:59:06 GMT",
        "operation-location": "https://REDACTED/documentintelligence/operations/31456843255_090c1e4f-2640-4397-88a8-818e5e31417a?api-version=2024-02-29-preview",
        "Strict-Transport-Security": "max-age=31536000; includeSubDomains; preload",
        "X-Content-Type-Options": "nosniff",
        "x-envoy-upstream-service-time": "2229",
        "x-ms-region": "East US"
      },
      "ResponseBody": null
    },
    {
      "RequestUri": "https://REDACTED/documentintelligence/REDACTED?api-version=2024-02-29-preview",
      "RequestMethod": "GET",
      "RequestHeaders": {
        "Accept": "*/*",
        "Date": "Mon, 04 Mar 2024 03:59:07 GMT",
        "Ocp-Apim-Subscription-Key": "REDACTED",
        "User-Agent": "azsdk-java-azure-ai-documentintelligence/1.0.0-beta.2 (11.0.20.1; Windows 11; 10.0)",
        "x-ms-client-request-id": "c8106fd2-f0b2-4811-94e5-ea505707425a"
      },
      "RequestBody": null,
      "StatusCode": 200,
      "ResponseHeaders": {
        "apim-request-id": "2793e2c6-7d04-4796-8a27-b03108a35209",
        "Content-Type": "application/json; charset=utf-8",
        "Date": "Mon, 04 Mar 2024 03:59:06 GMT",
        "Strict-Transport-Security": "max-age=31536000; includeSubDomains; preload",
        "Transfer-Encoding": "chunked",
        "X-Content-Type-Options": "nosniff",
        "x-envoy-upstream-service-time": "10",
        "x-ms-region": "East US"
      },
      "ResponseBody": {
        "operationId": "31456843255_090c1e4f-2640-4397-88a8-818e5e31417a",
        "kind": "documentModelBuild",
        "status": "notStarted",
        "createdDateTime": "2024-03-04T03:59:05Z",
        "lastUpdatedDateTime": "2024-03-04T03:59:05Z",
        "resourceLocation": "REDACTED",
        "apiVersion": "2024-02-29-preview"
      }
    },
    {
      "RequestUri": "https://REDACTED/documentintelligence/REDACTED?api-version=2024-02-29-preview",
      "RequestMethod": "GET",
      "RequestHeaders": {
        "Accept": "*/*",
        "Date": "Mon, 04 Mar 2024 03:59:12 GMT",
        "Ocp-Apim-Subscription-Key": "REDACTED",
        "User-Agent": "azsdk-java-azure-ai-documentintelligence/1.0.0-beta.2 (11.0.20.1; Windows 11; 10.0)",
        "x-ms-client-request-id": "8e0abb0a-8076-4845-bce2-445e85f612b9"
      },
      "RequestBody": null,
      "StatusCode": 200,
      "ResponseHeaders": {
        "apim-request-id": "ffcdc2e2-5476-4c5a-86fe-11a149dc00b3",
        "Content-Type": "application/json; charset=utf-8",
        "Date": "Mon, 04 Mar 2024 03:59:12 GMT",
        "Strict-Transport-Security": "max-age=31536000; includeSubDomains; preload",
        "Transfer-Encoding": "chunked",
        "X-Content-Type-Options": "nosniff",
        "x-envoy-upstream-service-time": "7",
        "x-ms-region": "East US"
      },
      "ResponseBody": {
        "operationId": "31456843255_090c1e4f-2640-4397-88a8-818e5e31417a",
        "kind": "documentModelBuild",
        "status": "succeeded",
        "createdDateTime": "2024-03-04T03:59:05Z",
        "lastUpdatedDateTime": "2024-03-04T03:59:08Z",
        "resourceLocation": "REDACTED",
        "percentCompleted": 100,
        "result": {
          "docTypes": {
            "modelId5220786c-f7f1-441e-8a74-ebc598848cac": {
              "fieldSchema": {
                "Merchant": {
                  "type": "string"
                },
                "PhoneNumber": {
                  "type": "string"
                },
                "Website": {
                  "type": "string"
                },
                "Email": {
                  "type": "string"
                },
                "PurchaseOrderNumber": {
                  "type": "string"
                },
                "DatedAs": {
                  "type": "string"
                },
                "VendorName": {
                  "type": "string"
                },
                "CompanyName": {
                  "type": "string"
                },
                "CompanyAddress": {
                  "type": "string"
                },
                "CompanyPhoneNumber": {
                  "type": "string"
                },
                "Subtotal": {
                  "type": "string"
                },
                "Tax": {
                  "type": "string"
                },
                "Total": {
                  "type": "string"
                },
                "Signature": {
                  "type": "string"
                },
                "Quantity": {
                  "type": "number"
                }
              },
              "buildMode": "template",
              "fieldConfidence": {
                "CompanyAddress": 0.8,
                "CompanyName": 0.995,
                "CompanyPhoneNumber": 0.995,
                "DatedAs": 0.995,
                "Email": 0.8,
                "Merchant": 0.995,
                "PhoneNumber": 0.995,
                "PurchaseOrderNumber": 0.995,
                "Quantity": 0.995,
                "Signature": 0.8,
                "Subtotal": 0.995,
                "Tax": 0.995,
                "Total": 0.995,
                "VendorName": 0.995,
                "Website": 0.995
              }
            }
          },
          "modelId": "modelId5220786c-f7f1-441e-8a74-ebc598848cac",
          "createdDateTime": "2024-03-04T03:59:08Z",
          "expirationDateTime": "2026-03-04T03:59:08Z",
          "apiVersion": "2024-02-29-preview"
        },
        "apiVersion": "2024-02-29-preview"
      }
    },
    {
      "RequestUri": "https://REDACTED/documentintelligence/REDACTED?api-version=2024-02-29-preview",
      "RequestMethod": "POST",
      "RequestHeaders": {
        "Accept": "application/json",
        "Content-Length": "61",
        "Content-Type": "application/json",
        "Date": "Mon, 04 Mar 2024 03:59:12 GMT",
        "Ocp-Apim-Subscription-Key": "REDACTED",
        "User-Agent": "azsdk-java-azure-ai-documentintelligence/1.0.0-beta.2 (11.0.20.1; Windows 11; 10.0)",
        "x-ms-client-request-id": "bfc7ab4d-c67b-45db-b98f-f62eaef947d2"
      },
      "RequestBody": {
        "modelId": "copyModelId1b4fd2b1-d5a0-45ce-a5b9-13aa7ac73546"
      },
      "StatusCode": 429,
      "ResponseHeaders": {
        "apim-request-id": "68b81a82-15b7-4409-9db1-f303fc0971f1",
        "Content-Length": "362",
        "Content-Type": "application/json",
        "Date": "Mon, 04 Mar 2024 03:59:12 GMT",
        "policy-id": "ResourceRateLimitBy1s",
        "Retry-After": "1",
        "Strict-Transport-Security": "max-age=31536000; includeSubDomains; preload",
        "X-Content-Type-Options": "nosniff"
      },
      "ResponseBody": {
        "error": {
          "code": "429",
          "message": "Requests to the Manage - Generate copy authorization Operation under Azure AI Document Intelligence 2024-02-29-preview have exceeded call rate limit of your current FormRecognizer S0 pricing tier. Please retry after 1 second. Please contact Azure support service if you would like to further increase the default rate limit."
        }
      }
    },
    {
      "RequestUri": "https://REDACTED/documentintelligence/REDACTED?api-version=2024-02-29-preview",
      "RequestMethod": "POST",
      "RequestHeaders": {
        "Accept": "application/json",
        "Content-Length": "61",
        "Content-Type": "application/json",
        "Date": "Mon, 04 Mar 2024 03:59:14 GMT",
        "Ocp-Apim-Subscription-Key": "REDACTED",
        "User-Agent": "azsdk-java-azure-ai-documentintelligence/1.0.0-beta.2 (11.0.20.1; Windows 11; 10.0)",
        "x-ms-client-request-id": "bfc7ab4d-c67b-45db-b98f-f62eaef947d2"
      },
      "RequestBody": {
        "modelId": "copyModelId1b4fd2b1-d5a0-45ce-a5b9-13aa7ac73546"
      },
      "StatusCode": 200,
      "ResponseHeaders": {
        "apim-request-id": "b0c567c5-0223-45d4-bc4c-6a26e867ff6c",
        "Content-Type": "application/json; charset=utf-8",
        "Date": "Mon, 04 Mar 2024 03:59:13 GMT",
        "Strict-Transport-Security": "max-age=31536000; includeSubDomains; preload",
        "Transfer-Encoding": "chunked",
        "X-Content-Type-Options": "nosniff",
        "x-envoy-upstream-service-time": "79",
        "x-ms-region": "East US"
      },
      "ResponseBody": {
        "targetResourceId": "REDACTED",
        "targetResourceRegion": "eastus",
        "targetModelId": "copyModelId1b4fd2b1-d5a0-45ce-a5b9-13aa7ac73546",
        "targetModelLocation": "REDACTED",
        "accessToken": "REDACTED",
        "expirationDateTime": "2024-03-04T04:59:14Z"
      }
    },
    {
      "RequestUri": "https://REDACTED/documentintelligence/REDACTED?api-version=2024-02-29-preview",
      "RequestMethod": "POST",
      "RequestHeaders": {
        "Accept": "application/json",
        "Content-Length": "231",
        "Content-Type": "application/json",
        "Date": "Mon, 04 Mar 2024 03:59:14 GMT",
        "Ocp-Apim-Subscription-Key": "REDACTED",
        "User-Agent": "azsdk-java-azure-ai-documentintelligence/1.0.0-beta.2 (11.0.20.1; Windows 11; 10.0)",
        "x-ms-client-request-id": "4cceb2a8-09a3-4c00-a9aa-220a11cdf0d5"
      },
      "RequestBody": {
        "targetResourceId": "REDACTED",
        "targetResourceRegion": "eastus",
        "targetModelId": "copyModelId1b4fd2b1-d5a0-45ce-a5b9-13aa7ac73546",
        "targetModelLocation": "REDACTED",
        "accessToken": "REDACTED",
        "expirationDateTime": "2024-03-04T04:59:14Z"
      },
      "StatusCode": 202,
      "ResponseHeaders": {
        "apim-request-id": "e15dc22a-f2fe-45ae-8a28-60d3e9e9e8b8",
        "Content-Length": "0",
        "Date": "Mon, 04 Mar 2024 03:59:13 GMT",
        "Operation-Location": "https://REDACTED/documentintelligence/operations/31456843246_e15dc22a-f2fe-45ae-8a28-60d3e9e9e8b8?api-version=2024-02-29-preview",
        "Strict-Transport-Security": "max-age=31536000; includeSubDomains; preload",
        "X-Content-Type-Options": "nosniff",
        "x-envoy-upstream-service-time": "131",
        "x-ms-region": "East US"
      },
      "ResponseBody": null
    },
    {
      "RequestUri": "https://REDACTED/documentintelligence/REDACTED?api-version=2024-02-29-preview",
      "RequestMethod": "GET",
      "RequestHeaders": {
        "Accept": "*/*",
        "Date": "Mon, 04 Mar 2024 03:59:14 GMT",
        "Ocp-Apim-Subscription-Key": "REDACTED",
        "User-Agent": "azsdk-java-azure-ai-documentintelligence/1.0.0-beta.2 (11.0.20.1; Windows 11; 10.0)",
        "x-ms-client-request-id": "d6cb9785-b5cc-4a11-a8c0-51108b7524ba"
      },
      "RequestBody": null,
      "StatusCode": 200,
      "ResponseHeaders": {
        "apim-request-id": "2551efb7-4d37-445d-8e8f-8a5a0906a600",
        "Content-Type": "application/json; charset=utf-8",
        "Date": "Mon, 04 Mar 2024 03:59:13 GMT",
        "Strict-Transport-Security": "max-age=31536000; includeSubDomains; preload",
        "Transfer-Encoding": "chunked",
        "X-Content-Type-Options": "nosniff",
        "x-envoy-upstream-service-time": "7",
        "x-ms-region": "East US"
      },
      "ResponseBody": {
        "operationId": "31456843246_e15dc22a-f2fe-45ae-8a28-60d3e9e9e8b8",
        "kind": "documentModelCopyTo",
        "status": "notStarted",
        "createdDateTime": "2024-03-04T03:59:14Z",
        "lastUpdatedDateTime": "2024-03-04T03:59:14Z",
        "resourceLocation": "REDACTED",
        "apiVersion": "2024-02-29-preview"
      }
    },
    {
      "RequestUri": "https://REDACTED/documentintelligence/REDACTED?api-version=2024-02-29-preview",
      "RequestMethod": "GET",
      "RequestHeaders": {
        "Accept": "*/*",
        "Date": "Mon, 04 Mar 2024 03:59:19 GMT",
        "Ocp-Apim-Subscription-Key": "REDACTED",
        "User-Agent": "azsdk-java-azure-ai-documentintelligence/1.0.0-beta.2 (11.0.20.1; Windows 11; 10.0)",
        "x-ms-client-request-id": "0273b621-7352-4a1c-a2a9-230011c25800"
      },
      "RequestBody": null,
      "StatusCode": 200,
      "ResponseHeaders": {
        "apim-request-id": "4ccf9ace-0c51-4f73-90e6-baae9de7fdd5",
        "Content-Type": "application/json; charset=utf-8",
        "Date": "Mon, 04 Mar 2024 03:59:18 GMT",
        "Strict-Transport-Security": "max-age=31536000; includeSubDomains; preload",
        "Transfer-Encoding": "chunked",
        "X-Content-Type-Options": "nosniff",
        "x-envoy-upstream-service-time": "8",
        "x-ms-region": "East US"
      },
      "ResponseBody": {
        "operationId": "31456843246_e15dc22a-f2fe-45ae-8a28-60d3e9e9e8b8",
        "kind": "documentModelCopyTo",
        "status": "succeeded",
        "createdDateTime": "2024-03-04T03:59:14Z",
        "lastUpdatedDateTime": "2024-03-04T03:59:14Z",
        "resourceLocation": "REDACTED",
        "percentCompleted": 100,
        "result": {
          "docTypes": {
            "copyModelId1b4fd2b1-d5a0-45ce-a5b9-13aa7ac73546": {
              "fieldSchema": {
                "Merchant": {
                  "type": "string"
                },
                "PhoneNumber": {
                  "type": "string"
                },
                "Website": {
                  "type": "string"
                },
                "Email": {
                  "type": "string"
                },
                "PurchaseOrderNumber": {
                  "type": "string"
                },
                "DatedAs": {
                  "type": "string"
                },
                "VendorName": {
                  "type": "string"
                },
                "CompanyName": {
                  "type": "string"
                },
                "CompanyAddress": {
                  "type": "string"
                },
                "CompanyPhoneNumber": {
                  "type": "string"
                },
                "Subtotal": {
                  "type": "string"
                },
                "Tax": {
                  "type": "string"
                },
                "Total": {
                  "type": "string"
                },
                "Signature": {
                  "type": "string"
                },
                "Quantity": {
                  "type": "number"
                }
              },
              "buildMode": "template",
              "fieldConfidence": {
                "CompanyAddress": 0.8,
                "CompanyName": 0.995,
                "CompanyPhoneNumber": 0.995,
                "DatedAs": 0.995,
                "Email": 0.8,
                "Merchant": 0.995,
                "PhoneNumber": 0.995,
                "PurchaseOrderNumber": 0.995,
                "Quantity": 0.995,
                "Signature": 0.8,
                "Subtotal": 0.995,
                "Tax": 0.995,
                "Total": 0.995,
                "VendorName": 0.995,
                "Website": 0.995
              }
            }
          },
          "modelId": "copyModelId1b4fd2b1-d5a0-45ce-a5b9-13aa7ac73546",
          "createdDateTime": "2024-03-04T03:59:08Z",
          "expirationDateTime": "2026-03-04T03:59:08Z",
          "apiVersion": "2024-02-29-preview"
        },
        "apiVersion": "2024-02-29-preview"
      }
    },
    {
      "RequestUri": "https://REDACTED/documentintelligence/REDACTED?api-version=2024-02-29-preview",
      "RequestMethod": "DELETE",
      "RequestHeaders": {
        "Accept": "application/json",
        "Content-Length": "0",
        "Date": "Mon, 04 Mar 2024 03:59:19 GMT",
        "Ocp-Apim-Subscription-Key": "REDACTED",
        "User-Agent": "azsdk-java-azure-ai-documentintelligence/1.0.0-beta.2 (11.0.20.1; Windows 11; 10.0)",
        "x-ms-client-request-id": "d12debc2-a6ad-4605-86d0-cfb23876cc8d"
      },
      "RequestBody": null,
      "StatusCode": 204,
      "ResponseHeaders": {
        "apim-request-id": "723508a3-96c1-475f-bfab-7dcc5989ff71",
        "Content-Length": "0",
        "Date": "Mon, 04 Mar 2024 03:59:19 GMT",
        "Strict-Transport-Security": "max-age=31536000; includeSubDomains; preload",
        "X-Content-Type-Options": "nosniff",
        "x-envoy-upstream-service-time": "49",
        "x-ms-region": "East US"
      },
      "ResponseBody": null
    },
    {
      "RequestUri": "https://REDACTED/documentintelligence/REDACTED?api-version=2024-02-29-preview",
      "RequestMethod": "DELETE",
      "RequestHeaders": {
        "Accept": "application/json",
        "Content-Length": "0",
        "Date": "Mon, 04 Mar 2024 03:59:19 GMT",
        "Ocp-Apim-Subscription-Key": "REDACTED",
        "User-Agent": "azsdk-java-azure-ai-documentintelligence/1.0.0-beta.2 (11.0.20.1; Windows 11; 10.0)",
        "x-ms-client-request-id": "9dc6ee90-42e8-4437-99bf-423c1debcc76"
      },
      "RequestBody": null,
      "StatusCode": 204,
      "ResponseHeaders": {
        "apim-request-id": "0a8d8a0d-87f3-4c51-8be1-0a17c3058dd2",
        "Content-Length": "0",
        "Date": "Mon, 04 Mar 2024 03:59:19 GMT",
        "Strict-Transport-Security": "max-age=31536000; includeSubDomains; preload",
        "X-Content-Type-Options": "nosniff",
        "x-envoy-upstream-service-time": "45",
        "x-ms-region": "East US"
      },
      "ResponseBody": null
    }
  ],
  "Variables": {}
}
