{
  "Entries": [
    {
      "RequestUri": "https://endpoint/identities?api-version=2023-10-01",
      "RequestMethod": "POST",
      "RequestHeaders": {
        "Accept": "application/json",
        "Accept-Encoding": "gzip, deflate, br",
        "Authorization": "Sanitized",
        "Connection": "keep-alive",
        "Content-Length": "34",
        "Content-Type": "application/json",
        "Origin": "http://localhost:9876",
        "Referer": "http://localhost:9876/",
        "sec-ch-ua": "\u0022Chromium\u0022;v=\u0022122\u0022, \u0022Not(A:Brand\u0022;v=\u002224\u0022, \u0022HeadlessChrome\u0022;v=\u0022122\u0022",
        "sec-ch-ua-mobile": "?0",
        "sec-ch-ua-platform": "\u0022Windows\u0022",
        "Sec-Fetch-Dest": "empty",
        "Sec-Fetch-Mode": "cors",
        "Sec-Fetch-Site": "same-site",
        "User-Agent": "Mozilla/5.0 (Windows NT 10.0; Win64; x64) AppleWebKit/537.36 (KHTML, like Gecko) HeadlessChrome/122.0.6261.111 Safari/537.36",
        "x-ms-client-request-id": "5ac1d78a-139d-4aee-9c55-462b17d1fb59",
        "x-ms-content-sha256": "k4k9IoKBLYipoiXK3LctfBcfghISSb6AI45ji7ILZfg=",
        "x-ms-date": "Fri, 22 Mar 2024 19:11:14 GMT",
        "x-ms-useragent": "azsdk-js-communication-identity/1.3.1 core-rest-pipeline/1.15.2 OS/Windows"
      },
      "RequestBody": {
        "createTokenWithScopes": [
          "voip"
        ]
      },
      "StatusCode": 201,
      "ResponseHeaders": {
        "Access-Control-Allow-Origin": "*",
        "api-supported-versions": "2020-07-20-preview2, 2021-02-22-preview1, 2021-03-07, 2021-10-31-preview, 2021-11-01, 2022-06-01, 2022-10-01, 2023-10-01",
        "Content-Length": "219",
        "Content-Type": "application/json; charset=utf-8",
        "Date": "Fri, 22 Mar 2024 19:11:14 GMT",
        "MS-CV": "uanjnfMriUO2y6qdn69BXw.0",
        "Request-Context": "appId=",
        "Strict-Transport-Security": "max-age=31536000;includeSubDomains",
        "X-Azure-Ref": "00tf9ZQAAAACfgTFvwpn4SJVOxLAL4DyVV1NURURHRTA4MjAAOWZjN2I1MTktYThjYy00Zjg5LTkzNWUtYzkxNDhhZTA5ZTgx",
        "X-Cache": "CONFIG_NOCACHE",
        "x-ms-client-request-id": "5ac1d78a-139d-4aee-9c55-462b17d1fb59",
        "X-Processing-Time": "21ms"
      },
      "ResponseBody": {
        "identity": {
          "id": "Sanitized"
        },
        "accessToken": {
          "token": "eyJhbGciOiJIUzI1NiIsInR5cCI6IkpXVCJ9.eyJleHAiOjE3MTExMzgyNjcuMjY1fQ==.adM-ddBZZlQ1WlN3pdPBOF5G4Wh9iZpxNP_fSvpF4cWs",
          "expiresOn": "2024-03-23T19:11:14.881746\u002B00:00"
        }
      }
    },
    {
      "RequestUri": "https://endpoint/rooms?api-version=2024-04-15",
      "RequestMethod": "POST",
      "RequestHeaders": {
        "Accept": "application/json",
        "Accept-Encoding": "gzip, deflate, br",
        "Authorization": "Sanitized",
        "Connection": "keep-alive",
        "Content-Length": "157",
        "Content-Type": "application/json",
        "Origin": "http://localhost:9876",
        "Referer": "http://localhost:9876/",
        "repeatability-first-sent": "Fri, 22 Mar 2024 19:11:14 GMT",
        "repeatability-request-id": "a21ed755-c341-4629-9c25-803967018e60",
        "sec-ch-ua": "\u0022Chromium\u0022;v=\u0022122\u0022, \u0022Not(A:Brand\u0022;v=\u002224\u0022, \u0022HeadlessChrome\u0022;v=\u0022122\u0022",
        "sec-ch-ua-mobile": "?0",
        "sec-ch-ua-platform": "\u0022Windows\u0022",
        "Sec-Fetch-Dest": "empty",
        "Sec-Fetch-Mode": "cors",
        "Sec-Fetch-Site": "same-site",
        "User-Agent": "Mozilla/5.0 (Windows NT 10.0; Win64; x64) AppleWebKit/537.36 (KHTML, like Gecko) HeadlessChrome/122.0.6261.111 Safari/537.36",
        "x-ms-client-request-id": "8f05157c-637d-4cf7-abb9-0189a19e032c",
        "x-ms-content-sha256": "g2LqX5pcZtHWPmNZQr5dErnACIUqXT2cvjT/6sPIHvE=",
        "x-ms-date": "Fri, 22 Mar 2024 19:11:14 GMT",
        "x-ms-useragent": "azsdk-js-communication-rooms/1.1.0 core-rest-pipeline/1.15.2 OS/Windows"
      },
      "RequestBody": {
        "validFrom": "2024-03-22T19:11:07.000Z",
        "validUntil": "2024-03-22T19:16:07.000Z",
        "pstnDialOutEnabled": false,
        "participants": {
          "Sanitized": {
            "role": "Presenter"
          }
        }
      },
      "StatusCode": 201,
      "ResponseHeaders": {
        "Access-Control-Allow-Origin": "*",
        "api-deprecated-versions": "2021-04-07, 2022-02-01",
        "api-supported-versions": "2023-03-31-preview, 2023-06-14, 2023-10-30-preview, 2024-04-15",
        "Content-Type": "application/json; charset=utf-8",
        "Date": "Fri, 22 Mar 2024 19:11:15 GMT",
        "Location": "99439170473932820",
        "MS-CV": "YzgZflv/mEipiAermJaIKg.0",
        "Repeatability-Result": "accepted",
        "Request-Context": "appId=",
        "Strict-Transport-Security": "max-age=31536000;includeSubDomains",
        "Transfer-Encoding": "chunked",
        "X-Azure-Ref": "00tf9ZQAAAACm\u002Bjhl0vNdTpyqg939pzs2V1NURURHRTA4MjAAOWZjN2I1MTktYThjYy00Zjg5LTkzNWUtYzkxNDhhZTA5ZTgx",
        "X-Cache": "CONFIG_NOCACHE"
      },
      "ResponseBody": {
        "id": "99439170473932820",
        "createdAt": "2024-03-22T19:11:15.0548033\u002B00:00",
        "validFrom": "2024-03-22T19:11:07\u002B00:00",
        "validUntil": "2024-03-22T19:16:07\u002B00:00",
        "pstnDialOutEnabled": false
      }
    },
    {
      "RequestUri": "https://endpoint/rooms/99439170473932820/participants?api-version=2024-04-15",
      "RequestMethod": "GET",
      "RequestHeaders": {
        "Accept": "application/json",
        "Accept-Encoding": "gzip, deflate, br",
        "Authorization": "Sanitized",
        "Connection": "keep-alive",
        "Origin": "http://localhost:9876",
        "Referer": "http://localhost:9876/",
        "sec-ch-ua": "\u0022Chromium\u0022;v=\u0022122\u0022, \u0022Not(A:Brand\u0022;v=\u002224\u0022, \u0022HeadlessChrome\u0022;v=\u0022122\u0022",
        "sec-ch-ua-mobile": "?0",
        "sec-ch-ua-platform": "\u0022Windows\u0022",
        "Sec-Fetch-Dest": "empty",
        "Sec-Fetch-Mode": "cors",
        "Sec-Fetch-Site": "same-site",
        "User-Agent": "Mozilla/5.0 (Windows NT 10.0; Win64; x64) AppleWebKit/537.36 (KHTML, like Gecko) HeadlessChrome/122.0.6261.111 Safari/537.36",
        "x-ms-client-request-id": "4de49d35-174b-4ef8-8f61-7b113d696c23",
        "x-ms-content-sha256": "47DEQpj8HBSa\u002B/TImW\u002B5JCeuQeRkm5NMpJWZG3hSuFU=",
        "x-ms-date": "Fri, 22 Mar 2024 19:11:15 GMT",
        "x-ms-useragent": "azsdk-js-communication-rooms/1.1.0 core-rest-pipeline/1.15.2 OS/Windows"
      },
      "RequestBody": null,
      "StatusCode": 200,
      "ResponseHeaders": {
        "Access-Control-Allow-Origin": "*",
        "api-deprecated-versions": "2022-02-01",
        "api-supported-versions": "2023-03-31-preview, 2023-06-14, 2023-10-30-preview, 2024-04-15",
        "Content-Type": "application/json; charset=utf-8",
        "Date": "Fri, 22 Mar 2024 19:11:15 GMT",
        "MS-CV": "rcE86DAJokiimBMRUHlqYQ.0",
        "Request-Context": "appId=",
        "Strict-Transport-Security": "max-age=31536000;includeSubDomains",
        "Transfer-Encoding": "chunked",
        "X-Azure-Ref": "009f9ZQAAAAA0b/\u002BXbN6USpLUvDtNxj6RV1NURURHRTA4MjAAOWZjN2I1MTktYThjYy00Zjg5LTkzNWUtYzkxNDhhZTA5ZTgx",
        "X-Cache": "CONFIG_NOCACHE"
      },
      "ResponseBody": {
        "value": [
          {
            "rawId": "Sanitized",
            "role": "Presenter"
          }
        ]
      }
    },
    {
      "RequestUri": "https://endpoint/rooms/99439170473932820?api-version=2024-04-15",
      "RequestMethod": "DELETE",
      "RequestHeaders": {
        "Accept": "application/json",
        "Accept-Encoding": "gzip, deflate, br",
        "Authorization": "Sanitized",
        "Connection": "keep-alive",
        "Origin": "http://localhost:9876",
        "Referer": "http://localhost:9876/",
        "sec-ch-ua": "\u0022Chromium\u0022;v=\u0022122\u0022, \u0022Not(A:Brand\u0022;v=\u002224\u0022, \u0022HeadlessChrome\u0022;v=\u0022122\u0022",
        "sec-ch-ua-mobile": "?0",
        "sec-ch-ua-platform": "\u0022Windows\u0022",
        "Sec-Fetch-Dest": "empty",
        "Sec-Fetch-Mode": "cors",
        "Sec-Fetch-Site": "same-site",
        "User-Agent": "Mozilla/5.0 (Windows NT 10.0; Win64; x64) AppleWebKit/537.36 (KHTML, like Gecko) HeadlessChrome/122.0.6261.111 Safari/537.36",
        "x-ms-client-request-id": "22e0c235-3629-41e3-99ad-b7502dbd27eb",
        "x-ms-content-sha256": "47DEQpj8HBSa\u002B/TImW\u002B5JCeuQeRkm5NMpJWZG3hSuFU=",
        "x-ms-date": "Fri, 22 Mar 2024 19:11:15 GMT",
        "x-ms-useragent": "azsdk-js-communication-rooms/1.1.0 core-rest-pipeline/1.15.2 OS/Windows"
      },
      "RequestBody": null,
      "StatusCode": 204,
      "ResponseHeaders": {
        "Access-Control-Allow-Origin": "*",
        "api-deprecated-versions": "2021-04-07, 2022-02-01",
        "api-supported-versions": "2023-03-31-preview, 2023-06-14, 2023-10-30-preview, 2024-04-15",
        "Date": "Fri, 22 Mar 2024 19:11:14 GMT",
        "MS-CV": "4yVDtAPp\u002BE\u002BaT5ZDsfD5wQ.0",
        "Request-Context": "appId=",
        "Strict-Transport-Security": "max-age=31536000;includeSubDomains",
        "X-Azure-Ref": "009f9ZQAAAAC/FUm7Q9MVQaHHzppqnyrxV1NURURHRTAxMTIAOWZjN2I1MTktYThjYy00Zjg5LTkzNWUtYzkxNDhhZTA5ZTgx",
        "X-Cache": "CONFIG_NOCACHE"
      },
      "ResponseBody": null
    }
  ],
  "Variables": {
    "validFrom": "Fri Mar 22 2024 12:11:07 GMT-0700 (Pacific Daylight Time)",
    "validUntil": "Fri Mar 22 2024 12:16:07 GMT-0700 (Pacific Daylight Time)"
  }
}
