{
  "Entries": [
    {
      "RequestUri": "https://zityang-mqtt5.webpubsub.azure.com/api/hubs/serviceclientcanlistconnectionsingroup/groups/group1/connections?maxpagesize=2&top=5&api-version=2024-12-01",
      "RequestMethod": "GET",
      "RequestHeaders": {
        "Accept": "application/json",
        "Authorization": "Sanitized",
        "User-Agent": "azsdk-net-Messaging.WebPubSub/1.5.0-alpha.20250411.1 (.NET Framework 4.8.9300.0; Microsoft Windows 10.0.26100 )",
        "x-ms-client-request-id": "Sanitized",
        "x-ms-return-client-request-id": "true"
      },
      "RequestBody": null,
      "StatusCode": 200,
      "ResponseHeaders": {
        "api-supported-versions": "2021-10-01, 2022-11-01, 2023-07-01, 2024-01-01, 2024-12-01",
        "Connection": "keep-alive",
        "Content-Length": "363",
        "Content-Type": "application/json; charset=utf-8",
        "Date": "Fri, 11 Apr 2025 08:14:23 GMT",
        "Strict-Transport-Security": "max-age=31536000; includeSubDomains"
      },
      "ResponseBody": {
        "value": [
          {
            "connectionId": "5NUL9pqW8ruQVLtYRJo0OAD4EB9Aa02",
            "userId": null
          },
          {
            "connectionId": "3UX87Jcs22Eg_vwVO221GgIQBg-Qa02",
            "userId": null
          }
        ],
        "nextLink": "https://zityang-mqtt5.webpubsub.azure.com/api/hubs/serviceclientcanlistconnectionsingroup/groups/group1/connections?top=3&maxpagesize=2&continuationToken=5NUL9pqW8ruQVLtYRJo0OAD4EB9Aa02&api-version=2024-12-01"
      }
    },
    {
      "RequestUri": "https://zityang-mqtt5.webpubsub.azure.com/api/hubs/serviceclientcanlistconnectionsingroup/groups/group1/connections?top=3&maxpagesize=2&continuationToken=5NUL9pqW8ruQVLtYRJo0OAD4EB9Aa02&api-version=2024-12-01",
      "RequestMethod": "GET",
      "RequestHeaders": {
        "Accept": "application/json",
        "Authorization": "Sanitized",
        "User-Agent": "azsdk-net-Messaging.WebPubSub/1.5.0-alpha.20250411.1 (.NET Framework 4.8.9300.0; Microsoft Windows 10.0.26100 )",
        "x-ms-client-request-id": "Sanitized",
        "x-ms-return-client-request-id": "true"
      },
      "RequestBody": null,
      "StatusCode": 200,
      "ResponseHeaders": {
        "api-supported-versions": "2021-10-01, 2022-11-01, 2023-07-01, 2024-01-01, 2024-12-01",
        "Connection": "keep-alive",
        "Content-Length": "363",
        "Content-Type": "application/json; charset=utf-8",
        "Date": "Fri, 11 Apr 2025 08:14:23 GMT",
        "Strict-Transport-Security": "max-age=31536000; includeSubDomains"
      },
      "ResponseBody": {
        "value": [
          {
            "connectionId": "NTcE7ECWUe_Q6RQ9JYYWuQIQBg-Qa02",
            "userId": null
          },
          {
            "connectionId": "GgMUORl0kU9ZoY0OwhhxLAIQBg-Qa02",
            "userId": null
          }
        ],
        "nextLink": "https://zityang-mqtt5.webpubsub.azure.com/api/hubs/serviceclientcanlistconnectionsingroup/groups/group1/connections?top=1&maxpagesize=2&continuationToken=NTcE7ECWUe_Q6RQ9JYYWuQIQBg-Qa02&api-version=2024-12-01"
      }
    },
    {
      "RequestUri": "https://zityang-mqtt5.webpubsub.azure.com/api/hubs/serviceclientcanlistconnectionsingroup/groups/group1/connections?top=1&maxpagesize=2&continuationToken=NTcE7ECWUe_Q6RQ9JYYWuQIQBg-Qa02&api-version=2024-12-01",
      "RequestMethod": "GET",
      "RequestHeaders": {
        "Accept": "application/json",
        "Authorization": "Sanitized",
        "User-Agent": "azsdk-net-Messaging.WebPubSub/1.5.0-alpha.20250411.1 (.NET Framework 4.8.9300.0; Microsoft Windows 10.0.26100 )",
        "x-ms-client-request-id": "Sanitized",
        "x-ms-return-client-request-id": "true"
      },
      "RequestBody": null,
      "StatusCode": 200,
      "ResponseHeaders": {
        "api-supported-versions": "2021-10-01, 2022-11-01, 2023-07-01, 2024-01-01, 2024-12-01",
        "Connection": "keep-alive",
        "Content-Length": "76",
        "Content-Type": "application/json; charset=utf-8",
        "Date": "Fri, 11 Apr 2025 08:14:23 GMT",
        "Strict-Transport-Security": "max-age=31536000; includeSubDomains"
      },
      "ResponseBody": {
        "value": [
          {
            "connectionId": "R_aXgZ5cyKnz-WODf22yDwD4EB9Aa02",
            "userId": null
          }
        ]
      }
    }
  ],
  "Variables": {
    "RandomSeed": "744022908"
  }
}
