{
  "Entries": [
    {
      "RequestUri": "https://fakeendpoint.blob.core.windows.net/src7dfaf145-b6e6-4aba-bee4-3519c162f45d?restype=container",
      "RequestMethod": "PUT",
      "RequestHeaders": {
        "Accept": "application/xml",
        "Accept-Encoding": "gzip, deflate",
        "Connection": "keep-alive",
        "Content-Length": "0",
        "User-Agent": "azsdk-python-storage-blob/12.9.0 Python/3.11.9 (Windows-10-10.0.26100-SP0)",
        "x-ms-date": "Tue, 15 Oct 2024 16:44:53 GMT",
        "x-ms-version": "2020-10-02"
      },
      "RequestBody": null,
      "StatusCode": 201,
      "ResponseHeaders": {
        "Content-Length": "0",
        "Date": "Tue, 15 Oct 2024 16:44:52 GMT",
        "ETag": "\"0x8DCED38B14D57B4\"",
        "Last-Modified": "Tue, 15 Oct 2024 16:44:52 GMT",
        "Server": [
          "Windows-Azure-Blob/1.0",
          "Microsoft-HTTPAPI/2.0"
        ],
        "x-ms-version": "2020-10-02"
      },
      "ResponseBody": null
    },
    {
      "RequestUri": "https://fakeendpoint.blob.core.windows.net/src7dfaf145-b6e6-4aba-bee4-3519c162f45d/7f3a8aa3-7412-4968-900d-949c8675df7b.txt",
      "RequestMethod": "PUT",
      "RequestHeaders": {
        "Accept": "application/xml",
        "Accept-Encoding": "gzip, deflate, br",
        "Connection": "keep-alive",
        "Content-Length": "27",
        "Content-Type": "application/octet-stream",
        "If-None-Match": "*",
        "User-Agent": "azsdk-python-storage-blob/12.9.0 Python/3.11.9 (Windows-10-10.0.26100-SP0)",
        "x-ms-blob-type": "BlockBlob",
        "x-ms-date": "Tue, 15 Oct 2024 16:44:53 GMT",
        "x-ms-version": "2020-10-02"
      },
      "RequestBody": "VGhpcyBpcyB3cml0dGVuIGluIGVuZ2xpc2gu",
      "StatusCode": 201,
      "ResponseHeaders": {
        "Content-Length": "0",
        "Content-MD5": "mYgA0QpY6baiB+xZp8Hk+A==",
        "Date": "Tue, 15 Oct 2024 16:44:52 GMT",
        "ETag": "\"0x8DCED38B15F8E6F\"",
        "Last-Modified": "Tue, 15 Oct 2024 16:44:52 GMT",
        "Server": [
          "Windows-Azure-Blob/1.0",
          "Microsoft-HTTPAPI/2.0"
        ],
        "x-ms-content-crc64": "NB4xBtawP6g=",
        "x-ms-request-server-encrypted": "true",
        "x-ms-version": "2020-10-02"
      },
      "ResponseBody": null
    },
    {
      "RequestUri": "https://fakeendpoint.blob.core.windows.net/src7dfaf145-b6e6-4aba-bee4-3519c162f45d/e5c315b2-4cc2-44e5-836a-0b26b9618c79.txt",
      "RequestMethod": "PUT",
      "RequestHeaders": {
        "Accept": "application/xml",
        "Accept-Encoding": "gzip, deflate, br",
        "Connection": "keep-alive",
        "Content-Length": "27",
        "Content-Type": "application/octet-stream",
        "If-None-Match": "*",
        "User-Agent": "azsdk-python-storage-blob/12.9.0 Python/3.11.9 (Windows-10-10.0.26100-SP0)",
        "x-ms-blob-type": "BlockBlob",
        "x-ms-date": "Tue, 15 Oct 2024 16:44:54 GMT",
        "x-ms-version": "2020-10-02"
      },
      "RequestBody": "VGhpcyBpcyB3cml0dGVuIGluIGVuZ2xpc2gu",
      "StatusCode": 201,
      "ResponseHeaders": {
        "Content-Length": "0",
        "Content-MD5": "mYgA0QpY6baiB+xZp8Hk+A==",
        "Date": "Tue, 15 Oct 2024 16:44:53 GMT",
        "ETag": "\"0x8DCED38B16E8067\"",
        "Last-Modified": "Tue, 15 Oct 2024 16:44:53 GMT",
        "Server": [
          "Windows-Azure-Blob/1.0",
          "Microsoft-HTTPAPI/2.0"
        ],
        "x-ms-content-crc64": "NB4xBtawP6g=",
        "x-ms-request-server-encrypted": "true",
        "x-ms-version": "2020-10-02"
      },
      "ResponseBody": null
    },
    {
      "RequestUri": "https://fakeendpoint.blob.core.windows.net/target58724ac5-544b-4c3a-8a69-1fbdd390b23b?restype=container",
      "RequestMethod": "PUT",
      "RequestHeaders": {
        "Accept": "application/xml",
        "Accept-Encoding": "gzip, deflate, br",
        "Connection": "keep-alive",
        "Content-Length": "0",
        "User-Agent": "azsdk-python-storage-blob/12.9.0 Python/3.11.9 (Windows-10-10.0.26100-SP0)",
        "x-ms-date": "Tue, 15 Oct 2024 16:44:54 GMT",
        "x-ms-version": "2020-10-02"
      },
      "RequestBody": null,
      "StatusCode": 201,
      "ResponseHeaders": {
        "Content-Length": "0",
        "Date": "Tue, 15 Oct 2024 16:44:53 GMT",
        "ETag": "\"0x8DCED38B1951153\"",
        "Last-Modified": "Tue, 15 Oct 2024 16:44:53 GMT",
        "Server": [
          "Windows-Azure-Blob/1.0",
          "Microsoft-HTTPAPI/2.0"
        ],
        "x-ms-version": "2020-10-02"
      },
      "ResponseBody": null
    },
    {
      "RequestUri": "https://fakeendpoint.cognitiveservices.azure.com/translator/document/batches?api-version=2024-05-01",
      "RequestMethod": "POST",
      "RequestHeaders": {
        "Accept": "application/json",
        "Accept-Encoding": "gzip, deflate, br",
        "Connection": "keep-alive",
        "Content-Length": "362",
        "Content-Type": "application/json",
        "User-Agent": "azsdk-python-ai-translation-document/1.1.0b2 Python/3.11.9 (Windows-10-10.0.26100-SP0)"
      },
      "RequestBody": {
        "inputs": [
          {
            "source": {
              "sourceUrl": "https://fakeendpoint.blob.core.windows.net/src7dfaf145-b6e6-4aba-bee4-3519c162f45d?se=Sanitized&sp=rl&sv=Sanitized&sr=c&sig=Sanitized"
            },
            "targets": [
              {
                "targetUrl": "https://fakeendpoint.blob.core.windows.net/target58724ac5-544b-4c3a-8a69-1fbdd390b23b?se=Sanitized&sp=wl&sv=Sanitized&sr=c&sig=Sanitized",
                "language": "es"
              }
            ]
          }
        ]
      },
      "StatusCode": 202,
      "ResponseHeaders": {
        "apim-request-id": "9afffc40-614e-45a8-b77d-eaf1cddc21f0",
        "Content-Type": "application/json; charset=utf-8",
        "Date": "Tue, 15 Oct 2024 16:44:54 GMT",
        "Operation-Location": "https://fakeendpoint.cognitiveservices.azure.com/translator/document/batches/3f4e1fe0-fc87-482a-9f97-ad44e575a358?api-version=2024-05-01",
        "Strict-Transport-Security": "max-age=31536000; includeSubDomains; preload",
        "Transfer-Encoding": "chunked",
        "X-Content-Type-Options": "nosniff",
        "x-ms-region": "West US",
        "X-RequestId": "9afffc40-614e-45a8-b77d-eaf1cddc21f0"
      },
      "ResponseBody": {
        "id": "3f4e1fe0-fc87-482a-9f97-ad44e575a358",
        "status": "NotStarted"
      }
    }
  ],
  "Variables": {
    "source_container_name": "src7dfaf145-b6e6-4aba-bee4-3519c162f45d",
    "target_container_name": "target58724ac5-544b-4c3a-8a69-1fbdd390b23b"
  }
}
