{
  "Entries": [
    {
      "RequestUri": "https://Sanitized.managedhsm.azure.net/keys/livekvtestrotation-key40922c5f/create?api-version=7.5",
      "RequestMethod": "POST",
      "RequestHeaders": {
        "Accept": "application/json",
        "Accept-Encoding": "gzip, deflate",
        "Connection": "keep-alive",
        "Content-Length": "0",
        "Content-Type": "application/json",
        "User-Agent": "azsdk-python-keyvault-keys/4.11.0 Python/3.13.0 (Linux-5.15.146.1-microsoft-standard-WSL2-x86_64-with-glibc2.35)"
      },
      "RequestBody": null,
      "StatusCode": 401,
      "ResponseHeaders": {
        "Cache-Control": "no-cache",
        "Content-Length": "0",
        "Content-Security-Policy": "default-src 'self'",
        "Content-Type": "application/json; charset=utf-8",
        "Strict-Transport-Security": "max-age=31536000; includeSubDomains",
        "WWW-Authenticate": "Bearer authorization=\"https://login.microsoftonline.com/70a036f6-8e4d-4615-bad6-149c02e7720d\", resource=\"https://managedhsm.azure.net\"",
        "X-Content-Type-Options": "nosniff",
        "X-Frame-Options": "SAMEORIGIN",
        "x-ms-server-latency": "0"
      },
      "ResponseBody": null
    },
    {
      "RequestUri": "https://Sanitized.managedhsm.azure.net/keys/livekvtestrotation-key40922c5f/create?api-version=7.5",
      "RequestMethod": "POST",
      "RequestHeaders": {
        "Accept": "application/json",
        "Accept-Encoding": "gzip, deflate",
        "Connection": "keep-alive",
        "Content-Length": "18",
        "Content-Type": "application/json",
        "User-Agent": "azsdk-python-keyvault-keys/4.11.0 Python/3.13.0 (Linux-5.15.146.1-microsoft-standard-WSL2-x86_64-with-glibc2.35)"
      },
      "RequestBody": {
        "kty": "RSA-HSM"
      },
      "StatusCode": 200,
      "ResponseHeaders": {
        "Cache-Control": "no-cache",
        "Content-Length": "742",
        "Content-Security-Policy": "default-src 'self'",
        "Content-Type": "application/json; charset=utf-8",
        "Strict-Transport-Security": "max-age=31536000; includeSubDomains",
        "X-Content-Type-Options": "nosniff",
        "X-Frame-Options": "SAMEORIGIN",
        "x-ms-keyvault-network-info": "conn_type=Ipv4;addr=70.37.26.135;act_addr_fam=Ipv4;",
        "x-ms-keyvault-region": "brazilsouth",
        "x-ms-server-latency": "81"
      },
      "ResponseBody": {
        "attributes": {
          "created": 1748906666,
          "enabled": true,
          "exportable": false,
          "recoverableDays": 7,
          "recoveryLevel": "CustomizedRecoverable+Purgeable",
          "updated": 1748906666
        },
        "key": {
          "e": "AQAB",
          "key_ops": [
            "wrapKey",
            "decrypt",
            "encrypt",
            "unwrapKey",
            "sign",
            "verify"
          ],
          "kid": "https://managedhsmvaultname.managedhsm.azure.net/keys/livekvtestrotation-key40922c5f/c0679584843c4ec40e7df29aa8dd68df",
          "kty": "RSA-HSM",
          "n": "pqt2jtiAdKJefuftqosr6e5QuS97c3rXiClzbJkLGz81rScRQGonjYu6Fn_ZU5jI2fexK1qF2gThPnowqrWhTfNV2kWsEEC060DWfJ3fd45S1_Dye7b1k-A-vAushGcNLUQdiN8EGv_62f8HsYpGgtH3Sg7fRz966phl126JFUj-H9Zj_yYo3VssX6ONGmckCw5vAK5fZuwJALa_xvN92oBAXj_-jxroT-qWPf4GKF6YmScqupMNec_TqJawI2dY5vKbRJ5uZmEzalYR4XFzXtuN1J5E0qdUI__JPlsIClV64c2wOqRLj4xEImqMZvXK5z4iYTuKjRIo-UNI9sIDow"
        }
      }
    },
    {
      "RequestUri": "https://Sanitized.managedhsm.azure.net/keys/livekvtestrotation-key40922c5f/rotationpolicy?api-version=7.5",
      "RequestMethod": "PUT",
      "RequestHeaders": {
        "Accept": "application/json",
        "Accept-Encoding": "gzip, deflate",
        "Connection": "keep-alive",
        "Content-Length": "129",
        "Content-Type": "application/json",
        "User-Agent": "azsdk-python-keyvault-keys/4.11.0 Python/3.13.0 (Linux-5.15.146.1-microsoft-standard-WSL2-x86_64-with-glibc2.35)"
      },
      "RequestBody": {
        "lifetimeActions": [
          {
            "action": {
              "type": "Rotate"
            },
            "trigger": {
              "timeAfterCreate": "P2M"
            }
          }
        ],
        "attributes": {
          "expiryTime": "P6M"
        }
      },
      "StatusCode": 200,
      "ResponseHeaders": {
        "Cache-Control": "no-cache",
        "Content-Length": "220",
        "Content-Security-Policy": "default-src 'self'",
        "Content-Type": "application/json; charset=utf-8",
        "Strict-Transport-Security": "max-age=31536000; includeSubDomains",
        "X-Content-Type-Options": "nosniff",
        "X-Frame-Options": "SAMEORIGIN",
        "x-ms-keyvault-network-info": "conn_type=Ipv4;addr=70.37.26.135;act_addr_fam=Ipv4;",
        "x-ms-keyvault-region": "brazilsouth",
        "x-ms-server-latency": "34"
      },
      "ResponseBody": {
        "attributes": {
          "created": 1748906666,
          "expiryTime": "P6M",
          "updated": 1748906666
        },
        "id": "keys/livekvtestrotation-key40922c5f/rotationpolicy",
        "lifetimeActions": [
          {
            "action": {
              "type": "rotate"
            },
            "trigger": {
              "timeAfterCreate": "P2M"
            }
          }
        ]
      }
    },
    {
      "RequestUri": "https://Sanitized.managedhsm.azure.net/keys/livekvtestrotation-key40922c5f/rotationpolicy?api-version=7.5",
      "RequestMethod": "GET",
      "RequestHeaders": {
        "Accept": "application/json",
        "Accept-Encoding": "gzip, deflate",
        "Connection": "keep-alive",
        "User-Agent": "azsdk-python-keyvault-keys/4.11.0 Python/3.13.0 (Linux-5.15.146.1-microsoft-standard-WSL2-x86_64-with-glibc2.35)"
      },
      "RequestBody": null,
      "StatusCode": 200,
      "ResponseHeaders": {
        "Cache-Control": "no-cache",
        "Content-Length": "220",
        "Content-Security-Policy": "default-src 'self'",
        "Content-Type": "application/json; charset=utf-8",
        "Strict-Transport-Security": "max-age=31536000; includeSubDomains",
        "X-Content-Type-Options": "nosniff",
        "X-Frame-Options": "SAMEORIGIN",
        "x-ms-build-version": "1.0.20250507-1-41b99104-key-verify-fix",
        "x-ms-keyvault-network-info": "conn_type=Ipv4;addr=70.37.26.135;act_addr_fam=Ipv4;",
        "x-ms-keyvault-region": "brazilsouth",
        "x-ms-server-latency": "0"
      },
      "ResponseBody": {
        "attributes": {
          "created": 1748906666,
          "expiryTime": "P6M",
          "updated": 1748906666
        },
        "id": "keys/livekvtestrotation-key40922c5f/rotationpolicy",
        "lifetimeActions": [
          {
            "action": {
              "type": "rotate"
            },
            "trigger": {
              "timeAfterCreate": "P2M"
            }
          }
        ]
      }
    },
    {
      "RequestUri": "https://Sanitized.managedhsm.azure.net/keys/livekvtestrotation-key40922c5f/rotationpolicy?api-version=7.5",
      "RequestMethod": "PUT",
      "RequestHeaders": {
        "Accept": "application/json",
        "Accept-Encoding": "gzip, deflate",
        "Connection": "keep-alive",
        "Content-Length": "130",
        "Content-Type": "application/json",
        "User-Agent": "azsdk-python-keyvault-keys/4.11.0 Python/3.13.0 (Linux-5.15.146.1-microsoft-standard-WSL2-x86_64-with-glibc2.35)"
      },
      "RequestBody": {
        "lifetimeActions": [
          {
            "action": {
              "type": "rotate"
            },
            "trigger": {
              "timeAfterCreate": "P2M"
            }
          }
        ],
        "attributes": {
          "expiryTime": "P90D"
        }
      },
      "StatusCode": 200,
      "ResponseHeaders": {
        "Cache-Control": "no-cache",
        "Content-Length": "221",
        "Content-Security-Policy": "default-src 'self'",
        "Content-Type": "application/json; charset=utf-8",
        "Strict-Transport-Security": "max-age=31536000; includeSubDomains",
        "X-Content-Type-Options": "nosniff",
        "X-Frame-Options": "SAMEORIGIN",
        "x-ms-keyvault-network-info": "conn_type=Ipv4;addr=70.37.26.135;act_addr_fam=Ipv4;",
        "x-ms-keyvault-region": "brazilsouth",
        "x-ms-server-latency": "35"
      },
      "ResponseBody": {
        "attributes": {
          "created": 1748906666,
          "expiryTime": "P90D",
          "updated": 1748906667
        },
        "id": "keys/livekvtestrotation-key40922c5f/rotationpolicy",
        "lifetimeActions": [
          {
            "action": {
              "type": "rotate"
            },
            "trigger": {
              "timeAfterCreate": "P2M"
            }
          }
        ]
      }
    }
  ],
  "Variables": {}
}
