{
  "Entries": [
    {
      "RequestUri": "https://Sanitized.managedhsm.azure.net/keys/livekvtestrotation-key63fd2a58/create?api-version=7.5",
      "RequestMethod": "POST",
      "RequestHeaders": {
        "Accept": "application/json",
        "Accept-Encoding": "gzip, deflate",
        "Content-Length": "0",
        "Content-Type": "application/json",
        "User-Agent": "azsdk-python-keyvault-keys/4.11.0 Python/3.13.0 (Linux-5.15.146.1-microsoft-standard-WSL2-x86_64-with-glibc2.35)"
      },
      "RequestBody": null,
      "StatusCode": 401,
      "ResponseHeaders": {
        "Cache-Control": "no-cache",
        "Content-Length": "0",
        "Content-Security-Policy": "default-src 'self'",
        "Content-Type": "application/json; charset=utf-8",
        "Strict-Transport-Security": "max-age=31536000; includeSubDomains",
        "WWW-Authenticate": "Bearer authorization=\"https://login.microsoftonline.com/70a036f6-8e4d-4615-bad6-149c02e7720d\", resource=\"https://managedhsm.azure.net\"",
        "X-Content-Type-Options": "nosniff",
        "X-Frame-Options": "SAMEORIGIN",
        "x-ms-server-latency": "0"
      },
      "ResponseBody": null
    },
    {
      "RequestUri": "https://Sanitized.managedhsm.azure.net/keys/livekvtestrotation-key63fd2a58/create?api-version=7.5",
      "RequestMethod": "POST",
      "RequestHeaders": {
        "Accept": "application/json",
        "Accept-Encoding": "gzip, deflate",
        "Content-Length": "18",
        "Content-Type": "application/json",
        "User-Agent": "azsdk-python-keyvault-keys/4.11.0 Python/3.13.0 (Linux-5.15.146.1-microsoft-standard-WSL2-x86_64-with-glibc2.35)"
      },
      "RequestBody": {
        "kty": "RSA-HSM"
      },
      "StatusCode": 200,
      "ResponseHeaders": {
        "Cache-Control": "no-cache",
        "Content-Length": "742",
        "Content-Security-Policy": "default-src 'self'",
        "Content-Type": "application/json; charset=utf-8",
        "Strict-Transport-Security": "max-age=31536000; includeSubDomains",
        "X-Content-Type-Options": "nosniff",
        "X-Frame-Options": "SAMEORIGIN",
        "x-ms-keyvault-network-info": "conn_type=Ipv4;addr=70.37.26.135;act_addr_fam=Ipv4;",
        "x-ms-keyvault-region": "brazilsouth",
        "x-ms-server-latency": "80"
      },
      "ResponseBody": {
        "attributes": {
          "created": 1748906921,
          "enabled": true,
          "exportable": false,
          "recoverableDays": 7,
          "recoveryLevel": "CustomizedRecoverable+Purgeable",
          "updated": 1748906921
        },
        "key": {
          "e": "AQAB",
          "key_ops": [
            "wrapKey",
            "decrypt",
            "encrypt",
            "unwrapKey",
            "sign",
            "verify"
          ],
          "kid": "https://managedhsmvaultname.managedhsm.azure.net/keys/livekvtestrotation-key63fd2a58/d972453bcf950ba49b1e49b7cdc86a32",
          "kty": "RSA-HSM",
          "n": "ukWtViORjwrLCuTyVRTFJ96H46hBd0OicAdbfyyCnF3tG98G-FNHhiJEKL1o8KXbqahEoBEny6CkJ6Hgp6ACLLbpmal_0kQ8MRLPtu6oYQ2pqjJT-oXEoN_UIrNbfrkh1yV1GHCLq5p4IwulS_WY_XpMp2nIze7sDZmR2ym6wYX2c6VqdcaeJyI7HbpFt1rwoW1Kd7glXhSF5oJ_M66DYwl3Hm9qJOFrkLz5_SITgtiJteDx7U23-wLI9WHwTke8lsDbm_VKlD1vYhTPZad83VpsQfmt0ZxNMYpC_2tlNDOScRFOgkFcPRAFgQCqVWr5eAg00L0RgWTzv6Plz2BlGQ"
        }
      }
    },
    {
      "RequestUri": "https://Sanitized.managedhsm.azure.net/keys/livekvtestrotation-key63fd2a58/rotationpolicy?api-version=7.5",
      "RequestMethod": "PUT",
      "RequestHeaders": {
        "Accept": "application/json",
        "Accept-Encoding": "gzip, deflate",
        "Content-Length": "129",
        "Content-Type": "application/json",
        "User-Agent": "azsdk-python-keyvault-keys/4.11.0 Python/3.13.0 (Linux-5.15.146.1-microsoft-standard-WSL2-x86_64-with-glibc2.35)"
      },
      "RequestBody": {
        "lifetimeActions": [
          {
            "action": {
              "type": "Rotate"
            },
            "trigger": {
              "timeAfterCreate": "P6M"
            }
          }
        ],
        "attributes": {
          "expiryTime": "P1Y"
        }
      },
      "StatusCode": 200,
      "ResponseHeaders": {
        "Cache-Control": "no-cache",
        "Content-Length": "220",
        "Content-Security-Policy": "default-src 'self'",
        "Content-Type": "application/json; charset=utf-8",
        "Strict-Transport-Security": "max-age=31536000; includeSubDomains",
        "X-Content-Type-Options": "nosniff",
        "X-Frame-Options": "SAMEORIGIN",
        "x-ms-keyvault-network-info": "conn_type=Ipv4;addr=70.37.26.135;act_addr_fam=Ipv4;",
        "x-ms-keyvault-region": "brazilsouth",
        "x-ms-server-latency": "36"
      },
      "ResponseBody": {
        "attributes": {
          "created": 1748906922,
          "expiryTime": "P1Y",
          "updated": 1748906922
        },
        "id": "keys/livekvtestrotation-key63fd2a58/rotationpolicy",
        "lifetimeActions": [
          {
            "action": {
              "type": "rotate"
            },
            "trigger": {
              "timeAfterCreate": "P6M"
            }
          }
        ]
      }
    },
    {
      "RequestUri": "https://Sanitized.managedhsm.azure.net/keys/livekvtestrotation-key63fd2a58/rotate?api-version=7.5",
      "RequestMethod": "POST",
      "RequestHeaders": {
        "Accept": "application/json",
        "Accept-Encoding": "gzip, deflate",
        "Content-Length": "0",
        "User-Agent": "azsdk-python-keyvault-keys/4.11.0 Python/3.13.0 (Linux-5.15.146.1-microsoft-standard-WSL2-x86_64-with-glibc2.35)"
      },
      "RequestBody": null,
      "StatusCode": 200,
      "ResponseHeaders": {
        "Cache-Control": "no-cache",
        "Content-Length": "759",
        "Content-Security-Policy": "default-src 'self'",
        "Content-Type": "application/json; charset=utf-8",
        "Strict-Transport-Security": "max-age=31536000; includeSubDomains",
        "X-Content-Type-Options": "nosniff",
        "X-Frame-Options": "SAMEORIGIN",
        "x-ms-keyvault-network-info": "conn_type=Ipv4;addr=70.37.26.135;act_addr_fam=Ipv4;",
        "x-ms-keyvault-region": "brazilsouth",
        "x-ms-server-latency": "119"
      },
      "ResponseBody": {
        "attributes": {
          "created": 1748906922,
          "enabled": true,
          "exp": 1780442922,
          "exportable": false,
          "recoverableDays": 7,
          "recoveryLevel": "CustomizedRecoverable+Purgeable",
          "updated": 1748906922
        },
        "key": {
          "e": "AQAB",
          "key_ops": [
            "wrapKey",
            "encrypt",
            "decrypt",
            "unwrapKey",
            "sign",
            "verify"
          ],
          "kid": "https://managedhsmvaultname.managedhsm.azure.net/keys/livekvtestrotation-key63fd2a58/5360a49e66e7067f80b60d635fd07b3e",
          "kty": "RSA-HSM",
          "n": "jQuj9_uqxVoZFkYGo2SD-y0fg6kK673KkBwdvG-I3pJbrhZn326pXHJb6GiWauRU6S5IQvD2u51OO3cPDimY8cvac0RLaLwjaEsEnmwUKVjX6YKECkclPmLEOPsIJX_X1DpPJLYi7Jjd75A4eORWKXGuzLzUusP10-Buvd4Ga4uRDf3klhk7Dyp3a2yW4T88IWMqpc1BczvK6pl9Lkucg9DFW3Yw2BgdZ89XIgxy2yXDlgfXpZh1DpUYWBVy7U3lYTqaOLywIN7S-NaDiwJvhewt2uwYMr5G1yyJzNRVjHqWR5UAzVRHFFvigiPy4iV4n0sqtALpunEZhHgHI49AGQ"
        }
      }
    }
  ],
  "Variables": {}
}
