{
  "Entries": [
    {
      "RequestUri": "https://vaultname.vault.azure.net/keys/livekvtestcrud-ec-key6c982cc6/create?api-version=7.3",
      "RequestMethod": "POST",
      "RequestHeaders": {
        "Accept": "application/json",
        "Accept-Encoding": "gzip, deflate",
        "Connection": "keep-alive",
        "Content-Length": "0",
        "Content-Type": "application/json",
        "User-Agent": "azsdk-python-keyvault-keys/4.8.0b2 Python/3.11.0 (Windows-10-10.0.22621-SP0)"
      },
      "RequestBody": null,
      "StatusCode": 401,
      "ResponseHeaders": {
        "Cache-Control": "no-cache",
        "Content-Length": "97",
        "Content-Type": "application/json; charset=utf-8",
        "Date": "Wed, 09 Nov 2022 18:33:24 GMT",
        "Expires": "-1",
        "Pragma": "no-cache",
        "Strict-Transport-Security": "max-age=31536000;includeSubDomains",
        "WWW-Authenticate": "Bearer authorization=\u0022https://login.windows.net/00000000-0000-0000-0000-000000000000\u0022, resource=\u0022https://vault.azure.net\u0022",
        "X-Content-Type-Options": "nosniff",
        "x-ms-keyvault-network-info": "conn_type=Ipv4;addr=131.107.1.222;act_addr_fam=InterNetwork;",
        "x-ms-keyvault-region": "westus",
        "x-ms-keyvault-service-version": "1.9.576.1"
      },
      "ResponseBody": {
        "error": {
          "code": "Unauthorized",
          "message": "AKV10000: Request is missing a Bearer or PoP token."
        }
      }
    },
    {
      "RequestUri": "https://login.microsoftonline.com/00000000-0000-0000-0000-000000000000/v2.0/.well-known/openid-configuration",
      "RequestMethod": "GET",
      "RequestHeaders": {
        "Accept": "*/*",
        "Accept-Encoding": "gzip, deflate",
        "Connection": "keep-alive",
        "User-Agent": "azsdk-python-identity/1.12.1 Python/3.11.0 (Windows-10-10.0.22621-SP0)"
      },
      "RequestBody": null,
      "StatusCode": 200,
      "ResponseHeaders": {
        "Access-Control-Allow-Methods": "GET, OPTIONS",
        "Access-Control-Allow-Origin": "*",
        "Cache-Control": "max-age=86400, private",
        "Content-Length": "1753",
        "Content-Security-Policy-Report-Only": "script-src \u0027self\u0027 \u0027nonce-ut3Ugu_tnTYJoom40Io7ew\u0027 \u0027unsafe-eval\u0027 \u0027unsafe-inline\u0027; object-src \u0027none\u0027; base-uri \u0027self\u0027; report-uri https://csp.microsoft.com/report/ESTS-UX-All",
        "Content-Type": "application/json; charset=utf-8",
        "Date": "Wed, 09 Nov 2022 18:33:24 GMT",
        "P3P": "CP=\u0022DSP CUR OTPi IND OTRi ONL FIN\u0022",
        "Set-Cookie": [
          "fpc=Ai3N8aKUY7BMmvfXab5a8gU; expires=Fri, 09-Dec-2022 18:33:25 GMT; path=/; secure; HttpOnly; SameSite=None",
          "esctx=AQABAAAAAAD--DLA3VO7QrddgJg7WevrcGlHR5uv84SCRKe2fbCsIlmK4-kzzzXtEg2BPTlt14hIpRhHcF5u1Ehg5R_0j6iD_a1rpAXdJQdyc861Qcw8gqchm8gd_Mza5qMlG0UZEYW0ykdULRtaZyP3R1l0NzgoTkOJdQ6L0T1vSkk6g_L-fQ7VVqmwma4Jy0k_WmFJXeTD4mm07MiJgnVkKYbHQ9gY0fKtmDIB4-gzslhU8dve-iO2gZnWPlGwEm0dN_cRGrIgAA; domain=.login.microsoftonline.com; path=/; secure; HttpOnly; SameSite=None",
          "x-ms-gateway-slice=estsfd; path=/; secure; samesite=none; httponly",
          "stsservicecookie=estsfd; path=/; secure; samesite=none; httponly"
        ],
        "Strict-Transport-Security": "max-age=31536000; includeSubDomains",
        "X-Content-Type-Options": "nosniff",
        "x-ms-ests-server": "2.1.14059.12 - WUS2 ProdSlices",
        "X-XSS-Protection": "0"
      },
      "ResponseBody": {
        "token_endpoint": "https://login.microsoftonline.com/00000000-0000-0000-0000-000000000000/oauth2/v2.0/token",
        "token_endpoint_auth_methods_supported": [
          "client_secret_post",
          "private_key_jwt",
          "client_secret_basic"
        ],
        "jwks_uri": "https://login.microsoftonline.com/00000000-0000-0000-0000-000000000000/discovery/v2.0/keys",
        "response_modes_supported": [
          "query",
          "fragment",
          "form_post"
        ],
        "subject_types_supported": [
          "pairwise"
        ],
        "id_token_signing_alg_values_supported": [
          "RS256"
        ],
        "response_types_supported": [
          "code",
          "id_token",
          "code id_token",
          "id_token token"
        ],
        "scopes_supported": [
          "openid",
          "profile",
          "email",
          "offline_access"
        ],
        "issuer": "https://login.microsoftonline.com/00000000-0000-0000-0000-000000000000/v2.0",
        "request_uri_parameter_supported": false,
        "userinfo_endpoint": "https://graph.microsoft.com/oidc/userinfo",
        "authorization_endpoint": "https://login.microsoftonline.com/00000000-0000-0000-0000-000000000000/oauth2/v2.0/authorize",
        "device_authorization_endpoint": "https://login.microsoftonline.com/00000000-0000-0000-0000-000000000000/oauth2/v2.0/devicecode",
        "http_logout_supported": true,
        "frontchannel_logout_supported": true,
        "end_session_endpoint": "https://login.microsoftonline.com/00000000-0000-0000-0000-000000000000/oauth2/v2.0/logout",
        "claims_supported": [
          "sub",
          "iss",
          "cloud_instance_name",
          "cloud_instance_host_name",
          "cloud_graph_host_name",
          "msgraph_host",
          "aud",
          "exp",
          "iat",
          "auth_time",
          "acr",
          "nonce",
          "preferred_username",
          "name",
          "tid",
          "ver",
          "at_hash",
          "c_hash",
          "email"
        ],
        "kerberos_endpoint": "https://login.microsoftonline.com/00000000-0000-0000-0000-000000000000/kerberos",
        "tenant_region_scope": "WW",
        "cloud_instance_name": "microsoftonline.com",
        "cloud_graph_host_name": "graph.windows.net",
        "msgraph_host": "graph.microsoft.com",
        "rbac_url": "https://pas.windows.net"
      }
    },
    {
      "RequestUri": "https://login.microsoftonline.com/common/discovery/instance?api-version=1.1\u0026authorization_endpoint=https://login.microsoftonline.com/common/oauth2/authorize",
      "RequestMethod": "GET",
      "RequestHeaders": {
        "Accept": "application/json",
        "Accept-Encoding": "gzip, deflate",
        "Connection": "keep-alive",
        "User-Agent": "azsdk-python-identity/1.12.1 Python/3.11.0 (Windows-10-10.0.22621-SP0)"
      },
      "RequestBody": null,
      "StatusCode": 200,
      "ResponseHeaders": {
        "Access-Control-Allow-Methods": "GET, OPTIONS",
        "Access-Control-Allow-Origin": "*",
        "Cache-Control": "max-age=86400, private",
        "Content-Length": "945",
        "Content-Type": "application/json; charset=utf-8",
        "Date": "Wed, 09 Nov 2022 18:33:24 GMT",
        "P3P": "CP=\u0022DSP CUR OTPi IND OTRi ONL FIN\u0022",
        "Set-Cookie": [
          "fpc=Ai3N8aKUY7BMmvfXab5a8gU; expires=Fri, 09-Dec-2022 18:33:25 GMT; path=/; secure; HttpOnly; SameSite=None",
          "x-ms-gateway-slice=estsfd; path=/; secure; samesite=none; httponly"
        ],
        "Strict-Transport-Security": "max-age=31536000; includeSubDomains",
        "X-Content-Type-Options": "nosniff",
        "x-ms-ests-server": "2.1.14059.12 - EUS ProdSlices",
        "X-XSS-Protection": "0"
      },
      "ResponseBody": {
        "tenant_discovery_endpoint": "https://login.microsoftonline.com/common/.well-known/openid-configuration",
        "api-version": "1.1",
        "metadata": [
          {
            "preferred_network": "login.microsoftonline.com",
            "preferred_cache": "login.windows.net",
            "aliases": [
              "login.microsoftonline.com",
              "login.windows.net",
              "login.microsoft.com",
              "sts.windows.net"
            ]
          },
          {
            "preferred_network": "login.partner.microsoftonline.cn",
            "preferred_cache": "login.partner.microsoftonline.cn",
            "aliases": [
              "login.partner.microsoftonline.cn",
              "login.chinacloudapi.cn"
            ]
          },
          {
            "preferred_network": "login.microsoftonline.de",
            "preferred_cache": "login.microsoftonline.de",
            "aliases": [
              "login.microsoftonline.de"
            ]
          },
          {
            "preferred_network": "login.microsoftonline.us",
            "preferred_cache": "login.microsoftonline.us",
            "aliases": [
              "login.microsoftonline.us",
              "login.usgovcloudapi.net"
            ]
          },
          {
            "preferred_network": "login-us.microsoftonline.com",
            "preferred_cache": "login-us.microsoftonline.com",
            "aliases": [
              "login-us.microsoftonline.com"
            ]
          }
        ]
      }
    },
    {
      "RequestUri": "https://vaultname.vault.azure.net/keys/livekvtestcrud-ec-key6c982cc6/create?api-version=7.3",
      "RequestMethod": "POST",
      "RequestHeaders": {
        "Accept": "application/json",
        "Accept-Encoding": "gzip, deflate",
        "Connection": "keep-alive",
        "Content-Length": "112",
        "Content-Type": "application/json",
        "User-Agent": "azsdk-python-keyvault-keys/4.8.0b2 Python/3.11.0 (Windows-10-10.0.22621-SP0)"
      },
      "RequestBody": {
        "kty": "EC",
        "attributes": {
          "enabled": true
        },
        "tags": {
          "purpose": "unit test",
          "test name": "CreateECKeyTest"
        }
      },
      "StatusCode": 200,
      "ResponseHeaders": {
        "Cache-Control": "no-cache",
        "Content-Length": "494",
        "Content-Type": "application/json; charset=utf-8",
        "Date": "Wed, 09 Nov 2022 18:33:25 GMT",
        "Expires": "-1",
        "Pragma": "no-cache",
        "Strict-Transport-Security": "max-age=31536000;includeSubDomains",
        "X-Content-Type-Options": "nosniff",
        "x-ms-keyvault-network-info": "conn_type=Ipv4;addr=131.107.1.222;act_addr_fam=InterNetwork;",
        "x-ms-keyvault-rbac-assignment-id": "d6dd5c63-31fe-5e70-9cc0-70ab250f423b",
        "x-ms-keyvault-rbac-cache": "ra_age=0;da_age=0;rd_age=0;brd_age=12781;ra_notif_age=1854;dec_lev=3;",
        "x-ms-keyvault-region": "westus",
        "x-ms-keyvault-service-version": "1.9.576.1"
      },
      "ResponseBody": {
        "key": {
          "kid": "https://vaultname.vault.azure.net/keys/livekvtestcrud-ec-key6c982cc6/2402a75ce88d4ee1983d557b63dd0a8d",
          "kty": "EC",
          "key_ops": [
            "sign",
            "verify"
          ],
          "crv": "P-256",
          "x": "B4Rcx4FrF7HJloJXl_NKlnUp9qS6BilXJW7gH-tbwq4",
          "y": "8wf_TGdgafhU0I5ZuBOmsft2hovIW0bwQlaXFxhYR9Y"
        },
        "attributes": {
          "enabled": true,
          "created": 1668018806,
          "updated": 1668018806,
          "recoveryLevel": "CustomizedRecoverable\u002BPurgeable",
          "recoverableDays": 7,
          "exportable": false
        },
        "tags": {
          "purpose": "unit test",
          "test name": "CreateECKeyTest"
        }
      }
    },
    {
      "RequestUri": "https://vaultname.vault.azure.net/keys/livekvtestcrud-P-256-ec-key6c982cc6/create?api-version=7.3",
      "RequestMethod": "POST",
      "RequestHeaders": {
        "Accept": "application/json",
        "Accept-Encoding": "gzip, deflate",
        "Connection": "keep-alive",
        "Content-Length": "29",
        "Content-Type": "application/json",
        "User-Agent": "azsdk-python-keyvault-keys/4.8.0b2 Python/3.11.0 (Windows-10-10.0.22621-SP0)"
      },
      "RequestBody": {
        "kty": "EC",
        "crv": "P-256"
      },
      "StatusCode": 200,
      "ResponseHeaders": {
        "Cache-Control": "no-cache",
        "Content-Length": "439",
        "Content-Type": "application/json; charset=utf-8",
        "Date": "Wed, 09 Nov 2022 18:33:27 GMT",
        "Expires": "-1",
        "Pragma": "no-cache",
        "Strict-Transport-Security": "max-age=31536000;includeSubDomains",
        "X-Content-Type-Options": "nosniff",
        "x-ms-keyvault-network-info": "conn_type=Ipv4;addr=131.107.1.222;act_addr_fam=InterNetwork;",
        "x-ms-keyvault-rbac-assignment-id": "d6dd5c63-31fe-5e70-9cc0-70ab250f423b",
        "x-ms-keyvault-rbac-cache": "ra_age=2;da_age=2;rd_age=2;brd_age=12784;ra_notif_age=1856;dec_lev=1;",
        "x-ms-keyvault-region": "westus",
        "x-ms-keyvault-service-version": "1.9.576.1"
      },
      "ResponseBody": {
        "key": {
          "kid": "https://vaultname.vault.azure.net/keys/livekvtestcrud-P-256-ec-key6c982cc6/c8f73c54a89b417b867603d26a6669b4",
          "kty": "EC",
          "key_ops": [
            "sign",
            "verify"
          ],
          "crv": "P-256",
          "x": "PyvGKZJEwgiHeRO4JKyv9DTDUo7QOEygafn3GpYUWzY",
          "y": "SMXOc_0r95s_ooIeBzu0JaxyDiOlH5wz5-mmFENBK2A"
        },
        "attributes": {
          "enabled": true,
          "created": 1668018808,
          "updated": 1668018808,
          "recoveryLevel": "CustomizedRecoverable\u002BPurgeable",
          "recoverableDays": 7,
          "exportable": false
        }
      }
    },
    {
      "RequestUri": "https://vaultname.vault.azure.net/keys/livekvtestimport-test-key6c982cc6?api-version=7.3",
      "RequestMethod": "PUT",
      "RequestHeaders": {
        "Accept": "application/json",
        "Accept-Encoding": "gzip, deflate",
        "Connection": "keep-alive",
        "Content-Length": "1724",
        "Content-Type": "application/json",
        "User-Agent": "azsdk-python-keyvault-keys/4.8.0b2 Python/3.11.0 (Windows-10-10.0.22621-SP0)"
      },
      "RequestBody": {
        "key": {
          "kty": "RSA",
          "key_ops": [
            "encrypt",
            "decrypt",
            "sign",
            "verify",
            "wrapKey",
            "unwrapKey"
          ],
          "n": "AKCRTQAjSsaDshtMFdW-2Ie9yVnC5Xr1Suc06PAHINd10nXkVSB-N4TO62ClCkZV3XKnqU0nHo7o95WaZpym53W_DiO62umRtFKdl4UotL2QUh0y3SZWeWuoK2u_x2aMj17rUFN0f9GZMZ0pqEQNCPRBLVJ_-TEe2nGCWSC0exxGsRqz6R1zFkB-icfzQPe4WjQELOUXQ7J9RxhAPTTHtDivYYG-BeTRHrmF04JT1_6b9T_C8bAC0i0teT-nmlBLarQtBJKATXBx1yegbPOoiTqlQrFQP4MrKWNxtnB9Tcbjcvj-Z9je0ckI_eRc4DvAhqcUh_p15Dqg4GeaoNIO_jU",
          "e": "AQAB",
          "d": "Ynx9JGaBSP4iUsf6ZJ6opantRNdcdmzaQrKbZg6ZQE8Ohi1FYabJWvaoPSE-CiJEsDzShXZHMhUHN4X7Bn8BXaGQhK3p9HXgiwQKmix7oAJTu4ElUIyd8UC3UWHSZr40el4PaQD-HYu_eMzCXus34MnRiNbh_BUWm6T-Eidhk9d3kNIyaSi9YNDQHW6tjWrEhhq63O7JU1j9ZonFChZxpKk20jdkQKQURVAdpOdL-5j4I70ZxFuU6wHZj8DS8oRQfwGOvZKbgYDb5jgf3UNL_7eACqq92XPVX56vm7iKbqeyjCqAIx5y3hrSRIJtZlWCwjYnYQGd4unxDLi8wmJWSQ",
          "dp": "AMmhWb5yZcu6vJr8xJZ-t0_likxJRUMZAtEULaWZt2DgODj4y9JrZDJP6mvckzhQP0WXk2NuWbU2HR5pUeCN2wieG1B76VKoH76vfnaJDqT1NuJVBcP2SLHog3ffwZtMME5zjfygchG3kihqOSpwTQ9ETAqAJTkRC38fEhwAz_Cp",
          "dq": "AKC9TAo9n2RDaggjdLXK8kiLrBVoaWFTpqXkzYXRhtsx4vWPAkxhfSnze05rVMl6HiXv7FnE0f0wYawzUJzoyuXBH0zS6D9BqCZPeF543AmWB27iPf38Q9Z8Rjr6oBgMSnGDV_mm8nDVQkeaDyE4cOZh-5UKvKShTKKQVwunmDNH",
          "qi": "AJ_nrkLpK8BPzVeARkvSHQyKwMWZ-a8CD95qsKfn0dOZAvXY-2xhQYTEwbED-0bpTNEKbIpA-ZkaHygmnzJkNbbFAnb9pkkzU8ZQqDP3JNgMfVIroWx58Oth9nJza2j7i-MkPRCUPEq3Ao0J52z7WJIiLji8TTVYW_NaiM1oxzsH",
          "p": "ANHerI1o3dLB_VLVmZZVss8VZSYN5SaeQ_0qhfOSgOFwj__waCFmy2EG7l6l6f_Z-Y0L7Mn_LNov68lyWSFa2EuQUeVj4UoFHc5Di8ZUGiSsTwFM-XMtNuv8HmGgDYLL5BIJD3eTz71LdgW-Ez38OZH34b7VeG8zfeUDb8Hi30zz",
          "q": "AMPcZrZBqbc82DO8Q5zTT8ZXRGWrW36KktMllaIk1W2RHnRiQiW0jBWmcCgqUcQNHa1LwumjyNqwx28QBS37BTvG7ULGUoio6LrOeoiBGEMj-U19sX6m37plEhj5Mak7j3OPPY_T9rohjTW5aGGg9YSwq4jdz0RrmBX00ofYOjI3"
        }
      },
      "StatusCode": 200,
      "ResponseHeaders": {
        "Cache-Control": "no-cache",
        "Content-Length": "726",
        "Content-Type": "application/json; charset=utf-8",
        "Date": "Wed, 09 Nov 2022 18:33:27 GMT",
        "Expires": "-1",
        "Pragma": "no-cache",
        "Strict-Transport-Security": "max-age=31536000;includeSubDomains",
        "X-Content-Type-Options": "nosniff",
        "x-ms-keyvault-network-info": "conn_type=Ipv4;addr=131.107.1.222;act_addr_fam=InterNetwork;",
        "x-ms-keyvault-rbac-assignment-id": "d6dd5c63-31fe-5e70-9cc0-70ab250f423b",
        "x-ms-keyvault-rbac-cache": "ra_age=2;da_age=2;rd_age=2;brd_age=12784;ra_notif_age=1857;dec_lev=1;",
        "x-ms-keyvault-region": "westus",
        "x-ms-keyvault-service-version": "1.9.576.1"
      },
      "ResponseBody": {
        "key": {
          "kid": "https://vaultname.vault.azure.net/keys/livekvtestimport-test-key6c982cc6/348e15510aa74e99ab94dfb53aadcf38",
          "kty": "RSA",
          "key_ops": [
            "encrypt",
            "decrypt",
            "sign",
            "verify",
            "wrapKey",
            "unwrapKey"
          ],
          "n": "oJFNACNKxoOyG0wV1b7Yh73JWcLlevVK5zTo8Acg13XSdeRVIH43hM7rYKUKRlXdcqepTScejuj3lZpmnKbndb8OI7ra6ZG0Up2XhSi0vZBSHTLdJlZ5a6gra7_HZoyPXutQU3R_0ZkxnSmoRA0I9EEtUn_5MR7acYJZILR7HEaxGrPpHXMWQH6Jx_NA97haNAQs5RdDsn1HGEA9NMe0OK9hgb4F5NEeuYXTglPX_pv1P8LxsALSLS15P6eaUEtqtC0EkoBNcHHXJ6Bs86iJOqVCsVA_gyspY3G2cH1NxuNy-P5n2N7RyQj95FzgO8CGpxSH-nXkOqDgZ5qg0g7-NQ",
          "e": "AQAB"
        },
        "attributes": {
          "enabled": true,
          "created": 1668018808,
          "updated": 1668018808,
          "recoveryLevel": "CustomizedRecoverable\u002BPurgeable",
          "recoverableDays": 7,
          "exportable": false
        }
      }
    },
    {
      "RequestUri": "https://vaultname.vault.azure.net/keys/livekvtestcrud-rsa-key6c982cc6/create?api-version=7.3",
      "RequestMethod": "POST",
      "RequestHeaders": {
        "Accept": "application/json",
        "Accept-Encoding": "gzip, deflate",
        "Connection": "keep-alive",
        "Content-Length": "177",
        "Content-Type": "application/json",
        "User-Agent": "azsdk-python-keyvault-keys/4.8.0b2 Python/3.11.0 (Windows-10-10.0.22621-SP0)"
      },
      "RequestBody": {
        "kty": "RSA",
        "key_size": 2048,
        "key_ops": [
          "encrypt",
          "decrypt",
          "sign",
          "verify",
          "wrapKey",
          "unwrapKey"
        ],
        "tags": {
          "purpose": "unit test",
          "test name ": "CreateRSAKeyTest"
        }
      },
      "StatusCode": 200,
      "ResponseHeaders": {
        "Cache-Control": "no-cache",
        "Content-Length": "786",
        "Content-Type": "application/json; charset=utf-8",
        "Date": "Wed, 09 Nov 2022 18:33:29 GMT",
        "Expires": "-1",
        "Pragma": "no-cache",
        "Strict-Transport-Security": "max-age=31536000;includeSubDomains",
        "X-Content-Type-Options": "nosniff",
        "x-ms-keyvault-network-info": "conn_type=Ipv4;addr=131.107.1.222;act_addr_fam=InterNetwork;",
        "x-ms-keyvault-rbac-assignment-id": "d6dd5c63-31fe-5e70-9cc0-70ab250f423b",
        "x-ms-keyvault-rbac-cache": "ra_age=4;da_age=4;rd_age=4;brd_age=12786;ra_notif_age=1859;dec_lev=1;",
        "x-ms-keyvault-region": "westus",
        "x-ms-keyvault-service-version": "1.9.576.1"
      },
      "ResponseBody": {
        "key": {
          "kid": "https://vaultname.vault.azure.net/keys/livekvtestcrud-rsa-key6c982cc6/f16462f99bef42969f723c33fa19a3a4",
          "kty": "RSA",
          "key_ops": [
            "encrypt",
            "decrypt",
            "sign",
            "verify",
            "wrapKey",
            "unwrapKey"
          ],
          "n": "pNep8FykjVqSF5O1v8dPzTa_-aUooRTa7A3vP6H6tkxtHID_KPYONdwApV8Mavq9QtA5oWr0THgbOzSvHuDxPvD_zGpJT2jQ-Wv3UmCVrzj4KbZFM6B0T6IUckndrRJ5QMvrStYj6Ce_6HSAOERxexd3zwpDq62YU4R3jc3G3_e8jwyPLBqPlN5tfZgM14HJWuKlp6h-OijILeBp3kyCdBdo4Y9qzijlE9MDssk5iW6mEXM1SD953f2sklL5dBBMVx3jx1fg5WQq53Dx-M5d3jQ6QuMXme9K-1Yd0ASxzVPHCKDHvrBfLmirdzjcq-IOiydcVDNsvwVcoRQQJ70LwQ",
          "e": "AQAB"
        },
        "attributes": {
          "enabled": true,
          "created": 1668018810,
          "updated": 1668018810,
          "recoveryLevel": "CustomizedRecoverable\u002BPurgeable",
          "recoverableDays": 7,
          "exportable": false
        },
        "tags": {
          "purpose": "unit test",
          "test name ": "CreateRSAKeyTest"
        }
      }
    },
    {
      "RequestUri": "https://vaultname.vault.azure.net/keys/livekvtestcrud-rsa-key6c982cc6/f16462f99bef42969f723c33fa19a3a4?api-version=7.3",
      "RequestMethod": "GET",
      "RequestHeaders": {
        "Accept": "application/json",
        "Accept-Encoding": "gzip, deflate",
        "Connection": "keep-alive",
        "User-Agent": "azsdk-python-keyvault-keys/4.8.0b2 Python/3.11.0 (Windows-10-10.0.22621-SP0)"
      },
      "RequestBody": null,
      "StatusCode": 200,
      "ResponseHeaders": {
        "Cache-Control": "no-cache",
        "Content-Length": "786",
        "Content-Type": "application/json; charset=utf-8",
        "Date": "Wed, 09 Nov 2022 18:33:29 GMT",
        "Expires": "-1",
        "Pragma": "no-cache",
        "Strict-Transport-Security": "max-age=31536000;includeSubDomains",
        "X-Content-Type-Options": "nosniff",
        "x-ms-keyvault-network-info": "conn_type=Ipv4;addr=131.107.1.222;act_addr_fam=InterNetwork;",
        "x-ms-keyvault-rbac-assignment-id": "d6dd5c63-31fe-5e70-9cc0-70ab250f423b",
        "x-ms-keyvault-rbac-cache": "ra_age=5;da_age=5;rd_age=5;brd_age=12786;ra_notif_age=1859;dec_lev=1;",
        "x-ms-keyvault-region": "westus",
        "x-ms-keyvault-service-version": "1.9.576.1"
      },
      "ResponseBody": {
        "key": {
          "kid": "https://vaultname.vault.azure.net/keys/livekvtestcrud-rsa-key6c982cc6/f16462f99bef42969f723c33fa19a3a4",
          "kty": "RSA",
          "key_ops": [
            "encrypt",
            "decrypt",
            "sign",
            "verify",
            "wrapKey",
            "unwrapKey"
          ],
          "n": "pNep8FykjVqSF5O1v8dPzTa_-aUooRTa7A3vP6H6tkxtHID_KPYONdwApV8Mavq9QtA5oWr0THgbOzSvHuDxPvD_zGpJT2jQ-Wv3UmCVrzj4KbZFM6B0T6IUckndrRJ5QMvrStYj6Ce_6HSAOERxexd3zwpDq62YU4R3jc3G3_e8jwyPLBqPlN5tfZgM14HJWuKlp6h-OijILeBp3kyCdBdo4Y9qzijlE9MDssk5iW6mEXM1SD953f2sklL5dBBMVx3jx1fg5WQq53Dx-M5d3jQ6QuMXme9K-1Yd0ASxzVPHCKDHvrBfLmirdzjcq-IOiydcVDNsvwVcoRQQJ70LwQ",
          "e": "AQAB"
        },
        "attributes": {
          "enabled": true,
          "created": 1668018810,
          "updated": 1668018810,
          "recoveryLevel": "CustomizedRecoverable\u002BPurgeable",
          "recoverableDays": 7,
          "exportable": false
        },
        "tags": {
          "purpose": "unit test",
          "test name ": "CreateRSAKeyTest"
        }
      }
    },
    {
      "RequestUri": "https://vaultname.vault.azure.net/keys/livekvtestcrud-rsa-key6c982cc6/?api-version=7.3",
      "RequestMethod": "GET",
      "RequestHeaders": {
        "Accept": "application/json",
        "Accept-Encoding": "gzip, deflate",
        "Connection": "keep-alive",
        "User-Agent": "azsdk-python-keyvault-keys/4.8.0b2 Python/3.11.0 (Windows-10-10.0.22621-SP0)"
      },
      "RequestBody": null,
      "StatusCode": 200,
      "ResponseHeaders": {
        "Cache-Control": "no-cache",
        "Content-Length": "786",
        "Content-Type": "application/json; charset=utf-8",
        "Date": "Wed, 09 Nov 2022 18:33:29 GMT",
        "Expires": "-1",
        "Pragma": "no-cache",
        "Strict-Transport-Security": "max-age=31536000;includeSubDomains",
        "X-Content-Type-Options": "nosniff",
        "x-ms-keyvault-network-info": "conn_type=Ipv4;addr=131.107.1.222;act_addr_fam=InterNetwork;",
        "x-ms-keyvault-rbac-assignment-id": "d6dd5c63-31fe-5e70-9cc0-70ab250f423b",
        "x-ms-keyvault-rbac-cache": "ra_age=5;da_age=5;rd_age=5;brd_age=12786;ra_notif_age=1859;dec_lev=0;",
        "x-ms-keyvault-region": "westus",
        "x-ms-keyvault-service-version": "1.9.576.1"
      },
      "ResponseBody": {
        "key": {
          "kid": "https://vaultname.vault.azure.net/keys/livekvtestcrud-rsa-key6c982cc6/f16462f99bef42969f723c33fa19a3a4",
          "kty": "RSA",
          "key_ops": [
            "encrypt",
            "decrypt",
            "sign",
            "verify",
            "wrapKey",
            "unwrapKey"
          ],
          "n": "pNep8FykjVqSF5O1v8dPzTa_-aUooRTa7A3vP6H6tkxtHID_KPYONdwApV8Mavq9QtA5oWr0THgbOzSvHuDxPvD_zGpJT2jQ-Wv3UmCVrzj4KbZFM6B0T6IUckndrRJ5QMvrStYj6Ce_6HSAOERxexd3zwpDq62YU4R3jc3G3_e8jwyPLBqPlN5tfZgM14HJWuKlp6h-OijILeBp3kyCdBdo4Y9qzijlE9MDssk5iW6mEXM1SD953f2sklL5dBBMVx3jx1fg5WQq53Dx-M5d3jQ6QuMXme9K-1Yd0ASxzVPHCKDHvrBfLmirdzjcq-IOiydcVDNsvwVcoRQQJ70LwQ",
          "e": "AQAB"
        },
        "attributes": {
          "enabled": true,
          "created": 1668018810,
          "updated": 1668018810,
          "recoveryLevel": "CustomizedRecoverable\u002BPurgeable",
          "recoverableDays": 7,
          "exportable": false
        },
        "tags": {
          "purpose": "unit test",
          "test name ": "CreateRSAKeyTest"
        }
      }
    },
    {
      "RequestUri": "https://vaultname.vault.azure.net/keys/livekvtestcrud-rsa-key6c982cc6/?api-version=7.3",
      "RequestMethod": "PATCH",
      "RequestHeaders": {
        "Accept": "application/json",
        "Accept-Encoding": "gzip, deflate",
        "Connection": "keep-alive",
        "Content-Length": "102",
        "Content-Type": "application/json",
        "User-Agent": "azsdk-python-keyvault-keys/4.8.0b2 Python/3.11.0 (Windows-10-10.0.22621-SP0)"
      },
      "RequestBody": {
        "key_ops": [
          "decrypt",
          "encrypt"
        ],
        "attributes": {
          "exp": 2524723200
        },
        "tags": {
          "foo": "updated tag"
        }
      },
      "StatusCode": 200,
      "ResponseHeaders": {
        "Cache-Control": "no-cache",
        "Content-Length": "731",
        "Content-Type": "application/json; charset=utf-8",
        "Date": "Wed, 09 Nov 2022 18:33:32 GMT",
        "Expires": "-1",
        "Pragma": "no-cache",
        "Strict-Transport-Security": "max-age=31536000;includeSubDomains",
        "X-Content-Type-Options": "nosniff",
        "x-ms-keyvault-network-info": "conn_type=Ipv4;addr=131.107.1.222;act_addr_fam=InterNetwork;",
        "x-ms-keyvault-rbac-assignment-id": "d6dd5c63-31fe-5e70-9cc0-70ab250f423b",
        "x-ms-keyvault-rbac-cache": "ra_age=8;da_age=8;rd_age=8;brd_age=12789;ra_notif_age=1862;dec_lev=1;",
        "x-ms-keyvault-region": "westus",
        "x-ms-keyvault-service-version": "1.9.576.1"
      },
      "ResponseBody": {
        "key": {
          "kid": "https://vaultname.vault.azure.net/keys/livekvtestcrud-rsa-key6c982cc6/f16462f99bef42969f723c33fa19a3a4",
          "kty": "RSA",
          "key_ops": [
            "decrypt",
            "encrypt"
          ],
          "n": "pNep8FykjVqSF5O1v8dPzTa_-aUooRTa7A3vP6H6tkxtHID_KPYONdwApV8Mavq9QtA5oWr0THgbOzSvHuDxPvD_zGpJT2jQ-Wv3UmCVrzj4KbZFM6B0T6IUckndrRJ5QMvrStYj6Ce_6HSAOERxexd3zwpDq62YU4R3jc3G3_e8jwyPLBqPlN5tfZgM14HJWuKlp6h-OijILeBp3kyCdBdo4Y9qzijlE9MDssk5iW6mEXM1SD953f2sklL5dBBMVx3jx1fg5WQq53Dx-M5d3jQ6QuMXme9K-1Yd0ASxzVPHCKDHvrBfLmirdzjcq-IOiydcVDNsvwVcoRQQJ70LwQ",
          "e": "AQAB"
        },
        "attributes": {
          "enabled": true,
          "exp": 2524723200,
          "created": 1668018810,
          "updated": 1668018813,
          "recoveryLevel": "CustomizedRecoverable\u002BPurgeable",
          "recoverableDays": 7,
          "exportable": false
        },
        "tags": {
          "foo": "updated tag"
        }
      }
    },
    {
      "RequestUri": "https://vaultname.vault.azure.net/keys/livekvtestcrud-rsa-key6c982cc6?api-version=7.3",
      "RequestMethod": "DELETE",
      "RequestHeaders": {
        "Accept": "application/json",
        "Accept-Encoding": "gzip, deflate",
        "Connection": "keep-alive",
        "Content-Length": "0",
        "User-Agent": "azsdk-python-keyvault-keys/4.8.0b2 Python/3.11.0 (Windows-10-10.0.22621-SP0)"
      },
      "RequestBody": null,
      "StatusCode": 200,
      "ResponseHeaders": {
        "Cache-Control": "no-cache",
        "Content-Length": "880",
        "Content-Type": "application/json; charset=utf-8",
        "Date": "Wed, 09 Nov 2022 18:33:33 GMT",
        "Expires": "-1",
        "Pragma": "no-cache",
        "Strict-Transport-Security": "max-age=31536000;includeSubDomains",
        "X-Content-Type-Options": "nosniff",
        "x-ms-keyvault-network-info": "conn_type=Ipv4;addr=131.107.1.222;act_addr_fam=InterNetwork;",
        "x-ms-keyvault-rbac-assignment-id": "d6dd5c63-31fe-5e70-9cc0-70ab250f423b",
        "x-ms-keyvault-rbac-cache": "ra_age=8;da_age=8;rd_age=8;brd_age=12789;ra_notif_age=1862;dec_lev=1;",
        "x-ms-keyvault-region": "westus",
        "x-ms-keyvault-service-version": "1.9.576.1"
      },
      "ResponseBody": {
        "recoveryId": "https://vaultname.vault.azure.net/deletedkeys/livekvtestcrud-rsa-key6c982cc6",
        "deletedDate": 1668018813,
        "scheduledPurgeDate": 1668623613,
        "key": {
          "kid": "https://vaultname.vault.azure.net/keys/livekvtestcrud-rsa-key6c982cc6/f16462f99bef42969f723c33fa19a3a4",
          "kty": "RSA",
          "key_ops": [
            "decrypt",
            "encrypt"
          ],
          "n": "pNep8FykjVqSF5O1v8dPzTa_-aUooRTa7A3vP6H6tkxtHID_KPYONdwApV8Mavq9QtA5oWr0THgbOzSvHuDxPvD_zGpJT2jQ-Wv3UmCVrzj4KbZFM6B0T6IUckndrRJ5QMvrStYj6Ce_6HSAOERxexd3zwpDq62YU4R3jc3G3_e8jwyPLBqPlN5tfZgM14HJWuKlp6h-OijILeBp3kyCdBdo4Y9qzijlE9MDssk5iW6mEXM1SD953f2sklL5dBBMVx3jx1fg5WQq53Dx-M5d3jQ6QuMXme9K-1Yd0ASxzVPHCKDHvrBfLmirdzjcq-IOiydcVDNsvwVcoRQQJ70LwQ",
          "e": "AQAB"
        },
        "attributes": {
          "enabled": true,
          "exp": 2524723200,
          "created": 1668018810,
          "updated": 1668018813,
          "recoveryLevel": "CustomizedRecoverable\u002BPurgeable",
          "recoverableDays": 7,
          "exportable": false
        },
        "tags": {
          "foo": "updated tag"
        }
      }
    },
    {
      "RequestUri": "https://vaultname.vault.azure.net/deletedkeys/livekvtestcrud-rsa-key6c982cc6?api-version=7.3",
      "RequestMethod": "GET",
      "RequestHeaders": {
        "Accept": "application/json",
        "Accept-Encoding": "gzip, deflate",
        "Connection": "keep-alive",
        "User-Agent": "azsdk-python-keyvault-keys/4.8.0b2 Python/3.11.0 (Windows-10-10.0.22621-SP0)"
      },
      "RequestBody": null,
      "StatusCode": 404,
      "ResponseHeaders": {
        "Cache-Control": "no-cache",
        "Content-Length": "98",
        "Content-Type": "application/json; charset=utf-8",
        "Date": "Wed, 09 Nov 2022 18:33:33 GMT",
        "Expires": "-1",
        "Pragma": "no-cache",
        "Strict-Transport-Security": "max-age=31536000;includeSubDomains",
        "X-Content-Type-Options": "nosniff",
        "x-ms-keyvault-network-info": "conn_type=Ipv4;addr=131.107.1.222;act_addr_fam=InterNetwork;",
        "x-ms-keyvault-rbac-assignment-id": "d6dd5c63-31fe-5e70-9cc0-70ab250f423b",
        "x-ms-keyvault-rbac-cache": "ra_age=8;da_age=8;rd_age=8;brd_age=12789;ra_notif_age=1862;dec_lev=0;",
        "x-ms-keyvault-region": "westus",
        "x-ms-keyvault-service-version": "1.9.576.1"
      },
      "ResponseBody": {
        "error": {
          "code": "KeyNotFound",
          "message": "Deleted Key not found: livekvtestcrud-rsa-key6c982cc6"
        }
      }
    },
    {
      "RequestUri": "https://vaultname.vault.azure.net/deletedkeys/livekvtestcrud-rsa-key6c982cc6?api-version=7.3",
      "RequestMethod": "GET",
      "RequestHeaders": {
        "Accept": "application/json",
        "Accept-Encoding": "gzip, deflate",
        "Connection": "keep-alive",
        "User-Agent": "azsdk-python-keyvault-keys/4.8.0b2 Python/3.11.0 (Windows-10-10.0.22621-SP0)"
      },
      "RequestBody": null,
      "StatusCode": 200,
      "ResponseHeaders": {
        "Cache-Control": "no-cache",
        "Content-Length": "880",
        "Content-Type": "application/json; charset=utf-8",
        "Date": "Wed, 09 Nov 2022 18:33:35 GMT",
        "Expires": "-1",
        "Pragma": "no-cache",
        "Strict-Transport-Security": "max-age=31536000;includeSubDomains",
        "X-Content-Type-Options": "nosniff",
        "x-ms-keyvault-network-info": "conn_type=Ipv4;addr=131.107.1.222;act_addr_fam=InterNetwork;",
        "x-ms-keyvault-rbac-assignment-id": "d6dd5c63-31fe-5e70-9cc0-70ab250f423b",
        "x-ms-keyvault-rbac-cache": "ra_age=10;da_age=10;rd_age=10;brd_age=12791;ra_notif_age=1864;dec_lev=0;",
        "x-ms-keyvault-region": "westus",
        "x-ms-keyvault-service-version": "1.9.576.1"
      },
      "ResponseBody": {
        "recoveryId": "https://vaultname.vault.azure.net/deletedkeys/livekvtestcrud-rsa-key6c982cc6",
        "deletedDate": 1668018813,
        "scheduledPurgeDate": 1668623613,
        "key": {
          "kid": "https://vaultname.vault.azure.net/keys/livekvtestcrud-rsa-key6c982cc6/f16462f99bef42969f723c33fa19a3a4",
          "kty": "RSA",
          "key_ops": [
            "decrypt",
            "encrypt"
          ],
          "n": "pNep8FykjVqSF5O1v8dPzTa_-aUooRTa7A3vP6H6tkxtHID_KPYONdwApV8Mavq9QtA5oWr0THgbOzSvHuDxPvD_zGpJT2jQ-Wv3UmCVrzj4KbZFM6B0T6IUckndrRJ5QMvrStYj6Ce_6HSAOERxexd3zwpDq62YU4R3jc3G3_e8jwyPLBqPlN5tfZgM14HJWuKlp6h-OijILeBp3kyCdBdo4Y9qzijlE9MDssk5iW6mEXM1SD953f2sklL5dBBMVx3jx1fg5WQq53Dx-M5d3jQ6QuMXme9K-1Yd0ASxzVPHCKDHvrBfLmirdzjcq-IOiydcVDNsvwVcoRQQJ70LwQ",
          "e": "AQAB"
        },
        "attributes": {
          "enabled": true,
          "exp": 2524723200,
          "created": 1668018810,
          "updated": 1668018813,
          "recoveryLevel": "CustomizedRecoverable\u002BPurgeable",
          "recoverableDays": 7,
          "exportable": false
        },
        "tags": {
          "foo": "updated tag"
        }
      }
    },
    {
      "RequestUri": "https://vaultname.vault.azure.net/deletedkeys/livekvtestcrud-rsa-key6c982cc6?api-version=7.3",
      "RequestMethod": "GET",
      "RequestHeaders": {
        "Accept": "application/json",
        "Accept-Encoding": "gzip, deflate",
        "Connection": "keep-alive",
        "User-Agent": "azsdk-python-keyvault-keys/4.8.0b2 Python/3.11.0 (Windows-10-10.0.22621-SP0)"
      },
      "RequestBody": null,
      "StatusCode": 200,
      "ResponseHeaders": {
        "Cache-Control": "no-cache",
        "Content-Length": "880",
        "Content-Type": "application/json; charset=utf-8",
        "Date": "Wed, 09 Nov 2022 18:33:35 GMT",
        "Expires": "-1",
        "Pragma": "no-cache",
        "Strict-Transport-Security": "max-age=31536000;includeSubDomains",
        "X-Content-Type-Options": "nosniff",
        "x-ms-keyvault-network-info": "conn_type=Ipv4;addr=131.107.1.222;act_addr_fam=InterNetwork;",
        "x-ms-keyvault-rbac-assignment-id": "d6dd5c63-31fe-5e70-9cc0-70ab250f423b",
        "x-ms-keyvault-rbac-cache": "ra_age=10;da_age=10;rd_age=10;brd_age=12791;ra_notif_age=1864;dec_lev=0;",
        "x-ms-keyvault-region": "westus",
        "x-ms-keyvault-service-version": "1.9.576.1"
      },
      "ResponseBody": {
        "recoveryId": "https://vaultname.vault.azure.net/deletedkeys/livekvtestcrud-rsa-key6c982cc6",
        "deletedDate": 1668018813,
        "scheduledPurgeDate": 1668623613,
        "key": {
          "kid": "https://vaultname.vault.azure.net/keys/livekvtestcrud-rsa-key6c982cc6/f16462f99bef42969f723c33fa19a3a4",
          "kty": "RSA",
          "key_ops": [
            "decrypt",
            "encrypt"
          ],
          "n": "pNep8FykjVqSF5O1v8dPzTa_-aUooRTa7A3vP6H6tkxtHID_KPYONdwApV8Mavq9QtA5oWr0THgbOzSvHuDxPvD_zGpJT2jQ-Wv3UmCVrzj4KbZFM6B0T6IUckndrRJ5QMvrStYj6Ce_6HSAOERxexd3zwpDq62YU4R3jc3G3_e8jwyPLBqPlN5tfZgM14HJWuKlp6h-OijILeBp3kyCdBdo4Y9qzijlE9MDssk5iW6mEXM1SD953f2sklL5dBBMVx3jx1fg5WQq53Dx-M5d3jQ6QuMXme9K-1Yd0ASxzVPHCKDHvrBfLmirdzjcq-IOiydcVDNsvwVcoRQQJ70LwQ",
          "e": "AQAB"
        },
        "attributes": {
          "enabled": true,
          "exp": 2524723200,
          "created": 1668018810,
          "updated": 1668018813,
          "recoveryLevel": "CustomizedRecoverable\u002BPurgeable",
          "recoverableDays": 7,
          "exportable": false
        },
        "tags": {
          "foo": "updated tag"
        }
      }
    }
  ],
  "Variables": {}
}
