{
  "Entries": [
    {
      "RequestUri": "https://Sanitized.vault.azure.net/keys/livekvtestcrypto-test-wrapping-keye3302df1/create?api-version=7.1",
      "RequestMethod": "POST",
      "RequestHeaders": {
        "Accept": "application/json",
        "Accept-Encoding": "gzip, deflate",
        "Connection": "keep-alive",
        "Content-Length": "0",
        "Content-Type": "application/json",
        "User-Agent": "azsdk-python-keyvault-keys/4.10.1 Python/3.10.12 (Linux-5.15.167.4-microsoft-standard-WSL2-x86_64-with-glibc2.35)"
      },
      "RequestBody": null,
      "StatusCode": 401,
      "ResponseHeaders": {
        "Cache-Control": "no-cache",
        "Content-Length": "97",
        "Content-Type": "application/json; charset=utf-8",
        "Date": "Tue, 11 Mar 2025 21:49:17 GMT",
        "Expires": "-1",
        "Pragma": "no-cache",
        "Strict-Transport-Security": "max-age=31536000;includeSubDomains",
        "WWW-Authenticate": "Bearer authorization=\"https://login.microsoftonline.com/72f988bf-86f1-41af-91ab-2d7cd011db47\", resource=\"https://vault.azure.net\"",
        "X-Content-Type-Options": "nosniff",
        "x-ms-keyvault-network-info": "conn_type=Ipv4;addr=136.27.70.204;act_addr_fam=InterNetwork;",
        "x-ms-keyvault-region": "westus3",
        "x-ms-keyvault-service-version": "1.9.2203.1"
      },
      "ResponseBody": {
        "error": {
          "code": "Unauthorized",
          "message": "AKV10000: Request is missing a Bearer or PoP token."
        }
      }
    },
    {
      "RequestUri": "https://Sanitized.vault.azure.net/keys/livekvtestcrypto-test-wrapping-keye3302df1/create?api-version=7.1",
      "RequestMethod": "POST",
      "RequestHeaders": {
        "Accept": "application/json",
        "Accept-Encoding": "gzip, deflate",
        "Connection": "keep-alive",
        "Content-Length": "14",
        "Content-Type": "application/json",
        "User-Agent": "azsdk-python-keyvault-keys/4.10.1 Python/3.10.12 (Linux-5.15.167.4-microsoft-standard-WSL2-x86_64-with-glibc2.35)"
      },
      "RequestBody": {
        "kty": "RSA"
      },
      "StatusCode": 200,
      "ResponseHeaders": {
        "Cache-Control": "no-cache",
        "Content-Length": "716",
        "Content-Type": "application/json; charset=utf-8",
        "Date": "Tue, 11 Mar 2025 21:49:19 GMT",
        "Expires": "-1",
        "Pragma": "no-cache",
        "Strict-Transport-Security": "max-age=31536000;includeSubDomains",
        "X-Content-Type-Options": "nosniff",
        "x-ms-keyvault-network-info": "conn_type=Ipv4;addr=136.27.70.204;act_addr_fam=InterNetwork;",
        "x-ms-keyvault-rbac-assignment-id": "220ffef3b31046f1a2c46b665b4ee21c",
        "x-ms-keyvault-region": "westus3",
        "x-ms-keyvault-service-version": "1.9.2203.1"
      },
      "ResponseBody": {
        "key": {
          "kid": "https://vaultname.vault.azure.net/keys/livekvtestcrypto-test-wrapping-keye3302df1/af4986f838b8493489c4c257883a1f83",
          "kty": "RSA",
          "key_ops": [
            "encrypt",
            "decrypt",
            "sign",
            "verify",
            "wrapKey",
            "unwrapKey"
          ],
          "n": "uRtZGrlvnbVd0qOVma6WKF8GlHyHLuvMG3XdmZ5n8uo_kTWvOQDneG9ODCiR0nzAhZf-wrxAc9Ku3JDhs6HXpM3aim941atQDXS6PGXL8vGn3o9V6Kv84yvie9dSuFRLCDrdYnPBTQizdJlKmmT92yPGGfnlUbLddoaVgxvDiUQUJDyDl3HdZXnCU8HuqcZ5-JqbESd6m8RnaewzrRajOE-25Ct2rKrwZDhSC4s82M28E956ecVHjPnvwDcx9JegyRipg_7ABQGyjJFmxztgN2W3IW4eTz85JzP3pKvxQJuAR9uAxTxXze1VZllmz-iytJXAghM4J7Bcbc6tGllInQ",
          "e": "AQAB"
        },
        "attributes": {
          "enabled": true,
          "created": 1741729760,
          "updated": 1741729760,
          "recoveryLevel": "CustomizedRecoverable+Purgeable",
          "recoverableDays": 7
        }
      }
    },
    {
      "RequestUri": "https://Sanitized.vault.azure.net/keys/livekvtestcrypto-test-wrapping-keye3302df1/af4986f838b8493489c4c257883a1f83/unwrapkey?api-version=7.1",
      "RequestMethod": "POST",
      "RequestHeaders": {
        "Accept": "application/json",
        "Accept-Encoding": "gzip, deflate",
        "Connection": "keep-alive",
        "Content-Length": "378",
        "Content-Type": "application/json",
        "User-Agent": "azsdk-python-keyvault-keys/4.10.1 Python/3.10.12 (Linux-5.15.167.4-microsoft-standard-WSL2-x86_64-with-glibc2.35)"
      },
      "RequestBody": {
        "alg": "RSA-OAEP-256",
        "value": "NYVl-ueXg2uedprVc_g2ehwzYCVILMY615OHtoMFqqhXhl6ex9Y3bf3g1anDmh9qZwUWTJMrbVZl7H1pTTEpRW3VVwXymnZ9yUyuNiQySmsas6UrgRA2G6ZPyhjoB0Mt6VfmkHAqSm3a5Mz8IeyovqHKTy8VZvpWI1dD6O9DZj4DqziavEMo_flJvS7BcxdqL3N9BpBAA95gZ6qqNt9bDSU5P34JxK8pXkKHJOpaNa1URqXhsmW2K5IpX4aim2kqkfViFZvldD4haXlk6eE6e0I9OnpGDall2zVTi7iPzbxLVBR_iD8NuFDrtjZknym7EfDMi1CZE377hUrWtJ1CvA"
      },
      "StatusCode": 200,
      "ResponseHeaders": {
        "Cache-Control": "no-cache",
        "Content-Length": "178",
        "Content-Type": "application/json; charset=utf-8",
        "Date": "Tue, 11 Mar 2025 21:49:22 GMT",
        "Expires": "-1",
        "Pragma": "no-cache",
        "Strict-Transport-Security": "max-age=31536000;includeSubDomains",
        "X-Content-Type-Options": "nosniff",
        "x-ms-keyvault-network-info": "conn_type=Ipv4;addr=136.27.70.204;act_addr_fam=InterNetwork;",
        "x-ms-keyvault-rbac-assignment-id": "220ffef3b31046f1a2c46b665b4ee21c",
        "x-ms-keyvault-region": "westus3",
        "x-ms-keyvault-service-version": "1.9.2203.1"
      },
      "ResponseBody": {
        "kid": "https://vaultname.vault.azure.net/keys/livekvtestcrypto-test-wrapping-keye3302df1/af4986f838b8493489c4c257883a1f83",
        "value": "xbD88UOKiHBqEY3llOj_BA5Z_nWK6TwGKNt_qX6FAgQ"
      }
    }
  ],
  "Variables": {}
}
