{
  "Entries": [
    {
      "RequestUri": "https://Sanitized.vault.azure.net/keys/livekvtestrsakeyef5831a5/create?api-version=7.6-preview.1",
      "RequestMethod": "POST",
      "RequestHeaders": {
        "Accept": "application/json",
        "Accept-Encoding": "gzip, deflate",
        "Content-Length": "0",
        "Content-Type": "application/json",
        "User-Agent": "azsdk-python-keyvault-keys/4.10.0b1 Python/3.10.12 (Linux-5.15.146.1-microsoft-standard-WSL2-x86_64-with-glibc2.35)"
      },
      "RequestBody": null,
      "StatusCode": 401,
      "ResponseHeaders": {
        "Cache-Control": "no-cache",
        "Content-Length": "97",
        "Content-Type": "application/json; charset=utf-8",
        "Date": "Wed, 08 May 2024 02:59:56 GMT",
        "Expires": "-1",
        "Pragma": "no-cache",
        "Strict-Transport-Security": "max-age=31536000;includeSubDomains",
        "WWW-Authenticate": "Bearer authorization=\"https://login.microsoftonline.com/00000000-0000-0000-0000-000000000000\", resource=\"https://vault.azure.net\"",
        "X-Content-Type-Options": "nosniff",
        "x-ms-keyvault-network-info": "conn_type=Ipv4;addr=172.92.159.124;act_addr_fam=InterNetwork;",
        "x-ms-keyvault-region": "westus2",
        "x-ms-keyvault-service-version": "1.9.1430.6"
      },
      "ResponseBody": {
        "error": {
          "code": "Unauthorized",
          "message": "AKV10000: Request is missing a Bearer or PoP token."
        }
      }
    },
    {
      "RequestUri": "https://Sanitized.vault.azure.net/keys/livekvtestrsakeyef5831a5/create?api-version=7.6-preview.1",
      "RequestMethod": "POST",
      "RequestHeaders": {
        "Accept": "application/json",
        "Accept-Encoding": "gzip, deflate",
        "Content-Length": "14",
        "Content-Type": "application/json",
        "User-Agent": "azsdk-python-keyvault-keys/4.10.0b1 Python/3.10.12 (Linux-5.15.146.1-microsoft-standard-WSL2-x86_64-with-glibc2.35)"
      },
      "RequestBody": {
        "kty": "RSA"
      },
      "StatusCode": 200,
      "ResponseHeaders": {
        "Cache-Control": "no-cache",
        "Content-Length": "735",
        "Content-Type": "application/json; charset=utf-8",
        "Date": "Wed, 08 May 2024 02:59:58 GMT",
        "Expires": "-1",
        "Pragma": "no-cache",
        "Strict-Transport-Security": "max-age=31536000;includeSubDomains",
        "X-Content-Type-Options": "nosniff",
        "x-ms-keyvault-network-info": "conn_type=Ipv4;addr=172.92.159.124;act_addr_fam=InterNetwork;",
        "x-ms-keyvault-region": "westus2",
        "x-ms-keyvault-service-version": "1.9.1430.6"
      },
      "ResponseBody": {
        "key": {
          "kid": "https://vaultname.vault.azure.net/keys/livekvtestrsakeyef5831a5/c5e051a08c6e4bcfbcc04251a957d2a9",
          "kty": "RSA",
          "key_ops": [
            "encrypt",
            "decrypt",
            "sign",
            "verify",
            "wrapKey",
            "unwrapKey"
          ],
          "n": "wqxfi1oNX3O1383hYOsKW6UfT1sIcjB0CXGQZmRgU9C8TebY6It7RMlJvHP0vaxh8-TxG9QTevoQJvJpVNMB0Mi-Md_1fkp9XQ_OFoPp8zmC873XU5FKlI9aERXhD6ujzQ7Mj-yBCQVYLAxt0xG2Q2B2WxwFCJ4MkhU3gScP5vN9PwrZeZJM_HvbJ3bW3CfSssgQuFdornpRzL8YqMUHvTP1w7id3fAkvWG_dT570Jr5UFfo-EM6yILZYkRIoAzCJ_pmyg5plKsF_l049Y0fQQt1hp3REpnticb6nxsX-2CDMYPhgJlixh7FEGXys6D8-uDujKu61nDnAk3M1z4NIQ",
          "e": "AQAB"
        },
        "attributes": {
          "enabled": true,
          "created": 1715137199,
          "updated": 1715137199,
          "recoveryLevel": "CustomizedRecoverable+Purgeable",
          "recoverableDays": 7,
          "exportable": false,
          "hsmPlatform": "0"
        }
      }
    },
    {
      "RequestUri": "https://Sanitized.vault.azure.net/keys/livekvtestrsakeyef5831a5/c5e051a08c6e4bcfbcc04251a957d2a9?api-version=7.6-preview.1",
      "RequestMethod": "GET",
      "RequestHeaders": {
        "Accept": "application/json",
        "Accept-Encoding": "gzip, deflate",
        "User-Agent": "azsdk-python-keyvault-keys/4.10.0b1 Python/3.10.12 (Linux-5.15.146.1-microsoft-standard-WSL2-x86_64-with-glibc2.35)"
      },
      "RequestBody": null,
      "StatusCode": 200,
      "ResponseHeaders": {
        "Cache-Control": "no-cache",
        "Content-Length": "735",
        "Content-Type": "application/json; charset=utf-8",
        "Date": "Wed, 08 May 2024 03:00:01 GMT",
        "Expires": "-1",
        "Pragma": "no-cache",
        "Strict-Transport-Security": "max-age=31536000;includeSubDomains",
        "X-Content-Type-Options": "nosniff",
        "x-ms-keyvault-network-info": "conn_type=Ipv4;addr=172.92.159.124;act_addr_fam=InterNetwork;",
        "x-ms-keyvault-region": "westus2",
        "x-ms-keyvault-service-version": "1.9.1430.6"
      },
      "ResponseBody": {
        "key": {
          "kid": "https://vaultname.vault.azure.net/keys/livekvtestrsakeyef5831a5/c5e051a08c6e4bcfbcc04251a957d2a9",
          "kty": "RSA",
          "key_ops": [
            "encrypt",
            "decrypt",
            "sign",
            "verify",
            "wrapKey",
            "unwrapKey"
          ],
          "n": "wqxfi1oNX3O1383hYOsKW6UfT1sIcjB0CXGQZmRgU9C8TebY6It7RMlJvHP0vaxh8-TxG9QTevoQJvJpVNMB0Mi-Md_1fkp9XQ_OFoPp8zmC873XU5FKlI9aERXhD6ujzQ7Mj-yBCQVYLAxt0xG2Q2B2WxwFCJ4MkhU3gScP5vN9PwrZeZJM_HvbJ3bW3CfSssgQuFdornpRzL8YqMUHvTP1w7id3fAkvWG_dT570Jr5UFfo-EM6yILZYkRIoAzCJ_pmyg5plKsF_l049Y0fQQt1hp3REpnticb6nxsX-2CDMYPhgJlixh7FEGXys6D8-uDujKu61nDnAk3M1z4NIQ",
          "e": "AQAB"
        },
        "attributes": {
          "enabled": true,
          "created": 1715137199,
          "updated": 1715137199,
          "recoveryLevel": "CustomizedRecoverable+Purgeable",
          "recoverableDays": 7,
          "exportable": false,
          "hsmPlatform": "0"
        }
      }
    }
  ],
  "Variables": {}
}
