{
  "Entries": [
    {
      "RequestUri": "https://vaultname.vault.azure.net/keys/livekvtestkey05c2527c2/create?api-version=7.2",
      "RequestMethod": "POST",
      "RequestHeaders": {
        "Accept": "application/json",
        "Accept-Encoding": "gzip, deflate",
        "Connection": "keep-alive",
        "Content-Length": "0",
        "Content-Type": "application/json",
        "User-Agent": "azsdk-python-keyvault-keys/4.8.0b2 Python/3.10.0 (Windows-10-10.0.22621-SP0)"
      },
      "RequestBody": null,
      "StatusCode": 401,
      "ResponseHeaders": {
        "Cache-Control": "no-cache",
        "Content-Length": "97",
        "Content-Type": "application/json; charset=utf-8",
        "Date": "Tue, 01 Nov 2022 19:09:00 GMT",
        "Expires": "-1",
        "Pragma": "no-cache",
        "Strict-Transport-Security": "max-age=31536000;includeSubDomains",
        "WWW-Authenticate": "Bearer authorization=\u0022https://login.windows.net/00000000-0000-0000-0000-000000000000\u0022, resource=\u0022https://vault.azure.net\u0022",
        "X-Content-Type-Options": "nosniff",
        "x-ms-keyvault-network-info": "conn_type=Ipv4;addr=172.92.159.124;act_addr_fam=InterNetwork;",
        "x-ms-keyvault-region": "canadacentral",
        "x-ms-keyvault-service-version": "1.9.576.1"
      },
      "ResponseBody": {
        "error": {
          "code": "Unauthorized",
          "message": "AKV10000: Request is missing a Bearer or PoP token."
        }
      }
    },
    {
      "RequestUri": "https://login.microsoftonline.com/00000000-0000-0000-0000-000000000000/v2.0/.well-known/openid-configuration",
      "RequestMethod": "GET",
      "RequestHeaders": {
        "Accept": "*/*",
        "Accept-Encoding": "gzip, deflate",
        "Connection": "keep-alive",
        "User-Agent": "azsdk-python-identity/1.12.0b3 Python/3.10.0 (Windows-10-10.0.22621-SP0)"
      },
      "RequestBody": null,
      "StatusCode": 200,
      "ResponseHeaders": {
        "Access-Control-Allow-Methods": "GET, OPTIONS",
        "Access-Control-Allow-Origin": "*",
        "Cache-Control": "max-age=86400, private",
        "Content-Length": "1753",
        "Content-Security-Policy-Report-Only": "script-src \u0027self\u0027 \u0027nonce-duJJRaao9NLls-i6oyqlQA\u0027 \u0027unsafe-eval\u0027 \u0027unsafe-inline\u0027; object-src \u0027none\u0027; base-uri \u0027self\u0027; report-uri https://csp.microsoft.com/report/ESTS-UX-All",
        "Content-Type": "application/json; charset=utf-8",
        "Date": "Tue, 01 Nov 2022 19:09:00 GMT",
        "P3P": "CP=\u0022DSP CUR OTPi IND OTRi ONL FIN\u0022",
        "Set-Cookie": [
          "fpc=AgWpnY_pCFhDjgQEyEMTZLCaZDFLBgAAAPZj89oOAAAAflf7TAEAAAA5ZfPaDgAAAA; expires=Thu, 01-Dec-2022 19:09:01 GMT; path=/; secure; HttpOnly; SameSite=None",
          "x-ms-gateway-slice=estsfd; path=/; secure; samesite=none; httponly"
        ],
        "Strict-Transport-Security": "max-age=31536000; includeSubDomains",
        "X-Content-Type-Options": "nosniff",
        "x-ms-ests-server": "2.1.14059.10 - WUS2 ProdSlices",
        "X-XSS-Protection": "0"
      },
      "ResponseBody": {
        "token_endpoint": "https://login.microsoftonline.com/00000000-0000-0000-0000-000000000000/oauth2/v2.0/token",
        "token_endpoint_auth_methods_supported": [
          "client_secret_post",
          "private_key_jwt",
          "client_secret_basic"
        ],
        "jwks_uri": "https://login.microsoftonline.com/00000000-0000-0000-0000-000000000000/discovery/v2.0/keys",
        "response_modes_supported": [
          "query",
          "fragment",
          "form_post"
        ],
        "subject_types_supported": [
          "pairwise"
        ],
        "id_token_signing_alg_values_supported": [
          "RS256"
        ],
        "response_types_supported": [
          "code",
          "id_token",
          "code id_token",
          "id_token token"
        ],
        "scopes_supported": [
          "openid",
          "profile",
          "email",
          "offline_access"
        ],
        "issuer": "https://login.microsoftonline.com/00000000-0000-0000-0000-000000000000/v2.0",
        "request_uri_parameter_supported": false,
        "userinfo_endpoint": "https://graph.microsoft.com/oidc/userinfo",
        "authorization_endpoint": "https://login.microsoftonline.com/00000000-0000-0000-0000-000000000000/oauth2/v2.0/authorize",
        "device_authorization_endpoint": "https://login.microsoftonline.com/00000000-0000-0000-0000-000000000000/oauth2/v2.0/devicecode",
        "http_logout_supported": true,
        "frontchannel_logout_supported": true,
        "end_session_endpoint": "https://login.microsoftonline.com/00000000-0000-0000-0000-000000000000/oauth2/v2.0/logout",
        "claims_supported": [
          "sub",
          "iss",
          "cloud_instance_name",
          "cloud_instance_host_name",
          "cloud_graph_host_name",
          "msgraph_host",
          "aud",
          "exp",
          "iat",
          "auth_time",
          "acr",
          "nonce",
          "preferred_username",
          "name",
          "tid",
          "ver",
          "at_hash",
          "c_hash",
          "email"
        ],
        "kerberos_endpoint": "https://login.microsoftonline.com/00000000-0000-0000-0000-000000000000/kerberos",
        "tenant_region_scope": "WW",
        "cloud_instance_name": "microsoftonline.com",
        "cloud_graph_host_name": "graph.windows.net",
        "msgraph_host": "graph.microsoft.com",
        "rbac_url": "https://pas.windows.net"
      }
    },
    {
      "RequestUri": "https://login.microsoftonline.com/common/discovery/instance?api-version=1.1\u0026authorization_endpoint=https://login.microsoftonline.com/common/oauth2/authorize",
      "RequestMethod": "GET",
      "RequestHeaders": {
        "Accept": "application/json",
        "Accept-Encoding": "gzip, deflate",
        "Connection": "keep-alive",
        "Cookie": "fpc=AgWpnY_pCFhDjgQEyEMTZLCaZDFLBgAAAPZj89oOAAAAflf7TAEAAAA5ZfPaDgAAAA; x-ms-gateway-slice=estsfd",
        "User-Agent": "azsdk-python-identity/1.12.0b3 Python/3.10.0 (Windows-10-10.0.22621-SP0)"
      },
      "RequestBody": null,
      "StatusCode": 200,
      "ResponseHeaders": {
        "Access-Control-Allow-Methods": "GET, OPTIONS",
        "Access-Control-Allow-Origin": "*",
        "Cache-Control": "max-age=86400, private",
        "Content-Length": "945",
        "Content-Type": "application/json; charset=utf-8",
        "Date": "Tue, 01 Nov 2022 19:09:00 GMT",
        "P3P": "CP=\u0022DSP CUR OTPi IND OTRi ONL FIN\u0022",
        "Set-Cookie": [
          "fpc=AgWpnY_pCFhDjgQEyEMTZLCaZDFLBgAAAPZj89oOAAAAflf7TAEAAAA5ZfPaDgAAAA; expires=Thu, 01-Dec-2022 19:09:01 GMT; path=/; secure; HttpOnly; SameSite=None",
          "x-ms-gateway-slice=estsfd; path=/; secure; samesite=none; httponly"
        ],
        "Strict-Transport-Security": "max-age=31536000; includeSubDomains",
        "X-Content-Type-Options": "nosniff",
        "x-ms-ests-server": "2.1.14059.10 - SCUS ProdSlices",
        "X-XSS-Protection": "0"
      },
      "ResponseBody": {
        "tenant_discovery_endpoint": "https://login.microsoftonline.com/common/.well-known/openid-configuration",
        "api-version": "1.1",
        "metadata": [
          {
            "preferred_network": "login.microsoftonline.com",
            "preferred_cache": "login.windows.net",
            "aliases": [
              "login.microsoftonline.com",
              "login.windows.net",
              "login.microsoft.com",
              "sts.windows.net"
            ]
          },
          {
            "preferred_network": "login.partner.microsoftonline.cn",
            "preferred_cache": "login.partner.microsoftonline.cn",
            "aliases": [
              "login.partner.microsoftonline.cn",
              "login.chinacloudapi.cn"
            ]
          },
          {
            "preferred_network": "login.microsoftonline.de",
            "preferred_cache": "login.microsoftonline.de",
            "aliases": [
              "login.microsoftonline.de"
            ]
          },
          {
            "preferred_network": "login.microsoftonline.us",
            "preferred_cache": "login.microsoftonline.us",
            "aliases": [
              "login.microsoftonline.us",
              "login.usgovcloudapi.net"
            ]
          },
          {
            "preferred_network": "login-us.microsoftonline.com",
            "preferred_cache": "login-us.microsoftonline.com",
            "aliases": [
              "login-us.microsoftonline.com"
            ]
          }
        ]
      }
    },
    {
      "RequestUri": "https://vaultname.vault.azure.net/keys/livekvtestkey05c2527c2/create?api-version=7.2",
      "RequestMethod": "POST",
      "RequestHeaders": {
        "Accept": "application/json",
        "Accept-Encoding": "gzip, deflate",
        "Connection": "keep-alive",
        "Content-Length": "14",
        "Content-Type": "application/json",
        "User-Agent": "azsdk-python-keyvault-keys/4.8.0b2 Python/3.10.0 (Windows-10-10.0.22621-SP0)"
      },
      "RequestBody": {
        "kty": "RSA"
      },
      "StatusCode": 200,
      "ResponseHeaders": {
        "Cache-Control": "no-cache",
        "Content-Length": "696",
        "Content-Type": "application/json; charset=utf-8",
        "Date": "Tue, 01 Nov 2022 19:09:02 GMT",
        "Expires": "-1",
        "Pragma": "no-cache",
        "Strict-Transport-Security": "max-age=31536000;includeSubDomains",
        "X-Content-Type-Options": "nosniff",
        "x-ms-keyvault-network-info": "conn_type=Ipv4;addr=172.92.159.124;act_addr_fam=InterNetwork;",
        "x-ms-keyvault-rbac-assignment-id": "5405cebb-0832-59fd-b49d-3c34f062a3f5",
        "x-ms-keyvault-rbac-cache": "ra_age=0;da_age=3471;rd_age=3471;brd_age=1012;ra_notif_age=17;dec_lev=3;",
        "x-ms-keyvault-region": "canadacentral",
        "x-ms-keyvault-service-version": "1.9.576.1"
      },
      "ResponseBody": {
        "key": {
          "kid": "https://vaultname.vault.azure.net/keys/livekvtestkey05c2527c2/a78c5739172c474f995e1a0cf313427c",
          "kty": "RSA",
          "key_ops": [
            "encrypt",
            "decrypt",
            "sign",
            "verify",
            "wrapKey",
            "unwrapKey"
          ],
          "n": "mVZ58P_EhurBpKZzUlGLbiLUiu4LLwBV0jzzRDz29C_IUfcRL9VGqAxn2-1FU8csdfdaj-s6aCBY_CyPqI2LOZatG1LQW6S09tDJ1lpZBEbhlchDCiaueLoLG5C1MrJZRdm9I277aE3GrR3E3_EIV2dRSRxW1gRJM3Yg7x77GCgxN0fIBi-AbS7PxJJXlvk6_NS2mB3WP9bN_MRCUNpHEQmAazkxDMRbYa-m6Lu2pAaYUR2syn0PvrA_blsVKUQWyRuqewGeYQaUbHK0eOPgdUGDxLh5q1kEiAwrMJiFu0cfyrBRAOmfM7EtHragklicqQU13-XQP-f18M-Uc2M0OQ",
          "e": "AQAB"
        },
        "attributes": {
          "enabled": true,
          "created": 1667329742,
          "updated": 1667329742,
          "recoveryLevel": "CustomizedRecoverable\u002BPurgeable",
          "recoverableDays": 7
        }
      }
    },
    {
      "RequestUri": "https://vaultname.vault.azure.net/keys/livekvtestkey15c2527c2/create?api-version=7.2",
      "RequestMethod": "POST",
      "RequestHeaders": {
        "Accept": "application/json",
        "Accept-Encoding": "gzip, deflate",
        "Connection": "keep-alive",
        "Content-Length": "14",
        "Content-Type": "application/json",
        "User-Agent": "azsdk-python-keyvault-keys/4.8.0b2 Python/3.10.0 (Windows-10-10.0.22621-SP0)"
      },
      "RequestBody": {
        "kty": "RSA"
      },
      "StatusCode": 200,
      "ResponseHeaders": {
        "Cache-Control": "no-cache",
        "Content-Length": "696",
        "Content-Type": "application/json; charset=utf-8",
        "Date": "Tue, 01 Nov 2022 19:09:04 GMT",
        "Expires": "-1",
        "Pragma": "no-cache",
        "Strict-Transport-Security": "max-age=31536000;includeSubDomains",
        "X-Content-Type-Options": "nosniff",
        "x-ms-keyvault-network-info": "conn_type=Ipv4;addr=172.92.159.124;act_addr_fam=InterNetwork;",
        "x-ms-keyvault-rbac-assignment-id": "5405cebb-0832-59fd-b49d-3c34f062a3f5",
        "x-ms-keyvault-rbac-cache": "ra_age=3;da_age=3473;rd_age=3473;brd_age=1015;ra_notif_age=19;dec_lev=1;",
        "x-ms-keyvault-region": "canadacentral",
        "x-ms-keyvault-service-version": "1.9.576.1"
      },
      "ResponseBody": {
        "key": {
          "kid": "https://vaultname.vault.azure.net/keys/livekvtestkey15c2527c2/5bf2be5763b24a06b820f380f943817b",
          "kty": "RSA",
          "key_ops": [
            "encrypt",
            "decrypt",
            "sign",
            "verify",
            "wrapKey",
            "unwrapKey"
          ],
          "n": "vyDWhIJ8IXd9tMS2iEuIfKC7Gp6Nvr1koI4Su9ySrSPdeYbpvm8-B1zmsnNJVf8dpQd9n0Y9RMNBD6BntSQYjEjpOEdCWacEKcKlZQKFtotN57EiU9BX9INjPpOaUf4_015j-8-h-VjaIvPpVSdRwkzeQSu_bV1WImGy4prkAG0Hdma6n3jw_m64hoylNqIsE8MRaMhIAgmsXA5R-DXT9jE0Czr1DP092TTIXBgg4ZsJGtpylux5NjRV-asum4HF8r8xk6JZJxXmftnZOHnoQMS1Nt6E0FTsXcRzL85_Vh-qLeAmaiu-wI-U2aRyJCkwO51Xx5dO-IyxrjjoAl-eLQ",
          "e": "AQAB"
        },
        "attributes": {
          "enabled": true,
          "created": 1667329744,
          "updated": 1667329744,
          "recoveryLevel": "CustomizedRecoverable\u002BPurgeable",
          "recoverableDays": 7
        }
      }
    },
    {
      "RequestUri": "https://vaultname.vault.azure.net/keys/livekvtestkey25c2527c2/create?api-version=7.2",
      "RequestMethod": "POST",
      "RequestHeaders": {
        "Accept": "application/json",
        "Accept-Encoding": "gzip, deflate",
        "Connection": "keep-alive",
        "Content-Length": "14",
        "Content-Type": "application/json",
        "User-Agent": "azsdk-python-keyvault-keys/4.8.0b2 Python/3.10.0 (Windows-10-10.0.22621-SP0)"
      },
      "RequestBody": {
        "kty": "RSA"
      },
      "StatusCode": 200,
      "ResponseHeaders": {
        "Cache-Control": "no-cache",
        "Content-Length": "696",
        "Content-Type": "application/json; charset=utf-8",
        "Date": "Tue, 01 Nov 2022 19:09:07 GMT",
        "Expires": "-1",
        "Pragma": "no-cache",
        "Strict-Transport-Security": "max-age=31536000;includeSubDomains",
        "X-Content-Type-Options": "nosniff",
        "x-ms-keyvault-network-info": "conn_type=Ipv4;addr=172.92.159.124;act_addr_fam=InterNetwork;",
        "x-ms-keyvault-rbac-assignment-id": "5405cebb-0832-59fd-b49d-3c34f062a3f5",
        "x-ms-keyvault-rbac-cache": "ra_age=5;da_age=3476;rd_age=3476;brd_age=1017;ra_notif_age=21;dec_lev=1;",
        "x-ms-keyvault-region": "canadacentral",
        "x-ms-keyvault-service-version": "1.9.576.1"
      },
      "ResponseBody": {
        "key": {
          "kid": "https://vaultname.vault.azure.net/keys/livekvtestkey25c2527c2/de461b84d5d649a9a889548248a56916",
          "kty": "RSA",
          "key_ops": [
            "encrypt",
            "decrypt",
            "sign",
            "verify",
            "wrapKey",
            "unwrapKey"
          ],
          "n": "s-cj0W3cEfV7t5Y6iYjDujgNwwbXNmmJdl8rfJ2-cY3rEUtLE-3sDrCLQltATFti2PutchTHSBJn3cWwmXXgP4ckoaPkuaOh5743Ou2ZZsasjXLCvGSAzE1msGuuE8CgPdt4gZbJVrZh2YopfS68ib8UiaLUJBqhuj1DkibyR3QyVtLHZjc2Ct45m04JX_abp75vaW8HdGVISdPKZVt8qtqO44eHnebYHEDPvgrvjBbsIbofaC-_7Fos4S0pVn193i7OeoEggC56tC7NBWcax5tadKWnEOn8ZK1wqq0nHh1_cHfuAp8435iaBubHULfkfRqfAgznU12_ZNkLmYrMbQ",
          "e": "AQAB"
        },
        "attributes": {
          "enabled": true,
          "created": 1667329747,
          "updated": 1667329747,
          "recoveryLevel": "CustomizedRecoverable\u002BPurgeable",
          "recoverableDays": 7
        }
      }
    },
    {
      "RequestUri": "https://vaultname.vault.azure.net/keys/livekvtestkey35c2527c2/create?api-version=7.2",
      "RequestMethod": "POST",
      "RequestHeaders": {
        "Accept": "application/json",
        "Accept-Encoding": "gzip, deflate",
        "Connection": "keep-alive",
        "Content-Length": "14",
        "Content-Type": "application/json",
        "User-Agent": "azsdk-python-keyvault-keys/4.8.0b2 Python/3.10.0 (Windows-10-10.0.22621-SP0)"
      },
      "RequestBody": {
        "kty": "RSA"
      },
      "StatusCode": 200,
      "ResponseHeaders": {
        "Cache-Control": "no-cache",
        "Content-Length": "696",
        "Content-Type": "application/json; charset=utf-8",
        "Date": "Tue, 01 Nov 2022 19:09:09 GMT",
        "Expires": "-1",
        "Pragma": "no-cache",
        "Strict-Transport-Security": "max-age=31536000;includeSubDomains",
        "X-Content-Type-Options": "nosniff",
        "x-ms-keyvault-network-info": "conn_type=Ipv4;addr=172.92.159.124;act_addr_fam=InterNetwork;",
        "x-ms-keyvault-rbac-assignment-id": "5405cebb-0832-59fd-b49d-3c34f062a3f5",
        "x-ms-keyvault-rbac-cache": "ra_age=7;da_age=3478;rd_age=3478;brd_age=1019;ra_notif_age=24;dec_lev=1;",
        "x-ms-keyvault-region": "canadacentral",
        "x-ms-keyvault-service-version": "1.9.576.1"
      },
      "ResponseBody": {
        "key": {
          "kid": "https://vaultname.vault.azure.net/keys/livekvtestkey35c2527c2/b6f5f8479a82492e83b4a12f62d1206f",
          "kty": "RSA",
          "key_ops": [
            "encrypt",
            "decrypt",
            "sign",
            "verify",
            "wrapKey",
            "unwrapKey"
          ],
          "n": "zKDQIptBhnFo6nmBksUG7ccnbzwqTNtzmhE3FU_L56wOPcqHrx6VAajOP4Ec7VlRX-b9PCz0mtMgyseuioAHuV-Px64hrTOHMfaJpKEg_OElfHNuqxOQU1BMugMYmgGuP3zMs9FKyq_lKCwqnCPdRgTsPay0D-3waS6zXAYJ-R4EuH2-h70Doo07CdfATWr2ssyMbs3jsc4AiDHpst9-Cexp6LrlfZ83sVbPitoa-xRN3oWiUC_-NcqGliXzfLTddcXe7ViFiMBikUIaYoN9SyZup4JO7UVdsyKZ7XRDz8dTkktaV8SDxcnBh1frv3MS-ykyVG6tIGrzcAvqYnqE9Q",
          "e": "AQAB"
        },
        "attributes": {
          "enabled": true,
          "created": 1667329749,
          "updated": 1667329749,
          "recoveryLevel": "CustomizedRecoverable\u002BPurgeable",
          "recoverableDays": 7
        }
      }
    },
    {
      "RequestUri": "https://vaultname.vault.azure.net/keys/livekvtestkey45c2527c2/create?api-version=7.2",
      "RequestMethod": "POST",
      "RequestHeaders": {
        "Accept": "application/json",
        "Accept-Encoding": "gzip, deflate",
        "Connection": "keep-alive",
        "Content-Length": "14",
        "Content-Type": "application/json",
        "User-Agent": "azsdk-python-keyvault-keys/4.8.0b2 Python/3.10.0 (Windows-10-10.0.22621-SP0)"
      },
      "RequestBody": {
        "kty": "RSA"
      },
      "StatusCode": 200,
      "ResponseHeaders": {
        "Cache-Control": "no-cache",
        "Content-Length": "696",
        "Content-Type": "application/json; charset=utf-8",
        "Date": "Tue, 01 Nov 2022 19:09:11 GMT",
        "Expires": "-1",
        "Pragma": "no-cache",
        "Strict-Transport-Security": "max-age=31536000;includeSubDomains",
        "X-Content-Type-Options": "nosniff",
        "x-ms-keyvault-network-info": "conn_type=Ipv4;addr=172.92.159.124;act_addr_fam=InterNetwork;",
        "x-ms-keyvault-rbac-assignment-id": "5405cebb-0832-59fd-b49d-3c34f062a3f5",
        "x-ms-keyvault-rbac-cache": "ra_age=10;da_age=3480;rd_age=3480;brd_age=1022;ra_notif_age=26;dec_lev=1;",
        "x-ms-keyvault-region": "canadacentral",
        "x-ms-keyvault-service-version": "1.9.576.1"
      },
      "ResponseBody": {
        "key": {
          "kid": "https://vaultname.vault.azure.net/keys/livekvtestkey45c2527c2/0741ae9657b7491fbb14665c05b9c821",
          "kty": "RSA",
          "key_ops": [
            "encrypt",
            "decrypt",
            "sign",
            "verify",
            "wrapKey",
            "unwrapKey"
          ],
          "n": "2oJOdqzM3rOqMUoXqLSaBLo5VZM6HzgqDPlC3xIgb8Kn-75kVCMxteAaF1hidV72KAg18PHXvqymvlRvdQ0Ooih1AFLRYpuVW9lg_MYD3esG0ubuc_YJfWB8rjiRy8Ol9LILJ0VJQW-ZrFs25AgpLnYsmz2aktY6pw1aRbgoVvwSsRiSwxxFVy7VZDd1Ze5QmX1tG7flHlPTjDnQbaiBU_JXCcxaxD9Y5KXvN25soC13sHjtAf5W2xrsYkiCkl3-1IMSx0jeft2UZQzPBotfk7ZxWvf2r2Ag9smDVj9nix5mhxfWc5KCddQlJMpVPhn2bF-cReS7Axp8ZR_WVzHKiQ",
          "e": "AQAB"
        },
        "attributes": {
          "enabled": true,
          "created": 1667329751,
          "updated": 1667329751,
          "recoveryLevel": "CustomizedRecoverable\u002BPurgeable",
          "recoverableDays": 7
        }
      }
    },
    {
      "RequestUri": "https://vaultname.vault.azure.net/keys/livekvtestkey55c2527c2/create?api-version=7.2",
      "RequestMethod": "POST",
      "RequestHeaders": {
        "Accept": "application/json",
        "Accept-Encoding": "gzip, deflate",
        "Connection": "keep-alive",
        "Content-Length": "14",
        "Content-Type": "application/json",
        "User-Agent": "azsdk-python-keyvault-keys/4.8.0b2 Python/3.10.0 (Windows-10-10.0.22621-SP0)"
      },
      "RequestBody": {
        "kty": "RSA"
      },
      "StatusCode": 200,
      "ResponseHeaders": {
        "Cache-Control": "no-cache",
        "Content-Length": "696",
        "Content-Type": "application/json; charset=utf-8",
        "Date": "Tue, 01 Nov 2022 19:09:13 GMT",
        "Expires": "-1",
        "Pragma": "no-cache",
        "Strict-Transport-Security": "max-age=31536000;includeSubDomains",
        "X-Content-Type-Options": "nosniff",
        "x-ms-keyvault-network-info": "conn_type=Ipv4;addr=172.92.159.124;act_addr_fam=InterNetwork;",
        "x-ms-keyvault-rbac-assignment-id": "5405cebb-0832-59fd-b49d-3c34f062a3f5",
        "x-ms-keyvault-rbac-cache": "ra_age=12;da_age=3483;rd_age=3483;brd_age=1024;ra_notif_age=28;dec_lev=1;",
        "x-ms-keyvault-region": "canadacentral",
        "x-ms-keyvault-service-version": "1.9.576.1"
      },
      "ResponseBody": {
        "key": {
          "kid": "https://vaultname.vault.azure.net/keys/livekvtestkey55c2527c2/66598a8a0d1446a798cbe185c7e83614",
          "kty": "RSA",
          "key_ops": [
            "encrypt",
            "decrypt",
            "sign",
            "verify",
            "wrapKey",
            "unwrapKey"
          ],
          "n": "vh7QSf5sM2x-xO4UFCpaZd5_YZsfSj2H_Y2C3fyLydHItDr3aYlrR3VdmrPrjIVnjheZFzOtapZOYzruUEmiJCUH0xCi36uy7Vpyr3Ou7sTifkAES-L13ulpvahk30PZlVtd7jTCGiIwiqfaIG9XuMky79mvLDX-Bhw0mkRDWIA5NGpIL2zNi5j9FhZGuXxIIESs-grS9yzSO03WXgsFMIaPvVskUCUfAoGVkFEWZYwFgS2j7tp69RLLqZyhPJXA4zWNLWa0h2E53ul5r0V0h_6yfzBKYE6rAMGV3EmApzYrk0geT2G67YvtwPKaG_okc330NHk6DcZm3dSOi5WMRQ",
          "e": "AQAB"
        },
        "attributes": {
          "enabled": true,
          "created": 1667329754,
          "updated": 1667329754,
          "recoveryLevel": "CustomizedRecoverable\u002BPurgeable",
          "recoverableDays": 7
        }
      }
    },
    {
      "RequestUri": "https://vaultname.vault.azure.net/keys/livekvtestkey65c2527c2/create?api-version=7.2",
      "RequestMethod": "POST",
      "RequestHeaders": {
        "Accept": "application/json",
        "Accept-Encoding": "gzip, deflate",
        "Connection": "keep-alive",
        "Content-Length": "14",
        "Content-Type": "application/json",
        "User-Agent": "azsdk-python-keyvault-keys/4.8.0b2 Python/3.10.0 (Windows-10-10.0.22621-SP0)"
      },
      "RequestBody": {
        "kty": "RSA"
      },
      "StatusCode": 200,
      "ResponseHeaders": {
        "Cache-Control": "no-cache",
        "Content-Length": "696",
        "Content-Type": "application/json; charset=utf-8",
        "Date": "Tue, 01 Nov 2022 19:09:16 GMT",
        "Expires": "-1",
        "Pragma": "no-cache",
        "Strict-Transport-Security": "max-age=31536000;includeSubDomains",
        "X-Content-Type-Options": "nosniff",
        "x-ms-keyvault-network-info": "conn_type=Ipv4;addr=172.92.159.124;act_addr_fam=InterNetwork;",
        "x-ms-keyvault-rbac-assignment-id": "5405cebb-0832-59fd-b49d-3c34f062a3f5",
        "x-ms-keyvault-rbac-cache": "ra_age=14;da_age=3485;rd_age=3485;brd_age=1026;ra_notif_age=30;dec_lev=1;",
        "x-ms-keyvault-region": "canadacentral",
        "x-ms-keyvault-service-version": "1.9.576.1"
      },
      "ResponseBody": {
        "key": {
          "kid": "https://vaultname.vault.azure.net/keys/livekvtestkey65c2527c2/d56a208dd98b497099e1783cd32f440f",
          "kty": "RSA",
          "key_ops": [
            "encrypt",
            "decrypt",
            "sign",
            "verify",
            "wrapKey",
            "unwrapKey"
          ],
          "n": "xjeb-zOd6S-SU4EHIzWOjoKY8acUlHzkOqA_rcZls7OMr5SrsXzQApDxqUZeTTnqUZfWmLw_8vHnXiImmkU9USP7FYWUuP9oIXmcY1PxLZcpwH5LvOAGhIeZlvINLmwfymFTz6gBW8w2NHykeXioBRVgJ1GX0BW0PdnkThKyk3mw7Xt3cxPbHM42cjP3ihjOcV8x8D8H48KEOurX39Ujp46ny1LTCw5w2_JHIr10tPC9TeI5oqL6MD_NnzUz-Ya7ajpWRfgrABMnU2-izR-sbDQmxgv0fyHzWWSowu3t2MB3swseaQvJhSAXdKoPNwmwUDEntqzyKD0TojuQIyp2xQ",
          "e": "AQAB"
        },
        "attributes": {
          "enabled": true,
          "created": 1667329756,
          "updated": 1667329756,
          "recoveryLevel": "CustomizedRecoverable\u002BPurgeable",
          "recoverableDays": 7
        }
      }
    },
    {
      "RequestUri": "https://vaultname.vault.azure.net/keys/livekvtestkey05c2527c2?api-version=7.2",
      "RequestMethod": "DELETE",
      "RequestHeaders": {
        "Accept": "application/json",
        "Accept-Encoding": "gzip, deflate",
        "Connection": "keep-alive",
        "Content-Length": "0",
        "User-Agent": "azsdk-python-keyvault-keys/4.8.0b2 Python/3.10.0 (Windows-10-10.0.22621-SP0)"
      },
      "RequestBody": null,
      "StatusCode": 200,
      "ResponseHeaders": {
        "Cache-Control": "no-cache",
        "Content-Length": "837",
        "Content-Type": "application/json; charset=utf-8",
        "Date": "Tue, 01 Nov 2022 19:09:16 GMT",
        "Expires": "-1",
        "Pragma": "no-cache",
        "Strict-Transport-Security": "max-age=31536000;includeSubDomains",
        "X-Content-Type-Options": "nosniff",
        "x-ms-keyvault-network-info": "conn_type=Ipv4;addr=172.92.159.124;act_addr_fam=InterNetwork;",
        "x-ms-keyvault-rbac-assignment-id": "5405cebb-0832-59fd-b49d-3c34f062a3f5",
        "x-ms-keyvault-rbac-cache": "ra_age=14;da_age=3485;rd_age=3485;brd_age=1026;ra_notif_age=31;dec_lev=1;",
        "x-ms-keyvault-region": "canadacentral",
        "x-ms-keyvault-service-version": "1.9.576.1"
      },
      "ResponseBody": {
        "recoveryId": "https://vaultname.vault.azure.net/deletedkeys/livekvtestkey05c2527c2",
        "deletedDate": 1667329756,
        "scheduledPurgeDate": 1667934556,
        "key": {
          "kid": "https://vaultname.vault.azure.net/keys/livekvtestkey05c2527c2/a78c5739172c474f995e1a0cf313427c",
          "kty": "RSA",
          "key_ops": [
            "encrypt",
            "decrypt",
            "sign",
            "verify",
            "wrapKey",
            "unwrapKey"
          ],
          "n": "mVZ58P_EhurBpKZzUlGLbiLUiu4LLwBV0jzzRDz29C_IUfcRL9VGqAxn2-1FU8csdfdaj-s6aCBY_CyPqI2LOZatG1LQW6S09tDJ1lpZBEbhlchDCiaueLoLG5C1MrJZRdm9I277aE3GrR3E3_EIV2dRSRxW1gRJM3Yg7x77GCgxN0fIBi-AbS7PxJJXlvk6_NS2mB3WP9bN_MRCUNpHEQmAazkxDMRbYa-m6Lu2pAaYUR2syn0PvrA_blsVKUQWyRuqewGeYQaUbHK0eOPgdUGDxLh5q1kEiAwrMJiFu0cfyrBRAOmfM7EtHragklicqQU13-XQP-f18M-Uc2M0OQ",
          "e": "AQAB"
        },
        "attributes": {
          "enabled": true,
          "created": 1667329742,
          "updated": 1667329742,
          "recoveryLevel": "CustomizedRecoverable\u002BPurgeable",
          "recoverableDays": 7
        }
      }
    },
    {
      "RequestUri": "https://vaultname.vault.azure.net/deletedkeys/livekvtestkey05c2527c2?api-version=7.2",
      "RequestMethod": "GET",
      "RequestHeaders": {
        "Accept": "application/json",
        "Accept-Encoding": "gzip, deflate",
        "Connection": "keep-alive",
        "User-Agent": "azsdk-python-keyvault-keys/4.8.0b2 Python/3.10.0 (Windows-10-10.0.22621-SP0)"
      },
      "RequestBody": null,
      "StatusCode": 404,
      "ResponseHeaders": {
        "Cache-Control": "no-cache",
        "Content-Length": "90",
        "Content-Type": "application/json; charset=utf-8",
        "Date": "Tue, 01 Nov 2022 19:09:16 GMT",
        "Expires": "-1",
        "Pragma": "no-cache",
        "Strict-Transport-Security": "max-age=31536000;includeSubDomains",
        "X-Content-Type-Options": "nosniff",
        "x-ms-keyvault-network-info": "conn_type=Ipv4;addr=172.92.159.124;act_addr_fam=InterNetwork;",
        "x-ms-keyvault-rbac-assignment-id": "5405cebb-0832-59fd-b49d-3c34f062a3f5",
        "x-ms-keyvault-rbac-cache": "ra_age=15;da_age=3485;rd_age=3485;brd_age=1026;ra_notif_age=31;dec_lev=1;",
        "x-ms-keyvault-region": "canadacentral",
        "x-ms-keyvault-service-version": "1.9.576.1"
      },
      "ResponseBody": {
        "error": {
          "code": "KeyNotFound",
          "message": "Deleted Key not found: livekvtestkey05c2527c2"
        }
      }
    },
    {
      "RequestUri": "https://vaultname.vault.azure.net/deletedkeys/livekvtestkey05c2527c2?api-version=7.2",
      "RequestMethod": "GET",
      "RequestHeaders": {
        "Accept": "application/json",
        "Accept-Encoding": "gzip, deflate",
        "Connection": "keep-alive",
        "User-Agent": "azsdk-python-keyvault-keys/4.8.0b2 Python/3.10.0 (Windows-10-10.0.22621-SP0)"
      },
      "RequestBody": null,
      "StatusCode": 200,
      "ResponseHeaders": {
        "Cache-Control": "no-cache",
        "Content-Length": "837",
        "Content-Type": "application/json; charset=utf-8",
        "Date": "Tue, 01 Nov 2022 19:09:18 GMT",
        "Expires": "-1",
        "Pragma": "no-cache",
        "Strict-Transport-Security": "max-age=31536000;includeSubDomains",
        "X-Content-Type-Options": "nosniff",
        "x-ms-keyvault-network-info": "conn_type=Ipv4;addr=172.92.159.124;act_addr_fam=InterNetwork;",
        "x-ms-keyvault-rbac-assignment-id": "5405cebb-0832-59fd-b49d-3c34f062a3f5",
        "x-ms-keyvault-rbac-cache": "ra_age=17;da_age=3487;rd_age=3487;brd_age=1029;ra_notif_age=33;dec_lev=0;",
        "x-ms-keyvault-region": "canadacentral",
        "x-ms-keyvault-service-version": "1.9.576.1"
      },
      "ResponseBody": {
        "recoveryId": "https://vaultname.vault.azure.net/deletedkeys/livekvtestkey05c2527c2",
        "deletedDate": 1667329756,
        "scheduledPurgeDate": 1667934556,
        "key": {
          "kid": "https://vaultname.vault.azure.net/keys/livekvtestkey05c2527c2/a78c5739172c474f995e1a0cf313427c",
          "kty": "RSA",
          "key_ops": [
            "encrypt",
            "decrypt",
            "sign",
            "verify",
            "wrapKey",
            "unwrapKey"
          ],
          "n": "mVZ58P_EhurBpKZzUlGLbiLUiu4LLwBV0jzzRDz29C_IUfcRL9VGqAxn2-1FU8csdfdaj-s6aCBY_CyPqI2LOZatG1LQW6S09tDJ1lpZBEbhlchDCiaueLoLG5C1MrJZRdm9I277aE3GrR3E3_EIV2dRSRxW1gRJM3Yg7x77GCgxN0fIBi-AbS7PxJJXlvk6_NS2mB3WP9bN_MRCUNpHEQmAazkxDMRbYa-m6Lu2pAaYUR2syn0PvrA_blsVKUQWyRuqewGeYQaUbHK0eOPgdUGDxLh5q1kEiAwrMJiFu0cfyrBRAOmfM7EtHragklicqQU13-XQP-f18M-Uc2M0OQ",
          "e": "AQAB"
        },
        "attributes": {
          "enabled": true,
          "created": 1667329742,
          "updated": 1667329742,
          "recoveryLevel": "CustomizedRecoverable\u002BPurgeable",
          "recoverableDays": 7
        }
      }
    },
    {
      "RequestUri": "https://vaultname.vault.azure.net/keys/livekvtestkey15c2527c2?api-version=7.2",
      "RequestMethod": "DELETE",
      "RequestHeaders": {
        "Accept": "application/json",
        "Accept-Encoding": "gzip, deflate",
        "Connection": "keep-alive",
        "Content-Length": "0",
        "User-Agent": "azsdk-python-keyvault-keys/4.8.0b2 Python/3.10.0 (Windows-10-10.0.22621-SP0)"
      },
      "RequestBody": null,
      "StatusCode": 200,
      "ResponseHeaders": {
        "Cache-Control": "no-cache",
        "Content-Length": "837",
        "Content-Type": "application/json; charset=utf-8",
        "Date": "Tue, 01 Nov 2022 19:09:18 GMT",
        "Expires": "-1",
        "Pragma": "no-cache",
        "Strict-Transport-Security": "max-age=31536000;includeSubDomains",
        "X-Content-Type-Options": "nosniff",
        "x-ms-keyvault-network-info": "conn_type=Ipv4;addr=172.92.159.124;act_addr_fam=InterNetwork;",
        "x-ms-keyvault-rbac-assignment-id": "5405cebb-0832-59fd-b49d-3c34f062a3f5",
        "x-ms-keyvault-rbac-cache": "ra_age=17;da_age=3487;rd_age=3487;brd_age=1029;ra_notif_age=33;dec_lev=1;",
        "x-ms-keyvault-region": "canadacentral",
        "x-ms-keyvault-service-version": "1.9.576.1"
      },
      "ResponseBody": {
        "recoveryId": "https://vaultname.vault.azure.net/deletedkeys/livekvtestkey15c2527c2",
        "deletedDate": 1667329758,
        "scheduledPurgeDate": 1667934558,
        "key": {
          "kid": "https://vaultname.vault.azure.net/keys/livekvtestkey15c2527c2/5bf2be5763b24a06b820f380f943817b",
          "kty": "RSA",
          "key_ops": [
            "encrypt",
            "decrypt",
            "sign",
            "verify",
            "wrapKey",
            "unwrapKey"
          ],
          "n": "vyDWhIJ8IXd9tMS2iEuIfKC7Gp6Nvr1koI4Su9ySrSPdeYbpvm8-B1zmsnNJVf8dpQd9n0Y9RMNBD6BntSQYjEjpOEdCWacEKcKlZQKFtotN57EiU9BX9INjPpOaUf4_015j-8-h-VjaIvPpVSdRwkzeQSu_bV1WImGy4prkAG0Hdma6n3jw_m64hoylNqIsE8MRaMhIAgmsXA5R-DXT9jE0Czr1DP092TTIXBgg4ZsJGtpylux5NjRV-asum4HF8r8xk6JZJxXmftnZOHnoQMS1Nt6E0FTsXcRzL85_Vh-qLeAmaiu-wI-U2aRyJCkwO51Xx5dO-IyxrjjoAl-eLQ",
          "e": "AQAB"
        },
        "attributes": {
          "enabled": true,
          "created": 1667329744,
          "updated": 1667329744,
          "recoveryLevel": "CustomizedRecoverable\u002BPurgeable",
          "recoverableDays": 7
        }
      }
    },
    {
      "RequestUri": "https://vaultname.vault.azure.net/deletedkeys/livekvtestkey15c2527c2?api-version=7.2",
      "RequestMethod": "GET",
      "RequestHeaders": {
        "Accept": "application/json",
        "Accept-Encoding": "gzip, deflate",
        "Connection": "keep-alive",
        "User-Agent": "azsdk-python-keyvault-keys/4.8.0b2 Python/3.10.0 (Windows-10-10.0.22621-SP0)"
      },
      "RequestBody": null,
      "StatusCode": 404,
      "ResponseHeaders": {
        "Cache-Control": "no-cache",
        "Content-Length": "90",
        "Content-Type": "application/json; charset=utf-8",
        "Date": "Tue, 01 Nov 2022 19:09:18 GMT",
        "Expires": "-1",
        "Pragma": "no-cache",
        "Strict-Transport-Security": "max-age=31536000;includeSubDomains",
        "X-Content-Type-Options": "nosniff",
        "x-ms-keyvault-network-info": "conn_type=Ipv4;addr=172.92.159.124;act_addr_fam=InterNetwork;",
        "x-ms-keyvault-rbac-assignment-id": "5405cebb-0832-59fd-b49d-3c34f062a3f5",
        "x-ms-keyvault-rbac-cache": "ra_age=17;da_age=3488;rd_age=3488;brd_age=1029;ra_notif_age=1;dec_lev=1;",
        "x-ms-keyvault-region": "canadacentral",
        "x-ms-keyvault-service-version": "1.9.576.1"
      },
      "ResponseBody": {
        "error": {
          "code": "KeyNotFound",
          "message": "Deleted Key not found: livekvtestkey15c2527c2"
        }
      }
    },
    {
      "RequestUri": "https://vaultname.vault.azure.net/deletedkeys/livekvtestkey15c2527c2?api-version=7.2",
      "RequestMethod": "GET",
      "RequestHeaders": {
        "Accept": "application/json",
        "Accept-Encoding": "gzip, deflate",
        "Connection": "keep-alive",
        "User-Agent": "azsdk-python-keyvault-keys/4.8.0b2 Python/3.10.0 (Windows-10-10.0.22621-SP0)"
      },
      "RequestBody": null,
      "StatusCode": 404,
      "ResponseHeaders": {
        "Cache-Control": "no-cache",
        "Content-Length": "90",
        "Content-Type": "application/json; charset=utf-8",
        "Date": "Tue, 01 Nov 2022 19:09:20 GMT",
        "Expires": "-1",
        "Pragma": "no-cache",
        "Strict-Transport-Security": "max-age=31536000;includeSubDomains",
        "X-Content-Type-Options": "nosniff",
        "x-ms-keyvault-network-info": "conn_type=Ipv4;addr=172.92.159.124;act_addr_fam=InterNetwork;",
        "x-ms-keyvault-rbac-assignment-id": "5405cebb-0832-59fd-b49d-3c34f062a3f5",
        "x-ms-keyvault-rbac-cache": "ra_age=2;da_age=3490;rd_age=3490;brd_age=1031;ra_notif_age=3;dec_lev=1;",
        "x-ms-keyvault-region": "canadacentral",
        "x-ms-keyvault-service-version": "1.9.576.1"
      },
      "ResponseBody": {
        "error": {
          "code": "KeyNotFound",
          "message": "Deleted Key not found: livekvtestkey15c2527c2"
        }
      }
    },
    {
      "RequestUri": "https://vaultname.vault.azure.net/deletedkeys/livekvtestkey15c2527c2?api-version=7.2",
      "RequestMethod": "GET",
      "RequestHeaders": {
        "Accept": "application/json",
        "Accept-Encoding": "gzip, deflate",
        "Connection": "keep-alive",
        "User-Agent": "azsdk-python-keyvault-keys/4.8.0b2 Python/3.10.0 (Windows-10-10.0.22621-SP0)"
      },
      "RequestBody": null,
      "StatusCode": 200,
      "ResponseHeaders": {
        "Cache-Control": "no-cache",
        "Content-Length": "837",
        "Content-Type": "application/json; charset=utf-8",
        "Date": "Tue, 01 Nov 2022 19:09:22 GMT",
        "Expires": "-1",
        "Pragma": "no-cache",
        "Strict-Transport-Security": "max-age=31536000;includeSubDomains",
        "X-Content-Type-Options": "nosniff",
        "x-ms-keyvault-network-info": "conn_type=Ipv4;addr=172.92.159.124;act_addr_fam=InterNetwork;",
        "x-ms-keyvault-rbac-assignment-id": "5405cebb-0832-59fd-b49d-3c34f062a3f5",
        "x-ms-keyvault-rbac-cache": "ra_age=4;da_age=3492;rd_age=3492;brd_age=1033;ra_notif_age=5;dec_lev=0;",
        "x-ms-keyvault-region": "canadacentral",
        "x-ms-keyvault-service-version": "1.9.576.1"
      },
      "ResponseBody": {
        "recoveryId": "https://vaultname.vault.azure.net/deletedkeys/livekvtestkey15c2527c2",
        "deletedDate": 1667329758,
        "scheduledPurgeDate": 1667934558,
        "key": {
          "kid": "https://vaultname.vault.azure.net/keys/livekvtestkey15c2527c2/5bf2be5763b24a06b820f380f943817b",
          "kty": "RSA",
          "key_ops": [
            "encrypt",
            "decrypt",
            "sign",
            "verify",
            "wrapKey",
            "unwrapKey"
          ],
          "n": "vyDWhIJ8IXd9tMS2iEuIfKC7Gp6Nvr1koI4Su9ySrSPdeYbpvm8-B1zmsnNJVf8dpQd9n0Y9RMNBD6BntSQYjEjpOEdCWacEKcKlZQKFtotN57EiU9BX9INjPpOaUf4_015j-8-h-VjaIvPpVSdRwkzeQSu_bV1WImGy4prkAG0Hdma6n3jw_m64hoylNqIsE8MRaMhIAgmsXA5R-DXT9jE0Czr1DP092TTIXBgg4ZsJGtpylux5NjRV-asum4HF8r8xk6JZJxXmftnZOHnoQMS1Nt6E0FTsXcRzL85_Vh-qLeAmaiu-wI-U2aRyJCkwO51Xx5dO-IyxrjjoAl-eLQ",
          "e": "AQAB"
        },
        "attributes": {
          "enabled": true,
          "created": 1667329744,
          "updated": 1667329744,
          "recoveryLevel": "CustomizedRecoverable\u002BPurgeable",
          "recoverableDays": 7
        }
      }
    },
    {
      "RequestUri": "https://vaultname.vault.azure.net/keys/livekvtestkey25c2527c2?api-version=7.2",
      "RequestMethod": "DELETE",
      "RequestHeaders": {
        "Accept": "application/json",
        "Accept-Encoding": "gzip, deflate",
        "Connection": "keep-alive",
        "Content-Length": "0",
        "User-Agent": "azsdk-python-keyvault-keys/4.8.0b2 Python/3.10.0 (Windows-10-10.0.22621-SP0)"
      },
      "RequestBody": null,
      "StatusCode": 200,
      "ResponseHeaders": {
        "Cache-Control": "no-cache",
        "Content-Length": "837",
        "Content-Type": "application/json; charset=utf-8",
        "Date": "Tue, 01 Nov 2022 19:09:23 GMT",
        "Expires": "-1",
        "Pragma": "no-cache",
        "Strict-Transport-Security": "max-age=31536000;includeSubDomains",
        "X-Content-Type-Options": "nosniff",
        "x-ms-keyvault-network-info": "conn_type=Ipv4;addr=172.92.159.124;act_addr_fam=InterNetwork;",
        "x-ms-keyvault-rbac-assignment-id": "5405cebb-0832-59fd-b49d-3c34f062a3f5",
        "x-ms-keyvault-rbac-cache": "ra_age=4;da_age=3492;rd_age=3492;brd_age=1033;ra_notif_age=5;dec_lev=1;",
        "x-ms-keyvault-region": "canadacentral",
        "x-ms-keyvault-service-version": "1.9.576.1"
      },
      "ResponseBody": {
        "recoveryId": "https://vaultname.vault.azure.net/deletedkeys/livekvtestkey25c2527c2",
        "deletedDate": 1667329763,
        "scheduledPurgeDate": 1667934563,
        "key": {
          "kid": "https://vaultname.vault.azure.net/keys/livekvtestkey25c2527c2/de461b84d5d649a9a889548248a56916",
          "kty": "RSA",
          "key_ops": [
            "encrypt",
            "decrypt",
            "sign",
            "verify",
            "wrapKey",
            "unwrapKey"
          ],
          "n": "s-cj0W3cEfV7t5Y6iYjDujgNwwbXNmmJdl8rfJ2-cY3rEUtLE-3sDrCLQltATFti2PutchTHSBJn3cWwmXXgP4ckoaPkuaOh5743Ou2ZZsasjXLCvGSAzE1msGuuE8CgPdt4gZbJVrZh2YopfS68ib8UiaLUJBqhuj1DkibyR3QyVtLHZjc2Ct45m04JX_abp75vaW8HdGVISdPKZVt8qtqO44eHnebYHEDPvgrvjBbsIbofaC-_7Fos4S0pVn193i7OeoEggC56tC7NBWcax5tadKWnEOn8ZK1wqq0nHh1_cHfuAp8435iaBubHULfkfRqfAgznU12_ZNkLmYrMbQ",
          "e": "AQAB"
        },
        "attributes": {
          "enabled": true,
          "created": 1667329747,
          "updated": 1667329747,
          "recoveryLevel": "CustomizedRecoverable\u002BPurgeable",
          "recoverableDays": 7
        }
      }
    },
    {
      "RequestUri": "https://vaultname.vault.azure.net/deletedkeys/livekvtestkey25c2527c2?api-version=7.2",
      "RequestMethod": "GET",
      "RequestHeaders": {
        "Accept": "application/json",
        "Accept-Encoding": "gzip, deflate",
        "Connection": "keep-alive",
        "User-Agent": "azsdk-python-keyvault-keys/4.8.0b2 Python/3.10.0 (Windows-10-10.0.22621-SP0)"
      },
      "RequestBody": null,
      "StatusCode": 404,
      "ResponseHeaders": {
        "Cache-Control": "no-cache",
        "Content-Length": "90",
        "Content-Type": "application/json; charset=utf-8",
        "Date": "Tue, 01 Nov 2022 19:09:23 GMT",
        "Expires": "-1",
        "Pragma": "no-cache",
        "Strict-Transport-Security": "max-age=31536000;includeSubDomains",
        "X-Content-Type-Options": "nosniff",
        "x-ms-keyvault-network-info": "conn_type=Ipv4;addr=172.92.159.124;act_addr_fam=InterNetwork;",
        "x-ms-keyvault-rbac-assignment-id": "5405cebb-0832-59fd-b49d-3c34f062a3f5",
        "x-ms-keyvault-rbac-cache": "ra_age=4;da_age=3492;rd_age=3492;brd_age=1033;ra_notif_age=5;dec_lev=1;",
        "x-ms-keyvault-region": "canadacentral",
        "x-ms-keyvault-service-version": "1.9.576.1"
      },
      "ResponseBody": {
        "error": {
          "code": "KeyNotFound",
          "message": "Deleted Key not found: livekvtestkey25c2527c2"
        }
      }
    },
    {
      "RequestUri": "https://vaultname.vault.azure.net/deletedkeys/livekvtestkey25c2527c2?api-version=7.2",
      "RequestMethod": "GET",
      "RequestHeaders": {
        "Accept": "application/json",
        "Accept-Encoding": "gzip, deflate",
        "Connection": "keep-alive",
        "User-Agent": "azsdk-python-keyvault-keys/4.8.0b2 Python/3.10.0 (Windows-10-10.0.22621-SP0)"
      },
      "RequestBody": null,
      "StatusCode": 200,
      "ResponseHeaders": {
        "Cache-Control": "no-cache",
        "Content-Length": "837",
        "Content-Type": "application/json; charset=utf-8",
        "Date": "Tue, 01 Nov 2022 19:09:25 GMT",
        "Expires": "-1",
        "Pragma": "no-cache",
        "Strict-Transport-Security": "max-age=31536000;includeSubDomains",
        "X-Content-Type-Options": "nosniff",
        "x-ms-keyvault-network-info": "conn_type=Ipv4;addr=172.92.159.124;act_addr_fam=InterNetwork;",
        "x-ms-keyvault-rbac-assignment-id": "5405cebb-0832-59fd-b49d-3c34f062a3f5",
        "x-ms-keyvault-rbac-cache": "ra_age=6;da_age=3494;rd_age=3494;brd_age=1036;ra_notif_age=7;dec_lev=0;",
        "x-ms-keyvault-region": "canadacentral",
        "x-ms-keyvault-service-version": "1.9.576.1"
      },
      "ResponseBody": {
        "recoveryId": "https://vaultname.vault.azure.net/deletedkeys/livekvtestkey25c2527c2",
        "deletedDate": 1667329763,
        "scheduledPurgeDate": 1667934563,
        "key": {
          "kid": "https://vaultname.vault.azure.net/keys/livekvtestkey25c2527c2/de461b84d5d649a9a889548248a56916",
          "kty": "RSA",
          "key_ops": [
            "encrypt",
            "decrypt",
            "sign",
            "verify",
            "wrapKey",
            "unwrapKey"
          ],
          "n": "s-cj0W3cEfV7t5Y6iYjDujgNwwbXNmmJdl8rfJ2-cY3rEUtLE-3sDrCLQltATFti2PutchTHSBJn3cWwmXXgP4ckoaPkuaOh5743Ou2ZZsasjXLCvGSAzE1msGuuE8CgPdt4gZbJVrZh2YopfS68ib8UiaLUJBqhuj1DkibyR3QyVtLHZjc2Ct45m04JX_abp75vaW8HdGVISdPKZVt8qtqO44eHnebYHEDPvgrvjBbsIbofaC-_7Fos4S0pVn193i7OeoEggC56tC7NBWcax5tadKWnEOn8ZK1wqq0nHh1_cHfuAp8435iaBubHULfkfRqfAgznU12_ZNkLmYrMbQ",
          "e": "AQAB"
        },
        "attributes": {
          "enabled": true,
          "created": 1667329747,
          "updated": 1667329747,
          "recoveryLevel": "CustomizedRecoverable\u002BPurgeable",
          "recoverableDays": 7
        }
      }
    },
    {
      "RequestUri": "https://vaultname.vault.azure.net/keys/livekvtestkey35c2527c2?api-version=7.2",
      "RequestMethod": "DELETE",
      "RequestHeaders": {
        "Accept": "application/json",
        "Accept-Encoding": "gzip, deflate",
        "Connection": "keep-alive",
        "Content-Length": "0",
        "User-Agent": "azsdk-python-keyvault-keys/4.8.0b2 Python/3.10.0 (Windows-10-10.0.22621-SP0)"
      },
      "RequestBody": null,
      "StatusCode": 200,
      "ResponseHeaders": {
        "Cache-Control": "no-cache",
        "Content-Length": "837",
        "Content-Type": "application/json; charset=utf-8",
        "Date": "Tue, 01 Nov 2022 19:09:25 GMT",
        "Expires": "-1",
        "Pragma": "no-cache",
        "Strict-Transport-Security": "max-age=31536000;includeSubDomains",
        "X-Content-Type-Options": "nosniff",
        "x-ms-keyvault-network-info": "conn_type=Ipv4;addr=172.92.159.124;act_addr_fam=InterNetwork;",
        "x-ms-keyvault-rbac-assignment-id": "5405cebb-0832-59fd-b49d-3c34f062a3f5",
        "x-ms-keyvault-rbac-cache": "ra_age=6;da_age=3495;rd_age=3495;brd_age=1036;ra_notif_age=7;dec_lev=1;",
        "x-ms-keyvault-region": "canadacentral",
        "x-ms-keyvault-service-version": "1.9.576.1"
      },
      "ResponseBody": {
        "recoveryId": "https://vaultname.vault.azure.net/deletedkeys/livekvtestkey35c2527c2",
        "deletedDate": 1667329765,
        "scheduledPurgeDate": 1667934565,
        "key": {
          "kid": "https://vaultname.vault.azure.net/keys/livekvtestkey35c2527c2/b6f5f8479a82492e83b4a12f62d1206f",
          "kty": "RSA",
          "key_ops": [
            "encrypt",
            "decrypt",
            "sign",
            "verify",
            "wrapKey",
            "unwrapKey"
          ],
          "n": "zKDQIptBhnFo6nmBksUG7ccnbzwqTNtzmhE3FU_L56wOPcqHrx6VAajOP4Ec7VlRX-b9PCz0mtMgyseuioAHuV-Px64hrTOHMfaJpKEg_OElfHNuqxOQU1BMugMYmgGuP3zMs9FKyq_lKCwqnCPdRgTsPay0D-3waS6zXAYJ-R4EuH2-h70Doo07CdfATWr2ssyMbs3jsc4AiDHpst9-Cexp6LrlfZ83sVbPitoa-xRN3oWiUC_-NcqGliXzfLTddcXe7ViFiMBikUIaYoN9SyZup4JO7UVdsyKZ7XRDz8dTkktaV8SDxcnBh1frv3MS-ykyVG6tIGrzcAvqYnqE9Q",
          "e": "AQAB"
        },
        "attributes": {
          "enabled": true,
          "created": 1667329749,
          "updated": 1667329749,
          "recoveryLevel": "CustomizedRecoverable\u002BPurgeable",
          "recoverableDays": 7
        }
      }
    },
    {
      "RequestUri": "https://vaultname.vault.azure.net/deletedkeys/livekvtestkey35c2527c2?api-version=7.2",
      "RequestMethod": "GET",
      "RequestHeaders": {
        "Accept": "application/json",
        "Accept-Encoding": "gzip, deflate",
        "Connection": "keep-alive",
        "User-Agent": "azsdk-python-keyvault-keys/4.8.0b2 Python/3.10.0 (Windows-10-10.0.22621-SP0)"
      },
      "RequestBody": null,
      "StatusCode": 404,
      "ResponseHeaders": {
        "Cache-Control": "no-cache",
        "Content-Length": "90",
        "Content-Type": "application/json; charset=utf-8",
        "Date": "Tue, 01 Nov 2022 19:09:25 GMT",
        "Expires": "-1",
        "Pragma": "no-cache",
        "Strict-Transport-Security": "max-age=31536000;includeSubDomains",
        "X-Content-Type-Options": "nosniff",
        "x-ms-keyvault-network-info": "conn_type=Ipv4;addr=172.92.159.124;act_addr_fam=InterNetwork;",
        "x-ms-keyvault-rbac-assignment-id": "5405cebb-0832-59fd-b49d-3c34f062a3f5",
        "x-ms-keyvault-rbac-cache": "ra_age=6;da_age=3495;rd_age=3495;brd_age=1036;ra_notif_age=8;dec_lev=1;",
        "x-ms-keyvault-region": "canadacentral",
        "x-ms-keyvault-service-version": "1.9.576.1"
      },
      "ResponseBody": {
        "error": {
          "code": "KeyNotFound",
          "message": "Deleted Key not found: livekvtestkey35c2527c2"
        }
      }
    },
    {
      "RequestUri": "https://vaultname.vault.azure.net/deletedkeys/livekvtestkey35c2527c2?api-version=7.2",
      "RequestMethod": "GET",
      "RequestHeaders": {
        "Accept": "application/json",
        "Accept-Encoding": "gzip, deflate",
        "Connection": "keep-alive",
        "User-Agent": "azsdk-python-keyvault-keys/4.8.0b2 Python/3.10.0 (Windows-10-10.0.22621-SP0)"
      },
      "RequestBody": null,
      "StatusCode": 200,
      "ResponseHeaders": {
        "Cache-Control": "no-cache",
        "Content-Length": "837",
        "Content-Type": "application/json; charset=utf-8",
        "Date": "Tue, 01 Nov 2022 19:09:27 GMT",
        "Expires": "-1",
        "Pragma": "no-cache",
        "Strict-Transport-Security": "max-age=31536000;includeSubDomains",
        "X-Content-Type-Options": "nosniff",
        "x-ms-keyvault-network-info": "conn_type=Ipv4;addr=172.92.159.124;act_addr_fam=InterNetwork;",
        "x-ms-keyvault-rbac-assignment-id": "5405cebb-0832-59fd-b49d-3c34f062a3f5",
        "x-ms-keyvault-rbac-cache": "ra_age=9;da_age=3497;rd_age=3497;brd_age=1038;ra_notif_age=10;dec_lev=0;",
        "x-ms-keyvault-region": "canadacentral",
        "x-ms-keyvault-service-version": "1.9.576.1"
      },
      "ResponseBody": {
        "recoveryId": "https://vaultname.vault.azure.net/deletedkeys/livekvtestkey35c2527c2",
        "deletedDate": 1667329765,
        "scheduledPurgeDate": 1667934565,
        "key": {
          "kid": "https://vaultname.vault.azure.net/keys/livekvtestkey35c2527c2/b6f5f8479a82492e83b4a12f62d1206f",
          "kty": "RSA",
          "key_ops": [
            "encrypt",
            "decrypt",
            "sign",
            "verify",
            "wrapKey",
            "unwrapKey"
          ],
          "n": "zKDQIptBhnFo6nmBksUG7ccnbzwqTNtzmhE3FU_L56wOPcqHrx6VAajOP4Ec7VlRX-b9PCz0mtMgyseuioAHuV-Px64hrTOHMfaJpKEg_OElfHNuqxOQU1BMugMYmgGuP3zMs9FKyq_lKCwqnCPdRgTsPay0D-3waS6zXAYJ-R4EuH2-h70Doo07CdfATWr2ssyMbs3jsc4AiDHpst9-Cexp6LrlfZ83sVbPitoa-xRN3oWiUC_-NcqGliXzfLTddcXe7ViFiMBikUIaYoN9SyZup4JO7UVdsyKZ7XRDz8dTkktaV8SDxcnBh1frv3MS-ykyVG6tIGrzcAvqYnqE9Q",
          "e": "AQAB"
        },
        "attributes": {
          "enabled": true,
          "created": 1667329749,
          "updated": 1667329749,
          "recoveryLevel": "CustomizedRecoverable\u002BPurgeable",
          "recoverableDays": 7
        }
      }
    },
    {
      "RequestUri": "https://vaultname.vault.azure.net/keys/livekvtestkey45c2527c2?api-version=7.2",
      "RequestMethod": "DELETE",
      "RequestHeaders": {
        "Accept": "application/json",
        "Accept-Encoding": "gzip, deflate",
        "Connection": "keep-alive",
        "Content-Length": "0",
        "User-Agent": "azsdk-python-keyvault-keys/4.8.0b2 Python/3.10.0 (Windows-10-10.0.22621-SP0)"
      },
      "RequestBody": null,
      "StatusCode": 200,
      "ResponseHeaders": {
        "Cache-Control": "no-cache",
        "Content-Length": "837",
        "Content-Type": "application/json; charset=utf-8",
        "Date": "Tue, 01 Nov 2022 19:09:27 GMT",
        "Expires": "-1",
        "Pragma": "no-cache",
        "Strict-Transport-Security": "max-age=31536000;includeSubDomains",
        "X-Content-Type-Options": "nosniff",
        "x-ms-keyvault-network-info": "conn_type=Ipv4;addr=172.92.159.124;act_addr_fam=InterNetwork;",
        "x-ms-keyvault-rbac-assignment-id": "5405cebb-0832-59fd-b49d-3c34f062a3f5",
        "x-ms-keyvault-rbac-cache": "ra_age=9;da_age=3497;rd_age=3497;brd_age=1038;ra_notif_age=10;dec_lev=1;",
        "x-ms-keyvault-region": "canadacentral",
        "x-ms-keyvault-service-version": "1.9.576.1"
      },
      "ResponseBody": {
        "recoveryId": "https://vaultname.vault.azure.net/deletedkeys/livekvtestkey45c2527c2",
        "deletedDate": 1667329768,
        "scheduledPurgeDate": 1667934568,
        "key": {
          "kid": "https://vaultname.vault.azure.net/keys/livekvtestkey45c2527c2/0741ae9657b7491fbb14665c05b9c821",
          "kty": "RSA",
          "key_ops": [
            "encrypt",
            "decrypt",
            "sign",
            "verify",
            "wrapKey",
            "unwrapKey"
          ],
          "n": "2oJOdqzM3rOqMUoXqLSaBLo5VZM6HzgqDPlC3xIgb8Kn-75kVCMxteAaF1hidV72KAg18PHXvqymvlRvdQ0Ooih1AFLRYpuVW9lg_MYD3esG0ubuc_YJfWB8rjiRy8Ol9LILJ0VJQW-ZrFs25AgpLnYsmz2aktY6pw1aRbgoVvwSsRiSwxxFVy7VZDd1Ze5QmX1tG7flHlPTjDnQbaiBU_JXCcxaxD9Y5KXvN25soC13sHjtAf5W2xrsYkiCkl3-1IMSx0jeft2UZQzPBotfk7ZxWvf2r2Ag9smDVj9nix5mhxfWc5KCddQlJMpVPhn2bF-cReS7Axp8ZR_WVzHKiQ",
          "e": "AQAB"
        },
        "attributes": {
          "enabled": true,
          "created": 1667329751,
          "updated": 1667329751,
          "recoveryLevel": "CustomizedRecoverable\u002BPurgeable",
          "recoverableDays": 7
        }
      }
    },
    {
      "RequestUri": "https://vaultname.vault.azure.net/deletedkeys/livekvtestkey45c2527c2?api-version=7.2",
      "RequestMethod": "GET",
      "RequestHeaders": {
        "Accept": "application/json",
        "Accept-Encoding": "gzip, deflate",
        "Connection": "keep-alive",
        "User-Agent": "azsdk-python-keyvault-keys/4.8.0b2 Python/3.10.0 (Windows-10-10.0.22621-SP0)"
      },
      "RequestBody": null,
      "StatusCode": 404,
      "ResponseHeaders": {
        "Cache-Control": "no-cache",
        "Content-Length": "90",
        "Content-Type": "application/json; charset=utf-8",
        "Date": "Tue, 01 Nov 2022 19:09:27 GMT",
        "Expires": "-1",
        "Pragma": "no-cache",
        "Strict-Transport-Security": "max-age=31536000;includeSubDomains",
        "X-Content-Type-Options": "nosniff",
        "x-ms-keyvault-network-info": "conn_type=Ipv4;addr=172.92.159.124;act_addr_fam=InterNetwork;",
        "x-ms-keyvault-rbac-assignment-id": "5405cebb-0832-59fd-b49d-3c34f062a3f5",
        "x-ms-keyvault-rbac-cache": "ra_age=9;da_age=3497;rd_age=3497;brd_age=1038;ra_notif_age=10;dec_lev=1;",
        "x-ms-keyvault-region": "canadacentral",
        "x-ms-keyvault-service-version": "1.9.576.1"
      },
      "ResponseBody": {
        "error": {
          "code": "KeyNotFound",
          "message": "Deleted Key not found: livekvtestkey45c2527c2"
        }
      }
    },
    {
      "RequestUri": "https://vaultname.vault.azure.net/deletedkeys/livekvtestkey45c2527c2?api-version=7.2",
      "RequestMethod": "GET",
      "RequestHeaders": {
        "Accept": "application/json",
        "Accept-Encoding": "gzip, deflate",
        "Connection": "keep-alive",
        "User-Agent": "azsdk-python-keyvault-keys/4.8.0b2 Python/3.10.0 (Windows-10-10.0.22621-SP0)"
      },
      "RequestBody": null,
      "StatusCode": 200,
      "ResponseHeaders": {
        "Cache-Control": "no-cache",
        "Content-Length": "837",
        "Content-Type": "application/json; charset=utf-8",
        "Date": "Tue, 01 Nov 2022 19:09:30 GMT",
        "Expires": "-1",
        "Pragma": "no-cache",
        "Strict-Transport-Security": "max-age=31536000;includeSubDomains",
        "X-Content-Type-Options": "nosniff",
        "x-ms-keyvault-network-info": "conn_type=Ipv4;addr=172.92.159.124;act_addr_fam=InterNetwork;",
        "x-ms-keyvault-rbac-assignment-id": "5405cebb-0832-59fd-b49d-3c34f062a3f5",
        "x-ms-keyvault-rbac-cache": "ra_age=11;da_age=3499;rd_age=3499;brd_age=1040;ra_notif_age=12;dec_lev=0;",
        "x-ms-keyvault-region": "canadacentral",
        "x-ms-keyvault-service-version": "1.9.576.1"
      },
      "ResponseBody": {
        "recoveryId": "https://vaultname.vault.azure.net/deletedkeys/livekvtestkey45c2527c2",
        "deletedDate": 1667329768,
        "scheduledPurgeDate": 1667934568,
        "key": {
          "kid": "https://vaultname.vault.azure.net/keys/livekvtestkey45c2527c2/0741ae9657b7491fbb14665c05b9c821",
          "kty": "RSA",
          "key_ops": [
            "encrypt",
            "decrypt",
            "sign",
            "verify",
            "wrapKey",
            "unwrapKey"
          ],
          "n": "2oJOdqzM3rOqMUoXqLSaBLo5VZM6HzgqDPlC3xIgb8Kn-75kVCMxteAaF1hidV72KAg18PHXvqymvlRvdQ0Ooih1AFLRYpuVW9lg_MYD3esG0ubuc_YJfWB8rjiRy8Ol9LILJ0VJQW-ZrFs25AgpLnYsmz2aktY6pw1aRbgoVvwSsRiSwxxFVy7VZDd1Ze5QmX1tG7flHlPTjDnQbaiBU_JXCcxaxD9Y5KXvN25soC13sHjtAf5W2xrsYkiCkl3-1IMSx0jeft2UZQzPBotfk7ZxWvf2r2Ag9smDVj9nix5mhxfWc5KCddQlJMpVPhn2bF-cReS7Axp8ZR_WVzHKiQ",
          "e": "AQAB"
        },
        "attributes": {
          "enabled": true,
          "created": 1667329751,
          "updated": 1667329751,
          "recoveryLevel": "CustomizedRecoverable\u002BPurgeable",
          "recoverableDays": 7
        }
      }
    },
    {
      "RequestUri": "https://vaultname.vault.azure.net/keys/livekvtestkey55c2527c2?api-version=7.2",
      "RequestMethod": "DELETE",
      "RequestHeaders": {
        "Accept": "application/json",
        "Accept-Encoding": "gzip, deflate",
        "Connection": "keep-alive",
        "Content-Length": "0",
        "User-Agent": "azsdk-python-keyvault-keys/4.8.0b2 Python/3.10.0 (Windows-10-10.0.22621-SP0)"
      },
      "RequestBody": null,
      "StatusCode": 200,
      "ResponseHeaders": {
        "Cache-Control": "no-cache",
        "Content-Length": "837",
        "Content-Type": "application/json; charset=utf-8",
        "Date": "Tue, 01 Nov 2022 19:09:30 GMT",
        "Expires": "-1",
        "Pragma": "no-cache",
        "Strict-Transport-Security": "max-age=31536000;includeSubDomains",
        "X-Content-Type-Options": "nosniff",
        "x-ms-keyvault-network-info": "conn_type=Ipv4;addr=172.92.159.124;act_addr_fam=InterNetwork;",
        "x-ms-keyvault-rbac-assignment-id": "5405cebb-0832-59fd-b49d-3c34f062a3f5",
        "x-ms-keyvault-rbac-cache": "ra_age=11;da_age=3499;rd_age=3499;brd_age=1040;ra_notif_age=12;dec_lev=1;",
        "x-ms-keyvault-region": "canadacentral",
        "x-ms-keyvault-service-version": "1.9.576.1"
      },
      "ResponseBody": {
        "recoveryId": "https://vaultname.vault.azure.net/deletedkeys/livekvtestkey55c2527c2",
        "deletedDate": 1667329770,
        "scheduledPurgeDate": 1667934570,
        "key": {
          "kid": "https://vaultname.vault.azure.net/keys/livekvtestkey55c2527c2/66598a8a0d1446a798cbe185c7e83614",
          "kty": "RSA",
          "key_ops": [
            "encrypt",
            "decrypt",
            "sign",
            "verify",
            "wrapKey",
            "unwrapKey"
          ],
          "n": "vh7QSf5sM2x-xO4UFCpaZd5_YZsfSj2H_Y2C3fyLydHItDr3aYlrR3VdmrPrjIVnjheZFzOtapZOYzruUEmiJCUH0xCi36uy7Vpyr3Ou7sTifkAES-L13ulpvahk30PZlVtd7jTCGiIwiqfaIG9XuMky79mvLDX-Bhw0mkRDWIA5NGpIL2zNi5j9FhZGuXxIIESs-grS9yzSO03WXgsFMIaPvVskUCUfAoGVkFEWZYwFgS2j7tp69RLLqZyhPJXA4zWNLWa0h2E53ul5r0V0h_6yfzBKYE6rAMGV3EmApzYrk0geT2G67YvtwPKaG_okc330NHk6DcZm3dSOi5WMRQ",
          "e": "AQAB"
        },
        "attributes": {
          "enabled": true,
          "created": 1667329754,
          "updated": 1667329754,
          "recoveryLevel": "CustomizedRecoverable\u002BPurgeable",
          "recoverableDays": 7
        }
      }
    },
    {
      "RequestUri": "https://vaultname.vault.azure.net/deletedkeys/livekvtestkey55c2527c2?api-version=7.2",
      "RequestMethod": "GET",
      "RequestHeaders": {
        "Accept": "application/json",
        "Accept-Encoding": "gzip, deflate",
        "Connection": "keep-alive",
        "User-Agent": "azsdk-python-keyvault-keys/4.8.0b2 Python/3.10.0 (Windows-10-10.0.22621-SP0)"
      },
      "RequestBody": null,
      "StatusCode": 404,
      "ResponseHeaders": {
        "Cache-Control": "no-cache",
        "Content-Length": "90",
        "Content-Type": "application/json; charset=utf-8",
        "Date": "Tue, 01 Nov 2022 19:09:30 GMT",
        "Expires": "-1",
        "Pragma": "no-cache",
        "Strict-Transport-Security": "max-age=31536000;includeSubDomains",
        "X-Content-Type-Options": "nosniff",
        "x-ms-keyvault-network-info": "conn_type=Ipv4;addr=172.92.159.124;act_addr_fam=InterNetwork;",
        "x-ms-keyvault-rbac-assignment-id": "5405cebb-0832-59fd-b49d-3c34f062a3f5",
        "x-ms-keyvault-rbac-cache": "ra_age=11;da_age=3500;rd_age=3500;brd_age=1041;ra_notif_age=12;dec_lev=1;",
        "x-ms-keyvault-region": "canadacentral",
        "x-ms-keyvault-service-version": "1.9.576.1"
      },
      "ResponseBody": {
        "error": {
          "code": "KeyNotFound",
          "message": "Deleted Key not found: livekvtestkey55c2527c2"
        }
      }
    },
    {
      "RequestUri": "https://vaultname.vault.azure.net/deletedkeys/livekvtestkey55c2527c2?api-version=7.2",
      "RequestMethod": "GET",
      "RequestHeaders": {
        "Accept": "application/json",
        "Accept-Encoding": "gzip, deflate",
        "Connection": "keep-alive",
        "User-Agent": "azsdk-python-keyvault-keys/4.8.0b2 Python/3.10.0 (Windows-10-10.0.22621-SP0)"
      },
      "RequestBody": null,
      "StatusCode": 200,
      "ResponseHeaders": {
        "Cache-Control": "no-cache",
        "Content-Length": "837",
        "Content-Type": "application/json; charset=utf-8",
        "Date": "Tue, 01 Nov 2022 19:09:32 GMT",
        "Expires": "-1",
        "Pragma": "no-cache",
        "Strict-Transport-Security": "max-age=31536000;includeSubDomains",
        "X-Content-Type-Options": "nosniff",
        "x-ms-keyvault-network-info": "conn_type=Ipv4;addr=172.92.159.124;act_addr_fam=InterNetwork;",
        "x-ms-keyvault-rbac-assignment-id": "5405cebb-0832-59fd-b49d-3c34f062a3f5",
        "x-ms-keyvault-rbac-cache": "ra_age=13;da_age=3502;rd_age=3502;brd_age=1043;ra_notif_age=15;dec_lev=0;",
        "x-ms-keyvault-region": "canadacentral",
        "x-ms-keyvault-service-version": "1.9.576.1"
      },
      "ResponseBody": {
        "recoveryId": "https://vaultname.vault.azure.net/deletedkeys/livekvtestkey55c2527c2",
        "deletedDate": 1667329770,
        "scheduledPurgeDate": 1667934570,
        "key": {
          "kid": "https://vaultname.vault.azure.net/keys/livekvtestkey55c2527c2/66598a8a0d1446a798cbe185c7e83614",
          "kty": "RSA",
          "key_ops": [
            "encrypt",
            "decrypt",
            "sign",
            "verify",
            "wrapKey",
            "unwrapKey"
          ],
          "n": "vh7QSf5sM2x-xO4UFCpaZd5_YZsfSj2H_Y2C3fyLydHItDr3aYlrR3VdmrPrjIVnjheZFzOtapZOYzruUEmiJCUH0xCi36uy7Vpyr3Ou7sTifkAES-L13ulpvahk30PZlVtd7jTCGiIwiqfaIG9XuMky79mvLDX-Bhw0mkRDWIA5NGpIL2zNi5j9FhZGuXxIIESs-grS9yzSO03WXgsFMIaPvVskUCUfAoGVkFEWZYwFgS2j7tp69RLLqZyhPJXA4zWNLWa0h2E53ul5r0V0h_6yfzBKYE6rAMGV3EmApzYrk0geT2G67YvtwPKaG_okc330NHk6DcZm3dSOi5WMRQ",
          "e": "AQAB"
        },
        "attributes": {
          "enabled": true,
          "created": 1667329754,
          "updated": 1667329754,
          "recoveryLevel": "CustomizedRecoverable\u002BPurgeable",
          "recoverableDays": 7
        }
      }
    },
    {
      "RequestUri": "https://vaultname.vault.azure.net/keys/livekvtestkey65c2527c2?api-version=7.2",
      "RequestMethod": "DELETE",
      "RequestHeaders": {
        "Accept": "application/json",
        "Accept-Encoding": "gzip, deflate",
        "Connection": "keep-alive",
        "Content-Length": "0",
        "User-Agent": "azsdk-python-keyvault-keys/4.8.0b2 Python/3.10.0 (Windows-10-10.0.22621-SP0)"
      },
      "RequestBody": null,
      "StatusCode": 200,
      "ResponseHeaders": {
        "Cache-Control": "no-cache",
        "Content-Length": "837",
        "Content-Type": "application/json; charset=utf-8",
        "Date": "Tue, 01 Nov 2022 19:09:32 GMT",
        "Expires": "-1",
        "Pragma": "no-cache",
        "Strict-Transport-Security": "max-age=31536000;includeSubDomains",
        "X-Content-Type-Options": "nosniff",
        "x-ms-keyvault-network-info": "conn_type=Ipv4;addr=172.92.159.124;act_addr_fam=InterNetwork;",
        "x-ms-keyvault-rbac-assignment-id": "5405cebb-0832-59fd-b49d-3c34f062a3f5",
        "x-ms-keyvault-rbac-cache": "ra_age=13;da_age=3502;rd_age=3502;brd_age=1043;ra_notif_age=15;dec_lev=1;",
        "x-ms-keyvault-region": "canadacentral",
        "x-ms-keyvault-service-version": "1.9.576.1"
      },
      "ResponseBody": {
        "recoveryId": "https://vaultname.vault.azure.net/deletedkeys/livekvtestkey65c2527c2",
        "deletedDate": 1667329773,
        "scheduledPurgeDate": 1667934573,
        "key": {
          "kid": "https://vaultname.vault.azure.net/keys/livekvtestkey65c2527c2/d56a208dd98b497099e1783cd32f440f",
          "kty": "RSA",
          "key_ops": [
            "encrypt",
            "decrypt",
            "sign",
            "verify",
            "wrapKey",
            "unwrapKey"
          ],
          "n": "xjeb-zOd6S-SU4EHIzWOjoKY8acUlHzkOqA_rcZls7OMr5SrsXzQApDxqUZeTTnqUZfWmLw_8vHnXiImmkU9USP7FYWUuP9oIXmcY1PxLZcpwH5LvOAGhIeZlvINLmwfymFTz6gBW8w2NHykeXioBRVgJ1GX0BW0PdnkThKyk3mw7Xt3cxPbHM42cjP3ihjOcV8x8D8H48KEOurX39Ujp46ny1LTCw5w2_JHIr10tPC9TeI5oqL6MD_NnzUz-Ya7ajpWRfgrABMnU2-izR-sbDQmxgv0fyHzWWSowu3t2MB3swseaQvJhSAXdKoPNwmwUDEntqzyKD0TojuQIyp2xQ",
          "e": "AQAB"
        },
        "attributes": {
          "enabled": true,
          "created": 1667329756,
          "updated": 1667329756,
          "recoveryLevel": "CustomizedRecoverable\u002BPurgeable",
          "recoverableDays": 7
        }
      }
    },
    {
      "RequestUri": "https://vaultname.vault.azure.net/deletedkeys/livekvtestkey65c2527c2?api-version=7.2",
      "RequestMethod": "GET",
      "RequestHeaders": {
        "Accept": "application/json",
        "Accept-Encoding": "gzip, deflate",
        "Connection": "keep-alive",
        "User-Agent": "azsdk-python-keyvault-keys/4.8.0b2 Python/3.10.0 (Windows-10-10.0.22621-SP0)"
      },
      "RequestBody": null,
      "StatusCode": 404,
      "ResponseHeaders": {
        "Cache-Control": "no-cache",
        "Content-Length": "90",
        "Content-Type": "application/json; charset=utf-8",
        "Date": "Tue, 01 Nov 2022 19:09:32 GMT",
        "Expires": "-1",
        "Pragma": "no-cache",
        "Strict-Transport-Security": "max-age=31536000;includeSubDomains",
        "X-Content-Type-Options": "nosniff",
        "x-ms-keyvault-network-info": "conn_type=Ipv4;addr=172.92.159.124;act_addr_fam=InterNetwork;",
        "x-ms-keyvault-rbac-assignment-id": "5405cebb-0832-59fd-b49d-3c34f062a3f5",
        "x-ms-keyvault-rbac-cache": "ra_age=14;da_age=3502;rd_age=3502;brd_age=1043;ra_notif_age=15;dec_lev=1;",
        "x-ms-keyvault-region": "canadacentral",
        "x-ms-keyvault-service-version": "1.9.576.1"
      },
      "ResponseBody": {
        "error": {
          "code": "KeyNotFound",
          "message": "Deleted Key not found: livekvtestkey65c2527c2"
        }
      }
    },
    {
      "RequestUri": "https://vaultname.vault.azure.net/deletedkeys/livekvtestkey65c2527c2?api-version=7.2",
      "RequestMethod": "GET",
      "RequestHeaders": {
        "Accept": "application/json",
        "Accept-Encoding": "gzip, deflate",
        "Connection": "keep-alive",
        "User-Agent": "azsdk-python-keyvault-keys/4.8.0b2 Python/3.10.0 (Windows-10-10.0.22621-SP0)"
      },
      "RequestBody": null,
      "StatusCode": 404,
      "ResponseHeaders": {
        "Cache-Control": "no-cache",
        "Content-Length": "90",
        "Content-Type": "application/json; charset=utf-8",
        "Date": "Tue, 01 Nov 2022 19:09:34 GMT",
        "Expires": "-1",
        "Pragma": "no-cache",
        "Strict-Transport-Security": "max-age=31536000;includeSubDomains",
        "X-Content-Type-Options": "nosniff",
        "x-ms-keyvault-network-info": "conn_type=Ipv4;addr=172.92.159.124;act_addr_fam=InterNetwork;",
        "x-ms-keyvault-rbac-assignment-id": "5405cebb-0832-59fd-b49d-3c34f062a3f5",
        "x-ms-keyvault-rbac-cache": "ra_age=2;da_age=3504;rd_age=3504;brd_age=1045;ra_notif_age=17;dec_lev=1;",
        "x-ms-keyvault-region": "canadacentral",
        "x-ms-keyvault-service-version": "1.9.576.1"
      },
      "ResponseBody": {
        "error": {
          "code": "KeyNotFound",
          "message": "Deleted Key not found: livekvtestkey65c2527c2"
        }
      }
    },
    {
      "RequestUri": "https://vaultname.vault.azure.net/deletedkeys/livekvtestkey65c2527c2?api-version=7.2",
      "RequestMethod": "GET",
      "RequestHeaders": {
        "Accept": "application/json",
        "Accept-Encoding": "gzip, deflate",
        "Connection": "keep-alive",
        "User-Agent": "azsdk-python-keyvault-keys/4.8.0b2 Python/3.10.0 (Windows-10-10.0.22621-SP0)"
      },
      "RequestBody": null,
      "StatusCode": 404,
      "ResponseHeaders": {
        "Cache-Control": "no-cache",
        "Content-Length": "90",
        "Content-Type": "application/json; charset=utf-8",
        "Date": "Tue, 01 Nov 2022 19:09:36 GMT",
        "Expires": "-1",
        "Pragma": "no-cache",
        "Strict-Transport-Security": "max-age=31536000;includeSubDomains",
        "X-Content-Type-Options": "nosniff",
        "x-ms-keyvault-network-info": "conn_type=Ipv4;addr=172.92.159.124;act_addr_fam=InterNetwork;",
        "x-ms-keyvault-rbac-assignment-id": "5405cebb-0832-59fd-b49d-3c34f062a3f5",
        "x-ms-keyvault-rbac-cache": "ra_age=4;da_age=3506;rd_age=3506;brd_age=1047;ra_notif_age=19;dec_lev=0;",
        "x-ms-keyvault-region": "canadacentral",
        "x-ms-keyvault-service-version": "1.9.576.1"
      },
      "ResponseBody": {
        "error": {
          "code": "KeyNotFound",
          "message": "Deleted Key not found: livekvtestkey65c2527c2"
        }
      }
    },
    {
      "RequestUri": "https://vaultname.vault.azure.net/deletedkeys/livekvtestkey65c2527c2?api-version=7.2",
      "RequestMethod": "GET",
      "RequestHeaders": {
        "Accept": "application/json",
        "Accept-Encoding": "gzip, deflate",
        "Connection": "keep-alive",
        "User-Agent": "azsdk-python-keyvault-keys/4.8.0b2 Python/3.10.0 (Windows-10-10.0.22621-SP0)"
      },
      "RequestBody": null,
      "StatusCode": 200,
      "ResponseHeaders": {
        "Cache-Control": "no-cache",
        "Content-Length": "837",
        "Content-Type": "application/json; charset=utf-8",
        "Date": "Tue, 01 Nov 2022 19:09:38 GMT",
        "Expires": "-1",
        "Pragma": "no-cache",
        "Strict-Transport-Security": "max-age=31536000;includeSubDomains",
        "X-Content-Type-Options": "nosniff",
        "x-ms-keyvault-network-info": "conn_type=Ipv4;addr=172.92.159.124;act_addr_fam=InterNetwork;",
        "x-ms-keyvault-rbac-assignment-id": "5405cebb-0832-59fd-b49d-3c34f062a3f5",
        "x-ms-keyvault-rbac-cache": "ra_age=6;da_age=3508;rd_age=3508;brd_age=1049;ra_notif_age=21;dec_lev=0;",
        "x-ms-keyvault-region": "canadacentral",
        "x-ms-keyvault-service-version": "1.9.576.1"
      },
      "ResponseBody": {
        "recoveryId": "https://vaultname.vault.azure.net/deletedkeys/livekvtestkey65c2527c2",
        "deletedDate": 1667329773,
        "scheduledPurgeDate": 1667934573,
        "key": {
          "kid": "https://vaultname.vault.azure.net/keys/livekvtestkey65c2527c2/d56a208dd98b497099e1783cd32f440f",
          "kty": "RSA",
          "key_ops": [
            "encrypt",
            "decrypt",
            "sign",
            "verify",
            "wrapKey",
            "unwrapKey"
          ],
          "n": "xjeb-zOd6S-SU4EHIzWOjoKY8acUlHzkOqA_rcZls7OMr5SrsXzQApDxqUZeTTnqUZfWmLw_8vHnXiImmkU9USP7FYWUuP9oIXmcY1PxLZcpwH5LvOAGhIeZlvINLmwfymFTz6gBW8w2NHykeXioBRVgJ1GX0BW0PdnkThKyk3mw7Xt3cxPbHM42cjP3ihjOcV8x8D8H48KEOurX39Ujp46ny1LTCw5w2_JHIr10tPC9TeI5oqL6MD_NnzUz-Ya7ajpWRfgrABMnU2-izR-sbDQmxgv0fyHzWWSowu3t2MB3swseaQvJhSAXdKoPNwmwUDEntqzyKD0TojuQIyp2xQ",
          "e": "AQAB"
        },
        "attributes": {
          "enabled": true,
          "created": 1667329756,
          "updated": 1667329756,
          "recoveryLevel": "CustomizedRecoverable\u002BPurgeable",
          "recoverableDays": 7
        }
      }
    },
    {
      "RequestUri": "https://vaultname.vault.azure.net/deletedkeys?api-version=7.2",
      "RequestMethod": "GET",
      "RequestHeaders": {
        "Accept": "application/json",
        "Accept-Encoding": "gzip, deflate",
        "Connection": "keep-alive",
        "User-Agent": "azsdk-python-keyvault-keys/4.8.0b2 Python/3.10.0 (Windows-10-10.0.22621-SP0)"
      },
      "RequestBody": null,
      "StatusCode": 200,
      "ResponseHeaders": {
        "Cache-Control": "no-cache",
        "Content-Length": "2841",
        "Content-Type": "application/json; charset=utf-8",
        "Date": "Tue, 01 Nov 2022 19:09:39 GMT",
        "Expires": "-1",
        "Pragma": "no-cache",
        "Strict-Transport-Security": "max-age=31536000;includeSubDomains",
        "X-Content-Type-Options": "nosniff",
        "x-ms-keyvault-network-info": "conn_type=Ipv4;addr=172.92.159.124;act_addr_fam=InterNetwork;",
        "x-ms-keyvault-rbac-assignment-id": "5405cebb-0832-59fd-b49d-3c34f062a3f5",
        "x-ms-keyvault-rbac-cache": "ra_age=6;da_age=3508;rd_age=3508;brd_age=1050;ra_notif_age=21;dec_lev=1;",
        "x-ms-keyvault-region": "canadacentral",
        "x-ms-keyvault-service-version": "1.9.576.1"
      },
      "ResponseBody": {
        "value": [
          {
            "recoveryId": "https://vaultname.vault.azure.net/deletedkeys/livekvtestkey036102d27",
            "deletedDate": 1667329634,
            "scheduledPurgeDate": 1667934434,
            "kid": "https://vaultname.vault.azure.net/keys/livekvtestkey036102d27",
            "attributes": {
              "enabled": true,
              "created": 1667329619,
              "updated": 1667329619,
              "recoveryLevel": "CustomizedRecoverable\u002BPurgeable",
              "recoverableDays": 7
            }
          },
          {
            "recoveryId": "https://vaultname.vault.azure.net/deletedkeys/livekvtestkey05c2527c2",
            "deletedDate": 1667329756,
            "scheduledPurgeDate": 1667934556,
            "kid": "https://vaultname.vault.azure.net/keys/livekvtestkey05c2527c2",
            "attributes": {
              "enabled": true,
              "created": 1667329742,
              "updated": 1667329742,
              "recoveryLevel": "CustomizedRecoverable\u002BPurgeable",
              "recoverableDays": 7
            }
          },
          {
            "recoveryId": "https://vaultname.vault.azure.net/deletedkeys/livekvtestkey0e362bd7",
            "deletedDate": 1667329575,
            "scheduledPurgeDate": 1667934375,
            "kid": "https://vaultname.vault.azure.net/keys/livekvtestkey0e362bd7",
            "attributes": {
              "enabled": true,
              "created": 1667329559,
              "updated": 1667329559,
              "recoveryLevel": "CustomizedRecoverable\u002BPurgeable",
              "recoverableDays": 7
            }
          },
          {
            "recoveryId": "https://vaultname.vault.azure.net/deletedkeys/livekvtestkey0e452bd8",
            "deletedDate": 1667329530,
            "scheduledPurgeDate": 1667934330,
            "kid": "https://vaultname.vault.azure.net/keys/livekvtestkey0e452bd8",
            "attributes": {
              "enabled": true,
              "created": 1667329516,
              "updated": 1667329516,
              "recoveryLevel": "CustomizedRecoverable\u002BPurgeable",
              "recoverableDays": 7
            }
          },
          {
            "recoveryId": "https://vaultname.vault.azure.net/deletedkeys/livekvtestkey0e542bd9",
            "deletedDate": 1667329492,
            "scheduledPurgeDate": 1667934292,
            "kid": "https://vaultname.vault.azure.net/keys/livekvtestkey0e542bd9",
            "attributes": {
              "enabled": true,
              "created": 1667329478,
              "updated": 1667329478,
              "recoveryLevel": "CustomizedRecoverable\u002BPurgeable",
              "recoverableDays": 7
            }
          },
          {
            "recoveryId": "https://vaultname.vault.azure.net/deletedkeys/livekvtestkey0e632bda",
            "deletedDate": 1667329436,
            "scheduledPurgeDate": 1667934236,
            "kid": "https://vaultname.vault.azure.net/keys/livekvtestkey0e632bda",
            "attributes": {
              "enabled": true,
              "created": 1667329422,
              "updated": 1667329422,
              "recoveryLevel": "CustomizedRecoverable\u002BPurgeable",
              "recoverableDays": 7,
              "exportable": false
            }
          },
          {
            "recoveryId": "https://vaultname.vault.azure.net/deletedkeys/livekvtestkey136102d27",
            "deletedDate": 1667329636,
            "scheduledPurgeDate": 1667934436,
            "kid": "https://vaultname.vault.azure.net/keys/livekvtestkey136102d27",
            "attributes": {
              "enabled": true,
              "created": 1667329622,
              "updated": 1667329622,
              "recoveryLevel": "CustomizedRecoverable\u002BPurgeable",
              "recoverableDays": 7
            }
          }
        ],
        "nextLink": "https://vaultname.vault.azure.net:443/deletedkeys?api-version=7.2\u0026$skiptoken=Sanitized"
      }
    },
    {
      "RequestUri": "https://vaultname.vault.azure.net/deletedkeys?api-version=7.2\u0026$skiptoken=Sanitized",
      "RequestMethod": "GET",
      "RequestHeaders": {
        "Accept": "*/*",
        "Accept-Encoding": "gzip, deflate",
        "Connection": "keep-alive",
        "User-Agent": "azsdk-python-keyvault-keys/4.8.0b2 Python/3.10.0 (Windows-10-10.0.22621-SP0)"
      },
      "RequestBody": null,
      "StatusCode": 200,
      "ResponseHeaders": {
        "Cache-Control": "no-cache",
        "Content-Length": "2426",
        "Content-Type": "application/json; charset=utf-8",
        "Date": "Tue, 01 Nov 2022 19:09:39 GMT",
        "Expires": "-1",
        "Pragma": "no-cache",
        "Strict-Transport-Security": "max-age=31536000;includeSubDomains",
        "X-Content-Type-Options": "nosniff",
        "x-ms-keyvault-network-info": "conn_type=Ipv4;addr=172.92.159.124;act_addr_fam=InterNetwork;",
        "x-ms-keyvault-rbac-assignment-id": "5405cebb-0832-59fd-b49d-3c34f062a3f5",
        "x-ms-keyvault-rbac-cache": "ra_age=6;da_age=3509;rd_age=3509;brd_age=1050;ra_notif_age=21;dec_lev=0;",
        "x-ms-keyvault-region": "canadacentral",
        "x-ms-keyvault-service-version": "1.9.576.1"
      },
      "ResponseBody": {
        "value": [
          {
            "recoveryId": "https://vaultname.vault.azure.net/deletedkeys/livekvtestkey15c2527c2",
            "deletedDate": 1667329758,
            "scheduledPurgeDate": 1667934558,
            "kid": "https://vaultname.vault.azure.net/keys/livekvtestkey15c2527c2",
            "attributes": {
              "enabled": true,
              "created": 1667329744,
              "updated": 1667329744,
              "recoveryLevel": "CustomizedRecoverable\u002BPurgeable",
              "recoverableDays": 7
            }
          },
          {
            "recoveryId": "https://vaultname.vault.azure.net/deletedkeys/livekvtestkey1e362bd7",
            "deletedDate": 1667329577,
            "scheduledPurgeDate": 1667934377,
            "kid": "https://vaultname.vault.azure.net/keys/livekvtestkey1e362bd7",
            "attributes": {
              "enabled": true,
              "created": 1667329561,
              "updated": 1667329561,
              "recoveryLevel": "CustomizedRecoverable\u002BPurgeable",
              "recoverableDays": 7
            }
          },
          {
            "recoveryId": "https://vaultname.vault.azure.net/deletedkeys/livekvtestkey1e452bd8",
            "deletedDate": 1667329532,
            "scheduledPurgeDate": 1667934332,
            "kid": "https://vaultname.vault.azure.net/keys/livekvtestkey1e452bd8",
            "attributes": {
              "enabled": true,
              "created": 1667329518,
              "updated": 1667329518,
              "recoveryLevel": "CustomizedRecoverable\u002BPurgeable",
              "recoverableDays": 7
            }
          },
          {
            "recoveryId": "https://vaultname.vault.azure.net/deletedkeys/livekvtestkey1e542bd9",
            "deletedDate": 1667329494,
            "scheduledPurgeDate": 1667934294,
            "kid": "https://vaultname.vault.azure.net/keys/livekvtestkey1e542bd9",
            "attributes": {
              "enabled": true,
              "created": 1667329480,
              "updated": 1667329480,
              "recoveryLevel": "CustomizedRecoverable\u002BPurgeable",
              "recoverableDays": 7
            }
          },
          {
            "recoveryId": "https://vaultname.vault.azure.net/deletedkeys/livekvtestkey1e632bda",
            "deletedDate": 1667329438,
            "scheduledPurgeDate": 1667934238,
            "kid": "https://vaultname.vault.azure.net/keys/livekvtestkey1e632bda",
            "attributes": {
              "enabled": true,
              "created": 1667329424,
              "updated": 1667329424,
              "recoveryLevel": "CustomizedRecoverable\u002BPurgeable",
              "recoverableDays": 7,
              "exportable": false
            }
          },
          {
            "recoveryId": "https://vaultname.vault.azure.net/deletedkeys/livekvtestkey236102d27",
            "deletedDate": 1667329638,
            "scheduledPurgeDate": 1667934438,
            "kid": "https://vaultname.vault.azure.net/keys/livekvtestkey236102d27",
            "attributes": {
              "enabled": true,
              "created": 1667329624,
              "updated": 1667329624,
              "recoveryLevel": "CustomizedRecoverable\u002BPurgeable",
              "recoverableDays": 7
            }
          }
        ],
        "nextLink": "https://vaultname.vault.azure.net:443/deletedkeys?api-version=7.2\u0026$skiptoken=Sanitized"
      }
    },
    {
      "RequestUri": "https://vaultname.vault.azure.net/deletedkeys?api-version=7.2\u0026$skiptoken=Sanitized",
      "RequestMethod": "GET",
      "RequestHeaders": {
        "Accept": "*/*",
        "Accept-Encoding": "gzip, deflate",
        "Connection": "keep-alive",
        "User-Agent": "azsdk-python-keyvault-keys/4.8.0b2 Python/3.10.0 (Windows-10-10.0.22621-SP0)"
      },
      "RequestBody": null,
      "StatusCode": 200,
      "ResponseHeaders": {
        "Cache-Control": "no-cache",
        "Content-Length": "2841",
        "Content-Type": "application/json; charset=utf-8",
        "Date": "Tue, 01 Nov 2022 19:09:39 GMT",
        "Expires": "-1",
        "Pragma": "no-cache",
        "Strict-Transport-Security": "max-age=31536000;includeSubDomains",
        "X-Content-Type-Options": "nosniff",
        "x-ms-keyvault-network-info": "conn_type=Ipv4;addr=172.92.159.124;act_addr_fam=InterNetwork;",
        "x-ms-keyvault-rbac-assignment-id": "5405cebb-0832-59fd-b49d-3c34f062a3f5",
        "x-ms-keyvault-rbac-cache": "ra_age=7;da_age=3509;rd_age=3509;brd_age=1050;ra_notif_age=22;dec_lev=0;",
        "x-ms-keyvault-region": "canadacentral",
        "x-ms-keyvault-service-version": "1.9.576.1"
      },
      "ResponseBody": {
        "value": [
          {
            "recoveryId": "https://vaultname.vault.azure.net/deletedkeys/livekvtestkey25c2527c2",
            "deletedDate": 1667329763,
            "scheduledPurgeDate": 1667934563,
            "kid": "https://vaultname.vault.azure.net/keys/livekvtestkey25c2527c2",
            "attributes": {
              "enabled": true,
              "created": 1667329747,
              "updated": 1667329747,
              "recoveryLevel": "CustomizedRecoverable\u002BPurgeable",
              "recoverableDays": 7
            }
          },
          {
            "recoveryId": "https://vaultname.vault.azure.net/deletedkeys/livekvtestkey2e362bd7",
            "deletedDate": 1667329581,
            "scheduledPurgeDate": 1667934381,
            "kid": "https://vaultname.vault.azure.net/keys/livekvtestkey2e362bd7",
            "attributes": {
              "enabled": true,
              "created": 1667329564,
              "updated": 1667329564,
              "recoveryLevel": "CustomizedRecoverable\u002BPurgeable",
              "recoverableDays": 7
            }
          },
          {
            "recoveryId": "https://vaultname.vault.azure.net/deletedkeys/livekvtestkey2e452bd8",
            "deletedDate": 1667329535,
            "scheduledPurgeDate": 1667934335,
            "kid": "https://vaultname.vault.azure.net/keys/livekvtestkey2e452bd8",
            "attributes": {
              "enabled": true,
              "created": 1667329520,
              "updated": 1667329520,
              "recoveryLevel": "CustomizedRecoverable\u002BPurgeable",
              "recoverableDays": 7
            }
          },
          {
            "recoveryId": "https://vaultname.vault.azure.net/deletedkeys/livekvtestkey2e542bd9",
            "deletedDate": 1667329496,
            "scheduledPurgeDate": 1667934296,
            "kid": "https://vaultname.vault.azure.net/keys/livekvtestkey2e542bd9",
            "attributes": {
              "enabled": true,
              "created": 1667329482,
              "updated": 1667329482,
              "recoveryLevel": "CustomizedRecoverable\u002BPurgeable",
              "recoverableDays": 7
            }
          },
          {
            "recoveryId": "https://vaultname.vault.azure.net/deletedkeys/livekvtestkey2e632bda",
            "deletedDate": 1667329441,
            "scheduledPurgeDate": 1667934241,
            "kid": "https://vaultname.vault.azure.net/keys/livekvtestkey2e632bda",
            "attributes": {
              "enabled": true,
              "created": 1667329427,
              "updated": 1667329427,
              "recoveryLevel": "CustomizedRecoverable\u002BPurgeable",
              "recoverableDays": 7,
              "exportable": false
            }
          },
          {
            "recoveryId": "https://vaultname.vault.azure.net/deletedkeys/livekvtestkey336102d27",
            "deletedDate": 1667329641,
            "scheduledPurgeDate": 1667934441,
            "kid": "https://vaultname.vault.azure.net/keys/livekvtestkey336102d27",
            "attributes": {
              "enabled": true,
              "created": 1667329626,
              "updated": 1667329626,
              "recoveryLevel": "CustomizedRecoverable\u002BPurgeable",
              "recoverableDays": 7
            }
          },
          {
            "recoveryId": "https://vaultname.vault.azure.net/deletedkeys/livekvtestkey35c2527c2",
            "deletedDate": 1667329765,
            "scheduledPurgeDate": 1667934565,
            "kid": "https://vaultname.vault.azure.net/keys/livekvtestkey35c2527c2",
            "attributes": {
              "enabled": true,
              "created": 1667329749,
              "updated": 1667329749,
              "recoveryLevel": "CustomizedRecoverable\u002BPurgeable",
              "recoverableDays": 7
            }
          }
        ],
        "nextLink": "https://vaultname.vault.azure.net:443/deletedkeys?api-version=7.2\u0026$skiptoken=Sanitized"
      }
    },
    {
      "RequestUri": "https://vaultname.vault.azure.net/deletedkeys?api-version=7.2\u0026$skiptoken=Sanitized",
      "RequestMethod": "GET",
      "RequestHeaders": {
        "Accept": "*/*",
        "Accept-Encoding": "gzip, deflate",
        "Connection": "keep-alive",
        "User-Agent": "azsdk-python-keyvault-keys/4.8.0b2 Python/3.10.0 (Windows-10-10.0.22621-SP0)"
      },
      "RequestBody": null,
      "StatusCode": 200,
      "ResponseHeaders": {
        "Cache-Control": "no-cache",
        "Content-Length": "2426",
        "Content-Type": "application/json; charset=utf-8",
        "Date": "Tue, 01 Nov 2022 19:09:39 GMT",
        "Expires": "-1",
        "Pragma": "no-cache",
        "Strict-Transport-Security": "max-age=31536000;includeSubDomains",
        "X-Content-Type-Options": "nosniff",
        "x-ms-keyvault-network-info": "conn_type=Ipv4;addr=172.92.159.124;act_addr_fam=InterNetwork;",
        "x-ms-keyvault-rbac-assignment-id": "5405cebb-0832-59fd-b49d-3c34f062a3f5",
        "x-ms-keyvault-rbac-cache": "ra_age=7;da_age=3509;rd_age=3509;brd_age=1050;ra_notif_age=22;dec_lev=0;",
        "x-ms-keyvault-region": "canadacentral",
        "x-ms-keyvault-service-version": "1.9.576.1"
      },
      "ResponseBody": {
        "value": [
          {
            "recoveryId": "https://vaultname.vault.azure.net/deletedkeys/livekvtestkey3e362bd7",
            "deletedDate": 1667329586,
            "scheduledPurgeDate": 1667934386,
            "kid": "https://vaultname.vault.azure.net/keys/livekvtestkey3e362bd7",
            "attributes": {
              "enabled": true,
              "created": 1667329566,
              "updated": 1667329566,
              "recoveryLevel": "CustomizedRecoverable\u002BPurgeable",
              "recoverableDays": 7
            }
          },
          {
            "recoveryId": "https://vaultname.vault.azure.net/deletedkeys/livekvtestkey3e452bd8",
            "deletedDate": 1667329539,
            "scheduledPurgeDate": 1667934339,
            "kid": "https://vaultname.vault.azure.net/keys/livekvtestkey3e452bd8",
            "attributes": {
              "enabled": true,
              "created": 1667329523,
              "updated": 1667329523,
              "recoveryLevel": "CustomizedRecoverable\u002BPurgeable",
              "recoverableDays": 7
            }
          },
          {
            "recoveryId": "https://vaultname.vault.azure.net/deletedkeys/livekvtestkey3e542bd9",
            "deletedDate": 1667329499,
            "scheduledPurgeDate": 1667934299,
            "kid": "https://vaultname.vault.azure.net/keys/livekvtestkey3e542bd9",
            "attributes": {
              "enabled": true,
              "created": 1667329485,
              "updated": 1667329485,
              "recoveryLevel": "CustomizedRecoverable\u002BPurgeable",
              "recoverableDays": 7
            }
          },
          {
            "recoveryId": "https://vaultname.vault.azure.net/deletedkeys/livekvtestkey3e632bda",
            "deletedDate": 1667329443,
            "scheduledPurgeDate": 1667934243,
            "kid": "https://vaultname.vault.azure.net/keys/livekvtestkey3e632bda",
            "attributes": {
              "enabled": true,
              "created": 1667329429,
              "updated": 1667329429,
              "recoveryLevel": "CustomizedRecoverable\u002BPurgeable",
              "recoverableDays": 7,
              "exportable": false
            }
          },
          {
            "recoveryId": "https://vaultname.vault.azure.net/deletedkeys/livekvtestkey436102d27",
            "deletedDate": 1667329645,
            "scheduledPurgeDate": 1667934445,
            "kid": "https://vaultname.vault.azure.net/keys/livekvtestkey436102d27",
            "attributes": {
              "enabled": true,
              "created": 1667329628,
              "updated": 1667329628,
              "recoveryLevel": "CustomizedRecoverable\u002BPurgeable",
              "recoverableDays": 7
            }
          },
          {
            "recoveryId": "https://vaultname.vault.azure.net/deletedkeys/livekvtestkey45c2527c2",
            "deletedDate": 1667329768,
            "scheduledPurgeDate": 1667934568,
            "kid": "https://vaultname.vault.azure.net/keys/livekvtestkey45c2527c2",
            "attributes": {
              "enabled": true,
              "created": 1667329751,
              "updated": 1667329751,
              "recoveryLevel": "CustomizedRecoverable\u002BPurgeable",
              "recoverableDays": 7
            }
          }
        ],
        "nextLink": "https://vaultname.vault.azure.net:443/deletedkeys?api-version=7.2\u0026$skiptoken=Sanitized"
      }
    },
    {
      "RequestUri": "https://vaultname.vault.azure.net/deletedkeys?api-version=7.2\u0026$skiptoken=Sanitized",
      "RequestMethod": "GET",
      "RequestHeaders": {
        "Accept": "*/*",
        "Accept-Encoding": "gzip, deflate",
        "Connection": "keep-alive",
        "User-Agent": "azsdk-python-keyvault-keys/4.8.0b2 Python/3.10.0 (Windows-10-10.0.22621-SP0)"
      },
      "RequestBody": null,
      "StatusCode": 200,
      "ResponseHeaders": {
        "Cache-Control": "no-cache",
        "Content-Length": "2486",
        "Content-Type": "application/json; charset=utf-8",
        "Date": "Tue, 01 Nov 2022 19:09:40 GMT",
        "Expires": "-1",
        "Pragma": "no-cache",
        "Strict-Transport-Security": "max-age=31536000;includeSubDomains",
        "X-Content-Type-Options": "nosniff",
        "x-ms-keyvault-network-info": "conn_type=Ipv4;addr=172.92.159.124;act_addr_fam=InterNetwork;",
        "x-ms-keyvault-rbac-assignment-id": "5405cebb-0832-59fd-b49d-3c34f062a3f5",
        "x-ms-keyvault-rbac-cache": "ra_age=7;da_age=3509;rd_age=3509;brd_age=1051;ra_notif_age=22;dec_lev=0;",
        "x-ms-keyvault-region": "canadacentral",
        "x-ms-keyvault-service-version": "1.9.576.1"
      },
      "ResponseBody": {
        "value": [
          {
            "recoveryId": "https://vaultname.vault.azure.net/deletedkeys/livekvtestkey4e362bd7",
            "deletedDate": 1667329590,
            "scheduledPurgeDate": 1667934390,
            "kid": "https://vaultname.vault.azure.net/keys/livekvtestkey4e362bd7",
            "attributes": {
              "enabled": true,
              "created": 1667329568,
              "updated": 1667329568,
              "recoveryLevel": "CustomizedRecoverable\u002BPurgeable",
              "recoverableDays": 7
            }
          },
          {
            "recoveryId": "https://vaultname.vault.azure.net/deletedkeys/livekvtestkey4e452bd8",
            "deletedDate": 1667329544,
            "scheduledPurgeDate": 1667934344,
            "kid": "https://vaultname.vault.azure.net/keys/livekvtestkey4e452bd8",
            "attributes": {
              "enabled": true,
              "created": 1667329525,
              "updated": 1667329525,
              "recoveryLevel": "CustomizedRecoverable\u002BPurgeable",
              "recoverableDays": 7
            }
          },
          {
            "recoveryId": "https://vaultname.vault.azure.net/deletedkeys/livekvtestkey4e542bd9",
            "deletedDate": 1667329501,
            "scheduledPurgeDate": 1667934301,
            "kid": "https://vaultname.vault.azure.net/keys/livekvtestkey4e542bd9",
            "attributes": {
              "enabled": true,
              "created": 1667329487,
              "updated": 1667329487,
              "recoveryLevel": "CustomizedRecoverable\u002BPurgeable",
              "recoverableDays": 7
            }
          },
          {
            "recoveryId": "https://vaultname.vault.azure.net/deletedkeys/livekvtestkey4e632bda",
            "deletedDate": 1667329445,
            "scheduledPurgeDate": 1667934245,
            "kid": "https://vaultname.vault.azure.net/keys/livekvtestkey4e632bda",
            "attributes": {
              "enabled": true,
              "created": 1667329431,
              "updated": 1667329431,
              "recoveryLevel": "CustomizedRecoverable\u002BPurgeable",
              "recoverableDays": 7,
              "exportable": false
            }
          },
          {
            "recoveryId": "https://vaultname.vault.azure.net/deletedkeys/livekvtestkey536102d27",
            "deletedDate": 1667329648,
            "scheduledPurgeDate": 1667934448,
            "kid": "https://vaultname.vault.azure.net/keys/livekvtestkey536102d27",
            "attributes": {
              "enabled": true,
              "created": 1667329631,
              "updated": 1667329631,
              "recoveryLevel": "CustomizedRecoverable\u002BPurgeable",
              "recoverableDays": 7
            }
          },
          {
            "recoveryId": "https://vaultname.vault.azure.net/deletedkeys/livekvtestkey55c2527c2",
            "deletedDate": 1667329770,
            "scheduledPurgeDate": 1667934570,
            "kid": "https://vaultname.vault.azure.net/keys/livekvtestkey55c2527c2",
            "attributes": {
              "enabled": true,
              "created": 1667329754,
              "updated": 1667329754,
              "recoveryLevel": "CustomizedRecoverable\u002BPurgeable",
              "recoverableDays": 7
            }
          }
        ],
        "nextLink": "https://vaultname.vault.azure.net:443/deletedkeys?api-version=7.2\u0026$skiptoken=Sanitized"
      }
    },
    {
      "RequestUri": "https://vaultname.vault.azure.net/deletedkeys?api-version=7.2\u0026$skiptoken=Sanitized",
      "RequestMethod": "GET",
      "RequestHeaders": {
        "Accept": "*/*",
        "Accept-Encoding": "gzip, deflate",
        "Connection": "keep-alive",
        "User-Agent": "azsdk-python-keyvault-keys/4.8.0b2 Python/3.10.0 (Windows-10-10.0.22621-SP0)"
      },
      "RequestBody": null,
      "StatusCode": 200,
      "ResponseHeaders": {
        "Cache-Control": "no-cache",
        "Content-Length": "2426",
        "Content-Type": "application/json; charset=utf-8",
        "Date": "Tue, 01 Nov 2022 19:09:40 GMT",
        "Expires": "-1",
        "Pragma": "no-cache",
        "Strict-Transport-Security": "max-age=31536000;includeSubDomains",
        "X-Content-Type-Options": "nosniff",
        "x-ms-keyvault-network-info": "conn_type=Ipv4;addr=172.92.159.124;act_addr_fam=InterNetwork;",
        "x-ms-keyvault-rbac-assignment-id": "5405cebb-0832-59fd-b49d-3c34f062a3f5",
        "x-ms-keyvault-rbac-cache": "ra_age=7;da_age=3510;rd_age=3510;brd_age=1051;ra_notif_age=23;dec_lev=0;",
        "x-ms-keyvault-region": "canadacentral",
        "x-ms-keyvault-service-version": "1.9.576.1"
      },
      "ResponseBody": {
        "value": [
          {
            "recoveryId": "https://vaultname.vault.azure.net/deletedkeys/livekvtestkey5e362bd7",
            "deletedDate": 1667329593,
            "scheduledPurgeDate": 1667934393,
            "kid": "https://vaultname.vault.azure.net/keys/livekvtestkey5e362bd7",
            "attributes": {
              "enabled": true,
              "created": 1667329571,
              "updated": 1667329571,
              "recoveryLevel": "CustomizedRecoverable\u002BPurgeable",
              "recoverableDays": 7
            }
          },
          {
            "recoveryId": "https://vaultname.vault.azure.net/deletedkeys/livekvtestkey5e452bd8",
            "deletedDate": 1667329547,
            "scheduledPurgeDate": 1667934347,
            "kid": "https://vaultname.vault.azure.net/keys/livekvtestkey5e452bd8",
            "attributes": {
              "enabled": true,
              "created": 1667329527,
              "updated": 1667329527,
              "recoveryLevel": "CustomizedRecoverable\u002BPurgeable",
              "recoverableDays": 7
            }
          },
          {
            "recoveryId": "https://vaultname.vault.azure.net/deletedkeys/livekvtestkey5e542bd9",
            "deletedDate": 1667329503,
            "scheduledPurgeDate": 1667934303,
            "kid": "https://vaultname.vault.azure.net/keys/livekvtestkey5e542bd9",
            "attributes": {
              "enabled": true,
              "created": 1667329489,
              "updated": 1667329489,
              "recoveryLevel": "CustomizedRecoverable\u002BPurgeable",
              "recoverableDays": 7
            }
          },
          {
            "recoveryId": "https://vaultname.vault.azure.net/deletedkeys/livekvtestkey5e632bda",
            "deletedDate": 1667329448,
            "scheduledPurgeDate": 1667934248,
            "kid": "https://vaultname.vault.azure.net/keys/livekvtestkey5e632bda",
            "attributes": {
              "enabled": true,
              "created": 1667329433,
              "updated": 1667329433,
              "recoveryLevel": "CustomizedRecoverable\u002BPurgeable",
              "recoverableDays": 7,
              "exportable": false
            }
          },
          {
            "recoveryId": "https://vaultname.vault.azure.net/deletedkeys/livekvtestkey636102d27",
            "deletedDate": 1667329650,
            "scheduledPurgeDate": 1667934450,
            "kid": "https://vaultname.vault.azure.net/keys/livekvtestkey636102d27",
            "attributes": {
              "enabled": true,
              "created": 1667329633,
              "updated": 1667329633,
              "recoveryLevel": "CustomizedRecoverable\u002BPurgeable",
              "recoverableDays": 7
            }
          },
          {
            "recoveryId": "https://vaultname.vault.azure.net/deletedkeys/livekvtestkey65c2527c2",
            "deletedDate": 1667329773,
            "scheduledPurgeDate": 1667934573,
            "kid": "https://vaultname.vault.azure.net/keys/livekvtestkey65c2527c2",
            "attributes": {
              "enabled": true,
              "created": 1667329756,
              "updated": 1667329756,
              "recoveryLevel": "CustomizedRecoverable\u002BPurgeable",
              "recoverableDays": 7
            }
          }
        ],
        "nextLink": "https://vaultname.vault.azure.net:443/deletedkeys?api-version=7.2\u0026$skiptoken=Sanitized"
      }
    },
    {
      "RequestUri": "https://vaultname.vault.azure.net/deletedkeys?api-version=7.2\u0026$skiptoken=Sanitized",
      "RequestMethod": "GET",
      "RequestHeaders": {
        "Accept": "*/*",
        "Accept-Encoding": "gzip, deflate",
        "Connection": "keep-alive",
        "User-Agent": "azsdk-python-keyvault-keys/4.8.0b2 Python/3.10.0 (Windows-10-10.0.22621-SP0)"
      },
      "RequestBody": null,
      "StatusCode": 200,
      "ResponseHeaders": {
        "Cache-Control": "no-cache",
        "Content-Length": "1781",
        "Content-Type": "application/json; charset=utf-8",
        "Date": "Tue, 01 Nov 2022 19:09:40 GMT",
        "Expires": "-1",
        "Pragma": "no-cache",
        "Strict-Transport-Security": "max-age=31536000;includeSubDomains",
        "X-Content-Type-Options": "nosniff",
        "x-ms-keyvault-network-info": "conn_type=Ipv4;addr=172.92.159.124;act_addr_fam=InterNetwork;",
        "x-ms-keyvault-rbac-assignment-id": "5405cebb-0832-59fd-b49d-3c34f062a3f5",
        "x-ms-keyvault-rbac-cache": "ra_age=8;da_age=3510;rd_age=3510;brd_age=1051;ra_notif_age=23;dec_lev=0;",
        "x-ms-keyvault-region": "canadacentral",
        "x-ms-keyvault-service-version": "1.9.576.1"
      },
      "ResponseBody": {
        "value": [
          {
            "recoveryId": "https://vaultname.vault.azure.net/deletedkeys/livekvtestkey6e362bd7",
            "deletedDate": 1667329595,
            "scheduledPurgeDate": 1667934395,
            "kid": "https://vaultname.vault.azure.net/keys/livekvtestkey6e362bd7",
            "attributes": {
              "enabled": true,
              "created": 1667329574,
              "updated": 1667329574,
              "recoveryLevel": "CustomizedRecoverable\u002BPurgeable",
              "recoverableDays": 7
            }
          },
          {
            "recoveryId": "https://vaultname.vault.azure.net/deletedkeys/livekvtestkey6e452bd8",
            "deletedDate": 1667329549,
            "scheduledPurgeDate": 1667934349,
            "kid": "https://vaultname.vault.azure.net/keys/livekvtestkey6e452bd8",
            "attributes": {
              "enabled": true,
              "created": 1667329529,
              "updated": 1667329529,
              "recoveryLevel": "CustomizedRecoverable\u002BPurgeable",
              "recoverableDays": 7
            }
          },
          {
            "recoveryId": "https://vaultname.vault.azure.net/deletedkeys/livekvtestkey6e542bd9",
            "deletedDate": 1667329506,
            "scheduledPurgeDate": 1667934306,
            "kid": "https://vaultname.vault.azure.net/keys/livekvtestkey6e542bd9",
            "attributes": {
              "enabled": true,
              "created": 1667329491,
              "updated": 1667329491,
              "recoveryLevel": "CustomizedRecoverable\u002BPurgeable",
              "recoverableDays": 7
            }
          },
          {
            "recoveryId": "https://vaultname.vault.azure.net/deletedkeys/livekvtestkey6e632bda",
            "deletedDate": 1667329451,
            "scheduledPurgeDate": 1667934251,
            "kid": "https://vaultname.vault.azure.net/keys/livekvtestkey6e632bda",
            "attributes": {
              "enabled": true,
              "created": 1667329436,
              "updated": 1667329436,
              "recoveryLevel": "CustomizedRecoverable\u002BPurgeable",
              "recoverableDays": 7,
              "exportable": false
            }
          }
        ],
        "nextLink": "https://vaultname.vault.azure.net:443/deletedkeys?api-version=7.2\u0026$skiptoken=Sanitized"
      }
    },
    {
      "RequestUri": "https://vaultname.vault.azure.net/deletedkeys?api-version=7.2\u0026$skiptoken=Sanitized",
      "RequestMethod": "GET",
      "RequestHeaders": {
        "Accept": "*/*",
        "Accept-Encoding": "gzip, deflate",
        "Connection": "keep-alive",
        "User-Agent": "azsdk-python-keyvault-keys/4.8.0b2 Python/3.10.0 (Windows-10-10.0.22621-SP0)"
      },
      "RequestBody": null,
      "StatusCode": 200,
      "ResponseHeaders": {
        "Cache-Control": "no-cache",
        "Content-Length": "28",
        "Content-Type": "application/json; charset=utf-8",
        "Date": "Tue, 01 Nov 2022 19:09:40 GMT",
        "Expires": "-1",
        "Pragma": "no-cache",
        "Strict-Transport-Security": "max-age=31536000;includeSubDomains",
        "X-Content-Type-Options": "nosniff",
        "x-ms-keyvault-network-info": "conn_type=Ipv4;addr=172.92.159.124;act_addr_fam=InterNetwork;",
        "x-ms-keyvault-rbac-assignment-id": "5405cebb-0832-59fd-b49d-3c34f062a3f5",
        "x-ms-keyvault-rbac-cache": "ra_age=8;da_age=3510;rd_age=3510;brd_age=1051;ra_notif_age=23;dec_lev=0;",
        "x-ms-keyvault-region": "canadacentral",
        "x-ms-keyvault-service-version": "1.9.576.1"
      },
      "ResponseBody": {
        "value": [],
        "nextLink": null
      }
    },
    {
      "RequestUri": "https://vaultname.vault.azure.net/deletedkeys/livekvtestkey05c2527c2/recover?api-version=7.2",
      "RequestMethod": "POST",
      "RequestHeaders": {
        "Accept": "application/json",
        "Accept-Encoding": "gzip, deflate",
        "Connection": "keep-alive",
        "Content-Length": "0",
        "User-Agent": "azsdk-python-keyvault-keys/4.8.0b2 Python/3.10.0 (Windows-10-10.0.22621-SP0)"
      },
      "RequestBody": null,
      "StatusCode": 200,
      "ResponseHeaders": {
        "Cache-Control": "no-cache",
        "Content-Length": "696",
        "Content-Type": "application/json; charset=utf-8",
        "Date": "Tue, 01 Nov 2022 19:09:40 GMT",
        "Expires": "-1",
        "Pragma": "no-cache",
        "Strict-Transport-Security": "max-age=31536000;includeSubDomains",
        "X-Content-Type-Options": "nosniff",
        "x-ms-keyvault-network-info": "conn_type=Ipv4;addr=172.92.159.124;act_addr_fam=InterNetwork;",
        "x-ms-keyvault-rbac-assignment-id": "5405cebb-0832-59fd-b49d-3c34f062a3f5",
        "x-ms-keyvault-rbac-cache": "ra_age=8;da_age=3510;rd_age=3510;brd_age=1051;ra_notif_age=23;dec_lev=1;",
        "x-ms-keyvault-region": "canadacentral",
        "x-ms-keyvault-service-version": "1.9.576.1"
      },
      "ResponseBody": {
        "key": {
          "kid": "https://vaultname.vault.azure.net/keys/livekvtestkey05c2527c2/a78c5739172c474f995e1a0cf313427c",
          "kty": "RSA",
          "key_ops": [
            "encrypt",
            "decrypt",
            "sign",
            "verify",
            "wrapKey",
            "unwrapKey"
          ],
          "n": "mVZ58P_EhurBpKZzUlGLbiLUiu4LLwBV0jzzRDz29C_IUfcRL9VGqAxn2-1FU8csdfdaj-s6aCBY_CyPqI2LOZatG1LQW6S09tDJ1lpZBEbhlchDCiaueLoLG5C1MrJZRdm9I277aE3GrR3E3_EIV2dRSRxW1gRJM3Yg7x77GCgxN0fIBi-AbS7PxJJXlvk6_NS2mB3WP9bN_MRCUNpHEQmAazkxDMRbYa-m6Lu2pAaYUR2syn0PvrA_blsVKUQWyRuqewGeYQaUbHK0eOPgdUGDxLh5q1kEiAwrMJiFu0cfyrBRAOmfM7EtHragklicqQU13-XQP-f18M-Uc2M0OQ",
          "e": "AQAB"
        },
        "attributes": {
          "enabled": true,
          "created": 1667329742,
          "updated": 1667329742,
          "recoveryLevel": "CustomizedRecoverable\u002BPurgeable",
          "recoverableDays": 7
        }
      }
    },
    {
      "RequestUri": "https://vaultname.vault.azure.net/deletedkeys/livekvtestkey15c2527c2/recover?api-version=7.2",
      "RequestMethod": "POST",
      "RequestHeaders": {
        "Accept": "application/json",
        "Accept-Encoding": "gzip, deflate",
        "Connection": "keep-alive",
        "Content-Length": "0",
        "User-Agent": "azsdk-python-keyvault-keys/4.8.0b2 Python/3.10.0 (Windows-10-10.0.22621-SP0)"
      },
      "RequestBody": null,
      "StatusCode": 200,
      "ResponseHeaders": {
        "Cache-Control": "no-cache",
        "Content-Length": "696",
        "Content-Type": "application/json; charset=utf-8",
        "Date": "Tue, 01 Nov 2022 19:09:41 GMT",
        "Expires": "-1",
        "Pragma": "no-cache",
        "Strict-Transport-Security": "max-age=31536000;includeSubDomains",
        "X-Content-Type-Options": "nosniff",
        "x-ms-keyvault-network-info": "conn_type=Ipv4;addr=172.92.159.124;act_addr_fam=InterNetwork;",
        "x-ms-keyvault-rbac-assignment-id": "5405cebb-0832-59fd-b49d-3c34f062a3f5",
        "x-ms-keyvault-rbac-cache": "ra_age=8;da_age=3510;rd_age=3510;brd_age=1052;ra_notif_age=23;dec_lev=1;",
        "x-ms-keyvault-region": "canadacentral",
        "x-ms-keyvault-service-version": "1.9.576.1"
      },
      "ResponseBody": {
        "key": {
          "kid": "https://vaultname.vault.azure.net/keys/livekvtestkey15c2527c2/5bf2be5763b24a06b820f380f943817b",
          "kty": "RSA",
          "key_ops": [
            "encrypt",
            "decrypt",
            "sign",
            "verify",
            "wrapKey",
            "unwrapKey"
          ],
          "n": "vyDWhIJ8IXd9tMS2iEuIfKC7Gp6Nvr1koI4Su9ySrSPdeYbpvm8-B1zmsnNJVf8dpQd9n0Y9RMNBD6BntSQYjEjpOEdCWacEKcKlZQKFtotN57EiU9BX9INjPpOaUf4_015j-8-h-VjaIvPpVSdRwkzeQSu_bV1WImGy4prkAG0Hdma6n3jw_m64hoylNqIsE8MRaMhIAgmsXA5R-DXT9jE0Czr1DP092TTIXBgg4ZsJGtpylux5NjRV-asum4HF8r8xk6JZJxXmftnZOHnoQMS1Nt6E0FTsXcRzL85_Vh-qLeAmaiu-wI-U2aRyJCkwO51Xx5dO-IyxrjjoAl-eLQ",
          "e": "AQAB"
        },
        "attributes": {
          "enabled": true,
          "created": 1667329744,
          "updated": 1667329744,
          "recoveryLevel": "CustomizedRecoverable\u002BPurgeable",
          "recoverableDays": 7
        }
      }
    },
    {
      "RequestUri": "https://vaultname.vault.azure.net/deletedkeys/livekvtestkey25c2527c2/recover?api-version=7.2",
      "RequestMethod": "POST",
      "RequestHeaders": {
        "Accept": "application/json",
        "Accept-Encoding": "gzip, deflate",
        "Connection": "keep-alive",
        "Content-Length": "0",
        "User-Agent": "azsdk-python-keyvault-keys/4.8.0b2 Python/3.10.0 (Windows-10-10.0.22621-SP0)"
      },
      "RequestBody": null,
      "StatusCode": 200,
      "ResponseHeaders": {
        "Cache-Control": "no-cache",
        "Content-Length": "696",
        "Content-Type": "application/json; charset=utf-8",
        "Date": "Tue, 01 Nov 2022 19:09:41 GMT",
        "Expires": "-1",
        "Pragma": "no-cache",
        "Strict-Transport-Security": "max-age=31536000;includeSubDomains",
        "X-Content-Type-Options": "nosniff",
        "x-ms-keyvault-network-info": "conn_type=Ipv4;addr=172.92.159.124;act_addr_fam=InterNetwork;",
        "x-ms-keyvault-rbac-assignment-id": "5405cebb-0832-59fd-b49d-3c34f062a3f5",
        "x-ms-keyvault-rbac-cache": "ra_age=8;da_age=3511;rd_age=3511;brd_age=1052;ra_notif_age=24;dec_lev=1;",
        "x-ms-keyvault-region": "canadacentral",
        "x-ms-keyvault-service-version": "1.9.576.1"
      },
      "ResponseBody": {
        "key": {
          "kid": "https://vaultname.vault.azure.net/keys/livekvtestkey25c2527c2/de461b84d5d649a9a889548248a56916",
          "kty": "RSA",
          "key_ops": [
            "encrypt",
            "decrypt",
            "sign",
            "verify",
            "wrapKey",
            "unwrapKey"
          ],
          "n": "s-cj0W3cEfV7t5Y6iYjDujgNwwbXNmmJdl8rfJ2-cY3rEUtLE-3sDrCLQltATFti2PutchTHSBJn3cWwmXXgP4ckoaPkuaOh5743Ou2ZZsasjXLCvGSAzE1msGuuE8CgPdt4gZbJVrZh2YopfS68ib8UiaLUJBqhuj1DkibyR3QyVtLHZjc2Ct45m04JX_abp75vaW8HdGVISdPKZVt8qtqO44eHnebYHEDPvgrvjBbsIbofaC-_7Fos4S0pVn193i7OeoEggC56tC7NBWcax5tadKWnEOn8ZK1wqq0nHh1_cHfuAp8435iaBubHULfkfRqfAgznU12_ZNkLmYrMbQ",
          "e": "AQAB"
        },
        "attributes": {
          "enabled": true,
          "created": 1667329747,
          "updated": 1667329747,
          "recoveryLevel": "CustomizedRecoverable\u002BPurgeable",
          "recoverableDays": 7
        }
      }
    },
    {
      "RequestUri": "https://vaultname.vault.azure.net/deletedkeys/livekvtestkey35c2527c2/recover?api-version=7.2",
      "RequestMethod": "POST",
      "RequestHeaders": {
        "Accept": "application/json",
        "Accept-Encoding": "gzip, deflate",
        "Connection": "keep-alive",
        "Content-Length": "0",
        "User-Agent": "azsdk-python-keyvault-keys/4.8.0b2 Python/3.10.0 (Windows-10-10.0.22621-SP0)"
      },
      "RequestBody": null,
      "StatusCode": 200,
      "ResponseHeaders": {
        "Cache-Control": "no-cache",
        "Content-Length": "696",
        "Content-Type": "application/json; charset=utf-8",
        "Date": "Tue, 01 Nov 2022 19:09:41 GMT",
        "Expires": "-1",
        "Pragma": "no-cache",
        "Strict-Transport-Security": "max-age=31536000;includeSubDomains",
        "X-Content-Type-Options": "nosniff",
        "x-ms-keyvault-network-info": "conn_type=Ipv4;addr=172.92.159.124;act_addr_fam=InterNetwork;",
        "x-ms-keyvault-rbac-assignment-id": "5405cebb-0832-59fd-b49d-3c34f062a3f5",
        "x-ms-keyvault-rbac-cache": "ra_age=9;da_age=3511;rd_age=3511;brd_age=1052;ra_notif_age=24;dec_lev=1;",
        "x-ms-keyvault-region": "canadacentral",
        "x-ms-keyvault-service-version": "1.9.576.1"
      },
      "ResponseBody": {
        "key": {
          "kid": "https://vaultname.vault.azure.net/keys/livekvtestkey35c2527c2/b6f5f8479a82492e83b4a12f62d1206f",
          "kty": "RSA",
          "key_ops": [
            "encrypt",
            "decrypt",
            "sign",
            "verify",
            "wrapKey",
            "unwrapKey"
          ],
          "n": "zKDQIptBhnFo6nmBksUG7ccnbzwqTNtzmhE3FU_L56wOPcqHrx6VAajOP4Ec7VlRX-b9PCz0mtMgyseuioAHuV-Px64hrTOHMfaJpKEg_OElfHNuqxOQU1BMugMYmgGuP3zMs9FKyq_lKCwqnCPdRgTsPay0D-3waS6zXAYJ-R4EuH2-h70Doo07CdfATWr2ssyMbs3jsc4AiDHpst9-Cexp6LrlfZ83sVbPitoa-xRN3oWiUC_-NcqGliXzfLTddcXe7ViFiMBikUIaYoN9SyZup4JO7UVdsyKZ7XRDz8dTkktaV8SDxcnBh1frv3MS-ykyVG6tIGrzcAvqYnqE9Q",
          "e": "AQAB"
        },
        "attributes": {
          "enabled": true,
          "created": 1667329749,
          "updated": 1667329749,
          "recoveryLevel": "CustomizedRecoverable\u002BPurgeable",
          "recoverableDays": 7
        }
      }
    },
    {
      "RequestUri": "https://vaultname.vault.azure.net/deletedkeys/livekvtestkey45c2527c2/recover?api-version=7.2",
      "RequestMethod": "POST",
      "RequestHeaders": {
        "Accept": "application/json",
        "Accept-Encoding": "gzip, deflate",
        "Connection": "keep-alive",
        "Content-Length": "0",
        "User-Agent": "azsdk-python-keyvault-keys/4.8.0b2 Python/3.10.0 (Windows-10-10.0.22621-SP0)"
      },
      "RequestBody": null,
      "StatusCode": 200,
      "ResponseHeaders": {
        "Cache-Control": "no-cache",
        "Content-Length": "696",
        "Content-Type": "application/json; charset=utf-8",
        "Date": "Tue, 01 Nov 2022 19:09:41 GMT",
        "Expires": "-1",
        "Pragma": "no-cache",
        "Strict-Transport-Security": "max-age=31536000;includeSubDomains",
        "X-Content-Type-Options": "nosniff",
        "x-ms-keyvault-network-info": "conn_type=Ipv4;addr=172.92.159.124;act_addr_fam=InterNetwork;",
        "x-ms-keyvault-rbac-assignment-id": "5405cebb-0832-59fd-b49d-3c34f062a3f5",
        "x-ms-keyvault-rbac-cache": "ra_age=9;da_age=3511;rd_age=3511;brd_age=1052;ra_notif_age=24;dec_lev=1;",
        "x-ms-keyvault-region": "canadacentral",
        "x-ms-keyvault-service-version": "1.9.576.1"
      },
      "ResponseBody": {
        "key": {
          "kid": "https://vaultname.vault.azure.net/keys/livekvtestkey45c2527c2/0741ae9657b7491fbb14665c05b9c821",
          "kty": "RSA",
          "key_ops": [
            "encrypt",
            "decrypt",
            "sign",
            "verify",
            "wrapKey",
            "unwrapKey"
          ],
          "n": "2oJOdqzM3rOqMUoXqLSaBLo5VZM6HzgqDPlC3xIgb8Kn-75kVCMxteAaF1hidV72KAg18PHXvqymvlRvdQ0Ooih1AFLRYpuVW9lg_MYD3esG0ubuc_YJfWB8rjiRy8Ol9LILJ0VJQW-ZrFs25AgpLnYsmz2aktY6pw1aRbgoVvwSsRiSwxxFVy7VZDd1Ze5QmX1tG7flHlPTjDnQbaiBU_JXCcxaxD9Y5KXvN25soC13sHjtAf5W2xrsYkiCkl3-1IMSx0jeft2UZQzPBotfk7ZxWvf2r2Ag9smDVj9nix5mhxfWc5KCddQlJMpVPhn2bF-cReS7Axp8ZR_WVzHKiQ",
          "e": "AQAB"
        },
        "attributes": {
          "enabled": true,
          "created": 1667329751,
          "updated": 1667329751,
          "recoveryLevel": "CustomizedRecoverable\u002BPurgeable",
          "recoverableDays": 7
        }
      }
    },
    {
      "RequestUri": "https://vaultname.vault.azure.net/deletedkeys/livekvtestkey55c2527c2/recover?api-version=7.2",
      "RequestMethod": "POST",
      "RequestHeaders": {
        "Accept": "application/json",
        "Accept-Encoding": "gzip, deflate",
        "Connection": "keep-alive",
        "Content-Length": "0",
        "User-Agent": "azsdk-python-keyvault-keys/4.8.0b2 Python/3.10.0 (Windows-10-10.0.22621-SP0)"
      },
      "RequestBody": null,
      "StatusCode": 200,
      "ResponseHeaders": {
        "Cache-Control": "no-cache",
        "Content-Length": "696",
        "Content-Type": "application/json; charset=utf-8",
        "Date": "Tue, 01 Nov 2022 19:09:41 GMT",
        "Expires": "-1",
        "Pragma": "no-cache",
        "Strict-Transport-Security": "max-age=31536000;includeSubDomains",
        "X-Content-Type-Options": "nosniff",
        "x-ms-keyvault-network-info": "conn_type=Ipv4;addr=172.92.159.124;act_addr_fam=InterNetwork;",
        "x-ms-keyvault-rbac-assignment-id": "5405cebb-0832-59fd-b49d-3c34f062a3f5",
        "x-ms-keyvault-rbac-cache": "ra_age=9;da_age=3511;rd_age=3511;brd_age=1052;ra_notif_age=24;dec_lev=1;",
        "x-ms-keyvault-region": "canadacentral",
        "x-ms-keyvault-service-version": "1.9.576.1"
      },
      "ResponseBody": {
        "key": {
          "kid": "https://vaultname.vault.azure.net/keys/livekvtestkey55c2527c2/66598a8a0d1446a798cbe185c7e83614",
          "kty": "RSA",
          "key_ops": [
            "encrypt",
            "decrypt",
            "sign",
            "verify",
            "wrapKey",
            "unwrapKey"
          ],
          "n": "vh7QSf5sM2x-xO4UFCpaZd5_YZsfSj2H_Y2C3fyLydHItDr3aYlrR3VdmrPrjIVnjheZFzOtapZOYzruUEmiJCUH0xCi36uy7Vpyr3Ou7sTifkAES-L13ulpvahk30PZlVtd7jTCGiIwiqfaIG9XuMky79mvLDX-Bhw0mkRDWIA5NGpIL2zNi5j9FhZGuXxIIESs-grS9yzSO03WXgsFMIaPvVskUCUfAoGVkFEWZYwFgS2j7tp69RLLqZyhPJXA4zWNLWa0h2E53ul5r0V0h_6yfzBKYE6rAMGV3EmApzYrk0geT2G67YvtwPKaG_okc330NHk6DcZm3dSOi5WMRQ",
          "e": "AQAB"
        },
        "attributes": {
          "enabled": true,
          "created": 1667329754,
          "updated": 1667329754,
          "recoveryLevel": "CustomizedRecoverable\u002BPurgeable",
          "recoverableDays": 7
        }
      }
    },
    {
      "RequestUri": "https://vaultname.vault.azure.net/deletedkeys/livekvtestkey65c2527c2/recover?api-version=7.2",
      "RequestMethod": "POST",
      "RequestHeaders": {
        "Accept": "application/json",
        "Accept-Encoding": "gzip, deflate",
        "Connection": "keep-alive",
        "Content-Length": "0",
        "User-Agent": "azsdk-python-keyvault-keys/4.8.0b2 Python/3.10.0 (Windows-10-10.0.22621-SP0)"
      },
      "RequestBody": null,
      "StatusCode": 200,
      "ResponseHeaders": {
        "Cache-Control": "no-cache",
        "Content-Length": "696",
        "Content-Type": "application/json; charset=utf-8",
        "Date": "Tue, 01 Nov 2022 19:09:42 GMT",
        "Expires": "-1",
        "Pragma": "no-cache",
        "Strict-Transport-Security": "max-age=31536000;includeSubDomains",
        "X-Content-Type-Options": "nosniff",
        "x-ms-keyvault-network-info": "conn_type=Ipv4;addr=172.92.159.124;act_addr_fam=InterNetwork;",
        "x-ms-keyvault-rbac-assignment-id": "5405cebb-0832-59fd-b49d-3c34f062a3f5",
        "x-ms-keyvault-rbac-cache": "ra_age=9;da_age=3511;rd_age=3511;brd_age=1053;ra_notif_age=24;dec_lev=1;",
        "x-ms-keyvault-region": "canadacentral",
        "x-ms-keyvault-service-version": "1.9.576.1"
      },
      "ResponseBody": {
        "key": {
          "kid": "https://vaultname.vault.azure.net/keys/livekvtestkey65c2527c2/d56a208dd98b497099e1783cd32f440f",
          "kty": "RSA",
          "key_ops": [
            "encrypt",
            "decrypt",
            "sign",
            "verify",
            "wrapKey",
            "unwrapKey"
          ],
          "n": "xjeb-zOd6S-SU4EHIzWOjoKY8acUlHzkOqA_rcZls7OMr5SrsXzQApDxqUZeTTnqUZfWmLw_8vHnXiImmkU9USP7FYWUuP9oIXmcY1PxLZcpwH5LvOAGhIeZlvINLmwfymFTz6gBW8w2NHykeXioBRVgJ1GX0BW0PdnkThKyk3mw7Xt3cxPbHM42cjP3ihjOcV8x8D8H48KEOurX39Ujp46ny1LTCw5w2_JHIr10tPC9TeI5oqL6MD_NnzUz-Ya7ajpWRfgrABMnU2-izR-sbDQmxgv0fyHzWWSowu3t2MB3swseaQvJhSAXdKoPNwmwUDEntqzyKD0TojuQIyp2xQ",
          "e": "AQAB"
        },
        "attributes": {
          "enabled": true,
          "created": 1667329756,
          "updated": 1667329756,
          "recoveryLevel": "CustomizedRecoverable\u002BPurgeable",
          "recoverableDays": 7
        }
      }
    }
  ],
  "Variables": {}
}
