{
  "Entries": [
    {
      "RequestUri": "https://Sanitized.managedhsm.azure.net/keys/livekvtestkey0138b2fdd/create?api-version=7.6-preview.2",
      "RequestMethod": "POST",
      "RequestHeaders": {
        "Accept": "application/json",
        "Accept-Encoding": "gzip, deflate",
        "Content-Length": "0",
        "Content-Type": "application/json",
        "User-Agent": "azsdk-python-keyvault-keys/4.10.1 Python/3.10.12 (Linux-5.15.167.4-microsoft-standard-WSL2-x86_64-with-glibc2.35)"
      },
      "RequestBody": null,
      "StatusCode": 401,
      "ResponseHeaders": {
        "Cache-Control": "no-cache",
        "Content-Length": "0",
        "Content-Security-Policy": "default-src 'self'",
        "Content-Type": "application/json; charset=utf-8",
        "Strict-Transport-Security": "max-age=31536000; includeSubDomains",
        "WWW-Authenticate": "Bearer authorization=\"https://login.microsoftonline.com/72f988bf-86f1-41af-91ab-2d7cd011db47\", resource=\"https://managedhsm.azure.net\"",
        "X-Content-Type-Options": "nosniff",
        "X-Frame-Options": "SAMEORIGIN",
        "x-ms-server-latency": "0"
      },
      "ResponseBody": null
    },
    {
      "RequestUri": "https://Sanitized.managedhsm.azure.net/keys/livekvtestkey0138b2fdd/create?api-version=7.6-preview.2",
      "RequestMethod": "POST",
      "RequestHeaders": {
        "Accept": "application/json",
        "Accept-Encoding": "gzip, deflate",
        "Content-Length": "18",
        "Content-Type": "application/json",
        "User-Agent": "azsdk-python-keyvault-keys/4.10.1 Python/3.10.12 (Linux-5.15.167.4-microsoft-standard-WSL2-x86_64-with-glibc2.35)"
      },
      "RequestBody": {
        "kty": "RSA-HSM"
      },
      "StatusCode": 200,
      "ResponseHeaders": {
        "Cache-Control": "no-cache",
        "Content-Length": "734",
        "Content-Security-Policy": "default-src 'self'",
        "Content-Type": "application/json; charset=utf-8",
        "Strict-Transport-Security": "max-age=31536000; includeSubDomains",
        "X-Content-Type-Options": "nosniff",
        "X-Frame-Options": "SAMEORIGIN",
        "x-ms-keyvault-network-info": "conn_type=Ipv4;addr=136.27.70.204;act_addr_fam=Ipv4;",
        "x-ms-keyvault-region": "brazilsouth",
        "x-ms-server-latency": "153"
      },
      "ResponseBody": {
        "attributes": {
          "created": 1741741377,
          "enabled": true,
          "exportable": false,
          "recoverableDays": 7,
          "recoveryLevel": "CustomizedRecoverable+Purgeable",
          "updated": 1741741377
        },
        "key": {
          "e": "AQAB",
          "key_ops": [
            "wrapKey",
            "decrypt",
            "encrypt",
            "unwrapKey",
            "sign",
            "verify"
          ],
          "kid": "https://managedhsmvaultname.managedhsm.azure.net/keys/livekvtestkey0138b2fdd/b127fdd7417746f29aea029cd8e40506",
          "kty": "RSA-HSM",
          "n": "js70AsW9-_uJI-7S1ScxBIZmVH9dvgae0lzxSIjtN3upn3NgQuL6ehwtj3icitalLly8SdAqj-4dWmBzM8npSXyYoYy9iiombQhT9PniY4K4xHw2WwGfALQ2IYtUhJgF1TqmOgCuAzuE2oDEJV8D-cfDErk9ONR-yfHSpgr8PxV-gzokubO_hvqlAtoE8TcDasnmfZOflEioR65xCHrBIOI8CbY0qgBFkozYLrhJaejFP1j5LQdOtd7d-nqhqfgP9PPGWkwG3v2mWjGZ19N5Gs_GeOEFAygCaYGBO8YWC4yf40fAyOCbFkGy-Zx68HFGsytZUr5DwPhqh9Wnqo8qhQ"
        }
      }
    },
    {
      "RequestUri": "https://Sanitized.managedhsm.azure.net/keys/livekvtestkey1138b2fdd/create?api-version=7.6-preview.2",
      "RequestMethod": "POST",
      "RequestHeaders": {
        "Accept": "application/json",
        "Accept-Encoding": "gzip, deflate",
        "Content-Length": "18",
        "Content-Type": "application/json",
        "User-Agent": "azsdk-python-keyvault-keys/4.10.1 Python/3.10.12 (Linux-5.15.167.4-microsoft-standard-WSL2-x86_64-with-glibc2.35)"
      },
      "RequestBody": {
        "kty": "RSA-HSM"
      },
      "StatusCode": 200,
      "ResponseHeaders": {
        "Cache-Control": "no-cache",
        "Content-Length": "734",
        "Content-Security-Policy": "default-src 'self'",
        "Content-Type": "application/json; charset=utf-8",
        "Strict-Transport-Security": "max-age=31536000; includeSubDomains",
        "X-Content-Type-Options": "nosniff",
        "X-Frame-Options": "SAMEORIGIN",
        "x-ms-keyvault-network-info": "conn_type=Ipv4;addr=136.27.70.204;act_addr_fam=Ipv4;",
        "x-ms-keyvault-region": "brazilsouth",
        "x-ms-server-latency": "115"
      },
      "ResponseBody": {
        "attributes": {
          "created": 1741741380,
          "enabled": true,
          "exportable": false,
          "recoverableDays": 7,
          "recoveryLevel": "CustomizedRecoverable+Purgeable",
          "updated": 1741741380
        },
        "key": {
          "e": "AQAB",
          "key_ops": [
            "wrapKey",
            "decrypt",
            "encrypt",
            "unwrapKey",
            "sign",
            "verify"
          ],
          "kid": "https://managedhsmvaultname.managedhsm.azure.net/keys/livekvtestkey1138b2fdd/35193dce7cb5040f00b6b7ea72188544",
          "kty": "RSA-HSM",
          "n": "ykpmoCYMjLO6bDwP_qlMBfnn-e2QwCfeNiWNo6gbkcNM2Fljdf_65_mY7zcG57i79F2axwPkdJMpHVYrcaVov2GsKWyXHODAnsPfjoCtlsM7g8RjdilMi33DWMS15nrp4W_ql9GkkhuYLUyHKPlVAy5P3Gn31g_aaNXhf2jzTwoopAFLJrmBTBXsZsmj8JxJol6J4LpiQm8e15lQa4QNmHFGmN1mvf8qp1hROqPgb0XZP3z2ctjeQguTL6NlC_HYU846Rvpgua8lThiMjDWOXY6SmTxpx6KfPbK1gXlt2MXCLLMA2zKTfuDk7cqsbuHz6TN7A4dBTnLPCmqsFle83w"
        }
      }
    },
    {
      "RequestUri": "https://Sanitized.managedhsm.azure.net/keys/livekvtestkey2138b2fdd/create?api-version=7.6-preview.2",
      "RequestMethod": "POST",
      "RequestHeaders": {
        "Accept": "application/json",
        "Accept-Encoding": "gzip, deflate",
        "Content-Length": "18",
        "Content-Type": "application/json",
        "User-Agent": "azsdk-python-keyvault-keys/4.10.1 Python/3.10.12 (Linux-5.15.167.4-microsoft-standard-WSL2-x86_64-with-glibc2.35)"
      },
      "RequestBody": {
        "kty": "RSA-HSM"
      },
      "StatusCode": 200,
      "ResponseHeaders": {
        "Cache-Control": "no-cache",
        "Content-Length": "734",
        "Content-Security-Policy": "default-src 'self'",
        "Content-Type": "application/json; charset=utf-8",
        "Strict-Transport-Security": "max-age=31536000; includeSubDomains",
        "X-Content-Type-Options": "nosniff",
        "X-Frame-Options": "SAMEORIGIN",
        "x-ms-keyvault-network-info": "conn_type=Ipv4;addr=136.27.70.204;act_addr_fam=Ipv4;",
        "x-ms-keyvault-region": "brazilsouth",
        "x-ms-server-latency": "125"
      },
      "ResponseBody": {
        "attributes": {
          "created": 1741741382,
          "enabled": true,
          "exportable": false,
          "recoverableDays": 7,
          "recoveryLevel": "CustomizedRecoverable+Purgeable",
          "updated": 1741741382
        },
        "key": {
          "e": "AQAB",
          "key_ops": [
            "wrapKey",
            "decrypt",
            "encrypt",
            "unwrapKey",
            "sign",
            "verify"
          ],
          "kid": "https://managedhsmvaultname.managedhsm.azure.net/keys/livekvtestkey2138b2fdd/7fa49459f31044d69a97f287412eea2f",
          "kty": "RSA-HSM",
          "n": "ugPUCjP6DPn33Q2CFtNcPDzpR9Y8kyuPlD8ARkqjUajqTEYiv_8h2EY1Y0yvtk3Js2-MNgkwGSibZmOQp8e0s_9ul4mw8B8SPGdo8kwmFjVZPRuWgNKgGGJoxa5R63sxaXJ15zS5jSFMAwNWDFhBpf7Z4LeEcVwIQrwJeITRiHOdRevQJ_8s89e89k2oomJDjVvc_0JIeAwWB9S8gWLdUwYm9Ou_Cbpi5027OUwQqzF3d-qYdgRAG8ceam5WAdOIKfg5SOy4pfPxjVge08VPHx1sjDt5joAoZ75jq00EvtDWZPLO2XfTpefL4Q2d3uVMbRVwdEr8QRu5KkRkxcuW5Q"
        }
      }
    },
    {
      "RequestUri": "https://Sanitized.managedhsm.azure.net/keys/livekvtestkey3138b2fdd/create?api-version=7.6-preview.2",
      "RequestMethod": "POST",
      "RequestHeaders": {
        "Accept": "application/json",
        "Accept-Encoding": "gzip, deflate",
        "Content-Length": "18",
        "Content-Type": "application/json",
        "User-Agent": "azsdk-python-keyvault-keys/4.10.1 Python/3.10.12 (Linux-5.15.167.4-microsoft-standard-WSL2-x86_64-with-glibc2.35)"
      },
      "RequestBody": {
        "kty": "RSA-HSM"
      },
      "StatusCode": 200,
      "ResponseHeaders": {
        "Cache-Control": "no-cache",
        "Content-Length": "734",
        "Content-Security-Policy": "default-src 'self'",
        "Content-Type": "application/json; charset=utf-8",
        "Strict-Transport-Security": "max-age=31536000; includeSubDomains",
        "X-Content-Type-Options": "nosniff",
        "X-Frame-Options": "SAMEORIGIN",
        "x-ms-keyvault-network-info": "conn_type=Ipv4;addr=136.27.70.204;act_addr_fam=Ipv4;",
        "x-ms-keyvault-region": "brazilsouth",
        "x-ms-server-latency": "136"
      },
      "ResponseBody": {
        "attributes": {
          "created": 1741741384,
          "enabled": true,
          "exportable": false,
          "recoverableDays": 7,
          "recoveryLevel": "CustomizedRecoverable+Purgeable",
          "updated": 1741741384
        },
        "key": {
          "e": "AQAB",
          "key_ops": [
            "wrapKey",
            "decrypt",
            "encrypt",
            "unwrapKey",
            "sign",
            "verify"
          ],
          "kid": "https://managedhsmvaultname.managedhsm.azure.net/keys/livekvtestkey3138b2fdd/2cc336758e780f7a8b4834d339e4c80b",
          "kty": "RSA-HSM",
          "n": "r8mpnsKFiNuzSE0Y28TFJLWyOJs0v_cvBvOPqDZfQN9xK47L2yz8wF5yWy5m0pIDWmajmbSlzFMmPmIAdUaEJqq-Jp9VGZ_GmN6IeRbVT8JeutwNFGLMohNLAHfQydA0Qn54zT1bcYsYJakusWqxLxaahFmwZNYidBZwK819gQ3AqQryn7p6UFn0Wx5X5t38BQBmbrWzkaXPz-YbVRd7fhN8Ye-QxF4_K7k99TPvvRZ6HixpYQZOWDKSILfVK8BhPhjc6aRFQ41QEabrtndNiKaEjSZ8t2DxOV2c6FQQMNuHOzW6fweHqSCO7wj2T2WeyD8lFWVNazKWc-26NpEvyw"
        }
      }
    },
    {
      "RequestUri": "https://Sanitized.managedhsm.azure.net/keys/livekvtestkey4138b2fdd/create?api-version=7.6-preview.2",
      "RequestMethod": "POST",
      "RequestHeaders": {
        "Accept": "application/json",
        "Accept-Encoding": "gzip, deflate",
        "Content-Length": "18",
        "Content-Type": "application/json",
        "User-Agent": "azsdk-python-keyvault-keys/4.10.1 Python/3.10.12 (Linux-5.15.167.4-microsoft-standard-WSL2-x86_64-with-glibc2.35)"
      },
      "RequestBody": {
        "kty": "RSA-HSM"
      },
      "StatusCode": 200,
      "ResponseHeaders": {
        "Cache-Control": "no-cache",
        "Content-Length": "734",
        "Content-Security-Policy": "default-src 'self'",
        "Content-Type": "application/json; charset=utf-8",
        "Strict-Transport-Security": "max-age=31536000; includeSubDomains",
        "X-Content-Type-Options": "nosniff",
        "X-Frame-Options": "SAMEORIGIN",
        "x-ms-keyvault-network-info": "conn_type=Ipv4;addr=136.27.70.204;act_addr_fam=Ipv4;",
        "x-ms-keyvault-region": "brazilsouth",
        "x-ms-server-latency": "140"
      },
      "ResponseBody": {
        "attributes": {
          "created": 1741741387,
          "enabled": true,
          "exportable": false,
          "recoverableDays": 7,
          "recoveryLevel": "CustomizedRecoverable+Purgeable",
          "updated": 1741741387
        },
        "key": {
          "e": "AQAB",
          "key_ops": [
            "wrapKey",
            "decrypt",
            "encrypt",
            "unwrapKey",
            "sign",
            "verify"
          ],
          "kid": "https://managedhsmvaultname.managedhsm.azure.net/keys/livekvtestkey4138b2fdd/dc35ecb6aa040d129f0c63c2e52fd7f2",
          "kty": "RSA-HSM",
          "n": "pBa_PZrf13wE8CIa8ZPVIiqVVKhmUe_pkDmz9TL7pC3fHmgiS9-2ybPNCJxWD-rb2oOwBvQHfttl1xExvjTJXHjKEOTeWBs2ruwZFXV0x92MRXaT9LAOs6LFrOUqMBrhrzwYufXT4Sk50HYWKBHoXuxz2IFtl83ZYDVntsK3aO82zarxwaua1ewJAiCNQtxEcpEuraboGELMcDE4ICrV6hginnBFfBlIh74wl02YV-3k1WdxmB7wRgEKLTSUBykPYGF-wGP6g5V6o3SphEqmioIbK23a77o_GN-m1qIbyeX7jupk6UBujoZ7wSEL7CGnnA0qzdMGhio04q73ZdaXSw"
        }
      }
    },
    {
      "RequestUri": "https://Sanitized.managedhsm.azure.net/keys/livekvtestkey5138b2fdd/create?api-version=7.6-preview.2",
      "RequestMethod": "POST",
      "RequestHeaders": {
        "Accept": "application/json",
        "Accept-Encoding": "gzip, deflate",
        "Content-Length": "18",
        "Content-Type": "application/json",
        "User-Agent": "azsdk-python-keyvault-keys/4.10.1 Python/3.10.12 (Linux-5.15.167.4-microsoft-standard-WSL2-x86_64-with-glibc2.35)"
      },
      "RequestBody": {
        "kty": "RSA-HSM"
      },
      "StatusCode": 200,
      "ResponseHeaders": {
        "Cache-Control": "no-cache",
        "Content-Length": "734",
        "Content-Security-Policy": "default-src 'self'",
        "Content-Type": "application/json; charset=utf-8",
        "Strict-Transport-Security": "max-age=31536000; includeSubDomains",
        "X-Content-Type-Options": "nosniff",
        "X-Frame-Options": "SAMEORIGIN",
        "x-ms-keyvault-network-info": "conn_type=Ipv4;addr=136.27.70.204;act_addr_fam=Ipv4;",
        "x-ms-keyvault-region": "brazilsouth",
        "x-ms-server-latency": "133"
      },
      "ResponseBody": {
        "attributes": {
          "created": 1741741389,
          "enabled": true,
          "exportable": false,
          "recoverableDays": 7,
          "recoveryLevel": "CustomizedRecoverable+Purgeable",
          "updated": 1741741389
        },
        "key": {
          "e": "AQAB",
          "key_ops": [
            "wrapKey",
            "decrypt",
            "encrypt",
            "unwrapKey",
            "sign",
            "verify"
          ],
          "kid": "https://managedhsmvaultname.managedhsm.azure.net/keys/livekvtestkey5138b2fdd/996fcbff81b0461b0faa5d21a7ebca78",
          "kty": "RSA-HSM",
          "n": "vpIln8daI7hz-c7T6P643tkQhSbYyII2hs7YSPVgiXNhhKMnRU_rNI6MYU9HozA7tRbCaBd_e2izuOD0G_pDxJglaaaYp1NxnBkvqPHXE9y5bNdr-NXUR3PwN69nZd8YLeyLmUhyloWSbNwEpRUIHsEaQBzOtatkT8j5GtENiqoTzWsSfnYMS2-vkvBa8MvbqXZJTqivynNw8gN4MeZG6OamJU1EmP5A8RQZXdfJ5wB3CF6wHgbk48n5fn3P0mlkKNkxFxVREchU5YwKRx47S63-HbNG_dlw9dRwiP6w07TwQ-vLBjVOPagw7uy3m9SPnPSdEvROx3EXQFjjDv2ypQ"
        }
      }
    },
    {
      "RequestUri": "https://Sanitized.managedhsm.azure.net/keys/livekvtestkey6138b2fdd/create?api-version=7.6-preview.2",
      "RequestMethod": "POST",
      "RequestHeaders": {
        "Accept": "application/json",
        "Accept-Encoding": "gzip, deflate",
        "Content-Length": "18",
        "Content-Type": "application/json",
        "User-Agent": "azsdk-python-keyvault-keys/4.10.1 Python/3.10.12 (Linux-5.15.167.4-microsoft-standard-WSL2-x86_64-with-glibc2.35)"
      },
      "RequestBody": {
        "kty": "RSA-HSM"
      },
      "StatusCode": 200,
      "ResponseHeaders": {
        "Cache-Control": "no-cache",
        "Content-Length": "734",
        "Content-Security-Policy": "default-src 'self'",
        "Content-Type": "application/json; charset=utf-8",
        "Strict-Transport-Security": "max-age=31536000; includeSubDomains",
        "X-Content-Type-Options": "nosniff",
        "X-Frame-Options": "SAMEORIGIN",
        "x-ms-keyvault-network-info": "conn_type=Ipv4;addr=136.27.70.204;act_addr_fam=Ipv4;",
        "x-ms-keyvault-region": "brazilsouth",
        "x-ms-server-latency": "136"
      },
      "ResponseBody": {
        "attributes": {
          "created": 1741741391,
          "enabled": true,
          "exportable": false,
          "recoverableDays": 7,
          "recoveryLevel": "CustomizedRecoverable+Purgeable",
          "updated": 1741741391
        },
        "key": {
          "e": "AQAB",
          "key_ops": [
            "wrapKey",
            "decrypt",
            "encrypt",
            "unwrapKey",
            "sign",
            "verify"
          ],
          "kid": "https://managedhsmvaultname.managedhsm.azure.net/keys/livekvtestkey6138b2fdd/721d67de00de0bb5ba67f19538eaf6d4",
          "kty": "RSA-HSM",
          "n": "k5mQBnQrbXXzqmFFV13hgsHjBmJVqb34_2hx-hQ-0TvhqiabNK7S3XtKkOovmA4wUI77GrqPy45xPLMTxPlP6xE2lbkvBYZ25fKrEoudKORSVF1zUOK2-VVHqfwVC9_vdqdtzvbzSmQHD-5nrPvx5m_wCtgk3geW5IXTJCwvUXeF274hZtJiMr1wl4Gwf1_47j2eRvvmdkZXNieKC8Dph3jhO1_UgWuGl_0ed89QWyVKnl90D3DAM1ovBd1PJVUvhifU_iX8guthZL2ASLu9W9jSUJQ7hHF-YZ5WuQXq9JBMXhfkH2lbyYGNCxuSGR67_OOwAbOUluyvGd2A6Lc5xw"
        }
      }
    },
    {
      "RequestUri": "https://Sanitized.managedhsm.azure.net/keys/livekvtestkey0138b2fdd?api-version=7.6-preview.2",
      "RequestMethod": "DELETE",
      "RequestHeaders": {
        "Accept": "application/json",
        "Accept-Encoding": "gzip, deflate",
        "Content-Length": "0",
        "User-Agent": "azsdk-python-keyvault-keys/4.10.1 Python/3.10.12 (Linux-5.15.167.4-microsoft-standard-WSL2-x86_64-with-glibc2.35)"
      },
      "RequestBody": null,
      "StatusCode": 200,
      "ResponseHeaders": {
        "Cache-Control": "no-cache",
        "Content-Length": "890",
        "Content-Security-Policy": "default-src 'self'",
        "Content-Type": "application/json; charset=utf-8",
        "Strict-Transport-Security": "max-age=31536000; includeSubDomains",
        "X-Content-Type-Options": "nosniff",
        "X-Frame-Options": "SAMEORIGIN",
        "x-ms-keyvault-network-info": "conn_type=Ipv4;addr=136.27.70.204;act_addr_fam=Ipv4;",
        "x-ms-keyvault-region": "brazilsouth",
        "x-ms-server-latency": "45"
      },
      "ResponseBody": {
        "attributes": {
          "created": 1741741377,
          "enabled": true,
          "exportable": false,
          "recoverableDays": 7,
          "recoveryLevel": "CustomizedRecoverable+Purgeable",
          "updated": 1741741377
        },
        "deletedDate": 1741741392,
        "key": {
          "e": "AQAB",
          "key_ops": [
            "wrapKey",
            "encrypt",
            "decrypt",
            "unwrapKey",
            "sign",
            "verify"
          ],
          "kid": "https://managedhsmvaultname.managedhsm.azure.net/keys/livekvtestkey0138b2fdd/b127fdd7417746f29aea029cd8e40506",
          "kty": "RSA-HSM",
          "n": "js70AsW9-_uJI-7S1ScxBIZmVH9dvgae0lzxSIjtN3upn3NgQuL6ehwtj3icitalLly8SdAqj-4dWmBzM8npSXyYoYy9iiombQhT9PniY4K4xHw2WwGfALQ2IYtUhJgF1TqmOgCuAzuE2oDEJV8D-cfDErk9ONR-yfHSpgr8PxV-gzokubO_hvqlAtoE8TcDasnmfZOflEioR65xCHrBIOI8CbY0qgBFkozYLrhJaejFP1j5LQdOtd7d-nqhqfgP9PPGWkwG3v2mWjGZ19N5Gs_GeOEFAygCaYGBO8YWC4yf40fAyOCbFkGy-Zx68HFGsytZUr5DwPhqh9Wnqo8qhQ"
        },
        "recoveryId": "https://managedhsmvaultname.managedhsm.azure.net/deletedkeys/livekvtestkey0138b2fdd",
        "scheduledPurgeDate": 1742346192
      }
    },
    {
      "RequestUri": "https://Sanitized.managedhsm.azure.net/deletedkeys/livekvtestkey0138b2fdd?api-version=7.6-preview.2",
      "RequestMethod": "GET",
      "RequestHeaders": {
        "Accept": "application/json",
        "Accept-Encoding": "gzip, deflate",
        "User-Agent": "azsdk-python-keyvault-keys/4.10.1 Python/3.10.12 (Linux-5.15.167.4-microsoft-standard-WSL2-x86_64-with-glibc2.35)"
      },
      "RequestBody": null,
      "StatusCode": 200,
      "ResponseHeaders": {
        "Cache-Control": "no-cache",
        "Content-Length": "890",
        "Content-Security-Policy": "default-src 'self'",
        "Content-Type": "application/json; charset=utf-8",
        "Strict-Transport-Security": "max-age=31536000; includeSubDomains",
        "X-Content-Type-Options": "nosniff",
        "X-Frame-Options": "SAMEORIGIN",
        "x-ms-build-version": "1.0.20250221-1-e4accbbe-develop",
        "x-ms-keyvault-network-info": "conn_type=Ipv4;addr=136.27.70.204;act_addr_fam=Ipv4;",
        "x-ms-keyvault-region": "brazilsouth",
        "x-ms-server-latency": "14"
      },
      "ResponseBody": {
        "attributes": {
          "created": 1741741377,
          "enabled": true,
          "exportable": false,
          "recoverableDays": 7,
          "recoveryLevel": "CustomizedRecoverable+Purgeable",
          "updated": 1741741377
        },
        "deletedDate": 1741741392,
        "key": {
          "e": "AQAB",
          "key_ops": [
            "verify",
            "sign",
            "unwrapKey",
            "encrypt",
            "decrypt",
            "wrapKey"
          ],
          "kid": "https://managedhsmvaultname.managedhsm.azure.net/keys/livekvtestkey0138b2fdd/b127fdd7417746f29aea029cd8e40506",
          "kty": "RSA-HSM",
          "n": "js70AsW9-_uJI-7S1ScxBIZmVH9dvgae0lzxSIjtN3upn3NgQuL6ehwtj3icitalLly8SdAqj-4dWmBzM8npSXyYoYy9iiombQhT9PniY4K4xHw2WwGfALQ2IYtUhJgF1TqmOgCuAzuE2oDEJV8D-cfDErk9ONR-yfHSpgr8PxV-gzokubO_hvqlAtoE8TcDasnmfZOflEioR65xCHrBIOI8CbY0qgBFkozYLrhJaejFP1j5LQdOtd7d-nqhqfgP9PPGWkwG3v2mWjGZ19N5Gs_GeOEFAygCaYGBO8YWC4yf40fAyOCbFkGy-Zx68HFGsytZUr5DwPhqh9Wnqo8qhQ"
        },
        "recoveryId": "https://managedhsmvaultname.managedhsm.azure.net/deletedkeys/livekvtestkey0138b2fdd",
        "scheduledPurgeDate": 1742346192
      }
    },
    {
      "RequestUri": "https://Sanitized.managedhsm.azure.net/keys/livekvtestkey1138b2fdd?api-version=7.6-preview.2",
      "RequestMethod": "DELETE",
      "RequestHeaders": {
        "Accept": "application/json",
        "Accept-Encoding": "gzip, deflate",
        "Content-Length": "0",
        "User-Agent": "azsdk-python-keyvault-keys/4.10.1 Python/3.10.12 (Linux-5.15.167.4-microsoft-standard-WSL2-x86_64-with-glibc2.35)"
      },
      "RequestBody": null,
      "StatusCode": 200,
      "ResponseHeaders": {
        "Cache-Control": "no-cache",
        "Content-Length": "890",
        "Content-Security-Policy": "default-src 'self'",
        "Content-Type": "application/json; charset=utf-8",
        "Strict-Transport-Security": "max-age=31536000; includeSubDomains",
        "X-Content-Type-Options": "nosniff",
        "X-Frame-Options": "SAMEORIGIN",
        "x-ms-keyvault-network-info": "conn_type=Ipv4;addr=136.27.70.204;act_addr_fam=Ipv4;",
        "x-ms-keyvault-region": "brazilsouth",
        "x-ms-server-latency": "45"
      },
      "ResponseBody": {
        "attributes": {
          "created": 1741741380,
          "enabled": true,
          "exportable": false,
          "recoverableDays": 7,
          "recoveryLevel": "CustomizedRecoverable+Purgeable",
          "updated": 1741741380
        },
        "deletedDate": 1741741392,
        "key": {
          "e": "AQAB",
          "key_ops": [
            "wrapKey",
            "encrypt",
            "decrypt",
            "unwrapKey",
            "sign",
            "verify"
          ],
          "kid": "https://managedhsmvaultname.managedhsm.azure.net/keys/livekvtestkey1138b2fdd/35193dce7cb5040f00b6b7ea72188544",
          "kty": "RSA-HSM",
          "n": "ykpmoCYMjLO6bDwP_qlMBfnn-e2QwCfeNiWNo6gbkcNM2Fljdf_65_mY7zcG57i79F2axwPkdJMpHVYrcaVov2GsKWyXHODAnsPfjoCtlsM7g8RjdilMi33DWMS15nrp4W_ql9GkkhuYLUyHKPlVAy5P3Gn31g_aaNXhf2jzTwoopAFLJrmBTBXsZsmj8JxJol6J4LpiQm8e15lQa4QNmHFGmN1mvf8qp1hROqPgb0XZP3z2ctjeQguTL6NlC_HYU846Rvpgua8lThiMjDWOXY6SmTxpx6KfPbK1gXlt2MXCLLMA2zKTfuDk7cqsbuHz6TN7A4dBTnLPCmqsFle83w"
        },
        "recoveryId": "https://managedhsmvaultname.managedhsm.azure.net/deletedkeys/livekvtestkey1138b2fdd",
        "scheduledPurgeDate": 1742346192
      }
    },
    {
      "RequestUri": "https://Sanitized.managedhsm.azure.net/deletedkeys/livekvtestkey1138b2fdd?api-version=7.6-preview.2",
      "RequestMethod": "GET",
      "RequestHeaders": {
        "Accept": "application/json",
        "Accept-Encoding": "gzip, deflate",
        "User-Agent": "azsdk-python-keyvault-keys/4.10.1 Python/3.10.12 (Linux-5.15.167.4-microsoft-standard-WSL2-x86_64-with-glibc2.35)"
      },
      "RequestBody": null,
      "StatusCode": 200,
      "ResponseHeaders": {
        "Cache-Control": "no-cache",
        "Content-Length": "890",
        "Content-Security-Policy": "default-src 'self'",
        "Content-Type": "application/json; charset=utf-8",
        "Strict-Transport-Security": "max-age=31536000; includeSubDomains",
        "X-Content-Type-Options": "nosniff",
        "X-Frame-Options": "SAMEORIGIN",
        "x-ms-build-version": "1.0.20250221-1-e4accbbe-develop",
        "x-ms-keyvault-network-info": "conn_type=Ipv4;addr=136.27.70.204;act_addr_fam=Ipv4;",
        "x-ms-keyvault-region": "brazilsouth",
        "x-ms-server-latency": "10"
      },
      "ResponseBody": {
        "attributes": {
          "created": 1741741380,
          "enabled": true,
          "exportable": false,
          "recoverableDays": 7,
          "recoveryLevel": "CustomizedRecoverable+Purgeable",
          "updated": 1741741380
        },
        "deletedDate": 1741741392,
        "key": {
          "e": "AQAB",
          "key_ops": [
            "verify",
            "sign",
            "unwrapKey",
            "encrypt",
            "decrypt",
            "wrapKey"
          ],
          "kid": "https://managedhsmvaultname.managedhsm.azure.net/keys/livekvtestkey1138b2fdd/35193dce7cb5040f00b6b7ea72188544",
          "kty": "RSA-HSM",
          "n": "ykpmoCYMjLO6bDwP_qlMBfnn-e2QwCfeNiWNo6gbkcNM2Fljdf_65_mY7zcG57i79F2axwPkdJMpHVYrcaVov2GsKWyXHODAnsPfjoCtlsM7g8RjdilMi33DWMS15nrp4W_ql9GkkhuYLUyHKPlVAy5P3Gn31g_aaNXhf2jzTwoopAFLJrmBTBXsZsmj8JxJol6J4LpiQm8e15lQa4QNmHFGmN1mvf8qp1hROqPgb0XZP3z2ctjeQguTL6NlC_HYU846Rvpgua8lThiMjDWOXY6SmTxpx6KfPbK1gXlt2MXCLLMA2zKTfuDk7cqsbuHz6TN7A4dBTnLPCmqsFle83w"
        },
        "recoveryId": "https://managedhsmvaultname.managedhsm.azure.net/deletedkeys/livekvtestkey1138b2fdd",
        "scheduledPurgeDate": 1742346192
      }
    },
    {
      "RequestUri": "https://Sanitized.managedhsm.azure.net/keys/livekvtestkey2138b2fdd?api-version=7.6-preview.2",
      "RequestMethod": "DELETE",
      "RequestHeaders": {
        "Accept": "application/json",
        "Accept-Encoding": "gzip, deflate",
        "Content-Length": "0",
        "User-Agent": "azsdk-python-keyvault-keys/4.10.1 Python/3.10.12 (Linux-5.15.167.4-microsoft-standard-WSL2-x86_64-with-glibc2.35)"
      },
      "RequestBody": null,
      "StatusCode": 200,
      "ResponseHeaders": {
        "Cache-Control": "no-cache",
        "Content-Length": "890",
        "Content-Security-Policy": "default-src 'self'",
        "Content-Type": "application/json; charset=utf-8",
        "Strict-Transport-Security": "max-age=31536000; includeSubDomains",
        "X-Content-Type-Options": "nosniff",
        "X-Frame-Options": "SAMEORIGIN",
        "x-ms-keyvault-network-info": "conn_type=Ipv4;addr=136.27.70.204;act_addr_fam=Ipv4;",
        "x-ms-keyvault-region": "brazilsouth",
        "x-ms-server-latency": "41"
      },
      "ResponseBody": {
        "attributes": {
          "created": 1741741382,
          "enabled": true,
          "exportable": false,
          "recoverableDays": 7,
          "recoveryLevel": "CustomizedRecoverable+Purgeable",
          "updated": 1741741382
        },
        "deletedDate": 1741741393,
        "key": {
          "e": "AQAB",
          "key_ops": [
            "wrapKey",
            "encrypt",
            "decrypt",
            "unwrapKey",
            "sign",
            "verify"
          ],
          "kid": "https://managedhsmvaultname.managedhsm.azure.net/keys/livekvtestkey2138b2fdd/7fa49459f31044d69a97f287412eea2f",
          "kty": "RSA-HSM",
          "n": "ugPUCjP6DPn33Q2CFtNcPDzpR9Y8kyuPlD8ARkqjUajqTEYiv_8h2EY1Y0yvtk3Js2-MNgkwGSibZmOQp8e0s_9ul4mw8B8SPGdo8kwmFjVZPRuWgNKgGGJoxa5R63sxaXJ15zS5jSFMAwNWDFhBpf7Z4LeEcVwIQrwJeITRiHOdRevQJ_8s89e89k2oomJDjVvc_0JIeAwWB9S8gWLdUwYm9Ou_Cbpi5027OUwQqzF3d-qYdgRAG8ceam5WAdOIKfg5SOy4pfPxjVge08VPHx1sjDt5joAoZ75jq00EvtDWZPLO2XfTpefL4Q2d3uVMbRVwdEr8QRu5KkRkxcuW5Q"
        },
        "recoveryId": "https://managedhsmvaultname.managedhsm.azure.net/deletedkeys/livekvtestkey2138b2fdd",
        "scheduledPurgeDate": 1742346193
      }
    },
    {
      "RequestUri": "https://Sanitized.managedhsm.azure.net/deletedkeys/livekvtestkey2138b2fdd?api-version=7.6-preview.2",
      "RequestMethod": "GET",
      "RequestHeaders": {
        "Accept": "application/json",
        "Accept-Encoding": "gzip, deflate",
        "User-Agent": "azsdk-python-keyvault-keys/4.10.1 Python/3.10.12 (Linux-5.15.167.4-microsoft-standard-WSL2-x86_64-with-glibc2.35)"
      },
      "RequestBody": null,
      "StatusCode": 200,
      "ResponseHeaders": {
        "Cache-Control": "no-cache",
        "Content-Length": "890",
        "Content-Security-Policy": "default-src 'self'",
        "Content-Type": "application/json; charset=utf-8",
        "Strict-Transport-Security": "max-age=31536000; includeSubDomains",
        "X-Content-Type-Options": "nosniff",
        "X-Frame-Options": "SAMEORIGIN",
        "x-ms-build-version": "1.0.20250221-1-e4accbbe-develop",
        "x-ms-keyvault-network-info": "conn_type=Ipv4;addr=136.27.70.204;act_addr_fam=Ipv4;",
        "x-ms-keyvault-region": "brazilsouth",
        "x-ms-server-latency": "7"
      },
      "ResponseBody": {
        "attributes": {
          "created": 1741741382,
          "enabled": true,
          "exportable": false,
          "recoverableDays": 7,
          "recoveryLevel": "CustomizedRecoverable+Purgeable",
          "updated": 1741741382
        },
        "deletedDate": 1741741393,
        "key": {
          "e": "AQAB",
          "key_ops": [
            "verify",
            "sign",
            "unwrapKey",
            "encrypt",
            "decrypt",
            "wrapKey"
          ],
          "kid": "https://managedhsmvaultname.managedhsm.azure.net/keys/livekvtestkey2138b2fdd/7fa49459f31044d69a97f287412eea2f",
          "kty": "RSA-HSM",
          "n": "ugPUCjP6DPn33Q2CFtNcPDzpR9Y8kyuPlD8ARkqjUajqTEYiv_8h2EY1Y0yvtk3Js2-MNgkwGSibZmOQp8e0s_9ul4mw8B8SPGdo8kwmFjVZPRuWgNKgGGJoxa5R63sxaXJ15zS5jSFMAwNWDFhBpf7Z4LeEcVwIQrwJeITRiHOdRevQJ_8s89e89k2oomJDjVvc_0JIeAwWB9S8gWLdUwYm9Ou_Cbpi5027OUwQqzF3d-qYdgRAG8ceam5WAdOIKfg5SOy4pfPxjVge08VPHx1sjDt5joAoZ75jq00EvtDWZPLO2XfTpefL4Q2d3uVMbRVwdEr8QRu5KkRkxcuW5Q"
        },
        "recoveryId": "https://managedhsmvaultname.managedhsm.azure.net/deletedkeys/livekvtestkey2138b2fdd",
        "scheduledPurgeDate": 1742346193
      }
    },
    {
      "RequestUri": "https://Sanitized.managedhsm.azure.net/keys/livekvtestkey3138b2fdd?api-version=7.6-preview.2",
      "RequestMethod": "DELETE",
      "RequestHeaders": {
        "Accept": "application/json",
        "Accept-Encoding": "gzip, deflate",
        "Content-Length": "0",
        "User-Agent": "azsdk-python-keyvault-keys/4.10.1 Python/3.10.12 (Linux-5.15.167.4-microsoft-standard-WSL2-x86_64-with-glibc2.35)"
      },
      "RequestBody": null,
      "StatusCode": 200,
      "ResponseHeaders": {
        "Cache-Control": "no-cache",
        "Content-Length": "890",
        "Content-Security-Policy": "default-src 'self'",
        "Content-Type": "application/json; charset=utf-8",
        "Strict-Transport-Security": "max-age=31536000; includeSubDomains",
        "X-Content-Type-Options": "nosniff",
        "X-Frame-Options": "SAMEORIGIN",
        "x-ms-keyvault-network-info": "conn_type=Ipv4;addr=136.27.70.204;act_addr_fam=Ipv4;",
        "x-ms-keyvault-region": "brazilsouth",
        "x-ms-server-latency": "33"
      },
      "ResponseBody": {
        "attributes": {
          "created": 1741741384,
          "enabled": true,
          "exportable": false,
          "recoverableDays": 7,
          "recoveryLevel": "CustomizedRecoverable+Purgeable",
          "updated": 1741741384
        },
        "deletedDate": 1741741393,
        "key": {
          "e": "AQAB",
          "key_ops": [
            "wrapKey",
            "encrypt",
            "decrypt",
            "unwrapKey",
            "sign",
            "verify"
          ],
          "kid": "https://managedhsmvaultname.managedhsm.azure.net/keys/livekvtestkey3138b2fdd/2cc336758e780f7a8b4834d339e4c80b",
          "kty": "RSA-HSM",
          "n": "r8mpnsKFiNuzSE0Y28TFJLWyOJs0v_cvBvOPqDZfQN9xK47L2yz8wF5yWy5m0pIDWmajmbSlzFMmPmIAdUaEJqq-Jp9VGZ_GmN6IeRbVT8JeutwNFGLMohNLAHfQydA0Qn54zT1bcYsYJakusWqxLxaahFmwZNYidBZwK819gQ3AqQryn7p6UFn0Wx5X5t38BQBmbrWzkaXPz-YbVRd7fhN8Ye-QxF4_K7k99TPvvRZ6HixpYQZOWDKSILfVK8BhPhjc6aRFQ41QEabrtndNiKaEjSZ8t2DxOV2c6FQQMNuHOzW6fweHqSCO7wj2T2WeyD8lFWVNazKWc-26NpEvyw"
        },
        "recoveryId": "https://managedhsmvaultname.managedhsm.azure.net/deletedkeys/livekvtestkey3138b2fdd",
        "scheduledPurgeDate": 1742346193
      }
    },
    {
      "RequestUri": "https://Sanitized.managedhsm.azure.net/deletedkeys/livekvtestkey3138b2fdd?api-version=7.6-preview.2",
      "RequestMethod": "GET",
      "RequestHeaders": {
        "Accept": "application/json",
        "Accept-Encoding": "gzip, deflate",
        "User-Agent": "azsdk-python-keyvault-keys/4.10.1 Python/3.10.12 (Linux-5.15.167.4-microsoft-standard-WSL2-x86_64-with-glibc2.35)"
      },
      "RequestBody": null,
      "StatusCode": 200,
      "ResponseHeaders": {
        "Cache-Control": "no-cache",
        "Content-Length": "890",
        "Content-Security-Policy": "default-src 'self'",
        "Content-Type": "application/json; charset=utf-8",
        "Strict-Transport-Security": "max-age=31536000; includeSubDomains",
        "X-Content-Type-Options": "nosniff",
        "X-Frame-Options": "SAMEORIGIN",
        "x-ms-build-version": "1.0.20250221-1-e4accbbe-develop",
        "x-ms-keyvault-network-info": "conn_type=Ipv4;addr=136.27.70.204;act_addr_fam=Ipv4;",
        "x-ms-keyvault-region": "brazilsouth",
        "x-ms-server-latency": "10"
      },
      "ResponseBody": {
        "attributes": {
          "created": 1741741384,
          "enabled": true,
          "exportable": false,
          "recoverableDays": 7,
          "recoveryLevel": "CustomizedRecoverable+Purgeable",
          "updated": 1741741384
        },
        "deletedDate": 1741741393,
        "key": {
          "e": "AQAB",
          "key_ops": [
            "verify",
            "sign",
            "unwrapKey",
            "encrypt",
            "decrypt",
            "wrapKey"
          ],
          "kid": "https://managedhsmvaultname.managedhsm.azure.net/keys/livekvtestkey3138b2fdd/2cc336758e780f7a8b4834d339e4c80b",
          "kty": "RSA-HSM",
          "n": "r8mpnsKFiNuzSE0Y28TFJLWyOJs0v_cvBvOPqDZfQN9xK47L2yz8wF5yWy5m0pIDWmajmbSlzFMmPmIAdUaEJqq-Jp9VGZ_GmN6IeRbVT8JeutwNFGLMohNLAHfQydA0Qn54zT1bcYsYJakusWqxLxaahFmwZNYidBZwK819gQ3AqQryn7p6UFn0Wx5X5t38BQBmbrWzkaXPz-YbVRd7fhN8Ye-QxF4_K7k99TPvvRZ6HixpYQZOWDKSILfVK8BhPhjc6aRFQ41QEabrtndNiKaEjSZ8t2DxOV2c6FQQMNuHOzW6fweHqSCO7wj2T2WeyD8lFWVNazKWc-26NpEvyw"
        },
        "recoveryId": "https://managedhsmvaultname.managedhsm.azure.net/deletedkeys/livekvtestkey3138b2fdd",
        "scheduledPurgeDate": 1742346193
      }
    },
    {
      "RequestUri": "https://Sanitized.managedhsm.azure.net/keys/livekvtestkey4138b2fdd?api-version=7.6-preview.2",
      "RequestMethod": "DELETE",
      "RequestHeaders": {
        "Accept": "application/json",
        "Accept-Encoding": "gzip, deflate",
        "Content-Length": "0",
        "User-Agent": "azsdk-python-keyvault-keys/4.10.1 Python/3.10.12 (Linux-5.15.167.4-microsoft-standard-WSL2-x86_64-with-glibc2.35)"
      },
      "RequestBody": null,
      "StatusCode": 200,
      "ResponseHeaders": {
        "Cache-Control": "no-cache",
        "Content-Length": "890",
        "Content-Security-Policy": "default-src 'self'",
        "Content-Type": "application/json; charset=utf-8",
        "Strict-Transport-Security": "max-age=31536000; includeSubDomains",
        "X-Content-Type-Options": "nosniff",
        "X-Frame-Options": "SAMEORIGIN",
        "x-ms-keyvault-network-info": "conn_type=Ipv4;addr=136.27.70.204;act_addr_fam=Ipv4;",
        "x-ms-keyvault-region": "brazilsouth",
        "x-ms-server-latency": "49"
      },
      "ResponseBody": {
        "attributes": {
          "created": 1741741387,
          "enabled": true,
          "exportable": false,
          "recoverableDays": 7,
          "recoveryLevel": "CustomizedRecoverable+Purgeable",
          "updated": 1741741387
        },
        "deletedDate": 1741741394,
        "key": {
          "e": "AQAB",
          "key_ops": [
            "wrapKey",
            "encrypt",
            "decrypt",
            "unwrapKey",
            "sign",
            "verify"
          ],
          "kid": "https://managedhsmvaultname.managedhsm.azure.net/keys/livekvtestkey4138b2fdd/dc35ecb6aa040d129f0c63c2e52fd7f2",
          "kty": "RSA-HSM",
          "n": "pBa_PZrf13wE8CIa8ZPVIiqVVKhmUe_pkDmz9TL7pC3fHmgiS9-2ybPNCJxWD-rb2oOwBvQHfttl1xExvjTJXHjKEOTeWBs2ruwZFXV0x92MRXaT9LAOs6LFrOUqMBrhrzwYufXT4Sk50HYWKBHoXuxz2IFtl83ZYDVntsK3aO82zarxwaua1ewJAiCNQtxEcpEuraboGELMcDE4ICrV6hginnBFfBlIh74wl02YV-3k1WdxmB7wRgEKLTSUBykPYGF-wGP6g5V6o3SphEqmioIbK23a77o_GN-m1qIbyeX7jupk6UBujoZ7wSEL7CGnnA0qzdMGhio04q73ZdaXSw"
        },
        "recoveryId": "https://managedhsmvaultname.managedhsm.azure.net/deletedkeys/livekvtestkey4138b2fdd",
        "scheduledPurgeDate": 1742346194
      }
    },
    {
      "RequestUri": "https://Sanitized.managedhsm.azure.net/deletedkeys/livekvtestkey4138b2fdd?api-version=7.6-preview.2",
      "RequestMethod": "GET",
      "RequestHeaders": {
        "Accept": "application/json",
        "Accept-Encoding": "gzip, deflate",
        "User-Agent": "azsdk-python-keyvault-keys/4.10.1 Python/3.10.12 (Linux-5.15.167.4-microsoft-standard-WSL2-x86_64-with-glibc2.35)"
      },
      "RequestBody": null,
      "StatusCode": 200,
      "ResponseHeaders": {
        "Cache-Control": "no-cache",
        "Content-Length": "890",
        "Content-Security-Policy": "default-src 'self'",
        "Content-Type": "application/json; charset=utf-8",
        "Strict-Transport-Security": "max-age=31536000; includeSubDomains",
        "X-Content-Type-Options": "nosniff",
        "X-Frame-Options": "SAMEORIGIN",
        "x-ms-build-version": "1.0.20250221-1-e4accbbe-develop",
        "x-ms-keyvault-network-info": "conn_type=Ipv4;addr=136.27.70.204;act_addr_fam=Ipv4;",
        "x-ms-keyvault-region": "brazilsouth",
        "x-ms-server-latency": "14"
      },
      "ResponseBody": {
        "attributes": {
          "created": 1741741387,
          "enabled": true,
          "exportable": false,
          "recoverableDays": 7,
          "recoveryLevel": "CustomizedRecoverable+Purgeable",
          "updated": 1741741387
        },
        "deletedDate": 1741741394,
        "key": {
          "e": "AQAB",
          "key_ops": [
            "verify",
            "sign",
            "unwrapKey",
            "encrypt",
            "decrypt",
            "wrapKey"
          ],
          "kid": "https://managedhsmvaultname.managedhsm.azure.net/keys/livekvtestkey4138b2fdd/dc35ecb6aa040d129f0c63c2e52fd7f2",
          "kty": "RSA-HSM",
          "n": "pBa_PZrf13wE8CIa8ZPVIiqVVKhmUe_pkDmz9TL7pC3fHmgiS9-2ybPNCJxWD-rb2oOwBvQHfttl1xExvjTJXHjKEOTeWBs2ruwZFXV0x92MRXaT9LAOs6LFrOUqMBrhrzwYufXT4Sk50HYWKBHoXuxz2IFtl83ZYDVntsK3aO82zarxwaua1ewJAiCNQtxEcpEuraboGELMcDE4ICrV6hginnBFfBlIh74wl02YV-3k1WdxmB7wRgEKLTSUBykPYGF-wGP6g5V6o3SphEqmioIbK23a77o_GN-m1qIbyeX7jupk6UBujoZ7wSEL7CGnnA0qzdMGhio04q73ZdaXSw"
        },
        "recoveryId": "https://managedhsmvaultname.managedhsm.azure.net/deletedkeys/livekvtestkey4138b2fdd",
        "scheduledPurgeDate": 1742346194
      }
    },
    {
      "RequestUri": "https://Sanitized.managedhsm.azure.net/keys/livekvtestkey5138b2fdd?api-version=7.6-preview.2",
      "RequestMethod": "DELETE",
      "RequestHeaders": {
        "Accept": "application/json",
        "Accept-Encoding": "gzip, deflate",
        "Content-Length": "0",
        "User-Agent": "azsdk-python-keyvault-keys/4.10.1 Python/3.10.12 (Linux-5.15.167.4-microsoft-standard-WSL2-x86_64-with-glibc2.35)"
      },
      "RequestBody": null,
      "StatusCode": 200,
      "ResponseHeaders": {
        "Cache-Control": "no-cache",
        "Content-Length": "890",
        "Content-Security-Policy": "default-src 'self'",
        "Content-Type": "application/json; charset=utf-8",
        "Strict-Transport-Security": "max-age=31536000; includeSubDomains",
        "X-Content-Type-Options": "nosniff",
        "X-Frame-Options": "SAMEORIGIN",
        "x-ms-keyvault-network-info": "conn_type=Ipv4;addr=136.27.70.204;act_addr_fam=Ipv4;",
        "x-ms-keyvault-region": "brazilsouth",
        "x-ms-server-latency": "33"
      },
      "ResponseBody": {
        "attributes": {
          "created": 1741741389,
          "enabled": true,
          "exportable": false,
          "recoverableDays": 7,
          "recoveryLevel": "CustomizedRecoverable+Purgeable",
          "updated": 1741741389
        },
        "deletedDate": 1741741394,
        "key": {
          "e": "AQAB",
          "key_ops": [
            "wrapKey",
            "encrypt",
            "decrypt",
            "unwrapKey",
            "sign",
            "verify"
          ],
          "kid": "https://managedhsmvaultname.managedhsm.azure.net/keys/livekvtestkey5138b2fdd/996fcbff81b0461b0faa5d21a7ebca78",
          "kty": "RSA-HSM",
          "n": "vpIln8daI7hz-c7T6P643tkQhSbYyII2hs7YSPVgiXNhhKMnRU_rNI6MYU9HozA7tRbCaBd_e2izuOD0G_pDxJglaaaYp1NxnBkvqPHXE9y5bNdr-NXUR3PwN69nZd8YLeyLmUhyloWSbNwEpRUIHsEaQBzOtatkT8j5GtENiqoTzWsSfnYMS2-vkvBa8MvbqXZJTqivynNw8gN4MeZG6OamJU1EmP5A8RQZXdfJ5wB3CF6wHgbk48n5fn3P0mlkKNkxFxVREchU5YwKRx47S63-HbNG_dlw9dRwiP6w07TwQ-vLBjVOPagw7uy3m9SPnPSdEvROx3EXQFjjDv2ypQ"
        },
        "recoveryId": "https://managedhsmvaultname.managedhsm.azure.net/deletedkeys/livekvtestkey5138b2fdd",
        "scheduledPurgeDate": 1742346194
      }
    },
    {
      "RequestUri": "https://Sanitized.managedhsm.azure.net/deletedkeys/livekvtestkey5138b2fdd?api-version=7.6-preview.2",
      "RequestMethod": "GET",
      "RequestHeaders": {
        "Accept": "application/json",
        "Accept-Encoding": "gzip, deflate",
        "User-Agent": "azsdk-python-keyvault-keys/4.10.1 Python/3.10.12 (Linux-5.15.167.4-microsoft-standard-WSL2-x86_64-with-glibc2.35)"
      },
      "RequestBody": null,
      "StatusCode": 200,
      "ResponseHeaders": {
        "Cache-Control": "no-cache",
        "Content-Length": "890",
        "Content-Security-Policy": "default-src 'self'",
        "Content-Type": "application/json; charset=utf-8",
        "Strict-Transport-Security": "max-age=31536000; includeSubDomains",
        "X-Content-Type-Options": "nosniff",
        "X-Frame-Options": "SAMEORIGIN",
        "x-ms-build-version": "1.0.20250221-1-e4accbbe-develop",
        "x-ms-keyvault-network-info": "conn_type=Ipv4;addr=136.27.70.204;act_addr_fam=Ipv4;",
        "x-ms-keyvault-region": "brazilsouth",
        "x-ms-server-latency": "15"
      },
      "ResponseBody": {
        "attributes": {
          "created": 1741741389,
          "enabled": true,
          "exportable": false,
          "recoverableDays": 7,
          "recoveryLevel": "CustomizedRecoverable+Purgeable",
          "updated": 1741741389
        },
        "deletedDate": 1741741394,
        "key": {
          "e": "AQAB",
          "key_ops": [
            "verify",
            "sign",
            "unwrapKey",
            "encrypt",
            "decrypt",
            "wrapKey"
          ],
          "kid": "https://managedhsmvaultname.managedhsm.azure.net/keys/livekvtestkey5138b2fdd/996fcbff81b0461b0faa5d21a7ebca78",
          "kty": "RSA-HSM",
          "n": "vpIln8daI7hz-c7T6P643tkQhSbYyII2hs7YSPVgiXNhhKMnRU_rNI6MYU9HozA7tRbCaBd_e2izuOD0G_pDxJglaaaYp1NxnBkvqPHXE9y5bNdr-NXUR3PwN69nZd8YLeyLmUhyloWSbNwEpRUIHsEaQBzOtatkT8j5GtENiqoTzWsSfnYMS2-vkvBa8MvbqXZJTqivynNw8gN4MeZG6OamJU1EmP5A8RQZXdfJ5wB3CF6wHgbk48n5fn3P0mlkKNkxFxVREchU5YwKRx47S63-HbNG_dlw9dRwiP6w07TwQ-vLBjVOPagw7uy3m9SPnPSdEvROx3EXQFjjDv2ypQ"
        },
        "recoveryId": "https://managedhsmvaultname.managedhsm.azure.net/deletedkeys/livekvtestkey5138b2fdd",
        "scheduledPurgeDate": 1742346194
      }
    },
    {
      "RequestUri": "https://Sanitized.managedhsm.azure.net/keys/livekvtestkey6138b2fdd?api-version=7.6-preview.2",
      "RequestMethod": "DELETE",
      "RequestHeaders": {
        "Accept": "application/json",
        "Accept-Encoding": "gzip, deflate",
        "Content-Length": "0",
        "User-Agent": "azsdk-python-keyvault-keys/4.10.1 Python/3.10.12 (Linux-5.15.167.4-microsoft-standard-WSL2-x86_64-with-glibc2.35)"
      },
      "RequestBody": null,
      "StatusCode": 200,
      "ResponseHeaders": {
        "Cache-Control": "no-cache",
        "Content-Length": "890",
        "Content-Security-Policy": "default-src 'self'",
        "Content-Type": "application/json; charset=utf-8",
        "Strict-Transport-Security": "max-age=31536000; includeSubDomains",
        "X-Content-Type-Options": "nosniff",
        "X-Frame-Options": "SAMEORIGIN",
        "x-ms-keyvault-network-info": "conn_type=Ipv4;addr=136.27.70.204;act_addr_fam=Ipv4;",
        "x-ms-keyvault-region": "brazilsouth",
        "x-ms-server-latency": "49"
      },
      "ResponseBody": {
        "attributes": {
          "created": 1741741391,
          "enabled": true,
          "exportable": false,
          "recoverableDays": 7,
          "recoveryLevel": "CustomizedRecoverable+Purgeable",
          "updated": 1741741391
        },
        "deletedDate": 1741741395,
        "key": {
          "e": "AQAB",
          "key_ops": [
            "wrapKey",
            "encrypt",
            "decrypt",
            "unwrapKey",
            "sign",
            "verify"
          ],
          "kid": "https://managedhsmvaultname.managedhsm.azure.net/keys/livekvtestkey6138b2fdd/721d67de00de0bb5ba67f19538eaf6d4",
          "kty": "RSA-HSM",
          "n": "k5mQBnQrbXXzqmFFV13hgsHjBmJVqb34_2hx-hQ-0TvhqiabNK7S3XtKkOovmA4wUI77GrqPy45xPLMTxPlP6xE2lbkvBYZ25fKrEoudKORSVF1zUOK2-VVHqfwVC9_vdqdtzvbzSmQHD-5nrPvx5m_wCtgk3geW5IXTJCwvUXeF274hZtJiMr1wl4Gwf1_47j2eRvvmdkZXNieKC8Dph3jhO1_UgWuGl_0ed89QWyVKnl90D3DAM1ovBd1PJVUvhifU_iX8guthZL2ASLu9W9jSUJQ7hHF-YZ5WuQXq9JBMXhfkH2lbyYGNCxuSGR67_OOwAbOUluyvGd2A6Lc5xw"
        },
        "recoveryId": "https://managedhsmvaultname.managedhsm.azure.net/deletedkeys/livekvtestkey6138b2fdd",
        "scheduledPurgeDate": 1742346195
      }
    },
    {
      "RequestUri": "https://Sanitized.managedhsm.azure.net/deletedkeys/livekvtestkey6138b2fdd?api-version=7.6-preview.2",
      "RequestMethod": "GET",
      "RequestHeaders": {
        "Accept": "application/json",
        "Accept-Encoding": "gzip, deflate",
        "User-Agent": "azsdk-python-keyvault-keys/4.10.1 Python/3.10.12 (Linux-5.15.167.4-microsoft-standard-WSL2-x86_64-with-glibc2.35)"
      },
      "RequestBody": null,
      "StatusCode": 200,
      "ResponseHeaders": {
        "Cache-Control": "no-cache",
        "Content-Length": "890",
        "Content-Security-Policy": "default-src 'self'",
        "Content-Type": "application/json; charset=utf-8",
        "Strict-Transport-Security": "max-age=31536000; includeSubDomains",
        "X-Content-Type-Options": "nosniff",
        "X-Frame-Options": "SAMEORIGIN",
        "x-ms-build-version": "1.0.20250221-1-e4accbbe-develop",
        "x-ms-keyvault-network-info": "conn_type=Ipv4;addr=136.27.70.204;act_addr_fam=Ipv4;",
        "x-ms-keyvault-region": "brazilsouth",
        "x-ms-server-latency": "10"
      },
      "ResponseBody": {
        "attributes": {
          "created": 1741741391,
          "enabled": true,
          "exportable": false,
          "recoverableDays": 7,
          "recoveryLevel": "CustomizedRecoverable+Purgeable",
          "updated": 1741741391
        },
        "deletedDate": 1741741395,
        "key": {
          "e": "AQAB",
          "key_ops": [
            "verify",
            "sign",
            "unwrapKey",
            "encrypt",
            "decrypt",
            "wrapKey"
          ],
          "kid": "https://managedhsmvaultname.managedhsm.azure.net/keys/livekvtestkey6138b2fdd/721d67de00de0bb5ba67f19538eaf6d4",
          "kty": "RSA-HSM",
          "n": "k5mQBnQrbXXzqmFFV13hgsHjBmJVqb34_2hx-hQ-0TvhqiabNK7S3XtKkOovmA4wUI77GrqPy45xPLMTxPlP6xE2lbkvBYZ25fKrEoudKORSVF1zUOK2-VVHqfwVC9_vdqdtzvbzSmQHD-5nrPvx5m_wCtgk3geW5IXTJCwvUXeF274hZtJiMr1wl4Gwf1_47j2eRvvmdkZXNieKC8Dph3jhO1_UgWuGl_0ed89QWyVKnl90D3DAM1ovBd1PJVUvhifU_iX8guthZL2ASLu9W9jSUJQ7hHF-YZ5WuQXq9JBMXhfkH2lbyYGNCxuSGR67_OOwAbOUluyvGd2A6Lc5xw"
        },
        "recoveryId": "https://managedhsmvaultname.managedhsm.azure.net/deletedkeys/livekvtestkey6138b2fdd",
        "scheduledPurgeDate": 1742346195
      }
    },
    {
      "RequestUri": "https://Sanitized.managedhsm.azure.net/deletedkeys?api-version=7.6-preview.2",
      "RequestMethod": "GET",
      "RequestHeaders": {
        "Accept": "application/json",
        "Accept-Encoding": "gzip, deflate",
        "User-Agent": "azsdk-python-keyvault-keys/4.10.1 Python/3.10.12 (Linux-5.15.167.4-microsoft-standard-WSL2-x86_64-with-glibc2.35)"
      },
      "RequestBody": null,
      "StatusCode": 200,
      "ResponseHeaders": {
        "Cache-Control": "no-cache",
        "Content-Length": "4282",
        "Content-Security-Policy": "default-src 'self'",
        "Content-Type": "application/json; charset=utf-8",
        "Strict-Transport-Security": "max-age=31536000; includeSubDomains",
        "X-Content-Type-Options": "nosniff",
        "X-Frame-Options": "SAMEORIGIN",
        "x-ms-build-version": "1.0.20250221-1-e4accbbe-develop",
        "x-ms-keyvault-network-info": "conn_type=Ipv4;addr=136.27.70.204;act_addr_fam=Ipv4;",
        "x-ms-keyvault-region": "brazilsouth",
        "x-ms-server-latency": "13"
      },
      "ResponseBody": {
        "nextLink": "https://managedhsmvaultname.managedhsm.azure.net/deletedkeys?maxresults=25&$skiptoken=Sanitized",
        "value": [
          {
            "attributes": {
              "created": 1741741162,
              "enabled": true,
              "exp": 2524723200,
              "exportable": false,
              "recoverableDays": 7,
              "recoveryLevel": "CustomizedRecoverable+Purgeable",
              "updated": 1741741166
            },
            "deletedDate": 1741741166,
            "kid": "https://managedhsmvaultname.managedhsm.azure.net/keys/livekvtestcrud-rsa-keyfa22fe1",
            "recoveryId": "https://managedhsmvaultname.managedhsm.azure.net/deletedkeys/livekvtestcrud-rsa-keyfa22fe1",
            "scheduledPurgeDate": 1742345966,
            "tags": {
              "foo": "updated tag"
            }
          },
          {
            "attributes": {
              "created": 1741741222,
              "enabled": true,
              "exportable": false,
              "recoverableDays": 7,
              "recoveryLevel": "CustomizedRecoverable+Purgeable",
              "updated": 1741741222
            },
            "deletedDate": 1741741236,
            "kid": "https://managedhsmvaultname.managedhsm.azure.net/keys/livekvtestkey0a9122ef5",
            "recoveryId": "https://managedhsmvaultname.managedhsm.azure.net/deletedkeys/livekvtestkey0a9122ef5",
            "scheduledPurgeDate": 1742346036
          },
          {
            "attributes": {
              "created": 1741741224,
              "enabled": true,
              "exportable": false,
              "recoverableDays": 7,
              "recoveryLevel": "CustomizedRecoverable+Purgeable",
              "updated": 1741741224
            },
            "deletedDate": 1741741237,
            "kid": "https://managedhsmvaultname.managedhsm.azure.net/keys/livekvtestkey1a9122ef5",
            "recoveryId": "https://managedhsmvaultname.managedhsm.azure.net/deletedkeys/livekvtestkey1a9122ef5",
            "scheduledPurgeDate": 1742346037
          },
          {
            "attributes": {
              "created": 1741741226,
              "enabled": true,
              "exportable": false,
              "recoverableDays": 7,
              "recoveryLevel": "CustomizedRecoverable+Purgeable",
              "updated": 1741741226
            },
            "deletedDate": 1741741237,
            "kid": "https://managedhsmvaultname.managedhsm.azure.net/keys/livekvtestkey2a9122ef5",
            "recoveryId": "https://managedhsmvaultname.managedhsm.azure.net/deletedkeys/livekvtestkey2a9122ef5",
            "scheduledPurgeDate": 1742346037
          },
          {
            "attributes": {
              "created": 1741741229,
              "enabled": true,
              "exportable": false,
              "recoverableDays": 7,
              "recoveryLevel": "CustomizedRecoverable+Purgeable",
              "updated": 1741741229
            },
            "deletedDate": 1741741238,
            "kid": "https://managedhsmvaultname.managedhsm.azure.net/keys/livekvtestkey3a9122ef5",
            "recoveryId": "https://managedhsmvaultname.managedhsm.azure.net/deletedkeys/livekvtestkey3a9122ef5",
            "scheduledPurgeDate": 1742346038
          },
          {
            "attributes": {
              "created": 1741741231,
              "enabled": true,
              "exportable": false,
              "recoverableDays": 7,
              "recoveryLevel": "CustomizedRecoverable+Purgeable",
              "updated": 1741741231
            },
            "deletedDate": 1741741238,
            "kid": "https://managedhsmvaultname.managedhsm.azure.net/keys/livekvtestkey4a9122ef5",
            "recoveryId": "https://managedhsmvaultname.managedhsm.azure.net/deletedkeys/livekvtestkey4a9122ef5",
            "scheduledPurgeDate": 1742346038
          },
          {
            "attributes": {
              "created": 1741741233,
              "enabled": true,
              "exportable": false,
              "recoverableDays": 7,
              "recoveryLevel": "CustomizedRecoverable+Purgeable",
              "updated": 1741741233
            },
            "deletedDate": 1741741238,
            "kid": "https://managedhsmvaultname.managedhsm.azure.net/keys/livekvtestkey5a9122ef5",
            "recoveryId": "https://managedhsmvaultname.managedhsm.azure.net/deletedkeys/livekvtestkey5a9122ef5",
            "scheduledPurgeDate": 1742346038
          },
          {
            "attributes": {
              "created": 1741741236,
              "enabled": true,
              "exportable": false,
              "recoverableDays": 7,
              "recoveryLevel": "CustomizedRecoverable+Purgeable",
              "updated": 1741741236
            },
            "deletedDate": 1741741239,
            "kid": "https://managedhsmvaultname.managedhsm.azure.net/keys/livekvtestkey6a9122ef5",
            "recoveryId": "https://managedhsmvaultname.managedhsm.azure.net/deletedkeys/livekvtestkey6a9122ef5",
            "scheduledPurgeDate": 1742346039
          },
          {
            "attributes": {
              "created": 1741741317,
              "enabled": true,
              "exp": 2524723200,
              "exportable": false,
              "recoverableDays": 7,
              "recoveryLevel": "CustomizedRecoverable+Purgeable",
              "updated": 1741741320
            },
            "deletedDate": 1741741321,
            "kid": "https://managedhsmvaultname.managedhsm.azure.net/keys/livekvtestcrud-rsa-key7bdc30c9",
            "recoveryId": "https://managedhsmvaultname.managedhsm.azure.net/deletedkeys/livekvtestcrud-rsa-key7bdc30c9",
            "scheduledPurgeDate": 1742346121,
            "tags": {
              "foo": "updated tag"
            }
          },
          {
            "attributes": {
              "created": 1741741377,
              "enabled": true,
              "exportable": false,
              "recoverableDays": 7,
              "recoveryLevel": "CustomizedRecoverable+Purgeable",
              "updated": 1741741377
            },
            "deletedDate": 1741741392,
            "kid": "https://managedhsmvaultname.managedhsm.azure.net/keys/livekvtestkey0138b2fdd",
            "recoveryId": "https://managedhsmvaultname.managedhsm.azure.net/deletedkeys/livekvtestkey0138b2fdd",
            "scheduledPurgeDate": 1742346192
          }
        ]
      }
    },
    {
      "RequestUri": "https://Sanitized.managedhsm.azure.net/deletedkeys?maxresults=25&$skiptoken=Sanitized&api-version=7.6-preview.2",
      "RequestMethod": "GET",
      "RequestHeaders": {
        "Accept": "*/*",
        "Accept-Encoding": "gzip, deflate",
        "User-Agent": "azsdk-python-keyvault-keys/4.10.1 Python/3.10.12 (Linux-5.15.167.4-microsoft-standard-WSL2-x86_64-with-glibc2.35)"
      },
      "RequestBody": null,
      "StatusCode": 200,
      "ResponseHeaders": {
        "Cache-Control": "no-cache",
        "Content-Length": "2435",
        "Content-Security-Policy": "default-src 'self'",
        "Content-Type": "application/json; charset=utf-8",
        "Strict-Transport-Security": "max-age=31536000; includeSubDomains",
        "X-Content-Type-Options": "nosniff",
        "X-Frame-Options": "SAMEORIGIN",
        "x-ms-build-version": "1.0.20250221-1-e4accbbe-develop",
        "x-ms-keyvault-network-info": "conn_type=Ipv4;addr=136.27.70.204;act_addr_fam=Ipv4;",
        "x-ms-keyvault-region": "brazilsouth",
        "x-ms-server-latency": "9"
      },
      "ResponseBody": {
        "value": [
          {
            "attributes": {
              "created": 1741741380,
              "enabled": true,
              "exportable": false,
              "recoverableDays": 7,
              "recoveryLevel": "CustomizedRecoverable+Purgeable",
              "updated": 1741741380
            },
            "deletedDate": 1741741392,
            "kid": "https://managedhsmvaultname.managedhsm.azure.net/keys/livekvtestkey1138b2fdd",
            "recoveryId": "https://managedhsmvaultname.managedhsm.azure.net/deletedkeys/livekvtestkey1138b2fdd",
            "scheduledPurgeDate": 1742346192
          },
          {
            "attributes": {
              "created": 1741741382,
              "enabled": true,
              "exportable": false,
              "recoverableDays": 7,
              "recoveryLevel": "CustomizedRecoverable+Purgeable",
              "updated": 1741741382
            },
            "deletedDate": 1741741393,
            "kid": "https://managedhsmvaultname.managedhsm.azure.net/keys/livekvtestkey2138b2fdd",
            "recoveryId": "https://managedhsmvaultname.managedhsm.azure.net/deletedkeys/livekvtestkey2138b2fdd",
            "scheduledPurgeDate": 1742346193
          },
          {
            "attributes": {
              "created": 1741741384,
              "enabled": true,
              "exportable": false,
              "recoverableDays": 7,
              "recoveryLevel": "CustomizedRecoverable+Purgeable",
              "updated": 1741741384
            },
            "deletedDate": 1741741393,
            "kid": "https://managedhsmvaultname.managedhsm.azure.net/keys/livekvtestkey3138b2fdd",
            "recoveryId": "https://managedhsmvaultname.managedhsm.azure.net/deletedkeys/livekvtestkey3138b2fdd",
            "scheduledPurgeDate": 1742346193
          },
          {
            "attributes": {
              "created": 1741741387,
              "enabled": true,
              "exportable": false,
              "recoverableDays": 7,
              "recoveryLevel": "CustomizedRecoverable+Purgeable",
              "updated": 1741741387
            },
            "deletedDate": 1741741394,
            "kid": "https://managedhsmvaultname.managedhsm.azure.net/keys/livekvtestkey4138b2fdd",
            "recoveryId": "https://managedhsmvaultname.managedhsm.azure.net/deletedkeys/livekvtestkey4138b2fdd",
            "scheduledPurgeDate": 1742346194
          },
          {
            "attributes": {
              "created": 1741741389,
              "enabled": true,
              "exportable": false,
              "recoverableDays": 7,
              "recoveryLevel": "CustomizedRecoverable+Purgeable",
              "updated": 1741741389
            },
            "deletedDate": 1741741394,
            "kid": "https://managedhsmvaultname.managedhsm.azure.net/keys/livekvtestkey5138b2fdd",
            "recoveryId": "https://managedhsmvaultname.managedhsm.azure.net/deletedkeys/livekvtestkey5138b2fdd",
            "scheduledPurgeDate": 1742346194
          },
          {
            "attributes": {
              "created": 1741741391,
              "enabled": true,
              "exportable": false,
              "recoverableDays": 7,
              "recoveryLevel": "CustomizedRecoverable+Purgeable",
              "updated": 1741741391
            },
            "deletedDate": 1741741395,
            "kid": "https://managedhsmvaultname.managedhsm.azure.net/keys/livekvtestkey6138b2fdd",
            "recoveryId": "https://managedhsmvaultname.managedhsm.azure.net/deletedkeys/livekvtestkey6138b2fdd",
            "scheduledPurgeDate": 1742346195
          }
        ]
      }
    },
    {
      "RequestUri": "https://Sanitized.managedhsm.azure.net/deletedkeys?api-version=7.6-preview.2",
      "RequestMethod": "GET",
      "RequestHeaders": {
        "Accept": "application/json",
        "Accept-Encoding": "gzip, deflate",
        "User-Agent": "azsdk-python-keyvault-keys/4.10.1 Python/3.10.12 (Linux-5.15.167.4-microsoft-standard-WSL2-x86_64-with-glibc2.35)"
      },
      "RequestBody": null,
      "StatusCode": 200,
      "ResponseHeaders": {
        "Cache-Control": "no-cache",
        "Content-Length": "4282",
        "Content-Security-Policy": "default-src 'self'",
        "Content-Type": "application/json; charset=utf-8",
        "Strict-Transport-Security": "max-age=31536000; includeSubDomains",
        "X-Content-Type-Options": "nosniff",
        "X-Frame-Options": "SAMEORIGIN",
        "x-ms-build-version": "1.0.20250221-1-e4accbbe-develop",
        "x-ms-keyvault-network-info": "conn_type=Ipv4;addr=136.27.70.204;act_addr_fam=Ipv4;",
        "x-ms-keyvault-region": "brazilsouth",
        "x-ms-server-latency": "29"
      },
      "ResponseBody": {
        "nextLink": "https://managedhsmvaultname.managedhsm.azure.net/deletedkeys?maxresults=25&$skiptoken=Sanitized",
        "value": [
          {
            "attributes": {
              "created": 1741741162,
              "enabled": true,
              "exp": 2524723200,
              "exportable": false,
              "recoverableDays": 7,
              "recoveryLevel": "CustomizedRecoverable+Purgeable",
              "updated": 1741741166
            },
            "deletedDate": 1741741166,
            "kid": "https://managedhsmvaultname.managedhsm.azure.net/keys/livekvtestcrud-rsa-keyfa22fe1",
            "recoveryId": "https://managedhsmvaultname.managedhsm.azure.net/deletedkeys/livekvtestcrud-rsa-keyfa22fe1",
            "scheduledPurgeDate": 1742345966,
            "tags": {
              "foo": "updated tag"
            }
          },
          {
            "attributes": {
              "created": 1741741222,
              "enabled": true,
              "exportable": false,
              "recoverableDays": 7,
              "recoveryLevel": "CustomizedRecoverable+Purgeable",
              "updated": 1741741222
            },
            "deletedDate": 1741741236,
            "kid": "https://managedhsmvaultname.managedhsm.azure.net/keys/livekvtestkey0a9122ef5",
            "recoveryId": "https://managedhsmvaultname.managedhsm.azure.net/deletedkeys/livekvtestkey0a9122ef5",
            "scheduledPurgeDate": 1742346036
          },
          {
            "attributes": {
              "created": 1741741224,
              "enabled": true,
              "exportable": false,
              "recoverableDays": 7,
              "recoveryLevel": "CustomizedRecoverable+Purgeable",
              "updated": 1741741224
            },
            "deletedDate": 1741741237,
            "kid": "https://managedhsmvaultname.managedhsm.azure.net/keys/livekvtestkey1a9122ef5",
            "recoveryId": "https://managedhsmvaultname.managedhsm.azure.net/deletedkeys/livekvtestkey1a9122ef5",
            "scheduledPurgeDate": 1742346037
          },
          {
            "attributes": {
              "created": 1741741226,
              "enabled": true,
              "exportable": false,
              "recoverableDays": 7,
              "recoveryLevel": "CustomizedRecoverable+Purgeable",
              "updated": 1741741226
            },
            "deletedDate": 1741741237,
            "kid": "https://managedhsmvaultname.managedhsm.azure.net/keys/livekvtestkey2a9122ef5",
            "recoveryId": "https://managedhsmvaultname.managedhsm.azure.net/deletedkeys/livekvtestkey2a9122ef5",
            "scheduledPurgeDate": 1742346037
          },
          {
            "attributes": {
              "created": 1741741229,
              "enabled": true,
              "exportable": false,
              "recoverableDays": 7,
              "recoveryLevel": "CustomizedRecoverable+Purgeable",
              "updated": 1741741229
            },
            "deletedDate": 1741741238,
            "kid": "https://managedhsmvaultname.managedhsm.azure.net/keys/livekvtestkey3a9122ef5",
            "recoveryId": "https://managedhsmvaultname.managedhsm.azure.net/deletedkeys/livekvtestkey3a9122ef5",
            "scheduledPurgeDate": 1742346038
          },
          {
            "attributes": {
              "created": 1741741231,
              "enabled": true,
              "exportable": false,
              "recoverableDays": 7,
              "recoveryLevel": "CustomizedRecoverable+Purgeable",
              "updated": 1741741231
            },
            "deletedDate": 1741741238,
            "kid": "https://managedhsmvaultname.managedhsm.azure.net/keys/livekvtestkey4a9122ef5",
            "recoveryId": "https://managedhsmvaultname.managedhsm.azure.net/deletedkeys/livekvtestkey4a9122ef5",
            "scheduledPurgeDate": 1742346038
          },
          {
            "attributes": {
              "created": 1741741233,
              "enabled": true,
              "exportable": false,
              "recoverableDays": 7,
              "recoveryLevel": "CustomizedRecoverable+Purgeable",
              "updated": 1741741233
            },
            "deletedDate": 1741741238,
            "kid": "https://managedhsmvaultname.managedhsm.azure.net/keys/livekvtestkey5a9122ef5",
            "recoveryId": "https://managedhsmvaultname.managedhsm.azure.net/deletedkeys/livekvtestkey5a9122ef5",
            "scheduledPurgeDate": 1742346038
          },
          {
            "attributes": {
              "created": 1741741236,
              "enabled": true,
              "exportable": false,
              "recoverableDays": 7,
              "recoveryLevel": "CustomizedRecoverable+Purgeable",
              "updated": 1741741236
            },
            "deletedDate": 1741741239,
            "kid": "https://managedhsmvaultname.managedhsm.azure.net/keys/livekvtestkey6a9122ef5",
            "recoveryId": "https://managedhsmvaultname.managedhsm.azure.net/deletedkeys/livekvtestkey6a9122ef5",
            "scheduledPurgeDate": 1742346039
          },
          {
            "attributes": {
              "created": 1741741317,
              "enabled": true,
              "exp": 2524723200,
              "exportable": false,
              "recoverableDays": 7,
              "recoveryLevel": "CustomizedRecoverable+Purgeable",
              "updated": 1741741320
            },
            "deletedDate": 1741741321,
            "kid": "https://managedhsmvaultname.managedhsm.azure.net/keys/livekvtestcrud-rsa-key7bdc30c9",
            "recoveryId": "https://managedhsmvaultname.managedhsm.azure.net/deletedkeys/livekvtestcrud-rsa-key7bdc30c9",
            "scheduledPurgeDate": 1742346121,
            "tags": {
              "foo": "updated tag"
            }
          },
          {
            "attributes": {
              "created": 1741741377,
              "enabled": true,
              "exportable": false,
              "recoverableDays": 7,
              "recoveryLevel": "CustomizedRecoverable+Purgeable",
              "updated": 1741741377
            },
            "deletedDate": 1741741392,
            "kid": "https://managedhsmvaultname.managedhsm.azure.net/keys/livekvtestkey0138b2fdd",
            "recoveryId": "https://managedhsmvaultname.managedhsm.azure.net/deletedkeys/livekvtestkey0138b2fdd",
            "scheduledPurgeDate": 1742346192
          }
        ]
      }
    },
    {
      "RequestUri": "https://Sanitized.managedhsm.azure.net/deletedkeys?maxresults=25&$skiptoken=Sanitized&api-version=7.6-preview.2",
      "RequestMethod": "GET",
      "RequestHeaders": {
        "Accept": "*/*",
        "Accept-Encoding": "gzip, deflate",
        "User-Agent": "azsdk-python-keyvault-keys/4.10.1 Python/3.10.12 (Linux-5.15.167.4-microsoft-standard-WSL2-x86_64-with-glibc2.35)"
      },
      "RequestBody": null,
      "StatusCode": 200,
      "ResponseHeaders": {
        "Cache-Control": "no-cache",
        "Content-Length": "2435",
        "Content-Security-Policy": "default-src 'self'",
        "Content-Type": "application/json; charset=utf-8",
        "Strict-Transport-Security": "max-age=31536000; includeSubDomains",
        "X-Content-Type-Options": "nosniff",
        "X-Frame-Options": "SAMEORIGIN",
        "x-ms-build-version": "1.0.20250221-1-e4accbbe-develop",
        "x-ms-keyvault-network-info": "conn_type=Ipv4;addr=136.27.70.204;act_addr_fam=Ipv4;",
        "x-ms-keyvault-region": "brazilsouth",
        "x-ms-server-latency": "17"
      },
      "ResponseBody": {
        "value": [
          {
            "attributes": {
              "created": 1741741380,
              "enabled": true,
              "exportable": false,
              "recoverableDays": 7,
              "recoveryLevel": "CustomizedRecoverable+Purgeable",
              "updated": 1741741380
            },
            "deletedDate": 1741741392,
            "kid": "https://managedhsmvaultname.managedhsm.azure.net/keys/livekvtestkey1138b2fdd",
            "recoveryId": "https://managedhsmvaultname.managedhsm.azure.net/deletedkeys/livekvtestkey1138b2fdd",
            "scheduledPurgeDate": 1742346192
          },
          {
            "attributes": {
              "created": 1741741382,
              "enabled": true,
              "exportable": false,
              "recoverableDays": 7,
              "recoveryLevel": "CustomizedRecoverable+Purgeable",
              "updated": 1741741382
            },
            "deletedDate": 1741741393,
            "kid": "https://managedhsmvaultname.managedhsm.azure.net/keys/livekvtestkey2138b2fdd",
            "recoveryId": "https://managedhsmvaultname.managedhsm.azure.net/deletedkeys/livekvtestkey2138b2fdd",
            "scheduledPurgeDate": 1742346193
          },
          {
            "attributes": {
              "created": 1741741384,
              "enabled": true,
              "exportable": false,
              "recoverableDays": 7,
              "recoveryLevel": "CustomizedRecoverable+Purgeable",
              "updated": 1741741384
            },
            "deletedDate": 1741741393,
            "kid": "https://managedhsmvaultname.managedhsm.azure.net/keys/livekvtestkey3138b2fdd",
            "recoveryId": "https://managedhsmvaultname.managedhsm.azure.net/deletedkeys/livekvtestkey3138b2fdd",
            "scheduledPurgeDate": 1742346193
          },
          {
            "attributes": {
              "created": 1741741387,
              "enabled": true,
              "exportable": false,
              "recoverableDays": 7,
              "recoveryLevel": "CustomizedRecoverable+Purgeable",
              "updated": 1741741387
            },
            "deletedDate": 1741741394,
            "kid": "https://managedhsmvaultname.managedhsm.azure.net/keys/livekvtestkey4138b2fdd",
            "recoveryId": "https://managedhsmvaultname.managedhsm.azure.net/deletedkeys/livekvtestkey4138b2fdd",
            "scheduledPurgeDate": 1742346194
          },
          {
            "attributes": {
              "created": 1741741389,
              "enabled": true,
              "exportable": false,
              "recoverableDays": 7,
              "recoveryLevel": "CustomizedRecoverable+Purgeable",
              "updated": 1741741389
            },
            "deletedDate": 1741741394,
            "kid": "https://managedhsmvaultname.managedhsm.azure.net/keys/livekvtestkey5138b2fdd",
            "recoveryId": "https://managedhsmvaultname.managedhsm.azure.net/deletedkeys/livekvtestkey5138b2fdd",
            "scheduledPurgeDate": 1742346194
          },
          {
            "attributes": {
              "created": 1741741391,
              "enabled": true,
              "exportable": false,
              "recoverableDays": 7,
              "recoveryLevel": "CustomizedRecoverable+Purgeable",
              "updated": 1741741391
            },
            "deletedDate": 1741741395,
            "kid": "https://managedhsmvaultname.managedhsm.azure.net/keys/livekvtestkey6138b2fdd",
            "recoveryId": "https://managedhsmvaultname.managedhsm.azure.net/deletedkeys/livekvtestkey6138b2fdd",
            "scheduledPurgeDate": 1742346195
          }
        ]
      }
    }
  ],
  "Variables": {}
}
