{
  "Entries": [
    {
      "RequestUri": "https://vaultname.vault.azure.net/keys/livekvtestwrap-localba062f31/create?api-version=7.5-preview.1",
      "RequestMethod": "POST",
      "RequestHeaders": {
        "Accept": "application/json",
        "Accept-Encoding": "gzip, deflate",
        "Connection": "keep-alive",
        "Content-Length": "0",
        "Content-Type": "application/json",
        "User-Agent": "azsdk-python-keyvault-keys/4.9.0b2 Python/3.10.12 (Linux-5.15.90.1-microsoft-standard-WSL2-x86_64-with-glibc2.35)"
      },
      "RequestBody": null,
      "StatusCode": 401,
      "ResponseHeaders": {
        "Cache-Control": "no-cache",
        "Content-Length": "97",
        "Content-Type": "application/json; charset=utf-8",
        "Date": "Thu, 10 Aug 2023 23:18:41 GMT",
        "Expires": "-1",
        "Pragma": "no-cache",
        "Strict-Transport-Security": "max-age=31536000;includeSubDomains",
        "WWW-Authenticate": "Bearer authorization=\u0022https://login.microsoftonline.com/00000000-0000-0000-0000-000000000000\u0022, resource=\u0022https://vault.azure.net\u0022",
        "X-Content-Type-Options": "nosniff",
        "x-ms-keyvault-network-info": "conn_type=Ipv4;addr=172.92.159.124;act_addr_fam=InterNetwork;",
        "x-ms-keyvault-region": "northcentralus",
        "x-ms-keyvault-service-version": "1.9.908.1"
      },
      "ResponseBody": {
        "error": {
          "code": "Unauthorized",
          "message": "AKV10000: Request is missing a Bearer or PoP token."
        }
      }
    },
    {
      "RequestUri": "https://login.microsoftonline.com/00000000-0000-0000-0000-000000000000/v2.0/.well-known/openid-configuration",
      "RequestMethod": "GET",
      "RequestHeaders": {
        "Accept": "*/*",
        "Accept-Encoding": "gzip, deflate",
        "Connection": "keep-alive",
        "User-Agent": "azsdk-python-identity/1.14.0b3 Python/3.10.12 (Linux-5.15.90.1-microsoft-standard-WSL2-x86_64-with-glibc2.35)"
      },
      "RequestBody": null,
      "StatusCode": 200,
      "ResponseHeaders": {
        "Access-Control-Allow-Methods": "GET, OPTIONS",
        "Access-Control-Allow-Origin": "*",
        "Cache-Control": "max-age=86400, private",
        "Content-Length": "1753",
        "Content-Security-Policy-Report-Only": "script-src \u0027self\u0027 \u0027nonce-QcVfbXnd13GHehnwpJoamQ\u0027 \u0027unsafe-eval\u0027 \u0027unsafe-inline\u0027 \u0027report-sample\u0027; object-src \u0027none\u0027; base-uri \u0027self\u0027; report-uri https://csp.microsoft.com/report/ESTS-UX-All",
        "Content-Type": "application/json; charset=utf-8",
        "Date": "Thu, 10 Aug 2023 23:18:42 GMT",
        "P3P": "CP=\u0022DSP CUR OTPi IND OTRi ONL FIN\u0022",
        "Set-Cookie": [
          "fpc=AvI6j1GF5YlAkEHyKIG_pshuNWSNDgAAAAhnZ9wOAAAAJHZTdAsAAAALZ2fcDgAAAA; expires=Sat, 09-Sep-2023 23:18:42 GMT; path=/; secure; HttpOnly; SameSite=None",
          "x-ms-gateway-slice=estsfd; path=/; secure; samesite=none; httponly"
        ],
        "Strict-Transport-Security": "max-age=31536000; includeSubDomains",
        "X-Content-Type-Options": "nosniff",
        "x-ms-ests-server": "2.1.16110.6 - WUS2 ProdSlices",
        "X-XSS-Protection": "0"
      },
      "ResponseBody": {
        "token_endpoint": "https://login.microsoftonline.com/00000000-0000-0000-0000-000000000000/oauth2/v2.0/token",
        "token_endpoint_auth_methods_supported": [
          "client_secret_post",
          "private_key_jwt",
          "client_secret_basic"
        ],
        "jwks_uri": "https://login.microsoftonline.com/00000000-0000-0000-0000-000000000000/discovery/v2.0/keys",
        "response_modes_supported": [
          "query",
          "fragment",
          "form_post"
        ],
        "subject_types_supported": [
          "pairwise"
        ],
        "id_token_signing_alg_values_supported": [
          "RS256"
        ],
        "response_types_supported": [
          "code",
          "id_token",
          "code id_token",
          "id_token token"
        ],
        "scopes_supported": [
          "openid",
          "profile",
          "email",
          "offline_access"
        ],
        "issuer": "https://login.microsoftonline.com/00000000-0000-0000-0000-000000000000/v2.0",
        "request_uri_parameter_supported": false,
        "userinfo_endpoint": "https://graph.microsoft.com/oidc/userinfo",
        "authorization_endpoint": "https://login.microsoftonline.com/00000000-0000-0000-0000-000000000000/oauth2/v2.0/authorize",
        "device_authorization_endpoint": "https://login.microsoftonline.com/00000000-0000-0000-0000-000000000000/oauth2/v2.0/devicecode",
        "http_logout_supported": true,
        "frontchannel_logout_supported": true,
        "end_session_endpoint": "https://login.microsoftonline.com/00000000-0000-0000-0000-000000000000/oauth2/v2.0/logout",
        "claims_supported": [
          "sub",
          "iss",
          "cloud_instance_name",
          "cloud_instance_host_name",
          "cloud_graph_host_name",
          "msgraph_host",
          "aud",
          "exp",
          "iat",
          "auth_time",
          "acr",
          "nonce",
          "preferred_username",
          "name",
          "tid",
          "ver",
          "at_hash",
          "c_hash",
          "email"
        ],
        "kerberos_endpoint": "https://login.microsoftonline.com/00000000-0000-0000-0000-000000000000/kerberos",
        "tenant_region_scope": "WW",
        "cloud_instance_name": "microsoftonline.com",
        "cloud_graph_host_name": "graph.windows.net",
        "msgraph_host": "graph.microsoft.com",
        "rbac_url": "https://pas.windows.net"
      }
    },
    {
      "RequestUri": "https://login.microsoftonline.com/common/discovery/instance?api-version=1.1\u0026authorization_endpoint=https://login.microsoftonline.com/common/oauth2/authorize",
      "RequestMethod": "GET",
      "RequestHeaders": {
        "Accept": "application/json",
        "Accept-Encoding": "gzip, deflate",
        "Connection": "keep-alive",
        "Cookie": "fpc=AvI6j1GF5YlAkEHyKIG_pshuNWSNDgAAAAhnZ9wOAAAAJHZTdAsAAAALZ2fcDgAAAA; x-ms-gateway-slice=estsfd",
        "User-Agent": "azsdk-python-identity/1.14.0b3 Python/3.10.12 (Linux-5.15.90.1-microsoft-standard-WSL2-x86_64-with-glibc2.35)"
      },
      "RequestBody": null,
      "StatusCode": 200,
      "ResponseHeaders": {
        "Access-Control-Allow-Methods": "GET, OPTIONS",
        "Access-Control-Allow-Origin": "*",
        "Cache-Control": "max-age=86400, private",
        "Content-Length": "945",
        "Content-Type": "application/json; charset=utf-8",
        "Date": "Thu, 10 Aug 2023 23:18:42 GMT",
        "P3P": "CP=\u0022DSP CUR OTPi IND OTRi ONL FIN\u0022",
        "Set-Cookie": [
          "fpc=AvI6j1GF5YlAkEHyKIG_pshuNWSNDgAAAAhnZ9wOAAAAJHZTdAsAAAALZ2fcDgAAAA; expires=Sat, 09-Sep-2023 23:18:42 GMT; path=/; secure; HttpOnly; SameSite=None",
          "x-ms-gateway-slice=estsfd; path=/; secure; samesite=none; httponly"
        ],
        "Strict-Transport-Security": "max-age=31536000; includeSubDomains",
        "X-Content-Type-Options": "nosniff",
        "x-ms-ests-server": "2.1.15984.6 - NCUS ProdSlices",
        "X-XSS-Protection": "0"
      },
      "ResponseBody": {
        "tenant_discovery_endpoint": "https://login.microsoftonline.com/common/.well-known/openid-configuration",
        "api-version": "1.1",
        "metadata": [
          {
            "preferred_network": "login.microsoftonline.com",
            "preferred_cache": "login.windows.net",
            "aliases": [
              "login.microsoftonline.com",
              "login.windows.net",
              "login.microsoft.com",
              "sts.windows.net"
            ]
          },
          {
            "preferred_network": "login.partner.microsoftonline.cn",
            "preferred_cache": "login.partner.microsoftonline.cn",
            "aliases": [
              "login.partner.microsoftonline.cn",
              "login.chinacloudapi.cn"
            ]
          },
          {
            "preferred_network": "login.microsoftonline.de",
            "preferred_cache": "login.microsoftonline.de",
            "aliases": [
              "login.microsoftonline.de"
            ]
          },
          {
            "preferred_network": "login.microsoftonline.us",
            "preferred_cache": "login.microsoftonline.us",
            "aliases": [
              "login.microsoftonline.us",
              "login.usgovcloudapi.net"
            ]
          },
          {
            "preferred_network": "login-us.microsoftonline.com",
            "preferred_cache": "login-us.microsoftonline.com",
            "aliases": [
              "login-us.microsoftonline.com"
            ]
          }
        ]
      }
    },
    {
      "RequestUri": "https://vaultname.vault.azure.net/keys/livekvtestwrap-localba062f31/create?api-version=7.5-preview.1",
      "RequestMethod": "POST",
      "RequestHeaders": {
        "Accept": "application/json",
        "Accept-Encoding": "gzip, deflate",
        "Connection": "keep-alive",
        "Content-Length": "32",
        "Content-Type": "application/json",
        "User-Agent": "azsdk-python-keyvault-keys/4.9.0b2 Python/3.10.12 (Linux-5.15.90.1-microsoft-standard-WSL2-x86_64-with-glibc2.35)"
      },
      "RequestBody": {
        "kty": "RSA",
        "key_size": 4096
      },
      "StatusCode": 200,
      "ResponseHeaders": {
        "Cache-Control": "no-cache",
        "Content-Length": "1080",
        "Content-Type": "application/json; charset=utf-8",
        "Date": "Thu, 10 Aug 2023 23:18:43 GMT",
        "Expires": "-1",
        "Pragma": "no-cache",
        "Strict-Transport-Security": "max-age=31536000;includeSubDomains",
        "X-Content-Type-Options": "nosniff",
        "x-ms-keyvault-network-info": "conn_type=Ipv4;addr=172.92.159.124;act_addr_fam=InterNetwork;",
        "x-ms-keyvault-rbac-assignment-id": "910ca882-e750-55a2-a885-baae8abf3046",
        "x-ms-keyvault-rbac-cache": "ra_age=150;da_age=8568;rd_age=8568;brd_age=4047;ra_notif_age=474;dec_lev=1;",
        "x-ms-keyvault-region": "northcentralus",
        "x-ms-keyvault-service-version": "1.9.908.1"
      },
      "ResponseBody": {
        "key": {
          "kid": "https://vaultname.vault.azure.net/keys/livekvtestwrap-localba062f31/d4bdbe585ac0447e8a93090abfb5bc13",
          "kty": "RSA",
          "key_ops": [
            "encrypt",
            "decrypt",
            "sign",
            "verify",
            "wrapKey",
            "unwrapKey"
          ],
          "n": "vwpiTESC5VNjBwanzJrOFswOPGv-ZNjj1aJAA5GItCTsyj-bSxd4x-t6tOrpgNbK5dVYFwlSdkPrgUkVBaZuVPAh48f3mYXVVp-m5k24F0NSXpU0MpXcwafjrN9d9-pLBsFr-ymt8hXtSq03AYdX7RLcDhDajHIhAHZaDepIsrpBwCeN-_LdpVtL360ULQNmmnqkSFgvWhBroF_joLf_lxNlp6UQI6pwiNlkWM6kzATUeXuM4n_EtP03EViMrv2S791ZIPwvg4YryyY9H_NJQ750W2C85j7GL5ZG6ZH8-M27Zh5Qzq6sDFfH6L5vnY8T7KGZOhw2nxLQ3elkGvMFU1DXOSYa6A2TSrTCK7RJjddByvJo38x3RI1dlsvSBjhItkUzq-8g5vHxKRTQJ2OHm4_U-pD669VZmT0BizJSkeLQfqD1ii4IoENMwlCV0VjCjjbxaZ3_aARIPq6f0YM1UZukm9UmAhOzlNHvxe7QjH6AceLEAbTF6Rhs2dTlXhNAouu_4OvasjBllFhIm-RISAmJSIyEBJ3_NCotPa_o5Oh-0fi6YGT2jty__bm1KZU4d5P7668jmiybFU6ciXN1hMTSOk_xprNqV7ymkAkuLri5gzkqtcPVpyKyaWEv2qmrLGd2OaOV4J1OIYcTuYwRXHOPSt-gOVfCYuOpVtslug0",
          "e": "AQAB"
        },
        "attributes": {
          "enabled": true,
          "created": 1691709522,
          "updated": 1691709522,
          "recoveryLevel": "CustomizedRecoverable\u002BPurgeable",
          "recoverableDays": 7,
          "exportable": false,
          "hsmPlatform": "0"
        }
      }
    },
    {
      "RequestUri": "https://login.microsoftonline.com/00000000-0000-0000-0000-000000000000/v2.0/.well-known/openid-configuration",
      "RequestMethod": "GET",
      "RequestHeaders": {
        "Accept": "*/*",
        "Accept-Encoding": "gzip, deflate",
        "Connection": "keep-alive",
        "User-Agent": "azsdk-python-identity/1.14.0b3 Python/3.10.12 (Linux-5.15.90.1-microsoft-standard-WSL2-x86_64-with-glibc2.35)"
      },
      "RequestBody": null,
      "StatusCode": 200,
      "ResponseHeaders": {
        "Access-Control-Allow-Methods": "GET, OPTIONS",
        "Access-Control-Allow-Origin": "*",
        "Cache-Control": "max-age=86400, private",
        "Content-Length": "1753",
        "Content-Type": "application/json; charset=utf-8",
        "Date": "Thu, 10 Aug 2023 23:18:43 GMT",
        "P3P": "CP=\u0022DSP CUR OTPi IND OTRi ONL FIN\u0022",
        "Set-Cookie": [
          "fpc=AvI6j1GF5YlAkEHyKIG_pshuNWSNDgAAAAhnZ9wOAAAAJHZTdAsAAAALZ2fcDgAAAA; expires=Sat, 09-Sep-2023 23:18:43 GMT; path=/; secure; HttpOnly; SameSite=None",
          "x-ms-gateway-slice=estsfd; path=/; secure; samesite=none; httponly"
        ],
        "Strict-Transport-Security": "max-age=31536000; includeSubDomains",
        "X-Content-Type-Options": "nosniff",
        "x-ms-ests-server": "2.1.16110.6 - NCUS ProdSlices",
        "X-XSS-Protection": "0"
      },
      "ResponseBody": {
        "token_endpoint": "https://login.microsoftonline.com/00000000-0000-0000-0000-000000000000/oauth2/v2.0/token",
        "token_endpoint_auth_methods_supported": [
          "client_secret_post",
          "private_key_jwt",
          "client_secret_basic"
        ],
        "jwks_uri": "https://login.microsoftonline.com/00000000-0000-0000-0000-000000000000/discovery/v2.0/keys",
        "response_modes_supported": [
          "query",
          "fragment",
          "form_post"
        ],
        "subject_types_supported": [
          "pairwise"
        ],
        "id_token_signing_alg_values_supported": [
          "RS256"
        ],
        "response_types_supported": [
          "code",
          "id_token",
          "code id_token",
          "id_token token"
        ],
        "scopes_supported": [
          "openid",
          "profile",
          "email",
          "offline_access"
        ],
        "issuer": "https://login.microsoftonline.com/00000000-0000-0000-0000-000000000000/v2.0",
        "request_uri_parameter_supported": false,
        "userinfo_endpoint": "https://graph.microsoft.com/oidc/userinfo",
        "authorization_endpoint": "https://login.microsoftonline.com/00000000-0000-0000-0000-000000000000/oauth2/v2.0/authorize",
        "device_authorization_endpoint": "https://login.microsoftonline.com/00000000-0000-0000-0000-000000000000/oauth2/v2.0/devicecode",
        "http_logout_supported": true,
        "frontchannel_logout_supported": true,
        "end_session_endpoint": "https://login.microsoftonline.com/00000000-0000-0000-0000-000000000000/oauth2/v2.0/logout",
        "claims_supported": [
          "sub",
          "iss",
          "cloud_instance_name",
          "cloud_instance_host_name",
          "cloud_graph_host_name",
          "msgraph_host",
          "aud",
          "exp",
          "iat",
          "auth_time",
          "acr",
          "nonce",
          "preferred_username",
          "name",
          "tid",
          "ver",
          "at_hash",
          "c_hash",
          "email"
        ],
        "kerberos_endpoint": "https://login.microsoftonline.com/00000000-0000-0000-0000-000000000000/kerberos",
        "tenant_region_scope": "WW",
        "cloud_instance_name": "microsoftonline.com",
        "cloud_graph_host_name": "graph.windows.net",
        "msgraph_host": "graph.microsoft.com",
        "rbac_url": "https://pas.windows.net"
      }
    },
    {
      "RequestUri": "https://login.microsoftonline.com/common/discovery/instance?api-version=1.1\u0026authorization_endpoint=https://login.microsoftonline.com/common/oauth2/authorize",
      "RequestMethod": "GET",
      "RequestHeaders": {
        "Accept": "application/json",
        "Accept-Encoding": "gzip, deflate",
        "Connection": "keep-alive",
        "Cookie": "fpc=AvI6j1GF5YlAkEHyKIG_pshuNWSNDgAAAAhnZ9wOAAAAJHZTdAsAAAALZ2fcDgAAAA; x-ms-gateway-slice=estsfd",
        "User-Agent": "azsdk-python-identity/1.14.0b3 Python/3.10.12 (Linux-5.15.90.1-microsoft-standard-WSL2-x86_64-with-glibc2.35)"
      },
      "RequestBody": null,
      "StatusCode": 200,
      "ResponseHeaders": {
        "Access-Control-Allow-Methods": "GET, OPTIONS",
        "Access-Control-Allow-Origin": "*",
        "Cache-Control": "max-age=86400, private",
        "Content-Length": "945",
        "Content-Type": "application/json; charset=utf-8",
        "Date": "Thu, 10 Aug 2023 23:18:43 GMT",
        "P3P": "CP=\u0022DSP CUR OTPi IND OTRi ONL FIN\u0022",
        "Set-Cookie": [
          "fpc=AvI6j1GF5YlAkEHyKIG_pshuNWSNDgAAAAhnZ9wOAAAAJHZTdAsAAAALZ2fcDgAAAA; expires=Sat, 09-Sep-2023 23:18:43 GMT; path=/; secure; HttpOnly; SameSite=None",
          "x-ms-gateway-slice=estsfd; path=/; secure; samesite=none; httponly"
        ],
        "Strict-Transport-Security": "max-age=31536000; includeSubDomains",
        "X-Content-Type-Options": "nosniff",
        "x-ms-ests-server": "2.1.15984.6 - SCUS ProdSlices",
        "X-XSS-Protection": "0"
      },
      "ResponseBody": {
        "tenant_discovery_endpoint": "https://login.microsoftonline.com/common/.well-known/openid-configuration",
        "api-version": "1.1",
        "metadata": [
          {
            "preferred_network": "login.microsoftonline.com",
            "preferred_cache": "login.windows.net",
            "aliases": [
              "login.microsoftonline.com",
              "login.windows.net",
              "login.microsoft.com",
              "sts.windows.net"
            ]
          },
          {
            "preferred_network": "login.partner.microsoftonline.cn",
            "preferred_cache": "login.partner.microsoftonline.cn",
            "aliases": [
              "login.partner.microsoftonline.cn",
              "login.chinacloudapi.cn"
            ]
          },
          {
            "preferred_network": "login.microsoftonline.de",
            "preferred_cache": "login.microsoftonline.de",
            "aliases": [
              "login.microsoftonline.de"
            ]
          },
          {
            "preferred_network": "login.microsoftonline.us",
            "preferred_cache": "login.microsoftonline.us",
            "aliases": [
              "login.microsoftonline.us",
              "login.usgovcloudapi.net"
            ]
          },
          {
            "preferred_network": "login-us.microsoftonline.com",
            "preferred_cache": "login-us.microsoftonline.com",
            "aliases": [
              "login-us.microsoftonline.com"
            ]
          }
        ]
      }
    },
    {
      "RequestUri": "https://vaultname.vault.azure.net/keys/livekvtestwrap-localba062f31/d4bdbe585ac0447e8a93090abfb5bc13/unwrapkey?api-version=7.5-preview.1",
      "RequestMethod": "POST",
      "RequestHeaders": {
        "Accept": "application/json",
        "Accept-Encoding": "gzip, deflate",
        "Connection": "keep-alive",
        "Content-Length": "715",
        "Content-Type": "application/json",
        "User-Agent": "azsdk-python-keyvault-keys/4.9.0b2 Python/3.10.12 (Linux-5.15.90.1-microsoft-standard-WSL2-x86_64-with-glibc2.35)"
      },
      "RequestBody": {
        "alg": "RSA-OAEP",
        "value": "uMG1tUccagpwrbO1k6eVvMVNgYj3e5Dqfz1jgd5pxeOz7kLkt2qrHjNIdeU422nqjJKz3-aA1-Tha0lip5lodmeXfYy243yDni4NfMZ3cTP0H6lgAtMVqlsThUSQtT3HQTRLyvukaLnF7E9gDUdfzY-YNuShGzEryaAeF997k-GJ0MBWSFNC4zB-nZbspk08RH5E9wzMel2QCEw45ysgDNm7Ncxd5AqO8E3WjUfc5wFgFLmEK5-pL0V4LhCcxYaGOJEmLKc7ajJ_1sT0dVQ0ehOc0gWJjWANg1xvEMFgNial168pPPKV3xbF-Mmqiv_Zw6SV5yaTL01ma2W9WLwsi-8nps_eb85pfSYvhot3hMvGXgrz819_J4DOAIrPjGDwhnSJhAMN_aaVFS3xHwQERY29oT4hFpIzrvs0wY7dbp-CFr-kWJz3Uh6l6lN3tqrsEHcVW_33UoV0zT4MTFA8yEWLJyJI0ObD1OrouHUru3mY7To_kF4zRfzR4P1sNqZwXuvmV2JaaZGZqz2cOQkVouklFnNaT1iWepxDWZLODGY6XU2PTVwLoy4qkD5mxvowK-rXlbrf38N6OzHqRHf4J2MTyVlmBA1Hu3MlQKgtsI1obv10F_jMPzxqXAkVEiQ5hzR2VCc4FIiMRR46jc9wIGBu00EX32okwmju8QQXBUM"
      },
      "StatusCode": 200,
      "ResponseHeaders": {
        "Cache-Control": "no-cache",
        "Content-Length": "388",
        "Content-Type": "application/json; charset=utf-8",
        "Date": "Thu, 10 Aug 2023 23:18:43 GMT",
        "Expires": "-1",
        "Pragma": "no-cache",
        "Strict-Transport-Security": "max-age=31536000;includeSubDomains",
        "X-Content-Type-Options": "nosniff",
        "x-ms-keyvault-network-info": "conn_type=Ipv4;addr=172.92.159.124;act_addr_fam=InterNetwork;",
        "x-ms-keyvault-rbac-assignment-id": "910ca882-e750-55a2-a885-baae8abf3046",
        "x-ms-keyvault-rbac-cache": "ra_age=152;da_age=8570;rd_age=8570;brd_age=4048;ra_notif_age=476;dec_lev=1;",
        "x-ms-keyvault-region": "northcentralus",
        "x-ms-keyvault-service-version": "1.9.908.1"
      },
      "ResponseBody": {
        "kid": "https://vaultname.vault.azure.net/keys/livekvtestwrap-localba062f31/d4bdbe585ac0447e8a93090abfb5bc13",
        "value": "NTA2M2U2YWFhODQ1ZjE1MDIwMDU0Nzk0NGZkMTk5Njc5Yzk4ZWQ2Zjk5ZGEwYTBiMmRhZmVhZjFmNDY4NDQ5NmZkNTMyYzFjMjI5OTY4Y2I5ZGVlNDQ5NTdmY2VmN2NjZWY1OWNlZGEwYjM2MmU1NmJjZDc4ZmQzZmFlZTU3ODFjNjIzYzBiYjIyYjM1YmVhYmRlMDY2NGZkMzBlMGU4MjRhYmEzZGQxYjBhZmZmYzRhM2Q5NTVlZGUyMGNmNmE4NTRkNTJjZmQ"
      }
    },
    {
      "RequestUri": "https://vaultname.vault.azure.net/keys/livekvtestwrap-localba062f31/d4bdbe585ac0447e8a93090abfb5bc13/unwrapkey?api-version=7.5-preview.1",
      "RequestMethod": "POST",
      "RequestHeaders": {
        "Accept": "application/json",
        "Accept-Encoding": "gzip, deflate",
        "Connection": "keep-alive",
        "Content-Length": "719",
        "Content-Type": "application/json",
        "User-Agent": "azsdk-python-keyvault-keys/4.9.0b2 Python/3.10.12 (Linux-5.15.90.1-microsoft-standard-WSL2-x86_64-with-glibc2.35)"
      },
      "RequestBody": {
        "alg": "RSA-OAEP-256",
        "value": "dL0DAkp-l1oCFMZiwAZ3HDkOK_HpK8U_qhEo1ZJ19VxAFLicgKy904Y1UspCtr_FZLA6jF_UjKk6oOKsuuWMmfnUPi1am4dhw-OmHk80o_GZIjke25du4lt27uhdrcQTFCFskRBqhnn_C_UDrRWtlpuTPM8JdP6v5JOGb0Tebp8qNspjvn8sBrLO9hMBsTgsLcqknDCkn_hrpTgVMA8K6vMXefq-mveaDpG5X9cjMZZgO7m5RS6aP1u-PK-KoragVQrU9DTrU59iiR9ffqE7hstFxalbvNN7Xu0nNfzToBX5GXRW_fyI1Dj2TfFGPQxnj2cEt7qcw7ShL82Mv-q8wlvobjDGcYeTvPFtCR8rsEBX7p-SDqFsJDxeN1v9kFW2sy6joDvFonKIITclKl5VbIq5AkmZIe-UqK5Cz3-hARD4NWcHK-PJgAVXMkU7jnIFJqmSuQCIfX3I8mNBO2D0mKTtY8ezgojBFeeuTvrXYo2AP0QpS08eoX78wjOa6lArBUo8LNa2b7m1h1Vu4uxoBtZynTMD8dMZn4uvdqpsTXCoHhu8GV821_ipddLOpgaiSn2-YY0dzC0OZRjNbxfULCOIQ3OBKace7IoqGauZwO59BnY6B6qNBYIIHE6bn9NeSBOtst3Ggo_J9OZFEH7YZ6vNQMu02FAo_a1ZpYq1IJ0"
      },
      "StatusCode": 200,
      "ResponseHeaders": {
        "Cache-Control": "no-cache",
        "Content-Length": "388",
        "Content-Type": "application/json; charset=utf-8",
        "Date": "Thu, 10 Aug 2023 23:18:44 GMT",
        "Expires": "-1",
        "Pragma": "no-cache",
        "Strict-Transport-Security": "max-age=31536000;includeSubDomains",
        "X-Content-Type-Options": "nosniff",
        "x-ms-keyvault-network-info": "conn_type=Ipv4;addr=172.92.159.124;act_addr_fam=InterNetwork;",
        "x-ms-keyvault-rbac-assignment-id": "910ca882-e750-55a2-a885-baae8abf3046",
        "x-ms-keyvault-rbac-cache": "ra_age=152;da_age=8570;rd_age=8570;brd_age=4048;ra_notif_age=476;dec_lev=0;",
        "x-ms-keyvault-region": "northcentralus",
        "x-ms-keyvault-service-version": "1.9.908.1"
      },
      "ResponseBody": {
        "kid": "https://vaultname.vault.azure.net/keys/livekvtestwrap-localba062f31/d4bdbe585ac0447e8a93090abfb5bc13",
        "value": "NTA2M2U2YWFhODQ1ZjE1MDIwMDU0Nzk0NGZkMTk5Njc5Yzk4ZWQ2Zjk5ZGEwYTBiMmRhZmVhZjFmNDY4NDQ5NmZkNTMyYzFjMjI5OTY4Y2I5ZGVlNDQ5NTdmY2VmN2NjZWY1OWNlZGEwYjM2MmU1NmJjZDc4ZmQzZmFlZTU3ODFjNjIzYzBiYjIyYjM1YmVhYmRlMDY2NGZkMzBlMGU4MjRhYmEzZGQxYjBhZmZmYzRhM2Q5NTVlZGUyMGNmNmE4NTRkNTJjZmQ"
      }
    },
    {
      "RequestUri": "https://vaultname.vault.azure.net/keys/livekvtestwrap-localba062f31/d4bdbe585ac0447e8a93090abfb5bc13/unwrapkey?api-version=7.5-preview.1",
      "RequestMethod": "POST",
      "RequestHeaders": {
        "Accept": "application/json",
        "Accept-Encoding": "gzip, deflate",
        "Connection": "keep-alive",
        "Content-Length": "713",
        "Content-Type": "application/json",
        "User-Agent": "azsdk-python-keyvault-keys/4.9.0b2 Python/3.10.12 (Linux-5.15.90.1-microsoft-standard-WSL2-x86_64-with-glibc2.35)"
      },
      "RequestBody": {
        "alg": "RSA1_5",
        "value": "foZPc9c3ODnGxxH2jPuOa1xB1t7znkvGxHeZu_s5LNK5zIcYH_j84Wuko97pGLGUwcP7oiOoj94MXOHnn7xUsbl_PZ9r0lSvDmLgeHwYS9tqvD8JD9xmi74T2OTkv4fM75Mts9Y7y2aM3d6qY3mDLQfWtKrTdKx-zIxgg5FtyZ6cwMxJ8LuSff2VWvEK_Tq3wdAJXdlIhlcvhfjuwIzmyn8DAUec0zcOS-O7DcoKcyBFe6WJUz5-3hCOeHqA_29HYobQUiA2NfNW2IMs86eQ6Fqtwk3uBncV5M_V1bPiBxu37fE7gtIOExEIlHI24Qn1qau9R6gkI8-r9BzsWgYpqxAw6xra-238ICiEtwT35xV9dlkhUg3CHV7E3lWtz8EKzJNV83hK8R-bGf4gnWoUWzjF0yfJm6EP9PldIwdYs_Il9Hu9Fwjr-Kq4n_qFKsPV1tfFdcMJQLP4BFDJRzFrBIVarVI_GZN6KK4pC-I4uN-7QpXzttOUCPkrow9ujBMJXo6dLztXCYm9RUXYgCkjMAlUkoi__9BJ-T0QwaW5g1CJBeMJLNE3tc4lVo6PPIVZpaF0VwfYnvKNZaE3dZ2dCVUek3dydnDgmo5nTBHeasfdj6M-_jg3GpSWW7BJWsfrd7sMmkuygnQthhEKP8IG44JF8HXdPtYnechOOWDsyfo"
      },
      "StatusCode": 200,
      "ResponseHeaders": {
        "Cache-Control": "no-cache",
        "Content-Length": "388",
        "Content-Type": "application/json; charset=utf-8",
        "Date": "Thu, 10 Aug 2023 23:18:44 GMT",
        "Expires": "-1",
        "Pragma": "no-cache",
        "Strict-Transport-Security": "max-age=31536000;includeSubDomains",
        "X-Content-Type-Options": "nosniff",
        "x-ms-keyvault-network-info": "conn_type=Ipv4;addr=172.92.159.124;act_addr_fam=InterNetwork;",
        "x-ms-keyvault-rbac-assignment-id": "910ca882-e750-55a2-a885-baae8abf3046",
        "x-ms-keyvault-rbac-cache": "ra_age=152;da_age=8570;rd_age=8570;brd_age=4049;ra_notif_age=476;dec_lev=0;",
        "x-ms-keyvault-region": "northcentralus",
        "x-ms-keyvault-service-version": "1.9.908.1"
      },
      "ResponseBody": {
        "kid": "https://vaultname.vault.azure.net/keys/livekvtestwrap-localba062f31/d4bdbe585ac0447e8a93090abfb5bc13",
        "value": "NTA2M2U2YWFhODQ1ZjE1MDIwMDU0Nzk0NGZkMTk5Njc5Yzk4ZWQ2Zjk5ZGEwYTBiMmRhZmVhZjFmNDY4NDQ5NmZkNTMyYzFjMjI5OTY4Y2I5ZGVlNDQ5NTdmY2VmN2NjZWY1OWNlZGEwYjM2MmU1NmJjZDc4ZmQzZmFlZTU3ODFjNjIzYzBiYjIyYjM1YmVhYmRlMDY2NGZkMzBlMGU4MjRhYmEzZGQxYjBhZmZmYzRhM2Q5NTVlZGUyMGNmNmE4NTRkNTJjZmQ"
      }
    }
  ],
  "Variables": {}
}
