{
  "Entries": [
    {
      "RequestUri": "https://Sanitized.managedhsm.azure.net/keys/livekvtestmultitenant-key88703873/create?api-version=7.6-preview.2",
      "RequestMethod": "POST",
      "RequestHeaders": {
        "Accept": "application/json",
        "Accept-Encoding": "gzip, deflate",
        "Content-Length": "0",
        "Content-Type": "application/json",
        "User-Agent": "azsdk-python-keyvault-keys/4.10.1 Python/3.10.12 (Linux-5.15.167.4-microsoft-standard-WSL2-x86_64-with-glibc2.35)"
      },
      "RequestBody": null,
      "StatusCode": 401,
      "ResponseHeaders": {
        "Cache-Control": "no-cache",
        "Content-Length": "0",
        "Content-Security-Policy": "default-src 'self'",
        "Content-Type": "application/json; charset=utf-8",
        "Strict-Transport-Security": "max-age=31536000; includeSubDomains",
        "WWW-Authenticate": "Bearer authorization=\"https://login.microsoftonline.com/72f988bf-86f1-41af-91ab-2d7cd011db47\", resource=\"https://managedhsm.azure.net\"",
        "X-Content-Type-Options": "nosniff",
        "X-Frame-Options": "SAMEORIGIN",
        "x-ms-server-latency": "0"
      },
      "ResponseBody": null
    },
    {
      "RequestUri": "https://Sanitized.managedhsm.azure.net/keys/livekvtestmultitenant-key88703873/create?api-version=7.6-preview.2",
      "RequestMethod": "POST",
      "RequestHeaders": {
        "Accept": "application/json",
        "Accept-Encoding": "gzip, deflate",
        "Content-Length": "14",
        "Content-Type": "application/json",
        "User-Agent": "azsdk-python-keyvault-keys/4.10.1 Python/3.10.12 (Linux-5.15.167.4-microsoft-standard-WSL2-x86_64-with-glibc2.35)"
      },
      "RequestBody": {
        "kty": "RSA"
      },
      "StatusCode": 200,
      "ResponseHeaders": {
        "Cache-Control": "no-cache",
        "Content-Length": "745",
        "Content-Security-Policy": "default-src 'self'",
        "Content-Type": "application/json; charset=utf-8",
        "Strict-Transport-Security": "max-age=31536000; includeSubDomains",
        "X-Content-Type-Options": "nosniff",
        "X-Frame-Options": "SAMEORIGIN",
        "x-ms-keyvault-network-info": "conn_type=Ipv4;addr=136.27.70.204;act_addr_fam=Ipv4;",
        "x-ms-keyvault-region": "brazilsouth",
        "x-ms-server-latency": "113"
      },
      "ResponseBody": {
        "attributes": {
          "created": 1741741883,
          "enabled": true,
          "exportable": false,
          "recoverableDays": 7,
          "recoveryLevel": "CustomizedRecoverable+Purgeable",
          "updated": 1741741883
        },
        "key": {
          "e": "AQAB",
          "key_ops": [
            "wrapKey",
            "sign",
            "verify",
            "encrypt",
            "decrypt",
            "unwrapKey"
          ],
          "kid": "https://managedhsmvaultname.managedhsm.azure.net/keys/livekvtestmultitenant-key88703873/5093d16ca275451b89c5f736d422f95e",
          "kty": "RSA-HSM",
          "n": "isPXVuLgXpcfQJ0elQD7laaz_Bt9F1gc_Bi34z_PFvLRPtFhoEeDVyJLeUNE0qOZYbHky0mA7XD0-npKIyGKb8CL7bzmSoKVGLAeiRxWNlISD-8_Dchaw8g5qXZ9oG4HyH5DuLEU3MYv0oFzbNDyyk4uShs7MSUUUuVsWnTRs7IRh2wNkoU2VJ41k0IBTKXS0Se5l8uQPKp-Y4cvPybzWW7dz1DG-x88QfiFszom7RaljsZYb8pnxm1QF0fb0lpgx-IKmDVrQcN366pVqtEuRH11AOSR4os9gihd1o9_lXs5fO4fgHJQN6cUvri_ty1PXbpey9oiYBpRABWTWQL2rw"
        }
      }
    },
    {
      "RequestUri": "https://Sanitized.managedhsm.azure.net/keys/livekvtestmultitenant-key88703873/?api-version=7.6-preview.2",
      "RequestMethod": "GET",
      "RequestHeaders": {
        "Accept": "application/json",
        "Accept-Encoding": "gzip, deflate",
        "User-Agent": "azsdk-python-keyvault-keys/4.10.1 Python/3.10.12 (Linux-5.15.167.4-microsoft-standard-WSL2-x86_64-with-glibc2.35)"
      },
      "RequestBody": null,
      "StatusCode": 200,
      "ResponseHeaders": {
        "Cache-Control": "no-cache",
        "Content-Length": "745",
        "Content-Security-Policy": "default-src 'self'",
        "Content-Type": "application/json; charset=utf-8",
        "Strict-Transport-Security": "max-age=31536000; includeSubDomains",
        "X-Content-Type-Options": "nosniff",
        "X-Frame-Options": "SAMEORIGIN",
        "x-ms-build-version": "1.0.20250221-1-e4accbbe-develop",
        "x-ms-keyvault-network-info": "conn_type=Ipv4;addr=136.27.70.204;act_addr_fam=Ipv4;",
        "x-ms-keyvault-region": "brazilsouth",
        "x-ms-server-latency": "4"
      },
      "ResponseBody": {
        "attributes": {
          "created": 1741741883,
          "enabled": true,
          "exportable": false,
          "recoverableDays": 7,
          "recoveryLevel": "CustomizedRecoverable+Purgeable",
          "updated": 1741741883
        },
        "key": {
          "e": "AQAB",
          "key_ops": [
            "unwrapKey",
            "decrypt",
            "encrypt",
            "verify",
            "sign",
            "wrapKey"
          ],
          "kid": "https://managedhsmvaultname.managedhsm.azure.net/keys/livekvtestmultitenant-key88703873/5093d16ca275451b89c5f736d422f95e",
          "kty": "RSA-HSM",
          "n": "isPXVuLgXpcfQJ0elQD7laaz_Bt9F1gc_Bi34z_PFvLRPtFhoEeDVyJLeUNE0qOZYbHky0mA7XD0-npKIyGKb8CL7bzmSoKVGLAeiRxWNlISD-8_Dchaw8g5qXZ9oG4HyH5DuLEU3MYv0oFzbNDyyk4uShs7MSUUUuVsWnTRs7IRh2wNkoU2VJ41k0IBTKXS0Se5l8uQPKp-Y4cvPybzWW7dz1DG-x88QfiFszom7RaljsZYb8pnxm1QF0fb0lpgx-IKmDVrQcN366pVqtEuRH11AOSR4os9gihd1o9_lXs5fO4fgHJQN6cUvri_ty1PXbpey9oiYBpRABWTWQL2rw"
        }
      }
    }
  ],
  "Variables": {}
}
