{
  "Entries": [
    {
      "RequestUri": "https://managedhsmvaultname.managedhsm.azure.net/keys/livekvtestrsa-verify-2048f3453774/create?api-version=7.4-preview.1",
      "RequestMethod": "POST",
      "RequestHeaders": {
        "Accept": "application/json",
        "Accept-Encoding": "gzip, deflate",
        "Content-Length": "0",
        "Content-Type": "application/json",
        "User-Agent": "azsdk-python-keyvault-keys/4.8.0b2 Python/3.10.0 (Windows-10-10.0.22621-SP0)"
      },
      "RequestBody": null,
      "StatusCode": 401,
      "ResponseHeaders": {
        "Cache-Control": "no-cache",
        "Content-Length": "0",
        "Content-Security-Policy": "default-src \u0027self\u0027",
        "Content-Type": "application/json; charset=utf-8",
        "Strict-Transport-Security": "max-age=31536000; includeSubDomains",
        "WWW-Authenticate": "Bearer authorization=\u0022https://login.microsoftonline.com/00000000-0000-0000-0000-000000000000\u0022, resource=\u0022https://managedhsm.azure.net\u0022",
        "X-Content-Type-Options": "nosniff",
        "X-Frame-Options": "SAMEORIGIN",
        "x-ms-server-latency": "4"
      },
      "ResponseBody": null
    },
    {
      "RequestUri": "https://managedhsmvaultname.managedhsm.azure.net/keys/livekvtestrsa-verify-2048f3453774/create?api-version=7.4-preview.1",
      "RequestMethod": "POST",
      "RequestHeaders": {
        "Accept": "application/json",
        "Accept-Encoding": "gzip, deflate",
        "Content-Length": "36",
        "Content-Type": "application/json",
        "User-Agent": "azsdk-python-keyvault-keys/4.8.0b2 Python/3.10.0 (Windows-10-10.0.22621-SP0)"
      },
      "RequestBody": {
        "kty": "RSA-HSM",
        "key_size": 2048
      },
      "StatusCode": 200,
      "ResponseHeaders": {
        "Cache-Control": "no-cache",
        "Content-Length": "745",
        "Content-Security-Policy": "default-src \u0027self\u0027",
        "Content-Type": "application/json; charset=utf-8",
        "Strict-Transport-Security": "max-age=31536000; includeSubDomains",
        "X-Content-Type-Options": "nosniff",
        "X-Frame-Options": "SAMEORIGIN",
        "x-ms-keyvault-network-info": "conn_type=Ipv4;addr=172.92.159.124;act_addr_fam=Ipv4;",
        "x-ms-keyvault-region": "canadacentral",
        "x-ms-server-latency": "293"
      },
      "ResponseBody": {
        "attributes": {
          "created": 1668579487,
          "enabled": true,
          "exportable": false,
          "recoverableDays": 7,
          "recoveryLevel": "CustomizedRecoverable\u002BPurgeable",
          "updated": 1668579487
        },
        "key": {
          "e": "AQAB",
          "key_ops": [
            "wrapKey",
            "decrypt",
            "encrypt",
            "unwrapKey",
            "sign",
            "verify"
          ],
          "kid": "https://managedhsmvaultname.managedhsm.azure.net/keys/livekvtestrsa-verify-2048f3453774/c302ff78a4c70c5c04fb34e3b7e72a2a",
          "kty": "RSA-HSM",
          "n": "uLbMtoUlr1cvqKCM-rElklDrmwtEEyvFkxLAf4fvnAidR4_J1ijSk_mdERb0PPxBDZ78efHVp8tERlDHX3PdKnhunmpyzCpENieeHRUe19eAxwaunD1kpCKRh3m13gFKDyO-UJuiDC1Hr43XkiLWBFALKcmgDN1EMwXeLrPiYnN_hrfWYruUxc0AZk_E8KYTDM5UTD5Fi2i-HJOOp2tPtNOoArVieuckzoRBbfmjgBSTJ-aBfDxMDMtCwxz2AmvUuWfUcuGmfBB1wjX8IMRCVU7iFnBpekoMBH0Qrf9G7iN5B7m1ap-6niV58C9rFcUac4iQEBNeDaukLvWjOVhbeQ"
        }
      }
    },
    {
      "RequestUri": "https://managedhsmvaultname.managedhsm.azure.net/keys/livekvtestrsa-verify-2048f3453774/c302ff78a4c70c5c04fb34e3b7e72a2a/sign?api-version=7.4-preview.1",
      "RequestMethod": "POST",
      "RequestHeaders": {
        "Accept": "application/json",
        "Accept-Encoding": "gzip, deflate",
        "Content-Length": "72",
        "Content-Type": "application/json",
        "User-Agent": "azsdk-python-keyvault-keys/4.8.0b2 Python/3.10.0 (Windows-10-10.0.22621-SP0)"
      },
      "RequestBody": {
        "alg": "PS256",
        "value": "vgZc0NQUb6WMKX___V2JntcFRO_vszKwSAj7R2rL1zg"
      },
      "StatusCode": 200,
      "ResponseHeaders": {
        "Cache-Control": "no-cache",
        "Content-Length": "497",
        "Content-Security-Policy": "default-src \u0027self\u0027",
        "Content-Type": "application/json; charset=utf-8",
        "Strict-Transport-Security": "max-age=31536000; includeSubDomains",
        "X-Content-Type-Options": "nosniff",
        "X-Frame-Options": "SAMEORIGIN",
        "x-ms-keyvault-network-info": "conn_type=Ipv4;addr=172.92.159.124;act_addr_fam=Ipv4;",
        "x-ms-keyvault-region": "canadacentral",
        "x-ms-server-latency": "190"
      },
      "ResponseBody": {
        "alg": "PS256",
        "kid": "https://managedhsmvaultname.managedhsm.azure.net/keys/livekvtestrsa-verify-2048f3453774/c302ff78a4c70c5c04fb34e3b7e72a2a",
        "value": "cEzOiQSumlU2Ow2LobB1GaF0Z9QI2JNWGaJPIKh3SWqvOR8CfoPyiS_9bqmREN2U5F14mxCQ_ZD-G70ODCSv-7w3hKqZUoLf2FqJmZhFyV0S2pqnWrvWpYLhoofN99My9Zaw5Ogj1psqRR9Jrii-LOllaAiq7akguV2AAdjsqrDYK3lhTyHVLnJgSVhr23AblkuKTLTP1gLSg9lRScred5oC4wpb9clxVgr-6plGdVRqSY12jNyp0OzaseywMWSr7vo7llR46Lua4ft87mULHLLIY1vqccDCtklcNH7rhT_t5u0G7I7PSaUZnzD3ydlfPK7LWdZoPH3zQM1m_Oowzw"
      }
    },
    {
      "RequestUri": "https://managedhsmvaultname.managedhsm.azure.net/keys/livekvtestrsa-verify-2048f3453774/c302ff78a4c70c5c04fb34e3b7e72a2a/sign?api-version=7.4-preview.1",
      "RequestMethod": "POST",
      "RequestHeaders": {
        "Accept": "application/json",
        "Accept-Encoding": "gzip, deflate",
        "Content-Length": "93",
        "Content-Type": "application/json",
        "User-Agent": "azsdk-python-keyvault-keys/4.8.0b2 Python/3.10.0 (Windows-10-10.0.22621-SP0)"
      },
      "RequestBody": {
        "alg": "PS384",
        "value": "OnZY76NXJ8_MBkjnc9b9RiaL5OYscmrTal040wQuLFlRrnLvJFecIvZl2KjXqwVB"
      },
      "StatusCode": 200,
      "ResponseHeaders": {
        "Cache-Control": "no-cache",
        "Content-Length": "497",
        "Content-Security-Policy": "default-src \u0027self\u0027",
        "Content-Type": "application/json; charset=utf-8",
        "Strict-Transport-Security": "max-age=31536000; includeSubDomains",
        "X-Content-Type-Options": "nosniff",
        "X-Frame-Options": "SAMEORIGIN",
        "x-ms-keyvault-network-info": "conn_type=Ipv4;addr=172.92.159.124;act_addr_fam=Ipv4;",
        "x-ms-keyvault-region": "canadacentral",
        "x-ms-server-latency": "5"
      },
      "ResponseBody": {
        "alg": "PS384",
        "kid": "https://managedhsmvaultname.managedhsm.azure.net/keys/livekvtestrsa-verify-2048f3453774/c302ff78a4c70c5c04fb34e3b7e72a2a",
        "value": "i-26OuEPJYghNDYF9gVxFKd_6q2nU3Qs1FrFvWCpbe06vbSIzTdDB01SgLkh99BhXhPNed2mNiSdj-h7X3cvagUR7N7Fhin8ap_HgSlqIdVdzlE3T7sc_YMxs8QiK30Umt6YNAJDrTMt4dujv1IK6F-SZVg0huLiZLSceyCftApYyOlUdckq5NmP5Nunq8jBEmJllNv_DPlCRg0OUxkpmgw2Y3AZIRObChI_AmhgvV0XCfTSvbT7J6sodi6ScOUQonktEZfc-l_H9wc541RJ9KFU5Px1tg4QJblsP380f-Pn3AR4VReMZt120paesbQ1GU7W1pJ6rHfZaTeP4FdBHw"
      }
    },
    {
      "RequestUri": "https://managedhsmvaultname.managedhsm.azure.net/keys/livekvtestrsa-verify-2048f3453774/c302ff78a4c70c5c04fb34e3b7e72a2a/sign?api-version=7.4-preview.1",
      "RequestMethod": "POST",
      "RequestHeaders": {
        "Accept": "application/json",
        "Accept-Encoding": "gzip, deflate",
        "Content-Length": "115",
        "Content-Type": "application/json",
        "User-Agent": "azsdk-python-keyvault-keys/4.8.0b2 Python/3.10.0 (Windows-10-10.0.22621-SP0)"
      },
      "RequestBody": {
        "alg": "PS512",
        "value": "zZyL-eOHDnnq34aZaWgBMobx4x2Pm3mPRo4eqnRmLK6sE0jsXZFOFhMXaTcvILQxovTsMMh9JupeojYCnDvfrQ"
      },
      "StatusCode": 200,
      "ResponseHeaders": {
        "Cache-Control": "no-cache",
        "Content-Length": "497",
        "Content-Security-Policy": "default-src \u0027self\u0027",
        "Content-Type": "application/json; charset=utf-8",
        "Strict-Transport-Security": "max-age=31536000; includeSubDomains",
        "X-Content-Type-Options": "nosniff",
        "X-Frame-Options": "SAMEORIGIN",
        "x-ms-keyvault-network-info": "conn_type=Ipv4;addr=172.92.159.124;act_addr_fam=Ipv4;",
        "x-ms-keyvault-region": "canadacentral",
        "x-ms-server-latency": "4"
      },
      "ResponseBody": {
        "alg": "PS512",
        "kid": "https://managedhsmvaultname.managedhsm.azure.net/keys/livekvtestrsa-verify-2048f3453774/c302ff78a4c70c5c04fb34e3b7e72a2a",
        "value": "U_Uj2zEUbZzsROOO7zv8P62OlWtywT9UvTG2HgECxiA0tVYBN9vYRGkJh-AVezuKXxkRPMDqx0YaPmbSoZLsHxFMmIHpwbE6xaLY0kAfKuOk30GMs9OFRgVEJWpcJYpciPdwCBKQKUNrOpp5PmCkVruDrRq_A8Mb1k7ucU7RJI90HhH7mq73Mnz1cvAfdzSbvXRum_Ey0pwQ_14mws9yuhPhcAxfdN6_yr7NCmOrZ-nrzdXOBiV2ayqoJbmkAW9hFbT2F7nMz6oyhta89wgiz8fkuv6SzT1jYLGoLZU5jSRW9t01gO5ySbEb8tj_08tNiqFsf2DJZZ-CyytFq1zUfQ"
      }
    },
    {
      "RequestUri": "https://managedhsmvaultname.managedhsm.azure.net/keys/livekvtestrsa-verify-2048f3453774/c302ff78a4c70c5c04fb34e3b7e72a2a/sign?api-version=7.4-preview.1",
      "RequestMethod": "POST",
      "RequestHeaders": {
        "Accept": "application/json",
        "Accept-Encoding": "gzip, deflate",
        "Content-Length": "72",
        "Content-Type": "application/json",
        "User-Agent": "azsdk-python-keyvault-keys/4.8.0b2 Python/3.10.0 (Windows-10-10.0.22621-SP0)"
      },
      "RequestBody": {
        "alg": "RS256",
        "value": "vgZc0NQUb6WMKX___V2JntcFRO_vszKwSAj7R2rL1zg"
      },
      "StatusCode": 200,
      "ResponseHeaders": {
        "Cache-Control": "no-cache",
        "Content-Length": "497",
        "Content-Security-Policy": "default-src \u0027self\u0027",
        "Content-Type": "application/json; charset=utf-8",
        "Strict-Transport-Security": "max-age=31536000; includeSubDomains",
        "X-Content-Type-Options": "nosniff",
        "X-Frame-Options": "SAMEORIGIN",
        "x-ms-keyvault-network-info": "conn_type=Ipv4;addr=172.92.159.124;act_addr_fam=Ipv4;",
        "x-ms-keyvault-region": "canadacentral",
        "x-ms-server-latency": "4"
      },
      "ResponseBody": {
        "alg": "RS256",
        "kid": "https://managedhsmvaultname.managedhsm.azure.net/keys/livekvtestrsa-verify-2048f3453774/c302ff78a4c70c5c04fb34e3b7e72a2a",
        "value": "AaD6dJUa0d6oKD4IfifLz3wLOhgXv33lg8dkllOGFYKQTVAH7oak4WnLDx2spU_WXIAw1YIIPRSNxA4ORo7Fb6MS0IbmnY71TNKamj0QT1Lm3m8WvcA_nSiuddEf-YaKwyF4ymoRMOttNU2dtpDo_5HWmK6_EsG8EtLatbRVI2nGZNBJ_q1eVCUsElZ89JFwID8oCOzPjtNHXcp1Z0am_PFRr0t5-pPb20tHi-QgioDS1r9Tuk7fkihnwFXjS77LFtDBPFb9Uq9Tm5Vasb_VPxPHzZQAp0daI9HxvRYQuj8O4IBvL02ak20EwgBsWkFHr49giIzY7Cy9CvnV43hUFw"
      }
    },
    {
      "RequestUri": "https://managedhsmvaultname.managedhsm.azure.net/keys/livekvtestrsa-verify-2048f3453774/c302ff78a4c70c5c04fb34e3b7e72a2a/sign?api-version=7.4-preview.1",
      "RequestMethod": "POST",
      "RequestHeaders": {
        "Accept": "application/json",
        "Accept-Encoding": "gzip, deflate",
        "Content-Length": "93",
        "Content-Type": "application/json",
        "User-Agent": "azsdk-python-keyvault-keys/4.8.0b2 Python/3.10.0 (Windows-10-10.0.22621-SP0)"
      },
      "RequestBody": {
        "alg": "RS384",
        "value": "OnZY76NXJ8_MBkjnc9b9RiaL5OYscmrTal040wQuLFlRrnLvJFecIvZl2KjXqwVB"
      },
      "StatusCode": 200,
      "ResponseHeaders": {
        "Cache-Control": "no-cache",
        "Content-Length": "497",
        "Content-Security-Policy": "default-src \u0027self\u0027",
        "Content-Type": "application/json; charset=utf-8",
        "Strict-Transport-Security": "max-age=31536000; includeSubDomains",
        "X-Content-Type-Options": "nosniff",
        "X-Frame-Options": "SAMEORIGIN",
        "x-ms-keyvault-network-info": "conn_type=Ipv4;addr=172.92.159.124;act_addr_fam=Ipv4;",
        "x-ms-keyvault-region": "canadacentral",
        "x-ms-server-latency": "4"
      },
      "ResponseBody": {
        "alg": "RS384",
        "kid": "https://managedhsmvaultname.managedhsm.azure.net/keys/livekvtestrsa-verify-2048f3453774/c302ff78a4c70c5c04fb34e3b7e72a2a",
        "value": "hWpdp1XZloVyohyYEIzGm1c1Bil5Tw_Bnse4Rkg4ICcrsryl-D9_T50majDKKmXwtiw7TbmYQ9b7PpXsTiCk0ukQ0ZB85q0hL_WnFH4iDC1RIOxtyIpJDR2oCJ4k-bsvhjYxejOp0E8ox8pAXtEmmMMpnTwXmyD5wAzZM925pYnJW0AkyNmtpozmbSGtMBoG0fPT_2_xmBz3GemQnNXpX_0nrJzBhyMvUYoNLrUNx_qEyGhkwP2k4KRl-rPvUuiiSwhb93cWdZ9DE5Gnv3cJ24HzcN9PSBxLLcrpsuig1BhHMTdkfEO4m22h1dn4mREPTVM0ZRmzlJlp2edZCkvs2A"
      }
    },
    {
      "RequestUri": "https://managedhsmvaultname.managedhsm.azure.net/keys/livekvtestrsa-verify-2048f3453774/c302ff78a4c70c5c04fb34e3b7e72a2a/sign?api-version=7.4-preview.1",
      "RequestMethod": "POST",
      "RequestHeaders": {
        "Accept": "application/json",
        "Accept-Encoding": "gzip, deflate",
        "Content-Length": "115",
        "Content-Type": "application/json",
        "User-Agent": "azsdk-python-keyvault-keys/4.8.0b2 Python/3.10.0 (Windows-10-10.0.22621-SP0)"
      },
      "RequestBody": {
        "alg": "RS512",
        "value": "zZyL-eOHDnnq34aZaWgBMobx4x2Pm3mPRo4eqnRmLK6sE0jsXZFOFhMXaTcvILQxovTsMMh9JupeojYCnDvfrQ"
      },
      "StatusCode": 200,
      "ResponseHeaders": {
        "Cache-Control": "no-cache",
        "Content-Length": "497",
        "Content-Security-Policy": "default-src \u0027self\u0027",
        "Content-Type": "application/json; charset=utf-8",
        "Strict-Transport-Security": "max-age=31536000; includeSubDomains",
        "X-Content-Type-Options": "nosniff",
        "X-Frame-Options": "SAMEORIGIN",
        "x-ms-keyvault-network-info": "conn_type=Ipv4;addr=172.92.159.124;act_addr_fam=Ipv4;",
        "x-ms-keyvault-region": "canadacentral",
        "x-ms-server-latency": "4"
      },
      "ResponseBody": {
        "alg": "RS512",
        "kid": "https://managedhsmvaultname.managedhsm.azure.net/keys/livekvtestrsa-verify-2048f3453774/c302ff78a4c70c5c04fb34e3b7e72a2a",
        "value": "h1xFbGIeBMAgDHKqB9R2dhHhuigdeDaUo3DiFP37H5hMG28ezWDsZGpEOEpnela6ZT7o-kwth5PQJEMHgED-q8FEWoHH57omtJzgRubZ_jTa8MXZfBown8d2T495QW5DneTrqpk4P5vu5WyBE2QDqJevTW6rcniwAK-ig0p0F4gYivwr2En8pOW2ZxMD07TVUXemcJGaXgch5KQO0QfPHa46i9hkuQwiIQJ8sDeqIOylG-kycpt6bsOdDyBAjIHgqrGWpZlkUC7Av5qrkAGYJM0M034IF-j0lBmQcGe3sCIvBFv6UwrA44uT8Hg0vkX5YZeNYv_AEswJcFNUCXIrtw"
      }
    },
    {
      "RequestUri": "https://managedhsmvaultname.managedhsm.azure.net/keys/livekvtestrsa-verify-3072f3453774/create?api-version=7.4-preview.1",
      "RequestMethod": "POST",
      "RequestHeaders": {
        "Accept": "application/json",
        "Accept-Encoding": "gzip, deflate",
        "Content-Length": "36",
        "Content-Type": "application/json",
        "User-Agent": "azsdk-python-keyvault-keys/4.8.0b2 Python/3.10.0 (Windows-10-10.0.22621-SP0)"
      },
      "RequestBody": {
        "kty": "RSA-HSM",
        "key_size": 3072
      },
      "StatusCode": 200,
      "ResponseHeaders": {
        "Cache-Control": "no-cache",
        "Content-Length": "915",
        "Content-Security-Policy": "default-src \u0027self\u0027",
        "Content-Type": "application/json; charset=utf-8",
        "Strict-Transport-Security": "max-age=31536000; includeSubDomains",
        "X-Content-Type-Options": "nosniff",
        "X-Frame-Options": "SAMEORIGIN",
        "x-ms-keyvault-network-info": "conn_type=Ipv4;addr=172.92.159.124;act_addr_fam=Ipv4;",
        "x-ms-keyvault-region": "canadacentral",
        "x-ms-server-latency": "303"
      },
      "ResponseBody": {
        "attributes": {
          "created": 1668579490,
          "enabled": true,
          "exportable": false,
          "recoverableDays": 7,
          "recoveryLevel": "CustomizedRecoverable\u002BPurgeable",
          "updated": 1668579490
        },
        "key": {
          "e": "AQAB",
          "key_ops": [
            "wrapKey",
            "decrypt",
            "encrypt",
            "unwrapKey",
            "sign",
            "verify"
          ],
          "kid": "https://managedhsmvaultname.managedhsm.azure.net/keys/livekvtestrsa-verify-3072f3453774/eceb97b7a68c4be10c44d40efaf8d4ba",
          "kty": "RSA-HSM",
          "n": "iHqe-DV7bD1MXnBiSm7jwnZ9hapvQZiU69gSXer55amCWLVBE6ilctpMklbRcR-Ys9WEpsCRQ3dZppZMCUCBf5IJEH3Fv-HjFcxUb-INuaOLPUXcL7CpfOPYUmPqpB_Om9X2sq6WujFbiiTwAy6zeQ4KqIBSOFwe8lRnOUk9hOzFVW7qfwY4i3We8cyDp-JABngXHJI0lm_HwjFRDTETfewmg_9QXPIBiodgBeaWSSwl-f_lUEk48jggtbq4BrlFw6HeqZzCJ6IO8PBFR1aVxFovnHifWx7Y9RC5yJfJggRlkt1DLq-FUpkO1Fw2gHF_hfwuBlpVpWFTs45rTPcbiWEaxs97r-hGpO_9Rsf9XB1KhtTv2r8Oy2HLdmfamKj1zGIdkamALhktFX8bdJAoKjzXHC5NHAKhKlv2qL6_wFqtuT9Mo_GynTt1LtyMV0LWJ75aktraUTicVDjjI68SFnMbxFCSetWPG37BNVQUGX3-iI9OR_DwcPajM8hc5d5l"
        }
      }
    },
    {
      "RequestUri": "https://managedhsmvaultname.managedhsm.azure.net/keys/livekvtestrsa-verify-3072f3453774/eceb97b7a68c4be10c44d40efaf8d4ba/sign?api-version=7.4-preview.1",
      "RequestMethod": "POST",
      "RequestHeaders": {
        "Accept": "application/json",
        "Accept-Encoding": "gzip, deflate",
        "Content-Length": "72",
        "Content-Type": "application/json",
        "User-Agent": "azsdk-python-keyvault-keys/4.8.0b2 Python/3.10.0 (Windows-10-10.0.22621-SP0)"
      },
      "RequestBody": {
        "alg": "PS256",
        "value": "vgZc0NQUb6WMKX___V2JntcFRO_vszKwSAj7R2rL1zg"
      },
      "StatusCode": 200,
      "ResponseHeaders": {
        "Cache-Control": "no-cache",
        "Content-Length": "667",
        "Content-Security-Policy": "default-src \u0027self\u0027",
        "Content-Type": "application/json; charset=utf-8",
        "Strict-Transport-Security": "max-age=31536000; includeSubDomains",
        "X-Content-Type-Options": "nosniff",
        "X-Frame-Options": "SAMEORIGIN",
        "x-ms-keyvault-network-info": "conn_type=Ipv4;addr=172.92.159.124;act_addr_fam=Ipv4;",
        "x-ms-keyvault-region": "canadacentral",
        "x-ms-server-latency": "176"
      },
      "ResponseBody": {
        "alg": "PS256",
        "kid": "https://managedhsmvaultname.managedhsm.azure.net/keys/livekvtestrsa-verify-3072f3453774/eceb97b7a68c4be10c44d40efaf8d4ba",
        "value": "Mb1ptnkVBwKJOqz9nt875U-ibOsddF0VZznvVUa83m3erQXohjatA6dERQQQNPWQfJleUuI8irgTDe5c-DmmiT0M1QWEllJ281mC7hU1qyePmxFABuIRda_7DqqiJbrzbR4QJRnP8xB2czu3ug0USCs8aoMMFtFwsZGUoPhxv7MjGzjwi9u5C2T_dVPHsXauasVEsrCf3vrUQbY4_2Zh8qIrByR9qCCmux31D9GQ5RQ8JZ5ZQUj7wXDCWLPvPKivnhVYiNOTYYS5v7SuPo9JOAfPZVJgVY9pWdkGuK1WQuG--FLPQg8I8hrNzyuUuQRvMuwXHA4tnLKHRNWOwMxMxn33qKLKZfzJocmWchiHReGjPvbVBhzyORCOVJFayfyk947KTzLmwsKoLsHXABADnblp_dXg8RAwxzLH1zpCC507IzfLu-dTgLTAeW0H9k4pkw5VoAF3-wbasVzTLklqF37Jw1yrUXu2OTQohnoKZcswg0jSA9gQnhYOy6t51WIq"
      }
    },
    {
      "RequestUri": "https://managedhsmvaultname.managedhsm.azure.net/keys/livekvtestrsa-verify-3072f3453774/eceb97b7a68c4be10c44d40efaf8d4ba/sign?api-version=7.4-preview.1",
      "RequestMethod": "POST",
      "RequestHeaders": {
        "Accept": "application/json",
        "Accept-Encoding": "gzip, deflate",
        "Content-Length": "93",
        "Content-Type": "application/json",
        "User-Agent": "azsdk-python-keyvault-keys/4.8.0b2 Python/3.10.0 (Windows-10-10.0.22621-SP0)"
      },
      "RequestBody": {
        "alg": "PS384",
        "value": "OnZY76NXJ8_MBkjnc9b9RiaL5OYscmrTal040wQuLFlRrnLvJFecIvZl2KjXqwVB"
      },
      "StatusCode": 200,
      "ResponseHeaders": {
        "Cache-Control": "no-cache",
        "Content-Length": "667",
        "Content-Security-Policy": "default-src \u0027self\u0027",
        "Content-Type": "application/json; charset=utf-8",
        "Strict-Transport-Security": "max-age=31536000; includeSubDomains",
        "X-Content-Type-Options": "nosniff",
        "X-Frame-Options": "SAMEORIGIN",
        "x-ms-keyvault-network-info": "conn_type=Ipv4;addr=172.92.159.124;act_addr_fam=Ipv4;",
        "x-ms-keyvault-region": "canadacentral",
        "x-ms-server-latency": "7"
      },
      "ResponseBody": {
        "alg": "PS384",
        "kid": "https://managedhsmvaultname.managedhsm.azure.net/keys/livekvtestrsa-verify-3072f3453774/eceb97b7a68c4be10c44d40efaf8d4ba",
        "value": "gYei8iEnoGP6c2IyTkZtNJ24a1ncp0JG0ozN0-LSVr841cUcz9lchS3v14uZh13kDVOvdCWvVrya52eMF5VOjlNNr7J9V20qU7pjCBvtpvrKm10CGLKfG7MXH2-iAR_y5c0YYAAXjGP5dJFfYOoUurLcawa12jaFFJS1qLfs1EUkC41666VMvGOq2F3Oaiq2NaQ3Od80L3hqRj0VeV0OpgREkDxFwJTgESF8OTOTj67h53zdMe7MxHdsxJEanshM4B3U1mZ1GpoXkLhbYs7CU6HI5-vtMmlSsnzXnK87TfJEM2s3MLehvbpnn_02sZIBxriTvqfUufKg4v2_zWuD29mYm-XXlt1SEgf1c3a3JnM--4xzj3cdc0yzj0-Iy5lE6ZuWIUZOKjIbkYKllnLPWoSS9UyZ4ZJFdEfDI0_9KTOcOkquwJCPKHEwTNrCzdfthbORAley7qS4aL9hv8KgkSUxChPhpIiqWQcb_k0DLzBIej_rzMSUuDfSM3OduCtV"
      }
    },
    {
      "RequestUri": "https://managedhsmvaultname.managedhsm.azure.net/keys/livekvtestrsa-verify-3072f3453774/eceb97b7a68c4be10c44d40efaf8d4ba/sign?api-version=7.4-preview.1",
      "RequestMethod": "POST",
      "RequestHeaders": {
        "Accept": "application/json",
        "Accept-Encoding": "gzip, deflate",
        "Content-Length": "115",
        "Content-Type": "application/json",
        "User-Agent": "azsdk-python-keyvault-keys/4.8.0b2 Python/3.10.0 (Windows-10-10.0.22621-SP0)"
      },
      "RequestBody": {
        "alg": "PS512",
        "value": "zZyL-eOHDnnq34aZaWgBMobx4x2Pm3mPRo4eqnRmLK6sE0jsXZFOFhMXaTcvILQxovTsMMh9JupeojYCnDvfrQ"
      },
      "StatusCode": 200,
      "ResponseHeaders": {
        "Cache-Control": "no-cache",
        "Content-Length": "667",
        "Content-Security-Policy": "default-src \u0027self\u0027",
        "Content-Type": "application/json; charset=utf-8",
        "Strict-Transport-Security": "max-age=31536000; includeSubDomains",
        "X-Content-Type-Options": "nosniff",
        "X-Frame-Options": "SAMEORIGIN",
        "x-ms-keyvault-network-info": "conn_type=Ipv4;addr=172.92.159.124;act_addr_fam=Ipv4;",
        "x-ms-keyvault-region": "canadacentral",
        "x-ms-server-latency": "7"
      },
      "ResponseBody": {
        "alg": "PS512",
        "kid": "https://managedhsmvaultname.managedhsm.azure.net/keys/livekvtestrsa-verify-3072f3453774/eceb97b7a68c4be10c44d40efaf8d4ba",
        "value": "SyFXBdVwBAeV0OC9ywWmSiWefzaQjJ56iMVwhzgyyya1tO-v5ob_lXFvHYfc6GtPDNGb_-EzeSQKiarFpWUzSQWmfQJerj_6VLwhWqK87cBFxNsQkXcLjsWBVnqSkptJpdHBwa8-9jw_-nTotO6IOQdUYeYjSY2KUm_8EtAfa1DFEpyYkaGw2cUb6T7liwPusUlNvuv-P9mD-_xW1vbkR4O8b7scGnGGzkIGHYWvk9l0zNbHabe6qi-9cMA6O0xhPiL9hxwQDpDudOv_AsmghSH1L_9TuahdXY2P3WW7vVRqdSaZbHERpYf0t2ZdXDKQgB-UHNfhOetok_jkwZIMbKF2jr1iij7GbYY5YiZd0VZ2B3pfZP5qYItUWOvvqgTjunSiSNo9ThV1KYZbEWSS8a4Bprhvlh-zQt9JOyH14Uza8OmziDjWGMJ7QKuNqBjlwWOPeIBOBxeoYdxsO_di-E65A2otB2LvAc_uTtpdql2dW_PG0E89YlRsohfEzGUT"
      }
    },
    {
      "RequestUri": "https://managedhsmvaultname.managedhsm.azure.net/keys/livekvtestrsa-verify-3072f3453774/eceb97b7a68c4be10c44d40efaf8d4ba/sign?api-version=7.4-preview.1",
      "RequestMethod": "POST",
      "RequestHeaders": {
        "Accept": "application/json",
        "Accept-Encoding": "gzip, deflate",
        "Content-Length": "72",
        "Content-Type": "application/json",
        "User-Agent": "azsdk-python-keyvault-keys/4.8.0b2 Python/3.10.0 (Windows-10-10.0.22621-SP0)"
      },
      "RequestBody": {
        "alg": "RS256",
        "value": "vgZc0NQUb6WMKX___V2JntcFRO_vszKwSAj7R2rL1zg"
      },
      "StatusCode": 200,
      "ResponseHeaders": {
        "Cache-Control": "no-cache",
        "Content-Length": "667",
        "Content-Security-Policy": "default-src \u0027self\u0027",
        "Content-Type": "application/json; charset=utf-8",
        "Strict-Transport-Security": "max-age=31536000; includeSubDomains",
        "X-Content-Type-Options": "nosniff",
        "X-Frame-Options": "SAMEORIGIN",
        "x-ms-keyvault-network-info": "conn_type=Ipv4;addr=172.92.159.124;act_addr_fam=Ipv4;",
        "x-ms-keyvault-region": "canadacentral",
        "x-ms-server-latency": "6"
      },
      "ResponseBody": {
        "alg": "RS256",
        "kid": "https://managedhsmvaultname.managedhsm.azure.net/keys/livekvtestrsa-verify-3072f3453774/eceb97b7a68c4be10c44d40efaf8d4ba",
        "value": "ZoLVhbkDZYmBWdQ33iRQdvnn_OiOVLoC6R4UiqtNRmD0F5eACL9DxTh5VFPZcAaTEdRLE_k_sC5H4Q2ZGo1wjc_8dkee-x1m5jYz8bEKDxocYd2Hkz0mU8jjvkW4BDkpnq9rJolPcIEHaC6YJ0WYrN8ZM68LNxTUL51Omzex8kpHE08PF-HK5SMJWnj5zCH-YgIeadJY7x1dEaKKWL5bJlHV8wmQJ8uurkRGhYxGnhLuuRIAB4fUsUI6L5ckByU4iji4TnNCVPommZSe6Lm35SQ9lzlTXEJ7PBK-bpq8hYzXW_yqDSc_8m2viLk017o1FG907m4cbCurYZRCzXyhC9TpocJwvRCmsAXDGJszoCvBlWXN8HG16X3nZj6aAbOfeXRYK6Dh-YoBHxv9mVRtoXmeFzVub34e-CCcIyZ-naMpS3-zYhhUoIDZgU8AMoILwJRcN7QWKPvgUTLqYiZGAIp11Wb66CHtDVFqFPmofgF4dZDIjKsNSrH2kkQF2ciW"
      }
    },
    {
      "RequestUri": "https://managedhsmvaultname.managedhsm.azure.net/keys/livekvtestrsa-verify-3072f3453774/eceb97b7a68c4be10c44d40efaf8d4ba/sign?api-version=7.4-preview.1",
      "RequestMethod": "POST",
      "RequestHeaders": {
        "Accept": "application/json",
        "Accept-Encoding": "gzip, deflate",
        "Content-Length": "93",
        "Content-Type": "application/json",
        "User-Agent": "azsdk-python-keyvault-keys/4.8.0b2 Python/3.10.0 (Windows-10-10.0.22621-SP0)"
      },
      "RequestBody": {
        "alg": "RS384",
        "value": "OnZY76NXJ8_MBkjnc9b9RiaL5OYscmrTal040wQuLFlRrnLvJFecIvZl2KjXqwVB"
      },
      "StatusCode": 200,
      "ResponseHeaders": {
        "Cache-Control": "no-cache",
        "Content-Length": "667",
        "Content-Security-Policy": "default-src \u0027self\u0027",
        "Content-Type": "application/json; charset=utf-8",
        "Strict-Transport-Security": "max-age=31536000; includeSubDomains",
        "X-Content-Type-Options": "nosniff",
        "X-Frame-Options": "SAMEORIGIN",
        "x-ms-keyvault-network-info": "conn_type=Ipv4;addr=172.92.159.124;act_addr_fam=Ipv4;",
        "x-ms-keyvault-region": "canadacentral",
        "x-ms-server-latency": "9"
      },
      "ResponseBody": {
        "alg": "RS384",
        "kid": "https://managedhsmvaultname.managedhsm.azure.net/keys/livekvtestrsa-verify-3072f3453774/eceb97b7a68c4be10c44d40efaf8d4ba",
        "value": "QtSv0rpKYGa_m6cAoS8dGYccsapfQrMFuVvKdXt355cyusZDASOE_cmmJs6ubO04oUfDlG0jVjZ64u97MdwlDwykvFVQfLZzlmEonEZN3-P3ZhBHuYkiIfoL2rFAsux5RWGNAdYuW8BkhIeLcwQOd5I-iQMckAOHx-6hl0iD8DNDjX0h3fTMZFUlCmdRNRUnacxtptPs1FcYBsvQ0E9PkhIUk6HaxidgqaMOxQo5kcI7BuVg4WdZiY7J6nOwCa5q3gq32I0AGuP1Br5afNzvVIZ4HnQ-wK4fFW4YzETloVamSl6e-U_2ERxXIO89ABzlTRnCPNRUM2851xIU9XmrYr0uu0wKxdk1XbqDR7n9ES45twJ-TsTq5D9pf4qmWrrUos8nbGADnGdtBxMTAJoE7-3So6Hz4esbXTfnEfqVYQbyoPlUMj-CAqVeqyQrd0nc-qd9BhA7WXCgzbP4Z6Fsie52bUF44AL6FkxYngpGwzCX4JYqPoxk4be43Gn0iiKP"
      }
    },
    {
      "RequestUri": "https://managedhsmvaultname.managedhsm.azure.net/keys/livekvtestrsa-verify-3072f3453774/eceb97b7a68c4be10c44d40efaf8d4ba/sign?api-version=7.4-preview.1",
      "RequestMethod": "POST",
      "RequestHeaders": {
        "Accept": "application/json",
        "Accept-Encoding": "gzip, deflate",
        "Content-Length": "115",
        "Content-Type": "application/json",
        "User-Agent": "azsdk-python-keyvault-keys/4.8.0b2 Python/3.10.0 (Windows-10-10.0.22621-SP0)"
      },
      "RequestBody": {
        "alg": "RS512",
        "value": "zZyL-eOHDnnq34aZaWgBMobx4x2Pm3mPRo4eqnRmLK6sE0jsXZFOFhMXaTcvILQxovTsMMh9JupeojYCnDvfrQ"
      },
      "StatusCode": 200,
      "ResponseHeaders": {
        "Cache-Control": "no-cache",
        "Content-Length": "667",
        "Content-Security-Policy": "default-src \u0027self\u0027",
        "Content-Type": "application/json; charset=utf-8",
        "Strict-Transport-Security": "max-age=31536000; includeSubDomains",
        "X-Content-Type-Options": "nosniff",
        "X-Frame-Options": "SAMEORIGIN",
        "x-ms-keyvault-network-info": "conn_type=Ipv4;addr=172.92.159.124;act_addr_fam=Ipv4;",
        "x-ms-keyvault-region": "canadacentral",
        "x-ms-server-latency": "7"
      },
      "ResponseBody": {
        "alg": "RS512",
        "kid": "https://managedhsmvaultname.managedhsm.azure.net/keys/livekvtestrsa-verify-3072f3453774/eceb97b7a68c4be10c44d40efaf8d4ba",
        "value": "bpB94GrNdPpKfLp3rUjmrP65NtHX_6brKEa__6FslED2zfHampMVFWTLDQYT6shB4Tr_9v94rGUAhR8pd4XV5ZwuV0aPZUQYArxxA1PUuqJ02DQqFRgLdmOCKjKvXZe_9dz3CldLxPoz9kLRh8XUgubZA9dSBxosvIKARIhpmz3yNkRE-d9PesMbr3fErMlPFRao3xR3NOydafpvJQ3dF6TC6zyvQqsabAuttJk6JfBLuAIS5SKeSdP1o74Yc3sW5suVhos2OmqTrZ9B7oO8FQKZ11oEDvqOaRfs4z5AGyMtEjIny3n5niWa-BjH_mMBixd-_jsRlyyO43aTLu9_jDh15sr8aa9YffDLOOzsAN_iOG5DVN2xcdNKumw_0rCVeWMR2te_tL0jTwqxG3f87lWylP5uRMYN-9Z4w30YSdDHUXUAla6R7uX8_DQWEDDZsSdgatKtsSBhs2BLBkda5QFS07lj_heY10N8HRMJu5BSUl6raEdMEgOmUmSRYv_K"
      }
    },
    {
      "RequestUri": "https://managedhsmvaultname.managedhsm.azure.net/keys/livekvtestrsa-verify-4096f3453774/create?api-version=7.4-preview.1",
      "RequestMethod": "POST",
      "RequestHeaders": {
        "Accept": "application/json",
        "Accept-Encoding": "gzip, deflate",
        "Content-Length": "36",
        "Content-Type": "application/json",
        "User-Agent": "azsdk-python-keyvault-keys/4.8.0b2 Python/3.10.0 (Windows-10-10.0.22621-SP0)"
      },
      "RequestBody": {
        "kty": "RSA-HSM",
        "key_size": 4096
      },
      "StatusCode": 200,
      "ResponseHeaders": {
        "Cache-Control": "no-cache",
        "Content-Length": "1086",
        "Content-Security-Policy": "default-src \u0027self\u0027",
        "Content-Type": "application/json; charset=utf-8",
        "Strict-Transport-Security": "max-age=31536000; includeSubDomains",
        "X-Content-Type-Options": "nosniff",
        "X-Frame-Options": "SAMEORIGIN",
        "x-ms-keyvault-network-info": "conn_type=Ipv4;addr=172.92.159.124;act_addr_fam=Ipv4;",
        "x-ms-keyvault-region": "canadacentral",
        "x-ms-server-latency": "299"
      },
      "ResponseBody": {
        "attributes": {
          "created": 1668579493,
          "enabled": true,
          "exportable": false,
          "recoverableDays": 7,
          "recoveryLevel": "CustomizedRecoverable\u002BPurgeable",
          "updated": 1668579493
        },
        "key": {
          "e": "AQAB",
          "key_ops": [
            "wrapKey",
            "decrypt",
            "encrypt",
            "unwrapKey",
            "sign",
            "verify"
          ],
          "kid": "https://managedhsmvaultname.managedhsm.azure.net/keys/livekvtestrsa-verify-4096f3453774/e0786f5a6bd80c7a2d4be3c58f0c5911",
          "kty": "RSA-HSM",
          "n": "jcGc7CR528H8ceKAM0X0Krs7WDZzfVm62RxLNiMg7n8wHoQqW8HLX7H0whJNRMHWun0Dt-n0RbD4lsLIzF5IW1JrhvDPdjp39KparnL_pmK_qzUWSwBsOtIjGhiU5rS-67y5j4gfKEAvmUwEgpshMHyJ1Il0b9tMF0hcMAm6vut2c_DVJ6e4KI37tcoNp0z8-I2TpBvxPr2dMB-GM8FfEqxCvBm9QsEgdCKVWbmdFu18fvNCFDvfxXdrpm5mYyEZlPHRVJrADhJAr9dhQzBiaZz8V76ZxNODIalkFZEpwXQThV2h5q8JsmjSjt8SCfeIDnZYbwiI2tqsR78wOyObbtIOGy56oA4dUX93XWPApQHJySAaO6sGyEG1h_Xpt0oAd3cmnrTvbPX84_tZsszIx5mwiN3cfeUlM2Ra4AmQZbiVQm1lo-XbRrrAdB6mtZOUDoSSZoAsaYgR-IxihSdESyriwHVNJ-a1DGqcK8HC0dOuHpo9sPg0YXdvUfc9pnIBmn-WZFI2gfJdutBIgB_gXRWdyTzFtDrpI4ZCd93DBnuHVB00Z5l8SK2NxCdiNqXbmf4tLLDBQViCoDDL8G0NzJu0Y03857eJxuJG-Kbdpod0ImiuQT6o4Y4vHwzbeProTWECQxhAUzT74j_7S-JNwmzQO7-R_1TFvmA82rMxBdk"
        }
      }
    },
    {
      "RequestUri": "https://managedhsmvaultname.managedhsm.azure.net/keys/livekvtestrsa-verify-4096f3453774/e0786f5a6bd80c7a2d4be3c58f0c5911/sign?api-version=7.4-preview.1",
      "RequestMethod": "POST",
      "RequestHeaders": {
        "Accept": "application/json",
        "Accept-Encoding": "gzip, deflate",
        "Content-Length": "72",
        "Content-Type": "application/json",
        "User-Agent": "azsdk-python-keyvault-keys/4.8.0b2 Python/3.10.0 (Windows-10-10.0.22621-SP0)"
      },
      "RequestBody": {
        "alg": "PS256",
        "value": "vgZc0NQUb6WMKX___V2JntcFRO_vszKwSAj7R2rL1zg"
      },
      "StatusCode": 200,
      "ResponseHeaders": {
        "Cache-Control": "no-cache",
        "Content-Length": "838",
        "Content-Security-Policy": "default-src \u0027self\u0027",
        "Content-Type": "application/json; charset=utf-8",
        "Strict-Transport-Security": "max-age=31536000; includeSubDomains",
        "X-Content-Type-Options": "nosniff",
        "X-Frame-Options": "SAMEORIGIN",
        "x-ms-keyvault-network-info": "conn_type=Ipv4;addr=172.92.159.124;act_addr_fam=Ipv4;",
        "x-ms-keyvault-region": "canadacentral",
        "x-ms-server-latency": "195"
      },
      "ResponseBody": {
        "alg": "PS256",
        "kid": "https://managedhsmvaultname.managedhsm.azure.net/keys/livekvtestrsa-verify-4096f3453774/e0786f5a6bd80c7a2d4be3c58f0c5911",
        "value": "XPN4Cx1NdcXLRd-MtGSDGJupY-E8etD2DZ0p43RSNLyJFvpbCBed3Kqz8km0DhgoNpsh3MtSMbE7zbYJ6KCLjfwBUTN-ApVM2_aG7hskhnmk5vI0Fyo6IOTC5ovuooD4BDiYvzPId2hyk9xjAZ7oNkuMAjB2ST9Duc5HtBNpDE3kQwKprRPIuXnXpyhb6DHIRSUnhIzQ5zBUTQwUm4A6cXmHq6S9TAuaCwShucPBYVS3kgmFb4IX-8IUyb3IROTmrgoIE3h_aBSydKrh5_K6WEp8_hWW3QN2bWK7ZAJabuzMg-f_YKFGG0QvAfonoZEiSXTsnbk8Gxle0tJTXhEr4uB96S8olf6MsJJ0pCAuvj27OBmPHyvX2sOF-lqiqmbEWc69uzd2QQJzqcjJU8twEZL6NLayOQQJWfCwLEGwsIrIfobegGPH-TfPUtHbyLBlnMz9kiJNrIa-nj3TlCBkLtOMEmz5eUbXG5a920teP4PIKAQoEWprg7NNhTNVL_rNXkq4yvhxxUm1ONmfn9Hdh8l_3KsFm-n3H6YJEmo_BKsdyt1aZRhd7fl9b7LwdigXEwG5HXxU-0Mg5UC6lThZ3DgvpDWodbxQapA1cUuhLneWCt2hGyPu3JkuIxBwNEO7EWRylTt1mdCEfiDvkPop_FGqT7cznRMYq1Tz8lx_Jik"
      }
    },
    {
      "RequestUri": "https://managedhsmvaultname.managedhsm.azure.net/keys/livekvtestrsa-verify-4096f3453774/e0786f5a6bd80c7a2d4be3c58f0c5911/sign?api-version=7.4-preview.1",
      "RequestMethod": "POST",
      "RequestHeaders": {
        "Accept": "application/json",
        "Accept-Encoding": "gzip, deflate",
        "Content-Length": "93",
        "Content-Type": "application/json",
        "User-Agent": "azsdk-python-keyvault-keys/4.8.0b2 Python/3.10.0 (Windows-10-10.0.22621-SP0)"
      },
      "RequestBody": {
        "alg": "PS384",
        "value": "OnZY76NXJ8_MBkjnc9b9RiaL5OYscmrTal040wQuLFlRrnLvJFecIvZl2KjXqwVB"
      },
      "StatusCode": 200,
      "ResponseHeaders": {
        "Cache-Control": "no-cache",
        "Content-Length": "838",
        "Content-Security-Policy": "default-src \u0027self\u0027",
        "Content-Type": "application/json; charset=utf-8",
        "Strict-Transport-Security": "max-age=31536000; includeSubDomains",
        "X-Content-Type-Options": "nosniff",
        "X-Frame-Options": "SAMEORIGIN",
        "x-ms-keyvault-network-info": "conn_type=Ipv4;addr=172.92.159.124;act_addr_fam=Ipv4;",
        "x-ms-keyvault-region": "canadacentral",
        "x-ms-server-latency": "14"
      },
      "ResponseBody": {
        "alg": "PS384",
        "kid": "https://managedhsmvaultname.managedhsm.azure.net/keys/livekvtestrsa-verify-4096f3453774/e0786f5a6bd80c7a2d4be3c58f0c5911",
        "value": "IrrP95UfV8x64dNBf1R9L-T95VCW-tb46UoWBV8qpXNJOyu7ffuyLVCBpJGjshp07ujBAVqAA6_nx3Z3hVn2EREcnRxNWZRChjuMczBRuIreAtmx4NCUnO5_gO8xq0ofN0mGkLfyeiRwOafIgKk9AUWotUR_S8snV9wBD5r723nD8KlM9CU1ehG2elbDNdoxKP81j9WU0BZ05e8meRsNGUu28ycsOpg5X__qyqeL5vax1Q4Y8_KJQ5bHs3d4dCgS4CrG6tjRZwqPTUt4szvb1HF5WMVPgm8LSuc46gBt3tcptQTp6amYo79kLVjHtjYBeknOMU5tzlTPsqfjw0ogZ9eemTGYao9c00KfejTSrcm81bmRn_xsu3ohHNEDVNelR5Vm_nW1fxkWp3qCwx4_YtQqIbhuwD-1EVK_Lkfn-dt3aHINXKT3Q-mtdaPWLoZv8NBJb726yrBKrm9eQNELxrUwJlZ_9CIvoJ_bapGOW1zYOychmjUVogFfx9VOF7poVDG3jut3mTnVyqUb1YaOKaL7pQPhN3skRpHUEr7uA5DLQqZEWDBnfOgJ7szxDr8oxyzOeGB_M_ZDWkeTe7flXuOHUhPY4UIKXHA_2UEG28aGNTp_t7VLNhSv1-ECBEYwTnfydWUDJGz27PUKEpNmKhyr-2E59O86tGHUn1HErqU"
      }
    },
    {
      "RequestUri": "https://managedhsmvaultname.managedhsm.azure.net/keys/livekvtestrsa-verify-4096f3453774/e0786f5a6bd80c7a2d4be3c58f0c5911/sign?api-version=7.4-preview.1",
      "RequestMethod": "POST",
      "RequestHeaders": {
        "Accept": "application/json",
        "Accept-Encoding": "gzip, deflate",
        "Content-Length": "115",
        "Content-Type": "application/json",
        "User-Agent": "azsdk-python-keyvault-keys/4.8.0b2 Python/3.10.0 (Windows-10-10.0.22621-SP0)"
      },
      "RequestBody": {
        "alg": "PS512",
        "value": "zZyL-eOHDnnq34aZaWgBMobx4x2Pm3mPRo4eqnRmLK6sE0jsXZFOFhMXaTcvILQxovTsMMh9JupeojYCnDvfrQ"
      },
      "StatusCode": 200,
      "ResponseHeaders": {
        "Cache-Control": "no-cache",
        "Content-Length": "838",
        "Content-Security-Policy": "default-src \u0027self\u0027",
        "Content-Type": "application/json; charset=utf-8",
        "Strict-Transport-Security": "max-age=31536000; includeSubDomains",
        "X-Content-Type-Options": "nosniff",
        "X-Frame-Options": "SAMEORIGIN",
        "x-ms-keyvault-network-info": "conn_type=Ipv4;addr=172.92.159.124;act_addr_fam=Ipv4;",
        "x-ms-keyvault-region": "canadacentral",
        "x-ms-server-latency": "14"
      },
      "ResponseBody": {
        "alg": "PS512",
        "kid": "https://managedhsmvaultname.managedhsm.azure.net/keys/livekvtestrsa-verify-4096f3453774/e0786f5a6bd80c7a2d4be3c58f0c5911",
        "value": "IGsbBPQpJTOTaGZRF1uUZ4Wm_Lm7Z9-lqhOgisMxE7nlMlYdIedvU_besKmllj6NJpdkyHI2IRMODbdtX6j-0fy-XnSDCu5y9qqWEcwm7T0_aRJ2kEgFfbMZaNfuoGKXDYJXDjMgkmoIJk6qNKbkhCDa2S9FTjoZZqHqiL2W44HUQUWF410BmZmBuY44Kh9WEnXnhS9RMZ744ukg8l_UeleF9cHzAUkH4dMGq-eDcR0n3g7KeB-m4NH6d5cVDUgqsM1iTufW1mFjv50vuvdNNl6Fy8FmkAKQZcBEkju-1p9WTusCHaOnMI8SMbcm3SZwA643jOXppsJm9W5Cxt0WD5BYlGvSN7LtBeSXJN_rCVTBzOk8yJZN9KxrQ2SeD0W6ha7jYyg6Xtx0WHc3Tfcu95vo-w_26lbQjTp-P4za0yHn8MGgO71e_-xtIDaSbHujXMJglUmgUOd7JBE9LdSAt_GuAyRueFU68Qx7y7JAjOxo-gTepILi_PGW0sBAzPAjqN-11FffAR2AIF4lwpAvCr8ocySBk2wE_h0E5hOx51Q5jmoNkaGMctrUKIzibIYrgZCkCbpAXV7WugVBPW6PpXGabfNN2ncncgunKNjXrRmD3uUjHOS550Kfi5OSBpZN4hgvONSP-nTE7Dx8VZ4WcBB_BEq9uY-IbAsRgfmWqgY"
      }
    },
    {
      "RequestUri": "https://managedhsmvaultname.managedhsm.azure.net/keys/livekvtestrsa-verify-4096f3453774/e0786f5a6bd80c7a2d4be3c58f0c5911/sign?api-version=7.4-preview.1",
      "RequestMethod": "POST",
      "RequestHeaders": {
        "Accept": "application/json",
        "Accept-Encoding": "gzip, deflate",
        "Content-Length": "72",
        "Content-Type": "application/json",
        "User-Agent": "azsdk-python-keyvault-keys/4.8.0b2 Python/3.10.0 (Windows-10-10.0.22621-SP0)"
      },
      "RequestBody": {
        "alg": "RS256",
        "value": "vgZc0NQUb6WMKX___V2JntcFRO_vszKwSAj7R2rL1zg"
      },
      "StatusCode": 200,
      "ResponseHeaders": {
        "Cache-Control": "no-cache",
        "Content-Length": "838",
        "Content-Security-Policy": "default-src \u0027self\u0027",
        "Content-Type": "application/json; charset=utf-8",
        "Strict-Transport-Security": "max-age=31536000; includeSubDomains",
        "X-Content-Type-Options": "nosniff",
        "X-Frame-Options": "SAMEORIGIN",
        "x-ms-keyvault-network-info": "conn_type=Ipv4;addr=172.92.159.124;act_addr_fam=Ipv4;",
        "x-ms-keyvault-region": "canadacentral",
        "x-ms-server-latency": "14"
      },
      "ResponseBody": {
        "alg": "RS256",
        "kid": "https://managedhsmvaultname.managedhsm.azure.net/keys/livekvtestrsa-verify-4096f3453774/e0786f5a6bd80c7a2d4be3c58f0c5911",
        "value": "CwoelqTuhP4qAnSn2hI5j-7iWR0boSJyMGb9cU9csiXVG_w99a3en-g9gZACOHfxLhQlHpqsn1vMewNDqf8CvpPZz9ZdTuQZ_0KKFsQAw11t-RmSYx8BzTv1cKgq5bYgmG90rPHJ-qJu9ScwE4KgqoMFcTmYjnxUnqXYEgY5yI1_JAfkVOvOT8dzY3vKEr1mhvz3KKhw1Y_u85SLHgSzgqxTfj1-QYqsE7CHqr742sIdl2-tT6jI9lTEkgct8jI3txIWCLbBF1Z1ljqtTOae1H4IvxT3_RWy7ffdDCCSGuxtE_HXqBczH0kON4hFgY1pPcpxkKpcQ_1DhBes9ngSMrsTRmhk47DbOirWw0-2bqxA2yjLhb9p1YtWjFiv7xC6sBAbcQPhJGVgShgLoypT6USMyWJVI8rFZ56VLMuS2gZZO1R4KxvUvRPcyRMiispzQHohZ7Y0sHREuwQtpU3KlE4rEOHdHX15KcppgWLMQKAGah1qD00t7vuZK00baG1kyqb5MSiuljKq3-r7NANIcNRibzg_MtAG2OKv4v5zf42lmOEqbmGSqmuE_GspRFpdjG8IUuVCnXl8A_ISaMJ-sNT-8qwvgd_khFMT2_KlDhgbFSxlIGstDJDDVVKwZFQ1RUcqgoj4IVljCMQLeNCYHBbxN_3DLRgTIUqGtKVlFX4"
      }
    },
    {
      "RequestUri": "https://managedhsmvaultname.managedhsm.azure.net/keys/livekvtestrsa-verify-4096f3453774/e0786f5a6bd80c7a2d4be3c58f0c5911/sign?api-version=7.4-preview.1",
      "RequestMethod": "POST",
      "RequestHeaders": {
        "Accept": "application/json",
        "Accept-Encoding": "gzip, deflate",
        "Content-Length": "93",
        "Content-Type": "application/json",
        "User-Agent": "azsdk-python-keyvault-keys/4.8.0b2 Python/3.10.0 (Windows-10-10.0.22621-SP0)"
      },
      "RequestBody": {
        "alg": "RS384",
        "value": "OnZY76NXJ8_MBkjnc9b9RiaL5OYscmrTal040wQuLFlRrnLvJFecIvZl2KjXqwVB"
      },
      "StatusCode": 200,
      "ResponseHeaders": {
        "Cache-Control": "no-cache",
        "Content-Length": "838",
        "Content-Security-Policy": "default-src \u0027self\u0027",
        "Content-Type": "application/json; charset=utf-8",
        "Strict-Transport-Security": "max-age=31536000; includeSubDomains",
        "X-Content-Type-Options": "nosniff",
        "X-Frame-Options": "SAMEORIGIN",
        "x-ms-keyvault-network-info": "conn_type=Ipv4;addr=172.92.159.124;act_addr_fam=Ipv4;",
        "x-ms-keyvault-region": "canadacentral",
        "x-ms-server-latency": "16"
      },
      "ResponseBody": {
        "alg": "RS384",
        "kid": "https://managedhsmvaultname.managedhsm.azure.net/keys/livekvtestrsa-verify-4096f3453774/e0786f5a6bd80c7a2d4be3c58f0c5911",
        "value": "cxlQzu1Sz0HxHA7yfGjqr1hyBLyaswfBJV1n857xQh8L6ApUUn8A_zgZIcTedvKwq_VsgDWDLsDEf3WPdE5DK6WZlQYPqXL0aivnMmZfhz2Dq1VaCgsTNp3S_hMl44s2S5kMDwtMbCDyWtr6Y09mHmwOS9_5tZ-gTBstKCOQq6x7MnGxgBJ-h5of6fVDT829vtvOqFlGqVPQbZXdOdcBGN1-e1fnQwqfwsCh66h40xnuYiT1xrgJYN-uaIt0yUr-z3Vfql-ugP8WFOR1cJAaRqlm8O4Kws-b33T5AcTBgJhdbZHLUmrlSLZVrvkOph4l7UkIRGNNha6uO5a1-tBfi1Y_HgYwOEb3BxL1EQ87Qn2oSrTMa73W4WNFHM3_K9Lb1O-XodMUy44ay-0GOIVFeJuPzdIbxsYsgjNnicVrclS00CXr7vcqW9No41uhI4RYy7ElwwV69eAYGYr8od2H0ZabQR35kcjnKADruCdK_GNh1JF2Nt3ew43QQrBgoWYWCNZ02TR_s_bG6iIJr-g75w-GeOtz8lDftcy21FT7b_DxFuPidsB6HMblUeTAeKZbZ4BCN3ExINhxqeuoHq_K2gBnHmWOUz5LtQgkWg26VezBA7H2sC-4V3yLHuSesuoyhjrNsM5Cgiwxxd86CgxPpETl00drym127mH5UE4xSIs"
      }
    },
    {
      "RequestUri": "https://managedhsmvaultname.managedhsm.azure.net/keys/livekvtestrsa-verify-4096f3453774/e0786f5a6bd80c7a2d4be3c58f0c5911/sign?api-version=7.4-preview.1",
      "RequestMethod": "POST",
      "RequestHeaders": {
        "Accept": "application/json",
        "Accept-Encoding": "gzip, deflate",
        "Content-Length": "115",
        "Content-Type": "application/json",
        "User-Agent": "azsdk-python-keyvault-keys/4.8.0b2 Python/3.10.0 (Windows-10-10.0.22621-SP0)"
      },
      "RequestBody": {
        "alg": "RS512",
        "value": "zZyL-eOHDnnq34aZaWgBMobx4x2Pm3mPRo4eqnRmLK6sE0jsXZFOFhMXaTcvILQxovTsMMh9JupeojYCnDvfrQ"
      },
      "StatusCode": 200,
      "ResponseHeaders": {
        "Cache-Control": "no-cache",
        "Content-Length": "838",
        "Content-Security-Policy": "default-src \u0027self\u0027",
        "Content-Type": "application/json; charset=utf-8",
        "Strict-Transport-Security": "max-age=31536000; includeSubDomains",
        "X-Content-Type-Options": "nosniff",
        "X-Frame-Options": "SAMEORIGIN",
        "x-ms-keyvault-network-info": "conn_type=Ipv4;addr=172.92.159.124;act_addr_fam=Ipv4;",
        "x-ms-keyvault-region": "canadacentral",
        "x-ms-server-latency": "16"
      },
      "ResponseBody": {
        "alg": "RS512",
        "kid": "https://managedhsmvaultname.managedhsm.azure.net/keys/livekvtestrsa-verify-4096f3453774/e0786f5a6bd80c7a2d4be3c58f0c5911",
        "value": "dRv7ccLr10x8m0Oc5Qt_qWMko0ZT-Rr6XfCPJW6eA7Nma28YbEIISe8btSSA_r6Pt7sBflE3WZHyKX8p440bjosfmMtvOsUgkPoRz7x8bCFulhzDuTmCQcKR82pEOnO5Kj5_iMsUF_G8UPwu_ddpVRFj5emox7WmOf7w_9A4C190DhCZeC2f4k-kztpEEBSAys-n4gVtnshvRuVlsXXLDfTFgBglL5zKTYYKsaIi4H0egBQiDo2wDhzVVeEufY5dsZRL2fXm9sOgdh_o_a3NQoUgfFQVZVD53JyyvanPyNtVbyvJPy2IdecMQ_ey3NV6XizCGBzDCda2LEBhyQSqp2qyLmB2UBD9hAf5ZoNEOsoGSXUxHmAOdRzH0r0Sxi86BYR3g-3wxatgKr9A3ZawqushGFiYNsfx4P8JRsiw_eTfheXxQzxo3F3tscqijv0nj1JWkg4BffCgkTN65kSTM3kimnu6foiw2mQ_X6KCo-HdixTvqTidGQag5krP_ElLAzaNrtL6z5Yd_RmUG37rKKVVQSj5LuCW7WkcL0JjS8L7tNdRp3x_AAhE7QUq7_x7_B_HszBMzGgEfTyz2EQwgFIBnJjadO15DZVVLWZn0f2-r5xUDr_CGwMYYgMH7rx3jg8bVEhH1ec9sxR9e5131YsQlv54Ye93xyV7BDmwbWc"
      }
    }
  ],
  "Variables": {}
}
