{
  "Entries": [
    {
      "RequestUri": "https://Sanitized.vault.azure.net/keys/livekvtestkey05342b6a/create?api-version=7.6-preview.2",
      "RequestMethod": "POST",
      "RequestHeaders": {
        "Accept": "application/json",
        "Accept-Encoding": "gzip, deflate",
        "Content-Length": "0",
        "Content-Type": "application/json",
        "User-Agent": "azsdk-python-keyvault-keys/4.10.1 Python/3.9.19 (Linux-6.1.124.1-microsoft-standard-x86_64-with-glibc2.35) cloud-shell/1.0"
      },
      "RequestBody": null,
      "StatusCode": 401,
      "ResponseHeaders": {
        "Cache-Control": "no-cache",
        "Content-Length": "97",
        "Content-Type": "application/json; charset=utf-8",
        "Date": "Fri, 07 Mar 2025 00:44:14 GMT",
        "Expires": "-1",
        "Pragma": "no-cache",
        "Strict-Transport-Security": "max-age=31536000;includeSubDomains",
        "WWW-Authenticate": "Bearer authorization=\"https://login.microsoftonline.com/72f988bf-86f1-41af-91ab-2d7cd011db47\", resource=\"https://vault.azure.net\"",
        "X-Content-Type-Options": "nosniff",
        "x-ms-keyvault-network-info": "conn_type=Ipv4;addr=104.42.219.139;act_addr_fam=InterNetwork;",
        "x-ms-keyvault-region": "westus3",
        "x-ms-keyvault-service-version": "1.9.2103.1"
      },
      "ResponseBody": {
        "error": {
          "code": "Unauthorized",
          "message": "AKV10000: Request is missing a Bearer or PoP token."
        }
      }
    },
    {
      "RequestUri": "https://Sanitized.vault.azure.net/keys/livekvtestkey05342b6a/create?api-version=7.6-preview.2",
      "RequestMethod": "POST",
      "RequestHeaders": {
        "Accept": "application/json",
        "Accept-Encoding": "gzip, deflate",
        "Content-Length": "14",
        "Content-Type": "application/json",
        "User-Agent": "azsdk-python-keyvault-keys/4.10.1 Python/3.9.19 (Linux-6.1.124.1-microsoft-standard-x86_64-with-glibc2.35) cloud-shell/1.0"
      },
      "RequestBody": {
        "kty": "RSA"
      },
      "StatusCode": 200,
      "ResponseHeaders": {
        "Cache-Control": "no-cache",
        "Content-Length": "732",
        "Content-Type": "application/json; charset=utf-8",
        "Date": "Fri, 07 Mar 2025 00:44:15 GMT",
        "Expires": "-1",
        "Pragma": "no-cache",
        "Strict-Transport-Security": "max-age=31536000;includeSubDomains",
        "X-Content-Type-Options": "nosniff",
        "x-ms-keyvault-network-info": "conn_type=Ipv4;addr=104.42.219.139;act_addr_fam=InterNetwork;",
        "x-ms-keyvault-rbac-assignment-id": "b8356253160245638f7724d3240bcbf4",
        "x-ms-keyvault-region": "westus3",
        "x-ms-keyvault-service-version": "1.9.2103.1"
      },
      "ResponseBody": {
        "key": {
          "kid": "https://vaultname.vault.azure.net/keys/livekvtestkey05342b6a/7e2eb8db2fb84bcf8212153cffc37b87",
          "kty": "RSA",
          "key_ops": [
            "encrypt",
            "decrypt",
            "sign",
            "verify",
            "wrapKey",
            "unwrapKey"
          ],
          "n": "nZAxk1CPnSlx4U8nQ5lfMOw2f6KEUWhroMhv_7yP5MHKWCwKPpRTh3st8nvZuOx6JalS0BB0IyJawx_rWNEy463SHVUL-kpa-09OQv_ybkIe2hczJILLyA_e15ij1cPwQpxR43j07XzEmi7e9ir_lN8IQ_xT8RO2SPAt9PjTMEezn8p6GyR848L-hJL0vrfvPcMhW0ktM-rXKzolnvgCwCUN51ZYFxS8MWFQe7a4wvla8jdFZHDSDjCLHIbFab7ddjq-TC-xF0z1Bk4v0Z1VFyHWeSW88VXojB7-i4VDWICfw9NlfFzGV93D5D0YwKwLAw8xMs_qu3mzNO6WXljfmQ",
          "e": "AQAB"
        },
        "attributes": {
          "enabled": true,
          "created": 1741308256,
          "updated": 1741308256,
          "recoveryLevel": "CustomizedRecoverable+Purgeable",
          "recoverableDays": 7,
          "exportable": false,
          "hsmPlatform": "0"
        }
      }
    },
    {
      "RequestUri": "https://Sanitized.vault.azure.net/keys/livekvtestkey15342b6a/create?api-version=7.6-preview.2",
      "RequestMethod": "POST",
      "RequestHeaders": {
        "Accept": "application/json",
        "Accept-Encoding": "gzip, deflate",
        "Content-Length": "14",
        "Content-Type": "application/json",
        "User-Agent": "azsdk-python-keyvault-keys/4.10.1 Python/3.9.19 (Linux-6.1.124.1-microsoft-standard-x86_64-with-glibc2.35) cloud-shell/1.0"
      },
      "RequestBody": {
        "kty": "RSA"
      },
      "StatusCode": 200,
      "ResponseHeaders": {
        "Cache-Control": "no-cache",
        "Content-Length": "732",
        "Content-Type": "application/json; charset=utf-8",
        "Date": "Fri, 07 Mar 2025 00:44:17 GMT",
        "Expires": "-1",
        "Pragma": "no-cache",
        "Strict-Transport-Security": "max-age=31536000;includeSubDomains",
        "X-Content-Type-Options": "nosniff",
        "x-ms-keyvault-network-info": "conn_type=Ipv4;addr=104.42.219.139;act_addr_fam=InterNetwork;",
        "x-ms-keyvault-rbac-assignment-id": "b8356253160245638f7724d3240bcbf4",
        "x-ms-keyvault-region": "westus3",
        "x-ms-keyvault-service-version": "1.9.2103.1"
      },
      "ResponseBody": {
        "key": {
          "kid": "https://vaultname.vault.azure.net/keys/livekvtestkey15342b6a/c8346ba0b77943619b286e59b872e9a4",
          "kty": "RSA",
          "key_ops": [
            "encrypt",
            "decrypt",
            "sign",
            "verify",
            "wrapKey",
            "unwrapKey"
          ],
          "n": "_X3iHkAGRZRDyafXEzViWLqPw6pslK-zj2CEM9HEdWzSFC_c0OjkkYapHGKk7dcnIMK46RlYqIawVxHCRWoDLo0XwZYXKak-uemQQRWhZz-WHyXGBFBA8xzJD91jpKYHbg5owBaA7mbO4IPnCt3r9WaSI22VHIwx5T6E-Qvj9MqC2K2gWQrzsyFjivfHOgG_23jjNeiPWWN2l3sq3m6Hbke-klzTuaTSMTqfx97l_SKZQ7ATl1PaGtz3_Co8Pp6lBo4IhZdMarofpmhJ9AsjRCmLA2dxod1qxLL3MhGPimDSBkxrE0eJl4wULkrpuN73ZFv8jtQxS87kzKXhyqt_4Q",
          "e": "AQAB"
        },
        "attributes": {
          "enabled": true,
          "created": 1741308258,
          "updated": 1741308258,
          "recoveryLevel": "CustomizedRecoverable+Purgeable",
          "recoverableDays": 7,
          "exportable": false,
          "hsmPlatform": "0"
        }
      }
    },
    {
      "RequestUri": "https://Sanitized.vault.azure.net/keys/livekvtestkey25342b6a/create?api-version=7.6-preview.2",
      "RequestMethod": "POST",
      "RequestHeaders": {
        "Accept": "application/json",
        "Accept-Encoding": "gzip, deflate",
        "Content-Length": "14",
        "Content-Type": "application/json",
        "User-Agent": "azsdk-python-keyvault-keys/4.10.1 Python/3.9.19 (Linux-6.1.124.1-microsoft-standard-x86_64-with-glibc2.35) cloud-shell/1.0"
      },
      "RequestBody": {
        "kty": "RSA"
      },
      "StatusCode": 200,
      "ResponseHeaders": {
        "Cache-Control": "no-cache",
        "Content-Length": "732",
        "Content-Type": "application/json; charset=utf-8",
        "Date": "Fri, 07 Mar 2025 00:44:20 GMT",
        "Expires": "-1",
        "Pragma": "no-cache",
        "Strict-Transport-Security": "max-age=31536000;includeSubDomains",
        "X-Content-Type-Options": "nosniff",
        "x-ms-keyvault-network-info": "conn_type=Ipv4;addr=104.42.219.139;act_addr_fam=InterNetwork;",
        "x-ms-keyvault-rbac-assignment-id": "b8356253160245638f7724d3240bcbf4",
        "x-ms-keyvault-region": "westus3",
        "x-ms-keyvault-service-version": "1.9.2103.1"
      },
      "ResponseBody": {
        "key": {
          "kid": "https://vaultname.vault.azure.net/keys/livekvtestkey25342b6a/778ef67fe79c4a8ba403e467c80ea368",
          "kty": "RSA",
          "key_ops": [
            "encrypt",
            "decrypt",
            "sign",
            "verify",
            "wrapKey",
            "unwrapKey"
          ],
          "n": "z9CrBdLGk4Z6m22T2ZslR5rLbMYwRxKafRwqTywgMRSeA4W7g6VH-rGIMo2x5Bmrip9jhI8inhMRokWmeCN4Wng6z1y5Cr8URC-0BedbTEM4peM79-BMZ014NotESKZ7zCv8SJF13MXPhDLGhs9q0wTHf5O_QuSUEa5Y7yc3f3Gzgrot4oZ9DhGRDt-acjDcGR4CZJlM59sGy9C_wqdQsO_08Wocy1pwt4E7DHBPXElsnHcQYXKJpxFqeMmkuAbWEfHx-Vl3ir7pZawArPfYdJOV5t6vI8kcZwadTbdMDsnDOpqMhKfKITu46cdS1CHHsckyPGz57FgDo3ogtmMuYQ",
          "e": "AQAB"
        },
        "attributes": {
          "enabled": true,
          "created": 1741308260,
          "updated": 1741308260,
          "recoveryLevel": "CustomizedRecoverable+Purgeable",
          "recoverableDays": 7,
          "exportable": false,
          "hsmPlatform": "0"
        }
      }
    },
    {
      "RequestUri": "https://Sanitized.vault.azure.net/keys/livekvtestkey35342b6a/create?api-version=7.6-preview.2",
      "RequestMethod": "POST",
      "RequestHeaders": {
        "Accept": "application/json",
        "Accept-Encoding": "gzip, deflate",
        "Content-Length": "14",
        "Content-Type": "application/json",
        "User-Agent": "azsdk-python-keyvault-keys/4.10.1 Python/3.9.19 (Linux-6.1.124.1-microsoft-standard-x86_64-with-glibc2.35) cloud-shell/1.0"
      },
      "RequestBody": {
        "kty": "RSA"
      },
      "StatusCode": 200,
      "ResponseHeaders": {
        "Cache-Control": "no-cache",
        "Content-Length": "732",
        "Content-Type": "application/json; charset=utf-8",
        "Date": "Fri, 07 Mar 2025 00:44:22 GMT",
        "Expires": "-1",
        "Pragma": "no-cache",
        "Strict-Transport-Security": "max-age=31536000;includeSubDomains",
        "X-Content-Type-Options": "nosniff",
        "x-ms-keyvault-network-info": "conn_type=Ipv4;addr=104.42.219.139;act_addr_fam=InterNetwork;",
        "x-ms-keyvault-rbac-assignment-id": "b8356253160245638f7724d3240bcbf4",
        "x-ms-keyvault-region": "westus3",
        "x-ms-keyvault-service-version": "1.9.2103.1"
      },
      "ResponseBody": {
        "key": {
          "kid": "https://vaultname.vault.azure.net/keys/livekvtestkey35342b6a/9792e10b8348473e98903e1382b4e230",
          "kty": "RSA",
          "key_ops": [
            "encrypt",
            "decrypt",
            "sign",
            "verify",
            "wrapKey",
            "unwrapKey"
          ],
          "n": "uhy6CaZRLPQ15IjFWY8HIfb1cAPytBfeGXEDYDHRDpU7OSnsURkOn6BOt0uAvBbF0RDBhpCMxV1OPhg2rZGHHnUx6Tc5x9AV7UQM3w-2ivM5d3pSCdd_8jqzmf1VQ8xr9HD56CWydQuiHjGOYa0nGGW2tAM2k4sB43N0Xa46PtZKnZIlwuWVyLlJsAsRikRbmvjiJ-q95v_FHA09ZGsDgPWMs2SYNhGq_3F1NnHUt5qHDsZhrDpu19tF7eO0DBegJwMOxYuUqyyDvGA7MR0tONgXodj-OuTQFDMrUqsntTT6jOZma-eRz4jAOihhkGJbOWWIQrPwsLUyfWP0y_VZvQ",
          "e": "AQAB"
        },
        "attributes": {
          "enabled": true,
          "created": 1741308262,
          "updated": 1741308262,
          "recoveryLevel": "CustomizedRecoverable+Purgeable",
          "recoverableDays": 7,
          "exportable": false,
          "hsmPlatform": "0"
        }
      }
    },
    {
      "RequestUri": "https://Sanitized.vault.azure.net/keys/livekvtestkey45342b6a/create?api-version=7.6-preview.2",
      "RequestMethod": "POST",
      "RequestHeaders": {
        "Accept": "application/json",
        "Accept-Encoding": "gzip, deflate",
        "Content-Length": "14",
        "Content-Type": "application/json",
        "User-Agent": "azsdk-python-keyvault-keys/4.10.1 Python/3.9.19 (Linux-6.1.124.1-microsoft-standard-x86_64-with-glibc2.35) cloud-shell/1.0"
      },
      "RequestBody": {
        "kty": "RSA"
      },
      "StatusCode": 200,
      "ResponseHeaders": {
        "Cache-Control": "no-cache",
        "Content-Length": "732",
        "Content-Type": "application/json; charset=utf-8",
        "Date": "Fri, 07 Mar 2025 00:44:24 GMT",
        "Expires": "-1",
        "Pragma": "no-cache",
        "Strict-Transport-Security": "max-age=31536000;includeSubDomains",
        "X-Content-Type-Options": "nosniff",
        "x-ms-keyvault-network-info": "conn_type=Ipv4;addr=104.42.219.139;act_addr_fam=InterNetwork;",
        "x-ms-keyvault-rbac-assignment-id": "b8356253160245638f7724d3240bcbf4",
        "x-ms-keyvault-region": "westus3",
        "x-ms-keyvault-service-version": "1.9.2103.1"
      },
      "ResponseBody": {
        "key": {
          "kid": "https://vaultname.vault.azure.net/keys/livekvtestkey45342b6a/d0375708fd2247a1ba505511b9c64170",
          "kty": "RSA",
          "key_ops": [
            "encrypt",
            "decrypt",
            "sign",
            "verify",
            "wrapKey",
            "unwrapKey"
          ],
          "n": "x7A9ghGc96GB_nqN0qwAi-Y9HIcIJCMwrBibUkStz2RtnFXjEx-8MmL2it_pn8boXyCCRWLs0qO9QAVi0s14r7npk9kwJTKMzFqBwYD_HqVo5Y2M2aUpYC4p9Xavms6q_0jnDx9UChzj4DHBjf8XYFw9242wpFbNd3bx2uLsnTSfONJ1eF0xXDgv45eHg3_QSJxcCg3VT66-uV-4vIjbYObrVLhI9nZepuJaf8Bt3gNKoHlpvpAJdA1zo636L3zkx8BJ3-ZMJ0VHG9uAvuUUXNAx8nZcs2tUh6bbXM8f8IhGs_-G66JVLPdM799u7JAnCZmGj5BSVIECq0eJD1XTOQ",
          "e": "AQAB"
        },
        "attributes": {
          "enabled": true,
          "created": 1741308265,
          "updated": 1741308265,
          "recoveryLevel": "CustomizedRecoverable+Purgeable",
          "recoverableDays": 7,
          "exportable": false,
          "hsmPlatform": "0"
        }
      }
    },
    {
      "RequestUri": "https://Sanitized.vault.azure.net/keys/livekvtestkey55342b6a/create?api-version=7.6-preview.2",
      "RequestMethod": "POST",
      "RequestHeaders": {
        "Accept": "application/json",
        "Accept-Encoding": "gzip, deflate",
        "Content-Length": "14",
        "Content-Type": "application/json",
        "User-Agent": "azsdk-python-keyvault-keys/4.10.1 Python/3.9.19 (Linux-6.1.124.1-microsoft-standard-x86_64-with-glibc2.35) cloud-shell/1.0"
      },
      "RequestBody": {
        "kty": "RSA"
      },
      "StatusCode": 200,
      "ResponseHeaders": {
        "Cache-Control": "no-cache",
        "Content-Length": "732",
        "Content-Type": "application/json; charset=utf-8",
        "Date": "Fri, 07 Mar 2025 00:44:26 GMT",
        "Expires": "-1",
        "Pragma": "no-cache",
        "Strict-Transport-Security": "max-age=31536000;includeSubDomains",
        "X-Content-Type-Options": "nosniff",
        "x-ms-keyvault-network-info": "conn_type=Ipv4;addr=104.42.219.139;act_addr_fam=InterNetwork;",
        "x-ms-keyvault-rbac-assignment-id": "b8356253160245638f7724d3240bcbf4",
        "x-ms-keyvault-region": "westus3",
        "x-ms-keyvault-service-version": "1.9.2103.1"
      },
      "ResponseBody": {
        "key": {
          "kid": "https://vaultname.vault.azure.net/keys/livekvtestkey55342b6a/2a52c2114fc346b2895348c431e689c1",
          "kty": "RSA",
          "key_ops": [
            "encrypt",
            "decrypt",
            "sign",
            "verify",
            "wrapKey",
            "unwrapKey"
          ],
          "n": "rrIqelRQE2-fcow6D3-yxcJwH1GvKXL82mBlBIt48yt0J5kwXBGeOpo3SnHYR7P8rYXfoYn6JkBjmCNr2eEDT37sTovrmDnxt2ntfj0Fev2sEKLFfQY4AEI1MV_wqu9IhwkxDDravkCbGlAvaX5N5tZImscM1y0UimBCvCLJX9u9_eoUOMOpqSnqQWlGeomiqzgCQReAc300GNP6xGpaISUAcRzdJgX2NdsW5nA95fzG64zWejmVwqXIBryZWBdsgFfqZhXwGYYKxjvuub_Fp3SWH1SdCsViwQ5ZywQ79jIH_3KRA71F72abThdLtALHoJMlkc9kkazUcaJQlPBYuQ",
          "e": "AQAB"
        },
        "attributes": {
          "enabled": true,
          "created": 1741308267,
          "updated": 1741308267,
          "recoveryLevel": "CustomizedRecoverable+Purgeable",
          "recoverableDays": 7,
          "exportable": false,
          "hsmPlatform": "0"
        }
      }
    },
    {
      "RequestUri": "https://Sanitized.vault.azure.net/keys/livekvtestkey65342b6a/create?api-version=7.6-preview.2",
      "RequestMethod": "POST",
      "RequestHeaders": {
        "Accept": "application/json",
        "Accept-Encoding": "gzip, deflate",
        "Content-Length": "14",
        "Content-Type": "application/json",
        "User-Agent": "azsdk-python-keyvault-keys/4.10.1 Python/3.9.19 (Linux-6.1.124.1-microsoft-standard-x86_64-with-glibc2.35) cloud-shell/1.0"
      },
      "RequestBody": {
        "kty": "RSA"
      },
      "StatusCode": 200,
      "ResponseHeaders": {
        "Cache-Control": "no-cache",
        "Content-Length": "732",
        "Content-Type": "application/json; charset=utf-8",
        "Date": "Fri, 07 Mar 2025 00:44:28 GMT",
        "Expires": "-1",
        "Pragma": "no-cache",
        "Strict-Transport-Security": "max-age=31536000;includeSubDomains",
        "X-Content-Type-Options": "nosniff",
        "x-ms-keyvault-network-info": "conn_type=Ipv4;addr=104.42.219.139;act_addr_fam=InterNetwork;",
        "x-ms-keyvault-rbac-assignment-id": "b8356253160245638f7724d3240bcbf4",
        "x-ms-keyvault-region": "westus3",
        "x-ms-keyvault-service-version": "1.9.2103.1"
      },
      "ResponseBody": {
        "key": {
          "kid": "https://vaultname.vault.azure.net/keys/livekvtestkey65342b6a/f0c94f94401f4c20ba611283a13f6f78",
          "kty": "RSA",
          "key_ops": [
            "encrypt",
            "decrypt",
            "sign",
            "verify",
            "wrapKey",
            "unwrapKey"
          ],
          "n": "4JTyKRwKJry3qW-o7R_E_8LCWcS6KSvyqbioSDEX8gL9QVaXy9UMZyxDCIBmMVXPC9DXq_zVbQ7dKTjIQvQ-iCui_YDBYTkAjGmtA-PPuEcKBxlX3C5O_v7fEukXyUrlb_wScMQ7FWZFkioq9B68nvSSFICKko_tAl69bDQ5CKNkz-fBadGJea92bXmIQ5Ohhos6Awkg1p8aVgeALNrGQ3cCsWFZmRsQsVrxTylsnYwZLHI3I36SONhoKy1JXEfk7q7UftKbUPY5_M41ILOb3MrgipBKX-BcZw9chAm7ZfIegX5w6CQjkJnIFsHD4m3Zpyqt7JvSmWGeqt1GgEvg8Q",
          "e": "AQAB"
        },
        "attributes": {
          "enabled": true,
          "created": 1741308269,
          "updated": 1741308269,
          "recoveryLevel": "CustomizedRecoverable+Purgeable",
          "recoverableDays": 7,
          "exportable": false,
          "hsmPlatform": "0"
        }
      }
    },
    {
      "RequestUri": "https://Sanitized.vault.azure.net/keys/livekvtestkey05342b6a?api-version=7.6-preview.2",
      "RequestMethod": "DELETE",
      "RequestHeaders": {
        "Accept": "application/json",
        "Accept-Encoding": "gzip, deflate",
        "Content-Length": "0",
        "User-Agent": "azsdk-python-keyvault-keys/4.10.1 Python/3.9.19 (Linux-6.1.124.1-microsoft-standard-x86_64-with-glibc2.35) cloud-shell/1.0"
      },
      "RequestBody": null,
      "StatusCode": 200,
      "ResponseHeaders": {
        "Cache-Control": "no-cache",
        "Content-Length": "872",
        "Content-Type": "application/json; charset=utf-8",
        "Date": "Fri, 07 Mar 2025 00:44:28 GMT",
        "Expires": "-1",
        "Pragma": "no-cache",
        "Strict-Transport-Security": "max-age=31536000;includeSubDomains",
        "X-Content-Type-Options": "nosniff",
        "x-ms-keyvault-network-info": "conn_type=Ipv4;addr=104.42.219.139;act_addr_fam=InterNetwork;",
        "x-ms-keyvault-rbac-assignment-id": "b8356253160245638f7724d3240bcbf4",
        "x-ms-keyvault-region": "westus3",
        "x-ms-keyvault-service-version": "1.9.2103.1"
      },
      "ResponseBody": {
        "recoveryId": "https://vaultname.vault.azure.net/deletedkeys/livekvtestkey05342b6a",
        "deletedDate": 1741308269,
        "scheduledPurgeDate": 1741913069,
        "key": {
          "kid": "https://vaultname.vault.azure.net/keys/livekvtestkey05342b6a/7e2eb8db2fb84bcf8212153cffc37b87",
          "kty": "RSA",
          "key_ops": [
            "encrypt",
            "decrypt",
            "sign",
            "verify",
            "wrapKey",
            "unwrapKey"
          ],
          "n": "nZAxk1CPnSlx4U8nQ5lfMOw2f6KEUWhroMhv_7yP5MHKWCwKPpRTh3st8nvZuOx6JalS0BB0IyJawx_rWNEy463SHVUL-kpa-09OQv_ybkIe2hczJILLyA_e15ij1cPwQpxR43j07XzEmi7e9ir_lN8IQ_xT8RO2SPAt9PjTMEezn8p6GyR848L-hJL0vrfvPcMhW0ktM-rXKzolnvgCwCUN51ZYFxS8MWFQe7a4wvla8jdFZHDSDjCLHIbFab7ddjq-TC-xF0z1Bk4v0Z1VFyHWeSW88VXojB7-i4VDWICfw9NlfFzGV93D5D0YwKwLAw8xMs_qu3mzNO6WXljfmQ",
          "e": "AQAB"
        },
        "attributes": {
          "enabled": true,
          "created": 1741308256,
          "updated": 1741308256,
          "recoveryLevel": "CustomizedRecoverable+Purgeable",
          "recoverableDays": 7,
          "exportable": false,
          "hsmPlatform": "0"
        }
      }
    },
    {
      "RequestUri": "https://Sanitized.vault.azure.net/deletedkeys/livekvtestkey05342b6a?api-version=7.6-preview.2",
      "RequestMethod": "GET",
      "RequestHeaders": {
        "Accept": "application/json",
        "Accept-Encoding": "gzip, deflate",
        "User-Agent": "azsdk-python-keyvault-keys/4.10.1 Python/3.9.19 (Linux-6.1.124.1-microsoft-standard-x86_64-with-glibc2.35) cloud-shell/1.0"
      },
      "RequestBody": null,
      "StatusCode": 404,
      "ResponseHeaders": {
        "Cache-Control": "no-cache",
        "Content-Length": "89",
        "Content-Type": "application/json; charset=utf-8",
        "Date": "Fri, 07 Mar 2025 00:44:28 GMT",
        "Expires": "-1",
        "Pragma": "no-cache",
        "Strict-Transport-Security": "max-age=31536000;includeSubDomains",
        "X-Content-Type-Options": "nosniff",
        "x-ms-keyvault-network-info": "conn_type=Ipv4;addr=104.42.219.139;act_addr_fam=InterNetwork;",
        "x-ms-keyvault-rbac-assignment-id": "b8356253160245638f7724d3240bcbf4",
        "x-ms-keyvault-region": "westus3",
        "x-ms-keyvault-service-version": "1.9.2103.1"
      },
      "ResponseBody": {
        "error": {
          "code": "KeyNotFound",
          "message": "Deleted Key not found: livekvtestkey05342b6a"
        }
      }
    },
    {
      "RequestUri": "https://Sanitized.vault.azure.net/deletedkeys/livekvtestkey05342b6a?api-version=7.6-preview.2",
      "RequestMethod": "GET",
      "RequestHeaders": {
        "Accept": "application/json",
        "Accept-Encoding": "gzip, deflate",
        "User-Agent": "azsdk-python-keyvault-keys/4.10.1 Python/3.9.19 (Linux-6.1.124.1-microsoft-standard-x86_64-with-glibc2.35) cloud-shell/1.0"
      },
      "RequestBody": null,
      "StatusCode": 200,
      "ResponseHeaders": {
        "Cache-Control": "no-cache",
        "Content-Length": "854",
        "Content-Type": "application/json; charset=utf-8",
        "Date": "Fri, 07 Mar 2025 00:44:30 GMT",
        "Expires": "-1",
        "Pragma": "no-cache",
        "Strict-Transport-Security": "max-age=31536000;includeSubDomains",
        "X-Content-Type-Options": "nosniff",
        "x-ms-keyvault-network-info": "conn_type=Ipv4;addr=104.42.219.139;act_addr_fam=InterNetwork;",
        "x-ms-keyvault-rbac-assignment-id": "b8356253160245638f7724d3240bcbf4",
        "x-ms-keyvault-region": "westus3",
        "x-ms-keyvault-service-version": "1.9.2103.1"
      },
      "ResponseBody": {
        "recoveryId": "https://vaultname.vault.azure.net/deletedkeys/livekvtestkey05342b6a",
        "deletedDate": 1741308269,
        "scheduledPurgeDate": 1741913069,
        "key": {
          "kid": "https://vaultname.vault.azure.net/keys/livekvtestkey05342b6a/7e2eb8db2fb84bcf8212153cffc37b87",
          "kty": "RSA",
          "key_ops": [
            "encrypt",
            "decrypt",
            "sign",
            "verify",
            "wrapKey",
            "unwrapKey"
          ],
          "n": "nZAxk1CPnSlx4U8nQ5lfMOw2f6KEUWhroMhv_7yP5MHKWCwKPpRTh3st8nvZuOx6JalS0BB0IyJawx_rWNEy463SHVUL-kpa-09OQv_ybkIe2hczJILLyA_e15ij1cPwQpxR43j07XzEmi7e9ir_lN8IQ_xT8RO2SPAt9PjTMEezn8p6GyR848L-hJL0vrfvPcMhW0ktM-rXKzolnvgCwCUN51ZYFxS8MWFQe7a4wvla8jdFZHDSDjCLHIbFab7ddjq-TC-xF0z1Bk4v0Z1VFyHWeSW88VXojB7-i4VDWICfw9NlfFzGV93D5D0YwKwLAw8xMs_qu3mzNO6WXljfmQ",
          "e": "AQAB"
        },
        "attributes": {
          "enabled": true,
          "created": 1741308256,
          "updated": 1741308256,
          "recoveryLevel": "CustomizedRecoverable+Purgeable",
          "recoverableDays": 7,
          "exportable": false
        }
      }
    },
    {
      "RequestUri": "https://Sanitized.vault.azure.net/keys/livekvtestkey15342b6a?api-version=7.6-preview.2",
      "RequestMethod": "DELETE",
      "RequestHeaders": {
        "Accept": "application/json",
        "Accept-Encoding": "gzip, deflate",
        "Content-Length": "0",
        "User-Agent": "azsdk-python-keyvault-keys/4.10.1 Python/3.9.19 (Linux-6.1.124.1-microsoft-standard-x86_64-with-glibc2.35) cloud-shell/1.0"
      },
      "RequestBody": null,
      "StatusCode": 200,
      "ResponseHeaders": {
        "Cache-Control": "no-cache",
        "Content-Length": "872",
        "Content-Type": "application/json; charset=utf-8",
        "Date": "Fri, 07 Mar 2025 00:44:31 GMT",
        "Expires": "-1",
        "Pragma": "no-cache",
        "Strict-Transport-Security": "max-age=31536000;includeSubDomains",
        "X-Content-Type-Options": "nosniff",
        "x-ms-keyvault-network-info": "conn_type=Ipv4;addr=104.42.219.139;act_addr_fam=InterNetwork;",
        "x-ms-keyvault-rbac-assignment-id": "b8356253160245638f7724d3240bcbf4",
        "x-ms-keyvault-region": "westus3",
        "x-ms-keyvault-service-version": "1.9.2103.1"
      },
      "ResponseBody": {
        "recoveryId": "https://vaultname.vault.azure.net/deletedkeys/livekvtestkey15342b6a",
        "deletedDate": 1741308271,
        "scheduledPurgeDate": 1741913071,
        "key": {
          "kid": "https://vaultname.vault.azure.net/keys/livekvtestkey15342b6a/c8346ba0b77943619b286e59b872e9a4",
          "kty": "RSA",
          "key_ops": [
            "encrypt",
            "decrypt",
            "sign",
            "verify",
            "wrapKey",
            "unwrapKey"
          ],
          "n": "_X3iHkAGRZRDyafXEzViWLqPw6pslK-zj2CEM9HEdWzSFC_c0OjkkYapHGKk7dcnIMK46RlYqIawVxHCRWoDLo0XwZYXKak-uemQQRWhZz-WHyXGBFBA8xzJD91jpKYHbg5owBaA7mbO4IPnCt3r9WaSI22VHIwx5T6E-Qvj9MqC2K2gWQrzsyFjivfHOgG_23jjNeiPWWN2l3sq3m6Hbke-klzTuaTSMTqfx97l_SKZQ7ATl1PaGtz3_Co8Pp6lBo4IhZdMarofpmhJ9AsjRCmLA2dxod1qxLL3MhGPimDSBkxrE0eJl4wULkrpuN73ZFv8jtQxS87kzKXhyqt_4Q",
          "e": "AQAB"
        },
        "attributes": {
          "enabled": true,
          "created": 1741308258,
          "updated": 1741308258,
          "recoveryLevel": "CustomizedRecoverable+Purgeable",
          "recoverableDays": 7,
          "exportable": false,
          "hsmPlatform": "0"
        }
      }
    },
    {
      "RequestUri": "https://Sanitized.vault.azure.net/deletedkeys/livekvtestkey15342b6a?api-version=7.6-preview.2",
      "RequestMethod": "GET",
      "RequestHeaders": {
        "Accept": "application/json",
        "Accept-Encoding": "gzip, deflate",
        "User-Agent": "azsdk-python-keyvault-keys/4.10.1 Python/3.9.19 (Linux-6.1.124.1-microsoft-standard-x86_64-with-glibc2.35) cloud-shell/1.0"
      },
      "RequestBody": null,
      "StatusCode": 404,
      "ResponseHeaders": {
        "Cache-Control": "no-cache",
        "Content-Length": "89",
        "Content-Type": "application/json; charset=utf-8",
        "Date": "Fri, 07 Mar 2025 00:44:31 GMT",
        "Expires": "-1",
        "Pragma": "no-cache",
        "Strict-Transport-Security": "max-age=31536000;includeSubDomains",
        "X-Content-Type-Options": "nosniff",
        "x-ms-keyvault-network-info": "conn_type=Ipv4;addr=104.42.219.139;act_addr_fam=InterNetwork;",
        "x-ms-keyvault-rbac-assignment-id": "b8356253160245638f7724d3240bcbf4",
        "x-ms-keyvault-region": "westus3",
        "x-ms-keyvault-service-version": "1.9.2103.1"
      },
      "ResponseBody": {
        "error": {
          "code": "KeyNotFound",
          "message": "Deleted Key not found: livekvtestkey15342b6a"
        }
      }
    },
    {
      "RequestUri": "https://Sanitized.vault.azure.net/deletedkeys/livekvtestkey15342b6a?api-version=7.6-preview.2",
      "RequestMethod": "GET",
      "RequestHeaders": {
        "Accept": "application/json",
        "Accept-Encoding": "gzip, deflate",
        "User-Agent": "azsdk-python-keyvault-keys/4.10.1 Python/3.9.19 (Linux-6.1.124.1-microsoft-standard-x86_64-with-glibc2.35) cloud-shell/1.0"
      },
      "RequestBody": null,
      "StatusCode": 200,
      "ResponseHeaders": {
        "Cache-Control": "no-cache",
        "Content-Length": "854",
        "Content-Type": "application/json; charset=utf-8",
        "Date": "Fri, 07 Mar 2025 00:44:33 GMT",
        "Expires": "-1",
        "Pragma": "no-cache",
        "Strict-Transport-Security": "max-age=31536000;includeSubDomains",
        "X-Content-Type-Options": "nosniff",
        "x-ms-keyvault-network-info": "conn_type=Ipv4;addr=104.42.219.139;act_addr_fam=InterNetwork;",
        "x-ms-keyvault-rbac-assignment-id": "b8356253160245638f7724d3240bcbf4",
        "x-ms-keyvault-region": "westus3",
        "x-ms-keyvault-service-version": "1.9.2103.1"
      },
      "ResponseBody": {
        "recoveryId": "https://vaultname.vault.azure.net/deletedkeys/livekvtestkey15342b6a",
        "deletedDate": 1741308271,
        "scheduledPurgeDate": 1741913071,
        "key": {
          "kid": "https://vaultname.vault.azure.net/keys/livekvtestkey15342b6a/c8346ba0b77943619b286e59b872e9a4",
          "kty": "RSA",
          "key_ops": [
            "encrypt",
            "decrypt",
            "sign",
            "verify",
            "wrapKey",
            "unwrapKey"
          ],
          "n": "_X3iHkAGRZRDyafXEzViWLqPw6pslK-zj2CEM9HEdWzSFC_c0OjkkYapHGKk7dcnIMK46RlYqIawVxHCRWoDLo0XwZYXKak-uemQQRWhZz-WHyXGBFBA8xzJD91jpKYHbg5owBaA7mbO4IPnCt3r9WaSI22VHIwx5T6E-Qvj9MqC2K2gWQrzsyFjivfHOgG_23jjNeiPWWN2l3sq3m6Hbke-klzTuaTSMTqfx97l_SKZQ7ATl1PaGtz3_Co8Pp6lBo4IhZdMarofpmhJ9AsjRCmLA2dxod1qxLL3MhGPimDSBkxrE0eJl4wULkrpuN73ZFv8jtQxS87kzKXhyqt_4Q",
          "e": "AQAB"
        },
        "attributes": {
          "enabled": true,
          "created": 1741308258,
          "updated": 1741308258,
          "recoveryLevel": "CustomizedRecoverable+Purgeable",
          "recoverableDays": 7,
          "exportable": false
        }
      }
    },
    {
      "RequestUri": "https://Sanitized.vault.azure.net/keys/livekvtestkey25342b6a?api-version=7.6-preview.2",
      "RequestMethod": "DELETE",
      "RequestHeaders": {
        "Accept": "application/json",
        "Accept-Encoding": "gzip, deflate",
        "Content-Length": "0",
        "User-Agent": "azsdk-python-keyvault-keys/4.10.1 Python/3.9.19 (Linux-6.1.124.1-microsoft-standard-x86_64-with-glibc2.35) cloud-shell/1.0"
      },
      "RequestBody": null,
      "StatusCode": 200,
      "ResponseHeaders": {
        "Cache-Control": "no-cache",
        "Content-Length": "872",
        "Content-Type": "application/json; charset=utf-8",
        "Date": "Fri, 07 Mar 2025 00:44:33 GMT",
        "Expires": "-1",
        "Pragma": "no-cache",
        "Strict-Transport-Security": "max-age=31536000;includeSubDomains",
        "X-Content-Type-Options": "nosniff",
        "x-ms-keyvault-network-info": "conn_type=Ipv4;addr=104.42.219.139;act_addr_fam=InterNetwork;",
        "x-ms-keyvault-rbac-assignment-id": "b8356253160245638f7724d3240bcbf4",
        "x-ms-keyvault-region": "westus3",
        "x-ms-keyvault-service-version": "1.9.2103.1"
      },
      "ResponseBody": {
        "recoveryId": "https://vaultname.vault.azure.net/deletedkeys/livekvtestkey25342b6a",
        "deletedDate": 1741308274,
        "scheduledPurgeDate": 1741913074,
        "key": {
          "kid": "https://vaultname.vault.azure.net/keys/livekvtestkey25342b6a/778ef67fe79c4a8ba403e467c80ea368",
          "kty": "RSA",
          "key_ops": [
            "encrypt",
            "decrypt",
            "sign",
            "verify",
            "wrapKey",
            "unwrapKey"
          ],
          "n": "z9CrBdLGk4Z6m22T2ZslR5rLbMYwRxKafRwqTywgMRSeA4W7g6VH-rGIMo2x5Bmrip9jhI8inhMRokWmeCN4Wng6z1y5Cr8URC-0BedbTEM4peM79-BMZ014NotESKZ7zCv8SJF13MXPhDLGhs9q0wTHf5O_QuSUEa5Y7yc3f3Gzgrot4oZ9DhGRDt-acjDcGR4CZJlM59sGy9C_wqdQsO_08Wocy1pwt4E7DHBPXElsnHcQYXKJpxFqeMmkuAbWEfHx-Vl3ir7pZawArPfYdJOV5t6vI8kcZwadTbdMDsnDOpqMhKfKITu46cdS1CHHsckyPGz57FgDo3ogtmMuYQ",
          "e": "AQAB"
        },
        "attributes": {
          "enabled": true,
          "created": 1741308260,
          "updated": 1741308260,
          "recoveryLevel": "CustomizedRecoverable+Purgeable",
          "recoverableDays": 7,
          "exportable": false,
          "hsmPlatform": "0"
        }
      }
    },
    {
      "RequestUri": "https://Sanitized.vault.azure.net/deletedkeys/livekvtestkey25342b6a?api-version=7.6-preview.2",
      "RequestMethod": "GET",
      "RequestHeaders": {
        "Accept": "application/json",
        "Accept-Encoding": "gzip, deflate",
        "User-Agent": "azsdk-python-keyvault-keys/4.10.1 Python/3.9.19 (Linux-6.1.124.1-microsoft-standard-x86_64-with-glibc2.35) cloud-shell/1.0"
      },
      "RequestBody": null,
      "StatusCode": 404,
      "ResponseHeaders": {
        "Cache-Control": "no-cache",
        "Content-Length": "89",
        "Content-Type": "application/json; charset=utf-8",
        "Date": "Fri, 07 Mar 2025 00:44:33 GMT",
        "Expires": "-1",
        "Pragma": "no-cache",
        "Strict-Transport-Security": "max-age=31536000;includeSubDomains",
        "X-Content-Type-Options": "nosniff",
        "x-ms-keyvault-network-info": "conn_type=Ipv4;addr=104.42.219.139;act_addr_fam=InterNetwork;",
        "x-ms-keyvault-rbac-assignment-id": "b8356253160245638f7724d3240bcbf4",
        "x-ms-keyvault-region": "westus3",
        "x-ms-keyvault-service-version": "1.9.2103.1"
      },
      "ResponseBody": {
        "error": {
          "code": "KeyNotFound",
          "message": "Deleted Key not found: livekvtestkey25342b6a"
        }
      }
    },
    {
      "RequestUri": "https://Sanitized.vault.azure.net/deletedkeys/livekvtestkey25342b6a?api-version=7.6-preview.2",
      "RequestMethod": "GET",
      "RequestHeaders": {
        "Accept": "application/json",
        "Accept-Encoding": "gzip, deflate",
        "User-Agent": "azsdk-python-keyvault-keys/4.10.1 Python/3.9.19 (Linux-6.1.124.1-microsoft-standard-x86_64-with-glibc2.35) cloud-shell/1.0"
      },
      "RequestBody": null,
      "StatusCode": 200,
      "ResponseHeaders": {
        "Cache-Control": "no-cache",
        "Content-Length": "854",
        "Content-Type": "application/json; charset=utf-8",
        "Date": "Fri, 07 Mar 2025 00:44:35 GMT",
        "Expires": "-1",
        "Pragma": "no-cache",
        "Strict-Transport-Security": "max-age=31536000;includeSubDomains",
        "X-Content-Type-Options": "nosniff",
        "x-ms-keyvault-network-info": "conn_type=Ipv4;addr=104.42.219.139;act_addr_fam=InterNetwork;",
        "x-ms-keyvault-rbac-assignment-id": "b8356253160245638f7724d3240bcbf4",
        "x-ms-keyvault-region": "westus3",
        "x-ms-keyvault-service-version": "1.9.2103.1"
      },
      "ResponseBody": {
        "recoveryId": "https://vaultname.vault.azure.net/deletedkeys/livekvtestkey25342b6a",
        "deletedDate": 1741308274,
        "scheduledPurgeDate": 1741913074,
        "key": {
          "kid": "https://vaultname.vault.azure.net/keys/livekvtestkey25342b6a/778ef67fe79c4a8ba403e467c80ea368",
          "kty": "RSA",
          "key_ops": [
            "encrypt",
            "decrypt",
            "sign",
            "verify",
            "wrapKey",
            "unwrapKey"
          ],
          "n": "z9CrBdLGk4Z6m22T2ZslR5rLbMYwRxKafRwqTywgMRSeA4W7g6VH-rGIMo2x5Bmrip9jhI8inhMRokWmeCN4Wng6z1y5Cr8URC-0BedbTEM4peM79-BMZ014NotESKZ7zCv8SJF13MXPhDLGhs9q0wTHf5O_QuSUEa5Y7yc3f3Gzgrot4oZ9DhGRDt-acjDcGR4CZJlM59sGy9C_wqdQsO_08Wocy1pwt4E7DHBPXElsnHcQYXKJpxFqeMmkuAbWEfHx-Vl3ir7pZawArPfYdJOV5t6vI8kcZwadTbdMDsnDOpqMhKfKITu46cdS1CHHsckyPGz57FgDo3ogtmMuYQ",
          "e": "AQAB"
        },
        "attributes": {
          "enabled": true,
          "created": 1741308260,
          "updated": 1741308260,
          "recoveryLevel": "CustomizedRecoverable+Purgeable",
          "recoverableDays": 7,
          "exportable": false
        }
      }
    },
    {
      "RequestUri": "https://Sanitized.vault.azure.net/keys/livekvtestkey35342b6a?api-version=7.6-preview.2",
      "RequestMethod": "DELETE",
      "RequestHeaders": {
        "Accept": "application/json",
        "Accept-Encoding": "gzip, deflate",
        "Content-Length": "0",
        "User-Agent": "azsdk-python-keyvault-keys/4.10.1 Python/3.9.19 (Linux-6.1.124.1-microsoft-standard-x86_64-with-glibc2.35) cloud-shell/1.0"
      },
      "RequestBody": null,
      "StatusCode": 200,
      "ResponseHeaders": {
        "Cache-Control": "no-cache",
        "Content-Length": "872",
        "Content-Type": "application/json; charset=utf-8",
        "Date": "Fri, 07 Mar 2025 00:44:35 GMT",
        "Expires": "-1",
        "Pragma": "no-cache",
        "Strict-Transport-Security": "max-age=31536000;includeSubDomains",
        "X-Content-Type-Options": "nosniff",
        "x-ms-keyvault-network-info": "conn_type=Ipv4;addr=104.42.219.139;act_addr_fam=InterNetwork;",
        "x-ms-keyvault-rbac-assignment-id": "b8356253160245638f7724d3240bcbf4",
        "x-ms-keyvault-region": "westus3",
        "x-ms-keyvault-service-version": "1.9.2103.1"
      },
      "ResponseBody": {
        "recoveryId": "https://vaultname.vault.azure.net/deletedkeys/livekvtestkey35342b6a",
        "deletedDate": 1741308276,
        "scheduledPurgeDate": 1741913076,
        "key": {
          "kid": "https://vaultname.vault.azure.net/keys/livekvtestkey35342b6a/9792e10b8348473e98903e1382b4e230",
          "kty": "RSA",
          "key_ops": [
            "encrypt",
            "decrypt",
            "sign",
            "verify",
            "wrapKey",
            "unwrapKey"
          ],
          "n": "uhy6CaZRLPQ15IjFWY8HIfb1cAPytBfeGXEDYDHRDpU7OSnsURkOn6BOt0uAvBbF0RDBhpCMxV1OPhg2rZGHHnUx6Tc5x9AV7UQM3w-2ivM5d3pSCdd_8jqzmf1VQ8xr9HD56CWydQuiHjGOYa0nGGW2tAM2k4sB43N0Xa46PtZKnZIlwuWVyLlJsAsRikRbmvjiJ-q95v_FHA09ZGsDgPWMs2SYNhGq_3F1NnHUt5qHDsZhrDpu19tF7eO0DBegJwMOxYuUqyyDvGA7MR0tONgXodj-OuTQFDMrUqsntTT6jOZma-eRz4jAOihhkGJbOWWIQrPwsLUyfWP0y_VZvQ",
          "e": "AQAB"
        },
        "attributes": {
          "enabled": true,
          "created": 1741308262,
          "updated": 1741308262,
          "recoveryLevel": "CustomizedRecoverable+Purgeable",
          "recoverableDays": 7,
          "exportable": false,
          "hsmPlatform": "0"
        }
      }
    },
    {
      "RequestUri": "https://Sanitized.vault.azure.net/deletedkeys/livekvtestkey35342b6a?api-version=7.6-preview.2",
      "RequestMethod": "GET",
      "RequestHeaders": {
        "Accept": "application/json",
        "Accept-Encoding": "gzip, deflate",
        "User-Agent": "azsdk-python-keyvault-keys/4.10.1 Python/3.9.19 (Linux-6.1.124.1-microsoft-standard-x86_64-with-glibc2.35) cloud-shell/1.0"
      },
      "RequestBody": null,
      "StatusCode": 404,
      "ResponseHeaders": {
        "Cache-Control": "no-cache",
        "Content-Length": "89",
        "Content-Type": "application/json; charset=utf-8",
        "Date": "Fri, 07 Mar 2025 00:44:35 GMT",
        "Expires": "-1",
        "Pragma": "no-cache",
        "Strict-Transport-Security": "max-age=31536000;includeSubDomains",
        "X-Content-Type-Options": "nosniff",
        "x-ms-keyvault-network-info": "conn_type=Ipv4;addr=104.42.219.139;act_addr_fam=InterNetwork;",
        "x-ms-keyvault-rbac-assignment-id": "b8356253160245638f7724d3240bcbf4",
        "x-ms-keyvault-region": "westus3",
        "x-ms-keyvault-service-version": "1.9.2103.1"
      },
      "ResponseBody": {
        "error": {
          "code": "KeyNotFound",
          "message": "Deleted Key not found: livekvtestkey35342b6a"
        }
      }
    },
    {
      "RequestUri": "https://Sanitized.vault.azure.net/deletedkeys/livekvtestkey35342b6a?api-version=7.6-preview.2",
      "RequestMethod": "GET",
      "RequestHeaders": {
        "Accept": "application/json",
        "Accept-Encoding": "gzip, deflate",
        "User-Agent": "azsdk-python-keyvault-keys/4.10.1 Python/3.9.19 (Linux-6.1.124.1-microsoft-standard-x86_64-with-glibc2.35) cloud-shell/1.0"
      },
      "RequestBody": null,
      "StatusCode": 200,
      "ResponseHeaders": {
        "Cache-Control": "no-cache",
        "Content-Length": "854",
        "Content-Type": "application/json; charset=utf-8",
        "Date": "Fri, 07 Mar 2025 00:44:37 GMT",
        "Expires": "-1",
        "Pragma": "no-cache",
        "Strict-Transport-Security": "max-age=31536000;includeSubDomains",
        "X-Content-Type-Options": "nosniff",
        "x-ms-keyvault-network-info": "conn_type=Ipv4;addr=104.42.219.139;act_addr_fam=InterNetwork;",
        "x-ms-keyvault-rbac-assignment-id": "b8356253160245638f7724d3240bcbf4",
        "x-ms-keyvault-region": "westus3",
        "x-ms-keyvault-service-version": "1.9.2103.1"
      },
      "ResponseBody": {
        "recoveryId": "https://vaultname.vault.azure.net/deletedkeys/livekvtestkey35342b6a",
        "deletedDate": 1741308276,
        "scheduledPurgeDate": 1741913076,
        "key": {
          "kid": "https://vaultname.vault.azure.net/keys/livekvtestkey35342b6a/9792e10b8348473e98903e1382b4e230",
          "kty": "RSA",
          "key_ops": [
            "encrypt",
            "decrypt",
            "sign",
            "verify",
            "wrapKey",
            "unwrapKey"
          ],
          "n": "uhy6CaZRLPQ15IjFWY8HIfb1cAPytBfeGXEDYDHRDpU7OSnsURkOn6BOt0uAvBbF0RDBhpCMxV1OPhg2rZGHHnUx6Tc5x9AV7UQM3w-2ivM5d3pSCdd_8jqzmf1VQ8xr9HD56CWydQuiHjGOYa0nGGW2tAM2k4sB43N0Xa46PtZKnZIlwuWVyLlJsAsRikRbmvjiJ-q95v_FHA09ZGsDgPWMs2SYNhGq_3F1NnHUt5qHDsZhrDpu19tF7eO0DBegJwMOxYuUqyyDvGA7MR0tONgXodj-OuTQFDMrUqsntTT6jOZma-eRz4jAOihhkGJbOWWIQrPwsLUyfWP0y_VZvQ",
          "e": "AQAB"
        },
        "attributes": {
          "enabled": true,
          "created": 1741308262,
          "updated": 1741308262,
          "recoveryLevel": "CustomizedRecoverable+Purgeable",
          "recoverableDays": 7,
          "exportable": false
        }
      }
    },
    {
      "RequestUri": "https://Sanitized.vault.azure.net/keys/livekvtestkey45342b6a?api-version=7.6-preview.2",
      "RequestMethod": "DELETE",
      "RequestHeaders": {
        "Accept": "application/json",
        "Accept-Encoding": "gzip, deflate",
        "Content-Length": "0",
        "User-Agent": "azsdk-python-keyvault-keys/4.10.1 Python/3.9.19 (Linux-6.1.124.1-microsoft-standard-x86_64-with-glibc2.35) cloud-shell/1.0"
      },
      "RequestBody": null,
      "StatusCode": 200,
      "ResponseHeaders": {
        "Cache-Control": "no-cache",
        "Content-Length": "872",
        "Content-Type": "application/json; charset=utf-8",
        "Date": "Fri, 07 Mar 2025 00:44:37 GMT",
        "Expires": "-1",
        "Pragma": "no-cache",
        "Strict-Transport-Security": "max-age=31536000;includeSubDomains",
        "X-Content-Type-Options": "nosniff",
        "x-ms-keyvault-network-info": "conn_type=Ipv4;addr=104.42.219.139;act_addr_fam=InterNetwork;",
        "x-ms-keyvault-rbac-assignment-id": "b8356253160245638f7724d3240bcbf4",
        "x-ms-keyvault-region": "westus3",
        "x-ms-keyvault-service-version": "1.9.2103.1"
      },
      "ResponseBody": {
        "recoveryId": "https://vaultname.vault.azure.net/deletedkeys/livekvtestkey45342b6a",
        "deletedDate": 1741308278,
        "scheduledPurgeDate": 1741913078,
        "key": {
          "kid": "https://vaultname.vault.azure.net/keys/livekvtestkey45342b6a/d0375708fd2247a1ba505511b9c64170",
          "kty": "RSA",
          "key_ops": [
            "encrypt",
            "decrypt",
            "sign",
            "verify",
            "wrapKey",
            "unwrapKey"
          ],
          "n": "x7A9ghGc96GB_nqN0qwAi-Y9HIcIJCMwrBibUkStz2RtnFXjEx-8MmL2it_pn8boXyCCRWLs0qO9QAVi0s14r7npk9kwJTKMzFqBwYD_HqVo5Y2M2aUpYC4p9Xavms6q_0jnDx9UChzj4DHBjf8XYFw9242wpFbNd3bx2uLsnTSfONJ1eF0xXDgv45eHg3_QSJxcCg3VT66-uV-4vIjbYObrVLhI9nZepuJaf8Bt3gNKoHlpvpAJdA1zo636L3zkx8BJ3-ZMJ0VHG9uAvuUUXNAx8nZcs2tUh6bbXM8f8IhGs_-G66JVLPdM799u7JAnCZmGj5BSVIECq0eJD1XTOQ",
          "e": "AQAB"
        },
        "attributes": {
          "enabled": true,
          "created": 1741308265,
          "updated": 1741308265,
          "recoveryLevel": "CustomizedRecoverable+Purgeable",
          "recoverableDays": 7,
          "exportable": false,
          "hsmPlatform": "0"
        }
      }
    },
    {
      "RequestUri": "https://Sanitized.vault.azure.net/deletedkeys/livekvtestkey45342b6a?api-version=7.6-preview.2",
      "RequestMethod": "GET",
      "RequestHeaders": {
        "Accept": "application/json",
        "Accept-Encoding": "gzip, deflate",
        "User-Agent": "azsdk-python-keyvault-keys/4.10.1 Python/3.9.19 (Linux-6.1.124.1-microsoft-standard-x86_64-with-glibc2.35) cloud-shell/1.0"
      },
      "RequestBody": null,
      "StatusCode": 404,
      "ResponseHeaders": {
        "Cache-Control": "no-cache",
        "Content-Length": "89",
        "Content-Type": "application/json; charset=utf-8",
        "Date": "Fri, 07 Mar 2025 00:44:37 GMT",
        "Expires": "-1",
        "Pragma": "no-cache",
        "Strict-Transport-Security": "max-age=31536000;includeSubDomains",
        "X-Content-Type-Options": "nosniff",
        "x-ms-keyvault-network-info": "conn_type=Ipv4;addr=104.42.219.139;act_addr_fam=InterNetwork;",
        "x-ms-keyvault-rbac-assignment-id": "b8356253160245638f7724d3240bcbf4",
        "x-ms-keyvault-region": "westus3",
        "x-ms-keyvault-service-version": "1.9.2103.1"
      },
      "ResponseBody": {
        "error": {
          "code": "KeyNotFound",
          "message": "Deleted Key not found: livekvtestkey45342b6a"
        }
      }
    },
    {
      "RequestUri": "https://Sanitized.vault.azure.net/deletedkeys/livekvtestkey45342b6a?api-version=7.6-preview.2",
      "RequestMethod": "GET",
      "RequestHeaders": {
        "Accept": "application/json",
        "Accept-Encoding": "gzip, deflate",
        "User-Agent": "azsdk-python-keyvault-keys/4.10.1 Python/3.9.19 (Linux-6.1.124.1-microsoft-standard-x86_64-with-glibc2.35) cloud-shell/1.0"
      },
      "RequestBody": null,
      "StatusCode": 200,
      "ResponseHeaders": {
        "Cache-Control": "no-cache",
        "Content-Length": "854",
        "Content-Type": "application/json; charset=utf-8",
        "Date": "Fri, 07 Mar 2025 00:44:39 GMT",
        "Expires": "-1",
        "Pragma": "no-cache",
        "Strict-Transport-Security": "max-age=31536000;includeSubDomains",
        "X-Content-Type-Options": "nosniff",
        "x-ms-keyvault-network-info": "conn_type=Ipv4;addr=104.42.219.139;act_addr_fam=InterNetwork;",
        "x-ms-keyvault-rbac-assignment-id": "b8356253160245638f7724d3240bcbf4",
        "x-ms-keyvault-region": "westus3",
        "x-ms-keyvault-service-version": "1.9.2103.1"
      },
      "ResponseBody": {
        "recoveryId": "https://vaultname.vault.azure.net/deletedkeys/livekvtestkey45342b6a",
        "deletedDate": 1741308278,
        "scheduledPurgeDate": 1741913078,
        "key": {
          "kid": "https://vaultname.vault.azure.net/keys/livekvtestkey45342b6a/d0375708fd2247a1ba505511b9c64170",
          "kty": "RSA",
          "key_ops": [
            "encrypt",
            "decrypt",
            "sign",
            "verify",
            "wrapKey",
            "unwrapKey"
          ],
          "n": "x7A9ghGc96GB_nqN0qwAi-Y9HIcIJCMwrBibUkStz2RtnFXjEx-8MmL2it_pn8boXyCCRWLs0qO9QAVi0s14r7npk9kwJTKMzFqBwYD_HqVo5Y2M2aUpYC4p9Xavms6q_0jnDx9UChzj4DHBjf8XYFw9242wpFbNd3bx2uLsnTSfONJ1eF0xXDgv45eHg3_QSJxcCg3VT66-uV-4vIjbYObrVLhI9nZepuJaf8Bt3gNKoHlpvpAJdA1zo636L3zkx8BJ3-ZMJ0VHG9uAvuUUXNAx8nZcs2tUh6bbXM8f8IhGs_-G66JVLPdM799u7JAnCZmGj5BSVIECq0eJD1XTOQ",
          "e": "AQAB"
        },
        "attributes": {
          "enabled": true,
          "created": 1741308265,
          "updated": 1741308265,
          "recoveryLevel": "CustomizedRecoverable+Purgeable",
          "recoverableDays": 7,
          "exportable": false
        }
      }
    },
    {
      "RequestUri": "https://Sanitized.vault.azure.net/keys/livekvtestkey55342b6a?api-version=7.6-preview.2",
      "RequestMethod": "DELETE",
      "RequestHeaders": {
        "Accept": "application/json",
        "Accept-Encoding": "gzip, deflate",
        "Content-Length": "0",
        "User-Agent": "azsdk-python-keyvault-keys/4.10.1 Python/3.9.19 (Linux-6.1.124.1-microsoft-standard-x86_64-with-glibc2.35) cloud-shell/1.0"
      },
      "RequestBody": null,
      "StatusCode": 200,
      "ResponseHeaders": {
        "Cache-Control": "no-cache",
        "Content-Length": "872",
        "Content-Type": "application/json; charset=utf-8",
        "Date": "Fri, 07 Mar 2025 00:44:39 GMT",
        "Expires": "-1",
        "Pragma": "no-cache",
        "Strict-Transport-Security": "max-age=31536000;includeSubDomains",
        "X-Content-Type-Options": "nosniff",
        "x-ms-keyvault-network-info": "conn_type=Ipv4;addr=104.42.219.139;act_addr_fam=InterNetwork;",
        "x-ms-keyvault-rbac-assignment-id": "b8356253160245638f7724d3240bcbf4",
        "x-ms-keyvault-region": "westus3",
        "x-ms-keyvault-service-version": "1.9.2103.1"
      },
      "ResponseBody": {
        "recoveryId": "https://vaultname.vault.azure.net/deletedkeys/livekvtestkey55342b6a",
        "deletedDate": 1741308280,
        "scheduledPurgeDate": 1741913080,
        "key": {
          "kid": "https://vaultname.vault.azure.net/keys/livekvtestkey55342b6a/2a52c2114fc346b2895348c431e689c1",
          "kty": "RSA",
          "key_ops": [
            "encrypt",
            "decrypt",
            "sign",
            "verify",
            "wrapKey",
            "unwrapKey"
          ],
          "n": "rrIqelRQE2-fcow6D3-yxcJwH1GvKXL82mBlBIt48yt0J5kwXBGeOpo3SnHYR7P8rYXfoYn6JkBjmCNr2eEDT37sTovrmDnxt2ntfj0Fev2sEKLFfQY4AEI1MV_wqu9IhwkxDDravkCbGlAvaX5N5tZImscM1y0UimBCvCLJX9u9_eoUOMOpqSnqQWlGeomiqzgCQReAc300GNP6xGpaISUAcRzdJgX2NdsW5nA95fzG64zWejmVwqXIBryZWBdsgFfqZhXwGYYKxjvuub_Fp3SWH1SdCsViwQ5ZywQ79jIH_3KRA71F72abThdLtALHoJMlkc9kkazUcaJQlPBYuQ",
          "e": "AQAB"
        },
        "attributes": {
          "enabled": true,
          "created": 1741308267,
          "updated": 1741308267,
          "recoveryLevel": "CustomizedRecoverable+Purgeable",
          "recoverableDays": 7,
          "exportable": false,
          "hsmPlatform": "0"
        }
      }
    },
    {
      "RequestUri": "https://Sanitized.vault.azure.net/deletedkeys/livekvtestkey55342b6a?api-version=7.6-preview.2",
      "RequestMethod": "GET",
      "RequestHeaders": {
        "Accept": "application/json",
        "Accept-Encoding": "gzip, deflate",
        "User-Agent": "azsdk-python-keyvault-keys/4.10.1 Python/3.9.19 (Linux-6.1.124.1-microsoft-standard-x86_64-with-glibc2.35) cloud-shell/1.0"
      },
      "RequestBody": null,
      "StatusCode": 404,
      "ResponseHeaders": {
        "Cache-Control": "no-cache",
        "Content-Length": "89",
        "Content-Type": "application/json; charset=utf-8",
        "Date": "Fri, 07 Mar 2025 00:44:39 GMT",
        "Expires": "-1",
        "Pragma": "no-cache",
        "Strict-Transport-Security": "max-age=31536000;includeSubDomains",
        "X-Content-Type-Options": "nosniff",
        "x-ms-keyvault-network-info": "conn_type=Ipv4;addr=104.42.219.139;act_addr_fam=InterNetwork;",
        "x-ms-keyvault-rbac-assignment-id": "b8356253160245638f7724d3240bcbf4",
        "x-ms-keyvault-region": "westus3",
        "x-ms-keyvault-service-version": "1.9.2103.1"
      },
      "ResponseBody": {
        "error": {
          "code": "KeyNotFound",
          "message": "Deleted Key not found: livekvtestkey55342b6a"
        }
      }
    },
    {
      "RequestUri": "https://Sanitized.vault.azure.net/deletedkeys/livekvtestkey55342b6a?api-version=7.6-preview.2",
      "RequestMethod": "GET",
      "RequestHeaders": {
        "Accept": "application/json",
        "Accept-Encoding": "gzip, deflate",
        "User-Agent": "azsdk-python-keyvault-keys/4.10.1 Python/3.9.19 (Linux-6.1.124.1-microsoft-standard-x86_64-with-glibc2.35) cloud-shell/1.0"
      },
      "RequestBody": null,
      "StatusCode": 200,
      "ResponseHeaders": {
        "Cache-Control": "no-cache",
        "Content-Length": "854",
        "Content-Type": "application/json; charset=utf-8",
        "Date": "Fri, 07 Mar 2025 00:44:41 GMT",
        "Expires": "-1",
        "Pragma": "no-cache",
        "Strict-Transport-Security": "max-age=31536000;includeSubDomains",
        "X-Content-Type-Options": "nosniff",
        "x-ms-keyvault-network-info": "conn_type=Ipv4;addr=104.42.219.139;act_addr_fam=InterNetwork;",
        "x-ms-keyvault-rbac-assignment-id": "b8356253160245638f7724d3240bcbf4",
        "x-ms-keyvault-region": "westus3",
        "x-ms-keyvault-service-version": "1.9.2103.1"
      },
      "ResponseBody": {
        "recoveryId": "https://vaultname.vault.azure.net/deletedkeys/livekvtestkey55342b6a",
        "deletedDate": 1741308280,
        "scheduledPurgeDate": 1741913080,
        "key": {
          "kid": "https://vaultname.vault.azure.net/keys/livekvtestkey55342b6a/2a52c2114fc346b2895348c431e689c1",
          "kty": "RSA",
          "key_ops": [
            "encrypt",
            "decrypt",
            "sign",
            "verify",
            "wrapKey",
            "unwrapKey"
          ],
          "n": "rrIqelRQE2-fcow6D3-yxcJwH1GvKXL82mBlBIt48yt0J5kwXBGeOpo3SnHYR7P8rYXfoYn6JkBjmCNr2eEDT37sTovrmDnxt2ntfj0Fev2sEKLFfQY4AEI1MV_wqu9IhwkxDDravkCbGlAvaX5N5tZImscM1y0UimBCvCLJX9u9_eoUOMOpqSnqQWlGeomiqzgCQReAc300GNP6xGpaISUAcRzdJgX2NdsW5nA95fzG64zWejmVwqXIBryZWBdsgFfqZhXwGYYKxjvuub_Fp3SWH1SdCsViwQ5ZywQ79jIH_3KRA71F72abThdLtALHoJMlkc9kkazUcaJQlPBYuQ",
          "e": "AQAB"
        },
        "attributes": {
          "enabled": true,
          "created": 1741308267,
          "updated": 1741308267,
          "recoveryLevel": "CustomizedRecoverable+Purgeable",
          "recoverableDays": 7,
          "exportable": false
        }
      }
    },
    {
      "RequestUri": "https://Sanitized.vault.azure.net/keys/livekvtestkey65342b6a?api-version=7.6-preview.2",
      "RequestMethod": "DELETE",
      "RequestHeaders": {
        "Accept": "application/json",
        "Accept-Encoding": "gzip, deflate",
        "Content-Length": "0",
        "User-Agent": "azsdk-python-keyvault-keys/4.10.1 Python/3.9.19 (Linux-6.1.124.1-microsoft-standard-x86_64-with-glibc2.35) cloud-shell/1.0"
      },
      "RequestBody": null,
      "StatusCode": 200,
      "ResponseHeaders": {
        "Cache-Control": "no-cache",
        "Content-Length": "872",
        "Content-Type": "application/json; charset=utf-8",
        "Date": "Fri, 07 Mar 2025 00:44:42 GMT",
        "Expires": "-1",
        "Pragma": "no-cache",
        "Strict-Transport-Security": "max-age=31536000;includeSubDomains",
        "X-Content-Type-Options": "nosniff",
        "x-ms-keyvault-network-info": "conn_type=Ipv4;addr=104.42.219.139;act_addr_fam=InterNetwork;",
        "x-ms-keyvault-rbac-assignment-id": "b8356253160245638f7724d3240bcbf4",
        "x-ms-keyvault-region": "westus3",
        "x-ms-keyvault-service-version": "1.9.2103.1"
      },
      "ResponseBody": {
        "recoveryId": "https://vaultname.vault.azure.net/deletedkeys/livekvtestkey65342b6a",
        "deletedDate": 1741308282,
        "scheduledPurgeDate": 1741913082,
        "key": {
          "kid": "https://vaultname.vault.azure.net/keys/livekvtestkey65342b6a/f0c94f94401f4c20ba611283a13f6f78",
          "kty": "RSA",
          "key_ops": [
            "encrypt",
            "decrypt",
            "sign",
            "verify",
            "wrapKey",
            "unwrapKey"
          ],
          "n": "4JTyKRwKJry3qW-o7R_E_8LCWcS6KSvyqbioSDEX8gL9QVaXy9UMZyxDCIBmMVXPC9DXq_zVbQ7dKTjIQvQ-iCui_YDBYTkAjGmtA-PPuEcKBxlX3C5O_v7fEukXyUrlb_wScMQ7FWZFkioq9B68nvSSFICKko_tAl69bDQ5CKNkz-fBadGJea92bXmIQ5Ohhos6Awkg1p8aVgeALNrGQ3cCsWFZmRsQsVrxTylsnYwZLHI3I36SONhoKy1JXEfk7q7UftKbUPY5_M41ILOb3MrgipBKX-BcZw9chAm7ZfIegX5w6CQjkJnIFsHD4m3Zpyqt7JvSmWGeqt1GgEvg8Q",
          "e": "AQAB"
        },
        "attributes": {
          "enabled": true,
          "created": 1741308269,
          "updated": 1741308269,
          "recoveryLevel": "CustomizedRecoverable+Purgeable",
          "recoverableDays": 7,
          "exportable": false,
          "hsmPlatform": "0"
        }
      }
    },
    {
      "RequestUri": "https://Sanitized.vault.azure.net/deletedkeys/livekvtestkey65342b6a?api-version=7.6-preview.2",
      "RequestMethod": "GET",
      "RequestHeaders": {
        "Accept": "application/json",
        "Accept-Encoding": "gzip, deflate",
        "User-Agent": "azsdk-python-keyvault-keys/4.10.1 Python/3.9.19 (Linux-6.1.124.1-microsoft-standard-x86_64-with-glibc2.35) cloud-shell/1.0"
      },
      "RequestBody": null,
      "StatusCode": 404,
      "ResponseHeaders": {
        "Cache-Control": "no-cache",
        "Content-Length": "89",
        "Content-Type": "application/json; charset=utf-8",
        "Date": "Fri, 07 Mar 2025 00:44:42 GMT",
        "Expires": "-1",
        "Pragma": "no-cache",
        "Strict-Transport-Security": "max-age=31536000;includeSubDomains",
        "X-Content-Type-Options": "nosniff",
        "x-ms-keyvault-network-info": "conn_type=Ipv4;addr=104.42.219.139;act_addr_fam=InterNetwork;",
        "x-ms-keyvault-rbac-assignment-id": "b8356253160245638f7724d3240bcbf4",
        "x-ms-keyvault-region": "westus3",
        "x-ms-keyvault-service-version": "1.9.2103.1"
      },
      "ResponseBody": {
        "error": {
          "code": "KeyNotFound",
          "message": "Deleted Key not found: livekvtestkey65342b6a"
        }
      }
    },
    {
      "RequestUri": "https://Sanitized.vault.azure.net/deletedkeys/livekvtestkey65342b6a?api-version=7.6-preview.2",
      "RequestMethod": "GET",
      "RequestHeaders": {
        "Accept": "application/json",
        "Accept-Encoding": "gzip, deflate",
        "User-Agent": "azsdk-python-keyvault-keys/4.10.1 Python/3.9.19 (Linux-6.1.124.1-microsoft-standard-x86_64-with-glibc2.35) cloud-shell/1.0"
      },
      "RequestBody": null,
      "StatusCode": 200,
      "ResponseHeaders": {
        "Cache-Control": "no-cache",
        "Content-Length": "854",
        "Content-Type": "application/json; charset=utf-8",
        "Date": "Fri, 07 Mar 2025 00:44:44 GMT",
        "Expires": "-1",
        "Pragma": "no-cache",
        "Strict-Transport-Security": "max-age=31536000;includeSubDomains",
        "X-Content-Type-Options": "nosniff",
        "x-ms-keyvault-network-info": "conn_type=Ipv4;addr=104.42.219.139;act_addr_fam=InterNetwork;",
        "x-ms-keyvault-rbac-assignment-id": "b8356253160245638f7724d3240bcbf4",
        "x-ms-keyvault-region": "westus3",
        "x-ms-keyvault-service-version": "1.9.2103.1"
      },
      "ResponseBody": {
        "recoveryId": "https://vaultname.vault.azure.net/deletedkeys/livekvtestkey65342b6a",
        "deletedDate": 1741308282,
        "scheduledPurgeDate": 1741913082,
        "key": {
          "kid": "https://vaultname.vault.azure.net/keys/livekvtestkey65342b6a/f0c94f94401f4c20ba611283a13f6f78",
          "kty": "RSA",
          "key_ops": [
            "encrypt",
            "decrypt",
            "sign",
            "verify",
            "wrapKey",
            "unwrapKey"
          ],
          "n": "4JTyKRwKJry3qW-o7R_E_8LCWcS6KSvyqbioSDEX8gL9QVaXy9UMZyxDCIBmMVXPC9DXq_zVbQ7dKTjIQvQ-iCui_YDBYTkAjGmtA-PPuEcKBxlX3C5O_v7fEukXyUrlb_wScMQ7FWZFkioq9B68nvSSFICKko_tAl69bDQ5CKNkz-fBadGJea92bXmIQ5Ohhos6Awkg1p8aVgeALNrGQ3cCsWFZmRsQsVrxTylsnYwZLHI3I36SONhoKy1JXEfk7q7UftKbUPY5_M41ILOb3MrgipBKX-BcZw9chAm7ZfIegX5w6CQjkJnIFsHD4m3Zpyqt7JvSmWGeqt1GgEvg8Q",
          "e": "AQAB"
        },
        "attributes": {
          "enabled": true,
          "created": 1741308269,
          "updated": 1741308269,
          "recoveryLevel": "CustomizedRecoverable+Purgeable",
          "recoverableDays": 7,
          "exportable": false
        }
      }
    },
    {
      "RequestUri": "https://Sanitized.vault.azure.net/deletedkeys/livekvtestkey05342b6a?api-version=7.6-preview.2",
      "RequestMethod": "DELETE",
      "RequestHeaders": {
        "Accept": "application/json",
        "Accept-Encoding": "gzip, deflate",
        "Content-Length": "0",
        "User-Agent": "azsdk-python-keyvault-keys/4.10.1 Python/3.9.19 (Linux-6.1.124.1-microsoft-standard-x86_64-with-glibc2.35) cloud-shell/1.0"
      },
      "RequestBody": null,
      "StatusCode": 204,
      "ResponseHeaders": {
        "Cache-Control": "no-cache",
        "Date": "Fri, 07 Mar 2025 00:44:44 GMT",
        "Expires": "-1",
        "Pragma": "no-cache",
        "Strict-Transport-Security": "max-age=31536000;includeSubDomains",
        "X-Content-Type-Options": "nosniff",
        "x-ms-keyvault-network-info": "conn_type=Ipv4;addr=104.42.219.139;act_addr_fam=InterNetwork;",
        "x-ms-keyvault-rbac-assignment-id": "b8356253160245638f7724d3240bcbf4",
        "x-ms-keyvault-region": "westus3",
        "x-ms-keyvault-service-version": "1.9.2103.1"
      },
      "ResponseBody": null
    },
    {
      "RequestUri": "https://Sanitized.vault.azure.net/deletedkeys/livekvtestkey15342b6a?api-version=7.6-preview.2",
      "RequestMethod": "DELETE",
      "RequestHeaders": {
        "Accept": "application/json",
        "Accept-Encoding": "gzip, deflate",
        "Content-Length": "0",
        "User-Agent": "azsdk-python-keyvault-keys/4.10.1 Python/3.9.19 (Linux-6.1.124.1-microsoft-standard-x86_64-with-glibc2.35) cloud-shell/1.0"
      },
      "RequestBody": null,
      "StatusCode": 204,
      "ResponseHeaders": {
        "Cache-Control": "no-cache",
        "Date": "Fri, 07 Mar 2025 00:44:44 GMT",
        "Expires": "-1",
        "Pragma": "no-cache",
        "Strict-Transport-Security": "max-age=31536000;includeSubDomains",
        "X-Content-Type-Options": "nosniff",
        "x-ms-keyvault-network-info": "conn_type=Ipv4;addr=104.42.219.139;act_addr_fam=InterNetwork;",
        "x-ms-keyvault-rbac-assignment-id": "b8356253160245638f7724d3240bcbf4",
        "x-ms-keyvault-region": "westus3",
        "x-ms-keyvault-service-version": "1.9.2103.1"
      },
      "ResponseBody": null
    },
    {
      "RequestUri": "https://Sanitized.vault.azure.net/deletedkeys/livekvtestkey25342b6a?api-version=7.6-preview.2",
      "RequestMethod": "DELETE",
      "RequestHeaders": {
        "Accept": "application/json",
        "Accept-Encoding": "gzip, deflate",
        "Content-Length": "0",
        "User-Agent": "azsdk-python-keyvault-keys/4.10.1 Python/3.9.19 (Linux-6.1.124.1-microsoft-standard-x86_64-with-glibc2.35) cloud-shell/1.0"
      },
      "RequestBody": null,
      "StatusCode": 204,
      "ResponseHeaders": {
        "Cache-Control": "no-cache",
        "Date": "Fri, 07 Mar 2025 00:44:44 GMT",
        "Expires": "-1",
        "Pragma": "no-cache",
        "Strict-Transport-Security": "max-age=31536000;includeSubDomains",
        "X-Content-Type-Options": "nosniff",
        "x-ms-keyvault-network-info": "conn_type=Ipv4;addr=104.42.219.139;act_addr_fam=InterNetwork;",
        "x-ms-keyvault-rbac-assignment-id": "b8356253160245638f7724d3240bcbf4",
        "x-ms-keyvault-region": "westus3",
        "x-ms-keyvault-service-version": "1.9.2103.1"
      },
      "ResponseBody": null
    },
    {
      "RequestUri": "https://Sanitized.vault.azure.net/deletedkeys/livekvtestkey35342b6a?api-version=7.6-preview.2",
      "RequestMethod": "DELETE",
      "RequestHeaders": {
        "Accept": "application/json",
        "Accept-Encoding": "gzip, deflate",
        "Content-Length": "0",
        "User-Agent": "azsdk-python-keyvault-keys/4.10.1 Python/3.9.19 (Linux-6.1.124.1-microsoft-standard-x86_64-with-glibc2.35) cloud-shell/1.0"
      },
      "RequestBody": null,
      "StatusCode": 204,
      "ResponseHeaders": {
        "Cache-Control": "no-cache",
        "Date": "Fri, 07 Mar 2025 00:44:44 GMT",
        "Expires": "-1",
        "Pragma": "no-cache",
        "Strict-Transport-Security": "max-age=31536000;includeSubDomains",
        "X-Content-Type-Options": "nosniff",
        "x-ms-keyvault-network-info": "conn_type=Ipv4;addr=104.42.219.139;act_addr_fam=InterNetwork;",
        "x-ms-keyvault-rbac-assignment-id": "b8356253160245638f7724d3240bcbf4",
        "x-ms-keyvault-region": "westus3",
        "x-ms-keyvault-service-version": "1.9.2103.1"
      },
      "ResponseBody": null
    },
    {
      "RequestUri": "https://Sanitized.vault.azure.net/deletedkeys/livekvtestkey45342b6a?api-version=7.6-preview.2",
      "RequestMethod": "DELETE",
      "RequestHeaders": {
        "Accept": "application/json",
        "Accept-Encoding": "gzip, deflate",
        "Content-Length": "0",
        "User-Agent": "azsdk-python-keyvault-keys/4.10.1 Python/3.9.19 (Linux-6.1.124.1-microsoft-standard-x86_64-with-glibc2.35) cloud-shell/1.0"
      },
      "RequestBody": null,
      "StatusCode": 204,
      "ResponseHeaders": {
        "Cache-Control": "no-cache",
        "Date": "Fri, 07 Mar 2025 00:44:44 GMT",
        "Expires": "-1",
        "Pragma": "no-cache",
        "Strict-Transport-Security": "max-age=31536000;includeSubDomains",
        "X-Content-Type-Options": "nosniff",
        "x-ms-keyvault-network-info": "conn_type=Ipv4;addr=104.42.219.139;act_addr_fam=InterNetwork;",
        "x-ms-keyvault-rbac-assignment-id": "b8356253160245638f7724d3240bcbf4",
        "x-ms-keyvault-region": "westus3",
        "x-ms-keyvault-service-version": "1.9.2103.1"
      },
      "ResponseBody": null
    },
    {
      "RequestUri": "https://Sanitized.vault.azure.net/deletedkeys/livekvtestkey55342b6a?api-version=7.6-preview.2",
      "RequestMethod": "DELETE",
      "RequestHeaders": {
        "Accept": "application/json",
        "Accept-Encoding": "gzip, deflate",
        "Content-Length": "0",
        "User-Agent": "azsdk-python-keyvault-keys/4.10.1 Python/3.9.19 (Linux-6.1.124.1-microsoft-standard-x86_64-with-glibc2.35) cloud-shell/1.0"
      },
      "RequestBody": null,
      "StatusCode": 204,
      "ResponseHeaders": {
        "Cache-Control": "no-cache",
        "Date": "Fri, 07 Mar 2025 00:44:44 GMT",
        "Expires": "-1",
        "Pragma": "no-cache",
        "Strict-Transport-Security": "max-age=31536000;includeSubDomains",
        "X-Content-Type-Options": "nosniff",
        "x-ms-keyvault-network-info": "conn_type=Ipv4;addr=104.42.219.139;act_addr_fam=InterNetwork;",
        "x-ms-keyvault-rbac-assignment-id": "b8356253160245638f7724d3240bcbf4",
        "x-ms-keyvault-region": "westus3",
        "x-ms-keyvault-service-version": "1.9.2103.1"
      },
      "ResponseBody": null
    },
    {
      "RequestUri": "https://Sanitized.vault.azure.net/deletedkeys/livekvtestkey65342b6a?api-version=7.6-preview.2",
      "RequestMethod": "DELETE",
      "RequestHeaders": {
        "Accept": "application/json",
        "Accept-Encoding": "gzip, deflate",
        "Content-Length": "0",
        "User-Agent": "azsdk-python-keyvault-keys/4.10.1 Python/3.9.19 (Linux-6.1.124.1-microsoft-standard-x86_64-with-glibc2.35) cloud-shell/1.0"
      },
      "RequestBody": null,
      "StatusCode": 204,
      "ResponseHeaders": {
        "Cache-Control": "no-cache",
        "Date": "Fri, 07 Mar 2025 00:44:44 GMT",
        "Expires": "-1",
        "Pragma": "no-cache",
        "Strict-Transport-Security": "max-age=31536000;includeSubDomains",
        "X-Content-Type-Options": "nosniff",
        "x-ms-keyvault-network-info": "conn_type=Ipv4;addr=104.42.219.139;act_addr_fam=InterNetwork;",
        "x-ms-keyvault-rbac-assignment-id": "b8356253160245638f7724d3240bcbf4",
        "x-ms-keyvault-region": "westus3",
        "x-ms-keyvault-service-version": "1.9.2103.1"
      },
      "ResponseBody": null
    },
    {
      "RequestUri": "https://Sanitized.vault.azure.net/deletedkeys/livekvtestkey05342b6a?api-version=7.6-preview.2",
      "RequestMethod": "GET",
      "RequestHeaders": {
        "Accept": "application/json",
        "Accept-Encoding": "gzip, deflate",
        "User-Agent": "azsdk-python-keyvault-keys/4.10.1 Python/3.9.19 (Linux-6.1.124.1-microsoft-standard-x86_64-with-glibc2.35) cloud-shell/1.0"
      },
      "RequestBody": null,
      "StatusCode": 404,
      "ResponseHeaders": {
        "Cache-Control": "no-cache",
        "Content-Length": "309",
        "Content-Type": "application/json; charset=utf-8",
        "Date": "Fri, 07 Mar 2025 00:44:44 GMT",
        "Expires": "-1",
        "Pragma": "no-cache",
        "Strict-Transport-Security": "max-age=31536000;includeSubDomains",
        "X-Content-Type-Options": "nosniff",
        "x-ms-keyvault-network-info": "conn_type=Ipv4;addr=104.42.219.139;act_addr_fam=InterNetwork;",
        "x-ms-keyvault-rbac-assignment-id": "b8356253160245638f7724d3240bcbf4",
        "x-ms-keyvault-region": "westus3",
        "x-ms-keyvault-service-version": "1.9.2103.1"
      },
      "ResponseBody": {
        "error": {
          "code": "KeyNotFound",
          "message": "A key with (name/id) livekvtestkey05342b6a was not found in this key vault. If you recently deleted this key you may be able to recover it using the correct recovery command. For help resolving this issue, please see https://go.microsoft.com/fwlink/?linkid=2125182"
        }
      }
    },
    {
      "RequestUri": "https://Sanitized.vault.azure.net/deletedkeys/livekvtestkey15342b6a?api-version=7.6-preview.2",
      "RequestMethod": "GET",
      "RequestHeaders": {
        "Accept": "application/json",
        "Accept-Encoding": "gzip, deflate",
        "User-Agent": "azsdk-python-keyvault-keys/4.10.1 Python/3.9.19 (Linux-6.1.124.1-microsoft-standard-x86_64-with-glibc2.35) cloud-shell/1.0"
      },
      "RequestBody": null,
      "StatusCode": 404,
      "ResponseHeaders": {
        "Cache-Control": "no-cache",
        "Content-Length": "309",
        "Content-Type": "application/json; charset=utf-8",
        "Date": "Fri, 07 Mar 2025 00:44:44 GMT",
        "Expires": "-1",
        "Pragma": "no-cache",
        "Strict-Transport-Security": "max-age=31536000;includeSubDomains",
        "X-Content-Type-Options": "nosniff",
        "x-ms-keyvault-network-info": "conn_type=Ipv4;addr=104.42.219.139;act_addr_fam=InterNetwork;",
        "x-ms-keyvault-rbac-assignment-id": "b8356253160245638f7724d3240bcbf4",
        "x-ms-keyvault-region": "westus3",
        "x-ms-keyvault-service-version": "1.9.2103.1"
      },
      "ResponseBody": {
        "error": {
          "code": "KeyNotFound",
          "message": "A key with (name/id) livekvtestkey15342b6a was not found in this key vault. If you recently deleted this key you may be able to recover it using the correct recovery command. For help resolving this issue, please see https://go.microsoft.com/fwlink/?linkid=2125182"
        }
      }
    },
    {
      "RequestUri": "https://Sanitized.vault.azure.net/deletedkeys/livekvtestkey25342b6a?api-version=7.6-preview.2",
      "RequestMethod": "GET",
      "RequestHeaders": {
        "Accept": "application/json",
        "Accept-Encoding": "gzip, deflate",
        "User-Agent": "azsdk-python-keyvault-keys/4.10.1 Python/3.9.19 (Linux-6.1.124.1-microsoft-standard-x86_64-with-glibc2.35) cloud-shell/1.0"
      },
      "RequestBody": null,
      "StatusCode": 404,
      "ResponseHeaders": {
        "Cache-Control": "no-cache",
        "Content-Length": "309",
        "Content-Type": "application/json; charset=utf-8",
        "Date": "Fri, 07 Mar 2025 00:44:44 GMT",
        "Expires": "-1",
        "Pragma": "no-cache",
        "Strict-Transport-Security": "max-age=31536000;includeSubDomains",
        "X-Content-Type-Options": "nosniff",
        "x-ms-keyvault-network-info": "conn_type=Ipv4;addr=104.42.219.139;act_addr_fam=InterNetwork;",
        "x-ms-keyvault-rbac-assignment-id": "b8356253160245638f7724d3240bcbf4",
        "x-ms-keyvault-region": "westus3",
        "x-ms-keyvault-service-version": "1.9.2103.1"
      },
      "ResponseBody": {
        "error": {
          "code": "KeyNotFound",
          "message": "A key with (name/id) livekvtestkey25342b6a was not found in this key vault. If you recently deleted this key you may be able to recover it using the correct recovery command. For help resolving this issue, please see https://go.microsoft.com/fwlink/?linkid=2125182"
        }
      }
    },
    {
      "RequestUri": "https://Sanitized.vault.azure.net/deletedkeys/livekvtestkey35342b6a?api-version=7.6-preview.2",
      "RequestMethod": "GET",
      "RequestHeaders": {
        "Accept": "application/json",
        "Accept-Encoding": "gzip, deflate",
        "User-Agent": "azsdk-python-keyvault-keys/4.10.1 Python/3.9.19 (Linux-6.1.124.1-microsoft-standard-x86_64-with-glibc2.35) cloud-shell/1.0"
      },
      "RequestBody": null,
      "StatusCode": 404,
      "ResponseHeaders": {
        "Cache-Control": "no-cache",
        "Content-Length": "309",
        "Content-Type": "application/json; charset=utf-8",
        "Date": "Fri, 07 Mar 2025 00:44:44 GMT",
        "Expires": "-1",
        "Pragma": "no-cache",
        "Strict-Transport-Security": "max-age=31536000;includeSubDomains",
        "X-Content-Type-Options": "nosniff",
        "x-ms-keyvault-network-info": "conn_type=Ipv4;addr=104.42.219.139;act_addr_fam=InterNetwork;",
        "x-ms-keyvault-rbac-assignment-id": "b8356253160245638f7724d3240bcbf4",
        "x-ms-keyvault-region": "westus3",
        "x-ms-keyvault-service-version": "1.9.2103.1"
      },
      "ResponseBody": {
        "error": {
          "code": "KeyNotFound",
          "message": "A key with (name/id) livekvtestkey35342b6a was not found in this key vault. If you recently deleted this key you may be able to recover it using the correct recovery command. For help resolving this issue, please see https://go.microsoft.com/fwlink/?linkid=2125182"
        }
      }
    },
    {
      "RequestUri": "https://Sanitized.vault.azure.net/deletedkeys/livekvtestkey45342b6a?api-version=7.6-preview.2",
      "RequestMethod": "GET",
      "RequestHeaders": {
        "Accept": "application/json",
        "Accept-Encoding": "gzip, deflate",
        "User-Agent": "azsdk-python-keyvault-keys/4.10.1 Python/3.9.19 (Linux-6.1.124.1-microsoft-standard-x86_64-with-glibc2.35) cloud-shell/1.0"
      },
      "RequestBody": null,
      "StatusCode": 404,
      "ResponseHeaders": {
        "Cache-Control": "no-cache",
        "Content-Length": "89",
        "Content-Type": "application/json; charset=utf-8",
        "Date": "Fri, 07 Mar 2025 00:44:44 GMT",
        "Expires": "-1",
        "Pragma": "no-cache",
        "Strict-Transport-Security": "max-age=31536000;includeSubDomains",
        "X-Content-Type-Options": "nosniff",
        "x-ms-keyvault-network-info": "conn_type=Ipv4;addr=104.42.219.139;act_addr_fam=InterNetwork;",
        "x-ms-keyvault-rbac-assignment-id": "b8356253160245638f7724d3240bcbf4",
        "x-ms-keyvault-region": "westus3",
        "x-ms-keyvault-service-version": "1.9.2103.1"
      },
      "ResponseBody": {
        "error": {
          "code": "KeyNotFound",
          "message": "Deleted Key not found: livekvtestkey45342b6a"
        }
      }
    },
    {
      "RequestUri": "https://Sanitized.vault.azure.net/deletedkeys/livekvtestkey55342b6a?api-version=7.6-preview.2",
      "RequestMethod": "GET",
      "RequestHeaders": {
        "Accept": "application/json",
        "Accept-Encoding": "gzip, deflate",
        "User-Agent": "azsdk-python-keyvault-keys/4.10.1 Python/3.9.19 (Linux-6.1.124.1-microsoft-standard-x86_64-with-glibc2.35) cloud-shell/1.0"
      },
      "RequestBody": null,
      "StatusCode": 404,
      "ResponseHeaders": {
        "Cache-Control": "no-cache",
        "Content-Length": "309",
        "Content-Type": "application/json; charset=utf-8",
        "Date": "Fri, 07 Mar 2025 00:44:45 GMT",
        "Expires": "-1",
        "Pragma": "no-cache",
        "Strict-Transport-Security": "max-age=31536000;includeSubDomains",
        "X-Content-Type-Options": "nosniff",
        "x-ms-keyvault-network-info": "conn_type=Ipv4;addr=104.42.219.139;act_addr_fam=InterNetwork;",
        "x-ms-keyvault-rbac-assignment-id": "b8356253160245638f7724d3240bcbf4",
        "x-ms-keyvault-region": "westus3",
        "x-ms-keyvault-service-version": "1.9.2103.1"
      },
      "ResponseBody": {
        "error": {
          "code": "KeyNotFound",
          "message": "A key with (name/id) livekvtestkey55342b6a was not found in this key vault. If you recently deleted this key you may be able to recover it using the correct recovery command. For help resolving this issue, please see https://go.microsoft.com/fwlink/?linkid=2125182"
        }
      }
    },
    {
      "RequestUri": "https://Sanitized.vault.azure.net/deletedkeys/livekvtestkey65342b6a?api-version=7.6-preview.2",
      "RequestMethod": "GET",
      "RequestHeaders": {
        "Accept": "application/json",
        "Accept-Encoding": "gzip, deflate",
        "User-Agent": "azsdk-python-keyvault-keys/4.10.1 Python/3.9.19 (Linux-6.1.124.1-microsoft-standard-x86_64-with-glibc2.35) cloud-shell/1.0"
      },
      "RequestBody": null,
      "StatusCode": 404,
      "ResponseHeaders": {
        "Cache-Control": "no-cache",
        "Content-Length": "309",
        "Content-Type": "application/json; charset=utf-8",
        "Date": "Fri, 07 Mar 2025 00:44:45 GMT",
        "Expires": "-1",
        "Pragma": "no-cache",
        "Strict-Transport-Security": "max-age=31536000;includeSubDomains",
        "X-Content-Type-Options": "nosniff",
        "x-ms-keyvault-network-info": "conn_type=Ipv4;addr=104.42.219.139;act_addr_fam=InterNetwork;",
        "x-ms-keyvault-rbac-assignment-id": "b8356253160245638f7724d3240bcbf4",
        "x-ms-keyvault-region": "westus3",
        "x-ms-keyvault-service-version": "1.9.2103.1"
      },
      "ResponseBody": {
        "error": {
          "code": "KeyNotFound",
          "message": "A key with (name/id) livekvtestkey65342b6a was not found in this key vault. If you recently deleted this key you may be able to recover it using the correct recovery command. For help resolving this issue, please see https://go.microsoft.com/fwlink/?linkid=2125182"
        }
      }
    },
    {
      "RequestUri": "https://Sanitized.vault.azure.net/deletedkeys?api-version=7.6-preview.2",
      "RequestMethod": "GET",
      "RequestHeaders": {
        "Accept": "application/json",
        "Accept-Encoding": "gzip, deflate",
        "User-Agent": "azsdk-python-keyvault-keys/4.10.1 Python/3.9.19 (Linux-6.1.124.1-microsoft-standard-x86_64-with-glibc2.35) cloud-shell/1.0"
      },
      "RequestBody": null,
      "StatusCode": 200,
      "ResponseHeaders": {
        "Cache-Control": "no-cache",
        "Content-Length": "122",
        "Content-Type": "application/json; charset=utf-8",
        "Date": "Fri, 07 Mar 2025 00:44:45 GMT",
        "Expires": "-1",
        "Pragma": "no-cache",
        "Strict-Transport-Security": "max-age=31536000;includeSubDomains",
        "X-Content-Type-Options": "nosniff",
        "x-ms-keyvault-network-info": "conn_type=Ipv4;addr=104.42.219.139;act_addr_fam=InterNetwork;",
        "x-ms-keyvault-rbac-assignment-id": "b8356253160245638f7724d3240bcbf4",
        "x-ms-keyvault-region": "westus3",
        "x-ms-keyvault-service-version": "1.9.2103.1"
      },
      "ResponseBody": {
        "value": [],
        "nextLink": "https://vaultname.vault.azure.net:443/deletedkeys?api-version=7.6-preview.2&$skiptoken=Sanitized"
      }
    },
    {
      "RequestUri": "https://Sanitized.vault.azure.net/deletedkeys?api-version=7.6-preview.2&$skiptoken=Sanitized",
      "RequestMethod": "GET",
      "RequestHeaders": {
        "Accept": "*/*",
        "Accept-Encoding": "gzip, deflate",
        "User-Agent": "azsdk-python-keyvault-keys/4.10.1 Python/3.9.19 (Linux-6.1.124.1-microsoft-standard-x86_64-with-glibc2.35) cloud-shell/1.0"
      },
      "RequestBody": null,
      "StatusCode": 200,
      "ResponseHeaders": {
        "Cache-Control": "no-cache",
        "Content-Length": "122",
        "Content-Type": "application/json; charset=utf-8",
        "Date": "Fri, 07 Mar 2025 00:44:45 GMT",
        "Expires": "-1",
        "Pragma": "no-cache",
        "Strict-Transport-Security": "max-age=31536000;includeSubDomains",
        "X-Content-Type-Options": "nosniff",
        "x-ms-keyvault-network-info": "conn_type=Ipv4;addr=104.42.219.139;act_addr_fam=InterNetwork;",
        "x-ms-keyvault-rbac-assignment-id": "b8356253160245638f7724d3240bcbf4",
        "x-ms-keyvault-region": "westus3",
        "x-ms-keyvault-service-version": "1.9.2103.1"
      },
      "ResponseBody": {
        "value": [],
        "nextLink": "https://vaultname.vault.azure.net:443/deletedkeys?api-version=7.6-preview.2&$skiptoken=Sanitized"
      }
    },
    {
      "RequestUri": "https://Sanitized.vault.azure.net/deletedkeys?api-version=7.6-preview.2&$skiptoken=Sanitized",
      "RequestMethod": "GET",
      "RequestHeaders": {
        "Accept": "*/*",
        "Accept-Encoding": "gzip, deflate",
        "User-Agent": "azsdk-python-keyvault-keys/4.10.1 Python/3.9.19 (Linux-6.1.124.1-microsoft-standard-x86_64-with-glibc2.35) cloud-shell/1.0"
      },
      "RequestBody": null,
      "StatusCode": 200,
      "ResponseHeaders": {
        "Cache-Control": "no-cache",
        "Content-Length": "122",
        "Content-Type": "application/json; charset=utf-8",
        "Date": "Fri, 07 Mar 2025 00:44:45 GMT",
        "Expires": "-1",
        "Pragma": "no-cache",
        "Strict-Transport-Security": "max-age=31536000;includeSubDomains",
        "X-Content-Type-Options": "nosniff",
        "x-ms-keyvault-network-info": "conn_type=Ipv4;addr=104.42.219.139;act_addr_fam=InterNetwork;",
        "x-ms-keyvault-rbac-assignment-id": "b8356253160245638f7724d3240bcbf4",
        "x-ms-keyvault-region": "westus3",
        "x-ms-keyvault-service-version": "1.9.2103.1"
      },
      "ResponseBody": {
        "value": [],
        "nextLink": "https://vaultname.vault.azure.net:443/deletedkeys?api-version=7.6-preview.2&$skiptoken=Sanitized"
      }
    },
    {
      "RequestUri": "https://Sanitized.vault.azure.net/deletedkeys?api-version=7.6-preview.2&$skiptoken=Sanitized",
      "RequestMethod": "GET",
      "RequestHeaders": {
        "Accept": "*/*",
        "Accept-Encoding": "gzip, deflate",
        "User-Agent": "azsdk-python-keyvault-keys/4.10.1 Python/3.9.19 (Linux-6.1.124.1-microsoft-standard-x86_64-with-glibc2.35) cloud-shell/1.0"
      },
      "RequestBody": null,
      "StatusCode": 200,
      "ResponseHeaders": {
        "Cache-Control": "no-cache",
        "Content-Length": "122",
        "Content-Type": "application/json; charset=utf-8",
        "Date": "Fri, 07 Mar 2025 00:44:45 GMT",
        "Expires": "-1",
        "Pragma": "no-cache",
        "Strict-Transport-Security": "max-age=31536000;includeSubDomains",
        "X-Content-Type-Options": "nosniff",
        "x-ms-keyvault-network-info": "conn_type=Ipv4;addr=104.42.219.139;act_addr_fam=InterNetwork;",
        "x-ms-keyvault-rbac-assignment-id": "b8356253160245638f7724d3240bcbf4",
        "x-ms-keyvault-region": "westus3",
        "x-ms-keyvault-service-version": "1.9.2103.1"
      },
      "ResponseBody": {
        "value": [],
        "nextLink": "https://vaultname.vault.azure.net:443/deletedkeys?api-version=7.6-preview.2&$skiptoken=Sanitized"
      }
    },
    {
      "RequestUri": "https://Sanitized.vault.azure.net/deletedkeys?api-version=7.6-preview.2&$skiptoken=Sanitized",
      "RequestMethod": "GET",
      "RequestHeaders": {
        "Accept": "*/*",
        "Accept-Encoding": "gzip, deflate",
        "User-Agent": "azsdk-python-keyvault-keys/4.10.1 Python/3.9.19 (Linux-6.1.124.1-microsoft-standard-x86_64-with-glibc2.35) cloud-shell/1.0"
      },
      "RequestBody": null,
      "StatusCode": 200,
      "ResponseHeaders": {
        "Cache-Control": "no-cache",
        "Content-Length": "993",
        "Content-Type": "application/json; charset=utf-8",
        "Date": "Fri, 07 Mar 2025 00:44:45 GMT",
        "Expires": "-1",
        "Pragma": "no-cache",
        "Strict-Transport-Security": "max-age=31536000;includeSubDomains",
        "X-Content-Type-Options": "nosniff",
        "x-ms-keyvault-network-info": "conn_type=Ipv4;addr=104.42.219.139;act_addr_fam=InterNetwork;",
        "x-ms-keyvault-rbac-assignment-id": "b8356253160245638f7724d3240bcbf4",
        "x-ms-keyvault-region": "westus3",
        "x-ms-keyvault-service-version": "1.9.2103.1"
      },
      "ResponseBody": {
        "value": [
          {
            "recoveryId": "https://vaultname.vault.azure.net/deletedkeys/livekvtestcrud-rsa-key415a3058",
            "deletedDate": 1741307953,
            "scheduledPurgeDate": 1741912753,
            "kid": "https://vaultname.vault.azure.net/keys/livekvtestcrud-rsa-key415a3058",
            "attributes": {
              "enabled": true,
              "exp": 2524723200,
              "created": 1741307949,
              "updated": 1741307952,
              "recoveryLevel": "CustomizedRecoverable+Purgeable",
              "recoverableDays": 7,
              "exportable": false
            },
            "tags": {
              "foo": "updated tag"
            }
          },
          {
            "recoveryId": "https://vaultname.vault.azure.net/deletedkeys/livekvtestcrud-rsa-keyae7c3140",
            "deletedDate": 1741308130,
            "scheduledPurgeDate": 1741912930,
            "kid": "https://vaultname.vault.azure.net/keys/livekvtestcrud-rsa-keyae7c3140",
            "attributes": {
              "enabled": true,
              "exp": 2524723200,
              "created": 1741308127,
              "updated": 1741308130,
              "recoveryLevel": "CustomizedRecoverable+Purgeable",
              "recoverableDays": 7,
              "exportable": false
            },
            "tags": {
              "foo": "updated tag"
            }
          }
        ],
        "nextLink": "https://vaultname.vault.azure.net:443/deletedkeys?api-version=7.6-preview.2&$skiptoken=Sanitized"
      }
    },
    {
      "RequestUri": "https://Sanitized.vault.azure.net/deletedkeys?api-version=7.6-preview.2&$skiptoken=Sanitized",
      "RequestMethod": "GET",
      "RequestHeaders": {
        "Accept": "*/*",
        "Accept-Encoding": "gzip, deflate",
        "User-Agent": "azsdk-python-keyvault-keys/4.10.1 Python/3.9.19 (Linux-6.1.124.1-microsoft-standard-x86_64-with-glibc2.35) cloud-shell/1.0"
      },
      "RequestBody": null,
      "StatusCode": 200,
      "ResponseHeaders": {
        "Cache-Control": "no-cache",
        "Content-Length": "122",
        "Content-Type": "application/json; charset=utf-8",
        "Date": "Fri, 07 Mar 2025 00:44:45 GMT",
        "Expires": "-1",
        "Pragma": "no-cache",
        "Strict-Transport-Security": "max-age=31536000;includeSubDomains",
        "X-Content-Type-Options": "nosniff",
        "x-ms-keyvault-network-info": "conn_type=Ipv4;addr=104.42.219.139;act_addr_fam=InterNetwork;",
        "x-ms-keyvault-rbac-assignment-id": "b8356253160245638f7724d3240bcbf4",
        "x-ms-keyvault-region": "westus3",
        "x-ms-keyvault-service-version": "1.9.2103.1"
      },
      "ResponseBody": {
        "value": [],
        "nextLink": "https://vaultname.vault.azure.net:443/deletedkeys?api-version=7.6-preview.2&$skiptoken=Sanitized"
      }
    },
    {
      "RequestUri": "https://Sanitized.vault.azure.net/deletedkeys?api-version=7.6-preview.2&$skiptoken=Sanitized",
      "RequestMethod": "GET",
      "RequestHeaders": {
        "Accept": "*/*",
        "Accept-Encoding": "gzip, deflate",
        "User-Agent": "azsdk-python-keyvault-keys/4.10.1 Python/3.9.19 (Linux-6.1.124.1-microsoft-standard-x86_64-with-glibc2.35) cloud-shell/1.0"
      },
      "RequestBody": null,
      "StatusCode": 200,
      "ResponseHeaders": {
        "Cache-Control": "no-cache",
        "Content-Length": "122",
        "Content-Type": "application/json; charset=utf-8",
        "Date": "Fri, 07 Mar 2025 00:44:45 GMT",
        "Expires": "-1",
        "Pragma": "no-cache",
        "Strict-Transport-Security": "max-age=31536000;includeSubDomains",
        "X-Content-Type-Options": "nosniff",
        "x-ms-keyvault-network-info": "conn_type=Ipv4;addr=104.42.219.139;act_addr_fam=InterNetwork;",
        "x-ms-keyvault-rbac-assignment-id": "b8356253160245638f7724d3240bcbf4",
        "x-ms-keyvault-region": "westus3",
        "x-ms-keyvault-service-version": "1.9.2103.1"
      },
      "ResponseBody": {
        "value": [],
        "nextLink": "https://vaultname.vault.azure.net:443/deletedkeys?api-version=7.6-preview.2&$skiptoken=Sanitized"
      }
    },
    {
      "RequestUri": "https://Sanitized.vault.azure.net/deletedkeys?api-version=7.6-preview.2&$skiptoken=Sanitized",
      "RequestMethod": "GET",
      "RequestHeaders": {
        "Accept": "*/*",
        "Accept-Encoding": "gzip, deflate",
        "User-Agent": "azsdk-python-keyvault-keys/4.10.1 Python/3.9.19 (Linux-6.1.124.1-microsoft-standard-x86_64-with-glibc2.35) cloud-shell/1.0"
      },
      "RequestBody": null,
      "StatusCode": 200,
      "ResponseHeaders": {
        "Cache-Control": "no-cache",
        "Content-Length": "1991",
        "Content-Type": "application/json; charset=utf-8",
        "Date": "Fri, 07 Mar 2025 00:44:46 GMT",
        "Expires": "-1",
        "Pragma": "no-cache",
        "Strict-Transport-Security": "max-age=31536000;includeSubDomains",
        "X-Content-Type-Options": "nosniff",
        "x-ms-keyvault-network-info": "conn_type=Ipv4;addr=104.42.219.139;act_addr_fam=InterNetwork;",
        "x-ms-keyvault-rbac-assignment-id": "b8356253160245638f7724d3240bcbf4",
        "x-ms-keyvault-region": "westus3",
        "x-ms-keyvault-service-version": "1.9.2103.1"
      },
      "ResponseBody": {
        "value": [
          {
            "recoveryId": "https://vaultname.vault.azure.net/deletedkeys/livekvtestkey0453f3054",
            "deletedDate": 1741308200,
            "scheduledPurgeDate": 1741913000,
            "kid": "https://vaultname.vault.azure.net/keys/livekvtestkey0453f3054",
            "attributes": {
              "enabled": true,
              "created": 1741308187,
              "updated": 1741308187,
              "recoveryLevel": "CustomizedRecoverable+Purgeable",
              "recoverableDays": 7,
              "exportable": false
            }
          },
          {
            "recoveryId": "https://vaultname.vault.azure.net/deletedkeys/livekvtestkey0d9de2f6c",
            "deletedDate": 1741308022,
            "scheduledPurgeDate": 1741912822,
            "kid": "https://vaultname.vault.azure.net/keys/livekvtestkey0d9de2f6c",
            "attributes": {
              "enabled": true,
              "created": 1741308009,
              "updated": 1741308009,
              "recoveryLevel": "CustomizedRecoverable+Purgeable",
              "recoverableDays": 7,
              "exportable": false
            }
          },
          {
            "recoveryId": "https://vaultname.vault.azure.net/deletedkeys/livekvtestkey1453f3054",
            "deletedDate": 1741308203,
            "scheduledPurgeDate": 1741913003,
            "kid": "https://vaultname.vault.azure.net/keys/livekvtestkey1453f3054",
            "attributes": {
              "enabled": true,
              "created": 1741308189,
              "updated": 1741308189,
              "recoveryLevel": "CustomizedRecoverable+Purgeable",
              "recoverableDays": 7,
              "exportable": false
            }
          },
          {
            "recoveryId": "https://vaultname.vault.azure.net/deletedkeys/livekvtestkey1611a2c3d",
            "deletedDate": 1741308237,
            "scheduledPurgeDate": 1741913037,
            "kid": "https://vaultname.vault.azure.net/keys/livekvtestkey1611a2c3d",
            "attributes": {
              "enabled": true,
              "created": 1741308224,
              "updated": 1741308224,
              "recoveryLevel": "CustomizedRecoverable+Purgeable",
              "recoverableDays": 7,
              "exportable": false
            }
          },
          {
            "recoveryId": "https://vaultname.vault.azure.net/deletedkeys/livekvtestkey1d9de2f6c",
            "deletedDate": 1741308024,
            "scheduledPurgeDate": 1741912824,
            "kid": "https://vaultname.vault.azure.net/keys/livekvtestkey1d9de2f6c",
            "attributes": {
              "enabled": true,
              "created": 1741308011,
              "updated": 1741308011,
              "recoveryLevel": "CustomizedRecoverable+Purgeable",
              "recoverableDays": 7,
              "exportable": false
            }
          }
        ],
        "nextLink": "https://vaultname.vault.azure.net:443/deletedkeys?api-version=7.6-preview.2&$skiptoken=Sanitized"
      }
    },
    {
      "RequestUri": "https://Sanitized.vault.azure.net/deletedkeys?api-version=7.6-preview.2&$skiptoken=Sanitized",
      "RequestMethod": "GET",
      "RequestHeaders": {
        "Accept": "*/*",
        "Accept-Encoding": "gzip, deflate",
        "User-Agent": "azsdk-python-keyvault-keys/4.10.1 Python/3.9.19 (Linux-6.1.124.1-microsoft-standard-x86_64-with-glibc2.35) cloud-shell/1.0"
      },
      "RequestBody": null,
      "StatusCode": 200,
      "ResponseHeaders": {
        "Cache-Control": "no-cache",
        "Content-Length": "3487",
        "Content-Type": "application/json; charset=utf-8",
        "Date": "Fri, 07 Mar 2025 00:44:46 GMT",
        "Expires": "-1",
        "Pragma": "no-cache",
        "Strict-Transport-Security": "max-age=31536000;includeSubDomains",
        "X-Content-Type-Options": "nosniff",
        "x-ms-keyvault-network-info": "conn_type=Ipv4;addr=104.42.219.139;act_addr_fam=InterNetwork;",
        "x-ms-keyvault-rbac-assignment-id": "b8356253160245638f7724d3240bcbf4",
        "x-ms-keyvault-region": "westus3",
        "x-ms-keyvault-service-version": "1.9.2103.1"
      },
      "ResponseBody": {
        "value": [
          {
            "recoveryId": "https://vaultname.vault.azure.net/deletedkeys/livekvtestkey1fec92b55",
            "deletedDate": 1741308059,
            "scheduledPurgeDate": 1741912859,
            "kid": "https://vaultname.vault.azure.net/keys/livekvtestkey1fec92b55",
            "attributes": {
              "enabled": true,
              "created": 1741308046,
              "updated": 1741308046,
              "recoveryLevel": "CustomizedRecoverable+Purgeable",
              "recoverableDays": 7,
              "exportable": false
            }
          },
          {
            "recoveryId": "https://vaultname.vault.azure.net/deletedkeys/livekvtestkey2453f3054",
            "deletedDate": 1741308205,
            "scheduledPurgeDate": 1741913005,
            "kid": "https://vaultname.vault.azure.net/keys/livekvtestkey2453f3054",
            "attributes": {
              "enabled": true,
              "created": 1741308192,
              "updated": 1741308192,
              "recoveryLevel": "CustomizedRecoverable+Purgeable",
              "recoverableDays": 7,
              "exportable": false
            }
          },
          {
            "recoveryId": "https://vaultname.vault.azure.net/deletedkeys/livekvtestkey2611a2c3d",
            "deletedDate": 1741308239,
            "scheduledPurgeDate": 1741913039,
            "kid": "https://vaultname.vault.azure.net/keys/livekvtestkey2611a2c3d",
            "attributes": {
              "enabled": true,
              "created": 1741308226,
              "updated": 1741308226,
              "recoveryLevel": "CustomizedRecoverable+Purgeable",
              "recoverableDays": 7,
              "exportable": false
            }
          },
          {
            "recoveryId": "https://vaultname.vault.azure.net/deletedkeys/livekvtestkey2d9de2f6c",
            "deletedDate": 1741308027,
            "scheduledPurgeDate": 1741912827,
            "kid": "https://vaultname.vault.azure.net/keys/livekvtestkey2d9de2f6c",
            "attributes": {
              "enabled": true,
              "created": 1741308013,
              "updated": 1741308013,
              "recoveryLevel": "CustomizedRecoverable+Purgeable",
              "recoverableDays": 7,
              "exportable": false
            }
          },
          {
            "recoveryId": "https://vaultname.vault.azure.net/deletedkeys/livekvtestkey2fec92b55",
            "deletedDate": 1741308061,
            "scheduledPurgeDate": 1741912861,
            "kid": "https://vaultname.vault.azure.net/keys/livekvtestkey2fec92b55",
            "attributes": {
              "enabled": true,
              "created": 1741308048,
              "updated": 1741308048,
              "recoveryLevel": "CustomizedRecoverable+Purgeable",
              "recoverableDays": 7,
              "exportable": false
            }
          },
          {
            "recoveryId": "https://vaultname.vault.azure.net/deletedkeys/livekvtestkey3453f3054",
            "deletedDate": 1741308207,
            "scheduledPurgeDate": 1741913007,
            "kid": "https://vaultname.vault.azure.net/keys/livekvtestkey3453f3054",
            "attributes": {
              "enabled": true,
              "created": 1741308194,
              "updated": 1741308194,
              "recoveryLevel": "CustomizedRecoverable+Purgeable",
              "recoverableDays": 7,
              "exportable": false
            }
          },
          {
            "recoveryId": "https://vaultname.vault.azure.net/deletedkeys/livekvtestkey3611a2c3d",
            "deletedDate": 1741308242,
            "scheduledPurgeDate": 1741913042,
            "kid": "https://vaultname.vault.azure.net/keys/livekvtestkey3611a2c3d",
            "attributes": {
              "enabled": true,
              "created": 1741308228,
              "updated": 1741308228,
              "recoveryLevel": "CustomizedRecoverable+Purgeable",
              "recoverableDays": 7,
              "exportable": false
            }
          },
          {
            "recoveryId": "https://vaultname.vault.azure.net/deletedkeys/livekvtestkey3d9de2f6c",
            "deletedDate": 1741308029,
            "scheduledPurgeDate": 1741912829,
            "kid": "https://vaultname.vault.azure.net/keys/livekvtestkey3d9de2f6c",
            "attributes": {
              "enabled": true,
              "created": 1741308016,
              "updated": 1741308016,
              "recoveryLevel": "CustomizedRecoverable+Purgeable",
              "recoverableDays": 7,
              "exportable": false
            }
          },
          {
            "recoveryId": "https://vaultname.vault.azure.net/deletedkeys/livekvtestkey3fec92b55",
            "deletedDate": 1741308063,
            "scheduledPurgeDate": 1741912863,
            "kid": "https://vaultname.vault.azure.net/keys/livekvtestkey3fec92b55",
            "attributes": {
              "enabled": true,
              "created": 1741308050,
              "updated": 1741308050,
              "recoveryLevel": "CustomizedRecoverable+Purgeable",
              "recoverableDays": 7,
              "exportable": false
            }
          }
        ],
        "nextLink": "https://vaultname.vault.azure.net:443/deletedkeys?api-version=7.6-preview.2&$skiptoken=Sanitized"
      }
    },
    {
      "RequestUri": "https://Sanitized.vault.azure.net/deletedkeys?api-version=7.6-preview.2&$skiptoken=Sanitized",
      "RequestMethod": "GET",
      "RequestHeaders": {
        "Accept": "*/*",
        "Accept-Encoding": "gzip, deflate",
        "User-Agent": "azsdk-python-keyvault-keys/4.10.1 Python/3.9.19 (Linux-6.1.124.1-microsoft-standard-x86_64-with-glibc2.35) cloud-shell/1.0"
      },
      "RequestBody": null,
      "StatusCode": 200,
      "ResponseHeaders": {
        "Cache-Control": "no-cache",
        "Content-Length": "3113",
        "Content-Type": "application/json; charset=utf-8",
        "Date": "Fri, 07 Mar 2025 00:44:46 GMT",
        "Expires": "-1",
        "Pragma": "no-cache",
        "Strict-Transport-Security": "max-age=31536000;includeSubDomains",
        "X-Content-Type-Options": "nosniff",
        "x-ms-keyvault-network-info": "conn_type=Ipv4;addr=104.42.219.139;act_addr_fam=InterNetwork;",
        "x-ms-keyvault-rbac-assignment-id": "b8356253160245638f7724d3240bcbf4",
        "x-ms-keyvault-region": "westus3",
        "x-ms-keyvault-service-version": "1.9.2103.1"
      },
      "ResponseBody": {
        "value": [
          {
            "recoveryId": "https://vaultname.vault.azure.net/deletedkeys/livekvtestkey4453f3054",
            "deletedDate": 1741308209,
            "scheduledPurgeDate": 1741913009,
            "kid": "https://vaultname.vault.azure.net/keys/livekvtestkey4453f3054",
            "attributes": {
              "enabled": true,
              "created": 1741308196,
              "updated": 1741308196,
              "recoveryLevel": "CustomizedRecoverable+Purgeable",
              "recoverableDays": 7,
              "exportable": false
            }
          },
          {
            "recoveryId": "https://vaultname.vault.azure.net/deletedkeys/livekvtestkey4611a2c3d",
            "deletedDate": 1741308244,
            "scheduledPurgeDate": 1741913044,
            "kid": "https://vaultname.vault.azure.net/keys/livekvtestkey4611a2c3d",
            "attributes": {
              "enabled": true,
              "created": 1741308231,
              "updated": 1741308231,
              "recoveryLevel": "CustomizedRecoverable+Purgeable",
              "recoverableDays": 7,
              "exportable": false
            }
          },
          {
            "recoveryId": "https://vaultname.vault.azure.net/deletedkeys/livekvtestkey4d9de2f6c",
            "deletedDate": 1741308031,
            "scheduledPurgeDate": 1741912831,
            "kid": "https://vaultname.vault.azure.net/keys/livekvtestkey4d9de2f6c",
            "attributes": {
              "enabled": true,
              "created": 1741308018,
              "updated": 1741308018,
              "recoveryLevel": "CustomizedRecoverable+Purgeable",
              "recoverableDays": 7,
              "exportable": false
            }
          },
          {
            "recoveryId": "https://vaultname.vault.azure.net/deletedkeys/livekvtestkey4fec92b55",
            "deletedDate": 1741308065,
            "scheduledPurgeDate": 1741912865,
            "kid": "https://vaultname.vault.azure.net/keys/livekvtestkey4fec92b55",
            "attributes": {
              "enabled": true,
              "created": 1741308052,
              "updated": 1741308052,
              "recoveryLevel": "CustomizedRecoverable+Purgeable",
              "recoverableDays": 7,
              "exportable": false
            }
          },
          {
            "recoveryId": "https://vaultname.vault.azure.net/deletedkeys/livekvtestkey5453f3054",
            "deletedDate": 1741308211,
            "scheduledPurgeDate": 1741913011,
            "kid": "https://vaultname.vault.azure.net/keys/livekvtestkey5453f3054",
            "attributes": {
              "enabled": true,
              "created": 1741308198,
              "updated": 1741308198,
              "recoveryLevel": "CustomizedRecoverable+Purgeable",
              "recoverableDays": 7,
              "exportable": false
            }
          },
          {
            "recoveryId": "https://vaultname.vault.azure.net/deletedkeys/livekvtestkey5611a2c3d",
            "deletedDate": 1741308246,
            "scheduledPurgeDate": 1741913046,
            "kid": "https://vaultname.vault.azure.net/keys/livekvtestkey5611a2c3d",
            "attributes": {
              "enabled": true,
              "created": 1741308233,
              "updated": 1741308233,
              "recoveryLevel": "CustomizedRecoverable+Purgeable",
              "recoverableDays": 7,
              "exportable": false
            }
          },
          {
            "recoveryId": "https://vaultname.vault.azure.net/deletedkeys/livekvtestkey5d9de2f6c",
            "deletedDate": 1741308033,
            "scheduledPurgeDate": 1741912833,
            "kid": "https://vaultname.vault.azure.net/keys/livekvtestkey5d9de2f6c",
            "attributes": {
              "enabled": true,
              "created": 1741308020,
              "updated": 1741308020,
              "recoveryLevel": "CustomizedRecoverable+Purgeable",
              "recoverableDays": 7,
              "exportable": false
            }
          },
          {
            "recoveryId": "https://vaultname.vault.azure.net/deletedkeys/livekvtestkey5fec92b55",
            "deletedDate": 1741308067,
            "scheduledPurgeDate": 1741912867,
            "kid": "https://vaultname.vault.azure.net/keys/livekvtestkey5fec92b55",
            "attributes": {
              "enabled": true,
              "created": 1741308054,
              "updated": 1741308054,
              "recoveryLevel": "CustomizedRecoverable+Purgeable",
              "recoverableDays": 7,
              "exportable": false
            }
          }
        ],
        "nextLink": "https://vaultname.vault.azure.net:443/deletedkeys?api-version=7.6-preview.2&$skiptoken=Sanitized"
      }
    },
    {
      "RequestUri": "https://Sanitized.vault.azure.net/deletedkeys?api-version=7.6-preview.2&$skiptoken=Sanitized",
      "RequestMethod": "GET",
      "RequestHeaders": {
        "Accept": "*/*",
        "Accept-Encoding": "gzip, deflate",
        "User-Agent": "azsdk-python-keyvault-keys/4.10.1 Python/3.9.19 (Linux-6.1.124.1-microsoft-standard-x86_64-with-glibc2.35) cloud-shell/1.0"
      },
      "RequestBody": null,
      "StatusCode": 200,
      "ResponseHeaders": {
        "Cache-Control": "no-cache",
        "Content-Length": "1617",
        "Content-Type": "application/json; charset=utf-8",
        "Date": "Fri, 07 Mar 2025 00:44:46 GMT",
        "Expires": "-1",
        "Pragma": "no-cache",
        "Strict-Transport-Security": "max-age=31536000;includeSubDomains",
        "X-Content-Type-Options": "nosniff",
        "x-ms-keyvault-network-info": "conn_type=Ipv4;addr=104.42.219.139;act_addr_fam=InterNetwork;",
        "x-ms-keyvault-rbac-assignment-id": "b8356253160245638f7724d3240bcbf4",
        "x-ms-keyvault-region": "westus3",
        "x-ms-keyvault-service-version": "1.9.2103.1"
      },
      "ResponseBody": {
        "value": [
          {
            "recoveryId": "https://vaultname.vault.azure.net/deletedkeys/livekvtestkey6453f3054",
            "deletedDate": 1741308214,
            "scheduledPurgeDate": 1741913014,
            "kid": "https://vaultname.vault.azure.net/keys/livekvtestkey6453f3054",
            "attributes": {
              "enabled": true,
              "created": 1741308200,
              "updated": 1741308200,
              "recoveryLevel": "CustomizedRecoverable+Purgeable",
              "recoverableDays": 7,
              "exportable": false
            }
          },
          {
            "recoveryId": "https://vaultname.vault.azure.net/deletedkeys/livekvtestkey6611a2c3d",
            "deletedDate": 1741308248,
            "scheduledPurgeDate": 1741913048,
            "kid": "https://vaultname.vault.azure.net/keys/livekvtestkey6611a2c3d",
            "attributes": {
              "enabled": true,
              "created": 1741308235,
              "updated": 1741308235,
              "recoveryLevel": "CustomizedRecoverable+Purgeable",
              "recoverableDays": 7,
              "exportable": false
            }
          },
          {
            "recoveryId": "https://vaultname.vault.azure.net/deletedkeys/livekvtestkey6d9de2f6c",
            "deletedDate": 1741308035,
            "scheduledPurgeDate": 1741912835,
            "kid": "https://vaultname.vault.azure.net/keys/livekvtestkey6d9de2f6c",
            "attributes": {
              "enabled": true,
              "created": 1741308022,
              "updated": 1741308022,
              "recoveryLevel": "CustomizedRecoverable+Purgeable",
              "recoverableDays": 7,
              "exportable": false
            }
          },
          {
            "recoveryId": "https://vaultname.vault.azure.net/deletedkeys/livekvtestkey6fec92b55",
            "deletedDate": 1741308070,
            "scheduledPurgeDate": 1741912870,
            "kid": "https://vaultname.vault.azure.net/keys/livekvtestkey6fec92b55",
            "attributes": {
              "enabled": true,
              "created": 1741308056,
              "updated": 1741308056,
              "recoveryLevel": "CustomizedRecoverable+Purgeable",
              "recoverableDays": 7,
              "exportable": false
            }
          }
        ],
        "nextLink": "https://vaultname.vault.azure.net:443/deletedkeys?api-version=7.6-preview.2&$skiptoken=Sanitized"
      }
    },
    {
      "RequestUri": "https://Sanitized.vault.azure.net/deletedkeys?api-version=7.6-preview.2&$skiptoken=Sanitized",
      "RequestMethod": "GET",
      "RequestHeaders": {
        "Accept": "*/*",
        "Accept-Encoding": "gzip, deflate",
        "User-Agent": "azsdk-python-keyvault-keys/4.10.1 Python/3.9.19 (Linux-6.1.124.1-microsoft-standard-x86_64-with-glibc2.35) cloud-shell/1.0"
      },
      "RequestBody": null,
      "StatusCode": 200,
      "ResponseHeaders": {
        "Cache-Control": "no-cache",
        "Content-Length": "122",
        "Content-Type": "application/json; charset=utf-8",
        "Date": "Fri, 07 Mar 2025 00:44:46 GMT",
        "Expires": "-1",
        "Pragma": "no-cache",
        "Strict-Transport-Security": "max-age=31536000;includeSubDomains",
        "X-Content-Type-Options": "nosniff",
        "x-ms-keyvault-network-info": "conn_type=Ipv4;addr=104.42.219.139;act_addr_fam=InterNetwork;",
        "x-ms-keyvault-rbac-assignment-id": "b8356253160245638f7724d3240bcbf4",
        "x-ms-keyvault-region": "westus3",
        "x-ms-keyvault-service-version": "1.9.2103.1"
      },
      "ResponseBody": {
        "value": [],
        "nextLink": "https://vaultname.vault.azure.net:443/deletedkeys?api-version=7.6-preview.2&$skiptoken=Sanitized"
      }
    },
    {
      "RequestUri": "https://Sanitized.vault.azure.net/deletedkeys?api-version=7.6-preview.2&$skiptoken=Sanitized",
      "RequestMethod": "GET",
      "RequestHeaders": {
        "Accept": "*/*",
        "Accept-Encoding": "gzip, deflate",
        "User-Agent": "azsdk-python-keyvault-keys/4.10.1 Python/3.9.19 (Linux-6.1.124.1-microsoft-standard-x86_64-with-glibc2.35) cloud-shell/1.0"
      },
      "RequestBody": null,
      "StatusCode": 200,
      "ResponseHeaders": {
        "Cache-Control": "no-cache",
        "Content-Length": "122",
        "Content-Type": "application/json; charset=utf-8",
        "Date": "Fri, 07 Mar 2025 00:44:46 GMT",
        "Expires": "-1",
        "Pragma": "no-cache",
        "Strict-Transport-Security": "max-age=31536000;includeSubDomains",
        "X-Content-Type-Options": "nosniff",
        "x-ms-keyvault-network-info": "conn_type=Ipv4;addr=104.42.219.139;act_addr_fam=InterNetwork;",
        "x-ms-keyvault-rbac-assignment-id": "b8356253160245638f7724d3240bcbf4",
        "x-ms-keyvault-region": "westus3",
        "x-ms-keyvault-service-version": "1.9.2103.1"
      },
      "ResponseBody": {
        "value": [],
        "nextLink": "https://vaultname.vault.azure.net:443/deletedkeys?api-version=7.6-preview.2&$skiptoken=Sanitized"
      }
    },
    {
      "RequestUri": "https://Sanitized.vault.azure.net/deletedkeys?api-version=7.6-preview.2&$skiptoken=Sanitized",
      "RequestMethod": "GET",
      "RequestHeaders": {
        "Accept": "*/*",
        "Accept-Encoding": "gzip, deflate",
        "User-Agent": "azsdk-python-keyvault-keys/4.10.1 Python/3.9.19 (Linux-6.1.124.1-microsoft-standard-x86_64-with-glibc2.35) cloud-shell/1.0"
      },
      "RequestBody": null,
      "StatusCode": 200,
      "ResponseHeaders": {
        "Cache-Control": "no-cache",
        "Content-Length": "122",
        "Content-Type": "application/json; charset=utf-8",
        "Date": "Fri, 07 Mar 2025 00:44:46 GMT",
        "Expires": "-1",
        "Pragma": "no-cache",
        "Strict-Transport-Security": "max-age=31536000;includeSubDomains",
        "X-Content-Type-Options": "nosniff",
        "x-ms-keyvault-network-info": "conn_type=Ipv4;addr=104.42.219.139;act_addr_fam=InterNetwork;",
        "x-ms-keyvault-rbac-assignment-id": "b8356253160245638f7724d3240bcbf4",
        "x-ms-keyvault-region": "westus3",
        "x-ms-keyvault-service-version": "1.9.2103.1"
      },
      "ResponseBody": {
        "value": [],
        "nextLink": "https://vaultname.vault.azure.net:443/deletedkeys?api-version=7.6-preview.2&$skiptoken=Sanitized"
      }
    },
    {
      "RequestUri": "https://Sanitized.vault.azure.net/deletedkeys?api-version=7.6-preview.2&$skiptoken=Sanitized",
      "RequestMethod": "GET",
      "RequestHeaders": {
        "Accept": "*/*",
        "Accept-Encoding": "gzip, deflate",
        "User-Agent": "azsdk-python-keyvault-keys/4.10.1 Python/3.9.19 (Linux-6.1.124.1-microsoft-standard-x86_64-with-glibc2.35) cloud-shell/1.0"
      },
      "RequestBody": null,
      "StatusCode": 200,
      "ResponseHeaders": {
        "Cache-Control": "no-cache",
        "Content-Length": "28",
        "Content-Type": "application/json; charset=utf-8",
        "Date": "Fri, 07 Mar 2025 00:44:46 GMT",
        "Expires": "-1",
        "Pragma": "no-cache",
        "Strict-Transport-Security": "max-age=31536000;includeSubDomains",
        "X-Content-Type-Options": "nosniff",
        "x-ms-keyvault-network-info": "conn_type=Ipv4;addr=104.42.219.139;act_addr_fam=InterNetwork;",
        "x-ms-keyvault-rbac-assignment-id": "b8356253160245638f7724d3240bcbf4",
        "x-ms-keyvault-region": "westus3",
        "x-ms-keyvault-service-version": "1.9.2103.1"
      },
      "ResponseBody": {
        "value": [],
        "nextLink": null
      }
    }
  ],
  "Variables": {}
}
