{
  "Entries": [
    {
      "RequestUri": "https://Sanitized.managedhsm.azure.net/keys/livekvtestkey0a9042ef4/create?api-version=7.6-preview.1",
      "RequestMethod": "POST",
      "RequestHeaders": {
        "Accept": "application/json",
        "Accept-Encoding": "gzip, deflate",
        "Connection": "keep-alive",
        "Content-Length": "0",
        "Content-Type": "application/json",
        "User-Agent": "azsdk-python-keyvault-keys/4.10.0b1 Python/3.10.12 (Linux-5.15.146.1-microsoft-standard-WSL2-x86_64-with-glibc2.35)"
      },
      "RequestBody": null,
      "StatusCode": 401,
      "ResponseHeaders": {
        "Cache-Control": "no-cache",
        "Content-Length": "0",
        "Content-Security-Policy": "default-src 'self'",
        "Content-Type": "application/json; charset=utf-8",
        "Strict-Transport-Security": "max-age=31536000; includeSubDomains",
        "WWW-Authenticate": "Bearer authorization=\"https://login.microsoftonline.com/00000000-0000-0000-0000-000000000000\", resource=\"https://managedhsm.azure.net\"",
        "X-Content-Type-Options": "nosniff",
        "X-Frame-Options": "SAMEORIGIN",
        "x-ms-server-latency": "0"
      },
      "ResponseBody": null
    },
    {
      "RequestUri": "https://Sanitized.managedhsm.azure.net/keys/livekvtestkey0a9042ef4/create?api-version=7.6-preview.1",
      "RequestMethod": "POST",
      "RequestHeaders": {
        "Accept": "application/json",
        "Accept-Encoding": "gzip, deflate",
        "Connection": "keep-alive",
        "Content-Length": "18",
        "Content-Type": "application/json",
        "User-Agent": "azsdk-python-keyvault-keys/4.10.0b1 Python/3.10.12 (Linux-5.15.146.1-microsoft-standard-WSL2-x86_64-with-glibc2.35)"
      },
      "RequestBody": {
        "kty": "RSA-HSM"
      },
      "StatusCode": 200,
      "ResponseHeaders": {
        "Cache-Control": "no-cache",
        "Content-Length": "734",
        "Content-Security-Policy": "default-src 'self'",
        "Content-Type": "application/json; charset=utf-8",
        "Strict-Transport-Security": "max-age=31536000; includeSubDomains",
        "X-Content-Type-Options": "nosniff",
        "X-Frame-Options": "SAMEORIGIN",
        "x-ms-keyvault-network-info": "conn_type=Ipv4;addr=172.92.159.124;act_addr_fam=Ipv4;",
        "x-ms-keyvault-region": "brazilsouth",
        "x-ms-server-latency": "141"
      },
      "ResponseBody": {
        "attributes": {
          "created": 1715137648,
          "enabled": true,
          "exportable": false,
          "recoverableDays": 7,
          "recoveryLevel": "CustomizedRecoverable+Purgeable",
          "updated": 1715137648
        },
        "key": {
          "e": "AQAB",
          "key_ops": [
            "wrapKey",
            "decrypt",
            "encrypt",
            "unwrapKey",
            "sign",
            "verify"
          ],
          "kid": "https://managedhsmvaultname.managedhsm.azure.net/keys/livekvtestkey0a9042ef4/3e422217760c446f34b24db6b40d2750",
          "kty": "RSA-HSM",
          "n": "jXj81EGwCoUTC02KXSYVT42nQCPFM5nFE0FUROAjhfUEHGJ3o5IRAihHVPp4pmSpZge1UvqWHuts6kR0wagYBNAQi39T99zXCI3fzYeCfKiyDoBdS07OCugnlNfAtux_DVMxntgFzeHrMX-a6X-CXVAz2qbXJpwECikD8Cm4sh1jihSbDJw6e3jLPHAa_rizu5G9lQSqnIC1rTtrGHV8i1ClraFQ9Ft01mIjS2zLUCUU88L8FAEXrJOdoJQ7_Iyr-ZXy183RKMcXxYTxXz3AweSNB-LbdwDhOgKgVBECpn92VbYTChYxSxM1536WfJhYgnXX5dODrmc1D6NOhhApDQ"
        }
      }
    },
    {
      "RequestUri": "https://Sanitized.managedhsm.azure.net/keys/livekvtestkey1a9042ef4/create?api-version=7.6-preview.1",
      "RequestMethod": "POST",
      "RequestHeaders": {
        "Accept": "application/json",
        "Accept-Encoding": "gzip, deflate",
        "Connection": "keep-alive",
        "Content-Length": "18",
        "Content-Type": "application/json",
        "User-Agent": "azsdk-python-keyvault-keys/4.10.0b1 Python/3.10.12 (Linux-5.15.146.1-microsoft-standard-WSL2-x86_64-with-glibc2.35)"
      },
      "RequestBody": {
        "kty": "RSA-HSM"
      },
      "StatusCode": 200,
      "ResponseHeaders": {
        "Cache-Control": "no-cache",
        "Content-Length": "734",
        "Content-Security-Policy": "default-src 'self'",
        "Content-Type": "application/json; charset=utf-8",
        "Strict-Transport-Security": "max-age=31536000; includeSubDomains",
        "X-Content-Type-Options": "nosniff",
        "X-Frame-Options": "SAMEORIGIN",
        "x-ms-keyvault-network-info": "conn_type=Ipv4;addr=172.92.159.124;act_addr_fam=Ipv4;",
        "x-ms-keyvault-region": "brazilsouth",
        "x-ms-server-latency": "139"
      },
      "ResponseBody": {
        "attributes": {
          "created": 1715137650,
          "enabled": true,
          "exportable": false,
          "recoverableDays": 7,
          "recoveryLevel": "CustomizedRecoverable+Purgeable",
          "updated": 1715137650
        },
        "key": {
          "e": "AQAB",
          "key_ops": [
            "wrapKey",
            "decrypt",
            "encrypt",
            "unwrapKey",
            "sign",
            "verify"
          ],
          "kid": "https://managedhsmvaultname.managedhsm.azure.net/keys/livekvtestkey1a9042ef4/0196db34f4420098bd111b4344b44ab6",
          "kty": "RSA-HSM",
          "n": "2GQxnOE4oFRL_Epdu08Z1CYcc_bIwVOvqEs-QajBk8os1vwxsNJfskSI-FpuPptksCZ1FjhNdnx22oT8fferDVWuVYC6z8yk4RJu7Uzst4ZkE3t9u_xc_8xE7pn0NAU62DIMfaMmE-ZFQiq_o4gnZ03mkv4ESd5f-Tb6EmvudlB6YatKZUI3HpK7BmUPIA2LlKsGfBu5dONPYCKfv4uKFnruUonwEre6_gftm9uSguNuSO-dA1sR8SQlh3E7thY8_Zt0m6sIVabb564eaMuZhVoy75l_4gKuMIGW8ED5DUAV0GQwT60uT947cIVlOxUgfQ5kwkqsLRJXmiHRbnDvBQ"
        }
      }
    },
    {
      "RequestUri": "https://Sanitized.managedhsm.azure.net/keys/livekvtestkey2a9042ef4/create?api-version=7.6-preview.1",
      "RequestMethod": "POST",
      "RequestHeaders": {
        "Accept": "application/json",
        "Accept-Encoding": "gzip, deflate",
        "Connection": "keep-alive",
        "Content-Length": "18",
        "Content-Type": "application/json",
        "User-Agent": "azsdk-python-keyvault-keys/4.10.0b1 Python/3.10.12 (Linux-5.15.146.1-microsoft-standard-WSL2-x86_64-with-glibc2.35)"
      },
      "RequestBody": {
        "kty": "RSA-HSM"
      },
      "StatusCode": 200,
      "ResponseHeaders": {
        "Cache-Control": "no-cache",
        "Content-Length": "734",
        "Content-Security-Policy": "default-src 'self'",
        "Content-Type": "application/json; charset=utf-8",
        "Strict-Transport-Security": "max-age=31536000; includeSubDomains",
        "X-Content-Type-Options": "nosniff",
        "X-Frame-Options": "SAMEORIGIN",
        "x-ms-keyvault-network-info": "conn_type=Ipv4;addr=172.92.159.124;act_addr_fam=Ipv4;",
        "x-ms-keyvault-region": "brazilsouth",
        "x-ms-server-latency": "146"
      },
      "ResponseBody": {
        "attributes": {
          "created": 1715137653,
          "enabled": true,
          "exportable": false,
          "recoverableDays": 7,
          "recoveryLevel": "CustomizedRecoverable+Purgeable",
          "updated": 1715137653
        },
        "key": {
          "e": "AQAB",
          "key_ops": [
            "wrapKey",
            "decrypt",
            "encrypt",
            "unwrapKey",
            "sign",
            "verify"
          ],
          "kid": "https://managedhsmvaultname.managedhsm.azure.net/keys/livekvtestkey2a9042ef4/1f6306ac930a4dd620e770ba45fee7cb",
          "kty": "RSA-HSM",
          "n": "tVvOK705IDmsZCvP5bVbx8f4djSN5ehrWUWPBP-OXHN8pdwv12wLRz9MGDipgMsNXpU_oQVoVf0SuYRAhwmJpOd1AU1Gu1kDUoXcr_0S4WQK1aaHB43EgZfHTMAMu9Qzaz_mDKcxBDBL0L-vEkTtJh35HGP56nGfBEvM4U7Jr3o2cYsPrvK5PtItLgrddJaIVJUfyv3k1s6IAfhmt3eZ6rjBMFhP3x8n3KkZ04EbDlord6qP2pK-qmYmtnQ8AKbGbOi_uV_iyBB0FTFq3ByQ2z2xtTbi1mimD7ZwiUfIn0J5DjZjO_vnEnYN5vbD1p0bByTiHuBUtx3EgHkb9C_3Uw"
        }
      }
    },
    {
      "RequestUri": "https://Sanitized.managedhsm.azure.net/keys/livekvtestkey3a9042ef4/create?api-version=7.6-preview.1",
      "RequestMethod": "POST",
      "RequestHeaders": {
        "Accept": "application/json",
        "Accept-Encoding": "gzip, deflate",
        "Connection": "keep-alive",
        "Content-Length": "18",
        "Content-Type": "application/json",
        "User-Agent": "azsdk-python-keyvault-keys/4.10.0b1 Python/3.10.12 (Linux-5.15.146.1-microsoft-standard-WSL2-x86_64-with-glibc2.35)"
      },
      "RequestBody": {
        "kty": "RSA-HSM"
      },
      "StatusCode": 200,
      "ResponseHeaders": {
        "Cache-Control": "no-cache",
        "Content-Length": "734",
        "Content-Security-Policy": "default-src 'self'",
        "Content-Type": "application/json; charset=utf-8",
        "Strict-Transport-Security": "max-age=31536000; includeSubDomains",
        "X-Content-Type-Options": "nosniff",
        "X-Frame-Options": "SAMEORIGIN",
        "x-ms-keyvault-network-info": "conn_type=Ipv4;addr=172.92.159.124;act_addr_fam=Ipv4;",
        "x-ms-keyvault-region": "brazilsouth",
        "x-ms-server-latency": "153"
      },
      "ResponseBody": {
        "attributes": {
          "created": 1715137655,
          "enabled": true,
          "exportable": false,
          "recoverableDays": 7,
          "recoveryLevel": "CustomizedRecoverable+Purgeable",
          "updated": 1715137655
        },
        "key": {
          "e": "AQAB",
          "key_ops": [
            "wrapKey",
            "decrypt",
            "encrypt",
            "unwrapKey",
            "sign",
            "verify"
          ],
          "kid": "https://managedhsmvaultname.managedhsm.azure.net/keys/livekvtestkey3a9042ef4/4cf60cf5409745238e82db4c016c787a",
          "kty": "RSA-HSM",
          "n": "k_167fcQ1gA5Ho-pY_DGFu4vXtLomTXQfR-AqWyy00kROV6Y3BsmgxDL7rwQcTzex53n72sLCVXd2C56ZNx5gUDolX_sL4PIiktK7m8BxMNT2tKmcAZjA2UarEZjhQjdlNXkvZ0EpvC7xkfA2W2AKVzKYNZKVUjfp_s2V3UGUD0B1mqnQqP72tf0tSRPNtLOowxsx_LoEdLm3KNVcivRcZpPRDD9caWiREK31JqBdGoPIdjfs7WYcZdYv93So1WsOcUmHukOPccRcg3qcnZw6c6AVCBCrqt81j5PzS8QSkpkil8fijpFg1IGxqtU-MydfcToe-RYBowYyuO1e1JMAQ"
        }
      }
    },
    {
      "RequestUri": "https://Sanitized.managedhsm.azure.net/keys/livekvtestkey4a9042ef4/create?api-version=7.6-preview.1",
      "RequestMethod": "POST",
      "RequestHeaders": {
        "Accept": "application/json",
        "Accept-Encoding": "gzip, deflate",
        "Connection": "keep-alive",
        "Content-Length": "18",
        "Content-Type": "application/json",
        "User-Agent": "azsdk-python-keyvault-keys/4.10.0b1 Python/3.10.12 (Linux-5.15.146.1-microsoft-standard-WSL2-x86_64-with-glibc2.35)"
      },
      "RequestBody": {
        "kty": "RSA-HSM"
      },
      "StatusCode": 200,
      "ResponseHeaders": {
        "Cache-Control": "no-cache",
        "Content-Length": "734",
        "Content-Security-Policy": "default-src 'self'",
        "Content-Type": "application/json; charset=utf-8",
        "Strict-Transport-Security": "max-age=31536000; includeSubDomains",
        "X-Content-Type-Options": "nosniff",
        "X-Frame-Options": "SAMEORIGIN",
        "x-ms-keyvault-network-info": "conn_type=Ipv4;addr=172.92.159.124;act_addr_fam=Ipv4;",
        "x-ms-keyvault-region": "brazilsouth",
        "x-ms-server-latency": "144"
      },
      "ResponseBody": {
        "attributes": {
          "created": 1715137657,
          "enabled": true,
          "exportable": false,
          "recoverableDays": 7,
          "recoveryLevel": "CustomizedRecoverable+Purgeable",
          "updated": 1715137657
        },
        "key": {
          "e": "AQAB",
          "key_ops": [
            "wrapKey",
            "decrypt",
            "encrypt",
            "unwrapKey",
            "sign",
            "verify"
          ],
          "kid": "https://managedhsmvaultname.managedhsm.azure.net/keys/livekvtestkey4a9042ef4/2038416cd6474b53b46c7dd3c9a407ba",
          "kty": "RSA-HSM",
          "n": "j_N9cbYnSvkd7y7CtmkCJw1xusgWyIN3bkHMoBBsMoQDivbkTdnb9IPjJjxgySvImXlf7VKAFR3qnZ13-eY4RusM_pb-d1JV4TikcfXd8s0jmf5PscJWQ7M5fib5iIGRNRRtFw3qMDM4dOXfkELSscjG0PqKBsCeHkExJGzCkrFlZFKdQT97gLlO-OO8PGWeCO3KnjdNExWOtdM0uDV0RFLdJsihDVeCTBMbjT2nyUyRcw24mQrVqjvxcl_tS3h_9T2ZheKi9YJjcnEHGSL7BiZ8JczrLln09lUme2ebaBHQX3dEfbHCEvxRf-373VbJTmzra4SpdCtc8hq5MljbFQ"
        }
      }
    },
    {
      "RequestUri": "https://Sanitized.managedhsm.azure.net/keys/livekvtestkey5a9042ef4/create?api-version=7.6-preview.1",
      "RequestMethod": "POST",
      "RequestHeaders": {
        "Accept": "application/json",
        "Accept-Encoding": "gzip, deflate",
        "Connection": "keep-alive",
        "Content-Length": "18",
        "Content-Type": "application/json",
        "User-Agent": "azsdk-python-keyvault-keys/4.10.0b1 Python/3.10.12 (Linux-5.15.146.1-microsoft-standard-WSL2-x86_64-with-glibc2.35)"
      },
      "RequestBody": {
        "kty": "RSA-HSM"
      },
      "StatusCode": 200,
      "ResponseHeaders": {
        "Cache-Control": "no-cache",
        "Content-Length": "734",
        "Content-Security-Policy": "default-src 'self'",
        "Content-Type": "application/json; charset=utf-8",
        "Strict-Transport-Security": "max-age=31536000; includeSubDomains",
        "X-Content-Type-Options": "nosniff",
        "X-Frame-Options": "SAMEORIGIN",
        "x-ms-keyvault-network-info": "conn_type=Ipv4;addr=172.92.159.124;act_addr_fam=Ipv4;",
        "x-ms-keyvault-region": "brazilsouth",
        "x-ms-server-latency": "136"
      },
      "ResponseBody": {
        "attributes": {
          "created": 1715137660,
          "enabled": true,
          "exportable": false,
          "recoverableDays": 7,
          "recoveryLevel": "CustomizedRecoverable+Purgeable",
          "updated": 1715137660
        },
        "key": {
          "e": "AQAB",
          "key_ops": [
            "wrapKey",
            "decrypt",
            "encrypt",
            "unwrapKey",
            "sign",
            "verify"
          ],
          "kid": "https://managedhsmvaultname.managedhsm.azure.net/keys/livekvtestkey5a9042ef4/da4bab3224da4a2686ba8ea3b1f84aa2",
          "kty": "RSA-HSM",
          "n": "pmVrt2ybpFzP_XYwJTUBug1rGTN1CdaKdPT8XRaclNkQUff9R_FqFVbM_hoMut1vCSRLpYVIXNygI2eoQ7-mP54207vtmmnS58YBrGYQcvIUYm44vpnp7qirFMyvCMMa5U9VSFkA8j07k3y76tiVdlHe-yi9NAhs2XrysjouT3S8ohBR4hC662bP9qBhupxHbzBEUHUihHiEaRQbVnN6YnFotS3k_NHUcxcClmvfdvEzbnQXR3dMhqm0rPnsNsYyHOiKajkSjBUEZhP2U9DP3KPbXxJx-wWg2ZNaPtw4qp0Hm0vCQjGHqO6QdWo2_Z4mnocIGg5aavJhrgD6OKcJGw"
        }
      }
    },
    {
      "RequestUri": "https://Sanitized.managedhsm.azure.net/keys/livekvtestkey6a9042ef4/create?api-version=7.6-preview.1",
      "RequestMethod": "POST",
      "RequestHeaders": {
        "Accept": "application/json",
        "Accept-Encoding": "gzip, deflate",
        "Connection": "keep-alive",
        "Content-Length": "18",
        "Content-Type": "application/json",
        "User-Agent": "azsdk-python-keyvault-keys/4.10.0b1 Python/3.10.12 (Linux-5.15.146.1-microsoft-standard-WSL2-x86_64-with-glibc2.35)"
      },
      "RequestBody": {
        "kty": "RSA-HSM"
      },
      "StatusCode": 200,
      "ResponseHeaders": {
        "Cache-Control": "no-cache",
        "Content-Length": "734",
        "Content-Security-Policy": "default-src 'self'",
        "Content-Type": "application/json; charset=utf-8",
        "Strict-Transport-Security": "max-age=31536000; includeSubDomains",
        "X-Content-Type-Options": "nosniff",
        "X-Frame-Options": "SAMEORIGIN",
        "x-ms-keyvault-network-info": "conn_type=Ipv4;addr=172.92.159.124;act_addr_fam=Ipv4;",
        "x-ms-keyvault-region": "brazilsouth",
        "x-ms-server-latency": "131"
      },
      "ResponseBody": {
        "attributes": {
          "created": 1715137662,
          "enabled": true,
          "exportable": false,
          "recoverableDays": 7,
          "recoveryLevel": "CustomizedRecoverable+Purgeable",
          "updated": 1715137662
        },
        "key": {
          "e": "AQAB",
          "key_ops": [
            "wrapKey",
            "decrypt",
            "encrypt",
            "unwrapKey",
            "sign",
            "verify"
          ],
          "kid": "https://managedhsmvaultname.managedhsm.azure.net/keys/livekvtestkey6a9042ef4/8eeeb0bb4e5a4f47994bf80c19086736",
          "kty": "RSA-HSM",
          "n": "iki-PzMouc6a8Nxb4tgPekkZGjmG-4chnAwMLiQwui_UIM1y2D_BuAdxdPFx6YXu3dmt64uvqofxX4UZQmBnMoJOVxSNS8mKev8TUXv5YNlwEdv4RtinrCHMaVHW17yDUOEcwksZt2qnWwixR-aFfzNH38BgGrKXuyZTs72GX8mFZkI-eiBWDkec2-s5Lua8aF8jwarYB4poxsFZ9k8jxgUg1_8Y4O3X7Qqxy__I6M8y1Ucq3p4XR8xir_OT5JVF2_CVNJKqz9r4Jhg2li5Kcx3W7Tj6xQRAS-ZtPLl7xJzWqoG2IXyVyKUjHUtvEgN9UkoaTRlt3ELI9UHF4FZLiQ"
        }
      }
    },
    {
      "RequestUri": "https://Sanitized.managedhsm.azure.net/keys/livekvtestkey0a9042ef4?api-version=7.6-preview.1",
      "RequestMethod": "DELETE",
      "RequestHeaders": {
        "Accept": "application/json",
        "Accept-Encoding": "gzip, deflate",
        "Connection": "keep-alive",
        "Content-Length": "0",
        "User-Agent": "azsdk-python-keyvault-keys/4.10.0b1 Python/3.10.12 (Linux-5.15.146.1-microsoft-standard-WSL2-x86_64-with-glibc2.35)"
      },
      "RequestBody": null,
      "StatusCode": 200,
      "ResponseHeaders": {
        "Cache-Control": "no-cache",
        "Content-Length": "890",
        "Content-Security-Policy": "default-src 'self'",
        "Content-Type": "application/json; charset=utf-8",
        "Strict-Transport-Security": "max-age=31536000; includeSubDomains",
        "X-Content-Type-Options": "nosniff",
        "X-Frame-Options": "SAMEORIGIN",
        "x-ms-keyvault-network-info": "conn_type=Ipv4;addr=172.92.159.124;act_addr_fam=Ipv4;",
        "x-ms-keyvault-region": "brazilsouth",
        "x-ms-server-latency": "28"
      },
      "ResponseBody": {
        "attributes": {
          "created": 1715137648,
          "enabled": true,
          "exportable": false,
          "recoverableDays": 7,
          "recoveryLevel": "CustomizedRecoverable+Purgeable",
          "updated": 1715137648
        },
        "deletedDate": 1715137662,
        "key": {
          "e": "AQAB",
          "key_ops": [
            "wrapKey",
            "encrypt",
            "decrypt",
            "unwrapKey",
            "sign",
            "verify"
          ],
          "kid": "https://managedhsmvaultname.managedhsm.azure.net/keys/livekvtestkey0a9042ef4/3e422217760c446f34b24db6b40d2750",
          "kty": "RSA-HSM",
          "n": "jXj81EGwCoUTC02KXSYVT42nQCPFM5nFE0FUROAjhfUEHGJ3o5IRAihHVPp4pmSpZge1UvqWHuts6kR0wagYBNAQi39T99zXCI3fzYeCfKiyDoBdS07OCugnlNfAtux_DVMxntgFzeHrMX-a6X-CXVAz2qbXJpwECikD8Cm4sh1jihSbDJw6e3jLPHAa_rizu5G9lQSqnIC1rTtrGHV8i1ClraFQ9Ft01mIjS2zLUCUU88L8FAEXrJOdoJQ7_Iyr-ZXy183RKMcXxYTxXz3AweSNB-LbdwDhOgKgVBECpn92VbYTChYxSxM1536WfJhYgnXX5dODrmc1D6NOhhApDQ"
        },
        "recoveryId": "https://managedhsmvaultname.managedhsm.azure.net/deletedkeys/livekvtestkey0a9042ef4",
        "scheduledPurgeDate": 1715742462
      }
    },
    {
      "RequestUri": "https://Sanitized.managedhsm.azure.net/deletedkeys/livekvtestkey0a9042ef4?api-version=7.6-preview.1",
      "RequestMethod": "GET",
      "RequestHeaders": {
        "Accept": "application/json",
        "Accept-Encoding": "gzip, deflate",
        "Connection": "keep-alive",
        "User-Agent": "azsdk-python-keyvault-keys/4.10.0b1 Python/3.10.12 (Linux-5.15.146.1-microsoft-standard-WSL2-x86_64-with-glibc2.35)"
      },
      "RequestBody": null,
      "StatusCode": 200,
      "ResponseHeaders": {
        "Cache-Control": "no-cache",
        "Content-Length": "890",
        "Content-Security-Policy": "default-src 'self'",
        "Content-Type": "application/json; charset=utf-8",
        "Strict-Transport-Security": "max-age=31536000; includeSubDomains",
        "X-Content-Type-Options": "nosniff",
        "X-Frame-Options": "SAMEORIGIN",
        "x-ms-build-version": "1.0.20240409-1-59392ba8-develop",
        "x-ms-keyvault-network-info": "conn_type=Ipv4;addr=172.92.159.124;act_addr_fam=Ipv4;",
        "x-ms-keyvault-region": "brazilsouth",
        "x-ms-server-latency": "7"
      },
      "ResponseBody": {
        "attributes": {
          "created": 1715137648,
          "enabled": true,
          "exportable": false,
          "recoverableDays": 7,
          "recoveryLevel": "CustomizedRecoverable+Purgeable",
          "updated": 1715137648
        },
        "deletedDate": 1715137662,
        "key": {
          "e": "AQAB",
          "key_ops": [
            "verify",
            "sign",
            "unwrapKey",
            "encrypt",
            "decrypt",
            "wrapKey"
          ],
          "kid": "https://managedhsmvaultname.managedhsm.azure.net/keys/livekvtestkey0a9042ef4/3e422217760c446f34b24db6b40d2750",
          "kty": "RSA-HSM",
          "n": "jXj81EGwCoUTC02KXSYVT42nQCPFM5nFE0FUROAjhfUEHGJ3o5IRAihHVPp4pmSpZge1UvqWHuts6kR0wagYBNAQi39T99zXCI3fzYeCfKiyDoBdS07OCugnlNfAtux_DVMxntgFzeHrMX-a6X-CXVAz2qbXJpwECikD8Cm4sh1jihSbDJw6e3jLPHAa_rizu5G9lQSqnIC1rTtrGHV8i1ClraFQ9Ft01mIjS2zLUCUU88L8FAEXrJOdoJQ7_Iyr-ZXy183RKMcXxYTxXz3AweSNB-LbdwDhOgKgVBECpn92VbYTChYxSxM1536WfJhYgnXX5dODrmc1D6NOhhApDQ"
        },
        "recoveryId": "https://managedhsmvaultname.managedhsm.azure.net/deletedkeys/livekvtestkey0a9042ef4",
        "scheduledPurgeDate": 1715742462
      }
    },
    {
      "RequestUri": "https://Sanitized.managedhsm.azure.net/keys/livekvtestkey1a9042ef4?api-version=7.6-preview.1",
      "RequestMethod": "DELETE",
      "RequestHeaders": {
        "Accept": "application/json",
        "Accept-Encoding": "gzip, deflate",
        "Connection": "keep-alive",
        "Content-Length": "0",
        "User-Agent": "azsdk-python-keyvault-keys/4.10.0b1 Python/3.10.12 (Linux-5.15.146.1-microsoft-standard-WSL2-x86_64-with-glibc2.35)"
      },
      "RequestBody": null,
      "StatusCode": 200,
      "ResponseHeaders": {
        "Cache-Control": "no-cache",
        "Content-Length": "890",
        "Content-Security-Policy": "default-src 'self'",
        "Content-Type": "application/json; charset=utf-8",
        "Strict-Transport-Security": "max-age=31536000; includeSubDomains",
        "X-Content-Type-Options": "nosniff",
        "X-Frame-Options": "SAMEORIGIN",
        "x-ms-keyvault-network-info": "conn_type=Ipv4;addr=172.92.159.124;act_addr_fam=Ipv4;",
        "x-ms-keyvault-region": "brazilsouth",
        "x-ms-server-latency": "29"
      },
      "ResponseBody": {
        "attributes": {
          "created": 1715137650,
          "enabled": true,
          "exportable": false,
          "recoverableDays": 7,
          "recoveryLevel": "CustomizedRecoverable+Purgeable",
          "updated": 1715137650
        },
        "deletedDate": 1715137663,
        "key": {
          "e": "AQAB",
          "key_ops": [
            "wrapKey",
            "encrypt",
            "decrypt",
            "unwrapKey",
            "sign",
            "verify"
          ],
          "kid": "https://managedhsmvaultname.managedhsm.azure.net/keys/livekvtestkey1a9042ef4/0196db34f4420098bd111b4344b44ab6",
          "kty": "RSA-HSM",
          "n": "2GQxnOE4oFRL_Epdu08Z1CYcc_bIwVOvqEs-QajBk8os1vwxsNJfskSI-FpuPptksCZ1FjhNdnx22oT8fferDVWuVYC6z8yk4RJu7Uzst4ZkE3t9u_xc_8xE7pn0NAU62DIMfaMmE-ZFQiq_o4gnZ03mkv4ESd5f-Tb6EmvudlB6YatKZUI3HpK7BmUPIA2LlKsGfBu5dONPYCKfv4uKFnruUonwEre6_gftm9uSguNuSO-dA1sR8SQlh3E7thY8_Zt0m6sIVabb564eaMuZhVoy75l_4gKuMIGW8ED5DUAV0GQwT60uT947cIVlOxUgfQ5kwkqsLRJXmiHRbnDvBQ"
        },
        "recoveryId": "https://managedhsmvaultname.managedhsm.azure.net/deletedkeys/livekvtestkey1a9042ef4",
        "scheduledPurgeDate": 1715742463
      }
    },
    {
      "RequestUri": "https://Sanitized.managedhsm.azure.net/deletedkeys/livekvtestkey1a9042ef4?api-version=7.6-preview.1",
      "RequestMethod": "GET",
      "RequestHeaders": {
        "Accept": "application/json",
        "Accept-Encoding": "gzip, deflate",
        "Connection": "keep-alive",
        "User-Agent": "azsdk-python-keyvault-keys/4.10.0b1 Python/3.10.12 (Linux-5.15.146.1-microsoft-standard-WSL2-x86_64-with-glibc2.35)"
      },
      "RequestBody": null,
      "StatusCode": 200,
      "ResponseHeaders": {
        "Cache-Control": "no-cache",
        "Content-Length": "890",
        "Content-Security-Policy": "default-src 'self'",
        "Content-Type": "application/json; charset=utf-8",
        "Strict-Transport-Security": "max-age=31536000; includeSubDomains",
        "X-Content-Type-Options": "nosniff",
        "X-Frame-Options": "SAMEORIGIN",
        "x-ms-build-version": "1.0.20240409-1-59392ba8-develop",
        "x-ms-keyvault-network-info": "conn_type=Ipv4;addr=172.92.159.124;act_addr_fam=Ipv4;",
        "x-ms-keyvault-region": "brazilsouth",
        "x-ms-server-latency": "6"
      },
      "ResponseBody": {
        "attributes": {
          "created": 1715137650,
          "enabled": true,
          "exportable": false,
          "recoverableDays": 7,
          "recoveryLevel": "CustomizedRecoverable+Purgeable",
          "updated": 1715137650
        },
        "deletedDate": 1715137663,
        "key": {
          "e": "AQAB",
          "key_ops": [
            "verify",
            "sign",
            "unwrapKey",
            "encrypt",
            "decrypt",
            "wrapKey"
          ],
          "kid": "https://managedhsmvaultname.managedhsm.azure.net/keys/livekvtestkey1a9042ef4/0196db34f4420098bd111b4344b44ab6",
          "kty": "RSA-HSM",
          "n": "2GQxnOE4oFRL_Epdu08Z1CYcc_bIwVOvqEs-QajBk8os1vwxsNJfskSI-FpuPptksCZ1FjhNdnx22oT8fferDVWuVYC6z8yk4RJu7Uzst4ZkE3t9u_xc_8xE7pn0NAU62DIMfaMmE-ZFQiq_o4gnZ03mkv4ESd5f-Tb6EmvudlB6YatKZUI3HpK7BmUPIA2LlKsGfBu5dONPYCKfv4uKFnruUonwEre6_gftm9uSguNuSO-dA1sR8SQlh3E7thY8_Zt0m6sIVabb564eaMuZhVoy75l_4gKuMIGW8ED5DUAV0GQwT60uT947cIVlOxUgfQ5kwkqsLRJXmiHRbnDvBQ"
        },
        "recoveryId": "https://managedhsmvaultname.managedhsm.azure.net/deletedkeys/livekvtestkey1a9042ef4",
        "scheduledPurgeDate": 1715742463
      }
    },
    {
      "RequestUri": "https://Sanitized.managedhsm.azure.net/keys/livekvtestkey2a9042ef4?api-version=7.6-preview.1",
      "RequestMethod": "DELETE",
      "RequestHeaders": {
        "Accept": "application/json",
        "Accept-Encoding": "gzip, deflate",
        "Connection": "keep-alive",
        "Content-Length": "0",
        "User-Agent": "azsdk-python-keyvault-keys/4.10.0b1 Python/3.10.12 (Linux-5.15.146.1-microsoft-standard-WSL2-x86_64-with-glibc2.35)"
      },
      "RequestBody": null,
      "StatusCode": 200,
      "ResponseHeaders": {
        "Cache-Control": "no-cache",
        "Content-Length": "890",
        "Content-Security-Policy": "default-src 'self'",
        "Content-Type": "application/json; charset=utf-8",
        "Strict-Transport-Security": "max-age=31536000; includeSubDomains",
        "X-Content-Type-Options": "nosniff",
        "X-Frame-Options": "SAMEORIGIN",
        "x-ms-keyvault-network-info": "conn_type=Ipv4;addr=172.92.159.124;act_addr_fam=Ipv4;",
        "x-ms-keyvault-region": "brazilsouth",
        "x-ms-server-latency": "27"
      },
      "ResponseBody": {
        "attributes": {
          "created": 1715137653,
          "enabled": true,
          "exportable": false,
          "recoverableDays": 7,
          "recoveryLevel": "CustomizedRecoverable+Purgeable",
          "updated": 1715137653
        },
        "deletedDate": 1715137663,
        "key": {
          "e": "AQAB",
          "key_ops": [
            "wrapKey",
            "encrypt",
            "decrypt",
            "unwrapKey",
            "sign",
            "verify"
          ],
          "kid": "https://managedhsmvaultname.managedhsm.azure.net/keys/livekvtestkey2a9042ef4/1f6306ac930a4dd620e770ba45fee7cb",
          "kty": "RSA-HSM",
          "n": "tVvOK705IDmsZCvP5bVbx8f4djSN5ehrWUWPBP-OXHN8pdwv12wLRz9MGDipgMsNXpU_oQVoVf0SuYRAhwmJpOd1AU1Gu1kDUoXcr_0S4WQK1aaHB43EgZfHTMAMu9Qzaz_mDKcxBDBL0L-vEkTtJh35HGP56nGfBEvM4U7Jr3o2cYsPrvK5PtItLgrddJaIVJUfyv3k1s6IAfhmt3eZ6rjBMFhP3x8n3KkZ04EbDlord6qP2pK-qmYmtnQ8AKbGbOi_uV_iyBB0FTFq3ByQ2z2xtTbi1mimD7ZwiUfIn0J5DjZjO_vnEnYN5vbD1p0bByTiHuBUtx3EgHkb9C_3Uw"
        },
        "recoveryId": "https://managedhsmvaultname.managedhsm.azure.net/deletedkeys/livekvtestkey2a9042ef4",
        "scheduledPurgeDate": 1715742463
      }
    },
    {
      "RequestUri": "https://Sanitized.managedhsm.azure.net/deletedkeys/livekvtestkey2a9042ef4?api-version=7.6-preview.1",
      "RequestMethod": "GET",
      "RequestHeaders": {
        "Accept": "application/json",
        "Accept-Encoding": "gzip, deflate",
        "Connection": "keep-alive",
        "User-Agent": "azsdk-python-keyvault-keys/4.10.0b1 Python/3.10.12 (Linux-5.15.146.1-microsoft-standard-WSL2-x86_64-with-glibc2.35)"
      },
      "RequestBody": null,
      "StatusCode": 200,
      "ResponseHeaders": {
        "Cache-Control": "no-cache",
        "Content-Length": "890",
        "Content-Security-Policy": "default-src 'self'",
        "Content-Type": "application/json; charset=utf-8",
        "Strict-Transport-Security": "max-age=31536000; includeSubDomains",
        "X-Content-Type-Options": "nosniff",
        "X-Frame-Options": "SAMEORIGIN",
        "x-ms-build-version": "1.0.20240409-1-59392ba8-develop",
        "x-ms-keyvault-network-info": "conn_type=Ipv4;addr=172.92.159.124;act_addr_fam=Ipv4;",
        "x-ms-keyvault-region": "brazilsouth",
        "x-ms-server-latency": "6"
      },
      "ResponseBody": {
        "attributes": {
          "created": 1715137653,
          "enabled": true,
          "exportable": false,
          "recoverableDays": 7,
          "recoveryLevel": "CustomizedRecoverable+Purgeable",
          "updated": 1715137653
        },
        "deletedDate": 1715137663,
        "key": {
          "e": "AQAB",
          "key_ops": [
            "verify",
            "sign",
            "unwrapKey",
            "encrypt",
            "decrypt",
            "wrapKey"
          ],
          "kid": "https://managedhsmvaultname.managedhsm.azure.net/keys/livekvtestkey2a9042ef4/1f6306ac930a4dd620e770ba45fee7cb",
          "kty": "RSA-HSM",
          "n": "tVvOK705IDmsZCvP5bVbx8f4djSN5ehrWUWPBP-OXHN8pdwv12wLRz9MGDipgMsNXpU_oQVoVf0SuYRAhwmJpOd1AU1Gu1kDUoXcr_0S4WQK1aaHB43EgZfHTMAMu9Qzaz_mDKcxBDBL0L-vEkTtJh35HGP56nGfBEvM4U7Jr3o2cYsPrvK5PtItLgrddJaIVJUfyv3k1s6IAfhmt3eZ6rjBMFhP3x8n3KkZ04EbDlord6qP2pK-qmYmtnQ8AKbGbOi_uV_iyBB0FTFq3ByQ2z2xtTbi1mimD7ZwiUfIn0J5DjZjO_vnEnYN5vbD1p0bByTiHuBUtx3EgHkb9C_3Uw"
        },
        "recoveryId": "https://managedhsmvaultname.managedhsm.azure.net/deletedkeys/livekvtestkey2a9042ef4",
        "scheduledPurgeDate": 1715742463
      }
    },
    {
      "RequestUri": "https://Sanitized.managedhsm.azure.net/keys/livekvtestkey3a9042ef4?api-version=7.6-preview.1",
      "RequestMethod": "DELETE",
      "RequestHeaders": {
        "Accept": "application/json",
        "Accept-Encoding": "gzip, deflate",
        "Connection": "keep-alive",
        "Content-Length": "0",
        "User-Agent": "azsdk-python-keyvault-keys/4.10.0b1 Python/3.10.12 (Linux-5.15.146.1-microsoft-standard-WSL2-x86_64-with-glibc2.35)"
      },
      "RequestBody": null,
      "StatusCode": 200,
      "ResponseHeaders": {
        "Cache-Control": "no-cache",
        "Content-Length": "890",
        "Content-Security-Policy": "default-src 'self'",
        "Content-Type": "application/json; charset=utf-8",
        "Strict-Transport-Security": "max-age=31536000; includeSubDomains",
        "X-Content-Type-Options": "nosniff",
        "X-Frame-Options": "SAMEORIGIN",
        "x-ms-keyvault-network-info": "conn_type=Ipv4;addr=172.92.159.124;act_addr_fam=Ipv4;",
        "x-ms-keyvault-region": "brazilsouth",
        "x-ms-server-latency": "30"
      },
      "ResponseBody": {
        "attributes": {
          "created": 1715137655,
          "enabled": true,
          "exportable": false,
          "recoverableDays": 7,
          "recoveryLevel": "CustomizedRecoverable+Purgeable",
          "updated": 1715137655
        },
        "deletedDate": 1715137664,
        "key": {
          "e": "AQAB",
          "key_ops": [
            "wrapKey",
            "encrypt",
            "decrypt",
            "unwrapKey",
            "sign",
            "verify"
          ],
          "kid": "https://managedhsmvaultname.managedhsm.azure.net/keys/livekvtestkey3a9042ef4/4cf60cf5409745238e82db4c016c787a",
          "kty": "RSA-HSM",
          "n": "k_167fcQ1gA5Ho-pY_DGFu4vXtLomTXQfR-AqWyy00kROV6Y3BsmgxDL7rwQcTzex53n72sLCVXd2C56ZNx5gUDolX_sL4PIiktK7m8BxMNT2tKmcAZjA2UarEZjhQjdlNXkvZ0EpvC7xkfA2W2AKVzKYNZKVUjfp_s2V3UGUD0B1mqnQqP72tf0tSRPNtLOowxsx_LoEdLm3KNVcivRcZpPRDD9caWiREK31JqBdGoPIdjfs7WYcZdYv93So1WsOcUmHukOPccRcg3qcnZw6c6AVCBCrqt81j5PzS8QSkpkil8fijpFg1IGxqtU-MydfcToe-RYBowYyuO1e1JMAQ"
        },
        "recoveryId": "https://managedhsmvaultname.managedhsm.azure.net/deletedkeys/livekvtestkey3a9042ef4",
        "scheduledPurgeDate": 1715742464
      }
    },
    {
      "RequestUri": "https://Sanitized.managedhsm.azure.net/deletedkeys/livekvtestkey3a9042ef4?api-version=7.6-preview.1",
      "RequestMethod": "GET",
      "RequestHeaders": {
        "Accept": "application/json",
        "Accept-Encoding": "gzip, deflate",
        "Connection": "keep-alive",
        "User-Agent": "azsdk-python-keyvault-keys/4.10.0b1 Python/3.10.12 (Linux-5.15.146.1-microsoft-standard-WSL2-x86_64-with-glibc2.35)"
      },
      "RequestBody": null,
      "StatusCode": 200,
      "ResponseHeaders": {
        "Cache-Control": "no-cache",
        "Content-Length": "890",
        "Content-Security-Policy": "default-src 'self'",
        "Content-Type": "application/json; charset=utf-8",
        "Strict-Transport-Security": "max-age=31536000; includeSubDomains",
        "X-Content-Type-Options": "nosniff",
        "X-Frame-Options": "SAMEORIGIN",
        "x-ms-build-version": "1.0.20240409-1-59392ba8-develop",
        "x-ms-keyvault-network-info": "conn_type=Ipv4;addr=172.92.159.124;act_addr_fam=Ipv4;",
        "x-ms-keyvault-region": "brazilsouth",
        "x-ms-server-latency": "6"
      },
      "ResponseBody": {
        "attributes": {
          "created": 1715137655,
          "enabled": true,
          "exportable": false,
          "recoverableDays": 7,
          "recoveryLevel": "CustomizedRecoverable+Purgeable",
          "updated": 1715137655
        },
        "deletedDate": 1715137664,
        "key": {
          "e": "AQAB",
          "key_ops": [
            "verify",
            "sign",
            "unwrapKey",
            "encrypt",
            "decrypt",
            "wrapKey"
          ],
          "kid": "https://managedhsmvaultname.managedhsm.azure.net/keys/livekvtestkey3a9042ef4/4cf60cf5409745238e82db4c016c787a",
          "kty": "RSA-HSM",
          "n": "k_167fcQ1gA5Ho-pY_DGFu4vXtLomTXQfR-AqWyy00kROV6Y3BsmgxDL7rwQcTzex53n72sLCVXd2C56ZNx5gUDolX_sL4PIiktK7m8BxMNT2tKmcAZjA2UarEZjhQjdlNXkvZ0EpvC7xkfA2W2AKVzKYNZKVUjfp_s2V3UGUD0B1mqnQqP72tf0tSRPNtLOowxsx_LoEdLm3KNVcivRcZpPRDD9caWiREK31JqBdGoPIdjfs7WYcZdYv93So1WsOcUmHukOPccRcg3qcnZw6c6AVCBCrqt81j5PzS8QSkpkil8fijpFg1IGxqtU-MydfcToe-RYBowYyuO1e1JMAQ"
        },
        "recoveryId": "https://managedhsmvaultname.managedhsm.azure.net/deletedkeys/livekvtestkey3a9042ef4",
        "scheduledPurgeDate": 1715742464
      }
    },
    {
      "RequestUri": "https://Sanitized.managedhsm.azure.net/keys/livekvtestkey4a9042ef4?api-version=7.6-preview.1",
      "RequestMethod": "DELETE",
      "RequestHeaders": {
        "Accept": "application/json",
        "Accept-Encoding": "gzip, deflate",
        "Connection": "keep-alive",
        "Content-Length": "0",
        "User-Agent": "azsdk-python-keyvault-keys/4.10.0b1 Python/3.10.12 (Linux-5.15.146.1-microsoft-standard-WSL2-x86_64-with-glibc2.35)"
      },
      "RequestBody": null,
      "StatusCode": 200,
      "ResponseHeaders": {
        "Cache-Control": "no-cache",
        "Content-Length": "890",
        "Content-Security-Policy": "default-src 'self'",
        "Content-Type": "application/json; charset=utf-8",
        "Strict-Transport-Security": "max-age=31536000; includeSubDomains",
        "X-Content-Type-Options": "nosniff",
        "X-Frame-Options": "SAMEORIGIN",
        "x-ms-keyvault-network-info": "conn_type=Ipv4;addr=172.92.159.124;act_addr_fam=Ipv4;",
        "x-ms-keyvault-region": "brazilsouth",
        "x-ms-server-latency": "30"
      },
      "ResponseBody": {
        "attributes": {
          "created": 1715137657,
          "enabled": true,
          "exportable": false,
          "recoverableDays": 7,
          "recoveryLevel": "CustomizedRecoverable+Purgeable",
          "updated": 1715137657
        },
        "deletedDate": 1715137664,
        "key": {
          "e": "AQAB",
          "key_ops": [
            "wrapKey",
            "encrypt",
            "decrypt",
            "unwrapKey",
            "sign",
            "verify"
          ],
          "kid": "https://managedhsmvaultname.managedhsm.azure.net/keys/livekvtestkey4a9042ef4/2038416cd6474b53b46c7dd3c9a407ba",
          "kty": "RSA-HSM",
          "n": "j_N9cbYnSvkd7y7CtmkCJw1xusgWyIN3bkHMoBBsMoQDivbkTdnb9IPjJjxgySvImXlf7VKAFR3qnZ13-eY4RusM_pb-d1JV4TikcfXd8s0jmf5PscJWQ7M5fib5iIGRNRRtFw3qMDM4dOXfkELSscjG0PqKBsCeHkExJGzCkrFlZFKdQT97gLlO-OO8PGWeCO3KnjdNExWOtdM0uDV0RFLdJsihDVeCTBMbjT2nyUyRcw24mQrVqjvxcl_tS3h_9T2ZheKi9YJjcnEHGSL7BiZ8JczrLln09lUme2ebaBHQX3dEfbHCEvxRf-373VbJTmzra4SpdCtc8hq5MljbFQ"
        },
        "recoveryId": "https://managedhsmvaultname.managedhsm.azure.net/deletedkeys/livekvtestkey4a9042ef4",
        "scheduledPurgeDate": 1715742464
      }
    },
    {
      "RequestUri": "https://Sanitized.managedhsm.azure.net/deletedkeys/livekvtestkey4a9042ef4?api-version=7.6-preview.1",
      "RequestMethod": "GET",
      "RequestHeaders": {
        "Accept": "application/json",
        "Accept-Encoding": "gzip, deflate",
        "Connection": "keep-alive",
        "User-Agent": "azsdk-python-keyvault-keys/4.10.0b1 Python/3.10.12 (Linux-5.15.146.1-microsoft-standard-WSL2-x86_64-with-glibc2.35)"
      },
      "RequestBody": null,
      "StatusCode": 200,
      "ResponseHeaders": {
        "Cache-Control": "no-cache",
        "Content-Length": "890",
        "Content-Security-Policy": "default-src 'self'",
        "Content-Type": "application/json; charset=utf-8",
        "Strict-Transport-Security": "max-age=31536000; includeSubDomains",
        "X-Content-Type-Options": "nosniff",
        "X-Frame-Options": "SAMEORIGIN",
        "x-ms-build-version": "1.0.20240409-1-59392ba8-develop",
        "x-ms-keyvault-network-info": "conn_type=Ipv4;addr=172.92.159.124;act_addr_fam=Ipv4;",
        "x-ms-keyvault-region": "brazilsouth",
        "x-ms-server-latency": "5"
      },
      "ResponseBody": {
        "attributes": {
          "created": 1715137657,
          "enabled": true,
          "exportable": false,
          "recoverableDays": 7,
          "recoveryLevel": "CustomizedRecoverable+Purgeable",
          "updated": 1715137657
        },
        "deletedDate": 1715137664,
        "key": {
          "e": "AQAB",
          "key_ops": [
            "verify",
            "sign",
            "unwrapKey",
            "encrypt",
            "decrypt",
            "wrapKey"
          ],
          "kid": "https://managedhsmvaultname.managedhsm.azure.net/keys/livekvtestkey4a9042ef4/2038416cd6474b53b46c7dd3c9a407ba",
          "kty": "RSA-HSM",
          "n": "j_N9cbYnSvkd7y7CtmkCJw1xusgWyIN3bkHMoBBsMoQDivbkTdnb9IPjJjxgySvImXlf7VKAFR3qnZ13-eY4RusM_pb-d1JV4TikcfXd8s0jmf5PscJWQ7M5fib5iIGRNRRtFw3qMDM4dOXfkELSscjG0PqKBsCeHkExJGzCkrFlZFKdQT97gLlO-OO8PGWeCO3KnjdNExWOtdM0uDV0RFLdJsihDVeCTBMbjT2nyUyRcw24mQrVqjvxcl_tS3h_9T2ZheKi9YJjcnEHGSL7BiZ8JczrLln09lUme2ebaBHQX3dEfbHCEvxRf-373VbJTmzra4SpdCtc8hq5MljbFQ"
        },
        "recoveryId": "https://managedhsmvaultname.managedhsm.azure.net/deletedkeys/livekvtestkey4a9042ef4",
        "scheduledPurgeDate": 1715742464
      }
    },
    {
      "RequestUri": "https://Sanitized.managedhsm.azure.net/keys/livekvtestkey5a9042ef4?api-version=7.6-preview.1",
      "RequestMethod": "DELETE",
      "RequestHeaders": {
        "Accept": "application/json",
        "Accept-Encoding": "gzip, deflate",
        "Connection": "keep-alive",
        "Content-Length": "0",
        "User-Agent": "azsdk-python-keyvault-keys/4.10.0b1 Python/3.10.12 (Linux-5.15.146.1-microsoft-standard-WSL2-x86_64-with-glibc2.35)"
      },
      "RequestBody": null,
      "StatusCode": 200,
      "ResponseHeaders": {
        "Cache-Control": "no-cache",
        "Content-Length": "890",
        "Content-Security-Policy": "default-src 'self'",
        "Content-Type": "application/json; charset=utf-8",
        "Strict-Transport-Security": "max-age=31536000; includeSubDomains",
        "X-Content-Type-Options": "nosniff",
        "X-Frame-Options": "SAMEORIGIN",
        "x-ms-keyvault-network-info": "conn_type=Ipv4;addr=172.92.159.124;act_addr_fam=Ipv4;",
        "x-ms-keyvault-region": "brazilsouth",
        "x-ms-server-latency": "26"
      },
      "ResponseBody": {
        "attributes": {
          "created": 1715137660,
          "enabled": true,
          "exportable": false,
          "recoverableDays": 7,
          "recoveryLevel": "CustomizedRecoverable+Purgeable",
          "updated": 1715137660
        },
        "deletedDate": 1715137665,
        "key": {
          "e": "AQAB",
          "key_ops": [
            "wrapKey",
            "encrypt",
            "decrypt",
            "unwrapKey",
            "sign",
            "verify"
          ],
          "kid": "https://managedhsmvaultname.managedhsm.azure.net/keys/livekvtestkey5a9042ef4/da4bab3224da4a2686ba8ea3b1f84aa2",
          "kty": "RSA-HSM",
          "n": "pmVrt2ybpFzP_XYwJTUBug1rGTN1CdaKdPT8XRaclNkQUff9R_FqFVbM_hoMut1vCSRLpYVIXNygI2eoQ7-mP54207vtmmnS58YBrGYQcvIUYm44vpnp7qirFMyvCMMa5U9VSFkA8j07k3y76tiVdlHe-yi9NAhs2XrysjouT3S8ohBR4hC662bP9qBhupxHbzBEUHUihHiEaRQbVnN6YnFotS3k_NHUcxcClmvfdvEzbnQXR3dMhqm0rPnsNsYyHOiKajkSjBUEZhP2U9DP3KPbXxJx-wWg2ZNaPtw4qp0Hm0vCQjGHqO6QdWo2_Z4mnocIGg5aavJhrgD6OKcJGw"
        },
        "recoveryId": "https://managedhsmvaultname.managedhsm.azure.net/deletedkeys/livekvtestkey5a9042ef4",
        "scheduledPurgeDate": 1715742465
      }
    },
    {
      "RequestUri": "https://Sanitized.managedhsm.azure.net/deletedkeys/livekvtestkey5a9042ef4?api-version=7.6-preview.1",
      "RequestMethod": "GET",
      "RequestHeaders": {
        "Accept": "application/json",
        "Accept-Encoding": "gzip, deflate",
        "Connection": "keep-alive",
        "User-Agent": "azsdk-python-keyvault-keys/4.10.0b1 Python/3.10.12 (Linux-5.15.146.1-microsoft-standard-WSL2-x86_64-with-glibc2.35)"
      },
      "RequestBody": null,
      "StatusCode": 200,
      "ResponseHeaders": {
        "Cache-Control": "no-cache",
        "Content-Length": "890",
        "Content-Security-Policy": "default-src 'self'",
        "Content-Type": "application/json; charset=utf-8",
        "Strict-Transport-Security": "max-age=31536000; includeSubDomains",
        "X-Content-Type-Options": "nosniff",
        "X-Frame-Options": "SAMEORIGIN",
        "x-ms-build-version": "1.0.20240409-1-59392ba8-develop",
        "x-ms-keyvault-network-info": "conn_type=Ipv4;addr=172.92.159.124;act_addr_fam=Ipv4;",
        "x-ms-keyvault-region": "brazilsouth",
        "x-ms-server-latency": "7"
      },
      "ResponseBody": {
        "attributes": {
          "created": 1715137660,
          "enabled": true,
          "exportable": false,
          "recoverableDays": 7,
          "recoveryLevel": "CustomizedRecoverable+Purgeable",
          "updated": 1715137660
        },
        "deletedDate": 1715137665,
        "key": {
          "e": "AQAB",
          "key_ops": [
            "verify",
            "sign",
            "unwrapKey",
            "encrypt",
            "decrypt",
            "wrapKey"
          ],
          "kid": "https://managedhsmvaultname.managedhsm.azure.net/keys/livekvtestkey5a9042ef4/da4bab3224da4a2686ba8ea3b1f84aa2",
          "kty": "RSA-HSM",
          "n": "pmVrt2ybpFzP_XYwJTUBug1rGTN1CdaKdPT8XRaclNkQUff9R_FqFVbM_hoMut1vCSRLpYVIXNygI2eoQ7-mP54207vtmmnS58YBrGYQcvIUYm44vpnp7qirFMyvCMMa5U9VSFkA8j07k3y76tiVdlHe-yi9NAhs2XrysjouT3S8ohBR4hC662bP9qBhupxHbzBEUHUihHiEaRQbVnN6YnFotS3k_NHUcxcClmvfdvEzbnQXR3dMhqm0rPnsNsYyHOiKajkSjBUEZhP2U9DP3KPbXxJx-wWg2ZNaPtw4qp0Hm0vCQjGHqO6QdWo2_Z4mnocIGg5aavJhrgD6OKcJGw"
        },
        "recoveryId": "https://managedhsmvaultname.managedhsm.azure.net/deletedkeys/livekvtestkey5a9042ef4",
        "scheduledPurgeDate": 1715742465
      }
    },
    {
      "RequestUri": "https://Sanitized.managedhsm.azure.net/keys/livekvtestkey6a9042ef4?api-version=7.6-preview.1",
      "RequestMethod": "DELETE",
      "RequestHeaders": {
        "Accept": "application/json",
        "Accept-Encoding": "gzip, deflate",
        "Connection": "keep-alive",
        "Content-Length": "0",
        "User-Agent": "azsdk-python-keyvault-keys/4.10.0b1 Python/3.10.12 (Linux-5.15.146.1-microsoft-standard-WSL2-x86_64-with-glibc2.35)"
      },
      "RequestBody": null,
      "StatusCode": 200,
      "ResponseHeaders": {
        "Cache-Control": "no-cache",
        "Content-Length": "890",
        "Content-Security-Policy": "default-src 'self'",
        "Content-Type": "application/json; charset=utf-8",
        "Strict-Transport-Security": "max-age=31536000; includeSubDomains",
        "X-Content-Type-Options": "nosniff",
        "X-Frame-Options": "SAMEORIGIN",
        "x-ms-keyvault-network-info": "conn_type=Ipv4;addr=172.92.159.124;act_addr_fam=Ipv4;",
        "x-ms-keyvault-region": "brazilsouth",
        "x-ms-server-latency": "31"
      },
      "ResponseBody": {
        "attributes": {
          "created": 1715137662,
          "enabled": true,
          "exportable": false,
          "recoverableDays": 7,
          "recoveryLevel": "CustomizedRecoverable+Purgeable",
          "updated": 1715137662
        },
        "deletedDate": 1715137665,
        "key": {
          "e": "AQAB",
          "key_ops": [
            "wrapKey",
            "encrypt",
            "decrypt",
            "unwrapKey",
            "sign",
            "verify"
          ],
          "kid": "https://managedhsmvaultname.managedhsm.azure.net/keys/livekvtestkey6a9042ef4/8eeeb0bb4e5a4f47994bf80c19086736",
          "kty": "RSA-HSM",
          "n": "iki-PzMouc6a8Nxb4tgPekkZGjmG-4chnAwMLiQwui_UIM1y2D_BuAdxdPFx6YXu3dmt64uvqofxX4UZQmBnMoJOVxSNS8mKev8TUXv5YNlwEdv4RtinrCHMaVHW17yDUOEcwksZt2qnWwixR-aFfzNH38BgGrKXuyZTs72GX8mFZkI-eiBWDkec2-s5Lua8aF8jwarYB4poxsFZ9k8jxgUg1_8Y4O3X7Qqxy__I6M8y1Ucq3p4XR8xir_OT5JVF2_CVNJKqz9r4Jhg2li5Kcx3W7Tj6xQRAS-ZtPLl7xJzWqoG2IXyVyKUjHUtvEgN9UkoaTRlt3ELI9UHF4FZLiQ"
        },
        "recoveryId": "https://managedhsmvaultname.managedhsm.azure.net/deletedkeys/livekvtestkey6a9042ef4",
        "scheduledPurgeDate": 1715742465
      }
    },
    {
      "RequestUri": "https://Sanitized.managedhsm.azure.net/deletedkeys/livekvtestkey6a9042ef4?api-version=7.6-preview.1",
      "RequestMethod": "GET",
      "RequestHeaders": {
        "Accept": "application/json",
        "Accept-Encoding": "gzip, deflate",
        "Connection": "keep-alive",
        "User-Agent": "azsdk-python-keyvault-keys/4.10.0b1 Python/3.10.12 (Linux-5.15.146.1-microsoft-standard-WSL2-x86_64-with-glibc2.35)"
      },
      "RequestBody": null,
      "StatusCode": 200,
      "ResponseHeaders": {
        "Cache-Control": "no-cache",
        "Content-Length": "890",
        "Content-Security-Policy": "default-src 'self'",
        "Content-Type": "application/json; charset=utf-8",
        "Strict-Transport-Security": "max-age=31536000; includeSubDomains",
        "X-Content-Type-Options": "nosniff",
        "X-Frame-Options": "SAMEORIGIN",
        "x-ms-build-version": "1.0.20240409-1-59392ba8-develop",
        "x-ms-keyvault-network-info": "conn_type=Ipv4;addr=172.92.159.124;act_addr_fam=Ipv4;",
        "x-ms-keyvault-region": "brazilsouth",
        "x-ms-server-latency": "5"
      },
      "ResponseBody": {
        "attributes": {
          "created": 1715137662,
          "enabled": true,
          "exportable": false,
          "recoverableDays": 7,
          "recoveryLevel": "CustomizedRecoverable+Purgeable",
          "updated": 1715137662
        },
        "deletedDate": 1715137665,
        "key": {
          "e": "AQAB",
          "key_ops": [
            "verify",
            "sign",
            "unwrapKey",
            "encrypt",
            "decrypt",
            "wrapKey"
          ],
          "kid": "https://managedhsmvaultname.managedhsm.azure.net/keys/livekvtestkey6a9042ef4/8eeeb0bb4e5a4f47994bf80c19086736",
          "kty": "RSA-HSM",
          "n": "iki-PzMouc6a8Nxb4tgPekkZGjmG-4chnAwMLiQwui_UIM1y2D_BuAdxdPFx6YXu3dmt64uvqofxX4UZQmBnMoJOVxSNS8mKev8TUXv5YNlwEdv4RtinrCHMaVHW17yDUOEcwksZt2qnWwixR-aFfzNH38BgGrKXuyZTs72GX8mFZkI-eiBWDkec2-s5Lua8aF8jwarYB4poxsFZ9k8jxgUg1_8Y4O3X7Qqxy__I6M8y1Ucq3p4XR8xir_OT5JVF2_CVNJKqz9r4Jhg2li5Kcx3W7Tj6xQRAS-ZtPLl7xJzWqoG2IXyVyKUjHUtvEgN9UkoaTRlt3ELI9UHF4FZLiQ"
        },
        "recoveryId": "https://managedhsmvaultname.managedhsm.azure.net/deletedkeys/livekvtestkey6a9042ef4",
        "scheduledPurgeDate": 1715742465
      }
    },
    {
      "RequestUri": "https://Sanitized.managedhsm.azure.net/deletedkeys?api-version=7.6-preview.1",
      "RequestMethod": "GET",
      "RequestHeaders": {
        "Accept": "application/json",
        "Accept-Encoding": "gzip, deflate",
        "Connection": "keep-alive",
        "User-Agent": "azsdk-python-keyvault-keys/4.10.0b1 Python/3.10.12 (Linux-5.15.146.1-microsoft-standard-WSL2-x86_64-with-glibc2.35)"
      },
      "RequestBody": null,
      "StatusCode": 200,
      "ResponseHeaders": {
        "Cache-Control": "no-cache",
        "Content-Length": "3303",
        "Content-Security-Policy": "default-src 'self'",
        "Content-Type": "application/json; charset=utf-8",
        "Strict-Transport-Security": "max-age=31536000; includeSubDomains",
        "X-Content-Type-Options": "nosniff",
        "X-Frame-Options": "SAMEORIGIN",
        "x-ms-build-version": "1.0.20240409-1-59392ba8-develop",
        "x-ms-keyvault-network-info": "conn_type=Ipv4;addr=172.92.159.124;act_addr_fam=Ipv4;",
        "x-ms-keyvault-region": "brazilsouth",
        "x-ms-server-latency": "12"
      },
      "ResponseBody": {
        "value": [
          {
            "attributes": {
              "created": 1715137521,
              "enabled": true,
              "exp": 2524723200,
              "exportable": false,
              "recoverableDays": 7,
              "recoveryLevel": "CustomizedRecoverable+Purgeable",
              "updated": 1715137524
            },
            "deletedDate": 1715137525,
            "kid": "https://managedhsmvaultname.managedhsm.azure.net/keys/livekvtestcrud-rsa-keyf942fe0",
            "recoveryId": "https://managedhsmvaultname.managedhsm.azure.net/deletedkeys/livekvtestcrud-rsa-keyf942fe0",
            "scheduledPurgeDate": 1715742325,
            "tags": {
              "foo": "updated tag"
            }
          },
          {
            "attributes": {
              "created": 1715137648,
              "enabled": true,
              "exportable": false,
              "recoverableDays": 7,
              "recoveryLevel": "CustomizedRecoverable+Purgeable",
              "updated": 1715137648
            },
            "deletedDate": 1715137662,
            "kid": "https://managedhsmvaultname.managedhsm.azure.net/keys/livekvtestkey0a9042ef4",
            "recoveryId": "https://managedhsmvaultname.managedhsm.azure.net/deletedkeys/livekvtestkey0a9042ef4",
            "scheduledPurgeDate": 1715742462
          },
          {
            "attributes": {
              "created": 1715137650,
              "enabled": true,
              "exportable": false,
              "recoverableDays": 7,
              "recoveryLevel": "CustomizedRecoverable+Purgeable",
              "updated": 1715137650
            },
            "deletedDate": 1715137663,
            "kid": "https://managedhsmvaultname.managedhsm.azure.net/keys/livekvtestkey1a9042ef4",
            "recoveryId": "https://managedhsmvaultname.managedhsm.azure.net/deletedkeys/livekvtestkey1a9042ef4",
            "scheduledPurgeDate": 1715742463
          },
          {
            "attributes": {
              "created": 1715137653,
              "enabled": true,
              "exportable": false,
              "recoverableDays": 7,
              "recoveryLevel": "CustomizedRecoverable+Purgeable",
              "updated": 1715137653
            },
            "deletedDate": 1715137663,
            "kid": "https://managedhsmvaultname.managedhsm.azure.net/keys/livekvtestkey2a9042ef4",
            "recoveryId": "https://managedhsmvaultname.managedhsm.azure.net/deletedkeys/livekvtestkey2a9042ef4",
            "scheduledPurgeDate": 1715742463
          },
          {
            "attributes": {
              "created": 1715137655,
              "enabled": true,
              "exportable": false,
              "recoverableDays": 7,
              "recoveryLevel": "CustomizedRecoverable+Purgeable",
              "updated": 1715137655
            },
            "deletedDate": 1715137664,
            "kid": "https://managedhsmvaultname.managedhsm.azure.net/keys/livekvtestkey3a9042ef4",
            "recoveryId": "https://managedhsmvaultname.managedhsm.azure.net/deletedkeys/livekvtestkey3a9042ef4",
            "scheduledPurgeDate": 1715742464
          },
          {
            "attributes": {
              "created": 1715137657,
              "enabled": true,
              "exportable": false,
              "recoverableDays": 7,
              "recoveryLevel": "CustomizedRecoverable+Purgeable",
              "updated": 1715137657
            },
            "deletedDate": 1715137664,
            "kid": "https://managedhsmvaultname.managedhsm.azure.net/keys/livekvtestkey4a9042ef4",
            "recoveryId": "https://managedhsmvaultname.managedhsm.azure.net/deletedkeys/livekvtestkey4a9042ef4",
            "scheduledPurgeDate": 1715742464
          },
          {
            "attributes": {
              "created": 1715137660,
              "enabled": true,
              "exportable": false,
              "recoverableDays": 7,
              "recoveryLevel": "CustomizedRecoverable+Purgeable",
              "updated": 1715137660
            },
            "deletedDate": 1715137665,
            "kid": "https://managedhsmvaultname.managedhsm.azure.net/keys/livekvtestkey5a9042ef4",
            "recoveryId": "https://managedhsmvaultname.managedhsm.azure.net/deletedkeys/livekvtestkey5a9042ef4",
            "scheduledPurgeDate": 1715742465
          },
          {
            "attributes": {
              "created": 1715137662,
              "enabled": true,
              "exportable": false,
              "recoverableDays": 7,
              "recoveryLevel": "CustomizedRecoverable+Purgeable",
              "updated": 1715137662
            },
            "deletedDate": 1715137665,
            "kid": "https://managedhsmvaultname.managedhsm.azure.net/keys/livekvtestkey6a9042ef4",
            "recoveryId": "https://managedhsmvaultname.managedhsm.azure.net/deletedkeys/livekvtestkey6a9042ef4",
            "scheduledPurgeDate": 1715742465
          }
        ]
      }
    },
    {
      "RequestUri": "https://Sanitized.managedhsm.azure.net/deletedkeys?api-version=7.6-preview.1",
      "RequestMethod": "GET",
      "RequestHeaders": {
        "Accept": "application/json",
        "Accept-Encoding": "gzip, deflate",
        "Connection": "keep-alive",
        "User-Agent": "azsdk-python-keyvault-keys/4.10.0b1 Python/3.10.12 (Linux-5.15.146.1-microsoft-standard-WSL2-x86_64-with-glibc2.35)"
      },
      "RequestBody": null,
      "StatusCode": 200,
      "ResponseHeaders": {
        "Cache-Control": "no-cache",
        "Content-Length": "3303",
        "Content-Security-Policy": "default-src 'self'",
        "Content-Type": "application/json; charset=utf-8",
        "Strict-Transport-Security": "max-age=31536000; includeSubDomains",
        "X-Content-Type-Options": "nosniff",
        "X-Frame-Options": "SAMEORIGIN",
        "x-ms-build-version": "1.0.20240409-1-59392ba8-develop",
        "x-ms-keyvault-network-info": "conn_type=Ipv4;addr=172.92.159.124;act_addr_fam=Ipv4;",
        "x-ms-keyvault-region": "brazilsouth",
        "x-ms-server-latency": "14"
      },
      "ResponseBody": {
        "value": [
          {
            "attributes": {
              "created": 1715137521,
              "enabled": true,
              "exp": 2524723200,
              "exportable": false,
              "recoverableDays": 7,
              "recoveryLevel": "CustomizedRecoverable+Purgeable",
              "updated": 1715137524
            },
            "deletedDate": 1715137525,
            "kid": "https://managedhsmvaultname.managedhsm.azure.net/keys/livekvtestcrud-rsa-keyf942fe0",
            "recoveryId": "https://managedhsmvaultname.managedhsm.azure.net/deletedkeys/livekvtestcrud-rsa-keyf942fe0",
            "scheduledPurgeDate": 1715742325,
            "tags": {
              "foo": "updated tag"
            }
          },
          {
            "attributes": {
              "created": 1715137648,
              "enabled": true,
              "exportable": false,
              "recoverableDays": 7,
              "recoveryLevel": "CustomizedRecoverable+Purgeable",
              "updated": 1715137648
            },
            "deletedDate": 1715137662,
            "kid": "https://managedhsmvaultname.managedhsm.azure.net/keys/livekvtestkey0a9042ef4",
            "recoveryId": "https://managedhsmvaultname.managedhsm.azure.net/deletedkeys/livekvtestkey0a9042ef4",
            "scheduledPurgeDate": 1715742462
          },
          {
            "attributes": {
              "created": 1715137650,
              "enabled": true,
              "exportable": false,
              "recoverableDays": 7,
              "recoveryLevel": "CustomizedRecoverable+Purgeable",
              "updated": 1715137650
            },
            "deletedDate": 1715137663,
            "kid": "https://managedhsmvaultname.managedhsm.azure.net/keys/livekvtestkey1a9042ef4",
            "recoveryId": "https://managedhsmvaultname.managedhsm.azure.net/deletedkeys/livekvtestkey1a9042ef4",
            "scheduledPurgeDate": 1715742463
          },
          {
            "attributes": {
              "created": 1715137653,
              "enabled": true,
              "exportable": false,
              "recoverableDays": 7,
              "recoveryLevel": "CustomizedRecoverable+Purgeable",
              "updated": 1715137653
            },
            "deletedDate": 1715137663,
            "kid": "https://managedhsmvaultname.managedhsm.azure.net/keys/livekvtestkey2a9042ef4",
            "recoveryId": "https://managedhsmvaultname.managedhsm.azure.net/deletedkeys/livekvtestkey2a9042ef4",
            "scheduledPurgeDate": 1715742463
          },
          {
            "attributes": {
              "created": 1715137655,
              "enabled": true,
              "exportable": false,
              "recoverableDays": 7,
              "recoveryLevel": "CustomizedRecoverable+Purgeable",
              "updated": 1715137655
            },
            "deletedDate": 1715137664,
            "kid": "https://managedhsmvaultname.managedhsm.azure.net/keys/livekvtestkey3a9042ef4",
            "recoveryId": "https://managedhsmvaultname.managedhsm.azure.net/deletedkeys/livekvtestkey3a9042ef4",
            "scheduledPurgeDate": 1715742464
          },
          {
            "attributes": {
              "created": 1715137657,
              "enabled": true,
              "exportable": false,
              "recoverableDays": 7,
              "recoveryLevel": "CustomizedRecoverable+Purgeable",
              "updated": 1715137657
            },
            "deletedDate": 1715137664,
            "kid": "https://managedhsmvaultname.managedhsm.azure.net/keys/livekvtestkey4a9042ef4",
            "recoveryId": "https://managedhsmvaultname.managedhsm.azure.net/deletedkeys/livekvtestkey4a9042ef4",
            "scheduledPurgeDate": 1715742464
          },
          {
            "attributes": {
              "created": 1715137660,
              "enabled": true,
              "exportable": false,
              "recoverableDays": 7,
              "recoveryLevel": "CustomizedRecoverable+Purgeable",
              "updated": 1715137660
            },
            "deletedDate": 1715137665,
            "kid": "https://managedhsmvaultname.managedhsm.azure.net/keys/livekvtestkey5a9042ef4",
            "recoveryId": "https://managedhsmvaultname.managedhsm.azure.net/deletedkeys/livekvtestkey5a9042ef4",
            "scheduledPurgeDate": 1715742465
          },
          {
            "attributes": {
              "created": 1715137662,
              "enabled": true,
              "exportable": false,
              "recoverableDays": 7,
              "recoveryLevel": "CustomizedRecoverable+Purgeable",
              "updated": 1715137662
            },
            "deletedDate": 1715137665,
            "kid": "https://managedhsmvaultname.managedhsm.azure.net/keys/livekvtestkey6a9042ef4",
            "recoveryId": "https://managedhsmvaultname.managedhsm.azure.net/deletedkeys/livekvtestkey6a9042ef4",
            "scheduledPurgeDate": 1715742465
          }
        ]
      }
    }
  ],
  "Variables": {}
}
