{
  "Entries": [
    {
      "RequestUri": "https://Sanitized.managedhsm.azure.net/keys/livekvtestmultitenant-key88623872/create?api-version=7.6-preview.1",
      "RequestMethod": "POST",
      "RequestHeaders": {
        "Accept": "application/json",
        "Accept-Encoding": "gzip, deflate",
        "Content-Length": "0",
        "Content-Type": "application/json",
        "User-Agent": "azsdk-python-keyvault-keys/4.10.0b1 Python/3.10.12 (Linux-5.15.146.1-microsoft-standard-WSL2-x86_64-with-glibc2.35)"
      },
      "RequestBody": null,
      "StatusCode": 401,
      "ResponseHeaders": {
        "Cache-Control": "no-cache",
        "Content-Length": "0",
        "Content-Security-Policy": "default-src 'self'",
        "Content-Type": "application/json; charset=utf-8",
        "Strict-Transport-Security": "max-age=31536000; includeSubDomains",
        "WWW-Authenticate": "Bearer authorization=\"https://login.microsoftonline.com/00000000-0000-0000-0000-000000000000\", resource=\"https://managedhsm.azure.net\"",
        "X-Content-Type-Options": "nosniff",
        "X-Frame-Options": "SAMEORIGIN",
        "x-ms-server-latency": "0"
      },
      "ResponseBody": null
    },
    {
      "RequestUri": "https://Sanitized.managedhsm.azure.net/keys/livekvtestmultitenant-key88623872/create?api-version=7.6-preview.1",
      "RequestMethod": "POST",
      "RequestHeaders": {
        "Accept": "application/json",
        "Accept-Encoding": "gzip, deflate",
        "Content-Length": "14",
        "Content-Type": "application/json",
        "User-Agent": "azsdk-python-keyvault-keys/4.10.0b1 Python/3.10.12 (Linux-5.15.146.1-microsoft-standard-WSL2-x86_64-with-glibc2.35)"
      },
      "RequestBody": {
        "kty": "RSA"
      },
      "StatusCode": 200,
      "ResponseHeaders": {
        "Cache-Control": "no-cache",
        "Content-Length": "745",
        "Content-Security-Policy": "default-src 'self'",
        "Content-Type": "application/json; charset=utf-8",
        "Strict-Transport-Security": "max-age=31536000; includeSubDomains",
        "X-Content-Type-Options": "nosniff",
        "X-Frame-Options": "SAMEORIGIN",
        "x-ms-keyvault-network-info": "conn_type=Ipv4;addr=172.92.159.124;act_addr_fam=Ipv4;",
        "x-ms-keyvault-region": "brazilsouth",
        "x-ms-server-latency": "102"
      },
      "ResponseBody": {
        "attributes": {
          "created": 1715136850,
          "enabled": true,
          "exportable": false,
          "recoverableDays": 7,
          "recoveryLevel": "CustomizedRecoverable+Purgeable",
          "updated": 1715136850
        },
        "key": {
          "e": "AQAB",
          "key_ops": [
            "wrapKey",
            "decrypt",
            "encrypt",
            "unwrapKey",
            "sign",
            "verify"
          ],
          "kid": "https://managedhsmvaultname.managedhsm.azure.net/keys/livekvtestmultitenant-key88623872/2b18b71e5c414471089e2f3f3833dff7",
          "kty": "RSA-HSM",
          "n": "ucuCt1zMNqNNZaL4FNdpBmBpqXmGBZf0M6syABAO3a392ICz_3TPVFcniUq6letzNkM7MsOp9Umya-6opVbgRaH9oVa8Tux11vcaM6CkbxT6AnK10YYlDg7BNkXTGFsNM0NbDLJ_Dw2JwyB6lKYNqhIlS2D_2GFFg1DwZziQYVG1FbcYyRy1CI2zOY3Gn1PQmER37o0O1N_pzaMktvitecMo6P1YZeSiv54UahDWPDairyni1bcGZlNoSzzeUH92xxhwMcQ2eBfMvGffgElIgZypO_2cQX91d0aqzMu8YRYvoWKut7uOQLwCpi763_N_JN-H9zdehxBcpYIZTwxb8w"
        }
      }
    },
    {
      "RequestUri": "https://Sanitized.managedhsm.azure.net/keys/livekvtestmultitenant-key88623872/?api-version=7.6-preview.1",
      "RequestMethod": "GET",
      "RequestHeaders": {
        "Accept": "application/json",
        "Accept-Encoding": "gzip, deflate",
        "User-Agent": "azsdk-python-keyvault-keys/4.10.0b1 Python/3.10.12 (Linux-5.15.146.1-microsoft-standard-WSL2-x86_64-with-glibc2.35)"
      },
      "RequestBody": null,
      "StatusCode": 200,
      "ResponseHeaders": {
        "Cache-Control": "no-cache",
        "Content-Length": "745",
        "Content-Security-Policy": "default-src 'self'",
        "Content-Type": "application/json; charset=utf-8",
        "Strict-Transport-Security": "max-age=31536000; includeSubDomains",
        "X-Content-Type-Options": "nosniff",
        "X-Frame-Options": "SAMEORIGIN",
        "x-ms-build-version": "1.0.20240409-1-59392ba8-develop",
        "x-ms-keyvault-network-info": "conn_type=Ipv4;addr=172.92.159.124;act_addr_fam=Ipv4;",
        "x-ms-keyvault-region": "brazilsouth",
        "x-ms-server-latency": "4"
      },
      "ResponseBody": {
        "attributes": {
          "created": 1715136850,
          "enabled": true,
          "exportable": false,
          "recoverableDays": 7,
          "recoveryLevel": "CustomizedRecoverable+Purgeable",
          "updated": 1715136850
        },
        "key": {
          "e": "AQAB",
          "key_ops": [
            "verify",
            "sign",
            "unwrapKey",
            "decrypt",
            "encrypt",
            "wrapKey"
          ],
          "kid": "https://managedhsmvaultname.managedhsm.azure.net/keys/livekvtestmultitenant-key88623872/2b18b71e5c414471089e2f3f3833dff7",
          "kty": "RSA-HSM",
          "n": "ucuCt1zMNqNNZaL4FNdpBmBpqXmGBZf0M6syABAO3a392ICz_3TPVFcniUq6letzNkM7MsOp9Umya-6opVbgRaH9oVa8Tux11vcaM6CkbxT6AnK10YYlDg7BNkXTGFsNM0NbDLJ_Dw2JwyB6lKYNqhIlS2D_2GFFg1DwZziQYVG1FbcYyRy1CI2zOY3Gn1PQmER37o0O1N_pzaMktvitecMo6P1YZeSiv54UahDWPDairyni1bcGZlNoSzzeUH92xxhwMcQ2eBfMvGffgElIgZypO_2cQX91d0aqzMu8YRYvoWKut7uOQLwCpi763_N_JN-H9zdehxBcpYIZTwxb8w"
        }
      }
    }
  ],
  "Variables": {}
}
