{
  "Entries": [
    {
      "RequestUri": "https://vaultname.vault.azure.net/keys/livekvtestkey04f32b67/create?api-version=7.4-preview.1",
      "RequestMethod": "POST",
      "RequestHeaders": {
        "Accept": "application/json",
        "Accept-Encoding": "gzip, deflate",
        "Content-Length": "0",
        "Content-Type": "application/json",
        "User-Agent": "azsdk-python-keyvault-keys/4.8.0b2 Python/3.10.0 (Windows-10-10.0.22621-SP0)"
      },
      "RequestBody": null,
      "StatusCode": 401,
      "ResponseHeaders": {
        "Cache-Control": "no-cache",
        "Content-Length": "97",
        "Content-Type": "application/json; charset=utf-8",
        "Date": "Wed, 16 Nov 2022 06:30:15 GMT",
        "Expires": "-1",
        "Pragma": "no-cache",
        "Strict-Transport-Security": "max-age=31536000;includeSubDomains",
        "WWW-Authenticate": "Bearer authorization=\u0022https://login.windows.net/00000000-0000-0000-0000-000000000000\u0022, resource=\u0022https://vault.azure.net\u0022",
        "X-Content-Type-Options": "nosniff",
        "x-ms-keyvault-network-info": "conn_type=Ipv4;addr=172.92.159.124;act_addr_fam=InterNetwork;",
        "x-ms-keyvault-region": "canadacentral",
        "x-ms-keyvault-service-version": "1.9.576.1"
      },
      "ResponseBody": {
        "error": {
          "code": "Unauthorized",
          "message": "AKV10000: Request is missing a Bearer or PoP token."
        }
      }
    },
    {
      "RequestUri": "https://vaultname.vault.azure.net/keys/livekvtestkey04f32b67/create?api-version=7.4-preview.1",
      "RequestMethod": "POST",
      "RequestHeaders": {
        "Accept": "application/json",
        "Accept-Encoding": "gzip, deflate",
        "Content-Length": "14",
        "Content-Type": "application/json",
        "User-Agent": "azsdk-python-keyvault-keys/4.8.0b2 Python/3.10.0 (Windows-10-10.0.22621-SP0)"
      },
      "RequestBody": {
        "kty": "RSA"
      },
      "StatusCode": 200,
      "ResponseHeaders": {
        "Cache-Control": "no-cache",
        "Content-Length": "714",
        "Content-Type": "application/json; charset=utf-8",
        "Date": "Wed, 16 Nov 2022 06:30:15 GMT",
        "Expires": "-1",
        "Pragma": "no-cache",
        "Strict-Transport-Security": "max-age=31536000;includeSubDomains",
        "X-Content-Type-Options": "nosniff",
        "x-ms-keyvault-network-info": "conn_type=Ipv4;addr=172.92.159.124;act_addr_fam=InterNetwork;",
        "x-ms-keyvault-rbac-assignment-id": "db385ea4-950d-56fa-a9aa-1e0e65cc4b68",
        "x-ms-keyvault-rbac-cache": "ra_age=628;da_age=1012;rd_age=1012;brd_age=10390;ra_notif_age=919;dec_lev=1;",
        "x-ms-keyvault-region": "canadacentral",
        "x-ms-keyvault-service-version": "1.9.576.1"
      },
      "ResponseBody": {
        "key": {
          "kid": "https://vaultname.vault.azure.net/keys/livekvtestkey04f32b67/e96331014c00455fa3a42e4d3a526777",
          "kty": "RSA",
          "key_ops": [
            "encrypt",
            "decrypt",
            "sign",
            "verify",
            "wrapKey",
            "unwrapKey"
          ],
          "n": "sZ0ZbIXFgE2FReJ9LqxuLQ30mdfBZ6Y_CNSXZq9Lv5Vvbo4OxBGxaYpSruVS3XjvJKfCf30Z2CiePnaWobIGo7ChEgp3-_t-GWwahJ0ep3Z3Ha5kwjYM8UMd7upqxEjHhX_hHHz7gvDNa5FcEMMPIbZqVDzt5qOxT-oglDs6vpa6x4LKqEndzzvgw_bVpY0fYabkOlGXfZTu2-KC--FSozmSoenZQyEENqpp1cCKBpN-wLpOEOrinD7zLQwejGLIy_GD4nL-Ut6cYArPktDWp_b4F7SNsP9yo0MBzMgnUBzFdvCJCDF_ugTJVPjbIQxskxexdAxCq0DpPTTKE861mQ",
          "e": "AQAB"
        },
        "attributes": {
          "enabled": true,
          "created": 1668580216,
          "updated": 1668580216,
          "recoveryLevel": "CustomizedRecoverable\u002BPurgeable",
          "recoverableDays": 7,
          "exportable": false
        }
      }
    },
    {
      "RequestUri": "https://vaultname.vault.azure.net/keys/livekvtestkey14f32b67/create?api-version=7.4-preview.1",
      "RequestMethod": "POST",
      "RequestHeaders": {
        "Accept": "application/json",
        "Accept-Encoding": "gzip, deflate",
        "Content-Length": "14",
        "Content-Type": "application/json",
        "User-Agent": "azsdk-python-keyvault-keys/4.8.0b2 Python/3.10.0 (Windows-10-10.0.22621-SP0)"
      },
      "RequestBody": {
        "kty": "RSA"
      },
      "StatusCode": 200,
      "ResponseHeaders": {
        "Cache-Control": "no-cache",
        "Content-Length": "714",
        "Content-Type": "application/json; charset=utf-8",
        "Date": "Wed, 16 Nov 2022 06:30:18 GMT",
        "Expires": "-1",
        "Pragma": "no-cache",
        "Strict-Transport-Security": "max-age=31536000;includeSubDomains",
        "X-Content-Type-Options": "nosniff",
        "x-ms-keyvault-network-info": "conn_type=Ipv4;addr=172.92.159.124;act_addr_fam=InterNetwork;",
        "x-ms-keyvault-rbac-assignment-id": "db385ea4-950d-56fa-a9aa-1e0e65cc4b68",
        "x-ms-keyvault-rbac-cache": "ra_age=630;da_age=1014;rd_age=1014;brd_age=10392;ra_notif_age=922;dec_lev=1;",
        "x-ms-keyvault-region": "canadacentral",
        "x-ms-keyvault-service-version": "1.9.576.1"
      },
      "ResponseBody": {
        "key": {
          "kid": "https://vaultname.vault.azure.net/keys/livekvtestkey14f32b67/e89208b4cddf407b81a539173844bbca",
          "kty": "RSA",
          "key_ops": [
            "encrypt",
            "decrypt",
            "sign",
            "verify",
            "wrapKey",
            "unwrapKey"
          ],
          "n": "vAGVbgCPK0iXlekQYlULm9psDINqLYm8-6kRLeI2QCrj_ZJCiA0FQUgDLXi-2wDLbrwmslpn3dSzqrc3QJrUO3L83kKvDiWA00Z1RJEMRpSZqU5taOsIB4IXeEWnvG90qMJsIbhA5D6OhKdLQDIFaoxU1UGV6w0RDUAXc25jcVA0iUbA5l302s9rUq4_TaYsImYRgkrLj3WheZARKI_5UC84mZL29ON56ui5T2tpkJpXyULcEAHRS2AR_oYOrmWIDkEiEVQO1kzeGROLN4KbMWVsQQJ31vUFc7T88C7sN1VN3zAe1hNkJcoodk5qYZ0zADQAg162kfUV7lSNasilMQ",
          "e": "AQAB"
        },
        "attributes": {
          "enabled": true,
          "created": 1668580218,
          "updated": 1668580218,
          "recoveryLevel": "CustomizedRecoverable\u002BPurgeable",
          "recoverableDays": 7,
          "exportable": false
        }
      }
    },
    {
      "RequestUri": "https://vaultname.vault.azure.net/keys/livekvtestkey24f32b67/create?api-version=7.4-preview.1",
      "RequestMethod": "POST",
      "RequestHeaders": {
        "Accept": "application/json",
        "Accept-Encoding": "gzip, deflate",
        "Content-Length": "14",
        "Content-Type": "application/json",
        "User-Agent": "azsdk-python-keyvault-keys/4.8.0b2 Python/3.10.0 (Windows-10-10.0.22621-SP0)"
      },
      "RequestBody": {
        "kty": "RSA"
      },
      "StatusCode": 200,
      "ResponseHeaders": {
        "Cache-Control": "no-cache",
        "Content-Length": "714",
        "Content-Type": "application/json; charset=utf-8",
        "Date": "Wed, 16 Nov 2022 06:30:20 GMT",
        "Expires": "-1",
        "Pragma": "no-cache",
        "Strict-Transport-Security": "max-age=31536000;includeSubDomains",
        "X-Content-Type-Options": "nosniff",
        "x-ms-keyvault-network-info": "conn_type=Ipv4;addr=172.92.159.124;act_addr_fam=InterNetwork;",
        "x-ms-keyvault-rbac-assignment-id": "db385ea4-950d-56fa-a9aa-1e0e65cc4b68",
        "x-ms-keyvault-rbac-cache": "ra_age=632;da_age=1017;rd_age=1017;brd_age=10395;ra_notif_age=924;dec_lev=1;",
        "x-ms-keyvault-region": "canadacentral",
        "x-ms-keyvault-service-version": "1.9.576.1"
      },
      "ResponseBody": {
        "key": {
          "kid": "https://vaultname.vault.azure.net/keys/livekvtestkey24f32b67/72a1fcb683b649e5b4ae0e043e2d82b4",
          "kty": "RSA",
          "key_ops": [
            "encrypt",
            "decrypt",
            "sign",
            "verify",
            "wrapKey",
            "unwrapKey"
          ],
          "n": "5VqGgBx0ksFjFkgDcpC8SAXwI_TJUifJodFcsLySZk3EjnkOPAbRj5rZRKR8JfW7K45GvFKdCl_3hmmf_TKe_pYionay82IjfYdacE2nNgc9rnrrErDKwFn7WE8wBwaTtmQ-MY26r4OAjy9bDsq6_Y6kSGpoo_TizWUxBDBKMBxhaTewMdxiK3uJ3Z4p0Ywcv_IAac6H5AmqKnV4lrjgwsM5gqnetx9MF6YcfSf2hTfANg4UxXJ9r64ZO60TRNlsIt8PxQXHhi40qCx_rA-f2vN7VohVc06YQNRO_fL1jOr7OjJbCRx77iac1343qnn-YRCZJ2HgOwTFNcbNzqqkNQ",
          "e": "AQAB"
        },
        "attributes": {
          "enabled": true,
          "created": 1668580220,
          "updated": 1668580220,
          "recoveryLevel": "CustomizedRecoverable\u002BPurgeable",
          "recoverableDays": 7,
          "exportable": false
        }
      }
    },
    {
      "RequestUri": "https://vaultname.vault.azure.net/keys/livekvtestkey34f32b67/create?api-version=7.4-preview.1",
      "RequestMethod": "POST",
      "RequestHeaders": {
        "Accept": "application/json",
        "Accept-Encoding": "gzip, deflate",
        "Content-Length": "14",
        "Content-Type": "application/json",
        "User-Agent": "azsdk-python-keyvault-keys/4.8.0b2 Python/3.10.0 (Windows-10-10.0.22621-SP0)"
      },
      "RequestBody": {
        "kty": "RSA"
      },
      "StatusCode": 200,
      "ResponseHeaders": {
        "Cache-Control": "no-cache",
        "Content-Length": "714",
        "Content-Type": "application/json; charset=utf-8",
        "Date": "Wed, 16 Nov 2022 06:30:22 GMT",
        "Expires": "-1",
        "Pragma": "no-cache",
        "Strict-Transport-Security": "max-age=31536000;includeSubDomains",
        "X-Content-Type-Options": "nosniff",
        "x-ms-keyvault-network-info": "conn_type=Ipv4;addr=172.92.159.124;act_addr_fam=InterNetwork;",
        "x-ms-keyvault-rbac-assignment-id": "db385ea4-950d-56fa-a9aa-1e0e65cc4b68",
        "x-ms-keyvault-rbac-cache": "ra_age=635;da_age=1019;rd_age=1019;brd_age=10397;ra_notif_age=926;dec_lev=1;",
        "x-ms-keyvault-region": "canadacentral",
        "x-ms-keyvault-service-version": "1.9.576.1"
      },
      "ResponseBody": {
        "key": {
          "kid": "https://vaultname.vault.azure.net/keys/livekvtestkey34f32b67/f3538efedcdd4f73836d74b92a59be46",
          "kty": "RSA",
          "key_ops": [
            "encrypt",
            "decrypt",
            "sign",
            "verify",
            "wrapKey",
            "unwrapKey"
          ],
          "n": "s0W-XpYZZD2a6x7xQW99OweNF9x2S-Fm0dbGviMij1LX-0wHcDfvzg_YIjcdPYl3FPVhUByaPXEBxH0Va8GsFVs81x0DSklNlkp0pzwG44xeD2kabzNsU7wpdOsAhA7bnCO_TGwYxnRCpThFBee48AzIbz42mRWTX-ZgU0t8bcRyIdbouIrLB5Td0U2fH12XRtmJoVMyE88TFVsInOVs7Ra97c3ABAzhbHfAw5Cyl9s9HOUdt9vX__-Mh4OXLgRKEFGPwCoAeG2rFU1WmY_f9yVjfUwWkRFJ3VSgjk9pnw-7rh0yWlgw7kOB8cfxFvLXzUiNOsHndcqIK0TYtApnTQ",
          "e": "AQAB"
        },
        "attributes": {
          "enabled": true,
          "created": 1668580223,
          "updated": 1668580223,
          "recoveryLevel": "CustomizedRecoverable\u002BPurgeable",
          "recoverableDays": 7,
          "exportable": false
        }
      }
    },
    {
      "RequestUri": "https://vaultname.vault.azure.net/keys/livekvtestkey44f32b67/create?api-version=7.4-preview.1",
      "RequestMethod": "POST",
      "RequestHeaders": {
        "Accept": "application/json",
        "Accept-Encoding": "gzip, deflate",
        "Content-Length": "14",
        "Content-Type": "application/json",
        "User-Agent": "azsdk-python-keyvault-keys/4.8.0b2 Python/3.10.0 (Windows-10-10.0.22621-SP0)"
      },
      "RequestBody": {
        "kty": "RSA"
      },
      "StatusCode": 200,
      "ResponseHeaders": {
        "Cache-Control": "no-cache",
        "Content-Length": "714",
        "Content-Type": "application/json; charset=utf-8",
        "Date": "Wed, 16 Nov 2022 06:30:24 GMT",
        "Expires": "-1",
        "Pragma": "no-cache",
        "Strict-Transport-Security": "max-age=31536000;includeSubDomains",
        "X-Content-Type-Options": "nosniff",
        "x-ms-keyvault-network-info": "conn_type=Ipv4;addr=172.92.159.124;act_addr_fam=InterNetwork;",
        "x-ms-keyvault-rbac-assignment-id": "db385ea4-950d-56fa-a9aa-1e0e65cc4b68",
        "x-ms-keyvault-rbac-cache": "ra_age=637;da_age=1021;rd_age=1021;brd_age=10399;ra_notif_age=929;dec_lev=1;",
        "x-ms-keyvault-region": "canadacentral",
        "x-ms-keyvault-service-version": "1.9.576.1"
      },
      "ResponseBody": {
        "key": {
          "kid": "https://vaultname.vault.azure.net/keys/livekvtestkey44f32b67/3c7174cfc0e14445983c2dc5d379d874",
          "kty": "RSA",
          "key_ops": [
            "encrypt",
            "decrypt",
            "sign",
            "verify",
            "wrapKey",
            "unwrapKey"
          ],
          "n": "vqW-3HsMSbicRIWnlwhCqGze3fdxRPTWkwu7Eebp3z0l_-La6XAJjEiOTK5igvUK0ZQNVCyFJcnBZzfmSLhwFYCOayPFi6dNbUKphfA6xfh7nRu5x12hV30VvQAWUoINBmFZC1ZuZ5k-fCdofMjYH5NG-EKE9Piqt8Px3soeH-06IefxgFxnaH0pOGza-Hgt2txfQ2C1V98mST0OV5FU0HbPPJzsyEN1kt0E0sOXAFeD-_6hpvWJNwV8zhU6TIGXRoBA58dK_HnbxJor2-zVi0ITL-rR_IZM4x1-dseu4CV_VWipNrGe2OdHqDKvu_OaoO_2R_aBJ0ZXJ_bjq5OOAQ",
          "e": "AQAB"
        },
        "attributes": {
          "enabled": true,
          "created": 1668580225,
          "updated": 1668580225,
          "recoveryLevel": "CustomizedRecoverable\u002BPurgeable",
          "recoverableDays": 7,
          "exportable": false
        }
      }
    },
    {
      "RequestUri": "https://vaultname.vault.azure.net/keys/livekvtestkey54f32b67/create?api-version=7.4-preview.1",
      "RequestMethod": "POST",
      "RequestHeaders": {
        "Accept": "application/json",
        "Accept-Encoding": "gzip, deflate",
        "Content-Length": "14",
        "Content-Type": "application/json",
        "User-Agent": "azsdk-python-keyvault-keys/4.8.0b2 Python/3.10.0 (Windows-10-10.0.22621-SP0)"
      },
      "RequestBody": {
        "kty": "RSA"
      },
      "StatusCode": 200,
      "ResponseHeaders": {
        "Cache-Control": "no-cache",
        "Content-Length": "714",
        "Content-Type": "application/json; charset=utf-8",
        "Date": "Wed, 16 Nov 2022 06:30:26 GMT",
        "Expires": "-1",
        "Pragma": "no-cache",
        "Strict-Transport-Security": "max-age=31536000;includeSubDomains",
        "X-Content-Type-Options": "nosniff",
        "x-ms-keyvault-network-info": "conn_type=Ipv4;addr=172.92.159.124;act_addr_fam=InterNetwork;",
        "x-ms-keyvault-rbac-assignment-id": "db385ea4-950d-56fa-a9aa-1e0e65cc4b68",
        "x-ms-keyvault-rbac-cache": "ra_age=639;da_age=1023;rd_age=1023;brd_age=10402;ra_notif_age=931;dec_lev=1;",
        "x-ms-keyvault-region": "canadacentral",
        "x-ms-keyvault-service-version": "1.9.576.1"
      },
      "ResponseBody": {
        "key": {
          "kid": "https://vaultname.vault.azure.net/keys/livekvtestkey54f32b67/fa53cfbe3e4d4e34848354f67a75c07a",
          "kty": "RSA",
          "key_ops": [
            "encrypt",
            "decrypt",
            "sign",
            "verify",
            "wrapKey",
            "unwrapKey"
          ],
          "n": "zpbY0hE2ap-Mc0fzE6aOstvEviOnTOx79qU3Rsp3mC1FafPhW1QtvmwJk-DSQBMOFzrPJ-pPcYD_Zkr56H_k6KXk9PoPzE8CwfXUerNrfZogm2Il6k6qZfm0ZuuvQa8RyR6iCUm22Trqf5O_les7pkutFR3BN6j7Nm1NttmLQ2MMbVn2YQrvyrFeMbxWjNxdLDzOcdCK-vkIHBj_bT0trQFqEWShvWM6N24CLWnwZ_7N9wKDKEQPWKGnp1jsEHAvtuwL0xxa5bp3PxtE4vxyj5HZlrQHDZydfiDKD0ghdBgrtqA7m7HOVrh0jrxYDBR28rLz_GlygCjVqlE2HqzR3Q",
          "e": "AQAB"
        },
        "attributes": {
          "enabled": true,
          "created": 1668580227,
          "updated": 1668580227,
          "recoveryLevel": "CustomizedRecoverable\u002BPurgeable",
          "recoverableDays": 7,
          "exportable": false
        }
      }
    },
    {
      "RequestUri": "https://vaultname.vault.azure.net/keys/livekvtestkey64f32b67/create?api-version=7.4-preview.1",
      "RequestMethod": "POST",
      "RequestHeaders": {
        "Accept": "application/json",
        "Accept-Encoding": "gzip, deflate",
        "Content-Length": "14",
        "Content-Type": "application/json",
        "User-Agent": "azsdk-python-keyvault-keys/4.8.0b2 Python/3.10.0 (Windows-10-10.0.22621-SP0)"
      },
      "RequestBody": {
        "kty": "RSA"
      },
      "StatusCode": 200,
      "ResponseHeaders": {
        "Cache-Control": "no-cache",
        "Content-Length": "714",
        "Content-Type": "application/json; charset=utf-8",
        "Date": "Wed, 16 Nov 2022 06:30:30 GMT",
        "Expires": "-1",
        "Pragma": "no-cache",
        "Strict-Transport-Security": "max-age=31536000;includeSubDomains",
        "X-Content-Type-Options": "nosniff",
        "x-ms-keyvault-network-info": "conn_type=Ipv4;addr=172.92.159.124;act_addr_fam=InterNetwork;",
        "x-ms-keyvault-rbac-assignment-id": "db385ea4-950d-56fa-a9aa-1e0e65cc4b68",
        "x-ms-keyvault-rbac-cache": "ra_age=642;da_age=1026;rd_age=1026;brd_age=10404;ra_notif_age=933;dec_lev=1;",
        "x-ms-keyvault-region": "canadacentral",
        "x-ms-keyvault-service-version": "1.9.576.1"
      },
      "ResponseBody": {
        "key": {
          "kid": "https://vaultname.vault.azure.net/keys/livekvtestkey64f32b67/2fa62800ca61412583d12e90b10eb9a5",
          "kty": "RSA",
          "key_ops": [
            "encrypt",
            "decrypt",
            "sign",
            "verify",
            "wrapKey",
            "unwrapKey"
          ],
          "n": "qcked4ccJMm36_XEWlDm9ZMUhlD0nFevG4TcydBpflZUBe39Ii2SNo97gntx1u7UoSiQ0yYACIaOpNBNocT59du13xnF9Tehyz4DZGAPBt9Q83yqyFKkWVMpWQ3UzNlAjyrk9dK3cWLKbSEIDeMz2Kx32HEattM7N5OgqIJGx6tISumrjdLnuDuJD1Y6nSJVeymtSnpusr1yH5fXYLS3KORALuwqm8cab0Dfea_DB8Y4Bcv_cVXyfkBw1wRHojolp_MBeVzoZ_xTX2i-xmuhSeqO5vnF2cVPk36NDny_hmYhg50YkgLeJLm-9oWqrS6gECdHItAWWs8nZ36BgxW-qQ",
          "e": "AQAB"
        },
        "attributes": {
          "enabled": true,
          "created": 1668580229,
          "updated": 1668580229,
          "recoveryLevel": "CustomizedRecoverable\u002BPurgeable",
          "recoverableDays": 7,
          "exportable": false
        }
      }
    },
    {
      "RequestUri": "https://vaultname.vault.azure.net/keys/livekvtestkey04f32b67?api-version=7.4-preview.1",
      "RequestMethod": "DELETE",
      "RequestHeaders": {
        "Accept": "application/json",
        "Accept-Encoding": "gzip, deflate",
        "Content-Length": "0",
        "User-Agent": "azsdk-python-keyvault-keys/4.8.0b2 Python/3.10.0 (Windows-10-10.0.22621-SP0)"
      },
      "RequestBody": null,
      "StatusCode": 200,
      "ResponseHeaders": {
        "Cache-Control": "no-cache",
        "Content-Length": "854",
        "Content-Type": "application/json; charset=utf-8",
        "Date": "Wed, 16 Nov 2022 06:30:30 GMT",
        "Expires": "-1",
        "Pragma": "no-cache",
        "Strict-Transport-Security": "max-age=31536000;includeSubDomains",
        "X-Content-Type-Options": "nosniff",
        "x-ms-keyvault-network-info": "conn_type=Ipv4;addr=172.92.159.124;act_addr_fam=InterNetwork;",
        "x-ms-keyvault-rbac-assignment-id": "db385ea4-950d-56fa-a9aa-1e0e65cc4b68",
        "x-ms-keyvault-rbac-cache": "ra_age=642;da_age=1026;rd_age=1026;brd_age=10404;ra_notif_age=933;dec_lev=1;",
        "x-ms-keyvault-region": "canadacentral",
        "x-ms-keyvault-service-version": "1.9.576.1"
      },
      "ResponseBody": {
        "recoveryId": "https://vaultname.vault.azure.net/deletedkeys/livekvtestkey04f32b67",
        "deletedDate": 1668580230,
        "scheduledPurgeDate": 1669185030,
        "key": {
          "kid": "https://vaultname.vault.azure.net/keys/livekvtestkey04f32b67/e96331014c00455fa3a42e4d3a526777",
          "kty": "RSA",
          "key_ops": [
            "encrypt",
            "decrypt",
            "sign",
            "verify",
            "wrapKey",
            "unwrapKey"
          ],
          "n": "sZ0ZbIXFgE2FReJ9LqxuLQ30mdfBZ6Y_CNSXZq9Lv5Vvbo4OxBGxaYpSruVS3XjvJKfCf30Z2CiePnaWobIGo7ChEgp3-_t-GWwahJ0ep3Z3Ha5kwjYM8UMd7upqxEjHhX_hHHz7gvDNa5FcEMMPIbZqVDzt5qOxT-oglDs6vpa6x4LKqEndzzvgw_bVpY0fYabkOlGXfZTu2-KC--FSozmSoenZQyEENqpp1cCKBpN-wLpOEOrinD7zLQwejGLIy_GD4nL-Ut6cYArPktDWp_b4F7SNsP9yo0MBzMgnUBzFdvCJCDF_ugTJVPjbIQxskxexdAxCq0DpPTTKE861mQ",
          "e": "AQAB"
        },
        "attributes": {
          "enabled": true,
          "created": 1668580216,
          "updated": 1668580216,
          "recoveryLevel": "CustomizedRecoverable\u002BPurgeable",
          "recoverableDays": 7,
          "exportable": false
        }
      }
    },
    {
      "RequestUri": "https://vaultname.vault.azure.net/deletedkeys/livekvtestkey04f32b67?api-version=7.4-preview.1",
      "RequestMethod": "GET",
      "RequestHeaders": {
        "Accept": "application/json",
        "Accept-Encoding": "gzip, deflate",
        "User-Agent": "azsdk-python-keyvault-keys/4.8.0b2 Python/3.10.0 (Windows-10-10.0.22621-SP0)"
      },
      "RequestBody": null,
      "StatusCode": 404,
      "ResponseHeaders": {
        "Cache-Control": "no-cache",
        "Content-Length": "89",
        "Content-Type": "application/json; charset=utf-8",
        "Date": "Wed, 16 Nov 2022 06:30:30 GMT",
        "Expires": "-1",
        "Pragma": "no-cache",
        "Strict-Transport-Security": "max-age=31536000;includeSubDomains",
        "X-Content-Type-Options": "nosniff",
        "x-ms-keyvault-network-info": "conn_type=Ipv4;addr=172.92.159.124;act_addr_fam=InterNetwork;",
        "x-ms-keyvault-rbac-assignment-id": "db385ea4-950d-56fa-a9aa-1e0e65cc4b68",
        "x-ms-keyvault-rbac-cache": "ra_age=642;da_age=1026;rd_age=1026;brd_age=10404;ra_notif_age=933;dec_lev=1;",
        "x-ms-keyvault-region": "canadacentral",
        "x-ms-keyvault-service-version": "1.9.576.1"
      },
      "ResponseBody": {
        "error": {
          "code": "KeyNotFound",
          "message": "Deleted Key not found: livekvtestkey04f32b67"
        }
      }
    },
    {
      "RequestUri": "https://vaultname.vault.azure.net/deletedkeys/livekvtestkey04f32b67?api-version=7.4-preview.1",
      "RequestMethod": "GET",
      "RequestHeaders": {
        "Accept": "application/json",
        "Accept-Encoding": "gzip, deflate",
        "User-Agent": "azsdk-python-keyvault-keys/4.8.0b2 Python/3.10.0 (Windows-10-10.0.22621-SP0)"
      },
      "RequestBody": null,
      "StatusCode": 200,
      "ResponseHeaders": {
        "Cache-Control": "no-cache",
        "Content-Length": "854",
        "Content-Type": "application/json; charset=utf-8",
        "Date": "Wed, 16 Nov 2022 06:30:32 GMT",
        "Expires": "-1",
        "Pragma": "no-cache",
        "Strict-Transport-Security": "max-age=31536000;includeSubDomains",
        "X-Content-Type-Options": "nosniff",
        "x-ms-keyvault-network-info": "conn_type=Ipv4;addr=172.92.159.124;act_addr_fam=InterNetwork;",
        "x-ms-keyvault-rbac-assignment-id": "db385ea4-950d-56fa-a9aa-1e0e65cc4b68",
        "x-ms-keyvault-rbac-cache": "ra_age=644;da_age=1028;rd_age=1028;brd_age=10406;ra_notif_age=936;dec_lev=0;",
        "x-ms-keyvault-region": "canadacentral",
        "x-ms-keyvault-service-version": "1.9.576.1"
      },
      "ResponseBody": {
        "recoveryId": "https://vaultname.vault.azure.net/deletedkeys/livekvtestkey04f32b67",
        "deletedDate": 1668580230,
        "scheduledPurgeDate": 1669185030,
        "key": {
          "kid": "https://vaultname.vault.azure.net/keys/livekvtestkey04f32b67/e96331014c00455fa3a42e4d3a526777",
          "kty": "RSA",
          "key_ops": [
            "encrypt",
            "decrypt",
            "sign",
            "verify",
            "wrapKey",
            "unwrapKey"
          ],
          "n": "sZ0ZbIXFgE2FReJ9LqxuLQ30mdfBZ6Y_CNSXZq9Lv5Vvbo4OxBGxaYpSruVS3XjvJKfCf30Z2CiePnaWobIGo7ChEgp3-_t-GWwahJ0ep3Z3Ha5kwjYM8UMd7upqxEjHhX_hHHz7gvDNa5FcEMMPIbZqVDzt5qOxT-oglDs6vpa6x4LKqEndzzvgw_bVpY0fYabkOlGXfZTu2-KC--FSozmSoenZQyEENqpp1cCKBpN-wLpOEOrinD7zLQwejGLIy_GD4nL-Ut6cYArPktDWp_b4F7SNsP9yo0MBzMgnUBzFdvCJCDF_ugTJVPjbIQxskxexdAxCq0DpPTTKE861mQ",
          "e": "AQAB"
        },
        "attributes": {
          "enabled": true,
          "created": 1668580216,
          "updated": 1668580216,
          "recoveryLevel": "CustomizedRecoverable\u002BPurgeable",
          "recoverableDays": 7,
          "exportable": false
        }
      }
    },
    {
      "RequestUri": "https://vaultname.vault.azure.net/keys/livekvtestkey14f32b67?api-version=7.4-preview.1",
      "RequestMethod": "DELETE",
      "RequestHeaders": {
        "Accept": "application/json",
        "Accept-Encoding": "gzip, deflate",
        "Content-Length": "0",
        "User-Agent": "azsdk-python-keyvault-keys/4.8.0b2 Python/3.10.0 (Windows-10-10.0.22621-SP0)"
      },
      "RequestBody": null,
      "StatusCode": 200,
      "ResponseHeaders": {
        "Cache-Control": "no-cache",
        "Content-Length": "854",
        "Content-Type": "application/json; charset=utf-8",
        "Date": "Wed, 16 Nov 2022 06:30:32 GMT",
        "Expires": "-1",
        "Pragma": "no-cache",
        "Strict-Transport-Security": "max-age=31536000;includeSubDomains",
        "X-Content-Type-Options": "nosniff",
        "x-ms-keyvault-network-info": "conn_type=Ipv4;addr=172.92.159.124;act_addr_fam=InterNetwork;",
        "x-ms-keyvault-rbac-assignment-id": "db385ea4-950d-56fa-a9aa-1e0e65cc4b68",
        "x-ms-keyvault-rbac-cache": "ra_age=644;da_age=1028;rd_age=1028;brd_age=10406;ra_notif_age=936;dec_lev=1;",
        "x-ms-keyvault-region": "canadacentral",
        "x-ms-keyvault-service-version": "1.9.576.1"
      },
      "ResponseBody": {
        "recoveryId": "https://vaultname.vault.azure.net/deletedkeys/livekvtestkey14f32b67",
        "deletedDate": 1668580232,
        "scheduledPurgeDate": 1669185032,
        "key": {
          "kid": "https://vaultname.vault.azure.net/keys/livekvtestkey14f32b67/e89208b4cddf407b81a539173844bbca",
          "kty": "RSA",
          "key_ops": [
            "encrypt",
            "decrypt",
            "sign",
            "verify",
            "wrapKey",
            "unwrapKey"
          ],
          "n": "vAGVbgCPK0iXlekQYlULm9psDINqLYm8-6kRLeI2QCrj_ZJCiA0FQUgDLXi-2wDLbrwmslpn3dSzqrc3QJrUO3L83kKvDiWA00Z1RJEMRpSZqU5taOsIB4IXeEWnvG90qMJsIbhA5D6OhKdLQDIFaoxU1UGV6w0RDUAXc25jcVA0iUbA5l302s9rUq4_TaYsImYRgkrLj3WheZARKI_5UC84mZL29ON56ui5T2tpkJpXyULcEAHRS2AR_oYOrmWIDkEiEVQO1kzeGROLN4KbMWVsQQJ31vUFc7T88C7sN1VN3zAe1hNkJcoodk5qYZ0zADQAg162kfUV7lSNasilMQ",
          "e": "AQAB"
        },
        "attributes": {
          "enabled": true,
          "created": 1668580218,
          "updated": 1668580218,
          "recoveryLevel": "CustomizedRecoverable\u002BPurgeable",
          "recoverableDays": 7,
          "exportable": false
        }
      }
    },
    {
      "RequestUri": "https://vaultname.vault.azure.net/deletedkeys/livekvtestkey14f32b67?api-version=7.4-preview.1",
      "RequestMethod": "GET",
      "RequestHeaders": {
        "Accept": "application/json",
        "Accept-Encoding": "gzip, deflate",
        "User-Agent": "azsdk-python-keyvault-keys/4.8.0b2 Python/3.10.0 (Windows-10-10.0.22621-SP0)"
      },
      "RequestBody": null,
      "StatusCode": 404,
      "ResponseHeaders": {
        "Cache-Control": "no-cache",
        "Content-Length": "89",
        "Content-Type": "application/json; charset=utf-8",
        "Date": "Wed, 16 Nov 2022 06:30:32 GMT",
        "Expires": "-1",
        "Pragma": "no-cache",
        "Strict-Transport-Security": "max-age=31536000;includeSubDomains",
        "X-Content-Type-Options": "nosniff",
        "x-ms-keyvault-network-info": "conn_type=Ipv4;addr=172.92.159.124;act_addr_fam=InterNetwork;",
        "x-ms-keyvault-rbac-assignment-id": "db385ea4-950d-56fa-a9aa-1e0e65cc4b68",
        "x-ms-keyvault-rbac-cache": "ra_age=644;da_age=1029;rd_age=1029;brd_age=10407;ra_notif_age=936;dec_lev=1;",
        "x-ms-keyvault-region": "canadacentral",
        "x-ms-keyvault-service-version": "1.9.576.1"
      },
      "ResponseBody": {
        "error": {
          "code": "KeyNotFound",
          "message": "Deleted Key not found: livekvtestkey14f32b67"
        }
      }
    },
    {
      "RequestUri": "https://vaultname.vault.azure.net/deletedkeys/livekvtestkey14f32b67?api-version=7.4-preview.1",
      "RequestMethod": "GET",
      "RequestHeaders": {
        "Accept": "application/json",
        "Accept-Encoding": "gzip, deflate",
        "User-Agent": "azsdk-python-keyvault-keys/4.8.0b2 Python/3.10.0 (Windows-10-10.0.22621-SP0)"
      },
      "RequestBody": null,
      "StatusCode": 404,
      "ResponseHeaders": {
        "Cache-Control": "no-cache",
        "Content-Length": "89",
        "Content-Type": "application/json; charset=utf-8",
        "Date": "Wed, 16 Nov 2022 06:30:34 GMT",
        "Expires": "-1",
        "Pragma": "no-cache",
        "Strict-Transport-Security": "max-age=31536000;includeSubDomains",
        "X-Content-Type-Options": "nosniff",
        "x-ms-keyvault-network-info": "conn_type=Ipv4;addr=172.92.159.124;act_addr_fam=InterNetwork;",
        "x-ms-keyvault-rbac-assignment-id": "db385ea4-950d-56fa-a9aa-1e0e65cc4b68",
        "x-ms-keyvault-rbac-cache": "ra_age=647;da_age=1031;rd_age=1031;brd_age=10409;ra_notif_age=938;dec_lev=0;",
        "x-ms-keyvault-region": "canadacentral",
        "x-ms-keyvault-service-version": "1.9.576.1"
      },
      "ResponseBody": {
        "error": {
          "code": "KeyNotFound",
          "message": "Deleted Key not found: livekvtestkey14f32b67"
        }
      }
    },
    {
      "RequestUri": "https://vaultname.vault.azure.net/deletedkeys/livekvtestkey14f32b67?api-version=7.4-preview.1",
      "RequestMethod": "GET",
      "RequestHeaders": {
        "Accept": "application/json",
        "Accept-Encoding": "gzip, deflate",
        "User-Agent": "azsdk-python-keyvault-keys/4.8.0b2 Python/3.10.0 (Windows-10-10.0.22621-SP0)"
      },
      "RequestBody": null,
      "StatusCode": 200,
      "ResponseHeaders": {
        "Cache-Control": "no-cache",
        "Content-Length": "854",
        "Content-Type": "application/json; charset=utf-8",
        "Date": "Wed, 16 Nov 2022 06:30:36 GMT",
        "Expires": "-1",
        "Pragma": "no-cache",
        "Strict-Transport-Security": "max-age=31536000;includeSubDomains",
        "X-Content-Type-Options": "nosniff",
        "x-ms-keyvault-network-info": "conn_type=Ipv4;addr=172.92.159.124;act_addr_fam=InterNetwork;",
        "x-ms-keyvault-rbac-assignment-id": "db385ea4-950d-56fa-a9aa-1e0e65cc4b68",
        "x-ms-keyvault-rbac-cache": "ra_age=649;da_age=1033;rd_age=1033;brd_age=10411;ra_notif_age=940;dec_lev=0;",
        "x-ms-keyvault-region": "canadacentral",
        "x-ms-keyvault-service-version": "1.9.576.1"
      },
      "ResponseBody": {
        "recoveryId": "https://vaultname.vault.azure.net/deletedkeys/livekvtestkey14f32b67",
        "deletedDate": 1668580232,
        "scheduledPurgeDate": 1669185032,
        "key": {
          "kid": "https://vaultname.vault.azure.net/keys/livekvtestkey14f32b67/e89208b4cddf407b81a539173844bbca",
          "kty": "RSA",
          "key_ops": [
            "encrypt",
            "decrypt",
            "sign",
            "verify",
            "wrapKey",
            "unwrapKey"
          ],
          "n": "vAGVbgCPK0iXlekQYlULm9psDINqLYm8-6kRLeI2QCrj_ZJCiA0FQUgDLXi-2wDLbrwmslpn3dSzqrc3QJrUO3L83kKvDiWA00Z1RJEMRpSZqU5taOsIB4IXeEWnvG90qMJsIbhA5D6OhKdLQDIFaoxU1UGV6w0RDUAXc25jcVA0iUbA5l302s9rUq4_TaYsImYRgkrLj3WheZARKI_5UC84mZL29ON56ui5T2tpkJpXyULcEAHRS2AR_oYOrmWIDkEiEVQO1kzeGROLN4KbMWVsQQJ31vUFc7T88C7sN1VN3zAe1hNkJcoodk5qYZ0zADQAg162kfUV7lSNasilMQ",
          "e": "AQAB"
        },
        "attributes": {
          "enabled": true,
          "created": 1668580218,
          "updated": 1668580218,
          "recoveryLevel": "CustomizedRecoverable\u002BPurgeable",
          "recoverableDays": 7,
          "exportable": false
        }
      }
    },
    {
      "RequestUri": "https://vaultname.vault.azure.net/keys/livekvtestkey24f32b67?api-version=7.4-preview.1",
      "RequestMethod": "DELETE",
      "RequestHeaders": {
        "Accept": "application/json",
        "Accept-Encoding": "gzip, deflate",
        "Content-Length": "0",
        "User-Agent": "azsdk-python-keyvault-keys/4.8.0b2 Python/3.10.0 (Windows-10-10.0.22621-SP0)"
      },
      "RequestBody": null,
      "StatusCode": 200,
      "ResponseHeaders": {
        "Cache-Control": "no-cache",
        "Content-Length": "854",
        "Content-Type": "application/json; charset=utf-8",
        "Date": "Wed, 16 Nov 2022 06:30:36 GMT",
        "Expires": "-1",
        "Pragma": "no-cache",
        "Strict-Transport-Security": "max-age=31536000;includeSubDomains",
        "X-Content-Type-Options": "nosniff",
        "x-ms-keyvault-network-info": "conn_type=Ipv4;addr=172.92.159.124;act_addr_fam=InterNetwork;",
        "x-ms-keyvault-rbac-assignment-id": "db385ea4-950d-56fa-a9aa-1e0e65cc4b68",
        "x-ms-keyvault-rbac-cache": "ra_age=649;da_age=1033;rd_age=1033;brd_age=10411;ra_notif_age=940;dec_lev=1;",
        "x-ms-keyvault-region": "canadacentral",
        "x-ms-keyvault-service-version": "1.9.576.1"
      },
      "ResponseBody": {
        "recoveryId": "https://vaultname.vault.azure.net/deletedkeys/livekvtestkey24f32b67",
        "deletedDate": 1668580237,
        "scheduledPurgeDate": 1669185037,
        "key": {
          "kid": "https://vaultname.vault.azure.net/keys/livekvtestkey24f32b67/72a1fcb683b649e5b4ae0e043e2d82b4",
          "kty": "RSA",
          "key_ops": [
            "encrypt",
            "decrypt",
            "sign",
            "verify",
            "wrapKey",
            "unwrapKey"
          ],
          "n": "5VqGgBx0ksFjFkgDcpC8SAXwI_TJUifJodFcsLySZk3EjnkOPAbRj5rZRKR8JfW7K45GvFKdCl_3hmmf_TKe_pYionay82IjfYdacE2nNgc9rnrrErDKwFn7WE8wBwaTtmQ-MY26r4OAjy9bDsq6_Y6kSGpoo_TizWUxBDBKMBxhaTewMdxiK3uJ3Z4p0Ywcv_IAac6H5AmqKnV4lrjgwsM5gqnetx9MF6YcfSf2hTfANg4UxXJ9r64ZO60TRNlsIt8PxQXHhi40qCx_rA-f2vN7VohVc06YQNRO_fL1jOr7OjJbCRx77iac1343qnn-YRCZJ2HgOwTFNcbNzqqkNQ",
          "e": "AQAB"
        },
        "attributes": {
          "enabled": true,
          "created": 1668580220,
          "updated": 1668580220,
          "recoveryLevel": "CustomizedRecoverable\u002BPurgeable",
          "recoverableDays": 7,
          "exportable": false
        }
      }
    },
    {
      "RequestUri": "https://vaultname.vault.azure.net/deletedkeys/livekvtestkey24f32b67?api-version=7.4-preview.1",
      "RequestMethod": "GET",
      "RequestHeaders": {
        "Accept": "application/json",
        "Accept-Encoding": "gzip, deflate",
        "User-Agent": "azsdk-python-keyvault-keys/4.8.0b2 Python/3.10.0 (Windows-10-10.0.22621-SP0)"
      },
      "RequestBody": null,
      "StatusCode": 404,
      "ResponseHeaders": {
        "Cache-Control": "no-cache",
        "Content-Length": "89",
        "Content-Type": "application/json; charset=utf-8",
        "Date": "Wed, 16 Nov 2022 06:30:37 GMT",
        "Expires": "-1",
        "Pragma": "no-cache",
        "Strict-Transport-Security": "max-age=31536000;includeSubDomains",
        "X-Content-Type-Options": "nosniff",
        "x-ms-keyvault-network-info": "conn_type=Ipv4;addr=172.92.159.124;act_addr_fam=InterNetwork;",
        "x-ms-keyvault-rbac-assignment-id": "db385ea4-950d-56fa-a9aa-1e0e65cc4b68",
        "x-ms-keyvault-rbac-cache": "ra_age=649;da_age=1033;rd_age=1033;brd_age=10411;ra_notif_age=940;dec_lev=1;",
        "x-ms-keyvault-region": "canadacentral",
        "x-ms-keyvault-service-version": "1.9.576.1"
      },
      "ResponseBody": {
        "error": {
          "code": "KeyNotFound",
          "message": "Deleted Key not found: livekvtestkey24f32b67"
        }
      }
    },
    {
      "RequestUri": "https://vaultname.vault.azure.net/deletedkeys/livekvtestkey24f32b67?api-version=7.4-preview.1",
      "RequestMethod": "GET",
      "RequestHeaders": {
        "Accept": "application/json",
        "Accept-Encoding": "gzip, deflate",
        "User-Agent": "azsdk-python-keyvault-keys/4.8.0b2 Python/3.10.0 (Windows-10-10.0.22621-SP0)"
      },
      "RequestBody": null,
      "StatusCode": 404,
      "ResponseHeaders": {
        "Cache-Control": "no-cache",
        "Content-Length": "89",
        "Content-Type": "application/json; charset=utf-8",
        "Date": "Wed, 16 Nov 2022 06:30:39 GMT",
        "Expires": "-1",
        "Pragma": "no-cache",
        "Strict-Transport-Security": "max-age=31536000;includeSubDomains",
        "X-Content-Type-Options": "nosniff",
        "x-ms-keyvault-network-info": "conn_type=Ipv4;addr=172.92.159.124;act_addr_fam=InterNetwork;",
        "x-ms-keyvault-rbac-assignment-id": "db385ea4-950d-56fa-a9aa-1e0e65cc4b68",
        "x-ms-keyvault-rbac-cache": "ra_age=651;da_age=1035;rd_age=1035;brd_age=10413;ra_notif_age=942;dec_lev=0;",
        "x-ms-keyvault-region": "canadacentral",
        "x-ms-keyvault-service-version": "1.9.576.1"
      },
      "ResponseBody": {
        "error": {
          "code": "KeyNotFound",
          "message": "Deleted Key not found: livekvtestkey24f32b67"
        }
      }
    },
    {
      "RequestUri": "https://vaultname.vault.azure.net/deletedkeys/livekvtestkey24f32b67?api-version=7.4-preview.1",
      "RequestMethod": "GET",
      "RequestHeaders": {
        "Accept": "application/json",
        "Accept-Encoding": "gzip, deflate",
        "User-Agent": "azsdk-python-keyvault-keys/4.8.0b2 Python/3.10.0 (Windows-10-10.0.22621-SP0)"
      },
      "RequestBody": null,
      "StatusCode": 404,
      "ResponseHeaders": {
        "Cache-Control": "no-cache",
        "Content-Length": "89",
        "Content-Type": "application/json; charset=utf-8",
        "Date": "Wed, 16 Nov 2022 06:30:41 GMT",
        "Expires": "-1",
        "Pragma": "no-cache",
        "Strict-Transport-Security": "max-age=31536000;includeSubDomains",
        "X-Content-Type-Options": "nosniff",
        "x-ms-keyvault-network-info": "conn_type=Ipv4;addr=172.92.159.124;act_addr_fam=InterNetwork;",
        "x-ms-keyvault-rbac-assignment-id": "db385ea4-950d-56fa-a9aa-1e0e65cc4b68",
        "x-ms-keyvault-rbac-cache": "ra_age=653;da_age=1037;rd_age=1037;brd_age=10415;ra_notif_age=945;dec_lev=0;",
        "x-ms-keyvault-region": "canadacentral",
        "x-ms-keyvault-service-version": "1.9.576.1"
      },
      "ResponseBody": {
        "error": {
          "code": "KeyNotFound",
          "message": "Deleted Key not found: livekvtestkey24f32b67"
        }
      }
    },
    {
      "RequestUri": "https://vaultname.vault.azure.net/deletedkeys/livekvtestkey24f32b67?api-version=7.4-preview.1",
      "RequestMethod": "GET",
      "RequestHeaders": {
        "Accept": "application/json",
        "Accept-Encoding": "gzip, deflate",
        "User-Agent": "azsdk-python-keyvault-keys/4.8.0b2 Python/3.10.0 (Windows-10-10.0.22621-SP0)"
      },
      "RequestBody": null,
      "StatusCode": 200,
      "ResponseHeaders": {
        "Cache-Control": "no-cache",
        "Content-Length": "854",
        "Content-Type": "application/json; charset=utf-8",
        "Date": "Wed, 16 Nov 2022 06:30:43 GMT",
        "Expires": "-1",
        "Pragma": "no-cache",
        "Strict-Transport-Security": "max-age=31536000;includeSubDomains",
        "X-Content-Type-Options": "nosniff",
        "x-ms-keyvault-network-info": "conn_type=Ipv4;addr=172.92.159.124;act_addr_fam=InterNetwork;",
        "x-ms-keyvault-rbac-assignment-id": "db385ea4-950d-56fa-a9aa-1e0e65cc4b68",
        "x-ms-keyvault-rbac-cache": "ra_age=655;da_age=1039;rd_age=1039;brd_age=10417;ra_notif_age=947;dec_lev=0;",
        "x-ms-keyvault-region": "canadacentral",
        "x-ms-keyvault-service-version": "1.9.576.1"
      },
      "ResponseBody": {
        "recoveryId": "https://vaultname.vault.azure.net/deletedkeys/livekvtestkey24f32b67",
        "deletedDate": 1668580237,
        "scheduledPurgeDate": 1669185037,
        "key": {
          "kid": "https://vaultname.vault.azure.net/keys/livekvtestkey24f32b67/72a1fcb683b649e5b4ae0e043e2d82b4",
          "kty": "RSA",
          "key_ops": [
            "encrypt",
            "decrypt",
            "sign",
            "verify",
            "wrapKey",
            "unwrapKey"
          ],
          "n": "5VqGgBx0ksFjFkgDcpC8SAXwI_TJUifJodFcsLySZk3EjnkOPAbRj5rZRKR8JfW7K45GvFKdCl_3hmmf_TKe_pYionay82IjfYdacE2nNgc9rnrrErDKwFn7WE8wBwaTtmQ-MY26r4OAjy9bDsq6_Y6kSGpoo_TizWUxBDBKMBxhaTewMdxiK3uJ3Z4p0Ywcv_IAac6H5AmqKnV4lrjgwsM5gqnetx9MF6YcfSf2hTfANg4UxXJ9r64ZO60TRNlsIt8PxQXHhi40qCx_rA-f2vN7VohVc06YQNRO_fL1jOr7OjJbCRx77iac1343qnn-YRCZJ2HgOwTFNcbNzqqkNQ",
          "e": "AQAB"
        },
        "attributes": {
          "enabled": true,
          "created": 1668580220,
          "updated": 1668580220,
          "recoveryLevel": "CustomizedRecoverable\u002BPurgeable",
          "recoverableDays": 7,
          "exportable": false
        }
      }
    },
    {
      "RequestUri": "https://vaultname.vault.azure.net/keys/livekvtestkey34f32b67?api-version=7.4-preview.1",
      "RequestMethod": "DELETE",
      "RequestHeaders": {
        "Accept": "application/json",
        "Accept-Encoding": "gzip, deflate",
        "Content-Length": "0",
        "User-Agent": "azsdk-python-keyvault-keys/4.8.0b2 Python/3.10.0 (Windows-10-10.0.22621-SP0)"
      },
      "RequestBody": null,
      "StatusCode": 200,
      "ResponseHeaders": {
        "Cache-Control": "no-cache",
        "Content-Length": "854",
        "Content-Type": "application/json; charset=utf-8",
        "Date": "Wed, 16 Nov 2022 06:30:43 GMT",
        "Expires": "-1",
        "Pragma": "no-cache",
        "Strict-Transport-Security": "max-age=31536000;includeSubDomains",
        "X-Content-Type-Options": "nosniff",
        "x-ms-keyvault-network-info": "conn_type=Ipv4;addr=172.92.159.124;act_addr_fam=InterNetwork;",
        "x-ms-keyvault-rbac-assignment-id": "db385ea4-950d-56fa-a9aa-1e0e65cc4b68",
        "x-ms-keyvault-rbac-cache": "ra_age=655;da_age=1039;rd_age=1039;brd_age=10417;ra_notif_age=947;dec_lev=1;",
        "x-ms-keyvault-region": "canadacentral",
        "x-ms-keyvault-service-version": "1.9.576.1"
      },
      "ResponseBody": {
        "recoveryId": "https://vaultname.vault.azure.net/deletedkeys/livekvtestkey34f32b67",
        "deletedDate": 1668580243,
        "scheduledPurgeDate": 1669185043,
        "key": {
          "kid": "https://vaultname.vault.azure.net/keys/livekvtestkey34f32b67/f3538efedcdd4f73836d74b92a59be46",
          "kty": "RSA",
          "key_ops": [
            "encrypt",
            "decrypt",
            "sign",
            "verify",
            "wrapKey",
            "unwrapKey"
          ],
          "n": "s0W-XpYZZD2a6x7xQW99OweNF9x2S-Fm0dbGviMij1LX-0wHcDfvzg_YIjcdPYl3FPVhUByaPXEBxH0Va8GsFVs81x0DSklNlkp0pzwG44xeD2kabzNsU7wpdOsAhA7bnCO_TGwYxnRCpThFBee48AzIbz42mRWTX-ZgU0t8bcRyIdbouIrLB5Td0U2fH12XRtmJoVMyE88TFVsInOVs7Ra97c3ABAzhbHfAw5Cyl9s9HOUdt9vX__-Mh4OXLgRKEFGPwCoAeG2rFU1WmY_f9yVjfUwWkRFJ3VSgjk9pnw-7rh0yWlgw7kOB8cfxFvLXzUiNOsHndcqIK0TYtApnTQ",
          "e": "AQAB"
        },
        "attributes": {
          "enabled": true,
          "created": 1668580223,
          "updated": 1668580223,
          "recoveryLevel": "CustomizedRecoverable\u002BPurgeable",
          "recoverableDays": 7,
          "exportable": false
        }
      }
    },
    {
      "RequestUri": "https://vaultname.vault.azure.net/deletedkeys/livekvtestkey34f32b67?api-version=7.4-preview.1",
      "RequestMethod": "GET",
      "RequestHeaders": {
        "Accept": "application/json",
        "Accept-Encoding": "gzip, deflate",
        "User-Agent": "azsdk-python-keyvault-keys/4.8.0b2 Python/3.10.0 (Windows-10-10.0.22621-SP0)"
      },
      "RequestBody": null,
      "StatusCode": 404,
      "ResponseHeaders": {
        "Cache-Control": "no-cache",
        "Content-Length": "89",
        "Content-Type": "application/json; charset=utf-8",
        "Date": "Wed, 16 Nov 2022 06:30:43 GMT",
        "Expires": "-1",
        "Pragma": "no-cache",
        "Strict-Transport-Security": "max-age=31536000;includeSubDomains",
        "X-Content-Type-Options": "nosniff",
        "x-ms-keyvault-network-info": "conn_type=Ipv4;addr=172.92.159.124;act_addr_fam=InterNetwork;",
        "x-ms-keyvault-rbac-assignment-id": "db385ea4-950d-56fa-a9aa-1e0e65cc4b68",
        "x-ms-keyvault-rbac-cache": "ra_age=655;da_age=1040;rd_age=1040;brd_age=10418;ra_notif_age=947;dec_lev=1;",
        "x-ms-keyvault-region": "canadacentral",
        "x-ms-keyvault-service-version": "1.9.576.1"
      },
      "ResponseBody": {
        "error": {
          "code": "KeyNotFound",
          "message": "Deleted Key not found: livekvtestkey34f32b67"
        }
      }
    },
    {
      "RequestUri": "https://vaultname.vault.azure.net/deletedkeys/livekvtestkey34f32b67?api-version=7.4-preview.1",
      "RequestMethod": "GET",
      "RequestHeaders": {
        "Accept": "application/json",
        "Accept-Encoding": "gzip, deflate",
        "User-Agent": "azsdk-python-keyvault-keys/4.8.0b2 Python/3.10.0 (Windows-10-10.0.22621-SP0)"
      },
      "RequestBody": null,
      "StatusCode": 200,
      "ResponseHeaders": {
        "Cache-Control": "no-cache",
        "Content-Length": "854",
        "Content-Type": "application/json; charset=utf-8",
        "Date": "Wed, 16 Nov 2022 06:30:45 GMT",
        "Expires": "-1",
        "Pragma": "no-cache",
        "Strict-Transport-Security": "max-age=31536000;includeSubDomains",
        "X-Content-Type-Options": "nosniff",
        "x-ms-keyvault-network-info": "conn_type=Ipv4;addr=172.92.159.124;act_addr_fam=InterNetwork;",
        "x-ms-keyvault-rbac-assignment-id": "db385ea4-950d-56fa-a9aa-1e0e65cc4b68",
        "x-ms-keyvault-rbac-cache": "ra_age=658;da_age=1042;rd_age=1042;brd_age=10420;ra_notif_age=949;dec_lev=0;",
        "x-ms-keyvault-region": "canadacentral",
        "x-ms-keyvault-service-version": "1.9.576.1"
      },
      "ResponseBody": {
        "recoveryId": "https://vaultname.vault.azure.net/deletedkeys/livekvtestkey34f32b67",
        "deletedDate": 1668580243,
        "scheduledPurgeDate": 1669185043,
        "key": {
          "kid": "https://vaultname.vault.azure.net/keys/livekvtestkey34f32b67/f3538efedcdd4f73836d74b92a59be46",
          "kty": "RSA",
          "key_ops": [
            "encrypt",
            "decrypt",
            "sign",
            "verify",
            "wrapKey",
            "unwrapKey"
          ],
          "n": "s0W-XpYZZD2a6x7xQW99OweNF9x2S-Fm0dbGviMij1LX-0wHcDfvzg_YIjcdPYl3FPVhUByaPXEBxH0Va8GsFVs81x0DSklNlkp0pzwG44xeD2kabzNsU7wpdOsAhA7bnCO_TGwYxnRCpThFBee48AzIbz42mRWTX-ZgU0t8bcRyIdbouIrLB5Td0U2fH12XRtmJoVMyE88TFVsInOVs7Ra97c3ABAzhbHfAw5Cyl9s9HOUdt9vX__-Mh4OXLgRKEFGPwCoAeG2rFU1WmY_f9yVjfUwWkRFJ3VSgjk9pnw-7rh0yWlgw7kOB8cfxFvLXzUiNOsHndcqIK0TYtApnTQ",
          "e": "AQAB"
        },
        "attributes": {
          "enabled": true,
          "created": 1668580223,
          "updated": 1668580223,
          "recoveryLevel": "CustomizedRecoverable\u002BPurgeable",
          "recoverableDays": 7,
          "exportable": false
        }
      }
    },
    {
      "RequestUri": "https://vaultname.vault.azure.net/keys/livekvtestkey44f32b67?api-version=7.4-preview.1",
      "RequestMethod": "DELETE",
      "RequestHeaders": {
        "Accept": "application/json",
        "Accept-Encoding": "gzip, deflate",
        "Content-Length": "0",
        "User-Agent": "azsdk-python-keyvault-keys/4.8.0b2 Python/3.10.0 (Windows-10-10.0.22621-SP0)"
      },
      "RequestBody": null,
      "StatusCode": 200,
      "ResponseHeaders": {
        "Cache-Control": "no-cache",
        "Content-Length": "854",
        "Content-Type": "application/json; charset=utf-8",
        "Date": "Wed, 16 Nov 2022 06:30:45 GMT",
        "Expires": "-1",
        "Pragma": "no-cache",
        "Strict-Transport-Security": "max-age=31536000;includeSubDomains",
        "X-Content-Type-Options": "nosniff",
        "x-ms-keyvault-network-info": "conn_type=Ipv4;addr=172.92.159.124;act_addr_fam=InterNetwork;",
        "x-ms-keyvault-rbac-assignment-id": "db385ea4-950d-56fa-a9aa-1e0e65cc4b68",
        "x-ms-keyvault-rbac-cache": "ra_age=658;da_age=1042;rd_age=1042;brd_age=10420;ra_notif_age=949;dec_lev=1;",
        "x-ms-keyvault-region": "canadacentral",
        "x-ms-keyvault-service-version": "1.9.576.1"
      },
      "ResponseBody": {
        "recoveryId": "https://vaultname.vault.azure.net/deletedkeys/livekvtestkey44f32b67",
        "deletedDate": 1668580246,
        "scheduledPurgeDate": 1669185046,
        "key": {
          "kid": "https://vaultname.vault.azure.net/keys/livekvtestkey44f32b67/3c7174cfc0e14445983c2dc5d379d874",
          "kty": "RSA",
          "key_ops": [
            "encrypt",
            "decrypt",
            "sign",
            "verify",
            "wrapKey",
            "unwrapKey"
          ],
          "n": "vqW-3HsMSbicRIWnlwhCqGze3fdxRPTWkwu7Eebp3z0l_-La6XAJjEiOTK5igvUK0ZQNVCyFJcnBZzfmSLhwFYCOayPFi6dNbUKphfA6xfh7nRu5x12hV30VvQAWUoINBmFZC1ZuZ5k-fCdofMjYH5NG-EKE9Piqt8Px3soeH-06IefxgFxnaH0pOGza-Hgt2txfQ2C1V98mST0OV5FU0HbPPJzsyEN1kt0E0sOXAFeD-_6hpvWJNwV8zhU6TIGXRoBA58dK_HnbxJor2-zVi0ITL-rR_IZM4x1-dseu4CV_VWipNrGe2OdHqDKvu_OaoO_2R_aBJ0ZXJ_bjq5OOAQ",
          "e": "AQAB"
        },
        "attributes": {
          "enabled": true,
          "created": 1668580225,
          "updated": 1668580225,
          "recoveryLevel": "CustomizedRecoverable\u002BPurgeable",
          "recoverableDays": 7,
          "exportable": false
        }
      }
    },
    {
      "RequestUri": "https://vaultname.vault.azure.net/deletedkeys/livekvtestkey44f32b67?api-version=7.4-preview.1",
      "RequestMethod": "GET",
      "RequestHeaders": {
        "Accept": "application/json",
        "Accept-Encoding": "gzip, deflate",
        "User-Agent": "azsdk-python-keyvault-keys/4.8.0b2 Python/3.10.0 (Windows-10-10.0.22621-SP0)"
      },
      "RequestBody": null,
      "StatusCode": 404,
      "ResponseHeaders": {
        "Cache-Control": "no-cache",
        "Content-Length": "89",
        "Content-Type": "application/json; charset=utf-8",
        "Date": "Wed, 16 Nov 2022 06:30:45 GMT",
        "Expires": "-1",
        "Pragma": "no-cache",
        "Strict-Transport-Security": "max-age=31536000;includeSubDomains",
        "X-Content-Type-Options": "nosniff",
        "x-ms-keyvault-network-info": "conn_type=Ipv4;addr=172.92.159.124;act_addr_fam=InterNetwork;",
        "x-ms-keyvault-rbac-assignment-id": "db385ea4-950d-56fa-a9aa-1e0e65cc4b68",
        "x-ms-keyvault-rbac-cache": "ra_age=658;da_age=1042;rd_age=1042;brd_age=10420;ra_notif_age=949;dec_lev=1;",
        "x-ms-keyvault-region": "canadacentral",
        "x-ms-keyvault-service-version": "1.9.576.1"
      },
      "ResponseBody": {
        "error": {
          "code": "KeyNotFound",
          "message": "Deleted Key not found: livekvtestkey44f32b67"
        }
      }
    },
    {
      "RequestUri": "https://vaultname.vault.azure.net/deletedkeys/livekvtestkey44f32b67?api-version=7.4-preview.1",
      "RequestMethod": "GET",
      "RequestHeaders": {
        "Accept": "application/json",
        "Accept-Encoding": "gzip, deflate",
        "User-Agent": "azsdk-python-keyvault-keys/4.8.0b2 Python/3.10.0 (Windows-10-10.0.22621-SP0)"
      },
      "RequestBody": null,
      "StatusCode": 200,
      "ResponseHeaders": {
        "Cache-Control": "no-cache",
        "Content-Length": "854",
        "Content-Type": "application/json; charset=utf-8",
        "Date": "Wed, 16 Nov 2022 06:30:47 GMT",
        "Expires": "-1",
        "Pragma": "no-cache",
        "Strict-Transport-Security": "max-age=31536000;includeSubDomains",
        "X-Content-Type-Options": "nosniff",
        "x-ms-keyvault-network-info": "conn_type=Ipv4;addr=172.92.159.124;act_addr_fam=InterNetwork;",
        "x-ms-keyvault-rbac-assignment-id": "db385ea4-950d-56fa-a9aa-1e0e65cc4b68",
        "x-ms-keyvault-rbac-cache": "ra_age=660;da_age=1044;rd_age=1044;brd_age=10422;ra_notif_age=951;dec_lev=0;",
        "x-ms-keyvault-region": "canadacentral",
        "x-ms-keyvault-service-version": "1.9.576.1"
      },
      "ResponseBody": {
        "recoveryId": "https://vaultname.vault.azure.net/deletedkeys/livekvtestkey44f32b67",
        "deletedDate": 1668580246,
        "scheduledPurgeDate": 1669185046,
        "key": {
          "kid": "https://vaultname.vault.azure.net/keys/livekvtestkey44f32b67/3c7174cfc0e14445983c2dc5d379d874",
          "kty": "RSA",
          "key_ops": [
            "encrypt",
            "decrypt",
            "sign",
            "verify",
            "wrapKey",
            "unwrapKey"
          ],
          "n": "vqW-3HsMSbicRIWnlwhCqGze3fdxRPTWkwu7Eebp3z0l_-La6XAJjEiOTK5igvUK0ZQNVCyFJcnBZzfmSLhwFYCOayPFi6dNbUKphfA6xfh7nRu5x12hV30VvQAWUoINBmFZC1ZuZ5k-fCdofMjYH5NG-EKE9Piqt8Px3soeH-06IefxgFxnaH0pOGza-Hgt2txfQ2C1V98mST0OV5FU0HbPPJzsyEN1kt0E0sOXAFeD-_6hpvWJNwV8zhU6TIGXRoBA58dK_HnbxJor2-zVi0ITL-rR_IZM4x1-dseu4CV_VWipNrGe2OdHqDKvu_OaoO_2R_aBJ0ZXJ_bjq5OOAQ",
          "e": "AQAB"
        },
        "attributes": {
          "enabled": true,
          "created": 1668580225,
          "updated": 1668580225,
          "recoveryLevel": "CustomizedRecoverable\u002BPurgeable",
          "recoverableDays": 7,
          "exportable": false
        }
      }
    },
    {
      "RequestUri": "https://vaultname.vault.azure.net/keys/livekvtestkey54f32b67?api-version=7.4-preview.1",
      "RequestMethod": "DELETE",
      "RequestHeaders": {
        "Accept": "application/json",
        "Accept-Encoding": "gzip, deflate",
        "Content-Length": "0",
        "User-Agent": "azsdk-python-keyvault-keys/4.8.0b2 Python/3.10.0 (Windows-10-10.0.22621-SP0)"
      },
      "RequestBody": null,
      "StatusCode": 200,
      "ResponseHeaders": {
        "Cache-Control": "no-cache",
        "Content-Length": "854",
        "Content-Type": "application/json; charset=utf-8",
        "Date": "Wed, 16 Nov 2022 06:30:48 GMT",
        "Expires": "-1",
        "Pragma": "no-cache",
        "Strict-Transport-Security": "max-age=31536000;includeSubDomains",
        "X-Content-Type-Options": "nosniff",
        "x-ms-keyvault-network-info": "conn_type=Ipv4;addr=172.92.159.124;act_addr_fam=InterNetwork;",
        "x-ms-keyvault-rbac-assignment-id": "db385ea4-950d-56fa-a9aa-1e0e65cc4b68",
        "x-ms-keyvault-rbac-cache": "ra_age=660;da_age=1044;rd_age=1044;brd_age=10422;ra_notif_age=952;dec_lev=1;",
        "x-ms-keyvault-region": "canadacentral",
        "x-ms-keyvault-service-version": "1.9.576.1"
      },
      "ResponseBody": {
        "recoveryId": "https://vaultname.vault.azure.net/deletedkeys/livekvtestkey54f32b67",
        "deletedDate": 1668580248,
        "scheduledPurgeDate": 1669185048,
        "key": {
          "kid": "https://vaultname.vault.azure.net/keys/livekvtestkey54f32b67/fa53cfbe3e4d4e34848354f67a75c07a",
          "kty": "RSA",
          "key_ops": [
            "encrypt",
            "decrypt",
            "sign",
            "verify",
            "wrapKey",
            "unwrapKey"
          ],
          "n": "zpbY0hE2ap-Mc0fzE6aOstvEviOnTOx79qU3Rsp3mC1FafPhW1QtvmwJk-DSQBMOFzrPJ-pPcYD_Zkr56H_k6KXk9PoPzE8CwfXUerNrfZogm2Il6k6qZfm0ZuuvQa8RyR6iCUm22Trqf5O_les7pkutFR3BN6j7Nm1NttmLQ2MMbVn2YQrvyrFeMbxWjNxdLDzOcdCK-vkIHBj_bT0trQFqEWShvWM6N24CLWnwZ_7N9wKDKEQPWKGnp1jsEHAvtuwL0xxa5bp3PxtE4vxyj5HZlrQHDZydfiDKD0ghdBgrtqA7m7HOVrh0jrxYDBR28rLz_GlygCjVqlE2HqzR3Q",
          "e": "AQAB"
        },
        "attributes": {
          "enabled": true,
          "created": 1668580227,
          "updated": 1668580227,
          "recoveryLevel": "CustomizedRecoverable\u002BPurgeable",
          "recoverableDays": 7,
          "exportable": false
        }
      }
    },
    {
      "RequestUri": "https://vaultname.vault.azure.net/deletedkeys/livekvtestkey54f32b67?api-version=7.4-preview.1",
      "RequestMethod": "GET",
      "RequestHeaders": {
        "Accept": "application/json",
        "Accept-Encoding": "gzip, deflate",
        "User-Agent": "azsdk-python-keyvault-keys/4.8.0b2 Python/3.10.0 (Windows-10-10.0.22621-SP0)"
      },
      "RequestBody": null,
      "StatusCode": 404,
      "ResponseHeaders": {
        "Cache-Control": "no-cache",
        "Content-Length": "89",
        "Content-Type": "application/json; charset=utf-8",
        "Date": "Wed, 16 Nov 2022 06:30:48 GMT",
        "Expires": "-1",
        "Pragma": "no-cache",
        "Strict-Transport-Security": "max-age=31536000;includeSubDomains",
        "X-Content-Type-Options": "nosniff",
        "x-ms-keyvault-network-info": "conn_type=Ipv4;addr=172.92.159.124;act_addr_fam=InterNetwork;",
        "x-ms-keyvault-rbac-assignment-id": "db385ea4-950d-56fa-a9aa-1e0e65cc4b68",
        "x-ms-keyvault-rbac-cache": "ra_age=660;da_age=1044;rd_age=1044;brd_age=10422;ra_notif_age=952;dec_lev=1;",
        "x-ms-keyvault-region": "canadacentral",
        "x-ms-keyvault-service-version": "1.9.576.1"
      },
      "ResponseBody": {
        "error": {
          "code": "KeyNotFound",
          "message": "Deleted Key not found: livekvtestkey54f32b67"
        }
      }
    },
    {
      "RequestUri": "https://vaultname.vault.azure.net/deletedkeys/livekvtestkey54f32b67?api-version=7.4-preview.1",
      "RequestMethod": "GET",
      "RequestHeaders": {
        "Accept": "application/json",
        "Accept-Encoding": "gzip, deflate",
        "User-Agent": "azsdk-python-keyvault-keys/4.8.0b2 Python/3.10.0 (Windows-10-10.0.22621-SP0)"
      },
      "RequestBody": null,
      "StatusCode": 200,
      "ResponseHeaders": {
        "Cache-Control": "no-cache",
        "Content-Length": "854",
        "Content-Type": "application/json; charset=utf-8",
        "Date": "Wed, 16 Nov 2022 06:30:50 GMT",
        "Expires": "-1",
        "Pragma": "no-cache",
        "Strict-Transport-Security": "max-age=31536000;includeSubDomains",
        "X-Content-Type-Options": "nosniff",
        "x-ms-keyvault-network-info": "conn_type=Ipv4;addr=172.92.159.124;act_addr_fam=InterNetwork;",
        "x-ms-keyvault-rbac-assignment-id": "db385ea4-950d-56fa-a9aa-1e0e65cc4b68",
        "x-ms-keyvault-rbac-cache": "ra_age=662;da_age=1046;rd_age=1046;brd_age=10424;ra_notif_age=954;dec_lev=0;",
        "x-ms-keyvault-region": "canadacentral",
        "x-ms-keyvault-service-version": "1.9.576.1"
      },
      "ResponseBody": {
        "recoveryId": "https://vaultname.vault.azure.net/deletedkeys/livekvtestkey54f32b67",
        "deletedDate": 1668580248,
        "scheduledPurgeDate": 1669185048,
        "key": {
          "kid": "https://vaultname.vault.azure.net/keys/livekvtestkey54f32b67/fa53cfbe3e4d4e34848354f67a75c07a",
          "kty": "RSA",
          "key_ops": [
            "encrypt",
            "decrypt",
            "sign",
            "verify",
            "wrapKey",
            "unwrapKey"
          ],
          "n": "zpbY0hE2ap-Mc0fzE6aOstvEviOnTOx79qU3Rsp3mC1FafPhW1QtvmwJk-DSQBMOFzrPJ-pPcYD_Zkr56H_k6KXk9PoPzE8CwfXUerNrfZogm2Il6k6qZfm0ZuuvQa8RyR6iCUm22Trqf5O_les7pkutFR3BN6j7Nm1NttmLQ2MMbVn2YQrvyrFeMbxWjNxdLDzOcdCK-vkIHBj_bT0trQFqEWShvWM6N24CLWnwZ_7N9wKDKEQPWKGnp1jsEHAvtuwL0xxa5bp3PxtE4vxyj5HZlrQHDZydfiDKD0ghdBgrtqA7m7HOVrh0jrxYDBR28rLz_GlygCjVqlE2HqzR3Q",
          "e": "AQAB"
        },
        "attributes": {
          "enabled": true,
          "created": 1668580227,
          "updated": 1668580227,
          "recoveryLevel": "CustomizedRecoverable\u002BPurgeable",
          "recoverableDays": 7,
          "exportable": false
        }
      }
    },
    {
      "RequestUri": "https://vaultname.vault.azure.net/keys/livekvtestkey64f32b67?api-version=7.4-preview.1",
      "RequestMethod": "DELETE",
      "RequestHeaders": {
        "Accept": "application/json",
        "Accept-Encoding": "gzip, deflate",
        "Content-Length": "0",
        "User-Agent": "azsdk-python-keyvault-keys/4.8.0b2 Python/3.10.0 (Windows-10-10.0.22621-SP0)"
      },
      "RequestBody": null,
      "StatusCode": 200,
      "ResponseHeaders": {
        "Cache-Control": "no-cache",
        "Content-Length": "854",
        "Content-Type": "application/json; charset=utf-8",
        "Date": "Wed, 16 Nov 2022 06:30:50 GMT",
        "Expires": "-1",
        "Pragma": "no-cache",
        "Strict-Transport-Security": "max-age=31536000;includeSubDomains",
        "X-Content-Type-Options": "nosniff",
        "x-ms-keyvault-network-info": "conn_type=Ipv4;addr=172.92.159.124;act_addr_fam=InterNetwork;",
        "x-ms-keyvault-rbac-assignment-id": "db385ea4-950d-56fa-a9aa-1e0e65cc4b68",
        "x-ms-keyvault-rbac-cache": "ra_age=662;da_age=1047;rd_age=1047;brd_age=10425;ra_notif_age=954;dec_lev=1;",
        "x-ms-keyvault-region": "canadacentral",
        "x-ms-keyvault-service-version": "1.9.576.1"
      },
      "ResponseBody": {
        "recoveryId": "https://vaultname.vault.azure.net/deletedkeys/livekvtestkey64f32b67",
        "deletedDate": 1668580250,
        "scheduledPurgeDate": 1669185050,
        "key": {
          "kid": "https://vaultname.vault.azure.net/keys/livekvtestkey64f32b67/2fa62800ca61412583d12e90b10eb9a5",
          "kty": "RSA",
          "key_ops": [
            "encrypt",
            "decrypt",
            "sign",
            "verify",
            "wrapKey",
            "unwrapKey"
          ],
          "n": "qcked4ccJMm36_XEWlDm9ZMUhlD0nFevG4TcydBpflZUBe39Ii2SNo97gntx1u7UoSiQ0yYACIaOpNBNocT59du13xnF9Tehyz4DZGAPBt9Q83yqyFKkWVMpWQ3UzNlAjyrk9dK3cWLKbSEIDeMz2Kx32HEattM7N5OgqIJGx6tISumrjdLnuDuJD1Y6nSJVeymtSnpusr1yH5fXYLS3KORALuwqm8cab0Dfea_DB8Y4Bcv_cVXyfkBw1wRHojolp_MBeVzoZ_xTX2i-xmuhSeqO5vnF2cVPk36NDny_hmYhg50YkgLeJLm-9oWqrS6gECdHItAWWs8nZ36BgxW-qQ",
          "e": "AQAB"
        },
        "attributes": {
          "enabled": true,
          "created": 1668580229,
          "updated": 1668580229,
          "recoveryLevel": "CustomizedRecoverable\u002BPurgeable",
          "recoverableDays": 7,
          "exportable": false
        }
      }
    },
    {
      "RequestUri": "https://vaultname.vault.azure.net/deletedkeys/livekvtestkey64f32b67?api-version=7.4-preview.1",
      "RequestMethod": "GET",
      "RequestHeaders": {
        "Accept": "application/json",
        "Accept-Encoding": "gzip, deflate",
        "User-Agent": "azsdk-python-keyvault-keys/4.8.0b2 Python/3.10.0 (Windows-10-10.0.22621-SP0)"
      },
      "RequestBody": null,
      "StatusCode": 404,
      "ResponseHeaders": {
        "Cache-Control": "no-cache",
        "Content-Length": "89",
        "Content-Type": "application/json; charset=utf-8",
        "Date": "Wed, 16 Nov 2022 06:30:50 GMT",
        "Expires": "-1",
        "Pragma": "no-cache",
        "Strict-Transport-Security": "max-age=31536000;includeSubDomains",
        "X-Content-Type-Options": "nosniff",
        "x-ms-keyvault-network-info": "conn_type=Ipv4;addr=172.92.159.124;act_addr_fam=InterNetwork;",
        "x-ms-keyvault-rbac-assignment-id": "db385ea4-950d-56fa-a9aa-1e0e65cc4b68",
        "x-ms-keyvault-rbac-cache": "ra_age=663;da_age=1047;rd_age=1047;brd_age=10425;ra_notif_age=954;dec_lev=1;",
        "x-ms-keyvault-region": "canadacentral",
        "x-ms-keyvault-service-version": "1.9.576.1"
      },
      "ResponseBody": {
        "error": {
          "code": "KeyNotFound",
          "message": "Deleted Key not found: livekvtestkey64f32b67"
        }
      }
    },
    {
      "RequestUri": "https://vaultname.vault.azure.net/deletedkeys/livekvtestkey64f32b67?api-version=7.4-preview.1",
      "RequestMethod": "GET",
      "RequestHeaders": {
        "Accept": "application/json",
        "Accept-Encoding": "gzip, deflate",
        "User-Agent": "azsdk-python-keyvault-keys/4.8.0b2 Python/3.10.0 (Windows-10-10.0.22621-SP0)"
      },
      "RequestBody": null,
      "StatusCode": 200,
      "ResponseHeaders": {
        "Cache-Control": "no-cache",
        "Content-Length": "854",
        "Content-Type": "application/json; charset=utf-8",
        "Date": "Wed, 16 Nov 2022 06:30:52 GMT",
        "Expires": "-1",
        "Pragma": "no-cache",
        "Strict-Transport-Security": "max-age=31536000;includeSubDomains",
        "X-Content-Type-Options": "nosniff",
        "x-ms-keyvault-network-info": "conn_type=Ipv4;addr=172.92.159.124;act_addr_fam=InterNetwork;",
        "x-ms-keyvault-rbac-assignment-id": "db385ea4-950d-56fa-a9aa-1e0e65cc4b68",
        "x-ms-keyvault-rbac-cache": "ra_age=665;da_age=1049;rd_age=1049;brd_age=10427;ra_notif_age=956;dec_lev=0;",
        "x-ms-keyvault-region": "canadacentral",
        "x-ms-keyvault-service-version": "1.9.576.1"
      },
      "ResponseBody": {
        "recoveryId": "https://vaultname.vault.azure.net/deletedkeys/livekvtestkey64f32b67",
        "deletedDate": 1668580250,
        "scheduledPurgeDate": 1669185050,
        "key": {
          "kid": "https://vaultname.vault.azure.net/keys/livekvtestkey64f32b67/2fa62800ca61412583d12e90b10eb9a5",
          "kty": "RSA",
          "key_ops": [
            "encrypt",
            "decrypt",
            "sign",
            "verify",
            "wrapKey",
            "unwrapKey"
          ],
          "n": "qcked4ccJMm36_XEWlDm9ZMUhlD0nFevG4TcydBpflZUBe39Ii2SNo97gntx1u7UoSiQ0yYACIaOpNBNocT59du13xnF9Tehyz4DZGAPBt9Q83yqyFKkWVMpWQ3UzNlAjyrk9dK3cWLKbSEIDeMz2Kx32HEattM7N5OgqIJGx6tISumrjdLnuDuJD1Y6nSJVeymtSnpusr1yH5fXYLS3KORALuwqm8cab0Dfea_DB8Y4Bcv_cVXyfkBw1wRHojolp_MBeVzoZ_xTX2i-xmuhSeqO5vnF2cVPk36NDny_hmYhg50YkgLeJLm-9oWqrS6gECdHItAWWs8nZ36BgxW-qQ",
          "e": "AQAB"
        },
        "attributes": {
          "enabled": true,
          "created": 1668580229,
          "updated": 1668580229,
          "recoveryLevel": "CustomizedRecoverable\u002BPurgeable",
          "recoverableDays": 7,
          "exportable": false
        }
      }
    },
    {
      "RequestUri": "https://vaultname.vault.azure.net/deletedkeys/livekvtestkey04f32b67?api-version=7.4-preview.1",
      "RequestMethod": "DELETE",
      "RequestHeaders": {
        "Accept": "application/json",
        "Accept-Encoding": "gzip, deflate",
        "Content-Length": "0",
        "User-Agent": "azsdk-python-keyvault-keys/4.8.0b2 Python/3.10.0 (Windows-10-10.0.22621-SP0)"
      },
      "RequestBody": null,
      "StatusCode": 204,
      "ResponseHeaders": {
        "Cache-Control": "no-cache",
        "Date": "Wed, 16 Nov 2022 06:30:52 GMT",
        "Expires": "-1",
        "Pragma": "no-cache",
        "Strict-Transport-Security": "max-age=31536000;includeSubDomains",
        "X-Content-Type-Options": "nosniff",
        "x-ms-keyvault-network-info": "conn_type=Ipv4;addr=172.92.159.124;act_addr_fam=InterNetwork;",
        "x-ms-keyvault-rbac-assignment-id": "db385ea4-950d-56fa-a9aa-1e0e65cc4b68",
        "x-ms-keyvault-rbac-cache": "ra_age=665;da_age=1049;rd_age=1049;brd_age=10427;ra_notif_age=956;dec_lev=1;",
        "x-ms-keyvault-region": "canadacentral",
        "x-ms-keyvault-service-version": "1.9.576.1"
      },
      "ResponseBody": null
    },
    {
      "RequestUri": "https://vaultname.vault.azure.net/deletedkeys/livekvtestkey14f32b67?api-version=7.4-preview.1",
      "RequestMethod": "DELETE",
      "RequestHeaders": {
        "Accept": "application/json",
        "Accept-Encoding": "gzip, deflate",
        "Content-Length": "0",
        "User-Agent": "azsdk-python-keyvault-keys/4.8.0b2 Python/3.10.0 (Windows-10-10.0.22621-SP0)"
      },
      "RequestBody": null,
      "StatusCode": 204,
      "ResponseHeaders": {
        "Cache-Control": "no-cache",
        "Date": "Wed, 16 Nov 2022 06:30:52 GMT",
        "Expires": "-1",
        "Pragma": "no-cache",
        "Strict-Transport-Security": "max-age=31536000;includeSubDomains",
        "X-Content-Type-Options": "nosniff",
        "x-ms-keyvault-network-info": "conn_type=Ipv4;addr=172.92.159.124;act_addr_fam=InterNetwork;",
        "x-ms-keyvault-rbac-assignment-id": "db385ea4-950d-56fa-a9aa-1e0e65cc4b68",
        "x-ms-keyvault-rbac-cache": "ra_age=665;da_age=1049;rd_age=1049;brd_age=10427;ra_notif_age=956;dec_lev=1;",
        "x-ms-keyvault-region": "canadacentral",
        "x-ms-keyvault-service-version": "1.9.576.1"
      },
      "ResponseBody": null
    },
    {
      "RequestUri": "https://vaultname.vault.azure.net/deletedkeys/livekvtestkey24f32b67?api-version=7.4-preview.1",
      "RequestMethod": "DELETE",
      "RequestHeaders": {
        "Accept": "application/json",
        "Accept-Encoding": "gzip, deflate",
        "Content-Length": "0",
        "User-Agent": "azsdk-python-keyvault-keys/4.8.0b2 Python/3.10.0 (Windows-10-10.0.22621-SP0)"
      },
      "RequestBody": null,
      "StatusCode": 204,
      "ResponseHeaders": {
        "Cache-Control": "no-cache",
        "Date": "Wed, 16 Nov 2022 06:30:52 GMT",
        "Expires": "-1",
        "Pragma": "no-cache",
        "Strict-Transport-Security": "max-age=31536000;includeSubDomains",
        "X-Content-Type-Options": "nosniff",
        "x-ms-keyvault-network-info": "conn_type=Ipv4;addr=172.92.159.124;act_addr_fam=InterNetwork;",
        "x-ms-keyvault-rbac-assignment-id": "db385ea4-950d-56fa-a9aa-1e0e65cc4b68",
        "x-ms-keyvault-rbac-cache": "ra_age=665;da_age=1049;rd_age=1049;brd_age=10427;ra_notif_age=957;dec_lev=1;",
        "x-ms-keyvault-region": "canadacentral",
        "x-ms-keyvault-service-version": "1.9.576.1"
      },
      "ResponseBody": null
    },
    {
      "RequestUri": "https://vaultname.vault.azure.net/deletedkeys/livekvtestkey34f32b67?api-version=7.4-preview.1",
      "RequestMethod": "DELETE",
      "RequestHeaders": {
        "Accept": "application/json",
        "Accept-Encoding": "gzip, deflate",
        "Content-Length": "0",
        "User-Agent": "azsdk-python-keyvault-keys/4.8.0b2 Python/3.10.0 (Windows-10-10.0.22621-SP0)"
      },
      "RequestBody": null,
      "StatusCode": 204,
      "ResponseHeaders": {
        "Cache-Control": "no-cache",
        "Date": "Wed, 16 Nov 2022 06:30:53 GMT",
        "Expires": "-1",
        "Pragma": "no-cache",
        "Strict-Transport-Security": "max-age=31536000;includeSubDomains",
        "X-Content-Type-Options": "nosniff",
        "x-ms-keyvault-network-info": "conn_type=Ipv4;addr=172.92.159.124;act_addr_fam=InterNetwork;",
        "x-ms-keyvault-rbac-assignment-id": "db385ea4-950d-56fa-a9aa-1e0e65cc4b68",
        "x-ms-keyvault-rbac-cache": "ra_age=665;da_age=1049;rd_age=1049;brd_age=10427;ra_notif_age=957;dec_lev=1;",
        "x-ms-keyvault-region": "canadacentral",
        "x-ms-keyvault-service-version": "1.9.576.1"
      },
      "ResponseBody": null
    },
    {
      "RequestUri": "https://vaultname.vault.azure.net/deletedkeys/livekvtestkey44f32b67?api-version=7.4-preview.1",
      "RequestMethod": "DELETE",
      "RequestHeaders": {
        "Accept": "application/json",
        "Accept-Encoding": "gzip, deflate",
        "Content-Length": "0",
        "User-Agent": "azsdk-python-keyvault-keys/4.8.0b2 Python/3.10.0 (Windows-10-10.0.22621-SP0)"
      },
      "RequestBody": null,
      "StatusCode": 204,
      "ResponseHeaders": {
        "Cache-Control": "no-cache",
        "Date": "Wed, 16 Nov 2022 06:30:53 GMT",
        "Expires": "-1",
        "Pragma": "no-cache",
        "Strict-Transport-Security": "max-age=31536000;includeSubDomains",
        "X-Content-Type-Options": "nosniff",
        "x-ms-keyvault-network-info": "conn_type=Ipv4;addr=172.92.159.124;act_addr_fam=InterNetwork;",
        "x-ms-keyvault-rbac-assignment-id": "db385ea4-950d-56fa-a9aa-1e0e65cc4b68",
        "x-ms-keyvault-rbac-cache": "ra_age=665;da_age=1050;rd_age=1050;brd_age=10428;ra_notif_age=957;dec_lev=1;",
        "x-ms-keyvault-region": "canadacentral",
        "x-ms-keyvault-service-version": "1.9.576.1"
      },
      "ResponseBody": null
    },
    {
      "RequestUri": "https://vaultname.vault.azure.net/deletedkeys/livekvtestkey54f32b67?api-version=7.4-preview.1",
      "RequestMethod": "DELETE",
      "RequestHeaders": {
        "Accept": "application/json",
        "Accept-Encoding": "gzip, deflate",
        "Content-Length": "0",
        "User-Agent": "azsdk-python-keyvault-keys/4.8.0b2 Python/3.10.0 (Windows-10-10.0.22621-SP0)"
      },
      "RequestBody": null,
      "StatusCode": 204,
      "ResponseHeaders": {
        "Cache-Control": "no-cache",
        "Date": "Wed, 16 Nov 2022 06:30:53 GMT",
        "Expires": "-1",
        "Pragma": "no-cache",
        "Strict-Transport-Security": "max-age=31536000;includeSubDomains",
        "X-Content-Type-Options": "nosniff",
        "x-ms-keyvault-network-info": "conn_type=Ipv4;addr=172.92.159.124;act_addr_fam=InterNetwork;",
        "x-ms-keyvault-rbac-assignment-id": "db385ea4-950d-56fa-a9aa-1e0e65cc4b68",
        "x-ms-keyvault-rbac-cache": "ra_age=666;da_age=1050;rd_age=1050;brd_age=10428;ra_notif_age=957;dec_lev=1;",
        "x-ms-keyvault-region": "canadacentral",
        "x-ms-keyvault-service-version": "1.9.576.1"
      },
      "ResponseBody": null
    },
    {
      "RequestUri": "https://vaultname.vault.azure.net/deletedkeys/livekvtestkey64f32b67?api-version=7.4-preview.1",
      "RequestMethod": "DELETE",
      "RequestHeaders": {
        "Accept": "application/json",
        "Accept-Encoding": "gzip, deflate",
        "Content-Length": "0",
        "User-Agent": "azsdk-python-keyvault-keys/4.8.0b2 Python/3.10.0 (Windows-10-10.0.22621-SP0)"
      },
      "RequestBody": null,
      "StatusCode": 204,
      "ResponseHeaders": {
        "Cache-Control": "no-cache",
        "Date": "Wed, 16 Nov 2022 06:30:53 GMT",
        "Expires": "-1",
        "Pragma": "no-cache",
        "Strict-Transport-Security": "max-age=31536000;includeSubDomains",
        "X-Content-Type-Options": "nosniff",
        "x-ms-keyvault-network-info": "conn_type=Ipv4;addr=172.92.159.124;act_addr_fam=InterNetwork;",
        "x-ms-keyvault-rbac-assignment-id": "db385ea4-950d-56fa-a9aa-1e0e65cc4b68",
        "x-ms-keyvault-rbac-cache": "ra_age=666;da_age=1050;rd_age=1050;brd_age=10428;ra_notif_age=957;dec_lev=1;",
        "x-ms-keyvault-region": "canadacentral",
        "x-ms-keyvault-service-version": "1.9.576.1"
      },
      "ResponseBody": null
    },
    {
      "RequestUri": "https://vaultname.vault.azure.net/deletedkeys/livekvtestkey04f32b67?api-version=7.4-preview.1",
      "RequestMethod": "GET",
      "RequestHeaders": {
        "Accept": "application/json",
        "Accept-Encoding": "gzip, deflate",
        "User-Agent": "azsdk-python-keyvault-keys/4.8.0b2 Python/3.10.0 (Windows-10-10.0.22621-SP0)"
      },
      "RequestBody": null,
      "StatusCode": 404,
      "ResponseHeaders": {
        "Cache-Control": "no-cache",
        "Content-Length": "89",
        "Content-Type": "application/json; charset=utf-8",
        "Date": "Wed, 16 Nov 2022 06:30:53 GMT",
        "Expires": "-1",
        "Pragma": "no-cache",
        "Strict-Transport-Security": "max-age=31536000;includeSubDomains",
        "X-Content-Type-Options": "nosniff",
        "x-ms-keyvault-network-info": "conn_type=Ipv4;addr=172.92.159.124;act_addr_fam=InterNetwork;",
        "x-ms-keyvault-rbac-assignment-id": "db385ea4-950d-56fa-a9aa-1e0e65cc4b68",
        "x-ms-keyvault-rbac-cache": "ra_age=666;da_age=1050;rd_age=1050;brd_age=10428;ra_notif_age=957;dec_lev=0;",
        "x-ms-keyvault-region": "canadacentral",
        "x-ms-keyvault-service-version": "1.9.576.1"
      },
      "ResponseBody": {
        "error": {
          "code": "KeyNotFound",
          "message": "Deleted Key not found: livekvtestkey04f32b67"
        }
      }
    },
    {
      "RequestUri": "https://vaultname.vault.azure.net/deletedkeys/livekvtestkey14f32b67?api-version=7.4-preview.1",
      "RequestMethod": "GET",
      "RequestHeaders": {
        "Accept": "application/json",
        "Accept-Encoding": "gzip, deflate",
        "User-Agent": "azsdk-python-keyvault-keys/4.8.0b2 Python/3.10.0 (Windows-10-10.0.22621-SP0)"
      },
      "RequestBody": null,
      "StatusCode": 404,
      "ResponseHeaders": {
        "Cache-Control": "no-cache",
        "Content-Length": "89",
        "Content-Type": "application/json; charset=utf-8",
        "Date": "Wed, 16 Nov 2022 06:30:53 GMT",
        "Expires": "-1",
        "Pragma": "no-cache",
        "Strict-Transport-Security": "max-age=31536000;includeSubDomains",
        "X-Content-Type-Options": "nosniff",
        "x-ms-keyvault-network-info": "conn_type=Ipv4;addr=172.92.159.124;act_addr_fam=InterNetwork;",
        "x-ms-keyvault-rbac-assignment-id": "db385ea4-950d-56fa-a9aa-1e0e65cc4b68",
        "x-ms-keyvault-rbac-cache": "ra_age=666;da_age=1050;rd_age=1050;brd_age=10428;ra_notif_age=957;dec_lev=0;",
        "x-ms-keyvault-region": "canadacentral",
        "x-ms-keyvault-service-version": "1.9.576.1"
      },
      "ResponseBody": {
        "error": {
          "code": "KeyNotFound",
          "message": "Deleted Key not found: livekvtestkey14f32b67"
        }
      }
    },
    {
      "RequestUri": "https://vaultname.vault.azure.net/deletedkeys/livekvtestkey24f32b67?api-version=7.4-preview.1",
      "RequestMethod": "GET",
      "RequestHeaders": {
        "Accept": "application/json",
        "Accept-Encoding": "gzip, deflate",
        "User-Agent": "azsdk-python-keyvault-keys/4.8.0b2 Python/3.10.0 (Windows-10-10.0.22621-SP0)"
      },
      "RequestBody": null,
      "StatusCode": 404,
      "ResponseHeaders": {
        "Cache-Control": "no-cache",
        "Content-Length": "89",
        "Content-Type": "application/json; charset=utf-8",
        "Date": "Wed, 16 Nov 2022 06:30:53 GMT",
        "Expires": "-1",
        "Pragma": "no-cache",
        "Strict-Transport-Security": "max-age=31536000;includeSubDomains",
        "X-Content-Type-Options": "nosniff",
        "x-ms-keyvault-network-info": "conn_type=Ipv4;addr=172.92.159.124;act_addr_fam=InterNetwork;",
        "x-ms-keyvault-rbac-assignment-id": "db385ea4-950d-56fa-a9aa-1e0e65cc4b68",
        "x-ms-keyvault-rbac-cache": "ra_age=666;da_age=1050;rd_age=1050;brd_age=10428;ra_notif_age=957;dec_lev=0;",
        "x-ms-keyvault-region": "canadacentral",
        "x-ms-keyvault-service-version": "1.9.576.1"
      },
      "ResponseBody": {
        "error": {
          "code": "KeyNotFound",
          "message": "Deleted Key not found: livekvtestkey24f32b67"
        }
      }
    },
    {
      "RequestUri": "https://vaultname.vault.azure.net/deletedkeys/livekvtestkey34f32b67?api-version=7.4-preview.1",
      "RequestMethod": "GET",
      "RequestHeaders": {
        "Accept": "application/json",
        "Accept-Encoding": "gzip, deflate",
        "User-Agent": "azsdk-python-keyvault-keys/4.8.0b2 Python/3.10.0 (Windows-10-10.0.22621-SP0)"
      },
      "RequestBody": null,
      "StatusCode": 404,
      "ResponseHeaders": {
        "Cache-Control": "no-cache",
        "Content-Length": "89",
        "Content-Type": "application/json; charset=utf-8",
        "Date": "Wed, 16 Nov 2022 06:30:53 GMT",
        "Expires": "-1",
        "Pragma": "no-cache",
        "Strict-Transport-Security": "max-age=31536000;includeSubDomains",
        "X-Content-Type-Options": "nosniff",
        "x-ms-keyvault-network-info": "conn_type=Ipv4;addr=172.92.159.124;act_addr_fam=InterNetwork;",
        "x-ms-keyvault-rbac-assignment-id": "db385ea4-950d-56fa-a9aa-1e0e65cc4b68",
        "x-ms-keyvault-rbac-cache": "ra_age=666;da_age=1050;rd_age=1050;brd_age=10428;ra_notif_age=958;dec_lev=0;",
        "x-ms-keyvault-region": "canadacentral",
        "x-ms-keyvault-service-version": "1.9.576.1"
      },
      "ResponseBody": {
        "error": {
          "code": "KeyNotFound",
          "message": "Deleted Key not found: livekvtestkey34f32b67"
        }
      }
    },
    {
      "RequestUri": "https://vaultname.vault.azure.net/deletedkeys/livekvtestkey44f32b67?api-version=7.4-preview.1",
      "RequestMethod": "GET",
      "RequestHeaders": {
        "Accept": "application/json",
        "Accept-Encoding": "gzip, deflate",
        "User-Agent": "azsdk-python-keyvault-keys/4.8.0b2 Python/3.10.0 (Windows-10-10.0.22621-SP0)"
      },
      "RequestBody": null,
      "StatusCode": 404,
      "ResponseHeaders": {
        "Cache-Control": "no-cache",
        "Content-Length": "89",
        "Content-Type": "application/json; charset=utf-8",
        "Date": "Wed, 16 Nov 2022 06:30:53 GMT",
        "Expires": "-1",
        "Pragma": "no-cache",
        "Strict-Transport-Security": "max-age=31536000;includeSubDomains",
        "X-Content-Type-Options": "nosniff",
        "x-ms-keyvault-network-info": "conn_type=Ipv4;addr=172.92.159.124;act_addr_fam=InterNetwork;",
        "x-ms-keyvault-rbac-assignment-id": "db385ea4-950d-56fa-a9aa-1e0e65cc4b68",
        "x-ms-keyvault-rbac-cache": "ra_age=666;da_age=1050;rd_age=1050;brd_age=10428;ra_notif_age=958;dec_lev=0;",
        "x-ms-keyvault-region": "canadacentral",
        "x-ms-keyvault-service-version": "1.9.576.1"
      },
      "ResponseBody": {
        "error": {
          "code": "KeyNotFound",
          "message": "Deleted Key not found: livekvtestkey44f32b67"
        }
      }
    },
    {
      "RequestUri": "https://vaultname.vault.azure.net/deletedkeys/livekvtestkey54f32b67?api-version=7.4-preview.1",
      "RequestMethod": "GET",
      "RequestHeaders": {
        "Accept": "application/json",
        "Accept-Encoding": "gzip, deflate",
        "User-Agent": "azsdk-python-keyvault-keys/4.8.0b2 Python/3.10.0 (Windows-10-10.0.22621-SP0)"
      },
      "RequestBody": null,
      "StatusCode": 404,
      "ResponseHeaders": {
        "Cache-Control": "no-cache",
        "Content-Length": "89",
        "Content-Type": "application/json; charset=utf-8",
        "Date": "Wed, 16 Nov 2022 06:30:54 GMT",
        "Expires": "-1",
        "Pragma": "no-cache",
        "Strict-Transport-Security": "max-age=31536000;includeSubDomains",
        "X-Content-Type-Options": "nosniff",
        "x-ms-keyvault-network-info": "conn_type=Ipv4;addr=172.92.159.124;act_addr_fam=InterNetwork;",
        "x-ms-keyvault-rbac-assignment-id": "db385ea4-950d-56fa-a9aa-1e0e65cc4b68",
        "x-ms-keyvault-rbac-cache": "ra_age=666;da_age=1050;rd_age=1050;brd_age=10428;ra_notif_age=958;dec_lev=0;",
        "x-ms-keyvault-region": "canadacentral",
        "x-ms-keyvault-service-version": "1.9.576.1"
      },
      "ResponseBody": {
        "error": {
          "code": "KeyNotFound",
          "message": "Deleted Key not found: livekvtestkey54f32b67"
        }
      }
    },
    {
      "RequestUri": "https://vaultname.vault.azure.net/deletedkeys/livekvtestkey64f32b67?api-version=7.4-preview.1",
      "RequestMethod": "GET",
      "RequestHeaders": {
        "Accept": "application/json",
        "Accept-Encoding": "gzip, deflate",
        "User-Agent": "azsdk-python-keyvault-keys/4.8.0b2 Python/3.10.0 (Windows-10-10.0.22621-SP0)"
      },
      "RequestBody": null,
      "StatusCode": 404,
      "ResponseHeaders": {
        "Cache-Control": "no-cache",
        "Content-Length": "89",
        "Content-Type": "application/json; charset=utf-8",
        "Date": "Wed, 16 Nov 2022 06:30:54 GMT",
        "Expires": "-1",
        "Pragma": "no-cache",
        "Strict-Transport-Security": "max-age=31536000;includeSubDomains",
        "X-Content-Type-Options": "nosniff",
        "x-ms-keyvault-network-info": "conn_type=Ipv4;addr=172.92.159.124;act_addr_fam=InterNetwork;",
        "x-ms-keyvault-rbac-assignment-id": "db385ea4-950d-56fa-a9aa-1e0e65cc4b68",
        "x-ms-keyvault-rbac-cache": "ra_age=666;da_age=1051;rd_age=1051;brd_age=10429;ra_notif_age=958;dec_lev=0;",
        "x-ms-keyvault-region": "canadacentral",
        "x-ms-keyvault-service-version": "1.9.576.1"
      },
      "ResponseBody": {
        "error": {
          "code": "KeyNotFound",
          "message": "Deleted Key not found: livekvtestkey64f32b67"
        }
      }
    },
    {
      "RequestUri": "https://vaultname.vault.azure.net/deletedkeys?api-version=7.4-preview.1",
      "RequestMethod": "GET",
      "RequestHeaders": {
        "Accept": "application/json",
        "Accept-Encoding": "gzip, deflate",
        "User-Agent": "azsdk-python-keyvault-keys/4.8.0b2 Python/3.10.0 (Windows-10-10.0.22621-SP0)"
      },
      "RequestBody": null,
      "StatusCode": 200,
      "ResponseHeaders": {
        "Cache-Control": "no-cache",
        "Content-Length": "1243",
        "Content-Type": "application/json; charset=utf-8",
        "Date": "Wed, 16 Nov 2022 06:30:54 GMT",
        "Expires": "-1",
        "Pragma": "no-cache",
        "Strict-Transport-Security": "max-age=31536000;includeSubDomains",
        "X-Content-Type-Options": "nosniff",
        "x-ms-keyvault-network-info": "conn_type=Ipv4;addr=172.92.159.124;act_addr_fam=InterNetwork;",
        "x-ms-keyvault-rbac-assignment-id": "db385ea4-950d-56fa-a9aa-1e0e65cc4b68",
        "x-ms-keyvault-rbac-cache": "ra_age=666;da_age=1051;rd_age=1051;brd_age=10429;ra_notif_age=958;dec_lev=0;",
        "x-ms-keyvault-region": "canadacentral",
        "x-ms-keyvault-service-version": "1.9.576.1"
      },
      "ResponseBody": {
        "value": [
          {
            "recoveryId": "https://vaultname.vault.azure.net/deletedkeys/livekvtestcrud-rsa-key41193055",
            "deletedDate": 1668579595,
            "scheduledPurgeDate": 1669184395,
            "kid": "https://vaultname.vault.azure.net/keys/livekvtestcrud-rsa-key41193055",
            "attributes": {
              "enabled": true,
              "exp": 2524723200,
              "created": 1668579592,
              "updated": 1668579595,
              "recoveryLevel": "CustomizedRecoverable\u002BPurgeable",
              "recoverableDays": 7,
              "exportable": false
            },
            "tags": {
              "foo": "updated tag"
            }
          },
          {
            "recoveryId": "https://vaultname.vault.azure.net/deletedkeys/livekvtestcrud-rsa-keyae3b313d",
            "deletedDate": 1668579954,
            "scheduledPurgeDate": 1669184754,
            "kid": "https://vaultname.vault.azure.net/keys/livekvtestcrud-rsa-keyae3b313d",
            "attributes": {
              "enabled": true,
              "exp": 2524723200,
              "created": 1668579950,
              "updated": 1668579954,
              "recoveryLevel": "CustomizedRecoverable\u002BPurgeable",
              "recoverableDays": 7,
              "exportable": false
            },
            "tags": {
              "foo": "updated tag"
            }
          }
        ],
        "nextLink": "https://vaultname.vault.azure.net:443/deletedkeys?api-version=7.4-preview.1\u0026$skiptoken=eyJOZXh0TWFya2VyIjoiMiExNTIhTURBd01EY3dJV3RsZVM5TVNWWkZTMVpVUlZOVVJVTXRWa1ZTU1VaWkxWQXRNalUyT1RSR05ETTBSakF2UmpneE1FWTJSVFZCTjBKRE5ETkZPVGhDTmpoQk1VVTFSalZFTnpjeVJFRWhNREF3TURJNElUazVPVGt0TVRJdE16RlVNak02TlRrNk5Ua3VPVGs1T1RrNU9Wb2giLCJUYXJnZXRMb2NhdGlvbiI6MH0"
      }
    },
    {
      "RequestUri": "https://vaultname.vault.azure.net/deletedkeys?api-version=7.4-preview.1\u0026$skiptoken=eyJOZXh0TWFya2VyIjoiMiExNTIhTURBd01EY3dJV3RsZVM5TVNWWkZTMVpVUlZOVVJVTXRWa1ZTU1VaWkxWQXRNalUyT1RSR05ETTBSakF2UmpneE1FWTJSVFZCTjBKRE5ETkZPVGhDTmpoQk1VVTFSalZFTnpjeVJFRWhNREF3TURJNElUazVPVGt0TVRJdE16RlVNak02TlRrNk5Ua3VPVGs1T1RrNU9Wb2giLCJUYXJnZXRMb2NhdGlvbiI6MH0",
      "RequestMethod": "GET",
      "RequestHeaders": {
        "Accept": "*/*",
        "Accept-Encoding": "gzip, deflate",
        "User-Agent": "azsdk-python-keyvault-keys/4.8.0b2 Python/3.10.0 (Windows-10-10.0.22621-SP0)"
      },
      "RequestBody": null,
      "StatusCode": 200,
      "ResponseHeaders": {
        "Cache-Control": "no-cache",
        "Content-Length": "313",
        "Content-Type": "application/json; charset=utf-8",
        "Date": "Wed, 16 Nov 2022 06:30:54 GMT",
        "Expires": "-1",
        "Pragma": "no-cache",
        "Strict-Transport-Security": "max-age=31536000;includeSubDomains",
        "X-Content-Type-Options": "nosniff",
        "x-ms-keyvault-network-info": "conn_type=Ipv4;addr=172.92.159.124;act_addr_fam=InterNetwork;",
        "x-ms-keyvault-rbac-assignment-id": "db385ea4-950d-56fa-a9aa-1e0e65cc4b68",
        "x-ms-keyvault-rbac-cache": "ra_age=667;da_age=1051;rd_age=1051;brd_age=10429;ra_notif_age=958;dec_lev=0;",
        "x-ms-keyvault-region": "canadacentral",
        "x-ms-keyvault-service-version": "1.9.576.1"
      },
      "ResponseBody": {
        "value": [],
        "nextLink": "https://vaultname.vault.azure.net:443/deletedkeys?api-version=7.4-preview.1\u0026$skiptoken=eyJOZXh0TWFya2VyIjoiMiExMDghTURBd01ETTNJV3RsZVM5TVNWWkZTMVpVUlZOVVJVTXRWa1ZTU1VaWkxWQXROVEl4UWpRd09ETXhNekloTURBd01ESTRJVGs1T1RrdE1USXRNekZVTWpNNk5UazZOVGt1T1RrNU9UazVPVm9oIiwiVGFyZ2V0TG9jYXRpb24iOjB9"
      }
    },
    {
      "RequestUri": "https://vaultname.vault.azure.net/deletedkeys?api-version=7.4-preview.1\u0026$skiptoken=eyJOZXh0TWFya2VyIjoiMiExMDghTURBd01ETTNJV3RsZVM5TVNWWkZTMVpVUlZOVVJVTXRWa1ZTU1VaWkxWQXROVEl4UWpRd09ETXhNekloTURBd01ESTRJVGs1T1RrdE1USXRNekZVTWpNNk5UazZOVGt1T1RrNU9UazVPVm9oIiwiVGFyZ2V0TG9jYXRpb24iOjB9",
      "RequestMethod": "GET",
      "RequestHeaders": {
        "Accept": "*/*",
        "Accept-Encoding": "gzip, deflate",
        "User-Agent": "azsdk-python-keyvault-keys/4.8.0b2 Python/3.10.0 (Windows-10-10.0.22621-SP0)"
      },
      "RequestBody": null,
      "StatusCode": 200,
      "ResponseHeaders": {
        "Cache-Control": "no-cache",
        "Content-Length": "356",
        "Content-Type": "application/json; charset=utf-8",
        "Date": "Wed, 16 Nov 2022 06:30:54 GMT",
        "Expires": "-1",
        "Pragma": "no-cache",
        "Strict-Transport-Security": "max-age=31536000;includeSubDomains",
        "X-Content-Type-Options": "nosniff",
        "x-ms-keyvault-network-info": "conn_type=Ipv4;addr=172.92.159.124;act_addr_fam=InterNetwork;",
        "x-ms-keyvault-rbac-assignment-id": "db385ea4-950d-56fa-a9aa-1e0e65cc4b68",
        "x-ms-keyvault-rbac-cache": "ra_age=667;da_age=1051;rd_age=1051;brd_age=10429;ra_notif_age=958;dec_lev=0;",
        "x-ms-keyvault-region": "canadacentral",
        "x-ms-keyvault-service-version": "1.9.576.1"
      },
      "ResponseBody": {
        "value": [],
        "nextLink": "https://vaultname.vault.azure.net:443/deletedkeys?api-version=7.4-preview.1\u0026$skiptoken=eyJOZXh0TWFya2VyIjoiMiExNDAhTURBd01EVTVJV3RsZVM5TVNWWkZTMVpVUlZOVVMwVlpNREpEUkRBeVFrTXdMMFEyTVVWQ01UbEdRamc1TlRRek9FUTVNelpCT0RNMVF6a3dNek0zT0RneElUQXdNREF5T0NFNU9UazVMVEV5TFRNeFZESXpPalU1T2pVNUxqazVPVGs1T1RsYUlRLS0iLCJUYXJnZXRMb2NhdGlvbiI6MH0"
      }
    },
    {
      "RequestUri": "https://vaultname.vault.azure.net/deletedkeys?api-version=7.4-preview.1\u0026$skiptoken=eyJOZXh0TWFya2VyIjoiMiExNDAhTURBd01EVTVJV3RsZVM5TVNWWkZTMVpVUlZOVVMwVlpNREpEUkRBeVFrTXdMMFEyTVVWQ01UbEdRamc1TlRRek9FUTVNelpCT0RNMVF6a3dNek0zT0RneElUQXdNREF5T0NFNU9UazVMVEV5TFRNeFZESXpPalU1T2pVNUxqazVPVGs1T1RsYUlRLS0iLCJUYXJnZXRMb2NhdGlvbiI6MH0",
      "RequestMethod": "GET",
      "RequestHeaders": {
        "Accept": "*/*",
        "Accept-Encoding": "gzip, deflate",
        "User-Agent": "azsdk-python-keyvault-keys/4.8.0b2 Python/3.10.0 (Windows-10-10.0.22621-SP0)"
      },
      "RequestBody": null,
      "StatusCode": 200,
      "ResponseHeaders": {
        "Cache-Control": "no-cache",
        "Content-Length": "1791",
        "Content-Type": "application/json; charset=utf-8",
        "Date": "Wed, 16 Nov 2022 06:30:55 GMT",
        "Expires": "-1",
        "Pragma": "no-cache",
        "Strict-Transport-Security": "max-age=31536000;includeSubDomains",
        "X-Content-Type-Options": "nosniff",
        "x-ms-keyvault-network-info": "conn_type=Ipv4;addr=172.92.159.124;act_addr_fam=InterNetwork;",
        "x-ms-keyvault-rbac-assignment-id": "db385ea4-950d-56fa-a9aa-1e0e65cc4b68",
        "x-ms-keyvault-rbac-cache": "ra_age=667;da_age=1051;rd_age=1051;brd_age=10429;ra_notif_age=959;dec_lev=0;",
        "x-ms-keyvault-region": "canadacentral",
        "x-ms-keyvault-service-version": "1.9.576.1"
      },
      "ResponseBody": {
        "value": [
          {
            "recoveryId": "https://vaultname.vault.azure.net/deletedkeys/livekvtestkey044fe3051",
            "deletedDate": 1668580091,
            "scheduledPurgeDate": 1669184891,
            "kid": "https://vaultname.vault.azure.net/keys/livekvtestkey044fe3051",
            "attributes": {
              "enabled": true,
              "created": 1668580078,
              "updated": 1668580078,
              "recoveryLevel": "CustomizedRecoverable\u002BPurgeable",
              "recoverableDays": 7,
              "exportable": false
            }
          },
          {
            "recoveryId": "https://vaultname.vault.azure.net/deletedkeys/livekvtestkey0d99d2f69",
            "deletedDate": 1668579736,
            "scheduledPurgeDate": 1669184536,
            "kid": "https://vaultname.vault.azure.net/keys/livekvtestkey0d99d2f69",
            "attributes": {
              "enabled": true,
              "created": 1668579722,
              "updated": 1668579722,
              "recoveryLevel": "CustomizedRecoverable\u002BPurgeable",
              "recoverableDays": 7,
              "exportable": false
            }
          },
          {
            "recoveryId": "https://vaultname.vault.azure.net/deletedkeys/livekvtestkey144fe3051",
            "deletedDate": 1668580094,
            "scheduledPurgeDate": 1669184894,
            "kid": "https://vaultname.vault.azure.net/keys/livekvtestkey144fe3051",
            "attributes": {
              "enabled": true,
              "created": 1668580080,
              "updated": 1668580080,
              "recoveryLevel": "CustomizedRecoverable\u002BPurgeable",
              "recoverableDays": 7,
              "exportable": false
            }
          },
          {
            "recoveryId": "https://vaultname.vault.azure.net/deletedkeys/livekvtestkey1d99d2f69",
            "deletedDate": 1668579741,
            "scheduledPurgeDate": 1669184541,
            "kid": "https://vaultname.vault.azure.net/keys/livekvtestkey1d99d2f69",
            "attributes": {
              "enabled": true,
              "created": 1668579725,
              "updated": 1668579725,
              "recoveryLevel": "CustomizedRecoverable\u002BPurgeable",
              "recoverableDays": 7,
              "exportable": false
            }
          }
        ],
        "nextLink": "https://vaultname.vault.azure.net:443/deletedkeys?api-version=7.4-preview.1\u0026$skiptoken=eyJOZXh0TWFya2VyIjoiMiE5NiFNREF3TURJMklXdGxlUzlNU1ZaRlMxWlVSVk5VUzBWWk1VWkZPRGd5UWpVeUlUQXdNREF5T0NFNU9UazVMVEV5TFRNeFZESXpPalU1T2pVNUxqazVPVGs1T1RsYUlRLS0iLCJUYXJnZXRMb2NhdGlvbiI6MH0"
      }
    },
    {
      "RequestUri": "https://vaultname.vault.azure.net/deletedkeys?api-version=7.4-preview.1\u0026$skiptoken=eyJOZXh0TWFya2VyIjoiMiE5NiFNREF3TURJMklXdGxlUzlNU1ZaRlMxWlVSVk5VUzBWWk1VWkZPRGd5UWpVeUlUQXdNREF5T0NFNU9UazVMVEV5TFRNeFZESXpPalU1T2pVNUxqazVPVGs1T1RsYUlRLS0iLCJUYXJnZXRMb2NhdGlvbiI6MH0",
      "RequestMethod": "GET",
      "RequestHeaders": {
        "Accept": "*/*",
        "Accept-Encoding": "gzip, deflate",
        "User-Agent": "azsdk-python-keyvault-keys/4.8.0b2 Python/3.10.0 (Windows-10-10.0.22621-SP0)"
      },
      "RequestBody": null,
      "StatusCode": 200,
      "ResponseHeaders": {
        "Cache-Control": "no-cache",
        "Content-Length": "1477",
        "Content-Type": "application/json; charset=utf-8",
        "Date": "Wed, 16 Nov 2022 06:30:55 GMT",
        "Expires": "-1",
        "Pragma": "no-cache",
        "Strict-Transport-Security": "max-age=31536000;includeSubDomains",
        "X-Content-Type-Options": "nosniff",
        "x-ms-keyvault-network-info": "conn_type=Ipv4;addr=172.92.159.124;act_addr_fam=InterNetwork;",
        "x-ms-keyvault-rbac-assignment-id": "db385ea4-950d-56fa-a9aa-1e0e65cc4b68",
        "x-ms-keyvault-rbac-cache": "ra_age=667;da_age=1051;rd_age=1051;brd_age=10430;ra_notif_age=959;dec_lev=0;",
        "x-ms-keyvault-region": "canadacentral",
        "x-ms-keyvault-service-version": "1.9.576.1"
      },
      "ResponseBody": {
        "value": [
          {
            "recoveryId": "https://vaultname.vault.azure.net/deletedkeys/livekvtestkey244fe3051",
            "deletedDate": 1668580096,
            "scheduledPurgeDate": 1669184896,
            "kid": "https://vaultname.vault.azure.net/keys/livekvtestkey244fe3051",
            "attributes": {
              "enabled": true,
              "created": 1668580082,
              "updated": 1668580082,
              "recoveryLevel": "CustomizedRecoverable\u002BPurgeable",
              "recoverableDays": 7,
              "exportable": false
            }
          },
          {
            "recoveryId": "https://vaultname.vault.azure.net/deletedkeys/livekvtestkey2d99d2f69",
            "deletedDate": 1668579743,
            "scheduledPurgeDate": 1669184543,
            "kid": "https://vaultname.vault.azure.net/keys/livekvtestkey2d99d2f69",
            "attributes": {
              "enabled": true,
              "created": 1668579727,
              "updated": 1668579727,
              "recoveryLevel": "CustomizedRecoverable\u002BPurgeable",
              "recoverableDays": 7,
              "exportable": false
            }
          },
          {
            "recoveryId": "https://vaultname.vault.azure.net/deletedkeys/livekvtestkey344fe3051",
            "deletedDate": 1668580098,
            "scheduledPurgeDate": 1669184898,
            "kid": "https://vaultname.vault.azure.net/keys/livekvtestkey344fe3051",
            "attributes": {
              "enabled": true,
              "created": 1668580084,
              "updated": 1668580084,
              "recoveryLevel": "CustomizedRecoverable\u002BPurgeable",
              "recoverableDays": 7,
              "exportable": false
            }
          }
        ],
        "nextLink": "https://vaultname.vault.azure.net:443/deletedkeys?api-version=7.4-preview.1\u0026$skiptoken=eyJOZXh0TWFya2VyIjoiMiExNDAhTURBd01EVTVJV3RsZVM5TVNWWkZTMVpVUlZOVVMwVlpNemhHUmtFeVEwRTRMemhGT1RWRlJUSkJPVEUzT1RRelF6TTVSVFF6UTBNMk5USkZNRVJHTlRFMElUQXdNREF5T0NFNU9UazVMVEV5TFRNeFZESXpPalU1T2pVNUxqazVPVGs1T1RsYUlRLS0iLCJUYXJnZXRMb2NhdGlvbiI6MH0"
      }
    },
    {
      "RequestUri": "https://vaultname.vault.azure.net/deletedkeys?api-version=7.4-preview.1\u0026$skiptoken=eyJOZXh0TWFya2VyIjoiMiExNDAhTURBd01EVTVJV3RsZVM5TVNWWkZTMVpVUlZOVVMwVlpNemhHUmtFeVEwRTRMemhGT1RWRlJUSkJPVEUzT1RRelF6TTVSVFF6UTBNMk5USkZNRVJHTlRFMElUQXdNREF5T0NFNU9UazVMVEV5TFRNeFZESXpPalU1T2pVNUxqazVPVGs1T1RsYUlRLS0iLCJUYXJnZXRMb2NhdGlvbiI6MH0",
      "RequestMethod": "GET",
      "RequestHeaders": {
        "Accept": "*/*",
        "Accept-Encoding": "gzip, deflate",
        "User-Agent": "azsdk-python-keyvault-keys/4.8.0b2 Python/3.10.0 (Windows-10-10.0.22621-SP0)"
      },
      "RequestBody": null,
      "StatusCode": 200,
      "ResponseHeaders": {
        "Cache-Control": "no-cache",
        "Content-Length": "1851",
        "Content-Type": "application/json; charset=utf-8",
        "Date": "Wed, 16 Nov 2022 06:30:55 GMT",
        "Expires": "-1",
        "Pragma": "no-cache",
        "Strict-Transport-Security": "max-age=31536000;includeSubDomains",
        "X-Content-Type-Options": "nosniff",
        "x-ms-keyvault-network-info": "conn_type=Ipv4;addr=172.92.159.124;act_addr_fam=InterNetwork;",
        "x-ms-keyvault-rbac-assignment-id": "db385ea4-950d-56fa-a9aa-1e0e65cc4b68",
        "x-ms-keyvault-rbac-cache": "ra_age=668;da_age=1052;rd_age=1052;brd_age=10430;ra_notif_age=959;dec_lev=0;",
        "x-ms-keyvault-region": "canadacentral",
        "x-ms-keyvault-service-version": "1.9.576.1"
      },
      "ResponseBody": {
        "value": [
          {
            "recoveryId": "https://vaultname.vault.azure.net/deletedkeys/livekvtestkey3d99d2f69",
            "deletedDate": 1668579745,
            "scheduledPurgeDate": 1669184545,
            "kid": "https://vaultname.vault.azure.net/keys/livekvtestkey3d99d2f69",
            "attributes": {
              "enabled": true,
              "created": 1668579729,
              "updated": 1668579729,
              "recoveryLevel": "CustomizedRecoverable\u002BPurgeable",
              "recoverableDays": 7,
              "exportable": false
            }
          },
          {
            "recoveryId": "https://vaultname.vault.azure.net/deletedkeys/livekvtestkey444fe3051",
            "deletedDate": 1668580101,
            "scheduledPurgeDate": 1669184901,
            "kid": "https://vaultname.vault.azure.net/keys/livekvtestkey444fe3051",
            "attributes": {
              "enabled": true,
              "created": 1668580087,
              "updated": 1668580087,
              "recoveryLevel": "CustomizedRecoverable\u002BPurgeable",
              "recoverableDays": 7,
              "exportable": false
            }
          },
          {
            "recoveryId": "https://vaultname.vault.azure.net/deletedkeys/livekvtestkey4d99d2f69",
            "deletedDate": 1668579748,
            "scheduledPurgeDate": 1669184548,
            "kid": "https://vaultname.vault.azure.net/keys/livekvtestkey4d99d2f69",
            "attributes": {
              "enabled": true,
              "created": 1668579731,
              "updated": 1668579731,
              "recoveryLevel": "CustomizedRecoverable\u002BPurgeable",
              "recoverableDays": 7,
              "exportable": false
            }
          },
          {
            "recoveryId": "https://vaultname.vault.azure.net/deletedkeys/livekvtestkey544fe3051",
            "deletedDate": 1668580103,
            "scheduledPurgeDate": 1669184903,
            "kid": "https://vaultname.vault.azure.net/keys/livekvtestkey544fe3051",
            "attributes": {
              "enabled": true,
              "created": 1668580089,
              "updated": 1668580089,
              "recoveryLevel": "CustomizedRecoverable\u002BPurgeable",
              "recoverableDays": 7,
              "exportable": false
            }
          }
        ],
        "nextLink": "https://vaultname.vault.azure.net:443/deletedkeys?api-version=7.4-preview.1\u0026$skiptoken=eyJOZXh0TWFya2VyIjoiMiExNDAhTURBd01EVTVJV3RsZVM5TVNWWkZTMVpVUlZOVVMwVlpOVFl3UkRreVF6TkJMemRCUkVSR01qSkNRelU0UWpSRU5UZzRNMFF4TTBFeFJrVkZOamt4TUVKR0lUQXdNREF5T0NFNU9UazVMVEV5TFRNeFZESXpPalU1T2pVNUxqazVPVGs1T1RsYUlRLS0iLCJUYXJnZXRMb2NhdGlvbiI6MH0"
      }
    },
    {
      "RequestUri": "https://vaultname.vault.azure.net/deletedkeys?api-version=7.4-preview.1\u0026$skiptoken=eyJOZXh0TWFya2VyIjoiMiExNDAhTURBd01EVTVJV3RsZVM5TVNWWkZTMVpVUlZOVVMwVlpOVFl3UkRreVF6TkJMemRCUkVSR01qSkNRelU0UWpSRU5UZzRNMFF4TTBFeFJrVkZOamt4TUVKR0lUQXdNREF5T0NFNU9UazVMVEV5TFRNeFZESXpPalU1T2pVNUxqazVPVGs1T1RsYUlRLS0iLCJUYXJnZXRMb2NhdGlvbiI6MH0",
      "RequestMethod": "GET",
      "RequestHeaders": {
        "Accept": "*/*",
        "Accept-Encoding": "gzip, deflate",
        "User-Agent": "azsdk-python-keyvault-keys/4.8.0b2 Python/3.10.0 (Windows-10-10.0.22621-SP0)"
      },
      "RequestBody": null,
      "StatusCode": 200,
      "ResponseHeaders": {
        "Cache-Control": "no-cache",
        "Content-Length": "1424",
        "Content-Type": "application/json; charset=utf-8",
        "Date": "Wed, 16 Nov 2022 06:30:55 GMT",
        "Expires": "-1",
        "Pragma": "no-cache",
        "Strict-Transport-Security": "max-age=31536000;includeSubDomains",
        "X-Content-Type-Options": "nosniff",
        "x-ms-keyvault-network-info": "conn_type=Ipv4;addr=172.92.159.124;act_addr_fam=InterNetwork;",
        "x-ms-keyvault-rbac-assignment-id": "db385ea4-950d-56fa-a9aa-1e0e65cc4b68",
        "x-ms-keyvault-rbac-cache": "ra_age=668;da_age=1052;rd_age=1052;brd_age=10430;ra_notif_age=959;dec_lev=0;",
        "x-ms-keyvault-region": "canadacentral",
        "x-ms-keyvault-service-version": "1.9.576.1"
      },
      "ResponseBody": {
        "value": [
          {
            "recoveryId": "https://vaultname.vault.azure.net/deletedkeys/livekvtestkey5d99d2f69",
            "deletedDate": 1668579752,
            "scheduledPurgeDate": 1669184552,
            "kid": "https://vaultname.vault.azure.net/keys/livekvtestkey5d99d2f69",
            "attributes": {
              "enabled": true,
              "created": 1668579734,
              "updated": 1668579734,
              "recoveryLevel": "CustomizedRecoverable\u002BPurgeable",
              "recoverableDays": 7,
              "exportable": false
            }
          },
          {
            "recoveryId": "https://vaultname.vault.azure.net/deletedkeys/livekvtestkey644fe3051",
            "deletedDate": 1668580106,
            "scheduledPurgeDate": 1669184906,
            "kid": "https://vaultname.vault.azure.net/keys/livekvtestkey644fe3051",
            "attributes": {
              "enabled": true,
              "created": 1668580091,
              "updated": 1668580091,
              "recoveryLevel": "CustomizedRecoverable\u002BPurgeable",
              "recoverableDays": 7,
              "exportable": false
            }
          },
          {
            "recoveryId": "https://vaultname.vault.azure.net/deletedkeys/livekvtestkey6d99d2f69",
            "deletedDate": 1668579757,
            "scheduledPurgeDate": 1669184557,
            "kid": "https://vaultname.vault.azure.net/keys/livekvtestkey6d99d2f69",
            "attributes": {
              "enabled": true,
              "created": 1668579736,
              "updated": 1668579736,
              "recoveryLevel": "CustomizedRecoverable\u002BPurgeable",
              "recoverableDays": 7,
              "exportable": false
            }
          }
        ],
        "nextLink": "https://vaultname.vault.azure.net:443/deletedkeys?api-version=7.4-preview.1\u0026$skiptoken=eyJOZXh0TWFya2VyIjoiMiExMDAhTURBd01ETXdJV3RsZVM5TVNWWkZTMVpVUlZOVVMwVlpRMUpaVUZRNFFUaENNekpHUkNFd01EQXdNamdoT1RrNU9TMHhNaTB6TVZReU16bzFPVG8xT1M0NU9UazVPVGs1V2lFLSIsIlRhcmdldExvY2F0aW9uIjowfQ"
      }
    },
    {
      "RequestUri": "https://vaultname.vault.azure.net/deletedkeys?api-version=7.4-preview.1\u0026$skiptoken=eyJOZXh0TWFya2VyIjoiMiExMDAhTURBd01ETXdJV3RsZVM5TVNWWkZTMVpVUlZOVVMwVlpRMUpaVUZRNFFUaENNekpHUkNFd01EQXdNamdoT1RrNU9TMHhNaTB6TVZReU16bzFPVG8xT1M0NU9UazVPVGs1V2lFLSIsIlRhcmdldExvY2F0aW9uIjowfQ",
      "RequestMethod": "GET",
      "RequestHeaders": {
        "Accept": "*/*",
        "Accept-Encoding": "gzip, deflate",
        "User-Agent": "azsdk-python-keyvault-keys/4.8.0b2 Python/3.10.0 (Windows-10-10.0.22621-SP0)"
      },
      "RequestBody": null,
      "StatusCode": 200,
      "ResponseHeaders": {
        "Cache-Control": "no-cache",
        "Content-Length": "377",
        "Content-Type": "application/json; charset=utf-8",
        "Date": "Wed, 16 Nov 2022 06:30:55 GMT",
        "Expires": "-1",
        "Pragma": "no-cache",
        "Strict-Transport-Security": "max-age=31536000;includeSubDomains",
        "X-Content-Type-Options": "nosniff",
        "x-ms-keyvault-network-info": "conn_type=Ipv4;addr=172.92.159.124;act_addr_fam=InterNetwork;",
        "x-ms-keyvault-rbac-assignment-id": "db385ea4-950d-56fa-a9aa-1e0e65cc4b68",
        "x-ms-keyvault-rbac-cache": "ra_age=668;da_age=1052;rd_age=1052;brd_age=10430;ra_notif_age=960;dec_lev=0;",
        "x-ms-keyvault-region": "canadacentral",
        "x-ms-keyvault-service-version": "1.9.576.1"
      },
      "ResponseBody": {
        "value": [],
        "nextLink": "https://vaultname.vault.azure.net:443/deletedkeys?api-version=7.4-preview.1\u0026$skiptoken=eyJOZXh0TWFya2VyIjoiMiExNTYhTURBd01EY3hJV3RsZVM5TVNWWkZTMVpVUlZOVVVsTkJMVTVQVkMxWlJWUXRWa0ZNU1VRNFJqa3pRak13TDBNNE5VSkRNRU5DTTBNNE56UXdNa0k0UWtFd05VSTNNak5HUkRaR05qSkZJVEF3TURBeU9DRTVPVGs1TFRFeUxUTXhWREl6T2pVNU9qVTVMams1T1RrNU9UbGFJUS0tIiwiVGFyZ2V0TG9jYXRpb24iOjB9"
      }
    },
    {
      "RequestUri": "https://vaultname.vault.azure.net/deletedkeys?api-version=7.4-preview.1\u0026$skiptoken=eyJOZXh0TWFya2VyIjoiMiExNTYhTURBd01EY3hJV3RsZVM5TVNWWkZTMVpVUlZOVVVsTkJMVTVQVkMxWlJWUXRWa0ZNU1VRNFJqa3pRak13TDBNNE5VSkRNRU5DTTBNNE56UXdNa0k0UWtFd05VSTNNak5HUkRaR05qSkZJVEF3TURBeU9DRTVPVGs1TFRFeUxUTXhWREl6T2pVNU9qVTVMams1T1RrNU9UbGFJUS0tIiwiVGFyZ2V0TG9jYXRpb24iOjB9",
      "RequestMethod": "GET",
      "RequestHeaders": {
        "Accept": "*/*",
        "Accept-Encoding": "gzip, deflate",
        "User-Agent": "azsdk-python-keyvault-keys/4.8.0b2 Python/3.10.0 (Windows-10-10.0.22621-SP0)"
      },
      "RequestBody": null,
      "StatusCode": 200,
      "ResponseHeaders": {
        "Cache-Control": "no-cache",
        "Content-Length": "313",
        "Content-Type": "application/json; charset=utf-8",
        "Date": "Wed, 16 Nov 2022 06:30:56 GMT",
        "Expires": "-1",
        "Pragma": "no-cache",
        "Strict-Transport-Security": "max-age=31536000;includeSubDomains",
        "X-Content-Type-Options": "nosniff",
        "x-ms-keyvault-network-info": "conn_type=Ipv4;addr=172.92.159.124;act_addr_fam=InterNetwork;",
        "x-ms-keyvault-rbac-assignment-id": "db385ea4-950d-56fa-a9aa-1e0e65cc4b68",
        "x-ms-keyvault-rbac-cache": "ra_age=668;da_age=1052;rd_age=1052;brd_age=10430;ra_notif_age=960;dec_lev=0;",
        "x-ms-keyvault-region": "canadacentral",
        "x-ms-keyvault-service-version": "1.9.576.1"
      },
      "ResponseBody": {
        "value": [],
        "nextLink": "https://vaultname.vault.azure.net:443/deletedkeys?api-version=7.4-preview.1\u0026$skiptoken=eyJOZXh0TWFya2VyIjoiMiExMDghTURBd01ETTNJV3RsZVM5TVNWWkZTMVpVUlZOVVVsTkJMVlpGVWtsR1dTMDBNRGsyTXpCRk1ETTBNa1FoTURBd01ESTRJVGs1T1RrdE1USXRNekZVTWpNNk5UazZOVGt1T1RrNU9UazVPVm9oIiwiVGFyZ2V0TG9jYXRpb24iOjB9"
      }
    },
    {
      "RequestUri": "https://vaultname.vault.azure.net/deletedkeys?api-version=7.4-preview.1\u0026$skiptoken=eyJOZXh0TWFya2VyIjoiMiExMDghTURBd01ETTNJV3RsZVM5TVNWWkZTMVpVUlZOVVVsTkJMVlpGVWtsR1dTMDBNRGsyTXpCRk1ETTBNa1FoTURBd01ESTRJVGs1T1RrdE1USXRNekZVTWpNNk5UazZOVGt1T1RrNU9UazVPVm9oIiwiVGFyZ2V0TG9jYXRpb24iOjB9",
      "RequestMethod": "GET",
      "RequestHeaders": {
        "Accept": "*/*",
        "Accept-Encoding": "gzip, deflate",
        "User-Agent": "azsdk-python-keyvault-keys/4.8.0b2 Python/3.10.0 (Windows-10-10.0.22621-SP0)"
      },
      "RequestBody": null,
      "StatusCode": 200,
      "ResponseHeaders": {
        "Cache-Control": "no-cache",
        "Content-Length": "28",
        "Content-Type": "application/json; charset=utf-8",
        "Date": "Wed, 16 Nov 2022 06:30:56 GMT",
        "Expires": "-1",
        "Pragma": "no-cache",
        "Strict-Transport-Security": "max-age=31536000;includeSubDomains",
        "X-Content-Type-Options": "nosniff",
        "x-ms-keyvault-network-info": "conn_type=Ipv4;addr=172.92.159.124;act_addr_fam=InterNetwork;",
        "x-ms-keyvault-rbac-assignment-id": "db385ea4-950d-56fa-a9aa-1e0e65cc4b68",
        "x-ms-keyvault-rbac-cache": "ra_age=669;da_age=1053;rd_age=1053;brd_age=10431;ra_notif_age=960;dec_lev=0;",
        "x-ms-keyvault-region": "canadacentral",
        "x-ms-keyvault-service-version": "1.9.576.1"
      },
      "ResponseBody": {
        "value": [],
        "nextLink": null
      }
    }
  ],
  "Variables": {}
}
