{
  "Entries": [
    {
      "RequestUri": "https://Sanitized.vault.azure.net/keys/livekvtestcrypto-test-wrapping-key51db366e/create?api-version=7.6-preview.2",
      "RequestMethod": "POST",
      "RequestHeaders": {
        "Accept": "application/json",
        "Accept-Encoding": "gzip, deflate",
        "Content-Length": "0",
        "Content-Type": "application/json",
        "User-Agent": "azsdk-python-keyvault-keys/4.10.1 Python/3.10.12 (Linux-5.15.167.4-microsoft-standard-WSL2-x86_64-with-glibc2.35)"
      },
      "RequestBody": null,
      "StatusCode": 401,
      "ResponseHeaders": {
        "Cache-Control": "no-cache",
        "Content-Length": "97",
        "Content-Type": "application/json; charset=utf-8",
        "Date": "Tue, 11 Mar 2025 22:22:47 GMT",
        "Expires": "-1",
        "Pragma": "no-cache",
        "Strict-Transport-Security": "max-age=31536000;includeSubDomains",
        "WWW-Authenticate": "Bearer authorization=\"https://login.microsoftonline.com/72f988bf-86f1-41af-91ab-2d7cd011db47\", resource=\"https://vault.azure.net\"",
        "X-Content-Type-Options": "nosniff",
        "x-ms-keyvault-network-info": "conn_type=Ipv4;addr=136.27.70.204;act_addr_fam=InterNetwork;",
        "x-ms-keyvault-region": "westus3",
        "x-ms-keyvault-service-version": "1.9.2203.1"
      },
      "ResponseBody": {
        "error": {
          "code": "Unauthorized",
          "message": "AKV10000: Request is missing a Bearer or PoP token."
        }
      }
    },
    {
      "RequestUri": "https://Sanitized.vault.azure.net/keys/livekvtestcrypto-test-wrapping-key51db366e/create?api-version=7.6-preview.2",
      "RequestMethod": "POST",
      "RequestHeaders": {
        "Accept": "application/json",
        "Accept-Encoding": "gzip, deflate",
        "Content-Length": "14",
        "Content-Type": "application/json",
        "User-Agent": "azsdk-python-keyvault-keys/4.10.1 Python/3.10.12 (Linux-5.15.167.4-microsoft-standard-WSL2-x86_64-with-glibc2.35)"
      },
      "RequestBody": {
        "kty": "RSA"
      },
      "StatusCode": 200,
      "ResponseHeaders": {
        "Cache-Control": "no-cache",
        "Content-Length": "753",
        "Content-Type": "application/json; charset=utf-8",
        "Date": "Tue, 11 Mar 2025 22:22:49 GMT",
        "Expires": "-1",
        "Pragma": "no-cache",
        "Strict-Transport-Security": "max-age=31536000;includeSubDomains",
        "X-Content-Type-Options": "nosniff",
        "x-ms-keyvault-network-info": "conn_type=Ipv4;addr=136.27.70.204;act_addr_fam=InterNetwork;",
        "x-ms-keyvault-rbac-assignment-id": "220ffef3b31046f1a2c46b665b4ee21c",
        "x-ms-keyvault-region": "westus3",
        "x-ms-keyvault-service-version": "1.9.2203.1"
      },
      "ResponseBody": {
        "key": {
          "kid": "https://vaultname.vault.azure.net/keys/livekvtestcrypto-test-wrapping-key51db366e/97fb34307d6a48efa762044333e135b5",
          "kty": "RSA",
          "key_ops": [
            "encrypt",
            "decrypt",
            "sign",
            "verify",
            "wrapKey",
            "unwrapKey"
          ],
          "n": "mx8-_No7sJ3ioxs1gKAEpjJ7sZKC5FBbZBb_m5wHRboXGKUMIKX6OWyTqeglE-6U0nyQG_BeFWV2m-O0CQabcqqRiCTtEgG2zUVvYm7G17Mfv_CwnpE__hF4GngVJk4e6Dc8YxNZjRw3PNGyWMJNDoSlsuDgkrdzKXK2zg_GATCbK7n1tjqoYJDXQQGXgSKQuX5BVU59l5T8t4G_JTLb79q6rg5Bua-T0mjso7qVRPFvM-BRE2Yb3WhiRHgMn_xdLL9ZH6KvI8WImVDewTljnnmzZn4kM0wKSI_nA8MEpb8u5R5xx8mb-ZVxl1-LidtF3_E0_P36oz13Uj3EzTIsUQ",
          "e": "AQAB"
        },
        "attributes": {
          "enabled": true,
          "created": 1741731769,
          "updated": 1741731769,
          "recoveryLevel": "CustomizedRecoverable+Purgeable",
          "recoverableDays": 7,
          "exportable": false,
          "hsmPlatform": "0"
        }
      }
    },
    {
      "RequestUri": "https://Sanitized.vault.azure.net/keys/livekvtestcrypto-test-wrapping-key51db366e/97fb34307d6a48efa762044333e135b5/sign?api-version=7.6-preview.2",
      "RequestMethod": "POST",
      "RequestHeaders": {
        "Accept": "application/json",
        "Accept-Encoding": "gzip, deflate",
        "Content-Length": "72",
        "Content-Type": "application/json",
        "User-Agent": "azsdk-python-keyvault-keys/4.10.1 Python/3.10.12 (Linux-5.15.167.4-microsoft-standard-WSL2-x86_64-with-glibc2.35)"
      },
      "RequestBody": {
        "alg": "RS256",
        "value": "ltYuKr0-Qt5fUDMPuO_ExVmYNSeAd7IemqCzPB3wehw"
      },
      "StatusCode": 200,
      "ResponseHeaders": {
        "Cache-Control": "no-cache",
        "Content-Length": "477",
        "Content-Type": "application/json; charset=utf-8",
        "Date": "Tue, 11 Mar 2025 22:22:51 GMT",
        "Expires": "-1",
        "Pragma": "no-cache",
        "Strict-Transport-Security": "max-age=31536000;includeSubDomains",
        "X-Content-Type-Options": "nosniff",
        "x-ms-keyvault-network-info": "conn_type=Ipv4;addr=136.27.70.204;act_addr_fam=InterNetwork;",
        "x-ms-keyvault-rbac-assignment-id": "220ffef3b31046f1a2c46b665b4ee21c",
        "x-ms-keyvault-region": "westus3",
        "x-ms-keyvault-service-version": "1.9.2203.1"
      },
      "ResponseBody": {
        "kid": "https://vaultname.vault.azure.net/keys/livekvtestcrypto-test-wrapping-key51db366e/97fb34307d6a48efa762044333e135b5",
        "value": "Nh2Whf19TAgT0u3z-wDOLgStYl2B2SpUjjG8Gb9Xyv69F-MNpAmws1I30VyVI31JiPLSRmNhBkKpxQJJlrCf5-AuvrHdNVt41xDzi6HQp1AvmYpcnCIY3ErqPxt-X_D_Euh7Xar6Er5jEt5i5ztrHq8YqVI3rFsCaHTkh4E4nu43qoPvt92VueiWSGX4VvfPVCaHAWn3bqI7THeY5wvY9jqi2Zn_0dUU5VFI0NRC9isIwnh9l764DJn3O7Tqu4MwRmJoju8HDUoQvNq8TKI6w3TYWk_ECtdM3gS_Xp3aNz8Rs6CNOgXBv4rtkRhcQmA9zogwFY1yt0jRX4dPr8ZxHA"
      }
    }
  ],
  "Variables": {}
}
