{
  "Entries": [
    {
      "RequestUri": "https://Sanitized.managedhsm.azure.net/keys/livekvtestkey0ffdf2b4c/create?api-version=7.6-preview.2",
      "RequestMethod": "POST",
      "RequestHeaders": {
        "Accept": "application/json",
        "Accept-Encoding": "gzip, deflate",
        "Connection": "keep-alive",
        "Content-Length": "0",
        "Content-Type": "application/json",
        "User-Agent": "azsdk-python-keyvault-keys/4.10.1 Python/3.10.12 (Linux-5.15.167.4-microsoft-standard-WSL2-x86_64-with-glibc2.35)"
      },
      "RequestBody": null,
      "StatusCode": 401,
      "ResponseHeaders": {
        "Cache-Control": "no-cache",
        "Content-Length": "0",
        "Content-Security-Policy": "default-src 'self'",
        "Content-Type": "application/json; charset=utf-8",
        "Strict-Transport-Security": "max-age=31536000; includeSubDomains",
        "WWW-Authenticate": "Bearer authorization=\"https://login.microsoftonline.com/72f988bf-86f1-41af-91ab-2d7cd011db47\", resource=\"https://managedhsm.azure.net\"",
        "X-Content-Type-Options": "nosniff",
        "X-Frame-Options": "SAMEORIGIN",
        "x-ms-server-latency": "1"
      },
      "ResponseBody": null
    },
    {
      "RequestUri": "https://Sanitized.managedhsm.azure.net/keys/livekvtestkey0ffdf2b4c/create?api-version=7.6-preview.2",
      "RequestMethod": "POST",
      "RequestHeaders": {
        "Accept": "application/json",
        "Accept-Encoding": "gzip, deflate",
        "Connection": "keep-alive",
        "Content-Length": "18",
        "Content-Type": "application/json",
        "User-Agent": "azsdk-python-keyvault-keys/4.10.1 Python/3.10.12 (Linux-5.15.167.4-microsoft-standard-WSL2-x86_64-with-glibc2.35)"
      },
      "RequestBody": {
        "kty": "RSA-HSM"
      },
      "StatusCode": 200,
      "ResponseHeaders": {
        "Cache-Control": "no-cache",
        "Content-Length": "734",
        "Content-Security-Policy": "default-src 'self'",
        "Content-Type": "application/json; charset=utf-8",
        "Strict-Transport-Security": "max-age=31536000; includeSubDomains",
        "X-Content-Type-Options": "nosniff",
        "X-Frame-Options": "SAMEORIGIN",
        "x-ms-keyvault-network-info": "conn_type=Ipv4;addr=136.27.70.204;act_addr_fam=Ipv4;",
        "x-ms-keyvault-region": "brazilsouth",
        "x-ms-server-latency": "117"
      },
      "ResponseBody": {
        "attributes": {
          "created": 1741741181,
          "enabled": true,
          "exportable": false,
          "recoverableDays": 7,
          "recoveryLevel": "CustomizedRecoverable+Purgeable",
          "updated": 1741741181
        },
        "key": {
          "e": "AQAB",
          "key_ops": [
            "wrapKey",
            "decrypt",
            "encrypt",
            "unwrapKey",
            "sign",
            "verify"
          ],
          "kid": "https://managedhsmvaultname.managedhsm.azure.net/keys/livekvtestkey0ffdf2b4c/aeced76f44664d95323f55cace36c30d",
          "kty": "RSA-HSM",
          "n": "m9SsNaIDSmx_LbCFKV9DUyoOO7noZuwJhTUeCl3uBmCHgHxowkuR8QI7dBrwoWx84YMFyRUhJoRV_7cSEIVZabd3Y2ivTET9kPxqvL7E6mxkuxv0_aguvObg_fgHAwsNEVNbFS0tRxPzWz0OCu5Nufw06MYKTLjSgD_0hn2PXdQkWyV2m5YIUZFaycNfJgpJIgHQ6N-JAsx7BuZIMNMMAbdjGPYb5cnK2JAaJSKGUGPdVo9jfpFdgyil94X93m0PwD4f7WUFr3ga81RsmlOc736ZJxmleCYQhpkT5qQZ423_1SRoXo1Nk7DUuva9ibMce_BUccHgL-S0LJTV4pzMeQ"
        }
      }
    },
    {
      "RequestUri": "https://Sanitized.managedhsm.azure.net/keys/livekvtestkey1ffdf2b4c/create?api-version=7.6-preview.2",
      "RequestMethod": "POST",
      "RequestHeaders": {
        "Accept": "application/json",
        "Accept-Encoding": "gzip, deflate",
        "Connection": "keep-alive",
        "Content-Length": "18",
        "Content-Type": "application/json",
        "User-Agent": "azsdk-python-keyvault-keys/4.10.1 Python/3.10.12 (Linux-5.15.167.4-microsoft-standard-WSL2-x86_64-with-glibc2.35)"
      },
      "RequestBody": {
        "kty": "RSA-HSM"
      },
      "StatusCode": 200,
      "ResponseHeaders": {
        "Cache-Control": "no-cache",
        "Content-Length": "734",
        "Content-Security-Policy": "default-src 'self'",
        "Content-Type": "application/json; charset=utf-8",
        "Strict-Transport-Security": "max-age=31536000; includeSubDomains",
        "X-Content-Type-Options": "nosniff",
        "X-Frame-Options": "SAMEORIGIN",
        "x-ms-keyvault-network-info": "conn_type=Ipv4;addr=136.27.70.204;act_addr_fam=Ipv4;",
        "x-ms-keyvault-region": "brazilsouth",
        "x-ms-server-latency": "111"
      },
      "ResponseBody": {
        "attributes": {
          "created": 1741741184,
          "enabled": true,
          "exportable": false,
          "recoverableDays": 7,
          "recoveryLevel": "CustomizedRecoverable+Purgeable",
          "updated": 1741741184
        },
        "key": {
          "e": "AQAB",
          "key_ops": [
            "wrapKey",
            "decrypt",
            "encrypt",
            "unwrapKey",
            "sign",
            "verify"
          ],
          "kid": "https://managedhsmvaultname.managedhsm.azure.net/keys/livekvtestkey1ffdf2b4c/cdaaca7b2a1a424c1388a2716e39ba57",
          "kty": "RSA-HSM",
          "n": "vDvtSSfo4a139sv9pYskeWjhN09EKohYG4py63KJuDP7564XlrGUnpTt18_zmJtJG1nc5uR-kDShDFRXyuFPr0Kb1Ei9Tm1Se9S6XOMMrNeG2Wc5eVDb9kDPDjUN7kM4GWhO8pd7lOvlm5CX42wX74TLBCeHOUnu8As7yG6ndu8TxAI65IA3cRC4dSLYBJRUQv_6boAYiOIXzy7fPR0jT4tZ80LuRojyQk8jb1icQcF6Q_BIAfOp89YiD3OGi4eDHWNI8xz5NpT0kS0zM0_KmzUwJmT2rGwvCgXNyLzDigvPTfV45URrllKoh1-sHU5lyfva6_C4yB1q0MvKbHDM0Q"
        }
      }
    },
    {
      "RequestUri": "https://Sanitized.managedhsm.azure.net/keys/livekvtestkey2ffdf2b4c/create?api-version=7.6-preview.2",
      "RequestMethod": "POST",
      "RequestHeaders": {
        "Accept": "application/json",
        "Accept-Encoding": "gzip, deflate",
        "Connection": "keep-alive",
        "Content-Length": "18",
        "Content-Type": "application/json",
        "User-Agent": "azsdk-python-keyvault-keys/4.10.1 Python/3.10.12 (Linux-5.15.167.4-microsoft-standard-WSL2-x86_64-with-glibc2.35)"
      },
      "RequestBody": {
        "kty": "RSA-HSM"
      },
      "StatusCode": 200,
      "ResponseHeaders": {
        "Cache-Control": "no-cache",
        "Content-Length": "734",
        "Content-Security-Policy": "default-src 'self'",
        "Content-Type": "application/json; charset=utf-8",
        "Strict-Transport-Security": "max-age=31536000; includeSubDomains",
        "X-Content-Type-Options": "nosniff",
        "X-Frame-Options": "SAMEORIGIN",
        "x-ms-keyvault-network-info": "conn_type=Ipv4;addr=136.27.70.204;act_addr_fam=Ipv4;",
        "x-ms-keyvault-region": "brazilsouth",
        "x-ms-server-latency": "127"
      },
      "ResponseBody": {
        "attributes": {
          "created": 1741741186,
          "enabled": true,
          "exportable": false,
          "recoverableDays": 7,
          "recoveryLevel": "CustomizedRecoverable+Purgeable",
          "updated": 1741741186
        },
        "key": {
          "e": "AQAB",
          "key_ops": [
            "wrapKey",
            "decrypt",
            "encrypt",
            "unwrapKey",
            "sign",
            "verify"
          ],
          "kid": "https://managedhsmvaultname.managedhsm.azure.net/keys/livekvtestkey2ffdf2b4c/f8c689d8a14547163df328b9412a121b",
          "kty": "RSA-HSM",
          "n": "i9oOmXqrY-VsYuwhjxpaqL3bCzh48DTaLaOwzks2eAYrtsay_c8CY7skeMSrhipvOk2Ovu1o5pZIf-5VxOU3OpCEJGv-YDuHmHOkMU7eZy-SpTgytc3TPmqWTLIz8nIEu2n3WS8wbfSdQw7aAP8K4fcxWeVrHbwAaG0TcrIbzIT30-1KZIYNPKAnUL2-vIXFrr1q9VG_S24ai0ce4R4cdBMp573jOjJv-oskWM7P4Y_d4nii7kCF0STTvUEjIGbaLcSQ8gny2Vid_uSeKPDVATgnSQAnvbwBAc-panjT1HEk5Ow1vGiwLUEzsnMX0vXvGbhyMTJqlfx4hj0pVpthyQ"
        }
      }
    },
    {
      "RequestUri": "https://Sanitized.managedhsm.azure.net/keys/livekvtestkey3ffdf2b4c/create?api-version=7.6-preview.2",
      "RequestMethod": "POST",
      "RequestHeaders": {
        "Accept": "application/json",
        "Accept-Encoding": "gzip, deflate",
        "Connection": "keep-alive",
        "Content-Length": "18",
        "Content-Type": "application/json",
        "User-Agent": "azsdk-python-keyvault-keys/4.10.1 Python/3.10.12 (Linux-5.15.167.4-microsoft-standard-WSL2-x86_64-with-glibc2.35)"
      },
      "RequestBody": {
        "kty": "RSA-HSM"
      },
      "StatusCode": 200,
      "ResponseHeaders": {
        "Cache-Control": "no-cache",
        "Content-Length": "734",
        "Content-Security-Policy": "default-src 'self'",
        "Content-Type": "application/json; charset=utf-8",
        "Strict-Transport-Security": "max-age=31536000; includeSubDomains",
        "X-Content-Type-Options": "nosniff",
        "X-Frame-Options": "SAMEORIGIN",
        "x-ms-keyvault-network-info": "conn_type=Ipv4;addr=136.27.70.204;act_addr_fam=Ipv4;",
        "x-ms-keyvault-region": "brazilsouth",
        "x-ms-server-latency": "104"
      },
      "ResponseBody": {
        "attributes": {
          "created": 1741741188,
          "enabled": true,
          "exportable": false,
          "recoverableDays": 7,
          "recoveryLevel": "CustomizedRecoverable+Purgeable",
          "updated": 1741741188
        },
        "key": {
          "e": "AQAB",
          "key_ops": [
            "wrapKey",
            "decrypt",
            "encrypt",
            "unwrapKey",
            "sign",
            "verify"
          ],
          "kid": "https://managedhsmvaultname.managedhsm.azure.net/keys/livekvtestkey3ffdf2b4c/f5c5a41a957b02502123740f9e4eeeaa",
          "kty": "RSA-HSM",
          "n": "nnroCMh6S9p21vBBpdLQxNWDXZjEqAvBRYFA-29H2Zy61DpPs-kRw27Yb1cVjnORRtiluZyEUPMYyEvo-x5trtTBo3hjDjLk9ada6IvI5Oe1gKBkXUwH52lZqUZO_JSORM1OvSb2NuNOWjlcQXbFTV9P3JBqdHlgY74CWqHJxslHQTNnegDjC5cTFrn8zgtDaJU-Dnds3tELc_MfQQ6L_EBqWjEm7eBShmqf9tA8_AWOwgpR9XRNn9P_H4tQwq3L_WhI5f7FCwxaW63L0vCBkc5LAoueRTbytcSRrdfNDPScWqWSTHYx11JvzTAcGrSoE5KnXddYAWjM8k6KjMygGQ"
        }
      }
    },
    {
      "RequestUri": "https://Sanitized.managedhsm.azure.net/keys/livekvtestkey4ffdf2b4c/create?api-version=7.6-preview.2",
      "RequestMethod": "POST",
      "RequestHeaders": {
        "Accept": "application/json",
        "Accept-Encoding": "gzip, deflate",
        "Connection": "keep-alive",
        "Content-Length": "18",
        "Content-Type": "application/json",
        "User-Agent": "azsdk-python-keyvault-keys/4.10.1 Python/3.10.12 (Linux-5.15.167.4-microsoft-standard-WSL2-x86_64-with-glibc2.35)"
      },
      "RequestBody": {
        "kty": "RSA-HSM"
      },
      "StatusCode": 200,
      "ResponseHeaders": {
        "Cache-Control": "no-cache",
        "Content-Length": "734",
        "Content-Security-Policy": "default-src 'self'",
        "Content-Type": "application/json; charset=utf-8",
        "Strict-Transport-Security": "max-age=31536000; includeSubDomains",
        "X-Content-Type-Options": "nosniff",
        "X-Frame-Options": "SAMEORIGIN",
        "x-ms-keyvault-network-info": "conn_type=Ipv4;addr=136.27.70.204;act_addr_fam=Ipv4;",
        "x-ms-keyvault-region": "brazilsouth",
        "x-ms-server-latency": "126"
      },
      "ResponseBody": {
        "attributes": {
          "created": 1741741191,
          "enabled": true,
          "exportable": false,
          "recoverableDays": 7,
          "recoveryLevel": "CustomizedRecoverable+Purgeable",
          "updated": 1741741191
        },
        "key": {
          "e": "AQAB",
          "key_ops": [
            "wrapKey",
            "decrypt",
            "encrypt",
            "unwrapKey",
            "sign",
            "verify"
          ],
          "kid": "https://managedhsmvaultname.managedhsm.azure.net/keys/livekvtestkey4ffdf2b4c/aaa5dda4ee7403b00b418f483f27dd9d",
          "kty": "RSA-HSM",
          "n": "juMCs2RogTJjLUQkaintYR-Q25IhD3b3iq-Zt3be_k7RK8100QzmCfD6voNBGogJXq9Lzb2mAMNNWt53kJKLLjKyygnS5oFk-kSPqgY-HnpAaD0XElH0hOcwaeFMGErsc7o4eytML3P9UdowFxBRkZPaOe9nQzCip61somjv-hWPuaF0mrWX1QXJ5mJ-L-nLZKkvzZSA8Sh_En4XPb6ETJHiLMAxYQlTWxis-4IQ8mtGah1tXUdJaj8Sn3TkjPSEJ5mMnApBayG0V0d0H0DA-EH7LbJAka5PljvF584Kyw0A2NDP_OgiOpat_75AScMme36HPnov6RQGdx4loZ6uuw"
        }
      }
    },
    {
      "RequestUri": "https://Sanitized.managedhsm.azure.net/keys/livekvtestkey5ffdf2b4c/create?api-version=7.6-preview.2",
      "RequestMethod": "POST",
      "RequestHeaders": {
        "Accept": "application/json",
        "Accept-Encoding": "gzip, deflate",
        "Connection": "keep-alive",
        "Content-Length": "18",
        "Content-Type": "application/json",
        "User-Agent": "azsdk-python-keyvault-keys/4.10.1 Python/3.10.12 (Linux-5.15.167.4-microsoft-standard-WSL2-x86_64-with-glibc2.35)"
      },
      "RequestBody": {
        "kty": "RSA-HSM"
      },
      "StatusCode": 200,
      "ResponseHeaders": {
        "Cache-Control": "no-cache",
        "Content-Length": "734",
        "Content-Security-Policy": "default-src 'self'",
        "Content-Type": "application/json; charset=utf-8",
        "Strict-Transport-Security": "max-age=31536000; includeSubDomains",
        "X-Content-Type-Options": "nosniff",
        "X-Frame-Options": "SAMEORIGIN",
        "x-ms-keyvault-network-info": "conn_type=Ipv4;addr=136.27.70.204;act_addr_fam=Ipv4;",
        "x-ms-keyvault-region": "brazilsouth",
        "x-ms-server-latency": "119"
      },
      "ResponseBody": {
        "attributes": {
          "created": 1741741193,
          "enabled": true,
          "exportable": false,
          "recoverableDays": 7,
          "recoveryLevel": "CustomizedRecoverable+Purgeable",
          "updated": 1741741193
        },
        "key": {
          "e": "AQAB",
          "key_ops": [
            "wrapKey",
            "decrypt",
            "encrypt",
            "unwrapKey",
            "sign",
            "verify"
          ],
          "kid": "https://managedhsmvaultname.managedhsm.azure.net/keys/livekvtestkey5ffdf2b4c/1e121867369640cc30d4bf9d23ca23ee",
          "kty": "RSA-HSM",
          "n": "uWiLdRizZFkKEkqrGRkGV1NjxAwIozZoHaoQBxIc3p5IHTJ9UUzhMJV7ykrC-7o3_2M7sV1nVZ6HbQDbNZCN5xBVWj-FDkAn3u04l5WHjHkBIp64MhhwGQihw_7wr8PBlQFthaSHrf7vyx2ZcbCBprA4Cg8j5PE4OD9RkV_5YKHeU79aMCtftiaBRdMtOjLA9y5rspQVxlPNf9b1eUNGrxaFdiJ29UX0Iwraq6mTLJae_kBoWbLtULqVK--FEAJp7g2URq7XPgTjzSa9vdbahBwuRnpeQqCdiznF6vlIi646CjI4V6F3KMF-9f_tXSX-sZC2pwvKm-Ql9RJfbnL6yQ"
        }
      }
    },
    {
      "RequestUri": "https://Sanitized.managedhsm.azure.net/keys/livekvtestkey6ffdf2b4c/create?api-version=7.6-preview.2",
      "RequestMethod": "POST",
      "RequestHeaders": {
        "Accept": "application/json",
        "Accept-Encoding": "gzip, deflate",
        "Connection": "keep-alive",
        "Content-Length": "18",
        "Content-Type": "application/json",
        "User-Agent": "azsdk-python-keyvault-keys/4.10.1 Python/3.10.12 (Linux-5.15.167.4-microsoft-standard-WSL2-x86_64-with-glibc2.35)"
      },
      "RequestBody": {
        "kty": "RSA-HSM"
      },
      "StatusCode": 200,
      "ResponseHeaders": {
        "Cache-Control": "no-cache",
        "Content-Length": "734",
        "Content-Security-Policy": "default-src 'self'",
        "Content-Type": "application/json; charset=utf-8",
        "Strict-Transport-Security": "max-age=31536000; includeSubDomains",
        "X-Content-Type-Options": "nosniff",
        "X-Frame-Options": "SAMEORIGIN",
        "x-ms-keyvault-network-info": "conn_type=Ipv4;addr=136.27.70.204;act_addr_fam=Ipv4;",
        "x-ms-keyvault-region": "brazilsouth",
        "x-ms-server-latency": "134"
      },
      "ResponseBody": {
        "attributes": {
          "created": 1741741195,
          "enabled": true,
          "exportable": false,
          "recoverableDays": 7,
          "recoveryLevel": "CustomizedRecoverable+Purgeable",
          "updated": 1741741195
        },
        "key": {
          "e": "AQAB",
          "key_ops": [
            "wrapKey",
            "decrypt",
            "encrypt",
            "unwrapKey",
            "sign",
            "verify"
          ],
          "kid": "https://managedhsmvaultname.managedhsm.azure.net/keys/livekvtestkey6ffdf2b4c/de1f89133a79411d8c472a53442bba03",
          "kty": "RSA-HSM",
          "n": "msKAFtQP2KaL8_gdKoqnFKWOx56q4uhnmqSrmIWpukSgvYPQ_0_spwLglKfL5eqzRLzYGp3FFfzjegZytoG6U1EXLT9ZbWKBEhUVleOqjWBqwDUfEX_zFPmAsriEKejyGmF3Iaw07PFsk70ifeo6bCBPmfvOxjmn5szedZAZVE4UocvO5pKhNg67SDGTCyg7Tmthe15DJAuCUpfggsQ5Nhw-7bVbQ1zBL84V8E_qCmnRdc9o0lH1NyjsUF4bLpYb_YPvTMj-7XkN76guNqC93SXV31tfgtDMLZ4nFg_o2YRsyiIyqvtHONCyEbTsU2GTy1NPRw2fg1laJK_SIPb7_w"
        }
      }
    },
    {
      "RequestUri": "https://Sanitized.managedhsm.azure.net/keys?api-version=7.6-preview.2&maxresults=6",
      "RequestMethod": "GET",
      "RequestHeaders": {
        "Accept": "application/json",
        "Accept-Encoding": "gzip, deflate",
        "Connection": "keep-alive",
        "User-Agent": "azsdk-python-keyvault-keys/4.10.1 Python/3.10.12 (Linux-5.15.167.4-microsoft-standard-WSL2-x86_64-with-glibc2.35)"
      },
      "RequestBody": null,
      "StatusCode": 200,
      "ResponseHeaders": {
        "Cache-Control": "no-cache",
        "Content-Length": "1632",
        "Content-Security-Policy": "default-src 'self'",
        "Content-Type": "application/json; charset=utf-8",
        "Strict-Transport-Security": "max-age=31536000; includeSubDomains",
        "X-Content-Type-Options": "nosniff",
        "X-Frame-Options": "SAMEORIGIN",
        "x-ms-build-version": "1.0.20250221-1-e4accbbe-develop",
        "x-ms-keyvault-network-info": "conn_type=Ipv4;addr=136.27.70.204;act_addr_fam=Ipv4;",
        "x-ms-keyvault-region": "brazilsouth",
        "x-ms-server-latency": "28"
      },
      "ResponseBody": {
        "nextLink": "https://managedhsmvaultname.managedhsm.azure.net/keys?maxresults=6&$skiptoken=Sanitized",
        "value": [
          {
            "attributes": {
              "created": 1741740823,
              "enabled": true,
              "exportable": false,
              "recoverableDays": 7,
              "recoveryLevel": "CustomizedRecoverable+Purgeable",
              "updated": 1741740823
            },
            "kid": "https://managedhsmvaultname.managedhsm.azure.net/keys/livekvtestmultitenant-key28ba35f6"
          },
          {
            "attributes": {
              "created": 1741740829,
              "enabled": true,
              "exportable": false,
              "recoverableDays": 7,
              "recoveryLevel": "CustomizedRecoverable+Purgeable",
              "updated": 1741740829
            },
            "kid": "https://managedhsmvaultname.managedhsm.azure.net/keys/livekvtestmultitenant-key88703873"
          },
          {
            "attributes": {
              "created": 1741740836,
              "enabled": true,
              "exportable": false,
              "recoverableDays": 7,
              "recoveryLevel": "CustomizedRecoverable+Purgeable",
              "updated": 1741740836
            },
            "kid": "https://managedhsmvaultname.managedhsm.azure.net/keys/livekvtesteckey54752e34"
          },
          {
            "attributes": {
              "created": 1741740843,
              "enabled": true,
              "exportable": false,
              "recoverableDays": 7,
              "recoveryLevel": "CustomizedRecoverable+Purgeable",
              "updated": 1741740843
            },
            "kid": "https://managedhsmvaultname.managedhsm.azure.net/keys/livekvtestrsakey88362eb2"
          },
          {
            "attributes": {
              "created": 1741740847,
              "enabled": true,
              "exportable": false,
              "recoverableDays": 7,
              "recoveryLevel": "CustomizedRecoverable+Purgeable",
              "updated": 1741740847
            },
            "kid": "https://managedhsmvaultname.managedhsm.azure.net/keys/livekvtestkeycrypt566c3289"
          },
          {
            "attributes": {
              "created": 1741740852,
              "enabled": true,
              "exportable": false,
              "recoverableDays": 7,
              "recoveryLevel": "CustomizedRecoverable+Purgeable",
              "updated": 1741740852
            },
            "kid": "https://managedhsmvaultname.managedhsm.azure.net/keys/livekvtestkeysign83c430cf"
          }
        ]
      }
    },
    {
      "RequestUri": "https://Sanitized.managedhsm.azure.net/keys?maxresults=6&$skiptoken=Sanitized&api-version=7.6-preview.2",
      "RequestMethod": "GET",
      "RequestHeaders": {
        "Accept": "*/*",
        "Accept-Encoding": "gzip, deflate",
        "Connection": "keep-alive",
        "User-Agent": "azsdk-python-keyvault-keys/4.10.1 Python/3.10.12 (Linux-5.15.167.4-microsoft-standard-WSL2-x86_64-with-glibc2.35)"
      },
      "RequestBody": null,
      "StatusCode": 200,
      "ResponseHeaders": {
        "Cache-Control": "no-cache",
        "Content-Length": "1655",
        "Content-Security-Policy": "default-src 'self'",
        "Content-Type": "application/json; charset=utf-8",
        "Strict-Transport-Security": "max-age=31536000; includeSubDomains",
        "X-Content-Type-Options": "nosniff",
        "X-Frame-Options": "SAMEORIGIN",
        "x-ms-build-version": "1.0.20250221-1-e4accbbe-develop",
        "x-ms-keyvault-network-info": "conn_type=Ipv4;addr=136.27.70.204;act_addr_fam=Ipv4;",
        "x-ms-keyvault-region": "brazilsouth",
        "x-ms-server-latency": "39"
      },
      "ResponseBody": {
        "nextLink": "https://managedhsmvaultname.managedhsm.azure.net/keys?maxresults=6&$skiptoken=Sanitized",
        "value": [
          {
            "attributes": {
              "created": 1741740858,
              "enabled": true,
              "exportable": false,
              "recoverableDays": 7,
              "recoveryLevel": "CustomizedRecoverable+Purgeable",
              "updated": 1741740858
            },
            "kid": "https://managedhsmvaultname.managedhsm.azure.net/keys/livekvtestkeywrap865630e0"
          },
          {
            "attributes": {
              "created": 1741740863,
              "enabled": true,
              "exportable": false,
              "recoverableDays": 7,
              "recoveryLevel": "CustomizedRecoverable+Purgeable",
              "updated": 1741740863
            },
            "kid": "https://managedhsmvaultname.managedhsm.azure.net/keys/livekvtestsymmetric-encrypt811036c5"
          },
          {
            "attributes": {
              "created": 1741740869,
              "enabled": true,
              "exportable": false,
              "recoverableDays": 7,
              "recoveryLevel": "CustomizedRecoverable+Purgeable",
              "updated": 1741740869
            },
            "kid": "https://managedhsmvaultname.managedhsm.azure.net/keys/livekvtestsymmetric-kwa00a351c"
          },
          {
            "attributes": {
              "created": 1741740875,
              "enabled": true,
              "exportable": false,
              "recoverableDays": 7,
              "recoveryLevel": "CustomizedRecoverable+Purgeable",
              "updated": 1741740875
            },
            "kid": "https://managedhsmvaultname.managedhsm.azure.net/keys/livekvtestencrypt-local207d3007"
          },
          {
            "attributes": {
              "created": 1741740882,
              "enabled": true,
              "exportable": false,
              "recoverableDays": 7,
              "recoveryLevel": "CustomizedRecoverable+Purgeable",
              "updated": 1741740882
            },
            "kid": "https://managedhsmvaultname.managedhsm.azure.net/keys/livekvtestencrypt-localf72d33c5"
          },
          {
            "attributes": {
              "created": 1741740887,
              "enabled": true,
              "exportable": false,
              "recoverableDays": 7,
              "recoveryLevel": "CustomizedRecoverable+Purgeable",
              "updated": 1741740887
            },
            "kid": "https://managedhsmvaultname.managedhsm.azure.net/keys/livekvtestsymmetric-encrypt31b93443"
          }
        ]
      }
    },
    {
      "RequestUri": "https://Sanitized.managedhsm.azure.net/keys?maxresults=6&$skiptoken=Sanitized&api-version=7.6-preview.2",
      "RequestMethod": "GET",
      "RequestHeaders": {
        "Accept": "*/*",
        "Accept-Encoding": "gzip, deflate",
        "Connection": "keep-alive",
        "User-Agent": "azsdk-python-keyvault-keys/4.10.1 Python/3.10.12 (Linux-5.15.167.4-microsoft-standard-WSL2-x86_64-with-glibc2.35)"
      },
      "RequestBody": null,
      "StatusCode": 200,
      "ResponseHeaders": {
        "Cache-Control": "no-cache",
        "Content-Length": "1658",
        "Content-Security-Policy": "default-src 'self'",
        "Content-Type": "application/json; charset=utf-8",
        "Strict-Transport-Security": "max-age=31536000; includeSubDomains",
        "X-Content-Type-Options": "nosniff",
        "X-Frame-Options": "SAMEORIGIN",
        "x-ms-build-version": "1.0.20250221-1-e4accbbe-develop",
        "x-ms-keyvault-network-info": "conn_type=Ipv4;addr=136.27.70.204;act_addr_fam=Ipv4;",
        "x-ms-keyvault-region": "brazilsouth",
        "x-ms-server-latency": "16"
      },
      "ResponseBody": {
        "nextLink": "https://managedhsmvaultname.managedhsm.azure.net/keys?maxresults=6&$skiptoken=Sanitized",
        "value": [
          {
            "attributes": {
              "created": 1741740892,
              "enabled": true,
              "exportable": false,
              "recoverableDays": 7,
              "recoveryLevel": "CustomizedRecoverable+Purgeable",
              "updated": 1741740892
            },
            "kid": "https://managedhsmvaultname.managedhsm.azure.net/keys/livekvtestsymmetric-encrypt30323439"
          },
          {
            "attributes": {
              "created": 1741740899,
              "enabled": true,
              "exportable": false,
              "recoverableDays": 7,
              "recoveryLevel": "CustomizedRecoverable+Purgeable",
              "updated": 1741740899
            },
            "kid": "https://managedhsmvaultname.managedhsm.azure.net/keys/livekvtestwrap-local899b2ebc"
          },
          {
            "attributes": {
              "created": 1741740907,
              "enabled": true,
              "exportable": false,
              "recoverableDays": 7,
              "recoveryLevel": "CustomizedRecoverable+Purgeable",
              "updated": 1741740907
            },
            "kid": "https://managedhsmvaultname.managedhsm.azure.net/keys/livekvtestwrap-local54b7327a"
          },
          {
            "attributes": {
              "created": 1741740914,
              "enabled": true,
              "exportable": false,
              "recoverableDays": 7,
              "recoveryLevel": "CustomizedRecoverable+Purgeable",
              "updated": 1741740914
            },
            "kid": "https://managedhsmvaultname.managedhsm.azure.net/keys/livekvtestrsa-verify-2048b869313c"
          },
          {
            "attributes": {
              "created": 1741740920,
              "enabled": true,
              "exportable": false,
              "recoverableDays": 7,
              "recoveryLevel": "CustomizedRecoverable+Purgeable",
              "updated": 1741740920
            },
            "kid": "https://managedhsmvaultname.managedhsm.azure.net/keys/livekvtestrsa-verify-3072b869313c"
          },
          {
            "attributes": {
              "created": 1741740925,
              "enabled": true,
              "exportable": false,
              "recoverableDays": 7,
              "recoveryLevel": "CustomizedRecoverable+Purgeable",
              "updated": 1741740925
            },
            "kid": "https://managedhsmvaultname.managedhsm.azure.net/keys/livekvtestrsa-verify-4096b869313c"
          }
        ]
      }
    },
    {
      "RequestUri": "https://Sanitized.managedhsm.azure.net/keys?maxresults=6&$skiptoken=Sanitized&api-version=7.6-preview.2",
      "RequestMethod": "GET",
      "RequestHeaders": {
        "Accept": "*/*",
        "Accept-Encoding": "gzip, deflate",
        "Connection": "keep-alive",
        "User-Agent": "azsdk-python-keyvault-keys/4.10.1 Python/3.10.12 (Linux-5.15.167.4-microsoft-standard-WSL2-x86_64-with-glibc2.35)"
      },
      "RequestBody": null,
      "StatusCode": 200,
      "ResponseHeaders": {
        "Cache-Control": "no-cache",
        "Content-Length": "1667",
        "Content-Security-Policy": "default-src 'self'",
        "Content-Type": "application/json; charset=utf-8",
        "Strict-Transport-Security": "max-age=31536000; includeSubDomains",
        "X-Content-Type-Options": "nosniff",
        "X-Frame-Options": "SAMEORIGIN",
        "x-ms-build-version": "1.0.20250221-1-e4accbbe-develop",
        "x-ms-keyvault-network-info": "conn_type=Ipv4;addr=136.27.70.204;act_addr_fam=Ipv4;",
        "x-ms-keyvault-region": "brazilsouth",
        "x-ms-server-latency": "18"
      },
      "ResponseBody": {
        "nextLink": "https://managedhsmvaultname.managedhsm.azure.net/keys?maxresults=6&$skiptoken=Sanitized",
        "value": [
          {
            "attributes": {
              "created": 1741740933,
              "enabled": true,
              "exportable": false,
              "recoverableDays": 7,
              "recoveryLevel": "CustomizedRecoverable+Purgeable",
              "updated": 1741740933
            },
            "kid": "https://managedhsmvaultname.managedhsm.azure.net/keys/livekvtestrsa-verify-20489a0534fa"
          },
          {
            "attributes": {
              "created": 1741740938,
              "enabled": true,
              "exportable": false,
              "recoverableDays": 7,
              "recoveryLevel": "CustomizedRecoverable+Purgeable",
              "updated": 1741740938
            },
            "kid": "https://managedhsmvaultname.managedhsm.azure.net/keys/livekvtestrsa-verify-30729a0534fa"
          },
          {
            "attributes": {
              "created": 1741740944,
              "enabled": true,
              "exportable": false,
              "recoverableDays": 7,
              "recoveryLevel": "CustomizedRecoverable+Purgeable",
              "updated": 1741740944
            },
            "kid": "https://managedhsmvaultname.managedhsm.azure.net/keys/livekvtestrsa-verify-40969a0534fa"
          },
          {
            "attributes": {
              "created": 1741740952,
              "enabled": true,
              "exportable": false,
              "recoverableDays": 7,
              "recoveryLevel": "CustomizedRecoverable+Purgeable",
              "updated": 1741740952
            },
            "kid": "https://managedhsmvaultname.managedhsm.azure.net/keys/livekvtestec-verify-P-25681b430be"
          },
          {
            "attributes": {
              "created": 1741740957,
              "enabled": true,
              "exportable": false,
              "recoverableDays": 7,
              "recoveryLevel": "CustomizedRecoverable+Purgeable",
              "updated": 1741740957
            },
            "kid": "https://managedhsmvaultname.managedhsm.azure.net/keys/livekvtestec-verify-P-256K81b430be"
          },
          {
            "attributes": {
              "created": 1741740961,
              "enabled": true,
              "exportable": false,
              "recoverableDays": 7,
              "recoveryLevel": "CustomizedRecoverable+Purgeable",
              "updated": 1741740961
            },
            "kid": "https://managedhsmvaultname.managedhsm.azure.net/keys/livekvtestec-verify-P-38481b430be"
          }
        ]
      }
    },
    {
      "RequestUri": "https://Sanitized.managedhsm.azure.net/keys?maxresults=6&$skiptoken=Sanitized&api-version=7.6-preview.2",
      "RequestMethod": "GET",
      "RequestHeaders": {
        "Accept": "*/*",
        "Accept-Encoding": "gzip, deflate",
        "Connection": "keep-alive",
        "User-Agent": "azsdk-python-keyvault-keys/4.10.1 Python/3.10.12 (Linux-5.15.167.4-microsoft-standard-WSL2-x86_64-with-glibc2.35)"
      },
      "RequestBody": null,
      "StatusCode": 200,
      "ResponseHeaders": {
        "Cache-Control": "no-cache",
        "Content-Length": "1687",
        "Content-Security-Policy": "default-src 'self'",
        "Content-Type": "application/json; charset=utf-8",
        "Strict-Transport-Security": "max-age=31536000; includeSubDomains",
        "X-Content-Type-Options": "nosniff",
        "X-Frame-Options": "SAMEORIGIN",
        "x-ms-build-version": "1.0.20250221-1-e4accbbe-develop",
        "x-ms-keyvault-network-info": "conn_type=Ipv4;addr=136.27.70.204;act_addr_fam=Ipv4;",
        "x-ms-keyvault-region": "brazilsouth",
        "x-ms-server-latency": "27"
      },
      "ResponseBody": {
        "nextLink": "https://managedhsmvaultname.managedhsm.azure.net/keys?maxresults=6&$skiptoken=Sanitized",
        "value": [
          {
            "attributes": {
              "created": 1741740965,
              "enabled": true,
              "exportable": false,
              "recoverableDays": 7,
              "recoveryLevel": "CustomizedRecoverable+Purgeable",
              "updated": 1741740965
            },
            "kid": "https://managedhsmvaultname.managedhsm.azure.net/keys/livekvtestec-verify-P-52181b430be"
          },
          {
            "attributes": {
              "created": 1741740973,
              "enabled": true,
              "exportable": false,
              "recoverableDays": 7,
              "recoveryLevel": "CustomizedRecoverable+Purgeable",
              "updated": 1741740973
            },
            "kid": "https://managedhsmvaultname.managedhsm.azure.net/keys/livekvtestec-verify-P-2565ee2347c"
          },
          {
            "attributes": {
              "created": 1741740977,
              "enabled": true,
              "exportable": false,
              "recoverableDays": 7,
              "recoveryLevel": "CustomizedRecoverable+Purgeable",
              "updated": 1741740977
            },
            "kid": "https://managedhsmvaultname.managedhsm.azure.net/keys/livekvtestec-verify-P-256K5ee2347c"
          },
          {
            "attributes": {
              "created": 1741740982,
              "enabled": true,
              "exportable": false,
              "recoverableDays": 7,
              "recoveryLevel": "CustomizedRecoverable+Purgeable",
              "updated": 1741740982
            },
            "kid": "https://managedhsmvaultname.managedhsm.azure.net/keys/livekvtestec-verify-P-3845ee2347c"
          },
          {
            "attributes": {
              "created": 1741740986,
              "enabled": true,
              "exportable": false,
              "recoverableDays": 7,
              "recoveryLevel": "CustomizedRecoverable+Purgeable",
              "updated": 1741740986
            },
            "kid": "https://managedhsmvaultname.managedhsm.azure.net/keys/livekvtestec-verify-P-5215ee2347c"
          },
          {
            "attributes": {
              "created": 1741740993,
              "enabled": true,
              "exportable": false,
              "nbf": 32503680000,
              "recoverableDays": 7,
              "recoveryLevel": "CustomizedRecoverable+Purgeable",
              "updated": 1741740993
            },
            "kid": "https://managedhsmvaultname.managedhsm.azure.net/keys/livekvtestrsa-not-yet-valid5f32383f"
          }
        ]
      }
    },
    {
      "RequestUri": "https://Sanitized.managedhsm.azure.net/keys?maxresults=6&$skiptoken=Sanitized&api-version=7.6-preview.2",
      "RequestMethod": "GET",
      "RequestHeaders": {
        "Accept": "*/*",
        "Accept-Encoding": "gzip, deflate",
        "Connection": "keep-alive",
        "User-Agent": "azsdk-python-keyvault-keys/4.10.1 Python/3.10.12 (Linux-5.15.167.4-microsoft-standard-WSL2-x86_64-with-glibc2.35)"
      },
      "RequestBody": null,
      "StatusCode": 200,
      "ResponseHeaders": {
        "Cache-Control": "no-cache",
        "Content-Length": "1674",
        "Content-Security-Policy": "default-src 'self'",
        "Content-Type": "application/json; charset=utf-8",
        "Strict-Transport-Security": "max-age=31536000; includeSubDomains",
        "X-Content-Type-Options": "nosniff",
        "X-Frame-Options": "SAMEORIGIN",
        "x-ms-build-version": "1.0.20250221-1-e4accbbe-develop",
        "x-ms-keyvault-network-info": "conn_type=Ipv4;addr=136.27.70.204;act_addr_fam=Ipv4;",
        "x-ms-keyvault-region": "brazilsouth",
        "x-ms-server-latency": "8"
      },
      "ResponseBody": {
        "nextLink": "https://managedhsmvaultname.managedhsm.azure.net/keys?maxresults=6&$skiptoken=Sanitized",
        "value": [
          {
            "attributes": {
              "created": 1741740995,
              "enabled": true,
              "exp": 946684800,
              "exportable": false,
              "recoverableDays": 7,
              "recoveryLevel": "CustomizedRecoverable+Purgeable",
              "updated": 1741740995
            },
            "kid": "https://managedhsmvaultname.managedhsm.azure.net/keys/livekvtestrsa-expired5f32383f"
          },
          {
            "attributes": {
              "created": 1741740997,
              "enabled": true,
              "exp": 32535216000,
              "exportable": false,
              "nbf": 32503680000,
              "recoverableDays": 7,
              "recoveryLevel": "CustomizedRecoverable+Purgeable",
              "updated": 1741740997
            },
            "kid": "https://managedhsmvaultname.managedhsm.azure.net/keys/livekvtestrsa-valid5f32383f"
          },
          {
            "attributes": {
              "created": 1741741002,
              "enabled": true,
              "exportable": false,
              "recoverableDays": 7,
              "recoveryLevel": "CustomizedRecoverable+Purgeable",
              "updated": 1741741002
            },
            "kid": "https://managedhsmvaultname.managedhsm.azure.net/keys/livekvtesteckey862330b1"
          },
          {
            "attributes": {
              "created": 1741741008,
              "enabled": true,
              "exportable": false,
              "recoverableDays": 7,
              "recoveryLevel": "CustomizedRecoverable+Purgeable",
              "updated": 1741741008
            },
            "kid": "https://managedhsmvaultname.managedhsm.azure.net/keys/livekvtestrsakeybc61312f"
          },
          {
            "attributes": {
              "created": 1741741012,
              "enabled": true,
              "exportable": false,
              "recoverableDays": 7,
              "recoveryLevel": "CustomizedRecoverable+Purgeable",
              "updated": 1741741012
            },
            "kid": "https://managedhsmvaultname.managedhsm.azure.net/keys/livekvtestkeycrypta0fc3506"
          },
          {
            "attributes": {
              "created": 1741741017,
              "enabled": true,
              "exportable": false,
              "recoverableDays": 7,
              "recoveryLevel": "CustomizedRecoverable+Purgeable",
              "updated": 1741741017
            },
            "kid": "https://managedhsmvaultname.managedhsm.azure.net/keys/livekvtestkeysignc460334c"
          }
        ]
      }
    },
    {
      "RequestUri": "https://Sanitized.managedhsm.azure.net/keys?maxresults=6&$skiptoken=Sanitized&api-version=7.6-preview.2",
      "RequestMethod": "GET",
      "RequestHeaders": {
        "Accept": "*/*",
        "Accept-Encoding": "gzip, deflate",
        "Connection": "keep-alive",
        "User-Agent": "azsdk-python-keyvault-keys/4.10.1 Python/3.10.12 (Linux-5.15.167.4-microsoft-standard-WSL2-x86_64-with-glibc2.35)"
      },
      "RequestBody": null,
      "StatusCode": 200,
      "ResponseHeaders": {
        "Cache-Control": "no-cache",
        "Content-Length": "1655",
        "Content-Security-Policy": "default-src 'self'",
        "Content-Type": "application/json; charset=utf-8",
        "Strict-Transport-Security": "max-age=31536000; includeSubDomains",
        "X-Content-Type-Options": "nosniff",
        "X-Frame-Options": "SAMEORIGIN",
        "x-ms-build-version": "1.0.20250221-1-e4accbbe-develop",
        "x-ms-keyvault-network-info": "conn_type=Ipv4;addr=136.27.70.204;act_addr_fam=Ipv4;",
        "x-ms-keyvault-region": "brazilsouth",
        "x-ms-server-latency": "33"
      },
      "ResponseBody": {
        "nextLink": "https://managedhsmvaultname.managedhsm.azure.net/keys?maxresults=6&$skiptoken=Sanitized",
        "value": [
          {
            "attributes": {
              "created": 1741741023,
              "enabled": true,
              "exportable": false,
              "recoverableDays": 7,
              "recoveryLevel": "CustomizedRecoverable+Purgeable",
              "updated": 1741741023
            },
            "kid": "https://managedhsmvaultname.managedhsm.azure.net/keys/livekvtestkeywrapc6f2335d"
          },
          {
            "attributes": {
              "created": 1741741028,
              "enabled": true,
              "exportable": false,
              "recoverableDays": 7,
              "recoveryLevel": "CustomizedRecoverable+Purgeable",
              "updated": 1741741028
            },
            "kid": "https://managedhsmvaultname.managedhsm.azure.net/keys/livekvtestsymmetric-encrypte4823942"
          },
          {
            "attributes": {
              "created": 1741741034,
              "enabled": true,
              "exportable": false,
              "recoverableDays": 7,
              "recoveryLevel": "CustomizedRecoverable+Purgeable",
              "updated": 1741741034
            },
            "kid": "https://managedhsmvaultname.managedhsm.azure.net/keys/livekvtestsymmetric-kwf9883799"
          },
          {
            "attributes": {
              "created": 1741741040,
              "enabled": true,
              "exportable": false,
              "recoverableDays": 7,
              "recoveryLevel": "CustomizedRecoverable+Purgeable",
              "updated": 1741741040
            },
            "kid": "https://managedhsmvaultname.managedhsm.azure.net/keys/livekvtestencrypt-local5c1f3284"
          },
          {
            "attributes": {
              "created": 1741741048,
              "enabled": true,
              "exportable": false,
              "recoverableDays": 7,
              "recoveryLevel": "CustomizedRecoverable+Purgeable",
              "updated": 1741741048
            },
            "kid": "https://managedhsmvaultname.managedhsm.azure.net/keys/livekvtestencrypt-local49433642"
          },
          {
            "attributes": {
              "created": 1741741052,
              "enabled": true,
              "exportable": false,
              "recoverableDays": 7,
              "recoveryLevel": "CustomizedRecoverable+Purgeable",
              "updated": 1741741052
            },
            "kid": "https://managedhsmvaultname.managedhsm.azure.net/keys/livekvtestsymmetric-encrypt863d36c0"
          }
        ]
      }
    },
    {
      "RequestUri": "https://Sanitized.managedhsm.azure.net/keys?maxresults=6&$skiptoken=Sanitized&api-version=7.6-preview.2",
      "RequestMethod": "GET",
      "RequestHeaders": {
        "Accept": "*/*",
        "Accept-Encoding": "gzip, deflate",
        "Connection": "keep-alive",
        "User-Agent": "azsdk-python-keyvault-keys/4.10.1 Python/3.10.12 (Linux-5.15.167.4-microsoft-standard-WSL2-x86_64-with-glibc2.35)"
      },
      "RequestBody": null,
      "StatusCode": 200,
      "ResponseHeaders": {
        "Cache-Control": "no-cache",
        "Content-Length": "1658",
        "Content-Security-Policy": "default-src 'self'",
        "Content-Type": "application/json; charset=utf-8",
        "Strict-Transport-Security": "max-age=31536000; includeSubDomains",
        "X-Content-Type-Options": "nosniff",
        "X-Frame-Options": "SAMEORIGIN",
        "x-ms-build-version": "1.0.20250221-1-e4accbbe-develop",
        "x-ms-keyvault-network-info": "conn_type=Ipv4;addr=136.27.70.204;act_addr_fam=Ipv4;",
        "x-ms-keyvault-region": "brazilsouth",
        "x-ms-server-latency": "51"
      },
      "ResponseBody": {
        "nextLink": "https://managedhsmvaultname.managedhsm.azure.net/keys?maxresults=6&$skiptoken=Sanitized",
        "value": [
          {
            "attributes": {
              "created": 1741741056,
              "enabled": true,
              "exportable": false,
              "recoverableDays": 7,
              "recoveryLevel": "CustomizedRecoverable+Purgeable",
              "updated": 1741741056
            },
            "kid": "https://managedhsmvaultname.managedhsm.azure.net/keys/livekvtestsymmetric-encrypt84b636b6"
          },
          {
            "attributes": {
              "created": 1741741062,
              "enabled": true,
              "exportable": false,
              "recoverableDays": 7,
              "recoveryLevel": "CustomizedRecoverable+Purgeable",
              "updated": 1741741062
            },
            "kid": "https://managedhsmvaultname.managedhsm.azure.net/keys/livekvtestwrap-localbdc63139"
          },
          {
            "attributes": {
              "created": 1741741069,
              "enabled": true,
              "exportable": false,
              "recoverableDays": 7,
              "recoveryLevel": "CustomizedRecoverable+Purgeable",
              "updated": 1741741069
            },
            "kid": "https://managedhsmvaultname.managedhsm.azure.net/keys/livekvtestwrap-local9f4734f7"
          },
          {
            "attributes": {
              "created": 1741741075,
              "enabled": true,
              "exportable": false,
              "recoverableDays": 7,
              "recoveryLevel": "CustomizedRecoverable+Purgeable",
              "updated": 1741741075
            },
            "kid": "https://managedhsmvaultname.managedhsm.azure.net/keys/livekvtestrsa-verify-2048fb8233b9"
          },
          {
            "attributes": {
              "created": 1741741080,
              "enabled": true,
              "exportable": false,
              "recoverableDays": 7,
              "recoveryLevel": "CustomizedRecoverable+Purgeable",
              "updated": 1741741080
            },
            "kid": "https://managedhsmvaultname.managedhsm.azure.net/keys/livekvtestrsa-verify-3072fb8233b9"
          },
          {
            "attributes": {
              "created": 1741741085,
              "enabled": true,
              "exportable": false,
              "recoverableDays": 7,
              "recoveryLevel": "CustomizedRecoverable+Purgeable",
              "updated": 1741741085
            },
            "kid": "https://managedhsmvaultname.managedhsm.azure.net/keys/livekvtestrsa-verify-4096fb8233b9"
          }
        ]
      }
    },
    {
      "RequestUri": "https://Sanitized.managedhsm.azure.net/keys?maxresults=6&$skiptoken=Sanitized&api-version=7.6-preview.2",
      "RequestMethod": "GET",
      "RequestHeaders": {
        "Accept": "*/*",
        "Accept-Encoding": "gzip, deflate",
        "Connection": "keep-alive",
        "User-Agent": "azsdk-python-keyvault-keys/4.10.1 Python/3.10.12 (Linux-5.15.167.4-microsoft-standard-WSL2-x86_64-with-glibc2.35)"
      },
      "RequestBody": null,
      "StatusCode": 200,
      "ResponseHeaders": {
        "Cache-Control": "no-cache",
        "Content-Length": "1667",
        "Content-Security-Policy": "default-src 'self'",
        "Content-Type": "application/json; charset=utf-8",
        "Strict-Transport-Security": "max-age=31536000; includeSubDomains",
        "X-Content-Type-Options": "nosniff",
        "X-Frame-Options": "SAMEORIGIN",
        "x-ms-build-version": "1.0.20250221-1-e4accbbe-develop",
        "x-ms-keyvault-network-info": "conn_type=Ipv4;addr=136.27.70.204;act_addr_fam=Ipv4;",
        "x-ms-keyvault-region": "brazilsouth",
        "x-ms-server-latency": "14"
      },
      "ResponseBody": {
        "nextLink": "https://managedhsmvaultname.managedhsm.azure.net/keys?maxresults=6&$skiptoken=Sanitized",
        "value": [
          {
            "attributes": {
              "created": 1741741093,
              "enabled": true,
              "exportable": false,
              "recoverableDays": 7,
              "recoveryLevel": "CustomizedRecoverable+Purgeable",
              "updated": 1741741093
            },
            "kid": "https://managedhsmvaultname.managedhsm.azure.net/keys/livekvtestrsa-verify-2048f3833777"
          },
          {
            "attributes": {
              "created": 1741741098,
              "enabled": true,
              "exportable": false,
              "recoverableDays": 7,
              "recoveryLevel": "CustomizedRecoverable+Purgeable",
              "updated": 1741741098
            },
            "kid": "https://managedhsmvaultname.managedhsm.azure.net/keys/livekvtestrsa-verify-3072f3833777"
          },
          {
            "attributes": {
              "created": 1741741103,
              "enabled": true,
              "exportable": false,
              "recoverableDays": 7,
              "recoveryLevel": "CustomizedRecoverable+Purgeable",
              "updated": 1741741103
            },
            "kid": "https://managedhsmvaultname.managedhsm.azure.net/keys/livekvtestrsa-verify-4096f3833777"
          },
          {
            "attributes": {
              "created": 1741741110,
              "enabled": true,
              "exportable": false,
              "recoverableDays": 7,
              "recoveryLevel": "CustomizedRecoverable+Purgeable",
              "updated": 1741741110
            },
            "kid": "https://managedhsmvaultname.managedhsm.azure.net/keys/livekvtestec-verify-P-256c250333b"
          },
          {
            "attributes": {
              "created": 1741741115,
              "enabled": true,
              "exportable": false,
              "recoverableDays": 7,
              "recoveryLevel": "CustomizedRecoverable+Purgeable",
              "updated": 1741741115
            },
            "kid": "https://managedhsmvaultname.managedhsm.azure.net/keys/livekvtestec-verify-P-256Kc250333b"
          },
          {
            "attributes": {
              "created": 1741741119,
              "enabled": true,
              "exportable": false,
              "recoverableDays": 7,
              "recoveryLevel": "CustomizedRecoverable+Purgeable",
              "updated": 1741741119
            },
            "kid": "https://managedhsmvaultname.managedhsm.azure.net/keys/livekvtestec-verify-P-384c250333b"
          }
        ]
      }
    },
    {
      "RequestUri": "https://Sanitized.managedhsm.azure.net/keys?maxresults=6&$skiptoken=Sanitized&api-version=7.6-preview.2",
      "RequestMethod": "GET",
      "RequestHeaders": {
        "Accept": "*/*",
        "Accept-Encoding": "gzip, deflate",
        "Connection": "keep-alive",
        "User-Agent": "azsdk-python-keyvault-keys/4.10.1 Python/3.10.12 (Linux-5.15.167.4-microsoft-standard-WSL2-x86_64-with-glibc2.35)"
      },
      "RequestBody": null,
      "StatusCode": 200,
      "ResponseHeaders": {
        "Cache-Control": "no-cache",
        "Content-Length": "1687",
        "Content-Security-Policy": "default-src 'self'",
        "Content-Type": "application/json; charset=utf-8",
        "Strict-Transport-Security": "max-age=31536000; includeSubDomains",
        "X-Content-Type-Options": "nosniff",
        "X-Frame-Options": "SAMEORIGIN",
        "x-ms-build-version": "1.0.20250221-1-e4accbbe-develop",
        "x-ms-keyvault-network-info": "conn_type=Ipv4;addr=136.27.70.204;act_addr_fam=Ipv4;",
        "x-ms-keyvault-region": "brazilsouth",
        "x-ms-server-latency": "22"
      },
      "ResponseBody": {
        "nextLink": "https://managedhsmvaultname.managedhsm.azure.net/keys?maxresults=6&$skiptoken=Sanitized",
        "value": [
          {
            "attributes": {
              "created": 1741741123,
              "enabled": true,
              "exportable": false,
              "recoverableDays": 7,
              "recoveryLevel": "CustomizedRecoverable+Purgeable",
              "updated": 1741741123
            },
            "kid": "https://managedhsmvaultname.managedhsm.azure.net/keys/livekvtestec-verify-P-521c250333b"
          },
          {
            "attributes": {
              "created": 1741741129,
              "enabled": true,
              "exportable": false,
              "recoverableDays": 7,
              "recoveryLevel": "CustomizedRecoverable+Purgeable",
              "updated": 1741741129
            },
            "kid": "https://managedhsmvaultname.managedhsm.azure.net/keys/livekvtestec-verify-P-256b5e336f9"
          },
          {
            "attributes": {
              "created": 1741741133,
              "enabled": true,
              "exportable": false,
              "recoverableDays": 7,
              "recoveryLevel": "CustomizedRecoverable+Purgeable",
              "updated": 1741741133
            },
            "kid": "https://managedhsmvaultname.managedhsm.azure.net/keys/livekvtestec-verify-P-256Kb5e336f9"
          },
          {
            "attributes": {
              "created": 1741741137,
              "enabled": true,
              "exportable": false,
              "recoverableDays": 7,
              "recoveryLevel": "CustomizedRecoverable+Purgeable",
              "updated": 1741741137
            },
            "kid": "https://managedhsmvaultname.managedhsm.azure.net/keys/livekvtestec-verify-P-384b5e336f9"
          },
          {
            "attributes": {
              "created": 1741741142,
              "enabled": true,
              "exportable": false,
              "recoverableDays": 7,
              "recoveryLevel": "CustomizedRecoverable+Purgeable",
              "updated": 1741741142
            },
            "kid": "https://managedhsmvaultname.managedhsm.azure.net/keys/livekvtestec-verify-P-521b5e336f9"
          },
          {
            "attributes": {
              "created": 1741741148,
              "enabled": true,
              "exportable": false,
              "nbf": 32503680000,
              "recoverableDays": 7,
              "recoveryLevel": "CustomizedRecoverable+Purgeable",
              "updated": 1741741148
            },
            "kid": "https://managedhsmvaultname.managedhsm.azure.net/keys/livekvtestrsa-not-yet-validcc983abc"
          }
        ]
      }
    },
    {
      "RequestUri": "https://Sanitized.managedhsm.azure.net/keys?maxresults=6&$skiptoken=Sanitized&api-version=7.6-preview.2",
      "RequestMethod": "GET",
      "RequestHeaders": {
        "Accept": "*/*",
        "Accept-Encoding": "gzip, deflate",
        "Connection": "keep-alive",
        "User-Agent": "azsdk-python-keyvault-keys/4.10.1 Python/3.10.12 (Linux-5.15.167.4-microsoft-standard-WSL2-x86_64-with-glibc2.35)"
      },
      "RequestBody": null,
      "StatusCode": 200,
      "ResponseHeaders": {
        "Cache-Control": "no-cache",
        "Content-Length": "1755",
        "Content-Security-Policy": "default-src 'self'",
        "Content-Type": "application/json; charset=utf-8",
        "Strict-Transport-Security": "max-age=31536000; includeSubDomains",
        "X-Content-Type-Options": "nosniff",
        "X-Frame-Options": "SAMEORIGIN",
        "x-ms-build-version": "1.0.20250221-1-e4accbbe-develop",
        "x-ms-keyvault-network-info": "conn_type=Ipv4;addr=136.27.70.204;act_addr_fam=Ipv4;",
        "x-ms-keyvault-region": "brazilsouth",
        "x-ms-server-latency": "26"
      },
      "ResponseBody": {
        "nextLink": "https://managedhsmvaultname.managedhsm.azure.net/keys?maxresults=6&$skiptoken=Sanitized",
        "value": [
          {
            "attributes": {
              "created": 1741741150,
              "enabled": true,
              "exp": 946684800,
              "exportable": false,
              "recoverableDays": 7,
              "recoveryLevel": "CustomizedRecoverable+Purgeable",
              "updated": 1741741150
            },
            "kid": "https://managedhsmvaultname.managedhsm.azure.net/keys/livekvtestrsa-expiredcc983abc"
          },
          {
            "attributes": {
              "created": 1741741153,
              "enabled": true,
              "exp": 32535216000,
              "exportable": false,
              "nbf": 32503680000,
              "recoverableDays": 7,
              "recoveryLevel": "CustomizedRecoverable+Purgeable",
              "updated": 1741741153
            },
            "kid": "https://managedhsmvaultname.managedhsm.azure.net/keys/livekvtestrsa-validcc983abc"
          },
          {
            "attributes": {
              "created": 1741741157,
              "enabled": true,
              "exportable": false,
              "recoverableDays": 7,
              "recoveryLevel": "CustomizedRecoverable+Purgeable",
              "updated": 1741741157
            },
            "kid": "https://managedhsmvaultname.managedhsm.azure.net/keys/livekvtestcrud-ec-keyfa22fe1",
            "tags": {
              "purpose": "unit test",
              "test name": "CreateECKeyTest"
            }
          },
          {
            "attributes": {
              "created": 1741741159,
              "enabled": true,
              "exportable": false,
              "recoverableDays": 7,
              "recoveryLevel": "CustomizedRecoverable+Purgeable",
              "updated": 1741741159
            },
            "kid": "https://managedhsmvaultname.managedhsm.azure.net/keys/livekvtestcrud-P-256-ec-keyfa22fe1"
          },
          {
            "attributes": {
              "created": 1741741160,
              "enabled": true,
              "exportable": false,
              "recoverableDays": 7,
              "recoveryLevel": "CustomizedRecoverable+Purgeable",
              "updated": 1741741160
            },
            "kid": "https://managedhsmvaultname.managedhsm.azure.net/keys/livekvtestimport-test-keyfa22fe1"
          },
          {
            "attributes": {
              "created": 1741741171,
              "enabled": true,
              "exportable": false,
              "recoverableDays": 7,
              "recoveryLevel": "CustomizedRecoverable+Purgeable",
              "updated": 1741741171
            },
            "kid": "https://managedhsmvaultname.managedhsm.azure.net/keys/livekvtestrsa-keyf192fdc"
          }
        ]
      }
    },
    {
      "RequestUri": "https://Sanitized.managedhsm.azure.net/keys?maxresults=6&$skiptoken=Sanitized&api-version=7.6-preview.2",
      "RequestMethod": "GET",
      "RequestHeaders": {
        "Accept": "*/*",
        "Accept-Encoding": "gzip, deflate",
        "Connection": "keep-alive",
        "User-Agent": "azsdk-python-keyvault-keys/4.10.1 Python/3.10.12 (Linux-5.15.167.4-microsoft-standard-WSL2-x86_64-with-glibc2.35)"
      },
      "RequestBody": null,
      "StatusCode": 200,
      "ResponseHeaders": {
        "Cache-Control": "no-cache",
        "Content-Length": "1602",
        "Content-Security-Policy": "default-src 'self'",
        "Content-Type": "application/json; charset=utf-8",
        "Strict-Transport-Security": "max-age=31536000; includeSubDomains",
        "X-Content-Type-Options": "nosniff",
        "X-Frame-Options": "SAMEORIGIN",
        "x-ms-build-version": "1.0.20250221-1-e4accbbe-develop",
        "x-ms-keyvault-network-info": "conn_type=Ipv4;addr=136.27.70.204;act_addr_fam=Ipv4;",
        "x-ms-keyvault-region": "brazilsouth",
        "x-ms-server-latency": "33"
      },
      "ResponseBody": {
        "nextLink": "https://managedhsmvaultname.managedhsm.azure.net/keys?maxresults=6&$skiptoken=Sanitized",
        "value": [
          {
            "attributes": {
              "created": 1741741175,
              "enabled": true,
              "exportable": false,
              "recoverableDays": 7,
              "recoveryLevel": "CustomizedRecoverable+Purgeable",
              "updated": 1741741175
            },
            "kid": "https://managedhsmvaultname.managedhsm.azure.net/keys/livekvtestkeybak17c22dc1"
          },
          {
            "attributes": {
              "created": 1741741181,
              "enabled": true,
              "exportable": false,
              "recoverableDays": 7,
              "recoveryLevel": "CustomizedRecoverable+Purgeable",
              "updated": 1741741181
            },
            "kid": "https://managedhsmvaultname.managedhsm.azure.net/keys/livekvtestkey0ffdf2b4c"
          },
          {
            "attributes": {
              "created": 1741741184,
              "enabled": true,
              "exportable": false,
              "recoverableDays": 7,
              "recoveryLevel": "CustomizedRecoverable+Purgeable",
              "updated": 1741741184
            },
            "kid": "https://managedhsmvaultname.managedhsm.azure.net/keys/livekvtestkey1ffdf2b4c"
          },
          {
            "attributes": {
              "created": 1741741186,
              "enabled": true,
              "exportable": false,
              "recoverableDays": 7,
              "recoveryLevel": "CustomizedRecoverable+Purgeable",
              "updated": 1741741186
            },
            "kid": "https://managedhsmvaultname.managedhsm.azure.net/keys/livekvtestkey2ffdf2b4c"
          },
          {
            "attributes": {
              "created": 1741741188,
              "enabled": true,
              "exportable": false,
              "recoverableDays": 7,
              "recoveryLevel": "CustomizedRecoverable+Purgeable",
              "updated": 1741741188
            },
            "kid": "https://managedhsmvaultname.managedhsm.azure.net/keys/livekvtestkey3ffdf2b4c"
          },
          {
            "attributes": {
              "created": 1741741191,
              "enabled": true,
              "exportable": false,
              "recoverableDays": 7,
              "recoveryLevel": "CustomizedRecoverable+Purgeable",
              "updated": 1741741191
            },
            "kid": "https://managedhsmvaultname.managedhsm.azure.net/keys/livekvtestkey4ffdf2b4c"
          }
        ]
      }
    },
    {
      "RequestUri": "https://Sanitized.managedhsm.azure.net/keys?maxresults=6&$skiptoken=Sanitized&api-version=7.6-preview.2",
      "RequestMethod": "GET",
      "RequestHeaders": {
        "Accept": "*/*",
        "Accept-Encoding": "gzip, deflate",
        "Connection": "keep-alive",
        "User-Agent": "azsdk-python-keyvault-keys/4.10.1 Python/3.10.12 (Linux-5.15.167.4-microsoft-standard-WSL2-x86_64-with-glibc2.35)"
      },
      "RequestBody": null,
      "StatusCode": 200,
      "ResponseHeaders": {
        "Cache-Control": "no-cache",
        "Content-Length": "507",
        "Content-Security-Policy": "default-src 'self'",
        "Content-Type": "application/json; charset=utf-8",
        "Strict-Transport-Security": "max-age=31536000; includeSubDomains",
        "X-Content-Type-Options": "nosniff",
        "X-Frame-Options": "SAMEORIGIN",
        "x-ms-build-version": "1.0.20250221-1-e4accbbe-develop",
        "x-ms-keyvault-network-info": "conn_type=Ipv4;addr=136.27.70.204;act_addr_fam=Ipv4;",
        "x-ms-keyvault-region": "brazilsouth",
        "x-ms-server-latency": "15"
      },
      "ResponseBody": {
        "value": [
          {
            "attributes": {
              "created": 1741741193,
              "enabled": true,
              "exportable": false,
              "recoverableDays": 7,
              "recoveryLevel": "CustomizedRecoverable+Purgeable",
              "updated": 1741741193
            },
            "kid": "https://managedhsmvaultname.managedhsm.azure.net/keys/livekvtestkey5ffdf2b4c"
          },
          {
            "attributes": {
              "created": 1741741195,
              "enabled": true,
              "exportable": false,
              "recoverableDays": 7,
              "recoveryLevel": "CustomizedRecoverable+Purgeable",
              "updated": 1741741195
            },
            "kid": "https://managedhsmvaultname.managedhsm.azure.net/keys/livekvtestkey6ffdf2b4c"
          }
        ]
      }
    }
  ],
  "Variables": {}
}
