{
  "Entries": [
    {
      "RequestUri": "https://Sanitized.managedhsm.azure.net/keys/livekvtestec-verify-P-2569ded336a/create?api-version=7.6",
      "RequestMethod": "POST",
      "RequestHeaders": {
        "Accept": "application/json",
        "Accept-Encoding": "gzip, deflate",
        "Content-Length": "0",
        "Content-Type": "application/json",
        "User-Agent": "azsdk-python-keyvault-keys/4.11.0 Python/3.13.0 (Linux-5.15.146.1-microsoft-standard-WSL2-x86_64-with-glibc2.35)"
      },
      "RequestBody": null,
      "StatusCode": 401,
      "ResponseHeaders": {
        "Cache-Control": "no-cache",
        "Content-Length": "0",
        "Content-Security-Policy": "default-src 'self'",
        "Content-Type": "application/json; charset=utf-8",
        "Strict-Transport-Security": "max-age=31536000; includeSubDomains",
        "WWW-Authenticate": "Bearer authorization=\"https://login.microsoftonline.com/70a036f6-8e4d-4615-bad6-149c02e7720d\", resource=\"https://managedhsm.azure.net\"",
        "X-Content-Type-Options": "nosniff",
        "X-Frame-Options": "SAMEORIGIN",
        "x-ms-server-latency": "0"
      },
      "ResponseBody": null
    },
    {
      "RequestUri": "https://Sanitized.managedhsm.azure.net/keys/livekvtestec-verify-P-2569ded336a/create?api-version=7.6",
      "RequestMethod": "POST",
      "RequestHeaders": {
        "Accept": "application/json",
        "Accept-Encoding": "gzip, deflate",
        "Content-Length": "33",
        "Content-Type": "application/json",
        "User-Agent": "azsdk-python-keyvault-keys/4.11.0 Python/3.13.0 (Linux-5.15.146.1-microsoft-standard-WSL2-x86_64-with-glibc2.35)"
      },
      "RequestBody": {
        "kty": "EC-HSM",
        "crv": "P-256"
      },
      "StatusCode": 200,
      "ResponseHeaders": {
        "Cache-Control": "no-cache",
        "Content-Length": "468",
        "Content-Security-Policy": "default-src 'self'",
        "Content-Type": "application/json; charset=utf-8",
        "Strict-Transport-Security": "max-age=31536000; includeSubDomains",
        "X-Content-Type-Options": "nosniff",
        "X-Frame-Options": "SAMEORIGIN",
        "x-ms-keyvault-network-info": "conn_type=Ipv4;addr=70.37.26.135;act_addr_fam=Ipv4;",
        "x-ms-keyvault-region": "brazilsouth",
        "x-ms-server-latency": "112"
      },
      "ResponseBody": {
        "attributes": {
          "created": 1748906372,
          "enabled": true,
          "exportable": false,
          "recoverableDays": 7,
          "recoveryLevel": "CustomizedRecoverable+Purgeable",
          "updated": 1748906372
        },
        "key": {
          "crv": "P-256",
          "key_ops": [
            "verify",
            "deriveKey",
            "sign"
          ],
          "kid": "https://managedhsmvaultname.managedhsm.azure.net/keys/livekvtestec-verify-P-2569ded336a/221327cb2df74d27b6e413d466b9d1bb",
          "kty": "EC-HSM",
          "x": "bo822k15TyN77N6q-z4AwHfiiUL4Z9_hdjMozi57F_o",
          "y": "tpB3McgWizZkACZTxk14QvV2Kt-V5V8Mgl_k6_bVJEc"
        }
      }
    },
    {
      "RequestUri": "https://Sanitized.managedhsm.azure.net/keys/livekvtestec-verify-P-2569ded336a/221327cb2df74d27b6e413d466b9d1bb/sign?api-version=7.6",
      "RequestMethod": "POST",
      "RequestHeaders": {
        "Accept": "application/json",
        "Accept-Encoding": "gzip, deflate",
        "Content-Length": "72",
        "Content-Type": "application/json",
        "User-Agent": "azsdk-python-keyvault-keys/4.11.0 Python/3.13.0 (Linux-5.15.146.1-microsoft-standard-WSL2-x86_64-with-glibc2.35)"
      },
      "RequestBody": {
        "alg": "ES256",
        "value": "vgZc0NQUb6WMKX___V2JntcFRO_vszKwSAj7R2rL1zg"
      },
      "StatusCode": 200,
      "ResponseHeaders": {
        "Cache-Control": "no-cache",
        "Content-Length": "241",
        "Content-Security-Policy": "default-src 'self'",
        "Content-Type": "application/json; charset=utf-8",
        "Strict-Transport-Security": "max-age=31536000; includeSubDomains",
        "X-Content-Type-Options": "nosniff",
        "X-Frame-Options": "SAMEORIGIN",
        "x-ms-keyvault-network-info": "conn_type=Ipv4;addr=70.37.26.135;act_addr_fam=Ipv4;",
        "x-ms-keyvault-region": "brazilsouth",
        "x-ms-server-latency": "12"
      },
      "ResponseBody": {
        "alg": "ES256",
        "kid": "https://managedhsmvaultname.managedhsm.azure.net/keys/livekvtestec-verify-P-2569ded336a/221327cb2df74d27b6e413d466b9d1bb",
        "value": "kDGjhAgjwCcubLqfVMXCXc7FFlbHrlKcYSHbM02doHHSkjol_kTbMOoqtHmy3wZ1ZzTl-Kcqglg5qpNPQYCLwQ"
      }
    },
    {
      "RequestUri": "https://Sanitized.managedhsm.azure.net/keys/livekvtestec-verify-P-256K9ded336a/create?api-version=7.6",
      "RequestMethod": "POST",
      "RequestHeaders": {
        "Accept": "application/json",
        "Accept-Encoding": "gzip, deflate",
        "Content-Length": "34",
        "Content-Type": "application/json",
        "User-Agent": "azsdk-python-keyvault-keys/4.11.0 Python/3.13.0 (Linux-5.15.146.1-microsoft-standard-WSL2-x86_64-with-glibc2.35)"
      },
      "RequestBody": {
        "kty": "EC-HSM",
        "crv": "P-256K"
      },
      "StatusCode": 200,
      "ResponseHeaders": {
        "Cache-Control": "no-cache",
        "Content-Length": "470",
        "Content-Security-Policy": "default-src 'self'",
        "Content-Type": "application/json; charset=utf-8",
        "Strict-Transport-Security": "max-age=31536000; includeSubDomains",
        "X-Content-Type-Options": "nosniff",
        "X-Frame-Options": "SAMEORIGIN",
        "x-ms-keyvault-network-info": "conn_type=Ipv4;addr=70.37.26.135;act_addr_fam=Ipv4;",
        "x-ms-keyvault-region": "brazilsouth",
        "x-ms-server-latency": "124"
      },
      "ResponseBody": {
        "attributes": {
          "created": 1748906375,
          "enabled": true,
          "exportable": false,
          "recoverableDays": 7,
          "recoveryLevel": "CustomizedRecoverable+Purgeable",
          "updated": 1748906375
        },
        "key": {
          "crv": "P-256K",
          "key_ops": [
            "verify",
            "deriveKey",
            "sign"
          ],
          "kid": "https://managedhsmvaultname.managedhsm.azure.net/keys/livekvtestec-verify-P-256K9ded336a/f8d810f633ff4524b6daa06921a74e07",
          "kty": "EC-HSM",
          "x": "Cny9ZTSffwBH0hbpQIosw4eXeoW-BT61juuD2nQAtNY",
          "y": "YlU731vKjxb3XfOqd-BSIIBjbzfSr_bRWsbcEYqXSX8"
        }
      }
    },
    {
      "RequestUri": "https://Sanitized.managedhsm.azure.net/keys/livekvtestec-verify-P-256K9ded336a/f8d810f633ff4524b6daa06921a74e07/sign?api-version=7.6",
      "RequestMethod": "POST",
      "RequestHeaders": {
        "Accept": "application/json",
        "Accept-Encoding": "gzip, deflate",
        "Content-Length": "73",
        "Content-Type": "application/json",
        "User-Agent": "azsdk-python-keyvault-keys/4.11.0 Python/3.13.0 (Linux-5.15.146.1-microsoft-standard-WSL2-x86_64-with-glibc2.35)"
      },
      "RequestBody": {
        "alg": "ES256K",
        "value": "vgZc0NQUb6WMKX___V2JntcFRO_vszKwSAj7R2rL1zg"
      },
      "StatusCode": 200,
      "ResponseHeaders": {
        "Cache-Control": "no-cache",
        "Content-Length": "243",
        "Content-Security-Policy": "default-src 'self'",
        "Content-Type": "application/json; charset=utf-8",
        "Strict-Transport-Security": "max-age=31536000; includeSubDomains",
        "X-Content-Type-Options": "nosniff",
        "X-Frame-Options": "SAMEORIGIN",
        "x-ms-keyvault-network-info": "conn_type=Ipv4;addr=70.37.26.135;act_addr_fam=Ipv4;",
        "x-ms-keyvault-region": "brazilsouth",
        "x-ms-server-latency": "12"
      },
      "ResponseBody": {
        "alg": "ES256K",
        "kid": "https://managedhsmvaultname.managedhsm.azure.net/keys/livekvtestec-verify-P-256K9ded336a/f8d810f633ff4524b6daa06921a74e07",
        "value": "z8cQcqZZp2e_AU_qyoLThfL_mhiyx-LKeNP4l4HmNC3fv1kIjszCltm4aNc1B00cr22goCtAJMAlj_J50I7NPQ"
      }
    },
    {
      "RequestUri": "https://Sanitized.managedhsm.azure.net/keys/livekvtestec-verify-P-3849ded336a/create?api-version=7.6",
      "RequestMethod": "POST",
      "RequestHeaders": {
        "Accept": "application/json",
        "Accept-Encoding": "gzip, deflate",
        "Content-Length": "33",
        "Content-Type": "application/json",
        "User-Agent": "azsdk-python-keyvault-keys/4.11.0 Python/3.13.0 (Linux-5.15.146.1-microsoft-standard-WSL2-x86_64-with-glibc2.35)"
      },
      "RequestBody": {
        "kty": "EC-HSM",
        "crv": "P-384"
      },
      "StatusCode": 200,
      "ResponseHeaders": {
        "Cache-Control": "no-cache",
        "Content-Length": "510",
        "Content-Security-Policy": "default-src 'self'",
        "Content-Type": "application/json; charset=utf-8",
        "Strict-Transport-Security": "max-age=31536000; includeSubDomains",
        "X-Content-Type-Options": "nosniff",
        "X-Frame-Options": "SAMEORIGIN",
        "x-ms-keyvault-network-info": "conn_type=Ipv4;addr=70.37.26.135;act_addr_fam=Ipv4;",
        "x-ms-keyvault-region": "brazilsouth",
        "x-ms-server-latency": "154"
      },
      "ResponseBody": {
        "attributes": {
          "created": 1748906378,
          "enabled": true,
          "exportable": false,
          "recoverableDays": 7,
          "recoveryLevel": "CustomizedRecoverable+Purgeable",
          "updated": 1748906378
        },
        "key": {
          "crv": "P-384",
          "key_ops": [
            "verify",
            "deriveKey",
            "sign"
          ],
          "kid": "https://managedhsmvaultname.managedhsm.azure.net/keys/livekvtestec-verify-P-3849ded336a/4e29fd3f9e8d0b1493f88fdc4cd4ae7c",
          "kty": "EC-HSM",
          "x": "wnOE1vCtOtIKvoLg5aSE7g0iDJ52que8KIOoBhTHjUsefkSR1TaW0VfuiZZR4fbk",
          "y": "w67aGq5EajAgmwy_r5DY3hWBP9WXEBSoSaV3AsyI9i_BDPfHj4lmuwqO7kZF3oeQ"
        }
      }
    },
    {
      "RequestUri": "https://Sanitized.managedhsm.azure.net/keys/livekvtestec-verify-P-3849ded336a/4e29fd3f9e8d0b1493f88fdc4cd4ae7c/sign?api-version=7.6",
      "RequestMethod": "POST",
      "RequestHeaders": {
        "Accept": "application/json",
        "Accept-Encoding": "gzip, deflate",
        "Content-Length": "93",
        "Content-Type": "application/json",
        "User-Agent": "azsdk-python-keyvault-keys/4.11.0 Python/3.13.0 (Linux-5.15.146.1-microsoft-standard-WSL2-x86_64-with-glibc2.35)"
      },
      "RequestBody": {
        "alg": "ES384",
        "value": "OnZY76NXJ8_MBkjnc9b9RiaL5OYscmrTal040wQuLFlRrnLvJFecIvZl2KjXqwVB"
      },
      "StatusCode": 200,
      "ResponseHeaders": {
        "Cache-Control": "no-cache",
        "Content-Length": "283",
        "Content-Security-Policy": "default-src 'self'",
        "Content-Type": "application/json; charset=utf-8",
        "Strict-Transport-Security": "max-age=31536000; includeSubDomains",
        "X-Content-Type-Options": "nosniff",
        "X-Frame-Options": "SAMEORIGIN",
        "x-ms-keyvault-network-info": "conn_type=Ipv4;addr=70.37.26.135;act_addr_fam=Ipv4;",
        "x-ms-keyvault-region": "brazilsouth",
        "x-ms-server-latency": "16"
      },
      "ResponseBody": {
        "alg": "ES384",
        "kid": "https://managedhsmvaultname.managedhsm.azure.net/keys/livekvtestec-verify-P-3849ded336a/4e29fd3f9e8d0b1493f88fdc4cd4ae7c",
        "value": "zvlwfjFlxKBY6AzJS4JzDavAwLJrMXNYlfTJ7pT5AJYhDjDd8pXF2cVV6hU2c16HsASIhpCM6B0xuHUB_YHOJkRAKcZYNHUPKuy_80K_sK0DM6MvkxanFVV7Ys3G7mH4"
      }
    },
    {
      "RequestUri": "https://Sanitized.managedhsm.azure.net/keys/livekvtestec-verify-P-5219ded336a/create?api-version=7.6",
      "RequestMethod": "POST",
      "RequestHeaders": {
        "Accept": "application/json",
        "Accept-Encoding": "gzip, deflate",
        "Content-Length": "33",
        "Content-Type": "application/json",
        "User-Agent": "azsdk-python-keyvault-keys/4.11.0 Python/3.13.0 (Linux-5.15.146.1-microsoft-standard-WSL2-x86_64-with-glibc2.35)"
      },
      "RequestBody": {
        "kty": "EC-HSM",
        "crv": "P-521"
      },
      "StatusCode": 200,
      "ResponseHeaders": {
        "Cache-Control": "no-cache",
        "Content-Length": "558",
        "Content-Security-Policy": "default-src 'self'",
        "Content-Type": "application/json; charset=utf-8",
        "Strict-Transport-Security": "max-age=31536000; includeSubDomains",
        "X-Content-Type-Options": "nosniff",
        "X-Frame-Options": "SAMEORIGIN",
        "x-ms-keyvault-network-info": "conn_type=Ipv4;addr=70.37.26.135;act_addr_fam=Ipv4;",
        "x-ms-keyvault-region": "brazilsouth",
        "x-ms-server-latency": "216"
      },
      "ResponseBody": {
        "attributes": {
          "created": 1748906381,
          "enabled": true,
          "exportable": false,
          "recoverableDays": 7,
          "recoveryLevel": "CustomizedRecoverable+Purgeable",
          "updated": 1748906381
        },
        "key": {
          "crv": "P-521",
          "key_ops": [
            "verify",
            "deriveKey",
            "sign"
          ],
          "kid": "https://managedhsmvaultname.managedhsm.azure.net/keys/livekvtestec-verify-P-5219ded336a/fbe322f849e3070a1698b519e1c14840",
          "kty": "EC-HSM",
          "x": "AMt0j047AmKIUIkbSxJzp82m269G9XN8yI8hwZFUzYE0dffrgkEF-jEoiZbtY85AOObCBe31mcvmBQJPNal-tmGl",
          "y": "AZTK4UKEveIb5_fIJzKfnZRVxtC9JksPC9Q2qnTZxz2FarXYbthXj7fzmwWI0R9q5wR80YHVKjxxAECwQ6w36ojB"
        }
      }
    },
    {
      "RequestUri": "https://Sanitized.managedhsm.azure.net/keys/livekvtestec-verify-P-5219ded336a/fbe322f849e3070a1698b519e1c14840/sign?api-version=7.6",
      "RequestMethod": "POST",
      "RequestHeaders": {
        "Accept": "application/json",
        "Accept-Encoding": "gzip, deflate",
        "Content-Length": "115",
        "Content-Type": "application/json",
        "User-Agent": "azsdk-python-keyvault-keys/4.11.0 Python/3.13.0 (Linux-5.15.146.1-microsoft-standard-WSL2-x86_64-with-glibc2.35)"
      },
      "RequestBody": {
        "alg": "ES512",
        "value": "zZyL-eOHDnnq34aZaWgBMobx4x2Pm3mPRo4eqnRmLK6sE0jsXZFOFhMXaTcvILQxovTsMMh9JupeojYCnDvfrQ"
      },
      "StatusCode": 200,
      "ResponseHeaders": {
        "Cache-Control": "no-cache",
        "Content-Length": "331",
        "Content-Security-Policy": "default-src 'self'",
        "Content-Type": "application/json; charset=utf-8",
        "Strict-Transport-Security": "max-age=31536000; includeSubDomains",
        "X-Content-Type-Options": "nosniff",
        "X-Frame-Options": "SAMEORIGIN",
        "x-ms-keyvault-network-info": "conn_type=Ipv4;addr=70.37.26.135;act_addr_fam=Ipv4;",
        "x-ms-keyvault-region": "brazilsouth",
        "x-ms-server-latency": "37"
      },
      "ResponseBody": {
        "alg": "ES512",
        "kid": "https://managedhsmvaultname.managedhsm.azure.net/keys/livekvtestec-verify-P-5219ded336a/fbe322f849e3070a1698b519e1c14840",
        "value": "AOR_w4K_kZYTMevTMR07nn60P877Nx_BfqNJlrY6rZzcaEIhL-aEW3nVww2E3HQzIdGHV00BQakZNJ2g-F6AO64tAGvuS6kIYWhHJi0s10y0SUSjqJ4UrWmXCOchI8H44x_FeqUcbj6VRoqauzWTDFFW68C1TbPP5jBDc7dQDfh7QhRs"
      }
    }
  ],
  "Variables": {}
}
