{
  "Entries": [
    {
      "RequestUri": "https://vaultname.vault.azure.net/keys/livekvtestkey0feba2b54/create?api-version=sanitized",
      "RequestMethod": "POST",
      "RequestHeaders": {
        "Accept": "application/json",
        "Accept-Encoding": "gzip, deflate",
        "Connection": "keep-alive",
        "Content-Length": "0",
        "Content-Type": "application/json",
        "User-Agent": "azsdk-python-keyvault-keys/4.9.1 Python/3.10.12 (Linux-5.15.146.1-microsoft-standard-WSL2-x86_64-with-glibc2.35)"
      },
      "RequestBody": null,
      "StatusCode": 401,
      "ResponseHeaders": {
        "Cache-Control": "no-cache",
        "Content-Length": "94",
        "Content-Type": "application/json; charset=utf-8",
        "Date": "Wed, 01 May 2024 04:16:09 GMT",
        "Expires": "-1",
        "Pragma": "no-cache",
        "Strict-Transport-Security": "max-age=31536000;includeSubDomains",
        "WWW-Authenticate": "Bearer authorization=\"https://login.microsoftonline.com/00000000-0000-0000-0000-000000000000\", resource=\"https://vault.azure.net\"",
        "X-Content-Type-Options": "nosniff",
        "x-ms-keyvault-network-info": "conn_type=Ipv4;addr=172.92.159.124;act_addr_fam=InterNetwork;",
        "x-ms-keyvault-region": "Sanitized",
        "x-ms-keyvault-service-version": "1.9.1430.6"
      },
      "ResponseBody": {
        "error": {
          "code": "Sanitized",
          "message": "AKV10000: Request is missing a Bearer or PoP token."
        }
      }
    },
    {
      "RequestUri": "https://vaultname.vault.azure.net/keys/livekvtestkey0feba2b54/create?api-version=sanitized",
      "RequestMethod": "POST",
      "RequestHeaders": {
        "Accept": "application/json",
        "Accept-Encoding": "gzip, deflate",
        "Connection": "keep-alive",
        "Content-Length": "14",
        "Content-Type": "application/json",
        "User-Agent": "azsdk-python-keyvault-keys/4.9.1 Python/3.10.12 (Linux-5.15.146.1-microsoft-standard-WSL2-x86_64-with-glibc2.35)"
      },
      "RequestBody": {
        "kty": "RSA"
      },
      "StatusCode": 200,
      "ResponseHeaders": {
        "Cache-Control": "no-cache",
        "Content-Length": "733",
        "Content-Type": "application/json; charset=utf-8",
        "Date": "Wed, 01 May 2024 04:16:11 GMT",
        "Expires": "-1",
        "Pragma": "no-cache",
        "Strict-Transport-Security": "max-age=31536000;includeSubDomains",
        "X-Content-Type-Options": "nosniff",
        "x-ms-keyvault-network-info": "conn_type=Ipv4;addr=172.92.159.124;act_addr_fam=InterNetwork;",
        "x-ms-keyvault-region": "Sanitized",
        "x-ms-keyvault-service-version": "1.9.1430.6"
      },
      "ResponseBody": {
        "key": {
          "kid": "https://vaultname.vault.azure.net/keys/livekvtestkey0feba2b54/afc964c7ff0840dfa74bdd094324f650",
          "kty": "RSA",
          "key_ops": [
            "encrypt",
            "decrypt",
            "sign",
            "verify",
            "wrapKey",
            "unwrapKey"
          ],
          "n": "yeUYTV2cKdKZT0q44xDf9ug-Ky1YRIt7OZvjcpZGI2n12DVTl-GQ5yPTgAxFcxEPgv92YBQxdsEwqrB24KMyUEHo9sVia_BzP_vdN0ZryIh4X8WlCVq5rxcCgQgI475smLIhqOahYI0u7APnFuPxODu7yMGqGC2quMeHsGoqz7kp-J313jckV2EwamVWF0QRTl-Pc9qyN2cMk-EZifxS_0XGLIsrNydjjxwq6nBQJEGlz1iU1DujGKksz56uWluUPzOLIYjyXvJprJG3PX-xTI4lZynPiraUziVzxbVtAyInbTi7G5uhF0EMlqwQvFkjFepo6cz5kj2en7yzdWUnOQ",
          "e": "AQAB"
        },
        "attributes": {
          "enabled": true,
          "created": 1714536972,
          "updated": 1714536972,
          "recoveryLevel": "CustomizedRecoverable+Purgeable",
          "recoverableDays": 7,
          "exportable": false,
          "hsmPlatform": "0"
        }
      }
    },
    {
      "RequestUri": "https://vaultname.vault.azure.net/keys/livekvtestkey1feba2b54/create?api-version=sanitized",
      "RequestMethod": "POST",
      "RequestHeaders": {
        "Accept": "application/json",
        "Accept-Encoding": "gzip, deflate",
        "Connection": "keep-alive",
        "Content-Length": "14",
        "Content-Type": "application/json",
        "User-Agent": "azsdk-python-keyvault-keys/4.9.1 Python/3.10.12 (Linux-5.15.146.1-microsoft-standard-WSL2-x86_64-with-glibc2.35)"
      },
      "RequestBody": {
        "kty": "RSA"
      },
      "StatusCode": 200,
      "ResponseHeaders": {
        "Cache-Control": "no-cache",
        "Content-Length": "733",
        "Content-Type": "application/json; charset=utf-8",
        "Date": "Wed, 01 May 2024 04:16:14 GMT",
        "Expires": "-1",
        "Pragma": "no-cache",
        "Strict-Transport-Security": "max-age=31536000;includeSubDomains",
        "X-Content-Type-Options": "nosniff",
        "x-ms-keyvault-network-info": "conn_type=Ipv4;addr=172.92.159.124;act_addr_fam=InterNetwork;",
        "x-ms-keyvault-region": "Sanitized",
        "x-ms-keyvault-service-version": "1.9.1430.6"
      },
      "ResponseBody": {
        "key": {
          "kid": "https://vaultname.vault.azure.net/keys/livekvtestkey1feba2b54/88fc63fb92a141c587a65b4b26fe78cc",
          "kty": "RSA",
          "key_ops": [
            "encrypt",
            "decrypt",
            "sign",
            "verify",
            "wrapKey",
            "unwrapKey"
          ],
          "n": "ss07WrHExEEb6JNTT3cuQRYe5U1rzlWm-VuJPg1Z2kF0M902V2i4cvxMT_hMrZIM6Epmc53xKLxOf1_IIwJjsDkhghi2F2ttRHTvDpPZzYlenng4nOALsdw80g2OsPLyzn9ASgYP8NIDVuKPqn00ZmAz8ckYt5FQ06HCdGHIMw5Le4OA6SPBSOOA1ILFY8149iK83oVq3owAnSh7Dr5_xuwgifmcEQq5yHv3unaA13K4Ict8_-T1Gc35Ofyz5h0xnKXlyd6CseK7y8aExHM_DJ6DW7U-nZdlpRB2WmSsbq2SVPitfIna896jPYACotS1iDroccxHb-1aad3dpWJzYQ",
          "e": "AQAB"
        },
        "attributes": {
          "enabled": true,
          "created": 1714536974,
          "updated": 1714536974,
          "recoveryLevel": "CustomizedRecoverable+Purgeable",
          "recoverableDays": 7,
          "exportable": false,
          "hsmPlatform": "0"
        }
      }
    },
    {
      "RequestUri": "https://vaultname.vault.azure.net/keys/livekvtestkey2feba2b54/create?api-version=sanitized",
      "RequestMethod": "POST",
      "RequestHeaders": {
        "Accept": "application/json",
        "Accept-Encoding": "gzip, deflate",
        "Connection": "keep-alive",
        "Content-Length": "14",
        "Content-Type": "application/json",
        "User-Agent": "azsdk-python-keyvault-keys/4.9.1 Python/3.10.12 (Linux-5.15.146.1-microsoft-standard-WSL2-x86_64-with-glibc2.35)"
      },
      "RequestBody": {
        "kty": "RSA"
      },
      "StatusCode": 200,
      "ResponseHeaders": {
        "Cache-Control": "no-cache",
        "Content-Length": "733",
        "Content-Type": "application/json; charset=utf-8",
        "Date": "Wed, 01 May 2024 04:16:16 GMT",
        "Expires": "-1",
        "Pragma": "no-cache",
        "Strict-Transport-Security": "max-age=31536000;includeSubDomains",
        "X-Content-Type-Options": "nosniff",
        "x-ms-keyvault-network-info": "conn_type=Ipv4;addr=172.92.159.124;act_addr_fam=InterNetwork;",
        "x-ms-keyvault-region": "Sanitized",
        "x-ms-keyvault-service-version": "1.9.1430.6"
      },
      "ResponseBody": {
        "key": {
          "kid": "https://vaultname.vault.azure.net/keys/livekvtestkey2feba2b54/61e8c564a4f240ae9a591288f39b4765",
          "kty": "RSA",
          "key_ops": [
            "encrypt",
            "decrypt",
            "sign",
            "verify",
            "wrapKey",
            "unwrapKey"
          ],
          "n": "uaQmodV3ZHAyI82dTX5Q1TOqr95tiX_P0m6JcGInsO16HgD1pv5TsEY6YIS8X1hLuH9HSvP7xUIDxw8POKpmW27s354D_FQGWZu5JtQ0HtvHJ5zrWgxRdlHjCE5E-LekQpkWkBOwAnge8AONoYm2zEdhTroP8Ae1HF0LnGUh22qP1P3X_L4gQC8qpAsIUBjpPV_QHahtQu5uyDVN3EseZZlnK4O3rDyLgOklzy404jqDJQ0GPgfy7uT_KNXEPPGo7UEjmIRR55k-Vy2cKeFzs2ChAnzes8q4-1BshTdICAacPZw5FpTxJnIqRhsdK6Zmy6t9ZVl7DSEx_ne9KVJnqQ",
          "e": "AQAB"
        },
        "attributes": {
          "enabled": true,
          "created": 1714536976,
          "updated": 1714536976,
          "recoveryLevel": "CustomizedRecoverable+Purgeable",
          "recoverableDays": 7,
          "exportable": false,
          "hsmPlatform": "0"
        }
      }
    },
    {
      "RequestUri": "https://vaultname.vault.azure.net/keys/livekvtestkey3feba2b54/create?api-version=sanitized",
      "RequestMethod": "POST",
      "RequestHeaders": {
        "Accept": "application/json",
        "Accept-Encoding": "gzip, deflate",
        "Connection": "keep-alive",
        "Content-Length": "14",
        "Content-Type": "application/json",
        "User-Agent": "azsdk-python-keyvault-keys/4.9.1 Python/3.10.12 (Linux-5.15.146.1-microsoft-standard-WSL2-x86_64-with-glibc2.35)"
      },
      "RequestBody": {
        "kty": "RSA"
      },
      "StatusCode": 200,
      "ResponseHeaders": {
        "Cache-Control": "no-cache",
        "Content-Length": "733",
        "Content-Type": "application/json; charset=utf-8",
        "Date": "Wed, 01 May 2024 04:16:18 GMT",
        "Expires": "-1",
        "Pragma": "no-cache",
        "Strict-Transport-Security": "max-age=31536000;includeSubDomains",
        "X-Content-Type-Options": "nosniff",
        "x-ms-keyvault-network-info": "conn_type=Ipv4;addr=172.92.159.124;act_addr_fam=InterNetwork;",
        "x-ms-keyvault-region": "Sanitized",
        "x-ms-keyvault-service-version": "1.9.1430.6"
      },
      "ResponseBody": {
        "key": {
          "kid": "https://vaultname.vault.azure.net/keys/livekvtestkey3feba2b54/28c0d2521b1746ef9950eea6ea7ab76d",
          "kty": "RSA",
          "key_ops": [
            "encrypt",
            "decrypt",
            "sign",
            "verify",
            "wrapKey",
            "unwrapKey"
          ],
          "n": "8DVQaLe8xV9zaQuys-UnrMLDfjDa9FcR_KRgjdabILfo59YIzw3-YmDu3L4LwURjCiykoXLFIbzug_e9rbzFxZCMvbErWtSFZrEPVCle6DkEx2_uBsq6ideFg2U50ABvaNw0J-zIIxrn-qEHzbkxFX6AjpPBnJW9-rYnq7cFxhjmvoTHxuNp1zv1OaWwPNzpvM4ZGDnelbnaU-9OM1tYCbMP34oNuFtFgIZtafDNH4AB1RjTMJgRAxyn2iaAT22zFO3ObbqCHpcQCndmAPX_B6dZK0WrscatH2g0fnwlQsV2XUQvhsVhKIGeqQkE7h68569iWOdHRFZ4oY8p0EZ4aQ",
          "e": "AQAB"
        },
        "attributes": {
          "enabled": true,
          "created": 1714536978,
          "updated": 1714536978,
          "recoveryLevel": "CustomizedRecoverable+Purgeable",
          "recoverableDays": 7,
          "exportable": false,
          "hsmPlatform": "0"
        }
      }
    },
    {
      "RequestUri": "https://vaultname.vault.azure.net/keys/livekvtestkey4feba2b54/create?api-version=sanitized",
      "RequestMethod": "POST",
      "RequestHeaders": {
        "Accept": "application/json",
        "Accept-Encoding": "gzip, deflate",
        "Connection": "keep-alive",
        "Content-Length": "14",
        "Content-Type": "application/json",
        "User-Agent": "azsdk-python-keyvault-keys/4.9.1 Python/3.10.12 (Linux-5.15.146.1-microsoft-standard-WSL2-x86_64-with-glibc2.35)"
      },
      "RequestBody": {
        "kty": "RSA"
      },
      "StatusCode": 200,
      "ResponseHeaders": {
        "Cache-Control": "no-cache",
        "Content-Length": "733",
        "Content-Type": "application/json; charset=utf-8",
        "Date": "Wed, 01 May 2024 04:16:20 GMT",
        "Expires": "-1",
        "Pragma": "no-cache",
        "Strict-Transport-Security": "max-age=31536000;includeSubDomains",
        "X-Content-Type-Options": "nosniff",
        "x-ms-keyvault-network-info": "conn_type=Ipv4;addr=172.92.159.124;act_addr_fam=InterNetwork;",
        "x-ms-keyvault-region": "Sanitized",
        "x-ms-keyvault-service-version": "1.9.1430.6"
      },
      "ResponseBody": {
        "key": {
          "kid": "https://vaultname.vault.azure.net/keys/livekvtestkey4feba2b54/a9927398c802481eb58640215b2373b9",
          "kty": "RSA",
          "key_ops": [
            "encrypt",
            "decrypt",
            "sign",
            "verify",
            "wrapKey",
            "unwrapKey"
          ],
          "n": "rAH7fsV1RYhGwH9Ytb8gxKmCrzDchtdqu4d9moP0yvFhrIhETLVWNjipuQSc6Kj7a4eexXIFUI6rG1FkOhbT1cX43j4A7MX4YHV-zh7KC4ZCawA1EgbgtlNSeEIKSnb4rtdmhLFAKcRZkuGUimgxbnde5IlCQn_56uyndZDGO46LOx5c6wWzNOPanDwZyn-qfL-QXlStNlacdPXnG5kjQgDUVTYSiJPqpAecwGRzq5hNM6tOgJ3pkx_OvUKy-MmmP6K0HeOnhehwN7CYPSRBORagy8AK_KhIdn-z_E_OSczz4cuZoHkCz5XcsJLYUtO_lQ0rz0YwqXHu22lNkpuO4Q",
          "e": "AQAB"
        },
        "attributes": {
          "enabled": true,
          "created": 1714536980,
          "updated": 1714536980,
          "recoveryLevel": "CustomizedRecoverable+Purgeable",
          "recoverableDays": 7,
          "exportable": false,
          "hsmPlatform": "0"
        }
      }
    },
    {
      "RequestUri": "https://vaultname.vault.azure.net/keys/livekvtestkey5feba2b54/create?api-version=sanitized",
      "RequestMethod": "POST",
      "RequestHeaders": {
        "Accept": "application/json",
        "Accept-Encoding": "gzip, deflate",
        "Connection": "keep-alive",
        "Content-Length": "14",
        "Content-Type": "application/json",
        "User-Agent": "azsdk-python-keyvault-keys/4.9.1 Python/3.10.12 (Linux-5.15.146.1-microsoft-standard-WSL2-x86_64-with-glibc2.35)"
      },
      "RequestBody": {
        "kty": "RSA"
      },
      "StatusCode": 200,
      "ResponseHeaders": {
        "Cache-Control": "no-cache",
        "Content-Length": "733",
        "Content-Type": "application/json; charset=utf-8",
        "Date": "Wed, 01 May 2024 04:16:22 GMT",
        "Expires": "-1",
        "Pragma": "no-cache",
        "Strict-Transport-Security": "max-age=31536000;includeSubDomains",
        "X-Content-Type-Options": "nosniff",
        "x-ms-keyvault-network-info": "conn_type=Ipv4;addr=172.92.159.124;act_addr_fam=InterNetwork;",
        "x-ms-keyvault-region": "Sanitized",
        "x-ms-keyvault-service-version": "1.9.1430.6"
      },
      "ResponseBody": {
        "key": {
          "kid": "https://vaultname.vault.azure.net/keys/livekvtestkey5feba2b54/8a2a363cb0b844fda143d130a03848a5",
          "kty": "RSA",
          "key_ops": [
            "encrypt",
            "decrypt",
            "sign",
            "verify",
            "wrapKey",
            "unwrapKey"
          ],
          "n": "1_H9DPao5vU5G2befCVfFZqPiaKMYP9jdft0WTUvbcl_9Hg5n2C-rC6rZ6bseGbZjcOBbgJ-ZeWPfaqPFSleVlY6VQ15rYhZeWi7rvg8I0ChRpdMQZ3Z7pEoJdcGh919--2U8dQLdsmH3rPaCYx9CUk0aTkrus4eeGmkoepxTv13zqsKzhrwJTBe8r8g68wsUewqmOZ_R8OrX7HhpdcrCz81EDvprFz4dcOHO9gs8MBWzzZ4eG6BgcX1yr-q2wQWO993HPh9A3hxOsEosCmGvoZxWN8gXNFNLpHsRFn7MCvBwh7czZ-aAHl7evKOY4lio9Cvx_k4YIzIaVK5YP_H9Q",
          "e": "AQAB"
        },
        "attributes": {
          "enabled": true,
          "created": 1714536982,
          "updated": 1714536982,
          "recoveryLevel": "CustomizedRecoverable+Purgeable",
          "recoverableDays": 7,
          "exportable": false,
          "hsmPlatform": "0"
        }
      }
    },
    {
      "RequestUri": "https://vaultname.vault.azure.net/keys/livekvtestkey6feba2b54/create?api-version=sanitized",
      "RequestMethod": "POST",
      "RequestHeaders": {
        "Accept": "application/json",
        "Accept-Encoding": "gzip, deflate",
        "Connection": "keep-alive",
        "Content-Length": "14",
        "Content-Type": "application/json",
        "User-Agent": "azsdk-python-keyvault-keys/4.9.1 Python/3.10.12 (Linux-5.15.146.1-microsoft-standard-WSL2-x86_64-with-glibc2.35)"
      },
      "RequestBody": {
        "kty": "RSA"
      },
      "StatusCode": 200,
      "ResponseHeaders": {
        "Cache-Control": "no-cache",
        "Content-Length": "733",
        "Content-Type": "application/json; charset=utf-8",
        "Date": "Wed, 01 May 2024 04:16:24 GMT",
        "Expires": "-1",
        "Pragma": "no-cache",
        "Strict-Transport-Security": "max-age=31536000;includeSubDomains",
        "X-Content-Type-Options": "nosniff",
        "x-ms-keyvault-network-info": "conn_type=Ipv4;addr=172.92.159.124;act_addr_fam=InterNetwork;",
        "x-ms-keyvault-region": "Sanitized",
        "x-ms-keyvault-service-version": "1.9.1430.6"
      },
      "ResponseBody": {
        "key": {
          "kid": "https://vaultname.vault.azure.net/keys/livekvtestkey6feba2b54/d176ff311f644f2f812601079279cedf",
          "kty": "RSA",
          "key_ops": [
            "encrypt",
            "decrypt",
            "sign",
            "verify",
            "wrapKey",
            "unwrapKey"
          ],
          "n": "4YjV01CGBdpxYjmIV677Hm9ctOaWJstP1Jt1ro0CHH9h--WSEOHHKJrg11NURPl5mb_de4TW0H6VPViWtExraY9RV-Je9jrBQdjfhqGqJoM4vOW7aa_QMQUXNtiEJRrkyjOorXjslIHywNEWtKxutDMi0gxy2Czh2Vzcrz9GXBf0BXnAKUvGK966gJWRmGu7qeESQm2TkfMfv2QODOe3UUWgbIb_FD7gv5cPQQyY1XqdwpWWlnE3Xl06I_UMwfWwLE-7UMLCMn7aHzfVD6UIcIxA1G1W05u_884r3WHa7HAVD4Znfwm9aA0XB_83o4LuNZchCzlL8yOOZ1gHpeGYJQ",
          "e": "AQAB"
        },
        "attributes": {
          "enabled": true,
          "created": 1714536984,
          "updated": 1714536984,
          "recoveryLevel": "CustomizedRecoverable+Purgeable",
          "recoverableDays": 7,
          "exportable": false,
          "hsmPlatform": "0"
        }
      }
    },
    {
      "RequestUri": "https://vaultname.vault.azure.net/keys/livekvtestkey0feba2b54?api-version=sanitized",
      "RequestMethod": "DELETE",
      "RequestHeaders": {
        "Accept": "application/json",
        "Accept-Encoding": "gzip, deflate",
        "Connection": "keep-alive",
        "Content-Length": "0",
        "User-Agent": "azsdk-python-keyvault-keys/4.9.1 Python/3.10.12 (Linux-5.15.146.1-microsoft-standard-WSL2-x86_64-with-glibc2.35)"
      },
      "RequestBody": null,
      "StatusCode": 200,
      "ResponseHeaders": {
        "Cache-Control": "no-cache",
        "Content-Length": "874",
        "Content-Type": "application/json; charset=utf-8",
        "Date": "Wed, 01 May 2024 04:16:24 GMT",
        "Expires": "-1",
        "Pragma": "no-cache",
        "Strict-Transport-Security": "max-age=31536000;includeSubDomains",
        "X-Content-Type-Options": "nosniff",
        "x-ms-keyvault-network-info": "conn_type=Ipv4;addr=172.92.159.124;act_addr_fam=InterNetwork;",
        "x-ms-keyvault-region": "Sanitized",
        "x-ms-keyvault-service-version": "1.9.1430.6"
      },
      "ResponseBody": {
        "recoveryId": "https://vaultname.vault.azure.net/deletedkeys/livekvtestkey0feba2b54",
        "deletedDate": 1714536984,
        "scheduledPurgeDate": 1715141784,
        "key": {
          "kid": "https://vaultname.vault.azure.net/keys/livekvtestkey0feba2b54/afc964c7ff0840dfa74bdd094324f650",
          "kty": "RSA",
          "key_ops": [
            "encrypt",
            "decrypt",
            "sign",
            "verify",
            "wrapKey",
            "unwrapKey"
          ],
          "n": "yeUYTV2cKdKZT0q44xDf9ug-Ky1YRIt7OZvjcpZGI2n12DVTl-GQ5yPTgAxFcxEPgv92YBQxdsEwqrB24KMyUEHo9sVia_BzP_vdN0ZryIh4X8WlCVq5rxcCgQgI475smLIhqOahYI0u7APnFuPxODu7yMGqGC2quMeHsGoqz7kp-J313jckV2EwamVWF0QRTl-Pc9qyN2cMk-EZifxS_0XGLIsrNydjjxwq6nBQJEGlz1iU1DujGKksz56uWluUPzOLIYjyXvJprJG3PX-xTI4lZynPiraUziVzxbVtAyInbTi7G5uhF0EMlqwQvFkjFepo6cz5kj2en7yzdWUnOQ",
          "e": "AQAB"
        },
        "attributes": {
          "enabled": true,
          "created": 1714536972,
          "updated": 1714536972,
          "recoveryLevel": "CustomizedRecoverable+Purgeable",
          "recoverableDays": 7,
          "exportable": false,
          "hsmPlatform": "0"
        }
      }
    },
    {
      "RequestUri": "https://vaultname.vault.azure.net/deletedkeys/livekvtestkey0feba2b54?api-version=sanitized",
      "RequestMethod": "GET",
      "RequestHeaders": {
        "Accept": "application/json",
        "Accept-Encoding": "gzip, deflate",
        "Connection": "keep-alive",
        "User-Agent": "azsdk-python-keyvault-keys/4.9.1 Python/3.10.12 (Linux-5.15.146.1-microsoft-standard-WSL2-x86_64-with-glibc2.35)"
      },
      "RequestBody": null,
      "StatusCode": 404,
      "ResponseHeaders": {
        "Cache-Control": "no-cache",
        "Content-Length": "90",
        "Content-Type": "application/json; charset=utf-8",
        "Date": "Wed, 01 May 2024 04:16:24 GMT",
        "Expires": "-1",
        "Pragma": "no-cache",
        "Strict-Transport-Security": "max-age=31536000;includeSubDomains",
        "X-Content-Type-Options": "nosniff",
        "x-ms-keyvault-network-info": "conn_type=Ipv4;addr=172.92.159.124;act_addr_fam=InterNetwork;",
        "x-ms-keyvault-region": "Sanitized",
        "x-ms-keyvault-service-version": "1.9.1430.6"
      },
      "ResponseBody": {
        "error": {
          "code": "KeyNotFound",
          "message": "Deleted Key not found: livekvtestkey0feba2b54"
        }
      }
    },
    {
      "RequestUri": "https://vaultname.vault.azure.net/deletedkeys/livekvtestkey0feba2b54?api-version=sanitized",
      "RequestMethod": "GET",
      "RequestHeaders": {
        "Accept": "application/json",
        "Accept-Encoding": "gzip, deflate",
        "Connection": "keep-alive",
        "User-Agent": "azsdk-python-keyvault-keys/4.9.1 Python/3.10.12 (Linux-5.15.146.1-microsoft-standard-WSL2-x86_64-with-glibc2.35)"
      },
      "RequestBody": null,
      "StatusCode": 200,
      "ResponseHeaders": {
        "Cache-Control": "no-cache",
        "Content-Length": "856",
        "Content-Type": "application/json; charset=utf-8",
        "Date": "Wed, 01 May 2024 04:16:26 GMT",
        "Expires": "-1",
        "Pragma": "no-cache",
        "Strict-Transport-Security": "max-age=31536000;includeSubDomains",
        "X-Content-Type-Options": "nosniff",
        "x-ms-keyvault-network-info": "conn_type=Ipv4;addr=172.92.159.124;act_addr_fam=InterNetwork;",
        "x-ms-keyvault-region": "Sanitized",
        "x-ms-keyvault-service-version": "1.9.1430.6"
      },
      "ResponseBody": {
        "recoveryId": "https://vaultname.vault.azure.net/deletedkeys/livekvtestkey0feba2b54",
        "deletedDate": 1714536984,
        "scheduledPurgeDate": 1715141784,
        "key": {
          "kid": "https://vaultname.vault.azure.net/keys/livekvtestkey0feba2b54/afc964c7ff0840dfa74bdd094324f650",
          "kty": "RSA",
          "key_ops": [
            "encrypt",
            "decrypt",
            "sign",
            "verify",
            "wrapKey",
            "unwrapKey"
          ],
          "n": "yeUYTV2cKdKZT0q44xDf9ug-Ky1YRIt7OZvjcpZGI2n12DVTl-GQ5yPTgAxFcxEPgv92YBQxdsEwqrB24KMyUEHo9sVia_BzP_vdN0ZryIh4X8WlCVq5rxcCgQgI475smLIhqOahYI0u7APnFuPxODu7yMGqGC2quMeHsGoqz7kp-J313jckV2EwamVWF0QRTl-Pc9qyN2cMk-EZifxS_0XGLIsrNydjjxwq6nBQJEGlz1iU1DujGKksz56uWluUPzOLIYjyXvJprJG3PX-xTI4lZynPiraUziVzxbVtAyInbTi7G5uhF0EMlqwQvFkjFepo6cz5kj2en7yzdWUnOQ",
          "e": "AQAB"
        },
        "attributes": {
          "enabled": true,
          "created": 1714536972,
          "updated": 1714536972,
          "recoveryLevel": "CustomizedRecoverable+Purgeable",
          "recoverableDays": 7,
          "exportable": false
        }
      }
    },
    {
      "RequestUri": "https://vaultname.vault.azure.net/keys/livekvtestkey1feba2b54?api-version=sanitized",
      "RequestMethod": "DELETE",
      "RequestHeaders": {
        "Accept": "application/json",
        "Accept-Encoding": "gzip, deflate",
        "Connection": "keep-alive",
        "Content-Length": "0",
        "User-Agent": "azsdk-python-keyvault-keys/4.9.1 Python/3.10.12 (Linux-5.15.146.1-microsoft-standard-WSL2-x86_64-with-glibc2.35)"
      },
      "RequestBody": null,
      "StatusCode": 200,
      "ResponseHeaders": {
        "Cache-Control": "no-cache",
        "Content-Length": "874",
        "Content-Type": "application/json; charset=utf-8",
        "Date": "Wed, 01 May 2024 04:16:26 GMT",
        "Expires": "-1",
        "Pragma": "no-cache",
        "Strict-Transport-Security": "max-age=31536000;includeSubDomains",
        "X-Content-Type-Options": "nosniff",
        "x-ms-keyvault-network-info": "conn_type=Ipv4;addr=172.92.159.124;act_addr_fam=InterNetwork;",
        "x-ms-keyvault-region": "Sanitized",
        "x-ms-keyvault-service-version": "1.9.1430.6"
      },
      "ResponseBody": {
        "recoveryId": "https://vaultname.vault.azure.net/deletedkeys/livekvtestkey1feba2b54",
        "deletedDate": 1714536987,
        "scheduledPurgeDate": 1715141787,
        "key": {
          "kid": "https://vaultname.vault.azure.net/keys/livekvtestkey1feba2b54/88fc63fb92a141c587a65b4b26fe78cc",
          "kty": "RSA",
          "key_ops": [
            "encrypt",
            "decrypt",
            "sign",
            "verify",
            "wrapKey",
            "unwrapKey"
          ],
          "n": "ss07WrHExEEb6JNTT3cuQRYe5U1rzlWm-VuJPg1Z2kF0M902V2i4cvxMT_hMrZIM6Epmc53xKLxOf1_IIwJjsDkhghi2F2ttRHTvDpPZzYlenng4nOALsdw80g2OsPLyzn9ASgYP8NIDVuKPqn00ZmAz8ckYt5FQ06HCdGHIMw5Le4OA6SPBSOOA1ILFY8149iK83oVq3owAnSh7Dr5_xuwgifmcEQq5yHv3unaA13K4Ict8_-T1Gc35Ofyz5h0xnKXlyd6CseK7y8aExHM_DJ6DW7U-nZdlpRB2WmSsbq2SVPitfIna896jPYACotS1iDroccxHb-1aad3dpWJzYQ",
          "e": "AQAB"
        },
        "attributes": {
          "enabled": true,
          "created": 1714536974,
          "updated": 1714536974,
          "recoveryLevel": "CustomizedRecoverable+Purgeable",
          "recoverableDays": 7,
          "exportable": false,
          "hsmPlatform": "0"
        }
      }
    },
    {
      "RequestUri": "https://vaultname.vault.azure.net/deletedkeys/livekvtestkey1feba2b54?api-version=sanitized",
      "RequestMethod": "GET",
      "RequestHeaders": {
        "Accept": "application/json",
        "Accept-Encoding": "gzip, deflate",
        "Connection": "keep-alive",
        "User-Agent": "azsdk-python-keyvault-keys/4.9.1 Python/3.10.12 (Linux-5.15.146.1-microsoft-standard-WSL2-x86_64-with-glibc2.35)"
      },
      "RequestBody": null,
      "StatusCode": 404,
      "ResponseHeaders": {
        "Cache-Control": "no-cache",
        "Content-Length": "90",
        "Content-Type": "application/json; charset=utf-8",
        "Date": "Wed, 01 May 2024 04:16:26 GMT",
        "Expires": "-1",
        "Pragma": "no-cache",
        "Strict-Transport-Security": "max-age=31536000;includeSubDomains",
        "X-Content-Type-Options": "nosniff",
        "x-ms-keyvault-network-info": "conn_type=Ipv4;addr=172.92.159.124;act_addr_fam=InterNetwork;",
        "x-ms-keyvault-region": "Sanitized",
        "x-ms-keyvault-service-version": "1.9.1430.6"
      },
      "ResponseBody": {
        "error": {
          "code": "KeyNotFound",
          "message": "Deleted Key not found: livekvtestkey1feba2b54"
        }
      }
    },
    {
      "RequestUri": "https://vaultname.vault.azure.net/deletedkeys/livekvtestkey1feba2b54?api-version=sanitized",
      "RequestMethod": "GET",
      "RequestHeaders": {
        "Accept": "application/json",
        "Accept-Encoding": "gzip, deflate",
        "Connection": "keep-alive",
        "User-Agent": "azsdk-python-keyvault-keys/4.9.1 Python/3.10.12 (Linux-5.15.146.1-microsoft-standard-WSL2-x86_64-with-glibc2.35)"
      },
      "RequestBody": null,
      "StatusCode": 404,
      "ResponseHeaders": {
        "Cache-Control": "no-cache",
        "Content-Length": "90",
        "Content-Type": "application/json; charset=utf-8",
        "Date": "Wed, 01 May 2024 04:16:28 GMT",
        "Expires": "-1",
        "Pragma": "no-cache",
        "Strict-Transport-Security": "max-age=31536000;includeSubDomains",
        "X-Content-Type-Options": "nosniff",
        "x-ms-keyvault-network-info": "conn_type=Ipv4;addr=172.92.159.124;act_addr_fam=InterNetwork;",
        "x-ms-keyvault-region": "Sanitized",
        "x-ms-keyvault-service-version": "1.9.1430.6"
      },
      "ResponseBody": {
        "error": {
          "code": "KeyNotFound",
          "message": "Deleted Key not found: livekvtestkey1feba2b54"
        }
      }
    },
    {
      "RequestUri": "https://vaultname.vault.azure.net/deletedkeys/livekvtestkey1feba2b54?api-version=sanitized",
      "RequestMethod": "GET",
      "RequestHeaders": {
        "Accept": "application/json",
        "Accept-Encoding": "gzip, deflate",
        "Connection": "keep-alive",
        "User-Agent": "azsdk-python-keyvault-keys/4.9.1 Python/3.10.12 (Linux-5.15.146.1-microsoft-standard-WSL2-x86_64-with-glibc2.35)"
      },
      "RequestBody": null,
      "StatusCode": 200,
      "ResponseHeaders": {
        "Cache-Control": "no-cache",
        "Content-Length": "856",
        "Content-Type": "application/json; charset=utf-8",
        "Date": "Wed, 01 May 2024 04:16:30 GMT",
        "Expires": "-1",
        "Pragma": "no-cache",
        "Strict-Transport-Security": "max-age=31536000;includeSubDomains",
        "X-Content-Type-Options": "nosniff",
        "x-ms-keyvault-network-info": "conn_type=Ipv4;addr=172.92.159.124;act_addr_fam=InterNetwork;",
        "x-ms-keyvault-region": "Sanitized",
        "x-ms-keyvault-service-version": "1.9.1430.6"
      },
      "ResponseBody": {
        "recoveryId": "https://vaultname.vault.azure.net/deletedkeys/livekvtestkey1feba2b54",
        "deletedDate": 1714536987,
        "scheduledPurgeDate": 1715141787,
        "key": {
          "kid": "https://vaultname.vault.azure.net/keys/livekvtestkey1feba2b54/88fc63fb92a141c587a65b4b26fe78cc",
          "kty": "RSA",
          "key_ops": [
            "encrypt",
            "decrypt",
            "sign",
            "verify",
            "wrapKey",
            "unwrapKey"
          ],
          "n": "ss07WrHExEEb6JNTT3cuQRYe5U1rzlWm-VuJPg1Z2kF0M902V2i4cvxMT_hMrZIM6Epmc53xKLxOf1_IIwJjsDkhghi2F2ttRHTvDpPZzYlenng4nOALsdw80g2OsPLyzn9ASgYP8NIDVuKPqn00ZmAz8ckYt5FQ06HCdGHIMw5Le4OA6SPBSOOA1ILFY8149iK83oVq3owAnSh7Dr5_xuwgifmcEQq5yHv3unaA13K4Ict8_-T1Gc35Ofyz5h0xnKXlyd6CseK7y8aExHM_DJ6DW7U-nZdlpRB2WmSsbq2SVPitfIna896jPYACotS1iDroccxHb-1aad3dpWJzYQ",
          "e": "AQAB"
        },
        "attributes": {
          "enabled": true,
          "created": 1714536974,
          "updated": 1714536974,
          "recoveryLevel": "CustomizedRecoverable+Purgeable",
          "recoverableDays": 7,
          "exportable": false
        }
      }
    },
    {
      "RequestUri": "https://vaultname.vault.azure.net/keys/livekvtestkey2feba2b54?api-version=sanitized",
      "RequestMethod": "DELETE",
      "RequestHeaders": {
        "Accept": "application/json",
        "Accept-Encoding": "gzip, deflate",
        "Connection": "keep-alive",
        "Content-Length": "0",
        "User-Agent": "azsdk-python-keyvault-keys/4.9.1 Python/3.10.12 (Linux-5.15.146.1-microsoft-standard-WSL2-x86_64-with-glibc2.35)"
      },
      "RequestBody": null,
      "StatusCode": 200,
      "ResponseHeaders": {
        "Cache-Control": "no-cache",
        "Content-Length": "874",
        "Content-Type": "application/json; charset=utf-8",
        "Date": "Wed, 01 May 2024 04:16:30 GMT",
        "Expires": "-1",
        "Pragma": "no-cache",
        "Strict-Transport-Security": "max-age=31536000;includeSubDomains",
        "X-Content-Type-Options": "nosniff",
        "x-ms-keyvault-network-info": "conn_type=Ipv4;addr=172.92.159.124;act_addr_fam=InterNetwork;",
        "x-ms-keyvault-region": "Sanitized",
        "x-ms-keyvault-service-version": "1.9.1430.6"
      },
      "ResponseBody": {
        "recoveryId": "https://vaultname.vault.azure.net/deletedkeys/livekvtestkey2feba2b54",
        "deletedDate": 1714536991,
        "scheduledPurgeDate": 1715141791,
        "key": {
          "kid": "https://vaultname.vault.azure.net/keys/livekvtestkey2feba2b54/61e8c564a4f240ae9a591288f39b4765",
          "kty": "RSA",
          "key_ops": [
            "encrypt",
            "decrypt",
            "sign",
            "verify",
            "wrapKey",
            "unwrapKey"
          ],
          "n": "uaQmodV3ZHAyI82dTX5Q1TOqr95tiX_P0m6JcGInsO16HgD1pv5TsEY6YIS8X1hLuH9HSvP7xUIDxw8POKpmW27s354D_FQGWZu5JtQ0HtvHJ5zrWgxRdlHjCE5E-LekQpkWkBOwAnge8AONoYm2zEdhTroP8Ae1HF0LnGUh22qP1P3X_L4gQC8qpAsIUBjpPV_QHahtQu5uyDVN3EseZZlnK4O3rDyLgOklzy404jqDJQ0GPgfy7uT_KNXEPPGo7UEjmIRR55k-Vy2cKeFzs2ChAnzes8q4-1BshTdICAacPZw5FpTxJnIqRhsdK6Zmy6t9ZVl7DSEx_ne9KVJnqQ",
          "e": "AQAB"
        },
        "attributes": {
          "enabled": true,
          "created": 1714536976,
          "updated": 1714536976,
          "recoveryLevel": "CustomizedRecoverable+Purgeable",
          "recoverableDays": 7,
          "exportable": false,
          "hsmPlatform": "0"
        }
      }
    },
    {
      "RequestUri": "https://vaultname.vault.azure.net/deletedkeys/livekvtestkey2feba2b54?api-version=sanitized",
      "RequestMethod": "GET",
      "RequestHeaders": {
        "Accept": "application/json",
        "Accept-Encoding": "gzip, deflate",
        "Connection": "keep-alive",
        "User-Agent": "azsdk-python-keyvault-keys/4.9.1 Python/3.10.12 (Linux-5.15.146.1-microsoft-standard-WSL2-x86_64-with-glibc2.35)"
      },
      "RequestBody": null,
      "StatusCode": 404,
      "ResponseHeaders": {
        "Cache-Control": "no-cache",
        "Content-Length": "90",
        "Content-Type": "application/json; charset=utf-8",
        "Date": "Wed, 01 May 2024 04:16:30 GMT",
        "Expires": "-1",
        "Pragma": "no-cache",
        "Strict-Transport-Security": "max-age=31536000;includeSubDomains",
        "X-Content-Type-Options": "nosniff",
        "x-ms-keyvault-network-info": "conn_type=Ipv4;addr=172.92.159.124;act_addr_fam=InterNetwork;",
        "x-ms-keyvault-region": "Sanitized",
        "x-ms-keyvault-service-version": "1.9.1430.6"
      },
      "ResponseBody": {
        "error": {
          "code": "KeyNotFound",
          "message": "Deleted Key not found: livekvtestkey2feba2b54"
        }
      }
    },
    {
      "RequestUri": "https://vaultname.vault.azure.net/deletedkeys/livekvtestkey2feba2b54?api-version=sanitized",
      "RequestMethod": "GET",
      "RequestHeaders": {
        "Accept": "application/json",
        "Accept-Encoding": "gzip, deflate",
        "Connection": "keep-alive",
        "User-Agent": "azsdk-python-keyvault-keys/4.9.1 Python/3.10.12 (Linux-5.15.146.1-microsoft-standard-WSL2-x86_64-with-glibc2.35)"
      },
      "RequestBody": null,
      "StatusCode": 200,
      "ResponseHeaders": {
        "Cache-Control": "no-cache",
        "Content-Length": "856",
        "Content-Type": "application/json; charset=utf-8",
        "Date": "Wed, 01 May 2024 04:16:32 GMT",
        "Expires": "-1",
        "Pragma": "no-cache",
        "Strict-Transport-Security": "max-age=31536000;includeSubDomains",
        "X-Content-Type-Options": "nosniff",
        "x-ms-keyvault-network-info": "conn_type=Ipv4;addr=172.92.159.124;act_addr_fam=InterNetwork;",
        "x-ms-keyvault-region": "Sanitized",
        "x-ms-keyvault-service-version": "1.9.1430.6"
      },
      "ResponseBody": {
        "recoveryId": "https://vaultname.vault.azure.net/deletedkeys/livekvtestkey2feba2b54",
        "deletedDate": 1714536991,
        "scheduledPurgeDate": 1715141791,
        "key": {
          "kid": "https://vaultname.vault.azure.net/keys/livekvtestkey2feba2b54/61e8c564a4f240ae9a591288f39b4765",
          "kty": "RSA",
          "key_ops": [
            "encrypt",
            "decrypt",
            "sign",
            "verify",
            "wrapKey",
            "unwrapKey"
          ],
          "n": "uaQmodV3ZHAyI82dTX5Q1TOqr95tiX_P0m6JcGInsO16HgD1pv5TsEY6YIS8X1hLuH9HSvP7xUIDxw8POKpmW27s354D_FQGWZu5JtQ0HtvHJ5zrWgxRdlHjCE5E-LekQpkWkBOwAnge8AONoYm2zEdhTroP8Ae1HF0LnGUh22qP1P3X_L4gQC8qpAsIUBjpPV_QHahtQu5uyDVN3EseZZlnK4O3rDyLgOklzy404jqDJQ0GPgfy7uT_KNXEPPGo7UEjmIRR55k-Vy2cKeFzs2ChAnzes8q4-1BshTdICAacPZw5FpTxJnIqRhsdK6Zmy6t9ZVl7DSEx_ne9KVJnqQ",
          "e": "AQAB"
        },
        "attributes": {
          "enabled": true,
          "created": 1714536976,
          "updated": 1714536976,
          "recoveryLevel": "CustomizedRecoverable+Purgeable",
          "recoverableDays": 7,
          "exportable": false
        }
      }
    },
    {
      "RequestUri": "https://vaultname.vault.azure.net/keys/livekvtestkey3feba2b54?api-version=sanitized",
      "RequestMethod": "DELETE",
      "RequestHeaders": {
        "Accept": "application/json",
        "Accept-Encoding": "gzip, deflate",
        "Connection": "keep-alive",
        "Content-Length": "0",
        "User-Agent": "azsdk-python-keyvault-keys/4.9.1 Python/3.10.12 (Linux-5.15.146.1-microsoft-standard-WSL2-x86_64-with-glibc2.35)"
      },
      "RequestBody": null,
      "StatusCode": 200,
      "ResponseHeaders": {
        "Cache-Control": "no-cache",
        "Content-Length": "874",
        "Content-Type": "application/json; charset=utf-8",
        "Date": "Wed, 01 May 2024 04:16:32 GMT",
        "Expires": "-1",
        "Pragma": "no-cache",
        "Strict-Transport-Security": "max-age=31536000;includeSubDomains",
        "X-Content-Type-Options": "nosniff",
        "x-ms-keyvault-network-info": "conn_type=Ipv4;addr=172.92.159.124;act_addr_fam=InterNetwork;",
        "x-ms-keyvault-region": "Sanitized",
        "x-ms-keyvault-service-version": "1.9.1430.6"
      },
      "ResponseBody": {
        "recoveryId": "https://vaultname.vault.azure.net/deletedkeys/livekvtestkey3feba2b54",
        "deletedDate": 1714536993,
        "scheduledPurgeDate": 1715141793,
        "key": {
          "kid": "https://vaultname.vault.azure.net/keys/livekvtestkey3feba2b54/28c0d2521b1746ef9950eea6ea7ab76d",
          "kty": "RSA",
          "key_ops": [
            "encrypt",
            "decrypt",
            "sign",
            "verify",
            "wrapKey",
            "unwrapKey"
          ],
          "n": "8DVQaLe8xV9zaQuys-UnrMLDfjDa9FcR_KRgjdabILfo59YIzw3-YmDu3L4LwURjCiykoXLFIbzug_e9rbzFxZCMvbErWtSFZrEPVCle6DkEx2_uBsq6ideFg2U50ABvaNw0J-zIIxrn-qEHzbkxFX6AjpPBnJW9-rYnq7cFxhjmvoTHxuNp1zv1OaWwPNzpvM4ZGDnelbnaU-9OM1tYCbMP34oNuFtFgIZtafDNH4AB1RjTMJgRAxyn2iaAT22zFO3ObbqCHpcQCndmAPX_B6dZK0WrscatH2g0fnwlQsV2XUQvhsVhKIGeqQkE7h68569iWOdHRFZ4oY8p0EZ4aQ",
          "e": "AQAB"
        },
        "attributes": {
          "enabled": true,
          "created": 1714536978,
          "updated": 1714536978,
          "recoveryLevel": "CustomizedRecoverable+Purgeable",
          "recoverableDays": 7,
          "exportable": false,
          "hsmPlatform": "0"
        }
      }
    },
    {
      "RequestUri": "https://vaultname.vault.azure.net/deletedkeys/livekvtestkey3feba2b54?api-version=sanitized",
      "RequestMethod": "GET",
      "RequestHeaders": {
        "Accept": "application/json",
        "Accept-Encoding": "gzip, deflate",
        "Connection": "keep-alive",
        "User-Agent": "azsdk-python-keyvault-keys/4.9.1 Python/3.10.12 (Linux-5.15.146.1-microsoft-standard-WSL2-x86_64-with-glibc2.35)"
      },
      "RequestBody": null,
      "StatusCode": 404,
      "ResponseHeaders": {
        "Cache-Control": "no-cache",
        "Content-Length": "90",
        "Content-Type": "application/json; charset=utf-8",
        "Date": "Wed, 01 May 2024 04:16:33 GMT",
        "Expires": "-1",
        "Pragma": "no-cache",
        "Strict-Transport-Security": "max-age=31536000;includeSubDomains",
        "X-Content-Type-Options": "nosniff",
        "x-ms-keyvault-network-info": "conn_type=Ipv4;addr=172.92.159.124;act_addr_fam=InterNetwork;",
        "x-ms-keyvault-region": "Sanitized",
        "x-ms-keyvault-service-version": "1.9.1430.6"
      },
      "ResponseBody": {
        "error": {
          "code": "KeyNotFound",
          "message": "Deleted Key not found: livekvtestkey3feba2b54"
        }
      }
    },
    {
      "RequestUri": "https://vaultname.vault.azure.net/deletedkeys/livekvtestkey3feba2b54?api-version=sanitized",
      "RequestMethod": "GET",
      "RequestHeaders": {
        "Accept": "application/json",
        "Accept-Encoding": "gzip, deflate",
        "Connection": "keep-alive",
        "User-Agent": "azsdk-python-keyvault-keys/4.9.1 Python/3.10.12 (Linux-5.15.146.1-microsoft-standard-WSL2-x86_64-with-glibc2.35)"
      },
      "RequestBody": null,
      "StatusCode": 404,
      "ResponseHeaders": {
        "Cache-Control": "no-cache",
        "Content-Length": "90",
        "Content-Type": "application/json; charset=utf-8",
        "Date": "Wed, 01 May 2024 04:16:35 GMT",
        "Expires": "-1",
        "Pragma": "no-cache",
        "Strict-Transport-Security": "max-age=31536000;includeSubDomains",
        "X-Content-Type-Options": "nosniff",
        "x-ms-keyvault-network-info": "conn_type=Ipv4;addr=172.92.159.124;act_addr_fam=InterNetwork;",
        "x-ms-keyvault-region": "Sanitized",
        "x-ms-keyvault-service-version": "1.9.1430.6"
      },
      "ResponseBody": {
        "error": {
          "code": "KeyNotFound",
          "message": "Deleted Key not found: livekvtestkey3feba2b54"
        }
      }
    },
    {
      "RequestUri": "https://vaultname.vault.azure.net/deletedkeys/livekvtestkey3feba2b54?api-version=sanitized",
      "RequestMethod": "GET",
      "RequestHeaders": {
        "Accept": "application/json",
        "Accept-Encoding": "gzip, deflate",
        "Connection": "keep-alive",
        "User-Agent": "azsdk-python-keyvault-keys/4.9.1 Python/3.10.12 (Linux-5.15.146.1-microsoft-standard-WSL2-x86_64-with-glibc2.35)"
      },
      "RequestBody": null,
      "StatusCode": 200,
      "ResponseHeaders": {
        "Cache-Control": "no-cache",
        "Content-Length": "856",
        "Content-Type": "application/json; charset=utf-8",
        "Date": "Wed, 01 May 2024 04:16:37 GMT",
        "Expires": "-1",
        "Pragma": "no-cache",
        "Strict-Transport-Security": "max-age=31536000;includeSubDomains",
        "X-Content-Type-Options": "nosniff",
        "x-ms-keyvault-network-info": "conn_type=Ipv4;addr=172.92.159.124;act_addr_fam=InterNetwork;",
        "x-ms-keyvault-region": "Sanitized",
        "x-ms-keyvault-service-version": "1.9.1430.6"
      },
      "ResponseBody": {
        "recoveryId": "https://vaultname.vault.azure.net/deletedkeys/livekvtestkey3feba2b54",
        "deletedDate": 1714536993,
        "scheduledPurgeDate": 1715141793,
        "key": {
          "kid": "https://vaultname.vault.azure.net/keys/livekvtestkey3feba2b54/28c0d2521b1746ef9950eea6ea7ab76d",
          "kty": "RSA",
          "key_ops": [
            "encrypt",
            "decrypt",
            "sign",
            "verify",
            "wrapKey",
            "unwrapKey"
          ],
          "n": "8DVQaLe8xV9zaQuys-UnrMLDfjDa9FcR_KRgjdabILfo59YIzw3-YmDu3L4LwURjCiykoXLFIbzug_e9rbzFxZCMvbErWtSFZrEPVCle6DkEx2_uBsq6ideFg2U50ABvaNw0J-zIIxrn-qEHzbkxFX6AjpPBnJW9-rYnq7cFxhjmvoTHxuNp1zv1OaWwPNzpvM4ZGDnelbnaU-9OM1tYCbMP34oNuFtFgIZtafDNH4AB1RjTMJgRAxyn2iaAT22zFO3ObbqCHpcQCndmAPX_B6dZK0WrscatH2g0fnwlQsV2XUQvhsVhKIGeqQkE7h68569iWOdHRFZ4oY8p0EZ4aQ",
          "e": "AQAB"
        },
        "attributes": {
          "enabled": true,
          "created": 1714536978,
          "updated": 1714536978,
          "recoveryLevel": "CustomizedRecoverable+Purgeable",
          "recoverableDays": 7,
          "exportable": false
        }
      }
    },
    {
      "RequestUri": "https://vaultname.vault.azure.net/keys/livekvtestkey4feba2b54?api-version=sanitized",
      "RequestMethod": "DELETE",
      "RequestHeaders": {
        "Accept": "application/json",
        "Accept-Encoding": "gzip, deflate",
        "Connection": "keep-alive",
        "Content-Length": "0",
        "User-Agent": "azsdk-python-keyvault-keys/4.9.1 Python/3.10.12 (Linux-5.15.146.1-microsoft-standard-WSL2-x86_64-with-glibc2.35)"
      },
      "RequestBody": null,
      "StatusCode": 200,
      "ResponseHeaders": {
        "Cache-Control": "no-cache",
        "Content-Length": "874",
        "Content-Type": "application/json; charset=utf-8",
        "Date": "Wed, 01 May 2024 04:16:37 GMT",
        "Expires": "-1",
        "Pragma": "no-cache",
        "Strict-Transport-Security": "max-age=31536000;includeSubDomains",
        "X-Content-Type-Options": "nosniff",
        "x-ms-keyvault-network-info": "conn_type=Ipv4;addr=172.92.159.124;act_addr_fam=InterNetwork;",
        "x-ms-keyvault-region": "Sanitized",
        "x-ms-keyvault-service-version": "1.9.1430.6"
      },
      "ResponseBody": {
        "recoveryId": "https://vaultname.vault.azure.net/deletedkeys/livekvtestkey4feba2b54",
        "deletedDate": 1714536997,
        "scheduledPurgeDate": 1715141797,
        "key": {
          "kid": "https://vaultname.vault.azure.net/keys/livekvtestkey4feba2b54/a9927398c802481eb58640215b2373b9",
          "kty": "RSA",
          "key_ops": [
            "encrypt",
            "decrypt",
            "sign",
            "verify",
            "wrapKey",
            "unwrapKey"
          ],
          "n": "rAH7fsV1RYhGwH9Ytb8gxKmCrzDchtdqu4d9moP0yvFhrIhETLVWNjipuQSc6Kj7a4eexXIFUI6rG1FkOhbT1cX43j4A7MX4YHV-zh7KC4ZCawA1EgbgtlNSeEIKSnb4rtdmhLFAKcRZkuGUimgxbnde5IlCQn_56uyndZDGO46LOx5c6wWzNOPanDwZyn-qfL-QXlStNlacdPXnG5kjQgDUVTYSiJPqpAecwGRzq5hNM6tOgJ3pkx_OvUKy-MmmP6K0HeOnhehwN7CYPSRBORagy8AK_KhIdn-z_E_OSczz4cuZoHkCz5XcsJLYUtO_lQ0rz0YwqXHu22lNkpuO4Q",
          "e": "AQAB"
        },
        "attributes": {
          "enabled": true,
          "created": 1714536980,
          "updated": 1714536980,
          "recoveryLevel": "CustomizedRecoverable+Purgeable",
          "recoverableDays": 7,
          "exportable": false,
          "hsmPlatform": "0"
        }
      }
    },
    {
      "RequestUri": "https://vaultname.vault.azure.net/deletedkeys/livekvtestkey4feba2b54?api-version=sanitized",
      "RequestMethod": "GET",
      "RequestHeaders": {
        "Accept": "application/json",
        "Accept-Encoding": "gzip, deflate",
        "Connection": "keep-alive",
        "User-Agent": "azsdk-python-keyvault-keys/4.9.1 Python/3.10.12 (Linux-5.15.146.1-microsoft-standard-WSL2-x86_64-with-glibc2.35)"
      },
      "RequestBody": null,
      "StatusCode": 404,
      "ResponseHeaders": {
        "Cache-Control": "no-cache",
        "Content-Length": "90",
        "Content-Type": "application/json; charset=utf-8",
        "Date": "Wed, 01 May 2024 04:16:37 GMT",
        "Expires": "-1",
        "Pragma": "no-cache",
        "Strict-Transport-Security": "max-age=31536000;includeSubDomains",
        "X-Content-Type-Options": "nosniff",
        "x-ms-keyvault-network-info": "conn_type=Ipv4;addr=172.92.159.124;act_addr_fam=InterNetwork;",
        "x-ms-keyvault-region": "Sanitized",
        "x-ms-keyvault-service-version": "1.9.1430.6"
      },
      "ResponseBody": {
        "error": {
          "code": "KeyNotFound",
          "message": "Deleted Key not found: livekvtestkey4feba2b54"
        }
      }
    },
    {
      "RequestUri": "https://vaultname.vault.azure.net/deletedkeys/livekvtestkey4feba2b54?api-version=sanitized",
      "RequestMethod": "GET",
      "RequestHeaders": {
        "Accept": "application/json",
        "Accept-Encoding": "gzip, deflate",
        "Connection": "keep-alive",
        "User-Agent": "azsdk-python-keyvault-keys/4.9.1 Python/3.10.12 (Linux-5.15.146.1-microsoft-standard-WSL2-x86_64-with-glibc2.35)"
      },
      "RequestBody": null,
      "StatusCode": 200,
      "ResponseHeaders": {
        "Cache-Control": "no-cache",
        "Content-Length": "856",
        "Content-Type": "application/json; charset=utf-8",
        "Date": "Wed, 01 May 2024 04:16:39 GMT",
        "Expires": "-1",
        "Pragma": "no-cache",
        "Strict-Transport-Security": "max-age=31536000;includeSubDomains",
        "X-Content-Type-Options": "nosniff",
        "x-ms-keyvault-network-info": "conn_type=Ipv4;addr=172.92.159.124;act_addr_fam=InterNetwork;",
        "x-ms-keyvault-region": "Sanitized",
        "x-ms-keyvault-service-version": "1.9.1430.6"
      },
      "ResponseBody": {
        "recoveryId": "https://vaultname.vault.azure.net/deletedkeys/livekvtestkey4feba2b54",
        "deletedDate": 1714536997,
        "scheduledPurgeDate": 1715141797,
        "key": {
          "kid": "https://vaultname.vault.azure.net/keys/livekvtestkey4feba2b54/a9927398c802481eb58640215b2373b9",
          "kty": "RSA",
          "key_ops": [
            "encrypt",
            "decrypt",
            "sign",
            "verify",
            "wrapKey",
            "unwrapKey"
          ],
          "n": "rAH7fsV1RYhGwH9Ytb8gxKmCrzDchtdqu4d9moP0yvFhrIhETLVWNjipuQSc6Kj7a4eexXIFUI6rG1FkOhbT1cX43j4A7MX4YHV-zh7KC4ZCawA1EgbgtlNSeEIKSnb4rtdmhLFAKcRZkuGUimgxbnde5IlCQn_56uyndZDGO46LOx5c6wWzNOPanDwZyn-qfL-QXlStNlacdPXnG5kjQgDUVTYSiJPqpAecwGRzq5hNM6tOgJ3pkx_OvUKy-MmmP6K0HeOnhehwN7CYPSRBORagy8AK_KhIdn-z_E_OSczz4cuZoHkCz5XcsJLYUtO_lQ0rz0YwqXHu22lNkpuO4Q",
          "e": "AQAB"
        },
        "attributes": {
          "enabled": true,
          "created": 1714536980,
          "updated": 1714536980,
          "recoveryLevel": "CustomizedRecoverable+Purgeable",
          "recoverableDays": 7,
          "exportable": false
        }
      }
    },
    {
      "RequestUri": "https://vaultname.vault.azure.net/keys/livekvtestkey5feba2b54?api-version=sanitized",
      "RequestMethod": "DELETE",
      "RequestHeaders": {
        "Accept": "application/json",
        "Accept-Encoding": "gzip, deflate",
        "Connection": "keep-alive",
        "Content-Length": "0",
        "User-Agent": "azsdk-python-keyvault-keys/4.9.1 Python/3.10.12 (Linux-5.15.146.1-microsoft-standard-WSL2-x86_64-with-glibc2.35)"
      },
      "RequestBody": null,
      "StatusCode": 200,
      "ResponseHeaders": {
        "Cache-Control": "no-cache",
        "Content-Length": "874",
        "Content-Type": "application/json; charset=utf-8",
        "Date": "Wed, 01 May 2024 04:16:39 GMT",
        "Expires": "-1",
        "Pragma": "no-cache",
        "Strict-Transport-Security": "max-age=31536000;includeSubDomains",
        "X-Content-Type-Options": "nosniff",
        "x-ms-keyvault-network-info": "conn_type=Ipv4;addr=172.92.159.124;act_addr_fam=InterNetwork;",
        "x-ms-keyvault-region": "Sanitized",
        "x-ms-keyvault-service-version": "1.9.1430.6"
      },
      "ResponseBody": {
        "recoveryId": "https://vaultname.vault.azure.net/deletedkeys/livekvtestkey5feba2b54",
        "deletedDate": 1714536999,
        "scheduledPurgeDate": 1715141799,
        "key": {
          "kid": "https://vaultname.vault.azure.net/keys/livekvtestkey5feba2b54/8a2a363cb0b844fda143d130a03848a5",
          "kty": "RSA",
          "key_ops": [
            "encrypt",
            "decrypt",
            "sign",
            "verify",
            "wrapKey",
            "unwrapKey"
          ],
          "n": "1_H9DPao5vU5G2befCVfFZqPiaKMYP9jdft0WTUvbcl_9Hg5n2C-rC6rZ6bseGbZjcOBbgJ-ZeWPfaqPFSleVlY6VQ15rYhZeWi7rvg8I0ChRpdMQZ3Z7pEoJdcGh919--2U8dQLdsmH3rPaCYx9CUk0aTkrus4eeGmkoepxTv13zqsKzhrwJTBe8r8g68wsUewqmOZ_R8OrX7HhpdcrCz81EDvprFz4dcOHO9gs8MBWzzZ4eG6BgcX1yr-q2wQWO993HPh9A3hxOsEosCmGvoZxWN8gXNFNLpHsRFn7MCvBwh7czZ-aAHl7evKOY4lio9Cvx_k4YIzIaVK5YP_H9Q",
          "e": "AQAB"
        },
        "attributes": {
          "enabled": true,
          "created": 1714536982,
          "updated": 1714536982,
          "recoveryLevel": "CustomizedRecoverable+Purgeable",
          "recoverableDays": 7,
          "exportable": false,
          "hsmPlatform": "0"
        }
      }
    },
    {
      "RequestUri": "https://vaultname.vault.azure.net/deletedkeys/livekvtestkey5feba2b54?api-version=sanitized",
      "RequestMethod": "GET",
      "RequestHeaders": {
        "Accept": "application/json",
        "Accept-Encoding": "gzip, deflate",
        "Connection": "keep-alive",
        "User-Agent": "azsdk-python-keyvault-keys/4.9.1 Python/3.10.12 (Linux-5.15.146.1-microsoft-standard-WSL2-x86_64-with-glibc2.35)"
      },
      "RequestBody": null,
      "StatusCode": 404,
      "ResponseHeaders": {
        "Cache-Control": "no-cache",
        "Content-Length": "90",
        "Content-Type": "application/json; charset=utf-8",
        "Date": "Wed, 01 May 2024 04:16:39 GMT",
        "Expires": "-1",
        "Pragma": "no-cache",
        "Strict-Transport-Security": "max-age=31536000;includeSubDomains",
        "X-Content-Type-Options": "nosniff",
        "x-ms-keyvault-network-info": "conn_type=Ipv4;addr=172.92.159.124;act_addr_fam=InterNetwork;",
        "x-ms-keyvault-region": "Sanitized",
        "x-ms-keyvault-service-version": "1.9.1430.6"
      },
      "ResponseBody": {
        "error": {
          "code": "KeyNotFound",
          "message": "Deleted Key not found: livekvtestkey5feba2b54"
        }
      }
    },
    {
      "RequestUri": "https://vaultname.vault.azure.net/deletedkeys/livekvtestkey5feba2b54?api-version=sanitized",
      "RequestMethod": "GET",
      "RequestHeaders": {
        "Accept": "application/json",
        "Accept-Encoding": "gzip, deflate",
        "Connection": "keep-alive",
        "User-Agent": "azsdk-python-keyvault-keys/4.9.1 Python/3.10.12 (Linux-5.15.146.1-microsoft-standard-WSL2-x86_64-with-glibc2.35)"
      },
      "RequestBody": null,
      "StatusCode": 200,
      "ResponseHeaders": {
        "Cache-Control": "no-cache",
        "Content-Length": "856",
        "Content-Type": "application/json; charset=utf-8",
        "Date": "Wed, 01 May 2024 04:16:41 GMT",
        "Expires": "-1",
        "Pragma": "no-cache",
        "Strict-Transport-Security": "max-age=31536000;includeSubDomains",
        "X-Content-Type-Options": "nosniff",
        "x-ms-keyvault-network-info": "conn_type=Ipv4;addr=172.92.159.124;act_addr_fam=InterNetwork;",
        "x-ms-keyvault-region": "Sanitized",
        "x-ms-keyvault-service-version": "1.9.1430.6"
      },
      "ResponseBody": {
        "recoveryId": "https://vaultname.vault.azure.net/deletedkeys/livekvtestkey5feba2b54",
        "deletedDate": 1714536999,
        "scheduledPurgeDate": 1715141799,
        "key": {
          "kid": "https://vaultname.vault.azure.net/keys/livekvtestkey5feba2b54/8a2a363cb0b844fda143d130a03848a5",
          "kty": "RSA",
          "key_ops": [
            "encrypt",
            "decrypt",
            "sign",
            "verify",
            "wrapKey",
            "unwrapKey"
          ],
          "n": "1_H9DPao5vU5G2befCVfFZqPiaKMYP9jdft0WTUvbcl_9Hg5n2C-rC6rZ6bseGbZjcOBbgJ-ZeWPfaqPFSleVlY6VQ15rYhZeWi7rvg8I0ChRpdMQZ3Z7pEoJdcGh919--2U8dQLdsmH3rPaCYx9CUk0aTkrus4eeGmkoepxTv13zqsKzhrwJTBe8r8g68wsUewqmOZ_R8OrX7HhpdcrCz81EDvprFz4dcOHO9gs8MBWzzZ4eG6BgcX1yr-q2wQWO993HPh9A3hxOsEosCmGvoZxWN8gXNFNLpHsRFn7MCvBwh7czZ-aAHl7evKOY4lio9Cvx_k4YIzIaVK5YP_H9Q",
          "e": "AQAB"
        },
        "attributes": {
          "enabled": true,
          "created": 1714536982,
          "updated": 1714536982,
          "recoveryLevel": "CustomizedRecoverable+Purgeable",
          "recoverableDays": 7,
          "exportable": false
        }
      }
    },
    {
      "RequestUri": "https://vaultname.vault.azure.net/keys/livekvtestkey6feba2b54?api-version=sanitized",
      "RequestMethod": "DELETE",
      "RequestHeaders": {
        "Accept": "application/json",
        "Accept-Encoding": "gzip, deflate",
        "Connection": "keep-alive",
        "Content-Length": "0",
        "User-Agent": "azsdk-python-keyvault-keys/4.9.1 Python/3.10.12 (Linux-5.15.146.1-microsoft-standard-WSL2-x86_64-with-glibc2.35)"
      },
      "RequestBody": null,
      "StatusCode": 200,
      "ResponseHeaders": {
        "Cache-Control": "no-cache",
        "Content-Length": "874",
        "Content-Type": "application/json; charset=utf-8",
        "Date": "Wed, 01 May 2024 04:16:41 GMT",
        "Expires": "-1",
        "Pragma": "no-cache",
        "Strict-Transport-Security": "max-age=31536000;includeSubDomains",
        "X-Content-Type-Options": "nosniff",
        "x-ms-keyvault-network-info": "conn_type=Ipv4;addr=172.92.159.124;act_addr_fam=InterNetwork;",
        "x-ms-keyvault-region": "Sanitized",
        "x-ms-keyvault-service-version": "1.9.1430.6"
      },
      "ResponseBody": {
        "recoveryId": "https://vaultname.vault.azure.net/deletedkeys/livekvtestkey6feba2b54",
        "deletedDate": 1714537001,
        "scheduledPurgeDate": 1715141801,
        "key": {
          "kid": "https://vaultname.vault.azure.net/keys/livekvtestkey6feba2b54/d176ff311f644f2f812601079279cedf",
          "kty": "RSA",
          "key_ops": [
            "encrypt",
            "decrypt",
            "sign",
            "verify",
            "wrapKey",
            "unwrapKey"
          ],
          "n": "4YjV01CGBdpxYjmIV677Hm9ctOaWJstP1Jt1ro0CHH9h--WSEOHHKJrg11NURPl5mb_de4TW0H6VPViWtExraY9RV-Je9jrBQdjfhqGqJoM4vOW7aa_QMQUXNtiEJRrkyjOorXjslIHywNEWtKxutDMi0gxy2Czh2Vzcrz9GXBf0BXnAKUvGK966gJWRmGu7qeESQm2TkfMfv2QODOe3UUWgbIb_FD7gv5cPQQyY1XqdwpWWlnE3Xl06I_UMwfWwLE-7UMLCMn7aHzfVD6UIcIxA1G1W05u_884r3WHa7HAVD4Znfwm9aA0XB_83o4LuNZchCzlL8yOOZ1gHpeGYJQ",
          "e": "AQAB"
        },
        "attributes": {
          "enabled": true,
          "created": 1714536984,
          "updated": 1714536984,
          "recoveryLevel": "CustomizedRecoverable+Purgeable",
          "recoverableDays": 7,
          "exportable": false,
          "hsmPlatform": "0"
        }
      }
    },
    {
      "RequestUri": "https://vaultname.vault.azure.net/deletedkeys/livekvtestkey6feba2b54?api-version=sanitized",
      "RequestMethod": "GET",
      "RequestHeaders": {
        "Accept": "application/json",
        "Accept-Encoding": "gzip, deflate",
        "Connection": "keep-alive",
        "User-Agent": "azsdk-python-keyvault-keys/4.9.1 Python/3.10.12 (Linux-5.15.146.1-microsoft-standard-WSL2-x86_64-with-glibc2.35)"
      },
      "RequestBody": null,
      "StatusCode": 404,
      "ResponseHeaders": {
        "Cache-Control": "no-cache",
        "Content-Length": "90",
        "Content-Type": "application/json; charset=utf-8",
        "Date": "Wed, 01 May 2024 04:16:41 GMT",
        "Expires": "-1",
        "Pragma": "no-cache",
        "Strict-Transport-Security": "max-age=31536000;includeSubDomains",
        "X-Content-Type-Options": "nosniff",
        "x-ms-keyvault-network-info": "conn_type=Ipv4;addr=172.92.159.124;act_addr_fam=InterNetwork;",
        "x-ms-keyvault-region": "Sanitized",
        "x-ms-keyvault-service-version": "1.9.1430.6"
      },
      "ResponseBody": {
        "error": {
          "code": "KeyNotFound",
          "message": "Deleted Key not found: livekvtestkey6feba2b54"
        }
      }
    },
    {
      "RequestUri": "https://vaultname.vault.azure.net/deletedkeys/livekvtestkey6feba2b54?api-version=sanitized",
      "RequestMethod": "GET",
      "RequestHeaders": {
        "Accept": "application/json",
        "Accept-Encoding": "gzip, deflate",
        "Connection": "keep-alive",
        "User-Agent": "azsdk-python-keyvault-keys/4.9.1 Python/3.10.12 (Linux-5.15.146.1-microsoft-standard-WSL2-x86_64-with-glibc2.35)"
      },
      "RequestBody": null,
      "StatusCode": 200,
      "ResponseHeaders": {
        "Cache-Control": "no-cache",
        "Content-Length": "856",
        "Content-Type": "application/json; charset=utf-8",
        "Date": "Wed, 01 May 2024 04:16:43 GMT",
        "Expires": "-1",
        "Pragma": "no-cache",
        "Strict-Transport-Security": "max-age=31536000;includeSubDomains",
        "X-Content-Type-Options": "nosniff",
        "x-ms-keyvault-network-info": "conn_type=Ipv4;addr=172.92.159.124;act_addr_fam=InterNetwork;",
        "x-ms-keyvault-region": "Sanitized",
        "x-ms-keyvault-service-version": "1.9.1430.6"
      },
      "ResponseBody": {
        "recoveryId": "https://vaultname.vault.azure.net/deletedkeys/livekvtestkey6feba2b54",
        "deletedDate": 1714537001,
        "scheduledPurgeDate": 1715141801,
        "key": {
          "kid": "https://vaultname.vault.azure.net/keys/livekvtestkey6feba2b54/d176ff311f644f2f812601079279cedf",
          "kty": "RSA",
          "key_ops": [
            "encrypt",
            "decrypt",
            "sign",
            "verify",
            "wrapKey",
            "unwrapKey"
          ],
          "n": "4YjV01CGBdpxYjmIV677Hm9ctOaWJstP1Jt1ro0CHH9h--WSEOHHKJrg11NURPl5mb_de4TW0H6VPViWtExraY9RV-Je9jrBQdjfhqGqJoM4vOW7aa_QMQUXNtiEJRrkyjOorXjslIHywNEWtKxutDMi0gxy2Czh2Vzcrz9GXBf0BXnAKUvGK966gJWRmGu7qeESQm2TkfMfv2QODOe3UUWgbIb_FD7gv5cPQQyY1XqdwpWWlnE3Xl06I_UMwfWwLE-7UMLCMn7aHzfVD6UIcIxA1G1W05u_884r3WHa7HAVD4Znfwm9aA0XB_83o4LuNZchCzlL8yOOZ1gHpeGYJQ",
          "e": "AQAB"
        },
        "attributes": {
          "enabled": true,
          "created": 1714536984,
          "updated": 1714536984,
          "recoveryLevel": "CustomizedRecoverable+Purgeable",
          "recoverableDays": 7,
          "exportable": false
        }
      }
    },
    {
      "RequestUri": "https://vaultname.vault.azure.net/deletedkeys?api-version=7.6-preview.1",
      "RequestMethod": "GET",
      "RequestHeaders": {
        "Accept": "application/json",
        "Accept-Encoding": "gzip, deflate",
        "Connection": "keep-alive",
        "User-Agent": "azsdk-python-keyvault-keys/4.9.1 Python/3.10.12 (Linux-5.15.146.1-microsoft-standard-WSL2-x86_64-with-glibc2.35)"
      },
      "RequestBody": null,
      "StatusCode": 200,
      "ResponseHeaders": {
        "Cache-Control": "no-cache",
        "Content-Length": "555",
        "Content-Type": "application/json; charset=utf-8",
        "Date": "Wed, 01 May 2024 04:16:43 GMT",
        "Expires": "-1",
        "Pragma": "no-cache",
        "Strict-Transport-Security": "max-age=31536000;includeSubDomains",
        "X-Content-Type-Options": "nosniff",
        "x-ms-keyvault-network-info": "conn_type=Ipv4;addr=172.92.159.124;act_addr_fam=InterNetwork;",
        "x-ms-keyvault-region": "Sanitized",
        "x-ms-keyvault-service-version": "1.9.1430.6"
      },
      "ResponseBody": "{\"value\":[{\"recoveryId\":\"https://vaultname.vault.azure.net/deletedkeys/livekvtestcrud-rsa-key414b3057\",\"deletedDate\":1714536730,\"scheduledPurgeDate\":1715141530,\"kid\":\"https://vaultname.vault.azure.net/keys/livekvtestcrud-rsa-key414b3057\",\"attributes\":{\"enabled\":true,\"exp\":2524723200,\"created\":1714536727,\"updated\":1714536730,\"recoveryLevel\":\"CustomizedRecoverable+Purgeable\",\"recoverableDays\":7,\"exportable\":false},\"tags\":{\"foo\":\"updated tag\"}}],\"nextLink\":\"https://vaultname.vault.azure.net:443/deletedkeys?api-version=7.6-preview.1&$skiptoken=Sanitized"
    },
    {
      "RequestUri": "https://vaultname.vault.azure.net/deletedkeys?api-version=7.6-preview.1&$skiptoken=eyJOZXh0TWFya2VyIjoiMiExNTIhTURBd01EY3dJV3RsZVM5TVNWWkZTMVpVUlZOVVJVTXRWa1ZTU1VaWkxWQXRNalUyUmpjMU16TXpRakV2UVRKRU1FTXpOall4TnpjMU5EVkJOMEV6TURSR1FrTTJNakkyUWpCQ01rSWhNREF3TURJNElUazVPVGt0TVRJdE16RlVNak02TlRrNk5Ua3VPVGs1T1RrNU9Wb2giLCJUYXJnZXRMb2NhdGlvbiI6MH0",
      "RequestMethod": "GET",
      "RequestHeaders": {
        "Accept": "*/*",
        "Accept-Encoding": "gzip, deflate",
        "Connection": "keep-alive",
        "User-Agent": "azsdk-python-keyvault-keys/4.9.1 Python/3.10.12 (Linux-5.15.146.1-microsoft-standard-WSL2-x86_64-with-glibc2.35)"
      },
      "RequestBody": null,
      "StatusCode": 200,
      "ResponseHeaders": {
        "Cache-Control": "no-cache",
        "Content-Length": "120",
        "Content-Type": "application/json; charset=utf-8",
        "Date": "Wed, 01 May 2024 04:16:43 GMT",
        "Expires": "-1",
        "Pragma": "no-cache",
        "Strict-Transport-Security": "max-age=31536000;includeSubDomains",
        "X-Content-Type-Options": "nosniff",
        "x-ms-keyvault-network-info": "conn_type=Ipv4;addr=172.92.159.124;act_addr_fam=InterNetwork;",
        "x-ms-keyvault-region": "Sanitized",
        "x-ms-keyvault-service-version": "1.9.1430.6"
      },
      "ResponseBody": "{\"value\":[],\"nextLink\":\"https://vaultname.vault.azure.net:443/deletedkeys?api-version=7.6-preview.1&$skiptoken=Sanitized"
    },
    {
      "RequestUri": "https://vaultname.vault.azure.net/deletedkeys?api-version=7.6-preview.1&$skiptoken=eyJOZXh0TWFya2VyIjoiMiE5NiFNREF3TURJM0lXdGxlUzlNU1ZaRlMxWlVSVk5VUlVOTFJWazRORGN4TWtWQlFTRXdNREF3TWpnaE9UazVPUzB4TWkwek1WUXlNem8xT1RvMU9TNDVPVGs1T1RrNVdpRS0iLCJUYXJnZXRMb2NhdGlvbiI6MH0",
      "RequestMethod": "GET",
      "RequestHeaders": {
        "Accept": "*/*",
        "Accept-Encoding": "gzip, deflate",
        "Connection": "keep-alive",
        "User-Agent": "azsdk-python-keyvault-keys/4.9.1 Python/3.10.12 (Linux-5.15.146.1-microsoft-standard-WSL2-x86_64-with-glibc2.35)"
      },
      "RequestBody": null,
      "StatusCode": 200,
      "ResponseHeaders": {
        "Cache-Control": "no-cache",
        "Content-Length": "1615",
        "Content-Type": "application/json; charset=utf-8",
        "Date": "Wed, 01 May 2024 04:16:43 GMT",
        "Expires": "-1",
        "Pragma": "no-cache",
        "Strict-Transport-Security": "max-age=31536000;includeSubDomains",
        "X-Content-Type-Options": "nosniff",
        "x-ms-keyvault-network-info": "conn_type=Ipv4;addr=172.92.159.124;act_addr_fam=InterNetwork;",
        "x-ms-keyvault-region": "Sanitized",
        "x-ms-keyvault-service-version": "1.9.1430.6"
      },
      "ResponseBody": "{\"value\":[{\"recoveryId\":\"https://vaultname.vault.azure.net/deletedkeys/livekvtestkey0d9cf2f6b\",\"deletedDate\":1714536889,\"scheduledPurgeDate\":1715141689,\"kid\":\"https://vaultname.vault.azure.net/keys/livekvtestkey0d9cf2f6b\",\"attributes\":{\"enabled\":true,\"created\":1714536876,\"updated\":1714536876,\"recoveryLevel\":\"CustomizedRecoverable+Purgeable\",\"recoverableDays\":7,\"exportable\":false}},{\"recoveryId\":\"https://vaultname.vault.azure.net/deletedkeys/livekvtestkey0feba2b54\",\"deletedDate\":1714536984,\"scheduledPurgeDate\":1715141784,\"kid\":\"https://vaultname.vault.azure.net/keys/livekvtestkey0feba2b54\",\"attributes\":{\"enabled\":true,\"created\":1714536972,\"updated\":1714536972,\"recoveryLevel\":\"CustomizedRecoverable+Purgeable\",\"recoverableDays\":7,\"exportable\":false}},{\"recoveryId\":\"https://vaultname.vault.azure.net/deletedkeys/livekvtestkey1d9cf2f6b\",\"deletedDate\":1714536891,\"scheduledPurgeDate\":1715141691,\"kid\":\"https://vaultname.vault.azure.net/keys/livekvtestkey1d9cf2f6b\",\"attributes\":{\"enabled\":true,\"created\":1714536878,\"updated\":1714536878,\"recoveryLevel\":\"CustomizedRecoverable+Purgeable\",\"recoverableDays\":7,\"exportable\":false}},{\"recoveryId\":\"https://vaultname.vault.azure.net/deletedkeys/livekvtestkey1feba2b54\",\"deletedDate\":1714536987,\"scheduledPurgeDate\":1715141787,\"kid\":\"https://vaultname.vault.azure.net/keys/livekvtestkey1feba2b54\",\"attributes\":{\"enabled\":true,\"created\":1714536974,\"updated\":1714536974,\"recoveryLevel\":\"CustomizedRecoverable+Purgeable\",\"recoverableDays\":7,\"exportable\":false}}],\"nextLink\":\"https://vaultname.vault.azure.net:443/deletedkeys?api-version=7.6-preview.1&$skiptoken=Sanitized"
    },
    {
      "RequestUri": "https://vaultname.vault.azure.net/deletedkeys?api-version=7.6-preview.1&$skiptoken=eyJOZXh0TWFya2VyIjoiMiExNDAhTURBd01EVTVJV3RsZVM5TVNWWkZTMVpVUlZOVVMwVlpNVVpGUWtFeVFqVTBMemc0UmtNMk0wWkNPVEpCTVRReFF6VTROMEUyTlVJMFFqSTJSa1UzT0VORElUQXdNREF5T0NFNU9UazVMVEV5TFRNeFZESXpPalU1T2pVNUxqazVPVGs1T1RsYUlRLS0iLCJUYXJnZXRMb2NhdGlvbiI6MH0",
      "RequestMethod": "GET",
      "RequestHeaders": {
        "Accept": "*/*",
        "Accept-Encoding": "gzip, deflate",
        "Connection": "keep-alive",
        "User-Agent": "azsdk-python-keyvault-keys/4.9.1 Python/3.10.12 (Linux-5.15.146.1-microsoft-standard-WSL2-x86_64-with-glibc2.35)"
      },
      "RequestBody": null,
      "StatusCode": 200,
      "ResponseHeaders": {
        "Cache-Control": "no-cache",
        "Content-Length": "3111",
        "Content-Type": "application/json; charset=utf-8",
        "Date": "Wed, 01 May 2024 04:16:43 GMT",
        "Expires": "-1",
        "Pragma": "no-cache",
        "Strict-Transport-Security": "max-age=31536000;includeSubDomains",
        "X-Content-Type-Options": "nosniff",
        "x-ms-keyvault-network-info": "conn_type=Ipv4;addr=172.92.159.124;act_addr_fam=InterNetwork;",
        "x-ms-keyvault-region": "Sanitized",
        "x-ms-keyvault-service-version": "1.9.1430.6"
      },
      "ResponseBody": "{\"value\":[{\"recoveryId\":\"https://vaultname.vault.azure.net/deletedkeys/livekvtestkey2d9cf2f6b\",\"deletedDate\":1714536893,\"scheduledPurgeDate\":1715141693,\"kid\":\"https://vaultname.vault.azure.net/keys/livekvtestkey2d9cf2f6b\",\"attributes\":{\"enabled\":true,\"created\":1714536881,\"updated\":1714536881,\"recoveryLevel\":\"CustomizedRecoverable+Purgeable\",\"recoverableDays\":7,\"exportable\":false}},{\"recoveryId\":\"https://vaultname.vault.azure.net/deletedkeys/livekvtestkey2feba2b54\",\"deletedDate\":1714536991,\"scheduledPurgeDate\":1715141791,\"kid\":\"https://vaultname.vault.azure.net/keys/livekvtestkey2feba2b54\",\"attributes\":{\"enabled\":true,\"created\":1714536976,\"updated\":1714536976,\"recoveryLevel\":\"CustomizedRecoverable+Purgeable\",\"recoverableDays\":7,\"exportable\":false}},{\"recoveryId\":\"https://vaultname.vault.azure.net/deletedkeys/livekvtestkey3d9cf2f6b\",\"deletedDate\":1714536896,\"scheduledPurgeDate\":1715141696,\"kid\":\"https://vaultname.vault.azure.net/keys/livekvtestkey3d9cf2f6b\",\"attributes\":{\"enabled\":true,\"created\":1714536883,\"updated\":1714536883,\"recoveryLevel\":\"CustomizedRecoverable+Purgeable\",\"recoverableDays\":7,\"exportable\":false}},{\"recoveryId\":\"https://vaultname.vault.azure.net/deletedkeys/livekvtestkey3feba2b54\",\"deletedDate\":1714536993,\"scheduledPurgeDate\":1715141793,\"kid\":\"https://vaultname.vault.azure.net/keys/livekvtestkey3feba2b54\",\"attributes\":{\"enabled\":true,\"created\":1714536978,\"updated\":1714536978,\"recoveryLevel\":\"CustomizedRecoverable+Purgeable\",\"recoverableDays\":7,\"exportable\":false}},{\"recoveryId\":\"https://vaultname.vault.azure.net/deletedkeys/livekvtestkey4d9cf2f6b\",\"deletedDate\":1714536898,\"scheduledPurgeDate\":1715141698,\"kid\":\"https://vaultname.vault.azure.net/keys/livekvtestkey4d9cf2f6b\",\"attributes\":{\"enabled\":true,\"created\":1714536885,\"updated\":1714536885,\"recoveryLevel\":\"CustomizedRecoverable+Purgeable\",\"recoverableDays\":7,\"exportable\":false}},{\"recoveryId\":\"https://vaultname.vault.azure.net/deletedkeys/livekvtestkey4feba2b54\",\"deletedDate\":1714536997,\"scheduledPurgeDate\":1715141797,\"kid\":\"https://vaultname.vault.azure.net/keys/livekvtestkey4feba2b54\",\"attributes\":{\"enabled\":true,\"created\":1714536980,\"updated\":1714536980,\"recoveryLevel\":\"CustomizedRecoverable+Purgeable\",\"recoverableDays\":7,\"exportable\":false}},{\"recoveryId\":\"https://vaultname.vault.azure.net/deletedkeys/livekvtestkey5d9cf2f6b\",\"deletedDate\":1714536900,\"scheduledPurgeDate\":1715141700,\"kid\":\"https://vaultname.vault.azure.net/keys/livekvtestkey5d9cf2f6b\",\"attributes\":{\"enabled\":true,\"created\":1714536887,\"updated\":1714536887,\"recoveryLevel\":\"CustomizedRecoverable+Purgeable\",\"recoverableDays\":7,\"exportable\":false}},{\"recoveryId\":\"https://vaultname.vault.azure.net/deletedkeys/livekvtestkey5feba2b54\",\"deletedDate\":1714536999,\"scheduledPurgeDate\":1715141799,\"kid\":\"https://vaultname.vault.azure.net/keys/livekvtestkey5feba2b54\",\"attributes\":{\"enabled\":true,\"created\":1714536982,\"updated\":1714536982,\"recoveryLevel\":\"CustomizedRecoverable+Purgeable\",\"recoverableDays\":7,\"exportable\":false}}],\"nextLink\":\"https://vaultname.vault.azure.net:443/deletedkeys?api-version=7.6-preview.1&$skiptoken=Sanitized"
    },
    {
      "RequestUri": "https://vaultname.vault.azure.net/deletedkeys?api-version=7.6-preview.1&$skiptoken=eyJOZXh0TWFya2VyIjoiMiE5NiFNREF3TURJMklXdGxlUzlNU1ZaRlMxWlVSVk5VUzBWWk5qSkVNREl5UWtNeUlUQXdNREF5T0NFNU9UazVMVEV5TFRNeFZESXpPalU1T2pVNUxqazVPVGs1T1RsYUlRLS0iLCJUYXJnZXRMb2NhdGlvbiI6MH0",
      "RequestMethod": "GET",
      "RequestHeaders": {
        "Accept": "*/*",
        "Accept-Encoding": "gzip, deflate",
        "Connection": "keep-alive",
        "User-Agent": "azsdk-python-keyvault-keys/4.9.1 Python/3.10.12 (Linux-5.15.146.1-microsoft-standard-WSL2-x86_64-with-glibc2.35)"
      },
      "RequestBody": null,
      "StatusCode": 200,
      "ResponseHeaders": {
        "Cache-Control": "no-cache",
        "Content-Length": "867",
        "Content-Type": "application/json; charset=utf-8",
        "Date": "Wed, 01 May 2024 04:16:43 GMT",
        "Expires": "-1",
        "Pragma": "no-cache",
        "Strict-Transport-Security": "max-age=31536000;includeSubDomains",
        "X-Content-Type-Options": "nosniff",
        "x-ms-keyvault-network-info": "conn_type=Ipv4;addr=172.92.159.124;act_addr_fam=InterNetwork;",
        "x-ms-keyvault-region": "Sanitized",
        "x-ms-keyvault-service-version": "1.9.1430.6"
      },
      "ResponseBody": "{\"value\":[{\"recoveryId\":\"https://vaultname.vault.azure.net/deletedkeys/livekvtestkey6d9cf2f6b\",\"deletedDate\":1714536902,\"scheduledPurgeDate\":1715141702,\"kid\":\"https://vaultname.vault.azure.net/keys/livekvtestkey6d9cf2f6b\",\"attributes\":{\"enabled\":true,\"created\":1714536889,\"updated\":1714536889,\"recoveryLevel\":\"CustomizedRecoverable+Purgeable\",\"recoverableDays\":7,\"exportable\":false}},{\"recoveryId\":\"https://vaultname.vault.azure.net/deletedkeys/livekvtestkey6feba2b54\",\"deletedDate\":1714537001,\"scheduledPurgeDate\":1715141801,\"kid\":\"https://vaultname.vault.azure.net/keys/livekvtestkey6feba2b54\",\"attributes\":{\"enabled\":true,\"created\":1714536984,\"updated\":1714536984,\"recoveryLevel\":\"CustomizedRecoverable+Purgeable\",\"recoverableDays\":7,\"exportable\":false}}],\"nextLink\":\"https://vaultname.vault.azure.net:443/deletedkeys?api-version=7.6-preview.1&$skiptoken=Sanitized"
    },
    {
      "RequestUri": "https://vaultname.vault.azure.net/deletedkeys?api-version=7.6-preview.1&$skiptoken=eyJOZXh0TWFya2VyIjoiMiExNTIhTURBd01EY3dJV3RsZVM5TVNWWkZTMVpVUlZOVVRWVk1WRWxVUlU1QlRsUXRTMFZaUXpKQlFqTTRSVGt2UXpnNE5FWkZPRVl3TmpGRU5FVkROVUU0UWtWR09UYzBPREZGUWpORE1qSWhNREF3TURJNElUazVPVGt0TVRJdE16RlVNak02TlRrNk5Ua3VPVGs1T1RrNU9Wb2giLCJUYXJnZXRMb2NhdGlvbiI6MH0",
      "RequestMethod": "GET",
      "RequestHeaders": {
        "Accept": "*/*",
        "Accept-Encoding": "gzip, deflate",
        "Connection": "keep-alive",
        "User-Agent": "azsdk-python-keyvault-keys/4.9.1 Python/3.10.12 (Linux-5.15.146.1-microsoft-standard-WSL2-x86_64-with-glibc2.35)"
      },
      "RequestBody": null,
      "StatusCode": 200,
      "ResponseHeaders": {
        "Cache-Control": "no-cache",
        "Content-Length": "120",
        "Content-Type": "application/json; charset=utf-8",
        "Date": "Wed, 01 May 2024 04:16:43 GMT",
        "Expires": "-1",
        "Pragma": "no-cache",
        "Strict-Transport-Security": "max-age=31536000;includeSubDomains",
        "X-Content-Type-Options": "nosniff",
        "x-ms-keyvault-network-info": "conn_type=Ipv4;addr=172.92.159.124;act_addr_fam=InterNetwork;",
        "x-ms-keyvault-region": "Sanitized",
        "x-ms-keyvault-service-version": "1.9.1430.6"
      },
      "ResponseBody": "{\"value\":[],\"nextLink\":\"https://vaultname.vault.azure.net:443/deletedkeys?api-version=7.6-preview.1&$skiptoken=Sanitized"
    },
    {
      "RequestUri": "https://vaultname.vault.azure.net/deletedkeys?api-version=7.6-preview.1&$skiptoken=eyJOZXh0TWFya2VyIjoiMiExMDghTURBd01ETTNJV3RsZVM5TVNWWkZTMVpVUlZOVVVsTkJMVlpGVWtsR1dTMHpNRGN5UkRCRE56TTFOekFoTURBd01ESTRJVGs1T1RrdE1USXRNekZVTWpNNk5UazZOVGt1T1RrNU9UazVPVm9oIiwiVGFyZ2V0TG9jYXRpb24iOjB9",
      "RequestMethod": "GET",
      "RequestHeaders": {
        "Accept": "*/*",
        "Accept-Encoding": "gzip, deflate",
        "Connection": "keep-alive",
        "User-Agent": "azsdk-python-keyvault-keys/4.9.1 Python/3.10.12 (Linux-5.15.146.1-microsoft-standard-WSL2-x86_64-with-glibc2.35)"
      },
      "RequestBody": null,
      "StatusCode": 200,
      "ResponseHeaders": {
        "Cache-Control": "no-cache",
        "Content-Length": "120",
        "Content-Type": "application/json; charset=utf-8",
        "Date": "Wed, 01 May 2024 04:16:43 GMT",
        "Expires": "-1",
        "Pragma": "no-cache",
        "Strict-Transport-Security": "max-age=31536000;includeSubDomains",
        "X-Content-Type-Options": "nosniff",
        "x-ms-keyvault-network-info": "conn_type=Ipv4;addr=172.92.159.124;act_addr_fam=InterNetwork;",
        "x-ms-keyvault-region": "Sanitized",
        "x-ms-keyvault-service-version": "1.9.1430.6"
      },
      "ResponseBody": "{\"value\":[],\"nextLink\":\"https://vaultname.vault.azure.net:443/deletedkeys?api-version=7.6-preview.1&$skiptoken=Sanitized"
    },
    {
      "RequestUri": "https://vaultname.vault.azure.net/deletedkeys?api-version=7.6-preview.1&$skiptoken=eyJOZXh0TWFya2VyIjoiMiExNDghTURBd01EWTFJV3RsZVM5TVNWWkZTMVpVUlZOVVYxSkJVQzFNVDBOQlRFWXdRemN6TVVGR0x6VXpOamN3TURjMU9Ea3hPVFE0UVRoQ09VWXlRME01UmtVNVFqUXhNRU01SVRBd01EQXlPQ0U1T1RrNUxURXlMVE14VkRJek9qVTVPalU1TGprNU9UazVPVGxhSVEtLSIsIlRhcmdldExvY2F0aW9uIjowfQ",
      "RequestMethod": "GET",
      "RequestHeaders": {
        "Accept": "*/*",
        "Accept-Encoding": "gzip, deflate",
        "Connection": "keep-alive",
        "User-Agent": "azsdk-python-keyvault-keys/4.9.1 Python/3.10.12 (Linux-5.15.146.1-microsoft-standard-WSL2-x86_64-with-glibc2.35)"
      },
      "RequestBody": null,
      "StatusCode": 200,
      "ResponseHeaders": {
        "Cache-Control": "no-cache",
        "Content-Length": "28",
        "Content-Type": "application/json; charset=utf-8",
        "Date": "Wed, 01 May 2024 04:16:43 GMT",
        "Expires": "-1",
        "Pragma": "no-cache",
        "Strict-Transport-Security": "max-age=31536000;includeSubDomains",
        "X-Content-Type-Options": "nosniff",
        "x-ms-keyvault-network-info": "conn_type=Ipv4;addr=172.92.159.124;act_addr_fam=InterNetwork;",
        "x-ms-keyvault-region": "Sanitized",
        "x-ms-keyvault-service-version": "1.9.1430.6"
      },
      "ResponseBody": {
        "value": [],
        "nextLink": null
      }
    },
    {
      "RequestUri": "https://vaultname.vault.azure.net/deletedkeys/livekvtestkey0feba2b54/recover?api-version=7.6-preview.1",
      "RequestMethod": "POST",
      "RequestHeaders": {
        "Accept": "application/json",
        "Accept-Encoding": "gzip, deflate",
        "Connection": "keep-alive",
        "Content-Length": "0",
        "User-Agent": "azsdk-python-keyvault-keys/4.9.1 Python/3.10.12 (Linux-5.15.146.1-microsoft-standard-WSL2-x86_64-with-glibc2.35)"
      },
      "RequestBody": null,
      "StatusCode": 200,
      "ResponseHeaders": {
        "Cache-Control": "no-cache",
        "Content-Length": "715",
        "Content-Type": "application/json; charset=utf-8",
        "Date": "Wed, 01 May 2024 04:16:43 GMT",
        "Expires": "-1",
        "Pragma": "no-cache",
        "Strict-Transport-Security": "max-age=31536000;includeSubDomains",
        "X-Content-Type-Options": "nosniff",
        "x-ms-keyvault-network-info": "conn_type=Ipv4;addr=172.92.159.124;act_addr_fam=InterNetwork;",
        "x-ms-keyvault-region": "Sanitized",
        "x-ms-keyvault-service-version": "1.9.1430.6"
      },
      "ResponseBody": {
        "key": {
          "kid": "https://vaultname.vault.azure.net/keys/livekvtestkey0feba2b54/afc964c7ff0840dfa74bdd094324f650",
          "kty": "RSA",
          "key_ops": [
            "encrypt",
            "decrypt",
            "sign",
            "verify",
            "wrapKey",
            "unwrapKey"
          ],
          "n": "yeUYTV2cKdKZT0q44xDf9ug-Ky1YRIt7OZvjcpZGI2n12DVTl-GQ5yPTgAxFcxEPgv92YBQxdsEwqrB24KMyUEHo9sVia_BzP_vdN0ZryIh4X8WlCVq5rxcCgQgI475smLIhqOahYI0u7APnFuPxODu7yMGqGC2quMeHsGoqz7kp-J313jckV2EwamVWF0QRTl-Pc9qyN2cMk-EZifxS_0XGLIsrNydjjxwq6nBQJEGlz1iU1DujGKksz56uWluUPzOLIYjyXvJprJG3PX-xTI4lZynPiraUziVzxbVtAyInbTi7G5uhF0EMlqwQvFkjFepo6cz5kj2en7yzdWUnOQ",
          "e": "AQAB"
        },
        "attributes": {
          "enabled": true,
          "created": 1714536972,
          "updated": 1714536972,
          "recoveryLevel": "CustomizedRecoverable+Purgeable",
          "recoverableDays": 7,
          "exportable": false
        }
      }
    }
  ],
  "Variables": {}
}
