{
  "Entries": [
    {
      "RequestUri": "https://Sanitized.vault.azure.net/keys/livekvtestcrud-ec-keyae6d313f/create?api-version=7.6-preview.1",
      "RequestMethod": "POST",
      "RequestHeaders": {
        "Accept": "application/json",
        "Accept-Encoding": "gzip, deflate",
        "Content-Length": "0",
        "Content-Type": "application/json",
        "User-Agent": "azsdk-python-keyvault-keys/4.10.0b1 Python/3.10.12 (Linux-5.15.146.1-microsoft-standard-WSL2-x86_64-with-glibc2.35)"
      },
      "RequestBody": null,
      "StatusCode": 401,
      "ResponseHeaders": {
        "Cache-Control": "no-cache",
        "Content-Length": "97",
        "Content-Type": "application/json; charset=utf-8",
        "Date": "Wed, 08 May 2024 03:11:02 GMT",
        "Expires": "-1",
        "Pragma": "no-cache",
        "Strict-Transport-Security": "max-age=31536000;includeSubDomains",
        "WWW-Authenticate": "Bearer authorization=\"https://login.microsoftonline.com/00000000-0000-0000-0000-000000000000\", resource=\"https://vault.azure.net\"",
        "X-Content-Type-Options": "nosniff",
        "x-ms-keyvault-network-info": "conn_type=Ipv4;addr=172.92.159.124;act_addr_fam=InterNetwork;",
        "x-ms-keyvault-region": "westus2",
        "x-ms-keyvault-service-version": "1.9.1430.6"
      },
      "ResponseBody": {
        "error": {
          "code": "Unauthorized",
          "message": "AKV10000: Request is missing a Bearer or PoP token."
        }
      }
    },
    {
      "RequestUri": "https://Sanitized.vault.azure.net/keys/livekvtestcrud-ec-keyae6d313f/create?api-version=7.6-preview.1",
      "RequestMethod": "POST",
      "RequestHeaders": {
        "Accept": "application/json",
        "Accept-Encoding": "gzip, deflate",
        "Content-Length": "112",
        "Content-Type": "application/json",
        "User-Agent": "azsdk-python-keyvault-keys/4.10.0b1 Python/3.10.12 (Linux-5.15.146.1-microsoft-standard-WSL2-x86_64-with-glibc2.35)"
      },
      "RequestBody": {
        "kty": "EC",
        "attributes": {
          "enabled": true
        },
        "tags": {
          "purpose": "unit test",
          "test name": "CreateECKeyTest"
        }
      },
      "StatusCode": 200,
      "ResponseHeaders": {
        "Cache-Control": "no-cache",
        "Content-Length": "512",
        "Content-Type": "application/json; charset=utf-8",
        "Date": "Wed, 08 May 2024 03:11:04 GMT",
        "Expires": "-1",
        "Pragma": "no-cache",
        "Strict-Transport-Security": "max-age=31536000;includeSubDomains",
        "X-Content-Type-Options": "nosniff",
        "x-ms-keyvault-network-info": "conn_type=Ipv4;addr=172.92.159.124;act_addr_fam=InterNetwork;",
        "x-ms-keyvault-region": "westus2",
        "x-ms-keyvault-service-version": "1.9.1430.6"
      },
      "ResponseBody": {
        "key": {
          "kid": "https://vaultname.vault.azure.net/keys/livekvtestcrud-ec-keyae6d313f/dc482af39f8140b99f4f30c0c87b3843",
          "kty": "EC",
          "key_ops": [
            "sign",
            "verify"
          ],
          "crv": "P-256",
          "x": "2Ao_6gpTle8S1USduLrBBSI5m3n5dPryOr_2mRa_WOw",
          "y": "Xd19vVIj_TVPQmuXW1C2ftDjLirNyqeWhC1cgp89Xdg"
        },
        "attributes": {
          "enabled": true,
          "created": 1715137864,
          "updated": 1715137864,
          "recoveryLevel": "CustomizedRecoverable+Purgeable",
          "recoverableDays": 7,
          "exportable": false,
          "hsmPlatform": "0"
        },
        "tags": {
          "purpose": "unit test",
          "test name": "CreateECKeyTest"
        }
      }
    },
    {
      "RequestUri": "https://Sanitized.vault.azure.net/keys/livekvtestcrud-P-256-ec-keyae6d313f/create?api-version=7.6-preview.1",
      "RequestMethod": "POST",
      "RequestHeaders": {
        "Accept": "application/json",
        "Accept-Encoding": "gzip, deflate",
        "Content-Length": "29",
        "Content-Type": "application/json",
        "User-Agent": "azsdk-python-keyvault-keys/4.10.0b1 Python/3.10.12 (Linux-5.15.146.1-microsoft-standard-WSL2-x86_64-with-glibc2.35)"
      },
      "RequestBody": {
        "kty": "EC",
        "crv": "P-256"
      },
      "StatusCode": 200,
      "ResponseHeaders": {
        "Cache-Control": "no-cache",
        "Content-Length": "457",
        "Content-Type": "application/json; charset=utf-8",
        "Date": "Wed, 08 May 2024 03:11:06 GMT",
        "Expires": "-1",
        "Pragma": "no-cache",
        "Strict-Transport-Security": "max-age=31536000;includeSubDomains",
        "X-Content-Type-Options": "nosniff",
        "x-ms-keyvault-network-info": "conn_type=Ipv4;addr=172.92.159.124;act_addr_fam=InterNetwork;",
        "x-ms-keyvault-region": "westus2",
        "x-ms-keyvault-service-version": "1.9.1430.6"
      },
      "ResponseBody": {
        "key": {
          "kid": "https://vaultname.vault.azure.net/keys/livekvtestcrud-P-256-ec-keyae6d313f/f051c64335fd42bcaf5f7a562c238b71",
          "kty": "EC",
          "key_ops": [
            "sign",
            "verify"
          ],
          "crv": "P-256",
          "x": "97p_0f_8Ti7G_Ymh97kqoBvTemdN0ozKcWMpO_Zg8MM",
          "y": "Hexwp5hpvLAoIVbgfOe21l1_zJz-WmWmrG8EpgX8Tpg"
        },
        "attributes": {
          "enabled": true,
          "created": 1715137866,
          "updated": 1715137866,
          "recoveryLevel": "CustomizedRecoverable+Purgeable",
          "recoverableDays": 7,
          "exportable": false,
          "hsmPlatform": "0"
        }
      }
    },
    {
      "RequestUri": "https://Sanitized.vault.azure.net/keys/livekvtestimport-test-keyae6d313f?api-version=7.6-preview.1",
      "RequestMethod": "PUT",
      "RequestHeaders": {
        "Accept": "application/json",
        "Accept-Encoding": "gzip, deflate",
        "Content-Length": "1724",
        "Content-Type": "application/json",
        "User-Agent": "azsdk-python-keyvault-keys/4.10.0b1 Python/3.10.12 (Linux-5.15.146.1-microsoft-standard-WSL2-x86_64-with-glibc2.35)"
      },
      "RequestBody": {
        "key": {
          "kty": "RSA",
          "key_ops": [
            "encrypt",
            "decrypt",
            "sign",
            "verify",
            "wrapKey",
            "unwrapKey"
          ],
          "n": "AKCRTQAjSsaDshtMFdW-2Ie9yVnC5Xr1Suc06PAHINd10nXkVSB-N4TO62ClCkZV3XKnqU0nHo7o95WaZpym53W_DiO62umRtFKdl4UotL2QUh0y3SZWeWuoK2u_x2aMj17rUFN0f9GZMZ0pqEQNCPRBLVJ_-TEe2nGCWSC0exxGsRqz6R1zFkB-icfzQPe4WjQELOUXQ7J9RxhAPTTHtDivYYG-BeTRHrmF04JT1_6b9T_C8bAC0i0teT-nmlBLarQtBJKATXBx1yegbPOoiTqlQrFQP4MrKWNxtnB9Tcbjcvj-Z9je0ckI_eRc4DvAhqcUh_p15Dqg4GeaoNIO_jU",
          "e": "AQAB",
          "d": "Ynx9JGaBSP4iUsf6ZJ6opantRNdcdmzaQrKbZg6ZQE8Ohi1FYabJWvaoPSE-CiJEsDzShXZHMhUHN4X7Bn8BXaGQhK3p9HXgiwQKmix7oAJTu4ElUIyd8UC3UWHSZr40el4PaQD-HYu_eMzCXus34MnRiNbh_BUWm6T-Eidhk9d3kNIyaSi9YNDQHW6tjWrEhhq63O7JU1j9ZonFChZxpKk20jdkQKQURVAdpOdL-5j4I70ZxFuU6wHZj8DS8oRQfwGOvZKbgYDb5jgf3UNL_7eACqq92XPVX56vm7iKbqeyjCqAIx5y3hrSRIJtZlWCwjYnYQGd4unxDLi8wmJWSQ",
          "dp": "AMmhWb5yZcu6vJr8xJZ-t0_likxJRUMZAtEULaWZt2DgODj4y9JrZDJP6mvckzhQP0WXk2NuWbU2HR5pUeCN2wieG1B76VKoH76vfnaJDqT1NuJVBcP2SLHog3ffwZtMME5zjfygchG3kihqOSpwTQ9ETAqAJTkRC38fEhwAz_Cp",
          "dq": "AKC9TAo9n2RDaggjdLXK8kiLrBVoaWFTpqXkzYXRhtsx4vWPAkxhfSnze05rVMl6HiXv7FnE0f0wYawzUJzoyuXBH0zS6D9BqCZPeF543AmWB27iPf38Q9Z8Rjr6oBgMSnGDV_mm8nDVQkeaDyE4cOZh-5UKvKShTKKQVwunmDNH",
          "qi": "AJ_nrkLpK8BPzVeARkvSHQyKwMWZ-a8CD95qsKfn0dOZAvXY-2xhQYTEwbED-0bpTNEKbIpA-ZkaHygmnzJkNbbFAnb9pkkzU8ZQqDP3JNgMfVIroWx58Oth9nJza2j7i-MkPRCUPEq3Ao0J52z7WJIiLji8TTVYW_NaiM1oxzsH",
          "p": "ANHerI1o3dLB_VLVmZZVss8VZSYN5SaeQ_0qhfOSgOFwj__waCFmy2EG7l6l6f_Z-Y0L7Mn_LNov68lyWSFa2EuQUeVj4UoFHc5Di8ZUGiSsTwFM-XMtNuv8HmGgDYLL5BIJD3eTz71LdgW-Ez38OZH34b7VeG8zfeUDb8Hi30zz",
          "q": "AMPcZrZBqbc82DO8Q5zTT8ZXRGWrW36KktMllaIk1W2RHnRiQiW0jBWmcCgqUcQNHa1LwumjyNqwx28QBS37BTvG7ULGUoio6LrOeoiBGEMj-U19sX6m37plEhj5Mak7j3OPPY_T9rohjTW5aGGg9YSwq4jdz0RrmBX00ofYOjI3"
        }
      },
      "StatusCode": 200,
      "ResponseHeaders": {
        "Cache-Control": "no-cache",
        "Content-Length": "744",
        "Content-Type": "application/json; charset=utf-8",
        "Date": "Wed, 08 May 2024 03:11:06 GMT",
        "Expires": "-1",
        "Pragma": "no-cache",
        "Strict-Transport-Security": "max-age=31536000;includeSubDomains",
        "X-Content-Type-Options": "nosniff",
        "x-ms-keyvault-network-info": "conn_type=Ipv4;addr=172.92.159.124;act_addr_fam=InterNetwork;",
        "x-ms-keyvault-region": "westus2",
        "x-ms-keyvault-service-version": "1.9.1430.6"
      },
      "ResponseBody": {
        "key": {
          "kid": "https://vaultname.vault.azure.net/keys/livekvtestimport-test-keyae6d313f/e24e21b2b26e4cc98eec20fba225b2c7",
          "kty": "RSA",
          "key_ops": [
            "encrypt",
            "decrypt",
            "sign",
            "verify",
            "wrapKey",
            "unwrapKey"
          ],
          "n": "oJFNACNKxoOyG0wV1b7Yh73JWcLlevVK5zTo8Acg13XSdeRVIH43hM7rYKUKRlXdcqepTScejuj3lZpmnKbndb8OI7ra6ZG0Up2XhSi0vZBSHTLdJlZ5a6gra7_HZoyPXutQU3R_0ZkxnSmoRA0I9EEtUn_5MR7acYJZILR7HEaxGrPpHXMWQH6Jx_NA97haNAQs5RdDsn1HGEA9NMe0OK9hgb4F5NEeuYXTglPX_pv1P8LxsALSLS15P6eaUEtqtC0EkoBNcHHXJ6Bs86iJOqVCsVA_gyspY3G2cH1NxuNy-P5n2N7RyQj95FzgO8CGpxSH-nXkOqDgZ5qg0g7-NQ",
          "e": "AQAB"
        },
        "attributes": {
          "enabled": true,
          "created": 1715137866,
          "updated": 1715137866,
          "recoveryLevel": "CustomizedRecoverable+Purgeable",
          "recoverableDays": 7,
          "exportable": false,
          "hsmPlatform": "0"
        }
      }
    },
    {
      "RequestUri": "https://Sanitized.vault.azure.net/keys/livekvtestcrud-rsa-keyae6d313f/create?api-version=7.6-preview.1",
      "RequestMethod": "POST",
      "RequestHeaders": {
        "Accept": "application/json",
        "Accept-Encoding": "gzip, deflate",
        "Content-Length": "177",
        "Content-Type": "application/json",
        "User-Agent": "azsdk-python-keyvault-keys/4.10.0b1 Python/3.10.12 (Linux-5.15.146.1-microsoft-standard-WSL2-x86_64-with-glibc2.35)"
      },
      "RequestBody": {
        "kty": "RSA",
        "key_size": 2048,
        "key_ops": [
          "encrypt",
          "decrypt",
          "sign",
          "verify",
          "wrapKey",
          "unwrapKey"
        ],
        "tags": {
          "purpose": "unit test",
          "test name ": "CreateRSAKeyTest"
        }
      },
      "StatusCode": 200,
      "ResponseHeaders": {
        "Cache-Control": "no-cache",
        "Content-Length": "804",
        "Content-Type": "application/json; charset=utf-8",
        "Date": "Wed, 08 May 2024 03:11:08 GMT",
        "Expires": "-1",
        "Pragma": "no-cache",
        "Strict-Transport-Security": "max-age=31536000;includeSubDomains",
        "X-Content-Type-Options": "nosniff",
        "x-ms-keyvault-network-info": "conn_type=Ipv4;addr=172.92.159.124;act_addr_fam=InterNetwork;",
        "x-ms-keyvault-region": "westus2",
        "x-ms-keyvault-service-version": "1.9.1430.6"
      },
      "ResponseBody": {
        "key": {
          "kid": "https://vaultname.vault.azure.net/keys/livekvtestcrud-rsa-keyae6d313f/1cf4e17a00b7433398db7d63cc8a4060",
          "kty": "RSA",
          "key_ops": [
            "encrypt",
            "decrypt",
            "sign",
            "verify",
            "wrapKey",
            "unwrapKey"
          ],
          "n": "qXH6ewEYBElUkQB1qS1cFBe-AhTSTPZxguejrGeBMTp0SEjlVauH3eAubei_mOzuBcdQDfenBa9hR67-Fj-evmbtbVScJu_RQdGIE9sIk0vokePQj7Wzz2pkwloFeo5HZLUbgHC-_TVhanKd9YvnNdoeA--0RtJWrGDPNj4rEiYZe9DEdxvScSlaIgLbPitdYyvrMl15gwKF5NerhZ1HW3bytVzsGPfc1ZJ7kOYJqcdRVXgpS0TfNh4qAvcrT95q-RyPxFskTyxJvn1UzmGF-D5l-M9sm9mhRbXZt-a8XtfdSu9mXtKiLA2XHd4_Q4pstjKDlMxFO7yEAVHbUjzBEQ",
          "e": "AQAB"
        },
        "attributes": {
          "enabled": true,
          "created": 1715137868,
          "updated": 1715137868,
          "recoveryLevel": "CustomizedRecoverable+Purgeable",
          "recoverableDays": 7,
          "exportable": false,
          "hsmPlatform": "0"
        },
        "tags": {
          "purpose": "unit test",
          "test name ": "CreateRSAKeyTest"
        }
      }
    },
    {
      "RequestUri": "https://Sanitized.vault.azure.net/keys/livekvtestcrud-rsa-keyae6d313f/1cf4e17a00b7433398db7d63cc8a4060?api-version=7.6-preview.1",
      "RequestMethod": "GET",
      "RequestHeaders": {
        "Accept": "application/json",
        "Accept-Encoding": "gzip, deflate",
        "User-Agent": "azsdk-python-keyvault-keys/4.10.0b1 Python/3.10.12 (Linux-5.15.146.1-microsoft-standard-WSL2-x86_64-with-glibc2.35)"
      },
      "RequestBody": null,
      "StatusCode": 200,
      "ResponseHeaders": {
        "Cache-Control": "no-cache",
        "Content-Length": "804",
        "Content-Type": "application/json; charset=utf-8",
        "Date": "Wed, 08 May 2024 03:11:08 GMT",
        "Expires": "-1",
        "Pragma": "no-cache",
        "Strict-Transport-Security": "max-age=31536000;includeSubDomains",
        "X-Content-Type-Options": "nosniff",
        "x-ms-keyvault-network-info": "conn_type=Ipv4;addr=172.92.159.124;act_addr_fam=InterNetwork;",
        "x-ms-keyvault-region": "westus2",
        "x-ms-keyvault-service-version": "1.9.1430.6"
      },
      "ResponseBody": {
        "key": {
          "kid": "https://vaultname.vault.azure.net/keys/livekvtestcrud-rsa-keyae6d313f/1cf4e17a00b7433398db7d63cc8a4060",
          "kty": "RSA",
          "key_ops": [
            "encrypt",
            "decrypt",
            "sign",
            "verify",
            "wrapKey",
            "unwrapKey"
          ],
          "n": "qXH6ewEYBElUkQB1qS1cFBe-AhTSTPZxguejrGeBMTp0SEjlVauH3eAubei_mOzuBcdQDfenBa9hR67-Fj-evmbtbVScJu_RQdGIE9sIk0vokePQj7Wzz2pkwloFeo5HZLUbgHC-_TVhanKd9YvnNdoeA--0RtJWrGDPNj4rEiYZe9DEdxvScSlaIgLbPitdYyvrMl15gwKF5NerhZ1HW3bytVzsGPfc1ZJ7kOYJqcdRVXgpS0TfNh4qAvcrT95q-RyPxFskTyxJvn1UzmGF-D5l-M9sm9mhRbXZt-a8XtfdSu9mXtKiLA2XHd4_Q4pstjKDlMxFO7yEAVHbUjzBEQ",
          "e": "AQAB"
        },
        "attributes": {
          "enabled": true,
          "created": 1715137868,
          "updated": 1715137868,
          "recoveryLevel": "CustomizedRecoverable+Purgeable",
          "recoverableDays": 7,
          "exportable": false,
          "hsmPlatform": "0"
        },
        "tags": {
          "purpose": "unit test",
          "test name ": "CreateRSAKeyTest"
        }
      }
    },
    {
      "RequestUri": "https://Sanitized.vault.azure.net/keys/livekvtestcrud-rsa-keyae6d313f/?api-version=7.6-preview.1",
      "RequestMethod": "GET",
      "RequestHeaders": {
        "Accept": "application/json",
        "Accept-Encoding": "gzip, deflate",
        "User-Agent": "azsdk-python-keyvault-keys/4.10.0b1 Python/3.10.12 (Linux-5.15.146.1-microsoft-standard-WSL2-x86_64-with-glibc2.35)"
      },
      "RequestBody": null,
      "StatusCode": 200,
      "ResponseHeaders": {
        "Cache-Control": "no-cache",
        "Content-Length": "804",
        "Content-Type": "application/json; charset=utf-8",
        "Date": "Wed, 08 May 2024 03:11:08 GMT",
        "Expires": "-1",
        "Pragma": "no-cache",
        "Strict-Transport-Security": "max-age=31536000;includeSubDomains",
        "X-Content-Type-Options": "nosniff",
        "x-ms-keyvault-network-info": "conn_type=Ipv4;addr=172.92.159.124;act_addr_fam=InterNetwork;",
        "x-ms-keyvault-region": "westus2",
        "x-ms-keyvault-service-version": "1.9.1430.6"
      },
      "ResponseBody": {
        "key": {
          "kid": "https://vaultname.vault.azure.net/keys/livekvtestcrud-rsa-keyae6d313f/1cf4e17a00b7433398db7d63cc8a4060",
          "kty": "RSA",
          "key_ops": [
            "encrypt",
            "decrypt",
            "sign",
            "verify",
            "wrapKey",
            "unwrapKey"
          ],
          "n": "qXH6ewEYBElUkQB1qS1cFBe-AhTSTPZxguejrGeBMTp0SEjlVauH3eAubei_mOzuBcdQDfenBa9hR67-Fj-evmbtbVScJu_RQdGIE9sIk0vokePQj7Wzz2pkwloFeo5HZLUbgHC-_TVhanKd9YvnNdoeA--0RtJWrGDPNj4rEiYZe9DEdxvScSlaIgLbPitdYyvrMl15gwKF5NerhZ1HW3bytVzsGPfc1ZJ7kOYJqcdRVXgpS0TfNh4qAvcrT95q-RyPxFskTyxJvn1UzmGF-D5l-M9sm9mhRbXZt-a8XtfdSu9mXtKiLA2XHd4_Q4pstjKDlMxFO7yEAVHbUjzBEQ",
          "e": "AQAB"
        },
        "attributes": {
          "enabled": true,
          "created": 1715137868,
          "updated": 1715137868,
          "recoveryLevel": "CustomizedRecoverable+Purgeable",
          "recoverableDays": 7,
          "exportable": false,
          "hsmPlatform": "0"
        },
        "tags": {
          "purpose": "unit test",
          "test name ": "CreateRSAKeyTest"
        }
      }
    },
    {
      "RequestUri": "https://Sanitized.vault.azure.net/keys/livekvtestcrud-rsa-keyae6d313f/?api-version=7.6-preview.1",
      "RequestMethod": "PATCH",
      "RequestHeaders": {
        "Accept": "application/json",
        "Accept-Encoding": "gzip, deflate",
        "Content-Length": "102",
        "Content-Type": "application/json",
        "User-Agent": "azsdk-python-keyvault-keys/4.10.0b1 Python/3.10.12 (Linux-5.15.146.1-microsoft-standard-WSL2-x86_64-with-glibc2.35)"
      },
      "RequestBody": {
        "key_ops": [
          "decrypt",
          "encrypt"
        ],
        "attributes": {
          "exp": 2524723200
        },
        "tags": {
          "foo": "updated tag"
        }
      },
      "StatusCode": 200,
      "ResponseHeaders": {
        "Cache-Control": "no-cache",
        "Content-Length": "749",
        "Content-Type": "application/json; charset=utf-8",
        "Date": "Wed, 08 May 2024 03:11:11 GMT",
        "Expires": "-1",
        "Pragma": "no-cache",
        "Strict-Transport-Security": "max-age=31536000;includeSubDomains",
        "X-Content-Type-Options": "nosniff",
        "x-ms-keyvault-network-info": "conn_type=Ipv4;addr=172.92.159.124;act_addr_fam=InterNetwork;",
        "x-ms-keyvault-region": "westus2",
        "x-ms-keyvault-service-version": "1.9.1430.6"
      },
      "ResponseBody": {
        "key": {
          "kid": "https://vaultname.vault.azure.net/keys/livekvtestcrud-rsa-keyae6d313f/1cf4e17a00b7433398db7d63cc8a4060",
          "kty": "RSA",
          "key_ops": [
            "decrypt",
            "encrypt"
          ],
          "n": "qXH6ewEYBElUkQB1qS1cFBe-AhTSTPZxguejrGeBMTp0SEjlVauH3eAubei_mOzuBcdQDfenBa9hR67-Fj-evmbtbVScJu_RQdGIE9sIk0vokePQj7Wzz2pkwloFeo5HZLUbgHC-_TVhanKd9YvnNdoeA--0RtJWrGDPNj4rEiYZe9DEdxvScSlaIgLbPitdYyvrMl15gwKF5NerhZ1HW3bytVzsGPfc1ZJ7kOYJqcdRVXgpS0TfNh4qAvcrT95q-RyPxFskTyxJvn1UzmGF-D5l-M9sm9mhRbXZt-a8XtfdSu9mXtKiLA2XHd4_Q4pstjKDlMxFO7yEAVHbUjzBEQ",
          "e": "AQAB"
        },
        "attributes": {
          "enabled": true,
          "exp": 2524723200,
          "created": 1715137868,
          "updated": 1715137872,
          "recoveryLevel": "CustomizedRecoverable+Purgeable",
          "recoverableDays": 7,
          "exportable": false,
          "hsmPlatform": "0"
        },
        "tags": {
          "foo": "updated tag"
        }
      }
    },
    {
      "RequestUri": "https://Sanitized.vault.azure.net/keys/livekvtestcrud-rsa-keyae6d313f?api-version=7.6-preview.1",
      "RequestMethod": "DELETE",
      "RequestHeaders": {
        "Accept": "application/json",
        "Accept-Encoding": "gzip, deflate",
        "Content-Length": "0",
        "User-Agent": "azsdk-python-keyvault-keys/4.10.0b1 Python/3.10.12 (Linux-5.15.146.1-microsoft-standard-WSL2-x86_64-with-glibc2.35)"
      },
      "RequestBody": null,
      "StatusCode": 200,
      "ResponseHeaders": {
        "Cache-Control": "no-cache",
        "Content-Length": "898",
        "Content-Type": "application/json; charset=utf-8",
        "Date": "Wed, 08 May 2024 03:11:12 GMT",
        "Expires": "-1",
        "Pragma": "no-cache",
        "Strict-Transport-Security": "max-age=31536000;includeSubDomains",
        "X-Content-Type-Options": "nosniff",
        "x-ms-keyvault-network-info": "conn_type=Ipv4;addr=172.92.159.124;act_addr_fam=InterNetwork;",
        "x-ms-keyvault-region": "westus2",
        "x-ms-keyvault-service-version": "1.9.1430.6"
      },
      "ResponseBody": {
        "recoveryId": "https://vaultname.vault.azure.net/deletedkeys/livekvtestcrud-rsa-keyae6d313f",
        "deletedDate": 1715137872,
        "scheduledPurgeDate": 1715742672,
        "key": {
          "kid": "https://vaultname.vault.azure.net/keys/livekvtestcrud-rsa-keyae6d313f/1cf4e17a00b7433398db7d63cc8a4060",
          "kty": "RSA",
          "key_ops": [
            "decrypt",
            "encrypt"
          ],
          "n": "qXH6ewEYBElUkQB1qS1cFBe-AhTSTPZxguejrGeBMTp0SEjlVauH3eAubei_mOzuBcdQDfenBa9hR67-Fj-evmbtbVScJu_RQdGIE9sIk0vokePQj7Wzz2pkwloFeo5HZLUbgHC-_TVhanKd9YvnNdoeA--0RtJWrGDPNj4rEiYZe9DEdxvScSlaIgLbPitdYyvrMl15gwKF5NerhZ1HW3bytVzsGPfc1ZJ7kOYJqcdRVXgpS0TfNh4qAvcrT95q-RyPxFskTyxJvn1UzmGF-D5l-M9sm9mhRbXZt-a8XtfdSu9mXtKiLA2XHd4_Q4pstjKDlMxFO7yEAVHbUjzBEQ",
          "e": "AQAB"
        },
        "attributes": {
          "enabled": true,
          "exp": 2524723200,
          "created": 1715137868,
          "updated": 1715137872,
          "recoveryLevel": "CustomizedRecoverable+Purgeable",
          "recoverableDays": 7,
          "exportable": false,
          "hsmPlatform": "0"
        },
        "tags": {
          "foo": "updated tag"
        }
      }
    },
    {
      "RequestUri": "https://Sanitized.vault.azure.net/deletedkeys/livekvtestcrud-rsa-keyae6d313f?api-version=7.6-preview.1",
      "RequestMethod": "GET",
      "RequestHeaders": {
        "Accept": "application/json",
        "Accept-Encoding": "gzip, deflate",
        "User-Agent": "azsdk-python-keyvault-keys/4.10.0b1 Python/3.10.12 (Linux-5.15.146.1-microsoft-standard-WSL2-x86_64-with-glibc2.35)"
      },
      "RequestBody": null,
      "StatusCode": 404,
      "ResponseHeaders": {
        "Cache-Control": "no-cache",
        "Content-Length": "98",
        "Content-Type": "application/json; charset=utf-8",
        "Date": "Wed, 08 May 2024 03:11:12 GMT",
        "Expires": "-1",
        "Pragma": "no-cache",
        "Strict-Transport-Security": "max-age=31536000;includeSubDomains",
        "X-Content-Type-Options": "nosniff",
        "x-ms-keyvault-network-info": "conn_type=Ipv4;addr=172.92.159.124;act_addr_fam=InterNetwork;",
        "x-ms-keyvault-region": "westus2",
        "x-ms-keyvault-service-version": "1.9.1430.6"
      },
      "ResponseBody": {
        "error": {
          "code": "KeyNotFound",
          "message": "Deleted Key not found: livekvtestcrud-rsa-keyae6d313f"
        }
      }
    },
    {
      "RequestUri": "https://Sanitized.vault.azure.net/deletedkeys/livekvtestcrud-rsa-keyae6d313f?api-version=7.6-preview.1",
      "RequestMethod": "GET",
      "RequestHeaders": {
        "Accept": "application/json",
        "Accept-Encoding": "gzip, deflate",
        "User-Agent": "azsdk-python-keyvault-keys/4.10.0b1 Python/3.10.12 (Linux-5.15.146.1-microsoft-standard-WSL2-x86_64-with-glibc2.35)"
      },
      "RequestBody": null,
      "StatusCode": 200,
      "ResponseHeaders": {
        "Cache-Control": "no-cache",
        "Content-Length": "880",
        "Content-Type": "application/json; charset=utf-8",
        "Date": "Wed, 08 May 2024 03:11:14 GMT",
        "Expires": "-1",
        "Pragma": "no-cache",
        "Strict-Transport-Security": "max-age=31536000;includeSubDomains",
        "X-Content-Type-Options": "nosniff",
        "x-ms-keyvault-network-info": "conn_type=Ipv4;addr=172.92.159.124;act_addr_fam=InterNetwork;",
        "x-ms-keyvault-region": "westus2",
        "x-ms-keyvault-service-version": "1.9.1430.6"
      },
      "ResponseBody": {
        "recoveryId": "https://vaultname.vault.azure.net/deletedkeys/livekvtestcrud-rsa-keyae6d313f",
        "deletedDate": 1715137872,
        "scheduledPurgeDate": 1715742672,
        "key": {
          "kid": "https://vaultname.vault.azure.net/keys/livekvtestcrud-rsa-keyae6d313f/1cf4e17a00b7433398db7d63cc8a4060",
          "kty": "RSA",
          "key_ops": [
            "decrypt",
            "encrypt"
          ],
          "n": "qXH6ewEYBElUkQB1qS1cFBe-AhTSTPZxguejrGeBMTp0SEjlVauH3eAubei_mOzuBcdQDfenBa9hR67-Fj-evmbtbVScJu_RQdGIE9sIk0vokePQj7Wzz2pkwloFeo5HZLUbgHC-_TVhanKd9YvnNdoeA--0RtJWrGDPNj4rEiYZe9DEdxvScSlaIgLbPitdYyvrMl15gwKF5NerhZ1HW3bytVzsGPfc1ZJ7kOYJqcdRVXgpS0TfNh4qAvcrT95q-RyPxFskTyxJvn1UzmGF-D5l-M9sm9mhRbXZt-a8XtfdSu9mXtKiLA2XHd4_Q4pstjKDlMxFO7yEAVHbUjzBEQ",
          "e": "AQAB"
        },
        "attributes": {
          "enabled": true,
          "exp": 2524723200,
          "created": 1715137868,
          "updated": 1715137872,
          "recoveryLevel": "CustomizedRecoverable+Purgeable",
          "recoverableDays": 7,
          "exportable": false
        },
        "tags": {
          "foo": "updated tag"
        }
      }
    },
    {
      "RequestUri": "https://Sanitized.vault.azure.net/deletedkeys/livekvtestcrud-rsa-keyae6d313f?api-version=7.6-preview.1",
      "RequestMethod": "GET",
      "RequestHeaders": {
        "Accept": "application/json",
        "Accept-Encoding": "gzip, deflate",
        "User-Agent": "azsdk-python-keyvault-keys/4.10.0b1 Python/3.10.12 (Linux-5.15.146.1-microsoft-standard-WSL2-x86_64-with-glibc2.35)"
      },
      "RequestBody": null,
      "StatusCode": 200,
      "ResponseHeaders": {
        "Cache-Control": "no-cache",
        "Content-Length": "880",
        "Content-Type": "application/json; charset=utf-8",
        "Date": "Wed, 08 May 2024 03:11:14 GMT",
        "Expires": "-1",
        "Pragma": "no-cache",
        "Strict-Transport-Security": "max-age=31536000;includeSubDomains",
        "X-Content-Type-Options": "nosniff",
        "x-ms-keyvault-network-info": "conn_type=Ipv4;addr=172.92.159.124;act_addr_fam=InterNetwork;",
        "x-ms-keyvault-region": "westus2",
        "x-ms-keyvault-service-version": "1.9.1430.6"
      },
      "ResponseBody": {
        "recoveryId": "https://vaultname.vault.azure.net/deletedkeys/livekvtestcrud-rsa-keyae6d313f",
        "deletedDate": 1715137872,
        "scheduledPurgeDate": 1715742672,
        "key": {
          "kid": "https://vaultname.vault.azure.net/keys/livekvtestcrud-rsa-keyae6d313f/1cf4e17a00b7433398db7d63cc8a4060",
          "kty": "RSA",
          "key_ops": [
            "decrypt",
            "encrypt"
          ],
          "n": "qXH6ewEYBElUkQB1qS1cFBe-AhTSTPZxguejrGeBMTp0SEjlVauH3eAubei_mOzuBcdQDfenBa9hR67-Fj-evmbtbVScJu_RQdGIE9sIk0vokePQj7Wzz2pkwloFeo5HZLUbgHC-_TVhanKd9YvnNdoeA--0RtJWrGDPNj4rEiYZe9DEdxvScSlaIgLbPitdYyvrMl15gwKF5NerhZ1HW3bytVzsGPfc1ZJ7kOYJqcdRVXgpS0TfNh4qAvcrT95q-RyPxFskTyxJvn1UzmGF-D5l-M9sm9mhRbXZt-a8XtfdSu9mXtKiLA2XHd4_Q4pstjKDlMxFO7yEAVHbUjzBEQ",
          "e": "AQAB"
        },
        "attributes": {
          "enabled": true,
          "exp": 2524723200,
          "created": 1715137868,
          "updated": 1715137872,
          "recoveryLevel": "CustomizedRecoverable+Purgeable",
          "recoverableDays": 7,
          "exportable": false
        },
        "tags": {
          "foo": "updated tag"
        }
      }
    }
  ],
  "Variables": {}
}
