{
  "Entries": [
    {
      "RequestUri": "https://Sanitized.managedhsm.azure.net/keys/livekvtestkeysigna9722d40?api-version=7.6",
      "RequestMethod": "PUT",
      "RequestHeaders": {
        "Accept": "application/json",
        "Accept-Encoding": "gzip, deflate",
        "Connection": "keep-alive",
        "Content-Length": "0",
        "Content-Type": "application/json",
        "User-Agent": "azsdk-python-keyvault-keys/4.11.0 Python/3.13.0 (Linux-5.15.146.1-microsoft-standard-WSL2-x86_64-with-glibc2.35)"
      },
      "RequestBody": null,
      "StatusCode": 401,
      "ResponseHeaders": {
        "Cache-Control": "no-cache",
        "Content-Length": "0",
        "Content-Security-Policy": "default-src 'self'",
        "Content-Type": "application/json; charset=utf-8",
        "Strict-Transport-Security": "max-age=31536000; includeSubDomains",
        "WWW-Authenticate": "Bearer authorization=\"https://login.microsoftonline.com/70a036f6-8e4d-4615-bad6-149c02e7720d\", resource=\"https://managedhsm.azure.net\"",
        "X-Content-Type-Options": "nosniff",
        "X-Frame-Options": "SAMEORIGIN",
        "x-ms-server-latency": "0"
      },
      "ResponseBody": null
    },
    {
      "RequestUri": "https://Sanitized.managedhsm.azure.net/keys/livekvtestkeysigna9722d40?api-version=7.6",
      "RequestMethod": "PUT",
      "RequestHeaders": {
        "Accept": "application/json",
        "Accept-Encoding": "gzip, deflate",
        "Connection": "keep-alive",
        "Content-Length": "1728",
        "Content-Type": "application/json",
        "User-Agent": "azsdk-python-keyvault-keys/4.11.0 Python/3.13.0 (Linux-5.15.146.1-microsoft-standard-WSL2-x86_64-with-glibc2.35)"
      },
      "RequestBody": {
        "key": {
          "kty": "RSA-HSM",
          "key_ops": [
            "encrypt",
            "decrypt",
            "sign",
            "verify",
            "wrapKey",
            "unwrapKey"
          ],
          "n": "AKCRTQAjSsaDshtMFdW-2Ie9yVnC5Xr1Suc06PAHINd10nXkVSB-N4TO62ClCkZV3XKnqU0nHo7o95WaZpym53W_DiO62umRtFKdl4UotL2QUh0y3SZWeWuoK2u_x2aMj17rUFN0f9GZMZ0pqEQNCPRBLVJ_-TEe2nGCWSC0exxGsRqz6R1zFkB-icfzQPe4WjQELOUXQ7J9RxhAPTTHtDivYYG-BeTRHrmF04JT1_6b9T_C8bAC0i0teT-nmlBLarQtBJKATXBx1yegbPOoiTqlQrFQP4MrKWNxtnB9Tcbjcvj-Z9je0ckI_eRc4DvAhqcUh_p15Dqg4GeaoNIO_jU",
          "e": "AQAB",
          "d": "Ynx9JGaBSP4iUsf6ZJ6opantRNdcdmzaQrKbZg6ZQE8Ohi1FYabJWvaoPSE-CiJEsDzShXZHMhUHN4X7Bn8BXaGQhK3p9HXgiwQKmix7oAJTu4ElUIyd8UC3UWHSZr40el4PaQD-HYu_eMzCXus34MnRiNbh_BUWm6T-Eidhk9d3kNIyaSi9YNDQHW6tjWrEhhq63O7JU1j9ZonFChZxpKk20jdkQKQURVAdpOdL-5j4I70ZxFuU6wHZj8DS8oRQfwGOvZKbgYDb5jgf3UNL_7eACqq92XPVX56vm7iKbqeyjCqAIx5y3hrSRIJtZlWCwjYnYQGd4unxDLi8wmJWSQ",
          "dp": "AMmhWb5yZcu6vJr8xJZ-t0_likxJRUMZAtEULaWZt2DgODj4y9JrZDJP6mvckzhQP0WXk2NuWbU2HR5pUeCN2wieG1B76VKoH76vfnaJDqT1NuJVBcP2SLHog3ffwZtMME5zjfygchG3kihqOSpwTQ9ETAqAJTkRC38fEhwAz_Cp",
          "dq": "AKC9TAo9n2RDaggjdLXK8kiLrBVoaWFTpqXkzYXRhtsx4vWPAkxhfSnze05rVMl6HiXv7FnE0f0wYawzUJzoyuXBH0zS6D9BqCZPeF543AmWB27iPf38Q9Z8Rjr6oBgMSnGDV_mm8nDVQkeaDyE4cOZh-5UKvKShTKKQVwunmDNH",
          "qi": "AJ_nrkLpK8BPzVeARkvSHQyKwMWZ-a8CD95qsKfn0dOZAvXY-2xhQYTEwbED-0bpTNEKbIpA-ZkaHygmnzJkNbbFAnb9pkkzU8ZQqDP3JNgMfVIroWx58Oth9nJza2j7i-MkPRCUPEq3Ao0J52z7WJIiLji8TTVYW_NaiM1oxzsH",
          "p": "ANHerI1o3dLB_VLVmZZVss8VZSYN5SaeQ_0qhfOSgOFwj__waCFmy2EG7l6l6f_Z-Y0L7Mn_LNov68lyWSFa2EuQUeVj4UoFHc5Di8ZUGiSsTwFM-XMtNuv8HmGgDYLL5BIJD3eTz71LdgW-Ez38OZH34b7VeG8zfeUDb8Hi30zz",
          "q": "AMPcZrZBqbc82DO8Q5zTT8ZXRGWrW36KktMllaIk1W2RHnRiQiW0jBWmcCgqUcQNHa1LwumjyNqwx28QBS37BTvG7ULGUoio6LrOeoiBGEMj-U19sX6m37plEhj5Mak7j3OPPY_T9rohjTW5aGGg9YSwq4jdz0RrmBX00ofYOjI3"
        }
      },
      "StatusCode": 200,
      "ResponseHeaders": {
        "Cache-Control": "no-cache",
        "Content-Length": "737",
        "Content-Security-Policy": "default-src 'self'",
        "Content-Type": "application/json; charset=utf-8",
        "Strict-Transport-Security": "max-age=31536000; includeSubDomains",
        "X-Content-Type-Options": "nosniff",
        "X-Frame-Options": "SAMEORIGIN",
        "x-ms-keyvault-network-info": "conn_type=Ipv4;addr=70.37.26.135;act_addr_fam=Ipv4;",
        "x-ms-keyvault-region": "brazilsouth",
        "x-ms-server-latency": "87"
      },
      "ResponseBody": {
        "attributes": {
          "created": 1748906056,
          "enabled": true,
          "exportable": false,
          "recoverableDays": 7,
          "recoveryLevel": "CustomizedRecoverable+Purgeable",
          "updated": 1748906056
        },
        "key": {
          "e": "AQAB",
          "key_ops": [
            "decrypt",
            "encrypt",
            "unwrapKey",
            "sign",
            "verify",
            "wrapKey"
          ],
          "kid": "https://managedhsmvaultname.managedhsm.azure.net/keys/livekvtestkeysigna9722d40/007d2496ad1d0cdc38affee891e0998d",
          "kty": "RSA-HSM",
          "n": "oJFNACNKxoOyG0wV1b7Yh73JWcLlevVK5zTo8Acg13XSdeRVIH43hM7rYKUKRlXdcqepTScejuj3lZpmnKbndb8OI7ra6ZG0Up2XhSi0vZBSHTLdJlZ5a6gra7_HZoyPXutQU3R_0ZkxnSmoRA0I9EEtUn_5MR7acYJZILR7HEaxGrPpHXMWQH6Jx_NA97haNAQs5RdDsn1HGEA9NMe0OK9hgb4F5NEeuYXTglPX_pv1P8LxsALSLS15P6eaUEtqtC0EkoBNcHHXJ6Bs86iJOqVCsVA_gyspY3G2cH1NxuNy-P5n2N7RyQj95FzgO8CGpxSH-nXkOqDgZ5qg0g7-NQ"
        }
      }
    },
    {
      "RequestUri": "https://Sanitized.managedhsm.azure.net/keys/livekvtestkeysigna9722d40/007d2496ad1d0cdc38affee891e0998d/sign?api-version=7.6",
      "RequestMethod": "POST",
      "RequestHeaders": {
        "Accept": "application/json",
        "Accept-Encoding": "gzip, deflate",
        "Connection": "keep-alive",
        "Content-Length": "72",
        "Content-Type": "application/json",
        "User-Agent": "azsdk-python-keyvault-keys/4.11.0 Python/3.13.0 (Linux-5.15.146.1-microsoft-standard-WSL2-x86_64-with-glibc2.35)"
      },
      "RequestBody": {
        "alg": "RS256",
        "value": "vgZc0NQUb6WMKX___V2JntcFRO_vszKwSAj7R2rL1zg"
      },
      "StatusCode": 200,
      "ResponseHeaders": {
        "Cache-Control": "no-cache",
        "Content-Length": "489",
        "Content-Security-Policy": "default-src 'self'",
        "Content-Type": "application/json; charset=utf-8",
        "Strict-Transport-Security": "max-age=31536000; includeSubDomains",
        "X-Content-Type-Options": "nosniff",
        "X-Frame-Options": "SAMEORIGIN",
        "x-ms-keyvault-network-info": "conn_type=Ipv4;addr=70.37.26.135;act_addr_fam=Ipv4;",
        "x-ms-keyvault-region": "brazilsouth",
        "x-ms-server-latency": "8"
      },
      "ResponseBody": {
        "alg": "RS256",
        "kid": "https://managedhsmvaultname.managedhsm.azure.net/keys/livekvtestkeysigna9722d40/007d2496ad1d0cdc38affee891e0998d",
        "value": "YX0IOuHlYW7IEVboW0c8M_geUfp2pKoCw7ujVZfXZOy0890603_QcjCSzuw_qUWehJ8IYVlfaXeF3Ebu36oB6cD8oG8OfI6rLM9BKQUR2KE5VoCBKAGit7FxhAnLRFGP69dF6gyO_wv_-zCJnXLIOg1Pu0K80WVSYkj6Wzczj35OQHEptDqRmxdwQoDYoEk5iYcb3JOeWC1frcGVEf9qs0yzwx1AbgkAOPElweovZZlleS6MALP0HTt7L5zJg7kjnCsuksVsEfM2R0_Mzt8nT24LczCNyZac50hHVkCepaZDRs26KodYnSs3doFlYOUJpCu8sxil7VBTEtFY38dENg"
      }
    },
    {
      "RequestUri": "https://Sanitized.managedhsm.azure.net/keys/livekvtestkeysigna9722d40/007d2496ad1d0cdc38affee891e0998d/verify?api-version=7.6",
      "RequestMethod": "POST",
      "RequestHeaders": {
        "Accept": "application/json",
        "Accept-Encoding": "gzip, deflate",
        "Connection": "keep-alive",
        "Content-Length": "428",
        "Content-Type": "application/json",
        "User-Agent": "azsdk-python-keyvault-keys/4.11.0 Python/3.13.0 (Linux-5.15.146.1-microsoft-standard-WSL2-x86_64-with-glibc2.35)"
      },
      "RequestBody": {
        "alg": "RS256",
        "digest": "vgZc0NQUb6WMKX___V2JntcFRO_vszKwSAj7R2rL1zg",
        "value": "YX0IOuHlYW7IEVboW0c8M_geUfp2pKoCw7ujVZfXZOy0890603_QcjCSzuw_qUWehJ8IYVlfaXeF3Ebu36oB6cD8oG8OfI6rLM9BKQUR2KE5VoCBKAGit7FxhAnLRFGP69dF6gyO_wv_-zCJnXLIOg1Pu0K80WVSYkj6Wzczj35OQHEptDqRmxdwQoDYoEk5iYcb3JOeWC1frcGVEf9qs0yzwx1AbgkAOPElweovZZlleS6MALP0HTt7L5zJg7kjnCsuksVsEfM2R0_Mzt8nT24LczCNyZac50hHVkCepaZDRs26KodYnSs3doFlYOUJpCu8sxil7VBTEtFY38dENg"
      },
      "StatusCode": 200,
      "ResponseHeaders": {
        "Cache-Control": "no-cache",
        "Content-Length": "149",
        "Content-Security-Policy": "default-src 'self'",
        "Content-Type": "application/json; charset=utf-8",
        "Strict-Transport-Security": "max-age=31536000; includeSubDomains",
        "X-Content-Type-Options": "nosniff",
        "X-Frame-Options": "SAMEORIGIN",
        "x-ms-keyvault-network-info": "conn_type=Ipv4;addr=70.37.26.135;act_addr_fam=Ipv4;",
        "x-ms-keyvault-region": "brazilsouth",
        "x-ms-server-latency": "0"
      },
      "ResponseBody": {
        "alg": "RS256",
        "kid": "https://managedhsmvaultname.managedhsm.azure.net/keys/livekvtestkeysigna9722d40/007d2496ad1d0cdc38affee891e0998d",
        "value": true
      }
    }
  ],
  "Variables": {}
}
