{
  "Entries": [
    {
      "RequestUri": "https://fakevault.local/keys/key3964649413/create?api-version=7.5-preview.1",
      "RequestMethod": "POST",
      "RequestHeaders": {
        "Accept": "application/json",
        "Accept-Encoding": "gzip",
        "Content-Length": "0",
        "User-Agent": "azsdk-go-azkeys/v1.1.0-beta.2 (go1.19.3; linux)"
      },
      "RequestBody": null,
      "StatusCode": 401,
      "ResponseHeaders": {
        "Cache-Control": "no-cache",
        "Content-Length": "97",
        "Content-Type": "application/json; charset=utf-8",
        "Date": "Mon, 06 Nov 2023 19:40:36 GMT",
        "Expires": "-1",
        "Pragma": "no-cache",
        "Strict-Transport-Security": "max-age=31536000;includeSubDomains",
        "WWW-Authenticate": "Bearer authorization=\u0022https://login.microsoftonline.com/72f988bf-86f1-41af-91ab-2d7cd011db47\u0022, resource=\u0022https://local\u0022",
        "X-Content-Type-Options": "nosniff",
        "x-ms-keyvault-network-info": "conn_type=Ipv4;addr=131.107.8.29;act_addr_fam=InterNetwork;",
        "x-ms-keyvault-region": "australiacentral",
        "x-ms-keyvault-service-version": "1.9.1054.1",
        "x-ms-request-id": "68ade7db-332d-42d9-b1e5-491c26fcf2c6"
      },
      "ResponseBody": {
        "error": {
          "code": "Unauthorized",
          "message": "AKV10000: Request is missing a Bearer or PoP token."
        }
      }
    },
    {
      "RequestUri": "https://fakevault.local/keys/key3964649413/create?api-version=7.5-preview.1",
      "RequestMethod": "POST",
      "RequestHeaders": {
        "Accept": "application/json",
        "Accept-Encoding": "gzip",
        "Authorization": "Sanitized",
        "Content-Length": "49",
        "Content-Type": "application/json",
        "User-Agent": "azsdk-go-azkeys/v1.1.0-beta.2 (go1.19.3; linux)"
      },
      "RequestBody": {
        "key_ops": [
          "encrypt",
          "decrypt"
        ],
        "kty": "RSA-HSM"
      },
      "StatusCode": 200,
      "ResponseHeaders": {
        "Cache-Control": "no-cache",
        "Content-Length": "680",
        "Content-Type": "application/json; charset=utf-8",
        "Date": "Mon, 06 Nov 2023 19:40:38 GMT",
        "Expires": "-1",
        "Pragma": "no-cache",
        "Strict-Transport-Security": "max-age=31536000;includeSubDomains",
        "X-Content-Type-Options": "nosniff",
        "x-ms-keyvault-network-info": "conn_type=Ipv4;addr=131.107.8.29;act_addr_fam=InterNetwork;",
        "x-ms-keyvault-rbac-assignment-id": "466c6b66-6e78-5348-8df7-0933bb2c342d",
        "x-ms-keyvault-rbac-cache": "ra_age=56;da_age=2676;rd_age=2676;brd_age=20402;ra_notif_age=694;dec_lev=1;",
        "x-ms-keyvault-region": "australiacentral",
        "x-ms-keyvault-service-version": "1.9.1054.1",
        "x-ms-request-id": "75e953a3-9ea3-4e37-971e-4adb5fac872f"
      },
      "ResponseBody": {
        "key": {
          "kid": "https://fakevault.local/keys/key3964649413/40cb38ea997b453c97a717fa2c246f74",
          "kty": "RSA-HSM",
          "key_ops": [
            "encrypt",
            "decrypt"
          ],
          "n": "tAB38DTIamM5t8QIMVHgbIygaBaYfQzk0e-XdcEjdyJ3EFl2Wf5Y4bXYyUqVKjdpEOiJOwIDfZywwHwCho5_0Xv8toxClV_tXjg-2oot1NyEjqZXyXGEh_iRgIrD6lezeaXzeTC_S0xyR8IuflYjJXBUFFdNNOUem3rHSdmzciUzc7sn6Wk10awWAejXTpaZhgytMDkXEK5WcyhD3yBHTcyBVKP376lg1Fz0RRcRxqoUgY1CZhkYgHrWzkgJPUFhwpFUCEbIk41vi1sMooHSOpmCGgFzEnvFJGR8fzsSB9a-v1IfCQ0EEMX2AucjjOAwdIKOtRSd28SMxuNzIP-niw",
          "e": "AQAB"
        },
        "attributes": {
          "enabled": true,
          "created": 1699299637,
          "updated": 1699299637,
          "recoveryLevel": "CustomizedRecoverable\u002BPurgeable",
          "recoverableDays": 7,
          "exportable": false,
          "hsmPlatform": "1"
        }
      }
    },
    {
      "RequestUri": "https://fakevault.local/keys/key3964649413/40cb38ea997b453c97a717fa2c246f74/encrypt?api-version=7.5-preview.1",
      "RequestMethod": "POST",
      "RequestHeaders": {
        "Accept": "application/json",
        "Accept-Encoding": "gzip",
        "Authorization": "Sanitized",
        "Content-Length": "45",
        "Content-Type": "application/json",
        "User-Agent": "azsdk-go-azkeys/v1.1.0-beta.2 (go1.19.3; linux)"
      },
      "RequestBody": {
        "alg": "RSA-OAEP-256",
        "value": "cGxhaW50ZXh0"
      },
      "StatusCode": 200,
      "ResponseHeaders": {
        "Cache-Control": "no-cache",
        "Content-Length": "438",
        "Content-Type": "application/json; charset=utf-8",
        "Date": "Mon, 06 Nov 2023 19:40:38 GMT",
        "Expires": "-1",
        "Pragma": "no-cache",
        "Strict-Transport-Security": "max-age=31536000;includeSubDomains",
        "X-Content-Type-Options": "nosniff",
        "x-ms-keyvault-network-info": "conn_type=Ipv4;addr=131.107.8.29;act_addr_fam=InterNetwork;",
        "x-ms-keyvault-rbac-assignment-id": "466c6b66-6e78-5348-8df7-0933bb2c342d",
        "x-ms-keyvault-rbac-cache": "ra_age=57;da_age=2677;rd_age=2677;brd_age=20404;ra_notif_age=695;dec_lev=1;",
        "x-ms-keyvault-region": "australiacentral",
        "x-ms-keyvault-service-version": "1.9.1054.1",
        "x-ms-request-id": "a4d43d22-4d25-461c-b6d7-52b64fad2b80"
      },
      "ResponseBody": {
        "kid": "https://fakevault.local/keys/key3964649413/40cb38ea997b453c97a717fa2c246f74",
        "value": "LNOiHylZdekoo2T0UwMh7Azf7m0jvXVkW1hSSBNRbWEnpiGu82XlM9rv4KMgWGaIaT-k38ji1j_RFl4jUQHFERZsrmxG_ZsXeoRmAjmXJdPcNIClOV29niri8I88wPQKzCqCvOwsRtDKF29j-rPJM8dZAnMQOWSBQiY17F3J9pynoLOqruvNqFmDt8qTKE3vlS_057ecDZwDwfYB9udx8J8_TcvBtvAaIlOjI3jvreTW-R6Fref3xcDpUoeZapKCc8hjfHHAmZxV5I5pNXu5jSJdIKu5edsVYf9C1vpWT1Co3Xffqo70uHlTy4tJf7jj8CfdjzG8GpEJSB8jbyms_Q"
      }
    },
    {
      "RequestUri": "https://fakevault.local/keys/key3964649413/decrypt?api-version=7.5-preview.1",
      "RequestMethod": "POST",
      "RequestHeaders": {
        "Accept": "application/json",
        "Accept-Encoding": "gzip",
        "Authorization": "Sanitized",
        "Content-Length": "375",
        "Content-Type": "application/json",
        "User-Agent": "azsdk-go-azkeys/v1.1.0-beta.2 (go1.19.3; linux)"
      },
      "RequestBody": {
        "alg": "RSA-OAEP-256",
        "value": "LNOiHylZdekoo2T0UwMh7Azf7m0jvXVkW1hSSBNRbWEnpiGu82XlM9rv4KMgWGaIaT-k38ji1j_RFl4jUQHFERZsrmxG_ZsXeoRmAjmXJdPcNIClOV29niri8I88wPQKzCqCvOwsRtDKF29j-rPJM8dZAnMQOWSBQiY17F3J9pynoLOqruvNqFmDt8qTKE3vlS_057ecDZwDwfYB9udx8J8_TcvBtvAaIlOjI3jvreTW-R6Fref3xcDpUoeZapKCc8hjfHHAmZxV5I5pNXu5jSJdIKu5edsVYf9C1vpWT1Co3Xffqo70uHlTy4tJf7jj8CfdjzG8GpEJSB8jbyms_Q"
      },
      "StatusCode": 200,
      "ResponseHeaders": {
        "Cache-Control": "no-cache",
        "Content-Length": "108",
        "Content-Type": "application/json; charset=utf-8",
        "Date": "Mon, 06 Nov 2023 19:40:38 GMT",
        "Expires": "-1",
        "Pragma": "no-cache",
        "Strict-Transport-Security": "max-age=31536000;includeSubDomains",
        "X-Content-Type-Options": "nosniff",
        "x-ms-keyvault-network-info": "conn_type=Ipv4;addr=131.107.8.29;act_addr_fam=InterNetwork;",
        "x-ms-keyvault-rbac-assignment-id": "466c6b66-6e78-5348-8df7-0933bb2c342d",
        "x-ms-keyvault-rbac-cache": "ra_age=57;da_age=2677;rd_age=2677;brd_age=20404;ra_notif_age=695;dec_lev=1;",
        "x-ms-keyvault-region": "australiacentral",
        "x-ms-keyvault-service-version": "1.9.1054.1",
        "x-ms-request-id": "29115a30-e114-4c03-9de1-ca6315e20fd3"
      },
      "ResponseBody": {
        "kid": "https://fakevault.local/keys/key3964649413/40cb38ea997b453c97a717fa2c246f74",
        "value": "cGxhaW50ZXh0"
      }
    }
  ],
  "Variables": {}
}
