{
  "Entries": [
    {
      "RequestUri": "https://Sanitized.api.eus2.digitaltwins.azure.net/models/dtmi%3Asamples%3ADTModelTestsModel%3B1?api-version=2023-10-31",
      "RequestMethod": "DELETE",
      "RequestHeaders": {
        "Accept": "application/json",
        "Accept-Encoding": "gzip, deflate, br, zstd",
        "Authorization": "Sanitized",
        "Connection": "keep-alive",
        "Referer": "http://localhost:63315/",
        "sec-ch-ua": "\"Chromium\";v=\"136\", \"HeadlessChrome\";v=\"136\", \"Not.A/Brand\";v=\"99\"",
        "sec-ch-ua-mobile": "?0",
        "sec-ch-ua-platform": "\"Windows\"",
        "Sec-Fetch-Dest": "empty",
        "Sec-Fetch-Mode": "cors",
        "Sec-Fetch-Site": "same-site",
        "User-Agent": "Mozilla/5.0 (Windows NT 10.0; Win64; x64) AppleWebKit/537.36 (KHTML, like Gecko) HeadlessChrome/136.0.7103.25 Safari/537.36",
        "x-ms-client-request-id": "Sanitized",
        "x-ms-useragent": "azsdk-js-digital-twins-core/2.0.0 core-rest-pipeline/1.20.1 Chromium/136 OS/x86-Windows-19.0.0"
      },
      "RequestBody": null,
      "StatusCode": 404,
      "ResponseHeaders": {
        "Content-Length": "217",
        "Content-Type": "application/json; charset=utf-8",
        "Date": "Thu, 08 May 2025 22:55:52 GMT",
        "mise-correlation-id": "2a2d184d-4a26-4730-a50a-5febcb8f4051",
        "Strict-Transport-Security": "max-age=2592000",
        "traceresponse": "00-220e2a80d058c3cd75553be8d513d1c5-e31ec4aa2ecf44b0-01",
        "x-ms-error-code": "ModelNotFound"
      },
      "ResponseBody": {
        "error": {
          "code": "ModelNotFound",
          "message": "There is no Model(s) available that matches the provided id(s) dtmi:samples:DTModelTestsModel;1. Check that the Model ID provided is valid by doing a Model_List API call."
        }
      }
    },
    {
      "RequestUri": "https://Sanitized.api.eus2.digitaltwins.azure.net/models/dtmi%3Asamples%3ADTModelTestsComponent%3B1?api-version=2023-10-31",
      "RequestMethod": "DELETE",
      "RequestHeaders": {
        "Accept": "application/json",
        "Accept-Encoding": "gzip, deflate, br, zstd",
        "Authorization": "Sanitized",
        "Connection": "keep-alive",
        "Referer": "http://localhost:63315/",
        "sec-ch-ua": "\"Chromium\";v=\"136\", \"HeadlessChrome\";v=\"136\", \"Not.A/Brand\";v=\"99\"",
        "sec-ch-ua-mobile": "?0",
        "sec-ch-ua-platform": "\"Windows\"",
        "Sec-Fetch-Dest": "empty",
        "Sec-Fetch-Mode": "cors",
        "Sec-Fetch-Site": "same-site",
        "User-Agent": "Mozilla/5.0 (Windows NT 10.0; Win64; x64) AppleWebKit/537.36 (KHTML, like Gecko) HeadlessChrome/136.0.7103.25 Safari/537.36",
        "x-ms-client-request-id": "Sanitized",
        "x-ms-useragent": "azsdk-js-digital-twins-core/2.0.0 core-rest-pipeline/1.20.1 Chromium/136 OS/x86-Windows-19.0.0"
      },
      "RequestBody": null,
      "StatusCode": 404,
      "ResponseHeaders": {
        "Content-Length": "221",
        "Content-Type": "application/json; charset=utf-8",
        "Date": "Thu, 08 May 2025 22:55:52 GMT",
        "mise-correlation-id": "e7807119-36b1-4261-92ca-0d5c5463f805",
        "Strict-Transport-Security": "max-age=2592000",
        "traceresponse": "00-058ed76523dcbe0836148ffa0a22d66e-b02f5af2a79872c1-01",
        "x-ms-error-code": "ModelNotFound"
      },
      "ResponseBody": {
        "error": {
          "code": "ModelNotFound",
          "message": "There is no Model(s) available that matches the provided id(s) dtmi:samples:DTModelTestsComponent;1. Check that the Model ID provided is valid by doing a Model_List API call."
        }
      }
    },
    {
      "RequestUri": "https://Sanitized.api.eus2.digitaltwins.azure.net/models/dtmi%3Asamples%3ADTModelTestsComponent%3B1?api-version=2023-10-31",
      "RequestMethod": "PATCH",
      "RequestHeaders": {
        "Accept": "application/json",
        "Accept-Encoding": "gzip, deflate, br, zstd",
        "Authorization": "Sanitized",
        "Connection": "keep-alive",
        "Content-Length": "56",
        "Content-Type": "application/json-patch+json",
        "Referer": "http://localhost:63315/",
        "sec-ch-ua": "\"Chromium\";v=\"136\", \"HeadlessChrome\";v=\"136\", \"Not.A/Brand\";v=\"99\"",
        "sec-ch-ua-mobile": "?0",
        "sec-ch-ua-platform": "\"Windows\"",
        "Sec-Fetch-Dest": "empty",
        "Sec-Fetch-Mode": "cors",
        "Sec-Fetch-Site": "same-site",
        "User-Agent": "Mozilla/5.0 (Windows NT 10.0; Win64; x64) AppleWebKit/537.36 (KHTML, like Gecko) HeadlessChrome/136.0.7103.25 Safari/537.36",
        "x-ms-client-request-id": "Sanitized",
        "x-ms-useragent": "azsdk-js-digital-twins-core/2.0.0 core-rest-pipeline/1.20.1 Chromium/136 OS/x86-Windows-19.0.0"
      },
      "RequestBody": "[{\"op\":\"replace\",\"path\":\"/decommissioned\",\"value\":true}]",
      "StatusCode": 404,
      "ResponseHeaders": {
        "Content-Length": "221",
        "Content-Type": "application/json; charset=utf-8",
        "Date": "Thu, 08 May 2025 22:55:52 GMT",
        "mise-correlation-id": "54a95ce7-6a26-4f33-b981-f53d6363ceb5",
        "Strict-Transport-Security": "max-age=2592000",
        "traceresponse": "00-c8652cba1b8cb36bfeb4fcc0ea6f4e2a-29100d9c4d98c804-01",
        "x-ms-error-code": "ModelNotFound"
      },
      "ResponseBody": {
        "error": {
          "code": "ModelNotFound",
          "message": "There is no Model(s) available that matches the provided id(s) dtmi:samples:DTModelTestsComponent;1. Check that the Model ID provided is valid by doing a Model_List API call."
        }
      }
    },
    {
      "RequestUri": "https://Sanitized.api.eus2.digitaltwins.azure.net/models/dtmi%3Asamples%3ADTModelTestsModel%3B1?api-version=2023-10-31",
      "RequestMethod": "DELETE",
      "RequestHeaders": {
        "Accept": "application/json",
        "Accept-Encoding": "gzip, deflate, br, zstd",
        "Authorization": "Sanitized",
        "Connection": "keep-alive",
        "Referer": "http://localhost:63315/",
        "sec-ch-ua": "\"Chromium\";v=\"136\", \"HeadlessChrome\";v=\"136\", \"Not.A/Brand\";v=\"99\"",
        "sec-ch-ua-mobile": "?0",
        "sec-ch-ua-platform": "\"Windows\"",
        "Sec-Fetch-Dest": "empty",
        "Sec-Fetch-Mode": "cors",
        "Sec-Fetch-Site": "same-site",
        "User-Agent": "Mozilla/5.0 (Windows NT 10.0; Win64; x64) AppleWebKit/537.36 (KHTML, like Gecko) HeadlessChrome/136.0.7103.25 Safari/537.36",
        "x-ms-client-request-id": "Sanitized",
        "x-ms-useragent": "azsdk-js-digital-twins-core/2.0.0 core-rest-pipeline/1.20.1 Chromium/136 OS/x86-Windows-19.0.0"
      },
      "RequestBody": null,
      "StatusCode": 404,
      "ResponseHeaders": {
        "Content-Length": "217",
        "Content-Type": "application/json; charset=utf-8",
        "Date": "Thu, 08 May 2025 22:55:52 GMT",
        "mise-correlation-id": "7b7cf088-adfb-41df-b008-12c2673e77d2",
        "Strict-Transport-Security": "max-age=2592000",
        "traceresponse": "00-8fefc34df09e2db9b50e28b4542bd497-0b415ceebdae4196-01",
        "x-ms-error-code": "ModelNotFound"
      },
      "ResponseBody": {
        "error": {
          "code": "ModelNotFound",
          "message": "There is no Model(s) available that matches the provided id(s) dtmi:samples:DTModelTestsModel;1. Check that the Model ID provided is valid by doing a Model_List API call."
        }
      }
    },
    {
      "RequestUri": "https://Sanitized.api.eus2.digitaltwins.azure.net/models/dtmi%3Asamples%3ADTModelTestsComponent%3B1?api-version=2023-10-31",
      "RequestMethod": "DELETE",
      "RequestHeaders": {
        "Accept": "application/json",
        "Accept-Encoding": "gzip, deflate, br, zstd",
        "Authorization": "Sanitized",
        "Connection": "keep-alive",
        "Referer": "http://localhost:63315/",
        "sec-ch-ua": "\"Chromium\";v=\"136\", \"HeadlessChrome\";v=\"136\", \"Not.A/Brand\";v=\"99\"",
        "sec-ch-ua-mobile": "?0",
        "sec-ch-ua-platform": "\"Windows\"",
        "Sec-Fetch-Dest": "empty",
        "Sec-Fetch-Mode": "cors",
        "Sec-Fetch-Site": "same-site",
        "User-Agent": "Mozilla/5.0 (Windows NT 10.0; Win64; x64) AppleWebKit/537.36 (KHTML, like Gecko) HeadlessChrome/136.0.7103.25 Safari/537.36",
        "x-ms-client-request-id": "Sanitized",
        "x-ms-useragent": "azsdk-js-digital-twins-core/2.0.0 core-rest-pipeline/1.20.1 Chromium/136 OS/x86-Windows-19.0.0"
      },
      "RequestBody": null,
      "StatusCode": 404,
      "ResponseHeaders": {
        "Content-Length": "221",
        "Content-Type": "application/json; charset=utf-8",
        "Date": "Thu, 08 May 2025 22:55:52 GMT",
        "mise-correlation-id": "eca11b22-9e82-43a9-a1a7-8f4509c2c4ef",
        "Strict-Transport-Security": "max-age=2592000",
        "traceresponse": "00-be97ff2925fb155ff4edbe668a4d5ebe-f8f7450d261c5a51-01",
        "x-ms-error-code": "ModelNotFound"
      },
      "ResponseBody": {
        "error": {
          "code": "ModelNotFound",
          "message": "There is no Model(s) available that matches the provided id(s) dtmi:samples:DTModelTestsComponent;1. Check that the Model ID provided is valid by doing a Model_List API call."
        }
      }
    }
  ],
  "Variables": {}
}
