{
  "Entries": [
    {
      "RequestUri": "https://Sanitized.api.eus2.digitaltwins.azure.net/models/dtmi%3Asamples%3ADTModelTestsModel%3B1?api-version=2023-10-31",
      "RequestMethod": "DELETE",
      "RequestHeaders": {
        "Accept": "application/json",
        "Accept-Encoding": "gzip, deflate, br, zstd",
        "Authorization": "Sanitized",
        "Connection": "keep-alive",
        "Referer": "http://localhost:63315/",
        "sec-ch-ua": "\"Chromium\";v=\"136\", \"HeadlessChrome\";v=\"136\", \"Not.A/Brand\";v=\"99\"",
        "sec-ch-ua-mobile": "?0",
        "sec-ch-ua-platform": "\"Windows\"",
        "Sec-Fetch-Dest": "empty",
        "Sec-Fetch-Mode": "cors",
        "Sec-Fetch-Site": "same-site",
        "User-Agent": "Mozilla/5.0 (Windows NT 10.0; Win64; x64) AppleWebKit/537.36 (KHTML, like Gecko) HeadlessChrome/136.0.7103.25 Safari/537.36",
        "x-ms-client-request-id": "Sanitized",
        "x-ms-useragent": "azsdk-js-digital-twins-core/2.0.0 core-rest-pipeline/1.20.0 Chromium/136 OS/x86-Windows-19.0.0"
      },
      "RequestBody": null,
      "StatusCode": 404,
      "ResponseHeaders": {
        "Content-Length": "217",
        "Content-Type": "application/json; charset=utf-8",
        "Date": "Wed, 07 May 2025 06:39:48 GMT",
        "mise-correlation-id": "9dea9b21-cc77-4d34-b666-f959ab7652ba",
        "Strict-Transport-Security": "max-age=2592000",
        "traceresponse": "00-68b55f3e47c2b7451e935e819b5fb2c1-bb8fb6dc2a811d2e-01",
        "x-ms-error-code": "ModelNotFound"
      },
      "ResponseBody": {
        "error": {
          "code": "ModelNotFound",
          "message": "There is no Model(s) available that matches the provided id(s) dtmi:samples:DTModelTestsModel;1. Check that the Model ID provided is valid by doing a Model_List API call."
        }
      }
    },
    {
      "RequestUri": "https://Sanitized.api.eus2.digitaltwins.azure.net/models/dtmi%3Asamples%3ADTModelTestsComponent%3B1?api-version=2023-10-31",
      "RequestMethod": "DELETE",
      "RequestHeaders": {
        "Accept": "application/json",
        "Accept-Encoding": "gzip, deflate, br, zstd",
        "Authorization": "Sanitized",
        "Connection": "keep-alive",
        "Referer": "http://localhost:63315/",
        "sec-ch-ua": "\"Chromium\";v=\"136\", \"HeadlessChrome\";v=\"136\", \"Not.A/Brand\";v=\"99\"",
        "sec-ch-ua-mobile": "?0",
        "sec-ch-ua-platform": "\"Windows\"",
        "Sec-Fetch-Dest": "empty",
        "Sec-Fetch-Mode": "cors",
        "Sec-Fetch-Site": "same-site",
        "User-Agent": "Mozilla/5.0 (Windows NT 10.0; Win64; x64) AppleWebKit/537.36 (KHTML, like Gecko) HeadlessChrome/136.0.7103.25 Safari/537.36",
        "x-ms-client-request-id": "Sanitized",
        "x-ms-useragent": "azsdk-js-digital-twins-core/2.0.0 core-rest-pipeline/1.20.0 Chromium/136 OS/x86-Windows-19.0.0"
      },
      "RequestBody": null,
      "StatusCode": 404,
      "ResponseHeaders": {
        "Content-Length": "221",
        "Content-Type": "application/json; charset=utf-8",
        "Date": "Wed, 07 May 2025 06:39:48 GMT",
        "mise-correlation-id": "62e965e9-4700-49fa-846b-d8533833de1b",
        "Strict-Transport-Security": "max-age=2592000",
        "traceresponse": "00-41078f977350d8eda42c3c7455d1f071-1c2be600303ec121-01",
        "x-ms-error-code": "ModelNotFound"
      },
      "ResponseBody": {
        "error": {
          "code": "ModelNotFound",
          "message": "There is no Model(s) available that matches the provided id(s) dtmi:samples:DTModelTestsComponent;1. Check that the Model ID provided is valid by doing a Model_List API call."
        }
      }
    },
    {
      "RequestUri": "https://Sanitized.api.eus2.digitaltwins.azure.net/models/dtmi%3Asamples%3ADTModelTestsComponent%3B1?api-version=2023-10-31&includeModelDefinition=false",
      "RequestMethod": "GET",
      "RequestHeaders": {
        "Accept": "application/json",
        "Accept-Encoding": "gzip, deflate, br, zstd",
        "Authorization": "Sanitized",
        "Connection": "keep-alive",
        "Referer": "http://localhost:63315/",
        "sec-ch-ua": "\"Chromium\";v=\"136\", \"HeadlessChrome\";v=\"136\", \"Not.A/Brand\";v=\"99\"",
        "sec-ch-ua-mobile": "?0",
        "sec-ch-ua-platform": "\"Windows\"",
        "Sec-Fetch-Dest": "empty",
        "Sec-Fetch-Mode": "cors",
        "Sec-Fetch-Site": "same-site",
        "User-Agent": "Mozilla/5.0 (Windows NT 10.0; Win64; x64) AppleWebKit/537.36 (KHTML, like Gecko) HeadlessChrome/136.0.7103.25 Safari/537.36",
        "x-ms-client-request-id": "Sanitized",
        "x-ms-useragent": "azsdk-js-digital-twins-core/2.0.0 core-rest-pipeline/1.20.0 Chromium/136 OS/x86-Windows-19.0.0"
      },
      "RequestBody": null,
      "StatusCode": 404,
      "ResponseHeaders": {
        "Content-Length": "221",
        "Content-Type": "application/json; charset=utf-8",
        "Date": "Wed, 07 May 2025 06:39:48 GMT",
        "mise-correlation-id": "fece5aea-6852-412c-92a8-480a03552208",
        "Strict-Transport-Security": "max-age=2592000",
        "traceresponse": "00-9b16b1645c6593f84ad1c45339a218b7-8c391eff3cd41e0b-01",
        "x-ms-error-code": "ModelNotFound"
      },
      "ResponseBody": {
        "error": {
          "code": "ModelNotFound",
          "message": "There is no Model(s) available that matches the provided id(s) dtmi:samples:DTModelTestsComponent;1. Check that the Model ID provided is valid by doing a Model_List API call."
        }
      }
    }
  ],
  "Variables": {}
}
