{
  "Entries": [
    {
      "RequestUri": "https://Sanitized.api.wcus.digitaltwins.azure.net/models/dtmi%3Asamples%3ADTModelTestsModel%3B1?api-version=2023-10-31",
      "RequestMethod": "DELETE",
      "RequestHeaders": {
        "Accept": "application/json",
        "Accept-Encoding": "gzip, deflate, br, zstd",
        "Authorization": "Sanitized",
        "Connection": "keep-alive",
        "Referer": "http://localhost:63315/",
        "sec-ch-ua": "\"Chromium\";v=\"136\", \"HeadlessChrome\";v=\"136\", \"Not.A/Brand\";v=\"99\"",
        "sec-ch-ua-mobile": "?0",
        "sec-ch-ua-platform": "\"Windows\"",
        "Sec-Fetch-Dest": "empty",
        "Sec-Fetch-Mode": "cors",
        "Sec-Fetch-Site": "same-site",
        "User-Agent": "Mozilla/5.0 (Windows NT 10.0; Win64; x64) AppleWebKit/537.36 (KHTML, like Gecko) HeadlessChrome/136.0.7103.25 Safari/537.36",
        "x-ms-client-request-id": "Sanitized",
        "x-ms-useragent": "azsdk-js-digital-twins-core/2.0.0 core-rest-pipeline/1.20.1 Chromium/136 OS/x86-Windows-19.0.0"
      },
      "RequestBody": null,
      "StatusCode": 404,
      "ResponseHeaders": {
        "Content-Length": "217",
        "Content-Type": "application/json; charset=utf-8",
        "Date": "Fri, 09 May 2025 04:41:28 GMT",
        "mise-correlation-id": "0fed3091-cacf-40ba-ba84-0328eefae031",
        "Strict-Transport-Security": "max-age=2592000",
        "traceresponse": "00-ca0f00dfede3091901f6d702fdf7499d-46c8129e32f0a201-01",
        "x-ms-error-code": "ModelNotFound"
      },
      "ResponseBody": {
        "error": {
          "code": "ModelNotFound",
          "message": "There is no Model(s) available that matches the provided id(s) dtmi:samples:DTModelTestsModel;1. Check that the Model ID provided is valid by doing a Model_List API call."
        }
      }
    },
    {
      "RequestUri": "https://Sanitized.api.wcus.digitaltwins.azure.net/models/dtmi%3Asamples%3ADTModelTestsComponent%3B1?api-version=2023-10-31",
      "RequestMethod": "DELETE",
      "RequestHeaders": {
        "Accept": "application/json",
        "Accept-Encoding": "gzip, deflate, br, zstd",
        "Authorization": "Sanitized",
        "Connection": "keep-alive",
        "Referer": "http://localhost:63315/",
        "sec-ch-ua": "\"Chromium\";v=\"136\", \"HeadlessChrome\";v=\"136\", \"Not.A/Brand\";v=\"99\"",
        "sec-ch-ua-mobile": "?0",
        "sec-ch-ua-platform": "\"Windows\"",
        "Sec-Fetch-Dest": "empty",
        "Sec-Fetch-Mode": "cors",
        "Sec-Fetch-Site": "same-site",
        "User-Agent": "Mozilla/5.0 (Windows NT 10.0; Win64; x64) AppleWebKit/537.36 (KHTML, like Gecko) HeadlessChrome/136.0.7103.25 Safari/537.36",
        "x-ms-client-request-id": "Sanitized",
        "x-ms-useragent": "azsdk-js-digital-twins-core/2.0.0 core-rest-pipeline/1.20.1 Chromium/136 OS/x86-Windows-19.0.0"
      },
      "RequestBody": null,
      "StatusCode": 404,
      "ResponseHeaders": {
        "Content-Length": "221",
        "Content-Type": "application/json; charset=utf-8",
        "Date": "Fri, 09 May 2025 04:41:28 GMT",
        "mise-correlation-id": "2ebc9836-28ae-48d0-89f7-d2b2220806d9",
        "Strict-Transport-Security": "max-age=2592000",
        "traceresponse": "00-0cca7247a78f244d668ceb7f0a9bea6e-abac749fd6fe7f17-01",
        "x-ms-error-code": "ModelNotFound"
      },
      "ResponseBody": {
        "error": {
          "code": "ModelNotFound",
          "message": "There is no Model(s) available that matches the provided id(s) dtmi:samples:DTModelTestsComponent;1. Check that the Model ID provided is valid by doing a Model_List API call."
        }
      }
    },
    {
      "RequestUri": "https://Sanitized.api.wcus.digitaltwins.azure.net/models?api-version=2023-10-31",
      "RequestMethod": "POST",
      "RequestHeaders": {
        "Accept": "application/json",
        "Accept-Encoding": "gzip, deflate, br, zstd",
        "Authorization": "Sanitized",
        "Connection": "keep-alive",
        "Content-Length": "601",
        "Content-Type": "application/json",
        "Referer": "http://localhost:63315/",
        "sec-ch-ua": "\"Chromium\";v=\"136\", \"HeadlessChrome\";v=\"136\", \"Not.A/Brand\";v=\"99\"",
        "sec-ch-ua-mobile": "?0",
        "sec-ch-ua-platform": "\"Windows\"",
        "Sec-Fetch-Dest": "empty",
        "Sec-Fetch-Mode": "cors",
        "Sec-Fetch-Site": "same-site",
        "User-Agent": "Mozilla/5.0 (Windows NT 10.0; Win64; x64) AppleWebKit/537.36 (KHTML, like Gecko) HeadlessChrome/136.0.7103.25 Safari/537.36",
        "x-ms-client-request-id": "Sanitized",
        "x-ms-useragent": "azsdk-js-digital-twins-core/2.0.0 core-rest-pipeline/1.20.1 Chromium/136 OS/x86-Windows-19.0.0"
      },
      "RequestBody": "[{\"@id\":\"dtmi:samples:DTModelTestsComponent;1\",\"@type\":\"Interface\",\"@context\":\"dtmi:dtdl:context;2\",\"displayName\":\"Component1\",\"contents\":[{\"@type\":\"Property\",\"name\":\"Sanitized\",\"schema\":\"string\"},{\"@type\":\"Telemetry\",\"name\":\"Sanitized\",\"schema\":\"integer\"}]},{\"@id\":\"dtmi:samples:DTModelTestsModel;1\",\"@type\":\"Interface\",\"@context\":\"dtmi:dtdl:context;2\",\"displayName\":\"TempModel\",\"contents\":[{\"@type\":\"Property\",\"name\":\"Sanitized\",\"schema\":\"string\"},{\"@type\":\"Component\",\"name\":\"Sanitized\",\"schema\":\"dtmi:samples:DTModelTestsComponent;1\"},{\"@type\":\"Telemetry\",\"name\":\"Sanitized\",\"schema\":\"integer\"}]}]",
      "StatusCode": 201,
      "ResponseHeaders": {
        "Content-Length": "333",
        "Content-Type": "application/json; charset=utf-8",
        "Date": "Fri, 09 May 2025 04:41:28 GMT",
        "mise-correlation-id": "51075c4b-6590-4d4c-bb42-5b1c569c1d48",
        "Strict-Transport-Security": "max-age=2592000",
        "traceresponse": "00-121c5a4dacc867392658c1af973ddc6e-2ce1861375202e2e-01"
      },
      "ResponseBody": "[{\"id\":\"dtmi:samples:DTModelTestsComponent;1\",\"description\":{},\"displayName\":{\"en\":\"Component1\"},\"decommissioned\":false,\"uploadTime\":\"2025-05-09T04:41:28.9739603+00:00\"},{\"id\":\"dtmi:samples:DTModelTestsModel;1\",\"description\":{},\"displayName\":{\"en\":\"TempModel\"},\"decommissioned\":false,\"uploadTime\":\"2025-05-09T04:41:28.973982+00:00\"}]"
    },
    {
      "RequestUri": "https://Sanitized.api.wcus.digitaltwins.azure.net/models?api-version=2023-10-31&includeModelDefinition=false",
      "RequestMethod": "GET",
      "RequestHeaders": {
        "Accept": "application/json",
        "Accept-Encoding": "gzip, deflate, br, zstd",
        "Authorization": "Sanitized",
        "Connection": "keep-alive",
        "Referer": "http://localhost:63315/",
        "sec-ch-ua": "\"Chromium\";v=\"136\", \"HeadlessChrome\";v=\"136\", \"Not.A/Brand\";v=\"99\"",
        "sec-ch-ua-mobile": "?0",
        "sec-ch-ua-platform": "\"Windows\"",
        "Sec-Fetch-Dest": "empty",
        "Sec-Fetch-Mode": "cors",
        "Sec-Fetch-Site": "same-site",
        "User-Agent": "Mozilla/5.0 (Windows NT 10.0; Win64; x64) AppleWebKit/537.36 (KHTML, like Gecko) HeadlessChrome/136.0.7103.25 Safari/537.36",
        "x-ms-client-request-id": "Sanitized",
        "x-ms-useragent": "azsdk-js-digital-twins-core/2.0.0 core-rest-pipeline/1.20.1 Chromium/136 OS/x86-Windows-19.0.0"
      },
      "RequestBody": null,
      "StatusCode": 200,
      "ResponseHeaders": {
        "Content-Length": "359",
        "Content-Type": "application/json; charset=utf-8",
        "Date": "Fri, 09 May 2025 04:41:28 GMT",
        "mise-correlation-id": "3d479152-429b-498c-ad51-4f445ca53df3",
        "Strict-Transport-Security": "max-age=2592000",
        "traceresponse": "00-5e0bd3aadfcc1cfc7f66b630dff93a36-d3145c84931f8cc0-01"
      },
      "ResponseBody": {
        "value": [
          {
            "id": "dtmi:samples:DTModelTestsComponent;1",
            "description": {},
            "displayName": {
              "en": "Component1"
            },
            "decommissioned": false,
            "uploadTime": "2025-05-09T04:41:28.9739603+00:00"
          },
          {
            "id": "dtmi:samples:DTModelTestsModel;1",
            "description": {},
            "displayName": {
              "en": "TempModel"
            },
            "decommissioned": false,
            "uploadTime": "2025-05-09T04:41:28.973982+00:00"
          }
        ],
        "nextLink": null
      }
    },
    {
      "RequestUri": "https://Sanitized.api.wcus.digitaltwins.azure.net/models/dtmi%3Asamples%3ADTModelTestsModel%3B1?api-version=2023-10-31",
      "RequestMethod": "DELETE",
      "RequestHeaders": {
        "Accept": "application/json",
        "Accept-Encoding": "gzip, deflate, br, zstd",
        "Authorization": "Sanitized",
        "Connection": "keep-alive",
        "Referer": "http://localhost:63315/",
        "sec-ch-ua": "\"Chromium\";v=\"136\", \"HeadlessChrome\";v=\"136\", \"Not.A/Brand\";v=\"99\"",
        "sec-ch-ua-mobile": "?0",
        "sec-ch-ua-platform": "\"Windows\"",
        "Sec-Fetch-Dest": "empty",
        "Sec-Fetch-Mode": "cors",
        "Sec-Fetch-Site": "same-site",
        "User-Agent": "Mozilla/5.0 (Windows NT 10.0; Win64; x64) AppleWebKit/537.36 (KHTML, like Gecko) HeadlessChrome/136.0.7103.25 Safari/537.36",
        "x-ms-client-request-id": "Sanitized",
        "x-ms-useragent": "azsdk-js-digital-twins-core/2.0.0 core-rest-pipeline/1.20.1 Chromium/136 OS/x86-Windows-19.0.0"
      },
      "RequestBody": null,
      "StatusCode": 204,
      "ResponseHeaders": {
        "Content-Length": "0",
        "Date": "Fri, 09 May 2025 04:41:28 GMT",
        "mise-correlation-id": "d8580d37-dd03-420d-888a-086f7eb6ff4c",
        "Strict-Transport-Security": "max-age=2592000",
        "traceresponse": "00-bca3178e9e9de63c89065a6e886ee725-daaf968c7a6eb3f3-01"
      },
      "ResponseBody": null
    },
    {
      "RequestUri": "https://Sanitized.api.wcus.digitaltwins.azure.net/models/dtmi%3Asamples%3ADTModelTestsComponent%3B1?api-version=2023-10-31",
      "RequestMethod": "DELETE",
      "RequestHeaders": {
        "Accept": "application/json",
        "Accept-Encoding": "gzip, deflate, br, zstd",
        "Authorization": "Sanitized",
        "Connection": "keep-alive",
        "Referer": "http://localhost:63315/",
        "sec-ch-ua": "\"Chromium\";v=\"136\", \"HeadlessChrome\";v=\"136\", \"Not.A/Brand\";v=\"99\"",
        "sec-ch-ua-mobile": "?0",
        "sec-ch-ua-platform": "\"Windows\"",
        "Sec-Fetch-Dest": "empty",
        "Sec-Fetch-Mode": "cors",
        "Sec-Fetch-Site": "same-site",
        "User-Agent": "Mozilla/5.0 (Windows NT 10.0; Win64; x64) AppleWebKit/537.36 (KHTML, like Gecko) HeadlessChrome/136.0.7103.25 Safari/537.36",
        "x-ms-client-request-id": "Sanitized",
        "x-ms-useragent": "azsdk-js-digital-twins-core/2.0.0 core-rest-pipeline/1.20.1 Chromium/136 OS/x86-Windows-19.0.0"
      },
      "RequestBody": null,
      "StatusCode": 204,
      "ResponseHeaders": {
        "Content-Length": "0",
        "Date": "Fri, 09 May 2025 04:41:28 GMT",
        "mise-correlation-id": "61218e13-bec9-452c-82e9-1c276c954644",
        "Strict-Transport-Security": "max-age=2592000",
        "traceresponse": "00-4d338385e55958cf74ecce1f41922ccb-5180400866692662-01"
      },
      "ResponseBody": null
    }
  ],
  "Variables": {}
}
