{
  "Entries": [
    {
      "RequestUri": "https://fakeendpoint.cognitiveservices.azure.com/language/:analyze-text?api-version=2023-04-01",
      "RequestMethod": "POST",
      "RequestHeaders": {
        "Accept": "application/json",
        "Accept-Encoding": "gzip, deflate",
        "Content-Length": "152",
        "Content-Type": "application/json",
        "User-Agent": "azsdk-python-ai-textanalytics/5.3.0b3 Python/3.10.0 (Windows-10-10.0.22621-SP0)"
      },
      "RequestBody": {
        "kind": "LanguageDetection",
        "analysisInput": {
          "documents": [
            {
              "id": "0",
              "text": "This is written in English.",
              "countryHint": ""
            }
          ]
        },
        "parameters": {}
      },
      "StatusCode": 200,
      "ResponseHeaders": {
        "apim-request-id": "888e808e-69f0-434d-9931-e8d1b74661ba",
        "Content-Length": "206",
        "Content-Type": "application/json; charset=utf-8",
        "csp-billing-usage": "CognitiveServices.TextAnalytics.Language.Text.LanguageDetection=1,CognitiveServices.TextAnalytics.TextRecords=1",
        "Date": "Thu, 01 Jun 2023 01:02:18 GMT",
        "Set-Cookie": ".AspNetCore.Mvc.CookieTempDataProvider=; expires=Thu, 01 Jan 1970 00:00:00 GMT; path=/; samesite=lax; httponly",
        "Strict-Transport-Security": "max-age=31536000; includeSubDomains; preload",
        "X-Content-Type-Options": "nosniff",
        "x-envoy-upstream-service-time": "7",
        "x-ms-region": "UK South"
      },
      "ResponseBody": {
        "kind": "LanguageDetectionResults",
        "results": {
          "documents": [
            {
              "id": "0",
              "detectedLanguage": {
                "name": "English",
                "iso6391Name": "en",
                "confidenceScore": 0.99
              },
              "warnings": []
            }
          ],
          "errors": [],
          "modelVersion": "2022-10-01"
        }
      }
    },
    {
      "RequestUri": "https://fakeendpoint.cognitiveservices.azure.com/language/:analyze-text?api-version=2023-04-01",
      "RequestMethod": "POST",
      "RequestHeaders": {
        "Accept": "application/json",
        "Accept-Encoding": "gzip, deflate",
        "Content-Length": "152",
        "Content-Type": "application/json",
        "User-Agent": "azsdk-python-ai-textanalytics/5.3.0b3 Python/3.10.0 (Windows-10-10.0.22621-SP0)"
      },
      "RequestBody": {
        "kind": "LanguageDetection",
        "analysisInput": {
          "documents": [
            {
              "id": "1",
              "text": "This is written in English.",
              "countryHint": ""
            }
          ]
        },
        "parameters": {}
      },
      "StatusCode": 200,
      "ResponseHeaders": {
        "apim-request-id": "d7a42d04-752f-4345-bec4-8ddf1d731cbb",
        "Content-Length": "206",
        "Content-Type": "application/json; charset=utf-8",
        "csp-billing-usage": "CognitiveServices.TextAnalytics.Language.Text.LanguageDetection=1,CognitiveServices.TextAnalytics.TextRecords=1",
        "Date": "Thu, 01 Jun 2023 01:02:18 GMT",
        "Set-Cookie": ".AspNetCore.Mvc.CookieTempDataProvider=; expires=Thu, 01 Jan 1970 00:00:00 GMT; path=/; samesite=lax; httponly",
        "Strict-Transport-Security": "max-age=31536000; includeSubDomains; preload",
        "X-Content-Type-Options": "nosniff",
        "x-envoy-upstream-service-time": "6",
        "x-ms-region": "UK South"
      },
      "ResponseBody": {
        "kind": "LanguageDetectionResults",
        "results": {
          "documents": [
            {
              "id": "1",
              "detectedLanguage": {
                "name": "English",
                "iso6391Name": "en",
                "confidenceScore": 0.99
              },
              "warnings": []
            }
          ],
          "errors": [],
          "modelVersion": "2022-10-01"
        }
      }
    },
    {
      "RequestUri": "https://fakeendpoint.cognitiveservices.azure.com/language/:analyze-text?api-version=2023-04-01",
      "RequestMethod": "POST",
      "RequestHeaders": {
        "Accept": "application/json",
        "Accept-Encoding": "gzip, deflate",
        "Content-Length": "151",
        "Content-Type": "application/json",
        "User-Agent": "azsdk-python-ai-textanalytics/5.3.0b3 Python/3.10.0 (Windows-10-10.0.22621-SP0)"
      },
      "RequestBody": {
        "kind": "LanguageDetection",
        "analysisInput": {
          "documents": [
            {
              "id": "0",
              "text": "this is written in english",
              "countryHint": ""
            }
          ]
        },
        "parameters": {}
      },
      "StatusCode": 200,
      "ResponseHeaders": {
        "apim-request-id": "5e3d0675-d68e-4e94-b8b5-efc46f1a13e3",
        "Content-Length": "206",
        "Content-Type": "application/json; charset=utf-8",
        "csp-billing-usage": "CognitiveServices.TextAnalytics.Language.Text.LanguageDetection=1,CognitiveServices.TextAnalytics.TextRecords=1",
        "Date": "Thu, 01 Jun 2023 01:02:18 GMT",
        "Set-Cookie": ".AspNetCore.Mvc.CookieTempDataProvider=; expires=Thu, 01 Jan 1970 00:00:00 GMT; path=/; samesite=lax; httponly",
        "Strict-Transport-Security": "max-age=31536000; includeSubDomains; preload",
        "X-Content-Type-Options": "nosniff",
        "x-envoy-upstream-service-time": "7",
        "x-ms-region": "UK South"
      },
      "ResponseBody": {
        "kind": "LanguageDetectionResults",
        "results": {
          "documents": [
            {
              "id": "0",
              "detectedLanguage": {
                "name": "English",
                "iso6391Name": "en",
                "confidenceScore": 0.99
              },
              "warnings": []
            }
          ],
          "errors": [],
          "modelVersion": "2022-10-01"
        }
      }
    },
    {
      "RequestUri": "https://fakeendpoint.cognitiveservices.azure.com/language/:analyze-text?api-version=2023-04-01",
      "RequestMethod": "POST",
      "RequestHeaders": {
        "Accept": "application/json",
        "Accept-Encoding": "gzip, deflate",
        "Content-Length": "151",
        "Content-Type": "application/json",
        "User-Agent": "azsdk-python-ai-textanalytics/5.3.0b3 Python/3.10.0 (Windows-10-10.0.22621-SP0)"
      },
      "RequestBody": {
        "kind": "LanguageDetection",
        "analysisInput": {
          "documents": [
            {
              "id": "0",
              "text": "this is written in english",
              "countryHint": ""
            }
          ]
        },
        "parameters": {}
      },
      "StatusCode": 200,
      "ResponseHeaders": {
        "apim-request-id": "df473c34-68ef-4d55-8af7-efb071deebe5",
        "Content-Length": "206",
        "Content-Type": "application/json; charset=utf-8",
        "csp-billing-usage": "CognitiveServices.TextAnalytics.Language.Text.LanguageDetection=1,CognitiveServices.TextAnalytics.TextRecords=1",
        "Date": "Thu, 01 Jun 2023 01:02:19 GMT",
        "Set-Cookie": ".AspNetCore.Mvc.CookieTempDataProvider=; expires=Thu, 01 Jan 1970 00:00:00 GMT; path=/; samesite=lax; httponly",
        "Strict-Transport-Security": "max-age=31536000; includeSubDomains; preload",
        "X-Content-Type-Options": "nosniff",
        "x-envoy-upstream-service-time": "7",
        "x-ms-region": "UK South"
      },
      "ResponseBody": {
        "kind": "LanguageDetectionResults",
        "results": {
          "documents": [
            {
              "id": "0",
              "detectedLanguage": {
                "name": "English",
                "iso6391Name": "en",
                "confidenceScore": 0.99
              },
              "warnings": []
            }
          ],
          "errors": [],
          "modelVersion": "2022-10-01"
        }
      }
    }
  ],
  "Variables": {}
}
