{
  "Entries": [
    {
      "RequestUri": "https://4decbbbd-2336-4f94-91a3-5772a560fabc.eastus.cnt-prod.loadtesting.azure.com/tests/createorupdatetest-loadtest?api-version=2024-12-01-preview",
      "RequestMethod": "PATCH",
      "RequestHeaders": {
        "Accept": "application/json",
        "Authorization": "Sanitized",
        "Content-Length": "256",
        "Content-Type": "application/merge-patch+json",
        "traceparent": "00-70f4f2567607275060f4199d94b0aca8-792e300341df3940-00",
        "User-Agent": "azsdk-net-Developer.LoadTesting/1.2.0-alpha.20250417.1 (.NET 9.0.4; Microsoft Windows 10.0.26100)",
        "x-ms-client-request-id": "Sanitized",
        "x-ms-return-client-request-id": "true"
      },
      "RequestBody": {
        "description": "This test was created through loadtesting C# SDK",
        "displayName": "Dotnet Testing Framework Loadtest",
        "loadTestConfig": {
          "engineInstance": 1,
          "splitAllCSVs": false
        },
        "secrets": {},
        "enviornmentVariables": {},
        "passFailCriteria": {
          "passFailMetrics": {}
        }
      },
      "StatusCode": 201,
      "ResponseHeaders": {
        "api-supported-versions": "2022-11-01, 2023-04-01-preview, 2024-03-01-preview, 2024-05-01-preview, 2024-07-01-preview, 2024-12-01-preview, 2025-03-01-preview",
        "Connection": "keep-alive",
        "Content-Length": "571",
        "Content-Type": "application/json; charset=utf-8",
        "Date": "Thu, 17 Apr 2025 16:13:36 GMT",
        "Location": "https://4decbbbd-2336-4f94-91a3-5772a560fabc.eastus.cnt-prod.loadtesting.azure.com/tests/createorupdatetest-loadtest?api-version=2024-12-01-preview",
        "mise-correlation-id": "06ae93ce-bdc7-4e33-b05e-2e8bbfe3e5c6",
        "Strict-Transport-Security": "max-age=31536000; includeSubDomains",
        "x-azure-ref": "Sanitized",
        "X-Cache": "CONFIG_NOCACHE",
        "X-Content-Type-Options": "nosniff",
        "x-ms-correlation-request-id": "c69845aa-9458-4bad-99f8-cff0bec7adba"
      },
      "ResponseBody": {
        "passFailCriteria": {
          "passFailMetrics": {},
          "passFailServerMetrics": {}
        },
        "loadTestConfiguration": {
          "splitAllCSVs": false,
          "quickStartTest": false
        },
        "inputArtifacts": {
          "additionalFileInfo": []
        },
        "kind": "URL",
        "publicIPDisabled": false,
        "metricsReferenceIdentityType": "SystemAssigned",
        "testId": "createorupdatetest-loadtest",
        "description": "This test was created through loadtesting C# SDK",
        "displayName": "Dotnet Testing Framework Loadtest",
        "createdDateTime": "2025-04-17T16:13:36.689Z",
        "createdBy": "Sanitized",
        "lastModifiedDateTime": "2025-04-17T16:13:36.689Z",
        "lastModifiedBy": "Sanitized"
      }
    },
    {
      "RequestUri": "https://4decbbbd-2336-4f94-91a3-5772a560fabc.eastus.cnt-prod.loadtesting.azure.com/test-profiles/createorupdatetest-testprofile?api-version=2024-12-01-preview",
      "RequestMethod": "DELETE",
      "RequestHeaders": {
        "Accept": "application/json",
        "Authorization": "Sanitized",
        "traceparent": "00-4b8ee24f08a557728a32d1103de7c423-030dfd455df79a96-00",
        "User-Agent": "azsdk-net-Developer.LoadTesting/1.2.0-alpha.20250417.1 (.NET 9.0.4; Microsoft Windows 10.0.26100)",
        "x-ms-client-request-id": "Sanitized",
        "x-ms-return-client-request-id": "true"
      },
      "RequestBody": null,
      "StatusCode": 204,
      "ResponseHeaders": {
        "api-supported-versions": "2024-05-01-preview, 2024-07-01-preview, 2024-12-01-preview, 2025-03-01-preview",
        "Connection": "keep-alive",
        "Date": "Thu, 17 Apr 2025 16:13:36 GMT",
        "mise-correlation-id": "20beb5cb-9206-4dfc-abd8-cc951522373b",
        "Strict-Transport-Security": "max-age=31536000; includeSubDomains",
        "x-azure-ref": "Sanitized",
        "X-Cache": "CONFIG_NOCACHE",
        "X-Content-Type-Options": "nosniff",
        "x-ms-correlation-request-id": "da24deb9-fd71-4ec3-b704-154debf90a47"
      },
      "ResponseBody": null
    },
    {
      "RequestUri": "https://4decbbbd-2336-4f94-91a3-5772a560fabc.eastus.cnt-prod.loadtesting.azure.com/tests/createorupdatetest-loadtest?api-version=2024-12-01-preview",
      "RequestMethod": "DELETE",
      "RequestHeaders": {
        "Accept": "application/json",
        "Authorization": "Sanitized",
        "traceparent": "00-4a375ae148aed60dfe0bf010fe6260a0-c91b7c83ed3b6016-00",
        "User-Agent": "azsdk-net-Developer.LoadTesting/1.2.0-alpha.20250417.1 (.NET 9.0.4; Microsoft Windows 10.0.26100)",
        "x-ms-client-request-id": "Sanitized",
        "x-ms-return-client-request-id": "true"
      },
      "RequestBody": null,
      "StatusCode": 204,
      "ResponseHeaders": {
        "api-supported-versions": "2022-11-01, 2023-04-01-preview, 2024-03-01-preview, 2024-05-01-preview, 2024-07-01-preview, 2024-12-01-preview, 2025-03-01-preview",
        "Connection": "keep-alive",
        "Date": "Thu, 17 Apr 2025 16:13:37 GMT",
        "mise-correlation-id": "d81fd3ff-9580-46e0-92b7-2cd55b8b5dfa",
        "Strict-Transport-Security": "max-age=31536000; includeSubDomains",
        "x-azure-ref": "Sanitized",
        "X-Cache": "CONFIG_NOCACHE",
        "X-Content-Type-Options": "nosniff",
        "x-ms-correlation-request-id": "1b924e8a-7ee4-4e1a-9255-5eb408314bff"
      },
      "ResponseBody": null
    }
  ],
  "Variables": {
    "LOADTESTSERVICE_ENDPOINT": "4decbbbd-2336-4f94-91a3-5772a560fabc.eastus.cnt-prod.loadtesting.azure.com",
    "RandomSeed": "2019978181"
  }
}
