{
  "Entries": [
    {
      "RequestUri": "https://fakestorageaccount.blob.core.windows.net/filesystem171437977000307596?restype=container",
      "RequestMethod": "PUT",
      "RequestHeaders": {
        "Accept": "application/xml",
        "Accept-Encoding": "gzip, deflate, br",
        "Connection": "keep-alive",
        "Content-Length": "0",
        "Origin": "http://localhost:9876",
        "Referer": "http://localhost:9876/",
        "sec-ch-ua": "\"HeadlessChrome\";v=\"123\", \"Not:A-Brand\";v=\"8\", \"Chromium\";v=\"123\"",
        "sec-ch-ua-mobile": "?0",
        "sec-ch-ua-platform": "\"Windows\"",
        "Sec-Fetch-Dest": "empty",
        "Sec-Fetch-Mode": "cors",
        "Sec-Fetch-Site": "same-site",
        "User-Agent": "Mozilla/5.0 (Windows NT 10.0; Win64; x64) AppleWebKit/537.36 (KHTML, like Gecko) HeadlessChrome/123.0.6312.122 Safari/537.36",
        "x-ms-client-request-id": "95bf54ef-d734-482e-8269-e137a781cc27",
        "x-ms-useragent": "azsdk-js-azure-storage-blob/12.23.0-beta.2 core-rest-pipeline/1.15.3 OS/Windows",
        "x-ms-version": "2023-11-03"
      },
      "RequestBody": null,
      "StatusCode": 201,
      "ResponseHeaders": {
        "Access-Control-Allow-Origin": "*",
        "Access-Control-Expose-Headers": "x-ms-request-id,x-ms-client-request-id,Server,x-ms-version,Last-Modified,ETag,Content-Length,Date,Transfer-Encoding",
        "Content-Length": "0",
        "Date": "Mon, 29 Apr 2024 08:36:09 GMT",
        "ETag": "\"0x8DC68276C05C8AB\"",
        "Last-Modified": "Mon, 29 Apr 2024 08:36:10 GMT",
        "Server": [
          "Windows-Azure-Blob/1.0",
          "Microsoft-HTTPAPI/2.0"
        ],
        "x-ms-client-request-id": "95bf54ef-d734-482e-8269-e137a781cc27",
        "x-ms-request-id": "e11946da-201e-005a-3e10-9a1356000000",
        "x-ms-version": "2023-11-03"
      },
      "ResponseBody": null
    },
    {
      "RequestUri": "https://fakestorageaccount.dfs.core.windows.net/filesystem171437977000307596/dir171437977012602463?resource=directory",
      "RequestMethod": "PUT",
      "RequestHeaders": {
        "Accept": "application/json",
        "Accept-Encoding": "gzip, deflate, br",
        "Connection": "keep-alive",
        "Content-Length": "0",
        "Origin": "http://localhost:9876",
        "Referer": "http://localhost:9876/",
        "sec-ch-ua": "\"HeadlessChrome\";v=\"123\", \"Not:A-Brand\";v=\"8\", \"Chromium\";v=\"123\"",
        "sec-ch-ua-mobile": "?0",
        "sec-ch-ua-platform": "\"Windows\"",
        "Sec-Fetch-Dest": "empty",
        "Sec-Fetch-Mode": "cors",
        "Sec-Fetch-Site": "same-site",
        "User-Agent": "Mozilla/5.0 (Windows NT 10.0; Win64; x64) AppleWebKit/537.36 (KHTML, like Gecko) HeadlessChrome/123.0.6312.122 Safari/537.36",
        "x-ms-client-request-id": "4b16f4a2-e150-4a73-b1f1-6c1440fa2c21",
        "x-ms-useragent": "azsdk-js-azure-storage-blob/12.23.0-beta.2 core-rest-pipeline/1.15.3 OS/Windows",
        "x-ms-version": "2023-11-03"
      },
      "RequestBody": null,
      "StatusCode": 201,
      "ResponseHeaders": {
        "Access-Control-Allow-Origin": "*",
        "Access-Control-Expose-Headers": "Content-Length,Date,ETag,Last-Modified,Server,x-ms-client-request-id,x-ms-request-id,x-ms-request-server-encrypted,x-ms-version",
        "Content-Length": "0",
        "Date": "Mon, 29 Apr 2024 08:36:09 GMT",
        "ETag": "\"0x8DC68276C1ADE0C\"",
        "Last-Modified": "Mon, 29 Apr 2024 08:36:10 GMT",
        "Server": [
          "Windows-Azure-HDFS/1.0",
          "Microsoft-HTTPAPI/2.0"
        ],
        "x-ms-client-request-id": "4b16f4a2-e150-4a73-b1f1-6c1440fa2c21",
        "x-ms-request-id": "7268e26d-101f-006d-4210-9ae349000000",
        "x-ms-request-server-encrypted": "true",
        "x-ms-version": "2023-11-03"
      },
      "ResponseBody": null
    },
    {
      "RequestUri": "https://fakestorageaccount.blob.core.windows.net/filesystem171437977000307596/dir171437977012602463?comp=lease",
      "RequestMethod": "PUT",
      "RequestHeaders": {
        "Accept": "application/xml",
        "Accept-Encoding": "gzip, deflate, br",
        "Connection": "keep-alive",
        "Content-Length": "0",
        "Origin": "http://localhost:9876",
        "Referer": "http://localhost:9876/",
        "sec-ch-ua": "\"HeadlessChrome\";v=\"123\", \"Not:A-Brand\";v=\"8\", \"Chromium\";v=\"123\"",
        "sec-ch-ua-mobile": "?0",
        "sec-ch-ua-platform": "\"Windows\"",
        "Sec-Fetch-Dest": "empty",
        "Sec-Fetch-Mode": "cors",
        "Sec-Fetch-Site": "same-site",
        "User-Agent": "Mozilla/5.0 (Windows NT 10.0; Win64; x64) AppleWebKit/537.36 (KHTML, like Gecko) HeadlessChrome/123.0.6312.122 Safari/537.36",
        "x-ms-client-request-id": "dba4098a-86a8-4c06-98da-5900c2f82819",
        "x-ms-lease-action": "acquire",
        "x-ms-lease-duration": "-1",
        "x-ms-proposed-lease-id": "ca761232ed4211cebacd00aa0057b223",
        "x-ms-useragent": "azsdk-js-azure-storage-blob/12.23.0-beta.2 core-rest-pipeline/1.15.3 OS/Windows",
        "x-ms-version": "2023-11-03"
      },
      "RequestBody": null,
      "StatusCode": 201,
      "ResponseHeaders": {
        "Access-Control-Allow-Origin": "*",
        "Access-Control-Expose-Headers": "x-ms-request-id,x-ms-client-request-id,Server,x-ms-version,x-ms-lease-id,Last-Modified,ETag,Content-Length,Date,Transfer-Encoding",
        "Content-Length": "0",
        "Date": "Mon, 29 Apr 2024 08:36:09 GMT",
        "ETag": "\"0x8DC68276C1ADE0C\"",
        "Last-Modified": "Mon, 29 Apr 2024 08:36:10 GMT",
        "Server": [
          "Windows-Azure-Blob/1.0",
          "Microsoft-HTTPAPI/2.0"
        ],
        "x-ms-client-request-id": "dba4098a-86a8-4c06-98da-5900c2f82819",
        "x-ms-lease-id": "ca761232-ed42-11ce-bacd-00aa0057b223",
        "x-ms-request-id": "e119471f-201e-005a-7610-9a1356000000",
        "x-ms-version": "2023-11-03"
      },
      "ResponseBody": null
    },
    {
      "RequestUri": "https://fakestorageaccount.blob.core.windows.net/filesystem171437977000307596/dir171437977012602463?",
      "RequestMethod": "HEAD",
      "RequestHeaders": {
        "Accept": "application/xml",
        "Accept-Encoding": "gzip, deflate, br",
        "Connection": "keep-alive",
        "Origin": "http://localhost:9876",
        "Referer": "http://localhost:9876/",
        "sec-ch-ua": "\"HeadlessChrome\";v=\"123\", \"Not:A-Brand\";v=\"8\", \"Chromium\";v=\"123\"",
        "sec-ch-ua-mobile": "?0",
        "sec-ch-ua-platform": "\"Windows\"",
        "Sec-Fetch-Dest": "empty",
        "Sec-Fetch-Mode": "cors",
        "Sec-Fetch-Site": "same-site",
        "User-Agent": "Mozilla/5.0 (Windows NT 10.0; Win64; x64) AppleWebKit/537.36 (KHTML, like Gecko) HeadlessChrome/123.0.6312.122 Safari/537.36",
        "x-ms-client-request-id": "d1e6d8fe-bb18-4b82-b174-ec427c30ff38",
        "x-ms-useragent": "azsdk-js-azure-storage-blob/12.23.0-beta.2 core-rest-pipeline/1.15.3 OS/Windows",
        "x-ms-version": "2023-11-03"
      },
      "RequestBody": null,
      "StatusCode": 200,
      "ResponseHeaders": {
        "Accept-Ranges": "bytes",
        "Access-Control-Allow-Origin": "*",
        "Access-Control-Expose-Headers": "x-ms-request-id,x-ms-client-request-id,Server,x-ms-version,x-ms-resource-type,x-ms-meta-hdi_isfolder,Content-Type,Last-Modified,ETag,x-ms-creation-time,x-ms-lease-status,x-ms-lease-state,x-ms-lease-duration,x-ms-blob-type,x-ms-server-encrypted,x-ms-access-tier,x-ms-access-tier-inferred,Accept-Ranges,x-ms-owner,x-ms-group,x-ms-permissions,x-ms-acl,Content-Length,Date,Transfer-Encoding",
        "Content-Length": "0",
        "Content-Type": "application/octet-stream",
        "Date": "Mon, 29 Apr 2024 08:36:09 GMT",
        "ETag": "\"0x8DC68276C1ADE0C\"",
        "Last-Modified": "Mon, 29 Apr 2024 08:36:10 GMT",
        "Server": [
          "Windows-Azure-Blob/1.0",
          "Microsoft-HTTPAPI/2.0"
        ],
        "x-ms-access-tier": "Hot",
        "x-ms-access-tier-inferred": "true",
        "x-ms-acl": "user::rwx,group::r-x,other::---",
        "x-ms-blob-type": "BlockBlob",
        "x-ms-client-request-id": "d1e6d8fe-bb18-4b82-b174-ec427c30ff38",
        "x-ms-creation-time": "Mon, 29 Apr 2024 08:36:10 GMT",
        "x-ms-group": "$superuser",
        "x-ms-lease-duration": "infinite",
        "x-ms-lease-state": "leased",
        "x-ms-lease-status": "locked",
        "x-ms-meta-hdi_isfolder": "true",
        "x-ms-owner": "$superuser",
        "x-ms-permissions": "rwxr-x---",
        "x-ms-request-id": "e1194737-201e-005a-0d10-9a1356000000",
        "x-ms-resource-type": "directory",
        "x-ms-server-encrypted": "true",
        "x-ms-version": "2023-11-03"
      },
      "ResponseBody": null
    },
    {
      "RequestUri": "https://fakestorageaccount.blob.core.windows.net/filesystem171437977000307596/dir171437977012602463?comp=lease",
      "RequestMethod": "PUT",
      "RequestHeaders": {
        "Accept": "application/xml",
        "Accept-Encoding": "gzip, deflate, br",
        "Connection": "keep-alive",
        "Content-Length": "0",
        "Origin": "http://localhost:9876",
        "Referer": "http://localhost:9876/",
        "sec-ch-ua": "\"HeadlessChrome\";v=\"123\", \"Not:A-Brand\";v=\"8\", \"Chromium\";v=\"123\"",
        "sec-ch-ua-mobile": "?0",
        "sec-ch-ua-platform": "\"Windows\"",
        "Sec-Fetch-Dest": "empty",
        "Sec-Fetch-Mode": "cors",
        "Sec-Fetch-Site": "same-site",
        "User-Agent": "Mozilla/5.0 (Windows NT 10.0; Win64; x64) AppleWebKit/537.36 (KHTML, like Gecko) HeadlessChrome/123.0.6312.122 Safari/537.36",
        "x-ms-client-request-id": "64335ed7-f34b-4249-991f-73ffc47cd3aa",
        "x-ms-lease-action": "release",
        "x-ms-lease-id": "ca761232ed4211cebacd00aa0057b223",
        "x-ms-useragent": "azsdk-js-azure-storage-blob/12.23.0-beta.2 core-rest-pipeline/1.15.3 OS/Windows",
        "x-ms-version": "2023-11-03"
      },
      "RequestBody": null,
      "StatusCode": 200,
      "ResponseHeaders": {
        "Access-Control-Allow-Origin": "*",
        "Access-Control-Expose-Headers": "x-ms-request-id,x-ms-client-request-id,Server,x-ms-version,Last-Modified,ETag,Content-Length,Date,Transfer-Encoding",
        "Content-Length": "0",
        "Date": "Mon, 29 Apr 2024 08:36:10 GMT",
        "ETag": "\"0x8DC68276C1ADE0C\"",
        "Last-Modified": "Mon, 29 Apr 2024 08:36:10 GMT",
        "Server": [
          "Windows-Azure-Blob/1.0",
          "Microsoft-HTTPAPI/2.0"
        ],
        "x-ms-client-request-id": "64335ed7-f34b-4249-991f-73ffc47cd3aa",
        "x-ms-request-id": "e1194747-201e-005a-1b10-9a1356000000",
        "x-ms-version": "2023-11-03"
      },
      "ResponseBody": null
    },
    {
      "RequestUri": "https://fakestorageaccount.blob.core.windows.net/filesystem171437977000307596?restype=container",
      "RequestMethod": "DELETE",
      "RequestHeaders": {
        "Accept": "application/xml",
        "Accept-Encoding": "gzip, deflate, br",
        "Connection": "keep-alive",
        "Origin": "http://localhost:9876",
        "Referer": "http://localhost:9876/",
        "sec-ch-ua": "\"HeadlessChrome\";v=\"123\", \"Not:A-Brand\";v=\"8\", \"Chromium\";v=\"123\"",
        "sec-ch-ua-mobile": "?0",
        "sec-ch-ua-platform": "\"Windows\"",
        "Sec-Fetch-Dest": "empty",
        "Sec-Fetch-Mode": "cors",
        "Sec-Fetch-Site": "same-site",
        "User-Agent": "Mozilla/5.0 (Windows NT 10.0; Win64; x64) AppleWebKit/537.36 (KHTML, like Gecko) HeadlessChrome/123.0.6312.122 Safari/537.36",
        "x-ms-client-request-id": "43c98cf3-234b-4b67-8cf8-79e7d5db65d6",
        "x-ms-useragent": "azsdk-js-azure-storage-blob/12.23.0-beta.2 core-rest-pipeline/1.15.3 OS/Windows",
        "x-ms-version": "2023-11-03"
      },
      "RequestBody": null,
      "StatusCode": 202,
      "ResponseHeaders": {
        "Access-Control-Allow-Origin": "*",
        "Access-Control-Expose-Headers": "x-ms-request-id,x-ms-client-request-id,Server,x-ms-version,Content-Length,Date,Transfer-Encoding",
        "Content-Length": "0",
        "Date": "Mon, 29 Apr 2024 08:36:10 GMT",
        "Server": [
          "Windows-Azure-Blob/1.0",
          "Microsoft-HTTPAPI/2.0"
        ],
        "x-ms-client-request-id": "43c98cf3-234b-4b67-8cf8-79e7d5db65d6",
        "x-ms-request-id": "e119476b-201e-005a-3910-9a1356000000",
        "x-ms-version": "2023-11-03"
      },
      "ResponseBody": null
    }
  ],
  "Variables": {
    "dir": "dir171437977012602463",
    "filesystem": "filesystem171437977000307596"
  }
}
