{
  "Entries": [
    {
      "RequestUri": "https://endpoint/formrecognizer/documentModels/prebuilt-document:analyze?api-version=2023-07-31\u0026features=formulas",
      "RequestMethod": "POST",
      "RequestHeaders": {
        "Accept": "application/json",
        "Accept-Encoding": "gzip,deflate",
        "Authorization": "Sanitized",
        "Connection": "keep-alive",
        "Content-Length": "72",
        "Content-Type": "application/json",
        "User-Agent": "azsdk-js-ai-form-recognizer/4.1.0 core-rest-pipeline/1.11.1 Node/v18.16.0 OS/(arm64-Darwin-23.0.0)",
        "x-ms-client-request-id": "2daab4b9-d06b-4ff1-a839-d6f9474a3656"
      },
      "RequestBody": {
        "urlSource": "https://storageaccount/testingdata/formula1.jpg?sastoken"
      },
      "StatusCode": 202,
      "ResponseHeaders": {
        "apim-request-id": "c8dc5486-6694-475e-9e28-95d5787b866f",
        "Content-Length": "0",
        "Date": "Tue, 01 Aug 2023 19:17:11 GMT",
        "Operation-Location": "https://endpoint/formrecognizer/documentModels/prebuilt-document/analyzeResults/c8dc5486-6694-475e-9e28-95d5787b866f?api-version=2023-07-31",
        "Strict-Transport-Security": "max-age=31536000; includeSubDomains; preload",
        "X-Content-Type-Options": "nosniff",
        "x-envoy-upstream-service-time": "304",
        "x-ms-region": "Central US"
      },
      "ResponseBody": null
    },
    {
      "RequestUri": "https://endpoint/formrecognizer/documentModels/prebuilt-document/analyzeResults/c8dc5486-6694-475e-9e28-95d5787b866f?api-version=2023-07-31",
      "RequestMethod": "GET",
      "RequestHeaders": {
        "Accept": "application/json",
        "Accept-Encoding": "gzip,deflate",
        "Authorization": "Sanitized",
        "Connection": "keep-alive",
        "User-Agent": "azsdk-js-ai-form-recognizer/4.1.0 core-rest-pipeline/1.11.1 Node/v18.16.0 OS/(arm64-Darwin-23.0.0)",
        "x-ms-client-request-id": "3a9b0ef2-5454-4c1b-9497-9ae5529f6c82"
      },
      "RequestBody": null,
      "StatusCode": 200,
      "ResponseHeaders": {
        "apim-request-id": "0a7035aa-b269-4ca5-b91d-25d9bcf32fe2",
        "Content-Length": "106",
        "Content-Type": "application/json; charset=utf-8",
        "Date": "Tue, 01 Aug 2023 19:17:11 GMT",
        "Strict-Transport-Security": "max-age=31536000; includeSubDomains; preload",
        "X-Content-Type-Options": "nosniff",
        "x-envoy-upstream-service-time": "13",
        "x-ms-region": "Central US"
      },
      "ResponseBody": {
        "status": "running",
        "createdDateTime": "2023-08-01T19:17:12Z",
        "lastUpdatedDateTime": "2023-08-01T19:17:12Z"
      }
    },
    {
      "RequestUri": "https://endpoint/formrecognizer/documentModels/prebuilt-document/analyzeResults/c8dc5486-6694-475e-9e28-95d5787b866f?api-version=2023-07-31",
      "RequestMethod": "GET",
      "RequestHeaders": {
        "Accept": "application/json",
        "Accept-Encoding": "gzip,deflate",
        "Authorization": "Sanitized",
        "Connection": "keep-alive",
        "User-Agent": "azsdk-js-ai-form-recognizer/4.1.0 core-rest-pipeline/1.11.1 Node/v18.16.0 OS/(arm64-Darwin-23.0.0)",
        "x-ms-client-request-id": "9e3d6e92-a52e-4b01-9692-e2e5eed9d9de"
      },
      "RequestBody": null,
      "StatusCode": 200,
      "ResponseHeaders": {
        "apim-request-id": "84b4dfbb-0bc0-49b3-8433-c75f279ac730",
        "Content-Length": "106",
        "Content-Type": "application/json; charset=utf-8",
        "Date": "Tue, 01 Aug 2023 19:17:12 GMT",
        "Strict-Transport-Security": "max-age=31536000; includeSubDomains; preload",
        "X-Content-Type-Options": "nosniff",
        "x-envoy-upstream-service-time": "18",
        "x-ms-region": "Central US"
      },
      "ResponseBody": {
        "status": "running",
        "createdDateTime": "2023-08-01T19:17:12Z",
        "lastUpdatedDateTime": "2023-08-01T19:17:12Z"
      }
    },
    {
      "RequestUri": "https://endpoint/formrecognizer/documentModels/prebuilt-document/analyzeResults/c8dc5486-6694-475e-9e28-95d5787b866f?api-version=2023-07-31",
      "RequestMethod": "GET",
      "RequestHeaders": {
        "Accept": "application/json",
        "Accept-Encoding": "gzip,deflate",
        "Authorization": "Sanitized",
        "Connection": "keep-alive",
        "User-Agent": "azsdk-js-ai-form-recognizer/4.1.0 core-rest-pipeline/1.11.1 Node/v18.16.0 OS/(arm64-Darwin-23.0.0)",
        "x-ms-client-request-id": "50125e79-abb6-4609-9ef8-b9d71c9c5c54"
      },
      "RequestBody": null,
      "StatusCode": 200,
      "ResponseHeaders": {
        "apim-request-id": "783c0cfb-3e15-4399-ba9c-b1adabaa2fdf",
        "Content-Length": "6438",
        "Content-Type": "application/json; charset=utf-8",
        "Date": "Tue, 01 Aug 2023 19:17:18 GMT",
        "Strict-Transport-Security": "max-age=31536000; includeSubDomains; preload",
        "X-Content-Type-Options": "nosniff",
        "x-envoy-upstream-service-time": "938",
        "x-ms-region": "Central US"
      },
      "ResponseBody": {
        "status": "succeeded",
        "createdDateTime": "2023-08-01T19:17:12Z",
        "lastUpdatedDateTime": "2023-08-01T19:17:16Z",
        "analyzeResult": {
          "apiVersion": "2023-07-31",
          "modelId": "prebuilt-document",
          "stringIndexType": "textElements",
          "content": "Solve for x.\n1\n1\n4 =\n5\n3\n3\nx \u002B\n:formula:\n:formula:",
          "pages": [
            {
              "pageNumber": 1,
              "angle": -1.1013000011444092,
              "width": 474,
              "height": 309,
              "unit": "pixel",
              "words": [
                {
                  "content": "Solve",
                  "polygon": [
                    4,
                    41,
                    115,
                    41,
                    115,
                    85,
                    3,
                    84
                  ],
                  "confidence": 0.995,
                  "span": {
                    "offset": 0,
                    "length": 5
                  }
                },
                {
                  "content": "for",
                  "polygon": [
                    127,
                    41,
                    190,
                    42,
                    190,
                    85,
                    127,
                    85
                  ],
                  "confidence": 0.993,
                  "span": {
                    "offset": 6,
                    "length": 3
                  }
                },
                {
                  "content": "x.",
                  "polygon": [
                    201,
                    42,
                    233,
                    42,
                    234,
                    85,
                    202,
                    85
                  ],
                  "confidence": 0.995,
                  "span": {
                    "offset": 10,
                    "length": 2
                  }
                },
                {
                  "content": "1",
                  "polygon": [
                    125,
                    130,
                    141,
                    130,
                    142,
                    169,
                    126,
                    169
                  ],
                  "confidence": 0.995,
                  "span": {
                    "offset": 13,
                    "length": 1
                  }
                },
                {
                  "content": "1",
                  "polygon": [
                    240,
                    129,
                    254,
                    129,
                    255,
                    170,
                    241,
                    170
                  ],
                  "confidence": 0.995,
                  "span": {
                    "offset": 15,
                    "length": 1
                  }
                },
                {
                  "content": "4",
                  "polygon": [
                    323,
                    128,
                    348,
                    128,
                    347,
                    169,
                    322,
                    168
                  ],
                  "confidence": 0.962,
                  "span": {
                    "offset": 17,
                    "length": 1
                  }
                },
                {
                  "content": "=",
                  "polygon": [
                    277,
                    174,
                    291,
                    174,
                    291,
                    198,
                    277,
                    198
                  ],
                  "confidence": 0.789,
                  "span": {
                    "offset": 19,
                    "length": 1
                  }
                },
                {
                  "content": "5",
                  "polygon": [
                    121,
                    203,
                    144,
                    203,
                    144,
                    245,
                    122,
                    245
                  ],
                  "confidence": 0.996,
                  "span": {
                    "offset": 21,
                    "length": 1
                  }
                },
                {
                  "content": "3",
                  "polygon": [
                    238,
                    203,
                    261,
                    203,
                    262,
                    246,
                    239,
                    246
                  ],
                  "confidence": 0.996,
                  "span": {
                    "offset": 23,
                    "length": 1
                  }
                },
                {
                  "content": "3",
                  "polygon": [
                    324,
                    203,
                    347,
                    202,
                    349,
                    245,
                    326,
                    246
                  ],
                  "confidence": 0.995,
                  "span": {
                    "offset": 25,
                    "length": 1
                  }
                },
                {
                  "content": "x",
                  "polygon": [
                    159,
                    172,
                    178,
                    171,
                    179,
                    203,
                    160,
                    204
                  ],
                  "confidence": 0.948,
                  "span": {
                    "offset": 27,
                    "length": 1
                  }
                },
                {
                  "content": "\u002B",
                  "polygon": [
                    199,
                    171,
                    219,
                    171,
                    220,
                    202,
                    200,
                    203
                  ],
                  "confidence": 0.993,
                  "span": {
                    "offset": 29,
                    "length": 1
                  }
                }
              ],
              "lines": [
                {
                  "content": "Solve for x.",
                  "polygon": [
                    0,
                    40,
                    233,
                    41,
                    233,
                    84,
                    0,
                    84
                  ],
                  "spans": [
                    {
                      "offset": 0,
                      "length": 12
                    }
                  ]
                },
                {
                  "content": "1",
                  "polygon": [
                    121,
                    130,
                    141,
                    130,
                    142,
                    168,
                    121,
                    169
                  ],
                  "spans": [
                    {
                      "offset": 13,
                      "length": 1
                    }
                  ]
                },
                {
                  "content": "1",
                  "polygon": [
                    239,
                    129,
                    257,
                    129,
                    258,
                    170,
                    239,
                    171
                  ],
                  "spans": [
                    {
                      "offset": 15,
                      "length": 1
                    }
                  ]
                },
                {
                  "content": "4",
                  "polygon": [
                    322,
                    128,
                    351,
                    129,
                    351,
                    169,
                    321,
                    169
                  ],
                  "spans": [
                    {
                      "offset": 17,
                      "length": 1
                    }
                  ]
                },
                {
                  "content": "=",
                  "polygon": [
                    277,
                    174,
                    309,
                    174,
                    309,
                    198,
                    277,
                    198
                  ],
                  "spans": [
                    {
                      "offset": 19,
                      "length": 1
                    }
                  ]
                },
                {
                  "content": "5",
                  "polygon": [
                    118,
                    203,
                    145,
                    203,
                    146,
                    244,
                    117,
                    245
                  ],
                  "spans": [
                    {
                      "offset": 21,
                      "length": 1
                    }
                  ]
                },
                {
                  "content": "3",
                  "polygon": [
                    238,
                    203,
                    262,
                    203,
                    263,
                    245,
                    237,
                    246
                  ],
                  "spans": [
                    {
                      "offset": 23,
                      "length": 1
                    }
                  ]
                },
                {
                  "content": "3",
                  "polygon": [
                    322,
                    203,
                    349,
                    202,
                    350,
                    245,
                    321,
                    246
                  ],
                  "spans": [
                    {
                      "offset": 25,
                      "length": 1
                    }
                  ]
                },
                {
                  "content": "x \u002B",
                  "polygon": [
                    154,
                    173,
                    223,
                    171,
                    224,
                    202,
                    154,
                    204
                  ],
                  "spans": [
                    {
                      "offset": 27,
                      "length": 3
                    }
                  ]
                }
              ],
              "formulas": [
                {
                  "kind": "inline",
                  "value": "x",
                  "polygon": [
                    194,
                    52,
                    220,
                    52,
                    220,
                    80,
                    194,
                    80
                  ],
                  "span": {
                    "offset": 31,
                    "length": 9
                  },
                  "confidence": 0.82
                },
                {
                  "kind": "display",
                  "value": "\\frac { 1 } { 5 } x \u002B \\frac { 1 } { 3 } = \\frac { 4 } { 3 }",
                  "polygon": [
                    99,
                    125,
                    361,
                    119,
                    364,
                    249,
                    102,
                    255
                  ],
                  "span": {
                    "offset": 41,
                    "length": 9
                  },
                  "confidence": 0.957
                }
              ],
              "spans": [
                {
                  "offset": 0,
                  "length": 50
                }
              ]
            }
          ],
          "tables": [
            {
              "rowCount": 2,
              "columnCount": 6,
              "cells": [
                {
                  "rowIndex": 0,
                  "columnIndex": 0,
                  "content": "1",
                  "boundingRegions": [
                    {
                      "pageNumber": 1,
                      "polygon": [
                        81,
                        112,
                        147,
                        114,
                        147,
                        184,
                        82,
                        182
                      ]
                    }
                  ],
                  "spans": [
                    {
                      "offset": 13,
                      "length": 1
                    }
                  ]
                },
                {
                  "rowIndex": 0,
                  "columnIndex": 1,
                  "content": "",
                  "boundingRegions": [
                    {
                      "pageNumber": 1,
                      "polygon": [
                        147,
                        114,
                        190,
                        115,
                        190,
                        185,
                        147,
                        184
                      ]
                    }
                  ],
                  "spans": []
                },
                {
                  "rowIndex": 0,
                  "columnIndex": 2,
                  "content": "",
                  "boundingRegions": [
                    {
                      "pageNumber": 1,
                      "polygon": [
                        190,
                        115,
                        231,
                        116,
                        231,
                        186,
                        190,
                        185
                      ]
                    }
                  ],
                  "spans": []
                },
                {
                  "rowIndex": 0,
                  "columnIndex": 3,
                  "content": "1",
                  "boundingRegions": [
                    {
                      "pageNumber": 1,
                      "polygon": [
                        231,
                        116,
                        269,
                        117,
                        269,
                        187,
                        231,
                        186
                      ]
                    }
                  ],
                  "spans": [
                    {
                      "offset": 15,
                      "length": 1
                    }
                  ]
                },
                {
                  "rowIndex": 0,
                  "columnIndex": 4,
                  "columnSpan": 2,
                  "content": "4 =",
                  "boundingRegions": [
                    {
                      "pageNumber": 1,
                      "polygon": [
                        269,
                        117,
                        360,
                        118,
                        360,
                        186,
                        269,
                        187
                      ]
                    }
                  ],
                  "spans": [
                    {
                      "offset": 17,
                      "length": 3
                    }
                  ]
                },
                {
                  "rowIndex": 1,
                  "columnIndex": 0,
                  "content": "5",
                  "boundingRegions": [
                    {
                      "pageNumber": 1,
                      "polygon": [
                        82,
                        182,
                        147,
                        184,
                        147,
                        258,
                        83,
                        256
                      ]
                    }
                  ],
                  "spans": [
                    {
                      "offset": 21,
                      "length": 1
                    }
                  ]
                },
                {
                  "rowIndex": 1,
                  "columnIndex": 1,
                  "content": "x",
                  "boundingRegions": [
                    {
                      "pageNumber": 1,
                      "polygon": [
                        147,
                        184,
                        190,
                        185,
                        190,
                        259,
                        147,
                        258
                      ]
                    }
                  ],
                  "spans": [
                    {
                      "offset": 27,
                      "length": 1
                    }
                  ]
                },
                {
                  "rowIndex": 1,
                  "columnIndex": 2,
                  "content": "\u002B",
                  "boundingRegions": [
                    {
                      "pageNumber": 1,
                      "polygon": [
                        190,
                        185,
                        231,
                        186,
                        231,
                        259,
                        190,
                        259
                      ]
                    }
                  ],
                  "spans": [
                    {
                      "offset": 29,
                      "length": 1
                    }
                  ]
                },
                {
                  "rowIndex": 1,
                  "columnIndex": 3,
                  "content": "3",
                  "boundingRegions": [
                    {
                      "pageNumber": 1,
                      "polygon": [
                        231,
                        186,
                        269,
                        187,
                        269,
                        259,
                        231,
                        259
                      ]
                    }
                  ],
                  "spans": [
                    {
                      "offset": 23,
                      "length": 1
                    }
                  ]
                },
                {
                  "rowIndex": 1,
                  "columnIndex": 4,
                  "content": "",
                  "boundingRegions": [
                    {
                      "pageNumber": 1,
                      "polygon": [
                        269,
                        187,
                        295,
                        187,
                        294,
                        259,
                        269,
                        259
                      ]
                    }
                  ],
                  "spans": []
                },
                {
                  "rowIndex": 1,
                  "columnIndex": 5,
                  "content": "3",
                  "boundingRegions": [
                    {
                      "pageNumber": 1,
                      "polygon": [
                        295,
                        187,
                        360,
                        186,
                        360,
                        257,
                        294,
                        259
                      ]
                    }
                  ],
                  "spans": [
                    {
                      "offset": 25,
                      "length": 1
                    }
                  ]
                }
              ],
              "boundingRegions": [
                {
                  "pageNumber": 1,
                  "polygon": [
                    117,
                    127,
                    356,
                    127,
                    356,
                    250,
                    117,
                    250
                  ]
                }
              ],
              "spans": [
                {
                  "offset": 13,
                  "length": 9
                },
                {
                  "offset": 27,
                  "length": 3
                },
                {
                  "offset": 23,
                  "length": 3
                }
              ]
            }
          ],
          "paragraphs": [
            {
              "spans": [
                {
                  "offset": 0,
                  "length": 12
                }
              ],
              "boundingRegions": [
                {
                  "pageNumber": 1,
                  "polygon": [
                    0,
                    40,
                    233,
                    40,
                    233,
                    84,
                    0,
                    84
                  ]
                }
              ],
              "role": "title",
              "content": "Solve for x."
            },
            {
              "spans": [
                {
                  "offset": 13,
                  "length": 1
                }
              ],
              "boundingRegions": [
                {
                  "pageNumber": 1,
                  "polygon": [
                    81,
                    112,
                    147,
                    114,
                    147,
                    184,
                    82,
                    182
                  ]
                }
              ],
              "content": "1"
            },
            {
              "spans": [
                {
                  "offset": 15,
                  "length": 1
                }
              ],
              "boundingRegions": [
                {
                  "pageNumber": 1,
                  "polygon": [
                    231,
                    116,
                    269,
                    117,
                    269,
                    187,
                    231,
                    186
                  ]
                }
              ],
              "content": "1"
            },
            {
              "spans": [
                {
                  "offset": 17,
                  "length": 3
                }
              ],
              "boundingRegions": [
                {
                  "pageNumber": 1,
                  "polygon": [
                    269,
                    117,
                    360,
                    118,
                    360,
                    186,
                    269,
                    187
                  ]
                }
              ],
              "content": "4 ="
            },
            {
              "spans": [
                {
                  "offset": 21,
                  "length": 1
                }
              ],
              "boundingRegions": [
                {
                  "pageNumber": 1,
                  "polygon": [
                    82,
                    182,
                    147,
                    184,
                    147,
                    258,
                    83,
                    256
                  ]
                }
              ],
              "content": "5"
            },
            {
              "spans": [
                {
                  "offset": 27,
                  "length": 1
                }
              ],
              "boundingRegions": [
                {
                  "pageNumber": 1,
                  "polygon": [
                    147,
                    184,
                    190,
                    185,
                    190,
                    259,
                    147,
                    258
                  ]
                }
              ],
              "content": "x"
            },
            {
              "spans": [
                {
                  "offset": 29,
                  "length": 1
                }
              ],
              "boundingRegions": [
                {
                  "pageNumber": 1,
                  "polygon": [
                    190,
                    185,
                    231,
                    186,
                    231,
                    259,
                    190,
                    259
                  ]
                }
              ],
              "content": "\u002B"
            },
            {
              "spans": [
                {
                  "offset": 23,
                  "length": 1
                }
              ],
              "boundingRegions": [
                {
                  "pageNumber": 1,
                  "polygon": [
                    231,
                    186,
                    269,
                    187,
                    269,
                    259,
                    231,
                    259
                  ]
                }
              ],
              "content": "3"
            },
            {
              "spans": [
                {
                  "offset": 25,
                  "length": 1
                }
              ],
              "boundingRegions": [
                {
                  "pageNumber": 1,
                  "polygon": [
                    295,
                    187,
                    360,
                    186,
                    360,
                    257,
                    294,
                    259
                  ]
                }
              ],
              "content": "3"
            },
            {
              "spans": [
                {
                  "offset": 27,
                  "length": 3
                }
              ],
              "boundingRegions": [
                {
                  "pageNumber": 1,
                  "polygon": [
                    153,
                    173,
                    223,
                    171,
                    224,
                    202,
                    154,
                    204
                  ]
                }
              ],
              "content": "x \u002B"
            },
            {
              "spans": [
                {
                  "offset": 41,
                  "length": 9
                }
              ],
              "boundingRegions": [
                {
                  "pageNumber": 1,
                  "polygon": [
                    99,
                    125,
                    361,
                    119,
                    364,
                    249,
                    102,
                    255
                  ]
                }
              ],
              "role": "formulaBlock",
              "content": ":formula:"
            }
          ],
          "keyValuePairs": [],
          "entities": [],
          "styles": [],
          "documents": []
        }
      }
    }
  ],
  "Variables": {}
}
