{
  "Entries": [
    {
      "RequestUri": "https://Sanitized.api.wcus.digitaltwins.azure.net/models/dtmi%3Asamples%3ADTModelTestsModel%3B1?api-version=2023-10-31",
      "RequestMethod": "DELETE",
      "RequestHeaders": {
        "Accept": "application/json",
        "Accept-Encoding": "gzip,deflate",
        "Authorization": "Sanitized",
        "Connection": "keep-alive",
        "User-Agent": "azsdk-js-digital-twins-core/2.0.1 core-rest-pipeline/1.20.1 Node/18.20.7 OS/(x64-Windows_NT-10.0.26100)",
        "x-ms-client-request-id": "Sanitized"
      },
      "RequestBody": null,
      "StatusCode": 404,
      "ResponseHeaders": {
        "Content-Length": "217",
        "Content-Type": "application/json; charset=utf-8",
        "Date": "Mon, 19 May 2025 15:31:48 GMT",
        "mise-correlation-id": "fc228e24-d145-422e-9e1d-586323eae2eb",
        "Strict-Transport-Security": "max-age=2592000",
        "traceresponse": "00-075c6467c93cc3183ebcc00bc27132e8-e2a8318ab0b3983b-01",
        "x-ms-error-code": "ModelNotFound"
      },
      "ResponseBody": {
        "error": {
          "code": "ModelNotFound",
          "message": "There is no Model(s) available that matches the provided id(s) dtmi:samples:DTModelTestsModel;1. Check that the Model ID provided is valid by doing a Model_List API call."
        }
      }
    },
    {
      "RequestUri": "https://Sanitized.api.wcus.digitaltwins.azure.net/models/dtmi%3Asamples%3ADTModelTestsComponent%3B1?api-version=2023-10-31",
      "RequestMethod": "DELETE",
      "RequestHeaders": {
        "Accept": "application/json",
        "Accept-Encoding": "gzip,deflate",
        "Authorization": "Sanitized",
        "Connection": "keep-alive",
        "User-Agent": "azsdk-js-digital-twins-core/2.0.1 core-rest-pipeline/1.20.1 Node/18.20.7 OS/(x64-Windows_NT-10.0.26100)",
        "x-ms-client-request-id": "Sanitized"
      },
      "RequestBody": null,
      "StatusCode": 404,
      "ResponseHeaders": {
        "Content-Length": "221",
        "Content-Type": "application/json; charset=utf-8",
        "Date": "Mon, 19 May 2025 15:31:49 GMT",
        "mise-correlation-id": "a3c83dae-486a-460b-af00-1fba41d93094",
        "Strict-Transport-Security": "max-age=2592000",
        "traceresponse": "00-5ffed45e13189e70a0df378305a49460-70326f4415276e1f-01",
        "x-ms-error-code": "ModelNotFound"
      },
      "ResponseBody": {
        "error": {
          "code": "ModelNotFound",
          "message": "There is no Model(s) available that matches the provided id(s) dtmi:samples:DTModelTestsComponent;1. Check that the Model ID provided is valid by doing a Model_List API call."
        }
      }
    },
    {
      "RequestUri": "https://Sanitized.api.wcus.digitaltwins.azure.net/models?api-version=2023-10-31",
      "RequestMethod": "POST",
      "RequestHeaders": {
        "Accept": "application/json",
        "Accept-Encoding": "gzip,deflate",
        "Authorization": "Sanitized",
        "Connection": "keep-alive",
        "Content-Length": "601",
        "Content-Type": "application/json",
        "User-Agent": "azsdk-js-digital-twins-core/2.0.1 core-rest-pipeline/1.20.1 Node/18.20.7 OS/(x64-Windows_NT-10.0.26100)",
        "x-ms-client-request-id": "Sanitized"
      },
      "RequestBody": "[{\"@id\":\"dtmi:samples:DTModelTestsComponent;1\",\"@type\":\"Interface\",\"@context\":\"dtmi:dtdl:context;2\",\"displayName\":\"Component1\",\"contents\":[{\"@type\":\"Property\",\"name\":\"Sanitized\",\"schema\":\"string\"},{\"@type\":\"Telemetry\",\"name\":\"Sanitized\",\"schema\":\"integer\"}]},{\"@id\":\"dtmi:samples:DTModelTestsModel;1\",\"@type\":\"Interface\",\"@context\":\"dtmi:dtdl:context;2\",\"displayName\":\"TempModel\",\"contents\":[{\"@type\":\"Property\",\"name\":\"Sanitized\",\"schema\":\"string\"},{\"@type\":\"Component\",\"name\":\"Sanitized\",\"schema\":\"dtmi:samples:DTModelTestsComponent;1\"},{\"@type\":\"Telemetry\",\"name\":\"Sanitized\",\"schema\":\"integer\"}]}]",
      "StatusCode": 201,
      "ResponseHeaders": {
        "Content-Length": "334",
        "Content-Type": "application/json; charset=utf-8",
        "Date": "Mon, 19 May 2025 15:31:49 GMT",
        "mise-correlation-id": "157a4bd3-f048-4393-945c-25727e7d7401",
        "Strict-Transport-Security": "max-age=2592000",
        "traceresponse": "00-3ee920e281c73160758ed631710c5922-879606756c76d696-01"
      },
      "ResponseBody": "[{\"id\":\"dtmi:samples:DTModelTestsComponent;1\",\"description\":{},\"displayName\":{\"en\":\"Component1\"},\"decommissioned\":false,\"uploadTime\":\"2025-05-19T15:31:49.7986536+00:00\"},{\"id\":\"dtmi:samples:DTModelTestsModel;1\",\"description\":{},\"displayName\":{\"en\":\"TempModel\"},\"decommissioned\":false,\"uploadTime\":\"2025-05-19T15:31:49.7986742+00:00\"}]"
    },
    {
      "RequestUri": "https://Sanitized.api.wcus.digitaltwins.azure.net/models?api-version=2023-10-31&includeModelDefinition=false",
      "RequestMethod": "GET",
      "RequestHeaders": {
        "Accept": "application/json",
        "Accept-Encoding": "gzip,deflate",
        "Authorization": "Sanitized",
        "Connection": "keep-alive",
        "User-Agent": "azsdk-js-digital-twins-core/2.0.1 core-rest-pipeline/1.20.1 Node/18.20.7 OS/(x64-Windows_NT-10.0.26100)",
        "x-ms-client-request-id": "Sanitized"
      },
      "RequestBody": null,
      "StatusCode": 200,
      "ResponseHeaders": {
        "Content-Length": "868",
        "Content-Type": "application/json; charset=utf-8",
        "Date": "Mon, 19 May 2025 15:31:49 GMT",
        "mise-correlation-id": "f42e3742-5cbb-4787-99d5-4fcc8e94da8a",
        "Strict-Transport-Security": "max-age=2592000",
        "traceresponse": "00-601ae2197ddfc4ad97412a292e0533b1-2cb35aa965fb76b3-01"
      },
      "ResponseBody": {
        "value": [
          {
            "id": "dtmi:samples:DTRelationshipsTestsBuilding;1",
            "description": {},
            "displayName": {
              "en": "Building"
            },
            "decommissioned": false,
            "uploadTime": "2025-05-19T15:31:49.4269379+00:00"
          },
          {
            "id": "dtmi:samples:DTRelationshipsTestsFloor;1",
            "description": {},
            "displayName": {
              "en": "Floor"
            },
            "decommissioned": false,
            "uploadTime": "2025-05-19T15:31:49.4269675+00:00"
          },
          {
            "id": "dtmi:samples:DTRelationshipsTestsRoom;1",
            "description": {},
            "displayName": {
              "en": "Room"
            },
            "decommissioned": false,
            "uploadTime": "2025-05-19T15:31:49.4269832+00:00"
          },
          {
            "id": "dtmi:samples:DTModelTestsComponent;1",
            "description": {},
            "displayName": {
              "en": "Component1"
            },
            "decommissioned": false,
            "uploadTime": "2025-05-19T15:31:49.7986536+00:00"
          },
          {
            "id": "dtmi:samples:DTModelTestsModel;1",
            "description": {},
            "displayName": {
              "en": "TempModel"
            },
            "decommissioned": false,
            "uploadTime": "2025-05-19T15:31:49.7986742+00:00"
          }
        ],
        "nextLink": null
      }
    },
    {
      "RequestUri": "https://Sanitized.api.wcus.digitaltwins.azure.net/models/dtmi%3Asamples%3ADTModelTestsModel%3B1?api-version=2023-10-31",
      "RequestMethod": "DELETE",
      "RequestHeaders": {
        "Accept": "application/json",
        "Accept-Encoding": "gzip,deflate",
        "Authorization": "Sanitized",
        "Connection": "keep-alive",
        "User-Agent": "azsdk-js-digital-twins-core/2.0.1 core-rest-pipeline/1.20.1 Node/18.20.7 OS/(x64-Windows_NT-10.0.26100)",
        "x-ms-client-request-id": "Sanitized"
      },
      "RequestBody": null,
      "StatusCode": 204,
      "ResponseHeaders": {
        "Content-Length": "0",
        "Date": "Mon, 19 May 2025 15:31:49 GMT",
        "mise-correlation-id": "0b80e5b0-ebb2-4975-9c6b-0e03f8048f3f",
        "Strict-Transport-Security": "max-age=2592000",
        "traceresponse": "00-4157e5088ec657a6ea405b4034d1d82a-185c7ea80d4b1794-01"
      },
      "ResponseBody": null
    },
    {
      "RequestUri": "https://Sanitized.api.wcus.digitaltwins.azure.net/models/dtmi%3Asamples%3ADTModelTestsComponent%3B1?api-version=2023-10-31",
      "RequestMethod": "DELETE",
      "RequestHeaders": {
        "Accept": "application/json",
        "Accept-Encoding": "gzip,deflate",
        "Authorization": "Sanitized",
        "Connection": "keep-alive",
        "User-Agent": "azsdk-js-digital-twins-core/2.0.1 core-rest-pipeline/1.20.1 Node/18.20.7 OS/(x64-Windows_NT-10.0.26100)",
        "x-ms-client-request-id": "Sanitized"
      },
      "RequestBody": null,
      "StatusCode": 204,
      "ResponseHeaders": {
        "Content-Length": "0",
        "Date": "Mon, 19 May 2025 15:31:49 GMT",
        "mise-correlation-id": "28e819e1-99d0-433d-8368-0b55d1a6a0d0",
        "Strict-Transport-Security": "max-age=2592000",
        "traceresponse": "00-aa13b44f0f89e6161fc94dcee96064d6-07fea6cb9b125ca7-01"
      },
      "ResponseBody": null
    }
  ],
  "Variables": {}
}
