{
  "Entries": [
    {
      "RequestUri": "https://Sanitized.api.eus2.digitaltwins.azure.net/models/dtmi%3Asamples%3ADTModelTestsModel%3B1?api-version=2023-10-31",
      "RequestMethod": "DELETE",
      "RequestHeaders": {
        "Accept": "application/json",
        "Accept-Encoding": "gzip,deflate",
        "Authorization": "Sanitized",
        "Connection": "keep-alive",
        "User-Agent": "azsdk-js-digital-twins-core/2.0.0 core-rest-pipeline/1.20.0 Node/18.20.7 OS/(x64-Windows_NT-10.0.26100)",
        "x-ms-client-request-id": "Sanitized"
      },
      "RequestBody": null,
      "StatusCode": 404,
      "ResponseHeaders": {
        "Content-Length": "217",
        "Content-Type": "application/json; charset=utf-8",
        "Date": "Wed, 07 May 2025 05:53:51 GMT",
        "mise-correlation-id": "7185f252-840a-4d1a-a819-449520b00d5c",
        "Strict-Transport-Security": "max-age=2592000",
        "traceresponse": "00-739c60d2e13dc9def588832dc754b78d-2e232509551c7f1e-01",
        "x-ms-error-code": "ModelNotFound"
      },
      "ResponseBody": {
        "error": {
          "code": "ModelNotFound",
          "message": "There is no Model(s) available that matches the provided id(s) dtmi:samples:DTModelTestsModel;1. Check that the Model ID provided is valid by doing a Model_List API call."
        }
      }
    },
    {
      "RequestUri": "https://Sanitized.api.eus2.digitaltwins.azure.net/models/dtmi%3Asamples%3ADTModelTestsComponent%3B1?api-version=2023-10-31",
      "RequestMethod": "DELETE",
      "RequestHeaders": {
        "Accept": "application/json",
        "Accept-Encoding": "gzip,deflate",
        "Authorization": "Sanitized",
        "Connection": "keep-alive",
        "User-Agent": "azsdk-js-digital-twins-core/2.0.0 core-rest-pipeline/1.20.0 Node/18.20.7 OS/(x64-Windows_NT-10.0.26100)",
        "x-ms-client-request-id": "Sanitized"
      },
      "RequestBody": null,
      "StatusCode": 404,
      "ResponseHeaders": {
        "Content-Length": "221",
        "Content-Type": "application/json; charset=utf-8",
        "Date": "Wed, 07 May 2025 05:53:52 GMT",
        "mise-correlation-id": "1ef8c4a9-e208-4b33-920a-96c9a9996a11",
        "Strict-Transport-Security": "max-age=2592000",
        "traceresponse": "00-0edb6416b0c41a46d871e3f859f5d308-cd53d8546232c910-01",
        "x-ms-error-code": "ModelNotFound"
      },
      "ResponseBody": {
        "error": {
          "code": "ModelNotFound",
          "message": "There is no Model(s) available that matches the provided id(s) dtmi:samples:DTModelTestsComponent;1. Check that the Model ID provided is valid by doing a Model_List API call."
        }
      }
    },
    {
      "RequestUri": "https://Sanitized.api.eus2.digitaltwins.azure.net/models?api-version=2023-10-31",
      "RequestMethod": "POST",
      "RequestHeaders": {
        "Accept": "application/json",
        "Accept-Encoding": "gzip,deflate",
        "Authorization": "Sanitized",
        "Connection": "keep-alive",
        "Content-Length": "2",
        "Content-Type": "application/json",
        "User-Agent": "azsdk-js-digital-twins-core/2.0.0 core-rest-pipeline/1.20.0 Node/18.20.7 OS/(x64-Windows_NT-10.0.26100)",
        "x-ms-client-request-id": "Sanitized"
      },
      "RequestBody": "[]",
      "StatusCode": 400,
      "ResponseHeaders": {
        "Content-Length": "267",
        "Content-Type": "application/json; charset=utf-8",
        "Date": "Wed, 07 May 2025 05:53:51 GMT",
        "mise-correlation-id": "835bd1d2-69ed-4413-a2e0-46c994a0eaae",
        "Strict-Transport-Security": "max-age=2592000",
        "traceresponse": "00-8be0d091d9153e31ccd7b88d07ae47b4-8915c025c002b67e-01",
        "x-ms-error-code": "InvalidArgument"
      },
      "ResponseBody": {
        "error": {
          "code": "InvalidArgument",
          "message": "Operation failed as models provided was empty or of a type that is not supported.. Check that your Model Array contains at least one item and it is of a supported type. See link(https://aka.ms/ADTv2Models) for details."
        }
      }
    }
  ],
  "Variables": {}
}
