{
  "Entries": [
    {
      "RequestUri": "https://REDACTED/481981260downloadwithretryrange5ce92342931caacd54d7?restype=container",
      "RequestMethod": "PUT",
      "RequestHeaders": {
        "Accept": "application/xml",
        "Authorization": "Sanitized",
        "Content-Length": "0",
        "Date": "Wed, 20 Nov 2024 20:30:31 GMT",
        "User-Agent": "azsdk-java-azure-storage-blob/12.30.0-beta.1 (17.0.10; Windows 11; 10.0)",
        "x-ms-client-request-id": "Sanitized",
        "x-ms-version": "2025-01-05"
      },
      "RequestBody": null,
      "StatusCode": 201,
      "ResponseHeaders": {
        "Content-Length": "0",
        "Date": "Wed, 20 Nov 2024 20:30:31 GMT",
        "ETag": "\"0x8DD09A22E13E7FA\"",
        "Last-Modified": "Wed, 20 Nov 2024 20:30:31 GMT",
        "Server": [
          "Windows-Azure-Blob/1.0",
          "Microsoft-HTTPAPI/2.0"
        ],
        "x-ms-client-request-id": "Sanitized",
        "x-ms-request-id": "Sanitized",
        "x-ms-version": "2025-01-05"
      },
      "ResponseBody": null
    },
    {
      "RequestUri": "https://REDACTED/481981260downloadwithretryrange5ce92342931caacd54d7/481981261downloadwithretryrange5ce54012b097df12506d",
      "RequestMethod": "PUT",
      "RequestHeaders": {
        "Accept": "application/xml",
        "Authorization": "Sanitized",
        "Content-Length": "35",
        "Content-Type": "application/octet-stream",
        "Date": "Wed, 20 Nov 2024 20:30:32 GMT",
        "If-None-Match": "*",
        "User-Agent": "azstorage-clientsideencryption/2.1 azsdk-java-azure-storage-blob/12.30.0-beta.1 azsdk-java-azure-storage-blob-cryptography/12.29.0-beta.1 (17.0.10; Windows 11; 10.0)",
        "x-ms-blob-type": "BlockBlob",
        "x-ms-client-request-id": "Sanitized",
        "x-ms-meta-encryptiondata": "{\"EncryptionMode\":\"FullBlob\",\"WrappedContentKey\":{\"KeyId\":\"keyId\",\"EncryptedKey\":\"Qk9Cc3dvcmToXYOqiOawaXdJcetT2hotKgfpoMIb6flMg+TzcXJXYA==\",\"Algorithm\":\"RSA-OAEP-256\"},\"EncryptionAgent\":{\"Protocol\":\"2.1\",\"EncryptionAlgorithm\":\"AES_GCM_256\"},\"EncryptedRegionInfo\":{\"DataLength\":4194304,\"NonceLength\":12},\"KeyWrappingMetadata\":{\"EncryptionLibrary\":\"JavaTrack212.30.0-beta.1\"}}",
        "x-ms-version": "2025-01-05"
      },
      "RequestBody": "AAAAAAAAAAAAAAAADAFJxg1VXQ2Eg7/wRFErNSJj94HmSMI=",
      "StatusCode": 201,
      "ResponseHeaders": {
        "Content-Length": "0",
        "Content-MD5": "vt8kphWpbtBlFStIzYk8XQ==",
        "Date": "Wed, 20 Nov 2024 20:30:32 GMT",
        "ETag": "\"0x8DD09A22E903A68\"",
        "Last-Modified": "Wed, 20 Nov 2024 20:30:32 GMT",
        "Server": [
          "Windows-Azure-Blob/1.0",
          "Microsoft-HTTPAPI/2.0"
        ],
        "x-ms-client-request-id": "Sanitized",
        "x-ms-content-crc64": "6cnUDl9f50Y=",
        "x-ms-request-id": "Sanitized",
        "x-ms-request-server-encrypted": "true",
        "x-ms-version": "2025-01-05"
      },
      "ResponseBody": null
    },
    {
      "RequestUri": "https://REDACTED/481981260downloadwithretryrange5ce92342931caacd54d7/481981261downloadwithretryrange5ce54012b097df12506d",
      "RequestMethod": "HEAD",
      "RequestHeaders": {
        "Accept": "application/xml",
        "Authorization": "Sanitized",
        "Content-Length": "0",
        "Date": "Wed, 20 Nov 2024 20:30:33 GMT",
        "User-Agent": "azstorage-clientsideencryption/2.1 azsdk-java-azure-storage-blob/12.30.0-beta.1 azsdk-java-azure-storage-blob-cryptography/12.29.0-beta.1 (17.0.10; Windows 11; 10.0)",
        "x-ms-client-request-id": "Sanitized",
        "x-ms-version": "2025-01-05"
      },
      "RequestBody": null,
      "StatusCode": 200,
      "ResponseHeaders": {
        "Accept-Ranges": "bytes",
        "Content-Length": "35",
        "Content-MD5": "vt8kphWpbtBlFStIzYk8XQ==",
        "Content-Type": "application/octet-stream",
        "Date": "Wed, 20 Nov 2024 20:30:33 GMT",
        "ETag": "\"0x8DD09A22E903A68\"",
        "Last-Modified": "Wed, 20 Nov 2024 20:30:32 GMT",
        "Server": [
          "Windows-Azure-Blob/1.0",
          "Microsoft-HTTPAPI/2.0"
        ],
        "x-ms-access-tier": "Hot",
        "x-ms-access-tier-inferred": "true",
        "x-ms-blob-type": "BlockBlob",
        "x-ms-client-request-id": "Sanitized",
        "x-ms-creation-time": "Wed, 20 Nov 2024 20:30:32 GMT",
        "x-ms-lease-state": "available",
        "x-ms-lease-status": "unlocked",
        "x-ms-meta-encryptiondata": "{\"EncryptionMode\":\"FullBlob\",\"WrappedContentKey\":{\"KeyId\":\"keyId\",\"EncryptedKey\":\"Qk9Cc3dvcmToXYOqiOawaXdJcetT2hotKgfpoMIb6flMg+TzcXJXYA==\",\"Algorithm\":\"RSA-OAEP-256\"},\"EncryptionAgent\":{\"Protocol\":\"2.1\",\"EncryptionAlgorithm\":\"AES_GCM_256\"},\"EncryptedRegionInfo\":{\"DataLength\":4194304,\"NonceLength\":12},\"KeyWrappingMetadata\":{\"EncryptionLibrary\":\"JavaTrack212.30.0-beta.1\"}}",
        "x-ms-request-id": "Sanitized",
        "x-ms-server-encrypted": "true",
        "x-ms-version": "2025-01-05"
      },
      "ResponseBody": null
    },
    {
      "RequestUri": "https://REDACTED/481981260downloadwithretryrange5ce92342931caacd54d7/481981261downloadwithretryrange5ce54012b097df12506d",
      "RequestMethod": "GET",
      "RequestHeaders": {
        "Accept": "application/xml",
        "Authorization": "Sanitized",
        "Content-Length": "0",
        "Date": "Wed, 20 Nov 2024 20:30:34 GMT",
        "If-Match": "0x8DD09A22E903A68",
        "User-Agent": "azstorage-clientsideencryption/2.1 azsdk-java-azure-storage-blob/12.30.0-beta.1 azsdk-java-azure-storage-blob-cryptography/12.29.0-beta.1 (17.0.10; Windows 11; 10.0)",
        "x-ms-client-request-id": "Sanitized",
        "x-ms-range": "bytes=0-4194331",
        "x-ms-version": "2025-01-05"
      },
      "RequestBody": null,
      "StatusCode": 206,
      "ResponseHeaders": {
        "Accept-Ranges": "bytes",
        "Content-Length": "35",
        "Content-Range": "bytes 0-34/35",
        "Content-Type": "application/octet-stream",
        "Date": "Wed, 20 Nov 2024 20:30:33 GMT",
        "ETag": "\"0x8DD09A22E903A68\"",
        "Last-Modified": "Wed, 20 Nov 2024 20:30:32 GMT",
        "Server": [
          "Windows-Azure-Blob/1.0",
          "Microsoft-HTTPAPI/2.0"
        ],
        "x-ms-blob-content-md5": "vt8kphWpbtBlFStIzYk8XQ==",
        "x-ms-blob-type": "BlockBlob",
        "x-ms-client-request-id": "Sanitized",
        "x-ms-creation-time": "Wed, 20 Nov 2024 20:30:32 GMT",
        "x-ms-lease-state": "available",
        "x-ms-lease-status": "unlocked",
        "x-ms-meta-encryptiondata": "{\"EncryptionMode\":\"FullBlob\",\"WrappedContentKey\":{\"KeyId\":\"keyId\",\"EncryptedKey\":\"Qk9Cc3dvcmToXYOqiOawaXdJcetT2hotKgfpoMIb6flMg+TzcXJXYA==\",\"Algorithm\":\"RSA-OAEP-256\"},\"EncryptionAgent\":{\"Protocol\":\"2.1\",\"EncryptionAlgorithm\":\"AES_GCM_256\"},\"EncryptedRegionInfo\":{\"DataLength\":4194304,\"NonceLength\":12},\"KeyWrappingMetadata\":{\"EncryptionLibrary\":\"JavaTrack212.30.0-beta.1\"}}",
        "x-ms-request-id": "Sanitized",
        "x-ms-server-encrypted": "true",
        "x-ms-version": "2025-01-05"
      },
      "ResponseBody": "AAAAAAAAAAAAAAAADAFJxg1VXQ2Eg7/wRFErNSJj94HmSMI="
    },
    {
      "RequestUri": "https://REDACTED/481981260downloadwithretryrange5ce92342931caacd54d7/481981261downloadwithretryrange5ce54012b097df12506d",
      "RequestMethod": "GET",
      "RequestHeaders": {
        "Accept": "application/xml",
        "Authorization": "Sanitized",
        "Content-Length": "0",
        "Date": "Wed, 20 Nov 2024 20:30:36 GMT",
        "If-Match": "0x8DD09A22E903A68",
        "User-Agent": "azstorage-clientsideencryption/2.1 azsdk-java-azure-storage-blob/12.30.0-beta.1 azsdk-java-azure-storage-blob-cryptography/12.29.0-beta.1 (17.0.10; Windows 11; 10.0)",
        "x-ms-client-request-id": "Sanitized",
        "x-ms-range": "bytes=0-4194331",
        "x-ms-version": "2025-01-05"
      },
      "RequestBody": null,
      "StatusCode": 206,
      "ResponseHeaders": {
        "Accept-Ranges": "bytes",
        "Content-Length": "35",
        "Content-Range": "bytes 0-34/35",
        "Content-Type": "application/octet-stream",
        "Date": "Wed, 20 Nov 2024 20:30:36 GMT",
        "ETag": "\"0x8DD09A22E903A68\"",
        "Last-Modified": "Wed, 20 Nov 2024 20:30:32 GMT",
        "Server": [
          "Windows-Azure-Blob/1.0",
          "Microsoft-HTTPAPI/2.0"
        ],
        "x-ms-blob-content-md5": "vt8kphWpbtBlFStIzYk8XQ==",
        "x-ms-blob-type": "BlockBlob",
        "x-ms-client-request-id": "Sanitized",
        "x-ms-creation-time": "Wed, 20 Nov 2024 20:30:32 GMT",
        "x-ms-lease-state": "available",
        "x-ms-lease-status": "unlocked",
        "x-ms-meta-encryptiondata": "{\"EncryptionMode\":\"FullBlob\",\"WrappedContentKey\":{\"KeyId\":\"keyId\",\"EncryptedKey\":\"Qk9Cc3dvcmToXYOqiOawaXdJcetT2hotKgfpoMIb6flMg+TzcXJXYA==\",\"Algorithm\":\"RSA-OAEP-256\"},\"EncryptionAgent\":{\"Protocol\":\"2.1\",\"EncryptionAlgorithm\":\"AES_GCM_256\"},\"EncryptedRegionInfo\":{\"DataLength\":4194304,\"NonceLength\":12},\"KeyWrappingMetadata\":{\"EncryptionLibrary\":\"JavaTrack212.30.0-beta.1\"}}",
        "x-ms-request-id": "Sanitized",
        "x-ms-server-encrypted": "true",
        "x-ms-version": "2025-01-05"
      },
      "ResponseBody": "AAAAAAAAAAAAAAAADAFJxg1VXQ2Eg7/wRFErNSJj94HmSMI="
    },
    {
      "RequestUri": "https://REDACTED/481981260downloadwithretryrange5ce92342931caacd54d7/481981261downloadwithretryrange5ce54012b097df12506d",
      "RequestMethod": "GET",
      "RequestHeaders": {
        "Accept": "application/xml",
        "Authorization": "Sanitized",
        "Content-Length": "0",
        "Date": "Wed, 20 Nov 2024 20:30:40 GMT",
        "If-Match": "0x8DD09A22E903A68",
        "User-Agent": "azstorage-clientsideencryption/2.1 azsdk-java-azure-storage-blob/12.30.0-beta.1 azsdk-java-azure-storage-blob-cryptography/12.29.0-beta.1 (17.0.10; Windows 11; 10.0)",
        "x-ms-client-request-id": "Sanitized",
        "x-ms-range": "bytes=0-4194331",
        "x-ms-version": "2025-01-05"
      },
      "RequestBody": null,
      "StatusCode": 206,
      "ResponseHeaders": {
        "Accept-Ranges": "bytes",
        "Content-Length": "35",
        "Content-Range": "bytes 0-34/35",
        "Content-Type": "application/octet-stream",
        "Date": "Wed, 20 Nov 2024 20:30:39 GMT",
        "ETag": "\"0x8DD09A22E903A68\"",
        "Last-Modified": "Wed, 20 Nov 2024 20:30:32 GMT",
        "Server": [
          "Windows-Azure-Blob/1.0",
          "Microsoft-HTTPAPI/2.0"
        ],
        "x-ms-blob-content-md5": "vt8kphWpbtBlFStIzYk8XQ==",
        "x-ms-blob-type": "BlockBlob",
        "x-ms-client-request-id": "Sanitized",
        "x-ms-creation-time": "Wed, 20 Nov 2024 20:30:32 GMT",
        "x-ms-lease-state": "available",
        "x-ms-lease-status": "unlocked",
        "x-ms-meta-encryptiondata": "{\"EncryptionMode\":\"FullBlob\",\"WrappedContentKey\":{\"KeyId\":\"keyId\",\"EncryptedKey\":\"Qk9Cc3dvcmToXYOqiOawaXdJcetT2hotKgfpoMIb6flMg+TzcXJXYA==\",\"Algorithm\":\"RSA-OAEP-256\"},\"EncryptionAgent\":{\"Protocol\":\"2.1\",\"EncryptionAlgorithm\":\"AES_GCM_256\"},\"EncryptedRegionInfo\":{\"DataLength\":4194304,\"NonceLength\":12},\"KeyWrappingMetadata\":{\"EncryptionLibrary\":\"JavaTrack212.30.0-beta.1\"}}",
        "x-ms-request-id": "Sanitized",
        "x-ms-server-encrypted": "true",
        "x-ms-version": "2025-01-05"
      },
      "ResponseBody": "AAAAAAAAAAAAAAAADAFJxg1VXQ2Eg7/wRFErNSJj94HmSMI="
    },
    {
      "RequestUri": "https://REDACTED/481981260downloadwithretryrange5ce92342931caacd54d7/481981261downloadwithretryrange5ce54012b097df12506d",
      "RequestMethod": "GET",
      "RequestHeaders": {
        "Accept": "application/xml",
        "Authorization": "Sanitized",
        "Content-Length": "0",
        "Date": "Wed, 20 Nov 2024 20:30:46 GMT",
        "If-Match": "0x8DD09A22E903A68",
        "User-Agent": "azstorage-clientsideencryption/2.1 azsdk-java-azure-storage-blob/12.30.0-beta.1 azsdk-java-azure-storage-blob-cryptography/12.29.0-beta.1 (17.0.10; Windows 11; 10.0)",
        "x-ms-client-request-id": "Sanitized",
        "x-ms-range": "bytes=0-4194331",
        "x-ms-version": "2025-01-05"
      },
      "RequestBody": null,
      "StatusCode": 206,
      "ResponseHeaders": {
        "Accept-Ranges": "bytes",
        "Content-Length": "35",
        "Content-Range": "bytes 0-34/35",
        "Content-Type": "application/octet-stream",
        "Date": "Wed, 20 Nov 2024 20:30:45 GMT",
        "ETag": "\"0x8DD09A22E903A68\"",
        "Last-Modified": "Wed, 20 Nov 2024 20:30:32 GMT",
        "Server": [
          "Windows-Azure-Blob/1.0",
          "Microsoft-HTTPAPI/2.0"
        ],
        "x-ms-blob-content-md5": "vt8kphWpbtBlFStIzYk8XQ==",
        "x-ms-blob-type": "BlockBlob",
        "x-ms-client-request-id": "Sanitized",
        "x-ms-creation-time": "Wed, 20 Nov 2024 20:30:32 GMT",
        "x-ms-lease-state": "available",
        "x-ms-lease-status": "unlocked",
        "x-ms-meta-encryptiondata": "{\"EncryptionMode\":\"FullBlob\",\"WrappedContentKey\":{\"KeyId\":\"keyId\",\"EncryptedKey\":\"Qk9Cc3dvcmToXYOqiOawaXdJcetT2hotKgfpoMIb6flMg+TzcXJXYA==\",\"Algorithm\":\"RSA-OAEP-256\"},\"EncryptionAgent\":{\"Protocol\":\"2.1\",\"EncryptionAlgorithm\":\"AES_GCM_256\"},\"EncryptedRegionInfo\":{\"DataLength\":4194304,\"NonceLength\":12},\"KeyWrappingMetadata\":{\"EncryptionLibrary\":\"JavaTrack212.30.0-beta.1\"}}",
        "x-ms-request-id": "Sanitized",
        "x-ms-server-encrypted": "true",
        "x-ms-version": "2025-01-05"
      },
      "ResponseBody": "AAAAAAAAAAAAAAAADAFJxg1VXQ2Eg7/wRFErNSJj94HmSMI="
    }
  ],
  "Variables": {
    "0": "481981260downloadwithretryrange5ce92342931caacd54d7",
    "1": "481981261downloadwithretryrange5ce54012b097df12506d"
  }
}
