{
  "Entries": [
    {
      "RequestUri": "https://REDACTED/f6d251ca0downloadtofiledoesnotexistc1903385b72ef20c41?restype=container",
      "RequestMethod": "PUT",
      "RequestHeaders": {
        "Accept": "application/xml",
        "Authorization": "Sanitized",
        "Content-Length": "0",
        "Date": "Mon, 28 Oct 2024 19:59:56 GMT",
        "User-Agent": "azsdk-java-azure-storage-blob/12.29.0-beta.2 (17.0.12; Windows 11; 10.0)",
        "x-ms-client-request-id": "Sanitized",
        "x-ms-version": "2025-01-05"
      },
      "RequestBody": null,
      "StatusCode": 201,
      "ResponseHeaders": {
        "Content-Length": "0",
        "Date": "Mon, 28 Oct 2024 19:59:56 GMT",
        "ETag": "\"0x8DCF78B19053E91\"",
        "Last-Modified": "Mon, 28 Oct 2024 19:59:57 GMT",
        "Server": [
          "Windows-Azure-Blob/1.0",
          "Microsoft-HTTPAPI/2.0"
        ],
        "x-ms-client-request-id": "Sanitized",
        "x-ms-request-id": "Sanitized",
        "x-ms-version": "2025-01-05"
      },
      "ResponseBody": null
    },
    {
      "RequestUri": "https://REDACTED/f6d251ca0downloadtofiledoesnotexistc1903385b72ef20c41/f6d251ca1downloadtofiledoesnotexistc195840343250881e1",
      "RequestMethod": "HEAD",
      "RequestHeaders": {
        "Accept": "application/xml",
        "Authorization": "Sanitized",
        "Content-Length": "0",
        "Date": "Mon, 28 Oct 2024 19:59:57 GMT",
        "User-Agent": "azstorage-clientsideencryption/1.0 azsdk-java-azure-storage-blob/12.29.0-beta.2 azsdk-java-azure-storage-blob-cryptography/12.28.0-beta.2 (17.0.12; Windows 11; 10.0)",
        "x-ms-client-request-id": "Sanitized",
        "x-ms-version": "2025-01-05"
      },
      "RequestBody": null,
      "StatusCode": 404,
      "ResponseHeaders": {
        "Date": "Mon, 28 Oct 2024 19:59:57 GMT",
        "Server": [
          "Windows-Azure-Blob/1.0",
          "Microsoft-HTTPAPI/2.0"
        ],
        "Transfer-Encoding": "chunked",
        "x-ms-client-request-id": "Sanitized",
        "x-ms-error-code": "BlobNotFound",
        "x-ms-request-id": "Sanitized",
        "x-ms-version": "2025-01-05"
      },
      "ResponseBody": null
    },
    {
      "RequestUri": "https://REDACTED/f6d251ca0downloadtofiledoesnotexistc1903385b72ef20c41/f6d251ca1downloadtofiledoesnotexistc195840343250881e1",
      "RequestMethod": "PUT",
      "RequestHeaders": {
        "Accept": "application/xml",
        "Authorization": "Sanitized",
        "Content-Length": "16",
        "Content-Type": "application/octet-stream",
        "Date": "Mon, 28 Oct 2024 19:59:57 GMT",
        "If-None-Match": "*",
        "User-Agent": "azstorage-clientsideencryption/1.0 azsdk-java-azure-storage-blob/12.29.0-beta.2 azsdk-java-azure-storage-blob-cryptography/12.28.0-beta.2 (17.0.12; Windows 11; 10.0)",
        "x-ms-blob-type": "BlockBlob",
        "x-ms-client-request-id": "Sanitized",
        "x-ms-meta-encryptiondata": "{\"EncryptionMode\":\"FullBlob\",\"WrappedContentKey\":{\"KeyId\":\"keyId\",\"EncryptedKey\":\"mFQFqAJ/vDiWaIFVyq/NEvNbI7iwVXnk3Be5tmq94ho=\",\"Algorithm\":\"RSA-OAEP-256\"},\"EncryptionAgent\":{\"Protocol\":\"1.0\",\"EncryptionAlgorithm\":\"AES_CBC_256\"},\"ContentEncryptionIV\":\"IzQwKDHrP1flyv196d4KMA==\",\"KeyWrappingMetadata\":{\"EncryptionLibrary\":\"JavaTrack212.29.0-beta.2\"}}",
        "x-ms-version": "2025-01-05"
      },
      "RequestBody": "YZ+PJeqBB/8KkJNuBTxRBA==",
      "StatusCode": 201,
      "ResponseHeaders": {
        "Content-Length": "0",
        "Content-MD5": "ESrXklt81Bh0DB8aOw+pVA==",
        "Date": "Mon, 28 Oct 2024 19:59:57 GMT",
        "ETag": "\"0x8DCF78B197AB1E9\"",
        "Last-Modified": "Mon, 28 Oct 2024 19:59:57 GMT",
        "Server": [
          "Windows-Azure-Blob/1.0",
          "Microsoft-HTTPAPI/2.0"
        ],
        "x-ms-client-request-id": "Sanitized",
        "x-ms-content-crc64": "h+9v8t7zvI4=",
        "x-ms-request-id": "Sanitized",
        "x-ms-request-server-encrypted": "true",
        "x-ms-version": "2025-01-05"
      },
      "ResponseBody": null
    },
    {
      "RequestUri": "https://REDACTED/f6d251ca0downloadtofiledoesnotexistc1903385b72ef20c41/f6d251ca1downloadtofiledoesnotexistc195840343250881e1",
      "RequestMethod": "HEAD",
      "RequestHeaders": {
        "Accept": "application/xml",
        "Authorization": "Sanitized",
        "Content-Length": "0",
        "Date": "Mon, 28 Oct 2024 19:59:58 GMT",
        "User-Agent": "azstorage-clientsideencryption/1.0 azsdk-java-azure-storage-blob/12.29.0-beta.2 azsdk-java-azure-storage-blob-cryptography/12.28.0-beta.2 (17.0.12; Windows 11; 10.0)",
        "x-ms-client-request-id": "Sanitized",
        "x-ms-version": "2025-01-05"
      },
      "RequestBody": null,
      "StatusCode": 200,
      "ResponseHeaders": {
        "Accept-Ranges": "bytes",
        "Content-Length": "16",
        "Content-MD5": "ESrXklt81Bh0DB8aOw+pVA==",
        "Content-Type": "application/octet-stream",
        "Date": "Mon, 28 Oct 2024 19:59:57 GMT",
        "ETag": "\"0x8DCF78B197AB1E9\"",
        "Last-Modified": "Mon, 28 Oct 2024 19:59:57 GMT",
        "Server": [
          "Windows-Azure-Blob/1.0",
          "Microsoft-HTTPAPI/2.0"
        ],
        "x-ms-access-tier": "Hot",
        "x-ms-access-tier-inferred": "true",
        "x-ms-blob-type": "BlockBlob",
        "x-ms-client-request-id": "Sanitized",
        "x-ms-creation-time": "Mon, 28 Oct 2024 19:59:57 GMT",
        "x-ms-lease-state": "available",
        "x-ms-lease-status": "unlocked",
        "x-ms-meta-encryptiondata": "{\"EncryptionMode\":\"FullBlob\",\"WrappedContentKey\":{\"KeyId\":\"keyId\",\"EncryptedKey\":\"mFQFqAJ/vDiWaIFVyq/NEvNbI7iwVXnk3Be5tmq94ho=\",\"Algorithm\":\"RSA-OAEP-256\"},\"EncryptionAgent\":{\"Protocol\":\"1.0\",\"EncryptionAlgorithm\":\"AES_CBC_256\"},\"ContentEncryptionIV\":\"IzQwKDHrP1flyv196d4KMA==\",\"KeyWrappingMetadata\":{\"EncryptionLibrary\":\"JavaTrack212.29.0-beta.2\"}}",
        "x-ms-request-id": "Sanitized",
        "x-ms-server-encrypted": "true",
        "x-ms-version": "2025-01-05"
      },
      "ResponseBody": null
    },
    {
      "RequestUri": "https://REDACTED/f6d251ca0downloadtofiledoesnotexistc1903385b72ef20c41/f6d251ca1downloadtofiledoesnotexistc195840343250881e1",
      "RequestMethod": "GET",
      "RequestHeaders": {
        "Accept": "application/xml",
        "Authorization": "Sanitized",
        "Content-Length": "0",
        "Date": "Mon, 28 Oct 2024 19:59:58 GMT",
        "If-Match": "0x8DCF78B197AB1E9",
        "User-Agent": "azstorage-clientsideencryption/1.0 azsdk-java-azure-storage-blob/12.29.0-beta.2 azsdk-java-azure-storage-blob-cryptography/12.28.0-beta.2 (17.0.12; Windows 11; 10.0)",
        "x-ms-client-request-id": "Sanitized",
        "x-ms-range": "bytes=0-4194319",
        "x-ms-version": "2025-01-05"
      },
      "RequestBody": null,
      "StatusCode": 206,
      "ResponseHeaders": {
        "Accept-Ranges": "bytes",
        "Content-Length": "16",
        "Content-Range": "bytes 0-15/16",
        "Content-Type": "application/octet-stream",
        "Date": "Mon, 28 Oct 2024 19:59:57 GMT",
        "ETag": "\"0x8DCF78B197AB1E9\"",
        "Last-Modified": "Mon, 28 Oct 2024 19:59:57 GMT",
        "Server": [
          "Windows-Azure-Blob/1.0",
          "Microsoft-HTTPAPI/2.0"
        ],
        "x-ms-blob-content-md5": "ESrXklt81Bh0DB8aOw+pVA==",
        "x-ms-blob-type": "BlockBlob",
        "x-ms-client-request-id": "Sanitized",
        "x-ms-creation-time": "Mon, 28 Oct 2024 19:59:57 GMT",
        "x-ms-lease-state": "available",
        "x-ms-lease-status": "unlocked",
        "x-ms-meta-encryptiondata": "{\"EncryptionMode\":\"FullBlob\",\"WrappedContentKey\":{\"KeyId\":\"keyId\",\"EncryptedKey\":\"mFQFqAJ/vDiWaIFVyq/NEvNbI7iwVXnk3Be5tmq94ho=\",\"Algorithm\":\"RSA-OAEP-256\"},\"EncryptionAgent\":{\"Protocol\":\"1.0\",\"EncryptionAlgorithm\":\"AES_CBC_256\"},\"ContentEncryptionIV\":\"IzQwKDHrP1flyv196d4KMA==\",\"KeyWrappingMetadata\":{\"EncryptionLibrary\":\"JavaTrack212.29.0-beta.2\"}}",
        "x-ms-request-id": "Sanitized",
        "x-ms-server-encrypted": "true",
        "x-ms-version": "2025-01-05"
      },
      "ResponseBody": "YZ+PJeqBB/8KkJNuBTxRBA=="
    }
  ],
  "Variables": {
    "0": "f6d251ca0downloadtofiledoesnotexistc1903385b72ef20c41",
    "1": "f6d251ca1downloadtofiledoesnotexistc195840343250881e1"
  }
}
