{
  "Entries": [
    {
      "RequestUri": "https://REDACTED/7aaa4cb90downloadac4b2110255a8ed4ee8aff43e28d?restype=container",
      "RequestMethod": "PUT",
      "RequestHeaders": {
        "Accept": "application/xml",
        "Authorization": "Sanitized",
        "Content-Length": "0",
        "Date": "Wed, 23 Oct 2024 20:52:21 GMT",
        "User-Agent": "azsdk-java-azure-storage-blob/12.29.0-beta.1 (17.0.12; Windows 11; 10.0)",
        "x-ms-client-request-id": "Sanitized",
        "x-ms-version": "2024-11-04"
      },
      "RequestBody": null,
      "StatusCode": 201,
      "ResponseHeaders": {
        "Content-Length": "0",
        "Date": "Wed, 23 Oct 2024 20:52:21 GMT",
        "ETag": "\"0x8DCF3A4975998B3\"",
        "Last-Modified": "Wed, 23 Oct 2024 20:52:21 GMT",
        "Server": [
          "Windows-Azure-Blob/1.0",
          "Microsoft-HTTPAPI/2.0"
        ],
        "x-ms-client-request-id": "Sanitized",
        "x-ms-request-id": "Sanitized",
        "x-ms-version": "2024-11-04"
      },
      "ResponseBody": null
    },
    {
      "RequestUri": "https://REDACTED/7aaa4cb90downloadac4b2110255a8ed4ee8aff43e28d/7aaa4cb91downloadac4b21310190a8fafbb75a45e7be",
      "RequestMethod": "HEAD",
      "RequestHeaders": {
        "Accept": "application/xml",
        "Authorization": "Sanitized",
        "Content-Length": "0",
        "Date": "Wed, 23 Oct 2024 20:52:21 GMT",
        "User-Agent": "azstorage-clientsideencryption/1.0 azsdk-java-azure-storage-blob/12.29.0-beta.1 azsdk-java-azure-storage-blob-cryptography/12.28.0-beta.1 (17.0.12; Windows 11; 10.0)",
        "x-ms-client-request-id": "Sanitized",
        "x-ms-version": "2024-11-04"
      },
      "RequestBody": null,
      "StatusCode": 404,
      "ResponseHeaders": {
        "Date": "Wed, 23 Oct 2024 20:52:21 GMT",
        "Server": [
          "Windows-Azure-Blob/1.0",
          "Microsoft-HTTPAPI/2.0"
        ],
        "Transfer-Encoding": "chunked",
        "x-ms-client-request-id": "Sanitized",
        "x-ms-error-code": "BlobNotFound",
        "x-ms-request-id": "Sanitized",
        "x-ms-version": "2024-11-04"
      },
      "ResponseBody": null
    },
    {
      "RequestUri": "https://REDACTED/7aaa4cb90downloadac4b2110255a8ed4ee8aff43e28d/7aaa4cb91downloadac4b21310190a8fafbb75a45e7be",
      "RequestMethod": "PUT",
      "RequestHeaders": {
        "Accept": "application/xml",
        "Authorization": "Sanitized",
        "Content-Length": "16",
        "Content-Type": "application/octet-stream",
        "Date": "Wed, 23 Oct 2024 20:52:21 GMT",
        "If-None-Match": "*",
        "User-Agent": "azstorage-clientsideencryption/1.0 azsdk-java-azure-storage-blob/12.29.0-beta.1 azsdk-java-azure-storage-blob-cryptography/12.28.0-beta.1 (17.0.12; Windows 11; 10.0)",
        "x-ms-blob-type": "BlockBlob",
        "x-ms-client-request-id": "Sanitized",
        "x-ms-meta-encryptiondata": "{\"EncryptionMode\":\"FullBlob\",\"WrappedContentKey\":{\"KeyId\":\"keyId\",\"EncryptedKey\":\"Crz53Y70wsleUKNfG6TiF6ApFKbqxAiTSz+A40/u5Sw=\",\"Algorithm\":\"RSA-OAEP-256\"},\"EncryptionAgent\":{\"Protocol\":\"1.0\",\"EncryptionAlgorithm\":\"AES_CBC_256\"},\"ContentEncryptionIV\":\"rTC0boNXxPnxoeTJaLs24g==\",\"KeyWrappingMetadata\":{\"EncryptionLibrary\":\"JavaTrack212.29.0-beta.1\"}}",
        "x-ms-version": "2024-11-04"
      },
      "RequestBody": "2yZk2HpbpufkP8zB9QMkTA==",
      "StatusCode": 201,
      "ResponseHeaders": {
        "Content-Length": "0",
        "Content-MD5": "6BLi+CMaySlWbZvJVQ9Isw==",
        "Date": "Wed, 23 Oct 2024 20:52:21 GMT",
        "ETag": "\"0x8DCF3A4976DE8FE\"",
        "Last-Modified": "Wed, 23 Oct 2024 20:52:22 GMT",
        "Server": [
          "Windows-Azure-Blob/1.0",
          "Microsoft-HTTPAPI/2.0"
        ],
        "x-ms-client-request-id": "Sanitized",
        "x-ms-content-crc64": "FcahsyHFjDo=",
        "x-ms-request-id": "Sanitized",
        "x-ms-request-server-encrypted": "true",
        "x-ms-version": "2024-11-04"
      },
      "ResponseBody": null
    },
    {
      "RequestUri": "https://REDACTED/7aaa4cb90downloadac4b2110255a8ed4ee8aff43e28d/7aaa4cb91downloadac4b21310190a8fafbb75a45e7be",
      "RequestMethod": "GET",
      "RequestHeaders": {
        "Accept": "application/xml",
        "Authorization": "Sanitized",
        "Content-Length": "0",
        "Date": "Wed, 23 Oct 2024 20:52:22 GMT",
        "If-Modified-Since": "Tue, 22 Oct 2024 20:52:15 GMT",
        "User-Agent": "azstorage-clientsideencryption/1.0 azsdk-java-azure-storage-blob/12.29.0-beta.1 azsdk-java-azure-storage-blob-cryptography/12.28.0-beta.1 (17.0.12; Windows 11; 10.0)",
        "x-ms-client-request-id": "Sanitized",
        "x-ms-version": "2024-11-04"
      },
      "RequestBody": null,
      "StatusCode": 200,
      "ResponseHeaders": {
        "Accept-Ranges": "bytes",
        "Content-Length": "16",
        "Content-MD5": "6BLi+CMaySlWbZvJVQ9Isw==",
        "Content-Type": "application/octet-stream",
        "Date": "Wed, 23 Oct 2024 20:52:21 GMT",
        "ETag": "\"0x8DCF3A4976DE8FE\"",
        "Last-Modified": "Wed, 23 Oct 2024 20:52:22 GMT",
        "Server": [
          "Windows-Azure-Blob/1.0",
          "Microsoft-HTTPAPI/2.0"
        ],
        "x-ms-blob-type": "BlockBlob",
        "x-ms-client-request-id": "Sanitized",
        "x-ms-creation-time": "Wed, 23 Oct 2024 20:52:22 GMT",
        "x-ms-lease-state": "available",
        "x-ms-lease-status": "unlocked",
        "x-ms-meta-encryptiondata": "{\"EncryptionMode\":\"FullBlob\",\"WrappedContentKey\":{\"KeyId\":\"keyId\",\"EncryptedKey\":\"Crz53Y70wsleUKNfG6TiF6ApFKbqxAiTSz+A40/u5Sw=\",\"Algorithm\":\"RSA-OAEP-256\"},\"EncryptionAgent\":{\"Protocol\":\"1.0\",\"EncryptionAlgorithm\":\"AES_CBC_256\"},\"ContentEncryptionIV\":\"rTC0boNXxPnxoeTJaLs24g==\",\"KeyWrappingMetadata\":{\"EncryptionLibrary\":\"JavaTrack212.29.0-beta.1\"}}",
        "x-ms-request-id": "Sanitized",
        "x-ms-server-encrypted": "true",
        "x-ms-version": "2024-11-04"
      },
      "ResponseBody": "2yZk2HpbpufkP8zB9QMkTA=="
    }
  ],
  "Variables": {
    "0": "7aaa4cb90downloadac4b2110255a8ed4ee8aff43e28d",
    "1": "7aaa4cb91downloadac4b21310190a8fafbb75a45e7be"
  }
}
