{
  "Entries": [
    {
      "RequestUri": "https://REDACTED/4be5c7fc0downloadmin2d23471941f227b675c345e78?restype=container",
      "RequestMethod": "PUT",
      "RequestHeaders": {
        "Accept": "application/xml",
        "Authorization": "Sanitized",
        "Content-Length": "0",
        "Date": "Tue, 26 Nov 2024 20:52:16 GMT",
        "User-Agent": "azsdk-java-azure-storage-blob/12.30.0-beta.1 (21.0.2; Windows 11; 10.0)",
        "x-ms-client-request-id": "Sanitized",
        "x-ms-version": "2025-01-05"
      },
      "RequestBody": null,
      "StatusCode": 201,
      "ResponseHeaders": {
        "Content-Length": "0",
        "Date": "Tue, 26 Nov 2024 20:52:15 GMT",
        "ETag": "\"0x8DD0E5C35ED130C\"",
        "Last-Modified": "Tue, 26 Nov 2024 20:52:16 GMT",
        "Server": [
          "Windows-Azure-Blob/1.0",
          "Microsoft-HTTPAPI/2.0"
        ],
        "x-ms-client-request-id": "Sanitized",
        "x-ms-request-id": "Sanitized",
        "x-ms-version": "2025-01-05"
      },
      "ResponseBody": null
    },
    {
      "RequestUri": "https://REDACTED/4be5c7fc0downloadmin2d23471941f227b675c345e78/4be5c7fc1downloadmin2d238120a5baf5959c87465f8",
      "RequestMethod": "PUT",
      "RequestHeaders": {
        "Accept": "application/xml",
        "Authorization": "Sanitized",
        "Content-Length": "16",
        "Content-Type": "application/octet-stream",
        "Date": "Tue, 26 Nov 2024 20:52:16 GMT",
        "If-None-Match": "*",
        "User-Agent": "azstorage-clientsideencryption/1.0 azsdk-java-azure-storage-blob/12.30.0-beta.1 azsdk-java-azure-storage-blob-cryptography/12.29.0-beta.1 (21.0.2; Windows 11; 10.0)",
        "x-ms-blob-type": "BlockBlob",
        "x-ms-client-request-id": "Sanitized",
        "x-ms-meta-encryptiondata": "{\"EncryptionMode\":\"FullBlob\",\"WrappedContentKey\":{\"KeyId\":\"keyId\",\"EncryptedKey\":\"ZxHzV4o1rQRVU9BY4EM3z57nb3evQcWhBsXI4pdbCzA=\",\"Algorithm\":\"RSA-OAEP-256\"},\"EncryptionAgent\":{\"Protocol\":\"1.0\",\"EncryptionAlgorithm\":\"AES_CBC_256\"},\"ContentEncryptionIV\":\"r5y+yvGnarugguAWoPfkXg==\",\"KeyWrappingMetadata\":{\"EncryptionLibrary\":\"JavaTrack212.30.0-beta.1\"}}",
        "x-ms-version": "2025-01-05"
      },
      "RequestBody": "+F/Pt4NNc5Ric8RexJG4Bg==",
      "StatusCode": 201,
      "ResponseHeaders": {
        "Content-Length": "0",
        "Content-MD5": "sRL/2UwdVEcbLFCbzBZ3tA==",
        "Date": "Tue, 26 Nov 2024 20:52:16 GMT",
        "ETag": "\"0x8DD0E5C35FA33A5\"",
        "Last-Modified": "Tue, 26 Nov 2024 20:52:16 GMT",
        "Server": [
          "Windows-Azure-Blob/1.0",
          "Microsoft-HTTPAPI/2.0"
        ],
        "x-ms-client-request-id": "Sanitized",
        "x-ms-content-crc64": "i3lFKKo4fCA=",
        "x-ms-request-id": "Sanitized",
        "x-ms-request-server-encrypted": "true",
        "x-ms-version": "2025-01-05"
      },
      "ResponseBody": null
    },
    {
      "RequestUri": "https://REDACTED/4be5c7fc0downloadmin2d23471941f227b675c345e78/4be5c7fc1downloadmin2d238120a5baf5959c87465f8",
      "RequestMethod": "GET",
      "RequestHeaders": {
        "Accept": "application/xml",
        "Authorization": "Sanitized",
        "Content-Length": "0",
        "Date": "Tue, 26 Nov 2024 20:52:16 GMT",
        "User-Agent": "azstorage-clientsideencryption/1.0 azsdk-java-azure-storage-blob/12.30.0-beta.1 azsdk-java-azure-storage-blob-cryptography/12.29.0-beta.1 (21.0.2; Windows 11; 10.0)",
        "x-ms-client-request-id": "Sanitized",
        "x-ms-version": "2025-01-05"
      },
      "RequestBody": null,
      "StatusCode": 200,
      "ResponseHeaders": {
        "Accept-Ranges": "bytes",
        "Content-Length": "16",
        "Content-MD5": "sRL/2UwdVEcbLFCbzBZ3tA==",
        "Content-Type": "application/octet-stream",
        "Date": "Tue, 26 Nov 2024 20:52:15 GMT",
        "ETag": "\"0x8DD0E5C35FA33A5\"",
        "Last-Modified": "Tue, 26 Nov 2024 20:52:16 GMT",
        "Server": [
          "Windows-Azure-Blob/1.0",
          "Microsoft-HTTPAPI/2.0"
        ],
        "x-ms-blob-type": "BlockBlob",
        "x-ms-client-request-id": "Sanitized",
        "x-ms-creation-time": "Tue, 26 Nov 2024 20:52:16 GMT",
        "x-ms-lease-state": "available",
        "x-ms-lease-status": "unlocked",
        "x-ms-meta-encryptiondata": "{\"EncryptionMode\":\"FullBlob\",\"WrappedContentKey\":{\"KeyId\":\"keyId\",\"EncryptedKey\":\"ZxHzV4o1rQRVU9BY4EM3z57nb3evQcWhBsXI4pdbCzA=\",\"Algorithm\":\"RSA-OAEP-256\"},\"EncryptionAgent\":{\"Protocol\":\"1.0\",\"EncryptionAlgorithm\":\"AES_CBC_256\"},\"ContentEncryptionIV\":\"r5y+yvGnarugguAWoPfkXg==\",\"KeyWrappingMetadata\":{\"EncryptionLibrary\":\"JavaTrack212.30.0-beta.1\"}}",
        "x-ms-request-id": "Sanitized",
        "x-ms-server-encrypted": "true",
        "x-ms-version": "2025-01-05"
      },
      "ResponseBody": "+F/Pt4NNc5Ric8RexJG4Bg=="
    }
  ],
  "Variables": {
    "0": "4be5c7fc0downloadmin2d23471941f227b675c345e78",
    "1": "4be5c7fc1downloadmin2d238120a5baf5959c87465f8"
  }
}
