{
  "Entries": [
    {
      "RequestUri": "https://REDACTED/af63ca720encryptionea302145b05403e96f1f4806b6?restype=container",
      "RequestMethod": "PUT",
      "RequestHeaders": {
        "Accept": "application/xml",
        "Authorization": "Sanitized",
        "Content-Length": "0",
        "Date": "Mon, 28 Oct 2024 19:59:56 GMT",
        "User-Agent": "azsdk-java-azure-storage-blob/12.29.0-beta.2 (17.0.12; Windows 11; 10.0)",
        "x-ms-client-request-id": "Sanitized",
        "x-ms-version": "2025-01-05"
      },
      "RequestBody": null,
      "StatusCode": 201,
      "ResponseHeaders": {
        "Content-Length": "0",
        "Date": "Mon, 28 Oct 2024 19:59:56 GMT",
        "ETag": "\"0x8DCF78B1903A829\"",
        "Last-Modified": "Mon, 28 Oct 2024 19:59:57 GMT",
        "Server": [
          "Windows-Azure-Blob/1.0",
          "Microsoft-HTTPAPI/2.0"
        ],
        "x-ms-client-request-id": "Sanitized",
        "x-ms-request-id": "Sanitized",
        "x-ms-version": "2025-01-05"
      },
      "ResponseBody": null
    },
    {
      "RequestUri": "https://REDACTED/af63ca720encryptionea302145b05403e96f1f4806b6/af63ca721encryptionea34023651b8abfb3a1b4806bd",
      "RequestMethod": "HEAD",
      "RequestHeaders": {
        "Accept": "application/xml",
        "Authorization": "Sanitized",
        "Content-Length": "0",
        "Date": "Mon, 28 Oct 2024 19:59:57 GMT",
        "User-Agent": "azstorage-clientsideencryption/1.0 azsdk-java-azure-storage-blob/12.29.0-beta.2 azsdk-java-azure-storage-blob-cryptography/12.28.0-beta.2 (17.0.12; Windows 11; 10.0)",
        "x-ms-client-request-id": "Sanitized",
        "x-ms-version": "2025-01-05"
      },
      "RequestBody": null,
      "StatusCode": 404,
      "ResponseHeaders": {
        "Date": "Mon, 28 Oct 2024 19:59:57 GMT",
        "Server": [
          "Windows-Azure-Blob/1.0",
          "Microsoft-HTTPAPI/2.0"
        ],
        "Transfer-Encoding": "chunked",
        "x-ms-client-request-id": "Sanitized",
        "x-ms-error-code": "BlobNotFound",
        "x-ms-request-id": "Sanitized",
        "x-ms-version": "2025-01-05"
      },
      "ResponseBody": null
    },
    {
      "RequestUri": "https://REDACTED/af63ca720encryptionea302145b05403e96f1f4806b6/af63ca721encryptionea34023651b8abfb3a1b4806bd",
      "RequestMethod": "PUT",
      "RequestHeaders": {
        "Accept": "application/xml",
        "Authorization": "Sanitized",
        "Content-Length": "32",
        "Content-Type": "application/octet-stream",
        "Date": "Mon, 28 Oct 2024 19:59:57 GMT",
        "User-Agent": "azstorage-clientsideencryption/1.0 azsdk-java-azure-storage-blob/12.29.0-beta.2 azsdk-java-azure-storage-blob-cryptography/12.28.0-beta.2 (17.0.12; Windows 11; 10.0)",
        "x-ms-blob-type": "BlockBlob",
        "x-ms-client-request-id": "Sanitized",
        "x-ms-meta-encryptiondata": "{\"EncryptionMode\":\"FullBlob\",\"WrappedContentKey\":{\"KeyId\":\"keyId\",\"EncryptedKey\":\"GNsAqAGZbl2BtzPMDA7hO+9fvmE0p+/EdQk5vOblcl4=\",\"Algorithm\":\"RSA-OAEP-256\"},\"EncryptionAgent\":{\"Protocol\":\"1.0\",\"EncryptionAlgorithm\":\"AES_CBC_256\"},\"ContentEncryptionIV\":\"ZIXPEUzhWdwutKSbhFUVlQ==\",\"KeyWrappingMetadata\":{\"EncryptionLibrary\":\"JavaTrack212.29.0-beta.2\"}}",
        "x-ms-version": "2025-01-05"
      },
      "RequestBody": "hxhTQEo21mfajbX0pZmhJxSWEfzxDSRZljsLAZizOJA=",
      "StatusCode": 201,
      "ResponseHeaders": {
        "Content-Length": "0",
        "Content-MD5": "sDJcLfQo4AcIpq5fdmpuVQ==",
        "Date": "Mon, 28 Oct 2024 19:59:57 GMT",
        "ETag": "\"0x8DCF78B1979528D\"",
        "Last-Modified": "Mon, 28 Oct 2024 19:59:57 GMT",
        "Server": [
          "Windows-Azure-Blob/1.0",
          "Microsoft-HTTPAPI/2.0"
        ],
        "x-ms-client-request-id": "Sanitized",
        "x-ms-content-crc64": "5GLnzubYVPU=",
        "x-ms-request-id": "Sanitized",
        "x-ms-request-server-encrypted": "true",
        "x-ms-version": "2025-01-05"
      },
      "ResponseBody": null
    },
    {
      "RequestUri": "https://REDACTED/af63ca720encryptionea302145b05403e96f1f4806b6/af63ca721encryptionea34023651b8abfb3a1b4806bd",
      "RequestMethod": "GET",
      "RequestHeaders": {
        "Accept": "application/xml",
        "Authorization": "Sanitized",
        "Content-Length": "0",
        "Date": "Mon, 28 Oct 2024 19:59:58 GMT",
        "User-Agent": "azstorage-clientsideencryption/1.0 azsdk-java-azure-storage-blob/12.29.0-beta.2 azsdk-java-azure-storage-blob-cryptography/12.28.0-beta.2 (17.0.12; Windows 11; 10.0)",
        "x-ms-client-request-id": "Sanitized",
        "x-ms-version": "2025-01-05"
      },
      "RequestBody": null,
      "StatusCode": 200,
      "ResponseHeaders": {
        "Accept-Ranges": "bytes",
        "Content-Length": "32",
        "Content-MD5": "sDJcLfQo4AcIpq5fdmpuVQ==",
        "Content-Type": "application/octet-stream",
        "Date": "Mon, 28 Oct 2024 19:59:57 GMT",
        "ETag": "\"0x8DCF78B1979528D\"",
        "Last-Modified": "Mon, 28 Oct 2024 19:59:57 GMT",
        "Server": [
          "Windows-Azure-Blob/1.0",
          "Microsoft-HTTPAPI/2.0"
        ],
        "x-ms-blob-type": "BlockBlob",
        "x-ms-client-request-id": "Sanitized",
        "x-ms-creation-time": "Mon, 28 Oct 2024 19:59:57 GMT",
        "x-ms-lease-state": "available",
        "x-ms-lease-status": "unlocked",
        "x-ms-meta-encryptiondata": "{\"EncryptionMode\":\"FullBlob\",\"WrappedContentKey\":{\"KeyId\":\"keyId\",\"EncryptedKey\":\"GNsAqAGZbl2BtzPMDA7hO+9fvmE0p+/EdQk5vOblcl4=\",\"Algorithm\":\"RSA-OAEP-256\"},\"EncryptionAgent\":{\"Protocol\":\"1.0\",\"EncryptionAlgorithm\":\"AES_CBC_256\"},\"ContentEncryptionIV\":\"ZIXPEUzhWdwutKSbhFUVlQ==\",\"KeyWrappingMetadata\":{\"EncryptionLibrary\":\"JavaTrack212.29.0-beta.2\"}}",
        "x-ms-request-id": "Sanitized",
        "x-ms-server-encrypted": "true",
        "x-ms-version": "2025-01-05"
      },
      "ResponseBody": "hxhTQEo21mfajbX0pZmhJxSWEfzxDSRZljsLAZizOJA="
    }
  ],
  "Variables": {
    "0": "af63ca720encryptionea302145b05403e96f1f4806b6",
    "1": "af63ca721encryptionea34023651b8abfb3a1b4806bd",
    "2": "bb4bf934-9f59-4369-8c19-c4b20bf0673b",
    "3": "2037dc24-d7cd-4864-b14b-0d9dabe6adaa"
  }
}
