{
  "Entries": [
    {
      "RequestUri": "https://REDACTED/bd95d3480downloadcontentc72167939bceecc7674745f?restype=container",
      "RequestMethod": "PUT",
      "RequestHeaders": {
        "Accept": "application/xml",
        "Authorization": "Sanitized",
        "Content-Length": "0",
        "Date": "Wed, 20 Nov 2024 20:30:04 GMT",
        "User-Agent": "azsdk-java-azure-storage-blob/12.30.0-beta.1 (17.0.10; Windows 11; 10.0)",
        "x-ms-client-request-id": "Sanitized",
        "x-ms-version": "2025-01-05"
      },
      "RequestBody": null,
      "StatusCode": 201,
      "ResponseHeaders": {
        "Content-Length": "0",
        "Date": "Wed, 20 Nov 2024 20:30:04 GMT",
        "ETag": "\"0x8DD09A21DB74C5A\"",
        "Last-Modified": "Wed, 20 Nov 2024 20:30:04 GMT",
        "Server": [
          "Windows-Azure-Blob/1.0",
          "Microsoft-HTTPAPI/2.0"
        ],
        "x-ms-client-request-id": "Sanitized",
        "x-ms-request-id": "Sanitized",
        "x-ms-version": "2025-01-05"
      },
      "ResponseBody": null
    },
    {
      "RequestUri": "https://REDACTED/bd95d3480downloadcontentc72167939bceecc7674745f/bd95d3481downloadcontentc7276495f473a76c1d9c467",
      "RequestMethod": "HEAD",
      "RequestHeaders": {
        "Accept": "application/xml",
        "Authorization": "Sanitized",
        "Content-Length": "0",
        "Date": "Wed, 20 Nov 2024 20:30:04 GMT",
        "User-Agent": "azstorage-clientsideencryption/1.0 azsdk-java-azure-storage-blob/12.30.0-beta.1 azsdk-java-azure-storage-blob-cryptography/12.29.0-beta.1 (17.0.10; Windows 11; 10.0)",
        "x-ms-client-request-id": "Sanitized",
        "x-ms-version": "2025-01-05"
      },
      "RequestBody": null,
      "StatusCode": 404,
      "ResponseHeaders": {
        "Date": "Wed, 20 Nov 2024 20:30:04 GMT",
        "Server": [
          "Windows-Azure-Blob/1.0",
          "Microsoft-HTTPAPI/2.0"
        ],
        "Transfer-Encoding": "chunked",
        "x-ms-client-request-id": "Sanitized",
        "x-ms-error-code": "BlobNotFound",
        "x-ms-request-id": "Sanitized",
        "x-ms-version": "2025-01-05"
      },
      "ResponseBody": null
    },
    {
      "RequestUri": "https://REDACTED/bd95d3480downloadcontentc72167939bceecc7674745f/bd95d3481downloadcontentc7276495f473a76c1d9c467",
      "RequestMethod": "PUT",
      "RequestHeaders": {
        "Accept": "application/xml",
        "Authorization": "Sanitized",
        "Content-Length": "16",
        "Content-Type": "application/octet-stream",
        "Date": "Wed, 20 Nov 2024 20:30:05 GMT",
        "If-None-Match": "*",
        "User-Agent": "azstorage-clientsideencryption/1.0 azsdk-java-azure-storage-blob/12.30.0-beta.1 azsdk-java-azure-storage-blob-cryptography/12.29.0-beta.1 (17.0.10; Windows 11; 10.0)",
        "x-ms-blob-type": "BlockBlob",
        "x-ms-client-request-id": "Sanitized",
        "x-ms-meta-encryptiondata": "{\"EncryptionMode\":\"FullBlob\",\"WrappedContentKey\":{\"KeyId\":\"keyId\",\"EncryptedKey\":\"CLZFYCEQgOdoIy5N0UkdYp4gvlfoeYeBZtnak6S1FZY=\",\"Algorithm\":\"RSA-OAEP-256\"},\"EncryptionAgent\":{\"Protocol\":\"1.0\",\"EncryptionAlgorithm\":\"AES_CBC_256\"},\"ContentEncryptionIV\":\"k+1OvlpTHs42sAXnQqBXwA==\",\"KeyWrappingMetadata\":{\"EncryptionLibrary\":\"JavaTrack212.30.0-beta.1\"}}",
        "x-ms-version": "2025-01-05"
      },
      "RequestBody": "QZSnLkOjA/oX5egt69fAdQ==",
      "StatusCode": 201,
      "ResponseHeaders": {
        "Content-Length": "0",
        "Content-MD5": "ljbexvmVRhLFysuvqqrEtw==",
        "Date": "Wed, 20 Nov 2024 20:30:04 GMT",
        "ETag": "\"0x8DD09A21DFD6854\"",
        "Last-Modified": "Wed, 20 Nov 2024 20:30:04 GMT",
        "Server": [
          "Windows-Azure-Blob/1.0",
          "Microsoft-HTTPAPI/2.0"
        ],
        "x-ms-client-request-id": "Sanitized",
        "x-ms-content-crc64": "WEKoBGzA2jM=",
        "x-ms-request-id": "Sanitized",
        "x-ms-request-server-encrypted": "true",
        "x-ms-version": "2025-01-05"
      },
      "ResponseBody": null
    },
    {
      "RequestUri": "https://REDACTED/bd95d3480downloadcontentc72167939bceecc7674745f/bd95d3481downloadcontentc7276495f473a76c1d9c467",
      "RequestMethod": "HEAD",
      "RequestHeaders": {
        "Accept": "application/xml",
        "Authorization": "Sanitized",
        "Content-Length": "0",
        "Date": "Wed, 20 Nov 2024 20:30:05 GMT",
        "User-Agent": "azstorage-clientsideencryption/1.0 azsdk-java-azure-storage-blob/12.30.0-beta.1 azsdk-java-azure-storage-blob-cryptography/12.29.0-beta.1 (17.0.10; Windows 11; 10.0)",
        "x-ms-client-request-id": "Sanitized",
        "x-ms-version": "2025-01-05"
      },
      "RequestBody": null,
      "StatusCode": 200,
      "ResponseHeaders": {
        "Accept-Ranges": "bytes",
        "Content-Length": "16",
        "Content-MD5": "ljbexvmVRhLFysuvqqrEtw==",
        "Content-Type": "application/octet-stream",
        "Date": "Wed, 20 Nov 2024 20:30:04 GMT",
        "ETag": "\"0x8DD09A21DFD6854\"",
        "Last-Modified": "Wed, 20 Nov 2024 20:30:04 GMT",
        "Server": [
          "Windows-Azure-Blob/1.0",
          "Microsoft-HTTPAPI/2.0"
        ],
        "x-ms-access-tier": "Hot",
        "x-ms-access-tier-inferred": "true",
        "x-ms-blob-type": "BlockBlob",
        "x-ms-client-request-id": "Sanitized",
        "x-ms-creation-time": "Wed, 20 Nov 2024 20:30:04 GMT",
        "x-ms-lease-state": "available",
        "x-ms-lease-status": "unlocked",
        "x-ms-meta-encryptiondata": "{\"EncryptionMode\":\"FullBlob\",\"WrappedContentKey\":{\"KeyId\":\"keyId\",\"EncryptedKey\":\"CLZFYCEQgOdoIy5N0UkdYp4gvlfoeYeBZtnak6S1FZY=\",\"Algorithm\":\"RSA-OAEP-256\"},\"EncryptionAgent\":{\"Protocol\":\"1.0\",\"EncryptionAlgorithm\":\"AES_CBC_256\"},\"ContentEncryptionIV\":\"k+1OvlpTHs42sAXnQqBXwA==\",\"KeyWrappingMetadata\":{\"EncryptionLibrary\":\"JavaTrack212.30.0-beta.1\"}}",
        "x-ms-request-id": "Sanitized",
        "x-ms-server-encrypted": "true",
        "x-ms-version": "2025-01-05"
      },
      "ResponseBody": null
    },
    {
      "RequestUri": "https://REDACTED/bd95d3480downloadcontentc72167939bceecc7674745f/bd95d3481downloadcontentc7276495f473a76c1d9c467",
      "RequestMethod": "GET",
      "RequestHeaders": {
        "Accept": "application/xml",
        "Authorization": "Sanitized",
        "Content-Length": "0",
        "Date": "Wed, 20 Nov 2024 20:30:05 GMT",
        "User-Agent": "azstorage-clientsideencryption/1.0 azsdk-java-azure-storage-blob/12.30.0-beta.1 azsdk-java-azure-storage-blob-cryptography/12.29.0-beta.1 (17.0.10; Windows 11; 10.0)",
        "x-ms-client-request-id": "Sanitized",
        "x-ms-version": "2025-01-05"
      },
      "RequestBody": null,
      "StatusCode": 200,
      "ResponseHeaders": {
        "Accept-Ranges": "bytes",
        "Content-Length": "16",
        "Content-MD5": "ljbexvmVRhLFysuvqqrEtw==",
        "Content-Type": "application/octet-stream",
        "Date": "Wed, 20 Nov 2024 20:30:04 GMT",
        "ETag": "\"0x8DD09A21DFD6854\"",
        "Last-Modified": "Wed, 20 Nov 2024 20:30:04 GMT",
        "Server": [
          "Windows-Azure-Blob/1.0",
          "Microsoft-HTTPAPI/2.0"
        ],
        "x-ms-blob-type": "BlockBlob",
        "x-ms-client-request-id": "Sanitized",
        "x-ms-creation-time": "Wed, 20 Nov 2024 20:30:04 GMT",
        "x-ms-lease-state": "available",
        "x-ms-lease-status": "unlocked",
        "x-ms-meta-encryptiondata": "{\"EncryptionMode\":\"FullBlob\",\"WrappedContentKey\":{\"KeyId\":\"keyId\",\"EncryptedKey\":\"CLZFYCEQgOdoIy5N0UkdYp4gvlfoeYeBZtnak6S1FZY=\",\"Algorithm\":\"RSA-OAEP-256\"},\"EncryptionAgent\":{\"Protocol\":\"1.0\",\"EncryptionAlgorithm\":\"AES_CBC_256\"},\"ContentEncryptionIV\":\"k+1OvlpTHs42sAXnQqBXwA==\",\"KeyWrappingMetadata\":{\"EncryptionLibrary\":\"JavaTrack212.30.0-beta.1\"}}",
        "x-ms-request-id": "Sanitized",
        "x-ms-server-encrypted": "true",
        "x-ms-version": "2025-01-05"
      },
      "ResponseBody": "QZSnLkOjA/oX5egt69fAdQ=="
    }
  ],
  "Variables": {
    "0": "bd95d3480downloadcontentc72167939bceecc7674745f",
    "1": "bd95d3481downloadcontentc7276495f473a76c1d9c467"
  }
}
