{
  "Entries": [
    {
      "RequestUri": "https://REDACTED/4185da6d0encryptionacb97979479b20316d80b04dc38?restype=container",
      "RequestMethod": "PUT",
      "RequestHeaders": {
        "Accept": "application/xml",
        "Authorization": "Sanitized",
        "Content-Length": "0",
        "Date": "Wed, 20 Nov 2024 20:29:56 GMT",
        "User-Agent": "azsdk-java-azure-storage-blob/12.30.0-beta.1 (17.0.10; Windows 11; 10.0)",
        "x-ms-client-request-id": "Sanitized",
        "x-ms-version": "2025-01-05"
      },
      "RequestBody": null,
      "StatusCode": 201,
      "ResponseHeaders": {
        "Content-Length": "0",
        "Date": "Wed, 20 Nov 2024 20:29:55 GMT",
        "ETag": "\"0x8DD09A218B8CADA\"",
        "Last-Modified": "Wed, 20 Nov 2024 20:29:56 GMT",
        "Server": [
          "Windows-Azure-Blob/1.0",
          "Microsoft-HTTPAPI/2.0"
        ],
        "x-ms-client-request-id": "Sanitized",
        "x-ms-request-id": "Sanitized",
        "x-ms-version": "2025-01-05"
      },
      "ResponseBody": null
    },
    {
      "RequestUri": "https://REDACTED/4185da6d0encryptionacb97979479b20316d80b04dc38/4185da6d1encryptionacb9705612bb30797bcab74611b",
      "RequestMethod": "PUT",
      "RequestHeaders": {
        "Accept": "application/xml",
        "Authorization": "Sanitized",
        "Content-Length": "16",
        "Content-Type": "application/octet-stream",
        "Date": "Wed, 20 Nov 2024 20:29:56 GMT",
        "If-None-Match": "*",
        "User-Agent": "azstorage-clientsideencryption/1.0 azsdk-java-azure-storage-blob/12.30.0-beta.1 azsdk-java-azure-storage-blob-cryptography/12.29.0-beta.1 (17.0.10; Windows 11; 10.0)",
        "x-ms-blob-type": "BlockBlob",
        "x-ms-client-request-id": "Sanitized",
        "x-ms-meta-encryptiondata": "{\"EncryptionMode\":\"FullBlob\",\"WrappedContentKey\":{\"KeyId\":\"keyId\",\"EncryptedKey\":\"lXut6pFwx5taUqQtlMlJSji3VteHAx0TO47dcMGV6ys=\",\"Algorithm\":\"RSA-OAEP-256\"},\"EncryptionAgent\":{\"Protocol\":\"1.0\",\"EncryptionAlgorithm\":\"AES_CBC_256\"},\"ContentEncryptionIV\":\"OyyMgs6rwMHIjIeSxUm1WA==\",\"KeyWrappingMetadata\":{\"EncryptionLibrary\":\"JavaTrack212.30.0-beta.1\"}}",
        "x-ms-version": "2025-01-05"
      },
      "RequestBody": "m3zPFVVM3ebF+cfLsOLVZQ==",
      "StatusCode": 201,
      "ResponseHeaders": {
        "Content-Length": "0",
        "Content-MD5": "WLHFsVoQ2IePXRGQjBynkA==",
        "Date": "Wed, 20 Nov 2024 20:29:56 GMT",
        "ETag": "\"0x8DD09A218CC1B8E\"",
        "Last-Modified": "Wed, 20 Nov 2024 20:29:56 GMT",
        "Server": [
          "Windows-Azure-Blob/1.0",
          "Microsoft-HTTPAPI/2.0"
        ],
        "x-ms-client-request-id": "Sanitized",
        "x-ms-content-crc64": "FTcFpfP3aic=",
        "x-ms-request-id": "Sanitized",
        "x-ms-request-server-encrypted": "true",
        "x-ms-version": "2025-01-05"
      },
      "ResponseBody": null
    },
    {
      "RequestUri": "https://REDACTED/4185da6d0encryptionacb97979479b20316d80b04dc38/4185da6d1encryptionacb9705612bb30797bcab74611b",
      "RequestMethod": "PUT",
      "RequestHeaders": {
        "Accept": "application/xml",
        "Authorization": "Sanitized",
        "Content-Length": "16",
        "Content-Type": "application/octet-stream",
        "Date": "Wed, 20 Nov 2024 20:29:56 GMT",
        "User-Agent": "azstorage-clientsideencryption/1.0 azsdk-java-azure-storage-blob/12.30.0-beta.1 azsdk-java-azure-storage-blob-cryptography/12.29.0-beta.1 (17.0.10; Windows 11; 10.0)",
        "x-ms-blob-type": "BlockBlob",
        "x-ms-client-request-id": "Sanitized",
        "x-ms-meta-encryptiondata": "{\"EncryptionMode\":\"FullBlob\",\"WrappedContentKey\":{\"KeyId\":\"keyId\",\"EncryptedKey\":\"rtW+qwhpcH49L4UoT69TK/NmRFA3j5z/gliMoz8vceE=\",\"Algorithm\":\"RSA-OAEP-256\"},\"EncryptionAgent\":{\"Protocol\":\"1.0\",\"EncryptionAlgorithm\":\"AES_CBC_256\"},\"ContentEncryptionIV\":\"Q3YAwQa5zpW0sGeuf2m+TA==\",\"KeyWrappingMetadata\":{\"EncryptionLibrary\":\"JavaTrack212.30.0-beta.1\"}}",
        "x-ms-version": "2025-01-05"
      },
      "RequestBody": "Bt81ol556gDAtxMjpa5YUg==",
      "StatusCode": 201,
      "ResponseHeaders": {
        "Content-Length": "0",
        "Content-MD5": "25ObjtzpIUg6B3vONdxaXw==",
        "Date": "Wed, 20 Nov 2024 20:29:56 GMT",
        "ETag": "\"0x8DD09A218DDE1E2\"",
        "Last-Modified": "Wed, 20 Nov 2024 20:29:56 GMT",
        "Server": [
          "Windows-Azure-Blob/1.0",
          "Microsoft-HTTPAPI/2.0"
        ],
        "x-ms-client-request-id": "Sanitized",
        "x-ms-content-crc64": "bDixle5cOtU=",
        "x-ms-request-id": "Sanitized",
        "x-ms-request-server-encrypted": "true",
        "x-ms-version": "2025-01-05"
      },
      "ResponseBody": null
    },
    {
      "RequestUri": "https://REDACTED/4185da6d0encryptionacb97979479b20316d80b04dc38/4185da6d1encryptionacb9705612bb30797bcab74611b",
      "RequestMethod": "PUT",
      "RequestHeaders": {
        "Accept": "application/xml",
        "Authorization": "Sanitized",
        "Content-Length": "16",
        "Content-Type": "application/octet-stream",
        "Date": "Wed, 20 Nov 2024 20:29:56 GMT",
        "User-Agent": "azstorage-clientsideencryption/1.0 azsdk-java-azure-storage-blob/12.30.0-beta.1 azsdk-java-azure-storage-blob-cryptography/12.29.0-beta.1 (17.0.10; Windows 11; 10.0)",
        "x-ms-blob-type": "BlockBlob",
        "x-ms-client-request-id": "Sanitized",
        "x-ms-meta-encryptiondata": "{\"EncryptionMode\":\"FullBlob\",\"WrappedContentKey\":{\"KeyId\":\"keyId\",\"EncryptedKey\":\"9XRMkILQ6ffrld54bOvenjzFaFP+E5MuMGM1QiV4IHg=\",\"Algorithm\":\"RSA-OAEP-256\"},\"EncryptionAgent\":{\"Protocol\":\"1.0\",\"EncryptionAlgorithm\":\"AES_CBC_256\"},\"ContentEncryptionIV\":\"V0nt9R1LMxHCSwiNPyaQog==\",\"KeyWrappingMetadata\":{\"EncryptionLibrary\":\"JavaTrack212.30.0-beta.1\"}}",
        "x-ms-version": "2025-01-05"
      },
      "RequestBody": "QNmp0N3UrppCKF8OsS7wBQ==",
      "StatusCode": 201,
      "ResponseHeaders": {
        "Content-Length": "0",
        "Content-MD5": "Z3Ecx1+PdoCn0M8EYOOQtw==",
        "Date": "Wed, 20 Nov 2024 20:29:56 GMT",
        "ETag": "\"0x8DD09A218ED60CC\"",
        "Last-Modified": "Wed, 20 Nov 2024 20:29:56 GMT",
        "Server": [
          "Windows-Azure-Blob/1.0",
          "Microsoft-HTTPAPI/2.0"
        ],
        "x-ms-client-request-id": "Sanitized",
        "x-ms-content-crc64": "jbAOcyBFPCE=",
        "x-ms-request-id": "Sanitized",
        "x-ms-request-server-encrypted": "true",
        "x-ms-version": "2025-01-05"
      },
      "ResponseBody": null
    }
  ],
  "Variables": {
    "0": "4185da6d0encryptionacb97979479b20316d80b04dc38",
    "1": "4185da6d1encryptionacb9705612bb30797bcab74611b"
  }
}
