{
  "Entries": [
    {
      "RequestUri": "https://REDACTED.vault.azure.net/keys/GetCryptoFromKeyRemoteEncrypt-233/create?api-version=7.5",
      "RequestMethod": "POST",
      "RequestHeaders": {
        "Authorization": "Sanitized",
        "Content-Length": "31",
        "Content-Type": "application/json",
        "User-Agent": "azsdk-cpp-keyvault-keys/4.5.0-beta.2 (Windows 10 Enterprise 6.3 22631 22621.1.amd64fre.ni_release.220506-1250)",
        "x-ms-client-request-id": "Sanitized"
      },
      "RequestBody": {
        "attributes": null,
        "kty": "RSA"
      },
      "StatusCode": 200,
      "ResponseHeaders": {
        "Cache-Control": "no-cache",
        "Content-Length": "743",
        "Content-Type": "application/json; charset=utf-8",
        "Date": "Tue, 23 Apr 2024 16:16:37 GMT",
        "Expires": "-1",
        "Pragma": "no-cache",
        "Strict-Transport-Security": "max-age=31536000;includeSubDomains",
        "X-Content-Type-Options": "nosniff",
        "x-ms-client-request-id": "Sanitized",
        "x-ms-keyvault-network-info": "conn_type=Ipv4;addr=174.165.214.215;act_addr_fam=InterNetwork;",
        "x-ms-keyvault-region": "westus",
        "x-ms-keyvault-service-version": "1.9.1430.1",
        "x-ms-request-id": "Sanitized"
      },
      "ResponseBody": {
        "key": {
          "kid": "https://t74b68ef3acc1f78c.vault.azure.net/keys/GetCryptoFromKeyRemoteEncrypt-233/bb28d21a60a341a7b1791709263d381c",
          "kty": "RSA",
          "key_ops": [
            "encrypt",
            "decrypt",
            "sign",
            "verify",
            "wrapKey",
            "unwrapKey"
          ],
          "n": "we2bpMdKxGRd3TT_2CxZxVohpVS0A-ZoISAXyuktqXV3P67R4A-M-a_iBgMHTPPDbvYrlWi24mxA6dLmK6t7-zBsjUE7JiYUlsSpq-Zj-LUPyW186nLOr3b726QPiIDEexJD0tuVVezc7gYAvWKtrmrJzBKxF5BQg0-SYI8wniaG5-0VEG3qvmmQ3jKGl6l_oIEKBI5sXFPpWVkk1A8LcZ6WtEcpJmHh6tXouPWMTu_pOvjovL-cUDoM7QCNfPdP2skfJOUN0WDGF0w3pquVAd9KoPUCsgaTW62JUhTSpyCxc3EpHEqafswBJjU-vsgo7h3L2Y2h3TgjvJD_BgbPvQ",
          "e": "AQAB"
        },
        "attributes": {
          "enabled": true,
          "created": 1713888997,
          "updated": 1713888997,
          "recoveryLevel": "Recoverable+Purgeable",
          "recoverableDays": 90,
          "exportable": false,
          "hsmPlatform": "0"
        }
      }
    },
    {
      "RequestUri": "https://REDACTED.vault.azure.net/keys/GetCryptoFromKeyRemoteEncrypt-233/encrypt?api-version=7.5",
      "RequestMethod": "POST",
      "RequestHeaders": {
        "Accept": "application/json",
        "Authorization": "Sanitized",
        "Content-Length": "67",
        "Content-Type": "application/json",
        "User-Agent": "azsdk-cpp-keyvault-keys/4.5.0-beta.2 (Windows 10 Enterprise 6.3 22631 22621.1.amd64fre.ni_release.220506-1250)",
        "x-ms-client-request-id": "Sanitized"
      },
      "RequestBody": {
        "alg": "RSA-OAEP",
        "value": "QSBzaW5nbGUgYmxvY2sgb2YgcGxhaW50ZXh0AA"
      },
      "StatusCode": 200,
      "ResponseHeaders": {
        "Cache-Control": "no-cache",
        "Content-Length": "476",
        "Content-Type": "application/json; charset=utf-8",
        "Date": "Tue, 23 Apr 2024 16:16:37 GMT",
        "Expires": "-1",
        "Pragma": "no-cache",
        "Strict-Transport-Security": "max-age=31536000;includeSubDomains",
        "X-Content-Type-Options": "nosniff",
        "x-ms-client-request-id": "Sanitized",
        "x-ms-keyvault-network-info": "conn_type=Ipv4;addr=174.165.214.215;act_addr_fam=InterNetwork;",
        "x-ms-keyvault-region": "westus",
        "x-ms-keyvault-service-version": "1.9.1430.1",
        "x-ms-request-id": "Sanitized"
      },
      "ResponseBody": {
        "kid": "https://t74b68ef3acc1f78c.vault.azure.net/keys/GetCryptoFromKeyRemoteEncrypt-233/bb28d21a60a341a7b1791709263d381c",
        "value": "KWfBVhZVuF42jwUG7PQHhtQh2xxZPC2H6-OCU0RvCjpV4IfeAC5TywJ_r5DIzmh2ctQeNbqTSuYiFa0QGifQdxDzpo8KD-PL6dUaGRnhoNenKBtaKGQZgS2aTCZ5mcERNWeUn4c15uiAfZ1c286vm1RvHJqEryaK1YBvSQIqGApU4pPExPz9f2RRrwT8wtvx92fOCbvTk-wJbs4-YlhnAWGz77Faj0-iwNU-QkDFI6GrM6Re09JDzIgAHYys9MhXIKPuGnBa9HImZQ9B7dtMJmrzwRoQc2O-8ZXdhvnpOVKUQWFIBMWk7eTU9JMtagDrOGnpZW0_Psy_MCvfXysc-Q"
      }
    },
    {
      "RequestUri": "https://REDACTED.vault.azure.net/keys/GetCryptoFromKeyRemoteEncrypt-233/decrypt?api-version=7.5",
      "RequestMethod": "POST",
      "RequestHeaders": {
        "Accept": "application/json",
        "Authorization": "Sanitized",
        "Content-Length": "371",
        "Content-Type": "application/json",
        "User-Agent": "azsdk-cpp-keyvault-keys/4.5.0-beta.2 (Windows 10 Enterprise 6.3 22631 22621.1.amd64fre.ni_release.220506-1250)",
        "x-ms-client-request-id": "Sanitized"
      },
      "RequestBody": {
        "alg": "RSA-OAEP",
        "value": "KWfBVhZVuF42jwUG7PQHhtQh2xxZPC2H6-OCU0RvCjpV4IfeAC5TywJ_r5DIzmh2ctQeNbqTSuYiFa0QGifQdxDzpo8KD-PL6dUaGRnhoNenKBtaKGQZgS2aTCZ5mcERNWeUn4c15uiAfZ1c286vm1RvHJqEryaK1YBvSQIqGApU4pPExPz9f2RRrwT8wtvx92fOCbvTk-wJbs4-YlhnAWGz77Faj0-iwNU-QkDFI6GrM6Re09JDzIgAHYys9MhXIKPuGnBa9HImZQ9B7dtMJmrzwRoQc2O-8ZXdhvnpOVKUQWFIBMWk7eTU9JMtagDrOGnpZW0_Psy_MCvfXysc-Q"
      },
      "StatusCode": 200,
      "ResponseHeaders": {
        "Cache-Control": "no-cache",
        "Content-Length": "172",
        "Content-Type": "application/json; charset=utf-8",
        "Date": "Tue, 23 Apr 2024 16:16:37 GMT",
        "Expires": "-1",
        "Pragma": "no-cache",
        "Strict-Transport-Security": "max-age=31536000;includeSubDomains",
        "X-Content-Type-Options": "nosniff",
        "x-ms-client-request-id": "Sanitized",
        "x-ms-keyvault-network-info": "conn_type=Ipv4;addr=174.165.214.215;act_addr_fam=InterNetwork;",
        "x-ms-keyvault-region": "westus",
        "x-ms-keyvault-service-version": "1.9.1430.1",
        "x-ms-request-id": "Sanitized"
      },
      "ResponseBody": {
        "kid": "https://t74b68ef3acc1f78c.vault.azure.net/keys/GetCryptoFromKeyRemoteEncrypt-233/bb28d21a60a341a7b1791709263d381c",
        "value": "QSBzaW5nbGUgYmxvY2sgb2YgcGxhaW50ZXh0AA"
      }
    }
  ],
  "Variables": {}
}
