{
  "Entries": [
    {
      "RequestUri": "https://t74b68ef3acc1f78c.vault.azure.net/keys/GetCryptoFromKeyVersionRemoteEncrypt-4096/create?api-version=7.5",
      "RequestMethod": "POST",
      "RequestHeaders": {
        "Authorization": "Sanitized",
        "Content-Length": "31",
        "Content-Type": "application/json",
        "User-Agent": "azsdk-cpp-keyvault-keys/4.5.0-beta.2 (Windows 10 Enterprise 6.3 22631 22621.1.amd64fre.ni_release.220506-1250)",
        "x-ms-client-request-id": "Sanitized"
      },
      "RequestBody": {
        "attributes": null,
        "kty": "RSA"
      },
      "StatusCode": 200,
      "ResponseHeaders": {
        "Cache-Control": "no-cache",
        "Content-Length": "751",
        "Content-Type": "application/json; charset=utf-8",
        "Date": "Mon, 22 Apr 2024 16:25:10 GMT",
        "Expires": "-1",
        "Pragma": "no-cache",
        "Strict-Transport-Security": "max-age=31536000;includeSubDomains",
        "X-Content-Type-Options": "nosniff",
        "x-ms-client-request-id": "Sanitized",
        "x-ms-keyvault-network-info": "conn_type=Ipv4;addr=174.165.214.215;act_addr_fam=InterNetwork;",
        "x-ms-keyvault-region": "westus",
        "x-ms-keyvault-service-version": "1.9.1430.1",
        "x-ms-request-id": "Sanitized"
      },
      "ResponseBody": {
        "key": {
          "kid": "https://t74b68ef3acc1f78c.vault.azure.net/keys/GetCryptoFromKeyVersionRemoteEncrypt-4096/93eb9a91a7e24fd0a43f8eab63186cf7",
          "kty": "RSA",
          "key_ops": [
            "encrypt",
            "decrypt",
            "sign",
            "verify",
            "wrapKey",
            "unwrapKey"
          ],
          "n": "nbjoNSRLWs2HVEygTroGTPxotjyioHUVzLBv0BLe6F_2_YjrhZQ4xHJJ6kHnwOp8u1WwTf1Qr9IQJU7pv6oUiund0bL_jY8YrKfR6F5wv82izPxdtgfT9o9gYR3jckQHkUL6S3W7Dkddz8O5vbvi0C3a6KfK-OgekdD5tBdlfPWK3tJdbsbyYCZiQRueDuVRDdsp3nVCYEMSsvk17rd44ZBXWyTV605Jdzvx-DpQse0KjDd5OzftNEcOCq_9o1o6C5s_sPZUY3T1hIQO4PtQDbGYdMDoQmQGQvrxS1ls5F0fu5olrIabUHc4zxPZMdfgV6BE8LNs-7mp8LtvI49YDQ",
          "e": "AQAB"
        },
        "attributes": {
          "enabled": true,
          "created": 1713803111,
          "updated": 1713803111,
          "recoveryLevel": "Recoverable+Purgeable",
          "recoverableDays": 90,
          "exportable": false,
          "hsmPlatform": "0"
        }
      }
    },
    {
      "RequestUri": "https://t74b68ef3acc1f78c.vault.azure.net/keys/GetCryptoFromKeyVersionRemoteEncrypt-4096/93eb9a91a7e24fd0a43f8eab63186cf7/encrypt?api-version=7.5",
      "RequestMethod": "POST",
      "RequestHeaders": {
        "Accept": "application/json",
        "Authorization": "Sanitized",
        "Content-Length": "67",
        "Content-Type": "application/json",
        "User-Agent": "azsdk-cpp-keyvault-keys/4.5.0-beta.2 (Windows 10 Enterprise 6.3 22631 22621.1.amd64fre.ni_release.220506-1250)",
        "x-ms-client-request-id": "Sanitized"
      },
      "RequestBody": {
        "alg": "RSA-OAEP",
        "value": "QSBzaW5nbGUgYmxvY2sgb2YgcGxhaW50ZXh0AA"
      },
      "StatusCode": 200,
      "ResponseHeaders": {
        "Cache-Control": "no-cache",
        "Content-Length": "484",
        "Content-Type": "application/json; charset=utf-8",
        "Date": "Mon, 22 Apr 2024 16:25:10 GMT",
        "Expires": "-1",
        "Pragma": "no-cache",
        "Strict-Transport-Security": "max-age=31536000;includeSubDomains",
        "X-Content-Type-Options": "nosniff",
        "x-ms-client-request-id": "Sanitized",
        "x-ms-keyvault-network-info": "conn_type=Ipv4;addr=174.165.214.215;act_addr_fam=InterNetwork;",
        "x-ms-keyvault-region": "westus",
        "x-ms-keyvault-service-version": "1.9.1430.1",
        "x-ms-request-id": "Sanitized"
      },
      "ResponseBody": {
        "kid": "https://t74b68ef3acc1f78c.vault.azure.net/keys/GetCryptoFromKeyVersionRemoteEncrypt-4096/93eb9a91a7e24fd0a43f8eab63186cf7",
        "value": "Tyw4S-0LwA6ryYZUtOnBV4-6nrDf1DinCqt0Ku-C8OAXiateJchjmuMnEYJJrdcQZZB8iaI_WInu_3Yzdg5Vmq2tgVyXsOP-WBq-ATAXZ3LifKki2p7UiPksZuAsqASaPmutIS77QPU8-3esCCYu0OhxH8dBjBEwhR3KfWZN7jxlOZhhdyXqye6ynZcgvVgO7GDs7-8uglpgbDWaDmXTWOsJlf_sDbWg1oAyRbiQgABwow3Rhh4XFxhnsl-mqeNHmUxEt7SPTWV-jlv3819dsEAoRMg4uLeDk4DztafjcIrWTk3_i2nnsh8uHn2Jf8op5kmR9j1V_ah2U4v2z6t-pw"
      }
    },
    {
      "RequestUri": "https://t74b68ef3acc1f78c.vault.azure.net/keys/GetCryptoFromKeyVersionRemoteEncrypt-4096/93eb9a91a7e24fd0a43f8eab63186cf7/decrypt?api-version=7.5",
      "RequestMethod": "POST",
      "RequestHeaders": {
        "Accept": "application/json",
        "Authorization": "Sanitized",
        "Content-Length": "371",
        "Content-Type": "application/json",
        "User-Agent": "azsdk-cpp-keyvault-keys/4.5.0-beta.2 (Windows 10 Enterprise 6.3 22631 22621.1.amd64fre.ni_release.220506-1250)",
        "x-ms-client-request-id": "Sanitized"
      },
      "RequestBody": {
        "alg": "RSA-OAEP",
        "value": "Tyw4S-0LwA6ryYZUtOnBV4-6nrDf1DinCqt0Ku-C8OAXiateJchjmuMnEYJJrdcQZZB8iaI_WInu_3Yzdg5Vmq2tgVyXsOP-WBq-ATAXZ3LifKki2p7UiPksZuAsqASaPmutIS77QPU8-3esCCYu0OhxH8dBjBEwhR3KfWZN7jxlOZhhdyXqye6ynZcgvVgO7GDs7-8uglpgbDWaDmXTWOsJlf_sDbWg1oAyRbiQgABwow3Rhh4XFxhnsl-mqeNHmUxEt7SPTWV-jlv3819dsEAoRMg4uLeDk4DztafjcIrWTk3_i2nnsh8uHn2Jf8op5kmR9j1V_ah2U4v2z6t-pw"
      },
      "StatusCode": 200,
      "ResponseHeaders": {
        "Cache-Control": "no-cache",
        "Content-Length": "180",
        "Content-Type": "application/json; charset=utf-8",
        "Date": "Mon, 22 Apr 2024 16:25:10 GMT",
        "Expires": "-1",
        "Pragma": "no-cache",
        "Strict-Transport-Security": "max-age=31536000;includeSubDomains",
        "X-Content-Type-Options": "nosniff",
        "x-ms-client-request-id": "Sanitized",
        "x-ms-keyvault-network-info": "conn_type=Ipv4;addr=174.165.214.215;act_addr_fam=InterNetwork;",
        "x-ms-keyvault-region": "westus",
        "x-ms-keyvault-service-version": "1.9.1430.1",
        "x-ms-request-id": "Sanitized"
      },
      "ResponseBody": {
        "kid": "https://t74b68ef3acc1f78c.vault.azure.net/keys/GetCryptoFromKeyVersionRemoteEncrypt-4096/93eb9a91a7e24fd0a43f8eab63186cf7",
        "value": "QSBzaW5nbGUgYmxvY2sgb2YgcGxhaW50ZXh0AA"
      }
    }
  ],
  "Variables": {}
}
