{
  "Entries": [
    {
      "RequestUri": "https://REDACTED.vault.azure.net/keys/GetCryptoFromKeyVersionRemoteEncrypt-3072/create?api-version=7.5",
      "RequestMethod": "POST",
      "RequestHeaders": {
        "Authorization": "Sanitized",
        "Content-Length": "31",
        "Content-Type": "application/json",
        "User-Agent": "azsdk-cpp-keyvault-keys/4.5.0-beta.1 (Windows 10 Enterprise 6.3 22631 22621.1.amd64fre.ni_release.220506-1250)",
        "x-ms-client-request-id": "619ce5cf-608b-422d-880c-b3d987427011"
      },
      "RequestBody": {
        "attributes": null,
        "kty": "RSA"
      },
      "StatusCode": 200,
      "ResponseHeaders": {
        "Cache-Control": "no-cache",
        "Content-Length": "742",
        "Content-Type": "application/json; charset=utf-8",
        "Date": "Wed, 13 Mar 2024 22:12:31 GMT",
        "Expires": "-1",
        "Pragma": "no-cache",
        "Strict-Transport-Security": "max-age=31536000;includeSubDomains",
        "X-Content-Type-Options": "nosniff",
        "x-ms-client-request-id": "619ce5cf-608b-422d-880c-b3d987427011",
        "x-ms-keyvault-network-info": "conn_type=Ipv4;addr=174.165.214.215;act_addr_fam=InterNetwork;",
        "x-ms-keyvault-rbac-assignment-id": "4f694960a9464bf0be5a859e7c86da4f",
        "x-ms-keyvault-region": "westus",
        "x-ms-keyvault-service-version": "1.9.1300.1",
        "x-ms-request-id": "353a10fd-5c6d-4b9a-93e2-1289d17fbece"
      },
      "ResponseBody": {
        "key": {
          "kid": "https://REDACTED.vault.azure.net/keys/GetCryptoFromKeyVersionRemoteEncrypt-3072/624ba9efe0ac44c7af69e8afa57a89ef",
          "kty": "RSA",
          "key_ops": [
            "encrypt",
            "decrypt",
            "sign",
            "verify",
            "wrapKey",
            "unwrapKey"
          ],
          "n": "xp-syjvPxp-cLBS-nQdFoSpn09Q0oo711rXH5MIJ2MAE5Bi-on0kVO55vzMbyPK97gJS-EeZlioHKRcC8AI47LcGzdDUQuiavI-Mee2gEhxyUaoQrhW-liTX0YAj5NnLwqgh-fyINHQm4NpwvOhbStKPvw_O7MrV0pDzVK3QiGyMpWj1OCzBX_mibCVirthQjTgWzuxc1NYNU5zKxAb0lW7APGyTIAm3eulUYn_BXwIpVYioa8IukS6sdisjJJiElJDprVVrYqSuBxS-hZoiQxb_kLrRpcctCg2mUxHbQlJW7tThQScAm_Sk3mRF9CFY7p47AXfGLyIl3UJ40Vym5Q",
          "e": "AQAB"
        },
        "attributes": {
          "enabled": true,
          "created": 1710367952,
          "updated": 1710367952,
          "recoveryLevel": "Recoverable\u002BPurgeable",
          "recoverableDays": 90,
          "exportable": false,
          "hsmPlatform": "0"
        }
      }
    },
    {
      "RequestUri": "https://REDACTED.vault.azure.net/keys/GetCryptoFromKeyVersionRemoteEncrypt-3072/624ba9efe0ac44c7af69e8afa57a89ef/encrypt?api-version=7.5",
      "RequestMethod": "POST",
      "RequestHeaders": {
        "Accept": "application/json",
        "Authorization": "Sanitized",
        "Content-Length": "67",
        "Content-Type": "application/json",
        "User-Agent": "azsdk-cpp-keyvault-keys/4.5.0-beta.1 (Windows 10 Enterprise 6.3 22631 22621.1.amd64fre.ni_release.220506-1250)",
        "x-ms-client-request-id": "59e31fcb-b673-490b-8c3f-e1c2c8f0b63f"
      },
      "RequestBody": {
        "alg": "RSA-OAEP",
        "value": "QSBzaW5nbGUgYmxvY2sgb2YgcGxhaW50ZXh0AA"
      },
      "StatusCode": 200,
      "ResponseHeaders": {
        "Cache-Control": "no-cache",
        "Content-Length": "475",
        "Content-Type": "application/json; charset=utf-8",
        "Date": "Wed, 13 Mar 2024 22:12:31 GMT",
        "Expires": "-1",
        "Pragma": "no-cache",
        "Strict-Transport-Security": "max-age=31536000;includeSubDomains",
        "X-Content-Type-Options": "nosniff",
        "x-ms-client-request-id": "59e31fcb-b673-490b-8c3f-e1c2c8f0b63f",
        "x-ms-keyvault-network-info": "conn_type=Ipv4;addr=174.165.214.215;act_addr_fam=InterNetwork;",
        "x-ms-keyvault-rbac-assignment-id": "4f694960a9464bf0be5a859e7c86da4f",
        "x-ms-keyvault-region": "westus",
        "x-ms-keyvault-service-version": "1.9.1300.1",
        "x-ms-request-id": "4851b91c-dc2a-462c-8ec7-3f1e27d2d060"
      },
      "ResponseBody": {
        "kid": "https://REDACTED.vault.azure.net/keys/GetCryptoFromKeyVersionRemoteEncrypt-3072/624ba9efe0ac44c7af69e8afa57a89ef",
        "value": "uyMmwAMxcTRQYsdGRNkVloLOZ7PA7BeRkdOjdtjpzJAOER32f90BlElGGezMQxz9jfTSgjAgQeNZaNO7wGndpMQ_NUB2nA7AMXnPdMW97bWXrLPDGnyByRHhWVGa6BbQTiNyZUpD5HhU6bFLXKDVQCOGj-WPwdEBaeHoC2w_4fFUMwV-3L19B8DLbdJAZu8Nn8IwmABWzE5iAxXpjZXCMdF4Ho83YuV0Hj19hjZAI2jNxwmrPl4tuMyu1EpPvnLL80UpCgoglhsLNYxwxpKLHWD_KyicV9sStJ8lj_lZIkcJKBA-lLXje3B1OerHT6xf459ORq1UbUN2ugHeBnpj_w"
      }
    },
    {
      "RequestUri": "https://REDACTED.vault.azure.net/keys/GetCryptoFromKeyVersionRemoteEncrypt-3072/624ba9efe0ac44c7af69e8afa57a89ef/decrypt?api-version=7.5",
      "RequestMethod": "POST",
      "RequestHeaders": {
        "Accept": "application/json",
        "Authorization": "Sanitized",
        "Content-Length": "371",
        "Content-Type": "application/json",
        "User-Agent": "azsdk-cpp-keyvault-keys/4.5.0-beta.1 (Windows 10 Enterprise 6.3 22631 22621.1.amd64fre.ni_release.220506-1250)",
        "x-ms-client-request-id": "388af47c-8f61-4b00-b53f-268123919b75"
      },
      "RequestBody": {
        "alg": "RSA-OAEP",
        "value": "uyMmwAMxcTRQYsdGRNkVloLOZ7PA7BeRkdOjdtjpzJAOER32f90BlElGGezMQxz9jfTSgjAgQeNZaNO7wGndpMQ_NUB2nA7AMXnPdMW97bWXrLPDGnyByRHhWVGa6BbQTiNyZUpD5HhU6bFLXKDVQCOGj-WPwdEBaeHoC2w_4fFUMwV-3L19B8DLbdJAZu8Nn8IwmABWzE5iAxXpjZXCMdF4Ho83YuV0Hj19hjZAI2jNxwmrPl4tuMyu1EpPvnLL80UpCgoglhsLNYxwxpKLHWD_KyicV9sStJ8lj_lZIkcJKBA-lLXje3B1OerHT6xf459ORq1UbUN2ugHeBnpj_w"
      },
      "StatusCode": 200,
      "ResponseHeaders": {
        "Cache-Control": "no-cache",
        "Content-Length": "171",
        "Content-Type": "application/json; charset=utf-8",
        "Date": "Wed, 13 Mar 2024 22:12:31 GMT",
        "Expires": "-1",
        "Pragma": "no-cache",
        "Strict-Transport-Security": "max-age=31536000;includeSubDomains",
        "X-Content-Type-Options": "nosniff",
        "x-ms-client-request-id": "388af47c-8f61-4b00-b53f-268123919b75",
        "x-ms-keyvault-network-info": "conn_type=Ipv4;addr=174.165.214.215;act_addr_fam=InterNetwork;",
        "x-ms-keyvault-rbac-assignment-id": "4f694960a9464bf0be5a859e7c86da4f",
        "x-ms-keyvault-region": "westus",
        "x-ms-keyvault-service-version": "1.9.1300.1",
        "x-ms-request-id": "50ede4f4-f550-4def-908c-d761a9ad6287"
      },
      "ResponseBody": {
        "kid": "https://REDACTED.vault.azure.net/keys/GetCryptoFromKeyVersionRemoteEncrypt-3072/624ba9efe0ac44c7af69e8afa57a89ef",
        "value": "QSBzaW5nbGUgYmxvY2sgb2YgcGxhaW50ZXh0AA"
      }
    }
  ],
  "Variables": {}
}
