{
  "Entries": [
    {
      "RequestUri": "https://REDACTED.vault.azure.net/keys/RemoteWrap-Minus215/create?api-version=7.4-preview.1",
      "RequestMethod": "POST",
      "RequestHeaders": {
        "Authorization": "Sanitized",
        "Content-Length": "13",
        "Content-Type": "application/json",
        "User-Agent": "azsdk-cpp-keyvault-keys/4.4.0-beta.1 (Windows 10 Enterprise 6.3 22621 22621.1.amd64fre.ni_release.220506-1250)",
        "x-ms-client-request-id": "48ad2b95-37a2-4f13-720b-e1d68beda003"
      },
      "RequestBody": {
        "kty": "RSA"
      },
      "StatusCode": 200,
      "ResponseHeaders": {
        "Cache-Control": "no-cache",
        "Content-Length": "702",
        "Content-Type": "application/json; charset=utf-8",
        "Date": "Wed, 11 Jan 2023 19:56:07 GMT",
        "Expires": "-1",
        "Pragma": "no-cache",
        "Strict-Transport-Security": "max-age=31536000;includeSubDomains",
        "X-Content-Type-Options": "nosniff",
        "x-ms-client-request-id": "48ad2b95-37a2-4f13-720b-e1d68beda003",
        "x-ms-keyvault-network-info": "conn_type=Ipv4;addr=24.22.157.72;act_addr_fam=InterNetwork;",
        "x-ms-keyvault-region": "eastus2",
        "x-ms-keyvault-service-version": "1.9.576.1",
        "x-ms-request-id": "5b58e46d-b3de-49dc-b1c6-1df499156c9f"
      },
      "ResponseBody": {
        "key": {
          "kid": "https://REDACTED.vault.azure.net/keys/RemoteWrap-Minus215/e3f10a0a941b4337bb9aac32ba13fb21",
          "kty": "RSA",
          "key_ops": [
            "encrypt",
            "decrypt",
            "sign",
            "verify",
            "wrapKey",
            "unwrapKey"
          ],
          "n": "1AA5-9WnekyGZNrmGDjmQlIw7i4GKwka8FWDZ5hs1JOXlqCx5sqYAKDrKU8zu93CIVpkQyQeKMjAWVeYby-GNIVCSDao4cw8xHV5bm_dGe976AayFRDOV9YSl68w6zHoINlb5tqw6BXFNYuqks_i38T1HOxYYoQKIl2aFCzanfC-8IJH60o-AHavHtfUSVWyZY40AzKjtQ6CCdyFGd7lTvUcU5n8WQd2e5AINuOcJG2aFM7-4AZl0-61pFNpSVlyJYEIfqs24z_Y-WsWxAjHrkXV0uGDbjF8bLabht8nwnYnYOQybCiLoxnZ7xdc_n_CvWPsZCwfp6dG9i1GF0oYoQ",
          "e": "AQAB"
        },
        "attributes": {
          "enabled": true,
          "created": 1673466967,
          "updated": 1673466967,
          "recoveryLevel": "Recoverable\u002BPurgeable",
          "recoverableDays": 90,
          "exportable": false
        }
      }
    },
    {
      "RequestUri": "https://REDACTED.vault.azure.net/keys/RemoteWrap-Minus215/e3f10a0a941b4337bb9aac32ba13fb21/wrapKey?api-version=7.4-preview.1",
      "RequestMethod": "POST",
      "RequestHeaders": {
        "Accept": "application/json",
        "Authorization": "Sanitized",
        "Content-Length": "71",
        "Content-Type": "application/json",
        "User-Agent": "azsdk-cpp-KeyVault/4.4.0-beta.1 (Windows 10 Enterprise 6.3 22621 22621.1.amd64fre.ni_release.220506-1250)",
        "x-ms-client-request-id": "0688a10a-4da4-4433-798e-493627a13b94"
      },
      "RequestBody": {
        "alg": "RSA-OAEP-256",
        "value": "QSBzaW5nbGUgYmxvY2sgb2YgcGxhaW50ZXh0AA"
      },
      "StatusCode": 200,
      "ResponseHeaders": {
        "Cache-Control": "no-cache",
        "Content-Length": "453",
        "Content-Type": "application/json; charset=utf-8",
        "Date": "Wed, 11 Jan 2023 19:56:08 GMT",
        "Expires": "-1",
        "Pragma": "no-cache",
        "Strict-Transport-Security": "max-age=31536000;includeSubDomains",
        "X-Content-Type-Options": "nosniff",
        "x-ms-client-request-id": "0688a10a-4da4-4433-798e-493627a13b94",
        "x-ms-keyvault-network-info": "conn_type=Ipv4;addr=24.22.157.72;act_addr_fam=InterNetwork;",
        "x-ms-keyvault-region": "eastus2",
        "x-ms-keyvault-service-version": "1.9.576.1",
        "x-ms-request-id": "d23869f1-5ae3-4b9d-9c87-5426396493aa"
      },
      "ResponseBody": {
        "kid": "https://REDACTED.vault.azure.net/keys/RemoteWrap-Minus215/e3f10a0a941b4337bb9aac32ba13fb21",
        "value": "u6LtamabzpcrGHKETnX_L1xW_6WNyI6ziV-TqXlb4ZEjgx-MXkrvOBfyqIJ3oA0ff8zeMc_VZRb7ljS4ROZ8I-muCzMwWi0lPLUM6aPODlwpvr9VPsveKw2e68bDUjBfcYSMAwAhxJf-XHoMfoB71d_Y3iW9C4Oi-yK3MzQJqn21_J6NunI788JhPOrWoEAzn-gmLZdrFKemIJnUBct8f6mDYKJ-YCl8khCl_HzcpjOQWKF5VOORFG6D77S-zHNteiNSaZ_E-cLYygyu42GrC-Mzmav2bwNvSqBOvgxjRsMvQuQiDItygPaiD-1d--dmkfXOw8geqTUJG5eSP1rSFA"
      }
    },
    {
      "RequestUri": "https://REDACTED.vault.azure.net/keys/RemoteWrap-Minus215/e3f10a0a941b4337bb9aac32ba13fb21/unwrapKey?api-version=7.4-preview.1",
      "RequestMethod": "POST",
      "RequestHeaders": {
        "Accept": "application/json",
        "Authorization": "Sanitized",
        "Content-Length": "375",
        "Content-Type": "application/json",
        "User-Agent": "azsdk-cpp-KeyVault/4.4.0-beta.1 (Windows 10 Enterprise 6.3 22621 22621.1.amd64fre.ni_release.220506-1250)",
        "x-ms-client-request-id": "3d6182c7-d1b7-4e37-5ad5-b6c1875c154a"
      },
      "RequestBody": {
        "alg": "RSA-OAEP-256",
        "value": "u6LtamabzpcrGHKETnX_L1xW_6WNyI6ziV-TqXlb4ZEjgx-MXkrvOBfyqIJ3oA0ff8zeMc_VZRb7ljS4ROZ8I-muCzMwWi0lPLUM6aPODlwpvr9VPsveKw2e68bDUjBfcYSMAwAhxJf-XHoMfoB71d_Y3iW9C4Oi-yK3MzQJqn21_J6NunI788JhPOrWoEAzn-gmLZdrFKemIJnUBct8f6mDYKJ-YCl8khCl_HzcpjOQWKF5VOORFG6D77S-zHNteiNSaZ_E-cLYygyu42GrC-Mzmav2bwNvSqBOvgxjRsMvQuQiDItygPaiD-1d--dmkfXOw8geqTUJG5eSP1rSFA"
      },
      "StatusCode": 200,
      "ResponseHeaders": {
        "Cache-Control": "no-cache",
        "Content-Length": "149",
        "Content-Type": "application/json; charset=utf-8",
        "Date": "Wed, 11 Jan 2023 19:56:08 GMT",
        "Expires": "-1",
        "Pragma": "no-cache",
        "Strict-Transport-Security": "max-age=31536000;includeSubDomains",
        "X-Content-Type-Options": "nosniff",
        "x-ms-client-request-id": "3d6182c7-d1b7-4e37-5ad5-b6c1875c154a",
        "x-ms-keyvault-network-info": "conn_type=Ipv4;addr=24.22.157.72;act_addr_fam=InterNetwork;",
        "x-ms-keyvault-region": "eastus2",
        "x-ms-keyvault-service-version": "1.9.576.1",
        "x-ms-request-id": "b9c1ea6c-bdd6-4b2a-adaf-d2df778c6773"
      },
      "ResponseBody": {
        "kid": "https://REDACTED.vault.azure.net/keys/RemoteWrap-Minus215/e3f10a0a941b4337bb9aac32ba13fb21",
        "value": "QSBzaW5nbGUgYmxvY2sgb2YgcGxhaW50ZXh0AA"
      }
    }
  ],
  "Variables": {}
}
