{
  "Entries": [
    {
      "RequestUri": "https://REDACTED.vault.azure.net/keys/RemoteSignVerifyDataRSA256-0/create?api-version=7.5",
      "RequestMethod": "POST",
      "RequestHeaders": {
        "Authorization": "Sanitized",
        "Content-Length": "31",
        "Content-Type": "application/json",
        "User-Agent": "azsdk-cpp-keyvault-keys/4.5.0-beta.2 (Windows 10 Enterprise 6.3 22631 22621.1.amd64fre.ni_release.220506-1250)",
        "x-ms-client-request-id": "c12be013-0f5e-44ce-a946-caaf8213504f"
      },
      "RequestBody": {
        "attributes": null,
        "kty": "RSA"
      },
      "StatusCode": 200,
      "ResponseHeaders": {
        "Cache-Control": "no-cache",
        "Content-Length": "729",
        "Content-Type": "application/json; charset=utf-8",
        "Date": "Mon, 22 Apr 2024 17:31:45 GMT",
        "Expires": "-1",
        "Pragma": "no-cache",
        "Strict-Transport-Security": "max-age=31536000;includeSubDomains",
        "X-Content-Type-Options": "nosniff",
        "x-ms-client-request-id": "c12be013-0f5e-44ce-a946-caaf8213504f",
        "x-ms-keyvault-network-info": "conn_type=Ipv4;addr=174.165.214.215;act_addr_fam=InterNetwork;",
        "x-ms-keyvault-region": "westus",
        "x-ms-keyvault-service-version": "1.9.1430.1",
        "x-ms-request-id": "1d222953-cef2-4dfe-a7b9-6908a16594c3"
      },
      "ResponseBody": {
        "key": {
          "kid": "https://REDACTED.vault.azure.net/keys/RemoteSignVerifyDataRSA256-0/d7d5eb36c3f1427eb8e82f52c9731131",
          "kty": "RSA",
          "key_ops": [
            "encrypt",
            "decrypt",
            "sign",
            "verify",
            "wrapKey",
            "unwrapKey"
          ],
          "n": "q6KKVTitR0QjG5axw2f2Uk6Bd8569mjKNiDrilVEX9a1ABVQYvLEeRBFjmsCM2Mx5gnfcIbh0DRcvhzUaOaTQ6FFuFfMzhXeBvYMrn6S_zmoG9lcYMdMcRLmdADkrwyJ7umALNIk6PaHCDdpWLZs21RKEjU3shvzkPS8J4JuC2-fs1-FtxbEjFKhnESU8Xm2s43kh8do_6ieQj2wyxtkNuoweh40Wh5rAEGDF2R9z6hZwih7au2Pc7Yuq7KUA0fdfXtmhvo0tXigGbV9nZCNwf6R0J3Aq9ixJkIQkWRTG2Z8Q5f2PnvBolKM3IVVU54ki1SFHTAG3xI_FXuE0rjOLQ",
          "e": "AQAB"
        },
        "attributes": {
          "enabled": true,
          "created": 1713807105,
          "updated": 1713807105,
          "recoveryLevel": "Recoverable+Purgeable",
          "recoverableDays": 90,
          "exportable": false,
          "hsmPlatform": "0"
        }
      }
    },
    {
      "RequestUri": "https://REDACTED.vault.azure.net/keys/RemoteSignVerifyDataRSA256-0/d7d5eb36c3f1427eb8e82f52c9731131/sign?api-version=7.5",
      "RequestMethod": "POST",
      "RequestHeaders": {
        "Accept": "application/json",
        "Authorization": "Sanitized",
        "Content-Length": "69",
        "Content-Type": "application/json",
        "User-Agent": "azsdk-cpp-keyvault-keys/4.5.0-beta.2 (Windows 10 Enterprise 6.3 22631 22621.1.amd64fre.ni_release.220506-1250)",
        "x-ms-client-request-id": "ed568fee-b0d4-41b5-ac85-28e4dba3afb2"
      },
      "RequestBody": {
        "alg": "RS256",
        "value": "OI4wZg49JzSRowh4GmVVx9J08bsXidnLYAMOSo7QI-k"
      },
      "StatusCode": 200,
      "ResponseHeaders": {
        "Cache-Control": "no-cache",
        "Content-Length": "462",
        "Content-Type": "application/json; charset=utf-8",
        "Date": "Mon, 22 Apr 2024 17:31:45 GMT",
        "Expires": "-1",
        "Pragma": "no-cache",
        "Strict-Transport-Security": "max-age=31536000;includeSubDomains",
        "X-Content-Type-Options": "nosniff",
        "x-ms-client-request-id": "ed568fee-b0d4-41b5-ac85-28e4dba3afb2",
        "x-ms-keyvault-network-info": "conn_type=Ipv4;addr=174.165.214.215;act_addr_fam=InterNetwork;",
        "x-ms-keyvault-region": "westus",
        "x-ms-keyvault-service-version": "1.9.1430.1",
        "x-ms-request-id": "ebdd76a7-8de6-4e19-91e4-4510ba552016"
      },
      "ResponseBody": {
        "kid": "https://REDACTED.vault.azure.net/keys/RemoteSignVerifyDataRSA256-0/d7d5eb36c3f1427eb8e82f52c9731131",
        "value": "IbwOR3duRfQhJbBwlrfOcmqiezbqzz-ye9KfeKdZyxWTfosY9hu8GxuEu6BT5G8Dvs4azL1Cl9KsM3hqh_bggDDdfi4V6U_67sU_ua5wfhZAca4w2EZbhdLryFXTzO0j1cWGwz69AQ9SdvXwHV3yby_UuzaJlCgn9aTgHhY9_Vo_6OxigkU9NzlZvTHwb2k7ppB-xJnLzXxLZzUTNf4-nBTB8drYnwce1aZHDBfTxu8DN6DtODIAeYkwgso7wasO9UinI901bm8C6_R4QmU-RBnCqBEhaAh30lX_B83ZMTfKe0wjYIXEgFvy5CCxg5vdY2sGyqAwpsz6BOZXiBStKg"
      }
    },
    {
      "RequestUri": "https://REDACTED.vault.azure.net/keys/RemoteSignVerifyDataRSA256-0/d7d5eb36c3f1427eb8e82f52c9731131/verify?api-version=7.5",
      "RequestMethod": "POST",
      "RequestHeaders": {
        "Accept": "application/json",
        "Authorization": "Sanitized",
        "Content-Length": "423",
        "Content-Type": "application/json",
        "User-Agent": "azsdk-cpp-keyvault-keys/4.5.0-beta.2 (Windows 10 Enterprise 6.3 22631 22621.1.amd64fre.ni_release.220506-1250)",
        "x-ms-client-request-id": "100fef35-0fb8-431f-95b4-ee422d9a48c0"
      },
      "RequestBody": {
        "alg": "RS256",
        "digest": "OI4wZg49JzSRowh4GmVVx9J08bsXidnLYAMOSo7QI-k",
        "value": "IbwOR3duRfQhJbBwlrfOcmqiezbqzz-ye9KfeKdZyxWTfosY9hu8GxuEu6BT5G8Dvs4azL1Cl9KsM3hqh_bggDDdfi4V6U_67sU_ua5wfhZAca4w2EZbhdLryFXTzO0j1cWGwz69AQ9SdvXwHV3yby_UuzaJlCgn9aTgHhY9_Vo_6OxigkU9NzlZvTHwb2k7ppB-xJnLzXxLZzUTNf4-nBTB8drYnwce1aZHDBfTxu8DN6DtODIAeYkwgso7wasO9UinI901bm8C6_R4QmU-RBnCqBEhaAh30lX_B83ZMTfKe0wjYIXEgFvy5CCxg5vdY2sGyqAwpsz6BOZXiBStKg"
      },
      "StatusCode": 200,
      "ResponseHeaders": {
        "Cache-Control": "no-cache",
        "Content-Length": "14",
        "Content-Type": "application/json; charset=utf-8",
        "Date": "Mon, 22 Apr 2024 17:31:45 GMT",
        "Expires": "-1",
        "Pragma": "no-cache",
        "Strict-Transport-Security": "max-age=31536000;includeSubDomains",
        "X-Content-Type-Options": "nosniff",
        "x-ms-client-request-id": "100fef35-0fb8-431f-95b4-ee422d9a48c0",
        "x-ms-keyvault-network-info": "conn_type=Ipv4;addr=174.165.214.215;act_addr_fam=InterNetwork;",
        "x-ms-keyvault-region": "westus",
        "x-ms-keyvault-service-version": "1.9.1430.1",
        "x-ms-request-id": "4c8aead8-3036-4073-bcb6-eb3163ede230"
      },
      "ResponseBody": {
        "value": true
      }
    },
    {
      "RequestUri": "https://REDACTED.vault.azure.net/keys/RemoteSignVerifyDataRSA256-0/d7d5eb36c3f1427eb8e82f52c9731131/sign?api-version=7.5",
      "RequestMethod": "POST",
      "RequestHeaders": {
        "Accept": "application/json",
        "Authorization": "Sanitized",
        "Content-Length": "69",
        "Content-Type": "application/json",
        "User-Agent": "azsdk-cpp-keyvault-keys/4.5.0-beta.2 (Windows 10 Enterprise 6.3 22631 22621.1.amd64fre.ni_release.220506-1250)",
        "x-ms-client-request-id": "48a9c9b7-a5e7-45a1-88b9-13a77181439a"
      },
      "RequestBody": {
        "alg": "PS256",
        "value": "OI4wZg49JzSRowh4GmVVx9J08bsXidnLYAMOSo7QI-k"
      },
      "StatusCode": 200,
      "ResponseHeaders": {
        "Cache-Control": "no-cache",
        "Content-Length": "462",
        "Content-Type": "application/json; charset=utf-8",
        "Date": "Mon, 22 Apr 2024 17:31:45 GMT",
        "Expires": "-1",
        "Pragma": "no-cache",
        "Strict-Transport-Security": "max-age=31536000;includeSubDomains",
        "X-Content-Type-Options": "nosniff",
        "x-ms-client-request-id": "48a9c9b7-a5e7-45a1-88b9-13a77181439a",
        "x-ms-keyvault-network-info": "conn_type=Ipv4;addr=174.165.214.215;act_addr_fam=InterNetwork;",
        "x-ms-keyvault-region": "westus",
        "x-ms-keyvault-service-version": "1.9.1430.1",
        "x-ms-request-id": "e1892914-21b2-4297-b9eb-eb575df3ed23"
      },
      "ResponseBody": {
        "kid": "https://REDACTED.vault.azure.net/keys/RemoteSignVerifyDataRSA256-0/d7d5eb36c3f1427eb8e82f52c9731131",
        "value": "BWSaWYI5yTQtyAY3E-u1qNSzE18taWhTH7yFTGN6HWEWCnpNhjhxF0M9B2o0zVwEZRqISLNctV1NPKn9XHBXekaJxHwVaOefFN5391B9DvLU3XMb5cnrfPvW1bswwjT1dICW8EK3TJidhsaZTYmmiWoQyWtwPZsY27JCendP5AxXY6WnjCRE9elO2-23vtxQSj9vCeY66_0DrDneGM74HFHjJT8Xjlw0vNSUGjgK1kv7XxTOnjUp_bRZGZa0laQ4B_RAlQQDWweT-aFYjvGe1Ql2KOE9-pC4UyJv0KvNODMI0oPTlzrgeJ_WY76OtkgMdRo3kK6xPhPFTtbo1hig9Q"
      }
    },
    {
      "RequestUri": "https://REDACTED.vault.azure.net/keys/RemoteSignVerifyDataRSA256-0/d7d5eb36c3f1427eb8e82f52c9731131/verify?api-version=7.5",
      "RequestMethod": "POST",
      "RequestHeaders": {
        "Accept": "application/json",
        "Authorization": "Sanitized",
        "Content-Length": "423",
        "Content-Type": "application/json",
        "User-Agent": "azsdk-cpp-keyvault-keys/4.5.0-beta.2 (Windows 10 Enterprise 6.3 22631 22621.1.amd64fre.ni_release.220506-1250)",
        "x-ms-client-request-id": "0957b2cc-97ca-4317-8d0c-272d4d7256fb"
      },
      "RequestBody": {
        "alg": "PS256",
        "digest": "OI4wZg49JzSRowh4GmVVx9J08bsXidnLYAMOSo7QI-k",
        "value": "BWSaWYI5yTQtyAY3E-u1qNSzE18taWhTH7yFTGN6HWEWCnpNhjhxF0M9B2o0zVwEZRqISLNctV1NPKn9XHBXekaJxHwVaOefFN5391B9DvLU3XMb5cnrfPvW1bswwjT1dICW8EK3TJidhsaZTYmmiWoQyWtwPZsY27JCendP5AxXY6WnjCRE9elO2-23vtxQSj9vCeY66_0DrDneGM74HFHjJT8Xjlw0vNSUGjgK1kv7XxTOnjUp_bRZGZa0laQ4B_RAlQQDWweT-aFYjvGe1Ql2KOE9-pC4UyJv0KvNODMI0oPTlzrgeJ_WY76OtkgMdRo3kK6xPhPFTtbo1hig9Q"
      },
      "StatusCode": 200,
      "ResponseHeaders": {
        "Cache-Control": "no-cache",
        "Content-Length": "14",
        "Content-Type": "application/json; charset=utf-8",
        "Date": "Mon, 22 Apr 2024 17:31:45 GMT",
        "Expires": "-1",
        "Pragma": "no-cache",
        "Strict-Transport-Security": "max-age=31536000;includeSubDomains",
        "X-Content-Type-Options": "nosniff",
        "x-ms-client-request-id": "0957b2cc-97ca-4317-8d0c-272d4d7256fb",
        "x-ms-keyvault-network-info": "conn_type=Ipv4;addr=174.165.214.215;act_addr_fam=InterNetwork;",
        "x-ms-keyvault-region": "westus",
        "x-ms-keyvault-service-version": "1.9.1430.1",
        "x-ms-request-id": "07a10db9-f054-4934-8f61-e5513e4e99d2"
      },
      "ResponseBody": {
        "value": true
      }
    }
  ],
  "Variables": {}
}
