{
  "Entries": [
    {
      "RequestUri": "https://REDACTED.vault.azure.net/keys/GetCryptoFromKeyVersionRemoteEncrypt-2048/create?api-version=7.5",
      "RequestMethod": "POST",
      "RequestHeaders": {
        "Authorization": "Sanitized",
        "Content-Length": "31",
        "Content-Type": "application/json",
        "User-Agent": "azsdk-cpp-keyvault-keys/4.5.0-beta.2 (Windows 10 Enterprise 6.3 22631 22621.1.amd64fre.ni_release.220506-1250)",
        "x-ms-client-request-id": "f7a98526-db30-4f3a-b1cc-66f98eb3ad38"
      },
      "RequestBody": {
        "attributes": null,
        "kty": "RSA"
      },
      "StatusCode": 200,
      "ResponseHeaders": {
        "Cache-Control": "no-cache",
        "Content-Length": "742",
        "Content-Type": "application/json; charset=utf-8",
        "Date": "Mon, 22 Apr 2024 17:32:39 GMT",
        "Expires": "-1",
        "Pragma": "no-cache",
        "Strict-Transport-Security": "max-age=31536000;includeSubDomains",
        "X-Content-Type-Options": "nosniff",
        "x-ms-client-request-id": "f7a98526-db30-4f3a-b1cc-66f98eb3ad38",
        "x-ms-keyvault-network-info": "conn_type=Ipv4;addr=174.165.214.215;act_addr_fam=InterNetwork;",
        "x-ms-keyvault-region": "westus",
        "x-ms-keyvault-service-version": "1.9.1430.1",
        "x-ms-request-id": "67cf8feb-d24d-476c-90bd-6cc0afab7347"
      },
      "ResponseBody": {
        "key": {
          "kid": "https://REDACTED.vault.azure.net/keys/GetCryptoFromKeyVersionRemoteEncrypt-2048/ecb40a584f88442899d0d12a2f53281a",
          "kty": "RSA",
          "key_ops": [
            "encrypt",
            "decrypt",
            "sign",
            "verify",
            "wrapKey",
            "unwrapKey"
          ],
          "n": "8FuOlSP7EyY8recreVSiuOfxsHGiMsZ6bl9zEt3tDq5kvNEfMP-iHkrytKGDBO-DC6siAnmb4qDWKMR6Z9DaHPFLLzG0jCuhCRpPUAdNfjorY8Fo6r5TsuVCvIQFBiWx0M4fBtEInAMAtP2Y8dzP59eWM3bjC8aR9YEuePiEi9e4H2Psekj1ZwR6BMwCa_kRYCRU4RNXSHWXAJyX1qCAnm2l-G4_yPJ3uL0Hp2zycncXK68J9njBonLnSE7zjPdnwcZyvFznNQqrrkNN1EthMehrspxq5BaMndvu8nJ0bRYlI0rekL3v_mc8EBGSI4fv4aW-1GjS1_3kD9znqc1_fQ",
          "e": "AQAB"
        },
        "attributes": {
          "enabled": true,
          "created": 1713807160,
          "updated": 1713807160,
          "recoveryLevel": "Recoverable+Purgeable",
          "recoverableDays": 90,
          "exportable": false,
          "hsmPlatform": "0"
        }
      }
    },
    {
      "RequestUri": "https://REDACTED.vault.azure.net/keys/GetCryptoFromKeyVersionRemoteEncrypt-2048/ecb40a584f88442899d0d12a2f53281a/encrypt?api-version=7.5",
      "RequestMethod": "POST",
      "RequestHeaders": {
        "Accept": "application/json",
        "Authorization": "Sanitized",
        "Content-Length": "67",
        "Content-Type": "application/json",
        "User-Agent": "azsdk-cpp-keyvault-keys/4.5.0-beta.2 (Windows 10 Enterprise 6.3 22631 22621.1.amd64fre.ni_release.220506-1250)",
        "x-ms-client-request-id": "737372c6-84e2-4e21-9522-f7648324ea42"
      },
      "RequestBody": {
        "alg": "RSA-OAEP",
        "value": "QSBzaW5nbGUgYmxvY2sgb2YgcGxhaW50ZXh0AA"
      },
      "StatusCode": 200,
      "ResponseHeaders": {
        "Cache-Control": "no-cache",
        "Content-Length": "475",
        "Content-Type": "application/json; charset=utf-8",
        "Date": "Mon, 22 Apr 2024 17:32:39 GMT",
        "Expires": "-1",
        "Pragma": "no-cache",
        "Strict-Transport-Security": "max-age=31536000;includeSubDomains",
        "X-Content-Type-Options": "nosniff",
        "x-ms-client-request-id": "737372c6-84e2-4e21-9522-f7648324ea42",
        "x-ms-keyvault-network-info": "conn_type=Ipv4;addr=174.165.214.215;act_addr_fam=InterNetwork;",
        "x-ms-keyvault-region": "westus",
        "x-ms-keyvault-service-version": "1.9.1430.1",
        "x-ms-request-id": "6e92f01c-66a4-45fd-a0d2-9fb1bc150f05"
      },
      "ResponseBody": {
        "kid": "https://REDACTED.vault.azure.net/keys/GetCryptoFromKeyVersionRemoteEncrypt-2048/ecb40a584f88442899d0d12a2f53281a",
        "value": "w2nS5AEeotBDyJiMSX2KsR2z0q1oPKI9pDEAiljE1j4VBOBWfH6VPBBy3eWgK3cukF-p1axDjsOCuVr3OqwSwgHQMS-nFQslw-zn5s4oZ7ipRZsox4KwVpNIsYdwh_YnEaTPeJS2q3uMYlYBbgn8StyECfPRFpptQGETW-YYQMCUk_a7LBUHNdGE1GyMLHNBWuAkK2u0X3s__YQj5eU0QK7jdV41nwY55ZJP7wbYiA_gqIl7KtPvsaxXTaVexVh3mAkagOiCvk4r_7IFiClJijZVaScLQzkcmx889b_LhPi0pBiRzYTSdF1URcRgB3JGsBMEBFHXNVg4ZdP3_Q2cig"
      }
    },
    {
      "RequestUri": "https://REDACTED.vault.azure.net/keys/GetCryptoFromKeyVersionRemoteEncrypt-2048/ecb40a584f88442899d0d12a2f53281a/decrypt?api-version=7.5",
      "RequestMethod": "POST",
      "RequestHeaders": {
        "Accept": "application/json",
        "Authorization": "Sanitized",
        "Content-Length": "371",
        "Content-Type": "application/json",
        "User-Agent": "azsdk-cpp-keyvault-keys/4.5.0-beta.2 (Windows 10 Enterprise 6.3 22631 22621.1.amd64fre.ni_release.220506-1250)",
        "x-ms-client-request-id": "fa6f0fe6-5032-4d5e-8fc3-e45bbc9c7e2d"
      },
      "RequestBody": {
        "alg": "RSA-OAEP",
        "value": "w2nS5AEeotBDyJiMSX2KsR2z0q1oPKI9pDEAiljE1j4VBOBWfH6VPBBy3eWgK3cukF-p1axDjsOCuVr3OqwSwgHQMS-nFQslw-zn5s4oZ7ipRZsox4KwVpNIsYdwh_YnEaTPeJS2q3uMYlYBbgn8StyECfPRFpptQGETW-YYQMCUk_a7LBUHNdGE1GyMLHNBWuAkK2u0X3s__YQj5eU0QK7jdV41nwY55ZJP7wbYiA_gqIl7KtPvsaxXTaVexVh3mAkagOiCvk4r_7IFiClJijZVaScLQzkcmx889b_LhPi0pBiRzYTSdF1URcRgB3JGsBMEBFHXNVg4ZdP3_Q2cig"
      },
      "StatusCode": 200,
      "ResponseHeaders": {
        "Cache-Control": "no-cache",
        "Content-Length": "171",
        "Content-Type": "application/json; charset=utf-8",
        "Date": "Mon, 22 Apr 2024 17:32:39 GMT",
        "Expires": "-1",
        "Pragma": "no-cache",
        "Strict-Transport-Security": "max-age=31536000;includeSubDomains",
        "X-Content-Type-Options": "nosniff",
        "x-ms-client-request-id": "fa6f0fe6-5032-4d5e-8fc3-e45bbc9c7e2d",
        "x-ms-keyvault-network-info": "conn_type=Ipv4;addr=174.165.214.215;act_addr_fam=InterNetwork;",
        "x-ms-keyvault-region": "westus",
        "x-ms-keyvault-service-version": "1.9.1430.1",
        "x-ms-request-id": "acc3d97a-2a02-4e9c-b7be-a32a713e5d8a"
      },
      "ResponseBody": {
        "kid": "https://REDACTED.vault.azure.net/keys/GetCryptoFromKeyVersionRemoteEncrypt-2048/ecb40a584f88442899d0d12a2f53281a",
        "value": "QSBzaW5nbGUgYmxvY2sgb2YgcGxhaW50ZXh0AA"
      }
    }
  ],
  "Variables": {}
}
