{
  "Entries": [
    {
      "RequestUri": "https://REDACTED.vault.azure.net/keys/RemoteSignVerifyRSA256-233/create?api-version=7.5",
      "RequestMethod": "POST",
      "RequestHeaders": {
        "Authorization": "Sanitized",
        "Content-Length": "31",
        "Content-Type": "application/json",
        "User-Agent": "azsdk-cpp-keyvault-keys/4.5.0-beta.2 (Windows 10 Enterprise 6.3 22631 22621.1.amd64fre.ni_release.220506-1250)",
        "x-ms-client-request-id": "574aa0ae-a00c-4ada-bf5c-d790d554ce3f"
      },
      "RequestBody": {
        "attributes": null,
        "kty": "RSA"
      },
      "StatusCode": 200,
      "ResponseHeaders": {
        "Cache-Control": "no-cache",
        "Content-Length": "727",
        "Content-Type": "application/json; charset=utf-8",
        "Date": "Mon, 22 Apr 2024 17:31:07 GMT",
        "Expires": "-1",
        "Pragma": "no-cache",
        "Strict-Transport-Security": "max-age=31536000;includeSubDomains",
        "X-Content-Type-Options": "nosniff",
        "x-ms-client-request-id": "574aa0ae-a00c-4ada-bf5c-d790d554ce3f",
        "x-ms-keyvault-network-info": "conn_type=Ipv4;addr=174.165.214.215;act_addr_fam=InterNetwork;",
        "x-ms-keyvault-region": "westus",
        "x-ms-keyvault-service-version": "1.9.1430.1",
        "x-ms-request-id": "996960c9-e22e-4750-8dfd-14822ef3a63a"
      },
      "ResponseBody": {
        "key": {
          "kid": "https://REDACTED.vault.azure.net/keys/RemoteSignVerifyRSA256-233/51c7767ed42048a0ba98effd539aedc4",
          "kty": "RSA",
          "key_ops": [
            "encrypt",
            "decrypt",
            "sign",
            "verify",
            "wrapKey",
            "unwrapKey"
          ],
          "n": "uBxZXSM9SGqou5MVSQOLG2vgRKzpJWpJeFVmhh1LO-pvMJZXQvsJylcwZDWMbkceOuR43ZZT7245ys4iTJLD0SEpsot3nlFV9F1VYtGGt6BN6My25K3J4B50inZ_BhNN6xmF23JRNsYUnxfvxEbhGW1x_V5CN8J56XixYLRWn6cbJAKYoFGzm7rOsTucF0XN7jm5PqwbXRSwonu3AkKymcC8XPEcF2qCNSiQJ7gTvfIQogd5r9Ipl7LPBlDDCpfyP9vG1T9uO33n7KSx2g6il_0r95CdbvEhK3Hluc50ZULgfp-JdsNo6XM2mRzCDh5Kbm8hjwT76-eKG43M8n4ZlQ",
          "e": "AQAB"
        },
        "attributes": {
          "enabled": true,
          "created": 1713807067,
          "updated": 1713807067,
          "recoveryLevel": "Recoverable+Purgeable",
          "recoverableDays": 90,
          "exportable": false,
          "hsmPlatform": "0"
        }
      }
    },
    {
      "RequestUri": "https://REDACTED.vault.azure.net/keys/RemoteSignVerifyRSA256-233/51c7767ed42048a0ba98effd539aedc4/sign?api-version=7.5",
      "RequestMethod": "POST",
      "RequestHeaders": {
        "Accept": "application/json",
        "Authorization": "Sanitized",
        "Content-Length": "69",
        "Content-Type": "application/json",
        "User-Agent": "azsdk-cpp-keyvault-keys/4.5.0-beta.2 (Windows 10 Enterprise 6.3 22631 22621.1.amd64fre.ni_release.220506-1250)",
        "x-ms-client-request-id": "583bbbe6-978a-4d17-9a93-7e8c22526854"
      },
      "RequestBody": {
        "alg": "RS256",
        "value": "YPMYCWi4F5iB0VeftRDvoh3NWmgJncjBwLa45jptbxA"
      },
      "StatusCode": 200,
      "ResponseHeaders": {
        "Cache-Control": "no-cache",
        "Content-Length": "460",
        "Content-Type": "application/json; charset=utf-8",
        "Date": "Mon, 22 Apr 2024 17:31:07 GMT",
        "Expires": "-1",
        "Pragma": "no-cache",
        "Strict-Transport-Security": "max-age=31536000;includeSubDomains",
        "X-Content-Type-Options": "nosniff",
        "x-ms-client-request-id": "583bbbe6-978a-4d17-9a93-7e8c22526854",
        "x-ms-keyvault-network-info": "conn_type=Ipv4;addr=174.165.214.215;act_addr_fam=InterNetwork;",
        "x-ms-keyvault-region": "westus",
        "x-ms-keyvault-service-version": "1.9.1430.1",
        "x-ms-request-id": "8180ce51-4fb5-4921-92f4-f8631d5213e7"
      },
      "ResponseBody": {
        "kid": "https://REDACTED.vault.azure.net/keys/RemoteSignVerifyRSA256-233/51c7767ed42048a0ba98effd539aedc4",
        "value": "TC0fNC3jBzIyALnMHeVbqkq5qP5olRFtXQ05kTPWja82SKFyxlb04QARIAVteqcXaKW8PHmMPxxrj9NlCHwi426ZKXcRyzVnyFGJct3uqKaDapn3z0IK9SoM4HbFlyBaZwUIgWrhYOIGIyrJi2rbELrSOGXS7PU6Qup4lGyCoOt1r6EIwyhpc1OiJqBIoG5vlBh8Ek202TVmzr1LIJe8OP1LcLnO0Bkk9W6UCIs3PpwAVL1NCGlCIL3--0cvHbB801xcHgTa1i-qvq6x5_jLSbwYxQEdJE1S4CjvEWt3gBVreBIA7_fl1criDNpuXMXaedauv9BmW8l9nwZdrNCJQA"
      }
    },
    {
      "RequestUri": "https://REDACTED.vault.azure.net/keys/RemoteSignVerifyRSA256-233/51c7767ed42048a0ba98effd539aedc4/verify?api-version=7.5",
      "RequestMethod": "POST",
      "RequestHeaders": {
        "Accept": "application/json",
        "Authorization": "Sanitized",
        "Content-Length": "423",
        "Content-Type": "application/json",
        "User-Agent": "azsdk-cpp-keyvault-keys/4.5.0-beta.2 (Windows 10 Enterprise 6.3 22631 22621.1.amd64fre.ni_release.220506-1250)",
        "x-ms-client-request-id": "989c65ae-47fa-48fb-abd7-e5c9483a8868"
      },
      "RequestBody": {
        "alg": "RS256",
        "digest": "YPMYCWi4F5iB0VeftRDvoh3NWmgJncjBwLa45jptbxA",
        "value": "TC0fNC3jBzIyALnMHeVbqkq5qP5olRFtXQ05kTPWja82SKFyxlb04QARIAVteqcXaKW8PHmMPxxrj9NlCHwi426ZKXcRyzVnyFGJct3uqKaDapn3z0IK9SoM4HbFlyBaZwUIgWrhYOIGIyrJi2rbELrSOGXS7PU6Qup4lGyCoOt1r6EIwyhpc1OiJqBIoG5vlBh8Ek202TVmzr1LIJe8OP1LcLnO0Bkk9W6UCIs3PpwAVL1NCGlCIL3--0cvHbB801xcHgTa1i-qvq6x5_jLSbwYxQEdJE1S4CjvEWt3gBVreBIA7_fl1criDNpuXMXaedauv9BmW8l9nwZdrNCJQA"
      },
      "StatusCode": 200,
      "ResponseHeaders": {
        "Cache-Control": "no-cache",
        "Content-Length": "14",
        "Content-Type": "application/json; charset=utf-8",
        "Date": "Mon, 22 Apr 2024 17:31:07 GMT",
        "Expires": "-1",
        "Pragma": "no-cache",
        "Strict-Transport-Security": "max-age=31536000;includeSubDomains",
        "X-Content-Type-Options": "nosniff",
        "x-ms-client-request-id": "989c65ae-47fa-48fb-abd7-e5c9483a8868",
        "x-ms-keyvault-network-info": "conn_type=Ipv4;addr=174.165.214.215;act_addr_fam=InterNetwork;",
        "x-ms-keyvault-region": "westus",
        "x-ms-keyvault-service-version": "1.9.1430.1",
        "x-ms-request-id": "6368630c-2c24-4626-93aa-7a26075e9198"
      },
      "ResponseBody": {
        "value": true
      }
    },
    {
      "RequestUri": "https://REDACTED.vault.azure.net/keys/RemoteSignVerifyRSA256-233/51c7767ed42048a0ba98effd539aedc4/sign?api-version=7.5",
      "RequestMethod": "POST",
      "RequestHeaders": {
        "Accept": "application/json",
        "Authorization": "Sanitized",
        "Content-Length": "69",
        "Content-Type": "application/json",
        "User-Agent": "azsdk-cpp-keyvault-keys/4.5.0-beta.2 (Windows 10 Enterprise 6.3 22631 22621.1.amd64fre.ni_release.220506-1250)",
        "x-ms-client-request-id": "6c171a8b-15ce-4fdb-b737-6be674133821"
      },
      "RequestBody": {
        "alg": "PS256",
        "value": "YPMYCWi4F5iB0VeftRDvoh3NWmgJncjBwLa45jptbxA"
      },
      "StatusCode": 200,
      "ResponseHeaders": {
        "Cache-Control": "no-cache",
        "Content-Length": "460",
        "Content-Type": "application/json; charset=utf-8",
        "Date": "Mon, 22 Apr 2024 17:31:07 GMT",
        "Expires": "-1",
        "Pragma": "no-cache",
        "Strict-Transport-Security": "max-age=31536000;includeSubDomains",
        "X-Content-Type-Options": "nosniff",
        "x-ms-client-request-id": "6c171a8b-15ce-4fdb-b737-6be674133821",
        "x-ms-keyvault-network-info": "conn_type=Ipv4;addr=174.165.214.215;act_addr_fam=InterNetwork;",
        "x-ms-keyvault-region": "westus",
        "x-ms-keyvault-service-version": "1.9.1430.1",
        "x-ms-request-id": "7dda83cc-9f1f-4954-90dc-b5a8e4240a67"
      },
      "ResponseBody": {
        "kid": "https://REDACTED.vault.azure.net/keys/RemoteSignVerifyRSA256-233/51c7767ed42048a0ba98effd539aedc4",
        "value": "PC-zKacrzdAMTLuAH9Rc35OToF712WvO03Cvnjxp_w_aYBQOqhEO4CWZVXcyd07wIUCNgMoBY4-rWcMbut45W8lWT2xweiGBlvehORfMm3KK_LOJDGX4gwYLvioKD7GY5qn818vDO_-QgXIsUJVkrj9XKYAvJlP2dAd107UdBDGPH-mQGxcJbboW7mHadwNKhyDakgS_sKRzq3sftXI74S8huKONpMajTlEn-9JZQWP9Lf-ieSSABAiw-LOmx_rfxvE5GSv393ZcerG20HtMvx6ShuN8y8TkwtKjyVIo42hdEz9r2dH3tBSsweIK9tOt-MhhXrglsHcAxoc64cVVMA"
      }
    },
    {
      "RequestUri": "https://REDACTED.vault.azure.net/keys/RemoteSignVerifyRSA256-233/51c7767ed42048a0ba98effd539aedc4/verify?api-version=7.5",
      "RequestMethod": "POST",
      "RequestHeaders": {
        "Accept": "application/json",
        "Authorization": "Sanitized",
        "Content-Length": "423",
        "Content-Type": "application/json",
        "User-Agent": "azsdk-cpp-keyvault-keys/4.5.0-beta.2 (Windows 10 Enterprise 6.3 22631 22621.1.amd64fre.ni_release.220506-1250)",
        "x-ms-client-request-id": "83151505-12aa-4d46-93c4-9f7bf25e7a01"
      },
      "RequestBody": {
        "alg": "PS256",
        "digest": "YPMYCWi4F5iB0VeftRDvoh3NWmgJncjBwLa45jptbxA",
        "value": "PC-zKacrzdAMTLuAH9Rc35OToF712WvO03Cvnjxp_w_aYBQOqhEO4CWZVXcyd07wIUCNgMoBY4-rWcMbut45W8lWT2xweiGBlvehORfMm3KK_LOJDGX4gwYLvioKD7GY5qn818vDO_-QgXIsUJVkrj9XKYAvJlP2dAd107UdBDGPH-mQGxcJbboW7mHadwNKhyDakgS_sKRzq3sftXI74S8huKONpMajTlEn-9JZQWP9Lf-ieSSABAiw-LOmx_rfxvE5GSv393ZcerG20HtMvx6ShuN8y8TkwtKjyVIo42hdEz9r2dH3tBSsweIK9tOt-MhhXrglsHcAxoc64cVVMA"
      },
      "StatusCode": 200,
      "ResponseHeaders": {
        "Cache-Control": "no-cache",
        "Content-Length": "14",
        "Content-Type": "application/json; charset=utf-8",
        "Date": "Mon, 22 Apr 2024 17:31:07 GMT",
        "Expires": "-1",
        "Pragma": "no-cache",
        "Strict-Transport-Security": "max-age=31536000;includeSubDomains",
        "X-Content-Type-Options": "nosniff",
        "x-ms-client-request-id": "83151505-12aa-4d46-93c4-9f7bf25e7a01",
        "x-ms-keyvault-network-info": "conn_type=Ipv4;addr=174.165.214.215;act_addr_fam=InterNetwork;",
        "x-ms-keyvault-region": "westus",
        "x-ms-keyvault-service-version": "1.9.1430.1",
        "x-ms-request-id": "f909a228-4cfe-4277-a23f-62c84cddf0e9"
      },
      "ResponseBody": {
        "value": true
      }
    }
  ],
  "Variables": {}
}
