{
  "Entries": [
    {
      "RequestUri": "https://REDACTED.vault.azure.net/keys/RemoteSignVerifyRSA256-2048/create?api-version=7.3",
      "RequestMethod": "POST",
      "RequestHeaders": {
        "Authorization": "Sanitized",
        "Content-Length": "31",
        "Content-Type": "application/json",
        "User-Agent": "azsdk-cpp-keyvault-keys/4.4.0-beta.1 (Windows 10 Enterprise 6.3 22621 22621.1.amd64fre.ni_release.220506-1250)",
        "x-ms-client-request-id": "e02b2987-8d95-4bd5-48b2-ac115da579ba"
      },
      "RequestBody": {
        "attributes": null,
        "kty": "RSA"
      },
      "StatusCode": 200,
      "ResponseHeaders": {
        "Cache-Control": "no-cache",
        "Content-Length": "710",
        "Content-Type": "application/json; charset=utf-8",
        "Date": "Fri, 24 Feb 2023 20:17:38 GMT",
        "Expires": "-1",
        "Pragma": "no-cache",
        "Strict-Transport-Security": "max-age=31536000;includeSubDomains",
        "X-Content-Type-Options": "nosniff",
        "x-ms-client-request-id": "e02b2987-8d95-4bd5-48b2-ac115da579ba",
        "x-ms-keyvault-network-info": "conn_type=Ipv4;addr=24.16.103.130;act_addr_fam=InterNetwork;",
        "x-ms-keyvault-region": "eastus2",
        "x-ms-keyvault-service-version": "1.9.713.1",
        "x-ms-request-id": "20bb62b7-dcd0-46bd-acd1-045cdb5d47c3"
      },
      "ResponseBody": {
        "key": {
          "kid": "https://REDACTED.vault.azure.net/keys/RemoteSignVerifyRSA256-2048/c30af99d962f48c68f259f1cbd605248",
          "kty": "RSA",
          "key_ops": [
            "encrypt",
            "decrypt",
            "sign",
            "verify",
            "wrapKey",
            "unwrapKey"
          ],
          "n": "8lYkjAf8J-YDgvUe74_bwRuJQL78oAxXTKVMl4gFOH4dMuXqcv8fDczimwwwrBgCiWfAvDPrOLedv4phujpneAh-Zk0lrEU_VuxKqW6m2Lea-11Mh6TbYIG-R5FS7WwPCTgV7m8ANaEFaQIGoquH68RER9tzFZwbp2SV8DqAWCit8E-EY2AaVe9WWHyxW6-bv4W58iWGZMNXCz03-8CeD0lNCaGYQAMtRR1fLIGlkabLFbTTwaYLkGd1_gk8hnv3Xi2QqUHEp2Qu1OpMbdP1pytCi4HKa6cpd3FzpMduxJN3kv5H4IkI67-VhQ29y61l7r7yStGHvLk5nc-eAs-JgQ",
          "e": "AQAB"
        },
        "attributes": {
          "enabled": true,
          "created": 1677269859,
          "updated": 1677269859,
          "recoveryLevel": "Recoverable\u002BPurgeable",
          "recoverableDays": 90,
          "exportable": false
        }
      }
    },
    {
      "RequestUri": "https://REDACTED.vault.azure.net/keys/RemoteSignVerifyRSA256-2048/c30af99d962f48c68f259f1cbd605248/sign?api-version=7.3",
      "RequestMethod": "POST",
      "RequestHeaders": {
        "Accept": "application/json",
        "Authorization": "Sanitized",
        "Content-Length": "69",
        "Content-Type": "application/json",
        "User-Agent": "azsdk-cpp-KeyVault/4.4.0-beta.1 (Windows 10 Enterprise 6.3 22621 22621.1.amd64fre.ni_release.220506-1250)",
        "x-ms-client-request-id": "7d417e46-8123-4419-6a8e-8b968a4fbcc3"
      },
      "RequestBody": {
        "alg": "RS256",
        "value": "YPMYCWi4F5iB0VeftRDvoh3NWmgJncjBwLa45jptbxA"
      },
      "StatusCode": 200,
      "ResponseHeaders": {
        "Cache-Control": "no-cache",
        "Content-Length": "461",
        "Content-Type": "application/json; charset=utf-8",
        "Date": "Fri, 24 Feb 2023 20:17:38 GMT",
        "Expires": "-1",
        "Pragma": "no-cache",
        "Strict-Transport-Security": "max-age=31536000;includeSubDomains",
        "X-Content-Type-Options": "nosniff",
        "x-ms-client-request-id": "7d417e46-8123-4419-6a8e-8b968a4fbcc3",
        "x-ms-keyvault-network-info": "conn_type=Ipv4;addr=24.16.103.130;act_addr_fam=InterNetwork;",
        "x-ms-keyvault-region": "eastus2",
        "x-ms-keyvault-service-version": "1.9.713.1",
        "x-ms-request-id": "a1e81799-735f-4867-8d16-58dd44888503"
      },
      "ResponseBody": {
        "kid": "https://REDACTED.vault.azure.net/keys/RemoteSignVerifyRSA256-2048/c30af99d962f48c68f259f1cbd605248",
        "value": "UdPmxu97F8B2CBb1a3drHqBZhNAaHI5uAgAUoMrrFs0oL2JlJCiZURqswECqYbF_rCExKp9Kk1qrRyEz8pOPeaJuvxykjgm-DHJD8uRqHAkxwzYCSKWsBeWeERooVIFl5yNMFOKDQImLr7lY59rhTQ1Qm5hWulQEg3dC0Kp5cuD_YAz5PfeNyqzhHCVltFsBkAe6FSLZ15uP-1eem9vo9y21XkXCa9RESDJjieLyDxV7fXxCT-DaEznZ2P29bIRmNmhUm5mWp9_JGBKV8zu0BLdthaimyrzjkroki7vdE2TrTf0GRNFqKlQJFi3SVht84Jr6NVMsdloifoWl0ajciw"
      }
    },
    {
      "RequestUri": "https://REDACTED.vault.azure.net/keys/RemoteSignVerifyRSA256-2048/c30af99d962f48c68f259f1cbd605248/verify?api-version=7.3",
      "RequestMethod": "POST",
      "RequestHeaders": {
        "Accept": "application/json",
        "Authorization": "Sanitized",
        "Content-Length": "423",
        "Content-Type": "application/json",
        "User-Agent": "azsdk-cpp-KeyVault/4.4.0-beta.1 (Windows 10 Enterprise 6.3 22621 22621.1.amd64fre.ni_release.220506-1250)",
        "x-ms-client-request-id": "73d43526-fbe6-432e-74aa-f408231357c8"
      },
      "RequestBody": {
        "alg": "RS256",
        "digest": "YPMYCWi4F5iB0VeftRDvoh3NWmgJncjBwLa45jptbxA",
        "value": "UdPmxu97F8B2CBb1a3drHqBZhNAaHI5uAgAUoMrrFs0oL2JlJCiZURqswECqYbF_rCExKp9Kk1qrRyEz8pOPeaJuvxykjgm-DHJD8uRqHAkxwzYCSKWsBeWeERooVIFl5yNMFOKDQImLr7lY59rhTQ1Qm5hWulQEg3dC0Kp5cuD_YAz5PfeNyqzhHCVltFsBkAe6FSLZ15uP-1eem9vo9y21XkXCa9RESDJjieLyDxV7fXxCT-DaEznZ2P29bIRmNmhUm5mWp9_JGBKV8zu0BLdthaimyrzjkroki7vdE2TrTf0GRNFqKlQJFi3SVht84Jr6NVMsdloifoWl0ajciw"
      },
      "StatusCode": 200,
      "ResponseHeaders": {
        "Cache-Control": "no-cache",
        "Content-Length": "14",
        "Content-Type": "application/json; charset=utf-8",
        "Date": "Fri, 24 Feb 2023 20:17:38 GMT",
        "Expires": "-1",
        "Pragma": "no-cache",
        "Strict-Transport-Security": "max-age=31536000;includeSubDomains",
        "X-Content-Type-Options": "nosniff",
        "x-ms-client-request-id": "73d43526-fbe6-432e-74aa-f408231357c8",
        "x-ms-keyvault-network-info": "conn_type=Ipv4;addr=24.16.103.130;act_addr_fam=InterNetwork;",
        "x-ms-keyvault-region": "eastus2",
        "x-ms-keyvault-service-version": "1.9.713.1",
        "x-ms-request-id": "8d308a76-0d9a-44df-b415-8f6b4b2c2186"
      },
      "ResponseBody": {
        "value": true
      }
    },
    {
      "RequestUri": "https://REDACTED.vault.azure.net/keys/RemoteSignVerifyRSA256-2048/c30af99d962f48c68f259f1cbd605248/sign?api-version=7.3",
      "RequestMethod": "POST",
      "RequestHeaders": {
        "Accept": "application/json",
        "Authorization": "Sanitized",
        "Content-Length": "69",
        "Content-Type": "application/json",
        "User-Agent": "azsdk-cpp-KeyVault/4.4.0-beta.1 (Windows 10 Enterprise 6.3 22621 22621.1.amd64fre.ni_release.220506-1250)",
        "x-ms-client-request-id": "63558dd1-96c7-4a17-7110-ecd572382122"
      },
      "RequestBody": {
        "alg": "PS256",
        "value": "YPMYCWi4F5iB0VeftRDvoh3NWmgJncjBwLa45jptbxA"
      },
      "StatusCode": 200,
      "ResponseHeaders": {
        "Cache-Control": "no-cache",
        "Content-Length": "461",
        "Content-Type": "application/json; charset=utf-8",
        "Date": "Fri, 24 Feb 2023 20:17:39 GMT",
        "Expires": "-1",
        "Pragma": "no-cache",
        "Strict-Transport-Security": "max-age=31536000;includeSubDomains",
        "X-Content-Type-Options": "nosniff",
        "x-ms-client-request-id": "63558dd1-96c7-4a17-7110-ecd572382122",
        "x-ms-keyvault-network-info": "conn_type=Ipv4;addr=24.16.103.130;act_addr_fam=InterNetwork;",
        "x-ms-keyvault-region": "eastus2",
        "x-ms-keyvault-service-version": "1.9.713.1",
        "x-ms-request-id": "38680531-86fc-4182-bfae-e55a97ad01be"
      },
      "ResponseBody": {
        "kid": "https://REDACTED.vault.azure.net/keys/RemoteSignVerifyRSA256-2048/c30af99d962f48c68f259f1cbd605248",
        "value": "gBsCtubuqrgRJmjNAyDn7lGV6uEWJFB0TbMK9PkdAFc9qsbh7J2fgJd2SAbEfZfUBXz_mddU7CRQGKGQOJ2Vp4CRIK33_oylAaYvdJJGPLtQkAW1RpGpf_PQRvR0K3GmSnwt9UiVhEV3daZCrFAFw61wflrZzf1czVqPqI7eZRzAJF0LtidklxmsPWCQ97PpdJ3XKvYBTCc0Gr8uU2x3a7GBiFTqN1bqzNIEaeGbxBTS4n9ZhSOYNvTmF6yZYmaJ_P9thKaU8KrPBAntD5nqu-TFLNOrfkc5RfhGeZlUEjb_a-lADLyQQDnDg_NRB4G2OStlDP_KQ4ncIkpUg4nDdg"
      }
    },
    {
      "RequestUri": "https://REDACTED.vault.azure.net/keys/RemoteSignVerifyRSA256-2048/c30af99d962f48c68f259f1cbd605248/verify?api-version=7.3",
      "RequestMethod": "POST",
      "RequestHeaders": {
        "Accept": "application/json",
        "Authorization": "Sanitized",
        "Content-Length": "423",
        "Content-Type": "application/json",
        "User-Agent": "azsdk-cpp-KeyVault/4.4.0-beta.1 (Windows 10 Enterprise 6.3 22621 22621.1.amd64fre.ni_release.220506-1250)",
        "x-ms-client-request-id": "09a34821-8bbc-401a-51cf-0de60a008afd"
      },
      "RequestBody": {
        "alg": "PS256",
        "digest": "YPMYCWi4F5iB0VeftRDvoh3NWmgJncjBwLa45jptbxA",
        "value": "gBsCtubuqrgRJmjNAyDn7lGV6uEWJFB0TbMK9PkdAFc9qsbh7J2fgJd2SAbEfZfUBXz_mddU7CRQGKGQOJ2Vp4CRIK33_oylAaYvdJJGPLtQkAW1RpGpf_PQRvR0K3GmSnwt9UiVhEV3daZCrFAFw61wflrZzf1czVqPqI7eZRzAJF0LtidklxmsPWCQ97PpdJ3XKvYBTCc0Gr8uU2x3a7GBiFTqN1bqzNIEaeGbxBTS4n9ZhSOYNvTmF6yZYmaJ_P9thKaU8KrPBAntD5nqu-TFLNOrfkc5RfhGeZlUEjb_a-lADLyQQDnDg_NRB4G2OStlDP_KQ4ncIkpUg4nDdg"
      },
      "StatusCode": 200,
      "ResponseHeaders": {
        "Cache-Control": "no-cache",
        "Content-Length": "14",
        "Content-Type": "application/json; charset=utf-8",
        "Date": "Fri, 24 Feb 2023 20:17:39 GMT",
        "Expires": "-1",
        "Pragma": "no-cache",
        "Strict-Transport-Security": "max-age=31536000;includeSubDomains",
        "X-Content-Type-Options": "nosniff",
        "x-ms-client-request-id": "09a34821-8bbc-401a-51cf-0de60a008afd",
        "x-ms-keyvault-network-info": "conn_type=Ipv4;addr=24.16.103.130;act_addr_fam=InterNetwork;",
        "x-ms-keyvault-region": "eastus2",
        "x-ms-keyvault-service-version": "1.9.713.1",
        "x-ms-request-id": "1e58794e-05ca-4ba5-a1ab-58738f3e5af1"
      },
      "ResponseBody": {
        "value": true
      }
    }
  ],
  "Variables": {}
}
