{
  "Entries": [
    {
      "RequestUri": "https://REDACTED.vault.azure.net/keys/GetCryptoFromKeyRemoteEncrypt-Minus215/create?api-version=7.5",
      "RequestMethod": "POST",
      "RequestHeaders": {
        "Authorization": "Sanitized",
        "Content-Length": "31",
        "Content-Type": "application/json",
        "User-Agent": "azsdk-cpp-keyvault-keys/4.5.0-beta.1 (Windows 10 Enterprise 6.3 22631 22621.1.amd64fre.ni_release.220506-1250)",
        "x-ms-client-request-id": "f7dcaec7-cdee-4101-a17b-e2bec9f7d96b"
      },
      "RequestBody": {
        "attributes": null,
        "kty": "RSA"
      },
      "StatusCode": 200,
      "ResponseHeaders": {
        "Cache-Control": "no-cache",
        "Content-Length": "739",
        "Content-Type": "application/json; charset=utf-8",
        "Date": "Wed, 13 Mar 2024 22:12:03 GMT",
        "Expires": "-1",
        "Pragma": "no-cache",
        "Strict-Transport-Security": "max-age=31536000;includeSubDomains",
        "X-Content-Type-Options": "nosniff",
        "x-ms-client-request-id": "f7dcaec7-cdee-4101-a17b-e2bec9f7d96b",
        "x-ms-keyvault-network-info": "conn_type=Ipv4;addr=174.165.214.215;act_addr_fam=InterNetwork;",
        "x-ms-keyvault-rbac-assignment-id": "4f694960a9464bf0be5a859e7c86da4f",
        "x-ms-keyvault-region": "westus",
        "x-ms-keyvault-service-version": "1.9.1300.1",
        "x-ms-request-id": "a25203e0-b848-42d6-8608-c3e518a139c0"
      },
      "ResponseBody": {
        "key": {
          "kid": "https://REDACTED.vault.azure.net/keys/GetCryptoFromKeyRemoteEncrypt-Minus215/1fe111f017664026b16e9e3ac7dabeb0",
          "kty": "RSA",
          "key_ops": [
            "encrypt",
            "decrypt",
            "sign",
            "verify",
            "wrapKey",
            "unwrapKey"
          ],
          "n": "wxD9erzrZXSo9GBD4PhdvBH8qcbPmr27DpKx4LdIs63Rk9JjyaN61K9s17gPkGkY2uuGdL-kWD3p2PKzwgN2x0rcmliWz3eD0wf52l2twOa-1ILPjUKc2SIZD5YYyPUstdQDEcLAc4qQjFJEngQP3t8iuALH_MATvOL24ePjkNneo5BYTAR7RcxTJvXDQJ-3dMtMR2GjXkkL_lOS3v4JnctU660VwNfebZQdBr7CsRbyXZG-wpoOOB1CvEfmbKy48erpeQx3Q3UdWizmxIimW1bGT7JyPzjzmdjOqpz46CU9hywt5vEMnQwezpTbbFseOtFDDChCZVFA7BLwZjclKQ",
          "e": "AQAB"
        },
        "attributes": {
          "enabled": true,
          "created": 1710367924,
          "updated": 1710367924,
          "recoveryLevel": "Recoverable\u002BPurgeable",
          "recoverableDays": 90,
          "exportable": false,
          "hsmPlatform": "0"
        }
      }
    },
    {
      "RequestUri": "https://REDACTED.vault.azure.net/keys/GetCryptoFromKeyRemoteEncrypt-Minus215/encrypt?api-version=7.5",
      "RequestMethod": "POST",
      "RequestHeaders": {
        "Accept": "application/json",
        "Authorization": "Sanitized",
        "Content-Length": "67",
        "Content-Type": "application/json",
        "User-Agent": "azsdk-cpp-keyvault-keys/4.5.0-beta.1 (Windows 10 Enterprise 6.3 22631 22621.1.amd64fre.ni_release.220506-1250)",
        "x-ms-client-request-id": "26ad4c11-ee7e-42b5-98fa-50f16b3e734e"
      },
      "RequestBody": {
        "alg": "RSA-OAEP",
        "value": "QSBzaW5nbGUgYmxvY2sgb2YgcGxhaW50ZXh0AA"
      },
      "StatusCode": 200,
      "ResponseHeaders": {
        "Cache-Control": "no-cache",
        "Content-Length": "472",
        "Content-Type": "application/json; charset=utf-8",
        "Date": "Wed, 13 Mar 2024 22:12:03 GMT",
        "Expires": "-1",
        "Pragma": "no-cache",
        "Strict-Transport-Security": "max-age=31536000;includeSubDomains",
        "X-Content-Type-Options": "nosniff",
        "x-ms-client-request-id": "26ad4c11-ee7e-42b5-98fa-50f16b3e734e",
        "x-ms-keyvault-network-info": "conn_type=Ipv4;addr=174.165.214.215;act_addr_fam=InterNetwork;",
        "x-ms-keyvault-rbac-assignment-id": "4f694960a9464bf0be5a859e7c86da4f",
        "x-ms-keyvault-region": "westus",
        "x-ms-keyvault-service-version": "1.9.1300.1",
        "x-ms-request-id": "2a17a3cb-7dc5-4b4d-9b38-5bb32a2a5128"
      },
      "ResponseBody": {
        "kid": "https://REDACTED.vault.azure.net/keys/GetCryptoFromKeyRemoteEncrypt-Minus215/1fe111f017664026b16e9e3ac7dabeb0",
        "value": "dmkTFRMosFXAvGtGNjeQXisWBYRffcQuE3LFsFomAR8rs5x7ntLiVMxmC-tIP1mwPrrWIYP-h7pJdkA5VPojkCC_bexuHY2EG5G_jJ2a36aLifvQy9r6chGWx62PizEh_lMmUDBiXYOUjm6NChTmassMRGjB_ognH2kFB8ofWykPyW2VtfR96SLjYqzy3Jbi_VDCsvU9mgjqE9LF9LdP9SJhANQ4M9qY1oUMnMI-DTVYoaDby1QvkORLGFasJvV3GThrti0NgmHdCL6fxYgu6xRC7p51oiX-n7ChYmVRCdQXvWXvLI1H5P0eRRi6FsQVMU8gqWcMmuW_V45dzQJZAQ"
      }
    },
    {
      "RequestUri": "https://REDACTED.vault.azure.net/keys/GetCryptoFromKeyRemoteEncrypt-Minus215/decrypt?api-version=7.5",
      "RequestMethod": "POST",
      "RequestHeaders": {
        "Accept": "application/json",
        "Authorization": "Sanitized",
        "Content-Length": "371",
        "Content-Type": "application/json",
        "User-Agent": "azsdk-cpp-keyvault-keys/4.5.0-beta.1 (Windows 10 Enterprise 6.3 22631 22621.1.amd64fre.ni_release.220506-1250)",
        "x-ms-client-request-id": "6d5b9fd2-32e9-48cf-b5ca-38111a1ba228"
      },
      "RequestBody": {
        "alg": "RSA-OAEP",
        "value": "dmkTFRMosFXAvGtGNjeQXisWBYRffcQuE3LFsFomAR8rs5x7ntLiVMxmC-tIP1mwPrrWIYP-h7pJdkA5VPojkCC_bexuHY2EG5G_jJ2a36aLifvQy9r6chGWx62PizEh_lMmUDBiXYOUjm6NChTmassMRGjB_ognH2kFB8ofWykPyW2VtfR96SLjYqzy3Jbi_VDCsvU9mgjqE9LF9LdP9SJhANQ4M9qY1oUMnMI-DTVYoaDby1QvkORLGFasJvV3GThrti0NgmHdCL6fxYgu6xRC7p51oiX-n7ChYmVRCdQXvWXvLI1H5P0eRRi6FsQVMU8gqWcMmuW_V45dzQJZAQ"
      },
      "StatusCode": 200,
      "ResponseHeaders": {
        "Cache-Control": "no-cache",
        "Content-Length": "168",
        "Content-Type": "application/json; charset=utf-8",
        "Date": "Wed, 13 Mar 2024 22:12:03 GMT",
        "Expires": "-1",
        "Pragma": "no-cache",
        "Strict-Transport-Security": "max-age=31536000;includeSubDomains",
        "X-Content-Type-Options": "nosniff",
        "x-ms-client-request-id": "6d5b9fd2-32e9-48cf-b5ca-38111a1ba228",
        "x-ms-keyvault-network-info": "conn_type=Ipv4;addr=174.165.214.215;act_addr_fam=InterNetwork;",
        "x-ms-keyvault-rbac-assignment-id": "4f694960a9464bf0be5a859e7c86da4f",
        "x-ms-keyvault-region": "westus",
        "x-ms-keyvault-service-version": "1.9.1300.1",
        "x-ms-request-id": "2975ec66-c9aa-496e-b7a8-b4ea22ea880e"
      },
      "ResponseBody": {
        "kid": "https://REDACTED.vault.azure.net/keys/GetCryptoFromKeyRemoteEncrypt-Minus215/1fe111f017664026b16e9e3ac7dabeb0",
        "value": "QSBzaW5nbGUgYmxvY2sgb2YgcGxhaW50ZXh0AA"
      }
    }
  ],
  "Variables": {}
}
