{
  "Entries": [
    {
      "RequestUri": "https://Sanitized.file.core.windows.net/share172301143167303430?restype=share",
      "RequestMethod": "PUT",
      "RequestHeaders": {
        "Accept": "application/xml",
        "Accept-Encoding": "gzip, deflate, br, zstd",
        "Connection": "keep-alive",
        "Content-Length": "0",
        "Origin": "http://localhost:9876",
        "Referer": "http://localhost:9876/",
        "sec-ch-ua": "\"Not/A)Brand\";v=\"8\", \"Chromium\";v=\"126\", \"HeadlessChrome\";v=\"126\"",
        "sec-ch-ua-mobile": "?0",
        "sec-ch-ua-platform": "\"Windows\"",
        "Sec-Fetch-Dest": "empty",
        "Sec-Fetch-Mode": "cors",
        "Sec-Fetch-Site": "same-site",
        "User-Agent": "Mozilla/5.0 (Windows NT 10.0; Win64; x64) AppleWebKit/537.36 (KHTML, like Gecko) HeadlessChrome/126.0.6478.126 Safari/537.36",
        "x-ms-client-request-id": "Sanitized",
        "x-ms-useragent": "azsdk-js-azure-storage-blob/12.24.1 core-rest-pipeline/1.16.3 Chromium/126 OS/x86-Windows-15.0.0",
        "x-ms-version": "2024-11-04"
      },
      "RequestBody": null,
      "StatusCode": 201,
      "ResponseHeaders": {
        "Access-Control-Allow-Origin": "*",
        "Access-Control-Expose-Headers": "x-ms-request-id,x-ms-client-request-id,Server,x-ms-version,Last-Modified,ETag,Content-Length,Date,Transfer-Encoding",
        "Content-Length": "0",
        "Date": "Wed, 07 Aug 2024 06:17:13 GMT",
        "ETag": "\"0x8DCB6A893D5C2D8\"",
        "Last-Modified": "Wed, 07 Aug 2024 06:17:13 GMT",
        "Server": [
          "Windows-Azure-File/1.0",
          "Microsoft-HTTPAPI/2.0"
        ],
        "x-ms-client-request-id": "Sanitized",
        "x-ms-request-id": "Sanitized",
        "x-ms-version": "2024-11-04"
      },
      "ResponseBody": null
    },
    {
      "RequestUri": "https://Sanitized.file.core.windows.net/share172301143167303430/dir172301143198109565?restype=directory",
      "RequestMethod": "PUT",
      "RequestHeaders": {
        "Accept": "application/xml",
        "Accept-Encoding": "gzip, deflate, br, zstd",
        "Connection": "keep-alive",
        "Content-Length": "0",
        "Origin": "http://localhost:9876",
        "Referer": "http://localhost:9876/",
        "sec-ch-ua": "\"Not/A)Brand\";v=\"8\", \"Chromium\";v=\"126\", \"HeadlessChrome\";v=\"126\"",
        "sec-ch-ua-mobile": "?0",
        "sec-ch-ua-platform": "\"Windows\"",
        "Sec-Fetch-Dest": "empty",
        "Sec-Fetch-Mode": "cors",
        "Sec-Fetch-Site": "same-site",
        "User-Agent": "Mozilla/5.0 (Windows NT 10.0; Win64; x64) AppleWebKit/537.36 (KHTML, like Gecko) HeadlessChrome/126.0.6478.126 Safari/537.36",
        "x-ms-client-request-id": "Sanitized",
        "x-ms-file-attributes": "Directory",
        "x-ms-file-creation-time": "now",
        "x-ms-file-last-write-time": "now",
        "x-ms-file-permission": "inherit",
        "x-ms-useragent": "azsdk-js-azure-storage-blob/12.24.1 core-rest-pipeline/1.16.3 Chromium/126 OS/x86-Windows-15.0.0",
        "x-ms-version": "2024-11-04"
      },
      "RequestBody": null,
      "StatusCode": 201,
      "ResponseHeaders": {
        "Access-Control-Allow-Origin": "*",
        "Access-Control-Expose-Headers": "x-ms-request-id,x-ms-client-request-id,Server,x-ms-version,Last-Modified,ETag,x-ms-file-change-time,x-ms-file-last-write-time,x-ms-file-creation-time,x-ms-file-permission-key,x-ms-file-attributes,x-ms-file-id,x-ms-file-parent-id,x-ms-request-server-encrypted,Content-Length,Date,Transfer-Encoding",
        "Content-Length": "0",
        "Date": "Wed, 07 Aug 2024 06:17:13 GMT",
        "ETag": "\"0x8DCB6A894054EDF\"",
        "Last-Modified": "Wed, 07 Aug 2024 06:17:13 GMT",
        "Server": [
          "Windows-Azure-File/1.0",
          "Microsoft-HTTPAPI/2.0"
        ],
        "x-ms-client-request-id": "Sanitized",
        "x-ms-file-attributes": "Directory",
        "x-ms-file-change-time": "2024-08-07T06:17:13.3904607Z",
        "x-ms-file-creation-time": "2024-08-07T06:17:13.3904607Z",
        "x-ms-file-id": "13835128424026341376",
        "x-ms-file-last-write-time": "2024-08-07T06:17:13.3904607Z",
        "x-ms-file-parent-id": "0",
        "x-ms-file-permission-key": "848195603883682205*7142220257662565908",
        "x-ms-request-id": "Sanitized",
        "x-ms-request-server-encrypted": "true",
        "x-ms-version": "2024-11-04"
      },
      "ResponseBody": null
    },
    {
      "RequestUri": "https://Sanitized.file.core.windows.net/share172301143167303430/dir172301143198109565/file172301143230208619?",
      "RequestMethod": "PUT",
      "RequestHeaders": {
        "Accept": "application/xml",
        "Accept-Encoding": "gzip, deflate, br, zstd",
        "Connection": "keep-alive",
        "Content-Length": "0",
        "Origin": "http://localhost:9876",
        "Referer": "http://localhost:9876/",
        "sec-ch-ua": "\"Not/A)Brand\";v=\"8\", \"Chromium\";v=\"126\", \"HeadlessChrome\";v=\"126\"",
        "sec-ch-ua-mobile": "?0",
        "sec-ch-ua-platform": "\"Windows\"",
        "Sec-Fetch-Dest": "empty",
        "Sec-Fetch-Mode": "cors",
        "Sec-Fetch-Site": "same-site",
        "User-Agent": "Mozilla/5.0 (Windows NT 10.0; Win64; x64) AppleWebKit/537.36 (KHTML, like Gecko) HeadlessChrome/126.0.6478.126 Safari/537.36",
        "x-ms-client-request-id": "Sanitized",
        "x-ms-content-length": "11",
        "x-ms-file-attributes": "None",
        "x-ms-file-creation-time": "now",
        "x-ms-file-last-write-time": "now",
        "x-ms-file-permission": "inherit",
        "x-ms-type": "file",
        "x-ms-useragent": "azsdk-js-azure-storage-blob/12.24.1 core-rest-pipeline/1.16.3 Chromium/126 OS/x86-Windows-15.0.0",
        "x-ms-version": "2024-11-04"
      },
      "RequestBody": null,
      "StatusCode": 201,
      "ResponseHeaders": {
        "Access-Control-Allow-Origin": "*",
        "Access-Control-Expose-Headers": "x-ms-request-id,x-ms-client-request-id,Server,x-ms-version,Last-Modified,ETag,x-ms-file-change-time,x-ms-file-last-write-time,x-ms-file-creation-time,x-ms-file-permission-key,x-ms-file-attributes,x-ms-file-id,x-ms-file-parent-id,x-ms-request-server-encrypted,Content-Length,Date,Transfer-Encoding",
        "Content-Length": "0",
        "Date": "Wed, 07 Aug 2024 06:17:13 GMT",
        "ETag": "\"0x8DCB6A89435F4B1\"",
        "Last-Modified": "Wed, 07 Aug 2024 06:17:13 GMT",
        "Server": [
          "Windows-Azure-File/1.0",
          "Microsoft-HTTPAPI/2.0"
        ],
        "x-ms-client-request-id": "Sanitized",
        "x-ms-file-attributes": "Archive",
        "x-ms-file-change-time": "2024-08-07T06:17:13.7092785Z",
        "x-ms-file-creation-time": "2024-08-07T06:17:13.7092785Z",
        "x-ms-file-id": "11529285414812647424",
        "x-ms-file-last-write-time": "2024-08-07T06:17:13.7092785Z",
        "x-ms-file-parent-id": "13835128424026341376",
        "x-ms-file-permission-key": "14681360101839640218*7142220257662565908",
        "x-ms-request-id": "Sanitized",
        "x-ms-request-server-encrypted": "true",
        "x-ms-version": "2024-11-04"
      },
      "ResponseBody": null
    },
    {
      "RequestUri": "https://Sanitized.file.core.windows.net/share172301143167303430/dir172301143198109565/file172301143230208619?comp=properties",
      "RequestMethod": "PUT",
      "RequestHeaders": {
        "Accept": "application/xml",
        "Accept-Encoding": "gzip, deflate, br, zstd",
        "Connection": "keep-alive",
        "Content-Length": "0",
        "Origin": "http://localhost:9876",
        "Referer": "http://localhost:9876/",
        "sec-ch-ua": "\"Not/A)Brand\";v=\"8\", \"Chromium\";v=\"126\", \"HeadlessChrome\";v=\"126\"",
        "sec-ch-ua-mobile": "?0",
        "sec-ch-ua-platform": "\"Windows\"",
        "Sec-Fetch-Dest": "empty",
        "Sec-Fetch-Mode": "cors",
        "Sec-Fetch-Site": "same-site",
        "User-Agent": "Mozilla/5.0 (Windows NT 10.0; Win64; x64) AppleWebKit/537.36 (KHTML, like Gecko) HeadlessChrome/126.0.6478.126 Safari/537.36",
        "x-ms-client-request-id": "Sanitized",
        "x-ms-file-attributes": "preserve",
        "x-ms-file-creation-time": "preserve",
        "x-ms-file-last-write-time": "preserve",
        "x-ms-file-permission": "O:S-1-5-21-2127521184-1604012920-1887927527-21560751G:S-1-5-21-2127521184-1604012920-1887927527-513D:AI(A;;FA;;;SY)(A;;FA;;;BA)(A;;0x1200a9;;;S-1-5-21-397955417-626881126-188441444-3053964)",
        "x-ms-file-permission-format": "Sddl",
        "x-ms-useragent": "azsdk-js-azure-storage-blob/12.24.1 core-rest-pipeline/1.16.3 Chromium/126 OS/x86-Windows-15.0.0",
        "x-ms-version": "2024-11-04"
      },
      "RequestBody": null,
      "StatusCode": 200,
      "ResponseHeaders": {
        "Access-Control-Allow-Origin": "*",
        "Access-Control-Expose-Headers": "x-ms-request-id,x-ms-client-request-id,Server,x-ms-version,Last-Modified,ETag,x-ms-file-change-time,x-ms-file-last-write-time,x-ms-file-creation-time,x-ms-file-id,x-ms-file-parent-id,x-ms-file-permission-key,x-ms-file-attributes,x-ms-request-server-encrypted,Content-Length,Date,Transfer-Encoding",
        "Content-Length": "0",
        "Date": "Wed, 07 Aug 2024 06:17:14 GMT",
        "ETag": "\"0x8DCB6A8946B54C6\"",
        "Last-Modified": "Wed, 07 Aug 2024 06:17:14 GMT",
        "Server": [
          "Windows-Azure-File/1.0",
          "Microsoft-HTTPAPI/2.0"
        ],
        "x-ms-client-request-id": "Sanitized",
        "x-ms-file-attributes": "Archive",
        "x-ms-file-change-time": "2024-08-07T06:17:14.0590790Z",
        "x-ms-file-creation-time": "2024-08-07T06:17:13.7092785Z",
        "x-ms-file-id": "11529285414812647424",
        "x-ms-file-last-write-time": "2024-08-07T06:17:13.7092785Z",
        "x-ms-file-parent-id": "13835128424026341376",
        "x-ms-file-permission-key": "14184526647822199781*7142220257662565908",
        "x-ms-request-id": "Sanitized",
        "x-ms-request-server-encrypted": "true",
        "x-ms-version": "2024-11-04"
      },
      "ResponseBody": null
    },
    {
      "RequestUri": "https://Sanitized.file.core.windows.net/share172301143167303430/dir172301143198109565/file172301143230208619?",
      "RequestMethod": "HEAD",
      "RequestHeaders": {
        "Accept": "application/xml",
        "Accept-Encoding": "gzip, deflate, br, zstd",
        "Connection": "keep-alive",
        "Origin": "http://localhost:9876",
        "Referer": "http://localhost:9876/",
        "sec-ch-ua": "\"Not/A)Brand\";v=\"8\", \"Chromium\";v=\"126\", \"HeadlessChrome\";v=\"126\"",
        "sec-ch-ua-mobile": "?0",
        "sec-ch-ua-platform": "\"Windows\"",
        "Sec-Fetch-Dest": "empty",
        "Sec-Fetch-Mode": "cors",
        "Sec-Fetch-Site": "same-site",
        "User-Agent": "Mozilla/5.0 (Windows NT 10.0; Win64; x64) AppleWebKit/537.36 (KHTML, like Gecko) HeadlessChrome/126.0.6478.126 Safari/537.36",
        "x-ms-client-request-id": "Sanitized",
        "x-ms-useragent": "azsdk-js-azure-storage-blob/12.24.1 core-rest-pipeline/1.16.3 Chromium/126 OS/x86-Windows-15.0.0",
        "x-ms-version": "2024-11-04"
      },
      "RequestBody": null,
      "StatusCode": 200,
      "ResponseHeaders": {
        "Access-Control-Allow-Origin": "*",
        "Access-Control-Expose-Headers": "x-ms-request-id,x-ms-client-request-id,Server,x-ms-version,Last-Modified,ETag,x-ms-type,x-ms-server-encrypted,x-ms-lease-status,x-ms-lease-state,x-ms-file-change-time,x-ms-file-last-write-time,x-ms-file-creation-time,x-ms-file-id,x-ms-file-parent-id,x-ms-file-permission-key,x-ms-file-attributes,Content-Length,Date,Transfer-Encoding",
        "Content-Length": "11",
        "Date": "Wed, 07 Aug 2024 06:17:14 GMT",
        "ETag": "\"0x8DCB6A8946B54C6\"",
        "Last-Modified": "Wed, 07 Aug 2024 06:17:14 GMT",
        "Server": [
          "Windows-Azure-File/1.0",
          "Microsoft-HTTPAPI/2.0"
        ],
        "x-ms-client-request-id": "Sanitized",
        "x-ms-file-attributes": "Archive",
        "x-ms-file-change-time": "2024-08-07T06:17:14.0590790Z",
        "x-ms-file-creation-time": "2024-08-07T06:17:13.7092785Z",
        "x-ms-file-id": "11529285414812647424",
        "x-ms-file-last-write-time": "2024-08-07T06:17:13.7092785Z",
        "x-ms-file-parent-id": "13835128424026341376",
        "x-ms-file-permission-key": "14184526647822199781*7142220257662565908",
        "x-ms-lease-state": "available",
        "x-ms-lease-status": "unlocked",
        "x-ms-request-id": "Sanitized",
        "x-ms-server-encrypted": "true",
        "x-ms-type": "File",
        "x-ms-version": "2024-11-04"
      },
      "ResponseBody": null
    },
    {
      "RequestUri": "https://Sanitized.file.core.windows.net/share172301143167303430?restype=share",
      "RequestMethod": "DELETE",
      "RequestHeaders": {
        "Accept": "application/xml",
        "Accept-Encoding": "gzip, deflate, br, zstd",
        "Connection": "keep-alive",
        "Origin": "http://localhost:9876",
        "Referer": "http://localhost:9876/",
        "sec-ch-ua": "\"Not/A)Brand\";v=\"8\", \"Chromium\";v=\"126\", \"HeadlessChrome\";v=\"126\"",
        "sec-ch-ua-mobile": "?0",
        "sec-ch-ua-platform": "\"Windows\"",
        "Sec-Fetch-Dest": "empty",
        "Sec-Fetch-Mode": "cors",
        "Sec-Fetch-Site": "same-site",
        "User-Agent": "Mozilla/5.0 (Windows NT 10.0; Win64; x64) AppleWebKit/537.36 (KHTML, like Gecko) HeadlessChrome/126.0.6478.126 Safari/537.36",
        "x-ms-client-request-id": "Sanitized",
        "x-ms-delete-snapshots": "include",
        "x-ms-useragent": "azsdk-js-azure-storage-blob/12.24.1 core-rest-pipeline/1.16.3 Chromium/126 OS/x86-Windows-15.0.0",
        "x-ms-version": "2024-11-04"
      },
      "RequestBody": null,
      "StatusCode": 202,
      "ResponseHeaders": {
        "Access-Control-Allow-Origin": "*",
        "Access-Control-Expose-Headers": "x-ms-request-id,x-ms-client-request-id,Server,x-ms-version,Content-Length,Date,Transfer-Encoding",
        "Content-Length": "0",
        "Date": "Wed, 07 Aug 2024 06:17:14 GMT",
        "Server": [
          "Windows-Azure-File/1.0",
          "Microsoft-HTTPAPI/2.0"
        ],
        "x-ms-client-request-id": "Sanitized",
        "x-ms-request-id": "Sanitized",
        "x-ms-version": "2024-11-04"
      },
      "ResponseBody": null
    }
  ],
  "Variables": {
    "dir": "dir172301143198109565",
    "file": "file172301143230208619",
    "share": "share172301143167303430"
  }
}
