{
  "Entries": [
    {
      "RequestUri": "https://eastus.api.azureml.ms/registrymanagement/v1.0/registries/testFeed/discovery",
      "RequestMethod": "GET",
      "RequestHeaders": {
        "Accept": "application/json, text/json",
        "Accept-Encoding": "gzip, deflate",
        "Connection": "keep-alive",
        "User-Agent": "azsdk-python-mgmt-machinelearningservices/0.1.0 Python/3.10.8 (Windows-10-10.0.22631-SP0)"
      },
      "RequestBody": null,
      "StatusCode": 200,
      "ResponseHeaders": {
        "Connection": "keep-alive",
        "Content-Encoding": "gzip",
        "Content-Type": "application/json; charset=utf-8",
        "Date": "Fri, 05 Apr 2024 18:32:18 GMT",
        "Request-Context": "appId=cid-v1:2d2e8e63-272e-4b3c-8598-4ee570a0e70d",
        "Strict-Transport-Security": "max-age=31536000; includeSubDomains; preload",
        "Transfer-Encoding": "chunked",
        "Vary": "Accept-Encoding",
        "x-aml-cluster": "vienna-eastus-01",
        "X-Content-Type-Options": "nosniff",
        "x-ms-response-type": "standard",
        "x-request-time": "0.024"
      },
      "ResponseBody": {
        "registryId": "3b513a6b-f110-4e7f-9ce3-472b5aa28170",
        "registryName": "testFeed",
        "tenantId": "72f988bf-86f1-41af-91ab-2d7cd011db47",
        "primaryRegion": "centraluseuap",
        "regions": [
          "centraluseuap"
        ],
        "subscriptionId": "4f26493f-21d2-4726-92ea-1ddd550b1d27",
        "resourceGroup": "test-registries",
        "workspaceName": null,
        "primaryRegionResourceProviderUri": "https://cert-int.experiments.azureml-test.net/",
        "registryFqdns": {
          "centraluseuap": {
            "uri": "https://int.api.azureml-test.ms"
          },
          "int": {
            "uri": "https://int.api.azureml-test.ms"
          }
        },
        "intellectualPropertyPublisher": null
      }
    },
    {
      "RequestUri": "https://management.azure.com/subscriptions/00000000-0000-0000-0000-000000000/resourceGroups/00000/providers/Microsoft.MachineLearningServices/workspaces/00000/datastores/workspaceblobstore?api-version=2023-04-01-preview",
      "RequestMethod": "GET",
      "RequestHeaders": {
        "Accept": "application/json",
        "Accept-Encoding": "gzip, deflate",
        "Connection": "keep-alive",
        "User-Agent": "azure-ai-ml/1.15.0 azsdk-python-mgmt-machinelearningservices/0.1.0 Python/3.10.8 (Windows-10-10.0.22631-SP0)"
      },
      "RequestBody": null,
      "StatusCode": 200,
      "ResponseHeaders": {
        "Cache-Control": "no-cache",
        "Content-Length": "1200",
        "Content-Type": "application/json; charset=utf-8",
        "Date": "Fri, 05 Apr 2024 18:32:21 GMT",
        "Expires": "-1",
        "Pragma": "no-cache",
        "Request-Context": "appId=cid-v1:2d2e8e63-272e-4b3c-8598-4ee570a0e70d",
        "Strict-Transport-Security": "max-age=31536000; includeSubDomains",
        "Vary": "Accept-Encoding",
        "x-aml-cluster": "vienna-eastus2-01",
        "X-Cache": "CONFIG_NOCACHE",
        "X-Content-Type-Options": "nosniff",
        "x-ms-correlation-request-id": "6848eca9-5e2b-4d7d-829c-30972b30ed13",
        "x-ms-ratelimit-remaining-subscription-reads": "11999",
        "x-ms-response-type": "standard",
        "x-ms-routing-request-id": "WESTUS2:20240405T183221Z:6848eca9-5e2b-4d7d-829c-30972b30ed13",
        "X-MSEdge-Ref": "Ref A: 18BE558F0AD14C3A85372ADD45ACA458 Ref B: CO6AA3150220017 Ref C: 2024-04-05T18:32:21Z",
        "x-request-time": "0.102"
      },
      "ResponseBody": {
        "id": "/subscriptions/00000000-0000-0000-0000-000000000/resourceGroups/00000/providers/Microsoft.MachineLearningServices/workspaces/00000/datastores/workspaceblobstore",
        "name": "workspaceblobstore",
        "type": "Microsoft.MachineLearningServices/workspaces/datastores",
        "properties": {
          "description": null,
          "tags": null,
          "properties": null,
          "isDefault": true,
          "credentials": {
            "credentialsType": "AccountKey"
          },
          "intellectualProperty": null,
          "subscriptionId": "00000000-0000-0000-0000-000000000",
          "resourceGroup": "00000",
          "datastoreType": "AzureBlob",
          "accountName": "nirovinswseast5028951403",
          "containerName": "azureml-blobstore-a1391af3-9f38-48e8-862f-db3846e81dd4",
          "endpoint": "core.windows.net",
          "protocol": "https",
          "serviceDataAccessAuthIdentity": "WorkspaceSystemAssignedIdentity"
        },
        "systemData": {
          "createdAt": "2024-01-19T20:15:50.0791508\u002B00:00",
          "createdBy": "779301c0-18b2-4cdc-801b-a0a3368fee0a",
          "createdByType": "Application",
          "lastModifiedAt": "2024-01-19T20:15:50.6629868\u002B00:00",
          "lastModifiedBy": "779301c0-18b2-4cdc-801b-a0a3368fee0a",
          "lastModifiedByType": "Application"
        }
      }
    },
    {
      "RequestUri": "https://management.azure.com/subscriptions/00000000-0000-0000-0000-000000000/resourceGroups/00000/providers/Microsoft.MachineLearningServices/workspaces/00000/datastores/workspaceblobstore/listSecrets?api-version=2023-04-01-preview",
      "RequestMethod": "POST",
      "RequestHeaders": {
        "Accept": "application/json",
        "Accept-Encoding": "gzip, deflate",
        "Connection": "keep-alive",
        "Content-Length": "0",
        "User-Agent": "azure-ai-ml/1.15.0 azsdk-python-mgmt-machinelearningservices/0.1.0 Python/3.10.8 (Windows-10-10.0.22631-SP0)"
      },
      "RequestBody": null,
      "StatusCode": 200,
      "ResponseHeaders": {
        "Cache-Control": "no-cache",
        "Content-Length": "61",
        "Content-Type": "application/json; charset=utf-8",
        "Date": "Fri, 05 Apr 2024 18:32:22 GMT",
        "Expires": "-1",
        "Pragma": "no-cache",
        "Request-Context": "appId=cid-v1:2d2e8e63-272e-4b3c-8598-4ee570a0e70d",
        "Strict-Transport-Security": "max-age=31536000; includeSubDomains",
        "x-aml-cluster": "vienna-eastus2-02",
        "X-Cache": "CONFIG_NOCACHE",
        "X-Content-Type-Options": "nosniff",
        "x-ms-correlation-request-id": "af6eb09a-a1d8-4a2d-9e13-c1144114fd30",
        "x-ms-ratelimit-remaining-subscription-writes": "1199",
        "x-ms-response-type": "standard",
        "x-ms-routing-request-id": "WESTUS2:20240405T183222Z:af6eb09a-a1d8-4a2d-9e13-c1144114fd30",
        "X-MSEdge-Ref": "Ref A: 1485F9B92CDF49118772BACF1104ABE1 Ref B: CO6AA3150220017 Ref C: 2024-04-05T18:32:21Z",
        "x-request-time": "0.180"
      },
      "ResponseBody": {
        "secretsType": "AccountKey",
        "key": "dGhpcyBpcyBmYWtlIGtleQ=="
      }
    },
    {
      "RequestUri": "https://nirovinswseast5028951403.blob.core.windows.net/azureml-blobstore-a1391af3-9f38-48e8-862f-db3846e81dd4/LocalUpload/00000000000000000000000000000000/basic/.gitignore",
      "RequestMethod": "HEAD",
      "RequestHeaders": {
        "Accept": "application/xml",
        "Accept-Encoding": "gzip, deflate",
        "Connection": "keep-alive",
        "User-Agent": "azsdk-python-storage-blob/12.13.0 Python/3.10.8 (Windows-10-10.0.22631-SP0)",
        "x-ms-date": "Fri, 05 Apr 2024 18:32:39 GMT",
        "x-ms-version": "2021-08-06"
      },
      "RequestBody": null,
      "StatusCode": 200,
      "ResponseHeaders": {
        "Accept-Ranges": "bytes",
        "Content-Length": "166",
        "Content-MD5": "3EixYIdu\u002BL8/JK8/aHgyzQ==",
        "Content-Type": "application/octet-stream",
        "Date": "Fri, 05 Apr 2024 18:32:22 GMT",
        "ETag": "\u00220x8DC54F832302F19\u0022",
        "Last-Modified": "Thu, 04 Apr 2024 22:40:15 GMT",
        "Server": [
          "Windows-Azure-Blob/1.0",
          "Microsoft-HTTPAPI/2.0"
        ],
        "Vary": "Origin",
        "x-ms-access-tier": "Hot",
        "x-ms-access-tier-inferred": "true",
        "x-ms-blob-type": "BlockBlob",
        "x-ms-creation-time": "Thu, 04 Apr 2024 22:40:13 GMT",
        "x-ms-lease-state": "available",
        "x-ms-lease-status": "unlocked",
        "x-ms-meta-name": "model_test_22541495665",
        "x-ms-meta-upload_status": "completed",
        "x-ms-meta-version": "1",
        "x-ms-server-encrypted": "true",
        "x-ms-version": "2021-08-06"
      },
      "ResponseBody": null
    },
    {
      "RequestUri": "https://nirovinswseast5028951403.blob.core.windows.net/azureml-blobstore-a1391af3-9f38-48e8-862f-db3846e81dd4/az-ml-artifacts/00000000000000000000000000000000/basic/.gitignore",
      "RequestMethod": "HEAD",
      "RequestHeaders": {
        "Accept": "application/xml",
        "Accept-Encoding": "gzip, deflate",
        "Connection": "keep-alive",
        "User-Agent": "azsdk-python-storage-blob/12.13.0 Python/3.10.8 (Windows-10-10.0.22631-SP0)",
        "x-ms-date": "Fri, 05 Apr 2024 18:32:40 GMT",
        "x-ms-version": "2021-08-06"
      },
      "RequestBody": null,
      "StatusCode": 404,
      "ResponseHeaders": {
        "Date": "Fri, 05 Apr 2024 18:32:22 GMT",
        "Server": [
          "Windows-Azure-Blob/1.0",
          "Microsoft-HTTPAPI/2.0"
        ],
        "Transfer-Encoding": "chunked",
        "Vary": "Origin",
        "x-ms-error-code": "BlobNotFound",
        "x-ms-version": "2021-08-06"
      },
      "ResponseBody": null
    },
    {
      "RequestUri": "https://management.azure.com/subscriptions/00000000-0000-0000-0000-000000000/resourceGroups/00000/providers/Microsoft.MachineLearningServices/workspaces/00000/models/test_591794049668/versions/1?api-version=2023-08-01-preview",
      "RequestMethod": "PUT",
      "RequestHeaders": {
        "Accept": "application/json",
        "Accept-Encoding": "gzip, deflate",
        "Connection": "keep-alive",
        "Content-Length": "400",
        "Content-Type": "application/json",
        "User-Agent": "azure-ai-ml/1.15.0 azsdk-python-mgmt-machinelearningservices/0.1.0 Python/3.10.8 (Windows-10-10.0.22631-SP0)"
      },
      "RequestBody": {
        "properties": {
          "description": "This is evaluator.",
          "properties": {
            "is-promptflow": "true",
            "is-evaluator": "true"
          },
          "tags": {},
          "isAnonymous": false,
          "isArchived": false,
          "modelType": "custom_model",
          "modelUri": "azureml://subscriptions/00000000-0000-0000-0000-000000000/resourcegroups/00000/workspaces/00000/datastores/workspaceblobstore/paths/LocalUpload/00000000000000000000000000000000/basic"
        }
      },
      "StatusCode": 201,
      "ResponseHeaders": {
        "Cache-Control": "no-cache",
        "Content-Length": "1171",
        "Content-Type": "application/json; charset=utf-8",
        "Date": "Fri, 05 Apr 2024 18:32:27 GMT",
        "Expires": "-1",
        "Location": "https://management.azure.com/subscriptions/00000000-0000-0000-0000-000000000/resourceGroups/00000/providers/Microsoft.MachineLearningServices/workspaces/00000/models/test_591794049668/versions/1?api-version=2023-08-01-preview",
        "Pragma": "no-cache",
        "Request-Context": "appId=cid-v1:2d2e8e63-272e-4b3c-8598-4ee570a0e70d",
        "Strict-Transport-Security": "max-age=31536000; includeSubDomains",
        "x-aml-cluster": "vienna-eastus2-02",
        "X-Cache": "CONFIG_NOCACHE",
        "X-Content-Type-Options": "nosniff",
        "x-ms-correlation-request-id": "9950d8fd-8875-414d-a4db-1add9f9e79dd",
        "x-ms-ratelimit-remaining-subscription-writes": "1199",
        "x-ms-response-type": "standard",
        "x-ms-routing-request-id": "WESTUS2:20240405T183227Z:9950d8fd-8875-414d-a4db-1add9f9e79dd",
        "X-MSEdge-Ref": "Ref A: 571E4E1C54FC4D44BF7267E857F0783A Ref B: CO6AA3150220017 Ref C: 2024-04-05T18:32:26Z",
        "x-request-time": "0.772"
      },
      "ResponseBody": {
        "id": "/subscriptions/00000000-0000-0000-0000-000000000/resourceGroups/00000/providers/Microsoft.MachineLearningServices/workspaces/00000/models/test_591794049668/versions/1",
        "name": "1",
        "type": "Microsoft.MachineLearningServices/workspaces/models/versions",
        "properties": {
          "description": "This is evaluator.",
          "tags": {},
          "properties": {
            "is-promptflow": "true",
            "is-evaluator": "true"
          },
          "isArchived": false,
          "isAnonymous": false,
          "autoDeleteSetting": null,
          "flavors": {},
          "modelType": "custom_model",
          "modelUri": "azureml://subscriptions/00000000-0000-0000-0000-000000000/resourceGroups/00000/workspaces/00000/datastores/workspaceblobstore/paths/LocalUpload/00000000000000000000000000000000/basic",
          "jobName": null,
          "provisioningState": "Succeeded",
          "stage": "Development",
          "intellectualProperty": null
        },
        "systemData": {
          "createdAt": "2024-04-05T18:32:27.1242822\u002B00:00",
          "createdBy": "Nikolay Rovinskiy",
          "createdByType": "User",
          "lastModifiedAt": "2024-04-05T18:32:27.1242822\u002B00:00",
          "lastModifiedBy": "Nikolay Rovinskiy",
          "lastModifiedByType": "User"
        }
      }
    },
    {
      "RequestUri": "https://management.azure.com/subscriptions/00000000-0000-0000-0000-000000000/resourceGroups/00000/providers/Microsoft.MachineLearningServices/workspaces/00000/datastores/workspaceblobstore?api-version=2023-04-01-preview",
      "RequestMethod": "GET",
      "RequestHeaders": {
        "Accept": "application/json",
        "Accept-Encoding": "gzip, deflate",
        "Connection": "keep-alive",
        "User-Agent": "azure-ai-ml/1.15.0 azsdk-python-mgmt-machinelearningservices/0.1.0 Python/3.10.8 (Windows-10-10.0.22631-SP0)"
      },
      "RequestBody": null,
      "StatusCode": 200,
      "ResponseHeaders": {
        "Cache-Control": "no-cache",
        "Content-Length": "1200",
        "Content-Type": "application/json; charset=utf-8",
        "Date": "Fri, 05 Apr 2024 18:32:27 GMT",
        "Expires": "-1",
        "Pragma": "no-cache",
        "Request-Context": "appId=cid-v1:2d2e8e63-272e-4b3c-8598-4ee570a0e70d",
        "Strict-Transport-Security": "max-age=31536000; includeSubDomains",
        "Vary": "Accept-Encoding",
        "x-aml-cluster": "vienna-eastus2-01",
        "X-Cache": "CONFIG_NOCACHE",
        "X-Content-Type-Options": "nosniff",
        "x-ms-correlation-request-id": "bbe0458d-fba1-4bd9-adbd-5aac1ca25f1a",
        "x-ms-ratelimit-remaining-subscription-reads": "11999",
        "x-ms-response-type": "standard",
        "x-ms-routing-request-id": "WESTUS2:20240405T183227Z:bbe0458d-fba1-4bd9-adbd-5aac1ca25f1a",
        "X-MSEdge-Ref": "Ref A: 056700E2DD5C4A2AB053C74BDCBD4AA0 Ref B: CO6AA3150220017 Ref C: 2024-04-05T18:32:27Z",
        "x-request-time": "0.084"
      },
      "ResponseBody": {
        "id": "/subscriptions/00000000-0000-0000-0000-000000000/resourceGroups/00000/providers/Microsoft.MachineLearningServices/workspaces/00000/datastores/workspaceblobstore",
        "name": "workspaceblobstore",
        "type": "Microsoft.MachineLearningServices/workspaces/datastores",
        "properties": {
          "description": null,
          "tags": null,
          "properties": null,
          "isDefault": true,
          "credentials": {
            "credentialsType": "AccountKey"
          },
          "intellectualProperty": null,
          "subscriptionId": "00000000-0000-0000-0000-000000000",
          "resourceGroup": "00000",
          "datastoreType": "AzureBlob",
          "accountName": "nirovinswseast5028951403",
          "containerName": "azureml-blobstore-a1391af3-9f38-48e8-862f-db3846e81dd4",
          "endpoint": "core.windows.net",
          "protocol": "https",
          "serviceDataAccessAuthIdentity": "WorkspaceSystemAssignedIdentity"
        },
        "systemData": {
          "createdAt": "2024-01-19T20:15:50.0791508\u002B00:00",
          "createdBy": "779301c0-18b2-4cdc-801b-a0a3368fee0a",
          "createdByType": "Application",
          "lastModifiedAt": "2024-01-19T20:15:50.6629868\u002B00:00",
          "lastModifiedBy": "779301c0-18b2-4cdc-801b-a0a3368fee0a",
          "lastModifiedByType": "Application"
        }
      }
    },
    {
      "RequestUri": "https://management.azure.com/subscriptions/00000000-0000-0000-0000-000000000/resourceGroups/00000/providers/Microsoft.MachineLearningServices/workspaces/00000/datastores/workspaceblobstore/listSecrets?api-version=2023-04-01-preview",
      "RequestMethod": "POST",
      "RequestHeaders": {
        "Accept": "application/json",
        "Accept-Encoding": "gzip, deflate",
        "Connection": "keep-alive",
        "Content-Length": "0",
        "User-Agent": "azure-ai-ml/1.15.0 azsdk-python-mgmt-machinelearningservices/0.1.0 Python/3.10.8 (Windows-10-10.0.22631-SP0)"
      },
      "RequestBody": null,
      "StatusCode": 200,
      "ResponseHeaders": {
        "Cache-Control": "no-cache",
        "Content-Length": "61",
        "Content-Type": "application/json; charset=utf-8",
        "Date": "Fri, 05 Apr 2024 18:32:27 GMT",
        "Expires": "-1",
        "Pragma": "no-cache",
        "Request-Context": "appId=cid-v1:2d2e8e63-272e-4b3c-8598-4ee570a0e70d",
        "Strict-Transport-Security": "max-age=31536000; includeSubDomains",
        "x-aml-cluster": "vienna-eastus2-01",
        "X-Cache": "CONFIG_NOCACHE",
        "X-Content-Type-Options": "nosniff",
        "x-ms-correlation-request-id": "afa37b7b-cc9a-4af2-a359-050be2d21e1b",
        "x-ms-ratelimit-remaining-subscription-writes": "1199",
        "x-ms-response-type": "standard",
        "x-ms-routing-request-id": "WESTUS2:20240405T183228Z:afa37b7b-cc9a-4af2-a359-050be2d21e1b",
        "X-MSEdge-Ref": "Ref A: 8E1436C8510E49E3BD981FB4A73C67E3 Ref B: CO6AA3150220017 Ref C: 2024-04-05T18:32:27Z",
        "x-request-time": "0.069"
      },
      "ResponseBody": {
        "secretsType": "AccountKey",
        "key": "dGhpcyBpcyBmYWtlIGtleQ=="
      }
    },
    {
      "RequestUri": "https://nirovinswseast5028951403.blob.core.windows.net/azureml-blobstore-a1391af3-9f38-48e8-862f-db3846e81dd4/LocalUpload/00000000000000000000000000000000/lightgbm_mlflow_model/MLmodel",
      "RequestMethod": "HEAD",
      "RequestHeaders": {
        "Accept": "application/xml",
        "Accept-Encoding": "gzip, deflate",
        "Connection": "keep-alive",
        "User-Agent": "azsdk-python-storage-blob/12.13.0 Python/3.10.8 (Windows-10-10.0.22631-SP0)",
        "x-ms-date": "Fri, 05 Apr 2024 18:32:44 GMT",
        "x-ms-version": "2021-08-06"
      },
      "RequestBody": null,
      "StatusCode": 200,
      "ResponseHeaders": {
        "Accept-Ranges": "bytes",
        "Content-Length": "1575",
        "Content-MD5": "SXM6GanAE5OzFF879QsKaQ==",
        "Content-Type": "application/octet-stream",
        "Date": "Fri, 05 Apr 2024 18:32:27 GMT",
        "ETag": "\u00220x8DC559B2C9A56BC\u0022",
        "Last-Modified": "Fri, 05 Apr 2024 18:06:53 GMT",
        "Server": [
          "Windows-Azure-Blob/1.0",
          "Microsoft-HTTPAPI/2.0"
        ],
        "Vary": "Origin",
        "x-ms-access-tier": "Hot",
        "x-ms-access-tier-inferred": "true",
        "x-ms-blob-type": "BlockBlob",
        "x-ms-creation-time": "Fri, 05 Apr 2024 18:06:52 GMT",
        "x-ms-lease-state": "available",
        "x-ms-lease-status": "unlocked",
        "x-ms-meta-name": "test_421168616457",
        "x-ms-meta-upload_status": "completed",
        "x-ms-meta-version": "2",
        "x-ms-server-encrypted": "true",
        "x-ms-version": "2021-08-06"
      },
      "ResponseBody": null
    },
    {
      "RequestUri": "https://nirovinswseast5028951403.blob.core.windows.net/azureml-blobstore-a1391af3-9f38-48e8-862f-db3846e81dd4/az-ml-artifacts/00000000000000000000000000000000/lightgbm_mlflow_model/MLmodel",
      "RequestMethod": "HEAD",
      "RequestHeaders": {
        "Accept": "application/xml",
        "Accept-Encoding": "gzip, deflate",
        "Connection": "keep-alive",
        "User-Agent": "azsdk-python-storage-blob/12.13.0 Python/3.10.8 (Windows-10-10.0.22631-SP0)",
        "x-ms-date": "Fri, 05 Apr 2024 18:32:45 GMT",
        "x-ms-version": "2021-08-06"
      },
      "RequestBody": null,
      "StatusCode": 404,
      "ResponseHeaders": {
        "Date": "Fri, 05 Apr 2024 18:32:27 GMT",
        "Server": [
          "Windows-Azure-Blob/1.0",
          "Microsoft-HTTPAPI/2.0"
        ],
        "Transfer-Encoding": "chunked",
        "Vary": "Origin",
        "x-ms-error-code": "BlobNotFound",
        "x-ms-version": "2021-08-06"
      },
      "ResponseBody": null
    },
    {
      "RequestUri": "https://management.azure.com/subscriptions/00000000-0000-0000-0000-000000000/resourceGroups/00000/providers/Microsoft.MachineLearningServices/workspaces/00000/models/test_591794049668/versions/2?api-version=2023-08-01-preview",
      "RequestMethod": "PUT",
      "RequestHeaders": {
        "Accept": "application/json",
        "Accept-Encoding": "gzip, deflate",
        "Connection": "keep-alive",
        "Content-Length": "557",
        "Content-Type": "application/json",
        "User-Agent": "azure-ai-ml/1.15.0 azsdk-python-mgmt-machinelearningservices/0.1.0 Python/3.10.8 (Windows-10-10.0.22631-SP0)"
      },
      "RequestBody": {
        "properties": {
          "description": "this is my test model",
          "properties": {},
          "tags": {
            "foo": "bar",
            "abc": "123"
          },
          "isAnonymous": false,
          "isArchived": false,
          "flavors": {
            "sklearn": {
              "data": {
                "sklearn_version": "0.23.2"
              }
            },
            "python_function": {
              "data": {
                "loader_module": "office.plrmodel",
                "python_version": "3.8.5"
              }
            }
          },
          "modelType": "mlflow_model",
          "modelUri": "azureml://subscriptions/00000000-0000-0000-0000-000000000/resourcegroups/00000/workspaces/00000/datastores/workspaceblobstore/paths/LocalUpload/00000000000000000000000000000000/lightgbm_mlflow_model"
        }
      },
      "StatusCode": 201,
      "ResponseHeaders": {
        "Cache-Control": "no-cache",
        "Content-Length": "1413",
        "Content-Type": "application/json; charset=utf-8",
        "Date": "Fri, 05 Apr 2024 18:32:29 GMT",
        "Expires": "-1",
        "Location": "https://management.azure.com/subscriptions/00000000-0000-0000-0000-000000000/resourceGroups/00000/providers/Microsoft.MachineLearningServices/workspaces/00000/models/test_591794049668/versions/2?api-version=2023-08-01-preview",
        "Pragma": "no-cache",
        "Request-Context": "appId=cid-v1:2d2e8e63-272e-4b3c-8598-4ee570a0e70d",
        "Strict-Transport-Security": "max-age=31536000; includeSubDomains",
        "x-aml-cluster": "vienna-eastus2-02",
        "X-Cache": "CONFIG_NOCACHE",
        "X-Content-Type-Options": "nosniff",
        "x-ms-correlation-request-id": "3bec09aa-7b05-4e0a-9a34-6139faa574e5",
        "x-ms-ratelimit-remaining-subscription-writes": "1199",
        "x-ms-response-type": "standard",
        "x-ms-routing-request-id": "WESTUS2:20240405T183229Z:3bec09aa-7b05-4e0a-9a34-6139faa574e5",
        "X-MSEdge-Ref": "Ref A: 9FC86DCA7BC84564B738576F5AEC20EE Ref B: CO6AA3150220017 Ref C: 2024-04-05T18:32:28Z",
        "x-request-time": "0.671"
      },
      "ResponseBody": {
        "id": "/subscriptions/00000000-0000-0000-0000-000000000/resourceGroups/00000/providers/Microsoft.MachineLearningServices/workspaces/00000/models/test_591794049668/versions/2",
        "name": "2",
        "type": "Microsoft.MachineLearningServices/workspaces/models/versions",
        "properties": {
          "description": "this is my test model",
          "tags": {
            "foo": "bar",
            "abc": "123"
          },
          "properties": {},
          "isArchived": false,
          "isAnonymous": false,
          "autoDeleteSetting": null,
          "flavors": {
            "sklearn": {
              "data": {
                "sklearn_version": "0.23.2"
              }
            },
            "python_function": {
              "data": {
                "loader_module": "office.plrmodel",
                "python_version": "3.8.5"
              }
            }
          },
          "modelType": "mlflow_model",
          "modelUri": "azureml://subscriptions/00000000-0000-0000-0000-000000000/resourceGroups/00000/workspaces/00000/datastores/workspaceblobstore/paths/LocalUpload/00000000000000000000000000000000/lightgbm_mlflow_model",
          "jobName": null,
          "provisioningState": "Succeeded",
          "stage": "Development",
          "intellectualProperty": null
        },
        "systemData": {
          "createdAt": "2024-04-05T18:32:29.7776272\u002B00:00",
          "createdBy": "Nikolay Rovinskiy",
          "createdByType": "User",
          "lastModifiedAt": "2024-04-05T18:32:29.7776272\u002B00:00",
          "lastModifiedBy": "Nikolay Rovinskiy",
          "lastModifiedByType": "User"
        }
      }
    },
    {
      "RequestUri": "https://management.azure.com/subscriptions/00000000-0000-0000-0000-000000000/resourceGroups/00000/providers/Microsoft.MachineLearningServices/workspaces/00000/models/test_591794049668/versions?api-version=2023-08-01-preview\u0026properties=is-promptflow%3Dtrue%2Cis-evaluator%3Dtrue\u0026listViewType=ActiveOnly",
      "RequestMethod": "GET",
      "RequestHeaders": {
        "Accept": "application/json",
        "Accept-Encoding": "gzip, deflate",
        "Connection": "keep-alive",
        "User-Agent": "azure-ai-ml/1.15.0 azsdk-python-mgmt-machinelearningservices/0.1.0 Python/3.10.8 (Windows-10-10.0.22631-SP0)"
      },
      "RequestBody": null,
      "StatusCode": 200,
      "ResponseHeaders": {
        "Cache-Control": "no-cache",
        "Content-Length": "1316",
        "Content-Type": "application/json; charset=utf-8",
        "Date": "Fri, 05 Apr 2024 18:32:30 GMT",
        "Expires": "-1",
        "Pragma": "no-cache",
        "Request-Context": "appId=cid-v1:2d2e8e63-272e-4b3c-8598-4ee570a0e70d",
        "Strict-Transport-Security": "max-age=31536000; includeSubDomains",
        "Vary": "Accept-Encoding",
        "x-aml-cluster": "vienna-eastus2-01",
        "X-Cache": "CONFIG_NOCACHE",
        "X-Content-Type-Options": "nosniff",
        "x-ms-correlation-request-id": "48359b68-2970-4397-af0e-dbd241dc8681",
        "x-ms-ratelimit-remaining-subscription-reads": "11998",
        "x-ms-response-type": "standard",
        "x-ms-routing-request-id": "WESTUS2:20240405T183230Z:48359b68-2970-4397-af0e-dbd241dc8681",
        "X-MSEdge-Ref": "Ref A: 87894E410065442DBDDE0EF055CDE54C Ref B: CO6AA3150220017 Ref C: 2024-04-05T18:32:29Z",
        "x-request-time": "0.169"
      },
      "ResponseBody": {
        "value": [
          {
            "id": "/subscriptions/00000000-0000-0000-0000-000000000/resourceGroups/00000/providers/Microsoft.MachineLearningServices/workspaces/00000/models/test_591794049668/versions/1",
            "name": "1",
            "type": "Microsoft.MachineLearningServices/workspaces/models/versions",
            "properties": {
              "description": "This is evaluator.",
              "tags": {},
              "properties": {
                "is-promptflow": "true",
                "is-evaluator": "true"
              },
              "isArchived": false,
              "isAnonymous": false,
              "autoDeleteSetting": null,
              "flavors": {},
              "modelType": "custom_model",
              "modelUri": "azureml://subscriptions/00000000-0000-0000-0000-000000000/resourceGroups/00000/workspaces/00000/datastores/workspaceblobstore/paths/LocalUpload/00000000000000000000000000000000/basic",
              "jobName": null,
              "provisioningState": "Succeeded",
              "stage": "Development",
              "intellectualProperty": null
            },
            "systemData": {
              "createdAt": "2024-04-05T18:32:27.1242822\u002B00:00",
              "createdBy": "Nikolay Rovinskiy",
              "createdByType": "User",
              "lastModifiedAt": "2024-04-05T18:32:27.1242822\u002B00:00",
              "lastModifiedBy": "Nikolay Rovinskiy",
              "lastModifiedByType": "User"
            }
          }
        ]
      }
    }
  ],
  "Variables": {
    "model_name": "test_591794049668"
  }
}
