{
  "Entries": [
    {
      "RequestUri": "https://management.azure.com/subscriptions/264e9200-2944-4334-9a02-721e6268b55f?api-version=2022-12-01",
      "RequestMethod": "GET",
      "RequestHeaders": {
        "Accept": "application/json",
        "Authorization": "Sanitized",
        "traceparent": "00-593a95ff0f3f4d0d661705f9e4167630-9bc1cf8d584d7849-00",
        "User-Agent": "azsdk-net-ResourceManager/1.13.0 (.NET 8.0.14; Microsoft Windows 10.0.26120)",
        "x-ms-client-request-id": "Sanitized",
        "x-ms-return-client-request-id": "true"
      },
      "RequestBody": null,
      "StatusCode": 200,
      "ResponseHeaders": {
        "Cache-Control": "no-cache",
        "Content-Length": "413",
        "Content-Type": "application/json; charset=utf-8",
        "Date": "Fri, 28 Mar 2025 15:01:48 GMT",
        "Expires": "-1",
        "Pragma": "no-cache",
        "Strict-Transport-Security": "max-age=31536000; includeSubDomains",
        "X-Cache": "CONFIG_NOCACHE",
        "X-Content-Type-Options": "nosniff",
        "x-ms-correlation-request-id": "75c8ce5f-582c-40ed-bc96-4e3a12feaa4a",
        "x-ms-ratelimit-remaining-subscription-global-reads": "16499",
        "x-ms-ratelimit-remaining-subscription-reads": "1099",
        "x-ms-request-id": "75c8ce5f-582c-40ed-bc96-4e3a12feaa4a",
        "x-ms-routing-request-id": "NORTHCENTRALUS:20250328T150149Z:75c8ce5f-582c-40ed-bc96-4e3a12feaa4a",
        "X-MSEdge-Ref": "Ref A: 87FCF87E23A54916B298F242C62447DF Ref B: MNZ221060618011 Ref C: 2025-03-28T15:01:49Z"
      },
      "ResponseBody": {
        "id": "/subscriptions/264e9200-2944-4334-9a02-721e6268b55f",
        "authorizationSource": "RoleBased",
        "managedByTenants": [],
        "tags": {},
        "subscriptionId": "264e9200-2944-4334-9a02-721e6268b55f",
        "tenantId": "00000000-0000-0000-0000-000000000000",
        "displayName": "EnS-Velma-Fengy-NonProd",
        "state": "Enabled",
        "subscriptionPolicies": {
          "locationPlacementId": "Internal_2014-09-01",
          "quotaId": "Internal_2014-09-01",
          "spendingLimit": "Off"
        }
      }
    },
    {
      "RequestUri": "https://management.azure.com/subscriptions/264e9200-2944-4334-9a02-721e6268b55f/resourcegroups/testRg963?api-version=2022-09-01",
      "RequestMethod": "PUT",
      "RequestHeaders": {
        "Accept": "application/json",
        "Authorization": "Sanitized",
        "Content-Length": "21",
        "Content-Type": "application/json",
        "traceparent": "00-d2c432d46af6c83eda8541de8f7711b1-d482cf4cd9fac90c-00",
        "User-Agent": "azsdk-net-ResourceManager/1.13.0 (.NET 8.0.14; Microsoft Windows 10.0.26120)",
        "x-ms-client-request-id": "Sanitized",
        "x-ms-return-client-request-id": "true"
      },
      "RequestBody": {
        "location": "eastus"
      },
      "StatusCode": 201,
      "ResponseHeaders": {
        "Cache-Control": "no-cache",
        "Content-Length": "215",
        "Content-Type": "application/json; charset=utf-8",
        "Date": "Fri, 28 Mar 2025 15:01:49 GMT",
        "Expires": "-1",
        "Pragma": "no-cache",
        "Strict-Transport-Security": "max-age=31536000; includeSubDomains",
        "X-Cache": "CONFIG_NOCACHE",
        "X-Content-Type-Options": "nosniff",
        "x-ms-correlation-request-id": "8dc7e182-daee-4a48-a028-96fa66e0c300",
        "x-ms-ratelimit-remaining-subscription-global-writes": "11999",
        "x-ms-ratelimit-remaining-subscription-writes": "799",
        "x-ms-request-id": "8dc7e182-daee-4a48-a028-96fa66e0c300",
        "x-ms-routing-request-id": "NORTHCENTRALUS:20250328T150150Z:8dc7e182-daee-4a48-a028-96fa66e0c300",
        "X-MSEdge-Ref": "Ref A: 3D81F154833F48E097DA6CFC4696A2A6 Ref B: MNZ221060618011 Ref C: 2025-03-28T15:01:49Z"
      },
      "ResponseBody": {
        "id": "/subscriptions/264e9200-2944-4334-9a02-721e6268b55f/resourceGroups/testRg963",
        "name": "testRg963",
        "type": "Microsoft.Resources/resourceGroups",
        "location": "eastus",
        "properties": {
          "provisioningState": "Succeeded"
        }
      }
    },
    {
      "RequestUri": "https://management.azure.com/subscriptions/264e9200-2944-4334-9a02-721e6268b55f/resourceGroups/testRg963/providers/Microsoft.IoTFirmwareDefense/workspaces/resource3999?api-version=2025-04-01-preview",
      "RequestMethod": "PUT",
      "RequestHeaders": {
        "Accept": "application/json",
        "Authorization": "Sanitized",
        "Content-Length": "21",
        "Content-Type": "application/json",
        "traceparent": "00-3dee8bd89d806e721272cec7aaca0460-fbee833f0632e762-00",
        "User-Agent": "azsdk-net-ResourceManager.IotFirmwareDefense/2.0.0-alpha.20250328.1 (.NET 8.0.14; Microsoft Windows 10.0.26120)",
        "x-ms-client-request-id": "Sanitized",
        "x-ms-return-client-request-id": "true"
      },
      "RequestBody": {
        "location": "eastus"
      },
      "StatusCode": 200,
      "ResponseHeaders": {
        "Cache-Control": "no-cache",
        "Content-Length": "496",
        "Content-Type": "application/json; charset=utf-8",
        "Date": "Fri, 28 Mar 2025 15:01:50 GMT",
        "ETag": "\"d30069ef-0000-0100-0000-67e6b9df0000\"",
        "Expires": "-1",
        "Pragma": "no-cache",
        "Strict-Transport-Security": "max-age=31536000; includeSubDomains",
        "X-Cache": "CONFIG_NOCACHE",
        "X-Content-Type-Options": "nosniff",
        "x-ms-client-request-id": "Sanitized",
        "x-ms-correlation-request-id": "ee42614f-8728-4dfb-83db-82c126f1cfa2",
        "x-ms-operation-identifier": "tenantId=72f988bf-86f1-41af-91ab-2d7cd011db47,objectId=6c885de3-382b-4ead-acf0-9c1c31df4d02/northcentralus/4cc3f194-d05f-4619-a816-522d01591ce5",
        "x-ms-providerhub-traffic": "True",
        "x-ms-ratelimit-remaining-subscription-global-writes": "11999",
        "x-ms-ratelimit-remaining-subscription-writes": "799",
        "x-ms-request-id": "35e27c97-380d-42a7-ac74-09f468e56689",
        "x-ms-routing-request-id": "NORTHCENTRALUS:20250328T150151Z:ee42614f-8728-4dfb-83db-82c126f1cfa2",
        "X-MSEdge-Ref": "Ref A: 4F99D9A9BB06477BB6E30BD69EB0F799 Ref B: MNZ221060618011 Ref C: 2025-03-28T15:01:50Z"
      },
      "ResponseBody": {
        "id": "/subscriptions/264e9200-2944-4334-9a02-721e6268b55f/resourceGroups/testRg963/providers/Microsoft.IoTFirmwareDefense/workspaces/resource3999",
        "name": "resource3999",
        "type": "microsoft.iotfirmwaredefense/workspaces",
        "location": "eastus",
        "systemData": {
          "createdBy": "Sanitized",
          "createdByType": "User",
          "createdAt": "2025-03-28T15:01:51.3644741Z",
          "lastModifiedBy": "Sanitized",
          "lastModifiedByType": "User",
          "lastModifiedAt": "2025-03-28T15:01:51.3644741Z"
        },
        "properties": {
          "provisioningState": "Succeeded"
        }
      }
    },
    {
      "RequestUri": "https://management.azure.com/subscriptions/264e9200-2944-4334-9a02-721e6268b55f/resourceGroups/testRg963/providers/Microsoft.IoTFirmwareDefense/workspaces/resource3999/firmwares/resource9462?api-version=2025-04-01-preview",
      "RequestMethod": "PUT",
      "RequestHeaders": {
        "Accept": "application/json",
        "Authorization": "Sanitized",
        "Content-Length": "153",
        "Content-Type": "application/json",
        "traceparent": "00-2722442ea30c5e4ce449b55a73ebc616-0262196f165d8606-00",
        "User-Agent": "azsdk-net-ResourceManager.IotFirmwareDefense/2.0.0-alpha.20250328.1 (.NET 8.0.14; Microsoft Windows 10.0.26120)",
        "x-ms-client-request-id": "Sanitized",
        "x-ms-return-client-request-id": "true"
      },
      "RequestBody": {
        "properties": {
          "fileName": "testFileName",
          "vendor": "testVendor",
          "model": "testModel",
          "version": "testVersion",
          "description": "testDescription",
          "fileSize": 1
        }
      },
      "StatusCode": 200,
      "ResponseHeaders": {
        "Cache-Control": "no-cache",
        "Content-Length": "646",
        "Content-Type": "application/json; charset=utf-8",
        "Date": "Fri, 28 Mar 2025 15:01:51 GMT",
        "ETag": "\"5700cc7b-0000-0100-0000-67e6b9df0000\"",
        "Expires": "-1",
        "Pragma": "no-cache",
        "Strict-Transport-Security": "max-age=31536000; includeSubDomains",
        "X-Cache": "CONFIG_NOCACHE",
        "X-Content-Type-Options": "nosniff",
        "x-ms-client-request-id": "Sanitized",
        "x-ms-correlation-request-id": "4c3945a0-c920-4474-a68f-e714d5631f7b",
        "x-ms-operation-identifier": "tenantId=72f988bf-86f1-41af-91ab-2d7cd011db47,objectId=6c885de3-382b-4ead-acf0-9c1c31df4d02/northcentralus/c7ab51e0-2bae-4f87-b7d6-06ea330a7f74",
        "x-ms-providerhub-traffic": "True",
        "x-ms-ratelimit-remaining-subscription-global-writes": "11999",
        "x-ms-ratelimit-remaining-subscription-writes": "799",
        "x-ms-request-id": "7af04c85-370b-43f1-a841-589bd8e17e02",
        "x-ms-routing-request-id": "NORTHCENTRALUS:20250328T150152Z:4c3945a0-c920-4474-a68f-e714d5631f7b",
        "X-MSEdge-Ref": "Ref A: D6B5F9FE3239433FB59BF1831DF4DC06 Ref B: MNZ221060618011 Ref C: 2025-03-28T15:01:51Z"
      },
      "ResponseBody": {
        "id": "/subscriptions/264e9200-2944-4334-9a02-721e6268b55f/resourceGroups/testRg963/providers/Microsoft.IoTFirmwareDefense/workspaces/resource3999/firmwares/resource9462",
        "name": "resource9462",
        "type": "microsoft.iotfirmwaredefense/workspaces/firmwares",
        "systemData": {
          "createdBy": "Sanitized",
          "createdByType": "User",
          "createdAt": "2025-03-28T15:01:51.9469681Z",
          "lastModifiedBy": "Sanitized",
          "lastModifiedByType": "User",
          "lastModifiedAt": "2025-03-28T15:01:51.9469681Z"
        },
        "properties": {
          "fileName": "testFileName",
          "vendor": "testVendor",
          "model": "testModel",
          "version": "testVersion",
          "description": "testDescription",
          "fileSize": 1,
          "provisioningState": "Succeeded"
        }
      }
    },
    {
      "RequestUri": "https://management.azure.com/subscriptions/264e9200-2944-4334-9a02-721e6268b55f/resourceGroups/testRg963/providers/Microsoft.IoTFirmwareDefense/workspaces/resource3999/firmwares/resource9462?api-version=2025-04-01-preview",
      "RequestMethod": "GET",
      "RequestHeaders": {
        "Accept": "application/json",
        "Authorization": "Sanitized",
        "traceparent": "00-7aa84ee03517d80cccf6763dcee3405a-09640b9017641e66-00",
        "User-Agent": "azsdk-net-ResourceManager.IotFirmwareDefense/2.0.0-alpha.20250328.1 (.NET 8.0.14; Microsoft Windows 10.0.26120)",
        "x-ms-client-request-id": "Sanitized",
        "x-ms-return-client-request-id": "true"
      },
      "RequestBody": null,
      "StatusCode": 200,
      "ResponseHeaders": {
        "Cache-Control": "no-cache",
        "Content-Length": "646",
        "Content-Type": "application/json; charset=utf-8",
        "Date": "Fri, 28 Mar 2025 15:01:51 GMT",
        "ETag": "\"5700cc7b-0000-0100-0000-67e6b9df0000\"",
        "Expires": "-1",
        "Pragma": "no-cache",
        "Strict-Transport-Security": "max-age=31536000; includeSubDomains",
        "X-Cache": "CONFIG_NOCACHE",
        "X-Content-Type-Options": "nosniff",
        "x-ms-client-request-id": "Sanitized",
        "x-ms-correlation-request-id": "dc058e3c-5ae5-44d6-810e-5a02a70c359b",
        "x-ms-operation-identifier": "tenantId=72f988bf-86f1-41af-91ab-2d7cd011db47,objectId=6c885de3-382b-4ead-acf0-9c1c31df4d02/northcentralus/6ef1b57a-6304-495d-ab86-51833614e76e",
        "x-ms-providerhub-traffic": "True",
        "x-ms-ratelimit-remaining-subscription-global-reads": "16499",
        "x-ms-ratelimit-remaining-subscription-reads": "1099",
        "x-ms-request-id": "f950d047-adc4-475e-b537-da42b45396e4",
        "x-ms-routing-request-id": "NORTHCENTRALUS:20250328T150152Z:dc058e3c-5ae5-44d6-810e-5a02a70c359b",
        "X-MSEdge-Ref": "Ref A: 67E9149A177D49018F1ECCD604E87918 Ref B: MNZ221060618011 Ref C: 2025-03-28T15:01:52Z"
      },
      "ResponseBody": {
        "id": "/subscriptions/264e9200-2944-4334-9a02-721e6268b55f/resourceGroups/testRg963/providers/Microsoft.IoTFirmwareDefense/workspaces/resource3999/firmwares/resource9462",
        "name": "resource9462",
        "type": "microsoft.iotfirmwaredefense/workspaces/firmwares",
        "systemData": {
          "createdBy": "Sanitized",
          "createdByType": "User",
          "createdAt": "2025-03-28T15:01:51.9469681Z",
          "lastModifiedBy": "Sanitized",
          "lastModifiedByType": "User",
          "lastModifiedAt": "2025-03-28T15:01:51.9469681Z"
        },
        "properties": {
          "fileName": "testFileName",
          "vendor": "testVendor",
          "model": "testModel",
          "version": "testVersion",
          "description": "testDescription",
          "fileSize": 1,
          "provisioningState": "Succeeded"
        }
      }
    },
    {
      "RequestUri": "https://management.azure.com/subscriptions/264e9200-2944-4334-9a02-721e6268b55f/resourceGroups/testRg963/providers/Microsoft.IoTFirmwareDefense/workspaces/resource3999/firmwares/resource9462?api-version=2025-04-01-preview",
      "RequestMethod": "DELETE",
      "RequestHeaders": {
        "Accept": "application/json",
        "Authorization": "Sanitized",
        "traceparent": "00-3c2b7ac82cd2a813010e4b106962946a-1790b7d65253a0ac-00",
        "User-Agent": "azsdk-net-ResourceManager.IotFirmwareDefense/2.0.0-alpha.20250328.1 (.NET 8.0.14; Microsoft Windows 10.0.26120)",
        "x-ms-client-request-id": "Sanitized",
        "x-ms-return-client-request-id": "true"
      },
      "RequestBody": null,
      "StatusCode": 200,
      "ResponseHeaders": {
        "Cache-Control": "no-cache",
        "Content-Length": "0",
        "Date": "Fri, 28 Mar 2025 15:01:52 GMT",
        "Expires": "-1",
        "Pragma": "no-cache",
        "Strict-Transport-Security": "max-age=31536000; includeSubDomains",
        "X-Cache": "CONFIG_NOCACHE",
        "X-Content-Type-Options": "nosniff",
        "x-ms-client-request-id": "Sanitized",
        "x-ms-correlation-request-id": "81dd1383-6c15-4256-83b9-15b072c73003",
        "x-ms-failure-cause": "service",
        "x-ms-operation-identifier": "tenantId=72f988bf-86f1-41af-91ab-2d7cd011db47,objectId=6c885de3-382b-4ead-acf0-9c1c31df4d02/northcentralus/75590228-71d5-4938-946f-b3e6f8503312",
        "x-ms-providerhub-traffic": "True",
        "x-ms-ratelimit-remaining-subscription-deletes": "799",
        "x-ms-ratelimit-remaining-subscription-global-deletes": "11999",
        "x-ms-request-id": "00000000-0000-0000-0000-000000000000",
        "x-ms-routing-request-id": "NORTHCENTRALUS:20250328T150153Z:81dd1383-6c15-4256-83b9-15b072c73003",
        "X-MSEdge-Ref": "Ref A: 44997BF591294720A2921087FF96ACA5 Ref B: MNZ221060618011 Ref C: 2025-03-28T15:01:52Z"
      },
      "ResponseBody": null
    },
    {
      "RequestUri": "https://management.azure.com/subscriptions/264e9200-2944-4334-9a02-721e6268b55f/resourceGroups/testRg963/providers/Microsoft.IoTFirmwareDefense/workspaces/resource3999/firmwares/resource9462?api-version=2025-04-01-preview",
      "RequestMethod": "GET",
      "RequestHeaders": {
        "Accept": "application/json",
        "Authorization": "Sanitized",
        "traceparent": "00-7c9f4db8dc3e37a1ee8f1c2804830171-51c51e402f57c1e2-00",
        "User-Agent": "azsdk-net-ResourceManager.IotFirmwareDefense/2.0.0-alpha.20250328.1 (.NET 8.0.14; Microsoft Windows 10.0.26120)",
        "x-ms-client-request-id": "Sanitized",
        "x-ms-return-client-request-id": "true"
      },
      "RequestBody": null,
      "StatusCode": 404,
      "ResponseHeaders": {
        "Cache-Control": "no-cache",
        "Content-Length": "160",
        "Content-Type": "application/json",
        "Date": "Fri, 28 Mar 2025 15:01:52 GMT",
        "Expires": "-1",
        "Pragma": "no-cache",
        "Strict-Transport-Security": "max-age=31536000; includeSubDomains",
        "X-Cache": "CONFIG_NOCACHE",
        "X-Content-Type-Options": "nosniff",
        "x-ms-client-request-id": "Sanitized",
        "x-ms-correlation-request-id": "380e0cbc-d820-4ec0-9ca2-d9e42d6f3205",
        "x-ms-failure-cause": "gateway",
        "x-ms-operation-identifier": "tenantId=72f988bf-86f1-41af-91ab-2d7cd011db47,objectId=6c885de3-382b-4ead-acf0-9c1c31df4d02/northcentralus/b8cd553a-ea6b-4ec1-9429-75ef0d484f1a",
        "x-ms-providerhub-traffic": "True",
        "x-ms-ratelimit-remaining-subscription-global-reads": "16499",
        "x-ms-ratelimit-remaining-subscription-reads": "1099",
        "x-ms-request-id": "3538dc38-bdf1-4793-ab30-8b2ccbb03097",
        "x-ms-routing-request-id": "NORTHCENTRALUS:20250328T150153Z:380e0cbc-d820-4ec0-9ca2-d9e42d6f3205",
        "X-MSEdge-Ref": "Ref A: C3BFE63DA5E34EFEA44E59EB0A0DF179 Ref B: MNZ221060618011 Ref C: 2025-03-28T15:01:53Z"
      },
      "ResponseBody": {
        "error": {
          "code": "ResourceNotFound",
          "message": "The resource 'Microsoft.IoTFirmwareDefense/workspaces/resource3999/firmwares/resource9462' could not be found."
        }
      }
    }
  ],
  "Variables": {
    "RandomSeed": "439354586",
    "RESOURCE_MANAGER_URL": "https://management.azure.com/",
    "SUBSCRIPTION_ID": "264e9200-2944-4334-9a02-721e6268b55f"
  }
}
