{
  "Entries": [
    {
      "RequestUri": "https://management.azure.com/subscriptions/db1ab6f0-4769-4b27-930e-01e2ef9c123c?api-version=2022-12-01",
      "RequestMethod": "GET",
      "RequestHeaders": {
        "Accept": "application/json",
        "Authorization": "Sanitized",
        "traceparent": "00-8d5ce0eca383de833b43154eb0c58506-a1bfc02efb6f0c30-00",
        "User-Agent": "azsdk-net-ResourceManager/1.7.0 (.NET 7.0.11; Microsoft Windows 10.0.22621)",
        "x-ms-client-request-id": "5faa8c11bdd81090ee3c0f6f2b235ff0",
        "x-ms-return-client-request-id": "true"
      },
      "RequestBody": null,
      "StatusCode": 200,
      "ResponseHeaders": {
        "Cache-Control": "no-cache",
        "Content-Length": "748",
        "Content-Type": "application/json; charset=utf-8",
        "Date": "Tue, 19 Sep 2023 04:04:20 GMT",
        "Expires": "-1",
        "Pragma": "no-cache",
        "Strict-Transport-Security": "max-age=31536000; includeSubDomains",
        "X-Content-Type-Options": "nosniff",
        "x-ms-correlation-request-id": "857ee916-5023-484c-8ddd-c809ff3a7ba0",
        "x-ms-ratelimit-remaining-subscription-reads": "11993",
        "x-ms-request-id": "857ee916-5023-484c-8ddd-c809ff3a7ba0",
        "x-ms-routing-request-id": "SOUTHEASTASIA:20230919T040421Z:857ee916-5023-484c-8ddd-c809ff3a7ba0"
      },
      "ResponseBody": {
        "id": "/subscriptions/db1ab6f0-4769-4b27-930e-01e2ef9c123c",
        "authorizationSource": "RoleBased",
        "managedByTenants": [],
        "tags": {
          "TagKey-9823": "TagValue-1254",
          "TagKey-3481": "TagValue-320",
          "TagKey-4926": "TagValue-1187",
          "TagKey-751": "TagValue-3921",
          "TagKey-1866": "TagValue-8559",
          "TagKey-3094": "TagValue-9190",
          "TagKey-2449": "TagValue-9",
          "TagKey-8379": "TagValue-164",
          "TagKey-7470": "TagValue-2205",
          "TagKey-4236": "TagValue-3698",
          "TagKey-5316": "TagValue-2725"
        },
        "subscriptionId": "db1ab6f0-4769-4b27-930e-01e2ef9c123c",
        "tenantId": "72f988bf-86f1-41af-91ab-2d7cd011db47",
        "displayName": ".NET Mgmt SDK Test with TTL = 1 Day",
        "state": "Enabled",
        "subscriptionPolicies": {
          "locationPlacementId": "Internal_2014-09-01",
          "quotaId": "Internal_2014-09-01",
          "spendingLimit": "Off"
        }
      }
    },
    {
      "RequestUri": "https://management.azure.com/subscriptions/db1ab6f0-4769-4b27-930e-01e2ef9c123c/resourcegroups/testRg-ResourceMover-6148?api-version=2022-09-01",
      "RequestMethod": "PUT",
      "RequestHeaders": {
        "Accept": "application/json",
        "Authorization": "Sanitized",
        "Content-Length": "21",
        "Content-Type": "application/json",
        "traceparent": "00-b7a367c96f7a944b397e6f777d920784-0f0c928214ec490c-00",
        "User-Agent": "azsdk-net-ResourceManager/1.7.0 (.NET 7.0.11; Microsoft Windows 10.0.22621)",
        "x-ms-client-request-id": "04211aba87329fd4b7cb7bd9141930f8",
        "x-ms-return-client-request-id": "true"
      },
      "RequestBody": {
        "location": "westus"
      },
      "StatusCode": 201,
      "ResponseHeaders": {
        "Cache-Control": "no-cache",
        "Content-Length": "247",
        "Content-Type": "application/json; charset=utf-8",
        "Date": "Tue, 19 Sep 2023 04:04:21 GMT",
        "Expires": "-1",
        "Pragma": "no-cache",
        "Strict-Transport-Security": "max-age=31536000; includeSubDomains",
        "X-Content-Type-Options": "nosniff",
        "x-ms-correlation-request-id": "668d7dba-e023-4834-adf3-ebad542e1b48",
        "x-ms-ratelimit-remaining-subscription-writes": "1191",
        "x-ms-request-id": "668d7dba-e023-4834-adf3-ebad542e1b48",
        "x-ms-routing-request-id": "SOUTHEASTASIA:20230919T040421Z:668d7dba-e023-4834-adf3-ebad542e1b48"
      },
      "ResponseBody": {
        "id": "/subscriptions/db1ab6f0-4769-4b27-930e-01e2ef9c123c/resourceGroups/testRg-ResourceMover-6148",
        "name": "testRg-ResourceMover-6148",
        "type": "Microsoft.Resources/resourceGroups",
        "location": "westus",
        "properties": {
          "provisioningState": "Succeeded"
        }
      }
    },
    {
      "RequestUri": "https://management.azure.com/subscriptions/db1ab6f0-4769-4b27-930e-01e2ef9c123c/resourceGroups/testRg-ResourceMover-6148/providers/Microsoft.Migrate/moveCollections/MoverResourceSet-7767?api-version=2023-08-01",
      "RequestMethod": "PUT",
      "RequestHeaders": {
        "Accept": "application/json",
        "Authorization": "Sanitized",
        "Content-Length": "133",
        "Content-Type": "application/json",
        "traceparent": "00-57b03cbc2a5ff4c1da7c6592e8c09268-fcfe191068b45812-00",
        "User-Agent": "azsdk-net-ResourceManager.ResourceMover/1.1.0-alpha.20230919.1 (.NET 7.0.11; Microsoft Windows 10.0.22621)",
        "x-ms-client-request-id": "e945fe97f5cf01ff6bcb86aee9c77d7d",
        "x-ms-return-client-request-id": "true"
      },
      "RequestBody": {
        "identity": {
          "type": "SystemAssigned"
        },
        "properties": {
          "sourceRegion": "eastus",
          "targetRegion": "eastus2"
        },
        "tags": {},
        "location": "eastus2"
      },
      "StatusCode": 201,
      "ResponseHeaders": {
        "Cache-Control": "no-cache",
        "Content-Length": "911",
        "Content-Type": "application/json; charset=utf-8",
        "Date": "Tue, 19 Sep 2023 04:04:25 GMT",
        "ETag": "\u00220e00eb55-0000-0200-0000-65091dc80000\u0022",
        "Expires": "-1",
        "Pragma": "no-cache",
        "Strict-Transport-Security": "max-age=31536000; includeSubDomains",
        "X-Content-Type-Options": "nosniff",
        "x-ms-correlation-request-id": "4bf94ccb-20c2-492f-af46-4008e5525dc9",
        "x-ms-ratelimit-remaining-subscription-writes": "1190",
        "x-ms-request-id": "d096f63e-0373-4bd3-804e-f151d3f23b9b",
        "x-ms-routing-request-id": "SOUTHEASTASIA:20230919T040426Z:4bf94ccb-20c2-492f-af46-4008e5525dc9"
      },
      "ResponseBody": {
        "id": "/subscriptions/db1ab6f0-4769-4b27-930e-01e2ef9c123c/resourceGroups/testRg-ResourceMover-6148/providers/Microsoft.Migrate/moveCollections/MoverResourceSet-7767",
        "name": "MoverResourceSet-7767",
        "type": "Microsoft.Migrate/moveCollections",
        "etag": "\u00220e00eb55-0000-0200-0000-65091dc80000\u0022",
        "location": "eastus2",
        "tags": {},
        "properties": {
          "sourceRegion": "eastus",
          "targetRegion": "eastus2",
          "moveRegion": null,
          "provisioningState": "Succeeded",
          "errors": null,
          "version": "V2",
          "moveType": "RegionToRegion"
        },
        "identity": {
          "principalId": "5accc587-2c64-4488-a0f2-9f48c6a88e86",
          "tenantId": "72f988bf-86f1-41af-91ab-2d7cd011db47",
          "type": "SystemAssigned"
        },
        "systemData": {
          "createdBy": "18521949-6d6e-454b-b208-4d3141df8607",
          "createdByType": "Application",
          "createdAt": "2023-09-19T04:04:23.6822537Z",
          "lastModifiedBy": "18521949-6d6e-454b-b208-4d3141df8607",
          "lastModifiedByType": "Application",
          "lastModifiedAt": "2023-09-19T04:04:23.6822537Z"
        }
      }
    },
    {
      "RequestUri": "https://management.azure.com/subscriptions/db1ab6f0-4769-4b27-930e-01e2ef9c123c/resourceGroups/testRg-ResourceMover-6148/providers/Microsoft.Migrate/moveCollections/MoverResourceSet-7767?api-version=2023-08-01",
      "RequestMethod": "GET",
      "RequestHeaders": {
        "Accept": "application/json",
        "Authorization": "Sanitized",
        "traceparent": "00-02825fe38720741bc2162621257a8e8c-8c8ea8b357476fd8-00",
        "User-Agent": "azsdk-net-ResourceManager.ResourceMover/1.1.0-alpha.20230919.1 (.NET 7.0.11; Microsoft Windows 10.0.22621)",
        "x-ms-client-request-id": "3957defedf2ad604c020f11437d923de",
        "x-ms-return-client-request-id": "true"
      },
      "RequestBody": null,
      "StatusCode": 200,
      "ResponseHeaders": {
        "Cache-Control": "no-cache",
        "Content-Length": "911",
        "Content-Type": "application/json; charset=utf-8",
        "Date": "Tue, 19 Sep 2023 04:04:26 GMT",
        "ETag": "\u00220e00eb55-0000-0200-0000-65091dc80000\u0022",
        "Expires": "-1",
        "Pragma": "no-cache",
        "Strict-Transport-Security": "max-age=31536000; includeSubDomains",
        "X-Content-Type-Options": "nosniff",
        "x-ms-correlation-request-id": "09d16c46-2ef1-40bf-b5fc-ce47d0c73897",
        "x-ms-ratelimit-remaining-subscription-reads": "11992",
        "x-ms-request-id": "bac84660-e307-4107-8ec6-5723393b1481",
        "x-ms-routing-request-id": "SOUTHEASTASIA:20230919T040426Z:09d16c46-2ef1-40bf-b5fc-ce47d0c73897"
      },
      "ResponseBody": {
        "id": "/subscriptions/db1ab6f0-4769-4b27-930e-01e2ef9c123c/resourceGroups/testRg-ResourceMover-6148/providers/Microsoft.Migrate/moveCollections/MoverResourceSet-7767",
        "name": "MoverResourceSet-7767",
        "type": "Microsoft.Migrate/moveCollections",
        "etag": "\u00220e00eb55-0000-0200-0000-65091dc80000\u0022",
        "location": "eastus2",
        "tags": {},
        "properties": {
          "sourceRegion": "eastus",
          "targetRegion": "eastus2",
          "moveRegion": null,
          "provisioningState": "Succeeded",
          "errors": null,
          "version": "V2",
          "moveType": "RegionToRegion"
        },
        "identity": {
          "principalId": "5accc587-2c64-4488-a0f2-9f48c6a88e86",
          "tenantId": "72f988bf-86f1-41af-91ab-2d7cd011db47",
          "type": "SystemAssigned"
        },
        "systemData": {
          "createdBy": "18521949-6d6e-454b-b208-4d3141df8607",
          "createdByType": "Application",
          "createdAt": "2023-09-19T04:04:23.6822537Z",
          "lastModifiedBy": "18521949-6d6e-454b-b208-4d3141df8607",
          "lastModifiedByType": "Application",
          "lastModifiedAt": "2023-09-19T04:04:23.6822537Z"
        }
      }
    },
    {
      "RequestUri": "https://management.azure.com/subscriptions/db1ab6f0-4769-4b27-930e-01e2ef9c123c/resourceGroups/testRg-ResourceMover-6148/providers/Microsoft.Migrate/moveCollections/MoverResourceSet-7767?api-version=2023-08-01",
      "RequestMethod": "PATCH",
      "RequestHeaders": {
        "Accept": "application/json",
        "Authorization": "Sanitized",
        "Content-Length": "67",
        "Content-Type": "application/json",
        "traceparent": "00-02825fe38720741bc2162621257a8e8c-f51741484130ca19-00",
        "User-Agent": "azsdk-net-ResourceManager.ResourceMover/1.1.0-alpha.20230919.1 (.NET 7.0.11; Microsoft Windows 10.0.22621)",
        "x-ms-client-request-id": "608cdf774faa24eb2102c6bb4ef0ce04",
        "x-ms-return-client-request-id": "true"
      },
      "RequestBody": {
        "tags": {
          "tagKey": "tagValue"
        },
        "identity": {
          "type": "SystemAssigned"
        }
      },
      "StatusCode": 200,
      "ResponseHeaders": {
        "Cache-Control": "no-cache",
        "Content-Length": "930",
        "Content-Type": "application/json; charset=utf-8",
        "Date": "Tue, 19 Sep 2023 04:04:28 GMT",
        "ETag": "\u00220e00f255-0000-0200-0000-65091dcb0000\u0022",
        "Expires": "-1",
        "Pragma": "no-cache",
        "Strict-Transport-Security": "max-age=31536000; includeSubDomains",
        "X-Content-Type-Options": "nosniff",
        "x-ms-correlation-request-id": "4741ac68-723d-4adb-b2c0-73af3c28fe3d",
        "x-ms-ratelimit-remaining-subscription-writes": "1189",
        "x-ms-request-id": "77744e88-696d-4132-9abd-c8d7ba6903b1",
        "x-ms-routing-request-id": "SOUTHEASTASIA:20230919T040428Z:4741ac68-723d-4adb-b2c0-73af3c28fe3d"
      },
      "ResponseBody": {
        "id": "/subscriptions/db1ab6f0-4769-4b27-930e-01e2ef9c123c/resourceGroups/testRg-ResourceMover-6148/providers/Microsoft.Migrate/moveCollections/MoverResourceSet-7767",
        "name": "MoverResourceSet-7767",
        "type": "Microsoft.Migrate/moveCollections",
        "etag": "\u00220e00f255-0000-0200-0000-65091dcb0000\u0022",
        "location": "eastus2",
        "tags": {
          "tagKey": "tagValue"
        },
        "properties": {
          "sourceRegion": "eastus",
          "targetRegion": "eastus2",
          "moveRegion": null,
          "provisioningState": "Succeeded",
          "errors": null,
          "version": "V2",
          "moveType": "RegionToRegion"
        },
        "identity": {
          "principalId": "5accc587-2c64-4488-a0f2-9f48c6a88e86",
          "tenantId": "72f988bf-86f1-41af-91ab-2d7cd011db47",
          "type": "SystemAssigned"
        },
        "systemData": {
          "createdBy": "18521949-6d6e-454b-b208-4d3141df8607",
          "createdByType": "Application",
          "createdAt": "2023-09-19T04:04:23.6822537Z",
          "lastModifiedBy": "18521949-6d6e-454b-b208-4d3141df8607",
          "lastModifiedByType": "Application",
          "lastModifiedAt": "2023-09-19T04:04:27.5573111Z"
        }
      }
    },
    {
      "RequestUri": "https://management.azure.com/subscriptions/db1ab6f0-4769-4b27-930e-01e2ef9c123c/resourceGroups/testRg-ResourceMover-6148/providers/Microsoft.Migrate/moveCollections/MoverResourceSet-7767?api-version=2023-08-01",
      "RequestMethod": "GET",
      "RequestHeaders": {
        "Accept": "application/json",
        "Authorization": "Sanitized",
        "traceparent": "00-45316788839cd09e07d23fabc9a52eb8-0ddafb2b1089001e-00",
        "User-Agent": "azsdk-net-ResourceManager.ResourceMover/1.1.0-alpha.20230919.1 (.NET 7.0.11; Microsoft Windows 10.0.22621)",
        "x-ms-client-request-id": "3b155cfebfd9b721f96f29ae04ebca92",
        "x-ms-return-client-request-id": "true"
      },
      "RequestBody": null,
      "StatusCode": 200,
      "ResponseHeaders": {
        "Cache-Control": "no-cache",
        "Content-Length": "930",
        "Content-Type": "application/json; charset=utf-8",
        "Date": "Tue, 19 Sep 2023 04:04:29 GMT",
        "ETag": "\u00220e00f255-0000-0200-0000-65091dcb0000\u0022",
        "Expires": "-1",
        "Pragma": "no-cache",
        "Strict-Transport-Security": "max-age=31536000; includeSubDomains",
        "X-Content-Type-Options": "nosniff",
        "x-ms-correlation-request-id": "d7247b39-d124-45f8-bd89-8b4c74ba23dd",
        "x-ms-ratelimit-remaining-subscription-reads": "11991",
        "x-ms-request-id": "3a2e53ff-e815-423b-a794-5bd1c311f82a",
        "x-ms-routing-request-id": "SOUTHEASTASIA:20230919T040429Z:d7247b39-d124-45f8-bd89-8b4c74ba23dd"
      },
      "ResponseBody": {
        "id": "/subscriptions/db1ab6f0-4769-4b27-930e-01e2ef9c123c/resourceGroups/testRg-ResourceMover-6148/providers/Microsoft.Migrate/moveCollections/MoverResourceSet-7767",
        "name": "MoverResourceSet-7767",
        "type": "Microsoft.Migrate/moveCollections",
        "etag": "\u00220e00f255-0000-0200-0000-65091dcb0000\u0022",
        "location": "eastus2",
        "tags": {
          "tagKey": "tagValue"
        },
        "properties": {
          "sourceRegion": "eastus",
          "targetRegion": "eastus2",
          "moveRegion": null,
          "provisioningState": "Succeeded",
          "errors": null,
          "version": "V2",
          "moveType": "RegionToRegion"
        },
        "identity": {
          "principalId": "5accc587-2c64-4488-a0f2-9f48c6a88e86",
          "tenantId": "72f988bf-86f1-41af-91ab-2d7cd011db47",
          "type": "SystemAssigned"
        },
        "systemData": {
          "createdBy": "18521949-6d6e-454b-b208-4d3141df8607",
          "createdByType": "Application",
          "createdAt": "2023-09-19T04:04:23.6822537Z",
          "lastModifiedBy": "18521949-6d6e-454b-b208-4d3141df8607",
          "lastModifiedByType": "Application",
          "lastModifiedAt": "2023-09-19T04:04:23.6822537Z"
        }
      }
    },
    {
      "RequestUri": "https://management.azure.com/subscriptions/db1ab6f0-4769-4b27-930e-01e2ef9c123c/resourceGroups/testRg-ResourceMover-6148/providers/Microsoft.Migrate/moveCollections/MoverResourceSet-7767?api-version=2023-08-01",
      "RequestMethod": "PATCH",
      "RequestHeaders": {
        "Accept": "application/json",
        "Authorization": "Sanitized",
        "Content-Length": "48",
        "Content-Type": "application/json",
        "traceparent": "00-45316788839cd09e07d23fabc9a52eb8-5e60d1842c16caa5-00",
        "User-Agent": "azsdk-net-ResourceManager.ResourceMover/1.1.0-alpha.20230919.1 (.NET 7.0.11; Microsoft Windows 10.0.22621)",
        "x-ms-client-request-id": "0a37a7a81d3baed3f2321727184887d0",
        "x-ms-return-client-request-id": "true"
      },
      "RequestBody": {
        "tags": {},
        "identity": {
          "type": "SystemAssigned"
        }
      },
      "StatusCode": 200,
      "ResponseHeaders": {
        "Cache-Control": "no-cache",
        "Content-Length": "911",
        "Content-Type": "application/json; charset=utf-8",
        "Date": "Tue, 19 Sep 2023 04:04:30 GMT",
        "ETag": "\u00220e00f955-0000-0200-0000-65091dce0000\u0022",
        "Expires": "-1",
        "Pragma": "no-cache",
        "Strict-Transport-Security": "max-age=31536000; includeSubDomains",
        "X-Content-Type-Options": "nosniff",
        "x-ms-correlation-request-id": "2ed788ba-0087-4772-8d27-a8e0a4f7e13c",
        "x-ms-ratelimit-remaining-subscription-writes": "1188",
        "x-ms-request-id": "2cf0635e-8b2b-46e5-be24-5ba16728d0a6",
        "x-ms-routing-request-id": "SOUTHEASTASIA:20230919T040431Z:2ed788ba-0087-4772-8d27-a8e0a4f7e13c"
      },
      "ResponseBody": {
        "id": "/subscriptions/db1ab6f0-4769-4b27-930e-01e2ef9c123c/resourceGroups/testRg-ResourceMover-6148/providers/Microsoft.Migrate/moveCollections/MoverResourceSet-7767",
        "name": "MoverResourceSet-7767",
        "type": "Microsoft.Migrate/moveCollections",
        "etag": "\u00220e00f955-0000-0200-0000-65091dce0000\u0022",
        "location": "eastus2",
        "tags": {},
        "properties": {
          "sourceRegion": "eastus",
          "targetRegion": "eastus2",
          "moveRegion": null,
          "provisioningState": "Succeeded",
          "errors": null,
          "version": "V2",
          "moveType": "RegionToRegion"
        },
        "identity": {
          "principalId": "5accc587-2c64-4488-a0f2-9f48c6a88e86",
          "tenantId": "72f988bf-86f1-41af-91ab-2d7cd011db47",
          "type": "SystemAssigned"
        },
        "systemData": {
          "createdBy": "18521949-6d6e-454b-b208-4d3141df8607",
          "createdByType": "Application",
          "createdAt": "2023-09-19T04:04:23.6822537Z",
          "lastModifiedBy": "18521949-6d6e-454b-b208-4d3141df8607",
          "lastModifiedByType": "Application",
          "lastModifiedAt": "2023-09-19T04:04:29.9635912Z"
        }
      }
    }
  ],
  "Variables": {
    "AZURE_AUTHORITY_HOST": "https://login.microsoftonline.com",
    "RandomSeed": "2013236040",
    "RESOURCE_MANAGER_URL": null,
    "SUBSCRIPTION_ID": "db1ab6f0-4769-4b27-930e-01e2ef9c123c"
  }
}
