{
  "Entries": [
    {
      "RequestUri": "https://management.azure.com/subscriptions/264e9200-2944-4334-9a02-721e6268b55f?api-version=2022-12-01",
      "RequestMethod": "GET",
      "RequestHeaders": {
        "Accept": "application/json",
        "Authorization": "Sanitized",
        "traceparent": "00-cde7ba95d346e005f3606badef858f06-e86b2df9f9e39ad5-00",
        "User-Agent": "azsdk-net-ResourceManager/1.13.0 (.NET 8.0.14; Microsoft Windows 10.0.26120)",
        "x-ms-client-request-id": "Sanitized",
        "x-ms-return-client-request-id": "true"
      },
      "RequestBody": null,
      "StatusCode": 200,
      "ResponseHeaders": {
        "Cache-Control": "no-cache",
        "Content-Length": "413",
        "Content-Type": "application/json; charset=utf-8",
        "Date": "Tue, 15 Apr 2025 04:21:38 GMT",
        "Expires": "-1",
        "Pragma": "no-cache",
        "Strict-Transport-Security": "max-age=31536000; includeSubDomains",
        "X-Cache": "CONFIG_NOCACHE",
        "X-Content-Type-Options": "nosniff",
        "x-ms-correlation-request-id": "a569050b-b004-4c88-b031-38c67e932279",
        "x-ms-ratelimit-remaining-subscription-global-reads": "16499",
        "x-ms-ratelimit-remaining-subscription-reads": "1099",
        "x-ms-request-id": "a569050b-b004-4c88-b031-38c67e932279",
        "x-ms-routing-request-id": "EASTUS:20250415T042139Z:a569050b-b004-4c88-b031-38c67e932279",
        "X-MSEdge-Ref": "Ref A: 35A3D285E9C04D8896BA4556E430F855 Ref B: BN1AA2051015031 Ref C: 2025-04-15T04:21:39Z"
      },
      "ResponseBody": {
        "id": "/subscriptions/264e9200-2944-4334-9a02-721e6268b55f",
        "authorizationSource": "RoleBased",
        "managedByTenants": [],
        "tags": {},
        "subscriptionId": "264e9200-2944-4334-9a02-721e6268b55f",
        "tenantId": "00000000-0000-0000-0000-000000000000",
        "displayName": "EnS-Velma-Fengy-NonProd",
        "state": "Enabled",
        "subscriptionPolicies": {
          "locationPlacementId": "Internal_2014-09-01",
          "quotaId": "Internal_2014-09-01",
          "spendingLimit": "Off"
        }
      }
    },
    {
      "RequestUri": "https://management.azure.com/subscriptions/07aed47b-60ad-4d6e-a07a-89b602418441/resourcegroups/sdk-tests-rg?api-version=2022-09-01",
      "RequestMethod": "GET",
      "RequestHeaders": {
        "Accept": "application/json",
        "Authorization": "Sanitized",
        "traceparent": "00-9c69fe2a344677cea394879d054d504b-39b5b9402454c26a-00",
        "User-Agent": "azsdk-net-ResourceManager/1.13.0 (.NET 8.0.14; Microsoft Windows 10.0.26120)",
        "x-ms-client-request-id": "Sanitized",
        "x-ms-return-client-request-id": "true"
      },
      "RequestBody": null,
      "StatusCode": 200,
      "ResponseHeaders": {
        "Cache-Control": "no-cache",
        "Content-Length": "221",
        "Content-Type": "application/json; charset=utf-8",
        "Date": "Tue, 15 Apr 2025 04:21:39 GMT",
        "Expires": "-1",
        "Pragma": "no-cache",
        "Strict-Transport-Security": "max-age=31536000; includeSubDomains",
        "X-Cache": "CONFIG_NOCACHE",
        "X-Content-Type-Options": "nosniff",
        "x-ms-correlation-request-id": "b98251d4-9a51-4799-adff-17234bb163a8",
        "x-ms-ratelimit-remaining-subscription-global-reads": "16499",
        "x-ms-ratelimit-remaining-subscription-reads": "1099",
        "x-ms-request-id": "b98251d4-9a51-4799-adff-17234bb163a8",
        "x-ms-routing-request-id": "EASTUS:20250415T042139Z:b98251d4-9a51-4799-adff-17234bb163a8",
        "X-MSEdge-Ref": "Ref A: F17DD1A274564A4B8A68850CD24B3E3A Ref B: BN1AA2051015031 Ref C: 2025-04-15T04:21:39Z"
      },
      "ResponseBody": {
        "id": "/subscriptions/07aed47b-60ad-4d6e-a07a-89b602418441/resourceGroups/sdk-tests-rg",
        "name": "sdk-tests-rg",
        "type": "Microsoft.Resources/resourceGroups",
        "location": "eastus",
        "properties": {
          "provisioningState": "Succeeded"
        }
      }
    },
    {
      "RequestUri": "https://management.azure.com/subscriptions/07aed47b-60ad-4d6e-a07a-89b602418441/resourceGroups/sdk-tests-rg/providers/Microsoft.IoTFirmwareDefense/workspaces/default?api-version=2025-04-01-preview",
      "RequestMethod": "GET",
      "RequestHeaders": {
        "Accept": "application/json",
        "Authorization": "Sanitized",
        "traceparent": "00-13fcce5b1b682b3bb01f81df26f1624e-a6ff4f9841a290e3-00",
        "User-Agent": "azsdk-net-ResourceManager.IotFirmwareDefense/1.1.0-alpha.20250415.1 (.NET 8.0.14; Microsoft Windows 10.0.26120)",
        "x-ms-client-request-id": "Sanitized",
        "x-ms-return-client-request-id": "true"
      },
      "RequestBody": null,
      "StatusCode": 200,
      "ResponseHeaders": {
        "Cache-Control": "no-cache",
        "Content-Length": "490",
        "Content-Type": "application/json; charset=utf-8",
        "Date": "Tue, 15 Apr 2025 04:21:39 GMT",
        "ETag": "\"24005691-0000-0100-0000-65cd8e6b0000\"",
        "Expires": "-1",
        "Pragma": "no-cache",
        "Strict-Transport-Security": "max-age=31536000; includeSubDomains",
        "X-Cache": "CONFIG_NOCACHE",
        "X-Content-Type-Options": "nosniff",
        "x-ms-client-request-id": "Sanitized",
        "x-ms-correlation-request-id": "92a9478c-221c-43e7-aa65-898e23f37151",
        "x-ms-providerhub-traffic": "True",
        "x-ms-ratelimit-remaining-subscription-global-reads": "16499",
        "x-ms-ratelimit-remaining-subscription-reads": "199997",
        "x-ms-request-id": "f4611df4-a65c-44e1-86e9-c6b09a86df4b",
        "x-ms-routing-request-id": "EASTUS:20250415T042139Z:92a9478c-221c-43e7-aa65-898e23f37151",
        "X-MSEdge-Ref": "Ref A: 424A28717A454FB4A5AD0BA6D0A5D107 Ref B: BN1AA2051015031 Ref C: 2025-04-15T04:21:39Z"
      },
      "ResponseBody": {
        "id": "/subscriptions/07aed47b-60ad-4d6e-a07a-89b602418441/resourceGroups/sdk-tests-rg/providers/Microsoft.IoTFirmwareDefense/workspaces/default",
        "name": "default",
        "type": "microsoft.iotfirmwaredefense/workspaces",
        "location": "East US",
        "systemData": {
          "createdBy": "Sanitized",
          "createdByType": "User",
          "createdAt": "2024-02-15T04:09:15.0528076Z",
          "lastModifiedBy": "Sanitized",
          "lastModifiedByType": "User",
          "lastModifiedAt": "2024-02-15T04:09:15.0528076Z"
        },
        "properties": {
          "provisioningState": "Succeeded"
        }
      }
    },
    {
      "RequestUri": "https://management.azure.com/subscriptions/07aed47b-60ad-4d6e-a07a-89b602418441/resourceGroups/sdk-tests-rg/providers/Microsoft.IoTFirmwareDefense/workspaces/default/firmwares/cf833be1-3e8e-a00a-a037-ad27a0fc0497?api-version=2025-04-01-preview",
      "RequestMethod": "GET",
      "RequestHeaders": {
        "Accept": "application/json",
        "Authorization": "Sanitized",
        "traceparent": "00-8c0c7fe231787eaafb28e8d9b1c89269-2aadf06297487773-00",
        "User-Agent": "azsdk-net-ResourceManager.IotFirmwareDefense/1.1.0-alpha.20250415.1 (.NET 8.0.14; Microsoft Windows 10.0.26120)",
        "x-ms-client-request-id": "Sanitized",
        "x-ms-return-client-request-id": "true"
      },
      "RequestBody": null,
      "StatusCode": 200,
      "ResponseHeaders": {
        "Cache-Control": "no-cache",
        "Content-Length": "721",
        "Content-Type": "application/json; charset=utf-8",
        "Date": "Tue, 15 Apr 2025 04:21:39 GMT",
        "ETag": "\"0400adab-0000-0100-0000-65cd8eb30000\"",
        "Expires": "-1",
        "Pragma": "no-cache",
        "Strict-Transport-Security": "max-age=31536000; includeSubDomains",
        "X-Cache": "CONFIG_NOCACHE",
        "X-Content-Type-Options": "nosniff",
        "x-ms-client-request-id": "Sanitized",
        "x-ms-correlation-request-id": "d440d581-40b5-42d5-9cb7-93166b47c381",
        "x-ms-operation-identifier": "tenantId=72f988bf-86f1-41af-91ab-2d7cd011db47,objectId=6c885de3-382b-4ead-acf0-9c1c31df4d02/eastus/8c383998-d21f-4fff-92e8-02d64e4e1ff5",
        "x-ms-providerhub-traffic": "True",
        "x-ms-ratelimit-remaining-subscription-global-reads": "16498",
        "x-ms-ratelimit-remaining-subscription-reads": "199999",
        "x-ms-request-id": "9b4cde7a-40fd-41f5-b633-e45021a4e335",
        "x-ms-routing-request-id": "EASTUS:20250415T042139Z:d440d581-40b5-42d5-9cb7-93166b47c381",
        "X-MSEdge-Ref": "Ref A: 0ECF537B958E4000995C2308CEFE6C89 Ref B: BN1AA2051015031 Ref C: 2025-04-15T04:21:39Z"
      },
      "ResponseBody": {
        "id": "/subscriptions/07aed47b-60ad-4d6e-a07a-89b602418441/resourceGroups/sdk-tests-rg/providers/Microsoft.IoTFirmwareDefense/workspaces/default/firmwares/cf833be1-3e8e-a00a-a037-ad27a0fc0497",
        "name": "cf833be1-3e8e-a00a-a037-ad27a0fc0497",
        "type": "microsoft.iotfirmwaredefense/workspaces/firmwares",
        "systemData": {
          "createdBy": "Sanitized",
          "createdByType": "User",
          "createdAt": "2024-02-15T04:09:44.0632024Z",
          "lastModifiedBy": "Sanitized",
          "lastModifiedByType": "Application",
          "lastModifiedAt": "2024-02-15T04:10:27.1150043Z"
        },
        "properties": {
          "vendor": "testVendor",
          "model": "testModel",
          "version": "testVersion",
          "fileName": "Centrifuge-exemplar.v7-rc1.tgz",
          "description": "testDescription",
          "status": "Ready",
          "provisioningState": "Succeeded"
        }
      }
    },
    {
      "RequestUri": "https://management.azure.com/subscriptions/07aed47b-60ad-4d6e-a07a-89b602418441/resourceGroups/sdk-tests-rg/providers/Microsoft.IoTFirmwareDefense/workspaces/default/firmwares/cf833be1-3e8e-a00a-a037-ad27a0fc0497/summaries/CommonVulnerabilitiesAndExposures?api-version=2025-04-01-preview",
      "RequestMethod": "GET",
      "RequestHeaders": {
        "Accept": "application/json",
        "Authorization": "Sanitized",
        "traceparent": "00-93f152e4ae4e5b1407ba697bbef6f73c-64c78848502f92cf-00",
        "User-Agent": "azsdk-net-ResourceManager.IotFirmwareDefense/1.1.0-alpha.20250415.1 (.NET 8.0.14; Microsoft Windows 10.0.26120)",
        "x-ms-client-request-id": "Sanitized",
        "x-ms-return-client-request-id": "true"
      },
      "RequestBody": null,
      "StatusCode": 200,
      "ResponseHeaders": {
        "api-supported-versions": "2024-01-10,2025-04-01-preview",
        "Cache-Control": "no-cache",
        "Content-Length": "510",
        "Content-Type": "application/json; charset=utf-8",
        "Date": "Tue, 15 Apr 2025 04:21:39 GMT",
        "Expires": "-1",
        "Pragma": "no-cache",
        "Strict-Transport-Security": "max-age=31536000; includeSubDomains",
        "X-Cache": "CONFIG_NOCACHE",
        "X-Content-Type-Options": "nosniff",
        "x-envoy-upstream-service-time": "9",
        "x-ms-client-request-id": "Sanitized",
        "x-ms-correlation-request-id": "d11ff178-5a9d-410b-a1f2-3ebd076c89e0",
        "x-ms-operation-identifier": "tenantId=72f988bf-86f1-41af-91ab-2d7cd011db47,objectId=6c885de3-382b-4ead-acf0-9c1c31df4d02/eastus/8e2c6917-deb0-4405-9867-7d115b5f11da",
        "x-ms-providerhub-traffic": "True",
        "x-ms-ratelimit-remaining-subscription-global-reads": "16499",
        "x-ms-ratelimit-remaining-subscription-reads": "199996",
        "x-ms-request-id": "1a5670a2-5b22-478b-99a2-3df5c76b21af",
        "x-ms-routing-request-id": "EASTUS:20250415T042139Z:d11ff178-5a9d-410b-a1f2-3ebd076c89e0",
        "X-MSEdge-Ref": "Ref A: 26211C05A29E4AD085670B56D31E8BB1 Ref B: BN1AA2051015031 Ref C: 2025-04-15T04:21:39Z"
      },
      "ResponseBody": {
        "id": "/subscriptions/07aed47b-60ad-4d6e-a07a-89b602418441/resourceGroups/sdk-tests-rg/providers/Microsoft.IoTFirmwareDefense/workspaces/default/firmwares/cf833be1-3e8e-a00a-a037-ad27a0fc0497/summaries/commonVulnerabilitiesAndExposures",
        "name": "commonVulnerabilitiesAndExposures",
        "type": "Microsoft.IoTFirmwareDefense/workspaces/firmwares/summaries",
        "properties": {
          "unknownCveCount": 0,
          "lowCveCount": 4,
          "mediumCveCount": 63,
          "highCveCount": 68,
          "criticalCveCount": 25,
          "summaryType": "CommonVulnerabilitiesAndExposures"
        }
      }
    }
  ],
  "Variables": {
    "RandomSeed": "544018830",
    "RESOURCE_MANAGER_URL": "https://management.azure.com/",
    "SUBSCRIPTION_ID": "264e9200-2944-4334-9a02-721e6268b55f"
  }
}
