{
  "Entries": [
    {
      "RequestUri": "https://fakeHost.api.wus2.digitaltwins.azure.net/digitaltwins/roomTwin1615520861?api-version=2023-10-31",
      "RequestMethod": "GET",
      "RequestHeaders": {
        "Accept": "application/json",
        "Authorization": "Sanitized",
        "traceparent": "00-7ac68f1104b2997553b05a222c1d3080-878483f6495373da-00",
        "User-Agent": "azsdk-net-DigitalTwins.Core/1.6.0-alpha.20250502.1 (.NET Framework 4.8.9300.0; Microsoft Windows 10.0.26100 )",
        "x-ms-client-request-id": "Sanitized",
        "x-ms-return-client-request-id": "true"
      },
      "RequestBody": null,
      "StatusCode": 404,
      "ResponseHeaders": {
        "Content-Length": "272",
        "Content-Type": "application/json; charset=utf-8",
        "Date": "Fri, 02 May 2025 18:53:51 GMT",
        "mise-correlation-id": "0c047aa0-7617-426a-8cf2-45d61c545495",
        "Strict-Transport-Security": "max-age=2592000",
        "traceresponse": "00-7ac68f1104b2997553b05a222c1d3080-d2c8468c98640441-01",
        "x-ms-error-code": "DigitalTwinNotFound"
      },
      "ResponseBody": {
        "error": {
          "code": "DigitalTwinNotFound",
          "message": "There is no digital twin instance that exists with the ID roomTwin1615520861. Please verify that the twin id is valid and ensure that the twin is not deleted. See section on querying the twins https://aka.ms/adtv2query."
        }
      }
    },
    {
      "RequestUri": "https://fakeHost.api.wus2.digitaltwins.azure.net/models/dtmi%3Aexample%3Afloor%3B11646252?includeModelDefinition=true&api-version=2023-10-31",
      "RequestMethod": "GET",
      "RequestHeaders": {
        "Accept": "application/json",
        "Authorization": "Sanitized",
        "traceparent": "00-9bdefa997f8df2d270e7b8304b3915af-2fa3217d3c3358ac-00",
        "User-Agent": "azsdk-net-DigitalTwins.Core/1.6.0-alpha.20250502.1 (.NET Framework 4.8.9300.0; Microsoft Windows 10.0.26100 )",
        "x-ms-client-request-id": "Sanitized",
        "x-ms-return-client-request-id": "true"
      },
      "RequestBody": null,
      "StatusCode": 404,
      "ResponseHeaders": {
        "Content-Length": "212",
        "Content-Type": "application/json; charset=utf-8",
        "Date": "Fri, 02 May 2025 18:53:51 GMT",
        "mise-correlation-id": "3a48461c-3941-4d40-b923-246d36b708d4",
        "Strict-Transport-Security": "max-age=2592000",
        "traceresponse": "00-9bdefa997f8df2d270e7b8304b3915af-8644ef596fad2cfd-01",
        "x-ms-error-code": "ModelNotFound"
      },
      "ResponseBody": {
        "error": {
          "code": "ModelNotFound",
          "message": "There is no Model(s) available that matches the provided id(s) dtmi:example:floor;11646252. Check that the Model ID provided is valid by doing a Model_List API call."
        }
      }
    },
    {
      "RequestUri": "https://fakeHost.api.wus2.digitaltwins.azure.net/models/dtmi%3Aexample%3Aroom%3B116011018?includeModelDefinition=true&api-version=2023-10-31",
      "RequestMethod": "GET",
      "RequestHeaders": {
        "Accept": "application/json",
        "Authorization": "Sanitized",
        "traceparent": "00-79290fe155e88c29e53b20fbca89e72f-4dfa09dc4ff6c54a-00",
        "User-Agent": "azsdk-net-DigitalTwins.Core/1.6.0-alpha.20250502.1 (.NET Framework 4.8.9300.0; Microsoft Windows 10.0.26100 )",
        "x-ms-client-request-id": "Sanitized",
        "x-ms-return-client-request-id": "true"
      },
      "RequestBody": null,
      "StatusCode": 404,
      "ResponseHeaders": {
        "Content-Length": "212",
        "Content-Type": "application/json; charset=utf-8",
        "Date": "Fri, 02 May 2025 18:53:51 GMT",
        "mise-correlation-id": "91ea7604-abe6-44c7-b24c-6c98f2045c6f",
        "Strict-Transport-Security": "max-age=2592000",
        "traceresponse": "00-79290fe155e88c29e53b20fbca89e72f-536bab2008de46a3-01",
        "x-ms-error-code": "ModelNotFound"
      },
      "ResponseBody": {
        "error": {
          "code": "ModelNotFound",
          "message": "There is no Model(s) available that matches the provided id(s) dtmi:example:room;116011018. Check that the Model ID provided is valid by doing a Model_List API call."
        }
      }
    },
    {
      "RequestUri": "https://fakeHost.api.wus2.digitaltwins.azure.net/models?api-version=2023-10-31",
      "RequestMethod": "POST",
      "RequestHeaders": {
        "Accept": "application/json",
        "Authorization": "Sanitized",
        "Content-Length": "804",
        "Content-Type": "application/json",
        "traceparent": "00-49939114716dbff5391f30c53d26af19-a21c0d1d02c38f56-00",
        "User-Agent": "azsdk-net-DigitalTwins.Core/1.6.0-alpha.20250502.1 (.NET Framework 4.8.9300.0; Microsoft Windows 10.0.26100 )",
        "x-ms-client-request-id": "Sanitized",
        "x-ms-return-client-request-id": "true"
      },
      "RequestBody": "[{    \"@id\": \"dtmi:example:room;116011018\",    \"@type\": \"Interface\",    \"displayName\": \"Room\",    \"description\": \"An enclosure inside a building.\",    \"contents\": [        {            \"@type\": \"Relationship\",            \"name\": \"containedIn\",            \"target\": \"dtmi:example:floor;11646252\"        },        {            \"@type\": \"Property\",            \"name\": \"Temperature\",            \"schema\": \"double\"        },        {            \"@type\": \"Property\",            \"name\": \"Humidity\",            \"schema\": \"double\"        },        {            \"@type\": \"Property\",            \"name\": \"IsOccupied\",            \"schema\": \"boolean\"        },        {            \"@type\": \"Property\",            \"name\": \"EmployeeId\",            \"schema\": \"string\"        }    ],    \"@context\": \"dtmi:dtdl:context;2\"}]",
      "StatusCode": 201,
      "ResponseHeaders": {
        "Content-Length": "193",
        "Content-Type": "application/json; charset=utf-8",
        "Date": "Fri, 02 May 2025 18:53:51 GMT",
        "mise-correlation-id": "ff7577ff-d6bd-418c-8b16-7b6d08e405cc",
        "Strict-Transport-Security": "max-age=2592000",
        "traceresponse": "00-49939114716dbff5391f30c53d26af19-c8117cabd5a66a04-01"
      },
      "ResponseBody": "[{\"id\":\"dtmi:example:room;116011018\",\"description\":{\"en\":\"An enclosure inside a building.\"},\"displayName\":{\"en\":\"Room\"},\"decommissioned\":false,\"uploadTime\":\"2025-05-02T18:53:51.9821873+00:00\"}]"
    },
    {
      "RequestUri": "https://fakeHost.api.wus2.digitaltwins.azure.net/models?includeModelDefinition=false&api-version=2023-10-31",
      "RequestMethod": "GET",
      "RequestHeaders": {
        "Accept": "application/json",
        "Authorization": "Sanitized",
        "traceparent": "00-eed5ff88688ab92520c13c57f2f3d0e3-12d18b6f74dc1de5-00",
        "User-Agent": "azsdk-net-DigitalTwins.Core/1.6.0-alpha.20250502.1 (.NET Framework 4.8.9300.0; Microsoft Windows 10.0.26100 )",
        "x-ms-client-request-id": "Sanitized",
        "x-ms-return-client-request-id": "true"
      },
      "RequestBody": null,
      "StatusCode": 200,
      "ResponseHeaders": {
        "Content-Length": "1051",
        "Content-Type": "application/json; charset=utf-8",
        "Date": "Fri, 02 May 2025 18:53:51 GMT",
        "mise-correlation-id": "89090953-0b17-4203-9f42-b25a1e2c1bab",
        "Strict-Transport-Security": "max-age=2592000",
        "traceresponse": "00-eed5ff88688ab92520c13c57f2f3d0e3-b87ca545844fed8d-01"
      },
      "ResponseBody": {
        "value": [
          {
            "id": "dtmi:example:room;113461504",
            "description": {
              "en": "An enclosure inside a building."
            },
            "displayName": {
              "en": "Room"
            },
            "decommissioned": false,
            "uploadTime": "2025-05-02T18:52:22.5623424+00:00"
          },
          {
            "id": "dtmi:example:room;146003703",
            "description": {
              "en": "An enclosure inside a building."
            },
            "displayName": {
              "en": "Room"
            },
            "decommissioned": false,
            "uploadTime": "2025-05-02T18:52:22.8961014+00:00"
          },
          {
            "id": "dtmi:example:Ward;143741483",
            "description": {
              "en": "A separate partition in a building, made of rooms and hallways."
            },
            "displayName": {
              "en": "Ward"
            },
            "decommissioned": false,
            "uploadTime": "2025-05-02T18:53:38.7520649+00:00"
          },
          {
            "id": "dtmi:example:Ward;129594967",
            "description": {
              "en": "A separate partition in a building, made of rooms and hallways."
            },
            "displayName": {
              "en": "Ward"
            },
            "decommissioned": false,
            "uploadTime": "2025-05-02T18:53:44.5581566+00:00"
          },
          {
            "id": "dtmi:example:room;116011018",
            "description": {
              "en": "An enclosure inside a building."
            },
            "displayName": {
              "en": "Room"
            },
            "decommissioned": false,
            "uploadTime": "2025-05-02T18:53:51.9821873+00:00"
          }
        ],
        "nextLink": null
      }
    },
    {
      "RequestUri": "https://fakeHost.api.wus2.digitaltwins.azure.net/digitaltwins/roomTwin1615520861?api-version=2023-10-31",
      "RequestMethod": "PUT",
      "RequestHeaders": {
        "Accept": "application/json",
        "Authorization": "Sanitized",
        "Content-Length": "154",
        "Content-Type": "application/json",
        "traceparent": "00-979605e06c5493cf722ffcbbeee9c1db-ca69201bbbc2edca-00",
        "User-Agent": "azsdk-net-DigitalTwins.Core/1.6.0-alpha.20250502.1 (.NET Framework 4.8.9300.0; Microsoft Windows 10.0.26100 )",
        "x-ms-client-request-id": "Sanitized",
        "x-ms-return-client-request-id": "true"
      },
      "RequestBody": {
        "$dtId": null,
        "$etag": null,
        "Temperature": 80,
        "Humidity": 25,
        "IsOccupied": true,
        "EmployeeId": "Employee1",
        "$metadata": {
          "$model": "dtmi:example:room;116011018"
        }
      },
      "StatusCode": 200,
      "ResponseHeaders": {
        "Content-Length": "510",
        "Content-Type": "application/json; charset=utf-8",
        "Date": "Fri, 02 May 2025 18:53:51 GMT",
        "ETag": "W/\"e8c1435a-f895-48c4-aad3-65c518dd8e90\"",
        "mise-correlation-id": "a3bb1663-18f0-404d-af88-16c89cf4f2f4",
        "Strict-Transport-Security": "max-age=2592000",
        "traceresponse": "00-979605e06c5493cf722ffcbbeee9c1db-cfaae75d68d65b65-01"
      },
      "ResponseBody": {
        "$dtId": "roomTwin1615520861",
        "$etag": "W/\"e8c1435a-f895-48c4-aad3-65c518dd8e90\"",
        "Temperature": 80,
        "Humidity": 25,
        "IsOccupied": true,
        "EmployeeId": "Employee1",
        "$metadata": {
          "$model": "dtmi:example:room;116011018",
          "$lastUpdateTime": "2025-05-02T18:53:52.1317544Z",
          "Temperature": {
            "lastUpdateTime": "2025-05-02T18:53:52.1317544Z"
          },
          "Humidity": {
            "lastUpdateTime": "2025-05-02T18:53:52.1317544Z"
          },
          "IsOccupied": {
            "lastUpdateTime": "2025-05-02T18:53:52.1317544Z"
          },
          "EmployeeId": {
            "lastUpdateTime": "2025-05-02T18:53:52.1317544Z"
          }
        }
      }
    },
    {
      "RequestUri": "https://fakeHost.api.wus2.digitaltwins.azure.net/digitaltwins/roomTwin1615520861?api-version=2023-10-31",
      "RequestMethod": "GET",
      "RequestHeaders": {
        "Accept": "application/json",
        "Authorization": "Sanitized",
        "traceparent": "00-dc0829ec1129d6e12e61d78c106a3829-f037f4cfea318aa1-00",
        "User-Agent": "azsdk-net-DigitalTwins.Core/1.6.0-alpha.20250502.1 (.NET Framework 4.8.9300.0; Microsoft Windows 10.0.26100 )",
        "x-ms-client-request-id": "Sanitized",
        "x-ms-return-client-request-id": "true"
      },
      "RequestBody": null,
      "StatusCode": 200,
      "ResponseHeaders": {
        "Content-Length": "510",
        "Content-Type": "application/json; charset=utf-8",
        "Date": "Fri, 02 May 2025 18:53:51 GMT",
        "ETag": "W/\"e8c1435a-f895-48c4-aad3-65c518dd8e90\"",
        "mise-correlation-id": "770ff9a6-f5c7-4673-bfb4-2e3bba71f827",
        "Strict-Transport-Security": "max-age=2592000",
        "traceresponse": "00-dc0829ec1129d6e12e61d78c106a3829-acfcaded8e92dc61-01"
      },
      "ResponseBody": {
        "$dtId": "roomTwin1615520861",
        "$etag": "W/\"e8c1435a-f895-48c4-aad3-65c518dd8e90\"",
        "Temperature": 80,
        "Humidity": 25,
        "IsOccupied": true,
        "EmployeeId": "Employee1",
        "$metadata": {
          "$model": "dtmi:example:room;116011018",
          "$lastUpdateTime": "2025-05-02T18:53:52.1317544Z",
          "Temperature": {
            "lastUpdateTime": "2025-05-02T18:53:52.1317544Z"
          },
          "Humidity": {
            "lastUpdateTime": "2025-05-02T18:53:52.1317544Z"
          },
          "IsOccupied": {
            "lastUpdateTime": "2025-05-02T18:53:52.1317544Z"
          },
          "EmployeeId": {
            "lastUpdateTime": "2025-05-02T18:53:52.1317544Z"
          }
        }
      }
    },
    {
      "RequestUri": "https://fakeHost.api.wus2.digitaltwins.azure.net/digitaltwins/roomTwin1615520861?api-version=2023-10-31",
      "RequestMethod": "PATCH",
      "RequestHeaders": {
        "Accept": "application/json",
        "Authorization": "Sanitized",
        "Content-Length": "131",
        "Content-Type": "application/json-patch+json",
        "If-Match": "*",
        "traceparent": "00-71f6462313789308d533aa7fbda73dff-2dc40a2920581a9a-00",
        "User-Agent": "azsdk-net-DigitalTwins.Core/1.6.0-alpha.20250502.1 (.NET Framework 4.8.9300.0; Microsoft Windows 10.0.26100 )",
        "x-ms-client-request-id": "Sanitized",
        "x-ms-return-client-request-id": "true"
      },
      "RequestBody": "[{\"op\":\"add\",\"path\":\"/Humidity\",\"value\":30},{\"op\":\"replace\",\"path\":\"/Temperature\",\"value\":70},{\"op\":\"remove\",\"path\":\"/EmployeeId\"}]",
      "StatusCode": 204,
      "ResponseHeaders": {
        "Content-Length": "0",
        "Date": "Fri, 02 May 2025 18:53:51 GMT",
        "ETag": "W/\"b1d92b5c-aa89-4479-bcd6-c388cdadb47e\"",
        "mise-correlation-id": "2e16181c-b8fb-491a-8d58-3073a331bb42",
        "Strict-Transport-Security": "max-age=2592000",
        "traceresponse": "00-71f6462313789308d533aa7fbda73dff-49f8d6513fb95517-01"
      },
      "ResponseBody": null
    },
    {
      "RequestUri": "https://fakeHost.api.wus2.digitaltwins.azure.net/digitaltwins/roomTwin1615520861?api-version=2023-10-31",
      "RequestMethod": "DELETE",
      "RequestHeaders": {
        "Accept": "application/json",
        "Authorization": "Sanitized",
        "If-Match": "W/\"e8c1435a-f895-48c4-aad3-65c518dd8e90\"",
        "traceparent": "00-445b2af0004671c4e9bc089ef60d4191-6d94908e1876a354-00",
        "User-Agent": "azsdk-net-DigitalTwins.Core/1.6.0-alpha.20250502.1 (.NET Framework 4.8.9300.0; Microsoft Windows 10.0.26100 )",
        "x-ms-client-request-id": "Sanitized",
        "x-ms-return-client-request-id": "true"
      },
      "RequestBody": null,
      "StatusCode": 412,
      "ResponseHeaders": {
        "Content-Length": "300",
        "Content-Type": "application/json; charset=utf-8",
        "Date": "Fri, 02 May 2025 18:53:52 GMT",
        "mise-correlation-id": "16995dbf-723a-4ef8-9d8e-20693f614cf2",
        "Strict-Transport-Security": "max-age=2592000",
        "traceresponse": "00-445b2af0004671c4e9bc089ef60d4191-20ebc74b57845158-01",
        "x-ms-error-code": "PreconditionFailed"
      },
      "ResponseBody": {
        "error": {
          "code": "PreconditionFailed",
          "message": "The provided etag W/\"e8c1435a-f895-48c4-aad3-65c518dd8e90\" doesn't match the current etag for the resource. Please obtain and provide the latest etag by getting the resource. See section on get apis in the documentation https://aka.ms/adtv2twins."
        }
      }
    },
    {
      "RequestUri": "https://fakeHost.api.wus2.digitaltwins.azure.net/models/dtmi%3Aexample%3Aroom%3B116011018?api-version=2023-10-31",
      "RequestMethod": "DELETE",
      "RequestHeaders": {
        "Accept": "application/json",
        "Authorization": "Sanitized",
        "traceparent": "00-514820d69e21ecbe959bbbce518525dc-f51a0903c74002b2-00",
        "User-Agent": "azsdk-net-DigitalTwins.Core/1.6.0-alpha.20250502.1 (.NET Framework 4.8.9300.0; Microsoft Windows 10.0.26100 )",
        "x-ms-client-request-id": "Sanitized",
        "x-ms-return-client-request-id": "true"
      },
      "RequestBody": null,
      "StatusCode": 204,
      "ResponseHeaders": {
        "Content-Length": "0",
        "Date": "Fri, 02 May 2025 18:53:52 GMT",
        "mise-correlation-id": "d67bb82a-e85b-4fe2-a5b4-4217f5bf85cb",
        "Strict-Transport-Security": "max-age=2592000",
        "traceresponse": "00-514820d69e21ecbe959bbbce518525dc-e16c9cdddb140de1-01"
      },
      "ResponseBody": null
    }
  ],
  "Variables": {
    "DIGITALTWINS_URL": "https://fakeHost.api.wus2.digitaltwins.azure.net",
    "RandomSeed": "1729751240"
  }
}
