{
  "Entries": [
    {
      "RequestUri": "https://fakeHost.api.wus2.digitaltwins.azure.net/digitaltwins/roomTwin1828030348?api-version=2023-06-30",
      "RequestMethod": "GET",
      "RequestHeaders": {
        "Accept": "application/json",
        "Authorization": "Sanitized",
        "traceparent": "00-7a138b7fba04c509bd9b7bd5e9943edb-6627fa2a5ecfd39b-00",
        "User-Agent": "azsdk-net-DigitalTwins.Core/1.5.0-alpha.20230802.1 (.NET 6.0.20; Microsoft Windows 10.0.22621)",
        "x-ms-client-request-id": "a6118a8023a18d74b8843e5064640f2a",
        "x-ms-return-client-request-id": "true"
      },
      "RequestBody": null,
      "StatusCode": 404,
      "ResponseHeaders": {
        "Content-Length": "272",
        "Content-Type": "application/json; charset=utf-8",
        "Date": "Tue, 08 Aug 2023 17:21:45 GMT",
        "mise-correlation-id": "25accaa7-5073-48c3-ae4b-80ff1a066350",
        "Strict-Transport-Security": "max-age=2592000",
        "traceresponse": "00-7a138b7fba04c509bd9b7bd5e9943edb-88107fb654067747-01",
        "x-ms-error-code": "DigitalTwinNotFound"
      },
      "ResponseBody": {
        "error": {
          "code": "DigitalTwinNotFound",
          "message": "There is no digital twin instance that exists with the ID roomTwin1828030348. Please verify that the twin id is valid and ensure that the twin is not deleted. See section on querying the twins https://aka.ms/adtv2query."
        }
      }
    },
    {
      "RequestUri": "https://fakeHost.api.wus2.digitaltwins.azure.net/models/dtmi%3Aexample%3Afloor%3B12732714?includeModelDefinition=true\u0026api-version=2023-06-30",
      "RequestMethod": "GET",
      "RequestHeaders": {
        "Accept": "application/json",
        "Authorization": "Sanitized",
        "traceparent": "00-48b046468b6bd4b160dae4729996bb84-0f9f689428c3e224-00",
        "User-Agent": "azsdk-net-DigitalTwins.Core/1.5.0-alpha.20230802.1 (.NET 6.0.20; Microsoft Windows 10.0.22621)",
        "x-ms-client-request-id": "27794b65d0327236e6a653bd149caa05",
        "x-ms-return-client-request-id": "true"
      },
      "RequestBody": null,
      "StatusCode": 404,
      "ResponseHeaders": {
        "Content-Length": "212",
        "Content-Type": "application/json; charset=utf-8",
        "Date": "Tue, 08 Aug 2023 17:21:46 GMT",
        "mise-correlation-id": "9dd5cf50-5b49-447a-adcd-daf0b6c0a2df",
        "Strict-Transport-Security": "max-age=2592000",
        "traceresponse": "00-48b046468b6bd4b160dae4729996bb84-9f9368ed1459373b-01",
        "x-ms-error-code": "ModelNotFound"
      },
      "ResponseBody": {
        "error": {
          "code": "ModelNotFound",
          "message": "There is no Model(s) available that matches the provided id(s) dtmi:example:floor;12732714. Check that the Model ID provided is valid by doing a Model_List API call."
        }
      }
    },
    {
      "RequestUri": "https://fakeHost.api.wus2.digitaltwins.azure.net/models/dtmi%3Aexample%3Aroom%3B165438279?includeModelDefinition=true\u0026api-version=2023-06-30",
      "RequestMethod": "GET",
      "RequestHeaders": {
        "Accept": "application/json",
        "Authorization": "Sanitized",
        "traceparent": "00-489909ec5630380a2b73e93b39c8cd18-328f55ac0a54437f-00",
        "User-Agent": "azsdk-net-DigitalTwins.Core/1.5.0-alpha.20230802.1 (.NET 6.0.20; Microsoft Windows 10.0.22621)",
        "x-ms-client-request-id": "6dea7f672d4726a50916f0dbd5cdba44",
        "x-ms-return-client-request-id": "true"
      },
      "RequestBody": null,
      "StatusCode": 404,
      "ResponseHeaders": {
        "Content-Length": "212",
        "Content-Type": "application/json; charset=utf-8",
        "Date": "Tue, 08 Aug 2023 17:21:46 GMT",
        "mise-correlation-id": "94c940a0-918f-4f65-9a9e-cac749a6245f",
        "Strict-Transport-Security": "max-age=2592000",
        "traceresponse": "00-489909ec5630380a2b73e93b39c8cd18-889ed2e6e8556571-01",
        "x-ms-error-code": "ModelNotFound"
      },
      "ResponseBody": {
        "error": {
          "code": "ModelNotFound",
          "message": "There is no Model(s) available that matches the provided id(s) dtmi:example:room;165438279. Check that the Model ID provided is valid by doing a Model_List API call."
        }
      }
    },
    {
      "RequestUri": "https://fakeHost.api.wus2.digitaltwins.azure.net/models?api-version=2023-06-30",
      "RequestMethod": "POST",
      "RequestHeaders": {
        "Accept": "application/json",
        "Authorization": "Sanitized",
        "Content-Length": "804",
        "Content-Type": "application/json",
        "traceparent": "00-98013c36e715893354608339d474a430-0b12e9daa1c9dacf-00",
        "User-Agent": "azsdk-net-DigitalTwins.Core/1.5.0-alpha.20230802.1 (.NET 6.0.20; Microsoft Windows 10.0.22621)",
        "x-ms-client-request-id": "cc3a865d4e65dbb934ba7d20cfa4e794",
        "x-ms-return-client-request-id": "true"
      },
      "RequestBody": "[{    \u0022@id\u0022: \u0022dtmi:example:room;165438279\u0022,    \u0022@type\u0022: \u0022Interface\u0022,    \u0022displayName\u0022: \u0022Room\u0022,    \u0022description\u0022: \u0022An enclosure inside a building.\u0022,    \u0022contents\u0022: [        {            \u0022@type\u0022: \u0022Relationship\u0022,            \u0022name\u0022: \u0022containedIn\u0022,            \u0022target\u0022: \u0022dtmi:example:floor;12732714\u0022        },        {            \u0022@type\u0022: \u0022Property\u0022,            \u0022name\u0022: \u0022Temperature\u0022,            \u0022schema\u0022: \u0022double\u0022        },        {            \u0022@type\u0022: \u0022Property\u0022,            \u0022name\u0022: \u0022Humidity\u0022,            \u0022schema\u0022: \u0022double\u0022        },        {            \u0022@type\u0022: \u0022Property\u0022,            \u0022name\u0022: \u0022IsOccupied\u0022,            \u0022schema\u0022: \u0022boolean\u0022        },        {            \u0022@type\u0022: \u0022Property\u0022,            \u0022name\u0022: \u0022EmployeeId\u0022,            \u0022schema\u0022: \u0022string\u0022        }    ],    \u0022@context\u0022: \u0022dtmi:dtdl:context;2\u0022}]",
      "StatusCode": 201,
      "ResponseHeaders": {
        "Content-Length": "193",
        "Content-Type": "application/json; charset=utf-8",
        "Date": "Tue, 08 Aug 2023 17:21:46 GMT",
        "mise-correlation-id": "260d0054-3de5-40ed-bf4f-98c67893cd96",
        "Strict-Transport-Security": "max-age=2592000",
        "traceresponse": "00-98013c36e715893354608339d474a430-8f40e14f21d06016-01"
      },
      "ResponseBody": "[{\u0022id\u0022:\u0022dtmi:example:room;165438279\u0022,\u0022description\u0022:{\u0022en\u0022:\u0022An enclosure inside a building.\u0022},\u0022displayName\u0022:{\u0022en\u0022:\u0022Room\u0022},\u0022decommissioned\u0022:false,\u0022uploadTime\u0022:\u00222023-08-08T17:21:47.0552086\u002B00:00\u0022}]"
    },
    {
      "RequestUri": "https://fakeHost.api.wus2.digitaltwins.azure.net/models?api-version=2023-06-30",
      "RequestMethod": "GET",
      "RequestHeaders": {
        "Accept": "application/json",
        "Authorization": "Sanitized",
        "traceparent": "00-ec04c66387b3d9ee1a2887d498fdaf77-a3c5b8efe59819ec-00",
        "User-Agent": "azsdk-net-DigitalTwins.Core/1.5.0-alpha.20230802.1 (.NET 6.0.20; Microsoft Windows 10.0.22621)",
        "x-ms-client-request-id": "8ffc9c4a20401d1ed30128ba459611d8",
        "x-ms-return-client-request-id": "true"
      },
      "RequestBody": null,
      "StatusCode": 200,
      "ResponseHeaders": {
        "Content-Length": "6289",
        "Content-Type": "application/json; charset=utf-8",
        "Date": "Tue, 08 Aug 2023 17:21:47 GMT",
        "mise-correlation-id": "9488539d-a71a-4df5-85f2-8db02439900e",
        "Strict-Transport-Security": "max-age=2592000",
        "traceresponse": "00-ec04c66387b3d9ee1a2887d498fdaf77-955a4147b86f7873-01"
      },
      "ResponseBody": {
        "value": [
          {
            "id": "dtmi:example:room;180719651",
            "description": {
              "en": "An enclosure inside a building."
            },
            "displayName": {
              "en": "Room"
            },
            "decommissioned": false,
            "uploadTime": "2023-07-20T16:56:11.0624733\u002B00:00"
          },
          {
            "id": "dtmi:example:room;151014275",
            "description": {
              "en": "An enclosure inside a building."
            },
            "displayName": {
              "en": "Room"
            },
            "decommissioned": false,
            "uploadTime": "2023-07-20T16:56:11.2279247\u002B00:00"
          },
          {
            "id": "dtmi:example:Ward;192203971",
            "description": {
              "en": "A separate partition in a building, made of rooms and hallways."
            },
            "displayName": {
              "en": "Ward"
            },
            "decommissioned": false,
            "uploadTime": "2023-07-20T16:56:26.1533024\u002B00:00"
          },
          {
            "id": "dtmi:example:Ward;113285811",
            "description": {
              "en": "A separate partition in a building, made of rooms and hallways."
            },
            "displayName": {
              "en": "Ward"
            },
            "decommissioned": false,
            "uploadTime": "2023-07-20T16:56:26.2570769\u002B00:00"
          },
          {
            "id": "dtmi:example:Ward;136940038",
            "description": {
              "en": "A separate partition in a building, made of rooms and hallways."
            },
            "displayName": {
              "en": "Ward"
            },
            "decommissioned": false,
            "uploadTime": "2023-07-20T16:56:29.4141361\u002B00:00"
          },
          {
            "id": "dtmi:example:Ward;119587588",
            "description": {
              "en": "A separate partition in a building, made of rooms and hallways."
            },
            "displayName": {
              "en": "Ward"
            },
            "decommissioned": false,
            "uploadTime": "2023-07-20T16:56:29.9924909\u002B00:00"
          },
          {
            "id": "dtmi:example:room;121067353",
            "description": {
              "en": "An enclosure inside a building."
            },
            "displayName": {
              "en": "Room"
            },
            "decommissioned": false,
            "uploadTime": "2023-07-20T18:47:25.3201553\u002B00:00"
          },
          {
            "id": "dtmi:example:room;114854850",
            "description": {
              "en": "An enclosure inside a building."
            },
            "displayName": {
              "en": "Room"
            },
            "decommissioned": false,
            "uploadTime": "2023-07-20T18:47:25.4508859\u002B00:00"
          },
          {
            "id": "dtmi:example:Ward;120421594",
            "description": {
              "en": "A separate partition in a building, made of rooms and hallways."
            },
            "displayName": {
              "en": "Ward"
            },
            "decommissioned": false,
            "uploadTime": "2023-07-20T18:47:39.3176\u002B00:00"
          },
          {
            "id": "dtmi:example:Ward;119295625",
            "description": {
              "en": "A separate partition in a building, made of rooms and hallways."
            },
            "displayName": {
              "en": "Ward"
            },
            "decommissioned": false,
            "uploadTime": "2023-07-20T18:47:39.9195535\u002B00:00"
          },
          {
            "id": "dtmi:example:Ward;114260452",
            "description": {
              "en": "A separate partition in a building, made of rooms and hallways."
            },
            "displayName": {
              "en": "Ward"
            },
            "decommissioned": false,
            "uploadTime": "2023-07-20T18:47:42.4968713\u002B00:00"
          },
          {
            "id": "dtmi:example:Ward;115532858",
            "description": {
              "en": "A separate partition in a building, made of rooms and hallways."
            },
            "displayName": {
              "en": "Ward"
            },
            "decommissioned": false,
            "uploadTime": "2023-07-20T18:47:43.3051977\u002B00:00"
          },
          {
            "id": "dtmi:example:room;140236201",
            "description": {
              "en": "An enclosure inside a building."
            },
            "displayName": {
              "en": "Room"
            },
            "decommissioned": false,
            "uploadTime": "2023-07-20T18:54:18.0923481\u002B00:00"
          },
          {
            "id": "dtmi:example:room;112001096",
            "description": {
              "en": "An enclosure inside a building."
            },
            "displayName": {
              "en": "Room"
            },
            "decommissioned": false,
            "uploadTime": "2023-07-20T18:54:18.1066203\u002B00:00"
          },
          {
            "id": "dtmi:example:Ward;172150796",
            "description": {
              "en": "A separate partition in a building, made of rooms and hallways."
            },
            "displayName": {
              "en": "Ward"
            },
            "decommissioned": false,
            "uploadTime": "2023-07-20T18:54:32.2937206\u002B00:00"
          },
          {
            "id": "dtmi:example:Ward;162879972",
            "description": {
              "en": "A separate partition in a building, made of rooms and hallways."
            },
            "displayName": {
              "en": "Ward"
            },
            "decommissioned": false,
            "uploadTime": "2023-07-20T18:54:32.8223278\u002B00:00"
          },
          {
            "id": "dtmi:example:Ward;113838746",
            "description": {
              "en": "A separate partition in a building, made of rooms and hallways."
            },
            "displayName": {
              "en": "Ward"
            },
            "decommissioned": false,
            "uploadTime": "2023-07-20T18:54:35.5407259\u002B00:00"
          },
          {
            "id": "dtmi:example:Ward;197428292",
            "description": {
              "en": "A separate partition in a building, made of rooms and hallways."
            },
            "displayName": {
              "en": "Ward"
            },
            "decommissioned": false,
            "uploadTime": "2023-07-20T18:54:35.9191561\u002B00:00"
          },
          {
            "id": "dtmi:com:microsoft:azure:iot:model0;1",
            "description": {
              "en": "This is the description of model"
            },
            "displayName": {
              "en": "This is the display name"
            },
            "decommissioned": false,
            "uploadTime": "2023-07-20T18:55:12.9815135\u002B00:00"
          },
          {
            "id": "dtmi:com:microsoft:azure:iot:model1;1",
            "description": {
              "en": "This is the description of model"
            },
            "displayName": {
              "en": "This is the display name"
            },
            "decommissioned": false,
            "uploadTime": "2023-07-20T18:55:12.9815507\u002B00:00"
          },
          {
            "id": "dtmi:example:room;110196595",
            "description": {
              "en": "An enclosure inside a building."
            },
            "displayName": {
              "en": "Room"
            },
            "decommissioned": false,
            "uploadTime": "2023-08-02T17:57:48.4101165\u002B00:00"
          },
          {
            "id": "dtmi:example:room;119563191",
            "description": {
              "en": "An enclosure inside a building."
            },
            "displayName": {
              "en": "Room"
            },
            "decommissioned": false,
            "uploadTime": "2023-08-02T17:57:48.5643544\u002B00:00"
          },
          {
            "id": "dtmi:example:Ward;114071200",
            "description": {
              "en": "A separate partition in a building, made of rooms and hallways."
            },
            "displayName": {
              "en": "Ward"
            },
            "decommissioned": false,
            "uploadTime": "2023-08-02T17:58:02.5201391\u002B00:00"
          },
          {
            "id": "dtmi:example:Ward;121456255",
            "description": {
              "en": "A separate partition in a building, made of rooms and hallways."
            },
            "displayName": {
              "en": "Ward"
            },
            "decommissioned": false,
            "uploadTime": "2023-08-02T17:58:02.9449494\u002B00:00"
          },
          {
            "id": "dtmi:example:Ward;151470581",
            "description": {
              "en": "A separate partition in a building, made of rooms and hallways."
            },
            "displayName": {
              "en": "Ward"
            },
            "decommissioned": false,
            "uploadTime": "2023-08-02T17:58:05.6542112\u002B00:00"
          },
          {
            "id": "dtmi:example:Ward;120169880",
            "description": {
              "en": "A separate partition in a building, made of rooms and hallways."
            },
            "displayName": {
              "en": "Ward"
            },
            "decommissioned": false,
            "uploadTime": "2023-08-02T17:58:06.0674816\u002B00:00"
          },
          {
            "id": "dtmi:example:room;165438279",
            "description": {
              "en": "An enclosure inside a building."
            },
            "displayName": {
              "en": "Room"
            },
            "decommissioned": false,
            "uploadTime": "2023-08-08T17:21:47.0552086\u002B00:00"
          },
          {
            "id": "dtmi:example:room;162880708",
            "description": {
              "en": "An enclosure inside a building."
            },
            "displayName": {
              "en": "Room"
            },
            "decommissioned": false,
            "uploadTime": "2023-08-08T17:21:47.0556334\u002B00:00"
          },
          {
            "id": "dtmi:example:wifiroom;11755",
            "description": {},
            "displayName": {
              "en": "RoomWithWifi"
            },
            "decommissioned": false,
            "uploadTime": "2023-08-08T17:21:47.058166\u002B00:00"
          },
          {
            "id": "dtmi:example:wifi;167653682",
            "description": {},
            "displayName": {
              "en": "Wifi"
            },
            "decommissioned": false,
            "uploadTime": "2023-08-08T17:21:47.0581909\u002B00:00"
          }
        ],
        "nextLink": null
      }
    },
    {
      "RequestUri": "https://fakeHost.api.wus2.digitaltwins.azure.net/digitaltwins/roomTwin1828030348?api-version=2023-06-30",
      "RequestMethod": "PUT",
      "RequestHeaders": {
        "Accept": "application/json",
        "Authorization": "Sanitized",
        "Content-Length": "154",
        "Content-Type": "application/json",
        "traceparent": "00-c55009e095326d5d4e5c77286a5204c4-8f6ee04ebe4a58af-00",
        "User-Agent": "azsdk-net-DigitalTwins.Core/1.5.0-alpha.20230802.1 (.NET 6.0.20; Microsoft Windows 10.0.22621)",
        "x-ms-client-request-id": "16b67899396f1961c50f398daf845665",
        "x-ms-return-client-request-id": "true"
      },
      "RequestBody": {
        "$dtId": null,
        "$etag": null,
        "Temperature": 80,
        "Humidity": 25,
        "IsOccupied": true,
        "EmployeeId": "Employee1",
        "$metadata": {
          "$model": "dtmi:example:room;165438279"
        }
      },
      "StatusCode": 200,
      "ResponseHeaders": {
        "Content-Length": "510",
        "Content-Type": "application/json; charset=utf-8",
        "Date": "Tue, 08 Aug 2023 17:21:47 GMT",
        "ETag": "W/\u002219373166-6012-422d-bb55-964243417ed7\u0022",
        "mise-correlation-id": "9f8f7bbc-176c-4229-9f33-a4089d2cc98d",
        "Strict-Transport-Security": "max-age=2592000",
        "traceresponse": "00-c55009e095326d5d4e5c77286a5204c4-fd65914db104c9da-01"
      },
      "ResponseBody": {
        "$dtId": "roomTwin1828030348",
        "$etag": "W/\u002219373166-6012-422d-bb55-964243417ed7\u0022",
        "Temperature": 80,
        "Humidity": 25,
        "IsOccupied": true,
        "EmployeeId": "Employee1",
        "$metadata": {
          "$model": "dtmi:example:room;165438279",
          "$lastUpdateTime": "2023-08-08T17:21:47.4811536Z",
          "Temperature": {
            "lastUpdateTime": "2023-08-08T17:21:47.4811536Z"
          },
          "Humidity": {
            "lastUpdateTime": "2023-08-08T17:21:47.4811536Z"
          },
          "IsOccupied": {
            "lastUpdateTime": "2023-08-08T17:21:47.4811536Z"
          },
          "EmployeeId": {
            "lastUpdateTime": "2023-08-08T17:21:47.4811536Z"
          }
        }
      }
    },
    {
      "RequestUri": "https://fakeHost.api.wus2.digitaltwins.azure.net/digitaltwins/roomTwin1828030348?api-version=2023-06-30",
      "RequestMethod": "GET",
      "RequestHeaders": {
        "Accept": "application/json",
        "Authorization": "Sanitized",
        "traceparent": "00-f3e6d3444d9c866228ad3b9e9aeeada0-7bbf4137c713f1a2-00",
        "User-Agent": "azsdk-net-DigitalTwins.Core/1.5.0-alpha.20230802.1 (.NET 6.0.20; Microsoft Windows 10.0.22621)",
        "x-ms-client-request-id": "38915c2e2ad03d04681cf86325ff959d",
        "x-ms-return-client-request-id": "true"
      },
      "RequestBody": null,
      "StatusCode": 200,
      "ResponseHeaders": {
        "Content-Length": "510",
        "Content-Type": "application/json; charset=utf-8",
        "Date": "Tue, 08 Aug 2023 17:21:47 GMT",
        "ETag": "W/\u002219373166-6012-422d-bb55-964243417ed7\u0022",
        "mise-correlation-id": "26b8262c-daeb-4d12-819a-c45fec388582",
        "Strict-Transport-Security": "max-age=2592000",
        "traceresponse": "00-f3e6d3444d9c866228ad3b9e9aeeada0-9042a29d4b8af91a-01"
      },
      "ResponseBody": {
        "$dtId": "roomTwin1828030348",
        "$etag": "W/\u002219373166-6012-422d-bb55-964243417ed7\u0022",
        "Temperature": 80,
        "Humidity": 25,
        "IsOccupied": true,
        "EmployeeId": "Employee1",
        "$metadata": {
          "$model": "dtmi:example:room;165438279",
          "$lastUpdateTime": "2023-08-08T17:21:47.4811536Z",
          "Temperature": {
            "lastUpdateTime": "2023-08-08T17:21:47.4811536Z"
          },
          "Humidity": {
            "lastUpdateTime": "2023-08-08T17:21:47.4811536Z"
          },
          "IsOccupied": {
            "lastUpdateTime": "2023-08-08T17:21:47.4811536Z"
          },
          "EmployeeId": {
            "lastUpdateTime": "2023-08-08T17:21:47.4811536Z"
          }
        }
      }
    }
  ],
  "Variables": {
    "AZURE_AUTHORITY_HOST": null,
    "DIGITALTWINS_URL": "https://fakeHost.api.wus2.digitaltwins.azure.net",
    "RandomSeed": "2006771109"
  }
}
