{
  "Entries": [
    {
      "RequestUri": "https://fakestorageaccount.file.core.windows.net/share169830096428900419?restype=share",
      "RequestMethod": "PUT",
      "RequestHeaders": {
        "Accept": "application/xml",
        "Authorization": "Sanitized",
        "Connection": "keep-alive",
        "Content-Length": "0",
        "User-Agent": "azsdk-js-azure-storage-blob/12.20.0 core-rest-pipeline/1.12.2 Node/v18.16.0 OS/(x64-Windows_NT-10.0.22621)",
        "x-ms-client-request-id": "793d6400-9f4a-475c-9b3b-2483c38165aa",
        "x-ms-date": "Thu, 26 Oct 2023 06:16:04 GMT",
        "x-ms-version": "2023-01-03"
      },
      "RequestBody": null,
      "StatusCode": 201,
      "ResponseHeaders": {
        "Content-Length": "0",
        "Date": "Thu, 26 Oct 2023 06:16:04 GMT",
        "ETag": "\u00220x8DBD5EB093ED9EF\u0022",
        "Last-Modified": "Thu, 26 Oct 2023 06:16:05 GMT",
        "Server": [
          "Windows-Azure-File/1.0",
          "Microsoft-HTTPAPI/2.0"
        ],
        "x-ms-client-request-id": "793d6400-9f4a-475c-9b3b-2483c38165aa",
        "x-ms-request-id": "52ccf84e-901a-0042-56d3-072aa1000000",
        "x-ms-version": "2023-01-03"
      },
      "ResponseBody": null
    },
    {
      "RequestUri": "https://fakestorageaccount.file.core.windows.net/share169830096428900419/dir169830096439604290....?restype=directory",
      "RequestMethod": "PUT",
      "RequestHeaders": {
        "Accept": "application/xml",
        "Authorization": "Sanitized",
        "Connection": "keep-alive",
        "Content-Length": "0",
        "User-Agent": "azsdk-js-azure-storage-blob/12.20.0 core-rest-pipeline/1.12.2 Node/v18.16.0 OS/(x64-Windows_NT-10.0.22621)",
        "x-ms-allow-trailing-dot": "false",
        "x-ms-client-request-id": "46ee733f-9aa7-49eb-b21e-f86b116e1e78",
        "x-ms-date": "Thu, 26 Oct 2023 06:16:04 GMT",
        "x-ms-file-attributes": "Directory",
        "x-ms-file-creation-time": "now",
        "x-ms-file-last-write-time": "now",
        "x-ms-file-permission": "inherit",
        "x-ms-version": "2023-01-03"
      },
      "RequestBody": null,
      "StatusCode": 201,
      "ResponseHeaders": {
        "Content-Length": "0",
        "Date": "Thu, 26 Oct 2023 06:16:04 GMT",
        "ETag": "\u00220x8DBD5EB0950407F\u0022",
        "Last-Modified": "Thu, 26 Oct 2023 06:16:05 GMT",
        "Server": [
          "Windows-Azure-File/1.0",
          "Microsoft-HTTPAPI/2.0"
        ],
        "x-ms-client-request-id": "46ee733f-9aa7-49eb-b21e-f86b116e1e78",
        "x-ms-file-attributes": "Directory",
        "x-ms-file-change-time": "2023-10-26T06:16:05.3342335Z",
        "x-ms-file-creation-time": "2023-10-26T06:16:05.3342335Z",
        "x-ms-file-id": "13835128424026341376",
        "x-ms-file-last-write-time": "2023-10-26T06:16:05.3342335Z",
        "x-ms-file-parent-id": "0",
        "x-ms-file-permission-key": "9255856626508002348*16764736045797335973",
        "x-ms-request-id": "52ccf853-901a-0042-58d3-072aa1000000",
        "x-ms-request-server-encrypted": "true",
        "x-ms-version": "2023-01-03"
      },
      "ResponseBody": null
    },
    {
      "RequestUri": "https://fakestorageaccount.file.core.windows.net/share169830096428900419/dir169830096439604290..../file169830096450502375....",
      "RequestMethod": "PUT",
      "RequestHeaders": {
        "Accept": "application/xml",
        "Authorization": "Sanitized",
        "Connection": "keep-alive",
        "Content-Length": "0",
        "User-Agent": "azsdk-js-azure-storage-blob/12.20.0 core-rest-pipeline/1.12.2 Node/v18.16.0 OS/(x64-Windows_NT-10.0.22621)",
        "x-ms-allow-trailing-dot": "false",
        "x-ms-client-request-id": "bb60a5aa-8704-417f-9b42-3b62726de0ab",
        "x-ms-content-length": "10",
        "x-ms-date": "Thu, 26 Oct 2023 06:16:04 GMT",
        "x-ms-file-attributes": "None",
        "x-ms-file-creation-time": "now",
        "x-ms-file-last-write-time": "now",
        "x-ms-file-permission": "inherit",
        "x-ms-type": "file",
        "x-ms-version": "2023-01-03"
      },
      "RequestBody": null,
      "StatusCode": 201,
      "ResponseHeaders": {
        "Content-Length": "0",
        "Date": "Thu, 26 Oct 2023 06:16:05 GMT",
        "ETag": "\u00220x8DBD5EB09606AB6\u0022",
        "Last-Modified": "Thu, 26 Oct 2023 06:16:05 GMT",
        "Server": [
          "Windows-Azure-File/1.0",
          "Microsoft-HTTPAPI/2.0"
        ],
        "x-ms-client-request-id": "bb60a5aa-8704-417f-9b42-3b62726de0ab",
        "x-ms-file-attributes": "Archive",
        "x-ms-file-change-time": "2023-10-26T06:16:05.4401718Z",
        "x-ms-file-creation-time": "2023-10-26T06:16:05.4401718Z",
        "x-ms-file-id": "11529285414812647424",
        "x-ms-file-last-write-time": "2023-10-26T06:16:05.4401718Z",
        "x-ms-file-parent-id": "13835128424026341376",
        "x-ms-file-permission-key": "4614121289425226539*16764736045797335973",
        "x-ms-request-id": "52ccf854-901a-0042-59d3-072aa1000000",
        "x-ms-request-server-encrypted": "true",
        "x-ms-version": "2023-01-03"
      },
      "ResponseBody": null
    },
    {
      "RequestUri": "https://fakestorageaccount.file.core.windows.net/share169830096428900419/dir169830096439604290..../file169830096450502375....?comp=listhandles",
      "RequestMethod": "GET",
      "RequestHeaders": {
        "Accept": "application/xml",
        "Authorization": "Sanitized",
        "Connection": "keep-alive",
        "User-Agent": "azsdk-js-azure-storage-blob/12.20.0 core-rest-pipeline/1.12.2 Node/v18.16.0 OS/(x64-Windows_NT-10.0.22621)",
        "x-ms-allow-trailing-dot": "false",
        "x-ms-client-request-id": "17e1bbfe-2a19-4d9c-b578-e3c3a143915d",
        "x-ms-date": "Thu, 26 Oct 2023 06:16:04 GMT",
        "x-ms-version": "2023-01-03"
      },
      "RequestBody": null,
      "StatusCode": 200,
      "ResponseHeaders": {
        "Content-Type": "application/xml",
        "Date": "Thu, 26 Oct 2023 06:16:05 GMT",
        "Server": [
          "Windows-Azure-File/1.0",
          "Microsoft-HTTPAPI/2.0"
        ],
        "Transfer-Encoding": "chunked",
        "Vary": "Origin",
        "x-ms-client-request-id": "17e1bbfe-2a19-4d9c-b578-e3c3a143915d",
        "x-ms-request-id": "52ccf855-901a-0042-5ad3-072aa1000000",
        "x-ms-version": "2023-01-03"
      },
      "ResponseBody": "\uFEFF\u003C?xml version=\u00221.0\u0022 encoding=\u0022utf-8\u0022?\u003E\u003CEnumerationResults\u003E\u003CEntries /\u003E\u003CNextMarker /\u003E\u003C/EnumerationResults\u003E"
    },
    {
      "RequestUri": "https://fakestorageaccount.file.core.windows.net/share169830096428900419?restype=share",
      "RequestMethod": "DELETE",
      "RequestHeaders": {
        "Accept": "application/xml",
        "Authorization": "Sanitized",
        "Connection": "keep-alive",
        "User-Agent": "azsdk-js-azure-storage-blob/12.20.0 core-rest-pipeline/1.12.2 Node/v18.16.0 OS/(x64-Windows_NT-10.0.22621)",
        "x-ms-client-request-id": "8b2df32d-94f0-4272-804f-7b65edb31223",
        "x-ms-date": "Thu, 26 Oct 2023 06:16:04 GMT",
        "x-ms-delete-snapshots": "include",
        "x-ms-version": "2023-01-03"
      },
      "RequestBody": null,
      "StatusCode": 202,
      "ResponseHeaders": {
        "Content-Length": "0",
        "Date": "Thu, 26 Oct 2023 06:16:05 GMT",
        "Server": [
          "Windows-Azure-File/1.0",
          "Microsoft-HTTPAPI/2.0"
        ],
        "x-ms-client-request-id": "8b2df32d-94f0-4272-804f-7b65edb31223",
        "x-ms-request-id": "52ccf857-901a-0042-5cd3-072aa1000000",
        "x-ms-version": "2023-01-03"
      },
      "ResponseBody": null
    }
  ],
  "Variables": {
    "dir": "dir169830096439604290",
    "file": "file169830096450502375",
    "share": "share169830096428900419"
  }
}
