{
  "Entries": [
    {
      "RequestUri": "https://fakestorageaccount.file.core.windows.net/share169830095032608208?restype=share",
      "RequestMethod": "PUT",
      "RequestHeaders": {
        "Accept": "application/xml",
        "Authorization": "Sanitized",
        "Connection": "keep-alive",
        "Content-Length": "0",
        "User-Agent": "azsdk-js-azure-storage-blob/12.20.0 core-rest-pipeline/1.12.2 Node/v18.16.0 OS/(x64-Windows_NT-10.0.22621)",
        "x-ms-client-request-id": "3232daff-2077-40af-bbc8-fdec503bebbe",
        "x-ms-date": "Thu, 26 Oct 2023 06:15:50 GMT",
        "x-ms-version": "2023-01-03"
      },
      "RequestBody": null,
      "StatusCode": 201,
      "ResponseHeaders": {
        "Content-Length": "0",
        "Date": "Thu, 26 Oct 2023 06:15:50 GMT",
        "ETag": "\u00220x8DBD5EB00EC4343\u0022",
        "Last-Modified": "Thu, 26 Oct 2023 06:15:51 GMT",
        "Server": [
          "Windows-Azure-File/1.0",
          "Microsoft-HTTPAPI/2.0"
        ],
        "x-ms-client-request-id": "3232daff-2077-40af-bbc8-fdec503bebbe",
        "x-ms-request-id": "52ccf7a9-901a-0042-51d3-072aa1000000",
        "x-ms-version": "2023-01-03"
      },
      "ResponseBody": null
    },
    {
      "RequestUri": "https://fakestorageaccount.file.core.windows.net/share169830095032608208/dir169830095043309426....?restype=directory",
      "RequestMethod": "PUT",
      "RequestHeaders": {
        "Accept": "application/xml",
        "Authorization": "Sanitized",
        "Connection": "keep-alive",
        "Content-Length": "0",
        "User-Agent": "azsdk-js-azure-storage-blob/12.20.0 core-rest-pipeline/1.12.2 Node/v18.16.0 OS/(x64-Windows_NT-10.0.22621)",
        "x-ms-allow-trailing-dot": "false",
        "x-ms-client-request-id": "3ca57ff1-5f98-4a8d-89aa-9e2240c9ec4d",
        "x-ms-date": "Thu, 26 Oct 2023 06:15:50 GMT",
        "x-ms-file-attributes": "Directory",
        "x-ms-file-creation-time": "now",
        "x-ms-file-last-write-time": "now",
        "x-ms-file-permission": "inherit",
        "x-ms-version": "2023-01-03"
      },
      "RequestBody": null,
      "StatusCode": 201,
      "ResponseHeaders": {
        "Content-Length": "0",
        "Date": "Thu, 26 Oct 2023 06:15:50 GMT",
        "ETag": "\u00220x8DBD5EB00FDAE23\u0022",
        "Last-Modified": "Thu, 26 Oct 2023 06:15:51 GMT",
        "Server": [
          "Windows-Azure-File/1.0",
          "Microsoft-HTTPAPI/2.0"
        ],
        "x-ms-client-request-id": "3ca57ff1-5f98-4a8d-89aa-9e2240c9ec4d",
        "x-ms-file-attributes": "Directory",
        "x-ms-file-change-time": "2023-10-26T06:15:51.3713187Z",
        "x-ms-file-creation-time": "2023-10-26T06:15:51.3713187Z",
        "x-ms-file-id": "13835128424026341376",
        "x-ms-file-last-write-time": "2023-10-26T06:15:51.3713187Z",
        "x-ms-file-parent-id": "0",
        "x-ms-file-permission-key": "9255856626508002348*16764736045797335973",
        "x-ms-request-id": "52ccf7ab-901a-0042-52d3-072aa1000000",
        "x-ms-request-server-encrypted": "true",
        "x-ms-version": "2023-01-03"
      },
      "ResponseBody": null
    },
    {
      "RequestUri": "https://fakestorageaccount.file.core.windows.net/share169830095032608208/dir169830095043309426..../file169830095054301013....",
      "RequestMethod": "HEAD",
      "RequestHeaders": {
        "Accept": "application/xml",
        "Authorization": "Sanitized",
        "Connection": "keep-alive",
        "User-Agent": "azsdk-js-azure-storage-blob/12.20.0 core-rest-pipeline/1.12.2 Node/v18.16.0 OS/(x64-Windows_NT-10.0.22621)",
        "x-ms-allow-trailing-dot": "false",
        "x-ms-client-request-id": "250df6d6-26b6-4c37-a359-6cd34b461860",
        "x-ms-date": "Thu, 26 Oct 2023 06:15:50 GMT",
        "x-ms-version": "2023-01-03"
      },
      "RequestBody": null,
      "StatusCode": 404,
      "ResponseHeaders": {
        "Date": "Thu, 26 Oct 2023 06:15:51 GMT",
        "Server": [
          "Windows-Azure-File/1.0",
          "Microsoft-HTTPAPI/2.0"
        ],
        "Transfer-Encoding": "chunked",
        "Vary": "Origin",
        "x-ms-client-request-id": "250df6d6-26b6-4c37-a359-6cd34b461860",
        "x-ms-error-code": "ResourceNotFound",
        "x-ms-request-id": "52ccf7ac-901a-0042-53d3-072aa1000000",
        "x-ms-version": "2023-01-03"
      },
      "ResponseBody": null
    },
    {
      "RequestUri": "https://fakestorageaccount.file.core.windows.net/share169830095032608208/dir169830095043309426..../file169830095054301013....",
      "RequestMethod": "PUT",
      "RequestHeaders": {
        "Accept": "application/xml",
        "Authorization": "Sanitized",
        "Connection": "keep-alive",
        "Content-Length": "0",
        "User-Agent": "azsdk-js-azure-storage-blob/12.20.0 core-rest-pipeline/1.12.2 Node/v18.16.0 OS/(x64-Windows_NT-10.0.22621)",
        "x-ms-allow-trailing-dot": "false",
        "x-ms-client-request-id": "8fbd2d30-5247-42c3-bc95-19d6bd469032",
        "x-ms-content-length": "11",
        "x-ms-date": "Thu, 26 Oct 2023 06:15:50 GMT",
        "x-ms-file-attributes": "None",
        "x-ms-file-creation-time": "now",
        "x-ms-file-last-write-time": "now",
        "x-ms-file-permission": "inherit",
        "x-ms-type": "file",
        "x-ms-version": "2023-01-03"
      },
      "RequestBody": null,
      "StatusCode": 201,
      "ResponseHeaders": {
        "Content-Length": "0",
        "Date": "Thu, 26 Oct 2023 06:15:51 GMT",
        "ETag": "\u00220x8DBD5EB011E0291\u0022",
        "Last-Modified": "Thu, 26 Oct 2023 06:15:51 GMT",
        "Server": [
          "Windows-Azure-File/1.0",
          "Microsoft-HTTPAPI/2.0"
        ],
        "x-ms-client-request-id": "8fbd2d30-5247-42c3-bc95-19d6bd469032",
        "x-ms-file-attributes": "Archive",
        "x-ms-file-change-time": "2023-10-26T06:15:51.5831953Z",
        "x-ms-file-creation-time": "2023-10-26T06:15:51.5831953Z",
        "x-ms-file-id": "11529285414812647424",
        "x-ms-file-last-write-time": "2023-10-26T06:15:51.5831953Z",
        "x-ms-file-parent-id": "13835128424026341376",
        "x-ms-file-permission-key": "4614121289425226539*16764736045797335973",
        "x-ms-request-id": "52ccf7ad-901a-0042-54d3-072aa1000000",
        "x-ms-request-server-encrypted": "true",
        "x-ms-version": "2023-01-03"
      },
      "ResponseBody": null
    },
    {
      "RequestUri": "https://fakestorageaccount.file.core.windows.net/share169830095032608208/dir169830095043309426..../file169830095054301013....",
      "RequestMethod": "HEAD",
      "RequestHeaders": {
        "Accept": "application/xml",
        "Authorization": "Sanitized",
        "Connection": "keep-alive",
        "User-Agent": "azsdk-js-azure-storage-blob/12.20.0 core-rest-pipeline/1.12.2 Node/v18.16.0 OS/(x64-Windows_NT-10.0.22621)",
        "x-ms-allow-trailing-dot": "false",
        "x-ms-client-request-id": "2e8f617e-26d5-47c6-b0ef-7e3f51b71baf",
        "x-ms-date": "Thu, 26 Oct 2023 06:15:50 GMT",
        "x-ms-version": "2023-01-03"
      },
      "RequestBody": null,
      "StatusCode": 200,
      "ResponseHeaders": {
        "Content-Length": "11",
        "Content-Type": "application/octet-stream",
        "Date": "Thu, 26 Oct 2023 06:15:51 GMT",
        "ETag": "\u00220x8DBD5EB011E0291\u0022",
        "Last-Modified": "Thu, 26 Oct 2023 06:15:51 GMT",
        "Server": [
          "Windows-Azure-File/1.0",
          "Microsoft-HTTPAPI/2.0"
        ],
        "Vary": "Origin",
        "x-ms-client-request-id": "2e8f617e-26d5-47c6-b0ef-7e3f51b71baf",
        "x-ms-file-attributes": "Archive",
        "x-ms-file-change-time": "2023-10-26T06:15:51.5831953Z",
        "x-ms-file-creation-time": "2023-10-26T06:15:51.5831953Z",
        "x-ms-file-id": "11529285414812647424",
        "x-ms-file-last-write-time": "2023-10-26T06:15:51.5831953Z",
        "x-ms-file-parent-id": "13835128424026341376",
        "x-ms-file-permission-key": "4614121289425226539*16764736045797335973",
        "x-ms-lease-state": "available",
        "x-ms-lease-status": "unlocked",
        "x-ms-request-id": "52ccf7ae-901a-0042-55d3-072aa1000000",
        "x-ms-server-encrypted": "true",
        "x-ms-type": "File",
        "x-ms-version": "2023-01-03"
      },
      "ResponseBody": null
    },
    {
      "RequestUri": "https://fakestorageaccount.file.core.windows.net/share169830095032608208?restype=share",
      "RequestMethod": "DELETE",
      "RequestHeaders": {
        "Accept": "application/xml",
        "Authorization": "Sanitized",
        "Connection": "keep-alive",
        "User-Agent": "azsdk-js-azure-storage-blob/12.20.0 core-rest-pipeline/1.12.2 Node/v18.16.0 OS/(x64-Windows_NT-10.0.22621)",
        "x-ms-client-request-id": "a7f48822-abe2-438b-b34e-b48f17c06e25",
        "x-ms-date": "Thu, 26 Oct 2023 06:15:50 GMT",
        "x-ms-delete-snapshots": "include",
        "x-ms-version": "2023-01-03"
      },
      "RequestBody": null,
      "StatusCode": 202,
      "ResponseHeaders": {
        "Content-Length": "0",
        "Date": "Thu, 26 Oct 2023 06:15:51 GMT",
        "Server": [
          "Windows-Azure-File/1.0",
          "Microsoft-HTTPAPI/2.0"
        ],
        "x-ms-client-request-id": "a7f48822-abe2-438b-b34e-b48f17c06e25",
        "x-ms-request-id": "52ccf7af-901a-0042-56d3-072aa1000000",
        "x-ms-version": "2023-01-03"
      },
      "ResponseBody": null
    }
  ],
  "Variables": {
    "dir": "dir169830095043309426",
    "file": "file169830095054301013",
    "share": "share169830095032608208"
  }
}
