{
  "Entries": [
    {
      "RequestUri": "https://management.azure.com/subscriptions/cc943344-3e50-4367-928f-79e03a97639d?api-version=2022-12-01",
      "RequestMethod": "GET",
      "RequestHeaders": {
        "Accept": "application/json",
        "Authorization": "Sanitized",
        "traceparent": "00-95de9b302ef4672dfdeb7a72356a773a-622d73f20084554c-00",
        "User-Agent": "azsdk-net-ResourceManager/1.13.0 (.NET 6.0.33; Microsoft Windows 10.0.22631)",
        "x-ms-client-request-id": "Sanitized",
        "x-ms-return-client-request-id": "true"
      },
      "RequestBody": null,
      "StatusCode": 200,
      "ResponseHeaders": {
        "Cache-Control": "no-cache",
        "Content-Length": "401",
        "Content-Type": "application/json; charset=utf-8",
        "Date": "Tue, 01 Oct 2024 07:23:47 GMT",
        "Expires": "-1",
        "Pragma": "no-cache",
        "Strict-Transport-Security": "max-age=31536000; includeSubDomains",
        "X-Cache": "CONFIG_NOCACHE",
        "X-Content-Type-Options": "nosniff",
        "x-ms-correlation-request-id": "6d7301fe-d652-40ba-a6ee-25d8474994d5",
        "x-ms-ratelimit-remaining-subscription-reads": "11991",
        "x-ms-request-id": "6d7301fe-d652-40ba-a6ee-25d8474994d5",
        "x-ms-routing-request-id": "WESTINDIA:20241001T072347Z:6d7301fe-d652-40ba-a6ee-25d8474994d5",
        "X-MSEdge-Ref": "Ref A: 70DEC924DE5B4D26BA7C9F8001E2F09E Ref B: MAA201060513033 Ref C: 2024-10-01T07:23:47Z"
      },
      "ResponseBody": {
        "id": "/subscriptions/cc943344-3e50-4367-928f-79e03a97639d",
        "authorizationSource": "RoleBased",
        "managedByTenants": [],
        "subscriptionId": "cc943344-3e50-4367-928f-79e03a97639d",
        "tenantId": "00000000-0000-0000-0000-000000000000",
        "displayName": "ACI Test Automation 1",
        "state": "Enabled",
        "subscriptionPolicies": {
          "locationPlacementId": "Internal_2014-09-01",
          "quotaId": "Internal_2014-09-01",
          "spendingLimit": "Off"
        }
      }
    },
    {
      "RequestUri": "https://management.azure.com/subscriptions/cc943344-3e50-4367-928f-79e03a97639d/resourcegroups/testRg6929?api-version=2022-09-01",
      "RequestMethod": "PUT",
      "RequestHeaders": {
        "Accept": "application/json",
        "Authorization": "Sanitized",
        "Content-Length": "21",
        "Content-Type": "application/json",
        "traceparent": "00-deb35126b65ab3059ecb36be3b514add-9da0fbe3e4c93a99-00",
        "User-Agent": "azsdk-net-ResourceManager/1.13.0 (.NET 6.0.33; Microsoft Windows 10.0.22631)",
        "x-ms-client-request-id": "Sanitized",
        "x-ms-return-client-request-id": "true"
      },
      "RequestBody": {
        "location": "westus"
      },
      "StatusCode": 201,
      "ResponseHeaders": {
        "Cache-Control": "no-cache",
        "Content-Length": "217",
        "Content-Type": "application/json; charset=utf-8",
        "Date": "Tue, 01 Oct 2024 07:23:48 GMT",
        "Expires": "-1",
        "Pragma": "no-cache",
        "Strict-Transport-Security": "max-age=31536000; includeSubDomains",
        "X-Cache": "CONFIG_NOCACHE",
        "X-Content-Type-Options": "nosniff",
        "x-ms-correlation-request-id": "0fe04464-111e-441f-b48e-d9a80a056540",
        "x-ms-ratelimit-remaining-subscription-writes": "1199",
        "x-ms-request-id": "0fe04464-111e-441f-b48e-d9a80a056540",
        "x-ms-routing-request-id": "CENTRALINDIA:20241001T072348Z:0fe04464-111e-441f-b48e-d9a80a056540",
        "X-MSEdge-Ref": "Ref A: EF502035769F4D62A2AA68EC1F134277 Ref B: MAA201060513033 Ref C: 2024-10-01T07:23:48Z"
      },
      "ResponseBody": {
        "id": "/subscriptions/cc943344-3e50-4367-928f-79e03a97639d/resourceGroups/testRg6929",
        "name": "testRg6929",
        "type": "Microsoft.Resources/resourceGroups",
        "location": "westus",
        "properties": {
          "provisioningState": "Succeeded"
        }
      }
    },
    {
      "RequestUri": "https://management.azure.com/subscriptions/cc943344-3e50-4367-928f-79e03a97639d/resourceGroups/testRg6929/providers/Microsoft.ContainerInstance/containerGroupProfiles/containergrpcgp2923?api-version=2024-05-01-preview",
      "RequestMethod": "PUT",
      "RequestHeaders": {
        "Accept": "application/json",
        "Authorization": "Sanitized",
        "Content-Length": "866",
        "Content-Type": "application/json",
        "traceparent": "00-4979d732c8163618ad96d9461fd63e16-a63e31065ea95358-00",
        "User-Agent": "azsdk-net-ResourceManager.ContainerInstance/1.3.0-alpha.20241001.1 (.NET 6.0.33; Microsoft Windows 10.0.22631)",
        "x-ms-client-request-id": "Sanitized",
        "x-ms-return-client-request-id": "true"
      },
      "RequestBody": {
        "location": "westus",
        "properties": {
          "containers": [
            {
              "name": "containergrpcgp2923",
              "properties": {
                "image": "alpine",
                "command": [
                  "/bin/sh",
                  "-c",
                  "while true; do sleep 10; done"
                ],
                "ports": [
                  {
                    "port": 80
                  }
                ],
                "environmentVariables": [
                  {
                    "name": "secretEnv",
                    "secureValue": "secretValue1"
                  }
                ],
                "resources": {
                  "requests": {
                    "memoryInGB": 1.5,
                    "cpu": 1
                  }
                },
                "securityContext": {
                  "privileged": false
                }
              }
            }
          ],
          "restartPolicy": "Never",
          "ipAddress": {
            "ports": [
              {
                "protocol": "TCP",
                "port": 80
              }
            ],
            "type": "Public"
          },
          "osType": "Linux",
          "sku": "Confidential",
          "initContainers": [
            {
              "name": "containergrpcgp2923init",
              "properties": {
                "image": "alpine",
                "command": [
                  "/bin/sh",
                  "-c",
                  "sleep 5"
                ],
                "environmentVariables": [
                  {
                    "name": "secretEnv",
                    "secureValue": "secretValue1"
                  }
                ],
                "securityContext": {
                  "privileged": false
                }
              }
            }
          ],
          "confidentialComputeProperties": {
            "ccePolicy": "eyJhbGxvd19hbGwiOiB0cnVlLCAiY29udGFpbmVycyI6IHsibGVuZ3RoIjogMCwgImVsZW1lbnRzIjogbnVsbH19"
          }
        }
      },
      "StatusCode": 201,
      "ResponseHeaders": {
        "Cache-Control": "no-cache",
        "Content-Length": "1078",
        "Content-Type": "application/json; charset=utf-8",
        "Date": "Tue, 01 Oct 2024 07:23:51 GMT",
        "Expires": "-1",
        "Pragma": "no-cache",
        "Strict-Transport-Security": "max-age=31536000; includeSubDomains",
        "X-Cache": "CONFIG_NOCACHE",
        "X-Content-Type-Options": "nosniff",
        "x-ms-correlation-request-id": "5de93196-26cd-42c5-b4c8-eac1c17bf7ad",
        "x-ms-ratelimit-remaining-subscription-writes": "1197",
        "x-ms-request-id": "westus:6bf406d8-3d06-4d43-bc38-756bc07042cb",
        "x-ms-routing-request-id": "CENTRALINDIA:20241001T072352Z:5de93196-26cd-42c5-b4c8-eac1c17bf7ad",
        "X-MSEdge-Ref": "Ref A: DAA44B67790A4712931B2A2E3E42E732 Ref B: MAA201060513033 Ref C: 2024-10-01T07:23:48Z"
      },
      "ResponseBody": {
        "properties": {
          "sku": "Confidential",
          "containers": [
            {
              "name": "containergrpcgp2923",
              "properties": {
                "image": "alpine",
                "command": [
                  "/bin/sh",
                  "-c",
                  "while true; do sleep 10; done"
                ],
                "ports": [
                  {
                    "port": 80
                  }
                ],
                "environmentVariables": [
                  {
                    "name": "secretEnv"
                  }
                ],
                "resources": {
                  "requests": {
                    "memoryInGB": 1.5,
                    "cpu": 1.0
                  }
                },
                "securityContext": {
                  "privileged": false
                }
              }
            }
          ],
          "initContainers": [
            {
              "name": "containergrpcgp2923init",
              "properties": {
                "image": "alpine",
                "command": [
                  "/bin/sh",
                  "-c",
                  "sleep 5"
                ],
                "environmentVariables": [
                  {
                    "name": "secretEnv"
                  }
                ],
                "securityContext": {
                  "privileged": false
                }
              }
            }
          ],
          "restartPolicy": "Never",
          "ipAddress": {
            "ports": [
              {
                "protocol": "TCP",
                "port": 80
              }
            ],
            "type": "Public"
          },
          "osType": "Linux",
          "confidentialComputeProperties": {
            "ccePolicy": "eyJhbGxvd19hbGwiOiB0cnVlLCAiY29udGFpbmVycyI6IHsibGVuZ3RoIjogMCwgImVsZW1lbnRzIjogbnVsbH19"
          },
          "revision": 1
        },
        "id": "/subscriptions/cc943344-3e50-4367-928f-79e03a97639d/resourceGroups/testRg6929/providers/Microsoft.ContainerInstance/containerGroupProfiles/containergrpcgp2923",
        "name": "containergrpcgp2923",
        "type": "Microsoft.ContainerInstance/containerGroupProfiles",
        "location": "westus"
      }
    },
    {
      "RequestUri": "https://management.azure.com/subscriptions/cc943344-3e50-4367-928f-79e03a97639d/resourceGroups/testRg6929/providers/Microsoft.ContainerInstance/containerGroupProfiles/containergrpcgp2923?api-version=2024-05-01-preview",
      "RequestMethod": "GET",
      "RequestHeaders": {
        "Accept": "application/json",
        "Authorization": "Sanitized",
        "traceparent": "00-b150f653bd7bd3936638060cbce8f949-a136ba35752f564a-00",
        "User-Agent": "azsdk-net-ResourceManager.ContainerInstance/1.3.0-alpha.20241001.1 (.NET 6.0.33; Microsoft Windows 10.0.22631)",
        "x-ms-client-request-id": "Sanitized",
        "x-ms-return-client-request-id": "true"
      },
      "RequestBody": null,
      "StatusCode": 200,
      "ResponseHeaders": {
        "Cache-Control": "no-cache",
        "Content-Length": "1078",
        "Content-Type": "application/json; charset=utf-8",
        "Date": "Tue, 01 Oct 2024 07:23:53 GMT",
        "Expires": "-1",
        "Pragma": "no-cache",
        "Strict-Transport-Security": "max-age=31536000; includeSubDomains",
        "X-Cache": "CONFIG_NOCACHE",
        "X-Content-Type-Options": "nosniff",
        "x-ms-correlation-request-id": "3575f08c-b28e-4fde-9f75-8283220eb1a1",
        "x-ms-ratelimit-remaining-subscription-reads": "11998",
        "x-ms-request-id": "westus:d90d8460-6d4e-4953-b41a-e7b614ce4c89",
        "x-ms-routing-request-id": "CENTRALINDIA:20241001T072353Z:3575f08c-b28e-4fde-9f75-8283220eb1a1",
        "X-MSEdge-Ref": "Ref A: 637DAB7D56444E09A5FA6B8A2FEC2364 Ref B: MAA201060513033 Ref C: 2024-10-01T07:23:52Z"
      },
      "ResponseBody": {
        "properties": {
          "sku": "Confidential",
          "containers": [
            {
              "name": "containergrpcgp2923",
              "properties": {
                "image": "alpine",
                "command": [
                  "/bin/sh",
                  "-c",
                  "while true; do sleep 10; done"
                ],
                "ports": [
                  {
                    "port": 80
                  }
                ],
                "environmentVariables": [
                  {
                    "name": "secretEnv"
                  }
                ],
                "resources": {
                  "requests": {
                    "memoryInGB": 1.5,
                    "cpu": 1.0
                  }
                },
                "securityContext": {
                  "privileged": false
                }
              }
            }
          ],
          "initContainers": [
            {
              "name": "containergrpcgp2923init",
              "properties": {
                "image": "alpine",
                "command": [
                  "/bin/sh",
                  "-c",
                  "sleep 5"
                ],
                "environmentVariables": [
                  {
                    "name": "secretEnv"
                  }
                ],
                "securityContext": {
                  "privileged": false
                }
              }
            }
          ],
          "restartPolicy": "Never",
          "ipAddress": {
            "ports": [
              {
                "protocol": "TCP",
                "port": 80
              }
            ],
            "type": "Public"
          },
          "osType": "Linux",
          "confidentialComputeProperties": {
            "ccePolicy": "eyJhbGxvd19hbGwiOiB0cnVlLCAiY29udGFpbmVycyI6IHsibGVuZ3RoIjogMCwgImVsZW1lbnRzIjogbnVsbH19"
          },
          "revision": 1
        },
        "id": "/subscriptions/cc943344-3e50-4367-928f-79e03a97639d/resourceGroups/testRg6929/providers/Microsoft.ContainerInstance/containerGroupProfiles/containergrpcgp2923",
        "name": "containergrpcgp2923",
        "type": "Microsoft.ContainerInstance/containerGroupProfiles",
        "location": "westus"
      }
    }
  ],
  "Variables": {
    "RandomSeed": "396276754",
    "RESOURCE_MANAGER_URL": null,
    "SUBSCRIPTION_ID": "cc943344-3e50-4367-928f-79e03a97639d"
  }
}
