{
  "Entries": [
    {
      "RequestUri": "https://management.azure.com/subscriptions/cc943344-3e50-4367-928f-79e03a97639d?api-version=2022-12-01",
      "RequestMethod": "GET",
      "RequestHeaders": {
        "Accept": "application/json",
        "Authorization": "Sanitized",
        "traceparent": "00-6515f0fd503e3792c0772b96e46faae2-3d405a0c4e3491bf-00",
        "User-Agent": "azsdk-net-ResourceManager/1.13.0 (.NET 6.0.33; Microsoft Windows 10.0.22631)",
        "x-ms-client-request-id": "Sanitized",
        "x-ms-return-client-request-id": "true"
      },
      "RequestBody": null,
      "StatusCode": 200,
      "ResponseHeaders": {
        "Cache-Control": "no-cache",
        "Content-Length": "401",
        "Content-Type": "application/json; charset=utf-8",
        "Date": "Tue, 01 Oct 2024 07:22:26 GMT",
        "Expires": "-1",
        "Pragma": "no-cache",
        "Strict-Transport-Security": "max-age=31536000; includeSubDomains",
        "X-Cache": "CONFIG_NOCACHE",
        "X-Content-Type-Options": "nosniff",
        "x-ms-correlation-request-id": "4bbc62eb-0533-4a7a-b0e3-dab71909017b",
        "x-ms-ratelimit-remaining-subscription-reads": "11989",
        "x-ms-request-id": "4bbc62eb-0533-4a7a-b0e3-dab71909017b",
        "x-ms-routing-request-id": "WESTINDIA:20241001T072227Z:4bbc62eb-0533-4a7a-b0e3-dab71909017b",
        "X-MSEdge-Ref": "Ref A: 64BE5FFC7AAE47FE9556EF587199C50B Ref B: MAA201060513033 Ref C: 2024-10-01T07:22:27Z"
      },
      "ResponseBody": {
        "id": "/subscriptions/cc943344-3e50-4367-928f-79e03a97639d",
        "authorizationSource": "RoleBased",
        "managedByTenants": [],
        "subscriptionId": "cc943344-3e50-4367-928f-79e03a97639d",
        "tenantId": "00000000-0000-0000-0000-000000000000",
        "displayName": "ACI Test Automation 1",
        "state": "Enabled",
        "subscriptionPolicies": {
          "locationPlacementId": "Internal_2014-09-01",
          "quotaId": "Internal_2014-09-01",
          "spendingLimit": "Off"
        }
      }
    },
    {
      "RequestUri": "https://management.azure.com/subscriptions/cc943344-3e50-4367-928f-79e03a97639d/resourcegroups/testRg4708?api-version=2022-09-01",
      "RequestMethod": "PUT",
      "RequestHeaders": {
        "Accept": "application/json",
        "Authorization": "Sanitized",
        "Content-Length": "21",
        "Content-Type": "application/json",
        "traceparent": "00-fd0a3967f5118aa3dce4758b8da76cda-acc3b7c282380c69-00",
        "User-Agent": "azsdk-net-ResourceManager/1.13.0 (.NET 6.0.33; Microsoft Windows 10.0.22631)",
        "x-ms-client-request-id": "Sanitized",
        "x-ms-return-client-request-id": "true"
      },
      "RequestBody": {
        "location": "westus"
      },
      "StatusCode": 201,
      "ResponseHeaders": {
        "Cache-Control": "no-cache",
        "Content-Length": "217",
        "Content-Type": "application/json; charset=utf-8",
        "Date": "Tue, 01 Oct 2024 07:22:27 GMT",
        "Expires": "-1",
        "Pragma": "no-cache",
        "Strict-Transport-Security": "max-age=31536000; includeSubDomains",
        "X-Cache": "CONFIG_NOCACHE",
        "X-Content-Type-Options": "nosniff",
        "x-ms-correlation-request-id": "7327b450-8874-4a1d-bc0b-16a48ecb6536",
        "x-ms-ratelimit-remaining-subscription-writes": "1197",
        "x-ms-request-id": "7327b450-8874-4a1d-bc0b-16a48ecb6536",
        "x-ms-routing-request-id": "SOUTHINDIA:20241001T072227Z:7327b450-8874-4a1d-bc0b-16a48ecb6536",
        "X-MSEdge-Ref": "Ref A: 1A491FBCB3C9424B9D71E9F1D34F1212 Ref B: MAA201060513033 Ref C: 2024-10-01T07:22:27Z"
      },
      "ResponseBody": {
        "id": "/subscriptions/cc943344-3e50-4367-928f-79e03a97639d/resourceGroups/testRg4708",
        "name": "testRg4708",
        "type": "Microsoft.Resources/resourceGroups",
        "location": "westus",
        "properties": {
          "provisioningState": "Succeeded"
        }
      }
    },
    {
      "RequestUri": "https://management.azure.com/subscriptions/cc943344-3e50-4367-928f-79e03a97639d/resourceGroups/testRg4708/providers/Microsoft.ContainerInstance/containerGroupProfiles/containergrpcgp15737?api-version=2024-05-01-preview",
      "RequestMethod": "PUT",
      "RequestHeaders": {
        "Accept": "application/json",
        "Authorization": "Sanitized",
        "Content-Length": "967",
        "Content-Type": "application/json",
        "traceparent": "00-afdc7b57854b144017630a8b2d2ab981-42eccf8e962261fc-00",
        "User-Agent": "azsdk-net-ResourceManager.ContainerInstance/1.3.0-alpha.20241001.1 (.NET 6.0.33; Microsoft Windows 10.0.22631)",
        "x-ms-client-request-id": "Sanitized",
        "x-ms-return-client-request-id": "true"
      },
      "RequestBody": {
        "location": "westus",
        "properties": {
          "containers": [
            {
              "name": "containergrpcgp15737",
              "properties": {
                "image": "alpine",
                "command": [
                  "/bin/sh",
                  "-c",
                  "while true; do sleep 10; done"
                ],
                "ports": [
                  {
                    "port": 80
                  }
                ],
                "environmentVariables": [
                  {
                    "name": "secretEnv",
                    "secureValue": "secretValue1"
                  }
                ],
                "resources": {
                  "requests": {
                    "memoryInGB": 1.5,
                    "cpu": 1
                  }
                },
                "livenessProbe": {
                  "exec": {
                    "command": [
                      "ls"
                    ]
                  },
                  "periodSeconds": 20
                }
              }
            }
          ],
          "restartPolicy": "Never",
          "ipAddress": {
            "ports": [
              {
                "protocol": "TCP",
                "port": 80
              }
            ],
            "type": "Public"
          },
          "osType": "Linux",
          "diagnostics": {
            "logAnalytics": {
              "workspaceId": "workspaceid",
              "workspaceKey": "workspacekey"
            }
          },
          "sku": "Standard",
          "encryptionProperties": {
            "vaultBaseUrl": "https://cloudaci-cloudtest.vault.azure.net/",
            "keyName": "testencryptionkey",
            "keyVersion": "804d3f1d5ce2456b9bc3dc9e35aaa67e"
          },
          "initContainers": [
            {
              "name": "containergrpcgp15737init",
              "properties": {
                "image": "alpine",
                "command": [
                  "/bin/sh",
                  "-c",
                  "sleep 5"
                ],
                "environmentVariables": [
                  {
                    "name": "secretEnv",
                    "secureValue": "secretValue1"
                  }
                ]
              }
            }
          ]
        }
      },
      "StatusCode": 201,
      "ResponseHeaders": {
        "Cache-Control": "no-cache",
        "Content-Length": "1151",
        "Content-Type": "application/json; charset=utf-8",
        "Date": "Tue, 01 Oct 2024 07:22:30 GMT",
        "Expires": "-1",
        "Pragma": "no-cache",
        "Strict-Transport-Security": "max-age=31536000; includeSubDomains",
        "X-Cache": "CONFIG_NOCACHE",
        "X-Content-Type-Options": "nosniff",
        "x-ms-correlation-request-id": "af516a5a-1105-4d60-a4a7-7a4898718348",
        "x-ms-ratelimit-remaining-subscription-writes": "1195",
        "x-ms-request-id": "westus:8c572ee0-6c45-4a2b-9995-e1f5d02f445d",
        "x-ms-routing-request-id": "SOUTHINDIA:20241001T072231Z:af516a5a-1105-4d60-a4a7-7a4898718348",
        "X-MSEdge-Ref": "Ref A: 5C21616D43CB4CE9A7F21706F730460D Ref B: MAA201060513033 Ref C: 2024-10-01T07:22:27Z"
      },
      "ResponseBody": {
        "properties": {
          "sku": "Standard",
          "encryptionProperties": {
            "vaultBaseUrl": "https://cloudaci-cloudtest.vault.azure.net/",
            "keyName": "testencryptionkey",
            "keyVersion": "804d3f1d5ce2456b9bc3dc9e35aaa67e"
          },
          "containers": [
            {
              "name": "containergrpcgp15737",
              "properties": {
                "image": "alpine",
                "command": [
                  "/bin/sh",
                  "-c",
                  "while true; do sleep 10; done"
                ],
                "ports": [
                  {
                    "port": 80
                  }
                ],
                "environmentVariables": [
                  {
                    "name": "secretEnv"
                  }
                ],
                "resources": {
                  "requests": {
                    "memoryInGB": 1.5,
                    "cpu": 1.0
                  }
                },
                "livenessProbe": {
                  "exec": {
                    "command": [
                      "ls"
                    ]
                  },
                  "periodSeconds": 20
                }
              }
            }
          ],
          "initContainers": [
            {
              "name": "containergrpcgp15737init",
              "properties": {
                "image": "alpine",
                "command": [
                  "/bin/sh",
                  "-c",
                  "sleep 5"
                ],
                "environmentVariables": [
                  {
                    "name": "secretEnv"
                  }
                ]
              }
            }
          ],
          "restartPolicy": "Never",
          "ipAddress": {
            "ports": [
              {
                "protocol": "TCP",
                "port": 80
              }
            ],
            "type": "Public"
          },
          "osType": "Linux",
          "diagnostics": {
            "logAnalytics": {
              "workspaceId": "workspaceid"
            }
          },
          "revision": 1
        },
        "id": "/subscriptions/cc943344-3e50-4367-928f-79e03a97639d/resourceGroups/testRg4708/providers/Microsoft.ContainerInstance/containerGroupProfiles/containergrpcgp15737",
        "name": "containergrpcgp15737",
        "type": "Microsoft.ContainerInstance/containerGroupProfiles",
        "location": "westus"
      }
    },
    {
      "RequestUri": "https://management.azure.com/subscriptions/cc943344-3e50-4367-928f-79e03a97639d/resourceGroups/testRg4708/providers/Microsoft.ContainerInstance/containerGroupProfiles/containergrpcgp25125?api-version=2024-05-01-preview",
      "RequestMethod": "PUT",
      "RequestHeaders": {
        "Accept": "application/json",
        "Authorization": "Sanitized",
        "Content-Length": "825",
        "Content-Type": "application/json",
        "traceparent": "00-3041fcd8a563ce58eecdea071c8caead-521d9b5d13c5a31b-00",
        "User-Agent": "azsdk-net-ResourceManager.ContainerInstance/1.3.0-alpha.20241001.1 (.NET 6.0.33; Microsoft Windows 10.0.22631)",
        "x-ms-client-request-id": "Sanitized",
        "x-ms-return-client-request-id": "true"
      },
      "RequestBody": {
        "location": "westus",
        "properties": {
          "containers": [
            {
              "name": "containergrpcgp25125",
              "properties": {
                "image": "alpine",
                "command": [
                  "/bin/sh",
                  "-c",
                  "while true; do sleep 10; done"
                ],
                "ports": [
                  {
                    "port": 80
                  }
                ],
                "environmentVariables": [
                  {
                    "name": "secretEnv",
                    "secureValue": "secretValue1"
                  }
                ],
                "resources": {
                  "requests": {
                    "memoryInGB": 1.5,
                    "cpu": 1
                  }
                },
                "livenessProbe": {
                  "exec": {
                    "command": [
                      "ls"
                    ]
                  },
                  "periodSeconds": 20
                }
              }
            }
          ],
          "restartPolicy": "Never",
          "osType": "Linux",
          "sku": "Standard",
          "encryptionProperties": {
            "vaultBaseUrl": "https://cloudaci-cloudtest.vault.azure.net/",
            "keyName": "testencryptionkey",
            "keyVersion": "804d3f1d5ce2456b9bc3dc9e35aaa67e"
          },
          "initContainers": [
            {
              "name": "containergrpcgp25125init",
              "properties": {
                "image": "alpine",
                "command": [
                  "/bin/sh",
                  "-c",
                  "sleep 5"
                ],
                "environmentVariables": [
                  {
                    "name": "secretEnv",
                    "secureValue": "secretValue1"
                  }
                ]
              }
            }
          ],
          "priority": "Spot"
        }
      },
      "StatusCode": 201,
      "ResponseHeaders": {
        "Cache-Control": "no-cache",
        "Content-Length": "1039",
        "Content-Type": "application/json; charset=utf-8",
        "Date": "Tue, 01 Oct 2024 07:22:33 GMT",
        "Expires": "-1",
        "Pragma": "no-cache",
        "Strict-Transport-Security": "max-age=31536000; includeSubDomains",
        "X-Cache": "CONFIG_NOCACHE",
        "X-Content-Type-Options": "nosniff",
        "x-ms-correlation-request-id": "48c59715-1da1-4faf-b0ad-35b6de6ee1f0",
        "x-ms-ratelimit-remaining-subscription-writes": "1195",
        "x-ms-request-id": "westus:621c88f8-7086-42ab-89d3-e4c1de28f39a",
        "x-ms-routing-request-id": "SOUTHINDIA:20241001T072233Z:48c59715-1da1-4faf-b0ad-35b6de6ee1f0",
        "X-MSEdge-Ref": "Ref A: B5E3539FCE2B4633B4325F61F5EB05B7 Ref B: MAA201060513033 Ref C: 2024-10-01T07:22:31Z"
      },
      "ResponseBody": {
        "properties": {
          "sku": "Standard",
          "encryptionProperties": {
            "vaultBaseUrl": "https://cloudaci-cloudtest.vault.azure.net/",
            "keyName": "testencryptionkey",
            "keyVersion": "804d3f1d5ce2456b9bc3dc9e35aaa67e"
          },
          "containers": [
            {
              "name": "containergrpcgp25125",
              "properties": {
                "image": "alpine",
                "command": [
                  "/bin/sh",
                  "-c",
                  "while true; do sleep 10; done"
                ],
                "ports": [
                  {
                    "port": 80
                  }
                ],
                "environmentVariables": [
                  {
                    "name": "secretEnv"
                  }
                ],
                "resources": {
                  "requests": {
                    "memoryInGB": 1.5,
                    "cpu": 1.0
                  }
                },
                "livenessProbe": {
                  "exec": {
                    "command": [
                      "ls"
                    ]
                  },
                  "periodSeconds": 20
                }
              }
            }
          ],
          "initContainers": [
            {
              "name": "containergrpcgp25125init",
              "properties": {
                "image": "alpine",
                "command": [
                  "/bin/sh",
                  "-c",
                  "sleep 5"
                ],
                "environmentVariables": [
                  {
                    "name": "secretEnv"
                  }
                ]
              }
            }
          ],
          "restartPolicy": "Never",
          "osType": "Linux",
          "priority": "Spot",
          "revision": 1
        },
        "id": "/subscriptions/cc943344-3e50-4367-928f-79e03a97639d/resourceGroups/testRg4708/providers/Microsoft.ContainerInstance/containerGroupProfiles/containergrpcgp25125",
        "name": "containergrpcgp25125",
        "type": "Microsoft.ContainerInstance/containerGroupProfiles",
        "location": "westus"
      }
    }
  ],
  "Variables": {
    "RandomSeed": "931424445",
    "RESOURCE_MANAGER_URL": null,
    "SUBSCRIPTION_ID": "cc943344-3e50-4367-928f-79e03a97639d"
  }
}
