{
  "Entries": [
    {
      "RequestUri": "https://management.azure.com/subscriptions/12053b8f-cab5-4f5c-9c1a-870580142abd/resourceGroups/dbaccount-1638/providers/Microsoft.DocumentDB/databaseAccounts/dbaccount-3531?api-version=2023-03-15-preview",
      "RequestMethod": "GET",
      "RequestHeaders": {
        "Accept": "application/json",
        "Authorization": "Sanitized",
        "traceparent": "00-2cfaa0f8b4de74858815a0f92bf63b72-3a28f8ef0a64927e-00",
        "User-Agent": "azsdk-net-ResourceManager.CosmosDB/1.4.1-alpha.20230726.1 (.NET 7.0.9; Microsoft Windows 10.0.23506)",
        "x-ms-client-request-id": "9107cdef2d80dde4c7814280c3949fd0",
        "x-ms-return-client-request-id": "true"
      },
      "RequestBody": null,
      "StatusCode": 200,
      "ResponseHeaders": {
        "Cache-Control": "no-store, no-cache",
        "Content-Length": "2936",
        "Content-Type": "application/json",
        "Date": "Wed, 26 Jul 2023 23:22:38 GMT",
        "Pragma": "no-cache",
        "Server": "Microsoft-HTTPAPI/2.0",
        "Strict-Transport-Security": "max-age=31536000; includeSubDomains",
        "X-Content-Type-Options": "nosniff",
        "x-ms-correlation-request-id": "725e7299-2b94-482e-ae41-63ffafa0c158",
        "x-ms-gatewayversion": "version=2.14.0",
        "x-ms-ratelimit-remaining-subscription-reads": "11984",
        "x-ms-request-id": "725e7299-2b94-482e-ae41-63ffafa0c158",
        "x-ms-routing-request-id": "SOUTHCENTRALUS:20230726T232239Z:725e7299-2b94-482e-ae41-63ffafa0c158"
      },
      "ResponseBody": {
        "id": "/subscriptions/12053b8f-cab5-4f5c-9c1a-870580142abd/resourceGroups/dbaccount-1638/providers/Microsoft.DocumentDB/databaseAccounts/dbaccount-3531",
        "name": "dbaccount-3531",
        "location": "West US 2",
        "type": "Microsoft.DocumentDB/databaseAccounts",
        "kind": "GlobalDocumentDB",
        "tags": {
          "key1": "value1",
          "key2": "value2"
        },
        "systemData": {
          "createdAt": "2023-07-26T23:22:11.7826719Z"
        },
        "properties": {
          "provisioningState": "Succeeded",
          "documentEndpoint": "https://dbaccount-3531.documents.azure.com:443/",
          "gremlinEndpoint": "https://dbaccount-3531.gremlin.cosmos.azure.com:443/",
          "sqlEndpoint": "https://dbaccount-3531.documents.azure.com:443/",
          "publicNetworkAccess": "Enabled",
          "enableAutomaticFailover": false,
          "enableMultipleWriteLocations": false,
          "enablePartitionKeyMonitor": false,
          "isVirtualNetworkFilterEnabled": true,
          "virtualNetworkRules": [],
          "EnabledApiTypes": "Gremlin, Sql",
          "disableKeyBasedMetadataWriteAccess": false,
          "enableFreeTier": false,
          "enableAnalyticalStorage": false,
          "analyticalStorageConfiguration": {
            "schemaType": "WellDefined"
          },
          "instanceId": "17a62aa2-b144-4444-bca5-634a899aa5d3",
          "createMode": "Default",
          "databaseAccountOfferType": "Standard",
          "enableCassandraConnector": false,
          "connectorOffer": "Small",
          "enableMaterializedViews": false,
          "defaultIdentity": "FirstPartyIdentity",
          "networkAclBypass": "None",
          "disableLocalAuth": false,
          "enablePartitionMerge": false,
          "enableBurstCapacity": false,
          "minimalTlsVersion": "Tls",
          "consistencyPolicy": {
            "defaultConsistencyLevel": "BoundedStaleness",
            "maxIntervalInSeconds": 1000,
            "maxStalenessPrefix": 300
          },
          "configurationOverrides": {},
          "writeLocations": [
            {
              "id": "dbaccount-3531-westus",
              "locationName": "West US",
              "documentEndpoint": "https://dbaccount-3531-westus.documents.azure.com:443/",
              "provisioningState": "Succeeded",
              "failoverPriority": 0,
              "isZoneRedundant": false
            }
          ],
          "readLocations": [
            {
              "id": "dbaccount-3531-westus",
              "locationName": "West US",
              "documentEndpoint": "https://dbaccount-3531-westus.documents.azure.com:443/",
              "provisioningState": "Succeeded",
              "failoverPriority": 0,
              "isZoneRedundant": false
            }
          ],
          "locations": [
            {
              "id": "dbaccount-3531-westus",
              "locationName": "West US",
              "documentEndpoint": "https://dbaccount-3531-westus.documents.azure.com:443/",
              "provisioningState": "Succeeded",
              "failoverPriority": 0,
              "isZoneRedundant": false
            }
          ],
          "failoverPolicies": [
            {
              "id": "dbaccount-3531-westus",
              "locationName": "West US",
              "failoverPriority": 0
            }
          ],
          "cors": [],
          "capabilities": [
            {
              "name": "EnableGremlin"
            }
          ],
          "ipRules": [
            {
              "ipAddressOrRange": "23.43.230.120"
            }
          ],
          "backupPolicy": {
            "type": "Continuous",
            "continuousModeProperties": {
              "tier": "Continuous30Days"
            }
          },
          "networkAclBypassResourceIds": [],
          "diagnosticLogSettings": {
            "enableFullTextQuery": "None"
          },
          "keysMetadata": {
            "primaryMasterKey": {
              "generationTime": "2023-07-26T23:22:11.7826719Z"
            },
            "secondaryMasterKey": {
              "generationTime": "2023-07-26T23:22:11.7826719Z"
            },
            "primaryReadonlyMasterKey": {
              "generationTime": "2023-07-26T23:22:11.7826719Z"
            },
            "secondaryReadonlyMasterKey": {
              "generationTime": "2023-07-26T23:22:11.7826719Z"
            }
          }
        },
        "identity": {
          "type": "None"
        }
      }
    },
    {
      "RequestUri": "https://management.azure.com/subscriptions/12053b8f-cab5-4f5c-9c1a-870580142abd/resourceGroups/dbaccount-1638/providers/Microsoft.DocumentDB/databaseAccounts/dbaccount-3531/gremlinDatabases/gremlin-db-5342?api-version=2023-03-15-preview",
      "RequestMethod": "PUT",
      "RequestHeaders": {
        "Accept": "application/json",
        "Authorization": "Sanitized",
        "Content-Length": "111",
        "Content-Type": "application/json",
        "traceparent": "00-baa98ab64ae375347d56a879ef8179af-f0b932d3de54169d-00",
        "User-Agent": "azsdk-net-ResourceManager.CosmosDB/1.4.1-alpha.20230726.1 (.NET 7.0.9; Microsoft Windows 10.0.23506)",
        "x-ms-client-request-id": "894bd7645c5e115cc993f6393be7e5b8",
        "x-ms-return-client-request-id": "true"
      },
      "RequestBody": {
        "tags": {},
        "location": "westus",
        "properties": {
          "resource": {
            "id": "gremlin-db-5342"
          },
          "options": {
            "throughput": 700
          }
        }
      },
      "StatusCode": 202,
      "ResponseHeaders": {
        "Azure-AsyncOperation": "https://management.azure.com/subscriptions/12053b8f-cab5-4f5c-9c1a-870580142abd/providers/Microsoft.DocumentDB/locations/westus2/operationsStatus/198808cb-04e2-47c9-a449-3ea4b3b8851b?api-version=2023-03-15-preview",
        "Cache-Control": "no-store, no-cache",
        "Content-Length": "21",
        "Content-Type": "application/json",
        "Date": "Wed, 26 Jul 2023 23:22:39 GMT",
        "Location": "https://management.azure.com/subscriptions/12053b8f-cab5-4f5c-9c1a-870580142abd/resourceGroups/dbaccount-1638/providers/Microsoft.DocumentDB/databaseAccounts/dbaccount-3531/gremlinDatabases/gremlin-db-5342/operationResults/198808cb-04e2-47c9-a449-3ea4b3b8851b?api-version=2023-03-15-preview",
        "Pragma": "no-cache",
        "Server": "Microsoft-HTTPAPI/2.0",
        "Strict-Transport-Security": "max-age=31536000; includeSubDomains",
        "X-Content-Type-Options": "nosniff",
        "x-ms-correlation-request-id": "2d3041b0-e92e-4060-ac05-e3ed10ab4e78",
        "x-ms-gatewayversion": "version=2.14.0",
        "x-ms-ratelimit-remaining-subscription-writes": "1197",
        "x-ms-request-id": "198808cb-04e2-47c9-a449-3ea4b3b8851b",
        "x-ms-routing-request-id": "SOUTHCENTRALUS:20230726T232240Z:2d3041b0-e92e-4060-ac05-e3ed10ab4e78"
      },
      "ResponseBody": {
        "status": "Enqueued"
      }
    },
    {
      "RequestUri": "https://management.azure.com/subscriptions/12053b8f-cab5-4f5c-9c1a-870580142abd/providers/Microsoft.DocumentDB/locations/westus2/operationsStatus/198808cb-04e2-47c9-a449-3ea4b3b8851b?api-version=2023-03-15-preview",
      "RequestMethod": "GET",
      "RequestHeaders": {
        "Authorization": "Sanitized",
        "traceparent": "00-baa98ab64ae375347d56a879ef8179af-ff5dee6b0099090d-00",
        "User-Agent": "azsdk-net-ResourceManager/1.7.0 (.NET 7.0.9; Microsoft Windows 10.0.23506)",
        "x-ms-client-request-id": "5f956579df437191aa80b69aeda48b99",
        "x-ms-return-client-request-id": "true"
      },
      "RequestBody": null,
      "StatusCode": 200,
      "ResponseHeaders": {
        "Cache-Control": "no-store, no-cache",
        "Content-Length": "21",
        "Content-Type": "application/json",
        "Date": "Wed, 26 Jul 2023 23:22:39 GMT",
        "Pragma": "no-cache",
        "Server": "Microsoft-HTTPAPI/2.0",
        "Strict-Transport-Security": "max-age=31536000; includeSubDomains",
        "X-Content-Type-Options": "nosniff",
        "x-ms-correlation-request-id": "7f395421-06ca-4040-b82a-1066959c3047",
        "x-ms-gatewayversion": "version=2.14.0",
        "x-ms-ratelimit-remaining-subscription-reads": "11983",
        "x-ms-request-id": "7f395421-06ca-4040-b82a-1066959c3047",
        "x-ms-routing-request-id": "SOUTHCENTRALUS:20230726T232240Z:7f395421-06ca-4040-b82a-1066959c3047"
      },
      "ResponseBody": {
        "status": "Enqueued"
      }
    },
    {
      "RequestUri": "https://management.azure.com/subscriptions/12053b8f-cab5-4f5c-9c1a-870580142abd/providers/Microsoft.DocumentDB/locations/westus2/operationsStatus/198808cb-04e2-47c9-a449-3ea4b3b8851b?api-version=2023-03-15-preview",
      "RequestMethod": "GET",
      "RequestHeaders": {
        "Authorization": "Sanitized",
        "traceparent": "00-baa98ab64ae375347d56a879ef8179af-eebc7d57c5fb28cb-00",
        "User-Agent": "azsdk-net-ResourceManager/1.7.0 (.NET 7.0.9; Microsoft Windows 10.0.23506)",
        "x-ms-client-request-id": "7260c85d75fb3de73dacd63bb77ae697",
        "x-ms-return-client-request-id": "true"
      },
      "RequestBody": null,
      "StatusCode": 200,
      "ResponseHeaders": {
        "Cache-Control": "no-store, no-cache",
        "Content-Length": "21",
        "Content-Type": "application/json",
        "Date": "Wed, 26 Jul 2023 23:22:40 GMT",
        "Pragma": "no-cache",
        "Server": "Microsoft-HTTPAPI/2.0",
        "Strict-Transport-Security": "max-age=31536000; includeSubDomains",
        "X-Content-Type-Options": "nosniff",
        "x-ms-correlation-request-id": "6804c595-2425-4d1f-8b1a-9ace459ea8fe",
        "x-ms-gatewayversion": "version=2.14.0",
        "x-ms-ratelimit-remaining-subscription-reads": "11982",
        "x-ms-request-id": "6804c595-2425-4d1f-8b1a-9ace459ea8fe",
        "x-ms-routing-request-id": "SOUTHCENTRALUS:20230726T232241Z:6804c595-2425-4d1f-8b1a-9ace459ea8fe"
      },
      "ResponseBody": {
        "status": "Enqueued"
      }
    },
    {
      "RequestUri": "https://management.azure.com/subscriptions/12053b8f-cab5-4f5c-9c1a-870580142abd/providers/Microsoft.DocumentDB/locations/westus2/operationsStatus/198808cb-04e2-47c9-a449-3ea4b3b8851b?api-version=2023-03-15-preview",
      "RequestMethod": "GET",
      "RequestHeaders": {
        "Authorization": "Sanitized",
        "traceparent": "00-baa98ab64ae375347d56a879ef8179af-9d62939f3dee46a9-00",
        "User-Agent": "azsdk-net-ResourceManager/1.7.0 (.NET 7.0.9; Microsoft Windows 10.0.23506)",
        "x-ms-client-request-id": "d6c02eaf855283749032b03a6fffb10f",
        "x-ms-return-client-request-id": "true"
      },
      "RequestBody": null,
      "StatusCode": 200,
      "ResponseHeaders": {
        "Cache-Control": "no-store, no-cache",
        "Content-Length": "21",
        "Content-Type": "application/json",
        "Date": "Wed, 26 Jul 2023 23:22:41 GMT",
        "Pragma": "no-cache",
        "Server": "Microsoft-HTTPAPI/2.0",
        "Strict-Transport-Security": "max-age=31536000; includeSubDomains",
        "X-Content-Type-Options": "nosniff",
        "x-ms-correlation-request-id": "ad2a1c78-f191-44b9-9c02-1e4ecd8c5ecf",
        "x-ms-gatewayversion": "version=2.14.0",
        "x-ms-ratelimit-remaining-subscription-reads": "11981",
        "x-ms-request-id": "ad2a1c78-f191-44b9-9c02-1e4ecd8c5ecf",
        "x-ms-routing-request-id": "SOUTHCENTRALUS:20230726T232242Z:ad2a1c78-f191-44b9-9c02-1e4ecd8c5ecf"
      },
      "ResponseBody": {
        "status": "Enqueued"
      }
    },
    {
      "RequestUri": "https://management.azure.com/subscriptions/12053b8f-cab5-4f5c-9c1a-870580142abd/providers/Microsoft.DocumentDB/locations/westus2/operationsStatus/198808cb-04e2-47c9-a449-3ea4b3b8851b?api-version=2023-03-15-preview",
      "RequestMethod": "GET",
      "RequestHeaders": {
        "Authorization": "Sanitized",
        "traceparent": "00-baa98ab64ae375347d56a879ef8179af-18b39da5f881e16f-00",
        "User-Agent": "azsdk-net-ResourceManager/1.7.0 (.NET 7.0.9; Microsoft Windows 10.0.23506)",
        "x-ms-client-request-id": "63850b9671d204cd7d5721970955ba2f",
        "x-ms-return-client-request-id": "true"
      },
      "RequestBody": null,
      "StatusCode": 200,
      "ResponseHeaders": {
        "Cache-Control": "no-store, no-cache",
        "Content-Length": "21",
        "Content-Type": "application/json",
        "Date": "Wed, 26 Jul 2023 23:22:42 GMT",
        "Pragma": "no-cache",
        "Server": "Microsoft-HTTPAPI/2.0",
        "Strict-Transport-Security": "max-age=31536000; includeSubDomains",
        "X-Content-Type-Options": "nosniff",
        "x-ms-correlation-request-id": "b97741a5-c9a9-4be1-9f07-97674c3e9bf9",
        "x-ms-gatewayversion": "version=2.14.0",
        "x-ms-ratelimit-remaining-subscription-reads": "11980",
        "x-ms-request-id": "b97741a5-c9a9-4be1-9f07-97674c3e9bf9",
        "x-ms-routing-request-id": "SOUTHCENTRALUS:20230726T232243Z:b97741a5-c9a9-4be1-9f07-97674c3e9bf9"
      },
      "ResponseBody": {
        "status": "Enqueued"
      }
    },
    {
      "RequestUri": "https://management.azure.com/subscriptions/12053b8f-cab5-4f5c-9c1a-870580142abd/providers/Microsoft.DocumentDB/locations/westus2/operationsStatus/198808cb-04e2-47c9-a449-3ea4b3b8851b?api-version=2023-03-15-preview",
      "RequestMethod": "GET",
      "RequestHeaders": {
        "Authorization": "Sanitized",
        "traceparent": "00-baa98ab64ae375347d56a879ef8179af-f038e79f04b89b68-00",
        "User-Agent": "azsdk-net-ResourceManager/1.7.0 (.NET 7.0.9; Microsoft Windows 10.0.23506)",
        "x-ms-client-request-id": "bfea1f9ab5e3d84753dde2c8c5accd3e",
        "x-ms-return-client-request-id": "true"
      },
      "RequestBody": null,
      "StatusCode": 200,
      "ResponseHeaders": {
        "Cache-Control": "no-store, no-cache",
        "Content-Length": "21",
        "Content-Type": "application/json",
        "Date": "Wed, 26 Jul 2023 23:22:44 GMT",
        "Pragma": "no-cache",
        "Server": "Microsoft-HTTPAPI/2.0",
        "Strict-Transport-Security": "max-age=31536000; includeSubDomains",
        "X-Content-Type-Options": "nosniff",
        "x-ms-correlation-request-id": "fb9eea55-fb03-4882-8ea4-474a326766d2",
        "x-ms-gatewayversion": "version=2.14.0",
        "x-ms-ratelimit-remaining-subscription-reads": "11979",
        "x-ms-request-id": "fb9eea55-fb03-4882-8ea4-474a326766d2",
        "x-ms-routing-request-id": "SOUTHCENTRALUS:20230726T232245Z:fb9eea55-fb03-4882-8ea4-474a326766d2"
      },
      "ResponseBody": {
        "status": "Dequeued"
      }
    },
    {
      "RequestUri": "https://management.azure.com/subscriptions/12053b8f-cab5-4f5c-9c1a-870580142abd/providers/Microsoft.DocumentDB/locations/westus2/operationsStatus/198808cb-04e2-47c9-a449-3ea4b3b8851b?api-version=2023-03-15-preview",
      "RequestMethod": "GET",
      "RequestHeaders": {
        "Authorization": "Sanitized",
        "traceparent": "00-baa98ab64ae375347d56a879ef8179af-4795fca50ca3ddd7-00",
        "User-Agent": "azsdk-net-ResourceManager/1.7.0 (.NET 7.0.9; Microsoft Windows 10.0.23506)",
        "x-ms-client-request-id": "aca4c6fa82f53ec461bc58fa63dd793a",
        "x-ms-return-client-request-id": "true"
      },
      "RequestBody": null,
      "StatusCode": 200,
      "ResponseHeaders": {
        "Cache-Control": "no-store, no-cache",
        "Content-Length": "21",
        "Content-Type": "application/json",
        "Date": "Wed, 26 Jul 2023 23:22:48 GMT",
        "Pragma": "no-cache",
        "Server": "Microsoft-HTTPAPI/2.0",
        "Strict-Transport-Security": "max-age=31536000; includeSubDomains",
        "X-Content-Type-Options": "nosniff",
        "x-ms-correlation-request-id": "b6114cfe-6e7a-4fda-a4a6-cf7eb3ac34ed",
        "x-ms-gatewayversion": "version=2.14.0",
        "x-ms-ratelimit-remaining-subscription-reads": "11978",
        "x-ms-request-id": "b6114cfe-6e7a-4fda-a4a6-cf7eb3ac34ed",
        "x-ms-routing-request-id": "SOUTHCENTRALUS:20230726T232249Z:b6114cfe-6e7a-4fda-a4a6-cf7eb3ac34ed"
      },
      "ResponseBody": {
        "status": "Dequeued"
      }
    },
    {
      "RequestUri": "https://management.azure.com/subscriptions/12053b8f-cab5-4f5c-9c1a-870580142abd/providers/Microsoft.DocumentDB/locations/westus2/operationsStatus/198808cb-04e2-47c9-a449-3ea4b3b8851b?api-version=2023-03-15-preview",
      "RequestMethod": "GET",
      "RequestHeaders": {
        "Authorization": "Sanitized",
        "traceparent": "00-baa98ab64ae375347d56a879ef8179af-5111ac4b2b52f2e2-00",
        "User-Agent": "azsdk-net-ResourceManager/1.7.0 (.NET 7.0.9; Microsoft Windows 10.0.23506)",
        "x-ms-client-request-id": "50a08078f214e12cc3ac0ff58e043ed1",
        "x-ms-return-client-request-id": "true"
      },
      "RequestBody": null,
      "StatusCode": 200,
      "ResponseHeaders": {
        "Cache-Control": "no-store, no-cache",
        "Content-Length": "22",
        "Content-Type": "application/json",
        "Date": "Wed, 26 Jul 2023 23:22:56 GMT",
        "Pragma": "no-cache",
        "Server": "Microsoft-HTTPAPI/2.0",
        "Strict-Transport-Security": "max-age=31536000; includeSubDomains",
        "X-Content-Type-Options": "nosniff",
        "x-ms-correlation-request-id": "3c27ed48-b2ae-4c15-9e57-31afcdc81e47",
        "x-ms-gatewayversion": "version=2.14.0",
        "x-ms-ratelimit-remaining-subscription-reads": "11977",
        "x-ms-request-id": "3c27ed48-b2ae-4c15-9e57-31afcdc81e47",
        "x-ms-routing-request-id": "SOUTHCENTRALUS:20230726T232257Z:3c27ed48-b2ae-4c15-9e57-31afcdc81e47"
      },
      "ResponseBody": {
        "status": "Succeeded"
      }
    },
    {
      "RequestUri": "https://management.azure.com/subscriptions/12053b8f-cab5-4f5c-9c1a-870580142abd/resourceGroups/dbaccount-1638/providers/Microsoft.DocumentDB/databaseAccounts/dbaccount-3531/gremlinDatabases/gremlin-db-5342?api-version=2023-03-15-preview",
      "RequestMethod": "GET",
      "RequestHeaders": {
        "Authorization": "Sanitized",
        "traceparent": "00-baa98ab64ae375347d56a879ef8179af-4b5ab768a7a665e3-00",
        "User-Agent": "azsdk-net-ResourceManager/1.7.0 (.NET 7.0.9; Microsoft Windows 10.0.23506)",
        "x-ms-client-request-id": "439ce3890db1173a5aac5e275c4c7575",
        "x-ms-return-client-request-id": "true"
      },
      "RequestBody": null,
      "StatusCode": 200,
      "ResponseHeaders": {
        "Cache-Control": "no-store, no-cache",
        "Content-Length": "472",
        "Content-Type": "application/json",
        "Date": "Wed, 26 Jul 2023 23:22:57 GMT",
        "Pragma": "no-cache",
        "Server": "Microsoft-HTTPAPI/2.0",
        "Strict-Transport-Security": "max-age=31536000; includeSubDomains",
        "X-Content-Type-Options": "nosniff",
        "x-ms-correlation-request-id": "ac8bc7cc-7aaa-45a7-a512-62ef07e6d7da",
        "x-ms-gatewayversion": "version=2.14.0",
        "x-ms-ratelimit-remaining-subscription-reads": "11976",
        "x-ms-request-id": "ac8bc7cc-7aaa-45a7-a512-62ef07e6d7da",
        "x-ms-routing-request-id": "SOUTHCENTRALUS:20230726T232258Z:ac8bc7cc-7aaa-45a7-a512-62ef07e6d7da"
      },
      "ResponseBody": {
        "id": "/subscriptions/12053b8f-cab5-4f5c-9c1a-870580142abd/resourceGroups/dbaccount-1638/providers/Microsoft.DocumentDB/databaseAccounts/dbaccount-3531/gremlinDatabases/gremlin-db-5342",
        "type": "Microsoft.DocumentDB/databaseAccounts/gremlinDatabases",
        "name": "gremlin-db-5342",
        "properties": {
          "resource": {
            "id": "gremlin-db-5342",
            "_rid": "lbpjAA==",
            "_self": "dbs/lbpjAA==/",
            "_etag": "\u002200000404-0000-0700-0000-64c1aac80000\u0022",
            "_colls": "colls/",
            "_users": "users/",
            "_ts": 1690413768
          }
        }
      }
    },
    {
      "RequestUri": "https://management.azure.com/subscriptions/12053b8f-cab5-4f5c-9c1a-870580142abd/resourceGroups/dbaccount-1638/providers/Microsoft.DocumentDB/databaseAccounts/dbaccount-3531/gremlinDatabases/gremlin-db-5342?api-version=2023-03-15-preview",
      "RequestMethod": "GET",
      "RequestHeaders": {
        "Accept": "application/json",
        "Authorization": "Sanitized",
        "traceparent": "00-f5cd0570b14381d092956cfdd91ee303-3c3ca8144a38e4b2-00",
        "User-Agent": "azsdk-net-ResourceManager.CosmosDB/1.4.1-alpha.20230726.1 (.NET 7.0.9; Microsoft Windows 10.0.23506)",
        "x-ms-client-request-id": "4450a8637d0c07299ac3e84872cfaf5c",
        "x-ms-return-client-request-id": "true"
      },
      "RequestBody": null,
      "StatusCode": 200,
      "ResponseHeaders": {
        "Cache-Control": "no-store, no-cache",
        "Content-Length": "472",
        "Content-Type": "application/json",
        "Date": "Wed, 26 Jul 2023 23:22:57 GMT",
        "Pragma": "no-cache",
        "Server": "Microsoft-HTTPAPI/2.0",
        "Strict-Transport-Security": "max-age=31536000; includeSubDomains",
        "X-Content-Type-Options": "nosniff",
        "x-ms-correlation-request-id": "5e2715c7-0e61-4ba8-bc56-108d6ff0f317",
        "x-ms-gatewayversion": "version=2.14.0",
        "x-ms-ratelimit-remaining-subscription-reads": "11975",
        "x-ms-request-id": "5e2715c7-0e61-4ba8-bc56-108d6ff0f317",
        "x-ms-routing-request-id": "SOUTHCENTRALUS:20230726T232258Z:5e2715c7-0e61-4ba8-bc56-108d6ff0f317"
      },
      "ResponseBody": {
        "id": "/subscriptions/12053b8f-cab5-4f5c-9c1a-870580142abd/resourceGroups/dbaccount-1638/providers/Microsoft.DocumentDB/databaseAccounts/dbaccount-3531/gremlinDatabases/gremlin-db-5342",
        "type": "Microsoft.DocumentDB/databaseAccounts/gremlinDatabases",
        "name": "gremlin-db-5342",
        "properties": {
          "resource": {
            "id": "gremlin-db-5342",
            "_rid": "lbpjAA==",
            "_self": "dbs/lbpjAA==/",
            "_etag": "\u002200000404-0000-0700-0000-64c1aac80000\u0022",
            "_colls": "colls/",
            "_users": "users/",
            "_ts": 1690413768
          }
        }
      }
    },
    {
      "RequestUri": "https://management.azure.com/subscriptions/12053b8f-cab5-4f5c-9c1a-870580142abd/resourceGroups/dbaccount-1638/providers/Microsoft.DocumentDB/databaseAccounts/dbaccount-3531/gremlinDatabases/gremlin-db-5342?api-version=2023-03-15-preview",
      "RequestMethod": "GET",
      "RequestHeaders": {
        "Accept": "application/json",
        "Authorization": "Sanitized",
        "traceparent": "00-fa4329fc3097e1f20308a65e6c4e2c79-afb7a30c8825b6c8-00",
        "User-Agent": "azsdk-net-ResourceManager.CosmosDB/1.4.1-alpha.20230726.1 (.NET 7.0.9; Microsoft Windows 10.0.23506)",
        "x-ms-client-request-id": "8071877d35416a894588f56794048577",
        "x-ms-return-client-request-id": "true"
      },
      "RequestBody": null,
      "StatusCode": 200,
      "ResponseHeaders": {
        "Cache-Control": "no-store, no-cache",
        "Content-Length": "472",
        "Content-Type": "application/json",
        "Date": "Wed, 26 Jul 2023 23:22:58 GMT",
        "Pragma": "no-cache",
        "Server": "Microsoft-HTTPAPI/2.0",
        "Strict-Transport-Security": "max-age=31536000; includeSubDomains",
        "X-Content-Type-Options": "nosniff",
        "x-ms-correlation-request-id": "d6b84f1e-bc2f-40b7-b65c-e5c639d9c105",
        "x-ms-gatewayversion": "version=2.14.0",
        "x-ms-ratelimit-remaining-subscription-reads": "11974",
        "x-ms-request-id": "d6b84f1e-bc2f-40b7-b65c-e5c639d9c105",
        "x-ms-routing-request-id": "SOUTHCENTRALUS:20230726T232258Z:d6b84f1e-bc2f-40b7-b65c-e5c639d9c105"
      },
      "ResponseBody": {
        "id": "/subscriptions/12053b8f-cab5-4f5c-9c1a-870580142abd/resourceGroups/dbaccount-1638/providers/Microsoft.DocumentDB/databaseAccounts/dbaccount-3531/gremlinDatabases/gremlin-db-5342",
        "type": "Microsoft.DocumentDB/databaseAccounts/gremlinDatabases",
        "name": "gremlin-db-5342",
        "properties": {
          "resource": {
            "id": "gremlin-db-5342",
            "_rid": "lbpjAA==",
            "_self": "dbs/lbpjAA==/",
            "_etag": "\u002200000404-0000-0700-0000-64c1aac80000\u0022",
            "_colls": "colls/",
            "_users": "users/",
            "_ts": 1690413768
          }
        }
      }
    },
    {
      "RequestUri": "https://management.azure.com/subscriptions/12053b8f-cab5-4f5c-9c1a-870580142abd/resourceGroups/dbaccount-1638/providers/Microsoft.DocumentDB/databaseAccounts/dbaccount-3531/gremlinDatabases/gremlin-db-5342?api-version=2023-03-15-preview",
      "RequestMethod": "PUT",
      "RequestHeaders": {
        "Accept": "application/json",
        "Authorization": "Sanitized",
        "Content-Length": "112",
        "Content-Type": "application/json",
        "traceparent": "00-7f04ad5ffe908cae06e32931dc4fe847-c7f3c42603851051-00",
        "User-Agent": "azsdk-net-ResourceManager.CosmosDB/1.4.1-alpha.20230726.1 (.NET 7.0.9; Microsoft Windows 10.0.23506)",
        "x-ms-client-request-id": "e6919a37f9b40cc4b994a9ed25f2a48a",
        "x-ms-return-client-request-id": "true"
      },
      "RequestBody": {
        "tags": {},
        "location": "westus",
        "properties": {
          "resource": {
            "id": "gremlin-db-5342"
          },
          "options": {
            "throughput": 1000
          }
        }
      },
      "StatusCode": 202,
      "ResponseHeaders": {
        "Azure-AsyncOperation": "https://management.azure.com/subscriptions/12053b8f-cab5-4f5c-9c1a-870580142abd/providers/Microsoft.DocumentDB/locations/westus2/operationsStatus/3ee2eb08-4612-44f7-870e-055654985f2c?api-version=2023-03-15-preview",
        "Cache-Control": "no-store, no-cache",
        "Content-Length": "21",
        "Content-Type": "application/json",
        "Date": "Wed, 26 Jul 2023 23:22:58 GMT",
        "Location": "https://management.azure.com/subscriptions/12053b8f-cab5-4f5c-9c1a-870580142abd/resourceGroups/dbaccount-1638/providers/Microsoft.DocumentDB/databaseAccounts/dbaccount-3531/gremlinDatabases/gremlin-db-5342/operationResults/3ee2eb08-4612-44f7-870e-055654985f2c?api-version=2023-03-15-preview",
        "Pragma": "no-cache",
        "Server": "Microsoft-HTTPAPI/2.0",
        "Strict-Transport-Security": "max-age=31536000; includeSubDomains",
        "X-Content-Type-Options": "nosniff",
        "x-ms-correlation-request-id": "9b4832d7-b7e1-41a5-9ec8-9f6140358fe2",
        "x-ms-gatewayversion": "version=2.14.0",
        "x-ms-ratelimit-remaining-subscription-writes": "1196",
        "x-ms-request-id": "3ee2eb08-4612-44f7-870e-055654985f2c",
        "x-ms-routing-request-id": "SOUTHCENTRALUS:20230726T232259Z:9b4832d7-b7e1-41a5-9ec8-9f6140358fe2"
      },
      "ResponseBody": {
        "status": "Enqueued"
      }
    },
    {
      "RequestUri": "https://management.azure.com/subscriptions/12053b8f-cab5-4f5c-9c1a-870580142abd/providers/Microsoft.DocumentDB/locations/westus2/operationsStatus/3ee2eb08-4612-44f7-870e-055654985f2c?api-version=2023-03-15-preview",
      "RequestMethod": "GET",
      "RequestHeaders": {
        "Authorization": "Sanitized",
        "User-Agent": "azsdk-net-ResourceManager/1.7.0 (.NET 7.0.9; Microsoft Windows 10.0.23506)",
        "x-ms-client-request-id": "d810703ec83e83a7c264c6ac8c9b4553",
        "x-ms-return-client-request-id": "true"
      },
      "RequestBody": null,
      "StatusCode": 200,
      "ResponseHeaders": {
        "Cache-Control": "no-store, no-cache",
        "Content-Length": "21",
        "Content-Type": "application/json",
        "Date": "Wed, 26 Jul 2023 23:22:58 GMT",
        "Pragma": "no-cache",
        "Server": "Microsoft-HTTPAPI/2.0",
        "Strict-Transport-Security": "max-age=31536000; includeSubDomains",
        "X-Content-Type-Options": "nosniff",
        "x-ms-correlation-request-id": "95dee5bf-ead1-4d78-8889-5f06e0abbd8e",
        "x-ms-gatewayversion": "version=2.14.0",
        "x-ms-ratelimit-remaining-subscription-reads": "11973",
        "x-ms-request-id": "95dee5bf-ead1-4d78-8889-5f06e0abbd8e",
        "x-ms-routing-request-id": "SOUTHCENTRALUS:20230726T232259Z:95dee5bf-ead1-4d78-8889-5f06e0abbd8e"
      },
      "ResponseBody": {
        "status": "Enqueued"
      }
    },
    {
      "RequestUri": "https://management.azure.com/subscriptions/12053b8f-cab5-4f5c-9c1a-870580142abd/providers/Microsoft.DocumentDB/locations/westus2/operationsStatus/3ee2eb08-4612-44f7-870e-055654985f2c?api-version=2023-03-15-preview",
      "RequestMethod": "GET",
      "RequestHeaders": {
        "Authorization": "Sanitized",
        "User-Agent": "azsdk-net-ResourceManager/1.7.0 (.NET 7.0.9; Microsoft Windows 10.0.23506)",
        "x-ms-client-request-id": "926a6be4b05a429d6563c8cffa4084f7",
        "x-ms-return-client-request-id": "true"
      },
      "RequestBody": null,
      "StatusCode": 200,
      "ResponseHeaders": {
        "Cache-Control": "no-store, no-cache",
        "Content-Length": "21",
        "Content-Type": "application/json",
        "Date": "Wed, 26 Jul 2023 23:22:59 GMT",
        "Pragma": "no-cache",
        "Server": "Microsoft-HTTPAPI/2.0",
        "Strict-Transport-Security": "max-age=31536000; includeSubDomains",
        "X-Content-Type-Options": "nosniff",
        "x-ms-correlation-request-id": "594c0969-50f0-42a8-bee6-d7e17481527d",
        "x-ms-gatewayversion": "version=2.14.0",
        "x-ms-ratelimit-remaining-subscription-reads": "11972",
        "x-ms-request-id": "594c0969-50f0-42a8-bee6-d7e17481527d",
        "x-ms-routing-request-id": "SOUTHCENTRALUS:20230726T232300Z:594c0969-50f0-42a8-bee6-d7e17481527d"
      },
      "ResponseBody": {
        "status": "Enqueued"
      }
    },
    {
      "RequestUri": "https://management.azure.com/subscriptions/12053b8f-cab5-4f5c-9c1a-870580142abd/providers/Microsoft.DocumentDB/locations/westus2/operationsStatus/3ee2eb08-4612-44f7-870e-055654985f2c?api-version=2023-03-15-preview",
      "RequestMethod": "GET",
      "RequestHeaders": {
        "Authorization": "Sanitized",
        "User-Agent": "azsdk-net-ResourceManager/1.7.0 (.NET 7.0.9; Microsoft Windows 10.0.23506)",
        "x-ms-client-request-id": "b4af1321cbe1354b5a2611752e88a183",
        "x-ms-return-client-request-id": "true"
      },
      "RequestBody": null,
      "StatusCode": 200,
      "ResponseHeaders": {
        "Cache-Control": "no-store, no-cache",
        "Content-Length": "21",
        "Content-Type": "application/json",
        "Date": "Wed, 26 Jul 2023 23:23:00 GMT",
        "Pragma": "no-cache",
        "Server": "Microsoft-HTTPAPI/2.0",
        "Strict-Transport-Security": "max-age=31536000; includeSubDomains",
        "X-Content-Type-Options": "nosniff",
        "x-ms-correlation-request-id": "04baa3d8-a557-4823-872b-4a3fe7ddb410",
        "x-ms-gatewayversion": "version=2.14.0",
        "x-ms-ratelimit-remaining-subscription-reads": "11971",
        "x-ms-request-id": "04baa3d8-a557-4823-872b-4a3fe7ddb410",
        "x-ms-routing-request-id": "SOUTHCENTRALUS:20230726T232301Z:04baa3d8-a557-4823-872b-4a3fe7ddb410"
      },
      "ResponseBody": {
        "status": "Enqueued"
      }
    },
    {
      "RequestUri": "https://management.azure.com/subscriptions/12053b8f-cab5-4f5c-9c1a-870580142abd/providers/Microsoft.DocumentDB/locations/westus2/operationsStatus/3ee2eb08-4612-44f7-870e-055654985f2c?api-version=2023-03-15-preview",
      "RequestMethod": "GET",
      "RequestHeaders": {
        "Authorization": "Sanitized",
        "User-Agent": "azsdk-net-ResourceManager/1.7.0 (.NET 7.0.9; Microsoft Windows 10.0.23506)",
        "x-ms-client-request-id": "1c9fab9fe0578d3bd3ce72db00d78882",
        "x-ms-return-client-request-id": "true"
      },
      "RequestBody": null,
      "StatusCode": 200,
      "ResponseHeaders": {
        "Cache-Control": "no-store, no-cache",
        "Content-Length": "21",
        "Content-Type": "application/json",
        "Date": "Wed, 26 Jul 2023 23:23:01 GMT",
        "Pragma": "no-cache",
        "Server": "Microsoft-HTTPAPI/2.0",
        "Strict-Transport-Security": "max-age=31536000; includeSubDomains",
        "X-Content-Type-Options": "nosniff",
        "x-ms-correlation-request-id": "917de416-2f57-47eb-8bcb-936b4bb3e4de",
        "x-ms-gatewayversion": "version=2.14.0",
        "x-ms-ratelimit-remaining-subscription-reads": "11970",
        "x-ms-request-id": "917de416-2f57-47eb-8bcb-936b4bb3e4de",
        "x-ms-routing-request-id": "SOUTHCENTRALUS:20230726T232302Z:917de416-2f57-47eb-8bcb-936b4bb3e4de"
      },
      "ResponseBody": {
        "status": "Dequeued"
      }
    },
    {
      "RequestUri": "https://management.azure.com/subscriptions/12053b8f-cab5-4f5c-9c1a-870580142abd/providers/Microsoft.DocumentDB/locations/westus2/operationsStatus/3ee2eb08-4612-44f7-870e-055654985f2c?api-version=2023-03-15-preview",
      "RequestMethod": "GET",
      "RequestHeaders": {
        "Authorization": "Sanitized",
        "User-Agent": "azsdk-net-ResourceManager/1.7.0 (.NET 7.0.9; Microsoft Windows 10.0.23506)",
        "x-ms-client-request-id": "788bcfe091eb18721f3438349e2714dd",
        "x-ms-return-client-request-id": "true"
      },
      "RequestBody": null,
      "StatusCode": 200,
      "ResponseHeaders": {
        "Cache-Control": "no-store, no-cache",
        "Content-Length": "21",
        "Content-Type": "application/json",
        "Date": "Wed, 26 Jul 2023 23:23:04 GMT",
        "Pragma": "no-cache",
        "Server": "Microsoft-HTTPAPI/2.0",
        "Strict-Transport-Security": "max-age=31536000; includeSubDomains",
        "X-Content-Type-Options": "nosniff",
        "x-ms-correlation-request-id": "2ab00a84-fa92-443c-924f-4a4483024e4c",
        "x-ms-gatewayversion": "version=2.14.0",
        "x-ms-ratelimit-remaining-subscription-reads": "11969",
        "x-ms-request-id": "2ab00a84-fa92-443c-924f-4a4483024e4c",
        "x-ms-routing-request-id": "SOUTHCENTRALUS:20230726T232304Z:2ab00a84-fa92-443c-924f-4a4483024e4c"
      },
      "ResponseBody": {
        "status": "Dequeued"
      }
    },
    {
      "RequestUri": "https://management.azure.com/subscriptions/12053b8f-cab5-4f5c-9c1a-870580142abd/providers/Microsoft.DocumentDB/locations/westus2/operationsStatus/3ee2eb08-4612-44f7-870e-055654985f2c?api-version=2023-03-15-preview",
      "RequestMethod": "GET",
      "RequestHeaders": {
        "Authorization": "Sanitized",
        "User-Agent": "azsdk-net-ResourceManager/1.7.0 (.NET 7.0.9; Microsoft Windows 10.0.23506)",
        "x-ms-client-request-id": "4f3044c268a1409fd821e01258703582",
        "x-ms-return-client-request-id": "true"
      },
      "RequestBody": null,
      "StatusCode": 200,
      "ResponseHeaders": {
        "Cache-Control": "no-store, no-cache",
        "Content-Length": "21",
        "Content-Type": "application/json",
        "Date": "Wed, 26 Jul 2023 23:23:08 GMT",
        "Pragma": "no-cache",
        "Server": "Microsoft-HTTPAPI/2.0",
        "Strict-Transport-Security": "max-age=31536000; includeSubDomains",
        "X-Content-Type-Options": "nosniff",
        "x-ms-correlation-request-id": "39c94aa7-a5d8-4018-b8e1-bc5aea36ea31",
        "x-ms-gatewayversion": "version=2.14.0",
        "x-ms-ratelimit-remaining-subscription-reads": "11968",
        "x-ms-request-id": "39c94aa7-a5d8-4018-b8e1-bc5aea36ea31",
        "x-ms-routing-request-id": "SOUTHCENTRALUS:20230726T232308Z:39c94aa7-a5d8-4018-b8e1-bc5aea36ea31"
      },
      "ResponseBody": {
        "status": "Dequeued"
      }
    },
    {
      "RequestUri": "https://management.azure.com/subscriptions/12053b8f-cab5-4f5c-9c1a-870580142abd/providers/Microsoft.DocumentDB/locations/westus2/operationsStatus/3ee2eb08-4612-44f7-870e-055654985f2c?api-version=2023-03-15-preview",
      "RequestMethod": "GET",
      "RequestHeaders": {
        "Authorization": "Sanitized",
        "User-Agent": "azsdk-net-ResourceManager/1.7.0 (.NET 7.0.9; Microsoft Windows 10.0.23506)",
        "x-ms-client-request-id": "5f958f9d28fd0d973886fd23a806efac",
        "x-ms-return-client-request-id": "true"
      },
      "RequestBody": null,
      "StatusCode": 200,
      "ResponseHeaders": {
        "Cache-Control": "no-store, no-cache",
        "Content-Length": "22",
        "Content-Type": "application/json",
        "Date": "Wed, 26 Jul 2023 23:23:16 GMT",
        "Pragma": "no-cache",
        "Server": "Microsoft-HTTPAPI/2.0",
        "Strict-Transport-Security": "max-age=31536000; includeSubDomains",
        "X-Content-Type-Options": "nosniff",
        "x-ms-correlation-request-id": "2eb4d43e-ce8d-4835-becb-c9c86799b4bf",
        "x-ms-gatewayversion": "version=2.14.0",
        "x-ms-ratelimit-remaining-subscription-reads": "11967",
        "x-ms-request-id": "2eb4d43e-ce8d-4835-becb-c9c86799b4bf",
        "x-ms-routing-request-id": "SOUTHCENTRALUS:20230726T232316Z:2eb4d43e-ce8d-4835-becb-c9c86799b4bf"
      },
      "ResponseBody": {
        "status": "Succeeded"
      }
    },
    {
      "RequestUri": "https://management.azure.com/subscriptions/12053b8f-cab5-4f5c-9c1a-870580142abd/resourceGroups/dbaccount-1638/providers/Microsoft.DocumentDB/databaseAccounts/dbaccount-3531/gremlinDatabases/gremlin-db-5342?api-version=2023-03-15-preview",
      "RequestMethod": "GET",
      "RequestHeaders": {
        "Authorization": "Sanitized",
        "User-Agent": "azsdk-net-ResourceManager/1.7.0 (.NET 7.0.9; Microsoft Windows 10.0.23506)",
        "x-ms-client-request-id": "bb1895b939a778e02f4a9fc9b05fbfae",
        "x-ms-return-client-request-id": "true"
      },
      "RequestBody": null,
      "StatusCode": 200,
      "ResponseHeaders": {
        "Cache-Control": "no-store, no-cache",
        "Content-Length": "472",
        "Content-Type": "application/json",
        "Date": "Wed, 26 Jul 2023 23:23:16 GMT",
        "Pragma": "no-cache",
        "Server": "Microsoft-HTTPAPI/2.0",
        "Strict-Transport-Security": "max-age=31536000; includeSubDomains",
        "X-Content-Type-Options": "nosniff",
        "x-ms-correlation-request-id": "df4e0c57-370d-4449-b015-c7fb015c2c11",
        "x-ms-gatewayversion": "version=2.14.0",
        "x-ms-ratelimit-remaining-subscription-reads": "11966",
        "x-ms-request-id": "df4e0c57-370d-4449-b015-c7fb015c2c11",
        "x-ms-routing-request-id": "SOUTHCENTRALUS:20230726T232317Z:df4e0c57-370d-4449-b015-c7fb015c2c11"
      },
      "ResponseBody": {
        "id": "/subscriptions/12053b8f-cab5-4f5c-9c1a-870580142abd/resourceGroups/dbaccount-1638/providers/Microsoft.DocumentDB/databaseAccounts/dbaccount-3531/gremlinDatabases/gremlin-db-5342",
        "type": "Microsoft.DocumentDB/databaseAccounts/gremlinDatabases",
        "name": "gremlin-db-5342",
        "properties": {
          "resource": {
            "id": "gremlin-db-5342",
            "_rid": "lbpjAA==",
            "_self": "dbs/lbpjAA==/",
            "_etag": "\u002200000404-0000-0700-0000-64c1aac80000\u0022",
            "_colls": "colls/",
            "_users": "users/",
            "_ts": 1690413768
          }
        }
      }
    },
    {
      "RequestUri": "https://management.azure.com/subscriptions/12053b8f-cab5-4f5c-9c1a-870580142abd/resourceGroups/dbaccount-1638/providers/Microsoft.DocumentDB/databaseAccounts/dbaccount-3531/gremlinDatabases/gremlin-db-5342?api-version=2023-03-15-preview",
      "RequestMethod": "GET",
      "RequestHeaders": {
        "Accept": "application/json",
        "Authorization": "Sanitized",
        "traceparent": "00-9494362f38422f3444b8f51b5503f7e8-93bf4a4393eeb382-00",
        "User-Agent": "azsdk-net-ResourceManager.CosmosDB/1.4.1-alpha.20230726.1 (.NET 7.0.9; Microsoft Windows 10.0.23506)",
        "x-ms-client-request-id": "0e96b5ffb59199e0ad22161b6b7c98d2",
        "x-ms-return-client-request-id": "true"
      },
      "RequestBody": null,
      "StatusCode": 200,
      "ResponseHeaders": {
        "Cache-Control": "no-store, no-cache",
        "Content-Length": "472",
        "Content-Type": "application/json",
        "Date": "Wed, 26 Jul 2023 23:23:16 GMT",
        "Pragma": "no-cache",
        "Server": "Microsoft-HTTPAPI/2.0",
        "Strict-Transport-Security": "max-age=31536000; includeSubDomains",
        "X-Content-Type-Options": "nosniff",
        "x-ms-correlation-request-id": "e313b9ff-5bf3-4313-b202-3ae8139c8495",
        "x-ms-gatewayversion": "version=2.14.0",
        "x-ms-ratelimit-remaining-subscription-reads": "11965",
        "x-ms-request-id": "e313b9ff-5bf3-4313-b202-3ae8139c8495",
        "x-ms-routing-request-id": "SOUTHCENTRALUS:20230726T232317Z:e313b9ff-5bf3-4313-b202-3ae8139c8495"
      },
      "ResponseBody": {
        "id": "/subscriptions/12053b8f-cab5-4f5c-9c1a-870580142abd/resourceGroups/dbaccount-1638/providers/Microsoft.DocumentDB/databaseAccounts/dbaccount-3531/gremlinDatabases/gremlin-db-5342",
        "type": "Microsoft.DocumentDB/databaseAccounts/gremlinDatabases",
        "name": "gremlin-db-5342",
        "properties": {
          "resource": {
            "id": "gremlin-db-5342",
            "_rid": "lbpjAA==",
            "_self": "dbs/lbpjAA==/",
            "_etag": "\u002200000404-0000-0700-0000-64c1aac80000\u0022",
            "_colls": "colls/",
            "_users": "users/",
            "_ts": 1690413768
          }
        }
      }
    },
    {
      "RequestUri": "https://management.azure.com/subscriptions/12053b8f-cab5-4f5c-9c1a-870580142abd/resourceGroups/dbaccount-1638/providers/Microsoft.DocumentDB/databaseAccounts/dbaccount-3531/gremlinDatabases/gremlin-db-5342?api-version=2023-03-15-preview",
      "RequestMethod": "GET",
      "RequestHeaders": {
        "Accept": "application/json",
        "Authorization": "Sanitized",
        "traceparent": "00-4149d597ea66f33427d71a31342b539c-643a9002be823442-00",
        "User-Agent": "azsdk-net-ResourceManager.CosmosDB/1.4.1-alpha.20230726.1 (.NET 7.0.9; Microsoft Windows 10.0.23506)",
        "x-ms-client-request-id": "c3583432795864dbaf1d2fb288cd5dd9",
        "x-ms-return-client-request-id": "true"
      },
      "RequestBody": null,
      "StatusCode": 200,
      "ResponseHeaders": {
        "Cache-Control": "no-store, no-cache",
        "Content-Length": "472",
        "Content-Type": "application/json",
        "Date": "Wed, 26 Jul 2023 23:23:16 GMT",
        "Pragma": "no-cache",
        "Server": "Microsoft-HTTPAPI/2.0",
        "Strict-Transport-Security": "max-age=31536000; includeSubDomains",
        "X-Content-Type-Options": "nosniff",
        "x-ms-correlation-request-id": "d2be0562-1a5d-4bd9-845d-e6f93d74a5a2",
        "x-ms-gatewayversion": "version=2.14.0",
        "x-ms-ratelimit-remaining-subscription-reads": "11964",
        "x-ms-request-id": "d2be0562-1a5d-4bd9-845d-e6f93d74a5a2",
        "x-ms-routing-request-id": "SOUTHCENTRALUS:20230726T232317Z:d2be0562-1a5d-4bd9-845d-e6f93d74a5a2"
      },
      "ResponseBody": {
        "id": "/subscriptions/12053b8f-cab5-4f5c-9c1a-870580142abd/resourceGroups/dbaccount-1638/providers/Microsoft.DocumentDB/databaseAccounts/dbaccount-3531/gremlinDatabases/gremlin-db-5342",
        "type": "Microsoft.DocumentDB/databaseAccounts/gremlinDatabases",
        "name": "gremlin-db-5342",
        "properties": {
          "resource": {
            "id": "gremlin-db-5342",
            "_rid": "lbpjAA==",
            "_self": "dbs/lbpjAA==/",
            "_etag": "\u002200000404-0000-0700-0000-64c1aac80000\u0022",
            "_colls": "colls/",
            "_users": "users/",
            "_ts": 1690413768
          }
        }
      }
    },
    {
      "RequestUri": "https://management.azure.com/subscriptions/12053b8f-cab5-4f5c-9c1a-870580142abd/resourceGroups/dbaccount-1638/providers/Microsoft.DocumentDB/databaseAccounts/dbaccount-3531/gremlinDatabases/gremlin-db-5342?api-version=2023-03-15-preview",
      "RequestMethod": "DELETE",
      "RequestHeaders": {
        "Authorization": "Sanitized",
        "traceparent": "00-f08907dcffc06ce00b15cee42b3c66ec-e92bd52ff4132461-00",
        "User-Agent": "azsdk-net-ResourceManager.CosmosDB/1.4.1-alpha.20230726.1 (.NET 7.0.9; Microsoft Windows 10.0.23506)",
        "x-ms-client-request-id": "f2234ec6e170041ab57f0e8522c50cb3",
        "x-ms-return-client-request-id": "true"
      },
      "RequestBody": null,
      "StatusCode": 202,
      "ResponseHeaders": {
        "Azure-AsyncOperation": "https://management.azure.com/subscriptions/12053b8f-cab5-4f5c-9c1a-870580142abd/providers/Microsoft.DocumentDB/locations/westus2/operationsStatus/7b54a67d-aee0-4e77-88f6-58041c27be11?api-version=2023-03-15-preview",
        "Cache-Control": "no-store, no-cache",
        "Content-Length": "21",
        "Content-Type": "application/json",
        "Date": "Wed, 26 Jul 2023 23:23:17 GMT",
        "Location": "https://management.azure.com/subscriptions/12053b8f-cab5-4f5c-9c1a-870580142abd/resourceGroups/dbaccount-1638/providers/Microsoft.DocumentDB/databaseAccounts/dbaccount-3531/gremlinDatabases/gremlin-db-5342/operationResults/7b54a67d-aee0-4e77-88f6-58041c27be11?api-version=2023-03-15-preview",
        "Pragma": "no-cache",
        "Server": "Microsoft-HTTPAPI/2.0",
        "Strict-Transport-Security": "max-age=31536000; includeSubDomains",
        "X-Content-Type-Options": "nosniff",
        "x-ms-correlation-request-id": "5a85ec4e-f1fb-4bd4-ae61-09d6c441edf2",
        "x-ms-gatewayversion": "version=2.14.0",
        "x-ms-ratelimit-remaining-subscription-deletes": "14999",
        "x-ms-request-id": "7b54a67d-aee0-4e77-88f6-58041c27be11",
        "x-ms-routing-request-id": "SOUTHCENTRALUS:20230726T232317Z:5a85ec4e-f1fb-4bd4-ae61-09d6c441edf2"
      },
      "ResponseBody": {
        "status": "Enqueued"
      }
    },
    {
      "RequestUri": "https://management.azure.com/subscriptions/12053b8f-cab5-4f5c-9c1a-870580142abd/providers/Microsoft.DocumentDB/locations/westus2/operationsStatus/7b54a67d-aee0-4e77-88f6-58041c27be11?api-version=2023-03-15-preview",
      "RequestMethod": "GET",
      "RequestHeaders": {
        "Authorization": "Sanitized",
        "traceparent": "00-f08907dcffc06ce00b15cee42b3c66ec-01eef58a763f47c3-00",
        "User-Agent": "azsdk-net-ResourceManager/1.7.0 (.NET 7.0.9; Microsoft Windows 10.0.23506)",
        "x-ms-client-request-id": "1c543dc5a558516119540dd96b5541ea",
        "x-ms-return-client-request-id": "true"
      },
      "RequestBody": null,
      "StatusCode": 200,
      "ResponseHeaders": {
        "Cache-Control": "no-store, no-cache",
        "Content-Length": "21",
        "Content-Type": "application/json",
        "Date": "Wed, 26 Jul 2023 23:23:17 GMT",
        "Pragma": "no-cache",
        "Server": "Microsoft-HTTPAPI/2.0",
        "Strict-Transport-Security": "max-age=31536000; includeSubDomains",
        "X-Content-Type-Options": "nosniff",
        "x-ms-correlation-request-id": "9e0fdb72-7142-41ba-a5f3-82b8a834fc5d",
        "x-ms-gatewayversion": "version=2.14.0",
        "x-ms-ratelimit-remaining-subscription-reads": "11963",
        "x-ms-request-id": "9e0fdb72-7142-41ba-a5f3-82b8a834fc5d",
        "x-ms-routing-request-id": "SOUTHCENTRALUS:20230726T232318Z:9e0fdb72-7142-41ba-a5f3-82b8a834fc5d"
      },
      "ResponseBody": {
        "status": "Enqueued"
      }
    },
    {
      "RequestUri": "https://management.azure.com/subscriptions/12053b8f-cab5-4f5c-9c1a-870580142abd/providers/Microsoft.DocumentDB/locations/westus2/operationsStatus/7b54a67d-aee0-4e77-88f6-58041c27be11?api-version=2023-03-15-preview",
      "RequestMethod": "GET",
      "RequestHeaders": {
        "Authorization": "Sanitized",
        "traceparent": "00-f08907dcffc06ce00b15cee42b3c66ec-a213df3050a59773-00",
        "User-Agent": "azsdk-net-ResourceManager/1.7.0 (.NET 7.0.9; Microsoft Windows 10.0.23506)",
        "x-ms-client-request-id": "ba007b10e036cad2f89d183d82a67e88",
        "x-ms-return-client-request-id": "true"
      },
      "RequestBody": null,
      "StatusCode": 200,
      "ResponseHeaders": {
        "Cache-Control": "no-store, no-cache",
        "Content-Length": "21",
        "Content-Type": "application/json",
        "Date": "Wed, 26 Jul 2023 23:23:18 GMT",
        "Pragma": "no-cache",
        "Server": "Microsoft-HTTPAPI/2.0",
        "Strict-Transport-Security": "max-age=31536000; includeSubDomains",
        "X-Content-Type-Options": "nosniff",
        "x-ms-correlation-request-id": "f4d8ba72-b69b-465a-b5e1-ad0a7cdd8fe2",
        "x-ms-gatewayversion": "version=2.14.0",
        "x-ms-ratelimit-remaining-subscription-reads": "11962",
        "x-ms-request-id": "f4d8ba72-b69b-465a-b5e1-ad0a7cdd8fe2",
        "x-ms-routing-request-id": "SOUTHCENTRALUS:20230726T232319Z:f4d8ba72-b69b-465a-b5e1-ad0a7cdd8fe2"
      },
      "ResponseBody": {
        "status": "Enqueued"
      }
    },
    {
      "RequestUri": "https://management.azure.com/subscriptions/12053b8f-cab5-4f5c-9c1a-870580142abd/providers/Microsoft.DocumentDB/locations/westus2/operationsStatus/7b54a67d-aee0-4e77-88f6-58041c27be11?api-version=2023-03-15-preview",
      "RequestMethod": "GET",
      "RequestHeaders": {
        "Authorization": "Sanitized",
        "traceparent": "00-f08907dcffc06ce00b15cee42b3c66ec-4e5e42e972a771c8-00",
        "User-Agent": "azsdk-net-ResourceManager/1.7.0 (.NET 7.0.9; Microsoft Windows 10.0.23506)",
        "x-ms-client-request-id": "e5bf2e6df0710c5a6b4663b2ee7d1a84",
        "x-ms-return-client-request-id": "true"
      },
      "RequestBody": null,
      "StatusCode": 200,
      "ResponseHeaders": {
        "Cache-Control": "no-store, no-cache",
        "Content-Length": "21",
        "Content-Type": "application/json",
        "Date": "Wed, 26 Jul 2023 23:23:19 GMT",
        "Pragma": "no-cache",
        "Server": "Microsoft-HTTPAPI/2.0",
        "Strict-Transport-Security": "max-age=31536000; includeSubDomains",
        "X-Content-Type-Options": "nosniff",
        "x-ms-correlation-request-id": "3be3924e-dba5-4783-8f7e-0b8c8603ab04",
        "x-ms-gatewayversion": "version=2.14.0",
        "x-ms-ratelimit-remaining-subscription-reads": "11961",
        "x-ms-request-id": "3be3924e-dba5-4783-8f7e-0b8c8603ab04",
        "x-ms-routing-request-id": "SOUTHCENTRALUS:20230726T232320Z:3be3924e-dba5-4783-8f7e-0b8c8603ab04"
      },
      "ResponseBody": {
        "status": "Enqueued"
      }
    },
    {
      "RequestUri": "https://management.azure.com/subscriptions/12053b8f-cab5-4f5c-9c1a-870580142abd/providers/Microsoft.DocumentDB/locations/westus2/operationsStatus/7b54a67d-aee0-4e77-88f6-58041c27be11?api-version=2023-03-15-preview",
      "RequestMethod": "GET",
      "RequestHeaders": {
        "Authorization": "Sanitized",
        "traceparent": "00-f08907dcffc06ce00b15cee42b3c66ec-fdbe93808a9b5064-00",
        "User-Agent": "azsdk-net-ResourceManager/1.7.0 (.NET 7.0.9; Microsoft Windows 10.0.23506)",
        "x-ms-client-request-id": "0a6374f1562ce5a96a8924bb8d24ce72",
        "x-ms-return-client-request-id": "true"
      },
      "RequestBody": null,
      "StatusCode": 200,
      "ResponseHeaders": {
        "Cache-Control": "no-store, no-cache",
        "Content-Length": "21",
        "Content-Type": "application/json",
        "Date": "Wed, 26 Jul 2023 23:23:20 GMT",
        "Pragma": "no-cache",
        "Server": "Microsoft-HTTPAPI/2.0",
        "Strict-Transport-Security": "max-age=31536000; includeSubDomains",
        "X-Content-Type-Options": "nosniff",
        "x-ms-correlation-request-id": "cbf7e4e3-dd46-43e4-8fe9-3588aad98804",
        "x-ms-gatewayversion": "version=2.14.0",
        "x-ms-ratelimit-remaining-subscription-reads": "11960",
        "x-ms-request-id": "cbf7e4e3-dd46-43e4-8fe9-3588aad98804",
        "x-ms-routing-request-id": "SOUTHCENTRALUS:20230726T232321Z:cbf7e4e3-dd46-43e4-8fe9-3588aad98804"
      },
      "ResponseBody": {
        "status": "Dequeued"
      }
    },
    {
      "RequestUri": "https://management.azure.com/subscriptions/12053b8f-cab5-4f5c-9c1a-870580142abd/providers/Microsoft.DocumentDB/locations/westus2/operationsStatus/7b54a67d-aee0-4e77-88f6-58041c27be11?api-version=2023-03-15-preview",
      "RequestMethod": "GET",
      "RequestHeaders": {
        "Authorization": "Sanitized",
        "traceparent": "00-f08907dcffc06ce00b15cee42b3c66ec-526826d14c8e8d6a-00",
        "User-Agent": "azsdk-net-ResourceManager/1.7.0 (.NET 7.0.9; Microsoft Windows 10.0.23506)",
        "x-ms-client-request-id": "3c6b85d65b95207820f44eef7c20db7a",
        "x-ms-return-client-request-id": "true"
      },
      "RequestBody": null,
      "StatusCode": 200,
      "ResponseHeaders": {
        "Cache-Control": "no-store, no-cache",
        "Content-Length": "21",
        "Content-Type": "application/json",
        "Date": "Wed, 26 Jul 2023 23:23:22 GMT",
        "Pragma": "no-cache",
        "Server": "Microsoft-HTTPAPI/2.0",
        "Strict-Transport-Security": "max-age=31536000; includeSubDomains",
        "X-Content-Type-Options": "nosniff",
        "x-ms-correlation-request-id": "ca8fb0a5-febc-4c64-9000-58249ddd1572",
        "x-ms-gatewayversion": "version=2.14.0",
        "x-ms-ratelimit-remaining-subscription-reads": "11959",
        "x-ms-request-id": "ca8fb0a5-febc-4c64-9000-58249ddd1572",
        "x-ms-routing-request-id": "SOUTHCENTRALUS:20230726T232323Z:ca8fb0a5-febc-4c64-9000-58249ddd1572"
      },
      "ResponseBody": {
        "status": "Dequeued"
      }
    },
    {
      "RequestUri": "https://management.azure.com/subscriptions/12053b8f-cab5-4f5c-9c1a-870580142abd/providers/Microsoft.DocumentDB/locations/westus2/operationsStatus/7b54a67d-aee0-4e77-88f6-58041c27be11?api-version=2023-03-15-preview",
      "RequestMethod": "GET",
      "RequestHeaders": {
        "Authorization": "Sanitized",
        "traceparent": "00-f08907dcffc06ce00b15cee42b3c66ec-5caa9284d5b2d5fb-00",
        "User-Agent": "azsdk-net-ResourceManager/1.7.0 (.NET 7.0.9; Microsoft Windows 10.0.23506)",
        "x-ms-client-request-id": "0d4c93827343175b85da7be7cb9f7f47",
        "x-ms-return-client-request-id": "true"
      },
      "RequestBody": null,
      "StatusCode": 200,
      "ResponseHeaders": {
        "Cache-Control": "no-store, no-cache",
        "Content-Length": "22",
        "Content-Type": "application/json",
        "Date": "Wed, 26 Jul 2023 23:23:26 GMT",
        "Pragma": "no-cache",
        "Server": "Microsoft-HTTPAPI/2.0",
        "Strict-Transport-Security": "max-age=31536000; includeSubDomains",
        "X-Content-Type-Options": "nosniff",
        "x-ms-correlation-request-id": "57aabf2d-8707-42fe-895f-a3bdf43f6181",
        "x-ms-gatewayversion": "version=2.14.0",
        "x-ms-ratelimit-remaining-subscription-reads": "11958",
        "x-ms-request-id": "57aabf2d-8707-42fe-895f-a3bdf43f6181",
        "x-ms-routing-request-id": "SOUTHCENTRALUS:20230726T232327Z:57aabf2d-8707-42fe-895f-a3bdf43f6181"
      },
      "ResponseBody": {
        "status": "Succeeded"
      }
    }
  ],
  "Variables": {
    "AZURE_AUTHORITY_HOST": "https://login.microsoftonline.com",
    "RandomSeed": "608714582",
    "RESOURCE_MANAGER_URL": null,
    "SUBSCRIPTION_ID": "12053b8f-cab5-4f5c-9c1a-870580142abd"
  }
}
