{
  "Entries": [
    {
      "RequestUri": "https://management.azure.com/subscriptions/12053b8f-cab5-4f5c-9c1a-870580142abd?api-version=2022-12-01",
      "RequestMethod": "GET",
      "RequestHeaders": {
        "Accept": "application/json",
        "Authorization": "Sanitized",
        "Connection": "keep-alive",
        "traceparent": "00-06fdb11ecfafb09e65927b618588182a-2d0b3d9a2b5b76ad-00",
        "User-Agent": "azsdk-net-ResourceManager/1.7.0 (.NET Framework 4.8.9166.0; Microsoft Windows 10.0.23506 )",
        "x-ms-client-request-id": "c1be85457bcb126ee5b1eb5f495e97af",
        "x-ms-return-client-request-id": "true"
      },
      "RequestBody": null,
      "StatusCode": 200,
      "ResponseHeaders": {
        "Cache-Control": "no-cache",
        "Content-Length": "458",
        "Content-Type": "application/json; charset=utf-8",
        "Date": "Wed, 26 Jul 2023 20:42:46 GMT",
        "Expires": "-1",
        "Pragma": "no-cache",
        "Strict-Transport-Security": "max-age=31536000; includeSubDomains",
        "X-Content-Type-Options": "nosniff",
        "x-ms-correlation-request-id": "1242dd25-0212-4790-ad15-13eaeee64016",
        "x-ms-ratelimit-remaining-subscription-reads": "11999",
        "x-ms-request-id": "1242dd25-0212-4790-ad15-13eaeee64016",
        "x-ms-routing-request-id": "SOUTHCENTRALUS:20230726T204247Z:1242dd25-0212-4790-ad15-13eaeee64016"
      },
      "ResponseBody": {
        "id": "/subscriptions/12053b8f-cab5-4f5c-9c1a-870580142abd",
        "authorizationSource": "RoleBased",
        "managedByTenants": [
          {
            "tenantId": "2f4a9838-26b7-47ee-be60-ccc1fdec5953"
          }
        ],
        "subscriptionId": "12053b8f-cab5-4f5c-9c1a-870580142abd",
        "tenantId": "72f988bf-86f1-41af-91ab-2d7cd011db47",
        "displayName": "StorageHA\u0026ElasticityTeamSub",
        "state": "Enabled",
        "subscriptionPolicies": {
          "locationPlacementId": "Internal_2014-09-01",
          "quotaId": "Internal_2014-09-01",
          "spendingLimit": "Off"
        }
      }
    },
    {
      "RequestUri": "https://management.azure.com/subscriptions/12053b8f-cab5-4f5c-9c1a-870580142abd/resourcegroups/dbaccount-5024?api-version=2022-09-01",
      "RequestMethod": "PUT",
      "RequestHeaders": {
        "Accept": "application/json",
        "Authorization": "Sanitized",
        "Content-Length": "22",
        "Content-Type": "application/json",
        "traceparent": "00-349218ac00399d3f96dce445f757d1f6-327e64023421a66c-00",
        "User-Agent": "azsdk-net-ResourceManager/1.7.0 (.NET Framework 4.8.9166.0; Microsoft Windows 10.0.23506 )",
        "x-ms-client-request-id": "f1e031b8012d8b3d4806f9a2533acee5",
        "x-ms-return-client-request-id": "true"
      },
      "RequestBody": {
        "location": "westus2"
      },
      "StatusCode": 201,
      "ResponseHeaders": {
        "Cache-Control": "no-cache",
        "Content-Length": "226",
        "Content-Type": "application/json; charset=utf-8",
        "Date": "Wed, 26 Jul 2023 20:42:47 GMT",
        "Expires": "-1",
        "Pragma": "no-cache",
        "Strict-Transport-Security": "max-age=31536000; includeSubDomains",
        "X-Content-Type-Options": "nosniff",
        "x-ms-correlation-request-id": "bda7a2d0-c422-4007-a674-542bf669dd4f",
        "x-ms-ratelimit-remaining-subscription-writes": "1199",
        "x-ms-request-id": "bda7a2d0-c422-4007-a674-542bf669dd4f",
        "x-ms-routing-request-id": "SOUTHCENTRALUS:20230726T204248Z:bda7a2d0-c422-4007-a674-542bf669dd4f"
      },
      "ResponseBody": {
        "id": "/subscriptions/12053b8f-cab5-4f5c-9c1a-870580142abd/resourceGroups/dbaccount-5024",
        "name": "dbaccount-5024",
        "type": "Microsoft.Resources/resourceGroups",
        "location": "westus2",
        "properties": {
          "provisioningState": "Succeeded"
        }
      }
    },
    {
      "RequestUri": "https://management.azure.com/subscriptions/12053b8f-cab5-4f5c-9c1a-870580142abd/resourcegroups/dbaccount-5024?api-version=2022-09-01",
      "RequestMethod": "GET",
      "RequestHeaders": {
        "Accept": "application/json",
        "Authorization": "Sanitized",
        "traceparent": "00-beece39714a6ba03a7001cab6b3d42f3-12c91ba0cf4b380a-00",
        "User-Agent": "azsdk-net-ResourceManager/1.7.0 (.NET Framework 4.8.9166.0; Microsoft Windows 10.0.23506 )",
        "x-ms-client-request-id": "9b60f8832a230ea77d2fa01fd36f4609",
        "x-ms-return-client-request-id": "true"
      },
      "RequestBody": null,
      "StatusCode": 200,
      "ResponseHeaders": {
        "Cache-Control": "no-cache",
        "Content-Length": "226",
        "Content-Type": "application/json; charset=utf-8",
        "Date": "Wed, 26 Jul 2023 20:42:47 GMT",
        "Expires": "-1",
        "Pragma": "no-cache",
        "Strict-Transport-Security": "max-age=31536000; includeSubDomains",
        "X-Content-Type-Options": "nosniff",
        "x-ms-correlation-request-id": "bf6d22c0-1b30-46f6-b862-26da7a722c4b",
        "x-ms-ratelimit-remaining-subscription-reads": "11998",
        "x-ms-request-id": "bf6d22c0-1b30-46f6-b862-26da7a722c4b",
        "x-ms-routing-request-id": "SOUTHCENTRALUS:20230726T204248Z:bf6d22c0-1b30-46f6-b862-26da7a722c4b"
      },
      "ResponseBody": {
        "id": "/subscriptions/12053b8f-cab5-4f5c-9c1a-870580142abd/resourceGroups/dbaccount-5024",
        "name": "dbaccount-5024",
        "type": "Microsoft.Resources/resourceGroups",
        "location": "westus2",
        "properties": {
          "provisioningState": "Succeeded"
        }
      }
    },
    {
      "RequestUri": "https://management.azure.com/subscriptions/12053b8f-cab5-4f5c-9c1a-870580142abd/resourceGroups/dbaccount-5024/providers/Microsoft.DocumentDB/databaseAccounts/dbaccount-228?api-version=2023-03-15-preview",
      "RequestMethod": "PUT",
      "RequestHeaders": {
        "Accept": "application/json",
        "Authorization": "Sanitized",
        "Content-Length": "620",
        "Content-Type": "application/json",
        "traceparent": "00-cb881b01e0d3a691901c97c20f27315c-65e54a6f52367386-00",
        "User-Agent": "azsdk-net-ResourceManager.CosmosDB/1.4.0-alpha.20230726.1 (.NET Framework 4.8.9166.0; Microsoft Windows 10.0.23506 )",
        "x-ms-client-request-id": "b542c4c418318183368275746f91761c",
        "x-ms-return-client-request-id": "true"
      },
      "RequestBody": {
        "kind": "GlobalDocumentDB",
        "tags": {
          "key1": "value1",
          "key2": "value2"
        },
        "location": "westus2",
        "properties": {
          "consistencyPolicy": {
            "defaultConsistencyLevel": "BoundedStaleness",
            "maxStalenessPrefix": 300,
            "maxIntervalInSeconds": 1000
          },
          "locations": [
            {
              "locationName": "westus",
              "isZoneRedundant": false
            }
          ],
          "databaseAccountOfferType": "Standard",
          "ipRules": [
            {
              "ipAddressOrRange": "23.43.230.120"
            }
          ],
          "isVirtualNetworkFilterEnabled": true,
          "enableAutomaticFailover": false,
          "capabilities": [
            {
              "name": "EnableGremlin"
            }
          ],
          "connectorOffer": "Small",
          "disableKeyBasedMetadataWriteAccess": false,
          "backupPolicy": {
            "type": "Continuous"
          },
          "enablePartitionMerge": false
        }
      },
      "StatusCode": 200,
      "ResponseHeaders": {
        "Azure-AsyncOperation": "https://management.azure.com/subscriptions/12053b8f-cab5-4f5c-9c1a-870580142abd/providers/Microsoft.DocumentDB/locations/westus2/operationsStatus/e0850dff-ca3d-43e1-b040-44759b4d1e23?api-version=2023-03-15-preview",
        "Cache-Control": "no-store, no-cache",
        "Content-Length": "2469",
        "Content-Type": "application/json",
        "Date": "Wed, 26 Jul 2023 20:42:51 GMT",
        "Location": "https://management.azure.com/subscriptions/12053b8f-cab5-4f5c-9c1a-870580142abd/resourceGroups/dbaccount-5024/providers/Microsoft.DocumentDB/databaseAccounts/dbaccount-228/operationResults/e0850dff-ca3d-43e1-b040-44759b4d1e23?api-version=2023-03-15-preview",
        "Pragma": "no-cache",
        "Server": "Microsoft-HTTPAPI/2.0",
        "Strict-Transport-Security": "max-age=31536000; includeSubDomains",
        "X-Content-Type-Options": "nosniff",
        "x-ms-correlation-request-id": "8cc9c2da-78b4-4f48-af7a-b535de12c89f",
        "x-ms-gatewayversion": "version=2.14.0",
        "x-ms-ratelimit-remaining-subscription-writes": "1198",
        "x-ms-request-id": "e0850dff-ca3d-43e1-b040-44759b4d1e23",
        "x-ms-routing-request-id": "SOUTHCENTRALUS:20230726T204252Z:8cc9c2da-78b4-4f48-af7a-b535de12c89f"
      },
      "ResponseBody": {
        "id": "/subscriptions/12053b8f-cab5-4f5c-9c1a-870580142abd/resourceGroups/dbaccount-5024/providers/Microsoft.DocumentDB/databaseAccounts/dbaccount-228",
        "name": "dbaccount-228",
        "location": "West US 2",
        "type": "Microsoft.DocumentDB/databaseAccounts",
        "kind": "GlobalDocumentDB",
        "tags": {
          "key1": "value1",
          "key2": "value2"
        },
        "systemData": {
          "createdAt": "2023-07-26T20:42:50.278818Z"
        },
        "properties": {
          "provisioningState": "Creating",
          "publicNetworkAccess": "Enabled",
          "enableAutomaticFailover": false,
          "enableMultipleWriteLocations": false,
          "enablePartitionKeyMonitor": false,
          "isVirtualNetworkFilterEnabled": true,
          "virtualNetworkRules": [],
          "EnabledApiTypes": "Gremlin, Sql",
          "disableKeyBasedMetadataWriteAccess": false,
          "enableFreeTier": false,
          "enableAnalyticalStorage": false,
          "analyticalStorageConfiguration": {
            "schemaType": "WellDefined"
          },
          "instanceId": "91475f7e-d918-4b2d-9211-8c6e46b39fde",
          "createMode": "Default",
          "databaseAccountOfferType": "Standard",
          "enableCassandraConnector": false,
          "connectorOffer": "Small",
          "enableMaterializedViews": false,
          "defaultIdentity": "",
          "networkAclBypass": "None",
          "disableLocalAuth": false,
          "enablePartitionMerge": false,
          "enableBurstCapacity": false,
          "minimalTlsVersion": "Tls",
          "consistencyPolicy": {
            "defaultConsistencyLevel": "BoundedStaleness",
            "maxIntervalInSeconds": 1000,
            "maxStalenessPrefix": 300
          },
          "configurationOverrides": {},
          "writeLocations": [
            {
              "id": "dbaccount-228-westus",
              "locationName": "West US",
              "provisioningState": "Creating",
              "failoverPriority": 0,
              "isZoneRedundant": false
            }
          ],
          "readLocations": [
            {
              "id": "dbaccount-228-westus",
              "locationName": "West US",
              "provisioningState": "Creating",
              "failoverPriority": 0,
              "isZoneRedundant": false
            }
          ],
          "locations": [
            {
              "id": "dbaccount-228-westus",
              "locationName": "West US",
              "provisioningState": "Creating",
              "failoverPriority": 0,
              "isZoneRedundant": false
            }
          ],
          "failoverPolicies": [
            {
              "id": "dbaccount-228-westus",
              "locationName": "West US",
              "failoverPriority": 0
            }
          ],
          "cors": [],
          "capabilities": [
            {
              "name": "EnableGremlin"
            }
          ],
          "ipRules": [
            {
              "ipAddressOrRange": "23.43.230.120"
            }
          ],
          "backupPolicy": {
            "type": "Continuous",
            "continuousModeProperties": {
              "tier": "Continuous30Days"
            }
          },
          "networkAclBypassResourceIds": [],
          "diagnosticLogSettings": {
            "enableFullTextQuery": "None"
          },
          "keysMetadata": {
            "primaryMasterKey": {
              "generationTime": "2023-07-26T20:42:50.278818Z"
            },
            "secondaryMasterKey": {
              "generationTime": "2023-07-26T20:42:50.278818Z"
            },
            "primaryReadonlyMasterKey": {
              "generationTime": "2023-07-26T20:42:50.278818Z"
            },
            "secondaryReadonlyMasterKey": {
              "generationTime": "2023-07-26T20:42:50.278818Z"
            }
          }
        },
        "identity": {
          "type": "None"
        }
      }
    },
    {
      "RequestUri": "https://management.azure.com/subscriptions/12053b8f-cab5-4f5c-9c1a-870580142abd/providers/Microsoft.DocumentDB/locations/westus2/operationsStatus/e0850dff-ca3d-43e1-b040-44759b4d1e23?api-version=2023-03-15-preview",
      "RequestMethod": "GET",
      "RequestHeaders": {
        "Authorization": "Sanitized",
        "traceparent": "00-cb881b01e0d3a691901c97c20f27315c-188c5095d2216a48-00",
        "User-Agent": "azsdk-net-ResourceManager/1.7.0 (.NET Framework 4.8.9166.0; Microsoft Windows 10.0.23506 )",
        "x-ms-client-request-id": "758f07f02f8cdf51dd19eca8319a0d9d",
        "x-ms-return-client-request-id": "true"
      },
      "RequestBody": null,
      "StatusCode": 200,
      "ResponseHeaders": {
        "Cache-Control": "no-store, no-cache",
        "Content-Length": "21",
        "Content-Type": "application/json",
        "Date": "Wed, 26 Jul 2023 20:42:51 GMT",
        "Pragma": "no-cache",
        "Server": "Microsoft-HTTPAPI/2.0",
        "Strict-Transport-Security": "max-age=31536000; includeSubDomains",
        "X-Content-Type-Options": "nosniff",
        "x-ms-correlation-request-id": "2733191e-f644-43b9-b474-499a0cd25069",
        "x-ms-gatewayversion": "version=2.14.0",
        "x-ms-ratelimit-remaining-subscription-reads": "11997",
        "x-ms-request-id": "2733191e-f644-43b9-b474-499a0cd25069",
        "x-ms-routing-request-id": "SOUTHCENTRALUS:20230726T204252Z:2733191e-f644-43b9-b474-499a0cd25069"
      },
      "ResponseBody": {
        "status": "Enqueued"
      }
    },
    {
      "RequestUri": "https://management.azure.com/subscriptions/12053b8f-cab5-4f5c-9c1a-870580142abd/providers/Microsoft.DocumentDB/locations/westus2/operationsStatus/e0850dff-ca3d-43e1-b040-44759b4d1e23?api-version=2023-03-15-preview",
      "RequestMethod": "GET",
      "RequestHeaders": {
        "Authorization": "Sanitized",
        "traceparent": "00-cb881b01e0d3a691901c97c20f27315c-23a011142f4713cf-00",
        "User-Agent": "azsdk-net-ResourceManager/1.7.0 (.NET Framework 4.8.9166.0; Microsoft Windows 10.0.23506 )",
        "x-ms-client-request-id": "a9590329d3e1398637b8e3bd1a21647f",
        "x-ms-return-client-request-id": "true"
      },
      "RequestBody": null,
      "StatusCode": 200,
      "ResponseHeaders": {
        "Cache-Control": "no-store, no-cache",
        "Content-Length": "21",
        "Content-Type": "application/json",
        "Date": "Wed, 26 Jul 2023 20:42:52 GMT",
        "Pragma": "no-cache",
        "Server": "Microsoft-HTTPAPI/2.0",
        "Strict-Transport-Security": "max-age=31536000; includeSubDomains",
        "X-Content-Type-Options": "nosniff",
        "x-ms-correlation-request-id": "ca90d92c-a361-4283-b90a-2858e4c7e07b",
        "x-ms-gatewayversion": "version=2.14.0",
        "x-ms-ratelimit-remaining-subscription-reads": "11996",
        "x-ms-request-id": "ca90d92c-a361-4283-b90a-2858e4c7e07b",
        "x-ms-routing-request-id": "SOUTHCENTRALUS:20230726T204253Z:ca90d92c-a361-4283-b90a-2858e4c7e07b"
      },
      "ResponseBody": {
        "status": "Enqueued"
      }
    },
    {
      "RequestUri": "https://management.azure.com/subscriptions/12053b8f-cab5-4f5c-9c1a-870580142abd/providers/Microsoft.DocumentDB/locations/westus2/operationsStatus/e0850dff-ca3d-43e1-b040-44759b4d1e23?api-version=2023-03-15-preview",
      "RequestMethod": "GET",
      "RequestHeaders": {
        "Authorization": "Sanitized",
        "traceparent": "00-cb881b01e0d3a691901c97c20f27315c-1c3148e043ac1ff0-00",
        "User-Agent": "azsdk-net-ResourceManager/1.7.0 (.NET Framework 4.8.9166.0; Microsoft Windows 10.0.23506 )",
        "x-ms-client-request-id": "6883b6a900024a8f738558fb9de45838",
        "x-ms-return-client-request-id": "true"
      },
      "RequestBody": null,
      "StatusCode": 200,
      "ResponseHeaders": {
        "Cache-Control": "no-store, no-cache",
        "Content-Length": "21",
        "Content-Type": "application/json",
        "Date": "Wed, 26 Jul 2023 20:42:53 GMT",
        "Pragma": "no-cache",
        "Server": "Microsoft-HTTPAPI/2.0",
        "Strict-Transport-Security": "max-age=31536000; includeSubDomains",
        "X-Content-Type-Options": "nosniff",
        "x-ms-correlation-request-id": "947be220-5239-49d0-90e1-8a0090041ebb",
        "x-ms-gatewayversion": "version=2.14.0",
        "x-ms-ratelimit-remaining-subscription-reads": "11995",
        "x-ms-request-id": "947be220-5239-49d0-90e1-8a0090041ebb",
        "x-ms-routing-request-id": "SOUTHCENTRALUS:20230726T204254Z:947be220-5239-49d0-90e1-8a0090041ebb"
      },
      "ResponseBody": {
        "status": "Enqueued"
      }
    },
    {
      "RequestUri": "https://management.azure.com/subscriptions/12053b8f-cab5-4f5c-9c1a-870580142abd/providers/Microsoft.DocumentDB/locations/westus2/operationsStatus/e0850dff-ca3d-43e1-b040-44759b4d1e23?api-version=2023-03-15-preview",
      "RequestMethod": "GET",
      "RequestHeaders": {
        "Authorization": "Sanitized",
        "traceparent": "00-cb881b01e0d3a691901c97c20f27315c-8bcef29363f9f9dd-00",
        "User-Agent": "azsdk-net-ResourceManager/1.7.0 (.NET Framework 4.8.9166.0; Microsoft Windows 10.0.23506 )",
        "x-ms-client-request-id": "19385f662f5e1dde81553ed44c93c4bb",
        "x-ms-return-client-request-id": "true"
      },
      "RequestBody": null,
      "StatusCode": 200,
      "ResponseHeaders": {
        "Cache-Control": "no-store, no-cache",
        "Content-Length": "21",
        "Content-Type": "application/json",
        "Date": "Wed, 26 Jul 2023 20:42:55 GMT",
        "Pragma": "no-cache",
        "Server": "Microsoft-HTTPAPI/2.0",
        "Strict-Transport-Security": "max-age=31536000; includeSubDomains",
        "X-Content-Type-Options": "nosniff",
        "x-ms-correlation-request-id": "d6512d72-bfad-4558-a0b5-fd4cf30f0135",
        "x-ms-gatewayversion": "version=2.14.0",
        "x-ms-ratelimit-remaining-subscription-reads": "11994",
        "x-ms-request-id": "d6512d72-bfad-4558-a0b5-fd4cf30f0135",
        "x-ms-routing-request-id": "SOUTHCENTRALUS:20230726T204255Z:d6512d72-bfad-4558-a0b5-fd4cf30f0135"
      },
      "ResponseBody": {
        "status": "Dequeued"
      }
    },
    {
      "RequestUri": "https://management.azure.com/subscriptions/12053b8f-cab5-4f5c-9c1a-870580142abd/providers/Microsoft.DocumentDB/locations/westus2/operationsStatus/e0850dff-ca3d-43e1-b040-44759b4d1e23?api-version=2023-03-15-preview",
      "RequestMethod": "GET",
      "RequestHeaders": {
        "Authorization": "Sanitized",
        "traceparent": "00-cb881b01e0d3a691901c97c20f27315c-96f75239b0903362-00",
        "User-Agent": "azsdk-net-ResourceManager/1.7.0 (.NET Framework 4.8.9166.0; Microsoft Windows 10.0.23506 )",
        "x-ms-client-request-id": "7bfe6db4a516289b740e355b7a8b9b52",
        "x-ms-return-client-request-id": "true"
      },
      "RequestBody": null,
      "StatusCode": 200,
      "ResponseHeaders": {
        "Cache-Control": "no-store, no-cache",
        "Content-Length": "21",
        "Content-Type": "application/json",
        "Date": "Wed, 26 Jul 2023 20:42:57 GMT",
        "Pragma": "no-cache",
        "Server": "Microsoft-HTTPAPI/2.0",
        "Strict-Transport-Security": "max-age=31536000; includeSubDomains",
        "X-Content-Type-Options": "nosniff",
        "x-ms-correlation-request-id": "3ab83d55-9d19-4ce4-a517-7e829d530505",
        "x-ms-gatewayversion": "version=2.14.0",
        "x-ms-ratelimit-remaining-subscription-reads": "11993",
        "x-ms-request-id": "3ab83d55-9d19-4ce4-a517-7e829d530505",
        "x-ms-routing-request-id": "SOUTHCENTRALUS:20230726T204257Z:3ab83d55-9d19-4ce4-a517-7e829d530505"
      },
      "ResponseBody": {
        "status": "Dequeued"
      }
    },
    {
      "RequestUri": "https://management.azure.com/subscriptions/12053b8f-cab5-4f5c-9c1a-870580142abd/providers/Microsoft.DocumentDB/locations/westus2/operationsStatus/e0850dff-ca3d-43e1-b040-44759b4d1e23?api-version=2023-03-15-preview",
      "RequestMethod": "GET",
      "RequestHeaders": {
        "Authorization": "Sanitized",
        "traceparent": "00-cb881b01e0d3a691901c97c20f27315c-514b8cbe7582b7ee-00",
        "User-Agent": "azsdk-net-ResourceManager/1.7.0 (.NET Framework 4.8.9166.0; Microsoft Windows 10.0.23506 )",
        "x-ms-client-request-id": "bb57ab5f4ae97920d765e7acc1bafde0",
        "x-ms-return-client-request-id": "true"
      },
      "RequestBody": null,
      "StatusCode": 200,
      "ResponseHeaders": {
        "Cache-Control": "no-store, no-cache",
        "Content-Length": "21",
        "Content-Type": "application/json",
        "Date": "Wed, 26 Jul 2023 20:43:01 GMT",
        "Pragma": "no-cache",
        "Server": "Microsoft-HTTPAPI/2.0",
        "Strict-Transport-Security": "max-age=31536000; includeSubDomains",
        "X-Content-Type-Options": "nosniff",
        "x-ms-correlation-request-id": "6beeb7ae-4de1-4e6f-8fdd-3a5dfc7733e6",
        "x-ms-gatewayversion": "version=2.14.0",
        "x-ms-ratelimit-remaining-subscription-reads": "11992",
        "x-ms-request-id": "6beeb7ae-4de1-4e6f-8fdd-3a5dfc7733e6",
        "x-ms-routing-request-id": "SOUTHCENTRALUS:20230726T204301Z:6beeb7ae-4de1-4e6f-8fdd-3a5dfc7733e6"
      },
      "ResponseBody": {
        "status": "Dequeued"
      }
    },
    {
      "RequestUri": "https://management.azure.com/subscriptions/12053b8f-cab5-4f5c-9c1a-870580142abd/providers/Microsoft.DocumentDB/locations/westus2/operationsStatus/e0850dff-ca3d-43e1-b040-44759b4d1e23?api-version=2023-03-15-preview",
      "RequestMethod": "GET",
      "RequestHeaders": {
        "Authorization": "Sanitized",
        "traceparent": "00-cb881b01e0d3a691901c97c20f27315c-b79ae4e605518ff5-00",
        "User-Agent": "azsdk-net-ResourceManager/1.7.0 (.NET Framework 4.8.9166.0; Microsoft Windows 10.0.23506 )",
        "x-ms-client-request-id": "30469dc0dde6c021c40fa54ffa83a3f5",
        "x-ms-return-client-request-id": "true"
      },
      "RequestBody": null,
      "StatusCode": 200,
      "ResponseHeaders": {
        "Cache-Control": "no-store, no-cache",
        "Content-Length": "21",
        "Content-Type": "application/json",
        "Date": "Wed, 26 Jul 2023 20:43:09 GMT",
        "Pragma": "no-cache",
        "Server": "Microsoft-HTTPAPI/2.0",
        "Strict-Transport-Security": "max-age=31536000; includeSubDomains",
        "X-Content-Type-Options": "nosniff",
        "x-ms-correlation-request-id": "c64612d0-702e-476b-aa36-ccaf3cd33bf4",
        "x-ms-gatewayversion": "version=2.14.0",
        "x-ms-ratelimit-remaining-subscription-reads": "11991",
        "x-ms-request-id": "c64612d0-702e-476b-aa36-ccaf3cd33bf4",
        "x-ms-routing-request-id": "SOUTHCENTRALUS:20230726T204310Z:c64612d0-702e-476b-aa36-ccaf3cd33bf4"
      },
      "ResponseBody": {
        "status": "Dequeued"
      }
    },
    {
      "RequestUri": "https://management.azure.com/subscriptions/12053b8f-cab5-4f5c-9c1a-870580142abd/providers/Microsoft.DocumentDB/locations/westus2/operationsStatus/e0850dff-ca3d-43e1-b040-44759b4d1e23?api-version=2023-03-15-preview",
      "RequestMethod": "GET",
      "RequestHeaders": {
        "Authorization": "Sanitized",
        "traceparent": "00-cb881b01e0d3a691901c97c20f27315c-001f11b3327fbc44-00",
        "User-Agent": "azsdk-net-ResourceManager/1.7.0 (.NET Framework 4.8.9166.0; Microsoft Windows 10.0.23506 )",
        "x-ms-client-request-id": "a175ecba093c6ad24c85a3b1beee66b9",
        "x-ms-return-client-request-id": "true"
      },
      "RequestBody": null,
      "StatusCode": 200,
      "ResponseHeaders": {
        "Cache-Control": "no-store, no-cache",
        "Content-Length": "21",
        "Content-Type": "application/json",
        "Date": "Wed, 26 Jul 2023 20:43:25 GMT",
        "Pragma": "no-cache",
        "Server": "Microsoft-HTTPAPI/2.0",
        "Strict-Transport-Security": "max-age=31536000; includeSubDomains",
        "X-Content-Type-Options": "nosniff",
        "x-ms-correlation-request-id": "3b17b951-af32-48b9-a3a7-0142b8fce5b0",
        "x-ms-gatewayversion": "version=2.14.0",
        "x-ms-ratelimit-remaining-subscription-reads": "11990",
        "x-ms-request-id": "3b17b951-af32-48b9-a3a7-0142b8fce5b0",
        "x-ms-routing-request-id": "SOUTHCENTRALUS:20230726T204326Z:3b17b951-af32-48b9-a3a7-0142b8fce5b0"
      },
      "ResponseBody": {
        "status": "Dequeued"
      }
    },
    {
      "RequestUri": "https://management.azure.com/subscriptions/12053b8f-cab5-4f5c-9c1a-870580142abd/providers/Microsoft.DocumentDB/locations/westus2/operationsStatus/e0850dff-ca3d-43e1-b040-44759b4d1e23?api-version=2023-03-15-preview",
      "RequestMethod": "GET",
      "RequestHeaders": {
        "Authorization": "Sanitized",
        "traceparent": "00-cb881b01e0d3a691901c97c20f27315c-b9bcf8b0f7ca6486-00",
        "User-Agent": "azsdk-net-ResourceManager/1.7.0 (.NET Framework 4.8.9166.0; Microsoft Windows 10.0.23506 )",
        "x-ms-client-request-id": "dd9a55116b45826c8996f6d9a5d17f54",
        "x-ms-return-client-request-id": "true"
      },
      "RequestBody": null,
      "StatusCode": 200,
      "ResponseHeaders": {
        "Cache-Control": "no-store, no-cache",
        "Content-Length": "21",
        "Content-Type": "application/json",
        "Date": "Wed, 26 Jul 2023 20:43:57 GMT",
        "Pragma": "no-cache",
        "Server": "Microsoft-HTTPAPI/2.0",
        "Strict-Transport-Security": "max-age=31536000; includeSubDomains",
        "X-Content-Type-Options": "nosniff",
        "x-ms-correlation-request-id": "220b2899-d979-4553-8f98-aa9018e58d18",
        "x-ms-gatewayversion": "version=2.14.0",
        "x-ms-ratelimit-remaining-subscription-reads": "11989",
        "x-ms-request-id": "220b2899-d979-4553-8f98-aa9018e58d18",
        "x-ms-routing-request-id": "SOUTHCENTRALUS:20230726T204358Z:220b2899-d979-4553-8f98-aa9018e58d18"
      },
      "ResponseBody": {
        "status": "Dequeued"
      }
    },
    {
      "RequestUri": "https://management.azure.com/subscriptions/12053b8f-cab5-4f5c-9c1a-870580142abd/providers/Microsoft.DocumentDB/locations/westus2/operationsStatus/e0850dff-ca3d-43e1-b040-44759b4d1e23?api-version=2023-03-15-preview",
      "RequestMethod": "GET",
      "RequestHeaders": {
        "Authorization": "Sanitized",
        "traceparent": "00-cb881b01e0d3a691901c97c20f27315c-9e78a1ce5713ba8a-00",
        "User-Agent": "azsdk-net-ResourceManager/1.7.0 (.NET Framework 4.8.9166.0; Microsoft Windows 10.0.23506 )",
        "x-ms-client-request-id": "d4f2f1c25c45b7a3cadbe360397002d5",
        "x-ms-return-client-request-id": "true"
      },
      "RequestBody": null,
      "StatusCode": 200,
      "ResponseHeaders": {
        "Cache-Control": "no-store, no-cache",
        "Content-Length": "21",
        "Content-Type": "application/json",
        "Date": "Wed, 26 Jul 2023 20:44:30 GMT",
        "Pragma": "no-cache",
        "Server": "Microsoft-HTTPAPI/2.0",
        "Strict-Transport-Security": "max-age=31536000; includeSubDomains",
        "X-Content-Type-Options": "nosniff",
        "x-ms-correlation-request-id": "b6e764b4-d541-4cf5-a083-817740837cd0",
        "x-ms-gatewayversion": "version=2.14.0",
        "x-ms-ratelimit-remaining-subscription-reads": "11988",
        "x-ms-request-id": "b6e764b4-d541-4cf5-a083-817740837cd0",
        "x-ms-routing-request-id": "SOUTHCENTRALUS:20230726T204430Z:b6e764b4-d541-4cf5-a083-817740837cd0"
      },
      "ResponseBody": {
        "status": "Dequeued"
      }
    },
    {
      "RequestUri": "https://management.azure.com/subscriptions/12053b8f-cab5-4f5c-9c1a-870580142abd/providers/Microsoft.DocumentDB/locations/westus2/operationsStatus/e0850dff-ca3d-43e1-b040-44759b4d1e23?api-version=2023-03-15-preview",
      "RequestMethod": "GET",
      "RequestHeaders": {
        "Authorization": "Sanitized",
        "traceparent": "00-cb881b01e0d3a691901c97c20f27315c-fc9c5c02acdb0d61-00",
        "User-Agent": "azsdk-net-ResourceManager/1.7.0 (.NET Framework 4.8.9166.0; Microsoft Windows 10.0.23506 )",
        "x-ms-client-request-id": "a43eeba8c6e94eaf80f217a512f8c47b",
        "x-ms-return-client-request-id": "true"
      },
      "RequestBody": null,
      "StatusCode": 200,
      "ResponseHeaders": {
        "Cache-Control": "no-store, no-cache",
        "Content-Length": "21",
        "Content-Type": "application/json",
        "Date": "Wed, 26 Jul 2023 20:45:02 GMT",
        "Pragma": "no-cache",
        "Server": "Microsoft-HTTPAPI/2.0",
        "Strict-Transport-Security": "max-age=31536000; includeSubDomains",
        "X-Content-Type-Options": "nosniff",
        "x-ms-correlation-request-id": "8ae6bd6e-9270-4433-9b82-16e9411f8a70",
        "x-ms-gatewayversion": "version=2.14.0",
        "x-ms-ratelimit-remaining-subscription-reads": "11987",
        "x-ms-request-id": "8ae6bd6e-9270-4433-9b82-16e9411f8a70",
        "x-ms-routing-request-id": "SOUTHCENTRALUS:20230726T204502Z:8ae6bd6e-9270-4433-9b82-16e9411f8a70"
      },
      "ResponseBody": {
        "status": "Dequeued"
      }
    },
    {
      "RequestUri": "https://management.azure.com/subscriptions/12053b8f-cab5-4f5c-9c1a-870580142abd/providers/Microsoft.DocumentDB/locations/westus2/operationsStatus/e0850dff-ca3d-43e1-b040-44759b4d1e23?api-version=2023-03-15-preview",
      "RequestMethod": "GET",
      "RequestHeaders": {
        "Authorization": "Sanitized",
        "traceparent": "00-cb881b01e0d3a691901c97c20f27315c-553fd057ada1ec1c-00",
        "User-Agent": "azsdk-net-ResourceManager/1.7.0 (.NET Framework 4.8.9166.0; Microsoft Windows 10.0.23506 )",
        "x-ms-client-request-id": "ccee4e0691fcb573b1e31269870b4819",
        "x-ms-return-client-request-id": "true"
      },
      "RequestBody": null,
      "StatusCode": 200,
      "ResponseHeaders": {
        "Cache-Control": "no-store, no-cache",
        "Content-Length": "22",
        "Content-Type": "application/json",
        "Date": "Wed, 26 Jul 2023 20:45:33 GMT",
        "Pragma": "no-cache",
        "Server": "Microsoft-HTTPAPI/2.0",
        "Strict-Transport-Security": "max-age=31536000; includeSubDomains",
        "X-Content-Type-Options": "nosniff",
        "x-ms-correlation-request-id": "82c0bc68-568d-4e47-b713-2303cf34f6e6",
        "x-ms-gatewayversion": "version=2.14.0",
        "x-ms-ratelimit-remaining-subscription-reads": "11986",
        "x-ms-request-id": "82c0bc68-568d-4e47-b713-2303cf34f6e6",
        "x-ms-routing-request-id": "SOUTHCENTRALUS:20230726T204534Z:82c0bc68-568d-4e47-b713-2303cf34f6e6"
      },
      "ResponseBody": {
        "status": "Succeeded"
      }
    },
    {
      "RequestUri": "https://management.azure.com/subscriptions/12053b8f-cab5-4f5c-9c1a-870580142abd/resourceGroups/dbaccount-5024/providers/Microsoft.DocumentDB/databaseAccounts/dbaccount-228?api-version=2023-03-15-preview",
      "RequestMethod": "GET",
      "RequestHeaders": {
        "Authorization": "Sanitized",
        "traceparent": "00-cb881b01e0d3a691901c97c20f27315c-e035af0db3520645-00",
        "User-Agent": "azsdk-net-ResourceManager/1.7.0 (.NET Framework 4.8.9166.0; Microsoft Windows 10.0.23506 )",
        "x-ms-client-request-id": "b9302194da93fc6b41a3545344fda4d1",
        "x-ms-return-client-request-id": "true"
      },
      "RequestBody": null,
      "StatusCode": 200,
      "ResponseHeaders": {
        "Cache-Control": "no-store, no-cache",
        "Content-Length": "2924",
        "Content-Type": "application/json",
        "Date": "Wed, 26 Jul 2023 20:45:34 GMT",
        "Pragma": "no-cache",
        "Server": "Microsoft-HTTPAPI/2.0",
        "Strict-Transport-Security": "max-age=31536000; includeSubDomains",
        "X-Content-Type-Options": "nosniff",
        "x-ms-correlation-request-id": "9a90e1d1-c32e-4c72-b3c4-cb4ebfc641cd",
        "x-ms-gatewayversion": "version=2.14.0",
        "x-ms-ratelimit-remaining-subscription-reads": "11985",
        "x-ms-request-id": "9a90e1d1-c32e-4c72-b3c4-cb4ebfc641cd",
        "x-ms-routing-request-id": "SOUTHCENTRALUS:20230726T204534Z:9a90e1d1-c32e-4c72-b3c4-cb4ebfc641cd"
      },
      "ResponseBody": {
        "id": "/subscriptions/12053b8f-cab5-4f5c-9c1a-870580142abd/resourceGroups/dbaccount-5024/providers/Microsoft.DocumentDB/databaseAccounts/dbaccount-228",
        "name": "dbaccount-228",
        "location": "West US 2",
        "type": "Microsoft.DocumentDB/databaseAccounts",
        "kind": "GlobalDocumentDB",
        "tags": {
          "key1": "value1",
          "key2": "value2"
        },
        "systemData": {
          "createdAt": "2023-07-26T20:45:07.4861325Z"
        },
        "properties": {
          "provisioningState": "Succeeded",
          "documentEndpoint": "https://dbaccount-228.documents.azure.com:443/",
          "gremlinEndpoint": "https://dbaccount-228.gremlin.cosmos.azure.com:443/",
          "sqlEndpoint": "https://dbaccount-228.documents.azure.com:443/",
          "publicNetworkAccess": "Enabled",
          "enableAutomaticFailover": false,
          "enableMultipleWriteLocations": false,
          "enablePartitionKeyMonitor": false,
          "isVirtualNetworkFilterEnabled": true,
          "virtualNetworkRules": [],
          "EnabledApiTypes": "Gremlin, Sql",
          "disableKeyBasedMetadataWriteAccess": false,
          "enableFreeTier": false,
          "enableAnalyticalStorage": false,
          "analyticalStorageConfiguration": {
            "schemaType": "WellDefined"
          },
          "instanceId": "91475f7e-d918-4b2d-9211-8c6e46b39fde",
          "createMode": "Default",
          "databaseAccountOfferType": "Standard",
          "enableCassandraConnector": false,
          "connectorOffer": "Small",
          "enableMaterializedViews": false,
          "defaultIdentity": "FirstPartyIdentity",
          "networkAclBypass": "None",
          "disableLocalAuth": false,
          "enablePartitionMerge": false,
          "enableBurstCapacity": false,
          "minimalTlsVersion": "Tls",
          "consistencyPolicy": {
            "defaultConsistencyLevel": "BoundedStaleness",
            "maxIntervalInSeconds": 1000,
            "maxStalenessPrefix": 300
          },
          "configurationOverrides": {},
          "writeLocations": [
            {
              "id": "dbaccount-228-westus",
              "locationName": "West US",
              "documentEndpoint": "https://dbaccount-228-westus.documents.azure.com:443/",
              "provisioningState": "Succeeded",
              "failoverPriority": 0,
              "isZoneRedundant": false
            }
          ],
          "readLocations": [
            {
              "id": "dbaccount-228-westus",
              "locationName": "West US",
              "documentEndpoint": "https://dbaccount-228-westus.documents.azure.com:443/",
              "provisioningState": "Succeeded",
              "failoverPriority": 0,
              "isZoneRedundant": false
            }
          ],
          "locations": [
            {
              "id": "dbaccount-228-westus",
              "locationName": "West US",
              "documentEndpoint": "https://dbaccount-228-westus.documents.azure.com:443/",
              "provisioningState": "Succeeded",
              "failoverPriority": 0,
              "isZoneRedundant": false
            }
          ],
          "failoverPolicies": [
            {
              "id": "dbaccount-228-westus",
              "locationName": "West US",
              "failoverPriority": 0
            }
          ],
          "cors": [],
          "capabilities": [
            {
              "name": "EnableGremlin"
            }
          ],
          "ipRules": [
            {
              "ipAddressOrRange": "23.43.230.120"
            }
          ],
          "backupPolicy": {
            "type": "Continuous",
            "continuousModeProperties": {
              "tier": "Continuous30Days"
            }
          },
          "networkAclBypassResourceIds": [],
          "diagnosticLogSettings": {
            "enableFullTextQuery": "None"
          },
          "keysMetadata": {
            "primaryMasterKey": {
              "generationTime": "2023-07-26T20:45:07.4861325Z"
            },
            "secondaryMasterKey": {
              "generationTime": "2023-07-26T20:45:07.4861325Z"
            },
            "primaryReadonlyMasterKey": {
              "generationTime": "2023-07-26T20:45:07.4861325Z"
            },
            "secondaryReadonlyMasterKey": {
              "generationTime": "2023-07-26T20:45:07.4861325Z"
            }
          }
        },
        "identity": {
          "type": "None"
        }
      }
    }
  ],
  "Variables": {
    "AZURE_AUTHORITY_HOST": "https://login.microsoftonline.com",
    "RandomSeed": "186620195",
    "RESOURCE_MANAGER_URL": null,
    "SUBSCRIPTION_ID": "12053b8f-cab5-4f5c-9c1a-870580142abd"
  }
}
