{
  "Entries": [
    {
      "RequestUri": "https://management.azure.com/subscriptions/e37510d7-33b6-4676-886f-ee75bcc01871?api-version=2022-12-01",
      "RequestMethod": "GET",
      "RequestHeaders": {
        "Accept": "application/json",
        "Authorization": "Sanitized",
        "traceparent": "00-d1888aae040661287548d9e07a8f6528-bea8f706ef87f106-00",
        "User-Agent": "azsdk-net-ResourceManager/1.11.0 (.NET 6.0.27; Microsoft Windows 10.0.22631)",
        "x-ms-client-request-id": "e1bba0ea04417de4804303db98557750",
        "x-ms-return-client-request-id": "true"
      },
      "RequestBody": null,
      "StatusCode": 200,
      "ResponseHeaders": {
        "Cache-Control": "no-cache",
        "Content-Length": "456",
        "Content-Type": "application/json; charset=utf-8",
        "Date": "Mon, 29 Apr 2024 19:07:02 GMT",
        "Expires": "-1",
        "Pragma": "no-cache",
        "Strict-Transport-Security": "max-age=31536000; includeSubDomains",
        "X-Cache": "CONFIG_NOCACHE",
        "X-Content-Type-Options": "nosniff",
        "x-ms-correlation-request-id": "41b1f2a5-2daf-40f3-bf4f-f2bdc5150178",
        "x-ms-ratelimit-remaining-subscription-reads": "11998",
        "x-ms-request-id": "41b1f2a5-2daf-40f3-bf4f-f2bdc5150178",
        "x-ms-routing-request-id": "SOUTHCENTRALUS:20240429T190702Z:41b1f2a5-2daf-40f3-bf4f-f2bdc5150178",
        "X-MSEdge-Ref": "Ref A: 65B659CAC7DF468B9D2A748E819EF871 Ref B: SN4AA2022304023 Ref C: 2024-04-29T19:07:02Z"
      },
      "ResponseBody": {
        "id": "/subscriptions/e37510d7-33b6-4676-886f-ee75bcc01871",
        "authorizationSource": "RoleBased",
        "managedByTenants": [],
        "tags": {
          "SkipGreenTeamLinuxSSHAuthForSub": "1020642667"
        },
        "subscriptionId": "e37510d7-33b6-4676-886f-ee75bcc01871",
        "tenantId": "72f988bf-86f1-41af-91ab-2d7cd011db47",
        "displayName": "CPlat SDK/PowerShell",
        "state": "Enabled",
        "subscriptionPolicies": {
          "locationPlacementId": "Internal_2014-09-01",
          "quotaId": "Internal_2014-09-01",
          "spendingLimit": "Off"
        }
      }
    },
    {
      "RequestUri": "https://management.azure.com/subscriptions/e37510d7-33b6-4676-886f-ee75bcc01871/resourcegroups/testRG-3145?api-version=2022-09-01",
      "RequestMethod": "PUT",
      "RequestHeaders": {
        "Accept": "application/json",
        "Authorization": "Sanitized",
        "Content-Length": "43",
        "Content-Type": "application/json",
        "traceparent": "00-57512e35c9c6a64ddce22deae88a3c6c-1f636e7893d392d2-00",
        "User-Agent": "azsdk-net-ResourceManager/1.11.0 (.NET 6.0.27; Microsoft Windows 10.0.22631)",
        "x-ms-client-request-id": "7076d68bc862c1c198ca2ecd1bb272a0",
        "x-ms-return-client-request-id": "true"
      },
      "RequestBody": {
        "tags": {
          "test": "env"
        },
        "location": "eastus"
      },
      "StatusCode": 201,
      "ResponseHeaders": {
        "Cache-Control": "no-cache",
        "Content-Length": "241",
        "Content-Type": "application/json; charset=utf-8",
        "Date": "Mon, 29 Apr 2024 19:07:02 GMT",
        "Expires": "-1",
        "Pragma": "no-cache",
        "Strict-Transport-Security": "max-age=31536000; includeSubDomains",
        "X-Cache": "CONFIG_NOCACHE",
        "X-Content-Type-Options": "nosniff",
        "x-ms-correlation-request-id": "221c010f-676e-4146-8c26-c476d4fe4361",
        "x-ms-ratelimit-remaining-subscription-writes": "1199",
        "x-ms-request-id": "221c010f-676e-4146-8c26-c476d4fe4361",
        "x-ms-routing-request-id": "SOUTHCENTRALUS:20240429T190703Z:221c010f-676e-4146-8c26-c476d4fe4361",
        "X-MSEdge-Ref": "Ref A: 1F26D021301447CA916B0185535178DC Ref B: SN4AA2022304023 Ref C: 2024-04-29T19:07:02Z"
      },
      "ResponseBody": {
        "id": "/subscriptions/e37510d7-33b6-4676-886f-ee75bcc01871/resourceGroups/testRG-3145",
        "name": "testRG-3145",
        "type": "Microsoft.Resources/resourceGroups",
        "location": "eastus",
        "tags": {
          "test": "env"
        },
        "properties": {
          "provisioningState": "Succeeded"
        }
      }
    },
    {
      "RequestUri": "https://management.azure.com/subscriptions/e37510d7-33b6-4676-886f-ee75bcc01871/resourceGroups/testRG-3145/providers/Microsoft.Compute/availabilitySets/testAS-6953?api-version=2024-03-01",
      "RequestMethod": "PUT",
      "RequestHeaders": {
        "Accept": "application/json",
        "Authorization": "Sanitized",
        "Content-Length": "60",
        "Content-Type": "application/json",
        "traceparent": "00-d2c8ed9df475454b0eae9b580c8015ec-c0b59b04d2f872dc-00",
        "User-Agent": "azsdk-net-ResourceManager.Compute/1.5.0-alpha.20240429.1 (.NET 6.0.27; Microsoft Windows 10.0.22631)",
        "x-ms-client-request-id": "79ac69acd8cb624a58563f3f426979f0",
        "x-ms-return-client-request-id": "true"
      },
      "RequestBody": {
        "tags": {
          "key": "value"
        },
        "location": "eastus",
        "properties": {}
      },
      "StatusCode": 200,
      "ResponseHeaders": {
        "Cache-Control": "no-cache",
        "Content-Length": "428",
        "Content-Type": "application/json; charset=utf-8",
        "Date": "Mon, 29 Apr 2024 19:07:03 GMT",
        "Expires": "-1",
        "Pragma": "no-cache",
        "Strict-Transport-Security": "max-age=31536000; includeSubDomains",
        "X-Cache": "CONFIG_NOCACHE",
        "X-Content-Type-Options": "nosniff",
        "x-ms-client-request-id": "79ac69acd8cb624a58563f3f426979f0",
        "x-ms-correlation-request-id": "cc68dcd3-756f-4e0b-83dc-4e69bc8f966e",
        "x-ms-ratelimit-remaining-resource": "Microsoft.Compute/PutVMSubscriptionMaximum;1477",
        "x-ms-ratelimit-remaining-subscription-writes": "1199",
        "x-ms-request-id": "2c28cff7-6964-44a9-87c7-abf06cc8af0b",
        "x-ms-routing-request-id": "SOUTHCENTRALUS:20240429T190704Z:cc68dcd3-756f-4e0b-83dc-4e69bc8f966e",
        "X-MSEdge-Ref": "Ref A: B112796434B8415CBB0BA471C2255821 Ref B: SN4AA2022304023 Ref C: 2024-04-29T19:07:03Z"
      },
      "ResponseBody": {
        "name": "testAS-6953",
        "id": "/subscriptions/e37510d7-33b6-4676-886f-ee75bcc01871/resourceGroups/testRG-3145/providers/Microsoft.Compute/availabilitySets/testAS-6953",
        "type": "Microsoft.Compute/availabilitySets",
        "location": "eastus",
        "tags": {
          "key": "value"
        },
        "properties": {
          "platformUpdateDomainCount": 5,
          "platformFaultDomainCount": 3
        },
        "sku": {
          "name": "Classic"
        }
      }
    },
    {
      "RequestUri": "https://management.azure.com/subscriptions/e37510d7-33b6-4676-886f-ee75bcc01871/resourceGroups/testRG-3145/providers/Microsoft.Compute/availabilitySets/testAS-6953?api-version=2024-03-01",
      "RequestMethod": "DELETE",
      "RequestHeaders": {
        "Accept": "application/json",
        "Authorization": "Sanitized",
        "traceparent": "00-93b5d4bbc02fd8b0af5459d79ff5abf0-eda1661121acee88-00",
        "User-Agent": "azsdk-net-ResourceManager.Compute/1.5.0-alpha.20240429.1 (.NET 6.0.27; Microsoft Windows 10.0.22631)",
        "x-ms-client-request-id": "365de4437a0bf23d20806c1a4fb32750",
        "x-ms-return-client-request-id": "true"
      },
      "RequestBody": null,
      "StatusCode": 200,
      "ResponseHeaders": {
        "Cache-Control": "no-cache",
        "Content-Length": "0",
        "Date": "Mon, 29 Apr 2024 19:07:07 GMT",
        "Expires": "-1",
        "Pragma": "no-cache",
        "Strict-Transport-Security": "max-age=31536000; includeSubDomains",
        "X-Cache": "CONFIG_NOCACHE",
        "X-Content-Type-Options": "nosniff",
        "x-ms-client-request-id": "365de4437a0bf23d20806c1a4fb32750",
        "x-ms-correlation-request-id": "5bbb6052-22fa-4831-81fb-aa7eda4cf74a",
        "x-ms-ratelimit-remaining-resource": "Microsoft.Compute/DeleteVMSubscriptionMaximum;1497",
        "x-ms-ratelimit-remaining-subscription-deletes": "14999",
        "x-ms-request-id": "2b773d95-968b-4cdc-b604-ddbd9c301787",
        "x-ms-routing-request-id": "SOUTHCENTRALUS:20240429T190708Z:5bbb6052-22fa-4831-81fb-aa7eda4cf74a",
        "X-MSEdge-Ref": "Ref A: A73D7C81CC0A47448D4AF62FE45ED34C Ref B: SN4AA2022304023 Ref C: 2024-04-29T19:07:04Z"
      },
      "ResponseBody": null
    }
  ],
  "Variables": {
    "AZURE_AUTHORITY_HOST": "https://login.microsoftonline.com",
    "CLIENT_ID": "dabb17ce-b384-4f84-bdb9-20ac934a86a0",
    "RandomSeed": "1831798121",
    "RESOURCE_MANAGER_URL": null,
    "SUBSCRIPTION_ID": "e37510d7-33b6-4676-886f-ee75bcc01871",
    "TENANT_ID": "72f988bf-86f1-41af-91ab-2d7cd011db47"
  }
}
