{
  "Entries": [
    {
      "RequestUri": "https://Sanitized/dbs",
      "RequestMethod": "POST",
      "RequestHeaders": {
        "Accept": "*/*",
        "Accept-Encoding": "gzip, deflate",
        "Authorization": "Sanitized",
        "Content-Length": "65",
        "Content-Type": "application/json",
        "User-Agent": "azsdk-rust-data_cosmos/0.23.0 (1.83.0; linux; x86_64)",
        "x-ms-date": "thu, 27 mar 2025 22:46:22 gmt",
        "x-ms-version": "2020-07-15"
      },
      "RequestBody": {
        "id": "ItemCRUD_single_partition_query_with_parameters_STABLEID"
      },
      "StatusCode": 201,
      "ResponseHeaders": {
        "Access-Control-Allow-Credentials": "true",
        "Access-Control-Allow-Origin": "",
        "Cache-Control": "no-store, no-cache",
        "Content-Type": "application/json",
        "Date": "Thu, 27 Mar 2025 22:46:22 GMT",
        "ETag": "\"00000000-0000-0000-9f6a-105b6a4301db\"",
        "lsn": "1379",
        "Pragma": "no-cache",
        "Server": "Microsoft-HTTPAPI/2.0",
        "Transfer-Encoding": "chunked",
        "x-ms-activity-id": "a279e9a9-e9e6-4d02-8349-1b8bfa79a34c",
        "x-ms-cosmos-internal-partition-id": "780e44f4-38c8-11e6-8106-8cdcd42c33be",
        "x-ms-cosmos-llsn": "1379",
        "x-ms-cosmos-quorum-acked-llsn": "1378",
        "x-ms-current-replica-set-size": "1",
        "x-ms-current-write-quorum": "1",
        "x-ms-gatewayversion": "version=2.14.0",
        "x-ms-global-Committed-lsn": "-1",
        "x-ms-last-state-change-utc": "Thu, 27 Mar 2025 21:28:49.606 GMT",
        "x-ms-number-of-read-regions": "0",
        "x-ms-quorum-acked-lsn": "1378",
        "x-ms-request-charge": "4.95",
        "x-ms-request-duration-ms": "6.286",
        "x-ms-resource-quota": "databases=1000;",
        "x-ms-resource-usage": "databases=9;",
        "x-ms-schemaversion": "1.18",
        "x-ms-serviceversion": "version=2.14.0.0",
        "x-ms-session-token": "0:-1#1379",
        "x-ms-transport-request-id": "16327",
        "x-ms-xp-role": "0"
      },
      "ResponseBody": {
        "id": "ItemCRUD_single_partition_query_with_parameters_STABLEID",
        "_rid": "LwUvAA==",
        "_self": "dbs/LwUvAA==/",
        "_etag": "\"00000000-0000-0000-9f6a-105b6a4301db\"",
        "_colls": "colls/",
        "_users": "users/",
        "_ts": 1743115582
      }
    },
    {
      "RequestUri": "https://Sanitized/dbs/ItemCRUD_single_partition_query_with_parameters_STABLEID/colls",
      "RequestMethod": "POST",
      "RequestHeaders": {
        "Accept": "*/*",
        "Accept-Encoding": "gzip, deflate",
        "Authorization": "Sanitized",
        "Content-Length": "88",
        "Content-Type": "application/json",
        "User-Agent": "azsdk-rust-data_cosmos/0.23.0 (1.83.0; linux; x86_64)",
        "x-ms-date": "thu, 27 mar 2025 22:46:22 gmt",
        "x-ms-version": "2020-07-15"
      },
      "RequestBody": {
        "id": "Container",
        "partitionKey": {
          "paths": [
            "/partition_key"
          ],
          "kind": "Hash",
          "version": 2
        }
      },
      "StatusCode": 201,
      "ResponseHeaders": {
        "Access-Control-Allow-Credentials": "true",
        "Access-Control-Allow-Origin": "",
        "Cache-Control": "no-store, no-cache",
        "collection-partition-index": "0",
        "collection-service-index": "0",
        "Content-Type": "application/json",
        "Date": "Thu, 27 Mar 2025 22:46:22 GMT",
        "ETag": "\"00000000-0000-0000-9f6a-10641e2601db\"",
        "lsn": "485",
        "Pragma": "no-cache",
        "Server": "Microsoft-HTTPAPI/2.0",
        "Transfer-Encoding": "chunked",
        "x-ms-activity-id": "d2460477-2565-4e3b-9651-ac76b10ee444",
        "x-ms-alt-content-path": "dbs/ItemCRUD_single_partition_query_with_parameters_STABLEID",
        "x-ms-cosmos-internal-partition-id": "a4cb4954-38c8-11e6-8106-8cdcd42c33be",
        "x-ms-cosmos-item-llsn": "485",
        "x-ms-cosmos-llsn": "485",
        "x-ms-cosmos-max-content-length": "2097152",
        "x-ms-cosmos-physical-partition-id": "4",
        "x-ms-cosmos-quorum-acked-llsn": "485",
        "x-ms-current-replica-set-size": "1",
        "x-ms-current-write-quorum": "1",
        "x-ms-documentdb-partitionkeyrangeid": "0",
        "x-ms-gatewayversion": "version=2.14.0",
        "x-ms-global-Committed-lsn": "-1",
        "x-ms-item-lsn": "485",
        "x-ms-last-state-change-utc": "Thu, 27 Mar 2025 21:28:54.080 GMT",
        "x-ms-mtls-status": "mtls-auth-failed",
        "x-ms-number-of-read-regions": "0",
        "x-ms-quorum-acked-lsn": "485",
        "x-ms-request-charge": "1",
        "x-ms-request-duration-ms": "0.423",
        "x-ms-schemaversion": "1.18",
        "x-ms-serviceversion": "version=2.14.0.0",
        "x-ms-session-token": "0:-1#485",
        "x-ms-transport-request-id": "5010",
        "x-ms-xp-role": "0"
      },
      "ResponseBody": {
        "id": "Container",
        "indexingPolicy": {
          "indexingMode": "consistent",
          "automatic": true,
          "includedPaths": [
            {
              "path": "/*"
            }
          ],
          "excludedPaths": [
            {
              "path": "/\"_etag\"/?"
            }
          ]
        },
        "partitionKey": {
          "paths": [
            "/partition_key"
          ],
          "kind": "Hash",
          "version": 2
        },
        "conflictResolutionPolicy": {
          "mode": "LastWriterWins",
          "conflictResolutionPath": "/_ts",
          "conflictResolutionProcedure": ""
        },
        "geospatialConfig": {
          "type": "Geography"
        },
        "_rid": "LwUvAL3nE78=",
        "_ts": 1743115582,
        "_self": "dbs/LwUvAA==/colls/LwUvAL3nE78=/",
        "_etag": "\"00000000-0000-0000-9f6a-10641e2601db\"",
        "_docs": "docs/",
        "_sprocs": "sprocs/",
        "_triggers": "triggers/",
        "_udfs": "udfs/",
        "_conflicts": "conflicts/"
      }
    },
    {
      "RequestUri": "https://Sanitized/dbs/ItemCRUD_single_partition_query_with_parameters_STABLEID/colls/Container/docs",
      "RequestMethod": "POST",
      "RequestHeaders": {
        "Accept": "*/*",
        "Accept-Encoding": "gzip, deflate",
        "Authorization": "Sanitized",
        "Content-Length": "58",
        "Content-Type": "application/json",
        "prefer": "return=minimal",
        "User-Agent": "azsdk-rust-data_cosmos/0.23.0 (1.83.0; linux; x86_64)",
        "x-ms-date": "thu, 27 mar 2025 22:46:22 gmt",
        "x-ms-documentdb-partitionkey": "[\"Partition1\"]",
        "x-ms-version": "2020-07-15"
      },
      "RequestBody": {
        "id": "Item1",
        "partition_key": "Partition1",
        "some_value": 1
      },
      "StatusCode": 201,
      "ResponseHeaders": {
        "Access-Control-Allow-Credentials": "true",
        "Access-Control-Allow-Origin": "",
        "Cache-Control": "no-store, no-cache",
        "Content-Type": "application/json",
        "Date": "Thu, 27 Mar 2025 22:46:22 GMT",
        "ETag": "\"00000000-0000-0000-9f6a-1080b3bd01db\"",
        "lsn": "486",
        "Pragma": "no-cache",
        "Server": "Microsoft-HTTPAPI/2.0",
        "Transfer-Encoding": "chunked",
        "x-ms-activity-id": "d3a92a08-d400-47c8-ab8a-5396e5b830b8",
        "x-ms-alt-content-path": "dbs/ItemCRUD_single_partition_query_with_parameters_STABLEID/colls/Container",
        "x-ms-content-path": "LwUvAL3nE78=",
        "x-ms-cosmos-internal-partition-id": "a4cb4954-38c8-11e6-8106-8cdcd42c33be",
        "x-ms-cosmos-llsn": "486",
        "x-ms-cosmos-physical-partition-id": "4",
        "x-ms-cosmos-quorum-acked-llsn": "485",
        "x-ms-current-replica-set-size": "1",
        "x-ms-current-write-quorum": "1",
        "x-ms-documentdb-partitionkeyrangeid": "0",
        "x-ms-gatewayversion": "version=2.14.0",
        "x-ms-global-Committed-lsn": "-1",
        "x-ms-last-state-change-utc": "Thu, 27 Mar 2025 21:28:54.080 GMT",
        "x-ms-number-of-read-regions": "0",
        "x-ms-quorum-acked-lsn": "485",
        "x-ms-request-charge": "6.29",
        "x-ms-request-duration-ms": "5.371",
        "x-ms-resource-quota": "documentSize=10240;documentsSize=10485760;documentsCount=-1;collectionSize=10485760;",
        "x-ms-resource-usage": "documentSize=0;documentsSize=0;documentsCount=0;collectionSize=1;",
        "x-ms-schemaversion": "1.18",
        "x-ms-serviceversion": "version=2.14.0.0",
        "x-ms-session-token": "0:-1#486",
        "x-ms-transport-request-id": "5011",
        "x-ms-xp-role": "0"
      },
      "ResponseBody": null
    },
    {
      "RequestUri": "https://Sanitized/dbs/ItemCRUD_single_partition_query_with_parameters_STABLEID/colls/Container/docs",
      "RequestMethod": "POST",
      "RequestHeaders": {
        "Accept": "*/*",
        "Accept-Encoding": "gzip, deflate",
        "Authorization": "Sanitized",
        "Content-Length": "58",
        "Content-Type": "application/json",
        "prefer": "return=minimal",
        "User-Agent": "azsdk-rust-data_cosmos/0.23.0 (1.83.0; linux; x86_64)",
        "x-ms-date": "thu, 27 mar 2025 22:46:22 gmt",
        "x-ms-documentdb-partitionkey": "[\"Partition1\"]",
        "x-ms-version": "2020-07-15"
      },
      "RequestBody": {
        "id": "Item2",
        "partition_key": "Partition1",
        "some_value": 2
      },
      "StatusCode": 201,
      "ResponseHeaders": {
        "Access-Control-Allow-Credentials": "true",
        "Access-Control-Allow-Origin": "",
        "Cache-Control": "no-store, no-cache",
        "Content-Type": "application/json",
        "Date": "Thu, 27 Mar 2025 22:46:22 GMT",
        "ETag": "\"00000000-0000-0000-9f6a-1082909701db\"",
        "lsn": "487",
        "Pragma": "no-cache",
        "Server": "Microsoft-HTTPAPI/2.0",
        "Transfer-Encoding": "chunked",
        "x-ms-activity-id": "1d65d98c-cf78-48a6-bfb2-8ad21e3447f7",
        "x-ms-alt-content-path": "dbs/ItemCRUD_single_partition_query_with_parameters_STABLEID/colls/Container",
        "x-ms-content-path": "LwUvAL3nE78=",
        "x-ms-cosmos-internal-partition-id": "a4cb4954-38c8-11e6-8106-8cdcd42c33be",
        "x-ms-cosmos-llsn": "487",
        "x-ms-cosmos-physical-partition-id": "4",
        "x-ms-cosmos-quorum-acked-llsn": "486",
        "x-ms-current-replica-set-size": "1",
        "x-ms-current-write-quorum": "1",
        "x-ms-documentdb-partitionkeyrangeid": "0",
        "x-ms-gatewayversion": "version=2.14.0",
        "x-ms-global-Committed-lsn": "-1",
        "x-ms-last-state-change-utc": "Thu, 27 Mar 2025 21:28:54.080 GMT",
        "x-ms-number-of-read-regions": "0",
        "x-ms-quorum-acked-lsn": "486",
        "x-ms-request-charge": "6.29",
        "x-ms-request-duration-ms": "4.472",
        "x-ms-resource-quota": "documentSize=10240;documentsSize=10485760;documentsCount=-1;collectionSize=10485760;",
        "x-ms-resource-usage": "documentSize=0;documentsSize=0;documentsCount=1;collectionSize=2;",
        "x-ms-schemaversion": "1.18",
        "x-ms-serviceversion": "version=2.14.0.0",
        "x-ms-session-token": "0:-1#487",
        "x-ms-transport-request-id": "5012",
        "x-ms-xp-role": "0"
      },
      "ResponseBody": null
    },
    {
      "RequestUri": "https://Sanitized/dbs/ItemCRUD_single_partition_query_with_parameters_STABLEID/colls/Container/docs",
      "RequestMethod": "POST",
      "RequestHeaders": {
        "Accept": "*/*",
        "Accept-Encoding": "gzip, deflate",
        "Authorization": "Sanitized",
        "Content-Length": "58",
        "Content-Type": "application/json",
        "prefer": "return=minimal",
        "User-Agent": "azsdk-rust-data_cosmos/0.23.0 (1.83.0; linux; x86_64)",
        "x-ms-date": "thu, 27 mar 2025 22:46:22 gmt",
        "x-ms-documentdb-partitionkey": "[\"Partition2\"]",
        "x-ms-version": "2020-07-15"
      },
      "RequestBody": {
        "id": "Item3",
        "partition_key": "Partition2",
        "some_value": 3
      },
      "StatusCode": 201,
      "ResponseHeaders": {
        "Access-Control-Allow-Credentials": "true",
        "Access-Control-Allow-Origin": "",
        "Cache-Control": "no-store, no-cache",
        "Content-Type": "application/json",
        "Date": "Thu, 27 Mar 2025 22:46:22 GMT",
        "ETag": "\"00000000-0000-0000-9f6a-10832f8c01db\"",
        "lsn": "488",
        "Pragma": "no-cache",
        "Server": "Microsoft-HTTPAPI/2.0",
        "Transfer-Encoding": "chunked",
        "x-ms-activity-id": "363fcb82-c490-41a5-84fa-7756d1a9e55a",
        "x-ms-alt-content-path": "dbs/ItemCRUD_single_partition_query_with_parameters_STABLEID/colls/Container",
        "x-ms-content-path": "LwUvAL3nE78=",
        "x-ms-cosmos-internal-partition-id": "a4cb4954-38c8-11e6-8106-8cdcd42c33be",
        "x-ms-cosmos-llsn": "488",
        "x-ms-cosmos-physical-partition-id": "4",
        "x-ms-cosmos-quorum-acked-llsn": "487",
        "x-ms-current-replica-set-size": "1",
        "x-ms-current-write-quorum": "1",
        "x-ms-documentdb-partitionkeyrangeid": "0",
        "x-ms-gatewayversion": "version=2.14.0",
        "x-ms-global-Committed-lsn": "-1",
        "x-ms-last-state-change-utc": "Thu, 27 Mar 2025 21:28:54.080 GMT",
        "x-ms-number-of-read-regions": "0",
        "x-ms-quorum-acked-lsn": "487",
        "x-ms-request-charge": "6.29",
        "x-ms-request-duration-ms": "9.03",
        "x-ms-resource-quota": "documentSize=10240;documentsSize=10485760;documentsCount=-1;collectionSize=10485760;",
        "x-ms-resource-usage": "documentSize=0;documentsSize=1;documentsCount=2;collectionSize=3;",
        "x-ms-schemaversion": "1.18",
        "x-ms-serviceversion": "version=2.14.0.0",
        "x-ms-session-token": "0:-1#488",
        "x-ms-transport-request-id": "5013",
        "x-ms-xp-role": "0"
      },
      "ResponseBody": null
    },
    {
      "RequestUri": "https://Sanitized/dbs/ItemCRUD_single_partition_query_with_parameters_STABLEID/colls/Container/docs",
      "RequestMethod": "POST",
      "RequestHeaders": {
        "Accept": "*/*",
        "Accept-Encoding": "gzip, deflate",
        "Authorization": "Sanitized",
        "Content-Length": "58",
        "Content-Type": "application/json",
        "prefer": "return=minimal",
        "User-Agent": "azsdk-rust-data_cosmos/0.23.0 (1.83.0; linux; x86_64)",
        "x-ms-date": "thu, 27 mar 2025 22:46:23 gmt",
        "x-ms-documentdb-partitionkey": "[\"Partition2\"]",
        "x-ms-version": "2020-07-15"
      },
      "RequestBody": {
        "id": "Item4",
        "partition_key": "Partition2",
        "some_value": 4
      },
      "StatusCode": 201,
      "ResponseHeaders": {
        "Access-Control-Allow-Credentials": "true",
        "Access-Control-Allow-Origin": "",
        "Cache-Control": "no-store, no-cache",
        "Content-Type": "application/json",
        "Date": "Thu, 27 Mar 2025 22:46:22 GMT",
        "ETag": "\"00000000-0000-0000-9f6a-10850c7501db\"",
        "lsn": "489",
        "Pragma": "no-cache",
        "Server": "Microsoft-HTTPAPI/2.0",
        "Transfer-Encoding": "chunked",
        "x-ms-activity-id": "826e781e-e5d1-41e8-807d-7105f187f6a4",
        "x-ms-alt-content-path": "dbs/ItemCRUD_single_partition_query_with_parameters_STABLEID/colls/Container",
        "x-ms-content-path": "LwUvAL3nE78=",
        "x-ms-cosmos-internal-partition-id": "a4cb4954-38c8-11e6-8106-8cdcd42c33be",
        "x-ms-cosmos-llsn": "489",
        "x-ms-cosmos-physical-partition-id": "4",
        "x-ms-cosmos-quorum-acked-llsn": "488",
        "x-ms-current-replica-set-size": "1",
        "x-ms-current-write-quorum": "1",
        "x-ms-documentdb-partitionkeyrangeid": "0",
        "x-ms-gatewayversion": "version=2.14.0",
        "x-ms-global-Committed-lsn": "-1",
        "x-ms-last-state-change-utc": "Thu, 27 Mar 2025 21:28:54.080 GMT",
        "x-ms-number-of-read-regions": "0",
        "x-ms-quorum-acked-lsn": "488",
        "x-ms-request-charge": "6.29",
        "x-ms-request-duration-ms": "5.154",
        "x-ms-resource-quota": "documentSize=10240;documentsSize=10485760;documentsCount=-1;collectionSize=10485760;",
        "x-ms-resource-usage": "documentSize=0;documentsSize=2;documentsCount=3;collectionSize=4;",
        "x-ms-schemaversion": "1.18",
        "x-ms-serviceversion": "version=2.14.0.0",
        "x-ms-session-token": "0:-1#489",
        "x-ms-transport-request-id": "5014",
        "x-ms-xp-role": "0"
      },
      "ResponseBody": null
    },
    {
      "RequestUri": "https://Sanitized/dbs/ItemCRUD_single_partition_query_with_parameters_STABLEID/colls/Container/docs",
      "RequestMethod": "POST",
      "RequestHeaders": {
        "Accept": "*/*",
        "Accept-Encoding": "gzip, deflate",
        "Authorization": "Sanitized",
        "Content-Length": "106",
        "Content-Type": "application/query+json",
        "User-Agent": "azsdk-rust-data_cosmos/0.23.0 (1.83.0; linux; x86_64)",
        "x-ms-date": "thu, 27 mar 2025 22:46:23 gmt",
        "x-ms-documentdb-partitionkey": "[\"Partition1\"]",
        "x-ms-documentdb-query": "True",
        "x-ms-version": "2020-07-15"
      },
      "RequestBody": {
        "query": "select * from c where c.some_value = @some_value",
        "parameters": [
          {
            "name": "Sanitized",
            "value": 2
          }
        ]
      },
      "StatusCode": 200,
      "ResponseHeaders": {
        "Access-Control-Allow-Credentials": "true",
        "Access-Control-Allow-Origin": "",
        "Cache-Control": "no-store, no-cache",
        "Content-Type": "application/json",
        "Date": "Thu, 27 Mar 2025 22:46:22 GMT",
        "lsn": "489",
        "Pragma": "no-cache",
        "Server": "Microsoft-HTTPAPI/2.0",
        "Transfer-Encoding": "chunked",
        "x-ms-activity-id": "aa946676-713c-4b3a-9c0c-62e42dcbee35",
        "x-ms-alt-content-path": "dbs/ItemCRUD_single_partition_query_with_parameters_STABLEID/colls/Container",
        "x-ms-content-path": "LwUvAL3nE78=",
        "x-ms-cosmos-internal-partition-id": "a4cb4954-38c8-11e6-8106-8cdcd42c33be",
        "x-ms-cosmos-is-partition-key-delete-pending": "false",
        "x-ms-cosmos-llsn": "489",
        "x-ms-cosmos-physical-partition-id": "4",
        "x-ms-cosmos-query-execution-info": "{\"reverseRidEnabled\":false,\"reverseIndexScan\":false}",
        "x-ms-cosmos-quorum-acked-llsn": "489",
        "x-ms-current-replica-set-size": "1",
        "x-ms-current-write-quorum": "1",
        "x-ms-documentdb-partitionkeyrangeid": "0",
        "x-ms-gatewayversion": "version=2.14.0",
        "x-ms-global-Committed-lsn": "-1",
        "x-ms-item-count": "1",
        "x-ms-last-state-change-utc": "Thu, 27 Mar 2025 21:28:54.080 GMT",
        "x-ms-number-of-read-regions": "0",
        "x-ms-quorum-acked-lsn": "489",
        "x-ms-request-charge": "2.92",
        "x-ms-request-duration-ms": "0.695",
        "x-ms-resource-quota": "documentSize=10240;documentsSize=10485760;documentsCount=-1;collectionSize=10485760;",
        "x-ms-resource-usage": "documentSize=0;documentsSize=2;documentsCount=4;collectionSize=4;",
        "x-ms-schemaversion": "1.18",
        "x-ms-serviceversion": "version=2.14.0.0",
        "x-ms-session-token": "0:-1#489",
        "x-ms-transport-request-id": "5015",
        "x-ms-xp-role": "0"
      },
      "ResponseBody": {
        "_rid": "LwUvAL3nE78=",
        "Documents": [
          {
            "id": "Item2",
            "partition_key": "Partition1",
            "some_value": 2,
            "_rid": "LwUvAL3nE78CAAAAAAAAAA==",
            "_self": "dbs/LwUvAA==/colls/LwUvAL3nE78=/docs/LwUvAL3nE78CAAAAAAAAAA==/",
            "_etag": "\"00000000-0000-0000-9f6a-1082909701db\"",
            "_attachments": "attachments/",
            "_ts": 1743115582
          }
        ],
        "_count": 1
      }
    },
    {
      "RequestUri": "https://Sanitized/dbs",
      "RequestMethod": "POST",
      "RequestHeaders": {
        "Accept": "*/*",
        "Accept-Encoding": "gzip, deflate",
        "Authorization": "Sanitized",
        "Content-Length": "168",
        "Content-Type": "application/query+json",
        "User-Agent": "azsdk-rust-data_cosmos/0.23.0 (1.83.0; linux; x86_64)",
        "x-ms-date": "thu, 27 mar 2025 22:46:23 gmt",
        "x-ms-documentdb-query": "True",
        "x-ms-version": "2020-07-15"
      },
      "RequestBody": {
        "query": "SELECT * FROM root r WHERE r.id LIKE CONCAT('%_', @context_id)",
        "parameters": [
          {
            "name": "Sanitized",
            "value": "single_partition_query_with_parameters_STABLEID"
          }
        ]
      },
      "StatusCode": 200,
      "ResponseHeaders": {
        "Access-Control-Allow-Credentials": "true",
        "Access-Control-Allow-Origin": "",
        "Cache-Control": "no-store, no-cache",
        "Content-Type": "application/json",
        "Date": "Thu, 27 Mar 2025 22:46:22 GMT",
        "lsn": "1380",
        "Pragma": "no-cache",
        "Server": "Microsoft-HTTPAPI/2.0",
        "Transfer-Encoding": "chunked",
        "x-ms-activity-id": "9c9baaad-b27a-46e7-ac36-d2135d0606a8",
        "x-ms-cosmos-internal-partition-id": "780e44f4-38c8-11e6-8106-8cdcd42c33be",
        "x-ms-cosmos-is-partition-key-delete-pending": "false",
        "x-ms-cosmos-llsn": "1380",
        "x-ms-cosmos-query-execution-info": "{\"reverseRidEnabled\":false,\"reverseIndexScan\":false}",
        "x-ms-cosmos-quorum-acked-llsn": "1380",
        "x-ms-current-replica-set-size": "1",
        "x-ms-current-write-quorum": "1",
        "x-ms-gatewayversion": "version=2.14.0",
        "x-ms-global-Committed-lsn": "-1",
        "x-ms-item-count": "1",
        "x-ms-last-state-change-utc": "Thu, 27 Mar 2025 21:28:49.606 GMT",
        "x-ms-number-of-read-regions": "0",
        "x-ms-quorum-acked-lsn": "1380",
        "x-ms-request-charge": "4.8",
        "x-ms-request-duration-ms": "0.567",
        "x-ms-resource-quota": "databases=1000;",
        "x-ms-resource-usage": "databases=9;",
        "x-ms-schemaversion": "1.18",
        "x-ms-serviceversion": "version=2.14.0.0",
        "x-ms-session-token": "0:-1#1380",
        "x-ms-transport-request-id": "16360",
        "x-ms-xp-role": "0"
      },
      "ResponseBody": {
        "_rid": "",
        "Databases": [
          {
            "id": "ItemCRUD_single_partition_query_with_parameters_STABLEID",
            "_rid": "LwUvAA==",
            "_self": "dbs/LwUvAA==/",
            "_etag": "\"00000000-0000-0000-9f6a-105b6a4301db\"",
            "_colls": "colls/",
            "_users": "users/",
            "_ts": 1743115582
          }
        ],
        "_count": 1
      }
    },
    {
      "RequestUri": "https://Sanitized/dbs/ItemCRUD_single_partition_query_with_parameters_STABLEID",
      "RequestMethod": "DELETE",
      "RequestHeaders": {
        "Accept": "*/*",
        "Accept-Encoding": "gzip, deflate",
        "Authorization": "Sanitized",
        "User-Agent": "azsdk-rust-data_cosmos/0.23.0 (1.83.0; linux; x86_64)",
        "x-ms-date": "thu, 27 mar 2025 22:46:23 gmt",
        "x-ms-version": "2020-07-15"
      },
      "RequestBody": null,
      "StatusCode": 204,
      "ResponseHeaders": {
        "Access-Control-Allow-Credentials": "true",
        "Access-Control-Allow-Origin": "",
        "Cache-Control": "no-store, no-cache",
        "Content-Length": "0",
        "Content-Location": "https://localhost:8081/dbs/ItemCRUD_single_partition_query_with_parameters_STABLEID",
        "Content-Type": "application/json",
        "Date": "Thu, 27 Mar 2025 22:46:23 GMT",
        "lsn": "1381",
        "Pragma": "no-cache",
        "Server": "Microsoft-HTTPAPI/2.0",
        "x-ms-activity-id": "31dddc5f-f41f-4ec0-ad08-05cd890fd194",
        "x-ms-cosmos-internal-partition-id": "780e44f4-38c8-11e6-8106-8cdcd42c33be",
        "x-ms-cosmos-llsn": "1381",
        "x-ms-cosmos-quorum-acked-llsn": "1380",
        "x-ms-current-replica-set-size": "1",
        "x-ms-current-write-quorum": "1",
        "x-ms-gatewayversion": "version=2.14.0",
        "x-ms-global-Committed-lsn": "-1",
        "x-ms-last-state-change-utc": "Thu, 27 Mar 2025 21:28:49.606 GMT",
        "x-ms-number-of-read-regions": "0",
        "x-ms-quorum-acked-lsn": "1380",
        "x-ms-request-charge": "4.95",
        "x-ms-request-duration-ms": "13.536",
        "x-ms-resource-quota": "databases=1000;",
        "x-ms-resource-usage": "databases=8;",
        "x-ms-schemaversion": "1.18",
        "x-ms-serviceversion": "version=2.14.0.0",
        "x-ms-session-token": "0:-1#1381",
        "x-ms-transport-request-id": "16368",
        "x-ms-xp-role": "0"
      },
      "ResponseBody": null
    }
  ],
  "Variables": {}
}
