{
  "Entries": [
    {
      "RequestUri": "https://endpoint/synonymmaps?api-version=2023-11-01\u0026$select=name",
      "RequestMethod": "GET",
      "RequestHeaders": {
        "Accept": "application/json;odata.metadata=minimal",
        "Accept-Encoding": "gzip,deflate",
        "api-key": "admin_key",
        "Connection": "keep-alive",
        "User-Agent": "azsdk-js-search-documents/12.0.0 core-rest-pipeline/1.12.2 Node/v16.20.2 OS/(x64-Linux-6.2.0-1014-azure)",
        "x-ms-client-request-id": "4a8a2590-7cec-425e-8b63-d1a01b436806"
      },
      "RequestBody": null,
      "StatusCode": 200,
      "ResponseHeaders": {
        "Content-Encoding": "gzip",
        "Content-Type": "application/json; odata.metadata=minimal; odata.streaming=true; charset=utf-8",
        "Date": "Tue, 17 Oct 2023 20:31:43 GMT",
        "elapsed-time": "9",
        "OData-Version": "4.0",
        "Preference-Applied": "odata.include-annotations=\u0022*\u0022",
        "request-id": "4a8a2590-7cec-425e-8b63-d1a01b436806",
        "Server": "Microsoft-IIS/10.0",
        "Strict-Transport-Security": [
          "max-age=2592000",
          "max-age=15724800; includeSubDomains"
        ],
        "Transfer-Encoding": "chunked",
        "Vary": "Accept-Encoding"
      },
      "ResponseBody": {
        "@odata.context": "https://endpoint/$metadata#synonymmaps(name)",
        "value": []
      }
    },
    {
      "RequestUri": "https://endpoint/synonymmaps?api-version=2023-11-01",
      "RequestMethod": "POST",
      "RequestHeaders": {
        "Accept": "application/json;odata.metadata=minimal",
        "Accept-Encoding": "gzip,deflate",
        "api-key": "admin_key",
        "Connection": "keep-alive",
        "Content-Length": "133",
        "Content-Type": "application/json",
        "User-Agent": "azsdk-js-search-documents/12.0.0 core-rest-pipeline/1.12.2 Node/v16.20.2 OS/(x64-Linux-6.2.0-1014-azure)",
        "x-ms-client-request-id": "a04f5423-189b-4cde-8ff8-b64319441daa"
      },
      "RequestBody": {
        "name": "my-azure-synonymmap-1",
        "format": "solr",
        "synonyms": "United States, United States of America =\u003E USA\nWashington, Wash. =\u003E WA"
      },
      "StatusCode": 201,
      "ResponseHeaders": {
        "Content-Type": "application/json; odata.metadata=minimal; odata.streaming=true; charset=utf-8",
        "Date": "Tue, 17 Oct 2023 20:31:43 GMT",
        "elapsed-time": "23",
        "ETag": "\u00220x8DBCF5013B6853C\u0022",
        "Location": "https://endpoint/synonymmaps(\u0027my-azure-synonymmap-1\u0027)?api-version=2023-11-01",
        "OData-Version": "4.0",
        "Preference-Applied": "odata.include-annotations=\u0022*\u0022",
        "request-id": "a04f5423-189b-4cde-8ff8-b64319441daa",
        "Server": "Microsoft-IIS/10.0",
        "Strict-Transport-Security": [
          "max-age=2592000",
          "max-age=15724800; includeSubDomains"
        ],
        "Transfer-Encoding": "chunked"
      },
      "ResponseBody": {
        "@odata.context": "https://endpoint/$metadata#synonymmaps/$entity",
        "@odata.etag": "\u00220x8DBCF5013B6853C\u0022",
        "name": "my-azure-synonymmap-1",
        "format": "solr",
        "synonyms": "United States, United States of America =\u003E USA\nWashington, Wash. =\u003E WA",
        "encryptionKey": null
      }
    },
    {
      "RequestUri": "https://endpoint/synonymmaps?api-version=2023-11-01",
      "RequestMethod": "POST",
      "RequestHeaders": {
        "Accept": "application/json;odata.metadata=minimal",
        "Accept-Encoding": "gzip,deflate",
        "api-key": "admin_key",
        "Connection": "keep-alive",
        "Content-Length": "133",
        "Content-Type": "application/json",
        "User-Agent": "azsdk-js-search-documents/12.0.0 core-rest-pipeline/1.12.2 Node/v16.20.2 OS/(x64-Linux-6.2.0-1014-azure)",
        "x-ms-client-request-id": "70ae1361-b66d-47f6-b7bb-09db3eb4a104"
      },
      "RequestBody": {
        "name": "my-azure-synonymmap-2",
        "format": "solr",
        "synonyms": "United States, United States of America =\u003E USA\nWashington, Wash. =\u003E WA"
      },
      "StatusCode": 201,
      "ResponseHeaders": {
        "Content-Type": "application/json; odata.metadata=minimal; odata.streaming=true; charset=utf-8",
        "Date": "Tue, 17 Oct 2023 20:31:43 GMT",
        "elapsed-time": "42",
        "ETag": "\u00220x8DBCF5013C6D716\u0022",
        "Location": "https://endpoint/synonymmaps(\u0027my-azure-synonymmap-2\u0027)?api-version=2023-11-01",
        "OData-Version": "4.0",
        "Preference-Applied": "odata.include-annotations=\u0022*\u0022",
        "request-id": "70ae1361-b66d-47f6-b7bb-09db3eb4a104",
        "Server": "Microsoft-IIS/10.0",
        "Strict-Transport-Security": [
          "max-age=2592000",
          "max-age=15724800; includeSubDomains"
        ],
        "Transfer-Encoding": "chunked"
      },
      "ResponseBody": {
        "@odata.context": "https://endpoint/$metadata#synonymmaps/$entity",
        "@odata.etag": "\u00220x8DBCF5013C6D716\u0022",
        "name": "my-azure-synonymmap-2",
        "format": "solr",
        "synonyms": "United States, United States of America =\u003E USA\nWashington, Wash. =\u003E WA",
        "encryptionKey": null
      }
    },
    {
      "RequestUri": "https://endpoint/indexes?api-version=2023-11-01",
      "RequestMethod": "POST",
      "RequestHeaders": {
        "Accept": "application/json;odata.metadata=minimal",
        "Accept-Encoding": "gzip,deflate",
        "api-key": "admin_key",
        "Connection": "keep-alive",
        "Content-Length": "707",
        "Content-Type": "application/json",
        "User-Agent": "azsdk-js-search-documents/12.0.0 core-rest-pipeline/1.12.2 Node/v16.20.2 OS/(x64-Linux-6.2.0-1014-azure)",
        "x-ms-client-request-id": "b4182b1e-ac15-4b5c-9ee6-bb411f1ff48f"
      },
      "RequestBody": {
        "name": "hotel-live-test-1086037",
        "fields": [
          {
            "name": "id",
            "type": "Edm.String",
            "key": true,
            "searchable": false,
            "filterable": false,
            "sortable": false,
            "facetable": false
          },
          {
            "name": "awesomenessLevel",
            "type": "Edm.Double",
            "searchable": false,
            "filterable": true,
            "sortable": true,
            "facetable": true
          },
          {
            "name": "description",
            "type": "Edm.String",
            "searchable": true,
            "filterable": false,
            "sortable": false,
            "facetable": false
          },
          {
            "name": "details",
            "type": "Edm.ComplexType",
            "fields": [
              {
                "name": "tags",
                "type": "Collection(Edm.String)",
                "searchable": true,
                "filterable": false,
                "sortable": false,
                "facetable": false
              }
            ]
          },
          {
            "name": "hiddenWeight",
            "type": "Edm.Int32",
            "retrievable": false,
            "searchable": false,
            "filterable": false,
            "sortable": false,
            "facetable": false
          }
        ]
      },
      "StatusCode": 201,
      "ResponseHeaders": {
        "Content-Type": "application/json; odata.metadata=minimal; odata.streaming=true; charset=utf-8",
        "Date": "Tue, 17 Oct 2023 20:31:43 GMT",
        "elapsed-time": "410",
        "ETag": "\u00220x8DBCF50140EFB79\u0022",
        "Location": "https://endpoint/indexes(\u0027hotel-live-test-1086037\u0027)?api-version=2023-11-01",
        "OData-Version": "4.0",
        "Preference-Applied": "odata.include-annotations=\u0022*\u0022",
        "request-id": "b4182b1e-ac15-4b5c-9ee6-bb411f1ff48f",
        "Server": "Microsoft-IIS/10.0",
        "Strict-Transport-Security": [
          "max-age=2592000",
          "max-age=15724800; includeSubDomains"
        ],
        "Transfer-Encoding": "chunked"
      },
      "ResponseBody": {
        "@odata.context": "https://endpoint/$metadata#indexes/$entity",
        "@odata.etag": "\u00220x8DBCF50140EFB79\u0022",
        "name": "hotel-live-test-1086037",
        "defaultScoringProfile": null,
        "fields": [
          {
            "name": "id",
            "type": "Edm.String",
            "searchable": false,
            "filterable": false,
            "retrievable": true,
            "sortable": false,
            "facetable": false,
            "key": true,
            "indexAnalyzer": null,
            "searchAnalyzer": null,
            "analyzer": null,
            "dimensions": null,
            "vectorSearchProfile": null,
            "synonymMaps": []
          },
          {
            "name": "awesomenessLevel",
            "type": "Edm.Double",
            "searchable": false,
            "filterable": true,
            "retrievable": true,
            "sortable": true,
            "facetable": true,
            "key": false,
            "indexAnalyzer": null,
            "searchAnalyzer": null,
            "analyzer": null,
            "dimensions": null,
            "vectorSearchProfile": null,
            "synonymMaps": []
          },
          {
            "name": "description",
            "type": "Edm.String",
            "searchable": true,
            "filterable": false,
            "retrievable": true,
            "sortable": false,
            "facetable": false,
            "key": false,
            "indexAnalyzer": null,
            "searchAnalyzer": null,
            "analyzer": null,
            "dimensions": null,
            "vectorSearchProfile": null,
            "synonymMaps": []
          },
          {
            "name": "details",
            "type": "Edm.ComplexType",
            "fields": [
              {
                "name": "tags",
                "type": "Collection(Edm.String)",
                "searchable": true,
                "filterable": false,
                "retrievable": true,
                "sortable": false,
                "facetable": false,
                "key": false,
                "indexAnalyzer": null,
                "searchAnalyzer": null,
                "analyzer": null,
                "dimensions": null,
                "vectorSearchProfile": null,
                "synonymMaps": []
              }
            ]
          },
          {
            "name": "hiddenWeight",
            "type": "Edm.Int32",
            "searchable": false,
            "filterable": false,
            "retrievable": false,
            "sortable": false,
            "facetable": false,
            "key": false,
            "indexAnalyzer": null,
            "searchAnalyzer": null,
            "analyzer": null,
            "dimensions": null,
            "vectorSearchProfile": null,
            "synonymMaps": []
          }
        ],
        "scoringProfiles": [],
        "corsOptions": null,
        "suggesters": [],
        "analyzers": [],
        "tokenizers": [],
        "tokenFilters": [],
        "charFilters": [],
        "encryptionKey": null,
        "similarity": {
          "@odata.type": "#Microsoft.Azure.Search.BM25Similarity",
          "k1": null,
          "b": null
        },
        "vectorSearch": null,
        "semantic": null
      }
    },
    {
      "RequestUri": "https://endpoint/indexes(\u0027hotel-live-test4\u0027)?api-version=2023-11-01",
      "RequestMethod": "PUT",
      "RequestHeaders": {
        "Accept": "application/json;odata.metadata=minimal",
        "Accept-Encoding": "gzip,deflate",
        "api-key": "admin_key",
        "Connection": "keep-alive",
        "Content-Length": "576",
        "Content-Type": "application/json",
        "Prefer": "return=representation",
        "User-Agent": "azsdk-js-search-documents/12.0.0 core-rest-pipeline/1.12.2 Node/v16.20.2 OS/(x64-Linux-6.2.0-1014-azure)",
        "x-ms-client-request-id": "b14d6ff3-630d-4501-a838-257d7b606cb6"
      },
      "RequestBody": {
        "name": "hotel-live-test4",
        "fields": [
          {
            "name": "id",
            "type": "Edm.String",
            "key": true,
            "searchable": false,
            "filterable": false,
            "sortable": false,
            "facetable": false
          },
          {
            "name": "descriptionVector",
            "type": "Collection(Edm.Single)",
            "searchable": true,
            "filterable": false,
            "sortable": false,
            "facetable": false,
            "dimensions": 1536,
            "vectorSearchProfile": "profile"
          }
        ],
        "vectorSearch": {
          "profiles": [
            {
              "name": "profile",
              "algorithm": "algorithm-configuration"
            }
          ],
          "algorithms": [
            {
              "name": "algorithm-configuration",
              "kind": "hnsw",
              "hnswParameters": {
                "m": 10,
                "efConstruction": 1000,
                "efSearch": 1000,
                "metric": "dotProduct"
              }
            }
          ]
        }
      },
      "StatusCode": 201,
      "ResponseHeaders": {
        "Content-Type": "application/json; odata.metadata=minimal; odata.streaming=true; charset=utf-8",
        "Date": "Tue, 17 Oct 2023 20:31:48 GMT",
        "elapsed-time": "423",
        "ETag": "\u00220x8DBCF5016BBF37A\u0022",
        "Location": "https://endpoint/indexes(\u0027hotel-live-test4\u0027)?api-version=2023-11-01",
        "OData-Version": "4.0",
        "Preference-Applied": "odata.include-annotations=\u0022*\u0022",
        "request-id": "b14d6ff3-630d-4501-a838-257d7b606cb6",
        "Server": "Microsoft-IIS/10.0",
        "Strict-Transport-Security": [
          "max-age=2592000",
          "max-age=15724800; includeSubDomains"
        ],
        "Transfer-Encoding": "chunked"
      },
      "ResponseBody": {
        "@odata.context": "https://endpoint/$metadata#indexes/$entity",
        "@odata.etag": "\u00220x8DBCF5016BBF37A\u0022",
        "name": "hotel-live-test4",
        "defaultScoringProfile": null,
        "fields": [
          {
            "name": "id",
            "type": "Edm.String",
            "searchable": false,
            "filterable": false,
            "retrievable": true,
            "sortable": false,
            "facetable": false,
            "key": true,
            "indexAnalyzer": null,
            "searchAnalyzer": null,
            "analyzer": null,
            "dimensions": null,
            "vectorSearchProfile": null,
            "synonymMaps": []
          },
          {
            "name": "descriptionVector",
            "type": "Collection(Edm.Single)",
            "searchable": true,
            "filterable": false,
            "retrievable": true,
            "sortable": false,
            "facetable": false,
            "key": false,
            "indexAnalyzer": null,
            "searchAnalyzer": null,
            "analyzer": null,
            "dimensions": 1536,
            "vectorSearchProfile": "profile",
            "synonymMaps": []
          }
        ],
        "scoringProfiles": [],
        "corsOptions": null,
        "suggesters": [],
        "analyzers": [],
        "tokenizers": [],
        "tokenFilters": [],
        "charFilters": [],
        "encryptionKey": null,
        "similarity": {
          "@odata.type": "#Microsoft.Azure.Search.BM25Similarity",
          "k1": null,
          "b": null
        },
        "vectorSearch": {
          "algorithms": [
            {
              "name": "algorithm-configuration",
              "kind": "hnsw",
              "hnswParameters": {
                "metric": "dotProduct",
                "m": 10,
                "efConstruction": 1000,
                "efSearch": 1000
              },
              "exhaustiveKnnParameters": null
            }
          ],
          "profiles": [
            {
              "name": "profile",
              "algorithm": "algorithm-configuration"
            }
          ]
        },
        "semantic": null
      }
    },
    {
      "RequestUri": "https://endpoint/indexes(\u0027hotel-live-test4\u0027)?api-version=2023-11-01",
      "RequestMethod": "GET",
      "RequestHeaders": {
        "Accept": "application/json;odata.metadata=minimal",
        "Accept-Encoding": "gzip,deflate",
        "api-key": "admin_key",
        "Connection": "keep-alive",
        "User-Agent": "azsdk-js-search-documents/12.0.0 core-rest-pipeline/1.12.2 Node/v16.20.2 OS/(x64-Linux-6.2.0-1014-azure)",
        "x-ms-client-request-id": "9a70bea6-e946-4c66-998c-9c6625da60fd"
      },
      "RequestBody": null,
      "StatusCode": 200,
      "ResponseHeaders": {
        "Content-Encoding": "gzip",
        "Content-Type": "application/json; odata.metadata=minimal; odata.streaming=true; charset=utf-8",
        "Date": "Tue, 17 Oct 2023 20:31:48 GMT",
        "elapsed-time": "19",
        "ETag": "\u00220x8DBCF5016BBF37A\u0022",
        "OData-Version": "4.0",
        "Preference-Applied": "odata.include-annotations=\u0022*\u0022",
        "request-id": "9a70bea6-e946-4c66-998c-9c6625da60fd",
        "Server": "Microsoft-IIS/10.0",
        "Strict-Transport-Security": [
          "max-age=2592000",
          "max-age=15724800; includeSubDomains"
        ],
        "Transfer-Encoding": "chunked",
        "Vary": "Accept-Encoding"
      },
      "ResponseBody": {
        "@odata.context": "https://endpoint/$metadata#indexes/$entity",
        "@odata.etag": "\u00220x8DBCF5016BBF37A\u0022",
        "name": "hotel-live-test4",
        "defaultScoringProfile": null,
        "fields": [
          {
            "name": "id",
            "type": "Edm.String",
            "searchable": false,
            "filterable": false,
            "retrievable": true,
            "sortable": false,
            "facetable": false,
            "key": true,
            "indexAnalyzer": null,
            "searchAnalyzer": null,
            "analyzer": null,
            "dimensions": null,
            "vectorSearchProfile": null,
            "synonymMaps": []
          },
          {
            "name": "descriptionVector",
            "type": "Collection(Edm.Single)",
            "searchable": true,
            "filterable": false,
            "retrievable": true,
            "sortable": false,
            "facetable": false,
            "key": false,
            "indexAnalyzer": null,
            "searchAnalyzer": null,
            "analyzer": null,
            "dimensions": 1536,
            "vectorSearchProfile": "profile",
            "synonymMaps": []
          }
        ],
        "scoringProfiles": [],
        "corsOptions": null,
        "suggesters": [],
        "analyzers": [],
        "tokenizers": [],
        "tokenFilters": [],
        "charFilters": [],
        "encryptionKey": null,
        "similarity": {
          "@odata.type": "#Microsoft.Azure.Search.BM25Similarity",
          "k1": null,
          "b": null
        },
        "vectorSearch": {
          "algorithms": [
            {
              "name": "algorithm-configuration",
              "kind": "hnsw",
              "hnswParameters": {
                "metric": "dotProduct",
                "m": 10,
                "efConstruction": 1000,
                "efSearch": 1000
              },
              "exhaustiveKnnParameters": null
            }
          ],
          "profiles": [
            {
              "name": "profile",
              "algorithm": "algorithm-configuration"
            }
          ]
        },
        "semantic": null
      }
    },
    {
      "RequestUri": "https://endpoint/indexes(\u0027hotel-live-test4\u0027)?api-version=2023-11-01",
      "RequestMethod": "DELETE",
      "RequestHeaders": {
        "Accept": "application/json;odata.metadata=minimal",
        "Accept-Encoding": "gzip,deflate",
        "api-key": "admin_key",
        "Connection": "keep-alive",
        "User-Agent": "azsdk-js-search-documents/12.0.0 core-rest-pipeline/1.12.2 Node/v16.20.2 OS/(x64-Linux-6.2.0-1014-azure)",
        "x-ms-client-request-id": "2b263029-1e3d-4a52-b8a9-8ca5bb816cd1"
      },
      "RequestBody": null,
      "StatusCode": 204,
      "ResponseHeaders": {
        "Date": "Tue, 17 Oct 2023 20:31:48 GMT",
        "elapsed-time": "143",
        "Preference-Applied": "odata.include-annotations=\u0022*\u0022",
        "request-id": "2b263029-1e3d-4a52-b8a9-8ca5bb816cd1",
        "Server": "Microsoft-IIS/10.0",
        "Strict-Transport-Security": [
          "max-age=2592000",
          "max-age=15724800; includeSubDomains"
        ]
      },
      "ResponseBody": null
    },
    {
      "RequestUri": "https://endpoint/indexes(\u0027hotel-live-test-1086037\u0027)?api-version=2023-11-01",
      "RequestMethod": "DELETE",
      "RequestHeaders": {
        "Accept": "application/json;odata.metadata=minimal",
        "Accept-Encoding": "gzip,deflate",
        "api-key": "admin_key",
        "Connection": "keep-alive",
        "User-Agent": "azsdk-js-search-documents/12.0.0 core-rest-pipeline/1.12.2 Node/v16.20.2 OS/(x64-Linux-6.2.0-1014-azure)",
        "x-ms-client-request-id": "2b63a6ab-3437-408d-8bf5-f11d6c8ae0a1"
      },
      "RequestBody": null,
      "StatusCode": 204,
      "ResponseHeaders": {
        "Date": "Tue, 17 Oct 2023 20:31:48 GMT",
        "elapsed-time": "173",
        "Preference-Applied": "odata.include-annotations=\u0022*\u0022",
        "request-id": "2b63a6ab-3437-408d-8bf5-f11d6c8ae0a1",
        "Server": "Microsoft-IIS/10.0",
        "Strict-Transport-Security": [
          "max-age=2592000",
          "max-age=15724800; includeSubDomains"
        ]
      },
      "ResponseBody": null
    },
    {
      "RequestUri": "https://endpoint/synonymmaps(\u0027my-azure-synonymmap-1\u0027)?api-version=2023-11-01",
      "RequestMethod": "DELETE",
      "RequestHeaders": {
        "Accept": "application/json;odata.metadata=minimal",
        "Accept-Encoding": "gzip,deflate",
        "api-key": "admin_key",
        "Connection": "keep-alive",
        "User-Agent": "azsdk-js-search-documents/12.0.0 core-rest-pipeline/1.12.2 Node/v16.20.2 OS/(x64-Linux-6.2.0-1014-azure)",
        "x-ms-client-request-id": "da473df7-9463-48d5-b7b4-d7ea15592b9e"
      },
      "RequestBody": null,
      "StatusCode": 204,
      "ResponseHeaders": {
        "Date": "Tue, 17 Oct 2023 20:31:53 GMT",
        "elapsed-time": "12",
        "Preference-Applied": "odata.include-annotations=\u0022*\u0022",
        "request-id": "da473df7-9463-48d5-b7b4-d7ea15592b9e",
        "Server": "Microsoft-IIS/10.0",
        "Strict-Transport-Security": [
          "max-age=2592000",
          "max-age=15724800; includeSubDomains"
        ]
      },
      "ResponseBody": null
    },
    {
      "RequestUri": "https://endpoint/synonymmaps(\u0027my-azure-synonymmap-2\u0027)?api-version=2023-11-01",
      "RequestMethod": "DELETE",
      "RequestHeaders": {
        "Accept": "application/json;odata.metadata=minimal",
        "Accept-Encoding": "gzip,deflate",
        "api-key": "admin_key",
        "Connection": "keep-alive",
        "User-Agent": "azsdk-js-search-documents/12.0.0 core-rest-pipeline/1.12.2 Node/v16.20.2 OS/(x64-Linux-6.2.0-1014-azure)",
        "x-ms-client-request-id": "1800a1c8-81dc-4e9d-8356-42825d543281"
      },
      "RequestBody": null,
      "StatusCode": 204,
      "ResponseHeaders": {
        "Date": "Tue, 17 Oct 2023 20:31:53 GMT",
        "elapsed-time": "12",
        "Preference-Applied": "odata.include-annotations=\u0022*\u0022",
        "request-id": "1800a1c8-81dc-4e9d-8356-42825d543281",
        "Server": "Microsoft-IIS/10.0",
        "Strict-Transport-Security": [
          "max-age=2592000",
          "max-age=15724800; includeSubDomains"
        ]
      },
      "ResponseBody": null
    }
  ],
  "Variables": {
    "TEST_INDEX_NAME": "hotel-live-test-1086037"
  }
}
