{
  "Entries": [
    {
      "RequestUri": "https://Sanitized.azure.com/agents/v1.0/subscriptions/00000000-0000-0000-0000-000000000000/resourceGroups/00000/providers/Microsoft.MachineLearningServices/workspaces/00000/vector_stores?api-version=2024-07-01-preview",
      "RequestMethod": "POST",
      "RequestHeaders": {
        "Accept": "application/json",
        "Accept-Encoding": "gzip,deflate",
        "Authorization": "Sanitized",
        "Connection": "keep-alive",
        "Content-Length": "2",
        "Content-Type": "application/json",
        "User-Agent": "azsdk-js-ai-projects-rest/1.0.0-beta.3 core-rest-pipeline/1.18.3 Node/18.20.4 OS/(x64-Windows_NT-10.0.22631)",
        "x-ms-client-request-id": "Sanitized"
      },
      "RequestBody": {},
      "StatusCode": 200,
      "ResponseHeaders": {
        "apim-request-id": "89c22892-6034-4002-aa13-7b50c3128787",
        "Connection": "keep-alive",
        "Content-Encoding": "gzip",
        "Content-Type": "application/json",
        "Date": "Tue, 21 Jan 2025 19:41:10 GMT",
        "openai-organization": "3d8304e5257c4cc49d2bec8a48b2e43f",
        "openai-processing-ms": "32",
        "openai-version": "2020-10-01",
        "request-context": "appId=cid-v1:17d65b70-e9ce-4ed5-9347-1f660ec782e9",
        "Strict-Transport-Security": "max-age=31536000; includeSubDomains; preload",
        "Transfer-Encoding": "chunked",
        "Vary": "Accept-Encoding",
        "x-aml-cluster": "vienna-eastus2euap-01",
        "X-Content-Type-Options": "nosniff",
        "x-ms-middleware-request-id": "04a7af56-2a99-4006-8ee9-68cd81c10793",
        "x-ms-region": "West US 2",
        "x-ms-response-type": "standard",
        "X-Request-ID": "68c2b2f4b5fb7cd4445f1499dd985258",
        "x-request-time": "0.194"
      },
      "ResponseBody": {
        "id": "vs_yFUX0RfklZMEthDaPBRQAFXM",
        "object": "vector_store",
        "name": null,
        "status": "completed",
        "usage_bytes": 0,
        "created_at": 1737488470,
        "file_counts": {
          "in_progress": 0,
          "completed": 0,
          "failed": 0,
          "cancelled": 0,
          "total": 0
        },
        "metadata": {},
        "expires_after": null,
        "expires_at": null,
        "last_active_at": 1737488470
      }
    },
    {
      "RequestUri": "https://Sanitized.azure.com/agents/v1.0/subscriptions/00000000-0000-0000-0000-000000000000/resourceGroups/00000/providers/Microsoft.MachineLearningServices/workspaces/00000/vector_stores?api-version=2024-07-01-preview",
      "RequestMethod": "GET",
      "RequestHeaders": {
        "Accept": "application/json",
        "Accept-Encoding": "gzip,deflate",
        "Authorization": "Sanitized",
        "Connection": "keep-alive",
        "User-Agent": "azsdk-js-ai-projects-rest/1.0.0-beta.3 core-rest-pipeline/1.18.3 Node/18.20.4 OS/(x64-Windows_NT-10.0.22631)",
        "x-ms-client-request-id": "Sanitized"
      },
      "RequestBody": null,
      "StatusCode": 200,
      "ResponseHeaders": {
        "apim-request-id": "1102b4a2-d0fd-4a54-8341-efe53296f315",
        "Connection": "keep-alive",
        "Content-Encoding": "gzip",
        "Content-Type": "application/json",
        "Date": "Tue, 21 Jan 2025 19:41:10 GMT",
        "openai-organization": "3d8304e5257c4cc49d2bec8a48b2e43f",
        "openai-processing-ms": "188",
        "openai-version": "2020-10-01",
        "request-context": "appId=cid-v1:17d65b70-e9ce-4ed5-9347-1f660ec782e9",
        "Strict-Transport-Security": "max-age=31536000; includeSubDomains; preload",
        "Transfer-Encoding": "chunked",
        "Vary": "Accept-Encoding",
        "x-aml-cluster": "vienna-eastus2euap-01",
        "X-Content-Type-Options": "nosniff",
        "x-ms-middleware-request-id": "2a401f08-8cfa-41b6-be90-ef1dbbf0843c",
        "x-ms-region": "West US 2",
        "x-ms-response-type": "standard",
        "X-Request-ID": "3f8ebdcbe02fe03af60dd1ddb8019c31",
        "x-request-time": "0.356"
      },
      "ResponseBody": {
        "object": "list",
        "data": [
          {
            "id": "vs_yFUX0RfklZMEthDaPBRQAFXM",
            "object": "vector_store",
            "name": null,
            "status": "completed",
            "usage_bytes": 0,
            "created_at": 1737488470,
            "file_counts": {
              "in_progress": 0,
              "completed": 0,
              "failed": 0,
              "cancelled": 0,
              "total": 0
            },
            "metadata": {},
            "expires_after": null,
            "expires_at": null,
            "last_active_at": 1737488470
          },
          {
            "id": "vs_e4qPksDS1mXxKx2s0sfiv4y6",
            "object": "vector_store",
            "name": null,
            "status": "completed",
            "usage_bytes": 0,
            "created_at": 1737488459,
            "file_counts": {
              "in_progress": 0,
              "completed": 0,
              "failed": 0,
              "cancelled": 0,
              "total": 0
            },
            "metadata": {},
            "expires_after": null,
            "expires_at": null,
            "last_active_at": 1737488459
          },
          {
            "id": "vs_WCBAC23EW0GLvFHtAl2YF123",
            "object": "vector_store",
            "name": null,
            "status": "completed",
            "usage_bytes": 0,
            "created_at": 1737488418,
            "file_counts": {
              "in_progress": 0,
              "completed": 0,
              "failed": 0,
              "cancelled": 0,
              "total": 0
            },
            "metadata": {},
            "expires_after": null,
            "expires_at": null,
            "last_active_at": 1737488418
          },
          {
            "id": "vs_BTmmodOK5PfWRZfBpDHjYJ4q",
            "object": "vector_store",
            "name": null,
            "status": "completed",
            "usage_bytes": 0,
            "created_at": 1736557365,
            "file_counts": {
              "in_progress": 0,
              "completed": 0,
              "failed": 0,
              "cancelled": 0,
              "total": 0
            },
            "metadata": {},
            "expires_after": null,
            "expires_at": null,
            "last_active_at": 1736557365
          },
          {
            "id": "vs_C8WhnOh4q7t5woDtdF83kQ7a",
            "object": "vector_store",
            "name": "myVectorStore",
            "status": "completed",
            "usage_bytes": 1109,
            "created_at": 1736554492,
            "file_counts": {
              "in_progress": 0,
              "completed": 1,
              "failed": 0,
              "cancelled": 0,
              "total": 1
            },
            "metadata": {},
            "expires_after": null,
            "expires_at": null,
            "last_active_at": 1736554498
          },
          {
            "id": "vs_fUYaZRcGXdaEZ7j73ATvs0Ym",
            "object": "vector_store",
            "name": null,
            "status": "completed",
            "usage_bytes": 1109,
            "created_at": 1736545803,
            "file_counts": {
              "in_progress": 0,
              "completed": 1,
              "failed": 0,
              "cancelled": 0,
              "total": 1
            },
            "metadata": {},
            "expires_after": null,
            "expires_at": null,
            "last_active_at": 1736545805
          },
          {
            "id": "vs_UrJ5Y9WumjXxQvc6sCStvu9J",
            "object": "vector_store",
            "name": null,
            "status": "completed",
            "usage_bytes": 0,
            "created_at": 1736533716,
            "file_counts": {
              "in_progress": 0,
              "completed": 0,
              "failed": 2,
              "cancelled": 0,
              "total": 2
            },
            "metadata": {},
            "expires_after": null,
            "expires_at": null,
            "last_active_at": 1736533719
          },
          {
            "id": "vs_pHRozVO928dBUCE8Q8FDT0mB",
            "object": "vector_store",
            "name": null,
            "status": "completed",
            "usage_bytes": 0,
            "created_at": 1736533702,
            "file_counts": {
              "in_progress": 0,
              "completed": 0,
              "failed": 2,
              "cancelled": 0,
              "total": 2
            },
            "metadata": {},
            "expires_after": null,
            "expires_at": null,
            "last_active_at": 1736533713
          },
          {
            "id": "vs_eDcTG7UVDm6ztVrmuO3Xjrzb",
            "object": "vector_store",
            "name": null,
            "status": "completed",
            "usage_bytes": 0,
            "created_at": 1736533692,
            "file_counts": {
              "in_progress": 0,
              "completed": 0,
              "failed": 1,
              "cancelled": 0,
              "total": 1
            },
            "metadata": {},
            "expires_after": null,
            "expires_at": null,
            "last_active_at": 1736533693
          },
          {
            "id": "vs_J6GtHHQhe8aJdLGrQDDsq7S7",
            "object": "vector_store",
            "name": null,
            "status": "completed",
            "usage_bytes": 0,
            "created_at": 1736533685,
            "file_counts": {
              "in_progress": 0,
              "completed": 0,
              "failed": 1,
              "cancelled": 0,
              "total": 1
            },
            "metadata": {},
            "expires_after": null,
            "expires_at": null,
            "last_active_at": 1736533687
          },
          {
            "id": "vs_cL7SIYESk7sYe8GLv3YAqFlQ",
            "object": "vector_store",
            "name": null,
            "status": "completed",
            "usage_bytes": 0,
            "created_at": 1736532330,
            "file_counts": {
              "in_progress": 0,
              "completed": 0,
              "failed": 0,
              "cancelled": 0,
              "total": 0
            },
            "metadata": {},
            "expires_after": null,
            "expires_at": null,
            "last_active_at": 1736532332
          },
          {
            "id": "vs_Hx9rO0JBw2s8Xst94YlT4Jg0",
            "object": "vector_store",
            "name": null,
            "status": "completed",
            "usage_bytes": 0,
            "created_at": 1736532325,
            "file_counts": {
              "in_progress": 0,
              "completed": 0,
              "failed": 2,
              "cancelled": 0,
              "total": 2
            },
            "metadata": {},
            "expires_after": null,
            "expires_at": null,
            "last_active_at": 1736532326
          },
          {
            "id": "vs_zQvLvk9J5R4YrZc7PUgKvG63",
            "object": "vector_store",
            "name": null,
            "status": "completed",
            "usage_bytes": 0,
            "created_at": 1736532320,
            "file_counts": {
              "in_progress": 0,
              "completed": 0,
              "failed": 1,
              "cancelled": 0,
              "total": 1
            },
            "metadata": {},
            "expires_after": null,
            "expires_at": null,
            "last_active_at": 1736532321
          },
          {
            "id": "vs_TaEshwC8ZVUHdgfKusb7963r",
            "object": "vector_store",
            "name": null,
            "status": "completed",
            "usage_bytes": 0,
            "created_at": 1736532320,
            "file_counts": {
              "in_progress": 0,
              "completed": 0,
              "failed": 0,
              "cancelled": 0,
              "total": 0
            },
            "metadata": {},
            "expires_after": null,
            "expires_at": null,
            "last_active_at": 1736532322
          },
          {
            "id": "vs_ujtjFrawrxnBh8wzylGKEyPE",
            "object": "vector_store",
            "name": null,
            "status": "completed",
            "usage_bytes": 0,
            "created_at": 1736532315,
            "file_counts": {
              "in_progress": 0,
              "completed": 0,
              "failed": 1,
              "cancelled": 0,
              "total": 1
            },
            "metadata": {},
            "expires_after": null,
            "expires_at": null,
            "last_active_at": 1736532316
          },
          {
            "id": "vs_3LLIMAzXwe4Rf8Y21xqFIxLa",
            "object": "vector_store",
            "name": null,
            "status": "completed",
            "usage_bytes": 0,
            "created_at": 1736532038,
            "file_counts": {
              "in_progress": 0,
              "completed": 0,
              "failed": 0,
              "cancelled": 0,
              "total": 0
            },
            "metadata": {},
            "expires_after": null,
            "expires_at": null,
            "last_active_at": 1736532038
          },
          {
            "id": "vs_0Ti3InZNyYqhq61eX7KrIfye",
            "object": "vector_store",
            "name": null,
            "status": "completed",
            "usage_bytes": 0,
            "created_at": 1736532035,
            "file_counts": {
              "in_progress": 0,
              "completed": 0,
              "failed": 1,
              "cancelled": 0,
              "total": 1
            },
            "metadata": {},
            "expires_after": null,
            "expires_at": null,
            "last_active_at": 1736532036
          },
          {
            "id": "vs_KN4cseV4QCNXIsM5B9ZrUoZx",
            "object": "vector_store",
            "name": null,
            "status": "completed",
            "usage_bytes": 0,
            "created_at": 1736532033,
            "file_counts": {
              "in_progress": 0,
              "completed": 0,
              "failed": 2,
              "cancelled": 0,
              "total": 2
            },
            "metadata": {},
            "expires_after": null,
            "expires_at": null,
            "last_active_at": 1736532035
          },
          {
            "id": "vs_D3rEbqws7W53IBuvP5g0zl9b",
            "object": "vector_store",
            "name": null,
            "status": "completed",
            "usage_bytes": 0,
            "created_at": 1736532031,
            "file_counts": {
              "in_progress": 0,
              "completed": 0,
              "failed": 1,
              "cancelled": 0,
              "total": 1
            },
            "metadata": {},
            "expires_after": null,
            "expires_at": null,
            "last_active_at": 1736532032
          },
          {
            "id": "vs_THtTRmi6VqWpUqpIpTEu6aaJ",
            "object": "vector_store",
            "name": null,
            "status": "completed",
            "usage_bytes": 0,
            "created_at": 1736532029,
            "file_counts": {
              "in_progress": 0,
              "completed": 0,
              "failed": 0,
              "cancelled": 0,
              "total": 0
            },
            "metadata": {},
            "expires_after": null,
            "expires_at": null,
            "last_active_at": 1736532030
          }
        ],
        "first_id": "vs_yFUX0RfklZMEthDaPBRQAFXM",
        "last_id": "vs_THtTRmi6VqWpUqpIpTEu6aaJ",
        "has_more": true
      }
    },
    {
      "RequestUri": "https://Sanitized.azure.com/agents/v1.0/subscriptions/00000000-0000-0000-0000-000000000000/resourceGroups/00000/providers/Microsoft.MachineLearningServices/workspaces/00000/vector_stores/vs_yFUX0RfklZMEthDaPBRQAFXM?api-version=2024-07-01-preview",
      "RequestMethod": "DELETE",
      "RequestHeaders": {
        "Accept": "application/json",
        "Accept-Encoding": "gzip,deflate",
        "Authorization": "Sanitized",
        "Connection": "keep-alive",
        "User-Agent": "azsdk-js-ai-projects-rest/1.0.0-beta.3 core-rest-pipeline/1.18.3 Node/18.20.4 OS/(x64-Windows_NT-10.0.22631)",
        "x-ms-client-request-id": "Sanitized"
      },
      "RequestBody": null,
      "StatusCode": 200,
      "ResponseHeaders": {
        "apim-request-id": "be5481d4-2eb4-4e67-b8c8-ce6ed9cfb64b",
        "Connection": "keep-alive",
        "Content-Length": "96",
        "Content-Type": "application/json",
        "Date": "Tue, 21 Jan 2025 19:41:11 GMT",
        "openai-organization": "3d8304e5257c4cc49d2bec8a48b2e43f",
        "openai-processing-ms": "566",
        "openai-version": "2020-10-01",
        "request-context": "appId=cid-v1:17d65b70-e9ce-4ed5-9347-1f660ec782e9",
        "Strict-Transport-Security": "max-age=31536000; includeSubDomains; preload",
        "x-aml-cluster": "vienna-eastus2euap-01",
        "X-Content-Type-Options": "nosniff",
        "x-ms-middleware-request-id": "768a2f35-fddc-47f4-9f8b-f2a65b5ce6a7",
        "x-ms-region": "West US 2",
        "x-ms-response-type": "standard",
        "X-Request-ID": "8e06b8fd8750be3add93bfd3a282a587",
        "x-request-time": "0.727"
      },
      "ResponseBody": {
        "id": "vs_yFUX0RfklZMEthDaPBRQAFXM",
        "object": "vector_store.deleted",
        "deleted": true
      }
    }
  ],
  "Variables": {}
}
