{
  "Entries": [
    {
      "RequestUri": "https://Sanitized.api.wcus.digitaltwins.azure.net/models/dtmi%3Asamples%3ADTTestBuilding%3B1?api-version=2023-10-31",
      "RequestMethod": "DELETE",
      "RequestHeaders": {
        "Accept": "application/json",
        "Accept-Encoding": "gzip,deflate",
        "Authorization": "Sanitized",
        "Connection": "keep-alive",
        "User-Agent": "azsdk-js-digital-twins-core/2.0.0 core-rest-pipeline/1.20.1 Node/18.20.7 OS/(x64-Windows_NT-10.0.26100)",
        "x-ms-client-request-id": "Sanitized"
      },
      "RequestBody": null,
      "StatusCode": 404,
      "ResponseHeaders": {
        "Content-Length": "214",
        "Content-Type": "application/json; charset=utf-8",
        "Date": "Fri, 09 May 2025 04:34:25 GMT",
        "mise-correlation-id": "a3dc7f8a-3ec1-445a-97d9-875bb27919b1",
        "Strict-Transport-Security": "max-age=2592000",
        "traceresponse": "00-4f4df7783538de3d6354373f9f8c1e7c-bfd8f8c9bc4f84d5-01",
        "x-ms-error-code": "ModelNotFound"
      },
      "ResponseBody": {
        "error": {
          "code": "ModelNotFound",
          "message": "There is no Model(s) available that matches the provided id(s) dtmi:samples:DTTestBuilding;1. Check that the Model ID provided is valid by doing a Model_List API call."
        }
      }
    },
    {
      "RequestUri": "https://Sanitized.api.wcus.digitaltwins.azure.net/models?api-version=2023-10-31",
      "RequestMethod": "POST",
      "RequestHeaders": {
        "Accept": "application/json",
        "Accept-Encoding": "gzip,deflate",
        "Authorization": "Sanitized",
        "Connection": "keep-alive",
        "Content-Length": "248",
        "Content-Type": "application/json",
        "User-Agent": "azsdk-js-digital-twins-core/2.0.0 core-rest-pipeline/1.20.1 Node/18.20.7 OS/(x64-Windows_NT-10.0.26100)",
        "x-ms-client-request-id": "Sanitized"
      },
      "RequestBody": "[{\"@id\":\"dtmi:samples:DTTestBuilding;1\",\"@type\":\"Interface\",\"@context\":\"dtmi:dtdl:context;2\",\"displayName\":\"Building\",\"contents\":[{\"@type\":\"Property\",\"name\":\"Sanitized\",\"schema\":\"double\"},{\"@type\":\"Property\",\"name\":\"Sanitized\",\"schema\":\"string\"}]}]",
      "StatusCode": 201,
      "ResponseHeaders": {
        "Content-Length": "161",
        "Content-Type": "application/json; charset=utf-8",
        "Date": "Fri, 09 May 2025 04:34:25 GMT",
        "mise-correlation-id": "e6f0b520-49ec-4590-9395-780d4e9f550e",
        "Strict-Transport-Security": "max-age=2592000",
        "traceresponse": "00-94ae8e43dc2ccc13cca5d134170189c3-bc25dc0973791794-01"
      },
      "ResponseBody": "[{\"id\":\"dtmi:samples:DTTestBuilding;1\",\"description\":{},\"displayName\":{\"en\":\"Building\"},\"decommissioned\":false,\"uploadTime\":\"2025-05-09T04:34:26.7942593+00:00\"}]"
    },
    {
      "RequestUri": "https://Sanitized.api.wcus.digitaltwins.azure.net/digitaltwins/create-simple-digitaltwin-939?api-version=2023-10-31",
      "RequestMethod": "DELETE",
      "RequestHeaders": {
        "Accept": "application/json",
        "Accept-Encoding": "gzip,deflate",
        "Authorization": "Sanitized",
        "Connection": "keep-alive",
        "User-Agent": "azsdk-js-digital-twins-core/2.0.0 core-rest-pipeline/1.20.1 Node/18.20.7 OS/(x64-Windows_NT-10.0.26100)",
        "x-ms-client-request-id": "Sanitized"
      },
      "RequestBody": null,
      "StatusCode": 404,
      "ResponseHeaders": {
        "Content-Length": "283",
        "Content-Type": "application/json; charset=utf-8",
        "Date": "Fri, 09 May 2025 04:34:25 GMT",
        "mise-correlation-id": "2b553399-c7aa-48ee-be9a-8dbac5ee42c9",
        "Strict-Transport-Security": "max-age=2592000",
        "traceresponse": "00-f4b6fccfd2de156d73ca4ecd5205be06-1f296f55fc32263e-01",
        "x-ms-error-code": "DigitalTwinNotFound"
      },
      "ResponseBody": {
        "error": {
          "code": "DigitalTwinNotFound",
          "message": "There is no digital twin instance that exists with the ID create-simple-digitaltwin-939. Please verify that the twin id is valid and ensure that the twin is not deleted. See section on querying the twins https://aka.ms/adtv2query."
        }
      }
    },
    {
      "RequestUri": "https://Sanitized.api.wcus.digitaltwins.azure.net/digitaltwins/create-simple-digitaltwin-939?api-version=2023-10-31",
      "RequestMethod": "PUT",
      "RequestHeaders": {
        "Accept": "application/json",
        "Accept-Encoding": "gzip,deflate",
        "Authorization": "Sanitized",
        "Connection": "keep-alive",
        "Content-Length": "108",
        "Content-Type": "application/json",
        "User-Agent": "azsdk-js-digital-twins-core/2.0.0 core-rest-pipeline/1.20.1 Node/18.20.7 OS/(x64-Windows_NT-10.0.26100)",
        "x-ms-client-request-id": "Sanitized"
      },
      "RequestBody": {
        "$metadata": {
          "$model": "dtmi:samples:DTTestBuilding;1"
        },
        "AverageTemperature": 68,
        "TemperatureUnit": "Celsius"
      },
      "StatusCode": 200,
      "ResponseHeaders": {
        "Content-Length": "389",
        "Content-Type": "application/json; charset=utf-8",
        "Date": "Fri, 09 May 2025 04:34:26 GMT",
        "ETag": "W/\"94b9acb9-ee65-46bc-a439-f7cb64258b26\"",
        "mise-correlation-id": "cf3b8d6b-69fe-4656-901e-2810f1c4612e",
        "Strict-Transport-Security": "max-age=2592000",
        "traceresponse": "00-ac683b16ff8adfeaba7dac48268a9b2d-6dd020a5aec357e0-01"
      },
      "ResponseBody": {
        "$dtId": "create-simple-digitaltwin-939",
        "$etag": "W/\"94b9acb9-ee65-46bc-a439-f7cb64258b26\"",
        "AverageTemperature": 68,
        "TemperatureUnit": "Celsius",
        "$metadata": {
          "$model": "dtmi:samples:DTTestBuilding;1",
          "$lastUpdateTime": "2025-05-09T04:34:27.0092049Z",
          "AverageTemperature": {
            "lastUpdateTime": "2025-05-09T04:34:27.0092049Z"
          },
          "TemperatureUnit": {
            "lastUpdateTime": "2025-05-09T04:34:27.0092049Z"
          }
        }
      }
    },
    {
      "RequestUri": "https://Sanitized.api.wcus.digitaltwins.azure.net/digitaltwins/create-simple-digitaltwin-939?api-version=2023-10-31",
      "RequestMethod": "PATCH",
      "RequestHeaders": {
        "Accept": "application/json",
        "Accept-Encoding": "gzip,deflate",
        "Authorization": "Sanitized",
        "Connection": "keep-alive",
        "Content-Length": "46",
        "Content-Type": "application/json-patch+json",
        "User-Agent": "azsdk-js-digital-twins-core/2.0.0 core-rest-pipeline/1.20.1 Node/18.20.7 OS/(x64-Windows_NT-10.0.26100)",
        "x-ms-client-request-id": "Sanitized"
      },
      "RequestBody": "[{\"op\":\"remove\",\"path\":\"/AverageTemperature\"}]",
      "StatusCode": 204,
      "ResponseHeaders": {
        "Content-Length": "0",
        "Date": "Fri, 09 May 2025 04:34:26 GMT",
        "ETag": "W/\"00d01743-3237-403b-b7ad-444bd62984d9\"",
        "mise-correlation-id": "a7b459de-a517-4e13-8cf9-f114a3fe1cc0",
        "Strict-Transport-Security": "max-age=2592000",
        "traceresponse": "00-be5c68560a6d6daa145107c1dbc85e77-ceee0266c18b5828-01"
      },
      "ResponseBody": null
    },
    {
      "RequestUri": "https://Sanitized.api.wcus.digitaltwins.azure.net/digitaltwins/create-simple-digitaltwin-939?api-version=2023-10-31",
      "RequestMethod": "GET",
      "RequestHeaders": {
        "Accept": "application/json",
        "Accept-Encoding": "gzip,deflate",
        "Authorization": "Sanitized",
        "Connection": "keep-alive",
        "User-Agent": "azsdk-js-digital-twins-core/2.0.0 core-rest-pipeline/1.20.1 Node/18.20.7 OS/(x64-Windows_NT-10.0.26100)",
        "x-ms-client-request-id": "Sanitized"
      },
      "RequestBody": null,
      "StatusCode": 200,
      "ResponseHeaders": {
        "Content-Length": "294",
        "Content-Type": "application/json; charset=utf-8",
        "Date": "Fri, 09 May 2025 04:34:26 GMT",
        "ETag": "W/\"00d01743-3237-403b-b7ad-444bd62984d9\"",
        "mise-correlation-id": "ddceba71-c186-4076-a91a-66ff91e930b4",
        "Strict-Transport-Security": "max-age=2592000",
        "traceresponse": "00-133fbb208de3b71be6590024d65e2efe-5b37e1e4b15144b9-01"
      },
      "ResponseBody": {
        "$dtId": "create-simple-digitaltwin-939",
        "$etag": "W/\"00d01743-3237-403b-b7ad-444bd62984d9\"",
        "TemperatureUnit": "Celsius",
        "$metadata": {
          "$model": "dtmi:samples:DTTestBuilding;1",
          "$lastUpdateTime": "2025-05-09T04:34:27.0934100Z",
          "TemperatureUnit": {
            "lastUpdateTime": "2025-05-09T04:34:27.0092049Z"
          }
        }
      }
    },
    {
      "RequestUri": "https://Sanitized.api.wcus.digitaltwins.azure.net/digitaltwins/create-simple-digitaltwin-939?api-version=2023-10-31",
      "RequestMethod": "DELETE",
      "RequestHeaders": {
        "Accept": "application/json",
        "Accept-Encoding": "gzip,deflate",
        "Authorization": "Sanitized",
        "Connection": "keep-alive",
        "User-Agent": "azsdk-js-digital-twins-core/2.0.0 core-rest-pipeline/1.20.1 Node/18.20.7 OS/(x64-Windows_NT-10.0.26100)",
        "x-ms-client-request-id": "Sanitized"
      },
      "RequestBody": null,
      "StatusCode": 204,
      "ResponseHeaders": {
        "Content-Length": "0",
        "Date": "Fri, 09 May 2025 04:34:26 GMT",
        "mise-correlation-id": "707a2e99-7538-4341-9673-a4ed91d8b1bb",
        "Strict-Transport-Security": "max-age=2592000",
        "traceresponse": "00-29b3ddcd6faf02035591131487c4277a-6015fe41454f1754-01"
      },
      "ResponseBody": null
    },
    {
      "RequestUri": "https://Sanitized.api.wcus.digitaltwins.azure.net/models/dtmi%3Asamples%3ADTTestBuilding%3B1?api-version=2023-10-31",
      "RequestMethod": "DELETE",
      "RequestHeaders": {
        "Accept": "application/json",
        "Accept-Encoding": "gzip,deflate",
        "Authorization": "Sanitized",
        "Connection": "keep-alive",
        "User-Agent": "azsdk-js-digital-twins-core/2.0.0 core-rest-pipeline/1.20.1 Node/18.20.7 OS/(x64-Windows_NT-10.0.26100)",
        "x-ms-client-request-id": "Sanitized"
      },
      "RequestBody": null,
      "StatusCode": 204,
      "ResponseHeaders": {
        "Content-Length": "0",
        "Date": "Fri, 09 May 2025 04:34:26 GMT",
        "mise-correlation-id": "4255bc9b-a981-4525-b628-689309975134",
        "Strict-Transport-Security": "max-age=2592000",
        "traceresponse": "00-94dce8db9652d5cfcde1323cc2863783-ba0ea960816d7c1e-01"
      },
      "ResponseBody": null
    }
  ],
  "Variables": {
    "digitalTwin": "create-simple-digitaltwin-939"
  }
}
