{
  "Entries": [
    {
      "RequestUri": "https://seanhnscanada.blob.core.windows.net/test-filesystem-2d56b0fc-e877-3db8-6302-6e258c490f41?restype=container",
      "RequestMethod": "PUT",
      "RequestHeaders": {
        "Accept": "application/xml",
        "Authorization": "Sanitized",
        "Content-Length": "0",
        "traceparent": "00-689d9b6066745d3a2c2c5590b5885c5d-20455038894737a8-00",
        "User-Agent": "azsdk-net-Storage.Files.DataLake/12.19.0-alpha.20240606.1 (.NET 7.0.20; Microsoft Windows 10.0.22631)",
        "x-ms-client-request-id": "Sanitized",
        "x-ms-date": "Thu, 06 Jun 2024 23:00:14 GMT",
        "x-ms-return-client-request-id": "true",
        "x-ms-version": "2024-08-04"
      },
      "RequestBody": null,
      "StatusCode": 201,
      "ResponseHeaders": {
        "Content-Length": "0",
        "Date": "Thu, 06 Jun 2024 23:00:15 GMT",
        "ETag": "\"0x8DC867C6E158600\"",
        "Last-Modified": "Thu, 06 Jun 2024 23:00:16 GMT",
        "Server": [
          "Windows-Azure-Blob/1.0",
          "Microsoft-HTTPAPI/2.0"
        ],
        "x-ms-client-request-id": "Sanitized",
        "x-ms-request-id": "cf9cc7bd-201e-0024-6065-b88912000000",
        "x-ms-version": "2024-08-04"
      },
      "ResponseBody": null
    },
    {
      "RequestUri": "https://seanhnscanada.blob.core.windows.net/test-filesystem-2d56b0fc-e877-3db8-6302-6e258c490f41?restype=container",
      "RequestMethod": "GET",
      "RequestHeaders": {
        "Accept": "application/xml",
        "traceparent": "00-b38eb61aabc2bbfd31a0d21ef6d9ad1e-5c34af39946cf051-00",
        "User-Agent": "azsdk-net-Storage.Files.DataLake/12.19.0-alpha.20240606.1 (.NET 7.0.20; Microsoft Windows 10.0.22631)",
        "x-ms-client-request-id": "Sanitized",
        "x-ms-return-client-request-id": "true",
        "x-ms-version": "2024-08-04"
      },
      "RequestBody": null,
      "StatusCode": 401,
      "ResponseHeaders": {
        "Content-Length": "302",
        "Content-Type": "application/xml",
        "Date": "Thu, 06 Jun 2024 23:00:16 GMT",
        "Server": [
          "Windows-Azure-Blob/1.0",
          "Microsoft-HTTPAPI/2.0"
        ],
        "WWW-Authenticate": "Bearer authorization_uri=https://login.microsoftonline.com/72f988bf-86f1-41af-91ab-2d7cd011db47/oauth2/authorize resource_id=https://storage.azure.com",
        "x-ms-client-request-id": "Sanitized",
        "x-ms-error-code": "NoAuthenticationInformation",
        "x-ms-request-id": "cf9cc87d-201e-0024-0465-b88912000000",
        "x-ms-version": "2024-08-04"
      },
      "ResponseBody": [
        "\uFEFF<?xml version=\"1.0\" encoding=\"utf-8\"?><Error><Code>NoAuthenticationInformation</Code><Message>Server failed to authenticate the request. Please refer to the information in the www-authenticate header.\n",
        "RequestId:cf9cc87d-201e-0024-0465-b88912000000\n",
        "Time:2024-06-06T23:00:16.3683760Z</Message></Error>"
      ]
    },
    {
      "RequestUri": "https://seanhnscanada.blob.core.windows.net/test-filesystem-2d56b0fc-e877-3db8-6302-6e258c490f41?restype=container",
      "RequestMethod": "DELETE",
      "RequestHeaders": {
        "Accept": "application/xml",
        "Authorization": "Sanitized",
        "traceparent": "00-3529d28cb13a52c17c452599a8fcdc84-7ba95e906dbe3534-00",
        "User-Agent": "azsdk-net-Storage.Files.DataLake/12.19.0-alpha.20240606.1 (.NET 7.0.20; Microsoft Windows 10.0.22631)",
        "x-ms-client-request-id": "Sanitized",
        "x-ms-date": "Thu, 06 Jun 2024 23:00:14 GMT",
        "x-ms-return-client-request-id": "true",
        "x-ms-version": "2024-08-04"
      },
      "RequestBody": null,
      "StatusCode": 202,
      "ResponseHeaders": {
        "Content-Length": "0",
        "Date": "Thu, 06 Jun 2024 23:00:16 GMT",
        "Server": [
          "Windows-Azure-Blob/1.0",
          "Microsoft-HTTPAPI/2.0"
        ],
        "x-ms-client-request-id": "Sanitized",
        "x-ms-request-id": "cf9cc8ae-201e-0024-2d65-b88912000000",
        "x-ms-version": "2024-08-04"
      },
      "ResponseBody": null
    }
  ],
  "Variables": {
    "RandomSeed": "713460492",
    "Storage_TestConfigHierarchicalNamespace": "NamespaceTenant\nseanhnscanada\nU2FuaXRpemVk\nhttps://seanhnscanada.blob.core.windows.net\nhttps://seanhnscanada.file.core.windows.net\nhttps://seanhnscanada.queue.core.windows.net\nhttps://seanhnscanada.table.core.windows.net\n\n\n\n\nhttps://seanhnscanada-secondary.blob.core.windows.net\nhttps://seanhnscanada-secondary.file.core.windows.net\nhttps://seanhnscanada-secondary.queue.core.windows.net\nhttps://seanhnscanada-secondary.table.core.windows.net\nCloud\nBlobEndpoint=https://seanhnscanada.blob.core.windows.net/;QueueEndpoint=https://seanhnscanada.queue.core.windows.net/;FileEndpoint=https://seanhnscanada.file.core.windows.net/;BlobSecondaryEndpoint=https://seanhnscanada-secondary.blob.core.windows.net/;QueueSecondaryEndpoint=https://seanhnscanada-secondary.queue.core.windows.net/;FileSecondaryEndpoint=https://seanhnscanada-secondary.file.core.windows.net/;AccountName=seanhnscanada;AccountKey=Sanitized\n\nXClient\n"
  }
}
