{
  "Entries": [
    {
      "RequestUri": "https://seanmcccanary3.file.core.windows.net/test-share-ab7685a6-df96-d7e3-7ebf-3086dcd7accd?restype=share",
      "RequestMethod": "PUT",
      "RequestHeaders": {
        "Accept": "application/xml",
        "Authorization": "Sanitized",
        "Content-Length": "0",
        "traceparent": "00-174fe3c4fe416756be9988eacfdb116b-baa8c9e9fc88e8d2-00",
        "User-Agent": "azsdk-net-Storage.Files.Shares/12.24.0-alpha.20250819.1 (.NET 9.0.7; Microsoft Windows 10.0.26100)",
        "x-ms-client-request-id": "Sanitized",
        "x-ms-date": "Wed, 20 Aug 2025 01:23:40 GMT",
        "x-ms-return-client-request-id": "true",
        "x-ms-version": "2026-02-06"
      },
      "RequestBody": null,
      "StatusCode": 201,
      "ResponseHeaders": {
        "Content-Length": "0",
        "Date": "Wed, 20 Aug 2025 01:23:39 GMT",
        "ETag": "\"0x8DDDF8831D739B1\"",
        "Last-Modified": "Wed, 20 Aug 2025 01:23:40 GMT",
        "Server": [
          "Windows-Azure-File/1.0",
          "Microsoft-HTTPAPI/2.0"
        ],
        "x-ms-client-request-id": "Sanitized",
        "x-ms-request-id": "778d76df-801a-0026-3871-11e8ac000000",
        "x-ms-version": "2026-02-06"
      },
      "ResponseBody": null
    },
    {
      "RequestUri": "https://seanmcccanary3.file.core.windows.net/test-share-ab7685a6-df96-d7e3-7ebf-3086dcd7accd/test-directory-704646e3-6e4a-790d-3acc-6862206ddb5d?restype=directory",
      "RequestMethod": "PUT",
      "RequestHeaders": {
        "Accept": "application/xml",
        "Authorization": "Sanitized",
        "Content-Length": "0",
        "traceparent": "00-c5507bed7b1636cad68493b68df0c4e6-87e526f25648902f-00",
        "User-Agent": "azsdk-net-Storage.Files.Shares/12.24.0-alpha.20250819.1 (.NET 9.0.7; Microsoft Windows 10.0.26100)",
        "x-ms-client-request-id": "Sanitized",
        "x-ms-date": "Wed, 20 Aug 2025 01:23:40 GMT",
        "x-ms-return-client-request-id": "true",
        "x-ms-version": "2026-02-06"
      },
      "RequestBody": null,
      "StatusCode": 201,
      "ResponseHeaders": {
        "Content-Length": "0",
        "Date": "Wed, 20 Aug 2025 01:23:39 GMT",
        "ETag": "\"0x8DDDF8831DF8AE4\"",
        "Last-Modified": "Wed, 20 Aug 2025 01:23:40 GMT",
        "Server": [
          "Windows-Azure-File/1.0",
          "Microsoft-HTTPAPI/2.0"
        ],
        "x-ms-client-request-id": "Sanitized",
        "x-ms-file-attributes": "Directory",
        "x-ms-file-change-time": "2025-08-20T01:23:40.1758436Z",
        "x-ms-file-creation-time": "2025-08-20T01:23:40.1758436Z",
        "x-ms-file-id": "13835128424026341376",
        "x-ms-file-last-write-time": "2025-08-20T01:23:40.1758436Z",
        "x-ms-file-parent-id": "0",
        "x-ms-file-permission-key": "17860367565182308406*11459378189709739967",
        "x-ms-request-id": "778d76e1-801a-0026-3971-11e8ac000000",
        "x-ms-request-server-encrypted": "true",
        "x-ms-version": "2026-02-06"
      },
      "ResponseBody": null
    },
    {
      "RequestUri": "https://seanmcccanary3.file.core.windows.net/test-share-ab7685a6-df96-d7e3-7ebf-3086dcd7accd?restype=share",
      "RequestMethod": "DELETE",
      "RequestHeaders": {
        "Accept": "application/xml",
        "Authorization": "Sanitized",
        "traceparent": "00-ea807008d6e6d47b607784b39e02eb24-03ad0e7714ee3793-00",
        "User-Agent": "azsdk-net-Storage.Files.Shares/12.24.0-alpha.20250819.1 (.NET 9.0.7; Microsoft Windows 10.0.26100)",
        "x-ms-client-request-id": "Sanitized",
        "x-ms-date": "Wed, 20 Aug 2025 01:23:40 GMT",
        "x-ms-delete-snapshots": "include",
        "x-ms-return-client-request-id": "true",
        "x-ms-version": "2026-02-06"
      },
      "RequestBody": null,
      "StatusCode": 202,
      "ResponseHeaders": {
        "Content-Length": "0",
        "Date": "Wed, 20 Aug 2025 01:23:40 GMT",
        "Server": [
          "Windows-Azure-File/1.0",
          "Microsoft-HTTPAPI/2.0"
        ],
        "x-ms-client-request-id": "Sanitized",
        "x-ms-request-id": "778d76e2-801a-0026-3a71-11e8ac000000",
        "x-ms-version": "2026-02-06"
      },
      "ResponseBody": null
    },
    {
      "RequestUri": "https://seanmcccanary3.file.core.windows.net/test-share-23a356d3-bf20-d40a-9013-291f355c7305?restype=share",
      "RequestMethod": "PUT",
      "RequestHeaders": {
        "Accept": "application/xml",
        "Authorization": "Sanitized",
        "Content-Length": "0",
        "traceparent": "00-d51c763a8ff7036e744c01ec3dd2b2f5-9f7e071256a428f5-00",
        "User-Agent": "azsdk-net-Storage.Files.Shares/12.24.0-alpha.20250819.1 (.NET 9.0.7; Microsoft Windows 10.0.26100)",
        "x-ms-client-request-id": "Sanitized",
        "x-ms-date": "Wed, 20 Aug 2025 01:23:40 GMT",
        "x-ms-return-client-request-id": "true",
        "x-ms-version": "2026-02-06"
      },
      "RequestBody": null,
      "StatusCode": 201,
      "ResponseHeaders": {
        "Content-Length": "0",
        "Date": "Wed, 20 Aug 2025 01:23:40 GMT",
        "ETag": "\"0x8DDDF8831EBC427\"",
        "Last-Modified": "Wed, 20 Aug 2025 01:23:40 GMT",
        "Server": [
          "Windows-Azure-File/1.0",
          "Microsoft-HTTPAPI/2.0"
        ],
        "x-ms-client-request-id": "Sanitized",
        "x-ms-request-id": "778d76e3-801a-0026-3b71-11e8ac000000",
        "x-ms-version": "2026-02-06"
      },
      "ResponseBody": null
    },
    {
      "RequestUri": "https://seanmcccanary3.file.core.windows.net/test-share-23a356d3-bf20-d40a-9013-291f355c7305/test-directory-bf478462-ebaa-7c57-c67c-d004e83f05b3?restype=directory",
      "RequestMethod": "PUT",
      "RequestHeaders": {
        "Accept": "application/xml",
        "Authorization": "Sanitized",
        "Content-Length": "0",
        "traceparent": "00-cc4f6fed1812764ef3446dcaa211b8fc-11510974619ba083-00",
        "User-Agent": "azsdk-net-Storage.Files.Shares/12.24.0-alpha.20250819.1 (.NET 9.0.7; Microsoft Windows 10.0.26100)",
        "x-ms-client-request-id": "Sanitized",
        "x-ms-date": "Wed, 20 Aug 2025 01:23:40 GMT",
        "x-ms-file-property-semantics": "New",
        "x-ms-return-client-request-id": "true",
        "x-ms-version": "2026-02-06"
      },
      "RequestBody": null,
      "StatusCode": 201,
      "ResponseHeaders": {
        "Content-Length": "0",
        "Date": "Wed, 20 Aug 2025 01:23:40 GMT",
        "ETag": "\"0x8DDDF8831F40D59\"",
        "Last-Modified": "Wed, 20 Aug 2025 01:23:40 GMT",
        "Server": [
          "Windows-Azure-File/1.0",
          "Microsoft-HTTPAPI/2.0"
        ],
        "x-ms-client-request-id": "Sanitized",
        "x-ms-file-attributes": "Directory",
        "x-ms-file-change-time": "2025-08-20T01:23:40.3102553Z",
        "x-ms-file-creation-time": "2025-08-20T01:23:40.3102553Z",
        "x-ms-file-id": "13835128424026341376",
        "x-ms-file-last-write-time": "2025-08-20T01:23:40.3102553Z",
        "x-ms-file-parent-id": "0",
        "x-ms-file-permission-key": "17860367565182308406*11459378189709739967",
        "x-ms-request-id": "778d76e5-801a-0026-3c71-11e8ac000000",
        "x-ms-request-server-encrypted": "true",
        "x-ms-version": "2026-02-06"
      },
      "ResponseBody": null
    },
    {
      "RequestUri": "https://seanmcccanary3.file.core.windows.net/test-share-23a356d3-bf20-d40a-9013-291f355c7305?restype=share",
      "RequestMethod": "DELETE",
      "RequestHeaders": {
        "Accept": "application/xml",
        "Authorization": "Sanitized",
        "traceparent": "00-69e35b425f261a6404e0de4f3009ccbd-5966fb9112969af9-00",
        "User-Agent": "azsdk-net-Storage.Files.Shares/12.24.0-alpha.20250819.1 (.NET 9.0.7; Microsoft Windows 10.0.26100)",
        "x-ms-client-request-id": "Sanitized",
        "x-ms-date": "Wed, 20 Aug 2025 01:23:40 GMT",
        "x-ms-delete-snapshots": "include",
        "x-ms-return-client-request-id": "true",
        "x-ms-version": "2026-02-06"
      },
      "RequestBody": null,
      "StatusCode": 202,
      "ResponseHeaders": {
        "Content-Length": "0",
        "Date": "Wed, 20 Aug 2025 01:23:40 GMT",
        "Server": [
          "Windows-Azure-File/1.0",
          "Microsoft-HTTPAPI/2.0"
        ],
        "x-ms-client-request-id": "Sanitized",
        "x-ms-request-id": "778d76e6-801a-0026-3d71-11e8ac000000",
        "x-ms-version": "2026-02-06"
      },
      "ResponseBody": null
    },
    {
      "RequestUri": "https://seanmcccanary3.file.core.windows.net/test-share-6522cb31-3dec-b7cd-9720-4ffae7ce46cb?restype=share",
      "RequestMethod": "PUT",
      "RequestHeaders": {
        "Accept": "application/xml",
        "Authorization": "Sanitized",
        "Content-Length": "0",
        "traceparent": "00-688a16ff497ca4b8820033ce42c7db34-df63d92758f6b6a7-00",
        "User-Agent": "azsdk-net-Storage.Files.Shares/12.24.0-alpha.20250819.1 (.NET 9.0.7; Microsoft Windows 10.0.26100)",
        "x-ms-client-request-id": "Sanitized",
        "x-ms-date": "Wed, 20 Aug 2025 01:23:40 GMT",
        "x-ms-return-client-request-id": "true",
        "x-ms-version": "2026-02-06"
      },
      "RequestBody": null,
      "StatusCode": 201,
      "ResponseHeaders": {
        "Content-Length": "0",
        "Date": "Wed, 20 Aug 2025 01:23:40 GMT",
        "ETag": "\"0x8DDDF8832047471\"",
        "Last-Modified": "Wed, 20 Aug 2025 01:23:40 GMT",
        "Server": [
          "Windows-Azure-File/1.0",
          "Microsoft-HTTPAPI/2.0"
        ],
        "x-ms-client-request-id": "Sanitized",
        "x-ms-request-id": "778d76e7-801a-0026-3e71-11e8ac000000",
        "x-ms-version": "2026-02-06"
      },
      "ResponseBody": null
    },
    {
      "RequestUri": "https://seanmcccanary3.file.core.windows.net/test-share-6522cb31-3dec-b7cd-9720-4ffae7ce46cb/test-directory-f597c405-72de-c8c7-2f84-618ceff732bd?restype=directory",
      "RequestMethod": "PUT",
      "RequestHeaders": {
        "Accept": "application/xml",
        "Authorization": "Sanitized",
        "Content-Length": "0",
        "traceparent": "00-c00a830d22d729d0ff53a0859c48467e-abde1c90bc25719e-00",
        "User-Agent": "azsdk-net-Storage.Files.Shares/12.24.0-alpha.20250819.1 (.NET 9.0.7; Microsoft Windows 10.0.26100)",
        "x-ms-client-request-id": "Sanitized",
        "x-ms-date": "Wed, 20 Aug 2025 01:23:40 GMT",
        "x-ms-file-permission": "O:S-1-5-21-2127521184-1604012920-1887927527-21560751G:S-1-5-21-2127521184-1604012920-1887927527-513D:AI(A;;FA;;;SY)(A;;FA;;;BA)(A;;0x1200a9;;;S-1-5-21-397955417-626881126-188441444-3053964)",
        "x-ms-file-property-semantics": "Restore",
        "x-ms-return-client-request-id": "true",
        "x-ms-version": "2026-02-06"
      },
      "RequestBody": null,
      "StatusCode": 201,
      "ResponseHeaders": {
        "Content-Length": "0",
        "Date": "Wed, 20 Aug 2025 01:23:40 GMT",
        "ETag": "\"0x8DDDF8832100187\"",
        "Last-Modified": "Wed, 20 Aug 2025 01:23:40 GMT",
        "Server": [
          "Windows-Azure-File/1.0",
          "Microsoft-HTTPAPI/2.0"
        ],
        "x-ms-client-request-id": "Sanitized",
        "x-ms-file-attributes": "Directory",
        "x-ms-file-change-time": "2025-08-20T01:23:40.4934535Z",
        "x-ms-file-creation-time": "2025-08-20T01:23:40.4934535Z",
        "x-ms-file-id": "13835128424026341376",
        "x-ms-file-last-write-time": "2025-08-20T01:23:40.4934535Z",
        "x-ms-file-parent-id": "0",
        "x-ms-file-permission-key": "4089320212444238414*11459378189709739967",
        "x-ms-request-id": "778d76e9-801a-0026-3f71-11e8ac000000",
        "x-ms-request-server-encrypted": "true",
        "x-ms-version": "2026-02-06"
      },
      "ResponseBody": null
    },
    {
      "RequestUri": "https://seanmcccanary3.file.core.windows.net/test-share-6522cb31-3dec-b7cd-9720-4ffae7ce46cb?restype=share",
      "RequestMethod": "DELETE",
      "RequestHeaders": {
        "Accept": "application/xml",
        "Authorization": "Sanitized",
        "traceparent": "00-48648003d0f265027b1fb97a38a35d15-6a07586c011d6561-00",
        "User-Agent": "azsdk-net-Storage.Files.Shares/12.24.0-alpha.20250819.1 (.NET 9.0.7; Microsoft Windows 10.0.26100)",
        "x-ms-client-request-id": "Sanitized",
        "x-ms-date": "Wed, 20 Aug 2025 01:23:40 GMT",
        "x-ms-delete-snapshots": "include",
        "x-ms-return-client-request-id": "true",
        "x-ms-version": "2026-02-06"
      },
      "RequestBody": null,
      "StatusCode": 202,
      "ResponseHeaders": {
        "Content-Length": "0",
        "Date": "Wed, 20 Aug 2025 01:23:40 GMT",
        "Server": [
          "Windows-Azure-File/1.0",
          "Microsoft-HTTPAPI/2.0"
        ],
        "x-ms-client-request-id": "Sanitized",
        "x-ms-request-id": "778d76ea-801a-0026-4071-11e8ac000000",
        "x-ms-version": "2026-02-06"
      },
      "ResponseBody": null
    }
  ],
  "Variables": {
    "RandomSeed": "1276496101",
    "Storage_TestConfigDefault": "ProductionTenant\nseanmcccanary3\nU2FuaXRpemVk\nhttps://seanmcccanary3.blob.core.windows.net\nhttps://seanmcccanary3.file.core.windows.net\nhttps://seanmcccanary3.queue.core.windows.net\nhttps://seanmcccanary3.table.core.windows.net\n\n\n\n\nhttps://seanmcccanary3-secondary.blob.core.windows.net\nhttps://seanmcccanary3-secondary.file.core.windows.net\nhttps://seanmcccanary3-secondary.queue.core.windows.net\nhttps://seanmcccanary3-secondary.table.core.windows.net\nCloud\nBlobEndpoint=https://seanmcccanary3.blob.core.windows.net/;QueueEndpoint=https://seanmcccanary3.queue.core.windows.net/;FileEndpoint=https://seanmcccanary3.file.core.windows.net/;BlobSecondaryEndpoint=https://seanmcccanary3-secondary.blob.core.windows.net/;QueueSecondaryEndpoint=https://seanmcccanary3-secondary.queue.core.windows.net/;FileSecondaryEndpoint=https://seanmcccanary3-secondary.file.core.windows.net/;AccountName=seanmcccanary3;AccountKey=U2FuaXRpemVk\nseanscope1\n\n"
  }
}
