{
  "Entries": [
    {
      "RequestUri": "https://seanmcccanada.file.core.windows.net/test-share-01098a16-59f5-ec4b-a9de-4952c213561f?restype=share",
      "RequestMethod": "PUT",
      "RequestHeaders": {
        "Accept": "application/xml",
        "Authorization": "Sanitized",
        "Content-Length": "0",
        "traceparent": "00-c8cd98a7a7ca28ecc7029bf343c706c2-717785755aced589-00",
        "User-Agent": "azsdk-net-Storage.Files.Shares/12.16.0-alpha.20230913.1 (.NET 6.0.22; Microsoft Windows 10.0.22621)",
        "x-ms-client-request-id": "56225a11-7748-caba-cfe8-ba88b3e8fd93",
        "x-ms-date": "Wed, 13 Sep 2023 20:59:35 GMT",
        "x-ms-return-client-request-id": "true",
        "x-ms-version": "2023-08-03"
      },
      "RequestBody": null,
      "StatusCode": 201,
      "ResponseHeaders": {
        "Content-Length": "0",
        "Date": "Wed, 13 Sep 2023 20:59:37 GMT",
        "ETag": "\u00220x8DBB49C57C6B856\u0022",
        "Last-Modified": "Wed, 13 Sep 2023 20:59:38 GMT",
        "Server": [
          "Windows-Azure-File/1.0",
          "Microsoft-HTTPAPI/2.0"
        ],
        "x-ms-client-request-id": "56225a11-7748-caba-cfe8-ba88b3e8fd93",
        "x-ms-request-id": "07ad398c-901a-0085-6285-e6bc5f000000",
        "x-ms-version": "2023-08-03"
      },
      "ResponseBody": null
    },
    {
      "RequestUri": "https://seanmcccanada.file.core.windows.net/test-share-01098a16-59f5-ec4b-a9de-4952c213561f/test-directory-a1d16ab2-20ee-1636-d32c-24c74bd50703?restype=directory",
      "RequestMethod": "PUT",
      "RequestHeaders": {
        "Accept": "application/xml",
        "Authorization": "Sanitized",
        "Content-Length": "0",
        "traceparent": "00-443c980ee25ac6a0b330ecd2acf23796-264c68614224dfd4-00",
        "User-Agent": "azsdk-net-Storage.Files.Shares/12.16.0-alpha.20230913.1 (.NET 6.0.22; Microsoft Windows 10.0.22621)",
        "x-ms-client-request-id": "7bc4792f-eed5-f1d5-230c-821c53f27efa",
        "x-ms-date": "Wed, 13 Sep 2023 20:59:37 GMT",
        "x-ms-file-attributes": "None",
        "x-ms-file-creation-time": "Now",
        "x-ms-file-last-write-time": "Now",
        "x-ms-file-permission": "Inherit",
        "x-ms-return-client-request-id": "true",
        "x-ms-version": "2023-08-03"
      },
      "RequestBody": null,
      "StatusCode": 201,
      "ResponseHeaders": {
        "Content-Length": "0",
        "Date": "Wed, 13 Sep 2023 20:59:37 GMT",
        "ETag": "\u00220x8DBB49C57DB65E6\u0022",
        "Last-Modified": "Wed, 13 Sep 2023 20:59:38 GMT",
        "Server": [
          "Windows-Azure-File/1.0",
          "Microsoft-HTTPAPI/2.0"
        ],
        "x-ms-client-request-id": "7bc4792f-eed5-f1d5-230c-821c53f27efa",
        "x-ms-file-attributes": "Directory",
        "x-ms-file-change-time": "2023-09-13T20:59:38.4951270Z",
        "x-ms-file-creation-time": "2023-09-13T20:59:38.4951270Z",
        "x-ms-file-id": "13835128424026341376",
        "x-ms-file-last-write-time": "2023-09-13T20:59:38.4951270Z",
        "x-ms-file-parent-id": "0",
        "x-ms-file-permission-key": "9736643157039165508*17277118026500876237",
        "x-ms-request-id": "07ad398f-901a-0085-6385-e6bc5f000000",
        "x-ms-request-server-encrypted": "true",
        "x-ms-version": "2023-08-03"
      },
      "ResponseBody": null
    },
    {
      "RequestUri": "https://seanmcccanada.file.core.windows.net/test-share-01098a16-59f5-ec4b-a9de-4952c213561f/test-directory-a1d16ab2-20ee-1636-d32c-24c74bd50703?restype=directory",
      "RequestMethod": "GET",
      "RequestHeaders": {
        "Accept": "application/xml",
        "Authorization": "Sanitized",
        "traceparent": "00-786913d48f7fb3caca119ee2a2f59eaf-1ef356cbe3b588fe-00",
        "User-Agent": "azsdk-net-Storage.Files.Shares/12.16.0-alpha.20230913.1 (.NET 6.0.22; Microsoft Windows 10.0.22621)",
        "x-ms-client-request-id": "d1972f02-8b11-602e-b04f-44e57dbb2b39",
        "x-ms-file-request-intent": "backup",
        "x-ms-return-client-request-id": "true",
        "x-ms-version": "2023-08-03"
      },
      "RequestBody": null,
      "StatusCode": 400,
      "ResponseHeaders": {
        "Content-Length": "297",
        "Content-Type": "application/xml",
        "Date": "Wed, 13 Sep 2023 20:59:38 GMT",
        "Server": "Microsoft-HTTPAPI/2.0",
        "x-ms-error-code": "InvalidAuthenticationInfo",
        "x-ms-request-id": "07ad3990-901a-0085-6485-e6bc5f000000"
      },
      "ResponseBody": [
        "\uFEFF\u003C?xml version=\u00221.0\u0022 encoding=\u0022utf-8\u0022?\u003E\u003CError\u003E\u003CCode\u003EInvalidAuthenticationInfo\u003C/Code\u003E\u003CMessage\u003EAuthentication information is not given in the correct format. Check the value of Authorization header.\n",
        "RequestId:07ad3990-901a-0085-6485-e6bc5f000000\n",
        "Time:2023-09-13T20:59:38.6084686Z\u003C/Message\u003E\u003C/Error\u003E"
      ]
    },
    {
      "RequestUri": "https://seanmcccanada.file.core.windows.net/test-share-01098a16-59f5-ec4b-a9de-4952c213561f?restype=share",
      "RequestMethod": "DELETE",
      "RequestHeaders": {
        "Accept": "application/xml",
        "Authorization": "Sanitized",
        "traceparent": "00-a5f5ca6ce7afa89b443f066f90149816-2da4c72ecbfb075a-00",
        "User-Agent": "azsdk-net-Storage.Files.Shares/12.16.0-alpha.20230913.1 (.NET 6.0.22; Microsoft Windows 10.0.22621)",
        "x-ms-client-request-id": "2319dd3b-ac5a-55e8-89d9-7d5751bd35d7",
        "x-ms-date": "Wed, 13 Sep 2023 20:59:37 GMT",
        "x-ms-delete-snapshots": "include",
        "x-ms-return-client-request-id": "true",
        "x-ms-version": "2023-08-03"
      },
      "RequestBody": null,
      "StatusCode": 202,
      "ResponseHeaders": {
        "Content-Length": "0",
        "Date": "Wed, 13 Sep 2023 20:59:38 GMT",
        "Server": [
          "Windows-Azure-File/1.0",
          "Microsoft-HTTPAPI/2.0"
        ],
        "x-ms-client-request-id": "2319dd3b-ac5a-55e8-89d9-7d5751bd35d7",
        "x-ms-request-id": "07ad3991-901a-0085-6585-e6bc5f000000",
        "x-ms-version": "2023-08-03"
      },
      "ResponseBody": null
    }
  ],
  "Variables": {
    "RandomSeed": "84879952",
    "Storage_TestConfigDefault": "ProductionTenant\nseanmcccanada\nU2FuaXRpemVk\nhttps://seanmcccanada.blob.core.windows.net\nhttps://seanmcccanada.file.core.windows.net\nhttps://seanmcccanada.queue.core.windows.net\nhttps://seanmcccanada.table.core.windows.net\n\n\n\n\nhttps://seanmcccanada-secondary.blob.core.windows.net\nhttps://seanmcccanada-secondary.file.core.windows.net\nhttps://seanmcccanada-secondary.queue.core.windows.net\nhttps://seanmcccanada-secondary.table.core.windows.net\n\nSanitized\n\n\nCloud\nBlobEndpoint=https://seanmcccanada.blob.core.windows.net/;QueueEndpoint=https://seanmcccanada.queue.core.windows.net/;FileEndpoint=https://seanmcccanada.file.core.windows.net/;BlobSecondaryEndpoint=https://seanmcccanada-secondary.blob.core.windows.net/;QueueSecondaryEndpoint=https://seanmcccanada-secondary.queue.core.windows.net/;FileSecondaryEndpoint=https://seanmcccanada-secondary.file.core.windows.net/;AccountName=seanmcccanada;AccountKey=Sanitized\nencryptionScope1\n\n",
    "Storage_TestConfigOAuth": "OAuthTenant\nseanmcccanada\nU2FuaXRpemVk\nhttps://seanmcccanada.blob.core.windows.net\nhttps://seanmcccanada.file.core.windows.net\nhttps://seanmcccanada.queue.core.windows.net\nhttps://seanmcccanada.table.core.windows.net\n\n\n\n\nhttps://seanmcccanada-secondary.blob.core.windows.net/\nhttps://seanmcccanada-secondary.file.core.windows.net\nhttps://seanmcccanada-secondary.queue.core.windows.net\nhttps://seanmcccanada-secondary.table.core.windows.net\ne31670c5-d1a6-4b74-8c15-2d2393f3eb4f\nSanitized\n72f988bf-86f1-41af-91ab-2d7cd011db47\nhttps://login.microsoftonline.com/\nCloud\nBlobEndpoint=https://seanmcccanada.blob.core.windows.net/;QueueEndpoint=https://seanmcccanada.queue.core.windows.net/;FileEndpoint=https://seanmcccanada.file.core.windows.net/;BlobSecondaryEndpoint=https://seanmcccanada-secondary.blob.core.windows.net/;QueueSecondaryEndpoint=https://seanmcccanada-secondary.queue.core.windows.net/;FileSecondaryEndpoint=https://seanmcccanada-secondary.file.core.windows.net/;AccountName=seanmcccanada;AccountKey=Sanitized\n\nXClient\nba45b233-e2ef-4169-8808-49eb0d8eba0d"
  }
}
