{
  "Entries": [
    {
      "RequestUri": "https://amandapreprod.file.core.windows.net/test-share-d2de78e2-c35b-c23a-5e1d-8f39b84d277e?restype=share",
      "RequestMethod": "PUT",
      "RequestHeaders": {
        "Accept": "application/xml",
        "Authorization": "Sanitized",
        "Content-Length": "0",
        "traceparent": "00-820f592457d787ccb10488cd9a069574-62602baf8835816b-00",
        "User-Agent": "azsdk-net-Storage.Files.Shares/12.22.0-alpha.20241217.1 (.NET 8.0.11; Microsoft Windows 10.0.26100)",
        "x-ms-client-request-id": "Sanitized",
        "x-ms-date": "Tue, 17 Dec 2024 17:02:15 GMT",
        "x-ms-return-client-request-id": "true",
        "x-ms-version": "2025-05-05"
      },
      "RequestBody": null,
      "StatusCode": 201,
      "ResponseHeaders": {
        "Content-Length": "0",
        "Date": "Tue, 17 Dec 2024 17:02:10 GMT",
        "ETag": "\"0x8DD1EBC8C197E32\"",
        "Last-Modified": "Tue, 17 Dec 2024 17:02:10 GMT",
        "Server": [
          "Windows-Azure-File/1.0",
          "Microsoft-HTTPAPI/2.0"
        ],
        "x-ms-client-request-id": "Sanitized",
        "x-ms-request-id": "64bd6e92-a01a-0053-55a5-508380000000",
        "x-ms-version": "2025-05-05"
      },
      "ResponseBody": null
    },
    {
      "RequestUri": "https://amandapreprod.file.core.windows.net/test-share-d2de78e2-c35b-c23a-5e1d-8f39b84d277e/%21%27%28%29%3B%5B%5D?restype=directory",
      "RequestMethod": "PUT",
      "RequestHeaders": {
        "Accept": "application/xml",
        "Authorization": "Sanitized",
        "Content-Length": "0",
        "traceparent": "00-3d5ef8f529fe3da951f616f2391578be-bc8185acec5355a4-00",
        "User-Agent": "azsdk-net-Storage.Files.Shares/12.22.0-alpha.20241217.1 (.NET 8.0.11; Microsoft Windows 10.0.26100)",
        "x-ms-client-request-id": "Sanitized",
        "x-ms-date": "Tue, 17 Dec 2024 17:02:15 GMT",
        "x-ms-return-client-request-id": "true",
        "x-ms-version": "2025-05-05"
      },
      "RequestBody": null,
      "StatusCode": 201,
      "ResponseHeaders": {
        "Content-Length": "0",
        "Date": "Tue, 17 Dec 2024 17:02:10 GMT",
        "ETag": "\"0x8DD1EBC8C2301D0\"",
        "Last-Modified": "Tue, 17 Dec 2024 17:02:11 GMT",
        "Server": [
          "Windows-Azure-File/1.0",
          "Microsoft-HTTPAPI/2.0"
        ],
        "x-ms-client-request-id": "Sanitized",
        "x-ms-file-attributes": "Directory",
        "x-ms-file-change-time": "2024-12-17T17:02:11.0267856Z",
        "x-ms-file-creation-time": "2024-12-17T17:02:11.0267856Z",
        "x-ms-file-id": "13835128424026341376",
        "x-ms-file-last-write-time": "2024-12-17T17:02:11.0267856Z",
        "x-ms-file-parent-id": "0",
        "x-ms-file-permission-key": "8016861625448480706*547956186189310027",
        "x-ms-request-id": "64bd6e94-a01a-0053-56a5-508380000000",
        "x-ms-request-server-encrypted": "true",
        "x-ms-version": "2025-05-05"
      },
      "ResponseBody": null
    },
    {
      "RequestUri": "https://amandapreprod.file.core.windows.net/test-share-d2de78e2-c35b-c23a-5e1d-8f39b84d277e/%21%27%28%29%3B%5B%5D/%21%27%28%29%3B%5B%5D%40%26%25%3D%2B%24%2C%23%C3%A4%C3%84%C3%B6%C3%96%C3%BC%C3%9C%C3%9F%3B",
      "RequestMethod": "PUT",
      "RequestHeaders": {
        "Accept": "application/xml",
        "Authorization": "Sanitized",
        "Content-Length": "0",
        "traceparent": "00-ee3e74de5a38429f3d27a585e0d8ebe3-5a800d009da30a59-00",
        "User-Agent": "azsdk-net-Storage.Files.Shares/12.22.0-alpha.20241217.1 (.NET 8.0.11; Microsoft Windows 10.0.26100)",
        "x-ms-client-request-id": "Sanitized",
        "x-ms-content-length": "1024",
        "x-ms-date": "Tue, 17 Dec 2024 17:02:15 GMT",
        "x-ms-return-client-request-id": "true",
        "x-ms-type": "file",
        "x-ms-version": "2025-05-05"
      },
      "RequestBody": null,
      "StatusCode": 201,
      "ResponseHeaders": {
        "Content-Length": "0",
        "Date": "Tue, 17 Dec 2024 17:02:10 GMT",
        "ETag": "\"0x8DD1EBC8C2B5CE2\"",
        "Last-Modified": "Tue, 17 Dec 2024 17:02:11 GMT",
        "Server": [
          "Windows-Azure-File/1.0",
          "Microsoft-HTTPAPI/2.0"
        ],
        "x-ms-client-request-id": "Sanitized",
        "x-ms-file-attributes": "Archive",
        "x-ms-file-change-time": "2024-12-17T17:02:11.0815458Z",
        "x-ms-file-creation-time": "2024-12-17T17:02:11.0815458Z",
        "x-ms-file-id": "11529285414812647424",
        "x-ms-file-last-write-time": "2024-12-17T17:02:11.0815458Z",
        "x-ms-file-parent-id": "13835128424026341376",
        "x-ms-file-permission-key": "12626496306092130501*547956186189310027",
        "x-ms-request-id": "64bd6e95-a01a-0053-57a5-508380000000",
        "x-ms-request-server-encrypted": "true",
        "x-ms-version": "2025-05-05"
      },
      "ResponseBody": null
    },
    {
      "RequestUri": "https://amandapreprod.file.core.windows.net/test-share-d2de78e2-c35b-c23a-5e1d-8f39b84d277e/%21%27%28%29%3B%5B%5D/%21%27%28%29%3B%5B%5D%40%26%25%3D%2B%24%2C%23%C3%A4%C3%84%C3%B6%C3%96%C3%BC%C3%9C%C3%9F%3B",
      "RequestMethod": "HEAD",
      "RequestHeaders": {
        "Accept": "application/xml",
        "Authorization": "Sanitized",
        "User-Agent": "azsdk-net-Storage.Files.Shares/12.22.0-alpha.20241217.1 (.NET 8.0.11; Microsoft Windows 10.0.26100)",
        "x-ms-client-request-id": "Sanitized",
        "x-ms-date": "Tue, 17 Dec 2024 17:02:15 GMT",
        "x-ms-return-client-request-id": "true",
        "x-ms-version": "2025-05-05"
      },
      "RequestBody": null,
      "StatusCode": 200,
      "ResponseHeaders": {
        "Content-Length": "1024",
        "Content-Type": "application/octet-stream",
        "Date": "Tue, 17 Dec 2024 17:02:10 GMT",
        "ETag": "\"0x8DD1EBC8C2B5CE2\"",
        "Last-Modified": "Tue, 17 Dec 2024 17:02:11 GMT",
        "Server": [
          "Windows-Azure-File/1.0",
          "Microsoft-HTTPAPI/2.0"
        ],
        "x-ms-client-request-id": "Sanitized",
        "x-ms-file-attributes": "Archive",
        "x-ms-file-change-time": "2024-12-17T17:02:11.0815458Z",
        "x-ms-file-creation-time": "2024-12-17T17:02:11.0815458Z",
        "x-ms-file-id": "11529285414812647424",
        "x-ms-file-last-write-time": "2024-12-17T17:02:11.0815458Z",
        "x-ms-file-parent-id": "13835128424026341376",
        "x-ms-file-permission-key": "12626496306092130501*547956186189310027",
        "x-ms-lease-state": "available",
        "x-ms-lease-status": "unlocked",
        "x-ms-request-id": "64bd6e96-a01a-0053-58a5-508380000000",
        "x-ms-server-encrypted": "true",
        "x-ms-type": "File",
        "x-ms-version": "2025-05-05"
      },
      "ResponseBody": null
    },
    {
      "RequestUri": "https://amandapreprod.file.core.windows.net/test-share-d2de78e2-c35b-c23a-5e1d-8f39b84d277e/%21%27%28%29%3B%5B%5D?restype=directory&comp=list",
      "RequestMethod": "GET",
      "RequestHeaders": {
        "Accept": "application/xml",
        "Authorization": "Sanitized",
        "User-Agent": "azsdk-net-Storage.Files.Shares/12.22.0-alpha.20241217.1 (.NET 8.0.11; Microsoft Windows 10.0.26100)",
        "x-ms-client-request-id": "Sanitized",
        "x-ms-date": "Tue, 17 Dec 2024 17:02:15 GMT",
        "x-ms-return-client-request-id": "true",
        "x-ms-version": "2025-05-05"
      },
      "RequestBody": null,
      "StatusCode": 200,
      "ResponseHeaders": {
        "Content-Type": "application/xml",
        "Date": "Tue, 17 Dec 2024 17:02:10 GMT",
        "Server": [
          "Windows-Azure-File/1.0",
          "Microsoft-HTTPAPI/2.0"
        ],
        "Transfer-Encoding": "chunked",
        "x-ms-client-request-id": "Sanitized",
        "x-ms-request-id": "64bd6e97-a01a-0053-59a5-508380000000",
        "x-ms-version": "2025-05-05"
      },
      "ResponseBody": "\uFEFF<?xml version=\"1.0\" encoding=\"utf-8\"?><EnumerationResults ServiceEndpoint=\"https://amandapreprod.file.core.windows.net/\" ShareName=\"test-share-d2de78e2-c35b-c23a-5e1d-8f39b84d277e\" DirectoryPath=\"!'();[]\"><DirectoryId>13835128424026341376</DirectoryId><Entries><File><Name>!'();[]@&amp;%=+$,#äÄöÖüÜß;</Name><FileId>11529285414812647424</FileId><Properties><Content-Length>1024</Content-Length></Properties></File></Entries><NextMarker /></EnumerationResults>"
    },
    {
      "RequestUri": "https://amandapreprod.file.core.windows.net/test-share-d2de78e2-c35b-c23a-5e1d-8f39b84d277e/%21%27%28%29%3B%5B%5D/%21%27%28%29%3B%5B%5D%40%26%25%3D%2B%24%2C%23%C3%A4%C3%84%C3%B6%C3%96%C3%BC%C3%9C%C3%9F%3B?sv=Sanitized&st=2024-12-17T16%3A02%3A15Z&se=2024-12-17T18%3A02%3A15Z&sr=f&sp=rcwd&sig=Sanitized",
      "RequestMethod": "HEAD",
      "RequestHeaders": {
        "Accept": "application/xml",
        "traceparent": "00-0347548d157f5ab813598c8b5bb53014-7662991594189937-00",
        "User-Agent": "azsdk-net-Storage.Files.Shares/12.22.0-alpha.20241217.1 (.NET 8.0.11; Microsoft Windows 10.0.26100)",
        "x-ms-client-request-id": "Sanitized",
        "x-ms-return-client-request-id": "true",
        "x-ms-version": "2025-05-05"
      },
      "RequestBody": null,
      "StatusCode": 200,
      "ResponseHeaders": {
        "Content-Length": "1024",
        "Content-Type": "application/octet-stream",
        "Date": "Tue, 17 Dec 2024 17:02:10 GMT",
        "ETag": "\"0x8DD1EBC8C2B5CE2\"",
        "Last-Modified": "Tue, 17 Dec 2024 17:02:11 GMT",
        "Server": [
          "Windows-Azure-File/1.0",
          "Microsoft-HTTPAPI/2.0"
        ],
        "x-ms-client-request-id": "Sanitized",
        "x-ms-file-attributes": "Archive",
        "x-ms-file-change-time": "2024-12-17T17:02:11.0815458Z",
        "x-ms-file-creation-time": "2024-12-17T17:02:11.0815458Z",
        "x-ms-file-id": "11529285414812647424",
        "x-ms-file-last-write-time": "2024-12-17T17:02:11.0815458Z",
        "x-ms-file-parent-id": "13835128424026341376",
        "x-ms-file-permission-key": "12626496306092130501*547956186189310027",
        "x-ms-lease-state": "available",
        "x-ms-lease-status": "unlocked",
        "x-ms-request-id": "64bd6e98-a01a-0053-5aa5-508380000000",
        "x-ms-server-encrypted": "true",
        "x-ms-type": "File",
        "x-ms-version": "2025-05-05"
      },
      "ResponseBody": null
    },
    {
      "RequestUri": "https://amandapreprod.file.core.windows.net/test-share-d2de78e2-c35b-c23a-5e1d-8f39b84d277e?restype=share",
      "RequestMethod": "DELETE",
      "RequestHeaders": {
        "Accept": "application/xml",
        "Authorization": "Sanitized",
        "traceparent": "00-e69118a35454cfcd4df70cbeb9e04976-42b5bc59c772ce23-00",
        "User-Agent": "azsdk-net-Storage.Files.Shares/12.22.0-alpha.20241217.1 (.NET 8.0.11; Microsoft Windows 10.0.26100)",
        "x-ms-client-request-id": "Sanitized",
        "x-ms-date": "Tue, 17 Dec 2024 17:02:15 GMT",
        "x-ms-delete-snapshots": "include",
        "x-ms-return-client-request-id": "true",
        "x-ms-version": "2025-05-05"
      },
      "RequestBody": null,
      "StatusCode": 202,
      "ResponseHeaders": {
        "Content-Length": "0",
        "Date": "Tue, 17 Dec 2024 17:02:11 GMT",
        "Server": [
          "Windows-Azure-File/1.0",
          "Microsoft-HTTPAPI/2.0"
        ],
        "x-ms-client-request-id": "Sanitized",
        "x-ms-request-id": "64bd6e99-a01a-0053-5ba5-508380000000",
        "x-ms-version": "2025-05-05"
      },
      "ResponseBody": null
    }
  ],
  "Variables": {
    "DateTimeOffsetNow": "2024-12-17T12:02:15.6526656-05:00",
    "RandomSeed": "827132686",
    "Storage_TestConfigDefault": "ProductionTenant\namandapreprod\nU2FuaXRpemVk\nhttps://amandapreprod.blob.core.windows.net\nhttps://amandapreprod.file.core.windows.net\nhttps://amandapreprod.queue.core.windows.net\nhttps://amandapreprod.table.core.windows.net\n\n\n\n\nhttps://amandapreprod-secondary.blob.core.windows.net\nhttps://amandapreprod-secondary.file.core.windows.net\nhttps://amandapreprod-secondary.queue.core.windows.net\nhttps://amandapreprod-secondary.table.core.windows.net\nCloud\nBlobEndpoint=https://amandapreprod.blob.core.windows.net/;QueueEndpoint=https://amandapreprod.queue.core.windows.net/;FileEndpoint=https://amandapreprod.file.core.windows.net/;BlobSecondaryEndpoint=https://amandapreprod-secondary.blob.core.windows.net/;QueueSecondaryEndpoint=https://amandapreprod-secondary.queue.core.windows.net/;FileSecondaryEndpoint=https://amandapreprod-secondary.file.core.windows.net/;AccountName=amandapreprod;AccountKey=U2FuaXRpemVk\nEncryptionScope\n\n"
  }
}
