{
  "Entries": [
    {
      "RequestUri": "https://amandapreprod.file.core.windows.net/test-share-55d433e7-998b-19b5-3a09-eb801c681433?restype=share",
      "RequestMethod": "PUT",
      "RequestHeaders": {
        "Accept": "application/xml",
        "Authorization": "Sanitized",
        "Content-Length": "0",
        "traceparent": "00-649efbadf53c322e44a1e46c7f934ddd-87f9246702425fd0-00",
        "User-Agent": "azsdk-net-Storage.Files.Shares/12.22.0-alpha.20241217.1 (.NET 8.0.11; Microsoft Windows 10.0.26100)",
        "x-ms-client-request-id": "Sanitized",
        "x-ms-date": "Tue, 17 Dec 2024 17:02:14 GMT",
        "x-ms-return-client-request-id": "true",
        "x-ms-version": "2025-05-05"
      },
      "RequestBody": null,
      "StatusCode": 201,
      "ResponseHeaders": {
        "Content-Length": "0",
        "Date": "Tue, 17 Dec 2024 17:02:09 GMT",
        "ETag": "\"0x8DD1EBC8B980EB2\"",
        "Last-Modified": "Tue, 17 Dec 2024 17:02:10 GMT",
        "Server": [
          "Windows-Azure-File/1.0",
          "Microsoft-HTTPAPI/2.0"
        ],
        "x-ms-client-request-id": "Sanitized",
        "x-ms-request-id": "64bd6e82-a01a-0053-47a5-508380000000",
        "x-ms-version": "2025-05-05"
      },
      "ResponseBody": null
    },
    {
      "RequestUri": "https://amandapreprod.file.core.windows.net/test-share-55d433e7-998b-19b5-3a09-eb801c681433/%20%20?restype=directory",
      "RequestMethod": "PUT",
      "RequestHeaders": {
        "Accept": "application/xml",
        "Authorization": "Sanitized",
        "Content-Length": "0",
        "traceparent": "00-f55faa86b2126ac94fcaee3549c57154-f2b48bff2a528b6f-00",
        "User-Agent": "azsdk-net-Storage.Files.Shares/12.22.0-alpha.20241217.1 (.NET 8.0.11; Microsoft Windows 10.0.26100)",
        "x-ms-client-request-id": "Sanitized",
        "x-ms-date": "Tue, 17 Dec 2024 17:02:14 GMT",
        "x-ms-return-client-request-id": "true",
        "x-ms-version": "2025-05-05"
      },
      "RequestBody": null,
      "StatusCode": 201,
      "ResponseHeaders": {
        "Content-Length": "0",
        "Date": "Tue, 17 Dec 2024 17:02:09 GMT",
        "ETag": "\"0x8DD1EBC8BA1440A\"",
        "Last-Modified": "Tue, 17 Dec 2024 17:02:10 GMT",
        "Server": [
          "Windows-Azure-File/1.0",
          "Microsoft-HTTPAPI/2.0"
        ],
        "x-ms-client-request-id": "Sanitized",
        "x-ms-file-attributes": "Directory",
        "x-ms-file-change-time": "2024-12-17T17:02:10.1765130Z",
        "x-ms-file-creation-time": "2024-12-17T17:02:10.1765130Z",
        "x-ms-file-id": "13835128424026341376",
        "x-ms-file-last-write-time": "2024-12-17T17:02:10.1765130Z",
        "x-ms-file-parent-id": "0",
        "x-ms-file-permission-key": "8016861625448480706*547956186189310027",
        "x-ms-request-id": "64bd6e84-a01a-0053-48a5-508380000000",
        "x-ms-request-server-encrypted": "true",
        "x-ms-version": "2025-05-05"
      },
      "ResponseBody": null
    },
    {
      "RequestUri": "https://amandapreprod.file.core.windows.net/test-share-55d433e7-998b-19b5-3a09-eb801c681433/%20%20/%20%20",
      "RequestMethod": "PUT",
      "RequestHeaders": {
        "Accept": "application/xml",
        "Authorization": "Sanitized",
        "Content-Length": "0",
        "traceparent": "00-b78ea2a9c29f700bddc98f0390e6ecc3-e49e5356eab96d97-00",
        "User-Agent": "azsdk-net-Storage.Files.Shares/12.22.0-alpha.20241217.1 (.NET 8.0.11; Microsoft Windows 10.0.26100)",
        "x-ms-client-request-id": "Sanitized",
        "x-ms-content-length": "1024",
        "x-ms-date": "Tue, 17 Dec 2024 17:02:14 GMT",
        "x-ms-return-client-request-id": "true",
        "x-ms-type": "file",
        "x-ms-version": "2025-05-05"
      },
      "RequestBody": null,
      "StatusCode": 201,
      "ResponseHeaders": {
        "Content-Length": "0",
        "Date": "Tue, 17 Dec 2024 17:02:09 GMT",
        "ETag": "\"0x8DD1EBC8BA97833\"",
        "Last-Modified": "Tue, 17 Dec 2024 17:02:10 GMT",
        "Server": [
          "Windows-Azure-File/1.0",
          "Microsoft-HTTPAPI/2.0"
        ],
        "x-ms-client-request-id": "Sanitized",
        "x-ms-file-attributes": "Archive",
        "x-ms-file-change-time": "2024-12-17T17:02:10.2302771Z",
        "x-ms-file-creation-time": "2024-12-17T17:02:10.2302771Z",
        "x-ms-file-id": "11529285414812647424",
        "x-ms-file-last-write-time": "2024-12-17T17:02:10.2302771Z",
        "x-ms-file-parent-id": "13835128424026341376",
        "x-ms-file-permission-key": "12626496306092130501*547956186189310027",
        "x-ms-request-id": "64bd6e85-a01a-0053-49a5-508380000000",
        "x-ms-request-server-encrypted": "true",
        "x-ms-version": "2025-05-05"
      },
      "ResponseBody": null
    },
    {
      "RequestUri": "https://amandapreprod.file.core.windows.net/test-share-55d433e7-998b-19b5-3a09-eb801c681433/%20%20/%20%20",
      "RequestMethod": "HEAD",
      "RequestHeaders": {
        "Accept": "application/xml",
        "Authorization": "Sanitized",
        "User-Agent": "azsdk-net-Storage.Files.Shares/12.22.0-alpha.20241217.1 (.NET 8.0.11; Microsoft Windows 10.0.26100)",
        "x-ms-client-request-id": "Sanitized",
        "x-ms-date": "Tue, 17 Dec 2024 17:02:14 GMT",
        "x-ms-return-client-request-id": "true",
        "x-ms-version": "2025-05-05"
      },
      "RequestBody": null,
      "StatusCode": 200,
      "ResponseHeaders": {
        "Content-Length": "1024",
        "Content-Type": "application/octet-stream",
        "Date": "Tue, 17 Dec 2024 17:02:10 GMT",
        "ETag": "\"0x8DD1EBC8BA97833\"",
        "Last-Modified": "Tue, 17 Dec 2024 17:02:10 GMT",
        "Server": [
          "Windows-Azure-File/1.0",
          "Microsoft-HTTPAPI/2.0"
        ],
        "x-ms-client-request-id": "Sanitized",
        "x-ms-file-attributes": "Archive",
        "x-ms-file-change-time": "2024-12-17T17:02:10.2302771Z",
        "x-ms-file-creation-time": "2024-12-17T17:02:10.2302771Z",
        "x-ms-file-id": "11529285414812647424",
        "x-ms-file-last-write-time": "2024-12-17T17:02:10.2302771Z",
        "x-ms-file-parent-id": "13835128424026341376",
        "x-ms-file-permission-key": "12626496306092130501*547956186189310027",
        "x-ms-lease-state": "available",
        "x-ms-lease-status": "unlocked",
        "x-ms-request-id": "64bd6e86-a01a-0053-4aa5-508380000000",
        "x-ms-server-encrypted": "true",
        "x-ms-type": "File",
        "x-ms-version": "2025-05-05"
      },
      "ResponseBody": null
    },
    {
      "RequestUri": "https://amandapreprod.file.core.windows.net/test-share-55d433e7-998b-19b5-3a09-eb801c681433/%20%20?restype=directory&comp=list",
      "RequestMethod": "GET",
      "RequestHeaders": {
        "Accept": "application/xml",
        "Authorization": "Sanitized",
        "traceparent": "00-715c5a54a787a355b8cedb9a75471168-3af6270436ec5272-00",
        "User-Agent": "azsdk-net-Storage.Files.Shares/12.22.0-alpha.20241217.1 (.NET 8.0.11; Microsoft Windows 10.0.26100)",
        "x-ms-client-request-id": "Sanitized",
        "x-ms-date": "Tue, 17 Dec 2024 17:02:14 GMT",
        "x-ms-return-client-request-id": "true",
        "x-ms-version": "2025-05-05"
      },
      "RequestBody": null,
      "StatusCode": 200,
      "ResponseHeaders": {
        "Content-Type": "application/xml",
        "Date": "Tue, 17 Dec 2024 17:02:10 GMT",
        "Server": [
          "Windows-Azure-File/1.0",
          "Microsoft-HTTPAPI/2.0"
        ],
        "Transfer-Encoding": "chunked",
        "x-ms-client-request-id": "Sanitized",
        "x-ms-request-id": "64bd6e87-a01a-0053-4ba5-508380000000",
        "x-ms-version": "2025-05-05"
      },
      "ResponseBody": "\uFEFF<?xml version=\"1.0\" encoding=\"utf-8\"?><EnumerationResults ServiceEndpoint=\"https://amandapreprod.file.core.windows.net/\" ShareName=\"test-share-55d433e7-998b-19b5-3a09-eb801c681433\" DirectoryPath=\"  \"><DirectoryId>13835128424026341376</DirectoryId><Entries><File><Name>  </Name><FileId>11529285414812647424</FileId><Properties><Content-Length>1024</Content-Length></Properties></File></Entries><NextMarker /></EnumerationResults>"
    },
    {
      "RequestUri": "https://amandapreprod.file.core.windows.net/test-share-55d433e7-998b-19b5-3a09-eb801c681433/%20%20/%20%20?sv=Sanitized&st=2024-12-17T16%3A02%3A14Z&se=2024-12-17T18%3A02%3A14Z&sr=f&sp=rcwd&sig=Sanitized",
      "RequestMethod": "HEAD",
      "RequestHeaders": {
        "Accept": "application/xml",
        "traceparent": "00-857d0987fece01e479a1e4f198a00495-222b7bdc3f51c6b7-00",
        "User-Agent": "azsdk-net-Storage.Files.Shares/12.22.0-alpha.20241217.1 (.NET 8.0.11; Microsoft Windows 10.0.26100)",
        "x-ms-client-request-id": "Sanitized",
        "x-ms-return-client-request-id": "true",
        "x-ms-version": "2025-05-05"
      },
      "RequestBody": null,
      "StatusCode": 200,
      "ResponseHeaders": {
        "Content-Length": "1024",
        "Content-Type": "application/octet-stream",
        "Date": "Tue, 17 Dec 2024 17:02:10 GMT",
        "ETag": "\"0x8DD1EBC8BA97833\"",
        "Last-Modified": "Tue, 17 Dec 2024 17:02:10 GMT",
        "Server": [
          "Windows-Azure-File/1.0",
          "Microsoft-HTTPAPI/2.0"
        ],
        "x-ms-client-request-id": "Sanitized",
        "x-ms-file-attributes": "Archive",
        "x-ms-file-change-time": "2024-12-17T17:02:10.2302771Z",
        "x-ms-file-creation-time": "2024-12-17T17:02:10.2302771Z",
        "x-ms-file-id": "11529285414812647424",
        "x-ms-file-last-write-time": "2024-12-17T17:02:10.2302771Z",
        "x-ms-file-parent-id": "13835128424026341376",
        "x-ms-file-permission-key": "12626496306092130501*547956186189310027",
        "x-ms-lease-state": "available",
        "x-ms-lease-status": "unlocked",
        "x-ms-request-id": "64bd6e88-a01a-0053-4ca5-508380000000",
        "x-ms-server-encrypted": "true",
        "x-ms-type": "File",
        "x-ms-version": "2025-05-05"
      },
      "ResponseBody": null
    },
    {
      "RequestUri": "https://amandapreprod.file.core.windows.net/test-share-55d433e7-998b-19b5-3a09-eb801c681433?restype=share",
      "RequestMethod": "DELETE",
      "RequestHeaders": {
        "Accept": "application/xml",
        "Authorization": "Sanitized",
        "traceparent": "00-2ee372d534a39aae9ebcd4748b3ed2fb-547d07d46ddd12ac-00",
        "User-Agent": "azsdk-net-Storage.Files.Shares/12.22.0-alpha.20241217.1 (.NET 8.0.11; Microsoft Windows 10.0.26100)",
        "x-ms-client-request-id": "Sanitized",
        "x-ms-date": "Tue, 17 Dec 2024 17:02:14 GMT",
        "x-ms-delete-snapshots": "include",
        "x-ms-return-client-request-id": "true",
        "x-ms-version": "2025-05-05"
      },
      "RequestBody": null,
      "StatusCode": 202,
      "ResponseHeaders": {
        "Content-Length": "0",
        "Date": "Tue, 17 Dec 2024 17:02:10 GMT",
        "Server": [
          "Windows-Azure-File/1.0",
          "Microsoft-HTTPAPI/2.0"
        ],
        "x-ms-client-request-id": "Sanitized",
        "x-ms-request-id": "64bd6e89-a01a-0053-4da5-508380000000",
        "x-ms-version": "2025-05-05"
      },
      "ResponseBody": null
    }
  ],
  "Variables": {
    "DateTimeOffsetNow": "2024-12-17T12:02:14.8040438-05:00",
    "RandomSeed": "1886215853",
    "Storage_TestConfigDefault": "ProductionTenant\namandapreprod\nU2FuaXRpemVk\nhttps://amandapreprod.blob.core.windows.net\nhttps://amandapreprod.file.core.windows.net\nhttps://amandapreprod.queue.core.windows.net\nhttps://amandapreprod.table.core.windows.net\n\n\n\n\nhttps://amandapreprod-secondary.blob.core.windows.net\nhttps://amandapreprod-secondary.file.core.windows.net\nhttps://amandapreprod-secondary.queue.core.windows.net\nhttps://amandapreprod-secondary.table.core.windows.net\nCloud\nBlobEndpoint=https://amandapreprod.blob.core.windows.net/;QueueEndpoint=https://amandapreprod.queue.core.windows.net/;FileEndpoint=https://amandapreprod.file.core.windows.net/;BlobSecondaryEndpoint=https://amandapreprod-secondary.blob.core.windows.net/;QueueSecondaryEndpoint=https://amandapreprod-secondary.queue.core.windows.net/;FileSecondaryEndpoint=https://amandapreprod-secondary.file.core.windows.net/;AccountName=amandapreprod;AccountKey=U2FuaXRpemVk\nEncryptionScope\n\n"
  }
}
