{
  "Entries": [
    {
      "RequestUri": "https://amandapreprod.file.core.windows.net/test-share-de673b55-93e2-c71f-4a20-35ad378c21d2?restype=share",
      "RequestMethod": "PUT",
      "RequestHeaders": {
        "Accept": "application/xml",
        "Authorization": "Sanitized",
        "Content-Length": "0",
        "traceparent": "00-900c7d96d00af3b1f83106ab48e7b805-7c27554d0ef721df-00",
        "User-Agent": "azsdk-net-Storage.Files.Shares/12.22.0-alpha.20241217.1 (.NET 8.0.11; Microsoft Windows 10.0.26100)",
        "x-ms-client-request-id": "Sanitized",
        "x-ms-date": "Tue, 17 Dec 2024 17:02:48 GMT",
        "x-ms-return-client-request-id": "true",
        "x-ms-version": "2025-05-05"
      },
      "RequestBody": null,
      "StatusCode": 201,
      "ResponseHeaders": {
        "Content-Length": "0",
        "Date": "Tue, 17 Dec 2024 17:02:43 GMT",
        "ETag": "\"0x8DD1EBC9FC2C445\"",
        "Last-Modified": "Tue, 17 Dec 2024 17:02:43 GMT",
        "Server": [
          "Windows-Azure-File/1.0",
          "Microsoft-HTTPAPI/2.0"
        ],
        "x-ms-client-request-id": "Sanitized",
        "x-ms-request-id": "5d81e06f-d01a-0066-23a5-50ef94000000",
        "x-ms-version": "2025-05-05"
      },
      "ResponseBody": null
    },
    {
      "RequestUri": "https://amandapreprod.file.core.windows.net/test-share-de673b55-93e2-c71f-4a20-35ad378c21d2/%2521%2527%2528?restype=directory",
      "RequestMethod": "PUT",
      "RequestHeaders": {
        "Accept": "application/xml",
        "Authorization": "Sanitized",
        "Content-Length": "0",
        "traceparent": "00-b0081c4edf7be8c6557fcd2e3236ffc8-69f070c62d1b1403-00",
        "User-Agent": "azsdk-net-Storage.Files.Shares/12.22.0-alpha.20241217.1 (.NET 8.0.11; Microsoft Windows 10.0.26100)",
        "x-ms-client-request-id": "Sanitized",
        "x-ms-date": "Tue, 17 Dec 2024 17:02:48 GMT",
        "x-ms-return-client-request-id": "true",
        "x-ms-version": "2025-05-05"
      },
      "RequestBody": null,
      "StatusCode": 201,
      "ResponseHeaders": {
        "Content-Length": "0",
        "Date": "Tue, 17 Dec 2024 17:02:43 GMT",
        "ETag": "\"0x8DD1EBC9FCDB367\"",
        "Last-Modified": "Tue, 17 Dec 2024 17:02:44 GMT",
        "Server": [
          "Windows-Azure-File/1.0",
          "Microsoft-HTTPAPI/2.0"
        ],
        "x-ms-client-request-id": "Sanitized",
        "x-ms-file-attributes": "Directory",
        "x-ms-file-change-time": "2024-12-17T17:02:44.0221543Z",
        "x-ms-file-creation-time": "2024-12-17T17:02:44.0221543Z",
        "x-ms-file-id": "13835128424026341376",
        "x-ms-file-last-write-time": "2024-12-17T17:02:44.0221543Z",
        "x-ms-file-parent-id": "0",
        "x-ms-file-permission-key": "8016861625448480706*547956186189310027",
        "x-ms-request-id": "5d81e071-d01a-0066-24a5-50ef94000000",
        "x-ms-request-server-encrypted": "true",
        "x-ms-version": "2025-05-05"
      },
      "ResponseBody": null
    },
    {
      "RequestUri": "https://amandapreprod.file.core.windows.net/test-share-de673b55-93e2-c71f-4a20-35ad378c21d2/%2521%2527%2528/%2521%2527%2528%2529%253B%255B%255D%2540%2526%C3%A4%C3%84%C3%B6%C3%96%C3%BC%C3%9C%C3%9F%253B?restype=directory",
      "RequestMethod": "PUT",
      "RequestHeaders": {
        "Accept": "application/xml",
        "Authorization": "Sanitized",
        "Content-Length": "0",
        "traceparent": "00-252866418b8865fb4b52cc596f4f0404-549619d576377a10-00",
        "User-Agent": "azsdk-net-Storage.Files.Shares/12.22.0-alpha.20241217.1 (.NET 8.0.11; Microsoft Windows 10.0.26100)",
        "x-ms-client-request-id": "Sanitized",
        "x-ms-date": "Tue, 17 Dec 2024 17:02:48 GMT",
        "x-ms-return-client-request-id": "true",
        "x-ms-version": "2025-05-05"
      },
      "RequestBody": null,
      "StatusCode": 201,
      "ResponseHeaders": {
        "Content-Length": "0",
        "Date": "Tue, 17 Dec 2024 17:02:43 GMT",
        "ETag": "\"0x8DD1EBC9FD7E12D\"",
        "Last-Modified": "Tue, 17 Dec 2024 17:02:44 GMT",
        "Server": [
          "Windows-Azure-File/1.0",
          "Microsoft-HTTPAPI/2.0"
        ],
        "x-ms-client-request-id": "Sanitized",
        "x-ms-file-attributes": "Directory",
        "x-ms-file-change-time": "2024-12-17T17:02:44.0888621Z",
        "x-ms-file-creation-time": "2024-12-17T17:02:44.0888621Z",
        "x-ms-file-id": "11529285414812647424",
        "x-ms-file-last-write-time": "2024-12-17T17:02:44.0888621Z",
        "x-ms-file-parent-id": "13835128424026341376",
        "x-ms-file-permission-key": "8016861625448480706*547956186189310027",
        "x-ms-request-id": "5d81e073-d01a-0066-26a5-50ef94000000",
        "x-ms-request-server-encrypted": "true",
        "x-ms-version": "2025-05-05"
      },
      "ResponseBody": null
    },
    {
      "RequestUri": "https://amandapreprod.file.core.windows.net/test-share-de673b55-93e2-c71f-4a20-35ad378c21d2/%2521%2527%2528/%2521%2527%2528%2529%253B%255B%255D%2540%2526%C3%A4%C3%84%C3%B6%C3%96%C3%BC%C3%9C%C3%9F%253B?restype=directory",
      "RequestMethod": "GET",
      "RequestHeaders": {
        "Accept": "application/xml",
        "Authorization": "Sanitized",
        "User-Agent": "azsdk-net-Storage.Files.Shares/12.22.0-alpha.20241217.1 (.NET 8.0.11; Microsoft Windows 10.0.26100)",
        "x-ms-client-request-id": "Sanitized",
        "x-ms-date": "Tue, 17 Dec 2024 17:02:48 GMT",
        "x-ms-return-client-request-id": "true",
        "x-ms-version": "2025-05-05"
      },
      "RequestBody": null,
      "StatusCode": 200,
      "ResponseHeaders": {
        "Content-Length": "0",
        "Date": "Tue, 17 Dec 2024 17:02:43 GMT",
        "ETag": "\"0x8DD1EBC9FD7E12D\"",
        "Last-Modified": "Tue, 17 Dec 2024 17:02:44 GMT",
        "Server": [
          "Windows-Azure-File/1.0",
          "Microsoft-HTTPAPI/2.0"
        ],
        "x-ms-client-request-id": "Sanitized",
        "x-ms-file-attributes": "Directory",
        "x-ms-file-change-time": "2024-12-17T17:02:44.0888621Z",
        "x-ms-file-creation-time": "2024-12-17T17:02:44.0888621Z",
        "x-ms-file-id": "11529285414812647424",
        "x-ms-file-last-write-time": "2024-12-17T17:02:44.0888621Z",
        "x-ms-file-parent-id": "13835128424026341376",
        "x-ms-file-permission-key": "8016861625448480706*547956186189310027",
        "x-ms-request-id": "5d81e075-d01a-0066-28a5-50ef94000000",
        "x-ms-server-encrypted": "true",
        "x-ms-version": "2025-05-05"
      },
      "ResponseBody": null
    },
    {
      "RequestUri": "https://amandapreprod.file.core.windows.net/test-share-de673b55-93e2-c71f-4a20-35ad378c21d2/%2521%2527%2528?restype=directory&comp=list",
      "RequestMethod": "GET",
      "RequestHeaders": {
        "Accept": "application/xml",
        "Authorization": "Sanitized",
        "User-Agent": "azsdk-net-Storage.Files.Shares/12.22.0-alpha.20241217.1 (.NET 8.0.11; Microsoft Windows 10.0.26100)",
        "x-ms-client-request-id": "Sanitized",
        "x-ms-date": "Tue, 17 Dec 2024 17:02:48 GMT",
        "x-ms-return-client-request-id": "true",
        "x-ms-version": "2025-05-05"
      },
      "RequestBody": null,
      "StatusCode": 200,
      "ResponseHeaders": {
        "Content-Type": "application/xml",
        "Date": "Tue, 17 Dec 2024 17:02:43 GMT",
        "Server": [
          "Windows-Azure-File/1.0",
          "Microsoft-HTTPAPI/2.0"
        ],
        "Transfer-Encoding": "chunked",
        "x-ms-client-request-id": "Sanitized",
        "x-ms-request-id": "5d81e076-d01a-0066-29a5-50ef94000000",
        "x-ms-version": "2025-05-05"
      },
      "ResponseBody": "\uFEFF<?xml version=\"1.0\" encoding=\"utf-8\"?><EnumerationResults ServiceEndpoint=\"https://amandapreprod.file.core.windows.net/\" ShareName=\"test-share-de673b55-93e2-c71f-4a20-35ad378c21d2\" DirectoryPath=\"%21%27%28\"><DirectoryId>13835128424026341376</DirectoryId><Entries><Directory><Name>%21%27%28%29%3B%5B%5D%40%26äÄöÖüÜß%3B</Name><FileId>11529285414812647424</FileId><Properties /></Directory></Entries><NextMarker /></EnumerationResults>"
    },
    {
      "RequestUri": "https://amandapreprod.file.core.windows.net/test-share-de673b55-93e2-c71f-4a20-35ad378c21d2?restype=share",
      "RequestMethod": "DELETE",
      "RequestHeaders": {
        "Accept": "application/xml",
        "Authorization": "Sanitized",
        "traceparent": "00-a71ef3a6da7a043de5baa55489872421-fae2c7fc1cd40fed-00",
        "User-Agent": "azsdk-net-Storage.Files.Shares/12.22.0-alpha.20241217.1 (.NET 8.0.11; Microsoft Windows 10.0.26100)",
        "x-ms-client-request-id": "Sanitized",
        "x-ms-date": "Tue, 17 Dec 2024 17:02:48 GMT",
        "x-ms-delete-snapshots": "include",
        "x-ms-return-client-request-id": "true",
        "x-ms-version": "2025-05-05"
      },
      "RequestBody": null,
      "StatusCode": 202,
      "ResponseHeaders": {
        "Content-Length": "0",
        "Date": "Tue, 17 Dec 2024 17:02:43 GMT",
        "Server": [
          "Windows-Azure-File/1.0",
          "Microsoft-HTTPAPI/2.0"
        ],
        "x-ms-client-request-id": "Sanitized",
        "x-ms-request-id": "5d81e078-d01a-0066-2aa5-50ef94000000",
        "x-ms-version": "2025-05-05"
      },
      "ResponseBody": null
    }
  ],
  "Variables": {
    "RandomSeed": "1581976181",
    "Storage_TestConfigDefault": "ProductionTenant\namandapreprod\nU2FuaXRpemVk\nhttps://amandapreprod.blob.core.windows.net\nhttps://amandapreprod.file.core.windows.net\nhttps://amandapreprod.queue.core.windows.net\nhttps://amandapreprod.table.core.windows.net\n\n\n\n\nhttps://amandapreprod-secondary.blob.core.windows.net\nhttps://amandapreprod-secondary.file.core.windows.net\nhttps://amandapreprod-secondary.queue.core.windows.net\nhttps://amandapreprod-secondary.table.core.windows.net\nCloud\nBlobEndpoint=https://amandapreprod.blob.core.windows.net/;QueueEndpoint=https://amandapreprod.queue.core.windows.net/;FileEndpoint=https://amandapreprod.file.core.windows.net/;BlobSecondaryEndpoint=https://amandapreprod-secondary.blob.core.windows.net/;QueueSecondaryEndpoint=https://amandapreprod-secondary.queue.core.windows.net/;FileSecondaryEndpoint=https://amandapreprod-secondary.file.core.windows.net/;AccountName=amandapreprod;AccountKey=U2FuaXRpemVk\nEncryptionScope\n\n"
  }
}
