{
  "Entries": [
    {
      "RequestUri": "https://seancanary.file.core.windows.net/test-share-b34f4670-1ad8-86b8-6d5e-65f5079e978a?restype=share",
      "RequestMethod": "PUT",
      "RequestHeaders": {
        "Accept": "application/xml",
        "Authorization": "Sanitized",
        "Content-Length": "0",
        "traceparent": "00-831fb0daf41f49580d113e0c7234c705-54e7d6715a5defee-00",
        "User-Agent": "azsdk-net-Storage.Files.Shares/12.20.0-alpha.20240731.1 (.NET 7.0.20; Microsoft Windows 10.0.22631)",
        "x-ms-client-request-id": "Sanitized",
        "x-ms-date": "Thu, 01 Aug 2024 00:58:31 GMT",
        "x-ms-return-client-request-id": "true",
        "x-ms-version": "2024-11-04"
      },
      "RequestBody": null,
      "StatusCode": 201,
      "ResponseHeaders": {
        "Content-Length": "0",
        "Date": "Thu, 01 Aug 2024 00:58:30 GMT",
        "ETag": "\"0x8DCB1C50FE53B66\"",
        "Last-Modified": "Thu, 01 Aug 2024 00:58:31 GMT",
        "Server": [
          "Windows-Azure-File/1.0",
          "Microsoft-HTTPAPI/2.0"
        ],
        "x-ms-client-request-id": "Sanitized",
        "x-ms-request-id": "bf73d454-901a-0082-26ad-e3b79f000000",
        "x-ms-version": "2024-11-04"
      },
      "ResponseBody": null
    },
    {
      "RequestUri": "https://seancanary.file.core.windows.net/test-share-b34f4670-1ad8-86b8-6d5e-65f5079e978a/test-dire%C2%A2t%20%C3%98%C2%AE%CF%92%253A-ab971037-2da2-a50d-f414-b72f064a824b?restype=directory",
      "RequestMethod": "PUT",
      "RequestHeaders": {
        "Accept": "application/xml",
        "Authorization": "Sanitized",
        "Content-Length": "0",
        "traceparent": "00-674fbe2056de44397d2fdfd702858898-2183142b30b7c2b1-00",
        "User-Agent": "azsdk-net-Storage.Files.Shares/12.20.0-alpha.20240731.1 (.NET 7.0.20; Microsoft Windows 10.0.22631)",
        "x-ms-client-request-id": "Sanitized",
        "x-ms-date": "Thu, 01 Aug 2024 00:58:31 GMT",
        "x-ms-file-attributes": "None",
        "x-ms-file-creation-time": "Now",
        "x-ms-file-last-write-time": "Now",
        "x-ms-file-permission": "Inherit",
        "x-ms-return-client-request-id": "true",
        "x-ms-version": "2024-11-04"
      },
      "RequestBody": null,
      "StatusCode": 201,
      "ResponseHeaders": {
        "Content-Length": "0",
        "Date": "Thu, 01 Aug 2024 00:58:30 GMT",
        "ETag": "\"0x8DCB1C50FF21493\"",
        "Last-Modified": "Thu, 01 Aug 2024 00:58:31 GMT",
        "Server": [
          "Windows-Azure-File/1.0",
          "Microsoft-HTTPAPI/2.0"
        ],
        "x-ms-client-request-id": "Sanitized",
        "x-ms-file-attributes": "Directory",
        "x-ms-file-change-time": "2024-08-01T00:58:31.3964691Z",
        "x-ms-file-creation-time": "2024-08-01T00:58:31.3964691Z",
        "x-ms-file-id": "13835128424026341376",
        "x-ms-file-last-write-time": "2024-08-01T00:58:31.3964691Z",
        "x-ms-file-parent-id": "0",
        "x-ms-file-permission-key": "3341290327828196975*5081612660206631398",
        "x-ms-request-id": "bf73d456-901a-0082-27ad-e3b79f000000",
        "x-ms-request-server-encrypted": "true",
        "x-ms-version": "2024-11-04"
      },
      "ResponseBody": null
    },
    {
      "RequestUri": "https://seancanary.file.core.windows.net/test-share-b34f4670-1ad8-86b8-6d5e-65f5079e978a/test-directory-3560410e-1dd9-649e-033b-eff9540667dc?restype=directory&comp=rename",
      "RequestMethod": "PUT",
      "RequestHeaders": {
        "Accept": "application/xml",
        "Authorization": "Sanitized",
        "Content-Length": "0",
        "traceparent": "00-8237f021f450e867e920c503a02d608a-4579ae101853dc6f-00",
        "User-Agent": "azsdk-net-Storage.Files.Shares/12.20.0-alpha.20240731.1 (.NET 7.0.20; Microsoft Windows 10.0.22631)",
        "x-ms-client-request-id": "Sanitized",
        "x-ms-date": "Thu, 01 Aug 2024 00:58:31 GMT",
        "x-ms-file-permission": "AQAUhGwAAACIAAAAAAAAABQAAAACAFgAAwAAAAAAFAD/AR8AAQEAAAAAAAUSAAAAAAAYAP8BHwABAgAAAAAABSAAAAAgAgAAAAAkAKkAEgABBQAAAAAABRUAAABZUbgXZnJdJWRjOwuMmS4AAQUAAAAAAAUVAAAAoGXPfnhLm1/nfIdwr/1IAQEFAAAAAAAFFQAAAKBlz354S5tf53yHcAECAAA=",
        "x-ms-file-permission-format": "Binary",
        "x-ms-file-rename-source": "https://seancanary.file.core.windows.net/test-share-b34f4670-1ad8-86b8-6d5e-65f5079e978a/test-dire%C2%A2t%20%C3%98%C2%AE%CF%92%253A-ab971037-2da2-a50d-f414-b72f064a824b",
        "x-ms-return-client-request-id": "true",
        "x-ms-version": "2024-11-04"
      },
      "RequestBody": null,
      "StatusCode": 200,
      "ResponseHeaders": {
        "Content-Length": "0",
        "Date": "Thu, 01 Aug 2024 00:58:30 GMT",
        "ETag": "\"0x8DCB1C50FFBD7BC\"",
        "Last-Modified": "Thu, 01 Aug 2024 00:58:31 GMT",
        "Server": [
          "Windows-Azure-File/1.0",
          "Microsoft-HTTPAPI/2.0"
        ],
        "x-ms-client-request-id": "Sanitized",
        "x-ms-file-attributes": "Directory",
        "x-ms-file-change-time": "2024-08-01T00:58:31.4604476Z",
        "x-ms-file-creation-time": "2024-08-01T00:58:31.3964691Z",
        "x-ms-file-id": "13835128424026341376",
        "x-ms-file-last-write-time": "2024-08-01T00:58:31.3964691Z",
        "x-ms-file-parent-id": "0",
        "x-ms-file-permission-key": "16231623300506987543*5081612660206631398",
        "x-ms-request-id": "bf73d457-901a-0082-28ad-e3b79f000000",
        "x-ms-request-server-encrypted": "true",
        "x-ms-version": "2024-11-04"
      },
      "ResponseBody": null
    },
    {
      "RequestUri": "https://seancanary.file.core.windows.net/test-share-b34f4670-1ad8-86b8-6d5e-65f5079e978a/test-directory-3560410e-1dd9-649e-033b-eff9540667dc?restype=directory",
      "RequestMethod": "GET",
      "RequestHeaders": {
        "Accept": "application/xml",
        "Authorization": "Sanitized",
        "User-Agent": "azsdk-net-Storage.Files.Shares/12.20.0-alpha.20240731.1 (.NET 7.0.20; Microsoft Windows 10.0.22631)",
        "x-ms-client-request-id": "Sanitized",
        "x-ms-date": "Thu, 01 Aug 2024 00:58:32 GMT",
        "x-ms-return-client-request-id": "true",
        "x-ms-version": "2024-11-04"
      },
      "RequestBody": null,
      "StatusCode": 200,
      "ResponseHeaders": {
        "Content-Length": "0",
        "Date": "Thu, 01 Aug 2024 00:58:30 GMT",
        "ETag": "\"0x8DCB1C50FFBD7BC\"",
        "Last-Modified": "Thu, 01 Aug 2024 00:58:31 GMT",
        "Server": [
          "Windows-Azure-File/1.0",
          "Microsoft-HTTPAPI/2.0"
        ],
        "x-ms-client-request-id": "Sanitized",
        "x-ms-file-attributes": "Directory",
        "x-ms-file-change-time": "2024-08-01T00:58:31.4604476Z",
        "x-ms-file-creation-time": "2024-08-01T00:58:31.3964691Z",
        "x-ms-file-id": "13835128424026341376",
        "x-ms-file-last-write-time": "2024-08-01T00:58:31.3964691Z",
        "x-ms-file-parent-id": "0",
        "x-ms-file-permission-key": "16231623300506987543*5081612660206631398",
        "x-ms-request-id": "bf73d458-901a-0082-29ad-e3b79f000000",
        "x-ms-server-encrypted": "true",
        "x-ms-version": "2024-11-04"
      },
      "ResponseBody": null
    },
    {
      "RequestUri": "https://seancanary.file.core.windows.net/test-share-b34f4670-1ad8-86b8-6d5e-65f5079e978a?restype=share",
      "RequestMethod": "DELETE",
      "RequestHeaders": {
        "Accept": "application/xml",
        "Authorization": "Sanitized",
        "traceparent": "00-e01150a10eb7248dbd2fc2f3caa5bba0-dc47fe48cb0c571e-00",
        "User-Agent": "azsdk-net-Storage.Files.Shares/12.20.0-alpha.20240731.1 (.NET 7.0.20; Microsoft Windows 10.0.22631)",
        "x-ms-client-request-id": "Sanitized",
        "x-ms-date": "Thu, 01 Aug 2024 00:58:32 GMT",
        "x-ms-delete-snapshots": "include",
        "x-ms-return-client-request-id": "true",
        "x-ms-version": "2024-11-04"
      },
      "RequestBody": null,
      "StatusCode": 202,
      "ResponseHeaders": {
        "Content-Length": "0",
        "Date": "Thu, 01 Aug 2024 00:58:30 GMT",
        "Server": [
          "Windows-Azure-File/1.0",
          "Microsoft-HTTPAPI/2.0"
        ],
        "x-ms-client-request-id": "Sanitized",
        "x-ms-request-id": "bf73d45b-901a-0082-2cad-e3b79f000000",
        "x-ms-version": "2024-11-04"
      },
      "ResponseBody": null
    }
  ],
  "Variables": {
    "RandomSeed": "829262300",
    "Storage_TestConfigDefault": "ProductionTenant\nseancanary\nU2FuaXRpemVk\nhttps://seancanary.blob.core.windows.net\nhttps://seancanary.file.core.windows.net\nhttps://seancanary.queue.core.windows.net\nhttps://seancanary.table.core.windows.net\n\n\n\n\nhttps://seancanary-secondary.blob.core.windows.net\nhttps://seancanary-secondary.file.core.windows.net\nhttps://seancanary-secondary.queue.core.windows.net\nhttps://seancanary-secondary.table.core.windows.net\nCloud\nBlobEndpoint=https://seancanary.blob.core.windows.net/;QueueEndpoint=https://seancanary.queue.core.windows.net/;FileEndpoint=https://seancanary.file.core.windows.net/;BlobSecondaryEndpoint=https://seancanary-secondary.blob.core.windows.net/;QueueSecondaryEndpoint=https://seancanary-secondary.queue.core.windows.net/;FileSecondaryEndpoint=https://seancanary-secondary.file.core.windows.net/;AccountName=seancanary;AccountKey=Sanitized\nseanscope1\n\n"
  }
}
