{
  "Entries": [
    {
      "RequestUri": "https://REDACTED/openai/images/generations:submit?api-version=2023-09-01-preview",
      "RequestMethod": "POST",
      "RequestHeaders": {
        "Accept": "application/json",
        "api-key": "REDACTED",
        "Content-Length": "70",
        "Content-Type": "application/json",
        "Date": "Tue, 19 Sep 2023 12:36:49 GMT",
        "User-Agent": "azsdk-java-azure-ai-openai/1.0.0-beta.5 (11.0.16.1; Mac OS X; 13.5.2)",
        "x-ms-client-request-id": "bfaa23f1-6e22-41c1-8963-d6eb52ef9de7"
      },
      "RequestBody": {
        "prompt": "A drawing of the Seattle skyline in the style of Van Gogh"
      },
      "StatusCode": 202,
      "ResponseHeaders": {
        "apim-request-id": "43e6ba8d-3353-4f33-9e5c-6e795793817e",
        "Content-Length": "67",
        "Content-Type": "application/json",
        "Date": "Tue, 19 Sep 2023 12:36:49 GMT",
        "OpenAI-Processing-Ms": "24.2957",
        "operation-location": "https://REDACTED/openai/operations/images/1be66908-cf20-4fd3-8099-d4914e680766?api-version=2023-09-01-preview",
        "Strict-Transport-Security": "max-age=31536000; includeSubDomains; preload",
        "X-Content-Type-Options": "nosniff",
        "x-envoy-upstream-service-time": "17",
        "x-ms-client-request-id": "bfaa23f1-6e22-41c1-8963-d6eb52ef9de7",
        "x-ms-region": "East US",
        "x-ms-request-id": "43e6ba8d-3353-4f33-9e5c-6e795793817e"
      },
      "ResponseBody": {
        "id": "1be66908-cf20-4fd3-8099-d4914e680766",
        "status": "notRunning"
      }
    },
    {
      "RequestUri": "https://REDACTED/openai/operations/images/1be66908-cf20-4fd3-8099-d4914e680766?api-version=2023-09-01-preview",
      "RequestMethod": "GET",
      "RequestHeaders": {
        "Accept": "*/*",
        "api-key": "REDACTED",
        "Date": "Tue, 19 Sep 2023 12:36:50 GMT",
        "User-Agent": "azsdk-java-azure-ai-openai/1.0.0-beta.5 (11.0.16.1; Mac OS X; 13.5.2)",
        "x-ms-client-request-id": "af70ec44-8d73-4527-a600-9ceddbfa9c7e"
      },
      "RequestBody": null,
      "StatusCode": 200,
      "ResponseHeaders": {
        "apim-request-id": "8e1d5bb0-905b-4a91-8cf7-4c19e63886e9",
        "Content-Length": "85",
        "Content-Type": "application/json",
        "Date": "Tue, 19 Sep 2023 12:36:50 GMT",
        "OpenAI-Processing-Ms": "14.8806",
        "Retry-After": "4",
        "Strict-Transport-Security": "max-age=31536000; includeSubDomains; preload",
        "X-Content-Type-Options": "nosniff",
        "x-envoy-upstream-service-time": "7",
        "x-ms-client-request-id": "af70ec44-8d73-4527-a600-9ceddbfa9c7e",
        "x-ms-region": "East US",
        "x-ms-request-id": "8e1d5bb0-905b-4a91-8cf7-4c19e63886e9"
      },
      "ResponseBody": {
        "created": 1695127009,
        "id": "1be66908-cf20-4fd3-8099-d4914e680766",
        "status": "running"
      }
    },
    {
      "RequestUri": "https://REDACTED/openai/operations/images/1be66908-cf20-4fd3-8099-d4914e680766?api-version=2023-09-01-preview",
      "RequestMethod": "GET",
      "RequestHeaders": {
        "Accept": "*/*",
        "api-key": "REDACTED",
        "Date": "Tue, 19 Sep 2023 12:36:55 GMT",
        "User-Agent": "azsdk-java-azure-ai-openai/1.0.0-beta.5 (11.0.16.1; Mac OS X; 13.5.2)",
        "x-ms-client-request-id": "17d60e49-6a2d-4fff-8ec5-69f65387713a"
      },
      "RequestBody": null,
      "StatusCode": 200,
      "ResponseHeaders": {
        "apim-request-id": "92848734-92b0-444e-88ee-0add0b15d70b",
        "Content-Length": "168",
        "Content-Type": "application/json",
        "Date": "Tue, 19 Sep 2023 12:36:54 GMT",
        "OpenAI-Processing-Ms": "12.8753",
        "Strict-Transport-Security": "max-age=31536000; includeSubDomains; preload",
        "X-Content-Type-Options": "nosniff",
        "x-envoy-upstream-service-time": "7",
        "x-ms-client-request-id": "17d60e49-6a2d-4fff-8ec5-69f65387713a",
        "x-ms-region": "East US",
        "x-ms-request-id": "92848734-92b0-444e-88ee-0add0b15d70b"
      },
      "ResponseBody": {
        "created": 1695127009,
        "expires": 1695213414,
        "id": "1be66908-cf20-4fd3-8099-d4914e680766",
        "result": {
          "created": 1695127009,
          "data": [
            {
              "url": "REDACTED"
            }
          ]
        },
        "status": "succeeded"
      }
    }
  ],
  "Variables": {}
}
