{
  "Entries": [
    {
      "RequestUri": "https://REDACTED/openai/deployments/whisper/audio/translations?api-version=2024-05-01-preview",
      "RequestMethod": "POST",
      "RequestHeaders": {
        "Accept": "text/plain, application/json",
        "api-key": "REDACTED",
        "Content-Length": "73224",
        "Content-Type": "multipart/form-data; boundary=BOUNDARY",
        "Date": "Thu, 23 May 2024 22:39:51 GMT",
        "User-Agent": "azsdk-java-azure-ai-openai/1.0.0-beta.9 (11.0.21; Windows 11; 10.0)",
        "x-ms-client-request-id": "Sanitized"
      },
      "RequestBody": null,
      "StatusCode": 429,
      "ResponseHeaders": {
        "apim-request-id": "184ca787-5485-49a3-b051-77653fff8591",
        "Content-Length": "344",
        "Content-Type": "application/json",
        "Date": "Thu, 23 May 2024 22:39:50 GMT",
        "policy-id": "DeploymentRatelimit-Call",
        "Retry-After": "46",
        "Strict-Transport-Security": "max-age=31536000; includeSubDomains; preload",
        "X-Content-Type-Options": "nosniff",
        "x-ms-client-request-id": "Sanitized",
        "x-ms-region": "Sweden Central",
        "x-ratelimit-reset-requests": "46"
      },
      "ResponseBody": {
        "error": {
          "code": "429",
          "message": "Requests to the Audio_Translations Operation under Azure OpenAI API version 2024-05-01-preview have exceeded call rate limit of your current OpenAI S0 pricing tier. Please retry after 46 seconds. Please go here: https://aka.ms/oai/quotaincrease if you would like to further increase the default rate limit."
        }
      }
    },
    {
      "RequestUri": "https://REDACTED/openai/deployments/whisper/audio/translations?api-version=2024-05-01-preview",
      "RequestMethod": "POST",
      "RequestHeaders": {
        "Accept": "text/plain, application/json",
        "api-key": "REDACTED",
        "Content-Length": "73224",
        "Content-Type": "multipart/form-data; boundary=BOUNDARY",
        "Date": "Thu, 23 May 2024 22:40:37 GMT",
        "User-Agent": "azsdk-java-azure-ai-openai/1.0.0-beta.9 (11.0.21; Windows 11; 10.0)",
        "x-ms-client-request-id": "Sanitized"
      },
      "RequestBody": null,
      "StatusCode": 429,
      "ResponseHeaders": {
        "apim-request-id": "2f55f056-a28e-45c6-b6ac-3ea886e344a1",
        "Content-Length": "343",
        "Content-Type": "application/json",
        "Date": "Thu, 23 May 2024 22:40:37 GMT",
        "policy-id": "DeploymentRatelimit-Call",
        "Retry-After": "2",
        "Strict-Transport-Security": "max-age=31536000; includeSubDomains; preload",
        "X-Content-Type-Options": "nosniff",
        "x-ms-client-request-id": "Sanitized",
        "x-ms-region": "Sweden Central",
        "x-ratelimit-reset-requests": "2"
      },
      "ResponseBody": {
        "error": {
          "code": "429",
          "message": "Requests to the Audio_Translations Operation under Azure OpenAI API version 2024-05-01-preview have exceeded call rate limit of your current OpenAI S0 pricing tier. Please retry after 2 seconds. Please go here: https://aka.ms/oai/quotaincrease if you would like to further increase the default rate limit."
        }
      }
    },
    {
      "RequestUri": "https://REDACTED/openai/deployments/whisper/audio/translations?api-version=2024-05-01-preview",
      "RequestMethod": "POST",
      "RequestHeaders": {
        "Accept": "text/plain, application/json",
        "api-key": "REDACTED",
        "Content-Length": "73224",
        "Content-Type": "multipart/form-data; boundary=BOUNDARY",
        "Date": "Thu, 23 May 2024 22:40:40 GMT",
        "User-Agent": "azsdk-java-azure-ai-openai/1.0.0-beta.9 (11.0.21; Windows 11; 10.0)",
        "x-ms-client-request-id": "Sanitized"
      },
      "RequestBody": null,
      "StatusCode": 429,
      "ResponseHeaders": {
        "apim-request-id": "d233ba19-8fae-484a-bda4-1ae5fd6865e6",
        "Content-Length": "343",
        "Content-Type": "application/json",
        "Date": "Thu, 23 May 2024 22:40:40 GMT",
        "policy-id": "DeploymentRatelimit-Call",
        "Retry-After": "3",
        "Strict-Transport-Security": "max-age=31536000; includeSubDomains; preload",
        "X-Content-Type-Options": "nosniff",
        "x-ms-client-request-id": "Sanitized",
        "x-ms-region": "Sweden Central",
        "x-ratelimit-reset-requests": "3"
      },
      "ResponseBody": {
        "error": {
          "code": "429",
          "message": "Requests to the Audio_Translations Operation under Azure OpenAI API version 2024-05-01-preview have exceeded call rate limit of your current OpenAI S0 pricing tier. Please retry after 3 seconds. Please go here: https://aka.ms/oai/quotaincrease if you would like to further increase the default rate limit."
        }
      }
    },
    {
      "RequestUri": "https://REDACTED/openai/deployments/whisper/audio/translations?api-version=2024-05-01-preview",
      "RequestMethod": "POST",
      "RequestHeaders": {
        "Accept": "text/plain, application/json",
        "api-key": "REDACTED",
        "Content-Length": "73224",
        "Content-Type": "multipart/form-data; boundary=BOUNDARY",
        "Date": "Thu, 23 May 2024 22:40:43 GMT",
        "User-Agent": "azsdk-java-azure-ai-openai/1.0.0-beta.9 (11.0.21; Windows 11; 10.0)",
        "x-ms-client-request-id": "Sanitized"
      },
      "RequestBody": null,
      "StatusCode": 200,
      "ResponseHeaders": {
        "apim-request-id": "81d44701-af65-46d7-b855-e373b0f6440e",
        "azureml-model-session": "q94ab35513355-1",
        "Content-Length": "35",
        "Content-Type": "application/json",
        "csp-billing-usage": "CognitiveServices.OpenAI.Whisper=3",
        "Date": "Thu, 23 May 2024 22:40:44 GMT",
        "Strict-Transport-Security": "max-age=31536000; includeSubDomains; preload",
        "X-Content-Type-Options": "nosniff",
        "x-ms-client-request-id": "Sanitized",
        "x-ms-region": "Sweden Central",
        "x-ratelimit-remaining-requests": "0",
        "X-Request-ID": "b7eda43e-621b-43b9-ae7d-3ff37fbd5311"
      },
      "ResponseBody": {
        "text": "It's raining today."
      }
    }
  ],
  "Variables": {}
}
