{
  "Entries": [
    {
      "RequestUri": "https://fake-endpoint.azconfig.io/kv/message?label=%00\u0026api-version=1970-01-01",
      "RequestMethod": "PUT",
      "RequestHeaders": {
        "Accept": "application/vnd.microsoft.appconfig.kv\u002Bjson, application/json, application/problem\u002Bjson",
        "Accept-Encoding": "gzip, deflate",
        "Content-Length": "94",
        "Content-Type": "application/json",
        "User-Agent": "azsdk-python-appconfiguration/1.4.0 Python/3.10.11 (Windows-10-10.0.22631-SP0)",
        "x-ms-content-sha256": "sO17\u002B9LRBGRK6Jc1aomgtjKe6Q6xOKfaGzzF\u002BAgFzgI=",
        "x-ms-date": "Nov, 07 2023 23:50:35.666806 GMT"
      },
      "RequestBody": {
        "key": "message",
        "label": "\u0000",
        "content_type": "text/plain",
        "value": "hi",
        "tags": {}
      },
      "StatusCode": 200,
      "ResponseHeaders": {
        "Access-Control-Allow-Origin": "*",
        "Connection": "keep-alive",
        "Content-Type": "application/vnd.microsoft.appconfig.kv\u002Bjson; charset=utf-8",
        "Date": "Tue, 07 Nov 2023 23:50:34 GMT",
        "ETag": "\u0022oNwWu8y6vRavOcE_4FfUb59ILAr0fkBkxYz0aubPu1E\u0022",
        "Last-Modified": "Tue, 07 Nov 2023 23:50:34 GMT",
        "Strict-Transport-Security": "max-age=15724800; includeSubDomains",
        "Sync-Token": "zAJw6V16=NzoxNyMyNDE4ODI2Mw==;sn=24188263",
        "Transfer-Encoding": "chunked",
        "x-ms-correlation-request-id": "3bd8c706-80f3-4af6-8e0e-e24ff4a3f74a"
      },
      "ResponseBody": {
        "etag": "oNwWu8y6vRavOcE_4FfUb59ILAr0fkBkxYz0aubPu1E",
        "key": "message",
        "label": null,
        "content_type": "text/plain",
        "value": "hi",
        "tags": {},
        "locked": false,
        "last_modified": "2023-11-07T23:50:34\u002B00:00"
      }
    },
    {
      "RequestUri": "https://fake-endpoint.azconfig.io/kv/message?label=dev\u0026api-version=1970-01-01",
      "RequestMethod": "PUT",
      "RequestHeaders": {
        "Accept": "application/vnd.microsoft.appconfig.kv\u002Bjson, application/json, application/problem\u002Bjson",
        "Accept-Encoding": "gzip, deflate",
        "Content-Length": "93",
        "Content-Type": "application/json",
        "Sync-Token": "zAJw6V16=NzoxNyMyNDE4ODI2Mw==",
        "User-Agent": "azsdk-python-appconfiguration/1.4.0 Python/3.10.11 (Windows-10-10.0.22631-SP0)",
        "x-ms-content-sha256": "ldGB\u002ByUbceFogwKdiFLhKcjPyA4zVY7Rq2L/lmgPr/8=",
        "x-ms-date": "Nov, 07 2023 23:50:35.889720 GMT"
      },
      "RequestBody": {
        "key": "message",
        "label": "dev",
        "content_type": "text/plain",
        "value": "test",
        "tags": {}
      },
      "StatusCode": 200,
      "ResponseHeaders": {
        "Access-Control-Allow-Origin": "*",
        "Connection": "keep-alive",
        "Content-Type": "application/vnd.microsoft.appconfig.kv\u002Bjson; charset=utf-8",
        "Date": "Tue, 07 Nov 2023 23:50:34 GMT",
        "ETag": "\u0022a3CTDZimfcCY5VppNBzVEQUjp-NHjip8S0--inOjKW0\u0022",
        "Last-Modified": "Tue, 07 Nov 2023 23:50:34 GMT",
        "Strict-Transport-Security": "max-age=15724800; includeSubDomains",
        "Sync-Token": "zAJw6V16=NzoxNyMyNDE4ODI2NQ==;sn=24188265",
        "Transfer-Encoding": "chunked",
        "x-ms-correlation-request-id": "8e1ae723-00dc-4459-b163-d5a20c67e85e"
      },
      "ResponseBody": {
        "etag": "a3CTDZimfcCY5VppNBzVEQUjp-NHjip8S0--inOjKW0",
        "key": "message",
        "label": "dev",
        "content_type": "text/plain",
        "value": "test",
        "tags": {},
        "locked": false,
        "last_modified": "2023-11-07T23:50:34\u002B00:00"
      }
    },
    {
      "RequestUri": "https://fake-endpoint.azconfig.io/kv/my_json?label=%00\u0026api-version=1970-01-01",
      "RequestMethod": "PUT",
      "RequestHeaders": {
        "Accept": "application/vnd.microsoft.appconfig.kv\u002Bjson, application/json, application/problem\u002Bjson",
        "Accept-Encoding": "gzip, deflate",
        "Content-Length": "118",
        "Content-Type": "application/json",
        "Sync-Token": "zAJw6V16=NzoxNyMyNDE4ODI2NQ==",
        "User-Agent": "azsdk-python-appconfiguration/1.4.0 Python/3.10.11 (Windows-10-10.0.22631-SP0)",
        "x-ms-content-sha256": "hCwkkESt4FMkocISzVr\u002Bsa5KgTtCgv2\u002B3ps1kcPne0Y=",
        "x-ms-date": "Nov, 07 2023 23:50:35.921816 GMT"
      },
      "RequestBody": {
        "key": "my_json",
        "label": "\u0000",
        "content_type": "application/json",
        "value": "{\u0022key\u0022: \u0022value\u0022}",
        "tags": {}
      },
      "StatusCode": 200,
      "ResponseHeaders": {
        "Access-Control-Allow-Origin": "*",
        "Connection": "keep-alive",
        "Content-Type": "application/vnd.microsoft.appconfig.kv\u002Bjson; charset=utf-8",
        "Date": "Tue, 07 Nov 2023 23:50:34 GMT",
        "ETag": "\u0022W3TMxwwcaNWEo5dx1g8fy0oi2yx4z3ItgZ8BYzSe7wA\u0022",
        "Last-Modified": "Tue, 07 Nov 2023 23:50:34 GMT",
        "Strict-Transport-Security": "max-age=15724800; includeSubDomains",
        "Sync-Token": "zAJw6V16=NzoxNyMyNDE4ODI2Nw==;sn=24188267",
        "Transfer-Encoding": "chunked",
        "x-ms-correlation-request-id": "d2cec718-40c5-4439-aca7-40fbcc583628"
      },
      "ResponseBody": {
        "etag": "W3TMxwwcaNWEo5dx1g8fy0oi2yx4z3ItgZ8BYzSe7wA",
        "key": "my_json",
        "label": null,
        "content_type": "application/json",
        "value": "{\u0022key\u0022: \u0022value\u0022}",
        "tags": {},
        "locked": false,
        "last_modified": "2023-11-07T23:50:34\u002B00:00"
      }
    },
    {
      "RequestUri": "https://fake-endpoint.azconfig.io/kv/test.trimmed?label=%00\u0026api-version=1970-01-01",
      "RequestMethod": "PUT",
      "RequestHeaders": {
        "Accept": "application/vnd.microsoft.appconfig.kv\u002Bjson, application/json, application/problem\u002Bjson",
        "Accept-Encoding": "gzip, deflate",
        "Content-Length": "100",
        "Content-Type": "application/json",
        "Sync-Token": "zAJw6V16=NzoxNyMyNDE4ODI2Nw==",
        "User-Agent": "azsdk-python-appconfiguration/1.4.0 Python/3.10.11 (Windows-10-10.0.22631-SP0)",
        "x-ms-content-sha256": "Ywo75Z4ndghuA5lejndpeBTNSici7Vx8O0CCZLlhiAU=",
        "x-ms-date": "Nov, 07 2023 23:50:35.949719 GMT"
      },
      "RequestBody": {
        "key": "test.trimmed",
        "label": "\u0000",
        "content_type": "text/plain",
        "value": "key",
        "tags": {}
      },
      "StatusCode": 200,
      "ResponseHeaders": {
        "Access-Control-Allow-Origin": "*",
        "Connection": "keep-alive",
        "Content-Type": "application/vnd.microsoft.appconfig.kv\u002Bjson; charset=utf-8",
        "Date": "Tue, 07 Nov 2023 23:50:34 GMT",
        "ETag": "\u0022EPxA8bojdh1gkauXk0Hs6hAPM0z1Or5xu34VW1dqCqA\u0022",
        "Last-Modified": "Tue, 07 Nov 2023 23:50:34 GMT",
        "Strict-Transport-Security": "max-age=15724800; includeSubDomains",
        "Sync-Token": "zAJw6V16=NzoxNyMyNDE4ODI2OQ==;sn=24188269",
        "Transfer-Encoding": "chunked",
        "x-ms-correlation-request-id": "7633ad11-541b-41b3-ac38-81fc03dfe402"
      },
      "ResponseBody": {
        "etag": "EPxA8bojdh1gkauXk0Hs6hAPM0z1Or5xu34VW1dqCqA",
        "key": "test.trimmed",
        "label": null,
        "content_type": "text/plain",
        "value": "key",
        "tags": {},
        "locked": false,
        "last_modified": "2023-11-07T23:50:34\u002B00:00"
      }
    },
    {
      "RequestUri": "https://fake-endpoint.azconfig.io/kv/refresh_message?label=%00\u0026api-version=1970-01-01",
      "RequestMethod": "PUT",
      "RequestHeaders": {
        "Accept": "application/vnd.microsoft.appconfig.kv\u002Bjson, application/json, application/problem\u002Bjson",
        "Accept-Encoding": "gzip, deflate",
        "Content-Length": "114",
        "Content-Type": "application/json",
        "Sync-Token": "zAJw6V16=NzoxNyMyNDE4ODI2OQ==",
        "User-Agent": "azsdk-python-appconfiguration/1.4.0 Python/3.10.11 (Windows-10-10.0.22631-SP0)",
        "x-ms-content-sha256": "4EMTpW5DNMgb2ILWshR8NZeWRRkMcPLFDtd0erEayyY=",
        "x-ms-date": "Nov, 07 2023 23:50:35.977725 GMT"
      },
      "RequestBody": {
        "key": "refresh_message",
        "label": "\u0000",
        "content_type": "text/plain",
        "value": "original value",
        "tags": {}
      },
      "StatusCode": 200,
      "ResponseHeaders": {
        "Access-Control-Allow-Origin": "*",
        "Connection": "keep-alive",
        "Content-Type": "application/vnd.microsoft.appconfig.kv\u002Bjson; charset=utf-8",
        "Date": "Tue, 07 Nov 2023 23:50:34 GMT",
        "ETag": "\u0022P00cwihblJu99T-Ct7alg2JnjG40LIEBFI-j_5So1AE\u0022",
        "Last-Modified": "Tue, 07 Nov 2023 23:50:34 GMT",
        "Strict-Transport-Security": "max-age=15724800; includeSubDomains",
        "Sync-Token": "zAJw6V16=NzoxNyMyNDE4ODI3MQ==;sn=24188271",
        "Transfer-Encoding": "chunked",
        "x-ms-correlation-request-id": "113fbc1d-179c-4dd8-94f4-ab10e71ad7c8"
      },
      "ResponseBody": {
        "etag": "P00cwihblJu99T-Ct7alg2JnjG40LIEBFI-j_5So1AE",
        "key": "refresh_message",
        "label": null,
        "content_type": "text/plain",
        "value": "original value",
        "tags": {},
        "locked": false,
        "last_modified": "2023-11-07T23:50:34\u002B00:00"
      }
    },
    {
      "RequestUri": "https://fake-endpoint.azconfig.io/kv/non_refreshed_message?label=%00\u0026api-version=1970-01-01",
      "RequestMethod": "PUT",
      "RequestHeaders": {
        "Accept": "application/vnd.microsoft.appconfig.kv\u002Bjson, application/json, application/problem\u002Bjson",
        "Accept-Encoding": "gzip, deflate",
        "Content-Length": "112",
        "Content-Type": "application/json",
        "Sync-Token": "zAJw6V16=NzoxNyMyNDE4ODI3MQ==",
        "User-Agent": "azsdk-python-appconfiguration/1.4.0 Python/3.10.11 (Windows-10-10.0.22631-SP0)",
        "x-ms-content-sha256": "3h8i3k16yOCNVm4UxG/aSBBCn2CiyBhO4M3AdIWkWFI=",
        "x-ms-date": "Nov, 07 2023 23:50:36.005495 GMT"
      },
      "RequestBody": {
        "key": "non_refreshed_message",
        "label": "\u0000",
        "content_type": "text/plain",
        "value": "Static",
        "tags": {}
      },
      "StatusCode": 200,
      "ResponseHeaders": {
        "Access-Control-Allow-Origin": "*",
        "Connection": "keep-alive",
        "Content-Type": "application/vnd.microsoft.appconfig.kv\u002Bjson; charset=utf-8",
        "Date": "Tue, 07 Nov 2023 23:50:34 GMT",
        "ETag": "\u0022MWm3LNzND52Z3LMM88pxtb98XdTDDrQ69484jQ_aMC0\u0022",
        "Last-Modified": "Tue, 07 Nov 2023 23:50:34 GMT",
        "Strict-Transport-Security": "max-age=15724800; includeSubDomains",
        "Sync-Token": "zAJw6V16=NzoxNyMyNDE4ODI3Mw==;sn=24188273",
        "Transfer-Encoding": "chunked",
        "x-ms-correlation-request-id": "42d90003-d130-41b2-ab83-2e79d7234290"
      },
      "ResponseBody": {
        "etag": "MWm3LNzND52Z3LMM88pxtb98XdTDDrQ69484jQ_aMC0",
        "key": "non_refreshed_message",
        "label": null,
        "content_type": "text/plain",
        "value": "Static",
        "tags": {},
        "locked": false,
        "last_modified": "2023-11-07T23:50:34\u002B00:00"
      }
    },
    {
      "RequestUri": "https://fake-endpoint.azconfig.io/kv/.appconfig.featureflag%2FAlpha?label=%00\u0026api-version=1970-01-01",
      "RequestMethod": "PUT",
      "RequestHeaders": {
        "Accept": "application/vnd.microsoft.appconfig.kv\u002Bjson, application/json, application/problem\u002Bjson",
        "Accept-Encoding": "gzip, deflate",
        "Content-Length": "270",
        "Content-Type": "application/json",
        "Sync-Token": "zAJw6V16=NzoxNyMyNDE4ODI3Mw==",
        "User-Agent": "azsdk-python-appconfiguration/1.4.0 Python/3.10.11 (Windows-10-10.0.22631-SP0)",
        "x-ms-content-sha256": "QWMqQVTb3OEmcET/A5jVHXJXI1TrzC7h6cMDRt4ePeA=",
        "x-ms-date": "Nov, 07 2023 23:50:36.031496 GMT"
      },
      "RequestBody": {
        "key": ".appconfig.featureflag/Alpha",
        "label": "\u0000",
        "content_type": "application/vnd.microsoft.appconfig.ff\u002Bjson;charset=utf-8",
        "value": "{\t\u0022id\u0022: \u0022Alpha\u0022, \u0022description\u0022: \u0022\u0022, \u0022enabled\u0022: false, \u0022conditions\u0022: {\t\u0022client_filters\u0022: []\t}}",
        "tags": {}
      },
      "StatusCode": 200,
      "ResponseHeaders": {
        "Access-Control-Allow-Origin": "*",
        "Connection": "keep-alive",
        "Content-Type": "application/vnd.microsoft.appconfig.kv\u002Bjson; charset=utf-8",
        "Date": "Tue, 07 Nov 2023 23:50:35 GMT",
        "ETag": "\u00220J83om4ORXxmuz2uSb3T58U18PIV2btgEGfZtG8isf0\u0022",
        "Last-Modified": "Tue, 07 Nov 2023 23:50:35 GMT",
        "Strict-Transport-Security": "max-age=15724800; includeSubDomains",
        "Sync-Token": "zAJw6V16=NzoxNyMyNDE4ODI3NQ==;sn=24188275",
        "Transfer-Encoding": "chunked",
        "x-ms-correlation-request-id": "ec52bab1-784c-4b7e-8867-ebb83a2911a1"
      },
      "ResponseBody": {
        "etag": "0J83om4ORXxmuz2uSb3T58U18PIV2btgEGfZtG8isf0",
        "key": ".appconfig.featureflag/Alpha",
        "label": null,
        "content_type": "application/vnd.microsoft.appconfig.ff\u002Bjson;charset=utf-8",
        "value": "{\t\u0022id\u0022: \u0022Alpha\u0022, \u0022description\u0022: \u0022\u0022, \u0022enabled\u0022: false, \u0022conditions\u0022: {\t\u0022client_filters\u0022: []\t}}",
        "tags": {},
        "locked": false,
        "last_modified": "2023-11-07T23:50:35\u002B00:00"
      }
    },
    {
      "RequestUri": "https://fake-endpoint.azconfig.io/kv/secret?label=prod\u0026api-version=1970-01-01",
      "RequestMethod": "PUT",
      "RequestHeaders": {
        "Accept": "application/vnd.microsoft.appconfig.kv\u002Bjson, application/json, application/problem\u002Bjson",
        "Accept-Encoding": "gzip, deflate",
        "Content-Length": "217",
        "Content-Type": "application/json",
        "Sync-Token": "zAJw6V16=NzoxNyMyNDE4ODI3NQ==",
        "User-Agent": "azsdk-python-appconfiguration/1.4.0 Python/3.10.11 (Windows-10-10.0.22631-SP0)",
        "x-ms-content-sha256": "GORL5\u002BRWXCSHKWOJcYQpPM03mZ4lvE/r5VQBfftpZRg=",
        "x-ms-date": "Nov, 07 2023 23:50:36.061924 GMT"
      },
      "RequestBody": {
        "key": "secret",
        "label": "prod",
        "content_type": "application/vnd.microsoft.appconfig.keyvaultref\u002Bjson;charset=utf-8",
        "value": "{\u0022uri\u0022:\u0022https://fake-keyvault.vault.azure.net/secrets/fake-secret/\u0022}",
        "tags": {}
      },
      "StatusCode": 200,
      "ResponseHeaders": {
        "Access-Control-Allow-Origin": "*",
        "Connection": "keep-alive",
        "Content-Type": "application/vnd.microsoft.appconfig.kv\u002Bjson; charset=utf-8",
        "Date": "Tue, 07 Nov 2023 23:50:35 GMT",
        "ETag": "\u00227HnrxuUJ59Sf6k8pDsXsRl64-x1mWLybe3cCTvGUQZI\u0022",
        "Last-Modified": "Tue, 07 Nov 2023 23:50:35 GMT",
        "Strict-Transport-Security": "max-age=15724800; includeSubDomains",
        "Sync-Token": "zAJw6V16=NzoxNyMyNDE4ODI3Nw==;sn=24188277",
        "Transfer-Encoding": "chunked",
        "x-ms-correlation-request-id": "16d9df1e-f23c-42f4-ade8-cb3299dba3ec"
      },
      "ResponseBody": {
        "etag": "7HnrxuUJ59Sf6k8pDsXsRl64-x1mWLybe3cCTvGUQZI",
        "key": "secret",
        "label": "prod",
        "content_type": "application/vnd.microsoft.appconfig.keyvaultref\u002Bjson;charset=utf-8",
        "value": "{\u0022uri\u0022:\u0022https://fake-keyvault.vault.azure.net/secrets/fake-secret/\u0022}",
        "tags": {},
        "locked": false,
        "last_modified": "2023-11-07T23:50:35\u002B00:00"
      }
    },
    {
      "RequestUri": "https://fake-endpoint.azconfig.io/kv?key=*\u0026label=%00\u0026api-version=1970-01-01",
      "RequestMethod": "GET",
      "RequestHeaders": {
        "Accept": "application/vnd.microsoft.appconfig.kvset\u002Bjson, application/json, application/problem\u002Bjson",
        "Accept-Encoding": "gzip, deflate",
        "Content-Length": "0",
        "Correlation-Context": "RequestType=Startup,UsesKeyVault",
        "User-Agent": "SDK/Integration python-appconfiguration-provider/1.1.0b3 azsdk-python-appconfiguration/1.4.0 Python/3.10.11 (Windows-10-10.0.22631-SP0)",
        "x-ms-content-sha256": "47DEQpj8HBSa\u002B/TImW\u002B5JCeuQeRkm5NMpJWZG3hSuFU=",
        "x-ms-date": "Nov, 07 2023 23:50:36.475408 GMT"
      },
      "RequestBody": null,
      "StatusCode": 200,
      "ResponseHeaders": {
        "Access-Control-Allow-Origin": "*",
        "Connection": "keep-alive",
        "Content-Type": "application/vnd.microsoft.appconfig.kvset\u002Bjson; charset=utf-8",
        "Date": "Tue, 07 Nov 2023 23:50:35 GMT",
        "Strict-Transport-Security": "max-age=15724800; includeSubDomains",
        "Sync-Token": "zAJw6V16=NzoxNyMyNDE4ODI3OA==;sn=24188278",
        "Transfer-Encoding": "chunked",
        "x-ms-correlation-request-id": "60a55a3a-0eac-461b-bbf9-1ca7cedfaf04"
      },
      "ResponseBody": {
        "items": [
          {
            "etag": "0J83om4ORXxmuz2uSb3T58U18PIV2btgEGfZtG8isf0",
            "key": ".appconfig.featureflag/Alpha",
            "label": null,
            "content_type": "application/vnd.microsoft.appconfig.ff\u002Bjson;charset=utf-8",
            "value": "{\t\u0022id\u0022: \u0022Alpha\u0022, \u0022description\u0022: \u0022\u0022, \u0022enabled\u0022: false, \u0022conditions\u0022: {\t\u0022client_filters\u0022: []\t}}",
            "tags": {},
            "locked": false,
            "last_modified": "2023-11-07T23:50:35\u002B00:00"
          },
          {
            "etag": "Ps4IuugdpmzIygmwW3hI6yObap-S9Rh-sT4160a0iHA",
            "key": ".appconfig.featureflag/hgj",
            "label": null,
            "content_type": "application/vnd.microsoft.appconfig.ff\u002Bjson;charset=utf-8",
            "value": "{\u0022id\u0022:\u0022hgj\u0022,\u0022description\u0022:\u0022\u0022,\u0022enabled\u0022:true,\u0022conditions\u0022:{\u0022client_filters\u0022:[{\u0022name\u0022:\u0022Microsoft.Targeting\u0022,\u0022parameters\u0022:{\u0022Audience\u0022:{\u0022Users\u0022:[\u0022asdf\u0022],\u0022Groups\u0022:[{\u0022Name\u0022:\u0022sdgfh\u0022,\u0022RolloutPercentage\u0022:100}],\u0022DefaultRolloutPercentage\u0022:50,\u0022Exclusion\u0022:{\u0022Users\u0022:[\u0022asdf\u0022],\u0022Groups\u0022:[\u0022dfgh\u0022]}}}},{\u0022name\u0022:\u0022Microsoft.TimeWindow\u0022,\u0022parameters\u0022:{\u0022End\u0022:\u0022Fri, 03 Nov 2023 07:00:00 GMT\u0022}}]}}",
            "tags": {},
            "locked": false,
            "last_modified": "2023-10-27T17:04:48\u002B00:00"
          },
          {
            "etag": "RcaB578E8knHVhTa4nbH64bNpYg4jmD8pKaDmCVb2J0",
            "key": ".appconfig.featureflag/xcvadsv",
            "label": null,
            "content_type": "application/vnd.microsoft.appconfig.ff\u002Bjson;charset=utf-8",
            "value": "{\u0022id\u0022:\u0022xcvadsv\u0022,\u0022description\u0022:\u0022\u0022,\u0022enabled\u0022:true,\u0022conditions\u0022:{}}",
            "tags": {},
            "locked": false,
            "last_modified": "2023-10-31T22:31:55\u002B00:00"
          },
          {
            "etag": "oNwWu8y6vRavOcE_4FfUb59ILAr0fkBkxYz0aubPu1E",
            "key": "message",
            "label": null,
            "content_type": "text/plain",
            "value": "hi",
            "tags": {},
            "locked": false,
            "last_modified": "2023-11-07T23:50:34\u002B00:00"
          },
          {
            "etag": "W3TMxwwcaNWEo5dx1g8fy0oi2yx4z3ItgZ8BYzSe7wA",
            "key": "my_json",
            "label": null,
            "content_type": "application/json",
            "value": "{\u0022key\u0022: \u0022value\u0022}",
            "tags": {},
            "locked": false,
            "last_modified": "2023-11-07T23:50:34\u002B00:00"
          },
          {
            "etag": "MWm3LNzND52Z3LMM88pxtb98XdTDDrQ69484jQ_aMC0",
            "key": "non_refreshed_message",
            "label": null,
            "content_type": "text/plain",
            "value": "Static",
            "tags": {},
            "locked": false,
            "last_modified": "2023-11-07T23:50:34\u002B00:00"
          },
          {
            "etag": "P00cwihblJu99T-Ct7alg2JnjG40LIEBFI-j_5So1AE",
            "key": "refresh_message",
            "label": null,
            "content_type": "text/plain",
            "value": "original value",
            "tags": {},
            "locked": false,
            "last_modified": "2023-11-07T23:50:34\u002B00:00"
          },
          {
            "etag": "EPxA8bojdh1gkauXk0Hs6hAPM0z1Or5xu34VW1dqCqA",
            "key": "test.trimmed",
            "label": null,
            "content_type": "text/plain",
            "value": "key",
            "tags": {},
            "locked": false,
            "last_modified": "2023-11-07T23:50:34\u002B00:00"
          }
        ]
      }
    }
  ],
  "Variables": {}
}
