{
  "Entries": [
    {
      "RequestUri": "https://fake-endpoint.azconfig.io/kv/message?label=%00\u0026api-version=1970-01-01",
      "RequestMethod": "PUT",
      "RequestHeaders": {
        "Accept": "application/vnd.microsoft.appconfig.kv\u002Bjson, application/problem\u002Bjson",
        "Accept-Encoding": "gzip, deflate",
        "Content-Length": "94",
        "Content-Type": "application/json",
        "User-Agent": "azsdk-python-appconfiguration/1.5.0b3 Python/3.10.11 (Windows-10-10.0.22621-SP0)"
      },
      "RequestBody": {
        "key": "message",
        "label": "\u0000",
        "content_type": "text/plain",
        "value": "hi",
        "tags": {}
      },
      "StatusCode": 200,
      "ResponseHeaders": {
        "Access-Control-Allow-Origin": "*",
        "Connection": "keep-alive",
        "Content-Type": "application/vnd.microsoft.appconfig.kv\u002Bjson; charset=utf-8",
        "Date": "Tue, 12 Sep 2023 22:34:20 GMT",
        "ETag": "\u00229eHQm7xrswY58L-VsOT1F8x5Nm_hCgPq3oCKW5wtBFs\u0022",
        "Last-Modified": "Tue, 12 Sep 2023 22:34:20 GMT",
        "Strict-Transport-Security": "max-age=15724800; includeSubDomains",
        "Sync-Token": "zAJw6V16=Njo1IzE5NTA1ODg1;sn=19505885",
        "Transfer-Encoding": "chunked",
        "x-ms-correlation-request-id": "1799dc30-e4f4-4b7c-9e84-7492f51266e2"
      },
      "ResponseBody": {
        "etag": "9eHQm7xrswY58L-VsOT1F8x5Nm_hCgPq3oCKW5wtBFs",
        "key": "message",
        "label": null,
        "content_type": "text/plain",
        "value": "hi",
        "tags": {},
        "locked": false,
        "last_modified": "2023-09-12T22:34:20\u002B00:00"
      }
    },
    {
      "RequestUri": "https://fake-endpoint.azconfig.io/kv/message?label=dev\u0026api-version=1970-01-01",
      "RequestMethod": "PUT",
      "RequestHeaders": {
        "Accept": "application/vnd.microsoft.appconfig.kv\u002Bjson, application/problem\u002Bjson",
        "Accept-Encoding": "gzip, deflate",
        "Content-Length": "93",
        "Content-Type": "application/json",
        "Sync-Token": "zAJw6V16=Njo1IzE5NTA1ODg1",
        "User-Agent": "azsdk-python-appconfiguration/1.5.0b3 Python/3.10.11 (Windows-10-10.0.22621-SP0)"
      },
      "RequestBody": {
        "key": "message",
        "label": "dev",
        "content_type": "text/plain",
        "value": "test",
        "tags": {}
      },
      "StatusCode": 200,
      "ResponseHeaders": {
        "Access-Control-Allow-Origin": "*",
        "Connection": "keep-alive",
        "Content-Type": "application/vnd.microsoft.appconfig.kv\u002Bjson; charset=utf-8",
        "Date": "Tue, 12 Sep 2023 22:34:20 GMT",
        "ETag": "\u00228_ip_nuzt4kQPiR3lE5cLuLRmp9VbikEvrtNLuSWmsY\u0022",
        "Last-Modified": "Tue, 12 Sep 2023 22:34:20 GMT",
        "Strict-Transport-Security": "max-age=15724800; includeSubDomains",
        "Sync-Token": "zAJw6V16=Njo1IzE5NTA1ODg3;sn=19505887",
        "Transfer-Encoding": "chunked",
        "x-ms-correlation-request-id": "4d909bcb-055a-4411-a2ae-f8b85920aad0"
      },
      "ResponseBody": {
        "etag": "8_ip_nuzt4kQPiR3lE5cLuLRmp9VbikEvrtNLuSWmsY",
        "key": "message",
        "label": "dev",
        "content_type": "text/plain",
        "value": "test",
        "tags": {},
        "locked": false,
        "last_modified": "2023-09-12T22:34:20\u002B00:00"
      }
    },
    {
      "RequestUri": "https://fake-endpoint.azconfig.io/kv/my_json?label=%00\u0026api-version=1970-01-01",
      "RequestMethod": "PUT",
      "RequestHeaders": {
        "Accept": "application/vnd.microsoft.appconfig.kv\u002Bjson, application/problem\u002Bjson",
        "Accept-Encoding": "gzip, deflate",
        "Content-Length": "118",
        "Content-Type": "application/json",
        "Sync-Token": "zAJw6V16=Njo1IzE5NTA1ODg3",
        "User-Agent": "azsdk-python-appconfiguration/1.5.0b3 Python/3.10.11 (Windows-10-10.0.22621-SP0)"
      },
      "RequestBody": {
        "key": "my_json",
        "label": "\u0000",
        "content_type": "application/json",
        "value": "{\u0022key\u0022: \u0022value\u0022}",
        "tags": {}
      },
      "StatusCode": 200,
      "ResponseHeaders": {
        "Access-Control-Allow-Origin": "*",
        "Connection": "keep-alive",
        "Content-Type": "application/vnd.microsoft.appconfig.kv\u002Bjson; charset=utf-8",
        "Date": "Tue, 12 Sep 2023 22:34:21 GMT",
        "ETag": "\u0022GygIXDgctZwDsZRJH2_UsNqnjr-PmyXNUB3LmqE_6vE\u0022",
        "Last-Modified": "Tue, 12 Sep 2023 22:34:21 GMT",
        "Strict-Transport-Security": "max-age=15724800; includeSubDomains",
        "Sync-Token": "zAJw6V16=Njo1IzE5NTA1ODg5;sn=19505889",
        "Transfer-Encoding": "chunked",
        "x-ms-correlation-request-id": "1100a5b5-f406-42a8-846c-2123ef14541f"
      },
      "ResponseBody": {
        "etag": "GygIXDgctZwDsZRJH2_UsNqnjr-PmyXNUB3LmqE_6vE",
        "key": "my_json",
        "label": null,
        "content_type": "application/json",
        "value": "{\u0022key\u0022: \u0022value\u0022}",
        "tags": {},
        "locked": false,
        "last_modified": "2023-09-12T22:34:21\u002B00:00"
      }
    },
    {
      "RequestUri": "https://fake-endpoint.azconfig.io/kv/test.trimmed?label=%00\u0026api-version=1970-01-01",
      "RequestMethod": "PUT",
      "RequestHeaders": {
        "Accept": "application/vnd.microsoft.appconfig.kv\u002Bjson, application/problem\u002Bjson",
        "Accept-Encoding": "gzip, deflate",
        "Content-Length": "100",
        "Content-Type": "application/json",
        "Sync-Token": "zAJw6V16=Njo1IzE5NTA1ODg5",
        "User-Agent": "azsdk-python-appconfiguration/1.5.0b3 Python/3.10.11 (Windows-10-10.0.22621-SP0)"
      },
      "RequestBody": {
        "key": "test.trimmed",
        "label": "\u0000",
        "content_type": "text/plain",
        "value": "key",
        "tags": {}
      },
      "StatusCode": 200,
      "ResponseHeaders": {
        "Access-Control-Allow-Origin": "*",
        "Connection": "keep-alive",
        "Content-Type": "application/vnd.microsoft.appconfig.kv\u002Bjson; charset=utf-8",
        "Date": "Tue, 12 Sep 2023 22:34:21 GMT",
        "ETag": "\u00221Vv3eNefjo5lRBF11pw9lSbffwYIJJQc46U8595_QJU\u0022",
        "Last-Modified": "Tue, 12 Sep 2023 22:34:21 GMT",
        "Strict-Transport-Security": "max-age=15724800; includeSubDomains",
        "Sync-Token": "zAJw6V16=Njo1IzE5NTA1ODkx;sn=19505891",
        "Transfer-Encoding": "chunked",
        "x-ms-correlation-request-id": "b74b6dc3-50e4-4c63-958a-9f32d03a5b00"
      },
      "ResponseBody": {
        "etag": "1Vv3eNefjo5lRBF11pw9lSbffwYIJJQc46U8595_QJU",
        "key": "test.trimmed",
        "label": null,
        "content_type": "text/plain",
        "value": "key",
        "tags": {},
        "locked": false,
        "last_modified": "2023-09-12T22:34:21\u002B00:00"
      }
    },
    {
      "RequestUri": "https://fake-endpoint.azconfig.io/kv/refresh_message?label=%00\u0026api-version=1970-01-01",
      "RequestMethod": "PUT",
      "RequestHeaders": {
        "Accept": "application/vnd.microsoft.appconfig.kv\u002Bjson, application/problem\u002Bjson",
        "Accept-Encoding": "gzip, deflate",
        "Content-Length": "114",
        "Content-Type": "application/json",
        "Sync-Token": "zAJw6V16=Njo1IzE5NTA1ODkx",
        "User-Agent": "azsdk-python-appconfiguration/1.5.0b3 Python/3.10.11 (Windows-10-10.0.22621-SP0)"
      },
      "RequestBody": {
        "key": "refresh_message",
        "label": "\u0000",
        "content_type": "text/plain",
        "value": "original value",
        "tags": {}
      },
      "StatusCode": 200,
      "ResponseHeaders": {
        "Access-Control-Allow-Origin": "*",
        "Connection": "keep-alive",
        "Content-Type": "application/vnd.microsoft.appconfig.kv\u002Bjson; charset=utf-8",
        "Date": "Tue, 12 Sep 2023 22:34:21 GMT",
        "ETag": "\u00229ZsstVnaoZV8aj_YnDqH8F5RmZyQGwaYz9v91VkV9SU\u0022",
        "Last-Modified": "Tue, 12 Sep 2023 22:34:21 GMT",
        "Strict-Transport-Security": "max-age=15724800; includeSubDomains",
        "Sync-Token": "zAJw6V16=Njo1IzE5NTA1ODkz;sn=19505893",
        "Transfer-Encoding": "chunked",
        "x-ms-correlation-request-id": "6b5e145f-de0f-42f5-a801-7104d2a37bd2"
      },
      "ResponseBody": {
        "etag": "9ZsstVnaoZV8aj_YnDqH8F5RmZyQGwaYz9v91VkV9SU",
        "key": "refresh_message",
        "label": null,
        "content_type": "text/plain",
        "value": "original value",
        "tags": {},
        "locked": false,
        "last_modified": "2023-09-12T22:34:21\u002B00:00"
      }
    },
    {
      "RequestUri": "https://fake-endpoint.azconfig.io/kv/non_refreshed_message?label=%00\u0026api-version=1970-01-01",
      "RequestMethod": "PUT",
      "RequestHeaders": {
        "Accept": "application/vnd.microsoft.appconfig.kv\u002Bjson, application/problem\u002Bjson",
        "Accept-Encoding": "gzip, deflate",
        "Content-Length": "112",
        "Content-Type": "application/json",
        "Sync-Token": "zAJw6V16=Njo1IzE5NTA1ODkz",
        "User-Agent": "azsdk-python-appconfiguration/1.5.0b3 Python/3.10.11 (Windows-10-10.0.22621-SP0)"
      },
      "RequestBody": {
        "key": "non_refreshed_message",
        "label": "\u0000",
        "content_type": "text/plain",
        "value": "Static",
        "tags": {}
      },
      "StatusCode": 200,
      "ResponseHeaders": {
        "Access-Control-Allow-Origin": "*",
        "Connection": "keep-alive",
        "Content-Type": "application/vnd.microsoft.appconfig.kv\u002Bjson; charset=utf-8",
        "Date": "Tue, 12 Sep 2023 22:34:21 GMT",
        "ETag": "\u00220EY6kFZIf9ric6bn4Q9dvWM6b6Zh2Js5c3iUgBjQsK0\u0022",
        "Last-Modified": "Tue, 12 Sep 2023 22:34:21 GMT",
        "Strict-Transport-Security": "max-age=15724800; includeSubDomains",
        "Sync-Token": "zAJw6V16=Njo1IzE5NTA1ODk1;sn=19505895",
        "Transfer-Encoding": "chunked",
        "x-ms-correlation-request-id": "67ad48d7-10fc-410a-a435-f25775505332"
      },
      "ResponseBody": {
        "etag": "0EY6kFZIf9ric6bn4Q9dvWM6b6Zh2Js5c3iUgBjQsK0",
        "key": "non_refreshed_message",
        "label": null,
        "content_type": "text/plain",
        "value": "Static",
        "tags": {},
        "locked": false,
        "last_modified": "2023-09-12T22:34:21\u002B00:00"
      }
    },
    {
      "RequestUri": "https://fake-endpoint.azconfig.io/kv/.appconfig.featureflag%2FAlpha?label=%00\u0026api-version=1970-01-01",
      "RequestMethod": "PUT",
      "RequestHeaders": {
        "Accept": "application/vnd.microsoft.appconfig.kv\u002Bjson, application/problem\u002Bjson",
        "Accept-Encoding": "gzip, deflate",
        "Content-Length": "270",
        "Content-Type": "application/json",
        "Sync-Token": "zAJw6V16=Njo1IzE5NTA1ODk1",
        "User-Agent": "azsdk-python-appconfiguration/1.5.0b3 Python/3.10.11 (Windows-10-10.0.22621-SP0)"
      },
      "RequestBody": {
        "key": ".appconfig.featureflag/Alpha",
        "label": "\u0000",
        "content_type": "application/vnd.microsoft.appconfig.ff\u002Bjson;charset=utf-8",
        "value": "{\t\u0022id\u0022: \u0022Alpha\u0022, \u0022description\u0022: \u0022\u0022, \u0022enabled\u0022: false, \u0022conditions\u0022: {\t\u0022client_filters\u0022: []\t}}",
        "tags": {}
      },
      "StatusCode": 200,
      "ResponseHeaders": {
        "Access-Control-Allow-Origin": "*",
        "Connection": "keep-alive",
        "Content-Type": "application/vnd.microsoft.appconfig.kv\u002Bjson; charset=utf-8",
        "Date": "Tue, 12 Sep 2023 22:34:21 GMT",
        "ETag": "\u0022ly9DRcKKC1-6NwMDL1-DJ_Dxza6mTNtqF7Wfm2W2pOk\u0022",
        "Last-Modified": "Tue, 12 Sep 2023 22:34:21 GMT",
        "Strict-Transport-Security": "max-age=15724800; includeSubDomains",
        "Sync-Token": "zAJw6V16=Njo1IzE5NTA1ODk3;sn=19505897",
        "Transfer-Encoding": "chunked",
        "x-ms-correlation-request-id": "75056491-5ac2-483c-bf8b-d4a118b42026"
      },
      "ResponseBody": {
        "etag": "ly9DRcKKC1-6NwMDL1-DJ_Dxza6mTNtqF7Wfm2W2pOk",
        "key": ".appconfig.featureflag/Alpha",
        "label": null,
        "content_type": "application/vnd.microsoft.appconfig.ff\u002Bjson;charset=utf-8",
        "value": "{\t\u0022id\u0022: \u0022Alpha\u0022, \u0022description\u0022: \u0022\u0022, \u0022enabled\u0022: false, \u0022conditions\u0022: {\t\u0022client_filters\u0022: []\t}}",
        "tags": {},
        "locked": false,
        "last_modified": "2023-09-12T22:34:21\u002B00:00"
      }
    },
    {
      "RequestUri": "https://fake-endpoint.azconfig.io/kv/secret?label=prod\u0026api-version=1970-01-01",
      "RequestMethod": "PUT",
      "RequestHeaders": {
        "Accept": "application/vnd.microsoft.appconfig.kv\u002Bjson, application/problem\u002Bjson",
        "Accept-Encoding": "gzip, deflate",
        "Content-Length": "217",
        "Content-Type": "application/json",
        "Sync-Token": "zAJw6V16=Njo1IzE5NTA1ODk3",
        "User-Agent": "azsdk-python-appconfiguration/1.5.0b3 Python/3.10.11 (Windows-10-10.0.22621-SP0)"
      },
      "RequestBody": {
        "key": "secret",
        "label": "prod",
        "content_type": "application/vnd.microsoft.appconfig.keyvaultref\u002Bjson;charset=utf-8",
        "value": "{\u0022uri\u0022:\u0022https://fake-keyvault.vault.azure.net/secrets/fake-secret/\u0022}",
        "tags": {}
      },
      "StatusCode": 200,
      "ResponseHeaders": {
        "Access-Control-Allow-Origin": "*",
        "Connection": "keep-alive",
        "Content-Type": "application/vnd.microsoft.appconfig.kv\u002Bjson; charset=utf-8",
        "Date": "Tue, 12 Sep 2023 22:34:21 GMT",
        "ETag": "\u0022N-6e5qdQUkYNS4TtwxPhwIBhs4Fa9GSGgusTwJItsLI\u0022",
        "Last-Modified": "Tue, 12 Sep 2023 22:34:21 GMT",
        "Strict-Transport-Security": "max-age=15724800; includeSubDomains",
        "Sync-Token": "zAJw6V16=Njo1IzE5NTA1ODk5;sn=19505899",
        "Transfer-Encoding": "chunked",
        "x-ms-correlation-request-id": "5c9c1831-14dd-4328-b3c9-e6994ffa21b2"
      },
      "ResponseBody": {
        "etag": "N-6e5qdQUkYNS4TtwxPhwIBhs4Fa9GSGgusTwJItsLI",
        "key": "secret",
        "label": "prod",
        "content_type": "application/vnd.microsoft.appconfig.keyvaultref\u002Bjson;charset=utf-8",
        "value": "{\u0022uri\u0022:\u0022https://fake-keyvault.vault.azure.net/secrets/fake-secret/\u0022}",
        "tags": {},
        "locked": false,
        "last_modified": "2023-09-12T22:34:21\u002B00:00"
      }
    },
    {
      "RequestUri": "https://fake-endpoint.azconfig.io/kv?key=message*\u0026label=dev\u0026api-version=1970-01-01",
      "RequestMethod": "GET",
      "RequestHeaders": {
        "Accept": "application/vnd.microsoft.appconfig.kvset\u002Bjson, application/problem\u002Bjson",
        "Accept-Encoding": "gzip, deflate",
        "Correlation-Context": "RequestType=Startup",
        "User-Agent": "SDK/Integration python-appconfiguration-provider/1.1.0b1 azsdk-python-appconfiguration/1.5.0b3 Python/3.10.11 (Windows-10-10.0.22621-SP0)"
      },
      "RequestBody": null,
      "StatusCode": 200,
      "ResponseHeaders": {
        "Access-Control-Allow-Origin": "*",
        "Connection": "keep-alive",
        "Content-Type": "application/vnd.microsoft.appconfig.kvset\u002Bjson; charset=utf-8",
        "Date": "Tue, 12 Sep 2023 22:34:22 GMT",
        "Strict-Transport-Security": "max-age=15724800; includeSubDomains",
        "Sync-Token": "zAJw6V16=Njo1IzE5NTA1OTAw;sn=19505900",
        "Transfer-Encoding": "chunked",
        "x-ms-correlation-request-id": "14368082-3277-4ac5-9388-6d97ad61ef64"
      },
      "ResponseBody": {
        "items": [
          {
            "etag": "8_ip_nuzt4kQPiR3lE5cLuLRmp9VbikEvrtNLuSWmsY",
            "key": "message",
            "label": "dev",
            "content_type": "text/plain",
            "value": "test",
            "tags": {},
            "locked": false,
            "last_modified": "2023-09-12T22:34:20\u002B00:00"
          }
        ]
      }
    }
  ],
  "Variables": {}
}
