{
  "Entries": [
    {
      "RequestUri": "https://fake-endpoint.azconfig.io/kv/message?label=%00\u0026api-version=1970-01-01",
      "RequestMethod": "PUT",
      "RequestHeaders": {
        "Accept": "application/vnd.microsoft.appconfig.kv\u002Bjson, application/problem\u002Bjson",
        "Accept-Encoding": "gzip, deflate",
        "Content-Length": "94",
        "Content-Type": "application/json",
        "User-Agent": "azsdk-python-appconfiguration/unknown Python/3.11.9 (Windows-10-10.0.22631-SP0)"
      },
      "RequestBody": {
        "key": "message",
        "label": "\u0000",
        "content_type": "text/plain",
        "value": "hi",
        "tags": {}
      },
      "StatusCode": 200,
      "ResponseHeaders": {
        "Access-Control-Allow-Origin": "*",
        "Connection": "keep-alive",
        "Content-Type": "application/vnd.microsoft.appconfig.kv\u002Bjson; charset=utf-8",
        "Date": "Tue, 09 Apr 2024 20:22:40 GMT",
        "ETag": "\u0022OHLljnjXv-nQQaLEzXnsKNKahnedAESh9ufa1KHbu9s\u0022",
        "Last-Modified": "Tue, 09 Apr 2024 20:22:40 GMT",
        "Strict-Transport-Security": "max-age=31536000; includeSubDomains",
        "Sync-Token": "zAJw6V16=NzoxNyMyNjEwMTE2Mg==;sn=26101162",
        "Transfer-Encoding": "chunked",
        "x-ms-correlation-request-id": "6e4ce90a-9d60-4c76-97a6-14fd4ad1c0ea"
      },
      "ResponseBody": {
        "etag": "OHLljnjXv-nQQaLEzXnsKNKahnedAESh9ufa1KHbu9s",
        "key": "message",
        "label": null,
        "content_type": "text/plain",
        "value": "hi",
        "tags": {},
        "locked": false,
        "last_modified": "2024-04-09T20:22:40\u002B00:00"
      }
    },
    {
      "RequestUri": "https://fake-endpoint.azconfig.io/kv/message?label=dev\u0026api-version=1970-01-01",
      "RequestMethod": "PUT",
      "RequestHeaders": {
        "Accept": "application/vnd.microsoft.appconfig.kv\u002Bjson, application/problem\u002Bjson",
        "Accept-Encoding": "gzip, deflate",
        "Content-Length": "93",
        "Content-Type": "application/json",
        "Sync-Token": "zAJw6V16=NzoxNyMyNjEwMTE2Mg==",
        "User-Agent": "azsdk-python-appconfiguration/unknown Python/3.11.9 (Windows-10-10.0.22631-SP0)"
      },
      "RequestBody": {
        "key": "message",
        "label": "dev",
        "content_type": "text/plain",
        "value": "test",
        "tags": {}
      },
      "StatusCode": 200,
      "ResponseHeaders": {
        "Access-Control-Allow-Origin": "*",
        "Connection": "keep-alive",
        "Content-Type": "application/vnd.microsoft.appconfig.kv\u002Bjson; charset=utf-8",
        "Date": "Tue, 09 Apr 2024 20:22:40 GMT",
        "ETag": "\u0022bWlx5pIXLYQONzrheMQqXRIio71GYoaGChf-l4DjgBY\u0022",
        "Last-Modified": "Tue, 09 Apr 2024 20:22:40 GMT",
        "Strict-Transport-Security": "max-age=31536000; includeSubDomains",
        "Sync-Token": "zAJw6V16=NzoxNyMyNjEwMTE2NA==;sn=26101164",
        "Transfer-Encoding": "chunked",
        "x-ms-correlation-request-id": "93eafdda-c00b-4fd0-8ef3-608cdebb2555"
      },
      "ResponseBody": {
        "etag": "bWlx5pIXLYQONzrheMQqXRIio71GYoaGChf-l4DjgBY",
        "key": "message",
        "label": "dev",
        "content_type": "text/plain",
        "value": "test",
        "tags": {},
        "locked": false,
        "last_modified": "2024-04-09T20:22:40\u002B00:00"
      }
    },
    {
      "RequestUri": "https://fake-endpoint.azconfig.io/kv/my_json?label=%00\u0026api-version=1970-01-01",
      "RequestMethod": "PUT",
      "RequestHeaders": {
        "Accept": "application/vnd.microsoft.appconfig.kv\u002Bjson, application/problem\u002Bjson",
        "Accept-Encoding": "gzip, deflate",
        "Content-Length": "118",
        "Content-Type": "application/json",
        "Sync-Token": "zAJw6V16=NzoxNyMyNjEwMTE2NA==",
        "User-Agent": "azsdk-python-appconfiguration/unknown Python/3.11.9 (Windows-10-10.0.22631-SP0)"
      },
      "RequestBody": {
        "key": "my_json",
        "label": "\u0000",
        "content_type": "application/json",
        "value": "{\u0022key\u0022: \u0022value\u0022}",
        "tags": {}
      },
      "StatusCode": 200,
      "ResponseHeaders": {
        "Access-Control-Allow-Origin": "*",
        "Connection": "keep-alive",
        "Content-Type": "application/vnd.microsoft.appconfig.kv\u002Bjson; charset=utf-8",
        "Date": "Tue, 09 Apr 2024 20:22:40 GMT",
        "ETag": "\u0022GgmKajsS_mPnxnRKqDlqtrbv4C-aN0O7OH-5liS5YOc\u0022",
        "Last-Modified": "Tue, 09 Apr 2024 20:22:40 GMT",
        "Strict-Transport-Security": "max-age=31536000; includeSubDomains",
        "Sync-Token": "zAJw6V16=NzoxNyMyNjEwMTE2Ng==;sn=26101166",
        "Transfer-Encoding": "chunked",
        "x-ms-correlation-request-id": "83c06004-1b14-4361-8f0e-2119c863a4fb"
      },
      "ResponseBody": {
        "etag": "GgmKajsS_mPnxnRKqDlqtrbv4C-aN0O7OH-5liS5YOc",
        "key": "my_json",
        "label": null,
        "content_type": "application/json",
        "value": "{\u0022key\u0022: \u0022value\u0022}",
        "tags": {},
        "locked": false,
        "last_modified": "2024-04-09T20:22:40\u002B00:00"
      }
    },
    {
      "RequestUri": "https://fake-endpoint.azconfig.io/kv/test.trimmed?label=%00\u0026api-version=1970-01-01",
      "RequestMethod": "PUT",
      "RequestHeaders": {
        "Accept": "application/vnd.microsoft.appconfig.kv\u002Bjson, application/problem\u002Bjson",
        "Accept-Encoding": "gzip, deflate",
        "Content-Length": "100",
        "Content-Type": "application/json",
        "Sync-Token": "zAJw6V16=NzoxNyMyNjEwMTE2Ng==",
        "User-Agent": "azsdk-python-appconfiguration/unknown Python/3.11.9 (Windows-10-10.0.22631-SP0)"
      },
      "RequestBody": {
        "key": "test.trimmed",
        "label": "\u0000",
        "content_type": "text/plain",
        "value": "key",
        "tags": {}
      },
      "StatusCode": 200,
      "ResponseHeaders": {
        "Access-Control-Allow-Origin": "*",
        "Connection": "keep-alive",
        "Content-Type": "application/vnd.microsoft.appconfig.kv\u002Bjson; charset=utf-8",
        "Date": "Tue, 09 Apr 2024 20:22:40 GMT",
        "ETag": "\u002248hF4xjtZzkgsGdBaYXr2RlfPGRdRr1M-dOZPG8pdHU\u0022",
        "Last-Modified": "Tue, 09 Apr 2024 20:22:40 GMT",
        "Strict-Transport-Security": "max-age=31536000; includeSubDomains",
        "Sync-Token": "zAJw6V16=NzoxNyMyNjEwMTE2OA==;sn=26101168",
        "Transfer-Encoding": "chunked",
        "x-ms-correlation-request-id": "c992c036-55f6-43aa-9d19-dd7e5750fe58"
      },
      "ResponseBody": {
        "etag": "48hF4xjtZzkgsGdBaYXr2RlfPGRdRr1M-dOZPG8pdHU",
        "key": "test.trimmed",
        "label": null,
        "content_type": "text/plain",
        "value": "key",
        "tags": {},
        "locked": false,
        "last_modified": "2024-04-09T20:22:40\u002B00:00"
      }
    },
    {
      "RequestUri": "https://fake-endpoint.azconfig.io/kv/refresh_message?label=%00\u0026api-version=1970-01-01",
      "RequestMethod": "PUT",
      "RequestHeaders": {
        "Accept": "application/vnd.microsoft.appconfig.kv\u002Bjson, application/problem\u002Bjson",
        "Accept-Encoding": "gzip, deflate",
        "Content-Length": "114",
        "Content-Type": "application/json",
        "Sync-Token": "zAJw6V16=NzoxNyMyNjEwMTE2OA==",
        "User-Agent": "azsdk-python-appconfiguration/unknown Python/3.11.9 (Windows-10-10.0.22631-SP0)"
      },
      "RequestBody": {
        "key": "refresh_message",
        "label": "\u0000",
        "content_type": "text/plain",
        "value": "original value",
        "tags": {}
      },
      "StatusCode": 200,
      "ResponseHeaders": {
        "Access-Control-Allow-Origin": "*",
        "Connection": "keep-alive",
        "Content-Type": "application/vnd.microsoft.appconfig.kv\u002Bjson; charset=utf-8",
        "Date": "Tue, 09 Apr 2024 20:22:40 GMT",
        "ETag": "\u00227J2xXiuFW344GBIYV1UiuZGJiFxNYJxxKIPX398Iyzo\u0022",
        "Last-Modified": "Tue, 09 Apr 2024 20:22:40 GMT",
        "Strict-Transport-Security": "max-age=31536000; includeSubDomains",
        "Sync-Token": "zAJw6V16=NzoxNyMyNjEwMTE3MA==;sn=26101170",
        "Transfer-Encoding": "chunked",
        "x-ms-correlation-request-id": "ff61b92c-bc65-49ce-8fdc-f13cd1681d75"
      },
      "ResponseBody": {
        "etag": "7J2xXiuFW344GBIYV1UiuZGJiFxNYJxxKIPX398Iyzo",
        "key": "refresh_message",
        "label": null,
        "content_type": "text/plain",
        "value": "original value",
        "tags": {},
        "locked": false,
        "last_modified": "2024-04-09T20:22:40\u002B00:00"
      }
    },
    {
      "RequestUri": "https://fake-endpoint.azconfig.io/kv/non_refreshed_message?label=%00\u0026api-version=1970-01-01",
      "RequestMethod": "PUT",
      "RequestHeaders": {
        "Accept": "application/vnd.microsoft.appconfig.kv\u002Bjson, application/problem\u002Bjson",
        "Accept-Encoding": "gzip, deflate",
        "Content-Length": "112",
        "Content-Type": "application/json",
        "Sync-Token": "zAJw6V16=NzoxNyMyNjEwMTE3MA==",
        "User-Agent": "azsdk-python-appconfiguration/unknown Python/3.11.9 (Windows-10-10.0.22631-SP0)"
      },
      "RequestBody": {
        "key": "non_refreshed_message",
        "label": "\u0000",
        "content_type": "text/plain",
        "value": "Static",
        "tags": {}
      },
      "StatusCode": 200,
      "ResponseHeaders": {
        "Access-Control-Allow-Origin": "*",
        "Connection": "keep-alive",
        "Content-Type": "application/vnd.microsoft.appconfig.kv\u002Bjson; charset=utf-8",
        "Date": "Tue, 09 Apr 2024 20:22:40 GMT",
        "ETag": "\u0022oIPUzLKDY69oHTS01FdMX2dK3UU_jSmCpbTrqbJ4Shg\u0022",
        "Last-Modified": "Tue, 09 Apr 2024 20:22:40 GMT",
        "Strict-Transport-Security": "max-age=31536000; includeSubDomains",
        "Sync-Token": "zAJw6V16=NzoxNyMyNjEwMTE3Mg==;sn=26101172",
        "Transfer-Encoding": "chunked",
        "x-ms-correlation-request-id": "406f6339-f7e5-472d-803f-8ec301fe6493"
      },
      "ResponseBody": {
        "etag": "oIPUzLKDY69oHTS01FdMX2dK3UU_jSmCpbTrqbJ4Shg",
        "key": "non_refreshed_message",
        "label": null,
        "content_type": "text/plain",
        "value": "Static",
        "tags": {},
        "locked": false,
        "last_modified": "2024-04-09T20:22:40\u002B00:00"
      }
    },
    {
      "RequestUri": "https://fake-endpoint.azconfig.io/kv/.appconfig.featureflag%2FAlpha?label=%00\u0026api-version=1970-01-01",
      "RequestMethod": "PUT",
      "RequestHeaders": {
        "Accept": "application/vnd.microsoft.appconfig.kv\u002Bjson, application/problem\u002Bjson",
        "Accept-Encoding": "gzip, deflate",
        "Content-Length": "270",
        "Content-Type": "application/json",
        "Sync-Token": "zAJw6V16=NzoxNyMyNjEwMTE3Mg==",
        "User-Agent": "azsdk-python-appconfiguration/unknown Python/3.11.9 (Windows-10-10.0.22631-SP0)"
      },
      "RequestBody": {
        "key": ".appconfig.featureflag/Alpha",
        "label": "\u0000",
        "content_type": "application/vnd.microsoft.appconfig.ff\u002Bjson;charset=utf-8",
        "value": "{\t\u0022id\u0022: \u0022Alpha\u0022, \u0022description\u0022: \u0022\u0022, \u0022enabled\u0022: false, \u0022conditions\u0022: {\t\u0022client_filters\u0022: []\t}}",
        "tags": {}
      },
      "StatusCode": 200,
      "ResponseHeaders": {
        "Access-Control-Allow-Origin": "*",
        "Connection": "keep-alive",
        "Content-Type": "application/vnd.microsoft.appconfig.kv\u002Bjson; charset=utf-8",
        "Date": "Tue, 09 Apr 2024 20:22:40 GMT",
        "ETag": "\u00228bAgEgRo8QHCrUUOYsVpV-8DerG8wSev76ChvFEBfYw\u0022",
        "Last-Modified": "Tue, 09 Apr 2024 20:22:40 GMT",
        "Strict-Transport-Security": "max-age=31536000; includeSubDomains",
        "Sync-Token": "zAJw6V16=NzoxNyMyNjEwMTE3NA==;sn=26101174",
        "Transfer-Encoding": "chunked",
        "x-ms-correlation-request-id": "71e2cbdc-4566-400e-a74a-aa71ddac6b4a"
      },
      "ResponseBody": {
        "etag": "8bAgEgRo8QHCrUUOYsVpV-8DerG8wSev76ChvFEBfYw",
        "key": ".appconfig.featureflag/Alpha",
        "label": null,
        "content_type": "application/vnd.microsoft.appconfig.ff\u002Bjson;charset=utf-8",
        "value": "{\t\u0022id\u0022: \u0022Alpha\u0022, \u0022description\u0022: \u0022\u0022, \u0022enabled\u0022: false, \u0022conditions\u0022: {\t\u0022client_filters\u0022: []\t}}",
        "tags": {},
        "locked": false,
        "last_modified": "2024-04-09T20:22:40\u002B00:00"
      }
    },
    {
      "RequestUri": "https://fake-endpoint.azconfig.io/kv/secret?label=prod\u0026api-version=1970-01-01",
      "RequestMethod": "PUT",
      "RequestHeaders": {
        "Accept": "application/vnd.microsoft.appconfig.kv\u002Bjson, application/problem\u002Bjson",
        "Accept-Encoding": "gzip, deflate",
        "Content-Length": "217",
        "Content-Type": "application/json",
        "Sync-Token": "zAJw6V16=NzoxNyMyNjEwMTE3NA==",
        "User-Agent": "azsdk-python-appconfiguration/unknown Python/3.11.9 (Windows-10-10.0.22631-SP0)"
      },
      "RequestBody": {
        "key": "secret",
        "label": "prod",
        "content_type": "application/vnd.microsoft.appconfig.keyvaultref\u002Bjson;charset=utf-8",
        "value": "{\u0022uri\u0022:\u0022https://fake-keyvault.vault.azure.net/secrets/fake-secret/\u0022}",
        "tags": {}
      },
      "StatusCode": 200,
      "ResponseHeaders": {
        "Access-Control-Allow-Origin": "*",
        "Connection": "keep-alive",
        "Content-Type": "application/vnd.microsoft.appconfig.kv\u002Bjson; charset=utf-8",
        "Date": "Tue, 09 Apr 2024 20:22:40 GMT",
        "ETag": "\u0022tNjULGxkNgJpqNyFmgtecjJzwmRmKXLl8YQCa_Ex81w\u0022",
        "Last-Modified": "Tue, 09 Apr 2024 20:22:40 GMT",
        "Strict-Transport-Security": "max-age=31536000; includeSubDomains",
        "Sync-Token": "zAJw6V16=NzoxNyMyNjEwMTE3Ng==;sn=26101176",
        "Transfer-Encoding": "chunked",
        "x-ms-correlation-request-id": "35ff7087-bc7c-42d4-bb31-4eb9bdde75b9"
      },
      "ResponseBody": {
        "etag": "tNjULGxkNgJpqNyFmgtecjJzwmRmKXLl8YQCa_Ex81w",
        "key": "secret",
        "label": "prod",
        "content_type": "application/vnd.microsoft.appconfig.keyvaultref\u002Bjson;charset=utf-8",
        "value": "{\u0022uri\u0022:\u0022https://fake-keyvault.vault.azure.net/secrets/fake-secret/\u0022}",
        "tags": {},
        "locked": false,
        "last_modified": "2024-04-09T20:22:40\u002B00:00"
      }
    },
    {
      "RequestUri": "https://fake-endpoint.azconfig.io/kv?key=*\u0026label=%00\u0026api-version=1970-01-01",
      "RequestMethod": "GET",
      "RequestHeaders": {
        "Accept": "application/vnd.microsoft.appconfig.kvset\u002Bjson, application/problem\u002Bjson",
        "Accept-Encoding": "gzip, deflate",
        "Correlation-Context": "RequestType=Startup,UsesKeyVault",
        "User-Agent": "SDK/Integration python-appconfiguration-provider/1.1.1 azsdk-python-appconfiguration/unknown Python/3.11.9 (Windows-10-10.0.22631-SP0)"
      },
      "RequestBody": null,
      "StatusCode": 200,
      "ResponseHeaders": {
        "Access-Control-Allow-Origin": "*",
        "Connection": "keep-alive",
        "Content-Type": "application/vnd.microsoft.appconfig.kvset\u002Bjson; charset=utf-8",
        "Date": "Tue, 09 Apr 2024 20:22:41 GMT",
        "ETag": "\u0022GZWp38RRw4UuNZRprbS0cZG2oOc_8CjMKkfKwGWijRM\u0022",
        "Strict-Transport-Security": "max-age=31536000; includeSubDomains",
        "Sync-Token": "zAJw6V16=NzoxNyMyNjEwMTE3Nw==;sn=26101177",
        "Transfer-Encoding": "chunked",
        "x-ms-correlation-request-id": "7aa5d388-6bb7-444a-a80e-f2822832bf26"
      },
      "ResponseBody": {
        "etag": "GZWp38RRw4UuNZRprbS0cZG2oOc_8CjMKkfKwGWijRM",
        "items": [
          {
            "etag": "8bAgEgRo8QHCrUUOYsVpV-8DerG8wSev76ChvFEBfYw",
            "key": ".appconfig.featureflag/Alpha",
            "label": null,
            "content_type": "application/vnd.microsoft.appconfig.ff\u002Bjson;charset=utf-8",
            "value": "{\t\u0022id\u0022: \u0022Alpha\u0022, \u0022description\u0022: \u0022\u0022, \u0022enabled\u0022: false, \u0022conditions\u0022: {\t\u0022client_filters\u0022: []\t}}",
            "tags": {},
            "locked": false,
            "last_modified": "2024-04-09T20:22:40\u002B00:00"
          },
          {
            "etag": "KCikYCPPOL02TDn3_41XqGWFeWH8Uih5cYa7LznkGmg",
            "key": ".appconfig.featureflag/Beta",
            "label": null,
            "content_type": "application/vnd.microsoft.appconfig.ff\u002Bjson;charset=utf-8",
            "value": "{\u0022id\u0022: \u0022Beta\u0022, \u0022enabled\u0022: false, \u0022conditions\u0022: {\u0022client_filters\u0022: []}, \u0022display_name\u0022: null, \u0022description\u0022: null}",
            "tags": {},
            "locked": false,
            "last_modified": "2024-03-25T19:21:53\u002B00:00"
          },
          {
            "etag": "t-XQPGxDAlMzANUC2_g2z6P6aj2gKZe5ZEmxhW7hG20",
            "key": ".appconfig.featureflag/Delta",
            "label": null,
            "content_type": "application/vnd.microsoft.appconfig.ff\u002Bjson;charset=utf-8",
            "value": "{\u0022id\u0022:\u0022Delta\u0022,\u0022description\u0022:\u0022\u0022,\u0022enabled\u0022:true,\u0022conditions\u0022:{\u0022client_filters\u0022:[{\u0022name\u0022:\u0022Microsoft.TimeWindow\u0022,\u0022parameters\u0022:{\u0022Start\u0022:\u0022Mon, 01 Jan 2024 08:00:00 GMT\u0022,\u0022End\u0022:\u0022Sat, 10 Feb 2024 08:00:00 GMT\u0022}}]}}",
            "tags": {},
            "locked": false,
            "last_modified": "2024-01-23T18:42:43\u002B00:00"
          },
          {
            "etag": "3vOPBuZOhW0hZDHaSCZd8Oo_UdbViByiruQ7djGymLM",
            "key": ".appconfig.featureflag/Epsilon",
            "label": null,
            "content_type": "application/vnd.microsoft.appconfig.ff\u002Bjson;charset=utf-8",
            "value": "{\u0022id\u0022:\u0022Epsilon\u0022,\u0022description\u0022:\u0022\u0022,\u0022enabled\u0022:true,\u0022conditions\u0022:{\u0022client_filters\u0022:[{\u0022name\u0022:\u0022Microsoft.TimeWindow\u0022,\u0022parameters\u0022:{\u0022Start\u0022:\u0022Wed, 24 Jan 2024 08:00:00 GMT\u0022}}]}}",
            "tags": {},
            "locked": false,
            "last_modified": "2024-01-23T18:44:45\u002B00:00"
          },
          {
            "etag": "dgInk3wh4ZCIJkZ8czM1vXjcyZQnVRTPYh4p86PY6tY",
            "key": ".appconfig.featureflag/Gamma",
            "label": null,
            "content_type": "application/vnd.microsoft.appconfig.ff\u002Bjson;charset=utf-8",
            "value": "{\u0022id\u0022:\u0022Gamma\u0022,\u0022description\u0022:\u0022\u0022,\u0022enabled\u0022:true,\u0022conditions\u0022:{\u0022client_filters\u0022:[{\u0022name\u0022:\u0022Sample.Random\u0022,\u0022parameters\u0022:{\u0022Value\u0022:50}}]}}",
            "tags": {},
            "locked": false,
            "last_modified": "2024-01-23T18:41:44\u002B00:00"
          },
          {
            "etag": "qBB2gyVlWA0lMISTqbbbkrE7SoRes2riPLC1sLy-SIw",
            "key": ".appconfig.featureflag/Sigma",
            "label": null,
            "content_type": "application/vnd.microsoft.appconfig.ff\u002Bjson;charset=utf-8",
            "value": "{\u0022id\u0022:\u0022Sigma\u0022,\u0022description\u0022:\u0022\u0022,\u0022enabled\u0022:true,\u0022conditions\u0022:{\u0022client_filters\u0022:[{\u0022name\u0022:\u0022Microsoft.TimeWindow\u0022,\u0022parameters\u0022:{\u0022Start\u0022:\u0022Mon, 01 Jan 2024 08:00:00 GMT\u0022,\u0022End\u0022:\u0022Tue, 23 Jan 2024 08:00:00 GMT\u0022}}]}}",
            "tags": {},
            "locked": false,
            "last_modified": "2024-01-23T18:44:18\u002B00:00"
          },
          {
            "etag": "naTMO7Mrznv0Kn85tw1ItuOFbHARU67hlR1xkgutmP4",
            "key": ".appconfig.featureflag/Target",
            "label": null,
            "content_type": "application/vnd.microsoft.appconfig.ff\u002Bjson;charset=utf-8",
            "value": "{\u0022id\u0022:\u0022Target\u0022,\u0022description\u0022:\u0022\u0022,\u0022enabled\u0022:true,\u0022conditions\u0022:{\u0022client_filters\u0022:[{\u0022name\u0022:\u0022Microsoft.Targeting\u0022,\u0022parameters\u0022:{\u0022Audience\u0022:{\u0022Users\u0022:[\u0022Adam\u0022],\u0022Groups\u0022:[{\u0022Name\u0022:\u0022Stage1\u0022,\u0022RolloutPercentage\u0022:50}],\u0022DefaultRolloutPercentage\u0022:50}}}]}}",
            "tags": {},
            "locked": false,
            "last_modified": "2024-01-23T18:46:00\u002B00:00"
          },
          {
            "etag": "1Nx-kGIrKPvdZDtDjLNUEnDFS1niWjG9mwOllGF_iTU",
            "key": ".appconfig.featureflag/TelemetryFlag",
            "label": null,
            "content_type": "application/vnd.microsoft.appconfig.ff\u002Bjson;charset=utf-8",
            "value": "{\u0022id\u0022:\u0022TelemetryFlag\u0022,\u0022enabled\u0022:true,\u0022variants\u0022:[{\u0022name\u0022:\u0022Off\u0022,\u0022configuration_value\u0022:\u0022Off\u0022},{\u0022name\u0022:\u0022On\u0022,\u0022configuration_value\u0022:\u0022On\u0022}],\u0022allocation\u0022:{\u0022percentile\u0022:[{\u0022variant\u0022:\u0022Off\u0022,\u0022from\u0022:0,\u0022to\u0022:50},{\u0022variant\u0022:\u0022On\u0022,\u0022from\u0022:50,\u0022to\u0022:100}],\u0022default_when_enabled\u0022:\u0022Off\u0022,\u0022default_when_disabled\u0022:\u0022Off\u0022},\u0022telemetry\u0022:{\u0022enabled\u0022:true}}",
            "tags": {},
            "locked": false,
            "last_modified": "2024-04-04T21:03:07\u002B00:00"
          },
          {
            "etag": "Pqpa-sqEC-DLkw9yJPO-q0mdjhIXfDYcyE8s4-nLpHM",
            "key": ".appconfig.featureflag/Zeta",
            "label": null,
            "content_type": "application/vnd.microsoft.appconfig.ff\u002Bjson;charset=utf-8",
            "value": "{\u0022id\u0022:\u0022Zeta\u0022,\u0022description\u0022:\u0022\u0022,\u0022enabled\u0022:true,\u0022conditions\u0022:{\u0022client_filters\u0022:[{\u0022name\u0022:\u0022Microsoft.TimeWindow\u0022,\u0022parameters\u0022:{\u0022End\u0022:\u0022Sat, 10 Feb 2024 08:00:00 GMT\u0022}}]}}",
            "tags": {},
            "locked": false,
            "last_modified": "2024-01-23T18:45:19\u002B00:00"
          },
          {
            "etag": "OHLljnjXv-nQQaLEzXnsKNKahnedAESh9ufa1KHbu9s",
            "key": "message",
            "label": null,
            "content_type": "text/plain",
            "value": "hi",
            "tags": {},
            "locked": false,
            "last_modified": "2024-04-09T20:22:40\u002B00:00"
          },
          {
            "etag": "GgmKajsS_mPnxnRKqDlqtrbv4C-aN0O7OH-5liS5YOc",
            "key": "my_json",
            "label": null,
            "content_type": "application/json",
            "value": "{\u0022key\u0022: \u0022value\u0022}",
            "tags": {},
            "locked": false,
            "last_modified": "2024-04-09T20:22:40\u002B00:00"
          },
          {
            "etag": "oIPUzLKDY69oHTS01FdMX2dK3UU_jSmCpbTrqbJ4Shg",
            "key": "non_refreshed_message",
            "label": null,
            "content_type": "text/plain",
            "value": "Static",
            "tags": {},
            "locked": false,
            "last_modified": "2024-04-09T20:22:40\u002B00:00"
          },
          {
            "etag": "7J2xXiuFW344GBIYV1UiuZGJiFxNYJxxKIPX398Iyzo",
            "key": "refresh_message",
            "label": null,
            "content_type": "text/plain",
            "value": "original value",
            "tags": {},
            "locked": false,
            "last_modified": "2024-04-09T20:22:40\u002B00:00"
          },
          {
            "etag": "9X4Ysj2AaDJQucR5sFcmlRtgkrVjCLYyls9woecWMa4",
            "key": "sentinal",
            "label": null,
            "content_type": "",
            "value": "2",
            "tags": {},
            "locked": false,
            "last_modified": "2023-12-07T21:26:03\u002B00:00"
          },
          {
            "etag": "48hF4xjtZzkgsGdBaYXr2RlfPGRdRr1M-dOZPG8pdHU",
            "key": "test.trimmed",
            "label": null,
            "content_type": "text/plain",
            "value": "key",
            "tags": {},
            "locked": false,
            "last_modified": "2024-04-09T20:22:40\u002B00:00"
          }
        ]
      }
    },
    {
      "RequestUri": "https://fake-endpoint.azconfig.io/kv?key=.appconfig.featureflag/*\u0026label=%00\u0026api-version=1970-01-01",
      "RequestMethod": "GET",
      "RequestHeaders": {
        "Accept": "application/vnd.microsoft.appconfig.kvset\u002Bjson, application/problem\u002Bjson",
        "Accept-Encoding": "gzip, deflate",
        "Correlation-Context": "RequestType=Startup,UsesKeyVault",
        "Sync-Token": "zAJw6V16=NzoxNyMyNjEwMTE3Nw==",
        "User-Agent": "SDK/Integration python-appconfiguration-provider/1.1.1 azsdk-python-appconfiguration/unknown Python/3.11.9 (Windows-10-10.0.22631-SP0)"
      },
      "RequestBody": null,
      "StatusCode": 200,
      "ResponseHeaders": {
        "Access-Control-Allow-Origin": "*",
        "Connection": "keep-alive",
        "Content-Type": "application/vnd.microsoft.appconfig.kvset\u002Bjson; charset=utf-8",
        "Date": "Tue, 09 Apr 2024 20:22:41 GMT",
        "ETag": "\u0022G7RkKtB5KLWjsGHatzFrylEnRa0H0x2lqfI-c9YycbE\u0022",
        "Strict-Transport-Security": "max-age=31536000; includeSubDomains",
        "Sync-Token": "zAJw6V16=NzoxNyMyNjEwMTE3Nw==;sn=26101177",
        "Transfer-Encoding": "chunked",
        "x-ms-correlation-request-id": "89de907b-f2db-4faa-8432-f69f3b149ccf"
      },
      "ResponseBody": {
        "etag": "G7RkKtB5KLWjsGHatzFrylEnRa0H0x2lqfI-c9YycbE",
        "items": [
          {
            "etag": "8bAgEgRo8QHCrUUOYsVpV-8DerG8wSev76ChvFEBfYw",
            "key": ".appconfig.featureflag/Alpha",
            "label": null,
            "content_type": "application/vnd.microsoft.appconfig.ff\u002Bjson;charset=utf-8",
            "value": "{\t\u0022id\u0022: \u0022Alpha\u0022, \u0022description\u0022: \u0022\u0022, \u0022enabled\u0022: false, \u0022conditions\u0022: {\t\u0022client_filters\u0022: []\t}}",
            "tags": {},
            "locked": false,
            "last_modified": "2024-04-09T20:22:40\u002B00:00"
          },
          {
            "etag": "KCikYCPPOL02TDn3_41XqGWFeWH8Uih5cYa7LznkGmg",
            "key": ".appconfig.featureflag/Beta",
            "label": null,
            "content_type": "application/vnd.microsoft.appconfig.ff\u002Bjson;charset=utf-8",
            "value": "{\u0022id\u0022: \u0022Beta\u0022, \u0022enabled\u0022: false, \u0022conditions\u0022: {\u0022client_filters\u0022: []}, \u0022display_name\u0022: null, \u0022description\u0022: null}",
            "tags": {},
            "locked": false,
            "last_modified": "2024-03-25T19:21:53\u002B00:00"
          },
          {
            "etag": "t-XQPGxDAlMzANUC2_g2z6P6aj2gKZe5ZEmxhW7hG20",
            "key": ".appconfig.featureflag/Delta",
            "label": null,
            "content_type": "application/vnd.microsoft.appconfig.ff\u002Bjson;charset=utf-8",
            "value": "{\u0022id\u0022:\u0022Delta\u0022,\u0022description\u0022:\u0022\u0022,\u0022enabled\u0022:true,\u0022conditions\u0022:{\u0022client_filters\u0022:[{\u0022name\u0022:\u0022Microsoft.TimeWindow\u0022,\u0022parameters\u0022:{\u0022Start\u0022:\u0022Mon, 01 Jan 2024 08:00:00 GMT\u0022,\u0022End\u0022:\u0022Sat, 10 Feb 2024 08:00:00 GMT\u0022}}]}}",
            "tags": {},
            "locked": false,
            "last_modified": "2024-01-23T18:42:43\u002B00:00"
          },
          {
            "etag": "3vOPBuZOhW0hZDHaSCZd8Oo_UdbViByiruQ7djGymLM",
            "key": ".appconfig.featureflag/Epsilon",
            "label": null,
            "content_type": "application/vnd.microsoft.appconfig.ff\u002Bjson;charset=utf-8",
            "value": "{\u0022id\u0022:\u0022Epsilon\u0022,\u0022description\u0022:\u0022\u0022,\u0022enabled\u0022:true,\u0022conditions\u0022:{\u0022client_filters\u0022:[{\u0022name\u0022:\u0022Microsoft.TimeWindow\u0022,\u0022parameters\u0022:{\u0022Start\u0022:\u0022Wed, 24 Jan 2024 08:00:00 GMT\u0022}}]}}",
            "tags": {},
            "locked": false,
            "last_modified": "2024-01-23T18:44:45\u002B00:00"
          },
          {
            "etag": "dgInk3wh4ZCIJkZ8czM1vXjcyZQnVRTPYh4p86PY6tY",
            "key": ".appconfig.featureflag/Gamma",
            "label": null,
            "content_type": "application/vnd.microsoft.appconfig.ff\u002Bjson;charset=utf-8",
            "value": "{\u0022id\u0022:\u0022Gamma\u0022,\u0022description\u0022:\u0022\u0022,\u0022enabled\u0022:true,\u0022conditions\u0022:{\u0022client_filters\u0022:[{\u0022name\u0022:\u0022Sample.Random\u0022,\u0022parameters\u0022:{\u0022Value\u0022:50}}]}}",
            "tags": {},
            "locked": false,
            "last_modified": "2024-01-23T18:41:44\u002B00:00"
          },
          {
            "etag": "qBB2gyVlWA0lMISTqbbbkrE7SoRes2riPLC1sLy-SIw",
            "key": ".appconfig.featureflag/Sigma",
            "label": null,
            "content_type": "application/vnd.microsoft.appconfig.ff\u002Bjson;charset=utf-8",
            "value": "{\u0022id\u0022:\u0022Sigma\u0022,\u0022description\u0022:\u0022\u0022,\u0022enabled\u0022:true,\u0022conditions\u0022:{\u0022client_filters\u0022:[{\u0022name\u0022:\u0022Microsoft.TimeWindow\u0022,\u0022parameters\u0022:{\u0022Start\u0022:\u0022Mon, 01 Jan 2024 08:00:00 GMT\u0022,\u0022End\u0022:\u0022Tue, 23 Jan 2024 08:00:00 GMT\u0022}}]}}",
            "tags": {},
            "locked": false,
            "last_modified": "2024-01-23T18:44:18\u002B00:00"
          },
          {
            "etag": "naTMO7Mrznv0Kn85tw1ItuOFbHARU67hlR1xkgutmP4",
            "key": ".appconfig.featureflag/Target",
            "label": null,
            "content_type": "application/vnd.microsoft.appconfig.ff\u002Bjson;charset=utf-8",
            "value": "{\u0022id\u0022:\u0022Target\u0022,\u0022description\u0022:\u0022\u0022,\u0022enabled\u0022:true,\u0022conditions\u0022:{\u0022client_filters\u0022:[{\u0022name\u0022:\u0022Microsoft.Targeting\u0022,\u0022parameters\u0022:{\u0022Audience\u0022:{\u0022Users\u0022:[\u0022Adam\u0022],\u0022Groups\u0022:[{\u0022Name\u0022:\u0022Stage1\u0022,\u0022RolloutPercentage\u0022:50}],\u0022DefaultRolloutPercentage\u0022:50}}}]}}",
            "tags": {},
            "locked": false,
            "last_modified": "2024-01-23T18:46:00\u002B00:00"
          },
          {
            "etag": "1Nx-kGIrKPvdZDtDjLNUEnDFS1niWjG9mwOllGF_iTU",
            "key": ".appconfig.featureflag/TelemetryFlag",
            "label": null,
            "content_type": "application/vnd.microsoft.appconfig.ff\u002Bjson;charset=utf-8",
            "value": "{\u0022id\u0022:\u0022TelemetryFlag\u0022,\u0022enabled\u0022:true,\u0022variants\u0022:[{\u0022name\u0022:\u0022Off\u0022,\u0022configuration_value\u0022:\u0022Off\u0022},{\u0022name\u0022:\u0022On\u0022,\u0022configuration_value\u0022:\u0022On\u0022}],\u0022allocation\u0022:{\u0022percentile\u0022:[{\u0022variant\u0022:\u0022Off\u0022,\u0022from\u0022:0,\u0022to\u0022:50},{\u0022variant\u0022:\u0022On\u0022,\u0022from\u0022:50,\u0022to\u0022:100}],\u0022default_when_enabled\u0022:\u0022Off\u0022,\u0022default_when_disabled\u0022:\u0022Off\u0022},\u0022telemetry\u0022:{\u0022enabled\u0022:true}}",
            "tags": {},
            "locked": false,
            "last_modified": "2024-04-04T21:03:07\u002B00:00"
          },
          {
            "etag": "Pqpa-sqEC-DLkw9yJPO-q0mdjhIXfDYcyE8s4-nLpHM",
            "key": ".appconfig.featureflag/Zeta",
            "label": null,
            "content_type": "application/vnd.microsoft.appconfig.ff\u002Bjson;charset=utf-8",
            "value": "{\u0022id\u0022:\u0022Zeta\u0022,\u0022description\u0022:\u0022\u0022,\u0022enabled\u0022:true,\u0022conditions\u0022:{\u0022client_filters\u0022:[{\u0022name\u0022:\u0022Microsoft.TimeWindow\u0022,\u0022parameters\u0022:{\u0022End\u0022:\u0022Sat, 10 Feb 2024 08:00:00 GMT\u0022}}]}}",
            "tags": {},
            "locked": false,
            "last_modified": "2024-01-23T18:45:19\u002B00:00"
          }
        ]
      }
    }
  ],
  "Variables": {}
}
