{
  "Entries": [
    {
      "RequestUri": "https://fake-endpoint.azconfig.io/kv/message?label=%00\u0026api-version=1970-01-01",
      "RequestMethod": "PUT",
      "RequestHeaders": {
        "Accept": "application/vnd.microsoft.appconfig.kv\u002Bjson, application/problem\u002Bjson",
        "Accept-Encoding": "gzip, deflate",
        "Content-Length": "94",
        "Content-Type": "application/json",
        "User-Agent": "azsdk-python-appconfiguration/unknown Python/3.11.8 (Windows-10-10.0.22631-SP0)",
        "x-ms-content-sha256": "sO17\u002B9LRBGRK6Jc1aomgtjKe6Q6xOKfaGzzF\u002BAgFzgI=",
        "x-ms-date": "Feb, 08 2024 23:25:42.790246 GMT"
      },
      "RequestBody": {
        "key": "message",
        "label": "\u0000",
        "content_type": "text/plain",
        "value": "hi",
        "tags": {}
      },
      "StatusCode": 200,
      "ResponseHeaders": {
        "Access-Control-Allow-Origin": "*",
        "Connection": "keep-alive",
        "Content-Type": "application/vnd.microsoft.appconfig.kv\u002Bjson; charset=utf-8",
        "Date": "Thu, 08 Feb 2024 23:25:42 GMT",
        "ETag": "\u0022n6qhgjH7EaSm-_mYwrarMKMGBnjMoe67obKJ4BXBJ1k\u0022",
        "Last-Modified": "Thu, 08 Feb 2024 23:25:42 GMT",
        "Strict-Transport-Security": "max-age=31536000; includeSubDomains",
        "Sync-Token": "zAJw6V16=NzoxNyMyNTA1MzY3Nw==;sn=25053677",
        "Transfer-Encoding": "chunked",
        "x-ms-correlation-request-id": "e91161c8-bc90-494f-a9f1-4ae70a20ef55"
      },
      "ResponseBody": {
        "etag": "n6qhgjH7EaSm-_mYwrarMKMGBnjMoe67obKJ4BXBJ1k",
        "key": "message",
        "label": null,
        "content_type": "text/plain",
        "value": "hi",
        "tags": {},
        "locked": false,
        "last_modified": "2024-02-08T23:25:42\u002B00:00"
      }
    },
    {
      "RequestUri": "https://fake-endpoint.azconfig.io/kv/message?label=dev\u0026api-version=1970-01-01",
      "RequestMethod": "PUT",
      "RequestHeaders": {
        "Accept": "application/vnd.microsoft.appconfig.kv\u002Bjson, application/problem\u002Bjson",
        "Accept-Encoding": "gzip, deflate",
        "Content-Length": "93",
        "Content-Type": "application/json",
        "Sync-Token": "zAJw6V16=NzoxNyMyNTA1MzY3Nw==",
        "User-Agent": "azsdk-python-appconfiguration/unknown Python/3.11.8 (Windows-10-10.0.22631-SP0)",
        "x-ms-content-sha256": "ldGB\u002ByUbceFogwKdiFLhKcjPyA4zVY7Rq2L/lmgPr/8=",
        "x-ms-date": "Feb, 08 2024 23:25:42.812245 GMT"
      },
      "RequestBody": {
        "key": "message",
        "label": "dev",
        "content_type": "text/plain",
        "value": "test",
        "tags": {}
      },
      "StatusCode": 200,
      "ResponseHeaders": {
        "Access-Control-Allow-Origin": "*",
        "Connection": "keep-alive",
        "Content-Type": "application/vnd.microsoft.appconfig.kv\u002Bjson; charset=utf-8",
        "Date": "Thu, 08 Feb 2024 23:25:42 GMT",
        "ETag": "\u0022_wdf50iOw7ZoXrxOkJDp3NVQTIbBHRcNdSenDvc24Nw\u0022",
        "Last-Modified": "Thu, 08 Feb 2024 23:25:42 GMT",
        "Strict-Transport-Security": "max-age=31536000; includeSubDomains",
        "Sync-Token": "zAJw6V16=NzoxNyMyNTA1MzY3OQ==;sn=25053679",
        "Transfer-Encoding": "chunked",
        "x-ms-correlation-request-id": "eaaecc24-c749-4975-8218-ee746c1dd959"
      },
      "ResponseBody": {
        "etag": "_wdf50iOw7ZoXrxOkJDp3NVQTIbBHRcNdSenDvc24Nw",
        "key": "message",
        "label": "dev",
        "content_type": "text/plain",
        "value": "test",
        "tags": {},
        "locked": false,
        "last_modified": "2024-02-08T23:25:42\u002B00:00"
      }
    },
    {
      "RequestUri": "https://fake-endpoint.azconfig.io/kv/my_json?label=%00\u0026api-version=1970-01-01",
      "RequestMethod": "PUT",
      "RequestHeaders": {
        "Accept": "application/vnd.microsoft.appconfig.kv\u002Bjson, application/problem\u002Bjson",
        "Accept-Encoding": "gzip, deflate",
        "Content-Length": "118",
        "Content-Type": "application/json",
        "Sync-Token": "zAJw6V16=NzoxNyMyNTA1MzY3OQ==",
        "User-Agent": "azsdk-python-appconfiguration/unknown Python/3.11.8 (Windows-10-10.0.22631-SP0)",
        "x-ms-content-sha256": "hCwkkESt4FMkocISzVr\u002Bsa5KgTtCgv2\u002B3ps1kcPne0Y=",
        "x-ms-date": "Feb, 08 2024 23:25:42.827947 GMT"
      },
      "RequestBody": {
        "key": "my_json",
        "label": "\u0000",
        "content_type": "application/json",
        "value": "{\u0022key\u0022: \u0022value\u0022}",
        "tags": {}
      },
      "StatusCode": 200,
      "ResponseHeaders": {
        "Access-Control-Allow-Origin": "*",
        "Connection": "keep-alive",
        "Content-Type": "application/vnd.microsoft.appconfig.kv\u002Bjson; charset=utf-8",
        "Date": "Thu, 08 Feb 2024 23:25:42 GMT",
        "ETag": "\u0022XrPIBsKxAcA_SicMuNHC1haI0w1w8E8DhlzBrthPH-c\u0022",
        "Last-Modified": "Thu, 08 Feb 2024 23:25:42 GMT",
        "Strict-Transport-Security": "max-age=31536000; includeSubDomains",
        "Sync-Token": "zAJw6V16=NzoxNyMyNTA1MzY4MQ==;sn=25053681",
        "Transfer-Encoding": "chunked",
        "x-ms-correlation-request-id": "2b320569-6669-4a62-a916-5c8d78ef5f86"
      },
      "ResponseBody": {
        "etag": "XrPIBsKxAcA_SicMuNHC1haI0w1w8E8DhlzBrthPH-c",
        "key": "my_json",
        "label": null,
        "content_type": "application/json",
        "value": "{\u0022key\u0022: \u0022value\u0022}",
        "tags": {},
        "locked": false,
        "last_modified": "2024-02-08T23:25:42\u002B00:00"
      }
    },
    {
      "RequestUri": "https://fake-endpoint.azconfig.io/kv/test.trimmed?label=%00\u0026api-version=1970-01-01",
      "RequestMethod": "PUT",
      "RequestHeaders": {
        "Accept": "application/vnd.microsoft.appconfig.kv\u002Bjson, application/problem\u002Bjson",
        "Accept-Encoding": "gzip, deflate",
        "Content-Length": "100",
        "Content-Type": "application/json",
        "Sync-Token": "zAJw6V16=NzoxNyMyNTA1MzY4MQ==",
        "User-Agent": "azsdk-python-appconfiguration/unknown Python/3.11.8 (Windows-10-10.0.22631-SP0)",
        "x-ms-content-sha256": "Ywo75Z4ndghuA5lejndpeBTNSici7Vx8O0CCZLlhiAU=",
        "x-ms-date": "Feb, 08 2024 23:25:42.842962 GMT"
      },
      "RequestBody": {
        "key": "test.trimmed",
        "label": "\u0000",
        "content_type": "text/plain",
        "value": "key",
        "tags": {}
      },
      "StatusCode": 200,
      "ResponseHeaders": {
        "Access-Control-Allow-Origin": "*",
        "Connection": "keep-alive",
        "Content-Type": "application/vnd.microsoft.appconfig.kv\u002Bjson; charset=utf-8",
        "Date": "Thu, 08 Feb 2024 23:25:42 GMT",
        "ETag": "\u0022_YgtN34vdySDlWChKQxV_Rx4_8-A6Bv99pSBmAcTzuw\u0022",
        "Last-Modified": "Thu, 08 Feb 2024 23:25:42 GMT",
        "Strict-Transport-Security": "max-age=31536000; includeSubDomains",
        "Sync-Token": "zAJw6V16=NzoxNyMyNTA1MzY4Mw==;sn=25053683",
        "Transfer-Encoding": "chunked",
        "x-ms-correlation-request-id": "fea9e516-6a28-4fc1-bbfb-467b85c10dac"
      },
      "ResponseBody": {
        "etag": "_YgtN34vdySDlWChKQxV_Rx4_8-A6Bv99pSBmAcTzuw",
        "key": "test.trimmed",
        "label": null,
        "content_type": "text/plain",
        "value": "key",
        "tags": {},
        "locked": false,
        "last_modified": "2024-02-08T23:25:42\u002B00:00"
      }
    },
    {
      "RequestUri": "https://fake-endpoint.azconfig.io/kv/refresh_message?label=%00\u0026api-version=1970-01-01",
      "RequestMethod": "PUT",
      "RequestHeaders": {
        "Accept": "application/vnd.microsoft.appconfig.kv\u002Bjson, application/problem\u002Bjson",
        "Accept-Encoding": "gzip, deflate",
        "Content-Length": "114",
        "Content-Type": "application/json",
        "Sync-Token": "zAJw6V16=NzoxNyMyNTA1MzY4Mw==",
        "User-Agent": "azsdk-python-appconfiguration/unknown Python/3.11.8 (Windows-10-10.0.22631-SP0)",
        "x-ms-content-sha256": "4EMTpW5DNMgb2ILWshR8NZeWRRkMcPLFDtd0erEayyY=",
        "x-ms-date": "Feb, 08 2024 23:25:42.857658 GMT"
      },
      "RequestBody": {
        "key": "refresh_message",
        "label": "\u0000",
        "content_type": "text/plain",
        "value": "original value",
        "tags": {}
      },
      "StatusCode": 200,
      "ResponseHeaders": {
        "Access-Control-Allow-Origin": "*",
        "Connection": "keep-alive",
        "Content-Type": "application/vnd.microsoft.appconfig.kv\u002Bjson; charset=utf-8",
        "Date": "Thu, 08 Feb 2024 23:25:42 GMT",
        "ETag": "\u00227A1Pdw85IAUJThnkxZHF8P2FFVpevHlwFRMZKx6KA9Y\u0022",
        "Last-Modified": "Thu, 08 Feb 2024 23:25:42 GMT",
        "Strict-Transport-Security": "max-age=31536000; includeSubDomains",
        "Sync-Token": "zAJw6V16=NzoxNyMyNTA1MzY4NQ==;sn=25053685",
        "Transfer-Encoding": "chunked",
        "x-ms-correlation-request-id": "a9a2cffb-2632-422c-8f1f-a0a0be0356f6"
      },
      "ResponseBody": {
        "etag": "7A1Pdw85IAUJThnkxZHF8P2FFVpevHlwFRMZKx6KA9Y",
        "key": "refresh_message",
        "label": null,
        "content_type": "text/plain",
        "value": "original value",
        "tags": {},
        "locked": false,
        "last_modified": "2024-02-08T23:25:42\u002B00:00"
      }
    },
    {
      "RequestUri": "https://fake-endpoint.azconfig.io/kv/non_refreshed_message?label=%00\u0026api-version=1970-01-01",
      "RequestMethod": "PUT",
      "RequestHeaders": {
        "Accept": "application/vnd.microsoft.appconfig.kv\u002Bjson, application/problem\u002Bjson",
        "Accept-Encoding": "gzip, deflate",
        "Content-Length": "112",
        "Content-Type": "application/json",
        "Sync-Token": "zAJw6V16=NzoxNyMyNTA1MzY4NQ==",
        "User-Agent": "azsdk-python-appconfiguration/unknown Python/3.11.8 (Windows-10-10.0.22631-SP0)",
        "x-ms-content-sha256": "3h8i3k16yOCNVm4UxG/aSBBCn2CiyBhO4M3AdIWkWFI=",
        "x-ms-date": "Feb, 08 2024 23:25:42.873365 GMT"
      },
      "RequestBody": {
        "key": "non_refreshed_message",
        "label": "\u0000",
        "content_type": "text/plain",
        "value": "Static",
        "tags": {}
      },
      "StatusCode": 200,
      "ResponseHeaders": {
        "Access-Control-Allow-Origin": "*",
        "Connection": "keep-alive",
        "Content-Type": "application/vnd.microsoft.appconfig.kv\u002Bjson; charset=utf-8",
        "Date": "Thu, 08 Feb 2024 23:25:42 GMT",
        "ETag": "\u00226gR-MmsYS72yqk9M-bOLzObc8Xftw1x6sFL8iT0mB5o\u0022",
        "Last-Modified": "Thu, 08 Feb 2024 23:25:42 GMT",
        "Strict-Transport-Security": "max-age=31536000; includeSubDomains",
        "Sync-Token": "zAJw6V16=NzoxNyMyNTA1MzY4Nw==;sn=25053687",
        "Transfer-Encoding": "chunked",
        "x-ms-correlation-request-id": "a64db9c4-82ef-45b7-83e0-808804ec8599"
      },
      "ResponseBody": {
        "etag": "6gR-MmsYS72yqk9M-bOLzObc8Xftw1x6sFL8iT0mB5o",
        "key": "non_refreshed_message",
        "label": null,
        "content_type": "text/plain",
        "value": "Static",
        "tags": {},
        "locked": false,
        "last_modified": "2024-02-08T23:25:42\u002B00:00"
      }
    },
    {
      "RequestUri": "https://fake-endpoint.azconfig.io/kv/.appconfig.featureflag%2FAlpha?label=%00\u0026api-version=1970-01-01",
      "RequestMethod": "PUT",
      "RequestHeaders": {
        "Accept": "application/vnd.microsoft.appconfig.kv\u002Bjson, application/problem\u002Bjson",
        "Accept-Encoding": "gzip, deflate",
        "Content-Length": "270",
        "Content-Type": "application/json",
        "Sync-Token": "zAJw6V16=NzoxNyMyNTA1MzY4Nw==",
        "User-Agent": "azsdk-python-appconfiguration/unknown Python/3.11.8 (Windows-10-10.0.22631-SP0)",
        "x-ms-content-sha256": "QWMqQVTb3OEmcET/A5jVHXJXI1TrzC7h6cMDRt4ePeA=",
        "x-ms-date": "Feb, 08 2024 23:25:42.888076 GMT"
      },
      "RequestBody": {
        "key": ".appconfig.featureflag/Alpha",
        "label": "\u0000",
        "content_type": "application/vnd.microsoft.appconfig.ff\u002Bjson;charset=utf-8",
        "value": "{\t\u0022id\u0022: \u0022Alpha\u0022, \u0022description\u0022: \u0022\u0022, \u0022enabled\u0022: false, \u0022conditions\u0022: {\t\u0022client_filters\u0022: []\t}}",
        "tags": {}
      },
      "StatusCode": 200,
      "ResponseHeaders": {
        "Access-Control-Allow-Origin": "*",
        "Connection": "keep-alive",
        "Content-Type": "application/vnd.microsoft.appconfig.kv\u002Bjson; charset=utf-8",
        "Date": "Thu, 08 Feb 2024 23:25:42 GMT",
        "ETag": "\u0022sYCQK3_bH2fMmhYqLGBBjctuU1WmT2hT80Ujjlj4J5Y\u0022",
        "Last-Modified": "Thu, 08 Feb 2024 23:25:42 GMT",
        "Strict-Transport-Security": "max-age=31536000; includeSubDomains",
        "Sync-Token": "zAJw6V16=NzoxNyMyNTA1MzY4OQ==;sn=25053689",
        "Transfer-Encoding": "chunked",
        "x-ms-correlation-request-id": "43e10fc4-89b7-46d4-a86e-e7eb2ce24f20"
      },
      "ResponseBody": {
        "etag": "sYCQK3_bH2fMmhYqLGBBjctuU1WmT2hT80Ujjlj4J5Y",
        "key": ".appconfig.featureflag/Alpha",
        "label": null,
        "content_type": "application/vnd.microsoft.appconfig.ff\u002Bjson;charset=utf-8",
        "value": "{\t\u0022id\u0022: \u0022Alpha\u0022, \u0022description\u0022: \u0022\u0022, \u0022enabled\u0022: false, \u0022conditions\u0022: {\t\u0022client_filters\u0022: []\t}}",
        "tags": {},
        "locked": false,
        "last_modified": "2024-02-08T23:25:42\u002B00:00"
      }
    },
    {
      "RequestUri": "https://fake-endpoint.azconfig.io/kv?key=.appconfig.featureflag/*\u0026label=%00\u0026api-version=1970-01-01",
      "RequestMethod": "GET",
      "RequestHeaders": {
        "Accept": "application/vnd.microsoft.appconfig.kvset\u002Bjson, application/problem\u002Bjson",
        "Accept-Encoding": "gzip, deflate",
        "Content-Length": "0",
        "Correlation-Context": "RequestType=Startup,UsesKeyVault",
        "User-Agent": "SDK/Integration python-appconfiguration-provider/1.1.1 azsdk-python-appconfiguration/unknown Python/3.11.8 (Windows-10-10.0.22631-SP0)",
        "x-ms-content-sha256": "47DEQpj8HBSa\u002B/TImW\u002B5JCeuQeRkm5NMpJWZG3hSuFU=",
        "x-ms-date": "Feb, 08 2024 23:25:42.903082 GMT"
      },
      "RequestBody": null,
      "StatusCode": 200,
      "ResponseHeaders": {
        "Access-Control-Allow-Origin": "*",
        "Connection": "keep-alive",
        "Content-Type": "application/vnd.microsoft.appconfig.kvset\u002Bjson; charset=utf-8",
        "Date": "Thu, 08 Feb 2024 23:25:42 GMT",
        "ETag": "\u0022S2FfJYeejE8TFu_aazJFhb_VRYGkKm_OF8HAPc62HF4\u0022",
        "Strict-Transport-Security": "max-age=31536000; includeSubDomains",
        "Sync-Token": "zAJw6V16=NzoxNyMyNTA1MzY5MA==;sn=25053690",
        "Transfer-Encoding": "chunked",
        "x-ms-correlation-request-id": "abb250fb-30ac-44d2-805a-acf6dbf58a11"
      },
      "ResponseBody": {
        "etag": "S2FfJYeejE8TFu_aazJFhb_VRYGkKm_OF8HAPc62HF4",
        "items": [
          {
            "etag": "sYCQK3_bH2fMmhYqLGBBjctuU1WmT2hT80Ujjlj4J5Y",
            "key": ".appconfig.featureflag/Alpha",
            "label": null,
            "content_type": "application/vnd.microsoft.appconfig.ff\u002Bjson;charset=utf-8",
            "value": "{\t\u0022id\u0022: \u0022Alpha\u0022, \u0022description\u0022: \u0022\u0022, \u0022enabled\u0022: false, \u0022conditions\u0022: {\t\u0022client_filters\u0022: []\t}}",
            "tags": {},
            "locked": false,
            "last_modified": "2024-02-08T23:25:42\u002B00:00"
          },
          {
            "etag": "97b-nexIBP-fw28m5y4Qug54dcKSbXMgOB1-_tuV6mo",
            "key": ".appconfig.featureflag/Beta",
            "label": null,
            "content_type": "application/vnd.microsoft.appconfig.ff\u002Bjson;charset=utf-8",
            "value": "{\u0022id\u0022: \u0022Beta\u0022, \u0022enabled\u0022: false, \u0022conditions\u0022: {\u0022client_filters\u0022: []}}",
            "tags": {},
            "locked": false,
            "last_modified": "2024-01-23T19:31:54\u002B00:00"
          },
          {
            "etag": "t-XQPGxDAlMzANUC2_g2z6P6aj2gKZe5ZEmxhW7hG20",
            "key": ".appconfig.featureflag/Delta",
            "label": null,
            "content_type": "application/vnd.microsoft.appconfig.ff\u002Bjson;charset=utf-8",
            "value": "{\u0022id\u0022:\u0022Delta\u0022,\u0022description\u0022:\u0022\u0022,\u0022enabled\u0022:true,\u0022conditions\u0022:{\u0022client_filters\u0022:[{\u0022name\u0022:\u0022Microsoft.TimeWindow\u0022,\u0022parameters\u0022:{\u0022Start\u0022:\u0022Mon, 01 Jan 2024 08:00:00 GMT\u0022,\u0022End\u0022:\u0022Sat, 10 Feb 2024 08:00:00 GMT\u0022}}]}}",
            "tags": {},
            "locked": false,
            "last_modified": "2024-01-23T18:42:43\u002B00:00"
          },
          {
            "etag": "3vOPBuZOhW0hZDHaSCZd8Oo_UdbViByiruQ7djGymLM",
            "key": ".appconfig.featureflag/Epsilon",
            "label": null,
            "content_type": "application/vnd.microsoft.appconfig.ff\u002Bjson;charset=utf-8",
            "value": "{\u0022id\u0022:\u0022Epsilon\u0022,\u0022description\u0022:\u0022\u0022,\u0022enabled\u0022:true,\u0022conditions\u0022:{\u0022client_filters\u0022:[{\u0022name\u0022:\u0022Microsoft.TimeWindow\u0022,\u0022parameters\u0022:{\u0022Start\u0022:\u0022Wed, 24 Jan 2024 08:00:00 GMT\u0022}}]}}",
            "tags": {},
            "locked": false,
            "last_modified": "2024-01-23T18:44:45\u002B00:00"
          },
          {
            "etag": "dgInk3wh4ZCIJkZ8czM1vXjcyZQnVRTPYh4p86PY6tY",
            "key": ".appconfig.featureflag/Gamma",
            "label": null,
            "content_type": "application/vnd.microsoft.appconfig.ff\u002Bjson;charset=utf-8",
            "value": "{\u0022id\u0022:\u0022Gamma\u0022,\u0022description\u0022:\u0022\u0022,\u0022enabled\u0022:true,\u0022conditions\u0022:{\u0022client_filters\u0022:[{\u0022name\u0022:\u0022Sample.Random\u0022,\u0022parameters\u0022:{\u0022Value\u0022:50}}]}}",
            "tags": {},
            "locked": false,
            "last_modified": "2024-01-23T18:41:44\u002B00:00"
          },
          {
            "etag": "qBB2gyVlWA0lMISTqbbbkrE7SoRes2riPLC1sLy-SIw",
            "key": ".appconfig.featureflag/Sigma",
            "label": null,
            "content_type": "application/vnd.microsoft.appconfig.ff\u002Bjson;charset=utf-8",
            "value": "{\u0022id\u0022:\u0022Sigma\u0022,\u0022description\u0022:\u0022\u0022,\u0022enabled\u0022:true,\u0022conditions\u0022:{\u0022client_filters\u0022:[{\u0022name\u0022:\u0022Microsoft.TimeWindow\u0022,\u0022parameters\u0022:{\u0022Start\u0022:\u0022Mon, 01 Jan 2024 08:00:00 GMT\u0022,\u0022End\u0022:\u0022Tue, 23 Jan 2024 08:00:00 GMT\u0022}}]}}",
            "tags": {},
            "locked": false,
            "last_modified": "2024-01-23T18:44:18\u002B00:00"
          },
          {
            "etag": "naTMO7Mrznv0Kn85tw1ItuOFbHARU67hlR1xkgutmP4",
            "key": ".appconfig.featureflag/Target",
            "label": null,
            "content_type": "application/vnd.microsoft.appconfig.ff\u002Bjson;charset=utf-8",
            "value": "{\u0022id\u0022:\u0022Target\u0022,\u0022description\u0022:\u0022\u0022,\u0022enabled\u0022:true,\u0022conditions\u0022:{\u0022client_filters\u0022:[{\u0022name\u0022:\u0022Microsoft.Targeting\u0022,\u0022parameters\u0022:{\u0022Audience\u0022:{\u0022Users\u0022:[\u0022Adam\u0022],\u0022Groups\u0022:[{\u0022Name\u0022:\u0022Stage1\u0022,\u0022RolloutPercentage\u0022:50}],\u0022DefaultRolloutPercentage\u0022:50}}}]}}",
            "tags": {},
            "locked": false,
            "last_modified": "2024-01-23T18:46:00\u002B00:00"
          },
          {
            "etag": "Pqpa-sqEC-DLkw9yJPO-q0mdjhIXfDYcyE8s4-nLpHM",
            "key": ".appconfig.featureflag/Zeta",
            "label": null,
            "content_type": "application/vnd.microsoft.appconfig.ff\u002Bjson;charset=utf-8",
            "value": "{\u0022id\u0022:\u0022Zeta\u0022,\u0022description\u0022:\u0022\u0022,\u0022enabled\u0022:true,\u0022conditions\u0022:{\u0022client_filters\u0022:[{\u0022name\u0022:\u0022Microsoft.TimeWindow\u0022,\u0022parameters\u0022:{\u0022End\u0022:\u0022Sat, 10 Feb 2024 08:00:00 GMT\u0022}}]}}",
            "tags": {},
            "locked": false,
            "last_modified": "2024-01-23T18:45:19\u002B00:00"
          }
        ]
      }
    }
  ],
  "Variables": {}
}
