{
  "Entries": [
    {
      "RequestUri": "https://fake-endpoint.azconfig.io/kv/message?label=%00\u0026api-version=1970-01-01",
      "RequestMethod": "PUT",
      "RequestHeaders": {
        "Accept": "application/vnd.microsoft.appconfig.kv\u002Bjson, application/problem\u002Bjson",
        "Accept-Encoding": "gzip, deflate",
        "Content-Length": "94",
        "Content-Type": "application/json",
        "User-Agent": "azsdk-python-appconfiguration/unknown Python/3.11.8 (Windows-10-10.0.22631-SP0)"
      },
      "RequestBody": {
        "key": "message",
        "label": "\u0000",
        "content_type": "text/plain",
        "value": "hi",
        "tags": {}
      },
      "StatusCode": 200,
      "ResponseHeaders": {
        "Access-Control-Allow-Origin": "*",
        "Connection": "keep-alive",
        "Content-Type": "application/vnd.microsoft.appconfig.kv\u002Bjson; charset=utf-8",
        "Date": "Thu, 28 Mar 2024 18:59:23 GMT",
        "ETag": "\u0022wXM379LOevd-w7PGdx4MkthYdOmk14cv2-_SY1gdo2U\u0022",
        "Last-Modified": "Thu, 28 Mar 2024 18:59:23 GMT",
        "Strict-Transport-Security": "max-age=31536000; includeSubDomains",
        "Sync-Token": "zAJw6V16=NzoxNyMyNTkwMzAxNA==;sn=25903014",
        "Transfer-Encoding": "chunked",
        "x-ms-correlation-request-id": "86a18a63-7cae-4921-8b4f-0ef2726b5e45"
      },
      "ResponseBody": {
        "etag": "wXM379LOevd-w7PGdx4MkthYdOmk14cv2-_SY1gdo2U",
        "key": "message",
        "label": null,
        "content_type": "text/plain",
        "value": "hi",
        "tags": {},
        "locked": false,
        "last_modified": "2024-03-28T18:59:23\u002B00:00"
      }
    },
    {
      "RequestUri": "https://fake-endpoint.azconfig.io/kv/message?label=dev\u0026api-version=1970-01-01",
      "RequestMethod": "PUT",
      "RequestHeaders": {
        "Accept": "application/vnd.microsoft.appconfig.kv\u002Bjson, application/problem\u002Bjson",
        "Accept-Encoding": "gzip, deflate",
        "Content-Length": "93",
        "Content-Type": "application/json",
        "Sync-Token": "zAJw6V16=NzoxNyMyNTkwMzAxNA==",
        "User-Agent": "azsdk-python-appconfiguration/unknown Python/3.11.8 (Windows-10-10.0.22631-SP0)"
      },
      "RequestBody": {
        "key": "message",
        "label": "dev",
        "content_type": "text/plain",
        "value": "test",
        "tags": {}
      },
      "StatusCode": 200,
      "ResponseHeaders": {
        "Access-Control-Allow-Origin": "*",
        "Connection": "keep-alive",
        "Content-Type": "application/vnd.microsoft.appconfig.kv\u002Bjson; charset=utf-8",
        "Date": "Thu, 28 Mar 2024 18:59:23 GMT",
        "ETag": "\u0022gvNq35etuWAmKpwPFm_Tud9ioRooBiqZOARtVt4x1Gs\u0022",
        "Last-Modified": "Thu, 28 Mar 2024 18:59:23 GMT",
        "Strict-Transport-Security": "max-age=31536000; includeSubDomains",
        "Sync-Token": "zAJw6V16=NzoxNyMyNTkwMzAxNg==;sn=25903016",
        "Transfer-Encoding": "chunked",
        "x-ms-correlation-request-id": "524dad47-323b-4e5e-8e2a-dc54ecce4408"
      },
      "ResponseBody": {
        "etag": "gvNq35etuWAmKpwPFm_Tud9ioRooBiqZOARtVt4x1Gs",
        "key": "message",
        "label": "dev",
        "content_type": "text/plain",
        "value": "test",
        "tags": {},
        "locked": false,
        "last_modified": "2024-03-28T18:59:23\u002B00:00"
      }
    },
    {
      "RequestUri": "https://fake-endpoint.azconfig.io/kv/my_json?label=%00\u0026api-version=1970-01-01",
      "RequestMethod": "PUT",
      "RequestHeaders": {
        "Accept": "application/vnd.microsoft.appconfig.kv\u002Bjson, application/problem\u002Bjson",
        "Accept-Encoding": "gzip, deflate",
        "Content-Length": "118",
        "Content-Type": "application/json",
        "Sync-Token": "zAJw6V16=NzoxNyMyNTkwMzAxNg==",
        "User-Agent": "azsdk-python-appconfiguration/unknown Python/3.11.8 (Windows-10-10.0.22631-SP0)"
      },
      "RequestBody": {
        "key": "my_json",
        "label": "\u0000",
        "content_type": "application/json",
        "value": "{\u0022key\u0022: \u0022value\u0022}",
        "tags": {}
      },
      "StatusCode": 200,
      "ResponseHeaders": {
        "Access-Control-Allow-Origin": "*",
        "Connection": "keep-alive",
        "Content-Type": "application/vnd.microsoft.appconfig.kv\u002Bjson; charset=utf-8",
        "Date": "Thu, 28 Mar 2024 18:59:23 GMT",
        "ETag": "\u0022Gcoa6URK4UkhCrCdGRamFuLwtDlkP2v75w-PY2xI8cg\u0022",
        "Last-Modified": "Thu, 28 Mar 2024 18:59:23 GMT",
        "Strict-Transport-Security": "max-age=31536000; includeSubDomains",
        "Sync-Token": "zAJw6V16=NzoxNyMyNTkwMzAxOA==;sn=25903018",
        "Transfer-Encoding": "chunked",
        "x-ms-correlation-request-id": "ca013498-ba03-4a88-bc47-a01020d1dba9"
      },
      "ResponseBody": {
        "etag": "Gcoa6URK4UkhCrCdGRamFuLwtDlkP2v75w-PY2xI8cg",
        "key": "my_json",
        "label": null,
        "content_type": "application/json",
        "value": "{\u0022key\u0022: \u0022value\u0022}",
        "tags": {},
        "locked": false,
        "last_modified": "2024-03-28T18:59:23\u002B00:00"
      }
    },
    {
      "RequestUri": "https://fake-endpoint.azconfig.io/kv/test.trimmed?label=%00\u0026api-version=1970-01-01",
      "RequestMethod": "PUT",
      "RequestHeaders": {
        "Accept": "application/vnd.microsoft.appconfig.kv\u002Bjson, application/problem\u002Bjson",
        "Accept-Encoding": "gzip, deflate",
        "Content-Length": "100",
        "Content-Type": "application/json",
        "Sync-Token": "zAJw6V16=NzoxNyMyNTkwMzAxOA==",
        "User-Agent": "azsdk-python-appconfiguration/unknown Python/3.11.8 (Windows-10-10.0.22631-SP0)"
      },
      "RequestBody": {
        "key": "test.trimmed",
        "label": "\u0000",
        "content_type": "text/plain",
        "value": "key",
        "tags": {}
      },
      "StatusCode": 200,
      "ResponseHeaders": {
        "Access-Control-Allow-Origin": "*",
        "Connection": "keep-alive",
        "Content-Type": "application/vnd.microsoft.appconfig.kv\u002Bjson; charset=utf-8",
        "Date": "Thu, 28 Mar 2024 18:59:23 GMT",
        "ETag": "\u0022cHxUpvdQvX2NhJm-G4UyeoUne3surwLR9fTBL6U67rs\u0022",
        "Last-Modified": "Thu, 28 Mar 2024 18:59:23 GMT",
        "Strict-Transport-Security": "max-age=31536000; includeSubDomains",
        "Sync-Token": "zAJw6V16=NzoxNyMyNTkwMzAyMA==;sn=25903020",
        "Transfer-Encoding": "chunked",
        "x-ms-correlation-request-id": "c58b5e24-2926-434f-ae5f-6806607885b0"
      },
      "ResponseBody": {
        "etag": "cHxUpvdQvX2NhJm-G4UyeoUne3surwLR9fTBL6U67rs",
        "key": "test.trimmed",
        "label": null,
        "content_type": "text/plain",
        "value": "key",
        "tags": {},
        "locked": false,
        "last_modified": "2024-03-28T18:59:23\u002B00:00"
      }
    },
    {
      "RequestUri": "https://fake-endpoint.azconfig.io/kv/refresh_message?label=%00\u0026api-version=1970-01-01",
      "RequestMethod": "PUT",
      "RequestHeaders": {
        "Accept": "application/vnd.microsoft.appconfig.kv\u002Bjson, application/problem\u002Bjson",
        "Accept-Encoding": "gzip, deflate",
        "Content-Length": "114",
        "Content-Type": "application/json",
        "Sync-Token": "zAJw6V16=NzoxNyMyNTkwMzAyMA==",
        "User-Agent": "azsdk-python-appconfiguration/unknown Python/3.11.8 (Windows-10-10.0.22631-SP0)"
      },
      "RequestBody": {
        "key": "refresh_message",
        "label": "\u0000",
        "content_type": "text/plain",
        "value": "original value",
        "tags": {}
      },
      "StatusCode": 200,
      "ResponseHeaders": {
        "Access-Control-Allow-Origin": "*",
        "Connection": "keep-alive",
        "Content-Type": "application/vnd.microsoft.appconfig.kv\u002Bjson; charset=utf-8",
        "Date": "Thu, 28 Mar 2024 18:59:23 GMT",
        "ETag": "\u0022HuSzjSig11pDHISgVpiyex1PbQtljKHo3PFeQJw7z-4\u0022",
        "Last-Modified": "Thu, 28 Mar 2024 18:59:23 GMT",
        "Strict-Transport-Security": "max-age=31536000; includeSubDomains",
        "Sync-Token": "zAJw6V16=NzoxNyMyNTkwMzAyMg==;sn=25903022",
        "Transfer-Encoding": "chunked",
        "x-ms-correlation-request-id": "a780d2e4-4ea7-4e30-b1c3-fd1ae478c6bf"
      },
      "ResponseBody": {
        "etag": "HuSzjSig11pDHISgVpiyex1PbQtljKHo3PFeQJw7z-4",
        "key": "refresh_message",
        "label": null,
        "content_type": "text/plain",
        "value": "original value",
        "tags": {},
        "locked": false,
        "last_modified": "2024-03-28T18:59:23\u002B00:00"
      }
    },
    {
      "RequestUri": "https://fake-endpoint.azconfig.io/kv/non_refreshed_message?label=%00\u0026api-version=1970-01-01",
      "RequestMethod": "PUT",
      "RequestHeaders": {
        "Accept": "application/vnd.microsoft.appconfig.kv\u002Bjson, application/problem\u002Bjson",
        "Accept-Encoding": "gzip, deflate",
        "Content-Length": "112",
        "Content-Type": "application/json",
        "Sync-Token": "zAJw6V16=NzoxNyMyNTkwMzAyMg==",
        "User-Agent": "azsdk-python-appconfiguration/unknown Python/3.11.8 (Windows-10-10.0.22631-SP0)"
      },
      "RequestBody": {
        "key": "non_refreshed_message",
        "label": "\u0000",
        "content_type": "text/plain",
        "value": "Static",
        "tags": {}
      },
      "StatusCode": 200,
      "ResponseHeaders": {
        "Access-Control-Allow-Origin": "*",
        "Connection": "keep-alive",
        "Content-Type": "application/vnd.microsoft.appconfig.kv\u002Bjson; charset=utf-8",
        "Date": "Thu, 28 Mar 2024 18:59:23 GMT",
        "ETag": "\u0022B3WntPYHRSJdWk-p0xo61iRsH4IAK9gzOGOaJJEdwz0\u0022",
        "Last-Modified": "Thu, 28 Mar 2024 18:59:23 GMT",
        "Strict-Transport-Security": "max-age=31536000; includeSubDomains",
        "Sync-Token": "zAJw6V16=NzoxNyMyNTkwMzAyNA==;sn=25903024",
        "Transfer-Encoding": "chunked",
        "x-ms-correlation-request-id": "c04aa453-b2d6-4eda-8f9e-d95d8a6ebe59"
      },
      "ResponseBody": {
        "etag": "B3WntPYHRSJdWk-p0xo61iRsH4IAK9gzOGOaJJEdwz0",
        "key": "non_refreshed_message",
        "label": null,
        "content_type": "text/plain",
        "value": "Static",
        "tags": {},
        "locked": false,
        "last_modified": "2024-03-28T18:59:23\u002B00:00"
      }
    },
    {
      "RequestUri": "https://fake-endpoint.azconfig.io/kv/.appconfig.featureflag%2FAlpha?label=%00\u0026api-version=1970-01-01",
      "RequestMethod": "PUT",
      "RequestHeaders": {
        "Accept": "application/vnd.microsoft.appconfig.kv\u002Bjson, application/problem\u002Bjson",
        "Accept-Encoding": "gzip, deflate",
        "Content-Length": "270",
        "Content-Type": "application/json",
        "Sync-Token": "zAJw6V16=NzoxNyMyNTkwMzAyNA==",
        "User-Agent": "azsdk-python-appconfiguration/unknown Python/3.11.8 (Windows-10-10.0.22631-SP0)"
      },
      "RequestBody": {
        "key": ".appconfig.featureflag/Alpha",
        "label": "\u0000",
        "content_type": "application/vnd.microsoft.appconfig.ff\u002Bjson;charset=utf-8",
        "value": "{\t\u0022id\u0022: \u0022Alpha\u0022, \u0022description\u0022: \u0022\u0022, \u0022enabled\u0022: false, \u0022conditions\u0022: {\t\u0022client_filters\u0022: []\t}}",
        "tags": {}
      },
      "StatusCode": 200,
      "ResponseHeaders": {
        "Access-Control-Allow-Origin": "*",
        "Connection": "keep-alive",
        "Content-Type": "application/vnd.microsoft.appconfig.kv\u002Bjson; charset=utf-8",
        "Date": "Thu, 28 Mar 2024 18:59:23 GMT",
        "ETag": "\u0022gw0jikmiL-rJxE-Re07_qJVJvP9fbLZTE-_yGeTssoo\u0022",
        "Last-Modified": "Thu, 28 Mar 2024 18:59:23 GMT",
        "Strict-Transport-Security": "max-age=31536000; includeSubDomains",
        "Sync-Token": "zAJw6V16=NzoxNyMyNTkwMzAyNg==;sn=25903026",
        "Transfer-Encoding": "chunked",
        "x-ms-correlation-request-id": "f2966b4a-36f5-4dee-a7d2-18d90da80a8e"
      },
      "ResponseBody": {
        "etag": "gw0jikmiL-rJxE-Re07_qJVJvP9fbLZTE-_yGeTssoo",
        "key": ".appconfig.featureflag/Alpha",
        "label": null,
        "content_type": "application/vnd.microsoft.appconfig.ff\u002Bjson;charset=utf-8",
        "value": "{\t\u0022id\u0022: \u0022Alpha\u0022, \u0022description\u0022: \u0022\u0022, \u0022enabled\u0022: false, \u0022conditions\u0022: {\t\u0022client_filters\u0022: []\t}}",
        "tags": {},
        "locked": false,
        "last_modified": "2024-03-28T18:59:23\u002B00:00"
      }
    },
    {
      "RequestUri": "https://fake-endpoint.azconfig.io/kv/secret?label=prod\u0026api-version=1970-01-01",
      "RequestMethod": "PUT",
      "RequestHeaders": {
        "Accept": "application/vnd.microsoft.appconfig.kv\u002Bjson, application/problem\u002Bjson",
        "Accept-Encoding": "gzip, deflate",
        "Content-Length": "217",
        "Content-Type": "application/json",
        "Sync-Token": "zAJw6V16=NzoxNyMyNTkwMzAyNg==",
        "User-Agent": "azsdk-python-appconfiguration/unknown Python/3.11.8 (Windows-10-10.0.22631-SP0)"
      },
      "RequestBody": {
        "key": "secret",
        "label": "prod",
        "content_type": "application/vnd.microsoft.appconfig.keyvaultref\u002Bjson;charset=utf-8",
        "value": "{\u0022uri\u0022:\u0022https://fake-keyvault.vault.azure.net/secrets/fake-secret/\u0022}",
        "tags": {}
      },
      "StatusCode": 200,
      "ResponseHeaders": {
        "Access-Control-Allow-Origin": "*",
        "Connection": "keep-alive",
        "Content-Type": "application/vnd.microsoft.appconfig.kv\u002Bjson; charset=utf-8",
        "Date": "Thu, 28 Mar 2024 18:59:23 GMT",
        "ETag": "\u0022ldeHf79hlEnDFfBu_nerfrpMVxD_i555v2LWwI_OR38\u0022",
        "Last-Modified": "Thu, 28 Mar 2024 18:59:23 GMT",
        "Strict-Transport-Security": "max-age=31536000; includeSubDomains",
        "Sync-Token": "zAJw6V16=NzoxNyMyNTkwMzAyOA==;sn=25903028",
        "Transfer-Encoding": "chunked",
        "x-ms-correlation-request-id": "2ebf58bb-c694-408b-9ad9-c8948cc408b7"
      },
      "ResponseBody": {
        "etag": "ldeHf79hlEnDFfBu_nerfrpMVxD_i555v2LWwI_OR38",
        "key": "secret",
        "label": "prod",
        "content_type": "application/vnd.microsoft.appconfig.keyvaultref\u002Bjson;charset=utf-8",
        "value": "{\u0022uri\u0022:\u0022https://fake-keyvault.vault.azure.net/secrets/fake-secret/\u0022}",
        "tags": {},
        "locked": false,
        "last_modified": "2024-03-28T18:59:23\u002B00:00"
      }
    },
    {
      "RequestUri": "https://fake-endpoint.azconfig.io/kv?key=*\u0026label=prod\u0026api-version=1970-01-01",
      "RequestMethod": "GET",
      "RequestHeaders": {
        "Accept": "application/vnd.microsoft.appconfig.kvset\u002Bjson, application/problem\u002Bjson",
        "Accept-Encoding": "gzip, deflate",
        "Correlation-Context": "RequestType=Startup,UsesKeyVault",
        "User-Agent": "SDK/Integration python-appconfiguration-provider/1.1.1 azsdk-python-appconfiguration/unknown Python/3.11.8 (Windows-10-10.0.22631-SP0)"
      },
      "RequestBody": null,
      "StatusCode": 200,
      "ResponseHeaders": {
        "Access-Control-Allow-Origin": "*",
        "Connection": "keep-alive",
        "Content-Type": "application/vnd.microsoft.appconfig.kvset\u002Bjson; charset=utf-8",
        "Date": "Thu, 28 Mar 2024 18:59:24 GMT",
        "ETag": "\u0022qNhHx8YCz4OXA-dYJbibEiE1NrGxMcobDcTqgzhies4\u0022",
        "Strict-Transport-Security": "max-age=31536000; includeSubDomains",
        "Sync-Token": "zAJw6V16=NzoxNyMyNTkwMzAyOQ==;sn=25903029",
        "Transfer-Encoding": "chunked",
        "x-ms-correlation-request-id": "ce114542-e821-4137-a864-ce58929caa76"
      },
      "ResponseBody": {
        "etag": "qNhHx8YCz4OXA-dYJbibEiE1NrGxMcobDcTqgzhies4",
        "items": [
          {
            "etag": "ldeHf79hlEnDFfBu_nerfrpMVxD_i555v2LWwI_OR38",
            "key": "secret",
            "label": "prod",
            "content_type": "application/vnd.microsoft.appconfig.keyvaultref\u002Bjson;charset=utf-8",
            "value": "{\u0022uri\u0022:\u0022https://fake-keyvault.vault.azure.net/secrets/fake-secret/\u0022}",
            "tags": {},
            "locked": false,
            "last_modified": "2024-03-28T18:59:23\u002B00:00"
          }
        ]
      }
    },
    {
      "RequestUri": "https://fake-keyvault.vault.azure.net/secrets/fake-secret/?api-version=1970-01-01",
      "RequestMethod": "GET",
      "RequestHeaders": {
        "Accept": "application/json",
        "Accept-Encoding": "gzip, deflate",
        "User-Agent": "azsdk-python-keyvault-secrets/4.8.1 Python/3.11.8 (Windows-10-10.0.22631-SP0)"
      },
      "RequestBody": null,
      "StatusCode": 200,
      "ResponseHeaders": {
        "Cache-Control": "no-cache",
        "Content-Length": "270",
        "Content-Type": "application/json; charset=utf-8",
        "Date": "Thu, 28 Mar 2024 18:59:24 GMT",
        "Expires": "-1",
        "Pragma": "no-cache",
        "Strict-Transport-Security": "max-age=31536000;includeSubDomains",
        "X-Content-Type-Options": "nosniff",
        "x-ms-keyvault-network-info": "conn_type=Ipv4;addr=4.155.25.78;act_addr_fam=InterNetwork;",
        "x-ms-keyvault-region": "northcentralus",
        "x-ms-keyvault-service-version": "1.9.1380.1"
      },
      "ResponseBody": {
        "value": "Very secret value",
        "id": "https://fake-keyvault.vault.azure.net/secrets/fake-secret/30d8830ec5ed4a428d311292a826f452",
        "attributes": {
          "enabled": true,
          "created": 1697584056,
          "updated": 1697584056,
          "recoveryLevel": "Recoverable\u002BPurgeable",
          "recoverableDays": 90
        },
        "tags": {}
      }
    }
  ],
  "Variables": {}
}
