{
  "Entries": [
    {
      "RequestUri": "https://Sanitized.azconfig.io/kv/message?api-version=1970-01-01",
      "RequestMethod": "PUT",
      "RequestHeaders": {
        "Accept": "*/*",
        "Accept-Encoding": "gzip, deflate",
        "Connection": "keep-alive",
        "Content-Length": "94",
        "Content-Type": "application/json",
        "User-Agent": "azsdk-python-appconfiguration/1.7.2 Python/3.11.9 (Windows-10-10.0.26100-SP0)"
      },
      "RequestBody": {
        "key": "message",
        "label": "\u0000",
        "value": "hi",
        "content_type": "text/plain",
        "tags": {}
      },
      "StatusCode": 200,
      "ResponseHeaders": {
        "Access-Control-Allow-Origin": "*",
        "Connection": "keep-alive",
        "Content-Type": "application/vnd.microsoft.appconfig.kv+json; charset=utf-8",
        "Date": "Fri, 07 Mar 2025 20:50:02 GMT",
        "ETag": "\"V0kS0CukgwqCDGqhMQwteUswbVpfevrqSHZgjl_vSIE\"",
        "Last-Modified": "Fri, 07 Mar 2025 20:50:02 GMT",
        "Strict-Transport-Security": "max-age=31536000; includeSubDomains",
        "Transfer-Encoding": "chunked",
        "x-ms-correlation-request-id": "5e9a8701-3d33-4f22-9d49-7b96ce05c562"
      },
      "ResponseBody": {
        "etag": "Sanitized",
        "key": "message",
        "label": null,
        "content_type": "text/plain",
        "value": "hi",
        "tags": {},
        "locked": false,
        "last_modified": "2025-03-07T20:50:02+00:00"
      }
    },
    {
      "RequestUri": "https://Sanitized.azconfig.io/kv/message?api-version=1970-01-01",
      "RequestMethod": "PUT",
      "RequestHeaders": {
        "Accept": "*/*",
        "Accept-Encoding": "gzip, deflate",
        "Connection": "keep-alive",
        "Content-Length": "93",
        "Content-Type": "application/json",
        "User-Agent": "azsdk-python-appconfiguration/1.7.2 Python/3.11.9 (Windows-10-10.0.26100-SP0)"
      },
      "RequestBody": {
        "key": "message",
        "label": "dev",
        "value": "test",
        "content_type": "text/plain",
        "tags": {}
      },
      "StatusCode": 200,
      "ResponseHeaders": {
        "Access-Control-Allow-Origin": "*",
        "Connection": "keep-alive",
        "Content-Type": "application/vnd.microsoft.appconfig.kv+json; charset=utf-8",
        "Date": "Fri, 07 Mar 2025 20:50:02 GMT",
        "ETag": "\"7kt_sk0EmVT54Oe4gIOpFB0tI4BnO0qu1l6bSlhX29s\"",
        "Last-Modified": "Fri, 07 Mar 2025 20:50:02 GMT",
        "Strict-Transport-Security": "max-age=31536000; includeSubDomains",
        "Transfer-Encoding": "chunked",
        "x-ms-correlation-request-id": "8b06abef-390c-4421-8df5-5a5a74fc7dad"
      },
      "ResponseBody": {
        "etag": "Sanitized",
        "key": "message",
        "label": "dev",
        "content_type": "text/plain",
        "value": "test",
        "tags": {},
        "locked": false,
        "last_modified": "2025-03-07T20:50:02+00:00"
      }
    },
    {
      "RequestUri": "https://Sanitized.azconfig.io/kv/my_json?api-version=1970-01-01",
      "RequestMethod": "PUT",
      "RequestHeaders": {
        "Accept": "*/*",
        "Accept-Encoding": "gzip, deflate",
        "Connection": "keep-alive",
        "Content-Length": "118",
        "Content-Type": "application/json",
        "User-Agent": "azsdk-python-appconfiguration/1.7.2 Python/3.11.9 (Windows-10-10.0.26100-SP0)"
      },
      "RequestBody": {
        "key": "my_json",
        "label": "\u0000",
        "value": "{\"key\": \"value\"}",
        "content_type": "application/json",
        "tags": {}
      },
      "StatusCode": 200,
      "ResponseHeaders": {
        "Access-Control-Allow-Origin": "*",
        "Connection": "keep-alive",
        "Content-Type": "application/vnd.microsoft.appconfig.kv+json; charset=utf-8",
        "Date": "Fri, 07 Mar 2025 20:50:02 GMT",
        "ETag": "\"e1RJKbZ7DWwWUGJf19rVcl084Z-O8ysflbbpzntDniI\"",
        "Last-Modified": "Fri, 07 Mar 2025 20:50:02 GMT",
        "Strict-Transport-Security": "max-age=31536000; includeSubDomains",
        "Transfer-Encoding": "chunked",
        "x-ms-correlation-request-id": "23dc968b-4f8b-4603-9c33-5ec1f1e45f7e"
      },
      "ResponseBody": {
        "etag": "Sanitized",
        "key": "my_json",
        "label": null,
        "content_type": "application/json",
        "value": "{\"key\": \"value\"}",
        "tags": {},
        "locked": false,
        "last_modified": "2025-03-07T20:50:02+00:00"
      }
    },
    {
      "RequestUri": "https://Sanitized.azconfig.io/kv/test.trimmed?api-version=1970-01-01",
      "RequestMethod": "PUT",
      "RequestHeaders": {
        "Accept": "*/*",
        "Accept-Encoding": "gzip, deflate",
        "Connection": "keep-alive",
        "Content-Length": "100",
        "Content-Type": "application/json",
        "User-Agent": "azsdk-python-appconfiguration/1.7.2 Python/3.11.9 (Windows-10-10.0.26100-SP0)"
      },
      "RequestBody": {
        "key": "test.trimmed",
        "label": "\u0000",
        "value": "key",
        "content_type": "text/plain",
        "tags": {}
      },
      "StatusCode": 200,
      "ResponseHeaders": {
        "Access-Control-Allow-Origin": "*",
        "Connection": "keep-alive",
        "Content-Type": "application/vnd.microsoft.appconfig.kv+json; charset=utf-8",
        "Date": "Fri, 07 Mar 2025 20:50:02 GMT",
        "ETag": "\"4k8x9rtXLNqMhLgIQASpJXMLWS0hzCzVdrKFy1mJ5sM\"",
        "Last-Modified": "Fri, 07 Mar 2025 20:50:02 GMT",
        "Strict-Transport-Security": "max-age=31536000; includeSubDomains",
        "Transfer-Encoding": "chunked",
        "x-ms-correlation-request-id": "2aecf0c5-f487-4180-836e-fb219d2dda1c"
      },
      "ResponseBody": {
        "etag": "Sanitized",
        "key": "test.trimmed",
        "label": null,
        "content_type": "text/plain",
        "value": "key",
        "tags": {},
        "locked": false,
        "last_modified": "2025-03-07T20:50:02+00:00"
      }
    },
    {
      "RequestUri": "https://Sanitized.azconfig.io/kv/refresh_message?api-version=1970-01-01",
      "RequestMethod": "PUT",
      "RequestHeaders": {
        "Accept": "*/*",
        "Accept-Encoding": "gzip, deflate",
        "Connection": "keep-alive",
        "Content-Length": "114",
        "Content-Type": "application/json",
        "User-Agent": "azsdk-python-appconfiguration/1.7.2 Python/3.11.9 (Windows-10-10.0.26100-SP0)"
      },
      "RequestBody": {
        "key": "refresh_message",
        "label": "\u0000",
        "value": "original value",
        "content_type": "text/plain",
        "tags": {}
      },
      "StatusCode": 200,
      "ResponseHeaders": {
        "Access-Control-Allow-Origin": "*",
        "Connection": "keep-alive",
        "Content-Type": "application/vnd.microsoft.appconfig.kv+json; charset=utf-8",
        "Date": "Fri, 07 Mar 2025 20:50:02 GMT",
        "ETag": "\"NBG63SyvAKuXTS7GZYWK37TbtuLb3zd3KVY-f6HQVuk\"",
        "Last-Modified": "Fri, 07 Mar 2025 20:50:02 GMT",
        "Strict-Transport-Security": "max-age=31536000; includeSubDomains",
        "Transfer-Encoding": "chunked",
        "x-ms-correlation-request-id": "929780f2-a1cc-4796-a80f-bfc10af6a0c5"
      },
      "ResponseBody": {
        "etag": "Sanitized",
        "key": "refresh_message",
        "label": null,
        "content_type": "text/plain",
        "value": "original value",
        "tags": {},
        "locked": false,
        "last_modified": "2025-03-07T20:50:02+00:00"
      }
    },
    {
      "RequestUri": "https://Sanitized.azconfig.io/kv/non_refreshed_message?api-version=1970-01-01",
      "RequestMethod": "PUT",
      "RequestHeaders": {
        "Accept": "*/*",
        "Accept-Encoding": "gzip, deflate",
        "Connection": "keep-alive",
        "Content-Length": "112",
        "Content-Type": "application/json",
        "User-Agent": "azsdk-python-appconfiguration/1.7.2 Python/3.11.9 (Windows-10-10.0.26100-SP0)"
      },
      "RequestBody": {
        "key": "non_refreshed_message",
        "label": "\u0000",
        "value": "Static",
        "content_type": "text/plain",
        "tags": {}
      },
      "StatusCode": 200,
      "ResponseHeaders": {
        "Access-Control-Allow-Origin": "*",
        "Connection": "keep-alive",
        "Content-Type": "application/vnd.microsoft.appconfig.kv+json; charset=utf-8",
        "Date": "Fri, 07 Mar 2025 20:50:02 GMT",
        "ETag": "\"N61ihxTbsgK6FgSGEk6HREfOcX50CFbeaKaRe6SYQXU\"",
        "Last-Modified": "Fri, 07 Mar 2025 20:50:02 GMT",
        "Strict-Transport-Security": "max-age=31536000; includeSubDomains",
        "Transfer-Encoding": "chunked",
        "x-ms-correlation-request-id": "cc43079f-ecbb-449f-86b2-98fce95de8e3"
      },
      "ResponseBody": {
        "etag": "Sanitized",
        "key": "non_refreshed_message",
        "label": null,
        "content_type": "text/plain",
        "value": "Static",
        "tags": {},
        "locked": false,
        "last_modified": "2025-03-07T20:50:02+00:00"
      }
    },
    {
      "RequestUri": "https://Sanitized.azconfig.io/kv/.appconfig.featureflag%2FAlpha?api-version=1970-01-01",
      "RequestMethod": "PUT",
      "RequestHeaders": {
        "Accept": "*/*",
        "Accept-Encoding": "gzip, deflate",
        "Connection": "keep-alive",
        "Content-Length": "270",
        "Content-Type": "application/json",
        "User-Agent": "azsdk-python-appconfiguration/1.7.2 Python/3.11.9 (Windows-10-10.0.26100-SP0)"
      },
      "RequestBody": {
        "key": ".appconfig.featureflag/Alpha",
        "label": "\u0000",
        "value": "{\t\"id\": \"Alpha\", \"description\": \"\", \"enabled\": false, \"conditions\": {\t\"client_filters\": []\t}}",
        "content_type": "application/vnd.microsoft.appconfig.ff+json;charset=utf-8",
        "tags": {}
      },
      "StatusCode": 200,
      "ResponseHeaders": {
        "Access-Control-Allow-Origin": "*",
        "Connection": "keep-alive",
        "Content-Type": "application/vnd.microsoft.appconfig.kv+json; charset=utf-8",
        "Date": "Fri, 07 Mar 2025 20:50:02 GMT",
        "ETag": "\"rQFWUmozWtYxJZIXP9CGTzseCH7El_qhy454MKavLmU\"",
        "Last-Modified": "Fri, 07 Mar 2025 20:50:02 GMT",
        "Strict-Transport-Security": "max-age=31536000; includeSubDomains",
        "Transfer-Encoding": "chunked",
        "x-ms-correlation-request-id": "2735e681-528c-4036-9036-2d52aa997811"
      },
      "ResponseBody": {
        "etag": "Sanitized",
        "key": ".appconfig.featureflag/Alpha",
        "label": null,
        "content_type": "application/vnd.microsoft.appconfig.ff+json;charset=utf-8",
        "value": "{\t\"id\": \"Alpha\", \"description\": \"\", \"enabled\": false, \"conditions\": {\t\"client_filters\": []\t}}",
        "tags": {},
        "locked": false,
        "last_modified": "2025-03-07T20:50:02+00:00"
      }
    },
    {
      "RequestUri": "https://Sanitized.azconfig.io/kv/secret?api-version=1970-01-01",
      "RequestMethod": "PUT",
      "RequestHeaders": {
        "Accept": "*/*",
        "Accept-Encoding": "gzip, deflate",
        "Connection": "keep-alive",
        "Content-Length": "213",
        "Content-Type": "application/json",
        "User-Agent": "azsdk-python-appconfiguration/1.7.2 Python/3.11.9 (Windows-10-10.0.26100-SP0)"
      },
      "RequestBody": {
        "key": "secret",
        "label": "prod",
        "value": "{\"uri\":\"https://Sanitized.vault.azure.net/secrets/fake-secret/\"}",
        "content_type": "application/vnd.microsoft.appconfig.keyvaultref+json;charset=utf-8",
        "tags": {}
      },
      "StatusCode": 200,
      "ResponseHeaders": {
        "Access-Control-Allow-Origin": "*",
        "Connection": "keep-alive",
        "Content-Type": "application/vnd.microsoft.appconfig.kv+json; charset=utf-8",
        "Date": "Fri, 07 Mar 2025 20:50:02 GMT",
        "ETag": "\"NwHzHqium76-AutaF9Lt9q0dDLJTBg-dvtYoJ45C8Jw\"",
        "Last-Modified": "Fri, 07 Mar 2025 20:50:02 GMT",
        "Strict-Transport-Security": "max-age=31536000; includeSubDomains",
        "Transfer-Encoding": "chunked",
        "x-ms-correlation-request-id": "1ac9f6cc-1b8d-4fd5-973c-fc506e69f5ed"
      },
      "ResponseBody": {
        "etag": "Sanitized",
        "key": "secret",
        "label": "prod",
        "content_type": "application/vnd.microsoft.appconfig.keyvaultref+json;charset=utf-8",
        "value": "{\"uri\":\"https://Sanitized.vault.azure.net/secrets/fake-secret/\"}",
        "tags": {},
        "locked": false,
        "last_modified": "2025-03-07T20:50:02+00:00"
      }
    },
    {
      "RequestUri": "https://Sanitized.azconfig.io/kv?api-version=1970-01-01",
      "RequestMethod": "GET",
      "RequestHeaders": {
        "Accept": "*/*",
        "Accept-Encoding": "gzip, deflate",
        "Connection": "keep-alive",
        "User-Agent": "SDK/Integration SDK/Integration python-appconfiguration-provider/2.0.1 azsdk-python-appconfiguration/1.7.2 Python/3.11.9 (Windows-10-10.0.26100-SP0)"
      },
      "RequestBody": null,
      "StatusCode": 200,
      "ResponseHeaders": {
        "Access-Control-Allow-Origin": "*",
        "Connection": "keep-alive",
        "Content-Type": "application/vnd.microsoft.appconfig.kvset+json; charset=utf-8",
        "Date": "Fri, 07 Mar 2025 20:50:04 GMT",
        "ETag": "\"YaMI8AR7Ta2kxlztBhA4qg2GidVbmSGm3sHXnR2KiTo\"",
        "Strict-Transport-Security": "max-age=31536000; includeSubDomains",
        "Transfer-Encoding": "chunked",
        "x-ms-correlation-request-id": "7c4e3cfe-ec60-4e6d-a36a-fc16aff6caf3"
      },
      "ResponseBody": {
        "etag": "Sanitized",
        "items": [
          {
            "etag": "Sanitized",
            "key": ".appconfig.featureflag/Alpha",
            "label": null,
            "content_type": "application/vnd.microsoft.appconfig.ff+json;charset=utf-8",
            "value": "{\t\"id\": \"Alpha\", \"description\": \"\", \"enabled\": false, \"conditions\": {\t\"client_filters\": []\t}}",
            "tags": {},
            "locked": false,
            "last_modified": "2025-03-07T20:50:02+00:00"
          },
          {
            "etag": "Sanitized",
            "key": ".appconfig.featureflag/Beta",
            "label": null,
            "content_type": "application/vnd.microsoft.appconfig.ff+json;charset=utf-8",
            "value": "{\"id\":\"Beta\",\"enabled\":true,\"conditions\":{\"client_filters\":[]},\"display_name\":null,\"description\":null,\"telemetry\":{\"enabled\":true}}",
            "tags": {},
            "locked": false,
            "last_modified": "2025-02-24T18:04:36+00:00"
          },
          {
            "etag": "Sanitized",
            "key": ".appconfig.featureflag/Greeting",
            "label": null,
            "content_type": "application/vnd.microsoft.appconfig.ff+json;charset=utf-8",
            "value": "{\"id\":\"Greeting\",\"enabled\":false,\"variants\":[{\"name\":\"Off\",\"configuration_value\":false},{\"name\":\"On\",\"configuration_value\":true}],\"allocation\":{\"percentile\":[{\"variant\":\"Off\",\"from\":0,\"to\":100}],\"default_when_enabled\":\"Off\",\"default_when_disabled\":\"Off\"},\"telemetry\":{\"enabled\":false}}",
            "tags": {},
            "locked": false,
            "last_modified": "2025-03-05T18:16:16+00:00"
          },
          {
            "etag": "Sanitized",
            "key": ".appconfig.featureflag/ID Test",
            "label": null,
            "content_type": "application/vnd.microsoft.appconfig.ff+json;charset=utf-8",
            "value": "{\"id\":\"IDTest\",\"description\":\"\",\"enabled\":true,\"conditions\":{\"client_filters\":[]}}",
            "tags": {},
            "locked": false,
            "last_modified": "2024-08-27T18:43:08+00:00"
          },
          {
            "etag": "Sanitized",
            "key": ".appconfig.featureflag/SpaceTest",
            "label": null,
            "content_type": "application/vnd.microsoft.appconfig.ff+json;charset=utf-8",
            "value": "{\"id\": \"There is a space in the feature id\", \"enabled\": true, \"conditions\": {\"client_filters\": []}, \"display_name\": null, \"description\": null}",
            "tags": {},
            "locked": false,
            "last_modified": "2024-08-15T18:44:29+00:00"
          },
          {
            "etag": "Sanitized",
            "key": ".appconfig.featureflag/TWF",
            "label": null,
            "content_type": "application/vnd.microsoft.appconfig.ff+json;charset=utf-8",
            "value": "{\"id\":\"TWF\",\"description\":\"\",\"enabled\":true,\"conditions\":{\"client_filters\":[{\"name\":\"Microsoft.TimeWindow\",\"parameters\":{\"Start\":\"Fri, 13 Dec 2024 08:00:00 GMT\",\"End\":\"Sat, 21 Dec 2024 08:00:00 GMT\",\"Recurrence\":{\"Pattern\":{\"Type\":\"Weekly\",\"Interval\":1,\"FirstDayOfWeek\":\"Sunday\",\"DaysOfWeek\":[\"Friday\"]},\"Range\":{\"Type\":\"NoEnd\"}}}}]}}",
            "tags": {},
            "locked": false,
            "last_modified": "2024-12-13T20:20:21+00:00"
          },
          {
            "etag": "Sanitized",
            "key": ".appconfig.featureflag/TelTest",
            "label": null,
            "content_type": "application/vnd.microsoft.appconfig.ff+json;charset=utf-8",
            "value": "{\"id\":\"TelTest\",\"enabled\":true,\"variants\":[{\"name\":\"Off\",\"configuration_value\":false},{\"name\":\"On\",\"configuration_value\":true}],\"allocation\":{\"percentile\":[{\"variant\":\"Off\",\"from\":0,\"to\":100}],\"default_when_enabled\":\"Off\",\"default_when_disabled\":\"Off\"},\"telemetry\":{\"enabled\":true}}",
            "tags": {},
            "locked": false,
            "last_modified": "2025-02-11T06:37:32+00:00"
          },
          {
            "etag": "Sanitized",
            "key": ".appconfig.featureflag/jkf",
            "label": null,
            "content_type": "application/vnd.microsoft.appconfig.ff+json;charset=utf-8",
            "value": "{\"id\":\"jkf\",\"description\":\"\",\"enabled\":true,\"conditions\":{\"client_filters\":[{\"name\":\"Microsoft.Targeting\",\"parameters\":{\"Audience\":{\"Users\":[\"gkl\"],\"Groups\":[{\"Name\":\"fk\",\"RolloutPercentage\":49}],\"DefaultRolloutPercentage\":50}}}]}}",
            "tags": {},
            "locked": false,
            "last_modified": "2024-08-29T17:38:18+00:00"
          },
          {
            "etag": "Sanitized",
            "key": "/application/config.message",
            "label": null,
            "content_type": "",
            "value": "application",
            "tags": {},
            "locked": false,
            "last_modified": "2024-09-03T18:43:06+00:00"
          },
          {
            "etag": "Sanitized",
            "key": "/custom/config.message",
            "label": null,
            "content_type": "",
            "value": "custom",
            "tags": {},
            "locked": false,
            "last_modified": "2024-09-03T18:38:58+00:00"
          },
          {
            "etag": "Sanitized",
            "key": "TestApp:Settings:Message",
            "label": null,
            "content_type": "",
            "value": "Data from Azure App Configuration",
            "tags": {},
            "locked": false,
            "last_modified": "2024-08-15T17:18:49+00:00"
          },
          {
            "etag": "Sanitized",
            "key": "app.greeting",
            "label": null,
            "content_type": "",
            "value": "Hello World",
            "tags": {},
            "locked": false,
            "last_modified": "2024-08-15T16:38:17+00:00"
          },
          {
            "etag": "Sanitized",
            "key": "app.json",
            "label": null,
            "content_type": "application/json",
            "value": "{\"myKey\":\"myValue\"}",
            "tags": {},
            "locked": false,
            "last_modified": "2024-08-15T16:38:43+00:00"
          },
          {
            "etag": "Sanitized",
            "key": "message",
            "label": null,
            "content_type": "text/plain",
            "value": "hi",
            "tags": {},
            "locked": false,
            "last_modified": "2025-03-07T20:50:02+00:00"
          },
          {
            "etag": "Sanitized",
            "key": "my_json",
            "label": null,
            "content_type": "application/json",
            "value": "{\"key\": \"value\"}",
            "tags": {},
            "locked": false,
            "last_modified": "2025-03-07T20:50:02+00:00"
          },
          {
            "etag": "Sanitized",
            "key": "non_refreshed_message",
            "label": null,
            "content_type": "text/plain",
            "value": "Static",
            "tags": {},
            "locked": false,
            "last_modified": "2025-03-07T20:50:02+00:00"
          },
          {
            "etag": "Sanitized",
            "key": "refresh_message",
            "label": null,
            "content_type": "text/plain",
            "value": "original value",
            "tags": {},
            "locked": false,
            "last_modified": "2025-03-07T20:50:02+00:00"
          },
          {
            "etag": "Sanitized",
            "key": "test.trimmed",
            "label": null,
            "content_type": "text/plain",
            "value": "key",
            "tags": {},
            "locked": false,
            "last_modified": "2025-03-07T20:50:02+00:00"
          }
        ]
      }
    },
    {
      "RequestUri": "https://Sanitized.azconfig.io/kv?api-version=1970-01-01",
      "RequestMethod": "GET",
      "RequestHeaders": {
        "Accept": "*/*",
        "Accept-Encoding": "gzip, deflate",
        "Connection": "keep-alive",
        "User-Agent": "SDK/Integration SDK/Integration python-appconfiguration-provider/2.0.1 azsdk-python-appconfiguration/1.7.2 Python/3.11.9 (Windows-10-10.0.26100-SP0)"
      },
      "RequestBody": null,
      "StatusCode": 200,
      "ResponseHeaders": {
        "Access-Control-Allow-Origin": "*",
        "Connection": "keep-alive",
        "Content-Type": "application/vnd.microsoft.appconfig.kvset+json; charset=utf-8",
        "Date": "Fri, 07 Mar 2025 20:50:04 GMT",
        "ETag": "\"kO8hrxHmtwnu4e-02hJ20cMC6s54DRemCpKh5WK50dQ\"",
        "Strict-Transport-Security": "max-age=31536000; includeSubDomains",
        "Transfer-Encoding": "chunked",
        "x-ms-correlation-request-id": "9bf024ca-86fd-4db2-a2cb-9fdfaa07e768"
      },
      "ResponseBody": {
        "etag": "Sanitized",
        "items": [
          {
            "etag": "Sanitized",
            "key": ".appconfig.featureflag/Alpha",
            "label": null,
            "content_type": "application/vnd.microsoft.appconfig.ff+json;charset=utf-8",
            "value": "{\t\"id\": \"Alpha\", \"description\": \"\", \"enabled\": false, \"conditions\": {\t\"client_filters\": []\t}}",
            "tags": {},
            "locked": false,
            "last_modified": "2025-03-07T20:50:02+00:00"
          },
          {
            "etag": "Sanitized",
            "key": ".appconfig.featureflag/Beta",
            "label": null,
            "content_type": "application/vnd.microsoft.appconfig.ff+json;charset=utf-8",
            "value": "{\"id\":\"Beta\",\"enabled\":true,\"conditions\":{\"client_filters\":[]},\"display_name\":null,\"description\":null,\"telemetry\":{\"enabled\":true}}",
            "tags": {},
            "locked": false,
            "last_modified": "2025-02-24T18:04:36+00:00"
          },
          {
            "etag": "Sanitized",
            "key": ".appconfig.featureflag/Greeting",
            "label": null,
            "content_type": "application/vnd.microsoft.appconfig.ff+json;charset=utf-8",
            "value": "{\"id\":\"Greeting\",\"enabled\":false,\"variants\":[{\"name\":\"Off\",\"configuration_value\":false},{\"name\":\"On\",\"configuration_value\":true}],\"allocation\":{\"percentile\":[{\"variant\":\"Off\",\"from\":0,\"to\":100}],\"default_when_enabled\":\"Off\",\"default_when_disabled\":\"Off\"},\"telemetry\":{\"enabled\":false}}",
            "tags": {},
            "locked": false,
            "last_modified": "2025-03-05T18:16:16+00:00"
          },
          {
            "etag": "Sanitized",
            "key": ".appconfig.featureflag/ID Test",
            "label": null,
            "content_type": "application/vnd.microsoft.appconfig.ff+json;charset=utf-8",
            "value": "{\"id\":\"IDTest\",\"description\":\"\",\"enabled\":true,\"conditions\":{\"client_filters\":[]}}",
            "tags": {},
            "locked": false,
            "last_modified": "2024-08-27T18:43:08+00:00"
          },
          {
            "etag": "Sanitized",
            "key": ".appconfig.featureflag/SpaceTest",
            "label": null,
            "content_type": "application/vnd.microsoft.appconfig.ff+json;charset=utf-8",
            "value": "{\"id\": \"There is a space in the feature id\", \"enabled\": true, \"conditions\": {\"client_filters\": []}, \"display_name\": null, \"description\": null}",
            "tags": {},
            "locked": false,
            "last_modified": "2024-08-15T18:44:29+00:00"
          },
          {
            "etag": "Sanitized",
            "key": ".appconfig.featureflag/TWF",
            "label": null,
            "content_type": "application/vnd.microsoft.appconfig.ff+json;charset=utf-8",
            "value": "{\"id\":\"TWF\",\"description\":\"\",\"enabled\":true,\"conditions\":{\"client_filters\":[{\"name\":\"Microsoft.TimeWindow\",\"parameters\":{\"Start\":\"Fri, 13 Dec 2024 08:00:00 GMT\",\"End\":\"Sat, 21 Dec 2024 08:00:00 GMT\",\"Recurrence\":{\"Pattern\":{\"Type\":\"Weekly\",\"Interval\":1,\"FirstDayOfWeek\":\"Sunday\",\"DaysOfWeek\":[\"Friday\"]},\"Range\":{\"Type\":\"NoEnd\"}}}}]}}",
            "tags": {},
            "locked": false,
            "last_modified": "2024-12-13T20:20:21+00:00"
          },
          {
            "etag": "Sanitized",
            "key": ".appconfig.featureflag/TelTest",
            "label": null,
            "content_type": "application/vnd.microsoft.appconfig.ff+json;charset=utf-8",
            "value": "{\"id\":\"TelTest\",\"enabled\":true,\"variants\":[{\"name\":\"Off\",\"configuration_value\":false},{\"name\":\"On\",\"configuration_value\":true}],\"allocation\":{\"percentile\":[{\"variant\":\"Off\",\"from\":0,\"to\":100}],\"default_when_enabled\":\"Off\",\"default_when_disabled\":\"Off\"},\"telemetry\":{\"enabled\":true}}",
            "tags": {},
            "locked": false,
            "last_modified": "2025-02-11T06:37:32+00:00"
          },
          {
            "etag": "Sanitized",
            "key": ".appconfig.featureflag/jkf",
            "label": null,
            "content_type": "application/vnd.microsoft.appconfig.ff+json;charset=utf-8",
            "value": "{\"id\":\"jkf\",\"description\":\"\",\"enabled\":true,\"conditions\":{\"client_filters\":[{\"name\":\"Microsoft.Targeting\",\"parameters\":{\"Audience\":{\"Users\":[\"gkl\"],\"Groups\":[{\"Name\":\"fk\",\"RolloutPercentage\":49}],\"DefaultRolloutPercentage\":50}}}]}}",
            "tags": {},
            "locked": false,
            "last_modified": "2024-08-29T17:38:18+00:00"
          }
        ]
      }
    },
    {
      "RequestUri": "https://Sanitized.azconfig.io/kv/refresh_message?api-version=1970-01-01",
      "RequestMethod": "GET",
      "RequestHeaders": {
        "Accept": "*/*",
        "Accept-Encoding": "gzip, deflate",
        "Connection": "keep-alive",
        "User-Agent": "SDK/Integration python-appconfiguration-provider/2.0.1 azsdk-python-appconfiguration/1.7.2 Python/3.11.9 (Windows-10-10.0.26100-SP0)"
      },
      "RequestBody": null,
      "StatusCode": 200,
      "ResponseHeaders": {
        "Access-Control-Allow-Origin": "*",
        "Connection": "keep-alive",
        "Content-Type": "application/vnd.microsoft.appconfig.kv+json; charset=utf-8",
        "Date": "Fri, 07 Mar 2025 20:50:04 GMT",
        "ETag": "\"NBG63SyvAKuXTS7GZYWK37TbtuLb3zd3KVY-f6HQVuk\"",
        "Last-Modified": "Fri, 07 Mar 2025 20:50:02 GMT",
        "Strict-Transport-Security": "max-age=31536000; includeSubDomains",
        "Transfer-Encoding": "chunked",
        "x-ms-correlation-request-id": "fcf1267b-e4a3-44a0-bea8-4cadca1cd992"
      },
      "ResponseBody": {
        "etag": "Sanitized",
        "key": "refresh_message",
        "label": null,
        "content_type": "text/plain",
        "value": "original value",
        "tags": {},
        "locked": false,
        "last_modified": "2025-03-07T20:50:02+00:00"
      }
    },
    {
      "RequestUri": "https://Sanitized.azconfig.io/kv/refresh_message?api-version=1970-01-01",
      "RequestMethod": "GET",
      "RequestHeaders": {
        "Accept": "*/*",
        "Accept-Encoding": "gzip, deflate",
        "Connection": "keep-alive",
        "User-Agent": "SDK/Integration azsdk-python-appconfiguration/1.7.2 Python/3.11.9 (Windows-10-10.0.26100-SP0)"
      },
      "RequestBody": null,
      "StatusCode": 200,
      "ResponseHeaders": {
        "Access-Control-Allow-Origin": "*",
        "Connection": "keep-alive",
        "Content-Type": "application/vnd.microsoft.appconfig.kv+json; charset=utf-8",
        "Date": "Fri, 07 Mar 2025 20:50:05 GMT",
        "ETag": "\"NBG63SyvAKuXTS7GZYWK37TbtuLb3zd3KVY-f6HQVuk\"",
        "Last-Modified": "Fri, 07 Mar 2025 20:50:02 GMT",
        "Strict-Transport-Security": "max-age=31536000; includeSubDomains",
        "Transfer-Encoding": "chunked",
        "x-ms-correlation-request-id": "8b77c4a1-a7a2-4a9d-ba23-0f80536a1038"
      },
      "ResponseBody": {
        "etag": "Sanitized",
        "key": "refresh_message",
        "label": null,
        "content_type": "text/plain",
        "value": "original value",
        "tags": {},
        "locked": false,
        "last_modified": "2025-03-07T20:50:02+00:00"
      }
    },
    {
      "RequestUri": "https://Sanitized.azconfig.io/kv/.appconfig.featureflag%2FAlpha?api-version=1970-01-01",
      "RequestMethod": "GET",
      "RequestHeaders": {
        "Accept": "*/*",
        "Accept-Encoding": "gzip, deflate",
        "Connection": "keep-alive",
        "User-Agent": "SDK/Integration azsdk-python-appconfiguration/1.7.2 Python/3.11.9 (Windows-10-10.0.26100-SP0)"
      },
      "RequestBody": null,
      "StatusCode": 200,
      "ResponseHeaders": {
        "Access-Control-Allow-Origin": "*",
        "Connection": "keep-alive",
        "Content-Type": "application/vnd.microsoft.appconfig.kv+json; charset=utf-8",
        "Date": "Fri, 07 Mar 2025 20:50:05 GMT",
        "ETag": "\"rQFWUmozWtYxJZIXP9CGTzseCH7El_qhy454MKavLmU\"",
        "Last-Modified": "Fri, 07 Mar 2025 20:50:02 GMT",
        "Strict-Transport-Security": "max-age=31536000; includeSubDomains",
        "Transfer-Encoding": "chunked",
        "x-ms-correlation-request-id": "284fe76e-6898-4b26-bd00-09a141dec72d"
      },
      "ResponseBody": {
        "etag": "Sanitized",
        "key": ".appconfig.featureflag/Alpha",
        "label": null,
        "content_type": "application/vnd.microsoft.appconfig.ff+json;charset=utf-8",
        "value": "{\t\"id\": \"Alpha\", \"description\": \"\", \"enabled\": false, \"conditions\": {\t\"client_filters\": []\t}}",
        "tags": {},
        "locked": false,
        "last_modified": "2025-03-07T20:50:02+00:00"
      }
    },
    {
      "RequestUri": "https://Sanitized.azconfig.io/kv/refresh_message?api-version=1970-01-01",
      "RequestMethod": "PUT",
      "RequestHeaders": {
        "Accept": "*/*",
        "Accept-Encoding": "gzip, deflate",
        "Connection": "keep-alive",
        "Content-Length": "160",
        "Content-Type": "application/json",
        "User-Agent": "SDK/Integration azsdk-python-appconfiguration/1.7.2 Python/3.11.9 (Windows-10-10.0.26100-SP0)"
      },
      "RequestBody": {
        "key": "refresh_message",
        "value": "updated value",
        "content_type": "text/plain",
        "last_modified": "2025-03-07T20:50:02Z",
        "tags": {},
        "locked": false,
        "etag": "Sanitized"
      },
      "StatusCode": 200,
      "ResponseHeaders": {
        "Access-Control-Allow-Origin": "*",
        "Connection": "keep-alive",
        "Content-Type": "application/vnd.microsoft.appconfig.kv+json; charset=utf-8",
        "Date": "Fri, 07 Mar 2025 20:50:06 GMT",
        "ETag": "\"YobMU9slFpQ-_M_HQnsjGP0oSuQwMn5-CJvfen-O_EY\"",
        "Last-Modified": "Fri, 07 Mar 2025 20:50:06 GMT",
        "Strict-Transport-Security": "max-age=31536000; includeSubDomains",
        "Transfer-Encoding": "chunked",
        "x-ms-correlation-request-id": "4b50a4f7-8513-4888-a426-9f4fee0255c5"
      },
      "ResponseBody": {
        "etag": "Sanitized",
        "key": "refresh_message",
        "label": null,
        "content_type": "text/plain",
        "value": "updated value",
        "tags": {},
        "locked": false,
        "last_modified": "2025-03-07T20:50:06+00:00"
      }
    },
    {
      "RequestUri": "https://Sanitized.azconfig.io/kv/.appconfig.featureflag%2FAlpha?api-version=1970-01-01",
      "RequestMethod": "PUT",
      "RequestHeaders": {
        "Accept": "*/*",
        "Accept-Encoding": "gzip, deflate",
        "Connection": "keep-alive",
        "Content-Length": "334",
        "Content-Type": "application/json",
        "User-Agent": "SDK/Integration azsdk-python-appconfiguration/1.7.2 Python/3.11.9 (Windows-10-10.0.26100-SP0)"
      },
      "RequestBody": {
        "key": ".appconfig.featureflag/Alpha",
        "value": "{\"id\": \"Alpha\", \"description\": \"\", \"enabled\": true, \"conditions\": {\"client_filters\": []}, \"display_name\": null}",
        "content_type": "application/vnd.microsoft.appconfig.ff+json;charset=utf-8",
        "last_modified": "2025-03-07T20:50:02Z",
        "tags": {},
        "locked": false,
        "etag": "Sanitized"
      },
      "StatusCode": 200,
      "ResponseHeaders": {
        "Access-Control-Allow-Origin": "*",
        "Connection": "keep-alive",
        "Content-Type": "application/vnd.microsoft.appconfig.kv+json; charset=utf-8",
        "Date": "Fri, 07 Mar 2025 20:50:06 GMT",
        "ETag": "\"_XGozenS8CPzkhpXEP_ZtpLlg8wWuJfT79cG-VIvmdA\"",
        "Last-Modified": "Fri, 07 Mar 2025 20:50:06 GMT",
        "Strict-Transport-Security": "max-age=31536000; includeSubDomains",
        "Transfer-Encoding": "chunked",
        "x-ms-correlation-request-id": "c4e1f266-5fca-4fd0-90b9-fb54a8519d37"
      },
      "ResponseBody": {
        "etag": "Sanitized",
        "key": ".appconfig.featureflag/Alpha",
        "label": null,
        "content_type": "application/vnd.microsoft.appconfig.ff+json;charset=utf-8",
        "value": "{\"id\": \"Alpha\", \"description\": \"\", \"enabled\": true, \"conditions\": {\"client_filters\": []}, \"display_name\": null}",
        "tags": {},
        "locked": false,
        "last_modified": "2025-03-07T20:50:06+00:00"
      }
    },
    {
      "RequestUri": "https://Sanitized.azconfig.io/kv/refresh_message?api-version=1970-01-01",
      "RequestMethod": "GET",
      "RequestHeaders": {
        "Accept": "*/*",
        "Accept-Encoding": "gzip, deflate",
        "Connection": "keep-alive",
        "If-None-Match": "\"NBG63SyvAKuXTS7GZYWK37TbtuLb3zd3KVY-f6HQVuk\"",
        "User-Agent": "SDK/Integration python-appconfiguration-provider/2.0.1 azsdk-python-appconfiguration/1.7.2 Python/3.11.9 (Windows-10-10.0.26100-SP0)"
      },
      "RequestBody": null,
      "StatusCode": 200,
      "ResponseHeaders": {
        "Access-Control-Allow-Origin": "*",
        "Connection": "keep-alive",
        "Content-Type": "application/vnd.microsoft.appconfig.kv+json; charset=utf-8",
        "Date": "Fri, 07 Mar 2025 20:50:08 GMT",
        "ETag": "\"YobMU9slFpQ-_M_HQnsjGP0oSuQwMn5-CJvfen-O_EY\"",
        "Last-Modified": "Fri, 07 Mar 2025 20:50:06 GMT",
        "Strict-Transport-Security": "max-age=31536000; includeSubDomains",
        "Transfer-Encoding": "chunked",
        "x-ms-correlation-request-id": "832b4093-a346-4339-9c49-af3a74285df6"
      },
      "ResponseBody": {
        "etag": "Sanitized",
        "key": "refresh_message",
        "label": null,
        "content_type": "text/plain",
        "value": "updated value",
        "tags": {},
        "locked": false,
        "last_modified": "2025-03-07T20:50:06+00:00"
      }
    },
    {
      "RequestUri": "https://Sanitized.azconfig.io/kv?api-version=1970-01-01",
      "RequestMethod": "GET",
      "RequestHeaders": {
        "Accept": "*/*",
        "Accept-Encoding": "gzip, deflate",
        "Connection": "keep-alive",
        "User-Agent": "SDK/Integration python-appconfiguration-provider/2.0.1 azsdk-python-appconfiguration/1.7.2 Python/3.11.9 (Windows-10-10.0.26100-SP0)"
      },
      "RequestBody": null,
      "StatusCode": 200,
      "ResponseHeaders": {
        "Access-Control-Allow-Origin": "*",
        "Connection": "keep-alive",
        "Content-Type": "application/vnd.microsoft.appconfig.kvset+json; charset=utf-8",
        "Date": "Fri, 07 Mar 2025 20:50:08 GMT",
        "ETag": "\"5wE6Lsw34Fo5kPgI_zuNrHhXBuYyQqDwmsoY9Ph6ixo\"",
        "Strict-Transport-Security": "max-age=31536000; includeSubDomains",
        "Transfer-Encoding": "chunked",
        "x-ms-correlation-request-id": "fdf27561-65bd-455b-98c0-27cadadfec66"
      },
      "ResponseBody": {
        "etag": "Sanitized",
        "items": [
          {
            "etag": "Sanitized",
            "key": ".appconfig.featureflag/Alpha",
            "label": null,
            "content_type": "application/vnd.microsoft.appconfig.ff+json;charset=utf-8",
            "value": "{\"id\": \"Alpha\", \"description\": \"\", \"enabled\": true, \"conditions\": {\"client_filters\": []}, \"display_name\": null}",
            "tags": {},
            "locked": false,
            "last_modified": "2025-03-07T20:50:06+00:00"
          },
          {
            "etag": "Sanitized",
            "key": ".appconfig.featureflag/Beta",
            "label": null,
            "content_type": "application/vnd.microsoft.appconfig.ff+json;charset=utf-8",
            "value": "{\"id\":\"Beta\",\"enabled\":true,\"conditions\":{\"client_filters\":[]},\"display_name\":null,\"description\":null,\"telemetry\":{\"enabled\":true}}",
            "tags": {},
            "locked": false,
            "last_modified": "2025-02-24T18:04:36+00:00"
          },
          {
            "etag": "Sanitized",
            "key": ".appconfig.featureflag/Greeting",
            "label": null,
            "content_type": "application/vnd.microsoft.appconfig.ff+json;charset=utf-8",
            "value": "{\"id\":\"Greeting\",\"enabled\":false,\"variants\":[{\"name\":\"Off\",\"configuration_value\":false},{\"name\":\"On\",\"configuration_value\":true}],\"allocation\":{\"percentile\":[{\"variant\":\"Off\",\"from\":0,\"to\":100}],\"default_when_enabled\":\"Off\",\"default_when_disabled\":\"Off\"},\"telemetry\":{\"enabled\":false}}",
            "tags": {},
            "locked": false,
            "last_modified": "2025-03-05T18:16:16+00:00"
          },
          {
            "etag": "Sanitized",
            "key": ".appconfig.featureflag/ID Test",
            "label": null,
            "content_type": "application/vnd.microsoft.appconfig.ff+json;charset=utf-8",
            "value": "{\"id\":\"IDTest\",\"description\":\"\",\"enabled\":true,\"conditions\":{\"client_filters\":[]}}",
            "tags": {},
            "locked": false,
            "last_modified": "2024-08-27T18:43:08+00:00"
          },
          {
            "etag": "Sanitized",
            "key": ".appconfig.featureflag/SpaceTest",
            "label": null,
            "content_type": "application/vnd.microsoft.appconfig.ff+json;charset=utf-8",
            "value": "{\"id\": \"There is a space in the feature id\", \"enabled\": true, \"conditions\": {\"client_filters\": []}, \"display_name\": null, \"description\": null}",
            "tags": {},
            "locked": false,
            "last_modified": "2024-08-15T18:44:29+00:00"
          },
          {
            "etag": "Sanitized",
            "key": ".appconfig.featureflag/TWF",
            "label": null,
            "content_type": "application/vnd.microsoft.appconfig.ff+json;charset=utf-8",
            "value": "{\"id\":\"TWF\",\"description\":\"\",\"enabled\":true,\"conditions\":{\"client_filters\":[{\"name\":\"Microsoft.TimeWindow\",\"parameters\":{\"Start\":\"Fri, 13 Dec 2024 08:00:00 GMT\",\"End\":\"Sat, 21 Dec 2024 08:00:00 GMT\",\"Recurrence\":{\"Pattern\":{\"Type\":\"Weekly\",\"Interval\":1,\"FirstDayOfWeek\":\"Sunday\",\"DaysOfWeek\":[\"Friday\"]},\"Range\":{\"Type\":\"NoEnd\"}}}}]}}",
            "tags": {},
            "locked": false,
            "last_modified": "2024-12-13T20:20:21+00:00"
          },
          {
            "etag": "Sanitized",
            "key": ".appconfig.featureflag/TelTest",
            "label": null,
            "content_type": "application/vnd.microsoft.appconfig.ff+json;charset=utf-8",
            "value": "{\"id\":\"TelTest\",\"enabled\":true,\"variants\":[{\"name\":\"Off\",\"configuration_value\":false},{\"name\":\"On\",\"configuration_value\":true}],\"allocation\":{\"percentile\":[{\"variant\":\"Off\",\"from\":0,\"to\":100}],\"default_when_enabled\":\"Off\",\"default_when_disabled\":\"Off\"},\"telemetry\":{\"enabled\":true}}",
            "tags": {},
            "locked": false,
            "last_modified": "2025-02-11T06:37:32+00:00"
          },
          {
            "etag": "Sanitized",
            "key": ".appconfig.featureflag/jkf",
            "label": null,
            "content_type": "application/vnd.microsoft.appconfig.ff+json;charset=utf-8",
            "value": "{\"id\":\"jkf\",\"description\":\"\",\"enabled\":true,\"conditions\":{\"client_filters\":[{\"name\":\"Microsoft.Targeting\",\"parameters\":{\"Audience\":{\"Users\":[\"gkl\"],\"Groups\":[{\"Name\":\"fk\",\"RolloutPercentage\":49}],\"DefaultRolloutPercentage\":50}}}]}}",
            "tags": {},
            "locked": false,
            "last_modified": "2024-08-29T17:38:18+00:00"
          },
          {
            "etag": "Sanitized",
            "key": "/application/config.message",
            "label": null,
            "content_type": "",
            "value": "application",
            "tags": {},
            "locked": false,
            "last_modified": "2024-09-03T18:43:06+00:00"
          },
          {
            "etag": "Sanitized",
            "key": "/custom/config.message",
            "label": null,
            "content_type": "",
            "value": "custom",
            "tags": {},
            "locked": false,
            "last_modified": "2024-09-03T18:38:58+00:00"
          },
          {
            "etag": "Sanitized",
            "key": "TestApp:Settings:Message",
            "label": null,
            "content_type": "",
            "value": "Data from Azure App Configuration",
            "tags": {},
            "locked": false,
            "last_modified": "2024-08-15T17:18:49+00:00"
          },
          {
            "etag": "Sanitized",
            "key": "app.greeting",
            "label": null,
            "content_type": "",
            "value": "Hello World",
            "tags": {},
            "locked": false,
            "last_modified": "2024-08-15T16:38:17+00:00"
          },
          {
            "etag": "Sanitized",
            "key": "app.json",
            "label": null,
            "content_type": "application/json",
            "value": "{\"myKey\":\"myValue\"}",
            "tags": {},
            "locked": false,
            "last_modified": "2024-08-15T16:38:43+00:00"
          },
          {
            "etag": "Sanitized",
            "key": "message",
            "label": null,
            "content_type": "text/plain",
            "value": "hi",
            "tags": {},
            "locked": false,
            "last_modified": "2025-03-07T20:50:02+00:00"
          },
          {
            "etag": "Sanitized",
            "key": "my_json",
            "label": null,
            "content_type": "application/json",
            "value": "{\"key\": \"value\"}",
            "tags": {},
            "locked": false,
            "last_modified": "2025-03-07T20:50:02+00:00"
          },
          {
            "etag": "Sanitized",
            "key": "non_refreshed_message",
            "label": null,
            "content_type": "text/plain",
            "value": "Static",
            "tags": {},
            "locked": false,
            "last_modified": "2025-03-07T20:50:02+00:00"
          },
          {
            "etag": "Sanitized",
            "key": "refresh_message",
            "label": null,
            "content_type": "text/plain",
            "value": "updated value",
            "tags": {},
            "locked": false,
            "last_modified": "2025-03-07T20:50:06+00:00"
          },
          {
            "etag": "Sanitized",
            "key": "test.trimmed",
            "label": null,
            "content_type": "text/plain",
            "value": "key",
            "tags": {},
            "locked": false,
            "last_modified": "2025-03-07T20:50:02+00:00"
          }
        ]
      }
    },
    {
      "RequestUri": "https://Sanitized.azconfig.io/kv/.appconfig.featureflag%2FAlpha?api-version=1970-01-01",
      "RequestMethod": "GET",
      "RequestHeaders": {
        "Accept": "*/*",
        "Accept-Encoding": "gzip, deflate",
        "Connection": "keep-alive",
        "If-None-Match": "\"rQFWUmozWtYxJZIXP9CGTzseCH7El_qhy454MKavLmU\"",
        "User-Agent": "SDK/Integration python-appconfiguration-provider/2.0.1 azsdk-python-appconfiguration/1.7.2 Python/3.11.9 (Windows-10-10.0.26100-SP0)"
      },
      "RequestBody": null,
      "StatusCode": 200,
      "ResponseHeaders": {
        "Access-Control-Allow-Origin": "*",
        "Connection": "keep-alive",
        "Content-Type": "application/vnd.microsoft.appconfig.kv+json; charset=utf-8",
        "Date": "Fri, 07 Mar 2025 20:50:08 GMT",
        "ETag": "\"_XGozenS8CPzkhpXEP_ZtpLlg8wWuJfT79cG-VIvmdA\"",
        "Last-Modified": "Fri, 07 Mar 2025 20:50:06 GMT",
        "Strict-Transport-Security": "max-age=31536000; includeSubDomains",
        "Transfer-Encoding": "chunked",
        "x-ms-correlation-request-id": "b5dc47b2-3524-44d0-9519-1227ade27eec"
      },
      "ResponseBody": {
        "etag": "Sanitized",
        "key": ".appconfig.featureflag/Alpha",
        "label": null,
        "content_type": "application/vnd.microsoft.appconfig.ff+json;charset=utf-8",
        "value": "{\"id\": \"Alpha\", \"description\": \"\", \"enabled\": true, \"conditions\": {\"client_filters\": []}, \"display_name\": null}",
        "tags": {},
        "locked": false,
        "last_modified": "2025-03-07T20:50:06+00:00"
      }
    },
    {
      "RequestUri": "https://Sanitized.azconfig.io/kv?api-version=1970-01-01",
      "RequestMethod": "GET",
      "RequestHeaders": {
        "Accept": "*/*",
        "Accept-Encoding": "gzip, deflate",
        "Connection": "keep-alive",
        "User-Agent": "SDK/Integration python-appconfiguration-provider/2.0.1 azsdk-python-appconfiguration/1.7.2 Python/3.11.9 (Windows-10-10.0.26100-SP0)"
      },
      "RequestBody": null,
      "StatusCode": 200,
      "ResponseHeaders": {
        "Access-Control-Allow-Origin": "*",
        "Connection": "keep-alive",
        "Content-Type": "application/vnd.microsoft.appconfig.kvset+json; charset=utf-8",
        "Date": "Fri, 07 Mar 2025 20:50:08 GMT",
        "ETag": "\"8Uv8lRlVpRIsYNkYCC6fbrAWxNdbVKvWiyj-DqtDaSw\"",
        "Strict-Transport-Security": "max-age=31536000; includeSubDomains",
        "Transfer-Encoding": "chunked",
        "x-ms-correlation-request-id": "d9deb744-e6f7-4353-93a3-a20e6138a457"
      },
      "ResponseBody": {
        "etag": "Sanitized",
        "items": [
          {
            "etag": "Sanitized",
            "key": ".appconfig.featureflag/Alpha",
            "label": null,
            "content_type": "application/vnd.microsoft.appconfig.ff+json;charset=utf-8",
            "value": "{\"id\": \"Alpha\", \"description\": \"\", \"enabled\": true, \"conditions\": {\"client_filters\": []}, \"display_name\": null}",
            "tags": {},
            "locked": false,
            "last_modified": "2025-03-07T20:50:06+00:00"
          },
          {
            "etag": "Sanitized",
            "key": ".appconfig.featureflag/Beta",
            "label": null,
            "content_type": "application/vnd.microsoft.appconfig.ff+json;charset=utf-8",
            "value": "{\"id\":\"Beta\",\"enabled\":true,\"conditions\":{\"client_filters\":[]},\"display_name\":null,\"description\":null,\"telemetry\":{\"enabled\":true}}",
            "tags": {},
            "locked": false,
            "last_modified": "2025-02-24T18:04:36+00:00"
          },
          {
            "etag": "Sanitized",
            "key": ".appconfig.featureflag/Greeting",
            "label": null,
            "content_type": "application/vnd.microsoft.appconfig.ff+json;charset=utf-8",
            "value": "{\"id\":\"Greeting\",\"enabled\":false,\"variants\":[{\"name\":\"Off\",\"configuration_value\":false},{\"name\":\"On\",\"configuration_value\":true}],\"allocation\":{\"percentile\":[{\"variant\":\"Off\",\"from\":0,\"to\":100}],\"default_when_enabled\":\"Off\",\"default_when_disabled\":\"Off\"},\"telemetry\":{\"enabled\":false}}",
            "tags": {},
            "locked": false,
            "last_modified": "2025-03-05T18:16:16+00:00"
          },
          {
            "etag": "Sanitized",
            "key": ".appconfig.featureflag/ID Test",
            "label": null,
            "content_type": "application/vnd.microsoft.appconfig.ff+json;charset=utf-8",
            "value": "{\"id\":\"IDTest\",\"description\":\"\",\"enabled\":true,\"conditions\":{\"client_filters\":[]}}",
            "tags": {},
            "locked": false,
            "last_modified": "2024-08-27T18:43:08+00:00"
          },
          {
            "etag": "Sanitized",
            "key": ".appconfig.featureflag/SpaceTest",
            "label": null,
            "content_type": "application/vnd.microsoft.appconfig.ff+json;charset=utf-8",
            "value": "{\"id\": \"There is a space in the feature id\", \"enabled\": true, \"conditions\": {\"client_filters\": []}, \"display_name\": null, \"description\": null}",
            "tags": {},
            "locked": false,
            "last_modified": "2024-08-15T18:44:29+00:00"
          },
          {
            "etag": "Sanitized",
            "key": ".appconfig.featureflag/TWF",
            "label": null,
            "content_type": "application/vnd.microsoft.appconfig.ff+json;charset=utf-8",
            "value": "{\"id\":\"TWF\",\"description\":\"\",\"enabled\":true,\"conditions\":{\"client_filters\":[{\"name\":\"Microsoft.TimeWindow\",\"parameters\":{\"Start\":\"Fri, 13 Dec 2024 08:00:00 GMT\",\"End\":\"Sat, 21 Dec 2024 08:00:00 GMT\",\"Recurrence\":{\"Pattern\":{\"Type\":\"Weekly\",\"Interval\":1,\"FirstDayOfWeek\":\"Sunday\",\"DaysOfWeek\":[\"Friday\"]},\"Range\":{\"Type\":\"NoEnd\"}}}}]}}",
            "tags": {},
            "locked": false,
            "last_modified": "2024-12-13T20:20:21+00:00"
          },
          {
            "etag": "Sanitized",
            "key": ".appconfig.featureflag/TelTest",
            "label": null,
            "content_type": "application/vnd.microsoft.appconfig.ff+json;charset=utf-8",
            "value": "{\"id\":\"TelTest\",\"enabled\":true,\"variants\":[{\"name\":\"Off\",\"configuration_value\":false},{\"name\":\"On\",\"configuration_value\":true}],\"allocation\":{\"percentile\":[{\"variant\":\"Off\",\"from\":0,\"to\":100}],\"default_when_enabled\":\"Off\",\"default_when_disabled\":\"Off\"},\"telemetry\":{\"enabled\":true}}",
            "tags": {},
            "locked": false,
            "last_modified": "2025-02-11T06:37:32+00:00"
          },
          {
            "etag": "Sanitized",
            "key": ".appconfig.featureflag/jkf",
            "label": null,
            "content_type": "application/vnd.microsoft.appconfig.ff+json;charset=utf-8",
            "value": "{\"id\":\"jkf\",\"description\":\"\",\"enabled\":true,\"conditions\":{\"client_filters\":[{\"name\":\"Microsoft.Targeting\",\"parameters\":{\"Audience\":{\"Users\":[\"gkl\"],\"Groups\":[{\"Name\":\"fk\",\"RolloutPercentage\":49}],\"DefaultRolloutPercentage\":50}}}]}}",
            "tags": {},
            "locked": false,
            "last_modified": "2024-08-29T17:38:18+00:00"
          }
        ]
      }
    },
    {
      "RequestUri": "https://Sanitized.azconfig.io/kv/refresh_message?api-version=1970-01-01",
      "RequestMethod": "PUT",
      "RequestHeaders": {
        "Accept": "*/*",
        "Accept-Encoding": "gzip, deflate",
        "Connection": "keep-alive",
        "Content-Length": "161",
        "Content-Type": "application/json",
        "User-Agent": "SDK/Integration azsdk-python-appconfiguration/1.7.2 Python/3.11.9 (Windows-10-10.0.26100-SP0)"
      },
      "RequestBody": {
        "key": "refresh_message",
        "value": "original value",
        "content_type": "text/plain",
        "last_modified": "2025-03-07T20:50:02Z",
        "tags": {},
        "locked": false,
        "etag": "Sanitized"
      },
      "StatusCode": 200,
      "ResponseHeaders": {
        "Access-Control-Allow-Origin": "*",
        "Connection": "keep-alive",
        "Content-Type": "application/vnd.microsoft.appconfig.kv+json; charset=utf-8",
        "Date": "Fri, 07 Mar 2025 20:50:08 GMT",
        "ETag": "\"UC9NoAUXcpaDSYTb2l9RJcxf8qgfOVJ04fLi0IEJAV0\"",
        "Last-Modified": "Fri, 07 Mar 2025 20:50:08 GMT",
        "Strict-Transport-Security": "max-age=31536000; includeSubDomains",
        "Transfer-Encoding": "chunked",
        "x-ms-correlation-request-id": "497c7938-44ff-4a9a-bf19-6447ea031b18"
      },
      "ResponseBody": {
        "etag": "Sanitized",
        "key": "refresh_message",
        "label": null,
        "content_type": "text/plain",
        "value": "original value",
        "tags": {},
        "locked": false,
        "last_modified": "2025-03-07T20:50:08+00:00"
      }
    },
    {
      "RequestUri": "https://Sanitized.azconfig.io/kv/.appconfig.featureflag%2FAlpha?api-version=1970-01-01",
      "RequestMethod": "PUT",
      "RequestHeaders": {
        "Accept": "*/*",
        "Accept-Encoding": "gzip, deflate",
        "Connection": "keep-alive",
        "Content-Length": "335",
        "Content-Type": "application/json",
        "User-Agent": "SDK/Integration azsdk-python-appconfiguration/1.7.2 Python/3.11.9 (Windows-10-10.0.26100-SP0)"
      },
      "RequestBody": {
        "key": ".appconfig.featureflag/Alpha",
        "value": "{\"id\": \"Alpha\", \"description\": \"\", \"enabled\": false, \"conditions\": {\"client_filters\": []}, \"display_name\": null}",
        "content_type": "application/vnd.microsoft.appconfig.ff+json;charset=utf-8",
        "last_modified": "2025-03-07T20:50:02Z",
        "tags": {},
        "locked": false,
        "etag": "Sanitized"
      },
      "StatusCode": 200,
      "ResponseHeaders": {
        "Access-Control-Allow-Origin": "*",
        "Connection": "keep-alive",
        "Content-Type": "application/vnd.microsoft.appconfig.kv+json; charset=utf-8",
        "Date": "Fri, 07 Mar 2025 20:50:08 GMT",
        "ETag": "\"CHBxy_CbmXNfV89UfYFLDPg98WW1B0rLtMS5uPZr0BM\"",
        "Last-Modified": "Fri, 07 Mar 2025 20:50:08 GMT",
        "Strict-Transport-Security": "max-age=31536000; includeSubDomains",
        "Transfer-Encoding": "chunked",
        "x-ms-correlation-request-id": "18cb37e7-81da-44b9-8df1-17e26f061e12"
      },
      "ResponseBody": {
        "etag": "Sanitized",
        "key": ".appconfig.featureflag/Alpha",
        "label": null,
        "content_type": "application/vnd.microsoft.appconfig.ff+json;charset=utf-8",
        "value": "{\"id\": \"Alpha\", \"description\": \"\", \"enabled\": false, \"conditions\": {\"client_filters\": []}, \"display_name\": null}",
        "tags": {},
        "locked": false,
        "last_modified": "2025-03-07T20:50:08+00:00"
      }
    },
    {
      "RequestUri": "https://Sanitized.azconfig.io/kv/refresh_message?api-version=1970-01-01",
      "RequestMethod": "GET",
      "RequestHeaders": {
        "Accept": "*/*",
        "Accept-Encoding": "gzip, deflate",
        "Connection": "keep-alive",
        "If-None-Match": "\"NBG63SyvAKuXTS7GZYWK37TbtuLb3zd3KVY-f6HQVuk\"",
        "User-Agent": "SDK/Integration python-appconfiguration-provider/2.0.1 azsdk-python-appconfiguration/1.7.2 Python/3.11.9 (Windows-10-10.0.26100-SP0)"
      },
      "RequestBody": null,
      "StatusCode": 200,
      "ResponseHeaders": {
        "Access-Control-Allow-Origin": "*",
        "Connection": "keep-alive",
        "Content-Type": "application/vnd.microsoft.appconfig.kv+json; charset=utf-8",
        "Date": "Fri, 07 Mar 2025 20:50:10 GMT",
        "ETag": "\"UC9NoAUXcpaDSYTb2l9RJcxf8qgfOVJ04fLi0IEJAV0\"",
        "Last-Modified": "Fri, 07 Mar 2025 20:50:08 GMT",
        "Strict-Transport-Security": "max-age=31536000; includeSubDomains",
        "Transfer-Encoding": "chunked",
        "x-ms-correlation-request-id": "d53f57f9-4621-4f1d-abb4-096ae99bc3bd"
      },
      "ResponseBody": {
        "etag": "Sanitized",
        "key": "refresh_message",
        "label": null,
        "content_type": "text/plain",
        "value": "original value",
        "tags": {},
        "locked": false,
        "last_modified": "2025-03-07T20:50:08+00:00"
      }
    },
    {
      "RequestUri": "https://Sanitized.azconfig.io/kv?api-version=1970-01-01",
      "RequestMethod": "GET",
      "RequestHeaders": {
        "Accept": "*/*",
        "Accept-Encoding": "gzip, deflate",
        "Connection": "keep-alive",
        "User-Agent": "SDK/Integration python-appconfiguration-provider/2.0.1 azsdk-python-appconfiguration/1.7.2 Python/3.11.9 (Windows-10-10.0.26100-SP0)"
      },
      "RequestBody": null,
      "StatusCode": 200,
      "ResponseHeaders": {
        "Access-Control-Allow-Origin": "*",
        "Connection": "keep-alive",
        "Content-Type": "application/vnd.microsoft.appconfig.kvset+json; charset=utf-8",
        "Date": "Fri, 07 Mar 2025 20:50:10 GMT",
        "ETag": "\"RaQEURfwv9NU6GrI9PlHHFqrz3841GGGDA1p-FZF4WY\"",
        "Strict-Transport-Security": "max-age=31536000; includeSubDomains",
        "Transfer-Encoding": "chunked",
        "x-ms-correlation-request-id": "a0d2e4b1-da55-47ec-aac9-b930c8221151"
      },
      "ResponseBody": {
        "etag": "Sanitized",
        "items": [
          {
            "etag": "Sanitized",
            "key": ".appconfig.featureflag/Alpha",
            "label": null,
            "content_type": "application/vnd.microsoft.appconfig.ff+json;charset=utf-8",
            "value": "{\"id\": \"Alpha\", \"description\": \"\", \"enabled\": false, \"conditions\": {\"client_filters\": []}, \"display_name\": null}",
            "tags": {},
            "locked": false,
            "last_modified": "2025-03-07T20:50:08+00:00"
          },
          {
            "etag": "Sanitized",
            "key": ".appconfig.featureflag/Beta",
            "label": null,
            "content_type": "application/vnd.microsoft.appconfig.ff+json;charset=utf-8",
            "value": "{\"id\":\"Beta\",\"enabled\":true,\"conditions\":{\"client_filters\":[]},\"display_name\":null,\"description\":null,\"telemetry\":{\"enabled\":true}}",
            "tags": {},
            "locked": false,
            "last_modified": "2025-02-24T18:04:36+00:00"
          },
          {
            "etag": "Sanitized",
            "key": ".appconfig.featureflag/Greeting",
            "label": null,
            "content_type": "application/vnd.microsoft.appconfig.ff+json;charset=utf-8",
            "value": "{\"id\":\"Greeting\",\"enabled\":false,\"variants\":[{\"name\":\"Off\",\"configuration_value\":false},{\"name\":\"On\",\"configuration_value\":true}],\"allocation\":{\"percentile\":[{\"variant\":\"Off\",\"from\":0,\"to\":100}],\"default_when_enabled\":\"Off\",\"default_when_disabled\":\"Off\"},\"telemetry\":{\"enabled\":false}}",
            "tags": {},
            "locked": false,
            "last_modified": "2025-03-05T18:16:16+00:00"
          },
          {
            "etag": "Sanitized",
            "key": ".appconfig.featureflag/ID Test",
            "label": null,
            "content_type": "application/vnd.microsoft.appconfig.ff+json;charset=utf-8",
            "value": "{\"id\":\"IDTest\",\"description\":\"\",\"enabled\":true,\"conditions\":{\"client_filters\":[]}}",
            "tags": {},
            "locked": false,
            "last_modified": "2024-08-27T18:43:08+00:00"
          },
          {
            "etag": "Sanitized",
            "key": ".appconfig.featureflag/SpaceTest",
            "label": null,
            "content_type": "application/vnd.microsoft.appconfig.ff+json;charset=utf-8",
            "value": "{\"id\": \"There is a space in the feature id\", \"enabled\": true, \"conditions\": {\"client_filters\": []}, \"display_name\": null, \"description\": null}",
            "tags": {},
            "locked": false,
            "last_modified": "2024-08-15T18:44:29+00:00"
          },
          {
            "etag": "Sanitized",
            "key": ".appconfig.featureflag/TWF",
            "label": null,
            "content_type": "application/vnd.microsoft.appconfig.ff+json;charset=utf-8",
            "value": "{\"id\":\"TWF\",\"description\":\"\",\"enabled\":true,\"conditions\":{\"client_filters\":[{\"name\":\"Microsoft.TimeWindow\",\"parameters\":{\"Start\":\"Fri, 13 Dec 2024 08:00:00 GMT\",\"End\":\"Sat, 21 Dec 2024 08:00:00 GMT\",\"Recurrence\":{\"Pattern\":{\"Type\":\"Weekly\",\"Interval\":1,\"FirstDayOfWeek\":\"Sunday\",\"DaysOfWeek\":[\"Friday\"]},\"Range\":{\"Type\":\"NoEnd\"}}}}]}}",
            "tags": {},
            "locked": false,
            "last_modified": "2024-12-13T20:20:21+00:00"
          },
          {
            "etag": "Sanitized",
            "key": ".appconfig.featureflag/TelTest",
            "label": null,
            "content_type": "application/vnd.microsoft.appconfig.ff+json;charset=utf-8",
            "value": "{\"id\":\"TelTest\",\"enabled\":true,\"variants\":[{\"name\":\"Off\",\"configuration_value\":false},{\"name\":\"On\",\"configuration_value\":true}],\"allocation\":{\"percentile\":[{\"variant\":\"Off\",\"from\":0,\"to\":100}],\"default_when_enabled\":\"Off\",\"default_when_disabled\":\"Off\"},\"telemetry\":{\"enabled\":true}}",
            "tags": {},
            "locked": false,
            "last_modified": "2025-02-11T06:37:32+00:00"
          },
          {
            "etag": "Sanitized",
            "key": ".appconfig.featureflag/jkf",
            "label": null,
            "content_type": "application/vnd.microsoft.appconfig.ff+json;charset=utf-8",
            "value": "{\"id\":\"jkf\",\"description\":\"\",\"enabled\":true,\"conditions\":{\"client_filters\":[{\"name\":\"Microsoft.Targeting\",\"parameters\":{\"Audience\":{\"Users\":[\"gkl\"],\"Groups\":[{\"Name\":\"fk\",\"RolloutPercentage\":49}],\"DefaultRolloutPercentage\":50}}}]}}",
            "tags": {},
            "locked": false,
            "last_modified": "2024-08-29T17:38:18+00:00"
          },
          {
            "etag": "Sanitized",
            "key": "/application/config.message",
            "label": null,
            "content_type": "",
            "value": "application",
            "tags": {},
            "locked": false,
            "last_modified": "2024-09-03T18:43:06+00:00"
          },
          {
            "etag": "Sanitized",
            "key": "/custom/config.message",
            "label": null,
            "content_type": "",
            "value": "custom",
            "tags": {},
            "locked": false,
            "last_modified": "2024-09-03T18:38:58+00:00"
          },
          {
            "etag": "Sanitized",
            "key": "TestApp:Settings:Message",
            "label": null,
            "content_type": "",
            "value": "Data from Azure App Configuration",
            "tags": {},
            "locked": false,
            "last_modified": "2024-08-15T17:18:49+00:00"
          },
          {
            "etag": "Sanitized",
            "key": "app.greeting",
            "label": null,
            "content_type": "",
            "value": "Hello World",
            "tags": {},
            "locked": false,
            "last_modified": "2024-08-15T16:38:17+00:00"
          },
          {
            "etag": "Sanitized",
            "key": "app.json",
            "label": null,
            "content_type": "application/json",
            "value": "{\"myKey\":\"myValue\"}",
            "tags": {},
            "locked": false,
            "last_modified": "2024-08-15T16:38:43+00:00"
          },
          {
            "etag": "Sanitized",
            "key": "message",
            "label": null,
            "content_type": "text/plain",
            "value": "hi",
            "tags": {},
            "locked": false,
            "last_modified": "2025-03-07T20:50:02+00:00"
          },
          {
            "etag": "Sanitized",
            "key": "my_json",
            "label": null,
            "content_type": "application/json",
            "value": "{\"key\": \"value\"}",
            "tags": {},
            "locked": false,
            "last_modified": "2025-03-07T20:50:02+00:00"
          },
          {
            "etag": "Sanitized",
            "key": "non_refreshed_message",
            "label": null,
            "content_type": "text/plain",
            "value": "Static",
            "tags": {},
            "locked": false,
            "last_modified": "2025-03-07T20:50:02+00:00"
          },
          {
            "etag": "Sanitized",
            "key": "refresh_message",
            "label": null,
            "content_type": "text/plain",
            "value": "original value",
            "tags": {},
            "locked": false,
            "last_modified": "2025-03-07T20:50:08+00:00"
          },
          {
            "etag": "Sanitized",
            "key": "test.trimmed",
            "label": null,
            "content_type": "text/plain",
            "value": "key",
            "tags": {},
            "locked": false,
            "last_modified": "2025-03-07T20:50:02+00:00"
          }
        ]
      }
    },
    {
      "RequestUri": "https://Sanitized.azconfig.io/kv/.appconfig.featureflag%2FAlpha?api-version=1970-01-01",
      "RequestMethod": "GET",
      "RequestHeaders": {
        "Accept": "*/*",
        "Accept-Encoding": "gzip, deflate",
        "Connection": "keep-alive",
        "If-None-Match": "\"_XGozenS8CPzkhpXEP_ZtpLlg8wWuJfT79cG-VIvmdA\"",
        "User-Agent": "SDK/Integration python-appconfiguration-provider/2.0.1 azsdk-python-appconfiguration/1.7.2 Python/3.11.9 (Windows-10-10.0.26100-SP0)"
      },
      "RequestBody": null,
      "StatusCode": 200,
      "ResponseHeaders": {
        "Access-Control-Allow-Origin": "*",
        "Connection": "keep-alive",
        "Content-Type": "application/vnd.microsoft.appconfig.kv+json; charset=utf-8",
        "Date": "Fri, 07 Mar 2025 20:50:10 GMT",
        "ETag": "\"CHBxy_CbmXNfV89UfYFLDPg98WW1B0rLtMS5uPZr0BM\"",
        "Last-Modified": "Fri, 07 Mar 2025 20:50:08 GMT",
        "Strict-Transport-Security": "max-age=31536000; includeSubDomains",
        "Transfer-Encoding": "chunked",
        "x-ms-correlation-request-id": "1fbf26aa-937e-4a27-a417-fae749f3dae2"
      },
      "ResponseBody": {
        "etag": "Sanitized",
        "key": ".appconfig.featureflag/Alpha",
        "label": null,
        "content_type": "application/vnd.microsoft.appconfig.ff+json;charset=utf-8",
        "value": "{\"id\": \"Alpha\", \"description\": \"\", \"enabled\": false, \"conditions\": {\"client_filters\": []}, \"display_name\": null}",
        "tags": {},
        "locked": false,
        "last_modified": "2025-03-07T20:50:08+00:00"
      }
    },
    {
      "RequestUri": "https://Sanitized.azconfig.io/kv?api-version=1970-01-01",
      "RequestMethod": "GET",
      "RequestHeaders": {
        "Accept": "*/*",
        "Accept-Encoding": "gzip, deflate",
        "Connection": "keep-alive",
        "User-Agent": "SDK/Integration python-appconfiguration-provider/2.0.1 azsdk-python-appconfiguration/1.7.2 Python/3.11.9 (Windows-10-10.0.26100-SP0)"
      },
      "RequestBody": null,
      "StatusCode": 200,
      "ResponseHeaders": {
        "Access-Control-Allow-Origin": "*",
        "Connection": "keep-alive",
        "Content-Type": "application/vnd.microsoft.appconfig.kvset+json; charset=utf-8",
        "Date": "Fri, 07 Mar 2025 20:50:10 GMT",
        "ETag": "\"2H1rHpwg8-kW076_Q3xzjrb87-TV41Zl7QrsOS5wPTg\"",
        "Strict-Transport-Security": "max-age=31536000; includeSubDomains",
        "Transfer-Encoding": "chunked",
        "x-ms-correlation-request-id": "0a7f1c2e-a467-44e2-98a5-d3ba722a8c0f"
      },
      "ResponseBody": {
        "etag": "Sanitized",
        "items": [
          {
            "etag": "Sanitized",
            "key": ".appconfig.featureflag/Alpha",
            "label": null,
            "content_type": "application/vnd.microsoft.appconfig.ff+json;charset=utf-8",
            "value": "{\"id\": \"Alpha\", \"description\": \"\", \"enabled\": false, \"conditions\": {\"client_filters\": []}, \"display_name\": null}",
            "tags": {},
            "locked": false,
            "last_modified": "2025-03-07T20:50:08+00:00"
          },
          {
            "etag": "Sanitized",
            "key": ".appconfig.featureflag/Beta",
            "label": null,
            "content_type": "application/vnd.microsoft.appconfig.ff+json;charset=utf-8",
            "value": "{\"id\":\"Beta\",\"enabled\":true,\"conditions\":{\"client_filters\":[]},\"display_name\":null,\"description\":null,\"telemetry\":{\"enabled\":true}}",
            "tags": {},
            "locked": false,
            "last_modified": "2025-02-24T18:04:36+00:00"
          },
          {
            "etag": "Sanitized",
            "key": ".appconfig.featureflag/Greeting",
            "label": null,
            "content_type": "application/vnd.microsoft.appconfig.ff+json;charset=utf-8",
            "value": "{\"id\":\"Greeting\",\"enabled\":false,\"variants\":[{\"name\":\"Off\",\"configuration_value\":false},{\"name\":\"On\",\"configuration_value\":true}],\"allocation\":{\"percentile\":[{\"variant\":\"Off\",\"from\":0,\"to\":100}],\"default_when_enabled\":\"Off\",\"default_when_disabled\":\"Off\"},\"telemetry\":{\"enabled\":false}}",
            "tags": {},
            "locked": false,
            "last_modified": "2025-03-05T18:16:16+00:00"
          },
          {
            "etag": "Sanitized",
            "key": ".appconfig.featureflag/ID Test",
            "label": null,
            "content_type": "application/vnd.microsoft.appconfig.ff+json;charset=utf-8",
            "value": "{\"id\":\"IDTest\",\"description\":\"\",\"enabled\":true,\"conditions\":{\"client_filters\":[]}}",
            "tags": {},
            "locked": false,
            "last_modified": "2024-08-27T18:43:08+00:00"
          },
          {
            "etag": "Sanitized",
            "key": ".appconfig.featureflag/SpaceTest",
            "label": null,
            "content_type": "application/vnd.microsoft.appconfig.ff+json;charset=utf-8",
            "value": "{\"id\": \"There is a space in the feature id\", \"enabled\": true, \"conditions\": {\"client_filters\": []}, \"display_name\": null, \"description\": null}",
            "tags": {},
            "locked": false,
            "last_modified": "2024-08-15T18:44:29+00:00"
          },
          {
            "etag": "Sanitized",
            "key": ".appconfig.featureflag/TWF",
            "label": null,
            "content_type": "application/vnd.microsoft.appconfig.ff+json;charset=utf-8",
            "value": "{\"id\":\"TWF\",\"description\":\"\",\"enabled\":true,\"conditions\":{\"client_filters\":[{\"name\":\"Microsoft.TimeWindow\",\"parameters\":{\"Start\":\"Fri, 13 Dec 2024 08:00:00 GMT\",\"End\":\"Sat, 21 Dec 2024 08:00:00 GMT\",\"Recurrence\":{\"Pattern\":{\"Type\":\"Weekly\",\"Interval\":1,\"FirstDayOfWeek\":\"Sunday\",\"DaysOfWeek\":[\"Friday\"]},\"Range\":{\"Type\":\"NoEnd\"}}}}]}}",
            "tags": {},
            "locked": false,
            "last_modified": "2024-12-13T20:20:21+00:00"
          },
          {
            "etag": "Sanitized",
            "key": ".appconfig.featureflag/TelTest",
            "label": null,
            "content_type": "application/vnd.microsoft.appconfig.ff+json;charset=utf-8",
            "value": "{\"id\":\"TelTest\",\"enabled\":true,\"variants\":[{\"name\":\"Off\",\"configuration_value\":false},{\"name\":\"On\",\"configuration_value\":true}],\"allocation\":{\"percentile\":[{\"variant\":\"Off\",\"from\":0,\"to\":100}],\"default_when_enabled\":\"Off\",\"default_when_disabled\":\"Off\"},\"telemetry\":{\"enabled\":true}}",
            "tags": {},
            "locked": false,
            "last_modified": "2025-02-11T06:37:32+00:00"
          },
          {
            "etag": "Sanitized",
            "key": ".appconfig.featureflag/jkf",
            "label": null,
            "content_type": "application/vnd.microsoft.appconfig.ff+json;charset=utf-8",
            "value": "{\"id\":\"jkf\",\"description\":\"\",\"enabled\":true,\"conditions\":{\"client_filters\":[{\"name\":\"Microsoft.Targeting\",\"parameters\":{\"Audience\":{\"Users\":[\"gkl\"],\"Groups\":[{\"Name\":\"fk\",\"RolloutPercentage\":49}],\"DefaultRolloutPercentage\":50}}}]}}",
            "tags": {},
            "locked": false,
            "last_modified": "2024-08-29T17:38:18+00:00"
          }
        ]
      }
    },
    {
      "RequestUri": "https://Sanitized.azconfig.io/kv/refresh_message?api-version=1970-01-01",
      "RequestMethod": "PUT",
      "RequestHeaders": {
        "Accept": "*/*",
        "Accept-Encoding": "gzip, deflate",
        "Connection": "keep-alive",
        "Content-Length": "162",
        "Content-Type": "application/json",
        "User-Agent": "SDK/Integration azsdk-python-appconfiguration/1.7.2 Python/3.11.9 (Windows-10-10.0.26100-SP0)"
      },
      "RequestBody": {
        "key": "refresh_message",
        "value": "updated value 2",
        "content_type": "text/plain",
        "last_modified": "2025-03-07T20:50:02Z",
        "tags": {},
        "locked": false,
        "etag": "Sanitized"
      },
      "StatusCode": 200,
      "ResponseHeaders": {
        "Access-Control-Allow-Origin": "*",
        "Connection": "keep-alive",
        "Content-Type": "application/vnd.microsoft.appconfig.kv+json; charset=utf-8",
        "Date": "Fri, 07 Mar 2025 20:50:10 GMT",
        "ETag": "\"X-zZ2xRgVFubK7RB6N5aghfP_LVvZldGgwg-oJ5K4Sg\"",
        "Last-Modified": "Fri, 07 Mar 2025 20:50:10 GMT",
        "Strict-Transport-Security": "max-age=31536000; includeSubDomains",
        "Transfer-Encoding": "chunked",
        "x-ms-correlation-request-id": "7d7e16c6-5de5-4a27-af41-8ffd6bd1cfa7"
      },
      "ResponseBody": {
        "etag": "Sanitized",
        "key": "refresh_message",
        "label": null,
        "content_type": "text/plain",
        "value": "updated value 2",
        "tags": {},
        "locked": false,
        "last_modified": "2025-03-07T20:50:10+00:00"
      }
    },
    {
      "RequestUri": "https://Sanitized.azconfig.io/kv/.appconfig.featureflag%2FAlpha?api-version=1970-01-01",
      "RequestMethod": "PUT",
      "RequestHeaders": {
        "Accept": "*/*",
        "Accept-Encoding": "gzip, deflate",
        "Connection": "keep-alive",
        "Content-Length": "334",
        "Content-Type": "application/json",
        "User-Agent": "SDK/Integration azsdk-python-appconfiguration/1.7.2 Python/3.11.9 (Windows-10-10.0.26100-SP0)"
      },
      "RequestBody": {
        "key": ".appconfig.featureflag/Alpha",
        "value": "{\"id\": \"Alpha\", \"description\": \"\", \"enabled\": true, \"conditions\": {\"client_filters\": []}, \"display_name\": null}",
        "content_type": "application/vnd.microsoft.appconfig.ff+json;charset=utf-8",
        "last_modified": "2025-03-07T20:50:02Z",
        "tags": {},
        "locked": false,
        "etag": "Sanitized"
      },
      "StatusCode": 200,
      "ResponseHeaders": {
        "Access-Control-Allow-Origin": "*",
        "Connection": "keep-alive",
        "Content-Type": "application/vnd.microsoft.appconfig.kv+json; charset=utf-8",
        "Date": "Fri, 07 Mar 2025 20:50:10 GMT",
        "ETag": "\"8E0VI_bEI_E19MXySBWI0M67mKx0Cy0RcWVp797RC94\"",
        "Last-Modified": "Fri, 07 Mar 2025 20:50:10 GMT",
        "Strict-Transport-Security": "max-age=31536000; includeSubDomains",
        "Transfer-Encoding": "chunked",
        "x-ms-correlation-request-id": "7f9c0aa6-5cda-4464-a192-69c1c0a3b3b4"
      },
      "ResponseBody": {
        "etag": "Sanitized",
        "key": ".appconfig.featureflag/Alpha",
        "label": null,
        "content_type": "application/vnd.microsoft.appconfig.ff+json;charset=utf-8",
        "value": "{\"id\": \"Alpha\", \"description\": \"\", \"enabled\": true, \"conditions\": {\"client_filters\": []}, \"display_name\": null}",
        "tags": {},
        "locked": false,
        "last_modified": "2025-03-07T20:50:10+00:00"
      }
    },
    {
      "RequestUri": "https://Sanitized.azconfig.io/kv/refresh_message?api-version=1970-01-01",
      "RequestMethod": "PUT",
      "RequestHeaders": {
        "Accept": "*/*",
        "Accept-Encoding": "gzip, deflate",
        "Connection": "keep-alive",
        "Content-Length": "161",
        "Content-Type": "application/json",
        "User-Agent": "SDK/Integration azsdk-python-appconfiguration/1.7.2 Python/3.11.9 (Windows-10-10.0.26100-SP0)"
      },
      "RequestBody": {
        "key": "refresh_message",
        "value": "original value",
        "content_type": "text/plain",
        "last_modified": "2025-03-07T20:50:02Z",
        "tags": {},
        "locked": false,
        "etag": "Sanitized"
      },
      "StatusCode": 200,
      "ResponseHeaders": {
        "Access-Control-Allow-Origin": "*",
        "Connection": "keep-alive",
        "Content-Type": "application/vnd.microsoft.appconfig.kv+json; charset=utf-8",
        "Date": "Fri, 07 Mar 2025 20:50:10 GMT",
        "ETag": "\"nJpCaWFDgvPkUImhqjhaQx-jUbkTuooGnFFQNMBTC-4\"",
        "Last-Modified": "Fri, 07 Mar 2025 20:50:10 GMT",
        "Strict-Transport-Security": "max-age=31536000; includeSubDomains",
        "Transfer-Encoding": "chunked",
        "x-ms-correlation-request-id": "e85e5225-478b-4c19-a676-5f5fe51b9533"
      },
      "ResponseBody": {
        "etag": "Sanitized",
        "key": "refresh_message",
        "label": null,
        "content_type": "text/plain",
        "value": "original value",
        "tags": {},
        "locked": false,
        "last_modified": "2025-03-07T20:50:10+00:00"
      }
    }
  ],
  "Variables": {}
}
