{
  "Entries": [
    {
      "RequestUri": "https://Sanitized.azconfig.io/kv/message?label=%00&api-version=1970-01-01",
      "RequestMethod": "PUT",
      "RequestHeaders": {
        "Accept": "application/vnd.microsoft.appconfig.kv+json, application/problem+json",
        "Accept-Encoding": "gzip, deflate",
        "Connection": "keep-alive",
        "Content-Length": "94",
        "Content-Type": "application/json",
        "User-Agent": "azsdk-python-appconfiguration/unknown Python/3.11.9 (Windows-10-10.0.26100-SP0)",
        "x-ms-content-sha256": "Sanitized",
        "x-ms-date": "Apr, 15 2025 16:29:41.206585 GMT"
      },
      "RequestBody": {
        "key": "message",
        "label": "\u0000",
        "content_type": "text/plain",
        "value": "hi",
        "tags": {}
      },
      "StatusCode": 200,
      "ResponseHeaders": {
        "Access-Control-Allow-Origin": "*",
        "Connection": "close",
        "Content-Type": "application/vnd.microsoft.appconfig.kv+json; charset=utf-8",
        "Date": "Tue, 15 Apr 2025 16:29:41 GMT",
        "ETag": "\"QwZ7-sfoSmEwc_sv5SiyUgG1c0kxJpfGXkxkTZ3ZISk\"",
        "Last-Modified": "Tue, 15 Apr 2025 16:29:41 GMT",
        "Strict-Transport-Security": "max-age=31536000; includeSubDomains",
        "Transfer-Encoding": "chunked",
        "x-ms-correlation-request-id": "509009a6-f80d-40ba-a1dc-e9bd49675d33"
      },
      "ResponseBody": {
        "etag": "Sanitized",
        "key": "message",
        "label": null,
        "content_type": "text/plain",
        "value": "hi",
        "tags": {},
        "locked": false,
        "last_modified": "2025-04-15T16:29:41+00:00"
      }
    },
    {
      "RequestUri": "https://Sanitized.azconfig.io/kv/message?label=dev&api-version=1970-01-01",
      "RequestMethod": "PUT",
      "RequestHeaders": {
        "Accept": "application/vnd.microsoft.appconfig.kv+json, application/problem+json",
        "Accept-Encoding": "gzip, deflate",
        "Connection": "keep-alive",
        "Content-Length": "93",
        "Content-Type": "application/json",
        "User-Agent": "azsdk-python-appconfiguration/unknown Python/3.11.9 (Windows-10-10.0.26100-SP0)",
        "x-ms-content-sha256": "Sanitized",
        "x-ms-date": "Apr, 15 2025 16:29:41.239822 GMT"
      },
      "RequestBody": {
        "key": "message",
        "label": "dev",
        "content_type": "text/plain",
        "value": "test",
        "tags": {}
      },
      "StatusCode": 200,
      "ResponseHeaders": {
        "Access-Control-Allow-Origin": "*",
        "Connection": "keep-alive",
        "Content-Type": "application/vnd.microsoft.appconfig.kv+json; charset=utf-8",
        "Date": "Tue, 15 Apr 2025 16:29:41 GMT",
        "ETag": "\"Xv_rNSb36Li2FNNCSkAZa0BcxerR8DVnjM2mSfbDdc8\"",
        "Last-Modified": "Tue, 15 Apr 2025 16:29:41 GMT",
        "Strict-Transport-Security": "max-age=31536000; includeSubDomains",
        "Transfer-Encoding": "chunked",
        "x-ms-correlation-request-id": "e159bde7-34d0-4523-a4c9-7a5b1c278a88"
      },
      "ResponseBody": {
        "etag": "Sanitized",
        "key": "message",
        "label": "dev",
        "content_type": "text/plain",
        "value": "test",
        "tags": {},
        "locked": false,
        "last_modified": "2025-04-15T16:29:41+00:00"
      }
    },
    {
      "RequestUri": "https://Sanitized.azconfig.io/kv/my_json?label=%00&api-version=1970-01-01",
      "RequestMethod": "PUT",
      "RequestHeaders": {
        "Accept": "application/vnd.microsoft.appconfig.kv+json, application/problem+json",
        "Accept-Encoding": "gzip, deflate",
        "Connection": "keep-alive",
        "Content-Length": "118",
        "Content-Type": "application/json",
        "User-Agent": "azsdk-python-appconfiguration/unknown Python/3.11.9 (Windows-10-10.0.26100-SP0)",
        "x-ms-content-sha256": "Sanitized",
        "x-ms-date": "Apr, 15 2025 16:29:41.324974 GMT"
      },
      "RequestBody": {
        "key": "my_json",
        "label": "\u0000",
        "content_type": "application/json",
        "value": "{\"key\": \"value\"}",
        "tags": {}
      },
      "StatusCode": 200,
      "ResponseHeaders": {
        "Access-Control-Allow-Origin": "*",
        "Connection": "keep-alive",
        "Content-Type": "application/vnd.microsoft.appconfig.kv+json; charset=utf-8",
        "Date": "Tue, 15 Apr 2025 16:29:41 GMT",
        "ETag": "\"-6POI6NTf5OAFS_udiFSj1FtsJTbOqQo9V2OEzn_20E\"",
        "Last-Modified": "Tue, 15 Apr 2025 16:29:41 GMT",
        "Strict-Transport-Security": "max-age=31536000; includeSubDomains",
        "Transfer-Encoding": "chunked",
        "x-ms-correlation-request-id": "f1b233f9-cdd2-4e88-b890-fea08ba54467"
      },
      "ResponseBody": {
        "etag": "Sanitized",
        "key": "my_json",
        "label": null,
        "content_type": "application/json",
        "value": "{\"key\": \"value\"}",
        "tags": {},
        "locked": false,
        "last_modified": "2025-04-15T16:29:41+00:00"
      }
    },
    {
      "RequestUri": "https://Sanitized.azconfig.io/kv/test.trimmed?label=%00&api-version=1970-01-01",
      "RequestMethod": "PUT",
      "RequestHeaders": {
        "Accept": "application/vnd.microsoft.appconfig.kv+json, application/problem+json",
        "Accept-Encoding": "gzip, deflate",
        "Connection": "keep-alive",
        "Content-Length": "100",
        "Content-Type": "application/json",
        "User-Agent": "azsdk-python-appconfiguration/unknown Python/3.11.9 (Windows-10-10.0.26100-SP0)",
        "x-ms-content-sha256": "Sanitized",
        "x-ms-date": "Apr, 15 2025 16:29:41.341982 GMT"
      },
      "RequestBody": {
        "key": "test.trimmed",
        "label": "\u0000",
        "content_type": "text/plain",
        "value": "key",
        "tags": {}
      },
      "StatusCode": 200,
      "ResponseHeaders": {
        "Access-Control-Allow-Origin": "*",
        "Connection": "keep-alive",
        "Content-Type": "application/vnd.microsoft.appconfig.kv+json; charset=utf-8",
        "Date": "Tue, 15 Apr 2025 16:29:41 GMT",
        "ETag": "\"Ej3vW2-qHGFfUZhM55-FR4az6CtxVf0RC8LIqTqGYYk\"",
        "Last-Modified": "Tue, 15 Apr 2025 16:29:41 GMT",
        "Strict-Transport-Security": "max-age=31536000; includeSubDomains",
        "Transfer-Encoding": "chunked",
        "x-ms-correlation-request-id": "51cb1e50-c048-4d4d-b44f-50ff097829b3"
      },
      "ResponseBody": {
        "etag": "Sanitized",
        "key": "test.trimmed",
        "label": null,
        "content_type": "text/plain",
        "value": "key",
        "tags": {},
        "locked": false,
        "last_modified": "2025-04-15T16:29:41+00:00"
      }
    },
    {
      "RequestUri": "https://Sanitized.azconfig.io/kv/refresh_message?label=%00&api-version=1970-01-01",
      "RequestMethod": "PUT",
      "RequestHeaders": {
        "Accept": "application/vnd.microsoft.appconfig.kv+json, application/problem+json",
        "Accept-Encoding": "gzip, deflate",
        "Connection": "keep-alive",
        "Content-Length": "114",
        "Content-Type": "application/json",
        "User-Agent": "azsdk-python-appconfiguration/unknown Python/3.11.9 (Windows-10-10.0.26100-SP0)",
        "x-ms-content-sha256": "Sanitized",
        "x-ms-date": "Apr, 15 2025 16:29:41.358006 GMT"
      },
      "RequestBody": {
        "key": "refresh_message",
        "label": "\u0000",
        "content_type": "text/plain",
        "value": "original value",
        "tags": {}
      },
      "StatusCode": 200,
      "ResponseHeaders": {
        "Access-Control-Allow-Origin": "*",
        "Connection": "keep-alive",
        "Content-Type": "application/vnd.microsoft.appconfig.kv+json; charset=utf-8",
        "Date": "Tue, 15 Apr 2025 16:29:41 GMT",
        "ETag": "\"D9RojMr6tsPpojWXDamUlpSVpURc8vXqngrSkgmglac\"",
        "Last-Modified": "Tue, 15 Apr 2025 16:29:41 GMT",
        "Strict-Transport-Security": "max-age=31536000; includeSubDomains",
        "Transfer-Encoding": "chunked",
        "x-ms-correlation-request-id": "11813d01-7091-4817-97fa-bab510099976"
      },
      "ResponseBody": {
        "etag": "Sanitized",
        "key": "refresh_message",
        "label": null,
        "content_type": "text/plain",
        "value": "original value",
        "tags": {},
        "locked": false,
        "last_modified": "2025-04-15T16:29:41+00:00"
      }
    },
    {
      "RequestUri": "https://Sanitized.azconfig.io/kv/non_refreshed_message?label=%00&api-version=1970-01-01",
      "RequestMethod": "PUT",
      "RequestHeaders": {
        "Accept": "application/vnd.microsoft.appconfig.kv+json, application/problem+json",
        "Accept-Encoding": "gzip, deflate",
        "Connection": "keep-alive",
        "Content-Length": "112",
        "Content-Type": "application/json",
        "User-Agent": "azsdk-python-appconfiguration/unknown Python/3.11.9 (Windows-10-10.0.26100-SP0)",
        "x-ms-content-sha256": "Sanitized",
        "x-ms-date": "Apr, 15 2025 16:29:41.373020 GMT"
      },
      "RequestBody": {
        "key": "non_refreshed_message",
        "label": "\u0000",
        "content_type": "text/plain",
        "value": "Static",
        "tags": {}
      },
      "StatusCode": 200,
      "ResponseHeaders": {
        "Access-Control-Allow-Origin": "*",
        "Connection": "keep-alive",
        "Content-Type": "application/vnd.microsoft.appconfig.kv+json; charset=utf-8",
        "Date": "Tue, 15 Apr 2025 16:29:41 GMT",
        "ETag": "\"GZ5w5thD34YWcw-kro2aoGup1gmif5c7e3ugGhSEAbs\"",
        "Last-Modified": "Tue, 15 Apr 2025 16:29:41 GMT",
        "Strict-Transport-Security": "max-age=31536000; includeSubDomains",
        "Transfer-Encoding": "chunked",
        "x-ms-correlation-request-id": "8e3a05b0-90c5-4319-90a4-65d447cbd35a"
      },
      "ResponseBody": {
        "etag": "Sanitized",
        "key": "non_refreshed_message",
        "label": null,
        "content_type": "text/plain",
        "value": "Static",
        "tags": {},
        "locked": false,
        "last_modified": "2025-04-15T16:29:41+00:00"
      }
    },
    {
      "RequestUri": "https://Sanitized.azconfig.io/kv/.appconfig.featureflag%2FAlpha?label=%00&api-version=1970-01-01",
      "RequestMethod": "PUT",
      "RequestHeaders": {
        "Accept": "application/vnd.microsoft.appconfig.kv+json, application/problem+json",
        "Accept-Encoding": "gzip, deflate",
        "Connection": "keep-alive",
        "Content-Length": "270",
        "Content-Type": "application/json",
        "User-Agent": "azsdk-python-appconfiguration/unknown Python/3.11.9 (Windows-10-10.0.26100-SP0)",
        "x-ms-content-sha256": "Sanitized",
        "x-ms-date": "Apr, 15 2025 16:29:41.388229 GMT"
      },
      "RequestBody": {
        "key": ".appconfig.featureflag/Alpha",
        "label": "\u0000",
        "content_type": "application/vnd.microsoft.appconfig.ff+json;charset=utf-8",
        "value": "{\t\"id\": \"Alpha\", \"description\": \"\", \"enabled\": false, \"conditions\": {\t\"client_filters\": []\t}}",
        "tags": {}
      },
      "StatusCode": 200,
      "ResponseHeaders": {
        "Access-Control-Allow-Origin": "*",
        "Connection": "keep-alive",
        "Content-Type": "application/vnd.microsoft.appconfig.kv+json; charset=utf-8",
        "Date": "Tue, 15 Apr 2025 16:29:41 GMT",
        "ETag": "\"280xReWATZfwTgknR9fN4nUTVfiRP1RzQ-5gywNNm94\"",
        "Last-Modified": "Tue, 15 Apr 2025 16:29:41 GMT",
        "Strict-Transport-Security": "max-age=31536000; includeSubDomains",
        "Transfer-Encoding": "chunked",
        "x-ms-correlation-request-id": "2be1b09c-b424-44cc-bd27-b8d5057573d8"
      },
      "ResponseBody": {
        "etag": "Sanitized",
        "key": ".appconfig.featureflag/Alpha",
        "label": null,
        "content_type": "application/vnd.microsoft.appconfig.ff+json;charset=utf-8",
        "value": "{\t\"id\": \"Alpha\", \"description\": \"\", \"enabled\": false, \"conditions\": {\t\"client_filters\": []\t}}",
        "tags": {},
        "locked": false,
        "last_modified": "2025-04-15T16:29:41+00:00"
      }
    },
    {
      "RequestUri": "https://Sanitized.azconfig.io/kv/secret?label=prod&api-version=1970-01-01",
      "RequestMethod": "PUT",
      "RequestHeaders": {
        "Accept": "application/vnd.microsoft.appconfig.kv+json, application/problem+json",
        "Accept-Encoding": "gzip, deflate",
        "Connection": "keep-alive",
        "Content-Length": "213",
        "Content-Type": "application/json",
        "User-Agent": "azsdk-python-appconfiguration/unknown Python/3.11.9 (Windows-10-10.0.26100-SP0)",
        "x-ms-content-sha256": "Sanitized",
        "x-ms-date": "Apr, 15 2025 16:29:41.401240 GMT"
      },
      "RequestBody": {
        "key": "secret",
        "label": "prod",
        "content_type": "application/vnd.microsoft.appconfig.keyvaultref+json;charset=utf-8",
        "value": "{\"uri\":\"https://Sanitized.vault.azure.net/secrets/fake-secret/\"}",
        "tags": {}
      },
      "StatusCode": 200,
      "ResponseHeaders": {
        "Access-Control-Allow-Origin": "*",
        "Connection": "keep-alive",
        "Content-Type": "application/vnd.microsoft.appconfig.kv+json; charset=utf-8",
        "Date": "Tue, 15 Apr 2025 16:29:41 GMT",
        "ETag": "\"GKQZJfdHQWRuDvcBOEDgKKBsK5CA6woDDIxLSo9xG24\"",
        "Last-Modified": "Tue, 15 Apr 2025 16:29:41 GMT",
        "Strict-Transport-Security": "max-age=31536000; includeSubDomains",
        "Transfer-Encoding": "chunked",
        "x-ms-correlation-request-id": "435d8954-888a-4f34-94ac-17cfe6a8d95c"
      },
      "ResponseBody": {
        "etag": "Sanitized",
        "key": "secret",
        "label": "prod",
        "content_type": "application/vnd.microsoft.appconfig.keyvaultref+json;charset=utf-8",
        "value": "{\"uri\":\"https://Sanitized.vault.azure.net/secrets/fake-secret/\"}",
        "tags": {},
        "locked": false,
        "last_modified": "2025-04-15T16:29:41+00:00"
      }
    },
    {
      "RequestUri": "https://Sanitized.azconfig.io/kv?key=%2A&label=%00&api-version=1970-01-01",
      "RequestMethod": "GET",
      "RequestHeaders": {
        "Accept": "application/vnd.microsoft.appconfig.kvset+json, application/problem+json",
        "Accept-Encoding": "gzip, deflate",
        "Connection": "keep-alive",
        "User-Agent": "SDK/Integration SDK/Integration python-appconfiguration-provider/2.0.1 azsdk-python-appconfiguration/unknown Python/3.11.9 (Windows-10-10.0.26100-SP0)",
        "x-ms-content-sha256": "Sanitized",
        "x-ms-date": "Apr, 15 2025 16:29:41.453324 GMT"
      },
      "RequestBody": null,
      "StatusCode": 200,
      "ResponseHeaders": {
        "Access-Control-Allow-Origin": "*",
        "Connection": "keep-alive",
        "Content-Type": "application/vnd.microsoft.appconfig.kvset+json; charset=utf-8",
        "Date": "Tue, 15 Apr 2025 16:29:41 GMT",
        "ETag": "\"_g9KzS5qRY0dA0Q1brW4GDzWpxrWdEuzxjMT0at77iY\"",
        "Strict-Transport-Security": "max-age=31536000; includeSubDomains",
        "Transfer-Encoding": "chunked",
        "x-ms-correlation-request-id": "908986e8-2cab-45f1-9635-55539c05ab9a"
      },
      "ResponseBody": {
        "etag": "Sanitized",
        "items": [
          {
            "etag": "Sanitized",
            "key": ".appconfig.featureflag/Alpha",
            "label": null,
            "content_type": "application/vnd.microsoft.appconfig.ff+json;charset=utf-8",
            "value": "{\t\"id\": \"Alpha\", \"description\": \"\", \"enabled\": false, \"conditions\": {\t\"client_filters\": []\t}}",
            "tags": {},
            "locked": false,
            "last_modified": "2025-04-15T16:29:41+00:00"
          },
          {
            "etag": "Sanitized",
            "key": ".appconfig.featureflag/Beta",
            "label": null,
            "content_type": "application/vnd.microsoft.appconfig.ff+json;charset=utf-8",
            "value": "{\"id\":\"Beta\",\"enabled\":true,\"conditions\":{\"client_filters\":[]},\"display_name\":null,\"description\":null,\"telemetry\":{\"enabled\":true}}",
            "tags": {},
            "locked": false,
            "last_modified": "2025-02-24T18:04:36+00:00"
          },
          {
            "etag": "Sanitized",
            "key": ".appconfig.featureflag/Greeting",
            "label": null,
            "content_type": "application/vnd.microsoft.appconfig.ff+json;charset=utf-8",
            "value": "{\"id\":\"Greeting\",\"enabled\":false,\"variants\":[{\"name\":\"Off\",\"configuration_value\":false},{\"name\":\"On\",\"configuration_value\":true}],\"allocation\":{\"percentile\":[{\"variant\":\"Off\",\"from\":0,\"to\":100}],\"default_when_enabled\":\"Off\",\"default_when_disabled\":\"Off\"},\"telemetry\":{\"enabled\":false}}",
            "tags": {},
            "locked": false,
            "last_modified": "2025-03-05T18:16:16+00:00"
          },
          {
            "etag": "Sanitized",
            "key": ".appconfig.featureflag/ID Test",
            "label": null,
            "content_type": "application/vnd.microsoft.appconfig.ff+json;charset=utf-8",
            "value": "{\"id\":\"IDTest\",\"description\":\"\",\"enabled\":true,\"conditions\":{\"client_filters\":[]}}",
            "tags": {},
            "locked": false,
            "last_modified": "2024-08-27T18:43:08+00:00"
          },
          {
            "etag": "Sanitized",
            "key": ".appconfig.featureflag/SpaceTest",
            "label": null,
            "content_type": "application/vnd.microsoft.appconfig.ff+json;charset=utf-8",
            "value": "{\"id\": \"There is a space in the feature id\", \"enabled\": true, \"conditions\": {\"client_filters\": []}, \"display_name\": null, \"description\": null}",
            "tags": {},
            "locked": false,
            "last_modified": "2024-08-15T18:44:29+00:00"
          },
          {
            "etag": "Sanitized",
            "key": ".appconfig.featureflag/TWF",
            "label": null,
            "content_type": "application/vnd.microsoft.appconfig.ff+json;charset=utf-8",
            "value": "{\"id\":\"TWF\",\"description\":\"\",\"enabled\":true,\"conditions\":{\"client_filters\":[{\"name\":\"Microsoft.TimeWindow\",\"parameters\":{\"Start\":\"Fri, 13 Dec 2024 08:00:00 GMT\",\"End\":\"Sat, 21 Dec 2024 08:00:00 GMT\",\"Recurrence\":{\"Pattern\":{\"Type\":\"Weekly\",\"Interval\":1,\"FirstDayOfWeek\":\"Sunday\",\"DaysOfWeek\":[\"Friday\"]},\"Range\":{\"Type\":\"NoEnd\"}}}}]}}",
            "tags": {},
            "locked": false,
            "last_modified": "2024-12-13T20:20:21+00:00"
          },
          {
            "etag": "Sanitized",
            "key": ".appconfig.featureflag/TelTest",
            "label": null,
            "content_type": "application/vnd.microsoft.appconfig.ff+json;charset=utf-8",
            "value": "{\"id\":\"TelTest\",\"enabled\":true,\"variants\":[{\"name\":\"Off\",\"configuration_value\":false},{\"name\":\"On\",\"configuration_value\":true}],\"allocation\":{\"percentile\":[{\"variant\":\"Off\",\"from\":0,\"to\":100}],\"default_when_enabled\":\"Off\",\"default_when_disabled\":\"Off\"},\"telemetry\":{\"enabled\":true}}",
            "tags": {},
            "locked": false,
            "last_modified": "2025-02-11T06:37:32+00:00"
          },
          {
            "etag": "Sanitized",
            "key": ".appconfig.featureflag/jkf",
            "label": null,
            "content_type": "application/vnd.microsoft.appconfig.ff+json;charset=utf-8",
            "value": "{\"id\":\"jkf\",\"description\":\"\",\"enabled\":true,\"conditions\":{\"client_filters\":[{\"name\":\"Microsoft.Targeting\",\"parameters\":{\"Audience\":{\"Users\":[\"gkl\"],\"Groups\":[{\"Name\":\"fk\",\"RolloutPercentage\":49}],\"DefaultRolloutPercentage\":50}}}]}}",
            "tags": {},
            "locked": false,
            "last_modified": "2024-08-29T17:38:18+00:00"
          },
          {
            "etag": "Sanitized",
            "key": "/application/config.message",
            "label": null,
            "content_type": "",
            "value": "application",
            "tags": {},
            "locked": false,
            "last_modified": "2024-09-03T18:43:06+00:00"
          },
          {
            "etag": "Sanitized",
            "key": "/custom/config.message",
            "label": null,
            "content_type": "",
            "value": "custom",
            "tags": {},
            "locked": false,
            "last_modified": "2024-09-03T18:38:58+00:00"
          },
          {
            "etag": "Sanitized",
            "key": "TestApp:Settings:Message",
            "label": null,
            "content_type": "",
            "value": "Data from Azure App Configuration",
            "tags": {},
            "locked": false,
            "last_modified": "2024-08-15T17:18:49+00:00"
          },
          {
            "etag": "Sanitized",
            "key": "app.greeting",
            "label": null,
            "content_type": "",
            "value": "Hello World",
            "tags": {},
            "locked": false,
            "last_modified": "2024-08-15T16:38:17+00:00"
          },
          {
            "etag": "Sanitized",
            "key": "app.json",
            "label": null,
            "content_type": "application/json",
            "value": "{\"myKey\":\"myValue\"}",
            "tags": {},
            "locked": false,
            "last_modified": "2024-08-15T16:38:43+00:00"
          },
          {
            "etag": "Sanitized",
            "key": "message",
            "label": null,
            "content_type": "text/plain",
            "value": "hi",
            "tags": {},
            "locked": false,
            "last_modified": "2025-04-15T16:29:41+00:00"
          },
          {
            "etag": "Sanitized",
            "key": "my_json",
            "label": null,
            "content_type": "application/json",
            "value": "{\"key\": \"value\"}",
            "tags": {},
            "locked": false,
            "last_modified": "2025-04-15T16:29:41+00:00"
          },
          {
            "etag": "Sanitized",
            "key": "non_refreshed_message",
            "label": null,
            "content_type": "text/plain",
            "value": "Static",
            "tags": {},
            "locked": false,
            "last_modified": "2025-04-15T16:29:41+00:00"
          },
          {
            "etag": "Sanitized",
            "key": "refresh_message",
            "label": null,
            "content_type": "text/plain",
            "value": "original value",
            "tags": {},
            "locked": false,
            "last_modified": "2025-04-15T16:29:41+00:00"
          },
          {
            "etag": "Sanitized",
            "key": "test.trimmed",
            "label": null,
            "content_type": "text/plain",
            "value": "key",
            "tags": {},
            "locked": false,
            "last_modified": "2025-04-15T16:29:41+00:00"
          }
        ]
      }
    },
    {
      "RequestUri": "https://Sanitized.azconfig.io/kv?key=.appconfig.featureflag%2F%2A&label=%00&api-version=1970-01-01",
      "RequestMethod": "GET",
      "RequestHeaders": {
        "Accept": "application/vnd.microsoft.appconfig.kvset+json, application/problem+json",
        "Accept-Encoding": "gzip, deflate",
        "Connection": "keep-alive",
        "User-Agent": "SDK/Integration SDK/Integration python-appconfiguration-provider/2.0.1 azsdk-python-appconfiguration/unknown Python/3.11.9 (Windows-10-10.0.26100-SP0)",
        "x-ms-content-sha256": "Sanitized",
        "x-ms-date": "Apr, 15 2025 16:29:41.467845 GMT"
      },
      "RequestBody": null,
      "StatusCode": 200,
      "ResponseHeaders": {
        "Access-Control-Allow-Origin": "*",
        "Connection": "keep-alive",
        "Content-Type": "application/vnd.microsoft.appconfig.kvset+json; charset=utf-8",
        "Date": "Tue, 15 Apr 2025 16:29:41 GMT",
        "ETag": "\"0n8hoqfW8Mxk8zbr_WvmGuLIDKK5kRuQ9KqJ3mGTmJs\"",
        "Strict-Transport-Security": "max-age=31536000; includeSubDomains",
        "Transfer-Encoding": "chunked",
        "x-ms-correlation-request-id": "1c179d9f-87e2-40ef-b5d2-8b6a480bc1d9"
      },
      "ResponseBody": {
        "etag": "Sanitized",
        "items": [
          {
            "etag": "Sanitized",
            "key": ".appconfig.featureflag/Alpha",
            "label": null,
            "content_type": "application/vnd.microsoft.appconfig.ff+json;charset=utf-8",
            "value": "{\t\"id\": \"Alpha\", \"description\": \"\", \"enabled\": false, \"conditions\": {\t\"client_filters\": []\t}}",
            "tags": {},
            "locked": false,
            "last_modified": "2025-04-15T16:29:41+00:00"
          },
          {
            "etag": "Sanitized",
            "key": ".appconfig.featureflag/Beta",
            "label": null,
            "content_type": "application/vnd.microsoft.appconfig.ff+json;charset=utf-8",
            "value": "{\"id\":\"Beta\",\"enabled\":true,\"conditions\":{\"client_filters\":[]},\"display_name\":null,\"description\":null,\"telemetry\":{\"enabled\":true}}",
            "tags": {},
            "locked": false,
            "last_modified": "2025-02-24T18:04:36+00:00"
          },
          {
            "etag": "Sanitized",
            "key": ".appconfig.featureflag/Greeting",
            "label": null,
            "content_type": "application/vnd.microsoft.appconfig.ff+json;charset=utf-8",
            "value": "{\"id\":\"Greeting\",\"enabled\":false,\"variants\":[{\"name\":\"Off\",\"configuration_value\":false},{\"name\":\"On\",\"configuration_value\":true}],\"allocation\":{\"percentile\":[{\"variant\":\"Off\",\"from\":0,\"to\":100}],\"default_when_enabled\":\"Off\",\"default_when_disabled\":\"Off\"},\"telemetry\":{\"enabled\":false}}",
            "tags": {},
            "locked": false,
            "last_modified": "2025-03-05T18:16:16+00:00"
          },
          {
            "etag": "Sanitized",
            "key": ".appconfig.featureflag/ID Test",
            "label": null,
            "content_type": "application/vnd.microsoft.appconfig.ff+json;charset=utf-8",
            "value": "{\"id\":\"IDTest\",\"description\":\"\",\"enabled\":true,\"conditions\":{\"client_filters\":[]}}",
            "tags": {},
            "locked": false,
            "last_modified": "2024-08-27T18:43:08+00:00"
          },
          {
            "etag": "Sanitized",
            "key": ".appconfig.featureflag/SpaceTest",
            "label": null,
            "content_type": "application/vnd.microsoft.appconfig.ff+json;charset=utf-8",
            "value": "{\"id\": \"There is a space in the feature id\", \"enabled\": true, \"conditions\": {\"client_filters\": []}, \"display_name\": null, \"description\": null}",
            "tags": {},
            "locked": false,
            "last_modified": "2024-08-15T18:44:29+00:00"
          },
          {
            "etag": "Sanitized",
            "key": ".appconfig.featureflag/TWF",
            "label": null,
            "content_type": "application/vnd.microsoft.appconfig.ff+json;charset=utf-8",
            "value": "{\"id\":\"TWF\",\"description\":\"\",\"enabled\":true,\"conditions\":{\"client_filters\":[{\"name\":\"Microsoft.TimeWindow\",\"parameters\":{\"Start\":\"Fri, 13 Dec 2024 08:00:00 GMT\",\"End\":\"Sat, 21 Dec 2024 08:00:00 GMT\",\"Recurrence\":{\"Pattern\":{\"Type\":\"Weekly\",\"Interval\":1,\"FirstDayOfWeek\":\"Sunday\",\"DaysOfWeek\":[\"Friday\"]},\"Range\":{\"Type\":\"NoEnd\"}}}}]}}",
            "tags": {},
            "locked": false,
            "last_modified": "2024-12-13T20:20:21+00:00"
          },
          {
            "etag": "Sanitized",
            "key": ".appconfig.featureflag/TelTest",
            "label": null,
            "content_type": "application/vnd.microsoft.appconfig.ff+json;charset=utf-8",
            "value": "{\"id\":\"TelTest\",\"enabled\":true,\"variants\":[{\"name\":\"Off\",\"configuration_value\":false},{\"name\":\"On\",\"configuration_value\":true}],\"allocation\":{\"percentile\":[{\"variant\":\"Off\",\"from\":0,\"to\":100}],\"default_when_enabled\":\"Off\",\"default_when_disabled\":\"Off\"},\"telemetry\":{\"enabled\":true}}",
            "tags": {},
            "locked": false,
            "last_modified": "2025-02-11T06:37:32+00:00"
          },
          {
            "etag": "Sanitized",
            "key": ".appconfig.featureflag/jkf",
            "label": null,
            "content_type": "application/vnd.microsoft.appconfig.ff+json;charset=utf-8",
            "value": "{\"id\":\"jkf\",\"description\":\"\",\"enabled\":true,\"conditions\":{\"client_filters\":[{\"name\":\"Microsoft.Targeting\",\"parameters\":{\"Audience\":{\"Users\":[\"gkl\"],\"Groups\":[{\"Name\":\"fk\",\"RolloutPercentage\":49}],\"DefaultRolloutPercentage\":50}}}]}}",
            "tags": {},
            "locked": false,
            "last_modified": "2024-08-29T17:38:18+00:00"
          }
        ]
      }
    }
  ],
  "Variables": {}
}
