{
  "Entries": [
    {
      "RequestUri": "https://login.microsoftonline.com/fake-tenant-id/v2.0/.well-known/openid-configuration",
      "RequestMethod": "GET",
      "RequestHeaders": {
        "Accept": "*/*",
        "Accept-Encoding": "gzip, deflate",
        "Connection": "keep-alive",
        "User-Agent": "azsdk-python-identity/1.15.0b2 Python/3.10.11 (Windows-10-10.0.22621-SP0)"
      },
      "RequestBody": null,
      "StatusCode": 200,
      "ResponseHeaders": {
        "Access-Control-Allow-Methods": "GET, OPTIONS",
        "Access-Control-Allow-Origin": "*",
        "Cache-Control": "max-age=86400, private",
        "Content-Length": "1599",
        "Content-Type": "application/json; charset=utf-8",
        "Date": "Mon, 25 Sep 2023 23:15:11 GMT",
        "P3P": "CP=\u0022DSP CUR OTPi IND OTRi ONL FIN\u0022",
        "Set-Cookie": [
          "fpc=Ao7e3yduqhtKthuXQ380mFKzkgMlAwAAAF8LpNwOAAAA8QMI7goAAABhC6TcDgAAAA; expires=Wed, 25-Oct-2023 23:15:12 GMT; path=/; secure; HttpOnly; SameSite=None",
          "x-ms-gateway-slice=estsfd; path=/; secure; samesite=none; httponly"
        ],
        "Strict-Transport-Security": "max-age=31536000; includeSubDomains",
        "X-Content-Type-Options": "nosniff",
        "x-ms-ests-server": "2.1.16424.6 - EUS ProdSlices",
        "X-XSS-Protection": "0"
      },
      "ResponseBody": {
        "token_endpoint": "https://login.microsoftonline.com/fake-tenant-id/oauth2/v2.0/token",
        "token_endpoint_auth_methods_supported": [
          "client_secret_post",
          "private_key_jwt",
          "client_secret_basic"
        ],
        "jwks_uri": "https://login.microsoftonline.com/fake-tenant-id/discovery/v2.0/keys",
        "response_modes_supported": [
          "query",
          "fragment",
          "form_post"
        ],
        "subject_types_supported": [
          "pairwise"
        ],
        "id_token_signing_alg_values_supported": [
          "RS256"
        ],
        "response_types_supported": [
          "code",
          "id_token",
          "code id_token",
          "id_token token"
        ],
        "scopes_supported": [
          "openid",
          "profile",
          "email",
          "offline_access"
        ],
        "issuer": "https://login.microsoftonline.com/fake-tenant-id/v2.0",
        "request_uri_parameter_supported": false,
        "userinfo_endpoint": "https://graph.microsoft.com/oidc/userinfo",
        "authorization_endpoint": "https://login.microsoftonline.com/fake-tenant-id/oauth2/v2.0/authorize",
        "device_authorization_endpoint": "https://login.microsoftonline.com/fake-tenant-id/oauth2/v2.0/devicecode",
        "http_logout_supported": true,
        "frontchannel_logout_supported": true,
        "end_session_endpoint": "https://login.microsoftonline.com/fake-tenant-id/oauth2/v2.0/logout",
        "claims_supported": [
          "sub",
          "iss",
          "cloud_instance_name",
          "cloud_instance_host_name",
          "cloud_graph_host_name",
          "msgraph_host",
          "aud",
          "exp",
          "iat",
          "auth_time",
          "acr",
          "nonce",
          "preferred_username",
          "name",
          "tid",
          "ver",
          "at_hash",
          "c_hash",
          "email"
        ],
        "kerberos_endpoint": "https://login.microsoftonline.com/fake-tenant-id/kerberos",
        "tenant_region_scope": "WW",
        "cloud_instance_name": "microsoftonline.com",
        "cloud_graph_host_name": "graph.windows.net",
        "msgraph_host": "graph.microsoft.com",
        "rbac_url": "https://pas.windows.net"
      }
    },
    {
      "RequestUri": "https://fake-endpoint.azconfig.io/kv/message?label=%00\u0026api-version=1970-01-01",
      "RequestMethod": "PUT",
      "RequestHeaders": {
        "Accept": "application/vnd.microsoft.appconfig.kv\u002Bjson, application/json, application/problem\u002Bjson",
        "Accept-Encoding": "gzip, deflate",
        "Connection": "keep-alive",
        "Content-Length": "94",
        "Content-Type": "application/json",
        "User-Agent": "azsdk-python-appconfiguration/1.4.0 Python/3.10.11 (Windows-10-10.0.22621-SP0)"
      },
      "RequestBody": {
        "key": "message",
        "label": "\u0000",
        "content_type": "text/plain",
        "value": "hi",
        "tags": {}
      },
      "StatusCode": 200,
      "ResponseHeaders": {
        "Access-Control-Allow-Origin": "*",
        "Connection": "keep-alive",
        "Content-Type": "application/vnd.microsoft.appconfig.kv\u002Bjson; charset=utf-8",
        "Date": "Mon, 25 Sep 2023 23:15:12 GMT",
        "ETag": "\u0022PCGsdTzAmH_yC8r28x8-mretmYAWwloxdtFCET8msQY\u0022",
        "Last-Modified": "Mon, 25 Sep 2023 23:15:12 GMT",
        "Strict-Transport-Security": "max-age=15724800; includeSubDomains",
        "Sync-Token": "zAJw6V16=Njo1IzIwMDQxNDAy;sn=20041402",
        "Transfer-Encoding": "chunked",
        "x-ms-correlation-request-id": "f4c801f3-2076-435c-bc16-36c06601b9f8"
      },
      "ResponseBody": {
        "etag": "PCGsdTzAmH_yC8r28x8-mretmYAWwloxdtFCET8msQY",
        "key": "message",
        "label": null,
        "content_type": "text/plain",
        "value": "hi",
        "tags": {},
        "locked": false,
        "last_modified": "2023-09-25T23:15:12\u002B00:00"
      }
    },
    {
      "RequestUri": "https://fake-endpoint.azconfig.io/kv/message?label=dev\u0026api-version=1970-01-01",
      "RequestMethod": "PUT",
      "RequestHeaders": {
        "Accept": "application/vnd.microsoft.appconfig.kv\u002Bjson, application/json, application/problem\u002Bjson",
        "Accept-Encoding": "gzip, deflate",
        "Connection": "keep-alive",
        "Content-Length": "93",
        "Content-Type": "application/json",
        "Sync-Token": "zAJw6V16=Njo1IzIwMDQxNDAy",
        "User-Agent": "azsdk-python-appconfiguration/1.4.0 Python/3.10.11 (Windows-10-10.0.22621-SP0)"
      },
      "RequestBody": {
        "key": "message",
        "label": "dev",
        "content_type": "text/plain",
        "value": "test",
        "tags": {}
      },
      "StatusCode": 200,
      "ResponseHeaders": {
        "Access-Control-Allow-Origin": "*",
        "Connection": "keep-alive",
        "Content-Type": "application/vnd.microsoft.appconfig.kv\u002Bjson; charset=utf-8",
        "Date": "Mon, 25 Sep 2023 23:15:12 GMT",
        "ETag": "\u0022gKIWQIGWu9jUDF71XzFPhhhVGOLE-mlhu1o7DNv3EfE\u0022",
        "Last-Modified": "Mon, 25 Sep 2023 23:15:12 GMT",
        "Strict-Transport-Security": "max-age=15724800; includeSubDomains",
        "Sync-Token": "zAJw6V16=Njo1IzIwMDQxNDA0;sn=20041404",
        "Transfer-Encoding": "chunked",
        "x-ms-correlation-request-id": "64afd7dc-ebd6-422f-ac7f-5deb2b75a020"
      },
      "ResponseBody": {
        "etag": "gKIWQIGWu9jUDF71XzFPhhhVGOLE-mlhu1o7DNv3EfE",
        "key": "message",
        "label": "dev",
        "content_type": "text/plain",
        "value": "test",
        "tags": {},
        "locked": false,
        "last_modified": "2023-09-25T23:15:12\u002B00:00"
      }
    },
    {
      "RequestUri": "https://fake-endpoint.azconfig.io/kv/my_json?label=%00\u0026api-version=1970-01-01",
      "RequestMethod": "PUT",
      "RequestHeaders": {
        "Accept": "application/vnd.microsoft.appconfig.kv\u002Bjson, application/json, application/problem\u002Bjson",
        "Accept-Encoding": "gzip, deflate",
        "Connection": "keep-alive",
        "Content-Length": "118",
        "Content-Type": "application/json",
        "Sync-Token": "zAJw6V16=Njo1IzIwMDQxNDA0",
        "User-Agent": "azsdk-python-appconfiguration/1.4.0 Python/3.10.11 (Windows-10-10.0.22621-SP0)"
      },
      "RequestBody": {
        "key": "my_json",
        "label": "\u0000",
        "content_type": "application/json",
        "value": "{\u0022key\u0022: \u0022value\u0022}",
        "tags": {}
      },
      "StatusCode": 200,
      "ResponseHeaders": {
        "Access-Control-Allow-Origin": "*",
        "Connection": "keep-alive",
        "Content-Type": "application/vnd.microsoft.appconfig.kv\u002Bjson; charset=utf-8",
        "Date": "Mon, 25 Sep 2023 23:15:12 GMT",
        "ETag": "\u0022nae67k_2QU8b8JXwCogFUTBPTtKY2ilIkOi_VGju4dQ\u0022",
        "Last-Modified": "Mon, 25 Sep 2023 23:15:12 GMT",
        "Strict-Transport-Security": "max-age=15724800; includeSubDomains",
        "Sync-Token": "zAJw6V16=Njo1IzIwMDQxNDA2;sn=20041406",
        "Transfer-Encoding": "chunked",
        "x-ms-correlation-request-id": "aeefc614-773b-4fc0-914d-fc18c19e01af"
      },
      "ResponseBody": {
        "etag": "nae67k_2QU8b8JXwCogFUTBPTtKY2ilIkOi_VGju4dQ",
        "key": "my_json",
        "label": null,
        "content_type": "application/json",
        "value": "{\u0022key\u0022: \u0022value\u0022}",
        "tags": {},
        "locked": false,
        "last_modified": "2023-09-25T23:15:12\u002B00:00"
      }
    },
    {
      "RequestUri": "https://fake-endpoint.azconfig.io/kv/test.trimmed?label=%00\u0026api-version=1970-01-01",
      "RequestMethod": "PUT",
      "RequestHeaders": {
        "Accept": "application/vnd.microsoft.appconfig.kv\u002Bjson, application/json, application/problem\u002Bjson",
        "Accept-Encoding": "gzip, deflate",
        "Connection": "keep-alive",
        "Content-Length": "100",
        "Content-Type": "application/json",
        "Sync-Token": "zAJw6V16=Njo1IzIwMDQxNDA2",
        "User-Agent": "azsdk-python-appconfiguration/1.4.0 Python/3.10.11 (Windows-10-10.0.22621-SP0)"
      },
      "RequestBody": {
        "key": "test.trimmed",
        "label": "\u0000",
        "content_type": "text/plain",
        "value": "key",
        "tags": {}
      },
      "StatusCode": 200,
      "ResponseHeaders": {
        "Access-Control-Allow-Origin": "*",
        "Connection": "keep-alive",
        "Content-Type": "application/vnd.microsoft.appconfig.kv\u002Bjson; charset=utf-8",
        "Date": "Mon, 25 Sep 2023 23:15:12 GMT",
        "ETag": "\u0022fEjHVFuaRivfNhcbGWADuK2EfNVb0jYNNvWGGW07OU8\u0022",
        "Last-Modified": "Mon, 25 Sep 2023 23:15:12 GMT",
        "Strict-Transport-Security": "max-age=15724800; includeSubDomains",
        "Sync-Token": "zAJw6V16=Njo1IzIwMDQxNDA4;sn=20041408",
        "Transfer-Encoding": "chunked",
        "x-ms-correlation-request-id": "e3e58251-595d-43c1-8354-895446ae9131"
      },
      "ResponseBody": {
        "etag": "fEjHVFuaRivfNhcbGWADuK2EfNVb0jYNNvWGGW07OU8",
        "key": "test.trimmed",
        "label": null,
        "content_type": "text/plain",
        "value": "key",
        "tags": {},
        "locked": false,
        "last_modified": "2023-09-25T23:15:12\u002B00:00"
      }
    },
    {
      "RequestUri": "https://fake-endpoint.azconfig.io/kv/refresh_message?label=%00\u0026api-version=1970-01-01",
      "RequestMethod": "PUT",
      "RequestHeaders": {
        "Accept": "application/vnd.microsoft.appconfig.kv\u002Bjson, application/json, application/problem\u002Bjson",
        "Accept-Encoding": "gzip, deflate",
        "Connection": "keep-alive",
        "Content-Length": "114",
        "Content-Type": "application/json",
        "Sync-Token": "zAJw6V16=Njo1IzIwMDQxNDA4",
        "User-Agent": "azsdk-python-appconfiguration/1.4.0 Python/3.10.11 (Windows-10-10.0.22621-SP0)"
      },
      "RequestBody": {
        "key": "refresh_message",
        "label": "\u0000",
        "content_type": "text/plain",
        "value": "original value",
        "tags": {}
      },
      "StatusCode": 200,
      "ResponseHeaders": {
        "Access-Control-Allow-Origin": "*",
        "Connection": "keep-alive",
        "Content-Type": "application/vnd.microsoft.appconfig.kv\u002Bjson; charset=utf-8",
        "Date": "Mon, 25 Sep 2023 23:15:12 GMT",
        "ETag": "\u0022U9QM61LMbr_COpv8BqqHqWv3DwXHSDUay1b78dM95r4\u0022",
        "Last-Modified": "Mon, 25 Sep 2023 23:15:12 GMT",
        "Strict-Transport-Security": "max-age=15724800; includeSubDomains",
        "Sync-Token": "zAJw6V16=Njo1IzIwMDQxNDEw;sn=20041410",
        "Transfer-Encoding": "chunked",
        "x-ms-correlation-request-id": "3840028f-facf-4f71-acf7-40fedf083cd6"
      },
      "ResponseBody": {
        "etag": "U9QM61LMbr_COpv8BqqHqWv3DwXHSDUay1b78dM95r4",
        "key": "refresh_message",
        "label": null,
        "content_type": "text/plain",
        "value": "original value",
        "tags": {},
        "locked": false,
        "last_modified": "2023-09-25T23:15:12\u002B00:00"
      }
    },
    {
      "RequestUri": "https://fake-endpoint.azconfig.io/kv/non_refreshed_message?label=%00\u0026api-version=1970-01-01",
      "RequestMethod": "PUT",
      "RequestHeaders": {
        "Accept": "application/vnd.microsoft.appconfig.kv\u002Bjson, application/json, application/problem\u002Bjson",
        "Accept-Encoding": "gzip, deflate",
        "Connection": "keep-alive",
        "Content-Length": "112",
        "Content-Type": "application/json",
        "Sync-Token": "zAJw6V16=Njo1IzIwMDQxNDEw",
        "User-Agent": "azsdk-python-appconfiguration/1.4.0 Python/3.10.11 (Windows-10-10.0.22621-SP0)"
      },
      "RequestBody": {
        "key": "non_refreshed_message",
        "label": "\u0000",
        "content_type": "text/plain",
        "value": "Static",
        "tags": {}
      },
      "StatusCode": 200,
      "ResponseHeaders": {
        "Access-Control-Allow-Origin": "*",
        "Connection": "keep-alive",
        "Content-Type": "application/vnd.microsoft.appconfig.kv\u002Bjson; charset=utf-8",
        "Date": "Mon, 25 Sep 2023 23:15:12 GMT",
        "ETag": "\u0022uJ50_JtLTCsNI35vX9-BfspH5yhMTTa0aWTRmt2LRsc\u0022",
        "Last-Modified": "Mon, 25 Sep 2023 23:15:12 GMT",
        "Strict-Transport-Security": "max-age=15724800; includeSubDomains",
        "Sync-Token": "zAJw6V16=Njo1IzIwMDQxNDEy;sn=20041412",
        "Transfer-Encoding": "chunked",
        "x-ms-correlation-request-id": "a8f93244-27b3-4f1c-b706-e087a3fcdf6a"
      },
      "ResponseBody": {
        "etag": "uJ50_JtLTCsNI35vX9-BfspH5yhMTTa0aWTRmt2LRsc",
        "key": "non_refreshed_message",
        "label": null,
        "content_type": "text/plain",
        "value": "Static",
        "tags": {},
        "locked": false,
        "last_modified": "2023-09-25T23:15:12\u002B00:00"
      }
    },
    {
      "RequestUri": "https://fake-endpoint.azconfig.io/kv/.appconfig.featureflag%2FAlpha?label=%00\u0026api-version=1970-01-01",
      "RequestMethod": "PUT",
      "RequestHeaders": {
        "Accept": "application/vnd.microsoft.appconfig.kv\u002Bjson, application/json, application/problem\u002Bjson",
        "Accept-Encoding": "gzip, deflate",
        "Connection": "keep-alive",
        "Content-Length": "270",
        "Content-Type": "application/json",
        "Sync-Token": "zAJw6V16=Njo1IzIwMDQxNDEy",
        "User-Agent": "azsdk-python-appconfiguration/1.4.0 Python/3.10.11 (Windows-10-10.0.22621-SP0)"
      },
      "RequestBody": {
        "key": ".appconfig.featureflag/Alpha",
        "label": "\u0000",
        "content_type": "application/vnd.microsoft.appconfig.ff\u002Bjson;charset=utf-8",
        "value": "{\t\u0022id\u0022: \u0022Alpha\u0022, \u0022description\u0022: \u0022\u0022, \u0022enabled\u0022: false, \u0022conditions\u0022: {\t\u0022client_filters\u0022: []\t}}",
        "tags": {}
      },
      "StatusCode": 200,
      "ResponseHeaders": {
        "Access-Control-Allow-Origin": "*",
        "Connection": "keep-alive",
        "Content-Type": "application/vnd.microsoft.appconfig.kv\u002Bjson; charset=utf-8",
        "Date": "Mon, 25 Sep 2023 23:15:12 GMT",
        "ETag": "\u0022yAOn3yJNizl6hTSBQUvbC4pwQWQm1fxQNN7ztxoRqjw\u0022",
        "Last-Modified": "Mon, 25 Sep 2023 23:15:12 GMT",
        "Strict-Transport-Security": "max-age=15724800; includeSubDomains",
        "Sync-Token": "zAJw6V16=Njo1IzIwMDQxNDE0;sn=20041414",
        "Transfer-Encoding": "chunked",
        "x-ms-correlation-request-id": "f0294346-ee1e-4acf-bce9-3ea670671452"
      },
      "ResponseBody": {
        "etag": "yAOn3yJNizl6hTSBQUvbC4pwQWQm1fxQNN7ztxoRqjw",
        "key": ".appconfig.featureflag/Alpha",
        "label": null,
        "content_type": "application/vnd.microsoft.appconfig.ff\u002Bjson;charset=utf-8",
        "value": "{\t\u0022id\u0022: \u0022Alpha\u0022, \u0022description\u0022: \u0022\u0022, \u0022enabled\u0022: false, \u0022conditions\u0022: {\t\u0022client_filters\u0022: []\t}}",
        "tags": {},
        "locked": false,
        "last_modified": "2023-09-25T23:15:12\u002B00:00"
      }
    },
    {
      "RequestUri": "https://fake-endpoint.azconfig.io/kv/secret?label=prod\u0026api-version=1970-01-01",
      "RequestMethod": "PUT",
      "RequestHeaders": {
        "Accept": "application/vnd.microsoft.appconfig.kv\u002Bjson, application/json, application/problem\u002Bjson",
        "Accept-Encoding": "gzip, deflate",
        "Connection": "keep-alive",
        "Content-Length": "217",
        "Content-Type": "application/json",
        "Sync-Token": "zAJw6V16=Njo1IzIwMDQxNDE0",
        "User-Agent": "azsdk-python-appconfiguration/1.4.0 Python/3.10.11 (Windows-10-10.0.22621-SP0)"
      },
      "RequestBody": {
        "key": "secret",
        "label": "prod",
        "content_type": "application/vnd.microsoft.appconfig.keyvaultref\u002Bjson;charset=utf-8",
        "value": "{\u0022uri\u0022:\u0022https://fake-keyvault.vault.azure.net/secrets/fake-secret/\u0022}",
        "tags": {}
      },
      "StatusCode": 200,
      "ResponseHeaders": {
        "Access-Control-Allow-Origin": "*",
        "Connection": "keep-alive",
        "Content-Type": "application/vnd.microsoft.appconfig.kv\u002Bjson; charset=utf-8",
        "Date": "Mon, 25 Sep 2023 23:15:12 GMT",
        "ETag": "\u0022AGHHax3sM6TO-UC6Tbu_5QW7xf-pX--GXvQCQEeEAOA\u0022",
        "Last-Modified": "Mon, 25 Sep 2023 23:15:12 GMT",
        "Strict-Transport-Security": "max-age=15724800; includeSubDomains",
        "Sync-Token": "zAJw6V16=Njo1IzIwMDQxNDE2;sn=20041416",
        "Transfer-Encoding": "chunked",
        "x-ms-correlation-request-id": "7bb5046c-af18-4026-9474-31979b8c0373"
      },
      "ResponseBody": {
        "etag": "AGHHax3sM6TO-UC6Tbu_5QW7xf-pX--GXvQCQEeEAOA",
        "key": "secret",
        "label": "prod",
        "content_type": "application/vnd.microsoft.appconfig.keyvaultref\u002Bjson;charset=utf-8",
        "value": "{\u0022uri\u0022:\u0022https://fake-keyvault.vault.azure.net/secrets/fake-secret/\u0022}",
        "tags": {},
        "locked": false,
        "last_modified": "2023-09-25T23:15:12\u002B00:00"
      }
    },
    {
      "RequestUri": "https://fake-endpoint.azconfig.io/kv?key=%2A\u0026label=%00\u0026api-version=1970-01-01",
      "RequestMethod": "GET",
      "RequestHeaders": {
        "Accept": "application/vnd.microsoft.appconfig.kvset\u002Bjson, application/json, application/problem\u002Bjson",
        "Accept-Encoding": "gzip, deflate",
        "Connection": "keep-alive",
        "Correlation-Context": "RequestType=Startup,UsesKeyVault",
        "User-Agent": "SDK/Integration python-appconfiguration-provider/1.1.0b2 azsdk-python-appconfiguration/1.4.0 Python/3.10.11 (Windows-10-10.0.22621-SP0)"
      },
      "RequestBody": null,
      "StatusCode": 200,
      "ResponseHeaders": {
        "Access-Control-Allow-Origin": "*",
        "Connection": "keep-alive",
        "Content-Type": "application/vnd.microsoft.appconfig.kvset\u002Bjson; charset=utf-8",
        "Date": "Mon, 25 Sep 2023 23:15:13 GMT",
        "Strict-Transport-Security": "max-age=15724800; includeSubDomains",
        "Sync-Token": "zAJw6V16=Njo1IzIwMDQxNDE3;sn=20041417",
        "Transfer-Encoding": "chunked",
        "x-ms-correlation-request-id": "8bebbcaa-d4df-4e2f-9516-c45d77d9ac31"
      },
      "ResponseBody": {
        "items": [
          {
            "etag": "yAOn3yJNizl6hTSBQUvbC4pwQWQm1fxQNN7ztxoRqjw",
            "key": ".appconfig.featureflag/Alpha",
            "label": null,
            "content_type": "application/vnd.microsoft.appconfig.ff\u002Bjson;charset=utf-8",
            "value": "{\t\u0022id\u0022: \u0022Alpha\u0022, \u0022description\u0022: \u0022\u0022, \u0022enabled\u0022: false, \u0022conditions\u0022: {\t\u0022client_filters\u0022: []\t}}",
            "tags": {},
            "locked": false,
            "last_modified": "2023-09-25T23:15:12\u002B00:00"
          },
          {
            "etag": "k4TRKnaWJn6AB852-AwkLYxYLfKkHqZjLJtNwPt6cj8",
            "key": "Sentinel",
            "label": null,
            "content_type": null,
            "value": "2",
            "tags": {},
            "locked": false,
            "last_modified": "2023-09-21T20:45:53\u002B00:00"
          },
          {
            "etag": "PCGsdTzAmH_yC8r28x8-mretmYAWwloxdtFCET8msQY",
            "key": "message",
            "label": null,
            "content_type": "text/plain",
            "value": "hi",
            "tags": {},
            "locked": false,
            "last_modified": "2023-09-25T23:15:12\u002B00:00"
          },
          {
            "etag": "nae67k_2QU8b8JXwCogFUTBPTtKY2ilIkOi_VGju4dQ",
            "key": "my_json",
            "label": null,
            "content_type": "application/json",
            "value": "{\u0022key\u0022: \u0022value\u0022}",
            "tags": {},
            "locked": false,
            "last_modified": "2023-09-25T23:15:12\u002B00:00"
          },
          {
            "etag": "uJ50_JtLTCsNI35vX9-BfspH5yhMTTa0aWTRmt2LRsc",
            "key": "non_refreshed_message",
            "label": null,
            "content_type": "text/plain",
            "value": "Static",
            "tags": {},
            "locked": false,
            "last_modified": "2023-09-25T23:15:12\u002B00:00"
          },
          {
            "etag": "U9QM61LMbr_COpv8BqqHqWv3DwXHSDUay1b78dM95r4",
            "key": "refresh_message",
            "label": null,
            "content_type": "text/plain",
            "value": "original value",
            "tags": {},
            "locked": false,
            "last_modified": "2023-09-25T23:15:12\u002B00:00"
          },
          {
            "etag": "fEjHVFuaRivfNhcbGWADuK2EfNVb0jYNNvWGGW07OU8",
            "key": "test.trimmed",
            "label": null,
            "content_type": "text/plain",
            "value": "key",
            "tags": {},
            "locked": false,
            "last_modified": "2023-09-25T23:15:12\u002B00:00"
          }
        ]
      }
    },
    {
      "RequestUri": "https://fake-endpoint.azconfig.io/kv/refresh_message?label=%00\u0026api-version=1970-01-01",
      "RequestMethod": "GET",
      "RequestHeaders": {
        "Accept": "application/vnd.microsoft.appconfig.kv\u002Bjson, application/json, application/problem\u002Bjson",
        "Accept-Encoding": "gzip, deflate",
        "Connection": "keep-alive",
        "Correlation-Context": "RequestType=Startup,UsesKeyVault",
        "Sync-Token": "zAJw6V16=Njo1IzIwMDQxNDE3",
        "User-Agent": "SDK/Integration python-appconfiguration-provider/1.1.0b2 azsdk-python-appconfiguration/1.4.0 Python/3.10.11 (Windows-10-10.0.22621-SP0)"
      },
      "RequestBody": null,
      "StatusCode": 200,
      "ResponseHeaders": {
        "Access-Control-Allow-Origin": "*",
        "Connection": "keep-alive",
        "Content-Type": "application/vnd.microsoft.appconfig.kv\u002Bjson; charset=utf-8",
        "Date": "Mon, 25 Sep 2023 23:15:13 GMT",
        "ETag": "\u0022U9QM61LMbr_COpv8BqqHqWv3DwXHSDUay1b78dM95r4\u0022",
        "Last-Modified": "Mon, 25 Sep 2023 23:15:12 GMT",
        "Strict-Transport-Security": "max-age=15724800; includeSubDomains",
        "Sync-Token": "zAJw6V16=Njo1IzIwMDQxNDE3;sn=20041417",
        "Transfer-Encoding": "chunked",
        "x-ms-correlation-request-id": "981db825-fd61-4fe7-b8ae-0f05dc627c52"
      },
      "ResponseBody": {
        "etag": "U9QM61LMbr_COpv8BqqHqWv3DwXHSDUay1b78dM95r4",
        "key": "refresh_message",
        "label": null,
        "content_type": "text/plain",
        "value": "original value",
        "tags": {},
        "locked": false,
        "last_modified": "2023-09-25T23:15:12\u002B00:00"
      }
    },
    {
      "RequestUri": "https://fake-endpoint.azconfig.io/kv/refresh_message?api-version=1970-01-01",
      "RequestMethod": "GET",
      "RequestHeaders": {
        "Accept": "application/vnd.microsoft.appconfig.kv\u002Bjson, application/json, application/problem\u002Bjson",
        "Accept-Encoding": "gzip, deflate",
        "Connection": "keep-alive",
        "Correlation-Context": "RequestType=Startup,UsesKeyVault",
        "Sync-Token": "zAJw6V16=Njo1IzIwMDQxNDE3",
        "User-Agent": "SDK/Integration python-appconfiguration-provider/1.1.0b2 azsdk-python-appconfiguration/1.4.0 Python/3.10.11 (Windows-10-10.0.22621-SP0)"
      },
      "RequestBody": null,
      "StatusCode": 200,
      "ResponseHeaders": {
        "Access-Control-Allow-Origin": "*",
        "Connection": "keep-alive",
        "Content-Type": "application/vnd.microsoft.appconfig.kv\u002Bjson; charset=utf-8",
        "Date": "Mon, 25 Sep 2023 23:15:13 GMT",
        "ETag": "\u0022U9QM61LMbr_COpv8BqqHqWv3DwXHSDUay1b78dM95r4\u0022",
        "Last-Modified": "Mon, 25 Sep 2023 23:15:12 GMT",
        "Strict-Transport-Security": "max-age=15724800; includeSubDomains",
        "Sync-Token": "zAJw6V16=Njo1IzIwMDQxNDE3;sn=20041417",
        "Transfer-Encoding": "chunked",
        "x-ms-correlation-request-id": "df751db8-41f1-4c45-8d7e-cd454f9ab8c2"
      },
      "ResponseBody": {
        "etag": "U9QM61LMbr_COpv8BqqHqWv3DwXHSDUay1b78dM95r4",
        "key": "refresh_message",
        "label": null,
        "content_type": "text/plain",
        "value": "original value",
        "tags": {},
        "locked": false,
        "last_modified": "2023-09-25T23:15:12\u002B00:00"
      }
    },
    {
      "RequestUri": "https://fake-endpoint.azconfig.io/kv/refresh_message?api-version=1970-01-01",
      "RequestMethod": "PUT",
      "RequestHeaders": {
        "Accept": "application/vnd.microsoft.appconfig.kv\u002Bjson, application/json, application/problem\u002Bjson",
        "Accept-Encoding": "gzip, deflate",
        "Connection": "keep-alive",
        "Content-Length": "211",
        "Content-Type": "application/json",
        "Correlation-Context": "RequestType=Startup,UsesKeyVault",
        "Sync-Token": "zAJw6V16=Njo1IzIwMDQxNDE3",
        "User-Agent": "SDK/Integration python-appconfiguration-provider/1.1.0b2 azsdk-python-appconfiguration/1.4.0 Python/3.10.11 (Windows-10-10.0.22621-SP0)"
      },
      "RequestBody": {
        "key": "refresh_message",
        "content_type": "text/plain",
        "value": "updated value",
        "last_modified": "2023-09-25T23:15:12.000Z",
        "tags": {},
        "locked": false,
        "etag": "U9QM61LMbr_COpv8BqqHqWv3DwXHSDUay1b78dM95r4"
      },
      "StatusCode": 200,
      "ResponseHeaders": {
        "Access-Control-Allow-Origin": "*",
        "Connection": "keep-alive",
        "Content-Type": "application/vnd.microsoft.appconfig.kv\u002Bjson; charset=utf-8",
        "Date": "Mon, 25 Sep 2023 23:15:13 GMT",
        "ETag": "\u0022EcVwb0Mr0zv-AVw5AMSbjzR75g65gmWgd14xGpFlcnc\u0022",
        "Last-Modified": "Mon, 25 Sep 2023 23:15:13 GMT",
        "Strict-Transport-Security": "max-age=15724800; includeSubDomains",
        "Sync-Token": "zAJw6V16=Njo1IzIwMDQxNDE4;sn=20041418",
        "Transfer-Encoding": "chunked",
        "x-ms-correlation-request-id": "531fef0f-71ff-485e-9725-00e9c619c8b4"
      },
      "ResponseBody": {
        "etag": "EcVwb0Mr0zv-AVw5AMSbjzR75g65gmWgd14xGpFlcnc",
        "key": "refresh_message",
        "label": null,
        "content_type": "text/plain",
        "value": "updated value",
        "tags": {},
        "locked": false,
        "last_modified": "2023-09-25T23:15:13\u002B00:00"
      }
    },
    {
      "RequestUri": "https://fake-endpoint.azconfig.io/kv/refresh_message?label=%00\u0026api-version=1970-01-01",
      "RequestMethod": "GET",
      "RequestHeaders": {
        "Accept": "application/vnd.microsoft.appconfig.kv\u002Bjson, application/json, application/problem\u002Bjson",
        "Accept-Encoding": "gzip, deflate",
        "Connection": "keep-alive",
        "Correlation-Context": "RequestType=Startup,UsesKeyVault",
        "If-None-Match": "\u0022U9QM61LMbr_COpv8BqqHqWv3DwXHSDUay1b78dM95r4\u0022",
        "Sync-Token": "zAJw6V16=Njo1IzIwMDQxNDE4",
        "User-Agent": "SDK/Integration python-appconfiguration-provider/1.1.0b2 azsdk-python-appconfiguration/1.4.0 Python/3.10.11 (Windows-10-10.0.22621-SP0)"
      },
      "RequestBody": null,
      "StatusCode": 200,
      "ResponseHeaders": {
        "Access-Control-Allow-Origin": "*",
        "Connection": "keep-alive",
        "Content-Type": "application/vnd.microsoft.appconfig.kv\u002Bjson; charset=utf-8",
        "Date": "Mon, 25 Sep 2023 23:15:15 GMT",
        "ETag": "\u0022EcVwb0Mr0zv-AVw5AMSbjzR75g65gmWgd14xGpFlcnc\u0022",
        "Last-Modified": "Mon, 25 Sep 2023 23:15:13 GMT",
        "Strict-Transport-Security": "max-age=15724800; includeSubDomains",
        "Sync-Token": "zAJw6V16=Njo1IzIwMDQxNDE5;sn=20041419",
        "Transfer-Encoding": "chunked",
        "x-ms-correlation-request-id": "0143af70-d7a0-4caa-bf84-a617de271077"
      },
      "ResponseBody": {
        "etag": "EcVwb0Mr0zv-AVw5AMSbjzR75g65gmWgd14xGpFlcnc",
        "key": "refresh_message",
        "label": null,
        "content_type": "text/plain",
        "value": "updated value",
        "tags": {},
        "locked": false,
        "last_modified": "2023-09-25T23:15:13\u002B00:00"
      }
    },
    {
      "RequestUri": "https://fake-endpoint.azconfig.io/kv?key=%2A\u0026label=%00\u0026api-version=1970-01-01",
      "RequestMethod": "GET",
      "RequestHeaders": {
        "Accept": "application/vnd.microsoft.appconfig.kvset\u002Bjson, application/json, application/problem\u002Bjson",
        "Accept-Encoding": "gzip, deflate",
        "Connection": "keep-alive",
        "Correlation-Context": "RequestType=Startup,UsesKeyVault",
        "Sync-Token": "zAJw6V16=Njo1IzIwMDQxNDE5",
        "User-Agent": "SDK/Integration python-appconfiguration-provider/1.1.0b2 azsdk-python-appconfiguration/1.4.0 Python/3.10.11 (Windows-10-10.0.22621-SP0)"
      },
      "RequestBody": null,
      "StatusCode": 200,
      "ResponseHeaders": {
        "Access-Control-Allow-Origin": "*",
        "Connection": "keep-alive",
        "Content-Type": "application/vnd.microsoft.appconfig.kvset\u002Bjson; charset=utf-8",
        "Date": "Mon, 25 Sep 2023 23:15:15 GMT",
        "Strict-Transport-Security": "max-age=15724800; includeSubDomains",
        "Sync-Token": "zAJw6V16=Njo1IzIwMDQxNDE5;sn=20041419",
        "Transfer-Encoding": "chunked",
        "x-ms-correlation-request-id": "4691d5c1-13c4-4695-9e2c-b58284d13d0a"
      },
      "ResponseBody": {
        "items": [
          {
            "etag": "yAOn3yJNizl6hTSBQUvbC4pwQWQm1fxQNN7ztxoRqjw",
            "key": ".appconfig.featureflag/Alpha",
            "label": null,
            "content_type": "application/vnd.microsoft.appconfig.ff\u002Bjson;charset=utf-8",
            "value": "{\t\u0022id\u0022: \u0022Alpha\u0022, \u0022description\u0022: \u0022\u0022, \u0022enabled\u0022: false, \u0022conditions\u0022: {\t\u0022client_filters\u0022: []\t}}",
            "tags": {},
            "locked": false,
            "last_modified": "2023-09-25T23:15:12\u002B00:00"
          },
          {
            "etag": "k4TRKnaWJn6AB852-AwkLYxYLfKkHqZjLJtNwPt6cj8",
            "key": "Sentinel",
            "label": null,
            "content_type": null,
            "value": "2",
            "tags": {},
            "locked": false,
            "last_modified": "2023-09-21T20:45:53\u002B00:00"
          },
          {
            "etag": "PCGsdTzAmH_yC8r28x8-mretmYAWwloxdtFCET8msQY",
            "key": "message",
            "label": null,
            "content_type": "text/plain",
            "value": "hi",
            "tags": {},
            "locked": false,
            "last_modified": "2023-09-25T23:15:12\u002B00:00"
          },
          {
            "etag": "nae67k_2QU8b8JXwCogFUTBPTtKY2ilIkOi_VGju4dQ",
            "key": "my_json",
            "label": null,
            "content_type": "application/json",
            "value": "{\u0022key\u0022: \u0022value\u0022}",
            "tags": {},
            "locked": false,
            "last_modified": "2023-09-25T23:15:12\u002B00:00"
          },
          {
            "etag": "uJ50_JtLTCsNI35vX9-BfspH5yhMTTa0aWTRmt2LRsc",
            "key": "non_refreshed_message",
            "label": null,
            "content_type": "text/plain",
            "value": "Static",
            "tags": {},
            "locked": false,
            "last_modified": "2023-09-25T23:15:12\u002B00:00"
          },
          {
            "etag": "EcVwb0Mr0zv-AVw5AMSbjzR75g65gmWgd14xGpFlcnc",
            "key": "refresh_message",
            "label": null,
            "content_type": "text/plain",
            "value": "updated value",
            "tags": {},
            "locked": false,
            "last_modified": "2023-09-25T23:15:13\u002B00:00"
          },
          {
            "etag": "fEjHVFuaRivfNhcbGWADuK2EfNVb0jYNNvWGGW07OU8",
            "key": "test.trimmed",
            "label": null,
            "content_type": "text/plain",
            "value": "key",
            "tags": {},
            "locked": false,
            "last_modified": "2023-09-25T23:15:12\u002B00:00"
          }
        ]
      }
    },
    {
      "RequestUri": "https://fake-endpoint.azconfig.io/kv/refresh_message?api-version=1970-01-01",
      "RequestMethod": "PUT",
      "RequestHeaders": {
        "Accept": "application/vnd.microsoft.appconfig.kv\u002Bjson, application/json, application/problem\u002Bjson",
        "Accept-Encoding": "gzip, deflate",
        "Connection": "keep-alive",
        "Content-Length": "212",
        "Content-Type": "application/json",
        "Correlation-Context": "RequestType=Startup,UsesKeyVault",
        "Sync-Token": "zAJw6V16=Njo1IzIwMDQxNDE5",
        "User-Agent": "SDK/Integration python-appconfiguration-provider/1.1.0b2 azsdk-python-appconfiguration/1.4.0 Python/3.10.11 (Windows-10-10.0.22621-SP0)"
      },
      "RequestBody": {
        "key": "refresh_message",
        "content_type": "text/plain",
        "value": "original value",
        "last_modified": "2023-09-25T23:15:12.000Z",
        "tags": {},
        "locked": false,
        "etag": "U9QM61LMbr_COpv8BqqHqWv3DwXHSDUay1b78dM95r4"
      },
      "StatusCode": 200,
      "ResponseHeaders": {
        "Access-Control-Allow-Origin": "*",
        "Connection": "keep-alive",
        "Content-Type": "application/vnd.microsoft.appconfig.kv\u002Bjson; charset=utf-8",
        "Date": "Mon, 25 Sep 2023 23:15:15 GMT",
        "ETag": "\u0022-dcyYt6BcX1QAbNAqovrTkzMi8BOMxayr62MGt6H03Y\u0022",
        "Last-Modified": "Mon, 25 Sep 2023 23:15:15 GMT",
        "Strict-Transport-Security": "max-age=15724800; includeSubDomains",
        "Sync-Token": "zAJw6V16=Njo1IzIwMDQxNDIw;sn=20041420",
        "Transfer-Encoding": "chunked",
        "x-ms-correlation-request-id": "5c100111-4854-45f2-986d-1cf55ecfd513"
      },
      "ResponseBody": {
        "etag": "-dcyYt6BcX1QAbNAqovrTkzMi8BOMxayr62MGt6H03Y",
        "key": "refresh_message",
        "label": null,
        "content_type": "text/plain",
        "value": "original value",
        "tags": {},
        "locked": false,
        "last_modified": "2023-09-25T23:15:15\u002B00:00"
      }
    },
    {
      "RequestUri": "https://fake-endpoint.azconfig.io/kv/refresh_message?label=%00\u0026api-version=1970-01-01",
      "RequestMethod": "GET",
      "RequestHeaders": {
        "Accept": "application/vnd.microsoft.appconfig.kv\u002Bjson, application/json, application/problem\u002Bjson",
        "Accept-Encoding": "gzip, deflate",
        "Connection": "keep-alive",
        "Correlation-Context": "RequestType=Startup,UsesKeyVault",
        "If-None-Match": "\u0022EcVwb0Mr0zv-AVw5AMSbjzR75g65gmWgd14xGpFlcnc\u0022",
        "Sync-Token": "zAJw6V16=Njo1IzIwMDQxNDIw",
        "User-Agent": "SDK/Integration python-appconfiguration-provider/1.1.0b2 azsdk-python-appconfiguration/1.4.0 Python/3.10.11 (Windows-10-10.0.22621-SP0)"
      },
      "RequestBody": null,
      "StatusCode": 200,
      "ResponseHeaders": {
        "Access-Control-Allow-Origin": "*",
        "Connection": "keep-alive",
        "Content-Type": "application/vnd.microsoft.appconfig.kv\u002Bjson; charset=utf-8",
        "Date": "Mon, 25 Sep 2023 23:15:17 GMT",
        "ETag": "\u0022-dcyYt6BcX1QAbNAqovrTkzMi8BOMxayr62MGt6H03Y\u0022",
        "Last-Modified": "Mon, 25 Sep 2023 23:15:15 GMT",
        "Strict-Transport-Security": "max-age=15724800; includeSubDomains",
        "Sync-Token": "zAJw6V16=Njo1IzIwMDQxNDIx;sn=20041421",
        "Transfer-Encoding": "chunked",
        "x-ms-correlation-request-id": "1c42dfc8-a434-4ddb-bf26-bee433ca31aa"
      },
      "ResponseBody": {
        "etag": "-dcyYt6BcX1QAbNAqovrTkzMi8BOMxayr62MGt6H03Y",
        "key": "refresh_message",
        "label": null,
        "content_type": "text/plain",
        "value": "original value",
        "tags": {},
        "locked": false,
        "last_modified": "2023-09-25T23:15:15\u002B00:00"
      }
    },
    {
      "RequestUri": "https://fake-endpoint.azconfig.io/kv?key=%2A\u0026label=%00\u0026api-version=1970-01-01",
      "RequestMethod": "GET",
      "RequestHeaders": {
        "Accept": "application/vnd.microsoft.appconfig.kvset\u002Bjson, application/json, application/problem\u002Bjson",
        "Accept-Encoding": "gzip, deflate",
        "Connection": "keep-alive",
        "Correlation-Context": "RequestType=Startup,UsesKeyVault",
        "Sync-Token": "zAJw6V16=Njo1IzIwMDQxNDIx",
        "User-Agent": "SDK/Integration python-appconfiguration-provider/1.1.0b2 azsdk-python-appconfiguration/1.4.0 Python/3.10.11 (Windows-10-10.0.22621-SP0)"
      },
      "RequestBody": null,
      "StatusCode": 200,
      "ResponseHeaders": {
        "Access-Control-Allow-Origin": "*",
        "Connection": "keep-alive",
        "Content-Type": "application/vnd.microsoft.appconfig.kvset\u002Bjson; charset=utf-8",
        "Date": "Mon, 25 Sep 2023 23:15:17 GMT",
        "Strict-Transport-Security": "max-age=15724800; includeSubDomains",
        "Sync-Token": "zAJw6V16=Njo1IzIwMDQxNDIx;sn=20041421",
        "Transfer-Encoding": "chunked",
        "x-ms-correlation-request-id": "0a369f45-bf11-44c2-9b0c-003eab4eb6f4"
      },
      "ResponseBody": {
        "items": [
          {
            "etag": "yAOn3yJNizl6hTSBQUvbC4pwQWQm1fxQNN7ztxoRqjw",
            "key": ".appconfig.featureflag/Alpha",
            "label": null,
            "content_type": "application/vnd.microsoft.appconfig.ff\u002Bjson;charset=utf-8",
            "value": "{\t\u0022id\u0022: \u0022Alpha\u0022, \u0022description\u0022: \u0022\u0022, \u0022enabled\u0022: false, \u0022conditions\u0022: {\t\u0022client_filters\u0022: []\t}}",
            "tags": {},
            "locked": false,
            "last_modified": "2023-09-25T23:15:12\u002B00:00"
          },
          {
            "etag": "k4TRKnaWJn6AB852-AwkLYxYLfKkHqZjLJtNwPt6cj8",
            "key": "Sentinel",
            "label": null,
            "content_type": null,
            "value": "2",
            "tags": {},
            "locked": false,
            "last_modified": "2023-09-21T20:45:53\u002B00:00"
          },
          {
            "etag": "PCGsdTzAmH_yC8r28x8-mretmYAWwloxdtFCET8msQY",
            "key": "message",
            "label": null,
            "content_type": "text/plain",
            "value": "hi",
            "tags": {},
            "locked": false,
            "last_modified": "2023-09-25T23:15:12\u002B00:00"
          },
          {
            "etag": "nae67k_2QU8b8JXwCogFUTBPTtKY2ilIkOi_VGju4dQ",
            "key": "my_json",
            "label": null,
            "content_type": "application/json",
            "value": "{\u0022key\u0022: \u0022value\u0022}",
            "tags": {},
            "locked": false,
            "last_modified": "2023-09-25T23:15:12\u002B00:00"
          },
          {
            "etag": "uJ50_JtLTCsNI35vX9-BfspH5yhMTTa0aWTRmt2LRsc",
            "key": "non_refreshed_message",
            "label": null,
            "content_type": "text/plain",
            "value": "Static",
            "tags": {},
            "locked": false,
            "last_modified": "2023-09-25T23:15:12\u002B00:00"
          },
          {
            "etag": "-dcyYt6BcX1QAbNAqovrTkzMi8BOMxayr62MGt6H03Y",
            "key": "refresh_message",
            "label": null,
            "content_type": "text/plain",
            "value": "original value",
            "tags": {},
            "locked": false,
            "last_modified": "2023-09-25T23:15:15\u002B00:00"
          },
          {
            "etag": "fEjHVFuaRivfNhcbGWADuK2EfNVb0jYNNvWGGW07OU8",
            "key": "test.trimmed",
            "label": null,
            "content_type": "text/plain",
            "value": "key",
            "tags": {},
            "locked": false,
            "last_modified": "2023-09-25T23:15:12\u002B00:00"
          }
        ]
      }
    },
    {
      "RequestUri": "https://fake-endpoint.azconfig.io/kv/refresh_message?api-version=1970-01-01",
      "RequestMethod": "PUT",
      "RequestHeaders": {
        "Accept": "application/vnd.microsoft.appconfig.kv\u002Bjson, application/json, application/problem\u002Bjson",
        "Accept-Encoding": "gzip, deflate",
        "Connection": "keep-alive",
        "Content-Length": "213",
        "Content-Type": "application/json",
        "Correlation-Context": "RequestType=Startup,UsesKeyVault",
        "Sync-Token": "zAJw6V16=Njo1IzIwMDQxNDIx",
        "User-Agent": "SDK/Integration python-appconfiguration-provider/1.1.0b2 azsdk-python-appconfiguration/1.4.0 Python/3.10.11 (Windows-10-10.0.22621-SP0)"
      },
      "RequestBody": {
        "key": "refresh_message",
        "content_type": "text/plain",
        "value": "updated value 2",
        "last_modified": "2023-09-25T23:15:12.000Z",
        "tags": {},
        "locked": false,
        "etag": "U9QM61LMbr_COpv8BqqHqWv3DwXHSDUay1b78dM95r4"
      },
      "StatusCode": 200,
      "ResponseHeaders": {
        "Access-Control-Allow-Origin": "*",
        "Connection": "keep-alive",
        "Content-Type": "application/vnd.microsoft.appconfig.kv\u002Bjson; charset=utf-8",
        "Date": "Mon, 25 Sep 2023 23:15:17 GMT",
        "ETag": "\u0022ZD4ljyplzp7T6MbpFlVH0PdVLeNa7AGPBg0xzW6Fm2I\u0022",
        "Last-Modified": "Mon, 25 Sep 2023 23:15:17 GMT",
        "Strict-Transport-Security": "max-age=15724800; includeSubDomains",
        "Sync-Token": "zAJw6V16=Njo1IzIwMDQxNDIy;sn=20041422",
        "Transfer-Encoding": "chunked",
        "x-ms-correlation-request-id": "695947af-fbf1-4862-86fe-6f2d8f749bc4"
      },
      "ResponseBody": {
        "etag": "ZD4ljyplzp7T6MbpFlVH0PdVLeNa7AGPBg0xzW6Fm2I",
        "key": "refresh_message",
        "label": null,
        "content_type": "text/plain",
        "value": "updated value 2",
        "tags": {},
        "locked": false,
        "last_modified": "2023-09-25T23:15:17\u002B00:00"
      }
    },
    {
      "RequestUri": "https://fake-endpoint.azconfig.io/kv/refresh_message?api-version=1970-01-01",
      "RequestMethod": "PUT",
      "RequestHeaders": {
        "Accept": "application/vnd.microsoft.appconfig.kv\u002Bjson, application/json, application/problem\u002Bjson",
        "Accept-Encoding": "gzip, deflate",
        "Connection": "keep-alive",
        "Content-Length": "212",
        "Content-Type": "application/json",
        "Correlation-Context": "RequestType=Startup,UsesKeyVault",
        "Sync-Token": "zAJw6V16=Njo1IzIwMDQxNDIy",
        "User-Agent": "SDK/Integration python-appconfiguration-provider/1.1.0b2 azsdk-python-appconfiguration/1.4.0 Python/3.10.11 (Windows-10-10.0.22621-SP0)"
      },
      "RequestBody": {
        "key": "refresh_message",
        "content_type": "text/plain",
        "value": "original value",
        "last_modified": "2023-09-25T23:15:12.000Z",
        "tags": {},
        "locked": false,
        "etag": "U9QM61LMbr_COpv8BqqHqWv3DwXHSDUay1b78dM95r4"
      },
      "StatusCode": 200,
      "ResponseHeaders": {
        "Access-Control-Allow-Origin": "*",
        "Connection": "keep-alive",
        "Content-Type": "application/vnd.microsoft.appconfig.kv\u002Bjson; charset=utf-8",
        "Date": "Mon, 25 Sep 2023 23:15:17 GMT",
        "ETag": "\u0022F-2iEgvKeSi43iGV3KgI6ibkFG3l_qsyZSocJNoVEsc\u0022",
        "Last-Modified": "Mon, 25 Sep 2023 23:15:17 GMT",
        "Strict-Transport-Security": "max-age=15724800; includeSubDomains",
        "Sync-Token": "zAJw6V16=Njo1IzIwMDQxNDI0;sn=20041424",
        "Transfer-Encoding": "chunked",
        "x-ms-correlation-request-id": "e97e406d-1d8a-47d3-b9b5-b82632a7b5d5"
      },
      "ResponseBody": {
        "etag": "F-2iEgvKeSi43iGV3KgI6ibkFG3l_qsyZSocJNoVEsc",
        "key": "refresh_message",
        "label": null,
        "content_type": "text/plain",
        "value": "original value",
        "tags": {},
        "locked": false,
        "last_modified": "2023-09-25T23:15:17\u002B00:00"
      }
    }
  ],
  "Variables": {}
}
