{
  "Entries": [
    {
      "RequestUri": "https://fake-endpoint.azconfig.io/kv/message?label=%00\u0026api-version=1970-01-01",
      "RequestMethod": "PUT",
      "RequestHeaders": {
        "Accept": "application/vnd.microsoft.appconfig.kv\u002Bjson, application/json, application/problem\u002Bjson",
        "Accept-Encoding": "gzip, deflate",
        "Connection": "keep-alive",
        "Content-Length": "94",
        "Content-Type": "application/json",
        "User-Agent": "azsdk-python-appconfiguration/1.4.0 Python/3.10.11 (Windows-10-10.0.22621-SP0)",
        "x-ms-content-sha256": "sO17\u002B9LRBGRK6Jc1aomgtjKe6Q6xOKfaGzzF\u002BAgFzgI=",
        "x-ms-date": "Oct, 27 2023 20:40:32.085396 GMT"
      },
      "RequestBody": {
        "key": "message",
        "label": "\u0000",
        "content_type": "text/plain",
        "value": "hi",
        "tags": {}
      },
      "StatusCode": 200,
      "ResponseHeaders": {
        "Access-Control-Allow-Origin": "*",
        "Connection": "keep-alive",
        "Content-Type": "application/vnd.microsoft.appconfig.kv\u002Bjson; charset=utf-8",
        "Date": "Fri, 27 Oct 2023 20:40:33 GMT",
        "ETag": "\u0022g8r38-qpak1qcXWz-kJ_MeqTf2-I_C_SWO7C0renEd8\u0022",
        "Last-Modified": "Fri, 27 Oct 2023 20:40:33 GMT",
        "Strict-Transport-Security": "max-age=15724800; includeSubDomains",
        "Sync-Token": "zAJw6V16=NzoxNyMyNDA5NjY2NQ==;sn=24096665",
        "Transfer-Encoding": "chunked",
        "x-ms-correlation-request-id": "d84cffc3-187a-4253-ac09-11713e2213e5"
      },
      "ResponseBody": {
        "etag": "g8r38-qpak1qcXWz-kJ_MeqTf2-I_C_SWO7C0renEd8",
        "key": "message",
        "label": null,
        "content_type": "text/plain",
        "value": "hi",
        "tags": {},
        "locked": false,
        "last_modified": "2023-10-27T20:40:33\u002B00:00"
      }
    },
    {
      "RequestUri": "https://fake-endpoint.azconfig.io/kv/message?label=dev\u0026api-version=1970-01-01",
      "RequestMethod": "PUT",
      "RequestHeaders": {
        "Accept": "application/vnd.microsoft.appconfig.kv\u002Bjson, application/json, application/problem\u002Bjson",
        "Accept-Encoding": "gzip, deflate",
        "Connection": "keep-alive",
        "Content-Length": "93",
        "Content-Type": "application/json",
        "Sync-Token": "zAJw6V16=NzoxNyMyNDA5NjY2NQ==",
        "User-Agent": "azsdk-python-appconfiguration/1.4.0 Python/3.10.11 (Windows-10-10.0.22621-SP0)",
        "x-ms-content-sha256": "ldGB\u002ByUbceFogwKdiFLhKcjPyA4zVY7Rq2L/lmgPr/8=",
        "x-ms-date": "Oct, 27 2023 20:40:32.117735 GMT"
      },
      "RequestBody": {
        "key": "message",
        "label": "dev",
        "content_type": "text/plain",
        "value": "test",
        "tags": {}
      },
      "StatusCode": 200,
      "ResponseHeaders": {
        "Access-Control-Allow-Origin": "*",
        "Connection": "keep-alive",
        "Content-Type": "application/vnd.microsoft.appconfig.kv\u002Bjson; charset=utf-8",
        "Date": "Fri, 27 Oct 2023 20:40:33 GMT",
        "ETag": "\u0022Js-RYboz75aWn0etO_AU29YZM86rvbHmz4MXiLplkSI\u0022",
        "Last-Modified": "Fri, 27 Oct 2023 20:40:33 GMT",
        "Strict-Transport-Security": "max-age=15724800; includeSubDomains",
        "Sync-Token": "zAJw6V16=NzoxNyMyNDA5NjY2Nw==;sn=24096667",
        "Transfer-Encoding": "chunked",
        "x-ms-correlation-request-id": "9da08e1e-546a-4f95-90a3-e1e96c1b79a9"
      },
      "ResponseBody": {
        "etag": "Js-RYboz75aWn0etO_AU29YZM86rvbHmz4MXiLplkSI",
        "key": "message",
        "label": "dev",
        "content_type": "text/plain",
        "value": "test",
        "tags": {},
        "locked": false,
        "last_modified": "2023-10-27T20:40:33\u002B00:00"
      }
    },
    {
      "RequestUri": "https://fake-endpoint.azconfig.io/kv/my_json?label=%00\u0026api-version=1970-01-01",
      "RequestMethod": "PUT",
      "RequestHeaders": {
        "Accept": "application/vnd.microsoft.appconfig.kv\u002Bjson, application/json, application/problem\u002Bjson",
        "Accept-Encoding": "gzip, deflate",
        "Connection": "keep-alive",
        "Content-Length": "118",
        "Content-Type": "application/json",
        "Sync-Token": "zAJw6V16=NzoxNyMyNDA5NjY2Nw==",
        "User-Agent": "azsdk-python-appconfiguration/1.4.0 Python/3.10.11 (Windows-10-10.0.22621-SP0)",
        "x-ms-content-sha256": "hCwkkESt4FMkocISzVr\u002Bsa5KgTtCgv2\u002B3ps1kcPne0Y=",
        "x-ms-date": "Oct, 27 2023 20:40:32.140770 GMT"
      },
      "RequestBody": {
        "key": "my_json",
        "label": "\u0000",
        "content_type": "application/json",
        "value": "{\u0022key\u0022: \u0022value\u0022}",
        "tags": {}
      },
      "StatusCode": 200,
      "ResponseHeaders": {
        "Access-Control-Allow-Origin": "*",
        "Connection": "keep-alive",
        "Content-Type": "application/vnd.microsoft.appconfig.kv\u002Bjson; charset=utf-8",
        "Date": "Fri, 27 Oct 2023 20:40:33 GMT",
        "ETag": "\u0022EawWp8aXygtWd8rujvhVeVsLFPrkuACm5diW4B_8BuE\u0022",
        "Last-Modified": "Fri, 27 Oct 2023 20:40:33 GMT",
        "Strict-Transport-Security": "max-age=15724800; includeSubDomains",
        "Sync-Token": "zAJw6V16=NzoxNyMyNDA5NjY2OQ==;sn=24096669",
        "Transfer-Encoding": "chunked",
        "x-ms-correlation-request-id": "8eec333b-a24e-4c98-852a-625df20f5401"
      },
      "ResponseBody": {
        "etag": "EawWp8aXygtWd8rujvhVeVsLFPrkuACm5diW4B_8BuE",
        "key": "my_json",
        "label": null,
        "content_type": "application/json",
        "value": "{\u0022key\u0022: \u0022value\u0022}",
        "tags": {},
        "locked": false,
        "last_modified": "2023-10-27T20:40:33\u002B00:00"
      }
    },
    {
      "RequestUri": "https://fake-endpoint.azconfig.io/kv/test.trimmed?label=%00\u0026api-version=1970-01-01",
      "RequestMethod": "PUT",
      "RequestHeaders": {
        "Accept": "application/vnd.microsoft.appconfig.kv\u002Bjson, application/json, application/problem\u002Bjson",
        "Accept-Encoding": "gzip, deflate",
        "Connection": "keep-alive",
        "Content-Length": "100",
        "Content-Type": "application/json",
        "Sync-Token": "zAJw6V16=NzoxNyMyNDA5NjY2OQ==",
        "User-Agent": "azsdk-python-appconfiguration/1.4.0 Python/3.10.11 (Windows-10-10.0.22621-SP0)",
        "x-ms-content-sha256": "Ywo75Z4ndghuA5lejndpeBTNSici7Vx8O0CCZLlhiAU=",
        "x-ms-date": "Oct, 27 2023 20:40:32.174577 GMT"
      },
      "RequestBody": {
        "key": "test.trimmed",
        "label": "\u0000",
        "content_type": "text/plain",
        "value": "key",
        "tags": {}
      },
      "StatusCode": 200,
      "ResponseHeaders": {
        "Access-Control-Allow-Origin": "*",
        "Connection": "keep-alive",
        "Content-Type": "application/vnd.microsoft.appconfig.kv\u002Bjson; charset=utf-8",
        "Date": "Fri, 27 Oct 2023 20:40:33 GMT",
        "ETag": "\u0022kZHCB7UeoJPk4NZvzFRZPcWdYNu5wrjbgt5jIzWR2Rw\u0022",
        "Last-Modified": "Fri, 27 Oct 2023 20:40:33 GMT",
        "Strict-Transport-Security": "max-age=15724800; includeSubDomains",
        "Sync-Token": "zAJw6V16=NzoxNyMyNDA5NjY3MQ==;sn=24096671",
        "Transfer-Encoding": "chunked",
        "x-ms-correlation-request-id": "1b586df0-cbf7-4423-925a-6fb65faa9015"
      },
      "ResponseBody": {
        "etag": "kZHCB7UeoJPk4NZvzFRZPcWdYNu5wrjbgt5jIzWR2Rw",
        "key": "test.trimmed",
        "label": null,
        "content_type": "text/plain",
        "value": "key",
        "tags": {},
        "locked": false,
        "last_modified": "2023-10-27T20:40:33\u002B00:00"
      }
    },
    {
      "RequestUri": "https://fake-endpoint.azconfig.io/kv/refresh_message?label=%00\u0026api-version=1970-01-01",
      "RequestMethod": "PUT",
      "RequestHeaders": {
        "Accept": "application/vnd.microsoft.appconfig.kv\u002Bjson, application/json, application/problem\u002Bjson",
        "Accept-Encoding": "gzip, deflate",
        "Connection": "keep-alive",
        "Content-Length": "114",
        "Content-Type": "application/json",
        "Sync-Token": "zAJw6V16=NzoxNyMyNDA5NjY3MQ==",
        "User-Agent": "azsdk-python-appconfiguration/1.4.0 Python/3.10.11 (Windows-10-10.0.22621-SP0)",
        "x-ms-content-sha256": "4EMTpW5DNMgb2ILWshR8NZeWRRkMcPLFDtd0erEayyY=",
        "x-ms-date": "Oct, 27 2023 20:40:32.200247 GMT"
      },
      "RequestBody": {
        "key": "refresh_message",
        "label": "\u0000",
        "content_type": "text/plain",
        "value": "original value",
        "tags": {}
      },
      "StatusCode": 200,
      "ResponseHeaders": {
        "Access-Control-Allow-Origin": "*",
        "Connection": "keep-alive",
        "Content-Type": "application/vnd.microsoft.appconfig.kv\u002Bjson; charset=utf-8",
        "Date": "Fri, 27 Oct 2023 20:40:33 GMT",
        "ETag": "\u0022PdkohsitMkqtN14bUDH4pBEkozqgeahOJpzgFCK1pfE\u0022",
        "Last-Modified": "Fri, 27 Oct 2023 20:40:33 GMT",
        "Strict-Transport-Security": "max-age=15724800; includeSubDomains",
        "Sync-Token": "zAJw6V16=NzoxNyMyNDA5NjY3Mw==;sn=24096673",
        "Transfer-Encoding": "chunked",
        "x-ms-correlation-request-id": "23226341-de1c-463e-b5ec-74af51a63e97"
      },
      "ResponseBody": {
        "etag": "PdkohsitMkqtN14bUDH4pBEkozqgeahOJpzgFCK1pfE",
        "key": "refresh_message",
        "label": null,
        "content_type": "text/plain",
        "value": "original value",
        "tags": {},
        "locked": false,
        "last_modified": "2023-10-27T20:40:33\u002B00:00"
      }
    },
    {
      "RequestUri": "https://fake-endpoint.azconfig.io/kv/non_refreshed_message?label=%00\u0026api-version=1970-01-01",
      "RequestMethod": "PUT",
      "RequestHeaders": {
        "Accept": "application/vnd.microsoft.appconfig.kv\u002Bjson, application/json, application/problem\u002Bjson",
        "Accept-Encoding": "gzip, deflate",
        "Connection": "keep-alive",
        "Content-Length": "112",
        "Content-Type": "application/json",
        "Sync-Token": "zAJw6V16=NzoxNyMyNDA5NjY3Mw==",
        "User-Agent": "azsdk-python-appconfiguration/1.4.0 Python/3.10.11 (Windows-10-10.0.22621-SP0)",
        "x-ms-content-sha256": "3h8i3k16yOCNVm4UxG/aSBBCn2CiyBhO4M3AdIWkWFI=",
        "x-ms-date": "Oct, 27 2023 20:40:32.225078 GMT"
      },
      "RequestBody": {
        "key": "non_refreshed_message",
        "label": "\u0000",
        "content_type": "text/plain",
        "value": "Static",
        "tags": {}
      },
      "StatusCode": 200,
      "ResponseHeaders": {
        "Access-Control-Allow-Origin": "*",
        "Connection": "keep-alive",
        "Content-Type": "application/vnd.microsoft.appconfig.kv\u002Bjson; charset=utf-8",
        "Date": "Fri, 27 Oct 2023 20:40:33 GMT",
        "ETag": "\u0022GcrtZZtmPf9YEeBWubL5FZxno3xtM0g4WoV-LJJNJUY\u0022",
        "Last-Modified": "Fri, 27 Oct 2023 20:40:33 GMT",
        "Strict-Transport-Security": "max-age=15724800; includeSubDomains",
        "Sync-Token": "zAJw6V16=NzoxNyMyNDA5NjY3NQ==;sn=24096675",
        "Transfer-Encoding": "chunked",
        "x-ms-correlation-request-id": "65da015f-d5ba-4bc0-a493-5f071499e974"
      },
      "ResponseBody": {
        "etag": "GcrtZZtmPf9YEeBWubL5FZxno3xtM0g4WoV-LJJNJUY",
        "key": "non_refreshed_message",
        "label": null,
        "content_type": "text/plain",
        "value": "Static",
        "tags": {},
        "locked": false,
        "last_modified": "2023-10-27T20:40:33\u002B00:00"
      }
    },
    {
      "RequestUri": "https://fake-endpoint.azconfig.io/kv/.appconfig.featureflag%2FAlpha?label=%00\u0026api-version=1970-01-01",
      "RequestMethod": "PUT",
      "RequestHeaders": {
        "Accept": "application/vnd.microsoft.appconfig.kv\u002Bjson, application/json, application/problem\u002Bjson",
        "Accept-Encoding": "gzip, deflate",
        "Connection": "keep-alive",
        "Content-Length": "270",
        "Content-Type": "application/json",
        "Sync-Token": "zAJw6V16=NzoxNyMyNDA5NjY3NQ==",
        "User-Agent": "azsdk-python-appconfiguration/1.4.0 Python/3.10.11 (Windows-10-10.0.22621-SP0)",
        "x-ms-content-sha256": "QWMqQVTb3OEmcET/A5jVHXJXI1TrzC7h6cMDRt4ePeA=",
        "x-ms-date": "Oct, 27 2023 20:40:32.250937 GMT"
      },
      "RequestBody": {
        "key": ".appconfig.featureflag/Alpha",
        "label": "\u0000",
        "content_type": "application/vnd.microsoft.appconfig.ff\u002Bjson;charset=utf-8",
        "value": "{\t\u0022id\u0022: \u0022Alpha\u0022, \u0022description\u0022: \u0022\u0022, \u0022enabled\u0022: false, \u0022conditions\u0022: {\t\u0022client_filters\u0022: []\t}}",
        "tags": {}
      },
      "StatusCode": 200,
      "ResponseHeaders": {
        "Access-Control-Allow-Origin": "*",
        "Connection": "keep-alive",
        "Content-Type": "application/vnd.microsoft.appconfig.kv\u002Bjson; charset=utf-8",
        "Date": "Fri, 27 Oct 2023 20:40:33 GMT",
        "ETag": "\u0022QM6-D7p9AtKzrXSs9WBvOgsLmOvC8X86PLKD9qyyOV8\u0022",
        "Last-Modified": "Fri, 27 Oct 2023 20:40:33 GMT",
        "Strict-Transport-Security": "max-age=15724800; includeSubDomains",
        "Sync-Token": "zAJw6V16=NzoxNyMyNDA5NjY3Nw==;sn=24096677",
        "Transfer-Encoding": "chunked",
        "x-ms-correlation-request-id": "5ed6548e-5082-475a-aa3b-e3a9f4ef41f7"
      },
      "ResponseBody": {
        "etag": "QM6-D7p9AtKzrXSs9WBvOgsLmOvC8X86PLKD9qyyOV8",
        "key": ".appconfig.featureflag/Alpha",
        "label": null,
        "content_type": "application/vnd.microsoft.appconfig.ff\u002Bjson;charset=utf-8",
        "value": "{\t\u0022id\u0022: \u0022Alpha\u0022, \u0022description\u0022: \u0022\u0022, \u0022enabled\u0022: false, \u0022conditions\u0022: {\t\u0022client_filters\u0022: []\t}}",
        "tags": {},
        "locked": false,
        "last_modified": "2023-10-27T20:40:33\u002B00:00"
      }
    },
    {
      "RequestUri": "https://fake-endpoint.azconfig.io/kv?key=%2A\u0026label=prod\u0026api-version=1970-01-01",
      "RequestMethod": "GET",
      "RequestHeaders": {
        "Accept": "application/vnd.microsoft.appconfig.kvset\u002Bjson, application/json, application/problem\u002Bjson",
        "Accept-Encoding": "gzip, deflate",
        "Connection": "keep-alive",
        "Correlation-Context": "RequestType=Startup,UsesKeyVault",
        "User-Agent": "SDK/Integration python-appconfiguration-provider/1.1.0b3 azsdk-python-appconfiguration/1.4.0 Python/3.10.11 (Windows-10-10.0.22621-SP0)",
        "x-ms-content-sha256": "47DEQpj8HBSa\u002B/TImW\u002B5JCeuQeRkm5NMpJWZG3hSuFU=",
        "x-ms-date": "Oct, 27 2023 20:40:32.283166 GMT"
      },
      "RequestBody": null,
      "StatusCode": 200,
      "ResponseHeaders": {
        "Access-Control-Allow-Origin": "*",
        "Connection": "keep-alive",
        "Content-Type": "application/vnd.microsoft.appconfig.kvset\u002Bjson; charset=utf-8",
        "Date": "Fri, 27 Oct 2023 20:40:33 GMT",
        "Strict-Transport-Security": "max-age=15724800; includeSubDomains",
        "Sync-Token": "zAJw6V16=NzoxNyMyNDA5NjY3OA==;sn=24096678",
        "Transfer-Encoding": "chunked",
        "x-ms-correlation-request-id": "6f7dbe9e-980c-4dca-8fe1-b3a11ec06695"
      },
      "ResponseBody": {
        "items": [
          {
            "etag": "ZcH--8aQSX_1crPm3I1SOdaPtjSkFE1RK4ywm7yvjM8",
            "key": "secret",
            "label": "prod",
            "content_type": "application/vnd.microsoft.appconfig.keyvaultref\u002Bjson;charset=utf-8",
            "value": "{\u0022uri\u0022:\u0022https://fake-keyvault.vault.azure.net/secrets/fake-secret/\u0022}",
            "tags": {},
            "locked": false,
            "last_modified": "2023-10-27T20:40:32\u002B00:00"
          }
        ]
      }
    }
  ],
  "Variables": {}
}
