{
  "Entries": [
    {
      "RequestUri": "https://Sanitized.azconfig.io/kv/message?api-version=1970-01-01",
      "RequestMethod": "PUT",
      "RequestHeaders": {
        "Accept": "*/*",
        "Accept-Encoding": "gzip, deflate",
        "Connection": "keep-alive",
        "Content-Length": "94",
        "Content-Type": "application/json",
        "User-Agent": "azsdk-python-appconfiguration/1.7.2 Python/3.11.9 (Windows-10-10.0.26100-SP0)"
      },
      "RequestBody": {
        "key": "message",
        "label": "\u0000",
        "value": "hi",
        "content_type": "text/plain",
        "tags": {}
      },
      "StatusCode": 200,
      "ResponseHeaders": {
        "Access-Control-Allow-Origin": "*",
        "Connection": "keep-alive",
        "Content-Type": "application/vnd.microsoft.appconfig.kv+json; charset=utf-8",
        "Date": "Fri, 07 Mar 2025 20:49:25 GMT",
        "ETag": "\"CRS5j095wL6omTfgb8EGEAyHaLbVCbOXRGKIO7iRxU0\"",
        "Last-Modified": "Fri, 07 Mar 2025 20:49:25 GMT",
        "Strict-Transport-Security": "max-age=31536000; includeSubDomains",
        "Transfer-Encoding": "chunked",
        "x-ms-correlation-request-id": "26ed2eb1-dcaa-4fe5-bb72-fb3adb15cdd0"
      },
      "ResponseBody": {
        "etag": "Sanitized",
        "key": "message",
        "label": null,
        "content_type": "text/plain",
        "value": "hi",
        "tags": {},
        "locked": false,
        "last_modified": "2025-03-07T20:49:25+00:00"
      }
    },
    {
      "RequestUri": "https://Sanitized.azconfig.io/kv/message?api-version=1970-01-01",
      "RequestMethod": "PUT",
      "RequestHeaders": {
        "Accept": "*/*",
        "Accept-Encoding": "gzip, deflate",
        "Connection": "keep-alive",
        "Content-Length": "93",
        "Content-Type": "application/json",
        "User-Agent": "azsdk-python-appconfiguration/1.7.2 Python/3.11.9 (Windows-10-10.0.26100-SP0)"
      },
      "RequestBody": {
        "key": "message",
        "label": "dev",
        "value": "test",
        "content_type": "text/plain",
        "tags": {}
      },
      "StatusCode": 200,
      "ResponseHeaders": {
        "Access-Control-Allow-Origin": "*",
        "Connection": "keep-alive",
        "Content-Type": "application/vnd.microsoft.appconfig.kv+json; charset=utf-8",
        "Date": "Fri, 07 Mar 2025 20:49:25 GMT",
        "ETag": "\"PBTL2uiefpiULsPvy8tNwgSTAt8wTQ_IgRiBeAGzR_c\"",
        "Last-Modified": "Fri, 07 Mar 2025 20:49:25 GMT",
        "Strict-Transport-Security": "max-age=31536000; includeSubDomains",
        "Transfer-Encoding": "chunked",
        "x-ms-correlation-request-id": "a6f56bdb-0170-45c7-9b85-76232a3e4c0e"
      },
      "ResponseBody": {
        "etag": "Sanitized",
        "key": "message",
        "label": "dev",
        "content_type": "text/plain",
        "value": "test",
        "tags": {},
        "locked": false,
        "last_modified": "2025-03-07T20:49:25+00:00"
      }
    },
    {
      "RequestUri": "https://Sanitized.azconfig.io/kv/my_json?api-version=1970-01-01",
      "RequestMethod": "PUT",
      "RequestHeaders": {
        "Accept": "*/*",
        "Accept-Encoding": "gzip, deflate",
        "Connection": "keep-alive",
        "Content-Length": "118",
        "Content-Type": "application/json",
        "User-Agent": "azsdk-python-appconfiguration/1.7.2 Python/3.11.9 (Windows-10-10.0.26100-SP0)"
      },
      "RequestBody": {
        "key": "my_json",
        "label": "\u0000",
        "value": "{\"key\": \"value\"}",
        "content_type": "application/json",
        "tags": {}
      },
      "StatusCode": 200,
      "ResponseHeaders": {
        "Access-Control-Allow-Origin": "*",
        "Connection": "keep-alive",
        "Content-Type": "application/vnd.microsoft.appconfig.kv+json; charset=utf-8",
        "Date": "Fri, 07 Mar 2025 20:49:25 GMT",
        "ETag": "\"eh_CzOdatFJm8rAnGj4g45B_qH3Oyq_AZzJBQoSf-eY\"",
        "Last-Modified": "Fri, 07 Mar 2025 20:49:25 GMT",
        "Strict-Transport-Security": "max-age=31536000; includeSubDomains",
        "Transfer-Encoding": "chunked",
        "x-ms-correlation-request-id": "bddcd25b-f136-42ae-8ef1-0e38bc12fc93"
      },
      "ResponseBody": {
        "etag": "Sanitized",
        "key": "my_json",
        "label": null,
        "content_type": "application/json",
        "value": "{\"key\": \"value\"}",
        "tags": {},
        "locked": false,
        "last_modified": "2025-03-07T20:49:25+00:00"
      }
    },
    {
      "RequestUri": "https://Sanitized.azconfig.io/kv/test.trimmed?api-version=1970-01-01",
      "RequestMethod": "PUT",
      "RequestHeaders": {
        "Accept": "*/*",
        "Accept-Encoding": "gzip, deflate",
        "Connection": "keep-alive",
        "Content-Length": "100",
        "Content-Type": "application/json",
        "User-Agent": "azsdk-python-appconfiguration/1.7.2 Python/3.11.9 (Windows-10-10.0.26100-SP0)"
      },
      "RequestBody": {
        "key": "test.trimmed",
        "label": "\u0000",
        "value": "key",
        "content_type": "text/plain",
        "tags": {}
      },
      "StatusCode": 200,
      "ResponseHeaders": {
        "Access-Control-Allow-Origin": "*",
        "Connection": "keep-alive",
        "Content-Type": "application/vnd.microsoft.appconfig.kv+json; charset=utf-8",
        "Date": "Fri, 07 Mar 2025 20:49:25 GMT",
        "ETag": "\"kvmtjLkEc_BqmjNa0olRKK-UD6RVTHcOe7s9JevW2Ec\"",
        "Last-Modified": "Fri, 07 Mar 2025 20:49:25 GMT",
        "Strict-Transport-Security": "max-age=31536000; includeSubDomains",
        "Transfer-Encoding": "chunked",
        "x-ms-correlation-request-id": "1d20aeb8-8289-414b-8d56-6dd02eea3170"
      },
      "ResponseBody": {
        "etag": "Sanitized",
        "key": "test.trimmed",
        "label": null,
        "content_type": "text/plain",
        "value": "key",
        "tags": {},
        "locked": false,
        "last_modified": "2025-03-07T20:49:25+00:00"
      }
    },
    {
      "RequestUri": "https://Sanitized.azconfig.io/kv/refresh_message?api-version=1970-01-01",
      "RequestMethod": "PUT",
      "RequestHeaders": {
        "Accept": "*/*",
        "Accept-Encoding": "gzip, deflate",
        "Connection": "keep-alive",
        "Content-Length": "114",
        "Content-Type": "application/json",
        "User-Agent": "azsdk-python-appconfiguration/1.7.2 Python/3.11.9 (Windows-10-10.0.26100-SP0)"
      },
      "RequestBody": {
        "key": "refresh_message",
        "label": "\u0000",
        "value": "original value",
        "content_type": "text/plain",
        "tags": {}
      },
      "StatusCode": 200,
      "ResponseHeaders": {
        "Access-Control-Allow-Origin": "*",
        "Connection": "keep-alive",
        "Content-Type": "application/vnd.microsoft.appconfig.kv+json; charset=utf-8",
        "Date": "Fri, 07 Mar 2025 20:49:25 GMT",
        "ETag": "\"stLfxxr8afzvqF2ltyXPJovg-IJJQte3sJ1c1CmFL5I\"",
        "Last-Modified": "Fri, 07 Mar 2025 20:49:25 GMT",
        "Strict-Transport-Security": "max-age=31536000; includeSubDomains",
        "Transfer-Encoding": "chunked",
        "x-ms-correlation-request-id": "1be251f6-67ee-4247-b065-e5f7f79f9d5a"
      },
      "ResponseBody": {
        "etag": "Sanitized",
        "key": "refresh_message",
        "label": null,
        "content_type": "text/plain",
        "value": "original value",
        "tags": {},
        "locked": false,
        "last_modified": "2025-03-07T20:49:25+00:00"
      }
    },
    {
      "RequestUri": "https://Sanitized.azconfig.io/kv/non_refreshed_message?api-version=1970-01-01",
      "RequestMethod": "PUT",
      "RequestHeaders": {
        "Accept": "*/*",
        "Accept-Encoding": "gzip, deflate",
        "Connection": "keep-alive",
        "Content-Length": "112",
        "Content-Type": "application/json",
        "User-Agent": "azsdk-python-appconfiguration/1.7.2 Python/3.11.9 (Windows-10-10.0.26100-SP0)"
      },
      "RequestBody": {
        "key": "non_refreshed_message",
        "label": "\u0000",
        "value": "Static",
        "content_type": "text/plain",
        "tags": {}
      },
      "StatusCode": 200,
      "ResponseHeaders": {
        "Access-Control-Allow-Origin": "*",
        "Connection": "keep-alive",
        "Content-Type": "application/vnd.microsoft.appconfig.kv+json; charset=utf-8",
        "Date": "Fri, 07 Mar 2025 20:49:25 GMT",
        "ETag": "\"2CeobBMLzMlN2FU0hQo3R2_lypYGgXmkbqk2YaES9FI\"",
        "Last-Modified": "Fri, 07 Mar 2025 20:49:25 GMT",
        "Strict-Transport-Security": "max-age=31536000; includeSubDomains",
        "Transfer-Encoding": "chunked",
        "x-ms-correlation-request-id": "fad823e7-6190-45eb-bae4-b564b5b62532"
      },
      "ResponseBody": {
        "etag": "Sanitized",
        "key": "non_refreshed_message",
        "label": null,
        "content_type": "text/plain",
        "value": "Static",
        "tags": {},
        "locked": false,
        "last_modified": "2025-03-07T20:49:25+00:00"
      }
    },
    {
      "RequestUri": "https://Sanitized.azconfig.io/kv/.appconfig.featureflag%2FAlpha?api-version=1970-01-01",
      "RequestMethod": "PUT",
      "RequestHeaders": {
        "Accept": "*/*",
        "Accept-Encoding": "gzip, deflate",
        "Connection": "keep-alive",
        "Content-Length": "270",
        "Content-Type": "application/json",
        "User-Agent": "azsdk-python-appconfiguration/1.7.2 Python/3.11.9 (Windows-10-10.0.26100-SP0)"
      },
      "RequestBody": {
        "key": ".appconfig.featureflag/Alpha",
        "label": "\u0000",
        "value": "{\t\"id\": \"Alpha\", \"description\": \"\", \"enabled\": false, \"conditions\": {\t\"client_filters\": []\t}}",
        "content_type": "application/vnd.microsoft.appconfig.ff+json;charset=utf-8",
        "tags": {}
      },
      "StatusCode": 200,
      "ResponseHeaders": {
        "Access-Control-Allow-Origin": "*",
        "Connection": "keep-alive",
        "Content-Type": "application/vnd.microsoft.appconfig.kv+json; charset=utf-8",
        "Date": "Fri, 07 Mar 2025 20:49:25 GMT",
        "ETag": "\"N9VvLlQGjLr2ZHsuxCP8vvkJEA4-0WTN8oISh6h4i3o\"",
        "Last-Modified": "Fri, 07 Mar 2025 20:49:25 GMT",
        "Strict-Transport-Security": "max-age=31536000; includeSubDomains",
        "Transfer-Encoding": "chunked",
        "x-ms-correlation-request-id": "8e2b242c-665f-4d4d-9306-86bdeccc774e"
      },
      "ResponseBody": {
        "etag": "Sanitized",
        "key": ".appconfig.featureflag/Alpha",
        "label": null,
        "content_type": "application/vnd.microsoft.appconfig.ff+json;charset=utf-8",
        "value": "{\t\"id\": \"Alpha\", \"description\": \"\", \"enabled\": false, \"conditions\": {\t\"client_filters\": []\t}}",
        "tags": {},
        "locked": false,
        "last_modified": "2025-03-07T20:49:25+00:00"
      }
    },
    {
      "RequestUri": "https://Sanitized.azconfig.io/kv/secret?api-version=1970-01-01",
      "RequestMethod": "PUT",
      "RequestHeaders": {
        "Accept": "*/*",
        "Accept-Encoding": "gzip, deflate",
        "Connection": "keep-alive",
        "Content-Length": "213",
        "Content-Type": "application/json",
        "User-Agent": "azsdk-python-appconfiguration/1.7.2 Python/3.11.9 (Windows-10-10.0.26100-SP0)"
      },
      "RequestBody": {
        "key": "secret",
        "label": "prod",
        "value": "{\"uri\":\"https://Sanitized.vault.azure.net/secrets/fake-secret/\"}",
        "content_type": "application/vnd.microsoft.appconfig.keyvaultref+json;charset=utf-8",
        "tags": {}
      },
      "StatusCode": 200,
      "ResponseHeaders": {
        "Access-Control-Allow-Origin": "*",
        "Connection": "keep-alive",
        "Content-Type": "application/vnd.microsoft.appconfig.kv+json; charset=utf-8",
        "Date": "Fri, 07 Mar 2025 20:49:25 GMT",
        "ETag": "\"gea6__TS7qOrwcLxmL8sise317eD0YYE4GokM_kCpRw\"",
        "Last-Modified": "Fri, 07 Mar 2025 20:49:25 GMT",
        "Strict-Transport-Security": "max-age=31536000; includeSubDomains",
        "Transfer-Encoding": "chunked",
        "x-ms-correlation-request-id": "4c551325-5234-4a6f-8683-d9f0e7339638"
      },
      "ResponseBody": {
        "etag": "Sanitized",
        "key": "secret",
        "label": "prod",
        "content_type": "application/vnd.microsoft.appconfig.keyvaultref+json;charset=utf-8",
        "value": "{\"uri\":\"https://Sanitized.vault.azure.net/secrets/fake-secret/\"}",
        "tags": {},
        "locked": false,
        "last_modified": "2025-03-07T20:49:25+00:00"
      }
    },
    {
      "RequestUri": "https://Sanitized.azconfig.io/kv?api-version=1970-01-01",
      "RequestMethod": "GET",
      "RequestHeaders": {
        "Accept": "*/*",
        "Accept-Encoding": "gzip, deflate",
        "Connection": "keep-alive",
        "User-Agent": "SDK/Integration SDK/Integration python-appconfiguration-provider/2.0.1 azsdk-python-appconfiguration/1.7.2 Python/3.11.9 (Windows-10-10.0.26100-SP0)"
      },
      "RequestBody": null,
      "StatusCode": 200,
      "ResponseHeaders": {
        "Access-Control-Allow-Origin": "*",
        "Connection": "keep-alive",
        "Content-Type": "application/vnd.microsoft.appconfig.kvset+json; charset=utf-8",
        "Date": "Fri, 07 Mar 2025 20:49:27 GMT",
        "ETag": "\"d2YU8nkvt_dh5JdDgRvxalOFnNCg4-nLTx3yw7RgiR8\"",
        "Strict-Transport-Security": "max-age=31536000; includeSubDomains",
        "Transfer-Encoding": "chunked",
        "x-ms-correlation-request-id": "85a3aee2-7fbc-4ae1-8154-7c89559171ae"
      },
      "ResponseBody": {
        "etag": "Sanitized",
        "items": [
          {
            "etag": "Sanitized",
            "key": ".appconfig.featureflag/Alpha",
            "label": null,
            "content_type": "application/vnd.microsoft.appconfig.ff+json;charset=utf-8",
            "value": "{\t\"id\": \"Alpha\", \"description\": \"\", \"enabled\": false, \"conditions\": {\t\"client_filters\": []\t}}",
            "tags": {},
            "locked": false,
            "last_modified": "2025-03-07T20:49:25+00:00"
          },
          {
            "etag": "Sanitized",
            "key": ".appconfig.featureflag/Beta",
            "label": null,
            "content_type": "application/vnd.microsoft.appconfig.ff+json;charset=utf-8",
            "value": "{\"id\":\"Beta\",\"enabled\":true,\"conditions\":{\"client_filters\":[]},\"display_name\":null,\"description\":null,\"telemetry\":{\"enabled\":true}}",
            "tags": {},
            "locked": false,
            "last_modified": "2025-02-24T18:04:36+00:00"
          },
          {
            "etag": "Sanitized",
            "key": ".appconfig.featureflag/Greeting",
            "label": null,
            "content_type": "application/vnd.microsoft.appconfig.ff+json;charset=utf-8",
            "value": "{\"id\":\"Greeting\",\"enabled\":false,\"variants\":[{\"name\":\"Off\",\"configuration_value\":false},{\"name\":\"On\",\"configuration_value\":true}],\"allocation\":{\"percentile\":[{\"variant\":\"Off\",\"from\":0,\"to\":100}],\"default_when_enabled\":\"Off\",\"default_when_disabled\":\"Off\"},\"telemetry\":{\"enabled\":false}}",
            "tags": {},
            "locked": false,
            "last_modified": "2025-03-05T18:16:16+00:00"
          },
          {
            "etag": "Sanitized",
            "key": ".appconfig.featureflag/ID Test",
            "label": null,
            "content_type": "application/vnd.microsoft.appconfig.ff+json;charset=utf-8",
            "value": "{\"id\":\"IDTest\",\"description\":\"\",\"enabled\":true,\"conditions\":{\"client_filters\":[]}}",
            "tags": {},
            "locked": false,
            "last_modified": "2024-08-27T18:43:08+00:00"
          },
          {
            "etag": "Sanitized",
            "key": ".appconfig.featureflag/SpaceTest",
            "label": null,
            "content_type": "application/vnd.microsoft.appconfig.ff+json;charset=utf-8",
            "value": "{\"id\": \"There is a space in the feature id\", \"enabled\": true, \"conditions\": {\"client_filters\": []}, \"display_name\": null, \"description\": null}",
            "tags": {},
            "locked": false,
            "last_modified": "2024-08-15T18:44:29+00:00"
          },
          {
            "etag": "Sanitized",
            "key": ".appconfig.featureflag/TWF",
            "label": null,
            "content_type": "application/vnd.microsoft.appconfig.ff+json;charset=utf-8",
            "value": "{\"id\":\"TWF\",\"description\":\"\",\"enabled\":true,\"conditions\":{\"client_filters\":[{\"name\":\"Microsoft.TimeWindow\",\"parameters\":{\"Start\":\"Fri, 13 Dec 2024 08:00:00 GMT\",\"End\":\"Sat, 21 Dec 2024 08:00:00 GMT\",\"Recurrence\":{\"Pattern\":{\"Type\":\"Weekly\",\"Interval\":1,\"FirstDayOfWeek\":\"Sunday\",\"DaysOfWeek\":[\"Friday\"]},\"Range\":{\"Type\":\"NoEnd\"}}}}]}}",
            "tags": {},
            "locked": false,
            "last_modified": "2024-12-13T20:20:21+00:00"
          },
          {
            "etag": "Sanitized",
            "key": ".appconfig.featureflag/TelTest",
            "label": null,
            "content_type": "application/vnd.microsoft.appconfig.ff+json;charset=utf-8",
            "value": "{\"id\":\"TelTest\",\"enabled\":true,\"variants\":[{\"name\":\"Off\",\"configuration_value\":false},{\"name\":\"On\",\"configuration_value\":true}],\"allocation\":{\"percentile\":[{\"variant\":\"Off\",\"from\":0,\"to\":100}],\"default_when_enabled\":\"Off\",\"default_when_disabled\":\"Off\"},\"telemetry\":{\"enabled\":true}}",
            "tags": {},
            "locked": false,
            "last_modified": "2025-02-11T06:37:32+00:00"
          },
          {
            "etag": "Sanitized",
            "key": ".appconfig.featureflag/jkf",
            "label": null,
            "content_type": "application/vnd.microsoft.appconfig.ff+json;charset=utf-8",
            "value": "{\"id\":\"jkf\",\"description\":\"\",\"enabled\":true,\"conditions\":{\"client_filters\":[{\"name\":\"Microsoft.Targeting\",\"parameters\":{\"Audience\":{\"Users\":[\"gkl\"],\"Groups\":[{\"Name\":\"fk\",\"RolloutPercentage\":49}],\"DefaultRolloutPercentage\":50}}}]}}",
            "tags": {},
            "locked": false,
            "last_modified": "2024-08-29T17:38:18+00:00"
          },
          {
            "etag": "Sanitized",
            "key": "/application/config.message",
            "label": null,
            "content_type": "",
            "value": "application",
            "tags": {},
            "locked": false,
            "last_modified": "2024-09-03T18:43:06+00:00"
          },
          {
            "etag": "Sanitized",
            "key": "/custom/config.message",
            "label": null,
            "content_type": "",
            "value": "custom",
            "tags": {},
            "locked": false,
            "last_modified": "2024-09-03T18:38:58+00:00"
          },
          {
            "etag": "Sanitized",
            "key": "TestApp:Settings:Message",
            "label": null,
            "content_type": "",
            "value": "Data from Azure App Configuration",
            "tags": {},
            "locked": false,
            "last_modified": "2024-08-15T17:18:49+00:00"
          },
          {
            "etag": "Sanitized",
            "key": "app.greeting",
            "label": null,
            "content_type": "",
            "value": "Hello World",
            "tags": {},
            "locked": false,
            "last_modified": "2024-08-15T16:38:17+00:00"
          },
          {
            "etag": "Sanitized",
            "key": "app.json",
            "label": null,
            "content_type": "application/json",
            "value": "{\"myKey\":\"myValue\"}",
            "tags": {},
            "locked": false,
            "last_modified": "2024-08-15T16:38:43+00:00"
          },
          {
            "etag": "Sanitized",
            "key": "message",
            "label": null,
            "content_type": "text/plain",
            "value": "hi",
            "tags": {},
            "locked": false,
            "last_modified": "2025-03-07T20:49:25+00:00"
          },
          {
            "etag": "Sanitized",
            "key": "my_json",
            "label": null,
            "content_type": "application/json",
            "value": "{\"key\": \"value\"}",
            "tags": {},
            "locked": false,
            "last_modified": "2025-03-07T20:49:25+00:00"
          },
          {
            "etag": "Sanitized",
            "key": "non_refreshed_message",
            "label": null,
            "content_type": "text/plain",
            "value": "Static",
            "tags": {},
            "locked": false,
            "last_modified": "2025-03-07T20:49:25+00:00"
          },
          {
            "etag": "Sanitized",
            "key": "refresh_message",
            "label": null,
            "content_type": "text/plain",
            "value": "original value",
            "tags": {},
            "locked": false,
            "last_modified": "2025-03-07T20:49:25+00:00"
          },
          {
            "etag": "Sanitized",
            "key": "test.trimmed",
            "label": null,
            "content_type": "text/plain",
            "value": "key",
            "tags": {},
            "locked": false,
            "last_modified": "2025-03-07T20:49:25+00:00"
          }
        ]
      }
    },
    {
      "RequestUri": "https://Sanitized.azconfig.io/kv?api-version=1970-01-01",
      "RequestMethod": "GET",
      "RequestHeaders": {
        "Accept": "*/*",
        "Accept-Encoding": "gzip, deflate",
        "Connection": "keep-alive",
        "User-Agent": "SDK/Integration SDK/Integration python-appconfiguration-provider/2.0.1 azsdk-python-appconfiguration/1.7.2 Python/3.11.9 (Windows-10-10.0.26100-SP0)"
      },
      "RequestBody": null,
      "StatusCode": 200,
      "ResponseHeaders": {
        "Access-Control-Allow-Origin": "*",
        "Connection": "keep-alive",
        "Content-Type": "application/vnd.microsoft.appconfig.kvset+json; charset=utf-8",
        "Date": "Fri, 07 Mar 2025 20:49:27 GMT",
        "ETag": "\"ntl4j-aNKDOkg-m61-yX2VVETP-MdwQFU7YSrowO8-Y\"",
        "Strict-Transport-Security": "max-age=31536000; includeSubDomains",
        "Transfer-Encoding": "chunked",
        "x-ms-correlation-request-id": "804ea11a-d0c9-4448-896f-cbbe41530916"
      },
      "ResponseBody": {
        "etag": "Sanitized",
        "items": [
          {
            "etag": "Sanitized",
            "key": ".appconfig.featureflag/Alpha",
            "label": null,
            "content_type": "application/vnd.microsoft.appconfig.ff+json;charset=utf-8",
            "value": "{\t\"id\": \"Alpha\", \"description\": \"\", \"enabled\": false, \"conditions\": {\t\"client_filters\": []\t}}",
            "tags": {},
            "locked": false,
            "last_modified": "2025-03-07T20:49:25+00:00"
          },
          {
            "etag": "Sanitized",
            "key": ".appconfig.featureflag/Beta",
            "label": null,
            "content_type": "application/vnd.microsoft.appconfig.ff+json;charset=utf-8",
            "value": "{\"id\":\"Beta\",\"enabled\":true,\"conditions\":{\"client_filters\":[]},\"display_name\":null,\"description\":null,\"telemetry\":{\"enabled\":true}}",
            "tags": {},
            "locked": false,
            "last_modified": "2025-02-24T18:04:36+00:00"
          },
          {
            "etag": "Sanitized",
            "key": ".appconfig.featureflag/Greeting",
            "label": null,
            "content_type": "application/vnd.microsoft.appconfig.ff+json;charset=utf-8",
            "value": "{\"id\":\"Greeting\",\"enabled\":false,\"variants\":[{\"name\":\"Off\",\"configuration_value\":false},{\"name\":\"On\",\"configuration_value\":true}],\"allocation\":{\"percentile\":[{\"variant\":\"Off\",\"from\":0,\"to\":100}],\"default_when_enabled\":\"Off\",\"default_when_disabled\":\"Off\"},\"telemetry\":{\"enabled\":false}}",
            "tags": {},
            "locked": false,
            "last_modified": "2025-03-05T18:16:16+00:00"
          },
          {
            "etag": "Sanitized",
            "key": ".appconfig.featureflag/ID Test",
            "label": null,
            "content_type": "application/vnd.microsoft.appconfig.ff+json;charset=utf-8",
            "value": "{\"id\":\"IDTest\",\"description\":\"\",\"enabled\":true,\"conditions\":{\"client_filters\":[]}}",
            "tags": {},
            "locked": false,
            "last_modified": "2024-08-27T18:43:08+00:00"
          },
          {
            "etag": "Sanitized",
            "key": ".appconfig.featureflag/SpaceTest",
            "label": null,
            "content_type": "application/vnd.microsoft.appconfig.ff+json;charset=utf-8",
            "value": "{\"id\": \"There is a space in the feature id\", \"enabled\": true, \"conditions\": {\"client_filters\": []}, \"display_name\": null, \"description\": null}",
            "tags": {},
            "locked": false,
            "last_modified": "2024-08-15T18:44:29+00:00"
          },
          {
            "etag": "Sanitized",
            "key": ".appconfig.featureflag/TWF",
            "label": null,
            "content_type": "application/vnd.microsoft.appconfig.ff+json;charset=utf-8",
            "value": "{\"id\":\"TWF\",\"description\":\"\",\"enabled\":true,\"conditions\":{\"client_filters\":[{\"name\":\"Microsoft.TimeWindow\",\"parameters\":{\"Start\":\"Fri, 13 Dec 2024 08:00:00 GMT\",\"End\":\"Sat, 21 Dec 2024 08:00:00 GMT\",\"Recurrence\":{\"Pattern\":{\"Type\":\"Weekly\",\"Interval\":1,\"FirstDayOfWeek\":\"Sunday\",\"DaysOfWeek\":[\"Friday\"]},\"Range\":{\"Type\":\"NoEnd\"}}}}]}}",
            "tags": {},
            "locked": false,
            "last_modified": "2024-12-13T20:20:21+00:00"
          },
          {
            "etag": "Sanitized",
            "key": ".appconfig.featureflag/TelTest",
            "label": null,
            "content_type": "application/vnd.microsoft.appconfig.ff+json;charset=utf-8",
            "value": "{\"id\":\"TelTest\",\"enabled\":true,\"variants\":[{\"name\":\"Off\",\"configuration_value\":false},{\"name\":\"On\",\"configuration_value\":true}],\"allocation\":{\"percentile\":[{\"variant\":\"Off\",\"from\":0,\"to\":100}],\"default_when_enabled\":\"Off\",\"default_when_disabled\":\"Off\"},\"telemetry\":{\"enabled\":true}}",
            "tags": {},
            "locked": false,
            "last_modified": "2025-02-11T06:37:32+00:00"
          },
          {
            "etag": "Sanitized",
            "key": ".appconfig.featureflag/jkf",
            "label": null,
            "content_type": "application/vnd.microsoft.appconfig.ff+json;charset=utf-8",
            "value": "{\"id\":\"jkf\",\"description\":\"\",\"enabled\":true,\"conditions\":{\"client_filters\":[{\"name\":\"Microsoft.Targeting\",\"parameters\":{\"Audience\":{\"Users\":[\"gkl\"],\"Groups\":[{\"Name\":\"fk\",\"RolloutPercentage\":49}],\"DefaultRolloutPercentage\":50}}}]}}",
            "tags": {},
            "locked": false,
            "last_modified": "2024-08-29T17:38:18+00:00"
          }
        ]
      }
    }
  ],
  "Variables": {}
}
