{
  "Entries": [
    {
      "RequestUri": "https://login.microsoftonline.com/fake-tenant-id/v2.0/.well-known/openid-configuration",
      "RequestMethod": "GET",
      "RequestHeaders": {
        "Accept": "*/*",
        "Accept-Encoding": "gzip, deflate",
        "Connection": "keep-alive",
        "User-Agent": "azsdk-python-identity/1.12.0 Python/3.11.8 (Windows-10-10.0.22631-SP0)"
      },
      "RequestBody": null,
      "StatusCode": 200,
      "ResponseHeaders": {
        "Access-Control-Allow-Methods": "GET, OPTIONS",
        "Access-Control-Allow-Origin": "*",
        "Cache-Control": "max-age=86400, private",
        "Content-Length": "1599",
        "Content-Type": "application/json; charset=utf-8",
        "Date": "Tue, 13 Feb 2024 00:33:40 GMT",
        "P3P": "CP=\u0022DSP CUR OTPi IND OTRi ONL FIN\u0022",
        "Set-Cookie": [
          "fpc=AuDp-zGoYTVPp1Sq3yIgqa-IlbEPBgAAAICvXN0OAAAA26HaswgAAACMr1zdDgAAAA; expires=Thu, 14-Mar-2024 00:33:40 GMT; path=/; secure; HttpOnly; SameSite=None",
          "x-ms-gateway-slice=estsfd; path=/; secure; samesite=none; httponly"
        ],
        "Strict-Transport-Security": "max-age=31536000; includeSubDomains",
        "X-Content-Type-Options": "nosniff",
        "x-ms-ests-server": "2.1.17338.4 - SCUS ProdSlices",
        "X-XSS-Protection": "0"
      },
      "ResponseBody": {
        "token_endpoint": "https://login.microsoftonline.com/fake-tenant-id/oauth2/v2.0/token",
        "token_endpoint_auth_methods_supported": [
          "client_secret_post",
          "private_key_jwt",
          "client_secret_basic"
        ],
        "jwks_uri": "https://login.microsoftonline.com/fake-tenant-id/discovery/v2.0/keys",
        "response_modes_supported": [
          "query",
          "fragment",
          "form_post"
        ],
        "subject_types_supported": [
          "pairwise"
        ],
        "id_token_signing_alg_values_supported": [
          "RS256"
        ],
        "response_types_supported": [
          "code",
          "id_token",
          "code id_token",
          "id_token token"
        ],
        "scopes_supported": [
          "openid",
          "profile",
          "email",
          "offline_access"
        ],
        "issuer": "https://login.microsoftonline.com/fake-tenant-id/v2.0",
        "request_uri_parameter_supported": false,
        "userinfo_endpoint": "https://graph.microsoft.com/oidc/userinfo",
        "authorization_endpoint": "https://login.microsoftonline.com/fake-tenant-id/oauth2/v2.0/authorize",
        "device_authorization_endpoint": "https://login.microsoftonline.com/fake-tenant-id/oauth2/v2.0/devicecode",
        "http_logout_supported": true,
        "frontchannel_logout_supported": true,
        "end_session_endpoint": "https://login.microsoftonline.com/fake-tenant-id/oauth2/v2.0/logout",
        "claims_supported": [
          "sub",
          "iss",
          "cloud_instance_name",
          "cloud_instance_host_name",
          "cloud_graph_host_name",
          "msgraph_host",
          "aud",
          "exp",
          "iat",
          "auth_time",
          "acr",
          "nonce",
          "preferred_username",
          "name",
          "tid",
          "ver",
          "at_hash",
          "c_hash",
          "email"
        ],
        "kerberos_endpoint": "https://login.microsoftonline.com/fake-tenant-id/kerberos",
        "tenant_region_scope": "WW",
        "cloud_instance_name": "microsoftonline.com",
        "cloud_graph_host_name": "graph.windows.net",
        "msgraph_host": "graph.microsoft.com",
        "rbac_url": "https://pas.windows.net"
      }
    },
    {
      "RequestUri": "https://fake-endpoint.azconfig.io/kv/message?label=%00\u0026api-version=1970-01-01",
      "RequestMethod": "PUT",
      "RequestHeaders": {
        "Accept": "application/vnd.microsoft.appconfig.kv\u002Bjson, application/problem\u002Bjson",
        "Accept-Encoding": "gzip, deflate",
        "Connection": "keep-alive",
        "Content-Length": "94",
        "Content-Type": "application/json",
        "User-Agent": "azsdk-python-appconfiguration/unknown Python/3.11.8 (Windows-10-10.0.22631-SP0)"
      },
      "RequestBody": {
        "key": "message",
        "label": "\u0000",
        "content_type": "text/plain",
        "value": "hi",
        "tags": {}
      },
      "StatusCode": 200,
      "ResponseHeaders": {
        "Access-Control-Allow-Origin": "*",
        "Connection": "keep-alive",
        "Content-Type": "application/vnd.microsoft.appconfig.kv\u002Bjson; charset=utf-8",
        "Date": "Tue, 13 Feb 2024 00:33:40 GMT",
        "ETag": "\u0022US9YrgPQ9yDMctXkOHNz5AlTmoeHHMmwDTZnWADLCyM\u0022",
        "Last-Modified": "Tue, 13 Feb 2024 00:33:40 GMT",
        "Strict-Transport-Security": "max-age=31536000; includeSubDomains",
        "Sync-Token": "zAJw6V16=NzoxNyMyNTA5MDgzNA==;sn=25090834",
        "Transfer-Encoding": "chunked",
        "x-ms-correlation-request-id": "9a663fa7-c8db-4547-b249-4507f8bbd287"
      },
      "ResponseBody": {
        "etag": "US9YrgPQ9yDMctXkOHNz5AlTmoeHHMmwDTZnWADLCyM",
        "key": "message",
        "label": null,
        "content_type": "text/plain",
        "value": "hi",
        "tags": {},
        "locked": false,
        "last_modified": "2024-02-13T00:33:40\u002B00:00"
      }
    },
    {
      "RequestUri": "https://fake-endpoint.azconfig.io/kv/message?label=dev\u0026api-version=1970-01-01",
      "RequestMethod": "PUT",
      "RequestHeaders": {
        "Accept": "application/vnd.microsoft.appconfig.kv\u002Bjson, application/problem\u002Bjson",
        "Accept-Encoding": "gzip, deflate",
        "Connection": "keep-alive",
        "Content-Length": "93",
        "Content-Type": "application/json",
        "Sync-Token": "zAJw6V16=NzoxNyMyNTA5MDgzNA==",
        "User-Agent": "azsdk-python-appconfiguration/unknown Python/3.11.8 (Windows-10-10.0.22631-SP0)"
      },
      "RequestBody": {
        "key": "message",
        "label": "dev",
        "content_type": "text/plain",
        "value": "test",
        "tags": {}
      },
      "StatusCode": 200,
      "ResponseHeaders": {
        "Access-Control-Allow-Origin": "*",
        "Connection": "keep-alive",
        "Content-Type": "application/vnd.microsoft.appconfig.kv\u002Bjson; charset=utf-8",
        "Date": "Tue, 13 Feb 2024 00:33:40 GMT",
        "ETag": "\u0022-ng1KwpXvxOWffC_bjJE1xra-ov7a-f_tDQ6Oz4j-jg\u0022",
        "Last-Modified": "Tue, 13 Feb 2024 00:33:40 GMT",
        "Strict-Transport-Security": "max-age=31536000; includeSubDomains",
        "Sync-Token": "zAJw6V16=NzoxNyMyNTA5MDgzNg==;sn=25090836",
        "Transfer-Encoding": "chunked",
        "x-ms-correlation-request-id": "72e867b8-ad4c-4121-aa6e-049fa52bb330"
      },
      "ResponseBody": {
        "etag": "-ng1KwpXvxOWffC_bjJE1xra-ov7a-f_tDQ6Oz4j-jg",
        "key": "message",
        "label": "dev",
        "content_type": "text/plain",
        "value": "test",
        "tags": {},
        "locked": false,
        "last_modified": "2024-02-13T00:33:40\u002B00:00"
      }
    },
    {
      "RequestUri": "https://fake-endpoint.azconfig.io/kv/my_json?label=%00\u0026api-version=1970-01-01",
      "RequestMethod": "PUT",
      "RequestHeaders": {
        "Accept": "application/vnd.microsoft.appconfig.kv\u002Bjson, application/problem\u002Bjson",
        "Accept-Encoding": "gzip, deflate",
        "Connection": "keep-alive",
        "Content-Length": "118",
        "Content-Type": "application/json",
        "Sync-Token": "zAJw6V16=NzoxNyMyNTA5MDgzNg==",
        "User-Agent": "azsdk-python-appconfiguration/unknown Python/3.11.8 (Windows-10-10.0.22631-SP0)"
      },
      "RequestBody": {
        "key": "my_json",
        "label": "\u0000",
        "content_type": "application/json",
        "value": "{\u0022key\u0022: \u0022value\u0022}",
        "tags": {}
      },
      "StatusCode": 200,
      "ResponseHeaders": {
        "Access-Control-Allow-Origin": "*",
        "Connection": "keep-alive",
        "Content-Type": "application/vnd.microsoft.appconfig.kv\u002Bjson; charset=utf-8",
        "Date": "Tue, 13 Feb 2024 00:33:40 GMT",
        "ETag": "\u0022Qj_QN65Oo5OJxU1HC9sNlcJqjY8FQMwmSEt6Zuv8DEQ\u0022",
        "Last-Modified": "Tue, 13 Feb 2024 00:33:40 GMT",
        "Strict-Transport-Security": "max-age=31536000; includeSubDomains",
        "Sync-Token": "zAJw6V16=NzoxNyMyNTA5MDgzOA==;sn=25090838",
        "Transfer-Encoding": "chunked",
        "x-ms-correlation-request-id": "d2a61d27-b833-44c0-8ce4-6816e5770360"
      },
      "ResponseBody": {
        "etag": "Qj_QN65Oo5OJxU1HC9sNlcJqjY8FQMwmSEt6Zuv8DEQ",
        "key": "my_json",
        "label": null,
        "content_type": "application/json",
        "value": "{\u0022key\u0022: \u0022value\u0022}",
        "tags": {},
        "locked": false,
        "last_modified": "2024-02-13T00:33:40\u002B00:00"
      }
    },
    {
      "RequestUri": "https://fake-endpoint.azconfig.io/kv/test.trimmed?label=%00\u0026api-version=1970-01-01",
      "RequestMethod": "PUT",
      "RequestHeaders": {
        "Accept": "application/vnd.microsoft.appconfig.kv\u002Bjson, application/problem\u002Bjson",
        "Accept-Encoding": "gzip, deflate",
        "Connection": "keep-alive",
        "Content-Length": "100",
        "Content-Type": "application/json",
        "Sync-Token": "zAJw6V16=NzoxNyMyNTA5MDgzOA==",
        "User-Agent": "azsdk-python-appconfiguration/unknown Python/3.11.8 (Windows-10-10.0.22631-SP0)"
      },
      "RequestBody": {
        "key": "test.trimmed",
        "label": "\u0000",
        "content_type": "text/plain",
        "value": "key",
        "tags": {}
      },
      "StatusCode": 200,
      "ResponseHeaders": {
        "Access-Control-Allow-Origin": "*",
        "Connection": "keep-alive",
        "Content-Type": "application/vnd.microsoft.appconfig.kv\u002Bjson; charset=utf-8",
        "Date": "Tue, 13 Feb 2024 00:33:40 GMT",
        "ETag": "\u0022C94jxZGjD-k6rG4vqmaLJ-PipVGdj0iT5oAlUuWOEJQ\u0022",
        "Last-Modified": "Tue, 13 Feb 2024 00:33:40 GMT",
        "Strict-Transport-Security": "max-age=31536000; includeSubDomains",
        "Sync-Token": "zAJw6V16=NzoxNyMyNTA5MDg0MA==;sn=25090840",
        "Transfer-Encoding": "chunked",
        "x-ms-correlation-request-id": "92c6626a-3ac1-4b92-a309-c6831bbb5627"
      },
      "ResponseBody": {
        "etag": "C94jxZGjD-k6rG4vqmaLJ-PipVGdj0iT5oAlUuWOEJQ",
        "key": "test.trimmed",
        "label": null,
        "content_type": "text/plain",
        "value": "key",
        "tags": {},
        "locked": false,
        "last_modified": "2024-02-13T00:33:40\u002B00:00"
      }
    },
    {
      "RequestUri": "https://fake-endpoint.azconfig.io/kv/refresh_message?label=%00\u0026api-version=1970-01-01",
      "RequestMethod": "PUT",
      "RequestHeaders": {
        "Accept": "application/vnd.microsoft.appconfig.kv\u002Bjson, application/problem\u002Bjson",
        "Accept-Encoding": "gzip, deflate",
        "Connection": "keep-alive",
        "Content-Length": "114",
        "Content-Type": "application/json",
        "Sync-Token": "zAJw6V16=NzoxNyMyNTA5MDg0MA==",
        "User-Agent": "azsdk-python-appconfiguration/unknown Python/3.11.8 (Windows-10-10.0.22631-SP0)"
      },
      "RequestBody": {
        "key": "refresh_message",
        "label": "\u0000",
        "content_type": "text/plain",
        "value": "original value",
        "tags": {}
      },
      "StatusCode": 200,
      "ResponseHeaders": {
        "Access-Control-Allow-Origin": "*",
        "Connection": "keep-alive",
        "Content-Type": "application/vnd.microsoft.appconfig.kv\u002Bjson; charset=utf-8",
        "Date": "Tue, 13 Feb 2024 00:33:40 GMT",
        "ETag": "\u0022J4gQBmpppm02lltHbq031DTuvc5a9U0ADt4r4rNZzVI\u0022",
        "Last-Modified": "Tue, 13 Feb 2024 00:33:40 GMT",
        "Strict-Transport-Security": "max-age=31536000; includeSubDomains",
        "Sync-Token": "zAJw6V16=NzoxNyMyNTA5MDg0Mg==;sn=25090842",
        "Transfer-Encoding": "chunked",
        "x-ms-correlation-request-id": "f379a9bf-0615-40d1-9f24-4cac1e3bd2ce"
      },
      "ResponseBody": {
        "etag": "J4gQBmpppm02lltHbq031DTuvc5a9U0ADt4r4rNZzVI",
        "key": "refresh_message",
        "label": null,
        "content_type": "text/plain",
        "value": "original value",
        "tags": {},
        "locked": false,
        "last_modified": "2024-02-13T00:33:40\u002B00:00"
      }
    },
    {
      "RequestUri": "https://fake-endpoint.azconfig.io/kv/non_refreshed_message?label=%00\u0026api-version=1970-01-01",
      "RequestMethod": "PUT",
      "RequestHeaders": {
        "Accept": "application/vnd.microsoft.appconfig.kv\u002Bjson, application/problem\u002Bjson",
        "Accept-Encoding": "gzip, deflate",
        "Connection": "keep-alive",
        "Content-Length": "112",
        "Content-Type": "application/json",
        "Sync-Token": "zAJw6V16=NzoxNyMyNTA5MDg0Mg==",
        "User-Agent": "azsdk-python-appconfiguration/unknown Python/3.11.8 (Windows-10-10.0.22631-SP0)"
      },
      "RequestBody": {
        "key": "non_refreshed_message",
        "label": "\u0000",
        "content_type": "text/plain",
        "value": "Static",
        "tags": {}
      },
      "StatusCode": 200,
      "ResponseHeaders": {
        "Access-Control-Allow-Origin": "*",
        "Connection": "keep-alive",
        "Content-Type": "application/vnd.microsoft.appconfig.kv\u002Bjson; charset=utf-8",
        "Date": "Tue, 13 Feb 2024 00:33:40 GMT",
        "ETag": "\u0022l-m__94UvwHMdFR-Bi5RaRSjflaiZFHOp92_4x8U6Kw\u0022",
        "Last-Modified": "Tue, 13 Feb 2024 00:33:40 GMT",
        "Strict-Transport-Security": "max-age=31536000; includeSubDomains",
        "Sync-Token": "zAJw6V16=NzoxNyMyNTA5MDg0NA==;sn=25090844",
        "Transfer-Encoding": "chunked",
        "x-ms-correlation-request-id": "b436cbb8-0d5b-4846-8702-23e43472770a"
      },
      "ResponseBody": {
        "etag": "l-m__94UvwHMdFR-Bi5RaRSjflaiZFHOp92_4x8U6Kw",
        "key": "non_refreshed_message",
        "label": null,
        "content_type": "text/plain",
        "value": "Static",
        "tags": {},
        "locked": false,
        "last_modified": "2024-02-13T00:33:40\u002B00:00"
      }
    },
    {
      "RequestUri": "https://fake-endpoint.azconfig.io/kv/.appconfig.featureflag%2FAlpha?label=%00\u0026api-version=1970-01-01",
      "RequestMethod": "PUT",
      "RequestHeaders": {
        "Accept": "application/vnd.microsoft.appconfig.kv\u002Bjson, application/problem\u002Bjson",
        "Accept-Encoding": "gzip, deflate",
        "Connection": "keep-alive",
        "Content-Length": "270",
        "Content-Type": "application/json",
        "Sync-Token": "zAJw6V16=NzoxNyMyNTA5MDg0NA==",
        "User-Agent": "azsdk-python-appconfiguration/unknown Python/3.11.8 (Windows-10-10.0.22631-SP0)"
      },
      "RequestBody": {
        "key": ".appconfig.featureflag/Alpha",
        "label": "\u0000",
        "content_type": "application/vnd.microsoft.appconfig.ff\u002Bjson;charset=utf-8",
        "value": "{\t\u0022id\u0022: \u0022Alpha\u0022, \u0022description\u0022: \u0022\u0022, \u0022enabled\u0022: false, \u0022conditions\u0022: {\t\u0022client_filters\u0022: []\t}}",
        "tags": {}
      },
      "StatusCode": 200,
      "ResponseHeaders": {
        "Access-Control-Allow-Origin": "*",
        "Connection": "keep-alive",
        "Content-Type": "application/vnd.microsoft.appconfig.kv\u002Bjson; charset=utf-8",
        "Date": "Tue, 13 Feb 2024 00:33:40 GMT",
        "ETag": "\u0022dfW2Nh271mSfkrfSTUThYppm8P8okI57HDcw9weRNzE\u0022",
        "Last-Modified": "Tue, 13 Feb 2024 00:33:40 GMT",
        "Strict-Transport-Security": "max-age=31536000; includeSubDomains",
        "Sync-Token": "zAJw6V16=NzoxNyMyNTA5MDg0Ng==;sn=25090846",
        "Transfer-Encoding": "chunked",
        "x-ms-correlation-request-id": "a192972d-8f12-4e1b-8f7d-10b5d744d6cd"
      },
      "ResponseBody": {
        "etag": "dfW2Nh271mSfkrfSTUThYppm8P8okI57HDcw9weRNzE",
        "key": ".appconfig.featureflag/Alpha",
        "label": null,
        "content_type": "application/vnd.microsoft.appconfig.ff\u002Bjson;charset=utf-8",
        "value": "{\t\u0022id\u0022: \u0022Alpha\u0022, \u0022description\u0022: \u0022\u0022, \u0022enabled\u0022: false, \u0022conditions\u0022: {\t\u0022client_filters\u0022: []\t}}",
        "tags": {},
        "locked": false,
        "last_modified": "2024-02-13T00:33:40\u002B00:00"
      }
    },
    {
      "RequestUri": "https://fake-endpoint.azconfig.io/kv/secret?label=prod\u0026api-version=1970-01-01",
      "RequestMethod": "PUT",
      "RequestHeaders": {
        "Accept": "application/vnd.microsoft.appconfig.kv\u002Bjson, application/problem\u002Bjson",
        "Accept-Encoding": "gzip, deflate",
        "Connection": "keep-alive",
        "Content-Length": "217",
        "Content-Type": "application/json",
        "Sync-Token": "zAJw6V16=NzoxNyMyNTA5MDg0Ng==",
        "User-Agent": "azsdk-python-appconfiguration/unknown Python/3.11.8 (Windows-10-10.0.22631-SP0)"
      },
      "RequestBody": {
        "key": "secret",
        "label": "prod",
        "content_type": "application/vnd.microsoft.appconfig.keyvaultref\u002Bjson;charset=utf-8",
        "value": "{\u0022uri\u0022:\u0022https://fake-keyvault.vault.azure.net/secrets/fake-secret/\u0022}",
        "tags": {}
      },
      "StatusCode": 200,
      "ResponseHeaders": {
        "Access-Control-Allow-Origin": "*",
        "Connection": "keep-alive",
        "Content-Type": "application/vnd.microsoft.appconfig.kv\u002Bjson; charset=utf-8",
        "Date": "Tue, 13 Feb 2024 00:33:40 GMT",
        "ETag": "\u0022wjGinNX3PPiIZVN3kPEe88qnR5KWZRRsJtfxnKSaK_A\u0022",
        "Last-Modified": "Tue, 13 Feb 2024 00:33:40 GMT",
        "Strict-Transport-Security": "max-age=31536000; includeSubDomains",
        "Sync-Token": "zAJw6V16=NzoxNyMyNTA5MDg0OA==;sn=25090848",
        "Transfer-Encoding": "chunked",
        "x-ms-correlation-request-id": "b7b08ce1-6492-4bd2-a45e-686571a46c81"
      },
      "ResponseBody": {
        "etag": "wjGinNX3PPiIZVN3kPEe88qnR5KWZRRsJtfxnKSaK_A",
        "key": "secret",
        "label": "prod",
        "content_type": "application/vnd.microsoft.appconfig.keyvaultref\u002Bjson;charset=utf-8",
        "value": "{\u0022uri\u0022:\u0022https://fake-keyvault.vault.azure.net/secrets/fake-secret/\u0022}",
        "tags": {},
        "locked": false,
        "last_modified": "2024-02-13T00:33:40\u002B00:00"
      }
    },
    {
      "RequestUri": "https://fake-endpoint.azconfig.io/kv?key=%2A\u0026label=prod\u0026api-version=1970-01-01",
      "RequestMethod": "GET",
      "RequestHeaders": {
        "Accept": "application/vnd.microsoft.appconfig.kvset\u002Bjson, application/problem\u002Bjson",
        "Accept-Encoding": "gzip, deflate",
        "Connection": "keep-alive",
        "Correlation-Context": "RequestType=Startup,UsesKeyVault",
        "User-Agent": "SDK/Integration python-appconfiguration-provider/1.1.1 azsdk-python-appconfiguration/unknown Python/3.11.8 (Windows-10-10.0.22631-SP0)"
      },
      "RequestBody": null,
      "StatusCode": 200,
      "ResponseHeaders": {
        "Access-Control-Allow-Origin": "*",
        "Connection": "keep-alive",
        "Content-Type": "application/vnd.microsoft.appconfig.kvset\u002Bjson; charset=utf-8",
        "Date": "Tue, 13 Feb 2024 00:33:41 GMT",
        "ETag": "\u0022bvttBin3zUGOazeLaAAhhArodwJlgj8HUHeTuRutR-M\u0022",
        "Strict-Transport-Security": "max-age=31536000; includeSubDomains",
        "Sync-Token": "zAJw6V16=NzoxNyMyNTA5MDg0OQ==;sn=25090849",
        "Transfer-Encoding": "chunked",
        "x-ms-correlation-request-id": "442dc978-7c4c-4cfe-b9ad-9a435937433c"
      },
      "ResponseBody": {
        "etag": "bvttBin3zUGOazeLaAAhhArodwJlgj8HUHeTuRutR-M",
        "items": [
          {
            "etag": "wjGinNX3PPiIZVN3kPEe88qnR5KWZRRsJtfxnKSaK_A",
            "key": "secret",
            "label": "prod",
            "content_type": "application/vnd.microsoft.appconfig.keyvaultref\u002Bjson;charset=utf-8",
            "value": "{\u0022uri\u0022:\u0022https://fake-keyvault.vault.azure.net/secrets/fake-secret/\u0022}",
            "tags": {},
            "locked": false,
            "last_modified": "2024-02-13T00:33:40\u002B00:00"
          }
        ]
      }
    },
    {
      "RequestUri": "https://fake-keyvault.vault.azure.net/secrets/fake-secret/?api-version=1970-01-01",
      "RequestMethod": "GET",
      "RequestHeaders": {
        "Accept": "application/json",
        "Accept-Encoding": "gzip, deflate",
        "Connection": "keep-alive",
        "User-Agent": "azsdk-python-keyvault-secrets/4.8.0b3 Python/3.11.8 (Windows-10-10.0.22631-SP0)"
      },
      "RequestBody": null,
      "StatusCode": 200,
      "ResponseHeaders": {
        "Cache-Control": "no-cache",
        "Content-Length": "270",
        "Content-Type": "application/json; charset=utf-8",
        "Date": "Tue, 13 Feb 2024 00:33:41 GMT",
        "Expires": "-1",
        "Pragma": "no-cache",
        "Strict-Transport-Security": "max-age=31536000;includeSubDomains",
        "X-Content-Type-Options": "nosniff",
        "x-ms-keyvault-network-info": "conn_type=Ipv4;addr=4.155.25.77;act_addr_fam=InterNetwork;",
        "x-ms-keyvault-region": "northcentralus",
        "x-ms-keyvault-service-version": "1.9.1272.1"
      },
      "ResponseBody": {
        "value": "Very secret value",
        "id": "https://fake-keyvault.vault.azure.net/secrets/fake-secret/30d8830ec5ed4a428d311292a826f452",
        "attributes": {
          "enabled": true,
          "created": 1697584056,
          "updated": 1697584056,
          "recoveryLevel": "Recoverable\u002BPurgeable",
          "recoverableDays": 90
        },
        "tags": {}
      }
    }
  ],
  "Variables": {}
}
