{
  "Entries": [
    {
      "RequestUri": "https://Sanitized.azconfig.io/kv/message?api-version=1970-01-01",
      "RequestMethod": "PUT",
      "RequestHeaders": {
        "Accept": "*/*",
        "Accept-Encoding": "gzip, deflate",
        "Connection": "keep-alive",
        "Content-Length": "94",
        "Content-Type": "application/json",
        "User-Agent": "azsdk-python-appconfiguration/1.7.2 Python/3.11.9 (Windows-10-10.0.26100-SP0)"
      },
      "RequestBody": {
        "key": "message",
        "label": "\u0000",
        "value": "hi",
        "content_type": "text/plain",
        "tags": {}
      },
      "StatusCode": 200,
      "ResponseHeaders": {
        "Access-Control-Allow-Origin": "*",
        "Connection": "keep-alive",
        "Content-Type": "application/vnd.microsoft.appconfig.kv+json; charset=utf-8",
        "Date": "Wed, 02 Jul 2025 17:50:50 GMT",
        "ETag": "\"AZ0MQ-vLjAJrslrtUnkKuKD-SaPxKsaC0VydfzZxCOA\"",
        "Last-Modified": "Wed, 02 Jul 2025 17:50:50 GMT",
        "Strict-Transport-Security": "max-age=31536000; includeSubDomains",
        "Transfer-Encoding": "chunked",
        "x-ms-correlation-request-id": "2cbe7374-1b19-4fc0-b5b7-d4a27693e6e2"
      },
      "ResponseBody": {
        "etag": "Sanitized",
        "key": "message",
        "label": null,
        "content_type": "text/plain",
        "value": "hi",
        "tags": {},
        "locked": false,
        "last_modified": "2025-07-02T17:50:50+00:00"
      }
    },
    {
      "RequestUri": "https://Sanitized.azconfig.io/kv/message?api-version=1970-01-01",
      "RequestMethod": "PUT",
      "RequestHeaders": {
        "Accept": "*/*",
        "Accept-Encoding": "gzip, deflate",
        "Connection": "keep-alive",
        "Content-Length": "93",
        "Content-Type": "application/json",
        "User-Agent": "azsdk-python-appconfiguration/1.7.2 Python/3.11.9 (Windows-10-10.0.26100-SP0)"
      },
      "RequestBody": {
        "key": "message",
        "label": "dev",
        "value": "test",
        "content_type": "text/plain",
        "tags": {}
      },
      "StatusCode": 200,
      "ResponseHeaders": {
        "Access-Control-Allow-Origin": "*",
        "Connection": "keep-alive",
        "Content-Type": "application/vnd.microsoft.appconfig.kv+json; charset=utf-8",
        "Date": "Wed, 02 Jul 2025 17:50:50 GMT",
        "ETag": "\"k1h_d483W9FhOPJcRTFww1vcGy17DvvK2TJbgbW1A0E\"",
        "Last-Modified": "Wed, 02 Jul 2025 17:50:50 GMT",
        "Strict-Transport-Security": "max-age=31536000; includeSubDomains",
        "Transfer-Encoding": "chunked",
        "x-ms-correlation-request-id": "e1812e0e-06ed-49d2-8352-bdc52ae35bc3"
      },
      "ResponseBody": {
        "etag": "Sanitized",
        "key": "message",
        "label": "dev",
        "content_type": "text/plain",
        "value": "test",
        "tags": {},
        "locked": false,
        "last_modified": "2025-07-02T17:50:50+00:00"
      }
    },
    {
      "RequestUri": "https://Sanitized.azconfig.io/kv/my_json?api-version=1970-01-01",
      "RequestMethod": "PUT",
      "RequestHeaders": {
        "Accept": "*/*",
        "Accept-Encoding": "gzip, deflate",
        "Connection": "keep-alive",
        "Content-Length": "118",
        "Content-Type": "application/json",
        "User-Agent": "azsdk-python-appconfiguration/1.7.2 Python/3.11.9 (Windows-10-10.0.26100-SP0)"
      },
      "RequestBody": {
        "key": "my_json",
        "label": "\u0000",
        "value": "{\"key\": \"value\"}",
        "content_type": "application/json",
        "tags": {}
      },
      "StatusCode": 200,
      "ResponseHeaders": {
        "Access-Control-Allow-Origin": "*",
        "Connection": "keep-alive",
        "Content-Type": "application/vnd.microsoft.appconfig.kv+json; charset=utf-8",
        "Date": "Wed, 02 Jul 2025 17:50:50 GMT",
        "ETag": "\"1AvbXiGrtnDjY8ztIYEOzwDKz5flli0OzeBCCTzpybE\"",
        "Last-Modified": "Wed, 02 Jul 2025 17:50:50 GMT",
        "Strict-Transport-Security": "max-age=31536000; includeSubDomains",
        "Transfer-Encoding": "chunked",
        "x-ms-correlation-request-id": "328a0122-40f8-44bf-bceb-3128162b8329"
      },
      "ResponseBody": {
        "etag": "Sanitized",
        "key": "my_json",
        "label": null,
        "content_type": "application/json",
        "value": "{\"key\": \"value\"}",
        "tags": {},
        "locked": false,
        "last_modified": "2025-07-02T17:50:50+00:00"
      }
    },
    {
      "RequestUri": "https://Sanitized.azconfig.io/kv/test.trimmed?api-version=1970-01-01",
      "RequestMethod": "PUT",
      "RequestHeaders": {
        "Accept": "*/*",
        "Accept-Encoding": "gzip, deflate",
        "Connection": "keep-alive",
        "Content-Length": "100",
        "Content-Type": "application/json",
        "User-Agent": "azsdk-python-appconfiguration/1.7.2 Python/3.11.9 (Windows-10-10.0.26100-SP0)"
      },
      "RequestBody": {
        "key": "test.trimmed",
        "label": "\u0000",
        "value": "key",
        "content_type": "text/plain",
        "tags": {}
      },
      "StatusCode": 200,
      "ResponseHeaders": {
        "Access-Control-Allow-Origin": "*",
        "Connection": "keep-alive",
        "Content-Type": "application/vnd.microsoft.appconfig.kv+json; charset=utf-8",
        "Date": "Wed, 02 Jul 2025 17:50:50 GMT",
        "ETag": "\"NVjHqtY6E0REQVzMmv1qBCnd2svZ_lfR4qmcpoTxNnI\"",
        "Last-Modified": "Wed, 02 Jul 2025 17:50:50 GMT",
        "Strict-Transport-Security": "max-age=31536000; includeSubDomains",
        "Transfer-Encoding": "chunked",
        "x-ms-correlation-request-id": "a31a1800-040e-4e09-93c3-d4bfcdf71395"
      },
      "ResponseBody": {
        "etag": "Sanitized",
        "key": "test.trimmed",
        "label": null,
        "content_type": "text/plain",
        "value": "key",
        "tags": {},
        "locked": false,
        "last_modified": "2025-07-02T17:50:50+00:00"
      }
    },
    {
      "RequestUri": "https://Sanitized.azconfig.io/kv/refresh_message?api-version=1970-01-01",
      "RequestMethod": "PUT",
      "RequestHeaders": {
        "Accept": "*/*",
        "Accept-Encoding": "gzip, deflate",
        "Connection": "keep-alive",
        "Content-Length": "114",
        "Content-Type": "application/json",
        "User-Agent": "azsdk-python-appconfiguration/1.7.2 Python/3.11.9 (Windows-10-10.0.26100-SP0)"
      },
      "RequestBody": {
        "key": "refresh_message",
        "label": "\u0000",
        "value": "original value",
        "content_type": "text/plain",
        "tags": {}
      },
      "StatusCode": 200,
      "ResponseHeaders": {
        "Access-Control-Allow-Origin": "*",
        "Connection": "keep-alive",
        "Content-Type": "application/vnd.microsoft.appconfig.kv+json; charset=utf-8",
        "Date": "Wed, 02 Jul 2025 17:50:50 GMT",
        "ETag": "\"pL0WOlR_lejwpOscvz09NbxkHg_dMgWfQBOz3HKMH-g\"",
        "Last-Modified": "Wed, 02 Jul 2025 17:50:50 GMT",
        "Strict-Transport-Security": "max-age=31536000; includeSubDomains",
        "Transfer-Encoding": "chunked",
        "x-ms-correlation-request-id": "fe3f6b27-0384-41ee-81d9-74da03062936"
      },
      "ResponseBody": {
        "etag": "Sanitized",
        "key": "refresh_message",
        "label": null,
        "content_type": "text/plain",
        "value": "original value",
        "tags": {},
        "locked": false,
        "last_modified": "2025-07-02T17:50:50+00:00"
      }
    },
    {
      "RequestUri": "https://Sanitized.azconfig.io/kv/non_refreshed_message?api-version=1970-01-01",
      "RequestMethod": "PUT",
      "RequestHeaders": {
        "Accept": "*/*",
        "Accept-Encoding": "gzip, deflate",
        "Connection": "keep-alive",
        "Content-Length": "112",
        "Content-Type": "application/json",
        "User-Agent": "azsdk-python-appconfiguration/1.7.2 Python/3.11.9 (Windows-10-10.0.26100-SP0)"
      },
      "RequestBody": {
        "key": "non_refreshed_message",
        "label": "\u0000",
        "value": "Static",
        "content_type": "text/plain",
        "tags": {}
      },
      "StatusCode": 200,
      "ResponseHeaders": {
        "Access-Control-Allow-Origin": "*",
        "Connection": "keep-alive",
        "Content-Type": "application/vnd.microsoft.appconfig.kv+json; charset=utf-8",
        "Date": "Wed, 02 Jul 2025 17:50:50 GMT",
        "ETag": "\"rhzfoNSR5CcTcxOSnIefvdCJYxQhm_eCae08MzzIb1I\"",
        "Last-Modified": "Wed, 02 Jul 2025 17:50:50 GMT",
        "Strict-Transport-Security": "max-age=31536000; includeSubDomains",
        "Transfer-Encoding": "chunked",
        "x-ms-correlation-request-id": "3fc447cc-c02c-4e58-bddb-2f4edc35a9cd"
      },
      "ResponseBody": {
        "etag": "Sanitized",
        "key": "non_refreshed_message",
        "label": null,
        "content_type": "text/plain",
        "value": "Static",
        "tags": {},
        "locked": false,
        "last_modified": "2025-07-02T17:50:50+00:00"
      }
    },
    {
      "RequestUri": "https://Sanitized.azconfig.io/kv/.appconfig.featureflag%2FAlpha?api-version=1970-01-01",
      "RequestMethod": "PUT",
      "RequestHeaders": {
        "Accept": "*/*",
        "Accept-Encoding": "gzip, deflate",
        "Connection": "keep-alive",
        "Content-Length": "270",
        "Content-Type": "application/json",
        "User-Agent": "azsdk-python-appconfiguration/1.7.2 Python/3.11.9 (Windows-10-10.0.26100-SP0)"
      },
      "RequestBody": {
        "key": ".appconfig.featureflag/Alpha",
        "label": "\u0000",
        "value": "{\t\"id\": \"Alpha\", \"description\": \"\", \"enabled\": false, \"conditions\": {\t\"client_filters\": []\t}}",
        "content_type": "application/vnd.microsoft.appconfig.ff+json;charset=utf-8",
        "tags": {}
      },
      "StatusCode": 200,
      "ResponseHeaders": {
        "Access-Control-Allow-Origin": "*",
        "Connection": "keep-alive",
        "Content-Type": "application/vnd.microsoft.appconfig.kv+json; charset=utf-8",
        "Date": "Wed, 02 Jul 2025 17:50:50 GMT",
        "ETag": "\"Tq4OnPvHmXW0qd_wIEj2GUbqlt3cFiORwR0g7izg7BI\"",
        "Last-Modified": "Wed, 02 Jul 2025 17:50:50 GMT",
        "Strict-Transport-Security": "max-age=31536000; includeSubDomains",
        "Transfer-Encoding": "chunked",
        "x-ms-correlation-request-id": "c0564adf-4bea-417f-9eb8-4f21f92d4284"
      },
      "ResponseBody": {
        "etag": "Sanitized",
        "key": ".appconfig.featureflag/Alpha",
        "label": null,
        "content_type": "application/vnd.microsoft.appconfig.ff+json;charset=utf-8",
        "value": "{\t\"id\": \"Alpha\", \"description\": \"\", \"enabled\": false, \"conditions\": {\t\"client_filters\": []\t}}",
        "tags": {},
        "locked": false,
        "last_modified": "2025-07-02T17:50:50+00:00"
      }
    },
    {
      "RequestUri": "https://Sanitized.azconfig.io/kv/secret?api-version=1970-01-01",
      "RequestMethod": "PUT",
      "RequestHeaders": {
        "Accept": "*/*",
        "Accept-Encoding": "gzip, deflate",
        "Connection": "keep-alive",
        "Content-Length": "214",
        "Content-Type": "application/json",
        "User-Agent": "azsdk-python-appconfiguration/1.7.2 Python/3.11.9 (Windows-10-10.0.26100-SP0)"
      },
      "RequestBody": {
        "key": "secret",
        "label": "prod",
        "value": "{\"uri\": \"https://Sanitized.vault.azure.net/secrets/fake-secret/\"}",
        "content_type": "application/vnd.microsoft.appconfig.keyvaultref+json;charset=utf-8",
        "tags": {}
      },
      "StatusCode": 200,
      "ResponseHeaders": {
        "Access-Control-Allow-Origin": "*",
        "Connection": "keep-alive",
        "Content-Type": "application/vnd.microsoft.appconfig.kv+json; charset=utf-8",
        "Date": "Wed, 02 Jul 2025 17:50:50 GMT",
        "ETag": "\"GBzFjdxeU1JVqqB8atXIuBCdEpVwWywkcOc4gK5pjOg\"",
        "Last-Modified": "Wed, 02 Jul 2025 17:50:50 GMT",
        "Strict-Transport-Security": "max-age=31536000; includeSubDomains",
        "Transfer-Encoding": "chunked",
        "x-ms-correlation-request-id": "1faaa65b-633c-47f0-b62d-431cb7e6538b"
      },
      "ResponseBody": {
        "etag": "Sanitized",
        "key": "secret",
        "label": "prod",
        "content_type": "application/vnd.microsoft.appconfig.keyvaultref+json;charset=utf-8",
        "value": "{\"uri\": \"https://Sanitized.vault.azure.net/secrets/fake-secret/\"}",
        "tags": {},
        "locked": false,
        "last_modified": "2025-07-02T17:50:50+00:00"
      }
    },
    {
      "RequestUri": "https://Sanitized.azconfig.io/kv/secret2?api-version=1970-01-01",
      "RequestMethod": "PUT",
      "RequestHeaders": {
        "Accept": "*/*",
        "Accept-Encoding": "gzip, deflate",
        "Connection": "keep-alive",
        "Content-Length": "216",
        "Content-Type": "application/json",
        "User-Agent": "azsdk-python-appconfiguration/1.7.2 Python/3.11.9 (Windows-10-10.0.26100-SP0)"
      },
      "RequestBody": {
        "key": "secret2",
        "label": "prod",
        "value": "{\"uri\": \"https://Sanitized.vault.azure.net/secrets/fake-secret2/\"}",
        "content_type": "application/vnd.microsoft.appconfig.keyvaultref+json;charset=utf-8",
        "tags": {}
      },
      "StatusCode": 200,
      "ResponseHeaders": {
        "Access-Control-Allow-Origin": "*",
        "Connection": "keep-alive",
        "Content-Type": "application/vnd.microsoft.appconfig.kv+json; charset=utf-8",
        "Date": "Wed, 02 Jul 2025 17:50:50 GMT",
        "ETag": "\"ZZWukYcx6IzRINkcZN_T-oLyWsIdROLOU3fkeKPX6-0\"",
        "Last-Modified": "Wed, 02 Jul 2025 17:50:50 GMT",
        "Strict-Transport-Security": "max-age=31536000; includeSubDomains",
        "Transfer-Encoding": "chunked",
        "x-ms-correlation-request-id": "47bb5a06-8aba-4d77-87ea-27a485341f98"
      },
      "ResponseBody": {
        "etag": "Sanitized",
        "key": "secret2",
        "label": "prod",
        "content_type": "application/vnd.microsoft.appconfig.keyvaultref+json;charset=utf-8",
        "value": "{\"uri\": \"https://Sanitized.vault.azure.net/secrets/fake-secret2/\"}",
        "tags": {},
        "locked": false,
        "last_modified": "2025-07-02T17:50:50+00:00"
      }
    },
    {
      "RequestUri": "https://Sanitized.azconfig.io/kv?api-version=1970-01-01",
      "RequestMethod": "GET",
      "RequestHeaders": {
        "Accept": "*/*",
        "Accept-Encoding": "gzip, deflate",
        "Connection": "keep-alive",
        "User-Agent": "SDK/Integration SDK/Integration python-appconfiguration-provider/2.1.1 azsdk-python-appconfiguration/1.7.2 Python/3.11.9 (Windows-10-10.0.26100-SP0)"
      },
      "RequestBody": null,
      "StatusCode": 200,
      "ResponseHeaders": {
        "Access-Control-Allow-Origin": "*",
        "Connection": "keep-alive",
        "Content-Type": "application/vnd.microsoft.appconfig.kvset+json; charset=utf-8",
        "Date": "Wed, 02 Jul 2025 17:50:52 GMT",
        "ETag": "\"sAaoe04xzJLTXWrZ501isa4MwAtzTiPJrif6qDWZmQg\"",
        "Strict-Transport-Security": "max-age=31536000; includeSubDomains",
        "Transfer-Encoding": "chunked",
        "x-ms-correlation-request-id": "cb0e566e-da42-406a-ac7e-f547923b148d"
      },
      "ResponseBody": {
        "etag": "Sanitized",
        "items": [
          {
            "etag": "Sanitized",
            "key": "secret",
            "label": "prod",
            "content_type": "application/vnd.microsoft.appconfig.keyvaultref+json;charset=utf-8",
            "value": "{\"uri\": \"https://Sanitized.vault.azure.net/secrets/fake-secret/\"}",
            "tags": {},
            "locked": false,
            "last_modified": "2025-07-02T17:50:50+00:00"
          },
          {
            "etag": "Sanitized",
            "key": "secret2",
            "label": "prod",
            "content_type": "application/vnd.microsoft.appconfig.keyvaultref+json;charset=utf-8",
            "value": "{\"uri\": \"https://Sanitized.vault.azure.net/secrets/fake-secret2/\"}",
            "tags": {},
            "locked": false,
            "last_modified": "2025-07-02T17:50:50+00:00"
          }
        ]
      }
    },
    {
      "RequestUri": "https://Sanitized.vault.azure.net/secrets/fake-secret/?api-version=1970-01-01",
      "RequestMethod": "GET",
      "RequestHeaders": {
        "Accept": "application/json",
        "Accept-Encoding": "gzip, deflate",
        "Connection": "keep-alive",
        "User-Agent": "azsdk-python-keyvault-secrets/4.9.0 Python/3.11.9 (Windows-10-10.0.26100-SP0)"
      },
      "RequestBody": null,
      "StatusCode": 200,
      "ResponseHeaders": {
        "Cache-Control": "no-cache",
        "Content-Length": "266",
        "Content-Type": "application/json; charset=utf-8",
        "Date": "Wed, 02 Jul 2025 17:50:53 GMT",
        "Expires": "-1",
        "Pragma": "no-cache",
        "Strict-Transport-Security": "max-age=31536000;includeSubDomains",
        "X-Content-Type-Options": "nosniff",
        "x-ms-keyvault-network-info": "conn_type=Ipv4;addr=70.37.26.130;act_addr_fam=InterNetwork;",
        "x-ms-keyvault-region": "northcentralus",
        "x-ms-keyvault-service-version": "1.9.2497.1"
      },
      "ResponseBody": {
        "value": "Very secret value",
        "id": "https://Sanitized.vault.azure.net/secrets/fake-secret/30d8830ec5ed4a428d311292a826f452",
        "attributes": {
          "enabled": true,
          "created": 1697584056,
          "updated": 1697584056,
          "recoveryLevel": "Recoverable+Purgeable",
          "recoverableDays": 90
        },
        "tags": {}
      }
    },
    {
      "RequestUri": "https://Sanitized.vault.azure.net/secrets/fake-secret2/?api-version=1970-01-01",
      "RequestMethod": "GET",
      "RequestHeaders": {
        "Accept": "application/json",
        "Accept-Encoding": "gzip, deflate",
        "Connection": "keep-alive",
        "User-Agent": "azsdk-python-keyvault-secrets/4.9.0 Python/3.11.9 (Windows-10-10.0.26100-SP0)"
      },
      "RequestBody": null,
      "StatusCode": 200,
      "ResponseHeaders": {
        "Cache-Control": "no-cache",
        "Content-Length": "268",
        "Content-Type": "application/json; charset=utf-8",
        "Date": "Wed, 02 Jul 2025 17:50:53 GMT",
        "Expires": "-1",
        "Pragma": "no-cache",
        "Strict-Transport-Security": "max-age=31536000;includeSubDomains",
        "X-Content-Type-Options": "nosniff",
        "x-ms-keyvault-network-info": "conn_type=Ipv4;addr=70.37.26.130;act_addr_fam=InterNetwork;",
        "x-ms-keyvault-region": "northcentralus",
        "x-ms-keyvault-service-version": "1.9.2497.1"
      },
      "ResponseBody": {
        "value": "Very secret value2",
        "id": "https://Sanitized.vault.azure.net/secrets/fake-secret2/924c15388c4e4d82b3419d2da5ad0fed",
        "attributes": {
          "enabled": true,
          "created": 1751395067,
          "updated": 1751395067,
          "recoveryLevel": "Recoverable+Purgeable",
          "recoverableDays": 90
        },
        "tags": {}
      }
    },
    {
      "RequestUri": "https://Sanitized.azconfig.io/kv/secret?api-version=1970-01-01",
      "RequestMethod": "GET",
      "RequestHeaders": {
        "Accept": "*/*",
        "Accept-Encoding": "gzip, deflate",
        "Connection": "keep-alive",
        "User-Agent": "SDK/Integration azsdk-python-appconfiguration/1.7.2 Python/3.11.9 (Windows-10-10.0.26100-SP0)"
      },
      "RequestBody": null,
      "StatusCode": 200,
      "ResponseHeaders": {
        "Access-Control-Allow-Origin": "*",
        "Connection": "keep-alive",
        "Content-Type": "application/vnd.microsoft.appconfig.kv+json; charset=utf-8",
        "Date": "Wed, 02 Jul 2025 17:50:55 GMT",
        "ETag": "\"GBzFjdxeU1JVqqB8atXIuBCdEpVwWywkcOc4gK5pjOg\"",
        "Last-Modified": "Wed, 02 Jul 2025 17:50:50 GMT",
        "Strict-Transport-Security": "max-age=31536000; includeSubDomains",
        "Transfer-Encoding": "chunked",
        "x-ms-correlation-request-id": "0c012730-559f-4918-a3a3-0eff3362a36d"
      },
      "ResponseBody": {
        "etag": "Sanitized",
        "key": "secret",
        "label": "prod",
        "content_type": "application/vnd.microsoft.appconfig.keyvaultref+json;charset=utf-8",
        "value": "{\"uri\": \"https://Sanitized.vault.azure.net/secrets/fake-secret/\"}",
        "tags": {},
        "locked": false,
        "last_modified": "2025-07-02T17:50:50+00:00"
      }
    },
    {
      "RequestUri": "https://Sanitized.azconfig.io/kv/secret?api-version=1970-01-01",
      "RequestMethod": "PUT",
      "RequestHeaders": {
        "Accept": "*/*",
        "Accept-Encoding": "gzip, deflate",
        "Connection": "keep-alive",
        "Content-Length": "279",
        "Content-Type": "application/json",
        "User-Agent": "SDK/Integration azsdk-python-appconfiguration/1.7.2 Python/3.11.9 (Windows-10-10.0.26100-SP0)"
      },
      "RequestBody": {
        "key": "secret",
        "label": "prod",
        "value": "{\"uri\": \"https://Sanitized.vault.azure.net/secrets/fake-secret2/\"}",
        "content_type": "application/vnd.microsoft.appconfig.keyvaultref+json;charset=utf-8",
        "last_modified": "2025-07-02T17:50:50Z",
        "tags": {},
        "locked": false,
        "etag": "Sanitized"
      },
      "StatusCode": 200,
      "ResponseHeaders": {
        "Access-Control-Allow-Origin": "*",
        "Connection": "keep-alive",
        "Content-Type": "application/vnd.microsoft.appconfig.kv+json; charset=utf-8",
        "Date": "Wed, 02 Jul 2025 17:50:55 GMT",
        "ETag": "\"S6uWn6HvKiBGC-_id1qEsQBJnMoclH6lbjqC_cgoNVA\"",
        "Last-Modified": "Wed, 02 Jul 2025 17:50:55 GMT",
        "Strict-Transport-Security": "max-age=31536000; includeSubDomains",
        "Transfer-Encoding": "chunked",
        "x-ms-correlation-request-id": "aed7aeee-a4a4-496a-9020-e5e73ae8acf4"
      },
      "ResponseBody": {
        "etag": "Sanitized",
        "key": "secret",
        "label": "prod",
        "content_type": "application/vnd.microsoft.appconfig.keyvaultref+json;charset=utf-8",
        "value": "{\"uri\": \"https://Sanitized.vault.azure.net/secrets/fake-secret2/\"}",
        "tags": {},
        "locked": false,
        "last_modified": "2025-07-02T17:50:55+00:00"
      }
    },
    {
      "RequestUri": "https://Sanitized.azconfig.io/kv?api-version=1970-01-01",
      "RequestMethod": "GET",
      "RequestHeaders": {
        "Accept": "*/*",
        "Accept-Encoding": "gzip, deflate",
        "Connection": "keep-alive",
        "User-Agent": "SDK/Integration python-appconfiguration-provider/2.1.1 azsdk-python-appconfiguration/1.7.2 Python/3.11.9 (Windows-10-10.0.26100-SP0)"
      },
      "RequestBody": null,
      "StatusCode": 200,
      "ResponseHeaders": {
        "Access-Control-Allow-Origin": "*",
        "Connection": "keep-alive",
        "Content-Type": "application/vnd.microsoft.appconfig.kvset+json; charset=utf-8",
        "Date": "Wed, 02 Jul 2025 17:50:57 GMT",
        "ETag": "\"h3u0J5OedfUezvYaO4r7o8UIjzNI9dnMCz3uXn-2vc8\"",
        "Strict-Transport-Security": "max-age=31536000; includeSubDomains",
        "Transfer-Encoding": "chunked",
        "x-ms-correlation-request-id": "a4bbd351-1454-483f-a8bf-9299d29e42e1"
      },
      "ResponseBody": {
        "etag": "Sanitized",
        "items": [
          {
            "etag": "Sanitized",
            "key": "secret",
            "label": "prod",
            "content_type": "application/vnd.microsoft.appconfig.keyvaultref+json;charset=utf-8",
            "value": "{\"uri\": \"https://Sanitized.vault.azure.net/secrets/fake-secret2/\"}",
            "tags": {},
            "locked": false,
            "last_modified": "2025-07-02T17:50:55+00:00"
          },
          {
            "etag": "Sanitized",
            "key": "secret2",
            "label": "prod",
            "content_type": "application/vnd.microsoft.appconfig.keyvaultref+json;charset=utf-8",
            "value": "{\"uri\": \"https://Sanitized.vault.azure.net/secrets/fake-secret2/\"}",
            "tags": {},
            "locked": false,
            "last_modified": "2025-07-02T17:50:50+00:00"
          }
        ]
      }
    },
    {
      "RequestUri": "https://Sanitized.vault.azure.net/secrets/fake-secret2/?api-version=1970-01-01",
      "RequestMethod": "GET",
      "RequestHeaders": {
        "Accept": "application/json",
        "Accept-Encoding": "gzip, deflate",
        "Connection": "keep-alive",
        "User-Agent": "azsdk-python-keyvault-secrets/4.9.0 Python/3.11.9 (Windows-10-10.0.26100-SP0)"
      },
      "RequestBody": null,
      "StatusCode": 200,
      "ResponseHeaders": {
        "Cache-Control": "no-cache",
        "Content-Length": "268",
        "Content-Type": "application/json; charset=utf-8",
        "Date": "Wed, 02 Jul 2025 17:50:56 GMT",
        "Expires": "-1",
        "Pragma": "no-cache",
        "Strict-Transport-Security": "max-age=31536000;includeSubDomains",
        "X-Content-Type-Options": "nosniff",
        "x-ms-keyvault-network-info": "conn_type=Ipv4;addr=70.37.26.130;act_addr_fam=InterNetwork;",
        "x-ms-keyvault-region": "northcentralus",
        "x-ms-keyvault-service-version": "1.9.2497.1"
      },
      "ResponseBody": {
        "value": "Very secret value2",
        "id": "https://Sanitized.vault.azure.net/secrets/fake-secret2/924c15388c4e4d82b3419d2da5ad0fed",
        "attributes": {
          "enabled": true,
          "created": 1751395067,
          "updated": 1751395067,
          "recoveryLevel": "Recoverable+Purgeable",
          "recoverableDays": 90
        },
        "tags": {}
      }
    },
    {
      "RequestUri": "https://Sanitized.vault.azure.net/secrets/fake-secret2/?api-version=1970-01-01",
      "RequestMethod": "GET",
      "RequestHeaders": {
        "Accept": "application/json",
        "Accept-Encoding": "gzip, deflate",
        "Connection": "keep-alive",
        "User-Agent": "azsdk-python-keyvault-secrets/4.9.0 Python/3.11.9 (Windows-10-10.0.26100-SP0)"
      },
      "RequestBody": null,
      "StatusCode": 200,
      "ResponseHeaders": {
        "Cache-Control": "no-cache",
        "Content-Length": "268",
        "Content-Type": "application/json; charset=utf-8",
        "Date": "Wed, 02 Jul 2025 17:50:56 GMT",
        "Expires": "-1",
        "Pragma": "no-cache",
        "Strict-Transport-Security": "max-age=31536000;includeSubDomains",
        "X-Content-Type-Options": "nosniff",
        "x-ms-keyvault-network-info": "conn_type=Ipv4;addr=70.37.26.130;act_addr_fam=InterNetwork;",
        "x-ms-keyvault-region": "northcentralus",
        "x-ms-keyvault-service-version": "1.9.2497.1"
      },
      "ResponseBody": {
        "value": "Very secret value2",
        "id": "https://Sanitized.vault.azure.net/secrets/fake-secret2/924c15388c4e4d82b3419d2da5ad0fed",
        "attributes": {
          "enabled": true,
          "created": 1751395067,
          "updated": 1751395067,
          "recoveryLevel": "Recoverable+Purgeable",
          "recoverableDays": 90
        },
        "tags": {}
      }
    }
  ],
  "Variables": {}
}
