{
  "Entries": [
    {
      "RequestUri": "https://fake-endpoint.azconfig.io/kv/message?label=%00\u0026api-version=1970-01-01",
      "RequestMethod": "PUT",
      "RequestHeaders": {
        "Accept": "application/vnd.microsoft.appconfig.kv\u002Bjson, application/json, application/problem\u002Bjson",
        "Accept-Encoding": "gzip, deflate",
        "Connection": "keep-alive",
        "Content-Length": "94",
        "Content-Type": "application/json",
        "User-Agent": "azsdk-python-appconfiguration/1.4.0 Python/3.10.11 (Windows-10-10.0.22621-SP0)",
        "x-ms-content-sha256": "sO17\u002B9LRBGRK6Jc1aomgtjKe6Q6xOKfaGzzF\u002BAgFzgI=",
        "x-ms-date": "Oct, 27 2023 20:40:38.355157 GMT"
      },
      "RequestBody": {
        "key": "message",
        "label": "\u0000",
        "content_type": "text/plain",
        "value": "hi",
        "tags": {}
      },
      "StatusCode": 200,
      "ResponseHeaders": {
        "Access-Control-Allow-Origin": "*",
        "Connection": "keep-alive",
        "Content-Type": "application/vnd.microsoft.appconfig.kv\u002Bjson; charset=utf-8",
        "Date": "Fri, 27 Oct 2023 20:40:39 GMT",
        "ETag": "\u0022RJo0pP80DRS_mW1MixwJR5tLBKhCttd0T6jHrjzjTLc\u0022",
        "Last-Modified": "Fri, 27 Oct 2023 20:40:39 GMT",
        "Strict-Transport-Security": "max-age=15724800; includeSubDomains",
        "Sync-Token": "zAJw6V16=NzoxNyMyNDA5Njg0OQ==;sn=24096849",
        "Transfer-Encoding": "chunked",
        "x-ms-correlation-request-id": "ca540457-deb8-4b50-936c-3f65ef6e9fa4"
      },
      "ResponseBody": {
        "etag": "RJo0pP80DRS_mW1MixwJR5tLBKhCttd0T6jHrjzjTLc",
        "key": "message",
        "label": null,
        "content_type": "text/plain",
        "value": "hi",
        "tags": {},
        "locked": false,
        "last_modified": "2023-10-27T20:40:39\u002B00:00"
      }
    },
    {
      "RequestUri": "https://fake-endpoint.azconfig.io/kv/message?label=dev\u0026api-version=1970-01-01",
      "RequestMethod": "PUT",
      "RequestHeaders": {
        "Accept": "application/vnd.microsoft.appconfig.kv\u002Bjson, application/json, application/problem\u002Bjson",
        "Accept-Encoding": "gzip, deflate",
        "Connection": "keep-alive",
        "Content-Length": "93",
        "Content-Type": "application/json",
        "Sync-Token": "zAJw6V16=NzoxNyMyNDA5Njg0OQ==",
        "User-Agent": "azsdk-python-appconfiguration/1.4.0 Python/3.10.11 (Windows-10-10.0.22621-SP0)",
        "x-ms-content-sha256": "ldGB\u002ByUbceFogwKdiFLhKcjPyA4zVY7Rq2L/lmgPr/8=",
        "x-ms-date": "Oct, 27 2023 20:40:38.392602 GMT"
      },
      "RequestBody": {
        "key": "message",
        "label": "dev",
        "content_type": "text/plain",
        "value": "test",
        "tags": {}
      },
      "StatusCode": 200,
      "ResponseHeaders": {
        "Access-Control-Allow-Origin": "*",
        "Connection": "keep-alive",
        "Content-Type": "application/vnd.microsoft.appconfig.kv\u002Bjson; charset=utf-8",
        "Date": "Fri, 27 Oct 2023 20:40:39 GMT",
        "ETag": "\u00228mbXrAM8JMVtP_CTNAon3AppG9MqFu8eximyw1zP0bE\u0022",
        "Last-Modified": "Fri, 27 Oct 2023 20:40:39 GMT",
        "Strict-Transport-Security": "max-age=15724800; includeSubDomains",
        "Sync-Token": "zAJw6V16=NzoxNyMyNDA5Njg1MQ==;sn=24096851",
        "Transfer-Encoding": "chunked",
        "x-ms-correlation-request-id": "eec7bc41-4ae3-40e5-a65d-a0377e80ef6b"
      },
      "ResponseBody": {
        "etag": "8mbXrAM8JMVtP_CTNAon3AppG9MqFu8eximyw1zP0bE",
        "key": "message",
        "label": "dev",
        "content_type": "text/plain",
        "value": "test",
        "tags": {},
        "locked": false,
        "last_modified": "2023-10-27T20:40:39\u002B00:00"
      }
    },
    {
      "RequestUri": "https://fake-endpoint.azconfig.io/kv/my_json?label=%00\u0026api-version=1970-01-01",
      "RequestMethod": "PUT",
      "RequestHeaders": {
        "Accept": "application/vnd.microsoft.appconfig.kv\u002Bjson, application/json, application/problem\u002Bjson",
        "Accept-Encoding": "gzip, deflate",
        "Connection": "keep-alive",
        "Content-Length": "118",
        "Content-Type": "application/json",
        "Sync-Token": "zAJw6V16=NzoxNyMyNDA5Njg1MQ==",
        "User-Agent": "azsdk-python-appconfiguration/1.4.0 Python/3.10.11 (Windows-10-10.0.22621-SP0)",
        "x-ms-content-sha256": "hCwkkESt4FMkocISzVr\u002Bsa5KgTtCgv2\u002B3ps1kcPne0Y=",
        "x-ms-date": "Oct, 27 2023 20:40:38.418352 GMT"
      },
      "RequestBody": {
        "key": "my_json",
        "label": "\u0000",
        "content_type": "application/json",
        "value": "{\u0022key\u0022: \u0022value\u0022}",
        "tags": {}
      },
      "StatusCode": 200,
      "ResponseHeaders": {
        "Access-Control-Allow-Origin": "*",
        "Connection": "keep-alive",
        "Content-Type": "application/vnd.microsoft.appconfig.kv\u002Bjson; charset=utf-8",
        "Date": "Fri, 27 Oct 2023 20:40:39 GMT",
        "ETag": "\u0022ioRqL2Y_RlgVVjrMoaAdDGVMqyGwo39jsCUKMw6tgsA\u0022",
        "Last-Modified": "Fri, 27 Oct 2023 20:40:39 GMT",
        "Strict-Transport-Security": "max-age=15724800; includeSubDomains",
        "Sync-Token": "zAJw6V16=NzoxNyMyNDA5Njg1Mw==;sn=24096853",
        "Transfer-Encoding": "chunked",
        "x-ms-correlation-request-id": "c19fb49d-5bf9-44c4-a56a-19bf4ac02a80"
      },
      "ResponseBody": {
        "etag": "ioRqL2Y_RlgVVjrMoaAdDGVMqyGwo39jsCUKMw6tgsA",
        "key": "my_json",
        "label": null,
        "content_type": "application/json",
        "value": "{\u0022key\u0022: \u0022value\u0022}",
        "tags": {},
        "locked": false,
        "last_modified": "2023-10-27T20:40:39\u002B00:00"
      }
    },
    {
      "RequestUri": "https://fake-endpoint.azconfig.io/kv/test.trimmed?label=%00\u0026api-version=1970-01-01",
      "RequestMethod": "PUT",
      "RequestHeaders": {
        "Accept": "application/vnd.microsoft.appconfig.kv\u002Bjson, application/json, application/problem\u002Bjson",
        "Accept-Encoding": "gzip, deflate",
        "Connection": "keep-alive",
        "Content-Length": "100",
        "Content-Type": "application/json",
        "Sync-Token": "zAJw6V16=NzoxNyMyNDA5Njg1Mw==",
        "User-Agent": "azsdk-python-appconfiguration/1.4.0 Python/3.10.11 (Windows-10-10.0.22621-SP0)",
        "x-ms-content-sha256": "Ywo75Z4ndghuA5lejndpeBTNSici7Vx8O0CCZLlhiAU=",
        "x-ms-date": "Oct, 27 2023 20:40:38.447664 GMT"
      },
      "RequestBody": {
        "key": "test.trimmed",
        "label": "\u0000",
        "content_type": "text/plain",
        "value": "key",
        "tags": {}
      },
      "StatusCode": 200,
      "ResponseHeaders": {
        "Access-Control-Allow-Origin": "*",
        "Connection": "keep-alive",
        "Content-Type": "application/vnd.microsoft.appconfig.kv\u002Bjson; charset=utf-8",
        "Date": "Fri, 27 Oct 2023 20:40:39 GMT",
        "ETag": "\u00225btdiw_EFLmWguhGbhL2cSEIAI4JJkISsZOpLi7GGdU\u0022",
        "Last-Modified": "Fri, 27 Oct 2023 20:40:39 GMT",
        "Strict-Transport-Security": "max-age=15724800; includeSubDomains",
        "Sync-Token": "zAJw6V16=NzoxNyMyNDA5Njg1NQ==;sn=24096855",
        "Transfer-Encoding": "chunked",
        "x-ms-correlation-request-id": "955837ba-82c7-4cfd-a5d4-81b51d6a52e7"
      },
      "ResponseBody": {
        "etag": "5btdiw_EFLmWguhGbhL2cSEIAI4JJkISsZOpLi7GGdU",
        "key": "test.trimmed",
        "label": null,
        "content_type": "text/plain",
        "value": "key",
        "tags": {},
        "locked": false,
        "last_modified": "2023-10-27T20:40:39\u002B00:00"
      }
    },
    {
      "RequestUri": "https://fake-endpoint.azconfig.io/kv/refresh_message?label=%00\u0026api-version=1970-01-01",
      "RequestMethod": "PUT",
      "RequestHeaders": {
        "Accept": "application/vnd.microsoft.appconfig.kv\u002Bjson, application/json, application/problem\u002Bjson",
        "Accept-Encoding": "gzip, deflate",
        "Connection": "keep-alive",
        "Content-Length": "114",
        "Content-Type": "application/json",
        "Sync-Token": "zAJw6V16=NzoxNyMyNDA5Njg1NQ==",
        "User-Agent": "azsdk-python-appconfiguration/1.4.0 Python/3.10.11 (Windows-10-10.0.22621-SP0)",
        "x-ms-content-sha256": "4EMTpW5DNMgb2ILWshR8NZeWRRkMcPLFDtd0erEayyY=",
        "x-ms-date": "Oct, 27 2023 20:40:38.473163 GMT"
      },
      "RequestBody": {
        "key": "refresh_message",
        "label": "\u0000",
        "content_type": "text/plain",
        "value": "original value",
        "tags": {}
      },
      "StatusCode": 200,
      "ResponseHeaders": {
        "Access-Control-Allow-Origin": "*",
        "Connection": "keep-alive",
        "Content-Type": "application/vnd.microsoft.appconfig.kv\u002Bjson; charset=utf-8",
        "Date": "Fri, 27 Oct 2023 20:40:39 GMT",
        "ETag": "\u002239Mvq45wBQf8z6kYlbjpzPbVwui3MfLLbmeHLNcF8Ug\u0022",
        "Last-Modified": "Fri, 27 Oct 2023 20:40:39 GMT",
        "Strict-Transport-Security": "max-age=15724800; includeSubDomains",
        "Sync-Token": "zAJw6V16=NzoxNyMyNDA5Njg1Nw==;sn=24096857",
        "Transfer-Encoding": "chunked",
        "x-ms-correlation-request-id": "8069e89c-df43-4610-b933-f992df10ad4b"
      },
      "ResponseBody": {
        "etag": "39Mvq45wBQf8z6kYlbjpzPbVwui3MfLLbmeHLNcF8Ug",
        "key": "refresh_message",
        "label": null,
        "content_type": "text/plain",
        "value": "original value",
        "tags": {},
        "locked": false,
        "last_modified": "2023-10-27T20:40:39\u002B00:00"
      }
    },
    {
      "RequestUri": "https://fake-endpoint.azconfig.io/kv/non_refreshed_message?label=%00\u0026api-version=1970-01-01",
      "RequestMethod": "PUT",
      "RequestHeaders": {
        "Accept": "application/vnd.microsoft.appconfig.kv\u002Bjson, application/json, application/problem\u002Bjson",
        "Accept-Encoding": "gzip, deflate",
        "Connection": "keep-alive",
        "Content-Length": "112",
        "Content-Type": "application/json",
        "Sync-Token": "zAJw6V16=NzoxNyMyNDA5Njg1Nw==",
        "User-Agent": "azsdk-python-appconfiguration/1.4.0 Python/3.10.11 (Windows-10-10.0.22621-SP0)",
        "x-ms-content-sha256": "3h8i3k16yOCNVm4UxG/aSBBCn2CiyBhO4M3AdIWkWFI=",
        "x-ms-date": "Oct, 27 2023 20:40:38.496466 GMT"
      },
      "RequestBody": {
        "key": "non_refreshed_message",
        "label": "\u0000",
        "content_type": "text/plain",
        "value": "Static",
        "tags": {}
      },
      "StatusCode": 200,
      "ResponseHeaders": {
        "Access-Control-Allow-Origin": "*",
        "Connection": "keep-alive",
        "Content-Type": "application/vnd.microsoft.appconfig.kv\u002Bjson; charset=utf-8",
        "Date": "Fri, 27 Oct 2023 20:40:39 GMT",
        "ETag": "\u0022whKgDilq-rGtXn5LVT2td5WOTUHliVWKbAyVL9V2SYs\u0022",
        "Last-Modified": "Fri, 27 Oct 2023 20:40:39 GMT",
        "Strict-Transport-Security": "max-age=15724800; includeSubDomains",
        "Sync-Token": "zAJw6V16=NzoxNyMyNDA5Njg1OQ==;sn=24096859",
        "Transfer-Encoding": "chunked",
        "x-ms-correlation-request-id": "8fd1f6a3-4027-49ed-a5ea-46d04fbfbbe7"
      },
      "ResponseBody": {
        "etag": "whKgDilq-rGtXn5LVT2td5WOTUHliVWKbAyVL9V2SYs",
        "key": "non_refreshed_message",
        "label": null,
        "content_type": "text/plain",
        "value": "Static",
        "tags": {},
        "locked": false,
        "last_modified": "2023-10-27T20:40:39\u002B00:00"
      }
    },
    {
      "RequestUri": "https://fake-endpoint.azconfig.io/kv/.appconfig.featureflag%2FAlpha?label=%00\u0026api-version=1970-01-01",
      "RequestMethod": "PUT",
      "RequestHeaders": {
        "Accept": "application/vnd.microsoft.appconfig.kv\u002Bjson, application/json, application/problem\u002Bjson",
        "Accept-Encoding": "gzip, deflate",
        "Connection": "keep-alive",
        "Content-Length": "270",
        "Content-Type": "application/json",
        "Sync-Token": "zAJw6V16=NzoxNyMyNDA5Njg1OQ==",
        "User-Agent": "azsdk-python-appconfiguration/1.4.0 Python/3.10.11 (Windows-10-10.0.22621-SP0)",
        "x-ms-content-sha256": "QWMqQVTb3OEmcET/A5jVHXJXI1TrzC7h6cMDRt4ePeA=",
        "x-ms-date": "Oct, 27 2023 20:40:38.521929 GMT"
      },
      "RequestBody": {
        "key": ".appconfig.featureflag/Alpha",
        "label": "\u0000",
        "content_type": "application/vnd.microsoft.appconfig.ff\u002Bjson;charset=utf-8",
        "value": "{\t\u0022id\u0022: \u0022Alpha\u0022, \u0022description\u0022: \u0022\u0022, \u0022enabled\u0022: false, \u0022conditions\u0022: {\t\u0022client_filters\u0022: []\t}}",
        "tags": {}
      },
      "StatusCode": 200,
      "ResponseHeaders": {
        "Access-Control-Allow-Origin": "*",
        "Connection": "keep-alive",
        "Content-Type": "application/vnd.microsoft.appconfig.kv\u002Bjson; charset=utf-8",
        "Date": "Fri, 27 Oct 2023 20:40:39 GMT",
        "ETag": "\u0022ZUCz8wWaPg8RTs9IPKbNz34jWQJfr9FbUZ_0D1XL9-w\u0022",
        "Last-Modified": "Fri, 27 Oct 2023 20:40:39 GMT",
        "Strict-Transport-Security": "max-age=15724800; includeSubDomains",
        "Sync-Token": "zAJw6V16=NzoxNyMyNDA5Njg2MQ==;sn=24096861",
        "Transfer-Encoding": "chunked",
        "x-ms-correlation-request-id": "50516e13-ed65-477d-b06f-ccf347fb2057"
      },
      "ResponseBody": {
        "etag": "ZUCz8wWaPg8RTs9IPKbNz34jWQJfr9FbUZ_0D1XL9-w",
        "key": ".appconfig.featureflag/Alpha",
        "label": null,
        "content_type": "application/vnd.microsoft.appconfig.ff\u002Bjson;charset=utf-8",
        "value": "{\t\u0022id\u0022: \u0022Alpha\u0022, \u0022description\u0022: \u0022\u0022, \u0022enabled\u0022: false, \u0022conditions\u0022: {\t\u0022client_filters\u0022: []\t}}",
        "tags": {},
        "locked": false,
        "last_modified": "2023-10-27T20:40:39\u002B00:00"
      }
    },
    {
      "RequestUri": "https://fake-endpoint.azconfig.io/kv/secret?label=prod\u0026api-version=1970-01-01",
      "RequestMethod": "PUT",
      "RequestHeaders": {
        "Accept": "application/vnd.microsoft.appconfig.kv\u002Bjson, application/json, application/problem\u002Bjson",
        "Accept-Encoding": "gzip, deflate",
        "Connection": "keep-alive",
        "Content-Length": "217",
        "Content-Type": "application/json",
        "Sync-Token": "zAJw6V16=NzoxNyMyNDA5Njg2MQ==",
        "User-Agent": "azsdk-python-appconfiguration/1.4.0 Python/3.10.11 (Windows-10-10.0.22621-SP0)",
        "x-ms-content-sha256": "GORL5\u002BRWXCSHKWOJcYQpPM03mZ4lvE/r5VQBfftpZRg=",
        "x-ms-date": "Oct, 27 2023 20:40:38.549135 GMT"
      },
      "RequestBody": {
        "key": "secret",
        "label": "prod",
        "content_type": "application/vnd.microsoft.appconfig.keyvaultref\u002Bjson;charset=utf-8",
        "value": "{\u0022uri\u0022:\u0022https://fake-keyvault.vault.azure.net/secrets/fake-secret/\u0022}",
        "tags": {}
      },
      "StatusCode": 200,
      "ResponseHeaders": {
        "Access-Control-Allow-Origin": "*",
        "Connection": "keep-alive",
        "Content-Type": "application/vnd.microsoft.appconfig.kv\u002Bjson; charset=utf-8",
        "Date": "Fri, 27 Oct 2023 20:40:39 GMT",
        "ETag": "\u0022oa8nOx5hhm0_W59uDA8FzSAGai-QahPA_58uzMf9MPQ\u0022",
        "Last-Modified": "Fri, 27 Oct 2023 20:40:39 GMT",
        "Strict-Transport-Security": "max-age=15724800; includeSubDomains",
        "Sync-Token": "zAJw6V16=NzoxNyMyNDA5Njg2Mw==;sn=24096863",
        "Transfer-Encoding": "chunked",
        "x-ms-correlation-request-id": "c1890310-0ab9-4aab-a514-8792bc12a097"
      },
      "ResponseBody": {
        "etag": "oa8nOx5hhm0_W59uDA8FzSAGai-QahPA_58uzMf9MPQ",
        "key": "secret",
        "label": "prod",
        "content_type": "application/vnd.microsoft.appconfig.keyvaultref\u002Bjson;charset=utf-8",
        "value": "{\u0022uri\u0022:\u0022https://fake-keyvault.vault.azure.net/secrets/fake-secret/\u0022}",
        "tags": {},
        "locked": false,
        "last_modified": "2023-10-27T20:40:39\u002B00:00"
      }
    },
    {
      "RequestUri": "https://fake-endpoint.azconfig.io/kv?key=%2A\u0026label=%00\u0026api-version=1970-01-01",
      "RequestMethod": "GET",
      "RequestHeaders": {
        "Accept": "application/vnd.microsoft.appconfig.kvset\u002Bjson, application/json, application/problem\u002Bjson",
        "Accept-Encoding": "gzip, deflate",
        "Connection": "keep-alive",
        "Correlation-Context": "RequestType=Startup,UsesKeyVault",
        "User-Agent": "SDK/Integration python-appconfiguration-provider/1.1.0b3 azsdk-python-appconfiguration/1.4.0 Python/3.10.11 (Windows-10-10.0.22621-SP0)",
        "x-ms-content-sha256": "47DEQpj8HBSa\u002B/TImW\u002B5JCeuQeRkm5NMpJWZG3hSuFU=",
        "x-ms-date": "Oct, 27 2023 20:40:38.576608 GMT"
      },
      "RequestBody": null,
      "StatusCode": 200,
      "ResponseHeaders": {
        "Access-Control-Allow-Origin": "*",
        "Connection": "keep-alive",
        "Content-Type": "application/vnd.microsoft.appconfig.kvset\u002Bjson; charset=utf-8",
        "Date": "Fri, 27 Oct 2023 20:40:39 GMT",
        "Strict-Transport-Security": "max-age=15724800; includeSubDomains",
        "Sync-Token": "zAJw6V16=NzoxNyMyNDA5Njg2NA==;sn=24096864",
        "Transfer-Encoding": "chunked",
        "x-ms-correlation-request-id": "1aa27226-e224-4cba-9a2b-0cd49a40d31d"
      },
      "ResponseBody": {
        "items": [
          {
            "etag": "ZUCz8wWaPg8RTs9IPKbNz34jWQJfr9FbUZ_0D1XL9-w",
            "key": ".appconfig.featureflag/Alpha",
            "label": null,
            "content_type": "application/vnd.microsoft.appconfig.ff\u002Bjson;charset=utf-8",
            "value": "{\t\u0022id\u0022: \u0022Alpha\u0022, \u0022description\u0022: \u0022\u0022, \u0022enabled\u0022: false, \u0022conditions\u0022: {\t\u0022client_filters\u0022: []\t}}",
            "tags": {},
            "locked": false,
            "last_modified": "2023-10-27T20:40:39\u002B00:00"
          },
          {
            "etag": "Ps4IuugdpmzIygmwW3hI6yObap-S9Rh-sT4160a0iHA",
            "key": ".appconfig.featureflag/hgj",
            "label": null,
            "content_type": "application/vnd.microsoft.appconfig.ff\u002Bjson;charset=utf-8",
            "value": "{\u0022id\u0022:\u0022hgj\u0022,\u0022description\u0022:\u0022\u0022,\u0022enabled\u0022:true,\u0022conditions\u0022:{\u0022client_filters\u0022:[{\u0022name\u0022:\u0022Microsoft.Targeting\u0022,\u0022parameters\u0022:{\u0022Audience\u0022:{\u0022Users\u0022:[\u0022asdf\u0022],\u0022Groups\u0022:[{\u0022Name\u0022:\u0022sdgfh\u0022,\u0022RolloutPercentage\u0022:100}],\u0022DefaultRolloutPercentage\u0022:50,\u0022Exclusion\u0022:{\u0022Users\u0022:[\u0022asdf\u0022],\u0022Groups\u0022:[\u0022dfgh\u0022]}}}},{\u0022name\u0022:\u0022Microsoft.TimeWindow\u0022,\u0022parameters\u0022:{\u0022End\u0022:\u0022Fri, 03 Nov 2023 07:00:00 GMT\u0022}}]}}",
            "tags": {},
            "locked": false,
            "last_modified": "2023-10-27T17:04:48\u002B00:00"
          },
          {
            "etag": "RJo0pP80DRS_mW1MixwJR5tLBKhCttd0T6jHrjzjTLc",
            "key": "message",
            "label": null,
            "content_type": "text/plain",
            "value": "hi",
            "tags": {},
            "locked": false,
            "last_modified": "2023-10-27T20:40:39\u002B00:00"
          },
          {
            "etag": "ioRqL2Y_RlgVVjrMoaAdDGVMqyGwo39jsCUKMw6tgsA",
            "key": "my_json",
            "label": null,
            "content_type": "application/json",
            "value": "{\u0022key\u0022: \u0022value\u0022}",
            "tags": {},
            "locked": false,
            "last_modified": "2023-10-27T20:40:39\u002B00:00"
          },
          {
            "etag": "whKgDilq-rGtXn5LVT2td5WOTUHliVWKbAyVL9V2SYs",
            "key": "non_refreshed_message",
            "label": null,
            "content_type": "text/plain",
            "value": "Static",
            "tags": {},
            "locked": false,
            "last_modified": "2023-10-27T20:40:39\u002B00:00"
          },
          {
            "etag": "39Mvq45wBQf8z6kYlbjpzPbVwui3MfLLbmeHLNcF8Ug",
            "key": "refresh_message",
            "label": null,
            "content_type": "text/plain",
            "value": "original value",
            "tags": {},
            "locked": false,
            "last_modified": "2023-10-27T20:40:39\u002B00:00"
          },
          {
            "etag": "5btdiw_EFLmWguhGbhL2cSEIAI4JJkISsZOpLi7GGdU",
            "key": "test.trimmed",
            "label": null,
            "content_type": "text/plain",
            "value": "key",
            "tags": {},
            "locked": false,
            "last_modified": "2023-10-27T20:40:39\u002B00:00"
          }
        ]
      }
    },
    {
      "RequestUri": "https://fake-endpoint.azconfig.io/kv/message?label=%00\u0026api-version=1970-01-01",
      "RequestMethod": "PUT",
      "RequestHeaders": {
        "Accept": "application/vnd.microsoft.appconfig.kv\u002Bjson, application/json, application/problem\u002Bjson",
        "Accept-Encoding": "gzip, deflate",
        "Connection": "keep-alive",
        "Content-Length": "94",
        "Content-Type": "application/json",
        "User-Agent": "azsdk-python-appconfiguration/1.4.0 Python/3.10.11 (Windows-10-10.0.22621-SP0)",
        "x-ms-content-sha256": "sO17\u002B9LRBGRK6Jc1aomgtjKe6Q6xOKfaGzzF\u002BAgFzgI=",
        "x-ms-date": "Oct, 27 2023 20:40:38.625110 GMT"
      },
      "RequestBody": {
        "key": "message",
        "label": "\u0000",
        "content_type": "text/plain",
        "value": "hi",
        "tags": {}
      },
      "StatusCode": 200,
      "ResponseHeaders": {
        "Access-Control-Allow-Origin": "*",
        "Connection": "keep-alive",
        "Content-Type": "application/vnd.microsoft.appconfig.kv\u002Bjson; charset=utf-8",
        "Date": "Fri, 27 Oct 2023 20:40:39 GMT",
        "ETag": "\u00229w77MDSTeTI4Ors0RkN1Cm5fRcC4laDEI-W8Q_NgWgQ\u0022",
        "Last-Modified": "Fri, 27 Oct 2023 20:40:39 GMT",
        "Strict-Transport-Security": "max-age=15724800; includeSubDomains",
        "Sync-Token": "zAJw6V16=NzoxNyMyNDA5Njg2NQ==;sn=24096865",
        "Transfer-Encoding": "chunked",
        "x-ms-correlation-request-id": "0879b54e-7492-4872-a87a-2bdba2956ac9"
      },
      "ResponseBody": {
        "etag": "9w77MDSTeTI4Ors0RkN1Cm5fRcC4laDEI-W8Q_NgWgQ",
        "key": "message",
        "label": null,
        "content_type": "text/plain",
        "value": "hi",
        "tags": {},
        "locked": false,
        "last_modified": "2023-10-27T20:40:39\u002B00:00"
      }
    },
    {
      "RequestUri": "https://fake-endpoint.azconfig.io/kv/message?label=dev\u0026api-version=1970-01-01",
      "RequestMethod": "PUT",
      "RequestHeaders": {
        "Accept": "application/vnd.microsoft.appconfig.kv\u002Bjson, application/json, application/problem\u002Bjson",
        "Accept-Encoding": "gzip, deflate",
        "Connection": "keep-alive",
        "Content-Length": "93",
        "Content-Type": "application/json",
        "Sync-Token": "zAJw6V16=NzoxNyMyNDA5Njg2NQ==",
        "User-Agent": "azsdk-python-appconfiguration/1.4.0 Python/3.10.11 (Windows-10-10.0.22621-SP0)",
        "x-ms-content-sha256": "ldGB\u002ByUbceFogwKdiFLhKcjPyA4zVY7Rq2L/lmgPr/8=",
        "x-ms-date": "Oct, 27 2023 20:40:38.676783 GMT"
      },
      "RequestBody": {
        "key": "message",
        "label": "dev",
        "content_type": "text/plain",
        "value": "test",
        "tags": {}
      },
      "StatusCode": 200,
      "ResponseHeaders": {
        "Access-Control-Allow-Origin": "*",
        "Connection": "keep-alive",
        "Content-Type": "application/vnd.microsoft.appconfig.kv\u002Bjson; charset=utf-8",
        "Date": "Fri, 27 Oct 2023 20:40:39 GMT",
        "ETag": "\u0022S6wqBD9HnIWhSTQXeZPnQn77ql8DZwk6c8U-wBZ1Dq4\u0022",
        "Last-Modified": "Fri, 27 Oct 2023 20:40:39 GMT",
        "Strict-Transport-Security": "max-age=15724800; includeSubDomains",
        "Sync-Token": "zAJw6V16=NzoxNyMyNDA5Njg2Nw==;sn=24096867",
        "Transfer-Encoding": "chunked",
        "x-ms-correlation-request-id": "8ab1c00e-f979-461d-992a-e36af000b939"
      },
      "ResponseBody": {
        "etag": "S6wqBD9HnIWhSTQXeZPnQn77ql8DZwk6c8U-wBZ1Dq4",
        "key": "message",
        "label": "dev",
        "content_type": "text/plain",
        "value": "test",
        "tags": {},
        "locked": false,
        "last_modified": "2023-10-27T20:40:39\u002B00:00"
      }
    },
    {
      "RequestUri": "https://fake-endpoint.azconfig.io/kv/my_json?label=%00\u0026api-version=1970-01-01",
      "RequestMethod": "PUT",
      "RequestHeaders": {
        "Accept": "application/vnd.microsoft.appconfig.kv\u002Bjson, application/json, application/problem\u002Bjson",
        "Accept-Encoding": "gzip, deflate",
        "Connection": "keep-alive",
        "Content-Length": "118",
        "Content-Type": "application/json",
        "Sync-Token": "zAJw6V16=NzoxNyMyNDA5Njg2Nw==",
        "User-Agent": "azsdk-python-appconfiguration/1.4.0 Python/3.10.11 (Windows-10-10.0.22621-SP0)",
        "x-ms-content-sha256": "hCwkkESt4FMkocISzVr\u002Bsa5KgTtCgv2\u002B3ps1kcPne0Y=",
        "x-ms-date": "Oct, 27 2023 20:40:38.704587 GMT"
      },
      "RequestBody": {
        "key": "my_json",
        "label": "\u0000",
        "content_type": "application/json",
        "value": "{\u0022key\u0022: \u0022value\u0022}",
        "tags": {}
      },
      "StatusCode": 200,
      "ResponseHeaders": {
        "Access-Control-Allow-Origin": "*",
        "Connection": "keep-alive",
        "Content-Type": "application/vnd.microsoft.appconfig.kv\u002Bjson; charset=utf-8",
        "Date": "Fri, 27 Oct 2023 20:40:39 GMT",
        "ETag": "\u00226yZflOezPQJ7TGvborJmaqqzyFxnedp5mSQ8n0xUxv0\u0022",
        "Last-Modified": "Fri, 27 Oct 2023 20:40:39 GMT",
        "Strict-Transport-Security": "max-age=15724800; includeSubDomains",
        "Sync-Token": "zAJw6V16=NzoxNyMyNDA5Njg2OQ==;sn=24096869",
        "Transfer-Encoding": "chunked",
        "x-ms-correlation-request-id": "dbf6800b-4053-459f-aa8f-fa666b15d82d"
      },
      "ResponseBody": {
        "etag": "6yZflOezPQJ7TGvborJmaqqzyFxnedp5mSQ8n0xUxv0",
        "key": "my_json",
        "label": null,
        "content_type": "application/json",
        "value": "{\u0022key\u0022: \u0022value\u0022}",
        "tags": {},
        "locked": false,
        "last_modified": "2023-10-27T20:40:39\u002B00:00"
      }
    },
    {
      "RequestUri": "https://fake-endpoint.azconfig.io/kv/test.trimmed?label=%00\u0026api-version=1970-01-01",
      "RequestMethod": "PUT",
      "RequestHeaders": {
        "Accept": "application/vnd.microsoft.appconfig.kv\u002Bjson, application/json, application/problem\u002Bjson",
        "Accept-Encoding": "gzip, deflate",
        "Connection": "keep-alive",
        "Content-Length": "100",
        "Content-Type": "application/json",
        "Sync-Token": "zAJw6V16=NzoxNyMyNDA5Njg2OQ==",
        "User-Agent": "azsdk-python-appconfiguration/1.4.0 Python/3.10.11 (Windows-10-10.0.22621-SP0)",
        "x-ms-content-sha256": "Ywo75Z4ndghuA5lejndpeBTNSici7Vx8O0CCZLlhiAU=",
        "x-ms-date": "Oct, 27 2023 20:40:38.731150 GMT"
      },
      "RequestBody": {
        "key": "test.trimmed",
        "label": "\u0000",
        "content_type": "text/plain",
        "value": "key",
        "tags": {}
      },
      "StatusCode": 200,
      "ResponseHeaders": {
        "Access-Control-Allow-Origin": "*",
        "Connection": "keep-alive",
        "Content-Type": "application/vnd.microsoft.appconfig.kv\u002Bjson; charset=utf-8",
        "Date": "Fri, 27 Oct 2023 20:40:39 GMT",
        "ETag": "\u0022oIZUIbmVR49sKDmlSYv7nEQ6nF1nkAjUGCp7OHenLnI\u0022",
        "Last-Modified": "Fri, 27 Oct 2023 20:40:39 GMT",
        "Strict-Transport-Security": "max-age=15724800; includeSubDomains",
        "Sync-Token": "zAJw6V16=NzoxNyMyNDA5Njg3MQ==;sn=24096871",
        "Transfer-Encoding": "chunked",
        "x-ms-correlation-request-id": "ea224b31-b54c-46ab-8664-a2222d53f0f2"
      },
      "ResponseBody": {
        "etag": "oIZUIbmVR49sKDmlSYv7nEQ6nF1nkAjUGCp7OHenLnI",
        "key": "test.trimmed",
        "label": null,
        "content_type": "text/plain",
        "value": "key",
        "tags": {},
        "locked": false,
        "last_modified": "2023-10-27T20:40:39\u002B00:00"
      }
    },
    {
      "RequestUri": "https://fake-endpoint.azconfig.io/kv/refresh_message?label=%00\u0026api-version=1970-01-01",
      "RequestMethod": "PUT",
      "RequestHeaders": {
        "Accept": "application/vnd.microsoft.appconfig.kv\u002Bjson, application/json, application/problem\u002Bjson",
        "Accept-Encoding": "gzip, deflate",
        "Connection": "keep-alive",
        "Content-Length": "114",
        "Content-Type": "application/json",
        "Sync-Token": "zAJw6V16=NzoxNyMyNDA5Njg3MQ==",
        "User-Agent": "azsdk-python-appconfiguration/1.4.0 Python/3.10.11 (Windows-10-10.0.22621-SP0)",
        "x-ms-content-sha256": "4EMTpW5DNMgb2ILWshR8NZeWRRkMcPLFDtd0erEayyY=",
        "x-ms-date": "Oct, 27 2023 20:40:38.755951 GMT"
      },
      "RequestBody": {
        "key": "refresh_message",
        "label": "\u0000",
        "content_type": "text/plain",
        "value": "original value",
        "tags": {}
      },
      "StatusCode": 200,
      "ResponseHeaders": {
        "Access-Control-Allow-Origin": "*",
        "Connection": "keep-alive",
        "Content-Type": "application/vnd.microsoft.appconfig.kv\u002Bjson; charset=utf-8",
        "Date": "Fri, 27 Oct 2023 20:40:39 GMT",
        "ETag": "\u0022fCZK9cWDtpndfZHWEyn1nfopxmBfMxRo4BtAVe2nHlg\u0022",
        "Last-Modified": "Fri, 27 Oct 2023 20:40:39 GMT",
        "Strict-Transport-Security": "max-age=15724800; includeSubDomains",
        "Sync-Token": "zAJw6V16=NzoxNyMyNDA5Njg3Mw==;sn=24096873",
        "Transfer-Encoding": "chunked",
        "x-ms-correlation-request-id": "414e73bb-9e40-41a7-badc-f3b379411ed5"
      },
      "ResponseBody": {
        "etag": "fCZK9cWDtpndfZHWEyn1nfopxmBfMxRo4BtAVe2nHlg",
        "key": "refresh_message",
        "label": null,
        "content_type": "text/plain",
        "value": "original value",
        "tags": {},
        "locked": false,
        "last_modified": "2023-10-27T20:40:39\u002B00:00"
      }
    },
    {
      "RequestUri": "https://fake-endpoint.azconfig.io/kv/non_refreshed_message?label=%00\u0026api-version=1970-01-01",
      "RequestMethod": "PUT",
      "RequestHeaders": {
        "Accept": "application/vnd.microsoft.appconfig.kv\u002Bjson, application/json, application/problem\u002Bjson",
        "Accept-Encoding": "gzip, deflate",
        "Connection": "keep-alive",
        "Content-Length": "112",
        "Content-Type": "application/json",
        "Sync-Token": "zAJw6V16=NzoxNyMyNDA5Njg3Mw==",
        "User-Agent": "azsdk-python-appconfiguration/1.4.0 Python/3.10.11 (Windows-10-10.0.22621-SP0)",
        "x-ms-content-sha256": "3h8i3k16yOCNVm4UxG/aSBBCn2CiyBhO4M3AdIWkWFI=",
        "x-ms-date": "Oct, 27 2023 20:40:38.782495 GMT"
      },
      "RequestBody": {
        "key": "non_refreshed_message",
        "label": "\u0000",
        "content_type": "text/plain",
        "value": "Static",
        "tags": {}
      },
      "StatusCode": 200,
      "ResponseHeaders": {
        "Access-Control-Allow-Origin": "*",
        "Connection": "keep-alive",
        "Content-Type": "application/vnd.microsoft.appconfig.kv\u002Bjson; charset=utf-8",
        "Date": "Fri, 27 Oct 2023 20:40:39 GMT",
        "ETag": "\u0022znTEQRS7sbUoY1IBtEaj3JvubMKAoQaIzq2KgK7GNfM\u0022",
        "Last-Modified": "Fri, 27 Oct 2023 20:40:39 GMT",
        "Strict-Transport-Security": "max-age=15724800; includeSubDomains",
        "Sync-Token": "zAJw6V16=NzoxNyMyNDA5Njg3NQ==;sn=24096875",
        "Transfer-Encoding": "chunked",
        "x-ms-correlation-request-id": "9d7f636a-dbe8-4adc-9078-348ce6a7b81b"
      },
      "ResponseBody": {
        "etag": "znTEQRS7sbUoY1IBtEaj3JvubMKAoQaIzq2KgK7GNfM",
        "key": "non_refreshed_message",
        "label": null,
        "content_type": "text/plain",
        "value": "Static",
        "tags": {},
        "locked": false,
        "last_modified": "2023-10-27T20:40:39\u002B00:00"
      }
    },
    {
      "RequestUri": "https://fake-endpoint.azconfig.io/kv/.appconfig.featureflag%2FAlpha?label=%00\u0026api-version=1970-01-01",
      "RequestMethod": "PUT",
      "RequestHeaders": {
        "Accept": "application/vnd.microsoft.appconfig.kv\u002Bjson, application/json, application/problem\u002Bjson",
        "Accept-Encoding": "gzip, deflate",
        "Connection": "keep-alive",
        "Content-Length": "270",
        "Content-Type": "application/json",
        "Sync-Token": "zAJw6V16=NzoxNyMyNDA5Njg3NQ==",
        "User-Agent": "azsdk-python-appconfiguration/1.4.0 Python/3.10.11 (Windows-10-10.0.22621-SP0)",
        "x-ms-content-sha256": "QWMqQVTb3OEmcET/A5jVHXJXI1TrzC7h6cMDRt4ePeA=",
        "x-ms-date": "Oct, 27 2023 20:40:38.807648 GMT"
      },
      "RequestBody": {
        "key": ".appconfig.featureflag/Alpha",
        "label": "\u0000",
        "content_type": "application/vnd.microsoft.appconfig.ff\u002Bjson;charset=utf-8",
        "value": "{\t\u0022id\u0022: \u0022Alpha\u0022, \u0022description\u0022: \u0022\u0022, \u0022enabled\u0022: false, \u0022conditions\u0022: {\t\u0022client_filters\u0022: []\t}}",
        "tags": {}
      },
      "StatusCode": 200,
      "ResponseHeaders": {
        "Access-Control-Allow-Origin": "*",
        "Connection": "keep-alive",
        "Content-Type": "application/vnd.microsoft.appconfig.kv\u002Bjson; charset=utf-8",
        "Date": "Fri, 27 Oct 2023 20:40:39 GMT",
        "ETag": "\u0022zNOHWZ_f5xpEKdmxA92GxPvrUVwWrZli_oO6v_eJxx4\u0022",
        "Last-Modified": "Fri, 27 Oct 2023 20:40:39 GMT",
        "Strict-Transport-Security": "max-age=15724800; includeSubDomains",
        "Sync-Token": "zAJw6V16=NzoxNyMyNDA5Njg3Nw==;sn=24096877",
        "Transfer-Encoding": "chunked",
        "x-ms-correlation-request-id": "9c8ca090-27db-4d6e-818a-371a5935e504"
      },
      "ResponseBody": {
        "etag": "zNOHWZ_f5xpEKdmxA92GxPvrUVwWrZli_oO6v_eJxx4",
        "key": ".appconfig.featureflag/Alpha",
        "label": null,
        "content_type": "application/vnd.microsoft.appconfig.ff\u002Bjson;charset=utf-8",
        "value": "{\t\u0022id\u0022: \u0022Alpha\u0022, \u0022description\u0022: \u0022\u0022, \u0022enabled\u0022: false, \u0022conditions\u0022: {\t\u0022client_filters\u0022: []\t}}",
        "tags": {},
        "locked": false,
        "last_modified": "2023-10-27T20:40:39\u002B00:00"
      }
    },
    {
      "RequestUri": "https://fake-endpoint.azconfig.io/kv/secret?label=prod\u0026api-version=1970-01-01",
      "RequestMethod": "PUT",
      "RequestHeaders": {
        "Accept": "application/vnd.microsoft.appconfig.kv\u002Bjson, application/json, application/problem\u002Bjson",
        "Accept-Encoding": "gzip, deflate",
        "Connection": "keep-alive",
        "Content-Length": "217",
        "Content-Type": "application/json",
        "Sync-Token": "zAJw6V16=NzoxNyMyNDA5Njg3Nw==",
        "User-Agent": "azsdk-python-appconfiguration/1.4.0 Python/3.10.11 (Windows-10-10.0.22621-SP0)",
        "x-ms-content-sha256": "GORL5\u002BRWXCSHKWOJcYQpPM03mZ4lvE/r5VQBfftpZRg=",
        "x-ms-date": "Oct, 27 2023 20:40:38.834537 GMT"
      },
      "RequestBody": {
        "key": "secret",
        "label": "prod",
        "content_type": "application/vnd.microsoft.appconfig.keyvaultref\u002Bjson;charset=utf-8",
        "value": "{\u0022uri\u0022:\u0022https://fake-keyvault.vault.azure.net/secrets/fake-secret/\u0022}",
        "tags": {}
      },
      "StatusCode": 200,
      "ResponseHeaders": {
        "Access-Control-Allow-Origin": "*",
        "Connection": "keep-alive",
        "Content-Type": "application/vnd.microsoft.appconfig.kv\u002Bjson; charset=utf-8",
        "Date": "Fri, 27 Oct 2023 20:40:39 GMT",
        "ETag": "\u0022uoiwm26RrrVnSHyvZblYaVUbvdpB7dD0ItekF7NwQsU\u0022",
        "Last-Modified": "Fri, 27 Oct 2023 20:40:39 GMT",
        "Strict-Transport-Security": "max-age=15724800; includeSubDomains",
        "Sync-Token": "zAJw6V16=NzoxNyMyNDA5Njg3OQ==;sn=24096879",
        "Transfer-Encoding": "chunked",
        "x-ms-correlation-request-id": "766a51b4-02eb-4cb0-a5a2-c00843e398fb"
      },
      "ResponseBody": {
        "etag": "uoiwm26RrrVnSHyvZblYaVUbvdpB7dD0ItekF7NwQsU",
        "key": "secret",
        "label": "prod",
        "content_type": "application/vnd.microsoft.appconfig.keyvaultref\u002Bjson;charset=utf-8",
        "value": "{\u0022uri\u0022:\u0022https://fake-keyvault.vault.azure.net/secrets/fake-secret/\u0022}",
        "tags": {},
        "locked": false,
        "last_modified": "2023-10-27T20:40:39\u002B00:00"
      }
    },
    {
      "RequestUri": "https://fake-endpoint.azconfig.io/kv?key=%2A\u0026label=%00\u0026api-version=1970-01-01",
      "RequestMethod": "GET",
      "RequestHeaders": {
        "Accept": "application/vnd.microsoft.appconfig.kvset\u002Bjson, application/json, application/problem\u002Bjson",
        "Accept-Encoding": "gzip, deflate",
        "Connection": "keep-alive",
        "Correlation-Context": "RequestType=Startup,UsesKeyVault",
        "User-Agent": "SDK/Integration python-appconfiguration-provider/1.1.0b3 azsdk-python-appconfiguration/1.4.0 Python/3.10.11 (Windows-10-10.0.22621-SP0)",
        "x-ms-content-sha256": "47DEQpj8HBSa\u002B/TImW\u002B5JCeuQeRkm5NMpJWZG3hSuFU=",
        "x-ms-date": "Oct, 27 2023 20:40:38.860534 GMT"
      },
      "RequestBody": null,
      "StatusCode": 200,
      "ResponseHeaders": {
        "Access-Control-Allow-Origin": "*",
        "Connection": "keep-alive",
        "Content-Type": "application/vnd.microsoft.appconfig.kvset\u002Bjson; charset=utf-8",
        "Date": "Fri, 27 Oct 2023 20:40:39 GMT",
        "Strict-Transport-Security": "max-age=15724800; includeSubDomains",
        "Sync-Token": "zAJw6V16=NzoxNyMyNDA5Njg4MA==;sn=24096880",
        "Transfer-Encoding": "chunked",
        "x-ms-correlation-request-id": "a5dc3009-502e-4185-94e9-6e9237ad37f3"
      },
      "ResponseBody": {
        "items": [
          {
            "etag": "zNOHWZ_f5xpEKdmxA92GxPvrUVwWrZli_oO6v_eJxx4",
            "key": ".appconfig.featureflag/Alpha",
            "label": null,
            "content_type": "application/vnd.microsoft.appconfig.ff\u002Bjson;charset=utf-8",
            "value": "{\t\u0022id\u0022: \u0022Alpha\u0022, \u0022description\u0022: \u0022\u0022, \u0022enabled\u0022: false, \u0022conditions\u0022: {\t\u0022client_filters\u0022: []\t}}",
            "tags": {},
            "locked": false,
            "last_modified": "2023-10-27T20:40:39\u002B00:00"
          },
          {
            "etag": "Ps4IuugdpmzIygmwW3hI6yObap-S9Rh-sT4160a0iHA",
            "key": ".appconfig.featureflag/hgj",
            "label": null,
            "content_type": "application/vnd.microsoft.appconfig.ff\u002Bjson;charset=utf-8",
            "value": "{\u0022id\u0022:\u0022hgj\u0022,\u0022description\u0022:\u0022\u0022,\u0022enabled\u0022:true,\u0022conditions\u0022:{\u0022client_filters\u0022:[{\u0022name\u0022:\u0022Microsoft.Targeting\u0022,\u0022parameters\u0022:{\u0022Audience\u0022:{\u0022Users\u0022:[\u0022asdf\u0022],\u0022Groups\u0022:[{\u0022Name\u0022:\u0022sdgfh\u0022,\u0022RolloutPercentage\u0022:100}],\u0022DefaultRolloutPercentage\u0022:50,\u0022Exclusion\u0022:{\u0022Users\u0022:[\u0022asdf\u0022],\u0022Groups\u0022:[\u0022dfgh\u0022]}}}},{\u0022name\u0022:\u0022Microsoft.TimeWindow\u0022,\u0022parameters\u0022:{\u0022End\u0022:\u0022Fri, 03 Nov 2023 07:00:00 GMT\u0022}}]}}",
            "tags": {},
            "locked": false,
            "last_modified": "2023-10-27T17:04:48\u002B00:00"
          },
          {
            "etag": "9w77MDSTeTI4Ors0RkN1Cm5fRcC4laDEI-W8Q_NgWgQ",
            "key": "message",
            "label": null,
            "content_type": "text/plain",
            "value": "hi",
            "tags": {},
            "locked": false,
            "last_modified": "2023-10-27T20:40:39\u002B00:00"
          },
          {
            "etag": "6yZflOezPQJ7TGvborJmaqqzyFxnedp5mSQ8n0xUxv0",
            "key": "my_json",
            "label": null,
            "content_type": "application/json",
            "value": "{\u0022key\u0022: \u0022value\u0022}",
            "tags": {},
            "locked": false,
            "last_modified": "2023-10-27T20:40:39\u002B00:00"
          },
          {
            "etag": "znTEQRS7sbUoY1IBtEaj3JvubMKAoQaIzq2KgK7GNfM",
            "key": "non_refreshed_message",
            "label": null,
            "content_type": "text/plain",
            "value": "Static",
            "tags": {},
            "locked": false,
            "last_modified": "2023-10-27T20:40:39\u002B00:00"
          },
          {
            "etag": "fCZK9cWDtpndfZHWEyn1nfopxmBfMxRo4BtAVe2nHlg",
            "key": "refresh_message",
            "label": null,
            "content_type": "text/plain",
            "value": "original value",
            "tags": {},
            "locked": false,
            "last_modified": "2023-10-27T20:40:39\u002B00:00"
          },
          {
            "etag": "oIZUIbmVR49sKDmlSYv7nEQ6nF1nkAjUGCp7OHenLnI",
            "key": "test.trimmed",
            "label": null,
            "content_type": "text/plain",
            "value": "key",
            "tags": {},
            "locked": false,
            "last_modified": "2023-10-27T20:40:39\u002B00:00"
          }
        ]
      }
    },
    {
      "RequestUri": "https://fake-endpoint.azconfig.io/kv/message?label=%00\u0026api-version=1970-01-01",
      "RequestMethod": "PUT",
      "RequestHeaders": {
        "Accept": "application/vnd.microsoft.appconfig.kv\u002Bjson, application/json, application/problem\u002Bjson",
        "Accept-Encoding": "gzip, deflate",
        "Connection": "keep-alive",
        "Content-Length": "94",
        "Content-Type": "application/json",
        "User-Agent": "azsdk-python-appconfiguration/1.4.0 Python/3.10.11 (Windows-10-10.0.22621-SP0)",
        "x-ms-content-sha256": "sO17\u002B9LRBGRK6Jc1aomgtjKe6Q6xOKfaGzzF\u002BAgFzgI=",
        "x-ms-date": "Oct, 27 2023 20:40:38.905527 GMT"
      },
      "RequestBody": {
        "key": "message",
        "label": "\u0000",
        "content_type": "text/plain",
        "value": "hi",
        "tags": {}
      },
      "StatusCode": 200,
      "ResponseHeaders": {
        "Access-Control-Allow-Origin": "*",
        "Connection": "keep-alive",
        "Content-Type": "application/vnd.microsoft.appconfig.kv\u002Bjson; charset=utf-8",
        "Date": "Fri, 27 Oct 2023 20:40:40 GMT",
        "ETag": "\u0022FdVJQQZgFrh7YM9WESkWNQg7jH-OuQ-R3X-K7fhphD4\u0022",
        "Last-Modified": "Fri, 27 Oct 2023 20:40:40 GMT",
        "Strict-Transport-Security": "max-age=15724800; includeSubDomains",
        "Sync-Token": "zAJw6V16=NzoxNyMyNDA5Njg4MQ==;sn=24096881",
        "Transfer-Encoding": "chunked",
        "x-ms-correlation-request-id": "c1e2629b-38f1-4909-a8c8-9db591de6d7f"
      },
      "ResponseBody": {
        "etag": "FdVJQQZgFrh7YM9WESkWNQg7jH-OuQ-R3X-K7fhphD4",
        "key": "message",
        "label": null,
        "content_type": "text/plain",
        "value": "hi",
        "tags": {},
        "locked": false,
        "last_modified": "2023-10-27T20:40:40\u002B00:00"
      }
    },
    {
      "RequestUri": "https://fake-endpoint.azconfig.io/kv/message?label=dev\u0026api-version=1970-01-01",
      "RequestMethod": "PUT",
      "RequestHeaders": {
        "Accept": "application/vnd.microsoft.appconfig.kv\u002Bjson, application/json, application/problem\u002Bjson",
        "Accept-Encoding": "gzip, deflate",
        "Connection": "keep-alive",
        "Content-Length": "93",
        "Content-Type": "application/json",
        "Sync-Token": "zAJw6V16=NzoxNyMyNDA5Njg4MQ==",
        "User-Agent": "azsdk-python-appconfiguration/1.4.0 Python/3.10.11 (Windows-10-10.0.22621-SP0)",
        "x-ms-content-sha256": "ldGB\u002ByUbceFogwKdiFLhKcjPyA4zVY7Rq2L/lmgPr/8=",
        "x-ms-date": "Oct, 27 2023 20:40:38.956201 GMT"
      },
      "RequestBody": {
        "key": "message",
        "label": "dev",
        "content_type": "text/plain",
        "value": "test",
        "tags": {}
      },
      "StatusCode": 200,
      "ResponseHeaders": {
        "Access-Control-Allow-Origin": "*",
        "Connection": "keep-alive",
        "Content-Type": "application/vnd.microsoft.appconfig.kv\u002Bjson; charset=utf-8",
        "Date": "Fri, 27 Oct 2023 20:40:40 GMT",
        "ETag": "\u0022RDFfqgDoshhA2rhornOMiiKBaV_LN61D4NzVIGaqBNs\u0022",
        "Last-Modified": "Fri, 27 Oct 2023 20:40:40 GMT",
        "Strict-Transport-Security": "max-age=15724800; includeSubDomains",
        "Sync-Token": "zAJw6V16=NzoxNyMyNDA5Njg4Mw==;sn=24096883",
        "Transfer-Encoding": "chunked",
        "x-ms-correlation-request-id": "a34b4c2f-33c2-405e-bf8d-a6f6741c85f8"
      },
      "ResponseBody": {
        "etag": "RDFfqgDoshhA2rhornOMiiKBaV_LN61D4NzVIGaqBNs",
        "key": "message",
        "label": "dev",
        "content_type": "text/plain",
        "value": "test",
        "tags": {},
        "locked": false,
        "last_modified": "2023-10-27T20:40:40\u002B00:00"
      }
    },
    {
      "RequestUri": "https://fake-endpoint.azconfig.io/kv/my_json?label=%00\u0026api-version=1970-01-01",
      "RequestMethod": "PUT",
      "RequestHeaders": {
        "Accept": "application/vnd.microsoft.appconfig.kv\u002Bjson, application/json, application/problem\u002Bjson",
        "Accept-Encoding": "gzip, deflate",
        "Connection": "keep-alive",
        "Content-Length": "118",
        "Content-Type": "application/json",
        "Sync-Token": "zAJw6V16=NzoxNyMyNDA5Njg4Mw==",
        "User-Agent": "azsdk-python-appconfiguration/1.4.0 Python/3.10.11 (Windows-10-10.0.22621-SP0)",
        "x-ms-content-sha256": "hCwkkESt4FMkocISzVr\u002Bsa5KgTtCgv2\u002B3ps1kcPne0Y=",
        "x-ms-date": "Oct, 27 2023 20:40:38.983060 GMT"
      },
      "RequestBody": {
        "key": "my_json",
        "label": "\u0000",
        "content_type": "application/json",
        "value": "{\u0022key\u0022: \u0022value\u0022}",
        "tags": {}
      },
      "StatusCode": 200,
      "ResponseHeaders": {
        "Access-Control-Allow-Origin": "*",
        "Connection": "keep-alive",
        "Content-Type": "application/vnd.microsoft.appconfig.kv\u002Bjson; charset=utf-8",
        "Date": "Fri, 27 Oct 2023 20:40:40 GMT",
        "ETag": "\u0022x418SmlJFtoyZ975vXrOI_48A0ANUSy-zKEtzFIdO9o\u0022",
        "Last-Modified": "Fri, 27 Oct 2023 20:40:40 GMT",
        "Strict-Transport-Security": "max-age=15724800; includeSubDomains",
        "Sync-Token": "zAJw6V16=NzoxNyMyNDA5Njg4NQ==;sn=24096885",
        "Transfer-Encoding": "chunked",
        "x-ms-correlation-request-id": "9c665953-60a4-40a6-88f9-d4e916c0a072"
      },
      "ResponseBody": {
        "etag": "x418SmlJFtoyZ975vXrOI_48A0ANUSy-zKEtzFIdO9o",
        "key": "my_json",
        "label": null,
        "content_type": "application/json",
        "value": "{\u0022key\u0022: \u0022value\u0022}",
        "tags": {},
        "locked": false,
        "last_modified": "2023-10-27T20:40:40\u002B00:00"
      }
    },
    {
      "RequestUri": "https://fake-endpoint.azconfig.io/kv/test.trimmed?label=%00\u0026api-version=1970-01-01",
      "RequestMethod": "PUT",
      "RequestHeaders": {
        "Accept": "application/vnd.microsoft.appconfig.kv\u002Bjson, application/json, application/problem\u002Bjson",
        "Accept-Encoding": "gzip, deflate",
        "Connection": "keep-alive",
        "Content-Length": "100",
        "Content-Type": "application/json",
        "Sync-Token": "zAJw6V16=NzoxNyMyNDA5Njg4NQ==",
        "User-Agent": "azsdk-python-appconfiguration/1.4.0 Python/3.10.11 (Windows-10-10.0.22621-SP0)",
        "x-ms-content-sha256": "Ywo75Z4ndghuA5lejndpeBTNSici7Vx8O0CCZLlhiAU=",
        "x-ms-date": "Oct, 27 2023 20:40:39.004549 GMT"
      },
      "RequestBody": {
        "key": "test.trimmed",
        "label": "\u0000",
        "content_type": "text/plain",
        "value": "key",
        "tags": {}
      },
      "StatusCode": 200,
      "ResponseHeaders": {
        "Access-Control-Allow-Origin": "*",
        "Connection": "keep-alive",
        "Content-Type": "application/vnd.microsoft.appconfig.kv\u002Bjson; charset=utf-8",
        "Date": "Fri, 27 Oct 2023 20:40:40 GMT",
        "ETag": "\u0022I2eNIDHi8bxKfmHMficIFQd9kVX0YEWVp8sQMzwxpNk\u0022",
        "Last-Modified": "Fri, 27 Oct 2023 20:40:40 GMT",
        "Strict-Transport-Security": "max-age=15724800; includeSubDomains",
        "Sync-Token": "zAJw6V16=NzoxNyMyNDA5Njg4Nw==;sn=24096887",
        "Transfer-Encoding": "chunked",
        "x-ms-correlation-request-id": "603427ab-0d08-4cd1-b830-012e54318d2c"
      },
      "ResponseBody": {
        "etag": "I2eNIDHi8bxKfmHMficIFQd9kVX0YEWVp8sQMzwxpNk",
        "key": "test.trimmed",
        "label": null,
        "content_type": "text/plain",
        "value": "key",
        "tags": {},
        "locked": false,
        "last_modified": "2023-10-27T20:40:40\u002B00:00"
      }
    },
    {
      "RequestUri": "https://fake-endpoint.azconfig.io/kv/refresh_message?label=%00\u0026api-version=1970-01-01",
      "RequestMethod": "PUT",
      "RequestHeaders": {
        "Accept": "application/vnd.microsoft.appconfig.kv\u002Bjson, application/json, application/problem\u002Bjson",
        "Accept-Encoding": "gzip, deflate",
        "Connection": "keep-alive",
        "Content-Length": "114",
        "Content-Type": "application/json",
        "Sync-Token": "zAJw6V16=NzoxNyMyNDA5Njg4Nw==",
        "User-Agent": "azsdk-python-appconfiguration/1.4.0 Python/3.10.11 (Windows-10-10.0.22621-SP0)",
        "x-ms-content-sha256": "4EMTpW5DNMgb2ILWshR8NZeWRRkMcPLFDtd0erEayyY=",
        "x-ms-date": "Oct, 27 2023 20:40:39.031223 GMT"
      },
      "RequestBody": {
        "key": "refresh_message",
        "label": "\u0000",
        "content_type": "text/plain",
        "value": "original value",
        "tags": {}
      },
      "StatusCode": 200,
      "ResponseHeaders": {
        "Access-Control-Allow-Origin": "*",
        "Connection": "keep-alive",
        "Content-Type": "application/vnd.microsoft.appconfig.kv\u002Bjson; charset=utf-8",
        "Date": "Fri, 27 Oct 2023 20:40:40 GMT",
        "ETag": "\u0022Hko77i9eV88IiLchl6uu6oxmXGbn7T50Oibt1l5vmcU\u0022",
        "Last-Modified": "Fri, 27 Oct 2023 20:40:40 GMT",
        "Strict-Transport-Security": "max-age=15724800; includeSubDomains",
        "Sync-Token": "zAJw6V16=NzoxNyMyNDA5Njg4OQ==;sn=24096889",
        "Transfer-Encoding": "chunked",
        "x-ms-correlation-request-id": "a4cdbb40-9d59-441b-8127-c3353a75d35e"
      },
      "ResponseBody": {
        "etag": "Hko77i9eV88IiLchl6uu6oxmXGbn7T50Oibt1l5vmcU",
        "key": "refresh_message",
        "label": null,
        "content_type": "text/plain",
        "value": "original value",
        "tags": {},
        "locked": false,
        "last_modified": "2023-10-27T20:40:40\u002B00:00"
      }
    },
    {
      "RequestUri": "https://fake-endpoint.azconfig.io/kv/non_refreshed_message?label=%00\u0026api-version=1970-01-01",
      "RequestMethod": "PUT",
      "RequestHeaders": {
        "Accept": "application/vnd.microsoft.appconfig.kv\u002Bjson, application/json, application/problem\u002Bjson",
        "Accept-Encoding": "gzip, deflate",
        "Connection": "keep-alive",
        "Content-Length": "112",
        "Content-Type": "application/json",
        "Sync-Token": "zAJw6V16=NzoxNyMyNDA5Njg4OQ==",
        "User-Agent": "azsdk-python-appconfiguration/1.4.0 Python/3.10.11 (Windows-10-10.0.22621-SP0)",
        "x-ms-content-sha256": "3h8i3k16yOCNVm4UxG/aSBBCn2CiyBhO4M3AdIWkWFI=",
        "x-ms-date": "Oct, 27 2023 20:40:39.056342 GMT"
      },
      "RequestBody": {
        "key": "non_refreshed_message",
        "label": "\u0000",
        "content_type": "text/plain",
        "value": "Static",
        "tags": {}
      },
      "StatusCode": 200,
      "ResponseHeaders": {
        "Access-Control-Allow-Origin": "*",
        "Connection": "keep-alive",
        "Content-Type": "application/vnd.microsoft.appconfig.kv\u002Bjson; charset=utf-8",
        "Date": "Fri, 27 Oct 2023 20:40:40 GMT",
        "ETag": "\u0022GRwBxW9aLmB_Sre_VBD-Jp07SH1hBLjr0MLH95WmacY\u0022",
        "Last-Modified": "Fri, 27 Oct 2023 20:40:40 GMT",
        "Strict-Transport-Security": "max-age=15724800; includeSubDomains",
        "Sync-Token": "zAJw6V16=NzoxNyMyNDA5Njg5MQ==;sn=24096891",
        "Transfer-Encoding": "chunked",
        "x-ms-correlation-request-id": "0a85ccc0-779b-48ab-af71-709c2ac653e5"
      },
      "ResponseBody": {
        "etag": "GRwBxW9aLmB_Sre_VBD-Jp07SH1hBLjr0MLH95WmacY",
        "key": "non_refreshed_message",
        "label": null,
        "content_type": "text/plain",
        "value": "Static",
        "tags": {},
        "locked": false,
        "last_modified": "2023-10-27T20:40:40\u002B00:00"
      }
    },
    {
      "RequestUri": "https://fake-endpoint.azconfig.io/kv/.appconfig.featureflag%2FAlpha?label=%00\u0026api-version=1970-01-01",
      "RequestMethod": "PUT",
      "RequestHeaders": {
        "Accept": "application/vnd.microsoft.appconfig.kv\u002Bjson, application/json, application/problem\u002Bjson",
        "Accept-Encoding": "gzip, deflate",
        "Connection": "keep-alive",
        "Content-Length": "270",
        "Content-Type": "application/json",
        "Sync-Token": "zAJw6V16=NzoxNyMyNDA5Njg5MQ==",
        "User-Agent": "azsdk-python-appconfiguration/1.4.0 Python/3.10.11 (Windows-10-10.0.22621-SP0)",
        "x-ms-content-sha256": "QWMqQVTb3OEmcET/A5jVHXJXI1TrzC7h6cMDRt4ePeA=",
        "x-ms-date": "Oct, 27 2023 20:40:39.084166 GMT"
      },
      "RequestBody": {
        "key": ".appconfig.featureflag/Alpha",
        "label": "\u0000",
        "content_type": "application/vnd.microsoft.appconfig.ff\u002Bjson;charset=utf-8",
        "value": "{\t\u0022id\u0022: \u0022Alpha\u0022, \u0022description\u0022: \u0022\u0022, \u0022enabled\u0022: false, \u0022conditions\u0022: {\t\u0022client_filters\u0022: []\t}}",
        "tags": {}
      },
      "StatusCode": 200,
      "ResponseHeaders": {
        "Access-Control-Allow-Origin": "*",
        "Connection": "keep-alive",
        "Content-Type": "application/vnd.microsoft.appconfig.kv\u002Bjson; charset=utf-8",
        "Date": "Fri, 27 Oct 2023 20:40:40 GMT",
        "ETag": "\u0022Pbnicm9pu3lhgb05jC-la1bccTCBVE4axNR0X8LvIGc\u0022",
        "Last-Modified": "Fri, 27 Oct 2023 20:40:40 GMT",
        "Strict-Transport-Security": "max-age=15724800; includeSubDomains",
        "Sync-Token": "zAJw6V16=NzoxNyMyNDA5Njg5Mw==;sn=24096893",
        "Transfer-Encoding": "chunked",
        "x-ms-correlation-request-id": "a5aaa637-6828-4894-acb2-443dbbd4d559"
      },
      "ResponseBody": {
        "etag": "Pbnicm9pu3lhgb05jC-la1bccTCBVE4axNR0X8LvIGc",
        "key": ".appconfig.featureflag/Alpha",
        "label": null,
        "content_type": "application/vnd.microsoft.appconfig.ff\u002Bjson;charset=utf-8",
        "value": "{\t\u0022id\u0022: \u0022Alpha\u0022, \u0022description\u0022: \u0022\u0022, \u0022enabled\u0022: false, \u0022conditions\u0022: {\t\u0022client_filters\u0022: []\t}}",
        "tags": {},
        "locked": false,
        "last_modified": "2023-10-27T20:40:40\u002B00:00"
      }
    },
    {
      "RequestUri": "https://fake-endpoint.azconfig.io/kv/secret?label=prod\u0026api-version=1970-01-01",
      "RequestMethod": "PUT",
      "RequestHeaders": {
        "Accept": "application/vnd.microsoft.appconfig.kv\u002Bjson, application/json, application/problem\u002Bjson",
        "Accept-Encoding": "gzip, deflate",
        "Connection": "keep-alive",
        "Content-Length": "217",
        "Content-Type": "application/json",
        "Sync-Token": "zAJw6V16=NzoxNyMyNDA5Njg5Mw==",
        "User-Agent": "azsdk-python-appconfiguration/1.4.0 Python/3.10.11 (Windows-10-10.0.22621-SP0)",
        "x-ms-content-sha256": "GORL5\u002BRWXCSHKWOJcYQpPM03mZ4lvE/r5VQBfftpZRg=",
        "x-ms-date": "Oct, 27 2023 20:40:39.112117 GMT"
      },
      "RequestBody": {
        "key": "secret",
        "label": "prod",
        "content_type": "application/vnd.microsoft.appconfig.keyvaultref\u002Bjson;charset=utf-8",
        "value": "{\u0022uri\u0022:\u0022https://fake-keyvault.vault.azure.net/secrets/fake-secret/\u0022}",
        "tags": {}
      },
      "StatusCode": 200,
      "ResponseHeaders": {
        "Access-Control-Allow-Origin": "*",
        "Connection": "keep-alive",
        "Content-Type": "application/vnd.microsoft.appconfig.kv\u002Bjson; charset=utf-8",
        "Date": "Fri, 27 Oct 2023 20:40:40 GMT",
        "ETag": "\u0022UxFROLgUISlmwDemWauv_Yva4N0wclPAqTjlnD9J9d0\u0022",
        "Last-Modified": "Fri, 27 Oct 2023 20:40:40 GMT",
        "Strict-Transport-Security": "max-age=15724800; includeSubDomains",
        "Sync-Token": "zAJw6V16=NzoxNyMyNDA5Njg5NQ==;sn=24096895",
        "Transfer-Encoding": "chunked",
        "x-ms-correlation-request-id": "d5c34747-d0c8-495e-bf6f-59038085bc0a"
      },
      "ResponseBody": {
        "etag": "UxFROLgUISlmwDemWauv_Yva4N0wclPAqTjlnD9J9d0",
        "key": "secret",
        "label": "prod",
        "content_type": "application/vnd.microsoft.appconfig.keyvaultref\u002Bjson;charset=utf-8",
        "value": "{\u0022uri\u0022:\u0022https://fake-keyvault.vault.azure.net/secrets/fake-secret/\u0022}",
        "tags": {},
        "locked": false,
        "last_modified": "2023-10-27T20:40:40\u002B00:00"
      }
    },
    {
      "RequestUri": "https://fake-endpoint.azconfig.io/kv?key=%2A\u0026label=%00\u0026api-version=1970-01-01",
      "RequestMethod": "GET",
      "RequestHeaders": {
        "Accept": "application/vnd.microsoft.appconfig.kvset\u002Bjson, application/json, application/problem\u002Bjson",
        "Accept-Encoding": "gzip, deflate",
        "Connection": "keep-alive",
        "Correlation-Context": "RequestType=Startup,UsesKeyVault",
        "User-Agent": "SDK/Integration python-appconfiguration-provider/1.1.0b3 azsdk-python-appconfiguration/1.4.0 Python/3.10.11 (Windows-10-10.0.22621-SP0)",
        "x-ms-content-sha256": "47DEQpj8HBSa\u002B/TImW\u002B5JCeuQeRkm5NMpJWZG3hSuFU=",
        "x-ms-date": "Oct, 27 2023 20:40:39.139843 GMT"
      },
      "RequestBody": null,
      "StatusCode": 200,
      "ResponseHeaders": {
        "Access-Control-Allow-Origin": "*",
        "Connection": "keep-alive",
        "Content-Type": "application/vnd.microsoft.appconfig.kvset\u002Bjson; charset=utf-8",
        "Date": "Fri, 27 Oct 2023 20:40:40 GMT",
        "Strict-Transport-Security": "max-age=15724800; includeSubDomains",
        "Sync-Token": "zAJw6V16=NzoxNyMyNDA5Njg5Ng==;sn=24096896",
        "Transfer-Encoding": "chunked",
        "x-ms-correlation-request-id": "87bbe570-8a68-439f-af28-683049fabe96"
      },
      "ResponseBody": {
        "items": [
          {
            "etag": "Pbnicm9pu3lhgb05jC-la1bccTCBVE4axNR0X8LvIGc",
            "key": ".appconfig.featureflag/Alpha",
            "label": null,
            "content_type": "application/vnd.microsoft.appconfig.ff\u002Bjson;charset=utf-8",
            "value": "{\t\u0022id\u0022: \u0022Alpha\u0022, \u0022description\u0022: \u0022\u0022, \u0022enabled\u0022: false, \u0022conditions\u0022: {\t\u0022client_filters\u0022: []\t}}",
            "tags": {},
            "locked": false,
            "last_modified": "2023-10-27T20:40:40\u002B00:00"
          },
          {
            "etag": "Ps4IuugdpmzIygmwW3hI6yObap-S9Rh-sT4160a0iHA",
            "key": ".appconfig.featureflag/hgj",
            "label": null,
            "content_type": "application/vnd.microsoft.appconfig.ff\u002Bjson;charset=utf-8",
            "value": "{\u0022id\u0022:\u0022hgj\u0022,\u0022description\u0022:\u0022\u0022,\u0022enabled\u0022:true,\u0022conditions\u0022:{\u0022client_filters\u0022:[{\u0022name\u0022:\u0022Microsoft.Targeting\u0022,\u0022parameters\u0022:{\u0022Audience\u0022:{\u0022Users\u0022:[\u0022asdf\u0022],\u0022Groups\u0022:[{\u0022Name\u0022:\u0022sdgfh\u0022,\u0022RolloutPercentage\u0022:100}],\u0022DefaultRolloutPercentage\u0022:50,\u0022Exclusion\u0022:{\u0022Users\u0022:[\u0022asdf\u0022],\u0022Groups\u0022:[\u0022dfgh\u0022]}}}},{\u0022name\u0022:\u0022Microsoft.TimeWindow\u0022,\u0022parameters\u0022:{\u0022End\u0022:\u0022Fri, 03 Nov 2023 07:00:00 GMT\u0022}}]}}",
            "tags": {},
            "locked": false,
            "last_modified": "2023-10-27T17:04:48\u002B00:00"
          },
          {
            "etag": "FdVJQQZgFrh7YM9WESkWNQg7jH-OuQ-R3X-K7fhphD4",
            "key": "message",
            "label": null,
            "content_type": "text/plain",
            "value": "hi",
            "tags": {},
            "locked": false,
            "last_modified": "2023-10-27T20:40:40\u002B00:00"
          },
          {
            "etag": "x418SmlJFtoyZ975vXrOI_48A0ANUSy-zKEtzFIdO9o",
            "key": "my_json",
            "label": null,
            "content_type": "application/json",
            "value": "{\u0022key\u0022: \u0022value\u0022}",
            "tags": {},
            "locked": false,
            "last_modified": "2023-10-27T20:40:40\u002B00:00"
          },
          {
            "etag": "GRwBxW9aLmB_Sre_VBD-Jp07SH1hBLjr0MLH95WmacY",
            "key": "non_refreshed_message",
            "label": null,
            "content_type": "text/plain",
            "value": "Static",
            "tags": {},
            "locked": false,
            "last_modified": "2023-10-27T20:40:40\u002B00:00"
          },
          {
            "etag": "Hko77i9eV88IiLchl6uu6oxmXGbn7T50Oibt1l5vmcU",
            "key": "refresh_message",
            "label": null,
            "content_type": "text/plain",
            "value": "original value",
            "tags": {},
            "locked": false,
            "last_modified": "2023-10-27T20:40:40\u002B00:00"
          },
          {
            "etag": "I2eNIDHi8bxKfmHMficIFQd9kVX0YEWVp8sQMzwxpNk",
            "key": "test.trimmed",
            "label": null,
            "content_type": "text/plain",
            "value": "key",
            "tags": {},
            "locked": false,
            "last_modified": "2023-10-27T20:40:40\u002B00:00"
          }
        ]
      }
    }
  ],
  "Variables": {}
}
