{
  "Entries": [
    {
      "RequestUri": "https://Sanitized.azconfig.io/kv/message?api-version=1970-01-01",
      "RequestMethod": "PUT",
      "RequestHeaders": {
        "Accept": "*/*",
        "Accept-Encoding": "gzip, deflate",
        "Connection": "keep-alive",
        "Content-Length": "82",
        "Content-Type": "application/json",
        "User-Agent": "azsdk-python-appconfiguration/1.7.2 Python/3.12.10 (Windows-11-10.0.26100-SP0)"
      },
      "RequestBody": {
        "key": "message",
        "label": "\u0000",
        "value": "hi",
        "content_type": "text/plain"
      },
      "StatusCode": 200,
      "ResponseHeaders": {
        "Access-Control-Allow-Origin": "*",
        "Connection": "keep-alive",
        "Content-Type": "application/vnd.microsoft.appconfig.kv+json; charset=utf-8",
        "Date": "Tue, 12 Aug 2025 23:01:20 GMT",
        "ETag": "\"wvaumMBW5LhXtnBiQFZof4vrPczWwDL9Hrj0Bz-lZv8\"",
        "Last-Modified": "Tue, 12 Aug 2025 23:01:20 GMT",
        "Strict-Transport-Security": "max-age=31536000; includeSubDomains",
        "Transfer-Encoding": "chunked",
        "x-ms-correlation-request-id": "270f64f9-706d-474d-a4cf-621c3e922fd1"
      },
      "ResponseBody": {
        "etag": "Sanitized",
        "key": "message",
        "label": null,
        "content_type": "text/plain",
        "value": "hi",
        "tags": {},
        "locked": false,
        "last_modified": "2025-08-12T23:01:20+00:00"
      }
    },
    {
      "RequestUri": "https://Sanitized.azconfig.io/kv/message?api-version=1970-01-01",
      "RequestMethod": "PUT",
      "RequestHeaders": {
        "Accept": "*/*",
        "Accept-Encoding": "gzip, deflate",
        "Connection": "keep-alive",
        "Content-Length": "81",
        "Content-Type": "application/json",
        "User-Agent": "azsdk-python-appconfiguration/1.7.2 Python/3.12.10 (Windows-11-10.0.26100-SP0)"
      },
      "RequestBody": {
        "key": "message",
        "label": "dev",
        "value": "test",
        "content_type": "text/plain"
      },
      "StatusCode": 200,
      "ResponseHeaders": {
        "Access-Control-Allow-Origin": "*",
        "Connection": "keep-alive",
        "Content-Type": "application/vnd.microsoft.appconfig.kv+json; charset=utf-8",
        "Date": "Tue, 12 Aug 2025 23:01:20 GMT",
        "ETag": "\"uNraCB6-7AVye6cQ2tI2QfyMN4bE6dEywIdBnoxZHFI\"",
        "Last-Modified": "Tue, 12 Aug 2025 23:01:20 GMT",
        "Strict-Transport-Security": "max-age=31536000; includeSubDomains",
        "Transfer-Encoding": "chunked",
        "x-ms-correlation-request-id": "cce80294-f3e1-48b4-803f-0e0a97809313"
      },
      "ResponseBody": {
        "etag": "Sanitized",
        "key": "message",
        "label": "dev",
        "content_type": "text/plain",
        "value": "test",
        "tags": {},
        "locked": false,
        "last_modified": "2025-08-12T23:01:20+00:00"
      }
    },
    {
      "RequestUri": "https://Sanitized.azconfig.io/kv/my_json?api-version=1970-01-01",
      "RequestMethod": "PUT",
      "RequestHeaders": {
        "Accept": "*/*",
        "Accept-Encoding": "gzip, deflate",
        "Connection": "keep-alive",
        "Content-Length": "106",
        "Content-Type": "application/json",
        "User-Agent": "azsdk-python-appconfiguration/1.7.2 Python/3.12.10 (Windows-11-10.0.26100-SP0)"
      },
      "RequestBody": {
        "key": "my_json",
        "label": "\u0000",
        "value": "{\"key\": \"value\"}",
        "content_type": "application/json"
      },
      "StatusCode": 200,
      "ResponseHeaders": {
        "Access-Control-Allow-Origin": "*",
        "Connection": "keep-alive",
        "Content-Type": "application/vnd.microsoft.appconfig.kv+json; charset=utf-8",
        "Date": "Tue, 12 Aug 2025 23:01:20 GMT",
        "ETag": "\"EwHhf7nv8cAWh7x3LhAIMJLYPt1Jf0NtepoRWFsZCKA\"",
        "Last-Modified": "Tue, 12 Aug 2025 23:01:20 GMT",
        "Strict-Transport-Security": "max-age=31536000; includeSubDomains",
        "Transfer-Encoding": "chunked",
        "x-ms-correlation-request-id": "5172335d-5bf5-4ea2-b01d-0cf17b6ec25e"
      },
      "ResponseBody": {
        "etag": "Sanitized",
        "key": "my_json",
        "label": null,
        "content_type": "application/json",
        "value": "{\"key\": \"value\"}",
        "tags": {},
        "locked": false,
        "last_modified": "2025-08-12T23:01:20+00:00"
      }
    },
    {
      "RequestUri": "https://Sanitized.azconfig.io/kv/test.trimmed?api-version=1970-01-01",
      "RequestMethod": "PUT",
      "RequestHeaders": {
        "Accept": "*/*",
        "Accept-Encoding": "gzip, deflate",
        "Connection": "keep-alive",
        "Content-Length": "88",
        "Content-Type": "application/json",
        "User-Agent": "azsdk-python-appconfiguration/1.7.2 Python/3.12.10 (Windows-11-10.0.26100-SP0)"
      },
      "RequestBody": {
        "key": "test.trimmed",
        "label": "\u0000",
        "value": "key",
        "content_type": "text/plain"
      },
      "StatusCode": 200,
      "ResponseHeaders": {
        "Access-Control-Allow-Origin": "*",
        "Connection": "keep-alive",
        "Content-Type": "application/vnd.microsoft.appconfig.kv+json; charset=utf-8",
        "Date": "Tue, 12 Aug 2025 23:01:20 GMT",
        "ETag": "\"sSSEb4rfc_S68myNaYbpn_qR-3BvycPt9elglIe9x_Q\"",
        "Last-Modified": "Tue, 12 Aug 2025 23:01:20 GMT",
        "Strict-Transport-Security": "max-age=31536000; includeSubDomains",
        "Transfer-Encoding": "chunked",
        "x-ms-correlation-request-id": "332b1055-31f6-40bc-ac96-0a56d8ed37c5"
      },
      "ResponseBody": {
        "etag": "Sanitized",
        "key": "test.trimmed",
        "label": null,
        "content_type": "text/plain",
        "value": "key",
        "tags": {},
        "locked": false,
        "last_modified": "2025-08-12T23:01:20+00:00"
      }
    },
    {
      "RequestUri": "https://Sanitized.azconfig.io/kv/refresh_message?api-version=1970-01-01",
      "RequestMethod": "PUT",
      "RequestHeaders": {
        "Accept": "*/*",
        "Accept-Encoding": "gzip, deflate",
        "Connection": "keep-alive",
        "Content-Length": "102",
        "Content-Type": "application/json",
        "User-Agent": "azsdk-python-appconfiguration/1.7.2 Python/3.12.10 (Windows-11-10.0.26100-SP0)"
      },
      "RequestBody": {
        "key": "refresh_message",
        "label": "\u0000",
        "value": "original value",
        "content_type": "text/plain"
      },
      "StatusCode": 200,
      "ResponseHeaders": {
        "Access-Control-Allow-Origin": "*",
        "Connection": "keep-alive",
        "Content-Type": "application/vnd.microsoft.appconfig.kv+json; charset=utf-8",
        "Date": "Tue, 12 Aug 2025 23:01:20 GMT",
        "ETag": "\"nsuDeqWd04q6quMCwtffDc-bONzgVEy9En9OXU9Omew\"",
        "Last-Modified": "Tue, 12 Aug 2025 23:01:20 GMT",
        "Strict-Transport-Security": "max-age=31536000; includeSubDomains",
        "Transfer-Encoding": "chunked",
        "x-ms-correlation-request-id": "836e7b63-5f7e-408f-92fd-df1aa8819458"
      },
      "ResponseBody": {
        "etag": "Sanitized",
        "key": "refresh_message",
        "label": null,
        "content_type": "text/plain",
        "value": "original value",
        "tags": {},
        "locked": false,
        "last_modified": "2025-08-12T23:01:20+00:00"
      }
    },
    {
      "RequestUri": "https://Sanitized.azconfig.io/kv/non_refreshed_message?api-version=1970-01-01",
      "RequestMethod": "PUT",
      "RequestHeaders": {
        "Accept": "*/*",
        "Accept-Encoding": "gzip, deflate",
        "Connection": "keep-alive",
        "Content-Length": "100",
        "Content-Type": "application/json",
        "User-Agent": "azsdk-python-appconfiguration/1.7.2 Python/3.12.10 (Windows-11-10.0.26100-SP0)"
      },
      "RequestBody": {
        "key": "non_refreshed_message",
        "label": "\u0000",
        "value": "Static",
        "content_type": "text/plain"
      },
      "StatusCode": 200,
      "ResponseHeaders": {
        "Access-Control-Allow-Origin": "*",
        "Connection": "keep-alive",
        "Content-Type": "application/vnd.microsoft.appconfig.kv+json; charset=utf-8",
        "Date": "Tue, 12 Aug 2025 23:01:20 GMT",
        "ETag": "\"vLMQoeGyk4Wka0eaUxAaeLKuFDpd-M5ZB1POR5A2H5g\"",
        "Last-Modified": "Tue, 12 Aug 2025 23:01:20 GMT",
        "Strict-Transport-Security": "max-age=31536000; includeSubDomains",
        "Transfer-Encoding": "chunked",
        "x-ms-correlation-request-id": "03d3d1a7-b57a-4a74-a7bb-b3e1c816f4f8"
      },
      "ResponseBody": {
        "etag": "Sanitized",
        "key": "non_refreshed_message",
        "label": null,
        "content_type": "text/plain",
        "value": "Static",
        "tags": {},
        "locked": false,
        "last_modified": "2025-08-12T23:01:20+00:00"
      }
    },
    {
      "RequestUri": "https://Sanitized.azconfig.io/kv/tagged_config?api-version=1970-01-01",
      "RequestMethod": "PUT",
      "RequestHeaders": {
        "Accept": "*/*",
        "Accept-Encoding": "gzip, deflate",
        "Connection": "keep-alive",
        "Content-Length": "93",
        "Content-Type": "application/json",
        "User-Agent": "azsdk-python-appconfiguration/1.7.2 Python/3.12.10 (Windows-11-10.0.26100-SP0)"
      },
      "RequestBody": {
        "key": "tagged_config",
        "label": "\u0000",
        "content_type": "text/plain",
        "tags": {
          "a": "b"
        }
      },
      "StatusCode": 200,
      "ResponseHeaders": {
        "Access-Control-Allow-Origin": "*",
        "Connection": "keep-alive",
        "Content-Type": "application/vnd.microsoft.appconfig.kv+json; charset=utf-8",
        "Date": "Tue, 12 Aug 2025 23:01:20 GMT",
        "ETag": "\"KlJXiFWc0NeVu7lfom3aevBOqpRI36Ojqt_mRKGFiYw\"",
        "Last-Modified": "Tue, 12 Aug 2025 23:01:20 GMT",
        "Strict-Transport-Security": "max-age=31536000; includeSubDomains",
        "Transfer-Encoding": "chunked",
        "x-ms-correlation-request-id": "afde99e0-dad5-47c8-86e5-fe0974d4e9b5"
      },
      "ResponseBody": {
        "etag": "Sanitized",
        "key": "tagged_config",
        "label": null,
        "content_type": "text/plain",
        "value": null,
        "tags": {
          "a": "b"
        },
        "locked": false,
        "last_modified": "2025-08-12T23:01:20+00:00"
      }
    },
    {
      "RequestUri": "https://Sanitized.azconfig.io/kv/two_tagged?api-version=1970-01-01",
      "RequestMethod": "PUT",
      "RequestHeaders": {
        "Accept": "*/*",
        "Accept-Encoding": "gzip, deflate",
        "Connection": "keep-alive",
        "Content-Length": "107",
        "Content-Type": "application/json",
        "User-Agent": "azsdk-python-appconfiguration/1.7.2 Python/3.12.10 (Windows-11-10.0.26100-SP0)"
      },
      "RequestBody": {
        "key": "two_tagged",
        "label": "\u0000",
        "content_type": "text/plain",
        "tags": {
          "a": "b",
          "second": "tag"
        }
      },
      "StatusCode": 200,
      "ResponseHeaders": {
        "Access-Control-Allow-Origin": "*",
        "Connection": "keep-alive",
        "Content-Type": "application/vnd.microsoft.appconfig.kv+json; charset=utf-8",
        "Date": "Tue, 12 Aug 2025 23:01:20 GMT",
        "ETag": "\"FnVRf6lctkFE43zM-_bpJ6QtFHxWhiN4Kb6XKlgQO7A\"",
        "Last-Modified": "Tue, 12 Aug 2025 23:01:20 GMT",
        "Strict-Transport-Security": "max-age=31536000; includeSubDomains",
        "Transfer-Encoding": "chunked",
        "x-ms-correlation-request-id": "0188dad9-dd99-47bb-b348-1032b0523715"
      },
      "ResponseBody": {
        "etag": "Sanitized",
        "key": "two_tagged",
        "label": null,
        "content_type": "text/plain",
        "value": null,
        "tags": {
          "a": "b",
          "second": "tag"
        },
        "locked": false,
        "last_modified": "2025-08-12T23:01:20+00:00"
      }
    },
    {
      "RequestUri": "https://Sanitized.azconfig.io/kv/only_second_tag?api-version=1970-01-01",
      "RequestMethod": "PUT",
      "RequestHeaders": {
        "Accept": "*/*",
        "Accept-Encoding": "gzip, deflate",
        "Connection": "keep-alive",
        "Content-Length": "102",
        "Content-Type": "application/json",
        "User-Agent": "azsdk-python-appconfiguration/1.7.2 Python/3.12.10 (Windows-11-10.0.26100-SP0)"
      },
      "RequestBody": {
        "key": "only_second_tag",
        "label": "\u0000",
        "content_type": "text/plain",
        "tags": {
          "second": "tag"
        }
      },
      "StatusCode": 200,
      "ResponseHeaders": {
        "Access-Control-Allow-Origin": "*",
        "Connection": "keep-alive",
        "Content-Type": "application/vnd.microsoft.appconfig.kv+json; charset=utf-8",
        "Date": "Tue, 12 Aug 2025 23:01:20 GMT",
        "ETag": "\"_MsCbTSlygrwbpPFI1HA6kaYNQ-dWady-c-xzCcYyiE\"",
        "Last-Modified": "Tue, 12 Aug 2025 23:01:20 GMT",
        "Strict-Transport-Security": "max-age=31536000; includeSubDomains",
        "Transfer-Encoding": "chunked",
        "x-ms-correlation-request-id": "06ef6485-f239-4195-b517-b3fb0f055abb"
      },
      "ResponseBody": {
        "etag": "Sanitized",
        "key": "only_second_tag",
        "label": null,
        "content_type": "text/plain",
        "value": null,
        "tags": {
          "second": "tag"
        },
        "locked": false,
        "last_modified": "2025-08-12T23:01:20+00:00"
      }
    },
    {
      "RequestUri": "https://Sanitized.azconfig.io/kv/complex_tag?api-version=1970-01-01",
      "RequestMethod": "PUT",
      "RequestHeaders": {
        "Accept": "*/*",
        "Accept-Encoding": "gzip, deflate",
        "Connection": "keep-alive",
        "Content-Length": "149",
        "Content-Type": "application/json",
        "User-Agent": "azsdk-python-appconfiguration/1.7.2 Python/3.12.10 (Windows-11-10.0.26100-SP0)"
      },
      "RequestBody": {
        "key": "complex_tag",
        "label": "\u0000",
        "content_type": "text/plain",
        "tags": {
          "Special:Tag": "Value:With:Colons",
          "Tag@With@At": "Value@With@At"
        }
      },
      "StatusCode": 200,
      "ResponseHeaders": {
        "Access-Control-Allow-Origin": "*",
        "Connection": "keep-alive",
        "Content-Type": "application/vnd.microsoft.appconfig.kv+json; charset=utf-8",
        "Date": "Tue, 12 Aug 2025 23:01:20 GMT",
        "ETag": "\"a-tqM0pJB1sR7IqAWsKZx9azfwq10sdcnXrWIHCCrLY\"",
        "Last-Modified": "Tue, 12 Aug 2025 23:01:20 GMT",
        "Strict-Transport-Security": "max-age=31536000; includeSubDomains",
        "Transfer-Encoding": "chunked",
        "x-ms-correlation-request-id": "50ee1095-9bb0-4a78-9766-2e2d1e083686"
      },
      "ResponseBody": {
        "etag": "Sanitized",
        "key": "complex_tag",
        "label": null,
        "content_type": "text/plain",
        "value": null,
        "tags": {
          "Special:Tag": "Value:With:Colons",
          "Tag@With@At": "Value@With@At"
        },
        "locked": false,
        "last_modified": "2025-08-12T23:01:20+00:00"
      }
    },
    {
      "RequestUri": "https://Sanitized.azconfig.io/kv/.appconfig.featureflag%2FAlpha?api-version=1970-01-01",
      "RequestMethod": "PUT",
      "RequestHeaders": {
        "Accept": "*/*",
        "Accept-Encoding": "gzip, deflate",
        "Connection": "keep-alive",
        "Content-Length": "258",
        "Content-Type": "application/json",
        "User-Agent": "azsdk-python-appconfiguration/1.7.2 Python/3.12.10 (Windows-11-10.0.26100-SP0)"
      },
      "RequestBody": {
        "key": ".appconfig.featureflag/Alpha",
        "label": "\u0000",
        "value": "{\t\"id\": \"Alpha\", \"description\": \"\", \"enabled\": false, \"conditions\": {\t\"client_filters\": []\t}}",
        "content_type": "application/vnd.microsoft.appconfig.ff+json;charset=utf-8"
      },
      "StatusCode": 200,
      "ResponseHeaders": {
        "Access-Control-Allow-Origin": "*",
        "Connection": "keep-alive",
        "Content-Type": "application/vnd.microsoft.appconfig.kv+json; charset=utf-8",
        "Date": "Tue, 12 Aug 2025 23:01:20 GMT",
        "ETag": "\"4Z9RwGj3EfSkx1BzzKeDAW_Q6IG2ty3Krh2ILcsSgIY\"",
        "Last-Modified": "Tue, 12 Aug 2025 23:01:20 GMT",
        "Strict-Transport-Security": "max-age=31536000; includeSubDomains",
        "Transfer-Encoding": "chunked",
        "x-ms-correlation-request-id": "b7e34627-4552-40d6-85c9-307ae61929ef"
      },
      "ResponseBody": {
        "etag": "Sanitized",
        "key": ".appconfig.featureflag/Alpha",
        "label": null,
        "content_type": "application/vnd.microsoft.appconfig.ff+json;charset=utf-8",
        "value": "{\t\"id\": \"Alpha\", \"description\": \"\", \"enabled\": false, \"conditions\": {\t\"client_filters\": []\t}}",
        "tags": {},
        "locked": false,
        "last_modified": "2025-08-12T23:01:20+00:00"
      }
    },
    {
      "RequestUri": "https://Sanitized.azconfig.io/kv/.appconfig.featureflag%2FTaggedFeatureFlag?api-version=1970-01-01",
      "RequestMethod": "PUT",
      "RequestHeaders": {
        "Accept": "*/*",
        "Accept-Encoding": "gzip, deflate",
        "Connection": "keep-alive",
        "Content-Length": "302",
        "Content-Type": "application/json",
        "User-Agent": "azsdk-python-appconfiguration/1.7.2 Python/3.12.10 (Windows-11-10.0.26100-SP0)"
      },
      "RequestBody": {
        "key": ".appconfig.featureflag/TaggedFeatureFlag",
        "label": "\u0000",
        "value": "{\t\"id\": \"TaggedFeatureFlag\", \"description\": \"\", \"enabled\": false, \"conditions\": {\t\"client_filters\": []\t}}",
        "content_type": "application/vnd.microsoft.appconfig.ff+json;charset=utf-8",
        "tags": {
          "a": "b"
        }
      },
      "StatusCode": 200,
      "ResponseHeaders": {
        "Access-Control-Allow-Origin": "*",
        "Connection": "keep-alive",
        "Content-Type": "application/vnd.microsoft.appconfig.kv+json; charset=utf-8",
        "Date": "Tue, 12 Aug 2025 23:01:20 GMT",
        "ETag": "\"twVE3O1rOwtxihHocO57u3YfeXo7-rkUUImrG8ZvXbE\"",
        "Last-Modified": "Tue, 12 Aug 2025 23:01:20 GMT",
        "Strict-Transport-Security": "max-age=31536000; includeSubDomains",
        "Transfer-Encoding": "chunked",
        "x-ms-correlation-request-id": "b4abbe16-0c45-4282-915b-c31b05453c6e"
      },
      "ResponseBody": {
        "etag": "Sanitized",
        "key": ".appconfig.featureflag/TaggedFeatureFlag",
        "label": null,
        "content_type": "application/vnd.microsoft.appconfig.ff+json;charset=utf-8",
        "value": "{\t\"id\": \"TaggedFeatureFlag\", \"description\": \"\", \"enabled\": false, \"conditions\": {\t\"client_filters\": []\t}}",
        "tags": {
          "a": "b"
        },
        "locked": false,
        "last_modified": "2025-08-12T23:01:20+00:00"
      }
    },
    {
      "RequestUri": "https://Sanitized.azconfig.io/kv/multi_tagged?api-version=1970-01-01",
      "RequestMethod": "PUT",
      "RequestHeaders": {
        "Accept": "*/*",
        "Accept-Encoding": "gzip, deflate",
        "Connection": "keep-alive",
        "Content-Length": "133",
        "Content-Type": "application/json",
        "User-Agent": "azsdk-python-appconfiguration/1.7.2 Python/3.12.10 (Windows-11-10.0.26100-SP0)"
      },
      "RequestBody": {
        "key": "multi_tagged",
        "label": "\u0000",
        "value": "multi tagged value",
        "content_type": "text/plain",
        "tags": {
          "a": "b",
          "c": "d"
        }
      },
      "StatusCode": 200,
      "ResponseHeaders": {
        "Access-Control-Allow-Origin": "*",
        "Connection": "keep-alive",
        "Content-Type": "application/vnd.microsoft.appconfig.kv+json; charset=utf-8",
        "Date": "Tue, 12 Aug 2025 23:01:20 GMT",
        "ETag": "\"vo53vZgZmBwLrp6E_uIwT7GnR8eSn8sXGSiIkFOn_5Y\"",
        "Last-Modified": "Tue, 12 Aug 2025 23:01:20 GMT",
        "Strict-Transport-Security": "max-age=31536000; includeSubDomains",
        "Transfer-Encoding": "chunked",
        "x-ms-correlation-request-id": "164af5ef-f44f-4e03-8f33-0da18d0f9288"
      },
      "ResponseBody": {
        "etag": "Sanitized",
        "key": "multi_tagged",
        "label": null,
        "content_type": "text/plain",
        "value": "multi tagged value",
        "tags": {
          "a": "b",
          "c": "d"
        },
        "locked": false,
        "last_modified": "2025-08-12T23:01:20+00:00"
      }
    },
    {
      "RequestUri": "https://Sanitized.azconfig.io/kv/special_chars?api-version=1970-01-01",
      "RequestMethod": "PUT",
      "RequestHeaders": {
        "Accept": "*/*",
        "Accept-Encoding": "gzip, deflate",
        "Connection": "keep-alive",
        "Content-Length": "135",
        "Content-Type": "application/json",
        "User-Agent": "azsdk-python-appconfiguration/1.7.2 Python/3.12.10 (Windows-11-10.0.26100-SP0)"
      },
      "RequestBody": {
        "key": "special_chars",
        "label": "\u0000",
        "value": "special",
        "content_type": "text/plain",
        "tags": {
          "special@tag": "special:value"
        }
      },
      "StatusCode": 200,
      "ResponseHeaders": {
        "Access-Control-Allow-Origin": "*",
        "Connection": "keep-alive",
        "Content-Type": "application/vnd.microsoft.appconfig.kv+json; charset=utf-8",
        "Date": "Tue, 12 Aug 2025 23:01:20 GMT",
        "ETag": "\"ltNum71E4izaUPgsBvNb1xdguCKgaxw-YTcxQLWT4jg\"",
        "Last-Modified": "Tue, 12 Aug 2025 23:01:20 GMT",
        "Strict-Transport-Security": "max-age=31536000; includeSubDomains",
        "Transfer-Encoding": "chunked",
        "x-ms-correlation-request-id": "de53ff39-2ccf-4761-bd0e-4bb2cbea3e4d"
      },
      "ResponseBody": {
        "etag": "Sanitized",
        "key": "special_chars",
        "label": null,
        "content_type": "text/plain",
        "value": "special",
        "tags": {
          "special@tag": "special:value"
        },
        "locked": false,
        "last_modified": "2025-08-12T23:01:20+00:00"
      }
    },
    {
      "RequestUri": "https://Sanitized.azconfig.io/kv/no_tags?api-version=1970-01-01",
      "RequestMethod": "PUT",
      "RequestHeaders": {
        "Accept": "*/*",
        "Accept-Encoding": "gzip, deflate",
        "Connection": "keep-alive",
        "Content-Length": "87",
        "Content-Type": "application/json",
        "User-Agent": "azsdk-python-appconfiguration/1.7.2 Python/3.12.10 (Windows-11-10.0.26100-SP0)"
      },
      "RequestBody": {
        "key": "no_tags",
        "label": "\u0000",
        "value": "no tags",
        "content_type": "text/plain"
      },
      "StatusCode": 200,
      "ResponseHeaders": {
        "Access-Control-Allow-Origin": "*",
        "Connection": "keep-alive",
        "Content-Type": "application/vnd.microsoft.appconfig.kv+json; charset=utf-8",
        "Date": "Tue, 12 Aug 2025 23:01:20 GMT",
        "ETag": "\"dqA0jESbomLAYdioeMk2OXUrVusmCL9AcolSLH3c-pE\"",
        "Last-Modified": "Tue, 12 Aug 2025 23:01:20 GMT",
        "Strict-Transport-Security": "max-age=31536000; includeSubDomains",
        "Transfer-Encoding": "chunked",
        "x-ms-correlation-request-id": "31e069c9-b2b9-4239-bdf9-9f10dc0bd28b"
      },
      "ResponseBody": {
        "etag": "Sanitized",
        "key": "no_tags",
        "label": null,
        "content_type": "text/plain",
        "value": "no tags",
        "tags": {},
        "locked": false,
        "last_modified": "2025-08-12T23:01:20+00:00"
      }
    },
    {
      "RequestUri": "https://Sanitized.azconfig.io/kv/tag_no_value?api-version=1970-01-01",
      "RequestMethod": "PUT",
      "RequestHeaders": {
        "Accept": "*/*",
        "Accept-Encoding": "gzip, deflate",
        "Connection": "keep-alive",
        "Content-Length": "112",
        "Content-Type": "application/json",
        "User-Agent": "azsdk-python-appconfiguration/1.7.2 Python/3.12.10 (Windows-11-10.0.26100-SP0)"
      },
      "RequestBody": {
        "key": "tag_no_value",
        "label": "\u0000",
        "value": "no value",
        "content_type": "text/plain",
        "tags": {
          "a": ""
        }
      },
      "StatusCode": 200,
      "ResponseHeaders": {
        "Access-Control-Allow-Origin": "*",
        "Connection": "keep-alive",
        "Content-Type": "application/vnd.microsoft.appconfig.kv+json; charset=utf-8",
        "Date": "Tue, 12 Aug 2025 23:01:20 GMT",
        "ETag": "\"dashrLYJgVc8DZV48-JB7ju6L5YwGkZJsnZYM64bFGE\"",
        "Last-Modified": "Tue, 12 Aug 2025 23:01:20 GMT",
        "Strict-Transport-Security": "max-age=31536000; includeSubDomains",
        "Transfer-Encoding": "chunked",
        "x-ms-correlation-request-id": "22a39e65-85eb-4e6d-b950-d2eedae82a16"
      },
      "ResponseBody": {
        "etag": "Sanitized",
        "key": "tag_no_value",
        "label": null,
        "content_type": "text/plain",
        "value": "no value",
        "tags": {
          "a": ""
        },
        "locked": false,
        "last_modified": "2025-08-12T23:01:20+00:00"
      }
    },
    {
      "RequestUri": "https://Sanitized.azconfig.io/kv/different_tag?api-version=1970-01-01",
      "RequestMethod": "PUT",
      "RequestHeaders": {
        "Accept": "*/*",
        "Accept-Encoding": "gzip, deflate",
        "Connection": "keep-alive",
        "Content-Length": "125",
        "Content-Type": "application/json",
        "User-Agent": "azsdk-python-appconfiguration/1.7.2 Python/3.12.10 (Windows-11-10.0.26100-SP0)"
      },
      "RequestBody": {
        "key": "different_tag",
        "label": "\u0000",
        "value": "different",
        "content_type": "text/plain",
        "tags": {
          "different": "tag"
        }
      },
      "StatusCode": 200,
      "ResponseHeaders": {
        "Access-Control-Allow-Origin": "*",
        "Connection": "keep-alive",
        "Content-Type": "application/vnd.microsoft.appconfig.kv+json; charset=utf-8",
        "Date": "Tue, 12 Aug 2025 23:01:20 GMT",
        "ETag": "\"0VXy7TWpbOi10c2UuI7edzQIkr8UVKSf_06cxqlsZ38\"",
        "Last-Modified": "Tue, 12 Aug 2025 23:01:20 GMT",
        "Strict-Transport-Security": "max-age=31536000; includeSubDomains",
        "Transfer-Encoding": "chunked",
        "x-ms-correlation-request-id": "51ed518b-d080-4e34-bb0a-055613b485fc"
      },
      "ResponseBody": {
        "etag": "Sanitized",
        "key": "different_tag",
        "label": null,
        "content_type": "text/plain",
        "value": "different",
        "tags": {
          "different": "tag"
        },
        "locked": false,
        "last_modified": "2025-08-12T23:01:20+00:00"
      }
    },
    {
      "RequestUri": "https://Sanitized.azconfig.io/kv/null_tag?api-version=1970-01-01",
      "RequestMethod": "PUT",
      "RequestHeaders": {
        "Accept": "*/*",
        "Accept-Encoding": "gzip, deflate",
        "Connection": "keep-alive",
        "Content-Length": "112",
        "Content-Type": "application/json",
        "User-Agent": "azsdk-python-appconfiguration/1.7.2 Python/3.12.10 (Windows-11-10.0.26100-SP0)"
      },
      "RequestBody": {
        "key": "null_tag",
        "label": "\u0000",
        "value": "null tag",
        "content_type": "text/plain",
        "tags": {
          "tag": null
        }
      },
      "StatusCode": 200,
      "ResponseHeaders": {
        "Access-Control-Allow-Origin": "*",
        "Connection": "keep-alive",
        "Content-Type": "application/vnd.microsoft.appconfig.kv+json; charset=utf-8",
        "Date": "Tue, 12 Aug 2025 23:01:20 GMT",
        "ETag": "\"yPfjbkhv56qjjk5sJlxnd7L4Z9bK52-YLZ2yiAhPj4Q\"",
        "Last-Modified": "Tue, 12 Aug 2025 23:01:20 GMT",
        "Strict-Transport-Security": "max-age=31536000; includeSubDomains",
        "Transfer-Encoding": "chunked",
        "x-ms-correlation-request-id": "2bd53703-2710-4331-b91a-8a82c0c9f4f4"
      },
      "ResponseBody": {
        "etag": "Sanitized",
        "key": "null_tag",
        "label": null,
        "content_type": "text/plain",
        "value": "null tag",
        "tags": {
          "tag": null
        },
        "locked": false,
        "last_modified": "2025-08-12T23:01:20+00:00"
      }
    },
    {
      "RequestUri": "https://Sanitized.azconfig.io/kv/secret?api-version=1970-01-01",
      "RequestMethod": "PUT",
      "RequestHeaders": {
        "Accept": "*/*",
        "Accept-Encoding": "gzip, deflate",
        "Connection": "keep-alive",
        "Content-Length": "214",
        "Content-Type": "application/json",
        "User-Agent": "azsdk-python-appconfiguration/1.7.2 Python/3.12.10 (Windows-11-10.0.26100-SP0)"
      },
      "RequestBody": {
        "key": "secret",
        "label": "prod",
        "value": "{\"uri\": \"https://Sanitized.vault.azure.net/secrets/fake-secret/\"}",
        "content_type": "application/vnd.microsoft.appconfig.keyvaultref+json;charset=utf-8",
        "tags": {}
      },
      "StatusCode": 200,
      "ResponseHeaders": {
        "Access-Control-Allow-Origin": "*",
        "Connection": "keep-alive",
        "Content-Type": "application/vnd.microsoft.appconfig.kv+json; charset=utf-8",
        "Date": "Tue, 12 Aug 2025 23:01:20 GMT",
        "ETag": "\"OURqpaxXxGcneAhdUqKqfDRX2B4GBO4EVhvLDOldSXU\"",
        "Last-Modified": "Tue, 12 Aug 2025 23:01:20 GMT",
        "Strict-Transport-Security": "max-age=31536000; includeSubDomains",
        "Transfer-Encoding": "chunked",
        "x-ms-correlation-request-id": "e928aecf-54eb-4012-a3b1-1daaa9abd9f7"
      },
      "ResponseBody": {
        "etag": "Sanitized",
        "key": "secret",
        "label": "prod",
        "content_type": "application/vnd.microsoft.appconfig.keyvaultref+json;charset=utf-8",
        "value": "{\"uri\": \"https://Sanitized.vault.azure.net/secrets/fake-secret/\"}",
        "tags": {},
        "locked": false,
        "last_modified": "2025-08-12T23:01:20+00:00"
      }
    },
    {
      "RequestUri": "https://Sanitized.azconfig.io/kv?api-version=1970-01-01",
      "RequestMethod": "GET",
      "RequestHeaders": {
        "Accept": "*/*",
        "Accept-Encoding": "gzip, deflate",
        "Connection": "keep-alive",
        "User-Agent": "SDK/Integration SDK/Integration python-appconfiguration-provider/2.2.1 azsdk-python-appconfiguration/1.7.2 Python/3.12.10 (Windows-11-10.0.26100-SP0)"
      },
      "RequestBody": null,
      "StatusCode": 200,
      "ResponseHeaders": {
        "Access-Control-Allow-Origin": "*",
        "Connection": "keep-alive",
        "Content-Type": "application/vnd.microsoft.appconfig.kvset+json; charset=utf-8",
        "Date": "Tue, 12 Aug 2025 23:01:22 GMT",
        "ETag": "\"X-Cjw09uYz6CxaxStY1wNLXUjs5ET8ET1SkBXnXGf8I\"",
        "Strict-Transport-Security": "max-age=31536000; includeSubDomains",
        "Transfer-Encoding": "chunked",
        "x-ms-correlation-request-id": "2ebc5004-062e-46fc-95a3-9ceabe93e32d"
      },
      "ResponseBody": {
        "etag": "Sanitized",
        "items": [
          {
            "etag": "Sanitized",
            "key": ".appconfig.featureflag/Alpha",
            "label": null,
            "content_type": "application/vnd.microsoft.appconfig.ff+json;charset=utf-8",
            "value": "{\t\"id\": \"Alpha\", \"description\": \"\", \"enabled\": false, \"conditions\": {\t\"client_filters\": []\t}}",
            "tags": {},
            "locked": false,
            "last_modified": "2025-08-12T23:01:20+00:00"
          },
          {
            "etag": "Sanitized",
            "key": ".appconfig.featureflag/TaggedFeatureFlag",
            "label": null,
            "content_type": "application/vnd.microsoft.appconfig.ff+json;charset=utf-8",
            "value": "{\t\"id\": \"TaggedFeatureFlag\", \"description\": \"\", \"enabled\": false, \"conditions\": {\t\"client_filters\": []\t}}",
            "tags": {
              "a": "b"
            },
            "locked": false,
            "last_modified": "2025-08-12T23:01:20+00:00"
          },
          {
            "etag": "Sanitized",
            "key": "banner",
            "label": null,
            "content_type": "application/json",
            "value": "{\"size\":\"200px\",\"color\":\"azure\"}",
            "tags": {},
            "locked": false,
            "last_modified": "2025-06-23T21:19:59+00:00"
          },
          {
            "etag": "Sanitized",
            "key": "color",
            "label": null,
            "content_type": null,
            "value": "blue",
            "tags": {
              "sad asd": "asd asdf"
            },
            "locked": false,
            "last_modified": "2025-07-02T23:58:07+00:00"
          },
          {
            "etag": "Sanitized",
            "key": "color2",
            "label": null,
            "content_type": null,
            "value": "red",
            "tags": {},
            "locked": false,
            "last_modified": "2025-06-26T19:25:19+00:00"
          },
          {
            "etag": "Sanitized",
            "key": "color4",
            "label": null,
            "content_type": null,
            "value": "green",
            "tags": {
              "version": "1"
            },
            "locked": false,
            "last_modified": "2025-06-26T20:44:41+00:00"
          },
          {
            "etag": "Sanitized",
            "key": "color5",
            "label": null,
            "content_type": null,
            "value": "pink",
            "tags": {
              "version": "2"
            },
            "locked": false,
            "last_modified": "2025-06-26T20:49:49+00:00"
          },
          {
            "etag": "Sanitized",
            "key": "color6",
            "label": null,
            "content_type": null,
            "value": "orange",
            "tags": {
              "version": "1"
            },
            "locked": false,
            "last_modified": "2025-06-26T20:52:00+00:00"
          },
          {
            "etag": "Sanitized",
            "key": "complex_tag",
            "label": null,
            "content_type": "text/plain",
            "value": null,
            "tags": {
              "Special:Tag": "Value:With:Colons",
              "Tag@With@At": "Value@With@At"
            },
            "locked": false,
            "last_modified": "2025-08-12T23:01:20+00:00"
          },
          {
            "etag": "Sanitized",
            "key": "different_tag",
            "label": null,
            "content_type": "text/plain",
            "value": "different",
            "tags": {
              "different": "tag"
            },
            "locked": false,
            "last_modified": "2025-08-12T23:01:20+00:00"
          },
          {
            "etag": "Sanitized",
            "key": "keyvault_reference",
            "label": null,
            "content_type": "text/plain",
            "value": "updated_secret_value",
            "tags": {},
            "locked": false,
            "last_modified": "2025-07-01T18:11:42+00:00"
          },
          {
            "etag": "Sanitized",
            "key": "message",
            "label": null,
            "content_type": "text/plain",
            "value": "hi",
            "tags": {},
            "locked": false,
            "last_modified": "2025-08-12T23:01:20+00:00"
          },
          {
            "etag": "Sanitized",
            "key": "multi_tagged",
            "label": null,
            "content_type": "text/plain",
            "value": "multi tagged value",
            "tags": {
              "a": "b",
              "c": "d"
            },
            "locked": false,
            "last_modified": "2025-08-12T23:01:20+00:00"
          },
          {
            "etag": "Sanitized",
            "key": "my_json",
            "label": null,
            "content_type": "application/json",
            "value": "{\"key\": \"value\"}",
            "tags": {},
            "locked": false,
            "last_modified": "2025-08-12T23:01:20+00:00"
          },
          {
            "etag": "Sanitized",
            "key": "no_tags",
            "label": null,
            "content_type": "text/plain",
            "value": "no tags",
            "tags": {},
            "locked": false,
            "last_modified": "2025-08-12T23:01:20+00:00"
          },
          {
            "etag": "Sanitized",
            "key": "non_refreshed_message",
            "label": null,
            "content_type": "text/plain",
            "value": "Static",
            "tags": {},
            "locked": false,
            "last_modified": "2025-08-12T23:01:20+00:00"
          },
          {
            "etag": "Sanitized",
            "key": "null_tag",
            "label": null,
            "content_type": "text/plain",
            "value": "null tag",
            "tags": {
              "tag": null
            },
            "locked": false,
            "last_modified": "2025-08-12T23:01:20+00:00"
          },
          {
            "etag": "Sanitized",
            "key": "only_second_tag",
            "label": null,
            "content_type": "text/plain",
            "value": null,
            "tags": {
              "second": "tag"
            },
            "locked": false,
            "last_modified": "2025-08-12T23:01:20+00:00"
          },
          {
            "etag": "Sanitized",
            "key": "refresh_message",
            "label": null,
            "content_type": "text/plain",
            "value": "original value",
            "tags": {},
            "locked": false,
            "last_modified": "2025-08-12T23:01:20+00:00"
          },
          {
            "etag": "Sanitized",
            "key": "special_chars",
            "label": null,
            "content_type": "text/plain",
            "value": "special",
            "tags": {
              "special@tag": "special:value"
            },
            "locked": false,
            "last_modified": "2025-08-12T23:01:20+00:00"
          },
          {
            "etag": "Sanitized",
            "key": "tag_no_value",
            "label": null,
            "content_type": "text/plain",
            "value": "no value",
            "tags": {
              "a": ""
            },
            "locked": false,
            "last_modified": "2025-08-12T23:01:20+00:00"
          },
          {
            "etag": "Sanitized",
            "key": "tagged_config",
            "label": null,
            "content_type": "text/plain",
            "value": null,
            "tags": {
              "a": "b"
            },
            "locked": false,
            "last_modified": "2025-08-12T23:01:20+00:00"
          },
          {
            "etag": "Sanitized",
            "key": "tes",
            "label": null,
            "content_type": "application/json; profile=\"https://azconfig.io/mime-profiles/ai/chat-completion\"",
            "value": "{\"model\":\"gpt-4\",\"messages\":[{\"role\":\"system\",\"content\":\"You are a helpful assistant.\"}],\"max_tokens\":800,\"temperature\":0.7,\"top_p\":0}",
            "tags": {},
            "locked": false,
            "last_modified": "2025-07-07T17:26:03+00:00"
          },
          {
            "etag": "Sanitized",
            "key": "test.trimmed",
            "label": null,
            "content_type": "text/plain",
            "value": "key",
            "tags": {},
            "locked": false,
            "last_modified": "2025-08-12T23:01:20+00:00"
          },
          {
            "etag": "Sanitized",
            "key": "test1",
            "label": null,
            "content_type": null,
            "value": "test1",
            "tags": {
              "release": "alpha"
            },
            "locked": false,
            "last_modified": "2025-07-02T23:40:22+00:00"
          },
          {
            "etag": "Sanitized",
            "key": "test2",
            "label": null,
            "content_type": null,
            "value": "test2",
            "tags": {
              "release": "alpha",
              "ttl": "5d"
            },
            "locked": false,
            "last_modified": "2025-07-02T23:54:54+00:00"
          },
          {
            "etag": "Sanitized",
            "key": "test3",
            "label": null,
            "content_type": null,
            "value": "test3",
            "tags": {
              "release": "alpha spacetest=tag with spaces"
            },
            "locked": false,
            "last_modified": "2025-07-03T00:05:06+00:00"
          },
          {
            "etag": "Sanitized",
            "key": "test4",
            "label": null,
            "content_type": null,
            "value": "test4",
            "tags": {
              "release": "alpha spacetest=tag with spaces value with space=and key with space"
            },
            "locked": false,
            "last_modified": "2025-07-03T00:07:42+00:00"
          },
          {
            "etag": "Sanitized",
            "key": "two_tagged",
            "label": null,
            "content_type": "text/plain",
            "value": null,
            "tags": {
              "a": "b",
              "second": "tag"
            },
            "locked": false,
            "last_modified": "2025-08-12T23:01:20+00:00"
          }
        ]
      }
    },
    {
      "RequestUri": "https://Sanitized.azconfig.io/kv?api-version=1970-01-01",
      "RequestMethod": "GET",
      "RequestHeaders": {
        "Accept": "*/*",
        "Accept-Encoding": "gzip, deflate",
        "Connection": "keep-alive",
        "User-Agent": "SDK/Integration SDK/Integration python-appconfiguration-provider/2.2.1 azsdk-python-appconfiguration/1.7.2 Python/3.12.10 (Windows-11-10.0.26100-SP0)"
      },
      "RequestBody": null,
      "StatusCode": 200,
      "ResponseHeaders": {
        "Access-Control-Allow-Origin": "*",
        "Connection": "keep-alive",
        "Content-Type": "application/vnd.microsoft.appconfig.kvset+json; charset=utf-8",
        "Date": "Tue, 12 Aug 2025 23:01:22 GMT",
        "ETag": "\"PQEkmS51IcBREJE5F2xb92EjEzvQdbS9DP4BihID-U8\"",
        "Strict-Transport-Security": "max-age=31536000; includeSubDomains",
        "Transfer-Encoding": "chunked",
        "x-ms-correlation-request-id": "7dce2554-372f-434d-9404-a88a18e5b4b9"
      },
      "ResponseBody": {
        "etag": "Sanitized",
        "items": [
          {
            "etag": "Sanitized",
            "key": ".appconfig.featureflag/Alpha",
            "label": null,
            "content_type": "application/vnd.microsoft.appconfig.ff+json;charset=utf-8",
            "value": "{\t\"id\": \"Alpha\", \"description\": \"\", \"enabled\": false, \"conditions\": {\t\"client_filters\": []\t}}",
            "tags": {},
            "locked": false,
            "last_modified": "2025-08-12T23:01:20+00:00"
          },
          {
            "etag": "Sanitized",
            "key": ".appconfig.featureflag/TaggedFeatureFlag",
            "label": null,
            "content_type": "application/vnd.microsoft.appconfig.ff+json;charset=utf-8",
            "value": "{\t\"id\": \"TaggedFeatureFlag\", \"description\": \"\", \"enabled\": false, \"conditions\": {\t\"client_filters\": []\t}}",
            "tags": {
              "a": "b"
            },
            "locked": false,
            "last_modified": "2025-08-12T23:01:20+00:00"
          }
        ]
      }
    },
    {
      "RequestUri": "https://Sanitized.azconfig.io/kv/refresh_message?api-version=1970-01-01",
      "RequestMethod": "GET",
      "RequestHeaders": {
        "Accept": "*/*",
        "Accept-Encoding": "gzip, deflate",
        "Connection": "keep-alive",
        "User-Agent": "SDK/Integration python-appconfiguration-provider/2.2.1 azsdk-python-appconfiguration/1.7.2 Python/3.12.10 (Windows-11-10.0.26100-SP0)"
      },
      "RequestBody": null,
      "StatusCode": 200,
      "ResponseHeaders": {
        "Access-Control-Allow-Origin": "*",
        "Connection": "keep-alive",
        "Content-Type": "application/vnd.microsoft.appconfig.kv+json; charset=utf-8",
        "Date": "Tue, 12 Aug 2025 23:01:22 GMT",
        "ETag": "\"nsuDeqWd04q6quMCwtffDc-bONzgVEy9En9OXU9Omew\"",
        "Last-Modified": "Tue, 12 Aug 2025 23:01:20 GMT",
        "Strict-Transport-Security": "max-age=31536000; includeSubDomains",
        "Transfer-Encoding": "chunked",
        "x-ms-correlation-request-id": "ea8be483-a037-4c03-9cf3-8757e8b975ae"
      },
      "ResponseBody": {
        "etag": "Sanitized",
        "key": "refresh_message",
        "label": null,
        "content_type": "text/plain",
        "value": "original value",
        "tags": {},
        "locked": false,
        "last_modified": "2025-08-12T23:01:20+00:00"
      }
    },
    {
      "RequestUri": "https://Sanitized.azconfig.io/kv/refresh_message?api-version=1970-01-01",
      "RequestMethod": "GET",
      "RequestHeaders": {
        "Accept": "*/*",
        "Accept-Encoding": "gzip, deflate",
        "Connection": "keep-alive",
        "User-Agent": "SDK/Integration azsdk-python-appconfiguration/1.7.2 Python/3.12.10 (Windows-11-10.0.26100-SP0)"
      },
      "RequestBody": null,
      "StatusCode": 200,
      "ResponseHeaders": {
        "Access-Control-Allow-Origin": "*",
        "Connection": "keep-alive",
        "Content-Type": "application/vnd.microsoft.appconfig.kv+json; charset=utf-8",
        "Date": "Tue, 12 Aug 2025 23:01:24 GMT",
        "ETag": "\"nsuDeqWd04q6quMCwtffDc-bONzgVEy9En9OXU9Omew\"",
        "Last-Modified": "Tue, 12 Aug 2025 23:01:20 GMT",
        "Strict-Transport-Security": "max-age=31536000; includeSubDomains",
        "Transfer-Encoding": "chunked",
        "x-ms-correlation-request-id": "4a66ce8d-dde8-452b-a6f2-9debaf37b49f"
      },
      "ResponseBody": {
        "etag": "Sanitized",
        "key": "refresh_message",
        "label": null,
        "content_type": "text/plain",
        "value": "original value",
        "tags": {},
        "locked": false,
        "last_modified": "2025-08-12T23:01:20+00:00"
      }
    },
    {
      "RequestUri": "https://Sanitized.azconfig.io/kv/.appconfig.featureflag%2FAlpha?api-version=1970-01-01",
      "RequestMethod": "GET",
      "RequestHeaders": {
        "Accept": "*/*",
        "Accept-Encoding": "gzip, deflate",
        "Connection": "keep-alive",
        "User-Agent": "SDK/Integration azsdk-python-appconfiguration/1.7.2 Python/3.12.10 (Windows-11-10.0.26100-SP0)"
      },
      "RequestBody": null,
      "StatusCode": 200,
      "ResponseHeaders": {
        "Access-Control-Allow-Origin": "*",
        "Connection": "keep-alive",
        "Content-Type": "application/vnd.microsoft.appconfig.kv+json; charset=utf-8",
        "Date": "Tue, 12 Aug 2025 23:01:24 GMT",
        "ETag": "\"4Z9RwGj3EfSkx1BzzKeDAW_Q6IG2ty3Krh2ILcsSgIY\"",
        "Last-Modified": "Tue, 12 Aug 2025 23:01:20 GMT",
        "Strict-Transport-Security": "max-age=31536000; includeSubDomains",
        "Transfer-Encoding": "chunked",
        "x-ms-correlation-request-id": "965d4ece-ff15-45be-b4d2-6680c50b9feb"
      },
      "ResponseBody": {
        "etag": "Sanitized",
        "key": ".appconfig.featureflag/Alpha",
        "label": null,
        "content_type": "application/vnd.microsoft.appconfig.ff+json;charset=utf-8",
        "value": "{\t\"id\": \"Alpha\", \"description\": \"\", \"enabled\": false, \"conditions\": {\t\"client_filters\": []\t}}",
        "tags": {},
        "locked": false,
        "last_modified": "2025-08-12T23:01:20+00:00"
      }
    },
    {
      "RequestUri": "https://Sanitized.azconfig.io/kv/refresh_message?api-version=1970-01-01",
      "RequestMethod": "PUT",
      "RequestHeaders": {
        "Accept": "*/*",
        "Accept-Encoding": "gzip, deflate",
        "Connection": "keep-alive",
        "Content-Length": "160",
        "Content-Type": "application/json",
        "User-Agent": "SDK/Integration azsdk-python-appconfiguration/1.7.2 Python/3.12.10 (Windows-11-10.0.26100-SP0)"
      },
      "RequestBody": {
        "key": "refresh_message",
        "value": "updated value",
        "content_type": "text/plain",
        "last_modified": "2025-08-12T23:01:20Z",
        "tags": {},
        "locked": false,
        "etag": "Sanitized"
      },
      "StatusCode": 200,
      "ResponseHeaders": {
        "Access-Control-Allow-Origin": "*",
        "Connection": "keep-alive",
        "Content-Type": "application/vnd.microsoft.appconfig.kv+json; charset=utf-8",
        "Date": "Tue, 12 Aug 2025 23:01:24 GMT",
        "ETag": "\"kMp9-5FI5KebhRwy9FPoZUk_xbyXOwI2EcdjSUCUNcA\"",
        "Last-Modified": "Tue, 12 Aug 2025 23:01:24 GMT",
        "Strict-Transport-Security": "max-age=31536000; includeSubDomains",
        "Transfer-Encoding": "chunked",
        "x-ms-correlation-request-id": "312fd86b-ece6-419a-92bd-a07ac01f8eb0"
      },
      "ResponseBody": {
        "etag": "Sanitized",
        "key": "refresh_message",
        "label": null,
        "content_type": "text/plain",
        "value": "updated value",
        "tags": {},
        "locked": false,
        "last_modified": "2025-08-12T23:01:24+00:00"
      }
    },
    {
      "RequestUri": "https://Sanitized.azconfig.io/kv/.appconfig.featureflag%2FAlpha?api-version=1970-01-01",
      "RequestMethod": "PUT",
      "RequestHeaders": {
        "Accept": "*/*",
        "Accept-Encoding": "gzip, deflate",
        "Connection": "keep-alive",
        "Content-Length": "334",
        "Content-Type": "application/json",
        "User-Agent": "SDK/Integration azsdk-python-appconfiguration/1.7.2 Python/3.12.10 (Windows-11-10.0.26100-SP0)"
      },
      "RequestBody": {
        "key": ".appconfig.featureflag/Alpha",
        "value": "{\"id\": \"Alpha\", \"description\": \"\", \"enabled\": true, \"conditions\": {\"client_filters\": []}, \"display_name\": null}",
        "content_type": "application/vnd.microsoft.appconfig.ff+json;charset=utf-8",
        "last_modified": "2025-08-12T23:01:20Z",
        "tags": {},
        "locked": false,
        "etag": "Sanitized"
      },
      "StatusCode": 200,
      "ResponseHeaders": {
        "Access-Control-Allow-Origin": "*",
        "Connection": "keep-alive",
        "Content-Type": "application/vnd.microsoft.appconfig.kv+json; charset=utf-8",
        "Date": "Tue, 12 Aug 2025 23:01:24 GMT",
        "ETag": "\"qHzlcofG7E9zkRHYygyjoVoPjPZv4kukahfSjMgcC6w\"",
        "Last-Modified": "Tue, 12 Aug 2025 23:01:24 GMT",
        "Strict-Transport-Security": "max-age=31536000; includeSubDomains",
        "Transfer-Encoding": "chunked",
        "x-ms-correlation-request-id": "ae5e4600-78c6-4d98-8477-2d13f59cdae7"
      },
      "ResponseBody": {
        "etag": "Sanitized",
        "key": ".appconfig.featureflag/Alpha",
        "label": null,
        "content_type": "application/vnd.microsoft.appconfig.ff+json;charset=utf-8",
        "value": "{\"id\": \"Alpha\", \"description\": \"\", \"enabled\": true, \"conditions\": {\"client_filters\": []}, \"display_name\": null}",
        "tags": {},
        "locked": false,
        "last_modified": "2025-08-12T23:01:24+00:00"
      }
    },
    {
      "RequestUri": "https://Sanitized.azconfig.io/kv/refresh_message?api-version=1970-01-01",
      "RequestMethod": "GET",
      "RequestHeaders": {
        "Accept": "*/*",
        "Accept-Encoding": "gzip, deflate",
        "Connection": "keep-alive",
        "If-None-Match": "\"nsuDeqWd04q6quMCwtffDc-bONzgVEy9En9OXU9Omew\"",
        "User-Agent": "SDK/Integration python-appconfiguration-provider/2.2.1 azsdk-python-appconfiguration/1.7.2 Python/3.12.10 (Windows-11-10.0.26100-SP0)"
      },
      "RequestBody": null,
      "StatusCode": 200,
      "ResponseHeaders": {
        "Access-Control-Allow-Origin": "*",
        "Connection": "keep-alive",
        "Content-Type": "application/vnd.microsoft.appconfig.kv+json; charset=utf-8",
        "Date": "Tue, 12 Aug 2025 23:01:26 GMT",
        "ETag": "\"kMp9-5FI5KebhRwy9FPoZUk_xbyXOwI2EcdjSUCUNcA\"",
        "Last-Modified": "Tue, 12 Aug 2025 23:01:24 GMT",
        "Strict-Transport-Security": "max-age=31536000; includeSubDomains",
        "Transfer-Encoding": "chunked",
        "x-ms-correlation-request-id": "c40b6e54-39a9-46ca-af4e-113524767610"
      },
      "ResponseBody": {
        "etag": "Sanitized",
        "key": "refresh_message",
        "label": null,
        "content_type": "text/plain",
        "value": "updated value",
        "tags": {},
        "locked": false,
        "last_modified": "2025-08-12T23:01:24+00:00"
      }
    },
    {
      "RequestUri": "https://Sanitized.azconfig.io/kv?api-version=1970-01-01",
      "RequestMethod": "GET",
      "RequestHeaders": {
        "Accept": "*/*",
        "Accept-Encoding": "gzip, deflate",
        "Connection": "keep-alive",
        "User-Agent": "SDK/Integration python-appconfiguration-provider/2.2.1 azsdk-python-appconfiguration/1.7.2 Python/3.12.10 (Windows-11-10.0.26100-SP0)"
      },
      "RequestBody": null,
      "StatusCode": 200,
      "ResponseHeaders": {
        "Access-Control-Allow-Origin": "*",
        "Connection": "keep-alive",
        "Content-Type": "application/vnd.microsoft.appconfig.kvset+json; charset=utf-8",
        "Date": "Tue, 12 Aug 2025 23:01:26 GMT",
        "ETag": "\"o8Av3ZVk3dA768oRPsz2ek3r9ox1HSnebvmKCp0LAxM\"",
        "Strict-Transport-Security": "max-age=31536000; includeSubDomains",
        "Transfer-Encoding": "chunked",
        "x-ms-correlation-request-id": "c575f238-ca5d-4280-92bf-800a3eb7cbe0"
      },
      "ResponseBody": {
        "etag": "Sanitized",
        "items": [
          {
            "etag": "Sanitized",
            "key": ".appconfig.featureflag/Alpha",
            "label": null,
            "content_type": "application/vnd.microsoft.appconfig.ff+json;charset=utf-8",
            "value": "{\"id\": \"Alpha\", \"description\": \"\", \"enabled\": true, \"conditions\": {\"client_filters\": []}, \"display_name\": null}",
            "tags": {},
            "locked": false,
            "last_modified": "2025-08-12T23:01:24+00:00"
          },
          {
            "etag": "Sanitized",
            "key": ".appconfig.featureflag/TaggedFeatureFlag",
            "label": null,
            "content_type": "application/vnd.microsoft.appconfig.ff+json;charset=utf-8",
            "value": "{\t\"id\": \"TaggedFeatureFlag\", \"description\": \"\", \"enabled\": false, \"conditions\": {\t\"client_filters\": []\t}}",
            "tags": {
              "a": "b"
            },
            "locked": false,
            "last_modified": "2025-08-12T23:01:20+00:00"
          },
          {
            "etag": "Sanitized",
            "key": "banner",
            "label": null,
            "content_type": "application/json",
            "value": "{\"size\":\"200px\",\"color\":\"azure\"}",
            "tags": {},
            "locked": false,
            "last_modified": "2025-06-23T21:19:59+00:00"
          },
          {
            "etag": "Sanitized",
            "key": "color",
            "label": null,
            "content_type": null,
            "value": "blue",
            "tags": {
              "sad asd": "asd asdf"
            },
            "locked": false,
            "last_modified": "2025-07-02T23:58:07+00:00"
          },
          {
            "etag": "Sanitized",
            "key": "color2",
            "label": null,
            "content_type": null,
            "value": "red",
            "tags": {},
            "locked": false,
            "last_modified": "2025-06-26T19:25:19+00:00"
          },
          {
            "etag": "Sanitized",
            "key": "color4",
            "label": null,
            "content_type": null,
            "value": "green",
            "tags": {
              "version": "1"
            },
            "locked": false,
            "last_modified": "2025-06-26T20:44:41+00:00"
          },
          {
            "etag": "Sanitized",
            "key": "color5",
            "label": null,
            "content_type": null,
            "value": "pink",
            "tags": {
              "version": "2"
            },
            "locked": false,
            "last_modified": "2025-06-26T20:49:49+00:00"
          },
          {
            "etag": "Sanitized",
            "key": "color6",
            "label": null,
            "content_type": null,
            "value": "orange",
            "tags": {
              "version": "1"
            },
            "locked": false,
            "last_modified": "2025-06-26T20:52:00+00:00"
          },
          {
            "etag": "Sanitized",
            "key": "complex_tag",
            "label": null,
            "content_type": "text/plain",
            "value": null,
            "tags": {
              "Special:Tag": "Value:With:Colons",
              "Tag@With@At": "Value@With@At"
            },
            "locked": false,
            "last_modified": "2025-08-12T23:01:20+00:00"
          },
          {
            "etag": "Sanitized",
            "key": "different_tag",
            "label": null,
            "content_type": "text/plain",
            "value": "different",
            "tags": {
              "different": "tag"
            },
            "locked": false,
            "last_modified": "2025-08-12T23:01:20+00:00"
          },
          {
            "etag": "Sanitized",
            "key": "keyvault_reference",
            "label": null,
            "content_type": "text/plain",
            "value": "updated_secret_value",
            "tags": {},
            "locked": false,
            "last_modified": "2025-07-01T18:11:42+00:00"
          },
          {
            "etag": "Sanitized",
            "key": "message",
            "label": null,
            "content_type": "text/plain",
            "value": "hi",
            "tags": {},
            "locked": false,
            "last_modified": "2025-08-12T23:01:20+00:00"
          },
          {
            "etag": "Sanitized",
            "key": "multi_tagged",
            "label": null,
            "content_type": "text/plain",
            "value": "multi tagged value",
            "tags": {
              "a": "b",
              "c": "d"
            },
            "locked": false,
            "last_modified": "2025-08-12T23:01:20+00:00"
          },
          {
            "etag": "Sanitized",
            "key": "my_json",
            "label": null,
            "content_type": "application/json",
            "value": "{\"key\": \"value\"}",
            "tags": {},
            "locked": false,
            "last_modified": "2025-08-12T23:01:20+00:00"
          },
          {
            "etag": "Sanitized",
            "key": "no_tags",
            "label": null,
            "content_type": "text/plain",
            "value": "no tags",
            "tags": {},
            "locked": false,
            "last_modified": "2025-08-12T23:01:20+00:00"
          },
          {
            "etag": "Sanitized",
            "key": "non_refreshed_message",
            "label": null,
            "content_type": "text/plain",
            "value": "Static",
            "tags": {},
            "locked": false,
            "last_modified": "2025-08-12T23:01:20+00:00"
          },
          {
            "etag": "Sanitized",
            "key": "null_tag",
            "label": null,
            "content_type": "text/plain",
            "value": "null tag",
            "tags": {
              "tag": null
            },
            "locked": false,
            "last_modified": "2025-08-12T23:01:20+00:00"
          },
          {
            "etag": "Sanitized",
            "key": "only_second_tag",
            "label": null,
            "content_type": "text/plain",
            "value": null,
            "tags": {
              "second": "tag"
            },
            "locked": false,
            "last_modified": "2025-08-12T23:01:20+00:00"
          },
          {
            "etag": "Sanitized",
            "key": "refresh_message",
            "label": null,
            "content_type": "text/plain",
            "value": "updated value",
            "tags": {},
            "locked": false,
            "last_modified": "2025-08-12T23:01:24+00:00"
          },
          {
            "etag": "Sanitized",
            "key": "special_chars",
            "label": null,
            "content_type": "text/plain",
            "value": "special",
            "tags": {
              "special@tag": "special:value"
            },
            "locked": false,
            "last_modified": "2025-08-12T23:01:20+00:00"
          },
          {
            "etag": "Sanitized",
            "key": "tag_no_value",
            "label": null,
            "content_type": "text/plain",
            "value": "no value",
            "tags": {
              "a": ""
            },
            "locked": false,
            "last_modified": "2025-08-12T23:01:20+00:00"
          },
          {
            "etag": "Sanitized",
            "key": "tagged_config",
            "label": null,
            "content_type": "text/plain",
            "value": null,
            "tags": {
              "a": "b"
            },
            "locked": false,
            "last_modified": "2025-08-12T23:01:20+00:00"
          },
          {
            "etag": "Sanitized",
            "key": "tes",
            "label": null,
            "content_type": "application/json; profile=\"https://azconfig.io/mime-profiles/ai/chat-completion\"",
            "value": "{\"model\":\"gpt-4\",\"messages\":[{\"role\":\"system\",\"content\":\"You are a helpful assistant.\"}],\"max_tokens\":800,\"temperature\":0.7,\"top_p\":0}",
            "tags": {},
            "locked": false,
            "last_modified": "2025-07-07T17:26:03+00:00"
          },
          {
            "etag": "Sanitized",
            "key": "test.trimmed",
            "label": null,
            "content_type": "text/plain",
            "value": "key",
            "tags": {},
            "locked": false,
            "last_modified": "2025-08-12T23:01:20+00:00"
          },
          {
            "etag": "Sanitized",
            "key": "test1",
            "label": null,
            "content_type": null,
            "value": "test1",
            "tags": {
              "release": "alpha"
            },
            "locked": false,
            "last_modified": "2025-07-02T23:40:22+00:00"
          },
          {
            "etag": "Sanitized",
            "key": "test2",
            "label": null,
            "content_type": null,
            "value": "test2",
            "tags": {
              "release": "alpha",
              "ttl": "5d"
            },
            "locked": false,
            "last_modified": "2025-07-02T23:54:54+00:00"
          },
          {
            "etag": "Sanitized",
            "key": "test3",
            "label": null,
            "content_type": null,
            "value": "test3",
            "tags": {
              "release": "alpha spacetest=tag with spaces"
            },
            "locked": false,
            "last_modified": "2025-07-03T00:05:06+00:00"
          },
          {
            "etag": "Sanitized",
            "key": "test4",
            "label": null,
            "content_type": null,
            "value": "test4",
            "tags": {
              "release": "alpha spacetest=tag with spaces value with space=and key with space"
            },
            "locked": false,
            "last_modified": "2025-07-03T00:07:42+00:00"
          },
          {
            "etag": "Sanitized",
            "key": "two_tagged",
            "label": null,
            "content_type": "text/plain",
            "value": null,
            "tags": {
              "a": "b",
              "second": "tag"
            },
            "locked": false,
            "last_modified": "2025-08-12T23:01:20+00:00"
          }
        ]
      }
    },
    {
      "RequestUri": "https://Sanitized.azconfig.io/kv/.appconfig.featureflag%2FAlpha?api-version=1970-01-01",
      "RequestMethod": "GET",
      "RequestHeaders": {
        "Accept": "*/*",
        "Accept-Encoding": "gzip, deflate",
        "Connection": "keep-alive",
        "If-None-Match": "\"4Z9RwGj3EfSkx1BzzKeDAW_Q6IG2ty3Krh2ILcsSgIY\"",
        "User-Agent": "SDK/Integration python-appconfiguration-provider/2.2.1 azsdk-python-appconfiguration/1.7.2 Python/3.12.10 (Windows-11-10.0.26100-SP0)"
      },
      "RequestBody": null,
      "StatusCode": 200,
      "ResponseHeaders": {
        "Access-Control-Allow-Origin": "*",
        "Connection": "keep-alive",
        "Content-Type": "application/vnd.microsoft.appconfig.kv+json; charset=utf-8",
        "Date": "Tue, 12 Aug 2025 23:01:26 GMT",
        "ETag": "\"qHzlcofG7E9zkRHYygyjoVoPjPZv4kukahfSjMgcC6w\"",
        "Last-Modified": "Tue, 12 Aug 2025 23:01:24 GMT",
        "Strict-Transport-Security": "max-age=31536000; includeSubDomains",
        "Transfer-Encoding": "chunked",
        "x-ms-correlation-request-id": "dde3be90-980d-4c6c-afc1-6f52f0e10bd9"
      },
      "ResponseBody": {
        "etag": "Sanitized",
        "key": ".appconfig.featureflag/Alpha",
        "label": null,
        "content_type": "application/vnd.microsoft.appconfig.ff+json;charset=utf-8",
        "value": "{\"id\": \"Alpha\", \"description\": \"\", \"enabled\": true, \"conditions\": {\"client_filters\": []}, \"display_name\": null}",
        "tags": {},
        "locked": false,
        "last_modified": "2025-08-12T23:01:24+00:00"
      }
    },
    {
      "RequestUri": "https://Sanitized.azconfig.io/kv?api-version=1970-01-01",
      "RequestMethod": "GET",
      "RequestHeaders": {
        "Accept": "*/*",
        "Accept-Encoding": "gzip, deflate",
        "Connection": "keep-alive",
        "User-Agent": "SDK/Integration python-appconfiguration-provider/2.2.1 azsdk-python-appconfiguration/1.7.2 Python/3.12.10 (Windows-11-10.0.26100-SP0)"
      },
      "RequestBody": null,
      "StatusCode": 200,
      "ResponseHeaders": {
        "Access-Control-Allow-Origin": "*",
        "Connection": "keep-alive",
        "Content-Type": "application/vnd.microsoft.appconfig.kvset+json; charset=utf-8",
        "Date": "Tue, 12 Aug 2025 23:01:26 GMT",
        "ETag": "\"8Zag7YJkb6gj5-u7OVutXM8eDYgwfkYPVa_jlxgMDao\"",
        "Strict-Transport-Security": "max-age=31536000; includeSubDomains",
        "Transfer-Encoding": "chunked",
        "x-ms-correlation-request-id": "72c5512f-a02d-47a3-8778-b4ee74d2c279"
      },
      "ResponseBody": {
        "etag": "Sanitized",
        "items": [
          {
            "etag": "Sanitized",
            "key": ".appconfig.featureflag/Alpha",
            "label": null,
            "content_type": "application/vnd.microsoft.appconfig.ff+json;charset=utf-8",
            "value": "{\"id\": \"Alpha\", \"description\": \"\", \"enabled\": true, \"conditions\": {\"client_filters\": []}, \"display_name\": null}",
            "tags": {},
            "locked": false,
            "last_modified": "2025-08-12T23:01:24+00:00"
          },
          {
            "etag": "Sanitized",
            "key": ".appconfig.featureflag/TaggedFeatureFlag",
            "label": null,
            "content_type": "application/vnd.microsoft.appconfig.ff+json;charset=utf-8",
            "value": "{\t\"id\": \"TaggedFeatureFlag\", \"description\": \"\", \"enabled\": false, \"conditions\": {\t\"client_filters\": []\t}}",
            "tags": {
              "a": "b"
            },
            "locked": false,
            "last_modified": "2025-08-12T23:01:20+00:00"
          }
        ]
      }
    },
    {
      "RequestUri": "https://Sanitized.azconfig.io/kv/refresh_message?api-version=1970-01-01",
      "RequestMethod": "PUT",
      "RequestHeaders": {
        "Accept": "*/*",
        "Accept-Encoding": "gzip, deflate",
        "Connection": "keep-alive",
        "Content-Length": "161",
        "Content-Type": "application/json",
        "User-Agent": "SDK/Integration azsdk-python-appconfiguration/1.7.2 Python/3.12.10 (Windows-11-10.0.26100-SP0)"
      },
      "RequestBody": {
        "key": "refresh_message",
        "value": "original value",
        "content_type": "text/plain",
        "last_modified": "2025-08-12T23:01:20Z",
        "tags": {},
        "locked": false,
        "etag": "Sanitized"
      },
      "StatusCode": 200,
      "ResponseHeaders": {
        "Access-Control-Allow-Origin": "*",
        "Connection": "keep-alive",
        "Content-Type": "application/vnd.microsoft.appconfig.kv+json; charset=utf-8",
        "Date": "Tue, 12 Aug 2025 23:01:26 GMT",
        "ETag": "\"BuenwaD2jXggghYG00MQOAqoc8gQODymrYqI-fAYfHU\"",
        "Last-Modified": "Tue, 12 Aug 2025 23:01:26 GMT",
        "Strict-Transport-Security": "max-age=31536000; includeSubDomains",
        "Transfer-Encoding": "chunked",
        "x-ms-correlation-request-id": "c9dd724e-7a04-4139-b5d3-b2e37f798dd4"
      },
      "ResponseBody": {
        "etag": "Sanitized",
        "key": "refresh_message",
        "label": null,
        "content_type": "text/plain",
        "value": "original value",
        "tags": {},
        "locked": false,
        "last_modified": "2025-08-12T23:01:26+00:00"
      }
    },
    {
      "RequestUri": "https://Sanitized.azconfig.io/kv/.appconfig.featureflag%2FAlpha?api-version=1970-01-01",
      "RequestMethod": "PUT",
      "RequestHeaders": {
        "Accept": "*/*",
        "Accept-Encoding": "gzip, deflate",
        "Connection": "keep-alive",
        "Content-Length": "335",
        "Content-Type": "application/json",
        "User-Agent": "SDK/Integration azsdk-python-appconfiguration/1.7.2 Python/3.12.10 (Windows-11-10.0.26100-SP0)"
      },
      "RequestBody": {
        "key": ".appconfig.featureflag/Alpha",
        "value": "{\"id\": \"Alpha\", \"description\": \"\", \"enabled\": false, \"conditions\": {\"client_filters\": []}, \"display_name\": null}",
        "content_type": "application/vnd.microsoft.appconfig.ff+json;charset=utf-8",
        "last_modified": "2025-08-12T23:01:20Z",
        "tags": {},
        "locked": false,
        "etag": "Sanitized"
      },
      "StatusCode": 200,
      "ResponseHeaders": {
        "Access-Control-Allow-Origin": "*",
        "Connection": "keep-alive",
        "Content-Type": "application/vnd.microsoft.appconfig.kv+json; charset=utf-8",
        "Date": "Tue, 12 Aug 2025 23:01:26 GMT",
        "ETag": "\"C_81_hM-NEkqmIhsH0YnbE1F_7dNWxBpCNFV5pPev30\"",
        "Last-Modified": "Tue, 12 Aug 2025 23:01:26 GMT",
        "Strict-Transport-Security": "max-age=31536000; includeSubDomains",
        "Transfer-Encoding": "chunked",
        "x-ms-correlation-request-id": "bf65cd69-b0e5-41b1-87fd-ed95bf90fc49"
      },
      "ResponseBody": {
        "etag": "Sanitized",
        "key": ".appconfig.featureflag/Alpha",
        "label": null,
        "content_type": "application/vnd.microsoft.appconfig.ff+json;charset=utf-8",
        "value": "{\"id\": \"Alpha\", \"description\": \"\", \"enabled\": false, \"conditions\": {\"client_filters\": []}, \"display_name\": null}",
        "tags": {},
        "locked": false,
        "last_modified": "2025-08-12T23:01:26+00:00"
      }
    },
    {
      "RequestUri": "https://Sanitized.azconfig.io/kv/refresh_message?api-version=1970-01-01",
      "RequestMethod": "GET",
      "RequestHeaders": {
        "Accept": "*/*",
        "Accept-Encoding": "gzip, deflate",
        "Connection": "keep-alive",
        "If-None-Match": "\"nsuDeqWd04q6quMCwtffDc-bONzgVEy9En9OXU9Omew\"",
        "User-Agent": "SDK/Integration python-appconfiguration-provider/2.2.1 azsdk-python-appconfiguration/1.7.2 Python/3.12.10 (Windows-11-10.0.26100-SP0)"
      },
      "RequestBody": null,
      "StatusCode": 200,
      "ResponseHeaders": {
        "Access-Control-Allow-Origin": "*",
        "Connection": "keep-alive",
        "Content-Type": "application/vnd.microsoft.appconfig.kv+json; charset=utf-8",
        "Date": "Tue, 12 Aug 2025 23:01:28 GMT",
        "ETag": "\"BuenwaD2jXggghYG00MQOAqoc8gQODymrYqI-fAYfHU\"",
        "Last-Modified": "Tue, 12 Aug 2025 23:01:26 GMT",
        "Strict-Transport-Security": "max-age=31536000; includeSubDomains",
        "Transfer-Encoding": "chunked",
        "x-ms-correlation-request-id": "291a9667-83ff-41ce-a928-7e5bfa8fcad7"
      },
      "ResponseBody": {
        "etag": "Sanitized",
        "key": "refresh_message",
        "label": null,
        "content_type": "text/plain",
        "value": "original value",
        "tags": {},
        "locked": false,
        "last_modified": "2025-08-12T23:01:26+00:00"
      }
    },
    {
      "RequestUri": "https://Sanitized.azconfig.io/kv?api-version=1970-01-01",
      "RequestMethod": "GET",
      "RequestHeaders": {
        "Accept": "*/*",
        "Accept-Encoding": "gzip, deflate",
        "Connection": "keep-alive",
        "User-Agent": "SDK/Integration python-appconfiguration-provider/2.2.1 azsdk-python-appconfiguration/1.7.2 Python/3.12.10 (Windows-11-10.0.26100-SP0)"
      },
      "RequestBody": null,
      "StatusCode": 200,
      "ResponseHeaders": {
        "Access-Control-Allow-Origin": "*",
        "Connection": "keep-alive",
        "Content-Type": "application/vnd.microsoft.appconfig.kvset+json; charset=utf-8",
        "Date": "Tue, 12 Aug 2025 23:01:28 GMT",
        "ETag": "\"tuUlqD9qM1bcJVYRURjA2qEy9U-N-NjnVgNVMrwI2XQ\"",
        "Strict-Transport-Security": "max-age=31536000; includeSubDomains",
        "Transfer-Encoding": "chunked",
        "x-ms-correlation-request-id": "59333094-9b47-44c2-86d7-d96234058feb"
      },
      "ResponseBody": {
        "etag": "Sanitized",
        "items": [
          {
            "etag": "Sanitized",
            "key": ".appconfig.featureflag/Alpha",
            "label": null,
            "content_type": "application/vnd.microsoft.appconfig.ff+json;charset=utf-8",
            "value": "{\"id\": \"Alpha\", \"description\": \"\", \"enabled\": false, \"conditions\": {\"client_filters\": []}, \"display_name\": null}",
            "tags": {},
            "locked": false,
            "last_modified": "2025-08-12T23:01:26+00:00"
          },
          {
            "etag": "Sanitized",
            "key": ".appconfig.featureflag/TaggedFeatureFlag",
            "label": null,
            "content_type": "application/vnd.microsoft.appconfig.ff+json;charset=utf-8",
            "value": "{\t\"id\": \"TaggedFeatureFlag\", \"description\": \"\", \"enabled\": false, \"conditions\": {\t\"client_filters\": []\t}}",
            "tags": {
              "a": "b"
            },
            "locked": false,
            "last_modified": "2025-08-12T23:01:20+00:00"
          },
          {
            "etag": "Sanitized",
            "key": "banner",
            "label": null,
            "content_type": "application/json",
            "value": "{\"size\":\"200px\",\"color\":\"azure\"}",
            "tags": {},
            "locked": false,
            "last_modified": "2025-06-23T21:19:59+00:00"
          },
          {
            "etag": "Sanitized",
            "key": "color",
            "label": null,
            "content_type": null,
            "value": "blue",
            "tags": {
              "sad asd": "asd asdf"
            },
            "locked": false,
            "last_modified": "2025-07-02T23:58:07+00:00"
          },
          {
            "etag": "Sanitized",
            "key": "color2",
            "label": null,
            "content_type": null,
            "value": "red",
            "tags": {},
            "locked": false,
            "last_modified": "2025-06-26T19:25:19+00:00"
          },
          {
            "etag": "Sanitized",
            "key": "color4",
            "label": null,
            "content_type": null,
            "value": "green",
            "tags": {
              "version": "1"
            },
            "locked": false,
            "last_modified": "2025-06-26T20:44:41+00:00"
          },
          {
            "etag": "Sanitized",
            "key": "color5",
            "label": null,
            "content_type": null,
            "value": "pink",
            "tags": {
              "version": "2"
            },
            "locked": false,
            "last_modified": "2025-06-26T20:49:49+00:00"
          },
          {
            "etag": "Sanitized",
            "key": "color6",
            "label": null,
            "content_type": null,
            "value": "orange",
            "tags": {
              "version": "1"
            },
            "locked": false,
            "last_modified": "2025-06-26T20:52:00+00:00"
          },
          {
            "etag": "Sanitized",
            "key": "complex_tag",
            "label": null,
            "content_type": "text/plain",
            "value": null,
            "tags": {
              "Special:Tag": "Value:With:Colons",
              "Tag@With@At": "Value@With@At"
            },
            "locked": false,
            "last_modified": "2025-08-12T23:01:20+00:00"
          },
          {
            "etag": "Sanitized",
            "key": "different_tag",
            "label": null,
            "content_type": "text/plain",
            "value": "different",
            "tags": {
              "different": "tag"
            },
            "locked": false,
            "last_modified": "2025-08-12T23:01:20+00:00"
          },
          {
            "etag": "Sanitized",
            "key": "keyvault_reference",
            "label": null,
            "content_type": "text/plain",
            "value": "updated_secret_value",
            "tags": {},
            "locked": false,
            "last_modified": "2025-07-01T18:11:42+00:00"
          },
          {
            "etag": "Sanitized",
            "key": "message",
            "label": null,
            "content_type": "text/plain",
            "value": "hi",
            "tags": {},
            "locked": false,
            "last_modified": "2025-08-12T23:01:20+00:00"
          },
          {
            "etag": "Sanitized",
            "key": "multi_tagged",
            "label": null,
            "content_type": "text/plain",
            "value": "multi tagged value",
            "tags": {
              "a": "b",
              "c": "d"
            },
            "locked": false,
            "last_modified": "2025-08-12T23:01:20+00:00"
          },
          {
            "etag": "Sanitized",
            "key": "my_json",
            "label": null,
            "content_type": "application/json",
            "value": "{\"key\": \"value\"}",
            "tags": {},
            "locked": false,
            "last_modified": "2025-08-12T23:01:20+00:00"
          },
          {
            "etag": "Sanitized",
            "key": "no_tags",
            "label": null,
            "content_type": "text/plain",
            "value": "no tags",
            "tags": {},
            "locked": false,
            "last_modified": "2025-08-12T23:01:20+00:00"
          },
          {
            "etag": "Sanitized",
            "key": "non_refreshed_message",
            "label": null,
            "content_type": "text/plain",
            "value": "Static",
            "tags": {},
            "locked": false,
            "last_modified": "2025-08-12T23:01:20+00:00"
          },
          {
            "etag": "Sanitized",
            "key": "null_tag",
            "label": null,
            "content_type": "text/plain",
            "value": "null tag",
            "tags": {
              "tag": null
            },
            "locked": false,
            "last_modified": "2025-08-12T23:01:20+00:00"
          },
          {
            "etag": "Sanitized",
            "key": "only_second_tag",
            "label": null,
            "content_type": "text/plain",
            "value": null,
            "tags": {
              "second": "tag"
            },
            "locked": false,
            "last_modified": "2025-08-12T23:01:20+00:00"
          },
          {
            "etag": "Sanitized",
            "key": "refresh_message",
            "label": null,
            "content_type": "text/plain",
            "value": "original value",
            "tags": {},
            "locked": false,
            "last_modified": "2025-08-12T23:01:26+00:00"
          },
          {
            "etag": "Sanitized",
            "key": "special_chars",
            "label": null,
            "content_type": "text/plain",
            "value": "special",
            "tags": {
              "special@tag": "special:value"
            },
            "locked": false,
            "last_modified": "2025-08-12T23:01:20+00:00"
          },
          {
            "etag": "Sanitized",
            "key": "tag_no_value",
            "label": null,
            "content_type": "text/plain",
            "value": "no value",
            "tags": {
              "a": ""
            },
            "locked": false,
            "last_modified": "2025-08-12T23:01:20+00:00"
          },
          {
            "etag": "Sanitized",
            "key": "tagged_config",
            "label": null,
            "content_type": "text/plain",
            "value": null,
            "tags": {
              "a": "b"
            },
            "locked": false,
            "last_modified": "2025-08-12T23:01:20+00:00"
          },
          {
            "etag": "Sanitized",
            "key": "tes",
            "label": null,
            "content_type": "application/json; profile=\"https://azconfig.io/mime-profiles/ai/chat-completion\"",
            "value": "{\"model\":\"gpt-4\",\"messages\":[{\"role\":\"system\",\"content\":\"You are a helpful assistant.\"}],\"max_tokens\":800,\"temperature\":0.7,\"top_p\":0}",
            "tags": {},
            "locked": false,
            "last_modified": "2025-07-07T17:26:03+00:00"
          },
          {
            "etag": "Sanitized",
            "key": "test.trimmed",
            "label": null,
            "content_type": "text/plain",
            "value": "key",
            "tags": {},
            "locked": false,
            "last_modified": "2025-08-12T23:01:20+00:00"
          },
          {
            "etag": "Sanitized",
            "key": "test1",
            "label": null,
            "content_type": null,
            "value": "test1",
            "tags": {
              "release": "alpha"
            },
            "locked": false,
            "last_modified": "2025-07-02T23:40:22+00:00"
          },
          {
            "etag": "Sanitized",
            "key": "test2",
            "label": null,
            "content_type": null,
            "value": "test2",
            "tags": {
              "release": "alpha",
              "ttl": "5d"
            },
            "locked": false,
            "last_modified": "2025-07-02T23:54:54+00:00"
          },
          {
            "etag": "Sanitized",
            "key": "test3",
            "label": null,
            "content_type": null,
            "value": "test3",
            "tags": {
              "release": "alpha spacetest=tag with spaces"
            },
            "locked": false,
            "last_modified": "2025-07-03T00:05:06+00:00"
          },
          {
            "etag": "Sanitized",
            "key": "test4",
            "label": null,
            "content_type": null,
            "value": "test4",
            "tags": {
              "release": "alpha spacetest=tag with spaces value with space=and key with space"
            },
            "locked": false,
            "last_modified": "2025-07-03T00:07:42+00:00"
          },
          {
            "etag": "Sanitized",
            "key": "two_tagged",
            "label": null,
            "content_type": "text/plain",
            "value": null,
            "tags": {
              "a": "b",
              "second": "tag"
            },
            "locked": false,
            "last_modified": "2025-08-12T23:01:20+00:00"
          }
        ]
      }
    },
    {
      "RequestUri": "https://Sanitized.azconfig.io/kv/.appconfig.featureflag%2FAlpha?api-version=1970-01-01",
      "RequestMethod": "GET",
      "RequestHeaders": {
        "Accept": "*/*",
        "Accept-Encoding": "gzip, deflate",
        "Connection": "keep-alive",
        "If-None-Match": "\"qHzlcofG7E9zkRHYygyjoVoPjPZv4kukahfSjMgcC6w\"",
        "User-Agent": "SDK/Integration python-appconfiguration-provider/2.2.1 azsdk-python-appconfiguration/1.7.2 Python/3.12.10 (Windows-11-10.0.26100-SP0)"
      },
      "RequestBody": null,
      "StatusCode": 200,
      "ResponseHeaders": {
        "Access-Control-Allow-Origin": "*",
        "Connection": "keep-alive",
        "Content-Type": "application/vnd.microsoft.appconfig.kv+json; charset=utf-8",
        "Date": "Tue, 12 Aug 2025 23:01:28 GMT",
        "ETag": "\"C_81_hM-NEkqmIhsH0YnbE1F_7dNWxBpCNFV5pPev30\"",
        "Last-Modified": "Tue, 12 Aug 2025 23:01:26 GMT",
        "Strict-Transport-Security": "max-age=31536000; includeSubDomains",
        "Transfer-Encoding": "chunked",
        "x-ms-correlation-request-id": "a0fd8162-6254-47df-8ad4-21d1d4df3c8b"
      },
      "ResponseBody": {
        "etag": "Sanitized",
        "key": ".appconfig.featureflag/Alpha",
        "label": null,
        "content_type": "application/vnd.microsoft.appconfig.ff+json;charset=utf-8",
        "value": "{\"id\": \"Alpha\", \"description\": \"\", \"enabled\": false, \"conditions\": {\"client_filters\": []}, \"display_name\": null}",
        "tags": {},
        "locked": false,
        "last_modified": "2025-08-12T23:01:26+00:00"
      }
    },
    {
      "RequestUri": "https://Sanitized.azconfig.io/kv?api-version=1970-01-01",
      "RequestMethod": "GET",
      "RequestHeaders": {
        "Accept": "*/*",
        "Accept-Encoding": "gzip, deflate",
        "Connection": "keep-alive",
        "User-Agent": "SDK/Integration python-appconfiguration-provider/2.2.1 azsdk-python-appconfiguration/1.7.2 Python/3.12.10 (Windows-11-10.0.26100-SP0)"
      },
      "RequestBody": null,
      "StatusCode": 200,
      "ResponseHeaders": {
        "Access-Control-Allow-Origin": "*",
        "Connection": "keep-alive",
        "Content-Type": "application/vnd.microsoft.appconfig.kvset+json; charset=utf-8",
        "Date": "Tue, 12 Aug 2025 23:01:28 GMT",
        "ETag": "\"TuQTYjzssVfNV2OU7MEKHQ759g-lmkhaBgOXx5dfkx0\"",
        "Strict-Transport-Security": "max-age=31536000; includeSubDomains",
        "Transfer-Encoding": "chunked",
        "x-ms-correlation-request-id": "e0865cb9-138e-4a51-a227-015ccb60442d"
      },
      "ResponseBody": {
        "etag": "Sanitized",
        "items": [
          {
            "etag": "Sanitized",
            "key": ".appconfig.featureflag/Alpha",
            "label": null,
            "content_type": "application/vnd.microsoft.appconfig.ff+json;charset=utf-8",
            "value": "{\"id\": \"Alpha\", \"description\": \"\", \"enabled\": false, \"conditions\": {\"client_filters\": []}, \"display_name\": null}",
            "tags": {},
            "locked": false,
            "last_modified": "2025-08-12T23:01:26+00:00"
          },
          {
            "etag": "Sanitized",
            "key": ".appconfig.featureflag/TaggedFeatureFlag",
            "label": null,
            "content_type": "application/vnd.microsoft.appconfig.ff+json;charset=utf-8",
            "value": "{\t\"id\": \"TaggedFeatureFlag\", \"description\": \"\", \"enabled\": false, \"conditions\": {\t\"client_filters\": []\t}}",
            "tags": {
              "a": "b"
            },
            "locked": false,
            "last_modified": "2025-08-12T23:01:20+00:00"
          }
        ]
      }
    },
    {
      "RequestUri": "https://Sanitized.azconfig.io/kv/refresh_message?api-version=1970-01-01",
      "RequestMethod": "PUT",
      "RequestHeaders": {
        "Accept": "*/*",
        "Accept-Encoding": "gzip, deflate",
        "Connection": "keep-alive",
        "Content-Length": "162",
        "Content-Type": "application/json",
        "User-Agent": "SDK/Integration azsdk-python-appconfiguration/1.7.2 Python/3.12.10 (Windows-11-10.0.26100-SP0)"
      },
      "RequestBody": {
        "key": "refresh_message",
        "value": "updated value 2",
        "content_type": "text/plain",
        "last_modified": "2025-08-12T23:01:20Z",
        "tags": {},
        "locked": false,
        "etag": "Sanitized"
      },
      "StatusCode": 200,
      "ResponseHeaders": {
        "Access-Control-Allow-Origin": "*",
        "Connection": "keep-alive",
        "Content-Type": "application/vnd.microsoft.appconfig.kv+json; charset=utf-8",
        "Date": "Tue, 12 Aug 2025 23:01:28 GMT",
        "ETag": "\"ku92RctBSejNDUE02pu6wqq6IZiJYEbrw4idjijyfMU\"",
        "Last-Modified": "Tue, 12 Aug 2025 23:01:28 GMT",
        "Strict-Transport-Security": "max-age=31536000; includeSubDomains",
        "Transfer-Encoding": "chunked",
        "x-ms-correlation-request-id": "d8587479-4550-480d-92d9-d6b9c9e3e99d"
      },
      "ResponseBody": {
        "etag": "Sanitized",
        "key": "refresh_message",
        "label": null,
        "content_type": "text/plain",
        "value": "updated value 2",
        "tags": {},
        "locked": false,
        "last_modified": "2025-08-12T23:01:28+00:00"
      }
    },
    {
      "RequestUri": "https://Sanitized.azconfig.io/kv/.appconfig.featureflag%2FAlpha?api-version=1970-01-01",
      "RequestMethod": "PUT",
      "RequestHeaders": {
        "Accept": "*/*",
        "Accept-Encoding": "gzip, deflate",
        "Connection": "keep-alive",
        "Content-Length": "334",
        "Content-Type": "application/json",
        "User-Agent": "SDK/Integration azsdk-python-appconfiguration/1.7.2 Python/3.12.10 (Windows-11-10.0.26100-SP0)"
      },
      "RequestBody": {
        "key": ".appconfig.featureflag/Alpha",
        "value": "{\"id\": \"Alpha\", \"description\": \"\", \"enabled\": true, \"conditions\": {\"client_filters\": []}, \"display_name\": null}",
        "content_type": "application/vnd.microsoft.appconfig.ff+json;charset=utf-8",
        "last_modified": "2025-08-12T23:01:20Z",
        "tags": {},
        "locked": false,
        "etag": "Sanitized"
      },
      "StatusCode": 200,
      "ResponseHeaders": {
        "Access-Control-Allow-Origin": "*",
        "Connection": "keep-alive",
        "Content-Type": "application/vnd.microsoft.appconfig.kv+json; charset=utf-8",
        "Date": "Tue, 12 Aug 2025 23:01:28 GMT",
        "ETag": "\"y2kFSerPKS4ZVU7ii7Xzq9sW4UCfx0yBOBqRlseCCSE\"",
        "Last-Modified": "Tue, 12 Aug 2025 23:01:28 GMT",
        "Strict-Transport-Security": "max-age=31536000; includeSubDomains",
        "Transfer-Encoding": "chunked",
        "x-ms-correlation-request-id": "de85e829-f68e-4cf2-a717-9265c714d13c"
      },
      "ResponseBody": {
        "etag": "Sanitized",
        "key": ".appconfig.featureflag/Alpha",
        "label": null,
        "content_type": "application/vnd.microsoft.appconfig.ff+json;charset=utf-8",
        "value": "{\"id\": \"Alpha\", \"description\": \"\", \"enabled\": true, \"conditions\": {\"client_filters\": []}, \"display_name\": null}",
        "tags": {},
        "locked": false,
        "last_modified": "2025-08-12T23:01:28+00:00"
      }
    },
    {
      "RequestUri": "https://Sanitized.azconfig.io/kv/refresh_message?api-version=1970-01-01",
      "RequestMethod": "PUT",
      "RequestHeaders": {
        "Accept": "*/*",
        "Accept-Encoding": "gzip, deflate",
        "Connection": "keep-alive",
        "Content-Length": "161",
        "Content-Type": "application/json",
        "User-Agent": "SDK/Integration azsdk-python-appconfiguration/1.7.2 Python/3.12.10 (Windows-11-10.0.26100-SP0)"
      },
      "RequestBody": {
        "key": "refresh_message",
        "value": "original value",
        "content_type": "text/plain",
        "last_modified": "2025-08-12T23:01:20Z",
        "tags": {},
        "locked": false,
        "etag": "Sanitized"
      },
      "StatusCode": 200,
      "ResponseHeaders": {
        "Access-Control-Allow-Origin": "*",
        "Connection": "keep-alive",
        "Content-Type": "application/vnd.microsoft.appconfig.kv+json; charset=utf-8",
        "Date": "Tue, 12 Aug 2025 23:01:28 GMT",
        "ETag": "\"042JQgewwI1o7tFOxNTnDZcffReN1JQ2tcNetP65Y9w\"",
        "Last-Modified": "Tue, 12 Aug 2025 23:01:28 GMT",
        "Strict-Transport-Security": "max-age=31536000; includeSubDomains",
        "Transfer-Encoding": "chunked",
        "x-ms-correlation-request-id": "4a198941-1d2e-4a53-88e7-02997c59d4ab"
      },
      "ResponseBody": {
        "etag": "Sanitized",
        "key": "refresh_message",
        "label": null,
        "content_type": "text/plain",
        "value": "original value",
        "tags": {},
        "locked": false,
        "last_modified": "2025-08-12T23:01:28+00:00"
      }
    }
  ],
  "Variables": {}
}
