{
  "Entries": [
    {
      "RequestUri": "https://login.microsoftonline.com/fake-tenant-id/v2.0/.well-known/openid-configuration",
      "RequestMethod": "GET",
      "RequestHeaders": {
        "Accept": "*/*",
        "Accept-Encoding": "gzip, deflate",
        "Connection": "keep-alive",
        "User-Agent": "azsdk-python-identity/1.12.0 Python/3.10.11 (Windows-10-10.0.22631-SP0)"
      },
      "RequestBody": null,
      "StatusCode": 200,
      "ResponseHeaders": {
        "Access-Control-Allow-Methods": "GET, OPTIONS",
        "Access-Control-Allow-Origin": "*",
        "Cache-Control": "max-age=86400, private",
        "Content-Length": "1599",
        "Content-Type": "application/json; charset=utf-8",
        "Date": "Wed, 06 Dec 2023 00:02:56 GMT",
        "P3P": "CP=\u0022DSP CUR OTPi IND OTRi ONL FIN\u0022",
        "Set-Cookie": [
          "fpc=Ar3FCWlmrTtNtrkDKBFy3k2IlbEPBAAAAByxAd0OAAAA26HaswcAAAAesQHdDgAAAA; expires=Fri, 05-Jan-2024 00:02:56 GMT; path=/; secure; HttpOnly; SameSite=None",
          "x-ms-gateway-slice=estsfd; path=/; secure; samesite=none; httponly"
        ],
        "Strict-Transport-Security": "max-age=31536000; includeSubDomains",
        "X-Content-Type-Options": "nosniff",
        "x-ms-ests-server": "2.1.16878.5 - SCUS ProdSlices",
        "X-XSS-Protection": "0"
      },
      "ResponseBody": {
        "token_endpoint": "https://login.microsoftonline.com/fake-tenant-id/oauth2/v2.0/token",
        "token_endpoint_auth_methods_supported": [
          "client_secret_post",
          "private_key_jwt",
          "client_secret_basic"
        ],
        "jwks_uri": "https://login.microsoftonline.com/fake-tenant-id/discovery/v2.0/keys",
        "response_modes_supported": [
          "query",
          "fragment",
          "form_post"
        ],
        "subject_types_supported": [
          "pairwise"
        ],
        "id_token_signing_alg_values_supported": [
          "RS256"
        ],
        "response_types_supported": [
          "code",
          "id_token",
          "code id_token",
          "id_token token"
        ],
        "scopes_supported": [
          "openid",
          "profile",
          "email",
          "offline_access"
        ],
        "issuer": "https://login.microsoftonline.com/fake-tenant-id/v2.0",
        "request_uri_parameter_supported": false,
        "userinfo_endpoint": "https://graph.microsoft.com/oidc/userinfo",
        "authorization_endpoint": "https://login.microsoftonline.com/fake-tenant-id/oauth2/v2.0/authorize",
        "device_authorization_endpoint": "https://login.microsoftonline.com/fake-tenant-id/oauth2/v2.0/devicecode",
        "http_logout_supported": true,
        "frontchannel_logout_supported": true,
        "end_session_endpoint": "https://login.microsoftonline.com/fake-tenant-id/oauth2/v2.0/logout",
        "claims_supported": [
          "sub",
          "iss",
          "cloud_instance_name",
          "cloud_instance_host_name",
          "cloud_graph_host_name",
          "msgraph_host",
          "aud",
          "exp",
          "iat",
          "auth_time",
          "acr",
          "nonce",
          "preferred_username",
          "name",
          "tid",
          "ver",
          "at_hash",
          "c_hash",
          "email"
        ],
        "kerberos_endpoint": "https://login.microsoftonline.com/fake-tenant-id/kerberos",
        "tenant_region_scope": "WW",
        "cloud_instance_name": "microsoftonline.com",
        "cloud_graph_host_name": "graph.windows.net",
        "msgraph_host": "graph.microsoft.com",
        "rbac_url": "https://pas.windows.net"
      }
    },
    {
      "RequestUri": "https://fake-endpoint.azconfig.io/kv/message?label=%00\u0026api-version=1970-01-01",
      "RequestMethod": "PUT",
      "RequestHeaders": {
        "Accept": "application/vnd.microsoft.appconfig.kv\u002Bjson, application/json, application/problem\u002Bjson",
        "Accept-Encoding": "gzip, deflate",
        "Connection": "keep-alive",
        "Content-Length": "94",
        "Content-Type": "application/json",
        "User-Agent": "azsdk-python-appconfiguration/1.4.0 Python/3.10.11 (Windows-10-10.0.22631-SP0)"
      },
      "RequestBody": {
        "key": "message",
        "label": "\u0000",
        "content_type": "text/plain",
        "value": "hi",
        "tags": {}
      },
      "StatusCode": 200,
      "ResponseHeaders": {
        "Access-Control-Allow-Origin": "*",
        "Connection": "keep-alive",
        "Content-Type": "application/vnd.microsoft.appconfig.kv\u002Bjson; charset=utf-8",
        "Date": "Wed, 06 Dec 2023 00:02:57 GMT",
        "ETag": "\u0022wHQ03nT8h33qkXy4ePvHeOuMFposVpz6N7N4MBhlpVs\u0022",
        "Last-Modified": "Wed, 06 Dec 2023 00:02:57 GMT",
        "Strict-Transport-Security": "max-age=15724800; includeSubDomains",
        "Sync-Token": "zAJw6V16=NzoxNyMyNDQzOTgwMg==;sn=24439802",
        "Transfer-Encoding": "chunked",
        "x-ms-correlation-request-id": "103c1111-34a2-4ad8-8299-9d2bdc0e0493"
      },
      "ResponseBody": {
        "etag": "wHQ03nT8h33qkXy4ePvHeOuMFposVpz6N7N4MBhlpVs",
        "key": "message",
        "label": null,
        "content_type": "text/plain",
        "value": "hi",
        "tags": {},
        "locked": false,
        "last_modified": "2023-12-06T00:02:57\u002B00:00"
      }
    },
    {
      "RequestUri": "https://fake-endpoint.azconfig.io/kv/message?label=dev\u0026api-version=1970-01-01",
      "RequestMethod": "PUT",
      "RequestHeaders": {
        "Accept": "application/vnd.microsoft.appconfig.kv\u002Bjson, application/json, application/problem\u002Bjson",
        "Accept-Encoding": "gzip, deflate",
        "Connection": "keep-alive",
        "Content-Length": "93",
        "Content-Type": "application/json",
        "Sync-Token": "zAJw6V16=NzoxNyMyNDQzOTgwMg==",
        "User-Agent": "azsdk-python-appconfiguration/1.4.0 Python/3.10.11 (Windows-10-10.0.22631-SP0)"
      },
      "RequestBody": {
        "key": "message",
        "label": "dev",
        "content_type": "text/plain",
        "value": "test",
        "tags": {}
      },
      "StatusCode": 200,
      "ResponseHeaders": {
        "Access-Control-Allow-Origin": "*",
        "Connection": "keep-alive",
        "Content-Type": "application/vnd.microsoft.appconfig.kv\u002Bjson; charset=utf-8",
        "Date": "Wed, 06 Dec 2023 00:02:57 GMT",
        "ETag": "\u0022Rf9Goe_dl6_4J9uxfANAM8TZxtwIFJNdcqm79AxuhCQ\u0022",
        "Last-Modified": "Wed, 06 Dec 2023 00:02:57 GMT",
        "Strict-Transport-Security": "max-age=15724800; includeSubDomains",
        "Sync-Token": "zAJw6V16=NzoxNyMyNDQzOTgwNA==;sn=24439804",
        "Transfer-Encoding": "chunked",
        "x-ms-correlation-request-id": "14b5f3d2-7a71-414f-9b19-abd955182ddb"
      },
      "ResponseBody": {
        "etag": "Rf9Goe_dl6_4J9uxfANAM8TZxtwIFJNdcqm79AxuhCQ",
        "key": "message",
        "label": "dev",
        "content_type": "text/plain",
        "value": "test",
        "tags": {},
        "locked": false,
        "last_modified": "2023-12-06T00:02:57\u002B00:00"
      }
    },
    {
      "RequestUri": "https://fake-endpoint.azconfig.io/kv/my_json?label=%00\u0026api-version=1970-01-01",
      "RequestMethod": "PUT",
      "RequestHeaders": {
        "Accept": "application/vnd.microsoft.appconfig.kv\u002Bjson, application/json, application/problem\u002Bjson",
        "Accept-Encoding": "gzip, deflate",
        "Connection": "keep-alive",
        "Content-Length": "118",
        "Content-Type": "application/json",
        "Sync-Token": "zAJw6V16=NzoxNyMyNDQzOTgwNA==",
        "User-Agent": "azsdk-python-appconfiguration/1.4.0 Python/3.10.11 (Windows-10-10.0.22631-SP0)"
      },
      "RequestBody": {
        "key": "my_json",
        "label": "\u0000",
        "content_type": "application/json",
        "value": "{\u0022key\u0022: \u0022value\u0022}",
        "tags": {}
      },
      "StatusCode": 200,
      "ResponseHeaders": {
        "Access-Control-Allow-Origin": "*",
        "Connection": "keep-alive",
        "Content-Type": "application/vnd.microsoft.appconfig.kv\u002Bjson; charset=utf-8",
        "Date": "Wed, 06 Dec 2023 00:02:57 GMT",
        "ETag": "\u0022e4MhvCxrNIrdJ_1OE3TpLwZ_PnKexdZLz4sUXLi2JKU\u0022",
        "Last-Modified": "Wed, 06 Dec 2023 00:02:57 GMT",
        "Strict-Transport-Security": "max-age=15724800; includeSubDomains",
        "Sync-Token": "zAJw6V16=NzoxNyMyNDQzOTgwNg==;sn=24439806",
        "Transfer-Encoding": "chunked",
        "x-ms-correlation-request-id": "3f854a80-335c-48f8-93e2-2908fa99297d"
      },
      "ResponseBody": {
        "etag": "e4MhvCxrNIrdJ_1OE3TpLwZ_PnKexdZLz4sUXLi2JKU",
        "key": "my_json",
        "label": null,
        "content_type": "application/json",
        "value": "{\u0022key\u0022: \u0022value\u0022}",
        "tags": {},
        "locked": false,
        "last_modified": "2023-12-06T00:02:57\u002B00:00"
      }
    },
    {
      "RequestUri": "https://fake-endpoint.azconfig.io/kv/test.trimmed?label=%00\u0026api-version=1970-01-01",
      "RequestMethod": "PUT",
      "RequestHeaders": {
        "Accept": "application/vnd.microsoft.appconfig.kv\u002Bjson, application/json, application/problem\u002Bjson",
        "Accept-Encoding": "gzip, deflate",
        "Connection": "keep-alive",
        "Content-Length": "100",
        "Content-Type": "application/json",
        "Sync-Token": "zAJw6V16=NzoxNyMyNDQzOTgwNg==",
        "User-Agent": "azsdk-python-appconfiguration/1.4.0 Python/3.10.11 (Windows-10-10.0.22631-SP0)"
      },
      "RequestBody": {
        "key": "test.trimmed",
        "label": "\u0000",
        "content_type": "text/plain",
        "value": "key",
        "tags": {}
      },
      "StatusCode": 200,
      "ResponseHeaders": {
        "Access-Control-Allow-Origin": "*",
        "Connection": "keep-alive",
        "Content-Type": "application/vnd.microsoft.appconfig.kv\u002Bjson; charset=utf-8",
        "Date": "Wed, 06 Dec 2023 00:02:57 GMT",
        "ETag": "\u00220NlG1jM8M7nZevzx8xpdLTbhmzpEOUZ0M0x_ywEEduk\u0022",
        "Last-Modified": "Wed, 06 Dec 2023 00:02:57 GMT",
        "Strict-Transport-Security": "max-age=15724800; includeSubDomains",
        "Sync-Token": "zAJw6V16=NzoxNyMyNDQzOTgwOA==;sn=24439808",
        "Transfer-Encoding": "chunked",
        "x-ms-correlation-request-id": "f59e290c-1e34-4444-8d87-5b07ee34aa3e"
      },
      "ResponseBody": {
        "etag": "0NlG1jM8M7nZevzx8xpdLTbhmzpEOUZ0M0x_ywEEduk",
        "key": "test.trimmed",
        "label": null,
        "content_type": "text/plain",
        "value": "key",
        "tags": {},
        "locked": false,
        "last_modified": "2023-12-06T00:02:57\u002B00:00"
      }
    },
    {
      "RequestUri": "https://fake-endpoint.azconfig.io/kv/refresh_message?label=%00\u0026api-version=1970-01-01",
      "RequestMethod": "PUT",
      "RequestHeaders": {
        "Accept": "application/vnd.microsoft.appconfig.kv\u002Bjson, application/json, application/problem\u002Bjson",
        "Accept-Encoding": "gzip, deflate",
        "Connection": "keep-alive",
        "Content-Length": "114",
        "Content-Type": "application/json",
        "Sync-Token": "zAJw6V16=NzoxNyMyNDQzOTgwOA==",
        "User-Agent": "azsdk-python-appconfiguration/1.4.0 Python/3.10.11 (Windows-10-10.0.22631-SP0)"
      },
      "RequestBody": {
        "key": "refresh_message",
        "label": "\u0000",
        "content_type": "text/plain",
        "value": "original value",
        "tags": {}
      },
      "StatusCode": 200,
      "ResponseHeaders": {
        "Access-Control-Allow-Origin": "*",
        "Connection": "keep-alive",
        "Content-Type": "application/vnd.microsoft.appconfig.kv\u002Bjson; charset=utf-8",
        "Date": "Wed, 06 Dec 2023 00:02:57 GMT",
        "ETag": "\u0022AjyJreNUm_I_Pm-CwTgknNcEuEbkorxu9KErEKbnmKc\u0022",
        "Last-Modified": "Wed, 06 Dec 2023 00:02:57 GMT",
        "Strict-Transport-Security": "max-age=15724800; includeSubDomains",
        "Sync-Token": "zAJw6V16=NzoxNyMyNDQzOTgxMA==;sn=24439810",
        "Transfer-Encoding": "chunked",
        "x-ms-correlation-request-id": "faf986d2-15e9-4d38-9534-c8a1b4592b9c"
      },
      "ResponseBody": {
        "etag": "AjyJreNUm_I_Pm-CwTgknNcEuEbkorxu9KErEKbnmKc",
        "key": "refresh_message",
        "label": null,
        "content_type": "text/plain",
        "value": "original value",
        "tags": {},
        "locked": false,
        "last_modified": "2023-12-06T00:02:57\u002B00:00"
      }
    },
    {
      "RequestUri": "https://fake-endpoint.azconfig.io/kv/non_refreshed_message?label=%00\u0026api-version=1970-01-01",
      "RequestMethod": "PUT",
      "RequestHeaders": {
        "Accept": "application/vnd.microsoft.appconfig.kv\u002Bjson, application/json, application/problem\u002Bjson",
        "Accept-Encoding": "gzip, deflate",
        "Connection": "keep-alive",
        "Content-Length": "112",
        "Content-Type": "application/json",
        "Sync-Token": "zAJw6V16=NzoxNyMyNDQzOTgxMA==",
        "User-Agent": "azsdk-python-appconfiguration/1.4.0 Python/3.10.11 (Windows-10-10.0.22631-SP0)"
      },
      "RequestBody": {
        "key": "non_refreshed_message",
        "label": "\u0000",
        "content_type": "text/plain",
        "value": "Static",
        "tags": {}
      },
      "StatusCode": 200,
      "ResponseHeaders": {
        "Access-Control-Allow-Origin": "*",
        "Connection": "keep-alive",
        "Content-Type": "application/vnd.microsoft.appconfig.kv\u002Bjson; charset=utf-8",
        "Date": "Wed, 06 Dec 2023 00:02:57 GMT",
        "ETag": "\u0022DHIdMjYMFn6ZkzoNQ3q9qywVNy35bi2ysX_YqGkj7zQ\u0022",
        "Last-Modified": "Wed, 06 Dec 2023 00:02:57 GMT",
        "Strict-Transport-Security": "max-age=15724800; includeSubDomains",
        "Sync-Token": "zAJw6V16=NzoxNyMyNDQzOTgxMg==;sn=24439812",
        "Transfer-Encoding": "chunked",
        "x-ms-correlation-request-id": "6f4d7f67-0b9c-4897-8849-36f1ebd7dcc9"
      },
      "ResponseBody": {
        "etag": "DHIdMjYMFn6ZkzoNQ3q9qywVNy35bi2ysX_YqGkj7zQ",
        "key": "non_refreshed_message",
        "label": null,
        "content_type": "text/plain",
        "value": "Static",
        "tags": {},
        "locked": false,
        "last_modified": "2023-12-06T00:02:57\u002B00:00"
      }
    },
    {
      "RequestUri": "https://fake-endpoint.azconfig.io/kv/.appconfig.featureflag%2FAlpha?label=%00\u0026api-version=1970-01-01",
      "RequestMethod": "PUT",
      "RequestHeaders": {
        "Accept": "application/vnd.microsoft.appconfig.kv\u002Bjson, application/json, application/problem\u002Bjson",
        "Accept-Encoding": "gzip, deflate",
        "Connection": "keep-alive",
        "Content-Length": "270",
        "Content-Type": "application/json",
        "Sync-Token": "zAJw6V16=NzoxNyMyNDQzOTgxMg==",
        "User-Agent": "azsdk-python-appconfiguration/1.4.0 Python/3.10.11 (Windows-10-10.0.22631-SP0)"
      },
      "RequestBody": {
        "key": ".appconfig.featureflag/Alpha",
        "label": "\u0000",
        "content_type": "application/vnd.microsoft.appconfig.ff\u002Bjson;charset=utf-8",
        "value": "{\t\u0022id\u0022: \u0022Alpha\u0022, \u0022description\u0022: \u0022\u0022, \u0022enabled\u0022: false, \u0022conditions\u0022: {\t\u0022client_filters\u0022: []\t}}",
        "tags": {}
      },
      "StatusCode": 200,
      "ResponseHeaders": {
        "Access-Control-Allow-Origin": "*",
        "Connection": "keep-alive",
        "Content-Type": "application/vnd.microsoft.appconfig.kv\u002Bjson; charset=utf-8",
        "Date": "Wed, 06 Dec 2023 00:02:57 GMT",
        "ETag": "\u0022XGJ0KPYJYloEpRqMbq0wxSInnMvY-oIXSye-dsiEprQ\u0022",
        "Last-Modified": "Wed, 06 Dec 2023 00:02:57 GMT",
        "Strict-Transport-Security": "max-age=15724800; includeSubDomains",
        "Sync-Token": "zAJw6V16=NzoxNyMyNDQzOTgxNA==;sn=24439814",
        "Transfer-Encoding": "chunked",
        "x-ms-correlation-request-id": "9c1019c5-c2dc-4b3a-a835-91102ca39dae"
      },
      "ResponseBody": {
        "etag": "XGJ0KPYJYloEpRqMbq0wxSInnMvY-oIXSye-dsiEprQ",
        "key": ".appconfig.featureflag/Alpha",
        "label": null,
        "content_type": "application/vnd.microsoft.appconfig.ff\u002Bjson;charset=utf-8",
        "value": "{\t\u0022id\u0022: \u0022Alpha\u0022, \u0022description\u0022: \u0022\u0022, \u0022enabled\u0022: false, \u0022conditions\u0022: {\t\u0022client_filters\u0022: []\t}}",
        "tags": {},
        "locked": false,
        "last_modified": "2023-12-06T00:02:57\u002B00:00"
      }
    },
    {
      "RequestUri": "https://fake-endpoint.azconfig.io/kv/secret?label=prod\u0026api-version=1970-01-01",
      "RequestMethod": "PUT",
      "RequestHeaders": {
        "Accept": "application/vnd.microsoft.appconfig.kv\u002Bjson, application/json, application/problem\u002Bjson",
        "Accept-Encoding": "gzip, deflate",
        "Connection": "keep-alive",
        "Content-Length": "217",
        "Content-Type": "application/json",
        "Sync-Token": "zAJw6V16=NzoxNyMyNDQzOTgxNA==",
        "User-Agent": "azsdk-python-appconfiguration/1.4.0 Python/3.10.11 (Windows-10-10.0.22631-SP0)"
      },
      "RequestBody": {
        "key": "secret",
        "label": "prod",
        "content_type": "application/vnd.microsoft.appconfig.keyvaultref\u002Bjson;charset=utf-8",
        "value": "{\u0022uri\u0022:\u0022https://fake-keyvault.vault.azure.net/secrets/fake-secret/\u0022}",
        "tags": {}
      },
      "StatusCode": 200,
      "ResponseHeaders": {
        "Access-Control-Allow-Origin": "*",
        "Connection": "keep-alive",
        "Content-Type": "application/vnd.microsoft.appconfig.kv\u002Bjson; charset=utf-8",
        "Date": "Wed, 06 Dec 2023 00:02:57 GMT",
        "ETag": "\u00227bEN1pYqf29o2xCkCSyUCiyp4GD-z430b0L1Pmmn_eo\u0022",
        "Last-Modified": "Wed, 06 Dec 2023 00:02:57 GMT",
        "Strict-Transport-Security": "max-age=15724800; includeSubDomains",
        "Sync-Token": "zAJw6V16=NzoxNyMyNDQzOTgxNg==;sn=24439816",
        "Transfer-Encoding": "chunked",
        "x-ms-correlation-request-id": "c4944de3-f63c-4ab8-a1ee-0892fa607ee0"
      },
      "ResponseBody": {
        "etag": "7bEN1pYqf29o2xCkCSyUCiyp4GD-z430b0L1Pmmn_eo",
        "key": "secret",
        "label": "prod",
        "content_type": "application/vnd.microsoft.appconfig.keyvaultref\u002Bjson;charset=utf-8",
        "value": "{\u0022uri\u0022:\u0022https://fake-keyvault.vault.azure.net/secrets/fake-secret/\u0022}",
        "tags": {},
        "locked": false,
        "last_modified": "2023-12-06T00:02:57\u002B00:00"
      }
    },
    {
      "RequestUri": "https://fake-endpoint.azconfig.io/kv?key=message%2A\u0026label=dev\u0026api-version=1970-01-01",
      "RequestMethod": "GET",
      "RequestHeaders": {
        "Accept": "application/vnd.microsoft.appconfig.kvset\u002Bjson, application/json, application/problem\u002Bjson",
        "Accept-Encoding": "gzip, deflate",
        "Connection": "keep-alive",
        "Correlation-Context": "RequestType=Startup,UsesKeyVault",
        "User-Agent": "SDK/Integration python-appconfiguration-provider/1.1.0b3 azsdk-python-appconfiguration/1.4.0 Python/3.10.11 (Windows-10-10.0.22631-SP0)"
      },
      "RequestBody": null,
      "StatusCode": 200,
      "ResponseHeaders": {
        "Access-Control-Allow-Origin": "*",
        "Connection": "keep-alive",
        "Content-Type": "application/vnd.microsoft.appconfig.kvset\u002Bjson; charset=utf-8",
        "Date": "Wed, 06 Dec 2023 00:02:57 GMT",
        "Strict-Transport-Security": "max-age=15724800; includeSubDomains",
        "Sync-Token": "zAJw6V16=NzoxNyMyNDQzOTgxNw==;sn=24439817",
        "Transfer-Encoding": "chunked",
        "x-ms-correlation-request-id": "e4573fc5-6333-432d-a933-142c333bb9b3"
      },
      "ResponseBody": {
        "items": [
          {
            "etag": "Rf9Goe_dl6_4J9uxfANAM8TZxtwIFJNdcqm79AxuhCQ",
            "key": "message",
            "label": "dev",
            "content_type": "text/plain",
            "value": "test",
            "tags": {},
            "locked": false,
            "last_modified": "2023-12-06T00:02:57\u002B00:00"
          }
        ]
      }
    }
  ],
  "Variables": {}
}
