{
  "Entries": [
    {
      "RequestUri": "https://Sanitized.azconfig.io/kv/message?api-version=1970-01-01",
      "RequestMethod": "PUT",
      "RequestHeaders": {
        "Accept": "*/*",
        "Accept-Encoding": "gzip, deflate",
        "Connection": "keep-alive",
        "Content-Length": "94",
        "Content-Type": "application/json",
        "User-Agent": "azsdk-python-appconfiguration/1.7.2 Python/3.11.9 (Windows-10-10.0.26100-SP0)",
        "x-ms-content-sha256": "Sanitized",
        "x-ms-date": "Apr, 15 2025 18:41:14.717006 GMT"
      },
      "RequestBody": {
        "key": "message",
        "label": "\u0000",
        "value": "hi",
        "content_type": "text/plain",
        "tags": {}
      },
      "StatusCode": 200,
      "ResponseHeaders": {
        "Access-Control-Allow-Origin": "*",
        "Connection": "keep-alive",
        "Content-Type": "application/vnd.microsoft.appconfig.kv+json; charset=utf-8",
        "Date": "Tue, 15 Apr 2025 18:41:14 GMT",
        "ETag": "\"pI7QnGWp8LmnKj4iC3m07PFp8dHF8pv4CJDthY1NgiU\"",
        "Last-Modified": "Tue, 15 Apr 2025 18:41:14 GMT",
        "Strict-Transport-Security": "max-age=31536000; includeSubDomains",
        "Transfer-Encoding": "chunked",
        "x-ms-correlation-request-id": "0b5deef1-4bd9-41ad-97ee-582744f4410c"
      },
      "ResponseBody": {
        "etag": "Sanitized",
        "key": "message",
        "label": null,
        "content_type": "text/plain",
        "value": "hi",
        "tags": {},
        "locked": false,
        "last_modified": "2025-04-15T18:41:14+00:00"
      }
    },
    {
      "RequestUri": "https://Sanitized.azconfig.io/kv/message?api-version=1970-01-01",
      "RequestMethod": "PUT",
      "RequestHeaders": {
        "Accept": "*/*",
        "Accept-Encoding": "gzip, deflate",
        "Connection": "keep-alive",
        "Content-Length": "93",
        "Content-Type": "application/json",
        "User-Agent": "azsdk-python-appconfiguration/1.7.2 Python/3.11.9 (Windows-10-10.0.26100-SP0)",
        "x-ms-content-sha256": "Sanitized",
        "x-ms-date": "Apr, 15 2025 18:41:14.732875 GMT"
      },
      "RequestBody": {
        "key": "message",
        "label": "dev",
        "value": "test",
        "content_type": "text/plain",
        "tags": {}
      },
      "StatusCode": 200,
      "ResponseHeaders": {
        "Access-Control-Allow-Origin": "*",
        "Connection": "keep-alive",
        "Content-Type": "application/vnd.microsoft.appconfig.kv+json; charset=utf-8",
        "Date": "Tue, 15 Apr 2025 18:41:14 GMT",
        "ETag": "\"25spl2tu0zWNJCqq6mm_DlKYuR_Wr2Ut7pmNr2tnLkQ\"",
        "Last-Modified": "Tue, 15 Apr 2025 18:41:14 GMT",
        "Strict-Transport-Security": "max-age=31536000; includeSubDomains",
        "Transfer-Encoding": "chunked",
        "x-ms-correlation-request-id": "d1516bca-5019-450e-8105-0d43d2184be1"
      },
      "ResponseBody": {
        "etag": "Sanitized",
        "key": "message",
        "label": "dev",
        "content_type": "text/plain",
        "value": "test",
        "tags": {},
        "locked": false,
        "last_modified": "2025-04-15T18:41:14+00:00"
      }
    },
    {
      "RequestUri": "https://Sanitized.azconfig.io/kv/my_json?api-version=1970-01-01",
      "RequestMethod": "PUT",
      "RequestHeaders": {
        "Accept": "*/*",
        "Accept-Encoding": "gzip, deflate",
        "Connection": "keep-alive",
        "Content-Length": "118",
        "Content-Type": "application/json",
        "User-Agent": "azsdk-python-appconfiguration/1.7.2 Python/3.11.9 (Windows-10-10.0.26100-SP0)",
        "x-ms-content-sha256": "Sanitized",
        "x-ms-date": "Apr, 15 2025 18:41:14.750027 GMT"
      },
      "RequestBody": {
        "key": "my_json",
        "label": "\u0000",
        "value": "{\"key\": \"value\"}",
        "content_type": "application/json",
        "tags": {}
      },
      "StatusCode": 200,
      "ResponseHeaders": {
        "Access-Control-Allow-Origin": "*",
        "Connection": "keep-alive",
        "Content-Type": "application/vnd.microsoft.appconfig.kv+json; charset=utf-8",
        "Date": "Tue, 15 Apr 2025 18:41:14 GMT",
        "ETag": "\"KRSqFygwnWXvlerYoUyXr63ow5VqJpXO0CWltPc1Ggg\"",
        "Last-Modified": "Tue, 15 Apr 2025 18:41:14 GMT",
        "Strict-Transport-Security": "max-age=31536000; includeSubDomains",
        "Transfer-Encoding": "chunked",
        "x-ms-correlation-request-id": "3f7ae0ff-d073-481f-b461-bcfa50c1ba4e"
      },
      "ResponseBody": {
        "etag": "Sanitized",
        "key": "my_json",
        "label": null,
        "content_type": "application/json",
        "value": "{\"key\": \"value\"}",
        "tags": {},
        "locked": false,
        "last_modified": "2025-04-15T18:41:14+00:00"
      }
    },
    {
      "RequestUri": "https://Sanitized.azconfig.io/kv/test.trimmed?api-version=1970-01-01",
      "RequestMethod": "PUT",
      "RequestHeaders": {
        "Accept": "*/*",
        "Accept-Encoding": "gzip, deflate",
        "Connection": "keep-alive",
        "Content-Length": "100",
        "Content-Type": "application/json",
        "User-Agent": "azsdk-python-appconfiguration/1.7.2 Python/3.11.9 (Windows-10-10.0.26100-SP0)",
        "x-ms-content-sha256": "Sanitized",
        "x-ms-date": "Apr, 15 2025 18:41:14.765901 GMT"
      },
      "RequestBody": {
        "key": "test.trimmed",
        "label": "\u0000",
        "value": "key",
        "content_type": "text/plain",
        "tags": {}
      },
      "StatusCode": 200,
      "ResponseHeaders": {
        "Access-Control-Allow-Origin": "*",
        "Connection": "keep-alive",
        "Content-Type": "application/vnd.microsoft.appconfig.kv+json; charset=utf-8",
        "Date": "Tue, 15 Apr 2025 18:41:14 GMT",
        "ETag": "\"uf_VsaQzKxZarSRBdRCDHXic5aZoLndwMXJOcPUaoRQ\"",
        "Last-Modified": "Tue, 15 Apr 2025 18:41:14 GMT",
        "Strict-Transport-Security": "max-age=31536000; includeSubDomains",
        "Transfer-Encoding": "chunked",
        "x-ms-correlation-request-id": "6b96945f-83e2-4e5b-bdf3-d9c19e896c0f"
      },
      "ResponseBody": {
        "etag": "Sanitized",
        "key": "test.trimmed",
        "label": null,
        "content_type": "text/plain",
        "value": "key",
        "tags": {},
        "locked": false,
        "last_modified": "2025-04-15T18:41:14+00:00"
      }
    },
    {
      "RequestUri": "https://Sanitized.azconfig.io/kv/refresh_message?api-version=1970-01-01",
      "RequestMethod": "PUT",
      "RequestHeaders": {
        "Accept": "*/*",
        "Accept-Encoding": "gzip, deflate",
        "Connection": "keep-alive",
        "Content-Length": "114",
        "Content-Type": "application/json",
        "User-Agent": "azsdk-python-appconfiguration/1.7.2 Python/3.11.9 (Windows-10-10.0.26100-SP0)",
        "x-ms-content-sha256": "Sanitized",
        "x-ms-date": "Apr, 15 2025 18:41:14.783525 GMT"
      },
      "RequestBody": {
        "key": "refresh_message",
        "label": "\u0000",
        "value": "original value",
        "content_type": "text/plain",
        "tags": {}
      },
      "StatusCode": 200,
      "ResponseHeaders": {
        "Access-Control-Allow-Origin": "*",
        "Connection": "keep-alive",
        "Content-Type": "application/vnd.microsoft.appconfig.kv+json; charset=utf-8",
        "Date": "Tue, 15 Apr 2025 18:41:14 GMT",
        "ETag": "\"-EXbCN2OO6iUrMgMWJl1UyK-7yCnDzSquCuMEsOpKM0\"",
        "Last-Modified": "Tue, 15 Apr 2025 18:41:14 GMT",
        "Strict-Transport-Security": "max-age=31536000; includeSubDomains",
        "Transfer-Encoding": "chunked",
        "x-ms-correlation-request-id": "749d8e9d-06b3-4622-8c84-6064965cfe9f"
      },
      "ResponseBody": {
        "etag": "Sanitized",
        "key": "refresh_message",
        "label": null,
        "content_type": "text/plain",
        "value": "original value",
        "tags": {},
        "locked": false,
        "last_modified": "2025-04-15T18:41:14+00:00"
      }
    },
    {
      "RequestUri": "https://Sanitized.azconfig.io/kv/non_refreshed_message?api-version=1970-01-01",
      "RequestMethod": "PUT",
      "RequestHeaders": {
        "Accept": "*/*",
        "Accept-Encoding": "gzip, deflate",
        "Connection": "keep-alive",
        "Content-Length": "112",
        "Content-Type": "application/json",
        "User-Agent": "azsdk-python-appconfiguration/1.7.2 Python/3.11.9 (Windows-10-10.0.26100-SP0)",
        "x-ms-content-sha256": "Sanitized",
        "x-ms-date": "Apr, 15 2025 18:41:14.797374 GMT"
      },
      "RequestBody": {
        "key": "non_refreshed_message",
        "label": "\u0000",
        "value": "Static",
        "content_type": "text/plain",
        "tags": {}
      },
      "StatusCode": 200,
      "ResponseHeaders": {
        "Access-Control-Allow-Origin": "*",
        "Connection": "keep-alive",
        "Content-Type": "application/vnd.microsoft.appconfig.kv+json; charset=utf-8",
        "Date": "Tue, 15 Apr 2025 18:41:14 GMT",
        "ETag": "\"GF4sUNUxiz_yiED-UCj2UzyQAoFfNCC5Z7t_gvBbZEQ\"",
        "Last-Modified": "Tue, 15 Apr 2025 18:41:14 GMT",
        "Strict-Transport-Security": "max-age=31536000; includeSubDomains",
        "Transfer-Encoding": "chunked",
        "x-ms-correlation-request-id": "545502d9-73c0-4edd-9992-309f83676ebc"
      },
      "ResponseBody": {
        "etag": "Sanitized",
        "key": "non_refreshed_message",
        "label": null,
        "content_type": "text/plain",
        "value": "Static",
        "tags": {},
        "locked": false,
        "last_modified": "2025-04-15T18:41:14+00:00"
      }
    },
    {
      "RequestUri": "https://Sanitized.azconfig.io/kv/.appconfig.featureflag%2FAlpha?api-version=1970-01-01",
      "RequestMethod": "PUT",
      "RequestHeaders": {
        "Accept": "*/*",
        "Accept-Encoding": "gzip, deflate",
        "Connection": "keep-alive",
        "Content-Length": "270",
        "Content-Type": "application/json",
        "User-Agent": "azsdk-python-appconfiguration/1.7.2 Python/3.11.9 (Windows-10-10.0.26100-SP0)",
        "x-ms-content-sha256": "Sanitized",
        "x-ms-date": "Apr, 15 2025 18:41:14.810978 GMT"
      },
      "RequestBody": {
        "key": ".appconfig.featureflag/Alpha",
        "label": "\u0000",
        "value": "{\t\"id\": \"Alpha\", \"description\": \"\", \"enabled\": false, \"conditions\": {\t\"client_filters\": []\t}}",
        "content_type": "application/vnd.microsoft.appconfig.ff+json;charset=utf-8",
        "tags": {}
      },
      "StatusCode": 200,
      "ResponseHeaders": {
        "Access-Control-Allow-Origin": "*",
        "Connection": "keep-alive",
        "Content-Type": "application/vnd.microsoft.appconfig.kv+json; charset=utf-8",
        "Date": "Tue, 15 Apr 2025 18:41:14 GMT",
        "ETag": "\"cdoJEQ0hUMegJvdemFT8XzyGytF4kj5Eox8gCvz6B8s\"",
        "Last-Modified": "Tue, 15 Apr 2025 18:41:14 GMT",
        "Strict-Transport-Security": "max-age=31536000; includeSubDomains",
        "Transfer-Encoding": "chunked",
        "x-ms-correlation-request-id": "eacdff2f-f78c-4567-9be5-6230c10ec295"
      },
      "ResponseBody": {
        "etag": "Sanitized",
        "key": ".appconfig.featureflag/Alpha",
        "label": null,
        "content_type": "application/vnd.microsoft.appconfig.ff+json;charset=utf-8",
        "value": "{\t\"id\": \"Alpha\", \"description\": \"\", \"enabled\": false, \"conditions\": {\t\"client_filters\": []\t}}",
        "tags": {},
        "locked": false,
        "last_modified": "2025-04-15T18:41:14+00:00"
      }
    },
    {
      "RequestUri": "https://Sanitized.azconfig.io/kv/secret?api-version=1970-01-01",
      "RequestMethod": "PUT",
      "RequestHeaders": {
        "Accept": "*/*",
        "Accept-Encoding": "gzip, deflate",
        "Connection": "keep-alive",
        "Content-Length": "213",
        "Content-Type": "application/json",
        "User-Agent": "azsdk-python-appconfiguration/1.7.2 Python/3.11.9 (Windows-10-10.0.26100-SP0)",
        "x-ms-content-sha256": "Sanitized",
        "x-ms-date": "Apr, 15 2025 18:41:14.826851 GMT"
      },
      "RequestBody": {
        "key": "secret",
        "label": "prod",
        "value": "{\"uri\":\"https://Sanitized.vault.azure.net/secrets/fake-secret/\"}",
        "content_type": "application/vnd.microsoft.appconfig.keyvaultref+json;charset=utf-8",
        "tags": {}
      },
      "StatusCode": 200,
      "ResponseHeaders": {
        "Access-Control-Allow-Origin": "*",
        "Connection": "keep-alive",
        "Content-Type": "application/vnd.microsoft.appconfig.kv+json; charset=utf-8",
        "Date": "Tue, 15 Apr 2025 18:41:14 GMT",
        "ETag": "\"VLjCK1WlIO2CAgebrU7Hg4i6AYvNIHGsA4LbsZBJ_0s\"",
        "Last-Modified": "Tue, 15 Apr 2025 18:41:14 GMT",
        "Strict-Transport-Security": "max-age=31536000; includeSubDomains",
        "Transfer-Encoding": "chunked",
        "x-ms-correlation-request-id": "a0f2922f-4588-4f9e-bfcc-588d24682b67"
      },
      "ResponseBody": {
        "etag": "Sanitized",
        "key": "secret",
        "label": "prod",
        "content_type": "application/vnd.microsoft.appconfig.keyvaultref+json;charset=utf-8",
        "value": "{\"uri\":\"https://Sanitized.vault.azure.net/secrets/fake-secret/\"}",
        "tags": {},
        "locked": false,
        "last_modified": "2025-04-15T18:41:14+00:00"
      }
    },
    {
      "RequestUri": "https://Sanitized.azconfig.io/kv?api-version=1970-01-01",
      "RequestMethod": "GET",
      "RequestHeaders": {
        "Accept": "*/*",
        "Accept-Encoding": "gzip, deflate",
        "Connection": "keep-alive",
        "User-Agent": "SDK/Integration SDK/Integration python-appconfiguration-provider/2.0.1 azsdk-python-appconfiguration/1.7.2 Python/3.11.9 (Windows-10-10.0.26100-SP0)",
        "x-ms-content-sha256": "Sanitized",
        "x-ms-date": "Apr, 15 2025 18:41:14.881701 GMT"
      },
      "RequestBody": null,
      "StatusCode": 200,
      "ResponseHeaders": {
        "Access-Control-Allow-Origin": "*",
        "Connection": "keep-alive",
        "Content-Type": "application/vnd.microsoft.appconfig.kvset+json; charset=utf-8",
        "Date": "Tue, 15 Apr 2025 18:41:14 GMT",
        "ETag": "\"wll_sD_a6_LfqKE7kd8NjmZ1Gv18sWdU-UvUCVxvw-E\"",
        "Strict-Transport-Security": "max-age=31536000; includeSubDomains",
        "Transfer-Encoding": "chunked",
        "x-ms-correlation-request-id": "8c076afb-b001-474c-bd35-a5d085fe89b1"
      },
      "ResponseBody": {
        "etag": "Sanitized",
        "items": [
          {
            "etag": "Sanitized",
            "key": ".appconfig.featureflag/Alpha",
            "label": null,
            "content_type": "application/vnd.microsoft.appconfig.ff+json;charset=utf-8",
            "value": "{\t\"id\": \"Alpha\", \"description\": \"\", \"enabled\": false, \"conditions\": {\t\"client_filters\": []\t}}",
            "tags": {},
            "locked": false,
            "last_modified": "2025-04-15T18:41:14+00:00"
          },
          {
            "etag": "Sanitized",
            "key": ".appconfig.featureflag/Beta",
            "label": null,
            "content_type": "application/vnd.microsoft.appconfig.ff+json;charset=utf-8",
            "value": "{\"id\":\"Beta\",\"enabled\":true,\"conditions\":{\"client_filters\":[]},\"display_name\":null,\"description\":null,\"telemetry\":{\"enabled\":true}}",
            "tags": {},
            "locked": false,
            "last_modified": "2025-02-24T18:04:36+00:00"
          },
          {
            "etag": "Sanitized",
            "key": ".appconfig.featureflag/Greeting",
            "label": null,
            "content_type": "application/vnd.microsoft.appconfig.ff+json;charset=utf-8",
            "value": "{\"id\":\"Greeting\",\"enabled\":false,\"variants\":[{\"name\":\"Off\",\"configuration_value\":false},{\"name\":\"On\",\"configuration_value\":true}],\"allocation\":{\"percentile\":[{\"variant\":\"Off\",\"from\":0,\"to\":100}],\"default_when_enabled\":\"Off\",\"default_when_disabled\":\"Off\"},\"telemetry\":{\"enabled\":false}}",
            "tags": {},
            "locked": false,
            "last_modified": "2025-03-05T18:16:16+00:00"
          },
          {
            "etag": "Sanitized",
            "key": ".appconfig.featureflag/ID Test",
            "label": null,
            "content_type": "application/vnd.microsoft.appconfig.ff+json;charset=utf-8",
            "value": "{\"id\":\"IDTest\",\"description\":\"\",\"enabled\":true,\"conditions\":{\"client_filters\":[]}}",
            "tags": {},
            "locked": false,
            "last_modified": "2024-08-27T18:43:08+00:00"
          },
          {
            "etag": "Sanitized",
            "key": ".appconfig.featureflag/SpaceTest",
            "label": null,
            "content_type": "application/vnd.microsoft.appconfig.ff+json;charset=utf-8",
            "value": "{\"id\": \"There is a space in the feature id\", \"enabled\": true, \"conditions\": {\"client_filters\": []}, \"display_name\": null, \"description\": null}",
            "tags": {},
            "locked": false,
            "last_modified": "2024-08-15T18:44:29+00:00"
          },
          {
            "etag": "Sanitized",
            "key": ".appconfig.featureflag/TWF",
            "label": null,
            "content_type": "application/vnd.microsoft.appconfig.ff+json;charset=utf-8",
            "value": "{\"id\":\"TWF\",\"description\":\"\",\"enabled\":true,\"conditions\":{\"client_filters\":[{\"name\":\"Microsoft.TimeWindow\",\"parameters\":{\"Start\":\"Fri, 13 Dec 2024 08:00:00 GMT\",\"End\":\"Sat, 21 Dec 2024 08:00:00 GMT\",\"Recurrence\":{\"Pattern\":{\"Type\":\"Weekly\",\"Interval\":1,\"FirstDayOfWeek\":\"Sunday\",\"DaysOfWeek\":[\"Friday\"]},\"Range\":{\"Type\":\"NoEnd\"}}}}]}}",
            "tags": {},
            "locked": false,
            "last_modified": "2024-12-13T20:20:21+00:00"
          },
          {
            "etag": "Sanitized",
            "key": ".appconfig.featureflag/TelTest",
            "label": null,
            "content_type": "application/vnd.microsoft.appconfig.ff+json;charset=utf-8",
            "value": "{\"id\":\"TelTest\",\"enabled\":true,\"variants\":[{\"name\":\"Off\",\"configuration_value\":false},{\"name\":\"On\",\"configuration_value\":true}],\"allocation\":{\"percentile\":[{\"variant\":\"Off\",\"from\":0,\"to\":100}],\"default_when_enabled\":\"Off\",\"default_when_disabled\":\"Off\"},\"telemetry\":{\"enabled\":true}}",
            "tags": {},
            "locked": false,
            "last_modified": "2025-02-11T06:37:32+00:00"
          },
          {
            "etag": "Sanitized",
            "key": ".appconfig.featureflag/jkf",
            "label": null,
            "content_type": "application/vnd.microsoft.appconfig.ff+json;charset=utf-8",
            "value": "{\"id\":\"jkf\",\"description\":\"\",\"enabled\":true,\"conditions\":{\"client_filters\":[{\"name\":\"Microsoft.Targeting\",\"parameters\":{\"Audience\":{\"Users\":[\"gkl\"],\"Groups\":[{\"Name\":\"fk\",\"RolloutPercentage\":49}],\"DefaultRolloutPercentage\":50}}}]}}",
            "tags": {},
            "locked": false,
            "last_modified": "2024-08-29T17:38:18+00:00"
          },
          {
            "etag": "Sanitized",
            "key": "/application/config.message",
            "label": null,
            "content_type": "",
            "value": "application",
            "tags": {},
            "locked": false,
            "last_modified": "2024-09-03T18:43:06+00:00"
          },
          {
            "etag": "Sanitized",
            "key": "/custom/config.message",
            "label": null,
            "content_type": "",
            "value": "custom",
            "tags": {},
            "locked": false,
            "last_modified": "2024-09-03T18:38:58+00:00"
          },
          {
            "etag": "Sanitized",
            "key": "TestApp:Settings:Message",
            "label": null,
            "content_type": "",
            "value": "Data from Azure App Configuration",
            "tags": {},
            "locked": false,
            "last_modified": "2024-08-15T17:18:49+00:00"
          },
          {
            "etag": "Sanitized",
            "key": "app.greeting",
            "label": null,
            "content_type": "",
            "value": "Hello World",
            "tags": {},
            "locked": false,
            "last_modified": "2024-08-15T16:38:17+00:00"
          },
          {
            "etag": "Sanitized",
            "key": "app.json",
            "label": null,
            "content_type": "application/json",
            "value": "{\"myKey\":\"myValue\"}",
            "tags": {},
            "locked": false,
            "last_modified": "2024-08-15T16:38:43+00:00"
          },
          {
            "etag": "Sanitized",
            "key": "message",
            "label": null,
            "content_type": "text/plain",
            "value": "hi",
            "tags": {},
            "locked": false,
            "last_modified": "2025-04-15T18:41:14+00:00"
          },
          {
            "etag": "Sanitized",
            "key": "my_json",
            "label": null,
            "content_type": "application/json",
            "value": "{\"key\": \"value\"}",
            "tags": {},
            "locked": false,
            "last_modified": "2025-04-15T18:41:14+00:00"
          },
          {
            "etag": "Sanitized",
            "key": "non_refreshed_message",
            "label": null,
            "content_type": "text/plain",
            "value": "Static",
            "tags": {},
            "locked": false,
            "last_modified": "2025-04-15T18:41:14+00:00"
          },
          {
            "etag": "Sanitized",
            "key": "refresh_message",
            "label": null,
            "content_type": "text/plain",
            "value": "original value",
            "tags": {},
            "locked": false,
            "last_modified": "2025-04-15T18:41:14+00:00"
          },
          {
            "etag": "Sanitized",
            "key": "test.trimmed",
            "label": null,
            "content_type": "text/plain",
            "value": "key",
            "tags": {},
            "locked": false,
            "last_modified": "2025-04-15T18:41:14+00:00"
          }
        ]
      }
    }
  ],
  "Variables": {}
}
