{
  "Entries": [
    {
      "RequestUri": "https://Sanitized.azconfig.io/kv/message?api-version=1970-01-01",
      "RequestMethod": "PUT",
      "RequestHeaders": {
        "Accept": "*/*",
        "Accept-Encoding": "gzip, deflate",
        "Content-Length": "82",
        "Content-Type": "application/json",
        "User-Agent": "azsdk-python-appconfiguration/1.7.2 Python/3.12.10 (Windows-11-10.0.26100-SP0)",
        "x-ms-content-sha256": "Sanitized",
        "x-ms-date": "Aug, 11 2025 20:54:39.919020 GMT"
      },
      "RequestBody": {
        "key": "message",
        "label": "\u0000",
        "value": "hi",
        "content_type": "text/plain"
      },
      "StatusCode": 200,
      "ResponseHeaders": {
        "Access-Control-Allow-Origin": "*",
        "Connection": "keep-alive",
        "Content-Type": "application/vnd.microsoft.appconfig.kv+json; charset=utf-8",
        "Date": "Mon, 11 Aug 2025 20:54:40 GMT",
        "ETag": "\"mXQT-t2gmMYnlzjHkGdkia3Ly2DrqUuXyB_iTor-Ddc\"",
        "Last-Modified": "Mon, 11 Aug 2025 20:54:40 GMT",
        "Strict-Transport-Security": "max-age=31536000; includeSubDomains",
        "Transfer-Encoding": "chunked",
        "x-ms-correlation-request-id": "2dd1592e-8c23-4223-b7d3-d6d20d1fac76"
      },
      "ResponseBody": {
        "etag": "Sanitized",
        "key": "message",
        "label": null,
        "content_type": "text/plain",
        "value": "hi",
        "tags": {},
        "locked": false,
        "last_modified": "2025-08-11T20:54:40+00:00"
      }
    },
    {
      "RequestUri": "https://Sanitized.azconfig.io/kv/message?api-version=1970-01-01",
      "RequestMethod": "PUT",
      "RequestHeaders": {
        "Accept": "*/*",
        "Accept-Encoding": "gzip, deflate",
        "Content-Length": "81",
        "Content-Type": "application/json",
        "User-Agent": "azsdk-python-appconfiguration/1.7.2 Python/3.12.10 (Windows-11-10.0.26100-SP0)",
        "x-ms-content-sha256": "Sanitized",
        "x-ms-date": "Aug, 11 2025 20:54:39.938754 GMT"
      },
      "RequestBody": {
        "key": "message",
        "label": "dev",
        "value": "test",
        "content_type": "text/plain"
      },
      "StatusCode": 200,
      "ResponseHeaders": {
        "Access-Control-Allow-Origin": "*",
        "Connection": "keep-alive",
        "Content-Type": "application/vnd.microsoft.appconfig.kv+json; charset=utf-8",
        "Date": "Mon, 11 Aug 2025 20:54:40 GMT",
        "ETag": "\"VtuhKufba_zMAtgO2dfs1vMJLT-LE68xKfKQhfqXJCo\"",
        "Last-Modified": "Mon, 11 Aug 2025 20:54:40 GMT",
        "Strict-Transport-Security": "max-age=31536000; includeSubDomains",
        "Transfer-Encoding": "chunked",
        "x-ms-correlation-request-id": "cf71839a-b997-42d7-830e-b70b22b2b872"
      },
      "ResponseBody": {
        "etag": "Sanitized",
        "key": "message",
        "label": "dev",
        "content_type": "text/plain",
        "value": "test",
        "tags": {},
        "locked": false,
        "last_modified": "2025-08-11T20:54:40+00:00"
      }
    },
    {
      "RequestUri": "https://Sanitized.azconfig.io/kv/my_json?api-version=1970-01-01",
      "RequestMethod": "PUT",
      "RequestHeaders": {
        "Accept": "*/*",
        "Accept-Encoding": "gzip, deflate",
        "Content-Length": "106",
        "Content-Type": "application/json",
        "User-Agent": "azsdk-python-appconfiguration/1.7.2 Python/3.12.10 (Windows-11-10.0.26100-SP0)",
        "x-ms-content-sha256": "Sanitized",
        "x-ms-date": "Aug, 11 2025 20:54:39.954144 GMT"
      },
      "RequestBody": {
        "key": "my_json",
        "label": "\u0000",
        "value": "{\"key\": \"value\"}",
        "content_type": "application/json"
      },
      "StatusCode": 200,
      "ResponseHeaders": {
        "Access-Control-Allow-Origin": "*",
        "Connection": "keep-alive",
        "Content-Type": "application/vnd.microsoft.appconfig.kv+json; charset=utf-8",
        "Date": "Mon, 11 Aug 2025 20:54:40 GMT",
        "ETag": "\"DYLJbe9LbJmJn8APzt0TWBl_sNAKegmg-_Zrgkys_08\"",
        "Last-Modified": "Mon, 11 Aug 2025 20:54:40 GMT",
        "Strict-Transport-Security": "max-age=31536000; includeSubDomains",
        "Transfer-Encoding": "chunked",
        "x-ms-correlation-request-id": "b1d7facb-8667-423f-afc8-1875344aa918"
      },
      "ResponseBody": {
        "etag": "Sanitized",
        "key": "my_json",
        "label": null,
        "content_type": "application/json",
        "value": "{\"key\": \"value\"}",
        "tags": {},
        "locked": false,
        "last_modified": "2025-08-11T20:54:40+00:00"
      }
    },
    {
      "RequestUri": "https://Sanitized.azconfig.io/kv/test.trimmed?api-version=1970-01-01",
      "RequestMethod": "PUT",
      "RequestHeaders": {
        "Accept": "*/*",
        "Accept-Encoding": "gzip, deflate",
        "Content-Length": "88",
        "Content-Type": "application/json",
        "User-Agent": "azsdk-python-appconfiguration/1.7.2 Python/3.12.10 (Windows-11-10.0.26100-SP0)",
        "x-ms-content-sha256": "Sanitized",
        "x-ms-date": "Aug, 11 2025 20:54:39.969163 GMT"
      },
      "RequestBody": {
        "key": "test.trimmed",
        "label": "\u0000",
        "value": "key",
        "content_type": "text/plain"
      },
      "StatusCode": 200,
      "ResponseHeaders": {
        "Access-Control-Allow-Origin": "*",
        "Connection": "keep-alive",
        "Content-Type": "application/vnd.microsoft.appconfig.kv+json; charset=utf-8",
        "Date": "Mon, 11 Aug 2025 20:54:40 GMT",
        "ETag": "\"2HDXhE_s15AkFUEYWbw9xqZ-q1j8X0_vZXAQ4J4BAkk\"",
        "Last-Modified": "Mon, 11 Aug 2025 20:54:40 GMT",
        "Strict-Transport-Security": "max-age=31536000; includeSubDomains",
        "Transfer-Encoding": "chunked",
        "x-ms-correlation-request-id": "f8474bfb-efdd-4b62-9fb3-1941a999d7a1"
      },
      "ResponseBody": {
        "etag": "Sanitized",
        "key": "test.trimmed",
        "label": null,
        "content_type": "text/plain",
        "value": "key",
        "tags": {},
        "locked": false,
        "last_modified": "2025-08-11T20:54:40+00:00"
      }
    },
    {
      "RequestUri": "https://Sanitized.azconfig.io/kv/refresh_message?api-version=1970-01-01",
      "RequestMethod": "PUT",
      "RequestHeaders": {
        "Accept": "*/*",
        "Accept-Encoding": "gzip, deflate",
        "Content-Length": "102",
        "Content-Type": "application/json",
        "User-Agent": "azsdk-python-appconfiguration/1.7.2 Python/3.12.10 (Windows-11-10.0.26100-SP0)",
        "x-ms-content-sha256": "Sanitized",
        "x-ms-date": "Aug, 11 2025 20:54:39.984836 GMT"
      },
      "RequestBody": {
        "key": "refresh_message",
        "label": "\u0000",
        "value": "original value",
        "content_type": "text/plain"
      },
      "StatusCode": 200,
      "ResponseHeaders": {
        "Access-Control-Allow-Origin": "*",
        "Connection": "keep-alive",
        "Content-Type": "application/vnd.microsoft.appconfig.kv+json; charset=utf-8",
        "Date": "Mon, 11 Aug 2025 20:54:40 GMT",
        "ETag": "\"oUtZCtCSWL-eT5yP2qKKSs5ffDG_tn_MSrMGIAgXFT4\"",
        "Last-Modified": "Mon, 11 Aug 2025 20:54:40 GMT",
        "Strict-Transport-Security": "max-age=31536000; includeSubDomains",
        "Transfer-Encoding": "chunked",
        "x-ms-correlation-request-id": "d3077219-f495-4bd8-945e-cf0fab1a4cd3"
      },
      "ResponseBody": {
        "etag": "Sanitized",
        "key": "refresh_message",
        "label": null,
        "content_type": "text/plain",
        "value": "original value",
        "tags": {},
        "locked": false,
        "last_modified": "2025-08-11T20:54:40+00:00"
      }
    },
    {
      "RequestUri": "https://Sanitized.azconfig.io/kv/non_refreshed_message?api-version=1970-01-01",
      "RequestMethod": "PUT",
      "RequestHeaders": {
        "Accept": "*/*",
        "Accept-Encoding": "gzip, deflate",
        "Content-Length": "100",
        "Content-Type": "application/json",
        "User-Agent": "azsdk-python-appconfiguration/1.7.2 Python/3.12.10 (Windows-11-10.0.26100-SP0)",
        "x-ms-content-sha256": "Sanitized",
        "x-ms-date": "Aug, 11 2025 20:54:39.998845 GMT"
      },
      "RequestBody": {
        "key": "non_refreshed_message",
        "label": "\u0000",
        "value": "Static",
        "content_type": "text/plain"
      },
      "StatusCode": 200,
      "ResponseHeaders": {
        "Access-Control-Allow-Origin": "*",
        "Connection": "keep-alive",
        "Content-Type": "application/vnd.microsoft.appconfig.kv+json; charset=utf-8",
        "Date": "Mon, 11 Aug 2025 20:54:40 GMT",
        "ETag": "\"Sr53PnshOW09v89Ri27LDBlPRCStfbZZRH_9TVTVlEs\"",
        "Last-Modified": "Mon, 11 Aug 2025 20:54:40 GMT",
        "Strict-Transport-Security": "max-age=31536000; includeSubDomains",
        "Transfer-Encoding": "chunked",
        "x-ms-correlation-request-id": "1b93acbc-69c6-4a00-b76e-05ff40a660a1"
      },
      "ResponseBody": {
        "etag": "Sanitized",
        "key": "non_refreshed_message",
        "label": null,
        "content_type": "text/plain",
        "value": "Static",
        "tags": {},
        "locked": false,
        "last_modified": "2025-08-11T20:54:40+00:00"
      }
    },
    {
      "RequestUri": "https://Sanitized.azconfig.io/kv/tagged_config?api-version=1970-01-01",
      "RequestMethod": "PUT",
      "RequestHeaders": {
        "Accept": "*/*",
        "Accept-Encoding": "gzip, deflate",
        "Content-Length": "93",
        "Content-Type": "application/json",
        "User-Agent": "azsdk-python-appconfiguration/1.7.2 Python/3.12.10 (Windows-11-10.0.26100-SP0)",
        "x-ms-content-sha256": "Sanitized",
        "x-ms-date": "Aug, 11 2025 20:54:40.012555 GMT"
      },
      "RequestBody": {
        "key": "tagged_config",
        "label": "\u0000",
        "content_type": "text/plain",
        "tags": {
          "a": "b"
        }
      },
      "StatusCode": 200,
      "ResponseHeaders": {
        "Access-Control-Allow-Origin": "*",
        "Connection": "keep-alive",
        "Content-Type": "application/vnd.microsoft.appconfig.kv+json; charset=utf-8",
        "Date": "Mon, 11 Aug 2025 20:54:40 GMT",
        "ETag": "\"EXs1KoPNgv1b8soqvzgNMFXuRImg0vYs_cG0Bk09vqw\"",
        "Last-Modified": "Mon, 11 Aug 2025 20:54:40 GMT",
        "Strict-Transport-Security": "max-age=31536000; includeSubDomains",
        "Transfer-Encoding": "chunked",
        "x-ms-correlation-request-id": "fa6806ab-0b02-4c8d-a86e-3525b30b69bc"
      },
      "ResponseBody": {
        "etag": "Sanitized",
        "key": "tagged_config",
        "label": null,
        "content_type": "text/plain",
        "value": null,
        "tags": {
          "a": "b"
        },
        "locked": false,
        "last_modified": "2025-08-11T20:54:40+00:00"
      }
    },
    {
      "RequestUri": "https://Sanitized.azconfig.io/kv/two_tagged?api-version=1970-01-01",
      "RequestMethod": "PUT",
      "RequestHeaders": {
        "Accept": "*/*",
        "Accept-Encoding": "gzip, deflate",
        "Content-Length": "107",
        "Content-Type": "application/json",
        "User-Agent": "azsdk-python-appconfiguration/1.7.2 Python/3.12.10 (Windows-11-10.0.26100-SP0)",
        "x-ms-content-sha256": "Sanitized",
        "x-ms-date": "Aug, 11 2025 20:54:40.028559 GMT"
      },
      "RequestBody": {
        "key": "two_tagged",
        "label": "\u0000",
        "content_type": "text/plain",
        "tags": {
          "a": "b",
          "second": "tag"
        }
      },
      "StatusCode": 200,
      "ResponseHeaders": {
        "Access-Control-Allow-Origin": "*",
        "Connection": "keep-alive",
        "Content-Type": "application/vnd.microsoft.appconfig.kv+json; charset=utf-8",
        "Date": "Mon, 11 Aug 2025 20:54:40 GMT",
        "ETag": "\"f7TJriwapjbMpHHmPD7lc7KjysJOStEidC2EDrN4CjI\"",
        "Last-Modified": "Mon, 11 Aug 2025 20:54:40 GMT",
        "Strict-Transport-Security": "max-age=31536000; includeSubDomains",
        "Transfer-Encoding": "chunked",
        "x-ms-correlation-request-id": "76a81ccb-3a02-4011-85f1-3f75f49234a4"
      },
      "ResponseBody": {
        "etag": "Sanitized",
        "key": "two_tagged",
        "label": null,
        "content_type": "text/plain",
        "value": null,
        "tags": {
          "a": "b",
          "second": "tag"
        },
        "locked": false,
        "last_modified": "2025-08-11T20:54:40+00:00"
      }
    },
    {
      "RequestUri": "https://Sanitized.azconfig.io/kv/only_second_tag?api-version=1970-01-01",
      "RequestMethod": "PUT",
      "RequestHeaders": {
        "Accept": "*/*",
        "Accept-Encoding": "gzip, deflate",
        "Content-Length": "102",
        "Content-Type": "application/json",
        "User-Agent": "azsdk-python-appconfiguration/1.7.2 Python/3.12.10 (Windows-11-10.0.26100-SP0)",
        "x-ms-content-sha256": "Sanitized",
        "x-ms-date": "Aug, 11 2025 20:54:40.042249 GMT"
      },
      "RequestBody": {
        "key": "only_second_tag",
        "label": "\u0000",
        "content_type": "text/plain",
        "tags": {
          "second": "tag"
        }
      },
      "StatusCode": 200,
      "ResponseHeaders": {
        "Access-Control-Allow-Origin": "*",
        "Connection": "keep-alive",
        "Content-Type": "application/vnd.microsoft.appconfig.kv+json; charset=utf-8",
        "Date": "Mon, 11 Aug 2025 20:54:40 GMT",
        "ETag": "\"qcraZ8ZEsC7wsQq6FN1DsVM9g2FzWX_-8KiqNKhS-sU\"",
        "Last-Modified": "Mon, 11 Aug 2025 20:54:40 GMT",
        "Strict-Transport-Security": "max-age=31536000; includeSubDomains",
        "Transfer-Encoding": "chunked",
        "x-ms-correlation-request-id": "af37d78b-e275-41dc-8369-8ed3441ec702"
      },
      "ResponseBody": {
        "etag": "Sanitized",
        "key": "only_second_tag",
        "label": null,
        "content_type": "text/plain",
        "value": null,
        "tags": {
          "second": "tag"
        },
        "locked": false,
        "last_modified": "2025-08-11T20:54:40+00:00"
      }
    },
    {
      "RequestUri": "https://Sanitized.azconfig.io/kv/complex_tag?api-version=1970-01-01",
      "RequestMethod": "PUT",
      "RequestHeaders": {
        "Accept": "*/*",
        "Accept-Encoding": "gzip, deflate",
        "Content-Length": "149",
        "Content-Type": "application/json",
        "User-Agent": "azsdk-python-appconfiguration/1.7.2 Python/3.12.10 (Windows-11-10.0.26100-SP0)",
        "x-ms-content-sha256": "Sanitized",
        "x-ms-date": "Aug, 11 2025 20:54:40.058475 GMT"
      },
      "RequestBody": {
        "key": "complex_tag",
        "label": "\u0000",
        "content_type": "text/plain",
        "tags": {
          "Special:Tag": "Value:With:Colons",
          "Tag@With@At": "Value@With@At"
        }
      },
      "StatusCode": 200,
      "ResponseHeaders": {
        "Access-Control-Allow-Origin": "*",
        "Connection": "keep-alive",
        "Content-Type": "application/vnd.microsoft.appconfig.kv+json; charset=utf-8",
        "Date": "Mon, 11 Aug 2025 20:54:40 GMT",
        "ETag": "\"K-rJGkFt-y5Or6lAdEEVRi1-rKt6bE_CBObNxbBcJM0\"",
        "Last-Modified": "Mon, 11 Aug 2025 20:54:40 GMT",
        "Strict-Transport-Security": "max-age=31536000; includeSubDomains",
        "Transfer-Encoding": "chunked",
        "x-ms-correlation-request-id": "1f73b1bc-f63f-4642-9961-f978c089f27e"
      },
      "ResponseBody": {
        "etag": "Sanitized",
        "key": "complex_tag",
        "label": null,
        "content_type": "text/plain",
        "value": null,
        "tags": {
          "Special:Tag": "Value:With:Colons",
          "Tag@With@At": "Value@With@At"
        },
        "locked": false,
        "last_modified": "2025-08-11T20:54:40+00:00"
      }
    },
    {
      "RequestUri": "https://Sanitized.azconfig.io/kv/.appconfig.featureflag%2FAlpha?api-version=1970-01-01",
      "RequestMethod": "PUT",
      "RequestHeaders": {
        "Accept": "*/*",
        "Accept-Encoding": "gzip, deflate",
        "Content-Length": "258",
        "Content-Type": "application/json",
        "User-Agent": "azsdk-python-appconfiguration/1.7.2 Python/3.12.10 (Windows-11-10.0.26100-SP0)",
        "x-ms-content-sha256": "Sanitized",
        "x-ms-date": "Aug, 11 2025 20:54:40.072508 GMT"
      },
      "RequestBody": {
        "key": ".appconfig.featureflag/Alpha",
        "label": "\u0000",
        "value": "{\t\"id\": \"Alpha\", \"description\": \"\", \"enabled\": false, \"conditions\": {\t\"client_filters\": []\t}}",
        "content_type": "application/vnd.microsoft.appconfig.ff+json;charset=utf-8"
      },
      "StatusCode": 200,
      "ResponseHeaders": {
        "Access-Control-Allow-Origin": "*",
        "Connection": "keep-alive",
        "Content-Type": "application/vnd.microsoft.appconfig.kv+json; charset=utf-8",
        "Date": "Mon, 11 Aug 2025 20:54:40 GMT",
        "ETag": "\"ViDDcEAyCyUBw3b_4jjz8eh8l-3L9vxSsTdhcs5Memw\"",
        "Last-Modified": "Mon, 11 Aug 2025 20:54:40 GMT",
        "Strict-Transport-Security": "max-age=31536000; includeSubDomains",
        "Transfer-Encoding": "chunked",
        "x-ms-correlation-request-id": "0ff2e8b7-3adf-4ca9-afa4-4f1ba6dea26c"
      },
      "ResponseBody": {
        "etag": "Sanitized",
        "key": ".appconfig.featureflag/Alpha",
        "label": null,
        "content_type": "application/vnd.microsoft.appconfig.ff+json;charset=utf-8",
        "value": "{\t\"id\": \"Alpha\", \"description\": \"\", \"enabled\": false, \"conditions\": {\t\"client_filters\": []\t}}",
        "tags": {},
        "locked": false,
        "last_modified": "2025-08-11T20:54:40+00:00"
      }
    },
    {
      "RequestUri": "https://Sanitized.azconfig.io/kv/.appconfig.featureflag%2FTaggedFeatureFlag?api-version=1970-01-01",
      "RequestMethod": "PUT",
      "RequestHeaders": {
        "Accept": "*/*",
        "Accept-Encoding": "gzip, deflate",
        "Content-Length": "302",
        "Content-Type": "application/json",
        "User-Agent": "azsdk-python-appconfiguration/1.7.2 Python/3.12.10 (Windows-11-10.0.26100-SP0)",
        "x-ms-content-sha256": "Sanitized",
        "x-ms-date": "Aug, 11 2025 20:54:40.094076 GMT"
      },
      "RequestBody": {
        "key": ".appconfig.featureflag/TaggedFeatureFlag",
        "label": "\u0000",
        "value": "{\t\"id\": \"TaggedFeatureFlag\", \"description\": \"\", \"enabled\": false, \"conditions\": {\t\"client_filters\": []\t}}",
        "content_type": "application/vnd.microsoft.appconfig.ff+json;charset=utf-8",
        "tags": {
          "a": "b"
        }
      },
      "StatusCode": 200,
      "ResponseHeaders": {
        "Access-Control-Allow-Origin": "*",
        "Connection": "keep-alive",
        "Content-Type": "application/vnd.microsoft.appconfig.kv+json; charset=utf-8",
        "Date": "Mon, 11 Aug 2025 20:54:40 GMT",
        "ETag": "\"LChNhiXJvcrNpSINfVmcUGaIucnt3zF8MUsym6Zpm9E\"",
        "Last-Modified": "Mon, 11 Aug 2025 20:54:40 GMT",
        "Strict-Transport-Security": "max-age=31536000; includeSubDomains",
        "Transfer-Encoding": "chunked",
        "x-ms-correlation-request-id": "4b07ee5d-16da-4369-9626-4fa073bde127"
      },
      "ResponseBody": {
        "etag": "Sanitized",
        "key": ".appconfig.featureflag/TaggedFeatureFlag",
        "label": null,
        "content_type": "application/vnd.microsoft.appconfig.ff+json;charset=utf-8",
        "value": "{\t\"id\": \"TaggedFeatureFlag\", \"description\": \"\", \"enabled\": false, \"conditions\": {\t\"client_filters\": []\t}}",
        "tags": {
          "a": "b"
        },
        "locked": false,
        "last_modified": "2025-08-11T20:54:40+00:00"
      }
    },
    {
      "RequestUri": "https://Sanitized.azconfig.io/kv/multi_tagged?api-version=1970-01-01",
      "RequestMethod": "PUT",
      "RequestHeaders": {
        "Accept": "*/*",
        "Accept-Encoding": "gzip, deflate",
        "Content-Length": "133",
        "Content-Type": "application/json",
        "User-Agent": "azsdk-python-appconfiguration/1.7.2 Python/3.12.10 (Windows-11-10.0.26100-SP0)",
        "x-ms-content-sha256": "Sanitized",
        "x-ms-date": "Aug, 11 2025 20:54:40.120293 GMT"
      },
      "RequestBody": {
        "key": "multi_tagged",
        "label": "\u0000",
        "value": "multi tagged value",
        "content_type": "text/plain",
        "tags": {
          "a": "b",
          "c": "d"
        }
      },
      "StatusCode": 200,
      "ResponseHeaders": {
        "Access-Control-Allow-Origin": "*",
        "Connection": "keep-alive",
        "Content-Type": "application/vnd.microsoft.appconfig.kv+json; charset=utf-8",
        "Date": "Mon, 11 Aug 2025 20:54:40 GMT",
        "ETag": "\"ycRBUj7TlkQ-_lUPtOK0lN14qjZuLaMo3QoA6kea9jo\"",
        "Last-Modified": "Mon, 11 Aug 2025 20:54:40 GMT",
        "Strict-Transport-Security": "max-age=31536000; includeSubDomains",
        "Transfer-Encoding": "chunked",
        "x-ms-correlation-request-id": "477eeda6-17a5-4443-ac51-51c663bde7ab"
      },
      "ResponseBody": {
        "etag": "Sanitized",
        "key": "multi_tagged",
        "label": null,
        "content_type": "text/plain",
        "value": "multi tagged value",
        "tags": {
          "a": "b",
          "c": "d"
        },
        "locked": false,
        "last_modified": "2025-08-11T20:54:40+00:00"
      }
    },
    {
      "RequestUri": "https://Sanitized.azconfig.io/kv/special_chars?api-version=1970-01-01",
      "RequestMethod": "PUT",
      "RequestHeaders": {
        "Accept": "*/*",
        "Accept-Encoding": "gzip, deflate",
        "Content-Length": "135",
        "Content-Type": "application/json",
        "User-Agent": "azsdk-python-appconfiguration/1.7.2 Python/3.12.10 (Windows-11-10.0.26100-SP0)",
        "x-ms-content-sha256": "Sanitized",
        "x-ms-date": "Aug, 11 2025 20:54:40.140401 GMT"
      },
      "RequestBody": {
        "key": "special_chars",
        "label": "\u0000",
        "value": "special",
        "content_type": "text/plain",
        "tags": {
          "special@tag": "special:value"
        }
      },
      "StatusCode": 200,
      "ResponseHeaders": {
        "Access-Control-Allow-Origin": "*",
        "Connection": "keep-alive",
        "Content-Type": "application/vnd.microsoft.appconfig.kv+json; charset=utf-8",
        "Date": "Mon, 11 Aug 2025 20:54:40 GMT",
        "ETag": "\"ovEKQEdNga1LKvjfelJv-0X96l4e-PD8rGc7k9TrRsA\"",
        "Last-Modified": "Mon, 11 Aug 2025 20:54:40 GMT",
        "Strict-Transport-Security": "max-age=31536000; includeSubDomains",
        "Transfer-Encoding": "chunked",
        "x-ms-correlation-request-id": "4f2c5f57-2883-4ed2-9f97-b1695d7bc70d"
      },
      "ResponseBody": {
        "etag": "Sanitized",
        "key": "special_chars",
        "label": null,
        "content_type": "text/plain",
        "value": "special",
        "tags": {
          "special@tag": "special:value"
        },
        "locked": false,
        "last_modified": "2025-08-11T20:54:40+00:00"
      }
    },
    {
      "RequestUri": "https://Sanitized.azconfig.io/kv/no_tags?api-version=1970-01-01",
      "RequestMethod": "PUT",
      "RequestHeaders": {
        "Accept": "*/*",
        "Accept-Encoding": "gzip, deflate",
        "Content-Length": "87",
        "Content-Type": "application/json",
        "User-Agent": "azsdk-python-appconfiguration/1.7.2 Python/3.12.10 (Windows-11-10.0.26100-SP0)",
        "x-ms-content-sha256": "Sanitized",
        "x-ms-date": "Aug, 11 2025 20:54:40.161072 GMT"
      },
      "RequestBody": {
        "key": "no_tags",
        "label": "\u0000",
        "value": "no tags",
        "content_type": "text/plain"
      },
      "StatusCode": 200,
      "ResponseHeaders": {
        "Access-Control-Allow-Origin": "*",
        "Connection": "keep-alive",
        "Content-Type": "application/vnd.microsoft.appconfig.kv+json; charset=utf-8",
        "Date": "Mon, 11 Aug 2025 20:54:40 GMT",
        "ETag": "\"fKBGjOr_Kh0HUSZISUP41yxtjQwGUVKZpDfJcnttyyM\"",
        "Last-Modified": "Mon, 11 Aug 2025 20:54:40 GMT",
        "Strict-Transport-Security": "max-age=31536000; includeSubDomains",
        "Transfer-Encoding": "chunked",
        "x-ms-correlation-request-id": "ed7bff7c-a604-4564-9074-08df2f1b16e7"
      },
      "ResponseBody": {
        "etag": "Sanitized",
        "key": "no_tags",
        "label": null,
        "content_type": "text/plain",
        "value": "no tags",
        "tags": {},
        "locked": false,
        "last_modified": "2025-08-11T20:54:40+00:00"
      }
    },
    {
      "RequestUri": "https://Sanitized.azconfig.io/kv/tag_no_value?api-version=1970-01-01",
      "RequestMethod": "PUT",
      "RequestHeaders": {
        "Accept": "*/*",
        "Accept-Encoding": "gzip, deflate",
        "Content-Length": "112",
        "Content-Type": "application/json",
        "User-Agent": "azsdk-python-appconfiguration/1.7.2 Python/3.12.10 (Windows-11-10.0.26100-SP0)",
        "x-ms-content-sha256": "Sanitized",
        "x-ms-date": "Aug, 11 2025 20:54:40.181452 GMT"
      },
      "RequestBody": {
        "key": "tag_no_value",
        "label": "\u0000",
        "value": "no value",
        "content_type": "text/plain",
        "tags": {
          "a": ""
        }
      },
      "StatusCode": 200,
      "ResponseHeaders": {
        "Access-Control-Allow-Origin": "*",
        "Connection": "keep-alive",
        "Content-Type": "application/vnd.microsoft.appconfig.kv+json; charset=utf-8",
        "Date": "Mon, 11 Aug 2025 20:54:40 GMT",
        "ETag": "\"uElksXTaUZqDGJn9X66EOx426AjVeJwiOW7Yet5NaEc\"",
        "Last-Modified": "Mon, 11 Aug 2025 20:54:40 GMT",
        "Strict-Transport-Security": "max-age=31536000; includeSubDomains",
        "Transfer-Encoding": "chunked",
        "x-ms-correlation-request-id": "b5234a77-33b9-4354-8423-e627bb0b805e"
      },
      "ResponseBody": {
        "etag": "Sanitized",
        "key": "tag_no_value",
        "label": null,
        "content_type": "text/plain",
        "value": "no value",
        "tags": {
          "a": ""
        },
        "locked": false,
        "last_modified": "2025-08-11T20:54:40+00:00"
      }
    },
    {
      "RequestUri": "https://Sanitized.azconfig.io/kv/different_tag?api-version=1970-01-01",
      "RequestMethod": "PUT",
      "RequestHeaders": {
        "Accept": "*/*",
        "Accept-Encoding": "gzip, deflate",
        "Content-Length": "125",
        "Content-Type": "application/json",
        "User-Agent": "azsdk-python-appconfiguration/1.7.2 Python/3.12.10 (Windows-11-10.0.26100-SP0)",
        "x-ms-content-sha256": "Sanitized",
        "x-ms-date": "Aug, 11 2025 20:54:40.202786 GMT"
      },
      "RequestBody": {
        "key": "different_tag",
        "label": "\u0000",
        "value": "different",
        "content_type": "text/plain",
        "tags": {
          "different": "tag"
        }
      },
      "StatusCode": 200,
      "ResponseHeaders": {
        "Access-Control-Allow-Origin": "*",
        "Connection": "keep-alive",
        "Content-Type": "application/vnd.microsoft.appconfig.kv+json; charset=utf-8",
        "Date": "Mon, 11 Aug 2025 20:54:40 GMT",
        "ETag": "\"qbFbt9oHSMd2bYWWhr8G1wJZjetCOwoNgRsIlrssxhU\"",
        "Last-Modified": "Mon, 11 Aug 2025 20:54:40 GMT",
        "Strict-Transport-Security": "max-age=31536000; includeSubDomains",
        "Transfer-Encoding": "chunked",
        "x-ms-correlation-request-id": "726dd9a0-74f8-4a3d-b8db-744586a05bad"
      },
      "ResponseBody": {
        "etag": "Sanitized",
        "key": "different_tag",
        "label": null,
        "content_type": "text/plain",
        "value": "different",
        "tags": {
          "different": "tag"
        },
        "locked": false,
        "last_modified": "2025-08-11T20:54:40+00:00"
      }
    },
    {
      "RequestUri": "https://Sanitized.azconfig.io/kv/null_tag?api-version=1970-01-01",
      "RequestMethod": "PUT",
      "RequestHeaders": {
        "Accept": "*/*",
        "Accept-Encoding": "gzip, deflate",
        "Content-Length": "112",
        "Content-Type": "application/json",
        "User-Agent": "azsdk-python-appconfiguration/1.7.2 Python/3.12.10 (Windows-11-10.0.26100-SP0)",
        "x-ms-content-sha256": "Sanitized",
        "x-ms-date": "Aug, 11 2025 20:54:40.222530 GMT"
      },
      "RequestBody": {
        "key": "null_tag",
        "label": "\u0000",
        "value": "null tag",
        "content_type": "text/plain",
        "tags": {
          "tag": null
        }
      },
      "StatusCode": 200,
      "ResponseHeaders": {
        "Access-Control-Allow-Origin": "*",
        "Connection": "keep-alive",
        "Content-Type": "application/vnd.microsoft.appconfig.kv+json; charset=utf-8",
        "Date": "Mon, 11 Aug 2025 20:54:40 GMT",
        "ETag": "\"gWo3JuqebrGbfbUJz3TPlCRSy46jHRKqYSTgg7kLIAk\"",
        "Last-Modified": "Mon, 11 Aug 2025 20:54:40 GMT",
        "Strict-Transport-Security": "max-age=31536000; includeSubDomains",
        "Transfer-Encoding": "chunked",
        "x-ms-correlation-request-id": "5e576946-9c60-49aa-8b43-68ef997d0408"
      },
      "ResponseBody": {
        "etag": "Sanitized",
        "key": "null_tag",
        "label": null,
        "content_type": "text/plain",
        "value": "null tag",
        "tags": {
          "tag": null
        },
        "locked": false,
        "last_modified": "2025-08-11T20:54:40+00:00"
      }
    },
    {
      "RequestUri": "https://Sanitized.azconfig.io/kv?api-version=1970-01-01",
      "RequestMethod": "GET",
      "RequestHeaders": {
        "Accept": "*/*",
        "Accept-Encoding": "gzip, deflate",
        "Content-Length": "0",
        "User-Agent": "SDK/Integration python-appconfiguration-provider/2.2.1 azsdk-python-appconfiguration/1.7.2 Python/3.12.10 (Windows-11-10.0.26100-SP0)",
        "x-ms-content-sha256": "Sanitized",
        "x-ms-date": "Aug, 11 2025 20:54:40.316183 GMT"
      },
      "RequestBody": null,
      "StatusCode": 200,
      "ResponseHeaders": {
        "Access-Control-Allow-Origin": "*",
        "Connection": "keep-alive",
        "Content-Type": "application/vnd.microsoft.appconfig.kvset+json; charset=utf-8",
        "Date": "Mon, 11 Aug 2025 20:54:40 GMT",
        "ETag": "\"GjejTPjxTHzfsDCz4cBLNyqFIbbumdxpmTp3b4Is40k\"",
        "Strict-Transport-Security": "max-age=31536000; includeSubDomains",
        "Transfer-Encoding": "chunked",
        "x-ms-correlation-request-id": "5c87a66b-d57e-4baf-9ebd-088982839e61"
      },
      "ResponseBody": {
        "etag": "Sanitized",
        "items": [
          {
            "etag": "Sanitized",
            "key": "secret",
            "label": "prod",
            "content_type": "application/vnd.microsoft.appconfig.keyvaultref+json;charset=utf-8",
            "value": "{\"uri\": \"https://Sanitized.vault.azure.net/secrets/fake-secret/\"}",
            "tags": {},
            "locked": false,
            "last_modified": "2025-08-11T20:54:37+00:00"
          },
          {
            "etag": "Sanitized",
            "key": "secret2",
            "label": "prod",
            "content_type": "application/vnd.microsoft.appconfig.keyvaultref+json;charset=utf-8",
            "value": "{\"uri\": \"https://Sanitized.vault.azure.net/secrets/fake-secret2/\"}",
            "tags": {},
            "locked": false,
            "last_modified": "2025-08-11T20:41:41+00:00"
          }
        ]
      }
    }
  ],
  "Variables": {}
}
