{
  "Entries": [
    {
      "RequestUri": "https://login.microsoftonline.com/fake-tenant-id/v2.0/.well-known/openid-configuration",
      "RequestMethod": "GET",
      "RequestHeaders": {
        "Accept": "*/*",
        "Accept-Encoding": "gzip, deflate",
        "Connection": "keep-alive",
        "User-Agent": "azsdk-python-identity/1.12.0 Python/3.10.11 (Windows-10-10.0.22631-SP0)"
      },
      "RequestBody": null,
      "StatusCode": 200,
      "ResponseHeaders": {
        "Access-Control-Allow-Methods": "GET, OPTIONS",
        "Access-Control-Allow-Origin": "*",
        "Cache-Control": "max-age=86400, private",
        "Content-Length": "1599",
        "Content-Type": "application/json; charset=utf-8",
        "Date": "Tue, 07 Nov 2023 23:50:53 GMT",
        "P3P": "CP=\u0022DSP CUR OTPi IND OTRi ONL FIN\u0022",
        "Set-Cookie": [
          "fpc=Avwa_E0324ZCm5n_xSeOJv6IlbEPBAAAAEzE3NwOAAAA26HaswgAAABNxNzcDgAAAA; expires=Thu, 07-Dec-2023 23:50:53 GMT; path=/; secure; HttpOnly; SameSite=None",
          "x-ms-gateway-slice=estsfd; path=/; secure; samesite=none; httponly"
        ],
        "Strict-Transport-Security": "max-age=31536000; includeSubDomains",
        "X-Content-Type-Options": "nosniff",
        "x-ms-ests-server": "2.1.16729.5 - NCUS ProdSlices",
        "X-XSS-Protection": "0"
      },
      "ResponseBody": {
        "token_endpoint": "https://login.microsoftonline.com/fake-tenant-id/oauth2/v2.0/token",
        "token_endpoint_auth_methods_supported": [
          "client_secret_post",
          "private_key_jwt",
          "client_secret_basic"
        ],
        "jwks_uri": "https://login.microsoftonline.com/fake-tenant-id/discovery/v2.0/keys",
        "response_modes_supported": [
          "query",
          "fragment",
          "form_post"
        ],
        "subject_types_supported": [
          "pairwise"
        ],
        "id_token_signing_alg_values_supported": [
          "RS256"
        ],
        "response_types_supported": [
          "code",
          "id_token",
          "code id_token",
          "id_token token"
        ],
        "scopes_supported": [
          "openid",
          "profile",
          "email",
          "offline_access"
        ],
        "issuer": "https://login.microsoftonline.com/fake-tenant-id/v2.0",
        "request_uri_parameter_supported": false,
        "userinfo_endpoint": "https://graph.microsoft.com/oidc/userinfo",
        "authorization_endpoint": "https://login.microsoftonline.com/fake-tenant-id/oauth2/v2.0/authorize",
        "device_authorization_endpoint": "https://login.microsoftonline.com/fake-tenant-id/oauth2/v2.0/devicecode",
        "http_logout_supported": true,
        "frontchannel_logout_supported": true,
        "end_session_endpoint": "https://login.microsoftonline.com/fake-tenant-id/oauth2/v2.0/logout",
        "claims_supported": [
          "sub",
          "iss",
          "cloud_instance_name",
          "cloud_instance_host_name",
          "cloud_graph_host_name",
          "msgraph_host",
          "aud",
          "exp",
          "iat",
          "auth_time",
          "acr",
          "nonce",
          "preferred_username",
          "name",
          "tid",
          "ver",
          "at_hash",
          "c_hash",
          "email"
        ],
        "kerberos_endpoint": "https://login.microsoftonline.com/fake-tenant-id/kerberos",
        "tenant_region_scope": "WW",
        "cloud_instance_name": "microsoftonline.com",
        "cloud_graph_host_name": "graph.windows.net",
        "msgraph_host": "graph.microsoft.com",
        "rbac_url": "https://pas.windows.net"
      }
    },
    {
      "RequestUri": "https://fake-endpoint.azconfig.io/kv/message?label=%00\u0026api-version=1970-01-01",
      "RequestMethod": "PUT",
      "RequestHeaders": {
        "Accept": "application/vnd.microsoft.appconfig.kv\u002Bjson, application/json, application/problem\u002Bjson",
        "Accept-Encoding": "gzip, deflate",
        "Connection": "keep-alive",
        "Content-Length": "94",
        "Content-Type": "application/json",
        "User-Agent": "azsdk-python-appconfiguration/1.4.0 Python/3.10.11 (Windows-10-10.0.22631-SP0)"
      },
      "RequestBody": {
        "key": "message",
        "label": "\u0000",
        "content_type": "text/plain",
        "value": "hi",
        "tags": {}
      },
      "StatusCode": 200,
      "ResponseHeaders": {
        "Access-Control-Allow-Origin": "*",
        "Connection": "keep-alive",
        "Content-Type": "application/vnd.microsoft.appconfig.kv\u002Bjson; charset=utf-8",
        "Date": "Tue, 07 Nov 2023 23:50:53 GMT",
        "ETag": "\u0022ZJHRZ5PJhwZUFU3XxRfzrCAy0dF0YxOeAIBZWVZAkf4\u0022",
        "Last-Modified": "Tue, 07 Nov 2023 23:50:53 GMT",
        "Strict-Transport-Security": "max-age=15724800; includeSubDomains",
        "Sync-Token": "zAJw6V16=NzoxNyMyNDE4ODY1MQ==;sn=24188651",
        "Transfer-Encoding": "chunked",
        "x-ms-correlation-request-id": "b8e70b43-2a75-40a8-be1d-36784b911eeb"
      },
      "ResponseBody": {
        "etag": "ZJHRZ5PJhwZUFU3XxRfzrCAy0dF0YxOeAIBZWVZAkf4",
        "key": "message",
        "label": null,
        "content_type": "text/plain",
        "value": "hi",
        "tags": {},
        "locked": false,
        "last_modified": "2023-11-07T23:50:53\u002B00:00"
      }
    },
    {
      "RequestUri": "https://fake-endpoint.azconfig.io/kv/message?label=dev\u0026api-version=1970-01-01",
      "RequestMethod": "PUT",
      "RequestHeaders": {
        "Accept": "application/vnd.microsoft.appconfig.kv\u002Bjson, application/json, application/problem\u002Bjson",
        "Accept-Encoding": "gzip, deflate",
        "Connection": "keep-alive",
        "Content-Length": "93",
        "Content-Type": "application/json",
        "Sync-Token": "zAJw6V16=NzoxNyMyNDE4ODY1MQ==",
        "User-Agent": "azsdk-python-appconfiguration/1.4.0 Python/3.10.11 (Windows-10-10.0.22631-SP0)"
      },
      "RequestBody": {
        "key": "message",
        "label": "dev",
        "content_type": "text/plain",
        "value": "test",
        "tags": {}
      },
      "StatusCode": 200,
      "ResponseHeaders": {
        "Access-Control-Allow-Origin": "*",
        "Connection": "keep-alive",
        "Content-Type": "application/vnd.microsoft.appconfig.kv\u002Bjson; charset=utf-8",
        "Date": "Tue, 07 Nov 2023 23:50:53 GMT",
        "ETag": "\u0022mxZWrsc52A9eM8M7e4B709Z_Fv3cCHVRiVHqBv-qrqw\u0022",
        "Last-Modified": "Tue, 07 Nov 2023 23:50:53 GMT",
        "Strict-Transport-Security": "max-age=15724800; includeSubDomains",
        "Sync-Token": "zAJw6V16=NzoxNyMyNDE4ODY1Mw==;sn=24188653",
        "Transfer-Encoding": "chunked",
        "x-ms-correlation-request-id": "d3278980-151f-43b6-b58a-94c558da8e15"
      },
      "ResponseBody": {
        "etag": "mxZWrsc52A9eM8M7e4B709Z_Fv3cCHVRiVHqBv-qrqw",
        "key": "message",
        "label": "dev",
        "content_type": "text/plain",
        "value": "test",
        "tags": {},
        "locked": false,
        "last_modified": "2023-11-07T23:50:53\u002B00:00"
      }
    },
    {
      "RequestUri": "https://fake-endpoint.azconfig.io/kv/my_json?label=%00\u0026api-version=1970-01-01",
      "RequestMethod": "PUT",
      "RequestHeaders": {
        "Accept": "application/vnd.microsoft.appconfig.kv\u002Bjson, application/json, application/problem\u002Bjson",
        "Accept-Encoding": "gzip, deflate",
        "Connection": "keep-alive",
        "Content-Length": "118",
        "Content-Type": "application/json",
        "Sync-Token": "zAJw6V16=NzoxNyMyNDE4ODY1Mw==",
        "User-Agent": "azsdk-python-appconfiguration/1.4.0 Python/3.10.11 (Windows-10-10.0.22631-SP0)"
      },
      "RequestBody": {
        "key": "my_json",
        "label": "\u0000",
        "content_type": "application/json",
        "value": "{\u0022key\u0022: \u0022value\u0022}",
        "tags": {}
      },
      "StatusCode": 200,
      "ResponseHeaders": {
        "Access-Control-Allow-Origin": "*",
        "Connection": "keep-alive",
        "Content-Type": "application/vnd.microsoft.appconfig.kv\u002Bjson; charset=utf-8",
        "Date": "Tue, 07 Nov 2023 23:50:53 GMT",
        "ETag": "\u0022OEYk7UTpSJwDG-kuREn2FZ3ZJpGV2wTDelX8IsT0yQw\u0022",
        "Last-Modified": "Tue, 07 Nov 2023 23:50:53 GMT",
        "Strict-Transport-Security": "max-age=15724800; includeSubDomains",
        "Sync-Token": "zAJw6V16=NzoxNyMyNDE4ODY1NQ==;sn=24188655",
        "Transfer-Encoding": "chunked",
        "x-ms-correlation-request-id": "73e57d30-b504-483a-985f-858bb64c0f43"
      },
      "ResponseBody": {
        "etag": "OEYk7UTpSJwDG-kuREn2FZ3ZJpGV2wTDelX8IsT0yQw",
        "key": "my_json",
        "label": null,
        "content_type": "application/json",
        "value": "{\u0022key\u0022: \u0022value\u0022}",
        "tags": {},
        "locked": false,
        "last_modified": "2023-11-07T23:50:53\u002B00:00"
      }
    },
    {
      "RequestUri": "https://fake-endpoint.azconfig.io/kv/test.trimmed?label=%00\u0026api-version=1970-01-01",
      "RequestMethod": "PUT",
      "RequestHeaders": {
        "Accept": "application/vnd.microsoft.appconfig.kv\u002Bjson, application/json, application/problem\u002Bjson",
        "Accept-Encoding": "gzip, deflate",
        "Connection": "keep-alive",
        "Content-Length": "100",
        "Content-Type": "application/json",
        "Sync-Token": "zAJw6V16=NzoxNyMyNDE4ODY1NQ==",
        "User-Agent": "azsdk-python-appconfiguration/1.4.0 Python/3.10.11 (Windows-10-10.0.22631-SP0)"
      },
      "RequestBody": {
        "key": "test.trimmed",
        "label": "\u0000",
        "content_type": "text/plain",
        "value": "key",
        "tags": {}
      },
      "StatusCode": 200,
      "ResponseHeaders": {
        "Access-Control-Allow-Origin": "*",
        "Connection": "keep-alive",
        "Content-Type": "application/vnd.microsoft.appconfig.kv\u002Bjson; charset=utf-8",
        "Date": "Tue, 07 Nov 2023 23:50:53 GMT",
        "ETag": "\u0022dn0ZPpv7Qi0922wEI_XcpMobehufSzUXKfBoKpeX__M\u0022",
        "Last-Modified": "Tue, 07 Nov 2023 23:50:53 GMT",
        "Strict-Transport-Security": "max-age=15724800; includeSubDomains",
        "Sync-Token": "zAJw6V16=NzoxNyMyNDE4ODY1Nw==;sn=24188657",
        "Transfer-Encoding": "chunked",
        "x-ms-correlation-request-id": "e4cccb50-f7af-4ac5-9b85-bd17335d87b3"
      },
      "ResponseBody": {
        "etag": "dn0ZPpv7Qi0922wEI_XcpMobehufSzUXKfBoKpeX__M",
        "key": "test.trimmed",
        "label": null,
        "content_type": "text/plain",
        "value": "key",
        "tags": {},
        "locked": false,
        "last_modified": "2023-11-07T23:50:53\u002B00:00"
      }
    },
    {
      "RequestUri": "https://fake-endpoint.azconfig.io/kv/refresh_message?label=%00\u0026api-version=1970-01-01",
      "RequestMethod": "PUT",
      "RequestHeaders": {
        "Accept": "application/vnd.microsoft.appconfig.kv\u002Bjson, application/json, application/problem\u002Bjson",
        "Accept-Encoding": "gzip, deflate",
        "Connection": "keep-alive",
        "Content-Length": "114",
        "Content-Type": "application/json",
        "Sync-Token": "zAJw6V16=NzoxNyMyNDE4ODY1Nw==",
        "User-Agent": "azsdk-python-appconfiguration/1.4.0 Python/3.10.11 (Windows-10-10.0.22631-SP0)"
      },
      "RequestBody": {
        "key": "refresh_message",
        "label": "\u0000",
        "content_type": "text/plain",
        "value": "original value",
        "tags": {}
      },
      "StatusCode": 200,
      "ResponseHeaders": {
        "Access-Control-Allow-Origin": "*",
        "Connection": "keep-alive",
        "Content-Type": "application/vnd.microsoft.appconfig.kv\u002Bjson; charset=utf-8",
        "Date": "Tue, 07 Nov 2023 23:50:53 GMT",
        "ETag": "\u0022kVVWuzpVQoHU_Pn1u72X4UqOC4RL93iet_jakx0NzxM\u0022",
        "Last-Modified": "Tue, 07 Nov 2023 23:50:53 GMT",
        "Strict-Transport-Security": "max-age=15724800; includeSubDomains",
        "Sync-Token": "zAJw6V16=NzoxNyMyNDE4ODY1OQ==;sn=24188659",
        "Transfer-Encoding": "chunked",
        "x-ms-correlation-request-id": "13bac9d0-2ad2-4fd5-80e0-e58e0df4b780"
      },
      "ResponseBody": {
        "etag": "kVVWuzpVQoHU_Pn1u72X4UqOC4RL93iet_jakx0NzxM",
        "key": "refresh_message",
        "label": null,
        "content_type": "text/plain",
        "value": "original value",
        "tags": {},
        "locked": false,
        "last_modified": "2023-11-07T23:50:53\u002B00:00"
      }
    },
    {
      "RequestUri": "https://fake-endpoint.azconfig.io/kv/non_refreshed_message?label=%00\u0026api-version=1970-01-01",
      "RequestMethod": "PUT",
      "RequestHeaders": {
        "Accept": "application/vnd.microsoft.appconfig.kv\u002Bjson, application/json, application/problem\u002Bjson",
        "Accept-Encoding": "gzip, deflate",
        "Connection": "keep-alive",
        "Content-Length": "112",
        "Content-Type": "application/json",
        "Sync-Token": "zAJw6V16=NzoxNyMyNDE4ODY1OQ==",
        "User-Agent": "azsdk-python-appconfiguration/1.4.0 Python/3.10.11 (Windows-10-10.0.22631-SP0)"
      },
      "RequestBody": {
        "key": "non_refreshed_message",
        "label": "\u0000",
        "content_type": "text/plain",
        "value": "Static",
        "tags": {}
      },
      "StatusCode": 200,
      "ResponseHeaders": {
        "Access-Control-Allow-Origin": "*",
        "Connection": "keep-alive",
        "Content-Type": "application/vnd.microsoft.appconfig.kv\u002Bjson; charset=utf-8",
        "Date": "Tue, 07 Nov 2023 23:50:53 GMT",
        "ETag": "\u0022_u4pEG43kY3OgAWxjqgIc31ylATY6MGvNYnCNwyR5mE\u0022",
        "Last-Modified": "Tue, 07 Nov 2023 23:50:53 GMT",
        "Strict-Transport-Security": "max-age=15724800; includeSubDomains",
        "Sync-Token": "zAJw6V16=NzoxNyMyNDE4ODY2MQ==;sn=24188661",
        "Transfer-Encoding": "chunked",
        "x-ms-correlation-request-id": "e7d538ac-fc53-42df-88a2-aa780bc561ea"
      },
      "ResponseBody": {
        "etag": "_u4pEG43kY3OgAWxjqgIc31ylATY6MGvNYnCNwyR5mE",
        "key": "non_refreshed_message",
        "label": null,
        "content_type": "text/plain",
        "value": "Static",
        "tags": {},
        "locked": false,
        "last_modified": "2023-11-07T23:50:53\u002B00:00"
      }
    },
    {
      "RequestUri": "https://fake-endpoint.azconfig.io/kv/.appconfig.featureflag%2FAlpha?label=%00\u0026api-version=1970-01-01",
      "RequestMethod": "PUT",
      "RequestHeaders": {
        "Accept": "application/vnd.microsoft.appconfig.kv\u002Bjson, application/json, application/problem\u002Bjson",
        "Accept-Encoding": "gzip, deflate",
        "Connection": "keep-alive",
        "Content-Length": "270",
        "Content-Type": "application/json",
        "Sync-Token": "zAJw6V16=NzoxNyMyNDE4ODY2MQ==",
        "User-Agent": "azsdk-python-appconfiguration/1.4.0 Python/3.10.11 (Windows-10-10.0.22631-SP0)"
      },
      "RequestBody": {
        "key": ".appconfig.featureflag/Alpha",
        "label": "\u0000",
        "content_type": "application/vnd.microsoft.appconfig.ff\u002Bjson;charset=utf-8",
        "value": "{\t\u0022id\u0022: \u0022Alpha\u0022, \u0022description\u0022: \u0022\u0022, \u0022enabled\u0022: false, \u0022conditions\u0022: {\t\u0022client_filters\u0022: []\t}}",
        "tags": {}
      },
      "StatusCode": 200,
      "ResponseHeaders": {
        "Access-Control-Allow-Origin": "*",
        "Connection": "keep-alive",
        "Content-Type": "application/vnd.microsoft.appconfig.kv\u002Bjson; charset=utf-8",
        "Date": "Tue, 07 Nov 2023 23:50:53 GMT",
        "ETag": "\u0022nkPartmXTWngku6Z0DTgvpoBRSsnIQqKxEHAGC0f_3c\u0022",
        "Last-Modified": "Tue, 07 Nov 2023 23:50:53 GMT",
        "Strict-Transport-Security": "max-age=15724800; includeSubDomains",
        "Sync-Token": "zAJw6V16=NzoxNyMyNDE4ODY2Mw==;sn=24188663",
        "Transfer-Encoding": "chunked",
        "x-ms-correlation-request-id": "aa9f2ff7-0285-4de1-9885-62c7044e7455"
      },
      "ResponseBody": {
        "etag": "nkPartmXTWngku6Z0DTgvpoBRSsnIQqKxEHAGC0f_3c",
        "key": ".appconfig.featureflag/Alpha",
        "label": null,
        "content_type": "application/vnd.microsoft.appconfig.ff\u002Bjson;charset=utf-8",
        "value": "{\t\u0022id\u0022: \u0022Alpha\u0022, \u0022description\u0022: \u0022\u0022, \u0022enabled\u0022: false, \u0022conditions\u0022: {\t\u0022client_filters\u0022: []\t}}",
        "tags": {},
        "locked": false,
        "last_modified": "2023-11-07T23:50:53\u002B00:00"
      }
    },
    {
      "RequestUri": "https://fake-endpoint.azconfig.io/kv/secret?label=prod\u0026api-version=1970-01-01",
      "RequestMethod": "PUT",
      "RequestHeaders": {
        "Accept": "application/vnd.microsoft.appconfig.kv\u002Bjson, application/json, application/problem\u002Bjson",
        "Accept-Encoding": "gzip, deflate",
        "Connection": "keep-alive",
        "Content-Length": "217",
        "Content-Type": "application/json",
        "Sync-Token": "zAJw6V16=NzoxNyMyNDE4ODY2Mw==",
        "User-Agent": "azsdk-python-appconfiguration/1.4.0 Python/3.10.11 (Windows-10-10.0.22631-SP0)"
      },
      "RequestBody": {
        "key": "secret",
        "label": "prod",
        "content_type": "application/vnd.microsoft.appconfig.keyvaultref\u002Bjson;charset=utf-8",
        "value": "{\u0022uri\u0022:\u0022https://fake-keyvault.vault.azure.net/secrets/fake-secret/\u0022}",
        "tags": {}
      },
      "StatusCode": 200,
      "ResponseHeaders": {
        "Access-Control-Allow-Origin": "*",
        "Connection": "keep-alive",
        "Content-Type": "application/vnd.microsoft.appconfig.kv\u002Bjson; charset=utf-8",
        "Date": "Tue, 07 Nov 2023 23:50:54 GMT",
        "ETag": "\u0022fdj1Cc6gc_Y27p4f3XJ3olm0VjKzpe5abfbkVh2qDhE\u0022",
        "Last-Modified": "Tue, 07 Nov 2023 23:50:54 GMT",
        "Strict-Transport-Security": "max-age=15724800; includeSubDomains",
        "Sync-Token": "zAJw6V16=NzoxNyMyNDE4ODY2NQ==;sn=24188665",
        "Transfer-Encoding": "chunked",
        "x-ms-correlation-request-id": "395c49dc-ab21-4ec5-ae8f-139389945fe7"
      },
      "ResponseBody": {
        "etag": "fdj1Cc6gc_Y27p4f3XJ3olm0VjKzpe5abfbkVh2qDhE",
        "key": "secret",
        "label": "prod",
        "content_type": "application/vnd.microsoft.appconfig.keyvaultref\u002Bjson;charset=utf-8",
        "value": "{\u0022uri\u0022:\u0022https://fake-keyvault.vault.azure.net/secrets/fake-secret/\u0022}",
        "tags": {},
        "locked": false,
        "last_modified": "2023-11-07T23:50:54\u002B00:00"
      }
    },
    {
      "RequestUri": "https://fake-endpoint.azconfig.io/kv?key=%2A\u0026label=%00\u0026api-version=1970-01-01",
      "RequestMethod": "GET",
      "RequestHeaders": {
        "Accept": "application/vnd.microsoft.appconfig.kvset\u002Bjson, application/json, application/problem\u002Bjson",
        "Accept-Encoding": "gzip, deflate",
        "Connection": "keep-alive",
        "Correlation-Context": "RequestType=Startup,UsesKeyVault",
        "User-Agent": "SDK/Integration python-appconfiguration-provider/1.1.0b3 azsdk-python-appconfiguration/1.4.0 Python/3.10.11 (Windows-10-10.0.22631-SP0)"
      },
      "RequestBody": null,
      "StatusCode": 200,
      "ResponseHeaders": {
        "Access-Control-Allow-Origin": "*",
        "Connection": "keep-alive",
        "Content-Type": "application/vnd.microsoft.appconfig.kvset\u002Bjson; charset=utf-8",
        "Date": "Tue, 07 Nov 2023 23:50:54 GMT",
        "Strict-Transport-Security": "max-age=15724800; includeSubDomains",
        "Sync-Token": "zAJw6V16=NzoxNyMyNDE4ODY2Ng==;sn=24188666",
        "Transfer-Encoding": "chunked",
        "x-ms-correlation-request-id": "4fea8d84-4b47-45c7-9239-fb3b339d814a"
      },
      "ResponseBody": {
        "items": [
          {
            "etag": "nkPartmXTWngku6Z0DTgvpoBRSsnIQqKxEHAGC0f_3c",
            "key": ".appconfig.featureflag/Alpha",
            "label": null,
            "content_type": "application/vnd.microsoft.appconfig.ff\u002Bjson;charset=utf-8",
            "value": "{\t\u0022id\u0022: \u0022Alpha\u0022, \u0022description\u0022: \u0022\u0022, \u0022enabled\u0022: false, \u0022conditions\u0022: {\t\u0022client_filters\u0022: []\t}}",
            "tags": {},
            "locked": false,
            "last_modified": "2023-11-07T23:50:53\u002B00:00"
          },
          {
            "etag": "Ps4IuugdpmzIygmwW3hI6yObap-S9Rh-sT4160a0iHA",
            "key": ".appconfig.featureflag/hgj",
            "label": null,
            "content_type": "application/vnd.microsoft.appconfig.ff\u002Bjson;charset=utf-8",
            "value": "{\u0022id\u0022:\u0022hgj\u0022,\u0022description\u0022:\u0022\u0022,\u0022enabled\u0022:true,\u0022conditions\u0022:{\u0022client_filters\u0022:[{\u0022name\u0022:\u0022Microsoft.Targeting\u0022,\u0022parameters\u0022:{\u0022Audience\u0022:{\u0022Users\u0022:[\u0022asdf\u0022],\u0022Groups\u0022:[{\u0022Name\u0022:\u0022sdgfh\u0022,\u0022RolloutPercentage\u0022:100}],\u0022DefaultRolloutPercentage\u0022:50,\u0022Exclusion\u0022:{\u0022Users\u0022:[\u0022asdf\u0022],\u0022Groups\u0022:[\u0022dfgh\u0022]}}}},{\u0022name\u0022:\u0022Microsoft.TimeWindow\u0022,\u0022parameters\u0022:{\u0022End\u0022:\u0022Fri, 03 Nov 2023 07:00:00 GMT\u0022}}]}}",
            "tags": {},
            "locked": false,
            "last_modified": "2023-10-27T17:04:48\u002B00:00"
          },
          {
            "etag": "RcaB578E8knHVhTa4nbH64bNpYg4jmD8pKaDmCVb2J0",
            "key": ".appconfig.featureflag/xcvadsv",
            "label": null,
            "content_type": "application/vnd.microsoft.appconfig.ff\u002Bjson;charset=utf-8",
            "value": "{\u0022id\u0022:\u0022xcvadsv\u0022,\u0022description\u0022:\u0022\u0022,\u0022enabled\u0022:true,\u0022conditions\u0022:{}}",
            "tags": {},
            "locked": false,
            "last_modified": "2023-10-31T22:31:55\u002B00:00"
          },
          {
            "etag": "ZJHRZ5PJhwZUFU3XxRfzrCAy0dF0YxOeAIBZWVZAkf4",
            "key": "message",
            "label": null,
            "content_type": "text/plain",
            "value": "hi",
            "tags": {},
            "locked": false,
            "last_modified": "2023-11-07T23:50:53\u002B00:00"
          },
          {
            "etag": "OEYk7UTpSJwDG-kuREn2FZ3ZJpGV2wTDelX8IsT0yQw",
            "key": "my_json",
            "label": null,
            "content_type": "application/json",
            "value": "{\u0022key\u0022: \u0022value\u0022}",
            "tags": {},
            "locked": false,
            "last_modified": "2023-11-07T23:50:53\u002B00:00"
          },
          {
            "etag": "_u4pEG43kY3OgAWxjqgIc31ylATY6MGvNYnCNwyR5mE",
            "key": "non_refreshed_message",
            "label": null,
            "content_type": "text/plain",
            "value": "Static",
            "tags": {},
            "locked": false,
            "last_modified": "2023-11-07T23:50:53\u002B00:00"
          },
          {
            "etag": "kVVWuzpVQoHU_Pn1u72X4UqOC4RL93iet_jakx0NzxM",
            "key": "refresh_message",
            "label": null,
            "content_type": "text/plain",
            "value": "original value",
            "tags": {},
            "locked": false,
            "last_modified": "2023-11-07T23:50:53\u002B00:00"
          },
          {
            "etag": "dn0ZPpv7Qi0922wEI_XcpMobehufSzUXKfBoKpeX__M",
            "key": "test.trimmed",
            "label": null,
            "content_type": "text/plain",
            "value": "key",
            "tags": {},
            "locked": false,
            "last_modified": "2023-11-07T23:50:53\u002B00:00"
          }
        ]
      }
    }
  ],
  "Variables": {}
}
