{
  "Entries": [
    {
      "RequestUri": "https://Sanitized.azconfig.io/kv/message?api-version=1970-01-01",
      "RequestMethod": "PUT",
      "RequestHeaders": {
        "Accept": "*/*",
        "Accept-Encoding": "gzip, deflate",
        "Content-Length": "82",
        "Content-Type": "application/json",
        "User-Agent": "azsdk-python-appconfiguration/1.7.2 Python/3.11.9 (Windows-10-10.0.26100-SP0)",
        "x-ms-content-sha256": "Sanitized",
        "x-ms-date": "Jun, 18 2025 17:46:56.895690 GMT"
      },
      "RequestBody": {
        "key": "message",
        "label": "\u0000",
        "value": "hi",
        "content_type": "text/plain"
      },
      "StatusCode": 200,
      "ResponseHeaders": {
        "Access-Control-Allow-Origin": "*",
        "Connection": "keep-alive",
        "Content-Type": "application/vnd.microsoft.appconfig.kv+json; charset=utf-8",
        "Date": "Wed, 18 Jun 2025 17:46:56 GMT",
        "ETag": "\"muTASM5KJ3ojpYQ4KpcFNpsZYVCv-o5aKka8DvRFYvc\"",
        "Last-Modified": "Wed, 18 Jun 2025 17:46:56 GMT",
        "Strict-Transport-Security": "max-age=31536000; includeSubDomains",
        "Transfer-Encoding": "chunked",
        "x-ms-correlation-request-id": "7bac7cc7-e65b-4ba4-8acf-ecf751fba429"
      },
      "ResponseBody": {
        "etag": "Sanitized",
        "key": "message",
        "label": null,
        "content_type": "text/plain",
        "value": "hi",
        "tags": {},
        "locked": false,
        "last_modified": "2025-06-18T17:46:56+00:00"
      }
    },
    {
      "RequestUri": "https://Sanitized.azconfig.io/kv/message?api-version=1970-01-01",
      "RequestMethod": "PUT",
      "RequestHeaders": {
        "Accept": "*/*",
        "Accept-Encoding": "gzip, deflate",
        "Content-Length": "81",
        "Content-Type": "application/json",
        "User-Agent": "azsdk-python-appconfiguration/1.7.2 Python/3.11.9 (Windows-10-10.0.26100-SP0)",
        "x-ms-content-sha256": "Sanitized",
        "x-ms-date": "Jun, 18 2025 17:46:56.914918 GMT"
      },
      "RequestBody": {
        "key": "message",
        "label": "dev",
        "value": "test",
        "content_type": "text/plain"
      },
      "StatusCode": 200,
      "ResponseHeaders": {
        "Access-Control-Allow-Origin": "*",
        "Connection": "keep-alive",
        "Content-Type": "application/vnd.microsoft.appconfig.kv+json; charset=utf-8",
        "Date": "Wed, 18 Jun 2025 17:46:56 GMT",
        "ETag": "\"mJWBgVu8NZBrDP-vWysdaHaz1MiQOtQoUf2-a2G-RfY\"",
        "Last-Modified": "Wed, 18 Jun 2025 17:46:56 GMT",
        "Strict-Transport-Security": "max-age=31536000; includeSubDomains",
        "Transfer-Encoding": "chunked",
        "x-ms-correlation-request-id": "ce706519-7909-4e0a-9d9a-01adaea29904"
      },
      "ResponseBody": {
        "etag": "Sanitized",
        "key": "message",
        "label": "dev",
        "content_type": "text/plain",
        "value": "test",
        "tags": {},
        "locked": false,
        "last_modified": "2025-06-18T17:46:56+00:00"
      }
    },
    {
      "RequestUri": "https://Sanitized.azconfig.io/kv/my_json?api-version=1970-01-01",
      "RequestMethod": "PUT",
      "RequestHeaders": {
        "Accept": "*/*",
        "Accept-Encoding": "gzip, deflate",
        "Content-Length": "106",
        "Content-Type": "application/json",
        "User-Agent": "azsdk-python-appconfiguration/1.7.2 Python/3.11.9 (Windows-10-10.0.26100-SP0)",
        "x-ms-content-sha256": "Sanitized",
        "x-ms-date": "Jun, 18 2025 17:46:56.929940 GMT"
      },
      "RequestBody": {
        "key": "my_json",
        "label": "\u0000",
        "value": "{\"key\": \"value\"}",
        "content_type": "application/json"
      },
      "StatusCode": 200,
      "ResponseHeaders": {
        "Access-Control-Allow-Origin": "*",
        "Connection": "keep-alive",
        "Content-Type": "application/vnd.microsoft.appconfig.kv+json; charset=utf-8",
        "Date": "Wed, 18 Jun 2025 17:46:56 GMT",
        "ETag": "\"ya6_oR-VYMw1SlPdBhy3W--dgtgvGYA-BzbhWXDWuKk\"",
        "Last-Modified": "Wed, 18 Jun 2025 17:46:56 GMT",
        "Strict-Transport-Security": "max-age=31536000; includeSubDomains",
        "Transfer-Encoding": "chunked",
        "x-ms-correlation-request-id": "cb936b75-ccf1-4ca4-8054-deab3b78244d"
      },
      "ResponseBody": {
        "etag": "Sanitized",
        "key": "my_json",
        "label": null,
        "content_type": "application/json",
        "value": "{\"key\": \"value\"}",
        "tags": {},
        "locked": false,
        "last_modified": "2025-06-18T17:46:56+00:00"
      }
    },
    {
      "RequestUri": "https://Sanitized.azconfig.io/kv/test.trimmed?api-version=1970-01-01",
      "RequestMethod": "PUT",
      "RequestHeaders": {
        "Accept": "*/*",
        "Accept-Encoding": "gzip, deflate",
        "Content-Length": "88",
        "Content-Type": "application/json",
        "User-Agent": "azsdk-python-appconfiguration/1.7.2 Python/3.11.9 (Windows-10-10.0.26100-SP0)",
        "x-ms-content-sha256": "Sanitized",
        "x-ms-date": "Jun, 18 2025 17:46:56.945669 GMT"
      },
      "RequestBody": {
        "key": "test.trimmed",
        "label": "\u0000",
        "value": "key",
        "content_type": "text/plain"
      },
      "StatusCode": 200,
      "ResponseHeaders": {
        "Access-Control-Allow-Origin": "*",
        "Connection": "keep-alive",
        "Content-Type": "application/vnd.microsoft.appconfig.kv+json; charset=utf-8",
        "Date": "Wed, 18 Jun 2025 17:46:56 GMT",
        "ETag": "\"Llodmxcmqs17Oo3IN9i16stu_wFqZZUS8FwoEoZN6EE\"",
        "Last-Modified": "Wed, 18 Jun 2025 17:46:56 GMT",
        "Strict-Transport-Security": "max-age=31536000; includeSubDomains",
        "Transfer-Encoding": "chunked",
        "x-ms-correlation-request-id": "639c883e-6c9e-4b6d-bb92-d5cb16de4a4c"
      },
      "ResponseBody": {
        "etag": "Sanitized",
        "key": "test.trimmed",
        "label": null,
        "content_type": "text/plain",
        "value": "key",
        "tags": {},
        "locked": false,
        "last_modified": "2025-06-18T17:46:56+00:00"
      }
    },
    {
      "RequestUri": "https://Sanitized.azconfig.io/kv/refresh_message?api-version=1970-01-01",
      "RequestMethod": "PUT",
      "RequestHeaders": {
        "Accept": "*/*",
        "Accept-Encoding": "gzip, deflate",
        "Content-Length": "102",
        "Content-Type": "application/json",
        "User-Agent": "azsdk-python-appconfiguration/1.7.2 Python/3.11.9 (Windows-10-10.0.26100-SP0)",
        "x-ms-content-sha256": "Sanitized",
        "x-ms-date": "Jun, 18 2025 17:46:56.960686 GMT"
      },
      "RequestBody": {
        "key": "refresh_message",
        "label": "\u0000",
        "value": "original value",
        "content_type": "text/plain"
      },
      "StatusCode": 200,
      "ResponseHeaders": {
        "Access-Control-Allow-Origin": "*",
        "Connection": "keep-alive",
        "Content-Type": "application/vnd.microsoft.appconfig.kv+json; charset=utf-8",
        "Date": "Wed, 18 Jun 2025 17:46:56 GMT",
        "ETag": "\"u4TW9aTYI9WLQU2_ugy2MCDsgUzNSvYYUxAKkFujlbw\"",
        "Last-Modified": "Wed, 18 Jun 2025 17:46:56 GMT",
        "Strict-Transport-Security": "max-age=31536000; includeSubDomains",
        "Transfer-Encoding": "chunked",
        "x-ms-correlation-request-id": "1f1faecd-5918-439d-9cdc-b06a049118f6"
      },
      "ResponseBody": {
        "etag": "Sanitized",
        "key": "refresh_message",
        "label": null,
        "content_type": "text/plain",
        "value": "original value",
        "tags": {},
        "locked": false,
        "last_modified": "2025-06-18T17:46:56+00:00"
      }
    },
    {
      "RequestUri": "https://Sanitized.azconfig.io/kv/non_refreshed_message?api-version=1970-01-01",
      "RequestMethod": "PUT",
      "RequestHeaders": {
        "Accept": "*/*",
        "Accept-Encoding": "gzip, deflate",
        "Content-Length": "100",
        "Content-Type": "application/json",
        "User-Agent": "azsdk-python-appconfiguration/1.7.2 Python/3.11.9 (Windows-10-10.0.26100-SP0)",
        "x-ms-content-sha256": "Sanitized",
        "x-ms-date": "Jun, 18 2025 17:46:56.977862 GMT"
      },
      "RequestBody": {
        "key": "non_refreshed_message",
        "label": "\u0000",
        "value": "Static",
        "content_type": "text/plain"
      },
      "StatusCode": 200,
      "ResponseHeaders": {
        "Access-Control-Allow-Origin": "*",
        "Connection": "keep-alive",
        "Content-Type": "application/vnd.microsoft.appconfig.kv+json; charset=utf-8",
        "Date": "Wed, 18 Jun 2025 17:46:56 GMT",
        "ETag": "\"MHXhA7oR8capVjQenIC5oVq8umKhx8gj-sXvRlBnWC8\"",
        "Last-Modified": "Wed, 18 Jun 2025 17:46:56 GMT",
        "Strict-Transport-Security": "max-age=31536000; includeSubDomains",
        "Transfer-Encoding": "chunked",
        "x-ms-correlation-request-id": "562ba027-ea3c-47f5-920e-95b434229db1"
      },
      "ResponseBody": {
        "etag": "Sanitized",
        "key": "non_refreshed_message",
        "label": null,
        "content_type": "text/plain",
        "value": "Static",
        "tags": {},
        "locked": false,
        "last_modified": "2025-06-18T17:46:56+00:00"
      }
    },
    {
      "RequestUri": "https://Sanitized.azconfig.io/kv/tagged_config?api-version=1970-01-01",
      "RequestMethod": "PUT",
      "RequestHeaders": {
        "Accept": "*/*",
        "Accept-Encoding": "gzip, deflate",
        "Content-Length": "93",
        "Content-Type": "application/json",
        "User-Agent": "azsdk-python-appconfiguration/1.7.2 Python/3.11.9 (Windows-10-10.0.26100-SP0)",
        "x-ms-content-sha256": "Sanitized",
        "x-ms-date": "Jun, 18 2025 17:46:56.993882 GMT"
      },
      "RequestBody": {
        "key": "tagged_config",
        "label": "\u0000",
        "content_type": "text/plain",
        "tags": {
          "a": "b"
        }
      },
      "StatusCode": 200,
      "ResponseHeaders": {
        "Access-Control-Allow-Origin": "*",
        "Connection": "keep-alive",
        "Content-Type": "application/vnd.microsoft.appconfig.kv+json; charset=utf-8",
        "Date": "Wed, 18 Jun 2025 17:46:57 GMT",
        "ETag": "\"TSLGb8fhsDnTIZJx70_EP04FKEcakfJ2FEtRahjHZ14\"",
        "Last-Modified": "Wed, 18 Jun 2025 17:46:57 GMT",
        "Strict-Transport-Security": "max-age=31536000; includeSubDomains",
        "Transfer-Encoding": "chunked",
        "x-ms-correlation-request-id": "3e459aff-3375-445b-b16b-3ea90553f18d"
      },
      "ResponseBody": {
        "etag": "Sanitized",
        "key": "tagged_config",
        "label": null,
        "content_type": "text/plain",
        "value": null,
        "tags": {
          "a": "b"
        },
        "locked": false,
        "last_modified": "2025-06-18T17:46:57+00:00"
      }
    },
    {
      "RequestUri": "https://Sanitized.azconfig.io/kv/two_tagged?api-version=1970-01-01",
      "RequestMethod": "PUT",
      "RequestHeaders": {
        "Accept": "*/*",
        "Accept-Encoding": "gzip, deflate",
        "Content-Length": "107",
        "Content-Type": "application/json",
        "User-Agent": "azsdk-python-appconfiguration/1.7.2 Python/3.11.9 (Windows-10-10.0.26100-SP0)",
        "x-ms-content-sha256": "Sanitized",
        "x-ms-date": "Jun, 18 2025 17:46:57.008598 GMT"
      },
      "RequestBody": {
        "key": "two_tagged",
        "label": "\u0000",
        "content_type": "text/plain",
        "tags": {
          "a": "b",
          "second": "tag"
        }
      },
      "StatusCode": 200,
      "ResponseHeaders": {
        "Access-Control-Allow-Origin": "*",
        "Connection": "keep-alive",
        "Content-Type": "application/vnd.microsoft.appconfig.kv+json; charset=utf-8",
        "Date": "Wed, 18 Jun 2025 17:46:57 GMT",
        "ETag": "\"i6SlILbZGhx-cVMDv4lzXAK2pDegreUBWr9G7C7xwMo\"",
        "Last-Modified": "Wed, 18 Jun 2025 17:46:57 GMT",
        "Strict-Transport-Security": "max-age=31536000; includeSubDomains",
        "Transfer-Encoding": "chunked",
        "x-ms-correlation-request-id": "01b694fe-b079-4b07-bbca-783c610e0100"
      },
      "ResponseBody": {
        "etag": "Sanitized",
        "key": "two_tagged",
        "label": null,
        "content_type": "text/plain",
        "value": null,
        "tags": {
          "a": "b",
          "second": "tag"
        },
        "locked": false,
        "last_modified": "2025-06-18T17:46:57+00:00"
      }
    },
    {
      "RequestUri": "https://Sanitized.azconfig.io/kv/only_second_tag?api-version=1970-01-01",
      "RequestMethod": "PUT",
      "RequestHeaders": {
        "Accept": "*/*",
        "Accept-Encoding": "gzip, deflate",
        "Content-Length": "102",
        "Content-Type": "application/json",
        "User-Agent": "azsdk-python-appconfiguration/1.7.2 Python/3.11.9 (Windows-10-10.0.26100-SP0)",
        "x-ms-content-sha256": "Sanitized",
        "x-ms-date": "Jun, 18 2025 17:46:57.025638 GMT"
      },
      "RequestBody": {
        "key": "only_second_tag",
        "label": "\u0000",
        "content_type": "text/plain",
        "tags": {
          "second": "tag"
        }
      },
      "StatusCode": 200,
      "ResponseHeaders": {
        "Access-Control-Allow-Origin": "*",
        "Connection": "keep-alive",
        "Content-Type": "application/vnd.microsoft.appconfig.kv+json; charset=utf-8",
        "Date": "Wed, 18 Jun 2025 17:46:57 GMT",
        "ETag": "\"zTMosPjut-pFs5qju3Yny_XnwllRmhUbiAzM543gjBw\"",
        "Last-Modified": "Wed, 18 Jun 2025 17:46:57 GMT",
        "Strict-Transport-Security": "max-age=31536000; includeSubDomains",
        "Transfer-Encoding": "chunked",
        "x-ms-correlation-request-id": "1b134fb8-1020-4085-ae89-dc51dbadf88e"
      },
      "ResponseBody": {
        "etag": "Sanitized",
        "key": "only_second_tag",
        "label": null,
        "content_type": "text/plain",
        "value": null,
        "tags": {
          "second": "tag"
        },
        "locked": false,
        "last_modified": "2025-06-18T17:46:57+00:00"
      }
    },
    {
      "RequestUri": "https://Sanitized.azconfig.io/kv/complex_tag?api-version=1970-01-01",
      "RequestMethod": "PUT",
      "RequestHeaders": {
        "Accept": "*/*",
        "Accept-Encoding": "gzip, deflate",
        "Content-Length": "149",
        "Content-Type": "application/json",
        "User-Agent": "azsdk-python-appconfiguration/1.7.2 Python/3.11.9 (Windows-10-10.0.26100-SP0)",
        "x-ms-content-sha256": "Sanitized",
        "x-ms-date": "Jun, 18 2025 17:46:57.041507 GMT"
      },
      "RequestBody": {
        "key": "complex_tag",
        "label": "\u0000",
        "content_type": "text/plain",
        "tags": {
          "Special:Tag": "Value:With:Colons",
          "Tag@With@At": "Value@With@At"
        }
      },
      "StatusCode": 200,
      "ResponseHeaders": {
        "Access-Control-Allow-Origin": "*",
        "Connection": "keep-alive",
        "Content-Type": "application/vnd.microsoft.appconfig.kv+json; charset=utf-8",
        "Date": "Wed, 18 Jun 2025 17:46:57 GMT",
        "ETag": "\"COo5B17Eq9dk1ff0rrAhoU-G759wCJePIB6GLgUCAS0\"",
        "Last-Modified": "Wed, 18 Jun 2025 17:46:57 GMT",
        "Strict-Transport-Security": "max-age=31536000; includeSubDomains",
        "Transfer-Encoding": "chunked",
        "x-ms-correlation-request-id": "67655082-34f8-43a0-bc39-ee30953df21b"
      },
      "ResponseBody": {
        "etag": "Sanitized",
        "key": "complex_tag",
        "label": null,
        "content_type": "text/plain",
        "value": null,
        "tags": {
          "Special:Tag": "Value:With:Colons",
          "Tag@With@At": "Value@With@At"
        },
        "locked": false,
        "last_modified": "2025-06-18T17:46:57+00:00"
      }
    },
    {
      "RequestUri": "https://Sanitized.azconfig.io/kv/.appconfig.featureflag%2FAlpha?api-version=1970-01-01",
      "RequestMethod": "PUT",
      "RequestHeaders": {
        "Accept": "*/*",
        "Accept-Encoding": "gzip, deflate",
        "Content-Length": "258",
        "Content-Type": "application/json",
        "User-Agent": "azsdk-python-appconfiguration/1.7.2 Python/3.11.9 (Windows-10-10.0.26100-SP0)",
        "x-ms-content-sha256": "Sanitized",
        "x-ms-date": "Jun, 18 2025 17:46:57.055520 GMT"
      },
      "RequestBody": {
        "key": ".appconfig.featureflag/Alpha",
        "label": "\u0000",
        "value": "{\t\"id\": \"Alpha\", \"description\": \"\", \"enabled\": false, \"conditions\": {\t\"client_filters\": []\t}}",
        "content_type": "application/vnd.microsoft.appconfig.ff+json;charset=utf-8"
      },
      "StatusCode": 200,
      "ResponseHeaders": {
        "Access-Control-Allow-Origin": "*",
        "Connection": "keep-alive",
        "Content-Type": "application/vnd.microsoft.appconfig.kv+json; charset=utf-8",
        "Date": "Wed, 18 Jun 2025 17:46:57 GMT",
        "ETag": "\"KLbcaDNrSXZnvZ5agX0Qk5kSUeiz1JamrdwsBmc_04E\"",
        "Last-Modified": "Wed, 18 Jun 2025 17:46:57 GMT",
        "Strict-Transport-Security": "max-age=31536000; includeSubDomains",
        "Transfer-Encoding": "chunked",
        "x-ms-correlation-request-id": "5f59c172-43b4-47a7-9294-38b9d0aed9f1"
      },
      "ResponseBody": {
        "etag": "Sanitized",
        "key": ".appconfig.featureflag/Alpha",
        "label": null,
        "content_type": "application/vnd.microsoft.appconfig.ff+json;charset=utf-8",
        "value": "{\t\"id\": \"Alpha\", \"description\": \"\", \"enabled\": false, \"conditions\": {\t\"client_filters\": []\t}}",
        "tags": {},
        "locked": false,
        "last_modified": "2025-06-18T17:46:57+00:00"
      }
    },
    {
      "RequestUri": "https://Sanitized.azconfig.io/kv/.appconfig.featureflag%2FTaggedFeatureFlag?api-version=1970-01-01",
      "RequestMethod": "PUT",
      "RequestHeaders": {
        "Accept": "*/*",
        "Accept-Encoding": "gzip, deflate",
        "Content-Length": "302",
        "Content-Type": "application/json",
        "User-Agent": "azsdk-python-appconfiguration/1.7.2 Python/3.11.9 (Windows-10-10.0.26100-SP0)",
        "x-ms-content-sha256": "Sanitized",
        "x-ms-date": "Jun, 18 2025 17:46:57.069601 GMT"
      },
      "RequestBody": {
        "key": ".appconfig.featureflag/TaggedFeatureFlag",
        "label": "\u0000",
        "value": "{\t\"id\": \"TaggedFeatureFlag\", \"description\": \"\", \"enabled\": false, \"conditions\": {\t\"client_filters\": []\t}}",
        "content_type": "application/vnd.microsoft.appconfig.ff+json;charset=utf-8",
        "tags": {
          "a": "b"
        }
      },
      "StatusCode": 200,
      "ResponseHeaders": {
        "Access-Control-Allow-Origin": "*",
        "Connection": "keep-alive",
        "Content-Type": "application/vnd.microsoft.appconfig.kv+json; charset=utf-8",
        "Date": "Wed, 18 Jun 2025 17:46:57 GMT",
        "ETag": "\"6JLBi1-lR6RRvom0BWYg-QLGYmsmhJVZJU4kXNbPPGA\"",
        "Last-Modified": "Wed, 18 Jun 2025 17:46:57 GMT",
        "Strict-Transport-Security": "max-age=31536000; includeSubDomains",
        "Transfer-Encoding": "chunked",
        "x-ms-correlation-request-id": "696605b9-35f1-44a6-badf-5cb4c4066d93"
      },
      "ResponseBody": {
        "etag": "Sanitized",
        "key": ".appconfig.featureflag/TaggedFeatureFlag",
        "label": null,
        "content_type": "application/vnd.microsoft.appconfig.ff+json;charset=utf-8",
        "value": "{\t\"id\": \"TaggedFeatureFlag\", \"description\": \"\", \"enabled\": false, \"conditions\": {\t\"client_filters\": []\t}}",
        "tags": {
          "a": "b"
        },
        "locked": false,
        "last_modified": "2025-06-18T17:46:57+00:00"
      }
    },
    {
      "RequestUri": "https://Sanitized.azconfig.io/kv/multi_tagged?api-version=1970-01-01",
      "RequestMethod": "PUT",
      "RequestHeaders": {
        "Accept": "*/*",
        "Accept-Encoding": "gzip, deflate",
        "Content-Length": "133",
        "Content-Type": "application/json",
        "User-Agent": "azsdk-python-appconfiguration/1.7.2 Python/3.11.9 (Windows-10-10.0.26100-SP0)",
        "x-ms-content-sha256": "Sanitized",
        "x-ms-date": "Jun, 18 2025 17:46:57.084644 GMT"
      },
      "RequestBody": {
        "key": "multi_tagged",
        "label": "\u0000",
        "value": "multi tagged value",
        "content_type": "text/plain",
        "tags": {
          "a": "b",
          "c": "d"
        }
      },
      "StatusCode": 429,
      "ResponseHeaders": {
        "Access-Control-Allow-Origin": "*",
        "Connection": "keep-alive",
        "Content-Type": "application/problem+json; charset=utf-8",
        "Date": "Wed, 18 Jun 2025 17:46:57 GMT",
        "retry-after-ms": "55",
        "Strict-Transport-Security": "max-age=31536000; includeSubDomains",
        "Transfer-Encoding": "chunked",
        "x-ms-correlation-request-id": "3efda766-47a5-4888-8bb4-84badd279d23"
      },
      "ResponseBody": {
        "type": "https://azconfig.io/errors/too-many-requests",
        "title": "Resource utilization has surpassed the assigned quota",
        "policy": "Write Action Short Term",
        "status": 429
      }
    },
    {
      "RequestUri": "https://Sanitized.azconfig.io/kv/multi_tagged?api-version=1970-01-01",
      "RequestMethod": "PUT",
      "RequestHeaders": {
        "Accept": "*/*",
        "Accept-Encoding": "gzip, deflate",
        "Content-Length": "133",
        "Content-Type": "application/json",
        "User-Agent": "azsdk-python-appconfiguration/1.7.2 Python/3.11.9 (Windows-10-10.0.26100-SP0)",
        "x-ms-content-sha256": "Sanitized",
        "x-ms-date": "Jun, 18 2025 17:46:57.154155 GMT"
      },
      "RequestBody": {
        "key": "multi_tagged",
        "label": "\u0000",
        "value": "multi tagged value",
        "content_type": "text/plain",
        "tags": {
          "a": "b",
          "c": "d"
        }
      },
      "StatusCode": 200,
      "ResponseHeaders": {
        "Access-Control-Allow-Origin": "*",
        "Connection": "keep-alive",
        "Content-Type": "application/vnd.microsoft.appconfig.kv+json; charset=utf-8",
        "Date": "Wed, 18 Jun 2025 17:46:57 GMT",
        "ETag": "\"1kN_TbKdC4UdP93NIMPis8NCKMawSdgdLB1nSkJORrg\"",
        "Last-Modified": "Wed, 18 Jun 2025 17:46:57 GMT",
        "Strict-Transport-Security": "max-age=31536000; includeSubDomains",
        "Transfer-Encoding": "chunked",
        "x-ms-correlation-request-id": "90aa2179-ce0d-4ef9-b8f1-1d3f28d84673"
      },
      "ResponseBody": {
        "etag": "Sanitized",
        "key": "multi_tagged",
        "label": null,
        "content_type": "text/plain",
        "value": "multi tagged value",
        "tags": {
          "a": "b",
          "c": "d"
        },
        "locked": false,
        "last_modified": "2025-06-18T17:46:57+00:00"
      }
    },
    {
      "RequestUri": "https://Sanitized.azconfig.io/kv/special_chars?api-version=1970-01-01",
      "RequestMethod": "PUT",
      "RequestHeaders": {
        "Accept": "*/*",
        "Accept-Encoding": "gzip, deflate",
        "Content-Length": "135",
        "Content-Type": "application/json",
        "User-Agent": "azsdk-python-appconfiguration/1.7.2 Python/3.11.9 (Windows-10-10.0.26100-SP0)",
        "x-ms-content-sha256": "Sanitized",
        "x-ms-date": "Jun, 18 2025 17:46:57.172188 GMT"
      },
      "RequestBody": {
        "key": "special_chars",
        "label": "\u0000",
        "value": "special",
        "content_type": "text/plain",
        "tags": {
          "special@tag": "special:value"
        }
      },
      "StatusCode": 200,
      "ResponseHeaders": {
        "Access-Control-Allow-Origin": "*",
        "Connection": "keep-alive",
        "Content-Type": "application/vnd.microsoft.appconfig.kv+json; charset=utf-8",
        "Date": "Wed, 18 Jun 2025 17:46:57 GMT",
        "ETag": "\"bChyc2WG5dh4Nzj6Pbi9ukw1tIU4LtuYdZ9ISQEdrgw\"",
        "Last-Modified": "Wed, 18 Jun 2025 17:46:57 GMT",
        "Strict-Transport-Security": "max-age=31536000; includeSubDomains",
        "Transfer-Encoding": "chunked",
        "x-ms-correlation-request-id": "380e823b-d065-4efe-80ad-fe0a43268b23"
      },
      "ResponseBody": {
        "etag": "Sanitized",
        "key": "special_chars",
        "label": null,
        "content_type": "text/plain",
        "value": "special",
        "tags": {
          "special@tag": "special:value"
        },
        "locked": false,
        "last_modified": "2025-06-18T17:46:57+00:00"
      }
    },
    {
      "RequestUri": "https://Sanitized.azconfig.io/kv/no_tags?api-version=1970-01-01",
      "RequestMethod": "PUT",
      "RequestHeaders": {
        "Accept": "*/*",
        "Accept-Encoding": "gzip, deflate",
        "Content-Length": "87",
        "Content-Type": "application/json",
        "User-Agent": "azsdk-python-appconfiguration/1.7.2 Python/3.11.9 (Windows-10-10.0.26100-SP0)",
        "x-ms-content-sha256": "Sanitized",
        "x-ms-date": "Jun, 18 2025 17:46:57.189732 GMT"
      },
      "RequestBody": {
        "key": "no_tags",
        "label": "\u0000",
        "value": "no tags",
        "content_type": "text/plain"
      },
      "StatusCode": 429,
      "ResponseHeaders": {
        "Access-Control-Allow-Origin": "*",
        "Connection": "keep-alive",
        "Content-Type": "application/problem+json; charset=utf-8",
        "Date": "Wed, 18 Jun 2025 17:46:57 GMT",
        "retry-after-ms": "55",
        "Strict-Transport-Security": "max-age=31536000; includeSubDomains",
        "Transfer-Encoding": "chunked",
        "x-ms-correlation-request-id": "8f969c39-84db-417f-8b39-6e46d4b40d7d"
      },
      "ResponseBody": {
        "type": "https://azconfig.io/errors/too-many-requests",
        "title": "Resource utilization has surpassed the assigned quota",
        "policy": "Write Action Short Term",
        "status": 429
      }
    },
    {
      "RequestUri": "https://Sanitized.azconfig.io/kv/no_tags?api-version=1970-01-01",
      "RequestMethod": "PUT",
      "RequestHeaders": {
        "Accept": "*/*",
        "Accept-Encoding": "gzip, deflate",
        "Content-Length": "87",
        "Content-Type": "application/json",
        "User-Agent": "azsdk-python-appconfiguration/1.7.2 Python/3.11.9 (Windows-10-10.0.26100-SP0)",
        "x-ms-content-sha256": "Sanitized",
        "x-ms-date": "Jun, 18 2025 17:46:57.265020 GMT"
      },
      "RequestBody": {
        "key": "no_tags",
        "label": "\u0000",
        "value": "no tags",
        "content_type": "text/plain"
      },
      "StatusCode": 200,
      "ResponseHeaders": {
        "Access-Control-Allow-Origin": "*",
        "Connection": "keep-alive",
        "Content-Type": "application/vnd.microsoft.appconfig.kv+json; charset=utf-8",
        "Date": "Wed, 18 Jun 2025 17:46:57 GMT",
        "ETag": "\"R-qxVPwkwsbP-aPc8zr_QKVsB6Yh0WnuiSjkaMDNDeE\"",
        "Last-Modified": "Wed, 18 Jun 2025 17:46:57 GMT",
        "Strict-Transport-Security": "max-age=31536000; includeSubDomains",
        "Transfer-Encoding": "chunked",
        "x-ms-correlation-request-id": "811a7470-1564-4ec9-adb3-b895338921fb"
      },
      "ResponseBody": {
        "etag": "Sanitized",
        "key": "no_tags",
        "label": null,
        "content_type": "text/plain",
        "value": "no tags",
        "tags": {},
        "locked": false,
        "last_modified": "2025-06-18T17:46:57+00:00"
      }
    },
    {
      "RequestUri": "https://Sanitized.azconfig.io/kv/tag_no_value?api-version=1970-01-01",
      "RequestMethod": "PUT",
      "RequestHeaders": {
        "Accept": "*/*",
        "Accept-Encoding": "gzip, deflate",
        "Content-Length": "112",
        "Content-Type": "application/json",
        "User-Agent": "azsdk-python-appconfiguration/1.7.2 Python/3.11.9 (Windows-10-10.0.26100-SP0)",
        "x-ms-content-sha256": "Sanitized",
        "x-ms-date": "Jun, 18 2025 17:46:57.280262 GMT"
      },
      "RequestBody": {
        "key": "tag_no_value",
        "label": "\u0000",
        "value": "no value",
        "content_type": "text/plain",
        "tags": {
          "a": ""
        }
      },
      "StatusCode": 200,
      "ResponseHeaders": {
        "Access-Control-Allow-Origin": "*",
        "Connection": "keep-alive",
        "Content-Type": "application/vnd.microsoft.appconfig.kv+json; charset=utf-8",
        "Date": "Wed, 18 Jun 2025 17:46:57 GMT",
        "ETag": "\"A3LMtMbhd-GzPly2UOGuBPJYgcyKJeSnKaY5kWrLwK4\"",
        "Last-Modified": "Wed, 18 Jun 2025 17:46:57 GMT",
        "Strict-Transport-Security": "max-age=31536000; includeSubDomains",
        "Transfer-Encoding": "chunked",
        "x-ms-correlation-request-id": "345f1c74-ebd8-4211-aec5-20d19291e88a"
      },
      "ResponseBody": {
        "etag": "Sanitized",
        "key": "tag_no_value",
        "label": null,
        "content_type": "text/plain",
        "value": "no value",
        "tags": {
          "a": ""
        },
        "locked": false,
        "last_modified": "2025-06-18T17:46:57+00:00"
      }
    },
    {
      "RequestUri": "https://Sanitized.azconfig.io/kv/different_tag?api-version=1970-01-01",
      "RequestMethod": "PUT",
      "RequestHeaders": {
        "Accept": "*/*",
        "Accept-Encoding": "gzip, deflate",
        "Content-Length": "125",
        "Content-Type": "application/json",
        "User-Agent": "azsdk-python-appconfiguration/1.7.2 Python/3.11.9 (Windows-10-10.0.26100-SP0)",
        "x-ms-content-sha256": "Sanitized",
        "x-ms-date": "Jun, 18 2025 17:46:57.294275 GMT"
      },
      "RequestBody": {
        "key": "different_tag",
        "label": "\u0000",
        "value": "different",
        "content_type": "text/plain",
        "tags": {
          "different": "tag"
        }
      },
      "StatusCode": 429,
      "ResponseHeaders": {
        "Access-Control-Allow-Origin": "*",
        "Connection": "keep-alive",
        "Content-Type": "application/problem+json; charset=utf-8",
        "Date": "Wed, 18 Jun 2025 17:46:57 GMT",
        "retry-after-ms": "55",
        "Strict-Transport-Security": "max-age=31536000; includeSubDomains",
        "Transfer-Encoding": "chunked",
        "x-ms-correlation-request-id": "c16b7266-b549-4739-9011-aff335abf82c"
      },
      "ResponseBody": {
        "type": "https://azconfig.io/errors/too-many-requests",
        "title": "Resource utilization has surpassed the assigned quota",
        "policy": "Write Action Short Term",
        "status": 429
      }
    },
    {
      "RequestUri": "https://Sanitized.azconfig.io/kv/different_tag?api-version=1970-01-01",
      "RequestMethod": "PUT",
      "RequestHeaders": {
        "Accept": "*/*",
        "Accept-Encoding": "gzip, deflate",
        "Content-Length": "125",
        "Content-Type": "application/json",
        "User-Agent": "azsdk-python-appconfiguration/1.7.2 Python/3.11.9 (Windows-10-10.0.26100-SP0)",
        "x-ms-content-sha256": "Sanitized",
        "x-ms-date": "Jun, 18 2025 17:46:57.359432 GMT"
      },
      "RequestBody": {
        "key": "different_tag",
        "label": "\u0000",
        "value": "different",
        "content_type": "text/plain",
        "tags": {
          "different": "tag"
        }
      },
      "StatusCode": 200,
      "ResponseHeaders": {
        "Access-Control-Allow-Origin": "*",
        "Connection": "keep-alive",
        "Content-Type": "application/vnd.microsoft.appconfig.kv+json; charset=utf-8",
        "Date": "Wed, 18 Jun 2025 17:46:57 GMT",
        "ETag": "\"XRCm_86GsE7Uu1iFeJrAHog989j7aJAmJeddMWTxdiM\"",
        "Last-Modified": "Wed, 18 Jun 2025 17:46:57 GMT",
        "Strict-Transport-Security": "max-age=31536000; includeSubDomains",
        "Transfer-Encoding": "chunked",
        "x-ms-correlation-request-id": "38605f9d-3614-4561-9ef3-28fd2c541e41"
      },
      "ResponseBody": {
        "etag": "Sanitized",
        "key": "different_tag",
        "label": null,
        "content_type": "text/plain",
        "value": "different",
        "tags": {
          "different": "tag"
        },
        "locked": false,
        "last_modified": "2025-06-18T17:46:57+00:00"
      }
    },
    {
      "RequestUri": "https://Sanitized.azconfig.io/kv/secret?api-version=1970-01-01",
      "RequestMethod": "PUT",
      "RequestHeaders": {
        "Accept": "*/*",
        "Accept-Encoding": "gzip, deflate",
        "Content-Length": "201",
        "Content-Type": "application/json",
        "User-Agent": "azsdk-python-appconfiguration/1.7.2 Python/3.11.9 (Windows-10-10.0.26100-SP0)",
        "x-ms-content-sha256": "Sanitized",
        "x-ms-date": "Jun, 18 2025 17:46:57.375112 GMT"
      },
      "RequestBody": {
        "key": "secret",
        "label": "prod",
        "value": "{\"uri\":\"https://Sanitized.vault.azure.net/secrets/fake-secret/\"}",
        "content_type": "application/vnd.microsoft.appconfig.keyvaultref+json;charset=utf-8"
      },
      "StatusCode": 429,
      "ResponseHeaders": {
        "Access-Control-Allow-Origin": "*",
        "Connection": "keep-alive",
        "Content-Type": "application/problem+json; charset=utf-8",
        "Date": "Wed, 18 Jun 2025 17:46:57 GMT",
        "retry-after-ms": "55",
        "Strict-Transport-Security": "max-age=31536000; includeSubDomains",
        "Transfer-Encoding": "chunked",
        "x-ms-correlation-request-id": "77c9b750-7c2a-420b-8a39-799093268bb7"
      },
      "ResponseBody": {
        "type": "https://azconfig.io/errors/too-many-requests",
        "title": "Resource utilization has surpassed the assigned quota",
        "policy": "Write Action Short Term",
        "status": 429
      }
    },
    {
      "RequestUri": "https://Sanitized.azconfig.io/kv/secret?api-version=1970-01-01",
      "RequestMethod": "PUT",
      "RequestHeaders": {
        "Accept": "*/*",
        "Accept-Encoding": "gzip, deflate",
        "Content-Length": "201",
        "Content-Type": "application/json",
        "User-Agent": "azsdk-python-appconfiguration/1.7.2 Python/3.11.9 (Windows-10-10.0.26100-SP0)",
        "x-ms-content-sha256": "Sanitized",
        "x-ms-date": "Jun, 18 2025 17:46:57.437141 GMT"
      },
      "RequestBody": {
        "key": "secret",
        "label": "prod",
        "value": "{\"uri\":\"https://Sanitized.vault.azure.net/secrets/fake-secret/\"}",
        "content_type": "application/vnd.microsoft.appconfig.keyvaultref+json;charset=utf-8"
      },
      "StatusCode": 200,
      "ResponseHeaders": {
        "Access-Control-Allow-Origin": "*",
        "Connection": "keep-alive",
        "Content-Type": "application/vnd.microsoft.appconfig.kv+json; charset=utf-8",
        "Date": "Wed, 18 Jun 2025 17:46:57 GMT",
        "ETag": "\"iYG8CI3U6naQof5Zw0z-r4E5M7AFkTg4JnKY7nGJu8I\"",
        "Last-Modified": "Wed, 18 Jun 2025 17:46:57 GMT",
        "Strict-Transport-Security": "max-age=31536000; includeSubDomains",
        "Transfer-Encoding": "chunked",
        "x-ms-correlation-request-id": "603c8bb4-a6ee-4b87-af21-728d28f82556"
      },
      "ResponseBody": {
        "etag": "Sanitized",
        "key": "secret",
        "label": "prod",
        "content_type": "application/vnd.microsoft.appconfig.keyvaultref+json;charset=utf-8",
        "value": "{\"uri\":\"https://Sanitized.vault.azure.net/secrets/fake-secret/\"}",
        "tags": {},
        "locked": false,
        "last_modified": "2025-06-18T17:46:57+00:00"
      }
    },
    {
      "RequestUri": "https://Sanitized.azconfig.io/kv?api-version=1970-01-01",
      "RequestMethod": "GET",
      "RequestHeaders": {
        "Accept": "*/*",
        "Accept-Encoding": "gzip, deflate",
        "Content-Length": "0",
        "User-Agent": "SDK/Integration python-appconfiguration-provider/2.1.1 azsdk-python-appconfiguration/1.7.2 Python/3.11.9 (Windows-10-10.0.26100-SP0)",
        "x-ms-content-sha256": "Sanitized",
        "x-ms-date": "Jun, 18 2025 17:46:57.474813 GMT"
      },
      "RequestBody": null,
      "StatusCode": 200,
      "ResponseHeaders": {
        "Access-Control-Allow-Origin": "*",
        "Connection": "keep-alive",
        "Content-Type": "application/vnd.microsoft.appconfig.kvset+json; charset=utf-8",
        "Date": "Wed, 18 Jun 2025 17:46:57 GMT",
        "ETag": "\"rLfY2jWFQDy4F1ChEmtY4uvC8gppwxiYUSEFC1zKAF8\"",
        "Strict-Transport-Security": "max-age=31536000; includeSubDomains",
        "Transfer-Encoding": "chunked",
        "x-ms-correlation-request-id": "1e2ce7f2-567e-409a-96a0-846e43ae9015"
      },
      "ResponseBody": {
        "etag": "Sanitized",
        "items": [
          {
            "etag": "Sanitized",
            "key": ".appconfig.featureflag/TaggedFeatureFlag",
            "label": null,
            "content_type": "application/vnd.microsoft.appconfig.ff+json;charset=utf-8",
            "value": "{\t\"id\": \"TaggedFeatureFlag\", \"description\": \"\", \"enabled\": false, \"conditions\": {\t\"client_filters\": []\t}}",
            "tags": {
              "a": "b"
            },
            "locked": false,
            "last_modified": "2025-06-18T17:46:57+00:00"
          },
          {
            "etag": "Sanitized",
            "key": "multi_tagged",
            "label": null,
            "content_type": "text/plain",
            "value": "multi tagged value",
            "tags": {
              "a": "b",
              "c": "d"
            },
            "locked": false,
            "last_modified": "2025-06-18T17:46:57+00:00"
          },
          {
            "etag": "Sanitized",
            "key": "tagged_config",
            "label": null,
            "content_type": "text/plain",
            "value": null,
            "tags": {
              "a": "b"
            },
            "locked": false,
            "last_modified": "2025-06-18T17:46:57+00:00"
          },
          {
            "etag": "Sanitized",
            "key": "two_tagged",
            "label": null,
            "content_type": "text/plain",
            "value": null,
            "tags": {
              "a": "b",
              "second": "tag"
            },
            "locked": false,
            "last_modified": "2025-06-18T17:46:57+00:00"
          }
        ]
      }
    },
    {
      "RequestUri": "https://Sanitized.azconfig.io/kv?api-version=1970-01-01",
      "RequestMethod": "GET",
      "RequestHeaders": {
        "Accept": "*/*",
        "Accept-Encoding": "gzip, deflate",
        "Content-Length": "0",
        "User-Agent": "SDK/Integration python-appconfiguration-provider/2.1.1 azsdk-python-appconfiguration/1.7.2 Python/3.11.9 (Windows-10-10.0.26100-SP0)",
        "x-ms-content-sha256": "Sanitized",
        "x-ms-date": "Jun, 18 2025 17:46:57.486824 GMT"
      },
      "RequestBody": null,
      "StatusCode": 200,
      "ResponseHeaders": {
        "Access-Control-Allow-Origin": "*",
        "Connection": "keep-alive",
        "Content-Type": "application/vnd.microsoft.appconfig.kvset+json; charset=utf-8",
        "Date": "Wed, 18 Jun 2025 17:46:57 GMT",
        "ETag": "\"c_Mk6JqATyj9zSw_AVK7aKfwS9vGT2i-hh-n7mPbuKk\"",
        "Strict-Transport-Security": "max-age=31536000; includeSubDomains",
        "Transfer-Encoding": "chunked",
        "x-ms-correlation-request-id": "c545451f-4fe6-46f0-b35e-68f622027ddc"
      },
      "ResponseBody": {
        "etag": "Sanitized",
        "items": [
          {
            "etag": "Sanitized",
            "key": ".appconfig.featureflag/TaggedFeatureFlag",
            "label": null,
            "content_type": "application/vnd.microsoft.appconfig.ff+json;charset=utf-8",
            "value": "{\t\"id\": \"TaggedFeatureFlag\", \"description\": \"\", \"enabled\": false, \"conditions\": {\t\"client_filters\": []\t}}",
            "tags": {
              "a": "b"
            },
            "locked": false,
            "last_modified": "2025-06-18T17:46:57+00:00"
          }
        ]
      }
    }
  ],
  "Variables": {}
}
