{
  "Entries": [
    {
      "RequestUri": "https://Sanitized.azconfig.io/kv/message?label=%00&api-version=1970-01-01",
      "RequestMethod": "PUT",
      "RequestHeaders": {
        "Accept": "application/vnd.microsoft.appconfig.kv+json, application/problem+json",
        "Accept-Encoding": "gzip, deflate",
        "Content-Length": "94",
        "Content-Type": "application/json",
        "User-Agent": "azsdk-python-appconfiguration/unknown Python/3.11.6 (Linux-5.15.146.1-microsoft-standard-WSL2-x86_64-with-glibc2.35)",
        "x-ms-content-sha256": "Sanitized",
        "x-ms-date": "May, 11 2024 02:09:05.788004 GMT"
      },
      "RequestBody": {
        "key": "message",
        "label": "\u0000",
        "content_type": "text/plain",
        "value": "hi",
        "tags": {}
      },
      "StatusCode": 200,
      "ResponseHeaders": {
        "Access-Control-Allow-Origin": "*",
        "Connection": "keep-alive",
        "Content-Type": "application/vnd.microsoft.appconfig.kv+json; charset=utf-8",
        "Date": "Sat, 11 May 2024 02:09:05 GMT",
        "ETag": "\"B8NFH2BAFZGED3ojaUV1PjLWIrsQmZx1-kjRBXzVAvg\"",
        "Last-Modified": "Sat, 11 May 2024 02:09:05 GMT",
        "Strict-Transport-Security": "max-age=31536000; includeSubDomains",
        "Sync-Token": "zAJw6V16=NToxNyMyMjM3NTk2NA==;sn=22375964",
        "Transfer-Encoding": "chunked",
        "x-ms-correlation-request-id": "acfbc04c-633f-4e44-8da8-eaa668aa1b23"
      },
      "ResponseBody": {
        "etag": "Sanitized",
        "key": "message",
        "label": null,
        "content_type": "text/plain",
        "value": "hi",
        "tags": {},
        "locked": false,
        "last_modified": "2024-05-11T02:09:05+00:00"
      }
    },
    {
      "RequestUri": "https://Sanitized.azconfig.io/kv/message?label=dev&api-version=1970-01-01",
      "RequestMethod": "PUT",
      "RequestHeaders": {
        "Accept": "application/vnd.microsoft.appconfig.kv+json, application/problem+json",
        "Accept-Encoding": "gzip, deflate",
        "Content-Length": "93",
        "Content-Type": "application/json",
        "Sync-Token": "zAJw6V16=NToxNyMyMjM3NTk2NA==",
        "User-Agent": "azsdk-python-appconfiguration/unknown Python/3.11.6 (Linux-5.15.146.1-microsoft-standard-WSL2-x86_64-with-glibc2.35)",
        "x-ms-content-sha256": "Sanitized",
        "x-ms-date": "May, 11 2024 02:09:05.809440 GMT"
      },
      "RequestBody": {
        "key": "message",
        "label": "dev",
        "content_type": "text/plain",
        "value": "test",
        "tags": {}
      },
      "StatusCode": 200,
      "ResponseHeaders": {
        "Access-Control-Allow-Origin": "*",
        "Connection": "keep-alive",
        "Content-Type": "application/vnd.microsoft.appconfig.kv+json; charset=utf-8",
        "Date": "Sat, 11 May 2024 02:09:05 GMT",
        "ETag": "\"mSMdTgd3lBVN9L7FhYcerpU9BZe50jKhoZ2WLR_Coek\"",
        "Last-Modified": "Sat, 11 May 2024 02:09:05 GMT",
        "Strict-Transport-Security": "max-age=31536000; includeSubDomains",
        "Sync-Token": "zAJw6V16=NToxNyMyMjM3NTk2Ng==;sn=22375966",
        "Transfer-Encoding": "chunked",
        "x-ms-correlation-request-id": "5fae7697-011f-4f7c-9cb9-14b06636ff29"
      },
      "ResponseBody": {
        "etag": "Sanitized",
        "key": "message",
        "label": "dev",
        "content_type": "text/plain",
        "value": "test",
        "tags": {},
        "locked": false,
        "last_modified": "2024-05-11T02:09:05+00:00"
      }
    },
    {
      "RequestUri": "https://Sanitized.azconfig.io/kv/my_json?label=%00&api-version=1970-01-01",
      "RequestMethod": "PUT",
      "RequestHeaders": {
        "Accept": "application/vnd.microsoft.appconfig.kv+json, application/problem+json",
        "Accept-Encoding": "gzip, deflate",
        "Content-Length": "118",
        "Content-Type": "application/json",
        "Sync-Token": "zAJw6V16=NToxNyMyMjM3NTk2Ng==",
        "User-Agent": "azsdk-python-appconfiguration/unknown Python/3.11.6 (Linux-5.15.146.1-microsoft-standard-WSL2-x86_64-with-glibc2.35)",
        "x-ms-content-sha256": "Sanitized",
        "x-ms-date": "May, 11 2024 02:09:05.825570 GMT"
      },
      "RequestBody": {
        "key": "my_json",
        "label": "\u0000",
        "content_type": "application/json",
        "value": "{\"key\": \"value\"}",
        "tags": {}
      },
      "StatusCode": 200,
      "ResponseHeaders": {
        "Access-Control-Allow-Origin": "*",
        "Connection": "keep-alive",
        "Content-Type": "application/vnd.microsoft.appconfig.kv+json; charset=utf-8",
        "Date": "Sat, 11 May 2024 02:09:05 GMT",
        "ETag": "\"i8bbqC9Fij8MLWGWYvdtUdh-5td9T86tosOulNZzXm8\"",
        "Last-Modified": "Sat, 11 May 2024 02:09:05 GMT",
        "Strict-Transport-Security": "max-age=31536000; includeSubDomains",
        "Sync-Token": "zAJw6V16=NToxNyMyMjM3NTk2OA==;sn=22375968",
        "Transfer-Encoding": "chunked",
        "x-ms-correlation-request-id": "217b8821-b2d1-477a-92d3-ff264636710c"
      },
      "ResponseBody": {
        "etag": "Sanitized",
        "key": "my_json",
        "label": null,
        "content_type": "application/json",
        "value": "{\"key\": \"value\"}",
        "tags": {},
        "locked": false,
        "last_modified": "2024-05-11T02:09:05+00:00"
      }
    },
    {
      "RequestUri": "https://Sanitized.azconfig.io/kv/test.trimmed?label=%00&api-version=1970-01-01",
      "RequestMethod": "PUT",
      "RequestHeaders": {
        "Accept": "application/vnd.microsoft.appconfig.kv+json, application/problem+json",
        "Accept-Encoding": "gzip, deflate",
        "Content-Length": "100",
        "Content-Type": "application/json",
        "Sync-Token": "zAJw6V16=NToxNyMyMjM3NTk2OA==",
        "User-Agent": "azsdk-python-appconfiguration/unknown Python/3.11.6 (Linux-5.15.146.1-microsoft-standard-WSL2-x86_64-with-glibc2.35)",
        "x-ms-content-sha256": "Sanitized",
        "x-ms-date": "May, 11 2024 02:09:05.841066 GMT"
      },
      "RequestBody": {
        "key": "test.trimmed",
        "label": "\u0000",
        "content_type": "text/plain",
        "value": "key",
        "tags": {}
      },
      "StatusCode": 200,
      "ResponseHeaders": {
        "Access-Control-Allow-Origin": "*",
        "Connection": "keep-alive",
        "Content-Type": "application/vnd.microsoft.appconfig.kv+json; charset=utf-8",
        "Date": "Sat, 11 May 2024 02:09:05 GMT",
        "ETag": "\"BVA1l3tTDyGAUoGbtopcZ_3mX-JU9jAOWInewp5wa2Y\"",
        "Last-Modified": "Sat, 11 May 2024 02:09:05 GMT",
        "Strict-Transport-Security": "max-age=31536000; includeSubDomains",
        "Sync-Token": "zAJw6V16=NToxNyMyMjM3NTk3MA==;sn=22375970",
        "Transfer-Encoding": "chunked",
        "x-ms-correlation-request-id": "cf00e78b-5e85-4ecf-a9b9-c5035267c872"
      },
      "ResponseBody": {
        "etag": "Sanitized",
        "key": "test.trimmed",
        "label": null,
        "content_type": "text/plain",
        "value": "key",
        "tags": {},
        "locked": false,
        "last_modified": "2024-05-11T02:09:05+00:00"
      }
    },
    {
      "RequestUri": "https://Sanitized.azconfig.io/kv/refresh_message?label=%00&api-version=1970-01-01",
      "RequestMethod": "PUT",
      "RequestHeaders": {
        "Accept": "application/vnd.microsoft.appconfig.kv+json, application/problem+json",
        "Accept-Encoding": "gzip, deflate",
        "Content-Length": "114",
        "Content-Type": "application/json",
        "Sync-Token": "zAJw6V16=NToxNyMyMjM3NTk3MA==",
        "User-Agent": "azsdk-python-appconfiguration/unknown Python/3.11.6 (Linux-5.15.146.1-microsoft-standard-WSL2-x86_64-with-glibc2.35)",
        "x-ms-content-sha256": "Sanitized",
        "x-ms-date": "May, 11 2024 02:09:05.856254 GMT"
      },
      "RequestBody": {
        "key": "refresh_message",
        "label": "\u0000",
        "content_type": "text/plain",
        "value": "original value",
        "tags": {}
      },
      "StatusCode": 200,
      "ResponseHeaders": {
        "Access-Control-Allow-Origin": "*",
        "Connection": "keep-alive",
        "Content-Type": "application/vnd.microsoft.appconfig.kv+json; charset=utf-8",
        "Date": "Sat, 11 May 2024 02:09:05 GMT",
        "ETag": "\"iwVGFcwbe8GjBoFvdanF4hcX-hHWXjhm0lpgftPp7lE\"",
        "Last-Modified": "Sat, 11 May 2024 02:09:05 GMT",
        "Strict-Transport-Security": "max-age=31536000; includeSubDomains",
        "Sync-Token": "zAJw6V16=NToxNyMyMjM3NTk3Mg==;sn=22375972",
        "Transfer-Encoding": "chunked",
        "x-ms-correlation-request-id": "49030caf-6893-48c6-b0ad-0311ea8840ba"
      },
      "ResponseBody": {
        "etag": "Sanitized",
        "key": "refresh_message",
        "label": null,
        "content_type": "text/plain",
        "value": "original value",
        "tags": {},
        "locked": false,
        "last_modified": "2024-05-11T02:09:05+00:00"
      }
    },
    {
      "RequestUri": "https://Sanitized.azconfig.io/kv/non_refreshed_message?label=%00&api-version=1970-01-01",
      "RequestMethod": "PUT",
      "RequestHeaders": {
        "Accept": "application/vnd.microsoft.appconfig.kv+json, application/problem+json",
        "Accept-Encoding": "gzip, deflate",
        "Content-Length": "112",
        "Content-Type": "application/json",
        "Sync-Token": "zAJw6V16=NToxNyMyMjM3NTk3Mg==",
        "User-Agent": "azsdk-python-appconfiguration/unknown Python/3.11.6 (Linux-5.15.146.1-microsoft-standard-WSL2-x86_64-with-glibc2.35)",
        "x-ms-content-sha256": "Sanitized",
        "x-ms-date": "May, 11 2024 02:09:05.873203 GMT"
      },
      "RequestBody": {
        "key": "non_refreshed_message",
        "label": "\u0000",
        "content_type": "text/plain",
        "value": "Static",
        "tags": {}
      },
      "StatusCode": 200,
      "ResponseHeaders": {
        "Access-Control-Allow-Origin": "*",
        "Connection": "keep-alive",
        "Content-Type": "application/vnd.microsoft.appconfig.kv+json; charset=utf-8",
        "Date": "Sat, 11 May 2024 02:09:05 GMT",
        "ETag": "\"mPT3np6h2tRgiLg5FbNMP7aM4fXo8NP952p9K4o59OE\"",
        "Last-Modified": "Sat, 11 May 2024 02:09:05 GMT",
        "Strict-Transport-Security": "max-age=31536000; includeSubDomains",
        "Sync-Token": "zAJw6V16=NToxNyMyMjM3NTk3NA==;sn=22375974",
        "Transfer-Encoding": "chunked",
        "x-ms-correlation-request-id": "accaaa78-4b5f-42ef-9376-22477bef0e6c"
      },
      "ResponseBody": {
        "etag": "Sanitized",
        "key": "non_refreshed_message",
        "label": null,
        "content_type": "text/plain",
        "value": "Static",
        "tags": {},
        "locked": false,
        "last_modified": "2024-05-11T02:09:05+00:00"
      }
    },
    {
      "RequestUri": "https://Sanitized.azconfig.io/kv/.appconfig.featureflag%2FAlpha?label=%00&api-version=1970-01-01",
      "RequestMethod": "PUT",
      "RequestHeaders": {
        "Accept": "application/vnd.microsoft.appconfig.kv+json, application/problem+json",
        "Accept-Encoding": "gzip, deflate",
        "Content-Length": "270",
        "Content-Type": "application/json",
        "Sync-Token": "zAJw6V16=NToxNyMyMjM3NTk3NA==",
        "User-Agent": "azsdk-python-appconfiguration/unknown Python/3.11.6 (Linux-5.15.146.1-microsoft-standard-WSL2-x86_64-with-glibc2.35)",
        "x-ms-content-sha256": "Sanitized",
        "x-ms-date": "May, 11 2024 02:09:05.892819 GMT"
      },
      "RequestBody": {
        "key": ".appconfig.featureflag/Alpha",
        "label": "\u0000",
        "content_type": "application/vnd.microsoft.appconfig.ff+json;charset=utf-8",
        "value": "{\t\"id\": \"Alpha\", \"description\": \"\", \"enabled\": false, \"conditions\": {\t\"client_filters\": []\t}}",
        "tags": {}
      },
      "StatusCode": 200,
      "ResponseHeaders": {
        "Access-Control-Allow-Origin": "*",
        "Connection": "keep-alive",
        "Content-Type": "application/vnd.microsoft.appconfig.kv+json; charset=utf-8",
        "Date": "Sat, 11 May 2024 02:09:05 GMT",
        "ETag": "\"yexNGNwWr_X-Z0eJK9mysx5bgB8MlSqKeel4Qgede8U\"",
        "Last-Modified": "Sat, 11 May 2024 02:09:05 GMT",
        "Strict-Transport-Security": "max-age=31536000; includeSubDomains",
        "Sync-Token": "zAJw6V16=NToxNyMyMjM3NTk3Ng==;sn=22375976",
        "Transfer-Encoding": "chunked",
        "x-ms-correlation-request-id": "4da50287-6a83-4aec-82db-717729a04eb5"
      },
      "ResponseBody": {
        "etag": "Sanitized",
        "key": ".appconfig.featureflag/Alpha",
        "label": null,
        "content_type": "application/vnd.microsoft.appconfig.ff+json;charset=utf-8",
        "value": "{\t\"id\": \"Alpha\", \"description\": \"\", \"enabled\": false, \"conditions\": {\t\"client_filters\": []\t}}",
        "tags": {},
        "locked": false,
        "last_modified": "2024-05-11T02:09:05+00:00"
      }
    },
    {
      "RequestUri": "https://Sanitized.azconfig.io/kv/secret?label=prod&api-version=1970-01-01",
      "RequestMethod": "PUT",
      "RequestHeaders": {
        "Accept": "application/vnd.microsoft.appconfig.kv+json, application/problem+json",
        "Accept-Encoding": "gzip, deflate",
        "Content-Length": "215",
        "Content-Type": "application/json",
        "Sync-Token": "zAJw6V16=NToxNyMyMjM3NTk3Ng==",
        "User-Agent": "azsdk-python-appconfiguration/unknown Python/3.11.6 (Linux-5.15.146.1-microsoft-standard-WSL2-x86_64-with-glibc2.35)",
        "x-ms-content-sha256": "Sanitized",
        "x-ms-date": "May, 11 2024 02:09:05.909119 GMT"
      },
      "RequestBody": {
        "key": "secret",
        "label": "prod",
        "content_type": "application/vnd.microsoft.appconfig.keyvaultref+json;charset=utf-8",
        "value": "{\"uri\":\"https://fake-keyvault.vault.azure.net/secrets/TestSecret\"}",
        "tags": {}
      },
      "StatusCode": 200,
      "ResponseHeaders": {
        "Access-Control-Allow-Origin": "*",
        "Connection": "keep-alive",
        "Content-Type": "application/vnd.microsoft.appconfig.kv+json; charset=utf-8",
        "Date": "Sat, 11 May 2024 02:09:05 GMT",
        "ETag": "\"DkSmPp__Kkdm12w_5JhND6juIpIaBXj8xVWULXDIsYw\"",
        "Last-Modified": "Sat, 11 May 2024 02:09:05 GMT",
        "Strict-Transport-Security": "max-age=31536000; includeSubDomains",
        "Sync-Token": "zAJw6V16=NToxNyMyMjM3NTk3OA==;sn=22375978",
        "Transfer-Encoding": "chunked",
        "x-ms-correlation-request-id": "01a80a14-627a-42bb-8643-bd3b772f6f34"
      },
      "ResponseBody": {
        "etag": "Sanitized",
        "key": "secret",
        "label": "prod",
        "content_type": "application/vnd.microsoft.appconfig.keyvaultref+json;charset=utf-8",
        "value": "{\"uri\":\"https://fake-keyvault.vault.azure.net/secrets/TestSecret\"}",
        "tags": {},
        "locked": false,
        "last_modified": "2024-05-11T02:09:05+00:00"
      }
    },
    {
      "RequestUri": "https://Sanitized.azconfig.io/kv?key=message*&label=dev&api-version=1970-01-01",
      "RequestMethod": "GET",
      "RequestHeaders": {
        "Accept": "application/vnd.microsoft.appconfig.kvset+json, application/problem+json",
        "Accept-Encoding": "gzip, deflate",
        "Content-Length": "0",
        "Correlation-Context": "RequestType=Startup,UsesKeyVault",
        "User-Agent": "SDK/Integration python-appconfiguration-provider/1.1.1 azsdk-python-appconfiguration/unknown Python/3.11.6 (Linux-5.15.146.1-microsoft-standard-WSL2-x86_64-with-glibc2.35)",
        "x-ms-content-sha256": "Sanitized",
        "x-ms-date": "May, 11 2024 02:09:05.923907 GMT"
      },
      "RequestBody": null,
      "StatusCode": 200,
      "ResponseHeaders": {
        "Access-Control-Allow-Origin": "*",
        "Connection": "keep-alive",
        "Content-Type": "application/vnd.microsoft.appconfig.kvset+json; charset=utf-8",
        "Date": "Sat, 11 May 2024 02:09:05 GMT",
        "ETag": "\"Qqgm7EKARzjpeJj-sY6w5MQMkhG2sdyxrGc90XAupXI\"",
        "Strict-Transport-Security": "max-age=31536000; includeSubDomains",
        "Sync-Token": "zAJw6V16=NToxNyMyMjM3NTk3OQ==;sn=22375979",
        "Transfer-Encoding": "chunked",
        "x-ms-correlation-request-id": "7936d218-7182-4240-b718-d41b758f795f"
      },
      "ResponseBody": {
        "etag": "Sanitized",
        "items": [
          {
            "etag": "Sanitized",
            "key": "message",
            "label": "dev",
            "content_type": "text/plain",
            "value": "test",
            "tags": {},
            "locked": false,
            "last_modified": "2024-05-11T02:09:05+00:00"
          }
        ]
      }
    }
  ],
  "Variables": {}
}
