{
  "Entries": [
    {
      "RequestUri": "https://fake-endpoint.azconfig.io/kv/message?label=%00\u0026api-version=1970-01-01",
      "RequestMethod": "PUT",
      "RequestHeaders": {
        "Accept": "application/vnd.microsoft.appconfig.kv\u002Bjson, application/problem\u002Bjson",
        "Accept-Encoding": "gzip, deflate",
        "Connection": "keep-alive",
        "Content-Length": "94",
        "Content-Type": "application/json",
        "User-Agent": "azsdk-python-appconfiguration/unknown Python/3.11.9 (Windows-10-10.0.22631-SP0)"
      },
      "RequestBody": {
        "key": "message",
        "label": "\u0000",
        "content_type": "text/plain",
        "value": "hi",
        "tags": {}
      },
      "StatusCode": 200,
      "ResponseHeaders": {
        "Access-Control-Allow-Origin": "*",
        "Connection": "keep-alive",
        "Content-Type": "application/vnd.microsoft.appconfig.kv\u002Bjson; charset=utf-8",
        "Date": "Tue, 09 Apr 2024 20:23:51 GMT",
        "ETag": "\u0022B4UJhIxyDgutOj35K_-ddmKPJwyPetl0o_xl5dn-4Gw\u0022",
        "Last-Modified": "Tue, 09 Apr 2024 20:23:51 GMT",
        "Strict-Transport-Security": "max-age=31536000; includeSubDomains",
        "Sync-Token": "zAJw6V16=NzoxNyMyNjEwMTQ2Mg==;sn=26101462",
        "Transfer-Encoding": "chunked",
        "x-ms-correlation-request-id": "3b5c4d68-856f-41ef-9fba-d90386739a53"
      },
      "ResponseBody": {
        "etag": "B4UJhIxyDgutOj35K_-ddmKPJwyPetl0o_xl5dn-4Gw",
        "key": "message",
        "label": null,
        "content_type": "text/plain",
        "value": "hi",
        "tags": {},
        "locked": false,
        "last_modified": "2024-04-09T20:23:51\u002B00:00"
      }
    },
    {
      "RequestUri": "https://fake-endpoint.azconfig.io/kv/message?label=dev\u0026api-version=1970-01-01",
      "RequestMethod": "PUT",
      "RequestHeaders": {
        "Accept": "application/vnd.microsoft.appconfig.kv\u002Bjson, application/problem\u002Bjson",
        "Accept-Encoding": "gzip, deflate",
        "Connection": "keep-alive",
        "Content-Length": "93",
        "Content-Type": "application/json",
        "Sync-Token": "zAJw6V16=NzoxNyMyNjEwMTQ2Mg==",
        "User-Agent": "azsdk-python-appconfiguration/unknown Python/3.11.9 (Windows-10-10.0.22631-SP0)"
      },
      "RequestBody": {
        "key": "message",
        "label": "dev",
        "content_type": "text/plain",
        "value": "test",
        "tags": {}
      },
      "StatusCode": 200,
      "ResponseHeaders": {
        "Access-Control-Allow-Origin": "*",
        "Connection": "keep-alive",
        "Content-Type": "application/vnd.microsoft.appconfig.kv\u002Bjson; charset=utf-8",
        "Date": "Tue, 09 Apr 2024 20:23:51 GMT",
        "ETag": "\u0022z_eVqsowbPM5_qddVxWEkssAHdgj5-AB-WL9SSUD1MU\u0022",
        "Last-Modified": "Tue, 09 Apr 2024 20:23:51 GMT",
        "Strict-Transport-Security": "max-age=31536000; includeSubDomains",
        "Sync-Token": "zAJw6V16=NzoxNyMyNjEwMTQ2NA==;sn=26101464",
        "Transfer-Encoding": "chunked",
        "x-ms-correlation-request-id": "4957e3ec-3283-4961-bfb1-63d76fb942b6"
      },
      "ResponseBody": {
        "etag": "z_eVqsowbPM5_qddVxWEkssAHdgj5-AB-WL9SSUD1MU",
        "key": "message",
        "label": "dev",
        "content_type": "text/plain",
        "value": "test",
        "tags": {},
        "locked": false,
        "last_modified": "2024-04-09T20:23:51\u002B00:00"
      }
    },
    {
      "RequestUri": "https://fake-endpoint.azconfig.io/kv/my_json?label=%00\u0026api-version=1970-01-01",
      "RequestMethod": "PUT",
      "RequestHeaders": {
        "Accept": "application/vnd.microsoft.appconfig.kv\u002Bjson, application/problem\u002Bjson",
        "Accept-Encoding": "gzip, deflate",
        "Connection": "keep-alive",
        "Content-Length": "118",
        "Content-Type": "application/json",
        "Sync-Token": "zAJw6V16=NzoxNyMyNjEwMTQ2NA==",
        "User-Agent": "azsdk-python-appconfiguration/unknown Python/3.11.9 (Windows-10-10.0.22631-SP0)"
      },
      "RequestBody": {
        "key": "my_json",
        "label": "\u0000",
        "content_type": "application/json",
        "value": "{\u0022key\u0022: \u0022value\u0022}",
        "tags": {}
      },
      "StatusCode": 200,
      "ResponseHeaders": {
        "Access-Control-Allow-Origin": "*",
        "Connection": "keep-alive",
        "Content-Type": "application/vnd.microsoft.appconfig.kv\u002Bjson; charset=utf-8",
        "Date": "Tue, 09 Apr 2024 20:23:51 GMT",
        "ETag": "\u00222sqtnXfWHLZes0Qr6-3k32PK_xhwGFC4O5YZvyp-OX8\u0022",
        "Last-Modified": "Tue, 09 Apr 2024 20:23:51 GMT",
        "Strict-Transport-Security": "max-age=31536000; includeSubDomains",
        "Sync-Token": "zAJw6V16=NzoxNyMyNjEwMTQ2Ng==;sn=26101466",
        "Transfer-Encoding": "chunked",
        "x-ms-correlation-request-id": "c805d33a-95ac-43ad-911c-e4c836706d79"
      },
      "ResponseBody": {
        "etag": "2sqtnXfWHLZes0Qr6-3k32PK_xhwGFC4O5YZvyp-OX8",
        "key": "my_json",
        "label": null,
        "content_type": "application/json",
        "value": "{\u0022key\u0022: \u0022value\u0022}",
        "tags": {},
        "locked": false,
        "last_modified": "2024-04-09T20:23:51\u002B00:00"
      }
    },
    {
      "RequestUri": "https://fake-endpoint.azconfig.io/kv/test.trimmed?label=%00\u0026api-version=1970-01-01",
      "RequestMethod": "PUT",
      "RequestHeaders": {
        "Accept": "application/vnd.microsoft.appconfig.kv\u002Bjson, application/problem\u002Bjson",
        "Accept-Encoding": "gzip, deflate",
        "Connection": "keep-alive",
        "Content-Length": "100",
        "Content-Type": "application/json",
        "Sync-Token": "zAJw6V16=NzoxNyMyNjEwMTQ2Ng==",
        "User-Agent": "azsdk-python-appconfiguration/unknown Python/3.11.9 (Windows-10-10.0.22631-SP0)"
      },
      "RequestBody": {
        "key": "test.trimmed",
        "label": "\u0000",
        "content_type": "text/plain",
        "value": "key",
        "tags": {}
      },
      "StatusCode": 200,
      "ResponseHeaders": {
        "Access-Control-Allow-Origin": "*",
        "Connection": "keep-alive",
        "Content-Type": "application/vnd.microsoft.appconfig.kv\u002Bjson; charset=utf-8",
        "Date": "Tue, 09 Apr 2024 20:23:51 GMT",
        "ETag": "\u0022tMtm_pK07CRPbANt4CEzb1FJvi6RNo28WMpLpZ2T9BM\u0022",
        "Last-Modified": "Tue, 09 Apr 2024 20:23:51 GMT",
        "Strict-Transport-Security": "max-age=31536000; includeSubDomains",
        "Sync-Token": "zAJw6V16=NzoxNyMyNjEwMTQ2OA==;sn=26101468",
        "Transfer-Encoding": "chunked",
        "x-ms-correlation-request-id": "2f93973c-8d7d-4ca5-bfbb-4c9a9cf213e3"
      },
      "ResponseBody": {
        "etag": "tMtm_pK07CRPbANt4CEzb1FJvi6RNo28WMpLpZ2T9BM",
        "key": "test.trimmed",
        "label": null,
        "content_type": "text/plain",
        "value": "key",
        "tags": {},
        "locked": false,
        "last_modified": "2024-04-09T20:23:51\u002B00:00"
      }
    },
    {
      "RequestUri": "https://fake-endpoint.azconfig.io/kv/refresh_message?label=%00\u0026api-version=1970-01-01",
      "RequestMethod": "PUT",
      "RequestHeaders": {
        "Accept": "application/vnd.microsoft.appconfig.kv\u002Bjson, application/problem\u002Bjson",
        "Accept-Encoding": "gzip, deflate",
        "Connection": "keep-alive",
        "Content-Length": "114",
        "Content-Type": "application/json",
        "Sync-Token": "zAJw6V16=NzoxNyMyNjEwMTQ2OA==",
        "User-Agent": "azsdk-python-appconfiguration/unknown Python/3.11.9 (Windows-10-10.0.22631-SP0)"
      },
      "RequestBody": {
        "key": "refresh_message",
        "label": "\u0000",
        "content_type": "text/plain",
        "value": "original value",
        "tags": {}
      },
      "StatusCode": 200,
      "ResponseHeaders": {
        "Access-Control-Allow-Origin": "*",
        "Connection": "keep-alive",
        "Content-Type": "application/vnd.microsoft.appconfig.kv\u002Bjson; charset=utf-8",
        "Date": "Tue, 09 Apr 2024 20:23:51 GMT",
        "ETag": "\u00228qlwjFrq85UaYFqFsw5tG7YXANvGWF6L0XLeB77_hOA\u0022",
        "Last-Modified": "Tue, 09 Apr 2024 20:23:51 GMT",
        "Strict-Transport-Security": "max-age=31536000; includeSubDomains",
        "Sync-Token": "zAJw6V16=NzoxNyMyNjEwMTQ3MA==;sn=26101470",
        "Transfer-Encoding": "chunked",
        "x-ms-correlation-request-id": "0740ee6c-981c-4b6c-9c0b-2e7b02da6a54"
      },
      "ResponseBody": {
        "etag": "8qlwjFrq85UaYFqFsw5tG7YXANvGWF6L0XLeB77_hOA",
        "key": "refresh_message",
        "label": null,
        "content_type": "text/plain",
        "value": "original value",
        "tags": {},
        "locked": false,
        "last_modified": "2024-04-09T20:23:51\u002B00:00"
      }
    },
    {
      "RequestUri": "https://fake-endpoint.azconfig.io/kv/non_refreshed_message?label=%00\u0026api-version=1970-01-01",
      "RequestMethod": "PUT",
      "RequestHeaders": {
        "Accept": "application/vnd.microsoft.appconfig.kv\u002Bjson, application/problem\u002Bjson",
        "Accept-Encoding": "gzip, deflate",
        "Connection": "keep-alive",
        "Content-Length": "112",
        "Content-Type": "application/json",
        "Sync-Token": "zAJw6V16=NzoxNyMyNjEwMTQ3MA==",
        "User-Agent": "azsdk-python-appconfiguration/unknown Python/3.11.9 (Windows-10-10.0.22631-SP0)"
      },
      "RequestBody": {
        "key": "non_refreshed_message",
        "label": "\u0000",
        "content_type": "text/plain",
        "value": "Static",
        "tags": {}
      },
      "StatusCode": 200,
      "ResponseHeaders": {
        "Access-Control-Allow-Origin": "*",
        "Connection": "keep-alive",
        "Content-Type": "application/vnd.microsoft.appconfig.kv\u002Bjson; charset=utf-8",
        "Date": "Tue, 09 Apr 2024 20:23:51 GMT",
        "ETag": "\u0022zRg4Jhp0UdNBuUE5bDDjU2sex273Dsg9a__QF_8NaEY\u0022",
        "Last-Modified": "Tue, 09 Apr 2024 20:23:51 GMT",
        "Strict-Transport-Security": "max-age=31536000; includeSubDomains",
        "Sync-Token": "zAJw6V16=NzoxNyMyNjEwMTQ3Mg==;sn=26101472",
        "Transfer-Encoding": "chunked",
        "x-ms-correlation-request-id": "eb50418e-afb4-4e2a-9f68-bb9b07fe616f"
      },
      "ResponseBody": {
        "etag": "zRg4Jhp0UdNBuUE5bDDjU2sex273Dsg9a__QF_8NaEY",
        "key": "non_refreshed_message",
        "label": null,
        "content_type": "text/plain",
        "value": "Static",
        "tags": {},
        "locked": false,
        "last_modified": "2024-04-09T20:23:51\u002B00:00"
      }
    },
    {
      "RequestUri": "https://fake-endpoint.azconfig.io/kv/.appconfig.featureflag%2FAlpha?label=%00\u0026api-version=1970-01-01",
      "RequestMethod": "PUT",
      "RequestHeaders": {
        "Accept": "application/vnd.microsoft.appconfig.kv\u002Bjson, application/problem\u002Bjson",
        "Accept-Encoding": "gzip, deflate",
        "Connection": "keep-alive",
        "Content-Length": "270",
        "Content-Type": "application/json",
        "Sync-Token": "zAJw6V16=NzoxNyMyNjEwMTQ3Mg==",
        "User-Agent": "azsdk-python-appconfiguration/unknown Python/3.11.9 (Windows-10-10.0.22631-SP0)"
      },
      "RequestBody": {
        "key": ".appconfig.featureflag/Alpha",
        "label": "\u0000",
        "content_type": "application/vnd.microsoft.appconfig.ff\u002Bjson;charset=utf-8",
        "value": "{\t\u0022id\u0022: \u0022Alpha\u0022, \u0022description\u0022: \u0022\u0022, \u0022enabled\u0022: false, \u0022conditions\u0022: {\t\u0022client_filters\u0022: []\t}}",
        "tags": {}
      },
      "StatusCode": 200,
      "ResponseHeaders": {
        "Access-Control-Allow-Origin": "*",
        "Connection": "keep-alive",
        "Content-Type": "application/vnd.microsoft.appconfig.kv\u002Bjson; charset=utf-8",
        "Date": "Tue, 09 Apr 2024 20:23:51 GMT",
        "ETag": "\u0022wsiJhidpYFZOXcutIqe8YDVQyFgWctyZ17wv8ve_Ido\u0022",
        "Last-Modified": "Tue, 09 Apr 2024 20:23:51 GMT",
        "Strict-Transport-Security": "max-age=31536000; includeSubDomains",
        "Sync-Token": "zAJw6V16=NzoxNyMyNjEwMTQ3NA==;sn=26101474",
        "Transfer-Encoding": "chunked",
        "x-ms-correlation-request-id": "0abb8ac1-90ee-49ae-850e-f704640655a8"
      },
      "ResponseBody": {
        "etag": "wsiJhidpYFZOXcutIqe8YDVQyFgWctyZ17wv8ve_Ido",
        "key": ".appconfig.featureflag/Alpha",
        "label": null,
        "content_type": "application/vnd.microsoft.appconfig.ff\u002Bjson;charset=utf-8",
        "value": "{\t\u0022id\u0022: \u0022Alpha\u0022, \u0022description\u0022: \u0022\u0022, \u0022enabled\u0022: false, \u0022conditions\u0022: {\t\u0022client_filters\u0022: []\t}}",
        "tags": {},
        "locked": false,
        "last_modified": "2024-04-09T20:23:51\u002B00:00"
      }
    },
    {
      "RequestUri": "https://fake-endpoint.azconfig.io/kv/secret?label=prod\u0026api-version=1970-01-01",
      "RequestMethod": "PUT",
      "RequestHeaders": {
        "Accept": "application/vnd.microsoft.appconfig.kv\u002Bjson, application/problem\u002Bjson",
        "Accept-Encoding": "gzip, deflate",
        "Connection": "keep-alive",
        "Content-Length": "217",
        "Content-Type": "application/json",
        "Sync-Token": "zAJw6V16=NzoxNyMyNjEwMTQ3NA==",
        "User-Agent": "azsdk-python-appconfiguration/unknown Python/3.11.9 (Windows-10-10.0.22631-SP0)"
      },
      "RequestBody": {
        "key": "secret",
        "label": "prod",
        "content_type": "application/vnd.microsoft.appconfig.keyvaultref\u002Bjson;charset=utf-8",
        "value": "{\u0022uri\u0022:\u0022https://fake-keyvault.vault.azure.net/secrets/fake-secret/\u0022}",
        "tags": {}
      },
      "StatusCode": 200,
      "ResponseHeaders": {
        "Access-Control-Allow-Origin": "*",
        "Connection": "keep-alive",
        "Content-Type": "application/vnd.microsoft.appconfig.kv\u002Bjson; charset=utf-8",
        "Date": "Tue, 09 Apr 2024 20:23:51 GMT",
        "ETag": "\u002281mg6gJIu35yZjWOGptRg1xCoCLeIHKEfi6Y9COdMZ4\u0022",
        "Last-Modified": "Tue, 09 Apr 2024 20:23:51 GMT",
        "Strict-Transport-Security": "max-age=31536000; includeSubDomains",
        "Sync-Token": "zAJw6V16=NzoxNyMyNjEwMTQ3Ng==;sn=26101476",
        "Transfer-Encoding": "chunked",
        "x-ms-correlation-request-id": "e4850c51-e359-4e48-96f1-8c15fa9a43be"
      },
      "ResponseBody": {
        "etag": "81mg6gJIu35yZjWOGptRg1xCoCLeIHKEfi6Y9COdMZ4",
        "key": "secret",
        "label": "prod",
        "content_type": "application/vnd.microsoft.appconfig.keyvaultref\u002Bjson;charset=utf-8",
        "value": "{\u0022uri\u0022:\u0022https://fake-keyvault.vault.azure.net/secrets/fake-secret/\u0022}",
        "tags": {},
        "locked": false,
        "last_modified": "2024-04-09T20:23:51\u002B00:00"
      }
    },
    {
      "RequestUri": "https://fake-endpoint.azconfig.io/kv?key=%2A\u0026label=%00\u0026api-version=1970-01-01",
      "RequestMethod": "GET",
      "RequestHeaders": {
        "Accept": "application/vnd.microsoft.appconfig.kvset\u002Bjson, application/problem\u002Bjson",
        "Accept-Encoding": "gzip, deflate",
        "Connection": "keep-alive",
        "Correlation-Context": "RequestType=Startup,UsesKeyVault",
        "User-Agent": "SDK/Integration python-appconfiguration-provider/1.1.1 azsdk-python-appconfiguration/unknown Python/3.11.9 (Windows-10-10.0.22631-SP0)"
      },
      "RequestBody": null,
      "StatusCode": 200,
      "ResponseHeaders": {
        "Access-Control-Allow-Origin": "*",
        "Connection": "keep-alive",
        "Content-Type": "application/vnd.microsoft.appconfig.kvset\u002Bjson; charset=utf-8",
        "Date": "Tue, 09 Apr 2024 20:23:52 GMT",
        "ETag": "\u0022p2nwSel0vlnV1ZzwALIocsdAlq7c_gJBZGJeWDsoNWU\u0022",
        "Strict-Transport-Security": "max-age=31536000; includeSubDomains",
        "Sync-Token": "zAJw6V16=NzoxNyMyNjEwMTQ3Nw==;sn=26101477",
        "Transfer-Encoding": "chunked",
        "x-ms-correlation-request-id": "5e1c57dc-ac91-4c5b-8398-452ec51f56a6"
      },
      "ResponseBody": {
        "etag": "p2nwSel0vlnV1ZzwALIocsdAlq7c_gJBZGJeWDsoNWU",
        "items": [
          {
            "etag": "wsiJhidpYFZOXcutIqe8YDVQyFgWctyZ17wv8ve_Ido",
            "key": ".appconfig.featureflag/Alpha",
            "label": null,
            "content_type": "application/vnd.microsoft.appconfig.ff\u002Bjson;charset=utf-8",
            "value": "{\t\u0022id\u0022: \u0022Alpha\u0022, \u0022description\u0022: \u0022\u0022, \u0022enabled\u0022: false, \u0022conditions\u0022: {\t\u0022client_filters\u0022: []\t}}",
            "tags": {},
            "locked": false,
            "last_modified": "2024-04-09T20:23:51\u002B00:00"
          },
          {
            "etag": "KCikYCPPOL02TDn3_41XqGWFeWH8Uih5cYa7LznkGmg",
            "key": ".appconfig.featureflag/Beta",
            "label": null,
            "content_type": "application/vnd.microsoft.appconfig.ff\u002Bjson;charset=utf-8",
            "value": "{\u0022id\u0022: \u0022Beta\u0022, \u0022enabled\u0022: false, \u0022conditions\u0022: {\u0022client_filters\u0022: []}, \u0022display_name\u0022: null, \u0022description\u0022: null}",
            "tags": {},
            "locked": false,
            "last_modified": "2024-03-25T19:21:53\u002B00:00"
          },
          {
            "etag": "t-XQPGxDAlMzANUC2_g2z6P6aj2gKZe5ZEmxhW7hG20",
            "key": ".appconfig.featureflag/Delta",
            "label": null,
            "content_type": "application/vnd.microsoft.appconfig.ff\u002Bjson;charset=utf-8",
            "value": "{\u0022id\u0022:\u0022Delta\u0022,\u0022description\u0022:\u0022\u0022,\u0022enabled\u0022:true,\u0022conditions\u0022:{\u0022client_filters\u0022:[{\u0022name\u0022:\u0022Microsoft.TimeWindow\u0022,\u0022parameters\u0022:{\u0022Start\u0022:\u0022Mon, 01 Jan 2024 08:00:00 GMT\u0022,\u0022End\u0022:\u0022Sat, 10 Feb 2024 08:00:00 GMT\u0022}}]}}",
            "tags": {},
            "locked": false,
            "last_modified": "2024-01-23T18:42:43\u002B00:00"
          },
          {
            "etag": "3vOPBuZOhW0hZDHaSCZd8Oo_UdbViByiruQ7djGymLM",
            "key": ".appconfig.featureflag/Epsilon",
            "label": null,
            "content_type": "application/vnd.microsoft.appconfig.ff\u002Bjson;charset=utf-8",
            "value": "{\u0022id\u0022:\u0022Epsilon\u0022,\u0022description\u0022:\u0022\u0022,\u0022enabled\u0022:true,\u0022conditions\u0022:{\u0022client_filters\u0022:[{\u0022name\u0022:\u0022Microsoft.TimeWindow\u0022,\u0022parameters\u0022:{\u0022Start\u0022:\u0022Wed, 24 Jan 2024 08:00:00 GMT\u0022}}]}}",
            "tags": {},
            "locked": false,
            "last_modified": "2024-01-23T18:44:45\u002B00:00"
          },
          {
            "etag": "dgInk3wh4ZCIJkZ8czM1vXjcyZQnVRTPYh4p86PY6tY",
            "key": ".appconfig.featureflag/Gamma",
            "label": null,
            "content_type": "application/vnd.microsoft.appconfig.ff\u002Bjson;charset=utf-8",
            "value": "{\u0022id\u0022:\u0022Gamma\u0022,\u0022description\u0022:\u0022\u0022,\u0022enabled\u0022:true,\u0022conditions\u0022:{\u0022client_filters\u0022:[{\u0022name\u0022:\u0022Sample.Random\u0022,\u0022parameters\u0022:{\u0022Value\u0022:50}}]}}",
            "tags": {},
            "locked": false,
            "last_modified": "2024-01-23T18:41:44\u002B00:00"
          },
          {
            "etag": "qBB2gyVlWA0lMISTqbbbkrE7SoRes2riPLC1sLy-SIw",
            "key": ".appconfig.featureflag/Sigma",
            "label": null,
            "content_type": "application/vnd.microsoft.appconfig.ff\u002Bjson;charset=utf-8",
            "value": "{\u0022id\u0022:\u0022Sigma\u0022,\u0022description\u0022:\u0022\u0022,\u0022enabled\u0022:true,\u0022conditions\u0022:{\u0022client_filters\u0022:[{\u0022name\u0022:\u0022Microsoft.TimeWindow\u0022,\u0022parameters\u0022:{\u0022Start\u0022:\u0022Mon, 01 Jan 2024 08:00:00 GMT\u0022,\u0022End\u0022:\u0022Tue, 23 Jan 2024 08:00:00 GMT\u0022}}]}}",
            "tags": {},
            "locked": false,
            "last_modified": "2024-01-23T18:44:18\u002B00:00"
          },
          {
            "etag": "naTMO7Mrznv0Kn85tw1ItuOFbHARU67hlR1xkgutmP4",
            "key": ".appconfig.featureflag/Target",
            "label": null,
            "content_type": "application/vnd.microsoft.appconfig.ff\u002Bjson;charset=utf-8",
            "value": "{\u0022id\u0022:\u0022Target\u0022,\u0022description\u0022:\u0022\u0022,\u0022enabled\u0022:true,\u0022conditions\u0022:{\u0022client_filters\u0022:[{\u0022name\u0022:\u0022Microsoft.Targeting\u0022,\u0022parameters\u0022:{\u0022Audience\u0022:{\u0022Users\u0022:[\u0022Adam\u0022],\u0022Groups\u0022:[{\u0022Name\u0022:\u0022Stage1\u0022,\u0022RolloutPercentage\u0022:50}],\u0022DefaultRolloutPercentage\u0022:50}}}]}}",
            "tags": {},
            "locked": false,
            "last_modified": "2024-01-23T18:46:00\u002B00:00"
          },
          {
            "etag": "1Nx-kGIrKPvdZDtDjLNUEnDFS1niWjG9mwOllGF_iTU",
            "key": ".appconfig.featureflag/TelemetryFlag",
            "label": null,
            "content_type": "application/vnd.microsoft.appconfig.ff\u002Bjson;charset=utf-8",
            "value": "{\u0022id\u0022:\u0022TelemetryFlag\u0022,\u0022enabled\u0022:true,\u0022variants\u0022:[{\u0022name\u0022:\u0022Off\u0022,\u0022configuration_value\u0022:\u0022Off\u0022},{\u0022name\u0022:\u0022On\u0022,\u0022configuration_value\u0022:\u0022On\u0022}],\u0022allocation\u0022:{\u0022percentile\u0022:[{\u0022variant\u0022:\u0022Off\u0022,\u0022from\u0022:0,\u0022to\u0022:50},{\u0022variant\u0022:\u0022On\u0022,\u0022from\u0022:50,\u0022to\u0022:100}],\u0022default_when_enabled\u0022:\u0022Off\u0022,\u0022default_when_disabled\u0022:\u0022Off\u0022},\u0022telemetry\u0022:{\u0022enabled\u0022:true}}",
            "tags": {},
            "locked": false,
            "last_modified": "2024-04-04T21:03:07\u002B00:00"
          },
          {
            "etag": "Pqpa-sqEC-DLkw9yJPO-q0mdjhIXfDYcyE8s4-nLpHM",
            "key": ".appconfig.featureflag/Zeta",
            "label": null,
            "content_type": "application/vnd.microsoft.appconfig.ff\u002Bjson;charset=utf-8",
            "value": "{\u0022id\u0022:\u0022Zeta\u0022,\u0022description\u0022:\u0022\u0022,\u0022enabled\u0022:true,\u0022conditions\u0022:{\u0022client_filters\u0022:[{\u0022name\u0022:\u0022Microsoft.TimeWindow\u0022,\u0022parameters\u0022:{\u0022End\u0022:\u0022Sat, 10 Feb 2024 08:00:00 GMT\u0022}}]}}",
            "tags": {},
            "locked": false,
            "last_modified": "2024-01-23T18:45:19\u002B00:00"
          },
          {
            "etag": "B4UJhIxyDgutOj35K_-ddmKPJwyPetl0o_xl5dn-4Gw",
            "key": "message",
            "label": null,
            "content_type": "text/plain",
            "value": "hi",
            "tags": {},
            "locked": false,
            "last_modified": "2024-04-09T20:23:51\u002B00:00"
          },
          {
            "etag": "2sqtnXfWHLZes0Qr6-3k32PK_xhwGFC4O5YZvyp-OX8",
            "key": "my_json",
            "label": null,
            "content_type": "application/json",
            "value": "{\u0022key\u0022: \u0022value\u0022}",
            "tags": {},
            "locked": false,
            "last_modified": "2024-04-09T20:23:51\u002B00:00"
          },
          {
            "etag": "zRg4Jhp0UdNBuUE5bDDjU2sex273Dsg9a__QF_8NaEY",
            "key": "non_refreshed_message",
            "label": null,
            "content_type": "text/plain",
            "value": "Static",
            "tags": {},
            "locked": false,
            "last_modified": "2024-04-09T20:23:51\u002B00:00"
          },
          {
            "etag": "8qlwjFrq85UaYFqFsw5tG7YXANvGWF6L0XLeB77_hOA",
            "key": "refresh_message",
            "label": null,
            "content_type": "text/plain",
            "value": "original value",
            "tags": {},
            "locked": false,
            "last_modified": "2024-04-09T20:23:51\u002B00:00"
          },
          {
            "etag": "9X4Ysj2AaDJQucR5sFcmlRtgkrVjCLYyls9woecWMa4",
            "key": "sentinal",
            "label": null,
            "content_type": "",
            "value": "2",
            "tags": {},
            "locked": false,
            "last_modified": "2023-12-07T21:26:03\u002B00:00"
          },
          {
            "etag": "tMtm_pK07CRPbANt4CEzb1FJvi6RNo28WMpLpZ2T9BM",
            "key": "test.trimmed",
            "label": null,
            "content_type": "text/plain",
            "value": "key",
            "tags": {},
            "locked": false,
            "last_modified": "2024-04-09T20:23:51\u002B00:00"
          }
        ]
      }
    },
    {
      "RequestUri": "https://fake-endpoint.azconfig.io/kv?key=.appconfig.featureflag%2F%2A\u0026label=%00\u0026api-version=1970-01-01",
      "RequestMethod": "GET",
      "RequestHeaders": {
        "Accept": "application/vnd.microsoft.appconfig.kvset\u002Bjson, application/problem\u002Bjson",
        "Accept-Encoding": "gzip, deflate",
        "Connection": "keep-alive",
        "Correlation-Context": "RequestType=Startup,UsesKeyVault",
        "Sync-Token": "zAJw6V16=NzoxNyMyNjEwMTQ3Nw==",
        "User-Agent": "SDK/Integration python-appconfiguration-provider/1.1.1 azsdk-python-appconfiguration/unknown Python/3.11.9 (Windows-10-10.0.22631-SP0)"
      },
      "RequestBody": null,
      "StatusCode": 200,
      "ResponseHeaders": {
        "Access-Control-Allow-Origin": "*",
        "Connection": "keep-alive",
        "Content-Type": "application/vnd.microsoft.appconfig.kvset\u002Bjson; charset=utf-8",
        "Date": "Tue, 09 Apr 2024 20:23:52 GMT",
        "ETag": "\u0022Y0GJwRdgOyUB8JzQOCEp0prqsGTvJ5i2A3Rdj6g71rw\u0022",
        "Strict-Transport-Security": "max-age=31536000; includeSubDomains",
        "Sync-Token": "zAJw6V16=NzoxNyMyNjEwMTQ3Nw==;sn=26101477",
        "Transfer-Encoding": "chunked",
        "x-ms-correlation-request-id": "a0de1236-2cf0-4bac-9c7f-5635e04a3f65"
      },
      "ResponseBody": {
        "etag": "Y0GJwRdgOyUB8JzQOCEp0prqsGTvJ5i2A3Rdj6g71rw",
        "items": [
          {
            "etag": "wsiJhidpYFZOXcutIqe8YDVQyFgWctyZ17wv8ve_Ido",
            "key": ".appconfig.featureflag/Alpha",
            "label": null,
            "content_type": "application/vnd.microsoft.appconfig.ff\u002Bjson;charset=utf-8",
            "value": "{\t\u0022id\u0022: \u0022Alpha\u0022, \u0022description\u0022: \u0022\u0022, \u0022enabled\u0022: false, \u0022conditions\u0022: {\t\u0022client_filters\u0022: []\t}}",
            "tags": {},
            "locked": false,
            "last_modified": "2024-04-09T20:23:51\u002B00:00"
          },
          {
            "etag": "KCikYCPPOL02TDn3_41XqGWFeWH8Uih5cYa7LznkGmg",
            "key": ".appconfig.featureflag/Beta",
            "label": null,
            "content_type": "application/vnd.microsoft.appconfig.ff\u002Bjson;charset=utf-8",
            "value": "{\u0022id\u0022: \u0022Beta\u0022, \u0022enabled\u0022: false, \u0022conditions\u0022: {\u0022client_filters\u0022: []}, \u0022display_name\u0022: null, \u0022description\u0022: null}",
            "tags": {},
            "locked": false,
            "last_modified": "2024-03-25T19:21:53\u002B00:00"
          },
          {
            "etag": "t-XQPGxDAlMzANUC2_g2z6P6aj2gKZe5ZEmxhW7hG20",
            "key": ".appconfig.featureflag/Delta",
            "label": null,
            "content_type": "application/vnd.microsoft.appconfig.ff\u002Bjson;charset=utf-8",
            "value": "{\u0022id\u0022:\u0022Delta\u0022,\u0022description\u0022:\u0022\u0022,\u0022enabled\u0022:true,\u0022conditions\u0022:{\u0022client_filters\u0022:[{\u0022name\u0022:\u0022Microsoft.TimeWindow\u0022,\u0022parameters\u0022:{\u0022Start\u0022:\u0022Mon, 01 Jan 2024 08:00:00 GMT\u0022,\u0022End\u0022:\u0022Sat, 10 Feb 2024 08:00:00 GMT\u0022}}]}}",
            "tags": {},
            "locked": false,
            "last_modified": "2024-01-23T18:42:43\u002B00:00"
          },
          {
            "etag": "3vOPBuZOhW0hZDHaSCZd8Oo_UdbViByiruQ7djGymLM",
            "key": ".appconfig.featureflag/Epsilon",
            "label": null,
            "content_type": "application/vnd.microsoft.appconfig.ff\u002Bjson;charset=utf-8",
            "value": "{\u0022id\u0022:\u0022Epsilon\u0022,\u0022description\u0022:\u0022\u0022,\u0022enabled\u0022:true,\u0022conditions\u0022:{\u0022client_filters\u0022:[{\u0022name\u0022:\u0022Microsoft.TimeWindow\u0022,\u0022parameters\u0022:{\u0022Start\u0022:\u0022Wed, 24 Jan 2024 08:00:00 GMT\u0022}}]}}",
            "tags": {},
            "locked": false,
            "last_modified": "2024-01-23T18:44:45\u002B00:00"
          },
          {
            "etag": "dgInk3wh4ZCIJkZ8czM1vXjcyZQnVRTPYh4p86PY6tY",
            "key": ".appconfig.featureflag/Gamma",
            "label": null,
            "content_type": "application/vnd.microsoft.appconfig.ff\u002Bjson;charset=utf-8",
            "value": "{\u0022id\u0022:\u0022Gamma\u0022,\u0022description\u0022:\u0022\u0022,\u0022enabled\u0022:true,\u0022conditions\u0022:{\u0022client_filters\u0022:[{\u0022name\u0022:\u0022Sample.Random\u0022,\u0022parameters\u0022:{\u0022Value\u0022:50}}]}}",
            "tags": {},
            "locked": false,
            "last_modified": "2024-01-23T18:41:44\u002B00:00"
          },
          {
            "etag": "qBB2gyVlWA0lMISTqbbbkrE7SoRes2riPLC1sLy-SIw",
            "key": ".appconfig.featureflag/Sigma",
            "label": null,
            "content_type": "application/vnd.microsoft.appconfig.ff\u002Bjson;charset=utf-8",
            "value": "{\u0022id\u0022:\u0022Sigma\u0022,\u0022description\u0022:\u0022\u0022,\u0022enabled\u0022:true,\u0022conditions\u0022:{\u0022client_filters\u0022:[{\u0022name\u0022:\u0022Microsoft.TimeWindow\u0022,\u0022parameters\u0022:{\u0022Start\u0022:\u0022Mon, 01 Jan 2024 08:00:00 GMT\u0022,\u0022End\u0022:\u0022Tue, 23 Jan 2024 08:00:00 GMT\u0022}}]}}",
            "tags": {},
            "locked": false,
            "last_modified": "2024-01-23T18:44:18\u002B00:00"
          },
          {
            "etag": "naTMO7Mrznv0Kn85tw1ItuOFbHARU67hlR1xkgutmP4",
            "key": ".appconfig.featureflag/Target",
            "label": null,
            "content_type": "application/vnd.microsoft.appconfig.ff\u002Bjson;charset=utf-8",
            "value": "{\u0022id\u0022:\u0022Target\u0022,\u0022description\u0022:\u0022\u0022,\u0022enabled\u0022:true,\u0022conditions\u0022:{\u0022client_filters\u0022:[{\u0022name\u0022:\u0022Microsoft.Targeting\u0022,\u0022parameters\u0022:{\u0022Audience\u0022:{\u0022Users\u0022:[\u0022Adam\u0022],\u0022Groups\u0022:[{\u0022Name\u0022:\u0022Stage1\u0022,\u0022RolloutPercentage\u0022:50}],\u0022DefaultRolloutPercentage\u0022:50}}}]}}",
            "tags": {},
            "locked": false,
            "last_modified": "2024-01-23T18:46:00\u002B00:00"
          },
          {
            "etag": "1Nx-kGIrKPvdZDtDjLNUEnDFS1niWjG9mwOllGF_iTU",
            "key": ".appconfig.featureflag/TelemetryFlag",
            "label": null,
            "content_type": "application/vnd.microsoft.appconfig.ff\u002Bjson;charset=utf-8",
            "value": "{\u0022id\u0022:\u0022TelemetryFlag\u0022,\u0022enabled\u0022:true,\u0022variants\u0022:[{\u0022name\u0022:\u0022Off\u0022,\u0022configuration_value\u0022:\u0022Off\u0022},{\u0022name\u0022:\u0022On\u0022,\u0022configuration_value\u0022:\u0022On\u0022}],\u0022allocation\u0022:{\u0022percentile\u0022:[{\u0022variant\u0022:\u0022Off\u0022,\u0022from\u0022:0,\u0022to\u0022:50},{\u0022variant\u0022:\u0022On\u0022,\u0022from\u0022:50,\u0022to\u0022:100}],\u0022default_when_enabled\u0022:\u0022Off\u0022,\u0022default_when_disabled\u0022:\u0022Off\u0022},\u0022telemetry\u0022:{\u0022enabled\u0022:true}}",
            "tags": {},
            "locked": false,
            "last_modified": "2024-04-04T21:03:07\u002B00:00"
          },
          {
            "etag": "Pqpa-sqEC-DLkw9yJPO-q0mdjhIXfDYcyE8s4-nLpHM",
            "key": ".appconfig.featureflag/Zeta",
            "label": null,
            "content_type": "application/vnd.microsoft.appconfig.ff\u002Bjson;charset=utf-8",
            "value": "{\u0022id\u0022:\u0022Zeta\u0022,\u0022description\u0022:\u0022\u0022,\u0022enabled\u0022:true,\u0022conditions\u0022:{\u0022client_filters\u0022:[{\u0022name\u0022:\u0022Microsoft.TimeWindow\u0022,\u0022parameters\u0022:{\u0022End\u0022:\u0022Sat, 10 Feb 2024 08:00:00 GMT\u0022}}]}}",
            "tags": {},
            "locked": false,
            "last_modified": "2024-01-23T18:45:19\u002B00:00"
          }
        ]
      }
    }
  ],
  "Variables": {}
}
