{
  "Entries": [
    {
      "RequestUri": "https://Sanitized.azconfig.io/kv/message?api-version=1970-01-01",
      "RequestMethod": "PUT",
      "RequestHeaders": {
        "Accept": "*/*",
        "Accept-Encoding": "gzip, deflate",
        "Connection": "keep-alive",
        "Content-Length": "82",
        "Content-Type": "application/json",
        "User-Agent": "azsdk-python-appconfiguration/1.7.2 Python/3.11.9 (Windows-10-10.0.26100-SP0)",
        "x-ms-content-sha256": "Sanitized",
        "x-ms-date": "Jun, 18 2025 17:48:08.589048 GMT"
      },
      "RequestBody": {
        "key": "message",
        "label": "\u0000",
        "value": "hi",
        "content_type": "text/plain"
      },
      "StatusCode": 200,
      "ResponseHeaders": {
        "Access-Control-Allow-Origin": "*",
        "Connection": "keep-alive",
        "Content-Type": "application/vnd.microsoft.appconfig.kv+json; charset=utf-8",
        "Date": "Wed, 18 Jun 2025 17:48:08 GMT",
        "ETag": "\"u7YvU1xwNfJQuL2aQApFsPIrhS3YOQJHA9ND6Nuu4n0\"",
        "Last-Modified": "Wed, 18 Jun 2025 17:48:08 GMT",
        "Strict-Transport-Security": "max-age=31536000; includeSubDomains",
        "Transfer-Encoding": "chunked",
        "x-ms-correlation-request-id": "c6a491e4-29c3-4596-afac-a22359573f95"
      },
      "ResponseBody": {
        "etag": "Sanitized",
        "key": "message",
        "label": null,
        "content_type": "text/plain",
        "value": "hi",
        "tags": {},
        "locked": false,
        "last_modified": "2025-06-18T17:48:08+00:00"
      }
    },
    {
      "RequestUri": "https://Sanitized.azconfig.io/kv/message?api-version=1970-01-01",
      "RequestMethod": "PUT",
      "RequestHeaders": {
        "Accept": "*/*",
        "Accept-Encoding": "gzip, deflate",
        "Connection": "keep-alive",
        "Content-Length": "81",
        "Content-Type": "application/json",
        "User-Agent": "azsdk-python-appconfiguration/1.7.2 Python/3.11.9 (Windows-10-10.0.26100-SP0)",
        "x-ms-content-sha256": "Sanitized",
        "x-ms-date": "Jun, 18 2025 17:48:08.609793 GMT"
      },
      "RequestBody": {
        "key": "message",
        "label": "dev",
        "value": "test",
        "content_type": "text/plain"
      },
      "StatusCode": 200,
      "ResponseHeaders": {
        "Access-Control-Allow-Origin": "*",
        "Connection": "keep-alive",
        "Content-Type": "application/vnd.microsoft.appconfig.kv+json; charset=utf-8",
        "Date": "Wed, 18 Jun 2025 17:48:08 GMT",
        "ETag": "\"CJ9-Tr4d2W_dKZyojikohq9tRBgX7U7PukYBZ1kRkyo\"",
        "Last-Modified": "Wed, 18 Jun 2025 17:48:08 GMT",
        "Strict-Transport-Security": "max-age=31536000; includeSubDomains",
        "Transfer-Encoding": "chunked",
        "x-ms-correlation-request-id": "492ab35f-6649-4ebe-a848-47e16a745e06"
      },
      "ResponseBody": {
        "etag": "Sanitized",
        "key": "message",
        "label": "dev",
        "content_type": "text/plain",
        "value": "test",
        "tags": {},
        "locked": false,
        "last_modified": "2025-06-18T17:48:08+00:00"
      }
    },
    {
      "RequestUri": "https://Sanitized.azconfig.io/kv/my_json?api-version=1970-01-01",
      "RequestMethod": "PUT",
      "RequestHeaders": {
        "Accept": "*/*",
        "Accept-Encoding": "gzip, deflate",
        "Connection": "keep-alive",
        "Content-Length": "106",
        "Content-Type": "application/json",
        "User-Agent": "azsdk-python-appconfiguration/1.7.2 Python/3.11.9 (Windows-10-10.0.26100-SP0)",
        "x-ms-content-sha256": "Sanitized",
        "x-ms-date": "Jun, 18 2025 17:48:08.630327 GMT"
      },
      "RequestBody": {
        "key": "my_json",
        "label": "\u0000",
        "value": "{\"key\": \"value\"}",
        "content_type": "application/json"
      },
      "StatusCode": 200,
      "ResponseHeaders": {
        "Access-Control-Allow-Origin": "*",
        "Connection": "keep-alive",
        "Content-Type": "application/vnd.microsoft.appconfig.kv+json; charset=utf-8",
        "Date": "Wed, 18 Jun 2025 17:48:08 GMT",
        "ETag": "\"_TDpGmc34PgNMRQ3DUiRww4XAbbEdjoYmdjOdRmytcQ\"",
        "Last-Modified": "Wed, 18 Jun 2025 17:48:08 GMT",
        "Strict-Transport-Security": "max-age=31536000; includeSubDomains",
        "Transfer-Encoding": "chunked",
        "x-ms-correlation-request-id": "9b23c19d-8ad1-4b6f-95a2-2d3d1c89812d"
      },
      "ResponseBody": {
        "etag": "Sanitized",
        "key": "my_json",
        "label": null,
        "content_type": "application/json",
        "value": "{\"key\": \"value\"}",
        "tags": {},
        "locked": false,
        "last_modified": "2025-06-18T17:48:08+00:00"
      }
    },
    {
      "RequestUri": "https://Sanitized.azconfig.io/kv/test.trimmed?api-version=1970-01-01",
      "RequestMethod": "PUT",
      "RequestHeaders": {
        "Accept": "*/*",
        "Accept-Encoding": "gzip, deflate",
        "Connection": "keep-alive",
        "Content-Length": "88",
        "Content-Type": "application/json",
        "User-Agent": "azsdk-python-appconfiguration/1.7.2 Python/3.11.9 (Windows-10-10.0.26100-SP0)",
        "x-ms-content-sha256": "Sanitized",
        "x-ms-date": "Jun, 18 2025 17:48:08.647352 GMT"
      },
      "RequestBody": {
        "key": "test.trimmed",
        "label": "\u0000",
        "value": "key",
        "content_type": "text/plain"
      },
      "StatusCode": 200,
      "ResponseHeaders": {
        "Access-Control-Allow-Origin": "*",
        "Connection": "keep-alive",
        "Content-Type": "application/vnd.microsoft.appconfig.kv+json; charset=utf-8",
        "Date": "Wed, 18 Jun 2025 17:48:08 GMT",
        "ETag": "\"3Tl6vaR47Bg96u9NJb5M4dwLvQYP4LmTI9CezTFyEI8\"",
        "Last-Modified": "Wed, 18 Jun 2025 17:48:08 GMT",
        "Strict-Transport-Security": "max-age=31536000; includeSubDomains",
        "Transfer-Encoding": "chunked",
        "x-ms-correlation-request-id": "2099b9ea-d1e3-4f1f-adbd-fea84f22b21c"
      },
      "ResponseBody": {
        "etag": "Sanitized",
        "key": "test.trimmed",
        "label": null,
        "content_type": "text/plain",
        "value": "key",
        "tags": {},
        "locked": false,
        "last_modified": "2025-06-18T17:48:08+00:00"
      }
    },
    {
      "RequestUri": "https://Sanitized.azconfig.io/kv/refresh_message?api-version=1970-01-01",
      "RequestMethod": "PUT",
      "RequestHeaders": {
        "Accept": "*/*",
        "Accept-Encoding": "gzip, deflate",
        "Connection": "keep-alive",
        "Content-Length": "102",
        "Content-Type": "application/json",
        "User-Agent": "azsdk-python-appconfiguration/1.7.2 Python/3.11.9 (Windows-10-10.0.26100-SP0)",
        "x-ms-content-sha256": "Sanitized",
        "x-ms-date": "Jun, 18 2025 17:48:08.663608 GMT"
      },
      "RequestBody": {
        "key": "refresh_message",
        "label": "\u0000",
        "value": "original value",
        "content_type": "text/plain"
      },
      "StatusCode": 200,
      "ResponseHeaders": {
        "Access-Control-Allow-Origin": "*",
        "Connection": "keep-alive",
        "Content-Type": "application/vnd.microsoft.appconfig.kv+json; charset=utf-8",
        "Date": "Wed, 18 Jun 2025 17:48:08 GMT",
        "ETag": "\"BtEGw8pD_79hyX8o0n5eCecJZ92DVlReM1X3cmTFCVs\"",
        "Last-Modified": "Wed, 18 Jun 2025 17:48:08 GMT",
        "Strict-Transport-Security": "max-age=31536000; includeSubDomains",
        "Transfer-Encoding": "chunked",
        "x-ms-correlation-request-id": "19ca0773-d1d2-43c6-a761-51bcb39da79f"
      },
      "ResponseBody": {
        "etag": "Sanitized",
        "key": "refresh_message",
        "label": null,
        "content_type": "text/plain",
        "value": "original value",
        "tags": {},
        "locked": false,
        "last_modified": "2025-06-18T17:48:08+00:00"
      }
    },
    {
      "RequestUri": "https://Sanitized.azconfig.io/kv/non_refreshed_message?api-version=1970-01-01",
      "RequestMethod": "PUT",
      "RequestHeaders": {
        "Accept": "*/*",
        "Accept-Encoding": "gzip, deflate",
        "Connection": "keep-alive",
        "Content-Length": "100",
        "Content-Type": "application/json",
        "User-Agent": "azsdk-python-appconfiguration/1.7.2 Python/3.11.9 (Windows-10-10.0.26100-SP0)",
        "x-ms-content-sha256": "Sanitized",
        "x-ms-date": "Jun, 18 2025 17:48:08.678632 GMT"
      },
      "RequestBody": {
        "key": "non_refreshed_message",
        "label": "\u0000",
        "value": "Static",
        "content_type": "text/plain"
      },
      "StatusCode": 200,
      "ResponseHeaders": {
        "Access-Control-Allow-Origin": "*",
        "Connection": "keep-alive",
        "Content-Type": "application/vnd.microsoft.appconfig.kv+json; charset=utf-8",
        "Date": "Wed, 18 Jun 2025 17:48:08 GMT",
        "ETag": "\"ynkaKyFXKPe1vJ5m5nIB513YtLdp7YB3VtXmZYZSMKg\"",
        "Last-Modified": "Wed, 18 Jun 2025 17:48:08 GMT",
        "Strict-Transport-Security": "max-age=31536000; includeSubDomains",
        "Transfer-Encoding": "chunked",
        "x-ms-correlation-request-id": "5783c867-ad39-4ce2-a480-be35d69dab30"
      },
      "ResponseBody": {
        "etag": "Sanitized",
        "key": "non_refreshed_message",
        "label": null,
        "content_type": "text/plain",
        "value": "Static",
        "tags": {},
        "locked": false,
        "last_modified": "2025-06-18T17:48:08+00:00"
      }
    },
    {
      "RequestUri": "https://Sanitized.azconfig.io/kv/tagged_config?api-version=1970-01-01",
      "RequestMethod": "PUT",
      "RequestHeaders": {
        "Accept": "*/*",
        "Accept-Encoding": "gzip, deflate",
        "Connection": "keep-alive",
        "Content-Length": "93",
        "Content-Type": "application/json",
        "User-Agent": "azsdk-python-appconfiguration/1.7.2 Python/3.11.9 (Windows-10-10.0.26100-SP0)",
        "x-ms-content-sha256": "Sanitized",
        "x-ms-date": "Jun, 18 2025 17:48:08.694385 GMT"
      },
      "RequestBody": {
        "key": "tagged_config",
        "label": "\u0000",
        "content_type": "text/plain",
        "tags": {
          "a": "b"
        }
      },
      "StatusCode": 200,
      "ResponseHeaders": {
        "Access-Control-Allow-Origin": "*",
        "Connection": "keep-alive",
        "Content-Type": "application/vnd.microsoft.appconfig.kv+json; charset=utf-8",
        "Date": "Wed, 18 Jun 2025 17:48:08 GMT",
        "ETag": "\"Ht_Lh9dNHJrWrR2xw3u4MxoVIOE9yNmGVtG2J8X44SA\"",
        "Last-Modified": "Wed, 18 Jun 2025 17:48:08 GMT",
        "Strict-Transport-Security": "max-age=31536000; includeSubDomains",
        "Transfer-Encoding": "chunked",
        "x-ms-correlation-request-id": "e4717343-beee-478e-9ccd-e40b4bd3a31d"
      },
      "ResponseBody": {
        "etag": "Sanitized",
        "key": "tagged_config",
        "label": null,
        "content_type": "text/plain",
        "value": null,
        "tags": {
          "a": "b"
        },
        "locked": false,
        "last_modified": "2025-06-18T17:48:08+00:00"
      }
    },
    {
      "RequestUri": "https://Sanitized.azconfig.io/kv/two_tagged?api-version=1970-01-01",
      "RequestMethod": "PUT",
      "RequestHeaders": {
        "Accept": "*/*",
        "Accept-Encoding": "gzip, deflate",
        "Connection": "keep-alive",
        "Content-Length": "107",
        "Content-Type": "application/json",
        "User-Agent": "azsdk-python-appconfiguration/1.7.2 Python/3.11.9 (Windows-10-10.0.26100-SP0)",
        "x-ms-content-sha256": "Sanitized",
        "x-ms-date": "Jun, 18 2025 17:48:08.712395 GMT"
      },
      "RequestBody": {
        "key": "two_tagged",
        "label": "\u0000",
        "content_type": "text/plain",
        "tags": {
          "a": "b",
          "second": "tag"
        }
      },
      "StatusCode": 200,
      "ResponseHeaders": {
        "Access-Control-Allow-Origin": "*",
        "Connection": "keep-alive",
        "Content-Type": "application/vnd.microsoft.appconfig.kv+json; charset=utf-8",
        "Date": "Wed, 18 Jun 2025 17:48:08 GMT",
        "ETag": "\"IHUa3AozVhIWFMqh_By9PTV7SDYvmetysI3EMOwQrpY\"",
        "Last-Modified": "Wed, 18 Jun 2025 17:48:08 GMT",
        "Strict-Transport-Security": "max-age=31536000; includeSubDomains",
        "Transfer-Encoding": "chunked",
        "x-ms-correlation-request-id": "f9ed1152-00b3-4574-9b03-c972c3bfcf84"
      },
      "ResponseBody": {
        "etag": "Sanitized",
        "key": "two_tagged",
        "label": null,
        "content_type": "text/plain",
        "value": null,
        "tags": {
          "a": "b",
          "second": "tag"
        },
        "locked": false,
        "last_modified": "2025-06-18T17:48:08+00:00"
      }
    },
    {
      "RequestUri": "https://Sanitized.azconfig.io/kv/only_second_tag?api-version=1970-01-01",
      "RequestMethod": "PUT",
      "RequestHeaders": {
        "Accept": "*/*",
        "Accept-Encoding": "gzip, deflate",
        "Connection": "keep-alive",
        "Content-Length": "102",
        "Content-Type": "application/json",
        "User-Agent": "azsdk-python-appconfiguration/1.7.2 Python/3.11.9 (Windows-10-10.0.26100-SP0)",
        "x-ms-content-sha256": "Sanitized",
        "x-ms-date": "Jun, 18 2025 17:48:08.733929 GMT"
      },
      "RequestBody": {
        "key": "only_second_tag",
        "label": "\u0000",
        "content_type": "text/plain",
        "tags": {
          "second": "tag"
        }
      },
      "StatusCode": 200,
      "ResponseHeaders": {
        "Access-Control-Allow-Origin": "*",
        "Connection": "keep-alive",
        "Content-Type": "application/vnd.microsoft.appconfig.kv+json; charset=utf-8",
        "Date": "Wed, 18 Jun 2025 17:48:08 GMT",
        "ETag": "\"5WplQLTkcf29sIoyPyzNEe6NYESaNCXRKIFC66C-v9E\"",
        "Last-Modified": "Wed, 18 Jun 2025 17:48:08 GMT",
        "Strict-Transport-Security": "max-age=31536000; includeSubDomains",
        "Transfer-Encoding": "chunked",
        "x-ms-correlation-request-id": "45a78b29-01bc-42a4-8a32-432275dc33f8"
      },
      "ResponseBody": {
        "etag": "Sanitized",
        "key": "only_second_tag",
        "label": null,
        "content_type": "text/plain",
        "value": null,
        "tags": {
          "second": "tag"
        },
        "locked": false,
        "last_modified": "2025-06-18T17:48:08+00:00"
      }
    },
    {
      "RequestUri": "https://Sanitized.azconfig.io/kv/complex_tag?api-version=1970-01-01",
      "RequestMethod": "PUT",
      "RequestHeaders": {
        "Accept": "*/*",
        "Accept-Encoding": "gzip, deflate",
        "Connection": "keep-alive",
        "Content-Length": "149",
        "Content-Type": "application/json",
        "User-Agent": "azsdk-python-appconfiguration/1.7.2 Python/3.11.9 (Windows-10-10.0.26100-SP0)",
        "x-ms-content-sha256": "Sanitized",
        "x-ms-date": "Jun, 18 2025 17:48:08.754153 GMT"
      },
      "RequestBody": {
        "key": "complex_tag",
        "label": "\u0000",
        "content_type": "text/plain",
        "tags": {
          "Special:Tag": "Value:With:Colons",
          "Tag@With@At": "Value@With@At"
        }
      },
      "StatusCode": 200,
      "ResponseHeaders": {
        "Access-Control-Allow-Origin": "*",
        "Connection": "keep-alive",
        "Content-Type": "application/vnd.microsoft.appconfig.kv+json; charset=utf-8",
        "Date": "Wed, 18 Jun 2025 17:48:08 GMT",
        "ETag": "\"RwXkcDnwr40_ZLxfMnt6BdzDPw-oFA8Dz-myb9ssyyo\"",
        "Last-Modified": "Wed, 18 Jun 2025 17:48:08 GMT",
        "Strict-Transport-Security": "max-age=31536000; includeSubDomains",
        "Transfer-Encoding": "chunked",
        "x-ms-correlation-request-id": "417a0fe4-2dac-4a34-a5dd-9a3cef44ef34"
      },
      "ResponseBody": {
        "etag": "Sanitized",
        "key": "complex_tag",
        "label": null,
        "content_type": "text/plain",
        "value": null,
        "tags": {
          "Special:Tag": "Value:With:Colons",
          "Tag@With@At": "Value@With@At"
        },
        "locked": false,
        "last_modified": "2025-06-18T17:48:08+00:00"
      }
    },
    {
      "RequestUri": "https://Sanitized.azconfig.io/kv/.appconfig.featureflag%2FAlpha?api-version=1970-01-01",
      "RequestMethod": "PUT",
      "RequestHeaders": {
        "Accept": "*/*",
        "Accept-Encoding": "gzip, deflate",
        "Connection": "keep-alive",
        "Content-Length": "258",
        "Content-Type": "application/json",
        "User-Agent": "azsdk-python-appconfiguration/1.7.2 Python/3.11.9 (Windows-10-10.0.26100-SP0)",
        "x-ms-content-sha256": "Sanitized",
        "x-ms-date": "Jun, 18 2025 17:48:08.769163 GMT"
      },
      "RequestBody": {
        "key": ".appconfig.featureflag/Alpha",
        "label": "\u0000",
        "value": "{\t\"id\": \"Alpha\", \"description\": \"\", \"enabled\": false, \"conditions\": {\t\"client_filters\": []\t}}",
        "content_type": "application/vnd.microsoft.appconfig.ff+json;charset=utf-8"
      },
      "StatusCode": 200,
      "ResponseHeaders": {
        "Access-Control-Allow-Origin": "*",
        "Connection": "keep-alive",
        "Content-Type": "application/vnd.microsoft.appconfig.kv+json; charset=utf-8",
        "Date": "Wed, 18 Jun 2025 17:48:08 GMT",
        "ETag": "\"aYy38zuqDJYJ5Vjd7r-TNPZ8lrgaeB1dysV3tFbVTbg\"",
        "Last-Modified": "Wed, 18 Jun 2025 17:48:08 GMT",
        "Strict-Transport-Security": "max-age=31536000; includeSubDomains",
        "Transfer-Encoding": "chunked",
        "x-ms-correlation-request-id": "77d142ed-1b86-4e70-bffa-11f0a6f3ed8d"
      },
      "ResponseBody": {
        "etag": "Sanitized",
        "key": ".appconfig.featureflag/Alpha",
        "label": null,
        "content_type": "application/vnd.microsoft.appconfig.ff+json;charset=utf-8",
        "value": "{\t\"id\": \"Alpha\", \"description\": \"\", \"enabled\": false, \"conditions\": {\t\"client_filters\": []\t}}",
        "tags": {},
        "locked": false,
        "last_modified": "2025-06-18T17:48:08+00:00"
      }
    },
    {
      "RequestUri": "https://Sanitized.azconfig.io/kv/.appconfig.featureflag%2FTaggedFeatureFlag?api-version=1970-01-01",
      "RequestMethod": "PUT",
      "RequestHeaders": {
        "Accept": "*/*",
        "Accept-Encoding": "gzip, deflate",
        "Connection": "keep-alive",
        "Content-Length": "302",
        "Content-Type": "application/json",
        "User-Agent": "azsdk-python-appconfiguration/1.7.2 Python/3.11.9 (Windows-10-10.0.26100-SP0)",
        "x-ms-content-sha256": "Sanitized",
        "x-ms-date": "Jun, 18 2025 17:48:08.783825 GMT"
      },
      "RequestBody": {
        "key": ".appconfig.featureflag/TaggedFeatureFlag",
        "label": "\u0000",
        "value": "{\t\"id\": \"TaggedFeatureFlag\", \"description\": \"\", \"enabled\": false, \"conditions\": {\t\"client_filters\": []\t}}",
        "content_type": "application/vnd.microsoft.appconfig.ff+json;charset=utf-8",
        "tags": {
          "a": "b"
        }
      },
      "StatusCode": 429,
      "ResponseHeaders": {
        "Access-Control-Allow-Origin": "*",
        "Connection": "keep-alive",
        "Content-Type": "application/problem+json; charset=utf-8",
        "Date": "Wed, 18 Jun 2025 17:48:08 GMT",
        "retry-after-ms": "55",
        "Strict-Transport-Security": "max-age=31536000; includeSubDomains",
        "Transfer-Encoding": "chunked",
        "x-ms-correlation-request-id": "6a1a7bb9-7225-4461-b53e-d6097dc985f6"
      },
      "ResponseBody": {
        "type": "https://azconfig.io/errors/too-many-requests",
        "title": "Resource utilization has surpassed the assigned quota",
        "policy": "Write Action Short Term",
        "status": 429
      }
    },
    {
      "RequestUri": "https://Sanitized.azconfig.io/kv/.appconfig.featureflag%2FTaggedFeatureFlag?api-version=1970-01-01",
      "RequestMethod": "PUT",
      "RequestHeaders": {
        "Accept": "*/*",
        "Accept-Encoding": "gzip, deflate",
        "Connection": "keep-alive",
        "Content-Length": "302",
        "Content-Type": "application/json",
        "User-Agent": "azsdk-python-appconfiguration/1.7.2 Python/3.11.9 (Windows-10-10.0.26100-SP0)",
        "x-ms-content-sha256": "Sanitized",
        "x-ms-date": "Jun, 18 2025 17:48:08.843990 GMT"
      },
      "RequestBody": {
        "key": ".appconfig.featureflag/TaggedFeatureFlag",
        "label": "\u0000",
        "value": "{\t\"id\": \"TaggedFeatureFlag\", \"description\": \"\", \"enabled\": false, \"conditions\": {\t\"client_filters\": []\t}}",
        "content_type": "application/vnd.microsoft.appconfig.ff+json;charset=utf-8",
        "tags": {
          "a": "b"
        }
      },
      "StatusCode": 200,
      "ResponseHeaders": {
        "Access-Control-Allow-Origin": "*",
        "Connection": "keep-alive",
        "Content-Type": "application/vnd.microsoft.appconfig.kv+json; charset=utf-8",
        "Date": "Wed, 18 Jun 2025 17:48:08 GMT",
        "ETag": "\"_CVQxqwVCXewctO2yMIhLsK6s7sK7KqQIBzZc01g8lM\"",
        "Last-Modified": "Wed, 18 Jun 2025 17:48:08 GMT",
        "Strict-Transport-Security": "max-age=31536000; includeSubDomains",
        "Transfer-Encoding": "chunked",
        "x-ms-correlation-request-id": "e07c2a60-7af5-46fc-81b0-6f2379951eb0"
      },
      "ResponseBody": {
        "etag": "Sanitized",
        "key": ".appconfig.featureflag/TaggedFeatureFlag",
        "label": null,
        "content_type": "application/vnd.microsoft.appconfig.ff+json;charset=utf-8",
        "value": "{\t\"id\": \"TaggedFeatureFlag\", \"description\": \"\", \"enabled\": false, \"conditions\": {\t\"client_filters\": []\t}}",
        "tags": {
          "a": "b"
        },
        "locked": false,
        "last_modified": "2025-06-18T17:48:08+00:00"
      }
    },
    {
      "RequestUri": "https://Sanitized.azconfig.io/kv/multi_tagged?api-version=1970-01-01",
      "RequestMethod": "PUT",
      "RequestHeaders": {
        "Accept": "*/*",
        "Accept-Encoding": "gzip, deflate",
        "Connection": "keep-alive",
        "Content-Length": "133",
        "Content-Type": "application/json",
        "User-Agent": "azsdk-python-appconfiguration/1.7.2 Python/3.11.9 (Windows-10-10.0.26100-SP0)",
        "x-ms-content-sha256": "Sanitized",
        "x-ms-date": "Jun, 18 2025 17:48:08.863017 GMT"
      },
      "RequestBody": {
        "key": "multi_tagged",
        "label": "\u0000",
        "value": "multi tagged value",
        "content_type": "text/plain",
        "tags": {
          "a": "b",
          "c": "d"
        }
      },
      "StatusCode": 200,
      "ResponseHeaders": {
        "Access-Control-Allow-Origin": "*",
        "Connection": "keep-alive",
        "Content-Type": "application/vnd.microsoft.appconfig.kv+json; charset=utf-8",
        "Date": "Wed, 18 Jun 2025 17:48:08 GMT",
        "ETag": "\"uvGcfaK05izMgHENt796mk8B83TdgKyS5uBd0h7eEz0\"",
        "Last-Modified": "Wed, 18 Jun 2025 17:48:08 GMT",
        "Strict-Transport-Security": "max-age=31536000; includeSubDomains",
        "Transfer-Encoding": "chunked",
        "x-ms-correlation-request-id": "a4b202fc-232f-453a-8ffe-e719d1dfe02c"
      },
      "ResponseBody": {
        "etag": "Sanitized",
        "key": "multi_tagged",
        "label": null,
        "content_type": "text/plain",
        "value": "multi tagged value",
        "tags": {
          "a": "b",
          "c": "d"
        },
        "locked": false,
        "last_modified": "2025-06-18T17:48:08+00:00"
      }
    },
    {
      "RequestUri": "https://Sanitized.azconfig.io/kv/special_chars?api-version=1970-01-01",
      "RequestMethod": "PUT",
      "RequestHeaders": {
        "Accept": "*/*",
        "Accept-Encoding": "gzip, deflate",
        "Connection": "keep-alive",
        "Content-Length": "135",
        "Content-Type": "application/json",
        "User-Agent": "azsdk-python-appconfiguration/1.7.2 Python/3.11.9 (Windows-10-10.0.26100-SP0)",
        "x-ms-content-sha256": "Sanitized",
        "x-ms-date": "Jun, 18 2025 17:48:08.878641 GMT"
      },
      "RequestBody": {
        "key": "special_chars",
        "label": "\u0000",
        "value": "special",
        "content_type": "text/plain",
        "tags": {
          "special@tag": "special:value"
        }
      },
      "StatusCode": 429,
      "ResponseHeaders": {
        "Access-Control-Allow-Origin": "*",
        "Connection": "keep-alive",
        "Content-Type": "application/problem+json; charset=utf-8",
        "Date": "Wed, 18 Jun 2025 17:48:08 GMT",
        "retry-after-ms": "55",
        "Strict-Transport-Security": "max-age=31536000; includeSubDomains",
        "Transfer-Encoding": "chunked",
        "x-ms-correlation-request-id": "f2c42335-ad65-4e70-9b0b-6a57b96b16f2"
      },
      "ResponseBody": {
        "type": "https://azconfig.io/errors/too-many-requests",
        "title": "Resource utilization has surpassed the assigned quota",
        "policy": "Write Action Short Term",
        "status": 429
      }
    },
    {
      "RequestUri": "https://Sanitized.azconfig.io/kv/special_chars?api-version=1970-01-01",
      "RequestMethod": "PUT",
      "RequestHeaders": {
        "Accept": "*/*",
        "Accept-Encoding": "gzip, deflate",
        "Connection": "keep-alive",
        "Content-Length": "135",
        "Content-Type": "application/json",
        "User-Agent": "azsdk-python-appconfiguration/1.7.2 Python/3.11.9 (Windows-10-10.0.26100-SP0)",
        "x-ms-content-sha256": "Sanitized",
        "x-ms-date": "Jun, 18 2025 17:48:08.939497 GMT"
      },
      "RequestBody": {
        "key": "special_chars",
        "label": "\u0000",
        "value": "special",
        "content_type": "text/plain",
        "tags": {
          "special@tag": "special:value"
        }
      },
      "StatusCode": 200,
      "ResponseHeaders": {
        "Access-Control-Allow-Origin": "*",
        "Connection": "keep-alive",
        "Content-Type": "application/vnd.microsoft.appconfig.kv+json; charset=utf-8",
        "Date": "Wed, 18 Jun 2025 17:48:08 GMT",
        "ETag": "\"k-N86q_w0iSSH7AlIS8u6UnxIhp98NmyiDfy7ScoT9Y\"",
        "Last-Modified": "Wed, 18 Jun 2025 17:48:08 GMT",
        "Strict-Transport-Security": "max-age=31536000; includeSubDomains",
        "Transfer-Encoding": "chunked",
        "x-ms-correlation-request-id": "2f9695fb-389c-4944-bd86-b1ba6823f9f7"
      },
      "ResponseBody": {
        "etag": "Sanitized",
        "key": "special_chars",
        "label": null,
        "content_type": "text/plain",
        "value": "special",
        "tags": {
          "special@tag": "special:value"
        },
        "locked": false,
        "last_modified": "2025-06-18T17:48:08+00:00"
      }
    },
    {
      "RequestUri": "https://Sanitized.azconfig.io/kv/no_tags?api-version=1970-01-01",
      "RequestMethod": "PUT",
      "RequestHeaders": {
        "Accept": "*/*",
        "Accept-Encoding": "gzip, deflate",
        "Connection": "keep-alive",
        "Content-Length": "87",
        "Content-Type": "application/json",
        "User-Agent": "azsdk-python-appconfiguration/1.7.2 Python/3.11.9 (Windows-10-10.0.26100-SP0)",
        "x-ms-content-sha256": "Sanitized",
        "x-ms-date": "Jun, 18 2025 17:48:08.954531 GMT"
      },
      "RequestBody": {
        "key": "no_tags",
        "label": "\u0000",
        "value": "no tags",
        "content_type": "text/plain"
      },
      "StatusCode": 429,
      "ResponseHeaders": {
        "Access-Control-Allow-Origin": "*",
        "Connection": "keep-alive",
        "Content-Type": "application/problem+json; charset=utf-8",
        "Date": "Wed, 18 Jun 2025 17:48:08 GMT",
        "retry-after-ms": "55",
        "Strict-Transport-Security": "max-age=31536000; includeSubDomains",
        "Transfer-Encoding": "chunked",
        "x-ms-correlation-request-id": "241cf5a6-6f70-44f4-a9de-cebb7af5fb5d"
      },
      "ResponseBody": {
        "type": "https://azconfig.io/errors/too-many-requests",
        "title": "Resource utilization has surpassed the assigned quota",
        "policy": "Write Action Short Term",
        "status": 429
      }
    },
    {
      "RequestUri": "https://Sanitized.azconfig.io/kv/no_tags?api-version=1970-01-01",
      "RequestMethod": "PUT",
      "RequestHeaders": {
        "Accept": "*/*",
        "Accept-Encoding": "gzip, deflate",
        "Connection": "keep-alive",
        "Content-Length": "87",
        "Content-Type": "application/json",
        "User-Agent": "azsdk-python-appconfiguration/1.7.2 Python/3.11.9 (Windows-10-10.0.26100-SP0)",
        "x-ms-content-sha256": "Sanitized",
        "x-ms-date": "Jun, 18 2025 17:48:09.015441 GMT"
      },
      "RequestBody": {
        "key": "no_tags",
        "label": "\u0000",
        "value": "no tags",
        "content_type": "text/plain"
      },
      "StatusCode": 200,
      "ResponseHeaders": {
        "Access-Control-Allow-Origin": "*",
        "Connection": "keep-alive",
        "Content-Type": "application/vnd.microsoft.appconfig.kv+json; charset=utf-8",
        "Date": "Wed, 18 Jun 2025 17:48:09 GMT",
        "ETag": "\"Zukxc9rzwMeXass1s2N1as9CeOIY2SDNO1I-qDSKE7Q\"",
        "Last-Modified": "Wed, 18 Jun 2025 17:48:08 GMT",
        "Strict-Transport-Security": "max-age=31536000; includeSubDomains",
        "Transfer-Encoding": "chunked",
        "x-ms-correlation-request-id": "6e02784b-686c-4619-a380-67ae5437fe88"
      },
      "ResponseBody": {
        "etag": "Sanitized",
        "key": "no_tags",
        "label": null,
        "content_type": "text/plain",
        "value": "no tags",
        "tags": {},
        "locked": false,
        "last_modified": "2025-06-18T17:48:08+00:00"
      }
    },
    {
      "RequestUri": "https://Sanitized.azconfig.io/kv/tag_no_value?api-version=1970-01-01",
      "RequestMethod": "PUT",
      "RequestHeaders": {
        "Accept": "*/*",
        "Accept-Encoding": "gzip, deflate",
        "Connection": "keep-alive",
        "Content-Length": "112",
        "Content-Type": "application/json",
        "User-Agent": "azsdk-python-appconfiguration/1.7.2 Python/3.11.9 (Windows-10-10.0.26100-SP0)",
        "x-ms-content-sha256": "Sanitized",
        "x-ms-date": "Jun, 18 2025 17:48:09.032805 GMT"
      },
      "RequestBody": {
        "key": "tag_no_value",
        "label": "\u0000",
        "value": "no value",
        "content_type": "text/plain",
        "tags": {
          "a": ""
        }
      },
      "StatusCode": 200,
      "ResponseHeaders": {
        "Access-Control-Allow-Origin": "*",
        "Connection": "keep-alive",
        "Content-Type": "application/vnd.microsoft.appconfig.kv+json; charset=utf-8",
        "Date": "Wed, 18 Jun 2025 17:48:09 GMT",
        "ETag": "\"2r8dJSqwFq46cIb2MumIpqBWBgQUv6KdiV14T-O5Jlc\"",
        "Last-Modified": "Wed, 18 Jun 2025 17:48:09 GMT",
        "Strict-Transport-Security": "max-age=31536000; includeSubDomains",
        "Transfer-Encoding": "chunked",
        "x-ms-correlation-request-id": "c532aaef-e5d9-404f-a79b-a70fea9a7e11"
      },
      "ResponseBody": {
        "etag": "Sanitized",
        "key": "tag_no_value",
        "label": null,
        "content_type": "text/plain",
        "value": "no value",
        "tags": {
          "a": ""
        },
        "locked": false,
        "last_modified": "2025-06-18T17:48:09+00:00"
      }
    },
    {
      "RequestUri": "https://Sanitized.azconfig.io/kv/different_tag?api-version=1970-01-01",
      "RequestMethod": "PUT",
      "RequestHeaders": {
        "Accept": "*/*",
        "Accept-Encoding": "gzip, deflate",
        "Connection": "keep-alive",
        "Content-Length": "125",
        "Content-Type": "application/json",
        "User-Agent": "azsdk-python-appconfiguration/1.7.2 Python/3.11.9 (Windows-10-10.0.26100-SP0)",
        "x-ms-content-sha256": "Sanitized",
        "x-ms-date": "Jun, 18 2025 17:48:09.048819 GMT"
      },
      "RequestBody": {
        "key": "different_tag",
        "label": "\u0000",
        "value": "different",
        "content_type": "text/plain",
        "tags": {
          "different": "tag"
        }
      },
      "StatusCode": 429,
      "ResponseHeaders": {
        "Access-Control-Allow-Origin": "*",
        "Connection": "keep-alive",
        "Content-Type": "application/problem+json; charset=utf-8",
        "Date": "Wed, 18 Jun 2025 17:48:09 GMT",
        "retry-after-ms": "55",
        "Strict-Transport-Security": "max-age=31536000; includeSubDomains",
        "Transfer-Encoding": "chunked",
        "x-ms-correlation-request-id": "bb817375-887c-42b7-90b4-85947d582f40"
      },
      "ResponseBody": {
        "type": "https://azconfig.io/errors/too-many-requests",
        "title": "Resource utilization has surpassed the assigned quota",
        "policy": "Write Action Short Term",
        "status": 429
      }
    },
    {
      "RequestUri": "https://Sanitized.azconfig.io/kv/different_tag?api-version=1970-01-01",
      "RequestMethod": "PUT",
      "RequestHeaders": {
        "Accept": "*/*",
        "Accept-Encoding": "gzip, deflate",
        "Connection": "keep-alive",
        "Content-Length": "125",
        "Content-Type": "application/json",
        "User-Agent": "azsdk-python-appconfiguration/1.7.2 Python/3.11.9 (Windows-10-10.0.26100-SP0)",
        "x-ms-content-sha256": "Sanitized",
        "x-ms-date": "Jun, 18 2025 17:48:09.110119 GMT"
      },
      "RequestBody": {
        "key": "different_tag",
        "label": "\u0000",
        "value": "different",
        "content_type": "text/plain",
        "tags": {
          "different": "tag"
        }
      },
      "StatusCode": 200,
      "ResponseHeaders": {
        "Access-Control-Allow-Origin": "*",
        "Connection": "keep-alive",
        "Content-Type": "application/vnd.microsoft.appconfig.kv+json; charset=utf-8",
        "Date": "Wed, 18 Jun 2025 17:48:09 GMT",
        "ETag": "\"YZAUqQoOxJ_a276nH-lhmwI2lgSFTlMJAKqsz_z273o\"",
        "Last-Modified": "Wed, 18 Jun 2025 17:48:09 GMT",
        "Strict-Transport-Security": "max-age=31536000; includeSubDomains",
        "Transfer-Encoding": "chunked",
        "x-ms-correlation-request-id": "bbcc8789-8921-45a5-8bcd-44282bad43eb"
      },
      "ResponseBody": {
        "etag": "Sanitized",
        "key": "different_tag",
        "label": null,
        "content_type": "text/plain",
        "value": "different",
        "tags": {
          "different": "tag"
        },
        "locked": false,
        "last_modified": "2025-06-18T17:48:09+00:00"
      }
    },
    {
      "RequestUri": "https://Sanitized.azconfig.io/kv/secret?api-version=1970-01-01",
      "RequestMethod": "PUT",
      "RequestHeaders": {
        "Accept": "*/*",
        "Accept-Encoding": "gzip, deflate",
        "Connection": "keep-alive",
        "Content-Length": "201",
        "Content-Type": "application/json",
        "User-Agent": "azsdk-python-appconfiguration/1.7.2 Python/3.11.9 (Windows-10-10.0.26100-SP0)",
        "x-ms-content-sha256": "Sanitized",
        "x-ms-date": "Jun, 18 2025 17:48:09.127790 GMT"
      },
      "RequestBody": {
        "key": "secret",
        "label": "prod",
        "value": "{\"uri\":\"https://Sanitized.vault.azure.net/secrets/fake-secret/\"}",
        "content_type": "application/vnd.microsoft.appconfig.keyvaultref+json;charset=utf-8"
      },
      "StatusCode": 429,
      "ResponseHeaders": {
        "Access-Control-Allow-Origin": "*",
        "Connection": "keep-alive",
        "Content-Type": "application/problem+json; charset=utf-8",
        "Date": "Wed, 18 Jun 2025 17:48:09 GMT",
        "retry-after-ms": "55",
        "Strict-Transport-Security": "max-age=31536000; includeSubDomains",
        "Transfer-Encoding": "chunked",
        "x-ms-correlation-request-id": "1fb8dbc0-8a39-41c8-93c6-664700c174d3"
      },
      "ResponseBody": {
        "type": "https://azconfig.io/errors/too-many-requests",
        "title": "Resource utilization has surpassed the assigned quota",
        "policy": "Write Action Short Term",
        "status": 429
      }
    },
    {
      "RequestUri": "https://Sanitized.azconfig.io/kv/secret?api-version=1970-01-01",
      "RequestMethod": "PUT",
      "RequestHeaders": {
        "Accept": "*/*",
        "Accept-Encoding": "gzip, deflate",
        "Connection": "keep-alive",
        "Content-Length": "201",
        "Content-Type": "application/json",
        "User-Agent": "azsdk-python-appconfiguration/1.7.2 Python/3.11.9 (Windows-10-10.0.26100-SP0)",
        "x-ms-content-sha256": "Sanitized",
        "x-ms-date": "Jun, 18 2025 17:48:09.188796 GMT"
      },
      "RequestBody": {
        "key": "secret",
        "label": "prod",
        "value": "{\"uri\":\"https://Sanitized.vault.azure.net/secrets/fake-secret/\"}",
        "content_type": "application/vnd.microsoft.appconfig.keyvaultref+json;charset=utf-8"
      },
      "StatusCode": 200,
      "ResponseHeaders": {
        "Access-Control-Allow-Origin": "*",
        "Connection": "keep-alive",
        "Content-Type": "application/vnd.microsoft.appconfig.kv+json; charset=utf-8",
        "Date": "Wed, 18 Jun 2025 17:48:09 GMT",
        "ETag": "\"1tputSy6epD5T7wlNMsT-S6eBinetFXowwLxjdTHH7s\"",
        "Last-Modified": "Wed, 18 Jun 2025 17:48:09 GMT",
        "Strict-Transport-Security": "max-age=31536000; includeSubDomains",
        "Transfer-Encoding": "chunked",
        "x-ms-correlation-request-id": "159b48c7-9856-4c38-9176-dddca199ff5f"
      },
      "ResponseBody": {
        "etag": "Sanitized",
        "key": "secret",
        "label": "prod",
        "content_type": "application/vnd.microsoft.appconfig.keyvaultref+json;charset=utf-8",
        "value": "{\"uri\":\"https://Sanitized.vault.azure.net/secrets/fake-secret/\"}",
        "tags": {},
        "locked": false,
        "last_modified": "2025-06-18T17:48:09+00:00"
      }
    },
    {
      "RequestUri": "https://Sanitized.azconfig.io/kv?api-version=1970-01-01",
      "RequestMethod": "GET",
      "RequestHeaders": {
        "Accept": "*/*",
        "Accept-Encoding": "gzip, deflate",
        "Connection": "keep-alive",
        "User-Agent": "SDK/Integration SDK/Integration python-appconfiguration-provider/2.1.1 azsdk-python-appconfiguration/1.7.2 Python/3.11.9 (Windows-10-10.0.26100-SP0)",
        "x-ms-content-sha256": "Sanitized",
        "x-ms-date": "Jun, 18 2025 17:48:09.236515 GMT"
      },
      "RequestBody": null,
      "StatusCode": 200,
      "ResponseHeaders": {
        "Access-Control-Allow-Origin": "*",
        "Connection": "keep-alive",
        "Content-Type": "application/vnd.microsoft.appconfig.kvset+json; charset=utf-8",
        "Date": "Wed, 18 Jun 2025 17:48:09 GMT",
        "ETag": "\"U-qH9pzk4W1s65xk77YsH_D-CufjGiGVWIysy2LHCtI\"",
        "Strict-Transport-Security": "max-age=31536000; includeSubDomains",
        "Transfer-Encoding": "chunked",
        "x-ms-correlation-request-id": "935469d9-4b89-4f93-a57d-128aaf69509b"
      },
      "ResponseBody": {
        "etag": "Sanitized",
        "items": [
          {
            "etag": "Sanitized",
            "key": "secret",
            "label": "prod",
            "content_type": "application/vnd.microsoft.appconfig.keyvaultref+json;charset=utf-8",
            "value": "{\"uri\":\"https://Sanitized.vault.azure.net/secrets/fake-secret/\"}",
            "tags": {},
            "locked": false,
            "last_modified": "2025-06-18T17:48:09+00:00"
          }
        ]
      }
    },
    {
      "RequestUri": "https://Sanitized.vault.azure.net/secrets/fake-secret/?api-version=1970-01-01",
      "RequestMethod": "GET",
      "RequestHeaders": {
        "Accept": "application/json",
        "Accept-Encoding": "gzip, deflate",
        "Connection": "keep-alive",
        "User-Agent": "azsdk-python-keyvault-secrets/4.9.0 Python/3.11.9 (Windows-10-10.0.26100-SP0)"
      },
      "RequestBody": null,
      "StatusCode": 200,
      "ResponseHeaders": {
        "Cache-Control": "no-cache",
        "Content-Length": "266",
        "Content-Type": "application/json; charset=utf-8",
        "Date": "Wed, 18 Jun 2025 17:48:10 GMT",
        "Expires": "-1",
        "Pragma": "no-cache",
        "Strict-Transport-Security": "max-age=31536000;includeSubDomains",
        "X-Content-Type-Options": "nosniff",
        "x-ms-keyvault-network-info": "conn_type=Ipv4;addr=70.37.26.131;act_addr_fam=InterNetwork;",
        "x-ms-keyvault-region": "northcentralus",
        "x-ms-keyvault-service-version": "1.9.2497.1"
      },
      "ResponseBody": {
        "value": "Very secret value",
        "id": "https://Sanitized.vault.azure.net/secrets/fake-secret/30d8830ec5ed4a428d311292a826f452",
        "attributes": {
          "enabled": true,
          "created": 1697584056,
          "updated": 1697584056,
          "recoveryLevel": "Recoverable+Purgeable",
          "recoverableDays": 90
        },
        "tags": {}
      }
    }
  ],
  "Variables": {}
}
