{
  "Entries": [
    {
      "RequestUri": "https://fake-endpoint.azconfig.io/kv/message?label=%00\u0026api-version=1970-01-01",
      "RequestMethod": "PUT",
      "RequestHeaders": {
        "Accept": "application/vnd.microsoft.appconfig.kv\u002Bjson, application/problem\u002Bjson",
        "Accept-Encoding": "gzip, deflate",
        "Connection": "keep-alive",
        "Content-Length": "94",
        "Content-Type": "application/json",
        "User-Agent": "azsdk-python-appconfiguration/1.5.0b3 Python/3.10.11 (Windows-10-10.0.22621-SP0)",
        "x-ms-content-sha256": "sO17\u002B9LRBGRK6Jc1aomgtjKe6Q6xOKfaGzzF\u002BAgFzgI=",
        "x-ms-date": "Aug, 28 2023 21:51:49.196356 GMT"
      },
      "RequestBody": {
        "key": "message",
        "label": "\u0000",
        "content_type": "text/plain",
        "value": "hi",
        "tags": {}
      },
      "StatusCode": 200,
      "ResponseHeaders": {
        "Access-Control-Allow-Credentials": "true",
        "Access-Control-Allow-Headers": "DNT, X-CustomHeader, Keep-Alive, User-Agent, X-Requested-With, If-Modified-Since, Cache-Control, Content-Type, Authorization, x-ms-client-request-id, x-ms-useragent, x-ms-content-sha256, x-ms-date, host, Accept, Accept-Datetime, Date, If-Match, If-None-Match, Sync-Token, x-ms-return-client-request-id, ETag, Last-Modified, Link, Memento-Datetime, retry-after-ms, x-ms-request-id, x-ms-client-session-id, x-ms-effective-locale, WWW-Authenticate, traceparent, tracestate",
        "Access-Control-Allow-Methods": "GET, PUT, POST, DELETE, PATCH, OPTIONS",
        "Access-Control-Allow-Origin": "*",
        "Access-Control-Expose-Headers": "DNT, X-CustomHeader, Keep-Alive, User-Agent, X-Requested-With, If-Modified-Since, Cache-Control, Content-Type, Authorization, x-ms-client-request-id, x-ms-useragent, x-ms-content-sha256, x-ms-date, host, Accept, Accept-Datetime, Date, If-Match, If-None-Match, Sync-Token, x-ms-return-client-request-id, ETag, Last-Modified, Link, Memento-Datetime, retry-after-ms, x-ms-request-id, x-ms-client-session-id, x-ms-effective-locale, WWW-Authenticate, traceparent, tracestate, operation-location",
        "Access-Control-Max-Age": "1728000",
        "Connection": "keep-alive",
        "Content-Type": "application/vnd.microsoft.appconfig.kv\u002Bjson; charset=utf-8",
        "Date": "Mon, 28 Aug 2023 21:51:50 GMT",
        "ETag": "\u0022SW_N8vN22X2EDidJRscxFS5exQ87XWYf5OUMFZ0hi7I\u0022",
        "Last-Modified": "Mon, 28 Aug 2023 21:51:50 GMT",
        "Strict-Transport-Security": "max-age=15724800; includeSubDomains",
        "Sync-Token": "zAJw6V16=Njo1IzE4OTM2ODU5;sn=18936859",
        "Transfer-Encoding": "chunked",
        "x-ms-correlation-request-id": "119d81eb-5e9d-4d18-ba91-1ba8119d3c65",
        "x-ms-resource-group": "rg-appconfigtests4",
        "x-ms-subscription-id": "77d5ab06-7edd-4eec-bce9-52c11b75bb37",
        "x-ms-tenant-name": "appconfigtests4-azconfig-python"
      },
      "ResponseBody": {
        "etag": "SW_N8vN22X2EDidJRscxFS5exQ87XWYf5OUMFZ0hi7I",
        "key": "message",
        "label": null,
        "content_type": "text/plain",
        "value": "hi",
        "tags": {},
        "locked": false,
        "last_modified": "2023-08-28T21:51:50\u002B00:00"
      }
    },
    {
      "RequestUri": "https://fake-endpoint.azconfig.io/kv/message?label=dev\u0026api-version=1970-01-01",
      "RequestMethod": "PUT",
      "RequestHeaders": {
        "Accept": "application/vnd.microsoft.appconfig.kv\u002Bjson, application/problem\u002Bjson",
        "Accept-Encoding": "gzip, deflate",
        "Connection": "keep-alive",
        "Content-Length": "93",
        "Content-Type": "application/json",
        "Sync-Token": "zAJw6V16=Njo1IzE4OTM2ODU5",
        "User-Agent": "azsdk-python-appconfiguration/1.5.0b3 Python/3.10.11 (Windows-10-10.0.22621-SP0)",
        "x-ms-content-sha256": "ldGB\u002ByUbceFogwKdiFLhKcjPyA4zVY7Rq2L/lmgPr/8=",
        "x-ms-date": "Aug, 28 2023 21:51:49.252751 GMT"
      },
      "RequestBody": {
        "key": "message",
        "label": "dev",
        "content_type": "text/plain",
        "value": "test",
        "tags": {}
      },
      "StatusCode": 200,
      "ResponseHeaders": {
        "Access-Control-Allow-Credentials": "true",
        "Access-Control-Allow-Headers": "DNT, X-CustomHeader, Keep-Alive, User-Agent, X-Requested-With, If-Modified-Since, Cache-Control, Content-Type, Authorization, x-ms-client-request-id, x-ms-useragent, x-ms-content-sha256, x-ms-date, host, Accept, Accept-Datetime, Date, If-Match, If-None-Match, Sync-Token, x-ms-return-client-request-id, ETag, Last-Modified, Link, Memento-Datetime, retry-after-ms, x-ms-request-id, x-ms-client-session-id, x-ms-effective-locale, WWW-Authenticate, traceparent, tracestate",
        "Access-Control-Allow-Methods": "GET, PUT, POST, DELETE, PATCH, OPTIONS",
        "Access-Control-Allow-Origin": "*",
        "Access-Control-Expose-Headers": "DNT, X-CustomHeader, Keep-Alive, User-Agent, X-Requested-With, If-Modified-Since, Cache-Control, Content-Type, Authorization, x-ms-client-request-id, x-ms-useragent, x-ms-content-sha256, x-ms-date, host, Accept, Accept-Datetime, Date, If-Match, If-None-Match, Sync-Token, x-ms-return-client-request-id, ETag, Last-Modified, Link, Memento-Datetime, retry-after-ms, x-ms-request-id, x-ms-client-session-id, x-ms-effective-locale, WWW-Authenticate, traceparent, tracestate, operation-location",
        "Access-Control-Max-Age": "1728000",
        "Connection": "keep-alive",
        "Content-Type": "application/vnd.microsoft.appconfig.kv\u002Bjson; charset=utf-8",
        "Date": "Mon, 28 Aug 2023 21:51:50 GMT",
        "ETag": "\u0022ugdrUyHf5j7FgCc3dkBnfP8ENf9ySLX7fWpPOS9Atw4\u0022",
        "Last-Modified": "Mon, 28 Aug 2023 21:51:50 GMT",
        "Strict-Transport-Security": "max-age=15724800; includeSubDomains",
        "Sync-Token": "zAJw6V16=Njo1IzE4OTM2ODYx;sn=18936861",
        "Transfer-Encoding": "chunked",
        "x-ms-correlation-request-id": "a6c9595a-972f-407c-bbf5-9a1f83962039",
        "x-ms-resource-group": "rg-appconfigtests4",
        "x-ms-subscription-id": "77d5ab06-7edd-4eec-bce9-52c11b75bb37",
        "x-ms-tenant-name": "appconfigtests4-azconfig-python"
      },
      "ResponseBody": {
        "etag": "ugdrUyHf5j7FgCc3dkBnfP8ENf9ySLX7fWpPOS9Atw4",
        "key": "message",
        "label": "dev",
        "content_type": "text/plain",
        "value": "test",
        "tags": {},
        "locked": false,
        "last_modified": "2023-08-28T21:51:50\u002B00:00"
      }
    },
    {
      "RequestUri": "https://fake-endpoint.azconfig.io/kv/my_json?label=%00\u0026api-version=1970-01-01",
      "RequestMethod": "PUT",
      "RequestHeaders": {
        "Accept": "application/vnd.microsoft.appconfig.kv\u002Bjson, application/problem\u002Bjson",
        "Accept-Encoding": "gzip, deflate",
        "Connection": "keep-alive",
        "Content-Length": "118",
        "Content-Type": "application/json",
        "Sync-Token": "zAJw6V16=Njo1IzE4OTM2ODYx",
        "User-Agent": "azsdk-python-appconfiguration/1.5.0b3 Python/3.10.11 (Windows-10-10.0.22621-SP0)",
        "x-ms-content-sha256": "hCwkkESt4FMkocISzVr\u002Bsa5KgTtCgv2\u002B3ps1kcPne0Y=",
        "x-ms-date": "Aug, 28 2023 21:51:49.293781 GMT"
      },
      "RequestBody": {
        "key": "my_json",
        "label": "\u0000",
        "content_type": "application/json",
        "value": "{\u0022key\u0022: \u0022value\u0022}",
        "tags": {}
      },
      "StatusCode": 200,
      "ResponseHeaders": {
        "Access-Control-Allow-Credentials": "true",
        "Access-Control-Allow-Headers": "DNT, X-CustomHeader, Keep-Alive, User-Agent, X-Requested-With, If-Modified-Since, Cache-Control, Content-Type, Authorization, x-ms-client-request-id, x-ms-useragent, x-ms-content-sha256, x-ms-date, host, Accept, Accept-Datetime, Date, If-Match, If-None-Match, Sync-Token, x-ms-return-client-request-id, ETag, Last-Modified, Link, Memento-Datetime, retry-after-ms, x-ms-request-id, x-ms-client-session-id, x-ms-effective-locale, WWW-Authenticate, traceparent, tracestate",
        "Access-Control-Allow-Methods": "GET, PUT, POST, DELETE, PATCH, OPTIONS",
        "Access-Control-Allow-Origin": "*",
        "Access-Control-Expose-Headers": "DNT, X-CustomHeader, Keep-Alive, User-Agent, X-Requested-With, If-Modified-Since, Cache-Control, Content-Type, Authorization, x-ms-client-request-id, x-ms-useragent, x-ms-content-sha256, x-ms-date, host, Accept, Accept-Datetime, Date, If-Match, If-None-Match, Sync-Token, x-ms-return-client-request-id, ETag, Last-Modified, Link, Memento-Datetime, retry-after-ms, x-ms-request-id, x-ms-client-session-id, x-ms-effective-locale, WWW-Authenticate, traceparent, tracestate, operation-location",
        "Access-Control-Max-Age": "1728000",
        "Connection": "keep-alive",
        "Content-Type": "application/vnd.microsoft.appconfig.kv\u002Bjson; charset=utf-8",
        "Date": "Mon, 28 Aug 2023 21:51:50 GMT",
        "ETag": "\u0022LQ4puvjGf95jt08hV27utYohHVhYqrRRGbwD9T-xCAc\u0022",
        "Last-Modified": "Mon, 28 Aug 2023 21:51:50 GMT",
        "Strict-Transport-Security": "max-age=15724800; includeSubDomains",
        "Sync-Token": "zAJw6V16=Njo1IzE4OTM2ODYz;sn=18936863",
        "Transfer-Encoding": "chunked",
        "x-ms-correlation-request-id": "54dbb616-6a78-4d22-b953-bc46adad02b9",
        "x-ms-resource-group": "rg-appconfigtests4",
        "x-ms-subscription-id": "77d5ab06-7edd-4eec-bce9-52c11b75bb37",
        "x-ms-tenant-name": "appconfigtests4-azconfig-python"
      },
      "ResponseBody": {
        "etag": "LQ4puvjGf95jt08hV27utYohHVhYqrRRGbwD9T-xCAc",
        "key": "my_json",
        "label": null,
        "content_type": "application/json",
        "value": "{\u0022key\u0022: \u0022value\u0022}",
        "tags": {},
        "locked": false,
        "last_modified": "2023-08-28T21:51:50\u002B00:00"
      }
    },
    {
      "RequestUri": "https://fake-endpoint.azconfig.io/kv/test.trimmed?label=%00\u0026api-version=1970-01-01",
      "RequestMethod": "PUT",
      "RequestHeaders": {
        "Accept": "application/vnd.microsoft.appconfig.kv\u002Bjson, application/problem\u002Bjson",
        "Accept-Encoding": "gzip, deflate",
        "Connection": "keep-alive",
        "Content-Length": "100",
        "Content-Type": "application/json",
        "Sync-Token": "zAJw6V16=Njo1IzE4OTM2ODYz",
        "User-Agent": "azsdk-python-appconfiguration/1.5.0b3 Python/3.10.11 (Windows-10-10.0.22621-SP0)",
        "x-ms-content-sha256": "Ywo75Z4ndghuA5lejndpeBTNSici7Vx8O0CCZLlhiAU=",
        "x-ms-date": "Aug, 28 2023 21:51:49.340655 GMT"
      },
      "RequestBody": {
        "key": "test.trimmed",
        "label": "\u0000",
        "content_type": "text/plain",
        "value": "key",
        "tags": {}
      },
      "StatusCode": 200,
      "ResponseHeaders": {
        "Access-Control-Allow-Credentials": "true",
        "Access-Control-Allow-Headers": "DNT, X-CustomHeader, Keep-Alive, User-Agent, X-Requested-With, If-Modified-Since, Cache-Control, Content-Type, Authorization, x-ms-client-request-id, x-ms-useragent, x-ms-content-sha256, x-ms-date, host, Accept, Accept-Datetime, Date, If-Match, If-None-Match, Sync-Token, x-ms-return-client-request-id, ETag, Last-Modified, Link, Memento-Datetime, retry-after-ms, x-ms-request-id, x-ms-client-session-id, x-ms-effective-locale, WWW-Authenticate, traceparent, tracestate",
        "Access-Control-Allow-Methods": "GET, PUT, POST, DELETE, PATCH, OPTIONS",
        "Access-Control-Allow-Origin": "*",
        "Access-Control-Expose-Headers": "DNT, X-CustomHeader, Keep-Alive, User-Agent, X-Requested-With, If-Modified-Since, Cache-Control, Content-Type, Authorization, x-ms-client-request-id, x-ms-useragent, x-ms-content-sha256, x-ms-date, host, Accept, Accept-Datetime, Date, If-Match, If-None-Match, Sync-Token, x-ms-return-client-request-id, ETag, Last-Modified, Link, Memento-Datetime, retry-after-ms, x-ms-request-id, x-ms-client-session-id, x-ms-effective-locale, WWW-Authenticate, traceparent, tracestate, operation-location",
        "Access-Control-Max-Age": "1728000",
        "Connection": "keep-alive",
        "Content-Type": "application/vnd.microsoft.appconfig.kv\u002Bjson; charset=utf-8",
        "Date": "Mon, 28 Aug 2023 21:51:50 GMT",
        "ETag": "\u0022GhWYyM0c-spkeIK8D_WD2ZtTjtRua3rloPzNcEu_Q-M\u0022",
        "Last-Modified": "Mon, 28 Aug 2023 21:51:50 GMT",
        "Strict-Transport-Security": "max-age=15724800; includeSubDomains",
        "Sync-Token": "zAJw6V16=Njo1IzE4OTM2ODY1;sn=18936865",
        "Transfer-Encoding": "chunked",
        "x-ms-correlation-request-id": "3e2b8526-00a3-4a32-9b01-2a3b145233ca",
        "x-ms-resource-group": "rg-appconfigtests4",
        "x-ms-subscription-id": "77d5ab06-7edd-4eec-bce9-52c11b75bb37",
        "x-ms-tenant-name": "appconfigtests4-azconfig-python"
      },
      "ResponseBody": {
        "etag": "GhWYyM0c-spkeIK8D_WD2ZtTjtRua3rloPzNcEu_Q-M",
        "key": "test.trimmed",
        "label": null,
        "content_type": "text/plain",
        "value": "key",
        "tags": {},
        "locked": false,
        "last_modified": "2023-08-28T21:51:50\u002B00:00"
      }
    },
    {
      "RequestUri": "https://fake-endpoint.azconfig.io/kv/refresh_message?label=%00\u0026api-version=1970-01-01",
      "RequestMethod": "PUT",
      "RequestHeaders": {
        "Accept": "application/vnd.microsoft.appconfig.kv\u002Bjson, application/problem\u002Bjson",
        "Accept-Encoding": "gzip, deflate",
        "Connection": "keep-alive",
        "Content-Length": "114",
        "Content-Type": "application/json",
        "Sync-Token": "zAJw6V16=Njo1IzE4OTM2ODY1",
        "User-Agent": "azsdk-python-appconfiguration/1.5.0b3 Python/3.10.11 (Windows-10-10.0.22621-SP0)",
        "x-ms-content-sha256": "4EMTpW5DNMgb2ILWshR8NZeWRRkMcPLFDtd0erEayyY=",
        "x-ms-date": "Aug, 28 2023 21:51:49.387206 GMT"
      },
      "RequestBody": {
        "key": "refresh_message",
        "label": "\u0000",
        "content_type": "text/plain",
        "value": "original value",
        "tags": {}
      },
      "StatusCode": 200,
      "ResponseHeaders": {
        "Access-Control-Allow-Credentials": "true",
        "Access-Control-Allow-Headers": "DNT, X-CustomHeader, Keep-Alive, User-Agent, X-Requested-With, If-Modified-Since, Cache-Control, Content-Type, Authorization, x-ms-client-request-id, x-ms-useragent, x-ms-content-sha256, x-ms-date, host, Accept, Accept-Datetime, Date, If-Match, If-None-Match, Sync-Token, x-ms-return-client-request-id, ETag, Last-Modified, Link, Memento-Datetime, retry-after-ms, x-ms-request-id, x-ms-client-session-id, x-ms-effective-locale, WWW-Authenticate, traceparent, tracestate",
        "Access-Control-Allow-Methods": "GET, PUT, POST, DELETE, PATCH, OPTIONS",
        "Access-Control-Allow-Origin": "*",
        "Access-Control-Expose-Headers": "DNT, X-CustomHeader, Keep-Alive, User-Agent, X-Requested-With, If-Modified-Since, Cache-Control, Content-Type, Authorization, x-ms-client-request-id, x-ms-useragent, x-ms-content-sha256, x-ms-date, host, Accept, Accept-Datetime, Date, If-Match, If-None-Match, Sync-Token, x-ms-return-client-request-id, ETag, Last-Modified, Link, Memento-Datetime, retry-after-ms, x-ms-request-id, x-ms-client-session-id, x-ms-effective-locale, WWW-Authenticate, traceparent, tracestate, operation-location",
        "Access-Control-Max-Age": "1728000",
        "Connection": "keep-alive",
        "Content-Type": "application/vnd.microsoft.appconfig.kv\u002Bjson; charset=utf-8",
        "Date": "Mon, 28 Aug 2023 21:51:50 GMT",
        "ETag": "\u0022BFeuG-_F_ELGw74CdUBwb73zmW3dA44HSJGgNYnM8AE\u0022",
        "Last-Modified": "Mon, 28 Aug 2023 21:51:50 GMT",
        "Strict-Transport-Security": "max-age=15724800; includeSubDomains",
        "Sync-Token": "zAJw6V16=Njo1IzE4OTM2ODY3;sn=18936867",
        "Transfer-Encoding": "chunked",
        "x-ms-correlation-request-id": "548d9d55-1a05-4d35-be77-8a62bd8a99e5",
        "x-ms-resource-group": "rg-appconfigtests4",
        "x-ms-subscription-id": "77d5ab06-7edd-4eec-bce9-52c11b75bb37",
        "x-ms-tenant-name": "appconfigtests4-azconfig-python"
      },
      "ResponseBody": {
        "etag": "BFeuG-_F_ELGw74CdUBwb73zmW3dA44HSJGgNYnM8AE",
        "key": "refresh_message",
        "label": null,
        "content_type": "text/plain",
        "value": "original value",
        "tags": {},
        "locked": false,
        "last_modified": "2023-08-28T21:51:50\u002B00:00"
      }
    },
    {
      "RequestUri": "https://fake-endpoint.azconfig.io/kv/non_refreshed_message?label=%00\u0026api-version=1970-01-01",
      "RequestMethod": "PUT",
      "RequestHeaders": {
        "Accept": "application/vnd.microsoft.appconfig.kv\u002Bjson, application/problem\u002Bjson",
        "Accept-Encoding": "gzip, deflate",
        "Connection": "keep-alive",
        "Content-Length": "112",
        "Content-Type": "application/json",
        "Sync-Token": "zAJw6V16=Njo1IzE4OTM2ODY3",
        "User-Agent": "azsdk-python-appconfiguration/1.5.0b3 Python/3.10.11 (Windows-10-10.0.22621-SP0)",
        "x-ms-content-sha256": "3h8i3k16yOCNVm4UxG/aSBBCn2CiyBhO4M3AdIWkWFI=",
        "x-ms-date": "Aug, 28 2023 21:51:49.434069 GMT"
      },
      "RequestBody": {
        "key": "non_refreshed_message",
        "label": "\u0000",
        "content_type": "text/plain",
        "value": "Static",
        "tags": {}
      },
      "StatusCode": 200,
      "ResponseHeaders": {
        "Access-Control-Allow-Credentials": "true",
        "Access-Control-Allow-Headers": "DNT, X-CustomHeader, Keep-Alive, User-Agent, X-Requested-With, If-Modified-Since, Cache-Control, Content-Type, Authorization, x-ms-client-request-id, x-ms-useragent, x-ms-content-sha256, x-ms-date, host, Accept, Accept-Datetime, Date, If-Match, If-None-Match, Sync-Token, x-ms-return-client-request-id, ETag, Last-Modified, Link, Memento-Datetime, retry-after-ms, x-ms-request-id, x-ms-client-session-id, x-ms-effective-locale, WWW-Authenticate, traceparent, tracestate",
        "Access-Control-Allow-Methods": "GET, PUT, POST, DELETE, PATCH, OPTIONS",
        "Access-Control-Allow-Origin": "*",
        "Access-Control-Expose-Headers": "DNT, X-CustomHeader, Keep-Alive, User-Agent, X-Requested-With, If-Modified-Since, Cache-Control, Content-Type, Authorization, x-ms-client-request-id, x-ms-useragent, x-ms-content-sha256, x-ms-date, host, Accept, Accept-Datetime, Date, If-Match, If-None-Match, Sync-Token, x-ms-return-client-request-id, ETag, Last-Modified, Link, Memento-Datetime, retry-after-ms, x-ms-request-id, x-ms-client-session-id, x-ms-effective-locale, WWW-Authenticate, traceparent, tracestate, operation-location",
        "Access-Control-Max-Age": "1728000",
        "Connection": "keep-alive",
        "Content-Type": "application/vnd.microsoft.appconfig.kv\u002Bjson; charset=utf-8",
        "Date": "Mon, 28 Aug 2023 21:51:50 GMT",
        "ETag": "\u0022QaglgBEKbRV0z6CypeEMPna-etU1EMATJEKsylrnqn8\u0022",
        "Last-Modified": "Mon, 28 Aug 2023 21:51:50 GMT",
        "Strict-Transport-Security": "max-age=15724800; includeSubDomains",
        "Sync-Token": "zAJw6V16=Njo1IzE4OTM2ODY5;sn=18936869",
        "Transfer-Encoding": "chunked",
        "x-ms-correlation-request-id": "a7c28cba-fe92-45e4-9bc4-2132414b3a29",
        "x-ms-resource-group": "rg-appconfigtests4",
        "x-ms-subscription-id": "77d5ab06-7edd-4eec-bce9-52c11b75bb37",
        "x-ms-tenant-name": "appconfigtests4-azconfig-python"
      },
      "ResponseBody": {
        "etag": "QaglgBEKbRV0z6CypeEMPna-etU1EMATJEKsylrnqn8",
        "key": "non_refreshed_message",
        "label": null,
        "content_type": "text/plain",
        "value": "Static",
        "tags": {},
        "locked": false,
        "last_modified": "2023-08-28T21:51:50\u002B00:00"
      }
    },
    {
      "RequestUri": "https://fake-endpoint.azconfig.io/kv/.appconfig.featureflag%2FAlpha?label=%00\u0026api-version=1970-01-01",
      "RequestMethod": "PUT",
      "RequestHeaders": {
        "Accept": "application/vnd.microsoft.appconfig.kv\u002Bjson, application/problem\u002Bjson",
        "Accept-Encoding": "gzip, deflate",
        "Connection": "keep-alive",
        "Content-Length": "270",
        "Content-Type": "application/json",
        "Sync-Token": "zAJw6V16=Njo1IzE4OTM2ODY5",
        "User-Agent": "azsdk-python-appconfiguration/1.5.0b3 Python/3.10.11 (Windows-10-10.0.22621-SP0)",
        "x-ms-content-sha256": "QWMqQVTb3OEmcET/A5jVHXJXI1TrzC7h6cMDRt4ePeA=",
        "x-ms-date": "Aug, 28 2023 21:51:49.487451 GMT"
      },
      "RequestBody": {
        "key": ".appconfig.featureflag/Alpha",
        "label": "\u0000",
        "content_type": "application/vnd.microsoft.appconfig.ff\u002Bjson;charset=utf-8",
        "value": "{\t\u0022id\u0022: \u0022Alpha\u0022, \u0022description\u0022: \u0022\u0022, \u0022enabled\u0022: false, \u0022conditions\u0022: {\t\u0022client_filters\u0022: []\t}}",
        "tags": {}
      },
      "StatusCode": 200,
      "ResponseHeaders": {
        "Access-Control-Allow-Credentials": "true",
        "Access-Control-Allow-Headers": "DNT, X-CustomHeader, Keep-Alive, User-Agent, X-Requested-With, If-Modified-Since, Cache-Control, Content-Type, Authorization, x-ms-client-request-id, x-ms-useragent, x-ms-content-sha256, x-ms-date, host, Accept, Accept-Datetime, Date, If-Match, If-None-Match, Sync-Token, x-ms-return-client-request-id, ETag, Last-Modified, Link, Memento-Datetime, retry-after-ms, x-ms-request-id, x-ms-client-session-id, x-ms-effective-locale, WWW-Authenticate, traceparent, tracestate",
        "Access-Control-Allow-Methods": "GET, PUT, POST, DELETE, PATCH, OPTIONS",
        "Access-Control-Allow-Origin": "*",
        "Access-Control-Expose-Headers": "DNT, X-CustomHeader, Keep-Alive, User-Agent, X-Requested-With, If-Modified-Since, Cache-Control, Content-Type, Authorization, x-ms-client-request-id, x-ms-useragent, x-ms-content-sha256, x-ms-date, host, Accept, Accept-Datetime, Date, If-Match, If-None-Match, Sync-Token, x-ms-return-client-request-id, ETag, Last-Modified, Link, Memento-Datetime, retry-after-ms, x-ms-request-id, x-ms-client-session-id, x-ms-effective-locale, WWW-Authenticate, traceparent, tracestate, operation-location",
        "Access-Control-Max-Age": "1728000",
        "Connection": "keep-alive",
        "Content-Type": "application/vnd.microsoft.appconfig.kv\u002Bjson; charset=utf-8",
        "Date": "Mon, 28 Aug 2023 21:51:50 GMT",
        "ETag": "\u0022CMyx5aGegsga-j8KsS9Wrtxwe5r57R3jVKWlzrKfQto\u0022",
        "Last-Modified": "Mon, 28 Aug 2023 21:51:50 GMT",
        "Strict-Transport-Security": "max-age=15724800; includeSubDomains",
        "Sync-Token": "zAJw6V16=Njo1IzE4OTM2ODcx;sn=18936871",
        "Transfer-Encoding": "chunked",
        "x-ms-correlation-request-id": "1e198141-e43f-4ed5-97d0-bb588341096f",
        "x-ms-resource-group": "rg-appconfigtests4",
        "x-ms-subscription-id": "77d5ab06-7edd-4eec-bce9-52c11b75bb37",
        "x-ms-tenant-name": "appconfigtests4-azconfig-python"
      },
      "ResponseBody": {
        "etag": "CMyx5aGegsga-j8KsS9Wrtxwe5r57R3jVKWlzrKfQto",
        "key": ".appconfig.featureflag/Alpha",
        "label": null,
        "content_type": "application/vnd.microsoft.appconfig.ff\u002Bjson;charset=utf-8",
        "value": "{\t\u0022id\u0022: \u0022Alpha\u0022, \u0022description\u0022: \u0022\u0022, \u0022enabled\u0022: false, \u0022conditions\u0022: {\t\u0022client_filters\u0022: []\t}}",
        "tags": {},
        "locked": false,
        "last_modified": "2023-08-28T21:51:50\u002B00:00"
      }
    },
    {
      "RequestUri": "https://fake-endpoint.azconfig.io/kv/secret?label=prod\u0026api-version=1970-01-01",
      "RequestMethod": "PUT",
      "RequestHeaders": {
        "Accept": "application/vnd.microsoft.appconfig.kv\u002Bjson, application/problem\u002Bjson",
        "Accept-Encoding": "gzip, deflate",
        "Connection": "keep-alive",
        "Content-Length": "217",
        "Content-Type": "application/json",
        "Sync-Token": "zAJw6V16=Njo1IzE4OTM2ODcx",
        "User-Agent": "azsdk-python-appconfiguration/1.5.0b3 Python/3.10.11 (Windows-10-10.0.22621-SP0)",
        "x-ms-content-sha256": "NOovBYpiqLdbcyjalnw8H4\u002BA6OaIHWS0q5MNOx78VUQ=",
        "x-ms-date": "Aug, 28 2023 21:51:49.533630 GMT"
      },
      "RequestBody": {
        "key": "secret",
        "label": "prod",
        "content_type": "application/vnd.microsoft.appconfig.keyvaultref\u002Bjson;charset=utf-8",
        "value": "{\u0022uri\u0022:\u0022https://fake-keyvault.vault.azure.net/secrets/fake-secret/\u0022}",
        "tags": {}
      },
      "StatusCode": 200,
      "ResponseHeaders": {
        "Access-Control-Allow-Credentials": "true",
        "Access-Control-Allow-Headers": "DNT, X-CustomHeader, Keep-Alive, User-Agent, X-Requested-With, If-Modified-Since, Cache-Control, Content-Type, Authorization, x-ms-client-request-id, x-ms-useragent, x-ms-content-sha256, x-ms-date, host, Accept, Accept-Datetime, Date, If-Match, If-None-Match, Sync-Token, x-ms-return-client-request-id, ETag, Last-Modified, Link, Memento-Datetime, retry-after-ms, x-ms-request-id, x-ms-client-session-id, x-ms-effective-locale, WWW-Authenticate, traceparent, tracestate",
        "Access-Control-Allow-Methods": "GET, PUT, POST, DELETE, PATCH, OPTIONS",
        "Access-Control-Allow-Origin": "*",
        "Access-Control-Expose-Headers": "DNT, X-CustomHeader, Keep-Alive, User-Agent, X-Requested-With, If-Modified-Since, Cache-Control, Content-Type, Authorization, x-ms-client-request-id, x-ms-useragent, x-ms-content-sha256, x-ms-date, host, Accept, Accept-Datetime, Date, If-Match, If-None-Match, Sync-Token, x-ms-return-client-request-id, ETag, Last-Modified, Link, Memento-Datetime, retry-after-ms, x-ms-request-id, x-ms-client-session-id, x-ms-effective-locale, WWW-Authenticate, traceparent, tracestate, operation-location",
        "Access-Control-Max-Age": "1728000",
        "Connection": "keep-alive",
        "Content-Type": "application/vnd.microsoft.appconfig.kv\u002Bjson; charset=utf-8",
        "Date": "Mon, 28 Aug 2023 21:51:50 GMT",
        "ETag": "\u0022vAgx89mPfmpdPmclE2pER5EdJ7a_c2BO2KX1FhzdMSM\u0022",
        "Last-Modified": "Mon, 28 Aug 2023 21:51:50 GMT",
        "Strict-Transport-Security": "max-age=15724800; includeSubDomains",
        "Sync-Token": "zAJw6V16=Njo1IzE4OTM2ODcz;sn=18936873",
        "Transfer-Encoding": "chunked",
        "x-ms-correlation-request-id": "6ec101bb-037a-422a-aed3-598f5e853079",
        "x-ms-resource-group": "rg-appconfigtests4",
        "x-ms-subscription-id": "77d5ab06-7edd-4eec-bce9-52c11b75bb37",
        "x-ms-tenant-name": "appconfigtests4-azconfig-python"
      },
      "ResponseBody": {
        "etag": "vAgx89mPfmpdPmclE2pER5EdJ7a_c2BO2KX1FhzdMSM",
        "key": "secret",
        "label": "prod",
        "content_type": "application/vnd.microsoft.appconfig.keyvaultref\u002Bjson;charset=utf-8",
        "value": "{\u0022uri\u0022:\u0022https://fake-keyvault.vault.azure.net/secrets/fake-secret/\u0022}",
        "tags": {},
        "locked": false,
        "last_modified": "2023-08-28T21:51:50\u002B00:00"
      }
    },
    {
      "RequestUri": "https://fake-endpoint.azconfig.io/kv?key=%2A\u0026label=%00\u0026api-version=1970-01-01",
      "RequestMethod": "GET",
      "RequestHeaders": {
        "Accept": "application/vnd.microsoft.appconfig.kvset\u002Bjson, application/problem\u002Bjson",
        "Accept-Encoding": "gzip, deflate",
        "Connection": "keep-alive",
        "Correlation-Context": "RequestType=Startup",
        "User-Agent": "python-appconfiguration-provider/1.0.1 azsdk-python-appconfiguration/1.5.0b3 Python/3.10.11 (Windows-10-10.0.22621-SP0)",
        "x-ms-content-sha256": "47DEQpj8HBSa\u002B/TImW\u002B5JCeuQeRkm5NMpJWZG3hSuFU=",
        "x-ms-date": "Aug, 28 2023 21:51:49.598593 GMT"
      },
      "RequestBody": null,
      "StatusCode": 200,
      "ResponseHeaders": {
        "Access-Control-Allow-Credentials": "true",
        "Access-Control-Allow-Headers": "DNT, X-CustomHeader, Keep-Alive, User-Agent, X-Requested-With, If-Modified-Since, Cache-Control, Content-Type, Authorization, x-ms-client-request-id, x-ms-useragent, x-ms-content-sha256, x-ms-date, host, Accept, Accept-Datetime, Date, If-Match, If-None-Match, Sync-Token, x-ms-return-client-request-id, ETag, Last-Modified, Link, Memento-Datetime, retry-after-ms, x-ms-request-id, x-ms-client-session-id, x-ms-effective-locale, WWW-Authenticate, traceparent, tracestate",
        "Access-Control-Allow-Methods": "GET, PUT, POST, DELETE, PATCH, OPTIONS",
        "Access-Control-Allow-Origin": "*",
        "Access-Control-Expose-Headers": "DNT, X-CustomHeader, Keep-Alive, User-Agent, X-Requested-With, If-Modified-Since, Cache-Control, Content-Type, Authorization, x-ms-client-request-id, x-ms-useragent, x-ms-content-sha256, x-ms-date, host, Accept, Accept-Datetime, Date, If-Match, If-None-Match, Sync-Token, x-ms-return-client-request-id, ETag, Last-Modified, Link, Memento-Datetime, retry-after-ms, x-ms-request-id, x-ms-client-session-id, x-ms-effective-locale, WWW-Authenticate, traceparent, tracestate, operation-location",
        "Access-Control-Max-Age": "1728000",
        "Connection": "keep-alive",
        "Content-Type": "application/vnd.microsoft.appconfig.kvset\u002Bjson; charset=utf-8",
        "Date": "Mon, 28 Aug 2023 21:51:50 GMT",
        "Strict-Transport-Security": "max-age=15724800; includeSubDomains",
        "Sync-Token": "zAJw6V16=Njo1IzE4OTM2ODc0;sn=18936874",
        "Transfer-Encoding": "chunked",
        "x-ms-correlation-request-id": "37959a46-c452-4a38-925f-88c29b1a8a54",
        "x-ms-resource-group": "rg-appconfigtests4",
        "x-ms-subscription-id": "77d5ab06-7edd-4eec-bce9-52c11b75bb37",
        "x-ms-tenant-name": "appconfigtests4-azconfig-python"
      },
      "ResponseBody": {
        "items": [
          {
            "etag": "CMyx5aGegsga-j8KsS9Wrtxwe5r57R3jVKWlzrKfQto",
            "key": ".appconfig.featureflag/Alpha",
            "label": null,
            "content_type": "application/vnd.microsoft.appconfig.ff\u002Bjson;charset=utf-8",
            "value": "{\t\u0022id\u0022: \u0022Alpha\u0022, \u0022description\u0022: \u0022\u0022, \u0022enabled\u0022: false, \u0022conditions\u0022: {\t\u0022client_filters\u0022: []\t}}",
            "tags": {},
            "locked": false,
            "last_modified": "2023-08-28T21:51:50\u002B00:00"
          },
          {
            "etag": "SW_N8vN22X2EDidJRscxFS5exQ87XWYf5OUMFZ0hi7I",
            "key": "message",
            "label": null,
            "content_type": "text/plain",
            "value": "hi",
            "tags": {},
            "locked": false,
            "last_modified": "2023-08-28T21:51:50\u002B00:00"
          },
          {
            "etag": "LQ4puvjGf95jt08hV27utYohHVhYqrRRGbwD9T-xCAc",
            "key": "my_json",
            "label": null,
            "content_type": "application/json",
            "value": "{\u0022key\u0022: \u0022value\u0022}",
            "tags": {},
            "locked": false,
            "last_modified": "2023-08-28T21:51:50\u002B00:00"
          },
          {
            "etag": "QaglgBEKbRV0z6CypeEMPna-etU1EMATJEKsylrnqn8",
            "key": "non_refreshed_message",
            "label": null,
            "content_type": "text/plain",
            "value": "Static",
            "tags": {},
            "locked": false,
            "last_modified": "2023-08-28T21:51:50\u002B00:00"
          },
          {
            "etag": "BFeuG-_F_ELGw74CdUBwb73zmW3dA44HSJGgNYnM8AE",
            "key": "refresh_message",
            "label": null,
            "content_type": "text/plain",
            "value": "original value",
            "tags": {},
            "locked": false,
            "last_modified": "2023-08-28T21:51:50\u002B00:00"
          },
          {
            "etag": "GhWYyM0c-spkeIK8D_WD2ZtTjtRua3rloPzNcEu_Q-M",
            "key": "test.trimmed",
            "label": null,
            "content_type": "text/plain",
            "value": "key",
            "tags": {},
            "locked": false,
            "last_modified": "2023-08-28T21:51:50\u002B00:00"
          }
        ]
      }
    }
  ],
  "Variables": {}
}
