{
  "Entries": [
    {
      "RequestUri": "https://Sanitized.azconfig.io/kv/message?api-version=1970-01-01",
      "RequestMethod": "PUT",
      "RequestHeaders": {
        "Accept": "*/*",
        "Accept-Encoding": "gzip, deflate",
        "Content-Length": "82",
        "Content-Type": "application/json",
        "User-Agent": "azsdk-python-appconfiguration/1.7.2 Python/3.11.9 (Windows-10-10.0.26100-SP0)"
      },
      "RequestBody": {
        "key": "message",
        "label": "\u0000",
        "value": "hi",
        "content_type": "text/plain"
      },
      "StatusCode": 200,
      "ResponseHeaders": {
        "Access-Control-Allow-Origin": "*",
        "Connection": "keep-alive",
        "Content-Type": "application/vnd.microsoft.appconfig.kv+json; charset=utf-8",
        "Date": "Tue, 17 Jun 2025 21:34:07 GMT",
        "ETag": "\"d5P7R49A-oOcQossFbxxbz4tQt2FGJZa9RosgGtmBxA\"",
        "Last-Modified": "Tue, 17 Jun 2025 21:34:07 GMT",
        "Strict-Transport-Security": "max-age=31536000; includeSubDomains",
        "Transfer-Encoding": "chunked",
        "x-ms-correlation-request-id": "81ee7ea5-a033-424d-afca-1fc83b73e5a1"
      },
      "ResponseBody": {
        "etag": "Sanitized",
        "key": "message",
        "label": null,
        "content_type": "text/plain",
        "value": "hi",
        "tags": {},
        "locked": false,
        "last_modified": "2025-06-17T21:34:07+00:00"
      }
    },
    {
      "RequestUri": "https://Sanitized.azconfig.io/kv/message?api-version=1970-01-01",
      "RequestMethod": "PUT",
      "RequestHeaders": {
        "Accept": "*/*",
        "Accept-Encoding": "gzip, deflate",
        "Content-Length": "81",
        "Content-Type": "application/json",
        "User-Agent": "azsdk-python-appconfiguration/1.7.2 Python/3.11.9 (Windows-10-10.0.26100-SP0)"
      },
      "RequestBody": {
        "key": "message",
        "label": "dev",
        "value": "test",
        "content_type": "text/plain"
      },
      "StatusCode": 200,
      "ResponseHeaders": {
        "Access-Control-Allow-Origin": "*",
        "Connection": "keep-alive",
        "Content-Type": "application/vnd.microsoft.appconfig.kv+json; charset=utf-8",
        "Date": "Tue, 17 Jun 2025 21:34:07 GMT",
        "ETag": "\"P-gXGLx2K3oZfWbYWX4hTxQC05ev2WGoLyqdh0rU2io\"",
        "Last-Modified": "Tue, 17 Jun 2025 21:34:07 GMT",
        "Strict-Transport-Security": "max-age=31536000; includeSubDomains",
        "Transfer-Encoding": "chunked",
        "x-ms-correlation-request-id": "c66c749e-c729-4e3b-ad63-6d6735b92545"
      },
      "ResponseBody": {
        "etag": "Sanitized",
        "key": "message",
        "label": "dev",
        "content_type": "text/plain",
        "value": "test",
        "tags": {},
        "locked": false,
        "last_modified": "2025-06-17T21:34:07+00:00"
      }
    },
    {
      "RequestUri": "https://Sanitized.azconfig.io/kv/my_json?api-version=1970-01-01",
      "RequestMethod": "PUT",
      "RequestHeaders": {
        "Accept": "*/*",
        "Accept-Encoding": "gzip, deflate",
        "Content-Length": "106",
        "Content-Type": "application/json",
        "User-Agent": "azsdk-python-appconfiguration/1.7.2 Python/3.11.9 (Windows-10-10.0.26100-SP0)"
      },
      "RequestBody": {
        "key": "my_json",
        "label": "\u0000",
        "value": "{\"key\": \"value\"}",
        "content_type": "application/json"
      },
      "StatusCode": 200,
      "ResponseHeaders": {
        "Access-Control-Allow-Origin": "*",
        "Connection": "keep-alive",
        "Content-Type": "application/vnd.microsoft.appconfig.kv+json; charset=utf-8",
        "Date": "Tue, 17 Jun 2025 21:34:07 GMT",
        "ETag": "\"lZ8OkmlJOhK2VksTZFQxnPOYLAFsjr4MH6oWGB44wmU\"",
        "Last-Modified": "Tue, 17 Jun 2025 21:34:07 GMT",
        "Strict-Transport-Security": "max-age=31536000; includeSubDomains",
        "Transfer-Encoding": "chunked",
        "x-ms-correlation-request-id": "0692633a-5e85-41f1-b368-5a90a5157b00"
      },
      "ResponseBody": {
        "etag": "Sanitized",
        "key": "my_json",
        "label": null,
        "content_type": "application/json",
        "value": "{\"key\": \"value\"}",
        "tags": {},
        "locked": false,
        "last_modified": "2025-06-17T21:34:07+00:00"
      }
    },
    {
      "RequestUri": "https://Sanitized.azconfig.io/kv/test.trimmed?api-version=1970-01-01",
      "RequestMethod": "PUT",
      "RequestHeaders": {
        "Accept": "*/*",
        "Accept-Encoding": "gzip, deflate",
        "Content-Length": "88",
        "Content-Type": "application/json",
        "User-Agent": "azsdk-python-appconfiguration/1.7.2 Python/3.11.9 (Windows-10-10.0.26100-SP0)"
      },
      "RequestBody": {
        "key": "test.trimmed",
        "label": "\u0000",
        "value": "key",
        "content_type": "text/plain"
      },
      "StatusCode": 200,
      "ResponseHeaders": {
        "Access-Control-Allow-Origin": "*",
        "Connection": "keep-alive",
        "Content-Type": "application/vnd.microsoft.appconfig.kv+json; charset=utf-8",
        "Date": "Tue, 17 Jun 2025 21:34:07 GMT",
        "ETag": "\"-N6s4KWB5JuRuC8AsWrxSpew-epVowOpuz2rOWU2eWk\"",
        "Last-Modified": "Tue, 17 Jun 2025 21:34:07 GMT",
        "Strict-Transport-Security": "max-age=31536000; includeSubDomains",
        "Transfer-Encoding": "chunked",
        "x-ms-correlation-request-id": "ee5d5ab2-f608-48e0-b2ca-bee8d8973f1a"
      },
      "ResponseBody": {
        "etag": "Sanitized",
        "key": "test.trimmed",
        "label": null,
        "content_type": "text/plain",
        "value": "key",
        "tags": {},
        "locked": false,
        "last_modified": "2025-06-17T21:34:07+00:00"
      }
    },
    {
      "RequestUri": "https://Sanitized.azconfig.io/kv/refresh_message?api-version=1970-01-01",
      "RequestMethod": "PUT",
      "RequestHeaders": {
        "Accept": "*/*",
        "Accept-Encoding": "gzip, deflate",
        "Content-Length": "102",
        "Content-Type": "application/json",
        "User-Agent": "azsdk-python-appconfiguration/1.7.2 Python/3.11.9 (Windows-10-10.0.26100-SP0)"
      },
      "RequestBody": {
        "key": "refresh_message",
        "label": "\u0000",
        "value": "original value",
        "content_type": "text/plain"
      },
      "StatusCode": 200,
      "ResponseHeaders": {
        "Access-Control-Allow-Origin": "*",
        "Connection": "keep-alive",
        "Content-Type": "application/vnd.microsoft.appconfig.kv+json; charset=utf-8",
        "Date": "Tue, 17 Jun 2025 21:34:07 GMT",
        "ETag": "\"Ce_3RgS2dysackjUoPueyANTRTZ4PlYby9J2Gr_AM74\"",
        "Last-Modified": "Tue, 17 Jun 2025 21:34:07 GMT",
        "Strict-Transport-Security": "max-age=31536000; includeSubDomains",
        "Transfer-Encoding": "chunked",
        "x-ms-correlation-request-id": "60ca7051-f42a-4e38-9cec-d9e8e6c2b27f"
      },
      "ResponseBody": {
        "etag": "Sanitized",
        "key": "refresh_message",
        "label": null,
        "content_type": "text/plain",
        "value": "original value",
        "tags": {},
        "locked": false,
        "last_modified": "2025-06-17T21:34:07+00:00"
      }
    },
    {
      "RequestUri": "https://Sanitized.azconfig.io/kv/non_refreshed_message?api-version=1970-01-01",
      "RequestMethod": "PUT",
      "RequestHeaders": {
        "Accept": "*/*",
        "Accept-Encoding": "gzip, deflate",
        "Content-Length": "100",
        "Content-Type": "application/json",
        "User-Agent": "azsdk-python-appconfiguration/1.7.2 Python/3.11.9 (Windows-10-10.0.26100-SP0)"
      },
      "RequestBody": {
        "key": "non_refreshed_message",
        "label": "\u0000",
        "value": "Static",
        "content_type": "text/plain"
      },
      "StatusCode": 200,
      "ResponseHeaders": {
        "Access-Control-Allow-Origin": "*",
        "Connection": "keep-alive",
        "Content-Type": "application/vnd.microsoft.appconfig.kv+json; charset=utf-8",
        "Date": "Tue, 17 Jun 2025 21:34:07 GMT",
        "ETag": "\"EYKTTWVkX0FkvgvZNcyiqCL3lrCmotgw-ELlkYIRNTM\"",
        "Last-Modified": "Tue, 17 Jun 2025 21:34:07 GMT",
        "Strict-Transport-Security": "max-age=31536000; includeSubDomains",
        "Transfer-Encoding": "chunked",
        "x-ms-correlation-request-id": "d634840f-043b-421a-ae2e-2b354281cb58"
      },
      "ResponseBody": {
        "etag": "Sanitized",
        "key": "non_refreshed_message",
        "label": null,
        "content_type": "text/plain",
        "value": "Static",
        "tags": {},
        "locked": false,
        "last_modified": "2025-06-17T21:34:07+00:00"
      }
    },
    {
      "RequestUri": "https://Sanitized.azconfig.io/kv/tagged_config?api-version=1970-01-01",
      "RequestMethod": "PUT",
      "RequestHeaders": {
        "Accept": "*/*",
        "Accept-Encoding": "gzip, deflate",
        "Content-Length": "93",
        "Content-Type": "application/json",
        "User-Agent": "azsdk-python-appconfiguration/1.7.2 Python/3.11.9 (Windows-10-10.0.26100-SP0)"
      },
      "RequestBody": {
        "key": "tagged_config",
        "label": "\u0000",
        "content_type": "text/plain",
        "tags": {
          "a": "b"
        }
      },
      "StatusCode": 200,
      "ResponseHeaders": {
        "Access-Control-Allow-Origin": "*",
        "Connection": "keep-alive",
        "Content-Type": "application/vnd.microsoft.appconfig.kv+json; charset=utf-8",
        "Date": "Tue, 17 Jun 2025 21:34:07 GMT",
        "ETag": "\"5KbGMD5w5FokqGylN7m7Pd5YdxCPS5jm3or8fmwoq8w\"",
        "Last-Modified": "Tue, 17 Jun 2025 21:34:07 GMT",
        "Strict-Transport-Security": "max-age=31536000; includeSubDomains",
        "Transfer-Encoding": "chunked",
        "x-ms-correlation-request-id": "a6ecdc1f-d6c3-472a-aa3c-0309570bea53"
      },
      "ResponseBody": {
        "etag": "Sanitized",
        "key": "tagged_config",
        "label": null,
        "content_type": "text/plain",
        "value": null,
        "tags": {
          "a": "b"
        },
        "locked": false,
        "last_modified": "2025-06-17T21:34:07+00:00"
      }
    },
    {
      "RequestUri": "https://Sanitized.azconfig.io/kv/two_tagged?api-version=1970-01-01",
      "RequestMethod": "PUT",
      "RequestHeaders": {
        "Accept": "*/*",
        "Accept-Encoding": "gzip, deflate",
        "Content-Length": "107",
        "Content-Type": "application/json",
        "User-Agent": "azsdk-python-appconfiguration/1.7.2 Python/3.11.9 (Windows-10-10.0.26100-SP0)"
      },
      "RequestBody": {
        "key": "two_tagged",
        "label": "\u0000",
        "content_type": "text/plain",
        "tags": {
          "a": "b",
          "second": "tag"
        }
      },
      "StatusCode": 200,
      "ResponseHeaders": {
        "Access-Control-Allow-Origin": "*",
        "Connection": "keep-alive",
        "Content-Type": "application/vnd.microsoft.appconfig.kv+json; charset=utf-8",
        "Date": "Tue, 17 Jun 2025 21:34:07 GMT",
        "ETag": "\"ly-6tKEtYysbwAfExvH82FYppdJaK86IMGj2KIMFE-M\"",
        "Last-Modified": "Tue, 17 Jun 2025 21:34:07 GMT",
        "Strict-Transport-Security": "max-age=31536000; includeSubDomains",
        "Transfer-Encoding": "chunked",
        "x-ms-correlation-request-id": "c00faf1e-c0a0-43ab-afd2-e89a9a1dc369"
      },
      "ResponseBody": {
        "etag": "Sanitized",
        "key": "two_tagged",
        "label": null,
        "content_type": "text/plain",
        "value": null,
        "tags": {
          "a": "b",
          "second": "tag"
        },
        "locked": false,
        "last_modified": "2025-06-17T21:34:07+00:00"
      }
    },
    {
      "RequestUri": "https://Sanitized.azconfig.io/kv/only_second_tag?api-version=1970-01-01",
      "RequestMethod": "PUT",
      "RequestHeaders": {
        "Accept": "*/*",
        "Accept-Encoding": "gzip, deflate",
        "Content-Length": "102",
        "Content-Type": "application/json",
        "User-Agent": "azsdk-python-appconfiguration/1.7.2 Python/3.11.9 (Windows-10-10.0.26100-SP0)"
      },
      "RequestBody": {
        "key": "only_second_tag",
        "label": "\u0000",
        "content_type": "text/plain",
        "tags": {
          "second": "tag"
        }
      },
      "StatusCode": 200,
      "ResponseHeaders": {
        "Access-Control-Allow-Origin": "*",
        "Connection": "keep-alive",
        "Content-Type": "application/vnd.microsoft.appconfig.kv+json; charset=utf-8",
        "Date": "Tue, 17 Jun 2025 21:34:07 GMT",
        "ETag": "\"dif5OK4i6NZ4rXS8QmWEQBHjZ18wKgkXXY171Fc4E_Y\"",
        "Last-Modified": "Tue, 17 Jun 2025 21:34:07 GMT",
        "Strict-Transport-Security": "max-age=31536000; includeSubDomains",
        "Transfer-Encoding": "chunked",
        "x-ms-correlation-request-id": "ecfeb46b-62f2-490f-bc8e-70ebd9bdbe5f"
      },
      "ResponseBody": {
        "etag": "Sanitized",
        "key": "only_second_tag",
        "label": null,
        "content_type": "text/plain",
        "value": null,
        "tags": {
          "second": "tag"
        },
        "locked": false,
        "last_modified": "2025-06-17T21:34:07+00:00"
      }
    },
    {
      "RequestUri": "https://Sanitized.azconfig.io/kv/complex_tag?api-version=1970-01-01",
      "RequestMethod": "PUT",
      "RequestHeaders": {
        "Accept": "*/*",
        "Accept-Encoding": "gzip, deflate",
        "Content-Length": "149",
        "Content-Type": "application/json",
        "User-Agent": "azsdk-python-appconfiguration/1.7.2 Python/3.11.9 (Windows-10-10.0.26100-SP0)"
      },
      "RequestBody": {
        "key": "complex_tag",
        "label": "\u0000",
        "content_type": "text/plain",
        "tags": {
          "Special:Tag": "Value:With:Colons",
          "Tag@With@At": "Value@With@At"
        }
      },
      "StatusCode": 200,
      "ResponseHeaders": {
        "Access-Control-Allow-Origin": "*",
        "Connection": "keep-alive",
        "Content-Type": "application/vnd.microsoft.appconfig.kv+json; charset=utf-8",
        "Date": "Tue, 17 Jun 2025 21:34:07 GMT",
        "ETag": "\"plFwpH5CrnDGdsGfEpvkDJu3TyEtxrvY98tiAj0j8As\"",
        "Last-Modified": "Tue, 17 Jun 2025 21:34:07 GMT",
        "Strict-Transport-Security": "max-age=31536000; includeSubDomains",
        "Transfer-Encoding": "chunked",
        "x-ms-correlation-request-id": "4c885c56-70ac-4698-99e2-beb0f040a274"
      },
      "ResponseBody": {
        "etag": "Sanitized",
        "key": "complex_tag",
        "label": null,
        "content_type": "text/plain",
        "value": null,
        "tags": {
          "Special:Tag": "Value:With:Colons",
          "Tag@With@At": "Value@With@At"
        },
        "locked": false,
        "last_modified": "2025-06-17T21:34:07+00:00"
      }
    },
    {
      "RequestUri": "https://Sanitized.azconfig.io/kv/.appconfig.featureflag%2FAlpha?api-version=1970-01-01",
      "RequestMethod": "PUT",
      "RequestHeaders": {
        "Accept": "*/*",
        "Accept-Encoding": "gzip, deflate",
        "Content-Length": "258",
        "Content-Type": "application/json",
        "User-Agent": "azsdk-python-appconfiguration/1.7.2 Python/3.11.9 (Windows-10-10.0.26100-SP0)"
      },
      "RequestBody": {
        "key": ".appconfig.featureflag/Alpha",
        "label": "\u0000",
        "value": "{\t\"id\": \"Alpha\", \"description\": \"\", \"enabled\": false, \"conditions\": {\t\"client_filters\": []\t}}",
        "content_type": "application/vnd.microsoft.appconfig.ff+json;charset=utf-8"
      },
      "StatusCode": 200,
      "ResponseHeaders": {
        "Access-Control-Allow-Origin": "*",
        "Connection": "keep-alive",
        "Content-Type": "application/vnd.microsoft.appconfig.kv+json; charset=utf-8",
        "Date": "Tue, 17 Jun 2025 21:34:07 GMT",
        "ETag": "\"mzvpqsJMHdG_wvNplwaNT6mvN1mcoFsBs7v-vOypanU\"",
        "Last-Modified": "Tue, 17 Jun 2025 21:34:07 GMT",
        "Strict-Transport-Security": "max-age=31536000; includeSubDomains",
        "Transfer-Encoding": "chunked",
        "x-ms-correlation-request-id": "ecfae911-be34-4071-ab74-25442e527397"
      },
      "ResponseBody": {
        "etag": "Sanitized",
        "key": ".appconfig.featureflag/Alpha",
        "label": null,
        "content_type": "application/vnd.microsoft.appconfig.ff+json;charset=utf-8",
        "value": "{\t\"id\": \"Alpha\", \"description\": \"\", \"enabled\": false, \"conditions\": {\t\"client_filters\": []\t}}",
        "tags": {},
        "locked": false,
        "last_modified": "2025-06-17T21:34:07+00:00"
      }
    },
    {
      "RequestUri": "https://Sanitized.azconfig.io/kv/.appconfig.featureflag%2FTaggedFeatureFlag?api-version=1970-01-01",
      "RequestMethod": "PUT",
      "RequestHeaders": {
        "Accept": "*/*",
        "Accept-Encoding": "gzip, deflate",
        "Content-Length": "302",
        "Content-Type": "application/json",
        "User-Agent": "azsdk-python-appconfiguration/1.7.2 Python/3.11.9 (Windows-10-10.0.26100-SP0)"
      },
      "RequestBody": {
        "key": ".appconfig.featureflag/TaggedFeatureFlag",
        "label": "\u0000",
        "value": "{\t\"id\": \"TaggedFeatureFlag\", \"description\": \"\", \"enabled\": false, \"conditions\": {\t\"client_filters\": []\t}}",
        "content_type": "application/vnd.microsoft.appconfig.ff+json;charset=utf-8",
        "tags": {
          "a": "b"
        }
      },
      "StatusCode": 200,
      "ResponseHeaders": {
        "Access-Control-Allow-Origin": "*",
        "Connection": "keep-alive",
        "Content-Type": "application/vnd.microsoft.appconfig.kv+json; charset=utf-8",
        "Date": "Tue, 17 Jun 2025 21:34:07 GMT",
        "ETag": "\"WGuESNaWOXrlwJt7xoIVo-J2BJR7a5EEYta0UHr42C8\"",
        "Last-Modified": "Tue, 17 Jun 2025 21:34:07 GMT",
        "Strict-Transport-Security": "max-age=31536000; includeSubDomains",
        "Transfer-Encoding": "chunked",
        "x-ms-correlation-request-id": "4a25c9e6-f1cc-492f-848e-1f55959e83af"
      },
      "ResponseBody": {
        "etag": "Sanitized",
        "key": ".appconfig.featureflag/TaggedFeatureFlag",
        "label": null,
        "content_type": "application/vnd.microsoft.appconfig.ff+json;charset=utf-8",
        "value": "{\t\"id\": \"TaggedFeatureFlag\", \"description\": \"\", \"enabled\": false, \"conditions\": {\t\"client_filters\": []\t}}",
        "tags": {
          "a": "b"
        },
        "locked": false,
        "last_modified": "2025-06-17T21:34:07+00:00"
      }
    },
    {
      "RequestUri": "https://Sanitized.azconfig.io/kv/secret?api-version=1970-01-01",
      "RequestMethod": "PUT",
      "RequestHeaders": {
        "Accept": "*/*",
        "Accept-Encoding": "gzip, deflate",
        "Content-Length": "201",
        "Content-Type": "application/json",
        "User-Agent": "azsdk-python-appconfiguration/1.7.2 Python/3.11.9 (Windows-10-10.0.26100-SP0)"
      },
      "RequestBody": {
        "key": "secret",
        "label": "prod",
        "value": "{\"uri\":\"https://Sanitized.vault.azure.net/secrets/fake-secret/\"}",
        "content_type": "application/vnd.microsoft.appconfig.keyvaultref+json;charset=utf-8"
      },
      "StatusCode": 200,
      "ResponseHeaders": {
        "Access-Control-Allow-Origin": "*",
        "Connection": "keep-alive",
        "Content-Type": "application/vnd.microsoft.appconfig.kv+json; charset=utf-8",
        "Date": "Tue, 17 Jun 2025 21:34:08 GMT",
        "ETag": "\"tnTjJgA_dArTv5_Xm7YB-2FeJmWf1eZrbQLtv2CcKDc\"",
        "Last-Modified": "Tue, 17 Jun 2025 21:34:07 GMT",
        "Strict-Transport-Security": "max-age=31536000; includeSubDomains",
        "Transfer-Encoding": "chunked",
        "x-ms-correlation-request-id": "038c357f-814a-4bb2-ac8a-527d40778b6c"
      },
      "ResponseBody": {
        "etag": "Sanitized",
        "key": "secret",
        "label": "prod",
        "content_type": "application/vnd.microsoft.appconfig.keyvaultref+json;charset=utf-8",
        "value": "{\"uri\":\"https://Sanitized.vault.azure.net/secrets/fake-secret/\"}",
        "tags": {},
        "locked": false,
        "last_modified": "2025-06-17T21:34:07+00:00"
      }
    },
    {
      "RequestUri": "https://Sanitized.azconfig.io/kv?api-version=1970-01-01",
      "RequestMethod": "GET",
      "RequestHeaders": {
        "Accept": "*/*",
        "Accept-Encoding": "gzip, deflate",
        "User-Agent": "SDK/Integration python-appconfiguration-provider/2.1.1 azsdk-python-appconfiguration/1.7.2 Python/3.11.9 (Windows-10-10.0.26100-SP0)"
      },
      "RequestBody": null,
      "StatusCode": 200,
      "ResponseHeaders": {
        "Access-Control-Allow-Origin": "*",
        "Connection": "keep-alive",
        "Content-Type": "application/vnd.microsoft.appconfig.kvset+json; charset=utf-8",
        "Date": "Tue, 17 Jun 2025 21:34:09 GMT",
        "ETag": "\"ch8HANzAUQhYQcq57tZuzYzA3Yezb7pbYJwb9WRtopA\"",
        "Strict-Transport-Security": "max-age=31536000; includeSubDomains",
        "Transfer-Encoding": "chunked",
        "x-ms-correlation-request-id": "e411195a-ce90-4585-99d4-29ba0de9ffc0"
      },
      "ResponseBody": {
        "etag": "Sanitized",
        "items": [
          {
            "etag": "Sanitized",
            "key": ".appconfig.featureflag/Alpha",
            "label": null,
            "content_type": "application/vnd.microsoft.appconfig.ff+json;charset=utf-8",
            "value": "{\t\"id\": \"Alpha\", \"description\": \"\", \"enabled\": false, \"conditions\": {\t\"client_filters\": []\t}}",
            "tags": {},
            "locked": false,
            "last_modified": "2025-06-17T21:34:07+00:00"
          },
          {
            "etag": "Sanitized",
            "key": ".appconfig.featureflag/Beta",
            "label": null,
            "content_type": "application/vnd.microsoft.appconfig.ff+json;charset=utf-8",
            "value": "{\"id\":\"Beta\",\"enabled\":true,\"conditions\":{\"client_filters\":[]},\"display_name\":null,\"description\":null,\"telemetry\":{\"enabled\":true}}",
            "tags": {},
            "locked": false,
            "last_modified": "2025-02-24T18:04:36+00:00"
          },
          {
            "etag": "Sanitized",
            "key": ".appconfig.featureflag/DifferentTaggedFeatureFlag",
            "label": null,
            "content_type": "application/vnd.microsoft.appconfig.ff+json;charset=utf-8",
            "value": "{\t\"id\": \"DifferentTaggedFeatureFlag\", \"description\": \"\", \"enabled\": true, \"conditions\": {\t\"client_filters\": []\t}}",
            "tags": {
              "different": "tag"
            },
            "locked": false,
            "last_modified": "2025-06-09T21:05:08+00:00"
          },
          {
            "etag": "Sanitized",
            "key": ".appconfig.featureflag/Greeting",
            "label": null,
            "content_type": "application/vnd.microsoft.appconfig.ff+json;charset=utf-8",
            "value": "{\"id\":\"Greeting\",\"enabled\":false,\"variants\":[{\"name\":\"Off\",\"configuration_value\":false},{\"name\":\"On\",\"configuration_value\":true}],\"allocation\":{\"percentile\":[{\"variant\":\"Off\",\"from\":0,\"to\":100}],\"default_when_enabled\":\"Off\",\"default_when_disabled\":\"Off\"},\"telemetry\":{\"enabled\":false}}",
            "tags": {},
            "locked": false,
            "last_modified": "2025-03-05T18:16:16+00:00"
          },
          {
            "etag": "Sanitized",
            "key": ".appconfig.featureflag/ID Test",
            "label": null,
            "content_type": "application/vnd.microsoft.appconfig.ff+json;charset=utf-8",
            "value": "{\"id\":\"IDTest\",\"description\":\"\",\"enabled\":true,\"conditions\":{\"client_filters\":[]}}",
            "tags": {},
            "locked": false,
            "last_modified": "2024-08-27T18:43:08+00:00"
          },
          {
            "etag": "Sanitized",
            "key": ".appconfig.featureflag/NoTagsFeatureFlag",
            "label": null,
            "content_type": "application/vnd.microsoft.appconfig.ff+json;charset=utf-8",
            "value": "{\t\"id\": \"NoTagsFeatureFlag\", \"description\": \"\", \"enabled\": true, \"conditions\": {\t\"client_filters\": []\t}}",
            "tags": {},
            "locked": false,
            "last_modified": "2025-06-09T21:05:08+00:00"
          },
          {
            "etag": "Sanitized",
            "key": ".appconfig.featureflag/SpaceTest",
            "label": null,
            "content_type": "application/vnd.microsoft.appconfig.ff+json;charset=utf-8",
            "value": "{\"id\": \"There is a space in the feature id\", \"enabled\": true, \"conditions\": {\"client_filters\": []}, \"display_name\": null, \"description\": null}",
            "tags": {},
            "locked": false,
            "last_modified": "2024-08-15T18:44:29+00:00"
          },
          {
            "etag": "Sanitized",
            "key": ".appconfig.featureflag/TWF",
            "label": null,
            "content_type": "application/vnd.microsoft.appconfig.ff+json;charset=utf-8",
            "value": "{\"id\":\"TWF\",\"description\":\"\",\"enabled\":true,\"conditions\":{\"client_filters\":[{\"name\":\"Microsoft.TimeWindow\",\"parameters\":{\"Start\":\"Fri, 13 Dec 2024 08:00:00 GMT\",\"End\":\"Sat, 21 Dec 2024 08:00:00 GMT\",\"Recurrence\":{\"Pattern\":{\"Type\":\"Weekly\",\"Interval\":1,\"FirstDayOfWeek\":\"Sunday\",\"DaysOfWeek\":[\"Friday\"]},\"Range\":{\"Type\":\"NoEnd\"}}}}]}}",
            "tags": {},
            "locked": false,
            "last_modified": "2024-12-13T20:20:21+00:00"
          },
          {
            "etag": "Sanitized",
            "key": ".appconfig.featureflag/TaggedFeatureFlag",
            "label": null,
            "content_type": "application/vnd.microsoft.appconfig.ff+json;charset=utf-8",
            "value": "{\t\"id\": \"TaggedFeatureFlag\", \"description\": \"\", \"enabled\": false, \"conditions\": {\t\"client_filters\": []\t}}",
            "tags": {
              "a": "b"
            },
            "locked": false,
            "last_modified": "2025-06-17T21:34:07+00:00"
          },
          {
            "etag": "Sanitized",
            "key": ".appconfig.featureflag/TelTest",
            "label": null,
            "content_type": "application/vnd.microsoft.appconfig.ff+json;charset=utf-8",
            "value": "{\"id\":\"TelTest\",\"enabled\":true,\"variants\":[{\"name\":\"Off\",\"configuration_value\":false},{\"name\":\"On\",\"configuration_value\":true}],\"allocation\":{\"percentile\":[{\"variant\":\"Off\",\"from\":0,\"to\":100}],\"default_when_enabled\":\"Off\",\"default_when_disabled\":\"Off\"},\"telemetry\":{\"enabled\":true}}",
            "tags": {},
            "locked": false,
            "last_modified": "2025-02-11T06:37:32+00:00"
          },
          {
            "etag": "Sanitized",
            "key": ".appconfig.featureflag/jkf",
            "label": null,
            "content_type": "application/vnd.microsoft.appconfig.ff+json;charset=utf-8",
            "value": "{\"id\":\"jkf\",\"description\":\"\",\"enabled\":true,\"conditions\":{\"client_filters\":[{\"name\":\"Microsoft.Targeting\",\"parameters\":{\"Audience\":{\"Users\":[\"gkl\"],\"Groups\":[{\"Name\":\"fk\",\"RolloutPercentage\":49}],\"DefaultRolloutPercentage\":50}}}]}}",
            "tags": {},
            "locked": false,
            "last_modified": "2024-08-29T17:38:18+00:00"
          },
          {
            "etag": "Sanitized",
            "key": "/application/config.message",
            "label": null,
            "content_type": "",
            "value": "application",
            "tags": {},
            "locked": false,
            "last_modified": "2024-09-03T18:43:06+00:00"
          },
          {
            "etag": "Sanitized",
            "key": "/custom/config.message",
            "label": null,
            "content_type": "",
            "value": "custom",
            "tags": {},
            "locked": false,
            "last_modified": "2024-09-03T18:38:58+00:00"
          },
          {
            "etag": "Sanitized",
            "key": "TestApp:Settings:Message",
            "label": null,
            "content_type": "",
            "value": "Data from Azure App Configuration",
            "tags": {},
            "locked": false,
            "last_modified": "2024-08-15T17:18:49+00:00"
          },
          {
            "etag": "Sanitized",
            "key": "app.greeting",
            "label": null,
            "content_type": "",
            "value": "Hello World",
            "tags": {},
            "locked": false,
            "last_modified": "2024-08-15T16:38:17+00:00"
          },
          {
            "etag": "Sanitized",
            "key": "app.json",
            "label": null,
            "content_type": "application/json",
            "value": "{\"myKey\":\"myValue\"}",
            "tags": {},
            "locked": false,
            "last_modified": "2024-08-15T16:38:43+00:00"
          },
          {
            "etag": "Sanitized",
            "key": "comma_tag_key",
            "label": null,
            "content_type": "",
            "value": "comma_tag_value",
            "tags": {
              ",": ","
            },
            "locked": false,
            "last_modified": "2025-06-06T18:32:57+00:00"
          },
          {
            "etag": "Sanitized",
            "key": "complex_tag",
            "label": null,
            "content_type": "text/plain",
            "value": null,
            "tags": {
              "Special:Tag": "Value:With:Colons",
              "Tag@With@At": "Value@With@At"
            },
            "locked": false,
            "last_modified": "2025-06-17T21:34:07+00:00"
          },
          {
            "etag": "Sanitized",
            "key": "different_tag",
            "label": null,
            "content_type": "text/plain",
            "value": "different",
            "tags": {
              "different": "tag"
            },
            "locked": false,
            "last_modified": "2025-06-09T21:05:08+00:00"
          },
          {
            "etag": "Sanitized",
            "key": "message",
            "label": null,
            "content_type": "text/plain",
            "value": "hi",
            "tags": {},
            "locked": false,
            "last_modified": "2025-06-17T21:34:07+00:00"
          },
          {
            "etag": "Sanitized",
            "key": "multi_tagged",
            "label": null,
            "content_type": "text/plain",
            "value": "multi tagged value",
            "tags": {
              "a": "b",
              "c": "d"
            },
            "locked": false,
            "last_modified": "2025-06-09T21:05:08+00:00"
          },
          {
            "etag": "Sanitized",
            "key": "my_json",
            "label": null,
            "content_type": "application/json",
            "value": "{\"key\": \"value\"}",
            "tags": {},
            "locked": false,
            "last_modified": "2025-06-17T21:34:07+00:00"
          },
          {
            "etag": "Sanitized",
            "key": "no_tags",
            "label": null,
            "content_type": "text/plain",
            "value": "no tags",
            "tags": {},
            "locked": false,
            "last_modified": "2025-06-09T21:05:08+00:00"
          },
          {
            "etag": "Sanitized",
            "key": "non_refreshed_message",
            "label": null,
            "content_type": "text/plain",
            "value": "Static",
            "tags": {},
            "locked": false,
            "last_modified": "2025-06-17T21:34:07+00:00"
          },
          {
            "etag": "Sanitized",
            "key": "only_second_tag",
            "label": null,
            "content_type": "text/plain",
            "value": null,
            "tags": {
              "second": "tag"
            },
            "locked": false,
            "last_modified": "2025-06-17T21:34:07+00:00"
          },
          {
            "etag": "Sanitized",
            "key": "refresh_message",
            "label": null,
            "content_type": "text/plain",
            "value": "original value",
            "tags": {},
            "locked": false,
            "last_modified": "2025-06-17T21:34:07+00:00"
          },
          {
            "etag": "Sanitized",
            "key": "sentinel",
            "label": null,
            "content_type": "",
            "value": "1",
            "tags": {},
            "locked": false,
            "last_modified": "2025-06-12T18:02:02+00:00"
          },
          {
            "etag": "Sanitized",
            "key": "special_chars",
            "label": null,
            "content_type": "text/plain",
            "value": "special",
            "tags": {
              "special@tag": "special:value"
            },
            "locked": false,
            "last_modified": "2025-06-09T21:05:08+00:00"
          },
          {
            "etag": "Sanitized",
            "key": "tag_no_value",
            "label": null,
            "content_type": "text/plain",
            "value": "no value",
            "tags": {
              "a": ""
            },
            "locked": false,
            "last_modified": "2025-06-09T21:05:08+00:00"
          },
          {
            "etag": "Sanitized",
            "key": "tagged_config",
            "label": null,
            "content_type": "text/plain",
            "value": null,
            "tags": {
              "a": "b"
            },
            "locked": false,
            "last_modified": "2025-06-17T21:34:07+00:00"
          },
          {
            "etag": "Sanitized",
            "key": "test.trimmed",
            "label": null,
            "content_type": "text/plain",
            "value": "key",
            "tags": {},
            "locked": false,
            "last_modified": "2025-06-17T21:34:07+00:00"
          },
          {
            "etag": "Sanitized",
            "key": "two_tagged",
            "label": null,
            "content_type": "text/plain",
            "value": null,
            "tags": {
              "a": "b",
              "second": "tag"
            },
            "locked": false,
            "last_modified": "2025-06-17T21:34:07+00:00"
          },
          {
            "etag": "Sanitized",
            "key": "wildcard_tag",
            "label": null,
            "content_type": "text/plain",
            "value": "wildcard value",
            "tags": {
              "a": "begins_with_b"
            },
            "locked": false,
            "last_modified": "2025-06-09T21:05:08+00:00"
          }
        ]
      }
    },
    {
      "RequestUri": "https://Sanitized.azconfig.io/kv?api-version=1970-01-01",
      "RequestMethod": "GET",
      "RequestHeaders": {
        "Accept": "*/*",
        "Accept-Encoding": "gzip, deflate",
        "User-Agent": "SDK/Integration python-appconfiguration-provider/2.1.1 azsdk-python-appconfiguration/1.7.2 Python/3.11.9 (Windows-10-10.0.26100-SP0)"
      },
      "RequestBody": null,
      "StatusCode": 200,
      "ResponseHeaders": {
        "Access-Control-Allow-Origin": "*",
        "Connection": "keep-alive",
        "Content-Type": "application/vnd.microsoft.appconfig.kvset+json; charset=utf-8",
        "Date": "Tue, 17 Jun 2025 21:34:09 GMT",
        "ETag": "\"mG0MQh_oQ4O62GQyHoImd3nxiDbR6wdk2sWwCzQe1ig\"",
        "Strict-Transport-Security": "max-age=31536000; includeSubDomains",
        "Transfer-Encoding": "chunked",
        "x-ms-correlation-request-id": "860a4f59-aad9-484b-9842-9647dc042637"
      },
      "ResponseBody": {
        "etag": "Sanitized",
        "items": [
          {
            "etag": "Sanitized",
            "key": ".appconfig.featureflag/Alpha",
            "label": null,
            "content_type": "application/vnd.microsoft.appconfig.ff+json;charset=utf-8",
            "value": "{\t\"id\": \"Alpha\", \"description\": \"\", \"enabled\": false, \"conditions\": {\t\"client_filters\": []\t}}",
            "tags": {},
            "locked": false,
            "last_modified": "2025-06-17T21:34:07+00:00"
          },
          {
            "etag": "Sanitized",
            "key": ".appconfig.featureflag/Beta",
            "label": null,
            "content_type": "application/vnd.microsoft.appconfig.ff+json;charset=utf-8",
            "value": "{\"id\":\"Beta\",\"enabled\":true,\"conditions\":{\"client_filters\":[]},\"display_name\":null,\"description\":null,\"telemetry\":{\"enabled\":true}}",
            "tags": {},
            "locked": false,
            "last_modified": "2025-02-24T18:04:36+00:00"
          },
          {
            "etag": "Sanitized",
            "key": ".appconfig.featureflag/DifferentTaggedFeatureFlag",
            "label": null,
            "content_type": "application/vnd.microsoft.appconfig.ff+json;charset=utf-8",
            "value": "{\t\"id\": \"DifferentTaggedFeatureFlag\", \"description\": \"\", \"enabled\": true, \"conditions\": {\t\"client_filters\": []\t}}",
            "tags": {
              "different": "tag"
            },
            "locked": false,
            "last_modified": "2025-06-09T21:05:08+00:00"
          },
          {
            "etag": "Sanitized",
            "key": ".appconfig.featureflag/Greeting",
            "label": null,
            "content_type": "application/vnd.microsoft.appconfig.ff+json;charset=utf-8",
            "value": "{\"id\":\"Greeting\",\"enabled\":false,\"variants\":[{\"name\":\"Off\",\"configuration_value\":false},{\"name\":\"On\",\"configuration_value\":true}],\"allocation\":{\"percentile\":[{\"variant\":\"Off\",\"from\":0,\"to\":100}],\"default_when_enabled\":\"Off\",\"default_when_disabled\":\"Off\"},\"telemetry\":{\"enabled\":false}}",
            "tags": {},
            "locked": false,
            "last_modified": "2025-03-05T18:16:16+00:00"
          },
          {
            "etag": "Sanitized",
            "key": ".appconfig.featureflag/ID Test",
            "label": null,
            "content_type": "application/vnd.microsoft.appconfig.ff+json;charset=utf-8",
            "value": "{\"id\":\"IDTest\",\"description\":\"\",\"enabled\":true,\"conditions\":{\"client_filters\":[]}}",
            "tags": {},
            "locked": false,
            "last_modified": "2024-08-27T18:43:08+00:00"
          },
          {
            "etag": "Sanitized",
            "key": ".appconfig.featureflag/NoTagsFeatureFlag",
            "label": null,
            "content_type": "application/vnd.microsoft.appconfig.ff+json;charset=utf-8",
            "value": "{\t\"id\": \"NoTagsFeatureFlag\", \"description\": \"\", \"enabled\": true, \"conditions\": {\t\"client_filters\": []\t}}",
            "tags": {},
            "locked": false,
            "last_modified": "2025-06-09T21:05:08+00:00"
          },
          {
            "etag": "Sanitized",
            "key": ".appconfig.featureflag/SpaceTest",
            "label": null,
            "content_type": "application/vnd.microsoft.appconfig.ff+json;charset=utf-8",
            "value": "{\"id\": \"There is a space in the feature id\", \"enabled\": true, \"conditions\": {\"client_filters\": []}, \"display_name\": null, \"description\": null}",
            "tags": {},
            "locked": false,
            "last_modified": "2024-08-15T18:44:29+00:00"
          },
          {
            "etag": "Sanitized",
            "key": ".appconfig.featureflag/TWF",
            "label": null,
            "content_type": "application/vnd.microsoft.appconfig.ff+json;charset=utf-8",
            "value": "{\"id\":\"TWF\",\"description\":\"\",\"enabled\":true,\"conditions\":{\"client_filters\":[{\"name\":\"Microsoft.TimeWindow\",\"parameters\":{\"Start\":\"Fri, 13 Dec 2024 08:00:00 GMT\",\"End\":\"Sat, 21 Dec 2024 08:00:00 GMT\",\"Recurrence\":{\"Pattern\":{\"Type\":\"Weekly\",\"Interval\":1,\"FirstDayOfWeek\":\"Sunday\",\"DaysOfWeek\":[\"Friday\"]},\"Range\":{\"Type\":\"NoEnd\"}}}}]}}",
            "tags": {},
            "locked": false,
            "last_modified": "2024-12-13T20:20:21+00:00"
          },
          {
            "etag": "Sanitized",
            "key": ".appconfig.featureflag/TaggedFeatureFlag",
            "label": null,
            "content_type": "application/vnd.microsoft.appconfig.ff+json;charset=utf-8",
            "value": "{\t\"id\": \"TaggedFeatureFlag\", \"description\": \"\", \"enabled\": false, \"conditions\": {\t\"client_filters\": []\t}}",
            "tags": {
              "a": "b"
            },
            "locked": false,
            "last_modified": "2025-06-17T21:34:07+00:00"
          },
          {
            "etag": "Sanitized",
            "key": ".appconfig.featureflag/TelTest",
            "label": null,
            "content_type": "application/vnd.microsoft.appconfig.ff+json;charset=utf-8",
            "value": "{\"id\":\"TelTest\",\"enabled\":true,\"variants\":[{\"name\":\"Off\",\"configuration_value\":false},{\"name\":\"On\",\"configuration_value\":true}],\"allocation\":{\"percentile\":[{\"variant\":\"Off\",\"from\":0,\"to\":100}],\"default_when_enabled\":\"Off\",\"default_when_disabled\":\"Off\"},\"telemetry\":{\"enabled\":true}}",
            "tags": {},
            "locked": false,
            "last_modified": "2025-02-11T06:37:32+00:00"
          },
          {
            "etag": "Sanitized",
            "key": ".appconfig.featureflag/jkf",
            "label": null,
            "content_type": "application/vnd.microsoft.appconfig.ff+json;charset=utf-8",
            "value": "{\"id\":\"jkf\",\"description\":\"\",\"enabled\":true,\"conditions\":{\"client_filters\":[{\"name\":\"Microsoft.Targeting\",\"parameters\":{\"Audience\":{\"Users\":[\"gkl\"],\"Groups\":[{\"Name\":\"fk\",\"RolloutPercentage\":49}],\"DefaultRolloutPercentage\":50}}}]}}",
            "tags": {},
            "locked": false,
            "last_modified": "2024-08-29T17:38:18+00:00"
          }
        ]
      }
    }
  ],
  "Variables": {}
}
