{
  "Entries": [
    {
      "RequestUri": "https://login.microsoftonline.com/fake-tenant-id/v2.0/.well-known/openid-configuration",
      "RequestMethod": "GET",
      "RequestHeaders": {
        "Accept": "*/*",
        "Accept-Encoding": "gzip, deflate",
        "Connection": "keep-alive",
        "User-Agent": "azsdk-python-identity/1.12.0 Python/3.11.8 (Windows-10-10.0.22631-SP0)"
      },
      "RequestBody": null,
      "StatusCode": 200,
      "ResponseHeaders": {
        "Access-Control-Allow-Methods": "GET, OPTIONS",
        "Access-Control-Allow-Origin": "*",
        "Cache-Control": "max-age=86400, private",
        "Content-Length": "1599",
        "Content-Type": "application/json; charset=utf-8",
        "Date": "Tue, 13 Feb 2024 00:33:27 GMT",
        "P3P": "CP=\u0022DSP CUR OTPi IND OTRi ONL FIN\u0022",
        "Set-Cookie": [
          "fpc=AuDp-zGoYTVPp1Sq3yIgqa-IlbEPBQAAAICvXN0OAAAA26HaswgAAACMr1zdDgAAAA; expires=Thu, 14-Mar-2024 00:33:27 GMT; path=/; secure; HttpOnly; SameSite=None",
          "x-ms-gateway-slice=estsfd; path=/; secure; samesite=none; httponly"
        ],
        "Strict-Transport-Security": "max-age=31536000; includeSubDomains",
        "X-Content-Type-Options": "nosniff",
        "x-ms-ests-server": "2.1.17338.4 - NCUS ProdSlices",
        "X-XSS-Protection": "0"
      },
      "ResponseBody": {
        "token_endpoint": "https://login.microsoftonline.com/fake-tenant-id/oauth2/v2.0/token",
        "token_endpoint_auth_methods_supported": [
          "client_secret_post",
          "private_key_jwt",
          "client_secret_basic"
        ],
        "jwks_uri": "https://login.microsoftonline.com/fake-tenant-id/discovery/v2.0/keys",
        "response_modes_supported": [
          "query",
          "fragment",
          "form_post"
        ],
        "subject_types_supported": [
          "pairwise"
        ],
        "id_token_signing_alg_values_supported": [
          "RS256"
        ],
        "response_types_supported": [
          "code",
          "id_token",
          "code id_token",
          "id_token token"
        ],
        "scopes_supported": [
          "openid",
          "profile",
          "email",
          "offline_access"
        ],
        "issuer": "https://login.microsoftonline.com/fake-tenant-id/v2.0",
        "request_uri_parameter_supported": false,
        "userinfo_endpoint": "https://graph.microsoft.com/oidc/userinfo",
        "authorization_endpoint": "https://login.microsoftonline.com/fake-tenant-id/oauth2/v2.0/authorize",
        "device_authorization_endpoint": "https://login.microsoftonline.com/fake-tenant-id/oauth2/v2.0/devicecode",
        "http_logout_supported": true,
        "frontchannel_logout_supported": true,
        "end_session_endpoint": "https://login.microsoftonline.com/fake-tenant-id/oauth2/v2.0/logout",
        "claims_supported": [
          "sub",
          "iss",
          "cloud_instance_name",
          "cloud_instance_host_name",
          "cloud_graph_host_name",
          "msgraph_host",
          "aud",
          "exp",
          "iat",
          "auth_time",
          "acr",
          "nonce",
          "preferred_username",
          "name",
          "tid",
          "ver",
          "at_hash",
          "c_hash",
          "email"
        ],
        "kerberos_endpoint": "https://login.microsoftonline.com/fake-tenant-id/kerberos",
        "tenant_region_scope": "WW",
        "cloud_instance_name": "microsoftonline.com",
        "cloud_graph_host_name": "graph.windows.net",
        "msgraph_host": "graph.microsoft.com",
        "rbac_url": "https://pas.windows.net"
      }
    },
    {
      "RequestUri": "https://fake-endpoint.azconfig.io/kv/message?label=%00\u0026api-version=1970-01-01",
      "RequestMethod": "PUT",
      "RequestHeaders": {
        "Accept": "application/vnd.microsoft.appconfig.kv\u002Bjson, application/problem\u002Bjson",
        "Accept-Encoding": "gzip, deflate",
        "Connection": "keep-alive",
        "Content-Length": "94",
        "Content-Type": "application/json",
        "User-Agent": "azsdk-python-appconfiguration/unknown Python/3.11.8 (Windows-10-10.0.22631-SP0)"
      },
      "RequestBody": {
        "key": "message",
        "label": "\u0000",
        "content_type": "text/plain",
        "value": "hi",
        "tags": {}
      },
      "StatusCode": 200,
      "ResponseHeaders": {
        "Access-Control-Allow-Origin": "*",
        "Connection": "keep-alive",
        "Content-Type": "application/vnd.microsoft.appconfig.kv\u002Bjson; charset=utf-8",
        "Date": "Tue, 13 Feb 2024 00:33:28 GMT",
        "ETag": "\u0022OIFTGJkhp2bP8m_S-Q-yob61ceJS35oGgZHEIHU8h4g\u0022",
        "Last-Modified": "Tue, 13 Feb 2024 00:33:28 GMT",
        "Strict-Transport-Security": "max-age=31536000; includeSubDomains",
        "Sync-Token": "zAJw6V16=NzoxNyMyNTA5MDc4OA==;sn=25090788",
        "Transfer-Encoding": "chunked",
        "x-ms-correlation-request-id": "8dd93999-9861-407d-a099-bd3cc4f73695"
      },
      "ResponseBody": {
        "etag": "OIFTGJkhp2bP8m_S-Q-yob61ceJS35oGgZHEIHU8h4g",
        "key": "message",
        "label": null,
        "content_type": "text/plain",
        "value": "hi",
        "tags": {},
        "locked": false,
        "last_modified": "2024-02-13T00:33:28\u002B00:00"
      }
    },
    {
      "RequestUri": "https://fake-endpoint.azconfig.io/kv/message?label=dev\u0026api-version=1970-01-01",
      "RequestMethod": "PUT",
      "RequestHeaders": {
        "Accept": "application/vnd.microsoft.appconfig.kv\u002Bjson, application/problem\u002Bjson",
        "Accept-Encoding": "gzip, deflate",
        "Connection": "keep-alive",
        "Content-Length": "93",
        "Content-Type": "application/json",
        "Sync-Token": "zAJw6V16=NzoxNyMyNTA5MDc4OA==",
        "User-Agent": "azsdk-python-appconfiguration/unknown Python/3.11.8 (Windows-10-10.0.22631-SP0)"
      },
      "RequestBody": {
        "key": "message",
        "label": "dev",
        "content_type": "text/plain",
        "value": "test",
        "tags": {}
      },
      "StatusCode": 200,
      "ResponseHeaders": {
        "Access-Control-Allow-Origin": "*",
        "Connection": "keep-alive",
        "Content-Type": "application/vnd.microsoft.appconfig.kv\u002Bjson; charset=utf-8",
        "Date": "Tue, 13 Feb 2024 00:33:28 GMT",
        "ETag": "\u00225c5MK3D2Abtoq5ftRuA6uB9f35ntES7wMoH0I3CghWg\u0022",
        "Last-Modified": "Tue, 13 Feb 2024 00:33:28 GMT",
        "Strict-Transport-Security": "max-age=31536000; includeSubDomains",
        "Sync-Token": "zAJw6V16=NzoxNyMyNTA5MDc5MA==;sn=25090790",
        "Transfer-Encoding": "chunked",
        "x-ms-correlation-request-id": "55fe2b3c-6762-4364-b2d0-bcde8ec280f1"
      },
      "ResponseBody": {
        "etag": "5c5MK3D2Abtoq5ftRuA6uB9f35ntES7wMoH0I3CghWg",
        "key": "message",
        "label": "dev",
        "content_type": "text/plain",
        "value": "test",
        "tags": {},
        "locked": false,
        "last_modified": "2024-02-13T00:33:28\u002B00:00"
      }
    },
    {
      "RequestUri": "https://fake-endpoint.azconfig.io/kv/my_json?label=%00\u0026api-version=1970-01-01",
      "RequestMethod": "PUT",
      "RequestHeaders": {
        "Accept": "application/vnd.microsoft.appconfig.kv\u002Bjson, application/problem\u002Bjson",
        "Accept-Encoding": "gzip, deflate",
        "Connection": "keep-alive",
        "Content-Length": "118",
        "Content-Type": "application/json",
        "Sync-Token": "zAJw6V16=NzoxNyMyNTA5MDc5MA==",
        "User-Agent": "azsdk-python-appconfiguration/unknown Python/3.11.8 (Windows-10-10.0.22631-SP0)"
      },
      "RequestBody": {
        "key": "my_json",
        "label": "\u0000",
        "content_type": "application/json",
        "value": "{\u0022key\u0022: \u0022value\u0022}",
        "tags": {}
      },
      "StatusCode": 200,
      "ResponseHeaders": {
        "Access-Control-Allow-Origin": "*",
        "Connection": "keep-alive",
        "Content-Type": "application/vnd.microsoft.appconfig.kv\u002Bjson; charset=utf-8",
        "Date": "Tue, 13 Feb 2024 00:33:28 GMT",
        "ETag": "\u0022lGK-_ina9dcS5CGIbrDX4Muz5tlGuOOt0UkB1Ugsx6Y\u0022",
        "Last-Modified": "Tue, 13 Feb 2024 00:33:28 GMT",
        "Strict-Transport-Security": "max-age=31536000; includeSubDomains",
        "Sync-Token": "zAJw6V16=NzoxNyMyNTA5MDc5Mg==;sn=25090792",
        "Transfer-Encoding": "chunked",
        "x-ms-correlation-request-id": "a45bbaf4-f1f1-4bb4-8d22-eff15ad942d5"
      },
      "ResponseBody": {
        "etag": "lGK-_ina9dcS5CGIbrDX4Muz5tlGuOOt0UkB1Ugsx6Y",
        "key": "my_json",
        "label": null,
        "content_type": "application/json",
        "value": "{\u0022key\u0022: \u0022value\u0022}",
        "tags": {},
        "locked": false,
        "last_modified": "2024-02-13T00:33:28\u002B00:00"
      }
    },
    {
      "RequestUri": "https://fake-endpoint.azconfig.io/kv/test.trimmed?label=%00\u0026api-version=1970-01-01",
      "RequestMethod": "PUT",
      "RequestHeaders": {
        "Accept": "application/vnd.microsoft.appconfig.kv\u002Bjson, application/problem\u002Bjson",
        "Accept-Encoding": "gzip, deflate",
        "Connection": "keep-alive",
        "Content-Length": "100",
        "Content-Type": "application/json",
        "Sync-Token": "zAJw6V16=NzoxNyMyNTA5MDc5Mg==",
        "User-Agent": "azsdk-python-appconfiguration/unknown Python/3.11.8 (Windows-10-10.0.22631-SP0)"
      },
      "RequestBody": {
        "key": "test.trimmed",
        "label": "\u0000",
        "content_type": "text/plain",
        "value": "key",
        "tags": {}
      },
      "StatusCode": 200,
      "ResponseHeaders": {
        "Access-Control-Allow-Origin": "*",
        "Connection": "keep-alive",
        "Content-Type": "application/vnd.microsoft.appconfig.kv\u002Bjson; charset=utf-8",
        "Date": "Tue, 13 Feb 2024 00:33:28 GMT",
        "ETag": "\u0022x1QxSa4o7cE940hXyqwlBw6vaYjWd_1cHIOGJ9JySYQ\u0022",
        "Last-Modified": "Tue, 13 Feb 2024 00:33:28 GMT",
        "Strict-Transport-Security": "max-age=31536000; includeSubDomains",
        "Sync-Token": "zAJw6V16=NzoxNyMyNTA5MDc5NA==;sn=25090794",
        "Transfer-Encoding": "chunked",
        "x-ms-correlation-request-id": "bfe04331-aea4-4eb2-8077-9c4f2902090f"
      },
      "ResponseBody": {
        "etag": "x1QxSa4o7cE940hXyqwlBw6vaYjWd_1cHIOGJ9JySYQ",
        "key": "test.trimmed",
        "label": null,
        "content_type": "text/plain",
        "value": "key",
        "tags": {},
        "locked": false,
        "last_modified": "2024-02-13T00:33:28\u002B00:00"
      }
    },
    {
      "RequestUri": "https://fake-endpoint.azconfig.io/kv/refresh_message?label=%00\u0026api-version=1970-01-01",
      "RequestMethod": "PUT",
      "RequestHeaders": {
        "Accept": "application/vnd.microsoft.appconfig.kv\u002Bjson, application/problem\u002Bjson",
        "Accept-Encoding": "gzip, deflate",
        "Connection": "keep-alive",
        "Content-Length": "114",
        "Content-Type": "application/json",
        "Sync-Token": "zAJw6V16=NzoxNyMyNTA5MDc5NA==",
        "User-Agent": "azsdk-python-appconfiguration/unknown Python/3.11.8 (Windows-10-10.0.22631-SP0)"
      },
      "RequestBody": {
        "key": "refresh_message",
        "label": "\u0000",
        "content_type": "text/plain",
        "value": "original value",
        "tags": {}
      },
      "StatusCode": 200,
      "ResponseHeaders": {
        "Access-Control-Allow-Origin": "*",
        "Connection": "keep-alive",
        "Content-Type": "application/vnd.microsoft.appconfig.kv\u002Bjson; charset=utf-8",
        "Date": "Tue, 13 Feb 2024 00:33:28 GMT",
        "ETag": "\u0022KFJEqrlaTXVNE6LWyEpSX40RbaS986ENyixD7dsKgdQ\u0022",
        "Last-Modified": "Tue, 13 Feb 2024 00:33:28 GMT",
        "Strict-Transport-Security": "max-age=31536000; includeSubDomains",
        "Sync-Token": "zAJw6V16=NzoxNyMyNTA5MDc5Ng==;sn=25090796",
        "Transfer-Encoding": "chunked",
        "x-ms-correlation-request-id": "45ac35e3-a4e8-44cb-9bec-fff93d21e2a0"
      },
      "ResponseBody": {
        "etag": "KFJEqrlaTXVNE6LWyEpSX40RbaS986ENyixD7dsKgdQ",
        "key": "refresh_message",
        "label": null,
        "content_type": "text/plain",
        "value": "original value",
        "tags": {},
        "locked": false,
        "last_modified": "2024-02-13T00:33:28\u002B00:00"
      }
    },
    {
      "RequestUri": "https://fake-endpoint.azconfig.io/kv/non_refreshed_message?label=%00\u0026api-version=1970-01-01",
      "RequestMethod": "PUT",
      "RequestHeaders": {
        "Accept": "application/vnd.microsoft.appconfig.kv\u002Bjson, application/problem\u002Bjson",
        "Accept-Encoding": "gzip, deflate",
        "Connection": "keep-alive",
        "Content-Length": "112",
        "Content-Type": "application/json",
        "Sync-Token": "zAJw6V16=NzoxNyMyNTA5MDc5Ng==",
        "User-Agent": "azsdk-python-appconfiguration/unknown Python/3.11.8 (Windows-10-10.0.22631-SP0)"
      },
      "RequestBody": {
        "key": "non_refreshed_message",
        "label": "\u0000",
        "content_type": "text/plain",
        "value": "Static",
        "tags": {}
      },
      "StatusCode": 200,
      "ResponseHeaders": {
        "Access-Control-Allow-Origin": "*",
        "Connection": "keep-alive",
        "Content-Type": "application/vnd.microsoft.appconfig.kv\u002Bjson; charset=utf-8",
        "Date": "Tue, 13 Feb 2024 00:33:28 GMT",
        "ETag": "\u0022erRewTJ7UTp7075FtNqwM3igLznAEaiGFf4dsmCWS1I\u0022",
        "Last-Modified": "Tue, 13 Feb 2024 00:33:28 GMT",
        "Strict-Transport-Security": "max-age=31536000; includeSubDomains",
        "Sync-Token": "zAJw6V16=NzoxNyMyNTA5MDc5OA==;sn=25090798",
        "Transfer-Encoding": "chunked",
        "x-ms-correlation-request-id": "5635e17e-349f-47fc-8307-22e8890f4fd8"
      },
      "ResponseBody": {
        "etag": "erRewTJ7UTp7075FtNqwM3igLznAEaiGFf4dsmCWS1I",
        "key": "non_refreshed_message",
        "label": null,
        "content_type": "text/plain",
        "value": "Static",
        "tags": {},
        "locked": false,
        "last_modified": "2024-02-13T00:33:28\u002B00:00"
      }
    },
    {
      "RequestUri": "https://fake-endpoint.azconfig.io/kv/.appconfig.featureflag%2FAlpha?label=%00\u0026api-version=1970-01-01",
      "RequestMethod": "PUT",
      "RequestHeaders": {
        "Accept": "application/vnd.microsoft.appconfig.kv\u002Bjson, application/problem\u002Bjson",
        "Accept-Encoding": "gzip, deflate",
        "Connection": "keep-alive",
        "Content-Length": "270",
        "Content-Type": "application/json",
        "Sync-Token": "zAJw6V16=NzoxNyMyNTA5MDc5OA==",
        "User-Agent": "azsdk-python-appconfiguration/unknown Python/3.11.8 (Windows-10-10.0.22631-SP0)"
      },
      "RequestBody": {
        "key": ".appconfig.featureflag/Alpha",
        "label": "\u0000",
        "content_type": "application/vnd.microsoft.appconfig.ff\u002Bjson;charset=utf-8",
        "value": "{\t\u0022id\u0022: \u0022Alpha\u0022, \u0022description\u0022: \u0022\u0022, \u0022enabled\u0022: false, \u0022conditions\u0022: {\t\u0022client_filters\u0022: []\t}}",
        "tags": {}
      },
      "StatusCode": 200,
      "ResponseHeaders": {
        "Access-Control-Allow-Origin": "*",
        "Connection": "keep-alive",
        "Content-Type": "application/vnd.microsoft.appconfig.kv\u002Bjson; charset=utf-8",
        "Date": "Tue, 13 Feb 2024 00:33:28 GMT",
        "ETag": "\u0022O9hE_k_0qOJ3hm1v57vbEDkFgGMmEc9j7f0oEokRQ7c\u0022",
        "Last-Modified": "Tue, 13 Feb 2024 00:33:28 GMT",
        "Strict-Transport-Security": "max-age=31536000; includeSubDomains",
        "Sync-Token": "zAJw6V16=NzoxNyMyNTA5MDgwMA==;sn=25090800",
        "Transfer-Encoding": "chunked",
        "x-ms-correlation-request-id": "7015fcff-3d23-45f9-9097-94586ab57871"
      },
      "ResponseBody": {
        "etag": "O9hE_k_0qOJ3hm1v57vbEDkFgGMmEc9j7f0oEokRQ7c",
        "key": ".appconfig.featureflag/Alpha",
        "label": null,
        "content_type": "application/vnd.microsoft.appconfig.ff\u002Bjson;charset=utf-8",
        "value": "{\t\u0022id\u0022: \u0022Alpha\u0022, \u0022description\u0022: \u0022\u0022, \u0022enabled\u0022: false, \u0022conditions\u0022: {\t\u0022client_filters\u0022: []\t}}",
        "tags": {},
        "locked": false,
        "last_modified": "2024-02-13T00:33:28\u002B00:00"
      }
    },
    {
      "RequestUri": "https://fake-endpoint.azconfig.io/kv/secret?label=prod\u0026api-version=1970-01-01",
      "RequestMethod": "PUT",
      "RequestHeaders": {
        "Accept": "application/vnd.microsoft.appconfig.kv\u002Bjson, application/problem\u002Bjson",
        "Accept-Encoding": "gzip, deflate",
        "Connection": "keep-alive",
        "Content-Length": "217",
        "Content-Type": "application/json",
        "Sync-Token": "zAJw6V16=NzoxNyMyNTA5MDgwMA==",
        "User-Agent": "azsdk-python-appconfiguration/unknown Python/3.11.8 (Windows-10-10.0.22631-SP0)"
      },
      "RequestBody": {
        "key": "secret",
        "label": "prod",
        "content_type": "application/vnd.microsoft.appconfig.keyvaultref\u002Bjson;charset=utf-8",
        "value": "{\u0022uri\u0022:\u0022https://fake-keyvault.vault.azure.net/secrets/fake-secret/\u0022}",
        "tags": {}
      },
      "StatusCode": 200,
      "ResponseHeaders": {
        "Access-Control-Allow-Origin": "*",
        "Connection": "keep-alive",
        "Content-Type": "application/vnd.microsoft.appconfig.kv\u002Bjson; charset=utf-8",
        "Date": "Tue, 13 Feb 2024 00:33:28 GMT",
        "ETag": "\u00225cV4Ik5CyvdY8ayRSJ_frC06KJy9ugl5ZRmmVPxiZy4\u0022",
        "Last-Modified": "Tue, 13 Feb 2024 00:33:28 GMT",
        "Strict-Transport-Security": "max-age=31536000; includeSubDomains",
        "Sync-Token": "zAJw6V16=NzoxNyMyNTA5MDgwMg==;sn=25090802",
        "Transfer-Encoding": "chunked",
        "x-ms-correlation-request-id": "5f3d25fa-035c-45f9-97e4-49a0f7c2668d"
      },
      "ResponseBody": {
        "etag": "5cV4Ik5CyvdY8ayRSJ_frC06KJy9ugl5ZRmmVPxiZy4",
        "key": "secret",
        "label": "prod",
        "content_type": "application/vnd.microsoft.appconfig.keyvaultref\u002Bjson;charset=utf-8",
        "value": "{\u0022uri\u0022:\u0022https://fake-keyvault.vault.azure.net/secrets/fake-secret/\u0022}",
        "tags": {},
        "locked": false,
        "last_modified": "2024-02-13T00:33:28\u002B00:00"
      }
    },
    {
      "RequestUri": "https://fake-endpoint.azconfig.io/kv?key=message%2A\u0026label=dev\u0026api-version=1970-01-01",
      "RequestMethod": "GET",
      "RequestHeaders": {
        "Accept": "application/vnd.microsoft.appconfig.kvset\u002Bjson, application/problem\u002Bjson",
        "Accept-Encoding": "gzip, deflate",
        "Connection": "keep-alive",
        "Correlation-Context": "RequestType=Startup,UsesKeyVault",
        "User-Agent": "SDK/Integration python-appconfiguration-provider/1.1.1 azsdk-python-appconfiguration/unknown Python/3.11.8 (Windows-10-10.0.22631-SP0)"
      },
      "RequestBody": null,
      "StatusCode": 200,
      "ResponseHeaders": {
        "Access-Control-Allow-Origin": "*",
        "Connection": "keep-alive",
        "Content-Type": "application/vnd.microsoft.appconfig.kvset\u002Bjson; charset=utf-8",
        "Date": "Tue, 13 Feb 2024 00:33:28 GMT",
        "ETag": "\u0022AhglyoInIAdzn4mv5cyYfjaIRcGWcfpGIaKaOlPSkPc\u0022",
        "Strict-Transport-Security": "max-age=31536000; includeSubDomains",
        "Sync-Token": "zAJw6V16=NzoxNyMyNTA5MDgwMw==;sn=25090803",
        "Transfer-Encoding": "chunked",
        "x-ms-correlation-request-id": "7276f05d-655b-4172-a5ac-239337a696b7"
      },
      "ResponseBody": {
        "etag": "AhglyoInIAdzn4mv5cyYfjaIRcGWcfpGIaKaOlPSkPc",
        "items": [
          {
            "etag": "5c5MK3D2Abtoq5ftRuA6uB9f35ntES7wMoH0I3CghWg",
            "key": "message",
            "label": "dev",
            "content_type": "text/plain",
            "value": "test",
            "tags": {},
            "locked": false,
            "last_modified": "2024-02-13T00:33:28\u002B00:00"
          }
        ]
      }
    }
  ],
  "Variables": {}
}
