{
  "Entries": [
    {
      "RequestUri": "https://management.azure.com/subscriptions/8443df5e-8e12-4cd9-810e-c525196fecae/resourcegroups/Communication-RG-929?api-version=2022-09-01",
      "RequestMethod": "GET",
      "RequestHeaders": {
        "Accept": "application/json",
        "Authorization": "Sanitized",
        "traceparent": "00-29c3f83e47a56a75b3fb9a8e4907af9d-323284ca7ed7b3ce-00",
        "User-Agent": "azsdk-net-ResourceManager/1.7.0 (.NET Framework 4.8.9167.0; Microsoft Windows 10.0.22621 )",
        "x-ms-client-request-id": "0dc6e9a2e6f593b3e1b3ac5c9a96483d",
        "x-ms-return-client-request-id": "true"
      },
      "RequestBody": null,
      "StatusCode": 200,
      "ResponseHeaders": {
        "Cache-Control": "no-cache",
        "Content-Length": "237",
        "Content-Type": "application/json; charset=utf-8",
        "Date": "Sat, 19 Aug 2023 09:55:31 GMT",
        "Expires": "-1",
        "Pragma": "no-cache",
        "Strict-Transport-Security": "max-age=31536000; includeSubDomains",
        "X-Content-Type-Options": "nosniff",
        "x-ms-correlation-request-id": "b12239c4-bd48-4bc2-b886-f07adc0a445c",
        "x-ms-ratelimit-remaining-subscription-reads": "11987",
        "x-ms-request-id": "b12239c4-bd48-4bc2-b886-f07adc0a445c",
        "x-ms-routing-request-id": "WESTUS2:20230819T095532Z:b12239c4-bd48-4bc2-b886-f07adc0a445c"
      },
      "ResponseBody": {
        "id": "/subscriptions/8443df5e-8e12-4cd9-810e-c525196fecae/resourceGroups/Communication-RG-929",
        "name": "Communication-RG-929",
        "type": "Microsoft.Resources/resourceGroups",
        "location": "westus",
        "properties": {
          "provisioningState": "Succeeded"
        }
      }
    },
    {
      "RequestUri": "https://management.azure.com/subscriptions/8443df5e-8e12-4cd9-810e-c525196fecae/resourceGroups/Communication-RG-929/providers/Microsoft.Communication/communicationServices/communication-service-2117?api-version=2023-04-01-preview",
      "RequestMethod": "PUT",
      "RequestHeaders": {
        "Accept": "application/json",
        "Authorization": "Sanitized",
        "Content-Length": "76",
        "Content-Type": "application/json",
        "traceparent": "00-6dc0f8f943bbb59715e2c6187b8e7075-404b545b1a7e725e-00",
        "User-Agent": "azsdk-net-ResourceManager.Communication/1.2.0-alpha.20230817.1 (.NET Framework 4.8.9167.0; Microsoft Windows 10.0.22621 )",
        "x-ms-client-request-id": "98ef4ccc5fcb51ffea1cde696ca49b9c",
        "x-ms-return-client-request-id": "true"
      },
      "RequestBody": {
        "tags": {},
        "location": "global",
        "properties": {
          "dataLocation": "UnitedStates"
        }
      },
      "StatusCode": 201,
      "ResponseHeaders": {
        "Azure-AsyncOperation": "https://management.azure.com/subscriptions/8443df5e-8e12-4cd9-810e-c525196fecae/providers/Microsoft.Communication/locations/WESTUS2/operationStatuses/4e572428-afc0-417d-b21c-da5764159404*B5DE862B238C10BB273E507392462B3E9E2111FB8582CD38F373F17B7E925470?api-version=2023-04-01-preview",
        "Cache-Control": "no-cache",
        "Content-Length": "654",
        "Content-Type": "application/json; charset=utf-8",
        "Date": "Sat, 19 Aug 2023 09:55:33 GMT",
        "ETag": "\u002202001042-0000-0700-0000-64e091960000\u0022",
        "Expires": "-1",
        "mise-correlation-id": "8d3bdbdd-c025-4dbe-978e-8da58c956431",
        "Pragma": "no-cache",
        "Request-Context": "appId=",
        "Strict-Transport-Security": "max-age=31536000; includeSubDomains",
        "X-Content-Type-Options": "nosniff",
        "x-ms-client-request-id": "98ef4ccc5fcb51ffea1cde696ca49b9c",
        "x-ms-correlation-request-id": "d9cbbfb2-9345-4f42-a8a5-956209766764",
        "x-ms-providerhub-traffic": "True",
        "x-ms-ratelimit-remaining-subscription-writes": "1199",
        "x-ms-request-id": "4e572428-afc0-417d-b21c-da5764159404",
        "x-ms-routing-request-id": "WESTUS2:20230819T095534Z:d9cbbfb2-9345-4f42-a8a5-956209766764"
      },
      "ResponseBody": {
        "id": "/subscriptions/8443df5e-8e12-4cd9-810e-c525196fecae/resourceGroups/Communication-RG-929/providers/Microsoft.Communication/communicationServices/communication-service-2117",
        "name": "communication-service-2117",
        "type": "microsoft.communication/communicationservices",
        "location": "global",
        "tags": {},
        "systemData": {
          "createdBy": "00226471-3a95-403e-98c0-dca45fecd307",
          "createdByType": "Application",
          "createdAt": "2023-08-19T09:55:33.4228804Z",
          "lastModifiedBy": "00226471-3a95-403e-98c0-dca45fecd307",
          "lastModifiedByType": "Application",
          "lastModifiedAt": "2023-08-19T09:55:33.4228804Z"
        },
        "properties": {
          "dataLocation": "UnitedStates",
          "provisioningState": "Accepted"
        }
      }
    },
    {
      "RequestUri": "https://management.azure.com/subscriptions/8443df5e-8e12-4cd9-810e-c525196fecae/providers/Microsoft.Communication/locations/WESTUS2/operationStatuses/4e572428-afc0-417d-b21c-da5764159404*B5DE862B238C10BB273E507392462B3E9E2111FB8582CD38F373F17B7E925470?api-version=2023-04-01-preview",
      "RequestMethod": "GET",
      "RequestHeaders": {
        "Authorization": "Sanitized",
        "traceparent": "00-6dc0f8f943bbb59715e2c6187b8e7075-99a269899efc76af-00",
        "User-Agent": "azsdk-net-ResourceManager/1.7.0 (.NET Framework 4.8.9167.0; Microsoft Windows 10.0.22621 )",
        "x-ms-client-request-id": "92fa0870aecf8ad6c6bc0bcad42a750f",
        "x-ms-return-client-request-id": "true"
      },
      "RequestBody": null,
      "StatusCode": 200,
      "ResponseHeaders": {
        "Cache-Control": "no-cache",
        "Content-Length": "592",
        "Content-Type": "application/json; charset=utf-8",
        "Date": "Sat, 19 Aug 2023 09:55:33 GMT",
        "ETag": "\u00220b006cae-0000-0800-0000-64e091950000\u0022",
        "Expires": "-1",
        "Pragma": "no-cache",
        "Strict-Transport-Security": "max-age=31536000; includeSubDomains",
        "X-Content-Type-Options": "nosniff",
        "x-ms-client-request-id": "92fa0870aecf8ad6c6bc0bcad42a750f",
        "x-ms-correlation-request-id": "2c6a5162-9db1-4475-b07d-382d31d35bff",
        "x-ms-ratelimit-remaining-subscription-reads": "11986",
        "x-ms-request-id": "c981644e-9253-43da-972c-b1436f857463",
        "x-ms-routing-request-id": "WESTUS2:20230819T095534Z:2c6a5162-9db1-4475-b07d-382d31d35bff"
      },
      "ResponseBody": {
        "id": "/subscriptions/8443df5e-8e12-4cd9-810e-c525196fecae/providers/Microsoft.Communication/locations/WESTUS2/operationStatuses/4e572428-afc0-417d-b21c-da5764159404*B5DE862B238C10BB273E507392462B3E9E2111FB8582CD38F373F17B7E925470",
        "name": "4e572428-afc0-417d-b21c-da5764159404*B5DE862B238C10BB273E507392462B3E9E2111FB8582CD38F373F17B7E925470",
        "resourceId": "/subscriptions/8443df5e-8e12-4cd9-810e-c525196fecae/resourceGroups/Communication-RG-929/providers/Microsoft.Communication/communicationServices/communication-service-2117",
        "status": "Accepted",
        "startTime": "2023-08-19T09:55:33.9685945Z"
      }
    },
    {
      "RequestUri": "https://management.azure.com/subscriptions/8443df5e-8e12-4cd9-810e-c525196fecae/providers/Microsoft.Communication/locations/WESTUS2/operationStatuses/4e572428-afc0-417d-b21c-da5764159404*B5DE862B238C10BB273E507392462B3E9E2111FB8582CD38F373F17B7E925470?api-version=2023-04-01-preview",
      "RequestMethod": "GET",
      "RequestHeaders": {
        "Authorization": "Sanitized",
        "traceparent": "00-6dc0f8f943bbb59715e2c6187b8e7075-6b913dcdcf83da5f-00",
        "User-Agent": "azsdk-net-ResourceManager/1.7.0 (.NET Framework 4.8.9167.0; Microsoft Windows 10.0.22621 )",
        "x-ms-client-request-id": "317abf103f969cd6073646d4f213b825",
        "x-ms-return-client-request-id": "true"
      },
      "RequestBody": null,
      "StatusCode": 200,
      "ResponseHeaders": {
        "Cache-Control": "no-cache",
        "Content-Length": "592",
        "Content-Type": "application/json; charset=utf-8",
        "Date": "Sat, 19 Aug 2023 09:55:34 GMT",
        "ETag": "\u00220b006cae-0000-0800-0000-64e091950000\u0022",
        "Expires": "-1",
        "Pragma": "no-cache",
        "Strict-Transport-Security": "max-age=31536000; includeSubDomains",
        "X-Content-Type-Options": "nosniff",
        "x-ms-client-request-id": "317abf103f969cd6073646d4f213b825",
        "x-ms-correlation-request-id": "5cdf5b68-867f-420c-accf-ddc6eb8d2e05",
        "x-ms-ratelimit-remaining-subscription-reads": "11985",
        "x-ms-request-id": "1c74bfc3-5c5e-48fc-af9f-3d03c97958e1",
        "x-ms-routing-request-id": "WESTUS2:20230819T095535Z:5cdf5b68-867f-420c-accf-ddc6eb8d2e05"
      },
      "ResponseBody": {
        "id": "/subscriptions/8443df5e-8e12-4cd9-810e-c525196fecae/providers/Microsoft.Communication/locations/WESTUS2/operationStatuses/4e572428-afc0-417d-b21c-da5764159404*B5DE862B238C10BB273E507392462B3E9E2111FB8582CD38F373F17B7E925470",
        "name": "4e572428-afc0-417d-b21c-da5764159404*B5DE862B238C10BB273E507392462B3E9E2111FB8582CD38F373F17B7E925470",
        "resourceId": "/subscriptions/8443df5e-8e12-4cd9-810e-c525196fecae/resourceGroups/Communication-RG-929/providers/Microsoft.Communication/communicationServices/communication-service-2117",
        "status": "Accepted",
        "startTime": "2023-08-19T09:55:33.9685945Z"
      }
    },
    {
      "RequestUri": "https://management.azure.com/subscriptions/8443df5e-8e12-4cd9-810e-c525196fecae/providers/Microsoft.Communication/locations/WESTUS2/operationStatuses/4e572428-afc0-417d-b21c-da5764159404*B5DE862B238C10BB273E507392462B3E9E2111FB8582CD38F373F17B7E925470?api-version=2023-04-01-preview",
      "RequestMethod": "GET",
      "RequestHeaders": {
        "Authorization": "Sanitized",
        "traceparent": "00-6dc0f8f943bbb59715e2c6187b8e7075-06b93861ff63a728-00",
        "User-Agent": "azsdk-net-ResourceManager/1.7.0 (.NET Framework 4.8.9167.0; Microsoft Windows 10.0.22621 )",
        "x-ms-client-request-id": "63f9666309aa71cd8e2737d2247ae427",
        "x-ms-return-client-request-id": "true"
      },
      "RequestBody": null,
      "StatusCode": 200,
      "ResponseHeaders": {
        "Cache-Control": "no-cache",
        "Content-Length": "592",
        "Content-Type": "application/json; charset=utf-8",
        "Date": "Sat, 19 Aug 2023 09:55:35 GMT",
        "ETag": "\u00220b006cae-0000-0800-0000-64e091950000\u0022",
        "Expires": "-1",
        "Pragma": "no-cache",
        "Strict-Transport-Security": "max-age=31536000; includeSubDomains",
        "X-Content-Type-Options": "nosniff",
        "x-ms-client-request-id": "63f9666309aa71cd8e2737d2247ae427",
        "x-ms-correlation-request-id": "62bee2d2-8355-4085-831d-f35e3d2368d0",
        "x-ms-ratelimit-remaining-subscription-reads": "11984",
        "x-ms-request-id": "7be8e8f3-c0ee-474c-9b2a-079259509556",
        "x-ms-routing-request-id": "WESTUS2:20230819T095536Z:62bee2d2-8355-4085-831d-f35e3d2368d0"
      },
      "ResponseBody": {
        "id": "/subscriptions/8443df5e-8e12-4cd9-810e-c525196fecae/providers/Microsoft.Communication/locations/WESTUS2/operationStatuses/4e572428-afc0-417d-b21c-da5764159404*B5DE862B238C10BB273E507392462B3E9E2111FB8582CD38F373F17B7E925470",
        "name": "4e572428-afc0-417d-b21c-da5764159404*B5DE862B238C10BB273E507392462B3E9E2111FB8582CD38F373F17B7E925470",
        "resourceId": "/subscriptions/8443df5e-8e12-4cd9-810e-c525196fecae/resourceGroups/Communication-RG-929/providers/Microsoft.Communication/communicationServices/communication-service-2117",
        "status": "Accepted",
        "startTime": "2023-08-19T09:55:33.9685945Z"
      }
    },
    {
      "RequestUri": "https://management.azure.com/subscriptions/8443df5e-8e12-4cd9-810e-c525196fecae/providers/Microsoft.Communication/locations/WESTUS2/operationStatuses/4e572428-afc0-417d-b21c-da5764159404*B5DE862B238C10BB273E507392462B3E9E2111FB8582CD38F373F17B7E925470?api-version=2023-04-01-preview",
      "RequestMethod": "GET",
      "RequestHeaders": {
        "Authorization": "Sanitized",
        "traceparent": "00-6dc0f8f943bbb59715e2c6187b8e7075-b5dcb612cbc580c5-00",
        "User-Agent": "azsdk-net-ResourceManager/1.7.0 (.NET Framework 4.8.9167.0; Microsoft Windows 10.0.22621 )",
        "x-ms-client-request-id": "d8db5c81874a30e1325d8b98680198b2",
        "x-ms-return-client-request-id": "true"
      },
      "RequestBody": null,
      "StatusCode": 200,
      "ResponseHeaders": {
        "Cache-Control": "no-cache",
        "Content-Length": "592",
        "Content-Type": "application/json; charset=utf-8",
        "Date": "Sat, 19 Aug 2023 09:55:36 GMT",
        "ETag": "\u00220b006cae-0000-0800-0000-64e091950000\u0022",
        "Expires": "-1",
        "Pragma": "no-cache",
        "Strict-Transport-Security": "max-age=31536000; includeSubDomains",
        "X-Content-Type-Options": "nosniff",
        "x-ms-client-request-id": "d8db5c81874a30e1325d8b98680198b2",
        "x-ms-correlation-request-id": "d6d341b7-2a31-45e7-b5fb-e4d674a3b8f4",
        "x-ms-ratelimit-remaining-subscription-reads": "11983",
        "x-ms-request-id": "45aa5d23-d7e1-4781-bdeb-2c384274ac3d",
        "x-ms-routing-request-id": "WESTUS2:20230819T095537Z:d6d341b7-2a31-45e7-b5fb-e4d674a3b8f4"
      },
      "ResponseBody": {
        "id": "/subscriptions/8443df5e-8e12-4cd9-810e-c525196fecae/providers/Microsoft.Communication/locations/WESTUS2/operationStatuses/4e572428-afc0-417d-b21c-da5764159404*B5DE862B238C10BB273E507392462B3E9E2111FB8582CD38F373F17B7E925470",
        "name": "4e572428-afc0-417d-b21c-da5764159404*B5DE862B238C10BB273E507392462B3E9E2111FB8582CD38F373F17B7E925470",
        "resourceId": "/subscriptions/8443df5e-8e12-4cd9-810e-c525196fecae/resourceGroups/Communication-RG-929/providers/Microsoft.Communication/communicationServices/communication-service-2117",
        "status": "Accepted",
        "startTime": "2023-08-19T09:55:33.9685945Z"
      }
    },
    {
      "RequestUri": "https://management.azure.com/subscriptions/8443df5e-8e12-4cd9-810e-c525196fecae/providers/Microsoft.Communication/locations/WESTUS2/operationStatuses/4e572428-afc0-417d-b21c-da5764159404*B5DE862B238C10BB273E507392462B3E9E2111FB8582CD38F373F17B7E925470?api-version=2023-04-01-preview",
      "RequestMethod": "GET",
      "RequestHeaders": {
        "Authorization": "Sanitized",
        "traceparent": "00-6dc0f8f943bbb59715e2c6187b8e7075-4548fd5d85a1f37d-00",
        "User-Agent": "azsdk-net-ResourceManager/1.7.0 (.NET Framework 4.8.9167.0; Microsoft Windows 10.0.22621 )",
        "x-ms-client-request-id": "6e67e60312300765f209a26f0803788c",
        "x-ms-return-client-request-id": "true"
      },
      "RequestBody": null,
      "StatusCode": 200,
      "ResponseHeaders": {
        "Cache-Control": "no-cache",
        "Content-Length": "592",
        "Content-Type": "application/json; charset=utf-8",
        "Date": "Sat, 19 Aug 2023 09:55:38 GMT",
        "ETag": "\u00220b006cae-0000-0800-0000-64e091950000\u0022",
        "Expires": "-1",
        "Pragma": "no-cache",
        "Strict-Transport-Security": "max-age=31536000; includeSubDomains",
        "X-Content-Type-Options": "nosniff",
        "x-ms-client-request-id": "6e67e60312300765f209a26f0803788c",
        "x-ms-correlation-request-id": "565deddd-38f5-4829-a807-ebfc34c492f4",
        "x-ms-ratelimit-remaining-subscription-reads": "11982",
        "x-ms-request-id": "38c53142-b2de-4662-98df-bf2ae8480ad1",
        "x-ms-routing-request-id": "WESTUS2:20230819T095539Z:565deddd-38f5-4829-a807-ebfc34c492f4"
      },
      "ResponseBody": {
        "id": "/subscriptions/8443df5e-8e12-4cd9-810e-c525196fecae/providers/Microsoft.Communication/locations/WESTUS2/operationStatuses/4e572428-afc0-417d-b21c-da5764159404*B5DE862B238C10BB273E507392462B3E9E2111FB8582CD38F373F17B7E925470",
        "name": "4e572428-afc0-417d-b21c-da5764159404*B5DE862B238C10BB273E507392462B3E9E2111FB8582CD38F373F17B7E925470",
        "resourceId": "/subscriptions/8443df5e-8e12-4cd9-810e-c525196fecae/resourceGroups/Communication-RG-929/providers/Microsoft.Communication/communicationServices/communication-service-2117",
        "status": "Accepted",
        "startTime": "2023-08-19T09:55:33.9685945Z"
      }
    },
    {
      "RequestUri": "https://management.azure.com/subscriptions/8443df5e-8e12-4cd9-810e-c525196fecae/providers/Microsoft.Communication/locations/WESTUS2/operationStatuses/4e572428-afc0-417d-b21c-da5764159404*B5DE862B238C10BB273E507392462B3E9E2111FB8582CD38F373F17B7E925470?api-version=2023-04-01-preview",
      "RequestMethod": "GET",
      "RequestHeaders": {
        "Authorization": "Sanitized",
        "traceparent": "00-6dc0f8f943bbb59715e2c6187b8e7075-9fe1046bdb9d7aa7-00",
        "User-Agent": "azsdk-net-ResourceManager/1.7.0 (.NET Framework 4.8.9167.0; Microsoft Windows 10.0.22621 )",
        "x-ms-client-request-id": "95531e52df37dcda84c8314c7d34088c",
        "x-ms-return-client-request-id": "true"
      },
      "RequestBody": null,
      "StatusCode": 200,
      "ResponseHeaders": {
        "Cache-Control": "no-cache",
        "Content-Length": "592",
        "Content-Type": "application/json; charset=utf-8",
        "Date": "Sat, 19 Aug 2023 09:55:42 GMT",
        "ETag": "\u00220b006cae-0000-0800-0000-64e091950000\u0022",
        "Expires": "-1",
        "Pragma": "no-cache",
        "Strict-Transport-Security": "max-age=31536000; includeSubDomains",
        "X-Content-Type-Options": "nosniff",
        "x-ms-client-request-id": "95531e52df37dcda84c8314c7d34088c",
        "x-ms-correlation-request-id": "28aac2e7-4583-4c02-8849-542209ca3a00",
        "x-ms-ratelimit-remaining-subscription-reads": "11981",
        "x-ms-request-id": "1f25d8dd-ad4a-43fd-b09b-cedb4ed75c29",
        "x-ms-routing-request-id": "WESTUS2:20230819T095543Z:28aac2e7-4583-4c02-8849-542209ca3a00"
      },
      "ResponseBody": {
        "id": "/subscriptions/8443df5e-8e12-4cd9-810e-c525196fecae/providers/Microsoft.Communication/locations/WESTUS2/operationStatuses/4e572428-afc0-417d-b21c-da5764159404*B5DE862B238C10BB273E507392462B3E9E2111FB8582CD38F373F17B7E925470",
        "name": "4e572428-afc0-417d-b21c-da5764159404*B5DE862B238C10BB273E507392462B3E9E2111FB8582CD38F373F17B7E925470",
        "resourceId": "/subscriptions/8443df5e-8e12-4cd9-810e-c525196fecae/resourceGroups/Communication-RG-929/providers/Microsoft.Communication/communicationServices/communication-service-2117",
        "status": "Accepted",
        "startTime": "2023-08-19T09:55:33.9685945Z"
      }
    },
    {
      "RequestUri": "https://management.azure.com/subscriptions/8443df5e-8e12-4cd9-810e-c525196fecae/providers/Microsoft.Communication/locations/WESTUS2/operationStatuses/4e572428-afc0-417d-b21c-da5764159404*B5DE862B238C10BB273E507392462B3E9E2111FB8582CD38F373F17B7E925470?api-version=2023-04-01-preview",
      "RequestMethod": "GET",
      "RequestHeaders": {
        "Authorization": "Sanitized",
        "traceparent": "00-6dc0f8f943bbb59715e2c6187b8e7075-2b8d7dd0ee252390-00",
        "User-Agent": "azsdk-net-ResourceManager/1.7.0 (.NET Framework 4.8.9167.0; Microsoft Windows 10.0.22621 )",
        "x-ms-client-request-id": "3dcf848f75136ff7f7d4e641e472282e",
        "x-ms-return-client-request-id": "true"
      },
      "RequestBody": null,
      "StatusCode": 200,
      "ResponseHeaders": {
        "Cache-Control": "no-cache",
        "Content-Length": "592",
        "Content-Type": "application/json; charset=utf-8",
        "Date": "Sat, 19 Aug 2023 09:55:51 GMT",
        "ETag": "\u00220b006cae-0000-0800-0000-64e091950000\u0022",
        "Expires": "-1",
        "Pragma": "no-cache",
        "Strict-Transport-Security": "max-age=31536000; includeSubDomains",
        "X-Content-Type-Options": "nosniff",
        "x-ms-client-request-id": "3dcf848f75136ff7f7d4e641e472282e",
        "x-ms-correlation-request-id": "9c301edf-a22c-44a2-94cb-a344b3b27d72",
        "x-ms-ratelimit-remaining-subscription-reads": "11980",
        "x-ms-request-id": "336ff9c3-7c2c-4de5-a9e8-086841ada646",
        "x-ms-routing-request-id": "WESTUS2:20230819T095551Z:9c301edf-a22c-44a2-94cb-a344b3b27d72"
      },
      "ResponseBody": {
        "id": "/subscriptions/8443df5e-8e12-4cd9-810e-c525196fecae/providers/Microsoft.Communication/locations/WESTUS2/operationStatuses/4e572428-afc0-417d-b21c-da5764159404*B5DE862B238C10BB273E507392462B3E9E2111FB8582CD38F373F17B7E925470",
        "name": "4e572428-afc0-417d-b21c-da5764159404*B5DE862B238C10BB273E507392462B3E9E2111FB8582CD38F373F17B7E925470",
        "resourceId": "/subscriptions/8443df5e-8e12-4cd9-810e-c525196fecae/resourceGroups/Communication-RG-929/providers/Microsoft.Communication/communicationServices/communication-service-2117",
        "status": "Accepted",
        "startTime": "2023-08-19T09:55:33.9685945Z"
      }
    },
    {
      "RequestUri": "https://management.azure.com/subscriptions/8443df5e-8e12-4cd9-810e-c525196fecae/providers/Microsoft.Communication/locations/WESTUS2/operationStatuses/4e572428-afc0-417d-b21c-da5764159404*B5DE862B238C10BB273E507392462B3E9E2111FB8582CD38F373F17B7E925470?api-version=2023-04-01-preview",
      "RequestMethod": "GET",
      "RequestHeaders": {
        "Authorization": "Sanitized",
        "traceparent": "00-6dc0f8f943bbb59715e2c6187b8e7075-6ed88ac65751aa25-00",
        "User-Agent": "azsdk-net-ResourceManager/1.7.0 (.NET Framework 4.8.9167.0; Microsoft Windows 10.0.22621 )",
        "x-ms-client-request-id": "4946fee502ae237b0b8aea68e11989bd",
        "x-ms-return-client-request-id": "true"
      },
      "RequestBody": null,
      "StatusCode": 200,
      "ResponseHeaders": {
        "Cache-Control": "no-cache",
        "Content-Length": "592",
        "Content-Type": "application/json; charset=utf-8",
        "Date": "Sat, 19 Aug 2023 09:56:07 GMT",
        "ETag": "\u00220b006cae-0000-0800-0000-64e091950000\u0022",
        "Expires": "-1",
        "Pragma": "no-cache",
        "Strict-Transport-Security": "max-age=31536000; includeSubDomains",
        "X-Content-Type-Options": "nosniff",
        "x-ms-client-request-id": "4946fee502ae237b0b8aea68e11989bd",
        "x-ms-correlation-request-id": "fa12b11a-f559-4c8f-8641-8d968ba5d48a",
        "x-ms-ratelimit-remaining-subscription-reads": "11979",
        "x-ms-request-id": "27680ada-96c1-464e-98a7-1e54bd7bf91d",
        "x-ms-routing-request-id": "WESTUS2:20230819T095607Z:fa12b11a-f559-4c8f-8641-8d968ba5d48a"
      },
      "ResponseBody": {
        "id": "/subscriptions/8443df5e-8e12-4cd9-810e-c525196fecae/providers/Microsoft.Communication/locations/WESTUS2/operationStatuses/4e572428-afc0-417d-b21c-da5764159404*B5DE862B238C10BB273E507392462B3E9E2111FB8582CD38F373F17B7E925470",
        "name": "4e572428-afc0-417d-b21c-da5764159404*B5DE862B238C10BB273E507392462B3E9E2111FB8582CD38F373F17B7E925470",
        "resourceId": "/subscriptions/8443df5e-8e12-4cd9-810e-c525196fecae/resourceGroups/Communication-RG-929/providers/Microsoft.Communication/communicationServices/communication-service-2117",
        "status": "Accepted",
        "startTime": "2023-08-19T09:55:33.9685945Z"
      }
    },
    {
      "RequestUri": "https://management.azure.com/subscriptions/8443df5e-8e12-4cd9-810e-c525196fecae/providers/Microsoft.Communication/locations/WESTUS2/operationStatuses/4e572428-afc0-417d-b21c-da5764159404*B5DE862B238C10BB273E507392462B3E9E2111FB8582CD38F373F17B7E925470?api-version=2023-04-01-preview",
      "RequestMethod": "GET",
      "RequestHeaders": {
        "Authorization": "Sanitized",
        "traceparent": "00-6dc0f8f943bbb59715e2c6187b8e7075-e05e41fbbf65a2dd-00",
        "User-Agent": "azsdk-net-ResourceManager/1.7.0 (.NET Framework 4.8.9167.0; Microsoft Windows 10.0.22621 )",
        "x-ms-client-request-id": "83e015003a34dd7927e39e63f999f812",
        "x-ms-return-client-request-id": "true"
      },
      "RequestBody": null,
      "StatusCode": 200,
      "ResponseHeaders": {
        "Cache-Control": "no-cache",
        "Content-Length": "592",
        "Content-Type": "application/json; charset=utf-8",
        "Date": "Sat, 19 Aug 2023 09:56:39 GMT",
        "ETag": "\u00220b006cae-0000-0800-0000-64e091950000\u0022",
        "Expires": "-1",
        "Pragma": "no-cache",
        "Strict-Transport-Security": "max-age=31536000; includeSubDomains",
        "X-Content-Type-Options": "nosniff",
        "x-ms-client-request-id": "83e015003a34dd7927e39e63f999f812",
        "x-ms-correlation-request-id": "3793f1c9-69ce-4887-b9ac-68ce304881da",
        "x-ms-ratelimit-remaining-subscription-reads": "11978",
        "x-ms-request-id": "89f2c80d-b9d9-4af2-9ad4-878b83d5da7e",
        "x-ms-routing-request-id": "WESTUS2:20230819T095639Z:3793f1c9-69ce-4887-b9ac-68ce304881da"
      },
      "ResponseBody": {
        "id": "/subscriptions/8443df5e-8e12-4cd9-810e-c525196fecae/providers/Microsoft.Communication/locations/WESTUS2/operationStatuses/4e572428-afc0-417d-b21c-da5764159404*B5DE862B238C10BB273E507392462B3E9E2111FB8582CD38F373F17B7E925470",
        "name": "4e572428-afc0-417d-b21c-da5764159404*B5DE862B238C10BB273E507392462B3E9E2111FB8582CD38F373F17B7E925470",
        "resourceId": "/subscriptions/8443df5e-8e12-4cd9-810e-c525196fecae/resourceGroups/Communication-RG-929/providers/Microsoft.Communication/communicationServices/communication-service-2117",
        "status": "Accepted",
        "startTime": "2023-08-19T09:55:33.9685945Z"
      }
    },
    {
      "RequestUri": "https://management.azure.com/subscriptions/8443df5e-8e12-4cd9-810e-c525196fecae/providers/Microsoft.Communication/locations/WESTUS2/operationStatuses/4e572428-afc0-417d-b21c-da5764159404*B5DE862B238C10BB273E507392462B3E9E2111FB8582CD38F373F17B7E925470?api-version=2023-04-01-preview",
      "RequestMethod": "GET",
      "RequestHeaders": {
        "Authorization": "Sanitized",
        "traceparent": "00-6dc0f8f943bbb59715e2c6187b8e7075-42133a6caf67892a-00",
        "User-Agent": "azsdk-net-ResourceManager/1.7.0 (.NET Framework 4.8.9167.0; Microsoft Windows 10.0.22621 )",
        "x-ms-client-request-id": "7e6602a0beee8cde09ac31888b8e8edd",
        "x-ms-return-client-request-id": "true"
      },
      "RequestBody": null,
      "StatusCode": 200,
      "ResponseHeaders": {
        "Cache-Control": "no-cache",
        "Content-Length": "611",
        "Content-Type": "application/json; charset=utf-8",
        "Date": "Sat, 19 Aug 2023 09:57:11 GMT",
        "ETag": "\u00224a00bb30-0000-0700-0000-64e091d70000\u0022",
        "Expires": "-1",
        "Pragma": "no-cache",
        "Strict-Transport-Security": "max-age=31536000; includeSubDomains",
        "X-Content-Type-Options": "nosniff",
        "x-ms-client-request-id": "7e6602a0beee8cde09ac31888b8e8edd",
        "x-ms-correlation-request-id": "d86ee15f-d0b4-42f0-96ce-cf8b7f845c40",
        "x-ms-ratelimit-remaining-subscription-reads": "11977",
        "x-ms-request-id": "c32661cb-5f6c-4245-98a0-f21703645cbd",
        "x-ms-routing-request-id": "WESTUS2:20230819T095711Z:d86ee15f-d0b4-42f0-96ce-cf8b7f845c40"
      },
      "ResponseBody": {
        "id": "/subscriptions/8443df5e-8e12-4cd9-810e-c525196fecae/providers/Microsoft.Communication/locations/WESTUS2/operationStatuses/4e572428-afc0-417d-b21c-da5764159404*B5DE862B238C10BB273E507392462B3E9E2111FB8582CD38F373F17B7E925470",
        "name": "4e572428-afc0-417d-b21c-da5764159404*B5DE862B238C10BB273E507392462B3E9E2111FB8582CD38F373F17B7E925470",
        "resourceId": "/subscriptions/8443df5e-8e12-4cd9-810e-c525196fecae/resourceGroups/Communication-RG-929/providers/Microsoft.Communication/communicationServices/communication-service-2117",
        "status": "Succeeded",
        "startTime": "2023-08-19T09:55:33.9685945Z",
        "properties": null
      }
    },
    {
      "RequestUri": "https://management.azure.com/subscriptions/8443df5e-8e12-4cd9-810e-c525196fecae/resourceGroups/Communication-RG-929/providers/Microsoft.Communication/communicationServices/communication-service-2117?api-version=2023-04-01-preview",
      "RequestMethod": "GET",
      "RequestHeaders": {
        "Authorization": "Sanitized",
        "traceparent": "00-6dc0f8f943bbb59715e2c6187b8e7075-0afffd14a398c95b-00",
        "User-Agent": "azsdk-net-ResourceManager/1.7.0 (.NET Framework 4.8.9167.0; Microsoft Windows 10.0.22621 )",
        "x-ms-client-request-id": "ce40294aa492abf9856922cb64172a72",
        "x-ms-return-client-request-id": "true"
      },
      "RequestBody": null,
      "StatusCode": 200,
      "ResponseHeaders": {
        "Cache-Control": "no-cache",
        "Content-Length": "793",
        "Content-Type": "application/json; charset=utf-8",
        "Date": "Sat, 19 Aug 2023 09:57:11 GMT",
        "ETag": "\u002202001442-0000-0700-0000-64e091a20000\u0022",
        "Expires": "-1",
        "Pragma": "no-cache",
        "Strict-Transport-Security": "max-age=31536000; includeSubDomains",
        "X-Content-Type-Options": "nosniff",
        "x-ms-client-request-id": "ce40294aa492abf9856922cb64172a72",
        "x-ms-correlation-request-id": "e2fe1419-3c85-48f6-b879-de2333b815a0",
        "x-ms-providerhub-traffic": "True",
        "x-ms-ratelimit-remaining-subscription-reads": "11976",
        "x-ms-request-id": "3809b65e-75a5-43c5-a1a9-544834fac0be",
        "x-ms-routing-request-id": "WESTUS2:20230819T095712Z:e2fe1419-3c85-48f6-b879-de2333b815a0"
      },
      "ResponseBody": {
        "id": "/subscriptions/8443df5e-8e12-4cd9-810e-c525196fecae/resourceGroups/Communication-RG-929/providers/Microsoft.Communication/communicationServices/communication-service-2117",
        "name": "communication-service-2117",
        "type": "microsoft.communication/communicationservices",
        "location": "global",
        "tags": {},
        "systemData": {
          "createdBy": "00226471-3a95-403e-98c0-dca45fecd307",
          "createdByType": "Application",
          "createdAt": "2023-08-19T09:55:33.4228804Z",
          "lastModifiedBy": "00226471-3a95-403e-98c0-dca45fecd307",
          "lastModifiedByType": "Application",
          "lastModifiedAt": "2023-08-19T09:55:33.4228804Z"
        },
        "properties": {
          "provisioningState": "Succeeded",
          "hostName": "communication-service-2117.unitedstates.communication.azure.com",
          "immutableResourceId": "88d3e682-204a-4e44-a956-037b13981dab",
          "dataLocation": "UnitedStates"
        }
      }
    },
    {
      "RequestUri": "https://management.azure.com/subscriptions/8443df5e-8e12-4cd9-810e-c525196fecae/resourceGroups/Communication-RG-929/providers/Microsoft.Communication/communicationServices/communication-service-2117/providers/Microsoft.Resources/tags/default?api-version=2022-09-01",
      "RequestMethod": "GET",
      "RequestHeaders": {
        "Accept": "application/json",
        "Authorization": "Sanitized",
        "traceparent": "00-82a6321685ccac0aef6196a0a0b35210-f719a1f7528320ef-00",
        "User-Agent": "azsdk-net-ResourceManager/1.7.0 (.NET Framework 4.8.9167.0; Microsoft Windows 10.0.22621 )",
        "x-ms-client-request-id": "dec8d7920bb241ce37537a8808f05198",
        "x-ms-return-client-request-id": "true"
      },
      "RequestBody": null,
      "StatusCode": 200,
      "ResponseHeaders": {
        "Cache-Control": "no-cache",
        "Content-Length": "298",
        "Content-Type": "application/json; charset=utf-8",
        "Date": "Sat, 19 Aug 2023 09:57:11 GMT",
        "Expires": "-1",
        "Pragma": "no-cache",
        "Strict-Transport-Security": "max-age=31536000; includeSubDomains",
        "X-Content-Type-Options": "nosniff",
        "x-ms-correlation-request-id": "71b1114b-b7f6-4255-aa49-05cfe8f392d4",
        "x-ms-ratelimit-remaining-subscription-reads": "11975",
        "x-ms-request-id": "71b1114b-b7f6-4255-aa49-05cfe8f392d4",
        "x-ms-routing-request-id": "WESTUS2:20230819T095712Z:71b1114b-b7f6-4255-aa49-05cfe8f392d4"
      },
      "ResponseBody": {
        "id": "/subscriptions/8443df5e-8e12-4cd9-810e-c525196fecae/resourceGroups/Communication-RG-929/providers/Microsoft.Communication/CommunicationServices/communication-service-2117/providers/Microsoft.Resources/tags/default",
        "name": "default",
        "type": "Microsoft.Resources/tags",
        "properties": {
          "tags": {}
        }
      }
    },
    {
      "RequestUri": "https://management.azure.com/subscriptions/8443df5e-8e12-4cd9-810e-c525196fecae/resourceGroups/Communication-RG-929/providers/Microsoft.Communication/communicationServices/communication-service-2117/providers/Microsoft.Resources/tags/default?api-version=2022-09-01",
      "RequestMethod": "PUT",
      "RequestHeaders": {
        "Accept": "application/json",
        "Authorization": "Sanitized",
        "Content-Length": "47",
        "Content-Type": "application/json",
        "traceparent": "00-82a6321685ccac0aef6196a0a0b35210-c83962e99c467b6b-00",
        "User-Agent": "azsdk-net-ResourceManager/1.7.0 (.NET Framework 4.8.9167.0; Microsoft Windows 10.0.22621 )",
        "x-ms-client-request-id": "cf18c0552958fb8009bbf9859c1328f1",
        "x-ms-return-client-request-id": "true"
      },
      "RequestBody": {
        "properties": {
          "tags": {
            "testkey": "testvalue"
          }
        }
      },
      "StatusCode": 200,
      "ResponseHeaders": {
        "Cache-Control": "no-cache",
        "Content-Length": "319",
        "Content-Type": "application/json; charset=utf-8",
        "Date": "Sat, 19 Aug 2023 09:57:13 GMT",
        "Expires": "-1",
        "Pragma": "no-cache",
        "Strict-Transport-Security": "max-age=31536000; includeSubDomains",
        "X-Content-Type-Options": "nosniff",
        "x-ms-correlation-request-id": "89d4533c-6146-4d2d-afe0-7299b733de69",
        "x-ms-ratelimit-remaining-subscription-writes": "1198",
        "x-ms-request-id": "89d4533c-6146-4d2d-afe0-7299b733de69",
        "x-ms-routing-request-id": "WESTUS2:20230819T095713Z:89d4533c-6146-4d2d-afe0-7299b733de69"
      },
      "ResponseBody": {
        "id": "/subscriptions/8443df5e-8e12-4cd9-810e-c525196fecae/resourceGroups/Communication-RG-929/providers/Microsoft.Communication/CommunicationServices/communication-service-2117/providers/Microsoft.Resources/tags/default",
        "name": "default",
        "type": "Microsoft.Resources/tags",
        "properties": {
          "tags": {
            "testkey": "testvalue"
          }
        }
      }
    },
    {
      "RequestUri": "https://management.azure.com/subscriptions/8443df5e-8e12-4cd9-810e-c525196fecae/resourceGroups/Communication-RG-929/providers/Microsoft.Communication/communicationServices/communication-service-2117?api-version=2023-04-01-preview",
      "RequestMethod": "GET",
      "RequestHeaders": {
        "Accept": "application/json",
        "Authorization": "Sanitized",
        "traceparent": "00-82a6321685ccac0aef6196a0a0b35210-9e3b8d71831cc0e6-00",
        "User-Agent": "azsdk-net-ResourceManager.Communication/1.2.0-alpha.20230817.1 (.NET Framework 4.8.9167.0; Microsoft Windows 10.0.22621 )",
        "x-ms-client-request-id": "a37589175aff681957ccd5f71249a523",
        "x-ms-return-client-request-id": "true"
      },
      "RequestBody": null,
      "StatusCode": 200,
      "ResponseHeaders": {
        "Cache-Control": "no-cache",
        "Content-Length": "814",
        "Content-Type": "application/json; charset=utf-8",
        "Date": "Sat, 19 Aug 2023 09:57:13 GMT",
        "ETag": "\u002202002c42-0000-0700-0000-64e091f80000\u0022",
        "Expires": "-1",
        "Pragma": "no-cache",
        "Strict-Transport-Security": "max-age=31536000; includeSubDomains",
        "X-Content-Type-Options": "nosniff",
        "x-ms-client-request-id": "a37589175aff681957ccd5f71249a523",
        "x-ms-correlation-request-id": "1badcb8c-d0bc-4048-9828-ad6e98f4879e",
        "x-ms-providerhub-traffic": "True",
        "x-ms-ratelimit-remaining-subscription-reads": "11974",
        "x-ms-request-id": "779f91fc-89df-473a-9c1a-bffefd18ac7b",
        "x-ms-routing-request-id": "WESTUS2:20230819T095713Z:1badcb8c-d0bc-4048-9828-ad6e98f4879e"
      },
      "ResponseBody": {
        "id": "/subscriptions/8443df5e-8e12-4cd9-810e-c525196fecae/resourceGroups/Communication-RG-929/providers/Microsoft.Communication/communicationServices/communication-service-2117",
        "name": "communication-service-2117",
        "type": "microsoft.communication/communicationservices",
        "location": "global",
        "tags": {
          "testkey": "testvalue"
        },
        "systemData": {
          "createdBy": "00226471-3a95-403e-98c0-dca45fecd307",
          "createdByType": "Application",
          "createdAt": "2023-08-19T09:55:33.4228804Z",
          "lastModifiedBy": "00226471-3a95-403e-98c0-dca45fecd307",
          "lastModifiedByType": "Application",
          "lastModifiedAt": "2023-08-19T09:57:12.3142429Z"
        },
        "properties": {
          "hostName": "communication-service-2117.unitedstates.communication.azure.com",
          "immutableResourceId": "88d3e682-204a-4e44-a956-037b13981dab",
          "dataLocation": "UnitedStates",
          "provisioningState": "Succeeded"
        }
      }
    },
    {
      "RequestUri": "https://management.azure.com/subscriptions/8443df5e-8e12-4cd9-810e-c525196fecae/resourceGroups/Communication-RG-929/providers/Microsoft.Communication/communicationServices/communication-service-2117?api-version=2023-04-01-preview",
      "RequestMethod": "GET",
      "RequestHeaders": {
        "Accept": "application/json",
        "Authorization": "Sanitized",
        "traceparent": "00-6ce9703ee3b357fd115fbba33f63db51-03e0359eb8f09807-00",
        "User-Agent": "azsdk-net-ResourceManager.Communication/1.2.0-alpha.20230817.1 (.NET Framework 4.8.9167.0; Microsoft Windows 10.0.22621 )",
        "x-ms-client-request-id": "4906892b9efaa4d196d974599241d198",
        "x-ms-return-client-request-id": "true"
      },
      "RequestBody": null,
      "StatusCode": 200,
      "ResponseHeaders": {
        "Cache-Control": "no-cache",
        "Content-Length": "814",
        "Content-Type": "application/json; charset=utf-8",
        "Date": "Sat, 19 Aug 2023 09:57:13 GMT",
        "ETag": "\u002202002c42-0000-0700-0000-64e091f80000\u0022",
        "Expires": "-1",
        "Pragma": "no-cache",
        "Strict-Transport-Security": "max-age=31536000; includeSubDomains",
        "X-Content-Type-Options": "nosniff",
        "x-ms-client-request-id": "4906892b9efaa4d196d974599241d198",
        "x-ms-correlation-request-id": "4c3201ba-7f9b-4a3e-9383-934140e99a02",
        "x-ms-providerhub-traffic": "True",
        "x-ms-ratelimit-remaining-subscription-reads": "11973",
        "x-ms-request-id": "3fdbada3-c9d6-4368-8e50-c1e4053ff46a",
        "x-ms-routing-request-id": "WESTUS2:20230819T095713Z:4c3201ba-7f9b-4a3e-9383-934140e99a02"
      },
      "ResponseBody": {
        "id": "/subscriptions/8443df5e-8e12-4cd9-810e-c525196fecae/resourceGroups/Communication-RG-929/providers/Microsoft.Communication/communicationServices/communication-service-2117",
        "name": "communication-service-2117",
        "type": "microsoft.communication/communicationservices",
        "location": "global",
        "tags": {
          "testkey": "testvalue"
        },
        "systemData": {
          "createdBy": "00226471-3a95-403e-98c0-dca45fecd307",
          "createdByType": "Application",
          "createdAt": "2023-08-19T09:55:33.4228804Z",
          "lastModifiedBy": "00226471-3a95-403e-98c0-dca45fecd307",
          "lastModifiedByType": "Application",
          "lastModifiedAt": "2023-08-19T09:57:12.3142429Z"
        },
        "properties": {
          "hostName": "communication-service-2117.unitedstates.communication.azure.com",
          "immutableResourceId": "88d3e682-204a-4e44-a956-037b13981dab",
          "dataLocation": "UnitedStates",
          "provisioningState": "Succeeded"
        }
      }
    },
    {
      "RequestUri": "https://management.azure.com/subscriptions/8443df5e-8e12-4cd9-810e-c525196fecae/resourceGroups/Communication-RG-929/providers/Microsoft.Communication/communicationServices?api-version=2023-04-01-preview",
      "RequestMethod": "GET",
      "RequestHeaders": {
        "Accept": "application/json",
        "Authorization": "Sanitized",
        "traceparent": "00-9f59b7bdf6c185e73ddbe537f025b56d-4f7c173f05db4ac9-00",
        "User-Agent": "azsdk-net-ResourceManager.Communication/1.2.0-alpha.20230817.1 (.NET Framework 4.8.9167.0; Microsoft Windows 10.0.22621 )",
        "x-ms-client-request-id": "126e6418859d27f2a58d5bfadb332d11",
        "x-ms-return-client-request-id": "true"
      },
      "RequestBody": null,
      "StatusCode": 200,
      "ResponseHeaders": {
        "Cache-Control": "no-cache",
        "Content-Length": "826",
        "Content-Type": "application/json; charset=utf-8",
        "Date": "Sat, 19 Aug 2023 09:57:13 GMT",
        "Expires": "-1",
        "Pragma": "no-cache",
        "Strict-Transport-Security": "max-age=31536000; includeSubDomains",
        "X-Content-Type-Options": "nosniff",
        "x-ms-client-request-id": "126e6418859d27f2a58d5bfadb332d11",
        "x-ms-correlation-request-id": "c386481c-deb8-4fc5-8b44-8d0d8aa80976",
        "x-ms-providerhub-traffic": "True",
        "x-ms-ratelimit-remaining-subscription-reads": "11972",
        "x-ms-request-id": "00f270c0-1957-4d7a-af79-67b0dacf25d2",
        "x-ms-routing-request-id": "WESTUS2:20230819T095713Z:c386481c-deb8-4fc5-8b44-8d0d8aa80976"
      },
      "ResponseBody": {
        "value": [
          {
            "id": "/subscriptions/8443df5e-8e12-4cd9-810e-c525196fecae/resourceGroups/Communication-RG-929/providers/Microsoft.Communication/communicationServices/communication-service-2117",
            "name": "communication-service-2117",
            "type": "microsoft.communication/communicationservices",
            "location": "global",
            "tags": {
              "testkey": "testvalue"
            },
            "systemData": {
              "createdBy": "00226471-3a95-403e-98c0-dca45fecd307",
              "createdByType": "Application",
              "createdAt": "2023-08-19T09:55:33.4228804Z",
              "lastModifiedBy": "00226471-3a95-403e-98c0-dca45fecd307",
              "lastModifiedByType": "Application",
              "lastModifiedAt": "2023-08-19T09:57:12.3142429Z"
            },
            "properties": {
              "hostName": "communication-service-2117.unitedstates.communication.azure.com",
              "immutableResourceId": "88d3e682-204a-4e44-a956-037b13981dab",
              "dataLocation": "UnitedStates",
              "provisioningState": "Succeeded"
            }
          }
        ]
      }
    },
    {
      "RequestUri": "https://management.azure.com/subscriptions/8443df5e-8e12-4cd9-810e-c525196fecae/resourceGroups/Communication-RG-929/providers/Microsoft.Communication/communicationServices/communication-service-2117?api-version=2023-04-01-preview",
      "RequestMethod": "DELETE",
      "RequestHeaders": {
        "Accept": "application/json",
        "Authorization": "Sanitized",
        "traceparent": "00-70d0e1db6d83ce105f32625361dd1a82-a462a5b366d83359-00",
        "User-Agent": "azsdk-net-ResourceManager.Communication/1.2.0-alpha.20230817.1 (.NET Framework 4.8.9167.0; Microsoft Windows 10.0.22621 )",
        "x-ms-client-request-id": "a0137359596a789ab8d10d25e5bfd616",
        "x-ms-return-client-request-id": "true"
      },
      "RequestBody": null,
      "StatusCode": 202,
      "ResponseHeaders": {
        "Azure-AsyncOperation": "https://management.azure.com/subscriptions/8443df5e-8e12-4cd9-810e-c525196fecae/providers/Microsoft.Communication/locations/WESTUS2/operationStatuses/5370e827-bb4d-4d1d-9097-51d8ae72fc34*B5DE862B238C10BB273E507392462B3E9E2111FB8582CD38F373F17B7E925470?api-version=2023-04-01-preview",
        "Cache-Control": "no-cache",
        "Content-Length": "4",
        "Content-Type": "application/json; charset=utf-8",
        "Date": "Sat, 19 Aug 2023 09:57:13 GMT",
        "ETag": "\u002202002d42-0000-0700-0000-64e091fa0000\u0022",
        "Expires": "-1",
        "Location": "https://management.azure.com/subscriptions/8443df5e-8e12-4cd9-810e-c525196fecae/providers/Microsoft.Communication/locations/WESTUS2/operationStatuses/5370e827-bb4d-4d1d-9097-51d8ae72fc34*B5DE862B238C10BB273E507392462B3E9E2111FB8582CD38F373F17B7E925470?api-version=2023-04-01-preview",
        "Pragma": "no-cache",
        "Strict-Transport-Security": "max-age=31536000; includeSubDomains",
        "X-Content-Type-Options": "nosniff",
        "x-ms-client-request-id": "a0137359596a789ab8d10d25e5bfd616",
        "x-ms-correlation-request-id": "3856ae50-d9d3-4b80-adc9-2cae32869edc",
        "x-ms-providerhub-traffic": "True",
        "x-ms-ratelimit-remaining-subscription-deletes": "14998",
        "x-ms-request-id": "5370e827-bb4d-4d1d-9097-51d8ae72fc34",
        "x-ms-routing-request-id": "WESTUS2:20230819T095714Z:3856ae50-d9d3-4b80-adc9-2cae32869edc"
      },
      "ResponseBody": "null"
    },
    {
      "RequestUri": "https://management.azure.com/subscriptions/8443df5e-8e12-4cd9-810e-c525196fecae/providers/Microsoft.Communication/locations/WESTUS2/operationStatuses/5370e827-bb4d-4d1d-9097-51d8ae72fc34*B5DE862B238C10BB273E507392462B3E9E2111FB8582CD38F373F17B7E925470?api-version=2023-04-01-preview",
      "RequestMethod": "GET",
      "RequestHeaders": {
        "Authorization": "Sanitized",
        "traceparent": "00-70d0e1db6d83ce105f32625361dd1a82-944be7ca6e4a3263-00",
        "User-Agent": "azsdk-net-ResourceManager/1.7.0 (.NET Framework 4.8.9167.0; Microsoft Windows 10.0.22621 )",
        "x-ms-client-request-id": "1eff62ac302ebe2dc9f55acc78cc41e5",
        "x-ms-return-client-request-id": "true"
      },
      "RequestBody": null,
      "StatusCode": 202,
      "ResponseHeaders": {
        "Azure-AsyncOperation": "https://management.azure.com/subscriptions/8443df5e-8e12-4cd9-810e-c525196fecae/providers/Microsoft.Communication/locations/westus2/operationStatuses/5370e827-bb4d-4d1d-9097-51d8ae72fc34*B5DE862B238C10BB273E507392462B3E9E2111FB8582CD38F373F17B7E925470?api-version=2023-04-01-preview",
        "Cache-Control": "no-cache",
        "Content-Length": "592",
        "Content-Type": "application/json; charset=utf-8",
        "Date": "Sat, 19 Aug 2023 09:57:13 GMT",
        "ETag": "\u00220b000eaf-0000-0800-0000-64e091fa0000\u0022",
        "Expires": "-1",
        "Location": "https://management.azure.com/subscriptions/8443df5e-8e12-4cd9-810e-c525196fecae/providers/Microsoft.Communication/locations/westus2/operationStatuses/5370e827-bb4d-4d1d-9097-51d8ae72fc34*B5DE862B238C10BB273E507392462B3E9E2111FB8582CD38F373F17B7E925470?api-version=2023-04-01-preview",
        "Pragma": "no-cache",
        "Strict-Transport-Security": "max-age=31536000; includeSubDomains",
        "X-Content-Type-Options": "nosniff",
        "x-ms-client-request-id": "1eff62ac302ebe2dc9f55acc78cc41e5",
        "x-ms-correlation-request-id": "a68063fb-70dc-41bb-95b1-e2a1bb093727",
        "x-ms-ratelimit-remaining-subscription-reads": "11971",
        "x-ms-request-id": "61cac7cd-a4c2-47af-a940-dc8e0fe9abd7",
        "x-ms-routing-request-id": "WESTUS2:20230819T095714Z:a68063fb-70dc-41bb-95b1-e2a1bb093727"
      },
      "ResponseBody": {
        "id": "/subscriptions/8443df5e-8e12-4cd9-810e-c525196fecae/providers/Microsoft.Communication/locations/WESTUS2/operationStatuses/5370e827-bb4d-4d1d-9097-51d8ae72fc34*B5DE862B238C10BB273E507392462B3E9E2111FB8582CD38F373F17B7E925470",
        "name": "5370e827-bb4d-4d1d-9097-51d8ae72fc34*B5DE862B238C10BB273E507392462B3E9E2111FB8582CD38F373F17B7E925470",
        "resourceId": "/subscriptions/8443df5e-8e12-4cd9-810e-c525196fecae/resourceGroups/Communication-RG-929/providers/Microsoft.Communication/communicationServices/communication-service-2117",
        "status": "Deleting",
        "startTime": "2023-08-19T09:57:14.0397416Z"
      }
    },
    {
      "RequestUri": "https://management.azure.com/subscriptions/8443df5e-8e12-4cd9-810e-c525196fecae/providers/Microsoft.Communication/locations/westus2/operationStatuses/5370e827-bb4d-4d1d-9097-51d8ae72fc34*B5DE862B238C10BB273E507392462B3E9E2111FB8582CD38F373F17B7E925470?api-version=2023-04-01-preview",
      "RequestMethod": "GET",
      "RequestHeaders": {
        "Authorization": "Sanitized",
        "traceparent": "00-70d0e1db6d83ce105f32625361dd1a82-53d2132c2b48bb74-00",
        "User-Agent": "azsdk-net-ResourceManager/1.7.0 (.NET Framework 4.8.9167.0; Microsoft Windows 10.0.22621 )",
        "x-ms-client-request-id": "9eff44b67f54c736ec6c0a8bb62d34e0",
        "x-ms-return-client-request-id": "true"
      },
      "RequestBody": null,
      "StatusCode": 202,
      "ResponseHeaders": {
        "Azure-AsyncOperation": "https://management.azure.com/subscriptions/8443df5e-8e12-4cd9-810e-c525196fecae/providers/Microsoft.Communication/locations/westus2/operationStatuses/5370e827-bb4d-4d1d-9097-51d8ae72fc34*B5DE862B238C10BB273E507392462B3E9E2111FB8582CD38F373F17B7E925470?api-version=2023-04-01-preview",
        "Cache-Control": "no-cache",
        "Content-Length": "592",
        "Content-Type": "application/json; charset=utf-8",
        "Date": "Sat, 19 Aug 2023 09:57:14 GMT",
        "ETag": "\u00220b000eaf-0000-0800-0000-64e091fa0000\u0022",
        "Expires": "-1",
        "Location": "https://management.azure.com/subscriptions/8443df5e-8e12-4cd9-810e-c525196fecae/providers/Microsoft.Communication/locations/westus2/operationStatuses/5370e827-bb4d-4d1d-9097-51d8ae72fc34*B5DE862B238C10BB273E507392462B3E9E2111FB8582CD38F373F17B7E925470?api-version=2023-04-01-preview",
        "Pragma": "no-cache",
        "Strict-Transport-Security": "max-age=31536000; includeSubDomains",
        "X-Content-Type-Options": "nosniff",
        "x-ms-client-request-id": "9eff44b67f54c736ec6c0a8bb62d34e0",
        "x-ms-correlation-request-id": "a95ca58f-2912-49bd-8bc7-2ca19a6e4abc",
        "x-ms-ratelimit-remaining-subscription-reads": "11970",
        "x-ms-request-id": "4bcdf927-c111-4756-ab66-e3e619c1b9f2",
        "x-ms-routing-request-id": "WESTUS2:20230819T095715Z:a95ca58f-2912-49bd-8bc7-2ca19a6e4abc"
      },
      "ResponseBody": {
        "id": "/subscriptions/8443df5e-8e12-4cd9-810e-c525196fecae/providers/Microsoft.Communication/locations/westus2/operationStatuses/5370e827-bb4d-4d1d-9097-51d8ae72fc34*B5DE862B238C10BB273E507392462B3E9E2111FB8582CD38F373F17B7E925470",
        "name": "5370e827-bb4d-4d1d-9097-51d8ae72fc34*B5DE862B238C10BB273E507392462B3E9E2111FB8582CD38F373F17B7E925470",
        "resourceId": "/subscriptions/8443df5e-8e12-4cd9-810e-c525196fecae/resourceGroups/Communication-RG-929/providers/Microsoft.Communication/communicationServices/communication-service-2117",
        "status": "Deleting",
        "startTime": "2023-08-19T09:57:14.0397416Z"
      }
    },
    {
      "RequestUri": "https://management.azure.com/subscriptions/8443df5e-8e12-4cd9-810e-c525196fecae/providers/Microsoft.Communication/locations/westus2/operationStatuses/5370e827-bb4d-4d1d-9097-51d8ae72fc34*B5DE862B238C10BB273E507392462B3E9E2111FB8582CD38F373F17B7E925470?api-version=2023-04-01-preview",
      "RequestMethod": "GET",
      "RequestHeaders": {
        "Authorization": "Sanitized",
        "traceparent": "00-70d0e1db6d83ce105f32625361dd1a82-5aad3f772221f88d-00",
        "User-Agent": "azsdk-net-ResourceManager/1.7.0 (.NET Framework 4.8.9167.0; Microsoft Windows 10.0.22621 )",
        "x-ms-client-request-id": "8378aa07b7c0c9e70f20e4e538ba2ec9",
        "x-ms-return-client-request-id": "true"
      },
      "RequestBody": null,
      "StatusCode": 202,
      "ResponseHeaders": {
        "Azure-AsyncOperation": "https://management.azure.com/subscriptions/8443df5e-8e12-4cd9-810e-c525196fecae/providers/Microsoft.Communication/locations/westus2/operationStatuses/5370e827-bb4d-4d1d-9097-51d8ae72fc34*B5DE862B238C10BB273E507392462B3E9E2111FB8582CD38F373F17B7E925470?api-version=2023-04-01-preview",
        "Cache-Control": "no-cache",
        "Content-Length": "592",
        "Content-Type": "application/json; charset=utf-8",
        "Date": "Sat, 19 Aug 2023 09:57:15 GMT",
        "ETag": "\u00220b000eaf-0000-0800-0000-64e091fa0000\u0022",
        "Expires": "-1",
        "Location": "https://management.azure.com/subscriptions/8443df5e-8e12-4cd9-810e-c525196fecae/providers/Microsoft.Communication/locations/westus2/operationStatuses/5370e827-bb4d-4d1d-9097-51d8ae72fc34*B5DE862B238C10BB273E507392462B3E9E2111FB8582CD38F373F17B7E925470?api-version=2023-04-01-preview",
        "Pragma": "no-cache",
        "Strict-Transport-Security": "max-age=31536000; includeSubDomains",
        "X-Content-Type-Options": "nosniff",
        "x-ms-client-request-id": "8378aa07b7c0c9e70f20e4e538ba2ec9",
        "x-ms-correlation-request-id": "5ccd0cc8-2c28-4a0f-9135-86495a9a5388",
        "x-ms-ratelimit-remaining-subscription-reads": "11969",
        "x-ms-request-id": "0da26b38-4985-484f-9cd8-d21b918efe79",
        "x-ms-routing-request-id": "WESTUS2:20230819T095716Z:5ccd0cc8-2c28-4a0f-9135-86495a9a5388"
      },
      "ResponseBody": {
        "id": "/subscriptions/8443df5e-8e12-4cd9-810e-c525196fecae/providers/Microsoft.Communication/locations/westus2/operationStatuses/5370e827-bb4d-4d1d-9097-51d8ae72fc34*B5DE862B238C10BB273E507392462B3E9E2111FB8582CD38F373F17B7E925470",
        "name": "5370e827-bb4d-4d1d-9097-51d8ae72fc34*B5DE862B238C10BB273E507392462B3E9E2111FB8582CD38F373F17B7E925470",
        "resourceId": "/subscriptions/8443df5e-8e12-4cd9-810e-c525196fecae/resourceGroups/Communication-RG-929/providers/Microsoft.Communication/communicationServices/communication-service-2117",
        "status": "Deleting",
        "startTime": "2023-08-19T09:57:14.0397416Z"
      }
    },
    {
      "RequestUri": "https://management.azure.com/subscriptions/8443df5e-8e12-4cd9-810e-c525196fecae/providers/Microsoft.Communication/locations/westus2/operationStatuses/5370e827-bb4d-4d1d-9097-51d8ae72fc34*B5DE862B238C10BB273E507392462B3E9E2111FB8582CD38F373F17B7E925470?api-version=2023-04-01-preview",
      "RequestMethod": "GET",
      "RequestHeaders": {
        "Authorization": "Sanitized",
        "traceparent": "00-70d0e1db6d83ce105f32625361dd1a82-a59c804518dfeb80-00",
        "User-Agent": "azsdk-net-ResourceManager/1.7.0 (.NET Framework 4.8.9167.0; Microsoft Windows 10.0.22621 )",
        "x-ms-client-request-id": "feb5bd9d2bd72d0e2b3831c126a2089b",
        "x-ms-return-client-request-id": "true"
      },
      "RequestBody": null,
      "StatusCode": 202,
      "ResponseHeaders": {
        "Azure-AsyncOperation": "https://management.azure.com/subscriptions/8443df5e-8e12-4cd9-810e-c525196fecae/providers/Microsoft.Communication/locations/westus2/operationStatuses/5370e827-bb4d-4d1d-9097-51d8ae72fc34*B5DE862B238C10BB273E507392462B3E9E2111FB8582CD38F373F17B7E925470?api-version=2023-04-01-preview",
        "Cache-Control": "no-cache",
        "Content-Length": "592",
        "Content-Type": "application/json; charset=utf-8",
        "Date": "Sat, 19 Aug 2023 09:57:16 GMT",
        "ETag": "\u00220b000eaf-0000-0800-0000-64e091fa0000\u0022",
        "Expires": "-1",
        "Location": "https://management.azure.com/subscriptions/8443df5e-8e12-4cd9-810e-c525196fecae/providers/Microsoft.Communication/locations/westus2/operationStatuses/5370e827-bb4d-4d1d-9097-51d8ae72fc34*B5DE862B238C10BB273E507392462B3E9E2111FB8582CD38F373F17B7E925470?api-version=2023-04-01-preview",
        "Pragma": "no-cache",
        "Strict-Transport-Security": "max-age=31536000; includeSubDomains",
        "X-Content-Type-Options": "nosniff",
        "x-ms-client-request-id": "feb5bd9d2bd72d0e2b3831c126a2089b",
        "x-ms-correlation-request-id": "73d39cf7-de7b-4a5f-bbdd-a3bc1a33ec13",
        "x-ms-ratelimit-remaining-subscription-reads": "11968",
        "x-ms-request-id": "da1a39cb-cbc4-4177-a806-2d1c0a7b4c75",
        "x-ms-routing-request-id": "WESTUS2:20230819T095717Z:73d39cf7-de7b-4a5f-bbdd-a3bc1a33ec13"
      },
      "ResponseBody": {
        "id": "/subscriptions/8443df5e-8e12-4cd9-810e-c525196fecae/providers/Microsoft.Communication/locations/westus2/operationStatuses/5370e827-bb4d-4d1d-9097-51d8ae72fc34*B5DE862B238C10BB273E507392462B3E9E2111FB8582CD38F373F17B7E925470",
        "name": "5370e827-bb4d-4d1d-9097-51d8ae72fc34*B5DE862B238C10BB273E507392462B3E9E2111FB8582CD38F373F17B7E925470",
        "resourceId": "/subscriptions/8443df5e-8e12-4cd9-810e-c525196fecae/resourceGroups/Communication-RG-929/providers/Microsoft.Communication/communicationServices/communication-service-2117",
        "status": "Deleting",
        "startTime": "2023-08-19T09:57:14.0397416Z"
      }
    },
    {
      "RequestUri": "https://management.azure.com/subscriptions/8443df5e-8e12-4cd9-810e-c525196fecae/providers/Microsoft.Communication/locations/westus2/operationStatuses/5370e827-bb4d-4d1d-9097-51d8ae72fc34*B5DE862B238C10BB273E507392462B3E9E2111FB8582CD38F373F17B7E925470?api-version=2023-04-01-preview",
      "RequestMethod": "GET",
      "RequestHeaders": {
        "Authorization": "Sanitized",
        "traceparent": "00-70d0e1db6d83ce105f32625361dd1a82-5cbb6adf5895d9c4-00",
        "User-Agent": "azsdk-net-ResourceManager/1.7.0 (.NET Framework 4.8.9167.0; Microsoft Windows 10.0.22621 )",
        "x-ms-client-request-id": "cdc579c1be54ff255d368f339a518e32",
        "x-ms-return-client-request-id": "true"
      },
      "RequestBody": null,
      "StatusCode": 202,
      "ResponseHeaders": {
        "Azure-AsyncOperation": "https://management.azure.com/subscriptions/8443df5e-8e12-4cd9-810e-c525196fecae/providers/Microsoft.Communication/locations/westus2/operationStatuses/5370e827-bb4d-4d1d-9097-51d8ae72fc34*B5DE862B238C10BB273E507392462B3E9E2111FB8582CD38F373F17B7E925470?api-version=2023-04-01-preview",
        "Cache-Control": "no-cache",
        "Content-Length": "592",
        "Content-Type": "application/json; charset=utf-8",
        "Date": "Sat, 19 Aug 2023 09:57:19 GMT",
        "ETag": "\u00220b000eaf-0000-0800-0000-64e091fa0000\u0022",
        "Expires": "-1",
        "Location": "https://management.azure.com/subscriptions/8443df5e-8e12-4cd9-810e-c525196fecae/providers/Microsoft.Communication/locations/westus2/operationStatuses/5370e827-bb4d-4d1d-9097-51d8ae72fc34*B5DE862B238C10BB273E507392462B3E9E2111FB8582CD38F373F17B7E925470?api-version=2023-04-01-preview",
        "Pragma": "no-cache",
        "Strict-Transport-Security": "max-age=31536000; includeSubDomains",
        "X-Content-Type-Options": "nosniff",
        "x-ms-client-request-id": "cdc579c1be54ff255d368f339a518e32",
        "x-ms-correlation-request-id": "e4c8f3b8-869c-4991-aa3b-5015ab1f92e4",
        "x-ms-ratelimit-remaining-subscription-reads": "11967",
        "x-ms-request-id": "b47cd7a9-bc36-4af3-bd98-445c961f8d22",
        "x-ms-routing-request-id": "WESTUS2:20230819T095719Z:e4c8f3b8-869c-4991-aa3b-5015ab1f92e4"
      },
      "ResponseBody": {
        "id": "/subscriptions/8443df5e-8e12-4cd9-810e-c525196fecae/providers/Microsoft.Communication/locations/westus2/operationStatuses/5370e827-bb4d-4d1d-9097-51d8ae72fc34*B5DE862B238C10BB273E507392462B3E9E2111FB8582CD38F373F17B7E925470",
        "name": "5370e827-bb4d-4d1d-9097-51d8ae72fc34*B5DE862B238C10BB273E507392462B3E9E2111FB8582CD38F373F17B7E925470",
        "resourceId": "/subscriptions/8443df5e-8e12-4cd9-810e-c525196fecae/resourceGroups/Communication-RG-929/providers/Microsoft.Communication/communicationServices/communication-service-2117",
        "status": "Deleting",
        "startTime": "2023-08-19T09:57:14.0397416Z"
      }
    },
    {
      "RequestUri": "https://management.azure.com/subscriptions/8443df5e-8e12-4cd9-810e-c525196fecae/providers/Microsoft.Communication/locations/westus2/operationStatuses/5370e827-bb4d-4d1d-9097-51d8ae72fc34*B5DE862B238C10BB273E507392462B3E9E2111FB8582CD38F373F17B7E925470?api-version=2023-04-01-preview",
      "RequestMethod": "GET",
      "RequestHeaders": {
        "Authorization": "Sanitized",
        "traceparent": "00-70d0e1db6d83ce105f32625361dd1a82-b863dca0e153126a-00",
        "User-Agent": "azsdk-net-ResourceManager/1.7.0 (.NET Framework 4.8.9167.0; Microsoft Windows 10.0.22621 )",
        "x-ms-client-request-id": "f9ee403e3678db099b4b57878526a26c",
        "x-ms-return-client-request-id": "true"
      },
      "RequestBody": null,
      "StatusCode": 202,
      "ResponseHeaders": {
        "Azure-AsyncOperation": "https://management.azure.com/subscriptions/8443df5e-8e12-4cd9-810e-c525196fecae/providers/Microsoft.Communication/locations/westus2/operationStatuses/5370e827-bb4d-4d1d-9097-51d8ae72fc34*B5DE862B238C10BB273E507392462B3E9E2111FB8582CD38F373F17B7E925470?api-version=2023-04-01-preview",
        "Cache-Control": "no-cache",
        "Content-Length": "592",
        "Content-Type": "application/json; charset=utf-8",
        "Date": "Sat, 19 Aug 2023 09:57:23 GMT",
        "ETag": "\u00220b000eaf-0000-0800-0000-64e091fa0000\u0022",
        "Expires": "-1",
        "Location": "https://management.azure.com/subscriptions/8443df5e-8e12-4cd9-810e-c525196fecae/providers/Microsoft.Communication/locations/westus2/operationStatuses/5370e827-bb4d-4d1d-9097-51d8ae72fc34*B5DE862B238C10BB273E507392462B3E9E2111FB8582CD38F373F17B7E925470?api-version=2023-04-01-preview",
        "Pragma": "no-cache",
        "Strict-Transport-Security": "max-age=31536000; includeSubDomains",
        "X-Content-Type-Options": "nosniff",
        "x-ms-client-request-id": "f9ee403e3678db099b4b57878526a26c",
        "x-ms-correlation-request-id": "e30faa22-9a84-45eb-a38b-10287fd45a25",
        "x-ms-ratelimit-remaining-subscription-reads": "11966",
        "x-ms-request-id": "aaf305ea-4f7f-4ea8-9b28-809903127d23",
        "x-ms-routing-request-id": "WESTUS2:20230819T095723Z:e30faa22-9a84-45eb-a38b-10287fd45a25"
      },
      "ResponseBody": {
        "id": "/subscriptions/8443df5e-8e12-4cd9-810e-c525196fecae/providers/Microsoft.Communication/locations/westus2/operationStatuses/5370e827-bb4d-4d1d-9097-51d8ae72fc34*B5DE862B238C10BB273E507392462B3E9E2111FB8582CD38F373F17B7E925470",
        "name": "5370e827-bb4d-4d1d-9097-51d8ae72fc34*B5DE862B238C10BB273E507392462B3E9E2111FB8582CD38F373F17B7E925470",
        "resourceId": "/subscriptions/8443df5e-8e12-4cd9-810e-c525196fecae/resourceGroups/Communication-RG-929/providers/Microsoft.Communication/communicationServices/communication-service-2117",
        "status": "Deleting",
        "startTime": "2023-08-19T09:57:14.0397416Z"
      }
    },
    {
      "RequestUri": "https://management.azure.com/subscriptions/8443df5e-8e12-4cd9-810e-c525196fecae/providers/Microsoft.Communication/locations/westus2/operationStatuses/5370e827-bb4d-4d1d-9097-51d8ae72fc34*B5DE862B238C10BB273E507392462B3E9E2111FB8582CD38F373F17B7E925470?api-version=2023-04-01-preview",
      "RequestMethod": "GET",
      "RequestHeaders": {
        "Authorization": "Sanitized",
        "traceparent": "00-70d0e1db6d83ce105f32625361dd1a82-cde73ba78c794c38-00",
        "User-Agent": "azsdk-net-ResourceManager/1.7.0 (.NET Framework 4.8.9167.0; Microsoft Windows 10.0.22621 )",
        "x-ms-client-request-id": "be24481760f4de7597b6a1a19cda92da",
        "x-ms-return-client-request-id": "true"
      },
      "RequestBody": null,
      "StatusCode": 202,
      "ResponseHeaders": {
        "Azure-AsyncOperation": "https://management.azure.com/subscriptions/8443df5e-8e12-4cd9-810e-c525196fecae/providers/Microsoft.Communication/locations/westus2/operationStatuses/5370e827-bb4d-4d1d-9097-51d8ae72fc34*B5DE862B238C10BB273E507392462B3E9E2111FB8582CD38F373F17B7E925470?api-version=2023-04-01-preview",
        "Cache-Control": "no-cache",
        "Content-Length": "592",
        "Content-Type": "application/json; charset=utf-8",
        "Date": "Sat, 19 Aug 2023 09:57:31 GMT",
        "ETag": "\u00220b000eaf-0000-0800-0000-64e091fa0000\u0022",
        "Expires": "-1",
        "Location": "https://management.azure.com/subscriptions/8443df5e-8e12-4cd9-810e-c525196fecae/providers/Microsoft.Communication/locations/westus2/operationStatuses/5370e827-bb4d-4d1d-9097-51d8ae72fc34*B5DE862B238C10BB273E507392462B3E9E2111FB8582CD38F373F17B7E925470?api-version=2023-04-01-preview",
        "Pragma": "no-cache",
        "Strict-Transport-Security": "max-age=31536000; includeSubDomains",
        "X-Content-Type-Options": "nosniff",
        "x-ms-client-request-id": "be24481760f4de7597b6a1a19cda92da",
        "x-ms-correlation-request-id": "94f302f3-ff48-4184-914e-3ed2a5785e5f",
        "x-ms-ratelimit-remaining-subscription-reads": "11965",
        "x-ms-request-id": "679e06bb-a42d-407f-b7d6-d16aea3a34cc",
        "x-ms-routing-request-id": "WESTUS2:20230819T095731Z:94f302f3-ff48-4184-914e-3ed2a5785e5f"
      },
      "ResponseBody": {
        "id": "/subscriptions/8443df5e-8e12-4cd9-810e-c525196fecae/providers/Microsoft.Communication/locations/westus2/operationStatuses/5370e827-bb4d-4d1d-9097-51d8ae72fc34*B5DE862B238C10BB273E507392462B3E9E2111FB8582CD38F373F17B7E925470",
        "name": "5370e827-bb4d-4d1d-9097-51d8ae72fc34*B5DE862B238C10BB273E507392462B3E9E2111FB8582CD38F373F17B7E925470",
        "resourceId": "/subscriptions/8443df5e-8e12-4cd9-810e-c525196fecae/resourceGroups/Communication-RG-929/providers/Microsoft.Communication/communicationServices/communication-service-2117",
        "status": "Deleting",
        "startTime": "2023-08-19T09:57:14.0397416Z"
      }
    },
    {
      "RequestUri": "https://management.azure.com/subscriptions/8443df5e-8e12-4cd9-810e-c525196fecae/providers/Microsoft.Communication/locations/westus2/operationStatuses/5370e827-bb4d-4d1d-9097-51d8ae72fc34*B5DE862B238C10BB273E507392462B3E9E2111FB8582CD38F373F17B7E925470?api-version=2023-04-01-preview",
      "RequestMethod": "GET",
      "RequestHeaders": {
        "Authorization": "Sanitized",
        "traceparent": "00-70d0e1db6d83ce105f32625361dd1a82-e3f038caeec96469-00",
        "User-Agent": "azsdk-net-ResourceManager/1.7.0 (.NET Framework 4.8.9167.0; Microsoft Windows 10.0.22621 )",
        "x-ms-client-request-id": "e682ffa90fb48a2370e93208679e7937",
        "x-ms-return-client-request-id": "true"
      },
      "RequestBody": null,
      "StatusCode": 202,
      "ResponseHeaders": {
        "Azure-AsyncOperation": "https://management.azure.com/subscriptions/8443df5e-8e12-4cd9-810e-c525196fecae/providers/Microsoft.Communication/locations/westus2/operationStatuses/5370e827-bb4d-4d1d-9097-51d8ae72fc34*B5DE862B238C10BB273E507392462B3E9E2111FB8582CD38F373F17B7E925470?api-version=2023-04-01-preview",
        "Cache-Control": "no-cache",
        "Content-Length": "592",
        "Content-Type": "application/json; charset=utf-8",
        "Date": "Sat, 19 Aug 2023 09:57:46 GMT",
        "ETag": "\u00220b000eaf-0000-0800-0000-64e091fa0000\u0022",
        "Expires": "-1",
        "Location": "https://management.azure.com/subscriptions/8443df5e-8e12-4cd9-810e-c525196fecae/providers/Microsoft.Communication/locations/westus2/operationStatuses/5370e827-bb4d-4d1d-9097-51d8ae72fc34*B5DE862B238C10BB273E507392462B3E9E2111FB8582CD38F373F17B7E925470?api-version=2023-04-01-preview",
        "Pragma": "no-cache",
        "Strict-Transport-Security": "max-age=31536000; includeSubDomains",
        "X-Content-Type-Options": "nosniff",
        "x-ms-client-request-id": "e682ffa90fb48a2370e93208679e7937",
        "x-ms-correlation-request-id": "885f43e7-fdb5-4e22-b7e5-50985c25558f",
        "x-ms-ratelimit-remaining-subscription-reads": "11964",
        "x-ms-request-id": "8cac484e-bbf1-406a-bd26-cf2d1f205f63",
        "x-ms-routing-request-id": "WESTUS2:20230819T095747Z:885f43e7-fdb5-4e22-b7e5-50985c25558f"
      },
      "ResponseBody": {
        "id": "/subscriptions/8443df5e-8e12-4cd9-810e-c525196fecae/providers/Microsoft.Communication/locations/westus2/operationStatuses/5370e827-bb4d-4d1d-9097-51d8ae72fc34*B5DE862B238C10BB273E507392462B3E9E2111FB8582CD38F373F17B7E925470",
        "name": "5370e827-bb4d-4d1d-9097-51d8ae72fc34*B5DE862B238C10BB273E507392462B3E9E2111FB8582CD38F373F17B7E925470",
        "resourceId": "/subscriptions/8443df5e-8e12-4cd9-810e-c525196fecae/resourceGroups/Communication-RG-929/providers/Microsoft.Communication/communicationServices/communication-service-2117",
        "status": "Deleting",
        "startTime": "2023-08-19T09:57:14.0397416Z"
      }
    },
    {
      "RequestUri": "https://management.azure.com/subscriptions/8443df5e-8e12-4cd9-810e-c525196fecae/providers/Microsoft.Communication/locations/westus2/operationStatuses/5370e827-bb4d-4d1d-9097-51d8ae72fc34*B5DE862B238C10BB273E507392462B3E9E2111FB8582CD38F373F17B7E925470?api-version=2023-04-01-preview",
      "RequestMethod": "GET",
      "RequestHeaders": {
        "Authorization": "Sanitized",
        "traceparent": "00-70d0e1db6d83ce105f32625361dd1a82-18d2a5afdcaa3165-00",
        "User-Agent": "azsdk-net-ResourceManager/1.7.0 (.NET Framework 4.8.9167.0; Microsoft Windows 10.0.22621 )",
        "x-ms-client-request-id": "521c2293cf2dde3dca0f61c194673fc0",
        "x-ms-return-client-request-id": "true"
      },
      "RequestBody": null,
      "StatusCode": 200,
      "ResponseHeaders": {
        "Cache-Control": "no-cache",
        "Content-Length": "611",
        "Content-Type": "application/json; charset=utf-8",
        "Date": "Sat, 19 Aug 2023 09:58:19 GMT",
        "ETag": "\u00220b0077af-0000-0800-0000-64e0923b0000\u0022",
        "Expires": "-1",
        "Pragma": "no-cache",
        "Strict-Transport-Security": "max-age=31536000; includeSubDomains",
        "X-Content-Type-Options": "nosniff",
        "x-ms-client-request-id": "521c2293cf2dde3dca0f61c194673fc0",
        "x-ms-correlation-request-id": "c5fa781c-d91c-496f-b3a8-dd978e1f795f",
        "x-ms-ratelimit-remaining-subscription-reads": "11963",
        "x-ms-request-id": "a8aa7936-ecb3-4577-b6ad-1bdc0b1c7793",
        "x-ms-routing-request-id": "WESTUS2:20230819T095819Z:c5fa781c-d91c-496f-b3a8-dd978e1f795f"
      },
      "ResponseBody": {
        "id": "/subscriptions/8443df5e-8e12-4cd9-810e-c525196fecae/providers/Microsoft.Communication/locations/westus2/operationStatuses/5370e827-bb4d-4d1d-9097-51d8ae72fc34*B5DE862B238C10BB273E507392462B3E9E2111FB8582CD38F373F17B7E925470",
        "name": "5370e827-bb4d-4d1d-9097-51d8ae72fc34*B5DE862B238C10BB273E507392462B3E9E2111FB8582CD38F373F17B7E925470",
        "resourceId": "/subscriptions/8443df5e-8e12-4cd9-810e-c525196fecae/resourceGroups/Communication-RG-929/providers/Microsoft.Communication/communicationServices/communication-service-2117",
        "status": "Succeeded",
        "startTime": "2023-08-19T09:57:14.0397416Z",
        "properties": null
      }
    }
  ],
  "Variables": {
    "AZURE_AUTHORITY_HOST": "https://login.microsoftonline.com",
    "RandomSeed": "1987336969",
    "RESOURCE_MANAGER_URL": "https://management.azure.com/",
    "SUBSCRIPTION_ID": "8443df5e-8e12-4cd9-810e-c525196fecae"
  }
}
