{
  "Entries": [
    {
      "RequestUri": "https://management.azure.com/subscriptions/8443df5e-8e12-4cd9-810e-c525196fecae/resourcegroups/Communication-RG-8888?api-version=2022-09-01",
      "RequestMethod": "GET",
      "RequestHeaders": {
        "Accept": "application/json",
        "Authorization": "Sanitized",
        "traceparent": "00-204c69d03a36125ff1e3fd9256a344d2-62e6cdf80ff6e03d-00",
        "User-Agent": "azsdk-net-ResourceManager/1.7.0 (.NET Framework 4.8.9167.0; Microsoft Windows 10.0.22621 )",
        "x-ms-client-request-id": "4bbc63dd84de2bef983b5b64c91043d8",
        "x-ms-return-client-request-id": "true"
      },
      "RequestBody": null,
      "StatusCode": 200,
      "ResponseHeaders": {
        "Cache-Control": "no-cache",
        "Content-Length": "239",
        "Content-Type": "application/json; charset=utf-8",
        "Date": "Mon, 04 Sep 2023 02:17:56 GMT",
        "Expires": "-1",
        "Pragma": "no-cache",
        "Strict-Transport-Security": "max-age=31536000; includeSubDomains",
        "X-Cache": "CONFIG_NOCACHE",
        "X-Content-Type-Options": "nosniff",
        "x-ms-correlation-request-id": "133d1d7d-99b7-4f3b-b55a-b14614523080",
        "x-ms-ratelimit-remaining-subscription-reads": "11998",
        "x-ms-request-id": "133d1d7d-99b7-4f3b-b55a-b14614523080",
        "x-ms-routing-request-id": "CANADAEAST:20230904T021756Z:133d1d7d-99b7-4f3b-b55a-b14614523080",
        "X-MSEdge-Ref": "Ref A: 39EFBC50BDEF4AED83311A5481D62256 Ref B: CO6AA3150219019 Ref C: 2023-09-04T02:17:56Z"
      },
      "ResponseBody": {
        "id": "/subscriptions/8443df5e-8e12-4cd9-810e-c525196fecae/resourceGroups/Communication-RG-8888",
        "name": "Communication-RG-8888",
        "type": "Microsoft.Resources/resourceGroups",
        "location": "westus",
        "properties": {
          "provisioningState": "Succeeded"
        }
      }
    },
    {
      "RequestUri": "https://management.azure.com/subscriptions/8443df5e-8e12-4cd9-810e-c525196fecae/resourceGroups/Communication-RG-8888/providers/Microsoft.Communication/communicationServices/communication-service-7415?api-version=2023-04-01-preview",
      "RequestMethod": "PUT",
      "RequestHeaders": {
        "Accept": "application/json",
        "Authorization": "Sanitized",
        "Content-Length": "76",
        "Content-Type": "application/json",
        "traceparent": "00-4255c468d48ae6eb309dd14e6cb38b53-004acd3019024a59-00",
        "User-Agent": "azsdk-net-ResourceManager.Communication/1.2.0-alpha.20230902.1 (.NET Framework 4.8.9167.0; Microsoft Windows 10.0.22621 )",
        "x-ms-client-request-id": "8bd11b3a39c98274bad1cc3b33e594e4",
        "x-ms-return-client-request-id": "true"
      },
      "RequestBody": {
        "location": "global",
        "properties": {
          "dataLocation": "UnitedStates"
        }
      },
      "StatusCode": 201,
      "ResponseHeaders": {
        "Azure-AsyncOperation": "https://management.azure.com/subscriptions/8443df5e-8e12-4cd9-810e-c525196fecae/providers/Microsoft.Communication/locations/WESTUS2/operationStatuses/0863b012-8e1d-437a-badd-ff16980fd0b7*D7396806C8DA3C4AC186B61F1D4152A379D7AC17AD522C2E152AF70B2A9AE562?api-version=2023-04-01-preview",
        "Cache-Control": "no-cache",
        "Content-Length": "655",
        "Content-Type": "application/json; charset=utf-8",
        "Date": "Mon, 04 Sep 2023 02:17:58 GMT",
        "ETag": "\u00223a0ea760-0000-0100-0000-64f53e560000\u0022",
        "Expires": "-1",
        "mise-correlation-id": "ef1e8cf1-1d78-4842-a659-c30a08b3a683",
        "Pragma": "no-cache",
        "Request-Context": "appId=",
        "Strict-Transport-Security": "max-age=31536000; includeSubDomains",
        "X-Cache": "CONFIG_NOCACHE",
        "X-Content-Type-Options": "nosniff",
        "x-ms-client-request-id": "8bd11b3a39c98274bad1cc3b33e594e4",
        "x-ms-correlation-request-id": "65d57ef3-5e74-4e28-94ef-7c691ddcef0f",
        "x-ms-providerhub-traffic": "True",
        "x-ms-ratelimit-remaining-subscription-writes": "1199",
        "x-ms-request-id": "0863b012-8e1d-437a-badd-ff16980fd0b7",
        "x-ms-routing-request-id": "CANADACENTRAL:20230904T021758Z:65d57ef3-5e74-4e28-94ef-7c691ddcef0f",
        "X-MSEdge-Ref": "Ref A: D026EF21525240E99DB93A0A0ECD53A1 Ref B: CO6AA3150219019 Ref C: 2023-09-04T02:17:56Z"
      },
      "ResponseBody": {
        "id": "/subscriptions/8443df5e-8e12-4cd9-810e-c525196fecae/resourceGroups/Communication-RG-8888/providers/Microsoft.Communication/communicationServices/communication-service-7415",
        "name": "communication-service-7415",
        "type": "microsoft.communication/communicationservices",
        "location": "global",
        "tags": {},
        "systemData": {
          "createdBy": "00226471-3a95-403e-98c0-dca45fecd307",
          "createdByType": "Application",
          "createdAt": "2023-09-04T02:17:57.2453862Z",
          "lastModifiedBy": "00226471-3a95-403e-98c0-dca45fecd307",
          "lastModifiedByType": "Application",
          "lastModifiedAt": "2023-09-04T02:17:57.2453862Z"
        },
        "properties": {
          "dataLocation": "UnitedStates",
          "provisioningState": "Accepted"
        }
      }
    },
    {
      "RequestUri": "https://management.azure.com/subscriptions/8443df5e-8e12-4cd9-810e-c525196fecae/providers/Microsoft.Communication/locations/WESTUS2/operationStatuses/0863b012-8e1d-437a-badd-ff16980fd0b7*D7396806C8DA3C4AC186B61F1D4152A379D7AC17AD522C2E152AF70B2A9AE562?api-version=2023-04-01-preview",
      "RequestMethod": "GET",
      "RequestHeaders": {
        "Authorization": "Sanitized",
        "traceparent": "00-4255c468d48ae6eb309dd14e6cb38b53-f3ca48c3df513902-00",
        "User-Agent": "azsdk-net-ResourceManager/1.7.0 (.NET Framework 4.8.9167.0; Microsoft Windows 10.0.22621 )",
        "x-ms-client-request-id": "15a6962e93342a1447c824b323f06556",
        "x-ms-return-client-request-id": "true"
      },
      "RequestBody": null,
      "StatusCode": 200,
      "ResponseHeaders": {
        "Cache-Control": "no-cache",
        "Content-Length": "593",
        "Content-Type": "application/json; charset=utf-8",
        "Date": "Mon, 04 Sep 2023 02:17:58 GMT",
        "ETag": "\u0022bb01bccb-0000-0100-0000-64f53e550000\u0022",
        "Expires": "-1",
        "Pragma": "no-cache",
        "Strict-Transport-Security": "max-age=31536000; includeSubDomains",
        "X-Cache": "CONFIG_NOCACHE",
        "X-Content-Type-Options": "nosniff",
        "x-ms-client-request-id": "15a6962e93342a1447c824b323f06556",
        "x-ms-correlation-request-id": "73909f95-c640-4aa3-ba51-ed840d912f8b",
        "x-ms-ratelimit-remaining-subscription-reads": "11989",
        "x-ms-request-id": "477f20f8-9962-4db0-9068-1411724dc1c9",
        "x-ms-routing-request-id": "CANADACENTRAL:20230904T021758Z:73909f95-c640-4aa3-ba51-ed840d912f8b",
        "X-MSEdge-Ref": "Ref A: 8214D1C7D2384AD4B3A5C5EDD881BCFB Ref B: CO6AA3150219019 Ref C: 2023-09-04T02:17:58Z"
      },
      "ResponseBody": {
        "id": "/subscriptions/8443df5e-8e12-4cd9-810e-c525196fecae/providers/Microsoft.Communication/locations/WESTUS2/operationStatuses/0863b012-8e1d-437a-badd-ff16980fd0b7*D7396806C8DA3C4AC186B61F1D4152A379D7AC17AD522C2E152AF70B2A9AE562",
        "name": "0863b012-8e1d-437a-badd-ff16980fd0b7*D7396806C8DA3C4AC186B61F1D4152A379D7AC17AD522C2E152AF70B2A9AE562",
        "resourceId": "/subscriptions/8443df5e-8e12-4cd9-810e-c525196fecae/resourceGroups/Communication-RG-8888/providers/Microsoft.Communication/communicationServices/communication-service-7415",
        "status": "Accepted",
        "startTime": "2023-09-04T02:17:57.9471216Z"
      }
    },
    {
      "RequestUri": "https://management.azure.com/subscriptions/8443df5e-8e12-4cd9-810e-c525196fecae/providers/Microsoft.Communication/locations/WESTUS2/operationStatuses/0863b012-8e1d-437a-badd-ff16980fd0b7*D7396806C8DA3C4AC186B61F1D4152A379D7AC17AD522C2E152AF70B2A9AE562?api-version=2023-04-01-preview",
      "RequestMethod": "GET",
      "RequestHeaders": {
        "Authorization": "Sanitized",
        "traceparent": "00-4255c468d48ae6eb309dd14e6cb38b53-29f7cdc7ea01756d-00",
        "User-Agent": "azsdk-net-ResourceManager/1.7.0 (.NET Framework 4.8.9167.0; Microsoft Windows 10.0.22621 )",
        "x-ms-client-request-id": "4b497fc72dc66d3587fc2bcc2a80894d",
        "x-ms-return-client-request-id": "true"
      },
      "RequestBody": null,
      "StatusCode": 200,
      "ResponseHeaders": {
        "Cache-Control": "no-cache",
        "Content-Length": "593",
        "Content-Type": "application/json; charset=utf-8",
        "Date": "Mon, 04 Sep 2023 02:17:59 GMT",
        "ETag": "\u0022bb01bccb-0000-0100-0000-64f53e550000\u0022",
        "Expires": "-1",
        "Pragma": "no-cache",
        "Strict-Transport-Security": "max-age=31536000; includeSubDomains",
        "X-Cache": "CONFIG_NOCACHE",
        "X-Content-Type-Options": "nosniff",
        "x-ms-client-request-id": "4b497fc72dc66d3587fc2bcc2a80894d",
        "x-ms-correlation-request-id": "346a282a-ee9c-4602-8caf-dbfc14453cd1",
        "x-ms-ratelimit-remaining-subscription-reads": "11996",
        "x-ms-request-id": "90952664-0fa1-48ff-a7cd-c7211436b961",
        "x-ms-routing-request-id": "CANADACENTRAL:20230904T021759Z:346a282a-ee9c-4602-8caf-dbfc14453cd1",
        "X-MSEdge-Ref": "Ref A: F390CA1397E843B5A0A4F3A136799BD9 Ref B: CO6AA3150219019 Ref C: 2023-09-04T02:17:59Z"
      },
      "ResponseBody": {
        "id": "/subscriptions/8443df5e-8e12-4cd9-810e-c525196fecae/providers/Microsoft.Communication/locations/WESTUS2/operationStatuses/0863b012-8e1d-437a-badd-ff16980fd0b7*D7396806C8DA3C4AC186B61F1D4152A379D7AC17AD522C2E152AF70B2A9AE562",
        "name": "0863b012-8e1d-437a-badd-ff16980fd0b7*D7396806C8DA3C4AC186B61F1D4152A379D7AC17AD522C2E152AF70B2A9AE562",
        "resourceId": "/subscriptions/8443df5e-8e12-4cd9-810e-c525196fecae/resourceGroups/Communication-RG-8888/providers/Microsoft.Communication/communicationServices/communication-service-7415",
        "status": "Accepted",
        "startTime": "2023-09-04T02:17:57.9471216Z"
      }
    },
    {
      "RequestUri": "https://management.azure.com/subscriptions/8443df5e-8e12-4cd9-810e-c525196fecae/providers/Microsoft.Communication/locations/WESTUS2/operationStatuses/0863b012-8e1d-437a-badd-ff16980fd0b7*D7396806C8DA3C4AC186B61F1D4152A379D7AC17AD522C2E152AF70B2A9AE562?api-version=2023-04-01-preview",
      "RequestMethod": "GET",
      "RequestHeaders": {
        "Authorization": "Sanitized",
        "traceparent": "00-4255c468d48ae6eb309dd14e6cb38b53-94a155c456bc0965-00",
        "User-Agent": "azsdk-net-ResourceManager/1.7.0 (.NET Framework 4.8.9167.0; Microsoft Windows 10.0.22621 )",
        "x-ms-client-request-id": "9d0c89c07e3eecafb052631aa9e0b16f",
        "x-ms-return-client-request-id": "true"
      },
      "RequestBody": null,
      "StatusCode": 200,
      "ResponseHeaders": {
        "Cache-Control": "no-cache",
        "Content-Length": "593",
        "Content-Type": "application/json; charset=utf-8",
        "Date": "Mon, 04 Sep 2023 02:18:01 GMT",
        "ETag": "\u0022bb01bccb-0000-0100-0000-64f53e550000\u0022",
        "Expires": "-1",
        "Pragma": "no-cache",
        "Strict-Transport-Security": "max-age=31536000; includeSubDomains",
        "X-Cache": "CONFIG_NOCACHE",
        "X-Content-Type-Options": "nosniff",
        "x-ms-client-request-id": "9d0c89c07e3eecafb052631aa9e0b16f",
        "x-ms-correlation-request-id": "43b694ee-3fdb-447d-bc27-1c610023db65",
        "x-ms-ratelimit-remaining-subscription-reads": "11995",
        "x-ms-request-id": "80ac3dbf-ae92-4b6b-bae9-81cb894020ab",
        "x-ms-routing-request-id": "CANADACENTRAL:20230904T021801Z:43b694ee-3fdb-447d-bc27-1c610023db65",
        "X-MSEdge-Ref": "Ref A: 4A5191A225464562AAD9116486298B19 Ref B: CO6AA3150219019 Ref C: 2023-09-04T02:18:01Z"
      },
      "ResponseBody": {
        "id": "/subscriptions/8443df5e-8e12-4cd9-810e-c525196fecae/providers/Microsoft.Communication/locations/WESTUS2/operationStatuses/0863b012-8e1d-437a-badd-ff16980fd0b7*D7396806C8DA3C4AC186B61F1D4152A379D7AC17AD522C2E152AF70B2A9AE562",
        "name": "0863b012-8e1d-437a-badd-ff16980fd0b7*D7396806C8DA3C4AC186B61F1D4152A379D7AC17AD522C2E152AF70B2A9AE562",
        "resourceId": "/subscriptions/8443df5e-8e12-4cd9-810e-c525196fecae/resourceGroups/Communication-RG-8888/providers/Microsoft.Communication/communicationServices/communication-service-7415",
        "status": "Accepted",
        "startTime": "2023-09-04T02:17:57.9471216Z"
      }
    },
    {
      "RequestUri": "https://management.azure.com/subscriptions/8443df5e-8e12-4cd9-810e-c525196fecae/providers/Microsoft.Communication/locations/WESTUS2/operationStatuses/0863b012-8e1d-437a-badd-ff16980fd0b7*D7396806C8DA3C4AC186B61F1D4152A379D7AC17AD522C2E152AF70B2A9AE562?api-version=2023-04-01-preview",
      "RequestMethod": "GET",
      "RequestHeaders": {
        "Authorization": "Sanitized",
        "traceparent": "00-4255c468d48ae6eb309dd14e6cb38b53-042ef4f594e1c066-00",
        "User-Agent": "azsdk-net-ResourceManager/1.7.0 (.NET Framework 4.8.9167.0; Microsoft Windows 10.0.22621 )",
        "x-ms-client-request-id": "792cb897c623017c60398d376748ffc7",
        "x-ms-return-client-request-id": "true"
      },
      "RequestBody": null,
      "StatusCode": 200,
      "ResponseHeaders": {
        "Cache-Control": "no-cache",
        "Content-Length": "593",
        "Content-Type": "application/json; charset=utf-8",
        "Date": "Mon, 04 Sep 2023 02:18:02 GMT",
        "ETag": "\u0022bb01bccb-0000-0100-0000-64f53e550000\u0022",
        "Expires": "-1",
        "Pragma": "no-cache",
        "Strict-Transport-Security": "max-age=31536000; includeSubDomains",
        "X-Cache": "CONFIG_NOCACHE",
        "X-Content-Type-Options": "nosniff",
        "x-ms-client-request-id": "792cb897c623017c60398d376748ffc7",
        "x-ms-correlation-request-id": "4be3e2cf-1621-4cbe-913f-0c20a4b04107",
        "x-ms-ratelimit-remaining-subscription-reads": "11988",
        "x-ms-request-id": "6ad3c3f7-6113-4e7e-bd43-13303b77c52f",
        "x-ms-routing-request-id": "CANADACENTRAL:20230904T021802Z:4be3e2cf-1621-4cbe-913f-0c20a4b04107",
        "X-MSEdge-Ref": "Ref A: F9564EF6E7EE430C89F6436C14965011 Ref B: CO6AA3150219019 Ref C: 2023-09-04T02:18:02Z"
      },
      "ResponseBody": {
        "id": "/subscriptions/8443df5e-8e12-4cd9-810e-c525196fecae/providers/Microsoft.Communication/locations/WESTUS2/operationStatuses/0863b012-8e1d-437a-badd-ff16980fd0b7*D7396806C8DA3C4AC186B61F1D4152A379D7AC17AD522C2E152AF70B2A9AE562",
        "name": "0863b012-8e1d-437a-badd-ff16980fd0b7*D7396806C8DA3C4AC186B61F1D4152A379D7AC17AD522C2E152AF70B2A9AE562",
        "resourceId": "/subscriptions/8443df5e-8e12-4cd9-810e-c525196fecae/resourceGroups/Communication-RG-8888/providers/Microsoft.Communication/communicationServices/communication-service-7415",
        "status": "Accepted",
        "startTime": "2023-09-04T02:17:57.9471216Z"
      }
    },
    {
      "RequestUri": "https://management.azure.com/subscriptions/8443df5e-8e12-4cd9-810e-c525196fecae/providers/Microsoft.Communication/locations/WESTUS2/operationStatuses/0863b012-8e1d-437a-badd-ff16980fd0b7*D7396806C8DA3C4AC186B61F1D4152A379D7AC17AD522C2E152AF70B2A9AE562?api-version=2023-04-01-preview",
      "RequestMethod": "GET",
      "RequestHeaders": {
        "Authorization": "Sanitized",
        "traceparent": "00-4255c468d48ae6eb309dd14e6cb38b53-1346af6fa1c8e0f2-00",
        "User-Agent": "azsdk-net-ResourceManager/1.7.0 (.NET Framework 4.8.9167.0; Microsoft Windows 10.0.22621 )",
        "x-ms-client-request-id": "99f2d73fc8e34817cf5c9a74c91ac3a7",
        "x-ms-return-client-request-id": "true"
      },
      "RequestBody": null,
      "StatusCode": 200,
      "ResponseHeaders": {
        "Cache-Control": "no-cache",
        "Content-Length": "593",
        "Content-Type": "application/json; charset=utf-8",
        "Date": "Mon, 04 Sep 2023 02:18:04 GMT",
        "ETag": "\u0022bb01bccb-0000-0100-0000-64f53e550000\u0022",
        "Expires": "-1",
        "Pragma": "no-cache",
        "Strict-Transport-Security": "max-age=31536000; includeSubDomains",
        "X-Cache": "CONFIG_NOCACHE",
        "X-Content-Type-Options": "nosniff",
        "x-ms-client-request-id": "99f2d73fc8e34817cf5c9a74c91ac3a7",
        "x-ms-correlation-request-id": "997f58b3-94f5-45ee-a139-ec0aa3fe4792",
        "x-ms-ratelimit-remaining-subscription-reads": "11994",
        "x-ms-request-id": "c5972cca-6f3f-4f50-b723-e66002b44602",
        "x-ms-routing-request-id": "CANADACENTRAL:20230904T021804Z:997f58b3-94f5-45ee-a139-ec0aa3fe4792",
        "X-MSEdge-Ref": "Ref A: DA0B09FA077B4B15B08D699DCB91BFB0 Ref B: CO6AA3150219019 Ref C: 2023-09-04T02:18:04Z"
      },
      "ResponseBody": {
        "id": "/subscriptions/8443df5e-8e12-4cd9-810e-c525196fecae/providers/Microsoft.Communication/locations/WESTUS2/operationStatuses/0863b012-8e1d-437a-badd-ff16980fd0b7*D7396806C8DA3C4AC186B61F1D4152A379D7AC17AD522C2E152AF70B2A9AE562",
        "name": "0863b012-8e1d-437a-badd-ff16980fd0b7*D7396806C8DA3C4AC186B61F1D4152A379D7AC17AD522C2E152AF70B2A9AE562",
        "resourceId": "/subscriptions/8443df5e-8e12-4cd9-810e-c525196fecae/resourceGroups/Communication-RG-8888/providers/Microsoft.Communication/communicationServices/communication-service-7415",
        "status": "Accepted",
        "startTime": "2023-09-04T02:17:57.9471216Z"
      }
    },
    {
      "RequestUri": "https://management.azure.com/subscriptions/8443df5e-8e12-4cd9-810e-c525196fecae/providers/Microsoft.Communication/locations/WESTUS2/operationStatuses/0863b012-8e1d-437a-badd-ff16980fd0b7*D7396806C8DA3C4AC186B61F1D4152A379D7AC17AD522C2E152AF70B2A9AE562?api-version=2023-04-01-preview",
      "RequestMethod": "GET",
      "RequestHeaders": {
        "Authorization": "Sanitized",
        "traceparent": "00-4255c468d48ae6eb309dd14e6cb38b53-397e38145ae00862-00",
        "User-Agent": "azsdk-net-ResourceManager/1.7.0 (.NET Framework 4.8.9167.0; Microsoft Windows 10.0.22621 )",
        "x-ms-client-request-id": "7234bc4a0f54fa290c0b3c04f1778467",
        "x-ms-return-client-request-id": "true"
      },
      "RequestBody": null,
      "StatusCode": 200,
      "ResponseHeaders": {
        "Cache-Control": "no-cache",
        "Content-Length": "593",
        "Content-Type": "application/json; charset=utf-8",
        "Date": "Mon, 04 Sep 2023 02:18:08 GMT",
        "ETag": "\u0022bb01bccb-0000-0100-0000-64f53e550000\u0022",
        "Expires": "-1",
        "Pragma": "no-cache",
        "Strict-Transport-Security": "max-age=31536000; includeSubDomains",
        "X-Cache": "CONFIG_NOCACHE",
        "X-Content-Type-Options": "nosniff",
        "x-ms-client-request-id": "7234bc4a0f54fa290c0b3c04f1778467",
        "x-ms-correlation-request-id": "9eb5b113-367a-4ef1-ab2f-f92efe080791",
        "x-ms-ratelimit-remaining-subscription-reads": "11999",
        "x-ms-request-id": "f219e602-e619-4ec3-b66c-672e4ca9ca9d",
        "x-ms-routing-request-id": "CANADACENTRAL:20230904T021808Z:9eb5b113-367a-4ef1-ab2f-f92efe080791",
        "X-MSEdge-Ref": "Ref A: 5F21CF3B67754B67956245E1DB7E75EE Ref B: CO6AA3150219019 Ref C: 2023-09-04T02:18:08Z"
      },
      "ResponseBody": {
        "id": "/subscriptions/8443df5e-8e12-4cd9-810e-c525196fecae/providers/Microsoft.Communication/locations/WESTUS2/operationStatuses/0863b012-8e1d-437a-badd-ff16980fd0b7*D7396806C8DA3C4AC186B61F1D4152A379D7AC17AD522C2E152AF70B2A9AE562",
        "name": "0863b012-8e1d-437a-badd-ff16980fd0b7*D7396806C8DA3C4AC186B61F1D4152A379D7AC17AD522C2E152AF70B2A9AE562",
        "resourceId": "/subscriptions/8443df5e-8e12-4cd9-810e-c525196fecae/resourceGroups/Communication-RG-8888/providers/Microsoft.Communication/communicationServices/communication-service-7415",
        "status": "Accepted",
        "startTime": "2023-09-04T02:17:57.9471216Z"
      }
    },
    {
      "RequestUri": "https://management.azure.com/subscriptions/8443df5e-8e12-4cd9-810e-c525196fecae/providers/Microsoft.Communication/locations/WESTUS2/operationStatuses/0863b012-8e1d-437a-badd-ff16980fd0b7*D7396806C8DA3C4AC186B61F1D4152A379D7AC17AD522C2E152AF70B2A9AE562?api-version=2023-04-01-preview",
      "RequestMethod": "GET",
      "RequestHeaders": {
        "Authorization": "Sanitized",
        "traceparent": "00-4255c468d48ae6eb309dd14e6cb38b53-c7254c2eb4682576-00",
        "User-Agent": "azsdk-net-ResourceManager/1.7.0 (.NET Framework 4.8.9167.0; Microsoft Windows 10.0.22621 )",
        "x-ms-client-request-id": "d2db9c5318edce8ba0e3a9c72b083746",
        "x-ms-return-client-request-id": "true"
      },
      "RequestBody": null,
      "StatusCode": 200,
      "ResponseHeaders": {
        "Cache-Control": "no-cache",
        "Content-Length": "593",
        "Content-Type": "application/json; charset=utf-8",
        "Date": "Mon, 04 Sep 2023 02:18:17 GMT",
        "ETag": "\u0022bb01bccb-0000-0100-0000-64f53e550000\u0022",
        "Expires": "-1",
        "Pragma": "no-cache",
        "Strict-Transport-Security": "max-age=31536000; includeSubDomains",
        "X-Cache": "CONFIG_NOCACHE",
        "X-Content-Type-Options": "nosniff",
        "x-ms-client-request-id": "d2db9c5318edce8ba0e3a9c72b083746",
        "x-ms-correlation-request-id": "338d9afb-93be-42ed-bfc3-d4cfc151ab4a",
        "x-ms-ratelimit-remaining-subscription-reads": "11995",
        "x-ms-request-id": "5a1fb696-8553-4278-84e9-797c1c01dab3",
        "x-ms-routing-request-id": "CANADACENTRAL:20230904T021817Z:338d9afb-93be-42ed-bfc3-d4cfc151ab4a",
        "X-MSEdge-Ref": "Ref A: B85485EA94AC4E3F9654B253E22CC451 Ref B: CO6AA3150219019 Ref C: 2023-09-04T02:18:16Z"
      },
      "ResponseBody": {
        "id": "/subscriptions/8443df5e-8e12-4cd9-810e-c525196fecae/providers/Microsoft.Communication/locations/WESTUS2/operationStatuses/0863b012-8e1d-437a-badd-ff16980fd0b7*D7396806C8DA3C4AC186B61F1D4152A379D7AC17AD522C2E152AF70B2A9AE562",
        "name": "0863b012-8e1d-437a-badd-ff16980fd0b7*D7396806C8DA3C4AC186B61F1D4152A379D7AC17AD522C2E152AF70B2A9AE562",
        "resourceId": "/subscriptions/8443df5e-8e12-4cd9-810e-c525196fecae/resourceGroups/Communication-RG-8888/providers/Microsoft.Communication/communicationServices/communication-service-7415",
        "status": "Accepted",
        "startTime": "2023-09-04T02:17:57.9471216Z"
      }
    },
    {
      "RequestUri": "https://management.azure.com/subscriptions/8443df5e-8e12-4cd9-810e-c525196fecae/providers/Microsoft.Communication/locations/WESTUS2/operationStatuses/0863b012-8e1d-437a-badd-ff16980fd0b7*D7396806C8DA3C4AC186B61F1D4152A379D7AC17AD522C2E152AF70B2A9AE562?api-version=2023-04-01-preview",
      "RequestMethod": "GET",
      "RequestHeaders": {
        "Authorization": "Sanitized",
        "traceparent": "00-4255c468d48ae6eb309dd14e6cb38b53-5e1a3cfe3fdeee6c-00",
        "User-Agent": "azsdk-net-ResourceManager/1.7.0 (.NET Framework 4.8.9167.0; Microsoft Windows 10.0.22621 )",
        "x-ms-client-request-id": "abede6768c142f72adf88cd88c135757",
        "x-ms-return-client-request-id": "true"
      },
      "RequestBody": null,
      "StatusCode": 200,
      "ResponseHeaders": {
        "Cache-Control": "no-cache",
        "Content-Length": "593",
        "Content-Type": "application/json; charset=utf-8",
        "Date": "Mon, 04 Sep 2023 02:18:33 GMT",
        "ETag": "\u0022bb01bccb-0000-0100-0000-64f53e550000\u0022",
        "Expires": "-1",
        "Pragma": "no-cache",
        "Strict-Transport-Security": "max-age=31536000; includeSubDomains",
        "X-Cache": "CONFIG_NOCACHE",
        "X-Content-Type-Options": "nosniff",
        "x-ms-client-request-id": "abede6768c142f72adf88cd88c135757",
        "x-ms-correlation-request-id": "51689777-ac63-4eaf-823a-fcb68906d341",
        "x-ms-ratelimit-remaining-subscription-reads": "11993",
        "x-ms-request-id": "77befa29-69e4-4b2a-8770-43660da05ffc",
        "x-ms-routing-request-id": "CANADACENTRAL:20230904T021833Z:51689777-ac63-4eaf-823a-fcb68906d341",
        "X-MSEdge-Ref": "Ref A: 541695DFC6CB4EFEBBD8D971DB417DC2 Ref B: CO6AA3150219019 Ref C: 2023-09-04T02:18:33Z"
      },
      "ResponseBody": {
        "id": "/subscriptions/8443df5e-8e12-4cd9-810e-c525196fecae/providers/Microsoft.Communication/locations/WESTUS2/operationStatuses/0863b012-8e1d-437a-badd-ff16980fd0b7*D7396806C8DA3C4AC186B61F1D4152A379D7AC17AD522C2E152AF70B2A9AE562",
        "name": "0863b012-8e1d-437a-badd-ff16980fd0b7*D7396806C8DA3C4AC186B61F1D4152A379D7AC17AD522C2E152AF70B2A9AE562",
        "resourceId": "/subscriptions/8443df5e-8e12-4cd9-810e-c525196fecae/resourceGroups/Communication-RG-8888/providers/Microsoft.Communication/communicationServices/communication-service-7415",
        "status": "Accepted",
        "startTime": "2023-09-04T02:17:57.9471216Z"
      }
    },
    {
      "RequestUri": "https://management.azure.com/subscriptions/8443df5e-8e12-4cd9-810e-c525196fecae/providers/Microsoft.Communication/locations/WESTUS2/operationStatuses/0863b012-8e1d-437a-badd-ff16980fd0b7*D7396806C8DA3C4AC186B61F1D4152A379D7AC17AD522C2E152AF70B2A9AE562?api-version=2023-04-01-preview",
      "RequestMethod": "GET",
      "RequestHeaders": {
        "Authorization": "Sanitized",
        "traceparent": "00-4255c468d48ae6eb309dd14e6cb38b53-14422a714791cd46-00",
        "User-Agent": "azsdk-net-ResourceManager/1.7.0 (.NET Framework 4.8.9167.0; Microsoft Windows 10.0.22621 )",
        "x-ms-client-request-id": "2d2132d7f13f32b93165d2706662ce04",
        "x-ms-return-client-request-id": "true"
      },
      "RequestBody": null,
      "StatusCode": 200,
      "ResponseHeaders": {
        "Cache-Control": "no-cache",
        "Content-Length": "612",
        "Content-Type": "application/json; charset=utf-8",
        "Date": "Mon, 04 Sep 2023 02:19:05 GMT",
        "ETag": "\u002225008621-0000-0800-0000-64f53e970000\u0022",
        "Expires": "-1",
        "Pragma": "no-cache",
        "Strict-Transport-Security": "max-age=31536000; includeSubDomains",
        "X-Cache": "CONFIG_NOCACHE",
        "X-Content-Type-Options": "nosniff",
        "x-ms-client-request-id": "2d2132d7f13f32b93165d2706662ce04",
        "x-ms-correlation-request-id": "234941e9-c909-42d1-b721-a5f2634e92cb",
        "x-ms-ratelimit-remaining-subscription-reads": "11988",
        "x-ms-request-id": "376dd684-91c2-4141-96bf-aab07587dea7",
        "x-ms-routing-request-id": "CANADACENTRAL:20230904T021906Z:234941e9-c909-42d1-b721-a5f2634e92cb",
        "X-MSEdge-Ref": "Ref A: 1ECF3F0BBA224F8BBA9A989D4159A38B Ref B: CO6AA3150219019 Ref C: 2023-09-04T02:19:05Z"
      },
      "ResponseBody": {
        "id": "/subscriptions/8443df5e-8e12-4cd9-810e-c525196fecae/providers/Microsoft.Communication/locations/WESTUS2/operationStatuses/0863b012-8e1d-437a-badd-ff16980fd0b7*D7396806C8DA3C4AC186B61F1D4152A379D7AC17AD522C2E152AF70B2A9AE562",
        "name": "0863b012-8e1d-437a-badd-ff16980fd0b7*D7396806C8DA3C4AC186B61F1D4152A379D7AC17AD522C2E152AF70B2A9AE562",
        "resourceId": "/subscriptions/8443df5e-8e12-4cd9-810e-c525196fecae/resourceGroups/Communication-RG-8888/providers/Microsoft.Communication/communicationServices/communication-service-7415",
        "status": "Succeeded",
        "startTime": "2023-09-04T02:17:57.9471216Z",
        "properties": null
      }
    },
    {
      "RequestUri": "https://management.azure.com/subscriptions/8443df5e-8e12-4cd9-810e-c525196fecae/resourceGroups/Communication-RG-8888/providers/Microsoft.Communication/communicationServices/communication-service-7415?api-version=2023-04-01-preview",
      "RequestMethod": "GET",
      "RequestHeaders": {
        "Authorization": "Sanitized",
        "traceparent": "00-4255c468d48ae6eb309dd14e6cb38b53-a2271f68c9ec0af4-00",
        "User-Agent": "azsdk-net-ResourceManager/1.7.0 (.NET Framework 4.8.9167.0; Microsoft Windows 10.0.22621 )",
        "x-ms-client-request-id": "0a8ef5d4d98ac65329ab24f58bb3428d",
        "x-ms-return-client-request-id": "true"
      },
      "RequestBody": null,
      "StatusCode": 200,
      "ResponseHeaders": {
        "Cache-Control": "no-cache",
        "Content-Length": "794",
        "Content-Type": "application/json; charset=utf-8",
        "Date": "Mon, 04 Sep 2023 02:19:06 GMT",
        "ETag": "\u00220c00d642-0000-0700-0000-64f53e620000\u0022",
        "Expires": "-1",
        "Pragma": "no-cache",
        "Strict-Transport-Security": "max-age=31536000; includeSubDomains",
        "X-Cache": "CONFIG_NOCACHE",
        "X-Content-Type-Options": "nosniff",
        "x-ms-client-request-id": "0a8ef5d4d98ac65329ab24f58bb3428d",
        "x-ms-correlation-request-id": "10fd3274-2ea9-4921-9944-e77ddfe73ccb",
        "x-ms-providerhub-traffic": "True",
        "x-ms-ratelimit-remaining-subscription-reads": "11987",
        "x-ms-request-id": "64984fb0-9cec-4c38-ae87-0aedc2172073",
        "x-ms-routing-request-id": "CANADACENTRAL:20230904T021906Z:10fd3274-2ea9-4921-9944-e77ddfe73ccb",
        "X-MSEdge-Ref": "Ref A: 9418FEC7786742BA8CBDCEB8EAFFDE80 Ref B: CO6AA3150219019 Ref C: 2023-09-04T02:19:06Z"
      },
      "ResponseBody": {
        "id": "/subscriptions/8443df5e-8e12-4cd9-810e-c525196fecae/resourceGroups/Communication-RG-8888/providers/Microsoft.Communication/communicationServices/communication-service-7415",
        "name": "communication-service-7415",
        "type": "microsoft.communication/communicationservices",
        "location": "global",
        "tags": {},
        "systemData": {
          "createdBy": "00226471-3a95-403e-98c0-dca45fecd307",
          "createdByType": "Application",
          "createdAt": "2023-09-04T02:17:57.2453862Z",
          "lastModifiedBy": "00226471-3a95-403e-98c0-dca45fecd307",
          "lastModifiedByType": "Application",
          "lastModifiedAt": "2023-09-04T02:17:57.2453862Z"
        },
        "properties": {
          "provisioningState": "Succeeded",
          "hostName": "communication-service-7415.unitedstates.communication.azure.com",
          "immutableResourceId": "54364415-711e-4271-b1ea-3198e314e4c6",
          "dataLocation": "UnitedStates"
        }
      }
    },
    {
      "RequestUri": "https://management.azure.com/subscriptions/8443df5e-8e12-4cd9-810e-c525196fecae/resourceGroups/Communication-RG-8888/providers/Microsoft.Communication/communicationServices/communication-service-7415/providers/Microsoft.Resources/tags/default?api-version=2022-09-01",
      "RequestMethod": "GET",
      "RequestHeaders": {
        "Accept": "application/json",
        "Authorization": "Sanitized",
        "traceparent": "00-8b5128eccb1b7634a68f9b5e89be25e0-da51680917a72af1-00",
        "User-Agent": "azsdk-net-ResourceManager/1.7.0 (.NET Framework 4.8.9167.0; Microsoft Windows 10.0.22621 )",
        "x-ms-client-request-id": "f9ef518c09e784062dbb7aaeba02c94a",
        "x-ms-return-client-request-id": "true"
      },
      "RequestBody": null,
      "StatusCode": 200,
      "ResponseHeaders": {
        "Cache-Control": "no-cache",
        "Content-Length": "299",
        "Content-Type": "application/json; charset=utf-8",
        "Date": "Mon, 04 Sep 2023 02:19:06 GMT",
        "Expires": "-1",
        "Pragma": "no-cache",
        "Strict-Transport-Security": "max-age=31536000; includeSubDomains",
        "X-Cache": "CONFIG_NOCACHE",
        "X-Content-Type-Options": "nosniff",
        "x-ms-correlation-request-id": "a0e70212-696d-4212-a435-29a67b05f331",
        "x-ms-ratelimit-remaining-subscription-reads": "11979",
        "x-ms-request-id": "a0e70212-696d-4212-a435-29a67b05f331",
        "x-ms-routing-request-id": "CANADACENTRAL:20230904T021906Z:a0e70212-696d-4212-a435-29a67b05f331",
        "X-MSEdge-Ref": "Ref A: 4367BEB58BFD49BE9A6AA6E0453B9F85 Ref B: CO6AA3150219019 Ref C: 2023-09-04T02:19:06Z"
      },
      "ResponseBody": {
        "id": "/subscriptions/8443df5e-8e12-4cd9-810e-c525196fecae/resourceGroups/Communication-RG-8888/providers/Microsoft.Communication/CommunicationServices/communication-service-7415/providers/Microsoft.Resources/tags/default",
        "name": "default",
        "type": "Microsoft.Resources/tags",
        "properties": {
          "tags": {}
        }
      }
    },
    {
      "RequestUri": "https://management.azure.com/subscriptions/8443df5e-8e12-4cd9-810e-c525196fecae/resourceGroups/Communication-RG-8888/providers/Microsoft.Communication/communicationServices/communication-service-7415/providers/Microsoft.Resources/tags/default?api-version=2022-09-01",
      "RequestMethod": "PUT",
      "RequestHeaders": {
        "Accept": "application/json",
        "Authorization": "Sanitized",
        "Content-Length": "47",
        "Content-Type": "application/json",
        "traceparent": "00-8b5128eccb1b7634a68f9b5e89be25e0-059861648b944632-00",
        "User-Agent": "azsdk-net-ResourceManager/1.7.0 (.NET Framework 4.8.9167.0; Microsoft Windows 10.0.22621 )",
        "x-ms-client-request-id": "9604872a4d84fecdde5a0394cdc3a77d",
        "x-ms-return-client-request-id": "true"
      },
      "RequestBody": {
        "properties": {
          "tags": {
            "testkey": "testvalue"
          }
        }
      },
      "StatusCode": 200,
      "ResponseHeaders": {
        "Cache-Control": "no-cache",
        "Content-Length": "320",
        "Content-Type": "application/json; charset=utf-8",
        "Date": "Mon, 04 Sep 2023 02:19:08 GMT",
        "Expires": "-1",
        "Pragma": "no-cache",
        "Strict-Transport-Security": "max-age=31536000; includeSubDomains",
        "X-Cache": "CONFIG_NOCACHE",
        "X-Content-Type-Options": "nosniff",
        "x-ms-correlation-request-id": "97c65964-a426-4122-92f3-adaae447f002",
        "x-ms-ratelimit-remaining-subscription-writes": "1199",
        "x-ms-request-id": "97c65964-a426-4122-92f3-adaae447f002",
        "x-ms-routing-request-id": "CANADACENTRAL:20230904T021908Z:97c65964-a426-4122-92f3-adaae447f002",
        "X-MSEdge-Ref": "Ref A: D6DA667D0D8143EC9293AA7B4A88502E Ref B: CO6AA3150219019 Ref C: 2023-09-04T02:19:06Z"
      },
      "ResponseBody": {
        "id": "/subscriptions/8443df5e-8e12-4cd9-810e-c525196fecae/resourceGroups/Communication-RG-8888/providers/Microsoft.Communication/CommunicationServices/communication-service-7415/providers/Microsoft.Resources/tags/default",
        "name": "default",
        "type": "Microsoft.Resources/tags",
        "properties": {
          "tags": {
            "testkey": "testvalue"
          }
        }
      }
    },
    {
      "RequestUri": "https://management.azure.com/subscriptions/8443df5e-8e12-4cd9-810e-c525196fecae/resourceGroups/Communication-RG-8888/providers/Microsoft.Communication/communicationServices/communication-service-7415?api-version=2023-04-01-preview",
      "RequestMethod": "GET",
      "RequestHeaders": {
        "Accept": "application/json",
        "Authorization": "Sanitized",
        "traceparent": "00-8b5128eccb1b7634a68f9b5e89be25e0-c61256c8dff66cd3-00",
        "User-Agent": "azsdk-net-ResourceManager.Communication/1.2.0-alpha.20230902.1 (.NET Framework 4.8.9167.0; Microsoft Windows 10.0.22621 )",
        "x-ms-client-request-id": "03cadae1abaf3f0884f01a8c0672b769",
        "x-ms-return-client-request-id": "true"
      },
      "RequestBody": null,
      "StatusCode": 200,
      "ResponseHeaders": {
        "Cache-Control": "no-cache",
        "Content-Length": "815",
        "Content-Type": "application/json; charset=utf-8",
        "Date": "Mon, 04 Sep 2023 02:19:08 GMT",
        "ETag": "\u00223a0ef770-0000-0100-0000-64f53e9b0000\u0022",
        "Expires": "-1",
        "Pragma": "no-cache",
        "Strict-Transport-Security": "max-age=31536000; includeSubDomains",
        "X-Cache": "CONFIG_NOCACHE",
        "X-Content-Type-Options": "nosniff",
        "x-ms-client-request-id": "03cadae1abaf3f0884f01a8c0672b769",
        "x-ms-correlation-request-id": "8249281c-c1e4-47ee-9d41-3964223bc40f",
        "x-ms-providerhub-traffic": "True",
        "x-ms-ratelimit-remaining-subscription-reads": "11978",
        "x-ms-request-id": "4da254ec-d110-48df-b4b4-6500e4f5f06f",
        "x-ms-routing-request-id": "CANADACENTRAL:20230904T021908Z:8249281c-c1e4-47ee-9d41-3964223bc40f",
        "X-MSEdge-Ref": "Ref A: 3C9C2721A7894FF69E43FF0CD0C44C22 Ref B: CO6AA3150219019 Ref C: 2023-09-04T02:19:08Z"
      },
      "ResponseBody": {
        "id": "/subscriptions/8443df5e-8e12-4cd9-810e-c525196fecae/resourceGroups/Communication-RG-8888/providers/Microsoft.Communication/communicationServices/communication-service-7415",
        "name": "communication-service-7415",
        "type": "microsoft.communication/communicationservices",
        "location": "global",
        "tags": {
          "testkey": "testvalue"
        },
        "systemData": {
          "createdBy": "00226471-3a95-403e-98c0-dca45fecd307",
          "createdByType": "Application",
          "createdAt": "2023-09-04T02:17:57.2453862Z",
          "lastModifiedBy": "00226471-3a95-403e-98c0-dca45fecd307",
          "lastModifiedByType": "Application",
          "lastModifiedAt": "2023-09-04T02:19:06.8874297Z"
        },
        "properties": {
          "hostName": "communication-service-7415.unitedstates.communication.azure.com",
          "immutableResourceId": "54364415-711e-4271-b1ea-3198e314e4c6",
          "dataLocation": "UnitedStates",
          "provisioningState": "Succeeded"
        }
      }
    },
    {
      "RequestUri": "https://management.azure.com/subscriptions/8443df5e-8e12-4cd9-810e-c525196fecae/resourceGroups/Communication-RG-8888/providers/Microsoft.Communication/communicationServices/communication-service-7415?api-version=2023-04-01-preview",
      "RequestMethod": "GET",
      "RequestHeaders": {
        "Accept": "application/json",
        "Authorization": "Sanitized",
        "traceparent": "00-3c538462df3d58f32a58ab0ffc7458fe-04b7c066d99e6473-00",
        "User-Agent": "azsdk-net-ResourceManager.Communication/1.2.0-alpha.20230902.1 (.NET Framework 4.8.9167.0; Microsoft Windows 10.0.22621 )",
        "x-ms-client-request-id": "758bfc13b51d55d66a3aa77a70fe9f39",
        "x-ms-return-client-request-id": "true"
      },
      "RequestBody": null,
      "StatusCode": 200,
      "ResponseHeaders": {
        "Cache-Control": "no-cache",
        "Content-Length": "815",
        "Content-Type": "application/json; charset=utf-8",
        "Date": "Mon, 04 Sep 2023 02:19:08 GMT",
        "ETag": "\u00223a0ef770-0000-0100-0000-64f53e9b0000\u0022",
        "Expires": "-1",
        "Pragma": "no-cache",
        "Strict-Transport-Security": "max-age=31536000; includeSubDomains",
        "X-Cache": "CONFIG_NOCACHE",
        "X-Content-Type-Options": "nosniff",
        "x-ms-client-request-id": "758bfc13b51d55d66a3aa77a70fe9f39",
        "x-ms-correlation-request-id": "8333930b-fb87-4bf1-9c9f-a89e7132c56c",
        "x-ms-providerhub-traffic": "True",
        "x-ms-ratelimit-remaining-subscription-reads": "11986",
        "x-ms-request-id": "1ec60a16-dafb-460c-b6aa-1e1e41ad86d4",
        "x-ms-routing-request-id": "CANADACENTRAL:20230904T021909Z:8333930b-fb87-4bf1-9c9f-a89e7132c56c",
        "X-MSEdge-Ref": "Ref A: 39375149487E4EC69F9A33D124DB4BE2 Ref B: CO6AA3150219019 Ref C: 2023-09-04T02:19:08Z"
      },
      "ResponseBody": {
        "id": "/subscriptions/8443df5e-8e12-4cd9-810e-c525196fecae/resourceGroups/Communication-RG-8888/providers/Microsoft.Communication/communicationServices/communication-service-7415",
        "name": "communication-service-7415",
        "type": "microsoft.communication/communicationservices",
        "location": "global",
        "tags": {
          "testkey": "testvalue"
        },
        "systemData": {
          "createdBy": "00226471-3a95-403e-98c0-dca45fecd307",
          "createdByType": "Application",
          "createdAt": "2023-09-04T02:17:57.2453862Z",
          "lastModifiedBy": "00226471-3a95-403e-98c0-dca45fecd307",
          "lastModifiedByType": "Application",
          "lastModifiedAt": "2023-09-04T02:19:06.8874297Z"
        },
        "properties": {
          "hostName": "communication-service-7415.unitedstates.communication.azure.com",
          "immutableResourceId": "54364415-711e-4271-b1ea-3198e314e4c6",
          "dataLocation": "UnitedStates",
          "provisioningState": "Succeeded"
        }
      }
    },
    {
      "RequestUri": "https://management.azure.com/subscriptions/8443df5e-8e12-4cd9-810e-c525196fecae/resourceGroups/Communication-RG-8888/providers/Microsoft.Communication/communicationServices/communication-service-7415/providers/Microsoft.Resources/tags/default?api-version=2022-09-01",
      "RequestMethod": "GET",
      "RequestHeaders": {
        "Accept": "application/json",
        "Authorization": "Sanitized",
        "traceparent": "00-152a63b6d1050b0943d6ed1b720441bd-418eb25f2880fb9e-00",
        "User-Agent": "azsdk-net-ResourceManager/1.7.0 (.NET Framework 4.8.9167.0; Microsoft Windows 10.0.22621 )",
        "x-ms-client-request-id": "f2b2dc4fa3f977ce3ca48f83ba91c47b",
        "x-ms-return-client-request-id": "true"
      },
      "RequestBody": null,
      "StatusCode": 200,
      "ResponseHeaders": {
        "Cache-Control": "no-cache",
        "Content-Length": "320",
        "Content-Type": "application/json; charset=utf-8",
        "Date": "Mon, 04 Sep 2023 02:19:08 GMT",
        "Expires": "-1",
        "Pragma": "no-cache",
        "Strict-Transport-Security": "max-age=31536000; includeSubDomains",
        "X-Cache": "CONFIG_NOCACHE",
        "X-Content-Type-Options": "nosniff",
        "x-ms-correlation-request-id": "da14d922-78e7-413f-a7c5-594f140f63da",
        "x-ms-ratelimit-remaining-subscription-reads": "11999",
        "x-ms-request-id": "da14d922-78e7-413f-a7c5-594f140f63da",
        "x-ms-routing-request-id": "CANADACENTRAL:20230904T021909Z:da14d922-78e7-413f-a7c5-594f140f63da",
        "X-MSEdge-Ref": "Ref A: 47F626A1EC714AF79782115D95EE79AD Ref B: CO6AA3150219019 Ref C: 2023-09-04T02:19:09Z"
      },
      "ResponseBody": {
        "id": "/subscriptions/8443df5e-8e12-4cd9-810e-c525196fecae/resourceGroups/Communication-RG-8888/providers/Microsoft.Communication/CommunicationServices/communication-service-7415/providers/Microsoft.Resources/tags/default",
        "name": "default",
        "type": "Microsoft.Resources/tags",
        "properties": {
          "tags": {
            "testkey": "testvalue"
          }
        }
      }
    },
    {
      "RequestUri": "https://management.azure.com/subscriptions/8443df5e-8e12-4cd9-810e-c525196fecae/resourceGroups/Communication-RG-8888/providers/Microsoft.Communication/communicationServices/communication-service-7415/providers/Microsoft.Resources/tags/default?api-version=2022-09-01",
      "RequestMethod": "PUT",
      "RequestHeaders": {
        "Accept": "application/json",
        "Authorization": "Sanitized",
        "Content-Length": "26",
        "Content-Type": "application/json",
        "traceparent": "00-152a63b6d1050b0943d6ed1b720441bd-7d77f30128a6a8fa-00",
        "User-Agent": "azsdk-net-ResourceManager/1.7.0 (.NET Framework 4.8.9167.0; Microsoft Windows 10.0.22621 )",
        "x-ms-client-request-id": "63bb7252951a2c0903759974048ece86",
        "x-ms-return-client-request-id": "true"
      },
      "RequestBody": {
        "properties": {
          "tags": {}
        }
      },
      "StatusCode": 200,
      "ResponseHeaders": {
        "Cache-Control": "no-cache",
        "Content-Length": "299",
        "Content-Type": "application/json; charset=utf-8",
        "Date": "Mon, 04 Sep 2023 02:19:10 GMT",
        "Expires": "-1",
        "Pragma": "no-cache",
        "Strict-Transport-Security": "max-age=31536000; includeSubDomains",
        "X-Cache": "CONFIG_NOCACHE",
        "X-Content-Type-Options": "nosniff",
        "x-ms-correlation-request-id": "d49f0862-016b-4343-a033-7a11c21d00f7",
        "x-ms-ratelimit-remaining-subscription-writes": "1199",
        "x-ms-request-id": "d49f0862-016b-4343-a033-7a11c21d00f7",
        "x-ms-routing-request-id": "CANADACENTRAL:20230904T021910Z:d49f0862-016b-4343-a033-7a11c21d00f7",
        "X-MSEdge-Ref": "Ref A: 093F84624F2945A6ABC60020D3B95C58 Ref B: CO6AA3150219019 Ref C: 2023-09-04T02:19:09Z"
      },
      "ResponseBody": {
        "id": "/subscriptions/8443df5e-8e12-4cd9-810e-c525196fecae/resourceGroups/Communication-RG-8888/providers/Microsoft.Communication/CommunicationServices/communication-service-7415/providers/Microsoft.Resources/tags/default",
        "name": "default",
        "type": "Microsoft.Resources/tags",
        "properties": {
          "tags": {}
        }
      }
    },
    {
      "RequestUri": "https://management.azure.com/subscriptions/8443df5e-8e12-4cd9-810e-c525196fecae/resourceGroups/Communication-RG-8888/providers/Microsoft.Communication/communicationServices/communication-service-7415?api-version=2023-04-01-preview",
      "RequestMethod": "GET",
      "RequestHeaders": {
        "Accept": "application/json",
        "Authorization": "Sanitized",
        "traceparent": "00-152a63b6d1050b0943d6ed1b720441bd-48616384047c9752-00",
        "User-Agent": "azsdk-net-ResourceManager.Communication/1.2.0-alpha.20230902.1 (.NET Framework 4.8.9167.0; Microsoft Windows 10.0.22621 )",
        "x-ms-client-request-id": "fd282b763c42b91ed285ef830a5973ae",
        "x-ms-return-client-request-id": "true"
      },
      "RequestBody": null,
      "StatusCode": 200,
      "ResponseHeaders": {
        "Cache-Control": "no-cache",
        "Content-Length": "794",
        "Content-Type": "application/json; charset=utf-8",
        "Date": "Mon, 04 Sep 2023 02:19:10 GMT",
        "ETag": "\u00223a0e2571-0000-0100-0000-64f53e9d0000\u0022",
        "Expires": "-1",
        "Pragma": "no-cache",
        "Strict-Transport-Security": "max-age=31536000; includeSubDomains",
        "X-Cache": "CONFIG_NOCACHE",
        "X-Content-Type-Options": "nosniff",
        "x-ms-client-request-id": "fd282b763c42b91ed285ef830a5973ae",
        "x-ms-correlation-request-id": "36e1cc16-f638-4dc4-97e3-1e5279bf0561",
        "x-ms-providerhub-traffic": "True",
        "x-ms-ratelimit-remaining-subscription-reads": "11987",
        "x-ms-request-id": "3bda894f-0ae4-4392-883b-664241a934ef",
        "x-ms-routing-request-id": "CANADACENTRAL:20230904T021911Z:36e1cc16-f638-4dc4-97e3-1e5279bf0561",
        "X-MSEdge-Ref": "Ref A: 2AF8ACCC73EE4D06B870B7DEB201A673 Ref B: CO6AA3150219019 Ref C: 2023-09-04T02:19:10Z"
      },
      "ResponseBody": {
        "id": "/subscriptions/8443df5e-8e12-4cd9-810e-c525196fecae/resourceGroups/Communication-RG-8888/providers/Microsoft.Communication/communicationServices/communication-service-7415",
        "name": "communication-service-7415",
        "type": "microsoft.communication/communicationservices",
        "location": "global",
        "tags": {},
        "systemData": {
          "createdBy": "00226471-3a95-403e-98c0-dca45fecd307",
          "createdByType": "Application",
          "createdAt": "2023-09-04T02:17:57.2453862Z",
          "lastModifiedBy": "00226471-3a95-403e-98c0-dca45fecd307",
          "lastModifiedByType": "Application",
          "lastModifiedAt": "2023-09-04T02:19:09.4487659Z"
        },
        "properties": {
          "hostName": "communication-service-7415.unitedstates.communication.azure.com",
          "immutableResourceId": "54364415-711e-4271-b1ea-3198e314e4c6",
          "dataLocation": "UnitedStates",
          "provisioningState": "Succeeded"
        }
      }
    },
    {
      "RequestUri": "https://management.azure.com/subscriptions/8443df5e-8e12-4cd9-810e-c525196fecae/resourceGroups/Communication-RG-8888/providers/Microsoft.Communication/communicationServices/communication-service-7415?api-version=2023-04-01-preview",
      "RequestMethod": "GET",
      "RequestHeaders": {
        "Accept": "application/json",
        "Authorization": "Sanitized",
        "traceparent": "00-fa01fad7d786fb5090dcc5d4ba999e48-9c1dbeca80628ebd-00",
        "User-Agent": "azsdk-net-ResourceManager.Communication/1.2.0-alpha.20230902.1 (.NET Framework 4.8.9167.0; Microsoft Windows 10.0.22621 )",
        "x-ms-client-request-id": "d93209d69a548ebb024b36065c9007af",
        "x-ms-return-client-request-id": "true"
      },
      "RequestBody": null,
      "StatusCode": 200,
      "ResponseHeaders": {
        "Cache-Control": "no-cache",
        "Content-Length": "794",
        "Content-Type": "application/json; charset=utf-8",
        "Date": "Mon, 04 Sep 2023 02:19:11 GMT",
        "ETag": "\u00223a0e2571-0000-0100-0000-64f53e9d0000\u0022",
        "Expires": "-1",
        "Pragma": "no-cache",
        "Strict-Transport-Security": "max-age=31536000; includeSubDomains",
        "X-Cache": "CONFIG_NOCACHE",
        "X-Content-Type-Options": "nosniff",
        "x-ms-client-request-id": "d93209d69a548ebb024b36065c9007af",
        "x-ms-correlation-request-id": "f02f8f45-7720-48f0-abca-eb8a23db8364",
        "x-ms-providerhub-traffic": "True",
        "x-ms-ratelimit-remaining-subscription-reads": "11998",
        "x-ms-request-id": "52ffd8ce-8560-4fc4-9325-b107c0bb5690",
        "x-ms-routing-request-id": "CANADACENTRAL:20230904T021911Z:f02f8f45-7720-48f0-abca-eb8a23db8364",
        "X-MSEdge-Ref": "Ref A: EE30CA0B62B049B783883658B7FA74EB Ref B: CO6AA3150219019 Ref C: 2023-09-04T02:19:11Z"
      },
      "ResponseBody": {
        "id": "/subscriptions/8443df5e-8e12-4cd9-810e-c525196fecae/resourceGroups/Communication-RG-8888/providers/Microsoft.Communication/communicationServices/communication-service-7415",
        "name": "communication-service-7415",
        "type": "microsoft.communication/communicationservices",
        "location": "global",
        "tags": {},
        "systemData": {
          "createdBy": "00226471-3a95-403e-98c0-dca45fecd307",
          "createdByType": "Application",
          "createdAt": "2023-09-04T02:17:57.2453862Z",
          "lastModifiedBy": "00226471-3a95-403e-98c0-dca45fecd307",
          "lastModifiedByType": "Application",
          "lastModifiedAt": "2023-09-04T02:19:09.4487659Z"
        },
        "properties": {
          "hostName": "communication-service-7415.unitedstates.communication.azure.com",
          "immutableResourceId": "54364415-711e-4271-b1ea-3198e314e4c6",
          "dataLocation": "UnitedStates",
          "provisioningState": "Succeeded"
        }
      }
    },
    {
      "RequestUri": "https://management.azure.com/subscriptions/8443df5e-8e12-4cd9-810e-c525196fecae/resourceGroups/Communication-RG-8888/providers/Microsoft.Communication/communicationServices?api-version=2023-04-01-preview",
      "RequestMethod": "GET",
      "RequestHeaders": {
        "Accept": "application/json",
        "Authorization": "Sanitized",
        "traceparent": "00-3835b2ea649125482f4ebd2a7612b64b-c3751268d9754469-00",
        "User-Agent": "azsdk-net-ResourceManager.Communication/1.2.0-alpha.20230902.1 (.NET Framework 4.8.9167.0; Microsoft Windows 10.0.22621 )",
        "x-ms-client-request-id": "d8fec0dad1661543c283563bd4ec65d3",
        "x-ms-return-client-request-id": "true"
      },
      "RequestBody": null,
      "StatusCode": 200,
      "ResponseHeaders": {
        "Cache-Control": "no-cache",
        "Content-Length": "806",
        "Content-Type": "application/json; charset=utf-8",
        "Date": "Mon, 04 Sep 2023 02:19:11 GMT",
        "Expires": "-1",
        "Pragma": "no-cache",
        "Strict-Transport-Security": "max-age=31536000; includeSubDomains",
        "X-Cache": "CONFIG_NOCACHE",
        "X-Content-Type-Options": "nosniff",
        "x-ms-client-request-id": "d8fec0dad1661543c283563bd4ec65d3",
        "x-ms-correlation-request-id": "17081275-2ab8-40b7-a16d-38f7d3453300",
        "x-ms-providerhub-traffic": "True",
        "x-ms-ratelimit-remaining-subscription-reads": "11996",
        "x-ms-request-id": "9a8655a5-39ae-4488-9cd0-c7b6bba30790",
        "x-ms-routing-request-id": "CANADACENTRAL:20230904T021911Z:17081275-2ab8-40b7-a16d-38f7d3453300",
        "X-MSEdge-Ref": "Ref A: 801F584494164267B62C8DC5AE074D3E Ref B: CO6AA3150219019 Ref C: 2023-09-04T02:19:11Z"
      },
      "ResponseBody": {
        "value": [
          {
            "id": "/subscriptions/8443df5e-8e12-4cd9-810e-c525196fecae/resourceGroups/Communication-RG-8888/providers/Microsoft.Communication/communicationServices/communication-service-7415",
            "name": "communication-service-7415",
            "type": "microsoft.communication/communicationservices",
            "location": "global",
            "tags": {},
            "systemData": {
              "createdBy": "00226471-3a95-403e-98c0-dca45fecd307",
              "createdByType": "Application",
              "createdAt": "2023-09-04T02:17:57.2453862Z",
              "lastModifiedBy": "00226471-3a95-403e-98c0-dca45fecd307",
              "lastModifiedByType": "Application",
              "lastModifiedAt": "2023-09-04T02:19:09.4487659Z"
            },
            "properties": {
              "hostName": "communication-service-7415.unitedstates.communication.azure.com",
              "immutableResourceId": "54364415-711e-4271-b1ea-3198e314e4c6",
              "dataLocation": "UnitedStates",
              "provisioningState": "Succeeded"
            }
          }
        ]
      }
    },
    {
      "RequestUri": "https://management.azure.com/subscriptions/8443df5e-8e12-4cd9-810e-c525196fecae/resourceGroups/Communication-RG-8888/providers/Microsoft.Communication/communicationServices/communication-service-7415?api-version=2023-04-01-preview",
      "RequestMethod": "DELETE",
      "RequestHeaders": {
        "Accept": "application/json",
        "Authorization": "Sanitized",
        "traceparent": "00-0c8b45f9372dd3b71b4a33b4b0ef1aff-0fde705e6165f515-00",
        "User-Agent": "azsdk-net-ResourceManager.Communication/1.2.0-alpha.20230902.1 (.NET Framework 4.8.9167.0; Microsoft Windows 10.0.22621 )",
        "x-ms-client-request-id": "1ba28aa0c121db837099fbf705185c42",
        "x-ms-return-client-request-id": "true"
      },
      "RequestBody": null,
      "StatusCode": 202,
      "ResponseHeaders": {
        "Azure-AsyncOperation": "https://management.azure.com/subscriptions/8443df5e-8e12-4cd9-810e-c525196fecae/providers/Microsoft.Communication/locations/WESTUS2/operationStatuses/d7cbec9a-1ec5-4e00-888a-f6a4bee221e2*D7396806C8DA3C4AC186B61F1D4152A379D7AC17AD522C2E152AF70B2A9AE562?api-version=2023-04-01-preview",
        "Cache-Control": "no-cache",
        "Content-Length": "4",
        "Content-Type": "application/json; charset=utf-8",
        "Date": "Mon, 04 Sep 2023 02:19:11 GMT",
        "ETag": "\u00223a0e7671-0000-0100-0000-64f53ea00000\u0022",
        "Expires": "-1",
        "Location": "https://management.azure.com/subscriptions/8443df5e-8e12-4cd9-810e-c525196fecae/providers/Microsoft.Communication/locations/WESTUS2/operationStatuses/d7cbec9a-1ec5-4e00-888a-f6a4bee221e2*D7396806C8DA3C4AC186B61F1D4152A379D7AC17AD522C2E152AF70B2A9AE562?api-version=2023-04-01-preview",
        "Pragma": "no-cache",
        "Strict-Transport-Security": "max-age=31536000; includeSubDomains",
        "X-Cache": "CONFIG_NOCACHE",
        "X-Content-Type-Options": "nosniff",
        "x-ms-client-request-id": "1ba28aa0c121db837099fbf705185c42",
        "x-ms-correlation-request-id": "5d0520bf-2d9a-4319-89a8-aa9208296492",
        "x-ms-providerhub-traffic": "True",
        "x-ms-ratelimit-remaining-subscription-deletes": "14999",
        "x-ms-request-id": "d7cbec9a-1ec5-4e00-888a-f6a4bee221e2",
        "x-ms-routing-request-id": "CANADACENTRAL:20230904T021912Z:5d0520bf-2d9a-4319-89a8-aa9208296492",
        "X-MSEdge-Ref": "Ref A: DEACA32EB78F406E9A3ACE4ECA92E80F Ref B: CO6AA3150219019 Ref C: 2023-09-04T02:19:11Z"
      },
      "ResponseBody": "null"
    },
    {
      "RequestUri": "https://management.azure.com/subscriptions/8443df5e-8e12-4cd9-810e-c525196fecae/providers/Microsoft.Communication/locations/WESTUS2/operationStatuses/d7cbec9a-1ec5-4e00-888a-f6a4bee221e2*D7396806C8DA3C4AC186B61F1D4152A379D7AC17AD522C2E152AF70B2A9AE562?api-version=2023-04-01-preview",
      "RequestMethod": "GET",
      "RequestHeaders": {
        "Authorization": "Sanitized",
        "traceparent": "00-0c8b45f9372dd3b71b4a33b4b0ef1aff-3c4ee2ac26b97d4f-00",
        "User-Agent": "azsdk-net-ResourceManager/1.7.0 (.NET Framework 4.8.9167.0; Microsoft Windows 10.0.22621 )",
        "x-ms-client-request-id": "d16562e6ebed188d3c2368ccd54b0faa",
        "x-ms-return-client-request-id": "true"
      },
      "RequestBody": null,
      "StatusCode": 202,
      "ResponseHeaders": {
        "Azure-AsyncOperation": "https://management.azure.com/subscriptions/8443df5e-8e12-4cd9-810e-c525196fecae/providers/Microsoft.Communication/locations/westus2/operationStatuses/d7cbec9a-1ec5-4e00-888a-f6a4bee221e2*D7396806C8DA3C4AC186B61F1D4152A379D7AC17AD522C2E152AF70B2A9AE562?api-version=2023-04-01-preview",
        "Cache-Control": "no-cache",
        "Content-Length": "593",
        "Content-Type": "application/json; charset=utf-8",
        "Date": "Mon, 04 Sep 2023 02:19:12 GMT",
        "ETag": "\u0022bb01bad0-0000-0100-0000-64f53e9f0000\u0022",
        "Expires": "-1",
        "Location": "https://management.azure.com/subscriptions/8443df5e-8e12-4cd9-810e-c525196fecae/providers/Microsoft.Communication/locations/westus2/operationStatuses/d7cbec9a-1ec5-4e00-888a-f6a4bee221e2*D7396806C8DA3C4AC186B61F1D4152A379D7AC17AD522C2E152AF70B2A9AE562?api-version=2023-04-01-preview",
        "Pragma": "no-cache",
        "Strict-Transport-Security": "max-age=31536000; includeSubDomains",
        "X-Cache": "CONFIG_NOCACHE",
        "X-Content-Type-Options": "nosniff",
        "x-ms-client-request-id": "d16562e6ebed188d3c2368ccd54b0faa",
        "x-ms-correlation-request-id": "9260f7ee-ff7e-43a4-92c1-ff7ee6e65feb",
        "x-ms-ratelimit-remaining-subscription-reads": "11997",
        "x-ms-request-id": "a3a2433f-7606-4b53-bcb0-07943b4dcd93",
        "x-ms-routing-request-id": "CANADACENTRAL:20230904T021912Z:9260f7ee-ff7e-43a4-92c1-ff7ee6e65feb",
        "X-MSEdge-Ref": "Ref A: 50F67D7ECEA24D3EB0F9C55A9B00EAE7 Ref B: CO6AA3150219019 Ref C: 2023-09-04T02:19:12Z"
      },
      "ResponseBody": {
        "id": "/subscriptions/8443df5e-8e12-4cd9-810e-c525196fecae/providers/Microsoft.Communication/locations/WESTUS2/operationStatuses/d7cbec9a-1ec5-4e00-888a-f6a4bee221e2*D7396806C8DA3C4AC186B61F1D4152A379D7AC17AD522C2E152AF70B2A9AE562",
        "name": "d7cbec9a-1ec5-4e00-888a-f6a4bee221e2*D7396806C8DA3C4AC186B61F1D4152A379D7AC17AD522C2E152AF70B2A9AE562",
        "resourceId": "/subscriptions/8443df5e-8e12-4cd9-810e-c525196fecae/resourceGroups/Communication-RG-8888/providers/Microsoft.Communication/communicationServices/communication-service-7415",
        "status": "Deleting",
        "startTime": "2023-09-04T02:19:11.7929539Z"
      }
    },
    {
      "RequestUri": "https://management.azure.com/subscriptions/8443df5e-8e12-4cd9-810e-c525196fecae/providers/Microsoft.Communication/locations/westus2/operationStatuses/d7cbec9a-1ec5-4e00-888a-f6a4bee221e2*D7396806C8DA3C4AC186B61F1D4152A379D7AC17AD522C2E152AF70B2A9AE562?api-version=2023-04-01-preview",
      "RequestMethod": "GET",
      "RequestHeaders": {
        "Authorization": "Sanitized",
        "traceparent": "00-0c8b45f9372dd3b71b4a33b4b0ef1aff-d6de4d1d16b07035-00",
        "User-Agent": "azsdk-net-ResourceManager/1.7.0 (.NET Framework 4.8.9167.0; Microsoft Windows 10.0.22621 )",
        "x-ms-client-request-id": "93bd14261a430678429e5504abb298f1",
        "x-ms-return-client-request-id": "true"
      },
      "RequestBody": null,
      "StatusCode": 202,
      "ResponseHeaders": {
        "Azure-AsyncOperation": "https://management.azure.com/subscriptions/8443df5e-8e12-4cd9-810e-c525196fecae/providers/Microsoft.Communication/locations/westus2/operationStatuses/d7cbec9a-1ec5-4e00-888a-f6a4bee221e2*D7396806C8DA3C4AC186B61F1D4152A379D7AC17AD522C2E152AF70B2A9AE562?api-version=2023-04-01-preview",
        "Cache-Control": "no-cache",
        "Content-Length": "593",
        "Content-Type": "application/json; charset=utf-8",
        "Date": "Mon, 04 Sep 2023 02:19:13 GMT",
        "ETag": "\u0022bb01bad0-0000-0100-0000-64f53e9f0000\u0022",
        "Expires": "-1",
        "Location": "https://management.azure.com/subscriptions/8443df5e-8e12-4cd9-810e-c525196fecae/providers/Microsoft.Communication/locations/westus2/operationStatuses/d7cbec9a-1ec5-4e00-888a-f6a4bee221e2*D7396806C8DA3C4AC186B61F1D4152A379D7AC17AD522C2E152AF70B2A9AE562?api-version=2023-04-01-preview",
        "Pragma": "no-cache",
        "Strict-Transport-Security": "max-age=31536000; includeSubDomains",
        "X-Cache": "CONFIG_NOCACHE",
        "X-Content-Type-Options": "nosniff",
        "x-ms-client-request-id": "93bd14261a430678429e5504abb298f1",
        "x-ms-correlation-request-id": "a817cb97-06e1-4831-8ffd-ec9074a0bf42",
        "x-ms-ratelimit-remaining-subscription-reads": "11995",
        "x-ms-request-id": "1673fc3b-c12c-44a2-9941-394c95f2cdb1",
        "x-ms-routing-request-id": "CANADACENTRAL:20230904T021913Z:a817cb97-06e1-4831-8ffd-ec9074a0bf42",
        "X-MSEdge-Ref": "Ref A: D345F2FFEE1D4605A20BB36A71EC49AD Ref B: CO6AA3150219019 Ref C: 2023-09-04T02:19:13Z"
      },
      "ResponseBody": {
        "id": "/subscriptions/8443df5e-8e12-4cd9-810e-c525196fecae/providers/Microsoft.Communication/locations/westus2/operationStatuses/d7cbec9a-1ec5-4e00-888a-f6a4bee221e2*D7396806C8DA3C4AC186B61F1D4152A379D7AC17AD522C2E152AF70B2A9AE562",
        "name": "d7cbec9a-1ec5-4e00-888a-f6a4bee221e2*D7396806C8DA3C4AC186B61F1D4152A379D7AC17AD522C2E152AF70B2A9AE562",
        "resourceId": "/subscriptions/8443df5e-8e12-4cd9-810e-c525196fecae/resourceGroups/Communication-RG-8888/providers/Microsoft.Communication/communicationServices/communication-service-7415",
        "status": "Deleting",
        "startTime": "2023-09-04T02:19:11.7929539Z"
      }
    },
    {
      "RequestUri": "https://management.azure.com/subscriptions/8443df5e-8e12-4cd9-810e-c525196fecae/providers/Microsoft.Communication/locations/westus2/operationStatuses/d7cbec9a-1ec5-4e00-888a-f6a4bee221e2*D7396806C8DA3C4AC186B61F1D4152A379D7AC17AD522C2E152AF70B2A9AE562?api-version=2023-04-01-preview",
      "RequestMethod": "GET",
      "RequestHeaders": {
        "Authorization": "Sanitized",
        "traceparent": "00-0c8b45f9372dd3b71b4a33b4b0ef1aff-f390e87947509e1a-00",
        "User-Agent": "azsdk-net-ResourceManager/1.7.0 (.NET Framework 4.8.9167.0; Microsoft Windows 10.0.22621 )",
        "x-ms-client-request-id": "a311e6e08bb29155b2910d37327c2f7a",
        "x-ms-return-client-request-id": "true"
      },
      "RequestBody": null,
      "StatusCode": 202,
      "ResponseHeaders": {
        "Azure-AsyncOperation": "https://management.azure.com/subscriptions/8443df5e-8e12-4cd9-810e-c525196fecae/providers/Microsoft.Communication/locations/westus2/operationStatuses/d7cbec9a-1ec5-4e00-888a-f6a4bee221e2*D7396806C8DA3C4AC186B61F1D4152A379D7AC17AD522C2E152AF70B2A9AE562?api-version=2023-04-01-preview",
        "Cache-Control": "no-cache",
        "Content-Length": "593",
        "Content-Type": "application/json; charset=utf-8",
        "Date": "Mon, 04 Sep 2023 02:19:14 GMT",
        "ETag": "\u0022bb01bad0-0000-0100-0000-64f53e9f0000\u0022",
        "Expires": "-1",
        "Location": "https://management.azure.com/subscriptions/8443df5e-8e12-4cd9-810e-c525196fecae/providers/Microsoft.Communication/locations/westus2/operationStatuses/d7cbec9a-1ec5-4e00-888a-f6a4bee221e2*D7396806C8DA3C4AC186B61F1D4152A379D7AC17AD522C2E152AF70B2A9AE562?api-version=2023-04-01-preview",
        "Pragma": "no-cache",
        "Strict-Transport-Security": "max-age=31536000; includeSubDomains",
        "X-Cache": "CONFIG_NOCACHE",
        "X-Content-Type-Options": "nosniff",
        "x-ms-client-request-id": "a311e6e08bb29155b2910d37327c2f7a",
        "x-ms-correlation-request-id": "9937e8b6-850b-4566-ba84-21e6bd8eb4d9",
        "x-ms-ratelimit-remaining-subscription-reads": "11977",
        "x-ms-request-id": "660db4fd-b0e8-4005-a5c0-0fdaed911e29",
        "x-ms-routing-request-id": "CANADACENTRAL:20230904T021914Z:9937e8b6-850b-4566-ba84-21e6bd8eb4d9",
        "X-MSEdge-Ref": "Ref A: 661F988030EB4EAD9EA8A2041C1D1881 Ref B: CO6AA3150219019 Ref C: 2023-09-04T02:19:14Z"
      },
      "ResponseBody": {
        "id": "/subscriptions/8443df5e-8e12-4cd9-810e-c525196fecae/providers/Microsoft.Communication/locations/westus2/operationStatuses/d7cbec9a-1ec5-4e00-888a-f6a4bee221e2*D7396806C8DA3C4AC186B61F1D4152A379D7AC17AD522C2E152AF70B2A9AE562",
        "name": "d7cbec9a-1ec5-4e00-888a-f6a4bee221e2*D7396806C8DA3C4AC186B61F1D4152A379D7AC17AD522C2E152AF70B2A9AE562",
        "resourceId": "/subscriptions/8443df5e-8e12-4cd9-810e-c525196fecae/resourceGroups/Communication-RG-8888/providers/Microsoft.Communication/communicationServices/communication-service-7415",
        "status": "Deleting",
        "startTime": "2023-09-04T02:19:11.7929539Z"
      }
    },
    {
      "RequestUri": "https://management.azure.com/subscriptions/8443df5e-8e12-4cd9-810e-c525196fecae/providers/Microsoft.Communication/locations/westus2/operationStatuses/d7cbec9a-1ec5-4e00-888a-f6a4bee221e2*D7396806C8DA3C4AC186B61F1D4152A379D7AC17AD522C2E152AF70B2A9AE562?api-version=2023-04-01-preview",
      "RequestMethod": "GET",
      "RequestHeaders": {
        "Authorization": "Sanitized",
        "traceparent": "00-0c8b45f9372dd3b71b4a33b4b0ef1aff-667200622a4c40c1-00",
        "User-Agent": "azsdk-net-ResourceManager/1.7.0 (.NET Framework 4.8.9167.0; Microsoft Windows 10.0.22621 )",
        "x-ms-client-request-id": "2fab6c0d25c1cbd1ea5f8f4f96896d8a",
        "x-ms-return-client-request-id": "true"
      },
      "RequestBody": null,
      "StatusCode": 202,
      "ResponseHeaders": {
        "Azure-AsyncOperation": "https://management.azure.com/subscriptions/8443df5e-8e12-4cd9-810e-c525196fecae/providers/Microsoft.Communication/locations/westus2/operationStatuses/d7cbec9a-1ec5-4e00-888a-f6a4bee221e2*D7396806C8DA3C4AC186B61F1D4152A379D7AC17AD522C2E152AF70B2A9AE562?api-version=2023-04-01-preview",
        "Cache-Control": "no-cache",
        "Content-Length": "593",
        "Content-Type": "application/json; charset=utf-8",
        "Date": "Mon, 04 Sep 2023 02:19:15 GMT",
        "ETag": "\u0022bb01bad0-0000-0100-0000-64f53e9f0000\u0022",
        "Expires": "-1",
        "Location": "https://management.azure.com/subscriptions/8443df5e-8e12-4cd9-810e-c525196fecae/providers/Microsoft.Communication/locations/westus2/operationStatuses/d7cbec9a-1ec5-4e00-888a-f6a4bee221e2*D7396806C8DA3C4AC186B61F1D4152A379D7AC17AD522C2E152AF70B2A9AE562?api-version=2023-04-01-preview",
        "Pragma": "no-cache",
        "Strict-Transport-Security": "max-age=31536000; includeSubDomains",
        "X-Cache": "CONFIG_NOCACHE",
        "X-Content-Type-Options": "nosniff",
        "x-ms-client-request-id": "2fab6c0d25c1cbd1ea5f8f4f96896d8a",
        "x-ms-correlation-request-id": "7a29923a-7d2d-4937-9b2b-893d63a25d62",
        "x-ms-ratelimit-remaining-subscription-reads": "11996",
        "x-ms-request-id": "aef40237-bb5a-4127-93d9-36d9b97716c4",
        "x-ms-routing-request-id": "CANADACENTRAL:20230904T021916Z:7a29923a-7d2d-4937-9b2b-893d63a25d62",
        "X-MSEdge-Ref": "Ref A: 5D3C2D83495743648FF01DAEA02AB11B Ref B: CO6AA3150219019 Ref C: 2023-09-04T02:19:15Z"
      },
      "ResponseBody": {
        "id": "/subscriptions/8443df5e-8e12-4cd9-810e-c525196fecae/providers/Microsoft.Communication/locations/westus2/operationStatuses/d7cbec9a-1ec5-4e00-888a-f6a4bee221e2*D7396806C8DA3C4AC186B61F1D4152A379D7AC17AD522C2E152AF70B2A9AE562",
        "name": "d7cbec9a-1ec5-4e00-888a-f6a4bee221e2*D7396806C8DA3C4AC186B61F1D4152A379D7AC17AD522C2E152AF70B2A9AE562",
        "resourceId": "/subscriptions/8443df5e-8e12-4cd9-810e-c525196fecae/resourceGroups/Communication-RG-8888/providers/Microsoft.Communication/communicationServices/communication-service-7415",
        "status": "Deleting",
        "startTime": "2023-09-04T02:19:11.7929539Z"
      }
    },
    {
      "RequestUri": "https://management.azure.com/subscriptions/8443df5e-8e12-4cd9-810e-c525196fecae/providers/Microsoft.Communication/locations/westus2/operationStatuses/d7cbec9a-1ec5-4e00-888a-f6a4bee221e2*D7396806C8DA3C4AC186B61F1D4152A379D7AC17AD522C2E152AF70B2A9AE562?api-version=2023-04-01-preview",
      "RequestMethod": "GET",
      "RequestHeaders": {
        "Authorization": "Sanitized",
        "traceparent": "00-0c8b45f9372dd3b71b4a33b4b0ef1aff-e5e33d61406cceba-00",
        "User-Agent": "azsdk-net-ResourceManager/1.7.0 (.NET Framework 4.8.9167.0; Microsoft Windows 10.0.22621 )",
        "x-ms-client-request-id": "efec778b6c3a9bf7bf2ce1b20c40d3c6",
        "x-ms-return-client-request-id": "true"
      },
      "RequestBody": null,
      "StatusCode": 202,
      "ResponseHeaders": {
        "Azure-AsyncOperation": "https://management.azure.com/subscriptions/8443df5e-8e12-4cd9-810e-c525196fecae/providers/Microsoft.Communication/locations/westus2/operationStatuses/d7cbec9a-1ec5-4e00-888a-f6a4bee221e2*D7396806C8DA3C4AC186B61F1D4152A379D7AC17AD522C2E152AF70B2A9AE562?api-version=2023-04-01-preview",
        "Cache-Control": "no-cache",
        "Content-Length": "593",
        "Content-Type": "application/json; charset=utf-8",
        "Date": "Mon, 04 Sep 2023 02:19:18 GMT",
        "ETag": "\u0022bb01bad0-0000-0100-0000-64f53e9f0000\u0022",
        "Expires": "-1",
        "Location": "https://management.azure.com/subscriptions/8443df5e-8e12-4cd9-810e-c525196fecae/providers/Microsoft.Communication/locations/westus2/operationStatuses/d7cbec9a-1ec5-4e00-888a-f6a4bee221e2*D7396806C8DA3C4AC186B61F1D4152A379D7AC17AD522C2E152AF70B2A9AE562?api-version=2023-04-01-preview",
        "Pragma": "no-cache",
        "Strict-Transport-Security": "max-age=31536000; includeSubDomains",
        "X-Cache": "CONFIG_NOCACHE",
        "X-Content-Type-Options": "nosniff",
        "x-ms-client-request-id": "efec778b6c3a9bf7bf2ce1b20c40d3c6",
        "x-ms-correlation-request-id": "927bb903-2a95-4b41-89a6-1b95e87849ce",
        "x-ms-ratelimit-remaining-subscription-reads": "11995",
        "x-ms-request-id": "3ded7dc7-5242-4b34-99e2-3e4c9d11d696",
        "x-ms-routing-request-id": "CANADACENTRAL:20230904T021918Z:927bb903-2a95-4b41-89a6-1b95e87849ce",
        "X-MSEdge-Ref": "Ref A: 84CEC64701B04C2BBD1A0363983E0529 Ref B: CO6AA3150219019 Ref C: 2023-09-04T02:19:18Z"
      },
      "ResponseBody": {
        "id": "/subscriptions/8443df5e-8e12-4cd9-810e-c525196fecae/providers/Microsoft.Communication/locations/westus2/operationStatuses/d7cbec9a-1ec5-4e00-888a-f6a4bee221e2*D7396806C8DA3C4AC186B61F1D4152A379D7AC17AD522C2E152AF70B2A9AE562",
        "name": "d7cbec9a-1ec5-4e00-888a-f6a4bee221e2*D7396806C8DA3C4AC186B61F1D4152A379D7AC17AD522C2E152AF70B2A9AE562",
        "resourceId": "/subscriptions/8443df5e-8e12-4cd9-810e-c525196fecae/resourceGroups/Communication-RG-8888/providers/Microsoft.Communication/communicationServices/communication-service-7415",
        "status": "Deleting",
        "startTime": "2023-09-04T02:19:11.7929539Z"
      }
    },
    {
      "RequestUri": "https://management.azure.com/subscriptions/8443df5e-8e12-4cd9-810e-c525196fecae/providers/Microsoft.Communication/locations/westus2/operationStatuses/d7cbec9a-1ec5-4e00-888a-f6a4bee221e2*D7396806C8DA3C4AC186B61F1D4152A379D7AC17AD522C2E152AF70B2A9AE562?api-version=2023-04-01-preview",
      "RequestMethod": "GET",
      "RequestHeaders": {
        "Authorization": "Sanitized",
        "traceparent": "00-0c8b45f9372dd3b71b4a33b4b0ef1aff-8364c88a4586a7c9-00",
        "User-Agent": "azsdk-net-ResourceManager/1.7.0 (.NET Framework 4.8.9167.0; Microsoft Windows 10.0.22621 )",
        "x-ms-client-request-id": "3ef6db6e6807ba2f1446b853fc05fb29",
        "x-ms-return-client-request-id": "true"
      },
      "RequestBody": null,
      "StatusCode": 202,
      "ResponseHeaders": {
        "Azure-AsyncOperation": "https://management.azure.com/subscriptions/8443df5e-8e12-4cd9-810e-c525196fecae/providers/Microsoft.Communication/locations/westus2/operationStatuses/d7cbec9a-1ec5-4e00-888a-f6a4bee221e2*D7396806C8DA3C4AC186B61F1D4152A379D7AC17AD522C2E152AF70B2A9AE562?api-version=2023-04-01-preview",
        "Cache-Control": "no-cache",
        "Content-Length": "593",
        "Content-Type": "application/json; charset=utf-8",
        "Date": "Mon, 04 Sep 2023 02:19:22 GMT",
        "ETag": "\u0022bb01bad0-0000-0100-0000-64f53e9f0000\u0022",
        "Expires": "-1",
        "Location": "https://management.azure.com/subscriptions/8443df5e-8e12-4cd9-810e-c525196fecae/providers/Microsoft.Communication/locations/westus2/operationStatuses/d7cbec9a-1ec5-4e00-888a-f6a4bee221e2*D7396806C8DA3C4AC186B61F1D4152A379D7AC17AD522C2E152AF70B2A9AE562?api-version=2023-04-01-preview",
        "Pragma": "no-cache",
        "Strict-Transport-Security": "max-age=31536000; includeSubDomains",
        "X-Cache": "CONFIG_NOCACHE",
        "X-Content-Type-Options": "nosniff",
        "x-ms-client-request-id": "3ef6db6e6807ba2f1446b853fc05fb29",
        "x-ms-correlation-request-id": "4f9f392b-bdb8-4ab7-b16f-69fd5260aa82",
        "x-ms-ratelimit-remaining-subscription-reads": "11994",
        "x-ms-request-id": "ec7da9a0-df83-481c-8a4a-3cf6b82be58c",
        "x-ms-routing-request-id": "CANADACENTRAL:20230904T021922Z:4f9f392b-bdb8-4ab7-b16f-69fd5260aa82",
        "X-MSEdge-Ref": "Ref A: FCC9B9BD27E64E3E991AF8575925C246 Ref B: CO6AA3150219019 Ref C: 2023-09-04T02:19:22Z"
      },
      "ResponseBody": {
        "id": "/subscriptions/8443df5e-8e12-4cd9-810e-c525196fecae/providers/Microsoft.Communication/locations/westus2/operationStatuses/d7cbec9a-1ec5-4e00-888a-f6a4bee221e2*D7396806C8DA3C4AC186B61F1D4152A379D7AC17AD522C2E152AF70B2A9AE562",
        "name": "d7cbec9a-1ec5-4e00-888a-f6a4bee221e2*D7396806C8DA3C4AC186B61F1D4152A379D7AC17AD522C2E152AF70B2A9AE562",
        "resourceId": "/subscriptions/8443df5e-8e12-4cd9-810e-c525196fecae/resourceGroups/Communication-RG-8888/providers/Microsoft.Communication/communicationServices/communication-service-7415",
        "status": "Deleting",
        "startTime": "2023-09-04T02:19:11.7929539Z"
      }
    },
    {
      "RequestUri": "https://management.azure.com/subscriptions/8443df5e-8e12-4cd9-810e-c525196fecae/providers/Microsoft.Communication/locations/westus2/operationStatuses/d7cbec9a-1ec5-4e00-888a-f6a4bee221e2*D7396806C8DA3C4AC186B61F1D4152A379D7AC17AD522C2E152AF70B2A9AE562?api-version=2023-04-01-preview",
      "RequestMethod": "GET",
      "RequestHeaders": {
        "Authorization": "Sanitized",
        "traceparent": "00-0c8b45f9372dd3b71b4a33b4b0ef1aff-ce3aee32f7f8695d-00",
        "User-Agent": "azsdk-net-ResourceManager/1.7.0 (.NET Framework 4.8.9167.0; Microsoft Windows 10.0.22621 )",
        "x-ms-client-request-id": "bbac83233f90a13f75107095441fbeaa",
        "x-ms-return-client-request-id": "true"
      },
      "RequestBody": null,
      "StatusCode": 202,
      "ResponseHeaders": {
        "Azure-AsyncOperation": "https://management.azure.com/subscriptions/8443df5e-8e12-4cd9-810e-c525196fecae/providers/Microsoft.Communication/locations/westus2/operationStatuses/d7cbec9a-1ec5-4e00-888a-f6a4bee221e2*D7396806C8DA3C4AC186B61F1D4152A379D7AC17AD522C2E152AF70B2A9AE562?api-version=2023-04-01-preview",
        "Cache-Control": "no-cache",
        "Content-Length": "593",
        "Content-Type": "application/json; charset=utf-8",
        "Date": "Mon, 04 Sep 2023 02:19:30 GMT",
        "ETag": "\u0022bb01bad0-0000-0100-0000-64f53e9f0000\u0022",
        "Expires": "-1",
        "Location": "https://management.azure.com/subscriptions/8443df5e-8e12-4cd9-810e-c525196fecae/providers/Microsoft.Communication/locations/westus2/operationStatuses/d7cbec9a-1ec5-4e00-888a-f6a4bee221e2*D7396806C8DA3C4AC186B61F1D4152A379D7AC17AD522C2E152AF70B2A9AE562?api-version=2023-04-01-preview",
        "Pragma": "no-cache",
        "Strict-Transport-Security": "max-age=31536000; includeSubDomains",
        "X-Cache": "CONFIG_NOCACHE",
        "X-Content-Type-Options": "nosniff",
        "x-ms-client-request-id": "bbac83233f90a13f75107095441fbeaa",
        "x-ms-correlation-request-id": "c8008f94-54b0-4fc8-b356-6285a668a265",
        "x-ms-ratelimit-remaining-subscription-reads": "11986",
        "x-ms-request-id": "bd5701f2-a4de-4c62-8e8d-2388a45b424a",
        "x-ms-routing-request-id": "CANADACENTRAL:20230904T021930Z:c8008f94-54b0-4fc8-b356-6285a668a265",
        "X-MSEdge-Ref": "Ref A: 2C82D40B4DFF4197AE8AFDA24FFC807E Ref B: CO6AA3150219019 Ref C: 2023-09-04T02:19:30Z"
      },
      "ResponseBody": {
        "id": "/subscriptions/8443df5e-8e12-4cd9-810e-c525196fecae/providers/Microsoft.Communication/locations/westus2/operationStatuses/d7cbec9a-1ec5-4e00-888a-f6a4bee221e2*D7396806C8DA3C4AC186B61F1D4152A379D7AC17AD522C2E152AF70B2A9AE562",
        "name": "d7cbec9a-1ec5-4e00-888a-f6a4bee221e2*D7396806C8DA3C4AC186B61F1D4152A379D7AC17AD522C2E152AF70B2A9AE562",
        "resourceId": "/subscriptions/8443df5e-8e12-4cd9-810e-c525196fecae/resourceGroups/Communication-RG-8888/providers/Microsoft.Communication/communicationServices/communication-service-7415",
        "status": "Deleting",
        "startTime": "2023-09-04T02:19:11.7929539Z"
      }
    },
    {
      "RequestUri": "https://management.azure.com/subscriptions/8443df5e-8e12-4cd9-810e-c525196fecae/providers/Microsoft.Communication/locations/westus2/operationStatuses/d7cbec9a-1ec5-4e00-888a-f6a4bee221e2*D7396806C8DA3C4AC186B61F1D4152A379D7AC17AD522C2E152AF70B2A9AE562?api-version=2023-04-01-preview",
      "RequestMethod": "GET",
      "RequestHeaders": {
        "Authorization": "Sanitized",
        "traceparent": "00-0c8b45f9372dd3b71b4a33b4b0ef1aff-09e511b3901dbdec-00",
        "User-Agent": "azsdk-net-ResourceManager/1.7.0 (.NET Framework 4.8.9167.0; Microsoft Windows 10.0.22621 )",
        "x-ms-client-request-id": "bae0c88b2f9222834731dbf4b3a49eb9",
        "x-ms-return-client-request-id": "true"
      },
      "RequestBody": null,
      "StatusCode": 202,
      "ResponseHeaders": {
        "Azure-AsyncOperation": "https://management.azure.com/subscriptions/8443df5e-8e12-4cd9-810e-c525196fecae/providers/Microsoft.Communication/locations/westus2/operationStatuses/d7cbec9a-1ec5-4e00-888a-f6a4bee221e2*D7396806C8DA3C4AC186B61F1D4152A379D7AC17AD522C2E152AF70B2A9AE562?api-version=2023-04-01-preview",
        "Cache-Control": "no-cache",
        "Content-Length": "593",
        "Content-Type": "application/json; charset=utf-8",
        "Date": "Mon, 04 Sep 2023 02:19:46 GMT",
        "ETag": "\u0022bb01bad0-0000-0100-0000-64f53e9f0000\u0022",
        "Expires": "-1",
        "Location": "https://management.azure.com/subscriptions/8443df5e-8e12-4cd9-810e-c525196fecae/providers/Microsoft.Communication/locations/westus2/operationStatuses/d7cbec9a-1ec5-4e00-888a-f6a4bee221e2*D7396806C8DA3C4AC186B61F1D4152A379D7AC17AD522C2E152AF70B2A9AE562?api-version=2023-04-01-preview",
        "Pragma": "no-cache",
        "Strict-Transport-Security": "max-age=31536000; includeSubDomains",
        "X-Cache": "CONFIG_NOCACHE",
        "X-Content-Type-Options": "nosniff",
        "x-ms-client-request-id": "bae0c88b2f9222834731dbf4b3a49eb9",
        "x-ms-correlation-request-id": "b0f72e6e-2041-4850-98f5-5dd53dcaa099",
        "x-ms-ratelimit-remaining-subscription-reads": "11999",
        "x-ms-request-id": "da05e349-81ab-4d76-adfc-86caa8ef5bbb",
        "x-ms-routing-request-id": "CANADACENTRAL:20230904T021947Z:b0f72e6e-2041-4850-98f5-5dd53dcaa099",
        "X-MSEdge-Ref": "Ref A: C7BCF5BB60BA43FB8B9BF6E487155883 Ref B: CO6AA3150219019 Ref C: 2023-09-04T02:19:46Z"
      },
      "ResponseBody": {
        "id": "/subscriptions/8443df5e-8e12-4cd9-810e-c525196fecae/providers/Microsoft.Communication/locations/westus2/operationStatuses/d7cbec9a-1ec5-4e00-888a-f6a4bee221e2*D7396806C8DA3C4AC186B61F1D4152A379D7AC17AD522C2E152AF70B2A9AE562",
        "name": "d7cbec9a-1ec5-4e00-888a-f6a4bee221e2*D7396806C8DA3C4AC186B61F1D4152A379D7AC17AD522C2E152AF70B2A9AE562",
        "resourceId": "/subscriptions/8443df5e-8e12-4cd9-810e-c525196fecae/resourceGroups/Communication-RG-8888/providers/Microsoft.Communication/communicationServices/communication-service-7415",
        "status": "Deleting",
        "startTime": "2023-09-04T02:19:11.7929539Z"
      }
    },
    {
      "RequestUri": "https://management.azure.com/subscriptions/8443df5e-8e12-4cd9-810e-c525196fecae/providers/Microsoft.Communication/locations/westus2/operationStatuses/d7cbec9a-1ec5-4e00-888a-f6a4bee221e2*D7396806C8DA3C4AC186B61F1D4152A379D7AC17AD522C2E152AF70B2A9AE562?api-version=2023-04-01-preview",
      "RequestMethod": "GET",
      "RequestHeaders": {
        "Authorization": "Sanitized",
        "Connection": "close",
        "traceparent": "00-0c8b45f9372dd3b71b4a33b4b0ef1aff-0c4d4c742e362fde-00",
        "User-Agent": "azsdk-net-ResourceManager/1.7.0 (.NET Framework 4.8.9167.0; Microsoft Windows 10.0.22621 )",
        "x-ms-client-request-id": "898eb73018932f369b54c8f6f89975f4",
        "x-ms-return-client-request-id": "true"
      },
      "RequestBody": null,
      "StatusCode": 200,
      "ResponseHeaders": {
        "Cache-Control": "no-cache",
        "Connection": "close",
        "Content-Length": "612",
        "Content-Type": "application/json; charset=utf-8",
        "Date": "Mon, 04 Sep 2023 02:20:18 GMT",
        "ETag": "\u00222500d321-0000-0800-0000-64f53ee10000\u0022",
        "Expires": "-1",
        "Pragma": "no-cache",
        "Strict-Transport-Security": "max-age=31536000; includeSubDomains",
        "X-Cache": "CONFIG_NOCACHE",
        "X-Content-Type-Options": "nosniff",
        "x-ms-client-request-id": "898eb73018932f369b54c8f6f89975f4",
        "x-ms-correlation-request-id": "a3773885-486e-4238-9233-d1ac12283c27",
        "x-ms-ratelimit-remaining-subscription-reads": "11999",
        "x-ms-request-id": "01a6e280-8984-4c3c-9a7b-929cd1b0ed6b",
        "x-ms-routing-request-id": "CANADACENTRAL:20230904T022019Z:a3773885-486e-4238-9233-d1ac12283c27",
        "X-MSEdge-Ref": "Ref A: 4D30868E2002424DBC0DCCD428B22154 Ref B: CO6AA3150219019 Ref C: 2023-09-04T02:20:19Z"
      },
      "ResponseBody": {
        "id": "/subscriptions/8443df5e-8e12-4cd9-810e-c525196fecae/providers/Microsoft.Communication/locations/westus2/operationStatuses/d7cbec9a-1ec5-4e00-888a-f6a4bee221e2*D7396806C8DA3C4AC186B61F1D4152A379D7AC17AD522C2E152AF70B2A9AE562",
        "name": "d7cbec9a-1ec5-4e00-888a-f6a4bee221e2*D7396806C8DA3C4AC186B61F1D4152A379D7AC17AD522C2E152AF70B2A9AE562",
        "resourceId": "/subscriptions/8443df5e-8e12-4cd9-810e-c525196fecae/resourceGroups/Communication-RG-8888/providers/Microsoft.Communication/communicationServices/communication-service-7415",
        "status": "Succeeded",
        "startTime": "2023-09-04T02:19:11.7929539Z",
        "properties": null
      }
    }
  ],
  "Variables": {
    "AZURE_AUTHORITY_HOST": "https://login.microsoftonline.com",
    "RandomSeed": "445839629",
    "RESOURCE_MANAGER_URL": "https://management.azure.com/",
    "SUBSCRIPTION_ID": "8443df5e-8e12-4cd9-810e-c525196fecae"
  }
}
