{
  "Entries": [
    {
      "RequestUri": "https://management.azure.com/subscriptions/8443df5e-8e12-4cd9-810e-c525196fecae/resourcegroups/Communication-RG-5272?api-version=2022-09-01",
      "RequestMethod": "GET",
      "RequestHeaders": {
        "Accept": "application/json",
        "Authorization": "Sanitized",
        "traceparent": "00-8c50abea556ae7d1f9217c3c1fe72778-9eec61c72ddcbe82-00",
        "User-Agent": "azsdk-net-ResourceManager/1.7.0 (.NET 7.0.9; Microsoft Windows 10.0.22621)",
        "x-ms-client-request-id": "156f49a297db13d730268e10e9e0c04d",
        "x-ms-return-client-request-id": "true"
      },
      "RequestBody": null,
      "StatusCode": 200,
      "ResponseHeaders": {
        "Cache-Control": "no-cache",
        "Content-Length": "239",
        "Content-Type": "application/json; charset=utf-8",
        "Date": "Fri, 04 Aug 2023 03:35:42 GMT",
        "Expires": "-1",
        "Pragma": "no-cache",
        "Strict-Transport-Security": "max-age=31536000; includeSubDomains",
        "X-Content-Type-Options": "nosniff",
        "x-ms-correlation-request-id": "c24b5f57-cb78-498c-b291-a56e5ab52c6d",
        "x-ms-ratelimit-remaining-subscription-reads": "11807",
        "x-ms-request-id": "c24b5f57-cb78-498c-b291-a56e5ab52c6d",
        "x-ms-routing-request-id": "WESTUS2:20230804T033542Z:c24b5f57-cb78-498c-b291-a56e5ab52c6d"
      },
      "ResponseBody": {
        "id": "/subscriptions/8443df5e-8e12-4cd9-810e-c525196fecae/resourceGroups/Communication-RG-5272",
        "name": "Communication-RG-5272",
        "type": "Microsoft.Resources/resourceGroups",
        "location": "westus",
        "properties": {
          "provisioningState": "Succeeded"
        }
      }
    },
    {
      "RequestUri": "https://management.azure.com/subscriptions/8443df5e-8e12-4cd9-810e-c525196fecae/resourceGroups/Communication-RG-5272/providers/Microsoft.Communication/communicationServices/communication-service-6373?api-version=2023-04-01-preview",
      "RequestMethod": "PUT",
      "RequestHeaders": {
        "Accept": "application/json",
        "Authorization": "Sanitized",
        "Content-Length": "76",
        "Content-Type": "application/json",
        "traceparent": "00-c4f4c6436cd376edd1dd145c0c52397f-c022471183cd7bb4-00",
        "User-Agent": "azsdk-net-ResourceManager.Communication/1.2.0-alpha.20230803.1 (.NET 7.0.9; Microsoft Windows 10.0.22621)",
        "x-ms-client-request-id": "b826bb2fcb566648c2dca77513d9af71",
        "x-ms-return-client-request-id": "true"
      },
      "RequestBody": {
        "tags": {},
        "location": "global",
        "properties": {
          "dataLocation": "UnitedStates"
        }
      },
      "StatusCode": 201,
      "ResponseHeaders": {
        "Azure-AsyncOperation": "https://management.azure.com/subscriptions/8443df5e-8e12-4cd9-810e-c525196fecae/providers/Microsoft.Communication/locations/WESTUS2/operationStatuses/4eb01130-18f9-4197-a692-52cdb8262d10*00A7405776C12344440970F55F6696FB5526E55018E6965EACD61273B34943AD?api-version=2023-04-01-preview",
        "Cache-Control": "no-cache",
        "Content-Length": "655",
        "Content-Type": "application/json; charset=utf-8",
        "Date": "Fri, 04 Aug 2023 03:35:43 GMT",
        "ETag": "\u002201008d11-0000-0700-0000-64cc720f0000\u0022",
        "Expires": "-1",
        "mise-correlation-id": "abcd3f05-e6d5-4b36-9a51-45e6492f07fe",
        "Pragma": "no-cache",
        "Request-Context": "appId=",
        "Strict-Transport-Security": "max-age=31536000; includeSubDomains",
        "X-Content-Type-Options": "nosniff",
        "x-ms-client-request-id": "b826bb2fcb566648c2dca77513d9af71",
        "x-ms-correlation-request-id": "f21f0faf-a685-4261-b35a-8419fa92fe12",
        "x-ms-providerhub-traffic": "True",
        "x-ms-ratelimit-remaining-subscription-writes": "1180",
        "x-ms-request-id": "4eb01130-18f9-4197-a692-52cdb8262d10",
        "x-ms-routing-request-id": "WESTUS2:20230804T033544Z:f21f0faf-a685-4261-b35a-8419fa92fe12"
      },
      "ResponseBody": {
        "id": "/subscriptions/8443df5e-8e12-4cd9-810e-c525196fecae/resourceGroups/Communication-RG-5272/providers/Microsoft.Communication/communicationServices/communication-service-6373",
        "name": "communication-service-6373",
        "type": "microsoft.communication/communicationservices",
        "location": "global",
        "tags": {},
        "systemData": {
          "createdBy": "b2afe423-8539-4093-bc17-e7c73eb16446",
          "createdByType": "Application",
          "createdAt": "2023-08-04T03:35:43.3947243Z",
          "lastModifiedBy": "b2afe423-8539-4093-bc17-e7c73eb16446",
          "lastModifiedByType": "Application",
          "lastModifiedAt": "2023-08-04T03:35:43.3947243Z"
        },
        "properties": {
          "dataLocation": "UnitedStates",
          "provisioningState": "Accepted"
        }
      }
    },
    {
      "RequestUri": "https://management.azure.com/subscriptions/8443df5e-8e12-4cd9-810e-c525196fecae/providers/Microsoft.Communication/locations/WESTUS2/operationStatuses/4eb01130-18f9-4197-a692-52cdb8262d10*00A7405776C12344440970F55F6696FB5526E55018E6965EACD61273B34943AD?api-version=2023-04-01-preview",
      "RequestMethod": "GET",
      "RequestHeaders": {
        "Authorization": "Sanitized",
        "traceparent": "00-c4f4c6436cd376edd1dd145c0c52397f-241c8b6f8a077640-00",
        "User-Agent": "azsdk-net-ResourceManager/1.7.0 (.NET 7.0.9; Microsoft Windows 10.0.22621)",
        "x-ms-client-request-id": "32591546b6257e4c27af18bb2f9e1c4d",
        "x-ms-return-client-request-id": "true"
      },
      "RequestBody": null,
      "StatusCode": 200,
      "ResponseHeaders": {
        "Cache-Control": "no-cache",
        "Content-Length": "593",
        "Content-Type": "application/json; charset=utf-8",
        "Date": "Fri, 04 Aug 2023 03:35:43 GMT",
        "ETag": "\u00220e009aba-0000-0800-0000-64cc720f0000\u0022",
        "Expires": "-1",
        "Pragma": "no-cache",
        "Strict-Transport-Security": "max-age=31536000; includeSubDomains",
        "X-Content-Type-Options": "nosniff",
        "x-ms-client-request-id": "32591546b6257e4c27af18bb2f9e1c4d",
        "x-ms-correlation-request-id": "c755a3d6-f004-4d5f-92ff-e0c943f5fa43",
        "x-ms-ratelimit-remaining-subscription-reads": "11806",
        "x-ms-request-id": "1a44fb7a-659b-4eba-aafa-2f50df5ba14f",
        "x-ms-routing-request-id": "WESTUS2:20230804T033544Z:c755a3d6-f004-4d5f-92ff-e0c943f5fa43"
      },
      "ResponseBody": {
        "id": "/subscriptions/8443df5e-8e12-4cd9-810e-c525196fecae/providers/Microsoft.Communication/locations/WESTUS2/operationStatuses/4eb01130-18f9-4197-a692-52cdb8262d10*00A7405776C12344440970F55F6696FB5526E55018E6965EACD61273B34943AD",
        "name": "4eb01130-18f9-4197-a692-52cdb8262d10*00A7405776C12344440970F55F6696FB5526E55018E6965EACD61273B34943AD",
        "resourceId": "/subscriptions/8443df5e-8e12-4cd9-810e-c525196fecae/resourceGroups/Communication-RG-5272/providers/Microsoft.Communication/communicationServices/communication-service-6373",
        "status": "Accepted",
        "startTime": "2023-08-04T03:35:43.8742908Z"
      }
    },
    {
      "RequestUri": "https://management.azure.com/subscriptions/8443df5e-8e12-4cd9-810e-c525196fecae/providers/Microsoft.Communication/locations/WESTUS2/operationStatuses/4eb01130-18f9-4197-a692-52cdb8262d10*00A7405776C12344440970F55F6696FB5526E55018E6965EACD61273B34943AD?api-version=2023-04-01-preview",
      "RequestMethod": "GET",
      "RequestHeaders": {
        "Authorization": "Sanitized",
        "traceparent": "00-c4f4c6436cd376edd1dd145c0c52397f-e2da89a4413ffb34-00",
        "User-Agent": "azsdk-net-ResourceManager/1.7.0 (.NET 7.0.9; Microsoft Windows 10.0.22621)",
        "x-ms-client-request-id": "1ef29fdf07bd889e062376564318576a",
        "x-ms-return-client-request-id": "true"
      },
      "RequestBody": null,
      "StatusCode": 200,
      "ResponseHeaders": {
        "Cache-Control": "no-cache",
        "Content-Length": "593",
        "Content-Type": "application/json; charset=utf-8",
        "Date": "Fri, 04 Aug 2023 03:35:44 GMT",
        "ETag": "\u00220e009aba-0000-0800-0000-64cc720f0000\u0022",
        "Expires": "-1",
        "Pragma": "no-cache",
        "Strict-Transport-Security": "max-age=31536000; includeSubDomains",
        "X-Content-Type-Options": "nosniff",
        "x-ms-client-request-id": "1ef29fdf07bd889e062376564318576a",
        "x-ms-correlation-request-id": "3c61a469-0172-400c-8d9a-218305c5ee2e",
        "x-ms-ratelimit-remaining-subscription-reads": "11805",
        "x-ms-request-id": "42429ad9-3513-4ecf-bc8f-e24990b29ca0",
        "x-ms-routing-request-id": "WESTUS2:20230804T033545Z:3c61a469-0172-400c-8d9a-218305c5ee2e"
      },
      "ResponseBody": {
        "id": "/subscriptions/8443df5e-8e12-4cd9-810e-c525196fecae/providers/Microsoft.Communication/locations/WESTUS2/operationStatuses/4eb01130-18f9-4197-a692-52cdb8262d10*00A7405776C12344440970F55F6696FB5526E55018E6965EACD61273B34943AD",
        "name": "4eb01130-18f9-4197-a692-52cdb8262d10*00A7405776C12344440970F55F6696FB5526E55018E6965EACD61273B34943AD",
        "resourceId": "/subscriptions/8443df5e-8e12-4cd9-810e-c525196fecae/resourceGroups/Communication-RG-5272/providers/Microsoft.Communication/communicationServices/communication-service-6373",
        "status": "Accepted",
        "startTime": "2023-08-04T03:35:43.8742908Z"
      }
    },
    {
      "RequestUri": "https://management.azure.com/subscriptions/8443df5e-8e12-4cd9-810e-c525196fecae/providers/Microsoft.Communication/locations/WESTUS2/operationStatuses/4eb01130-18f9-4197-a692-52cdb8262d10*00A7405776C12344440970F55F6696FB5526E55018E6965EACD61273B34943AD?api-version=2023-04-01-preview",
      "RequestMethod": "GET",
      "RequestHeaders": {
        "Authorization": "Sanitized",
        "traceparent": "00-c4f4c6436cd376edd1dd145c0c52397f-0df7472b5cc30959-00",
        "User-Agent": "azsdk-net-ResourceManager/1.7.0 (.NET 7.0.9; Microsoft Windows 10.0.22621)",
        "x-ms-client-request-id": "fd2e49807c7f404b75851fea8dfad3a3",
        "x-ms-return-client-request-id": "true"
      },
      "RequestBody": null,
      "StatusCode": 200,
      "ResponseHeaders": {
        "Cache-Control": "no-cache",
        "Content-Length": "593",
        "Content-Type": "application/json; charset=utf-8",
        "Date": "Fri, 04 Aug 2023 03:35:45 GMT",
        "ETag": "\u00220e009aba-0000-0800-0000-64cc720f0000\u0022",
        "Expires": "-1",
        "Pragma": "no-cache",
        "Strict-Transport-Security": "max-age=31536000; includeSubDomains",
        "X-Content-Type-Options": "nosniff",
        "x-ms-client-request-id": "fd2e49807c7f404b75851fea8dfad3a3",
        "x-ms-correlation-request-id": "90044477-e129-47ac-8987-b2eeed96e5f6",
        "x-ms-ratelimit-remaining-subscription-reads": "11804",
        "x-ms-request-id": "93bd1789-20e5-4ad2-a0d3-c6e45eea8dea",
        "x-ms-routing-request-id": "WESTUS2:20230804T033546Z:90044477-e129-47ac-8987-b2eeed96e5f6"
      },
      "ResponseBody": {
        "id": "/subscriptions/8443df5e-8e12-4cd9-810e-c525196fecae/providers/Microsoft.Communication/locations/WESTUS2/operationStatuses/4eb01130-18f9-4197-a692-52cdb8262d10*00A7405776C12344440970F55F6696FB5526E55018E6965EACD61273B34943AD",
        "name": "4eb01130-18f9-4197-a692-52cdb8262d10*00A7405776C12344440970F55F6696FB5526E55018E6965EACD61273B34943AD",
        "resourceId": "/subscriptions/8443df5e-8e12-4cd9-810e-c525196fecae/resourceGroups/Communication-RG-5272/providers/Microsoft.Communication/communicationServices/communication-service-6373",
        "status": "Accepted",
        "startTime": "2023-08-04T03:35:43.8742908Z"
      }
    },
    {
      "RequestUri": "https://management.azure.com/subscriptions/8443df5e-8e12-4cd9-810e-c525196fecae/providers/Microsoft.Communication/locations/WESTUS2/operationStatuses/4eb01130-18f9-4197-a692-52cdb8262d10*00A7405776C12344440970F55F6696FB5526E55018E6965EACD61273B34943AD?api-version=2023-04-01-preview",
      "RequestMethod": "GET",
      "RequestHeaders": {
        "Authorization": "Sanitized",
        "traceparent": "00-c4f4c6436cd376edd1dd145c0c52397f-b30caada18635fc9-00",
        "User-Agent": "azsdk-net-ResourceManager/1.7.0 (.NET 7.0.9; Microsoft Windows 10.0.22621)",
        "x-ms-client-request-id": "6f5039e23d663fa077d12c023ff53a0e",
        "x-ms-return-client-request-id": "true"
      },
      "RequestBody": null,
      "StatusCode": 200,
      "ResponseHeaders": {
        "Cache-Control": "no-cache",
        "Content-Length": "593",
        "Content-Type": "application/json; charset=utf-8",
        "Date": "Fri, 04 Aug 2023 03:35:46 GMT",
        "ETag": "\u00220e009aba-0000-0800-0000-64cc720f0000\u0022",
        "Expires": "-1",
        "Pragma": "no-cache",
        "Strict-Transport-Security": "max-age=31536000; includeSubDomains",
        "X-Content-Type-Options": "nosniff",
        "x-ms-client-request-id": "6f5039e23d663fa077d12c023ff53a0e",
        "x-ms-correlation-request-id": "2bf76ef9-ceba-4cc5-ab92-03da2b621145",
        "x-ms-ratelimit-remaining-subscription-reads": "11803",
        "x-ms-request-id": "98d7e283-1ce9-4c4a-b189-628f4f0be0df",
        "x-ms-routing-request-id": "WESTUS2:20230804T033547Z:2bf76ef9-ceba-4cc5-ab92-03da2b621145"
      },
      "ResponseBody": {
        "id": "/subscriptions/8443df5e-8e12-4cd9-810e-c525196fecae/providers/Microsoft.Communication/locations/WESTUS2/operationStatuses/4eb01130-18f9-4197-a692-52cdb8262d10*00A7405776C12344440970F55F6696FB5526E55018E6965EACD61273B34943AD",
        "name": "4eb01130-18f9-4197-a692-52cdb8262d10*00A7405776C12344440970F55F6696FB5526E55018E6965EACD61273B34943AD",
        "resourceId": "/subscriptions/8443df5e-8e12-4cd9-810e-c525196fecae/resourceGroups/Communication-RG-5272/providers/Microsoft.Communication/communicationServices/communication-service-6373",
        "status": "Accepted",
        "startTime": "2023-08-04T03:35:43.8742908Z"
      }
    },
    {
      "RequestUri": "https://management.azure.com/subscriptions/8443df5e-8e12-4cd9-810e-c525196fecae/providers/Microsoft.Communication/locations/WESTUS2/operationStatuses/4eb01130-18f9-4197-a692-52cdb8262d10*00A7405776C12344440970F55F6696FB5526E55018E6965EACD61273B34943AD?api-version=2023-04-01-preview",
      "RequestMethod": "GET",
      "RequestHeaders": {
        "Authorization": "Sanitized",
        "traceparent": "00-c4f4c6436cd376edd1dd145c0c52397f-7b42f368c42338df-00",
        "User-Agent": "azsdk-net-ResourceManager/1.7.0 (.NET 7.0.9; Microsoft Windows 10.0.22621)",
        "x-ms-client-request-id": "e63aae581f6f62ce53b1a938e8b3fa0b",
        "x-ms-return-client-request-id": "true"
      },
      "RequestBody": null,
      "StatusCode": 200,
      "ResponseHeaders": {
        "Cache-Control": "no-cache",
        "Content-Length": "593",
        "Content-Type": "application/json; charset=utf-8",
        "Date": "Fri, 04 Aug 2023 03:35:48 GMT",
        "ETag": "\u00220e009aba-0000-0800-0000-64cc720f0000\u0022",
        "Expires": "-1",
        "Pragma": "no-cache",
        "Strict-Transport-Security": "max-age=31536000; includeSubDomains",
        "X-Content-Type-Options": "nosniff",
        "x-ms-client-request-id": "e63aae581f6f62ce53b1a938e8b3fa0b",
        "x-ms-correlation-request-id": "1550a01b-0c74-4fe5-ae30-6c18706794f1",
        "x-ms-ratelimit-remaining-subscription-reads": "11802",
        "x-ms-request-id": "0e316623-1b48-4e95-8f19-9a39a9529100",
        "x-ms-routing-request-id": "WESTUS2:20230804T033549Z:1550a01b-0c74-4fe5-ae30-6c18706794f1"
      },
      "ResponseBody": {
        "id": "/subscriptions/8443df5e-8e12-4cd9-810e-c525196fecae/providers/Microsoft.Communication/locations/WESTUS2/operationStatuses/4eb01130-18f9-4197-a692-52cdb8262d10*00A7405776C12344440970F55F6696FB5526E55018E6965EACD61273B34943AD",
        "name": "4eb01130-18f9-4197-a692-52cdb8262d10*00A7405776C12344440970F55F6696FB5526E55018E6965EACD61273B34943AD",
        "resourceId": "/subscriptions/8443df5e-8e12-4cd9-810e-c525196fecae/resourceGroups/Communication-RG-5272/providers/Microsoft.Communication/communicationServices/communication-service-6373",
        "status": "Accepted",
        "startTime": "2023-08-04T03:35:43.8742908Z"
      }
    },
    {
      "RequestUri": "https://management.azure.com/subscriptions/8443df5e-8e12-4cd9-810e-c525196fecae/providers/Microsoft.Communication/locations/WESTUS2/operationStatuses/4eb01130-18f9-4197-a692-52cdb8262d10*00A7405776C12344440970F55F6696FB5526E55018E6965EACD61273B34943AD?api-version=2023-04-01-preview",
      "RequestMethod": "GET",
      "RequestHeaders": {
        "Authorization": "Sanitized",
        "traceparent": "00-c4f4c6436cd376edd1dd145c0c52397f-4a66f102e3a8f8de-00",
        "User-Agent": "azsdk-net-ResourceManager/1.7.0 (.NET 7.0.9; Microsoft Windows 10.0.22621)",
        "x-ms-client-request-id": "0974d34fe7c74304a9ef86ae5048007f",
        "x-ms-return-client-request-id": "true"
      },
      "RequestBody": null,
      "StatusCode": 200,
      "ResponseHeaders": {
        "Cache-Control": "no-cache",
        "Content-Length": "593",
        "Content-Type": "application/json; charset=utf-8",
        "Date": "Fri, 04 Aug 2023 03:35:52 GMT",
        "ETag": "\u00220e009aba-0000-0800-0000-64cc720f0000\u0022",
        "Expires": "-1",
        "Pragma": "no-cache",
        "Strict-Transport-Security": "max-age=31536000; includeSubDomains",
        "X-Content-Type-Options": "nosniff",
        "x-ms-client-request-id": "0974d34fe7c74304a9ef86ae5048007f",
        "x-ms-correlation-request-id": "26e98c67-de33-4038-b194-73e5db71b781",
        "x-ms-ratelimit-remaining-subscription-reads": "11801",
        "x-ms-request-id": "0ba2c5a6-e808-421d-b3fd-7ba944f9f3ed",
        "x-ms-routing-request-id": "WESTUS2:20230804T033553Z:26e98c67-de33-4038-b194-73e5db71b781"
      },
      "ResponseBody": {
        "id": "/subscriptions/8443df5e-8e12-4cd9-810e-c525196fecae/providers/Microsoft.Communication/locations/WESTUS2/operationStatuses/4eb01130-18f9-4197-a692-52cdb8262d10*00A7405776C12344440970F55F6696FB5526E55018E6965EACD61273B34943AD",
        "name": "4eb01130-18f9-4197-a692-52cdb8262d10*00A7405776C12344440970F55F6696FB5526E55018E6965EACD61273B34943AD",
        "resourceId": "/subscriptions/8443df5e-8e12-4cd9-810e-c525196fecae/resourceGroups/Communication-RG-5272/providers/Microsoft.Communication/communicationServices/communication-service-6373",
        "status": "Accepted",
        "startTime": "2023-08-04T03:35:43.8742908Z"
      }
    },
    {
      "RequestUri": "https://management.azure.com/subscriptions/8443df5e-8e12-4cd9-810e-c525196fecae/providers/Microsoft.Communication/locations/WESTUS2/operationStatuses/4eb01130-18f9-4197-a692-52cdb8262d10*00A7405776C12344440970F55F6696FB5526E55018E6965EACD61273B34943AD?api-version=2023-04-01-preview",
      "RequestMethod": "GET",
      "RequestHeaders": {
        "Authorization": "Sanitized",
        "traceparent": "00-c4f4c6436cd376edd1dd145c0c52397f-f5acb8376c04245b-00",
        "User-Agent": "azsdk-net-ResourceManager/1.7.0 (.NET 7.0.9; Microsoft Windows 10.0.22621)",
        "x-ms-client-request-id": "df92104aecc0c3336bee1bb4946756c3",
        "x-ms-return-client-request-id": "true"
      },
      "RequestBody": null,
      "StatusCode": 200,
      "ResponseHeaders": {
        "Cache-Control": "no-cache",
        "Content-Length": "593",
        "Content-Type": "application/json; charset=utf-8",
        "Date": "Fri, 04 Aug 2023 03:36:00 GMT",
        "ETag": "\u00220e009aba-0000-0800-0000-64cc720f0000\u0022",
        "Expires": "-1",
        "Pragma": "no-cache",
        "Strict-Transport-Security": "max-age=31536000; includeSubDomains",
        "X-Content-Type-Options": "nosniff",
        "x-ms-client-request-id": "df92104aecc0c3336bee1bb4946756c3",
        "x-ms-correlation-request-id": "2e97b333-15f1-4e5e-bc9d-d88baf8e1b4e",
        "x-ms-ratelimit-remaining-subscription-reads": "11800",
        "x-ms-request-id": "f6382025-e857-46ca-9843-d05920c7fa7a",
        "x-ms-routing-request-id": "WESTUS2:20230804T033601Z:2e97b333-15f1-4e5e-bc9d-d88baf8e1b4e"
      },
      "ResponseBody": {
        "id": "/subscriptions/8443df5e-8e12-4cd9-810e-c525196fecae/providers/Microsoft.Communication/locations/WESTUS2/operationStatuses/4eb01130-18f9-4197-a692-52cdb8262d10*00A7405776C12344440970F55F6696FB5526E55018E6965EACD61273B34943AD",
        "name": "4eb01130-18f9-4197-a692-52cdb8262d10*00A7405776C12344440970F55F6696FB5526E55018E6965EACD61273B34943AD",
        "resourceId": "/subscriptions/8443df5e-8e12-4cd9-810e-c525196fecae/resourceGroups/Communication-RG-5272/providers/Microsoft.Communication/communicationServices/communication-service-6373",
        "status": "Accepted",
        "startTime": "2023-08-04T03:35:43.8742908Z"
      }
    },
    {
      "RequestUri": "https://management.azure.com/subscriptions/8443df5e-8e12-4cd9-810e-c525196fecae/providers/Microsoft.Communication/locations/WESTUS2/operationStatuses/4eb01130-18f9-4197-a692-52cdb8262d10*00A7405776C12344440970F55F6696FB5526E55018E6965EACD61273B34943AD?api-version=2023-04-01-preview",
      "RequestMethod": "GET",
      "RequestHeaders": {
        "Authorization": "Sanitized",
        "traceparent": "00-c4f4c6436cd376edd1dd145c0c52397f-cbcfdec387b122f0-00",
        "User-Agent": "azsdk-net-ResourceManager/1.7.0 (.NET 7.0.9; Microsoft Windows 10.0.22621)",
        "x-ms-client-request-id": "6cb221d630817147aaf73d7f981f110b",
        "x-ms-return-client-request-id": "true"
      },
      "RequestBody": null,
      "StatusCode": 200,
      "ResponseHeaders": {
        "Cache-Control": "no-cache",
        "Content-Length": "593",
        "Content-Type": "application/json; charset=utf-8",
        "Date": "Fri, 04 Aug 2023 03:36:16 GMT",
        "ETag": "\u00220e009aba-0000-0800-0000-64cc720f0000\u0022",
        "Expires": "-1",
        "Pragma": "no-cache",
        "Strict-Transport-Security": "max-age=31536000; includeSubDomains",
        "X-Content-Type-Options": "nosniff",
        "x-ms-client-request-id": "6cb221d630817147aaf73d7f981f110b",
        "x-ms-correlation-request-id": "189279e3-3f23-41f9-9936-b1d257cbc67d",
        "x-ms-ratelimit-remaining-subscription-reads": "11799",
        "x-ms-request-id": "bd964406-a747-4636-a94d-025cc7a898b4",
        "x-ms-routing-request-id": "WESTUS2:20230804T033617Z:189279e3-3f23-41f9-9936-b1d257cbc67d"
      },
      "ResponseBody": {
        "id": "/subscriptions/8443df5e-8e12-4cd9-810e-c525196fecae/providers/Microsoft.Communication/locations/WESTUS2/operationStatuses/4eb01130-18f9-4197-a692-52cdb8262d10*00A7405776C12344440970F55F6696FB5526E55018E6965EACD61273B34943AD",
        "name": "4eb01130-18f9-4197-a692-52cdb8262d10*00A7405776C12344440970F55F6696FB5526E55018E6965EACD61273B34943AD",
        "resourceId": "/subscriptions/8443df5e-8e12-4cd9-810e-c525196fecae/resourceGroups/Communication-RG-5272/providers/Microsoft.Communication/communicationServices/communication-service-6373",
        "status": "Accepted",
        "startTime": "2023-08-04T03:35:43.8742908Z"
      }
    },
    {
      "RequestUri": "https://management.azure.com/subscriptions/8443df5e-8e12-4cd9-810e-c525196fecae/providers/Microsoft.Communication/locations/WESTUS2/operationStatuses/4eb01130-18f9-4197-a692-52cdb8262d10*00A7405776C12344440970F55F6696FB5526E55018E6965EACD61273B34943AD?api-version=2023-04-01-preview",
      "RequestMethod": "GET",
      "RequestHeaders": {
        "Authorization": "Sanitized",
        "traceparent": "00-c4f4c6436cd376edd1dd145c0c52397f-5f6ff965ee92d20e-00",
        "User-Agent": "azsdk-net-ResourceManager/1.7.0 (.NET 7.0.9; Microsoft Windows 10.0.22621)",
        "x-ms-client-request-id": "d7ed29b11a21634ba0b09ed9cb50ae41",
        "x-ms-return-client-request-id": "true"
      },
      "RequestBody": null,
      "StatusCode": 200,
      "ResponseHeaders": {
        "Cache-Control": "no-cache",
        "Content-Length": "612",
        "Content-Type": "application/json; charset=utf-8",
        "Date": "Fri, 04 Aug 2023 03:36:48 GMT",
        "ETag": "\u00220e00a9bb-0000-0800-0000-64cc72510000\u0022",
        "Expires": "-1",
        "Pragma": "no-cache",
        "Strict-Transport-Security": "max-age=31536000; includeSubDomains",
        "X-Content-Type-Options": "nosniff",
        "x-ms-client-request-id": "d7ed29b11a21634ba0b09ed9cb50ae41",
        "x-ms-correlation-request-id": "eb51f622-8e1e-41fc-94b6-5eb22a3d7c94",
        "x-ms-ratelimit-remaining-subscription-reads": "11798",
        "x-ms-request-id": "918a448a-fc63-44ce-a7c4-8ca5eb488b58",
        "x-ms-routing-request-id": "WESTUS2:20230804T033649Z:eb51f622-8e1e-41fc-94b6-5eb22a3d7c94"
      },
      "ResponseBody": {
        "id": "/subscriptions/8443df5e-8e12-4cd9-810e-c525196fecae/providers/Microsoft.Communication/locations/WESTUS2/operationStatuses/4eb01130-18f9-4197-a692-52cdb8262d10*00A7405776C12344440970F55F6696FB5526E55018E6965EACD61273B34943AD",
        "name": "4eb01130-18f9-4197-a692-52cdb8262d10*00A7405776C12344440970F55F6696FB5526E55018E6965EACD61273B34943AD",
        "resourceId": "/subscriptions/8443df5e-8e12-4cd9-810e-c525196fecae/resourceGroups/Communication-RG-5272/providers/Microsoft.Communication/communicationServices/communication-service-6373",
        "status": "Succeeded",
        "startTime": "2023-08-04T03:35:43.8742908Z",
        "properties": null
      }
    },
    {
      "RequestUri": "https://management.azure.com/subscriptions/8443df5e-8e12-4cd9-810e-c525196fecae/resourceGroups/Communication-RG-5272/providers/Microsoft.Communication/communicationServices/communication-service-6373?api-version=2023-04-01-preview",
      "RequestMethod": "GET",
      "RequestHeaders": {
        "Authorization": "Sanitized",
        "traceparent": "00-c4f4c6436cd376edd1dd145c0c52397f-60d0d6635636cb41-00",
        "User-Agent": "azsdk-net-ResourceManager/1.7.0 (.NET 7.0.9; Microsoft Windows 10.0.22621)",
        "x-ms-client-request-id": "2fd7c398949619fdc92135c8afb32b4b",
        "x-ms-return-client-request-id": "true"
      },
      "RequestBody": null,
      "StatusCode": 200,
      "ResponseHeaders": {
        "Cache-Control": "no-cache",
        "Content-Length": "794",
        "Content-Type": "application/json; charset=utf-8",
        "Date": "Fri, 04 Aug 2023 03:36:48 GMT",
        "ETag": "\u002201009311-0000-0700-0000-64cc721b0000\u0022",
        "Expires": "-1",
        "Pragma": "no-cache",
        "Strict-Transport-Security": "max-age=31536000; includeSubDomains",
        "X-Content-Type-Options": "nosniff",
        "x-ms-client-request-id": "2fd7c398949619fdc92135c8afb32b4b",
        "x-ms-correlation-request-id": "9c1f74e5-683b-4b81-af1a-db500e22bd40",
        "x-ms-providerhub-traffic": "True",
        "x-ms-ratelimit-remaining-subscription-reads": "11797",
        "x-ms-request-id": "7149376b-4e46-4d98-aa5c-09a6278ed2d5",
        "x-ms-routing-request-id": "WESTUS2:20230804T033649Z:9c1f74e5-683b-4b81-af1a-db500e22bd40"
      },
      "ResponseBody": {
        "id": "/subscriptions/8443df5e-8e12-4cd9-810e-c525196fecae/resourceGroups/Communication-RG-5272/providers/Microsoft.Communication/communicationServices/communication-service-6373",
        "name": "communication-service-6373",
        "type": "microsoft.communication/communicationservices",
        "location": "global",
        "tags": {},
        "systemData": {
          "createdBy": "b2afe423-8539-4093-bc17-e7c73eb16446",
          "createdByType": "Application",
          "createdAt": "2023-08-04T03:35:43.3947243Z",
          "lastModifiedBy": "b2afe423-8539-4093-bc17-e7c73eb16446",
          "lastModifiedByType": "Application",
          "lastModifiedAt": "2023-08-04T03:35:43.3947243Z"
        },
        "properties": {
          "provisioningState": "Succeeded",
          "hostName": "communication-service-6373.unitedstates.communication.azure.com",
          "immutableResourceId": "e035553d-9dbf-4fde-a205-78d1a7ede932",
          "dataLocation": "UnitedStates"
        }
      }
    },
    {
      "RequestUri": "https://management.azure.com/subscriptions/8443df5e-8e12-4cd9-810e-c525196fecae/resourceGroups/Communication-RG-5272/providers/Microsoft.Communication/communicationServices/communication-service-6373/providers/Microsoft.Resources/tags/default?api-version=2022-09-01",
      "RequestMethod": "GET",
      "RequestHeaders": {
        "Accept": "application/json",
        "Authorization": "Sanitized",
        "traceparent": "00-4195e1fe2b6f024307c9f6e939bf4ee0-8066eebcba635c6c-00",
        "User-Agent": "azsdk-net-ResourceManager/1.7.0 (.NET 7.0.9; Microsoft Windows 10.0.22621)",
        "x-ms-client-request-id": "6a0210dc7f7abba1d54fcbd1926da559",
        "x-ms-return-client-request-id": "true"
      },
      "RequestBody": null,
      "StatusCode": 200,
      "ResponseHeaders": {
        "Cache-Control": "no-cache",
        "Content-Length": "299",
        "Content-Type": "application/json; charset=utf-8",
        "Date": "Fri, 04 Aug 2023 03:36:48 GMT",
        "Expires": "-1",
        "Pragma": "no-cache",
        "Strict-Transport-Security": "max-age=31536000; includeSubDomains",
        "X-Content-Type-Options": "nosniff",
        "x-ms-correlation-request-id": "3f0b04e1-cd77-480b-854a-01d6e4357212",
        "x-ms-ratelimit-remaining-subscription-reads": "11796",
        "x-ms-request-id": "3f0b04e1-cd77-480b-854a-01d6e4357212",
        "x-ms-routing-request-id": "WESTUS2:20230804T033649Z:3f0b04e1-cd77-480b-854a-01d6e4357212"
      },
      "ResponseBody": {
        "id": "/subscriptions/8443df5e-8e12-4cd9-810e-c525196fecae/resourceGroups/Communication-RG-5272/providers/Microsoft.Communication/CommunicationServices/communication-service-6373/providers/Microsoft.Resources/tags/default",
        "name": "default",
        "type": "Microsoft.Resources/tags",
        "properties": {
          "tags": {}
        }
      }
    },
    {
      "RequestUri": "https://management.azure.com/subscriptions/8443df5e-8e12-4cd9-810e-c525196fecae/resourceGroups/Communication-RG-5272/providers/Microsoft.Communication/communicationServices/communication-service-6373/providers/Microsoft.Resources/tags/default?api-version=2022-09-01",
      "RequestMethod": "PUT",
      "RequestHeaders": {
        "Accept": "application/json",
        "Authorization": "Sanitized",
        "Content-Length": "47",
        "Content-Type": "application/json",
        "traceparent": "00-4195e1fe2b6f024307c9f6e939bf4ee0-1d3c5c90abc0443e-00",
        "User-Agent": "azsdk-net-ResourceManager/1.7.0 (.NET 7.0.9; Microsoft Windows 10.0.22621)",
        "x-ms-client-request-id": "d4e7fc48e2471d742cd30e00e582b3ec",
        "x-ms-return-client-request-id": "true"
      },
      "RequestBody": {
        "properties": {
          "tags": {
            "testkey": "testvalue"
          }
        }
      },
      "StatusCode": 200,
      "ResponseHeaders": {
        "Cache-Control": "no-cache",
        "Content-Length": "320",
        "Content-Type": "application/json; charset=utf-8",
        "Date": "Fri, 04 Aug 2023 03:36:49 GMT",
        "Expires": "-1",
        "Pragma": "no-cache",
        "Strict-Transport-Security": "max-age=31536000; includeSubDomains",
        "X-Content-Type-Options": "nosniff",
        "x-ms-correlation-request-id": "b35a44f1-4338-4737-bd28-c529b156f652",
        "x-ms-ratelimit-remaining-subscription-writes": "1179",
        "x-ms-request-id": "b35a44f1-4338-4737-bd28-c529b156f652",
        "x-ms-routing-request-id": "WESTUS2:20230804T033650Z:b35a44f1-4338-4737-bd28-c529b156f652"
      },
      "ResponseBody": {
        "id": "/subscriptions/8443df5e-8e12-4cd9-810e-c525196fecae/resourceGroups/Communication-RG-5272/providers/Microsoft.Communication/CommunicationServices/communication-service-6373/providers/Microsoft.Resources/tags/default",
        "name": "default",
        "type": "Microsoft.Resources/tags",
        "properties": {
          "tags": {
            "testkey": "testvalue"
          }
        }
      }
    },
    {
      "RequestUri": "https://management.azure.com/subscriptions/8443df5e-8e12-4cd9-810e-c525196fecae/resourceGroups/Communication-RG-5272/providers/Microsoft.Communication/communicationServices/communication-service-6373?api-version=2023-04-01-preview",
      "RequestMethod": "GET",
      "RequestHeaders": {
        "Accept": "application/json",
        "Authorization": "Sanitized",
        "traceparent": "00-4195e1fe2b6f024307c9f6e939bf4ee0-a46a3ac3df55823f-00",
        "User-Agent": "azsdk-net-ResourceManager.Communication/1.2.0-alpha.20230803.1 (.NET 7.0.9; Microsoft Windows 10.0.22621)",
        "x-ms-client-request-id": "b37fdb7b56ccf9049be53ea670a1d653",
        "x-ms-return-client-request-id": "true"
      },
      "RequestBody": null,
      "StatusCode": 200,
      "ResponseHeaders": {
        "Cache-Control": "no-cache",
        "Content-Length": "815",
        "Content-Type": "application/json; charset=utf-8",
        "Date": "Fri, 04 Aug 2023 03:36:49 GMT",
        "ETag": "\u00220100b511-0000-0700-0000-64cc72520000\u0022",
        "Expires": "-1",
        "Pragma": "no-cache",
        "Strict-Transport-Security": "max-age=31536000; includeSubDomains",
        "X-Content-Type-Options": "nosniff",
        "x-ms-client-request-id": "b37fdb7b56ccf9049be53ea670a1d653",
        "x-ms-correlation-request-id": "b75ae467-cd76-45d7-8a97-bd63fdbec152",
        "x-ms-providerhub-traffic": "True",
        "x-ms-ratelimit-remaining-subscription-reads": "11795",
        "x-ms-request-id": "ee2ee393-01db-4f1a-b3a6-df9ce62bce04",
        "x-ms-routing-request-id": "WESTUS2:20230804T033650Z:b75ae467-cd76-45d7-8a97-bd63fdbec152"
      },
      "ResponseBody": {
        "id": "/subscriptions/8443df5e-8e12-4cd9-810e-c525196fecae/resourceGroups/Communication-RG-5272/providers/Microsoft.Communication/communicationServices/communication-service-6373",
        "name": "communication-service-6373",
        "type": "microsoft.communication/communicationservices",
        "location": "global",
        "tags": {
          "testkey": "testvalue"
        },
        "systemData": {
          "createdBy": "b2afe423-8539-4093-bc17-e7c73eb16446",
          "createdByType": "Application",
          "createdAt": "2023-08-04T03:35:43.3947243Z",
          "lastModifiedBy": "b2afe423-8539-4093-bc17-e7c73eb16446",
          "lastModifiedByType": "Application",
          "lastModifiedAt": "2023-08-04T03:36:49.9734261Z"
        },
        "properties": {
          "hostName": "communication-service-6373.unitedstates.communication.azure.com",
          "immutableResourceId": "e035553d-9dbf-4fde-a205-78d1a7ede932",
          "dataLocation": "UnitedStates",
          "provisioningState": "Succeeded"
        }
      }
    },
    {
      "RequestUri": "https://management.azure.com/subscriptions/8443df5e-8e12-4cd9-810e-c525196fecae/resourceGroups/Communication-RG-5272/providers/Microsoft.Communication/communicationServices/communication-service-6373?api-version=2023-04-01-preview",
      "RequestMethod": "GET",
      "RequestHeaders": {
        "Accept": "application/json",
        "Authorization": "Sanitized",
        "traceparent": "00-63b8825cd81e7f074e91684021017e29-ba7e7fb9b10aea0b-00",
        "User-Agent": "azsdk-net-ResourceManager.Communication/1.2.0-alpha.20230803.1 (.NET 7.0.9; Microsoft Windows 10.0.22621)",
        "x-ms-client-request-id": "404cdf9bea70030c35cdb32b892e5500",
        "x-ms-return-client-request-id": "true"
      },
      "RequestBody": null,
      "StatusCode": 200,
      "ResponseHeaders": {
        "Cache-Control": "no-cache",
        "Content-Length": "815",
        "Content-Type": "application/json; charset=utf-8",
        "Date": "Fri, 04 Aug 2023 03:36:49 GMT",
        "ETag": "\u00220100b511-0000-0700-0000-64cc72520000\u0022",
        "Expires": "-1",
        "Pragma": "no-cache",
        "Strict-Transport-Security": "max-age=31536000; includeSubDomains",
        "X-Content-Type-Options": "nosniff",
        "x-ms-client-request-id": "404cdf9bea70030c35cdb32b892e5500",
        "x-ms-correlation-request-id": "58081299-35c5-4075-bd04-662b044e2309",
        "x-ms-providerhub-traffic": "True",
        "x-ms-ratelimit-remaining-subscription-reads": "11794",
        "x-ms-request-id": "8abd8443-a047-41e7-a26c-36590e7de290",
        "x-ms-routing-request-id": "WESTUS2:20230804T033650Z:58081299-35c5-4075-bd04-662b044e2309"
      },
      "ResponseBody": {
        "id": "/subscriptions/8443df5e-8e12-4cd9-810e-c525196fecae/resourceGroups/Communication-RG-5272/providers/Microsoft.Communication/communicationServices/communication-service-6373",
        "name": "communication-service-6373",
        "type": "microsoft.communication/communicationservices",
        "location": "global",
        "tags": {
          "testkey": "testvalue"
        },
        "systemData": {
          "createdBy": "b2afe423-8539-4093-bc17-e7c73eb16446",
          "createdByType": "Application",
          "createdAt": "2023-08-04T03:35:43.3947243Z",
          "lastModifiedBy": "b2afe423-8539-4093-bc17-e7c73eb16446",
          "lastModifiedByType": "Application",
          "lastModifiedAt": "2023-08-04T03:36:49.9734261Z"
        },
        "properties": {
          "hostName": "communication-service-6373.unitedstates.communication.azure.com",
          "immutableResourceId": "e035553d-9dbf-4fde-a205-78d1a7ede932",
          "dataLocation": "UnitedStates",
          "provisioningState": "Succeeded"
        }
      }
    },
    {
      "RequestUri": "https://management.azure.com/subscriptions/8443df5e-8e12-4cd9-810e-c525196fecae/resourceGroups/Communication-RG-5272/providers/Microsoft.Communication/communicationServices/communication-service-6373/providers/Microsoft.Resources/tags/default?api-version=2022-09-01",
      "RequestMethod": "DELETE",
      "RequestHeaders": {
        "Accept": "application/json",
        "Authorization": "Sanitized",
        "traceparent": "00-2e555c1f26adf49caa254fd94f7cbe42-d79447705e624b8c-00",
        "User-Agent": "azsdk-net-ResourceManager/1.7.0 (.NET 7.0.9; Microsoft Windows 10.0.22621)",
        "x-ms-client-request-id": "0984b34c00022f204d031f680620a980",
        "x-ms-return-client-request-id": "true"
      },
      "RequestBody": null,
      "StatusCode": 200,
      "ResponseHeaders": {
        "Cache-Control": "no-cache",
        "Content-Length": "0",
        "Date": "Fri, 04 Aug 2023 03:36:50 GMT",
        "Expires": "-1",
        "Pragma": "no-cache",
        "Strict-Transport-Security": "max-age=31536000; includeSubDomains",
        "X-Content-Type-Options": "nosniff",
        "x-ms-correlation-request-id": "341814ef-3e1a-4102-bc06-f006b988805d",
        "x-ms-ratelimit-remaining-subscription-deletes": "14991",
        "x-ms-request-id": "341814ef-3e1a-4102-bc06-f006b988805d",
        "x-ms-routing-request-id": "WESTUS2:20230804T033651Z:341814ef-3e1a-4102-bc06-f006b988805d"
      },
      "ResponseBody": null
    },
    {
      "RequestUri": "https://management.azure.com/subscriptions/8443df5e-8e12-4cd9-810e-c525196fecae/resourceGroups/Communication-RG-5272/providers/Microsoft.Communication/communicationServices/communication-service-6373/providers/Microsoft.Resources/tags/default?api-version=2022-09-01",
      "RequestMethod": "GET",
      "RequestHeaders": {
        "Accept": "application/json",
        "Authorization": "Sanitized",
        "traceparent": "00-2e555c1f26adf49caa254fd94f7cbe42-d7237745f9b70242-00",
        "User-Agent": "azsdk-net-ResourceManager/1.7.0 (.NET 7.0.9; Microsoft Windows 10.0.22621)",
        "x-ms-client-request-id": "bc593e90cc1c9b50bf1cf26dcba4fd14",
        "x-ms-return-client-request-id": "true"
      },
      "RequestBody": null,
      "StatusCode": 200,
      "ResponseHeaders": {
        "Cache-Control": "no-cache",
        "Content-Length": "299",
        "Content-Type": "application/json; charset=utf-8",
        "Date": "Fri, 04 Aug 2023 03:36:50 GMT",
        "Expires": "-1",
        "Pragma": "no-cache",
        "Strict-Transport-Security": "max-age=31536000; includeSubDomains",
        "X-Content-Type-Options": "nosniff",
        "x-ms-correlation-request-id": "865bd721-a83e-4f03-a2fd-f8754ad02acb",
        "x-ms-ratelimit-remaining-subscription-reads": "11793",
        "x-ms-request-id": "865bd721-a83e-4f03-a2fd-f8754ad02acb",
        "x-ms-routing-request-id": "WESTUS2:20230804T033651Z:865bd721-a83e-4f03-a2fd-f8754ad02acb"
      },
      "ResponseBody": {
        "id": "/subscriptions/8443df5e-8e12-4cd9-810e-c525196fecae/resourceGroups/Communication-RG-5272/providers/Microsoft.Communication/CommunicationServices/communication-service-6373/providers/Microsoft.Resources/tags/default",
        "name": "default",
        "type": "Microsoft.Resources/tags",
        "properties": {
          "tags": {}
        }
      }
    },
    {
      "RequestUri": "https://management.azure.com/subscriptions/8443df5e-8e12-4cd9-810e-c525196fecae/resourceGroups/Communication-RG-5272/providers/Microsoft.Communication/communicationServices/communication-service-6373/providers/Microsoft.Resources/tags/default?api-version=2022-09-01",
      "RequestMethod": "PUT",
      "RequestHeaders": {
        "Accept": "application/json",
        "Authorization": "Sanitized",
        "Content-Length": "53",
        "Content-Type": "application/json",
        "traceparent": "00-2e555c1f26adf49caa254fd94f7cbe42-eb7174bf8202f358-00",
        "User-Agent": "azsdk-net-ResourceManager/1.7.0 (.NET 7.0.9; Microsoft Windows 10.0.22621)",
        "x-ms-client-request-id": "83e532236c82051fc9f33b8681208c75",
        "x-ms-return-client-request-id": "true"
      },
      "RequestBody": {
        "properties": {
          "tags": {
            "newtestkey": "newtestvalue"
          }
        }
      },
      "StatusCode": 200,
      "ResponseHeaders": {
        "Cache-Control": "no-cache",
        "Content-Length": "326",
        "Content-Type": "application/json; charset=utf-8",
        "Date": "Fri, 04 Aug 2023 03:36:51 GMT",
        "Expires": "-1",
        "Pragma": "no-cache",
        "Strict-Transport-Security": "max-age=31536000; includeSubDomains",
        "X-Content-Type-Options": "nosniff",
        "x-ms-correlation-request-id": "ab312aba-cd8a-4c0b-8690-6431d7c6c654",
        "x-ms-ratelimit-remaining-subscription-writes": "1178",
        "x-ms-request-id": "ab312aba-cd8a-4c0b-8690-6431d7c6c654",
        "x-ms-routing-request-id": "WESTUS2:20230804T033652Z:ab312aba-cd8a-4c0b-8690-6431d7c6c654"
      },
      "ResponseBody": {
        "id": "/subscriptions/8443df5e-8e12-4cd9-810e-c525196fecae/resourceGroups/Communication-RG-5272/providers/Microsoft.Communication/CommunicationServices/communication-service-6373/providers/Microsoft.Resources/tags/default",
        "name": "default",
        "type": "Microsoft.Resources/tags",
        "properties": {
          "tags": {
            "newtestkey": "newtestvalue"
          }
        }
      }
    },
    {
      "RequestUri": "https://management.azure.com/subscriptions/8443df5e-8e12-4cd9-810e-c525196fecae/resourceGroups/Communication-RG-5272/providers/Microsoft.Communication/communicationServices/communication-service-6373?api-version=2023-04-01-preview",
      "RequestMethod": "GET",
      "RequestHeaders": {
        "Accept": "application/json",
        "Authorization": "Sanitized",
        "traceparent": "00-2e555c1f26adf49caa254fd94f7cbe42-91e90db63e8e8c65-00",
        "User-Agent": "azsdk-net-ResourceManager.Communication/1.2.0-alpha.20230803.1 (.NET 7.0.9; Microsoft Windows 10.0.22621)",
        "x-ms-client-request-id": "70db697eedf324eb1e54f32891c9199e",
        "x-ms-return-client-request-id": "true"
      },
      "RequestBody": null,
      "StatusCode": 200,
      "ResponseHeaders": {
        "Cache-Control": "no-cache",
        "Content-Length": "821",
        "Content-Type": "application/json; charset=utf-8",
        "Date": "Fri, 04 Aug 2023 03:36:51 GMT",
        "ETag": "\u00220100b711-0000-0700-0000-64cc72540000\u0022",
        "Expires": "-1",
        "Pragma": "no-cache",
        "Strict-Transport-Security": "max-age=31536000; includeSubDomains",
        "X-Content-Type-Options": "nosniff",
        "x-ms-client-request-id": "70db697eedf324eb1e54f32891c9199e",
        "x-ms-correlation-request-id": "9f5069c2-79f9-4b96-8b44-17e9e6778a2e",
        "x-ms-providerhub-traffic": "True",
        "x-ms-ratelimit-remaining-subscription-reads": "11792",
        "x-ms-request-id": "407cc278-39ab-4a6c-b09c-fae39c964288",
        "x-ms-routing-request-id": "WESTUS2:20230804T033652Z:9f5069c2-79f9-4b96-8b44-17e9e6778a2e"
      },
      "ResponseBody": {
        "id": "/subscriptions/8443df5e-8e12-4cd9-810e-c525196fecae/resourceGroups/Communication-RG-5272/providers/Microsoft.Communication/communicationServices/communication-service-6373",
        "name": "communication-service-6373",
        "type": "microsoft.communication/communicationservices",
        "location": "global",
        "tags": {
          "newtestkey": "newtestvalue"
        },
        "systemData": {
          "createdBy": "b2afe423-8539-4093-bc17-e7c73eb16446",
          "createdByType": "Application",
          "createdAt": "2023-08-04T03:35:43.3947243Z",
          "lastModifiedBy": "b2afe423-8539-4093-bc17-e7c73eb16446",
          "lastModifiedByType": "Application",
          "lastModifiedAt": "2023-08-04T03:36:51.8484417Z"
        },
        "properties": {
          "hostName": "communication-service-6373.unitedstates.communication.azure.com",
          "immutableResourceId": "e035553d-9dbf-4fde-a205-78d1a7ede932",
          "dataLocation": "UnitedStates",
          "provisioningState": "Succeeded"
        }
      }
    },
    {
      "RequestUri": "https://management.azure.com/subscriptions/8443df5e-8e12-4cd9-810e-c525196fecae/resourceGroups/Communication-RG-5272/providers/Microsoft.Communication/communicationServices/communication-service-6373?api-version=2023-04-01-preview",
      "RequestMethod": "GET",
      "RequestHeaders": {
        "Accept": "application/json",
        "Authorization": "Sanitized",
        "traceparent": "00-2887c8a492d73327bf2902edffacc309-80dad539430fd8b1-00",
        "User-Agent": "azsdk-net-ResourceManager.Communication/1.2.0-alpha.20230803.1 (.NET 7.0.9; Microsoft Windows 10.0.22621)",
        "x-ms-client-request-id": "1ad97d9034cc364ecd6bcd73425cb14c",
        "x-ms-return-client-request-id": "true"
      },
      "RequestBody": null,
      "StatusCode": 200,
      "ResponseHeaders": {
        "Cache-Control": "no-cache",
        "Content-Length": "821",
        "Content-Type": "application/json; charset=utf-8",
        "Date": "Fri, 04 Aug 2023 03:36:52 GMT",
        "ETag": "\u00220100b711-0000-0700-0000-64cc72540000\u0022",
        "Expires": "-1",
        "Pragma": "no-cache",
        "Strict-Transport-Security": "max-age=31536000; includeSubDomains",
        "X-Content-Type-Options": "nosniff",
        "x-ms-client-request-id": "1ad97d9034cc364ecd6bcd73425cb14c",
        "x-ms-correlation-request-id": "6cdbbd89-dc68-4c54-822a-24ddc2e5ce12",
        "x-ms-providerhub-traffic": "True",
        "x-ms-ratelimit-remaining-subscription-reads": "11791",
        "x-ms-request-id": "ad5cabf3-867e-4a54-a255-ff812ebcd0dd",
        "x-ms-routing-request-id": "WESTUS2:20230804T033652Z:6cdbbd89-dc68-4c54-822a-24ddc2e5ce12"
      },
      "ResponseBody": {
        "id": "/subscriptions/8443df5e-8e12-4cd9-810e-c525196fecae/resourceGroups/Communication-RG-5272/providers/Microsoft.Communication/communicationServices/communication-service-6373",
        "name": "communication-service-6373",
        "type": "microsoft.communication/communicationservices",
        "location": "global",
        "tags": {
          "newtestkey": "newtestvalue"
        },
        "systemData": {
          "createdBy": "b2afe423-8539-4093-bc17-e7c73eb16446",
          "createdByType": "Application",
          "createdAt": "2023-08-04T03:35:43.3947243Z",
          "lastModifiedBy": "b2afe423-8539-4093-bc17-e7c73eb16446",
          "lastModifiedByType": "Application",
          "lastModifiedAt": "2023-08-04T03:36:51.8484417Z"
        },
        "properties": {
          "hostName": "communication-service-6373.unitedstates.communication.azure.com",
          "immutableResourceId": "e035553d-9dbf-4fde-a205-78d1a7ede932",
          "dataLocation": "UnitedStates",
          "provisioningState": "Succeeded"
        }
      }
    },
    {
      "RequestUri": "https://management.azure.com/subscriptions/8443df5e-8e12-4cd9-810e-c525196fecae/resourceGroups/Communication-RG-5272/providers/Microsoft.Communication/communicationServices?api-version=2023-04-01-preview",
      "RequestMethod": "GET",
      "RequestHeaders": {
        "Accept": "application/json",
        "Authorization": "Sanitized",
        "traceparent": "00-8c73d39b399567562b7e14fe8f616cb1-fb1c74561c03fc7f-00",
        "User-Agent": "azsdk-net-ResourceManager.Communication/1.2.0-alpha.20230803.1 (.NET 7.0.9; Microsoft Windows 10.0.22621)",
        "x-ms-client-request-id": "1808102d1b45a582c6b3aa72f93be8ec",
        "x-ms-return-client-request-id": "true"
      },
      "RequestBody": null,
      "StatusCode": 200,
      "ResponseHeaders": {
        "Cache-Control": "no-cache",
        "Content-Length": "833",
        "Content-Type": "application/json; charset=utf-8",
        "Date": "Fri, 04 Aug 2023 03:36:52 GMT",
        "Expires": "-1",
        "Pragma": "no-cache",
        "Strict-Transport-Security": "max-age=31536000; includeSubDomains",
        "X-Content-Type-Options": "nosniff",
        "x-ms-client-request-id": "1808102d1b45a582c6b3aa72f93be8ec",
        "x-ms-correlation-request-id": "068326ca-7da9-4140-abdc-78dda304c1f6",
        "x-ms-providerhub-traffic": "True",
        "x-ms-ratelimit-remaining-subscription-reads": "11790",
        "x-ms-request-id": "006c08a6-8b8e-4999-807b-cc8645533c3a",
        "x-ms-routing-request-id": "WESTUS2:20230804T033653Z:068326ca-7da9-4140-abdc-78dda304c1f6"
      },
      "ResponseBody": {
        "value": [
          {
            "id": "/subscriptions/8443df5e-8e12-4cd9-810e-c525196fecae/resourceGroups/Communication-RG-5272/providers/Microsoft.Communication/communicationServices/communication-service-6373",
            "name": "communication-service-6373",
            "type": "microsoft.communication/communicationservices",
            "location": "global",
            "tags": {
              "newtestkey": "newtestvalue"
            },
            "systemData": {
              "createdBy": "b2afe423-8539-4093-bc17-e7c73eb16446",
              "createdByType": "Application",
              "createdAt": "2023-08-04T03:35:43.3947243Z",
              "lastModifiedBy": "b2afe423-8539-4093-bc17-e7c73eb16446",
              "lastModifiedByType": "Application",
              "lastModifiedAt": "2023-08-04T03:36:51.8484417Z"
            },
            "properties": {
              "hostName": "communication-service-6373.unitedstates.communication.azure.com",
              "immutableResourceId": "e035553d-9dbf-4fde-a205-78d1a7ede932",
              "dataLocation": "UnitedStates",
              "provisioningState": "Succeeded"
            }
          }
        ]
      }
    },
    {
      "RequestUri": "https://management.azure.com/subscriptions/8443df5e-8e12-4cd9-810e-c525196fecae/resourceGroups/Communication-RG-5272/providers/Microsoft.Communication/communicationServices/communication-service-6373?api-version=2023-04-01-preview",
      "RequestMethod": "DELETE",
      "RequestHeaders": {
        "Accept": "application/json",
        "Authorization": "Sanitized",
        "traceparent": "00-cab3ea97d7c36f05d4366f4a05c21f02-3bde326ce10300b0-00",
        "User-Agent": "azsdk-net-ResourceManager.Communication/1.2.0-alpha.20230803.1 (.NET 7.0.9; Microsoft Windows 10.0.22621)",
        "x-ms-client-request-id": "d6328bf5aba3495d1ba4a3871f77e2c1",
        "x-ms-return-client-request-id": "true"
      },
      "RequestBody": null,
      "StatusCode": 202,
      "ResponseHeaders": {
        "Azure-AsyncOperation": "https://management.azure.com/subscriptions/8443df5e-8e12-4cd9-810e-c525196fecae/providers/Microsoft.Communication/locations/WESTUS2/operationStatuses/983d1538-35fd-4ec1-a0b9-4a41cb51f962*00A7405776C12344440970F55F6696FB5526E55018E6965EACD61273B34943AD?api-version=2023-04-01-preview",
        "Cache-Control": "no-cache",
        "Content-Length": "4",
        "Content-Type": "application/json; charset=utf-8",
        "Date": "Fri, 04 Aug 2023 03:36:52 GMT",
        "ETag": "\u00220100b811-0000-0700-0000-64cc72550000\u0022",
        "Expires": "-1",
        "Location": "https://management.azure.com/subscriptions/8443df5e-8e12-4cd9-810e-c525196fecae/providers/Microsoft.Communication/locations/WESTUS2/operationStatuses/983d1538-35fd-4ec1-a0b9-4a41cb51f962*00A7405776C12344440970F55F6696FB5526E55018E6965EACD61273B34943AD?api-version=2023-04-01-preview",
        "Pragma": "no-cache",
        "Strict-Transport-Security": "max-age=31536000; includeSubDomains",
        "X-Content-Type-Options": "nosniff",
        "x-ms-client-request-id": "d6328bf5aba3495d1ba4a3871f77e2c1",
        "x-ms-correlation-request-id": "b26555df-680f-47df-95e0-c47db42cc127",
        "x-ms-providerhub-traffic": "True",
        "x-ms-ratelimit-remaining-subscription-deletes": "14990",
        "x-ms-request-id": "983d1538-35fd-4ec1-a0b9-4a41cb51f962",
        "x-ms-routing-request-id": "WESTUS2:20230804T033653Z:b26555df-680f-47df-95e0-c47db42cc127"
      },
      "ResponseBody": "null"
    },
    {
      "RequestUri": "https://management.azure.com/subscriptions/8443df5e-8e12-4cd9-810e-c525196fecae/providers/Microsoft.Communication/locations/WESTUS2/operationStatuses/983d1538-35fd-4ec1-a0b9-4a41cb51f962*00A7405776C12344440970F55F6696FB5526E55018E6965EACD61273B34943AD?api-version=2023-04-01-preview",
      "RequestMethod": "GET",
      "RequestHeaders": {
        "Authorization": "Sanitized",
        "traceparent": "00-cab3ea97d7c36f05d4366f4a05c21f02-eeee52993ba096a5-00",
        "User-Agent": "azsdk-net-ResourceManager/1.7.0 (.NET 7.0.9; Microsoft Windows 10.0.22621)",
        "x-ms-client-request-id": "b67de182da2a81a8b2bffca078fa854e",
        "x-ms-return-client-request-id": "true"
      },
      "RequestBody": null,
      "StatusCode": 202,
      "ResponseHeaders": {
        "Azure-AsyncOperation": "https://management.azure.com/subscriptions/8443df5e-8e12-4cd9-810e-c525196fecae/providers/Microsoft.Communication/locations/westus2/operationStatuses/983d1538-35fd-4ec1-a0b9-4a41cb51f962*00A7405776C12344440970F55F6696FB5526E55018E6965EACD61273B34943AD?api-version=2023-04-01-preview",
        "Cache-Control": "no-cache",
        "Content-Length": "593",
        "Content-Type": "application/json; charset=utf-8",
        "Date": "Fri, 04 Aug 2023 03:36:52 GMT",
        "ETag": "\u00220e00c4bb-0000-0800-0000-64cc72550000\u0022",
        "Expires": "-1",
        "Location": "https://management.azure.com/subscriptions/8443df5e-8e12-4cd9-810e-c525196fecae/providers/Microsoft.Communication/locations/westus2/operationStatuses/983d1538-35fd-4ec1-a0b9-4a41cb51f962*00A7405776C12344440970F55F6696FB5526E55018E6965EACD61273B34943AD?api-version=2023-04-01-preview",
        "Pragma": "no-cache",
        "Strict-Transport-Security": "max-age=31536000; includeSubDomains",
        "X-Content-Type-Options": "nosniff",
        "x-ms-client-request-id": "b67de182da2a81a8b2bffca078fa854e",
        "x-ms-correlation-request-id": "6b0c5815-8741-47a2-a5c2-6f6666e82b71",
        "x-ms-ratelimit-remaining-subscription-reads": "11789",
        "x-ms-request-id": "83215e9e-a579-42e4-837e-552af31a21dd",
        "x-ms-routing-request-id": "WESTUS2:20230804T033653Z:6b0c5815-8741-47a2-a5c2-6f6666e82b71"
      },
      "ResponseBody": {
        "id": "/subscriptions/8443df5e-8e12-4cd9-810e-c525196fecae/providers/Microsoft.Communication/locations/WESTUS2/operationStatuses/983d1538-35fd-4ec1-a0b9-4a41cb51f962*00A7405776C12344440970F55F6696FB5526E55018E6965EACD61273B34943AD",
        "name": "983d1538-35fd-4ec1-a0b9-4a41cb51f962*00A7405776C12344440970F55F6696FB5526E55018E6965EACD61273B34943AD",
        "resourceId": "/subscriptions/8443df5e-8e12-4cd9-810e-c525196fecae/resourceGroups/Communication-RG-5272/providers/Microsoft.Communication/communicationServices/communication-service-6373",
        "status": "Deleting",
        "startTime": "2023-08-04T03:36:53.3018403Z"
      }
    },
    {
      "RequestUri": "https://management.azure.com/subscriptions/8443df5e-8e12-4cd9-810e-c525196fecae/providers/Microsoft.Communication/locations/westus2/operationStatuses/983d1538-35fd-4ec1-a0b9-4a41cb51f962*00A7405776C12344440970F55F6696FB5526E55018E6965EACD61273B34943AD?api-version=2023-04-01-preview",
      "RequestMethod": "GET",
      "RequestHeaders": {
        "Authorization": "Sanitized",
        "traceparent": "00-cab3ea97d7c36f05d4366f4a05c21f02-8eaa4046fd3ecf3f-00",
        "User-Agent": "azsdk-net-ResourceManager/1.7.0 (.NET 7.0.9; Microsoft Windows 10.0.22621)",
        "x-ms-client-request-id": "52cfe9d1683ff42a32bcdb6f5744bf40",
        "x-ms-return-client-request-id": "true"
      },
      "RequestBody": null,
      "StatusCode": 202,
      "ResponseHeaders": {
        "Azure-AsyncOperation": "https://management.azure.com/subscriptions/8443df5e-8e12-4cd9-810e-c525196fecae/providers/Microsoft.Communication/locations/westus2/operationStatuses/983d1538-35fd-4ec1-a0b9-4a41cb51f962*00A7405776C12344440970F55F6696FB5526E55018E6965EACD61273B34943AD?api-version=2023-04-01-preview",
        "Cache-Control": "no-cache",
        "Content-Length": "593",
        "Content-Type": "application/json; charset=utf-8",
        "Date": "Fri, 04 Aug 2023 03:36:53 GMT",
        "ETag": "\u00220e00c4bb-0000-0800-0000-64cc72550000\u0022",
        "Expires": "-1",
        "Location": "https://management.azure.com/subscriptions/8443df5e-8e12-4cd9-810e-c525196fecae/providers/Microsoft.Communication/locations/westus2/operationStatuses/983d1538-35fd-4ec1-a0b9-4a41cb51f962*00A7405776C12344440970F55F6696FB5526E55018E6965EACD61273B34943AD?api-version=2023-04-01-preview",
        "Pragma": "no-cache",
        "Strict-Transport-Security": "max-age=31536000; includeSubDomains",
        "X-Content-Type-Options": "nosniff",
        "x-ms-client-request-id": "52cfe9d1683ff42a32bcdb6f5744bf40",
        "x-ms-correlation-request-id": "08c92866-fd1e-4d6d-8c75-d5ebe33a012f",
        "x-ms-ratelimit-remaining-subscription-reads": "11788",
        "x-ms-request-id": "5c7cd81a-bb7e-4111-a1e4-b00c9a582774",
        "x-ms-routing-request-id": "WESTUS2:20230804T033654Z:08c92866-fd1e-4d6d-8c75-d5ebe33a012f"
      },
      "ResponseBody": {
        "id": "/subscriptions/8443df5e-8e12-4cd9-810e-c525196fecae/providers/Microsoft.Communication/locations/westus2/operationStatuses/983d1538-35fd-4ec1-a0b9-4a41cb51f962*00A7405776C12344440970F55F6696FB5526E55018E6965EACD61273B34943AD",
        "name": "983d1538-35fd-4ec1-a0b9-4a41cb51f962*00A7405776C12344440970F55F6696FB5526E55018E6965EACD61273B34943AD",
        "resourceId": "/subscriptions/8443df5e-8e12-4cd9-810e-c525196fecae/resourceGroups/Communication-RG-5272/providers/Microsoft.Communication/communicationServices/communication-service-6373",
        "status": "Deleting",
        "startTime": "2023-08-04T03:36:53.3018403Z"
      }
    },
    {
      "RequestUri": "https://management.azure.com/subscriptions/8443df5e-8e12-4cd9-810e-c525196fecae/providers/Microsoft.Communication/locations/westus2/operationStatuses/983d1538-35fd-4ec1-a0b9-4a41cb51f962*00A7405776C12344440970F55F6696FB5526E55018E6965EACD61273B34943AD?api-version=2023-04-01-preview",
      "RequestMethod": "GET",
      "RequestHeaders": {
        "Authorization": "Sanitized",
        "traceparent": "00-cab3ea97d7c36f05d4366f4a05c21f02-88e1aa65e7cf4362-00",
        "User-Agent": "azsdk-net-ResourceManager/1.7.0 (.NET 7.0.9; Microsoft Windows 10.0.22621)",
        "x-ms-client-request-id": "3e0510672bfac796fe79cd0205b8fd00",
        "x-ms-return-client-request-id": "true"
      },
      "RequestBody": null,
      "StatusCode": 202,
      "ResponseHeaders": {
        "Azure-AsyncOperation": "https://management.azure.com/subscriptions/8443df5e-8e12-4cd9-810e-c525196fecae/providers/Microsoft.Communication/locations/westus2/operationStatuses/983d1538-35fd-4ec1-a0b9-4a41cb51f962*00A7405776C12344440970F55F6696FB5526E55018E6965EACD61273B34943AD?api-version=2023-04-01-preview",
        "Cache-Control": "no-cache",
        "Content-Length": "593",
        "Content-Type": "application/json; charset=utf-8",
        "Date": "Fri, 04 Aug 2023 03:36:54 GMT",
        "ETag": "\u00220e00c4bb-0000-0800-0000-64cc72550000\u0022",
        "Expires": "-1",
        "Location": "https://management.azure.com/subscriptions/8443df5e-8e12-4cd9-810e-c525196fecae/providers/Microsoft.Communication/locations/westus2/operationStatuses/983d1538-35fd-4ec1-a0b9-4a41cb51f962*00A7405776C12344440970F55F6696FB5526E55018E6965EACD61273B34943AD?api-version=2023-04-01-preview",
        "Pragma": "no-cache",
        "Strict-Transport-Security": "max-age=31536000; includeSubDomains",
        "X-Content-Type-Options": "nosniff",
        "x-ms-client-request-id": "3e0510672bfac796fe79cd0205b8fd00",
        "x-ms-correlation-request-id": "b1c094ef-bff2-470e-9138-5ff473ce7667",
        "x-ms-ratelimit-remaining-subscription-reads": "11787",
        "x-ms-request-id": "af9fb8e1-acca-477d-868e-79384731f2d9",
        "x-ms-routing-request-id": "WESTUS2:20230804T033655Z:b1c094ef-bff2-470e-9138-5ff473ce7667"
      },
      "ResponseBody": {
        "id": "/subscriptions/8443df5e-8e12-4cd9-810e-c525196fecae/providers/Microsoft.Communication/locations/westus2/operationStatuses/983d1538-35fd-4ec1-a0b9-4a41cb51f962*00A7405776C12344440970F55F6696FB5526E55018E6965EACD61273B34943AD",
        "name": "983d1538-35fd-4ec1-a0b9-4a41cb51f962*00A7405776C12344440970F55F6696FB5526E55018E6965EACD61273B34943AD",
        "resourceId": "/subscriptions/8443df5e-8e12-4cd9-810e-c525196fecae/resourceGroups/Communication-RG-5272/providers/Microsoft.Communication/communicationServices/communication-service-6373",
        "status": "Deleting",
        "startTime": "2023-08-04T03:36:53.3018403Z"
      }
    },
    {
      "RequestUri": "https://management.azure.com/subscriptions/8443df5e-8e12-4cd9-810e-c525196fecae/providers/Microsoft.Communication/locations/westus2/operationStatuses/983d1538-35fd-4ec1-a0b9-4a41cb51f962*00A7405776C12344440970F55F6696FB5526E55018E6965EACD61273B34943AD?api-version=2023-04-01-preview",
      "RequestMethod": "GET",
      "RequestHeaders": {
        "Authorization": "Sanitized",
        "traceparent": "00-cab3ea97d7c36f05d4366f4a05c21f02-2d708e9afcff47ad-00",
        "User-Agent": "azsdk-net-ResourceManager/1.7.0 (.NET 7.0.9; Microsoft Windows 10.0.22621)",
        "x-ms-client-request-id": "a14705ade90b1a52b689836dfe392a6e",
        "x-ms-return-client-request-id": "true"
      },
      "RequestBody": null,
      "StatusCode": 202,
      "ResponseHeaders": {
        "Azure-AsyncOperation": "https://management.azure.com/subscriptions/8443df5e-8e12-4cd9-810e-c525196fecae/providers/Microsoft.Communication/locations/westus2/operationStatuses/983d1538-35fd-4ec1-a0b9-4a41cb51f962*00A7405776C12344440970F55F6696FB5526E55018E6965EACD61273B34943AD?api-version=2023-04-01-preview",
        "Cache-Control": "no-cache",
        "Content-Length": "593",
        "Content-Type": "application/json; charset=utf-8",
        "Date": "Fri, 04 Aug 2023 03:36:55 GMT",
        "ETag": "\u00220e00c4bb-0000-0800-0000-64cc72550000\u0022",
        "Expires": "-1",
        "Location": "https://management.azure.com/subscriptions/8443df5e-8e12-4cd9-810e-c525196fecae/providers/Microsoft.Communication/locations/westus2/operationStatuses/983d1538-35fd-4ec1-a0b9-4a41cb51f962*00A7405776C12344440970F55F6696FB5526E55018E6965EACD61273B34943AD?api-version=2023-04-01-preview",
        "Pragma": "no-cache",
        "Strict-Transport-Security": "max-age=31536000; includeSubDomains",
        "X-Content-Type-Options": "nosniff",
        "x-ms-client-request-id": "a14705ade90b1a52b689836dfe392a6e",
        "x-ms-correlation-request-id": "5f9909af-cfa7-495d-94e3-29eee2db179a",
        "x-ms-ratelimit-remaining-subscription-reads": "11786",
        "x-ms-request-id": "a81635ce-1a27-4d08-8c70-5e8ecc7e2319",
        "x-ms-routing-request-id": "WESTUS2:20230804T033656Z:5f9909af-cfa7-495d-94e3-29eee2db179a"
      },
      "ResponseBody": {
        "id": "/subscriptions/8443df5e-8e12-4cd9-810e-c525196fecae/providers/Microsoft.Communication/locations/westus2/operationStatuses/983d1538-35fd-4ec1-a0b9-4a41cb51f962*00A7405776C12344440970F55F6696FB5526E55018E6965EACD61273B34943AD",
        "name": "983d1538-35fd-4ec1-a0b9-4a41cb51f962*00A7405776C12344440970F55F6696FB5526E55018E6965EACD61273B34943AD",
        "resourceId": "/subscriptions/8443df5e-8e12-4cd9-810e-c525196fecae/resourceGroups/Communication-RG-5272/providers/Microsoft.Communication/communicationServices/communication-service-6373",
        "status": "Deleting",
        "startTime": "2023-08-04T03:36:53.3018403Z"
      }
    },
    {
      "RequestUri": "https://management.azure.com/subscriptions/8443df5e-8e12-4cd9-810e-c525196fecae/providers/Microsoft.Communication/locations/westus2/operationStatuses/983d1538-35fd-4ec1-a0b9-4a41cb51f962*00A7405776C12344440970F55F6696FB5526E55018E6965EACD61273B34943AD?api-version=2023-04-01-preview",
      "RequestMethod": "GET",
      "RequestHeaders": {
        "Authorization": "Sanitized",
        "traceparent": "00-cab3ea97d7c36f05d4366f4a05c21f02-a0989f26fdd66536-00",
        "User-Agent": "azsdk-net-ResourceManager/1.7.0 (.NET 7.0.9; Microsoft Windows 10.0.22621)",
        "x-ms-client-request-id": "6738bcff47f5a554520854c59a28ee79",
        "x-ms-return-client-request-id": "true"
      },
      "RequestBody": null,
      "StatusCode": 202,
      "ResponseHeaders": {
        "Azure-AsyncOperation": "https://management.azure.com/subscriptions/8443df5e-8e12-4cd9-810e-c525196fecae/providers/Microsoft.Communication/locations/westus2/operationStatuses/983d1538-35fd-4ec1-a0b9-4a41cb51f962*00A7405776C12344440970F55F6696FB5526E55018E6965EACD61273B34943AD?api-version=2023-04-01-preview",
        "Cache-Control": "no-cache",
        "Content-Length": "593",
        "Content-Type": "application/json; charset=utf-8",
        "Date": "Fri, 04 Aug 2023 03:36:58 GMT",
        "ETag": "\u00220e00c4bb-0000-0800-0000-64cc72550000\u0022",
        "Expires": "-1",
        "Location": "https://management.azure.com/subscriptions/8443df5e-8e12-4cd9-810e-c525196fecae/providers/Microsoft.Communication/locations/westus2/operationStatuses/983d1538-35fd-4ec1-a0b9-4a41cb51f962*00A7405776C12344440970F55F6696FB5526E55018E6965EACD61273B34943AD?api-version=2023-04-01-preview",
        "Pragma": "no-cache",
        "Strict-Transport-Security": "max-age=31536000; includeSubDomains",
        "X-Content-Type-Options": "nosniff",
        "x-ms-client-request-id": "6738bcff47f5a554520854c59a28ee79",
        "x-ms-correlation-request-id": "6c7cfd9c-a5c3-42ac-a69e-46f3f0f18112",
        "x-ms-ratelimit-remaining-subscription-reads": "11785",
        "x-ms-request-id": "017b513f-d88a-41b6-94fe-5722e719abea",
        "x-ms-routing-request-id": "WESTUS2:20230804T033658Z:6c7cfd9c-a5c3-42ac-a69e-46f3f0f18112"
      },
      "ResponseBody": {
        "id": "/subscriptions/8443df5e-8e12-4cd9-810e-c525196fecae/providers/Microsoft.Communication/locations/westus2/operationStatuses/983d1538-35fd-4ec1-a0b9-4a41cb51f962*00A7405776C12344440970F55F6696FB5526E55018E6965EACD61273B34943AD",
        "name": "983d1538-35fd-4ec1-a0b9-4a41cb51f962*00A7405776C12344440970F55F6696FB5526E55018E6965EACD61273B34943AD",
        "resourceId": "/subscriptions/8443df5e-8e12-4cd9-810e-c525196fecae/resourceGroups/Communication-RG-5272/providers/Microsoft.Communication/communicationServices/communication-service-6373",
        "status": "Deleting",
        "startTime": "2023-08-04T03:36:53.3018403Z"
      }
    },
    {
      "RequestUri": "https://management.azure.com/subscriptions/8443df5e-8e12-4cd9-810e-c525196fecae/providers/Microsoft.Communication/locations/westus2/operationStatuses/983d1538-35fd-4ec1-a0b9-4a41cb51f962*00A7405776C12344440970F55F6696FB5526E55018E6965EACD61273B34943AD?api-version=2023-04-01-preview",
      "RequestMethod": "GET",
      "RequestHeaders": {
        "Authorization": "Sanitized",
        "traceparent": "00-cab3ea97d7c36f05d4366f4a05c21f02-bc48569f4f236a00-00",
        "User-Agent": "azsdk-net-ResourceManager/1.7.0 (.NET 7.0.9; Microsoft Windows 10.0.22621)",
        "x-ms-client-request-id": "51c1dbbf1dfc7d34beeb8770a829c8c5",
        "x-ms-return-client-request-id": "true"
      },
      "RequestBody": null,
      "StatusCode": 202,
      "ResponseHeaders": {
        "Azure-AsyncOperation": "https://management.azure.com/subscriptions/8443df5e-8e12-4cd9-810e-c525196fecae/providers/Microsoft.Communication/locations/westus2/operationStatuses/983d1538-35fd-4ec1-a0b9-4a41cb51f962*00A7405776C12344440970F55F6696FB5526E55018E6965EACD61273B34943AD?api-version=2023-04-01-preview",
        "Cache-Control": "no-cache",
        "Content-Length": "593",
        "Content-Type": "application/json; charset=utf-8",
        "Date": "Fri, 04 Aug 2023 03:37:02 GMT",
        "ETag": "\u00220e00c4bb-0000-0800-0000-64cc72550000\u0022",
        "Expires": "-1",
        "Location": "https://management.azure.com/subscriptions/8443df5e-8e12-4cd9-810e-c525196fecae/providers/Microsoft.Communication/locations/westus2/operationStatuses/983d1538-35fd-4ec1-a0b9-4a41cb51f962*00A7405776C12344440970F55F6696FB5526E55018E6965EACD61273B34943AD?api-version=2023-04-01-preview",
        "Pragma": "no-cache",
        "Strict-Transport-Security": "max-age=31536000; includeSubDomains",
        "X-Content-Type-Options": "nosniff",
        "x-ms-client-request-id": "51c1dbbf1dfc7d34beeb8770a829c8c5",
        "x-ms-correlation-request-id": "225e2640-3bd8-4572-9a84-3df23287dd72",
        "x-ms-ratelimit-remaining-subscription-reads": "11784",
        "x-ms-request-id": "316bbe6b-bb92-4b65-914d-8e8332abea39",
        "x-ms-routing-request-id": "WESTUS2:20230804T033703Z:225e2640-3bd8-4572-9a84-3df23287dd72"
      },
      "ResponseBody": {
        "id": "/subscriptions/8443df5e-8e12-4cd9-810e-c525196fecae/providers/Microsoft.Communication/locations/westus2/operationStatuses/983d1538-35fd-4ec1-a0b9-4a41cb51f962*00A7405776C12344440970F55F6696FB5526E55018E6965EACD61273B34943AD",
        "name": "983d1538-35fd-4ec1-a0b9-4a41cb51f962*00A7405776C12344440970F55F6696FB5526E55018E6965EACD61273B34943AD",
        "resourceId": "/subscriptions/8443df5e-8e12-4cd9-810e-c525196fecae/resourceGroups/Communication-RG-5272/providers/Microsoft.Communication/communicationServices/communication-service-6373",
        "status": "Deleting",
        "startTime": "2023-08-04T03:36:53.3018403Z"
      }
    },
    {
      "RequestUri": "https://management.azure.com/subscriptions/8443df5e-8e12-4cd9-810e-c525196fecae/providers/Microsoft.Communication/locations/westus2/operationStatuses/983d1538-35fd-4ec1-a0b9-4a41cb51f962*00A7405776C12344440970F55F6696FB5526E55018E6965EACD61273B34943AD?api-version=2023-04-01-preview",
      "RequestMethod": "GET",
      "RequestHeaders": {
        "Authorization": "Sanitized",
        "traceparent": "00-cab3ea97d7c36f05d4366f4a05c21f02-fdb644f0b8e1679d-00",
        "User-Agent": "azsdk-net-ResourceManager/1.7.0 (.NET 7.0.9; Microsoft Windows 10.0.22621)",
        "x-ms-client-request-id": "49025f4f9680660bb1a24e03958c7f8d",
        "x-ms-return-client-request-id": "true"
      },
      "RequestBody": null,
      "StatusCode": 202,
      "ResponseHeaders": {
        "Azure-AsyncOperation": "https://management.azure.com/subscriptions/8443df5e-8e12-4cd9-810e-c525196fecae/providers/Microsoft.Communication/locations/westus2/operationStatuses/983d1538-35fd-4ec1-a0b9-4a41cb51f962*00A7405776C12344440970F55F6696FB5526E55018E6965EACD61273B34943AD?api-version=2023-04-01-preview",
        "Cache-Control": "no-cache",
        "Content-Length": "593",
        "Content-Type": "application/json; charset=utf-8",
        "Date": "Fri, 04 Aug 2023 03:37:11 GMT",
        "ETag": "\u00220e00c4bb-0000-0800-0000-64cc72550000\u0022",
        "Expires": "-1",
        "Location": "https://management.azure.com/subscriptions/8443df5e-8e12-4cd9-810e-c525196fecae/providers/Microsoft.Communication/locations/westus2/operationStatuses/983d1538-35fd-4ec1-a0b9-4a41cb51f962*00A7405776C12344440970F55F6696FB5526E55018E6965EACD61273B34943AD?api-version=2023-04-01-preview",
        "Pragma": "no-cache",
        "Strict-Transport-Security": "max-age=31536000; includeSubDomains",
        "X-Content-Type-Options": "nosniff",
        "x-ms-client-request-id": "49025f4f9680660bb1a24e03958c7f8d",
        "x-ms-correlation-request-id": "c0576afc-3e1b-433e-a19e-d9ab722fdb02",
        "x-ms-ratelimit-remaining-subscription-reads": "11783",
        "x-ms-request-id": "6135f4bb-9c4a-44d9-9537-70f66740e3a3",
        "x-ms-routing-request-id": "WESTUS2:20230804T033711Z:c0576afc-3e1b-433e-a19e-d9ab722fdb02"
      },
      "ResponseBody": {
        "id": "/subscriptions/8443df5e-8e12-4cd9-810e-c525196fecae/providers/Microsoft.Communication/locations/westus2/operationStatuses/983d1538-35fd-4ec1-a0b9-4a41cb51f962*00A7405776C12344440970F55F6696FB5526E55018E6965EACD61273B34943AD",
        "name": "983d1538-35fd-4ec1-a0b9-4a41cb51f962*00A7405776C12344440970F55F6696FB5526E55018E6965EACD61273B34943AD",
        "resourceId": "/subscriptions/8443df5e-8e12-4cd9-810e-c525196fecae/resourceGroups/Communication-RG-5272/providers/Microsoft.Communication/communicationServices/communication-service-6373",
        "status": "Deleting",
        "startTime": "2023-08-04T03:36:53.3018403Z"
      }
    },
    {
      "RequestUri": "https://management.azure.com/subscriptions/8443df5e-8e12-4cd9-810e-c525196fecae/providers/Microsoft.Communication/locations/westus2/operationStatuses/983d1538-35fd-4ec1-a0b9-4a41cb51f962*00A7405776C12344440970F55F6696FB5526E55018E6965EACD61273B34943AD?api-version=2023-04-01-preview",
      "RequestMethod": "GET",
      "RequestHeaders": {
        "Authorization": "Sanitized",
        "traceparent": "00-cab3ea97d7c36f05d4366f4a05c21f02-b3212ff38bcc4c2e-00",
        "User-Agent": "azsdk-net-ResourceManager/1.7.0 (.NET 7.0.9; Microsoft Windows 10.0.22621)",
        "x-ms-client-request-id": "23ae099ad877e27188baa80abfe3fd28",
        "x-ms-return-client-request-id": "true"
      },
      "RequestBody": null,
      "StatusCode": 202,
      "ResponseHeaders": {
        "Azure-AsyncOperation": "https://management.azure.com/subscriptions/8443df5e-8e12-4cd9-810e-c525196fecae/providers/Microsoft.Communication/locations/westus2/operationStatuses/983d1538-35fd-4ec1-a0b9-4a41cb51f962*00A7405776C12344440970F55F6696FB5526E55018E6965EACD61273B34943AD?api-version=2023-04-01-preview",
        "Cache-Control": "no-cache",
        "Content-Length": "593",
        "Content-Type": "application/json; charset=utf-8",
        "Date": "Fri, 04 Aug 2023 03:37:27 GMT",
        "ETag": "\u00220e00c4bb-0000-0800-0000-64cc72550000\u0022",
        "Expires": "-1",
        "Location": "https://management.azure.com/subscriptions/8443df5e-8e12-4cd9-810e-c525196fecae/providers/Microsoft.Communication/locations/westus2/operationStatuses/983d1538-35fd-4ec1-a0b9-4a41cb51f962*00A7405776C12344440970F55F6696FB5526E55018E6965EACD61273B34943AD?api-version=2023-04-01-preview",
        "Pragma": "no-cache",
        "Strict-Transport-Security": "max-age=31536000; includeSubDomains",
        "X-Content-Type-Options": "nosniff",
        "x-ms-client-request-id": "23ae099ad877e27188baa80abfe3fd28",
        "x-ms-correlation-request-id": "2f10f102-ac12-414f-bb55-f7110ab4a38c",
        "x-ms-ratelimit-remaining-subscription-reads": "11782",
        "x-ms-request-id": "c7445ed2-53e0-48ce-b43e-7aca14135a45",
        "x-ms-routing-request-id": "WESTUS2:20230804T033727Z:2f10f102-ac12-414f-bb55-f7110ab4a38c"
      },
      "ResponseBody": {
        "id": "/subscriptions/8443df5e-8e12-4cd9-810e-c525196fecae/providers/Microsoft.Communication/locations/westus2/operationStatuses/983d1538-35fd-4ec1-a0b9-4a41cb51f962*00A7405776C12344440970F55F6696FB5526E55018E6965EACD61273B34943AD",
        "name": "983d1538-35fd-4ec1-a0b9-4a41cb51f962*00A7405776C12344440970F55F6696FB5526E55018E6965EACD61273B34943AD",
        "resourceId": "/subscriptions/8443df5e-8e12-4cd9-810e-c525196fecae/resourceGroups/Communication-RG-5272/providers/Microsoft.Communication/communicationServices/communication-service-6373",
        "status": "Deleting",
        "startTime": "2023-08-04T03:36:53.3018403Z"
      }
    },
    {
      "RequestUri": "https://management.azure.com/subscriptions/8443df5e-8e12-4cd9-810e-c525196fecae/providers/Microsoft.Communication/locations/westus2/operationStatuses/983d1538-35fd-4ec1-a0b9-4a41cb51f962*00A7405776C12344440970F55F6696FB5526E55018E6965EACD61273B34943AD?api-version=2023-04-01-preview",
      "RequestMethod": "GET",
      "RequestHeaders": {
        "Authorization": "Sanitized",
        "traceparent": "00-cab3ea97d7c36f05d4366f4a05c21f02-a25dec431f0e86cf-00",
        "User-Agent": "azsdk-net-ResourceManager/1.7.0 (.NET 7.0.9; Microsoft Windows 10.0.22621)",
        "x-ms-client-request-id": "3b768f3fa52629f9d05b9f5acf30e832",
        "x-ms-return-client-request-id": "true"
      },
      "RequestBody": null,
      "StatusCode": 200,
      "ResponseHeaders": {
        "Cache-Control": "no-cache",
        "Content-Length": "612",
        "Content-Type": "application/json; charset=utf-8",
        "Date": "Fri, 04 Aug 2023 03:37:58 GMT",
        "ETag": "\u00220e00f6bc-0000-0800-0000-64cc72960000\u0022",
        "Expires": "-1",
        "Pragma": "no-cache",
        "Strict-Transport-Security": "max-age=31536000; includeSubDomains",
        "X-Content-Type-Options": "nosniff",
        "x-ms-client-request-id": "3b768f3fa52629f9d05b9f5acf30e832",
        "x-ms-correlation-request-id": "a3c3e172-bd6c-4801-8852-b24acfd4a823",
        "x-ms-ratelimit-remaining-subscription-reads": "11781",
        "x-ms-request-id": "f4a8f810-d06a-4438-8771-e6412f2778e4",
        "x-ms-routing-request-id": "WESTUS2:20230804T033759Z:a3c3e172-bd6c-4801-8852-b24acfd4a823"
      },
      "ResponseBody": {
        "id": "/subscriptions/8443df5e-8e12-4cd9-810e-c525196fecae/providers/Microsoft.Communication/locations/westus2/operationStatuses/983d1538-35fd-4ec1-a0b9-4a41cb51f962*00A7405776C12344440970F55F6696FB5526E55018E6965EACD61273B34943AD",
        "name": "983d1538-35fd-4ec1-a0b9-4a41cb51f962*00A7405776C12344440970F55F6696FB5526E55018E6965EACD61273B34943AD",
        "resourceId": "/subscriptions/8443df5e-8e12-4cd9-810e-c525196fecae/resourceGroups/Communication-RG-5272/providers/Microsoft.Communication/communicationServices/communication-service-6373",
        "status": "Succeeded",
        "startTime": "2023-08-04T03:36:53.3018403Z",
        "properties": null
      }
    }
  ],
  "Variables": {
    "AZURE_AUTHORITY_HOST": null,
    "RandomSeed": "753042937",
    "RESOURCE_MANAGER_URL": null,
    "SUBSCRIPTION_ID": "8443df5e-8e12-4cd9-810e-c525196fecae"
  }
}
