{
  "Entries": [
    {
      "RequestUri": "https://management.azure.com/subscriptions/8443df5e-8e12-4cd9-810e-c525196fecae/resourcegroups/Communication-RG-8888?api-version=2022-09-01",
      "RequestMethod": "GET",
      "RequestHeaders": {
        "Accept": "application/json",
        "Authorization": "Sanitized",
        "traceparent": "00-ed093b62d35da87818258f243070dd10-bd4d7a7305ca0ac6-00",
        "User-Agent": "azsdk-net-ResourceManager/1.7.0 (.NET Framework 4.8.9167.0; Microsoft Windows 10.0.22621 )",
        "x-ms-client-request-id": "f1a932452544a79f988a9f7d156d2805",
        "x-ms-return-client-request-id": "true"
      },
      "RequestBody": null,
      "StatusCode": 200,
      "ResponseHeaders": {
        "Cache-Control": "no-cache",
        "Content-Length": "239",
        "Content-Type": "application/json; charset=utf-8",
        "Date": "Mon, 04 Sep 2023 02:28:11 GMT",
        "Expires": "-1",
        "Pragma": "no-cache",
        "Strict-Transport-Security": "max-age=31536000; includeSubDomains",
        "X-Cache": "CONFIG_NOCACHE",
        "X-Content-Type-Options": "nosniff",
        "x-ms-correlation-request-id": "4c0e5caf-549d-4213-b4b0-7395d18318ce",
        "x-ms-ratelimit-remaining-subscription-reads": "11999",
        "x-ms-request-id": "4c0e5caf-549d-4213-b4b0-7395d18318ce",
        "x-ms-routing-request-id": "CANADACENTRAL:20230904T022812Z:4c0e5caf-549d-4213-b4b0-7395d18318ce",
        "X-MSEdge-Ref": "Ref A: 0114573F7E5C492B8674101C9BF5A8F0 Ref B: CO6AA3150218037 Ref C: 2023-09-04T02:28:12Z"
      },
      "ResponseBody": {
        "id": "/subscriptions/8443df5e-8e12-4cd9-810e-c525196fecae/resourceGroups/Communication-RG-8888",
        "name": "Communication-RG-8888",
        "type": "Microsoft.Resources/resourceGroups",
        "location": "westus",
        "properties": {
          "provisioningState": "Succeeded"
        }
      }
    },
    {
      "RequestUri": "https://management.azure.com/subscriptions/8443df5e-8e12-4cd9-810e-c525196fecae/resourceGroups/Communication-RG-8888/providers/Microsoft.Communication/communicationServices/communication-service-7277?api-version=2023-04-01-preview",
      "RequestMethod": "PUT",
      "RequestHeaders": {
        "Accept": "application/json",
        "Authorization": "Sanitized",
        "Content-Length": "76",
        "Content-Type": "application/json",
        "traceparent": "00-f75392c219aac4776f1afc40ff35ea56-91ffa4ccf1fba1e6-00",
        "User-Agent": "azsdk-net-ResourceManager.Communication/1.2.0-alpha.20230902.1 (.NET Framework 4.8.9167.0; Microsoft Windows 10.0.22621 )",
        "x-ms-client-request-id": "06b9a21a2506618e1f0abe7626c6c7f8",
        "x-ms-return-client-request-id": "true"
      },
      "RequestBody": {
        "tags": {},
        "location": "global",
        "properties": {
          "dataLocation": "UnitedStates"
        }
      },
      "StatusCode": 201,
      "ResponseHeaders": {
        "Azure-AsyncOperation": "https://management.azure.com/subscriptions/8443df5e-8e12-4cd9-810e-c525196fecae/providers/Microsoft.Communication/locations/WESTUS2/operationStatuses/317d07fd-45d3-4197-b1ff-91e10d21a818*5E4B3B628A9D59363853FB0473CE446CE8755F3199F480B3371B98314F10732D?api-version=2023-04-01-preview",
        "Cache-Control": "no-cache",
        "Content-Length": "655",
        "Content-Type": "application/json; charset=utf-8",
        "Date": "Mon, 04 Sep 2023 02:28:15 GMT",
        "ETag": "\u00223a0ed6ec-0000-0100-0000-64f540be0000\u0022",
        "Expires": "-1",
        "mise-correlation-id": "e2cad2a3-79b5-4690-9be5-e90730dc860f",
        "Pragma": "no-cache",
        "Request-Context": "appId=",
        "Strict-Transport-Security": "max-age=31536000; includeSubDomains",
        "X-Cache": "CONFIG_NOCACHE",
        "X-Content-Type-Options": "nosniff",
        "x-ms-client-request-id": "06b9a21a2506618e1f0abe7626c6c7f8",
        "x-ms-correlation-request-id": "54cebb64-6c4c-4c13-a219-a12216d08222",
        "x-ms-providerhub-traffic": "True",
        "x-ms-ratelimit-remaining-subscription-writes": "1199",
        "x-ms-request-id": "317d07fd-45d3-4197-b1ff-91e10d21a818",
        "x-ms-routing-request-id": "CANADAEAST:20230904T022815Z:54cebb64-6c4c-4c13-a219-a12216d08222",
        "X-MSEdge-Ref": "Ref A: 44107BBD3E934764AE725B830490FF6A Ref B: CO6AA3150218037 Ref C: 2023-09-04T02:28:12Z"
      },
      "ResponseBody": {
        "id": "/subscriptions/8443df5e-8e12-4cd9-810e-c525196fecae/resourceGroups/Communication-RG-8888/providers/Microsoft.Communication/communicationServices/communication-service-7277",
        "name": "communication-service-7277",
        "type": "microsoft.communication/communicationservices",
        "location": "global",
        "tags": {},
        "systemData": {
          "createdBy": "00226471-3a95-403e-98c0-dca45fecd307",
          "createdByType": "Application",
          "createdAt": "2023-09-04T02:28:13.7718816Z",
          "lastModifiedBy": "00226471-3a95-403e-98c0-dca45fecd307",
          "lastModifiedByType": "Application",
          "lastModifiedAt": "2023-09-04T02:28:13.7718816Z"
        },
        "properties": {
          "dataLocation": "UnitedStates",
          "provisioningState": "Accepted"
        }
      }
    },
    {
      "RequestUri": "https://management.azure.com/subscriptions/8443df5e-8e12-4cd9-810e-c525196fecae/providers/Microsoft.Communication/locations/WESTUS2/operationStatuses/317d07fd-45d3-4197-b1ff-91e10d21a818*5E4B3B628A9D59363853FB0473CE446CE8755F3199F480B3371B98314F10732D?api-version=2023-04-01-preview",
      "RequestMethod": "GET",
      "RequestHeaders": {
        "Authorization": "Sanitized",
        "traceparent": "00-f75392c219aac4776f1afc40ff35ea56-14f50611b2a239ae-00",
        "User-Agent": "azsdk-net-ResourceManager/1.7.0 (.NET Framework 4.8.9167.0; Microsoft Windows 10.0.22621 )",
        "x-ms-client-request-id": "1d252982df0a0d3e1b8f241ae03172c3",
        "x-ms-return-client-request-id": "true"
      },
      "RequestBody": null,
      "StatusCode": 200,
      "ResponseHeaders": {
        "Cache-Control": "no-cache",
        "Content-Length": "593",
        "Content-Type": "application/json; charset=utf-8",
        "Date": "Mon, 04 Sep 2023 02:28:15 GMT",
        "ETag": "\u0022eb0027b5-0000-0100-0000-64f540be0000\u0022",
        "Expires": "-1",
        "Pragma": "no-cache",
        "Strict-Transport-Security": "max-age=31536000; includeSubDomains",
        "X-Cache": "CONFIG_NOCACHE",
        "X-Content-Type-Options": "nosniff",
        "x-ms-client-request-id": "1d252982df0a0d3e1b8f241ae03172c3",
        "x-ms-correlation-request-id": "932cea59-9fbe-4833-a6f5-dd6d09ce1c31",
        "x-ms-ratelimit-remaining-subscription-reads": "11999",
        "x-ms-request-id": "10723ee7-230d-418d-8b73-67da60c95bf6",
        "x-ms-routing-request-id": "CANADAEAST:20230904T022815Z:932cea59-9fbe-4833-a6f5-dd6d09ce1c31",
        "X-MSEdge-Ref": "Ref A: 55B53650E81D4E2E876D3C232E44628D Ref B: CO6AA3150218037 Ref C: 2023-09-04T02:28:15Z"
      },
      "ResponseBody": {
        "id": "/subscriptions/8443df5e-8e12-4cd9-810e-c525196fecae/providers/Microsoft.Communication/locations/WESTUS2/operationStatuses/317d07fd-45d3-4197-b1ff-91e10d21a818*5E4B3B628A9D59363853FB0473CE446CE8755F3199F480B3371B98314F10732D",
        "name": "317d07fd-45d3-4197-b1ff-91e10d21a818*5E4B3B628A9D59363853FB0473CE446CE8755F3199F480B3371B98314F10732D",
        "resourceId": "/subscriptions/8443df5e-8e12-4cd9-810e-c525196fecae/resourceGroups/Communication-RG-8888/providers/Microsoft.Communication/communicationServices/communication-service-7277",
        "status": "Accepted",
        "startTime": "2023-09-04T02:28:14.3261559Z"
      }
    },
    {
      "RequestUri": "https://management.azure.com/subscriptions/8443df5e-8e12-4cd9-810e-c525196fecae/providers/Microsoft.Communication/locations/WESTUS2/operationStatuses/317d07fd-45d3-4197-b1ff-91e10d21a818*5E4B3B628A9D59363853FB0473CE446CE8755F3199F480B3371B98314F10732D?api-version=2023-04-01-preview",
      "RequestMethod": "GET",
      "RequestHeaders": {
        "Authorization": "Sanitized",
        "traceparent": "00-f75392c219aac4776f1afc40ff35ea56-7543414708afbeb6-00",
        "User-Agent": "azsdk-net-ResourceManager/1.7.0 (.NET Framework 4.8.9167.0; Microsoft Windows 10.0.22621 )",
        "x-ms-client-request-id": "4d1384d87e48024c583973d401f28835",
        "x-ms-return-client-request-id": "true"
      },
      "RequestBody": null,
      "StatusCode": 200,
      "ResponseHeaders": {
        "Cache-Control": "no-cache",
        "Content-Length": "593",
        "Content-Type": "application/json; charset=utf-8",
        "Date": "Mon, 04 Sep 2023 02:28:17 GMT",
        "ETag": "\u0022eb0027b5-0000-0100-0000-64f540be0000\u0022",
        "Expires": "-1",
        "Pragma": "no-cache",
        "Strict-Transport-Security": "max-age=31536000; includeSubDomains",
        "X-Cache": "CONFIG_NOCACHE",
        "X-Content-Type-Options": "nosniff",
        "x-ms-client-request-id": "4d1384d87e48024c583973d401f28835",
        "x-ms-correlation-request-id": "5e61c774-bcba-427d-a9f9-8399b0dc7f14",
        "x-ms-ratelimit-remaining-subscription-reads": "11999",
        "x-ms-request-id": "4cb6c849-7d17-4bf6-b28b-e95e4d8cf869",
        "x-ms-routing-request-id": "CANADAEAST:20230904T022816Z:5e61c774-bcba-427d-a9f9-8399b0dc7f14",
        "X-MSEdge-Ref": "Ref A: A44A135D49874888854D0C971406F306 Ref B: CO6AA3150218037 Ref C: 2023-09-04T02:28:16Z"
      },
      "ResponseBody": {
        "id": "/subscriptions/8443df5e-8e12-4cd9-810e-c525196fecae/providers/Microsoft.Communication/locations/WESTUS2/operationStatuses/317d07fd-45d3-4197-b1ff-91e10d21a818*5E4B3B628A9D59363853FB0473CE446CE8755F3199F480B3371B98314F10732D",
        "name": "317d07fd-45d3-4197-b1ff-91e10d21a818*5E4B3B628A9D59363853FB0473CE446CE8755F3199F480B3371B98314F10732D",
        "resourceId": "/subscriptions/8443df5e-8e12-4cd9-810e-c525196fecae/resourceGroups/Communication-RG-8888/providers/Microsoft.Communication/communicationServices/communication-service-7277",
        "status": "Accepted",
        "startTime": "2023-09-04T02:28:14.3261559Z"
      }
    },
    {
      "RequestUri": "https://management.azure.com/subscriptions/8443df5e-8e12-4cd9-810e-c525196fecae/providers/Microsoft.Communication/locations/WESTUS2/operationStatuses/317d07fd-45d3-4197-b1ff-91e10d21a818*5E4B3B628A9D59363853FB0473CE446CE8755F3199F480B3371B98314F10732D?api-version=2023-04-01-preview",
      "RequestMethod": "GET",
      "RequestHeaders": {
        "Authorization": "Sanitized",
        "traceparent": "00-f75392c219aac4776f1afc40ff35ea56-c4ab9d7520ee961c-00",
        "User-Agent": "azsdk-net-ResourceManager/1.7.0 (.NET Framework 4.8.9167.0; Microsoft Windows 10.0.22621 )",
        "x-ms-client-request-id": "fcf4b164a9a022eee1d26b02f22f9f61",
        "x-ms-return-client-request-id": "true"
      },
      "RequestBody": null,
      "StatusCode": 200,
      "ResponseHeaders": {
        "Cache-Control": "no-cache",
        "Content-Length": "593",
        "Content-Type": "application/json; charset=utf-8",
        "Date": "Mon, 04 Sep 2023 02:28:18 GMT",
        "ETag": "\u0022eb0027b5-0000-0100-0000-64f540be0000\u0022",
        "Expires": "-1",
        "Pragma": "no-cache",
        "Strict-Transport-Security": "max-age=31536000; includeSubDomains",
        "X-Cache": "CONFIG_NOCACHE",
        "X-Content-Type-Options": "nosniff",
        "x-ms-client-request-id": "fcf4b164a9a022eee1d26b02f22f9f61",
        "x-ms-correlation-request-id": "ac1ff1a9-8728-4b14-ab55-296d8bfa6c0b",
        "x-ms-ratelimit-remaining-subscription-reads": "11998",
        "x-ms-request-id": "6446b406-c346-4a92-ace2-e5c2a7b43c04",
        "x-ms-routing-request-id": "CANADAEAST:20230904T022818Z:ac1ff1a9-8728-4b14-ab55-296d8bfa6c0b",
        "X-MSEdge-Ref": "Ref A: B06AB0E039744F64A2DBC82E844282E1 Ref B: CO6AA3150218037 Ref C: 2023-09-04T02:28:18Z"
      },
      "ResponseBody": {
        "id": "/subscriptions/8443df5e-8e12-4cd9-810e-c525196fecae/providers/Microsoft.Communication/locations/WESTUS2/operationStatuses/317d07fd-45d3-4197-b1ff-91e10d21a818*5E4B3B628A9D59363853FB0473CE446CE8755F3199F480B3371B98314F10732D",
        "name": "317d07fd-45d3-4197-b1ff-91e10d21a818*5E4B3B628A9D59363853FB0473CE446CE8755F3199F480B3371B98314F10732D",
        "resourceId": "/subscriptions/8443df5e-8e12-4cd9-810e-c525196fecae/resourceGroups/Communication-RG-8888/providers/Microsoft.Communication/communicationServices/communication-service-7277",
        "status": "Accepted",
        "startTime": "2023-09-04T02:28:14.3261559Z"
      }
    },
    {
      "RequestUri": "https://management.azure.com/subscriptions/8443df5e-8e12-4cd9-810e-c525196fecae/providers/Microsoft.Communication/locations/WESTUS2/operationStatuses/317d07fd-45d3-4197-b1ff-91e10d21a818*5E4B3B628A9D59363853FB0473CE446CE8755F3199F480B3371B98314F10732D?api-version=2023-04-01-preview",
      "RequestMethod": "GET",
      "RequestHeaders": {
        "Authorization": "Sanitized",
        "traceparent": "00-f75392c219aac4776f1afc40ff35ea56-bfce90d88acdafc5-00",
        "User-Agent": "azsdk-net-ResourceManager/1.7.0 (.NET Framework 4.8.9167.0; Microsoft Windows 10.0.22621 )",
        "x-ms-client-request-id": "53c35fc059d503c5dd23c4d16b690b29",
        "x-ms-return-client-request-id": "true"
      },
      "RequestBody": null,
      "StatusCode": 200,
      "ResponseHeaders": {
        "Cache-Control": "no-cache",
        "Content-Length": "593",
        "Content-Type": "application/json; charset=utf-8",
        "Date": "Mon, 04 Sep 2023 02:28:19 GMT",
        "ETag": "\u0022eb0027b5-0000-0100-0000-64f540be0000\u0022",
        "Expires": "-1",
        "Pragma": "no-cache",
        "Strict-Transport-Security": "max-age=31536000; includeSubDomains",
        "X-Cache": "CONFIG_NOCACHE",
        "X-Content-Type-Options": "nosniff",
        "x-ms-client-request-id": "53c35fc059d503c5dd23c4d16b690b29",
        "x-ms-correlation-request-id": "d570aa7c-6ba5-4197-b5bc-504d1cde1f91",
        "x-ms-ratelimit-remaining-subscription-reads": "11998",
        "x-ms-request-id": "9fd25a87-ee28-4d5e-b519-99aa3f19df72",
        "x-ms-routing-request-id": "CANADAEAST:20230904T022819Z:d570aa7c-6ba5-4197-b5bc-504d1cde1f91",
        "X-MSEdge-Ref": "Ref A: 041FB806338B4229B11682D8FAEE117A Ref B: CO6AA3150218037 Ref C: 2023-09-04T02:28:19Z"
      },
      "ResponseBody": {
        "id": "/subscriptions/8443df5e-8e12-4cd9-810e-c525196fecae/providers/Microsoft.Communication/locations/WESTUS2/operationStatuses/317d07fd-45d3-4197-b1ff-91e10d21a818*5E4B3B628A9D59363853FB0473CE446CE8755F3199F480B3371B98314F10732D",
        "name": "317d07fd-45d3-4197-b1ff-91e10d21a818*5E4B3B628A9D59363853FB0473CE446CE8755F3199F480B3371B98314F10732D",
        "resourceId": "/subscriptions/8443df5e-8e12-4cd9-810e-c525196fecae/resourceGroups/Communication-RG-8888/providers/Microsoft.Communication/communicationServices/communication-service-7277",
        "status": "Accepted",
        "startTime": "2023-09-04T02:28:14.3261559Z"
      }
    },
    {
      "RequestUri": "https://management.azure.com/subscriptions/8443df5e-8e12-4cd9-810e-c525196fecae/providers/Microsoft.Communication/locations/WESTUS2/operationStatuses/317d07fd-45d3-4197-b1ff-91e10d21a818*5E4B3B628A9D59363853FB0473CE446CE8755F3199F480B3371B98314F10732D?api-version=2023-04-01-preview",
      "RequestMethod": "GET",
      "RequestHeaders": {
        "Authorization": "Sanitized",
        "traceparent": "00-f75392c219aac4776f1afc40ff35ea56-4e8d87815b82b915-00",
        "User-Agent": "azsdk-net-ResourceManager/1.7.0 (.NET Framework 4.8.9167.0; Microsoft Windows 10.0.22621 )",
        "x-ms-client-request-id": "2eb6ef07753c2e2395f16b75124a0f29",
        "x-ms-return-client-request-id": "true"
      },
      "RequestBody": null,
      "StatusCode": 200,
      "ResponseHeaders": {
        "Cache-Control": "no-cache",
        "Content-Length": "593",
        "Content-Type": "application/json; charset=utf-8",
        "Date": "Mon, 04 Sep 2023 02:28:21 GMT",
        "ETag": "\u0022eb0027b5-0000-0100-0000-64f540be0000\u0022",
        "Expires": "-1",
        "Pragma": "no-cache",
        "Strict-Transport-Security": "max-age=31536000; includeSubDomains",
        "X-Cache": "CONFIG_NOCACHE",
        "X-Content-Type-Options": "nosniff",
        "x-ms-client-request-id": "2eb6ef07753c2e2395f16b75124a0f29",
        "x-ms-correlation-request-id": "a92df5a7-63a5-4a13-b71b-86ba197d23f7",
        "x-ms-ratelimit-remaining-subscription-reads": "11997",
        "x-ms-request-id": "ecc764be-c968-4619-847d-f6cb067cfd21",
        "x-ms-routing-request-id": "CANADAEAST:20230904T022821Z:a92df5a7-63a5-4a13-b71b-86ba197d23f7",
        "X-MSEdge-Ref": "Ref A: 5F8958C7B7204F628EE24C0F32FB1A3D Ref B: CO6AA3150218037 Ref C: 2023-09-04T02:28:21Z"
      },
      "ResponseBody": {
        "id": "/subscriptions/8443df5e-8e12-4cd9-810e-c525196fecae/providers/Microsoft.Communication/locations/WESTUS2/operationStatuses/317d07fd-45d3-4197-b1ff-91e10d21a818*5E4B3B628A9D59363853FB0473CE446CE8755F3199F480B3371B98314F10732D",
        "name": "317d07fd-45d3-4197-b1ff-91e10d21a818*5E4B3B628A9D59363853FB0473CE446CE8755F3199F480B3371B98314F10732D",
        "resourceId": "/subscriptions/8443df5e-8e12-4cd9-810e-c525196fecae/resourceGroups/Communication-RG-8888/providers/Microsoft.Communication/communicationServices/communication-service-7277",
        "status": "Accepted",
        "startTime": "2023-09-04T02:28:14.3261559Z"
      }
    },
    {
      "RequestUri": "https://management.azure.com/subscriptions/8443df5e-8e12-4cd9-810e-c525196fecae/providers/Microsoft.Communication/locations/WESTUS2/operationStatuses/317d07fd-45d3-4197-b1ff-91e10d21a818*5E4B3B628A9D59363853FB0473CE446CE8755F3199F480B3371B98314F10732D?api-version=2023-04-01-preview",
      "RequestMethod": "GET",
      "RequestHeaders": {
        "Authorization": "Sanitized",
        "traceparent": "00-f75392c219aac4776f1afc40ff35ea56-799784f466b871e8-00",
        "User-Agent": "azsdk-net-ResourceManager/1.7.0 (.NET Framework 4.8.9167.0; Microsoft Windows 10.0.22621 )",
        "x-ms-client-request-id": "a2141299342e0b60ebf01f7de51db678",
        "x-ms-return-client-request-id": "true"
      },
      "RequestBody": null,
      "StatusCode": 200,
      "ResponseHeaders": {
        "Cache-Control": "no-cache",
        "Content-Length": "593",
        "Content-Type": "application/json; charset=utf-8",
        "Date": "Mon, 04 Sep 2023 02:28:25 GMT",
        "ETag": "\u0022eb0027b5-0000-0100-0000-64f540be0000\u0022",
        "Expires": "-1",
        "Pragma": "no-cache",
        "Strict-Transport-Security": "max-age=31536000; includeSubDomains",
        "X-Cache": "CONFIG_NOCACHE",
        "X-Content-Type-Options": "nosniff",
        "x-ms-client-request-id": "a2141299342e0b60ebf01f7de51db678",
        "x-ms-correlation-request-id": "b70fa5ca-794d-442d-a251-7dc6a7f62daf",
        "x-ms-ratelimit-remaining-subscription-reads": "11997",
        "x-ms-request-id": "91d925bf-dcbe-4e6d-99e5-315be601c17e",
        "x-ms-routing-request-id": "CANADAEAST:20230904T022825Z:b70fa5ca-794d-442d-a251-7dc6a7f62daf",
        "X-MSEdge-Ref": "Ref A: 95ACA28548774E4B93A87629EAF6B453 Ref B: CO6AA3150218037 Ref C: 2023-09-04T02:28:25Z"
      },
      "ResponseBody": {
        "id": "/subscriptions/8443df5e-8e12-4cd9-810e-c525196fecae/providers/Microsoft.Communication/locations/WESTUS2/operationStatuses/317d07fd-45d3-4197-b1ff-91e10d21a818*5E4B3B628A9D59363853FB0473CE446CE8755F3199F480B3371B98314F10732D",
        "name": "317d07fd-45d3-4197-b1ff-91e10d21a818*5E4B3B628A9D59363853FB0473CE446CE8755F3199F480B3371B98314F10732D",
        "resourceId": "/subscriptions/8443df5e-8e12-4cd9-810e-c525196fecae/resourceGroups/Communication-RG-8888/providers/Microsoft.Communication/communicationServices/communication-service-7277",
        "status": "Accepted",
        "startTime": "2023-09-04T02:28:14.3261559Z"
      }
    },
    {
      "RequestUri": "https://management.azure.com/subscriptions/8443df5e-8e12-4cd9-810e-c525196fecae/providers/Microsoft.Communication/locations/WESTUS2/operationStatuses/317d07fd-45d3-4197-b1ff-91e10d21a818*5E4B3B628A9D59363853FB0473CE446CE8755F3199F480B3371B98314F10732D?api-version=2023-04-01-preview",
      "RequestMethod": "GET",
      "RequestHeaders": {
        "Authorization": "Sanitized",
        "traceparent": "00-f75392c219aac4776f1afc40ff35ea56-6cd524375e7304d9-00",
        "User-Agent": "azsdk-net-ResourceManager/1.7.0 (.NET Framework 4.8.9167.0; Microsoft Windows 10.0.22621 )",
        "x-ms-client-request-id": "03fa42c770794a253c95bde3ed50f192",
        "x-ms-return-client-request-id": "true"
      },
      "RequestBody": null,
      "StatusCode": 200,
      "ResponseHeaders": {
        "Cache-Control": "no-cache",
        "Content-Length": "593",
        "Content-Type": "application/json; charset=utf-8",
        "Date": "Mon, 04 Sep 2023 02:28:33 GMT",
        "ETag": "\u0022eb0027b5-0000-0100-0000-64f540be0000\u0022",
        "Expires": "-1",
        "Pragma": "no-cache",
        "Strict-Transport-Security": "max-age=31536000; includeSubDomains",
        "X-Cache": "CONFIG_NOCACHE",
        "X-Content-Type-Options": "nosniff",
        "x-ms-client-request-id": "03fa42c770794a253c95bde3ed50f192",
        "x-ms-correlation-request-id": "18584162-ffed-4553-bb35-cee2a03e547e",
        "x-ms-ratelimit-remaining-subscription-reads": "11996",
        "x-ms-request-id": "a0c433f7-3df9-48aa-9327-f33db6b5b045",
        "x-ms-routing-request-id": "CANADAEAST:20230904T022833Z:18584162-ffed-4553-bb35-cee2a03e547e",
        "X-MSEdge-Ref": "Ref A: FAD83CA2A2E74D9680CB655E494976DC Ref B: CO6AA3150218037 Ref C: 2023-09-04T02:28:33Z"
      },
      "ResponseBody": {
        "id": "/subscriptions/8443df5e-8e12-4cd9-810e-c525196fecae/providers/Microsoft.Communication/locations/WESTUS2/operationStatuses/317d07fd-45d3-4197-b1ff-91e10d21a818*5E4B3B628A9D59363853FB0473CE446CE8755F3199F480B3371B98314F10732D",
        "name": "317d07fd-45d3-4197-b1ff-91e10d21a818*5E4B3B628A9D59363853FB0473CE446CE8755F3199F480B3371B98314F10732D",
        "resourceId": "/subscriptions/8443df5e-8e12-4cd9-810e-c525196fecae/resourceGroups/Communication-RG-8888/providers/Microsoft.Communication/communicationServices/communication-service-7277",
        "status": "Accepted",
        "startTime": "2023-09-04T02:28:14.3261559Z"
      }
    },
    {
      "RequestUri": "https://management.azure.com/subscriptions/8443df5e-8e12-4cd9-810e-c525196fecae/providers/Microsoft.Communication/locations/WESTUS2/operationStatuses/317d07fd-45d3-4197-b1ff-91e10d21a818*5E4B3B628A9D59363853FB0473CE446CE8755F3199F480B3371B98314F10732D?api-version=2023-04-01-preview",
      "RequestMethod": "GET",
      "RequestHeaders": {
        "Authorization": "Sanitized",
        "traceparent": "00-f75392c219aac4776f1afc40ff35ea56-e3b5c901dfc13f7b-00",
        "User-Agent": "azsdk-net-ResourceManager/1.7.0 (.NET Framework 4.8.9167.0; Microsoft Windows 10.0.22621 )",
        "x-ms-client-request-id": "59379b136855d2fa8eaa434b56a54878",
        "x-ms-return-client-request-id": "true"
      },
      "RequestBody": null,
      "StatusCode": 200,
      "ResponseHeaders": {
        "Cache-Control": "no-cache",
        "Content-Length": "593",
        "Content-Type": "application/json; charset=utf-8",
        "Date": "Mon, 04 Sep 2023 02:28:50 GMT",
        "ETag": "\u0022eb0027b5-0000-0100-0000-64f540be0000\u0022",
        "Expires": "-1",
        "Pragma": "no-cache",
        "Strict-Transport-Security": "max-age=31536000; includeSubDomains",
        "X-Cache": "CONFIG_NOCACHE",
        "X-Content-Type-Options": "nosniff",
        "x-ms-client-request-id": "59379b136855d2fa8eaa434b56a54878",
        "x-ms-correlation-request-id": "6f9c6d5d-bc9c-47f2-9001-38ffb30922ad",
        "x-ms-ratelimit-remaining-subscription-reads": "11995",
        "x-ms-request-id": "81845484-9c65-4a6b-bc37-9c460557119f",
        "x-ms-routing-request-id": "CANADAEAST:20230904T022850Z:6f9c6d5d-bc9c-47f2-9001-38ffb30922ad",
        "X-MSEdge-Ref": "Ref A: A6975E71E38848DBB2AF4C3C9D3B98EC Ref B: CO6AA3150218037 Ref C: 2023-09-04T02:28:49Z"
      },
      "ResponseBody": {
        "id": "/subscriptions/8443df5e-8e12-4cd9-810e-c525196fecae/providers/Microsoft.Communication/locations/WESTUS2/operationStatuses/317d07fd-45d3-4197-b1ff-91e10d21a818*5E4B3B628A9D59363853FB0473CE446CE8755F3199F480B3371B98314F10732D",
        "name": "317d07fd-45d3-4197-b1ff-91e10d21a818*5E4B3B628A9D59363853FB0473CE446CE8755F3199F480B3371B98314F10732D",
        "resourceId": "/subscriptions/8443df5e-8e12-4cd9-810e-c525196fecae/resourceGroups/Communication-RG-8888/providers/Microsoft.Communication/communicationServices/communication-service-7277",
        "status": "Accepted",
        "startTime": "2023-09-04T02:28:14.3261559Z"
      }
    },
    {
      "RequestUri": "https://management.azure.com/subscriptions/8443df5e-8e12-4cd9-810e-c525196fecae/providers/Microsoft.Communication/locations/WESTUS2/operationStatuses/317d07fd-45d3-4197-b1ff-91e10d21a818*5E4B3B628A9D59363853FB0473CE446CE8755F3199F480B3371B98314F10732D?api-version=2023-04-01-preview",
      "RequestMethod": "GET",
      "RequestHeaders": {
        "Authorization": "Sanitized",
        "traceparent": "00-f75392c219aac4776f1afc40ff35ea56-30c10a262d212cb6-00",
        "User-Agent": "azsdk-net-ResourceManager/1.7.0 (.NET Framework 4.8.9167.0; Microsoft Windows 10.0.22621 )",
        "x-ms-client-request-id": "d0adf33b0b4f28b0ecca6599767c1d9b",
        "x-ms-return-client-request-id": "true"
      },
      "RequestBody": null,
      "StatusCode": 200,
      "ResponseHeaders": {
        "Cache-Control": "no-cache",
        "Content-Length": "612",
        "Content-Type": "application/json; charset=utf-8",
        "Date": "Mon, 04 Sep 2023 02:29:22 GMT",
        "ETag": "\u00225f078e33-0000-0700-0000-64f541000000\u0022",
        "Expires": "-1",
        "Pragma": "no-cache",
        "Strict-Transport-Security": "max-age=31536000; includeSubDomains",
        "X-Cache": "CONFIG_NOCACHE",
        "X-Content-Type-Options": "nosniff",
        "x-ms-client-request-id": "d0adf33b0b4f28b0ecca6599767c1d9b",
        "x-ms-correlation-request-id": "dbcd842b-2e6c-463a-8a5f-09d58757a534",
        "x-ms-ratelimit-remaining-subscription-reads": "11996",
        "x-ms-request-id": "bec8dd76-6f68-433b-adee-e94fc5f86663",
        "x-ms-routing-request-id": "CANADAEAST:20230904T022922Z:dbcd842b-2e6c-463a-8a5f-09d58757a534",
        "X-MSEdge-Ref": "Ref A: 761633559EB44B92B17B884225775CC2 Ref B: CO6AA3150218037 Ref C: 2023-09-04T02:29:22Z"
      },
      "ResponseBody": {
        "id": "/subscriptions/8443df5e-8e12-4cd9-810e-c525196fecae/providers/Microsoft.Communication/locations/WESTUS2/operationStatuses/317d07fd-45d3-4197-b1ff-91e10d21a818*5E4B3B628A9D59363853FB0473CE446CE8755F3199F480B3371B98314F10732D",
        "name": "317d07fd-45d3-4197-b1ff-91e10d21a818*5E4B3B628A9D59363853FB0473CE446CE8755F3199F480B3371B98314F10732D",
        "resourceId": "/subscriptions/8443df5e-8e12-4cd9-810e-c525196fecae/resourceGroups/Communication-RG-8888/providers/Microsoft.Communication/communicationServices/communication-service-7277",
        "status": "Succeeded",
        "startTime": "2023-09-04T02:28:14.3261559Z",
        "properties": null
      }
    },
    {
      "RequestUri": "https://management.azure.com/subscriptions/8443df5e-8e12-4cd9-810e-c525196fecae/resourceGroups/Communication-RG-8888/providers/Microsoft.Communication/communicationServices/communication-service-7277?api-version=2023-04-01-preview",
      "RequestMethod": "GET",
      "RequestHeaders": {
        "Authorization": "Sanitized",
        "traceparent": "00-f75392c219aac4776f1afc40ff35ea56-82d7fc6effc599fc-00",
        "User-Agent": "azsdk-net-ResourceManager/1.7.0 (.NET Framework 4.8.9167.0; Microsoft Windows 10.0.22621 )",
        "x-ms-client-request-id": "4a698cff5ce55e22472875ce2ddaf396",
        "x-ms-return-client-request-id": "true"
      },
      "RequestBody": null,
      "StatusCode": 200,
      "ResponseHeaders": {
        "Cache-Control": "no-cache",
        "Content-Length": "794",
        "Content-Type": "application/json; charset=utf-8",
        "Date": "Mon, 04 Sep 2023 02:29:22 GMT",
        "ETag": "\u00220c008044-0000-0700-0000-64f540ca0000\u0022",
        "Expires": "-1",
        "Pragma": "no-cache",
        "Strict-Transport-Security": "max-age=31536000; includeSubDomains",
        "X-Cache": "CONFIG_NOCACHE",
        "X-Content-Type-Options": "nosniff",
        "x-ms-client-request-id": "4a698cff5ce55e22472875ce2ddaf396",
        "x-ms-correlation-request-id": "78f12ee5-3c1d-46d6-8b95-4692d4b09035",
        "x-ms-providerhub-traffic": "True",
        "x-ms-ratelimit-remaining-subscription-reads": "11994",
        "x-ms-request-id": "04ca569e-d49b-48eb-b94d-f304f96a3b83",
        "x-ms-routing-request-id": "CANADAEAST:20230904T022922Z:78f12ee5-3c1d-46d6-8b95-4692d4b09035",
        "X-MSEdge-Ref": "Ref A: 036018F46CC04DAF85DA0AE36CFD8228 Ref B: CO6AA3150218037 Ref C: 2023-09-04T02:29:22Z"
      },
      "ResponseBody": {
        "id": "/subscriptions/8443df5e-8e12-4cd9-810e-c525196fecae/resourceGroups/Communication-RG-8888/providers/Microsoft.Communication/communicationServices/communication-service-7277",
        "name": "communication-service-7277",
        "type": "microsoft.communication/communicationservices",
        "location": "global",
        "tags": {},
        "systemData": {
          "createdBy": "00226471-3a95-403e-98c0-dca45fecd307",
          "createdByType": "Application",
          "createdAt": "2023-09-04T02:28:13.7718816Z",
          "lastModifiedBy": "00226471-3a95-403e-98c0-dca45fecd307",
          "lastModifiedByType": "Application",
          "lastModifiedAt": "2023-09-04T02:28:13.7718816Z"
        },
        "properties": {
          "provisioningState": "Succeeded",
          "hostName": "communication-service-7277.unitedstates.communication.azure.com",
          "immutableResourceId": "93552d2a-b10f-429a-a102-bc87ee040330",
          "dataLocation": "UnitedStates"
        }
      }
    },
    {
      "RequestUri": "https://management.azure.com/subscriptions/8443df5e-8e12-4cd9-810e-c525196fecae/resourceGroups/Communication-RG-8888/providers/Microsoft.Communication/communicationServices/communication-service-7277?api-version=2023-04-01-preview",
      "RequestMethod": "GET",
      "RequestHeaders": {
        "Accept": "application/json",
        "Authorization": "Sanitized",
        "traceparent": "00-3008e448e59244b887c8f12fb708b8af-24354c9c14b4e8a2-00",
        "User-Agent": "azsdk-net-ResourceManager.Communication/1.2.0-alpha.20230902.1 (.NET Framework 4.8.9167.0; Microsoft Windows 10.0.22621 )",
        "x-ms-client-request-id": "faa8454c20a20743ea0f6d8b03615c12",
        "x-ms-return-client-request-id": "true"
      },
      "RequestBody": null,
      "StatusCode": 200,
      "ResponseHeaders": {
        "Cache-Control": "no-cache",
        "Content-Length": "794",
        "Content-Type": "application/json; charset=utf-8",
        "Date": "Mon, 04 Sep 2023 02:29:23 GMT",
        "ETag": "\u00220c008044-0000-0700-0000-64f540ca0000\u0022",
        "Expires": "-1",
        "Pragma": "no-cache",
        "Strict-Transport-Security": "max-age=31536000; includeSubDomains",
        "X-Cache": "CONFIG_NOCACHE",
        "X-Content-Type-Options": "nosniff",
        "x-ms-client-request-id": "faa8454c20a20743ea0f6d8b03615c12",
        "x-ms-correlation-request-id": "c37c87cc-1ec4-4244-a3da-8ed16cab0044",
        "x-ms-providerhub-traffic": "True",
        "x-ms-ratelimit-remaining-subscription-reads": "11995",
        "x-ms-request-id": "a2f1986f-6b78-4ae2-b09e-55e20ed83abb",
        "x-ms-routing-request-id": "CANADAEAST:20230904T022923Z:c37c87cc-1ec4-4244-a3da-8ed16cab0044",
        "X-MSEdge-Ref": "Ref A: CEFCB558DDAC4E64B9D972D5052E2201 Ref B: CO6AA3150218037 Ref C: 2023-09-04T02:29:22Z"
      },
      "ResponseBody": {
        "id": "/subscriptions/8443df5e-8e12-4cd9-810e-c525196fecae/resourceGroups/Communication-RG-8888/providers/Microsoft.Communication/communicationServices/communication-service-7277",
        "name": "communication-service-7277",
        "type": "microsoft.communication/communicationservices",
        "location": "global",
        "tags": {},
        "systemData": {
          "createdBy": "00226471-3a95-403e-98c0-dca45fecd307",
          "createdByType": "Application",
          "createdAt": "2023-09-04T02:28:13.7718816Z",
          "lastModifiedBy": "00226471-3a95-403e-98c0-dca45fecd307",
          "lastModifiedByType": "Application",
          "lastModifiedAt": "2023-09-04T02:28:13.7718816Z"
        },
        "properties": {
          "provisioningState": "Succeeded",
          "hostName": "communication-service-7277.unitedstates.communication.azure.com",
          "immutableResourceId": "93552d2a-b10f-429a-a102-bc87ee040330",
          "dataLocation": "UnitedStates"
        }
      }
    },
    {
      "RequestUri": "https://management.azure.com/subscriptions/8443df5e-8e12-4cd9-810e-c525196fecae/resourceGroups/Communication-RG-8888/providers/Microsoft.Communication/communicationServices/communication-service-7277?api-version=2023-04-01-preview",
      "RequestMethod": "PATCH",
      "RequestHeaders": {
        "Accept": "application/json",
        "Authorization": "Sanitized",
        "Content-Length": "48",
        "Content-Type": "application/json",
        "traceparent": "00-3008e448e59244b887c8f12fb708b8af-8b100b698158d6cd-00",
        "User-Agent": "azsdk-net-ResourceManager.Communication/1.2.0-alpha.20230902.1 (.NET Framework 4.8.9167.0; Microsoft Windows 10.0.22621 )",
        "x-ms-client-request-id": "ca4ba88dfe3cdf92d04f882796e2fb12",
        "x-ms-return-client-request-id": "true"
      },
      "RequestBody": {
        "tags": {
          "testkey": "testvalue"
        },
        "properties": {}
      },
      "StatusCode": 200,
      "ResponseHeaders": {
        "Cache-Control": "no-cache",
        "Content-Length": "814",
        "Content-Type": "application/json; charset=utf-8",
        "Date": "Mon, 04 Sep 2023 02:29:24 GMT",
        "ETag": "\u00223b0e0617-0000-0100-0000-64f541040000\u0022",
        "Expires": "-1",
        "mise-correlation-id": "07f60254-762e-4eed-b897-f22080e1208f",
        "Pragma": "no-cache",
        "Request-Context": "appId=",
        "Strict-Transport-Security": "max-age=31536000; includeSubDomains",
        "X-Cache": "CONFIG_NOCACHE",
        "X-Content-Type-Options": "nosniff",
        "x-ms-client-request-id": "ca4ba88dfe3cdf92d04f882796e2fb12",
        "x-ms-correlation-request-id": "74cd6212-0d6d-4205-9285-5fba975c2266",
        "x-ms-providerhub-traffic": "True",
        "x-ms-ratelimit-remaining-subscription-writes": "1198",
        "x-ms-request-id": "f5cf483e-fef6-4be3-a64b-67261aa46aed",
        "x-ms-routing-request-id": "CANADAEAST:20230904T022925Z:74cd6212-0d6d-4205-9285-5fba975c2266",
        "X-MSEdge-Ref": "Ref A: 1F32321434E141E9B1E0AFBFEF5DEFA8 Ref B: CO6AA3150218037 Ref C: 2023-09-04T02:29:23Z"
      },
      "ResponseBody": {
        "id": "/subscriptions/8443df5e-8e12-4cd9-810e-c525196fecae/resourceGroups/Communication-RG-8888/providers/Microsoft.Communication/communicationServices/communication-service-7277",
        "name": "communication-service-7277",
        "type": "microsoft.communication/communicationservices",
        "location": "global",
        "tags": {
          "testkey": "testvalue"
        },
        "systemData": {
          "createdBy": "00226471-3a95-403e-98c0-dca45fecd307",
          "createdByType": "Application",
          "createdAt": "2023-09-04T02:28:13.7718816Z",
          "lastModifiedBy": "00226471-3a95-403e-98c0-dca45fecd307",
          "lastModifiedByType": "Application",
          "lastModifiedAt": "2023-09-04T02:29:23.663722Z"
        },
        "properties": {
          "hostName": "communication-service-7277.unitedstates.communication.azure.com",
          "immutableResourceId": "93552d2a-b10f-429a-a102-bc87ee040330",
          "dataLocation": "UnitedStates",
          "provisioningState": "Succeeded"
        }
      }
    },
    {
      "RequestUri": "https://management.azure.com/subscriptions/8443df5e-8e12-4cd9-810e-c525196fecae/resourceGroups/Communication-RG-8888/providers/Microsoft.Communication/communicationServices/communication-service-7277?api-version=2023-04-01-preview",
      "RequestMethod": "GET",
      "RequestHeaders": {
        "Accept": "application/json",
        "Authorization": "Sanitized",
        "traceparent": "00-479cbe21e6bd455b3574ab2aa225c73f-1979ef2dd315917c-00",
        "User-Agent": "azsdk-net-ResourceManager.Communication/1.2.0-alpha.20230902.1 (.NET Framework 4.8.9167.0; Microsoft Windows 10.0.22621 )",
        "x-ms-client-request-id": "314ccfd622d4def848615fd6ef975be5",
        "x-ms-return-client-request-id": "true"
      },
      "RequestBody": null,
      "StatusCode": 200,
      "ResponseHeaders": {
        "Cache-Control": "no-cache",
        "Content-Length": "814",
        "Content-Type": "application/json; charset=utf-8",
        "Date": "Mon, 04 Sep 2023 02:29:25 GMT",
        "ETag": "\u00223b0e0617-0000-0100-0000-64f541040000\u0022",
        "Expires": "-1",
        "Pragma": "no-cache",
        "Strict-Transport-Security": "max-age=31536000; includeSubDomains",
        "X-Cache": "CONFIG_NOCACHE",
        "X-Content-Type-Options": "nosniff",
        "x-ms-client-request-id": "314ccfd622d4def848615fd6ef975be5",
        "x-ms-correlation-request-id": "d68e3b3c-5fff-47ce-b69e-acaded53085b",
        "x-ms-providerhub-traffic": "True",
        "x-ms-ratelimit-remaining-subscription-reads": "11994",
        "x-ms-request-id": "37e75060-6fe7-48f7-b69d-0cc8c1e7fd62",
        "x-ms-routing-request-id": "CANADAEAST:20230904T022925Z:d68e3b3c-5fff-47ce-b69e-acaded53085b",
        "X-MSEdge-Ref": "Ref A: AC707219E99B4D5C9BD90A8994E1BD13 Ref B: CO6AA3150218037 Ref C: 2023-09-04T02:29:25Z"
      },
      "ResponseBody": {
        "id": "/subscriptions/8443df5e-8e12-4cd9-810e-c525196fecae/resourceGroups/Communication-RG-8888/providers/Microsoft.Communication/communicationServices/communication-service-7277",
        "name": "communication-service-7277",
        "type": "microsoft.communication/communicationservices",
        "location": "global",
        "tags": {
          "testkey": "testvalue"
        },
        "systemData": {
          "createdBy": "00226471-3a95-403e-98c0-dca45fecd307",
          "createdByType": "Application",
          "createdAt": "2023-09-04T02:28:13.7718816Z",
          "lastModifiedBy": "00226471-3a95-403e-98c0-dca45fecd307",
          "lastModifiedByType": "Application",
          "lastModifiedAt": "2023-09-04T02:29:23.663722Z"
        },
        "properties": {
          "hostName": "communication-service-7277.unitedstates.communication.azure.com",
          "immutableResourceId": "93552d2a-b10f-429a-a102-bc87ee040330",
          "dataLocation": "UnitedStates",
          "provisioningState": "Succeeded"
        }
      }
    },
    {
      "RequestUri": "https://management.azure.com/subscriptions/8443df5e-8e12-4cd9-810e-c525196fecae/resourceGroups/Communication-RG-8888/providers/Microsoft.Communication/communicationServices/communication-service-7277?api-version=2023-04-01-preview",
      "RequestMethod": "GET",
      "RequestHeaders": {
        "Accept": "application/json",
        "Authorization": "Sanitized",
        "traceparent": "00-6a9c34aba8eff1dc64fbe4674639207c-b433dc84a6219979-00",
        "User-Agent": "azsdk-net-ResourceManager.Communication/1.2.0-alpha.20230902.1 (.NET Framework 4.8.9167.0; Microsoft Windows 10.0.22621 )",
        "x-ms-client-request-id": "844063cc298e4d59b2c82a53981c7108",
        "x-ms-return-client-request-id": "true"
      },
      "RequestBody": null,
      "StatusCode": 200,
      "ResponseHeaders": {
        "Cache-Control": "no-cache",
        "Content-Length": "814",
        "Content-Type": "application/json; charset=utf-8",
        "Date": "Mon, 04 Sep 2023 02:29:25 GMT",
        "ETag": "\u00223b0e0617-0000-0100-0000-64f541040000\u0022",
        "Expires": "-1",
        "Pragma": "no-cache",
        "Strict-Transport-Security": "max-age=31536000; includeSubDomains",
        "X-Cache": "CONFIG_NOCACHE",
        "X-Content-Type-Options": "nosniff",
        "x-ms-client-request-id": "844063cc298e4d59b2c82a53981c7108",
        "x-ms-correlation-request-id": "0641ca8b-1971-40e4-bec3-042e4982b045",
        "x-ms-providerhub-traffic": "True",
        "x-ms-ratelimit-remaining-subscription-reads": "11993",
        "x-ms-request-id": "131c8cc3-353f-452e-a66b-cb3e6ff37657",
        "x-ms-routing-request-id": "CANADAEAST:20230904T022925Z:0641ca8b-1971-40e4-bec3-042e4982b045",
        "X-MSEdge-Ref": "Ref A: B35D8C01466E4E3C85BB2B1CB8F1AAE6 Ref B: CO6AA3150218037 Ref C: 2023-09-04T02:29:25Z"
      },
      "ResponseBody": {
        "id": "/subscriptions/8443df5e-8e12-4cd9-810e-c525196fecae/resourceGroups/Communication-RG-8888/providers/Microsoft.Communication/communicationServices/communication-service-7277",
        "name": "communication-service-7277",
        "type": "microsoft.communication/communicationservices",
        "location": "global",
        "tags": {
          "testkey": "testvalue"
        },
        "systemData": {
          "createdBy": "00226471-3a95-403e-98c0-dca45fecd307",
          "createdByType": "Application",
          "createdAt": "2023-09-04T02:28:13.7718816Z",
          "lastModifiedBy": "00226471-3a95-403e-98c0-dca45fecd307",
          "lastModifiedByType": "Application",
          "lastModifiedAt": "2023-09-04T02:29:23.663722Z"
        },
        "properties": {
          "hostName": "communication-service-7277.unitedstates.communication.azure.com",
          "immutableResourceId": "93552d2a-b10f-429a-a102-bc87ee040330",
          "dataLocation": "UnitedStates",
          "provisioningState": "Succeeded"
        }
      }
    },
    {
      "RequestUri": "https://management.azure.com/subscriptions/8443df5e-8e12-4cd9-810e-c525196fecae/resourceGroups/Communication-RG-8888/providers/Microsoft.Communication/communicationServices/communication-service-7277?api-version=2023-04-01-preview",
      "RequestMethod": "PATCH",
      "RequestHeaders": {
        "Accept": "application/json",
        "Authorization": "Sanitized",
        "Content-Length": "54",
        "Content-Type": "application/json",
        "traceparent": "00-6a9c34aba8eff1dc64fbe4674639207c-9ffff94aa080299e-00",
        "User-Agent": "azsdk-net-ResourceManager.Communication/1.2.0-alpha.20230902.1 (.NET Framework 4.8.9167.0; Microsoft Windows 10.0.22621 )",
        "x-ms-client-request-id": "33b45a132a156a3db06d81da9fbcef38",
        "x-ms-return-client-request-id": "true"
      },
      "RequestBody": {
        "tags": {
          "newtestkey": "newtestvalue"
        },
        "properties": {}
      },
      "StatusCode": 200,
      "ResponseHeaders": {
        "Cache-Control": "no-cache",
        "Content-Length": "821",
        "Content-Type": "application/json; charset=utf-8",
        "Date": "Mon, 04 Sep 2023 02:29:27 GMT",
        "ETag": "\u00223b0e0917-0000-0100-0000-64f541060000\u0022",
        "Expires": "-1",
        "mise-correlation-id": "753a53dc-1a11-46de-a27e-72aaf35bbed7",
        "Pragma": "no-cache",
        "Request-Context": "appId=",
        "Strict-Transport-Security": "max-age=31536000; includeSubDomains",
        "X-Cache": "CONFIG_NOCACHE",
        "X-Content-Type-Options": "nosniff",
        "x-ms-client-request-id": "33b45a132a156a3db06d81da9fbcef38",
        "x-ms-correlation-request-id": "197e2d98-0c95-43d8-88cb-4728c00a49a6",
        "x-ms-providerhub-traffic": "True",
        "x-ms-ratelimit-remaining-subscription-writes": "1199",
        "x-ms-request-id": "7e144bd4-71d5-4342-8ced-1c1587c23ed3",
        "x-ms-routing-request-id": "CANADAEAST:20230904T022927Z:197e2d98-0c95-43d8-88cb-4728c00a49a6",
        "X-MSEdge-Ref": "Ref A: FA7C6FB2C14D446D9B5C2D1FC4E7263F Ref B: CO6AA3150218037 Ref C: 2023-09-04T02:29:25Z"
      },
      "ResponseBody": {
        "id": "/subscriptions/8443df5e-8e12-4cd9-810e-c525196fecae/resourceGroups/Communication-RG-8888/providers/Microsoft.Communication/communicationServices/communication-service-7277",
        "name": "communication-service-7277",
        "type": "microsoft.communication/communicationservices",
        "location": "global",
        "tags": {
          "newtestkey": "newtestvalue"
        },
        "systemData": {
          "createdBy": "00226471-3a95-403e-98c0-dca45fecd307",
          "createdByType": "Application",
          "createdAt": "2023-09-04T02:28:13.7718816Z",
          "lastModifiedBy": "00226471-3a95-403e-98c0-dca45fecd307",
          "lastModifiedByType": "Application",
          "lastModifiedAt": "2023-09-04T02:29:25.6753773Z"
        },
        "properties": {
          "hostName": "communication-service-7277.unitedstates.communication.azure.com",
          "immutableResourceId": "93552d2a-b10f-429a-a102-bc87ee040330",
          "dataLocation": "UnitedStates",
          "provisioningState": "Succeeded"
        }
      }
    },
    {
      "RequestUri": "https://management.azure.com/subscriptions/8443df5e-8e12-4cd9-810e-c525196fecae/resourceGroups/Communication-RG-8888/providers/Microsoft.Communication/communicationServices/communication-service-7277?api-version=2023-04-01-preview",
      "RequestMethod": "GET",
      "RequestHeaders": {
        "Accept": "application/json",
        "Authorization": "Sanitized",
        "traceparent": "00-b71015e46aaa6b294ef8a9bf6845eb42-eb203bf671ab77ab-00",
        "User-Agent": "azsdk-net-ResourceManager.Communication/1.2.0-alpha.20230902.1 (.NET Framework 4.8.9167.0; Microsoft Windows 10.0.22621 )",
        "x-ms-client-request-id": "335ba3f376a1ad8475fe7e0bf8a4462c",
        "x-ms-return-client-request-id": "true"
      },
      "RequestBody": null,
      "StatusCode": 200,
      "ResponseHeaders": {
        "Cache-Control": "no-cache",
        "Content-Length": "821",
        "Content-Type": "application/json; charset=utf-8",
        "Date": "Mon, 04 Sep 2023 02:29:27 GMT",
        "ETag": "\u00223b0e0917-0000-0100-0000-64f541060000\u0022",
        "Expires": "-1",
        "Pragma": "no-cache",
        "Strict-Transport-Security": "max-age=31536000; includeSubDomains",
        "X-Cache": "CONFIG_NOCACHE",
        "X-Content-Type-Options": "nosniff",
        "x-ms-client-request-id": "335ba3f376a1ad8475fe7e0bf8a4462c",
        "x-ms-correlation-request-id": "b3282be2-cbc2-479c-b53d-04eb080798e7",
        "x-ms-providerhub-traffic": "True",
        "x-ms-ratelimit-remaining-subscription-reads": "11992",
        "x-ms-request-id": "641034f5-d4aa-4a75-8b04-725ae86d4c09",
        "x-ms-routing-request-id": "CANADAEAST:20230904T022927Z:b3282be2-cbc2-479c-b53d-04eb080798e7",
        "X-MSEdge-Ref": "Ref A: 6C3516C92BCB4E40B76ED50D610F5A48 Ref B: CO6AA3150218037 Ref C: 2023-09-04T02:29:27Z"
      },
      "ResponseBody": {
        "id": "/subscriptions/8443df5e-8e12-4cd9-810e-c525196fecae/resourceGroups/Communication-RG-8888/providers/Microsoft.Communication/communicationServices/communication-service-7277",
        "name": "communication-service-7277",
        "type": "microsoft.communication/communicationservices",
        "location": "global",
        "tags": {
          "newtestkey": "newtestvalue"
        },
        "systemData": {
          "createdBy": "00226471-3a95-403e-98c0-dca45fecd307",
          "createdByType": "Application",
          "createdAt": "2023-09-04T02:28:13.7718816Z",
          "lastModifiedBy": "00226471-3a95-403e-98c0-dca45fecd307",
          "lastModifiedByType": "Application",
          "lastModifiedAt": "2023-09-04T02:29:25.6753773Z"
        },
        "properties": {
          "hostName": "communication-service-7277.unitedstates.communication.azure.com",
          "immutableResourceId": "93552d2a-b10f-429a-a102-bc87ee040330",
          "dataLocation": "UnitedStates",
          "provisioningState": "Succeeded"
        }
      }
    },
    {
      "RequestUri": "https://management.azure.com/subscriptions/8443df5e-8e12-4cd9-810e-c525196fecae/resourceGroups/Communication-RG-8888/providers/Microsoft.Communication/communicationServices?api-version=2023-04-01-preview",
      "RequestMethod": "GET",
      "RequestHeaders": {
        "Accept": "application/json",
        "Authorization": "Sanitized",
        "traceparent": "00-b3fd4fc04e914300118bef699500520c-7f9573fc2c015ce6-00",
        "User-Agent": "azsdk-net-ResourceManager.Communication/1.2.0-alpha.20230902.1 (.NET Framework 4.8.9167.0; Microsoft Windows 10.0.22621 )",
        "x-ms-client-request-id": "94c257f027e2a1d025d5d421a77eaef6",
        "x-ms-return-client-request-id": "true"
      },
      "RequestBody": null,
      "StatusCode": 200,
      "ResponseHeaders": {
        "Cache-Control": "no-cache",
        "Content-Length": "833",
        "Content-Type": "application/json; charset=utf-8",
        "Date": "Mon, 04 Sep 2023 02:29:27 GMT",
        "Expires": "-1",
        "Pragma": "no-cache",
        "Strict-Transport-Security": "max-age=31536000; includeSubDomains",
        "X-Cache": "CONFIG_NOCACHE",
        "X-Content-Type-Options": "nosniff",
        "x-ms-client-request-id": "94c257f027e2a1d025d5d421a77eaef6",
        "x-ms-correlation-request-id": "36a51dda-22c7-479d-834f-e69a357dfa30",
        "x-ms-providerhub-traffic": "True",
        "x-ms-ratelimit-remaining-subscription-reads": "11993",
        "x-ms-request-id": "c65d20cc-8fb1-4a5e-89a5-18841a33616d",
        "x-ms-routing-request-id": "CANADAEAST:20230904T022927Z:36a51dda-22c7-479d-834f-e69a357dfa30",
        "X-MSEdge-Ref": "Ref A: DDFE07CADF9E43F3B16BF99E6DB3DA34 Ref B: CO6AA3150218037 Ref C: 2023-09-04T02:29:27Z"
      },
      "ResponseBody": {
        "value": [
          {
            "id": "/subscriptions/8443df5e-8e12-4cd9-810e-c525196fecae/resourceGroups/Communication-RG-8888/providers/Microsoft.Communication/communicationServices/communication-service-7277",
            "name": "communication-service-7277",
            "type": "microsoft.communication/communicationservices",
            "location": "global",
            "tags": {
              "newtestkey": "newtestvalue"
            },
            "systemData": {
              "createdBy": "00226471-3a95-403e-98c0-dca45fecd307",
              "createdByType": "Application",
              "createdAt": "2023-09-04T02:28:13.7718816Z",
              "lastModifiedBy": "00226471-3a95-403e-98c0-dca45fecd307",
              "lastModifiedByType": "Application",
              "lastModifiedAt": "2023-09-04T02:29:25.6753773Z"
            },
            "properties": {
              "hostName": "communication-service-7277.unitedstates.communication.azure.com",
              "immutableResourceId": "93552d2a-b10f-429a-a102-bc87ee040330",
              "dataLocation": "UnitedStates",
              "provisioningState": "Succeeded"
            }
          }
        ]
      }
    },
    {
      "RequestUri": "https://management.azure.com/subscriptions/8443df5e-8e12-4cd9-810e-c525196fecae/resourceGroups/Communication-RG-8888/providers/Microsoft.Communication/communicationServices/communication-service-7277?api-version=2023-04-01-preview",
      "RequestMethod": "DELETE",
      "RequestHeaders": {
        "Accept": "application/json",
        "Authorization": "Sanitized",
        "traceparent": "00-c2e958ff32e97dc4c3336062ce1eadd9-a7d73ba080f83361-00",
        "User-Agent": "azsdk-net-ResourceManager.Communication/1.2.0-alpha.20230902.1 (.NET Framework 4.8.9167.0; Microsoft Windows 10.0.22621 )",
        "x-ms-client-request-id": "f45ff1d93dc19d66d607be17ac31720b",
        "x-ms-return-client-request-id": "true"
      },
      "RequestBody": null,
      "StatusCode": 202,
      "ResponseHeaders": {
        "Azure-AsyncOperation": "https://management.azure.com/subscriptions/8443df5e-8e12-4cd9-810e-c525196fecae/providers/Microsoft.Communication/locations/WESTUS2/operationStatuses/c484244e-235c-43ae-ab1d-a0095606939d*5E4B3B628A9D59363853FB0473CE446CE8755F3199F480B3371B98314F10732D?api-version=2023-04-01-preview",
        "Cache-Control": "no-cache",
        "Content-Length": "4",
        "Content-Type": "application/json; charset=utf-8",
        "Date": "Mon, 04 Sep 2023 02:29:28 GMT",
        "ETag": "\u00223b0ec117-0000-0100-0000-64f541080000\u0022",
        "Expires": "-1",
        "Location": "https://management.azure.com/subscriptions/8443df5e-8e12-4cd9-810e-c525196fecae/providers/Microsoft.Communication/locations/WESTUS2/operationStatuses/c484244e-235c-43ae-ab1d-a0095606939d*5E4B3B628A9D59363853FB0473CE446CE8755F3199F480B3371B98314F10732D?api-version=2023-04-01-preview",
        "Pragma": "no-cache",
        "Strict-Transport-Security": "max-age=31536000; includeSubDomains",
        "X-Cache": "CONFIG_NOCACHE",
        "X-Content-Type-Options": "nosniff",
        "x-ms-client-request-id": "f45ff1d93dc19d66d607be17ac31720b",
        "x-ms-correlation-request-id": "a68d96f6-395a-4d30-afe1-ca62297fe6dd",
        "x-ms-providerhub-traffic": "True",
        "x-ms-ratelimit-remaining-subscription-deletes": "14999",
        "x-ms-request-id": "c484244e-235c-43ae-ab1d-a0095606939d",
        "x-ms-routing-request-id": "CANADAEAST:20230904T022928Z:a68d96f6-395a-4d30-afe1-ca62297fe6dd",
        "X-MSEdge-Ref": "Ref A: F382014E3F8543C6A4A65318C549E07E Ref B: CO6AA3150218037 Ref C: 2023-09-04T02:29:27Z"
      },
      "ResponseBody": "null"
    },
    {
      "RequestUri": "https://management.azure.com/subscriptions/8443df5e-8e12-4cd9-810e-c525196fecae/providers/Microsoft.Communication/locations/WESTUS2/operationStatuses/c484244e-235c-43ae-ab1d-a0095606939d*5E4B3B628A9D59363853FB0473CE446CE8755F3199F480B3371B98314F10732D?api-version=2023-04-01-preview",
      "RequestMethod": "GET",
      "RequestHeaders": {
        "Authorization": "Sanitized",
        "traceparent": "00-c2e958ff32e97dc4c3336062ce1eadd9-70c62e46266efdc5-00",
        "User-Agent": "azsdk-net-ResourceManager/1.7.0 (.NET Framework 4.8.9167.0; Microsoft Windows 10.0.22621 )",
        "x-ms-client-request-id": "0732874f5145b26bf025bdda69b9f4f3",
        "x-ms-return-client-request-id": "true"
      },
      "RequestBody": null,
      "StatusCode": 202,
      "ResponseHeaders": {
        "Azure-AsyncOperation": "https://management.azure.com/subscriptions/8443df5e-8e12-4cd9-810e-c525196fecae/providers/Microsoft.Communication/locations/westus2/operationStatuses/c484244e-235c-43ae-ab1d-a0095606939d*5E4B3B628A9D59363853FB0473CE446CE8755F3199F480B3371B98314F10732D?api-version=2023-04-01-preview",
        "Cache-Control": "no-cache",
        "Content-Length": "593",
        "Content-Type": "application/json; charset=utf-8",
        "Date": "Mon, 04 Sep 2023 02:29:28 GMT",
        "ETag": "\u0022eb00b5b6-0000-0100-0000-64f541070000\u0022",
        "Expires": "-1",
        "Location": "https://management.azure.com/subscriptions/8443df5e-8e12-4cd9-810e-c525196fecae/providers/Microsoft.Communication/locations/westus2/operationStatuses/c484244e-235c-43ae-ab1d-a0095606939d*5E4B3B628A9D59363853FB0473CE446CE8755F3199F480B3371B98314F10732D?api-version=2023-04-01-preview",
        "Pragma": "no-cache",
        "Strict-Transport-Security": "max-age=31536000; includeSubDomains",
        "X-Cache": "CONFIG_NOCACHE",
        "X-Content-Type-Options": "nosniff",
        "x-ms-client-request-id": "0732874f5145b26bf025bdda69b9f4f3",
        "x-ms-correlation-request-id": "2c424da9-456b-4ef9-a61e-a3be0bb6dca1",
        "x-ms-ratelimit-remaining-subscription-reads": "11992",
        "x-ms-request-id": "4f2d4833-89f1-4cf0-9b4f-f91d31fa31ed",
        "x-ms-routing-request-id": "CANADAEAST:20230904T022928Z:2c424da9-456b-4ef9-a61e-a3be0bb6dca1",
        "X-MSEdge-Ref": "Ref A: 9D0E4E5C977C4B27AE75378C9703E2F6 Ref B: CO6AA3150218037 Ref C: 2023-09-04T02:29:28Z"
      },
      "ResponseBody": {
        "id": "/subscriptions/8443df5e-8e12-4cd9-810e-c525196fecae/providers/Microsoft.Communication/locations/WESTUS2/operationStatuses/c484244e-235c-43ae-ab1d-a0095606939d*5E4B3B628A9D59363853FB0473CE446CE8755F3199F480B3371B98314F10732D",
        "name": "c484244e-235c-43ae-ab1d-a0095606939d*5E4B3B628A9D59363853FB0473CE446CE8755F3199F480B3371B98314F10732D",
        "resourceId": "/subscriptions/8443df5e-8e12-4cd9-810e-c525196fecae/resourceGroups/Communication-RG-8888/providers/Microsoft.Communication/communicationServices/communication-service-7277",
        "status": "Deleting",
        "startTime": "2023-09-04T02:29:27.9939832Z"
      }
    },
    {
      "RequestUri": "https://management.azure.com/subscriptions/8443df5e-8e12-4cd9-810e-c525196fecae/providers/Microsoft.Communication/locations/westus2/operationStatuses/c484244e-235c-43ae-ab1d-a0095606939d*5E4B3B628A9D59363853FB0473CE446CE8755F3199F480B3371B98314F10732D?api-version=2023-04-01-preview",
      "RequestMethod": "GET",
      "RequestHeaders": {
        "Authorization": "Sanitized",
        "traceparent": "00-c2e958ff32e97dc4c3336062ce1eadd9-d84accdda1ba1675-00",
        "User-Agent": "azsdk-net-ResourceManager/1.7.0 (.NET Framework 4.8.9167.0; Microsoft Windows 10.0.22621 )",
        "x-ms-client-request-id": "51fac96366947dfc9b9322072f9afb73",
        "x-ms-return-client-request-id": "true"
      },
      "RequestBody": null,
      "StatusCode": 202,
      "ResponseHeaders": {
        "Azure-AsyncOperation": "https://management.azure.com/subscriptions/8443df5e-8e12-4cd9-810e-c525196fecae/providers/Microsoft.Communication/locations/westus2/operationStatuses/c484244e-235c-43ae-ab1d-a0095606939d*5E4B3B628A9D59363853FB0473CE446CE8755F3199F480B3371B98314F10732D?api-version=2023-04-01-preview",
        "Cache-Control": "no-cache",
        "Content-Length": "593",
        "Content-Type": "application/json; charset=utf-8",
        "Date": "Mon, 04 Sep 2023 02:29:29 GMT",
        "ETag": "\u0022eb00b5b6-0000-0100-0000-64f541070000\u0022",
        "Expires": "-1",
        "Location": "https://management.azure.com/subscriptions/8443df5e-8e12-4cd9-810e-c525196fecae/providers/Microsoft.Communication/locations/westus2/operationStatuses/c484244e-235c-43ae-ab1d-a0095606939d*5E4B3B628A9D59363853FB0473CE446CE8755F3199F480B3371B98314F10732D?api-version=2023-04-01-preview",
        "Pragma": "no-cache",
        "Strict-Transport-Security": "max-age=31536000; includeSubDomains",
        "X-Cache": "CONFIG_NOCACHE",
        "X-Content-Type-Options": "nosniff",
        "x-ms-client-request-id": "51fac96366947dfc9b9322072f9afb73",
        "x-ms-correlation-request-id": "337d8d61-445d-4425-a2b5-f345615322ed",
        "x-ms-ratelimit-remaining-subscription-reads": "11991",
        "x-ms-request-id": "cdfd544e-c873-4b62-9f3d-000b7a41b534",
        "x-ms-routing-request-id": "CANADAEAST:20230904T022929Z:337d8d61-445d-4425-a2b5-f345615322ed",
        "X-MSEdge-Ref": "Ref A: 82DEF152EEA049F18D32DE91FD45DEDB Ref B: CO6AA3150218037 Ref C: 2023-09-04T02:29:29Z"
      },
      "ResponseBody": {
        "id": "/subscriptions/8443df5e-8e12-4cd9-810e-c525196fecae/providers/Microsoft.Communication/locations/westus2/operationStatuses/c484244e-235c-43ae-ab1d-a0095606939d*5E4B3B628A9D59363853FB0473CE446CE8755F3199F480B3371B98314F10732D",
        "name": "c484244e-235c-43ae-ab1d-a0095606939d*5E4B3B628A9D59363853FB0473CE446CE8755F3199F480B3371B98314F10732D",
        "resourceId": "/subscriptions/8443df5e-8e12-4cd9-810e-c525196fecae/resourceGroups/Communication-RG-8888/providers/Microsoft.Communication/communicationServices/communication-service-7277",
        "status": "Deleting",
        "startTime": "2023-09-04T02:29:27.9939832Z"
      }
    },
    {
      "RequestUri": "https://management.azure.com/subscriptions/8443df5e-8e12-4cd9-810e-c525196fecae/providers/Microsoft.Communication/locations/westus2/operationStatuses/c484244e-235c-43ae-ab1d-a0095606939d*5E4B3B628A9D59363853FB0473CE446CE8755F3199F480B3371B98314F10732D?api-version=2023-04-01-preview",
      "RequestMethod": "GET",
      "RequestHeaders": {
        "Authorization": "Sanitized",
        "traceparent": "00-c2e958ff32e97dc4c3336062ce1eadd9-467d462228ce92bf-00",
        "User-Agent": "azsdk-net-ResourceManager/1.7.0 (.NET Framework 4.8.9167.0; Microsoft Windows 10.0.22621 )",
        "x-ms-client-request-id": "25c7c7016affd4c6e93757d49d7b6219",
        "x-ms-return-client-request-id": "true"
      },
      "RequestBody": null,
      "StatusCode": 202,
      "ResponseHeaders": {
        "Azure-AsyncOperation": "https://management.azure.com/subscriptions/8443df5e-8e12-4cd9-810e-c525196fecae/providers/Microsoft.Communication/locations/westus2/operationStatuses/c484244e-235c-43ae-ab1d-a0095606939d*5E4B3B628A9D59363853FB0473CE446CE8755F3199F480B3371B98314F10732D?api-version=2023-04-01-preview",
        "Cache-Control": "no-cache",
        "Content-Length": "593",
        "Content-Type": "application/json; charset=utf-8",
        "Date": "Mon, 04 Sep 2023 02:29:30 GMT",
        "ETag": "\u0022eb00b5b6-0000-0100-0000-64f541070000\u0022",
        "Expires": "-1",
        "Location": "https://management.azure.com/subscriptions/8443df5e-8e12-4cd9-810e-c525196fecae/providers/Microsoft.Communication/locations/westus2/operationStatuses/c484244e-235c-43ae-ab1d-a0095606939d*5E4B3B628A9D59363853FB0473CE446CE8755F3199F480B3371B98314F10732D?api-version=2023-04-01-preview",
        "Pragma": "no-cache",
        "Strict-Transport-Security": "max-age=31536000; includeSubDomains",
        "X-Cache": "CONFIG_NOCACHE",
        "X-Content-Type-Options": "nosniff",
        "x-ms-client-request-id": "25c7c7016affd4c6e93757d49d7b6219",
        "x-ms-correlation-request-id": "d86a4d8a-9f62-4739-a391-25d08b6ae60c",
        "x-ms-ratelimit-remaining-subscription-reads": "11990",
        "x-ms-request-id": "98f7b039-25de-4be6-9298-14e6eaafa6e1",
        "x-ms-routing-request-id": "CANADAEAST:20230904T022930Z:d86a4d8a-9f62-4739-a391-25d08b6ae60c",
        "X-MSEdge-Ref": "Ref A: 3426F1C5B3B6413BA38F4AB026C1DA7B Ref B: CO6AA3150218037 Ref C: 2023-09-04T02:29:30Z"
      },
      "ResponseBody": {
        "id": "/subscriptions/8443df5e-8e12-4cd9-810e-c525196fecae/providers/Microsoft.Communication/locations/westus2/operationStatuses/c484244e-235c-43ae-ab1d-a0095606939d*5E4B3B628A9D59363853FB0473CE446CE8755F3199F480B3371B98314F10732D",
        "name": "c484244e-235c-43ae-ab1d-a0095606939d*5E4B3B628A9D59363853FB0473CE446CE8755F3199F480B3371B98314F10732D",
        "resourceId": "/subscriptions/8443df5e-8e12-4cd9-810e-c525196fecae/resourceGroups/Communication-RG-8888/providers/Microsoft.Communication/communicationServices/communication-service-7277",
        "status": "Deleting",
        "startTime": "2023-09-04T02:29:27.9939832Z"
      }
    },
    {
      "RequestUri": "https://management.azure.com/subscriptions/8443df5e-8e12-4cd9-810e-c525196fecae/providers/Microsoft.Communication/locations/westus2/operationStatuses/c484244e-235c-43ae-ab1d-a0095606939d*5E4B3B628A9D59363853FB0473CE446CE8755F3199F480B3371B98314F10732D?api-version=2023-04-01-preview",
      "RequestMethod": "GET",
      "RequestHeaders": {
        "Authorization": "Sanitized",
        "traceparent": "00-c2e958ff32e97dc4c3336062ce1eadd9-1636c0c7275d0d52-00",
        "User-Agent": "azsdk-net-ResourceManager/1.7.0 (.NET Framework 4.8.9167.0; Microsoft Windows 10.0.22621 )",
        "x-ms-client-request-id": "d9671ac5b467e8628ab46bb12f648356",
        "x-ms-return-client-request-id": "true"
      },
      "RequestBody": null,
      "StatusCode": 202,
      "ResponseHeaders": {
        "Azure-AsyncOperation": "https://management.azure.com/subscriptions/8443df5e-8e12-4cd9-810e-c525196fecae/providers/Microsoft.Communication/locations/westus2/operationStatuses/c484244e-235c-43ae-ab1d-a0095606939d*5E4B3B628A9D59363853FB0473CE446CE8755F3199F480B3371B98314F10732D?api-version=2023-04-01-preview",
        "Cache-Control": "no-cache",
        "Content-Length": "593",
        "Content-Type": "application/json; charset=utf-8",
        "Date": "Mon, 04 Sep 2023 02:29:32 GMT",
        "ETag": "\u0022eb00b5b6-0000-0100-0000-64f541070000\u0022",
        "Expires": "-1",
        "Location": "https://management.azure.com/subscriptions/8443df5e-8e12-4cd9-810e-c525196fecae/providers/Microsoft.Communication/locations/westus2/operationStatuses/c484244e-235c-43ae-ab1d-a0095606939d*5E4B3B628A9D59363853FB0473CE446CE8755F3199F480B3371B98314F10732D?api-version=2023-04-01-preview",
        "Pragma": "no-cache",
        "Strict-Transport-Security": "max-age=31536000; includeSubDomains",
        "X-Cache": "CONFIG_NOCACHE",
        "X-Content-Type-Options": "nosniff",
        "x-ms-client-request-id": "d9671ac5b467e8628ab46bb12f648356",
        "x-ms-correlation-request-id": "765aa0c9-3f63-4dbf-9424-30d1caa47e07",
        "x-ms-ratelimit-remaining-subscription-reads": "11991",
        "x-ms-request-id": "6db3c500-08b0-4ebf-b68d-0300f7af84d6",
        "x-ms-routing-request-id": "CANADAEAST:20230904T022932Z:765aa0c9-3f63-4dbf-9424-30d1caa47e07",
        "X-MSEdge-Ref": "Ref A: D22FE6BF7F3F4BC2A917F9628C8FA0A9 Ref B: CO6AA3150218037 Ref C: 2023-09-04T02:29:31Z"
      },
      "ResponseBody": {
        "id": "/subscriptions/8443df5e-8e12-4cd9-810e-c525196fecae/providers/Microsoft.Communication/locations/westus2/operationStatuses/c484244e-235c-43ae-ab1d-a0095606939d*5E4B3B628A9D59363853FB0473CE446CE8755F3199F480B3371B98314F10732D",
        "name": "c484244e-235c-43ae-ab1d-a0095606939d*5E4B3B628A9D59363853FB0473CE446CE8755F3199F480B3371B98314F10732D",
        "resourceId": "/subscriptions/8443df5e-8e12-4cd9-810e-c525196fecae/resourceGroups/Communication-RG-8888/providers/Microsoft.Communication/communicationServices/communication-service-7277",
        "status": "Deleting",
        "startTime": "2023-09-04T02:29:27.9939832Z"
      }
    },
    {
      "RequestUri": "https://management.azure.com/subscriptions/8443df5e-8e12-4cd9-810e-c525196fecae/providers/Microsoft.Communication/locations/westus2/operationStatuses/c484244e-235c-43ae-ab1d-a0095606939d*5E4B3B628A9D59363853FB0473CE446CE8755F3199F480B3371B98314F10732D?api-version=2023-04-01-preview",
      "RequestMethod": "GET",
      "RequestHeaders": {
        "Authorization": "Sanitized",
        "traceparent": "00-c2e958ff32e97dc4c3336062ce1eadd9-2bccc500f1bf4af4-00",
        "User-Agent": "azsdk-net-ResourceManager/1.7.0 (.NET Framework 4.8.9167.0; Microsoft Windows 10.0.22621 )",
        "x-ms-client-request-id": "a2d9492acff2f8f40226675c0f28e020",
        "x-ms-return-client-request-id": "true"
      },
      "RequestBody": null,
      "StatusCode": 202,
      "ResponseHeaders": {
        "Azure-AsyncOperation": "https://management.azure.com/subscriptions/8443df5e-8e12-4cd9-810e-c525196fecae/providers/Microsoft.Communication/locations/westus2/operationStatuses/c484244e-235c-43ae-ab1d-a0095606939d*5E4B3B628A9D59363853FB0473CE446CE8755F3199F480B3371B98314F10732D?api-version=2023-04-01-preview",
        "Cache-Control": "no-cache",
        "Content-Length": "593",
        "Content-Type": "application/json; charset=utf-8",
        "Date": "Mon, 04 Sep 2023 02:29:34 GMT",
        "ETag": "\u0022eb00b5b6-0000-0100-0000-64f541070000\u0022",
        "Expires": "-1",
        "Location": "https://management.azure.com/subscriptions/8443df5e-8e12-4cd9-810e-c525196fecae/providers/Microsoft.Communication/locations/westus2/operationStatuses/c484244e-235c-43ae-ab1d-a0095606939d*5E4B3B628A9D59363853FB0473CE446CE8755F3199F480B3371B98314F10732D?api-version=2023-04-01-preview",
        "Pragma": "no-cache",
        "Strict-Transport-Security": "max-age=31536000; includeSubDomains",
        "X-Cache": "CONFIG_NOCACHE",
        "X-Content-Type-Options": "nosniff",
        "x-ms-client-request-id": "a2d9492acff2f8f40226675c0f28e020",
        "x-ms-correlation-request-id": "9e90c78b-9959-41c4-969d-85523a41847a",
        "x-ms-ratelimit-remaining-subscription-reads": "11989",
        "x-ms-request-id": "e4fa80d6-28e5-4ce4-a43f-30bb441d71fc",
        "x-ms-routing-request-id": "CANADAEAST:20230904T022934Z:9e90c78b-9959-41c4-969d-85523a41847a",
        "X-MSEdge-Ref": "Ref A: 8342E8B610C14185B88671462FC4A117 Ref B: CO6AA3150218037 Ref C: 2023-09-04T02:29:34Z"
      },
      "ResponseBody": {
        "id": "/subscriptions/8443df5e-8e12-4cd9-810e-c525196fecae/providers/Microsoft.Communication/locations/westus2/operationStatuses/c484244e-235c-43ae-ab1d-a0095606939d*5E4B3B628A9D59363853FB0473CE446CE8755F3199F480B3371B98314F10732D",
        "name": "c484244e-235c-43ae-ab1d-a0095606939d*5E4B3B628A9D59363853FB0473CE446CE8755F3199F480B3371B98314F10732D",
        "resourceId": "/subscriptions/8443df5e-8e12-4cd9-810e-c525196fecae/resourceGroups/Communication-RG-8888/providers/Microsoft.Communication/communicationServices/communication-service-7277",
        "status": "Deleting",
        "startTime": "2023-09-04T02:29:27.9939832Z"
      }
    },
    {
      "RequestUri": "https://management.azure.com/subscriptions/8443df5e-8e12-4cd9-810e-c525196fecae/providers/Microsoft.Communication/locations/westus2/operationStatuses/c484244e-235c-43ae-ab1d-a0095606939d*5E4B3B628A9D59363853FB0473CE446CE8755F3199F480B3371B98314F10732D?api-version=2023-04-01-preview",
      "RequestMethod": "GET",
      "RequestHeaders": {
        "Authorization": "Sanitized",
        "traceparent": "00-c2e958ff32e97dc4c3336062ce1eadd9-b8e2db2011ec4e5a-00",
        "User-Agent": "azsdk-net-ResourceManager/1.7.0 (.NET Framework 4.8.9167.0; Microsoft Windows 10.0.22621 )",
        "x-ms-client-request-id": "1541083122324d0b65de9a4aff15a585",
        "x-ms-return-client-request-id": "true"
      },
      "RequestBody": null,
      "StatusCode": 202,
      "ResponseHeaders": {
        "Azure-AsyncOperation": "https://management.azure.com/subscriptions/8443df5e-8e12-4cd9-810e-c525196fecae/providers/Microsoft.Communication/locations/westus2/operationStatuses/c484244e-235c-43ae-ab1d-a0095606939d*5E4B3B628A9D59363853FB0473CE446CE8755F3199F480B3371B98314F10732D?api-version=2023-04-01-preview",
        "Cache-Control": "no-cache",
        "Content-Length": "593",
        "Content-Type": "application/json; charset=utf-8",
        "Date": "Mon, 04 Sep 2023 02:29:38 GMT",
        "ETag": "\u0022eb00b5b6-0000-0100-0000-64f541070000\u0022",
        "Expires": "-1",
        "Location": "https://management.azure.com/subscriptions/8443df5e-8e12-4cd9-810e-c525196fecae/providers/Microsoft.Communication/locations/westus2/operationStatuses/c484244e-235c-43ae-ab1d-a0095606939d*5E4B3B628A9D59363853FB0473CE446CE8755F3199F480B3371B98314F10732D?api-version=2023-04-01-preview",
        "Pragma": "no-cache",
        "Strict-Transport-Security": "max-age=31536000; includeSubDomains",
        "X-Cache": "CONFIG_NOCACHE",
        "X-Content-Type-Options": "nosniff",
        "x-ms-client-request-id": "1541083122324d0b65de9a4aff15a585",
        "x-ms-correlation-request-id": "4c910d2a-cd64-440e-a2dd-940fb8f08478",
        "x-ms-ratelimit-remaining-subscription-reads": "11988",
        "x-ms-request-id": "21533f5e-b380-4cc5-8879-5bbd7fdd373a",
        "x-ms-routing-request-id": "CANADAEAST:20230904T022938Z:4c910d2a-cd64-440e-a2dd-940fb8f08478",
        "X-MSEdge-Ref": "Ref A: 72C1E24984614ADE9B7C46AF844C4CF9 Ref B: CO6AA3150218037 Ref C: 2023-09-04T02:29:38Z"
      },
      "ResponseBody": {
        "id": "/subscriptions/8443df5e-8e12-4cd9-810e-c525196fecae/providers/Microsoft.Communication/locations/westus2/operationStatuses/c484244e-235c-43ae-ab1d-a0095606939d*5E4B3B628A9D59363853FB0473CE446CE8755F3199F480B3371B98314F10732D",
        "name": "c484244e-235c-43ae-ab1d-a0095606939d*5E4B3B628A9D59363853FB0473CE446CE8755F3199F480B3371B98314F10732D",
        "resourceId": "/subscriptions/8443df5e-8e12-4cd9-810e-c525196fecae/resourceGroups/Communication-RG-8888/providers/Microsoft.Communication/communicationServices/communication-service-7277",
        "status": "Deleting",
        "startTime": "2023-09-04T02:29:27.9939832Z"
      }
    },
    {
      "RequestUri": "https://management.azure.com/subscriptions/8443df5e-8e12-4cd9-810e-c525196fecae/providers/Microsoft.Communication/locations/westus2/operationStatuses/c484244e-235c-43ae-ab1d-a0095606939d*5E4B3B628A9D59363853FB0473CE446CE8755F3199F480B3371B98314F10732D?api-version=2023-04-01-preview",
      "RequestMethod": "GET",
      "RequestHeaders": {
        "Authorization": "Sanitized",
        "traceparent": "00-c2e958ff32e97dc4c3336062ce1eadd9-412dca3404da2cd5-00",
        "User-Agent": "azsdk-net-ResourceManager/1.7.0 (.NET Framework 4.8.9167.0; Microsoft Windows 10.0.22621 )",
        "x-ms-client-request-id": "53aa00b3bfa1f627256ed6414c05d862",
        "x-ms-return-client-request-id": "true"
      },
      "RequestBody": null,
      "StatusCode": 202,
      "ResponseHeaders": {
        "Azure-AsyncOperation": "https://management.azure.com/subscriptions/8443df5e-8e12-4cd9-810e-c525196fecae/providers/Microsoft.Communication/locations/westus2/operationStatuses/c484244e-235c-43ae-ab1d-a0095606939d*5E4B3B628A9D59363853FB0473CE446CE8755F3199F480B3371B98314F10732D?api-version=2023-04-01-preview",
        "Cache-Control": "no-cache",
        "Content-Length": "593",
        "Content-Type": "application/json; charset=utf-8",
        "Date": "Mon, 04 Sep 2023 02:29:46 GMT",
        "ETag": "\u0022eb00b5b6-0000-0100-0000-64f541070000\u0022",
        "Expires": "-1",
        "Location": "https://management.azure.com/subscriptions/8443df5e-8e12-4cd9-810e-c525196fecae/providers/Microsoft.Communication/locations/westus2/operationStatuses/c484244e-235c-43ae-ab1d-a0095606939d*5E4B3B628A9D59363853FB0473CE446CE8755F3199F480B3371B98314F10732D?api-version=2023-04-01-preview",
        "Pragma": "no-cache",
        "Strict-Transport-Security": "max-age=31536000; includeSubDomains",
        "X-Cache": "CONFIG_NOCACHE",
        "X-Content-Type-Options": "nosniff",
        "x-ms-client-request-id": "53aa00b3bfa1f627256ed6414c05d862",
        "x-ms-correlation-request-id": "4f153e5e-de45-4d58-95f2-68a504963116",
        "x-ms-ratelimit-remaining-subscription-reads": "11990",
        "x-ms-request-id": "b25b8cee-7d92-4f0f-be7a-8bf512e49fc0",
        "x-ms-routing-request-id": "CANADAEAST:20230904T022946Z:4f153e5e-de45-4d58-95f2-68a504963116",
        "X-MSEdge-Ref": "Ref A: 3EF05D99660A417C846C66BD7C284477 Ref B: CO6AA3150218037 Ref C: 2023-09-04T02:29:46Z"
      },
      "ResponseBody": {
        "id": "/subscriptions/8443df5e-8e12-4cd9-810e-c525196fecae/providers/Microsoft.Communication/locations/westus2/operationStatuses/c484244e-235c-43ae-ab1d-a0095606939d*5E4B3B628A9D59363853FB0473CE446CE8755F3199F480B3371B98314F10732D",
        "name": "c484244e-235c-43ae-ab1d-a0095606939d*5E4B3B628A9D59363853FB0473CE446CE8755F3199F480B3371B98314F10732D",
        "resourceId": "/subscriptions/8443df5e-8e12-4cd9-810e-c525196fecae/resourceGroups/Communication-RG-8888/providers/Microsoft.Communication/communicationServices/communication-service-7277",
        "status": "Deleting",
        "startTime": "2023-09-04T02:29:27.9939832Z"
      }
    },
    {
      "RequestUri": "https://management.azure.com/subscriptions/8443df5e-8e12-4cd9-810e-c525196fecae/providers/Microsoft.Communication/locations/westus2/operationStatuses/c484244e-235c-43ae-ab1d-a0095606939d*5E4B3B628A9D59363853FB0473CE446CE8755F3199F480B3371B98314F10732D?api-version=2023-04-01-preview",
      "RequestMethod": "GET",
      "RequestHeaders": {
        "Authorization": "Sanitized",
        "traceparent": "00-c2e958ff32e97dc4c3336062ce1eadd9-88bf580aa8c64b99-00",
        "User-Agent": "azsdk-net-ResourceManager/1.7.0 (.NET Framework 4.8.9167.0; Microsoft Windows 10.0.22621 )",
        "x-ms-client-request-id": "267f4bd46e2207233d8c3c1335aaf9ed",
        "x-ms-return-client-request-id": "true"
      },
      "RequestBody": null,
      "StatusCode": 202,
      "ResponseHeaders": {
        "Azure-AsyncOperation": "https://management.azure.com/subscriptions/8443df5e-8e12-4cd9-810e-c525196fecae/providers/Microsoft.Communication/locations/westus2/operationStatuses/c484244e-235c-43ae-ab1d-a0095606939d*5E4B3B628A9D59363853FB0473CE446CE8755F3199F480B3371B98314F10732D?api-version=2023-04-01-preview",
        "Cache-Control": "no-cache",
        "Content-Length": "593",
        "Content-Type": "application/json; charset=utf-8",
        "Date": "Mon, 04 Sep 2023 02:30:02 GMT",
        "ETag": "\u0022eb00b5b6-0000-0100-0000-64f541070000\u0022",
        "Expires": "-1",
        "Location": "https://management.azure.com/subscriptions/8443df5e-8e12-4cd9-810e-c525196fecae/providers/Microsoft.Communication/locations/westus2/operationStatuses/c484244e-235c-43ae-ab1d-a0095606939d*5E4B3B628A9D59363853FB0473CE446CE8755F3199F480B3371B98314F10732D?api-version=2023-04-01-preview",
        "Pragma": "no-cache",
        "Strict-Transport-Security": "max-age=31536000; includeSubDomains",
        "X-Cache": "CONFIG_NOCACHE",
        "X-Content-Type-Options": "nosniff",
        "x-ms-client-request-id": "267f4bd46e2207233d8c3c1335aaf9ed",
        "x-ms-correlation-request-id": "362551ba-45dc-46d6-91c2-27ad587bb4be",
        "x-ms-ratelimit-remaining-subscription-reads": "11989",
        "x-ms-request-id": "6c25f739-6299-4b9a-bcee-6c993e36995d",
        "x-ms-routing-request-id": "CANADAEAST:20230904T023002Z:362551ba-45dc-46d6-91c2-27ad587bb4be",
        "X-MSEdge-Ref": "Ref A: BC4BAAFACAB74901A8BFFFA7C7A13C7A Ref B: CO6AA3150218037 Ref C: 2023-09-04T02:30:02Z"
      },
      "ResponseBody": {
        "id": "/subscriptions/8443df5e-8e12-4cd9-810e-c525196fecae/providers/Microsoft.Communication/locations/westus2/operationStatuses/c484244e-235c-43ae-ab1d-a0095606939d*5E4B3B628A9D59363853FB0473CE446CE8755F3199F480B3371B98314F10732D",
        "name": "c484244e-235c-43ae-ab1d-a0095606939d*5E4B3B628A9D59363853FB0473CE446CE8755F3199F480B3371B98314F10732D",
        "resourceId": "/subscriptions/8443df5e-8e12-4cd9-810e-c525196fecae/resourceGroups/Communication-RG-8888/providers/Microsoft.Communication/communicationServices/communication-service-7277",
        "status": "Deleting",
        "startTime": "2023-09-04T02:29:27.9939832Z"
      }
    },
    {
      "RequestUri": "https://management.azure.com/subscriptions/8443df5e-8e12-4cd9-810e-c525196fecae/providers/Microsoft.Communication/locations/westus2/operationStatuses/c484244e-235c-43ae-ab1d-a0095606939d*5E4B3B628A9D59363853FB0473CE446CE8755F3199F480B3371B98314F10732D?api-version=2023-04-01-preview",
      "RequestMethod": "GET",
      "RequestHeaders": {
        "Authorization": "Sanitized",
        "traceparent": "00-c2e958ff32e97dc4c3336062ce1eadd9-d4eb55ade2bd3deb-00",
        "User-Agent": "azsdk-net-ResourceManager/1.7.0 (.NET Framework 4.8.9167.0; Microsoft Windows 10.0.22621 )",
        "x-ms-client-request-id": "0ea8e2808c7d717ee14befc44bca0060",
        "x-ms-return-client-request-id": "true"
      },
      "RequestBody": null,
      "StatusCode": 202,
      "ResponseHeaders": {
        "Azure-AsyncOperation": "https://management.azure.com/subscriptions/8443df5e-8e12-4cd9-810e-c525196fecae/providers/Microsoft.Communication/locations/westus2/operationStatuses/c484244e-235c-43ae-ab1d-a0095606939d*5E4B3B628A9D59363853FB0473CE446CE8755F3199F480B3371B98314F10732D?api-version=2023-04-01-preview",
        "Cache-Control": "no-cache",
        "Content-Length": "593",
        "Content-Type": "application/json; charset=utf-8",
        "Date": "Mon, 04 Sep 2023 02:30:34 GMT",
        "ETag": "\u0022eb00b5b6-0000-0100-0000-64f541070000\u0022",
        "Expires": "-1",
        "Location": "https://management.azure.com/subscriptions/8443df5e-8e12-4cd9-810e-c525196fecae/providers/Microsoft.Communication/locations/westus2/operationStatuses/c484244e-235c-43ae-ab1d-a0095606939d*5E4B3B628A9D59363853FB0473CE446CE8755F3199F480B3371B98314F10732D?api-version=2023-04-01-preview",
        "Pragma": "no-cache",
        "Strict-Transport-Security": "max-age=31536000; includeSubDomains",
        "X-Cache": "CONFIG_NOCACHE",
        "X-Content-Type-Options": "nosniff",
        "x-ms-client-request-id": "0ea8e2808c7d717ee14befc44bca0060",
        "x-ms-correlation-request-id": "4387316f-8f6b-4f95-a0e2-22087938c889",
        "x-ms-ratelimit-remaining-subscription-reads": "11988",
        "x-ms-request-id": "c56c57c5-c115-4196-b75b-26332b520810",
        "x-ms-routing-request-id": "CANADAEAST:20230904T023035Z:4387316f-8f6b-4f95-a0e2-22087938c889",
        "X-MSEdge-Ref": "Ref A: 97D08A8443F149278B0A9F18715A54B2 Ref B: CO6AA3150218037 Ref C: 2023-09-04T02:30:34Z"
      },
      "ResponseBody": {
        "id": "/subscriptions/8443df5e-8e12-4cd9-810e-c525196fecae/providers/Microsoft.Communication/locations/westus2/operationStatuses/c484244e-235c-43ae-ab1d-a0095606939d*5E4B3B628A9D59363853FB0473CE446CE8755F3199F480B3371B98314F10732D",
        "name": "c484244e-235c-43ae-ab1d-a0095606939d*5E4B3B628A9D59363853FB0473CE446CE8755F3199F480B3371B98314F10732D",
        "resourceId": "/subscriptions/8443df5e-8e12-4cd9-810e-c525196fecae/resourceGroups/Communication-RG-8888/providers/Microsoft.Communication/communicationServices/communication-service-7277",
        "status": "Deleting",
        "startTime": "2023-09-04T02:29:27.9939832Z"
      }
    },
    {
      "RequestUri": "https://management.azure.com/subscriptions/8443df5e-8e12-4cd9-810e-c525196fecae/providers/Microsoft.Communication/locations/westus2/operationStatuses/c484244e-235c-43ae-ab1d-a0095606939d*5E4B3B628A9D59363853FB0473CE446CE8755F3199F480B3371B98314F10732D?api-version=2023-04-01-preview",
      "RequestMethod": "GET",
      "RequestHeaders": {
        "Authorization": "Sanitized",
        "Connection": "close",
        "traceparent": "00-c2e958ff32e97dc4c3336062ce1eadd9-6e6b78230364a5f0-00",
        "User-Agent": "azsdk-net-ResourceManager/1.7.0 (.NET Framework 4.8.9167.0; Microsoft Windows 10.0.22621 )",
        "x-ms-client-request-id": "b47537057e954562dda215158313c17b",
        "x-ms-return-client-request-id": "true"
      },
      "RequestBody": null,
      "StatusCode": 202,
      "ResponseHeaders": {
        "Azure-AsyncOperation": "https://management.azure.com/subscriptions/8443df5e-8e12-4cd9-810e-c525196fecae/providers/Microsoft.Communication/locations/westus2/operationStatuses/c484244e-235c-43ae-ab1d-a0095606939d*5E4B3B628A9D59363853FB0473CE446CE8755F3199F480B3371B98314F10732D?api-version=2023-04-01-preview",
        "Cache-Control": "no-cache",
        "Connection": "close",
        "Content-Length": "593",
        "Content-Type": "application/json; charset=utf-8",
        "Date": "Mon, 04 Sep 2023 02:31:07 GMT",
        "ETag": "\u0022eb00b5b6-0000-0100-0000-64f541070000\u0022",
        "Expires": "-1",
        "Location": "https://management.azure.com/subscriptions/8443df5e-8e12-4cd9-810e-c525196fecae/providers/Microsoft.Communication/locations/westus2/operationStatuses/c484244e-235c-43ae-ab1d-a0095606939d*5E4B3B628A9D59363853FB0473CE446CE8755F3199F480B3371B98314F10732D?api-version=2023-04-01-preview",
        "Pragma": "no-cache",
        "Strict-Transport-Security": "max-age=31536000; includeSubDomains",
        "X-Cache": "CONFIG_NOCACHE",
        "X-Content-Type-Options": "nosniff",
        "x-ms-client-request-id": "b47537057e954562dda215158313c17b",
        "x-ms-correlation-request-id": "eeae49fe-a70a-4767-9cf4-6d22aec2e5cc",
        "x-ms-ratelimit-remaining-subscription-reads": "11987",
        "x-ms-request-id": "cc31cdd3-3fbd-4e66-a035-9b5f3f70bccb",
        "x-ms-routing-request-id": "CANADAEAST:20230904T023107Z:eeae49fe-a70a-4767-9cf4-6d22aec2e5cc",
        "X-MSEdge-Ref": "Ref A: CE43AD25806D46EC92E371F20AD3D2D9 Ref B: CO6AA3150218037 Ref C: 2023-09-04T02:31:07Z"
      },
      "ResponseBody": {
        "id": "/subscriptions/8443df5e-8e12-4cd9-810e-c525196fecae/providers/Microsoft.Communication/locations/westus2/operationStatuses/c484244e-235c-43ae-ab1d-a0095606939d*5E4B3B628A9D59363853FB0473CE446CE8755F3199F480B3371B98314F10732D",
        "name": "c484244e-235c-43ae-ab1d-a0095606939d*5E4B3B628A9D59363853FB0473CE446CE8755F3199F480B3371B98314F10732D",
        "resourceId": "/subscriptions/8443df5e-8e12-4cd9-810e-c525196fecae/resourceGroups/Communication-RG-8888/providers/Microsoft.Communication/communicationServices/communication-service-7277",
        "status": "Deleting",
        "startTime": "2023-09-04T02:29:27.9939832Z"
      }
    },
    {
      "RequestUri": "https://management.azure.com/subscriptions/8443df5e-8e12-4cd9-810e-c525196fecae/providers/Microsoft.Communication/locations/westus2/operationStatuses/c484244e-235c-43ae-ab1d-a0095606939d*5E4B3B628A9D59363853FB0473CE446CE8755F3199F480B3371B98314F10732D?api-version=2023-04-01-preview",
      "RequestMethod": "GET",
      "RequestHeaders": {
        "Authorization": "Sanitized",
        "traceparent": "00-c2e958ff32e97dc4c3336062ce1eadd9-a799acbee1eb569f-00",
        "User-Agent": "azsdk-net-ResourceManager/1.7.0 (.NET Framework 4.8.9167.0; Microsoft Windows 10.0.22621 )",
        "x-ms-client-request-id": "6ac0e875ca5c47e4cc0d45d77e5fbc73",
        "x-ms-return-client-request-id": "true"
      },
      "RequestBody": null,
      "StatusCode": 200,
      "ResponseHeaders": {
        "Cache-Control": "no-cache",
        "Content-Length": "612",
        "Content-Type": "application/json; charset=utf-8",
        "Date": "Mon, 04 Sep 2023 02:31:39 GMT",
        "ETag": "\u00223c004f12-0000-0800-0000-64f5416e0000\u0022",
        "Expires": "-1",
        "Pragma": "no-cache",
        "Strict-Transport-Security": "max-age=31536000; includeSubDomains",
        "X-Cache": "CONFIG_NOCACHE",
        "X-Content-Type-Options": "nosniff",
        "x-ms-client-request-id": "6ac0e875ca5c47e4cc0d45d77e5fbc73",
        "x-ms-correlation-request-id": "792d9a21-f186-4750-9848-968969f6fccb",
        "x-ms-ratelimit-remaining-subscription-reads": "11999",
        "x-ms-request-id": "9fde3853-8bc7-4472-bb5e-a88273045ffd",
        "x-ms-routing-request-id": "CANADAEAST:20230904T023140Z:792d9a21-f186-4750-9848-968969f6fccb",
        "X-MSEdge-Ref": "Ref A: C1CEC41339864B4D9C92220C2D356E80 Ref B: CO6AA3150217049 Ref C: 2023-09-04T02:31:39Z"
      },
      "ResponseBody": {
        "id": "/subscriptions/8443df5e-8e12-4cd9-810e-c525196fecae/providers/Microsoft.Communication/locations/westus2/operationStatuses/c484244e-235c-43ae-ab1d-a0095606939d*5E4B3B628A9D59363853FB0473CE446CE8755F3199F480B3371B98314F10732D",
        "name": "c484244e-235c-43ae-ab1d-a0095606939d*5E4B3B628A9D59363853FB0473CE446CE8755F3199F480B3371B98314F10732D",
        "resourceId": "/subscriptions/8443df5e-8e12-4cd9-810e-c525196fecae/resourceGroups/Communication-RG-8888/providers/Microsoft.Communication/communicationServices/communication-service-7277",
        "status": "Succeeded",
        "startTime": "2023-09-04T02:29:27.9939832Z",
        "properties": null
      }
    }
  ],
  "Variables": {
    "AZURE_AUTHORITY_HOST": "https://login.microsoftonline.com",
    "RandomSeed": "43242597",
    "RESOURCE_MANAGER_URL": "https://management.azure.com/",
    "SUBSCRIPTION_ID": "8443df5e-8e12-4cd9-810e-c525196fecae"
  }
}
