{
  "Entries": [
    {
      "RequestUri": "https://sanitized/identities?api-version=2023-10-01",
      "RequestMethod": "POST",
      "RequestHeaders": {
        "Accept": "application/json",
        "Accept-Encoding": "gzip, deflate",
        "Authorization": "Sanitized",
        "Connection": "keep-alive",
        "Content-Length": "0",
        "Content-Type": "application/json",
        "User-Agent": "azsdk-python-communication-identity/1.5.1 Python/3.11.9 (Windows-10-10.0.26100-SP0)",
        "x-ms-client-request-id": "sanitized",
        "x-ms-content-sha256": "sanitized",
        "x-ms-date": "sanitized",
        "x-ms-return-client-request-id": "true"
      },
      "RequestBody": null,
      "StatusCode": 201,
      "ResponseHeaders": {
        "api-supported-versions": "2020-07-20-preview2, 2021-03-07, 2021-10-31-preview, 2021-11-01, 2022-06-01, 2022-10-01, 2023-10-01, 2025-04-01-preview",
        "Connection": "keep-alive",
        "Content-Length": "101",
        "Content-Type": "application/json; charset=utf-8",
        "Date": "sanitized",
        "MS-CV": "sanitized",
        "Request-Context": "appId=",
        "Strict-Transport-Security": "max-age=31536000;includeSubDomains",
        "x-azure-ref": "sanitized",
        "X-Cache": "CONFIG_NOCACHE",
        "x-ms-client-request-id": "sanitized",
        "X-Processing-Time": "19ms"
      },
      "ResponseBody": {
        "identity": {
          "id": "8:acs:6d889502-3d7a-41a8-befa-d21fd80e8767_00000025-ff5c-6c9a-08d5-363a0d00bd22"
        }
      }
    },
    {
      "RequestUri": "https://sanitized/identities?api-version=2023-10-01",
      "RequestMethod": "POST",
      "RequestHeaders": {
        "Accept": "application/json",
        "Accept-Encoding": "gzip, deflate",
        "Authorization": "Sanitized",
        "Connection": "keep-alive",
        "Content-Length": "0",
        "Content-Type": "application/json",
        "User-Agent": "azsdk-python-communication-identity/1.5.1 Python/3.11.9 (Windows-10-10.0.26100-SP0)",
        "x-ms-client-request-id": "sanitized",
        "x-ms-content-sha256": "sanitized",
        "x-ms-date": "sanitized",
        "x-ms-return-client-request-id": "true"
      },
      "RequestBody": null,
      "StatusCode": 201,
      "ResponseHeaders": {
        "api-supported-versions": "2020-07-20-preview2, 2021-03-07, 2021-10-31-preview, 2021-11-01, 2022-06-01, 2022-10-01, 2023-10-01, 2025-04-01-preview",
        "Connection": "keep-alive",
        "Content-Length": "101",
        "Content-Type": "application/json; charset=utf-8",
        "Date": "sanitized",
        "MS-CV": "sanitized",
        "Request-Context": "appId=",
        "Strict-Transport-Security": "max-age=31536000;includeSubDomains",
        "x-azure-ref": "sanitized",
        "X-Cache": "CONFIG_NOCACHE",
        "x-ms-client-request-id": "sanitized",
        "X-Processing-Time": "14ms"
      },
      "ResponseBody": {
        "identity": {
          "id": "8:acs:6d889502-3d7a-41a8-befa-d21fd80e8767_00000025-ff5c-6da3-08d5-363a0d00bd23"
        }
      }
    },
    {
      "RequestUri": "https://sanitized/calling/callConnections?api-version=2024-09-01-preview",
      "RequestMethod": "POST",
      "RequestHeaders": {
        "Accept": "application/json",
        "Accept-Encoding": "gzip, deflate",
        "Authorization": "Sanitized",
        "Connection": "keep-alive",
        "Content-Length": "347",
        "Content-Type": "application/json",
        "Repeatability-First-Sent": "sanitized",
        "Repeatability-Request-ID": "sanitized",
        "User-Agent": "azsdk-python-communication-callautomation/1.4.0b2 Python/3.11.9 (Windows-10-10.0.26100-SP0)",
        "x-ms-client-request-id": "sanitized",
        "x-ms-content-sha256": "sanitized",
        "x-ms-date": "sanitized",
        "x-ms-return-client-request-id": "true"
      },
      "RequestBody": {
        "targets": [
          {
            "rawId": "8:acs:6d889502-3d7a-41a8-befa-d21fd80e8767_00000025-ff5c-6da3-08d5-363a0d00bd23",
            "communicationUser": {
              "id": "8:acs:6d889502-3d7a-41a8-befa-d21fd80e8767_00000025-ff5c-6da3-08d5-363a0d00bd23"
            }
          }
        ],
        "source": {
          "id": "8:acs:6d889502-3d7a-41a8-befa-d21fd80e8767_00000025-ff5c-6c9a-08d5-363a0d00bd22"
        },
        "callbackUri": "https://sanitized/"
      },
      "StatusCode": 201,
      "ResponseHeaders": {
        "Connection": "keep-alive",
        "Content-Length": "934",
        "Content-Type": "application/json; charset=utf-8",
        "Date": "sanitized",
        "Strict-Transport-Security": "max-age=31536000;includeSubDomains",
        "x-azure-ref": "sanitized",
        "X-Cache": "CONFIG_NOCACHE",
        "X-Microsoft-Skype-Chain-ID": "2e2b2c85-f876-4a27-92fd-e280c0acd938",
        "X-Microsoft-Skype-Client": "azsdk-python-communication-callautomation/1.4.0b2 Python/3.11.9 (Windows-10-10.0.26100-SP0)",
        "x-ms-client-request-id": "sanitized"
      },
      "ResponseBody": {
        "callConnectionId": "07002680-ad76-4e73-aa68-67fbdbb5fe2d",
        "targets": [
          {
            "rawId": "8:acs:6d889502-3d7a-41a8-befa-d21fd80e8767_00000025-ff5c-6da3-08d5-363a0d00bd23",
            "kind": "communicationUser",
            "communicationUser": {
              "id": "8:acs:6d889502-3d7a-41a8-befa-d21fd80e8767_00000025-ff5c-6da3-08d5-363a0d00bd23"
            }
          }
        ],
        "callConnectionState": "connecting",
        "callbackUri": "https://sanitized/",
        "sourceDisplayName": "",
        "source": {
          "rawId": "8:acs:6d889502-3d7a-41a8-befa-d21fd80e8767_00000025-ff5c-6c9a-08d5-363a0d00bd22",
          "kind": "communicationUser",
          "communicationUser": {
            "id": "8:acs:6d889502-3d7a-41a8-befa-d21fd80e8767_00000025-ff5c-6c9a-08d5-363a0d00bd22"
          }
        },
        "correlationId": "2e2b2c85-f876-4a27-92fd-e280c0acd938",
        "mediaSubscriptionId": "7eb568c4-e0f7-4103-bfee-655c61ec26a1",
        "dataSubscriptionId": "42785966-eccc-4e4f-98e4-8c7e044f23dc",
        "mediaStreamingSubscription": {
          "id": "7eb568c4-e0f7-4103-bfee-655c61ec26a1",
          "state": "disabled",
          "subscribedContentTypes": [
            "audio"
          ]
        }
      }
    },
    {
      "RequestUri": "https://sanitized/calling/callConnections:answer?api-version=2024-09-01-preview",
      "RequestMethod": "POST",
      "RequestHeaders": {
        "Accept": "application/json",
        "Accept-Encoding": "gzip, deflate",
        "Authorization": "Sanitized",
        "Connection": "keep-alive",
        "Content-Length": "171",
        "Content-Type": "application/json",
        "Repeatability-First-Sent": "sanitized",
        "Repeatability-Request-ID": "sanitized",
        "User-Agent": "azsdk-python-communication-callautomation/1.4.0b2 Python/3.11.9 (Windows-10-10.0.26100-SP0)",
        "x-ms-client-request-id": "sanitized",
        "x-ms-content-sha256": "sanitized",
        "x-ms-date": "sanitized",
        "x-ms-return-client-request-id": "true"
      },
      "RequestBody": {
        "incomingCallContext": "REDACTED",
        "callbackUri": "https://sanitized/",
        "answeredBy": {
          "id": "8:acs:6d889502-3d7a-41a8-befa-d21fd80e8767_00000025-ff5c-6da3-08d5-363a0d00bd23"
        }
      },
      "StatusCode": 200,
      "ResponseHeaders": {
        "Accept-Ranges": "bytes",
        "Connection": "keep-alive",
        "Content-Length": "1219",
        "Content-Type": "application/json; charset=utf-8",
        "Date": "sanitized",
        "Strict-Transport-Security": "max-age=31536000;includeSubDomains",
        "x-azure-ref": "sanitized",
        "X-Cache": "CONFIG_NOCACHE",
        "X-Microsoft-Skype-Chain-ID": "2e2b2c85-f876-4a27-92fd-e280c0acd938",
        "X-Microsoft-Skype-Client": "azsdk-python-communication-callautomation/1.4.0b2 Python/3.11.9 (Windows-10-10.0.26100-SP0)",
        "x-ms-client-request-id": "sanitized"
      },
      "ResponseBody": {
        "callConnectionId": "07002680-d4b0-493a-97ac-7545541c1939",
        "serverCallId": "aHR0cHM6Ly9hcGkuZmxpZ2h0cHJveHkuc2t5cGUuY29tL2FwaS92Mi9jcC9jb252LWpwd2UtMDItcHJvZC1ha3MuY29udi5za3lwZS5jb20vY29udi93UjJEUEt2b3ZVQ094R2l6eC1wdVdBP2k9MTAtNjAtNy0wJmU9NjM4NzYzOTUxODY2MTU1NzUy",
        "targets": [
          {
            "rawId": "8:acs:6d889502-3d7a-41a8-befa-d21fd80e8767_00000025-ff5c-6da3-08d5-363a0d00bd23",
            "kind": "communicationUser",
            "communicationUser": {
              "id": "8:acs:6d889502-3d7a-41a8-befa-d21fd80e8767_00000025-ff5c-6da3-08d5-363a0d00bd23"
            }
          }
        ],
        "callConnectionState": "connecting",
        "callbackUri": "https://sanitized/",
        "source": {
          "rawId": "8:acs:6d889502-3d7a-41a8-befa-d21fd80e8767_00000025-ff5c-6c9a-08d5-363a0d00bd22",
          "kind": "communicationUser",
          "communicationUser": {
            "id": "8:acs:6d889502-3d7a-41a8-befa-d21fd80e8767_00000025-ff5c-6c9a-08d5-363a0d00bd22"
          }
        },
        "correlationId": "2e2b2c85-f876-4a27-92fd-e280c0acd938",
        "answeredBy": {
          "id": "8:acs:6d889502-3d7a-41a8-befa-d21fd80e8767_00000025-ff5c-6da3-08d5-363a0d00bd23"
        },
        "mediaSubscriptionId": "e90ddf8e-7ed1-4976-901a-3eac88bd424b",
        "dataSubscriptionId": "2286a85f-3dd3-4a42-8959-01617c6bcbba",
        "mediaStreamingSubscription": {
          "id": "e90ddf8e-7ed1-4976-901a-3eac88bd424b",
          "state": "disabled",
          "subscribedContentTypes": [
            "audio"
          ]
        }
      }
    },
    {
      "RequestUri": "https://sanitized/calling/callConnections/07002680-ad76-4e73-aa68-67fbdbb5fe2d:terminate?api-version=2024-09-01-preview",
      "RequestMethod": "POST",
      "RequestHeaders": {
        "Accept": "application/json",
        "Accept-Encoding": "gzip, deflate",
        "Authorization": "Sanitized",
        "Connection": "keep-alive",
        "Content-Length": "0",
        "Repeatability-First-Sent": "sanitized",
        "Repeatability-Request-ID": "sanitized",
        "User-Agent": "azsdk-python-communication-callautomation/1.4.0b2 Python/3.11.9 (Windows-10-10.0.26100-SP0)",
        "x-ms-client-request-id": "sanitized",
        "x-ms-content-sha256": "sanitized",
        "x-ms-date": "sanitized",
        "x-ms-return-client-request-id": "true"
      },
      "RequestBody": null,
      "StatusCode": 204,
      "ResponseHeaders": {
        "Connection": "keep-alive",
        "Content-Length": "0",
        "Date": "sanitized",
        "Repeatability-Result": "accepted",
        "Strict-Transport-Security": "max-age=31536000;includeSubDomains",
        "x-azure-ref": "sanitized",
        "X-Cache": "CONFIG_NOCACHE",
        "X-Microsoft-Skype-Chain-ID": "2e2b2c85-f876-4a27-92fd-e280c0acd938",
        "X-Microsoft-Skype-Client": "azsdk-python-communication-callautomation/1.4.0b2 Python/3.11.9 (Windows-10-10.0.26100-SP0)",
        "x-ms-client-request-id": "sanitized"
      },
      "ResponseBody": null
    }
  ],
  "Variables": {}
}
