{
  "Entries": [
    {
      "RequestUri": "https://sanitized/identities?api-version=2023-10-01",
      "RequestMethod": "POST",
      "RequestHeaders": {
        "Accept": "application/json",
        "Accept-Encoding": "gzip, deflate",
        "Authorization": "Sanitized",
        "Connection": "keep-alive",
        "Content-Length": "0",
        "Content-Type": "application/json",
        "User-Agent": "azsdk-python-communication-identity/1.5.1 Python/3.11.9 (Windows-10-10.0.26100-SP0)",
        "x-ms-client-request-id": "sanitized",
        "x-ms-content-sha256": "sanitized",
        "x-ms-date": "sanitized",
        "x-ms-return-client-request-id": "true"
      },
      "RequestBody": null,
      "StatusCode": 201,
      "ResponseHeaders": {
        "api-supported-versions": "2020-07-20-preview2, 2021-03-07, 2021-10-31-preview, 2021-11-01, 2022-06-01, 2022-10-01, 2023-10-01, 2025-04-01-preview",
        "Connection": "keep-alive",
        "Content-Length": "101",
        "Content-Type": "application/json; charset=utf-8",
        "Date": "sanitized",
        "MS-CV": "sanitized",
        "Request-Context": "appId=",
        "Strict-Transport-Security": "max-age=31536000;includeSubDomains",
        "x-azure-ref": "sanitized",
        "X-Cache": "CONFIG_NOCACHE",
        "x-ms-client-request-id": "sanitized",
        "X-Processing-Time": "13ms"
      },
      "ResponseBody": {
        "identity": {
          "id": "8:acs:6d889502-3d7a-41a8-befa-d21fd80e8767_00000025-fa8c-b461-78fe-343a0d0024bb"
        }
      }
    },
    {
      "RequestUri": "https://sanitized/identities?api-version=2023-10-01",
      "RequestMethod": "POST",
      "RequestHeaders": {
        "Accept": "application/json",
        "Accept-Encoding": "gzip, deflate",
        "Authorization": "Sanitized",
        "Connection": "keep-alive",
        "Content-Length": "0",
        "Content-Type": "application/json",
        "User-Agent": "azsdk-python-communication-identity/1.5.1 Python/3.11.9 (Windows-10-10.0.26100-SP0)",
        "x-ms-client-request-id": "sanitized",
        "x-ms-content-sha256": "sanitized",
        "x-ms-date": "sanitized",
        "x-ms-return-client-request-id": "true"
      },
      "RequestBody": null,
      "StatusCode": 201,
      "ResponseHeaders": {
        "api-supported-versions": "2020-07-20-preview2, 2021-03-07, 2021-10-31-preview, 2021-11-01, 2022-06-01, 2022-10-01, 2023-10-01, 2025-04-01-preview",
        "Connection": "keep-alive",
        "Content-Length": "101",
        "Content-Type": "application/json; charset=utf-8",
        "Date": "sanitized",
        "MS-CV": "sanitized",
        "Request-Context": "appId=",
        "Strict-Transport-Security": "max-age=31536000;includeSubDomains",
        "x-azure-ref": "sanitized",
        "X-Cache": "CONFIG_NOCACHE",
        "x-ms-client-request-id": "sanitized",
        "X-Processing-Time": "14ms"
      },
      "ResponseBody": {
        "identity": {
          "id": "8:acs:6d889502-3d7a-41a8-befa-d21fd80e8767_00000025-fa8c-b559-78fe-343a0d0024bc"
        }
      }
    },
    {
      "RequestUri": "https://sanitized/identities?api-version=2023-10-01",
      "RequestMethod": "POST",
      "RequestHeaders": {
        "Accept": "application/json",
        "Accept-Encoding": "gzip, deflate",
        "Authorization": "Sanitized",
        "Connection": "keep-alive",
        "Content-Length": "0",
        "Content-Type": "application/json",
        "User-Agent": "azsdk-python-communication-identity/1.5.1 Python/3.11.9 (Windows-10-10.0.26100-SP0)",
        "x-ms-client-request-id": "sanitized",
        "x-ms-content-sha256": "sanitized",
        "x-ms-date": "sanitized",
        "x-ms-return-client-request-id": "true"
      },
      "RequestBody": null,
      "StatusCode": 201,
      "ResponseHeaders": {
        "api-supported-versions": "2020-07-20-preview2, 2021-03-07, 2021-10-31-preview, 2021-11-01, 2022-06-01, 2022-10-01, 2023-10-01, 2025-04-01-preview",
        "Connection": "keep-alive",
        "Content-Length": "101",
        "Content-Type": "application/json; charset=utf-8",
        "Date": "sanitized",
        "MS-CV": "sanitized",
        "Request-Context": "appId=",
        "Strict-Transport-Security": "max-age=31536000;includeSubDomains",
        "x-azure-ref": "sanitized",
        "X-Cache": "CONFIG_NOCACHE",
        "x-ms-client-request-id": "sanitized",
        "X-Processing-Time": "13ms"
      },
      "ResponseBody": {
        "identity": {
          "id": "8:acs:6d889502-3d7a-41a8-befa-d21fd80e8767_00000025-fa8c-b64f-78fe-343a0d0024bd"
        }
      }
    },
    {
      "RequestUri": "https://sanitized/calling/callConnections?api-version=2024-09-01-preview",
      "RequestMethod": "POST",
      "RequestHeaders": {
        "Accept": "application/json",
        "Accept-Encoding": "gzip, deflate",
        "Authorization": "Sanitized",
        "Connection": "keep-alive",
        "Content-Length": "347",
        "Content-Type": "application/json",
        "Repeatability-First-Sent": "sanitized",
        "Repeatability-Request-ID": "sanitized",
        "User-Agent": "azsdk-python-communication-callautomation/1.4.0b2 Python/3.11.9 (Windows-10-10.0.26100-SP0)",
        "x-ms-client-request-id": "sanitized",
        "x-ms-content-sha256": "sanitized",
        "x-ms-date": "sanitized",
        "x-ms-return-client-request-id": "true"
      },
      "RequestBody": {
        "targets": [
          {
            "rawId": "8:acs:6d889502-3d7a-41a8-befa-d21fd80e8767_00000025-fa8c-b559-78fe-343a0d0024bc",
            "communicationUser": {
              "id": "8:acs:6d889502-3d7a-41a8-befa-d21fd80e8767_00000025-fa8c-b559-78fe-343a0d0024bc"
            }
          }
        ],
        "source": {
          "id": "8:acs:6d889502-3d7a-41a8-befa-d21fd80e8767_00000025-fa8c-b461-78fe-343a0d0024bb"
        },
        "callbackUri": "https://sanitized/"
      },
      "StatusCode": 201,
      "ResponseHeaders": {
        "Connection": "keep-alive",
        "Content-Length": "934",
        "Content-Type": "application/json; charset=utf-8",
        "Date": "sanitized",
        "Strict-Transport-Security": "max-age=31536000;includeSubDomains",
        "x-azure-ref": "sanitized",
        "X-Cache": "CONFIG_NOCACHE",
        "X-Microsoft-Skype-Chain-ID": "fc5c0f4a-542c-49dc-b04f-63aae45b96f7",
        "X-Microsoft-Skype-Client": "azsdk-python-communication-callautomation/1.4.0b2 Python/3.11.9 (Windows-10-10.0.26100-SP0)",
        "x-ms-client-request-id": "sanitized"
      },
      "ResponseBody": {
        "callConnectionId": "02002680-93f8-4fc9-94c4-bdf41a0e7585",
        "targets": [
          {
            "rawId": "8:acs:6d889502-3d7a-41a8-befa-d21fd80e8767_00000025-fa8c-b559-78fe-343a0d0024bc",
            "kind": "communicationUser",
            "communicationUser": {
              "id": "8:acs:6d889502-3d7a-41a8-befa-d21fd80e8767_00000025-fa8c-b559-78fe-343a0d0024bc"
            }
          }
        ],
        "callConnectionState": "connecting",
        "callbackUri": "https://sanitized/",
        "sourceDisplayName": "",
        "source": {
          "rawId": "8:acs:6d889502-3d7a-41a8-befa-d21fd80e8767_00000025-fa8c-b461-78fe-343a0d0024bb",
          "kind": "communicationUser",
          "communicationUser": {
            "id": "8:acs:6d889502-3d7a-41a8-befa-d21fd80e8767_00000025-fa8c-b461-78fe-343a0d0024bb"
          }
        },
        "correlationId": "fc5c0f4a-542c-49dc-b04f-63aae45b96f7",
        "mediaSubscriptionId": "6bd371b7-5904-4056-9af4-472e73ca88a9",
        "dataSubscriptionId": "a8c593c9-94ce-48c2-b5a9-f1a1c16b196d",
        "mediaStreamingSubscription": {
          "id": "6bd371b7-5904-4056-9af4-472e73ca88a9",
          "state": "disabled",
          "subscribedContentTypes": [
            "audio"
          ]
        }
      }
    },
    {
      "RequestUri": "https://sanitized/calling/callConnections:answer?api-version=2024-09-01-preview",
      "RequestMethod": "POST",
      "RequestHeaders": {
        "Accept": "application/json",
        "Accept-Encoding": "gzip, deflate",
        "Authorization": "Sanitized",
        "Connection": "keep-alive",
        "Content-Length": "171",
        "Content-Type": "application/json",
        "Repeatability-First-Sent": "sanitized",
        "Repeatability-Request-ID": "sanitized",
        "User-Agent": "azsdk-python-communication-callautomation/1.4.0b2 Python/3.11.9 (Windows-10-10.0.26100-SP0)",
        "x-ms-client-request-id": "sanitized",
        "x-ms-content-sha256": "sanitized",
        "x-ms-date": "sanitized",
        "x-ms-return-client-request-id": "true"
      },
      "RequestBody": {
        "incomingCallContext": "REDACTED",
        "callbackUri": "https://sanitized/",
        "answeredBy": {
          "id": "8:acs:6d889502-3d7a-41a8-befa-d21fd80e8767_00000025-fa8c-b559-78fe-343a0d0024bc"
        }
      },
      "StatusCode": 200,
      "ResponseHeaders": {
        "Accept-Ranges": "bytes",
        "Connection": "keep-alive",
        "Content-Length": "1223",
        "Content-Type": "application/json; charset=utf-8",
        "Date": "sanitized",
        "Strict-Transport-Security": "max-age=31536000;includeSubDomains",
        "x-azure-ref": "sanitized",
        "X-Cache": "CONFIG_NOCACHE",
        "X-Microsoft-Skype-Chain-ID": "fc5c0f4a-542c-49dc-b04f-63aae45b96f7",
        "X-Microsoft-Skype-Client": "azsdk-python-communication-callautomation/1.4.0b2 Python/3.11.9 (Windows-10-10.0.26100-SP0)",
        "x-ms-client-request-id": "sanitized"
      },
      "ResponseBody": {
        "callConnectionId": "02002680-e645-4e53-9537-3a5f22a6b443",
        "serverCallId": "aHR0cHM6Ly9hcGkuZmxpZ2h0cHJveHkuc2t5cGUuY29tL2FwaS92Mi9jcC9jb252LWpwd2UtMDUtcHJvZC1ha3MuY29udi5za3lwZS5jb20vY29udi9nRFR0ZkFrRDJFRzl6VmZJNE9XRHZRP2k9MTAtNjAtMzAtMTE1JmU9NjM4NzYzOTUxODA4ODc4NDMw",
        "targets": [
          {
            "rawId": "8:acs:6d889502-3d7a-41a8-befa-d21fd80e8767_00000025-fa8c-b559-78fe-343a0d0024bc",
            "kind": "communicationUser",
            "communicationUser": {
              "id": "8:acs:6d889502-3d7a-41a8-befa-d21fd80e8767_00000025-fa8c-b559-78fe-343a0d0024bc"
            }
          }
        ],
        "callConnectionState": "connecting",
        "callbackUri": "https://sanitized/",
        "source": {
          "rawId": "8:acs:6d889502-3d7a-41a8-befa-d21fd80e8767_00000025-fa8c-b461-78fe-343a0d0024bb",
          "kind": "communicationUser",
          "communicationUser": {
            "id": "8:acs:6d889502-3d7a-41a8-befa-d21fd80e8767_00000025-fa8c-b461-78fe-343a0d0024bb"
          }
        },
        "correlationId": "fc5c0f4a-542c-49dc-b04f-63aae45b96f7",
        "answeredBy": {
          "id": "8:acs:6d889502-3d7a-41a8-befa-d21fd80e8767_00000025-fa8c-b559-78fe-343a0d0024bc"
        },
        "mediaSubscriptionId": "fea7e9ed-ba1e-45ff-9b5f-a8fd1798b4fb",
        "dataSubscriptionId": "8b31303e-53ec-48d4-80f4-714906550fec",
        "mediaStreamingSubscription": {
          "id": "fea7e9ed-ba1e-45ff-9b5f-a8fd1798b4fb",
          "state": "disabled",
          "subscribedContentTypes": [
            "audio"
          ]
        }
      }
    },
    {
      "RequestUri": "https://sanitized/calling/callConnections/02002680-93f8-4fc9-94c4-bdf41a0e7585/participants:add?api-version=2024-09-01-preview",
      "RequestMethod": "POST",
      "RequestHeaders": {
        "Accept": "application/json",
        "Accept-Encoding": "gzip, deflate",
        "Authorization": "Sanitized",
        "Connection": "keep-alive",
        "Content-Length": "226",
        "Content-Type": "application/json",
        "Repeatability-First-Sent": "sanitized",
        "Repeatability-Request-ID": "sanitized",
        "User-Agent": "azsdk-python-communication-callautomation/1.4.0b2 Python/3.11.9 (Windows-10-10.0.26100-SP0)",
        "x-ms-client-request-id": "sanitized",
        "x-ms-content-sha256": "sanitized",
        "x-ms-date": "sanitized",
        "x-ms-return-client-request-id": "true"
      },
      "RequestBody": {
        "participantToAdd": {
          "rawId": "8:acs:6d889502-3d7a-41a8-befa-d21fd80e8767_00000025-fa8c-b64f-78fe-343a0d0024bd",
          "communicationUser": {
            "id": "8:acs:6d889502-3d7a-41a8-befa-d21fd80e8767_00000025-fa8c-b64f-78fe-343a0d0024bd"
          }
        }
      },
      "StatusCode": 202,
      "ResponseHeaders": {
        "Connection": "keep-alive",
        "Content-Length": "345",
        "Content-Type": "application/json; charset=utf-8",
        "Date": "sanitized",
        "Repeatability-Result": "accepted",
        "Strict-Transport-Security": "max-age=31536000;includeSubDomains",
        "x-azure-ref": "sanitized",
        "X-Cache": "CONFIG_NOCACHE",
        "X-Microsoft-Skype-Chain-ID": "fc5c0f4a-542c-49dc-b04f-63aae45b96f7",
        "X-Microsoft-Skype-Client": "azsdk-python-communication-callautomation/1.4.0b2 Python/3.11.9 (Windows-10-10.0.26100-SP0)",
        "x-ms-client-request-id": "sanitized"
      },
      "ResponseBody": {
        "participant": {
          "identifier": {
            "rawId": "8:acs:6d889502-3d7a-41a8-befa-d21fd80e8767_00000025-fa8c-b64f-78fe-343a0d0024bd",
            "kind": "communicationUser",
            "communicationUser": {
              "id": "8:acs:6d889502-3d7a-41a8-befa-d21fd80e8767_00000025-fa8c-b64f-78fe-343a0d0024bd"
            }
          },
          "isMuted": false,
          "isOnHold": false
        },
        "invitationId": "68f7acb0-210f-4ea5-9b08-19367306e7fe"
      }
    },
    {
      "RequestUri": "https://sanitized/calling/callConnections/02002680-93f8-4fc9-94c4-bdf41a0e7585/participants:mute?api-version=2024-09-01-preview",
      "RequestMethod": "POST",
      "RequestHeaders": {
        "Accept": "application/json",
        "Accept-Encoding": "gzip, deflate",
        "Authorization": "Sanitized",
        "Connection": "keep-alive",
        "Content-Length": "283",
        "Content-Type": "application/json",
        "Repeatability-First-Sent": "sanitized",
        "Repeatability-Request-ID": "sanitized",
        "User-Agent": "azsdk-python-communication-callautomation/1.4.0b2 Python/3.11.9 (Windows-10-10.0.26100-SP0)",
        "x-ms-client-request-id": "sanitized",
        "x-ms-content-sha256": "sanitized",
        "x-ms-date": "sanitized",
        "x-ms-return-client-request-id": "true"
      },
      "RequestBody": {
        "targetParticipants": [
          {
            "rawId": "8:acs:6d889502-3d7a-41a8-befa-d21fd80e8767_00000025-fa8c-b559-78fe-343a0d0024bc",
            "communicationUser": {
              "id": "8:acs:6d889502-3d7a-41a8-befa-d21fd80e8767_00000025-fa8c-b559-78fe-343a0d0024bc"
            }
          }
        ],
        "operationContext": "muting_add_target_participant"
      },
      "StatusCode": 200,
      "ResponseHeaders": {
        "Accept-Ranges": "bytes",
        "Connection": "keep-alive",
        "Content-Length": "52",
        "Content-Type": "application/json; charset=utf-8",
        "Date": "sanitized",
        "Repeatability-Result": "accepted",
        "Strict-Transport-Security": "max-age=31536000;includeSubDomains",
        "x-azure-ref": "sanitized",
        "X-Cache": "CONFIG_NOCACHE",
        "X-Microsoft-Skype-Chain-ID": "fc5c0f4a-542c-49dc-b04f-63aae45b96f7",
        "X-Microsoft-Skype-Client": "azsdk-python-communication-callautomation/1.4.0b2 Python/3.11.9 (Windows-10-10.0.26100-SP0)",
        "x-ms-client-request-id": "sanitized"
      },
      "ResponseBody": {
        "operationContext": "muting_add_target_participant"
      }
    },
    {
      "RequestUri": "https://sanitized/calling/callConnections/02002680-93f8-4fc9-94c4-bdf41a0e7585/participants/8%3Aacs%3A6d889502-3d7a-41a8-befa-d21fd80e8767_00000025-fa8c-b559-78fe-343a0d0024bc?api-version=2024-09-01-preview",
      "RequestMethod": "GET",
      "RequestHeaders": {
        "Accept": "application/json",
        "Accept-Encoding": "gzip, deflate",
        "Authorization": "Sanitized",
        "Connection": "keep-alive",
        "User-Agent": "azsdk-python-communication-callautomation/1.4.0b2 Python/3.11.9 (Windows-10-10.0.26100-SP0)",
        "x-ms-client-request-id": "sanitized",
        "x-ms-content-sha256": "sanitized",
        "x-ms-date": "sanitized",
        "x-ms-return-client-request-id": "true"
      },
      "RequestBody": null,
      "StatusCode": 200,
      "ResponseHeaders": {
        "Accept-Ranges": "bytes",
        "Connection": "keep-alive",
        "Content-Length": "274",
        "Content-Type": "application/json; charset=utf-8",
        "Date": "sanitized",
        "Strict-Transport-Security": "max-age=31536000;includeSubDomains",
        "x-azure-ref": "sanitized",
        "X-Cache": "CONFIG_NOCACHE",
        "X-Microsoft-Skype-Chain-ID": "fc5c0f4a-542c-49dc-b04f-63aae45b96f7",
        "X-Microsoft-Skype-Client": "azsdk-python-communication-callautomation/1.4.0b2 Python/3.11.9 (Windows-10-10.0.26100-SP0)",
        "x-ms-client-request-id": "sanitized"
      },
      "ResponseBody": {
        "identifier": {
          "rawId": "8:acs:6d889502-3d7a-41a8-befa-d21fd80e8767_00000025-fa8c-b559-78fe-343a0d0024bc",
          "kind": "communicationUser",
          "communicationUser": {
            "id": "8:acs:6d889502-3d7a-41a8-befa-d21fd80e8767_00000025-fa8c-b559-78fe-343a0d0024bc"
          }
        },
        "isMuted": true,
        "isOnHold": false
      }
    },
    {
      "RequestUri": "https://sanitized/calling/callConnections/02002680-93f8-4fc9-94c4-bdf41a0e7585:terminate?api-version=2024-09-01-preview",
      "RequestMethod": "POST",
      "RequestHeaders": {
        "Accept": "application/json",
        "Accept-Encoding": "gzip, deflate",
        "Authorization": "Sanitized",
        "Connection": "keep-alive",
        "Content-Length": "0",
        "Repeatability-First-Sent": "sanitized",
        "Repeatability-Request-ID": "sanitized",
        "User-Agent": "azsdk-python-communication-callautomation/1.4.0b2 Python/3.11.9 (Windows-10-10.0.26100-SP0)",
        "x-ms-client-request-id": "sanitized",
        "x-ms-content-sha256": "sanitized",
        "x-ms-date": "sanitized",
        "x-ms-return-client-request-id": "true"
      },
      "RequestBody": null,
      "StatusCode": 204,
      "ResponseHeaders": {
        "Connection": "keep-alive",
        "Content-Length": "0",
        "Date": "sanitized",
        "Repeatability-Result": "accepted",
        "Strict-Transport-Security": "max-age=31536000;includeSubDomains",
        "x-azure-ref": "sanitized",
        "X-Cache": "CONFIG_NOCACHE",
        "X-Microsoft-Skype-Chain-ID": "fc5c0f4a-542c-49dc-b04f-63aae45b96f7",
        "X-Microsoft-Skype-Client": "azsdk-python-communication-callautomation/1.4.0b2 Python/3.11.9 (Windows-10-10.0.26100-SP0)",
        "x-ms-client-request-id": "sanitized"
      },
      "ResponseBody": null
    }
  ],
  "Variables": {}
}
