{
  "Entries": [
    {
      "RequestUri": "https://sanitized/identities?api-version=2023-10-01",
      "RequestMethod": "POST",
      "RequestHeaders": {
        "Accept": "application/json",
        "Accept-Encoding": "gzip, deflate",
        "Authorization": "Sanitized",
        "Connection": "keep-alive",
        "Content-Length": "0",
        "Content-Type": "application/json",
        "User-Agent": "azsdk-python-communication-identity/1.5.1 Python/3.11.9 (Windows-10-10.0.26100-SP0)",
        "x-ms-client-request-id": "sanitized",
        "x-ms-content-sha256": "sanitized",
        "x-ms-date": "sanitized",
        "x-ms-return-client-request-id": "true"
      },
      "RequestBody": null,
      "StatusCode": 201,
      "ResponseHeaders": {
        "api-supported-versions": "2020-07-20-preview2, 2021-03-07, 2021-10-31-preview, 2021-11-01, 2022-06-01, 2022-10-01, 2023-10-01, 2025-04-01-preview",
        "Connection": "keep-alive",
        "Content-Length": "101",
        "Content-Type": "application/json; charset=utf-8",
        "Date": "sanitized",
        "MS-CV": "sanitized",
        "Request-Context": "appId=",
        "Strict-Transport-Security": "max-age=31536000;includeSubDomains",
        "x-azure-ref": "sanitized",
        "X-Cache": "CONFIG_NOCACHE",
        "x-ms-client-request-id": "sanitized",
        "X-Processing-Time": "17ms"
      },
      "ResponseBody": {
        "identity": {
          "id": "8:acs:6d889502-3d7a-41a8-befa-d21fd80e8767_00000025-ff63-02c6-48d8-363a0d00bfdc"
        }
      }
    },
    {
      "RequestUri": "https://sanitized/identities?api-version=2023-10-01",
      "RequestMethod": "POST",
      "RequestHeaders": {
        "Accept": "application/json",
        "Accept-Encoding": "gzip, deflate",
        "Authorization": "Sanitized",
        "Connection": "keep-alive",
        "Content-Length": "0",
        "Content-Type": "application/json",
        "User-Agent": "azsdk-python-communication-identity/1.5.1 Python/3.11.9 (Windows-10-10.0.26100-SP0)",
        "x-ms-client-request-id": "sanitized",
        "x-ms-content-sha256": "sanitized",
        "x-ms-date": "sanitized",
        "x-ms-return-client-request-id": "true"
      },
      "RequestBody": null,
      "StatusCode": 201,
      "ResponseHeaders": {
        "api-supported-versions": "2020-07-20-preview2, 2021-03-07, 2021-10-31-preview, 2021-11-01, 2022-06-01, 2022-10-01, 2023-10-01, 2025-04-01-preview",
        "Connection": "keep-alive",
        "Content-Length": "101",
        "Content-Type": "application/json; charset=utf-8",
        "Date": "sanitized",
        "MS-CV": "sanitized",
        "Request-Context": "appId=",
        "Strict-Transport-Security": "max-age=31536000;includeSubDomains",
        "x-azure-ref": "sanitized",
        "X-Cache": "CONFIG_NOCACHE",
        "x-ms-client-request-id": "sanitized",
        "X-Processing-Time": "15ms"
      },
      "ResponseBody": {
        "identity": {
          "id": "8:acs:6d889502-3d7a-41a8-befa-d21fd80e8767_00000025-ff63-03be-48d8-363a0d00bfdd"
        }
      }
    },
    {
      "RequestUri": "https://sanitized/calling/callConnections?api-version=2024-09-01-preview",
      "RequestMethod": "POST",
      "RequestHeaders": {
        "Accept": "application/json",
        "Accept-Encoding": "gzip, deflate",
        "Authorization": "Sanitized",
        "Connection": "keep-alive",
        "Content-Length": "424",
        "Content-Type": "application/json",
        "Repeatability-First-Sent": "sanitized",
        "Repeatability-Request-ID": "sanitized",
        "User-Agent": "azsdk-python-communication-callautomation/1.4.0b2 Python/3.11.9 (Windows-10-10.0.26100-SP0)",
        "x-ms-client-request-id": "sanitized",
        "x-ms-content-sha256": "sanitized",
        "x-ms-date": "sanitized",
        "x-ms-return-client-request-id": "true"
      },
      "RequestBody": {
        "targets": [
          {
            "rawId": "8:acs:6d889502-3d7a-41a8-befa-d21fd80e8767_00000025-ff63-03be-48d8-363a0d00bfdd",
            "communicationUser": {
              "id": "8:acs:6d889502-3d7a-41a8-befa-d21fd80e8767_00000025-ff63-03be-48d8-363a0d00bfdd"
            }
          }
        ],
        "source": {
          "id": "8:acs:6d889502-3d7a-41a8-befa-d21fd80e8767_00000025-ff63-02c6-48d8-363a0d00bfdc"
        },
        "callbackUri": "https://sanitized/",
        "callIntelligenceOptions": {
          "cognitiveServicesEndpoint": "https://sanitized/"
        }
      },
      "StatusCode": 201,
      "ResponseHeaders": {
        "Connection": "keep-alive",
        "Content-Length": "934",
        "Content-Type": "application/json; charset=utf-8",
        "Date": "sanitized",
        "Strict-Transport-Security": "max-age=31536000;includeSubDomains",
        "x-azure-ref": "sanitized",
        "X-Cache": "CONFIG_NOCACHE",
        "X-Microsoft-Skype-Chain-ID": "4f3107a3-ba2b-468f-8e60-aa21cb7128b9",
        "X-Microsoft-Skype-Client": "azsdk-python-communication-callautomation/1.4.0b2 Python/3.11.9 (Windows-10-10.0.26100-SP0)",
        "x-ms-client-request-id": "sanitized"
      },
      "ResponseBody": {
        "callConnectionId": "00002680-c098-4443-b1bb-4849e4265635",
        "targets": [
          {
            "rawId": "8:acs:6d889502-3d7a-41a8-befa-d21fd80e8767_00000025-ff63-03be-48d8-363a0d00bfdd",
            "kind": "communicationUser",
            "communicationUser": {
              "id": "8:acs:6d889502-3d7a-41a8-befa-d21fd80e8767_00000025-ff63-03be-48d8-363a0d00bfdd"
            }
          }
        ],
        "callConnectionState": "connecting",
        "callbackUri": "https://sanitized/",
        "sourceDisplayName": "",
        "source": {
          "rawId": "8:acs:6d889502-3d7a-41a8-befa-d21fd80e8767_00000025-ff63-02c6-48d8-363a0d00bfdc",
          "kind": "communicationUser",
          "communicationUser": {
            "id": "8:acs:6d889502-3d7a-41a8-befa-d21fd80e8767_00000025-ff63-02c6-48d8-363a0d00bfdc"
          }
        },
        "correlationId": "4f3107a3-ba2b-468f-8e60-aa21cb7128b9",
        "mediaSubscriptionId": "70091c82-3d8b-4c23-b972-957710dc20b1",
        "dataSubscriptionId": "d23d6436-cd4f-432f-86bd-8be10484ba13",
        "mediaStreamingSubscription": {
          "id": "70091c82-3d8b-4c23-b972-957710dc20b1",
          "state": "disabled",
          "subscribedContentTypes": [
            "audio"
          ]
        }
      }
    },
    {
      "RequestUri": "https://sanitized/calling/callConnections:answer?api-version=2024-09-01-preview",
      "RequestMethod": "POST",
      "RequestHeaders": {
        "Accept": "application/json",
        "Accept-Encoding": "gzip, deflate",
        "Authorization": "Sanitized",
        "Connection": "keep-alive",
        "Content-Length": "171",
        "Content-Type": "application/json",
        "Repeatability-First-Sent": "sanitized",
        "Repeatability-Request-ID": "sanitized",
        "User-Agent": "azsdk-python-communication-callautomation/1.4.0b2 Python/3.11.9 (Windows-10-10.0.26100-SP0)",
        "x-ms-client-request-id": "sanitized",
        "x-ms-content-sha256": "sanitized",
        "x-ms-date": "sanitized",
        "x-ms-return-client-request-id": "true"
      },
      "RequestBody": {
        "incomingCallContext": "REDACTED",
        "callbackUri": "https://sanitized/",
        "answeredBy": {
          "id": "8:acs:6d889502-3d7a-41a8-befa-d21fd80e8767_00000025-ff63-03be-48d8-363a0d00bfdd"
        }
      },
      "StatusCode": 200,
      "ResponseHeaders": {
        "Accept-Ranges": "bytes",
        "Connection": "keep-alive",
        "Content-Length": "1223",
        "Content-Type": "application/json; charset=utf-8",
        "Date": "sanitized",
        "Strict-Transport-Security": "max-age=31536000;includeSubDomains",
        "x-azure-ref": "sanitized",
        "X-Cache": "CONFIG_NOCACHE",
        "X-Microsoft-Skype-Chain-ID": "4f3107a3-ba2b-468f-8e60-aa21cb7128b9",
        "X-Microsoft-Skype-Client": "azsdk-python-communication-callautomation/1.4.0b2 Python/3.11.9 (Windows-10-10.0.26100-SP0)",
        "x-ms-client-request-id": "sanitized"
      },
      "ResponseBody": {
        "callConnectionId": "00002680-2a28-4fce-9003-6c95a4bad549",
        "serverCallId": "aHR0cHM6Ly9hcGkuZmxpZ2h0cHJveHkuc2t5cGUuY29tL2FwaS92Mi9jcC9jb252LWpwd2UtMDUtcHJvZC1ha3MuY29udi5za3lwZS5jb20vY29udi9tNGtoMWs2QlcweWRSS3hNaVozbUd3P2k9MTAtNjAtMzQtOTAmZT02Mzg3NjM5NTIzMzAwNTQ2ODM=",
        "targets": [
          {
            "rawId": "8:acs:6d889502-3d7a-41a8-befa-d21fd80e8767_00000025-ff63-03be-48d8-363a0d00bfdd",
            "kind": "communicationUser",
            "communicationUser": {
              "id": "8:acs:6d889502-3d7a-41a8-befa-d21fd80e8767_00000025-ff63-03be-48d8-363a0d00bfdd"
            }
          }
        ],
        "callConnectionState": "connecting",
        "callbackUri": "https://sanitized/",
        "source": {
          "rawId": "8:acs:6d889502-3d7a-41a8-befa-d21fd80e8767_00000025-ff63-02c6-48d8-363a0d00bfdc",
          "kind": "communicationUser",
          "communicationUser": {
            "id": "8:acs:6d889502-3d7a-41a8-befa-d21fd80e8767_00000025-ff63-02c6-48d8-363a0d00bfdc"
          }
        },
        "correlationId": "4f3107a3-ba2b-468f-8e60-aa21cb7128b9",
        "answeredBy": {
          "id": "8:acs:6d889502-3d7a-41a8-befa-d21fd80e8767_00000025-ff63-03be-48d8-363a0d00bfdd"
        },
        "mediaSubscriptionId": "726b7d9b-bcde-4588-8299-c09568276625",
        "dataSubscriptionId": "1b6a02cb-ce3b-4dbc-912e-02f4dee389b4",
        "mediaStreamingSubscription": {
          "id": "726b7d9b-bcde-4588-8299-c09568276625",
          "state": "disabled",
          "subscribedContentTypes": [
            "audio"
          ]
        }
      }
    },
    {
      "RequestUri": "https://sanitized/calling/callConnections/00002680-c098-4443-b1bb-4849e4265635:play?api-version=2024-09-01-preview",
      "RequestMethod": "POST",
      "RequestHeaders": {
        "Accept": "application/json",
        "Accept-Encoding": "gzip, deflate",
        "Authorization": "Sanitized",
        "Connection": "keep-alive",
        "Content-Length": "262",
        "Content-Type": "application/json",
        "User-Agent": "azsdk-python-communication-callautomation/1.4.0b2 Python/3.11.9 (Windows-10-10.0.26100-SP0)",
        "x-ms-client-request-id": "sanitized",
        "x-ms-content-sha256": "sanitized",
        "x-ms-date": "sanitized",
        "x-ms-return-client-request-id": "true"
      },
      "RequestBody": {
        "playSources": [
          {
            "kind": "file",
            "file": {
              "uri": "https://REDACTED/prompt.wav"
            }
          },
          {
            "kind": "text",
            "text": {
              "text": "this is test.",
              "voiceName": "en-US-NancyNeural"
            }
          }
        ],
        "playTo": [],
        "playOptions": {
          "loop": false,
          "interruptCallMediaOperation": false,
          "interruptHoldAudio": false
        }
      },
      "StatusCode": 202,
      "ResponseHeaders": {
        "Connection": "keep-alive",
        "Content-Length": "0",
        "Date": "sanitized",
        "Strict-Transport-Security": "max-age=31536000;includeSubDomains",
        "x-azure-ref": "sanitized",
        "X-Cache": "CONFIG_NOCACHE",
        "X-Microsoft-Skype-Chain-ID": "4f3107a3-ba2b-468f-8e60-aa21cb7128b9",
        "X-Microsoft-Skype-Client": "azsdk-python-communication-callautomation/1.4.0b2 Python/3.11.9 (Windows-10-10.0.26100-SP0)",
        "x-ms-client-request-id": "sanitized"
      },
      "ResponseBody": null
    },
    {
      "RequestUri": "https://sanitized/calling/callConnections/00002680-c098-4443-b1bb-4849e4265635:terminate?api-version=2024-09-01-preview",
      "RequestMethod": "POST",
      "RequestHeaders": {
        "Accept": "application/json",
        "Accept-Encoding": "gzip, deflate",
        "Authorization": "Sanitized",
        "Connection": "keep-alive",
        "Content-Length": "0",
        "Repeatability-First-Sent": "sanitized",
        "Repeatability-Request-ID": "sanitized",
        "User-Agent": "azsdk-python-communication-callautomation/1.4.0b2 Python/3.11.9 (Windows-10-10.0.26100-SP0)",
        "x-ms-client-request-id": "sanitized",
        "x-ms-content-sha256": "sanitized",
        "x-ms-date": "sanitized",
        "x-ms-return-client-request-id": "true"
      },
      "RequestBody": null,
      "StatusCode": 204,
      "ResponseHeaders": {
        "Connection": "keep-alive",
        "Content-Length": "0",
        "Date": "sanitized",
        "Repeatability-Result": "accepted",
        "Strict-Transport-Security": "max-age=31536000;includeSubDomains",
        "x-azure-ref": "sanitized",
        "X-Cache": "CONFIG_NOCACHE",
        "X-Microsoft-Skype-Chain-ID": "4f3107a3-ba2b-468f-8e60-aa21cb7128b9",
        "X-Microsoft-Skype-Client": "azsdk-python-communication-callautomation/1.4.0b2 Python/3.11.9 (Windows-10-10.0.26100-SP0)",
        "x-ms-client-request-id": "sanitized"
      },
      "ResponseBody": null
    }
  ],
  "Variables": {}
}
