{
  "Entries": [
    {
      "RequestUri": "https://sanitized/identities?api-version=2023-10-01",
      "RequestMethod": "POST",
      "RequestHeaders": {
        "Accept": "application/json",
        "Accept-Encoding": "gzip, deflate",
        "Authorization": "Sanitized",
        "Connection": "keep-alive",
        "Content-Length": "0",
        "Content-Type": "application/json",
        "User-Agent": "azsdk-python-communication-identity/1.5.1 Python/3.13.5 (Windows-11-10.0.26100-SP0)",
        "x-ms-client-request-id": "sanitized",
        "x-ms-content-sha256": "sanitized",
        "x-ms-date": "sanitized",
        "x-ms-return-client-request-id": "true"
      },
      "RequestBody": null,
      "StatusCode": 201,
      "ResponseHeaders": {
        "api-supported-versions": "2020-07-20-preview2, 2021-03-07, 2021-10-31-preview, 2021-11-01, 2022-06-01, 2022-10-01, 2023-10-01, 2025-03-02-preview, 2025-06-30",
        "Connection": "keep-alive",
        "Content-Length": "101",
        "Content-Type": "application/json; charset=utf-8",
        "Date": "sanitized",
        "MS-CV": "sanitized",
        "Request-Context": "appId=",
        "Strict-Transport-Security": "max-age=31536000;includeSubDomains",
        "x-azure-ref": "sanitized",
        "X-Cache": "CONFIG_NOCACHE",
        "x-ms-client-request-id": "sanitized",
        "X-Processing-Time": "13ms"
      },
      "ResponseBody": {
        "identity": {
          "id": "8:acs:6d889502-3d7a-41a8-befa-d21fd80e8767_00000028-0a93-b8e3-ac46-04bd45605193"
        }
      }
    },
    {
      "RequestUri": "https://sanitized/identities?api-version=2023-10-01",
      "RequestMethod": "POST",
      "RequestHeaders": {
        "Accept": "application/json",
        "Accept-Encoding": "gzip, deflate",
        "Authorization": "Sanitized",
        "Connection": "keep-alive",
        "Content-Length": "0",
        "Content-Type": "application/json",
        "User-Agent": "azsdk-python-communication-identity/1.5.1 Python/3.13.5 (Windows-11-10.0.26100-SP0)",
        "x-ms-client-request-id": "sanitized",
        "x-ms-content-sha256": "sanitized",
        "x-ms-date": "sanitized",
        "x-ms-return-client-request-id": "true"
      },
      "RequestBody": null,
      "StatusCode": 201,
      "ResponseHeaders": {
        "api-supported-versions": "2020-07-20-preview2, 2021-03-07, 2021-10-31-preview, 2021-11-01, 2022-06-01, 2022-10-01, 2023-10-01, 2025-03-02-preview, 2025-06-30",
        "Connection": "keep-alive",
        "Content-Length": "101",
        "Content-Type": "application/json; charset=utf-8",
        "Date": "sanitized",
        "MS-CV": "sanitized",
        "Request-Context": "appId=",
        "Strict-Transport-Security": "max-age=31536000;includeSubDomains",
        "x-azure-ref": "sanitized",
        "X-Cache": "CONFIG_NOCACHE",
        "x-ms-client-request-id": "sanitized",
        "X-Processing-Time": "13ms"
      },
      "ResponseBody": {
        "identity": {
          "id": "8:acs:6d889502-3d7a-41a8-befa-d21fd80e8767_00000028-0a93-b919-ac46-04bd45605194"
        }
      }
    },
    {
      "RequestUri": "https://sanitized/calling/callConnections?api-version=2025-05-15",
      "RequestMethod": "POST",
      "RequestHeaders": {
        "Accept": "application/json",
        "Accept-Encoding": "gzip, deflate",
        "Authorization": "Sanitized",
        "Connection": "keep-alive",
        "Content-Length": "347",
        "Content-Type": "application/json",
        "Repeatability-First-Sent": "sanitized",
        "Repeatability-Request-ID": "sanitized",
        "User-Agent": "azsdk-python-communication-callautomation/1.4.0 Python/3.13.5 (Windows-11-10.0.26100-SP0)",
        "x-ms-client-request-id": "sanitized",
        "x-ms-content-sha256": "sanitized",
        "x-ms-date": "sanitized",
        "x-ms-return-client-request-id": "true"
      },
      "RequestBody": {
        "targets": [
          {
            "rawId": "8:acs:6d889502-3d7a-41a8-befa-d21fd80e8767_00000028-0a93-b919-ac46-04bd45605194",
            "communicationUser": {
              "id": "8:acs:6d889502-3d7a-41a8-befa-d21fd80e8767_00000028-0a93-b919-ac46-04bd45605194"
            }
          }
        ],
        "source": {
          "id": "8:acs:6d889502-3d7a-41a8-befa-d21fd80e8767_00000028-0a93-b8e3-ac46-04bd45605193"
        },
        "callbackUri": "https://sanitized/"
      },
      "StatusCode": 201,
      "ResponseHeaders": {
        "Connection": "keep-alive",
        "Content-Length": "813",
        "Content-Type": "application/json; charset=utf-8",
        "Date": "sanitized",
        "Strict-Transport-Security": "max-age=31536000;includeSubDomains",
        "x-azure-ref": "sanitized",
        "X-Cache": "CONFIG_NOCACHE",
        "X-Microsoft-Skype-Chain-ID": "4f33561d-59ce-476e-8530-1c18edb64bf0",
        "X-Microsoft-Skype-Client": "azsdk-python-communication-callautomation/1.4.0 Python/3.13.5 (Windows-11-10.0.26100-SP0)",
        "x-ms-client-request-id": "sanitized"
      },
      "ResponseBody": {
        "callConnectionId": "2c006980-9b7a-4062-981b-c9e1dbbb3199",
        "targets": [
          {
            "rawId": "8:acs:6d889502-3d7a-41a8-befa-d21fd80e8767_00000028-0a93-b919-ac46-04bd45605194",
            "kind": "communicationUser",
            "communicationUser": {
              "id": "8:acs:6d889502-3d7a-41a8-befa-d21fd80e8767_00000028-0a93-b919-ac46-04bd45605194"
            }
          }
        ],
        "callConnectionState": "connecting",
        "callbackUri": "https://sanitized/",
        "sourceDisplayName": "",
        "source": {
          "rawId": "8:acs:6d889502-3d7a-41a8-befa-d21fd80e8767_00000028-0a93-b8e3-ac46-04bd45605193",
          "kind": "communicationUser",
          "communicationUser": {
            "id": "8:acs:6d889502-3d7a-41a8-befa-d21fd80e8767_00000028-0a93-b8e3-ac46-04bd45605193"
          }
        },
        "correlationId": "4f33561d-59ce-476e-8530-1c18edb64bf0",
        "mediaStreamingSubscription": {
          "id": "0a479c98-b832-4150-8193-bbb285d7e264",
          "state": "disabled",
          "subscribedContentTypes": [
            "audio"
          ]
        }
      }
    },
    {
      "RequestUri": "https://sanitized/calling/callConnections:answer?api-version=2025-05-15",
      "RequestMethod": "POST",
      "RequestHeaders": {
        "Accept": "application/json",
        "Accept-Encoding": "gzip, deflate",
        "Authorization": "Sanitized",
        "Connection": "keep-alive",
        "Content-Length": "171",
        "Content-Type": "application/json",
        "Repeatability-First-Sent": "sanitized",
        "Repeatability-Request-ID": "sanitized",
        "User-Agent": "azsdk-python-communication-callautomation/1.4.0 Python/3.13.5 (Windows-11-10.0.26100-SP0)",
        "x-ms-client-request-id": "sanitized",
        "x-ms-content-sha256": "sanitized",
        "x-ms-date": "sanitized",
        "x-ms-return-client-request-id": "true"
      },
      "RequestBody": {
        "incomingCallContext": "REDACTED",
        "callbackUri": "https://sanitized/",
        "answeredBy": {
          "id": "8:acs:6d889502-3d7a-41a8-befa-d21fd80e8767_00000028-0a93-b919-ac46-04bd45605194"
        }
      },
      "StatusCode": 200,
      "ResponseHeaders": {
        "Accept-Ranges": "bytes",
        "Connection": "keep-alive",
        "Content-Length": "1106",
        "Content-Type": "application/json; charset=utf-8",
        "Date": "sanitized",
        "Strict-Transport-Security": "max-age=31536000;includeSubDomains",
        "x-azure-ref": "sanitized",
        "X-Cache": "CONFIG_NOCACHE",
        "X-Microsoft-Skype-Chain-ID": "4f33561d-59ce-476e-8530-1c18edb64bf0",
        "X-Microsoft-Skype-Client": "azsdk-python-communication-callautomation/1.4.0 Python/3.13.5 (Windows-11-10.0.26100-SP0)",
        "x-ms-client-request-id": "sanitized"
      },
      "ResponseBody": {
        "callConnectionId": "2c006980-9043-458d-bebe-1ca7da4e50ef",
        "serverCallId": "aHR0cHM6Ly9hcGkuZmxpZ2h0cHJveHkuc2t5cGUuY29tL2FwaS92Mi9jcC9jb252LXVzd2UtMDItcHJvZC1ha3MuY29udi5za3lwZS5jb20vY29udi9JRi1MalFFeS1VQ05kMkxpX1V1M0V3P2k9MTAtNjAtMTExLTI0MCZlPTYzODg1MTgzOTkzMjk2MTM4NA==",
        "targets": [
          {
            "rawId": "8:acs:6d889502-3d7a-41a8-befa-d21fd80e8767_00000028-0a93-b919-ac46-04bd45605194",
            "kind": "communicationUser",
            "communicationUser": {
              "id": "8:acs:6d889502-3d7a-41a8-befa-d21fd80e8767_00000028-0a93-b919-ac46-04bd45605194"
            }
          }
        ],
        "callConnectionState": "connecting",
        "callbackUri": "https://sanitized/",
        "source": {
          "rawId": "8:acs:6d889502-3d7a-41a8-befa-d21fd80e8767_00000028-0a93-b8e3-ac46-04bd45605193",
          "kind": "communicationUser",
          "communicationUser": {
            "id": "8:acs:6d889502-3d7a-41a8-befa-d21fd80e8767_00000028-0a93-b8e3-ac46-04bd45605193"
          }
        },
        "correlationId": "4f33561d-59ce-476e-8530-1c18edb64bf0",
        "answeredBy": {
          "id": "8:acs:6d889502-3d7a-41a8-befa-d21fd80e8767_00000028-0a93-b919-ac46-04bd45605194"
        },
        "mediaStreamingSubscription": {
          "id": "214e6831-dd5d-423b-9243-1027fa0a7e78",
          "state": "disabled",
          "subscribedContentTypes": [
            "audio"
          ]
        }
      }
    },
    {
      "RequestUri": "https://sanitized/calling/callConnections/2c006980-9b7a-4062-981b-c9e1dbbb3199:play?api-version=2025-05-15",
      "RequestMethod": "POST",
      "RequestHeaders": {
        "Accept": "application/json",
        "Accept-Encoding": "gzip, deflate",
        "Authorization": "Sanitized",
        "Connection": "keep-alive",
        "Content-Length": "155",
        "Content-Type": "application/json",
        "User-Agent": "azsdk-python-communication-callautomation/1.4.0 Python/3.13.5 (Windows-11-10.0.26100-SP0)",
        "x-ms-client-request-id": "sanitized",
        "x-ms-content-sha256": "sanitized",
        "x-ms-date": "sanitized",
        "x-ms-return-client-request-id": "true"
      },
      "RequestBody": {
        "playSources": [
          {
            "kind": "file",
            "file": {
              "uri": "https://REDACTED/prompt.wav"
            }
          }
        ],
        "playTo": [],
        "interruptCallMediaOperation": false,
        "playOptions": {
          "loop": false
        }
      },
      "StatusCode": 202,
      "ResponseHeaders": {
        "Connection": "keep-alive",
        "Content-Length": "0",
        "Date": "sanitized",
        "Strict-Transport-Security": "max-age=31536000;includeSubDomains",
        "x-azure-ref": "sanitized",
        "X-Cache": "CONFIG_NOCACHE",
        "X-Microsoft-Skype-Chain-ID": "4f33561d-59ce-476e-8530-1c18edb64bf0",
        "X-Microsoft-Skype-Client": "azsdk-python-communication-callautomation/1.4.0 Python/3.13.5 (Windows-11-10.0.26100-SP0)",
        "x-ms-client-request-id": "sanitized"
      },
      "ResponseBody": null
    },
    {
      "RequestUri": "https://sanitized/calling/callConnections/2c006980-9b7a-4062-981b-c9e1dbbb3199:terminate?api-version=2025-05-15",
      "RequestMethod": "POST",
      "RequestHeaders": {
        "Accept": "application/json",
        "Accept-Encoding": "gzip, deflate",
        "Authorization": "Sanitized",
        "Connection": "keep-alive",
        "Content-Length": "0",
        "Repeatability-First-Sent": "sanitized",
        "Repeatability-Request-ID": "sanitized",
        "User-Agent": "azsdk-python-communication-callautomation/1.4.0 Python/3.13.5 (Windows-11-10.0.26100-SP0)",
        "x-ms-client-request-id": "sanitized",
        "x-ms-content-sha256": "sanitized",
        "x-ms-date": "sanitized",
        "x-ms-return-client-request-id": "true"
      },
      "RequestBody": null,
      "StatusCode": 204,
      "ResponseHeaders": {
        "Connection": "keep-alive",
        "Content-Length": "0",
        "Date": "sanitized",
        "Repeatability-Result": "accepted",
        "Strict-Transport-Security": "max-age=31536000;includeSubDomains",
        "x-azure-ref": "sanitized",
        "X-Cache": "CONFIG_NOCACHE",
        "X-Microsoft-Skype-Chain-ID": "4f33561d-59ce-476e-8530-1c18edb64bf0",
        "X-Microsoft-Skype-Client": "azsdk-python-communication-callautomation/1.4.0 Python/3.13.5 (Windows-11-10.0.26100-SP0)",
        "x-ms-client-request-id": "sanitized"
      },
      "ResponseBody": null
    }
  ],
  "Variables": {}
}
