{
  "Entries": [
    {
      "RequestUri": "https://sanitized/identities?api-version=2023-10-01",
      "RequestMethod": "POST",
      "RequestHeaders": {
        "Accept": "application/json",
        "Accept-Encoding": "gzip, deflate",
        "Authorization": "Sanitized",
        "Content-Length": "0",
        "Content-Type": "application/json",
        "User-Agent": "azsdk-python-communication-identity/1.6.0 Python/3.13.6 (Windows-11-10.0.26100-SP0)",
        "x-ms-client-request-id": "sanitized",
        "x-ms-content-sha256": "sanitized",
        "x-ms-date": "sanitized",
        "x-ms-return-client-request-id": "true"
      },
      "RequestBody": null,
      "StatusCode": 201,
      "ResponseHeaders": {
        "api-supported-versions": "2020-07-20-preview2, 2021-03-07, 2021-10-31-preview, 2021-11-01, 2022-06-01, 2022-10-01, 2023-10-01, 2025-03-02-preview, 2025-06-30",
        "Connection": "keep-alive",
        "Content-Length": "101",
        "Content-Type": "application/json; charset=utf-8",
        "Date": "sanitized",
        "MS-CV": "sanitized",
        "Request-Context": "appId=",
        "Strict-Transport-Security": "max-age=31536000;includeSubDomains",
        "x-azure-ref": "sanitized",
        "X-Cache": "CONFIG_NOCACHE",
        "x-ms-client-request-id": "sanitized",
        "X-Processing-Time": "15ms"
      },
      "ResponseBody": {
        "identity": {
          "id": "8:acs:6d889502-3d7a-41a8-befa-d21fd80e8767_00000029-403e-db64-93f0-3a3a0d00c03d"
        }
      }
    },
    {
      "RequestUri": "https://sanitized/identities?api-version=2023-10-01",
      "RequestMethod": "POST",
      "RequestHeaders": {
        "Accept": "application/json",
        "Accept-Encoding": "gzip, deflate",
        "Authorization": "Sanitized",
        "Content-Length": "0",
        "Content-Type": "application/json",
        "User-Agent": "azsdk-python-communication-identity/1.6.0 Python/3.13.6 (Windows-11-10.0.26100-SP0)",
        "x-ms-client-request-id": "sanitized",
        "x-ms-content-sha256": "sanitized",
        "x-ms-date": "sanitized",
        "x-ms-return-client-request-id": "true"
      },
      "RequestBody": null,
      "StatusCode": 201,
      "ResponseHeaders": {
        "api-supported-versions": "2020-07-20-preview2, 2021-03-07, 2021-10-31-preview, 2021-11-01, 2022-06-01, 2022-10-01, 2023-10-01, 2025-03-02-preview, 2025-06-30",
        "Connection": "keep-alive",
        "Content-Length": "101",
        "Content-Type": "application/json; charset=utf-8",
        "Date": "sanitized",
        "MS-CV": "sanitized",
        "Request-Context": "appId=",
        "Strict-Transport-Security": "max-age=31536000;includeSubDomains",
        "x-azure-ref": "sanitized",
        "X-Cache": "CONFIG_NOCACHE",
        "x-ms-client-request-id": "sanitized",
        "X-Processing-Time": "15ms"
      },
      "ResponseBody": {
        "identity": {
          "id": "8:acs:6d889502-3d7a-41a8-befa-d21fd80e8767_00000029-403e-dba0-93f0-3a3a0d00c03e"
        }
      }
    },
    {
      "RequestUri": "https://sanitized/calling/callConnections?api-version=2025-08-15-preview",
      "RequestMethod": "POST",
      "RequestHeaders": {
        "Accept": "application/json",
        "Accept-Encoding": "gzip, deflate",
        "Authorization": "Sanitized",
        "Content-Length": "347",
        "Content-Type": "application/json",
        "Repeatability-First-Sent": "sanitized",
        "Repeatability-Request-ID": "sanitized",
        "User-Agent": "azsdk-python-communication-callautomation/1.6.0b1 Python/3.13.6 (Windows-11-10.0.26100-SP0)",
        "x-ms-client-request-id": "sanitized",
        "x-ms-content-sha256": "sanitized",
        "x-ms-date": "sanitized",
        "x-ms-return-client-request-id": "true"
      },
      "RequestBody": {
        "targets": [
          {
            "rawId": "8:acs:6d889502-3d7a-41a8-befa-d21fd80e8767_00000029-403e-dba0-93f0-3a3a0d00c03e",
            "communicationUser": {
              "id": "8:acs:6d889502-3d7a-41a8-befa-d21fd80e8767_00000029-403e-dba0-93f0-3a3a0d00c03e"
            }
          }
        ],
        "source": {
          "id": "8:acs:6d889502-3d7a-41a8-befa-d21fd80e8767_00000029-403e-db64-93f0-3a3a0d00c03d"
        },
        "callbackUri": "https://sanitized/"
      },
      "StatusCode": 201,
      "ResponseHeaders": {
        "api-supported-versions": "2023-06-15-preview, 2024-01-22-preview, 2024-06-15-preview, 2024-11-15-preview, 2025-03-30-preview, 2025-08-15-preview",
        "Connection": "keep-alive",
        "Content-Type": "application/json; charset=utf-8",
        "Date": "sanitized",
        "Strict-Transport-Security": "max-age=31536000;includeSubDomains",
        "Transfer-Encoding": "chunked",
        "x-azure-ref": "sanitized",
        "X-Cache": "CONFIG_NOCACHE",
        "X-Microsoft-Skype-Chain-ID": "b1016f44-ed99-4a3e-895a-9efed8541b79",
        "X-Microsoft-Skype-Client": "azsdk-python-communication-callautomation/1.6.0b1 Python/3.13.6 (Windows-11-10.0.26100-SP0)",
        "x-ms-client-request-id": "sanitized",
        "X-Ms-Client-Version": "azsdk-python-communication-callautomation/1.6.0b1 Python/3.13.6 (Windows-11-10.0.26100-SP0)"
      },
      "ResponseBody": {
        "callConnectionId": "09006880-fae6-4292-8d3b-0173221adb9b",
        "targets": [
          {
            "rawId": "8:acs:6d889502-3d7a-41a8-befa-d21fd80e8767_00000029-403e-dba0-93f0-3a3a0d00c03e",
            "kind": "communicationUser",
            "communicationUser": {
              "id": "8:acs:6d889502-3d7a-41a8-befa-d21fd80e8767_00000029-403e-dba0-93f0-3a3a0d00c03e"
            }
          }
        ],
        "callConnectionState": "connecting",
        "callbackUri": "https://sanitized/",
        "sourceDisplayName": "",
        "source": {
          "rawId": "8:acs:6d889502-3d7a-41a8-befa-d21fd80e8767_00000029-403e-db64-93f0-3a3a0d00c03d",
          "kind": "communicationUser",
          "communicationUser": {
            "id": "8:acs:6d889502-3d7a-41a8-befa-d21fd80e8767_00000029-403e-db64-93f0-3a3a0d00c03d"
          }
        },
        "correlationId": "b1016f44-ed99-4a3e-895a-9efed8541b79",
        "mediaStreamingSubscription": {
          "id": "decdd323-9541-4676-8fae-7026db8d702e",
          "state": "disabled",
          "subscribedContentTypes": [
            "audio"
          ]
        }
      }
    },
    {
      "RequestUri": "https://sanitized/calling/callConnections:answer?api-version=2025-08-15-preview",
      "RequestMethod": "POST",
      "RequestHeaders": {
        "Accept": "application/json",
        "Accept-Encoding": "gzip, deflate",
        "Authorization": "Sanitized",
        "Content-Length": "171",
        "Content-Type": "application/json",
        "Repeatability-First-Sent": "sanitized",
        "Repeatability-Request-ID": "sanitized",
        "User-Agent": "azsdk-python-communication-callautomation/1.6.0b1 Python/3.13.6 (Windows-11-10.0.26100-SP0)",
        "x-ms-client-request-id": "sanitized",
        "x-ms-content-sha256": "sanitized",
        "x-ms-date": "sanitized",
        "x-ms-return-client-request-id": "true"
      },
      "RequestBody": {
        "incomingCallContext": "REDACTED",
        "callbackUri": "https://sanitized/",
        "answeredBy": {
          "id": "8:acs:6d889502-3d7a-41a8-befa-d21fd80e8767_00000029-403e-dba0-93f0-3a3a0d00c03e"
        }
      },
      "StatusCode": 200,
      "ResponseHeaders": {
        "api-supported-versions": "2023-06-15-preview, 2024-01-22-preview, 2024-06-15-preview, 2024-11-15-preview, 2025-03-30-preview, 2025-08-15-preview",
        "Connection": "keep-alive",
        "Content-Type": "application/json; charset=utf-8",
        "Date": "sanitized",
        "Strict-Transport-Security": "max-age=31536000;includeSubDomains",
        "Transfer-Encoding": "chunked",
        "x-azure-ref": "sanitized",
        "X-Cache": "CONFIG_NOCACHE",
        "X-Microsoft-Skype-Chain-ID": "b1016f44-ed99-4a3e-895a-9efed8541b79",
        "X-Microsoft-Skype-Client": "azsdk-python-communication-callautomation/1.6.0b1 Python/3.13.6 (Windows-11-10.0.26100-SP0)",
        "x-ms-client-request-id": "sanitized",
        "X-Ms-Client-Version": "azsdk-python-communication-callautomation/1.6.0b1 Python/3.13.6 (Windows-11-10.0.26100-SP0)"
      },
      "ResponseBody": {
        "callConnectionId": "09006880-a0fd-4e34-be76-729f50121cc9",
        "serverCallId": "aHR0cHM6Ly9hcGkuZmxpZ2h0cHJveHkuc2t5cGUuY29tL2FwaS92Mi9jcC9jb252LXVzd2UtMDMtcHJvZC1ha3MuY29udi5za3lwZS5jb20vY29udi81UjREdmFXVWZrU2YzME13VzBhME5BP2k9MTAtNjAtMTA2LTI0JmU9NjM4OTAxOTI5NTk1NjYxNjM4",
        "targets": [
          {
            "rawId": "8:acs:6d889502-3d7a-41a8-befa-d21fd80e8767_00000029-403e-dba0-93f0-3a3a0d00c03e",
            "kind": "communicationUser",
            "communicationUser": {
              "id": "8:acs:6d889502-3d7a-41a8-befa-d21fd80e8767_00000029-403e-dba0-93f0-3a3a0d00c03e"
            }
          }
        ],
        "callConnectionState": "connecting",
        "callbackUri": "https://sanitized/",
        "source": {
          "rawId": "8:acs:6d889502-3d7a-41a8-befa-d21fd80e8767_00000029-403e-db64-93f0-3a3a0d00c03d",
          "kind": "communicationUser",
          "communicationUser": {
            "id": "8:acs:6d889502-3d7a-41a8-befa-d21fd80e8767_00000029-403e-db64-93f0-3a3a0d00c03d"
          }
        },
        "correlationId": "b1016f44-ed99-4a3e-895a-9efed8541b79",
        "answeredBy": {
          "id": "8:acs:6d889502-3d7a-41a8-befa-d21fd80e8767_00000029-403e-dba0-93f0-3a3a0d00c03e"
        },
        "mediaStreamingSubscription": {
          "id": "d50af798-c001-4e36-808c-1dfa04eaa72c",
          "state": "disabled",
          "subscribedContentTypes": [
            "audio"
          ]
        }
      }
    },
    {
      "RequestUri": "https://sanitized/calling/callConnections/09006880-fae6-4292-8d3b-0173221adb9b:play?api-version=2025-08-15-preview",
      "RequestMethod": "POST",
      "RequestHeaders": {
        "Accept": "application/json",
        "Accept-Encoding": "gzip, deflate",
        "Authorization": "Sanitized",
        "Content-Length": "416",
        "Content-Type": "application/json",
        "User-Agent": "azsdk-python-communication-callautomation/1.6.0b1 Python/3.13.6 (Windows-11-10.0.26100-SP0)",
        "x-ms-client-request-id": "sanitized",
        "x-ms-content-sha256": "sanitized",
        "x-ms-date": "sanitized",
        "x-ms-return-client-request-id": "true"
      },
      "RequestBody": {
        "playSources": [
          {
            "kind": "file",
            "file": {
              "uri": "https://REDACTED/prompt.wav"
            }
          },
          {
            "kind": "file",
            "file": {
              "uri": "https://REDACTED/prompt.wav"
            }
          }
        ],
        "playTo": [
          {
            "rawId": "8:acs:6d889502-3d7a-41a8-befa-d21fd80e8767_00000029-403e-dba0-93f0-3a3a0d00c03e",
            "communicationUser": {
              "id": "8:acs:6d889502-3d7a-41a8-befa-d21fd80e8767_00000029-403e-dba0-93f0-3a3a0d00c03e"
            }
          }
        ],
        "interruptCallMediaOperation": false,
        "playOptions": {
          "loop": false
        }
      },
      "StatusCode": 202,
      "ResponseHeaders": {
        "api-supported-versions": "2023-06-15-preview, 2024-01-22-preview, 2024-06-15-preview, 2024-11-15-preview, 2025-03-30-preview, 2025-08-15-preview",
        "Connection": "keep-alive",
        "Content-Length": "0",
        "Date": "sanitized",
        "Strict-Transport-Security": "max-age=31536000;includeSubDomains",
        "x-azure-ref": "sanitized",
        "X-Cache": "CONFIG_NOCACHE",
        "X-Microsoft-Skype-Chain-ID": "b1016f44-ed99-4a3e-895a-9efed8541b79",
        "X-Microsoft-Skype-Client": "azsdk-python-communication-callautomation/1.6.0b1 Python/3.13.6 (Windows-11-10.0.26100-SP0)",
        "x-ms-client-request-id": "sanitized",
        "X-Ms-Client-Version": "azsdk-python-communication-callautomation/1.6.0b1 Python/3.13.6 (Windows-11-10.0.26100-SP0)"
      },
      "ResponseBody": null
    },
    {
      "RequestUri": "https://sanitized/calling/callConnections/09006880-fae6-4292-8d3b-0173221adb9b:terminate?api-version=2025-08-15-preview",
      "RequestMethod": "POST",
      "RequestHeaders": {
        "Accept": "application/json",
        "Accept-Encoding": "gzip, deflate",
        "Authorization": "Sanitized",
        "Content-Length": "0",
        "Repeatability-First-Sent": "sanitized",
        "Repeatability-Request-ID": "sanitized",
        "User-Agent": "azsdk-python-communication-callautomation/1.6.0b1 Python/3.13.6 (Windows-11-10.0.26100-SP0)",
        "x-ms-client-request-id": "sanitized",
        "x-ms-content-sha256": "sanitized",
        "x-ms-date": "sanitized",
        "x-ms-return-client-request-id": "true"
      },
      "RequestBody": null,
      "StatusCode": 204,
      "ResponseHeaders": {
        "api-supported-versions": "2023-06-15-preview, 2024-01-22-preview, 2024-06-15-preview, 2024-11-15-preview, 2025-03-30-preview, 2025-08-15-preview",
        "Connection": "keep-alive",
        "Date": "sanitized",
        "Repeatability-Result": "accepted",
        "Strict-Transport-Security": "max-age=31536000;includeSubDomains",
        "x-azure-ref": "sanitized",
        "X-Cache": "CONFIG_NOCACHE",
        "X-Microsoft-Skype-Chain-ID": "b1016f44-ed99-4a3e-895a-9efed8541b79",
        "X-Microsoft-Skype-Client": "azsdk-python-communication-callautomation/1.6.0b1 Python/3.13.6 (Windows-11-10.0.26100-SP0)",
        "x-ms-client-request-id": "sanitized",
        "X-Ms-Client-Version": "azsdk-python-communication-callautomation/1.6.0b1 Python/3.13.6 (Windows-11-10.0.26100-SP0)"
      },
      "ResponseBody": null
    }
  ],
  "Variables": {}
}
