{
  "Entries": [
    {
      "RequestUri": "https://sanitized/identities?api-version=2023-10-01",
      "RequestMethod": "POST",
      "RequestHeaders": {
        "Accept": "application/json",
        "Accept-Encoding": "gzip, deflate",
        "Authorization": "Sanitized",
        "Connection": "keep-alive",
        "Content-Length": "0",
        "Content-Type": "application/json",
        "User-Agent": "azsdk-python-communication-identity/1.5.1 Python/3.11.9 (Windows-10-10.0.26100-SP0)",
        "x-ms-client-request-id": "sanitized",
        "x-ms-content-sha256": "sanitized",
        "x-ms-date": "sanitized",
        "x-ms-return-client-request-id": "true"
      },
      "RequestBody": null,
      "StatusCode": 201,
      "ResponseHeaders": {
        "api-supported-versions": "2020-07-20-preview2, 2021-03-07, 2021-10-31-preview, 2021-11-01, 2022-06-01, 2022-10-01, 2023-10-01, 2025-03-02-preview",
        "Connection": "close",
        "Content-Length": "101",
        "Content-Type": "application/json; charset=utf-8",
        "Date": "sanitized",
        "MS-CV": "sanitized",
        "Request-Context": "appId=",
        "Strict-Transport-Security": "max-age=31536000;includeSubDomains",
        "x-azure-ref": "sanitized",
        "X-Cache": "CONFIG_NOCACHE",
        "x-ms-client-request-id": "sanitized",
        "X-Processing-Time": "18ms"
      },
      "ResponseBody": {
        "identity": {
          "id": "8:acs:6d889502-3d7a-41a8-befa-d21fd80e8767_00000026-950b-7493-0d8b-08482200ef37"
        }
      }
    },
    {
      "RequestUri": "https://sanitized/identities?api-version=2023-10-01",
      "RequestMethod": "POST",
      "RequestHeaders": {
        "Accept": "application/json",
        "Accept-Encoding": "gzip, deflate",
        "Authorization": "Sanitized",
        "Connection": "keep-alive",
        "Content-Length": "0",
        "Content-Type": "application/json",
        "User-Agent": "azsdk-python-communication-identity/1.5.1 Python/3.11.9 (Windows-10-10.0.26100-SP0)",
        "x-ms-client-request-id": "sanitized",
        "x-ms-content-sha256": "sanitized",
        "x-ms-date": "sanitized",
        "x-ms-return-client-request-id": "true"
      },
      "RequestBody": null,
      "StatusCode": 201,
      "ResponseHeaders": {
        "api-supported-versions": "2020-07-20-preview2, 2021-03-07, 2021-10-31-preview, 2021-11-01, 2022-06-01, 2022-10-01, 2023-10-01, 2025-03-02-preview",
        "Connection": "keep-alive",
        "Content-Length": "101",
        "Content-Type": "application/json; charset=utf-8",
        "Date": "sanitized",
        "MS-CV": "sanitized",
        "Request-Context": "appId=",
        "Strict-Transport-Security": "max-age=31536000;includeSubDomains",
        "x-azure-ref": "sanitized",
        "X-Cache": "CONFIG_NOCACHE",
        "x-ms-client-request-id": "sanitized",
        "X-Processing-Time": "13ms"
      },
      "ResponseBody": {
        "identity": {
          "id": "8:acs:6d889502-3d7a-41a8-befa-d21fd80e8767_00000026-950b-7a26-f6c7-593a0d00d1b3"
        }
      }
    },
    {
      "RequestUri": "https://sanitized/calling/callConnections?api-version=2024-09-01-preview",
      "RequestMethod": "POST",
      "RequestHeaders": {
        "Accept": "application/json",
        "Accept-Encoding": "gzip, deflate",
        "Authorization": "Sanitized",
        "Connection": "keep-alive",
        "Content-Length": "347",
        "Content-Type": "application/json",
        "Repeatability-First-Sent": "sanitized",
        "Repeatability-Request-ID": "sanitized",
        "User-Agent": "azsdk-python-communication-callautomation/1.4.0b2 Python/3.11.9 (Windows-10-10.0.26100-SP0)",
        "x-ms-client-request-id": "sanitized",
        "x-ms-content-sha256": "sanitized",
        "x-ms-date": "sanitized",
        "x-ms-host": "sanitized",
        "x-ms-return-client-request-id": "true"
      },
      "RequestBody": {
        "targets": [
          {
            "rawId": "8:acs:6d889502-3d7a-41a8-befa-d21fd80e8767_00000026-950b-7a26-f6c7-593a0d00d1b3",
            "communicationUser": {
              "id": "8:acs:6d889502-3d7a-41a8-befa-d21fd80e8767_00000026-950b-7a26-f6c7-593a0d00d1b3"
            }
          }
        ],
        "source": {
          "id": "8:acs:6d889502-3d7a-41a8-befa-d21fd80e8767_00000026-950b-7493-0d8b-08482200ef37"
        },
        "callbackUri": "https://sanitized/"
      },
      "StatusCode": 201,
      "ResponseHeaders": {
        "Content-Length": "934",
        "Content-Type": "application/json; charset=utf-8",
        "Date": "sanitized",
        "Server": "Microsoft-HTTPAPI/2.0",
        "X-Microsoft-Skype-Chain-ID": "b8610a9c-bc6b-4ccf-a584-5fa5d73e06ae",
        "X-Microsoft-Skype-Client": "azsdk-python-communication-callautomation/1.4.0b2 Python/3.11.9 (Windows-10-10.0.26100-SP0)",
        "x-ms-client-request-id": "sanitized"
      },
      "ResponseBody": {
        "callConnectionId": "03009280-bdcd-400a-b5f3-406bc97276c5",
        "targets": [
          {
            "rawId": "8:acs:6d889502-3d7a-41a8-befa-d21fd80e8767_00000026-950b-7a26-f6c7-593a0d00d1b3",
            "kind": "communicationUser",
            "communicationUser": {
              "id": "8:acs:6d889502-3d7a-41a8-befa-d21fd80e8767_00000026-950b-7a26-f6c7-593a0d00d1b3"
            }
          }
        ],
        "callConnectionState": "connecting",
        "callbackUri": "https://sanitized/",
        "sourceDisplayName": "",
        "source": {
          "rawId": "8:acs:6d889502-3d7a-41a8-befa-d21fd80e8767_00000026-950b-7493-0d8b-08482200ef37",
          "kind": "communicationUser",
          "communicationUser": {
            "id": "8:acs:6d889502-3d7a-41a8-befa-d21fd80e8767_00000026-950b-7493-0d8b-08482200ef37"
          }
        },
        "correlationId": "b8610a9c-bc6b-4ccf-a584-5fa5d73e06ae",
        "mediaSubscriptionId": "a60832bb-29c3-4499-a9f3-120e8900f864",
        "dataSubscriptionId": "f5aa6e34-2073-4db5-a554-ea167ee9314b",
        "mediaStreamingSubscription": {
          "id": "a60832bb-29c3-4499-a9f3-120e8900f864",
          "state": "disabled",
          "subscribedContentTypes": [
            "audio"
          ]
        }
      }
    },
    {
      "RequestUri": "https://sanitized/calling/callConnections:answer?api-version=2024-09-01-preview",
      "RequestMethod": "POST",
      "RequestHeaders": {
        "Accept": "application/json",
        "Accept-Encoding": "gzip, deflate",
        "Authorization": "Sanitized",
        "Connection": "keep-alive",
        "Content-Length": "171",
        "Content-Type": "application/json",
        "Repeatability-First-Sent": "sanitized",
        "Repeatability-Request-ID": "sanitized",
        "User-Agent": "azsdk-python-communication-callautomation/1.4.0b2 Python/3.11.9 (Windows-10-10.0.26100-SP0)",
        "x-ms-client-request-id": "sanitized",
        "x-ms-content-sha256": "sanitized",
        "x-ms-date": "sanitized",
        "x-ms-host": "sanitized",
        "x-ms-return-client-request-id": "true"
      },
      "RequestBody": {
        "incomingCallContext": "REDACTED",
        "callbackUri": "https://sanitized/",
        "answeredBy": {
          "id": "8:acs:6d889502-3d7a-41a8-befa-d21fd80e8767_00000026-950b-7a26-f6c7-593a0d00d1b3"
        }
      },
      "StatusCode": 200,
      "ResponseHeaders": {
        "Content-Length": "1223",
        "Content-Type": "application/json; charset=utf-8",
        "Date": "sanitized",
        "Server": "Microsoft-HTTPAPI/2.0",
        "X-Microsoft-Skype-Chain-ID": "b8610a9c-bc6b-4ccf-a584-5fa5d73e06ae",
        "X-Microsoft-Skype-Client": "azsdk-python-communication-callautomation/1.4.0b2 Python/3.11.9 (Windows-10-10.0.26100-SP0)",
        "x-ms-client-request-id": "sanitized"
      },
      "ResponseBody": {
        "callConnectionId": "03009280-dbc2-4acd-a65e-cc4bd792d551",
        "serverCallId": "aHR0cHM6Ly9hcGkuZmxpZ2h0cHJveHkuc2t5cGUuY29tL2FwaS92Mi9jcC9jb252LXVzZWEtMDEtc2RmLWFrcy5jb252LnNreXBlLmNvbS9jb252L05nVTFpUUU2MjBXSEhJYVZSV2pvZ2c/aT0xMC0xMjgtMjQtMjE1JmU9NjM4NzkxMzMwODAxNTY5MTk3",
        "targets": [
          {
            "rawId": "8:acs:6d889502-3d7a-41a8-befa-d21fd80e8767_00000026-950b-7a26-f6c7-593a0d00d1b3",
            "kind": "communicationUser",
            "communicationUser": {
              "id": "8:acs:6d889502-3d7a-41a8-befa-d21fd80e8767_00000026-950b-7a26-f6c7-593a0d00d1b3"
            }
          }
        ],
        "callConnectionState": "connecting",
        "callbackUri": "https://sanitized/",
        "source": {
          "rawId": "8:acs:6d889502-3d7a-41a8-befa-d21fd80e8767_00000026-950b-7493-0d8b-08482200ef37",
          "kind": "communicationUser",
          "communicationUser": {
            "id": "8:acs:6d889502-3d7a-41a8-befa-d21fd80e8767_00000026-950b-7493-0d8b-08482200ef37"
          }
        },
        "correlationId": "b8610a9c-bc6b-4ccf-a584-5fa5d73e06ae",
        "answeredBy": {
          "id": "8:acs:6d889502-3d7a-41a8-befa-d21fd80e8767_00000026-950b-7a26-f6c7-593a0d00d1b3"
        },
        "mediaSubscriptionId": "ab45c6f8-d476-4f81-9639-63bf97486081",
        "dataSubscriptionId": "6cd72c4b-86a7-4ed6-b74d-07ecff32f1a0",
        "mediaStreamingSubscription": {
          "id": "ab45c6f8-d476-4f81-9639-63bf97486081",
          "state": "disabled",
          "subscribedContentTypes": [
            "audio"
          ]
        }
      }
    },
    {
      "RequestUri": "https://sanitized/calling/callConnections/03009280-bdcd-400a-b5f3-406bc97276c5:play?api-version=2024-09-01-preview",
      "RequestMethod": "POST",
      "RequestHeaders": {
        "Accept": "application/json",
        "Accept-Encoding": "gzip, deflate",
        "Authorization": "Sanitized",
        "Connection": "keep-alive",
        "Content-Length": "507",
        "Content-Type": "application/json",
        "User-Agent": "azsdk-python-communication-callautomation/1.4.0b2 Python/3.11.9 (Windows-10-10.0.26100-SP0)",
        "x-ms-client-request-id": "sanitized",
        "x-ms-content-sha256": "sanitized",
        "x-ms-date": "sanitized",
        "x-ms-host": "sanitized",
        "x-ms-return-client-request-id": "true"
      },
      "RequestBody": {
        "playSources": [
          {
            "kind": "file",
            "file": {
              "uri": "https://REDACTED/prompt.wav"
            }
          },
          {
            "kind": "file",
            "file": {
              "uri": "https://REDACTED/prompt.wav"
            }
          },
          {
            "kind": "file",
            "file": {
              "uri": "https://REDACTED/prompt.wav"
            }
          }
        ],
        "playTo": [],
        "playOptions": {
          "loop": false,
          "interruptCallMediaOperation": false
        },
        "operationCallbackUri": "https://sanitized/api/servicebuscallback/events?q=8acs6d889502-3d7a-41a8-befa-d21fd80e8767_00000026-950b-7493-0d8b-08482200ef378acs6d889502-3d7a-41a8-befa-d21fd80e8767_00000026-950b-7a26-f6c7-593a0d00d1b3"
      },
      "StatusCode": 202,
      "ResponseHeaders": {
        "Content-Length": "0",
        "Date": "sanitized",
        "Server": "Microsoft-HTTPAPI/2.0",
        "X-Microsoft-Skype-Chain-ID": "b8610a9c-bc6b-4ccf-a584-5fa5d73e06ae",
        "X-Microsoft-Skype-Client": "azsdk-python-communication-callautomation/1.4.0b2 Python/3.11.9 (Windows-10-10.0.26100-SP0)",
        "x-ms-client-request-id": "sanitized"
      },
      "ResponseBody": null
    },
    {
      "RequestUri": "https://sanitized/calling/callConnections/03009280-bdcd-400a-b5f3-406bc97276c5:terminate?api-version=2024-09-01-preview",
      "RequestMethod": "POST",
      "RequestHeaders": {
        "Accept": "application/json",
        "Accept-Encoding": "gzip, deflate",
        "Authorization": "Sanitized",
        "Connection": "keep-alive",
        "Content-Length": "0",
        "Repeatability-First-Sent": "sanitized",
        "Repeatability-Request-ID": "sanitized",
        "User-Agent": "azsdk-python-communication-callautomation/1.4.0b2 Python/3.11.9 (Windows-10-10.0.26100-SP0)",
        "x-ms-client-request-id": "sanitized",
        "x-ms-content-sha256": "sanitized",
        "x-ms-date": "sanitized",
        "x-ms-host": "sanitized",
        "x-ms-return-client-request-id": "true"
      },
      "RequestBody": null,
      "StatusCode": 204,
      "ResponseHeaders": {
        "Content-Length": "0",
        "Date": "sanitized",
        "Repeatability-Result": "accepted",
        "Server": "Microsoft-HTTPAPI/2.0",
        "X-Microsoft-Skype-Chain-ID": "b8610a9c-bc6b-4ccf-a584-5fa5d73e06ae",
        "X-Microsoft-Skype-Client": "azsdk-python-communication-callautomation/1.4.0b2 Python/3.11.9 (Windows-10-10.0.26100-SP0)",
        "x-ms-client-request-id": "sanitized"
      },
      "ResponseBody": null
    }
  ],
  "Variables": {}
}
