{
  "Entries": [
    {
      "RequestUri": "https://sanitized/identities?api-version=2023-10-01",
      "RequestMethod": "POST",
      "RequestHeaders": {
        "Accept": "application/json",
        "Accept-Encoding": "gzip, deflate",
        "Authorization": "Sanitized",
        "Connection": "keep-alive",
        "Content-Length": "0",
        "Content-Type": "application/json",
        "User-Agent": "azsdk-python-communication-identity/1.5.1 Python/3.11.9 (Windows-10-10.0.26100-SP0)",
        "x-ms-client-request-id": "sanitized",
        "x-ms-content-sha256": "sanitized",
        "x-ms-date": "sanitized",
        "x-ms-return-client-request-id": "true"
      },
      "RequestBody": null,
      "StatusCode": 201,
      "ResponseHeaders": {
        "api-supported-versions": "2020-07-20-preview2, 2021-03-07, 2021-10-31-preview, 2021-11-01, 2022-06-01, 2022-10-01, 2023-10-01, 2025-03-02-preview",
        "Connection": "keep-alive",
        "Content-Length": "101",
        "Content-Type": "application/json; charset=utf-8",
        "Date": "sanitized",
        "MS-CV": "sanitized",
        "Request-Context": "appId=",
        "Strict-Transport-Security": "max-age=31536000;includeSubDomains",
        "x-azure-ref": "sanitized",
        "X-Cache": "CONFIG_NOCACHE",
        "x-ms-client-request-id": "sanitized",
        "X-Processing-Time": "16ms"
      },
      "ResponseBody": {
        "identity": {
          "id": "8:acs:6d889502-3d7a-41a8-befa-d21fd80e8767_00000026-95b2-34e9-ec8d-084822002293"
        }
      }
    },
    {
      "RequestUri": "https://sanitized/identities?api-version=2023-10-01",
      "RequestMethod": "POST",
      "RequestHeaders": {
        "Accept": "application/json",
        "Accept-Encoding": "gzip, deflate",
        "Authorization": "Sanitized",
        "Connection": "keep-alive",
        "Content-Length": "0",
        "Content-Type": "application/json",
        "User-Agent": "azsdk-python-communication-identity/1.5.1 Python/3.11.9 (Windows-10-10.0.26100-SP0)",
        "x-ms-client-request-id": "sanitized",
        "x-ms-content-sha256": "sanitized",
        "x-ms-date": "sanitized",
        "x-ms-return-client-request-id": "true"
      },
      "RequestBody": null,
      "StatusCode": 201,
      "ResponseHeaders": {
        "api-supported-versions": "2020-07-20-preview2, 2021-03-07, 2021-10-31-preview, 2021-11-01, 2022-06-01, 2022-10-01, 2023-10-01, 2025-03-02-preview",
        "Connection": "keep-alive",
        "Content-Length": "101",
        "Content-Type": "application/json; charset=utf-8",
        "Date": "sanitized",
        "MS-CV": "sanitized",
        "Request-Context": "appId=",
        "Strict-Transport-Security": "max-age=31536000;includeSubDomains",
        "x-azure-ref": "sanitized",
        "X-Cache": "CONFIG_NOCACHE",
        "x-ms-client-request-id": "sanitized",
        "X-Processing-Time": "15ms"
      },
      "ResponseBody": {
        "identity": {
          "id": "8:acs:6d889502-3d7a-41a8-befa-d21fd80e8767_00000026-95b2-35eb-ec8d-084822002297"
        }
      }
    },
    {
      "RequestUri": "https://sanitized/calling/callConnections?api-version=2024-09-01-preview",
      "RequestMethod": "POST",
      "RequestHeaders": {
        "Accept": "application/json",
        "Accept-Encoding": "gzip, deflate",
        "Authorization": "Sanitized",
        "Connection": "keep-alive",
        "Content-Length": "347",
        "Content-Type": "application/json",
        "Repeatability-First-Sent": "sanitized",
        "Repeatability-Request-ID": "sanitized",
        "User-Agent": "azsdk-python-communication-callautomation/1.4.0b2 Python/3.11.9 (Windows-10-10.0.26100-SP0)",
        "x-ms-client-request-id": "sanitized",
        "x-ms-content-sha256": "sanitized",
        "x-ms-date": "sanitized",
        "x-ms-host": "sanitized",
        "x-ms-return-client-request-id": "true"
      },
      "RequestBody": {
        "targets": [
          {
            "rawId": "8:acs:6d889502-3d7a-41a8-befa-d21fd80e8767_00000026-95b2-35eb-ec8d-084822002297",
            "communicationUser": {
              "id": "8:acs:6d889502-3d7a-41a8-befa-d21fd80e8767_00000026-95b2-35eb-ec8d-084822002297"
            }
          }
        ],
        "source": {
          "id": "8:acs:6d889502-3d7a-41a8-befa-d21fd80e8767_00000026-95b2-34e9-ec8d-084822002293"
        },
        "callbackUri": "https://sanitized/"
      },
      "StatusCode": 201,
      "ResponseHeaders": {
        "Content-Length": "934",
        "Content-Type": "application/json; charset=utf-8",
        "Date": "sanitized",
        "Server": "Microsoft-HTTPAPI/2.0",
        "X-Microsoft-Skype-Chain-ID": "31b9656a-dfbd-43f0-b74b-af3adf7f2e15",
        "X-Microsoft-Skype-Client": "azsdk-python-communication-callautomation/1.4.0b2 Python/3.11.9 (Windows-10-10.0.26100-SP0)",
        "x-ms-client-request-id": "sanitized"
      },
      "ResponseBody": {
        "callConnectionId": "03009280-e676-4bf0-84c2-b1e38d4dd68b",
        "targets": [
          {
            "rawId": "8:acs:6d889502-3d7a-41a8-befa-d21fd80e8767_00000026-95b2-35eb-ec8d-084822002297",
            "kind": "communicationUser",
            "communicationUser": {
              "id": "8:acs:6d889502-3d7a-41a8-befa-d21fd80e8767_00000026-95b2-35eb-ec8d-084822002297"
            }
          }
        ],
        "callConnectionState": "connecting",
        "callbackUri": "https://sanitized/",
        "sourceDisplayName": "",
        "source": {
          "rawId": "8:acs:6d889502-3d7a-41a8-befa-d21fd80e8767_00000026-95b2-34e9-ec8d-084822002293",
          "kind": "communicationUser",
          "communicationUser": {
            "id": "8:acs:6d889502-3d7a-41a8-befa-d21fd80e8767_00000026-95b2-34e9-ec8d-084822002293"
          }
        },
        "correlationId": "31b9656a-dfbd-43f0-b74b-af3adf7f2e15",
        "mediaSubscriptionId": "e37dac01-81ce-40b6-83b5-d28b589e2982",
        "dataSubscriptionId": "c5d4d96c-9165-40a4-bba6-b8a382b1f9ec",
        "mediaStreamingSubscription": {
          "id": "e37dac01-81ce-40b6-83b5-d28b589e2982",
          "state": "disabled",
          "subscribedContentTypes": [
            "audio"
          ]
        }
      }
    },
    {
      "RequestUri": "https://sanitized/calling/callConnections:answer?api-version=2024-09-01-preview",
      "RequestMethod": "POST",
      "RequestHeaders": {
        "Accept": "application/json",
        "Accept-Encoding": "gzip, deflate",
        "Authorization": "Sanitized",
        "Connection": "keep-alive",
        "Content-Length": "171",
        "Content-Type": "application/json",
        "Repeatability-First-Sent": "sanitized",
        "Repeatability-Request-ID": "sanitized",
        "User-Agent": "azsdk-python-communication-callautomation/1.4.0b2 Python/3.11.9 (Windows-10-10.0.26100-SP0)",
        "x-ms-client-request-id": "sanitized",
        "x-ms-content-sha256": "sanitized",
        "x-ms-date": "sanitized",
        "x-ms-host": "sanitized",
        "x-ms-return-client-request-id": "true"
      },
      "RequestBody": {
        "incomingCallContext": "REDACTED",
        "callbackUri": "https://sanitized/",
        "answeredBy": {
          "id": "8:acs:6d889502-3d7a-41a8-befa-d21fd80e8767_00000026-95b2-35eb-ec8d-084822002297"
        }
      },
      "StatusCode": 200,
      "ResponseHeaders": {
        "Content-Length": "1223",
        "Content-Type": "application/json; charset=utf-8",
        "Date": "sanitized",
        "Server": "Microsoft-HTTPAPI/2.0",
        "X-Microsoft-Skype-Chain-ID": "31b9656a-dfbd-43f0-b74b-af3adf7f2e15",
        "X-Microsoft-Skype-Client": "azsdk-python-communication-callautomation/1.4.0b2 Python/3.11.9 (Windows-10-10.0.26100-SP0)",
        "x-ms-client-request-id": "sanitized"
      },
      "ResponseBody": {
        "callConnectionId": "03009280-c9ee-4186-a448-85cba95647a9",
        "serverCallId": "aHR0cHM6Ly9hcGkuZmxpZ2h0cHJveHkuc2t5cGUuY29tL2FwaS92Mi9jcC9jb252LXVzZWEtMDEtc2RmLWFrcy5jb252LnNreXBlLmNvbS9jb252L1c5M1lGSE5FXzB5aGV5ZU0tZWlkeWc/aT0xMC0xMjgtODUtMjEmZT02Mzg3OTEzMzMwNjA1MTU0Mjk=",
        "targets": [
          {
            "rawId": "8:acs:6d889502-3d7a-41a8-befa-d21fd80e8767_00000026-95b2-35eb-ec8d-084822002297",
            "kind": "communicationUser",
            "communicationUser": {
              "id": "8:acs:6d889502-3d7a-41a8-befa-d21fd80e8767_00000026-95b2-35eb-ec8d-084822002297"
            }
          }
        ],
        "callConnectionState": "connecting",
        "callbackUri": "https://sanitized/",
        "source": {
          "rawId": "8:acs:6d889502-3d7a-41a8-befa-d21fd80e8767_00000026-95b2-34e9-ec8d-084822002293",
          "kind": "communicationUser",
          "communicationUser": {
            "id": "8:acs:6d889502-3d7a-41a8-befa-d21fd80e8767_00000026-95b2-34e9-ec8d-084822002293"
          }
        },
        "correlationId": "31b9656a-dfbd-43f0-b74b-af3adf7f2e15",
        "answeredBy": {
          "id": "8:acs:6d889502-3d7a-41a8-befa-d21fd80e8767_00000026-95b2-35eb-ec8d-084822002297"
        },
        "mediaSubscriptionId": "bdb19d61-9cea-4e75-8cfb-27744a7266fe",
        "dataSubscriptionId": "88cc2ed2-ff60-4341-a79f-46501fd573fc",
        "mediaStreamingSubscription": {
          "id": "bdb19d61-9cea-4e75-8cfb-27744a7266fe",
          "state": "disabled",
          "subscribedContentTypes": [
            "audio"
          ]
        }
      }
    },
    {
      "RequestUri": "https://sanitized/calling/callConnections/03009280-e676-4bf0-84c2-b1e38d4dd68b?api-version=2024-09-01-preview",
      "RequestMethod": "GET",
      "RequestHeaders": {
        "Accept": "application/json",
        "Accept-Encoding": "gzip, deflate",
        "Authorization": "Sanitized",
        "Connection": "keep-alive",
        "User-Agent": "azsdk-python-communication-callautomation/1.4.0b2 Python/3.11.9 (Windows-10-10.0.26100-SP0)",
        "x-ms-client-request-id": "sanitized",
        "x-ms-content-sha256": "sanitized",
        "x-ms-date": "sanitized",
        "x-ms-host": "sanitized",
        "x-ms-return-client-request-id": "true"
      },
      "RequestBody": null,
      "StatusCode": 200,
      "ResponseHeaders": {
        "Content-Length": "1140",
        "Content-Type": "application/json; charset=utf-8",
        "Date": "sanitized",
        "Server": "Microsoft-HTTPAPI/2.0",
        "X-Microsoft-Skype-Chain-ID": "31b9656a-dfbd-43f0-b74b-af3adf7f2e15",
        "X-Microsoft-Skype-Client": "azsdk-python-communication-callautomation/1.4.0b2 Python/3.11.9 (Windows-10-10.0.26100-SP0)",
        "x-ms-client-request-id": "sanitized"
      },
      "ResponseBody": {
        "callConnectionId": "03009280-e676-4bf0-84c2-b1e38d4dd68b",
        "serverCallId": "aHR0cHM6Ly9hcGkuZmxpZ2h0cHJveHkuc2t5cGUuY29tL2FwaS92Mi9jcC9jb252LXVzZWEtMDEtc2RmLWFrcy5jb252LnNreXBlLmNvbS9jb252L1c5M1lGSE5FXzB5aGV5ZU0tZWlkeWc/aT0xMC0xMjgtODUtMjEmZT02Mzg3OTEzMzMwNjA1MTU0Mjk=",
        "targets": [
          {
            "rawId": "8:acs:6d889502-3d7a-41a8-befa-d21fd80e8767_00000026-95b2-35eb-ec8d-084822002297",
            "kind": "communicationUser",
            "communicationUser": {
              "id": "8:acs:6d889502-3d7a-41a8-befa-d21fd80e8767_00000026-95b2-35eb-ec8d-084822002297"
            }
          }
        ],
        "callConnectionState": "connected",
        "callbackUri": "https://sanitized/",
        "sourceDisplayName": "",
        "source": {
          "rawId": "8:acs:6d889502-3d7a-41a8-befa-d21fd80e8767_00000026-95b2-34e9-ec8d-084822002293",
          "kind": "communicationUser",
          "communicationUser": {
            "id": "8:acs:6d889502-3d7a-41a8-befa-d21fd80e8767_00000026-95b2-34e9-ec8d-084822002293"
          }
        },
        "correlationId": "31b9656a-dfbd-43f0-b74b-af3adf7f2e15",
        "mediaSubscriptionId": "e37dac01-81ce-40b6-83b5-d28b589e2982",
        "dataSubscriptionId": "c5d4d96c-9165-40a4-bba6-b8a382b1f9ec",
        "mediaStreamingSubscription": {
          "state": "disabled"
        },
        "transcriptionSubscription": {
          "state": "disabled",
          "subscribedResultTypes": []
        }
      }
    },
    {
      "RequestUri": "https://sanitized/calling/recordings?api-version=2024-09-01-preview",
      "RequestMethod": "POST",
      "RequestHeaders": {
        "Accept": "application/json",
        "Accept-Encoding": "gzip, deflate",
        "Authorization": "Sanitized",
        "Connection": "keep-alive",
        "Content-Length": "607",
        "Content-Type": "application/json",
        "Repeatability-First-Sent": "sanitized",
        "Repeatability-Request-ID": "sanitized",
        "User-Agent": "azsdk-python-communication-callautomation/1.4.0b2 Python/3.11.9 (Windows-10-10.0.26100-SP0)",
        "x-ms-client-request-id": "sanitized",
        "x-ms-content-sha256": "sanitized",
        "x-ms-date": "sanitized",
        "x-ms-host": "sanitized",
        "x-ms-return-client-request-id": "true"
      },
      "RequestBody": {
        "callLocator": {
          "serverCallId": "aHR0cHM6Ly9hcGkuZmxpZ2h0cHJveHkuc2t5cGUuY29tL2FwaS92Mi9jcC9jb252LXVzZWEtMDEtc2RmLWFrcy5jb252LnNreXBlLmNvbS9jb252L1c5M1lGSE5FXzB5aGV5ZU0tZWlkeWc/aT0xMC0xMjgtODUtMjEmZT02Mzg3OTEzMzMwNjA1MTU0Mjk=",
          "kind": "serverCallLocator"
        },
        "recordingStateCallbackUri": "https://sanitized/api/servicebuscallback/events?q=8acs6d889502-3d7a-41a8-befa-d21fd80e8767_00000026-95b2-34e9-ec8d-0848220022938acs6d889502-3d7a-41a8-befa-d21fd80e8767_00000026-95b2-35eb-ec8d-084822002297",
        "channelAffinity": [
          {
            "channel": 0,
            "participant": {
              "rawId": "testId",
              "communicationUser": {
                "id": "testId"
              }
            }
          }
        ]
      },
      "StatusCode": 200,
      "ResponseHeaders": {
        "Content-Length": "253",
        "Content-Type": "application/json; charset=utf-8",
        "Date": "sanitized",
        "Repeatability-Result": "accepted",
        "Server": "Microsoft-HTTPAPI/2.0",
        "X-Microsoft-Skype-Chain-ID": "402ded6c-1da3-4912-bdc3-098e71af28aa",
        "X-Microsoft-Skype-Client": "azsdk-python-communication-callautomation/1.4.0b2 Python/3.11.9 (Windows-10-10.0.26100-SP0)",
        "x-ms-client-request-id": "sanitized"
      },
      "ResponseBody": {
        "recordingId": "eyJQbGF0Zm9ybUVuZHBvaW50SWQiOiIwMzAwOTI4MC0xZjhkLTQxZTgtYWY0Ny05MTkwN2QzYzJiNmQiLCJSZXNvdXJjZVNwZWNpZmljSWQiOiIzY2U1YTQ2YS05YTdlLTQ4MWMtYjAzYy0yYjE3YWU2ZWYyYTUifQ",
        "recordingState": "inactive",
        "recordingKind": "azureCommunicationServices"
      }
    },
    {
      "RequestUri": "https://sanitized/calling/recordings/eyJQbGF0Zm9ybUVuZHBvaW50SWQiOiIwMzAwOTI4MC0xZjhkLTQxZTgtYWY0Ny05MTkwN2QzYzJiNmQiLCJSZXNvdXJjZVNwZWNpZmljSWQiOiIzY2U1YTQ2YS05YTdlLTQ4MWMtYjAzYy0yYjE3YWU2ZWYyYTUifQ?api-version=2024-09-01-preview",
      "RequestMethod": "DELETE",
      "RequestHeaders": {
        "Accept": "application/json",
        "Accept-Encoding": "gzip, deflate",
        "Authorization": "Sanitized",
        "Connection": "keep-alive",
        "Content-Length": "0",
        "User-Agent": "azsdk-python-communication-callautomation/1.4.0b2 Python/3.11.9 (Windows-10-10.0.26100-SP0)",
        "x-ms-client-request-id": "sanitized",
        "x-ms-content-sha256": "sanitized",
        "x-ms-date": "sanitized",
        "x-ms-host": "sanitized",
        "x-ms-return-client-request-id": "true"
      },
      "RequestBody": null,
      "StatusCode": 204,
      "ResponseHeaders": {
        "Content-Length": "0",
        "Date": "sanitized",
        "Server": "Microsoft-HTTPAPI/2.0",
        "X-Microsoft-Skype-Chain-ID": "31b9656a-dfbd-43f0-b74b-af3adf7f2e15",
        "X-Microsoft-Skype-Client": "azsdk-python-communication-callautomation/1.4.0b2 Python/3.11.9 (Windows-10-10.0.26100-SP0)",
        "x-ms-client-request-id": "sanitized"
      },
      "ResponseBody": null
    },
    {
      "RequestUri": "https://sanitized/calling/callConnections/03009280-e676-4bf0-84c2-b1e38d4dd68b:terminate?api-version=2024-09-01-preview",
      "RequestMethod": "POST",
      "RequestHeaders": {
        "Accept": "application/json",
        "Accept-Encoding": "gzip, deflate",
        "Authorization": "Sanitized",
        "Connection": "keep-alive",
        "Content-Length": "0",
        "Repeatability-First-Sent": "sanitized",
        "Repeatability-Request-ID": "sanitized",
        "User-Agent": "azsdk-python-communication-callautomation/1.4.0b2 Python/3.11.9 (Windows-10-10.0.26100-SP0)",
        "x-ms-client-request-id": "sanitized",
        "x-ms-content-sha256": "sanitized",
        "x-ms-date": "sanitized",
        "x-ms-host": "sanitized",
        "x-ms-return-client-request-id": "true"
      },
      "RequestBody": null,
      "StatusCode": 204,
      "ResponseHeaders": {
        "Content-Length": "0",
        "Date": "sanitized",
        "Repeatability-Result": "accepted",
        "Server": "Microsoft-HTTPAPI/2.0",
        "X-Microsoft-Skype-Chain-ID": "31b9656a-dfbd-43f0-b74b-af3adf7f2e15",
        "X-Microsoft-Skype-Client": "azsdk-python-communication-callautomation/1.4.0b2 Python/3.11.9 (Windows-10-10.0.26100-SP0)",
        "x-ms-client-request-id": "sanitized"
      },
      "ResponseBody": null
    }
  ],
  "Variables": {}
}
