{
  "Entries": [
    {
      "RequestUri": "https://dotnotsdkbatchaccount1.eastus.batch.azure.com/pools?api-version=2024-07-01.20.0",
      "RequestMethod": "GET",
      "RequestHeaders": {
        "Accept": "application/json",
        "Authorization": "Sanitized",
        "client-request-id": "Sanitized",
        "return-client-request-id": "true",
        "User-Agent": "azsdk-net-Compute.Batch/1.0.0-alpha.20240605.1 (.NET 7.0.19; Microsoft Windows 10.0.22631)",
        "x-ms-client-request-id": "Sanitized",
        "x-ms-return-client-request-id": "true"
      },
      "RequestBody": null,
      "StatusCode": 200,
      "ResponseHeaders": {
        "client-request-id": "Sanitized",
        "Content-Type": "application/json; odata=minimalmetadata",
        "DataServiceVersion": "3.0",
        "Date": "Thu, 06 Jun 2024 20:25:19 GMT",
        "request-id": "da96e9e7-1c5c-4a40-86ae-3cc53eeca27f",
        "Server": "Microsoft-HTTPAPI/2.0",
        "Strict-Transport-Security": "max-age=31536000; includeSubDomains",
        "Transfer-Encoding": "chunked",
        "X-Content-Type-Options": "nosniff"
      },
      "ResponseBody": {
        "odata.metadata": "https://dotnotsdkbatchaccount1.eastus.batch.azure.com/$metadata#pools",
        "value": [
          {
            "id": "pool1",
            "url": "https://dotnotsdkbatchaccount1.eastus.batch.azure.com/pools/pool1",
            "eTag": "0x8DC54FB214AAA2A",
            "lastModified": "2024-04-04T23:01:15.1833642Z",
            "creationTime": "2024-03-29T23:26:40.140628Z",
            "state": "active",
            "stateTransitionTime": "2024-03-29T23:26:40.140628Z",
            "allocationState": "steady",
            "allocationStateTransitionTime": "2024-04-04T23:03:34.1091773Z",
            "vmSize": "standard_d2s_v3",
            "resizeTimeout": "PT15M",
            "currentDedicatedNodes": 0,
            "targetDedicatedNodes": 0,
            "currentLowPriorityNodes": 0,
            "targetLowPriorityNodes": 0,
            "enableAutoScale": false,
            "enableInterNodeCommunication": false,
            "taskSlotsPerNode": 1,
            "taskSchedulingPolicy": {
              "nodeFillType": "Pack"
            },
            "virtualMachineConfiguration": {
              "imageReference": {
                "publisher": "canonical",
                "offer": "0001-com-ubuntu-server-jammy",
                "sku": "22_04-lts",
                "version": "latest"
              },
              "osDisk": {
                "ephemeralOSDiskSettings": {},
                "managedDisk": {
                  "storageAccountType": "premium_lrs"
                },
                "caching": "None"
              },
              "nodeAgentSKUId": "batch.node.ubuntu 22.04",
              "nodePlacementConfiguration": {
                "policy": "Regional"
              }
            },
            "networkConfiguration": {
              "dynamicVNetAssignmentScope": "none",
              "publicIPAddressConfiguration": {
                "provision": "BatchManaged"
              },
              "enableAcceleratedNetworking": false
            },
            "targetNodeCommunicationMode": "default"
          },
          {
            "id": "TaskListSubTasks",
            "url": "https://dotnotsdkbatchaccount1.eastus.batch.azure.com/pools/TaskListSubTasks",
            "eTag": "0x8DC8666A5537646",
            "lastModified": "2024-06-06T20:24:19.826439Z",
            "creationTime": "2024-06-06T20:18:55.1741727Z",
            "state": "deleting",
            "stateTransitionTime": "2024-06-06T20:24:19.826439Z",
            "allocationState": "resizing",
            "allocationStateTransitionTime": "2024-06-06T20:24:19.8341207Z",
            "vmSize": "standard_d1_v2",
            "resizeTimeout": "PT7M9.497S",
            "currentDedicatedNodes": 3,
            "targetDedicatedNodes": 0,
            "currentLowPriorityNodes": 0,
            "targetLowPriorityNodes": 0,
            "enableAutoScale": false,
            "enableInterNodeCommunication": true,
            "certificateReferences": [],
            "taskSlotsPerNode": 1,
            "taskSchedulingPolicy": {
              "nodeFillType": "Spread"
            },
            "virtualMachineConfiguration": {
              "imageReference": {
                "publisher": "MicrosoftWindowsServer",
                "offer": "WindowsServer",
                "sku": "2019-datacenter-smalldisk",
                "version": "latest"
              },
              "nodeAgentSKUId": "batch.node.windows amd64"
            },
            "currentNodeCommunicationMode": "classic"
          }
        ]
      }
    },
    {
      "RequestUri": "https://dotnotsdkbatchaccount1.eastus.batch.azure.com/pools?api-version=2024-07-01.20.0",
      "RequestMethod": "POST",
      "RequestHeaders": {
        "Accept": "application/json",
        "Authorization": "Sanitized",
        "client-request-id": "Sanitized",
        "Content-Length": "281",
        "Content-Type": "application/json; odata=minimalmetadata",
        "return-client-request-id": "true",
        "traceparent": "00-289829262212ff7dd89cc6e9aebcc76d-83d11cc219e911f5-00",
        "User-Agent": "azsdk-net-Compute.Batch/1.0.0-alpha.20240605.1 (.NET 7.0.19; Microsoft Windows 10.0.22631)",
        "x-ms-client-request-id": "Sanitized",
        "x-ms-return-client-request-id": "true"
      },
      "RequestBody": {
        "id": "TaskReactive",
        "vmSize": "STANDARD_D1_v2",
        "virtualMachineConfiguration": {
          "imageReference": {
            "publisher": "MicrosoftWindowsServer",
            "offer": "WindowsServer",
            "sku": "2019-datacenter-smalldisk",
            "version": "latest"
          },
          "nodeAgentSKUId": "batch.node.windows amd64"
        },
        "targetDedicatedNodes": 0
      },
      "StatusCode": 201,
      "ResponseHeaders": {
        "client-request-id": "Sanitized",
        "DataServiceId": "https://dotnotsdkbatchaccount1.eastus.batch.azure.com/pools/TaskReactive",
        "DataServiceVersion": "3.0",
        "Date": "Thu, 06 Jun 2024 20:25:20 GMT",
        "ETag": "0x8DC8666C9B1656A",
        "Last-Modified": "Thu, 06 Jun 2024 20:25:20 GMT",
        "Location": "https://dotnotsdkbatchaccount1.eastus.batch.azure.com/pools/TaskReactive",
        "request-id": "c23edcd7-f684-4b39-9ec1-9cfb6b10da97",
        "Server": "Microsoft-HTTPAPI/2.0",
        "Strict-Transport-Security": "max-age=31536000; includeSubDomains",
        "Transfer-Encoding": "chunked",
        "X-Content-Type-Options": "nosniff"
      },
      "ResponseBody": null
    },
    {
      "RequestUri": "https://dotnotsdkbatchaccount1.eastus.batch.azure.com/pools/TaskReactive?api-version=2024-07-01.20.0",
      "RequestMethod": "GET",
      "RequestHeaders": {
        "Accept": "application/json",
        "Authorization": "Sanitized",
        "client-request-id": "Sanitized",
        "return-client-request-id": "true",
        "traceparent": "00-b05366eebe0cb9ba9aeab2de99fcd72d-87e77ceee184366a-00",
        "User-Agent": "azsdk-net-Compute.Batch/1.0.0-alpha.20240605.1 (.NET 7.0.19; Microsoft Windows 10.0.22631)",
        "x-ms-client-request-id": "Sanitized",
        "x-ms-return-client-request-id": "true"
      },
      "RequestBody": null,
      "StatusCode": 200,
      "ResponseHeaders": {
        "client-request-id": "Sanitized",
        "Content-Type": "application/json; odata=minimalmetadata",
        "DataServiceVersion": "3.0",
        "Date": "Thu, 06 Jun 2024 20:25:20 GMT",
        "ETag": "0x8DC8666C9B1656A",
        "Last-Modified": "Thu, 06 Jun 2024 20:25:20 GMT",
        "request-id": "bdf85099-d710-4aed-a261-93ea425679d2",
        "Server": "Microsoft-HTTPAPI/2.0",
        "Strict-Transport-Security": "max-age=31536000; includeSubDomains",
        "Transfer-Encoding": "chunked",
        "X-Content-Type-Options": "nosniff"
      },
      "ResponseBody": {
        "odata.metadata": "https://dotnotsdkbatchaccount1.eastus.batch.azure.com/$metadata#pools/@Element",
        "id": "TaskReactive",
        "url": "https://dotnotsdkbatchaccount1.eastus.batch.azure.com/pools/TaskReactive",
        "eTag": "0x8DC8666C9B1656A",
        "lastModified": "2024-06-06T20:25:20.8400234Z",
        "creationTime": "2024-06-06T20:25:20.8400217Z",
        "state": "active",
        "stateTransitionTime": "2024-06-06T20:25:20.8400217Z",
        "allocationState": "resizing",
        "allocationStateTransitionTime": "2024-06-06T20:25:20.8400236Z",
        "vmSize": "standard_d1_v2",
        "resizeTimeout": "PT15M",
        "currentDedicatedNodes": 0,
        "targetDedicatedNodes": 0,
        "currentLowPriorityNodes": 0,
        "targetLowPriorityNodes": 0,
        "enableAutoScale": false,
        "enableInterNodeCommunication": false,
        "certificateReferences": [],
        "taskSlotsPerNode": 1,
        "taskSchedulingPolicy": {
          "nodeFillType": "Spread"
        },
        "virtualMachineConfiguration": {
          "imageReference": {
            "publisher": "MicrosoftWindowsServer",
            "offer": "WindowsServer",
            "sku": "2019-datacenter-smalldisk",
            "version": "latest"
          },
          "nodeAgentSKUId": "batch.node.windows amd64"
        }
      }
    },
    {
      "RequestUri": "https://dotnotsdkbatchaccount1.eastus.batch.azure.com/pools/TaskReactive?api-version=2024-07-01.20.0",
      "RequestMethod": "GET",
      "RequestHeaders": {
        "Accept": "application/json",
        "Authorization": "Sanitized",
        "client-request-id": "Sanitized",
        "return-client-request-id": "true",
        "traceparent": "00-662989356d09f333c99fe0732b975389-4ac6bdd7143f9c0c-00",
        "User-Agent": "azsdk-net-Compute.Batch/1.0.0-alpha.20240605.1 (.NET 7.0.19; Microsoft Windows 10.0.22631)",
        "x-ms-client-request-id": "Sanitized",
        "x-ms-return-client-request-id": "true"
      },
      "RequestBody": null,
      "StatusCode": 200,
      "ResponseHeaders": {
        "client-request-id": "Sanitized",
        "Content-Type": "application/json; odata=minimalmetadata",
        "DataServiceVersion": "3.0",
        "Date": "Thu, 06 Jun 2024 20:25:20 GMT",
        "ETag": "0x8DC8666C9B1656A",
        "Last-Modified": "Thu, 06 Jun 2024 20:25:20 GMT",
        "request-id": "0caf81f1-643d-4ce0-9504-ad02fe90a9ab",
        "Server": "Microsoft-HTTPAPI/2.0",
        "Strict-Transport-Security": "max-age=31536000; includeSubDomains",
        "Transfer-Encoding": "chunked",
        "X-Content-Type-Options": "nosniff"
      },
      "ResponseBody": {
        "odata.metadata": "https://dotnotsdkbatchaccount1.eastus.batch.azure.com/$metadata#pools/@Element",
        "id": "TaskReactive",
        "url": "https://dotnotsdkbatchaccount1.eastus.batch.azure.com/pools/TaskReactive",
        "eTag": "0x8DC8666C9B1656A",
        "lastModified": "2024-06-06T20:25:20.8400234Z",
        "creationTime": "2024-06-06T20:25:20.8400217Z",
        "state": "active",
        "stateTransitionTime": "2024-06-06T20:25:20.8400217Z",
        "allocationState": "resizing",
        "allocationStateTransitionTime": "2024-06-06T20:25:20.8400236Z",
        "vmSize": "standard_d1_v2",
        "resizeTimeout": "PT15M",
        "currentDedicatedNodes": 0,
        "targetDedicatedNodes": 0,
        "currentLowPriorityNodes": 0,
        "targetLowPriorityNodes": 0,
        "enableAutoScale": false,
        "enableInterNodeCommunication": false,
        "certificateReferences": [],
        "taskSlotsPerNode": 1,
        "taskSchedulingPolicy": {
          "nodeFillType": "Spread"
        },
        "virtualMachineConfiguration": {
          "imageReference": {
            "publisher": "MicrosoftWindowsServer",
            "offer": "WindowsServer",
            "sku": "2019-datacenter-smalldisk",
            "version": "latest"
          },
          "nodeAgentSKUId": "batch.node.windows amd64"
        }
      }
    },
    {
      "RequestUri": "https://dotnotsdkbatchaccount1.eastus.batch.azure.com/pools/TaskReactive?api-version=2024-07-01.20.0",
      "RequestMethod": "GET",
      "RequestHeaders": {
        "Accept": "application/json",
        "Authorization": "Sanitized",
        "client-request-id": "Sanitized",
        "return-client-request-id": "true",
        "traceparent": "00-dc60591fb2b42e26375a18f83def5b04-26c6a0066de7ce26-00",
        "User-Agent": "azsdk-net-Compute.Batch/1.0.0-alpha.20240605.1 (.NET 7.0.19; Microsoft Windows 10.0.22631)",
        "x-ms-client-request-id": "Sanitized",
        "x-ms-return-client-request-id": "true"
      },
      "RequestBody": null,
      "StatusCode": 200,
      "ResponseHeaders": {
        "client-request-id": "Sanitized",
        "Content-Type": "application/json; odata=minimalmetadata",
        "DataServiceVersion": "3.0",
        "Date": "Thu, 06 Jun 2024 20:25:30 GMT",
        "ETag": "0x8DC8666C9B1656A",
        "Last-Modified": "Thu, 06 Jun 2024 20:25:20 GMT",
        "request-id": "4c0edf8a-9a6f-4b48-87a9-e96a541ec5ba",
        "Server": "Microsoft-HTTPAPI/2.0",
        "Strict-Transport-Security": "max-age=31536000; includeSubDomains",
        "Transfer-Encoding": "chunked",
        "X-Content-Type-Options": "nosniff"
      },
      "ResponseBody": {
        "odata.metadata": "https://dotnotsdkbatchaccount1.eastus.batch.azure.com/$metadata#pools/@Element",
        "id": "TaskReactive",
        "url": "https://dotnotsdkbatchaccount1.eastus.batch.azure.com/pools/TaskReactive",
        "eTag": "0x8DC8666C9B1656A",
        "lastModified": "2024-06-06T20:25:20.8400234Z",
        "creationTime": "2024-06-06T20:25:20.8400217Z",
        "state": "active",
        "stateTransitionTime": "2024-06-06T20:25:20.8400217Z",
        "allocationState": "steady",
        "allocationStateTransitionTime": "2024-06-06T20:25:22.12923Z",
        "vmSize": "standard_d1_v2",
        "resizeTimeout": "PT15M",
        "currentDedicatedNodes": 0,
        "targetDedicatedNodes": 0,
        "currentLowPriorityNodes": 0,
        "targetLowPriorityNodes": 0,
        "enableAutoScale": false,
        "enableInterNodeCommunication": false,
        "certificateReferences": [],
        "taskSlotsPerNode": 1,
        "taskSchedulingPolicy": {
          "nodeFillType": "Spread"
        },
        "virtualMachineConfiguration": {
          "imageReference": {
            "publisher": "MicrosoftWindowsServer",
            "offer": "WindowsServer",
            "sku": "2019-datacenter-smalldisk",
            "version": "latest"
          },
          "nodeAgentSKUId": "batch.node.windows amd64"
        }
      }
    },
    {
      "RequestUri": "https://dotnotsdkbatchaccount1.eastus.batch.azure.com/pools/TaskReactive/nodes?api-version=2024-07-01.20.0",
      "RequestMethod": "GET",
      "RequestHeaders": {
        "Accept": "application/json",
        "Authorization": "Sanitized",
        "client-request-id": "Sanitized",
        "return-client-request-id": "true",
        "User-Agent": "azsdk-net-Compute.Batch/1.0.0-alpha.20240605.1 (.NET 7.0.19; Microsoft Windows 10.0.22631)",
        "x-ms-client-request-id": "Sanitized",
        "x-ms-return-client-request-id": "true"
      },
      "RequestBody": null,
      "StatusCode": 200,
      "ResponseHeaders": {
        "client-request-id": "Sanitized",
        "Content-Type": "application/json; odata=minimalmetadata",
        "DataServiceVersion": "3.0",
        "Date": "Thu, 06 Jun 2024 20:25:30 GMT",
        "request-id": "32b99f0f-2423-4f09-87ec-b16bdea8feac",
        "Server": "Microsoft-HTTPAPI/2.0",
        "Strict-Transport-Security": "max-age=31536000; includeSubDomains",
        "Transfer-Encoding": "chunked",
        "X-Content-Type-Options": "nosniff"
      },
      "ResponseBody": {
        "odata.metadata": "https://dotnotsdkbatchaccount1.eastus.batch.azure.com/$metadata#nodes",
        "value": []
      }
    },
    {
      "RequestUri": "https://dotnotsdkbatchaccount1.eastus.batch.azure.com/jobs?api-version=2024-07-01.20.0",
      "RequestMethod": "POST",
      "RequestHeaders": {
        "Accept": "application/json",
        "Authorization": "Sanitized",
        "client-request-id": "Sanitized",
        "Content-Length": "55",
        "Content-Type": "application/json; odata=minimalmetadata",
        "return-client-request-id": "true",
        "traceparent": "00-32a6bad65ce9a2a220eb05bd52962e06-7f0b1dd8c3f0033b-00",
        "User-Agent": "azsdk-net-Compute.Batch/1.0.0-alpha.20240605.1 (.NET 7.0.19; Microsoft Windows 10.0.22631)",
        "x-ms-client-request-id": "Sanitized",
        "x-ms-return-client-request-id": "true"
      },
      "RequestBody": {
        "id": "batchJob1",
        "poolInfo": {
          "poolId": "TaskReactive"
        }
      },
      "StatusCode": 201,
      "ResponseHeaders": {
        "client-request-id": "Sanitized",
        "DataServiceId": "https://dotnotsdkbatchaccount1.eastus.batch.azure.com/jobs/job-1",
        "DataServiceVersion": "3.0",
        "Date": "Thu, 06 Jun 2024 20:25:30 GMT",
        "ETag": "0x8DC8666D0042B36",
        "Last-Modified": "Thu, 06 Jun 2024 20:25:31 GMT",
        "Location": "https://dotnotsdkbatchaccount1.eastus.batch.azure.com/jobs/job-1",
        "request-id": "4c83b538-3c01-4181-9b39-b881d37c2470",
        "Server": "Microsoft-HTTPAPI/2.0",
        "Strict-Transport-Security": "max-age=31536000; includeSubDomains",
        "Transfer-Encoding": "chunked",
        "X-Content-Type-Options": "nosniff"
      },
      "ResponseBody": null
    },
    {
      "RequestUri": "https://dotnotsdkbatchaccount1.eastus.batch.azure.com/jobs/batchJob1?api-version=2024-07-01.20.0",
      "RequestMethod": "GET",
      "RequestHeaders": {
        "Accept": "application/json",
        "Authorization": "Sanitized",
        "client-request-id": "Sanitized",
        "return-client-request-id": "true",
        "traceparent": "00-7f79bc1c4e350b4ce7e0a3f8103d0fb7-a59fdbc2e9afffb8-00",
        "User-Agent": "azsdk-net-Compute.Batch/1.0.0-alpha.20240605.1 (.NET 7.0.19; Microsoft Windows 10.0.22631)",
        "x-ms-client-request-id": "Sanitized",
        "x-ms-return-client-request-id": "true"
      },
      "RequestBody": null,
      "StatusCode": 200,
      "ResponseHeaders": {
        "client-request-id": "Sanitized",
        "Content-Type": "application/json; odata=minimalmetadata",
        "DataServiceVersion": "3.0",
        "Date": "Thu, 06 Jun 2024 20:25:30 GMT",
        "ETag": "0x8DC8666D0042B36",
        "Last-Modified": "Thu, 06 Jun 2024 20:25:31 GMT",
        "request-id": "dc16c6db-25fd-46e4-911c-69a08ec39868",
        "Server": "Microsoft-HTTPAPI/2.0",
        "Strict-Transport-Security": "max-age=31536000; includeSubDomains",
        "Transfer-Encoding": "chunked",
        "X-Content-Type-Options": "nosniff"
      },
      "ResponseBody": {
        "odata.metadata": "https://dotnotsdkbatchaccount1.eastus.batch.azure.com/$metadata#jobs/@Element",
        "id": "batchJob1",
        "url": "https://dotnotsdkbatchaccount1.eastus.batch.azure.com/jobs/batchJob1",
        "eTag": "0x8DC8666D0042B36",
        "lastModified": "2024-06-06T20:25:31.4488118Z",
        "creationTime": "2024-06-06T20:25:31.4318144Z",
        "state": "active",
        "stateTransitionTime": "2024-06-06T20:25:31.4488118Z",
        "priority": 0,
        "maxParallelTasks": -1,
        "usesTaskDependencies": false,
        "allowTaskPreemption": false,
        "constraints": {
          "maxWallClockTime": "P10675199DT2H48M5.4775807S",
          "maxTaskRetryCount": 0
        },
        "poolInfo": {
          "poolId": "TaskReactive"
        },
        "executionInfo": {
          "startTime": "2024-06-06T20:25:31.4488118Z",
          "poolId": "TaskReactive"
        },
        "onAllTasksComplete": "noaction",
        "onTaskFailure": "noaction"
      }
    },
    {
      "RequestUri": "https://dotnotsdkbatchaccount1.eastus.batch.azure.com/jobs/batchJob1/tasks?api-version=2024-07-01.20.0",
      "RequestMethod": "POST",
      "RequestHeaders": {
        "Accept": "application/json",
        "Authorization": "Sanitized",
        "client-request-id": "Sanitized",
        "Content-Length": "54",
        "Content-Type": "application/json; odata=minimalmetadata",
        "return-client-request-id": "true",
        "traceparent": "00-8e1559dec2e21eae0b9dbe91d8e7ea27-88da8e894c2fcdfa-00",
        "User-Agent": "azsdk-net-Compute.Batch/1.0.0-alpha.20240605.1 (.NET 7.0.19; Microsoft Windows 10.0.22631)",
        "x-ms-client-request-id": "Sanitized",
        "x-ms-return-client-request-id": "true"
      },
      "RequestBody": {
        "id": "Task1",
        "commandLine": "cmd /c echo Hello World"
      },
      "StatusCode": 201,
      "ResponseHeaders": {
        "client-request-id": "Sanitized",
        "DataServiceId": "https://dotnotsdkbatchaccount1.eastus.batch.azure.com/jobs/batchJob1/tasks/Task1",
        "DataServiceVersion": "3.0",
        "Date": "Thu, 06 Jun 2024 20:25:31 GMT",
        "ETag": "0x8DC8666D0214E77",
        "Last-Modified": "Thu, 06 Jun 2024 20:25:31 GMT",
        "Location": "https://dotnotsdkbatchaccount1.eastus.batch.azure.com/jobs/batchJob1/tasks/Task1",
        "request-id": "4c8e3b3d-c3c5-411b-a9b2-9c8cd0933b80",
        "Server": "Microsoft-HTTPAPI/2.0",
        "Strict-Transport-Security": "max-age=31536000; includeSubDomains",
        "Transfer-Encoding": "chunked",
        "X-Content-Type-Options": "nosniff"
      },
      "ResponseBody": null
    },
    {
      "RequestUri": "https://dotnotsdkbatchaccount1.eastus.batch.azure.com/jobs/batchJob1/tasks/Task1?api-version=2024-07-01.20.0",
      "RequestMethod": "GET",
      "RequestHeaders": {
        "Accept": "application/json",
        "Authorization": "Sanitized",
        "client-request-id": "Sanitized",
        "return-client-request-id": "true",
        "traceparent": "00-c04aa61ec5a0f2454cd8c146556b3282-7e925a97b34783fc-00",
        "User-Agent": "azsdk-net-Compute.Batch/1.0.0-alpha.20240605.1 (.NET 7.0.19; Microsoft Windows 10.0.22631)",
        "x-ms-client-request-id": "Sanitized",
        "x-ms-return-client-request-id": "true"
      },
      "RequestBody": null,
      "StatusCode": 200,
      "ResponseHeaders": {
        "client-request-id": "Sanitized",
        "Content-Type": "application/json; odata=minimalmetadata",
        "DataServiceVersion": "3.0",
        "Date": "Thu, 06 Jun 2024 20:25:31 GMT",
        "ETag": "0x8DC8666D0214E77",
        "Last-Modified": "Thu, 06 Jun 2024 20:25:31 GMT",
        "request-id": "8a1afde6-24eb-47bb-ac3d-fe6c5deaf695",
        "Server": "Microsoft-HTTPAPI/2.0",
        "Strict-Transport-Security": "max-age=31536000; includeSubDomains",
        "Transfer-Encoding": "chunked",
        "X-Content-Type-Options": "nosniff"
      },
      "ResponseBody": {
        "odata.metadata": "https://dotnotsdkbatchaccount1.eastus.batch.azure.com/$metadata#tasks/@Element",
        "id": "Task1",
        "url": "https://dotnotsdkbatchaccount1.eastus.batch.azure.com/jobs/batchJob1/tasks/Task1",
        "eTag": "0x8DC8666D0214E77",
        "creationTime": "2024-06-06T20:25:31.6397687Z",
        "lastModified": "2024-06-06T20:25:31.6397687Z",
        "state": "active",
        "stateTransitionTime": "2024-06-06T20:25:31.6397687Z",
        "commandLine": "cmd /c echo Hello World",
        "userIdentity": {
          "autoUser": {
            "scope": "pool",
            "elevationLevel": "nonadmin"
          }
        },
        "constraints": {
          "maxWallClockTime": "P10675199DT2H48M5.4775807S",
          "retentionTime": "P7D",
          "maxTaskRetryCount": 0
        },
        "requiredSlots": 1,
        "executionInfo": {
          "retryCount": 0,
          "requeueCount": 0
        }
      }
    },
    {
      "RequestUri": "https://dotnotsdkbatchaccount1.eastus.batch.azure.com/jobs/batchJob1/tasks/Task1/terminate?api-version=2024-07-01.20.0",
      "RequestMethod": "POST",
      "RequestHeaders": {
        "Accept": "application/json",
        "Authorization": "Sanitized",
        "client-request-id": "Sanitized",
        "Content-Length": "0",
        "return-client-request-id": "true",
        "traceparent": "00-fb1e46f0c2ad28bb0d0bb1238e278917-6690d56a5cd41036-00",
        "User-Agent": "azsdk-net-Compute.Batch/1.0.0-alpha.20240605.1 (.NET 7.0.19; Microsoft Windows 10.0.22631)",
        "x-ms-client-request-id": "Sanitized",
        "x-ms-return-client-request-id": "true"
      },
      "RequestBody": null,
      "StatusCode": 204,
      "ResponseHeaders": {
        "client-request-id": "Sanitized",
        "Content-Length": "0",
        "DataServiceId": "https://dotnotsdkbatchaccount1.eastus.batch.azure.com/jobs/batchJob1/tasks/Task1/terminate",
        "DataServiceVersion": "3.0",
        "Date": "Thu, 06 Jun 2024 20:25:31 GMT",
        "ETag": "0x8DC8666D03E9AA0",
        "Last-Modified": "Thu, 06 Jun 2024 20:25:31 GMT",
        "request-id": "6bbd9809-1e5c-4916-83f0-a58727de399e",
        "Server": "Microsoft-HTTPAPI/2.0",
        "Strict-Transport-Security": "max-age=31536000; includeSubDomains",
        "X-Content-Type-Options": "nosniff"
      },
      "ResponseBody": null
    },
    {
      "RequestUri": "https://dotnotsdkbatchaccount1.eastus.batch.azure.com/jobs/batchJob1/tasks/Task1/reactivate?api-version=2024-07-01.20.0",
      "RequestMethod": "POST",
      "RequestHeaders": {
        "Accept": "application/json",
        "Authorization": "Sanitized",
        "client-request-id": "Sanitized",
        "Content-Length": "0",
        "return-client-request-id": "true",
        "traceparent": "00-5ca17e4a7059c5ba4bafb80c50ce3104-4c3a3b1e6a07af8d-00",
        "User-Agent": "azsdk-net-Compute.Batch/1.0.0-alpha.20240605.1 (.NET 7.0.19; Microsoft Windows 10.0.22631)",
        "x-ms-client-request-id": "Sanitized",
        "x-ms-return-client-request-id": "true"
      },
      "RequestBody": null,
      "StatusCode": 204,
      "ResponseHeaders": {
        "client-request-id": "Sanitized",
        "Content-Length": "0",
        "DataServiceVersion": "3.0",
        "Date": "Thu, 06 Jun 2024 20:25:31 GMT",
        "ETag": "0x8DC8666D0561A71",
        "Last-Modified": "Thu, 06 Jun 2024 20:25:31 GMT",
        "request-id": "cedac758-520e-4d2c-affe-fe69ae05c921",
        "Server": "Microsoft-HTTPAPI/2.0",
        "Strict-Transport-Security": "max-age=31536000; includeSubDomains",
        "X-Content-Type-Options": "nosniff"
      },
      "ResponseBody": null
    },
    {
      "RequestUri": "https://dotnotsdkbatchaccount1.eastus.batch.azure.com/jobs/batchJob1?api-version=2024-07-01.20.0",
      "RequestMethod": "DELETE",
      "RequestHeaders": {
        "Accept": "application/json",
        "Authorization": "Sanitized",
        "client-request-id": "Sanitized",
        "return-client-request-id": "true",
        "traceparent": "00-8c1d4bed0acfcfc940142e545d91e75a-f9a5697d31e4f63f-00",
        "User-Agent": "azsdk-net-Compute.Batch/1.0.0-alpha.20240605.1 (.NET 7.0.19; Microsoft Windows 10.0.22631)",
        "x-ms-client-request-id": "Sanitized",
        "x-ms-return-client-request-id": "true"
      },
      "RequestBody": null,
      "StatusCode": 202,
      "ResponseHeaders": {
        "client-request-id": "Sanitized",
        "DataServiceVersion": "3.0",
        "Date": "Thu, 06 Jun 2024 20:25:31 GMT",
        "request-id": "1a055f9a-9312-48ea-97c9-00f2db21ebb0",
        "Server": "Microsoft-HTTPAPI/2.0",
        "Strict-Transport-Security": "max-age=31536000; includeSubDomains",
        "Transfer-Encoding": "chunked",
        "X-Content-Type-Options": "nosniff"
      },
      "ResponseBody": null
    },
    {
      "RequestUri": "https://dotnotsdkbatchaccount1.eastus.batch.azure.com/pools/TaskReactive?api-version=2024-07-01.20.0",
      "RequestMethod": "DELETE",
      "RequestHeaders": {
        "Accept": "application/json",
        "Authorization": "Sanitized",
        "client-request-id": "Sanitized",
        "return-client-request-id": "true",
        "traceparent": "00-e792d28f56a26fdf73862909b9ffba37-2df194bc485df8d9-00",
        "User-Agent": "azsdk-net-Compute.Batch/1.0.0-alpha.20240605.1 (.NET 7.0.19; Microsoft Windows 10.0.22631)",
        "x-ms-client-request-id": "Sanitized",
        "x-ms-return-client-request-id": "true"
      },
      "RequestBody": null,
      "StatusCode": 202,
      "ResponseHeaders": {
        "client-request-id": "Sanitized",
        "DataServiceVersion": "3.0",
        "Date": "Thu, 06 Jun 2024 20:25:31 GMT",
        "request-id": "0534d2fe-5866-4099-bd7c-fff51792f691",
        "Server": "Microsoft-HTTPAPI/2.0",
        "Strict-Transport-Security": "max-age=31536000; includeSubDomains",
        "Transfer-Encoding": "chunked",
        "X-Content-Type-Options": "nosniff"
      },
      "ResponseBody": null
    }
  ],
  "Variables": {
    "AZURE_AUTHORITY_HOST": "https://login.microsoftonline.com",
    "batch_account_uri": "dotnotsdkbatchaccount1.eastus.batch.azure.com",
    "RandomSeed": "255483717"
  }
}