{
  "Entries": [
    {
      "RequestUri": "https://westus.api.azureml.ms/agents/v1.0/subscriptions/b17253fa-f327-42d6-9686-f3e553e24763/resourceGroups/nirovins-rg-eastus/providers/Microsoft.MachineLearningServices/workspaces/nirovins-westus/assistants?api-version=2025-05-15-preview",
      "RequestMethod": "POST",
      "RequestHeaders": {
        "Accept": "application/json",
        "Authorization": "Sanitized",
        "Content-Length": "90",
        "Content-Type": "application/json",
        "User-Agent": "azsdk-net-AI.Assistants/1.0.0-alpha.20250408.1 (.NET 8.0.15; Microsoft Windows 10.0.26100)",
        "x-ms-client-request-id": "Sanitized",
        "x-ms-return-client-request-id": "true"
      },
      "RequestBody": {
        "model": "gpt-4",
        "name": "cs_e2e_tests_client",
        "instructions": "You are helpful assistant."
      },
      "StatusCode": 200,
      "ResponseHeaders": {
        "apim-request-id": "c6d92d33-dc76-4503-878c-5a14291105e3",
        "Connection": "keep-alive",
        "Content-Length": "344",
        "Content-Type": "application/json",
        "Date": "Wed, 09 Apr 2025 03:57:23 GMT",
        "openai-organization": "20ba836fffc34ede8203166d666c74ef",
        "openai-processing-ms": "106",
        "openai-version": "2020-10-01",
        "Request-Context": "appId=cid-v1:2d2e8e63-272e-4b3c-8598-4ee570a0e70d",
        "Strict-Transport-Security": "max-age=31536000; includeSubDomains; preload",
        "Vary": "Accept-Encoding",
        "x-aml-cluster": "vienna-westus-02",
        "X-Content-Type-Options": "nosniff",
        "x-ms-middleware-request-id": "c6d92d33-dc76-4503-878c-5a14291105e3",
        "x-ms-region": "West US",
        "x-ms-response-type": "standard",
        "X-Request-ID": "de90160a6344ca02783b7e7766f98149",
        "x-request-time": "0.354"
      },
      "ResponseBody": {
        "id": "asst_oWOzUHxk0M0tcGYxm9QUMPhn",
        "object": "assistant",
        "created_at": 1744171043,
        "name": "cs_e2e_tests_client",
        "description": null,
        "model": "gpt-4",
        "instructions": "You are helpful assistant.",
        "tools": [],
        "top_p": 1.0,
        "temperature": 1.0,
        "tool_resources": {},
        "metadata": {},
        "response_format": "auto"
      }
    },
    {
      "RequestUri": "https://westus.api.azureml.ms/agents/v1.0/subscriptions/b17253fa-f327-42d6-9686-f3e553e24763/resourceGroups/nirovins-rg-eastus/providers/Microsoft.MachineLearningServices/workspaces/nirovins-westus/threads?api-version=2025-05-15-preview",
      "RequestMethod": "POST",
      "RequestHeaders": {
        "Accept": "application/json",
        "Authorization": "Sanitized",
        "Content-Length": "2",
        "Content-Type": "application/json",
        "User-Agent": "azsdk-net-AI.Assistants/1.0.0-alpha.20250408.1 (.NET 8.0.15; Microsoft Windows 10.0.26100)",
        "x-ms-client-request-id": "Sanitized",
        "x-ms-return-client-request-id": "true"
      },
      "RequestBody": {},
      "StatusCode": 200,
      "ResponseHeaders": {
        "apim-request-id": "28bc87e8-2de0-4deb-ae9e-7c2977300e3c",
        "Connection": "keep-alive",
        "Content-Length": "137",
        "Content-Type": "application/json",
        "Date": "Wed, 09 Apr 2025 03:57:23 GMT",
        "openai-organization": "20ba836fffc34ede8203166d666c74ef",
        "openai-processing-ms": "18",
        "openai-version": "2020-10-01",
        "Request-Context": "appId=cid-v1:2d2e8e63-272e-4b3c-8598-4ee570a0e70d",
        "Strict-Transport-Security": "max-age=31536000; includeSubDomains; preload",
        "x-aml-cluster": "vienna-westus-02",
        "X-Content-Type-Options": "nosniff",
        "x-ms-middleware-request-id": "c61d71cb-7408-4556-9947-2fcc778dad36",
        "x-ms-region": "West US",
        "x-ms-response-type": "standard",
        "X-Request-ID": "dcfede635d28cd108c200a0f8a763989",
        "x-request-time": "0.300"
      },
      "ResponseBody": {
        "id": "thread_77atNYdz1QsDAvqWkOh9mHWo",
        "object": "thread",
        "created_at": 1744171043,
        "metadata": {},
        "tool_resources": {}
      }
    },
    {
      "RequestUri": "https://westus.api.azureml.ms/agents/v1.0/subscriptions/b17253fa-f327-42d6-9686-f3e553e24763/resourceGroups/nirovins-rg-eastus/providers/Microsoft.MachineLearningServices/workspaces/nirovins-westus/threads/thread_77atNYdz1QsDAvqWkOh9mHWo/messages?api-version=2025-05-15-preview",
      "RequestMethod": "POST",
      "RequestHeaders": {
        "Accept": "application/json",
        "Authorization": "Sanitized",
        "Content-Length": "49",
        "Content-Type": "application/json",
        "User-Agent": "azsdk-net-AI.Assistants/1.0.0-alpha.20250408.1 (.NET 8.0.15; Microsoft Windows 10.0.26100)",
        "x-ms-client-request-id": "Sanitized",
        "x-ms-return-client-request-id": "true"
      },
      "RequestBody": {
        "role": "user",
        "content": "Hello, tell me a joke"
      },
      "StatusCode": 200,
      "ResponseHeaders": {
        "apim-request-id": "52e0ce2b-15f1-4228-8364-c5736a4f405a",
        "Connection": "keep-alive",
        "Content-Length": "395",
        "Content-Type": "application/json",
        "Date": "Wed, 09 Apr 2025 03:57:24 GMT",
        "openai-organization": "20ba836fffc34ede8203166d666c74ef",
        "openai-processing-ms": "90",
        "openai-version": "2020-10-01",
        "Request-Context": "appId=cid-v1:2d2e8e63-272e-4b3c-8598-4ee570a0e70d",
        "Strict-Transport-Security": "max-age=31536000; includeSubDomains; preload",
        "Vary": "Accept-Encoding",
        "x-aml-cluster": "vienna-westus-02",
        "X-Content-Type-Options": "nosniff",
        "x-ms-middleware-request-id": "e0c64ba0-eb19-4f36-bf2a-e92f0f50ce20",
        "x-ms-region": "West US",
        "x-ms-response-type": "standard",
        "X-Request-ID": "af23a421e78dda2b7261392d7d6e23fe",
        "x-request-time": "0.349"
      },
      "ResponseBody": {
        "id": "msg_TEAqG0Kh2s8DntfL5ZcQZuCE",
        "object": "thread.message",
        "created_at": 1744171044,
        "assistant_id": null,
        "thread_id": "thread_77atNYdz1QsDAvqWkOh9mHWo",
        "run_id": null,
        "role": "user",
        "content": [
          {
            "type": "text",
            "text": {
              "value": "Hello, tell me a joke",
              "annotations": []
            }
          }
        ],
        "attachments": [],
        "metadata": {}
      }
    },
    {
      "RequestUri": "https://westus.api.azureml.ms/agents/v1.0/subscriptions/b17253fa-f327-42d6-9686-f3e553e24763/resourceGroups/nirovins-rg-eastus/providers/Microsoft.MachineLearningServices/workspaces/nirovins-westus/threads/thread_77atNYdz1QsDAvqWkOh9mHWo/runs?api-version=2025-05-15-preview",
      "RequestMethod": "POST",
      "RequestHeaders": {
        "Accept": "application/json",
        "Authorization": "Sanitized",
        "Content-Length": "48",
        "Content-Type": "application/json",
        "User-Agent": "azsdk-net-AI.Assistants/1.0.0-alpha.20250408.1 (.NET 8.0.15; Microsoft Windows 10.0.26100)",
        "x-ms-client-request-id": "Sanitized",
        "x-ms-return-client-request-id": "true"
      },
      "RequestBody": {
        "assistant_id": "asst_oWOzUHxk0M0tcGYxm9QUMPhn"
      },
      "StatusCode": 200,
      "ResponseHeaders": {
        "apim-request-id": "b1173d9f-6355-4f49-bbf2-285bddd98194",
        "Connection": "keep-alive",
        "Content-Length": "822",
        "Content-Type": "application/json",
        "Date": "Wed, 09 Apr 2025 03:57:24 GMT",
        "openai-organization": "20ba836fffc34ede8203166d666c74ef",
        "openai-processing-ms": "170",
        "openai-version": "2020-10-01",
        "Request-Context": "appId=cid-v1:2d2e8e63-272e-4b3c-8598-4ee570a0e70d",
        "Strict-Transport-Security": "max-age=31536000; includeSubDomains; preload",
        "Vary": "Accept-Encoding",
        "x-aml-cluster": "vienna-westus-02",
        "X-Content-Type-Options": "nosniff",
        "x-ms-middleware-request-id": "4df442cd-6653-4f92-b5ab-ffe224a2f5b2",
        "x-ms-region": "West US",
        "x-ms-response-type": "standard",
        "X-Request-ID": "59adff1dfbbf8faf79a0e745948bf6f4",
        "x-request-time": "0.500"
      },
      "ResponseBody": {
        "id": "run_hdpzBVBo7nYg0wjVy415kv4t",
        "object": "thread.run",
        "created_at": 1744171044,
        "assistant_id": "asst_oWOzUHxk0M0tcGYxm9QUMPhn",
        "thread_id": "thread_77atNYdz1QsDAvqWkOh9mHWo",
        "status": "queued",
        "started_at": null,
        "expires_at": 1744171644,
        "cancelled_at": null,
        "failed_at": null,
        "completed_at": null,
        "required_action": null,
        "last_error": null,
        "model": "gpt-4",
        "instructions": "You are helpful assistant.",
        "tools": [],
        "tool_resources": {},
        "metadata": {},
        "temperature": 1.0,
        "top_p": 1.0,
        "max_completion_tokens": null,
        "max_prompt_tokens": null,
        "truncation_strategy": {
          "type": "auto",
          "last_messages": null
        },
        "incomplete_details": null,
        "usage": null,
        "response_format": "auto",
        "tool_choice": "auto",
        "parallel_tool_calls": true
      }
    },
    {
      "RequestUri": "https://westus.api.azureml.ms/agents/v1.0/subscriptions/b17253fa-f327-42d6-9686-f3e553e24763/resourceGroups/nirovins-rg-eastus/providers/Microsoft.MachineLearningServices/workspaces/nirovins-westus/threads/thread_77atNYdz1QsDAvqWkOh9mHWo/runs/run_hdpzBVBo7nYg0wjVy415kv4t?api-version=2025-05-15-preview",
      "RequestMethod": "GET",
      "RequestHeaders": {
        "Accept": "application/json",
        "Authorization": "Sanitized",
        "User-Agent": "azsdk-net-AI.Assistants/1.0.0-alpha.20250408.1 (.NET 8.0.15; Microsoft Windows 10.0.26100)",
        "x-ms-client-request-id": "Sanitized",
        "x-ms-return-client-request-id": "true"
      },
      "RequestBody": null,
      "StatusCode": 200,
      "ResponseHeaders": {
        "apim-request-id": "f074c06c-81ec-464f-bf68-1d4b05c6f8e7",
        "Connection": "keep-alive",
        "Content-Length": "822",
        "Content-Type": "application/json",
        "Date": "Wed, 09 Apr 2025 03:57:25 GMT",
        "openai-organization": "20ba836fffc34ede8203166d666c74ef",
        "openai-processing-ms": "79",
        "openai-version": "2020-10-01",
        "Request-Context": "appId=cid-v1:2d2e8e63-272e-4b3c-8598-4ee570a0e70d",
        "Strict-Transport-Security": "max-age=31536000; includeSubDomains; preload",
        "Vary": "Accept-Encoding",
        "x-aml-cluster": "vienna-westus-02",
        "X-Content-Type-Options": "nosniff",
        "x-ms-middleware-request-id": "729a18ce-d7ad-4294-9ab3-09a87625d94a",
        "x-ms-region": "West US",
        "x-ms-response-type": "standard",
        "X-Request-ID": "4fea98a0c1494caf5d5d05c01f887eea",
        "x-request-time": "0.312"
      },
      "ResponseBody": {
        "id": "run_hdpzBVBo7nYg0wjVy415kv4t",
        "object": "thread.run",
        "created_at": 1744171044,
        "assistant_id": "asst_oWOzUHxk0M0tcGYxm9QUMPhn",
        "thread_id": "thread_77atNYdz1QsDAvqWkOh9mHWo",
        "status": "queued",
        "started_at": null,
        "expires_at": 1744171644,
        "cancelled_at": null,
        "failed_at": null,
        "completed_at": null,
        "required_action": null,
        "last_error": null,
        "model": "gpt-4",
        "instructions": "You are helpful assistant.",
        "tools": [],
        "tool_resources": {},
        "metadata": {},
        "temperature": 1.0,
        "top_p": 1.0,
        "max_completion_tokens": null,
        "max_prompt_tokens": null,
        "truncation_strategy": {
          "type": "auto",
          "last_messages": null
        },
        "incomplete_details": null,
        "usage": null,
        "response_format": "auto",
        "tool_choice": "auto",
        "parallel_tool_calls": true
      }
    },
    {
      "RequestUri": "https://westus.api.azureml.ms/agents/v1.0/subscriptions/b17253fa-f327-42d6-9686-f3e553e24763/resourceGroups/nirovins-rg-eastus/providers/Microsoft.MachineLearningServices/workspaces/nirovins-westus/threads/thread_77atNYdz1QsDAvqWkOh9mHWo/runs/run_hdpzBVBo7nYg0wjVy415kv4t?api-version=2025-05-15-preview",
      "RequestMethod": "GET",
      "RequestHeaders": {
        "Accept": "application/json",
        "Authorization": "Sanitized",
        "User-Agent": "azsdk-net-AI.Assistants/1.0.0-alpha.20250408.1 (.NET 8.0.15; Microsoft Windows 10.0.26100)",
        "x-ms-client-request-id": "Sanitized",
        "x-ms-return-client-request-id": "true"
      },
      "RequestBody": null,
      "StatusCode": 200,
      "ResponseHeaders": {
        "apim-request-id": "4573b592-65c9-431a-aa66-58b102b195c2",
        "Connection": "keep-alive",
        "Content-Length": "833",
        "Content-Type": "application/json",
        "Date": "Wed, 09 Apr 2025 03:57:25 GMT",
        "openai-organization": "20ba836fffc34ede8203166d666c74ef",
        "openai-processing-ms": "48",
        "openai-version": "2020-10-01",
        "Request-Context": "appId=cid-v1:2d2e8e63-272e-4b3c-8598-4ee570a0e70d",
        "Strict-Transport-Security": "max-age=31536000; includeSubDomains; preload",
        "Vary": "Accept-Encoding",
        "x-aml-cluster": "vienna-westus-02",
        "X-Content-Type-Options": "nosniff",
        "x-ms-middleware-request-id": "7ba852f6-19be-4665-85fd-345056d4c152",
        "x-ms-region": "West US",
        "x-ms-response-type": "standard",
        "X-Request-ID": "0d4d961c485d7fd9b3c800cf3c0405eb",
        "x-request-time": "0.278"
      },
      "ResponseBody": {
        "id": "run_hdpzBVBo7nYg0wjVy415kv4t",
        "object": "thread.run",
        "created_at": 1744171044,
        "assistant_id": "asst_oWOzUHxk0M0tcGYxm9QUMPhn",
        "thread_id": "thread_77atNYdz1QsDAvqWkOh9mHWo",
        "status": "in_progress",
        "started_at": 1744171045,
        "expires_at": 1744171644,
        "cancelled_at": null,
        "failed_at": null,
        "completed_at": null,
        "required_action": null,
        "last_error": null,
        "model": "gpt-4",
        "instructions": "You are helpful assistant.",
        "tools": [],
        "tool_resources": {},
        "metadata": {},
        "temperature": 1.0,
        "top_p": 1.0,
        "max_completion_tokens": null,
        "max_prompt_tokens": null,
        "truncation_strategy": {
          "type": "auto",
          "last_messages": null
        },
        "incomplete_details": null,
        "usage": null,
        "response_format": "auto",
        "tool_choice": "auto",
        "parallel_tool_calls": true
      }
    },
    {
      "RequestUri": "https://westus.api.azureml.ms/agents/v1.0/subscriptions/b17253fa-f327-42d6-9686-f3e553e24763/resourceGroups/nirovins-rg-eastus/providers/Microsoft.MachineLearningServices/workspaces/nirovins-westus/threads/thread_77atNYdz1QsDAvqWkOh9mHWo/runs/run_hdpzBVBo7nYg0wjVy415kv4t?api-version=2025-05-15-preview",
      "RequestMethod": "GET",
      "RequestHeaders": {
        "Accept": "application/json",
        "Authorization": "Sanitized",
        "User-Agent": "azsdk-net-AI.Assistants/1.0.0-alpha.20250408.1 (.NET 8.0.15; Microsoft Windows 10.0.26100)",
        "x-ms-client-request-id": "Sanitized",
        "x-ms-return-client-request-id": "true"
      },
      "RequestBody": null,
      "StatusCode": 200,
      "ResponseHeaders": {
        "apim-request-id": "010f148e-b096-40cd-8817-bc0b45b46797",
        "Connection": "keep-alive",
        "Content-Length": "971",
        "Content-Type": "application/json",
        "Date": "Wed, 09 Apr 2025 03:57:26 GMT",
        "openai-organization": "20ba836fffc34ede8203166d666c74ef",
        "openai-processing-ms": "81",
        "openai-version": "2020-10-01",
        "Request-Context": "appId=cid-v1:2d2e8e63-272e-4b3c-8598-4ee570a0e70d",
        "Strict-Transport-Security": "max-age=31536000; includeSubDomains; preload",
        "Vary": "Accept-Encoding",
        "x-aml-cluster": "vienna-westus-02",
        "X-Content-Type-Options": "nosniff",
        "x-ms-middleware-request-id": "de45b14d-bc88-4f08-a2c1-6d71f2ed76d2",
        "x-ms-region": "West US",
        "x-ms-response-type": "standard",
        "X-Request-ID": "79ac491db278015d67698cb616578569",
        "x-request-time": "0.317"
      },
      "ResponseBody": {
        "id": "run_hdpzBVBo7nYg0wjVy415kv4t",
        "object": "thread.run",
        "created_at": 1744171044,
        "assistant_id": "asst_oWOzUHxk0M0tcGYxm9QUMPhn",
        "thread_id": "thread_77atNYdz1QsDAvqWkOh9mHWo",
        "status": "completed",
        "started_at": 1744171045,
        "expires_at": null,
        "cancelled_at": null,
        "failed_at": null,
        "completed_at": 1744171045,
        "required_action": null,
        "last_error": null,
        "model": "gpt-4",
        "instructions": "You are helpful assistant.",
        "tools": [],
        "tool_resources": {},
        "metadata": {},
        "temperature": 1.0,
        "top_p": 1.0,
        "max_completion_tokens": null,
        "max_prompt_tokens": null,
        "truncation_strategy": {
          "type": "auto",
          "last_messages": null
        },
        "incomplete_details": null,
        "usage": {
          "prompt_tokens": 30,
          "completion_tokens": 17,
          "total_tokens": 47,
          "prompt_token_details": {
            "cached_tokens": 0
          }
        },
        "response_format": "auto",
        "tool_choice": "auto",
        "parallel_tool_calls": true
      }
    },
    {
      "RequestUri": "https://westus.api.azureml.ms/agents/v1.0/subscriptions/b17253fa-f327-42d6-9686-f3e553e24763/resourceGroups/nirovins-rg-eastus/providers/Microsoft.MachineLearningServices/workspaces/nirovins-westus/threads/thread_77atNYdz1QsDAvqWkOh9mHWo/messages?api-version=2025-05-15-preview",
      "RequestMethod": "GET",
      "RequestHeaders": {
        "Accept": "application/json",
        "Authorization": "Sanitized",
        "User-Agent": "azsdk-net-AI.Assistants/1.0.0-alpha.20250408.1 (.NET 8.0.15; Microsoft Windows 10.0.26100)",
        "x-ms-client-request-id": "Sanitized",
        "x-ms-return-client-request-id": "true"
      },
      "RequestBody": null,
      "StatusCode": 200,
      "ResponseHeaders": {
        "apim-request-id": "0500582a-8222-440d-b173-13f81721fcff",
        "Connection": "keep-alive",
        "Content-Length": "1207",
        "Content-Type": "application/json",
        "Date": "Wed, 09 Apr 2025 03:57:27 GMT",
        "openai-organization": "20ba836fffc34ede8203166d666c74ef",
        "openai-processing-ms": "74",
        "openai-version": "2020-10-01",
        "Request-Context": "appId=cid-v1:2d2e8e63-272e-4b3c-8598-4ee570a0e70d",
        "Strict-Transport-Security": "max-age=31536000; includeSubDomains; preload",
        "Vary": "Accept-Encoding",
        "x-aml-cluster": "vienna-westus-02",
        "X-Content-Type-Options": "nosniff",
        "x-ms-middleware-request-id": "2c7a970c-bdd3-49e2-969b-8c7fdc733761",
        "x-ms-region": "West US",
        "x-ms-response-type": "standard",
        "X-Request-ID": "4d072ef5618f8d70358834894b8129bc",
        "x-request-time": "0.324"
      },
      "ResponseBody": {
        "object": "list",
        "data": [
          {
            "id": "msg_OSN2iZONnOHNzywxA3VF0397",
            "object": "thread.message",
            "created_at": 1744171045,
            "assistant_id": "asst_oWOzUHxk0M0tcGYxm9QUMPhn",
            "thread_id": "thread_77atNYdz1QsDAvqWkOh9mHWo",
            "run_id": "run_hdpzBVBo7nYg0wjVy415kv4t",
            "role": "assistant",
            "content": [
              {
                "type": "text",
                "text": {
                  "value": "Why don't skeletons fight each other?\n\nThey don't have the guts.",
                  "annotations": []
                }
              }
            ],
            "attachments": [],
            "metadata": {}
          },
          {
            "id": "msg_TEAqG0Kh2s8DntfL5ZcQZuCE",
            "object": "thread.message",
            "created_at": 1744171044,
            "assistant_id": null,
            "thread_id": "thread_77atNYdz1QsDAvqWkOh9mHWo",
            "run_id": null,
            "role": "user",
            "content": [
              {
                "type": "text",
                "text": {
                  "value": "Hello, tell me a joke",
                  "annotations": []
                }
              }
            ],
            "attachments": [],
            "metadata": {}
          }
        ],
        "first_id": "msg_OSN2iZONnOHNzywxA3VF0397",
        "last_id": "msg_TEAqG0Kh2s8DntfL5ZcQZuCE",
        "has_more": false
      }
    },
    {
      "RequestUri": "https://westus.api.azureml.ms/agents/v1.0/subscriptions/b17253fa-f327-42d6-9686-f3e553e24763/resourceGroups/nirovins-rg-eastus/providers/Microsoft.MachineLearningServices/workspaces/nirovins-westus/threads/thread_77atNYdz1QsDAvqWkOh9mHWo/runs/run_hdpzBVBo7nYg0wjVy415kv4t/steps?api-version=2025-05-15-preview",
      "RequestMethod": "GET",
      "RequestHeaders": {
        "Accept": "application/json",
        "Authorization": "Sanitized",
        "User-Agent": "azsdk-net-AI.Assistants/1.0.0-alpha.20250408.1 (.NET 8.0.15; Microsoft Windows 10.0.26100)",
        "x-ms-client-request-id": "Sanitized",
        "x-ms-return-client-request-id": "true"
      },
      "RequestBody": null,
      "StatusCode": 200,
      "ResponseHeaders": {
        "apim-request-id": "a3c51cc8-3f46-472d-bc0c-3b06bcdeca5b",
        "Connection": "keep-alive",
        "Content-Length": "988",
        "Content-Type": "application/json",
        "Date": "Wed, 09 Apr 2025 03:57:27 GMT",
        "openai-organization": "20ba836fffc34ede8203166d666c74ef",
        "openai-processing-ms": "75",
        "openai-version": "2020-10-01",
        "Request-Context": "appId=cid-v1:2d2e8e63-272e-4b3c-8598-4ee570a0e70d",
        "Strict-Transport-Security": "max-age=31536000; includeSubDomains; preload",
        "Vary": "Accept-Encoding",
        "x-aml-cluster": "vienna-westus-02",
        "X-Content-Type-Options": "nosniff",
        "x-ms-middleware-request-id": "791655bc-97bb-44a8-a818-3f4335e5259d",
        "x-ms-region": "West US",
        "x-ms-response-type": "standard",
        "X-Request-ID": "4fe6a07d98a09ad9243d7b876da207e0",
        "x-request-time": "0.336"
      },
      "ResponseBody": {
        "object": "list",
        "data": [
          {
            "id": "step_Pc2co1aPnBvOAwbVBdSkZcCX",
            "object": "thread.run.step",
            "created_at": 1744171045,
            "run_id": "run_hdpzBVBo7nYg0wjVy415kv4t",
            "assistant_id": "asst_oWOzUHxk0M0tcGYxm9QUMPhn",
            "thread_id": "thread_77atNYdz1QsDAvqWkOh9mHWo",
            "type": "message_creation",
            "status": "completed",
            "cancelled_at": null,
            "completed_at": 1744171045,
            "expires_at": null,
            "failed_at": null,
            "last_error": null,
            "step_details": {
              "type": "message_creation",
              "message_creation": {
                "message_id": "msg_OSN2iZONnOHNzywxA3VF0397"
              }
            },
            "usage": {
              "prompt_tokens": 30,
              "completion_tokens": 17,
              "total_tokens": 47,
              "prompt_token_details": {
                "cached_tokens": 0
              }
            }
          }
        ],
        "first_id": "step_Pc2co1aPnBvOAwbVBdSkZcCX",
        "last_id": "step_Pc2co1aPnBvOAwbVBdSkZcCX",
        "has_more": false
      }
    },
    {
      "RequestUri": "https://westus.api.azureml.ms/agents/v1.0/subscriptions/b17253fa-f327-42d6-9686-f3e553e24763/resourceGroups/nirovins-rg-eastus/providers/Microsoft.MachineLearningServices/workspaces/nirovins-westus/threads/thread_77atNYdz1QsDAvqWkOh9mHWo/runs/run_hdpzBVBo7nYg0wjVy415kv4t/steps/step_Pc2co1aPnBvOAwbVBdSkZcCX?api-version=2025-05-15-preview",
      "RequestMethod": "GET",
      "RequestHeaders": {
        "Accept": "application/json",
        "Authorization": "Sanitized",
        "User-Agent": "azsdk-net-AI.Assistants/1.0.0-alpha.20250408.1 (.NET 8.0.15; Microsoft Windows 10.0.26100)",
        "x-ms-client-request-id": "Sanitized",
        "x-ms-return-client-request-id": "true"
      },
      "RequestBody": null,
      "StatusCode": 200,
      "ResponseHeaders": {
        "apim-request-id": "9ccfe735-0b2a-4336-a158-fa9a94cc3647",
        "Connection": "keep-alive",
        "Content-Length": "718",
        "Content-Type": "application/json",
        "Date": "Wed, 09 Apr 2025 03:57:27 GMT",
        "openai-organization": "20ba836fffc34ede8203166d666c74ef",
        "openai-processing-ms": "73",
        "openai-version": "2020-10-01",
        "Request-Context": "appId=cid-v1:2d2e8e63-272e-4b3c-8598-4ee570a0e70d",
        "Strict-Transport-Security": "max-age=31536000; includeSubDomains; preload",
        "Vary": "Accept-Encoding",
        "x-aml-cluster": "vienna-westus-02",
        "X-Content-Type-Options": "nosniff",
        "x-ms-middleware-request-id": "6f67b13b-2957-44bd-946d-3dfabf66b3e3",
        "x-ms-region": "West US",
        "x-ms-response-type": "standard",
        "X-Request-ID": "2c9910dd7af954647778ab6dcf738351",
        "x-request-time": "0.325"
      },
      "ResponseBody": {
        "id": "step_Pc2co1aPnBvOAwbVBdSkZcCX",
        "object": "thread.run.step",
        "created_at": 1744171045,
        "run_id": "run_hdpzBVBo7nYg0wjVy415kv4t",
        "assistant_id": "asst_oWOzUHxk0M0tcGYxm9QUMPhn",
        "thread_id": "thread_77atNYdz1QsDAvqWkOh9mHWo",
        "type": "message_creation",
        "status": "completed",
        "cancelled_at": null,
        "completed_at": 1744171045,
        "expires_at": null,
        "failed_at": null,
        "last_error": null,
        "step_details": {
          "type": "message_creation",
          "message_creation": {
            "message_id": "msg_OSN2iZONnOHNzywxA3VF0397"
          }
        },
        "usage": {
          "prompt_tokens": 30,
          "completion_tokens": 17,
          "total_tokens": 47,
          "prompt_token_details": {
            "cached_tokens": 0
          }
        }
      }
    }
  ],
  "Variables": {
    "PROJECT_CONNECTION_STRING": "westus.api.azureml.ms;b17253fa-f327-42d6-9686-f3e553e24763;nirovins-rg-eastus;nirovins-westus",
    "RandomSeed": "1676635689"
  }
}
