{
  "Entries": [
    {
      "RequestUri": "https://Sanitized.file.core.windows.net/fileshareclienttestunencodeddirectoryfilenameworks?restype=share",
      "RequestMethod": "PUT",
      "RequestHeaders": {
        "Authorization": "Sanitized",
        "Content-Length": "0",
        "Expect": "100-continue",
        "User-Agent": "azsdk-cpp-storage-files-shares/12.13.0-beta.1 (Windows 10 Enterprise 6.3 26100 26100.1.amd64fre.ge_release.240331-1435 Cpp/-1)",
        "x-ms-client-request-id": "Sanitized",
        "x-ms-date": "Tue, 10 Dec 2024 07:04:37 GMT",
        "x-ms-file-request-intent": "backup",
        "x-ms-version": "2025-05-05"
      },
      "RequestBody": null,
      "StatusCode": 201,
      "ResponseHeaders": {
        "Content-Length": "0",
        "Date": "Tue, 10 Dec 2024 07:04:40 GMT",
        "ETag": "\"0x8DD18E8EAE2C661\"",
        "Last-Modified": "Tue, 10 Dec 2024 07:04:40 GMT",
        "Server": [
          "Windows-Azure-File/1.0",
          "Microsoft-HTTPAPI/2.0"
        ],
        "x-ms-client-request-id": "Sanitized",
        "x-ms-request-id": "Sanitized",
        "x-ms-version": "2025-05-05"
      },
      "ResponseBody": null
    },
    {
      "RequestUri": "https://Sanitized.file.core.windows.net/fileshareclienttestunencodeddirectoryfilenameworks/a%20b%20c%20!@%23$%25%5E&(,.;'%5B%5D%7B%7D%60~)%20def%E6%B5%8B%E8%AF%95sjppkgyxa91?restype=directory",
      "RequestMethod": "PUT",
      "RequestHeaders": {
        "Authorization": "Sanitized",
        "Content-Length": "0",
        "Expect": "100-continue",
        "User-Agent": "azsdk-cpp-storage-files-shares/12.13.0-beta.1 (Windows 10 Enterprise 6.3 26100 26100.1.amd64fre.ge_release.240331-1435 Cpp/-1)",
        "x-ms-client-request-id": "Sanitized",
        "x-ms-date": "Tue, 10 Dec 2024 07:04:41 GMT",
        "x-ms-file-request-intent": "backup",
        "x-ms-version": "2025-05-05"
      },
      "RequestBody": null,
      "StatusCode": 201,
      "ResponseHeaders": {
        "Content-Length": "0",
        "Date": "Tue, 10 Dec 2024 07:04:40 GMT",
        "ETag": "\"0x8DD18E8EB450E23\"",
        "Last-Modified": "Tue, 10 Dec 2024 07:04:41 GMT",
        "Server": [
          "Windows-Azure-File/1.0",
          "Microsoft-HTTPAPI/2.0"
        ],
        "x-ms-client-request-id": "Sanitized",
        "x-ms-file-attributes": "Directory",
        "x-ms-file-change-time": "2024-12-10T07:04:41.5129123Z",
        "x-ms-file-creation-time": "2024-12-10T07:04:41.5129123Z",
        "x-ms-file-id": "13835128424026341376",
        "x-ms-file-last-write-time": "2024-12-10T07:04:41.5129123Z",
        "x-ms-file-parent-id": "0",
        "x-ms-file-permission-key": "16527250253953985190*10198314055147650351",
        "x-ms-request-id": "Sanitized",
        "x-ms-request-server-encrypted": "true",
        "x-ms-version": "2025-05-05"
      },
      "ResponseBody": null
    },
    {
      "RequestUri": "https://Sanitized.file.core.windows.net/fileshareclienttestunencodeddirectoryfilenameworks/a%20b%20c%20!@%23$%25%5E&(,.;'%5B%5D%7B%7D%60~)%20def%E6%B5%8B%E8%AF%95zrshddsxiy2",
      "RequestMethod": "PUT",
      "RequestHeaders": {
        "Authorization": "Sanitized",
        "Content-Length": "0",
        "Expect": "100-continue",
        "User-Agent": "azsdk-cpp-storage-files-shares/12.13.0-beta.1 (Windows 10 Enterprise 6.3 26100 26100.1.amd64fre.ge_release.240331-1435 Cpp/-1)",
        "x-ms-client-request-id": "Sanitized",
        "x-ms-content-length": "1024",
        "x-ms-date": "Tue, 10 Dec 2024 07:04:41 GMT",
        "x-ms-file-request-intent": "backup",
        "x-ms-type": "file",
        "x-ms-version": "2025-05-05"
      },
      "RequestBody": null,
      "StatusCode": 201,
      "ResponseHeaders": {
        "Content-Length": "0",
        "Date": "Tue, 10 Dec 2024 07:04:40 GMT",
        "ETag": "\"0x8DD18E8EB727AC5\"",
        "Last-Modified": "Tue, 10 Dec 2024 07:04:41 GMT",
        "Server": [
          "Windows-Azure-File/1.0",
          "Microsoft-HTTPAPI/2.0"
        ],
        "x-ms-client-request-id": "Sanitized",
        "x-ms-file-attributes": "Archive",
        "x-ms-file-change-time": "2024-12-10T07:04:41.8106053Z",
        "x-ms-file-creation-time": "2024-12-10T07:04:41.8106053Z",
        "x-ms-file-id": "11529285414812647424",
        "x-ms-file-last-write-time": "2024-12-10T07:04:41.8106053Z",
        "x-ms-file-parent-id": "0",
        "x-ms-file-permission-key": "2677206188916938145*10198314055147650351",
        "x-ms-request-id": "Sanitized",
        "x-ms-request-server-encrypted": "true",
        "x-ms-version": "2025-05-05"
      },
      "ResponseBody": null
    },
    {
      "RequestUri": "https://Sanitized.file.core.windows.net/fileshareclienttestunencodeddirectoryfilenameworks?restype=share",
      "RequestMethod": "DELETE",
      "RequestHeaders": {
        "Authorization": "Sanitized",
        "User-Agent": "azsdk-cpp-storage-files-shares/12.13.0-beta.1 (Windows 10 Enterprise 6.3 26100 26100.1.amd64fre.ge_release.240331-1435 Cpp/-1)",
        "x-ms-client-request-id": "Sanitized",
        "x-ms-date": "Tue, 10 Dec 2024 07:04:42 GMT",
        "x-ms-delete-snapshots": "include",
        "x-ms-file-request-intent": "backup",
        "x-ms-version": "2025-05-05"
      },
      "RequestBody": null,
      "StatusCode": 202,
      "ResponseHeaders": {
        "Content-Length": "0",
        "Date": "Tue, 10 Dec 2024 07:04:41 GMT",
        "Server": [
          "Windows-Azure-File/1.0",
          "Microsoft-HTTPAPI/2.0"
        ],
        "x-ms-client-request-id": "Sanitized",
        "x-ms-request-id": "Sanitized",
        "x-ms-version": "2025-05-05"
      },
      "ResponseBody": null
    }
  ],
  "Variables": {}
}
