{
  "Entries": [
    {
      "RequestUri": "https://Sanitized.file.core.windows.net/filesharefileclienttestpremiumposixpropertiesplaybackonly?restype=share",
      "RequestMethod": "PUT",
      "RequestHeaders": {
        "Authorization": "Sanitized",
        "Content-Length": "0",
        "Expect": "100-continue",
        "User-Agent": "azsdk-cpp-storage-files-shares/12.13.0-beta.1 (Windows 10 Enterprise 6.3 26100 26100.1.amd64fre.ge_release.240331-1435 Cpp/-1)",
        "x-ms-client-request-id": "Sanitized",
        "x-ms-date": "Tue, 11 Feb 2025 08:00:42 GMT",
        "x-ms-file-request-intent": "backup",
        "x-ms-version": "2025-05-05"
      },
      "RequestBody": null,
      "StatusCode": 201,
      "ResponseHeaders": {
        "Content-Length": "0",
        "Date": "Tue, 11 Feb 2025 08:00:43 GMT",
        "ETag": "\"0x8DD4A722F5563EE\"",
        "Last-Modified": "Tue, 11 Feb 2025 08:00:43 GMT",
        "Server": [
          "Windows-Azure-File/1.0",
          "Microsoft-HTTPAPI/2.0"
        ],
        "x-ms-client-request-id": "Sanitized",
        "x-ms-request-id": "Sanitized",
        "x-ms-version": "2025-05-05"
      },
      "ResponseBody": null
    },
    {
      "RequestUri": "https://Sanitized.file.core.windows.net/filesharefileclienttestpremiumposixpropertiesplaybackonly/EJZCh7eMre?restype=directory",
      "RequestMethod": "PUT",
      "RequestHeaders": {
        "Authorization": "Sanitized",
        "Content-Length": "0",
        "Expect": "100-continue",
        "User-Agent": "azsdk-cpp-storage-files-shares/12.13.0-beta.1 (Windows 10 Enterprise 6.3 26100 26100.1.amd64fre.ge_release.240331-1435 Cpp/-1)",
        "x-ms-client-request-id": "Sanitized",
        "x-ms-date": "Tue, 11 Feb 2025 08:00:44 GMT",
        "x-ms-file-request-intent": "backup",
        "x-ms-version": "2025-05-05"
      },
      "RequestBody": null,
      "StatusCode": 201,
      "ResponseHeaders": {
        "Content-Length": "0",
        "Date": "Tue, 11 Feb 2025 08:00:43 GMT",
        "ETag": "\"0x8DD4A722F87A049\"",
        "Last-Modified": "Tue, 11 Feb 2025 08:00:44 GMT",
        "Server": [
          "Windows-Azure-File/1.0",
          "Microsoft-HTTPAPI/2.0"
        ],
        "x-ms-client-request-id": "Sanitized",
        "x-ms-file-attributes": "Directory",
        "x-ms-file-change-time": "2025-02-11T08:00:44.0623177Z",
        "x-ms-file-creation-time": "2025-02-11T08:00:44.0623177Z",
        "x-ms-file-id": "13835128424026341376",
        "x-ms-file-last-write-time": "2025-02-11T08:00:44.0623177Z",
        "x-ms-file-parent-id": "0",
        "x-ms-file-permission-key": "16527250253953985190*10198314055147650351",
        "x-ms-request-id": "Sanitized",
        "x-ms-request-server-encrypted": "true",
        "x-ms-version": "2025-05-05"
      },
      "ResponseBody": null
    },
    {
      "RequestUri": "https://Sanitized.file.core.windows.net/filesharefileclienttestpremiumposixpropertiesplaybackonly/EJZCh7eMre/qeflz8sO11",
      "RequestMethod": "PUT",
      "RequestHeaders": {
        "Authorization": "Sanitized",
        "Content-Length": "0",
        "Expect": "100-continue",
        "User-Agent": "azsdk-cpp-storage-files-shares/12.13.0-beta.1 (Windows 10 Enterprise 6.3 26100 26100.1.amd64fre.ge_release.240331-1435 Cpp/-1)",
        "x-ms-client-request-id": "Sanitized",
        "x-ms-content-length": "1024",
        "x-ms-date": "Tue, 11 Feb 2025 08:00:44 GMT",
        "x-ms-file-request-intent": "backup",
        "x-ms-type": "file",
        "x-ms-version": "2025-05-05"
      },
      "RequestBody": null,
      "StatusCode": 201,
      "ResponseHeaders": {
        "Content-Length": "0",
        "Date": "Tue, 11 Feb 2025 08:00:44 GMT",
        "ETag": "\"0x8DD4A722FB533BD\"",
        "Last-Modified": "Tue, 11 Feb 2025 08:00:44 GMT",
        "Server": [
          "Windows-Azure-File/1.0",
          "Microsoft-HTTPAPI/2.0"
        ],
        "x-ms-client-request-id": "Sanitized",
        "x-ms-file-attributes": "Archive",
        "x-ms-file-change-time": "2025-02-11T08:00:44.3610045Z",
        "x-ms-file-creation-time": "2025-02-11T08:00:44.3610045Z",
        "x-ms-file-id": "11529285414812647424",
        "x-ms-file-last-write-time": "2025-02-11T08:00:44.3610045Z",
        "x-ms-file-parent-id": "13835128424026341376",
        "x-ms-file-permission-key": "2677206188916938145*10198314055147650351",
        "x-ms-request-id": "Sanitized",
        "x-ms-request-server-encrypted": "true",
        "x-ms-version": "2025-05-05"
      },
      "ResponseBody": null
    },
    {
      "RequestUri": "https://Sanitized.file.core.windows.net/yezjob5ln1?restype=share",
      "RequestMethod": "PUT",
      "RequestHeaders": {
        "Authorization": "Sanitized",
        "Content-Length": "0",
        "Expect": "100-continue",
        "User-Agent": "azsdk-cpp-storage-files-shares/12.13.0-beta.1 (Windows 10 Enterprise 6.3 26100 26100.1.amd64fre.ge_release.240331-1435 Cpp/-1)",
        "x-ms-client-request-id": "Sanitized",
        "x-ms-date": "Tue, 11 Feb 2025 08:00:44 GMT",
        "x-ms-enabled-protocols": "NFS",
        "x-ms-version": "2025-05-05"
      },
      "RequestBody": null,
      "StatusCode": 201,
      "ResponseHeaders": {
        "Content-Length": "0",
        "Date": "Tue, 11 Feb 2025 08:00:44 GMT",
        "ETag": "\"0x8DD4A72305090A1\"",
        "Last-Modified": "Tue, 11 Feb 2025 08:00:45 GMT",
        "Server": [
          "Windows-Azure-File/1.0",
          "Microsoft-HTTPAPI/2.0"
        ],
        "x-ms-client-request-id": "Sanitized",
        "x-ms-request-id": "Sanitized",
        "x-ms-version": "2025-05-05"
      },
      "ResponseBody": null
    },
    {
      "RequestUri": "https://Sanitized.file.core.windows.net/filesharefileclienttestpremiumposixpropertiesplaybackonly/EJZCh7eMre/qeflz8sO11",
      "RequestMethod": "HEAD",
      "RequestHeaders": {
        "Authorization": "Sanitized",
        "User-Agent": "azsdk-cpp-storage-files-shares/12.13.0-beta.1 (Windows 10 Enterprise 6.3 26100 26100.1.amd64fre.ge_release.240331-1435 Cpp/-1)",
        "x-ms-client-request-id": "Sanitized",
        "x-ms-date": "Tue, 11 Feb 2025 08:00:45 GMT",
        "x-ms-file-request-intent": "backup",
        "x-ms-version": "2025-05-05"
      },
      "RequestBody": null,
      "StatusCode": 200,
      "ResponseHeaders": {
        "Content-Length": "1024",
        "Content-Type": "application/octet-stream",
        "Date": "Tue, 11 Feb 2025 08:00:45 GMT",
        "ETag": "\"0x8DD4A722FB533BD\"",
        "Last-Modified": "Tue, 11 Feb 2025 08:00:44 GMT",
        "Server": [
          "Windows-Azure-File/1.0",
          "Microsoft-HTTPAPI/2.0"
        ],
        "x-ms-client-request-id": "Sanitized",
        "x-ms-file-attributes": "Archive",
        "x-ms-file-change-time": "2025-02-11T08:00:44.3610045Z",
        "x-ms-file-creation-time": "2025-02-11T08:00:44.3610045Z",
        "x-ms-file-id": "11529285414812647424",
        "x-ms-file-last-write-time": "2025-02-11T08:00:44.3610045Z",
        "x-ms-file-parent-id": "13835128424026341376",
        "x-ms-file-permission-key": "2677206188916938145*10198314055147650351",
        "x-ms-lease-state": "available",
        "x-ms-lease-status": "unlocked",
        "x-ms-request-id": "Sanitized",
        "x-ms-server-encrypted": "true",
        "x-ms-type": "File",
        "x-ms-version": "2025-05-05"
      },
      "ResponseBody": null
    },
    {
      "RequestUri": "https://Sanitized.file.core.windows.net/yezjob5ln1/bbh8lmdczo",
      "RequestMethod": "PUT",
      "RequestHeaders": {
        "Authorization": "Sanitized",
        "Content-Length": "0",
        "Expect": "100-continue",
        "User-Agent": "azsdk-cpp-storage-files-shares/12.13.0-beta.1 (Windows 10 Enterprise 6.3 26100 26100.1.amd64fre.ge_release.240331-1435 Cpp/-1)",
        "x-ms-client-request-id": "Sanitized",
        "x-ms-content-length": "256",
        "x-ms-date": "Tue, 11 Feb 2025 08:00:46 GMT",
        "x-ms-file-file-type": "Regular",
        "x-ms-group": "123",
        "x-ms-mode": "0777",
        "x-ms-owner": "456",
        "x-ms-type": "file",
        "x-ms-version": "2025-05-05"
      },
      "RequestBody": null,
      "StatusCode": 201,
      "ResponseHeaders": {
        "Content-Length": "0",
        "Date": "Tue, 11 Feb 2025 08:00:45 GMT",
        "ETag": "\"0x8DD4A7230B1A576\"",
        "Last-Modified": "Tue, 11 Feb 2025 08:00:46 GMT",
        "Server": [
          "Windows-Azure-File/1.0",
          "Microsoft-HTTPAPI/2.0"
        ],
        "x-ms-client-request-id": "Sanitized",
        "x-ms-file-change-time": "2025-02-11T08:00:46.0154230Z",
        "x-ms-file-creation-time": "2025-02-11T08:00:46.0154230Z",
        "x-ms-file-file-type": "Regular",
        "x-ms-file-id": "13835128424026341376",
        "x-ms-file-last-write-time": "2025-02-11T08:00:46.0154230Z",
        "x-ms-file-parent-id": "1",
        "x-ms-group": "123",
        "x-ms-mode": "0777",
        "x-ms-owner": "456",
        "x-ms-request-id": "Sanitized",
        "x-ms-request-server-encrypted": "true",
        "x-ms-version": "2025-05-05"
      },
      "ResponseBody": null
    },
    {
      "RequestUri": "https://Sanitized.file.core.windows.net/yezjob5ln1/bbh8lmdczo?comp=properties",
      "RequestMethod": "PUT",
      "RequestHeaders": {
        "Authorization": "Sanitized",
        "Content-Length": "0",
        "Expect": "100-continue",
        "User-Agent": "azsdk-cpp-storage-files-shares/12.13.0-beta.1 (Windows 10 Enterprise 6.3 26100 26100.1.amd64fre.ge_release.240331-1435 Cpp/-1)",
        "x-ms-client-request-id": "Sanitized",
        "x-ms-date": "Tue, 11 Feb 2025 08:00:46 GMT",
        "x-ms-group": "123",
        "x-ms-mode": "0707",
        "x-ms-owner": "456",
        "x-ms-version": "2025-05-05"
      },
      "RequestBody": null,
      "StatusCode": 200,
      "ResponseHeaders": {
        "Content-Length": "0",
        "Date": "Tue, 11 Feb 2025 08:00:45 GMT",
        "ETag": "\"0x8DD4A7230E0701B\"",
        "Last-Modified": "Tue, 11 Feb 2025 08:00:46 GMT",
        "Server": [
          "Windows-Azure-File/1.0",
          "Microsoft-HTTPAPI/2.0"
        ],
        "x-ms-client-request-id": "Sanitized",
        "x-ms-file-change-time": "2025-02-11T08:00:46.3220763Z",
        "x-ms-file-creation-time": "2025-02-11T08:00:46.0154230Z",
        "x-ms-file-id": "13835128424026341376",
        "x-ms-file-last-write-time": "2025-02-11T08:00:46.0154230Z",
        "x-ms-file-parent-id": "1",
        "x-ms-group": "123",
        "x-ms-link-count": "1",
        "x-ms-mode": "0707",
        "x-ms-owner": "456",
        "x-ms-request-id": "Sanitized",
        "x-ms-request-server-encrypted": "true",
        "x-ms-version": "2025-05-05"
      },
      "ResponseBody": null
    },
    {
      "RequestUri": "https://Sanitized.file.core.windows.net/yezjob5ln1/bbh8lmdczo",
      "RequestMethod": "HEAD",
      "RequestHeaders": {
        "Authorization": "Sanitized",
        "User-Agent": "azsdk-cpp-storage-files-shares/12.13.0-beta.1 (Windows 10 Enterprise 6.3 26100 26100.1.amd64fre.ge_release.240331-1435 Cpp/-1)",
        "x-ms-client-request-id": "Sanitized",
        "x-ms-date": "Tue, 11 Feb 2025 08:00:46 GMT",
        "x-ms-version": "2025-05-05"
      },
      "RequestBody": null,
      "StatusCode": 200,
      "ResponseHeaders": {
        "Content-Length": "256",
        "Date": "Tue, 11 Feb 2025 08:00:46 GMT",
        "ETag": "\"0x8DD4A7230E0701B\"",
        "Last-Modified": "Tue, 11 Feb 2025 08:00:46 GMT",
        "Server": [
          "Windows-Azure-File/1.0",
          "Microsoft-HTTPAPI/2.0"
        ],
        "x-ms-client-request-id": "Sanitized",
        "x-ms-file-change-time": "2025-02-11T08:00:46.3220763Z",
        "x-ms-file-creation-time": "2025-02-11T08:00:46.0154230Z",
        "x-ms-file-file-type": "Regular",
        "x-ms-file-id": "13835128424026341376",
        "x-ms-file-last-write-time": "2025-02-11T08:00:46.0154230Z",
        "x-ms-file-parent-id": "1",
        "x-ms-group": "123",
        "x-ms-lease-state": "available",
        "x-ms-lease-status": "unlocked",
        "x-ms-link-count": "1",
        "x-ms-mode": "0707",
        "x-ms-owner": "456",
        "x-ms-request-id": "Sanitized",
        "x-ms-server-encrypted": "true",
        "x-ms-type": "File",
        "x-ms-version": "2025-05-05"
      },
      "ResponseBody": null
    },
    {
      "RequestUri": "https://Sanitized.file.core.windows.net/yezjob5ln1/bbh8lmdczo",
      "RequestMethod": "GET",
      "RequestHeaders": {
        "Authorization": "Sanitized",
        "User-Agent": "azsdk-cpp-storage-files-shares/12.13.0-beta.1 (Windows 10 Enterprise 6.3 26100 26100.1.amd64fre.ge_release.240331-1435 Cpp/-1)",
        "x-ms-client-request-id": "Sanitized",
        "x-ms-date": "Tue, 11 Feb 2025 08:00:46 GMT",
        "x-ms-version": "2025-05-05"
      },
      "RequestBody": null,
      "StatusCode": 200,
      "ResponseHeaders": {
        "Accept-Ranges": "bytes",
        "Content-Length": "256",
        "Date": "Tue, 11 Feb 2025 08:00:46 GMT",
        "ETag": "\"0x8DD4A7230E0701B\"",
        "Last-Modified": "Tue, 11 Feb 2025 08:00:46 GMT",
        "Server": [
          "Windows-Azure-File/1.0",
          "Microsoft-HTTPAPI/2.0"
        ],
        "x-ms-client-request-id": "Sanitized",
        "x-ms-file-change-time": "2025-02-11T08:00:46.3220763Z",
        "x-ms-file-creation-time": "2025-02-11T08:00:46.0154230Z",
        "x-ms-file-id": "13835128424026341376",
        "x-ms-file-last-write-time": "2025-02-11T08:00:46.0154230Z",
        "x-ms-file-parent-id": "1",
        "x-ms-group": "123",
        "x-ms-lease-state": "available",
        "x-ms-lease-status": "unlocked",
        "x-ms-link-count": "1",
        "x-ms-mode": "0707",
        "x-ms-owner": "456",
        "x-ms-request-id": "Sanitized",
        "x-ms-server-encrypted": "true",
        "x-ms-type": "File",
        "x-ms-version": "2025-05-05"
      },
      "ResponseBody": "AAAAAAAAAAAAAAAAAAAAAAAAAAAAAAAAAAAAAAAAAAAAAAAAAAAAAAAAAAAAAAAAAAAAAAAAAAAAAAAAAAAAAAAAAAAAAAAAAAAAAAAAAAAAAAAAAAAAAAAAAAAAAAAAAAAAAAAAAAAAAAAAAAAAAAAAAAAAAAAAAAAAAAAAAAAAAAAAAAAAAAAAAAAAAAAAAAAAAAAAAAAAAAAAAAAAAAAAAAAAAAAAAAAAAAAAAAAAAAAAAAAAAAAAAAAAAAAAAAAAAAAAAAAAAAAAAAAAAAAAAAAAAAAAAAAAAAAAAAAAAAAAAAAAAAAAAAAAAAAAAAAAAAAAAAAAAAAAAAAAAA=="
    },
    {
      "RequestUri": "https://Sanitized.file.core.windows.net/yezjob5ln1/bbh8lmdczo",
      "RequestMethod": "GET",
      "RequestHeaders": {
        "Authorization": "Sanitized",
        "User-Agent": "azsdk-cpp-storage-files-shares/12.13.0-beta.1 (Windows 10 Enterprise 6.3 26100 26100.1.amd64fre.ge_release.240331-1435 Cpp/-1)",
        "x-ms-client-request-id": "Sanitized",
        "x-ms-date": "Tue, 11 Feb 2025 08:00:47 GMT",
        "x-ms-version": "2025-05-05"
      },
      "RequestBody": null,
      "StatusCode": 200,
      "ResponseHeaders": {
        "Accept-Ranges": "bytes",
        "Content-Length": "256",
        "Date": "Tue, 11 Feb 2025 08:00:46 GMT",
        "ETag": "\"0x8DD4A7230E0701B\"",
        "Last-Modified": "Tue, 11 Feb 2025 08:00:46 GMT",
        "Server": [
          "Windows-Azure-File/1.0",
          "Microsoft-HTTPAPI/2.0"
        ],
        "x-ms-client-request-id": "Sanitized",
        "x-ms-file-change-time": "2025-02-11T08:00:46.3220763Z",
        "x-ms-file-creation-time": "2025-02-11T08:00:46.0154230Z",
        "x-ms-file-id": "13835128424026341376",
        "x-ms-file-last-write-time": "2025-02-11T08:00:46.0154230Z",
        "x-ms-file-parent-id": "1",
        "x-ms-group": "123",
        "x-ms-lease-state": "available",
        "x-ms-lease-status": "unlocked",
        "x-ms-link-count": "1",
        "x-ms-mode": "0707",
        "x-ms-owner": "456",
        "x-ms-request-id": "Sanitized",
        "x-ms-server-encrypted": "true",
        "x-ms-type": "File",
        "x-ms-version": "2025-05-05"
      },
      "ResponseBody": "AAAAAAAAAAAAAAAAAAAAAAAAAAAAAAAAAAAAAAAAAAAAAAAAAAAAAAAAAAAAAAAAAAAAAAAAAAAAAAAAAAAAAAAAAAAAAAAAAAAAAAAAAAAAAAAAAAAAAAAAAAAAAAAAAAAAAAAAAAAAAAAAAAAAAAAAAAAAAAAAAAAAAAAAAAAAAAAAAAAAAAAAAAAAAAAAAAAAAAAAAAAAAAAAAAAAAAAAAAAAAAAAAAAAAAAAAAAAAAAAAAAAAAAAAAAAAAAAAAAAAAAAAAAAAAAAAAAAAAAAAAAAAAAAAAAAAAAAAAAAAAAAAAAAAAAAAAAAAAAAAAAAAAAAAAAAAAAAAAAAAA=="
    },
    {
      "RequestUri": "https://Sanitized.file.core.windows.net/yezjob5ln1/bbh8lmdczo",
      "RequestMethod": "GET",
      "RequestHeaders": {
        "Authorization": "Sanitized",
        "User-Agent": "azsdk-cpp-storage-files-shares/12.13.0-beta.1 (Windows 10 Enterprise 6.3 26100 26100.1.amd64fre.ge_release.240331-1435 Cpp/-1)",
        "x-ms-client-request-id": "Sanitized",
        "x-ms-date": "Tue, 11 Feb 2025 08:00:47 GMT",
        "x-ms-version": "2025-05-05"
      },
      "RequestBody": null,
      "StatusCode": 200,
      "ResponseHeaders": {
        "Accept-Ranges": "bytes",
        "Content-Length": "256",
        "Date": "Tue, 11 Feb 2025 08:00:47 GMT",
        "ETag": "\"0x8DD4A7230E0701B\"",
        "Last-Modified": "Tue, 11 Feb 2025 08:00:46 GMT",
        "Server": [
          "Windows-Azure-File/1.0",
          "Microsoft-HTTPAPI/2.0"
        ],
        "x-ms-client-request-id": "Sanitized",
        "x-ms-file-change-time": "2025-02-11T08:00:46.3220763Z",
        "x-ms-file-creation-time": "2025-02-11T08:00:46.0154230Z",
        "x-ms-file-id": "13835128424026341376",
        "x-ms-file-last-write-time": "2025-02-11T08:00:46.0154230Z",
        "x-ms-file-parent-id": "1",
        "x-ms-group": "123",
        "x-ms-lease-state": "available",
        "x-ms-lease-status": "unlocked",
        "x-ms-link-count": "1",
        "x-ms-mode": "0707",
        "x-ms-owner": "456",
        "x-ms-request-id": "Sanitized",
        "x-ms-server-encrypted": "true",
        "x-ms-type": "File",
        "x-ms-version": "2025-05-05"
      },
      "ResponseBody": "AAAAAAAAAAAAAAAAAAAAAAAAAAAAAAAAAAAAAAAAAAAAAAAAAAAAAAAAAAAAAAAAAAAAAAAAAAAAAAAAAAAAAAAAAAAAAAAAAAAAAAAAAAAAAAAAAAAAAAAAAAAAAAAAAAAAAAAAAAAAAAAAAAAAAAAAAAAAAAAAAAAAAAAAAAAAAAAAAAAAAAAAAAAAAAAAAAAAAAAAAAAAAAAAAAAAAAAAAAAAAAAAAAAAAAAAAAAAAAAAAAAAAAAAAAAAAAAAAAAAAAAAAAAAAAAAAAAAAAAAAAAAAAAAAAAAAAAAAAAAAAAAAAAAAAAAAAAAAAAAAAAAAAAAAAAAAAAAAAAAAA=="
    },
    {
      "RequestUri": "https://Sanitized.file.core.windows.net/yezjob5ln1/6djim7hphk?restype=symboliclink",
      "RequestMethod": "PUT",
      "RequestHeaders": {
        "Authorization": "Sanitized",
        "Content-Length": "0",
        "Expect": "100-continue",
        "User-Agent": "azsdk-cpp-storage-files-shares/12.13.0-beta.1 (Windows 10 Enterprise 6.3 26100 26100.1.amd64fre.ge_release.240331-1435 Cpp/-1)",
        "x-ms-client-request-id": "Sanitized",
        "x-ms-date": "Tue, 11 Feb 2025 08:00:47 GMT",
        "x-ms-file-creation-time": "2025-02-11T08:00:44.3610045Z",
        "x-ms-file-last-write-time": "2025-02-11T08:00:44.3610045Z",
        "x-ms-group": "123",
        "x-ms-link-text": "https://zchangfilepremiumcanary.file.core.windows.net/yezjob5ln1/bbh8lmdczo",
        "x-ms-meta-meta8lhio": "L0MXlBRj97",
        "x-ms-meta-metaabmci": "HYtFk8pEgY",
        "x-ms-meta-metacnlf3": "vntfZgIEeT",
        "x-ms-meta-metadwmun": "dgkY90T8MZ",
        "x-ms-meta-metatd3gj": "WBMKPefikf",
        "x-ms-owner": "456",
        "x-ms-version": "2025-05-05"
      },
      "RequestBody": null,
      "StatusCode": 201,
      "ResponseHeaders": {
        "Content-Length": "0",
        "Date": "Tue, 11 Feb 2025 08:00:47 GMT",
        "ETag": "\"0x8DD4A7231C78266\"",
        "Last-Modified": "Tue, 11 Feb 2025 08:00:47 GMT",
        "Server": [
          "Windows-Azure-File/1.0",
          "Microsoft-HTTPAPI/2.0"
        ],
        "x-ms-client-request-id": "Sanitized",
        "x-ms-file-change-time": "2025-02-11T08:00:47.8364262Z",
        "x-ms-file-creation-time": "2025-02-11T08:00:44.3610045Z",
        "x-ms-file-file-type": "SymLink",
        "x-ms-file-id": "11529285414812647424",
        "x-ms-file-last-write-time": "2025-02-11T08:00:44.3610045Z",
        "x-ms-file-parent-id": "1",
        "x-ms-group": "123",
        "x-ms-mode": "0777",
        "x-ms-owner": "456",
        "x-ms-request-id": "Sanitized",
        "x-ms-request-server-encrypted": "false",
        "x-ms-version": "2025-05-05"
      },
      "ResponseBody": null
    },
    {
      "RequestUri": "https://Sanitized.file.core.windows.net/yezjob5ln1/6djim7hphk?restype=symboliclink",
      "RequestMethod": "GET",
      "RequestHeaders": {
        "Authorization": "Sanitized",
        "User-Agent": "azsdk-cpp-storage-files-shares/12.13.0-beta.1 (Windows 10 Enterprise 6.3 26100 26100.1.amd64fre.ge_release.240331-1435 Cpp/-1)",
        "x-ms-client-request-id": "Sanitized",
        "x-ms-date": "Tue, 11 Feb 2025 08:00:48 GMT",
        "x-ms-version": "2025-05-05"
      },
      "RequestBody": null,
      "StatusCode": 200,
      "ResponseHeaders": {
        "Content-Length": "0",
        "Date": "Tue, 11 Feb 2025 08:00:47 GMT",
        "ETag": "\"0x8DD4A7231C78266\"",
        "Last-Modified": "Tue, 11 Feb 2025 08:00:47 GMT",
        "Server": [
          "Windows-Azure-File/1.0",
          "Microsoft-HTTPAPI/2.0"
        ],
        "x-ms-client-request-id": "Sanitized",
        "x-ms-link-text": "https%3A%2F%2Fzchangfilepremiumcanary.file.core.windows.net%2Fyezjob5ln1%2Fbbh8lmdczo",
        "x-ms-request-id": "Sanitized",
        "x-ms-version": "2025-05-05"
      },
      "ResponseBody": null
    },
    {
      "RequestUri": "https://Sanitized.file.core.windows.net/yezjob5ln1/wmfri40ayv?restype=hardlink",
      "RequestMethod": "PUT",
      "RequestHeaders": {
        "Authorization": "Sanitized",
        "Content-Length": "0",
        "Expect": "100-continue",
        "User-Agent": "azsdk-cpp-storage-files-shares/12.13.0-beta.1 (Windows 10 Enterprise 6.3 26100 26100.1.amd64fre.ge_release.240331-1435 Cpp/-1)",
        "x-ms-client-request-id": "Sanitized",
        "x-ms-date": "Tue, 11 Feb 2025 08:00:48 GMT",
        "x-ms-file-target-file": "bbh8lmdczo",
        "x-ms-type": "file",
        "x-ms-version": "2025-05-05"
      },
      "RequestBody": null,
      "StatusCode": 201,
      "ResponseHeaders": {
        "Content-Length": "0",
        "Date": "Tue, 11 Feb 2025 08:00:47 GMT",
        "ETag": "\"0x8DD4A723224A305\"",
        "Last-Modified": "Tue, 11 Feb 2025 08:00:48 GMT",
        "Server": [
          "Windows-Azure-File/1.0",
          "Microsoft-HTTPAPI/2.0"
        ],
        "x-ms-client-request-id": "Sanitized",
        "x-ms-file-change-time": "2025-02-11T08:00:48.4467461Z",
        "x-ms-file-creation-time": "2025-02-11T08:00:46.0154230Z",
        "x-ms-file-file-type": "Regular",
        "x-ms-file-id": "13835128424026341376",
        "x-ms-file-last-write-time": "2025-02-11T08:00:46.0154230Z",
        "x-ms-file-parent-id": "1",
        "x-ms-group": "123",
        "x-ms-link-count": "2",
        "x-ms-mode": "0707",
        "x-ms-owner": "456",
        "x-ms-request-id": "Sanitized",
        "x-ms-request-server-encrypted": "false",
        "x-ms-version": "2025-05-05"
      },
      "ResponseBody": null
    },
    {
      "RequestUri": "https://Sanitized.file.core.windows.net/yezjob5ln1/bbh8lmdczo",
      "RequestMethod": "DELETE",
      "RequestHeaders": {
        "Authorization": "Sanitized",
        "User-Agent": "azsdk-cpp-storage-files-shares/12.13.0-beta.1 (Windows 10 Enterprise 6.3 26100 26100.1.amd64fre.ge_release.240331-1435 Cpp/-1)",
        "x-ms-client-request-id": "Sanitized",
        "x-ms-date": "Tue, 11 Feb 2025 08:00:48 GMT",
        "x-ms-version": "2025-05-05"
      },
      "RequestBody": null,
      "StatusCode": 202,
      "ResponseHeaders": {
        "Content-Length": "0",
        "Date": "Tue, 11 Feb 2025 08:00:48 GMT",
        "Server": [
          "Windows-Azure-File/1.0",
          "Microsoft-HTTPAPI/2.0"
        ],
        "x-ms-client-request-id": "Sanitized",
        "x-ms-link-count": "1",
        "x-ms-request-id": "Sanitized",
        "x-ms-version": "2025-05-05"
      },
      "ResponseBody": null
    },
    {
      "RequestUri": "https://Sanitized.file.core.windows.net/yezjob5ln1/oz6ejurmtj",
      "RequestMethod": "PUT",
      "RequestHeaders": {
        "Authorization": "Sanitized",
        "Content-Length": "0",
        "Expect": "100-continue",
        "User-Agent": "azsdk-cpp-storage-files-shares/12.13.0-beta.1 (Windows 10 Enterprise 6.3 26100 26100.1.amd64fre.ge_release.240331-1435 Cpp/-1)",
        "x-ms-client-request-id": "Sanitized",
        "x-ms-content-length": "512",
        "x-ms-date": "Tue, 11 Feb 2025 08:00:49 GMT",
        "x-ms-file-file-type": "Regular",
        "x-ms-group": "123",
        "x-ms-mode": "0777",
        "x-ms-owner": "456",
        "x-ms-type": "file",
        "x-ms-version": "2025-05-05"
      },
      "RequestBody": null,
      "StatusCode": 201,
      "ResponseHeaders": {
        "Content-Length": "0",
        "Date": "Tue, 11 Feb 2025 08:00:48 GMT",
        "ETag": "\"0x8DD4A7232803EC2\"",
        "Last-Modified": "Tue, 11 Feb 2025 08:00:49 GMT",
        "Server": [
          "Windows-Azure-File/1.0",
          "Microsoft-HTTPAPI/2.0"
        ],
        "x-ms-client-request-id": "Sanitized",
        "x-ms-file-change-time": "2025-02-11T08:00:49.0471106Z",
        "x-ms-file-creation-time": "2025-02-11T08:00:49.0471106Z",
        "x-ms-file-file-type": "Regular",
        "x-ms-file-id": "10376363910205800448",
        "x-ms-file-last-write-time": "2025-02-11T08:00:49.0471106Z",
        "x-ms-file-parent-id": "1",
        "x-ms-group": "123",
        "x-ms-mode": "0777",
        "x-ms-owner": "456",
        "x-ms-request-id": "Sanitized",
        "x-ms-request-server-encrypted": "true",
        "x-ms-version": "2025-05-05"
      },
      "ResponseBody": null
    },
    {
      "RequestUri": "https://Sanitized.file.core.windows.net/yezjob5ln1/oz6ejurmtj?comp=range",
      "RequestMethod": "PUT",
      "RequestHeaders": {
        "Authorization": "Sanitized",
        "Content-Length": "512",
        "Expect": "100-continue",
        "User-Agent": "azsdk-cpp-storage-files-shares/12.13.0-beta.1 (Windows 10 Enterprise 6.3 26100 26100.1.amd64fre.ge_release.240331-1435 Cpp/-1)",
        "x-ms-client-request-id": "Sanitized",
        "x-ms-date": "Tue, 11 Feb 2025 08:00:49 GMT",
        "x-ms-range": "bytes=0-511",
        "x-ms-version": "2025-05-05",
        "x-ms-write": "update"
      },
      "RequestBody": "viOuG1iY/SjWiIsmgw110GmJofPECjcjoSZgt3xKnEn4dgApV6rob5tp32wjjF670qix9FGHIvPuTuf78WxwNJAHOotzRQkrxwHmJB7vKqlBhkVgGs/E4xRpBO7b3JcV6d03DJ3VGfLlI0UEM6OpNEcngobPUSZ94r6tKKJvqrw+PBNCuQfCBlV337nWgTwYQUJdLpnyQBpE/rLu+7nTqJIlIjPXPXawD6rmLes2uuUxVkfgKBV094pFs9TIKV3EVtd2eZIhbmsAwenqrzMS9o+eys48saLni1BIEFNhgL3F6KSi3N4z5ZL0tzxcuAUJeNkiwbUz4P9wxgMOt7IRv3BzS8QTJvisjC42mpdytwZSeT2vv2Ig2lLcyY2nIRMKLg2KhkaIoZEGPXLgCgSba/Ed0w7Sy8Jnhf4oqH4yLJRLazPs2G45QJwSXSMVQ5yLpTa1friB2sxTDLTzekjE7oiNLQFfoMF9h/xkaCeBgs5QnDxn6iRAu8U3YflIChS5Ywgor+buLns1h9YZR42ytgfGD8pgbDloyxDbh5gG/7rVkYPYt03ZvVnTAZUvWXIbLfTIeUnOeuiM419V96ysrefo5nqbhm8bmer9zM9rSwfmRoIeVhHWvVCwOfx1BkpLkw+9hmXeILcmFQAQq+RIiFe8MG4YmCQJyupLM37FZjU=",
      "StatusCode": 201,
      "ResponseHeaders": {
        "Content-Length": "0",
        "Content-MD5": "0MSKlDgh2idqW1MKMiBXhA==",
        "Date": "Tue, 11 Feb 2025 08:00:49 GMT",
        "ETag": "\"0x8DD4A7232DC283E\"",
        "Last-Modified": "Tue, 11 Feb 2025 08:00:49 GMT",
        "Server": [
          "Windows-Azure-File/1.0",
          "Microsoft-HTTPAPI/2.0"
        ],
        "x-ms-client-request-id": "Sanitized",
        "x-ms-file-last-write-time": "2025-02-11T08:00:49.6494654Z",
        "x-ms-request-id": "Sanitized",
        "x-ms-request-server-encrypted": "true",
        "x-ms-version": "2025-05-05"
      },
      "ResponseBody": null
    },
    {
      "RequestUri": "https://Sanitized.file.core.windows.net/yezjob5ln1/oz6ejurmtj",
      "RequestMethod": "HEAD",
      "RequestHeaders": {
        "Authorization": "Sanitized",
        "User-Agent": "azsdk-cpp-storage-files-shares/12.13.0-beta.1 (Windows 10 Enterprise 6.3 26100 26100.1.amd64fre.ge_release.240331-1435 Cpp/-1)",
        "x-ms-client-request-id": "Sanitized",
        "x-ms-date": "Tue, 11 Feb 2025 08:00:49 GMT",
        "x-ms-version": "2025-05-05"
      },
      "RequestBody": null,
      "StatusCode": 200,
      "ResponseHeaders": {
        "Content-Length": "512",
        "Content-Type": "application/octet-stream",
        "Date": "Tue, 11 Feb 2025 08:00:49 GMT",
        "ETag": "\"0x8DD4A7232DC283E\"",
        "Last-Modified": "Tue, 11 Feb 2025 08:00:49 GMT",
        "Server": [
          "Windows-Azure-File/1.0",
          "Microsoft-HTTPAPI/2.0"
        ],
        "x-ms-client-request-id": "Sanitized",
        "x-ms-file-change-time": "2025-02-11T08:00:49.6494654Z",
        "x-ms-file-creation-time": "2025-02-11T08:00:49.0471106Z",
        "x-ms-file-file-type": "Regular",
        "x-ms-file-id": "10376363910205800448",
        "x-ms-file-last-write-time": "2025-02-11T08:00:49.6494654Z",
        "x-ms-file-parent-id": "1",
        "x-ms-group": "123",
        "x-ms-lease-state": "available",
        "x-ms-lease-status": "unlocked",
        "x-ms-link-count": "1",
        "x-ms-mode": "0777",
        "x-ms-owner": "456",
        "x-ms-request-id": "Sanitized",
        "x-ms-server-encrypted": "true",
        "x-ms-type": "File",
        "x-ms-version": "2025-05-05"
      },
      "ResponseBody": null
    },
    {
      "RequestUri": "https://Sanitized.file.core.windows.net/yezjob5ln1/6f7uandodn",
      "RequestMethod": "PUT",
      "RequestHeaders": {
        "Authorization": "Sanitized",
        "Content-Length": "0",
        "Expect": "100-continue",
        "User-Agent": "azsdk-cpp-storage-files-shares/12.13.0-beta.1 (Windows 10 Enterprise 6.3 26100 26100.1.amd64fre.ge_release.240331-1435 Cpp/-1)",
        "x-ms-client-request-id": "Sanitized",
        "x-ms-content-length": "512",
        "x-ms-date": "Tue, 11 Feb 2025 08:00:50 GMT",
        "x-ms-file-file-type": "Regular",
        "x-ms-group": "123",
        "x-ms-mode": "0777",
        "x-ms-owner": "456",
        "x-ms-type": "file",
        "x-ms-version": "2025-05-05"
      },
      "RequestBody": null,
      "StatusCode": 201,
      "ResponseHeaders": {
        "Content-Length": "0",
        "Date": "Tue, 11 Feb 2025 08:00:49 GMT",
        "ETag": "\"0x8DD4A7233372862\"",
        "Last-Modified": "Tue, 11 Feb 2025 08:00:50 GMT",
        "Server": [
          "Windows-Azure-File/1.0",
          "Microsoft-HTTPAPI/2.0"
        ],
        "x-ms-client-request-id": "Sanitized",
        "x-ms-file-change-time": "2025-02-11T08:00:50.2458466Z",
        "x-ms-file-creation-time": "2025-02-11T08:00:50.2458466Z",
        "x-ms-file-file-type": "Regular",
        "x-ms-file-id": "14988049928633188352",
        "x-ms-file-last-write-time": "2025-02-11T08:00:50.2458466Z",
        "x-ms-file-parent-id": "1",
        "x-ms-group": "123",
        "x-ms-mode": "0777",
        "x-ms-owner": "456",
        "x-ms-request-id": "Sanitized",
        "x-ms-request-server-encrypted": "true",
        "x-ms-version": "2025-05-05"
      },
      "ResponseBody": null
    },
    {
      "RequestUri": "https://Sanitized.file.core.windows.net/yezjob5ln1/6f7uandodn?comp=range",
      "RequestMethod": "PUT",
      "RequestHeaders": {
        "Authorization": "Sanitized",
        "Content-Length": "512",
        "Expect": "100-continue",
        "User-Agent": "azsdk-cpp-storage-files-shares/12.13.0-beta.1 (Windows 10 Enterprise 6.3 26100 26100.1.amd64fre.ge_release.240331-1435 Cpp/-1)",
        "x-ms-client-request-id": "Sanitized",
        "x-ms-date": "Tue, 11 Feb 2025 08:00:50 GMT",
        "x-ms-range": "bytes=0-511",
        "x-ms-version": "2025-05-05",
        "x-ms-write": "update"
      },
      "RequestBody": "viOuG1iY/SjWiIsmgw110GmJofPECjcjoSZgt3xKnEn4dgApV6rob5tp32wjjF670qix9FGHIvPuTuf78WxwNJAHOotzRQkrxwHmJB7vKqlBhkVgGs/E4xRpBO7b3JcV6d03DJ3VGfLlI0UEM6OpNEcngobPUSZ94r6tKKJvqrw+PBNCuQfCBlV337nWgTwYQUJdLpnyQBpE/rLu+7nTqJIlIjPXPXawD6rmLes2uuUxVkfgKBV094pFs9TIKV3EVtd2eZIhbmsAwenqrzMS9o+eys48saLni1BIEFNhgL3F6KSi3N4z5ZL0tzxcuAUJeNkiwbUz4P9wxgMOt7IRv3BzS8QTJvisjC42mpdytwZSeT2vv2Ig2lLcyY2nIRMKLg2KhkaIoZEGPXLgCgSba/Ed0w7Sy8Jnhf4oqH4yLJRLazPs2G45QJwSXSMVQ5yLpTa1friB2sxTDLTzekjE7oiNLQFfoMF9h/xkaCeBgs5QnDxn6iRAu8U3YflIChS5Ywgor+buLns1h9YZR42ytgfGD8pgbDloyxDbh5gG/7rVkYPYt03ZvVnTAZUvWXIbLfTIeUnOeuiM419V96ysrefo5nqbhm8bmer9zM9rSwfmRoIeVhHWvVCwOfx1BkpLkw+9hmXeILcmFQAQq+RIiFe8MG4YmCQJyupLM37FZjU=",
      "StatusCode": 201,
      "ResponseHeaders": {
        "Content-Length": "0",
        "Content-MD5": "0MSKlDgh2idqW1MKMiBXhA==",
        "Date": "Tue, 11 Feb 2025 08:00:50 GMT",
        "ETag": "\"0x8DD4A723391B3DA\"",
        "Last-Modified": "Tue, 11 Feb 2025 08:00:50 GMT",
        "Server": [
          "Windows-Azure-File/1.0",
          "Microsoft-HTTPAPI/2.0"
        ],
        "x-ms-client-request-id": "Sanitized",
        "x-ms-file-last-write-time": "2025-02-11T08:00:50.8392410Z",
        "x-ms-request-id": "Sanitized",
        "x-ms-request-server-encrypted": "true",
        "x-ms-version": "2025-05-05"
      },
      "ResponseBody": null
    },
    {
      "RequestUri": "https://Sanitized.file.core.windows.net/yezjob5ln1/6f7uandodn",
      "RequestMethod": "HEAD",
      "RequestHeaders": {
        "Authorization": "Sanitized",
        "User-Agent": "azsdk-cpp-storage-files-shares/12.13.0-beta.1 (Windows 10 Enterprise 6.3 26100 26100.1.amd64fre.ge_release.240331-1435 Cpp/-1)",
        "x-ms-client-request-id": "Sanitized",
        "x-ms-date": "Tue, 11 Feb 2025 08:00:51 GMT",
        "x-ms-version": "2025-05-05"
      },
      "RequestBody": null,
      "StatusCode": 200,
      "ResponseHeaders": {
        "Content-Length": "512",
        "Content-Type": "application/octet-stream",
        "Date": "Tue, 11 Feb 2025 08:00:50 GMT",
        "ETag": "\"0x8DD4A723391B3DA\"",
        "Last-Modified": "Tue, 11 Feb 2025 08:00:50 GMT",
        "Server": [
          "Windows-Azure-File/1.0",
          "Microsoft-HTTPAPI/2.0"
        ],
        "x-ms-client-request-id": "Sanitized",
        "x-ms-file-change-time": "2025-02-11T08:00:50.8392410Z",
        "x-ms-file-creation-time": "2025-02-11T08:00:50.2458466Z",
        "x-ms-file-file-type": "Regular",
        "x-ms-file-id": "14988049928633188352",
        "x-ms-file-last-write-time": "2025-02-11T08:00:50.8392410Z",
        "x-ms-file-parent-id": "1",
        "x-ms-group": "123",
        "x-ms-lease-state": "available",
        "x-ms-lease-status": "unlocked",
        "x-ms-link-count": "1",
        "x-ms-mode": "0777",
        "x-ms-owner": "456",
        "x-ms-request-id": "Sanitized",
        "x-ms-server-encrypted": "true",
        "x-ms-type": "File",
        "x-ms-version": "2025-05-05"
      },
      "ResponseBody": null
    },
    {
      "RequestUri": "https://Sanitized.file.core.windows.net/filesharefileclienttestpremiumposixpropertiesplaybackonly?restype=share",
      "RequestMethod": "DELETE",
      "RequestHeaders": {
        "Authorization": "Sanitized",
        "User-Agent": "azsdk-cpp-storage-files-shares/12.13.0-beta.1 (Windows 10 Enterprise 6.3 26100 26100.1.amd64fre.ge_release.240331-1435 Cpp/-1)",
        "x-ms-client-request-id": "Sanitized",
        "x-ms-date": "Tue, 11 Feb 2025 08:00:51 GMT",
        "x-ms-delete-snapshots": "include",
        "x-ms-file-request-intent": "backup",
        "x-ms-version": "2025-05-05"
      },
      "RequestBody": null,
      "StatusCode": 202,
      "ResponseHeaders": {
        "Content-Length": "0",
        "Date": "Tue, 11 Feb 2025 08:00:51 GMT",
        "Server": [
          "Windows-Azure-File/1.0",
          "Microsoft-HTTPAPI/2.0"
        ],
        "x-ms-client-request-id": "Sanitized",
        "x-ms-request-id": "Sanitized",
        "x-ms-version": "2025-05-05"
      },
      "ResponseBody": null
    },
    {
      "RequestUri": "https://Sanitized.file.core.windows.net/yezjob5ln1?restype=share",
      "RequestMethod": "DELETE",
      "RequestHeaders": {
        "Authorization": "Sanitized",
        "User-Agent": "azsdk-cpp-storage-files-shares/12.13.0-beta.1 (Windows 10 Enterprise 6.3 26100 26100.1.amd64fre.ge_release.240331-1435 Cpp/-1)",
        "x-ms-client-request-id": "Sanitized",
        "x-ms-date": "Tue, 11 Feb 2025 08:00:51 GMT",
        "x-ms-version": "2025-05-05"
      },
      "RequestBody": null,
      "StatusCode": 202,
      "ResponseHeaders": {
        "Content-Length": "0",
        "Date": "Tue, 11 Feb 2025 08:00:51 GMT",
        "Server": [
          "Windows-Azure-File/1.0",
          "Microsoft-HTTPAPI/2.0"
        ],
        "x-ms-client-request-id": "Sanitized",
        "x-ms-request-id": "Sanitized",
        "x-ms-version": "2025-05-05"
      },
      "ResponseBody": null
    }
  ],
  "Variables": {}
}
