{
  "Entries": [
    {
      "RequestUri": "https://westus.api.azureml.ms/agents/v1.0/subscriptions/b17253fa-f327-42d6-9686-f3e553e24763/resourceGroups/nirovins-rg-eastus/providers/Microsoft.MachineLearningServices/workspaces/nirovins-westus/assistants?api-version=2025-05-15-preview",
      "RequestMethod": "POST",
      "RequestHeaders": {
        "Accept": "application/json",
        "Authorization": "Sanitized",
        "Content-Length": "442",
        "Content-Type": "application/json",
        "User-Agent": "azsdk-net-AI.Agents.Persistent/1.0.0-alpha.20250513.1 (.NET 8.0.15; Microsoft Windows 10.0.26100)",
        "x-ms-client-request-id": "Sanitized",
        "x-ms-return-client-request-id": "true"
      },
      "RequestBody": {
        "model": "gpt-4",
        "name": "cs_e2e_tests_client",
        "instructions": "You are a helpful agent.",
        "tools": [
          {
            "type": "azure_ai_search"
          }
        ],
        "tool_resources": {
          "azure_ai_search": {
            "indexes": [
              {
                "index_connection_id": "/subscriptions/b17253fa-f327-42d6-9686-f3e553e24763/resourceGroups/nirovins-rg-eastus/providers/Microsoft.MachineLearningServices/workspaces/nirovins-westus/connections/nirovinswestussearch",
                "index_name": "sample_index",
                "query_type": "vector"
              }
            ]
          }
        }
      },
      "StatusCode": 200,
      "ResponseHeaders": {
        "apim-request-id": "b5aca4ac-12c8-40e7-b52f-13184e000128",
        "azureml-served-by-cluster": "vienna-westus-02",
        "Connection": "keep-alive",
        "Content-Length": "817",
        "Content-Type": "application/json",
        "Date": "Tue, 13 May 2025 19:31:51 GMT",
        "openai-organization": "20ba836fffc34ede8203166d666c74ef",
        "openai-processing-ms": "106",
        "openai-version": "2020-10-01",
        "Request-Context": "appId=cid-v1:2d2e8e63-272e-4b3c-8598-4ee570a0e70d",
        "Strict-Transport-Security": "max-age=31536000; includeSubDomains; preload",
        "Vary": "Accept-Encoding",
        "X-Content-Type-Options": "nosniff",
        "x-ms-middleware-request-id": "b5aca4ac-12c8-40e7-b52f-13184e000128",
        "x-ms-region": "West US",
        "x-ms-response-type": "standard",
        "X-Request-ID": "f5b211e8722c07a049bc2ea8b5b2f084",
        "x-request-time": "0.325"
      },
      "ResponseBody": {
        "id": "asst_qQy8hFX67jSzQ6m4NnU5SQan",
        "object": "assistant",
        "created_at": 1747164711,
        "name": "cs_e2e_tests_client",
        "description": null,
        "model": "gpt-4",
        "instructions": "You are a helpful agent.",
        "tools": [
          {
            "type": "azure_ai_search"
          }
        ],
        "top_p": 1.0,
        "temperature": 1.0,
        "tool_resources": {
          "azure_ai_search": {
            "indexes": [
              {
                "index_connection_id": "/subscriptions/b17253fa-f327-42d6-9686-f3e553e24763/resourceGroups/nirovins-rg-eastus/providers/Microsoft.MachineLearningServices/workspaces/nirovins-westus/connections/nirovinswestussearch",
                "index_name": "sample_index",
                "query_type": "vector",
                "top_k": 5,
                "filter": null
              }
            ]
          }
        },
        "metadata": {},
        "response_format": "auto"
      }
    },
    {
      "RequestUri": "https://westus.api.azureml.ms/agents/v1.0/subscriptions/b17253fa-f327-42d6-9686-f3e553e24763/resourceGroups/nirovins-rg-eastus/providers/Microsoft.MachineLearningServices/workspaces/nirovins-westus/threads?api-version=2025-05-15-preview",
      "RequestMethod": "POST",
      "RequestHeaders": {
        "Accept": "application/json",
        "Authorization": "Sanitized",
        "Content-Length": "2",
        "Content-Type": "application/json",
        "User-Agent": "azsdk-net-AI.Agents.Persistent/1.0.0-alpha.20250513.1 (.NET 8.0.15; Microsoft Windows 10.0.26100)",
        "x-ms-client-request-id": "Sanitized",
        "x-ms-return-client-request-id": "true"
      },
      "RequestBody": {},
      "StatusCode": 200,
      "ResponseHeaders": {
        "apim-request-id": "77c6bd50-eabc-4ddc-bc78-d52d2d936e19",
        "azureml-served-by-cluster": "vienna-westus-02",
        "Connection": "keep-alive",
        "Content-Length": "137",
        "Content-Type": "application/json",
        "Date": "Tue, 13 May 2025 19:31:51 GMT",
        "openai-organization": "20ba836fffc34ede8203166d666c74ef",
        "openai-processing-ms": "73",
        "openai-version": "2020-10-01",
        "Request-Context": "appId=cid-v1:2d2e8e63-272e-4b3c-8598-4ee570a0e70d",
        "Strict-Transport-Security": "max-age=31536000; includeSubDomains; preload",
        "X-Content-Type-Options": "nosniff",
        "x-ms-middleware-request-id": "909064a6-470c-4b6c-8ab0-396d0104899f",
        "x-ms-region": "West US",
        "x-ms-response-type": "standard",
        "X-Request-ID": "ab81f46715f13a3819e5eaa25b381846",
        "x-request-time": "0.312"
      },
      "ResponseBody": {
        "id": "thread_VFsIt0GQInjQd2kk3pxNWly2",
        "object": "thread",
        "created_at": 1747164711,
        "metadata": {},
        "tool_resources": {}
      }
    },
    {
      "RequestUri": "https://westus.api.azureml.ms/agents/v1.0/subscriptions/b17253fa-f327-42d6-9686-f3e553e24763/resourceGroups/nirovins-rg-eastus/providers/Microsoft.MachineLearningServices/workspaces/nirovins-westus/threads/thread_VFsIt0GQInjQd2kk3pxNWly2/messages?api-version=2025-05-15-preview",
      "RequestMethod": "POST",
      "RequestHeaders": {
        "Accept": "application/json",
        "Authorization": "Sanitized",
        "Content-Length": "90",
        "Content-Type": "application/json",
        "User-Agent": "azsdk-net-AI.Agents.Persistent/1.0.0-alpha.20250513.1 (.NET 8.0.15; Microsoft Windows 10.0.26100)",
        "x-ms-client-request-id": "Sanitized",
        "x-ms-return-client-request-id": "true"
      },
      "RequestBody": {
        "role": "user",
        "content": "What is the temperature rating of the cozynights sleeping bag?"
      },
      "StatusCode": 200,
      "ResponseHeaders": {
        "apim-request-id": "68fcfa28-9846-4edd-a3d8-7f204d07ec25",
        "azureml-served-by-cluster": "vienna-westus-02",
        "Connection": "keep-alive",
        "Content-Length": "436",
        "Content-Type": "application/json",
        "Date": "Tue, 13 May 2025 19:31:52 GMT",
        "openai-organization": "20ba836fffc34ede8203166d666c74ef",
        "openai-processing-ms": "95",
        "openai-version": "2020-10-01",
        "Request-Context": "appId=cid-v1:2d2e8e63-272e-4b3c-8598-4ee570a0e70d",
        "Strict-Transport-Security": "max-age=31536000; includeSubDomains; preload",
        "Vary": "Accept-Encoding",
        "X-Content-Type-Options": "nosniff",
        "x-ms-middleware-request-id": "81808215-cbb1-408c-8f2b-e7058e2a258d",
        "x-ms-region": "West US",
        "x-ms-response-type": "standard",
        "X-Request-ID": "3f747470abffd7f2e723a99b249c4a17",
        "x-request-time": "0.377"
      },
      "ResponseBody": {
        "id": "msg_EJalCXEsaHYeuEPRf1TJpiTb",
        "object": "thread.message",
        "created_at": 1747164712,
        "assistant_id": null,
        "thread_id": "thread_VFsIt0GQInjQd2kk3pxNWly2",
        "run_id": null,
        "role": "user",
        "content": [
          {
            "type": "text",
            "text": {
              "value": "What is the temperature rating of the cozynights sleeping bag?",
              "annotations": []
            }
          }
        ],
        "attachments": [],
        "metadata": {}
      }
    },
    {
      "RequestUri": "https://westus.api.azureml.ms/agents/v1.0/subscriptions/b17253fa-f327-42d6-9686-f3e553e24763/resourceGroups/nirovins-rg-eastus/providers/Microsoft.MachineLearningServices/workspaces/nirovins-westus/threads/thread_VFsIt0GQInjQd2kk3pxNWly2/runs?api-version=2025-05-15-preview",
      "RequestMethod": "POST",
      "RequestHeaders": {
        "Accept": "application/json",
        "Authorization": "Sanitized",
        "Content-Length": "48",
        "Content-Type": "application/json",
        "User-Agent": "azsdk-net-AI.Agents.Persistent/1.0.0-alpha.20250513.1 (.NET 8.0.15; Microsoft Windows 10.0.26100)",
        "x-ms-client-request-id": "Sanitized",
        "x-ms-return-client-request-id": "true"
      },
      "RequestBody": {
        "assistant_id": "asst_qQy8hFX67jSzQ6m4NnU5SQan"
      },
      "StatusCode": 200,
      "ResponseHeaders": {
        "apim-request-id": "52e4a208-886e-4b78-8760-8c7b9547fc32",
        "azureml-served-by-cluster": "vienna-westus-02",
        "Connection": "keep-alive",
        "Content-Length": "867",
        "Content-Type": "application/json",
        "Date": "Tue, 13 May 2025 19:31:52 GMT",
        "openai-organization": "20ba836fffc34ede8203166d666c74ef",
        "openai-processing-ms": "211",
        "openai-version": "2020-10-01",
        "Request-Context": "appId=cid-v1:2d2e8e63-272e-4b3c-8598-4ee570a0e70d",
        "Strict-Transport-Security": "max-age=31536000; includeSubDomains; preload",
        "Vary": "Accept-Encoding",
        "X-Content-Type-Options": "nosniff",
        "x-ms-middleware-request-id": "5a5b527e-b0e2-4bbc-887b-d9952775aed8",
        "x-ms-region": "West US",
        "x-ms-response-type": "standard",
        "X-Request-ID": "aef601a6799b48e3e7aa3767042cb442",
        "x-request-time": "0.469"
      },
      "ResponseBody": {
        "id": "run_kElaG3WCu63hEqjOHsQzeZDT",
        "object": "thread.run",
        "created_at": 1747164712,
        "assistant_id": "asst_qQy8hFX67jSzQ6m4NnU5SQan",
        "thread_id": "thread_VFsIt0GQInjQd2kk3pxNWly2",
        "status": "queued",
        "started_at": null,
        "expires_at": 1747165312,
        "cancelled_at": null,
        "failed_at": null,
        "completed_at": null,
        "required_action": null,
        "last_error": null,
        "model": "gpt-4",
        "instructions": "You are a helpful agent.",
        "tools": [
          {
            "type": "azure_ai_search"
          }
        ],
        "tool_resources": {},
        "metadata": {},
        "temperature": 1.0,
        "top_p": 1.0,
        "max_completion_tokens": null,
        "max_prompt_tokens": null,
        "truncation_strategy": {
          "type": "auto",
          "last_messages": null
        },
        "incomplete_details": null,
        "usage": null,
        "response_format": "auto",
        "tool_choice": "auto",
        "parallel_tool_calls": true
      }
    },
    {
      "RequestUri": "https://westus.api.azureml.ms/agents/v1.0/subscriptions/b17253fa-f327-42d6-9686-f3e553e24763/resourceGroups/nirovins-rg-eastus/providers/Microsoft.MachineLearningServices/workspaces/nirovins-westus/threads/thread_VFsIt0GQInjQd2kk3pxNWly2/runs/run_kElaG3WCu63hEqjOHsQzeZDT?api-version=2025-05-15-preview",
      "RequestMethod": "GET",
      "RequestHeaders": {
        "Accept": "application/json",
        "Authorization": "Sanitized",
        "User-Agent": "azsdk-net-AI.Agents.Persistent/1.0.0-alpha.20250513.1 (.NET 8.0.15; Microsoft Windows 10.0.26100)",
        "x-ms-client-request-id": "Sanitized",
        "x-ms-return-client-request-id": "true"
      },
      "RequestBody": null,
      "StatusCode": 200,
      "ResponseHeaders": {
        "apim-request-id": "6ccb0338-09e5-450a-a735-8c993489dac5",
        "azureml-served-by-cluster": "vienna-westus-02",
        "Connection": "keep-alive",
        "Content-Length": "878",
        "Content-Type": "application/json",
        "Date": "Tue, 13 May 2025 19:31:53 GMT",
        "openai-organization": "20ba836fffc34ede8203166d666c74ef",
        "openai-processing-ms": "102",
        "openai-version": "2020-10-01",
        "Request-Context": "appId=cid-v1:2d2e8e63-272e-4b3c-8598-4ee570a0e70d",
        "Strict-Transport-Security": "max-age=31536000; includeSubDomains; preload",
        "Vary": "Accept-Encoding",
        "X-Content-Type-Options": "nosniff",
        "x-ms-middleware-request-id": "8c544109-a617-4954-bb47-556fddf37f01",
        "x-ms-region": "West US",
        "x-ms-response-type": "standard",
        "X-Request-ID": "6047692a9c1d2e40e7406839f4e58782",
        "x-request-time": "0.343"
      },
      "ResponseBody": {
        "id": "run_kElaG3WCu63hEqjOHsQzeZDT",
        "object": "thread.run",
        "created_at": 1747164712,
        "assistant_id": "asst_qQy8hFX67jSzQ6m4NnU5SQan",
        "thread_id": "thread_VFsIt0GQInjQd2kk3pxNWly2",
        "status": "in_progress",
        "started_at": 1747164713,
        "expires_at": 1747165312,
        "cancelled_at": null,
        "failed_at": null,
        "completed_at": null,
        "required_action": null,
        "last_error": null,
        "model": "gpt-4",
        "instructions": "You are a helpful agent.",
        "tools": [
          {
            "type": "azure_ai_search"
          }
        ],
        "tool_resources": {},
        "metadata": {},
        "temperature": 1.0,
        "top_p": 1.0,
        "max_completion_tokens": null,
        "max_prompt_tokens": null,
        "truncation_strategy": {
          "type": "auto",
          "last_messages": null
        },
        "incomplete_details": null,
        "usage": null,
        "response_format": "auto",
        "tool_choice": "auto",
        "parallel_tool_calls": true
      }
    },
    {
      "RequestUri": "https://westus.api.azureml.ms/agents/v1.0/subscriptions/b17253fa-f327-42d6-9686-f3e553e24763/resourceGroups/nirovins-rg-eastus/providers/Microsoft.MachineLearningServices/workspaces/nirovins-westus/threads/thread_VFsIt0GQInjQd2kk3pxNWly2/runs/run_kElaG3WCu63hEqjOHsQzeZDT?api-version=2025-05-15-preview",
      "RequestMethod": "GET",
      "RequestHeaders": {
        "Accept": "application/json",
        "Authorization": "Sanitized",
        "User-Agent": "azsdk-net-AI.Agents.Persistent/1.0.0-alpha.20250513.1 (.NET 8.0.15; Microsoft Windows 10.0.26100)",
        "x-ms-client-request-id": "Sanitized",
        "x-ms-return-client-request-id": "true"
      },
      "RequestBody": null,
      "StatusCode": 200,
      "ResponseHeaders": {
        "apim-request-id": "ba871491-d433-4bdb-b4ec-ff632eb9fa54",
        "azureml-served-by-cluster": "vienna-westus-02",
        "Connection": "keep-alive",
        "Content-Length": "878",
        "Content-Type": "application/json",
        "Date": "Tue, 13 May 2025 19:31:54 GMT",
        "openai-organization": "20ba836fffc34ede8203166d666c74ef",
        "openai-processing-ms": "94",
        "openai-version": "2020-10-01",
        "Request-Context": "appId=cid-v1:2d2e8e63-272e-4b3c-8598-4ee570a0e70d",
        "Strict-Transport-Security": "max-age=31536000; includeSubDomains; preload",
        "Vary": "Accept-Encoding",
        "X-Content-Type-Options": "nosniff",
        "x-ms-middleware-request-id": "287a8275-4b74-4e6f-b375-a23fcd01be6a",
        "x-ms-region": "West US",
        "x-ms-response-type": "standard",
        "X-Request-ID": "6552e0372bfd35e3997a04fbfce300ac",
        "x-request-time": "0.320"
      },
      "ResponseBody": {
        "id": "run_kElaG3WCu63hEqjOHsQzeZDT",
        "object": "thread.run",
        "created_at": 1747164712,
        "assistant_id": "asst_qQy8hFX67jSzQ6m4NnU5SQan",
        "thread_id": "thread_VFsIt0GQInjQd2kk3pxNWly2",
        "status": "in_progress",
        "started_at": 1747164713,
        "expires_at": 1747165312,
        "cancelled_at": null,
        "failed_at": null,
        "completed_at": null,
        "required_action": null,
        "last_error": null,
        "model": "gpt-4",
        "instructions": "You are a helpful agent.",
        "tools": [
          {
            "type": "azure_ai_search"
          }
        ],
        "tool_resources": {},
        "metadata": {},
        "temperature": 1.0,
        "top_p": 1.0,
        "max_completion_tokens": null,
        "max_prompt_tokens": null,
        "truncation_strategy": {
          "type": "auto",
          "last_messages": null
        },
        "incomplete_details": null,
        "usage": null,
        "response_format": "auto",
        "tool_choice": "auto",
        "parallel_tool_calls": true
      }
    },
    {
      "RequestUri": "https://westus.api.azureml.ms/agents/v1.0/subscriptions/b17253fa-f327-42d6-9686-f3e553e24763/resourceGroups/nirovins-rg-eastus/providers/Microsoft.MachineLearningServices/workspaces/nirovins-westus/threads/thread_VFsIt0GQInjQd2kk3pxNWly2/runs/run_kElaG3WCu63hEqjOHsQzeZDT?api-version=2025-05-15-preview",
      "RequestMethod": "GET",
      "RequestHeaders": {
        "Accept": "application/json",
        "Authorization": "Sanitized",
        "User-Agent": "azsdk-net-AI.Agents.Persistent/1.0.0-alpha.20250513.1 (.NET 8.0.15; Microsoft Windows 10.0.26100)",
        "x-ms-client-request-id": "Sanitized",
        "x-ms-return-client-request-id": "true"
      },
      "RequestBody": null,
      "StatusCode": 200,
      "ResponseHeaders": {
        "apim-request-id": "facb0a66-b742-4aa2-8ea1-35049b82fe10",
        "azureml-served-by-cluster": "vienna-westus-02",
        "Connection": "keep-alive",
        "Content-Length": "1020",
        "Content-Type": "application/json",
        "Date": "Tue, 13 May 2025 19:31:55 GMT",
        "openai-organization": "20ba836fffc34ede8203166d666c74ef",
        "openai-processing-ms": "41",
        "openai-version": "2020-10-01",
        "Request-Context": "appId=cid-v1:2d2e8e63-272e-4b3c-8598-4ee570a0e70d",
        "Strict-Transport-Security": "max-age=31536000; includeSubDomains; preload",
        "Vary": "Accept-Encoding",
        "X-Content-Type-Options": "nosniff",
        "x-ms-middleware-request-id": "33cc4173-31b6-4add-969f-d008dae4f06b",
        "x-ms-region": "West US",
        "x-ms-response-type": "standard",
        "X-Request-ID": "81f290327887411c1f3a68d1144114b2",
        "x-request-time": "0.346"
      },
      "ResponseBody": {
        "id": "run_kElaG3WCu63hEqjOHsQzeZDT",
        "object": "thread.run",
        "created_at": 1747164712,
        "assistant_id": "asst_qQy8hFX67jSzQ6m4NnU5SQan",
        "thread_id": "thread_VFsIt0GQInjQd2kk3pxNWly2",
        "status": "completed",
        "started_at": 1747164713,
        "expires_at": null,
        "cancelled_at": null,
        "failed_at": null,
        "completed_at": 1747164715,
        "required_action": null,
        "last_error": null,
        "model": "gpt-4",
        "instructions": "You are a helpful agent.",
        "tools": [
          {
            "type": "azure_ai_search"
          }
        ],
        "tool_resources": {},
        "metadata": {},
        "temperature": 1.0,
        "top_p": 1.0,
        "max_completion_tokens": null,
        "max_prompt_tokens": null,
        "truncation_strategy": {
          "type": "auto",
          "last_messages": null
        },
        "incomplete_details": null,
        "usage": {
          "prompt_tokens": 1309,
          "completion_tokens": 60,
          "total_tokens": 1369,
          "prompt_token_details": {
            "cached_tokens": 0
          }
        },
        "response_format": "auto",
        "tool_choice": "auto",
        "parallel_tool_calls": true
      }
    },
    {
      "RequestUri": "https://westus.api.azureml.ms/agents/v1.0/subscriptions/b17253fa-f327-42d6-9686-f3e553e24763/resourceGroups/nirovins-rg-eastus/providers/Microsoft.MachineLearningServices/workspaces/nirovins-westus/threads/thread_VFsIt0GQInjQd2kk3pxNWly2/messages?api-version=2025-05-15-preview&order=asc",
      "RequestMethod": "GET",
      "RequestHeaders": {
        "Accept": "application/json",
        "Authorization": "Sanitized",
        "User-Agent": "azsdk-net-AI.Agents.Persistent/1.0.0-alpha.20250513.1 (.NET 8.0.15; Microsoft Windows 10.0.26100)",
        "x-ms-client-request-id": "Sanitized",
        "x-ms-return-client-request-id": "true"
      },
      "RequestBody": null,
      "StatusCode": 200,
      "ResponseHeaders": {
        "apim-request-id": "c3a1acf0-4d82-4f49-85f7-dad5cbc822d9",
        "azureml-served-by-cluster": "vienna-westus-02",
        "Connection": "keep-alive",
        "Content-Length": "1661",
        "Content-Type": "application/json",
        "Date": "Tue, 13 May 2025 19:31:56 GMT",
        "openai-organization": "20ba836fffc34ede8203166d666c74ef",
        "openai-processing-ms": "81",
        "openai-version": "2020-10-01",
        "Request-Context": "appId=cid-v1:2d2e8e63-272e-4b3c-8598-4ee570a0e70d",
        "Strict-Transport-Security": "max-age=31536000; includeSubDomains; preload",
        "Vary": "Accept-Encoding",
        "X-Content-Type-Options": "nosniff",
        "x-ms-middleware-request-id": "bec5388a-3c93-403f-b19f-44c13325378d",
        "x-ms-region": "West US",
        "x-ms-response-type": "standard",
        "X-Request-ID": "2e25f9785fb1566e19d86b1644bb1574",
        "x-request-time": "0.364"
      },
      "ResponseBody": {
        "object": "list",
        "data": [
          {
            "id": "msg_EJalCXEsaHYeuEPRf1TJpiTb",
            "object": "thread.message",
            "created_at": 1747164712,
            "assistant_id": null,
            "thread_id": "thread_VFsIt0GQInjQd2kk3pxNWly2",
            "run_id": null,
            "role": "user",
            "content": [
              {
                "type": "text",
                "text": {
                  "value": "What is the temperature rating of the cozynights sleeping bag?",
                  "annotations": []
                }
              }
            ],
            "attachments": [],
            "metadata": {}
          },
          {
            "id": "msg_2z0mJUt1l5XMMVd4xdYKD93f",
            "object": "thread.message",
            "created_at": 1747164714,
            "assistant_id": "asst_qQy8hFX67jSzQ6m4NnU5SQan",
            "thread_id": "thread_VFsIt0GQInjQd2kk3pxNWly2",
            "run_id": "run_kElaG3WCu63hEqjOHsQzeZDT",
            "role": "assistant",
            "content": [
              {
                "type": "text",
                "text": {
                  "value": "The CozyNights Sleeping Bag is rated for 3-season use with a temperature rating of 20°F to 60°F (-6°C to 15°C)【3:0†source】.",
                  "annotations": [
                    {
                      "type": "url_citation",
                      "text": "【3:0†source】",
                      "start_index": 110,
                      "end_index": 122,
                      "url_citation": {
                        "url": "www.microsoft.com",
                        "title": "product_info_7.md"
                      }
                    }
                  ]
                }
              }
            ],
            "attachments": [],
            "metadata": {}
          }
        ],
        "first_id": "msg_EJalCXEsaHYeuEPRf1TJpiTb",
        "last_id": "msg_2z0mJUt1l5XMMVd4xdYKD93f",
        "has_more": false
      }
    }
  ],
  "Variables": {
    "AZURE_AI_CONNECTION_ID": "/subscriptions/b17253fa-f327-42d6-9686-f3e553e24763/resourceGroups/nirovins-rg-eastus/providers/Microsoft.MachineLearningServices/workspaces/nirovins-westus/connections/nirovinswestussearch",
    "PROJECT_CONNECTION_STRING": "westus.api.azureml.ms;b17253fa-f327-42d6-9686-f3e553e24763;nirovins-rg-eastus;nirovins-westus",
    "PROJECT_ENDPOINT": "westus.api.azureml.ms;b17253fa-f327-42d6-9686-f3e553e24763;nirovins-rg-eastus;nirovins-westus",
    "RandomSeed": "501019284"
  }
}
