{
  "Entries": [
    {
      "RequestUri": "https://westus-projxkmb.services.ai.azure.com/api/projects/projectxkmb/assistants?api-version=2025-05-15-preview",
      "RequestMethod": "POST",
      "RequestHeaders": {
        "Accept": "application/json",
        "Authorization": "Sanitized",
        "Content-Length": "555",
        "Content-Type": "application/json",
        "User-Agent": "azsdk-net-AI.Agents.Persistent/1.2.0-alpha.20250813.1 (.NET 8.0.19; Microsoft Windows 10.0.26100)",
        "x-ms-client-request-id": "Sanitized",
        "x-ms-return-client-request-id": "true"
      },
      "RequestBody": {
        "model": "gpt-4o",
        "name": "cs_e2e_tests_client",
        "instructions": "You are a helpful agent that can search for information using Azure AI Search.",
        "tools": [
          {
            "type": "azure_ai_search"
          }
        ],
        "tool_resources": {
          "azure_ai_search": {
            "indexes": [
              {
                "index_connection_id": "/subscriptions/fac34303-435d-4486-8c3f-7094d82a0b60/resourceGroups/nirovins-rg/providers/Microsoft.CognitiveServices/accounts/westus-projxkmb/projects/projectxkmb/connections/nirovinssearch",
                "index_name": "sample_index",
                "query_type": "simple",
                "top_k": 5,
                "filter": "category eq 'sleeping bag'"
              }
            ]
          }
        }
      },
      "StatusCode": 200,
      "ResponseHeaders": {
        "apim-request-id": "d64c9c6c-f871-49a5-a10a-3e8c1a1b5b0d",
        "azureml-served-by-cluster": "vienna-westus-02",
        "Content-Length": "930",
        "Content-Type": "application/json",
        "Date": "Wed, 13 Aug 2025 20:35:07 GMT",
        "openai-organization": "cb9727c486de4b1ca13cbe1a48f2d59a",
        "openai-processing-ms": "1559",
        "openai-version": "2020-10-01",
        "Request-Context": "appId=cid-v1:2d2e8e63-272e-4b3c-8598-4ee570a0e70d",
        "Strict-Transport-Security": "max-age=31536000; includeSubDomains; preload",
        "Vary": "Accept-Encoding",
        "X-Content-Type-Options": "nosniff",
        "x-ms-middleware-request-id": "f9faa5c6-64df-4c39-b639-932ce3c11eba",
        "x-ms-region": "West US",
        "x-ms-response-type": "standard",
        "X-Request-ID": "710280d86915d161de95f384e4507e0d",
        "x-request-time": "1.826"
      },
      "ResponseBody": {
        "id": "asst_wHoR41b4h4wtmss9XitcVpBm",
        "object": "assistant",
        "created_at": 1755117306,
        "name": "cs_e2e_tests_client",
        "description": null,
        "model": "gpt-4o",
        "instructions": "You are a helpful agent that can search for information using Azure AI Search.",
        "tools": [
          {
            "type": "azure_ai_search"
          }
        ],
        "top_p": 1.0,
        "temperature": 1.0,
        "tool_resources": {
          "azure_ai_search": {
            "indexes": [
              {
                "index_connection_id": "/subscriptions/fac34303-435d-4486-8c3f-7094d82a0b60/resourceGroups/nirovins-rg/providers/Microsoft.CognitiveServices/accounts/westus-projxkmb/projects/projectxkmb/connections/nirovinssearch",
                "index_name": "sample_index",
                "query_type": "simple",
                "top_k": 5,
                "filter": "category eq 'sleeping bag'",
                "index_asset_id": null
              }
            ]
          }
        },
        "metadata": {},
        "response_format": "auto"
      }
    },
    {
      "RequestUri": "https://westus-projxkmb.services.ai.azure.com/api/projects/projectxkmb/threads/runs?api-version=2025-05-15-preview",
      "RequestMethod": "POST",
      "RequestHeaders": {
        "Accept": "application/json",
        "Authorization": "Sanitized",
        "Content-Length": "163",
        "Content-Type": "application/json",
        "User-Agent": "azsdk-net-AI.Agents.Persistent/1.2.0-alpha.20250813.1 (.NET 8.0.19; Microsoft Windows 10.0.26100)",
        "x-ms-client-request-id": "Sanitized",
        "x-ms-return-client-request-id": "true"
      },
      "RequestBody": {
        "assistant_id": "asst_wHoR41b4h4wtmss9XitcVpBm",
        "thread": {
          "messages": [
            {
              "role": "user",
              "content": "What is the temperature rating of the cozynights sleeping bag?"
            }
          ]
        }
      },
      "StatusCode": 200,
      "ResponseHeaders": {
        "apim-request-id": "7c966666-5ffa-48c8-92a7-ce4996a9a382",
        "azureml-served-by-cluster": "vienna-westus-02",
        "Content-Length": "922",
        "Content-Type": "application/json",
        "Date": "Wed, 13 Aug 2025 20:35:08 GMT",
        "openai-organization": "cb9727c486de4b1ca13cbe1a48f2d59a",
        "openai-processing-ms": "345",
        "openai-version": "2020-10-01",
        "Request-Context": "appId=cid-v1:2d2e8e63-272e-4b3c-8598-4ee570a0e70d",
        "Strict-Transport-Security": "max-age=31536000; includeSubDomains; preload",
        "Vary": "Accept-Encoding",
        "X-Content-Type-Options": "nosniff",
        "x-ms-middleware-request-id": "65111a4d-1c25-42c4-97ca-e1e5b01436c1",
        "x-ms-region": "West US",
        "x-ms-response-type": "standard",
        "X-Request-ID": "ef7c7beb07064d2c9122a2c0edb69286",
        "x-request-time": "1.427"
      },
      "ResponseBody": {
        "id": "run_nOh8g2e3mBLkAf8nbogOVQqy",
        "object": "thread.run",
        "created_at": 1755117309,
        "assistant_id": "asst_wHoR41b4h4wtmss9XitcVpBm",
        "thread_id": "thread_VIbTVPE4PO5rT681bauxj0FT",
        "status": "queued",
        "started_at": null,
        "expires_at": 1755119109,
        "cancelled_at": null,
        "failed_at": null,
        "completed_at": null,
        "required_action": null,
        "last_error": null,
        "model": "gpt-4o",
        "instructions": "You are a helpful agent that can search for information using Azure AI Search.",
        "tools": [
          {
            "type": "azure_ai_search"
          }
        ],
        "tool_resources": {},
        "metadata": {},
        "temperature": 1.0,
        "top_p": 1.0,
        "max_completion_tokens": null,
        "max_prompt_tokens": null,
        "truncation_strategy": {
          "type": "auto",
          "last_messages": null
        },
        "incomplete_details": null,
        "usage": null,
        "response_format": "auto",
        "tool_choice": "auto",
        "parallel_tool_calls": true
      }
    },
    {
      "RequestUri": "https://westus-projxkmb.services.ai.azure.com/api/projects/projectxkmb/threads/thread_VIbTVPE4PO5rT681bauxj0FT/runs/run_nOh8g2e3mBLkAf8nbogOVQqy?api-version=2025-05-15-preview",
      "RequestMethod": "GET",
      "RequestHeaders": {
        "Accept": "application/json",
        "Authorization": "Sanitized",
        "User-Agent": "azsdk-net-AI.Agents.Persistent/1.2.0-alpha.20250813.1 (.NET 8.0.19; Microsoft Windows 10.0.26100)",
        "x-ms-client-request-id": "Sanitized",
        "x-ms-return-client-request-id": "true"
      },
      "RequestBody": null,
      "StatusCode": 200,
      "ResponseHeaders": {
        "apim-request-id": "7c9a4c65-75ac-4288-8572-80dd35fc733d",
        "azureml-served-by-cluster": "vienna-westus-02",
        "Content-Length": "933",
        "Content-Type": "application/json",
        "Date": "Wed, 13 Aug 2025 20:35:09 GMT",
        "openai-organization": "cb9727c486de4b1ca13cbe1a48f2d59a",
        "openai-processing-ms": "293",
        "openai-version": "2020-10-01",
        "Request-Context": "appId=cid-v1:2d2e8e63-272e-4b3c-8598-4ee570a0e70d",
        "Strict-Transport-Security": "max-age=31536000; includeSubDomains; preload",
        "Vary": "Accept-Encoding",
        "X-Content-Type-Options": "nosniff",
        "x-ms-middleware-request-id": "06671372-a277-46d6-b881-421de4e59f3e",
        "x-ms-region": "West US",
        "x-ms-response-type": "standard",
        "X-Request-ID": "d376a1299166541b07112198a6690180",
        "x-request-time": "0.497"
      },
      "ResponseBody": {
        "id": "run_nOh8g2e3mBLkAf8nbogOVQqy",
        "object": "thread.run",
        "created_at": 1755117309,
        "assistant_id": "asst_wHoR41b4h4wtmss9XitcVpBm",
        "thread_id": "thread_VIbTVPE4PO5rT681bauxj0FT",
        "status": "in_progress",
        "started_at": 1755117309,
        "expires_at": 1755119109,
        "cancelled_at": null,
        "failed_at": null,
        "completed_at": null,
        "required_action": null,
        "last_error": null,
        "model": "gpt-4o",
        "instructions": "You are a helpful agent that can search for information using Azure AI Search.",
        "tools": [
          {
            "type": "azure_ai_search"
          }
        ],
        "tool_resources": {},
        "metadata": {},
        "temperature": 1.0,
        "top_p": 1.0,
        "max_completion_tokens": null,
        "max_prompt_tokens": null,
        "truncation_strategy": {
          "type": "auto",
          "last_messages": null
        },
        "incomplete_details": null,
        "usage": null,
        "response_format": "auto",
        "tool_choice": "auto",
        "parallel_tool_calls": true
      }
    },
    {
      "RequestUri": "https://westus-projxkmb.services.ai.azure.com/api/projects/projectxkmb/threads/thread_VIbTVPE4PO5rT681bauxj0FT/runs/run_nOh8g2e3mBLkAf8nbogOVQqy?api-version=2025-05-15-preview",
      "RequestMethod": "GET",
      "RequestHeaders": {
        "Accept": "application/json",
        "Authorization": "Sanitized",
        "User-Agent": "azsdk-net-AI.Agents.Persistent/1.2.0-alpha.20250813.1 (.NET 8.0.19; Microsoft Windows 10.0.26100)",
        "x-ms-client-request-id": "Sanitized",
        "x-ms-return-client-request-id": "true"
      },
      "RequestBody": null,
      "StatusCode": 200,
      "ResponseHeaders": {
        "apim-request-id": "0a4acbdf-fef8-49cc-9ecd-4c902e703307",
        "azureml-served-by-cluster": "vienna-westus-02",
        "Content-Length": "933",
        "Content-Type": "application/json",
        "Date": "Wed, 13 Aug 2025 20:35:10 GMT",
        "openai-organization": "cb9727c486de4b1ca13cbe1a48f2d59a",
        "openai-processing-ms": "126",
        "openai-version": "2020-10-01",
        "Request-Context": "appId=cid-v1:2d2e8e63-272e-4b3c-8598-4ee570a0e70d",
        "Strict-Transport-Security": "max-age=31536000; includeSubDomains; preload",
        "Vary": "Accept-Encoding",
        "X-Content-Type-Options": "nosniff",
        "x-ms-middleware-request-id": "23e77642-6e74-4ff2-8905-5ece2fb5c8a4",
        "x-ms-region": "West US",
        "x-ms-response-type": "standard",
        "X-Request-ID": "43a74c723f06289b8ceea433b33bf7e8",
        "x-request-time": "0.326"
      },
      "ResponseBody": {
        "id": "run_nOh8g2e3mBLkAf8nbogOVQqy",
        "object": "thread.run",
        "created_at": 1755117309,
        "assistant_id": "asst_wHoR41b4h4wtmss9XitcVpBm",
        "thread_id": "thread_VIbTVPE4PO5rT681bauxj0FT",
        "status": "in_progress",
        "started_at": 1755117309,
        "expires_at": 1755119109,
        "cancelled_at": null,
        "failed_at": null,
        "completed_at": null,
        "required_action": null,
        "last_error": null,
        "model": "gpt-4o",
        "instructions": "You are a helpful agent that can search for information using Azure AI Search.",
        "tools": [
          {
            "type": "azure_ai_search"
          }
        ],
        "tool_resources": {},
        "metadata": {},
        "temperature": 1.0,
        "top_p": 1.0,
        "max_completion_tokens": null,
        "max_prompt_tokens": null,
        "truncation_strategy": {
          "type": "auto",
          "last_messages": null
        },
        "incomplete_details": null,
        "usage": null,
        "response_format": "auto",
        "tool_choice": "auto",
        "parallel_tool_calls": true
      }
    },
    {
      "RequestUri": "https://westus-projxkmb.services.ai.azure.com/api/projects/projectxkmb/threads/thread_VIbTVPE4PO5rT681bauxj0FT/runs/run_nOh8g2e3mBLkAf8nbogOVQqy?api-version=2025-05-15-preview",
      "RequestMethod": "GET",
      "RequestHeaders": {
        "Accept": "application/json",
        "Authorization": "Sanitized",
        "User-Agent": "azsdk-net-AI.Agents.Persistent/1.2.0-alpha.20250813.1 (.NET 8.0.19; Microsoft Windows 10.0.26100)",
        "x-ms-client-request-id": "Sanitized",
        "x-ms-return-client-request-id": "true"
      },
      "RequestBody": null,
      "StatusCode": 200,
      "ResponseHeaders": {
        "apim-request-id": "176ce2f9-d545-417e-8ec4-cd2469ee557e",
        "azureml-served-by-cluster": "vienna-westus-02",
        "Content-Length": "933",
        "Content-Type": "application/json",
        "Date": "Wed, 13 Aug 2025 20:35:11 GMT",
        "openai-organization": "cb9727c486de4b1ca13cbe1a48f2d59a",
        "openai-processing-ms": "177",
        "openai-version": "2020-10-01",
        "Request-Context": "appId=cid-v1:2d2e8e63-272e-4b3c-8598-4ee570a0e70d",
        "Strict-Transport-Security": "max-age=31536000; includeSubDomains; preload",
        "Vary": "Accept-Encoding",
        "X-Content-Type-Options": "nosniff",
        "x-ms-middleware-request-id": "42b0d721-161d-4196-9bca-a20a0a41c24f",
        "x-ms-region": "West US",
        "x-ms-response-type": "standard",
        "X-Request-ID": "2b043fd883aa26cd95d2b51d35f9d773",
        "x-request-time": "0.355"
      },
      "ResponseBody": {
        "id": "run_nOh8g2e3mBLkAf8nbogOVQqy",
        "object": "thread.run",
        "created_at": 1755117309,
        "assistant_id": "asst_wHoR41b4h4wtmss9XitcVpBm",
        "thread_id": "thread_VIbTVPE4PO5rT681bauxj0FT",
        "status": "in_progress",
        "started_at": 1755117309,
        "expires_at": 1755119109,
        "cancelled_at": null,
        "failed_at": null,
        "completed_at": null,
        "required_action": null,
        "last_error": null,
        "model": "gpt-4o",
        "instructions": "You are a helpful agent that can search for information using Azure AI Search.",
        "tools": [
          {
            "type": "azure_ai_search"
          }
        ],
        "tool_resources": {},
        "metadata": {},
        "temperature": 1.0,
        "top_p": 1.0,
        "max_completion_tokens": null,
        "max_prompt_tokens": null,
        "truncation_strategy": {
          "type": "auto",
          "last_messages": null
        },
        "incomplete_details": null,
        "usage": null,
        "response_format": "auto",
        "tool_choice": "auto",
        "parallel_tool_calls": true
      }
    },
    {
      "RequestUri": "https://westus-projxkmb.services.ai.azure.com/api/projects/projectxkmb/threads/thread_VIbTVPE4PO5rT681bauxj0FT/runs/run_nOh8g2e3mBLkAf8nbogOVQqy?api-version=2025-05-15-preview",
      "RequestMethod": "GET",
      "RequestHeaders": {
        "Accept": "application/json",
        "Authorization": "Sanitized",
        "User-Agent": "azsdk-net-AI.Agents.Persistent/1.2.0-alpha.20250813.1 (.NET 8.0.19; Microsoft Windows 10.0.26100)",
        "x-ms-client-request-id": "Sanitized",
        "x-ms-return-client-request-id": "true"
      },
      "RequestBody": null,
      "StatusCode": 200,
      "ResponseHeaders": {
        "apim-request-id": "2ce80750-0b9e-4202-a25d-c298f9c9f034",
        "azureml-served-by-cluster": "vienna-westus-02",
        "Content-Length": "1075",
        "Content-Type": "application/json",
        "Date": "Wed, 13 Aug 2025 20:35:12 GMT",
        "openai-organization": "cb9727c486de4b1ca13cbe1a48f2d59a",
        "openai-processing-ms": "128",
        "openai-version": "2020-10-01",
        "Request-Context": "appId=cid-v1:2d2e8e63-272e-4b3c-8598-4ee570a0e70d",
        "Strict-Transport-Security": "max-age=31536000; includeSubDomains; preload",
        "Vary": "Accept-Encoding",
        "X-Content-Type-Options": "nosniff",
        "x-ms-middleware-request-id": "07004685-ea76-4eb0-8fdd-ff74727ac6fd",
        "x-ms-region": "West US",
        "x-ms-response-type": "standard",
        "X-Request-ID": "b376fb30c260deec3c0fd8c5e6fc99d2",
        "x-request-time": "0.317"
      },
      "ResponseBody": {
        "id": "run_nOh8g2e3mBLkAf8nbogOVQqy",
        "object": "thread.run",
        "created_at": 1755117309,
        "assistant_id": "asst_wHoR41b4h4wtmss9XitcVpBm",
        "thread_id": "thread_VIbTVPE4PO5rT681bauxj0FT",
        "status": "completed",
        "started_at": 1755117309,
        "expires_at": null,
        "cancelled_at": null,
        "failed_at": null,
        "completed_at": 1755117312,
        "required_action": null,
        "last_error": null,
        "model": "gpt-4o",
        "instructions": "You are a helpful agent that can search for information using Azure AI Search.",
        "tools": [
          {
            "type": "azure_ai_search"
          }
        ],
        "tool_resources": {},
        "metadata": {},
        "temperature": 1.0,
        "top_p": 1.0,
        "max_completion_tokens": null,
        "max_prompt_tokens": null,
        "truncation_strategy": {
          "type": "auto",
          "last_messages": null
        },
        "incomplete_details": null,
        "usage": {
          "prompt_tokens": 1340,
          "completion_tokens": 59,
          "total_tokens": 1399,
          "prompt_token_details": {
            "cached_tokens": 0
          }
        },
        "response_format": "auto",
        "tool_choice": "auto",
        "parallel_tool_calls": true
      }
    },
    {
      "RequestUri": "https://westus-projxkmb.services.ai.azure.com/api/projects/projectxkmb/threads/thread_VIbTVPE4PO5rT681bauxj0FT/messages?run_id=run_nOh8g2e3mBLkAf8nbogOVQqy&api-version=2025-05-15-preview",
      "RequestMethod": "GET",
      "RequestHeaders": {
        "Accept": "application/json",
        "Authorization": "Sanitized",
        "User-Agent": "azsdk-net-AI.Agents.Persistent/1.2.0-alpha.20250813.1 (.NET 8.0.19; Microsoft Windows 10.0.26100)",
        "x-ms-client-request-id": "Sanitized",
        "x-ms-return-client-request-id": "true"
      },
      "RequestBody": null,
      "StatusCode": 200,
      "ResponseHeaders": {
        "apim-request-id": "474e05ca-cb6a-432f-bff6-ee3f847d4f25",
        "azureml-served-by-cluster": "vienna-westus-02",
        "Content-Length": "1144",
        "Content-Type": "application/json",
        "Date": "Wed, 13 Aug 2025 20:35:12 GMT",
        "openai-organization": "cb9727c486de4b1ca13cbe1a48f2d59a",
        "openai-processing-ms": "114",
        "openai-version": "2020-10-01",
        "Request-Context": "appId=cid-v1:2d2e8e63-272e-4b3c-8598-4ee570a0e70d",
        "Strict-Transport-Security": "max-age=31536000; includeSubDomains; preload",
        "Vary": "Accept-Encoding",
        "X-Content-Type-Options": "nosniff",
        "x-ms-middleware-request-id": "6381a3f9-779f-4d99-99b2-93fe0aa4ab81",
        "x-ms-region": "West US",
        "x-ms-response-type": "standard",
        "X-Request-ID": "9cf45cfa604253e3f2011fd9779608d8",
        "x-request-time": "0.275"
      },
      "ResponseBody": {
        "object": "list",
        "data": [
          {
            "id": "msg_fChIJRW7yIq8NAIqigoGmaH9",
            "object": "thread.message",
            "created_at": 1755117310,
            "assistant_id": "asst_wHoR41b4h4wtmss9XitcVpBm",
            "thread_id": "thread_VIbTVPE4PO5rT681bauxj0FT",
            "run_id": "run_nOh8g2e3mBLkAf8nbogOVQqy",
            "role": "assistant",
            "content": [
              {
                "type": "text",
                "text": {
                  "value": "The CozyNights Sleeping Bag is rated for 3-season use, with a temperature rating of 20°F to 60°F (-6°C to 15°C)【3:0†source】.",
                  "annotations": [
                    {
                      "type": "url_citation",
                      "text": "【3:0†source】",
                      "start_index": 111,
                      "end_index": 123,
                      "url_citation": {
                        "url": "www.microsoft.com",
                        "title": "product_info_7.md"
                      }
                    }
                  ]
                }
              }
            ],
            "attachments": [],
            "metadata": {}
          }
        ],
        "first_id": "msg_fChIJRW7yIq8NAIqigoGmaH9",
        "last_id": "msg_fChIJRW7yIq8NAIqigoGmaH9",
        "has_more": false
      }
    },
    {
      "RequestUri": "https://westus-projxkmb.services.ai.azure.com/api/projects/projectxkmb/threads/thread_VIbTVPE4PO5rT681bauxj0FT/runs/run_nOh8g2e3mBLkAf8nbogOVQqy/steps?api-version=2025-05-15-preview&order=asc",
      "RequestMethod": "GET",
      "RequestHeaders": {
        "Accept": "application/json",
        "Authorization": "Sanitized",
        "User-Agent": "azsdk-net-AI.Agents.Persistent/1.2.0-alpha.20250813.1 (.NET 8.0.19; Microsoft Windows 10.0.26100)",
        "x-ms-client-request-id": "Sanitized",
        "x-ms-return-client-request-id": "true"
      },
      "RequestBody": null,
      "StatusCode": 200,
      "ResponseHeaders": {
        "apim-request-id": "80e9d6e4-ba12-446e-a9da-35b6c50d04ff",
        "azureml-served-by-cluster": "vienna-westus-01",
        "Content-Length": "3123",
        "Content-Type": "application/json",
        "Date": "Wed, 13 Aug 2025 20:35:13 GMT",
        "openai-organization": "cb9727c486de4b1ca13cbe1a48f2d59a",
        "openai-processing-ms": "398",
        "openai-version": "2020-10-01",
        "Request-Context": "appId=cid-v1:2d2e8e63-272e-4b3c-8598-4ee570a0e70d",
        "Strict-Transport-Security": "max-age=31536000; includeSubDomains; preload",
        "Vary": "Accept-Encoding",
        "X-Content-Type-Options": "nosniff",
        "x-ms-middleware-request-id": "0ab30140-03f9-47f7-8b47-e4875ea0f177",
        "x-ms-region": "West US",
        "x-ms-response-type": "standard",
        "X-Request-ID": "d2f118e58595a069a55da5d9c1a9bc5e",
        "x-request-time": "0.597"
      },
      "ResponseBody": {
        "object": "list",
        "data": [
          {
            "id": "step_LDCUnhsUIAW3nOkwMcHHumgd",
            "object": "thread.run.step",
            "created_at": 1755117310,
            "run_id": "run_nOh8g2e3mBLkAf8nbogOVQqy",
            "assistant_id": "asst_wHoR41b4h4wtmss9XitcVpBm",
            "thread_id": "thread_VIbTVPE4PO5rT681bauxj0FT",
            "type": "tool_calls",
            "status": "completed",
            "cancelled_at": null,
            "completed_at": 1755117310,
            "expires_at": null,
            "failed_at": null,
            "last_error": null,
            "step_details": {
              "type": "tool_calls",
              "tool_calls": [
                {
                  "id": "call_dat68gu0ny6SlDUzLu5xgRCS",
                  "type": "azure_ai_search",
                  "azure_ai_search": {
                    "input": "temperature rating cozynights sleeping bag",
                    "output": "{'summary': 'Retrieved 5 documents.', 'metadata': {'urls': ['www.microsoft.com', 'www.microsoft.com', 'www.microsoft.com', 'www.microsoft.com', 'www.microsoft.com'], 'titles': ['product_info_7.md', 'product_info_7.md', 'product_info_7.md', 'product_info_14.md', 'product_info_7.md'], 'get_urls': ['https://nirovinssearch.search.windows.net/indexes/sample_index/docs/856?api-version=2024-07-01&$select=embedId,token,title,url,category', 'https://nirovinssearch.search.windows.net/indexes/sample_index/docs/854?api-version=2024-07-01&$select=embedId,token,title,url,category', 'https://nirovinssearch.search.windows.net/indexes/sample_index/docs/852?api-version=2024-07-01&$select=embedId,token,title,url,category', 'https://nirovinssearch.search.windows.net/indexes/sample_index/docs/239?api-version=2024-07-01&$select=embedId,token,title,url,category', 'https://nirovinssearch.search.windows.net/indexes/sample_index/docs/831?api-version=2024-07-01&$select=embedId,token,title,url,category'], 'ids': ['856', '854', '852', '239', '831'], 'command': 'search', 'query_type': 'simple', 'top_k': 5, 'filter': True}}"
                  }
                }
              ]
            },
            "usage": {
              "prompt_tokens": 344,
              "completion_tokens": 15,
              "total_tokens": 359,
              "prompt_token_details": {
                "cached_tokens": 0
              }
            }
          },
          {
            "id": "step_NP4HCFEM4dBqxYIhyH4lfjun",
            "object": "thread.run.step",
            "created_at": 1755117310,
            "run_id": "run_nOh8g2e3mBLkAf8nbogOVQqy",
            "assistant_id": "asst_wHoR41b4h4wtmss9XitcVpBm",
            "thread_id": "thread_VIbTVPE4PO5rT681bauxj0FT",
            "type": "message_creation",
            "status": "completed",
            "cancelled_at": null,
            "completed_at": 1755117312,
            "expires_at": null,
            "failed_at": null,
            "last_error": null,
            "step_details": {
              "type": "message_creation",
              "message_creation": {
                "message_id": "msg_fChIJRW7yIq8NAIqigoGmaH9"
              }
            },
            "usage": {
              "prompt_tokens": 996,
              "completion_tokens": 44,
              "total_tokens": 1040,
              "prompt_token_details": {
                "cached_tokens": 0
              }
            }
          }
        ],
        "first_id": "step_LDCUnhsUIAW3nOkwMcHHumgd",
        "last_id": "step_NP4HCFEM4dBqxYIhyH4lfjun",
        "has_more": false
      }
    }
  ],
  "Variables": {
    "AZURE_AI_CONNECTION_ID": "/subscriptions/fac34303-435d-4486-8c3f-7094d82a0b60/resourceGroups/nirovins-rg/providers/Microsoft.CognitiveServices/accounts/westus-projxkmb/projects/projectxkmb/connections/nirovinssearch",
    "PROJECT_CONNECTION_STRING": "https://westus-projxkmb.services.ai.azure.com/api/projects/projectxkmb",
    "PROJECT_ENDPOINT": "https://deep-research-agent.services.ai.azure.com/api/projects/deep-research-agent",
    "RandomSeed": "315400982"
  }
}
