{
  "Entries": [
    {
      "RequestUri": "https://westus.api.azureml.ms/agents/v1.0/subscriptions/b17253fa-f327-42d6-9686-f3e553e24763/resourceGroups/nirovins-rg-eastus/providers/Microsoft.MachineLearningServices/workspaces/nirovins-westus/threads?api-version=2025-05-15-preview",
      "RequestMethod": "POST",
      "RequestHeaders": {
        "Accept": "application/json",
        "Authorization": "Sanitized",
        "Content-Length": "2",
        "Content-Type": "application/json",
        "User-Agent": "azsdk-net-AI.Agents.Persistent/1.1.0-alpha.20250721.1 (.NET 8.0.18; Microsoft Windows 10.0.26100)",
        "x-ms-client-request-id": "Sanitized",
        "x-ms-return-client-request-id": "true"
      },
      "RequestBody": {},
      "StatusCode": 200,
      "ResponseHeaders": {
        "apim-request-id": "eb7771a3-1660-413a-a721-dacb3bfd6181",
        "azureml-served-by-cluster": "vienna-westus-01",
        "Connection": "keep-alive",
        "Content-Length": "137",
        "Content-Type": "application/json",
        "Date": "Tue, 22 Jul 2025 16:40:40 GMT",
        "openai-organization": "20ba836fffc34ede8203166d666c74ef",
        "openai-processing-ms": "71",
        "openai-version": "2020-10-01",
        "Request-Context": "appId=cid-v1:2d2e8e63-272e-4b3c-8598-4ee570a0e70d",
        "Strict-Transport-Security": "max-age=31536000; includeSubDomains; preload",
        "X-Content-Type-Options": "nosniff",
        "x-ms-middleware-request-id": "34afa172-25e0-419a-a052-ae68e8e18050",
        "x-ms-region": "West US",
        "x-ms-response-type": "standard",
        "X-Request-ID": "8dca71be15018fac6097cb81dcf65bcc",
        "x-request-time": "0.422"
      },
      "ResponseBody": {
        "id": "thread_Rs2Ia0pZfxDgu5NTMcoLwOAr",
        "object": "thread",
        "created_at": 1753202440,
        "metadata": {},
        "tool_resources": {}
      }
    },
    {
      "RequestUri": "https://westus.api.azureml.ms/agents/v1.0/subscriptions/b17253fa-f327-42d6-9686-f3e553e24763/resourceGroups/nirovins-rg-eastus/providers/Microsoft.MachineLearningServices/workspaces/nirovins-westus/threads/thread_Rs2Ia0pZfxDgu5NTMcoLwOAr/messages?api-version=2025-05-15-preview",
      "RequestMethod": "POST",
      "RequestHeaders": {
        "Accept": "application/json",
        "Authorization": "Sanitized",
        "Content-Length": "31",
        "Content-Type": "application/json",
        "User-Agent": "azsdk-net-AI.Agents.Persistent/1.1.0-alpha.20250721.1 (.NET 8.0.18; Microsoft Windows 10.0.26100)",
        "x-ms-client-request-id": "Sanitized",
        "x-ms-return-client-request-id": "true"
      },
      "RequestBody": {
        "role": "user",
        "content": "foo"
      },
      "StatusCode": 200,
      "ResponseHeaders": {
        "apim-request-id": "9eee7e6c-07d8-409c-86ed-969b5bbb7ad1",
        "azureml-served-by-cluster": "vienna-westus-01",
        "Connection": "keep-alive",
        "Content-Length": "377",
        "Content-Type": "application/json",
        "Date": "Tue, 22 Jul 2025 16:40:40 GMT",
        "openai-organization": "20ba836fffc34ede8203166d666c74ef",
        "openai-processing-ms": "91",
        "openai-version": "2020-10-01",
        "Request-Context": "appId=cid-v1:2d2e8e63-272e-4b3c-8598-4ee570a0e70d",
        "Strict-Transport-Security": "max-age=31536000; includeSubDomains; preload",
        "Vary": "Accept-Encoding",
        "X-Content-Type-Options": "nosniff",
        "x-ms-middleware-request-id": "ab04c916-eae0-4b9b-8af3-c2137833f8de",
        "x-ms-region": "West US",
        "x-ms-response-type": "standard",
        "X-Request-ID": "5d578fa80beaa3a88d3af8c91f5d86d9",
        "x-request-time": "0.367"
      },
      "ResponseBody": {
        "id": "msg_8cIQM59BUjNsQCLn8OEYvy2i",
        "object": "thread.message",
        "created_at": 1753202440,
        "assistant_id": null,
        "thread_id": "thread_Rs2Ia0pZfxDgu5NTMcoLwOAr",
        "run_id": null,
        "role": "user",
        "content": [
          {
            "type": "text",
            "text": {
              "value": "foo",
              "annotations": []
            }
          }
        ],
        "attachments": [],
        "metadata": {}
      }
    },
    {
      "RequestUri": "https://westus.api.azureml.ms/agents/v1.0/subscriptions/b17253fa-f327-42d6-9686-f3e553e24763/resourceGroups/nirovins-rg-eastus/providers/Microsoft.MachineLearningServices/workspaces/nirovins-westus/threads/thread_Rs2Ia0pZfxDgu5NTMcoLwOAr/messages?api-version=2025-05-15-preview",
      "RequestMethod": "POST",
      "RequestHeaders": {
        "Accept": "application/json",
        "Authorization": "Sanitized",
        "Content-Length": "31",
        "Content-Type": "application/json",
        "User-Agent": "azsdk-net-AI.Agents.Persistent/1.1.0-alpha.20250721.1 (.NET 8.0.18; Microsoft Windows 10.0.26100)",
        "x-ms-client-request-id": "Sanitized",
        "x-ms-return-client-request-id": "true"
      },
      "RequestBody": {
        "role": "user",
        "content": "foo"
      },
      "StatusCode": 200,
      "ResponseHeaders": {
        "apim-request-id": "b354789d-d42a-48ef-bb02-159670aef87f",
        "azureml-served-by-cluster": "vienna-westus-01",
        "Connection": "keep-alive",
        "Content-Length": "377",
        "Content-Type": "application/json",
        "Date": "Tue, 22 Jul 2025 16:40:41 GMT",
        "openai-organization": "20ba836fffc34ede8203166d666c74ef",
        "openai-processing-ms": "96",
        "openai-version": "2020-10-01",
        "Request-Context": "appId=cid-v1:2d2e8e63-272e-4b3c-8598-4ee570a0e70d",
        "Strict-Transport-Security": "max-age=31536000; includeSubDomains; preload",
        "Vary": "Accept-Encoding",
        "X-Content-Type-Options": "nosniff",
        "x-ms-middleware-request-id": "dfe7458c-d342-4c33-95a4-42779d3d5bc5",
        "x-ms-region": "West US",
        "x-ms-response-type": "standard",
        "X-Request-ID": "f21dc587a6433007596517d19c61f30f",
        "x-request-time": "0.325"
      },
      "ResponseBody": {
        "id": "msg_kF65yQgorkBX3IGf88p62cwL",
        "object": "thread.message",
        "created_at": 1753202441,
        "assistant_id": null,
        "thread_id": "thread_Rs2Ia0pZfxDgu5NTMcoLwOAr",
        "run_id": null,
        "role": "user",
        "content": [
          {
            "type": "text",
            "text": {
              "value": "foo",
              "annotations": []
            }
          }
        ],
        "attachments": [],
        "metadata": {}
      }
    },
    {
      "RequestUri": "https://westus.api.azureml.ms/agents/v1.0/subscriptions/b17253fa-f327-42d6-9686-f3e553e24763/resourceGroups/nirovins-rg-eastus/providers/Microsoft.MachineLearningServices/workspaces/nirovins-westus/threads/thread_Rs2Ia0pZfxDgu5NTMcoLwOAr/messages?api-version=2025-05-15-preview",
      "RequestMethod": "POST",
      "RequestHeaders": {
        "Accept": "application/json",
        "Authorization": "Sanitized",
        "Content-Length": "31",
        "Content-Type": "application/json",
        "User-Agent": "azsdk-net-AI.Agents.Persistent/1.1.0-alpha.20250721.1 (.NET 8.0.18; Microsoft Windows 10.0.26100)",
        "x-ms-client-request-id": "Sanitized",
        "x-ms-return-client-request-id": "true"
      },
      "RequestBody": {
        "role": "user",
        "content": "foo"
      },
      "StatusCode": 200,
      "ResponseHeaders": {
        "apim-request-id": "77bc34e7-3eab-447b-a3e8-db6e6bddc147",
        "azureml-served-by-cluster": "vienna-westus-01",
        "Connection": "keep-alive",
        "Content-Length": "377",
        "Content-Type": "application/json",
        "Date": "Tue, 22 Jul 2025 16:40:41 GMT",
        "openai-organization": "20ba836fffc34ede8203166d666c74ef",
        "openai-processing-ms": "97",
        "openai-version": "2020-10-01",
        "Request-Context": "appId=cid-v1:2d2e8e63-272e-4b3c-8598-4ee570a0e70d",
        "Strict-Transport-Security": "max-age=31536000; includeSubDomains; preload",
        "Vary": "Accept-Encoding",
        "X-Content-Type-Options": "nosniff",
        "x-ms-middleware-request-id": "78698d01-c71b-4979-aa58-0ce1dac186e6",
        "x-ms-region": "West US",
        "x-ms-response-type": "standard",
        "X-Request-ID": "6e2aa02a8b3e6fa5269862b75e716e9a",
        "x-request-time": "0.323"
      },
      "ResponseBody": {
        "id": "msg_8HtOeftAIPSOzWtPp76VA933",
        "object": "thread.message",
        "created_at": 1753202441,
        "assistant_id": null,
        "thread_id": "thread_Rs2Ia0pZfxDgu5NTMcoLwOAr",
        "run_id": null,
        "role": "user",
        "content": [
          {
            "type": "text",
            "text": {
              "value": "foo",
              "annotations": []
            }
          }
        ],
        "attachments": [],
        "metadata": {}
      }
    },
    {
      "RequestUri": "https://westus.api.azureml.ms/agents/v1.0/subscriptions/b17253fa-f327-42d6-9686-f3e553e24763/resourceGroups/nirovins-rg-eastus/providers/Microsoft.MachineLearningServices/workspaces/nirovins-westus/threads/thread_Rs2Ia0pZfxDgu5NTMcoLwOAr/messages?api-version=2025-05-15-preview",
      "RequestMethod": "POST",
      "RequestHeaders": {
        "Accept": "application/json",
        "Authorization": "Sanitized",
        "Content-Length": "31",
        "Content-Type": "application/json",
        "User-Agent": "azsdk-net-AI.Agents.Persistent/1.1.0-alpha.20250721.1 (.NET 8.0.18; Microsoft Windows 10.0.26100)",
        "x-ms-client-request-id": "Sanitized",
        "x-ms-return-client-request-id": "true"
      },
      "RequestBody": {
        "role": "user",
        "content": "foo"
      },
      "StatusCode": 200,
      "ResponseHeaders": {
        "apim-request-id": "02ca6f4b-da23-4adf-952c-1dfbeca7d783",
        "azureml-served-by-cluster": "vienna-westus-01",
        "Connection": "keep-alive",
        "Content-Length": "377",
        "Content-Type": "application/json",
        "Date": "Tue, 22 Jul 2025 16:40:42 GMT",
        "openai-organization": "20ba836fffc34ede8203166d666c74ef",
        "openai-processing-ms": "102",
        "openai-version": "2020-10-01",
        "Request-Context": "appId=cid-v1:2d2e8e63-272e-4b3c-8598-4ee570a0e70d",
        "Strict-Transport-Security": "max-age=31536000; includeSubDomains; preload",
        "Vary": "Accept-Encoding",
        "X-Content-Type-Options": "nosniff",
        "x-ms-middleware-request-id": "415d2a26-5a15-499c-ac41-6ecc7981b0cc",
        "x-ms-region": "West US",
        "x-ms-response-type": "standard",
        "X-Request-ID": "b41baabbc7373af2f8b9a1f584ca17d5",
        "x-request-time": "0.608"
      },
      "ResponseBody": {
        "id": "msg_i1Oit3HU5jCFzP3D0nGy9KDw",
        "object": "thread.message",
        "created_at": 1753202442,
        "assistant_id": null,
        "thread_id": "thread_Rs2Ia0pZfxDgu5NTMcoLwOAr",
        "run_id": null,
        "role": "user",
        "content": [
          {
            "type": "text",
            "text": {
              "value": "foo",
              "annotations": []
            }
          }
        ],
        "attachments": [],
        "metadata": {}
      }
    },
    {
      "RequestUri": "https://westus.api.azureml.ms/agents/v1.0/subscriptions/b17253fa-f327-42d6-9686-f3e553e24763/resourceGroups/nirovins-rg-eastus/providers/Microsoft.MachineLearningServices/workspaces/nirovins-westus/threads/thread_Rs2Ia0pZfxDgu5NTMcoLwOAr/messages?api-version=2025-05-15-preview",
      "RequestMethod": "POST",
      "RequestHeaders": {
        "Accept": "application/json",
        "Authorization": "Sanitized",
        "Content-Length": "31",
        "Content-Type": "application/json",
        "User-Agent": "azsdk-net-AI.Agents.Persistent/1.1.0-alpha.20250721.1 (.NET 8.0.18; Microsoft Windows 10.0.26100)",
        "x-ms-client-request-id": "Sanitized",
        "x-ms-return-client-request-id": "true"
      },
      "RequestBody": {
        "role": "user",
        "content": "foo"
      },
      "StatusCode": 200,
      "ResponseHeaders": {
        "apim-request-id": "e3adcc64-c798-4822-8b55-02e30725a391",
        "azureml-served-by-cluster": "vienna-westus-01",
        "Connection": "keep-alive",
        "Content-Length": "377",
        "Content-Type": "application/json",
        "Date": "Tue, 22 Jul 2025 16:40:42 GMT",
        "openai-organization": "20ba836fffc34ede8203166d666c74ef",
        "openai-processing-ms": "100",
        "openai-version": "2020-10-01",
        "Request-Context": "appId=cid-v1:2d2e8e63-272e-4b3c-8598-4ee570a0e70d",
        "Strict-Transport-Security": "max-age=31536000; includeSubDomains; preload",
        "Vary": "Accept-Encoding",
        "X-Content-Type-Options": "nosniff",
        "x-ms-middleware-request-id": "2e6de6da-445d-4679-8dd1-915558776775",
        "x-ms-region": "West US",
        "x-ms-response-type": "standard",
        "X-Request-ID": "f1acaf7ca46e561e398e5b6fcc5dc4d1",
        "x-request-time": "0.342"
      },
      "ResponseBody": {
        "id": "msg_K1GersEPVWYgJEYnlnUt4kCj",
        "object": "thread.message",
        "created_at": 1753202442,
        "assistant_id": null,
        "thread_id": "thread_Rs2Ia0pZfxDgu5NTMcoLwOAr",
        "run_id": null,
        "role": "user",
        "content": [
          {
            "type": "text",
            "text": {
              "value": "foo",
              "annotations": []
            }
          }
        ],
        "attachments": [],
        "metadata": {}
      }
    },
    {
      "RequestUri": "https://westus.api.azureml.ms/agents/v1.0/subscriptions/b17253fa-f327-42d6-9686-f3e553e24763/resourceGroups/nirovins-rg-eastus/providers/Microsoft.MachineLearningServices/workspaces/nirovins-westus/threads/thread_Rs2Ia0pZfxDgu5NTMcoLwOAr/messages?api-version=2025-05-15-preview",
      "RequestMethod": "POST",
      "RequestHeaders": {
        "Accept": "application/json",
        "Authorization": "Sanitized",
        "Content-Length": "31",
        "Content-Type": "application/json",
        "User-Agent": "azsdk-net-AI.Agents.Persistent/1.1.0-alpha.20250721.1 (.NET 8.0.18; Microsoft Windows 10.0.26100)",
        "x-ms-client-request-id": "Sanitized",
        "x-ms-return-client-request-id": "true"
      },
      "RequestBody": {
        "role": "user",
        "content": "foo"
      },
      "StatusCode": 200,
      "ResponseHeaders": {
        "apim-request-id": "ed7069ca-9c8a-45ea-b5aa-626da0948354",
        "azureml-served-by-cluster": "vienna-westus-01",
        "Connection": "keep-alive",
        "Content-Length": "377",
        "Content-Type": "application/json",
        "Date": "Tue, 22 Jul 2025 16:40:43 GMT",
        "openai-organization": "20ba836fffc34ede8203166d666c74ef",
        "openai-processing-ms": "95",
        "openai-version": "2020-10-01",
        "Request-Context": "appId=cid-v1:2d2e8e63-272e-4b3c-8598-4ee570a0e70d",
        "Strict-Transport-Security": "max-age=31536000; includeSubDomains; preload",
        "Vary": "Accept-Encoding",
        "X-Content-Type-Options": "nosniff",
        "x-ms-middleware-request-id": "c07717a4-f3c9-4a28-95c1-d990c761a1ad",
        "x-ms-region": "West US",
        "x-ms-response-type": "standard",
        "X-Request-ID": "7ad2c260ee38b4dcc96ac38d0ab63505",
        "x-request-time": "0.392"
      },
      "ResponseBody": {
        "id": "msg_JUIbL4TgCdzxXKNac6mTzXHt",
        "object": "thread.message",
        "created_at": 1753202443,
        "assistant_id": null,
        "thread_id": "thread_Rs2Ia0pZfxDgu5NTMcoLwOAr",
        "run_id": null,
        "role": "user",
        "content": [
          {
            "type": "text",
            "text": {
              "value": "foo",
              "annotations": []
            }
          }
        ],
        "attachments": [],
        "metadata": {}
      }
    },
    {
      "RequestUri": "https://westus.api.azureml.ms/agents/v1.0/subscriptions/b17253fa-f327-42d6-9686-f3e553e24763/resourceGroups/nirovins-rg-eastus/providers/Microsoft.MachineLearningServices/workspaces/nirovins-westus/threads/thread_Rs2Ia0pZfxDgu5NTMcoLwOAr/messages?api-version=2025-05-15-preview",
      "RequestMethod": "POST",
      "RequestHeaders": {
        "Accept": "application/json",
        "Authorization": "Sanitized",
        "Content-Length": "31",
        "Content-Type": "application/json",
        "User-Agent": "azsdk-net-AI.Agents.Persistent/1.1.0-alpha.20250721.1 (.NET 8.0.18; Microsoft Windows 10.0.26100)",
        "x-ms-client-request-id": "Sanitized",
        "x-ms-return-client-request-id": "true"
      },
      "RequestBody": {
        "role": "user",
        "content": "foo"
      },
      "StatusCode": 200,
      "ResponseHeaders": {
        "apim-request-id": "7ff6646f-6faa-4220-8271-c2cdbb15b7a8",
        "azureml-served-by-cluster": "vienna-westus-01",
        "Connection": "keep-alive",
        "Content-Length": "377",
        "Content-Type": "application/json",
        "Date": "Tue, 22 Jul 2025 16:40:43 GMT",
        "openai-organization": "20ba836fffc34ede8203166d666c74ef",
        "openai-processing-ms": "117",
        "openai-version": "2020-10-01",
        "Request-Context": "appId=cid-v1:2d2e8e63-272e-4b3c-8598-4ee570a0e70d",
        "Strict-Transport-Security": "max-age=31536000; includeSubDomains; preload",
        "Vary": "Accept-Encoding",
        "X-Content-Type-Options": "nosniff",
        "x-ms-middleware-request-id": "46aba5eb-2b21-4c11-a2d6-929158fa224d",
        "x-ms-region": "West US",
        "x-ms-response-type": "standard",
        "X-Request-ID": "b448b6349fdeafca7f4b7d58460a39a4",
        "x-request-time": "0.320"
      },
      "ResponseBody": {
        "id": "msg_0KQeUGLlQq6skylzHP549IH1",
        "object": "thread.message",
        "created_at": 1753202443,
        "assistant_id": null,
        "thread_id": "thread_Rs2Ia0pZfxDgu5NTMcoLwOAr",
        "run_id": null,
        "role": "user",
        "content": [
          {
            "type": "text",
            "text": {
              "value": "foo",
              "annotations": []
            }
          }
        ],
        "attachments": [],
        "metadata": {}
      }
    },
    {
      "RequestUri": "https://westus.api.azureml.ms/agents/v1.0/subscriptions/b17253fa-f327-42d6-9686-f3e553e24763/resourceGroups/nirovins-rg-eastus/providers/Microsoft.MachineLearningServices/workspaces/nirovins-westus/threads/thread_Rs2Ia0pZfxDgu5NTMcoLwOAr/messages?api-version=2025-05-15-preview",
      "RequestMethod": "POST",
      "RequestHeaders": {
        "Accept": "application/json",
        "Authorization": "Sanitized",
        "Content-Length": "31",
        "Content-Type": "application/json",
        "User-Agent": "azsdk-net-AI.Agents.Persistent/1.1.0-alpha.20250721.1 (.NET 8.0.18; Microsoft Windows 10.0.26100)",
        "x-ms-client-request-id": "Sanitized",
        "x-ms-return-client-request-id": "true"
      },
      "RequestBody": {
        "role": "user",
        "content": "foo"
      },
      "StatusCode": 200,
      "ResponseHeaders": {
        "apim-request-id": "22deeedc-ee27-4023-9de0-c3242f315e9d",
        "azureml-served-by-cluster": "vienna-westus-01",
        "Connection": "keep-alive",
        "Content-Length": "377",
        "Content-Type": "application/json",
        "Date": "Tue, 22 Jul 2025 16:40:43 GMT",
        "openai-organization": "20ba836fffc34ede8203166d666c74ef",
        "openai-processing-ms": "101",
        "openai-version": "2020-10-01",
        "Request-Context": "appId=cid-v1:2d2e8e63-272e-4b3c-8598-4ee570a0e70d",
        "Strict-Transport-Security": "max-age=31536000; includeSubDomains; preload",
        "Vary": "Accept-Encoding",
        "X-Content-Type-Options": "nosniff",
        "x-ms-middleware-request-id": "b822b189-9f82-4649-b47d-a714e1397ea2",
        "x-ms-region": "West US",
        "x-ms-response-type": "standard",
        "X-Request-ID": "bf6e476aeaf86c0f1b450c3327dd63fa",
        "x-request-time": "0.313"
      },
      "ResponseBody": {
        "id": "msg_JDP8keqwHKcXvc5t5bb5R8TC",
        "object": "thread.message",
        "created_at": 1753202443,
        "assistant_id": null,
        "thread_id": "thread_Rs2Ia0pZfxDgu5NTMcoLwOAr",
        "run_id": null,
        "role": "user",
        "content": [
          {
            "type": "text",
            "text": {
              "value": "foo",
              "annotations": []
            }
          }
        ],
        "attachments": [],
        "metadata": {}
      }
    },
    {
      "RequestUri": "https://westus.api.azureml.ms/agents/v1.0/subscriptions/b17253fa-f327-42d6-9686-f3e553e24763/resourceGroups/nirovins-rg-eastus/providers/Microsoft.MachineLearningServices/workspaces/nirovins-westus/threads/thread_Rs2Ia0pZfxDgu5NTMcoLwOAr/messages?api-version=2025-05-15-preview",
      "RequestMethod": "POST",
      "RequestHeaders": {
        "Accept": "application/json",
        "Authorization": "Sanitized",
        "Content-Length": "31",
        "Content-Type": "application/json",
        "User-Agent": "azsdk-net-AI.Agents.Persistent/1.1.0-alpha.20250721.1 (.NET 8.0.18; Microsoft Windows 10.0.26100)",
        "x-ms-client-request-id": "Sanitized",
        "x-ms-return-client-request-id": "true"
      },
      "RequestBody": {
        "role": "user",
        "content": "foo"
      },
      "StatusCode": 200,
      "ResponseHeaders": {
        "apim-request-id": "5cfd7963-ea9f-4c75-b567-578c85f50e77",
        "azureml-served-by-cluster": "vienna-westus-01",
        "Connection": "keep-alive",
        "Content-Length": "377",
        "Content-Type": "application/json",
        "Date": "Tue, 22 Jul 2025 16:40:44 GMT",
        "openai-organization": "20ba836fffc34ede8203166d666c74ef",
        "openai-processing-ms": "98",
        "openai-version": "2020-10-01",
        "Request-Context": "appId=cid-v1:2d2e8e63-272e-4b3c-8598-4ee570a0e70d",
        "Strict-Transport-Security": "max-age=31536000; includeSubDomains; preload",
        "Vary": "Accept-Encoding",
        "X-Content-Type-Options": "nosniff",
        "x-ms-middleware-request-id": "e0d7bbf5-9970-4f4f-b96d-2fdb0499484f",
        "x-ms-region": "West US",
        "x-ms-response-type": "standard",
        "X-Request-ID": "17873e0f93bca554ffbc110503c94f5f",
        "x-request-time": "0.334"
      },
      "ResponseBody": {
        "id": "msg_p1FH7rehoi496uyJxZ2SdW5P",
        "object": "thread.message",
        "created_at": 1753202444,
        "assistant_id": null,
        "thread_id": "thread_Rs2Ia0pZfxDgu5NTMcoLwOAr",
        "run_id": null,
        "role": "user",
        "content": [
          {
            "type": "text",
            "text": {
              "value": "foo",
              "annotations": []
            }
          }
        ],
        "attachments": [],
        "metadata": {}
      }
    },
    {
      "RequestUri": "https://westus.api.azureml.ms/agents/v1.0/subscriptions/b17253fa-f327-42d6-9686-f3e553e24763/resourceGroups/nirovins-rg-eastus/providers/Microsoft.MachineLearningServices/workspaces/nirovins-westus/threads/thread_Rs2Ia0pZfxDgu5NTMcoLwOAr/messages?api-version=2025-05-15-preview&limit=2&order=asc&before=msg_K1GersEPVWYgJEYnlnUt4kCj",
      "RequestMethod": "GET",
      "RequestHeaders": {
        "Accept": "application/json",
        "Authorization": "Sanitized",
        "User-Agent": "azsdk-net-AI.Agents.Persistent/1.1.0-alpha.20250721.1 (.NET 8.0.18; Microsoft Windows 10.0.26100)",
        "x-ms-client-request-id": "Sanitized",
        "x-ms-return-client-request-id": "true"
      },
      "RequestBody": null,
      "StatusCode": 200,
      "ResponseHeaders": {
        "apim-request-id": "78f01908-1ae6-4ee0-a228-adea14f12141",
        "azureml-served-by-cluster": "vienna-westus-01",
        "Connection": "keep-alive",
        "Content-Length": "1067",
        "Content-Type": "application/json",
        "Date": "Tue, 22 Jul 2025 16:40:44 GMT",
        "openai-organization": "20ba836fffc34ede8203166d666c74ef",
        "openai-processing-ms": "84",
        "openai-version": "2020-10-01",
        "Request-Context": "appId=cid-v1:2d2e8e63-272e-4b3c-8598-4ee570a0e70d",
        "Strict-Transport-Security": "max-age=31536000; includeSubDomains; preload",
        "Vary": "Accept-Encoding",
        "X-Content-Type-Options": "nosniff",
        "x-ms-middleware-request-id": "d479b8d9-ac3f-49a6-b968-a736825600b3",
        "x-ms-region": "West US",
        "x-ms-response-type": "standard",
        "X-Request-ID": "ce76f47792e580d600ea4c3dcea339bd",
        "x-request-time": "0.306"
      },
      "ResponseBody": {
        "object": "list",
        "data": [
          {
            "id": "msg_8cIQM59BUjNsQCLn8OEYvy2i",
            "object": "thread.message",
            "created_at": 1753202440,
            "assistant_id": null,
            "thread_id": "thread_Rs2Ia0pZfxDgu5NTMcoLwOAr",
            "run_id": null,
            "role": "user",
            "content": [
              {
                "type": "text",
                "text": {
                  "value": "foo",
                  "annotations": []
                }
              }
            ],
            "attachments": [],
            "metadata": {}
          },
          {
            "id": "msg_kF65yQgorkBX3IGf88p62cwL",
            "object": "thread.message",
            "created_at": 1753202441,
            "assistant_id": null,
            "thread_id": "thread_Rs2Ia0pZfxDgu5NTMcoLwOAr",
            "run_id": null,
            "role": "user",
            "content": [
              {
                "type": "text",
                "text": {
                  "value": "foo",
                  "annotations": []
                }
              }
            ],
            "attachments": [],
            "metadata": {}
          }
        ],
        "first_id": "msg_8cIQM59BUjNsQCLn8OEYvy2i",
        "last_id": "msg_kF65yQgorkBX3IGf88p62cwL",
        "has_more": true
      }
    },
    {
      "RequestUri": "https://westus.api.azureml.ms/agents/v1.0/subscriptions/b17253fa-f327-42d6-9686-f3e553e24763/resourceGroups/nirovins-rg-eastus/providers/Microsoft.MachineLearningServices/workspaces/nirovins-westus/threads/thread_Rs2Ia0pZfxDgu5NTMcoLwOAr/messages?api-version=2025-05-15-preview&limit=2&order=asc&after=msg_kF65yQgorkBX3IGf88p62cwL&before=msg_K1GersEPVWYgJEYnlnUt4kCj",
      "RequestMethod": "GET",
      "RequestHeaders": {
        "Accept": "application/json",
        "Authorization": "Sanitized",
        "User-Agent": "azsdk-net-AI.Agents.Persistent/1.1.0-alpha.20250721.1 (.NET 8.0.18; Microsoft Windows 10.0.26100)",
        "x-ms-client-request-id": "Sanitized",
        "x-ms-return-client-request-id": "true"
      },
      "RequestBody": null,
      "StatusCode": 200,
      "ResponseHeaders": {
        "apim-request-id": "0aac054c-e285-4c5b-a308-383960537214",
        "azureml-served-by-cluster": "vienna-westus-01",
        "Connection": "keep-alive",
        "Content-Length": "1068",
        "Content-Type": "application/json",
        "Date": "Tue, 22 Jul 2025 16:40:44 GMT",
        "openai-organization": "20ba836fffc34ede8203166d666c74ef",
        "openai-processing-ms": "100",
        "openai-version": "2020-10-01",
        "Request-Context": "appId=cid-v1:2d2e8e63-272e-4b3c-8598-4ee570a0e70d",
        "Strict-Transport-Security": "max-age=31536000; includeSubDomains; preload",
        "Vary": "Accept-Encoding",
        "X-Content-Type-Options": "nosniff",
        "x-ms-middleware-request-id": "6ba85936-34c7-4a7e-b528-eb88c5be2e64",
        "x-ms-region": "West US",
        "x-ms-response-type": "standard",
        "X-Request-ID": "261fb0a81cb433bee37ae70666a457a6",
        "x-request-time": "0.319"
      },
      "ResponseBody": {
        "object": "list",
        "data": [
          {
            "id": "msg_8HtOeftAIPSOzWtPp76VA933",
            "object": "thread.message",
            "created_at": 1753202441,
            "assistant_id": null,
            "thread_id": "thread_Rs2Ia0pZfxDgu5NTMcoLwOAr",
            "run_id": null,
            "role": "user",
            "content": [
              {
                "type": "text",
                "text": {
                  "value": "foo",
                  "annotations": []
                }
              }
            ],
            "attachments": [],
            "metadata": {}
          },
          {
            "id": "msg_i1Oit3HU5jCFzP3D0nGy9KDw",
            "object": "thread.message",
            "created_at": 1753202442,
            "assistant_id": null,
            "thread_id": "thread_Rs2Ia0pZfxDgu5NTMcoLwOAr",
            "run_id": null,
            "role": "user",
            "content": [
              {
                "type": "text",
                "text": {
                  "value": "foo",
                  "annotations": []
                }
              }
            ],
            "attachments": [],
            "metadata": {}
          }
        ],
        "first_id": "msg_8HtOeftAIPSOzWtPp76VA933",
        "last_id": "msg_i1Oit3HU5jCFzP3D0nGy9KDw",
        "has_more": false
      }
    },
    {
      "RequestUri": "https://westus.api.azureml.ms/agents/v1.0/subscriptions/b17253fa-f327-42d6-9686-f3e553e24763/resourceGroups/nirovins-rg-eastus/providers/Microsoft.MachineLearningServices/workspaces/nirovins-westus/threads/thread_Rs2Ia0pZfxDgu5NTMcoLwOAr/messages?api-version=2025-05-15-preview&limit=2&order=asc&after=msg_i1Oit3HU5jCFzP3D0nGy9KDw",
      "RequestMethod": "GET",
      "RequestHeaders": {
        "Accept": "application/json",
        "Authorization": "Sanitized",
        "User-Agent": "azsdk-net-AI.Agents.Persistent/1.1.0-alpha.20250721.1 (.NET 8.0.18; Microsoft Windows 10.0.26100)",
        "x-ms-client-request-id": "Sanitized",
        "x-ms-return-client-request-id": "true"
      },
      "RequestBody": null,
      "StatusCode": 200,
      "ResponseHeaders": {
        "apim-request-id": "31f1ef71-8617-42ed-9e17-14ec48054a7e",
        "azureml-served-by-cluster": "vienna-westus-01",
        "Connection": "keep-alive",
        "Content-Length": "1067",
        "Content-Type": "application/json",
        "Date": "Tue, 22 Jul 2025 16:40:45 GMT",
        "openai-organization": "20ba836fffc34ede8203166d666c74ef",
        "openai-processing-ms": "86",
        "openai-version": "2020-10-01",
        "Request-Context": "appId=cid-v1:2d2e8e63-272e-4b3c-8598-4ee570a0e70d",
        "Strict-Transport-Security": "max-age=31536000; includeSubDomains; preload",
        "Vary": "Accept-Encoding",
        "X-Content-Type-Options": "nosniff",
        "x-ms-middleware-request-id": "c78459f9-d3ae-48ea-a27b-11527fa9fbd1",
        "x-ms-region": "West US",
        "x-ms-response-type": "standard",
        "X-Request-ID": "78c32757667ddb6158d5a6954108c914",
        "x-request-time": "0.292"
      },
      "ResponseBody": {
        "object": "list",
        "data": [
          {
            "id": "msg_K1GersEPVWYgJEYnlnUt4kCj",
            "object": "thread.message",
            "created_at": 1753202442,
            "assistant_id": null,
            "thread_id": "thread_Rs2Ia0pZfxDgu5NTMcoLwOAr",
            "run_id": null,
            "role": "user",
            "content": [
              {
                "type": "text",
                "text": {
                  "value": "foo",
                  "annotations": []
                }
              }
            ],
            "attachments": [],
            "metadata": {}
          },
          {
            "id": "msg_JUIbL4TgCdzxXKNac6mTzXHt",
            "object": "thread.message",
            "created_at": 1753202443,
            "assistant_id": null,
            "thread_id": "thread_Rs2Ia0pZfxDgu5NTMcoLwOAr",
            "run_id": null,
            "role": "user",
            "content": [
              {
                "type": "text",
                "text": {
                  "value": "foo",
                  "annotations": []
                }
              }
            ],
            "attachments": [],
            "metadata": {}
          }
        ],
        "first_id": "msg_K1GersEPVWYgJEYnlnUt4kCj",
        "last_id": "msg_JUIbL4TgCdzxXKNac6mTzXHt",
        "has_more": true
      }
    },
    {
      "RequestUri": "https://westus.api.azureml.ms/agents/v1.0/subscriptions/b17253fa-f327-42d6-9686-f3e553e24763/resourceGroups/nirovins-rg-eastus/providers/Microsoft.MachineLearningServices/workspaces/nirovins-westus/threads/thread_Rs2Ia0pZfxDgu5NTMcoLwOAr/messages?api-version=2025-05-15-preview&limit=2&order=asc&after=msg_JUIbL4TgCdzxXKNac6mTzXHt",
      "RequestMethod": "GET",
      "RequestHeaders": {
        "Accept": "application/json",
        "Authorization": "Sanitized",
        "User-Agent": "azsdk-net-AI.Agents.Persistent/1.1.0-alpha.20250721.1 (.NET 8.0.18; Microsoft Windows 10.0.26100)",
        "x-ms-client-request-id": "Sanitized",
        "x-ms-return-client-request-id": "true"
      },
      "RequestBody": null,
      "StatusCode": 200,
      "ResponseHeaders": {
        "apim-request-id": "a1ad32b4-0c8b-49db-9e96-4cdd5a2b806a",
        "azureml-served-by-cluster": "vienna-westus-01",
        "Connection": "keep-alive",
        "Content-Length": "1067",
        "Content-Type": "application/json",
        "Date": "Tue, 22 Jul 2025 16:40:45 GMT",
        "openai-organization": "20ba836fffc34ede8203166d666c74ef",
        "openai-processing-ms": "84",
        "openai-version": "2020-10-01",
        "Request-Context": "appId=cid-v1:2d2e8e63-272e-4b3c-8598-4ee570a0e70d",
        "Strict-Transport-Security": "max-age=31536000; includeSubDomains; preload",
        "Vary": "Accept-Encoding",
        "X-Content-Type-Options": "nosniff",
        "x-ms-middleware-request-id": "59a8cdd6-0dfe-4108-95d6-478b345f41b8",
        "x-ms-region": "West US",
        "x-ms-response-type": "standard",
        "X-Request-ID": "080a51afc32a736c3f3d76857a5ad07f",
        "x-request-time": "0.332"
      },
      "ResponseBody": {
        "object": "list",
        "data": [
          {
            "id": "msg_0KQeUGLlQq6skylzHP549IH1",
            "object": "thread.message",
            "created_at": 1753202443,
            "assistant_id": null,
            "thread_id": "thread_Rs2Ia0pZfxDgu5NTMcoLwOAr",
            "run_id": null,
            "role": "user",
            "content": [
              {
                "type": "text",
                "text": {
                  "value": "foo",
                  "annotations": []
                }
              }
            ],
            "attachments": [],
            "metadata": {}
          },
          {
            "id": "msg_JDP8keqwHKcXvc5t5bb5R8TC",
            "object": "thread.message",
            "created_at": 1753202443,
            "assistant_id": null,
            "thread_id": "thread_Rs2Ia0pZfxDgu5NTMcoLwOAr",
            "run_id": null,
            "role": "user",
            "content": [
              {
                "type": "text",
                "text": {
                  "value": "foo",
                  "annotations": []
                }
              }
            ],
            "attachments": [],
            "metadata": {}
          }
        ],
        "first_id": "msg_0KQeUGLlQq6skylzHP549IH1",
        "last_id": "msg_JDP8keqwHKcXvc5t5bb5R8TC",
        "has_more": true
      }
    },
    {
      "RequestUri": "https://westus.api.azureml.ms/agents/v1.0/subscriptions/b17253fa-f327-42d6-9686-f3e553e24763/resourceGroups/nirovins-rg-eastus/providers/Microsoft.MachineLearningServices/workspaces/nirovins-westus/threads/thread_Rs2Ia0pZfxDgu5NTMcoLwOAr/messages?api-version=2025-05-15-preview&limit=2&order=asc&after=msg_JDP8keqwHKcXvc5t5bb5R8TC",
      "RequestMethod": "GET",
      "RequestHeaders": {
        "Accept": "application/json",
        "Authorization": "Sanitized",
        "User-Agent": "azsdk-net-AI.Agents.Persistent/1.1.0-alpha.20250721.1 (.NET 8.0.18; Microsoft Windows 10.0.26100)",
        "x-ms-client-request-id": "Sanitized",
        "x-ms-return-client-request-id": "true"
      },
      "RequestBody": null,
      "StatusCode": 200,
      "ResponseHeaders": {
        "apim-request-id": "a18a17d6-c132-4139-b380-b6b130ce51d5",
        "azureml-served-by-cluster": "vienna-westus-01",
        "Connection": "keep-alive",
        "Content-Length": "609",
        "Content-Type": "application/json",
        "Date": "Tue, 22 Jul 2025 16:40:46 GMT",
        "openai-organization": "20ba836fffc34ede8203166d666c74ef",
        "openai-processing-ms": "80",
        "openai-version": "2020-10-01",
        "Request-Context": "appId=cid-v1:2d2e8e63-272e-4b3c-8598-4ee570a0e70d",
        "Strict-Transport-Security": "max-age=31536000; includeSubDomains; preload",
        "Vary": "Accept-Encoding",
        "X-Content-Type-Options": "nosniff",
        "x-ms-middleware-request-id": "27605d80-fa82-46ae-9f92-926fc65305c7",
        "x-ms-region": "West US",
        "x-ms-response-type": "standard",
        "X-Request-ID": "353516cb2dda96dd008bdf92c7979bca",
        "x-request-time": "0.290"
      },
      "ResponseBody": {
        "object": "list",
        "data": [
          {
            "id": "msg_p1FH7rehoi496uyJxZ2SdW5P",
            "object": "thread.message",
            "created_at": 1753202444,
            "assistant_id": null,
            "thread_id": "thread_Rs2Ia0pZfxDgu5NTMcoLwOAr",
            "run_id": null,
            "role": "user",
            "content": [
              {
                "type": "text",
                "text": {
                  "value": "foo",
                  "annotations": []
                }
              }
            ],
            "attachments": [],
            "metadata": {}
          }
        ],
        "first_id": "msg_p1FH7rehoi496uyJxZ2SdW5P",
        "last_id": "msg_p1FH7rehoi496uyJxZ2SdW5P",
        "has_more": false
      }
    }
  ],
  "Variables": {
    "PROJECT_CONNECTION_STRING": "westus.api.azureml.ms;b17253fa-f327-42d6-9686-f3e553e24763;nirovins-rg-eastus;nirovins-westus",
    "PROJECT_ENDPOINT": "westus.api.azureml.ms;b17253fa-f327-42d6-9686-f3e553e24763;nirovins-rg-eastus;nirovins-westus",
    "RandomSeed": "729101700"
  }
}
