{
  "Entries": [
    {
      "RequestUri": "https://westus.api.azureml.ms/agents/v1.0/subscriptions/b17253fa-f327-42d6-9686-f3e553e24763/resourceGroups/nirovins-rg-eastus/providers/Microsoft.MachineLearningServices/workspaces/nirovins-westus/assistants?api-version=v1",
      "RequestMethod": "POST",
      "RequestHeaders": {
        "Accept": "application/json",
        "Authorization": "Sanitized",
        "Content-Length": "86",
        "Content-Type": "application/json",
        "User-Agent": "azsdk-net-AI.Agents.Persistent/1.0.0-alpha.20250502.1 (.NET 8.0.15; Microsoft Windows 10.0.26100)",
        "x-ms-client-request-id": "Sanitized",
        "x-ms-return-client-request-id": "true"
      },
      "RequestBody": {
        "model": "gpt-4",
        "name": "cs_e2e_tests_client",
        "instructions": "You are helpful agent."
      },
      "StatusCode": 200,
      "ResponseHeaders": {
        "apim-request-id": "26d4a3b1-919f-4a80-a889-8e222d721273",
        "azureml-served-by-cluster": "vienna-westus-01",
        "Connection": "keep-alive",
        "Content-Length": "340",
        "Content-Type": "application/json",
        "Date": "Fri, 02 May 2025 21:52:48 GMT",
        "openai-organization": "20ba836fffc34ede8203166d666c74ef",
        "openai-processing-ms": "21",
        "openai-version": "2020-10-01",
        "Request-Context": "appId=cid-v1:2d2e8e63-272e-4b3c-8598-4ee570a0e70d",
        "Strict-Transport-Security": "max-age=31536000; includeSubDomains; preload",
        "Vary": "Accept-Encoding",
        "X-Content-Type-Options": "nosniff",
        "x-ms-middleware-request-id": "26d4a3b1-919f-4a80-a889-8e222d721273",
        "x-ms-region": "West US",
        "x-ms-response-type": "standard",
        "X-Request-ID": "ba3cea8f419f9925ae17899abbe356f5",
        "x-request-time": "0.268"
      },
      "ResponseBody": {
        "id": "asst_AflDwDCZc2jxujXFEo6N9uZe",
        "object": "assistant",
        "created_at": 1746222768,
        "name": "cs_e2e_tests_client",
        "description": null,
        "model": "gpt-4",
        "instructions": "You are helpful agent.",
        "tools": [],
        "top_p": 1.0,
        "temperature": 1.0,
        "tool_resources": {},
        "metadata": {},
        "response_format": "auto"
      }
    },
    {
      "RequestUri": "https://westus.api.azureml.ms/agents/v1.0/subscriptions/b17253fa-f327-42d6-9686-f3e553e24763/resourceGroups/nirovins-rg-eastus/providers/Microsoft.MachineLearningServices/workspaces/nirovins-westus/threads?api-version=v1",
      "RequestMethod": "POST",
      "RequestHeaders": {
        "Accept": "application/json",
        "Authorization": "Sanitized",
        "Content-Length": "2",
        "Content-Type": "application/json",
        "User-Agent": "azsdk-net-AI.Agents.Persistent/1.0.0-alpha.20250502.1 (.NET 8.0.15; Microsoft Windows 10.0.26100)",
        "x-ms-client-request-id": "Sanitized",
        "x-ms-return-client-request-id": "true"
      },
      "RequestBody": {},
      "StatusCode": 200,
      "ResponseHeaders": {
        "apim-request-id": "bac06596-59c8-4dbe-98e2-ae9789d9c014",
        "azureml-served-by-cluster": "vienna-westus-01",
        "Connection": "keep-alive",
        "Content-Length": "137",
        "Content-Type": "application/json",
        "Date": "Fri, 02 May 2025 21:52:48 GMT",
        "openai-organization": "20ba836fffc34ede8203166d666c74ef",
        "openai-processing-ms": "72",
        "openai-version": "2020-10-01",
        "Request-Context": "appId=cid-v1:2d2e8e63-272e-4b3c-8598-4ee570a0e70d",
        "Strict-Transport-Security": "max-age=31536000; includeSubDomains; preload",
        "X-Content-Type-Options": "nosniff",
        "x-ms-middleware-request-id": "08ab745b-22d4-4829-97b0-ff8ef29df85b",
        "x-ms-region": "West US",
        "x-ms-response-type": "standard",
        "X-Request-ID": "06bf479669a8443947be855579d02ff1",
        "x-request-time": "0.313"
      },
      "ResponseBody": {
        "id": "thread_nMSlzSUUsOaKkA6YBGotcbAp",
        "object": "thread",
        "created_at": 1746222768,
        "metadata": {},
        "tool_resources": {}
      }
    },
    {
      "RequestUri": "https://westus.api.azureml.ms/agents/v1.0/subscriptions/b17253fa-f327-42d6-9686-f3e553e24763/resourceGroups/nirovins-rg-eastus/providers/Microsoft.MachineLearningServices/workspaces/nirovins-westus/threads/thread_nMSlzSUUsOaKkA6YBGotcbAp/messages?api-version=v1",
      "RequestMethod": "POST",
      "RequestHeaders": {
        "Accept": "application/json",
        "Authorization": "Sanitized",
        "Content-Length": "49",
        "Content-Type": "application/json",
        "User-Agent": "azsdk-net-AI.Agents.Persistent/1.0.0-alpha.20250502.1 (.NET 8.0.15; Microsoft Windows 10.0.26100)",
        "x-ms-client-request-id": "Sanitized",
        "x-ms-return-client-request-id": "true"
      },
      "RequestBody": {
        "role": "user",
        "content": "Hello, tell me a joke"
      },
      "StatusCode": 200,
      "ResponseHeaders": {
        "apim-request-id": "c9a6a000-54aa-4e25-bc9a-2eb45a494b1e",
        "azureml-served-by-cluster": "vienna-westus-01",
        "Connection": "keep-alive",
        "Content-Length": "395",
        "Content-Type": "application/json",
        "Date": "Fri, 02 May 2025 21:52:48 GMT",
        "openai-organization": "20ba836fffc34ede8203166d666c74ef",
        "openai-processing-ms": "110",
        "openai-version": "2020-10-01",
        "Request-Context": "appId=cid-v1:2d2e8e63-272e-4b3c-8598-4ee570a0e70d",
        "Strict-Transport-Security": "max-age=31536000; includeSubDomains; preload",
        "Vary": "Accept-Encoding",
        "X-Content-Type-Options": "nosniff",
        "x-ms-middleware-request-id": "62b09c4f-d59a-422f-92fc-b5cf8a96798c",
        "x-ms-region": "West US",
        "x-ms-response-type": "standard",
        "X-Request-ID": "773e896ee76c58e70bc9d53e5d5e28a2",
        "x-request-time": "0.351"
      },
      "ResponseBody": {
        "id": "msg_j0eoAwYiR2q1nc7quYu52NPl",
        "object": "thread.message",
        "created_at": 1746222768,
        "assistant_id": null,
        "thread_id": "thread_nMSlzSUUsOaKkA6YBGotcbAp",
        "run_id": null,
        "role": "user",
        "content": [
          {
            "type": "text",
            "text": {
              "value": "Hello, tell me a joke",
              "annotations": []
            }
          }
        ],
        "attachments": [],
        "metadata": {}
      }
    },
    {
      "RequestUri": "https://westus.api.azureml.ms/agents/v1.0/subscriptions/b17253fa-f327-42d6-9686-f3e553e24763/resourceGroups/nirovins-rg-eastus/providers/Microsoft.MachineLearningServices/workspaces/nirovins-westus/threads/thread_nMSlzSUUsOaKkA6YBGotcbAp/runs?api-version=v1",
      "RequestMethod": "POST",
      "RequestHeaders": {
        "Accept": "application/json",
        "Authorization": "Sanitized",
        "Content-Length": "48",
        "Content-Type": "application/json",
        "User-Agent": "azsdk-net-AI.Agents.Persistent/1.0.0-alpha.20250502.1 (.NET 8.0.15; Microsoft Windows 10.0.26100)",
        "x-ms-client-request-id": "Sanitized",
        "x-ms-return-client-request-id": "true"
      },
      "RequestBody": {
        "assistant_id": "asst_AflDwDCZc2jxujXFEo6N9uZe"
      },
      "StatusCode": 200,
      "ResponseHeaders": {
        "apim-request-id": "141a2f46-6c64-4287-b9d3-1e513a7fa54d",
        "azureml-served-by-cluster": "vienna-westus-01",
        "Connection": "keep-alive",
        "Content-Length": "818",
        "Content-Type": "application/json",
        "Date": "Fri, 02 May 2025 21:52:49 GMT",
        "openai-organization": "20ba836fffc34ede8203166d666c74ef",
        "openai-processing-ms": "135",
        "openai-version": "2020-10-01",
        "Request-Context": "appId=cid-v1:2d2e8e63-272e-4b3c-8598-4ee570a0e70d",
        "Strict-Transport-Security": "max-age=31536000; includeSubDomains; preload",
        "Vary": "Accept-Encoding",
        "X-Content-Type-Options": "nosniff",
        "x-ms-middleware-request-id": "06faa4e7-bb6d-48b0-9ea1-0e5a8001a4b0",
        "x-ms-region": "West US",
        "x-ms-response-type": "standard",
        "X-Request-ID": "a807481df837e080711ee0edc2ff3078",
        "x-request-time": "0.412"
      },
      "ResponseBody": {
        "id": "run_25L0JTU1lV5892FGghKPZQCB",
        "object": "thread.run",
        "created_at": 1746222769,
        "assistant_id": "asst_AflDwDCZc2jxujXFEo6N9uZe",
        "thread_id": "thread_nMSlzSUUsOaKkA6YBGotcbAp",
        "status": "queued",
        "started_at": null,
        "expires_at": 1746223369,
        "cancelled_at": null,
        "failed_at": null,
        "completed_at": null,
        "required_action": null,
        "last_error": null,
        "model": "gpt-4",
        "instructions": "You are helpful agent.",
        "tools": [],
        "tool_resources": {},
        "metadata": {},
        "temperature": 1.0,
        "top_p": 1.0,
        "max_completion_tokens": null,
        "max_prompt_tokens": null,
        "truncation_strategy": {
          "type": "auto",
          "last_messages": null
        },
        "incomplete_details": null,
        "usage": null,
        "response_format": "auto",
        "tool_choice": "auto",
        "parallel_tool_calls": true
      }
    },
    {
      "RequestUri": "https://westus.api.azureml.ms/agents/v1.0/subscriptions/b17253fa-f327-42d6-9686-f3e553e24763/resourceGroups/nirovins-rg-eastus/providers/Microsoft.MachineLearningServices/workspaces/nirovins-westus/threads/thread_nMSlzSUUsOaKkA6YBGotcbAp/runs/run_25L0JTU1lV5892FGghKPZQCB?api-version=v1",
      "RequestMethod": "GET",
      "RequestHeaders": {
        "Accept": "application/json",
        "Authorization": "Sanitized",
        "User-Agent": "azsdk-net-AI.Agents.Persistent/1.0.0-alpha.20250502.1 (.NET 8.0.15; Microsoft Windows 10.0.26100)",
        "x-ms-client-request-id": "Sanitized",
        "x-ms-return-client-request-id": "true"
      },
      "RequestBody": null,
      "StatusCode": 200,
      "ResponseHeaders": {
        "apim-request-id": "9f8a0ca8-270b-4e57-8242-3c3bac3d0120",
        "azureml-served-by-cluster": "vienna-westus-01",
        "Connection": "keep-alive",
        "Content-Length": "829",
        "Content-Type": "application/json",
        "Date": "Fri, 02 May 2025 21:52:50 GMT",
        "openai-organization": "20ba836fffc34ede8203166d666c74ef",
        "openai-processing-ms": "51",
        "openai-version": "2020-10-01",
        "Request-Context": "appId=cid-v1:2d2e8e63-272e-4b3c-8598-4ee570a0e70d",
        "Strict-Transport-Security": "max-age=31536000; includeSubDomains; preload",
        "Vary": "Accept-Encoding",
        "X-Content-Type-Options": "nosniff",
        "x-ms-middleware-request-id": "4eeabc8e-4faf-4b91-bf31-802c8021f4a1",
        "x-ms-region": "West US",
        "x-ms-response-type": "standard",
        "X-Request-ID": "b83d23325cfb95986d3a159bdeb96e8f",
        "x-request-time": "0.308"
      },
      "ResponseBody": {
        "id": "run_25L0JTU1lV5892FGghKPZQCB",
        "object": "thread.run",
        "created_at": 1746222769,
        "assistant_id": "asst_AflDwDCZc2jxujXFEo6N9uZe",
        "thread_id": "thread_nMSlzSUUsOaKkA6YBGotcbAp",
        "status": "in_progress",
        "started_at": 1746222769,
        "expires_at": 1746223369,
        "cancelled_at": null,
        "failed_at": null,
        "completed_at": null,
        "required_action": null,
        "last_error": null,
        "model": "gpt-4",
        "instructions": "You are helpful agent.",
        "tools": [],
        "tool_resources": {},
        "metadata": {},
        "temperature": 1.0,
        "top_p": 1.0,
        "max_completion_tokens": null,
        "max_prompt_tokens": null,
        "truncation_strategy": {
          "type": "auto",
          "last_messages": null
        },
        "incomplete_details": null,
        "usage": null,
        "response_format": "auto",
        "tool_choice": "auto",
        "parallel_tool_calls": true
      }
    },
    {
      "RequestUri": "https://westus.api.azureml.ms/agents/v1.0/subscriptions/b17253fa-f327-42d6-9686-f3e553e24763/resourceGroups/nirovins-rg-eastus/providers/Microsoft.MachineLearningServices/workspaces/nirovins-westus/threads/thread_nMSlzSUUsOaKkA6YBGotcbAp/runs/run_25L0JTU1lV5892FGghKPZQCB?api-version=v1",
      "RequestMethod": "GET",
      "RequestHeaders": {
        "Accept": "application/json",
        "Authorization": "Sanitized",
        "User-Agent": "azsdk-net-AI.Agents.Persistent/1.0.0-alpha.20250502.1 (.NET 8.0.15; Microsoft Windows 10.0.26100)",
        "x-ms-client-request-id": "Sanitized",
        "x-ms-return-client-request-id": "true"
      },
      "RequestBody": null,
      "StatusCode": 200,
      "ResponseHeaders": {
        "apim-request-id": "4a7d9202-e38f-46b1-a233-041fa28aece7",
        "azureml-served-by-cluster": "vienna-westus-01",
        "Connection": "keep-alive",
        "Content-Length": "967",
        "Content-Type": "application/json",
        "Date": "Fri, 02 May 2025 21:52:50 GMT",
        "openai-organization": "20ba836fffc34ede8203166d666c74ef",
        "openai-processing-ms": "39",
        "openai-version": "2020-10-01",
        "Request-Context": "appId=cid-v1:2d2e8e63-272e-4b3c-8598-4ee570a0e70d",
        "Strict-Transport-Security": "max-age=31536000; includeSubDomains; preload",
        "Vary": "Accept-Encoding",
        "X-Content-Type-Options": "nosniff",
        "x-ms-middleware-request-id": "8d310522-5844-40c4-b9a4-99842582afb4",
        "x-ms-region": "West US",
        "x-ms-response-type": "standard",
        "X-Request-ID": "d8ab5e0b80677468279255521c6e82cb",
        "x-request-time": "0.281"
      },
      "ResponseBody": {
        "id": "run_25L0JTU1lV5892FGghKPZQCB",
        "object": "thread.run",
        "created_at": 1746222769,
        "assistant_id": "asst_AflDwDCZc2jxujXFEo6N9uZe",
        "thread_id": "thread_nMSlzSUUsOaKkA6YBGotcbAp",
        "status": "completed",
        "started_at": 1746222769,
        "expires_at": null,
        "cancelled_at": null,
        "failed_at": null,
        "completed_at": 1746222770,
        "required_action": null,
        "last_error": null,
        "model": "gpt-4",
        "instructions": "You are helpful agent.",
        "tools": [],
        "tool_resources": {},
        "metadata": {},
        "temperature": 1.0,
        "top_p": 1.0,
        "max_completion_tokens": null,
        "max_prompt_tokens": null,
        "truncation_strategy": {
          "type": "auto",
          "last_messages": null
        },
        "incomplete_details": null,
        "usage": {
          "prompt_tokens": 30,
          "completion_tokens": 25,
          "total_tokens": 55,
          "prompt_token_details": {
            "cached_tokens": 0
          }
        },
        "response_format": "auto",
        "tool_choice": "auto",
        "parallel_tool_calls": true
      }
    },
    {
      "RequestUri": "https://westus.api.azureml.ms/agents/v1.0/subscriptions/b17253fa-f327-42d6-9686-f3e553e24763/resourceGroups/nirovins-rg-eastus/providers/Microsoft.MachineLearningServices/workspaces/nirovins-westus/threads/thread_nMSlzSUUsOaKkA6YBGotcbAp/runs/run_25L0JTU1lV5892FGghKPZQCB?api-version=v1",
      "RequestMethod": "POST",
      "RequestHeaders": {
        "Accept": "application/json",
        "Authorization": "Sanitized",
        "Content-Length": "46",
        "Content-Type": "application/json",
        "User-Agent": "azsdk-net-AI.Agents.Persistent/1.0.0-alpha.20250502.1 (.NET 8.0.15; Microsoft Windows 10.0.26100)",
        "x-ms-client-request-id": "Sanitized",
        "x-ms-return-client-request-id": "true"
      },
      "RequestBody": {
        "metadata": {
          "key1": "value1",
          "key2": "value2"
        }
      },
      "StatusCode": 200,
      "ResponseHeaders": {
        "apim-request-id": "8712080e-ee61-4488-8cf2-cebb7239650a",
        "azureml-served-by-cluster": "vienna-westus-01",
        "Connection": "keep-alive",
        "Content-Length": "1013",
        "Content-Type": "application/json",
        "Date": "Fri, 02 May 2025 21:52:51 GMT",
        "openai-organization": "20ba836fffc34ede8203166d666c74ef",
        "openai-processing-ms": "89",
        "openai-version": "2020-10-01",
        "Request-Context": "appId=cid-v1:2d2e8e63-272e-4b3c-8598-4ee570a0e70d",
        "Strict-Transport-Security": "max-age=31536000; includeSubDomains; preload",
        "Vary": "Accept-Encoding",
        "X-Content-Type-Options": "nosniff",
        "x-ms-middleware-request-id": "5f5c6b1c-e3ff-4425-87b3-3012b00f7f45",
        "x-ms-region": "West US",
        "x-ms-response-type": "standard",
        "X-Request-ID": "d3943a30deebed0185fca4eebf12eda2",
        "x-request-time": "0.420"
      },
      "ResponseBody": {
        "id": "run_25L0JTU1lV5892FGghKPZQCB",
        "object": "thread.run",
        "created_at": 1746222769,
        "assistant_id": "asst_AflDwDCZc2jxujXFEo6N9uZe",
        "thread_id": "thread_nMSlzSUUsOaKkA6YBGotcbAp",
        "status": "completed",
        "started_at": 1746222769,
        "expires_at": null,
        "cancelled_at": null,
        "failed_at": null,
        "completed_at": 1746222770,
        "required_action": null,
        "last_error": null,
        "model": "gpt-4",
        "instructions": "You are helpful agent.",
        "tools": [],
        "tool_resources": {},
        "metadata": {
          "key1": "value1",
          "key2": "value2"
        },
        "temperature": 1.0,
        "top_p": 1.0,
        "max_completion_tokens": null,
        "max_prompt_tokens": null,
        "truncation_strategy": {
          "type": "auto",
          "last_messages": null
        },
        "incomplete_details": null,
        "usage": {
          "prompt_tokens": 30,
          "completion_tokens": 25,
          "total_tokens": 55,
          "prompt_token_details": {
            "cached_tokens": 0
          }
        },
        "response_format": "auto",
        "tool_choice": "auto",
        "parallel_tool_calls": true
      }
    },
    {
      "RequestUri": "https://westus.api.azureml.ms/agents/v1.0/subscriptions/b17253fa-f327-42d6-9686-f3e553e24763/resourceGroups/nirovins-rg-eastus/providers/Microsoft.MachineLearningServices/workspaces/nirovins-westus/threads/thread_nMSlzSUUsOaKkA6YBGotcbAp/runs/run_25L0JTU1lV5892FGghKPZQCB?api-version=v1",
      "RequestMethod": "GET",
      "RequestHeaders": {
        "Accept": "application/json",
        "Authorization": "Sanitized",
        "User-Agent": "azsdk-net-AI.Agents.Persistent/1.0.0-alpha.20250502.1 (.NET 8.0.15; Microsoft Windows 10.0.26100)",
        "x-ms-client-request-id": "Sanitized",
        "x-ms-return-client-request-id": "true"
      },
      "RequestBody": null,
      "StatusCode": 200,
      "ResponseHeaders": {
        "apim-request-id": "750be1eb-0c08-40df-9df0-c07f759aa1c3",
        "azureml-served-by-cluster": "vienna-westus-01",
        "Connection": "keep-alive",
        "Content-Length": "1013",
        "Content-Type": "application/json",
        "Date": "Fri, 02 May 2025 21:52:51 GMT",
        "openai-organization": "20ba836fffc34ede8203166d666c74ef",
        "openai-processing-ms": "45",
        "openai-version": "2020-10-01",
        "Request-Context": "appId=cid-v1:2d2e8e63-272e-4b3c-8598-4ee570a0e70d",
        "Strict-Transport-Security": "max-age=31536000; includeSubDomains; preload",
        "Vary": "Accept-Encoding",
        "X-Content-Type-Options": "nosniff",
        "x-ms-middleware-request-id": "fb312721-dfd1-4b0b-be7a-365770f79872",
        "x-ms-region": "West US",
        "x-ms-response-type": "standard",
        "X-Request-ID": "db231c06df96cfd6cc1664a3838fa1a1",
        "x-request-time": "0.283"
      },
      "ResponseBody": {
        "id": "run_25L0JTU1lV5892FGghKPZQCB",
        "object": "thread.run",
        "created_at": 1746222769,
        "assistant_id": "asst_AflDwDCZc2jxujXFEo6N9uZe",
        "thread_id": "thread_nMSlzSUUsOaKkA6YBGotcbAp",
        "status": "completed",
        "started_at": 1746222769,
        "expires_at": null,
        "cancelled_at": null,
        "failed_at": null,
        "completed_at": 1746222770,
        "required_action": null,
        "last_error": null,
        "model": "gpt-4",
        "instructions": "You are helpful agent.",
        "tools": [],
        "tool_resources": {},
        "metadata": {
          "key1": "value1",
          "key2": "value2"
        },
        "temperature": 1.0,
        "top_p": 1.0,
        "max_completion_tokens": null,
        "max_prompt_tokens": null,
        "truncation_strategy": {
          "type": "auto",
          "last_messages": null
        },
        "incomplete_details": null,
        "usage": {
          "prompt_tokens": 30,
          "completion_tokens": 25,
          "total_tokens": 55,
          "prompt_token_details": {
            "cached_tokens": 0
          }
        },
        "response_format": "auto",
        "tool_choice": "auto",
        "parallel_tool_calls": true
      }
    }
  ],
  "Variables": {
    "PROJECT_CONNECTION_STRING": "westus.api.azureml.ms;b17253fa-f327-42d6-9686-f3e553e24763;nirovins-rg-eastus;nirovins-westus",
    "PROJECT_ENDPOINT": "westus.api.azureml.ms;b17253fa-f327-42d6-9686-f3e553e24763;nirovins-rg-eastus;nirovins-westus",
    "RandomSeed": "937822170"
  }
}
