{
  "Entries": [
    {
      "RequestUri": "https://westus.api.azureml.ms/agents/v1.0/subscriptions/b17253fa-f327-42d6-9686-f3e553e24763/resourceGroups/nirovins-rg-eastus/providers/Microsoft.MachineLearningServices/workspaces/nirovins-westus/vector_stores?api-version=2025-05-15-preview",
      "RequestMethod": "POST",
      "RequestHeaders": {
        "Accept": "application/json",
        "Authorization": "Sanitized",
        "Content-Length": "33",
        "Content-Type": "application/json",
        "User-Agent": "azsdk-net-AI.Agents.Persistent/1.1.0-alpha.20250520.1 (.NET 8.0.16; Microsoft Windows 10.0.26100)",
        "x-ms-client-request-id": "Sanitized",
        "x-ms-return-client-request-id": "true"
      },
      "RequestBody": {
        "name": "cs_e2e_tests_vct_store"
      },
      "StatusCode": 200,
      "ResponseHeaders": {
        "apim-request-id": "8ec7b5aa-0e24-4885-bb94-7b83a08bc226",
        "azureml-served-by-cluster": "vienna-westus-01",
        "Connection": "keep-alive",
        "Content-Length": "393",
        "Content-Type": "application/json",
        "Date": "Tue, 20 May 2025 20:20:06 GMT",
        "openai-organization": "20ba836fffc34ede8203166d666c74ef",
        "openai-processing-ms": "839",
        "openai-version": "2020-10-01",
        "Request-Context": "appId=cid-v1:2d2e8e63-272e-4b3c-8598-4ee570a0e70d",
        "Strict-Transport-Security": "max-age=31536000; includeSubDomains; preload",
        "Vary": "Accept-Encoding",
        "X-Content-Type-Options": "nosniff",
        "x-ms-middleware-request-id": "7465b501-55cc-4d6a-ad46-d28c2407ba1e",
        "x-ms-region": "West US",
        "x-ms-response-type": "standard",
        "X-Request-ID": "2dc9db64f1c86776305ab9c2e3baff2b",
        "x-request-time": "1.155"
      },
      "ResponseBody": {
        "id": "vs_dNDLCA0QybykhpuyqXUGv0Xs",
        "object": "vector_store",
        "name": "cs_e2e_tests_vct_store",
        "status": "completed",
        "usage_bytes": 0,
        "created_at": 1747772406,
        "file_counts": {
          "in_progress": 0,
          "completed": 0,
          "failed": 0,
          "cancelled": 0,
          "total": 0
        },
        "metadata": {},
        "expires_after": null,
        "expires_at": null,
        "last_active_at": 1747772406
      }
    },
    {
      "RequestUri": "https://westus.api.azureml.ms/agents/v1.0/subscriptions/b17253fa-f327-42d6-9686-f3e553e24763/resourceGroups/nirovins-rg-eastus/providers/Microsoft.MachineLearningServices/workspaces/nirovins-westus/vector_stores/vs_dNDLCA0QybykhpuyqXUGv0Xs/files?api-version=2025-05-15-preview",
      "RequestMethod": "POST",
      "RequestHeaders": {
        "Accept": "application/json",
        "Authorization": "Sanitized",
        "Content-Length": "265",
        "Content-Type": "application/json",
        "User-Agent": "azsdk-net-AI.Agents.Persistent/1.1.0-alpha.20250520.1 (.NET 8.0.16; Microsoft Windows 10.0.26100)",
        "x-ms-client-request-id": "Sanitized",
        "x-ms-return-client-request-id": "true"
      },
      "RequestBody": {
        "data_source": {
          "uri": "azureml://subscriptions/b17253fa-f327-42d6-9686-f3e553e24763/resourcegroups/nirovins-rg-eastus/workspaces/nirovins-westus/datastores/workspaceblobstore/paths/LocalUpload/99ccdcf221d468b60f565d5708f6ce1d/product_info_1.md",
          "type": "uri_asset"
        }
      },
      "StatusCode": 200,
      "ResponseHeaders": {
        "apim-request-id": "73b150d3-2470-46b7-83e2-4e6fe7fc5cad",
        "azureml-served-by-cluster": "vienna-westus-01",
        "Connection": "keep-alive",
        "Content-Length": "372",
        "Content-Type": "application/json",
        "Date": "Tue, 20 May 2025 20:20:11 GMT",
        "openai-organization": "20ba836fffc34ede8203166d666c74ef",
        "openai-processing-ms": "4443",
        "openai-version": "2020-10-01",
        "Request-Context": "appId=cid-v1:2d2e8e63-272e-4b3c-8598-4ee570a0e70d",
        "Strict-Transport-Security": "max-age=31536000; includeSubDomains; preload",
        "Vary": "Accept-Encoding",
        "X-Content-Type-Options": "nosniff",
        "x-ms-middleware-request-id": "34940531-6da9-49ab-88f5-d264f833933b",
        "x-ms-region": "West US",
        "x-ms-response-type": "standard",
        "X-Request-ID": "5645c015b027c1b7bcf5d718e67bf480",
        "x-request-time": "4.834"
      },
      "ResponseBody": {
        "id": "assistant-1yvW9MBSSnVgUrUea37cTy",
        "object": "vector_store.file",
        "usage_bytes": 0,
        "created_at": 1747772411,
        "vector_store_id": "vs_dNDLCA0QybykhpuyqXUGv0Xs",
        "status": "in_progress",
        "last_error": null,
        "chunking_strategy": {
          "type": "static",
          "static": {
            "max_chunk_size_tokens": 800,
            "chunk_overlap_tokens": 400
          }
        }
      }
    },
    {
      "RequestUri": "https://westus.api.azureml.ms/agents/v1.0/subscriptions/b17253fa-f327-42d6-9686-f3e553e24763/resourceGroups/nirovins-rg-eastus/providers/Microsoft.MachineLearningServices/workspaces/nirovins-westus/assistants?api-version=2025-05-15-preview",
      "RequestMethod": "POST",
      "RequestHeaders": {
        "Accept": "application/json",
        "Authorization": "Sanitized",
        "Content-Length": "265",
        "Content-Type": "application/json",
        "User-Agent": "azsdk-net-AI.Agents.Persistent/1.1.0-alpha.20250520.1 (.NET 8.0.16; Microsoft Windows 10.0.26100)",
        "x-ms-client-request-id": "Sanitized",
        "x-ms-return-client-request-id": "true"
      },
      "RequestBody": {
        "model": "gpt-4",
        "name": "SDK Test Agent - Retrieval",
        "instructions": "You are a helpful agent that can help fetch data from files you know about.",
        "tools": [
          {
            "type": "file_search"
          }
        ],
        "tool_resources": {
          "file_search": {
            "vector_store_ids": [
              "vs_dNDLCA0QybykhpuyqXUGv0Xs"
            ]
          }
        }
      },
      "StatusCode": 200,
      "ResponseHeaders": {
        "apim-request-id": "b343bec4-c347-45e6-914b-26fd1e42ecd3",
        "azureml-served-by-cluster": "vienna-westus-01",
        "Connection": "keep-alive",
        "Content-Length": "547",
        "Content-Type": "application/json",
        "Date": "Tue, 20 May 2025 20:20:11 GMT",
        "openai-organization": "20ba836fffc34ede8203166d666c74ef",
        "openai-processing-ms": "129",
        "openai-version": "2020-10-01",
        "Request-Context": "appId=cid-v1:2d2e8e63-272e-4b3c-8598-4ee570a0e70d",
        "Strict-Transport-Security": "max-age=31536000; includeSubDomains; preload",
        "Vary": "Accept-Encoding",
        "X-Content-Type-Options": "nosniff",
        "x-ms-middleware-request-id": "b343bec4-c347-45e6-914b-26fd1e42ecd3",
        "x-ms-region": "West US",
        "x-ms-response-type": "standard",
        "X-Request-ID": "2a44d37b3406da8f52b51a7d33838bef",
        "x-request-time": "0.395"
      },
      "ResponseBody": {
        "id": "asst_vHgZvJVduHX0dAG5sp1COj0Y",
        "object": "assistant",
        "created_at": 1747772411,
        "name": "SDK Test Agent - Retrieval",
        "description": null,
        "model": "gpt-4",
        "instructions": "You are a helpful agent that can help fetch data from files you know about.",
        "tools": [
          {
            "type": "file_search"
          }
        ],
        "top_p": 1.0,
        "temperature": 1.0,
        "tool_resources": {
          "file_search": {
            "vector_store_ids": [
              "vs_dNDLCA0QybykhpuyqXUGv0Xs"
            ]
          }
        },
        "metadata": {},
        "response_format": "auto"
      }
    },
    {
      "RequestUri": "https://westus.api.azureml.ms/agents/v1.0/subscriptions/b17253fa-f327-42d6-9686-f3e553e24763/resourceGroups/nirovins-rg-eastus/providers/Microsoft.MachineLearningServices/workspaces/nirovins-westus/threads/runs?api-version=2025-05-15-preview",
      "RequestMethod": "POST",
      "RequestHeaders": {
        "Accept": "application/json",
        "Authorization": "Sanitized",
        "Content-Length": "130",
        "Content-Type": "application/json",
        "User-Agent": "azsdk-net-AI.Agents.Persistent/1.1.0-alpha.20250520.1 (.NET 8.0.16; Microsoft Windows 10.0.26100)",
        "x-ms-client-request-id": "Sanitized",
        "x-ms-return-client-request-id": "true"
      },
      "RequestBody": {
        "assistant_id": "asst_vHgZvJVduHX0dAG5sp1COj0Y",
        "thread": {
          "messages": [
            {
              "role": "user",
              "content": "What does the attachment say?"
            }
          ]
        }
      },
      "StatusCode": 200,
      "ResponseHeaders": {
        "apim-request-id": "9084955d-2874-44a8-8502-766483c94e7b",
        "azureml-served-by-cluster": "vienna-westus-01",
        "Connection": "keep-alive",
        "Content-Length": "914",
        "Content-Type": "application/json",
        "Date": "Tue, 20 May 2025 20:20:12 GMT",
        "openai-organization": "20ba836fffc34ede8203166d666c74ef",
        "openai-processing-ms": "322",
        "openai-version": "2020-10-01",
        "Request-Context": "appId=cid-v1:2d2e8e63-272e-4b3c-8598-4ee570a0e70d",
        "Strict-Transport-Security": "max-age=31536000; includeSubDomains; preload",
        "Vary": "Accept-Encoding",
        "X-Content-Type-Options": "nosniff",
        "x-ms-middleware-request-id": "0683e0a4-c950-4ac5-88d9-cb74d2461115",
        "x-ms-region": "West US",
        "x-ms-response-type": "standard",
        "X-Request-ID": "d5ec0f55b48dbe4d2a31d27c107e8ec7",
        "x-request-time": "0.949"
      },
      "ResponseBody": {
        "id": "run_e6vF7gDJjcsadQt1Vf5tcZtp",
        "object": "thread.run",
        "created_at": 1747772412,
        "assistant_id": "asst_vHgZvJVduHX0dAG5sp1COj0Y",
        "thread_id": "thread_jatMdFcYEJrXG5Az1km8We6p",
        "status": "queued",
        "started_at": null,
        "expires_at": 1747773012,
        "cancelled_at": null,
        "failed_at": null,
        "completed_at": null,
        "required_action": null,
        "last_error": null,
        "model": "gpt-4",
        "instructions": "You are a helpful agent that can help fetch data from files you know about.",
        "tools": [
          {
            "type": "file_search"
          }
        ],
        "tool_resources": {},
        "metadata": {},
        "temperature": 1.0,
        "top_p": 1.0,
        "max_completion_tokens": null,
        "max_prompt_tokens": null,
        "truncation_strategy": {
          "type": "auto",
          "last_messages": null
        },
        "incomplete_details": null,
        "usage": null,
        "response_format": "auto",
        "tool_choice": "auto",
        "parallel_tool_calls": true
      }
    },
    {
      "RequestUri": "https://westus.api.azureml.ms/agents/v1.0/subscriptions/b17253fa-f327-42d6-9686-f3e553e24763/resourceGroups/nirovins-rg-eastus/providers/Microsoft.MachineLearningServices/workspaces/nirovins-westus/threads/thread_jatMdFcYEJrXG5Az1km8We6p/runs/run_e6vF7gDJjcsadQt1Vf5tcZtp?api-version=2025-05-15-preview",
      "RequestMethod": "GET",
      "RequestHeaders": {
        "Accept": "application/json",
        "Authorization": "Sanitized",
        "User-Agent": "azsdk-net-AI.Agents.Persistent/1.1.0-alpha.20250520.1 (.NET 8.0.16; Microsoft Windows 10.0.26100)",
        "x-ms-client-request-id": "Sanitized",
        "x-ms-return-client-request-id": "true"
      },
      "RequestBody": null,
      "StatusCode": 200,
      "ResponseHeaders": {
        "apim-request-id": "6a960370-04fe-435f-a4b3-135b7ad68bd1",
        "azureml-served-by-cluster": "vienna-westus-01",
        "Connection": "keep-alive",
        "Content-Length": "925",
        "Content-Type": "application/json",
        "Date": "Tue, 20 May 2025 20:20:13 GMT",
        "openai-organization": "20ba836fffc34ede8203166d666c74ef",
        "openai-processing-ms": "114",
        "openai-version": "2020-10-01",
        "Request-Context": "appId=cid-v1:2d2e8e63-272e-4b3c-8598-4ee570a0e70d",
        "Strict-Transport-Security": "max-age=31536000; includeSubDomains; preload",
        "Vary": "Accept-Encoding",
        "X-Content-Type-Options": "nosniff",
        "x-ms-middleware-request-id": "f0cb6e9e-0139-4d9f-951c-ae22cb8c0c97",
        "x-ms-region": "West US",
        "x-ms-response-type": "standard",
        "X-Request-ID": "9ab8b5d2d022790e3c35abfcb6060a19",
        "x-request-time": "0.314"
      },
      "ResponseBody": {
        "id": "run_e6vF7gDJjcsadQt1Vf5tcZtp",
        "object": "thread.run",
        "created_at": 1747772412,
        "assistant_id": "asst_vHgZvJVduHX0dAG5sp1COj0Y",
        "thread_id": "thread_jatMdFcYEJrXG5Az1km8We6p",
        "status": "in_progress",
        "started_at": 1747772413,
        "expires_at": 1747773012,
        "cancelled_at": null,
        "failed_at": null,
        "completed_at": null,
        "required_action": null,
        "last_error": null,
        "model": "gpt-4",
        "instructions": "You are a helpful agent that can help fetch data from files you know about.",
        "tools": [
          {
            "type": "file_search"
          }
        ],
        "tool_resources": {},
        "metadata": {},
        "temperature": 1.0,
        "top_p": 1.0,
        "max_completion_tokens": null,
        "max_prompt_tokens": null,
        "truncation_strategy": {
          "type": "auto",
          "last_messages": null
        },
        "incomplete_details": null,
        "usage": null,
        "response_format": "auto",
        "tool_choice": "auto",
        "parallel_tool_calls": true
      }
    },
    {
      "RequestUri": "https://westus.api.azureml.ms/agents/v1.0/subscriptions/b17253fa-f327-42d6-9686-f3e553e24763/resourceGroups/nirovins-rg-eastus/providers/Microsoft.MachineLearningServices/workspaces/nirovins-westus/threads/thread_jatMdFcYEJrXG5Az1km8We6p/runs/run_e6vF7gDJjcsadQt1Vf5tcZtp?api-version=2025-05-15-preview",
      "RequestMethod": "GET",
      "RequestHeaders": {
        "Accept": "application/json",
        "Authorization": "Sanitized",
        "User-Agent": "azsdk-net-AI.Agents.Persistent/1.1.0-alpha.20250520.1 (.NET 8.0.16; Microsoft Windows 10.0.26100)",
        "x-ms-client-request-id": "Sanitized",
        "x-ms-return-client-request-id": "true"
      },
      "RequestBody": null,
      "StatusCode": 200,
      "ResponseHeaders": {
        "apim-request-id": "cab3c027-8e31-404b-a399-c8ea37f93974",
        "azureml-served-by-cluster": "vienna-westus-01",
        "Connection": "keep-alive",
        "Content-Length": "925",
        "Content-Type": "application/json",
        "Date": "Tue, 20 May 2025 20:20:14 GMT",
        "openai-organization": "20ba836fffc34ede8203166d666c74ef",
        "openai-processing-ms": "111",
        "openai-version": "2020-10-01",
        "Request-Context": "appId=cid-v1:2d2e8e63-272e-4b3c-8598-4ee570a0e70d",
        "Strict-Transport-Security": "max-age=31536000; includeSubDomains; preload",
        "Vary": "Accept-Encoding",
        "X-Content-Type-Options": "nosniff",
        "x-ms-middleware-request-id": "5ac856c0-32d8-46ef-a265-46631d41861c",
        "x-ms-region": "West US",
        "x-ms-response-type": "standard",
        "X-Request-ID": "47fa1bfc2917ae0e907735f5ef96aaac",
        "x-request-time": "0.303"
      },
      "ResponseBody": {
        "id": "run_e6vF7gDJjcsadQt1Vf5tcZtp",
        "object": "thread.run",
        "created_at": 1747772412,
        "assistant_id": "asst_vHgZvJVduHX0dAG5sp1COj0Y",
        "thread_id": "thread_jatMdFcYEJrXG5Az1km8We6p",
        "status": "in_progress",
        "started_at": 1747772413,
        "expires_at": 1747773012,
        "cancelled_at": null,
        "failed_at": null,
        "completed_at": null,
        "required_action": null,
        "last_error": null,
        "model": "gpt-4",
        "instructions": "You are a helpful agent that can help fetch data from files you know about.",
        "tools": [
          {
            "type": "file_search"
          }
        ],
        "tool_resources": {},
        "metadata": {},
        "temperature": 1.0,
        "top_p": 1.0,
        "max_completion_tokens": null,
        "max_prompt_tokens": null,
        "truncation_strategy": {
          "type": "auto",
          "last_messages": null
        },
        "incomplete_details": null,
        "usage": null,
        "response_format": "auto",
        "tool_choice": "auto",
        "parallel_tool_calls": true
      }
    },
    {
      "RequestUri": "https://westus.api.azureml.ms/agents/v1.0/subscriptions/b17253fa-f327-42d6-9686-f3e553e24763/resourceGroups/nirovins-rg-eastus/providers/Microsoft.MachineLearningServices/workspaces/nirovins-westus/threads/thread_jatMdFcYEJrXG5Az1km8We6p/runs/run_e6vF7gDJjcsadQt1Vf5tcZtp?api-version=2025-05-15-preview",
      "RequestMethod": "GET",
      "RequestHeaders": {
        "Accept": "application/json",
        "Authorization": "Sanitized",
        "User-Agent": "azsdk-net-AI.Agents.Persistent/1.1.0-alpha.20250520.1 (.NET 8.0.16; Microsoft Windows 10.0.26100)",
        "x-ms-client-request-id": "Sanitized",
        "x-ms-return-client-request-id": "true"
      },
      "RequestBody": null,
      "StatusCode": 200,
      "ResponseHeaders": {
        "apim-request-id": "b90ff95b-3f05-4b0c-8da2-7067d4d31d3e",
        "azureml-served-by-cluster": "vienna-westus-01",
        "Connection": "keep-alive",
        "Content-Length": "925",
        "Content-Type": "application/json",
        "Date": "Tue, 20 May 2025 20:20:15 GMT",
        "openai-organization": "20ba836fffc34ede8203166d666c74ef",
        "openai-processing-ms": "125",
        "openai-version": "2020-10-01",
        "Request-Context": "appId=cid-v1:2d2e8e63-272e-4b3c-8598-4ee570a0e70d",
        "Strict-Transport-Security": "max-age=31536000; includeSubDomains; preload",
        "Vary": "Accept-Encoding",
        "X-Content-Type-Options": "nosniff",
        "x-ms-middleware-request-id": "403f8e7d-cdb0-4a17-bf2a-4f9cf0db2b22",
        "x-ms-region": "West US",
        "x-ms-response-type": "standard",
        "X-Request-ID": "b7edc4f9906d83c973db742750afe41e",
        "x-request-time": "0.365"
      },
      "ResponseBody": {
        "id": "run_e6vF7gDJjcsadQt1Vf5tcZtp",
        "object": "thread.run",
        "created_at": 1747772412,
        "assistant_id": "asst_vHgZvJVduHX0dAG5sp1COj0Y",
        "thread_id": "thread_jatMdFcYEJrXG5Az1km8We6p",
        "status": "in_progress",
        "started_at": 1747772413,
        "expires_at": 1747773012,
        "cancelled_at": null,
        "failed_at": null,
        "completed_at": null,
        "required_action": null,
        "last_error": null,
        "model": "gpt-4",
        "instructions": "You are a helpful agent that can help fetch data from files you know about.",
        "tools": [
          {
            "type": "file_search"
          }
        ],
        "tool_resources": {},
        "metadata": {},
        "temperature": 1.0,
        "top_p": 1.0,
        "max_completion_tokens": null,
        "max_prompt_tokens": null,
        "truncation_strategy": {
          "type": "auto",
          "last_messages": null
        },
        "incomplete_details": null,
        "usage": null,
        "response_format": "auto",
        "tool_choice": "auto",
        "parallel_tool_calls": true
      }
    },
    {
      "RequestUri": "https://westus.api.azureml.ms/agents/v1.0/subscriptions/b17253fa-f327-42d6-9686-f3e553e24763/resourceGroups/nirovins-rg-eastus/providers/Microsoft.MachineLearningServices/workspaces/nirovins-westus/threads/thread_jatMdFcYEJrXG5Az1km8We6p/runs/run_e6vF7gDJjcsadQt1Vf5tcZtp?api-version=2025-05-15-preview",
      "RequestMethod": "GET",
      "RequestHeaders": {
        "Accept": "application/json",
        "Authorization": "Sanitized",
        "User-Agent": "azsdk-net-AI.Agents.Persistent/1.1.0-alpha.20250520.1 (.NET 8.0.16; Microsoft Windows 10.0.26100)",
        "x-ms-client-request-id": "Sanitized",
        "x-ms-return-client-request-id": "true"
      },
      "RequestBody": null,
      "StatusCode": 200,
      "ResponseHeaders": {
        "apim-request-id": "83532493-4cb5-4293-a712-a0e0129acc75",
        "azureml-served-by-cluster": "vienna-westus-01",
        "Connection": "keep-alive",
        "Content-Length": "925",
        "Content-Type": "application/json",
        "Date": "Tue, 20 May 2025 20:20:16 GMT",
        "openai-organization": "20ba836fffc34ede8203166d666c74ef",
        "openai-processing-ms": "40",
        "openai-version": "2020-10-01",
        "Request-Context": "appId=cid-v1:2d2e8e63-272e-4b3c-8598-4ee570a0e70d",
        "Strict-Transport-Security": "max-age=31536000; includeSubDomains; preload",
        "Vary": "Accept-Encoding",
        "X-Content-Type-Options": "nosniff",
        "x-ms-middleware-request-id": "89561b29-f5ba-4d72-969a-271689aad1bf",
        "x-ms-region": "West US",
        "x-ms-response-type": "standard",
        "X-Request-ID": "17bf1001ad24b65095bfa4872b7f48b4",
        "x-request-time": "0.247"
      },
      "ResponseBody": {
        "id": "run_e6vF7gDJjcsadQt1Vf5tcZtp",
        "object": "thread.run",
        "created_at": 1747772412,
        "assistant_id": "asst_vHgZvJVduHX0dAG5sp1COj0Y",
        "thread_id": "thread_jatMdFcYEJrXG5Az1km8We6p",
        "status": "in_progress",
        "started_at": 1747772413,
        "expires_at": 1747773012,
        "cancelled_at": null,
        "failed_at": null,
        "completed_at": null,
        "required_action": null,
        "last_error": null,
        "model": "gpt-4",
        "instructions": "You are a helpful agent that can help fetch data from files you know about.",
        "tools": [
          {
            "type": "file_search"
          }
        ],
        "tool_resources": {},
        "metadata": {},
        "temperature": 1.0,
        "top_p": 1.0,
        "max_completion_tokens": null,
        "max_prompt_tokens": null,
        "truncation_strategy": {
          "type": "auto",
          "last_messages": null
        },
        "incomplete_details": null,
        "usage": null,
        "response_format": "auto",
        "tool_choice": "auto",
        "parallel_tool_calls": true
      }
    },
    {
      "RequestUri": "https://westus.api.azureml.ms/agents/v1.0/subscriptions/b17253fa-f327-42d6-9686-f3e553e24763/resourceGroups/nirovins-rg-eastus/providers/Microsoft.MachineLearningServices/workspaces/nirovins-westus/threads/thread_jatMdFcYEJrXG5Az1km8We6p/runs/run_e6vF7gDJjcsadQt1Vf5tcZtp?api-version=2025-05-15-preview",
      "RequestMethod": "GET",
      "RequestHeaders": {
        "Accept": "application/json",
        "Authorization": "Sanitized",
        "User-Agent": "azsdk-net-AI.Agents.Persistent/1.1.0-alpha.20250520.1 (.NET 8.0.16; Microsoft Windows 10.0.26100)",
        "x-ms-client-request-id": "Sanitized",
        "x-ms-return-client-request-id": "true"
      },
      "RequestBody": null,
      "StatusCode": 200,
      "ResponseHeaders": {
        "apim-request-id": "129eed14-60c5-4aed-9a9b-ca9da3bfb617",
        "azureml-served-by-cluster": "vienna-westus-01",
        "Connection": "keep-alive",
        "Content-Length": "1065",
        "Content-Type": "application/json",
        "Date": "Tue, 20 May 2025 20:20:16 GMT",
        "openai-organization": "20ba836fffc34ede8203166d666c74ef",
        "openai-processing-ms": "68",
        "openai-version": "2020-10-01",
        "Request-Context": "appId=cid-v1:2d2e8e63-272e-4b3c-8598-4ee570a0e70d",
        "Strict-Transport-Security": "max-age=31536000; includeSubDomains; preload",
        "Vary": "Accept-Encoding",
        "X-Content-Type-Options": "nosniff",
        "x-ms-middleware-request-id": "318d4ae7-5872-47c5-aadd-93bf0b9d443b",
        "x-ms-region": "West US",
        "x-ms-response-type": "standard",
        "X-Request-ID": "f3086ba6515361afad88356862f3f598",
        "x-request-time": "0.261"
      },
      "ResponseBody": {
        "id": "run_e6vF7gDJjcsadQt1Vf5tcZtp",
        "object": "thread.run",
        "created_at": 1747772412,
        "assistant_id": "asst_vHgZvJVduHX0dAG5sp1COj0Y",
        "thread_id": "thread_jatMdFcYEJrXG5Az1km8We6p",
        "status": "completed",
        "started_at": 1747772413,
        "expires_at": null,
        "cancelled_at": null,
        "failed_at": null,
        "completed_at": 1747772416,
        "required_action": null,
        "last_error": null,
        "model": "gpt-4",
        "instructions": "You are a helpful agent that can help fetch data from files you know about.",
        "tools": [
          {
            "type": "file_search"
          }
        ],
        "tool_resources": {},
        "metadata": {},
        "temperature": 1.0,
        "top_p": 1.0,
        "max_completion_tokens": null,
        "max_prompt_tokens": null,
        "truncation_strategy": {
          "type": "auto",
          "last_messages": null
        },
        "incomplete_details": null,
        "usage": {
          "prompt_tokens": 646,
          "completion_tokens": 47,
          "total_tokens": 693,
          "prompt_token_details": {
            "cached_tokens": 0
          }
        },
        "response_format": "auto",
        "tool_choice": "auto",
        "parallel_tool_calls": true
      }
    },
    {
      "RequestUri": "https://westus.api.azureml.ms/agents/v1.0/subscriptions/b17253fa-f327-42d6-9686-f3e553e24763/resourceGroups/nirovins-rg-eastus/providers/Microsoft.MachineLearningServices/workspaces/nirovins-westus/threads/thread_jatMdFcYEJrXG5Az1km8We6p/messages?run_id=run_e6vF7gDJjcsadQt1Vf5tcZtp&api-version=2025-05-15-preview",
      "RequestMethod": "GET",
      "RequestHeaders": {
        "Accept": "application/json",
        "Authorization": "Sanitized",
        "User-Agent": "azsdk-net-AI.Agents.Persistent/1.1.0-alpha.20250520.1 (.NET 8.0.16; Microsoft Windows 10.0.26100)",
        "x-ms-client-request-id": "Sanitized",
        "x-ms-return-client-request-id": "true"
      },
      "RequestBody": null,
      "StatusCode": 200,
      "ResponseHeaders": {
        "apim-request-id": "14f83484-5643-4a9a-8c6e-b042cf960f1f",
        "azureml-served-by-cluster": "vienna-westus-01",
        "Connection": "keep-alive",
        "Content-Length": "905",
        "Content-Type": "application/json",
        "Date": "Tue, 20 May 2025 20:20:17 GMT",
        "openai-organization": "20ba836fffc34ede8203166d666c74ef",
        "openai-processing-ms": "74",
        "openai-version": "2020-10-01",
        "Request-Context": "appId=cid-v1:2d2e8e63-272e-4b3c-8598-4ee570a0e70d",
        "Strict-Transport-Security": "max-age=31536000; includeSubDomains; preload",
        "Vary": "Accept-Encoding",
        "X-Content-Type-Options": "nosniff",
        "x-ms-middleware-request-id": "e8eccdf9-9ed4-4887-bb00-3f9623b85d9a",
        "x-ms-region": "West US",
        "x-ms-response-type": "standard",
        "X-Request-ID": "fb84602f789f1fe55a9575ee5c51d4cb",
        "x-request-time": "0.288"
      },
      "ResponseBody": {
        "object": "list",
        "data": [
          {
            "id": "msg_FuGNpDRHronV9vIscgh7TMWR",
            "object": "thread.message",
            "created_at": 1747772414,
            "assistant_id": "asst_vHgZvJVduHX0dAG5sp1COj0Y",
            "thread_id": "thread_jatMdFcYEJrXG5Az1km8We6p",
            "run_id": "run_e6vF7gDJjcsadQt1Vf5tcZtp",
            "role": "assistant",
            "content": [
              {
                "type": "text",
                "text": {
                  "value": "Currently, I don't have any information about the attachment's content. Please provide me with more specific questions or keywords related to what you are looking for, and I will help you to find the relevant information from the attachment.",
                  "annotations": []
                }
              }
            ],
            "attachments": [],
            "metadata": {}
          }
        ],
        "first_id": "msg_FuGNpDRHronV9vIscgh7TMWR",
        "last_id": "msg_FuGNpDRHronV9vIscgh7TMWR",
        "has_more": false
      }
    },
    {
      "RequestUri": "https://westus.api.azureml.ms/agents/v1.0/subscriptions/b17253fa-f327-42d6-9686-f3e553e24763/resourceGroups/nirovins-rg-eastus/providers/Microsoft.MachineLearningServices/workspaces/nirovins-westus/vector_stores/vs_dNDLCA0QybykhpuyqXUGv0Xs?api-version=2025-05-15-preview",
      "RequestMethod": "GET",
      "RequestHeaders": {
        "Accept": "application/json",
        "Authorization": "Sanitized",
        "User-Agent": "azsdk-net-AI.Agents.Persistent/1.1.0-alpha.20250520.1 (.NET 8.0.16; Microsoft Windows 10.0.26100)",
        "x-ms-client-request-id": "Sanitized",
        "x-ms-return-client-request-id": "true"
      },
      "RequestBody": null,
      "StatusCode": 200,
      "ResponseHeaders": {
        "apim-request-id": "61ef48f8-a8ac-4c07-93a8-4d8ef7289756",
        "azureml-served-by-cluster": "vienna-westus-01",
        "Connection": "keep-alive",
        "Content-Length": "396",
        "Content-Type": "application/json",
        "Date": "Tue, 20 May 2025 20:20:17 GMT",
        "openai-organization": "20ba836fffc34ede8203166d666c74ef",
        "openai-processing-ms": "75",
        "openai-version": "2020-10-01",
        "Request-Context": "appId=cid-v1:2d2e8e63-272e-4b3c-8598-4ee570a0e70d",
        "Strict-Transport-Security": "max-age=31536000; includeSubDomains; preload",
        "Vary": "Accept-Encoding",
        "X-Content-Type-Options": "nosniff",
        "x-ms-middleware-request-id": "2c5662ef-db75-413c-8e1a-2cefe340bb63",
        "x-ms-region": "West US",
        "x-ms-response-type": "standard",
        "X-Request-ID": "1bf7e715b0ae11d4a96ca8874af71746",
        "x-request-time": "0.319"
      },
      "ResponseBody": {
        "id": "vs_dNDLCA0QybykhpuyqXUGv0Xs",
        "object": "vector_store",
        "name": "cs_e2e_tests_vct_store",
        "status": "completed",
        "usage_bytes": 2237,
        "created_at": 1747772406,
        "file_counts": {
          "in_progress": 0,
          "completed": 1,
          "failed": 0,
          "cancelled": 0,
          "total": 1
        },
        "metadata": {},
        "expires_after": null,
        "expires_at": null,
        "last_active_at": 1747772413
      }
    },
    {
      "RequestUri": "https://westus.api.azureml.ms/agents/v1.0/subscriptions/b17253fa-f327-42d6-9686-f3e553e24763/resourceGroups/nirovins-rg-eastus/providers/Microsoft.MachineLearningServices/workspaces/nirovins-westus/vector_stores?api-version=2025-05-15-preview&limit=100",
      "RequestMethod": "GET",
      "RequestHeaders": {
        "Accept": "application/json",
        "Authorization": "Sanitized",
        "User-Agent": "azsdk-net-AI.Agents.Persistent/1.1.0-alpha.20250520.1 (.NET 8.0.16; Microsoft Windows 10.0.26100)",
        "x-ms-client-request-id": "Sanitized",
        "x-ms-return-client-request-id": "true"
      },
      "RequestBody": null,
      "StatusCode": 200,
      "ResponseHeaders": {
        "apim-request-id": "6644250c-3d5d-474c-9bbb-d38eb705ac76",
        "azureml-served-by-cluster": "vienna-westus-01",
        "Connection": "keep-alive",
        "Content-Length": "14078",
        "Content-Type": "application/json",
        "Date": "Tue, 20 May 2025 20:20:18 GMT",
        "openai-organization": "20ba836fffc34ede8203166d666c74ef",
        "openai-processing-ms": "235",
        "openai-version": "2020-10-01",
        "Request-Context": "appId=cid-v1:2d2e8e63-272e-4b3c-8598-4ee570a0e70d",
        "Strict-Transport-Security": "max-age=31536000; includeSubDomains; preload",
        "Vary": "Accept-Encoding",
        "X-Content-Type-Options": "nosniff",
        "x-ms-middleware-request-id": "e284efb6-d129-4c68-8385-1aeaf685a623",
        "x-ms-region": "West US",
        "x-ms-response-type": "standard",
        "X-Request-ID": "b5450ff177c0410244b4e824084bc807",
        "x-request-time": "0.443"
      },
      "ResponseBody": {
        "object": "list",
        "data": [
          {
            "id": "vs_dNDLCA0QybykhpuyqXUGv0Xs",
            "object": "vector_store",
            "name": "cs_e2e_tests_vct_store",
            "status": "completed",
            "usage_bytes": 2237,
            "created_at": 1747772406,
            "file_counts": {
              "in_progress": 0,
              "completed": 1,
              "failed": 0,
              "cancelled": 0,
              "total": 1
            },
            "metadata": {},
            "expires_after": null,
            "expires_at": null,
            "last_active_at": 1747772413
          },
          {
            "id": "vs_kEf3MNIr1l4oZ7xt6MGIfscP",
            "object": "vector_store",
            "name": "sample_vector_store",
            "status": "completed",
            "usage_bytes": 0,
            "created_at": 1747156886,
            "file_counts": {
              "in_progress": 0,
              "completed": 0,
              "failed": 1,
              "cancelled": 0,
              "total": 1
            },
            "metadata": {},
            "expires_after": null,
            "expires_at": null,
            "last_active_at": 1747156890
          },
          {
            "id": "vs_nHKP0pzJcxPvu94Y1fkR9aUm",
            "object": "vector_store",
            "name": "sample_vector_store",
            "status": "completed",
            "usage_bytes": 0,
            "created_at": 1747156818,
            "file_counts": {
              "in_progress": 0,
              "completed": 0,
              "failed": 1,
              "cancelled": 0,
              "total": 1
            },
            "metadata": {},
            "expires_after": null,
            "expires_at": null,
            "last_active_at": 1747156833
          },
          {
            "id": "vs_Xm9kr9NReFI2Z7JeZ3Zx2JMv",
            "object": "vector_store",
            "name": "sample_vector_store",
            "status": "completed",
            "usage_bytes": 0,
            "created_at": 1747156725,
            "file_counts": {
              "in_progress": 0,
              "completed": 0,
              "failed": 1,
              "cancelled": 0,
              "total": 1
            },
            "metadata": {},
            "expires_after": null,
            "expires_at": null,
            "last_active_at": 1747156730
          },
          {
            "id": "vs_eOzwiZNbVnsuj2W3Jsiw1C7O",
            "object": "vector_store",
            "name": "test_vector_store",
            "status": "completed",
            "usage_bytes": 0,
            "created_at": 1747102907,
            "file_counts": {
              "in_progress": 0,
              "completed": 0,
              "failed": 0,
              "cancelled": 0,
              "total": 0
            },
            "metadata": {
              "key1": "value1",
              "key2": "value2"
            },
            "expires_after": null,
            "expires_at": null,
            "last_active_at": 1747102907
          },
          {
            "id": "vs_zlxhffbjjm75KolpcoVfVp9C",
            "object": "vector_store",
            "name": "test_vector_store",
            "status": "completed",
            "usage_bytes": 0,
            "created_at": 1747102894,
            "file_counts": {
              "in_progress": 0,
              "completed": 0,
              "failed": 0,
              "cancelled": 0,
              "total": 0
            },
            "metadata": {
              "key1": "value1",
              "key2": "value2"
            },
            "expires_after": null,
            "expires_at": null,
            "last_active_at": 1747102894
          },
          {
            "id": "vs_FPEtzXw3W8cUQvv12gu4De1z",
            "object": "vector_store",
            "name": "test_vector_store",
            "status": "completed",
            "usage_bytes": 0,
            "created_at": 1747092876,
            "file_counts": {
              "in_progress": 0,
              "completed": 0,
              "failed": 0,
              "cancelled": 0,
              "total": 0
            },
            "metadata": {
              "key1": "value1",
              "key2": "value2"
            },
            "expires_after": null,
            "expires_at": null,
            "last_active_at": 1747092876
          },
          {
            "id": "vs_7D3irUyIwPCnRydwP2zzsxvO",
            "object": "vector_store",
            "name": "test_vector_store",
            "status": "completed",
            "usage_bytes": 0,
            "created_at": 1747092870,
            "file_counts": {
              "in_progress": 0,
              "completed": 0,
              "failed": 0,
              "cancelled": 0,
              "total": 0
            },
            "metadata": {
              "key1": "value1",
              "key2": "value2"
            },
            "expires_after": null,
            "expires_at": null,
            "last_active_at": 1747092870
          },
          {
            "id": "vs_YTKHqfg62xt9HVEvQu93yLh3",
            "object": "vector_store",
            "name": "test_vector_store",
            "status": "completed",
            "usage_bytes": 0,
            "created_at": 1747088308,
            "file_counts": {
              "in_progress": 0,
              "completed": 0,
              "failed": 0,
              "cancelled": 0,
              "total": 0
            },
            "metadata": {
              "key1": "value1",
              "key2": "value2"
            },
            "expires_after": null,
            "expires_at": null,
            "last_active_at": 1747088308
          },
          {
            "id": "vs_1pvlVkDquFSe9cgJ3dpVH3O7",
            "object": "vector_store",
            "name": "test_vector_store",
            "status": "completed",
            "usage_bytes": 0,
            "created_at": 1747088295,
            "file_counts": {
              "in_progress": 0,
              "completed": 0,
              "failed": 0,
              "cancelled": 0,
              "total": 0
            },
            "metadata": {
              "key1": "value1",
              "key2": "value2"
            },
            "expires_after": null,
            "expires_at": null,
            "last_active_at": 1747088295
          },
          {
            "id": "vs_Xa42f4yqqkLQCdoiHbQxy59o",
            "object": "vector_store",
            "name": "test_vector_store",
            "status": "completed",
            "usage_bytes": 0,
            "created_at": 1747079069,
            "file_counts": {
              "in_progress": 0,
              "completed": 0,
              "failed": 0,
              "cancelled": 0,
              "total": 0
            },
            "metadata": {
              "key1": "value1",
              "key2": "value2"
            },
            "expires_after": null,
            "expires_at": null,
            "last_active_at": 1747079069
          },
          {
            "id": "vs_BNSn3cUsW1RlE87HgnI6Fpfp",
            "object": "vector_store",
            "name": "test_vector_store",
            "status": "completed",
            "usage_bytes": 0,
            "created_at": 1747079058,
            "file_counts": {
              "in_progress": 0,
              "completed": 0,
              "failed": 0,
              "cancelled": 0,
              "total": 0
            },
            "metadata": {
              "key1": "value1",
              "key2": "value2"
            },
            "expires_after": null,
            "expires_at": null,
            "last_active_at": 1747079058
          },
          {
            "id": "vs_cOxOwfxnAHdkPfLbZ2wQnygI",
            "object": "vector_store",
            "name": "test_vector_store",
            "status": "completed",
            "usage_bytes": 0,
            "created_at": 1747077194,
            "file_counts": {
              "in_progress": 0,
              "completed": 0,
              "failed": 0,
              "cancelled": 0,
              "total": 0
            },
            "metadata": {
              "key1": "value1",
              "key2": "value2"
            },
            "expires_after": null,
            "expires_at": null,
            "last_active_at": 1747077194
          },
          {
            "id": "vs_NGWm3VqdOawj20834ePGYerD",
            "object": "vector_store",
            "name": "test_vector_store",
            "status": "completed",
            "usage_bytes": 0,
            "created_at": 1746243166,
            "file_counts": {
              "in_progress": 0,
              "completed": 0,
              "failed": 0,
              "cancelled": 0,
              "total": 0
            },
            "metadata": {
              "key1": "value1",
              "key2": "value2"
            },
            "expires_after": null,
            "expires_at": null,
            "last_active_at": 1746243166
          },
          {
            "id": "vs_Scmm2pH2DM669KAGRKvKK6cY",
            "object": "vector_store",
            "name": "test_vector_store",
            "status": "completed",
            "usage_bytes": 0,
            "created_at": 1746243163,
            "file_counts": {
              "in_progress": 0,
              "completed": 0,
              "failed": 0,
              "cancelled": 0,
              "total": 0
            },
            "metadata": {
              "key1": "value1",
              "key2": "value2"
            },
            "expires_after": null,
            "expires_at": null,
            "last_active_at": 1746243163
          },
          {
            "id": "vs_honqJWh1Qo5fKLolg5oVdUJj",
            "object": "vector_store",
            "name": "test_vector_store",
            "status": "completed",
            "usage_bytes": 0,
            "created_at": 1746139282,
            "file_counts": {
              "in_progress": 0,
              "completed": 0,
              "failed": 0,
              "cancelled": 0,
              "total": 0
            },
            "metadata": {
              "key1": "value1",
              "key2": "value2"
            },
            "expires_after": null,
            "expires_at": null,
            "last_active_at": 1746139282
          },
          {
            "id": "vs_Sz6OyGvH8U64Rzfjhoh4RX6G",
            "object": "vector_store",
            "name": "test_vector_store",
            "status": "completed",
            "usage_bytes": 0,
            "created_at": 1746139279,
            "file_counts": {
              "in_progress": 0,
              "completed": 0,
              "failed": 0,
              "cancelled": 0,
              "total": 0
            },
            "metadata": {
              "key1": "value1",
              "key2": "value2"
            },
            "expires_after": null,
            "expires_at": null,
            "last_active_at": 1746139279
          },
          {
            "id": "vs_hgearb8q12LcTEXEI8lftSjv",
            "object": "vector_store",
            "name": "test_vector_store",
            "status": "completed",
            "usage_bytes": 0,
            "created_at": 1745873150,
            "file_counts": {
              "in_progress": 0,
              "completed": 0,
              "failed": 0,
              "cancelled": 0,
              "total": 0
            },
            "metadata": {
              "key1": "value1",
              "key2": "value2"
            },
            "expires_after": null,
            "expires_at": null,
            "last_active_at": 1745873150
          },
          {
            "id": "vs_ZW2bX3HtxJElwTlSGGe0mrTz",
            "object": "vector_store",
            "name": "test_vector_store",
            "status": "completed",
            "usage_bytes": 0,
            "created_at": 1745873148,
            "file_counts": {
              "in_progress": 0,
              "completed": 0,
              "failed": 0,
              "cancelled": 0,
              "total": 0
            },
            "metadata": {
              "key1": "value1",
              "key2": "value2"
            },
            "expires_after": null,
            "expires_at": null,
            "last_active_at": 1745873148
          },
          {
            "id": "vs_350izrLlTqeanjA5Jn1CJAEF",
            "object": "vector_store",
            "name": "test_vector_store",
            "status": "completed",
            "usage_bytes": 0,
            "created_at": 1745383229,
            "file_counts": {
              "in_progress": 0,
              "completed": 0,
              "failed": 0,
              "cancelled": 0,
              "total": 0
            },
            "metadata": {
              "key1": "value1",
              "key2": "value2"
            },
            "expires_after": null,
            "expires_at": null,
            "last_active_at": 1745383229
          },
          {
            "id": "vs_rB1VONIzdsMR5bHg9YtNQvVo",
            "object": "vector_store",
            "name": "test_vector_store",
            "status": "completed",
            "usage_bytes": 0,
            "created_at": 1745383226,
            "file_counts": {
              "in_progress": 0,
              "completed": 0,
              "failed": 0,
              "cancelled": 0,
              "total": 0
            },
            "metadata": {
              "key1": "value1",
              "key2": "value2"
            },
            "expires_after": null,
            "expires_at": null,
            "last_active_at": 1745383226
          },
          {
            "id": "vs_lf2xsHUo6FSCoADqqc0FNu6p",
            "object": "vector_store",
            "name": "test_vector_store",
            "status": "completed",
            "usage_bytes": 0,
            "created_at": 1744951372,
            "file_counts": {
              "in_progress": 0,
              "completed": 0,
              "failed": 0,
              "cancelled": 0,
              "total": 0
            },
            "metadata": {
              "key1": "value1",
              "key2": "value2"
            },
            "expires_after": null,
            "expires_at": null,
            "last_active_at": 1744951372
          },
          {
            "id": "vs_5ZR0BQHvdyxBylVhhgPmb7ky",
            "object": "vector_store",
            "name": "test_vector_store",
            "status": "completed",
            "usage_bytes": 0,
            "created_at": 1744951370,
            "file_counts": {
              "in_progress": 0,
              "completed": 0,
              "failed": 0,
              "cancelled": 0,
              "total": 0
            },
            "metadata": {
              "key1": "value1",
              "key2": "value2"
            },
            "expires_after": null,
            "expires_at": null,
            "last_active_at": 1744951370
          },
          {
            "id": "vs_cqypkOZnlnnB98sgiAfAPVVo",
            "object": "vector_store",
            "name": "test_vector_store",
            "status": "completed",
            "usage_bytes": 0,
            "created_at": 1739923856,
            "file_counts": {
              "in_progress": 0,
              "completed": 0,
              "failed": 0,
              "cancelled": 0,
              "total": 0
            },
            "metadata": {
              "key1": "value1",
              "key2": "value2"
            },
            "expires_after": null,
            "expires_at": null,
            "last_active_at": 1739923856
          },
          {
            "id": "vs_oG2SuHJNhv1lHYkWfBcMKXM0",
            "object": "vector_store",
            "name": "test_vector_store",
            "status": "completed",
            "usage_bytes": 0,
            "created_at": 1739923852,
            "file_counts": {
              "in_progress": 0,
              "completed": 0,
              "failed": 0,
              "cancelled": 0,
              "total": 0
            },
            "metadata": {
              "key1": "value1",
              "key2": "value2"
            },
            "expires_after": null,
            "expires_at": null,
            "last_active_at": 1739923852
          },
          {
            "id": "vs_AZFQm6ApderM5RK3quwgtzDm",
            "object": "vector_store",
            "name": "test_vector_store",
            "status": "completed",
            "usage_bytes": 0,
            "created_at": 1739923473,
            "file_counts": {
              "in_progress": 0,
              "completed": 0,
              "failed": 0,
              "cancelled": 0,
              "total": 0
            },
            "metadata": {
              "key1": "value1",
              "key2": "value2"
            },
            "expires_after": null,
            "expires_at": null,
            "last_active_at": 1739923473
          },
          {
            "id": "vs_74SugcZS0az8qMeOvbpGfCqY",
            "object": "vector_store",
            "name": "test_vector_store",
            "status": "completed",
            "usage_bytes": 0,
            "created_at": 1739923470,
            "file_counts": {
              "in_progress": 0,
              "completed": 0,
              "failed": 0,
              "cancelled": 0,
              "total": 0
            },
            "metadata": {
              "key1": "value1",
              "key2": "value2"
            },
            "expires_after": null,
            "expires_at": null,
            "last_active_at": 1739923470
          }
        ],
        "first_id": "vs_dNDLCA0QybykhpuyqXUGv0Xs",
        "last_id": "vs_74SugcZS0az8qMeOvbpGfCqY",
        "has_more": false
      }
    },
    {
      "RequestUri": "https://westus.api.azureml.ms/agents/v1.0/subscriptions/b17253fa-f327-42d6-9686-f3e553e24763/resourceGroups/nirovins-rg-eastus/providers/Microsoft.MachineLearningServices/workspaces/nirovins-westus/vector_stores/vs_dNDLCA0QybykhpuyqXUGv0Xs?api-version=2025-05-15-preview",
      "RequestMethod": "DELETE",
      "RequestHeaders": {
        "Accept": "application/json",
        "Authorization": "Sanitized",
        "User-Agent": "azsdk-net-AI.Agents.Persistent/1.1.0-alpha.20250520.1 (.NET 8.0.16; Microsoft Windows 10.0.26100)",
        "x-ms-client-request-id": "Sanitized",
        "x-ms-return-client-request-id": "true"
      },
      "RequestBody": null,
      "StatusCode": 200,
      "ResponseHeaders": {
        "apim-request-id": "cf52b373-ca32-4e75-b180-1c1096303de6",
        "azureml-served-by-cluster": "vienna-westus-01",
        "Connection": "keep-alive",
        "Content-Length": "96",
        "Content-Type": "application/json",
        "Date": "Tue, 20 May 2025 20:20:20 GMT",
        "openai-organization": "20ba836fffc34ede8203166d666c74ef",
        "openai-processing-ms": "2227",
        "openai-version": "2020-10-01",
        "Request-Context": "appId=cid-v1:2d2e8e63-272e-4b3c-8598-4ee570a0e70d",
        "Strict-Transport-Security": "max-age=31536000; includeSubDomains; preload",
        "X-Content-Type-Options": "nosniff",
        "x-ms-middleware-request-id": "c7db4b23-3286-4b73-859c-50b9b3e4e47f",
        "x-ms-region": "West US",
        "x-ms-response-type": "standard",
        "X-Request-ID": "500be137ba51ee97133f0a2c9bb5afb1",
        "x-request-time": "2.444"
      },
      "ResponseBody": {
        "id": "vs_dNDLCA0QybykhpuyqXUGv0Xs",
        "object": "vector_store.deleted",
        "deleted": true
      }
    },
    {
      "RequestUri": "https://westus.api.azureml.ms/agents/v1.0/subscriptions/b17253fa-f327-42d6-9686-f3e553e24763/resourceGroups/nirovins-rg-eastus/providers/Microsoft.MachineLearningServices/workspaces/nirovins-westus/vector_stores?api-version=2025-05-15-preview&limit=100",
      "RequestMethod": "GET",
      "RequestHeaders": {
        "Accept": "application/json",
        "Authorization": "Sanitized",
        "User-Agent": "azsdk-net-AI.Agents.Persistent/1.1.0-alpha.20250520.1 (.NET 8.0.16; Microsoft Windows 10.0.26100)",
        "x-ms-client-request-id": "Sanitized",
        "x-ms-return-client-request-id": "true"
      },
      "RequestBody": null,
      "StatusCode": 200,
      "ResponseHeaders": {
        "apim-request-id": "8c7cf088-8557-4699-80ce-14c84ffa3bdd",
        "azureml-served-by-cluster": "vienna-westus-01",
        "Connection": "keep-alive",
        "Content-Length": "13604",
        "Content-Type": "application/json",
        "Date": "Tue, 20 May 2025 20:20:21 GMT",
        "openai-organization": "20ba836fffc34ede8203166d666c74ef",
        "openai-processing-ms": "201",
        "openai-version": "2020-10-01",
        "Request-Context": "appId=cid-v1:2d2e8e63-272e-4b3c-8598-4ee570a0e70d",
        "Strict-Transport-Security": "max-age=31536000; includeSubDomains; preload",
        "Vary": "Accept-Encoding",
        "X-Content-Type-Options": "nosniff",
        "x-ms-middleware-request-id": "10315283-fc3c-440a-b21a-013b8705b9a9",
        "x-ms-region": "West US",
        "x-ms-response-type": "standard",
        "X-Request-ID": "9d869a4b548b66a3fd1a88c2306ec3c0",
        "x-request-time": "0.406"
      },
      "ResponseBody": {
        "object": "list",
        "data": [
          {
            "id": "vs_kEf3MNIr1l4oZ7xt6MGIfscP",
            "object": "vector_store",
            "name": "sample_vector_store",
            "status": "completed",
            "usage_bytes": 0,
            "created_at": 1747156886,
            "file_counts": {
              "in_progress": 0,
              "completed": 0,
              "failed": 1,
              "cancelled": 0,
              "total": 1
            },
            "metadata": {},
            "expires_after": null,
            "expires_at": null,
            "last_active_at": 1747156890
          },
          {
            "id": "vs_nHKP0pzJcxPvu94Y1fkR9aUm",
            "object": "vector_store",
            "name": "sample_vector_store",
            "status": "completed",
            "usage_bytes": 0,
            "created_at": 1747156818,
            "file_counts": {
              "in_progress": 0,
              "completed": 0,
              "failed": 1,
              "cancelled": 0,
              "total": 1
            },
            "metadata": {},
            "expires_after": null,
            "expires_at": null,
            "last_active_at": 1747156833
          },
          {
            "id": "vs_Xm9kr9NReFI2Z7JeZ3Zx2JMv",
            "object": "vector_store",
            "name": "sample_vector_store",
            "status": "completed",
            "usage_bytes": 0,
            "created_at": 1747156725,
            "file_counts": {
              "in_progress": 0,
              "completed": 0,
              "failed": 1,
              "cancelled": 0,
              "total": 1
            },
            "metadata": {},
            "expires_after": null,
            "expires_at": null,
            "last_active_at": 1747156730
          },
          {
            "id": "vs_eOzwiZNbVnsuj2W3Jsiw1C7O",
            "object": "vector_store",
            "name": "test_vector_store",
            "status": "completed",
            "usage_bytes": 0,
            "created_at": 1747102907,
            "file_counts": {
              "in_progress": 0,
              "completed": 0,
              "failed": 0,
              "cancelled": 0,
              "total": 0
            },
            "metadata": {
              "key1": "value1",
              "key2": "value2"
            },
            "expires_after": null,
            "expires_at": null,
            "last_active_at": 1747102907
          },
          {
            "id": "vs_zlxhffbjjm75KolpcoVfVp9C",
            "object": "vector_store",
            "name": "test_vector_store",
            "status": "completed",
            "usage_bytes": 0,
            "created_at": 1747102894,
            "file_counts": {
              "in_progress": 0,
              "completed": 0,
              "failed": 0,
              "cancelled": 0,
              "total": 0
            },
            "metadata": {
              "key1": "value1",
              "key2": "value2"
            },
            "expires_after": null,
            "expires_at": null,
            "last_active_at": 1747102894
          },
          {
            "id": "vs_FPEtzXw3W8cUQvv12gu4De1z",
            "object": "vector_store",
            "name": "test_vector_store",
            "status": "completed",
            "usage_bytes": 0,
            "created_at": 1747092876,
            "file_counts": {
              "in_progress": 0,
              "completed": 0,
              "failed": 0,
              "cancelled": 0,
              "total": 0
            },
            "metadata": {
              "key1": "value1",
              "key2": "value2"
            },
            "expires_after": null,
            "expires_at": null,
            "last_active_at": 1747092876
          },
          {
            "id": "vs_7D3irUyIwPCnRydwP2zzsxvO",
            "object": "vector_store",
            "name": "test_vector_store",
            "status": "completed",
            "usage_bytes": 0,
            "created_at": 1747092870,
            "file_counts": {
              "in_progress": 0,
              "completed": 0,
              "failed": 0,
              "cancelled": 0,
              "total": 0
            },
            "metadata": {
              "key1": "value1",
              "key2": "value2"
            },
            "expires_after": null,
            "expires_at": null,
            "last_active_at": 1747092870
          },
          {
            "id": "vs_YTKHqfg62xt9HVEvQu93yLh3",
            "object": "vector_store",
            "name": "test_vector_store",
            "status": "completed",
            "usage_bytes": 0,
            "created_at": 1747088308,
            "file_counts": {
              "in_progress": 0,
              "completed": 0,
              "failed": 0,
              "cancelled": 0,
              "total": 0
            },
            "metadata": {
              "key1": "value1",
              "key2": "value2"
            },
            "expires_after": null,
            "expires_at": null,
            "last_active_at": 1747088308
          },
          {
            "id": "vs_1pvlVkDquFSe9cgJ3dpVH3O7",
            "object": "vector_store",
            "name": "test_vector_store",
            "status": "completed",
            "usage_bytes": 0,
            "created_at": 1747088295,
            "file_counts": {
              "in_progress": 0,
              "completed": 0,
              "failed": 0,
              "cancelled": 0,
              "total": 0
            },
            "metadata": {
              "key1": "value1",
              "key2": "value2"
            },
            "expires_after": null,
            "expires_at": null,
            "last_active_at": 1747088295
          },
          {
            "id": "vs_Xa42f4yqqkLQCdoiHbQxy59o",
            "object": "vector_store",
            "name": "test_vector_store",
            "status": "completed",
            "usage_bytes": 0,
            "created_at": 1747079069,
            "file_counts": {
              "in_progress": 0,
              "completed": 0,
              "failed": 0,
              "cancelled": 0,
              "total": 0
            },
            "metadata": {
              "key1": "value1",
              "key2": "value2"
            },
            "expires_after": null,
            "expires_at": null,
            "last_active_at": 1747079069
          },
          {
            "id": "vs_BNSn3cUsW1RlE87HgnI6Fpfp",
            "object": "vector_store",
            "name": "test_vector_store",
            "status": "completed",
            "usage_bytes": 0,
            "created_at": 1747079058,
            "file_counts": {
              "in_progress": 0,
              "completed": 0,
              "failed": 0,
              "cancelled": 0,
              "total": 0
            },
            "metadata": {
              "key1": "value1",
              "key2": "value2"
            },
            "expires_after": null,
            "expires_at": null,
            "last_active_at": 1747079058
          },
          {
            "id": "vs_cOxOwfxnAHdkPfLbZ2wQnygI",
            "object": "vector_store",
            "name": "test_vector_store",
            "status": "completed",
            "usage_bytes": 0,
            "created_at": 1747077194,
            "file_counts": {
              "in_progress": 0,
              "completed": 0,
              "failed": 0,
              "cancelled": 0,
              "total": 0
            },
            "metadata": {
              "key1": "value1",
              "key2": "value2"
            },
            "expires_after": null,
            "expires_at": null,
            "last_active_at": 1747077194
          },
          {
            "id": "vs_NGWm3VqdOawj20834ePGYerD",
            "object": "vector_store",
            "name": "test_vector_store",
            "status": "completed",
            "usage_bytes": 0,
            "created_at": 1746243166,
            "file_counts": {
              "in_progress": 0,
              "completed": 0,
              "failed": 0,
              "cancelled": 0,
              "total": 0
            },
            "metadata": {
              "key1": "value1",
              "key2": "value2"
            },
            "expires_after": null,
            "expires_at": null,
            "last_active_at": 1746243166
          },
          {
            "id": "vs_Scmm2pH2DM669KAGRKvKK6cY",
            "object": "vector_store",
            "name": "test_vector_store",
            "status": "completed",
            "usage_bytes": 0,
            "created_at": 1746243163,
            "file_counts": {
              "in_progress": 0,
              "completed": 0,
              "failed": 0,
              "cancelled": 0,
              "total": 0
            },
            "metadata": {
              "key1": "value1",
              "key2": "value2"
            },
            "expires_after": null,
            "expires_at": null,
            "last_active_at": 1746243163
          },
          {
            "id": "vs_honqJWh1Qo5fKLolg5oVdUJj",
            "object": "vector_store",
            "name": "test_vector_store",
            "status": "completed",
            "usage_bytes": 0,
            "created_at": 1746139282,
            "file_counts": {
              "in_progress": 0,
              "completed": 0,
              "failed": 0,
              "cancelled": 0,
              "total": 0
            },
            "metadata": {
              "key1": "value1",
              "key2": "value2"
            },
            "expires_after": null,
            "expires_at": null,
            "last_active_at": 1746139282
          },
          {
            "id": "vs_Sz6OyGvH8U64Rzfjhoh4RX6G",
            "object": "vector_store",
            "name": "test_vector_store",
            "status": "completed",
            "usage_bytes": 0,
            "created_at": 1746139279,
            "file_counts": {
              "in_progress": 0,
              "completed": 0,
              "failed": 0,
              "cancelled": 0,
              "total": 0
            },
            "metadata": {
              "key1": "value1",
              "key2": "value2"
            },
            "expires_after": null,
            "expires_at": null,
            "last_active_at": 1746139279
          },
          {
            "id": "vs_hgearb8q12LcTEXEI8lftSjv",
            "object": "vector_store",
            "name": "test_vector_store",
            "status": "completed",
            "usage_bytes": 0,
            "created_at": 1745873150,
            "file_counts": {
              "in_progress": 0,
              "completed": 0,
              "failed": 0,
              "cancelled": 0,
              "total": 0
            },
            "metadata": {
              "key1": "value1",
              "key2": "value2"
            },
            "expires_after": null,
            "expires_at": null,
            "last_active_at": 1745873150
          },
          {
            "id": "vs_ZW2bX3HtxJElwTlSGGe0mrTz",
            "object": "vector_store",
            "name": "test_vector_store",
            "status": "completed",
            "usage_bytes": 0,
            "created_at": 1745873148,
            "file_counts": {
              "in_progress": 0,
              "completed": 0,
              "failed": 0,
              "cancelled": 0,
              "total": 0
            },
            "metadata": {
              "key1": "value1",
              "key2": "value2"
            },
            "expires_after": null,
            "expires_at": null,
            "last_active_at": 1745873148
          },
          {
            "id": "vs_350izrLlTqeanjA5Jn1CJAEF",
            "object": "vector_store",
            "name": "test_vector_store",
            "status": "completed",
            "usage_bytes": 0,
            "created_at": 1745383229,
            "file_counts": {
              "in_progress": 0,
              "completed": 0,
              "failed": 0,
              "cancelled": 0,
              "total": 0
            },
            "metadata": {
              "key1": "value1",
              "key2": "value2"
            },
            "expires_after": null,
            "expires_at": null,
            "last_active_at": 1745383229
          },
          {
            "id": "vs_rB1VONIzdsMR5bHg9YtNQvVo",
            "object": "vector_store",
            "name": "test_vector_store",
            "status": "completed",
            "usage_bytes": 0,
            "created_at": 1745383226,
            "file_counts": {
              "in_progress": 0,
              "completed": 0,
              "failed": 0,
              "cancelled": 0,
              "total": 0
            },
            "metadata": {
              "key1": "value1",
              "key2": "value2"
            },
            "expires_after": null,
            "expires_at": null,
            "last_active_at": 1745383226
          },
          {
            "id": "vs_lf2xsHUo6FSCoADqqc0FNu6p",
            "object": "vector_store",
            "name": "test_vector_store",
            "status": "completed",
            "usage_bytes": 0,
            "created_at": 1744951372,
            "file_counts": {
              "in_progress": 0,
              "completed": 0,
              "failed": 0,
              "cancelled": 0,
              "total": 0
            },
            "metadata": {
              "key1": "value1",
              "key2": "value2"
            },
            "expires_after": null,
            "expires_at": null,
            "last_active_at": 1744951372
          },
          {
            "id": "vs_5ZR0BQHvdyxBylVhhgPmb7ky",
            "object": "vector_store",
            "name": "test_vector_store",
            "status": "completed",
            "usage_bytes": 0,
            "created_at": 1744951370,
            "file_counts": {
              "in_progress": 0,
              "completed": 0,
              "failed": 0,
              "cancelled": 0,
              "total": 0
            },
            "metadata": {
              "key1": "value1",
              "key2": "value2"
            },
            "expires_after": null,
            "expires_at": null,
            "last_active_at": 1744951370
          },
          {
            "id": "vs_cqypkOZnlnnB98sgiAfAPVVo",
            "object": "vector_store",
            "name": "test_vector_store",
            "status": "completed",
            "usage_bytes": 0,
            "created_at": 1739923856,
            "file_counts": {
              "in_progress": 0,
              "completed": 0,
              "failed": 0,
              "cancelled": 0,
              "total": 0
            },
            "metadata": {
              "key1": "value1",
              "key2": "value2"
            },
            "expires_after": null,
            "expires_at": null,
            "last_active_at": 1739923856
          },
          {
            "id": "vs_oG2SuHJNhv1lHYkWfBcMKXM0",
            "object": "vector_store",
            "name": "test_vector_store",
            "status": "completed",
            "usage_bytes": 0,
            "created_at": 1739923852,
            "file_counts": {
              "in_progress": 0,
              "completed": 0,
              "failed": 0,
              "cancelled": 0,
              "total": 0
            },
            "metadata": {
              "key1": "value1",
              "key2": "value2"
            },
            "expires_after": null,
            "expires_at": null,
            "last_active_at": 1739923852
          },
          {
            "id": "vs_AZFQm6ApderM5RK3quwgtzDm",
            "object": "vector_store",
            "name": "test_vector_store",
            "status": "completed",
            "usage_bytes": 0,
            "created_at": 1739923473,
            "file_counts": {
              "in_progress": 0,
              "completed": 0,
              "failed": 0,
              "cancelled": 0,
              "total": 0
            },
            "metadata": {
              "key1": "value1",
              "key2": "value2"
            },
            "expires_after": null,
            "expires_at": null,
            "last_active_at": 1739923473
          },
          {
            "id": "vs_74SugcZS0az8qMeOvbpGfCqY",
            "object": "vector_store",
            "name": "test_vector_store",
            "status": "completed",
            "usage_bytes": 0,
            "created_at": 1739923470,
            "file_counts": {
              "in_progress": 0,
              "completed": 0,
              "failed": 0,
              "cancelled": 0,
              "total": 0
            },
            "metadata": {
              "key1": "value1",
              "key2": "value2"
            },
            "expires_after": null,
            "expires_at": null,
            "last_active_at": 1739923470
          }
        ],
        "first_id": "vs_kEf3MNIr1l4oZ7xt6MGIfscP",
        "last_id": "vs_74SugcZS0az8qMeOvbpGfCqY",
        "has_more": false
      }
    }
  ],
  "Variables": {
    "AZURE_BLOB_URI": "azureml://subscriptions/b17253fa-f327-42d6-9686-f3e553e24763/resourcegroups/nirovins-rg-eastus/workspaces/nirovins-westus/datastores/workspaceblobstore/paths/LocalUpload/99ccdcf221d468b60f565d5708f6ce1d/product_info_1.md",
    "PROJECT_CONNECTION_STRING": "westus.api.azureml.ms;b17253fa-f327-42d6-9686-f3e553e24763;nirovins-rg-eastus;nirovins-westus",
    "PROJECT_ENDPOINT": "westus.api.azureml.ms;b17253fa-f327-42d6-9686-f3e553e24763;nirovins-rg-eastus;nirovins-westus",
    "RandomSeed": "1718202603"
  }
}
