{
  "Entries": [
    {
      "RequestUri": "https://westus.api.azureml.ms/agents/v1.0/subscriptions/b17253fa-f327-42d6-9686-f3e553e24763/resourceGroups/nirovins-rg-eastus/providers/Microsoft.MachineLearningServices/workspaces/nirovins-westus/assistants?api-version=v1",
      "RequestMethod": "POST",
      "RequestHeaders": {
        "Accept": "application/json",
        "Authorization": "Sanitized",
        "Content-Length": "86",
        "Content-Type": "application/json",
        "User-Agent": "azsdk-net-AI.Agents.Persistent/1.0.0-alpha.20250502.1 (.NET 8.0.15; Microsoft Windows 10.0.26100)",
        "x-ms-client-request-id": "Sanitized",
        "x-ms-return-client-request-id": "true"
      },
      "RequestBody": {
        "model": "gpt-4",
        "name": "cs_e2e_tests_client",
        "instructions": "You are helpful agent."
      },
      "StatusCode": 200,
      "ResponseHeaders": {
        "apim-request-id": "0ababccb-7a60-4a35-bea0-240963f07178",
        "azureml-served-by-cluster": "vienna-westus-02",
        "Connection": "keep-alive",
        "Content-Length": "340",
        "Content-Type": "application/json",
        "Date": "Fri, 02 May 2025 22:03:38 GMT",
        "openai-organization": "20ba836fffc34ede8203166d666c74ef",
        "openai-processing-ms": "89",
        "openai-version": "2020-10-01",
        "Request-Context": "appId=cid-v1:2d2e8e63-272e-4b3c-8598-4ee570a0e70d",
        "Strict-Transport-Security": "max-age=31536000; includeSubDomains; preload",
        "Vary": "Accept-Encoding",
        "X-Content-Type-Options": "nosniff",
        "x-ms-middleware-request-id": "0ababccb-7a60-4a35-bea0-240963f07178",
        "x-ms-region": "West US",
        "x-ms-response-type": "standard",
        "X-Request-ID": "5958c1532565f95fb651acfe5f25f352",
        "x-request-time": "0.295"
      },
      "ResponseBody": {
        "id": "asst_RJVI8SKzwlTipdGwphxXJwi2",
        "object": "assistant",
        "created_at": 1746223418,
        "name": "cs_e2e_tests_client",
        "description": null,
        "model": "gpt-4",
        "instructions": "You are helpful agent.",
        "tools": [],
        "top_p": 1.0,
        "temperature": 1.0,
        "tool_resources": {},
        "metadata": {},
        "response_format": "auto"
      }
    },
    {
      "RequestUri": "https://westus.api.azureml.ms/agents/v1.0/subscriptions/b17253fa-f327-42d6-9686-f3e553e24763/resourceGroups/nirovins-rg-eastus/providers/Microsoft.MachineLearningServices/workspaces/nirovins-westus/threads?api-version=v1",
      "RequestMethod": "POST",
      "RequestHeaders": {
        "Accept": "application/json",
        "Authorization": "Sanitized",
        "Content-Length": "2",
        "Content-Type": "application/json",
        "User-Agent": "azsdk-net-AI.Agents.Persistent/1.0.0-alpha.20250502.1 (.NET 8.0.15; Microsoft Windows 10.0.26100)",
        "x-ms-client-request-id": "Sanitized",
        "x-ms-return-client-request-id": "true"
      },
      "RequestBody": {},
      "StatusCode": 200,
      "ResponseHeaders": {
        "apim-request-id": "48db5cbc-e12d-45eb-a83d-286d1235bd46",
        "azureml-served-by-cluster": "vienna-westus-02",
        "Connection": "keep-alive",
        "Content-Length": "137",
        "Content-Type": "application/json",
        "Date": "Fri, 02 May 2025 22:03:39 GMT",
        "openai-organization": "20ba836fffc34ede8203166d666c74ef",
        "openai-processing-ms": "75",
        "openai-version": "2020-10-01",
        "Request-Context": "appId=cid-v1:2d2e8e63-272e-4b3c-8598-4ee570a0e70d",
        "Strict-Transport-Security": "max-age=31536000; includeSubDomains; preload",
        "X-Content-Type-Options": "nosniff",
        "x-ms-middleware-request-id": "9834d2d0-d936-46c9-a047-2da78212751f",
        "x-ms-region": "West US",
        "x-ms-response-type": "standard",
        "X-Request-ID": "56d288a0a01da5fe558ed2ac6805ea83",
        "x-request-time": "0.301"
      },
      "ResponseBody": {
        "id": "thread_UUSJouUyoa0gVw3rdFy5B7VG",
        "object": "thread",
        "created_at": 1746223419,
        "metadata": {},
        "tool_resources": {}
      }
    },
    {
      "RequestUri": "https://westus.api.azureml.ms/agents/v1.0/subscriptions/b17253fa-f327-42d6-9686-f3e553e24763/resourceGroups/nirovins-rg-eastus/providers/Microsoft.MachineLearningServices/workspaces/nirovins-westus/threads/thread_UUSJouUyoa0gVw3rdFy5B7VG/messages?api-version=v1",
      "RequestMethod": "POST",
      "RequestHeaders": {
        "Accept": "application/json",
        "Authorization": "Sanitized",
        "Content-Length": "49",
        "Content-Type": "application/json",
        "User-Agent": "azsdk-net-AI.Agents.Persistent/1.0.0-alpha.20250502.1 (.NET 8.0.15; Microsoft Windows 10.0.26100)",
        "x-ms-client-request-id": "Sanitized",
        "x-ms-return-client-request-id": "true"
      },
      "RequestBody": {
        "role": "user",
        "content": "Hello, tell me a joke"
      },
      "StatusCode": 200,
      "ResponseHeaders": {
        "apim-request-id": "fffcc2d5-d7b8-4b90-9891-a2f468608c6c",
        "azureml-served-by-cluster": "vienna-westus-02",
        "Connection": "keep-alive",
        "Content-Length": "395",
        "Content-Type": "application/json",
        "Date": "Fri, 02 May 2025 22:03:39 GMT",
        "openai-organization": "20ba836fffc34ede8203166d666c74ef",
        "openai-processing-ms": "56",
        "openai-version": "2020-10-01",
        "Request-Context": "appId=cid-v1:2d2e8e63-272e-4b3c-8598-4ee570a0e70d",
        "Strict-Transport-Security": "max-age=31536000; includeSubDomains; preload",
        "Vary": "Accept-Encoding",
        "X-Content-Type-Options": "nosniff",
        "x-ms-middleware-request-id": "9b5c9ac1-88f3-4e75-ac14-4ca2bf8aa417",
        "x-ms-region": "West US",
        "x-ms-response-type": "standard",
        "X-Request-ID": "735d046e53aa305c5db141603d8f1585",
        "x-request-time": "0.264"
      },
      "ResponseBody": {
        "id": "msg_Md8vbRumYGHEJLaxsWE8yB88",
        "object": "thread.message",
        "created_at": 1746223419,
        "assistant_id": null,
        "thread_id": "thread_UUSJouUyoa0gVw3rdFy5B7VG",
        "run_id": null,
        "role": "user",
        "content": [
          {
            "type": "text",
            "text": {
              "value": "Hello, tell me a joke",
              "annotations": []
            }
          }
        ],
        "attachments": [],
        "metadata": {}
      }
    },
    {
      "RequestUri": "https://westus.api.azureml.ms/agents/v1.0/subscriptions/b17253fa-f327-42d6-9686-f3e553e24763/resourceGroups/nirovins-rg-eastus/providers/Microsoft.MachineLearningServices/workspaces/nirovins-westus/threads/thread_UUSJouUyoa0gVw3rdFy5B7VG/runs?api-version=v1",
      "RequestMethod": "POST",
      "RequestHeaders": {
        "Accept": "application/json",
        "Authorization": "Sanitized",
        "Content-Length": "48",
        "Content-Type": "application/json",
        "User-Agent": "azsdk-net-AI.Agents.Persistent/1.0.0-alpha.20250502.1 (.NET 8.0.15; Microsoft Windows 10.0.26100)",
        "x-ms-client-request-id": "Sanitized",
        "x-ms-return-client-request-id": "true"
      },
      "RequestBody": {
        "assistant_id": "asst_RJVI8SKzwlTipdGwphxXJwi2"
      },
      "StatusCode": 200,
      "ResponseHeaders": {
        "apim-request-id": "9db0108d-09eb-48f7-bca8-714a1aacb689",
        "azureml-served-by-cluster": "vienna-westus-02",
        "Connection": "keep-alive",
        "Content-Length": "818",
        "Content-Type": "application/json",
        "Date": "Fri, 02 May 2025 22:03:40 GMT",
        "openai-organization": "20ba836fffc34ede8203166d666c74ef",
        "openai-processing-ms": "174",
        "openai-version": "2020-10-01",
        "Request-Context": "appId=cid-v1:2d2e8e63-272e-4b3c-8598-4ee570a0e70d",
        "Strict-Transport-Security": "max-age=31536000; includeSubDomains; preload",
        "Vary": "Accept-Encoding",
        "X-Content-Type-Options": "nosniff",
        "x-ms-middleware-request-id": "bf0ca79f-aad8-4d8e-8c98-cb39a220bde1",
        "x-ms-region": "West US",
        "x-ms-response-type": "standard",
        "X-Request-ID": "267c3d746169d4741e40bac16fe6caa3",
        "x-request-time": "0.588"
      },
      "ResponseBody": {
        "id": "run_mogpWe0D6d0HuvOfNnEMdwYe",
        "object": "thread.run",
        "created_at": 1746223420,
        "assistant_id": "asst_RJVI8SKzwlTipdGwphxXJwi2",
        "thread_id": "thread_UUSJouUyoa0gVw3rdFy5B7VG",
        "status": "queued",
        "started_at": null,
        "expires_at": 1746224020,
        "cancelled_at": null,
        "failed_at": null,
        "completed_at": null,
        "required_action": null,
        "last_error": null,
        "model": "gpt-4",
        "instructions": "You are helpful agent.",
        "tools": [],
        "tool_resources": {},
        "metadata": {},
        "temperature": 1.0,
        "top_p": 1.0,
        "max_completion_tokens": null,
        "max_prompt_tokens": null,
        "truncation_strategy": {
          "type": "auto",
          "last_messages": null
        },
        "incomplete_details": null,
        "usage": null,
        "response_format": "auto",
        "tool_choice": "auto",
        "parallel_tool_calls": true
      }
    },
    {
      "RequestUri": "https://westus.api.azureml.ms/agents/v1.0/subscriptions/b17253fa-f327-42d6-9686-f3e553e24763/resourceGroups/nirovins-rg-eastus/providers/Microsoft.MachineLearningServices/workspaces/nirovins-westus/threads/thread_UUSJouUyoa0gVw3rdFy5B7VG/runs/run_mogpWe0D6d0HuvOfNnEMdwYe?api-version=v1",
      "RequestMethod": "GET",
      "RequestHeaders": {
        "Accept": "application/json",
        "Authorization": "Sanitized",
        "User-Agent": "azsdk-net-AI.Agents.Persistent/1.0.0-alpha.20250502.1 (.NET 8.0.15; Microsoft Windows 10.0.26100)",
        "x-ms-client-request-id": "Sanitized",
        "x-ms-return-client-request-id": "true"
      },
      "RequestBody": null,
      "StatusCode": 200,
      "ResponseHeaders": {
        "apim-request-id": "f18ab520-c035-4b05-82fe-ccd14627c5c5",
        "azureml-served-by-cluster": "vienna-westus-02",
        "Connection": "keep-alive",
        "Content-Length": "829",
        "Content-Type": "application/json",
        "Date": "Fri, 02 May 2025 22:03:40 GMT",
        "openai-organization": "20ba836fffc34ede8203166d666c74ef",
        "openai-processing-ms": "42",
        "openai-version": "2020-10-01",
        "Request-Context": "appId=cid-v1:2d2e8e63-272e-4b3c-8598-4ee570a0e70d",
        "Strict-Transport-Security": "max-age=31536000; includeSubDomains; preload",
        "Vary": "Accept-Encoding",
        "X-Content-Type-Options": "nosniff",
        "x-ms-middleware-request-id": "e9d16e4f-e3bf-460a-8727-4ab1c37413fd",
        "x-ms-region": "West US",
        "x-ms-response-type": "standard",
        "X-Request-ID": "4f4aab8538d7b0841eb6ffa07e98a2c6",
        "x-request-time": "0.286"
      },
      "ResponseBody": {
        "id": "run_mogpWe0D6d0HuvOfNnEMdwYe",
        "object": "thread.run",
        "created_at": 1746223420,
        "assistant_id": "asst_RJVI8SKzwlTipdGwphxXJwi2",
        "thread_id": "thread_UUSJouUyoa0gVw3rdFy5B7VG",
        "status": "in_progress",
        "started_at": 1746223420,
        "expires_at": 1746224020,
        "cancelled_at": null,
        "failed_at": null,
        "completed_at": null,
        "required_action": null,
        "last_error": null,
        "model": "gpt-4",
        "instructions": "You are helpful agent.",
        "tools": [],
        "tool_resources": {},
        "metadata": {},
        "temperature": 1.0,
        "top_p": 1.0,
        "max_completion_tokens": null,
        "max_prompt_tokens": null,
        "truncation_strategy": {
          "type": "auto",
          "last_messages": null
        },
        "incomplete_details": null,
        "usage": null,
        "response_format": "auto",
        "tool_choice": "auto",
        "parallel_tool_calls": true
      }
    },
    {
      "RequestUri": "https://westus.api.azureml.ms/agents/v1.0/subscriptions/b17253fa-f327-42d6-9686-f3e553e24763/resourceGroups/nirovins-rg-eastus/providers/Microsoft.MachineLearningServices/workspaces/nirovins-westus/threads/thread_UUSJouUyoa0gVw3rdFy5B7VG/runs/run_mogpWe0D6d0HuvOfNnEMdwYe?api-version=v1",
      "RequestMethod": "GET",
      "RequestHeaders": {
        "Accept": "application/json",
        "Authorization": "Sanitized",
        "User-Agent": "azsdk-net-AI.Agents.Persistent/1.0.0-alpha.20250502.1 (.NET 8.0.15; Microsoft Windows 10.0.26100)",
        "x-ms-client-request-id": "Sanitized",
        "x-ms-return-client-request-id": "true"
      },
      "RequestBody": null,
      "StatusCode": 200,
      "ResponseHeaders": {
        "apim-request-id": "b5ed6153-3b17-47b6-b114-2133cb85c7c0",
        "azureml-served-by-cluster": "vienna-westus-02",
        "Connection": "keep-alive",
        "Content-Length": "967",
        "Content-Type": "application/json",
        "Date": "Fri, 02 May 2025 22:03:41 GMT",
        "openai-organization": "20ba836fffc34ede8203166d666c74ef",
        "openai-processing-ms": "41",
        "openai-version": "2020-10-01",
        "Request-Context": "appId=cid-v1:2d2e8e63-272e-4b3c-8598-4ee570a0e70d",
        "Strict-Transport-Security": "max-age=31536000; includeSubDomains; preload",
        "Vary": "Accept-Encoding",
        "X-Content-Type-Options": "nosniff",
        "x-ms-middleware-request-id": "d9f7e43c-f522-40bd-975d-7d4332d7f303",
        "x-ms-region": "West US",
        "x-ms-response-type": "standard",
        "X-Request-ID": "7f52dc62dd7c98883f1286936a57c134",
        "x-request-time": "0.241"
      },
      "ResponseBody": {
        "id": "run_mogpWe0D6d0HuvOfNnEMdwYe",
        "object": "thread.run",
        "created_at": 1746223420,
        "assistant_id": "asst_RJVI8SKzwlTipdGwphxXJwi2",
        "thread_id": "thread_UUSJouUyoa0gVw3rdFy5B7VG",
        "status": "completed",
        "started_at": 1746223420,
        "expires_at": null,
        "cancelled_at": null,
        "failed_at": null,
        "completed_at": 1746223420,
        "required_action": null,
        "last_error": null,
        "model": "gpt-4",
        "instructions": "You are helpful agent.",
        "tools": [],
        "tool_resources": {},
        "metadata": {},
        "temperature": 1.0,
        "top_p": 1.0,
        "max_completion_tokens": null,
        "max_prompt_tokens": null,
        "truncation_strategy": {
          "type": "auto",
          "last_messages": null
        },
        "incomplete_details": null,
        "usage": {
          "prompt_tokens": 30,
          "completion_tokens": 17,
          "total_tokens": 47,
          "prompt_token_details": {
            "cached_tokens": 0
          }
        },
        "response_format": "auto",
        "tool_choice": "auto",
        "parallel_tool_calls": true
      }
    },
    {
      "RequestUri": "https://westus.api.azureml.ms/agents/v1.0/subscriptions/b17253fa-f327-42d6-9686-f3e553e24763/resourceGroups/nirovins-rg-eastus/providers/Microsoft.MachineLearningServices/workspaces/nirovins-westus/threads/thread_UUSJouUyoa0gVw3rdFy5B7VG/runs/run_mogpWe0D6d0HuvOfNnEMdwYe?api-version=v1",
      "RequestMethod": "POST",
      "RequestHeaders": {
        "Accept": "application/json",
        "Authorization": "Sanitized",
        "Content-Length": "46",
        "Content-Type": "application/json",
        "User-Agent": "azsdk-net-AI.Agents.Persistent/1.0.0-alpha.20250502.1 (.NET 8.0.15; Microsoft Windows 10.0.26100)",
        "x-ms-client-request-id": "Sanitized",
        "x-ms-return-client-request-id": "true"
      },
      "RequestBody": {
        "metadata": {
          "key1": "value1",
          "key2": "value2"
        }
      },
      "StatusCode": 200,
      "ResponseHeaders": {
        "apim-request-id": "fcc4689c-949f-4c8d-a47c-f9575c6ce63c",
        "azureml-served-by-cluster": "vienna-westus-02",
        "Connection": "keep-alive",
        "Content-Length": "1013",
        "Content-Type": "application/json",
        "Date": "Fri, 02 May 2025 22:03:42 GMT",
        "openai-organization": "20ba836fffc34ede8203166d666c74ef",
        "openai-processing-ms": "87",
        "openai-version": "2020-10-01",
        "Request-Context": "appId=cid-v1:2d2e8e63-272e-4b3c-8598-4ee570a0e70d",
        "Strict-Transport-Security": "max-age=31536000; includeSubDomains; preload",
        "Vary": "Accept-Encoding",
        "X-Content-Type-Options": "nosniff",
        "x-ms-middleware-request-id": "03be3e3e-331f-49c5-b7e6-013afd3999c9",
        "x-ms-region": "West US",
        "x-ms-response-type": "standard",
        "X-Request-ID": "202f8971d867ed202a9a53080ef68196",
        "x-request-time": "0.421"
      },
      "ResponseBody": {
        "id": "run_mogpWe0D6d0HuvOfNnEMdwYe",
        "object": "thread.run",
        "created_at": 1746223420,
        "assistant_id": "asst_RJVI8SKzwlTipdGwphxXJwi2",
        "thread_id": "thread_UUSJouUyoa0gVw3rdFy5B7VG",
        "status": "completed",
        "started_at": 1746223420,
        "expires_at": null,
        "cancelled_at": null,
        "failed_at": null,
        "completed_at": 1746223420,
        "required_action": null,
        "last_error": null,
        "model": "gpt-4",
        "instructions": "You are helpful agent.",
        "tools": [],
        "tool_resources": {},
        "metadata": {
          "key1": "value1",
          "key2": "value2"
        },
        "temperature": 1.0,
        "top_p": 1.0,
        "max_completion_tokens": null,
        "max_prompt_tokens": null,
        "truncation_strategy": {
          "type": "auto",
          "last_messages": null
        },
        "incomplete_details": null,
        "usage": {
          "prompt_tokens": 30,
          "completion_tokens": 17,
          "total_tokens": 47,
          "prompt_token_details": {
            "cached_tokens": 0
          }
        },
        "response_format": "auto",
        "tool_choice": "auto",
        "parallel_tool_calls": true
      }
    }
  ],
  "Variables": {
    "PROJECT_CONNECTION_STRING": "westus.api.azureml.ms;b17253fa-f327-42d6-9686-f3e553e24763;nirovins-rg-eastus;nirovins-westus",
    "PROJECT_ENDPOINT": "westus.api.azureml.ms;b17253fa-f327-42d6-9686-f3e553e24763;nirovins-rg-eastus;nirovins-westus",
    "RandomSeed": "192206"
  }
}
