{
  "Entries": [
    {
      "RequestUri": "https://westus.api.azureml.ms/agents/v1.0/subscriptions/b17253fa-f327-42d6-9686-f3e553e24763/resourceGroups/nirovins-rg-eastus/providers/Microsoft.MachineLearningServices/workspaces/nirovins-westus/assistants?api-version=v1",
      "RequestMethod": "POST",
      "RequestHeaders": {
        "Accept": "application/json",
        "Authorization": "Sanitized",
        "Content-Length": "141",
        "Content-Type": "application/json",
        "User-Agent": "azsdk-net-AI.Agents.Persistent/1.0.0-alpha.20250508.1 (.NET 8.0.15; Microsoft Windows 10.0.26100)",
        "x-ms-client-request-id": "Sanitized",
        "x-ms-return-client-request-id": "true"
      },
      "RequestBody": {
        "model": "gpt-4",
        "name": "cs_e2e_tests_client",
        "instructions": "You are a personal electronics tutor. Write and run code to answer questions."
      },
      "StatusCode": 200,
      "ResponseHeaders": {
        "apim-request-id": "aa3b0f58-4d61-4f66-a456-09d64bc63815",
        "azureml-served-by-cluster": "vienna-westus-01",
        "Connection": "keep-alive",
        "Content-Length": "395",
        "Content-Type": "application/json",
        "Date": "Thu, 08 May 2025 22:55:51 GMT",
        "openai-organization": "20ba836fffc34ede8203166d666c74ef",
        "openai-processing-ms": "69",
        "openai-version": "2020-10-01",
        "Request-Context": "appId=cid-v1:2d2e8e63-272e-4b3c-8598-4ee570a0e70d",
        "Strict-Transport-Security": "max-age=31536000; includeSubDomains; preload",
        "Vary": "Accept-Encoding",
        "X-Content-Type-Options": "nosniff",
        "x-ms-middleware-request-id": "aa3b0f58-4d61-4f66-a456-09d64bc63815",
        "x-ms-region": "West US",
        "x-ms-response-type": "standard",
        "X-Request-ID": "5342f78ccf1f308b313692ed097bf986",
        "x-request-time": "0.282"
      },
      "ResponseBody": {
        "id": "asst_7WUV7sCb3QGS1RKM0Lufngql",
        "object": "assistant",
        "created_at": 1746744951,
        "name": "cs_e2e_tests_client",
        "description": null,
        "model": "gpt-4",
        "instructions": "You are a personal electronics tutor. Write and run code to answer questions.",
        "tools": [],
        "top_p": 1.0,
        "temperature": 1.0,
        "tool_resources": {},
        "metadata": {},
        "response_format": "auto"
      }
    },
    {
      "RequestUri": "https://westus.api.azureml.ms/agents/v1.0/subscriptions/b17253fa-f327-42d6-9686-f3e553e24763/resourceGroups/nirovins-rg-eastus/providers/Microsoft.MachineLearningServices/workspaces/nirovins-westus/threads?api-version=v1",
      "RequestMethod": "POST",
      "RequestHeaders": {
        "Accept": "application/json",
        "Authorization": "Sanitized",
        "Content-Length": "118",
        "Content-Type": "application/json",
        "User-Agent": "azsdk-net-AI.Agents.Persistent/1.0.0-alpha.20250508.1 (.NET 8.0.15; Microsoft Windows 10.0.26100)",
        "x-ms-client-request-id": "Sanitized",
        "x-ms-return-client-request-id": "true"
      },
      "RequestBody": {
        "messages": [
          {
            "role": "assistant",
            "content": "E=mc^2"
          },
          {
            "role": "assistant",
            "content": "What is the impedance formula?"
          }
        ]
      },
      "StatusCode": 200,
      "ResponseHeaders": {
        "apim-request-id": "ebc655e9-b6ac-45e4-a0ae-2cc153abbbe3",
        "azureml-served-by-cluster": "vienna-westus-01",
        "Connection": "keep-alive",
        "Content-Length": "137",
        "Content-Type": "application/json",
        "Date": "Thu, 08 May 2025 22:55:51 GMT",
        "openai-organization": "20ba836fffc34ede8203166d666c74ef",
        "openai-processing-ms": "127",
        "openai-version": "2020-10-01",
        "Request-Context": "appId=cid-v1:2d2e8e63-272e-4b3c-8598-4ee570a0e70d",
        "Strict-Transport-Security": "max-age=31536000; includeSubDomains; preload",
        "X-Content-Type-Options": "nosniff",
        "x-ms-middleware-request-id": "ab864dc8-4ce6-4ed5-9f98-2ac7e7e85abd",
        "x-ms-region": "West US",
        "x-ms-response-type": "standard",
        "X-Request-ID": "76d399a8a20bef213ae54bbd0ef9655f",
        "x-request-time": "0.337"
      },
      "ResponseBody": {
        "id": "thread_VXSEuCd4NAc2EtHqscsEAxxN",
        "object": "thread",
        "created_at": 1746744951,
        "metadata": {},
        "tool_resources": {}
      }
    },
    {
      "RequestUri": "https://westus.api.azureml.ms/agents/v1.0/subscriptions/b17253fa-f327-42d6-9686-f3e553e24763/resourceGroups/nirovins-rg-eastus/providers/Microsoft.MachineLearningServices/workspaces/nirovins-westus/threads/thread_VXSEuCd4NAc2EtHqscsEAxxN/runs?api-version=v1",
      "RequestMethod": "POST",
      "RequestHeaders": {
        "Accept": "application/json",
        "Authorization": "Sanitized",
        "Content-Length": "48",
        "Content-Type": "application/json",
        "User-Agent": "azsdk-net-AI.Agents.Persistent/1.0.0-alpha.20250508.1 (.NET 8.0.15; Microsoft Windows 10.0.26100)",
        "x-ms-client-request-id": "Sanitized",
        "x-ms-return-client-request-id": "true"
      },
      "RequestBody": {
        "assistant_id": "asst_7WUV7sCb3QGS1RKM0Lufngql"
      },
      "StatusCode": 200,
      "ResponseHeaders": {
        "apim-request-id": "d3e1d8ad-0773-491b-8926-f95b430cee9f",
        "azureml-served-by-cluster": "vienna-westus-01",
        "Connection": "keep-alive",
        "Content-Length": "873",
        "Content-Type": "application/json",
        "Date": "Thu, 08 May 2025 22:55:52 GMT",
        "openai-organization": "20ba836fffc34ede8203166d666c74ef",
        "openai-processing-ms": "266",
        "openai-version": "2020-10-01",
        "Request-Context": "appId=cid-v1:2d2e8e63-272e-4b3c-8598-4ee570a0e70d",
        "Strict-Transport-Security": "max-age=31536000; includeSubDomains; preload",
        "Vary": "Accept-Encoding",
        "X-Content-Type-Options": "nosniff",
        "x-ms-middleware-request-id": "3775f643-d9dc-438f-ab0a-f47fed15887c",
        "x-ms-region": "West US",
        "x-ms-response-type": "standard",
        "X-Request-ID": "ce2c9d93e911ec82d753369ea8fdb148",
        "x-request-time": "0.596"
      },
      "ResponseBody": {
        "id": "run_82ddMQHFnOSEJLiEKyw1l4XK",
        "object": "thread.run",
        "created_at": 1746744952,
        "assistant_id": "asst_7WUV7sCb3QGS1RKM0Lufngql",
        "thread_id": "thread_VXSEuCd4NAc2EtHqscsEAxxN",
        "status": "queued",
        "started_at": null,
        "expires_at": 1746745552,
        "cancelled_at": null,
        "failed_at": null,
        "completed_at": null,
        "required_action": null,
        "last_error": null,
        "model": "gpt-4",
        "instructions": "You are a personal electronics tutor. Write and run code to answer questions.",
        "tools": [],
        "tool_resources": {},
        "metadata": {},
        "temperature": 1.0,
        "top_p": 1.0,
        "max_completion_tokens": null,
        "max_prompt_tokens": null,
        "truncation_strategy": {
          "type": "auto",
          "last_messages": null
        },
        "incomplete_details": null,
        "usage": null,
        "response_format": "auto",
        "tool_choice": "auto",
        "parallel_tool_calls": true
      }
    },
    {
      "RequestUri": "https://westus.api.azureml.ms/agents/v1.0/subscriptions/b17253fa-f327-42d6-9686-f3e553e24763/resourceGroups/nirovins-rg-eastus/providers/Microsoft.MachineLearningServices/workspaces/nirovins-westus/threads/thread_VXSEuCd4NAc2EtHqscsEAxxN/runs/run_82ddMQHFnOSEJLiEKyw1l4XK?api-version=v1",
      "RequestMethod": "GET",
      "RequestHeaders": {
        "Accept": "application/json",
        "Authorization": "Sanitized",
        "User-Agent": "azsdk-net-AI.Agents.Persistent/1.0.0-alpha.20250508.1 (.NET 8.0.15; Microsoft Windows 10.0.26100)",
        "x-ms-client-request-id": "Sanitized",
        "x-ms-return-client-request-id": "true"
      },
      "RequestBody": null,
      "StatusCode": 200,
      "ResponseHeaders": {
        "apim-request-id": "f8409089-0152-48c0-8046-7c00dc756de7",
        "azureml-served-by-cluster": "vienna-westus-01",
        "Connection": "keep-alive",
        "Content-Length": "884",
        "Content-Type": "application/json",
        "Date": "Thu, 08 May 2025 22:55:53 GMT",
        "openai-organization": "20ba836fffc34ede8203166d666c74ef",
        "openai-processing-ms": "85",
        "openai-version": "2020-10-01",
        "Request-Context": "appId=cid-v1:2d2e8e63-272e-4b3c-8598-4ee570a0e70d",
        "Strict-Transport-Security": "max-age=31536000; includeSubDomains; preload",
        "Vary": "Accept-Encoding",
        "X-Content-Type-Options": "nosniff",
        "x-ms-middleware-request-id": "7f876b24-5e50-45bd-bd7e-5737ae93add9",
        "x-ms-region": "West US",
        "x-ms-response-type": "standard",
        "X-Request-ID": "2d85bc9667d7d36323e7c5f6361f1173",
        "x-request-time": "0.314"
      },
      "ResponseBody": {
        "id": "run_82ddMQHFnOSEJLiEKyw1l4XK",
        "object": "thread.run",
        "created_at": 1746744952,
        "assistant_id": "asst_7WUV7sCb3QGS1RKM0Lufngql",
        "thread_id": "thread_VXSEuCd4NAc2EtHqscsEAxxN",
        "status": "in_progress",
        "started_at": 1746744952,
        "expires_at": 1746745552,
        "cancelled_at": null,
        "failed_at": null,
        "completed_at": null,
        "required_action": null,
        "last_error": null,
        "model": "gpt-4",
        "instructions": "You are a personal electronics tutor. Write and run code to answer questions.",
        "tools": [],
        "tool_resources": {},
        "metadata": {},
        "temperature": 1.0,
        "top_p": 1.0,
        "max_completion_tokens": null,
        "max_prompt_tokens": null,
        "truncation_strategy": {
          "type": "auto",
          "last_messages": null
        },
        "incomplete_details": null,
        "usage": null,
        "response_format": "auto",
        "tool_choice": "auto",
        "parallel_tool_calls": true
      }
    },
    {
      "RequestUri": "https://westus.api.azureml.ms/agents/v1.0/subscriptions/b17253fa-f327-42d6-9686-f3e553e24763/resourceGroups/nirovins-rg-eastus/providers/Microsoft.MachineLearningServices/workspaces/nirovins-westus/threads/thread_VXSEuCd4NAc2EtHqscsEAxxN/runs/run_82ddMQHFnOSEJLiEKyw1l4XK?api-version=v1",
      "RequestMethod": "GET",
      "RequestHeaders": {
        "Accept": "application/json",
        "Authorization": "Sanitized",
        "User-Agent": "azsdk-net-AI.Agents.Persistent/1.0.0-alpha.20250508.1 (.NET 8.0.15; Microsoft Windows 10.0.26100)",
        "x-ms-client-request-id": "Sanitized",
        "x-ms-return-client-request-id": "true"
      },
      "RequestBody": null,
      "StatusCode": 200,
      "ResponseHeaders": {
        "apim-request-id": "75a05a69-613d-403c-a747-b858457e82bb",
        "azureml-served-by-cluster": "vienna-westus-01",
        "Connection": "keep-alive",
        "Content-Length": "884",
        "Content-Type": "application/json",
        "Date": "Thu, 08 May 2025 22:55:53 GMT",
        "openai-organization": "20ba836fffc34ede8203166d666c74ef",
        "openai-processing-ms": "40",
        "openai-version": "2020-10-01",
        "Request-Context": "appId=cid-v1:2d2e8e63-272e-4b3c-8598-4ee570a0e70d",
        "Strict-Transport-Security": "max-age=31536000; includeSubDomains; preload",
        "Vary": "Accept-Encoding",
        "X-Content-Type-Options": "nosniff",
        "x-ms-middleware-request-id": "abcd96d9-cd89-4a5a-b161-5048fe116888",
        "x-ms-region": "West US",
        "x-ms-response-type": "standard",
        "X-Request-ID": "12f4e793229041c89d74c6e9ef51b245",
        "x-request-time": "0.251"
      },
      "ResponseBody": {
        "id": "run_82ddMQHFnOSEJLiEKyw1l4XK",
        "object": "thread.run",
        "created_at": 1746744952,
        "assistant_id": "asst_7WUV7sCb3QGS1RKM0Lufngql",
        "thread_id": "thread_VXSEuCd4NAc2EtHqscsEAxxN",
        "status": "in_progress",
        "started_at": 1746744952,
        "expires_at": 1746745552,
        "cancelled_at": null,
        "failed_at": null,
        "completed_at": null,
        "required_action": null,
        "last_error": null,
        "model": "gpt-4",
        "instructions": "You are a personal electronics tutor. Write and run code to answer questions.",
        "tools": [],
        "tool_resources": {},
        "metadata": {},
        "temperature": 1.0,
        "top_p": 1.0,
        "max_completion_tokens": null,
        "max_prompt_tokens": null,
        "truncation_strategy": {
          "type": "auto",
          "last_messages": null
        },
        "incomplete_details": null,
        "usage": null,
        "response_format": "auto",
        "tool_choice": "auto",
        "parallel_tool_calls": true
      }
    },
    {
      "RequestUri": "https://westus.api.azureml.ms/agents/v1.0/subscriptions/b17253fa-f327-42d6-9686-f3e553e24763/resourceGroups/nirovins-rg-eastus/providers/Microsoft.MachineLearningServices/workspaces/nirovins-westus/threads/thread_VXSEuCd4NAc2EtHqscsEAxxN/runs/run_82ddMQHFnOSEJLiEKyw1l4XK?api-version=v1",
      "RequestMethod": "GET",
      "RequestHeaders": {
        "Accept": "application/json",
        "Authorization": "Sanitized",
        "User-Agent": "azsdk-net-AI.Agents.Persistent/1.0.0-alpha.20250508.1 (.NET 8.0.15; Microsoft Windows 10.0.26100)",
        "x-ms-client-request-id": "Sanitized",
        "x-ms-return-client-request-id": "true"
      },
      "RequestBody": null,
      "StatusCode": 200,
      "ResponseHeaders": {
        "apim-request-id": "a13b077b-5fcc-47c6-9554-eab641f69713",
        "azureml-served-by-cluster": "vienna-westus-01",
        "Connection": "keep-alive",
        "Content-Length": "884",
        "Content-Type": "application/json",
        "Date": "Thu, 08 May 2025 22:55:54 GMT",
        "openai-organization": "20ba836fffc34ede8203166d666c74ef",
        "openai-processing-ms": "39",
        "openai-version": "2020-10-01",
        "Request-Context": "appId=cid-v1:2d2e8e63-272e-4b3c-8598-4ee570a0e70d",
        "Strict-Transport-Security": "max-age=31536000; includeSubDomains; preload",
        "Vary": "Accept-Encoding",
        "X-Content-Type-Options": "nosniff",
        "x-ms-middleware-request-id": "a86e0d52-f756-46fc-bcca-5fc49949e74f",
        "x-ms-region": "West US",
        "x-ms-response-type": "standard",
        "X-Request-ID": "92aa824f104c2085e97a50b393f5e56e",
        "x-request-time": "0.234"
      },
      "ResponseBody": {
        "id": "run_82ddMQHFnOSEJLiEKyw1l4XK",
        "object": "thread.run",
        "created_at": 1746744952,
        "assistant_id": "asst_7WUV7sCb3QGS1RKM0Lufngql",
        "thread_id": "thread_VXSEuCd4NAc2EtHqscsEAxxN",
        "status": "in_progress",
        "started_at": 1746744952,
        "expires_at": 1746745552,
        "cancelled_at": null,
        "failed_at": null,
        "completed_at": null,
        "required_action": null,
        "last_error": null,
        "model": "gpt-4",
        "instructions": "You are a personal electronics tutor. Write and run code to answer questions.",
        "tools": [],
        "tool_resources": {},
        "metadata": {},
        "temperature": 1.0,
        "top_p": 1.0,
        "max_completion_tokens": null,
        "max_prompt_tokens": null,
        "truncation_strategy": {
          "type": "auto",
          "last_messages": null
        },
        "incomplete_details": null,
        "usage": null,
        "response_format": "auto",
        "tool_choice": "auto",
        "parallel_tool_calls": true
      }
    },
    {
      "RequestUri": "https://westus.api.azureml.ms/agents/v1.0/subscriptions/b17253fa-f327-42d6-9686-f3e553e24763/resourceGroups/nirovins-rg-eastus/providers/Microsoft.MachineLearningServices/workspaces/nirovins-westus/threads/thread_VXSEuCd4NAc2EtHqscsEAxxN/runs/run_82ddMQHFnOSEJLiEKyw1l4XK?api-version=v1",
      "RequestMethod": "GET",
      "RequestHeaders": {
        "Accept": "application/json",
        "Authorization": "Sanitized",
        "User-Agent": "azsdk-net-AI.Agents.Persistent/1.0.0-alpha.20250508.1 (.NET 8.0.15; Microsoft Windows 10.0.26100)",
        "x-ms-client-request-id": "Sanitized",
        "x-ms-return-client-request-id": "true"
      },
      "RequestBody": null,
      "StatusCode": 200,
      "ResponseHeaders": {
        "apim-request-id": "e86288c8-81b6-4cce-acc6-96b4bae5e224",
        "azureml-served-by-cluster": "vienna-westus-01",
        "Connection": "keep-alive",
        "Content-Length": "884",
        "Content-Type": "application/json",
        "Date": "Thu, 08 May 2025 22:55:55 GMT",
        "openai-organization": "20ba836fffc34ede8203166d666c74ef",
        "openai-processing-ms": "41",
        "openai-version": "2020-10-01",
        "Request-Context": "appId=cid-v1:2d2e8e63-272e-4b3c-8598-4ee570a0e70d",
        "Strict-Transport-Security": "max-age=31536000; includeSubDomains; preload",
        "Vary": "Accept-Encoding",
        "X-Content-Type-Options": "nosniff",
        "x-ms-middleware-request-id": "b25b4892-7b0d-4b4a-b051-502637c9751c",
        "x-ms-region": "West US",
        "x-ms-response-type": "standard",
        "X-Request-ID": "df83b6c37d2303837765372b1b45587f",
        "x-request-time": "0.247"
      },
      "ResponseBody": {
        "id": "run_82ddMQHFnOSEJLiEKyw1l4XK",
        "object": "thread.run",
        "created_at": 1746744952,
        "assistant_id": "asst_7WUV7sCb3QGS1RKM0Lufngql",
        "thread_id": "thread_VXSEuCd4NAc2EtHqscsEAxxN",
        "status": "in_progress",
        "started_at": 1746744952,
        "expires_at": 1746745552,
        "cancelled_at": null,
        "failed_at": null,
        "completed_at": null,
        "required_action": null,
        "last_error": null,
        "model": "gpt-4",
        "instructions": "You are a personal electronics tutor. Write and run code to answer questions.",
        "tools": [],
        "tool_resources": {},
        "metadata": {},
        "temperature": 1.0,
        "top_p": 1.0,
        "max_completion_tokens": null,
        "max_prompt_tokens": null,
        "truncation_strategy": {
          "type": "auto",
          "last_messages": null
        },
        "incomplete_details": null,
        "usage": null,
        "response_format": "auto",
        "tool_choice": "auto",
        "parallel_tool_calls": true
      }
    },
    {
      "RequestUri": "https://westus.api.azureml.ms/agents/v1.0/subscriptions/b17253fa-f327-42d6-9686-f3e553e24763/resourceGroups/nirovins-rg-eastus/providers/Microsoft.MachineLearningServices/workspaces/nirovins-westus/threads/thread_VXSEuCd4NAc2EtHqscsEAxxN/runs/run_82ddMQHFnOSEJLiEKyw1l4XK?api-version=v1",
      "RequestMethod": "GET",
      "RequestHeaders": {
        "Accept": "application/json",
        "Authorization": "Sanitized",
        "User-Agent": "azsdk-net-AI.Agents.Persistent/1.0.0-alpha.20250508.1 (.NET 8.0.15; Microsoft Windows 10.0.26100)",
        "x-ms-client-request-id": "Sanitized",
        "x-ms-return-client-request-id": "true"
      },
      "RequestBody": null,
      "StatusCode": 200,
      "ResponseHeaders": {
        "apim-request-id": "803e8658-11ed-4b48-a9b9-cbdb67f7ff85",
        "azureml-served-by-cluster": "vienna-westus-01",
        "Connection": "keep-alive",
        "Content-Length": "884",
        "Content-Type": "application/json",
        "Date": "Thu, 08 May 2025 22:55:56 GMT",
        "openai-organization": "20ba836fffc34ede8203166d666c74ef",
        "openai-processing-ms": "84",
        "openai-version": "2020-10-01",
        "Request-Context": "appId=cid-v1:2d2e8e63-272e-4b3c-8598-4ee570a0e70d",
        "Strict-Transport-Security": "max-age=31536000; includeSubDomains; preload",
        "Vary": "Accept-Encoding",
        "X-Content-Type-Options": "nosniff",
        "x-ms-middleware-request-id": "0123f984-ffdc-49b4-8a50-f2e5dbc62355",
        "x-ms-region": "West US",
        "x-ms-response-type": "standard",
        "X-Request-ID": "9403f7c03ca9c73e3bd6fbc3a23dc4bf",
        "x-request-time": "0.271"
      },
      "ResponseBody": {
        "id": "run_82ddMQHFnOSEJLiEKyw1l4XK",
        "object": "thread.run",
        "created_at": 1746744952,
        "assistant_id": "asst_7WUV7sCb3QGS1RKM0Lufngql",
        "thread_id": "thread_VXSEuCd4NAc2EtHqscsEAxxN",
        "status": "in_progress",
        "started_at": 1746744952,
        "expires_at": 1746745552,
        "cancelled_at": null,
        "failed_at": null,
        "completed_at": null,
        "required_action": null,
        "last_error": null,
        "model": "gpt-4",
        "instructions": "You are a personal electronics tutor. Write and run code to answer questions.",
        "tools": [],
        "tool_resources": {},
        "metadata": {},
        "temperature": 1.0,
        "top_p": 1.0,
        "max_completion_tokens": null,
        "max_prompt_tokens": null,
        "truncation_strategy": {
          "type": "auto",
          "last_messages": null
        },
        "incomplete_details": null,
        "usage": null,
        "response_format": "auto",
        "tool_choice": "auto",
        "parallel_tool_calls": true
      }
    },
    {
      "RequestUri": "https://westus.api.azureml.ms/agents/v1.0/subscriptions/b17253fa-f327-42d6-9686-f3e553e24763/resourceGroups/nirovins-rg-eastus/providers/Microsoft.MachineLearningServices/workspaces/nirovins-westus/threads/thread_VXSEuCd4NAc2EtHqscsEAxxN/runs/run_82ddMQHFnOSEJLiEKyw1l4XK?api-version=v1",
      "RequestMethod": "GET",
      "RequestHeaders": {
        "Accept": "application/json",
        "Authorization": "Sanitized",
        "User-Agent": "azsdk-net-AI.Agents.Persistent/1.0.0-alpha.20250508.1 (.NET 8.0.15; Microsoft Windows 10.0.26100)",
        "x-ms-client-request-id": "Sanitized",
        "x-ms-return-client-request-id": "true"
      },
      "RequestBody": null,
      "StatusCode": 200,
      "ResponseHeaders": {
        "apim-request-id": "d6edcccf-2985-4dd5-ab3f-83ee99c5b15b",
        "azureml-served-by-cluster": "vienna-westus-01",
        "Connection": "keep-alive",
        "Content-Length": "884",
        "Content-Type": "application/json",
        "Date": "Thu, 08 May 2025 22:55:57 GMT",
        "openai-organization": "20ba836fffc34ede8203166d666c74ef",
        "openai-processing-ms": "86",
        "openai-version": "2020-10-01",
        "Request-Context": "appId=cid-v1:2d2e8e63-272e-4b3c-8598-4ee570a0e70d",
        "Strict-Transport-Security": "max-age=31536000; includeSubDomains; preload",
        "Vary": "Accept-Encoding",
        "X-Content-Type-Options": "nosniff",
        "x-ms-middleware-request-id": "540f682d-12cb-4a27-b682-4bde09d4e1d9",
        "x-ms-region": "West US",
        "x-ms-response-type": "standard",
        "X-Request-ID": "b1492cc667add9a335e78477224d698d",
        "x-request-time": "0.302"
      },
      "ResponseBody": {
        "id": "run_82ddMQHFnOSEJLiEKyw1l4XK",
        "object": "thread.run",
        "created_at": 1746744952,
        "assistant_id": "asst_7WUV7sCb3QGS1RKM0Lufngql",
        "thread_id": "thread_VXSEuCd4NAc2EtHqscsEAxxN",
        "status": "in_progress",
        "started_at": 1746744952,
        "expires_at": 1746745552,
        "cancelled_at": null,
        "failed_at": null,
        "completed_at": null,
        "required_action": null,
        "last_error": null,
        "model": "gpt-4",
        "instructions": "You are a personal electronics tutor. Write and run code to answer questions.",
        "tools": [],
        "tool_resources": {},
        "metadata": {},
        "temperature": 1.0,
        "top_p": 1.0,
        "max_completion_tokens": null,
        "max_prompt_tokens": null,
        "truncation_strategy": {
          "type": "auto",
          "last_messages": null
        },
        "incomplete_details": null,
        "usage": null,
        "response_format": "auto",
        "tool_choice": "auto",
        "parallel_tool_calls": true
      }
    },
    {
      "RequestUri": "https://westus.api.azureml.ms/agents/v1.0/subscriptions/b17253fa-f327-42d6-9686-f3e553e24763/resourceGroups/nirovins-rg-eastus/providers/Microsoft.MachineLearningServices/workspaces/nirovins-westus/threads/thread_VXSEuCd4NAc2EtHqscsEAxxN/runs/run_82ddMQHFnOSEJLiEKyw1l4XK?api-version=v1",
      "RequestMethod": "GET",
      "RequestHeaders": {
        "Accept": "application/json",
        "Authorization": "Sanitized",
        "User-Agent": "azsdk-net-AI.Agents.Persistent/1.0.0-alpha.20250508.1 (.NET 8.0.15; Microsoft Windows 10.0.26100)",
        "x-ms-client-request-id": "Sanitized",
        "x-ms-return-client-request-id": "true"
      },
      "RequestBody": null,
      "StatusCode": 200,
      "ResponseHeaders": {
        "apim-request-id": "8a4159fa-8935-4b1f-bb0d-6889447bb38d",
        "azureml-served-by-cluster": "vienna-westus-01",
        "Connection": "keep-alive",
        "Content-Length": "884",
        "Content-Type": "application/json",
        "Date": "Thu, 08 May 2025 22:55:57 GMT",
        "openai-organization": "20ba836fffc34ede8203166d666c74ef",
        "openai-processing-ms": "92",
        "openai-version": "2020-10-01",
        "Request-Context": "appId=cid-v1:2d2e8e63-272e-4b3c-8598-4ee570a0e70d",
        "Strict-Transport-Security": "max-age=31536000; includeSubDomains; preload",
        "Vary": "Accept-Encoding",
        "X-Content-Type-Options": "nosniff",
        "x-ms-middleware-request-id": "5da357e4-e5ac-41b1-b702-92857874afcc",
        "x-ms-region": "West US",
        "x-ms-response-type": "standard",
        "X-Request-ID": "92a03c003db8a9e1e9e670a05e5e3744",
        "x-request-time": "0.301"
      },
      "ResponseBody": {
        "id": "run_82ddMQHFnOSEJLiEKyw1l4XK",
        "object": "thread.run",
        "created_at": 1746744952,
        "assistant_id": "asst_7WUV7sCb3QGS1RKM0Lufngql",
        "thread_id": "thread_VXSEuCd4NAc2EtHqscsEAxxN",
        "status": "in_progress",
        "started_at": 1746744952,
        "expires_at": 1746745552,
        "cancelled_at": null,
        "failed_at": null,
        "completed_at": null,
        "required_action": null,
        "last_error": null,
        "model": "gpt-4",
        "instructions": "You are a personal electronics tutor. Write and run code to answer questions.",
        "tools": [],
        "tool_resources": {},
        "metadata": {},
        "temperature": 1.0,
        "top_p": 1.0,
        "max_completion_tokens": null,
        "max_prompt_tokens": null,
        "truncation_strategy": {
          "type": "auto",
          "last_messages": null
        },
        "incomplete_details": null,
        "usage": null,
        "response_format": "auto",
        "tool_choice": "auto",
        "parallel_tool_calls": true
      }
    },
    {
      "RequestUri": "https://westus.api.azureml.ms/agents/v1.0/subscriptions/b17253fa-f327-42d6-9686-f3e553e24763/resourceGroups/nirovins-rg-eastus/providers/Microsoft.MachineLearningServices/workspaces/nirovins-westus/threads/thread_VXSEuCd4NAc2EtHqscsEAxxN/runs/run_82ddMQHFnOSEJLiEKyw1l4XK?api-version=v1",
      "RequestMethod": "GET",
      "RequestHeaders": {
        "Accept": "application/json",
        "Authorization": "Sanitized",
        "User-Agent": "azsdk-net-AI.Agents.Persistent/1.0.0-alpha.20250508.1 (.NET 8.0.15; Microsoft Windows 10.0.26100)",
        "x-ms-client-request-id": "Sanitized",
        "x-ms-return-client-request-id": "true"
      },
      "RequestBody": null,
      "StatusCode": 200,
      "ResponseHeaders": {
        "apim-request-id": "fb8d3021-5b20-437d-b7bf-a17a7a794a60",
        "azureml-served-by-cluster": "vienna-westus-01",
        "Connection": "keep-alive",
        "Content-Length": "884",
        "Content-Type": "application/json",
        "Date": "Thu, 08 May 2025 22:55:58 GMT",
        "openai-organization": "20ba836fffc34ede8203166d666c74ef",
        "openai-processing-ms": "41",
        "openai-version": "2020-10-01",
        "Request-Context": "appId=cid-v1:2d2e8e63-272e-4b3c-8598-4ee570a0e70d",
        "Strict-Transport-Security": "max-age=31536000; includeSubDomains; preload",
        "Vary": "Accept-Encoding",
        "X-Content-Type-Options": "nosniff",
        "x-ms-middleware-request-id": "d18c0fdb-c4b2-4a3e-a224-32ca273bb837",
        "x-ms-region": "West US",
        "x-ms-response-type": "standard",
        "X-Request-ID": "1ccba4e8fe18ba1cafe7e3aee0bc1114",
        "x-request-time": "0.235"
      },
      "ResponseBody": {
        "id": "run_82ddMQHFnOSEJLiEKyw1l4XK",
        "object": "thread.run",
        "created_at": 1746744952,
        "assistant_id": "asst_7WUV7sCb3QGS1RKM0Lufngql",
        "thread_id": "thread_VXSEuCd4NAc2EtHqscsEAxxN",
        "status": "in_progress",
        "started_at": 1746744952,
        "expires_at": 1746745552,
        "cancelled_at": null,
        "failed_at": null,
        "completed_at": null,
        "required_action": null,
        "last_error": null,
        "model": "gpt-4",
        "instructions": "You are a personal electronics tutor. Write and run code to answer questions.",
        "tools": [],
        "tool_resources": {},
        "metadata": {},
        "temperature": 1.0,
        "top_p": 1.0,
        "max_completion_tokens": null,
        "max_prompt_tokens": null,
        "truncation_strategy": {
          "type": "auto",
          "last_messages": null
        },
        "incomplete_details": null,
        "usage": null,
        "response_format": "auto",
        "tool_choice": "auto",
        "parallel_tool_calls": true
      }
    },
    {
      "RequestUri": "https://westus.api.azureml.ms/agents/v1.0/subscriptions/b17253fa-f327-42d6-9686-f3e553e24763/resourceGroups/nirovins-rg-eastus/providers/Microsoft.MachineLearningServices/workspaces/nirovins-westus/threads/thread_VXSEuCd4NAc2EtHqscsEAxxN/runs/run_82ddMQHFnOSEJLiEKyw1l4XK?api-version=v1",
      "RequestMethod": "GET",
      "RequestHeaders": {
        "Accept": "application/json",
        "Authorization": "Sanitized",
        "User-Agent": "azsdk-net-AI.Agents.Persistent/1.0.0-alpha.20250508.1 (.NET 8.0.15; Microsoft Windows 10.0.26100)",
        "x-ms-client-request-id": "Sanitized",
        "x-ms-return-client-request-id": "true"
      },
      "RequestBody": null,
      "StatusCode": 200,
      "ResponseHeaders": {
        "apim-request-id": "2eab6e0a-2033-41d3-b445-40d54552a812",
        "azureml-served-by-cluster": "vienna-westus-01",
        "Connection": "keep-alive",
        "Content-Length": "884",
        "Content-Type": "application/json",
        "Date": "Thu, 08 May 2025 22:55:59 GMT",
        "openai-organization": "20ba836fffc34ede8203166d666c74ef",
        "openai-processing-ms": "86",
        "openai-version": "2020-10-01",
        "Request-Context": "appId=cid-v1:2d2e8e63-272e-4b3c-8598-4ee570a0e70d",
        "Strict-Transport-Security": "max-age=31536000; includeSubDomains; preload",
        "Vary": "Accept-Encoding",
        "X-Content-Type-Options": "nosniff",
        "x-ms-middleware-request-id": "65ddb6ea-6691-4545-b75a-94e2678f0050",
        "x-ms-region": "West US",
        "x-ms-response-type": "standard",
        "X-Request-ID": "bf8fca9b08918ca750a62d5642b91efd",
        "x-request-time": "0.302"
      },
      "ResponseBody": {
        "id": "run_82ddMQHFnOSEJLiEKyw1l4XK",
        "object": "thread.run",
        "created_at": 1746744952,
        "assistant_id": "asst_7WUV7sCb3QGS1RKM0Lufngql",
        "thread_id": "thread_VXSEuCd4NAc2EtHqscsEAxxN",
        "status": "in_progress",
        "started_at": 1746744952,
        "expires_at": 1746745552,
        "cancelled_at": null,
        "failed_at": null,
        "completed_at": null,
        "required_action": null,
        "last_error": null,
        "model": "gpt-4",
        "instructions": "You are a personal electronics tutor. Write and run code to answer questions.",
        "tools": [],
        "tool_resources": {},
        "metadata": {},
        "temperature": 1.0,
        "top_p": 1.0,
        "max_completion_tokens": null,
        "max_prompt_tokens": null,
        "truncation_strategy": {
          "type": "auto",
          "last_messages": null
        },
        "incomplete_details": null,
        "usage": null,
        "response_format": "auto",
        "tool_choice": "auto",
        "parallel_tool_calls": true
      }
    },
    {
      "RequestUri": "https://westus.api.azureml.ms/agents/v1.0/subscriptions/b17253fa-f327-42d6-9686-f3e553e24763/resourceGroups/nirovins-rg-eastus/providers/Microsoft.MachineLearningServices/workspaces/nirovins-westus/threads/thread_VXSEuCd4NAc2EtHqscsEAxxN/runs/run_82ddMQHFnOSEJLiEKyw1l4XK?api-version=v1",
      "RequestMethod": "GET",
      "RequestHeaders": {
        "Accept": "application/json",
        "Authorization": "Sanitized",
        "User-Agent": "azsdk-net-AI.Agents.Persistent/1.0.0-alpha.20250508.1 (.NET 8.0.15; Microsoft Windows 10.0.26100)",
        "x-ms-client-request-id": "Sanitized",
        "x-ms-return-client-request-id": "true"
      },
      "RequestBody": null,
      "StatusCode": 200,
      "ResponseHeaders": {
        "apim-request-id": "284feb1e-2693-48d9-9671-5dfd08cf5722",
        "azureml-served-by-cluster": "vienna-westus-01",
        "Connection": "keep-alive",
        "Content-Length": "884",
        "Content-Type": "application/json",
        "Date": "Thu, 08 May 2025 22:56:00 GMT",
        "openai-organization": "20ba836fffc34ede8203166d666c74ef",
        "openai-processing-ms": "40",
        "openai-version": "2020-10-01",
        "Request-Context": "appId=cid-v1:2d2e8e63-272e-4b3c-8598-4ee570a0e70d",
        "Strict-Transport-Security": "max-age=31536000; includeSubDomains; preload",
        "Vary": "Accept-Encoding",
        "X-Content-Type-Options": "nosniff",
        "x-ms-middleware-request-id": "b7e2ae5c-9914-49f0-b775-0692396851a6",
        "x-ms-region": "West US",
        "x-ms-response-type": "standard",
        "X-Request-ID": "aad732a9652f86827b34f3b28e159cf1",
        "x-request-time": "0.365"
      },
      "ResponseBody": {
        "id": "run_82ddMQHFnOSEJLiEKyw1l4XK",
        "object": "thread.run",
        "created_at": 1746744952,
        "assistant_id": "asst_7WUV7sCb3QGS1RKM0Lufngql",
        "thread_id": "thread_VXSEuCd4NAc2EtHqscsEAxxN",
        "status": "in_progress",
        "started_at": 1746744952,
        "expires_at": 1746745552,
        "cancelled_at": null,
        "failed_at": null,
        "completed_at": null,
        "required_action": null,
        "last_error": null,
        "model": "gpt-4",
        "instructions": "You are a personal electronics tutor. Write and run code to answer questions.",
        "tools": [],
        "tool_resources": {},
        "metadata": {},
        "temperature": 1.0,
        "top_p": 1.0,
        "max_completion_tokens": null,
        "max_prompt_tokens": null,
        "truncation_strategy": {
          "type": "auto",
          "last_messages": null
        },
        "incomplete_details": null,
        "usage": null,
        "response_format": "auto",
        "tool_choice": "auto",
        "parallel_tool_calls": true
      }
    },
    {
      "RequestUri": "https://westus.api.azureml.ms/agents/v1.0/subscriptions/b17253fa-f327-42d6-9686-f3e553e24763/resourceGroups/nirovins-rg-eastus/providers/Microsoft.MachineLearningServices/workspaces/nirovins-westus/threads/thread_VXSEuCd4NAc2EtHqscsEAxxN/runs/run_82ddMQHFnOSEJLiEKyw1l4XK?api-version=v1",
      "RequestMethod": "GET",
      "RequestHeaders": {
        "Accept": "application/json",
        "Authorization": "Sanitized",
        "User-Agent": "azsdk-net-AI.Agents.Persistent/1.0.0-alpha.20250508.1 (.NET 8.0.15; Microsoft Windows 10.0.26100)",
        "x-ms-client-request-id": "Sanitized",
        "x-ms-return-client-request-id": "true"
      },
      "RequestBody": null,
      "StatusCode": 200,
      "ResponseHeaders": {
        "apim-request-id": "5274ecd2-63b3-4f44-96f0-4e6f24dfe60c",
        "azureml-served-by-cluster": "vienna-westus-01",
        "Connection": "keep-alive",
        "Content-Length": "1024",
        "Content-Type": "application/json",
        "Date": "Thu, 08 May 2025 22:56:01 GMT",
        "openai-organization": "20ba836fffc34ede8203166d666c74ef",
        "openai-processing-ms": "87",
        "openai-version": "2020-10-01",
        "Request-Context": "appId=cid-v1:2d2e8e63-272e-4b3c-8598-4ee570a0e70d",
        "Strict-Transport-Security": "max-age=31536000; includeSubDomains; preload",
        "Vary": "Accept-Encoding",
        "X-Content-Type-Options": "nosniff",
        "x-ms-middleware-request-id": "7432da25-6e20-45a4-9aae-53140549ea92",
        "x-ms-region": "West US",
        "x-ms-response-type": "standard",
        "X-Request-ID": "00c07aff81451c20d67a322935c8e277",
        "x-request-time": "0.279"
      },
      "ResponseBody": {
        "id": "run_82ddMQHFnOSEJLiEKyw1l4XK",
        "object": "thread.run",
        "created_at": 1746744952,
        "assistant_id": "asst_7WUV7sCb3QGS1RKM0Lufngql",
        "thread_id": "thread_VXSEuCd4NAc2EtHqscsEAxxN",
        "status": "completed",
        "started_at": 1746744952,
        "expires_at": null,
        "cancelled_at": null,
        "failed_at": null,
        "completed_at": 1746744960,
        "required_action": null,
        "last_error": null,
        "model": "gpt-4",
        "instructions": "You are a personal electronics tutor. Write and run code to answer questions.",
        "tools": [],
        "tool_resources": {},
        "metadata": {},
        "temperature": 1.0,
        "top_p": 1.0,
        "max_completion_tokens": null,
        "max_prompt_tokens": null,
        "truncation_strategy": {
          "type": "auto",
          "last_messages": null
        },
        "incomplete_details": null,
        "usage": {
          "prompt_tokens": 49,
          "completion_tokens": 416,
          "total_tokens": 465,
          "prompt_token_details": {
            "cached_tokens": 0
          }
        },
        "response_format": "auto",
        "tool_choice": "auto",
        "parallel_tool_calls": true
      }
    },
    {
      "RequestUri": "https://westus.api.azureml.ms/agents/v1.0/subscriptions/b17253fa-f327-42d6-9686-f3e553e24763/resourceGroups/nirovins-rg-eastus/providers/Microsoft.MachineLearningServices/workspaces/nirovins-westus/threads/thread_VXSEuCd4NAc2EtHqscsEAxxN/messages?api-version=v1",
      "RequestMethod": "GET",
      "RequestHeaders": {
        "Accept": "application/json",
        "Authorization": "Sanitized",
        "User-Agent": "azsdk-net-AI.Agents.Persistent/1.0.0-alpha.20250508.1 (.NET 8.0.15; Microsoft Windows 10.0.26100)",
        "x-ms-client-request-id": "Sanitized",
        "x-ms-return-client-request-id": "true"
      },
      "RequestBody": null,
      "StatusCode": 200,
      "ResponseHeaders": {
        "apim-request-id": "8a42848d-5d1c-4c14-b0f5-6d6aff04905a",
        "azureml-served-by-cluster": "vienna-westus-01",
        "Connection": "keep-alive",
        "Content-Length": "3191",
        "Content-Type": "application/json",
        "Date": "Thu, 08 May 2025 22:56:01 GMT",
        "openai-organization": "20ba836fffc34ede8203166d666c74ef",
        "openai-processing-ms": "82",
        "openai-version": "2020-10-01",
        "Request-Context": "appId=cid-v1:2d2e8e63-272e-4b3c-8598-4ee570a0e70d",
        "Strict-Transport-Security": "max-age=31536000; includeSubDomains; preload",
        "Vary": "Accept-Encoding",
        "X-Content-Type-Options": "nosniff",
        "x-ms-middleware-request-id": "ba33b023-3c40-4810-a06f-607e45134b05",
        "x-ms-region": "West US",
        "x-ms-response-type": "standard",
        "X-Request-ID": "33d751a656db22fea9163e1d97d9224f",
        "x-request-time": "0.285"
      },
      "ResponseBody": {
        "object": "list",
        "data": [
          {
            "id": "msg_3laGqKJli85zeol0RYBghMcP",
            "object": "thread.message",
            "created_at": 1746744953,
            "assistant_id": "asst_7WUV7sCb3QGS1RKM0Lufngql",
            "thread_id": "thread_VXSEuCd4NAc2EtHqscsEAxxN",
            "run_id": "run_82ddMQHFnOSEJLiEKyw1l4XK",
            "role": "assistant",
            "content": [
              {
                "type": "text",
                "text": {
                  "value": "The impedance \\( Z \\) in an electrical circuit is a measure of how much the circuit resists the flow of alternating current (AC). The formula for impedance depends on the combination of resistors, capacitors, and inductors in the circuit. Hereâ€™s a general overview of the formula involving these components:\n\n1. **For a resistor (R)**:\n   - Impedance \\( Z_R = R \\)\n   - It has only a real part and no imaginary part.\n\n2. **For an inductor (L)**:\n   - Impedance \\( Z_L = j\\omega L \\)\n   - \\( \\omega \\) (omega) is the angular frequency \\( 2\\pi f \\), where \\( f \\) is the frequency in hertz.\n   - \\( j \\) is the imaginary unit.\n\n3. **For a capacitor (C)**:\n   - Impedance \\( Z_C = \\frac{-j}{\\omega C} \\)\n   - It also contains the imaginary unit, indicating a phase shift.\n\nFor a series circuit containing a resistor, an inductor, and a capacitor:\n\\[ Z = R + j\\omega L + \\frac{-j}{\\omega C} \\]\n\nFor parallel circuits, the total impedance depends on the reciprocal of the sum of reciprocals (similar to adding resistances in parallel for DC circuits):\n\\[ \\frac{1}{Z} = \\frac{1}{Z_R} + \\frac{1}{Z_L} + \\frac{1}{Z_C} \\]\n\\[ \\frac{1}{Z} = \\frac{1}{R} + \\frac{1}{j\\omega L} - j\\omega C \\]\n\nThese formulas allow you to calculate the total impedance which is useful for analyzing how currents and voltages behave in AC circuits. Impedance is a complex number that can be represented in a polar or rectangular form, which shows both the magnitude of the impedance and the phase shift caused by capacitors and inductors.",
                  "annotations": []
                }
              }
            ],
            "attachments": [],
            "metadata": {}
          },
          {
            "id": "msg_EpxBUrmWcodMJ8DIGPVOOK6I",
            "object": "thread.message",
            "created_at": 1746744951,
            "assistant_id": null,
            "thread_id": "thread_VXSEuCd4NAc2EtHqscsEAxxN",
            "run_id": null,
            "role": "assistant",
            "content": [
              {
                "type": "text",
                "text": {
                  "value": "What is the impedance formula?",
                  "annotations": []
                }
              }
            ],
            "attachments": [],
            "metadata": {}
          },
          {
            "id": "msg_j91sSsagPmPdqp2W8zeeGUax",
            "object": "thread.message",
            "created_at": 1746744951,
            "assistant_id": null,
            "thread_id": "thread_VXSEuCd4NAc2EtHqscsEAxxN",
            "run_id": null,
            "role": "assistant",
            "content": [
              {
                "type": "text",
                "text": {
                  "value": "E=mc^2",
                  "annotations": []
                }
              }
            ],
            "attachments": [],
            "metadata": {}
          }
        ],
        "first_id": "msg_3laGqKJli85zeol0RYBghMcP",
        "last_id": "msg_j91sSsagPmPdqp2W8zeeGUax",
        "has_more": false
      }
    }
  ],
  "Variables": {
    "PROJECT_CONNECTION_STRING": "westus.api.azureml.ms;b17253fa-f327-42d6-9686-f3e553e24763;nirovins-rg-eastus;nirovins-westus",
    "PROJECT_ENDPOINT": "westus.api.azureml.ms;b17253fa-f327-42d6-9686-f3e553e24763;nirovins-rg-eastus;nirovins-westus",
    "RandomSeed": "1819334795"
  }
}
