{
  "Entries": [
    {
      "RequestUri": "https://westus.api.azureml.ms/agents/v1.0/subscriptions/b17253fa-f327-42d6-9686-f3e553e24763/resourceGroups/nirovins-rg-eastus/providers/Microsoft.MachineLearningServices/workspaces/nirovins-westus/assistants?api-version=v1",
      "RequestMethod": "POST",
      "RequestHeaders": {
        "Accept": "application/json",
        "Authorization": "Sanitized",
        "Content-Length": "442",
        "Content-Type": "application/json",
        "User-Agent": "azsdk-net-AI.Agents.Persistent/1.0.0-alpha.20250502.1 (.NET 8.0.15; Microsoft Windows 10.0.26100)",
        "x-ms-client-request-id": "Sanitized",
        "x-ms-return-client-request-id": "true"
      },
      "RequestBody": {
        "model": "gpt-4",
        "name": "cs_e2e_tests_client",
        "instructions": "You are a helpful agent.",
        "tools": [
          {
            "type": "azure_ai_search"
          }
        ],
        "tool_resources": {
          "azure_ai_search": {
            "indexes": [
              {
                "index_connection_id": "/subscriptions/b17253fa-f327-42d6-9686-f3e553e24763/resourceGroups/nirovins-rg-eastus/providers/Microsoft.MachineLearningServices/workspaces/nirovins-westus/connections/nirovinswestussearch",
                "index_name": "sample_index",
                "query_type": "simple"
              }
            ]
          }
        }
      },
      "StatusCode": 200,
      "ResponseHeaders": {
        "apim-request-id": "c152a148-4afe-4def-ac75-77b0a729ad43",
        "azureml-served-by-cluster": "vienna-westus-02",
        "Connection": "keep-alive",
        "Content-Length": "817",
        "Content-Type": "application/json",
        "Date": "Fri, 02 May 2025 21:45:09 GMT",
        "openai-organization": "20ba836fffc34ede8203166d666c74ef",
        "openai-processing-ms": "98",
        "openai-version": "2020-10-01",
        "Request-Context": "appId=cid-v1:2d2e8e63-272e-4b3c-8598-4ee570a0e70d",
        "Strict-Transport-Security": "max-age=31536000; includeSubDomains; preload",
        "Vary": "Accept-Encoding",
        "X-Content-Type-Options": "nosniff",
        "x-ms-middleware-request-id": "c152a148-4afe-4def-ac75-77b0a729ad43",
        "x-ms-region": "West US",
        "x-ms-response-type": "standard",
        "X-Request-ID": "5da62476e563962e1459518872a76424",
        "x-request-time": "0.480"
      },
      "ResponseBody": {
        "id": "asst_93GthkleiTPXI6U2qcNw2YRo",
        "object": "assistant",
        "created_at": 1746222309,
        "name": "cs_e2e_tests_client",
        "description": null,
        "model": "gpt-4",
        "instructions": "You are a helpful agent.",
        "tools": [
          {
            "type": "azure_ai_search"
          }
        ],
        "top_p": 1.0,
        "temperature": 1.0,
        "tool_resources": {
          "azure_ai_search": {
            "indexes": [
              {
                "index_connection_id": "/subscriptions/b17253fa-f327-42d6-9686-f3e553e24763/resourceGroups/nirovins-rg-eastus/providers/Microsoft.MachineLearningServices/workspaces/nirovins-westus/connections/nirovinswestussearch",
                "index_name": "sample_index",
                "query_type": "simple",
                "top_k": 5,
                "filter": null
              }
            ]
          }
        },
        "metadata": {},
        "response_format": "auto"
      }
    },
    {
      "RequestUri": "https://westus.api.azureml.ms/agents/v1.0/subscriptions/b17253fa-f327-42d6-9686-f3e553e24763/resourceGroups/nirovins-rg-eastus/providers/Microsoft.MachineLearningServices/workspaces/nirovins-westus/threads?api-version=v1",
      "RequestMethod": "POST",
      "RequestHeaders": {
        "Accept": "application/json",
        "Authorization": "Sanitized",
        "Content-Length": "2",
        "Content-Type": "application/json",
        "User-Agent": "azsdk-net-AI.Agents.Persistent/1.0.0-alpha.20250502.1 (.NET 8.0.15; Microsoft Windows 10.0.26100)",
        "x-ms-client-request-id": "Sanitized",
        "x-ms-return-client-request-id": "true"
      },
      "RequestBody": {},
      "StatusCode": 200,
      "ResponseHeaders": {
        "apim-request-id": "a182f95d-8122-4fd7-b3d9-26fa2ed4a064",
        "azureml-served-by-cluster": "vienna-westus-02",
        "Connection": "keep-alive",
        "Content-Length": "137",
        "Content-Type": "application/json",
        "Date": "Fri, 02 May 2025 21:45:09 GMT",
        "openai-organization": "20ba836fffc34ede8203166d666c74ef",
        "openai-processing-ms": "72",
        "openai-version": "2020-10-01",
        "Request-Context": "appId=cid-v1:2d2e8e63-272e-4b3c-8598-4ee570a0e70d",
        "Strict-Transport-Security": "max-age=31536000; includeSubDomains; preload",
        "X-Content-Type-Options": "nosniff",
        "x-ms-middleware-request-id": "f72c3670-1066-4d6e-bc26-fc3ad4dadab1",
        "x-ms-region": "West US",
        "x-ms-response-type": "standard",
        "X-Request-ID": "7d6a8b18075f3e1d9f65a87b58ae0720",
        "x-request-time": "0.348"
      },
      "ResponseBody": {
        "id": "thread_AKdByd95T13hRiJB8cbnHGNy",
        "object": "thread",
        "created_at": 1746222309,
        "metadata": {},
        "tool_resources": {}
      }
    },
    {
      "RequestUri": "https://westus.api.azureml.ms/agents/v1.0/subscriptions/b17253fa-f327-42d6-9686-f3e553e24763/resourceGroups/nirovins-rg-eastus/providers/Microsoft.MachineLearningServices/workspaces/nirovins-westus/threads/thread_AKdByd95T13hRiJB8cbnHGNy/messages?api-version=v1",
      "RequestMethod": "POST",
      "RequestHeaders": {
        "Accept": "application/json",
        "Authorization": "Sanitized",
        "Content-Length": "90",
        "Content-Type": "application/json",
        "User-Agent": "azsdk-net-AI.Agents.Persistent/1.0.0-alpha.20250502.1 (.NET 8.0.15; Microsoft Windows 10.0.26100)",
        "x-ms-client-request-id": "Sanitized",
        "x-ms-return-client-request-id": "true"
      },
      "RequestBody": {
        "role": "user",
        "content": "What is the temperature rating of the cozynights sleeping bag?"
      },
      "StatusCode": 200,
      "ResponseHeaders": {
        "apim-request-id": "7efe396a-331b-45d7-9494-86781cf80741",
        "azureml-served-by-cluster": "vienna-westus-02",
        "Connection": "keep-alive",
        "Content-Length": "436",
        "Content-Type": "application/json",
        "Date": "Fri, 02 May 2025 21:45:10 GMT",
        "openai-organization": "20ba836fffc34ede8203166d666c74ef",
        "openai-processing-ms": "124",
        "openai-version": "2020-10-01",
        "Request-Context": "appId=cid-v1:2d2e8e63-272e-4b3c-8598-4ee570a0e70d",
        "Strict-Transport-Security": "max-age=31536000; includeSubDomains; preload",
        "Vary": "Accept-Encoding",
        "X-Content-Type-Options": "nosniff",
        "x-ms-middleware-request-id": "eb0eca09-fa22-45b8-9fa2-40c1b7073533",
        "x-ms-region": "West US",
        "x-ms-response-type": "standard",
        "X-Request-ID": "b34d9de8286058642cdda37d066596a5",
        "x-request-time": "0.523"
      },
      "ResponseBody": {
        "id": "msg_ssr2bTt0HOSPLX7xK5lVJBLd",
        "object": "thread.message",
        "created_at": 1746222310,
        "assistant_id": null,
        "thread_id": "thread_AKdByd95T13hRiJB8cbnHGNy",
        "run_id": null,
        "role": "user",
        "content": [
          {
            "type": "text",
            "text": {
              "value": "What is the temperature rating of the cozynights sleeping bag?",
              "annotations": []
            }
          }
        ],
        "attachments": [],
        "metadata": {}
      }
    },
    {
      "RequestUri": "https://westus.api.azureml.ms/agents/v1.0/subscriptions/b17253fa-f327-42d6-9686-f3e553e24763/resourceGroups/nirovins-rg-eastus/providers/Microsoft.MachineLearningServices/workspaces/nirovins-westus/threads/thread_AKdByd95T13hRiJB8cbnHGNy/runs?api-version=v1",
      "RequestMethod": "POST",
      "RequestHeaders": {
        "Accept": "application/json",
        "Authorization": "Sanitized",
        "Content-Length": "48",
        "Content-Type": "application/json",
        "User-Agent": "azsdk-net-AI.Agents.Persistent/1.0.0-alpha.20250502.1 (.NET 8.0.15; Microsoft Windows 10.0.26100)",
        "x-ms-client-request-id": "Sanitized",
        "x-ms-return-client-request-id": "true"
      },
      "RequestBody": {
        "assistant_id": "asst_93GthkleiTPXI6U2qcNw2YRo"
      },
      "StatusCode": 200,
      "ResponseHeaders": {
        "apim-request-id": "f249fcf2-5b62-44c0-aa34-4fca9c19e136",
        "azureml-served-by-cluster": "vienna-westus-02",
        "Connection": "keep-alive",
        "Content-Length": "867",
        "Content-Type": "application/json",
        "Date": "Fri, 02 May 2025 21:45:11 GMT",
        "openai-organization": "20ba836fffc34ede8203166d666c74ef",
        "openai-processing-ms": "203",
        "openai-version": "2020-10-01",
        "Request-Context": "appId=cid-v1:2d2e8e63-272e-4b3c-8598-4ee570a0e70d",
        "Strict-Transport-Security": "max-age=31536000; includeSubDomains; preload",
        "Vary": "Accept-Encoding",
        "X-Content-Type-Options": "nosniff",
        "x-ms-middleware-request-id": "2fa41be4-e6a3-4a1f-8f2f-dced47017310",
        "x-ms-region": "West US",
        "x-ms-response-type": "standard",
        "X-Request-ID": "1e31dc148af4b26a96e92cfdfafd96fe",
        "x-request-time": "0.884"
      },
      "ResponseBody": {
        "id": "run_y0zbzxxP80qJAE6Ku8UB2mcN",
        "object": "thread.run",
        "created_at": 1746222311,
        "assistant_id": "asst_93GthkleiTPXI6U2qcNw2YRo",
        "thread_id": "thread_AKdByd95T13hRiJB8cbnHGNy",
        "status": "queued",
        "started_at": null,
        "expires_at": 1746222911,
        "cancelled_at": null,
        "failed_at": null,
        "completed_at": null,
        "required_action": null,
        "last_error": null,
        "model": "gpt-4",
        "instructions": "You are a helpful agent.",
        "tools": [
          {
            "type": "azure_ai_search"
          }
        ],
        "tool_resources": {},
        "metadata": {},
        "temperature": 1.0,
        "top_p": 1.0,
        "max_completion_tokens": null,
        "max_prompt_tokens": null,
        "truncation_strategy": {
          "type": "auto",
          "last_messages": null
        },
        "incomplete_details": null,
        "usage": null,
        "response_format": "auto",
        "tool_choice": "auto",
        "parallel_tool_calls": true
      }
    },
    {
      "RequestUri": "https://westus.api.azureml.ms/agents/v1.0/subscriptions/b17253fa-f327-42d6-9686-f3e553e24763/resourceGroups/nirovins-rg-eastus/providers/Microsoft.MachineLearningServices/workspaces/nirovins-westus/threads/thread_AKdByd95T13hRiJB8cbnHGNy/runs/run_y0zbzxxP80qJAE6Ku8UB2mcN?api-version=v1",
      "RequestMethod": "GET",
      "RequestHeaders": {
        "Accept": "application/json",
        "Authorization": "Sanitized",
        "User-Agent": "azsdk-net-AI.Agents.Persistent/1.0.0-alpha.20250502.1 (.NET 8.0.15; Microsoft Windows 10.0.26100)",
        "x-ms-client-request-id": "Sanitized",
        "x-ms-return-client-request-id": "true"
      },
      "RequestBody": null,
      "StatusCode": 200,
      "ResponseHeaders": {
        "apim-request-id": "af65b9a1-5a9a-41c3-8c7f-563360e824a5",
        "azureml-served-by-cluster": "vienna-westus-02",
        "Connection": "keep-alive",
        "Content-Length": "878",
        "Content-Type": "application/json",
        "Date": "Fri, 02 May 2025 21:45:12 GMT",
        "openai-organization": "20ba836fffc34ede8203166d666c74ef",
        "openai-processing-ms": "136",
        "openai-version": "2020-10-01",
        "Request-Context": "appId=cid-v1:2d2e8e63-272e-4b3c-8598-4ee570a0e70d",
        "Strict-Transport-Security": "max-age=31536000; includeSubDomains; preload",
        "Vary": "Accept-Encoding",
        "X-Content-Type-Options": "nosniff",
        "x-ms-middleware-request-id": "ffdedcc2-77d3-49f4-b58a-457767686fb7",
        "x-ms-region": "West US",
        "x-ms-response-type": "standard",
        "X-Request-ID": "e1ebec65c4bf00dab5794e67d97ea5a3",
        "x-request-time": "0.587"
      },
      "ResponseBody": {
        "id": "run_y0zbzxxP80qJAE6Ku8UB2mcN",
        "object": "thread.run",
        "created_at": 1746222311,
        "assistant_id": "asst_93GthkleiTPXI6U2qcNw2YRo",
        "thread_id": "thread_AKdByd95T13hRiJB8cbnHGNy",
        "status": "in_progress",
        "started_at": 1746222311,
        "expires_at": 1746222911,
        "cancelled_at": null,
        "failed_at": null,
        "completed_at": null,
        "required_action": null,
        "last_error": null,
        "model": "gpt-4",
        "instructions": "You are a helpful agent.",
        "tools": [
          {
            "type": "azure_ai_search"
          }
        ],
        "tool_resources": {},
        "metadata": {},
        "temperature": 1.0,
        "top_p": 1.0,
        "max_completion_tokens": null,
        "max_prompt_tokens": null,
        "truncation_strategy": {
          "type": "auto",
          "last_messages": null
        },
        "incomplete_details": null,
        "usage": null,
        "response_format": "auto",
        "tool_choice": "auto",
        "parallel_tool_calls": true
      }
    },
    {
      "RequestUri": "https://westus.api.azureml.ms/agents/v1.0/subscriptions/b17253fa-f327-42d6-9686-f3e553e24763/resourceGroups/nirovins-rg-eastus/providers/Microsoft.MachineLearningServices/workspaces/nirovins-westus/threads/thread_AKdByd95T13hRiJB8cbnHGNy/runs/run_y0zbzxxP80qJAE6Ku8UB2mcN?api-version=v1",
      "RequestMethod": "GET",
      "RequestHeaders": {
        "Accept": "application/json",
        "Authorization": "Sanitized",
        "User-Agent": "azsdk-net-AI.Agents.Persistent/1.0.0-alpha.20250502.1 (.NET 8.0.15; Microsoft Windows 10.0.26100)",
        "x-ms-client-request-id": "Sanitized",
        "x-ms-return-client-request-id": "true"
      },
      "RequestBody": null,
      "StatusCode": 200,
      "ResponseHeaders": {
        "apim-request-id": "7562ed94-c763-4b11-96b1-cbffc524da20",
        "azureml-served-by-cluster": "vienna-westus-02",
        "Connection": "keep-alive",
        "Content-Length": "878",
        "Content-Type": "application/json",
        "Date": "Fri, 02 May 2025 21:45:13 GMT",
        "openai-organization": "20ba836fffc34ede8203166d666c74ef",
        "openai-processing-ms": "91",
        "openai-version": "2020-10-01",
        "Request-Context": "appId=cid-v1:2d2e8e63-272e-4b3c-8598-4ee570a0e70d",
        "Strict-Transport-Security": "max-age=31536000; includeSubDomains; preload",
        "Vary": "Accept-Encoding",
        "X-Content-Type-Options": "nosniff",
        "x-ms-middleware-request-id": "a114fde0-2fe6-43e1-8bbf-e59d0ecdc8d1",
        "x-ms-region": "West US",
        "x-ms-response-type": "standard",
        "X-Request-ID": "d74bfb8810c56effb49d3731a411b367",
        "x-request-time": "0.306"
      },
      "ResponseBody": {
        "id": "run_y0zbzxxP80qJAE6Ku8UB2mcN",
        "object": "thread.run",
        "created_at": 1746222311,
        "assistant_id": "asst_93GthkleiTPXI6U2qcNw2YRo",
        "thread_id": "thread_AKdByd95T13hRiJB8cbnHGNy",
        "status": "in_progress",
        "started_at": 1746222311,
        "expires_at": 1746222911,
        "cancelled_at": null,
        "failed_at": null,
        "completed_at": null,
        "required_action": null,
        "last_error": null,
        "model": "gpt-4",
        "instructions": "You are a helpful agent.",
        "tools": [
          {
            "type": "azure_ai_search"
          }
        ],
        "tool_resources": {},
        "metadata": {},
        "temperature": 1.0,
        "top_p": 1.0,
        "max_completion_tokens": null,
        "max_prompt_tokens": null,
        "truncation_strategy": {
          "type": "auto",
          "last_messages": null
        },
        "incomplete_details": null,
        "usage": null,
        "response_format": "auto",
        "tool_choice": "auto",
        "parallel_tool_calls": true
      }
    },
    {
      "RequestUri": "https://westus.api.azureml.ms/agents/v1.0/subscriptions/b17253fa-f327-42d6-9686-f3e553e24763/resourceGroups/nirovins-rg-eastus/providers/Microsoft.MachineLearningServices/workspaces/nirovins-westus/threads/thread_AKdByd95T13hRiJB8cbnHGNy/runs/run_y0zbzxxP80qJAE6Ku8UB2mcN?api-version=v1",
      "RequestMethod": "GET",
      "RequestHeaders": {
        "Accept": "application/json",
        "Authorization": "Sanitized",
        "User-Agent": "azsdk-net-AI.Agents.Persistent/1.0.0-alpha.20250502.1 (.NET 8.0.15; Microsoft Windows 10.0.26100)",
        "x-ms-client-request-id": "Sanitized",
        "x-ms-return-client-request-id": "true"
      },
      "RequestBody": null,
      "StatusCode": 200,
      "ResponseHeaders": {
        "apim-request-id": "a22eba2b-f9cb-431e-ab7a-d5dc2c93165c",
        "azureml-served-by-cluster": "vienna-westus-02",
        "Connection": "keep-alive",
        "Content-Length": "878",
        "Content-Type": "application/json",
        "Date": "Fri, 02 May 2025 21:45:14 GMT",
        "openai-organization": "20ba836fffc34ede8203166d666c74ef",
        "openai-processing-ms": "86",
        "openai-version": "2020-10-01",
        "Request-Context": "appId=cid-v1:2d2e8e63-272e-4b3c-8598-4ee570a0e70d",
        "Strict-Transport-Security": "max-age=31536000; includeSubDomains; preload",
        "Vary": "Accept-Encoding",
        "X-Content-Type-Options": "nosniff",
        "x-ms-middleware-request-id": "606a9309-e3c1-4331-b050-2b6a05b3dd82",
        "x-ms-region": "West US",
        "x-ms-response-type": "standard",
        "X-Request-ID": "5332b4f354d63058af30f8887ee1fbce",
        "x-request-time": "0.310"
      },
      "ResponseBody": {
        "id": "run_y0zbzxxP80qJAE6Ku8UB2mcN",
        "object": "thread.run",
        "created_at": 1746222311,
        "assistant_id": "asst_93GthkleiTPXI6U2qcNw2YRo",
        "thread_id": "thread_AKdByd95T13hRiJB8cbnHGNy",
        "status": "in_progress",
        "started_at": 1746222311,
        "expires_at": 1746222911,
        "cancelled_at": null,
        "failed_at": null,
        "completed_at": null,
        "required_action": null,
        "last_error": null,
        "model": "gpt-4",
        "instructions": "You are a helpful agent.",
        "tools": [
          {
            "type": "azure_ai_search"
          }
        ],
        "tool_resources": {},
        "metadata": {},
        "temperature": 1.0,
        "top_p": 1.0,
        "max_completion_tokens": null,
        "max_prompt_tokens": null,
        "truncation_strategy": {
          "type": "auto",
          "last_messages": null
        },
        "incomplete_details": null,
        "usage": null,
        "response_format": "auto",
        "tool_choice": "auto",
        "parallel_tool_calls": true
      }
    },
    {
      "RequestUri": "https://westus.api.azureml.ms/agents/v1.0/subscriptions/b17253fa-f327-42d6-9686-f3e553e24763/resourceGroups/nirovins-rg-eastus/providers/Microsoft.MachineLearningServices/workspaces/nirovins-westus/threads/thread_AKdByd95T13hRiJB8cbnHGNy/runs/run_y0zbzxxP80qJAE6Ku8UB2mcN?api-version=v1",
      "RequestMethod": "GET",
      "RequestHeaders": {
        "Accept": "application/json",
        "Authorization": "Sanitized",
        "User-Agent": "azsdk-net-AI.Agents.Persistent/1.0.0-alpha.20250502.1 (.NET 8.0.15; Microsoft Windows 10.0.26100)",
        "x-ms-client-request-id": "Sanitized",
        "x-ms-return-client-request-id": "true"
      },
      "RequestBody": null,
      "StatusCode": 200,
      "ResponseHeaders": {
        "apim-request-id": "a72acf40-b304-44c5-805e-32f91265744e",
        "azureml-served-by-cluster": "vienna-westus-02",
        "Connection": "keep-alive",
        "Content-Length": "1020",
        "Content-Type": "application/json",
        "Date": "Fri, 02 May 2025 21:45:15 GMT",
        "openai-organization": "20ba836fffc34ede8203166d666c74ef",
        "openai-processing-ms": "97",
        "openai-version": "2020-10-01",
        "Request-Context": "appId=cid-v1:2d2e8e63-272e-4b3c-8598-4ee570a0e70d",
        "Strict-Transport-Security": "max-age=31536000; includeSubDomains; preload",
        "Vary": "Accept-Encoding",
        "X-Content-Type-Options": "nosniff",
        "x-ms-middleware-request-id": "789b9d42-2add-4fa9-bd77-d8c6ab71b2e1",
        "x-ms-region": "West US",
        "x-ms-response-type": "standard",
        "X-Request-ID": "d661a39f878fcb5f53d9f2ba7d7013f7",
        "x-request-time": "0.351"
      },
      "ResponseBody": {
        "id": "run_y0zbzxxP80qJAE6Ku8UB2mcN",
        "object": "thread.run",
        "created_at": 1746222311,
        "assistant_id": "asst_93GthkleiTPXI6U2qcNw2YRo",
        "thread_id": "thread_AKdByd95T13hRiJB8cbnHGNy",
        "status": "completed",
        "started_at": 1746222311,
        "expires_at": null,
        "cancelled_at": null,
        "failed_at": null,
        "completed_at": 1746222314,
        "required_action": null,
        "last_error": null,
        "model": "gpt-4",
        "instructions": "You are a helpful agent.",
        "tools": [
          {
            "type": "azure_ai_search"
          }
        ],
        "tool_resources": {},
        "metadata": {},
        "temperature": 1.0,
        "top_p": 1.0,
        "max_completion_tokens": null,
        "max_prompt_tokens": null,
        "truncation_strategy": {
          "type": "auto",
          "last_messages": null
        },
        "incomplete_details": null,
        "usage": {
          "prompt_tokens": 1289,
          "completion_tokens": 60,
          "total_tokens": 1349,
          "prompt_token_details": {
            "cached_tokens": 0
          }
        },
        "response_format": "auto",
        "tool_choice": "auto",
        "parallel_tool_calls": true
      }
    },
    {
      "RequestUri": "https://westus.api.azureml.ms/agents/v1.0/subscriptions/b17253fa-f327-42d6-9686-f3e553e24763/resourceGroups/nirovins-rg-eastus/providers/Microsoft.MachineLearningServices/workspaces/nirovins-westus/threads/thread_AKdByd95T13hRiJB8cbnHGNy/messages?api-version=v1&order=asc",
      "RequestMethod": "GET",
      "RequestHeaders": {
        "Accept": "application/json",
        "Authorization": "Sanitized",
        "User-Agent": "azsdk-net-AI.Agents.Persistent/1.0.0-alpha.20250502.1 (.NET 8.0.15; Microsoft Windows 10.0.26100)",
        "x-ms-client-request-id": "Sanitized",
        "x-ms-return-client-request-id": "true"
      },
      "RequestBody": null,
      "StatusCode": 200,
      "ResponseHeaders": {
        "apim-request-id": "4f1f931c-a795-4b21-b1f1-2278945f7a4b",
        "azureml-served-by-cluster": "vienna-westus-02",
        "Connection": "keep-alive",
        "Content-Length": "1662",
        "Content-Type": "application/json",
        "Date": "Fri, 02 May 2025 21:45:15 GMT",
        "openai-organization": "20ba836fffc34ede8203166d666c74ef",
        "openai-processing-ms": "91",
        "openai-version": "2020-10-01",
        "Request-Context": "appId=cid-v1:2d2e8e63-272e-4b3c-8598-4ee570a0e70d",
        "Strict-Transport-Security": "max-age=31536000; includeSubDomains; preload",
        "Vary": "Accept-Encoding",
        "X-Content-Type-Options": "nosniff",
        "x-ms-middleware-request-id": "18689565-d676-4d64-9692-14a4e04abf41",
        "x-ms-region": "West US",
        "x-ms-response-type": "standard",
        "X-Request-ID": "cedaf70a837482922ec89816541547c9",
        "x-request-time": "0.358"
      },
      "ResponseBody": {
        "object": "list",
        "data": [
          {
            "id": "msg_ssr2bTt0HOSPLX7xK5lVJBLd",
            "object": "thread.message",
            "created_at": 1746222310,
            "assistant_id": null,
            "thread_id": "thread_AKdByd95T13hRiJB8cbnHGNy",
            "run_id": null,
            "role": "user",
            "content": [
              {
                "type": "text",
                "text": {
                  "value": "What is the temperature rating of the cozynights sleeping bag?",
                  "annotations": []
                }
              }
            ],
            "attachments": [],
            "metadata": {}
          },
          {
            "id": "msg_7Z9lq9ouFjLzCm9yzWcoKHAU",
            "object": "thread.message",
            "created_at": 1746222314,
            "assistant_id": "asst_93GthkleiTPXI6U2qcNw2YRo",
            "thread_id": "thread_AKdByd95T13hRiJB8cbnHGNy",
            "run_id": "run_y0zbzxxP80qJAE6Ku8UB2mcN",
            "role": "assistant",
            "content": [
              {
                "type": "text",
                "text": {
                  "value": "The CozyNights Sleeping Bag has a temperature rating for 3-season use, ranging from 20°F to 60°F (-6°C to 15°C)【3:0†source】.",
                  "annotations": [
                    {
                      "type": "url_citation",
                      "text": "【3:0†source】",
                      "start_index": 111,
                      "end_index": 123,
                      "url_citation": {
                        "url": "www.microsoft.com",
                        "title": "product_info_7.md"
                      }
                    }
                  ]
                }
              }
            ],
            "attachments": [],
            "metadata": {}
          }
        ],
        "first_id": "msg_ssr2bTt0HOSPLX7xK5lVJBLd",
        "last_id": "msg_7Z9lq9ouFjLzCm9yzWcoKHAU",
        "has_more": false
      }
    }
  ],
  "Variables": {
    "AZURE_AI_CONNECTION_ID": "/subscriptions/b17253fa-f327-42d6-9686-f3e553e24763/resourceGroups/nirovins-rg-eastus/providers/Microsoft.MachineLearningServices/workspaces/nirovins-westus/connections/nirovinswestussearch",
    "PROJECT_CONNECTION_STRING": "westus.api.azureml.ms;b17253fa-f327-42d6-9686-f3e553e24763;nirovins-rg-eastus;nirovins-westus",
    "PROJECT_ENDPOINT": "westus.api.azureml.ms;b17253fa-f327-42d6-9686-f3e553e24763;nirovins-rg-eastus;nirovins-westus",
    "RandomSeed": "330279727"
  }
}
