{
  "Entries": [
    {
      "RequestUri": "https://westus.api.azureml.ms/agents/v1.0/subscriptions/b17253fa-f327-42d6-9686-f3e553e24763/resourceGroups/nirovins-rg-eastus/providers/Microsoft.MachineLearningServices/workspaces/nirovins-westus/assistants?api-version=2025-05-15-preview",
      "RequestMethod": "POST",
      "RequestHeaders": {
        "Accept": "application/json",
        "Authorization": "Sanitized",
        "Content-Length": "442",
        "Content-Type": "application/json",
        "User-Agent": "azsdk-net-AI.Agents.Persistent/1.0.0-alpha.20250423.1 (.NET 8.0.15; Microsoft Windows 10.0.26100)",
        "x-ms-client-request-id": "Sanitized",
        "x-ms-return-client-request-id": "true"
      },
      "RequestBody": {
        "model": "gpt-4",
        "name": "cs_e2e_tests_client",
        "instructions": "You are a helpful agent.",
        "tools": [
          {
            "type": "azure_ai_search"
          }
        ],
        "tool_resources": {
          "azure_ai_search": {
            "indexes": [
              {
                "index_connection_id": "/subscriptions/b17253fa-f327-42d6-9686-f3e553e24763/resourceGroups/nirovins-rg-eastus/providers/Microsoft.MachineLearningServices/workspaces/nirovins-westus/connections/nirovinswestussearch",
                "index_name": "sample_index",
                "query_type": "simple"
              }
            ]
          }
        }
      },
      "StatusCode": 200,
      "ResponseHeaders": {
        "apim-request-id": "efc65457-549c-4594-82ce-b7e8d111a0ee",
        "Connection": "keep-alive",
        "Content-Length": "817",
        "Content-Type": "application/json",
        "Date": "Wed, 23 Apr 2025 18:42:11 GMT",
        "openai-organization": "20ba836fffc34ede8203166d666c74ef",
        "openai-processing-ms": "103",
        "openai-version": "2020-10-01",
        "Request-Context": "appId=cid-v1:2d2e8e63-272e-4b3c-8598-4ee570a0e70d",
        "Strict-Transport-Security": "max-age=31536000; includeSubDomains; preload",
        "Vary": "Accept-Encoding",
        "x-aml-cluster": "vienna-westus-02",
        "X-Content-Type-Options": "nosniff",
        "x-ms-middleware-request-id": "efc65457-549c-4594-82ce-b7e8d111a0ee",
        "x-ms-region": "West US",
        "x-ms-response-type": "standard",
        "X-Request-ID": "64a226375bfa6b7543b2216b185e996b",
        "x-request-time": "0.727"
      },
      "ResponseBody": {
        "id": "asst_jIvNxfTdKj2ACj3r5dkJY3gv",
        "object": "assistant",
        "created_at": 1745433731,
        "name": "cs_e2e_tests_client",
        "description": null,
        "model": "gpt-4",
        "instructions": "You are a helpful agent.",
        "tools": [
          {
            "type": "azure_ai_search"
          }
        ],
        "top_p": 1.0,
        "temperature": 1.0,
        "tool_resources": {
          "azure_ai_search": {
            "indexes": [
              {
                "index_connection_id": "/subscriptions/b17253fa-f327-42d6-9686-f3e553e24763/resourceGroups/nirovins-rg-eastus/providers/Microsoft.MachineLearningServices/workspaces/nirovins-westus/connections/nirovinswestussearch",
                "index_name": "sample_index",
                "query_type": "simple",
                "top_k": 5,
                "filter": null
              }
            ]
          }
        },
        "metadata": {},
        "response_format": "auto"
      }
    },
    {
      "RequestUri": "https://westus.api.azureml.ms/agents/v1.0/subscriptions/b17253fa-f327-42d6-9686-f3e553e24763/resourceGroups/nirovins-rg-eastus/providers/Microsoft.MachineLearningServices/workspaces/nirovins-westus/threads?api-version=2025-05-15-preview",
      "RequestMethod": "POST",
      "RequestHeaders": {
        "Accept": "application/json",
        "Authorization": "Sanitized",
        "Content-Length": "2",
        "Content-Type": "application/json",
        "User-Agent": "azsdk-net-AI.Agents.Persistent/1.0.0-alpha.20250423.1 (.NET 8.0.15; Microsoft Windows 10.0.26100)",
        "x-ms-client-request-id": "Sanitized",
        "x-ms-return-client-request-id": "true"
      },
      "RequestBody": {},
      "StatusCode": 200,
      "ResponseHeaders": {
        "apim-request-id": "482fe016-b7c0-4147-bf01-49d0ce92161f",
        "Connection": "keep-alive",
        "Content-Length": "137",
        "Content-Type": "application/json",
        "Date": "Wed, 23 Apr 2025 18:42:12 GMT",
        "openai-organization": "20ba836fffc34ede8203166d666c74ef",
        "openai-processing-ms": "126",
        "openai-version": "2020-10-01",
        "Request-Context": "appId=cid-v1:2d2e8e63-272e-4b3c-8598-4ee570a0e70d",
        "Strict-Transport-Security": "max-age=31536000; includeSubDomains; preload",
        "x-aml-cluster": "vienna-westus-02",
        "X-Content-Type-Options": "nosniff",
        "x-ms-middleware-request-id": "6f6d1f33-8129-4764-9d17-5d3e4c876df7",
        "x-ms-region": "West US",
        "x-ms-response-type": "standard",
        "X-Request-ID": "3a6b5a3b8d93bbc252d2b178da36e4f5",
        "x-request-time": "0.776"
      },
      "ResponseBody": {
        "id": "thread_fR5W7RlUpOrlPyxqPTyXgM0v",
        "object": "thread",
        "created_at": 1745433732,
        "metadata": {},
        "tool_resources": {}
      }
    },
    {
      "RequestUri": "https://westus.api.azureml.ms/agents/v1.0/subscriptions/b17253fa-f327-42d6-9686-f3e553e24763/resourceGroups/nirovins-rg-eastus/providers/Microsoft.MachineLearningServices/workspaces/nirovins-westus/threads/thread_fR5W7RlUpOrlPyxqPTyXgM0v/messages?api-version=2025-05-15-preview",
      "RequestMethod": "POST",
      "RequestHeaders": {
        "Accept": "application/json",
        "Authorization": "Sanitized",
        "Content-Length": "90",
        "Content-Type": "application/json",
        "User-Agent": "azsdk-net-AI.Agents.Persistent/1.0.0-alpha.20250423.1 (.NET 8.0.15; Microsoft Windows 10.0.26100)",
        "x-ms-client-request-id": "Sanitized",
        "x-ms-return-client-request-id": "true"
      },
      "RequestBody": {
        "role": "user",
        "content": "What is the temperature rating of the cozynights sleeping bag?"
      },
      "StatusCode": 200,
      "ResponseHeaders": {
        "apim-request-id": "0db6707e-d366-4389-adf2-0a08f9609efb",
        "Connection": "keep-alive",
        "Content-Length": "436",
        "Content-Type": "application/json",
        "Date": "Wed, 23 Apr 2025 18:42:12 GMT",
        "openai-organization": "20ba836fffc34ede8203166d666c74ef",
        "openai-processing-ms": "95",
        "openai-version": "2020-10-01",
        "Request-Context": "appId=cid-v1:2d2e8e63-272e-4b3c-8598-4ee570a0e70d",
        "Strict-Transport-Security": "max-age=31536000; includeSubDomains; preload",
        "Vary": "Accept-Encoding",
        "x-aml-cluster": "vienna-westus-02",
        "X-Content-Type-Options": "nosniff",
        "x-ms-middleware-request-id": "a99bc0bd-e6ee-4975-a315-272ab8b9b3f9",
        "x-ms-region": "West US",
        "x-ms-response-type": "standard",
        "X-Request-ID": "0aca9aa25d2df6f4afeb03660d610d55",
        "x-request-time": "0.649"
      },
      "ResponseBody": {
        "id": "msg_ocOWYiYshOmtRaNtlYQteUiV",
        "object": "thread.message",
        "created_at": 1745433732,
        "assistant_id": null,
        "thread_id": "thread_fR5W7RlUpOrlPyxqPTyXgM0v",
        "run_id": null,
        "role": "user",
        "content": [
          {
            "type": "text",
            "text": {
              "value": "What is the temperature rating of the cozynights sleeping bag?",
              "annotations": []
            }
          }
        ],
        "attachments": [],
        "metadata": {}
      }
    },
    {
      "RequestUri": "https://westus.api.azureml.ms/agents/v1.0/subscriptions/b17253fa-f327-42d6-9686-f3e553e24763/resourceGroups/nirovins-rg-eastus/providers/Microsoft.MachineLearningServices/workspaces/nirovins-westus/threads/thread_fR5W7RlUpOrlPyxqPTyXgM0v/runs?api-version=2025-05-15-preview",
      "RequestMethod": "POST",
      "RequestHeaders": {
        "Accept": "application/json",
        "Authorization": "Sanitized",
        "Content-Length": "48",
        "Content-Type": "application/json",
        "User-Agent": "azsdk-net-AI.Agents.Persistent/1.0.0-alpha.20250423.1 (.NET 8.0.15; Microsoft Windows 10.0.26100)",
        "x-ms-client-request-id": "Sanitized",
        "x-ms-return-client-request-id": "true"
      },
      "RequestBody": {
        "assistant_id": "asst_jIvNxfTdKj2ACj3r5dkJY3gv"
      },
      "StatusCode": 200,
      "ResponseHeaders": {
        "apim-request-id": "e38c0d02-24e4-4243-a782-7d7942194507",
        "Connection": "keep-alive",
        "Content-Length": "867",
        "Content-Type": "application/json",
        "Date": "Wed, 23 Apr 2025 18:42:13 GMT",
        "openai-organization": "20ba836fffc34ede8203166d666c74ef",
        "openai-processing-ms": "244",
        "openai-version": "2020-10-01",
        "Request-Context": "appId=cid-v1:2d2e8e63-272e-4b3c-8598-4ee570a0e70d",
        "Strict-Transport-Security": "max-age=31536000; includeSubDomains; preload",
        "Vary": "Accept-Encoding",
        "x-aml-cluster": "vienna-westus-02",
        "X-Content-Type-Options": "nosniff",
        "x-ms-middleware-request-id": "69a7bc30-e837-453e-a244-d678cc8bb454",
        "x-ms-region": "West US",
        "x-ms-response-type": "standard",
        "X-Request-ID": "a6f333b30bbdfd08cb8c07321121c504",
        "x-request-time": "1.097"
      },
      "ResponseBody": {
        "id": "run_oN7EXI7Oa82mcAj7U9rdibm3",
        "object": "thread.run",
        "created_at": 1745433733,
        "assistant_id": "asst_jIvNxfTdKj2ACj3r5dkJY3gv",
        "thread_id": "thread_fR5W7RlUpOrlPyxqPTyXgM0v",
        "status": "queued",
        "started_at": null,
        "expires_at": 1745434333,
        "cancelled_at": null,
        "failed_at": null,
        "completed_at": null,
        "required_action": null,
        "last_error": null,
        "model": "gpt-4",
        "instructions": "You are a helpful agent.",
        "tools": [
          {
            "type": "azure_ai_search"
          }
        ],
        "tool_resources": {},
        "metadata": {},
        "temperature": 1.0,
        "top_p": 1.0,
        "max_completion_tokens": null,
        "max_prompt_tokens": null,
        "truncation_strategy": {
          "type": "auto",
          "last_messages": null
        },
        "incomplete_details": null,
        "usage": null,
        "response_format": "auto",
        "tool_choice": "auto",
        "parallel_tool_calls": true
      }
    },
    {
      "RequestUri": "https://westus.api.azureml.ms/agents/v1.0/subscriptions/b17253fa-f327-42d6-9686-f3e553e24763/resourceGroups/nirovins-rg-eastus/providers/Microsoft.MachineLearningServices/workspaces/nirovins-westus/threads/thread_fR5W7RlUpOrlPyxqPTyXgM0v/runs/run_oN7EXI7Oa82mcAj7U9rdibm3?api-version=2025-05-15-preview",
      "RequestMethod": "GET",
      "RequestHeaders": {
        "Accept": "application/json",
        "Authorization": "Sanitized",
        "User-Agent": "azsdk-net-AI.Agents.Persistent/1.0.0-alpha.20250423.1 (.NET 8.0.15; Microsoft Windows 10.0.26100)",
        "x-ms-client-request-id": "Sanitized",
        "x-ms-return-client-request-id": "true"
      },
      "RequestBody": null,
      "StatusCode": 200,
      "ResponseHeaders": {
        "apim-request-id": "9c1e2b4f-3e7f-4dec-8d4d-56c9fb6f0ea4",
        "Connection": "keep-alive",
        "Content-Length": "878",
        "Content-Type": "application/json",
        "Date": "Wed, 23 Apr 2025 18:42:14 GMT",
        "openai-organization": "20ba836fffc34ede8203166d666c74ef",
        "openai-processing-ms": "92",
        "openai-version": "2020-10-01",
        "Request-Context": "appId=cid-v1:2d2e8e63-272e-4b3c-8598-4ee570a0e70d",
        "Strict-Transport-Security": "max-age=31536000; includeSubDomains; preload",
        "Vary": "Accept-Encoding",
        "x-aml-cluster": "vienna-westus-02",
        "X-Content-Type-Options": "nosniff",
        "x-ms-middleware-request-id": "93649886-ea68-40c8-a0ef-c7bb0b56b1e9",
        "x-ms-region": "West US",
        "x-ms-response-type": "standard",
        "X-Request-ID": "41ad5cb05407297f4594c5f7e1ec967e",
        "x-request-time": "0.414"
      },
      "ResponseBody": {
        "id": "run_oN7EXI7Oa82mcAj7U9rdibm3",
        "object": "thread.run",
        "created_at": 1745433733,
        "assistant_id": "asst_jIvNxfTdKj2ACj3r5dkJY3gv",
        "thread_id": "thread_fR5W7RlUpOrlPyxqPTyXgM0v",
        "status": "in_progress",
        "started_at": 1745433734,
        "expires_at": 1745434333,
        "cancelled_at": null,
        "failed_at": null,
        "completed_at": null,
        "required_action": null,
        "last_error": null,
        "model": "gpt-4",
        "instructions": "You are a helpful agent.",
        "tools": [
          {
            "type": "azure_ai_search"
          }
        ],
        "tool_resources": {},
        "metadata": {},
        "temperature": 1.0,
        "top_p": 1.0,
        "max_completion_tokens": null,
        "max_prompt_tokens": null,
        "truncation_strategy": {
          "type": "auto",
          "last_messages": null
        },
        "incomplete_details": null,
        "usage": null,
        "response_format": "auto",
        "tool_choice": "auto",
        "parallel_tool_calls": true
      }
    },
    {
      "RequestUri": "https://westus.api.azureml.ms/agents/v1.0/subscriptions/b17253fa-f327-42d6-9686-f3e553e24763/resourceGroups/nirovins-rg-eastus/providers/Microsoft.MachineLearningServices/workspaces/nirovins-westus/threads/thread_fR5W7RlUpOrlPyxqPTyXgM0v/runs/run_oN7EXI7Oa82mcAj7U9rdibm3?api-version=2025-05-15-preview",
      "RequestMethod": "GET",
      "RequestHeaders": {
        "Accept": "application/json",
        "Authorization": "Sanitized",
        "User-Agent": "azsdk-net-AI.Agents.Persistent/1.0.0-alpha.20250423.1 (.NET 8.0.15; Microsoft Windows 10.0.26100)",
        "x-ms-client-request-id": "Sanitized",
        "x-ms-return-client-request-id": "true"
      },
      "RequestBody": null,
      "StatusCode": 200,
      "ResponseHeaders": {
        "apim-request-id": "14bfd01f-9076-436d-9ed4-73c5917c5cfb",
        "Connection": "keep-alive",
        "Content-Length": "878",
        "Content-Type": "application/json",
        "Date": "Wed, 23 Apr 2025 18:42:15 GMT",
        "openai-organization": "20ba836fffc34ede8203166d666c74ef",
        "openai-processing-ms": "91",
        "openai-version": "2020-10-01",
        "Request-Context": "appId=cid-v1:2d2e8e63-272e-4b3c-8598-4ee570a0e70d",
        "Strict-Transport-Security": "max-age=31536000; includeSubDomains; preload",
        "Vary": "Accept-Encoding",
        "x-aml-cluster": "vienna-westus-02",
        "X-Content-Type-Options": "nosniff",
        "x-ms-middleware-request-id": "165b2295-e1ee-4014-8b7a-7f270c067618",
        "x-ms-region": "West US",
        "x-ms-response-type": "standard",
        "X-Request-ID": "a249c8479cbc3f17135a709996c59c08",
        "x-request-time": "0.423"
      },
      "ResponseBody": {
        "id": "run_oN7EXI7Oa82mcAj7U9rdibm3",
        "object": "thread.run",
        "created_at": 1745433733,
        "assistant_id": "asst_jIvNxfTdKj2ACj3r5dkJY3gv",
        "thread_id": "thread_fR5W7RlUpOrlPyxqPTyXgM0v",
        "status": "in_progress",
        "started_at": 1745433734,
        "expires_at": 1745434333,
        "cancelled_at": null,
        "failed_at": null,
        "completed_at": null,
        "required_action": null,
        "last_error": null,
        "model": "gpt-4",
        "instructions": "You are a helpful agent.",
        "tools": [
          {
            "type": "azure_ai_search"
          }
        ],
        "tool_resources": {},
        "metadata": {},
        "temperature": 1.0,
        "top_p": 1.0,
        "max_completion_tokens": null,
        "max_prompt_tokens": null,
        "truncation_strategy": {
          "type": "auto",
          "last_messages": null
        },
        "incomplete_details": null,
        "usage": null,
        "response_format": "auto",
        "tool_choice": "auto",
        "parallel_tool_calls": true
      }
    },
    {
      "RequestUri": "https://westus.api.azureml.ms/agents/v1.0/subscriptions/b17253fa-f327-42d6-9686-f3e553e24763/resourceGroups/nirovins-rg-eastus/providers/Microsoft.MachineLearningServices/workspaces/nirovins-westus/threads/thread_fR5W7RlUpOrlPyxqPTyXgM0v/runs/run_oN7EXI7Oa82mcAj7U9rdibm3?api-version=2025-05-15-preview",
      "RequestMethod": "GET",
      "RequestHeaders": {
        "Accept": "application/json",
        "Authorization": "Sanitized",
        "User-Agent": "azsdk-net-AI.Agents.Persistent/1.0.0-alpha.20250423.1 (.NET 8.0.15; Microsoft Windows 10.0.26100)",
        "x-ms-client-request-id": "Sanitized",
        "x-ms-return-client-request-id": "true"
      },
      "RequestBody": null,
      "StatusCode": 200,
      "ResponseHeaders": {
        "apim-request-id": "00f5b220-5939-4b35-ae54-8c891e6ecf10",
        "Connection": "keep-alive",
        "Content-Length": "878",
        "Content-Type": "application/json",
        "Date": "Wed, 23 Apr 2025 18:42:16 GMT",
        "openai-organization": "20ba836fffc34ede8203166d666c74ef",
        "openai-processing-ms": "88",
        "openai-version": "2020-10-01",
        "Request-Context": "appId=cid-v1:2d2e8e63-272e-4b3c-8598-4ee570a0e70d",
        "Strict-Transport-Security": "max-age=31536000; includeSubDomains; preload",
        "Vary": "Accept-Encoding",
        "x-aml-cluster": "vienna-westus-02",
        "X-Content-Type-Options": "nosniff",
        "x-ms-middleware-request-id": "e11b57a2-aa9d-429b-951a-ca815e9a30c0",
        "x-ms-region": "West US",
        "x-ms-response-type": "standard",
        "X-Request-ID": "d834baaec51633f66daec586d55cb22a",
        "x-request-time": "0.376"
      },
      "ResponseBody": {
        "id": "run_oN7EXI7Oa82mcAj7U9rdibm3",
        "object": "thread.run",
        "created_at": 1745433733,
        "assistant_id": "asst_jIvNxfTdKj2ACj3r5dkJY3gv",
        "thread_id": "thread_fR5W7RlUpOrlPyxqPTyXgM0v",
        "status": "in_progress",
        "started_at": 1745433734,
        "expires_at": 1745434333,
        "cancelled_at": null,
        "failed_at": null,
        "completed_at": null,
        "required_action": null,
        "last_error": null,
        "model": "gpt-4",
        "instructions": "You are a helpful agent.",
        "tools": [
          {
            "type": "azure_ai_search"
          }
        ],
        "tool_resources": {},
        "metadata": {},
        "temperature": 1.0,
        "top_p": 1.0,
        "max_completion_tokens": null,
        "max_prompt_tokens": null,
        "truncation_strategy": {
          "type": "auto",
          "last_messages": null
        },
        "incomplete_details": null,
        "usage": null,
        "response_format": "auto",
        "tool_choice": "auto",
        "parallel_tool_calls": true
      }
    },
    {
      "RequestUri": "https://westus.api.azureml.ms/agents/v1.0/subscriptions/b17253fa-f327-42d6-9686-f3e553e24763/resourceGroups/nirovins-rg-eastus/providers/Microsoft.MachineLearningServices/workspaces/nirovins-westus/threads/thread_fR5W7RlUpOrlPyxqPTyXgM0v/runs/run_oN7EXI7Oa82mcAj7U9rdibm3?api-version=2025-05-15-preview",
      "RequestMethod": "GET",
      "RequestHeaders": {
        "Accept": "application/json",
        "Authorization": "Sanitized",
        "User-Agent": "azsdk-net-AI.Agents.Persistent/1.0.0-alpha.20250423.1 (.NET 8.0.15; Microsoft Windows 10.0.26100)",
        "x-ms-client-request-id": "Sanitized",
        "x-ms-return-client-request-id": "true"
      },
      "RequestBody": null,
      "StatusCode": 200,
      "ResponseHeaders": {
        "apim-request-id": "36d4e267-2898-4ec9-839d-0c26949704d7",
        "Connection": "keep-alive",
        "Content-Length": "878",
        "Content-Type": "application/json",
        "Date": "Wed, 23 Apr 2025 18:42:17 GMT",
        "openai-organization": "20ba836fffc34ede8203166d666c74ef",
        "openai-processing-ms": "86",
        "openai-version": "2020-10-01",
        "Request-Context": "appId=cid-v1:2d2e8e63-272e-4b3c-8598-4ee570a0e70d",
        "Strict-Transport-Security": "max-age=31536000; includeSubDomains; preload",
        "Vary": "Accept-Encoding",
        "x-aml-cluster": "vienna-westus-02",
        "X-Content-Type-Options": "nosniff",
        "x-ms-middleware-request-id": "a85f3ff4-8ae6-4f45-8a65-9f813742b881",
        "x-ms-region": "West US",
        "x-ms-response-type": "standard",
        "X-Request-ID": "aad34e25125b5b22095fa50f93f7a1de",
        "x-request-time": "0.350"
      },
      "ResponseBody": {
        "id": "run_oN7EXI7Oa82mcAj7U9rdibm3",
        "object": "thread.run",
        "created_at": 1745433733,
        "assistant_id": "asst_jIvNxfTdKj2ACj3r5dkJY3gv",
        "thread_id": "thread_fR5W7RlUpOrlPyxqPTyXgM0v",
        "status": "in_progress",
        "started_at": 1745433734,
        "expires_at": 1745434333,
        "cancelled_at": null,
        "failed_at": null,
        "completed_at": null,
        "required_action": null,
        "last_error": null,
        "model": "gpt-4",
        "instructions": "You are a helpful agent.",
        "tools": [
          {
            "type": "azure_ai_search"
          }
        ],
        "tool_resources": {},
        "metadata": {},
        "temperature": 1.0,
        "top_p": 1.0,
        "max_completion_tokens": null,
        "max_prompt_tokens": null,
        "truncation_strategy": {
          "type": "auto",
          "last_messages": null
        },
        "incomplete_details": null,
        "usage": null,
        "response_format": "auto",
        "tool_choice": "auto",
        "parallel_tool_calls": true
      }
    },
    {
      "RequestUri": "https://westus.api.azureml.ms/agents/v1.0/subscriptions/b17253fa-f327-42d6-9686-f3e553e24763/resourceGroups/nirovins-rg-eastus/providers/Microsoft.MachineLearningServices/workspaces/nirovins-westus/threads/thread_fR5W7RlUpOrlPyxqPTyXgM0v/runs/run_oN7EXI7Oa82mcAj7U9rdibm3?api-version=2025-05-15-preview",
      "RequestMethod": "GET",
      "RequestHeaders": {
        "Accept": "application/json",
        "Authorization": "Sanitized",
        "User-Agent": "azsdk-net-AI.Agents.Persistent/1.0.0-alpha.20250423.1 (.NET 8.0.15; Microsoft Windows 10.0.26100)",
        "x-ms-client-request-id": "Sanitized",
        "x-ms-return-client-request-id": "true"
      },
      "RequestBody": null,
      "StatusCode": 200,
      "ResponseHeaders": {
        "apim-request-id": "742c52e1-d4a3-450b-a39d-b9defe377c23",
        "Connection": "keep-alive",
        "Content-Length": "878",
        "Content-Type": "application/json",
        "Date": "Wed, 23 Apr 2025 18:42:18 GMT",
        "openai-organization": "20ba836fffc34ede8203166d666c74ef",
        "openai-processing-ms": "106",
        "openai-version": "2020-10-01",
        "Request-Context": "appId=cid-v1:2d2e8e63-272e-4b3c-8598-4ee570a0e70d",
        "Strict-Transport-Security": "max-age=31536000; includeSubDomains; preload",
        "Vary": "Accept-Encoding",
        "x-aml-cluster": "vienna-westus-02",
        "X-Content-Type-Options": "nosniff",
        "x-ms-middleware-request-id": "973e0726-6d22-4d95-861a-6f87c94b7505",
        "x-ms-region": "West US",
        "x-ms-response-type": "standard",
        "X-Request-ID": "94ef158061264a43223c65aa8e0146a1",
        "x-request-time": "0.370"
      },
      "ResponseBody": {
        "id": "run_oN7EXI7Oa82mcAj7U9rdibm3",
        "object": "thread.run",
        "created_at": 1745433733,
        "assistant_id": "asst_jIvNxfTdKj2ACj3r5dkJY3gv",
        "thread_id": "thread_fR5W7RlUpOrlPyxqPTyXgM0v",
        "status": "in_progress",
        "started_at": 1745433734,
        "expires_at": 1745434333,
        "cancelled_at": null,
        "failed_at": null,
        "completed_at": null,
        "required_action": null,
        "last_error": null,
        "model": "gpt-4",
        "instructions": "You are a helpful agent.",
        "tools": [
          {
            "type": "azure_ai_search"
          }
        ],
        "tool_resources": {},
        "metadata": {},
        "temperature": 1.0,
        "top_p": 1.0,
        "max_completion_tokens": null,
        "max_prompt_tokens": null,
        "truncation_strategy": {
          "type": "auto",
          "last_messages": null
        },
        "incomplete_details": null,
        "usage": null,
        "response_format": "auto",
        "tool_choice": "auto",
        "parallel_tool_calls": true
      }
    },
    {
      "RequestUri": "https://westus.api.azureml.ms/agents/v1.0/subscriptions/b17253fa-f327-42d6-9686-f3e553e24763/resourceGroups/nirovins-rg-eastus/providers/Microsoft.MachineLearningServices/workspaces/nirovins-westus/threads/thread_fR5W7RlUpOrlPyxqPTyXgM0v/runs/run_oN7EXI7Oa82mcAj7U9rdibm3?api-version=2025-05-15-preview",
      "RequestMethod": "GET",
      "RequestHeaders": {
        "Accept": "application/json",
        "Authorization": "Sanitized",
        "User-Agent": "azsdk-net-AI.Agents.Persistent/1.0.0-alpha.20250423.1 (.NET 8.0.15; Microsoft Windows 10.0.26100)",
        "x-ms-client-request-id": "Sanitized",
        "x-ms-return-client-request-id": "true"
      },
      "RequestBody": null,
      "StatusCode": 200,
      "ResponseHeaders": {
        "apim-request-id": "b3dfb72f-5bf1-4e57-b192-64db780e667c",
        "Connection": "keep-alive",
        "Content-Length": "1020",
        "Content-Type": "application/json",
        "Date": "Wed, 23 Apr 2025 18:42:19 GMT",
        "openai-organization": "20ba836fffc34ede8203166d666c74ef",
        "openai-processing-ms": "167",
        "openai-version": "2020-10-01",
        "Request-Context": "appId=cid-v1:2d2e8e63-272e-4b3c-8598-4ee570a0e70d",
        "Strict-Transport-Security": "max-age=31536000; includeSubDomains; preload",
        "Vary": "Accept-Encoding",
        "x-aml-cluster": "vienna-westus-02",
        "X-Content-Type-Options": "nosniff",
        "x-ms-middleware-request-id": "e0a13030-d82c-4384-b558-96b564ab28fe",
        "x-ms-region": "West US",
        "x-ms-response-type": "standard",
        "X-Request-ID": "5c27151ed7644afd817c6c37ef36a592",
        "x-request-time": "0.480"
      },
      "ResponseBody": {
        "id": "run_oN7EXI7Oa82mcAj7U9rdibm3",
        "object": "thread.run",
        "created_at": 1745433733,
        "assistant_id": "asst_jIvNxfTdKj2ACj3r5dkJY3gv",
        "thread_id": "thread_fR5W7RlUpOrlPyxqPTyXgM0v",
        "status": "completed",
        "started_at": 1745433734,
        "expires_at": null,
        "cancelled_at": null,
        "failed_at": null,
        "completed_at": 1745433739,
        "required_action": null,
        "last_error": null,
        "model": "gpt-4",
        "instructions": "You are a helpful agent.",
        "tools": [
          {
            "type": "azure_ai_search"
          }
        ],
        "tool_resources": {},
        "metadata": {},
        "temperature": 1.0,
        "top_p": 1.0,
        "max_completion_tokens": null,
        "max_prompt_tokens": null,
        "truncation_strategy": {
          "type": "auto",
          "last_messages": null
        },
        "incomplete_details": null,
        "usage": {
          "prompt_tokens": 1289,
          "completion_tokens": 61,
          "total_tokens": 1350,
          "prompt_token_details": {
            "cached_tokens": 0
          }
        },
        "response_format": "auto",
        "tool_choice": "auto",
        "parallel_tool_calls": true
      }
    },
    {
      "RequestUri": "https://westus.api.azureml.ms/agents/v1.0/subscriptions/b17253fa-f327-42d6-9686-f3e553e24763/resourceGroups/nirovins-rg-eastus/providers/Microsoft.MachineLearningServices/workspaces/nirovins-westus/threads/thread_fR5W7RlUpOrlPyxqPTyXgM0v/messages?api-version=2025-05-15-preview&order=asc",
      "RequestMethod": "GET",
      "RequestHeaders": {
        "Accept": "application/json",
        "Authorization": "Sanitized",
        "User-Agent": "azsdk-net-AI.Agents.Persistent/1.0.0-alpha.20250423.1 (.NET 8.0.15; Microsoft Windows 10.0.26100)",
        "x-ms-client-request-id": "Sanitized",
        "x-ms-return-client-request-id": "true"
      },
      "RequestBody": null,
      "StatusCode": 200,
      "ResponseHeaders": {
        "apim-request-id": "17d3cb26-1d0e-484f-9ce2-7b8a28a01d68",
        "Connection": "keep-alive",
        "Content-Length": "1664",
        "Content-Type": "application/json",
        "Date": "Wed, 23 Apr 2025 18:42:20 GMT",
        "openai-organization": "20ba836fffc34ede8203166d666c74ef",
        "openai-processing-ms": "91",
        "openai-version": "2020-10-01",
        "Request-Context": "appId=cid-v1:2d2e8e63-272e-4b3c-8598-4ee570a0e70d",
        "Strict-Transport-Security": "max-age=31536000; includeSubDomains; preload",
        "Vary": "Accept-Encoding",
        "x-aml-cluster": "vienna-westus-02",
        "X-Content-Type-Options": "nosniff",
        "x-ms-middleware-request-id": "5c8c4668-6518-4300-b760-17e3eed036ac",
        "x-ms-region": "West US",
        "x-ms-response-type": "standard",
        "X-Request-ID": "748bb9f7dafbe8f913537f68d7f1cc9c",
        "x-request-time": "0.393"
      },
      "ResponseBody": {
        "object": "list",
        "data": [
          {
            "id": "msg_ocOWYiYshOmtRaNtlYQteUiV",
            "object": "thread.message",
            "created_at": 1745433732,
            "assistant_id": null,
            "thread_id": "thread_fR5W7RlUpOrlPyxqPTyXgM0v",
            "run_id": null,
            "role": "user",
            "content": [
              {
                "type": "text",
                "text": {
                  "value": "What is the temperature rating of the cozynights sleeping bag?",
                  "annotations": []
                }
              }
            ],
            "attachments": [],
            "metadata": {}
          },
          {
            "id": "msg_RIRnmURYyIdrtnlD4to0HSmE",
            "object": "thread.message",
            "created_at": 1745433738,
            "assistant_id": "asst_jIvNxfTdKj2ACj3r5dkJY3gv",
            "thread_id": "thread_fR5W7RlUpOrlPyxqPTyXgM0v",
            "run_id": "run_oN7EXI7Oa82mcAj7U9rdibm3",
            "role": "assistant",
            "content": [
              {
                "type": "text",
                "text": {
                  "value": "The CozyNights Sleeping Bag is rated for 3-season use and has a temperature rating of 20°F to 60°F (-6°C to 15°C)【3:0†source】.",
                  "annotations": [
                    {
                      "type": "url_citation",
                      "text": "【3:0†source】",
                      "start_index": 113,
                      "end_index": 125,
                      "url_citation": {
                        "url": "www.microsoft.com",
                        "title": "product_info_7.md"
                      }
                    }
                  ]
                }
              }
            ],
            "attachments": [],
            "metadata": {}
          }
        ],
        "first_id": "msg_ocOWYiYshOmtRaNtlYQteUiV",
        "last_id": "msg_RIRnmURYyIdrtnlD4to0HSmE",
        "has_more": false
      }
    }
  ],
  "Variables": {
    "AZURE_AI_CONNECTION_ID": "/subscriptions/b17253fa-f327-42d6-9686-f3e553e24763/resourceGroups/nirovins-rg-eastus/providers/Microsoft.MachineLearningServices/workspaces/nirovins-westus/connections/nirovinswestussearch",
    "PROJECT_CONNECTION_STRING": "westus.api.azureml.ms;b17253fa-f327-42d6-9686-f3e553e24763;nirovins-rg-eastus;nirovins-westus",
    "PROJECT_ENDPOINT": "westus.api.azureml.ms;b17253fa-f327-42d6-9686-f3e553e24763;nirovins-rg-eastus;nirovins-westus",
    "RandomSeed": "1433615823"
  }
}
