{
  "Entries": [
    {
      "RequestUri": "https://uibasic4j7g.services.ai.azure.com/api/projects/basicproject/assistants?api-version=2025-05-15-preview",
      "RequestMethod": "POST",
      "RequestHeaders": {
        "Accept": "application/json",
        "Authorization": "Sanitized",
        "Content-Length": "389",
        "Content-Type": "application/json",
        "User-Agent": "azsdk-net-AI.Agents.Persistent/1.2.0-alpha.20250820.1 (.NET 8.0.19; Microsoft Windows 10.0.26100)",
        "x-ms-client-request-id": "Sanitized",
        "x-ms-return-client-request-id": "true"
      },
      "RequestBody": {
        "model": "gpt-4o",
        "name": "cs_e2e_tests_client",
        "instructions": "You are helpful agent.",
        "tools": [
          {
            "type": "sharepoint_grounding",
            "sharepoint_grounding": {
              "connections": [
                {
                  "connection_id": "/subscriptions/921496dc-987f-410f-bd57-426eb2611356/resourceGroups/rg-amanda-eastus/providers/Microsoft.CognitiveServices/accounts/uibasic4j7g/projects/basicproject/connections/obiprocess-sharepoint"
                }
              ]
            }
          }
        ]
      },
      "StatusCode": 200,
      "ResponseHeaders": {
        "apim-request-id": "5077ec0d-83df-4d8c-bb67-43c64da3edcc",
        "azureml-served-by-cluster": "vienna-eastus-01",
        "Content-Length": "723",
        "Content-Type": "application/json",
        "Date": "Thu, 21 Aug 2025 00:44:22 GMT",
        "openai-organization": "a53d101089794343afb28f3b9fc7ac7c",
        "openai-processing-ms": "75",
        "openai-version": "2020-10-01",
        "Request-Context": "appId=cid-v1:2d2e8e63-272e-4b3c-8598-4ee570a0e70d",
        "Strict-Transport-Security": "max-age=31536000; includeSubDomains; preload",
        "Vary": "Accept-Encoding",
        "X-Content-Type-Options": "nosniff",
        "x-ms-middleware-request-id": "1fd218d7-981f-42a2-8796-6810c9dfa7a0",
        "x-ms-region": "East US",
        "x-ms-response-type": "standard",
        "X-Request-ID": "c1eb4127f40d610149448537c759eed1",
        "x-request-time": "0.195"
      },
      "ResponseBody": {
        "id": "asst_2lbBjIQs31ASK30c0FsmknBp",
        "object": "assistant",
        "created_at": 1755737063,
        "name": "cs_e2e_tests_client",
        "description": null,
        "model": "gpt-4o",
        "instructions": "You are helpful agent.",
        "tools": [
          {
            "type": "sharepoint_grounding",
            "sharepoint_grounding": {
              "connections": [
                {
                  "connection_id": "/subscriptions/921496dc-987f-410f-bd57-426eb2611356/resourceGroups/rg-amanda-eastus/providers/Microsoft.CognitiveServices/accounts/uibasic4j7g/projects/basicproject/connections/obiprocess-sharepoint"
                }
              ]
            }
          }
        ],
        "top_p": 1.0,
        "temperature": 1.0,
        "tool_resources": {},
        "metadata": {},
        "response_format": "auto"
      }
    },
    {
      "RequestUri": "https://uibasic4j7g.services.ai.azure.com/api/projects/basicproject/threads?api-version=2025-05-15-preview",
      "RequestMethod": "POST",
      "RequestHeaders": {
        "Accept": "application/json",
        "Authorization": "Sanitized",
        "Content-Length": "2",
        "Content-Type": "application/json",
        "User-Agent": "azsdk-net-AI.Agents.Persistent/1.2.0-alpha.20250820.1 (.NET 8.0.19; Microsoft Windows 10.0.26100)",
        "x-ms-client-request-id": "Sanitized",
        "x-ms-return-client-request-id": "true"
      },
      "RequestBody": {},
      "StatusCode": 200,
      "ResponseHeaders": {
        "apim-request-id": "38724ec5-65dd-400c-9051-63549f6806e4",
        "azureml-served-by-cluster": "vienna-eastus-01",
        "Content-Length": "137",
        "Content-Type": "application/json",
        "Date": "Thu, 21 Aug 2025 00:44:22 GMT",
        "openai-organization": "a53d101089794343afb28f3b9fc7ac7c",
        "openai-processing-ms": "80",
        "openai-version": "2020-10-01",
        "Request-Context": "appId=cid-v1:2d2e8e63-272e-4b3c-8598-4ee570a0e70d",
        "Strict-Transport-Security": "max-age=31536000; includeSubDomains; preload",
        "X-Content-Type-Options": "nosniff",
        "x-ms-middleware-request-id": "6b1c4698-f95f-45bb-b064-7e7d04731d2e",
        "x-ms-region": "East US",
        "x-ms-response-type": "standard",
        "X-Request-ID": "86c900f8f15ef11bd61f5ae0cdfbbcae",
        "x-request-time": "0.211"
      },
      "ResponseBody": {
        "id": "thread_p4RBCQN93zOQjdRX1sNEwJ2w",
        "object": "thread",
        "created_at": 1755737063,
        "metadata": {},
        "tool_resources": {}
      }
    },
    {
      "RequestUri": "https://uibasic4j7g.services.ai.azure.com/api/projects/basicproject/threads/thread_p4RBCQN93zOQjdRX1sNEwJ2w/messages?api-version=2025-05-15-preview",
      "RequestMethod": "POST",
      "RequestHeaders": {
        "Accept": "application/json",
        "Authorization": "Sanitized",
        "Content-Length": "94",
        "Content-Type": "application/json",
        "User-Agent": "azsdk-net-AI.Agents.Persistent/1.2.0-alpha.20250820.1 (.NET 8.0.19; Microsoft Windows 10.0.26100)",
        "x-ms-client-request-id": "Sanitized",
        "x-ms-return-client-request-id": "true"
      },
      "RequestBody": {
        "role": "user",
        "content": "Hello, summarize the key points of the first document in the list."
      },
      "StatusCode": 200,
      "ResponseHeaders": {
        "apim-request-id": "f796a068-052b-4d03-803a-16cb84cf9a2a",
        "azureml-served-by-cluster": "vienna-eastus-01",
        "Content-Length": "440",
        "Content-Type": "application/json",
        "Date": "Thu, 21 Aug 2025 00:44:23 GMT",
        "openai-organization": "a53d101089794343afb28f3b9fc7ac7c",
        "openai-processing-ms": "117",
        "openai-version": "2020-10-01",
        "Request-Context": "appId=cid-v1:2d2e8e63-272e-4b3c-8598-4ee570a0e70d",
        "Strict-Transport-Security": "max-age=31536000; includeSubDomains; preload",
        "Vary": "Accept-Encoding",
        "X-Content-Type-Options": "nosniff",
        "x-ms-middleware-request-id": "3945b311-4768-4313-8c05-6ea27869be17",
        "x-ms-region": "East US",
        "x-ms-response-type": "standard",
        "X-Request-ID": "9c2b59a801395b6ad52775503d8bb188",
        "x-request-time": "0.269"
      },
      "ResponseBody": {
        "id": "msg_FbFYhmJJQct7eJtLdWjaGQcf",
        "object": "thread.message",
        "created_at": 1755737063,
        "assistant_id": null,
        "thread_id": "thread_p4RBCQN93zOQjdRX1sNEwJ2w",
        "run_id": null,
        "role": "user",
        "content": [
          {
            "type": "text",
            "text": {
              "value": "Hello, summarize the key points of the first document in the list.",
              "annotations": []
            }
          }
        ],
        "attachments": [],
        "metadata": {}
      }
    },
    {
      "RequestUri": "https://uibasic4j7g.services.ai.azure.com/api/projects/basicproject/threads/thread_p4RBCQN93zOQjdRX1sNEwJ2w/runs?api-version=2025-05-15-preview",
      "RequestMethod": "POST",
      "RequestHeaders": {
        "Accept": "application/json",
        "Authorization": "Sanitized",
        "Content-Length": "62",
        "Content-Type": "application/json",
        "User-Agent": "azsdk-net-AI.Agents.Persistent/1.2.0-alpha.20250820.1 (.NET 8.0.19; Microsoft Windows 10.0.26100)",
        "x-ms-client-request-id": "Sanitized",
        "x-ms-return-client-request-id": "true"
      },
      "RequestBody": {
        "assistant_id": "asst_2lbBjIQs31ASK30c0FsmknBp",
        "stream": true
      },
      "StatusCode": 200,
      "ResponseHeaders": {
        "apim-request-id": "99a0ce6b-9c21-4d56-8ca5-9c517edc1518",
        "azureml-served-by-cluster": "vienna-eastus-01",
        "Content-Type": "text/event-stream; charset=utf-8",
        "Date": "Thu, 21 Aug 2025 00:44:25 GMT",
        "openai-organization": "a53d101089794343afb28f3b9fc7ac7c",
        "openai-processing-ms": "354",
        "openai-version": "2020-10-01",
        "Request-Context": "appId=cid-v1:2d2e8e63-272e-4b3c-8598-4ee570a0e70d",
        "Strict-Transport-Security": "max-age=31536000; includeSubDomains; preload",
        "Transfer-Encoding": "chunked",
        "X-Content-Type-Options": "nosniff",
        "x-ms-middleware-request-id": "8f38dc34-64d0-4e07-b4f5-66037a1be9a7",
        "x-ms-region": "East US",
        "x-ms-response-type": "standard",
        "X-Request-ID": "c225f68c9b0e3f0aaa9a630ff7644189",
        "x-request-time": "1.856"
      },
      "ResponseBody": [
        "event: thread.run.created\n",
        "data: {\"id\":\"run_pAl8qOjPHoSLnxAGmhSgw4qE\",\"object\":\"thread.run\",\"created_at\":1755737065,\"assistant_id\":\"asst_2lbBjIQs31ASK30c0FsmknBp\",\"thread_id\":\"thread_p4RBCQN93zOQjdRX1sNEwJ2w\",\"status\":\"queued\",\"started_at\":null,\"expires_at\":1755738865,\"cancelled_at\":null,\"failed_at\":null,\"completed_at\":null,\"required_action\":null,\"last_error\":null,\"model\":\"gpt-4o\",\"instructions\":\"You are helpful agent.\",\"tools\":[{\"type\":\"sharepoint_grounding\",\"sharepoint_grounding\":{\"connections\":[{\"connection_id\":\"/subscriptions/921496dc-987f-410f-bd57-426eb2611356/resourceGroups/rg-amanda-eastus/providers/Microsoft.CognitiveServices/accounts/uibasic4j7g/projects/basicproject/connections/obiprocess-sharepoint\"}]}}],\"tool_resources\":{\"code_interpreter\":{\"file_ids\":[]}},\"metadata\":{},\"temperature\":1.0,\"top_p\":1.0,\"max_completion_tokens\":null,\"max_prompt_tokens\":null,\"truncation_strategy\":{\"type\":\"auto\",\"last_messages\":null},\"incomplete_details\":null,\"usage\":null,\"response_format\":\"auto\",\"tool_choice\":\"auto\",\"parallel_tool_calls\":true}\n\n",
        "event: thread.run.queued\n",
        "data: {\"id\":\"run_pAl8qOjPHoSLnxAGmhSgw4qE\",\"object\":\"thread.run\",\"created_at\":1755737065,\"assistant_id\":\"asst_2lbBjIQs31ASK30c0FsmknBp\",\"thread_id\":\"thread_p4RBCQN93zOQjdRX1sNEwJ2w\",\"status\":\"queued\",\"started_at\":null,\"expires_at\":1755738865,\"cancelled_at\":null,\"failed_at\":null,\"completed_at\":null,\"required_action\":null,\"last_error\":null,\"model\":\"gpt-4o\",\"instructions\":\"You are helpful agent.\",\"tools\":[{\"type\":\"sharepoint_grounding\",\"sharepoint_grounding\":{\"connections\":[{\"connection_id\":\"/subscriptions/921496dc-987f-410f-bd57-426eb2611356/resourceGroups/rg-amanda-eastus/providers/Microsoft.CognitiveServices/accounts/uibasic4j7g/projects/basicproject/connections/obiprocess-sharepoint\"}]}}],\"tool_resources\":{\"code_interpreter\":{\"file_ids\":[]}},\"metadata\":{},\"temperature\":1.0,\"top_p\":1.0,\"max_completion_tokens\":null,\"max_prompt_tokens\":null,\"truncation_strategy\":{\"type\":\"auto\",\"last_messages\":null},\"incomplete_details\":null,\"usage\":null,\"response_format\":\"auto\",\"tool_choice\":\"auto\",\"parallel_tool_calls\":true}\n\n",
        "event: thread.run.in_progress\n",
        "data: {\"id\":\"run_pAl8qOjPHoSLnxAGmhSgw4qE\",\"object\":\"thread.run\",\"created_at\":1755737065,\"assistant_id\":\"asst_2lbBjIQs31ASK30c0FsmknBp\",\"thread_id\":\"thread_p4RBCQN93zOQjdRX1sNEwJ2w\",\"status\":\"in_progress\",\"started_at\":1755737065,\"expires_at\":1755738865,\"cancelled_at\":null,\"failed_at\":null,\"completed_at\":null,\"required_action\":null,\"last_error\":null,\"model\":\"gpt-4o\",\"instructions\":\"You are helpful agent.\",\"tools\":[{\"type\":\"sharepoint_grounding\",\"sharepoint_grounding\":{\"connections\":[{\"connection_id\":\"/subscriptions/921496dc-987f-410f-bd57-426eb2611356/resourceGroups/rg-amanda-eastus/providers/Microsoft.CognitiveServices/accounts/uibasic4j7g/projects/basicproject/connections/obiprocess-sharepoint\"}]}}],\"tool_resources\":{\"code_interpreter\":{\"file_ids\":[]}},\"metadata\":{},\"temperature\":1.0,\"top_p\":1.0,\"max_completion_tokens\":null,\"max_prompt_tokens\":null,\"truncation_strategy\":{\"type\":\"auto\",\"last_messages\":null},\"incomplete_details\":null,\"usage\":null,\"response_format\":\"auto\",\"tool_choice\":\"auto\",\"parallel_tool_calls\":true}\n\n",
        "event: thread.run.step.created\n",
        "data: {\"id\":\"step_bIkzc8F1qwztnEfoGk6lvsa7\",\"object\":\"thread.run.step\",\"created_at\":1755737066,\"run_id\":\"run_pAl8qOjPHoSLnxAGmhSgw4qE\",\"assistant_id\":\"asst_2lbBjIQs31ASK30c0FsmknBp\",\"thread_id\":\"thread_p4RBCQN93zOQjdRX1sNEwJ2w\",\"type\":\"tool_calls\",\"status\":\"in_progress\",\"cancelled_at\":null,\"completed_at\":null,\"expires_at\":1755738865,\"failed_at\":null,\"last_error\":null,\"step_details\":{\"type\":\"tool_calls\",\"tool_calls\":[]},\"usage\":null}\n\n",
        "event: thread.run.step.in_progress\n",
        "data: {\"id\":\"step_bIkzc8F1qwztnEfoGk6lvsa7\",\"object\":\"thread.run.step\",\"created_at\":1755737066,\"run_id\":\"run_pAl8qOjPHoSLnxAGmhSgw4qE\",\"assistant_id\":\"asst_2lbBjIQs31ASK30c0FsmknBp\",\"thread_id\":\"thread_p4RBCQN93zOQjdRX1sNEwJ2w\",\"type\":\"tool_calls\",\"status\":\"in_progress\",\"cancelled_at\":null,\"completed_at\":null,\"expires_at\":1755738865,\"failed_at\":null,\"last_error\":null,\"step_details\":{\"type\":\"tool_calls\",\"tool_calls\":[]},\"usage\":null}\n\n",
        "event: thread.run.step.delta\n",
        "data: {\"id\":\"step_bIkzc8F1qwztnEfoGk6lvsa7\",\"object\":\"thread.run.step.delta\",\"delta\":{\"step_details\":{\"type\":\"tool_calls\",\"tool_calls\":[{\"index\":0,\"id\":\"call_DxKfSpywQyLYWOde591HGy8i\",\"type\":\"sharepoint_grounding\",\"sharepoint_grounding\":{\"input\":null,\"output\":\"[redacted]\"}}]}}}\n\n",
        "event: thread.run.step.delta\n",
        "data: {\"id\":\"step_bIkzc8F1qwztnEfoGk6lvsa7\",\"object\":\"thread.run.step.delta\",\"delta\":{\"step_details\":{\"type\":\"tool_calls\",\"tool_calls\":[{\"index\":0,\"type\":\"sharepoint_grounding\",\"sharepoint_grounding\":{\"input\":\"\\\"summarize first document\\\"\"}}]}}}\n\n",
        "event: thread.run.step.completed\n",
        "data: {\"id\":\"step_bIkzc8F1qwztnEfoGk6lvsa7\",\"object\":\"thread.run.step\",\"created_at\":1755737066,\"run_id\":\"run_pAl8qOjPHoSLnxAGmhSgw4qE\",\"assistant_id\":\"asst_2lbBjIQs31ASK30c0FsmknBp\",\"thread_id\":\"thread_p4RBCQN93zOQjdRX1sNEwJ2w\",\"type\":\"tool_calls\",\"status\":\"completed\",\"cancelled_at\":null,\"completed_at\":1755737075,\"expires_at\":1755738865,\"failed_at\":null,\"last_error\":null,\"step_details\":{\"type\":\"tool_calls\",\"tool_calls\":[{\"id\":\"call_DxKfSpywQyLYWOde591HGy8i\",\"type\":\"sharepoint_grounding\",\"sharepoint_grounding\":{\"input\":\"\\\"summarize first document\\\"\",\"output\":\"[redacted]\"}}]},\"usage\":{\"prompt_tokens\":427,\"completion_tokens\":15,\"total_tokens\":442,\"prompt_token_details\":{\"cached_tokens\":0}}}\n\n",
        "event: thread.run.step.created\n",
        "data: {\"id\":\"step_ZNlYvCALnv1bYewsPZThxm0n\",\"object\":\"thread.run.step\",\"created_at\":1755737075,\"run_id\":\"run_pAl8qOjPHoSLnxAGmhSgw4qE\",\"assistant_id\":\"asst_2lbBjIQs31ASK30c0FsmknBp\",\"thread_id\":\"thread_p4RBCQN93zOQjdRX1sNEwJ2w\",\"type\":\"message_creation\",\"status\":\"in_progress\",\"cancelled_at\":null,\"completed_at\":null,\"expires_at\":1755738865,\"failed_at\":null,\"last_error\":null,\"step_details\":{\"type\":\"message_creation\",\"message_creation\":{\"message_id\":\"msg_u2eL3ur24lup6oSssJ5GlHz8\"}},\"usage\":null}\n\n",
        "event: thread.run.step.in_progress\n",
        "data: {\"id\":\"step_ZNlYvCALnv1bYewsPZThxm0n\",\"object\":\"thread.run.step\",\"created_at\":1755737075,\"run_id\":\"run_pAl8qOjPHoSLnxAGmhSgw4qE\",\"assistant_id\":\"asst_2lbBjIQs31ASK30c0FsmknBp\",\"thread_id\":\"thread_p4RBCQN93zOQjdRX1sNEwJ2w\",\"type\":\"message_creation\",\"status\":\"in_progress\",\"cancelled_at\":null,\"completed_at\":null,\"expires_at\":1755738865,\"failed_at\":null,\"last_error\":null,\"step_details\":{\"type\":\"message_creation\",\"message_creation\":{\"message_id\":\"msg_u2eL3ur24lup6oSssJ5GlHz8\"}},\"usage\":null}\n\n",
        "event: thread.message.created\n",
        "data: {\"id\":\"msg_u2eL3ur24lup6oSssJ5GlHz8\",\"object\":\"thread.message\",\"created_at\":1755737075,\"assistant_id\":\"asst_2lbBjIQs31ASK30c0FsmknBp\",\"thread_id\":\"thread_p4RBCQN93zOQjdRX1sNEwJ2w\",\"run_id\":\"run_pAl8qOjPHoSLnxAGmhSgw4qE\",\"status\":\"in_progress\",\"incomplete_details\":null,\"incomplete_at\":null,\"completed_at\":null,\"role\":\"assistant\",\"content\":[],\"attachments\":[],\"metadata\":{}}\n\n",
        "event: thread.message.in_progress\n",
        "data: {\"id\":\"msg_u2eL3ur24lup6oSssJ5GlHz8\",\"object\":\"thread.message\",\"created_at\":1755737075,\"assistant_id\":\"asst_2lbBjIQs31ASK30c0FsmknBp\",\"thread_id\":\"thread_p4RBCQN93zOQjdRX1sNEwJ2w\",\"run_id\":\"run_pAl8qOjPHoSLnxAGmhSgw4qE\",\"status\":\"in_progress\",\"incomplete_details\":null,\"incomplete_at\":null,\"completed_at\":null,\"role\":\"assistant\",\"content\":[],\"attachments\":[],\"metadata\":{}}\n\n",
        "event: thread.message.delta\n",
        "data: {\"id\":\"msg_u2eL3ur24lup6oSssJ5GlHz8\",\"object\":\"thread.message.delta\",\"delta\":{\"content\":[{\"index\":0,\"type\":\"text\",\"text\":{\"value\":\"The\",\"annotations\":[]}}]}}\n\n",
        "event: thread.message.delta\n",
        "data: {\"id\":\"msg_u2eL3ur24lup6oSssJ5GlHz8\",\"object\":\"thread.message.delta\",\"delta\":{\"content\":[{\"index\":0,\"type\":\"text\",\"text\":{\"value\":\" document\"}}]}}\n\n",
        "event: thread.message.delta\n",
        "data: {\"id\":\"msg_u2eL3ur24lup6oSssJ5GlHz8\",\"object\":\"thread.message.delta\",\"delta\":{\"content\":[{\"index\":0,\"type\":\"text\",\"text\":{\"value\":\" outlines\"}}]}}\n\n",
        "event: thread.message.delta\n",
        "data: {\"id\":\"msg_u2eL3ur24lup6oSssJ5GlHz8\",\"object\":\"thread.message.delta\",\"delta\":{\"content\":[{\"index\":0,\"type\":\"text\",\"text\":{\"value\":\" comprehensive\"}}]}}\n\n",
        "event: thread.message.delta\n",
        "data: {\"id\":\"msg_u2eL3ur24lup6oSssJ5GlHz8\",\"object\":\"thread.message.delta\",\"delta\":{\"content\":[{\"index\":0,\"type\":\"text\",\"text\":{\"value\":\" processes\"}}]}}\n\n",
        "event: thread.message.delta\n",
        "data: {\"id\":\"msg_u2eL3ur24lup6oSssJ5GlHz8\",\"object\":\"thread.message.delta\",\"delta\":{\"content\":[{\"index\":0,\"type\":\"text\",\"text\":{\"value\":\" and\"}}]}}\n\n",
        "event: thread.message.delta\n",
        "data: {\"id\":\"msg_u2eL3ur24lup6oSssJ5GlHz8\",\"object\":\"thread.message.delta\",\"delta\":{\"content\":[{\"index\":0,\"type\":\"text\",\"text\":{\"value\":\" guidelines\"}}]}}\n\n",
        "event: thread.message.delta\n",
        "data: {\"id\":\"msg_u2eL3ur24lup6oSssJ5GlHz8\",\"object\":\"thread.message.delta\",\"delta\":{\"content\":[{\"index\":0,\"type\":\"text\",\"text\":{\"value\":\" for\"}}]}}\n\n",
        "event: thread.message.delta\n",
        "data: {\"id\":\"msg_u2eL3ur24lup6oSssJ5GlHz8\",\"object\":\"thread.message.delta\",\"delta\":{\"content\":[{\"index\":0,\"type\":\"text\",\"text\":{\"value\":\" managing\"}}]}}\n\n",
        "event: thread.message.delta\n",
        "data: {\"id\":\"msg_u2eL3ur24lup6oSssJ5GlHz8\",\"object\":\"thread.message.delta\",\"delta\":{\"content\":[{\"index\":0,\"type\":\"text\",\"text\":{\"value\":\" promo\"}}]}}\n\n",
        "event: thread.message.delta\n",
        "data: {\"id\":\"msg_u2eL3ur24lup6oSssJ5GlHz8\",\"object\":\"thread.message.delta\",\"delta\":{\"content\":[{\"index\":0,\"type\":\"text\",\"text\":{\"value\":\" code\"}}]}}\n\n",
        "event: thread.message.delta\n",
        "data: {\"id\":\"msg_u2eL3ur24lup6oSssJ5GlHz8\",\"object\":\"thread.message.delta\",\"delta\":{\"content\":[{\"index\":0,\"type\":\"text\",\"text\":{\"value\":\" requests\"}}]}}\n\n",
        "event: thread.message.delta\n",
        "data: {\"id\":\"msg_u2eL3ur24lup6oSssJ5GlHz8\",\"object\":\"thread.message.delta\",\"delta\":{\"content\":[{\"index\":0,\"type\":\"text\",\"text\":{\"value\":\",\"}}]}}\n\n",
        "event: thread.message.delta\n",
        "data: {\"id\":\"msg_u2eL3ur24lup6oSssJ5GlHz8\",\"object\":\"thread.message.delta\",\"delta\":{\"content\":[{\"index\":0,\"type\":\"text\",\"text\":{\"value\":\" product\"}}]}}\n\n",
        "event: thread.message.delta\n",
        "data: {\"id\":\"msg_u2eL3ur24lup6oSssJ5GlHz8\",\"object\":\"thread.message.delta\",\"delta\":{\"content\":[{\"index\":0,\"type\":\"text\",\"text\":{\"value\":\" launches\"}}]}}\n\n",
        "event: thread.message.delta\n",
        "data: {\"id\":\"msg_u2eL3ur24lup6oSssJ5GlHz8\",\"object\":\"thread.message.delta\",\"delta\":{\"content\":[{\"index\":0,\"type\":\"text\",\"text\":{\"value\":\",\"}}]}}\n\n",
        "event: thread.message.delta\n",
        "data: {\"id\":\"msg_u2eL3ur24lup6oSssJ5GlHz8\",\"object\":\"thread.message.delta\",\"delta\":{\"content\":[{\"index\":0,\"type\":\"text\",\"text\":{\"value\":\" and\"}}]}}\n\n",
        "event: thread.message.delta\n",
        "data: {\"id\":\"msg_u2eL3ur24lup6oSssJ5GlHz8\",\"object\":\"thread.message.delta\",\"delta\":{\"content\":[{\"index\":0,\"type\":\"text\",\"text\":{\"value\":\" promotion\"}}]}}\n\n",
        "event: thread.message.delta\n",
        "data: {\"id\":\"msg_u2eL3ur24lup6oSssJ5GlHz8\",\"object\":\"thread.message.delta\",\"delta\":{\"content\":[{\"index\":0,\"type\":\"text\",\"text\":{\"value\":\" campaigns\"}}]}}\n\n",
        "event: thread.message.delta\n",
        "data: {\"id\":\"msg_u2eL3ur24lup6oSssJ5GlHz8\",\"object\":\"thread.message.delta\",\"delta\":{\"content\":[{\"index\":0,\"type\":\"text\",\"text\":{\"value\":\" within\"}}]}}\n\n",
        "event: thread.message.delta\n",
        "data: {\"id\":\"msg_u2eL3ur24lup6oSssJ5GlHz8\",\"object\":\"thread.message.delta\",\"delta\":{\"content\":[{\"index\":0,\"type\":\"text\",\"text\":{\"value\":\" Microsoft\"}}]}}\n\n",
        "event: thread.message.delta\n",
        "data: {\"id\":\"msg_u2eL3ur24lup6oSssJ5GlHz8\",\"object\":\"thread.message.delta\",\"delta\":{\"content\":[{\"index\":0,\"type\":\"text\",\"text\":{\"value\":\".\"}}]}}\n\n",
        "event: thread.message.delta\n",
        "data: {\"id\":\"msg_u2eL3ur24lup6oSssJ5GlHz8\",\"object\":\"thread.message.delta\",\"delta\":{\"content\":[{\"index\":0,\"type\":\"text\",\"text\":{\"value\":\" Here's\"}}]}}\n\n",
        "event: thread.message.delta\n",
        "data: {\"id\":\"msg_u2eL3ur24lup6oSssJ5GlHz8\",\"object\":\"thread.message.delta\",\"delta\":{\"content\":[{\"index\":0,\"type\":\"text\",\"text\":{\"value\":\" a\"}}]}}\n\n",
        "event: thread.message.delta\n",
        "data: {\"id\":\"msg_u2eL3ur24lup6oSssJ5GlHz8\",\"object\":\"thread.message.delta\",\"delta\":{\"content\":[{\"index\":0,\"type\":\"text\",\"text\":{\"value\":\" summary\"}}]}}\n\n",
        "event: thread.message.delta\n",
        "data: {\"id\":\"msg_u2eL3ur24lup6oSssJ5GlHz8\",\"object\":\"thread.message.delta\",\"delta\":{\"content\":[{\"index\":0,\"type\":\"text\",\"text\":{\"value\":\" of\"}}]}}\n\n",
        "event: thread.message.delta\n",
        "data: {\"id\":\"msg_u2eL3ur24lup6oSssJ5GlHz8\",\"object\":\"thread.message.delta\",\"delta\":{\"content\":[{\"index\":0,\"type\":\"text\",\"text\":{\"value\":\" the\"}}]}}\n\n",
        "event: thread.message.delta\n",
        "data: {\"id\":\"msg_u2eL3ur24lup6oSssJ5GlHz8\",\"object\":\"thread.message.delta\",\"delta\":{\"content\":[{\"index\":0,\"type\":\"text\",\"text\":{\"value\":\" key\"}}]}}\n\n",
        "event: thread.message.delta\n",
        "data: {\"id\":\"msg_u2eL3ur24lup6oSssJ5GlHz8\",\"object\":\"thread.message.delta\",\"delta\":{\"content\":[{\"index\":0,\"type\":\"text\",\"text\":{\"value\":\" sections\"}}]}}\n\n",
        "event: thread.message.delta\n",
        "data: {\"id\":\"msg_u2eL3ur24lup6oSssJ5GlHz8\",\"object\":\"thread.message.delta\",\"delta\":{\"content\":[{\"index\":0,\"type\":\"text\",\"text\":{\"value\":\":\\n\\n\"}}]}}\n\n",
        "event: thread.message.delta\n",
        "data: {\"id\":\"msg_u2eL3ur24lup6oSssJ5GlHz8\",\"object\":\"thread.message.delta\",\"delta\":{\"content\":[{\"index\":0,\"type\":\"text\",\"text\":{\"value\":\"###\"}}]}}\n\n",
        "event: thread.message.delta\n",
        "data: {\"id\":\"msg_u2eL3ur24lup6oSssJ5GlHz8\",\"object\":\"thread.message.delta\",\"delta\":{\"content\":[{\"index\":0,\"type\":\"text\",\"text\":{\"value\":\" **\"}}]}}\n\n",
        "event: thread.message.delta\n",
        "data: {\"id\":\"msg_u2eL3ur24lup6oSssJ5GlHz8\",\"object\":\"thread.message.delta\",\"delta\":{\"content\":[{\"index\":0,\"type\":\"text\",\"text\":{\"value\":\"D\"}}]}}\n\n",
        "event: thread.message.delta\n",
        "data: {\"id\":\"msg_u2eL3ur24lup6oSssJ5GlHz8\",\"object\":\"thread.message.delta\",\"delta\":{\"content\":[{\"index\":0,\"type\":\"text\",\"text\":{\"value\":\"ARS\"}}]}}\n\n",
        "event: thread.message.delta\n",
        "data: {\"id\":\"msg_u2eL3ur24lup6oSssJ5GlHz8\",\"object\":\"thread.message.delta\",\"delta\":{\"content\":[{\"index\":0,\"type\":\"text\",\"text\":{\"value\":\"y\"}}]}}\n\n",
        "event: thread.message.delta\n",
        "data: {\"id\":\"msg_u2eL3ur24lup6oSssJ5GlHz8\",\"object\":\"thread.message.delta\",\"delta\":{\"content\":[{\"index\":0,\"type\":\"text\",\"text\":{\"value\":\" Promo\"}}]}}\n\n",
        "event: thread.message.delta\n",
        "data: {\"id\":\"msg_u2eL3ur24lup6oSssJ5GlHz8\",\"object\":\"thread.message.delta\",\"delta\":{\"content\":[{\"index\":0,\"type\":\"text\",\"text\":{\"value\":\" Code\"}}]}}\n\n",
        "event: thread.message.delta\n",
        "data: {\"id\":\"msg_u2eL3ur24lup6oSssJ5GlHz8\",\"object\":\"thread.message.delta\",\"delta\":{\"content\":[{\"index\":0,\"type\":\"text\",\"text\":{\"value\":\" Request\"}}]}}\n\n",
        "event: thread.message.delta\n",
        "data: {\"id\":\"msg_u2eL3ur24lup6oSssJ5GlHz8\",\"object\":\"thread.message.delta\",\"delta\":{\"content\":[{\"index\":0,\"type\":\"text\",\"text\":{\"value\":\" System\"}}]}}\n\n",
        "event: thread.message.delta\n",
        "data: {\"id\":\"msg_u2eL3ur24lup6oSssJ5GlHz8\",\"object\":\"thread.message.delta\",\"delta\":{\"content\":[{\"index\":0,\"type\":\"text\",\"text\":{\"value\":\"**\\n\"}}]}}\n\n",
        "event: thread.message.delta\n",
        "data: {\"id\":\"msg_u2eL3ur24lup6oSssJ5GlHz8\",\"object\":\"thread.message.delta\",\"delta\":{\"content\":[{\"index\":0,\"type\":\"text\",\"text\":{\"value\":\"-\"}}]}}\n\n",
        "event: thread.message.delta\n",
        "data: {\"id\":\"msg_u2eL3ur24lup6oSssJ5GlHz8\",\"object\":\"thread.message.delta\",\"delta\":{\"content\":[{\"index\":0,\"type\":\"text\",\"text\":{\"value\":\" **\"}}]}}\n\n",
        "event: thread.message.delta\n",
        "data: {\"id\":\"msg_u2eL3ur24lup6oSssJ5GlHz8\",\"object\":\"thread.message.delta\",\"delta\":{\"content\":[{\"index\":0,\"type\":\"text\",\"text\":{\"value\":\"Purpose\"}}]}}\n\n",
        "event: thread.message.delta\n",
        "data: {\"id\":\"msg_u2eL3ur24lup6oSssJ5GlHz8\",\"object\":\"thread.message.delta\",\"delta\":{\"content\":[{\"index\":0,\"type\":\"text\",\"text\":{\"value\":\"**\"}}]}}\n\n",
        "event: thread.message.delta\n",
        "data: {\"id\":\"msg_u2eL3ur24lup6oSssJ5GlHz8\",\"object\":\"thread.message.delta\",\"delta\":{\"content\":[{\"index\":0,\"type\":\"text\",\"text\":{\"value\":\":\"}}]}}\n\n",
        "event: thread.message.delta\n",
        "data: {\"id\":\"msg_u2eL3ur24lup6oSssJ5GlHz8\",\"object\":\"thread.message.delta\",\"delta\":{\"content\":[{\"index\":0,\"type\":\"text\",\"text\":{\"value\":\" Man\"}}]}}\n\n",
        "event: thread.message.delta\n",
        "data: {\"id\":\"msg_u2eL3ur24lup6oSssJ5GlHz8\",\"object\":\"thread.message.delta\",\"delta\":{\"content\":[{\"index\":0,\"type\":\"text\",\"text\":{\"value\":\"ages\"}}]}}\n\n",
        "event: thread.message.delta\n",
        "data: {\"id\":\"msg_u2eL3ur24lup6oSssJ5GlHz8\",\"object\":\"thread.message.delta\",\"delta\":{\"content\":[{\"index\":0,\"type\":\"text\",\"text\":{\"value\":\" promo\"}}]}}\n\n",
        "event: thread.message.delta\n",
        "data: {\"id\":\"msg_u2eL3ur24lup6oSssJ5GlHz8\",\"object\":\"thread.message.delta\",\"delta\":{\"content\":[{\"index\":0,\"type\":\"text\",\"text\":{\"value\":\" codes\"}}]}}\n\n",
        "event: thread.message.delta\n",
        "data: {\"id\":\"msg_u2eL3ur24lup6oSssJ5GlHz8\",\"object\":\"thread.message.delta\",\"delta\":{\"content\":[{\"index\":0,\"type\":\"text\",\"text\":{\"value\":\" for\"}}]}}\n\n",
        "event: thread.message.delta\n",
        "data: {\"id\":\"msg_u2eL3ur24lup6oSssJ5GlHz8\",\"object\":\"thread.message.delta\",\"delta\":{\"content\":[{\"index\":0,\"type\":\"text\",\"text\":{\"value\":\" Microsoft\"}}]}}\n\n",
        "event: thread.message.delta\n",
        "data: {\"id\":\"msg_u2eL3ur24lup6oSssJ5GlHz8\",\"object\":\"thread.message.delta\",\"delta\":{\"content\":[{\"index\":0,\"type\":\"text\",\"text\":{\"value\":\" products\"}}]}}\n\n",
        "event: thread.message.delta\n",
        "data: {\"id\":\"msg_u2eL3ur24lup6oSssJ5GlHz8\",\"object\":\"thread.message.delta\",\"delta\":{\"content\":[{\"index\":0,\"type\":\"text\",\"text\":{\"value\":\" such\"}}]}}\n\n",
        "event: thread.message.delta\n",
        "data: {\"id\":\"msg_u2eL3ur24lup6oSssJ5GlHz8\",\"object\":\"thread.message.delta\",\"delta\":{\"content\":[{\"index\":0,\"type\":\"text\",\"text\":{\"value\":\" as\"}}]}}\n\n",
        "event: thread.message.delta\n",
        "data: {\"id\":\"msg_u2eL3ur24lup6oSssJ5GlHz8\",\"object\":\"thread.message.delta\",\"delta\":{\"content\":[{\"index\":0,\"type\":\"text\",\"text\":{\"value\":\" Dynamics\"}}]}}\n\n",
        "event: thread.message.delta\n",
        "data: {\"id\":\"msg_u2eL3ur24lup6oSssJ5GlHz8\",\"object\":\"thread.message.delta\",\"delta\":{\"content\":[{\"index\":0,\"type\":\"text\",\"text\":{\"value\":\" \"}}]}}\n\n",
        "event: thread.message.delta\n",
        "data: {\"id\":\"msg_u2eL3ur24lup6oSssJ5GlHz8\",\"object\":\"thread.message.delta\",\"delta\":{\"content\":[{\"index\":0,\"type\":\"text\",\"text\":{\"value\":\"365\"}}]}}\n\n",
        "event: thread.message.delta\n",
        "data: {\"id\":\"msg_u2eL3ur24lup6oSssJ5GlHz8\",\"object\":\"thread.message.delta\",\"delta\":{\"content\":[{\"index\":0,\"type\":\"text\",\"text\":{\"value\":\",\"}}]}}\n\n",
        "event: thread.message.delta\n",
        "data: {\"id\":\"msg_u2eL3ur24lup6oSssJ5GlHz8\",\"object\":\"thread.message.delta\",\"delta\":{\"content\":[{\"index\":0,\"type\":\"text\",\"text\":{\"value\":\" Power\"}}]}}\n\n",
        "event: thread.message.delta\n",
        "data: {\"id\":\"msg_u2eL3ur24lup6oSssJ5GlHz8\",\"object\":\"thread.message.delta\",\"delta\":{\"content\":[{\"index\":0,\"type\":\"text\",\"text\":{\"value\":\" Platform\"}}]}}\n\n",
        "event: thread.message.delta\n",
        "data: {\"id\":\"msg_u2eL3ur24lup6oSssJ5GlHz8\",\"object\":\"thread.message.delta\",\"delta\":{\"content\":[{\"index\":0,\"type\":\"text\",\"text\":{\"value\":\",\"}}]}}\n\n",
        "event: thread.message.delta\n",
        "data: {\"id\":\"msg_u2eL3ur24lup6oSssJ5GlHz8\",\"object\":\"thread.message.delta\",\"delta\":{\"content\":[{\"index\":0,\"type\":\"text\",\"text\":{\"value\":\" EMS\"}}]}}\n\n",
        "event: thread.message.delta\n",
        "data: {\"id\":\"msg_u2eL3ur24lup6oSssJ5GlHz8\",\"object\":\"thread.message.delta\",\"delta\":{\"content\":[{\"index\":0,\"type\":\"text\",\"text\":{\"value\":\",\"}}]}}\n\n",
        "event: thread.message.delta\n",
        "data: {\"id\":\"msg_u2eL3ur24lup6oSssJ5GlHz8\",\"object\":\"thread.message.delta\",\"delta\":{\"content\":[{\"index\":0,\"type\":\"text\",\"text\":{\"value\":\" Office\"}}]}}\n\n",
        "event: thread.message.delta\n",
        "data: {\"id\":\"msg_u2eL3ur24lup6oSssJ5GlHz8\",\"object\":\"thread.message.delta\",\"delta\":{\"content\":[{\"index\":0,\"type\":\"text\",\"text\":{\"value\":\",\"}}]}}\n\n",
        "event: thread.message.delta\n",
        "data: {\"id\":\"msg_u2eL3ur24lup6oSssJ5GlHz8\",\"object\":\"thread.message.delta\",\"delta\":{\"content\":[{\"index\":0,\"type\":\"text\",\"text\":{\"value\":\" and\"}}]}}\n\n",
        "event: thread.message.delta\n",
        "data: {\"id\":\"msg_u2eL3ur24lup6oSssJ5GlHz8\",\"object\":\"thread.message.delta\",\"delta\":{\"content\":[{\"index\":0,\"type\":\"text\",\"text\":{\"value\":\" Windows\"}}]}}\n\n",
        "event: thread.message.delta\n",
        "data: {\"id\":\"msg_u2eL3ur24lup6oSssJ5GlHz8\",\"object\":\"thread.message.delta\",\"delta\":{\"content\":[{\"index\":0,\"type\":\"text\",\"text\":{\"value\":\".\\n\"}}]}}\n\n",
        "event: thread.message.delta\n",
        "data: {\"id\":\"msg_u2eL3ur24lup6oSssJ5GlHz8\",\"object\":\"thread.message.delta\",\"delta\":{\"content\":[{\"index\":0,\"type\":\"text\",\"text\":{\"value\":\"-\"}}]}}\n\n",
        "event: thread.message.delta\n",
        "data: {\"id\":\"msg_u2eL3ur24lup6oSssJ5GlHz8\",\"object\":\"thread.message.delta\",\"delta\":{\"content\":[{\"index\":0,\"type\":\"text\",\"text\":{\"value\":\" **\"}}]}}\n\n",
        "event: thread.message.delta\n",
        "data: {\"id\":\"msg_u2eL3ur24lup6oSssJ5GlHz8\",\"object\":\"thread.message.delta\",\"delta\":{\"content\":[{\"index\":0,\"type\":\"text\",\"text\":{\"value\":\"Steps\"}}]}}\n\n",
        "event: thread.message.delta\n",
        "data: {\"id\":\"msg_u2eL3ur24lup6oSssJ5GlHz8\",\"object\":\"thread.message.delta\",\"delta\":{\"content\":[{\"index\":0,\"type\":\"text\",\"text\":{\"value\":\" for\"}}]}}\n\n",
        "event: thread.message.delta\n",
        "data: {\"id\":\"msg_u2eL3ur24lup6oSssJ5GlHz8\",\"object\":\"thread.message.delta\",\"delta\":{\"content\":[{\"index\":0,\"type\":\"text\",\"text\":{\"value\":\" Request\"}}]}}\n\n",
        "event: thread.message.delta\n",
        "data: {\"id\":\"msg_u2eL3ur24lup6oSssJ5GlHz8\",\"object\":\"thread.message.delta\",\"delta\":{\"content\":[{\"index\":0,\"type\":\"text\",\"text\":{\"value\":\"ors\"}}]}}\n\n",
        "event: thread.message.delta\n",
        "data: {\"id\":\"msg_u2eL3ur24lup6oSssJ5GlHz8\",\"object\":\"thread.message.delta\",\"delta\":{\"content\":[{\"index\":0,\"type\":\"text\",\"text\":{\"value\":\"**\"}}]}}\n\n",
        "event: thread.message.delta\n",
        "data: {\"id\":\"msg_u2eL3ur24lup6oSssJ5GlHz8\",\"object\":\"thread.message.delta\",\"delta\":{\"content\":[{\"index\":0,\"type\":\"text\",\"text\":{\"value\":\":\"}}]}}\n\n",
        "event: thread.message.delta\n",
        "data: {\"id\":\"msg_u2eL3ur24lup6oSssJ5GlHz8\",\"object\":\"thread.message.delta\",\"delta\":{\"content\":[{\"index\":0,\"type\":\"text\",\"text\":{\"value\":\" Guidance\"}}]}}\n\n",
        "event: thread.message.delta\n",
        "data: {\"id\":\"msg_u2eL3ur24lup6oSssJ5GlHz8\",\"object\":\"thread.message.delta\",\"delta\":{\"content\":[{\"index\":0,\"type\":\"text\",\"text\":{\"value\":\" on\"}}]}}\n\n",
        "event: thread.message.delta\n",
        "data: {\"id\":\"msg_u2eL3ur24lup6oSssJ5GlHz8\",\"object\":\"thread.message.delta\",\"delta\":{\"content\":[{\"index\":0,\"type\":\"text\",\"text\":{\"value\":\" submitting\"}}]}}\n\n",
        "event: thread.message.delta\n",
        "data: {\"id\":\"msg_u2eL3ur24lup6oSssJ5GlHz8\",\"object\":\"thread.message.delta\",\"delta\":{\"content\":[{\"index\":0,\"type\":\"text\",\"text\":{\"value\":\" a\"}}]}}\n\n",
        "event: thread.message.delta\n",
        "data: {\"id\":\"msg_u2eL3ur24lup6oSssJ5GlHz8\",\"object\":\"thread.message.delta\",\"delta\":{\"content\":[{\"index\":0,\"type\":\"text\",\"text\":{\"value\":\" request\"}}]}}\n\n",
        "event: thread.message.delta\n",
        "data: {\"id\":\"msg_u2eL3ur24lup6oSssJ5GlHz8\",\"object\":\"thread.message.delta\",\"delta\":{\"content\":[{\"index\":0,\"type\":\"text\",\"text\":{\"value\":\",\"}}]}}\n\n",
        "event: thread.message.delta\n",
        "data: {\"id\":\"msg_u2eL3ur24lup6oSssJ5GlHz8\",\"object\":\"thread.message.delta\",\"delta\":{\"content\":[{\"index\":0,\"type\":\"text\",\"text\":{\"value\":\" selecting\"}}]}}\n\n",
        "event: thread.message.delta\n",
        "data: {\"id\":\"msg_u2eL3ur24lup6oSssJ5GlHz8\",\"object\":\"thread.message.delta\",\"delta\":{\"content\":[{\"index\":0,\"type\":\"text\",\"text\":{\"value\":\" promo\"}}]}}\n\n",
        "event: thread.message.delta\n",
        "data: {\"id\":\"msg_u2eL3ur24lup6oSssJ5GlHz8\",\"object\":\"thread.message.delta\",\"delta\":{\"content\":[{\"index\":0,\"type\":\"text\",\"text\":{\"value\":\" purposes\"}}]}}\n\n",
        "event: thread.message.delta\n",
        "data: {\"id\":\"msg_u2eL3ur24lup6oSssJ5GlHz8\",\"object\":\"thread.message.delta\",\"delta\":{\"content\":[{\"index\":0,\"type\":\"text\",\"text\":{\"value\":\",\"}}]}}\n\n",
        "event: thread.message.delta\n",
        "data: {\"id\":\"msg_u2eL3ur24lup6oSssJ5GlHz8\",\"object\":\"thread.message.delta\",\"delta\":{\"content\":[{\"index\":0,\"type\":\"text\",\"text\":{\"value\":\" products\"}}]}}\n\n",
        "event: thread.message.delta\n",
        "data: {\"id\":\"msg_u2eL3ur24lup6oSssJ5GlHz8\",\"object\":\"thread.message.delta\",\"delta\":{\"content\":[{\"index\":0,\"type\":\"text\",\"text\":{\"value\":\",\"}}]}}\n\n",
        "event: thread.message.delta\n",
        "data: {\"id\":\"msg_u2eL3ur24lup6oSssJ5GlHz8\",\"object\":\"thread.message.delta\",\"delta\":{\"content\":[{\"index\":0,\"type\":\"text\",\"text\":{\"value\":\" and\"}}]}}\n\n",
        "event: thread.message.delta\n",
        "data: {\"id\":\"msg_u2eL3ur24lup6oSssJ5GlHz8\",\"object\":\"thread.message.delta\",\"delta\":{\"content\":[{\"index\":0,\"type\":\"text\",\"text\":{\"value\":\" completing\"}}]}}\n\n",
        "event: thread.message.delta\n",
        "data: {\"id\":\"msg_u2eL3ur24lup6oSssJ5GlHz8\",\"object\":\"thread.message.delta\",\"delta\":{\"content\":[{\"index\":0,\"type\":\"text\",\"text\":{\"value\":\" forms\"}}]}}\n\n",
        "event: thread.message.delta\n",
        "data: {\"id\":\"msg_u2eL3ur24lup6oSssJ5GlHz8\",\"object\":\"thread.message.delta\",\"delta\":{\"content\":[{\"index\":0,\"type\":\"text\",\"text\":{\"value\":\".\\n\"}}]}}\n\n",
        "event: thread.message.delta\n",
        "data: {\"id\":\"msg_u2eL3ur24lup6oSssJ5GlHz8\",\"object\":\"thread.message.delta\",\"delta\":{\"content\":[{\"index\":0,\"type\":\"text\",\"text\":{\"value\":\"-\"}}]}}\n\n",
        "event: thread.message.delta\n",
        "data: {\"id\":\"msg_u2eL3ur24lup6oSssJ5GlHz8\",\"object\":\"thread.message.delta\",\"delta\":{\"content\":[{\"index\":0,\"type\":\"text\",\"text\":{\"value\":\" **\"}}]}}\n\n",
        "event: thread.message.delta\n",
        "data: {\"id\":\"msg_u2eL3ur24lup6oSssJ5GlHz8\",\"object\":\"thread.message.delta\",\"delta\":{\"content\":[{\"index\":0,\"type\":\"text\",\"text\":{\"value\":\"Approval\"}}]}}\n\n",
        "event: thread.message.delta\n",
        "data: {\"id\":\"msg_u2eL3ur24lup6oSssJ5GlHz8\",\"object\":\"thread.message.delta\",\"delta\":{\"content\":[{\"index\":0,\"type\":\"text\",\"text\":{\"value\":\" Process\"}}]}}\n\n",
        "event: thread.message.delta\n",
        "data: {\"id\":\"msg_u2eL3ur24lup6oSssJ5GlHz8\",\"object\":\"thread.message.delta\",\"delta\":{\"content\":[{\"index\":0,\"type\":\"text\",\"text\":{\"value\":\"**\"}}]}}\n\n",
        "event: thread.message.delta\n",
        "data: {\"id\":\"msg_u2eL3ur24lup6oSssJ5GlHz8\",\"object\":\"thread.message.delta\",\"delta\":{\"content\":[{\"index\":0,\"type\":\"text\",\"text\":{\"value\":\":\"}}]}}\n\n",
        "event: thread.message.delta\n",
        "data: {\"id\":\"msg_u2eL3ur24lup6oSssJ5GlHz8\",\"object\":\"thread.message.delta\",\"delta\":{\"content\":[{\"index\":0,\"type\":\"text\",\"text\":{\"value\":\" SLA\"}}]}}\n\n",
        "event: thread.message.delta\n",
        "data: {\"id\":\"msg_u2eL3ur24lup6oSssJ5GlHz8\",\"object\":\"thread.message.delta\",\"delta\":{\"content\":[{\"index\":0,\"type\":\"text\",\"text\":{\"value\":\" for\"}}]}}\n\n",
        "event: thread.message.delta\n",
        "data: {\"id\":\"msg_u2eL3ur24lup6oSssJ5GlHz8\",\"object\":\"thread.message.delta\",\"delta\":{\"content\":[{\"index\":0,\"type\":\"text\",\"text\":{\"value\":\" approvals\"}}]}}\n\n",
        "event: thread.message.delta\n",
        "data: {\"id\":\"msg_u2eL3ur24lup6oSssJ5GlHz8\",\"object\":\"thread.message.delta\",\"delta\":{\"content\":[{\"index\":0,\"type\":\"text\",\"text\":{\"value\":\" is\"}}]}}\n\n",
        "event: thread.message.delta\n",
        "data: {\"id\":\"msg_u2eL3ur24lup6oSssJ5GlHz8\",\"object\":\"thread.message.delta\",\"delta\":{\"content\":[{\"index\":0,\"type\":\"text\",\"text\":{\"value\":\" \"}}]}}\n\n",
        "event: thread.message.delta\n",
        "data: {\"id\":\"msg_u2eL3ur24lup6oSssJ5GlHz8\",\"object\":\"thread.message.delta\",\"delta\":{\"content\":[{\"index\":0,\"type\":\"text\",\"text\":{\"value\":\"10\"}}]}}\n\n",
        "event: thread.message.delta\n",
        "data: {\"id\":\"msg_u2eL3ur24lup6oSssJ5GlHz8\",\"object\":\"thread.message.delta\",\"delta\":{\"content\":[{\"index\":0,\"type\":\"text\",\"text\":{\"value\":\" days\"}}]}}\n\n",
        "event: thread.message.delta\n",
        "data: {\"id\":\"msg_u2eL3ur24lup6oSssJ5GlHz8\",\"object\":\"thread.message.delta\",\"delta\":{\"content\":[{\"index\":0,\"type\":\"text\",\"text\":{\"value\":\",\"}}]}}\n\n",
        "event: thread.message.delta\n",
        "data: {\"id\":\"msg_u2eL3ur24lup6oSssJ5GlHz8\",\"object\":\"thread.message.delta\",\"delta\":{\"content\":[{\"index\":0,\"type\":\"text\",\"text\":{\"value\":\" involving\"}}]}}\n\n",
        "event: thread.message.delta\n",
        "data: {\"id\":\"msg_u2eL3ur24lup6oSssJ5GlHz8\",\"object\":\"thread.message.delta\",\"delta\":{\"content\":[{\"index\":0,\"type\":\"text\",\"text\":{\"value\":\" tri\"}}]}}\n\n",
        "event: thread.message.delta\n",
        "data: {\"id\":\"msg_u2eL3ur24lup6oSssJ5GlHz8\",\"object\":\"thread.message.delta\",\"delta\":{\"content\":[{\"index\":0,\"type\":\"text\",\"text\":{\"value\":\"age\"}}]}}\n\n",
        "event: thread.message.delta\n",
        "data: {\"id\":\"msg_u2eL3ur24lup6oSssJ5GlHz8\",\"object\":\"thread.message.delta\",\"delta\":{\"content\":[{\"index\":0,\"type\":\"text\",\"text\":{\"value\":\" and\"}}]}}\n\n",
        "event: thread.message.delta\n",
        "data: {\"id\":\"msg_u2eL3ur24lup6oSssJ5GlHz8\",\"object\":\"thread.message.delta\",\"delta\":{\"content\":[{\"index\":0,\"type\":\"text\",\"text\":{\"value\":\" approval\"}}]}}\n\n",
        "event: thread.message.delta\n",
        "data: {\"id\":\"msg_u2eL3ur24lup6oSssJ5GlHz8\",\"object\":\"thread.message.delta\",\"delta\":{\"content\":[{\"index\":0,\"type\":\"text\",\"text\":{\"value\":\" teams\"}}]}}\n\n",
        "event: thread.message.delta\n",
        "data: {\"id\":\"msg_u2eL3ur24lup6oSssJ5GlHz8\",\"object\":\"thread.message.delta\",\"delta\":{\"content\":[{\"index\":0,\"type\":\"text\",\"text\":{\"value\":\".\\n\"}}]}}\n\n",
        "event: thread.message.delta\n",
        "data: {\"id\":\"msg_u2eL3ur24lup6oSssJ5GlHz8\",\"object\":\"thread.message.delta\",\"delta\":{\"content\":[{\"index\":0,\"type\":\"text\",\"text\":{\"value\":\"-\"}}]}}\n\n",
        "event: thread.message.delta\n",
        "data: {\"id\":\"msg_u2eL3ur24lup6oSssJ5GlHz8\",\"object\":\"thread.message.delta\",\"delta\":{\"content\":[{\"index\":0,\"type\":\"text\",\"text\":{\"value\":\" **\"}}]}}\n\n",
        "event: thread.message.delta\n",
        "data: {\"id\":\"msg_u2eL3ur24lup6oSssJ5GlHz8\",\"object\":\"thread.message.delta\",\"delta\":{\"content\":[{\"index\":0,\"type\":\"text\",\"text\":{\"value\":\"Common\"}}]}}\n\n",
        "event: thread.message.delta\n",
        "data: {\"id\":\"msg_u2eL3ur24lup6oSssJ5GlHz8\",\"object\":\"thread.message.delta\",\"delta\":{\"content\":[{\"index\":0,\"type\":\"text\",\"text\":{\"value\":\" Use\"}}]}}\n\n",
        "event: thread.message.delta\n",
        "data: {\"id\":\"msg_u2eL3ur24lup6oSssJ5GlHz8\",\"object\":\"thread.message.delta\",\"delta\":{\"content\":[{\"index\":0,\"type\":\"text\",\"text\":{\"value\":\" Cases\"}}]}}\n\n",
        "event: thread.message.delta\n",
        "data: {\"id\":\"msg_u2eL3ur24lup6oSssJ5GlHz8\",\"object\":\"thread.message.delta\",\"delta\":{\"content\":[{\"index\":0,\"type\":\"text\",\"text\":{\"value\":\"**\"}}]}}\n\n",
        "event: thread.message.delta\n",
        "data: {\"id\":\"msg_u2eL3ur24lup6oSssJ5GlHz8\",\"object\":\"thread.message.delta\",\"delta\":{\"content\":[{\"index\":0,\"type\":\"text\",\"text\":{\"value\":\":\"}}]}}\n\n",
        "event: thread.message.delta\n",
        "data: {\"id\":\"msg_u2eL3ur24lup6oSssJ5GlHz8\",\"object\":\"thread.message.delta\",\"delta\":{\"content\":[{\"index\":0,\"type\":\"text\",\"text\":{\"value\":\" Covers\"}}]}}\n\n",
        "event: thread.message.delta\n",
        "data: {\"id\":\"msg_u2eL3ur24lup6oSssJ5GlHz8\",\"object\":\"thread.message.delta\",\"delta\":{\"content\":[{\"index\":0,\"type\":\"text\",\"text\":{\"value\":\" internal\"}}]}}\n\n",
        "event: thread.message.delta\n",
        "data: {\"id\":\"msg_u2eL3ur24lup6oSssJ5GlHz8\",\"object\":\"thread.message.delta\",\"delta\":{\"content\":[{\"index\":0,\"type\":\"text\",\"text\":{\"value\":\" testing\"}}]}}\n\n",
        "event: thread.message.delta\n",
        "data: {\"id\":\"msg_u2eL3ur24lup6oSssJ5GlHz8\",\"object\":\"thread.message.delta\",\"delta\":{\"content\":[{\"index\":0,\"type\":\"text\",\"text\":{\"value\":\",\"}}]}}\n\n",
        "event: thread.message.delta\n",
        "data: {\"id\":\"msg_u2eL3ur24lup6oSssJ5GlHz8\",\"object\":\"thread.message.delta\",\"delta\":{\"content\":[{\"index\":0,\"type\":\"text\",\"text\":{\"value\":\" demo\"}}]}}\n\n",
        "event: thread.message.delta\n",
        "data: {\"id\":\"msg_u2eL3ur24lup6oSssJ5GlHz8\",\"object\":\"thread.message.delta\",\"delta\":{\"content\":[{\"index\":0,\"type\":\"text\",\"text\":{\"value\":\" uses\"}}]}}\n\n",
        "event: thread.message.delta\n",
        "data: {\"id\":\"msg_u2eL3ur24lup6oSssJ5GlHz8\",\"object\":\"thread.message.delta\",\"delta\":{\"content\":[{\"index\":0,\"type\":\"text\",\"text\":{\"value\":\",\"}}]}}\n\n",
        "event: thread.message.delta\n",
        "data: {\"id\":\"msg_u2eL3ur24lup6oSssJ5GlHz8\",\"object\":\"thread.message.delta\",\"delta\":{\"content\":[{\"index\":0,\"type\":\"text\",\"text\":{\"value\":\" external\"}}]}}\n\n",
        "event: thread.message.delta\n",
        "data: {\"id\":\"msg_u2eL3ur24lup6oSssJ5GlHz8\",\"object\":\"thread.message.delta\",\"delta\":{\"content\":[{\"index\":0,\"type\":\"text\",\"text\":{\"value\":\" evaluation\"}}]}}\n\n",
        "event: thread.message.delta\n",
        "data: {\"id\":\"msg_u2eL3ur24lup6oSssJ5GlHz8\",\"object\":\"thread.message.delta\",\"delta\":{\"content\":[{\"index\":0,\"type\":\"text\",\"text\":{\"value\":\" trials\"}}]}}\n\n",
        "event: thread.message.delta\n",
        "data: {\"id\":\"msg_u2eL3ur24lup6oSssJ5GlHz8\",\"object\":\"thread.message.delta\",\"delta\":{\"content\":[{\"index\":0,\"type\":\"text\",\"text\":{\"value\":\",\"}}]}}\n\n",
        "event: thread.message.delta\n",
        "data: {\"id\":\"msg_u2eL3ur24lup6oSssJ5GlHz8\",\"object\":\"thread.message.delta\",\"delta\":{\"content\":[{\"index\":0,\"type\":\"text\",\"text\":{\"value\":\" etc\"}}]}}\n\n",
        "event: thread.message.delta\n",
        "data: {\"id\":\"msg_u2eL3ur24lup6oSssJ5GlHz8\",\"object\":\"thread.message.delta\",\"delta\":{\"content\":[{\"index\":0,\"type\":\"text\",\"text\":{\"value\":\".\\n\"}}]}}\n\n",
        "event: thread.message.delta\n",
        "data: {\"id\":\"msg_u2eL3ur24lup6oSssJ5GlHz8\",\"object\":\"thread.message.delta\",\"delta\":{\"content\":[{\"index\":0,\"type\":\"text\",\"text\":{\"value\":\"-\"}}]}}\n\n",
        "event: thread.message.delta\n",
        "data: {\"id\":\"msg_u2eL3ur24lup6oSssJ5GlHz8\",\"object\":\"thread.message.delta\",\"delta\":{\"content\":[{\"index\":0,\"type\":\"text\",\"text\":{\"value\":\" **\"}}]}}\n\n",
        "event: thread.message.delta\n",
        "data: {\"id\":\"msg_u2eL3ur24lup6oSssJ5GlHz8\",\"object\":\"thread.message.delta\",\"delta\":{\"content\":[{\"index\":0,\"type\":\"text\",\"text\":{\"value\":\"Known\"}}]}}\n\n",
        "event: thread.message.delta\n",
        "data: {\"id\":\"msg_u2eL3ur24lup6oSssJ5GlHz8\",\"object\":\"thread.message.delta\",\"delta\":{\"content\":[{\"index\":0,\"type\":\"text\",\"text\":{\"value\":\" Issues\"}}]}}\n\n",
        "event: thread.message.delta\n",
        "data: {\"id\":\"msg_u2eL3ur24lup6oSssJ5GlHz8\",\"object\":\"thread.message.delta\",\"delta\":{\"content\":[{\"index\":0,\"type\":\"text\",\"text\":{\"value\":\"**\"}}]}}\n\n",
        "event: thread.message.delta\n",
        "data: {\"id\":\"msg_u2eL3ur24lup6oSssJ5GlHz8\",\"object\":\"thread.message.delta\",\"delta\":{\"content\":[{\"index\":0,\"type\":\"text\",\"text\":{\"value\":\":\"}}]}}\n\n",
        "event: thread.message.delta\n",
        "data: {\"id\":\"msg_u2eL3ur24lup6oSssJ5GlHz8\",\"object\":\"thread.message.delta\",\"delta\":{\"content\":[{\"index\":0,\"type\":\"text\",\"text\":{\"value\":\" Highlights\"}}]}}\n\n",
        "event: thread.message.delta\n",
        "data: {\"id\":\"msg_u2eL3ur24lup6oSssJ5GlHz8\",\"object\":\"thread.message.delta\",\"delta\":{\"content\":[{\"index\":0,\"type\":\"text\",\"text\":{\"value\":\" troubleshooting\"}}]}}\n\n",
        "event: thread.message.delta\n",
        "data: {\"id\":\"msg_u2eL3ur24lup6oSssJ5GlHz8\",\"object\":\"thread.message.delta\",\"delta\":{\"content\":[{\"index\":0,\"type\":\"text\",\"text\":{\"value\":\" suggestions\"}}]}}\n\n",
        "event: thread.message.delta\n",
        "data: {\"id\":\"msg_u2eL3ur24lup6oSssJ5GlHz8\",\"object\":\"thread.message.delta\",\"delta\":{\"content\":[{\"index\":0,\"type\":\"text\",\"text\":{\"value\":\" for\"}}]}}\n\n",
        "event: thread.message.delta\n",
        "data: {\"id\":\"msg_u2eL3ur24lup6oSssJ5GlHz8\",\"object\":\"thread.message.delta\",\"delta\":{\"content\":[{\"index\":0,\"type\":\"text\",\"text\":{\"value\":\" promo\"}}]}}\n\n",
        "event: thread.message.delta\n",
        "data: {\"id\":\"msg_u2eL3ur24lup6oSssJ5GlHz8\",\"object\":\"thread.message.delta\",\"delta\":{\"content\":[{\"index\":0,\"type\":\"text\",\"text\":{\"value\":\" codes\"}}]}}\n\n",
        "event: thread.message.delta\n",
        "data: {\"id\":\"msg_u2eL3ur24lup6oSssJ5GlHz8\",\"object\":\"thread.message.delta\",\"delta\":{\"content\":[{\"index\":0,\"type\":\"text\",\"text\":{\"value\":\" that\"}}]}}\n\n",
        "event: thread.message.delta\n",
        "data: {\"id\":\"msg_u2eL3ur24lup6oSssJ5GlHz8\",\"object\":\"thread.message.delta\",\"delta\":{\"content\":[{\"index\":0,\"type\":\"text\",\"text\":{\"value\":\" fail\"}}]}}\n\n",
        "event: thread.message.delta\n",
        "data: {\"id\":\"msg_u2eL3ur24lup6oSssJ5GlHz8\",\"object\":\"thread.message.delta\",\"delta\":{\"content\":[{\"index\":0,\"type\":\"text\",\"text\":{\"value\":\" to\"}}]}}\n\n",
        "event: thread.message.delta\n",
        "data: {\"id\":\"msg_u2eL3ur24lup6oSssJ5GlHz8\",\"object\":\"thread.message.delta\",\"delta\":{\"content\":[{\"index\":0,\"type\":\"text\",\"text\":{\"value\":\" redeem\"}}]}}\n\n",
        "event: thread.message.delta\n",
        "data: {\"id\":\"msg_u2eL3ur24lup6oSssJ5GlHz8\",\"object\":\"thread.message.delta\",\"delta\":{\"content\":[{\"index\":0,\"type\":\"text\",\"text\":{\"value\":\" or\"}}]}}\n\n",
        "event: thread.message.delta\n",
        "data: {\"id\":\"msg_u2eL3ur24lup6oSssJ5GlHz8\",\"object\":\"thread.message.delta\",\"delta\":{\"content\":[{\"index\":0,\"type\":\"text\",\"text\":{\"value\":\" encounter\"}}]}}\n\n",
        "event: thread.message.delta\n",
        "data: {\"id\":\"msg_u2eL3ur24lup6oSssJ5GlHz8\",\"object\":\"thread.message.delta\",\"delta\":{\"content\":[{\"index\":0,\"type\":\"text\",\"text\":{\"value\":\" errors\"}}]}}\n\n",
        "event: thread.message.delta\n",
        "data: {\"id\":\"msg_u2eL3ur24lup6oSssJ5GlHz8\",\"object\":\"thread.message.delta\",\"delta\":{\"content\":[{\"index\":0,\"type\":\"text\",\"text\":{\"value\":\".\\n\\n\"}}]}}\n\n",
        "event: thread.message.delta\n",
        "data: {\"id\":\"msg_u2eL3ur24lup6oSssJ5GlHz8\",\"object\":\"thread.message.delta\",\"delta\":{\"content\":[{\"index\":0,\"type\":\"text\",\"text\":{\"value\":\"###\"}}]}}\n\n",
        "event: thread.message.delta\n",
        "data: {\"id\":\"msg_u2eL3ur24lup6oSssJ5GlHz8\",\"object\":\"thread.message.delta\",\"delta\":{\"content\":[{\"index\":0,\"type\":\"text\",\"text\":{\"value\":\" **\"}}]}}\n\n",
        "event: thread.message.delta\n",
        "data: {\"id\":\"msg_u2eL3ur24lup6oSssJ5GlHz8\",\"object\":\"thread.message.delta\",\"delta\":{\"content\":[{\"index\":0,\"type\":\"text\",\"text\":{\"value\":\"Subscription\"}}]}}\n\n",
        "event: thread.message.delta\n",
        "data: {\"id\":\"msg_u2eL3ur24lup6oSssJ5GlHz8\",\"object\":\"thread.message.delta\",\"delta\":{\"content\":[{\"index\":0,\"type\":\"text\",\"text\":{\"value\":\" &\"}}]}}\n\n",
        "event: thread.message.delta\n",
        "data: {\"id\":\"msg_u2eL3ur24lup6oSssJ5GlHz8\",\"object\":\"thread.message.delta\",\"delta\":{\"content\":[{\"index\":0,\"type\":\"text\",\"text\":{\"value\":\" Product\"}}]}}\n\n",
        "event: thread.message.delta\n",
        "data: {\"id\":\"msg_u2eL3ur24lup6oSssJ5GlHz8\",\"object\":\"thread.message.delta\",\"delta\":{\"content\":[{\"index\":0,\"type\":\"text\",\"text\":{\"value\":\" Launch\"}}]}}\n\n",
        "event: thread.message.delta\n",
        "data: {\"id\":\"msg_u2eL3ur24lup6oSssJ5GlHz8\",\"object\":\"thread.message.delta\",\"delta\":{\"content\":[{\"index\":0,\"type\":\"text\",\"text\":{\"value\":\" Processes\"}}]}}\n\n",
        "event: thread.message.delta\n",
        "data: {\"id\":\"msg_u2eL3ur24lup6oSssJ5GlHz8\",\"object\":\"thread.message.delta\",\"delta\":{\"content\":[{\"index\":0,\"type\":\"text\",\"text\":{\"value\":\"**\\n\"}}]}}\n\n",
        "event: thread.message.delta\n",
        "data: {\"id\":\"msg_u2eL3ur24lup6oSssJ5GlHz8\",\"object\":\"thread.message.delta\",\"delta\":{\"content\":[{\"index\":0,\"type\":\"text\",\"text\":{\"value\":\"-\"}}]}}\n\n",
        "event: thread.message.delta\n",
        "data: {\"id\":\"msg_u2eL3ur24lup6oSssJ5GlHz8\",\"object\":\"thread.message.delta\",\"delta\":{\"content\":[{\"index\":0,\"type\":\"text\",\"text\":{\"value\":\" **\"}}]}}\n\n",
        "event: thread.message.delta\n",
        "data: {\"id\":\"msg_u2eL3ur24lup6oSssJ5GlHz8\",\"object\":\"thread.message.delta\",\"delta\":{\"content\":[{\"index\":0,\"type\":\"text\",\"text\":{\"value\":\"Launch\"}}]}}\n\n",
        "event: thread.message.delta\n",
        "data: {\"id\":\"msg_u2eL3ur24lup6oSssJ5GlHz8\",\"object\":\"thread.message.delta\",\"delta\":{\"content\":[{\"index\":0,\"type\":\"text\",\"text\":{\"value\":\" Sc\"}}]}}\n\n",
        "event: thread.message.delta\n",
        "data: {\"id\":\"msg_u2eL3ur24lup6oSssJ5GlHz8\",\"object\":\"thread.message.delta\",\"delta\":{\"content\":[{\"index\":0,\"type\":\"text\",\"text\":{\"value\":\"enarios\"}}]}}\n\n",
        "event: thread.message.delta\n",
        "data: {\"id\":\"msg_u2eL3ur24lup6oSssJ5GlHz8\",\"object\":\"thread.message.delta\",\"delta\":{\"content\":[{\"index\":0,\"type\":\"text\",\"text\":{\"value\":\"**\"}}]}}\n\n",
        "event: thread.message.delta\n",
        "data: {\"id\":\"msg_u2eL3ur24lup6oSssJ5GlHz8\",\"object\":\"thread.message.delta\",\"delta\":{\"content\":[{\"index\":0,\"type\":\"text\",\"text\":{\"value\":\":\"}}]}}\n\n",
        "event: thread.message.delta\n",
        "data: {\"id\":\"msg_u2eL3ur24lup6oSssJ5GlHz8\",\"object\":\"thread.message.delta\",\"delta\":{\"content\":[{\"index\":0,\"type\":\"text\",\"text\":{\"value\":\" Includes\"}}]}}\n\n",
        "event: thread.message.delta\n",
        "data: {\"id\":\"msg_u2eL3ur24lup6oSssJ5GlHz8\",\"object\":\"thread.message.delta\",\"delta\":{\"content\":[{\"index\":0,\"type\":\"text\",\"text\":{\"value\":\" guidelines\"}}]}}\n\n",
        "event: thread.message.delta\n",
        "data: {\"id\":\"msg_u2eL3ur24lup6oSssJ5GlHz8\",\"object\":\"thread.message.delta\",\"delta\":{\"content\":[{\"index\":0,\"type\":\"text\",\"text\":{\"value\":\" for\"}}]}}\n\n",
        "event: thread.message.delta\n",
        "data: {\"id\":\"msg_u2eL3ur24lup6oSssJ5GlHz8\",\"object\":\"thread.message.delta\",\"delta\":{\"content\":[{\"index\":0,\"type\":\"text\",\"text\":{\"value\":\" various\"}}]}}\n\n",
        "event: thread.message.delta\n",
        "data: {\"id\":\"msg_u2eL3ur24lup6oSssJ5GlHz8\",\"object\":\"thread.message.delta\",\"delta\":{\"content\":[{\"index\":0,\"type\":\"text\",\"text\":{\"value\":\" scenarios\"}}]}}\n\n",
        "event: thread.message.delta\n",
        "data: {\"id\":\"msg_u2eL3ur24lup6oSssJ5GlHz8\",\"object\":\"thread.message.delta\",\"delta\":{\"content\":[{\"index\":0,\"type\":\"text\",\"text\":{\"value\":\" such\"}}]}}\n\n",
        "event: thread.message.delta\n",
        "data: {\"id\":\"msg_u2eL3ur24lup6oSssJ5GlHz8\",\"object\":\"thread.message.delta\",\"delta\":{\"content\":[{\"index\":0,\"type\":\"text\",\"text\":{\"value\":\" as\"}}]}}\n\n",
        "event: thread.message.delta\n",
        "data: {\"id\":\"msg_u2eL3ur24lup6oSssJ5GlHz8\",\"object\":\"thread.message.delta\",\"delta\":{\"content\":[{\"index\":0,\"type\":\"text\",\"text\":{\"value\":\" price\"}}]}}\n\n",
        "event: thread.message.delta\n",
        "data: {\"id\":\"msg_u2eL3ur24lup6oSssJ5GlHz8\",\"object\":\"thread.message.delta\",\"delta\":{\"content\":[{\"index\":0,\"type\":\"text\",\"text\":{\"value\":\" changes\"}}]}}\n\n",
        "event: thread.message.delta\n",
        "data: {\"id\":\"msg_u2eL3ur24lup6oSssJ5GlHz8\",\"object\":\"thread.message.delta\",\"delta\":{\"content\":[{\"index\":0,\"type\":\"text\",\"text\":{\"value\":\",\"}}]}}\n\n",
        "event: thread.message.delta\n",
        "data: {\"id\":\"msg_u2eL3ur24lup6oSssJ5GlHz8\",\"object\":\"thread.message.delta\",\"delta\":{\"content\":[{\"index\":0,\"type\":\"text\",\"text\":{\"value\":\" new\"}}]}}\n\n",
        "event: thread.message.delta\n",
        "data: {\"id\":\"msg_u2eL3ur24lup6oSssJ5GlHz8\",\"object\":\"thread.message.delta\",\"delta\":{\"content\":[{\"index\":0,\"type\":\"text\",\"text\":{\"value\":\" SK\"}}]}}\n\n",
        "event: thread.message.delta\n",
        "data: {\"id\":\"msg_u2eL3ur24lup6oSssJ5GlHz8\",\"object\":\"thread.message.delta\",\"delta\":{\"content\":[{\"index\":0,\"type\":\"text\",\"text\":{\"value\":\"Us\"}}]}}\n\n",
        "event: thread.message.delta\n",
        "data: {\"id\":\"msg_u2eL3ur24lup6oSssJ5GlHz8\",\"object\":\"thread.message.delta\",\"delta\":{\"content\":[{\"index\":0,\"type\":\"text\",\"text\":{\"value\":\",\"}}]}}\n\n",
        "event: thread.message.delta\n",
        "data: {\"id\":\"msg_u2eL3ur24lup6oSssJ5GlHz8\",\"object\":\"thread.message.delta\",\"delta\":{\"content\":[{\"index\":0,\"type\":\"text\",\"text\":{\"value\":\" geographical\"}}]}}\n\n",
        "event: thread.message.delta\n",
        "data: {\"id\":\"msg_u2eL3ur24lup6oSssJ5GlHz8\",\"object\":\"thread.message.delta\",\"delta\":{\"content\":[{\"index\":0,\"type\":\"text\",\"text\":{\"value\":\" expansions\"}}]}}\n\n",
        "event: thread.message.delta\n",
        "data: {\"id\":\"msg_u2eL3ur24lup6oSssJ5GlHz8\",\"object\":\"thread.message.delta\",\"delta\":{\"content\":[{\"index\":0,\"type\":\"text\",\"text\":{\"value\":\",\"}}]}}\n\n",
        "event: thread.message.delta\n",
        "data: {\"id\":\"msg_u2eL3ur24lup6oSssJ5GlHz8\",\"object\":\"thread.message.delta\",\"delta\":{\"content\":[{\"index\":0,\"type\":\"text\",\"text\":{\"value\":\" new\"}}]}}\n\n",
        "event: thread.message.delta\n",
        "data: {\"id\":\"msg_u2eL3ur24lup6oSssJ5GlHz8\",\"object\":\"thread.message.delta\",\"delta\":{\"content\":[{\"index\":0,\"type\":\"text\",\"text\":{\"value\":\" service\"}}]}}\n\n",
        "event: thread.message.delta\n",
        "data: {\"id\":\"msg_u2eL3ur24lup6oSssJ5GlHz8\",\"object\":\"thread.message.delta\",\"delta\":{\"content\":[{\"index\":0,\"type\":\"text\",\"text\":{\"value\":\" plans\"}}]}}\n\n",
        "event: thread.message.delta\n",
        "data: {\"id\":\"msg_u2eL3ur24lup6oSssJ5GlHz8\",\"object\":\"thread.message.delta\",\"delta\":{\"content\":[{\"index\":0,\"type\":\"text\",\"text\":{\"value\":\",\"}}]}}\n\n",
        "event: thread.message.delta\n",
        "data: {\"id\":\"msg_u2eL3ur24lup6oSssJ5GlHz8\",\"object\":\"thread.message.delta\",\"delta\":{\"content\":[{\"index\":0,\"type\":\"text\",\"text\":{\"value\":\" and\"}}]}}\n\n",
        "event: thread.message.delta\n",
        "data: {\"id\":\"msg_u2eL3ur24lup6oSssJ5GlHz8\",\"object\":\"thread.message.delta\",\"delta\":{\"content\":[{\"index\":0,\"type\":\"text\",\"text\":{\"value\":\" more\"}}]}}\n\n",
        "event: thread.message.delta\n",
        "data: {\"id\":\"msg_u2eL3ur24lup6oSssJ5GlHz8\",\"object\":\"thread.message.delta\",\"delta\":{\"content\":[{\"index\":0,\"type\":\"text\",\"text\":{\"value\":\".\\n\"}}]}}\n\n",
        "event: thread.message.delta\n",
        "data: {\"id\":\"msg_u2eL3ur24lup6oSssJ5GlHz8\",\"object\":\"thread.message.delta\",\"delta\":{\"content\":[{\"index\":0,\"type\":\"text\",\"text\":{\"value\":\"-\"}}]}}\n\n",
        "event: thread.message.delta\n",
        "data: {\"id\":\"msg_u2eL3ur24lup6oSssJ5GlHz8\",\"object\":\"thread.message.delta\",\"delta\":{\"content\":[{\"index\":0,\"type\":\"text\",\"text\":{\"value\":\" **\"}}]}}\n\n",
        "event: thread.message.delta\n",
        "data: {\"id\":\"msg_u2eL3ur24lup6oSssJ5GlHz8\",\"object\":\"thread.message.delta\",\"delta\":{\"content\":[{\"index\":0,\"type\":\"text\",\"text\":{\"value\":\"Dead\"}}]}}\n\n",
        "event: thread.message.delta\n",
        "data: {\"id\":\"msg_u2eL3ur24lup6oSssJ5GlHz8\",\"object\":\"thread.message.delta\",\"delta\":{\"content\":[{\"index\":0,\"type\":\"text\",\"text\":{\"value\":\"lines\"}}]}}\n\n",
        "event: thread.message.delta\n",
        "data: {\"id\":\"msg_u2eL3ur24lup6oSssJ5GlHz8\",\"object\":\"thread.message.delta\",\"delta\":{\"content\":[{\"index\":0,\"type\":\"text\",\"text\":{\"value\":\"**\"}}]}}\n\n",
        "event: thread.message.delta\n",
        "data: {\"id\":\"msg_u2eL3ur24lup6oSssJ5GlHz8\",\"object\":\"thread.message.delta\",\"delta\":{\"content\":[{\"index\":0,\"type\":\"text\",\"text\":{\"value\":\":\"}}]}}\n\n",
        "event: thread.message.delta\n",
        "data: {\"id\":\"msg_u2eL3ur24lup6oSssJ5GlHz8\",\"object\":\"thread.message.delta\",\"delta\":{\"content\":[{\"index\":0,\"type\":\"text\",\"text\":{\"value\":\" Details\"}}]}}\n\n",
        "event: thread.message.delta\n",
        "data: {\"id\":\"msg_u2eL3ur24lup6oSssJ5GlHz8\",\"object\":\"thread.message.delta\",\"delta\":{\"content\":[{\"index\":0,\"type\":\"text\",\"text\":{\"value\":\" strict\"}}]}}\n\n",
        "event: thread.message.delta\n",
        "data: {\"id\":\"msg_u2eL3ur24lup6oSssJ5GlHz8\",\"object\":\"thread.message.delta\",\"delta\":{\"content\":[{\"index\":0,\"type\":\"text\",\"text\":{\"value\":\" timelines\"}}]}}\n\n",
        "event: thread.message.delta\n",
        "data: {\"id\":\"msg_u2eL3ur24lup6oSssJ5GlHz8\",\"object\":\"thread.message.delta\",\"delta\":{\"content\":[{\"index\":0,\"type\":\"text\",\"text\":{\"value\":\" for\"}}]}}\n\n",
        "event: thread.message.delta\n",
        "data: {\"id\":\"msg_u2eL3ur24lup6oSssJ5GlHz8\",\"object\":\"thread.message.delta\",\"delta\":{\"content\":[{\"index\":0,\"type\":\"text\",\"text\":{\"value\":\" ensuring\"}}]}}\n\n",
        "event: thread.message.delta\n",
        "data: {\"id\":\"msg_u2eL3ur24lup6oSssJ5GlHz8\",\"object\":\"thread.message.delta\",\"delta\":{\"content\":[{\"index\":0,\"type\":\"text\",\"text\":{\"value\":\" inclusion\"}}]}}\n\n",
        "event: thread.message.delta\n",
        "data: {\"id\":\"msg_u2eL3ur24lup6oSssJ5GlHz8\",\"object\":\"thread.message.delta\",\"delta\":{\"content\":[{\"index\":0,\"type\":\"text\",\"text\":{\"value\":\" in\"}}]}}\n\n",
        "event: thread.message.delta\n",
        "data: {\"id\":\"msg_u2eL3ur24lup6oSssJ5GlHz8\",\"object\":\"thread.message.delta\",\"delta\":{\"content\":[{\"index\":0,\"type\":\"text\",\"text\":{\"value\":\" locked\"}}]}}\n\n",
        "event: thread.message.delta\n",
        "data: {\"id\":\"msg_u2eL3ur24lup6oSssJ5GlHz8\",\"object\":\"thread.message.delta\",\"delta\":{\"content\":[{\"index\":0,\"type\":\"text\",\"text\":{\"value\":\" scope\"}}]}}\n\n",
        "event: thread.message.delta\n",
        "data: {\"id\":\"msg_u2eL3ur24lup6oSssJ5GlHz8\",\"object\":\"thread.message.delta\",\"delta\":{\"content\":[{\"index\":0,\"type\":\"text\",\"text\":{\"value\":\" and\"}}]}}\n\n",
        "event: thread.message.delta\n",
        "data: {\"id\":\"msg_u2eL3ur24lup6oSssJ5GlHz8\",\"object\":\"thread.message.delta\",\"delta\":{\"content\":[{\"index\":0,\"type\":\"text\",\"text\":{\"value\":\" execution\"}}]}}\n\n",
        "event: thread.message.delta\n",
        "data: {\"id\":\"msg_u2eL3ur24lup6oSssJ5GlHz8\",\"object\":\"thread.message.delta\",\"delta\":{\"content\":[{\"index\":0,\"type\":\"text\",\"text\":{\"value\":\".\\n\"}}]}}\n\n",
        "event: thread.message.delta\n",
        "data: {\"id\":\"msg_u2eL3ur24lup6oSssJ5GlHz8\",\"object\":\"thread.message.delta\",\"delta\":{\"content\":[{\"index\":0,\"type\":\"text\",\"text\":{\"value\":\"-\"}}]}}\n\n",
        "event: thread.message.delta\n",
        "data: {\"id\":\"msg_u2eL3ur24lup6oSssJ5GlHz8\",\"object\":\"thread.message.delta\",\"delta\":{\"content\":[{\"index\":0,\"type\":\"text\",\"text\":{\"value\":\" **\"}}]}}\n\n",
        "event: thread.message.delta\n",
        "data: {\"id\":\"msg_u2eL3ur24lup6oSssJ5GlHz8\",\"object\":\"thread.message.delta\",\"delta\":{\"content\":[{\"index\":0,\"type\":\"text\",\"text\":{\"value\":\"Compliance\"}}]}}\n\n",
        "event: thread.message.delta\n",
        "data: {\"id\":\"msg_u2eL3ur24lup6oSssJ5GlHz8\",\"object\":\"thread.message.delta\",\"delta\":{\"content\":[{\"index\":0,\"type\":\"text\",\"text\":{\"value\":\"**\"}}]}}\n\n",
        "event: thread.message.delta\n",
        "data: {\"id\":\"msg_u2eL3ur24lup6oSssJ5GlHz8\",\"object\":\"thread.message.delta\",\"delta\":{\"content\":[{\"index\":0,\"type\":\"text\",\"text\":{\"value\":\":\"}}]}}\n\n",
        "event: thread.message.delta\n",
        "data: {\"id\":\"msg_u2eL3ur24lup6oSssJ5GlHz8\",\"object\":\"thread.message.delta\",\"delta\":{\"content\":[{\"index\":0,\"type\":\"text\",\"text\":{\"value\":\" Em\"}}]}}\n\n",
        "event: thread.message.delta\n",
        "data: {\"id\":\"msg_u2eL3ur24lup6oSssJ5GlHz8\",\"object\":\"thread.message.delta\",\"delta\":{\"content\":[{\"index\":0,\"type\":\"text\",\"text\":{\"value\":\"phas\"}}]}}\n\n",
        "event: thread.message.delta\n",
        "data: {\"id\":\"msg_u2eL3ur24lup6oSssJ5GlHz8\",\"object\":\"thread.message.delta\",\"delta\":{\"content\":[{\"index\":0,\"type\":\"text\",\"text\":{\"value\":\"izes\"}}]}}\n\n",
        "event: thread.message.delta\n",
        "data: {\"id\":\"msg_u2eL3ur24lup6oSssJ5GlHz8\",\"object\":\"thread.message.delta\",\"delta\":{\"content\":[{\"index\":0,\"type\":\"text\",\"text\":{\"value\":\" the\"}}]}}\n\n",
        "event: thread.message.delta\n",
        "data: {\"id\":\"msg_u2eL3ur24lup6oSssJ5GlHz8\",\"object\":\"thread.message.delta\",\"delta\":{\"content\":[{\"index\":0,\"type\":\"text\",\"text\":{\"value\":\" need\"}}]}}\n\n",
        "event: thread.message.delta\n",
        "data: {\"id\":\"msg_u2eL3ur24lup6oSssJ5GlHz8\",\"object\":\"thread.message.delta\",\"delta\":{\"content\":[{\"index\":0,\"type\":\"text\",\"text\":{\"value\":\" for\"}}]}}\n\n",
        "event: thread.message.delta\n",
        "data: {\"id\":\"msg_u2eL3ur24lup6oSssJ5GlHz8\",\"object\":\"thread.message.delta\",\"delta\":{\"content\":[{\"index\":0,\"type\":\"text\",\"text\":{\"value\":\" lifecycle\"}}]}}\n\n",
        "event: thread.message.delta\n",
        "data: {\"id\":\"msg_u2eL3ur24lup6oSssJ5GlHz8\",\"object\":\"thread.message.delta\",\"delta\":{\"content\":[{\"index\":0,\"type\":\"text\",\"text\":{\"value\":\" management\"}}]}}\n\n",
        "event: thread.message.delta\n",
        "data: {\"id\":\"msg_u2eL3ur24lup6oSssJ5GlHz8\",\"object\":\"thread.message.delta\",\"delta\":{\"content\":[{\"index\":0,\"type\":\"text\",\"text\":{\"value\":\",\"}}]}}\n\n",
        "event: thread.message.delta\n",
        "data: {\"id\":\"msg_u2eL3ur24lup6oSssJ5GlHz8\",\"object\":\"thread.message.delta\",\"delta\":{\"content\":[{\"index\":0,\"type\":\"text\",\"text\":{\"value\":\" accurate\"}}]}}\n\n",
        "event: thread.message.delta\n",
        "data: {\"id\":\"msg_u2eL3ur24lup6oSssJ5GlHz8\",\"object\":\"thread.message.delta\",\"delta\":{\"content\":[{\"index\":0,\"type\":\"text\",\"text\":{\"value\":\" configuration\"}}]}}\n\n",
        "event: thread.message.delta\n",
        "data: {\"id\":\"msg_u2eL3ur24lup6oSssJ5GlHz8\",\"object\":\"thread.message.delta\",\"delta\":{\"content\":[{\"index\":0,\"type\":\"text\",\"text\":{\"value\":\",\"}}]}}\n\n",
        "event: thread.message.delta\n",
        "data: {\"id\":\"msg_u2eL3ur24lup6oSssJ5GlHz8\",\"object\":\"thread.message.delta\",\"delta\":{\"content\":[{\"index\":0,\"type\":\"text\",\"text\":{\"value\":\" and\"}}]}}\n\n",
        "event: thread.message.delta\n",
        "data: {\"id\":\"msg_u2eL3ur24lup6oSssJ5GlHz8\",\"object\":\"thread.message.delta\",\"delta\":{\"content\":[{\"index\":0,\"type\":\"text\",\"text\":{\"value\":\" compliance\"}}]}}\n\n",
        "event: thread.message.delta\n",
        "data: {\"id\":\"msg_u2eL3ur24lup6oSssJ5GlHz8\",\"object\":\"thread.message.delta\",\"delta\":{\"content\":[{\"index\":0,\"type\":\"text\",\"text\":{\"value\":\" before\"}}]}}\n\n",
        "event: thread.message.delta\n",
        "data: {\"id\":\"msg_u2eL3ur24lup6oSssJ5GlHz8\",\"object\":\"thread.message.delta\",\"delta\":{\"content\":[{\"index\":0,\"type\":\"text\",\"text\":{\"value\":\" General\"}}]}}\n\n",
        "event: thread.message.delta\n",
        "data: {\"id\":\"msg_u2eL3ur24lup6oSssJ5GlHz8\",\"object\":\"thread.message.delta\",\"delta\":{\"content\":[{\"index\":0,\"type\":\"text\",\"text\":{\"value\":\" Availability\"}}]}}\n\n",
        "event: thread.message.delta\n",
        "data: {\"id\":\"msg_u2eL3ur24lup6oSssJ5GlHz8\",\"object\":\"thread.message.delta\",\"delta\":{\"content\":[{\"index\":0,\"type\":\"text\",\"text\":{\"value\":\" (\"}}]}}\n\n",
        "event: thread.message.delta\n",
        "data: {\"id\":\"msg_u2eL3ur24lup6oSssJ5GlHz8\",\"object\":\"thread.message.delta\",\"delta\":{\"content\":[{\"index\":0,\"type\":\"text\",\"text\":{\"value\":\"GA\"}}]}}\n\n",
        "event: thread.message.delta\n",
        "data: {\"id\":\"msg_u2eL3ur24lup6oSssJ5GlHz8\",\"object\":\"thread.message.delta\",\"delta\":{\"content\":[{\"index\":0,\"type\":\"text\",\"text\":{\"value\":\").\\n\"}}]}}\n\n",
        "event: thread.message.delta\n",
        "data: {\"id\":\"msg_u2eL3ur24lup6oSssJ5GlHz8\",\"object\":\"thread.message.delta\",\"delta\":{\"content\":[{\"index\":0,\"type\":\"text\",\"text\":{\"value\":\"-\"}}]}}\n\n",
        "event: thread.message.delta\n",
        "data: {\"id\":\"msg_u2eL3ur24lup6oSssJ5GlHz8\",\"object\":\"thread.message.delta\",\"delta\":{\"content\":[{\"index\":0,\"type\":\"text\",\"text\":{\"value\":\" **\"}}]}}\n\n",
        "event: thread.message.delta\n",
        "data: {\"id\":\"msg_u2eL3ur24lup6oSssJ5GlHz8\",\"object\":\"thread.message.delta\",\"delta\":{\"content\":[{\"index\":0,\"type\":\"text\",\"text\":{\"value\":\"Tools\"}}]}}\n\n",
        "event: thread.message.delta\n",
        "data: {\"id\":\"msg_u2eL3ur24lup6oSssJ5GlHz8\",\"object\":\"thread.message.delta\",\"delta\":{\"content\":[{\"index\":0,\"type\":\"text\",\"text\":{\"value\":\"**\"}}]}}\n\n",
        "event: thread.message.delta\n",
        "data: {\"id\":\"msg_u2eL3ur24lup6oSssJ5GlHz8\",\"object\":\"thread.message.delta\",\"delta\":{\"content\":[{\"index\":0,\"type\":\"text\",\"text\":{\"value\":\":\"}}]}}\n\n",
        "event: thread.message.delta\n",
        "data: {\"id\":\"msg_u2eL3ur24lup6oSssJ5GlHz8\",\"object\":\"thread.message.delta\",\"delta\":{\"content\":[{\"index\":0,\"type\":\"text\",\"text\":{\"value\":\" Usage\"}}]}}\n\n",
        "event: thread.message.delta\n",
        "data: {\"id\":\"msg_u2eL3ur24lup6oSssJ5GlHz8\",\"object\":\"thread.message.delta\",\"delta\":{\"content\":[{\"index\":0,\"type\":\"text\",\"text\":{\"value\":\" of\"}}]}}\n\n",
        "event: thread.message.delta\n",
        "data: {\"id\":\"msg_u2eL3ur24lup6oSssJ5GlHz8\",\"object\":\"thread.message.delta\",\"delta\":{\"content\":[{\"index\":0,\"type\":\"text\",\"text\":{\"value\":\" Partner\"}}]}}\n\n",
        "event: thread.message.delta\n",
        "data: {\"id\":\"msg_u2eL3ur24lup6oSssJ5GlHz8\",\"object\":\"thread.message.delta\",\"delta\":{\"content\":[{\"index\":0,\"type\":\"text\",\"text\":{\"value\":\" Center\"}}]}}\n\n",
        "event: thread.message.delta\n",
        "data: {\"id\":\"msg_u2eL3ur24lup6oSssJ5GlHz8\",\"object\":\"thread.message.delta\",\"delta\":{\"content\":[{\"index\":0,\"type\":\"text\",\"text\":{\"value\":\" and\"}}]}}\n\n",
        "event: thread.message.delta\n",
        "data: {\"id\":\"msg_u2eL3ur24lup6oSssJ5GlHz8\",\"object\":\"thread.message.delta\",\"delta\":{\"content\":[{\"index\":0,\"type\":\"text\",\"text\":{\"value\":\" Legacy\"}}]}}\n\n",
        "event: thread.message.delta\n",
        "data: {\"id\":\"msg_u2eL3ur24lup6oSssJ5GlHz8\",\"object\":\"thread.message.delta\",\"delta\":{\"content\":[{\"index\":0,\"type\":\"text\",\"text\":{\"value\":\" tools\"}}]}}\n\n",
        "event: thread.message.delta\n",
        "data: {\"id\":\"msg_u2eL3ur24lup6oSssJ5GlHz8\",\"object\":\"thread.message.delta\",\"delta\":{\"content\":[{\"index\":0,\"type\":\"text\",\"text\":{\"value\":\" for\"}}]}}\n\n",
        "event: thread.message.delta\n",
        "data: {\"id\":\"msg_u2eL3ur24lup6oSssJ5GlHz8\",\"object\":\"thread.message.delta\",\"delta\":{\"content\":[{\"index\":0,\"type\":\"text\",\"text\":{\"value\":\" CR\"}}]}}\n\n",
        "event: thread.message.delta\n",
        "data: {\"id\":\"msg_u2eL3ur24lup6oSssJ5GlHz8\",\"object\":\"thread.message.delta\",\"delta\":{\"content\":[{\"index\":0,\"type\":\"text\",\"text\":{\"value\":\" creation\"}}]}}\n\n",
        "event: thread.message.delta\n",
        "data: {\"id\":\"msg_u2eL3ur24lup6oSssJ5GlHz8\",\"object\":\"thread.message.delta\",\"delta\":{\"content\":[{\"index\":0,\"type\":\"text\",\"text\":{\"value\":\",\"}}]}}\n\n",
        "event: thread.message.delta\n",
        "data: {\"id\":\"msg_u2eL3ur24lup6oSssJ5GlHz8\",\"object\":\"thread.message.delta\",\"delta\":{\"content\":[{\"index\":0,\"type\":\"text\",\"text\":{\"value\":\" intake\"}}]}}\n\n",
        "event: thread.message.delta\n",
        "data: {\"id\":\"msg_u2eL3ur24lup6oSssJ5GlHz8\",\"object\":\"thread.message.delta\",\"delta\":{\"content\":[{\"index\":0,\"type\":\"text\",\"text\":{\"value\":\" forms\"}}]}}\n\n",
        "event: thread.message.delta\n",
        "data: {\"id\":\"msg_u2eL3ur24lup6oSssJ5GlHz8\",\"object\":\"thread.message.delta\",\"delta\":{\"content\":[{\"index\":0,\"type\":\"text\",\"text\":{\"value\":\",\"}}]}}\n\n",
        "event: thread.message.delta\n",
        "data: {\"id\":\"msg_u2eL3ur24lup6oSssJ5GlHz8\",\"object\":\"thread.message.delta\",\"delta\":{\"content\":[{\"index\":0,\"type\":\"text\",\"text\":{\"value\":\" and\"}}]}}\n\n",
        "event: thread.message.delta\n",
        "data: {\"id\":\"msg_u2eL3ur24lup6oSssJ5GlHz8\",\"object\":\"thread.message.delta\",\"delta\":{\"content\":[{\"index\":0,\"type\":\"text\",\"text\":{\"value\":\" validation\"}}]}}\n\n",
        "event: thread.message.delta\n",
        "data: {\"id\":\"msg_u2eL3ur24lup6oSssJ5GlHz8\",\"object\":\"thread.message.delta\",\"delta\":{\"content\":[{\"index\":0,\"type\":\"text\",\"text\":{\"value\":\" checks\"}}]}}\n\n",
        "event: thread.message.delta\n",
        "data: {\"id\":\"msg_u2eL3ur24lup6oSssJ5GlHz8\",\"object\":\"thread.message.delta\",\"delta\":{\"content\":[{\"index\":0,\"type\":\"text\",\"text\":{\"value\":\".\\n\\n\"}}]}}\n\n",
        "event: thread.message.delta\n",
        "data: {\"id\":\"msg_u2eL3ur24lup6oSssJ5GlHz8\",\"object\":\"thread.message.delta\",\"delta\":{\"content\":[{\"index\":0,\"type\":\"text\",\"text\":{\"value\":\"###\"}}]}}\n\n",
        "event: thread.message.delta\n",
        "data: {\"id\":\"msg_u2eL3ur24lup6oSssJ5GlHz8\",\"object\":\"thread.message.delta\",\"delta\":{\"content\":[{\"index\":0,\"type\":\"text\",\"text\":{\"value\":\" **\"}}]}}\n\n",
        "event: thread.message.delta\n",
        "data: {\"id\":\"msg_u2eL3ur24lup6oSssJ5GlHz8\",\"object\":\"thread.message.delta\",\"delta\":{\"content\":[{\"index\":0,\"type\":\"text\",\"text\":{\"value\":\"Prom\"}}]}}\n\n",
        "event: thread.message.delta\n",
        "data: {\"id\":\"msg_u2eL3ur24lup6oSssJ5GlHz8\",\"object\":\"thread.message.delta\",\"delta\":{\"content\":[{\"index\":0,\"type\":\"text\",\"text\":{\"value\":\"otions\"}}]}}\n\n",
        "event: thread.message.delta\n",
        "data: {\"id\":\"msg_u2eL3ur24lup6oSssJ5GlHz8\",\"object\":\"thread.message.delta\",\"delta\":{\"content\":[{\"index\":0,\"type\":\"text\",\"text\":{\"value\":\" Management\"}}]}}\n\n",
        "event: thread.message.delta\n",
        "data: {\"id\":\"msg_u2eL3ur24lup6oSssJ5GlHz8\",\"object\":\"thread.message.delta\",\"delta\":{\"content\":[{\"index\":0,\"type\":\"text\",\"text\":{\"value\":\"**\\n\"}}]}}\n\n",
        "event: thread.message.delta\n",
        "data: {\"id\":\"msg_u2eL3ur24lup6oSssJ5GlHz8\",\"object\":\"thread.message.delta\",\"delta\":{\"content\":[{\"index\":0,\"type\":\"text\",\"text\":{\"value\":\"-\"}}]}}\n\n",
        "event: thread.message.delta\n",
        "data: {\"id\":\"msg_u2eL3ur24lup6oSssJ5GlHz8\",\"object\":\"thread.message.delta\",\"delta\":{\"content\":[{\"index\":0,\"type\":\"text\",\"text\":{\"value\":\" **\"}}]}}\n\n",
        "event: thread.message.delta\n",
        "data: {\"id\":\"msg_u2eL3ur24lup6oSssJ5GlHz8\",\"object\":\"thread.message.delta\",\"delta\":{\"content\":[{\"index\":0,\"type\":\"text\",\"text\":{\"value\":\"Promotion\"}}]}}\n\n",
        "event: thread.message.delta\n",
        "data: {\"id\":\"msg_u2eL3ur24lup6oSssJ5GlHz8\",\"object\":\"thread.message.delta\",\"delta\":{\"content\":[{\"index\":0,\"type\":\"text\",\"text\":{\"value\":\" Types\"}}]}}\n\n",
        "event: thread.message.delta\n",
        "data: {\"id\":\"msg_u2eL3ur24lup6oSssJ5GlHz8\",\"object\":\"thread.message.delta\",\"delta\":{\"content\":[{\"index\":0,\"type\":\"text\",\"text\":{\"value\":\"**\"}}]}}\n\n",
        "event: thread.message.delta\n",
        "data: {\"id\":\"msg_u2eL3ur24lup6oSssJ5GlHz8\",\"object\":\"thread.message.delta\",\"delta\":{\"content\":[{\"index\":0,\"type\":\"text\",\"text\":{\"value\":\":\"}}]}}\n\n",
        "event: thread.message.delta\n",
        "data: {\"id\":\"msg_u2eL3ur24lup6oSssJ5GlHz8\",\"object\":\"thread.message.delta\",\"delta\":{\"content\":[{\"index\":0,\"type\":\"text\",\"text\":{\"value\":\" Differ\"}}]}}\n\n",
        "event: thread.message.delta\n",
        "data: {\"id\":\"msg_u2eL3ur24lup6oSssJ5GlHz8\",\"object\":\"thread.message.delta\",\"delta\":{\"content\":[{\"index\":0,\"type\":\"text\",\"text\":{\"value\":\"enti\"}}]}}\n\n",
        "event: thread.message.delta\n",
        "data: {\"id\":\"msg_u2eL3ur24lup6oSssJ5GlHz8\",\"object\":\"thread.message.delta\",\"delta\":{\"content\":[{\"index\":0,\"type\":\"text\",\"text\":{\"value\":\"ates\"}}]}}\n\n",
        "event: thread.message.delta\n",
        "data: {\"id\":\"msg_u2eL3ur24lup6oSssJ5GlHz8\",\"object\":\"thread.message.delta\",\"delta\":{\"content\":[{\"index\":0,\"type\":\"text\",\"text\":{\"value\":\" between\"}}]}}\n\n",
        "event: thread.message.delta\n",
        "data: {\"id\":\"msg_u2eL3ur24lup6oSssJ5GlHz8\",\"object\":\"thread.message.delta\",\"delta\":{\"content\":[{\"index\":0,\"type\":\"text\",\"text\":{\"value\":\" standard\"}}]}}\n\n",
        "event: thread.message.delta\n",
        "data: {\"id\":\"msg_u2eL3ur24lup6oSssJ5GlHz8\",\"object\":\"thread.message.delta\",\"delta\":{\"content\":[{\"index\":0,\"type\":\"text\",\"text\":{\"value\":\" promotions\"}}]}}\n\n",
        "event: thread.message.delta\n",
        "data: {\"id\":\"msg_u2eL3ur24lup6oSssJ5GlHz8\",\"object\":\"thread.message.delta\",\"delta\":{\"content\":[{\"index\":0,\"type\":\"text\",\"text\":{\"value\":\",\"}}]}}\n\n",
        "event: thread.message.delta\n",
        "data: {\"id\":\"msg_u2eL3ur24lup6oSssJ5GlHz8\",\"object\":\"thread.message.delta\",\"delta\":{\"content\":[{\"index\":0,\"type\":\"text\",\"text\":{\"value\":\" volume\"}}]}}\n\n",
        "event: thread.message.delta\n",
        "data: {\"id\":\"msg_u2eL3ur24lup6oSssJ5GlHz8\",\"object\":\"thread.message.delta\",\"delta\":{\"content\":[{\"index\":0,\"type\":\"text\",\"text\":{\"value\":\" promotions\"}}]}}\n\n",
        "event: thread.message.delta\n",
        "data: {\"id\":\"msg_u2eL3ur24lup6oSssJ5GlHz8\",\"object\":\"thread.message.delta\",\"delta\":{\"content\":[{\"index\":0,\"type\":\"text\",\"text\":{\"value\":\",\"}}]}}\n\n",
        "event: thread.message.delta\n",
        "data: {\"id\":\"msg_u2eL3ur24lup6oSssJ5GlHz8\",\"object\":\"thread.message.delta\",\"delta\":{\"content\":[{\"index\":0,\"type\":\"text\",\"text\":{\"value\":\" specialized\"}}]}}\n\n",
        "event: thread.message.delta\n",
        "data: {\"id\":\"msg_u2eL3ur24lup6oSssJ5GlHz8\",\"object\":\"thread.message.delta\",\"delta\":{\"content\":[{\"index\":0,\"type\":\"text\",\"text\":{\"value\":\" offers\"}}]}}\n\n",
        "event: thread.message.delta\n",
        "data: {\"id\":\"msg_u2eL3ur24lup6oSssJ5GlHz8\",\"object\":\"thread.message.delta\",\"delta\":{\"content\":[{\"index\":0,\"type\":\"text\",\"text\":{\"value\":\",\"}}]}}\n\n",
        "event: thread.message.delta\n",
        "data: {\"id\":\"msg_u2eL3ur24lup6oSssJ5GlHz8\",\"object\":\"thread.message.delta\",\"delta\":{\"content\":[{\"index\":0,\"type\":\"text\",\"text\":{\"value\":\" and\"}}]}}\n\n",
        "event: thread.message.delta\n",
        "data: {\"id\":\"msg_u2eL3ur24lup6oSssJ5GlHz8\",\"object\":\"thread.message.delta\",\"delta\":{\"content\":[{\"index\":0,\"type\":\"text\",\"text\":{\"value\":\" promo\"}}]}}\n\n",
        "event: thread.message.delta\n",
        "data: {\"id\":\"msg_u2eL3ur24lup6oSssJ5GlHz8\",\"object\":\"thread.message.delta\",\"delta\":{\"content\":[{\"index\":0,\"type\":\"text\",\"text\":{\"value\":\" codes\"}}]}}\n\n",
        "event: thread.message.delta\n",
        "data: {\"id\":\"msg_u2eL3ur24lup6oSssJ5GlHz8\",\"object\":\"thread.message.delta\",\"delta\":{\"content\":[{\"index\":0,\"type\":\"text\",\"text\":{\"value\":\".\\n\"}}]}}\n\n",
        "event: thread.message.delta\n",
        "data: {\"id\":\"msg_u2eL3ur24lup6oSssJ5GlHz8\",\"object\":\"thread.message.delta\",\"delta\":{\"content\":[{\"index\":0,\"type\":\"text\",\"text\":{\"value\":\"-\"}}]}}\n\n",
        "event: thread.message.delta\n",
        "data: {\"id\":\"msg_u2eL3ur24lup6oSssJ5GlHz8\",\"object\":\"thread.message.delta\",\"delta\":{\"content\":[{\"index\":0,\"type\":\"text\",\"text\":{\"value\":\" **\"}}]}}\n\n",
        "event: thread.message.delta\n",
        "data: {\"id\":\"msg_u2eL3ur24lup6oSssJ5GlHz8\",\"object\":\"thread.message.delta\",\"delta\":{\"content\":[{\"index\":0,\"type\":\"text\",\"text\":{\"value\":\"Processes\"}}]}}\n\n",
        "event: thread.message.delta\n",
        "data: {\"id\":\"msg_u2eL3ur24lup6oSssJ5GlHz8\",\"object\":\"thread.message.delta\",\"delta\":{\"content\":[{\"index\":0,\"type\":\"text\",\"text\":{\"value\":\"**\"}}]}}\n\n",
        "event: thread.message.delta\n",
        "data: {\"id\":\"msg_u2eL3ur24lup6oSssJ5GlHz8\",\"object\":\"thread.message.delta\",\"delta\":{\"content\":[{\"index\":0,\"type\":\"text\",\"text\":{\"value\":\":\"}}]}}\n\n",
        "event: thread.message.delta\n",
        "data: {\"id\":\"msg_u2eL3ur24lup6oSssJ5GlHz8\",\"object\":\"thread.message.delta\",\"delta\":{\"content\":[{\"index\":0,\"type\":\"text\",\"text\":{\"value\":\" Includes\"}}]}}\n\n",
        "event: thread.message.delta\n",
        "data: {\"id\":\"msg_u2eL3ur24lup6oSssJ5GlHz8\",\"object\":\"thread.message.delta\",\"delta\":{\"content\":[{\"index\":0,\"type\":\"text\",\"text\":{\"value\":\" creating\"}}]}}\n\n",
        "event: thread.message.delta\n",
        "data: {\"id\":\"msg_u2eL3ur24lup6oSssJ5GlHz8\",\"object\":\"thread.message.delta\",\"delta\":{\"content\":[{\"index\":0,\"type\":\"text\",\"text\":{\"value\":\" M\"}}]}}\n\n",
        "event: thread.message.delta\n",
        "data: {\"id\":\"msg_u2eL3ur24lup6oSssJ5GlHz8\",\"object\":\"thread.message.delta\",\"delta\":{\"content\":[{\"index\":0,\"type\":\"text\",\"text\":{\"value\":\"LC\"}}]}}\n\n",
        "event: thread.message.delta\n",
        "data: {\"id\":\"msg_u2eL3ur24lup6oSssJ5GlHz8\",\"object\":\"thread.message.delta\",\"delta\":{\"content\":[{\"index\":0,\"type\":\"text\",\"text\":{\"value\":\" (\"}}]}}\n\n",
        "event: thread.message.delta\n",
        "data: {\"id\":\"msg_u2eL3ur24lup6oSssJ5GlHz8\",\"object\":\"thread.message.delta\",\"delta\":{\"content\":[{\"index\":0,\"type\":\"text\",\"text\":{\"value\":\"Microsoft\"}}]}}\n\n",
        "event: thread.message.delta\n",
        "data: {\"id\":\"msg_u2eL3ur24lup6oSssJ5GlHz8\",\"object\":\"thread.message.delta\",\"delta\":{\"content\":[{\"index\":0,\"type\":\"text\",\"text\":{\"value\":\" Launch\"}}]}}\n\n",
        "event: thread.message.delta\n",
        "data: {\"id\":\"msg_u2eL3ur24lup6oSssJ5GlHz8\",\"object\":\"thread.message.delta\",\"delta\":{\"content\":[{\"index\":0,\"type\":\"text\",\"text\":{\"value\":\" Center\"}}]}}\n\n",
        "event: thread.message.delta\n",
        "data: {\"id\":\"msg_u2eL3ur24lup6oSssJ5GlHz8\",\"object\":\"thread.message.delta\",\"delta\":{\"content\":[{\"index\":0,\"type\":\"text\",\"text\":{\"value\":\")\"}}]}}\n\n",
        "event: thread.message.delta\n",
        "data: {\"id\":\"msg_u2eL3ur24lup6oSssJ5GlHz8\",\"object\":\"thread.message.delta\",\"delta\":{\"content\":[{\"index\":0,\"type\":\"text\",\"text\":{\"value\":\" requests\"}}]}}\n\n",
        "event: thread.message.delta\n",
        "data: {\"id\":\"msg_u2eL3ur24lup6oSssJ5GlHz8\",\"object\":\"thread.message.delta\",\"delta\":{\"content\":[{\"index\":0,\"type\":\"text\",\"text\":{\"value\":\",\"}}]}}\n\n",
        "event: thread.message.delta\n",
        "data: {\"id\":\"msg_u2eL3ur24lup6oSssJ5GlHz8\",\"object\":\"thread.message.delta\",\"delta\":{\"content\":[{\"index\":0,\"type\":\"text\",\"text\":{\"value\":\" necessary\"}}]}}\n\n",
        "event: thread.message.delta\n",
        "data: {\"id\":\"msg_u2eL3ur24lup6oSssJ5GlHz8\",\"object\":\"thread.message.delta\",\"delta\":{\"content\":[{\"index\":0,\"type\":\"text\",\"text\":{\"value\":\" approvals\"}}]}}\n\n",
        "event: thread.message.delta\n",
        "data: {\"id\":\"msg_u2eL3ur24lup6oSssJ5GlHz8\",\"object\":\"thread.message.delta\",\"delta\":{\"content\":[{\"index\":0,\"type\":\"text\",\"text\":{\"value\":\" (\"}}]}}\n\n",
        "event: thread.message.delta\n",
        "data: {\"id\":\"msg_u2eL3ur24lup6oSssJ5GlHz8\",\"object\":\"thread.message.delta\",\"delta\":{\"content\":[{\"index\":0,\"type\":\"text\",\"text\":{\"value\":\"e\"}}]}}\n\n",
        "event: thread.message.delta\n",
        "data: {\"id\":\"msg_u2eL3ur24lup6oSssJ5GlHz8\",\"object\":\"thread.message.delta\",\"delta\":{\"content\":[{\"index\":0,\"type\":\"text\",\"text\":{\"value\":\".g\"}}]}}\n\n",
        "event: thread.message.delta\n",
        "data: {\"id\":\"msg_u2eL3ur24lup6oSssJ5GlHz8\",\"object\":\"thread.message.delta\",\"delta\":{\"content\":[{\"index\":0,\"type\":\"text\",\"text\":{\"value\":\".,\"}}]}}\n\n",
        "event: thread.message.delta\n",
        "data: {\"id\":\"msg_u2eL3ur24lup6oSssJ5GlHz8\",\"object\":\"thread.message.delta\",\"delta\":{\"content\":[{\"index\":0,\"type\":\"text\",\"text\":{\"value\":\" Product\"}}]}}\n\n",
        "event: thread.message.delta\n",
        "data: {\"id\":\"msg_u2eL3ur24lup6oSssJ5GlHz8\",\"object\":\"thread.message.delta\",\"delta\":{\"content\":[{\"index\":0,\"type\":\"text\",\"text\":{\"value\":\" Finance\"}}]}}\n\n",
        "event: thread.message.delta\n",
        "data: {\"id\":\"msg_u2eL3ur24lup6oSssJ5GlHz8\",\"object\":\"thread.message.delta\",\"delta\":{\"content\":[{\"index\":0,\"type\":\"text\",\"text\":{\"value\":\" and\"}}]}}\n\n",
        "event: thread.message.delta\n",
        "data: {\"id\":\"msg_u2eL3ur24lup6oSssJ5GlHz8\",\"object\":\"thread.message.delta\",\"delta\":{\"content\":[{\"index\":0,\"type\":\"text\",\"text\":{\"value\":\" C\"}}]}}\n\n",
        "event: thread.message.delta\n",
        "data: {\"id\":\"msg_u2eL3ur24lup6oSssJ5GlHz8\",\"object\":\"thread.message.delta\",\"delta\":{\"content\":[{\"index\":0,\"type\":\"text\",\"text\":{\"value\":\"ELA\"}}]}}\n\n",
        "event: thread.message.delta\n",
        "data: {\"id\":\"msg_u2eL3ur24lup6oSssJ5GlHz8\",\"object\":\"thread.message.delta\",\"delta\":{\"content\":[{\"index\":0,\"type\":\"text\",\"text\":{\"value\":\"),\"}}]}}\n\n",
        "event: thread.message.delta\n",
        "data: {\"id\":\"msg_u2eL3ur24lup6oSssJ5GlHz8\",\"object\":\"thread.message.delta\",\"delta\":{\"content\":[{\"index\":0,\"type\":\"text\",\"text\":{\"value\":\" Rev\"}}]}}\n\n",
        "event: thread.message.delta\n",
        "data: {\"id\":\"msg_u2eL3ur24lup6oSssJ5GlHz8\",\"object\":\"thread.message.delta\",\"delta\":{\"content\":[{\"index\":0,\"type\":\"text\",\"text\":{\"value\":\"Rec\"}}]}}\n\n",
        "event: thread.message.delta\n",
        "data: {\"id\":\"msg_u2eL3ur24lup6oSssJ5GlHz8\",\"object\":\"thread.message.delta\",\"delta\":{\"content\":[{\"index\":0,\"type\":\"text\",\"text\":{\"value\":\" forms\"}}]}}\n\n",
        "event: thread.message.delta\n",
        "data: {\"id\":\"msg_u2eL3ur24lup6oSssJ5GlHz8\",\"object\":\"thread.message.delta\",\"delta\":{\"content\":[{\"index\":0,\"type\":\"text\",\"text\":{\"value\":\",\"}}]}}\n\n",
        "event: thread.message.delta\n",
        "data: {\"id\":\"msg_u2eL3ur24lup6oSssJ5GlHz8\",\"object\":\"thread.message.delta\",\"delta\":{\"content\":[{\"index\":0,\"type\":\"text\",\"text\":{\"value\":\" and\"}}]}}\n\n",
        "event: thread.message.delta\n",
        "data: {\"id\":\"msg_u2eL3ur24lup6oSssJ5GlHz8\",\"object\":\"thread.message.delta\",\"delta\":{\"content\":[{\"index\":0,\"type\":\"text\",\"text\":{\"value\":\" council\"}}]}}\n\n",
        "event: thread.message.delta\n",
        "data: {\"id\":\"msg_u2eL3ur24lup6oSssJ5GlHz8\",\"object\":\"thread.message.delta\",\"delta\":{\"content\":[{\"index\":0,\"type\":\"text\",\"text\":{\"value\":\" review\"}}]}}\n\n",
        "event: thread.message.delta\n",
        "data: {\"id\":\"msg_u2eL3ur24lup6oSssJ5GlHz8\",\"object\":\"thread.message.delta\",\"delta\":{\"content\":[{\"index\":0,\"type\":\"text\",\"text\":{\"value\":\".\\n\"}}]}}\n\n",
        "event: thread.message.delta\n",
        "data: {\"id\":\"msg_u2eL3ur24lup6oSssJ5GlHz8\",\"object\":\"thread.message.delta\",\"delta\":{\"content\":[{\"index\":0,\"type\":\"text\",\"text\":{\"value\":\"-\"}}]}}\n\n",
        "event: thread.message.delta\n",
        "data: {\"id\":\"msg_u2eL3ur24lup6oSssJ5GlHz8\",\"object\":\"thread.message.delta\",\"delta\":{\"content\":[{\"index\":0,\"type\":\"text\",\"text\":{\"value\":\" **\"}}]}}\n\n",
        "event: thread.message.delta\n",
        "data: {\"id\":\"msg_u2eL3ur24lup6oSssJ5GlHz8\",\"object\":\"thread.message.delta\",\"delta\":{\"content\":[{\"index\":0,\"type\":\"text\",\"text\":{\"value\":\"Tim\"}}]}}\n\n",
        "event: thread.message.delta\n",
        "data: {\"id\":\"msg_u2eL3ur24lup6oSssJ5GlHz8\",\"object\":\"thread.message.delta\",\"delta\":{\"content\":[{\"index\":0,\"type\":\"text\",\"text\":{\"value\":\"elines\"}}]}}\n\n",
        "event: thread.message.delta\n",
        "data: {\"id\":\"msg_u2eL3ur24lup6oSssJ5GlHz8\",\"object\":\"thread.message.delta\",\"delta\":{\"content\":[{\"index\":0,\"type\":\"text\",\"text\":{\"value\":\"**\"}}]}}\n\n",
        "event: thread.message.delta\n",
        "data: {\"id\":\"msg_u2eL3ur24lup6oSssJ5GlHz8\",\"object\":\"thread.message.delta\",\"delta\":{\"content\":[{\"index\":0,\"type\":\"text\",\"text\":{\"value\":\":\"}}]}}\n\n",
        "event: thread.message.delta\n",
        "data: {\"id\":\"msg_u2eL3ur24lup6oSssJ5GlHz8\",\"object\":\"thread.message.delta\",\"delta\":{\"content\":[{\"index\":0,\"type\":\"text\",\"text\":{\"value\":\" Standard\"}}]}}\n\n",
        "event: thread.message.delta\n",
        "data: {\"id\":\"msg_u2eL3ur24lup6oSssJ5GlHz8\",\"object\":\"thread.message.delta\",\"delta\":{\"content\":[{\"index\":0,\"type\":\"text\",\"text\":{\"value\":\" subscription\"}}]}}\n\n",
        "event: thread.message.delta\n",
        "data: {\"id\":\"msg_u2eL3ur24lup6oSssJ5GlHz8\",\"object\":\"thread.message.delta\",\"delta\":{\"content\":[{\"index\":0,\"type\":\"text\",\"text\":{\"value\":\" promotions\"}}]}}\n\n",
        "event: thread.message.delta\n",
        "data: {\"id\":\"msg_u2eL3ur24lup6oSssJ5GlHz8\",\"object\":\"thread.message.delta\",\"delta\":{\"content\":[{\"index\":0,\"type\":\"text\",\"text\":{\"value\":\" take\"}}]}}\n\n",
        "event: thread.message.delta\n",
        "data: {\"id\":\"msg_u2eL3ur24lup6oSssJ5GlHz8\",\"object\":\"thread.message.delta\",\"delta\":{\"content\":[{\"index\":0,\"type\":\"text\",\"text\":{\"value\":\" about\"}}]}}\n\n",
        "event: thread.message.delta\n",
        "data: {\"id\":\"msg_u2eL3ur24lup6oSssJ5GlHz8\",\"object\":\"thread.message.delta\",\"delta\":{\"content\":[{\"index\":0,\"type\":\"text\",\"text\":{\"value\":\" \"}}]}}\n\n",
        "event: thread.message.delta\n",
        "data: {\"id\":\"msg_u2eL3ur24lup6oSssJ5GlHz8\",\"object\":\"thread.message.delta\",\"delta\":{\"content\":[{\"index\":0,\"type\":\"text\",\"text\":{\"value\":\"4\"}}]}}\n\n",
        "event: thread.message.delta\n",
        "data: {\"id\":\"msg_u2eL3ur24lup6oSssJ5GlHz8\",\"object\":\"thread.message.delta\",\"delta\":{\"content\":[{\"index\":0,\"type\":\"text\",\"text\":{\"value\":\" weeks\"}}]}}\n\n",
        "event: thread.message.delta\n",
        "data: {\"id\":\"msg_u2eL3ur24lup6oSssJ5GlHz8\",\"object\":\"thread.message.delta\",\"delta\":{\"content\":[{\"index\":0,\"type\":\"text\",\"text\":{\"value\":\";\"}}]}}\n\n",
        "event: thread.message.delta\n",
        "data: {\"id\":\"msg_u2eL3ur24lup6oSssJ5GlHz8\",\"object\":\"thread.message.delta\",\"delta\":{\"content\":[{\"index\":0,\"type\":\"text\",\"text\":{\"value\":\" complex\"}}]}}\n\n",
        "event: thread.message.delta\n",
        "data: {\"id\":\"msg_u2eL3ur24lup6oSssJ5GlHz8\",\"object\":\"thread.message.delta\",\"delta\":{\"content\":[{\"index\":0,\"type\":\"text\",\"text\":{\"value\":\" requests\"}}]}}\n\n",
        "event: thread.message.delta\n",
        "data: {\"id\":\"msg_u2eL3ur24lup6oSssJ5GlHz8\",\"object\":\"thread.message.delta\",\"delta\":{\"content\":[{\"index\":0,\"type\":\"text\",\"text\":{\"value\":\" (\"}}]}}\n\n",
        "event: thread.message.delta\n",
        "data: {\"id\":\"msg_u2eL3ur24lup6oSssJ5GlHz8\",\"object\":\"thread.message.delta\",\"delta\":{\"content\":[{\"index\":0,\"type\":\"text\",\"text\":{\"value\":\"e\"}}]}}\n\n",
        "event: thread.message.delta\n",
        "data: {\"id\":\"msg_u2eL3ur24lup6oSssJ5GlHz8\",\"object\":\"thread.message.delta\",\"delta\":{\"content\":[{\"index\":0,\"type\":\"text\",\"text\":{\"value\":\".g\"}}]}}\n\n",
        "event: thread.message.delta\n",
        "data: {\"id\":\"msg_u2eL3ur24lup6oSssJ5GlHz8\",\"object\":\"thread.message.delta\",\"delta\":{\"content\":[{\"index\":0,\"type\":\"text\",\"text\":{\"value\":\".,\"}}]}}\n\n",
        "event: thread.message.delta\n",
        "data: {\"id\":\"msg_u2eL3ur24lup6oSssJ5GlHz8\",\"object\":\"thread.message.delta\",\"delta\":{\"content\":[{\"index\":0,\"type\":\"text\",\"text\":{\"value\":\" for\"}}]}}\n\n",
        "event: thread.message.delta\n",
        "data: {\"id\":\"msg_u2eL3ur24lup6oSssJ5GlHz8\",\"object\":\"thread.message.delta\",\"delta\":{\"content\":[{\"index\":0,\"type\":\"text\",\"text\":{\"value\":\" new\"}}]}}\n\n",
        "event: thread.message.delta\n",
        "data: {\"id\":\"msg_u2eL3ur24lup6oSssJ5GlHz8\",\"object\":\"thread.message.delta\",\"delta\":{\"content\":[{\"index\":0,\"type\":\"text\",\"text\":{\"value\":\" SK\"}}]}}\n\n",
        "event: thread.message.delta\n",
        "data: {\"id\":\"msg_u2eL3ur24lup6oSssJ5GlHz8\",\"object\":\"thread.message.delta\",\"delta\":{\"content\":[{\"index\":0,\"type\":\"text\",\"text\":{\"value\":\"Us\"}}]}}\n\n",
        "event: thread.message.delta\n",
        "data: {\"id\":\"msg_u2eL3ur24lup6oSssJ5GlHz8\",\"object\":\"thread.message.delta\",\"delta\":{\"content\":[{\"index\":0,\"type\":\"text\",\"text\":{\"value\":\" or\"}}]}}\n\n",
        "event: thread.message.delta\n",
        "data: {\"id\":\"msg_u2eL3ur24lup6oSssJ5GlHz8\",\"object\":\"thread.message.delta\",\"delta\":{\"content\":[{\"index\":0,\"type\":\"text\",\"text\":{\"value\":\" sales\"}}]}}\n\n",
        "event: thread.message.delta\n",
        "data: {\"id\":\"msg_u2eL3ur24lup6oSssJ5GlHz8\",\"object\":\"thread.message.delta\",\"delta\":{\"content\":[{\"index\":0,\"type\":\"text\",\"text\":{\"value\":\" motion\"}}]}}\n\n",
        "event: thread.message.delta\n",
        "data: {\"id\":\"msg_u2eL3ur24lup6oSssJ5GlHz8\",\"object\":\"thread.message.delta\",\"delta\":{\"content\":[{\"index\":0,\"type\":\"text\",\"text\":{\"value\":\" enable\"}}]}}\n\n",
        "event: thread.message.delta\n",
        "data: {\"id\":\"msg_u2eL3ur24lup6oSssJ5GlHz8\",\"object\":\"thread.message.delta\",\"delta\":{\"content\":[{\"index\":0,\"type\":\"text\",\"text\":{\"value\":\"ment\"}}]}}\n\n",
        "event: thread.message.delta\n",
        "data: {\"id\":\"msg_u2eL3ur24lup6oSssJ5GlHz8\",\"object\":\"thread.message.delta\",\"delta\":{\"content\":[{\"index\":0,\"type\":\"text\",\"text\":{\"value\":\")\"}}]}}\n\n",
        "event: thread.message.delta\n",
        "data: {\"id\":\"msg_u2eL3ur24lup6oSssJ5GlHz8\",\"object\":\"thread.message.delta\",\"delta\":{\"content\":[{\"index\":0,\"type\":\"text\",\"text\":{\"value\":\" require\"}}]}}\n\n",
        "event: thread.message.delta\n",
        "data: {\"id\":\"msg_u2eL3ur24lup6oSssJ5GlHz8\",\"object\":\"thread.message.delta\",\"delta\":{\"content\":[{\"index\":0,\"type\":\"text\",\"text\":{\"value\":\" longer\"}}]}}\n\n",
        "event: thread.message.delta\n",
        "data: {\"id\":\"msg_u2eL3ur24lup6oSssJ5GlHz8\",\"object\":\"thread.message.delta\",\"delta\":{\"content\":[{\"index\":0,\"type\":\"text\",\"text\":{\"value\":\" periods\"}}]}}\n\n",
        "event: thread.message.delta\n",
        "data: {\"id\":\"msg_u2eL3ur24lup6oSssJ5GlHz8\",\"object\":\"thread.message.delta\",\"delta\":{\"content\":[{\"index\":0,\"type\":\"text\",\"text\":{\"value\":\".\\n\\n\"}}]}}\n\n",
        "event: thread.message.delta\n",
        "data: {\"id\":\"msg_u2eL3ur24lup6oSssJ5GlHz8\",\"object\":\"thread.message.delta\",\"delta\":{\"content\":[{\"index\":0,\"type\":\"text\",\"text\":{\"value\":\"###\"}}]}}\n\n",
        "event: thread.message.delta\n",
        "data: {\"id\":\"msg_u2eL3ur24lup6oSssJ5GlHz8\",\"object\":\"thread.message.delta\",\"delta\":{\"content\":[{\"index\":0,\"type\":\"text\",\"text\":{\"value\":\" **\"}}]}}\n\n",
        "event: thread.message.delta\n",
        "data: {\"id\":\"msg_u2eL3ur24lup6oSssJ5GlHz8\",\"object\":\"thread.message.delta\",\"delta\":{\"content\":[{\"index\":0,\"type\":\"text\",\"text\":{\"value\":\"On\"}}]}}\n\n",
        "event: thread.message.delta\n",
        "data: {\"id\":\"msg_u2eL3ur24lup6oSssJ5GlHz8\",\"object\":\"thread.message.delta\",\"delta\":{\"content\":[{\"index\":0,\"type\":\"text\",\"text\":{\"value\":\"boarding\"}}]}}\n\n",
        "event: thread.message.delta\n",
        "data: {\"id\":\"msg_u2eL3ur24lup6oSssJ5GlHz8\",\"object\":\"thread.message.delta\",\"delta\":{\"content\":[{\"index\":0,\"type\":\"text\",\"text\":{\"value\":\" and\"}}]}}\n\n",
        "event: thread.message.delta\n",
        "data: {\"id\":\"msg_u2eL3ur24lup6oSssJ5GlHz8\",\"object\":\"thread.message.delta\",\"delta\":{\"content\":[{\"index\":0,\"type\":\"text\",\"text\":{\"value\":\" Stake\"}}]}}\n\n",
        "event: thread.message.delta\n",
        "data: {\"id\":\"msg_u2eL3ur24lup6oSssJ5GlHz8\",\"object\":\"thread.message.delta\",\"delta\":{\"content\":[{\"index\":0,\"type\":\"text\",\"text\":{\"value\":\"holders\"}}]}}\n\n",
        "event: thread.message.delta\n",
        "data: {\"id\":\"msg_u2eL3ur24lup6oSssJ5GlHz8\",\"object\":\"thread.message.delta\",\"delta\":{\"content\":[{\"index\":0,\"type\":\"text\",\"text\":{\"value\":\"**\\n\"}}]}}\n\n",
        "event: thread.message.delta\n",
        "data: {\"id\":\"msg_u2eL3ur24lup6oSssJ5GlHz8\",\"object\":\"thread.message.delta\",\"delta\":{\"content\":[{\"index\":0,\"type\":\"text\",\"text\":{\"value\":\"-\"}}]}}\n\n",
        "event: thread.message.delta\n",
        "data: {\"id\":\"msg_u2eL3ur24lup6oSssJ5GlHz8\",\"object\":\"thread.message.delta\",\"delta\":{\"content\":[{\"index\":0,\"type\":\"text\",\"text\":{\"value\":\" **\"}}]}}\n\n",
        "event: thread.message.delta\n",
        "data: {\"id\":\"msg_u2eL3ur24lup6oSssJ5GlHz8\",\"object\":\"thread.message.delta\",\"delta\":{\"content\":[{\"index\":0,\"type\":\"text\",\"text\":{\"value\":\"Tools\"}}]}}\n\n",
        "event: thread.message.delta\n",
        "data: {\"id\":\"msg_u2eL3ur24lup6oSssJ5GlHz8\",\"object\":\"thread.message.delta\",\"delta\":{\"content\":[{\"index\":0,\"type\":\"text\",\"text\":{\"value\":\" and\"}}]}}\n\n",
        "event: thread.message.delta\n",
        "data: {\"id\":\"msg_u2eL3ur24lup6oSssJ5GlHz8\",\"object\":\"thread.message.delta\",\"delta\":{\"content\":[{\"index\":0,\"type\":\"text\",\"text\":{\"value\":\" Systems\"}}]}}\n\n",
        "event: thread.message.delta\n",
        "data: {\"id\":\"msg_u2eL3ur24lup6oSssJ5GlHz8\",\"object\":\"thread.message.delta\",\"delta\":{\"content\":[{\"index\":0,\"type\":\"text\",\"text\":{\"value\":\"**\"}}]}}\n\n",
        "event: thread.message.delta\n",
        "data: {\"id\":\"msg_u2eL3ur24lup6oSssJ5GlHz8\",\"object\":\"thread.message.delta\",\"delta\":{\"content\":[{\"index\":0,\"type\":\"text\",\"text\":{\"value\":\":\"}}]}}\n\n",
        "event: thread.message.delta\n",
        "data: {\"id\":\"msg_u2eL3ur24lup6oSssJ5GlHz8\",\"object\":\"thread.message.delta\",\"delta\":{\"content\":[{\"index\":0,\"type\":\"text\",\"text\":{\"value\":\" Training\"}}]}}\n\n",
        "event: thread.message.delta\n",
        "data: {\"id\":\"msg_u2eL3ur24lup6oSssJ5GlHz8\",\"object\":\"thread.message.delta\",\"delta\":{\"content\":[{\"index\":0,\"type\":\"text\",\"text\":{\"value\":\" on\"}}]}}\n\n",
        "event: thread.message.delta\n",
        "data: {\"id\":\"msg_u2eL3ur24lup6oSssJ5GlHz8\",\"object\":\"thread.message.delta\",\"delta\":{\"content\":[{\"index\":0,\"type\":\"text\",\"text\":{\"value\":\" the\"}}]}}\n\n",
        "event: thread.message.delta\n",
        "data: {\"id\":\"msg_u2eL3ur24lup6oSssJ5GlHz8\",\"object\":\"thread.message.delta\",\"delta\":{\"content\":[{\"index\":0,\"type\":\"text\",\"text\":{\"value\":\" Microsoft\"}}]}}\n\n",
        "event: thread.message.delta\n",
        "data: {\"id\":\"msg_u2eL3ur24lup6oSssJ5GlHz8\",\"object\":\"thread.message.delta\",\"delta\":{\"content\":[{\"index\":0,\"type\":\"text\",\"text\":{\"value\":\" Launch\"}}]}}\n\n",
        "event: thread.message.delta\n",
        "data: {\"id\":\"msg_u2eL3ur24lup6oSssJ5GlHz8\",\"object\":\"thread.message.delta\",\"delta\":{\"content\":[{\"index\":0,\"type\":\"text\",\"text\":{\"value\":\" Center\"}}]}}\n\n",
        "event: thread.message.delta\n",
        "data: {\"id\":\"msg_u2eL3ur24lup6oSssJ5GlHz8\",\"object\":\"thread.message.delta\",\"delta\":{\"content\":[{\"index\":0,\"type\":\"text\",\"text\":{\"value\":\",\"}}]}}\n\n",
        "event: thread.message.delta\n",
        "data: {\"id\":\"msg_u2eL3ur24lup6oSssJ5GlHz8\",\"object\":\"thread.message.delta\",\"delta\":{\"content\":[{\"index\":0,\"type\":\"text\",\"text\":{\"value\":\" L\"}}]}}\n\n",
        "event: thread.message.delta\n",
        "data: {\"id\":\"msg_u2eL3ur24lup6oSssJ5GlHz8\",\"object\":\"thread.message.delta\",\"delta\":{\"content\":[{\"index\":0,\"type\":\"text\",\"text\":{\"value\":\"RD\"}}]}}\n\n",
        "event: thread.message.delta\n",
        "data: {\"id\":\"msg_u2eL3ur24lup6oSssJ5GlHz8\",\"object\":\"thread.message.delta\",\"delta\":{\"content\":[{\"index\":0,\"type\":\"text\",\"text\":{\"value\":\" Tool\"}}]}}\n\n",
        "event: thread.message.delta\n",
        "data: {\"id\":\"msg_u2eL3ur24lup6oSssJ5GlHz8\",\"object\":\"thread.message.delta\",\"delta\":{\"content\":[{\"index\":0,\"type\":\"text\",\"text\":{\"value\":\",\"}}]}}\n\n",
        "event: thread.message.delta\n",
        "data: {\"id\":\"msg_u2eL3ur24lup6oSssJ5GlHz8\",\"object\":\"thread.message.delta\",\"delta\":{\"content\":[{\"index\":0,\"type\":\"text\",\"text\":{\"value\":\" First\"}}]}}\n\n",
        "event: thread.message.delta\n",
        "data: {\"id\":\"msg_u2eL3ur24lup6oSssJ5GlHz8\",\"object\":\"thread.message.delta\",\"delta\":{\"content\":[{\"index\":0,\"type\":\"text\",\"text\":{\"value\":\" Party\"}}]}}\n\n",
        "event: thread.message.delta\n",
        "data: {\"id\":\"msg_u2eL3ur24lup6oSssJ5GlHz8\",\"object\":\"thread.message.delta\",\"delta\":{\"content\":[{\"index\":0,\"type\":\"text\",\"text\":{\"value\":\" (\"}}]}}\n\n",
        "event: thread.message.delta\n",
        "data: {\"id\":\"msg_u2eL3ur24lup6oSssJ5GlHz8\",\"object\":\"thread.message.delta\",\"delta\":{\"content\":[{\"index\":0,\"type\":\"text\",\"text\":{\"value\":\"C\"}}]}}\n\n",
        "event: thread.message.delta\n",
        "data: {\"id\":\"msg_u2eL3ur24lup6oSssJ5GlHz8\",\"object\":\"thread.message.delta\",\"delta\":{\"content\":[{\"index\":0,\"type\":\"text\",\"text\":{\"value\":\"ay\"}}]}}\n\n",
        "event: thread.message.delta\n",
        "data: {\"id\":\"msg_u2eL3ur24lup6oSssJ5GlHz8\",\"object\":\"thread.message.delta\",\"delta\":{\"content\":[{\"index\":0,\"type\":\"text\",\"text\":{\"value\":\"man\"}}]}}\n\n",
        "event: thread.message.delta\n",
        "data: {\"id\":\"msg_u2eL3ur24lup6oSssJ5GlHz8\",\"object\":\"thread.message.delta\",\"delta\":{\"content\":[{\"index\":0,\"type\":\"text\",\"text\":{\"value\":\"),\"}}]}}\n\n",
        "event: thread.message.delta\n",
        "data: {\"id\":\"msg_u2eL3ur24lup6oSssJ5GlHz8\",\"object\":\"thread.message.delta\",\"delta\":{\"content\":[{\"index\":0,\"type\":\"text\",\"text\":{\"value\":\" and\"}}]}}\n\n",
        "event: thread.message.delta\n",
        "data: {\"id\":\"msg_u2eL3ur24lup6oSssJ5GlHz8\",\"object\":\"thread.message.delta\",\"delta\":{\"content\":[{\"index\":0,\"type\":\"text\",\"text\":{\"value\":\" Consumption\"}}]}}\n\n",
        "event: thread.message.delta\n",
        "data: {\"id\":\"msg_u2eL3ur24lup6oSssJ5GlHz8\",\"object\":\"thread.message.delta\",\"delta\":{\"content\":[{\"index\":0,\"type\":\"text\",\"text\":{\"value\":\" Launch\"}}]}}\n\n",
        "event: thread.message.delta\n",
        "data: {\"id\":\"msg_u2eL3ur24lup6oSssJ5GlHz8\",\"object\":\"thread.message.delta\",\"delta\":{\"content\":[{\"index\":0,\"type\":\"text\",\"text\":{\"value\":\" processes\"}}]}}\n\n",
        "event: thread.message.delta\n",
        "data: {\"id\":\"msg_u2eL3ur24lup6oSssJ5GlHz8\",\"object\":\"thread.message.delta\",\"delta\":{\"content\":[{\"index\":0,\"type\":\"text\",\"text\":{\"value\":\".\\n\"}}]}}\n\n",
        "event: thread.message.delta\n",
        "data: {\"id\":\"msg_u2eL3ur24lup6oSssJ5GlHz8\",\"object\":\"thread.message.delta\",\"delta\":{\"content\":[{\"index\":0,\"type\":\"text\",\"text\":{\"value\":\"-\"}}]}}\n\n",
        "event: thread.message.delta\n",
        "data: {\"id\":\"msg_u2eL3ur24lup6oSssJ5GlHz8\",\"object\":\"thread.message.delta\",\"delta\":{\"content\":[{\"index\":0,\"type\":\"text\",\"text\":{\"value\":\" **\"}}]}}\n\n",
        "event: thread.message.delta\n",
        "data: {\"id\":\"msg_u2eL3ur24lup6oSssJ5GlHz8\",\"object\":\"thread.message.delta\",\"delta\":{\"content\":[{\"index\":0,\"type\":\"text\",\"text\":{\"value\":\"Roles\"}}]}}\n\n",
        "event: thread.message.delta\n",
        "data: {\"id\":\"msg_u2eL3ur24lup6oSssJ5GlHz8\",\"object\":\"thread.message.delta\",\"delta\":{\"content\":[{\"index\":0,\"type\":\"text\",\"text\":{\"value\":\" &\"}}]}}\n\n",
        "event: thread.message.delta\n",
        "data: {\"id\":\"msg_u2eL3ur24lup6oSssJ5GlHz8\",\"object\":\"thread.message.delta\",\"delta\":{\"content\":[{\"index\":0,\"type\":\"text\",\"text\":{\"value\":\" Responsibilities\"}}]}}\n\n",
        "event: thread.message.delta\n",
        "data: {\"id\":\"msg_u2eL3ur24lup6oSssJ5GlHz8\",\"object\":\"thread.message.delta\",\"delta\":{\"content\":[{\"index\":0,\"type\":\"text\",\"text\":{\"value\":\"**\"}}]}}\n\n",
        "event: thread.message.delta\n",
        "data: {\"id\":\"msg_u2eL3ur24lup6oSssJ5GlHz8\",\"object\":\"thread.message.delta\",\"delta\":{\"content\":[{\"index\":0,\"type\":\"text\",\"text\":{\"value\":\":\"}}]}}\n\n",
        "event: thread.message.delta\n",
        "data: {\"id\":\"msg_u2eL3ur24lup6oSssJ5GlHz8\",\"object\":\"thread.message.delta\",\"delta\":{\"content\":[{\"index\":0,\"type\":\"text\",\"text\":{\"value\":\" Business\"}}]}}\n\n",
        "event: thread.message.delta\n",
        "data: {\"id\":\"msg_u2eL3ur24lup6oSssJ5GlHz8\",\"object\":\"thread.message.delta\",\"delta\":{\"content\":[{\"index\":0,\"type\":\"text\",\"text\":{\"value\":\" Pl\"}}]}}\n\n",
        "event: thread.message.delta\n",
        "data: {\"id\":\"msg_u2eL3ur24lup6oSssJ5GlHz8\",\"object\":\"thread.message.delta\",\"delta\":{\"content\":[{\"index\":0,\"type\":\"text\",\"text\":{\"value\":\"anners\"}}]}}\n\n",
        "event: thread.message.delta\n",
        "data: {\"id\":\"msg_u2eL3ur24lup6oSssJ5GlHz8\",\"object\":\"thread.message.delta\",\"delta\":{\"content\":[{\"index\":0,\"type\":\"text\",\"text\":{\"value\":\",\"}}]}}\n\n",
        "event: thread.message.delta\n",
        "data: {\"id\":\"msg_u2eL3ur24lup6oSssJ5GlHz8\",\"object\":\"thread.message.delta\",\"delta\":{\"content\":[{\"index\":0,\"type\":\"text\",\"text\":{\"value\":\" Vendor\"}}]}}\n\n",
        "event: thread.message.delta\n",
        "data: {\"id\":\"msg_u2eL3ur24lup6oSssJ5GlHz8\",\"object\":\"thread.message.delta\",\"delta\":{\"content\":[{\"index\":0,\"type\":\"text\",\"text\":{\"value\":\" Operations\"}}]}}\n\n",
        "event: thread.message.delta\n",
        "data: {\"id\":\"msg_u2eL3ur24lup6oSssJ5GlHz8\",\"object\":\"thread.message.delta\",\"delta\":{\"content\":[{\"index\":0,\"type\":\"text\",\"text\":{\"value\":\",\"}}]}}\n\n",
        "event: thread.message.delta\n",
        "data: {\"id\":\"msg_u2eL3ur24lup6oSssJ5GlHz8\",\"object\":\"thread.message.delta\",\"delta\":{\"content\":[{\"index\":0,\"type\":\"text\",\"text\":{\"value\":\" Launch\"}}]}}\n\n",
        "event: thread.message.delta\n",
        "data: {\"id\":\"msg_u2eL3ur24lup6oSssJ5GlHz8\",\"object\":\"thread.message.delta\",\"delta\":{\"content\":[{\"index\":0,\"type\":\"text\",\"text\":{\"value\":\" Leaders\"}}]}}\n\n",
        "event: thread.message.delta\n",
        "data: {\"id\":\"msg_u2eL3ur24lup6oSssJ5GlHz8\",\"object\":\"thread.message.delta\",\"delta\":{\"content\":[{\"index\":0,\"type\":\"text\",\"text\":{\"value\":\",\"}}]}}\n\n",
        "event: thread.message.delta\n",
        "data: {\"id\":\"msg_u2eL3ur24lup6oSssJ5GlHz8\",\"object\":\"thread.message.delta\",\"delta\":{\"content\":[{\"index\":0,\"type\":\"text\",\"text\":{\"value\":\" and\"}}]}}\n\n",
        "event: thread.message.delta\n",
        "data: {\"id\":\"msg_u2eL3ur24lup6oSssJ5GlHz8\",\"object\":\"thread.message.delta\",\"delta\":{\"content\":[{\"index\":0,\"type\":\"text\",\"text\":{\"value\":\" CM\"}}]}}\n\n",
        "event: thread.message.delta\n",
        "data: {\"id\":\"msg_u2eL3ur24lup6oSssJ5GlHz8\",\"object\":\"thread.message.delta\",\"delta\":{\"content\":[{\"index\":0,\"type\":\"text\",\"text\":{\"value\":\"X\"}}]}}\n\n",
        "event: thread.message.delta\n",
        "data: {\"id\":\"msg_u2eL3ur24lup6oSssJ5GlHz8\",\"object\":\"thread.message.delta\",\"delta\":{\"content\":[{\"index\":0,\"type\":\"text\",\"text\":{\"value\":\" teams\"}}]}}\n\n",
        "event: thread.message.delta\n",
        "data: {\"id\":\"msg_u2eL3ur24lup6oSssJ5GlHz8\",\"object\":\"thread.message.delta\",\"delta\":{\"content\":[{\"index\":0,\"type\":\"text\",\"text\":{\"value\":\" each\"}}]}}\n\n",
        "event: thread.message.delta\n",
        "data: {\"id\":\"msg_u2eL3ur24lup6oSssJ5GlHz8\",\"object\":\"thread.message.delta\",\"delta\":{\"content\":[{\"index\":0,\"type\":\"text\",\"text\":{\"value\":\" play\"}}]}}\n\n",
        "event: thread.message.delta\n",
        "data: {\"id\":\"msg_u2eL3ur24lup6oSssJ5GlHz8\",\"object\":\"thread.message.delta\",\"delta\":{\"content\":[{\"index\":0,\"type\":\"text\",\"text\":{\"value\":\" distinct\"}}]}}\n\n",
        "event: thread.message.delta\n",
        "data: {\"id\":\"msg_u2eL3ur24lup6oSssJ5GlHz8\",\"object\":\"thread.message.delta\",\"delta\":{\"content\":[{\"index\":0,\"type\":\"text\",\"text\":{\"value\":\" parts\"}}]}}\n\n",
        "event: thread.message.delta\n",
        "data: {\"id\":\"msg_u2eL3ur24lup6oSssJ5GlHz8\",\"object\":\"thread.message.delta\",\"delta\":{\"content\":[{\"index\":0,\"type\":\"text\",\"text\":{\"value\":\" in\"}}]}}\n\n",
        "event: thread.message.delta\n",
        "data: {\"id\":\"msg_u2eL3ur24lup6oSssJ5GlHz8\",\"object\":\"thread.message.delta\",\"delta\":{\"content\":[{\"index\":0,\"type\":\"text\",\"text\":{\"value\":\" managing\"}}]}}\n\n",
        "event: thread.message.delta\n",
        "data: {\"id\":\"msg_u2eL3ur24lup6oSssJ5GlHz8\",\"object\":\"thread.message.delta\",\"delta\":{\"content\":[{\"index\":0,\"type\":\"text\",\"text\":{\"value\":\" launches\"}}]}}\n\n",
        "event: thread.message.delta\n",
        "data: {\"id\":\"msg_u2eL3ur24lup6oSssJ5GlHz8\",\"object\":\"thread.message.delta\",\"delta\":{\"content\":[{\"index\":0,\"type\":\"text\",\"text\":{\"value\":\".\\n\"}}]}}\n\n",
        "event: thread.message.delta\n",
        "data: {\"id\":\"msg_u2eL3ur24lup6oSssJ5GlHz8\",\"object\":\"thread.message.delta\",\"delta\":{\"content\":[{\"index\":0,\"type\":\"text\",\"text\":{\"value\":\"-\"}}]}}\n\n",
        "event: thread.message.delta\n",
        "data: {\"id\":\"msg_u2eL3ur24lup6oSssJ5GlHz8\",\"object\":\"thread.message.delta\",\"delta\":{\"content\":[{\"index\":0,\"type\":\"text\",\"text\":{\"value\":\" **\"}}]}}\n\n",
        "event: thread.message.delta\n",
        "data: {\"id\":\"msg_u2eL3ur24lup6oSssJ5GlHz8\",\"object\":\"thread.message.delta\",\"delta\":{\"content\":[{\"index\":0,\"type\":\"text\",\"text\":{\"value\":\"Training\"}}]}}\n\n",
        "event: thread.message.delta\n",
        "data: {\"id\":\"msg_u2eL3ur24lup6oSssJ5GlHz8\",\"object\":\"thread.message.delta\",\"delta\":{\"content\":[{\"index\":0,\"type\":\"text\",\"text\":{\"value\":\" Resources\"}}]}}\n\n",
        "event: thread.message.delta\n",
        "data: {\"id\":\"msg_u2eL3ur24lup6oSssJ5GlHz8\",\"object\":\"thread.message.delta\",\"delta\":{\"content\":[{\"index\":0,\"type\":\"text\",\"text\":{\"value\":\"**\"}}]}}\n\n",
        "event: thread.message.delta\n",
        "data: {\"id\":\"msg_u2eL3ur24lup6oSssJ5GlHz8\",\"object\":\"thread.message.delta\",\"delta\":{\"content\":[{\"index\":0,\"type\":\"text\",\"text\":{\"value\":\":\"}}]}}\n\n",
        "event: thread.message.delta\n",
        "data: {\"id\":\"msg_u2eL3ur24lup6oSssJ5GlHz8\",\"object\":\"thread.message.delta\",\"delta\":{\"content\":[{\"index\":0,\"type\":\"text\",\"text\":{\"value\":\" Access\"}}]}}\n\n",
        "event: thread.message.delta\n",
        "data: {\"id\":\"msg_u2eL3ur24lup6oSssJ5GlHz8\",\"object\":\"thread.message.delta\",\"delta\":{\"content\":[{\"index\":0,\"type\":\"text\",\"text\":{\"value\":\" to\"}}]}}\n\n",
        "event: thread.message.delta\n",
        "data: {\"id\":\"msg_u2eL3ur24lup6oSssJ5GlHz8\",\"object\":\"thread.message.delta\",\"delta\":{\"content\":[{\"index\":0,\"type\":\"text\",\"text\":{\"value\":\" Commercial\"}}]}}\n\n",
        "event: thread.message.delta\n",
        "data: {\"id\":\"msg_u2eL3ur24lup6oSssJ5GlHz8\",\"object\":\"thread.message.delta\",\"delta\":{\"content\":[{\"index\":0,\"type\":\"text\",\"text\":{\"value\":\" Launch\"}}]}}\n\n",
        "event: thread.message.delta\n",
        "data: {\"id\":\"msg_u2eL3ur24lup6oSssJ5GlHz8\",\"object\":\"thread.message.delta\",\"delta\":{\"content\":[{\"index\":0,\"type\":\"text\",\"text\":{\"value\":\" Hub\"}}]}}\n\n",
        "event: thread.message.delta\n",
        "data: {\"id\":\"msg_u2eL3ur24lup6oSssJ5GlHz8\",\"object\":\"thread.message.delta\",\"delta\":{\"content\":[{\"index\":0,\"type\":\"text\",\"text\":{\"value\":\" and\"}}]}}\n\n",
        "event: thread.message.delta\n",
        "data: {\"id\":\"msg_u2eL3ur24lup6oSssJ5GlHz8\",\"object\":\"thread.message.delta\",\"delta\":{\"content\":[{\"index\":0,\"type\":\"text\",\"text\":{\"value\":\" guides\"}}]}}\n\n",
        "event: thread.message.delta\n",
        "data: {\"id\":\"msg_u2eL3ur24lup6oSssJ5GlHz8\",\"object\":\"thread.message.delta\",\"delta\":{\"content\":[{\"index\":0,\"type\":\"text\",\"text\":{\"value\":\" tailored\"}}]}}\n\n",
        "event: thread.message.delta\n",
        "data: {\"id\":\"msg_u2eL3ur24lup6oSssJ5GlHz8\",\"object\":\"thread.message.delta\",\"delta\":{\"content\":[{\"index\":0,\"type\":\"text\",\"text\":{\"value\":\" for\"}}]}}\n\n",
        "event: thread.message.delta\n",
        "data: {\"id\":\"msg_u2eL3ur24lup6oSssJ5GlHz8\",\"object\":\"thread.message.delta\",\"delta\":{\"content\":[{\"index\":0,\"type\":\"text\",\"text\":{\"value\":\" new\"}}]}}\n\n",
        "event: thread.message.delta\n",
        "data: {\"id\":\"msg_u2eL3ur24lup6oSssJ5GlHz8\",\"object\":\"thread.message.delta\",\"delta\":{\"content\":[{\"index\":0,\"type\":\"text\",\"text\":{\"value\":\" planners\"}}]}}\n\n",
        "event: thread.message.delta\n",
        "data: {\"id\":\"msg_u2eL3ur24lup6oSssJ5GlHz8\",\"object\":\"thread.message.delta\",\"delta\":{\"content\":[{\"index\":0,\"type\":\"text\",\"text\":{\"value\":\".\\n\\n\"}}]}}\n\n",
        "event: thread.message.delta\n",
        "data: {\"id\":\"msg_u2eL3ur24lup6oSssJ5GlHz8\",\"object\":\"thread.message.delta\",\"delta\":{\"content\":[{\"index\":0,\"type\":\"text\",\"text\":{\"value\":\"###\"}}]}}\n\n",
        "event: thread.message.delta\n",
        "data: {\"id\":\"msg_u2eL3ur24lup6oSssJ5GlHz8\",\"object\":\"thread.message.delta\",\"delta\":{\"content\":[{\"index\":0,\"type\":\"text\",\"text\":{\"value\":\" **\"}}]}}\n\n",
        "event: thread.message.delta\n",
        "data: {\"id\":\"msg_u2eL3ur24lup6oSssJ5GlHz8\",\"object\":\"thread.message.delta\",\"delta\":{\"content\":[{\"index\":0,\"type\":\"text\",\"text\":{\"value\":\"Automation\"}}]}}\n\n",
        "event: thread.message.delta\n",
        "data: {\"id\":\"msg_u2eL3ur24lup6oSssJ5GlHz8\",\"object\":\"thread.message.delta\",\"delta\":{\"content\":[{\"index\":0,\"type\":\"text\",\"text\":{\"value\":\" and\"}}]}}\n\n",
        "event: thread.message.delta\n",
        "data: {\"id\":\"msg_u2eL3ur24lup6oSssJ5GlHz8\",\"object\":\"thread.message.delta\",\"delta\":{\"content\":[{\"index\":0,\"type\":\"text\",\"text\":{\"value\":\" Metrics\"}}]}}\n\n",
        "event: thread.message.delta\n",
        "data: {\"id\":\"msg_u2eL3ur24lup6oSssJ5GlHz8\",\"object\":\"thread.message.delta\",\"delta\":{\"content\":[{\"index\":0,\"type\":\"text\",\"text\":{\"value\":\"**\\n\"}}]}}\n\n",
        "event: thread.message.delta\n",
        "data: {\"id\":\"msg_u2eL3ur24lup6oSssJ5GlHz8\",\"object\":\"thread.message.delta\",\"delta\":{\"content\":[{\"index\":0,\"type\":\"text\",\"text\":{\"value\":\"-\"}}]}}\n\n",
        "event: thread.message.delta\n",
        "data: {\"id\":\"msg_u2eL3ur24lup6oSssJ5GlHz8\",\"object\":\"thread.message.delta\",\"delta\":{\"content\":[{\"index\":0,\"type\":\"text\",\"text\":{\"value\":\" **\"}}]}}\n\n",
        "event: thread.message.delta\n",
        "data: {\"id\":\"msg_u2eL3ur24lup6oSssJ5GlHz8\",\"object\":\"thread.message.delta\",\"delta\":{\"content\":[{\"index\":0,\"type\":\"text\",\"text\":{\"value\":\"Changes\"}}]}}\n\n",
        "event: thread.message.delta\n",
        "data: {\"id\":\"msg_u2eL3ur24lup6oSssJ5GlHz8\",\"object\":\"thread.message.delta\",\"delta\":{\"content\":[{\"index\":0,\"type\":\"text\",\"text\":{\"value\":\" in\"}}]}}\n\n",
        "event: thread.message.delta\n",
        "data: {\"id\":\"msg_u2eL3ur24lup6oSssJ5GlHz8\",\"object\":\"thread.message.delta\",\"delta\":{\"content\":[{\"index\":0,\"type\":\"text\",\"text\":{\"value\":\" Process\"}}]}}\n\n",
        "event: thread.message.delta\n",
        "data: {\"id\":\"msg_u2eL3ur24lup6oSssJ5GlHz8\",\"object\":\"thread.message.delta\",\"delta\":{\"content\":[{\"index\":0,\"type\":\"text\",\"text\":{\"value\":\"**\"}}]}}\n\n",
        "event: thread.message.delta\n",
        "data: {\"id\":\"msg_u2eL3ur24lup6oSssJ5GlHz8\",\"object\":\"thread.message.delta\",\"delta\":{\"content\":[{\"index\":0,\"type\":\"text\",\"text\":{\"value\":\":\"}}]}}\n\n",
        "event: thread.message.delta\n",
        "data: {\"id\":\"msg_u2eL3ur24lup6oSssJ5GlHz8\",\"object\":\"thread.message.delta\",\"delta\":{\"content\":[{\"index\":0,\"type\":\"text\",\"text\":{\"value\":\" Highlights\"}}]}}\n\n",
        "event: thread.message.delta\n",
        "data: {\"id\":\"msg_u2eL3ur24lup6oSssJ5GlHz8\",\"object\":\"thread.message.delta\",\"delta\":{\"content\":[{\"index\":0,\"type\":\"text\",\"text\":{\"value\":\" automation\"}}]}}\n\n",
        "event: thread.message.delta\n",
        "data: {\"id\":\"msg_u2eL3ur24lup6oSssJ5GlHz8\",\"object\":\"thread.message.delta\",\"delta\":{\"content\":[{\"index\":0,\"type\":\"text\",\"text\":{\"value\":\" improvements\"}}]}}\n\n",
        "event: thread.message.delta\n",
        "data: {\"id\":\"msg_u2eL3ur24lup6oSssJ5GlHz8\",\"object\":\"thread.message.delta\",\"delta\":{\"content\":[{\"index\":0,\"type\":\"text\",\"text\":{\"value\":\" via\"}}]}}\n\n",
        "event: thread.message.delta\n",
        "data: {\"id\":\"msg_u2eL3ur24lup6oSssJ5GlHz8\",\"object\":\"thread.message.delta\",\"delta\":{\"content\":[{\"index\":0,\"type\":\"text\",\"text\":{\"value\":\" tools\"}}]}}\n\n",
        "event: thread.message.delta\n",
        "data: {\"id\":\"msg_u2eL3ur24lup6oSssJ5GlHz8\",\"object\":\"thread.message.delta\",\"delta\":{\"content\":[{\"index\":0,\"type\":\"text\",\"text\":{\"value\":\" like\"}}]}}\n\n",
        "event: thread.message.delta\n",
        "data: {\"id\":\"msg_u2eL3ur24lup6oSssJ5GlHz8\",\"object\":\"thread.message.delta\",\"delta\":{\"content\":[{\"index\":0,\"type\":\"text\",\"text\":{\"value\":\" A\"}}]}}\n\n",
        "event: thread.message.delta\n",
        "data: {\"id\":\"msg_u2eL3ur24lup6oSssJ5GlHz8\",\"object\":\"thread.message.delta\",\"delta\":{\"content\":[{\"index\":0,\"type\":\"text\",\"text\":{\"value\":\"PT\"}}]}}\n\n",
        "event: thread.message.delta\n",
        "data: {\"id\":\"msg_u2eL3ur24lup6oSssJ5GlHz8\",\"object\":\"thread.message.delta\",\"delta\":{\"content\":[{\"index\":0,\"type\":\"text\",\"text\":{\"value\":\" (\"}}]}}\n\n",
        "event: thread.message.delta\n",
        "data: {\"id\":\"msg_u2eL3ur24lup6oSssJ5GlHz8\",\"object\":\"thread.message.delta\",\"delta\":{\"content\":[{\"index\":0,\"type\":\"text\",\"text\":{\"value\":\"Autom\"}}]}}\n\n",
        "event: thread.message.delta\n",
        "data: {\"id\":\"msg_u2eL3ur24lup6oSssJ5GlHz8\",\"object\":\"thread.message.delta\",\"delta\":{\"content\":[{\"index\":0,\"type\":\"text\",\"text\":{\"value\":\"ated\"}}]}}\n\n",
        "event: thread.message.delta\n",
        "data: {\"id\":\"msg_u2eL3ur24lup6oSssJ5GlHz8\",\"object\":\"thread.message.delta\",\"delta\":{\"content\":[{\"index\":0,\"type\":\"text\",\"text\":{\"value\":\" Pricing\"}}]}}\n\n",
        "event: thread.message.delta\n",
        "data: {\"id\":\"msg_u2eL3ur24lup6oSssJ5GlHz8\",\"object\":\"thread.message.delta\",\"delta\":{\"content\":[{\"index\":0,\"type\":\"text\",\"text\":{\"value\":\" Tool\"}}]}}\n\n",
        "event: thread.message.delta\n",
        "data: {\"id\":\"msg_u2eL3ur24lup6oSssJ5GlHz8\",\"object\":\"thread.message.delta\",\"delta\":{\"content\":[{\"index\":0,\"type\":\"text\",\"text\":{\"value\":\")\"}}]}}\n\n",
        "event: thread.message.delta\n",
        "data: {\"id\":\"msg_u2eL3ur24lup6oSssJ5GlHz8\",\"object\":\"thread.message.delta\",\"delta\":{\"content\":[{\"index\":0,\"type\":\"text\",\"text\":{\"value\":\" and\"}}]}}\n\n",
        "event: thread.message.delta\n",
        "data: {\"id\":\"msg_u2eL3ur24lup6oSssJ5GlHz8\",\"object\":\"thread.message.delta\",\"delta\":{\"content\":[{\"index\":0,\"type\":\"text\",\"text\":{\"value\":\" Partner\"}}]}}\n\n",
        "event: thread.message.delta\n",
        "data: {\"id\":\"msg_u2eL3ur24lup6oSssJ5GlHz8\",\"object\":\"thread.message.delta\",\"delta\":{\"content\":[{\"index\":0,\"type\":\"text\",\"text\":{\"value\":\" Center\"}}]}}\n\n",
        "event: thread.message.delta\n",
        "data: {\"id\":\"msg_u2eL3ur24lup6oSssJ5GlHz8\",\"object\":\"thread.message.delta\",\"delta\":{\"content\":[{\"index\":0,\"type\":\"text\",\"text\":{\"value\":\" validations\"}}]}}\n\n",
        "event: thread.message.delta\n",
        "data: {\"id\":\"msg_u2eL3ur24lup6oSssJ5GlHz8\",\"object\":\"thread.message.delta\",\"delta\":{\"content\":[{\"index\":0,\"type\":\"text\",\"text\":{\"value\":\".\\n\"}}]}}\n\n",
        "event: thread.message.delta\n",
        "data: {\"id\":\"msg_u2eL3ur24lup6oSssJ5GlHz8\",\"object\":\"thread.message.delta\",\"delta\":{\"content\":[{\"index\":0,\"type\":\"text\",\"text\":{\"value\":\"-\"}}]}}\n\n",
        "event: thread.message.delta\n",
        "data: {\"id\":\"msg_u2eL3ur24lup6oSssJ5GlHz8\",\"object\":\"thread.message.delta\",\"delta\":{\"content\":[{\"index\":0,\"type\":\"text\",\"text\":{\"value\":\" **\"}}]}}\n\n",
        "event: thread.message.delta\n",
        "data: {\"id\":\"msg_u2eL3ur24lup6oSssJ5GlHz8\",\"object\":\"thread.message.delta\",\"delta\":{\"content\":[{\"index\":0,\"type\":\"text\",\"text\":{\"value\":\"Meter\"}}]}}\n\n",
        "event: thread.message.delta\n",
        "data: {\"id\":\"msg_u2eL3ur24lup6oSssJ5GlHz8\",\"object\":\"thread.message.delta\",\"delta\":{\"content\":[{\"index\":0,\"type\":\"text\",\"text\":{\"value\":\" Mint\"}}]}}\n\n",
        "event: thread.message.delta\n",
        "data: {\"id\":\"msg_u2eL3ur24lup6oSssJ5GlHz8\",\"object\":\"thread.message.delta\",\"delta\":{\"content\":[{\"index\":0,\"type\":\"text\",\"text\":{\"value\":\"ing\"}}]}}\n\n",
        "event: thread.message.delta\n",
        "data: {\"id\":\"msg_u2eL3ur24lup6oSssJ5GlHz8\",\"object\":\"thread.message.delta\",\"delta\":{\"content\":[{\"index\":0,\"type\":\"text\",\"text\":{\"value\":\"**\"}}]}}\n\n",
        "event: thread.message.delta\n",
        "data: {\"id\":\"msg_u2eL3ur24lup6oSssJ5GlHz8\",\"object\":\"thread.message.delta\",\"delta\":{\"content\":[{\"index\":0,\"type\":\"text\",\"text\":{\"value\":\":\"}}]}}\n\n",
        "event: thread.message.delta\n",
        "data: {\"id\":\"msg_u2eL3ur24lup6oSssJ5GlHz8\",\"object\":\"thread.message.delta\",\"delta\":{\"content\":[{\"index\":0,\"type\":\"text\",\"text\":{\"value\":\" Provides\"}}]}}\n\n",
        "event: thread.message.delta\n",
        "data: {\"id\":\"msg_u2eL3ur24lup6oSssJ5GlHz8\",\"object\":\"thread.message.delta\",\"delta\":{\"content\":[{\"index\":0,\"type\":\"text\",\"text\":{\"value\":\" FAQs\"}}]}}\n\n",
        "event: thread.message.delta\n",
        "data: {\"id\":\"msg_u2eL3ur24lup6oSssJ5GlHz8\",\"object\":\"thread.message.delta\",\"delta\":{\"content\":[{\"index\":0,\"type\":\"text\",\"text\":{\"value\":\" and\"}}]}}\n\n",
        "event: thread.message.delta\n",
        "data: {\"id\":\"msg_u2eL3ur24lup6oSssJ5GlHz8\",\"object\":\"thread.message.delta\",\"delta\":{\"content\":[{\"index\":0,\"type\":\"text\",\"text\":{\"value\":\" troubleshooting\"}}]}}\n\n",
        "event: thread.message.delta\n",
        "data: {\"id\":\"msg_u2eL3ur24lup6oSssJ5GlHz8\",\"object\":\"thread.message.delta\",\"delta\":{\"content\":[{\"index\":0,\"type\":\"text\",\"text\":{\"value\":\" for\"}}]}}\n\n",
        "event: thread.message.delta\n",
        "data: {\"id\":\"msg_u2eL3ur24lup6oSssJ5GlHz8\",\"object\":\"thread.message.delta\",\"delta\":{\"content\":[{\"index\":0,\"type\":\"text\",\"text\":{\"value\":\" onboarding\"}}]}}\n\n",
        "event: thread.message.delta\n",
        "data: {\"id\":\"msg_u2eL3ur24lup6oSssJ5GlHz8\",\"object\":\"thread.message.delta\",\"delta\":{\"content\":[{\"index\":0,\"type\":\"text\",\"text\":{\"value\":\" SK\"}}]}}\n\n",
        "event: thread.message.delta\n",
        "data: {\"id\":\"msg_u2eL3ur24lup6oSssJ5GlHz8\",\"object\":\"thread.message.delta\",\"delta\":{\"content\":[{\"index\":0,\"type\":\"text\",\"text\":{\"value\":\"Us\"}}]}}\n\n",
        "event: thread.message.delta\n",
        "data: {\"id\":\"msg_u2eL3ur24lup6oSssJ5GlHz8\",\"object\":\"thread.message.delta\",\"delta\":{\"content\":[{\"index\":0,\"type\":\"text\",\"text\":{\"value\":\" or\"}}]}}\n\n",
        "event: thread.message.delta\n",
        "data: {\"id\":\"msg_u2eL3ur24lup6oSssJ5GlHz8\",\"object\":\"thread.message.delta\",\"delta\":{\"content\":[{\"index\":0,\"type\":\"text\",\"text\":{\"value\":\" offers\"}}]}}\n\n",
        "event: thread.message.delta\n",
        "data: {\"id\":\"msg_u2eL3ur24lup6oSssJ5GlHz8\",\"object\":\"thread.message.delta\",\"delta\":{\"content\":[{\"index\":0,\"type\":\"text\",\"text\":{\"value\":\".\\n\\n\"}}]}}\n\n",
        "event: thread.message.delta\n",
        "data: {\"id\":\"msg_u2eL3ur24lup6oSssJ5GlHz8\",\"object\":\"thread.message.delta\",\"delta\":{\"content\":[{\"index\":0,\"type\":\"text\",\"text\":{\"value\":\"This\"}}]}}\n\n",
        "event: thread.message.delta\n",
        "data: {\"id\":\"msg_u2eL3ur24lup6oSssJ5GlHz8\",\"object\":\"thread.message.delta\",\"delta\":{\"content\":[{\"index\":0,\"type\":\"text\",\"text\":{\"value\":\" guide\"}}]}}\n\n",
        "event: thread.message.delta\n",
        "data: {\"id\":\"msg_u2eL3ur24lup6oSssJ5GlHz8\",\"object\":\"thread.message.delta\",\"delta\":{\"content\":[{\"index\":0,\"type\":\"text\",\"text\":{\"value\":\" central\"}}]}}\n\n",
        "event: thread.message.delta\n",
        "data: {\"id\":\"msg_u2eL3ur24lup6oSssJ5GlHz8\",\"object\":\"thread.message.delta\",\"delta\":{\"content\":[{\"index\":0,\"type\":\"text\",\"text\":{\"value\":\"izes\"}}]}}\n\n",
        "event: thread.message.delta\n",
        "data: {\"id\":\"msg_u2eL3ur24lup6oSssJ5GlHz8\",\"object\":\"thread.message.delta\",\"delta\":{\"content\":[{\"index\":0,\"type\":\"text\",\"text\":{\"value\":\" key\"}}]}}\n\n",
        "event: thread.message.delta\n",
        "data: {\"id\":\"msg_u2eL3ur24lup6oSssJ5GlHz8\",\"object\":\"thread.message.delta\",\"delta\":{\"content\":[{\"index\":0,\"type\":\"text\",\"text\":{\"value\":\" processes\"}}]}}\n\n",
        "event: thread.message.delta\n",
        "data: {\"id\":\"msg_u2eL3ur24lup6oSssJ5GlHz8\",\"object\":\"thread.message.delta\",\"delta\":{\"content\":[{\"index\":0,\"type\":\"text\",\"text\":{\"value\":\" for\"}}]}}\n\n",
        "event: thread.message.delta\n",
        "data: {\"id\":\"msg_u2eL3ur24lup6oSssJ5GlHz8\",\"object\":\"thread.message.delta\",\"delta\":{\"content\":[{\"index\":0,\"type\":\"text\",\"text\":{\"value\":\" managing\"}}]}}\n\n",
        "event: thread.message.delta\n",
        "data: {\"id\":\"msg_u2eL3ur24lup6oSssJ5GlHz8\",\"object\":\"thread.message.delta\",\"delta\":{\"content\":[{\"index\":0,\"type\":\"text\",\"text\":{\"value\":\" launches\"}}]}}\n\n",
        "event: thread.message.delta\n",
        "data: {\"id\":\"msg_u2eL3ur24lup6oSssJ5GlHz8\",\"object\":\"thread.message.delta\",\"delta\":{\"content\":[{\"index\":0,\"type\":\"text\",\"text\":{\"value\":\",\"}}]}}\n\n",
        "event: thread.message.delta\n",
        "data: {\"id\":\"msg_u2eL3ur24lup6oSssJ5GlHz8\",\"object\":\"thread.message.delta\",\"delta\":{\"content\":[{\"index\":0,\"type\":\"text\",\"text\":{\"value\":\" promo\"}}]}}\n\n",
        "event: thread.message.delta\n",
        "data: {\"id\":\"msg_u2eL3ur24lup6oSssJ5GlHz8\",\"object\":\"thread.message.delta\",\"delta\":{\"content\":[{\"index\":0,\"type\":\"text\",\"text\":{\"value\":\" codes\"}}]}}\n\n",
        "event: thread.message.delta\n",
        "data: {\"id\":\"msg_u2eL3ur24lup6oSssJ5GlHz8\",\"object\":\"thread.message.delta\",\"delta\":{\"content\":[{\"index\":0,\"type\":\"text\",\"text\":{\"value\":\",\"}}]}}\n\n",
        "event: thread.message.delta\n",
        "data: {\"id\":\"msg_u2eL3ur24lup6oSssJ5GlHz8\",\"object\":\"thread.message.delta\",\"delta\":{\"content\":[{\"index\":0,\"type\":\"text\",\"text\":{\"value\":\" and\"}}]}}\n\n",
        "event: thread.message.delta\n",
        "data: {\"id\":\"msg_u2eL3ur24lup6oSssJ5GlHz8\",\"object\":\"thread.message.delta\",\"delta\":{\"content\":[{\"index\":0,\"type\":\"text\",\"text\":{\"value\":\" promotions\"}}]}}\n\n",
        "event: thread.message.delta\n",
        "data: {\"id\":\"msg_u2eL3ur24lup6oSssJ5GlHz8\",\"object\":\"thread.message.delta\",\"delta\":{\"content\":[{\"index\":0,\"type\":\"text\",\"text\":{\"value\":\" while\"}}]}}\n\n",
        "event: thread.message.delta\n",
        "data: {\"id\":\"msg_u2eL3ur24lup6oSssJ5GlHz8\",\"object\":\"thread.message.delta\",\"delta\":{\"content\":[{\"index\":0,\"type\":\"text\",\"text\":{\"value\":\" ensuring\"}}]}}\n\n",
        "event: thread.message.delta\n",
        "data: {\"id\":\"msg_u2eL3ur24lup6oSssJ5GlHz8\",\"object\":\"thread.message.delta\",\"delta\":{\"content\":[{\"index\":0,\"type\":\"text\",\"text\":{\"value\":\" adherence\"}}]}}\n\n",
        "event: thread.message.delta\n",
        "data: {\"id\":\"msg_u2eL3ur24lup6oSssJ5GlHz8\",\"object\":\"thread.message.delta\",\"delta\":{\"content\":[{\"index\":0,\"type\":\"text\",\"text\":{\"value\":\" to\"}}]}}\n\n",
        "event: thread.message.delta\n",
        "data: {\"id\":\"msg_u2eL3ur24lup6oSssJ5GlHz8\",\"object\":\"thread.message.delta\",\"delta\":{\"content\":[{\"index\":0,\"type\":\"text\",\"text\":{\"value\":\" compliance\"}}]}}\n\n",
        "event: thread.message.delta\n",
        "data: {\"id\":\"msg_u2eL3ur24lup6oSssJ5GlHz8\",\"object\":\"thread.message.delta\",\"delta\":{\"content\":[{\"index\":0,\"type\":\"text\",\"text\":{\"value\":\",\"}}]}}\n\n",
        "event: thread.message.delta\n",
        "data: {\"id\":\"msg_u2eL3ur24lup6oSssJ5GlHz8\",\"object\":\"thread.message.delta\",\"delta\":{\"content\":[{\"index\":0,\"type\":\"text\",\"text\":{\"value\":\" operational\"}}]}}\n\n",
        "event: thread.message.delta\n",
        "data: {\"id\":\"msg_u2eL3ur24lup6oSssJ5GlHz8\",\"object\":\"thread.message.delta\",\"delta\":{\"content\":[{\"index\":0,\"type\":\"text\",\"text\":{\"value\":\" efficiency\"}}]}}\n\n",
        "event: thread.message.delta\n",
        "data: {\"id\":\"msg_u2eL3ur24lup6oSssJ5GlHz8\",\"object\":\"thread.message.delta\",\"delta\":{\"content\":[{\"index\":0,\"type\":\"text\",\"text\":{\"value\":\",\"}}]}}\n\n",
        "event: thread.message.delta\n",
        "data: {\"id\":\"msg_u2eL3ur24lup6oSssJ5GlHz8\",\"object\":\"thread.message.delta\",\"delta\":{\"content\":[{\"index\":0,\"type\":\"text\",\"text\":{\"value\":\" and\"}}]}}\n\n",
        "event: thread.message.delta\n",
        "data: {\"id\":\"msg_u2eL3ur24lup6oSssJ5GlHz8\",\"object\":\"thread.message.delta\",\"delta\":{\"content\":[{\"index\":0,\"type\":\"text\",\"text\":{\"value\":\" transparency\"}}]}}\n\n",
        "event: thread.message.delta\n",
        "data: {\"id\":\"msg_u2eL3ur24lup6oSssJ5GlHz8\",\"object\":\"thread.message.delta\",\"delta\":{\"content\":[{\"index\":0,\"type\":\"text\",\"text\":{\"value\":\"3:1source\",\"annotations\":[{\"index\":0,\"type\":\"url_citation\",\"text\":\"3:1source\",\"start_index\":2631,\"end_index\":2643,\"url_citation\":{\"url\":\"https://microsoft.sharepoint.com/teams/CloudBusinessOperationsResourceHub/SitePages/Promo-Code-Request-Guide-and-FAQ.aspx\",\"title\":\"https://microsoft.sharepoint.com/teams/CloudBusinessOperationsResourceHub/SitePages/Promo-Code-Request-Guide-and-FAQ.aspx\"}}]}}]}}\n\n",
        "event: thread.message.delta\n",
        "data: {\"id\":\"msg_u2eL3ur24lup6oSssJ5GlHz8\",\"object\":\"thread.message.delta\",\"delta\":{\"content\":[{\"index\":0,\"type\":\"text\",\"text\":{\"value\":\"3:8source\",\"annotations\":[{\"index\":1,\"type\":\"url_citation\",\"text\":\"3:8source\",\"start_index\":2643,\"end_index\":2655,\"url_citation\":{\"url\":\"https://microsoft.sharepoint.com/teams/CloudBusinessOperationsResourceHub/SitePages/New-Promotions-Process.aspx\",\"title\":\"https://microsoft.sharepoint.com/teams/CloudBusinessOperationsResourceHub/SitePages/New-Promotions-Process.aspx\"}}]}}]}}\n\n",
        "event: thread.message.delta\n",
        "data: {\"id\":\"msg_u2eL3ur24lup6oSssJ5GlHz8\",\"object\":\"thread.message.delta\",\"delta\":{\"content\":[{\"index\":0,\"type\":\"text\",\"text\":{\"value\":\".\"}}]}}\n\n",
        "event: thread.message.completed\n",
        "data: {\"id\":\"msg_u2eL3ur24lup6oSssJ5GlHz8\",\"object\":\"thread.message\",\"created_at\":1755737075,\"assistant_id\":\"asst_2lbBjIQs31ASK30c0FsmknBp\",\"thread_id\":\"thread_p4RBCQN93zOQjdRX1sNEwJ2w\",\"run_id\":\"run_pAl8qOjPHoSLnxAGmhSgw4qE\",\"status\":\"completed\",\"incomplete_details\":null,\"incomplete_at\":null,\"completed_at\":1755737086,\"role\":\"assistant\",\"content\":[{\"type\":\"text\",\"text\":{\"value\":\"The document outlines comprehensive processes and guidelines for managing promo code requests, product launches, and promotion campaigns within Microsoft. Here's a summary of the key sections:\\n\\n### **DARSy Promo Code Request System**\\n- **Purpose**: Manages promo codes for Microsoft products such as Dynamics 365, Power Platform, EMS, Office, and Windows.\\n- **Steps for Requestors**: Guidance on submitting a request, selecting promo purposes, products, and completing forms.\\n- **Approval Process**: SLA for approvals is 10 days, involving triage and approval teams.\\n- **Common Use Cases**: Covers internal testing, demo uses, external evaluation trials, etc.\\n- **Known Issues**: Highlights troubleshooting suggestions for promo codes that fail to redeem or encounter errors.\\n\\n### **Subscription & Product Launch Processes**\\n- **Launch Scenarios**: Includes guidelines for various scenarios such as price changes, new SKUs, geographical expansions, new service plans, and more.\\n- **Deadlines**: Details strict timelines for ensuring inclusion in locked scope and execution.\\n- **Compliance**: Emphasizes the need for lifecycle management, accurate configuration, and compliance before General Availability (GA).\\n- **Tools**: Usage of Partner Center and Legacy tools for CR creation, intake forms, and validation checks.\\n\\n### **Promotions Management**\\n- **Promotion Types**: Differentiates between standard promotions, volume promotions, specialized offers, and promo codes.\\n- **Processes**: Includes creating MLC (Microsoft Launch Center) requests, necessary approvals (e.g., Product Finance and CELA), RevRec forms, and council review.\\n- **Timelines**: Standard subscription promotions take about 4 weeks; complex requests (e.g., for new SKUs or sales motion enablement) require longer periods.\\n\\n### **Onboarding and Stakeholders**\\n- **Tools and Systems**: Training on the Microsoft Launch Center, LRD Tool, First Party (Cayman), and Consumption Launch processes.\\n- **Roles & Responsibilities**: Business Planners, Vendor Operations, Launch Leaders, and CMX teams each play distinct parts in managing launches.\\n- **Training Resources**: Access to Commercial Launch Hub and guides tailored for new planners.\\n\\n### **Automation and Metrics**\\n- **Changes in Process**: Highlights automation improvements via tools like APT (Automated Pricing Tool) and Partner Center validations.\\n- **Meter Minting**: Provides FAQs and troubleshooting for onboarding SKUs or offers.\\n\\nThis guide centralizes key processes for managing launches, promo codes, and promotions while ensuring adherence to compliance, operational efficiency, and transparency3:1source3:8source.\",\"annotations\":[{\"type\":\"url_citation\",\"text\":\"3:1source\",\"start_index\":2631,\"end_index\":2643,\"url_citation\":{\"url\":\"https://microsoft.sharepoint.com/teams/CloudBusinessOperationsResourceHub/SitePages/Promo-Code-Request-Guide-and-FAQ.aspx\",\"title\":\"https://microsoft.sharepoint.com/teams/CloudBusinessOperationsResourceHub/SitePages/Promo-Code-Request-Guide-and-FAQ.aspx\"}},{\"type\":\"url_citation\",\"text\":\"3:8source\",\"start_index\":2643,\"end_index\":2655,\"url_citation\":{\"url\":\"https://microsoft.sharepoint.com/teams/CloudBusinessOperationsResourceHub/SitePages/New-Promotions-Process.aspx\",\"title\":\"https://microsoft.sharepoint.com/teams/CloudBusinessOperationsResourceHub/SitePages/New-Promotions-Process.aspx\"}}]}}],\"attachments\":[],\"metadata\":{}}\n\n",
        "event: thread.run.step.completed\n",
        "data: {\"id\":\"step_ZNlYvCALnv1bYewsPZThxm0n\",\"object\":\"thread.run.step\",\"created_at\":1755737075,\"run_id\":\"run_pAl8qOjPHoSLnxAGmhSgw4qE\",\"assistant_id\":\"asst_2lbBjIQs31ASK30c0FsmknBp\",\"thread_id\":\"thread_p4RBCQN93zOQjdRX1sNEwJ2w\",\"type\":\"message_creation\",\"status\":\"completed\",\"cancelled_at\":null,\"completed_at\":1755737086,\"expires_at\":1755738865,\"failed_at\":null,\"last_error\":null,\"step_details\":{\"type\":\"message_creation\",\"message_creation\":{\"message_id\":\"msg_u2eL3ur24lup6oSssJ5GlHz8\"}},\"usage\":{\"prompt_tokens\":63500,\"completion_tokens\":535,\"total_tokens\":64035,\"prompt_token_details\":{\"cached_tokens\":0}}}\n\n",
        "event: thread.run.completed\n",
        "data: {\"id\":\"run_pAl8qOjPHoSLnxAGmhSgw4qE\",\"object\":\"thread.run\",\"created_at\":1755737065,\"assistant_id\":\"asst_2lbBjIQs31ASK30c0FsmknBp\",\"thread_id\":\"thread_p4RBCQN93zOQjdRX1sNEwJ2w\",\"status\":\"completed\",\"started_at\":1755737065,\"expires_at\":null,\"cancelled_at\":null,\"failed_at\":null,\"completed_at\":1755737086,\"required_action\":null,\"last_error\":null,\"model\":\"gpt-4o\",\"instructions\":\"You are helpful agent.\",\"tools\":[{\"type\":\"sharepoint_grounding\",\"sharepoint_grounding\":{\"connections\":[{\"connection_id\":\"/subscriptions/921496dc-987f-410f-bd57-426eb2611356/resourceGroups/rg-amanda-eastus/providers/Microsoft.CognitiveServices/accounts/uibasic4j7g/projects/basicproject/connections/obiprocess-sharepoint\"}]}}],\"tool_resources\":{\"code_interpreter\":{\"file_ids\":[]}},\"metadata\":{},\"temperature\":1.0,\"top_p\":1.0,\"max_completion_tokens\":null,\"max_prompt_tokens\":null,\"truncation_strategy\":{\"type\":\"auto\",\"last_messages\":null},\"incomplete_details\":null,\"usage\":{\"prompt_tokens\":63927,\"completion_tokens\":550,\"total_tokens\":64477,\"prompt_token_details\":{\"cached_tokens\":0}},\"response_format\":\"auto\",\"tool_choice\":\"auto\",\"parallel_tool_calls\":true}\n\n",
        "event: done\n",
        "data: [DONE]\n\n"
      ]
    }
  ],
  "Variables": {
    "AZURE_SHAREPOINT_CONNECTION_ID": "/subscriptions/921496dc-987f-410f-bd57-426eb2611356/resourceGroups/rg-amanda-eastus/providers/Microsoft.CognitiveServices/accounts/uibasic4j7g/projects/basicproject/connections/obiprocess-sharepoint",
    "PROJECT_CONNECTION_STRING": "https://uibasic4j7g.services.ai.azure.com/api/projects/basicproject",
    "PROJECT_ENDPOINT": "https://deep-research-agent.services.ai.azure.com/api/projects/deep-research-agent",
    "RandomSeed": "631393941"
  }
}
