{
  "Entries": [
    {
      "RequestUri": "https://westus.api.azureml.ms/agents/v1.0/subscriptions/b17253fa-f327-42d6-9686-f3e553e24763/resourceGroups/nirovins-rg-eastus/providers/Microsoft.MachineLearningServices/workspaces/nirovins-westus/vector_stores?api-version=2025-05-15-preview",
      "RequestMethod": "POST",
      "RequestHeaders": {
        "Accept": "application/json",
        "Authorization": "Sanitized",
        "Content-Length": "33",
        "Content-Type": "application/json",
        "User-Agent": "azsdk-net-AI.Agents.Persistent/1.0.0-alpha.20250423.1 (.NET 8.0.15; Microsoft Windows 10.0.26100)",
        "x-ms-client-request-id": "Sanitized",
        "x-ms-return-client-request-id": "true"
      },
      "RequestBody": {
        "name": "cs_e2e_tests_vct_store"
      },
      "StatusCode": 200,
      "ResponseHeaders": {
        "apim-request-id": "8770e4b9-7399-4b39-8519-5bb037f980b0",
        "Connection": "keep-alive",
        "Content-Length": "393",
        "Content-Type": "application/json",
        "Date": "Wed, 23 Apr 2025 18:46:16 GMT",
        "openai-organization": "20ba836fffc34ede8203166d666c74ef",
        "openai-processing-ms": "425",
        "openai-version": "2020-10-01",
        "Request-Context": "appId=cid-v1:2d2e8e63-272e-4b3c-8598-4ee570a0e70d",
        "Strict-Transport-Security": "max-age=31536000; includeSubDomains; preload",
        "Vary": "Accept-Encoding",
        "x-aml-cluster": "vienna-westus-02",
        "X-Content-Type-Options": "nosniff",
        "x-ms-middleware-request-id": "b307b74a-ea04-4617-8724-6f12752052d4",
        "x-ms-region": "West US",
        "x-ms-response-type": "standard",
        "X-Request-ID": "b6218a79df5fdf7fa6923647271a9e1f",
        "x-request-time": "0.751"
      },
      "ResponseBody": {
        "id": "vs_lMaAiIz5fcP3UtPdD2YmqBw9",
        "object": "vector_store",
        "name": "cs_e2e_tests_vct_store",
        "status": "completed",
        "usage_bytes": 0,
        "created_at": 1745433976,
        "file_counts": {
          "in_progress": 0,
          "completed": 0,
          "failed": 0,
          "cancelled": 0,
          "total": 0
        },
        "metadata": {},
        "expires_after": null,
        "expires_at": null,
        "last_active_at": 1745433976
      }
    },
    {
      "RequestUri": "https://westus.api.azureml.ms/agents/v1.0/subscriptions/b17253fa-f327-42d6-9686-f3e553e24763/resourceGroups/nirovins-rg-eastus/providers/Microsoft.MachineLearningServices/workspaces/nirovins-westus/vector_stores/vs_lMaAiIz5fcP3UtPdD2YmqBw9/file_batches?api-version=2025-05-15-preview",
      "RequestMethod": "POST",
      "RequestHeaders": {
        "Accept": "application/json",
        "Authorization": "Sanitized",
        "Content-Length": "268",
        "Content-Type": "application/json",
        "User-Agent": "azsdk-net-AI.Agents.Persistent/1.0.0-alpha.20250423.1 (.NET 8.0.15; Microsoft Windows 10.0.26100)",
        "x-ms-client-request-id": "Sanitized",
        "x-ms-return-client-request-id": "true"
      },
      "RequestBody": {
        "data_sources": [
          {
            "uri": "azureml://subscriptions/b17253fa-f327-42d6-9686-f3e553e24763/resourcegroups/nirovins-rg-eastus/workspaces/nirovins-westus/datastores/workspaceblobstore/paths/LocalUpload/99ccdcf221d468b60f565d5708f6ce1d/product_info_1.md",
            "type": "uri_asset"
          }
        ]
      },
      "StatusCode": 200,
      "ResponseHeaders": {
        "apim-request-id": "093a1fd8-8b1e-4b7d-a6fc-1b330ec5c584",
        "Connection": "keep-alive",
        "Content-Length": "315",
        "Content-Type": "application/json",
        "Date": "Wed, 23 Apr 2025 18:46:26 GMT",
        "openai-organization": "20ba836fffc34ede8203166d666c74ef",
        "openai-processing-ms": "9098",
        "openai-version": "2020-10-01",
        "Request-Context": "appId=cid-v1:2d2e8e63-272e-4b3c-8598-4ee570a0e70d",
        "Strict-Transport-Security": "max-age=31536000; includeSubDomains; preload",
        "Vary": "Accept-Encoding",
        "x-aml-cluster": "vienna-westus-02",
        "X-Content-Type-Options": "nosniff",
        "x-ms-middleware-request-id": "3568da39-5e1b-4fde-b8a7-92d99e4edb0d",
        "x-ms-region": "West US",
        "x-ms-response-type": "standard",
        "X-Request-ID": "8150cc9bc45316766565668dccf15e5e",
        "x-request-time": "9.480"
      },
      "ResponseBody": {
        "id": "vsfb_3935e65addc448cb923cbc13ad8a7bc6",
        "object": "vector_store.file_batch",
        "created_at": 1745433986,
        "status": "in_progress",
        "vector_store_id": "vs_lMaAiIz5fcP3UtPdD2YmqBw9",
        "file_counts": {
          "in_progress": 1,
          "completed": 0,
          "failed": 0,
          "cancelled": 0,
          "total": 1
        }
      }
    },
    {
      "RequestUri": "https://westus.api.azureml.ms/agents/v1.0/subscriptions/b17253fa-f327-42d6-9686-f3e553e24763/resourceGroups/nirovins-rg-eastus/providers/Microsoft.MachineLearningServices/workspaces/nirovins-westus/assistants?api-version=2025-05-15-preview",
      "RequestMethod": "POST",
      "RequestHeaders": {
        "Accept": "application/json",
        "Authorization": "Sanitized",
        "Content-Length": "265",
        "Content-Type": "application/json",
        "User-Agent": "azsdk-net-AI.Agents.Persistent/1.0.0-alpha.20250423.1 (.NET 8.0.15; Microsoft Windows 10.0.26100)",
        "x-ms-client-request-id": "Sanitized",
        "x-ms-return-client-request-id": "true"
      },
      "RequestBody": {
        "model": "gpt-4",
        "name": "SDK Test Agent - Retrieval",
        "instructions": "You are a helpful agent that can help fetch data from files you know about.",
        "tools": [
          {
            "type": "file_search"
          }
        ],
        "tool_resources": {
          "file_search": {
            "vector_store_ids": [
              "vs_lMaAiIz5fcP3UtPdD2YmqBw9"
            ]
          }
        }
      },
      "StatusCode": 200,
      "ResponseHeaders": {
        "apim-request-id": "008331f0-8659-4e07-b1c4-6448f15e4ad4",
        "Connection": "keep-alive",
        "Content-Length": "547",
        "Content-Type": "application/json",
        "Date": "Wed, 23 Apr 2025 18:46:26 GMT",
        "openai-organization": "20ba836fffc34ede8203166d666c74ef",
        "openai-processing-ms": "90",
        "openai-version": "2020-10-01",
        "Request-Context": "appId=cid-v1:2d2e8e63-272e-4b3c-8598-4ee570a0e70d",
        "Strict-Transport-Security": "max-age=31536000; includeSubDomains; preload",
        "Vary": "Accept-Encoding",
        "x-aml-cluster": "vienna-westus-02",
        "X-Content-Type-Options": "nosniff",
        "x-ms-middleware-request-id": "008331f0-8659-4e07-b1c4-6448f15e4ad4",
        "x-ms-region": "West US",
        "x-ms-response-type": "standard",
        "X-Request-ID": "414f35b50fb052fc2789490d0800fd80",
        "x-request-time": "0.464"
      },
      "ResponseBody": {
        "id": "asst_wIptWN0EpVh0Jqtri9fYrSAl",
        "object": "assistant",
        "created_at": 1745433986,
        "name": "SDK Test Agent - Retrieval",
        "description": null,
        "model": "gpt-4",
        "instructions": "You are a helpful agent that can help fetch data from files you know about.",
        "tools": [
          {
            "type": "file_search"
          }
        ],
        "top_p": 1.0,
        "temperature": 1.0,
        "tool_resources": {
          "file_search": {
            "vector_store_ids": [
              "vs_lMaAiIz5fcP3UtPdD2YmqBw9"
            ]
          }
        },
        "metadata": {},
        "response_format": "auto"
      }
    },
    {
      "RequestUri": "https://westus.api.azureml.ms/agents/v1.0/subscriptions/b17253fa-f327-42d6-9686-f3e553e24763/resourceGroups/nirovins-rg-eastus/providers/Microsoft.MachineLearningServices/workspaces/nirovins-westus/threads/runs?api-version=2025-05-15-preview",
      "RequestMethod": "POST",
      "RequestHeaders": {
        "Accept": "application/json",
        "Authorization": "Sanitized",
        "Content-Length": "130",
        "Content-Type": "application/json",
        "User-Agent": "azsdk-net-AI.Agents.Persistent/1.0.0-alpha.20250423.1 (.NET 8.0.15; Microsoft Windows 10.0.26100)",
        "x-ms-client-request-id": "Sanitized",
        "x-ms-return-client-request-id": "true"
      },
      "RequestBody": {
        "assistant_id": "asst_wIptWN0EpVh0Jqtri9fYrSAl",
        "thread": {
          "messages": [
            {
              "role": "user",
              "content": "What does the attachment say?"
            }
          ]
        }
      },
      "StatusCode": 200,
      "ResponseHeaders": {
        "apim-request-id": "dde66d2b-a620-4998-90e9-6c08e82e7552",
        "Connection": "keep-alive",
        "Content-Length": "914",
        "Content-Type": "application/json",
        "Date": "Wed, 23 Apr 2025 18:46:27 GMT",
        "openai-organization": "20ba836fffc34ede8203166d666c74ef",
        "openai-processing-ms": "277",
        "openai-version": "2020-10-01",
        "Request-Context": "appId=cid-v1:2d2e8e63-272e-4b3c-8598-4ee570a0e70d",
        "Strict-Transport-Security": "max-age=31536000; includeSubDomains; preload",
        "Vary": "Accept-Encoding",
        "x-aml-cluster": "vienna-westus-02",
        "X-Content-Type-Options": "nosniff",
        "x-ms-middleware-request-id": "3e9fa2b0-6055-421d-809c-f155d0a49be4",
        "x-ms-region": "West US",
        "x-ms-response-type": "standard",
        "X-Request-ID": "637adbb2f0ab7bb1a1c3bffa3ef1b663",
        "x-request-time": "0.893"
      },
      "ResponseBody": {
        "id": "run_dmOzYKk9ciSnGaCRCvLeQGSn",
        "object": "thread.run",
        "created_at": 1745433987,
        "assistant_id": "asst_wIptWN0EpVh0Jqtri9fYrSAl",
        "thread_id": "thread_noF7kHxwjWkCS1Y4WTOvrR54",
        "status": "queued",
        "started_at": null,
        "expires_at": 1745434587,
        "cancelled_at": null,
        "failed_at": null,
        "completed_at": null,
        "required_action": null,
        "last_error": null,
        "model": "gpt-4",
        "instructions": "You are a helpful agent that can help fetch data from files you know about.",
        "tools": [
          {
            "type": "file_search"
          }
        ],
        "tool_resources": {},
        "metadata": {},
        "temperature": 1.0,
        "top_p": 1.0,
        "max_completion_tokens": null,
        "max_prompt_tokens": null,
        "truncation_strategy": {
          "type": "auto",
          "last_messages": null
        },
        "incomplete_details": null,
        "usage": null,
        "response_format": "auto",
        "tool_choice": "auto",
        "parallel_tool_calls": true
      }
    },
    {
      "RequestUri": "https://westus.api.azureml.ms/agents/v1.0/subscriptions/b17253fa-f327-42d6-9686-f3e553e24763/resourceGroups/nirovins-rg-eastus/providers/Microsoft.MachineLearningServices/workspaces/nirovins-westus/threads/thread_noF7kHxwjWkCS1Y4WTOvrR54/runs/run_dmOzYKk9ciSnGaCRCvLeQGSn?api-version=2025-05-15-preview",
      "RequestMethod": "GET",
      "RequestHeaders": {
        "Accept": "application/json",
        "Authorization": "Sanitized",
        "User-Agent": "azsdk-net-AI.Agents.Persistent/1.0.0-alpha.20250423.1 (.NET 8.0.15; Microsoft Windows 10.0.26100)",
        "x-ms-client-request-id": "Sanitized",
        "x-ms-return-client-request-id": "true"
      },
      "RequestBody": null,
      "StatusCode": 200,
      "ResponseHeaders": {
        "apim-request-id": "9ff46a68-26fe-4f79-9157-d3f8f771a1d6",
        "Connection": "keep-alive",
        "Content-Length": "925",
        "Content-Type": "application/json",
        "Date": "Wed, 23 Apr 2025 18:46:28 GMT",
        "openai-organization": "20ba836fffc34ede8203166d666c74ef",
        "openai-processing-ms": "53",
        "openai-version": "2020-10-01",
        "Request-Context": "appId=cid-v1:2d2e8e63-272e-4b3c-8598-4ee570a0e70d",
        "Strict-Transport-Security": "max-age=31536000; includeSubDomains; preload",
        "Vary": "Accept-Encoding",
        "x-aml-cluster": "vienna-westus-02",
        "X-Content-Type-Options": "nosniff",
        "x-ms-middleware-request-id": "81760a09-8933-4ff2-9f48-fa739ad25dc6",
        "x-ms-region": "West US",
        "x-ms-response-type": "standard",
        "X-Request-ID": "6da5cf7ee89668a7f3a132a79478b302",
        "x-request-time": "0.494"
      },
      "ResponseBody": {
        "id": "run_dmOzYKk9ciSnGaCRCvLeQGSn",
        "object": "thread.run",
        "created_at": 1745433987,
        "assistant_id": "asst_wIptWN0EpVh0Jqtri9fYrSAl",
        "thread_id": "thread_noF7kHxwjWkCS1Y4WTOvrR54",
        "status": "in_progress",
        "started_at": 1745433987,
        "expires_at": 1745434587,
        "cancelled_at": null,
        "failed_at": null,
        "completed_at": null,
        "required_action": null,
        "last_error": null,
        "model": "gpt-4",
        "instructions": "You are a helpful agent that can help fetch data from files you know about.",
        "tools": [
          {
            "type": "file_search"
          }
        ],
        "tool_resources": {},
        "metadata": {},
        "temperature": 1.0,
        "top_p": 1.0,
        "max_completion_tokens": null,
        "max_prompt_tokens": null,
        "truncation_strategy": {
          "type": "auto",
          "last_messages": null
        },
        "incomplete_details": null,
        "usage": null,
        "response_format": "auto",
        "tool_choice": "auto",
        "parallel_tool_calls": true
      }
    },
    {
      "RequestUri": "https://westus.api.azureml.ms/agents/v1.0/subscriptions/b17253fa-f327-42d6-9686-f3e553e24763/resourceGroups/nirovins-rg-eastus/providers/Microsoft.MachineLearningServices/workspaces/nirovins-westus/threads/thread_noF7kHxwjWkCS1Y4WTOvrR54/runs/run_dmOzYKk9ciSnGaCRCvLeQGSn?api-version=2025-05-15-preview",
      "RequestMethod": "GET",
      "RequestHeaders": {
        "Accept": "application/json",
        "Authorization": "Sanitized",
        "User-Agent": "azsdk-net-AI.Agents.Persistent/1.0.0-alpha.20250423.1 (.NET 8.0.15; Microsoft Windows 10.0.26100)",
        "x-ms-client-request-id": "Sanitized",
        "x-ms-return-client-request-id": "true"
      },
      "RequestBody": null,
      "StatusCode": 200,
      "ResponseHeaders": {
        "apim-request-id": "0e1157dd-1196-4c54-8ffb-6b74c9c3a95a",
        "Connection": "keep-alive",
        "Content-Length": "925",
        "Content-Type": "application/json",
        "Date": "Wed, 23 Apr 2025 18:46:29 GMT",
        "openai-organization": "20ba836fffc34ede8203166d666c74ef",
        "openai-processing-ms": "39",
        "openai-version": "2020-10-01",
        "Request-Context": "appId=cid-v1:2d2e8e63-272e-4b3c-8598-4ee570a0e70d",
        "Strict-Transport-Security": "max-age=31536000; includeSubDomains; preload",
        "Vary": "Accept-Encoding",
        "x-aml-cluster": "vienna-westus-02",
        "X-Content-Type-Options": "nosniff",
        "x-ms-middleware-request-id": "883cad2e-9ab5-4e4c-9e5a-abd0841f1d5e",
        "x-ms-region": "West US",
        "x-ms-response-type": "standard",
        "X-Request-ID": "f320355e3d14a77f19c61f8f0e7d8aad",
        "x-request-time": "0.414"
      },
      "ResponseBody": {
        "id": "run_dmOzYKk9ciSnGaCRCvLeQGSn",
        "object": "thread.run",
        "created_at": 1745433987,
        "assistant_id": "asst_wIptWN0EpVh0Jqtri9fYrSAl",
        "thread_id": "thread_noF7kHxwjWkCS1Y4WTOvrR54",
        "status": "in_progress",
        "started_at": 1745433987,
        "expires_at": 1745434587,
        "cancelled_at": null,
        "failed_at": null,
        "completed_at": null,
        "required_action": null,
        "last_error": null,
        "model": "gpt-4",
        "instructions": "You are a helpful agent that can help fetch data from files you know about.",
        "tools": [
          {
            "type": "file_search"
          }
        ],
        "tool_resources": {},
        "metadata": {},
        "temperature": 1.0,
        "top_p": 1.0,
        "max_completion_tokens": null,
        "max_prompt_tokens": null,
        "truncation_strategy": {
          "type": "auto",
          "last_messages": null
        },
        "incomplete_details": null,
        "usage": null,
        "response_format": "auto",
        "tool_choice": "auto",
        "parallel_tool_calls": true
      }
    },
    {
      "RequestUri": "https://westus.api.azureml.ms/agents/v1.0/subscriptions/b17253fa-f327-42d6-9686-f3e553e24763/resourceGroups/nirovins-rg-eastus/providers/Microsoft.MachineLearningServices/workspaces/nirovins-westus/threads/thread_noF7kHxwjWkCS1Y4WTOvrR54/runs/run_dmOzYKk9ciSnGaCRCvLeQGSn?api-version=2025-05-15-preview",
      "RequestMethod": "GET",
      "RequestHeaders": {
        "Accept": "application/json",
        "Authorization": "Sanitized",
        "User-Agent": "azsdk-net-AI.Agents.Persistent/1.0.0-alpha.20250423.1 (.NET 8.0.15; Microsoft Windows 10.0.26100)",
        "x-ms-client-request-id": "Sanitized",
        "x-ms-return-client-request-id": "true"
      },
      "RequestBody": null,
      "StatusCode": 200,
      "ResponseHeaders": {
        "apim-request-id": "f842b705-5627-486c-807c-69d7aea4966b",
        "Connection": "keep-alive",
        "Content-Length": "1067",
        "Content-Type": "application/json",
        "Date": "Wed, 23 Apr 2025 18:46:30 GMT",
        "openai-organization": "20ba836fffc34ede8203166d666c74ef",
        "openai-processing-ms": "50",
        "openai-version": "2020-10-01",
        "Request-Context": "appId=cid-v1:2d2e8e63-272e-4b3c-8598-4ee570a0e70d",
        "Strict-Transport-Security": "max-age=31536000; includeSubDomains; preload",
        "Vary": "Accept-Encoding",
        "x-aml-cluster": "vienna-westus-02",
        "X-Content-Type-Options": "nosniff",
        "x-ms-middleware-request-id": "15025c88-8e97-4424-8b53-5a15adc5fc13",
        "x-ms-region": "West US",
        "x-ms-response-type": "standard",
        "X-Request-ID": "22c95f2f16c41ede3061d1bc9057e092",
        "x-request-time": "0.381"
      },
      "ResponseBody": {
        "id": "run_dmOzYKk9ciSnGaCRCvLeQGSn",
        "object": "thread.run",
        "created_at": 1745433987,
        "assistant_id": "asst_wIptWN0EpVh0Jqtri9fYrSAl",
        "thread_id": "thread_noF7kHxwjWkCS1Y4WTOvrR54",
        "status": "completed",
        "started_at": 1745433987,
        "expires_at": null,
        "cancelled_at": null,
        "failed_at": null,
        "completed_at": 1745433989,
        "required_action": null,
        "last_error": null,
        "model": "gpt-4",
        "instructions": "You are a helpful agent that can help fetch data from files you know about.",
        "tools": [
          {
            "type": "file_search"
          }
        ],
        "tool_resources": {},
        "metadata": {},
        "temperature": 1.0,
        "top_p": 1.0,
        "max_completion_tokens": null,
        "max_prompt_tokens": null,
        "truncation_strategy": {
          "type": "auto",
          "last_messages": null
        },
        "incomplete_details": null,
        "usage": {
          "prompt_tokens": 1341,
          "completion_tokens": 59,
          "total_tokens": 1400,
          "prompt_token_details": {
            "cached_tokens": 0
          }
        },
        "response_format": "auto",
        "tool_choice": "auto",
        "parallel_tool_calls": true
      }
    },
    {
      "RequestUri": "https://westus.api.azureml.ms/agents/v1.0/subscriptions/b17253fa-f327-42d6-9686-f3e553e24763/resourceGroups/nirovins-rg-eastus/providers/Microsoft.MachineLearningServices/workspaces/nirovins-westus/threads/thread_noF7kHxwjWkCS1Y4WTOvrR54/messages?api-version=2025-05-15-preview&run_id=run_dmOzYKk9ciSnGaCRCvLeQGSn",
      "RequestMethod": "GET",
      "RequestHeaders": {
        "Accept": "application/json",
        "Authorization": "Sanitized",
        "User-Agent": "azsdk-net-AI.Agents.Persistent/1.0.0-alpha.20250423.1 (.NET 8.0.15; Microsoft Windows 10.0.26100)",
        "x-ms-client-request-id": "Sanitized",
        "x-ms-return-client-request-id": "true"
      },
      "RequestBody": null,
      "StatusCode": 200,
      "ResponseHeaders": {
        "apim-request-id": "f59d5945-402d-4ba5-bfee-6ba7d0bcb38c",
        "Connection": "keep-alive",
        "Content-Length": "913",
        "Content-Type": "application/json",
        "Date": "Wed, 23 Apr 2025 18:46:31 GMT",
        "openai-organization": "20ba836fffc34ede8203166d666c74ef",
        "openai-processing-ms": "80",
        "openai-version": "2020-10-01",
        "Request-Context": "appId=cid-v1:2d2e8e63-272e-4b3c-8598-4ee570a0e70d",
        "Strict-Transport-Security": "max-age=31536000; includeSubDomains; preload",
        "Vary": "Accept-Encoding",
        "x-aml-cluster": "vienna-westus-02",
        "X-Content-Type-Options": "nosniff",
        "x-ms-middleware-request-id": "bcf8fa47-1297-462b-ad67-4bea265a7751",
        "x-ms-region": "West US",
        "x-ms-response-type": "standard",
        "X-Request-ID": "0c6a2c96498895b87dabb139a8ed43fd",
        "x-request-time": "0.440"
      },
      "ResponseBody": {
        "object": "list",
        "data": [
          {
            "id": "msg_k9Z2JJItXPfLd5aYz5pbC4CS",
            "object": "thread.message",
            "created_at": 1745433988,
            "assistant_id": "asst_wIptWN0EpVh0Jqtri9fYrSAl",
            "thread_id": "thread_noF7kHxwjWkCS1Y4WTOvrR54",
            "run_id": "run_dmOzYKk9ciSnGaCRCvLeQGSn",
            "role": "assistant",
            "content": [
              {
                "type": "text",
                "text": {
                  "value": "It seems there was an issue fetching the content from the attachment. Can you please clarify what specific information or topic you are looking for in the attachment? This will help me refine the search and provide you with the information you need.",
                  "annotations": []
                }
              }
            ],
            "attachments": [],
            "metadata": {}
          }
        ],
        "first_id": "msg_k9Z2JJItXPfLd5aYz5pbC4CS",
        "last_id": "msg_k9Z2JJItXPfLd5aYz5pbC4CS",
        "has_more": false
      }
    },
    {
      "RequestUri": "https://westus.api.azureml.ms/agents/v1.0/subscriptions/b17253fa-f327-42d6-9686-f3e553e24763/resourceGroups/nirovins-rg-eastus/providers/Microsoft.MachineLearningServices/workspaces/nirovins-westus/vector_stores/vs_lMaAiIz5fcP3UtPdD2YmqBw9?api-version=2025-05-15-preview",
      "RequestMethod": "GET",
      "RequestHeaders": {
        "Accept": "application/json",
        "Authorization": "Sanitized",
        "User-Agent": "azsdk-net-AI.Agents.Persistent/1.0.0-alpha.20250423.1 (.NET 8.0.15; Microsoft Windows 10.0.26100)",
        "x-ms-client-request-id": "Sanitized",
        "x-ms-return-client-request-id": "true"
      },
      "RequestBody": null,
      "StatusCode": 200,
      "ResponseHeaders": {
        "apim-request-id": "77b5fddb-8cf2-43b2-aeb7-90d1f4118076",
        "Connection": "keep-alive",
        "Content-Length": "396",
        "Content-Type": "application/json",
        "Date": "Wed, 23 Apr 2025 18:46:31 GMT",
        "openai-organization": "20ba836fffc34ede8203166d666c74ef",
        "openai-processing-ms": "100",
        "openai-version": "2020-10-01",
        "Request-Context": "appId=cid-v1:2d2e8e63-272e-4b3c-8598-4ee570a0e70d",
        "Strict-Transport-Security": "max-age=31536000; includeSubDomains; preload",
        "Vary": "Accept-Encoding",
        "x-aml-cluster": "vienna-westus-02",
        "X-Content-Type-Options": "nosniff",
        "x-ms-middleware-request-id": "0cc23e06-7652-42e0-915f-f0fd6a932c37",
        "x-ms-region": "West US",
        "x-ms-response-type": "standard",
        "X-Request-ID": "47cb578bc0440a9eddec7b3c8f9514e6",
        "x-request-time": "0.483"
      },
      "ResponseBody": {
        "id": "vs_lMaAiIz5fcP3UtPdD2YmqBw9",
        "object": "vector_store",
        "name": "cs_e2e_tests_vct_store",
        "status": "completed",
        "usage_bytes": 2237,
        "created_at": 1745433976,
        "file_counts": {
          "in_progress": 0,
          "completed": 1,
          "failed": 0,
          "cancelled": 0,
          "total": 1
        },
        "metadata": {},
        "expires_after": null,
        "expires_at": null,
        "last_active_at": 1745433987
      }
    },
    {
      "RequestUri": "https://westus.api.azureml.ms/agents/v1.0/subscriptions/b17253fa-f327-42d6-9686-f3e553e24763/resourceGroups/nirovins-rg-eastus/providers/Microsoft.MachineLearningServices/workspaces/nirovins-westus/vector_stores?api-version=2025-05-15-preview&limit=100",
      "RequestMethod": "GET",
      "RequestHeaders": {
        "Accept": "application/json",
        "Authorization": "Sanitized",
        "User-Agent": "azsdk-net-AI.Agents.Persistent/1.0.0-alpha.20250423.1 (.NET 8.0.15; Microsoft Windows 10.0.26100)",
        "x-ms-client-request-id": "Sanitized",
        "x-ms-return-client-request-id": "true"
      },
      "RequestBody": null,
      "StatusCode": 200,
      "ResponseHeaders": {
        "apim-request-id": "c5b886ae-542c-464c-833b-1b06865a9431",
        "Connection": "keep-alive",
        "Content-Length": "4814",
        "Content-Type": "application/json",
        "Date": "Wed, 23 Apr 2025 18:46:32 GMT",
        "openai-organization": "20ba836fffc34ede8203166d666c74ef",
        "openai-processing-ms": "123",
        "openai-version": "2020-10-01",
        "Request-Context": "appId=cid-v1:2d2e8e63-272e-4b3c-8598-4ee570a0e70d",
        "Strict-Transport-Security": "max-age=31536000; includeSubDomains; preload",
        "Vary": "Accept-Encoding",
        "x-aml-cluster": "vienna-westus-02",
        "X-Content-Type-Options": "nosniff",
        "x-ms-middleware-request-id": "42acd6d3-5c18-4fd5-897b-2ea71ada1506",
        "x-ms-region": "West US",
        "x-ms-response-type": "standard",
        "X-Request-ID": "c293469e5f30b1546c364776101011e1",
        "x-request-time": "0.475"
      },
      "ResponseBody": {
        "object": "list",
        "data": [
          {
            "id": "vs_lMaAiIz5fcP3UtPdD2YmqBw9",
            "object": "vector_store",
            "name": "cs_e2e_tests_vct_store",
            "status": "completed",
            "usage_bytes": 2237,
            "created_at": 1745433976,
            "file_counts": {
              "in_progress": 0,
              "completed": 1,
              "failed": 0,
              "cancelled": 0,
              "total": 1
            },
            "metadata": {},
            "expires_after": null,
            "expires_at": null,
            "last_active_at": 1745433987
          },
          {
            "id": "vs_350izrLlTqeanjA5Jn1CJAEF",
            "object": "vector_store",
            "name": "test_vector_store",
            "status": "completed",
            "usage_bytes": 0,
            "created_at": 1745383229,
            "file_counts": {
              "in_progress": 0,
              "completed": 0,
              "failed": 0,
              "cancelled": 0,
              "total": 0
            },
            "metadata": {
              "key1": "value1",
              "key2": "value2"
            },
            "expires_after": null,
            "expires_at": null,
            "last_active_at": 1745383229
          },
          {
            "id": "vs_rB1VONIzdsMR5bHg9YtNQvVo",
            "object": "vector_store",
            "name": "test_vector_store",
            "status": "completed",
            "usage_bytes": 0,
            "created_at": 1745383226,
            "file_counts": {
              "in_progress": 0,
              "completed": 0,
              "failed": 0,
              "cancelled": 0,
              "total": 0
            },
            "metadata": {
              "key1": "value1",
              "key2": "value2"
            },
            "expires_after": null,
            "expires_at": null,
            "last_active_at": 1745383226
          },
          {
            "id": "vs_lf2xsHUo6FSCoADqqc0FNu6p",
            "object": "vector_store",
            "name": "test_vector_store",
            "status": "completed",
            "usage_bytes": 0,
            "created_at": 1744951372,
            "file_counts": {
              "in_progress": 0,
              "completed": 0,
              "failed": 0,
              "cancelled": 0,
              "total": 0
            },
            "metadata": {
              "key1": "value1",
              "key2": "value2"
            },
            "expires_after": null,
            "expires_at": null,
            "last_active_at": 1744951372
          },
          {
            "id": "vs_5ZR0BQHvdyxBylVhhgPmb7ky",
            "object": "vector_store",
            "name": "test_vector_store",
            "status": "completed",
            "usage_bytes": 0,
            "created_at": 1744951370,
            "file_counts": {
              "in_progress": 0,
              "completed": 0,
              "failed": 0,
              "cancelled": 0,
              "total": 0
            },
            "metadata": {
              "key1": "value1",
              "key2": "value2"
            },
            "expires_after": null,
            "expires_at": null,
            "last_active_at": 1744951370
          },
          {
            "id": "vs_cqypkOZnlnnB98sgiAfAPVVo",
            "object": "vector_store",
            "name": "test_vector_store",
            "status": "completed",
            "usage_bytes": 0,
            "created_at": 1739923856,
            "file_counts": {
              "in_progress": 0,
              "completed": 0,
              "failed": 0,
              "cancelled": 0,
              "total": 0
            },
            "metadata": {
              "key1": "value1",
              "key2": "value2"
            },
            "expires_after": null,
            "expires_at": null,
            "last_active_at": 1739923856
          },
          {
            "id": "vs_oG2SuHJNhv1lHYkWfBcMKXM0",
            "object": "vector_store",
            "name": "test_vector_store",
            "status": "completed",
            "usage_bytes": 0,
            "created_at": 1739923852,
            "file_counts": {
              "in_progress": 0,
              "completed": 0,
              "failed": 0,
              "cancelled": 0,
              "total": 0
            },
            "metadata": {
              "key1": "value1",
              "key2": "value2"
            },
            "expires_after": null,
            "expires_at": null,
            "last_active_at": 1739923852
          },
          {
            "id": "vs_AZFQm6ApderM5RK3quwgtzDm",
            "object": "vector_store",
            "name": "test_vector_store",
            "status": "completed",
            "usage_bytes": 0,
            "created_at": 1739923473,
            "file_counts": {
              "in_progress": 0,
              "completed": 0,
              "failed": 0,
              "cancelled": 0,
              "total": 0
            },
            "metadata": {
              "key1": "value1",
              "key2": "value2"
            },
            "expires_after": null,
            "expires_at": null,
            "last_active_at": 1739923473
          },
          {
            "id": "vs_74SugcZS0az8qMeOvbpGfCqY",
            "object": "vector_store",
            "name": "test_vector_store",
            "status": "completed",
            "usage_bytes": 0,
            "created_at": 1739923470,
            "file_counts": {
              "in_progress": 0,
              "completed": 0,
              "failed": 0,
              "cancelled": 0,
              "total": 0
            },
            "metadata": {
              "key1": "value1",
              "key2": "value2"
            },
            "expires_after": null,
            "expires_at": null,
            "last_active_at": 1739923470
          }
        ],
        "first_id": "vs_lMaAiIz5fcP3UtPdD2YmqBw9",
        "last_id": "vs_74SugcZS0az8qMeOvbpGfCqY",
        "has_more": false
      }
    },
    {
      "RequestUri": "https://westus.api.azureml.ms/agents/v1.0/subscriptions/b17253fa-f327-42d6-9686-f3e553e24763/resourceGroups/nirovins-rg-eastus/providers/Microsoft.MachineLearningServices/workspaces/nirovins-westus/vector_stores/vs_lMaAiIz5fcP3UtPdD2YmqBw9?api-version=2025-05-15-preview",
      "RequestMethod": "DELETE",
      "RequestHeaders": {
        "Accept": "application/json",
        "Authorization": "Sanitized",
        "User-Agent": "azsdk-net-AI.Agents.Persistent/1.0.0-alpha.20250423.1 (.NET 8.0.15; Microsoft Windows 10.0.26100)",
        "x-ms-client-request-id": "Sanitized",
        "x-ms-return-client-request-id": "true"
      },
      "RequestBody": null,
      "StatusCode": 200,
      "ResponseHeaders": {
        "apim-request-id": "9f2ab226-fa92-4c09-875d-2e9d834dd90a",
        "Connection": "keep-alive",
        "Content-Length": "96",
        "Content-Type": "application/json",
        "Date": "Wed, 23 Apr 2025 18:46:33 GMT",
        "openai-organization": "20ba836fffc34ede8203166d666c74ef",
        "openai-processing-ms": "676",
        "openai-version": "2020-10-01",
        "Request-Context": "appId=cid-v1:2d2e8e63-272e-4b3c-8598-4ee570a0e70d",
        "Strict-Transport-Security": "max-age=31536000; includeSubDomains; preload",
        "x-aml-cluster": "vienna-westus-02",
        "X-Content-Type-Options": "nosniff",
        "x-ms-middleware-request-id": "707b7d62-3006-4411-8d3d-79f2d4a0d88a",
        "x-ms-region": "West US",
        "x-ms-response-type": "standard",
        "X-Request-ID": "d481e654d5c5df366fb9c68fcd168b0f",
        "x-request-time": "1.011"
      },
      "ResponseBody": {
        "id": "vs_lMaAiIz5fcP3UtPdD2YmqBw9",
        "object": "vector_store.deleted",
        "deleted": true
      }
    },
    {
      "RequestUri": "https://westus.api.azureml.ms/agents/v1.0/subscriptions/b17253fa-f327-42d6-9686-f3e553e24763/resourceGroups/nirovins-rg-eastus/providers/Microsoft.MachineLearningServices/workspaces/nirovins-westus/vector_stores?api-version=2025-05-15-preview&limit=100",
      "RequestMethod": "GET",
      "RequestHeaders": {
        "Accept": "application/json",
        "Authorization": "Sanitized",
        "User-Agent": "azsdk-net-AI.Agents.Persistent/1.0.0-alpha.20250423.1 (.NET 8.0.15; Microsoft Windows 10.0.26100)",
        "x-ms-client-request-id": "Sanitized",
        "x-ms-return-client-request-id": "true"
      },
      "RequestBody": null,
      "StatusCode": 200,
      "ResponseHeaders": {
        "apim-request-id": "7c6b0e17-8fde-4da9-bc9d-7f214a4e4a5d",
        "Connection": "keep-alive",
        "Content-Length": "4340",
        "Content-Type": "application/json",
        "Date": "Wed, 23 Apr 2025 18:46:33 GMT",
        "openai-organization": "20ba836fffc34ede8203166d666c74ef",
        "openai-processing-ms": "197",
        "openai-version": "2020-10-01",
        "Request-Context": "appId=cid-v1:2d2e8e63-272e-4b3c-8598-4ee570a0e70d",
        "Strict-Transport-Security": "max-age=31536000; includeSubDomains; preload",
        "Vary": "Accept-Encoding",
        "x-aml-cluster": "vienna-westus-02",
        "X-Content-Type-Options": "nosniff",
        "x-ms-middleware-request-id": "4adfdab6-7964-437d-9a96-3edc361d4132",
        "x-ms-region": "West US",
        "x-ms-response-type": "standard",
        "X-Request-ID": "8bfdbc3816aecb03b8dbd668eb111678",
        "x-request-time": "0.554"
      },
      "ResponseBody": {
        "object": "list",
        "data": [
          {
            "id": "vs_350izrLlTqeanjA5Jn1CJAEF",
            "object": "vector_store",
            "name": "test_vector_store",
            "status": "completed",
            "usage_bytes": 0,
            "created_at": 1745383229,
            "file_counts": {
              "in_progress": 0,
              "completed": 0,
              "failed": 0,
              "cancelled": 0,
              "total": 0
            },
            "metadata": {
              "key1": "value1",
              "key2": "value2"
            },
            "expires_after": null,
            "expires_at": null,
            "last_active_at": 1745383229
          },
          {
            "id": "vs_rB1VONIzdsMR5bHg9YtNQvVo",
            "object": "vector_store",
            "name": "test_vector_store",
            "status": "completed",
            "usage_bytes": 0,
            "created_at": 1745383226,
            "file_counts": {
              "in_progress": 0,
              "completed": 0,
              "failed": 0,
              "cancelled": 0,
              "total": 0
            },
            "metadata": {
              "key1": "value1",
              "key2": "value2"
            },
            "expires_after": null,
            "expires_at": null,
            "last_active_at": 1745383226
          },
          {
            "id": "vs_lf2xsHUo6FSCoADqqc0FNu6p",
            "object": "vector_store",
            "name": "test_vector_store",
            "status": "completed",
            "usage_bytes": 0,
            "created_at": 1744951372,
            "file_counts": {
              "in_progress": 0,
              "completed": 0,
              "failed": 0,
              "cancelled": 0,
              "total": 0
            },
            "metadata": {
              "key1": "value1",
              "key2": "value2"
            },
            "expires_after": null,
            "expires_at": null,
            "last_active_at": 1744951372
          },
          {
            "id": "vs_5ZR0BQHvdyxBylVhhgPmb7ky",
            "object": "vector_store",
            "name": "test_vector_store",
            "status": "completed",
            "usage_bytes": 0,
            "created_at": 1744951370,
            "file_counts": {
              "in_progress": 0,
              "completed": 0,
              "failed": 0,
              "cancelled": 0,
              "total": 0
            },
            "metadata": {
              "key1": "value1",
              "key2": "value2"
            },
            "expires_after": null,
            "expires_at": null,
            "last_active_at": 1744951370
          },
          {
            "id": "vs_cqypkOZnlnnB98sgiAfAPVVo",
            "object": "vector_store",
            "name": "test_vector_store",
            "status": "completed",
            "usage_bytes": 0,
            "created_at": 1739923856,
            "file_counts": {
              "in_progress": 0,
              "completed": 0,
              "failed": 0,
              "cancelled": 0,
              "total": 0
            },
            "metadata": {
              "key1": "value1",
              "key2": "value2"
            },
            "expires_after": null,
            "expires_at": null,
            "last_active_at": 1739923856
          },
          {
            "id": "vs_oG2SuHJNhv1lHYkWfBcMKXM0",
            "object": "vector_store",
            "name": "test_vector_store",
            "status": "completed",
            "usage_bytes": 0,
            "created_at": 1739923852,
            "file_counts": {
              "in_progress": 0,
              "completed": 0,
              "failed": 0,
              "cancelled": 0,
              "total": 0
            },
            "metadata": {
              "key1": "value1",
              "key2": "value2"
            },
            "expires_after": null,
            "expires_at": null,
            "last_active_at": 1739923852
          },
          {
            "id": "vs_AZFQm6ApderM5RK3quwgtzDm",
            "object": "vector_store",
            "name": "test_vector_store",
            "status": "completed",
            "usage_bytes": 0,
            "created_at": 1739923473,
            "file_counts": {
              "in_progress": 0,
              "completed": 0,
              "failed": 0,
              "cancelled": 0,
              "total": 0
            },
            "metadata": {
              "key1": "value1",
              "key2": "value2"
            },
            "expires_after": null,
            "expires_at": null,
            "last_active_at": 1739923473
          },
          {
            "id": "vs_74SugcZS0az8qMeOvbpGfCqY",
            "object": "vector_store",
            "name": "test_vector_store",
            "status": "completed",
            "usage_bytes": 0,
            "created_at": 1739923470,
            "file_counts": {
              "in_progress": 0,
              "completed": 0,
              "failed": 0,
              "cancelled": 0,
              "total": 0
            },
            "metadata": {
              "key1": "value1",
              "key2": "value2"
            },
            "expires_after": null,
            "expires_at": null,
            "last_active_at": 1739923470
          }
        ],
        "first_id": "vs_350izrLlTqeanjA5Jn1CJAEF",
        "last_id": "vs_74SugcZS0az8qMeOvbpGfCqY",
        "has_more": false
      }
    }
  ],
  "Variables": {
    "AZURE_BLOB_URI": "azureml://subscriptions/b17253fa-f327-42d6-9686-f3e553e24763/resourcegroups/nirovins-rg-eastus/workspaces/nirovins-westus/datastores/workspaceblobstore/paths/LocalUpload/99ccdcf221d468b60f565d5708f6ce1d/product_info_1.md",
    "PROJECT_CONNECTION_STRING": "westus.api.azureml.ms;b17253fa-f327-42d6-9686-f3e553e24763;nirovins-rg-eastus;nirovins-westus",
    "PROJECT_ENDPOINT": "westus.api.azureml.ms;b17253fa-f327-42d6-9686-f3e553e24763;nirovins-rg-eastus;nirovins-westus",
    "RandomSeed": "492272936"
  }
}
