{
  "Entries": [
    {
      "RequestUri": "https://Sanitized.openai.azure.com/openai/responses?api-version=2025-04-01-preview",
      "RequestMethod": "POST",
      "RequestHeaders": {
        "api-key": "Sanitized",
        "Content-Length": "223",
        "Content-Type": "application/json",
        "User-Agent": "azsdk-net-AI.OpenAI/2.2.0-beta.4 (.NET 8.0.18; Microsoft Windows 10.0.26100)",
        "x-ms-client-request-id": "Sanitized"
      },
      "RequestBody": {
        "instructions": "Always begin your replies with 'Arr, matey'",
        "model": "computer-use-preview",
        "input": [
          {
            "type": "message",
            "role": "user",
            "content": [
              {
                "type": "input_text",
                "text": "Hello, model!"
              }
            ]
          }
        ],
        "truncation": "auto"
      },
      "StatusCode": 200,
      "ResponseHeaders": {
        "apim-request-id": "e5c41246-504d-4d09-8015-e7f1c6f388c6",
        "Content-Length": "1397",
        "Content-Type": "application/json",
        "Date": "Wed, 06 Aug 2025 00:31:56 GMT",
        "Strict-Transport-Security": "max-age=31536000; includeSubDomains; preload",
        "X-Content-Type-Options": "nosniff",
        "x-ms-client-request-id": "Sanitized",
        "x-ms-deployment-name": "computer-use-preview",
        "x-ms-middleware-request-id": "e5c41246-504d-4d09-8015-e7f1c6f388c6",
        "x-ms-region": "Sweden Central",
        "x-ratelimit-limit-requests": "1000",
        "x-ratelimit-limit-tokens": "100000",
        "x-ratelimit-remaining-requests": "996",
        "x-ratelimit-remaining-tokens": "97935",
        "X-Request-ID": "84ba3cbb-5d20-4ff7-85da-b923472b6661"
      },
      "ResponseBody": {
        "id": "resp_6892a27ccda8819095e4c5247b9285a80d2ec33d49664c4d",
        "object": "response",
        "created_at": 1754440316,
        "status": "completed",
        "background": false,
        "content_filters": null,
        "error": null,
        "incomplete_details": null,
        "instructions": "Always begin your replies with 'Arr, matey'",
        "max_output_tokens": null,
        "max_tool_calls": null,
        "model": "computer-use-preview",
        "output": [
          {
            "id": "msg_6892a27d3ea08190a9da6d75bee78d480d2ec33d49664c4d",
            "type": "message",
            "status": "completed",
            "content": [
              {
                "type": "output_text",
                "annotations": [],
                "text": "Arr, matey! What can I be doin' for ye today?"
              }
            ],
            "role": "assistant"
          }
        ],
        "parallel_tool_calls": true,
        "previous_response_id": null,
        "prompt_cache_key": null,
        "reasoning": {
          "effort": "medium",
          "summary": null
        },
        "safety_identifier": null,
        "service_tier": "default",
        "store": true,
        "temperature": 1.0,
        "text": {
          "format": {
            "type": "text"
          }
        },
        "tool_choice": "auto",
        "tools": [],
        "top_p": 1.0,
        "truncation": "auto",
        "usage": {
          "input_tokens": 25,
          "input_tokens_details": {
            "cached_tokens": 0
          },
          "output_tokens": 18,
          "output_tokens_details": {
            "reasoning_tokens": 0
          },
          "total_tokens": 43
        },
        "user": null,
        "metadata": {}
      }
    },
    {
      "RequestUri": "https://Sanitized.openai.azure.com/openai/responses/resp_6892a27ccda8819095e4c5247b9285a80d2ec33d49664c4d?api-version=2025-04-01-preview",
      "RequestMethod": "GET",
      "RequestHeaders": {
        "api-key": "Sanitized",
        "User-Agent": "azsdk-net-AI.OpenAI/2.2.0-beta.4 (.NET 8.0.18; Microsoft Windows 10.0.26100)",
        "x-ms-client-request-id": "Sanitized"
      },
      "RequestBody": null,
      "StatusCode": 200,
      "ResponseHeaders": {
        "apim-request-id": "1efbd45d-edbc-4ded-a6cf-81c3a321b31f",
        "Content-Length": "1397",
        "Content-Type": "application/json",
        "Date": "Wed, 06 Aug 2025 00:31:56 GMT",
        "openai-organization": "19023da71da947318222941a35d56355",
        "openai-processing-ms": "74",
        "openai-version": "2020-10-01",
        "Strict-Transport-Security": "max-age=31536000; includeSubDomains; preload",
        "X-Content-Type-Options": "nosniff",
        "x-ms-middleware-request-id": "5daae90c-fd44-4c1f-9fe4-6df16c17c3af",
        "x-ms-region": "Sweden Central",
        "X-Request-ID": "a672d3c8-09f0-4fc1-a10f-dbff6293b501"
      },
      "ResponseBody": {
        "id": "resp_6892a27ccda8819095e4c5247b9285a80d2ec33d49664c4d",
        "object": "response",
        "created_at": 1754440316,
        "status": "completed",
        "background": false,
        "content_filters": null,
        "error": null,
        "incomplete_details": null,
        "instructions": "Always begin your replies with 'Arr, matey'",
        "max_output_tokens": null,
        "max_tool_calls": null,
        "model": "computer-use-preview",
        "output": [
          {
            "id": "msg_6892a27d3ea08190a9da6d75bee78d480d2ec33d49664c4d",
            "type": "message",
            "status": "completed",
            "content": [
              {
                "type": "output_text",
                "annotations": [],
                "text": "Arr, matey! What can I be doin' for ye today?"
              }
            ],
            "role": "assistant"
          }
        ],
        "parallel_tool_calls": true,
        "previous_response_id": null,
        "prompt_cache_key": null,
        "reasoning": {
          "effort": "medium",
          "summary": null
        },
        "safety_identifier": null,
        "service_tier": "default",
        "store": true,
        "temperature": 1.0,
        "text": {
          "format": {
            "type": "text"
          }
        },
        "tool_choice": "auto",
        "tools": [],
        "top_p": 1.0,
        "truncation": "auto",
        "usage": {
          "input_tokens": 25,
          "input_tokens_details": {
            "cached_tokens": 0
          },
          "output_tokens": 18,
          "output_tokens_details": {
            "reasoning_tokens": 0
          },
          "total_tokens": 43
        },
        "user": null,
        "metadata": {}
      }
    },
    {
      "RequestUri": "https://Sanitized.openai.azure.com/openai/responses/resp_6892a27ccda8819095e4c5247b9285a80d2ec33d49664c4d/input_items?api-version=2025-04-01-preview",
      "RequestMethod": "GET",
      "RequestHeaders": {
        "api-key": "Sanitized",
        "User-Agent": "azsdk-net-AI.OpenAI/2.2.0-beta.4 (.NET 8.0.18; Microsoft Windows 10.0.26100)",
        "x-ms-client-request-id": "Sanitized"
      },
      "RequestBody": null,
      "StatusCode": 200,
      "ResponseHeaders": {
        "apim-request-id": "05c10482-405f-4ea9-bd29-03552de31290",
        "Content-Length": "468",
        "Content-Type": "application/json",
        "Date": "Wed, 06 Aug 2025 00:31:57 GMT",
        "openai-organization": "19023da71da947318222941a35d56355",
        "openai-processing-ms": "122",
        "openai-version": "2020-10-01",
        "Strict-Transport-Security": "max-age=31536000; includeSubDomains; preload",
        "X-Content-Type-Options": "nosniff",
        "x-ms-middleware-request-id": "9b3f9dc0-3ad3-45b0-a51f-62dc24e7e641",
        "x-ms-region": "Sweden Central",
        "X-Request-ID": "6ef37d7c-17b5-40b0-932e-b15d33a873b7"
      },
      "ResponseBody": {
        "object": "list",
        "data": [
          {
            "id": "msg_6892a27cd05c8190b953c61fcff2902a0d2ec33d49664c4d",
            "type": "message",
            "status": "completed",
            "content": [
              {
                "type": "input_text",
                "text": "Hello, model!"
              }
            ],
            "role": "user"
          }
        ],
        "first_id": "msg_6892a27cd05c8190b953c61fcff2902a0d2ec33d49664c4d",
        "has_more": false,
        "last_id": "msg_6892a27cd05c8190b953c61fcff2902a0d2ec33d49664c4d"
      }
    }
  ],
  "Variables": {
    "RandomSeed": "469546698"
  }
}
