{
  "Entries": [
    {
      "RequestUri": "https://Sanitized.openai.azure.com/openai/responses?api-version=2025-03-01-preview",
      "RequestMethod": "POST",
      "RequestHeaders": {
        "Accept": "application/json",
        "api-key": "Sanitized",
        "Content-Length": "258",
        "Content-Type": "application/json",
        "User-Agent": "azsdk-net-AI.OpenAI/2.2.0-beta.4 (.NET 8.0.14; Microsoft Windows 10.0.26100)",
        "x-ms-client-request-id": "Sanitized"
      },
      "RequestBody": {
        "model": "gpt-4o-mini",
        "input": [
          {
            "type": "message",
            "role": "developer",
            "content": [
              {
                "type": "input_text",
                "text": "Always begin your replies with 'Arr, matey'"
              }
            ]
          },
          {
            "type": "message",
            "role": "user",
            "content": [
              {
                "type": "input_text",
                "text": "Hello, model!"
              }
            ]
          }
        ]
      },
      "StatusCode": 200,
      "ResponseHeaders": {
        "apim-request-id": "7ed6250f-37cc-4e6b-9226-0b32ed68bd40",
        "Content-Length": "1155",
        "Content-Type": "application/json",
        "Date": "Mon, 31 Mar 2025 16:14:53 GMT",
        "openai-organization": "19023da71da947318222941a35d56355",
        "openai-processing-ms": "710",
        "openai-version": "2020-10-01",
        "Strict-Transport-Security": "max-age=31536000; includeSubDomains; preload",
        "X-Content-Type-Options": "nosniff",
        "x-ms-middleware-request-id": "7ed6250f-37cc-4e6b-9226-0b32ed68bd40",
        "x-ms-region": "Sweden Central",
        "X-Request-ID": "cbfeda8e-688f-4127-a049-5afb81ac4585"
      },
      "ResponseBody": {
        "id": "resp_67eabf7d7df88190b1232972cbebcde8",
        "object": "response",
        "created_at": 1743437693,
        "status": "completed",
        "error": null,
        "incomplete_details": null,
        "instructions": null,
        "max_output_tokens": null,
        "model": "gpt-4o-mini",
        "output": [
          {
            "type": "message",
            "id": "msg_67eabf7de4888190a982e179b3582aef",
            "status": "completed",
            "role": "assistant",
            "content": [
              {
                "type": "output_text",
                "text": "Arr, matey! How can I assist ye today?",
                "annotations": []
              }
            ]
          }
        ],
        "parallel_tool_calls": true,
        "previous_response_id": null,
        "reasoning": {
          "effort": null,
          "generate_summary": null
        },
        "store": true,
        "temperature": 1.0,
        "text": {
          "format": {
            "type": "text"
          }
        },
        "tool_choice": "auto",
        "tools": [],
        "top_p": 1.0,
        "truncation": "disabled",
        "usage": {
          "input_tokens": 43,
          "input_tokens_details": {
            "cached_tokens": 0
          },
          "output_tokens": 14,
          "output_tokens_details": {
            "reasoning_tokens": 0
          },
          "total_tokens": 57
        },
        "user": null,
        "metadata": {}
      }
    },
    {
      "RequestUri": "https://Sanitized.openai.azure.com/openai/responses/resp_67eabf7d7df88190b1232972cbebcde8?api-version=2025-03-01-preview",
      "RequestMethod": "GET",
      "RequestHeaders": {
        "Accept": "application/json",
        "api-key": "Sanitized",
        "User-Agent": "azsdk-net-AI.OpenAI/2.2.0-beta.4 (.NET 8.0.14; Microsoft Windows 10.0.26100)",
        "x-ms-client-request-id": "Sanitized"
      },
      "RequestBody": null,
      "StatusCode": 200,
      "ResponseHeaders": {
        "apim-request-id": "56427d06-7a76-4e8b-93cd-90cf1315e54f",
        "Content-Length": "1155",
        "Content-Type": "application/json",
        "Date": "Mon, 31 Mar 2025 16:14:53 GMT",
        "openai-organization": "19023da71da947318222941a35d56355",
        "openai-processing-ms": "67",
        "openai-version": "2020-10-01",
        "Strict-Transport-Security": "max-age=31536000; includeSubDomains; preload",
        "X-Content-Type-Options": "nosniff",
        "x-ms-middleware-request-id": "8f97e32d-bc88-4dfe-b127-d2531eb909f5",
        "x-ms-region": "Sweden Central",
        "X-Request-ID": "4adb90d8-3de9-4e8e-a72a-5646a2e85c15"
      },
      "ResponseBody": {
        "id": "resp_67eabf7d7df88190b1232972cbebcde8",
        "object": "response",
        "created_at": 1743437693,
        "status": "completed",
        "error": null,
        "incomplete_details": null,
        "instructions": null,
        "max_output_tokens": null,
        "model": "gpt-4o-mini",
        "output": [
          {
            "type": "message",
            "id": "msg_67eabf7de4888190a982e179b3582aef",
            "status": "completed",
            "role": "assistant",
            "content": [
              {
                "type": "output_text",
                "text": "Arr, matey! How can I assist ye today?",
                "annotations": []
              }
            ]
          }
        ],
        "parallel_tool_calls": true,
        "previous_response_id": null,
        "reasoning": {
          "effort": null,
          "generate_summary": null
        },
        "store": true,
        "temperature": 1.0,
        "text": {
          "format": {
            "type": "text"
          }
        },
        "tool_choice": "auto",
        "tools": [],
        "top_p": 1.0,
        "truncation": "disabled",
        "usage": {
          "input_tokens": 43,
          "input_tokens_details": {
            "cached_tokens": 0
          },
          "output_tokens": 14,
          "output_tokens_details": {
            "reasoning_tokens": 0
          },
          "total_tokens": 57
        },
        "user": null,
        "metadata": {}
      }
    },
    {
      "RequestUri": "https://Sanitized.openai.azure.com/openai/responses/resp_67eabf7d7df88190b1232972cbebcde8/input_items?api-version=2025-03-01-preview",
      "RequestMethod": "GET",
      "RequestHeaders": {
        "Accept": "application/json",
        "api-key": "Sanitized",
        "User-Agent": "azsdk-net-AI.OpenAI/2.2.0-beta.4 (.NET 8.0.14; Microsoft Windows 10.0.26100)",
        "x-ms-client-request-id": "Sanitized"
      },
      "RequestBody": null,
      "StatusCode": 200,
      "ResponseHeaders": {
        "apim-request-id": "6b84c9e0-7423-4089-9045-a6cdf2a7f215",
        "Content-Length": "709",
        "Content-Type": "application/json",
        "Date": "Mon, 31 Mar 2025 16:14:54 GMT",
        "openai-organization": "19023da71da947318222941a35d56355",
        "openai-processing-ms": "226",
        "openai-version": "2020-10-01",
        "Strict-Transport-Security": "max-age=31536000; includeSubDomains; preload",
        "X-Content-Type-Options": "nosniff",
        "x-ms-middleware-request-id": "aa5bf83b-9e50-4ff1-83fd-782b95f9f376",
        "x-ms-region": "Sweden Central",
        "X-Request-ID": "befeead5-df1a-4e5f-8010-a0df5308cef8"
      },
      "ResponseBody": {
        "object": "list",
        "data": [
          {
            "type": "message",
            "id": "msg_67eabf7d7e7c8190b3b9290f1e076d07",
            "status": "completed",
            "role": "user",
            "content": [
              {
                "type": "input_text",
                "text": "Hello, model!"
              }
            ]
          },
          {
            "type": "message",
            "id": "msg_67eabf7d7e7081908d5e2b362a608788",
            "status": "completed",
            "role": "developer",
            "content": [
              {
                "type": "input_text",
                "text": "Always begin your replies with 'Arr, matey'"
              }
            ]
          }
        ],
        "first_id": "msg_67eabf7d7e7c8190b3b9290f1e076d07",
        "last_id": "msg_67eabf7d7e7081908d5e2b362a608788",
        "has_more": false
      }
    }
  ],
  "Variables": {
    "RandomSeed": "301528992"
  }
}
