{
  "Entries": [
    {
      "RequestUri": "https://fakeHost.api.wus2.digitaltwins.azure.net/models/dtmi%3Aexample%3Awifi%3B120621534?includeModelDefinition=true&api-version=2023-10-31",
      "RequestMethod": "GET",
      "RequestHeaders": {
        "Accept": "application/json",
        "Authorization": "Sanitized",
        "traceparent": "00-628a27cd1b0a0270350b558436965e24-a0e1790ac0f1096c-00",
        "User-Agent": "azsdk-net-DigitalTwins.Core/1.6.0-alpha.20250502.1 (.NET 9.0.4; Microsoft Windows 10.0.26100)",
        "x-ms-client-request-id": "Sanitized",
        "x-ms-return-client-request-id": "true"
      },
      "RequestBody": null,
      "StatusCode": 404,
      "ResponseHeaders": {
        "Content-Length": "212",
        "Content-Type": "application/json; charset=utf-8",
        "Date": "Fri, 02 May 2025 21:02:53 GMT",
        "mise-correlation-id": "3033f750-10c2-4462-8da1-0abd79011856",
        "Strict-Transport-Security": "max-age=2592000",
        "traceresponse": "00-628a27cd1b0a0270350b558436965e24-e4f08cac96795da8-01",
        "x-ms-error-code": "ModelNotFound"
      },
      "ResponseBody": {
        "error": {
          "code": "ModelNotFound",
          "message": "There is no Model(s) available that matches the provided id(s) dtmi:example:wifi;120621534. Check that the Model ID provided is valid by doing a Model_List API call."
        }
      }
    },
    {
      "RequestUri": "https://fakeHost.api.wus2.digitaltwins.azure.net/models/dtmi%3Aexample%3Awifiroom%3B12114?includeModelDefinition=true&api-version=2023-10-31",
      "RequestMethod": "GET",
      "RequestHeaders": {
        "Accept": "application/json",
        "Authorization": "Sanitized",
        "traceparent": "00-4185db96ad478a89b4b1d069379ea05f-df6fa591799be632-00",
        "User-Agent": "azsdk-net-DigitalTwins.Core/1.6.0-alpha.20250502.1 (.NET 9.0.4; Microsoft Windows 10.0.26100)",
        "x-ms-client-request-id": "Sanitized",
        "x-ms-return-client-request-id": "true"
      },
      "RequestBody": null,
      "StatusCode": 404,
      "ResponseHeaders": {
        "Content-Length": "212",
        "Content-Type": "application/json; charset=utf-8",
        "Date": "Fri, 02 May 2025 21:02:53 GMT",
        "mise-correlation-id": "ccbd22b0-3d2f-4a51-bfda-45f1e2c23c29",
        "Strict-Transport-Security": "max-age=2592000",
        "traceresponse": "00-4185db96ad478a89b4b1d069379ea05f-08d6b98ef12ba4f1-01",
        "x-ms-error-code": "ModelNotFound"
      },
      "ResponseBody": {
        "error": {
          "code": "ModelNotFound",
          "message": "There is no Model(s) available that matches the provided id(s) dtmi:example:wifiroom;12114. Check that the Model ID provided is valid by doing a Model_List API call."
        }
      }
    },
    {
      "RequestUri": "https://fakeHost.api.wus2.digitaltwins.azure.net/digitaltwins/roomWithWifiTwin2142885257?api-version=2023-10-31",
      "RequestMethod": "GET",
      "RequestHeaders": {
        "Accept": "application/json",
        "Authorization": "Sanitized",
        "traceparent": "00-8427e5f11177f1db6d132823fcf654c8-cfe041214ae159c2-00",
        "User-Agent": "azsdk-net-DigitalTwins.Core/1.6.0-alpha.20250502.1 (.NET 9.0.4; Microsoft Windows 10.0.26100)",
        "x-ms-client-request-id": "Sanitized",
        "x-ms-return-client-request-id": "true"
      },
      "RequestBody": null,
      "StatusCode": 404,
      "ResponseHeaders": {
        "Content-Length": "280",
        "Content-Type": "application/json; charset=utf-8",
        "Date": "Fri, 02 May 2025 21:02:53 GMT",
        "mise-correlation-id": "4fdc97de-851e-4cce-9096-a2720f15b35a",
        "Strict-Transport-Security": "max-age=2592000",
        "traceresponse": "00-8427e5f11177f1db6d132823fcf654c8-5a79cca85c04c618-01",
        "x-ms-error-code": "DigitalTwinNotFound"
      },
      "ResponseBody": {
        "error": {
          "code": "DigitalTwinNotFound",
          "message": "There is no digital twin instance that exists with the ID roomWithWifiTwin2142885257. Please verify that the twin id is valid and ensure that the twin is not deleted. See section on querying the twins https://aka.ms/adtv2query."
        }
      }
    },
    {
      "RequestUri": "https://fakeHost.api.wus2.digitaltwins.azure.net/eventroutes/someEventRouteId-1715594014?api-version=2023-10-31",
      "RequestMethod": "PUT",
      "RequestHeaders": {
        "Accept": "application/json",
        "Authorization": "Sanitized",
        "Content-Length": "150",
        "Content-Type": "application/json",
        "traceparent": "00-ea2a55a9c725505151c82b352302cca8-409b081670c52d57-00",
        "User-Agent": "azsdk-net-DigitalTwins.Core/1.6.0-alpha.20250502.1 (.NET 9.0.4; Microsoft Windows 10.0.26100)",
        "x-ms-client-request-id": "Sanitized",
        "x-ms-return-client-request-id": "true"
      },
      "RequestBody": {
        "endpointName": "someEventHubEndpoint",
        "filter": "type = 'Microsoft.DigitalTwins.Twin.Create' OR type = 'microsoft.iot.telemetry'"
      },
      "StatusCode": 204,
      "ResponseHeaders": {
        "Content-Length": "0",
        "Date": "Fri, 02 May 2025 21:02:53 GMT",
        "mise-correlation-id": "2e6db1d2-63f0-46aa-a6aa-54325ce7a4c9",
        "Strict-Transport-Security": "max-age=2592000",
        "traceresponse": "00-ea2a55a9c725505151c82b352302cca8-5fbbe262c2fc696f-01"
      },
      "ResponseBody": null
    },
    {
      "RequestUri": "https://fakeHost.api.wus2.digitaltwins.azure.net/models?api-version=2023-10-31",
      "RequestMethod": "POST",
      "RequestHeaders": {
        "Accept": "application/json",
        "Authorization": "Sanitized",
        "Content-Length": "1139",
        "Content-Type": "application/json",
        "traceparent": "00-98de0c2e0f7a31dd0d21a0e62bf6d049-282ce493a3e3651e-00",
        "User-Agent": "azsdk-net-DigitalTwins.Core/1.6.0-alpha.20250502.1 (.NET 9.0.4; Microsoft Windows 10.0.26100)",
        "x-ms-client-request-id": "Sanitized",
        "x-ms-return-client-request-id": "true"
      },
      "RequestBody": "[{    \"@id\": \"dtmi:example:wifiroom;12114\",    \"@type\": \"Interface\",    \"displayName\": \"RoomWithWifi\",    \"contents\": [        {            \"@type\": \"Property\",            \"name\": \"Temperature\",            \"schema\": \"double\"        },        {            \"@type\": \"Property\",            \"name\": \"Humidity\",            \"schema\": \"double\"        },        {            \"@type\": \"Property\",            \"name\": \"IsOccupied\",            \"schema\": \"boolean\"        },        {            \"@type\": \"Property\",            \"name\": \"EmployeeId\",            \"schema\": \"string\"        },        {            \"@type\": \"Component\",            \"name\": \"wifiAccessPoint\",            \"schema\": \"dtmi:example:wifi;120621534\"        }    ],    \"@context\": \"dtmi:dtdl:context;2\"},{    \"@id\": \"dtmi:example:wifi;120621534\",    \"@type\": \"Interface\",    \"@context\": \"dtmi:dtdl:context;2\",    \"displayName\": \"Wifi\",    \"contents\": [        {            \"@type\": \"Property\",            \"name\": \"RouterName\",            \"schema\": \"string\"        },        {            \"@type\": \"Property\",            \"name\": \"Network\",            \"schema\": \"string\"        }    ]}]",
      "StatusCode": 201,
      "ResponseHeaders": {
        "Content-Length": "317",
        "Content-Type": "application/json; charset=utf-8",
        "Date": "Fri, 02 May 2025 21:02:53 GMT",
        "mise-correlation-id": "b014ee1f-f18c-48a0-980f-6b7727464ff4",
        "Strict-Transport-Security": "max-age=2592000",
        "traceresponse": "00-98de0c2e0f7a31dd0d21a0e62bf6d049-e4bab497384f2815-01"
      },
      "ResponseBody": "[{\"id\":\"dtmi:example:wifiroom;12114\",\"description\":{},\"displayName\":{\"en\":\"RoomWithWifi\"},\"decommissioned\":false,\"uploadTime\":\"2025-05-02T21:02:54.4449304+00:00\"},{\"id\":\"dtmi:example:wifi;120621534\",\"description\":{},\"displayName\":{\"en\":\"Wifi\"},\"decommissioned\":false,\"uploadTime\":\"2025-05-02T21:02:54.4449547+00:00\"}]"
    },
    {
      "RequestUri": "https://fakeHost.api.wus2.digitaltwins.azure.net/models?includeModelDefinition=false&api-version=2023-10-31",
      "RequestMethod": "GET",
      "RequestHeaders": {
        "Accept": "application/json",
        "Authorization": "Sanitized",
        "traceparent": "00-c4f484f8ac7f5abde19559ce22f6eade-c4f7b9fb92029bd2-00",
        "User-Agent": "azsdk-net-DigitalTwins.Core/1.6.0-alpha.20250502.1 (.NET 9.0.4; Microsoft Windows 10.0.26100)",
        "x-ms-client-request-id": "Sanitized",
        "x-ms-return-client-request-id": "true"
      },
      "RequestBody": null,
      "StatusCode": 200,
      "ResponseHeaders": {
        "Content-Length": "5208",
        "Content-Type": "application/json; charset=utf-8",
        "Date": "Fri, 02 May 2025 21:02:53 GMT",
        "mise-correlation-id": "25ea5a4f-2036-445e-be6b-49f66d9b35fe",
        "Strict-Transport-Security": "max-age=2592000",
        "traceresponse": "00-c4f484f8ac7f5abde19559ce22f6eade-9764d5941360a524-01"
      },
      "ResponseBody": {
        "value": [
          {
            "id": "dtmi:example:room;112647179",
            "description": {
              "en": "An enclosure inside a building."
            },
            "displayName": {
              "en": "Room"
            },
            "decommissioned": false,
            "uploadTime": "2025-05-02T20:59:23.2369336+00:00"
          },
          {
            "id": "dtmi:example:room;114878339",
            "description": {
              "en": "An enclosure inside a building."
            },
            "displayName": {
              "en": "Room"
            },
            "decommissioned": false,
            "uploadTime": "2025-05-02T20:59:23.2911565+00:00"
          },
          {
            "id": "dtmi:example:Ward;155584273",
            "description": {
              "en": "A separate partition in a building, made of rooms and hallways."
            },
            "displayName": {
              "en": "Ward"
            },
            "decommissioned": false,
            "uploadTime": "2025-05-02T21:00:37.8146178+00:00"
          },
          {
            "id": "dtmi:example:Ward;157634182",
            "description": {
              "en": "A separate partition in a building, made of rooms and hallways."
            },
            "displayName": {
              "en": "Ward"
            },
            "decommissioned": false,
            "uploadTime": "2025-05-02T21:00:58.7844046+00:00"
          },
          {
            "id": "dtmi:com:microsoft:azure:iot:model0;1",
            "description": {
              "en": "This is the description of model"
            },
            "displayName": {
              "en": "This is the display name"
            },
            "decommissioned": false,
            "uploadTime": "2025-05-02T21:01:20.3526022+00:00"
          },
          {
            "id": "dtmi:com:microsoft:azure:iot:model1;1",
            "description": {
              "en": "This is the description of model"
            },
            "displayName": {
              "en": "This is the display name"
            },
            "decommissioned": false,
            "uploadTime": "2025-05-02T21:01:20.3526442+00:00"
          },
          {
            "id": "dtmi:com:microsoft:azure:iot:model2;1",
            "description": {
              "en": "This is the description of model"
            },
            "displayName": {
              "en": "This is the display name"
            },
            "decommissioned": false,
            "uploadTime": "2025-05-02T21:01:20.3526694+00:00"
          },
          {
            "id": "dtmi:com:microsoft:azure:iot:model3;1",
            "description": {
              "en": "This is the description of model"
            },
            "displayName": {
              "en": "This is the display name"
            },
            "decommissioned": false,
            "uploadTime": "2025-05-02T21:01:20.3526958+00:00"
          },
          {
            "id": "dtmi:com:microsoft:azure:iot:model4;1",
            "description": {
              "en": "This is the description of model"
            },
            "displayName": {
              "en": "This is the display name"
            },
            "decommissioned": false,
            "uploadTime": "2025-05-02T21:01:20.3527212+00:00"
          },
          {
            "id": "dtmi:com:microsoft:azure:iot:model5;1",
            "description": {
              "en": "This is the description of model"
            },
            "displayName": {
              "en": "This is the display name"
            },
            "decommissioned": false,
            "uploadTime": "2025-05-02T21:01:20.3527494+00:00"
          },
          {
            "id": "dtmi:com:microsoft:azure:iot:model6;1",
            "description": {
              "en": "This is the description of model"
            },
            "displayName": {
              "en": "This is the display name"
            },
            "decommissioned": false,
            "uploadTime": "2025-05-02T21:01:20.3527732+00:00"
          },
          {
            "id": "dtmi:com:microsoft:azure:iot:model7;1",
            "description": {
              "en": "This is the description of model"
            },
            "displayName": {
              "en": "This is the display name"
            },
            "decommissioned": false,
            "uploadTime": "2025-05-02T21:01:20.3527974+00:00"
          },
          {
            "id": "dtmi:com:microsoft:azure:iot:model8;1",
            "description": {
              "en": "This is the description of model"
            },
            "displayName": {
              "en": "This is the display name"
            },
            "decommissioned": false,
            "uploadTime": "2025-05-02T21:01:20.3528231+00:00"
          },
          {
            "id": "dtmi:com:microsoft:azure:iot:model9;1",
            "description": {
              "en": "This is the description of model"
            },
            "displayName": {
              "en": "This is the display name"
            },
            "decommissioned": false,
            "uploadTime": "2025-05-02T21:01:20.3528471+00:00"
          },
          {
            "id": "dtmi:example:Ward;117518638",
            "description": {
              "en": "A separate partition in a building, made of rooms and hallways."
            },
            "displayName": {
              "en": "Ward"
            },
            "decommissioned": false,
            "uploadTime": "2025-05-02T21:02:21.2729452+00:00"
          },
          {
            "id": "dtmi:example:Ward;116762880",
            "description": {
              "en": "A separate partition in a building, made of rooms and hallways."
            },
            "displayName": {
              "en": "Ward"
            },
            "decommissioned": false,
            "uploadTime": "2025-05-02T21:02:23.7849462+00:00"
          },
          {
            "id": "dtmi:example:floor;11232763",
            "description": {
              "en": "A building story."
            },
            "displayName": {
              "en": "Floor"
            },
            "decommissioned": false,
            "uploadTime": "2025-05-02T21:02:38.4620869+00:00"
          },
          {
            "id": "dtmi:example:room;187407829",
            "description": {
              "en": "An enclosure inside a building."
            },
            "displayName": {
              "en": "Room"
            },
            "decommissioned": false,
            "uploadTime": "2025-05-02T21:02:38.4621143+00:00"
          },
          {
            "id": "dtmi:example:hvac;112889226",
            "description": {
              "en": "A heating, ventilation, and air conditioning unit."
            },
            "displayName": {
              "en": "HVAC"
            },
            "decommissioned": false,
            "uploadTime": "2025-05-02T21:02:38.4621295+00:00"
          },
          {
            "id": "dtmi:example:floor;15615085",
            "description": {
              "en": "A building story."
            },
            "displayName": {
              "en": "Floor"
            },
            "decommissioned": false,
            "uploadTime": "2025-05-02T21:02:39.342802+00:00"
          },
          {
            "id": "dtmi:example:room;122660798",
            "description": {
              "en": "An enclosure inside a building."
            },
            "displayName": {
              "en": "Room"
            },
            "decommissioned": false,
            "uploadTime": "2025-05-02T21:02:39.3428381+00:00"
          },
          {
            "id": "dtmi:example:hvac;110151369",
            "description": {
              "en": "A heating, ventilation, and air conditioning unit."
            },
            "displayName": {
              "en": "HVAC"
            },
            "decommissioned": false,
            "uploadTime": "2025-05-02T21:02:39.3428572+00:00"
          },
          {
            "id": "dtmi:example:room;112620035",
            "description": {
              "en": "An enclosure inside a building."
            },
            "displayName": {
              "en": "Room"
            },
            "decommissioned": false,
            "uploadTime": "2025-05-02T21:02:50.1219922+00:00"
          },
          {
            "id": "dtmi:example:wifiroom;12114",
            "description": {},
            "displayName": {
              "en": "RoomWithWifi"
            },
            "decommissioned": false,
            "uploadTime": "2025-05-02T21:02:54.4449304+00:00"
          },
          {
            "id": "dtmi:example:wifi;120621534",
            "description": {},
            "displayName": {
              "en": "Wifi"
            },
            "decommissioned": false,
            "uploadTime": "2025-05-02T21:02:54.4449547+00:00"
          }
        ],
        "nextLink": null
      }
    },
    {
      "RequestUri": "https://fakeHost.api.wus2.digitaltwins.azure.net/digitaltwins/roomWithWifiTwin2142885257?api-version=2023-10-31",
      "RequestMethod": "PUT",
      "RequestHeaders": {
        "Accept": "application/json",
        "Authorization": "Sanitized",
        "Content-Length": "229",
        "Content-Type": "application/json",
        "traceparent": "00-a6a82ee34e0e671e545b960e18f55381-5336b66a8bd3d3e8-00",
        "User-Agent": "azsdk-net-DigitalTwins.Core/1.6.0-alpha.20250502.1 (.NET 9.0.4; Microsoft Windows 10.0.26100)",
        "x-ms-client-request-id": "Sanitized",
        "x-ms-return-client-request-id": "true"
      },
      "RequestBody": {
        "$dtId": null,
        "$etag": null,
        "Temperature": 80,
        "Humidity": 25,
        "IsOccupied": true,
        "EmployeeId": "Employee1",
        "wifiAccessPoint": {
          "$metadata": {},
          "RouterName": "Cisco1",
          "Network": "Room1"
        },
        "$metadata": {
          "$model": "dtmi:example:wifiroom;12114"
        }
      },
      "StatusCode": 200,
      "ResponseHeaders": {
        "Content-Length": "764",
        "Content-Type": "application/json; charset=utf-8",
        "Date": "Fri, 02 May 2025 21:02:53 GMT",
        "ETag": "W/\"0a1a35ed-673b-4273-9e9c-64ed59b4ef47\"",
        "mise-correlation-id": "2c1bc351-9911-4408-9e0b-812ad08adbb0",
        "Strict-Transport-Security": "max-age=2592000",
        "traceresponse": "00-a6a82ee34e0e671e545b960e18f55381-63d99cd57e558f0b-01"
      },
      "ResponseBody": {
        "$dtId": "roomWithWifiTwin2142885257",
        "$etag": "W/\"0a1a35ed-673b-4273-9e9c-64ed59b4ef47\"",
        "Temperature": 80,
        "Humidity": 25,
        "IsOccupied": true,
        "EmployeeId": "Employee1",
        "wifiAccessPoint": {
          "RouterName": "Cisco1",
          "Network": "Room1",
          "$metadata": {
            "$lastUpdateTime": "2025-05-02T21:02:54.5624655Z",
            "RouterName": {
              "lastUpdateTime": "2025-05-02T21:02:54.5624655Z"
            },
            "Network": {
              "lastUpdateTime": "2025-05-02T21:02:54.5624655Z"
            }
          }
        },
        "$metadata": {
          "$model": "dtmi:example:wifiroom;12114",
          "$lastUpdateTime": "2025-05-02T21:02:54.5624655Z",
          "Temperature": {
            "lastUpdateTime": "2025-05-02T21:02:54.5624655Z"
          },
          "Humidity": {
            "lastUpdateTime": "2025-05-02T21:02:54.5624655Z"
          },
          "IsOccupied": {
            "lastUpdateTime": "2025-05-02T21:02:54.5624655Z"
          },
          "EmployeeId": {
            "lastUpdateTime": "2025-05-02T21:02:54.5624655Z"
          }
        }
      }
    },
    {
      "RequestUri": "https://fakeHost.api.wus2.digitaltwins.azure.net/digitaltwins/roomWithWifiTwin2142885257/telemetry?api-version=2023-10-31",
      "RequestMethod": "POST",
      "RequestHeaders": {
        "Accept": "application/json",
        "Authorization": "Sanitized",
        "Content-Length": "17",
        "Content-Type": "application/json",
        "traceparent": "00-788019d2cedb25f57aa7e0792be6e591-d63774faad788f50-00",
        "User-Agent": "azsdk-net-DigitalTwins.Core/1.6.0-alpha.20250502.1 (.NET 9.0.4; Microsoft Windows 10.0.26100)",
        "x-ms-client-request-id": "Sanitized",
        "x-ms-return-client-request-id": "true"
      },
      "RequestBody": {
        "Telemetry1": 5
      },
      "StatusCode": 204,
      "ResponseHeaders": {
        "Content-Length": "0",
        "Date": "Fri, 02 May 2025 21:02:54 GMT",
        "mise-correlation-id": "d068ef5e-851d-41ed-be02-75c226216ee5",
        "Strict-Transport-Security": "max-age=2592000",
        "traceresponse": "00-788019d2cedb25f57aa7e0792be6e591-9ee86651bd4f6bd3-01"
      },
      "ResponseBody": null
    },
    {
      "RequestUri": "https://fakeHost.api.wus2.digitaltwins.azure.net/digitaltwins/roomWithWifiTwin2142885257/components/wifiAccessPoint/telemetry?api-version=2023-10-31",
      "RequestMethod": "POST",
      "RequestHeaders": {
        "Accept": "application/json",
        "Authorization": "Sanitized",
        "Content-Length": "25",
        "Content-Type": "application/json",
        "traceparent": "00-8f9000b15f36fc18b8aaea4e4fc77628-f585444a1f0d5794-00",
        "User-Agent": "azsdk-net-DigitalTwins.Core/1.6.0-alpha.20250502.1 (.NET 9.0.4; Microsoft Windows 10.0.26100)",
        "x-ms-client-request-id": "Sanitized",
        "x-ms-return-client-request-id": "true"
      },
      "RequestBody": {
        "ComponentTelemetry1": 9
      },
      "StatusCode": 204,
      "ResponseHeaders": {
        "Content-Length": "0",
        "Date": "Fri, 02 May 2025 21:02:54 GMT",
        "mise-correlation-id": "c0c93611-ef86-4eb8-b90d-f779c1a401ef",
        "Strict-Transport-Security": "max-age=2592000",
        "traceresponse": "00-8f9000b15f36fc18b8aaea4e4fc77628-86672ebc6d58e6b5-01"
      },
      "ResponseBody": null
    },
    {
      "RequestUri": "https://fakeHost.api.wus2.digitaltwins.azure.net/eventroutes/someEventRouteId-1715594014?api-version=2023-10-31",
      "RequestMethod": "DELETE",
      "RequestHeaders": {
        "Accept": "application/json",
        "Authorization": "Sanitized",
        "traceparent": "00-77f085da1e3879247bb902696778a34f-ddd7be64332a63b9-00",
        "User-Agent": "azsdk-net-DigitalTwins.Core/1.6.0-alpha.20250502.1 (.NET 9.0.4; Microsoft Windows 10.0.26100)",
        "x-ms-client-request-id": "Sanitized",
        "x-ms-return-client-request-id": "true"
      },
      "RequestBody": null,
      "StatusCode": 204,
      "ResponseHeaders": {
        "Content-Length": "0",
        "Date": "Fri, 02 May 2025 21:02:54 GMT",
        "mise-correlation-id": "89fe6076-8161-403e-a895-fbdb959e23c9",
        "Strict-Transport-Security": "max-age=2592000",
        "traceresponse": "00-77f085da1e3879247bb902696778a34f-c452961f0e0adc13-01"
      },
      "ResponseBody": null
    },
    {
      "RequestUri": "https://fakeHost.api.wus2.digitaltwins.azure.net/digitaltwins/roomWithWifiTwin2142885257?api-version=2023-10-31",
      "RequestMethod": "DELETE",
      "RequestHeaders": {
        "Accept": "application/json",
        "Authorization": "Sanitized",
        "traceparent": "00-8fad393dae3c5c11af3ed656b9392142-68ba67bc627bc625-00",
        "User-Agent": "azsdk-net-DigitalTwins.Core/1.6.0-alpha.20250502.1 (.NET 9.0.4; Microsoft Windows 10.0.26100)",
        "x-ms-client-request-id": "Sanitized",
        "x-ms-return-client-request-id": "true"
      },
      "RequestBody": null,
      "StatusCode": 204,
      "ResponseHeaders": {
        "Content-Length": "0",
        "Date": "Fri, 02 May 2025 21:02:54 GMT",
        "mise-correlation-id": "fe85b935-1d2d-4286-b347-ac88f4dd89c4",
        "Strict-Transport-Security": "max-age=2592000",
        "traceresponse": "00-8fad393dae3c5c11af3ed656b9392142-75dbdcac402cf429-01"
      },
      "ResponseBody": null
    },
    {
      "RequestUri": "https://fakeHost.api.wus2.digitaltwins.azure.net/models/dtmi%3Aexample%3Awifiroom%3B12114?api-version=2023-10-31",
      "RequestMethod": "DELETE",
      "RequestHeaders": {
        "Accept": "application/json",
        "Authorization": "Sanitized",
        "traceparent": "00-ab856a944c33c95f37d94d67b391c145-3737f8c605a7f2ff-00",
        "User-Agent": "azsdk-net-DigitalTwins.Core/1.6.0-alpha.20250502.1 (.NET 9.0.4; Microsoft Windows 10.0.26100)",
        "x-ms-client-request-id": "Sanitized",
        "x-ms-return-client-request-id": "true"
      },
      "RequestBody": null,
      "StatusCode": 204,
      "ResponseHeaders": {
        "Content-Length": "0",
        "Date": "Fri, 02 May 2025 21:02:54 GMT",
        "mise-correlation-id": "c0328719-8541-417f-ad7c-4eb6408e633c",
        "Strict-Transport-Security": "max-age=2592000",
        "traceresponse": "00-ab856a944c33c95f37d94d67b391c145-e18007c9e88c49e4-01"
      },
      "ResponseBody": null
    },
    {
      "RequestUri": "https://fakeHost.api.wus2.digitaltwins.azure.net/models/dtmi%3Aexample%3Awifi%3B120621534?api-version=2023-10-31",
      "RequestMethod": "DELETE",
      "RequestHeaders": {
        "Accept": "application/json",
        "Authorization": "Sanitized",
        "traceparent": "00-d0e56dfd0a29afa9ef4091b94e455364-6a90f8910e41dc95-00",
        "User-Agent": "azsdk-net-DigitalTwins.Core/1.6.0-alpha.20250502.1 (.NET 9.0.4; Microsoft Windows 10.0.26100)",
        "x-ms-client-request-id": "Sanitized",
        "x-ms-return-client-request-id": "true"
      },
      "RequestBody": null,
      "StatusCode": 204,
      "ResponseHeaders": {
        "Content-Length": "0",
        "Date": "Fri, 02 May 2025 21:02:54 GMT",
        "mise-correlation-id": "8c93ebfb-473a-42f9-acf6-b3e37d94fe8d",
        "Strict-Transport-Security": "max-age=2592000",
        "traceresponse": "00-d0e56dfd0a29afa9ef4091b94e455364-1308d1bc6cf3a646-01"
      },
      "ResponseBody": null
    }
  ],
  "Variables": {
    "DIGITALTWINS_URL": "https://fakeHost.api.wus2.digitaltwins.azure.net",
    "RandomSeed": "109623848"
  }
}
