{
  "Entries": [
    {
      "RequestUri": "https://seancanary.blob.core.windows.net/test-container-a357b9e5-2668-eeba-715e-e122f3813208?restype=container",
      "RequestMethod": "PUT",
      "RequestHeaders": {
        "Accept": "application/xml",
        "Authorization": "Sanitized",
        "Content-Length": "0",
        "traceparent": "00-a4a0fc9b4c8c72ecceed7f019cb140cf-e8f2d88bb4d167cc-00",
        "User-Agent": "azsdk-net-Storage.Blobs/12.24.0-alpha.20250219.1 (.NET 8.0.13; Microsoft Windows 10.0.26100)",
        "x-ms-client-request-id": "Sanitized",
        "x-ms-return-client-request-id": "true",
        "x-ms-version": "2025-05-05"
      },
      "RequestBody": null,
      "StatusCode": 201,
      "ResponseHeaders": {
        "Content-Length": "0",
        "Date": "Wed, 19 Feb 2025 18:37:59 GMT",
        "ETag": "\"0x8DD51148938E75C\"",
        "Last-Modified": "Wed, 19 Feb 2025 18:37:59 GMT",
        "Server": [
          "Windows-Azure-Blob/1.0",
          "Microsoft-HTTPAPI/2.0"
        ],
        "x-ms-client-request-id": "Sanitized",
        "x-ms-request-id": "51de58b4-901e-00df-34fd-82bd1b000000",
        "x-ms-version": "2025-05-05"
      },
      "ResponseBody": null
    },
    {
      "RequestUri": "https://seancanary.blob.core.windows.net/test-container-a357b9e5-2668-eeba-715e-e122f3813208//test-blob-0c3915a5-8d6b-2c82-252f-916d93040a3d",
      "RequestMethod": "PUT",
      "RequestHeaders": {
        "Accept": "application/xml",
        "Authorization": "Sanitized",
        "Content-Length": "0",
        "traceparent": "00-586c617861200e5fad350fdd95ada966-3678177dd2a50e72-00",
        "User-Agent": "azsdk-net-Storage.Blobs/12.24.0-alpha.20250219.1 (.NET 8.0.13; Microsoft Windows 10.0.26100)",
        "x-ms-blob-type": "AppendBlob",
        "x-ms-client-request-id": "Sanitized",
        "x-ms-return-client-request-id": "true",
        "x-ms-version": "2025-05-05"
      },
      "RequestBody": null,
      "StatusCode": 201,
      "ResponseHeaders": {
        "Content-Length": "0",
        "Date": "Wed, 19 Feb 2025 18:38:00 GMT",
        "ETag": "\"0x8DD511489FDF214\"",
        "Last-Modified": "Wed, 19 Feb 2025 18:38:01 GMT",
        "Server": [
          "Windows-Azure-Blob/1.0",
          "Microsoft-HTTPAPI/2.0"
        ],
        "x-ms-client-request-id": "Sanitized",
        "x-ms-request-id": "51de58c1-901e-00df-3afd-82bd1b000000",
        "x-ms-request-server-encrypted": "true",
        "x-ms-version": "2025-05-05",
        "x-ms-version-id": "2025-02-19T18:38:01.2795412Z"
      },
      "ResponseBody": null
    },
    {
      "RequestUri": "https://seancanary.blob.core.windows.net/?restype=service&comp=userdelegationkey",
      "RequestMethod": "POST",
      "RequestHeaders": {
        "Accept": "application/xml",
        "Authorization": "Sanitized",
        "Content-Length": "59",
        "Content-Type": "application/xml",
        "traceparent": "00-b0f4d89933a74e5ad10c0f2dd09ebdf7-8d5f2350c24f36c9-00",
        "User-Agent": "azsdk-net-Storage.Blobs/12.24.0-alpha.20250219.1 (.NET 8.0.13; Microsoft Windows 10.0.26100)",
        "x-ms-client-request-id": "Sanitized",
        "x-ms-return-client-request-id": "true",
        "x-ms-version": "2025-05-05"
      },
      "RequestBody": "\uFEFF<KeyInfo><Expiry>2025-02-19T19:38:04Z</Expiry></KeyInfo>",
      "StatusCode": 200,
      "ResponseHeaders": {
        "Content-Type": "application/xml",
        "Date": "Wed, 19 Feb 2025 18:38:00 GMT",
        "Server": [
          "Windows-Azure-Blob/1.0",
          "Microsoft-HTTPAPI/2.0"
        ],
        "Transfer-Encoding": "chunked",
        "x-ms-client-request-id": "Sanitized",
        "x-ms-request-id": "51de58c2-901e-00df-3bfd-82bd1b000000",
        "x-ms-version": "2025-05-05"
      },
      "ResponseBody": "\uFEFF<?xml version=\"1.0\" encoding=\"utf-8\"?><UserDelegationKey><SignedOid>e06172a7-9585-422f-acbd-7693c11dd186</SignedOid><SignedTid>00000000-0000-0000-0000-000000000000</SignedTid><SignedStart>2025-02-19T18:38:01Z</SignedStart><SignedExpiry>2025-02-19T19:38:04Z</SignedExpiry><SignedService>b</SignedService><SignedVersion>2025-05-05</SignedVersion><Value>MA==</Value></UserDelegationKey>"
    },
    {
      "RequestUri": "https://seancanary.blob.core.windows.net/test-container-a357b9e5-2668-eeba-715e-e122f3813208//test-blob-0c3915a5-8d6b-2c82-252f-916d93040a3d?skoid=00000000-0000-0000-0000-000000000000&sktid=00000000-0000-0000-0000-000000000000&skt=2025-02-19T18%3A38%3A01Z&ske=2025-02-19T19%3A38%3A04Z&sks=b&skv=2025-05-05&sv=Sanitized&se=2025-02-19T19%3A38%3A04Z&sr=b&sp=r&sig=Sanitized",
      "RequestMethod": "HEAD",
      "RequestHeaders": {
        "Accept": "application/xml",
        "traceparent": "00-740141c4f5a6248b9d7fc0008e93053a-0c67c9e4db19c107-00",
        "User-Agent": "azsdk-net-Storage.Blobs/12.24.0-alpha.20250219.1 (.NET 8.0.13; Microsoft Windows 10.0.26100)",
        "x-ms-client-request-id": "Sanitized",
        "x-ms-return-client-request-id": "true",
        "x-ms-version": "2025-05-05"
      },
      "RequestBody": null,
      "StatusCode": 200,
      "ResponseHeaders": {
        "Accept-Ranges": "bytes",
        "Content-Length": "0",
        "Content-Type": "application/octet-stream",
        "Date": "Wed, 19 Feb 2025 18:38:00 GMT",
        "ETag": "\"0x8DD511489FDF214\"",
        "Last-Modified": "Wed, 19 Feb 2025 18:38:01 GMT",
        "Server": [
          "Windows-Azure-Blob/1.0",
          "Microsoft-HTTPAPI/2.0"
        ],
        "x-ms-blob-committed-block-count": "0",
        "x-ms-blob-type": "AppendBlob",
        "x-ms-client-request-id": "Sanitized",
        "x-ms-creation-time": "Wed, 19 Feb 2025 18:38:01 GMT",
        "x-ms-is-current-version": "true",
        "x-ms-lease-state": "available",
        "x-ms-lease-status": "unlocked",
        "x-ms-request-id": "51de58c3-901e-00df-3cfd-82bd1b000000",
        "x-ms-server-encrypted": "true",
        "x-ms-version": "2025-05-05",
        "x-ms-version-id": "2025-02-19T18:38:01.2795412Z"
      },
      "ResponseBody": null
    },
    {
      "RequestUri": "https://seancanary.blob.core.windows.net/test-container-a357b9e5-2668-eeba-715e-e122f3813208?restype=container",
      "RequestMethod": "DELETE",
      "RequestHeaders": {
        "Accept": "application/xml",
        "Authorization": "Sanitized",
        "traceparent": "00-2049771a5a135faac918d09880c031d0-7844671005b698e1-00",
        "User-Agent": "azsdk-net-Storage.Blobs/12.24.0-alpha.20250219.1 (.NET 8.0.13; Microsoft Windows 10.0.26100)",
        "x-ms-client-request-id": "Sanitized",
        "x-ms-return-client-request-id": "true",
        "x-ms-version": "2025-05-05"
      },
      "RequestBody": null,
      "StatusCode": 202,
      "ResponseHeaders": {
        "Content-Length": "0",
        "Date": "Wed, 19 Feb 2025 18:38:00 GMT",
        "Server": [
          "Windows-Azure-Blob/1.0",
          "Microsoft-HTTPAPI/2.0"
        ],
        "x-ms-client-request-id": "Sanitized",
        "x-ms-request-id": "51de58c4-901e-00df-3dfd-82bd1b000000",
        "x-ms-version": "2025-05-05"
      },
      "ResponseBody": null
    }
  ],
  "Variables": {
    "DateTimeOffsetNow": "2025-02-19T13:38:04.9786475-05:00",
    "RandomSeed": "1086743583",
    "Storage_TestConfigOAuth": "OAuthTenant\nseancanary\nU2FuaXRpemVk\nhttps://seancanary.blob.core.windows.net\nhttps://seancanary.file.core.windows.net\nhttps://seancanary.queue.core.windows.net\nhttps://seancanary.table.core.windows.net\n\n\n\n\nhttps://seancanary-secondary.blob.core.windows.net\nhttps://seancanary-secondary.file.core.windows.net\nhttps://seancanary-secondary.queue.core.windows.net\nhttps://seancanary-secondary.table.core.windows.net\nCloud\nBlobEndpoint=https://seancanary.blob.core.windows.net/;QueueEndpoint=https://seancanary.queue.core.windows.net/;FileEndpoint=https://seancanary.file.core.windows.net/;BlobSecondaryEndpoint=https://seancanary-secondary.blob.core.windows.net/;QueueSecondaryEndpoint=https://seancanary-secondary.queue.core.windows.net/;FileSecondaryEndpoint=https://seancanary-secondary.file.core.windows.net/;AccountName=seancanary;AccountKey=U2FuaXRpemVk\n\nXClient\nba45b233-e2ef-4169-8808-49eb0d8eba0d"
  }
}
