{
  "Entries": [
    {
      "RequestUri": "https://endpoint/routing/distributionPolicies/test-d-policy-recorded-queues?api-version=2024-01-18-preview",
      "RequestMethod": "PATCH",
      "RequestHeaders": {
        "Accept": "application/json",
        "Accept-Encoding": "gzip,deflate",
        "Authorization": "Sanitized",
        "Connection": "keep-alive",
        "Content-Length": "156",
        "Content-Type": "application/merge-patch\u002Bjson",
        "User-Agent": "azsdk-js-communication-job-router-rest/1.0.0-beta.1 core-rest-pipeline/1.14.1 Node/18.17.1 OS/(x64-Windows_NT-10.0.22621)",
        "x-ms-client-request-id": "3dbbc7d0-633f-4e22-9628-3b66c39a861c",
        "x-ms-content-sha256": "xG1T22SpOFlCH4u\u002BZ1hH\u002BYh9ErqiPS\u002B0sXvekVfomxM=",
        "x-ms-date": "Wed, 06 Mar 2024 00:06:08 GMT"
      },
      "RequestBody": {
        "name": "test-d-policy",
        "offerExpiresAfterSeconds": 60,
        "mode": {
          "kind": "longestIdle",
          "minConcurrentOffers": 1,
          "maxConcurrentOffers": 5,
          "bypassSelectors": false
        }
      },
      "StatusCode": 200,
      "ResponseHeaders": {
        "api-supported-versions": "2021-04-07-preview1, 2022-07-18-preview, 2023-08-25-preview, 2023-11-01, 2024-01-18-preview",
        "Connection": "keep-alive",
        "Content-Type": "application/json; charset=utf-8",
        "Date": "Wed, 06 Mar 2024 00:06:08 GMT",
        "ETag": "\u00220200a529-0000-0700-0000-65e7b36e0000\u0022",
        "Last-Modified": "Wed, 06 Mar 2024 00:06:06 GMT",
        "Request-Context": "appId=",
        "Strict-Transport-Security": "max-age=31536000;includeSubDomains",
        "trace-id": "396fa593-32a3-90fd-2be3-9f8e15d03329",
        "Transfer-Encoding": "chunked",
        "x-azure-ref": "20240306T000608Z-n3bfytvryp5kmaam0ft8yp9uq400000004v0000000006gtt",
        "X-Cache": "CONFIG_NOCACHE"
      },
      "ResponseBody": {
        "id": "test-d-policy-recorded-queues",
        "name": "test-d-policy",
        "offerExpiresAfterSeconds": 60,
        "mode": {
          "kind": "longestIdle",
          "minConcurrentOffers": 1,
          "maxConcurrentOffers": 5,
          "bypassSelectors": false
        },
        "etag": "\u00220200a529-0000-0700-0000-65e7b36e0000\u0022"
      }
    },
    {
      "RequestUri": "https://endpoint/routing/exceptionPolicies/test-e-policy-recorded-queues?api-version=2024-01-18-preview",
      "RequestMethod": "PATCH",
      "RequestHeaders": {
        "Accept": "application/json",
        "Accept-Encoding": "gzip,deflate",
        "Authorization": "Sanitized",
        "Connection": "keep-alive",
        "Content-Length": "200",
        "Content-Type": "application/merge-patch\u002Bjson",
        "User-Agent": "azsdk-js-communication-job-router-rest/1.0.0-beta.1 core-rest-pipeline/1.14.1 Node/18.17.1 OS/(x64-Windows_NT-10.0.22621)",
        "x-ms-client-request-id": "3b743273-64e8-4787-81e9-27ff66e4aff5",
        "x-ms-content-sha256": "A5ySZT3yD7WO66GsYhBfJY0Z6v1CuU2HTd2a\u002BAaoTPE=",
        "x-ms-date": "Wed, 06 Mar 2024 00:06:08 GMT"
      },
      "RequestBody": {
        "name": "test-e-policy",
        "exceptionRules": [
          {
            "id": "MaxWaitTimeExceededCancel",
            "actions": [
              {
                "kind": "cancel",
                "note": "wait time exceeded; cancelling"
              }
            ],
            "trigger": {
              "kind": "waitTime",
              "thresholdSeconds": 10
            }
          }
        ]
      },
      "StatusCode": 200,
      "ResponseHeaders": {
        "api-supported-versions": "2021-04-07-preview1, 2022-07-18-preview, 2023-08-25-preview, 2023-11-01, 2024-01-18-preview",
        "Connection": "keep-alive",
        "Content-Type": "application/json; charset=utf-8",
        "Date": "Wed, 06 Mar 2024 00:06:08 GMT",
        "ETag": "\u00220200c613-0000-0700-0000-65e7b3700000\u0022",
        "Last-Modified": "Wed, 06 Mar 2024 00:06:08 GMT",
        "Request-Context": "appId=",
        "Strict-Transport-Security": "max-age=31536000;includeSubDomains",
        "trace-id": "db968d12-ffc9-1e19-9d17-cb444b4198d4",
        "Transfer-Encoding": "chunked",
        "x-azure-ref": "20240306T000608Z-n3bfytvryp5kmaam0ft8yp9uq400000004v0000000006gtu",
        "X-Cache": "CONFIG_NOCACHE"
      },
      "ResponseBody": {
        "id": "test-e-policy-recorded-queues",
        "name": "test-e-policy",
        "exceptionRules": [
          {
            "id": "MaxWaitTimeExceededCancel",
            "trigger": {
              "kind": "waitTime",
              "thresholdSeconds": 10
            },
            "actions": [
              {
                "kind": "cancel",
                "note": "wait time exceeded; cancelling",
                "id": "bd15fdbf-4b82-4df6-a646-9b64ef61696c"
              }
            ]
          }
        ],
        "etag": "\u00220200c613-0000-0700-0000-65e7b3700000\u0022"
      }
    },
    {
      "RequestUri": "https://endpoint/routing/queues/test-a-queue-recorded-queues?api-version=2024-01-18-preview",
      "RequestMethod": "DELETE",
      "RequestHeaders": {
        "Accept": "application/json",
        "Accept-Encoding": "gzip,deflate",
        "Authorization": "Sanitized",
        "Connection": "keep-alive",
        "User-Agent": "azsdk-js-communication-job-router-rest/1.0.0-beta.1 core-rest-pipeline/1.14.1 Node/18.17.1 OS/(x64-Windows_NT-10.0.22621)",
        "x-ms-client-request-id": "509c9c7e-fef3-4009-838e-2afb2bc02a51",
        "x-ms-content-sha256": "47DEQpj8HBSa\u002B/TImW\u002B5JCeuQeRkm5NMpJWZG3hSuFU=",
        "x-ms-date": "Wed, 06 Mar 2024 00:06:08 GMT"
      },
      "RequestBody": null,
      "StatusCode": 204,
      "ResponseHeaders": {
        "api-supported-versions": "2021-04-07-preview1, 2022-07-18-preview, 2023-08-25-preview, 2023-11-01, 2024-01-18-preview",
        "Connection": "keep-alive",
        "Date": "Wed, 06 Mar 2024 00:06:08 GMT",
        "Request-Context": "appId=",
        "Strict-Transport-Security": "max-age=31536000;includeSubDomains",
        "trace-id": "5c9e72b2-d567-6cb4-a740-6f602554d35e",
        "x-azure-ref": "20240306T000608Z-n3bfytvryp5kmaam0ft8yp9uq400000004v0000000006gtv",
        "X-Cache": "CONFIG_NOCACHE"
      },
      "ResponseBody": null
    },
    {
      "RequestUri": "https://endpoint/routing/distributionPolicies/test-d-policy-recorded-queues?api-version=2024-01-18-preview",
      "RequestMethod": "DELETE",
      "RequestHeaders": {
        "Accept": "application/json",
        "Accept-Encoding": "gzip,deflate",
        "Authorization": "Sanitized",
        "Connection": "keep-alive",
        "User-Agent": "azsdk-js-communication-job-router-rest/1.0.0-beta.1 core-rest-pipeline/1.14.1 Node/18.17.1 OS/(x64-Windows_NT-10.0.22621)",
        "x-ms-client-request-id": "0456fda4-5c4a-4d92-964d-d506cd026fda",
        "x-ms-content-sha256": "47DEQpj8HBSa\u002B/TImW\u002B5JCeuQeRkm5NMpJWZG3hSuFU=",
        "x-ms-date": "Wed, 06 Mar 2024 00:06:08 GMT"
      },
      "RequestBody": null,
      "StatusCode": 204,
      "ResponseHeaders": {
        "api-supported-versions": "2021-04-07-preview1, 2022-07-18-preview, 2023-08-25-preview, 2023-11-01, 2024-01-18-preview",
        "Connection": "keep-alive",
        "Date": "Wed, 06 Mar 2024 00:06:08 GMT",
        "Request-Context": "appId=",
        "Strict-Transport-Security": "max-age=31536000;includeSubDomains",
        "trace-id": "7491e436-713d-becb-fef4-1cd14226ac34",
        "x-azure-ref": "20240306T000608Z-n3bfytvryp5kmaam0ft8yp9uq400000004v0000000006gtw",
        "X-Cache": "CONFIG_NOCACHE"
      },
      "ResponseBody": null
    },
    {
      "RequestUri": "https://endpoint/routing/exceptionPolicies/test-e-policy-recorded-queues?api-version=2024-01-18-preview",
      "RequestMethod": "DELETE",
      "RequestHeaders": {
        "Accept": "application/json",
        "Accept-Encoding": "gzip,deflate",
        "Authorization": "Sanitized",
        "Connection": "keep-alive",
        "User-Agent": "azsdk-js-communication-job-router-rest/1.0.0-beta.1 core-rest-pipeline/1.14.1 Node/18.17.1 OS/(x64-Windows_NT-10.0.22621)",
        "x-ms-client-request-id": "de4f6f14-e21e-4de9-8f91-84817c562a03",
        "x-ms-content-sha256": "47DEQpj8HBSa\u002B/TImW\u002B5JCeuQeRkm5NMpJWZG3hSuFU=",
        "x-ms-date": "Wed, 06 Mar 2024 00:06:08 GMT"
      },
      "RequestBody": null,
      "StatusCode": 204,
      "ResponseHeaders": {
        "api-supported-versions": "2021-04-07-preview1, 2022-07-18-preview, 2023-08-25-preview, 2023-11-01, 2024-01-18-preview",
        "Connection": "keep-alive",
        "Date": "Wed, 06 Mar 2024 00:06:09 GMT",
        "Request-Context": "appId=",
        "Strict-Transport-Security": "max-age=31536000;includeSubDomains",
        "trace-id": "3ee4694d-932a-79c3-76f9-ff1e074faa28",
        "x-azure-ref": "20240306T000608Z-n3bfytvryp5kmaam0ft8yp9uq400000004v0000000006gtx",
        "X-Cache": "CONFIG_NOCACHE"
      },
      "ResponseBody": null
    }
  ],
  "Variables": {}
}
