{
  "Entries": [
    {
      "RequestUri": "https://Sanitized.blob.core.windows.net/container86vhdez2?restype=container",
      "RequestMethod": "PUT",
      "RequestHeaders": {
        "Accept": "application/json",
        "Accept-Encoding": "gzip, deflate",
        "Authorization": "Sanitized",
        "Content-Length": "0",
        "Content-Type": "application/xml",
        "User-Agent": "azsdk-rust-storage_blob/0.1.0 (1.85.0; windows; x86_64)",
        "x-ms-client-request-id": "Sanitized",
        "x-ms-version": "2025-01-05"
      },
      "RequestBody": null,
      "StatusCode": 201,
      "ResponseHeaders": {
        "Content-Length": "0",
        "Date": "Fri, 28 Mar 2025 17:44:33 GMT",
        "ETag": "\"0x8DD6E20336CCAE4\"",
        "Last-Modified": "Fri, 28 Mar 2025 17:44:33 GMT",
        "Server": [
          "Windows-Azure-Blob/1.0",
          "Microsoft-HTTPAPI/2.0"
        ],
        "x-ms-client-request-id": "Sanitized",
        "x-ms-request-id": "Sanitized",
        "x-ms-version": "2025-01-05"
      },
      "ResponseBody": null
    },
    {
      "RequestUri": "https://Sanitized.blob.core.windows.net/container86vhdez2/blob3sb7z3db?BlockBlob",
      "RequestMethod": "PUT",
      "RequestHeaders": {
        "Accept": "application/json",
        "Accept-Encoding": "gzip, deflate",
        "Authorization": "Sanitized",
        "Content-Length": "21",
        "Content-Type": "application/octet-stream",
        "User-Agent": "azsdk-rust-storage_blob/0.1.0 (1.85.0; windows; x86_64)",
        "x-ms-blob-type": "BlockBlob",
        "x-ms-client-request-id": "Sanitized",
        "x-ms-version": "2025-01-05"
      },
      "RequestBody": "dGVzdCBkb3dubG9hZCBjb250ZW50",
      "StatusCode": 201,
      "ResponseHeaders": {
        "Content-Length": "0",
        "Content-MD5": "bRZBaChLP1MFAjs4/svCkQ==",
        "Date": "Fri, 28 Mar 2025 17:44:35 GMT",
        "ETag": "\"0x8DD6E2034E781ED\"",
        "Last-Modified": "Fri, 28 Mar 2025 17:44:36 GMT",
        "Server": [
          "Windows-Azure-Blob/1.0",
          "Microsoft-HTTPAPI/2.0"
        ],
        "x-ms-client-request-id": "Sanitized",
        "x-ms-content-crc64": "3EHPn5B31fA=",
        "x-ms-request-id": "Sanitized",
        "x-ms-request-server-encrypted": "true",
        "x-ms-version": "2025-01-05"
      },
      "ResponseBody": null
    },
    {
      "RequestUri": "https://Sanitized.blob.core.windows.net/container86vhdez2/blob3sb7z3db",
      "RequestMethod": "GET",
      "RequestHeaders": {
        "Accept": "application/octet-stream",
        "Accept-Encoding": "gzip, deflate",
        "Authorization": "Sanitized",
        "User-Agent": "azsdk-rust-storage_blob/0.1.0 (1.85.0; windows; x86_64)",
        "x-ms-client-request-id": "Sanitized",
        "x-ms-version": "2025-01-05"
      },
      "RequestBody": null,
      "StatusCode": 200,
      "ResponseHeaders": {
        "Accept-Ranges": "bytes",
        "Content-Length": "21",
        "Content-MD5": "bRZBaChLP1MFAjs4/svCkQ==",
        "Content-Type": "application/octet-stream",
        "Date": "Fri, 28 Mar 2025 17:44:36 GMT",
        "ETag": "\"0x8DD6E2034E781ED\"",
        "Last-Modified": "Fri, 28 Mar 2025 17:44:36 GMT",
        "Server": [
          "Windows-Azure-Blob/1.0",
          "Microsoft-HTTPAPI/2.0"
        ],
        "x-ms-blob-type": "BlockBlob",
        "x-ms-client-request-id": "Sanitized",
        "x-ms-creation-time": "Fri, 28 Mar 2025 17:44:36 GMT",
        "x-ms-lease-state": "available",
        "x-ms-lease-status": "unlocked",
        "x-ms-request-id": "Sanitized",
        "x-ms-server-encrypted": "true",
        "x-ms-version": "2025-01-05"
      },
      "ResponseBody": "dGVzdCBkb3dubG9hZCBjb250ZW50"
    },
    {
      "RequestUri": "https://Sanitized.blob.core.windows.net/container86vhdez2?restype=container",
      "RequestMethod": "DELETE",
      "RequestHeaders": {
        "Accept": "application/json",
        "Accept-Encoding": "gzip, deflate",
        "Authorization": "Sanitized",
        "Content-Type": "application/xml",
        "User-Agent": "azsdk-rust-storage_blob/0.1.0 (1.85.0; windows; x86_64)",
        "x-ms-client-request-id": "Sanitized",
        "x-ms-version": "2025-01-05"
      },
      "RequestBody": null,
      "StatusCode": 202,
      "ResponseHeaders": {
        "Content-Length": "0",
        "Date": "Fri, 28 Mar 2025 17:44:36 GMT",
        "Server": [
          "Windows-Azure-Blob/1.0",
          "Microsoft-HTTPAPI/2.0"
        ],
        "x-ms-client-request-id": "Sanitized",
        "x-ms-request-id": "Sanitized",
        "x-ms-version": "2025-01-05"
      },
      "ResponseBody": null
    }
  ],
  "Variables": {
    "AZURE_STORAGE_ACCOUNT_NAME": "ruststoragedev",
    "RandomSeed": "SmXTuNh6eJ+MrnK2X8Wk61Dze8NkBapanlt/OFHJkgo="
  }
}
