{
  "Entries": [
    {
      "RequestUri": "https://eastus2euap.management.azure.com/subscriptions/c4a547de-4411-4447-964d-1edbc72cf116?api-version=2022-12-01",
      "RequestMethod": "GET",
      "RequestHeaders": {
        "Accept": "application/json",
        "Authorization": "Sanitized",
        "traceparent": "00-1fcad384d299e346867359d1417942b3-4f2d770a9616a7af-00",
        "User-Agent": "azsdk-net-ResourceManager/1.7.0 (.NET 7.0.12; Microsoft Windows 10.0.22621)",
        "x-ms-client-request-id": "80a90fcf4685ae49dd7a8e0a84367220",
        "x-ms-return-client-request-id": "true"
      },
      "RequestBody": null,
      "StatusCode": 200,
      "ResponseHeaders": {
        "Cache-Control": "no-cache",
        "Content-Length": "419",
        "Content-Type": "application/json; charset=utf-8",
        "Date": "Fri, 20 Oct 2023 01:33:46 GMT",
        "Expires": "-1",
        "Pragma": "no-cache",
        "Strict-Transport-Security": "max-age=31536000; includeSubDomains",
        "X-Cache": "CONFIG_NOCACHE",
        "X-Content-Type-Options": "nosniff",
        "x-ms-correlation-request-id": "b957778b-001a-4d3f-88c0-f6d9ccd5d328",
        "x-ms-ratelimit-remaining-subscription-reads": "11838",
        "x-ms-request-id": "b957778b-001a-4d3f-88c0-f6d9ccd5d328",
        "x-ms-routing-request-id": "EASTUS2EUAP:20231020T013346Z:b957778b-001a-4d3f-88c0-f6d9ccd5d328",
        "X-MSEdge-Ref": "Ref A: EC0B39AA59C043968787B6F59CCC8332 Ref B: CO6AA3150220053 Ref C: 2023-10-20T01:33:45Z"
      },
      "ResponseBody": {
        "id": "/subscriptions/c4a547de-4411-4447-964d-1edbc72cf116",
        "authorizationSource": "RoleBased",
        "managedByTenants": [],
        "subscriptionId": "c4a547de-4411-4447-964d-1edbc72cf116",
        "tenantId": "72f988bf-86f1-41af-91ab-2d7cd011db47",
        "displayName": "Azure Search ARM Test in Production Lab",
        "state": "Enabled",
        "subscriptionPolicies": {
          "locationPlacementId": "Internal_2014-09-01",
          "quotaId": "Internal_2014-09-01",
          "spendingLimit": "Off"
        }
      }
    },
    {
      "RequestUri": "https://eastus2euap.management.azure.com/subscriptions/c4a547de-4411-4447-964d-1edbc72cf116/resourcegroups/sdk-test5142?api-version=2022-09-01",
      "RequestMethod": "PUT",
      "RequestHeaders": {
        "Accept": "application/json",
        "Authorization": "Sanitized",
        "Content-Length": "26",
        "Content-Type": "application/json",
        "traceparent": "00-8c61d782e18f7d161ac869c402033d5c-362e622e0892a20b-00",
        "User-Agent": "azsdk-net-ResourceManager/1.7.0 (.NET 7.0.12; Microsoft Windows 10.0.22621)",
        "x-ms-client-request-id": "fce20bb53ac33af4c848c0ad4d44ee19",
        "x-ms-return-client-request-id": "true"
      },
      "RequestBody": {
        "location": "eastus2euap"
      },
      "StatusCode": 201,
      "ResponseHeaders": {
        "Cache-Control": "no-cache",
        "Content-Length": "226",
        "Content-Type": "application/json; charset=utf-8",
        "Date": "Fri, 20 Oct 2023 01:33:46 GMT",
        "Expires": "-1",
        "Pragma": "no-cache",
        "Strict-Transport-Security": "max-age=31536000; includeSubDomains",
        "X-Cache": "CONFIG_NOCACHE",
        "X-Content-Type-Options": "nosniff",
        "x-ms-correlation-request-id": "df76878a-6410-4810-a03a-e015ef92ced6",
        "x-ms-ratelimit-remaining-subscription-writes": "1191",
        "x-ms-request-id": "df76878a-6410-4810-a03a-e015ef92ced6",
        "x-ms-routing-request-id": "EASTUS2EUAP:20231020T013346Z:df76878a-6410-4810-a03a-e015ef92ced6",
        "X-MSEdge-Ref": "Ref A: 38BE920470BD48F58890999A09220CD4 Ref B: CO6AA3150220053 Ref C: 2023-10-20T01:33:46Z"
      },
      "ResponseBody": {
        "id": "/subscriptions/c4a547de-4411-4447-964d-1edbc72cf116/resourceGroups/sdk-test5142",
        "name": "sdk-test5142",
        "type": "Microsoft.Resources/resourceGroups",
        "location": "eastus2euap",
        "properties": {
          "provisioningState": "Succeeded"
        }
      }
    },
    {
      "RequestUri": "https://eastus2euap.management.azure.com/subscriptions/c4a547de-4411-4447-964d-1edbc72cf116/resourceGroups/sdk-test5142/providers/Microsoft.Search/searchServices/search9208?api-version=2023-11-01",
      "RequestMethod": "PUT",
      "RequestHeaders": {
        "Accept": "application/json",
        "Authorization": "Sanitized",
        "Content-Length": "137",
        "Content-Type": "application/json",
        "traceparent": "00-7910e18212592c432f760f67df0ee5c5-d79dbb40dcd1a8a4-00",
        "User-Agent": "azsdk-net-ResourceManager.Search/1.2.0-alpha.20231019.1 (.NET 7.0.12; Microsoft Windows 10.0.22621)",
        "x-ms-client-request-id": "1e5c7a032db614524465d49aa417dce4",
        "x-ms-return-client-request-id": "true"
      },
      "RequestBody": {
        "sku": {
          "name": "standard"
        },
        "tags": {},
        "location": "eastus2euap",
        "properties": {
          "replicaCount": 3,
          "partitionCount": 1,
          "hostingMode": "default"
        }
      },
      "StatusCode": 201,
      "ResponseHeaders": {
        "Cache-Control": "no-cache",
        "client-request-id": "1e5c7a03-2db6-1452-4465-d49aa417dce4",
        "Content-Length": "739",
        "Content-Type": "application/json; charset=utf-8",
        "Date": "Fri, 20 Oct 2023 01:33:53 GMT",
        "elapsed-time": "7129",
        "ETag": "W/\u0022datetime\u00272023-10-20T01%3A33%3A53.5877474Z\u0027\u0022",
        "Expires": "-1",
        "Pragma": "no-cache",
        "request-id": "1e5c7a03-2db6-1452-4465-d49aa417dce4",
        "Strict-Transport-Security": "max-age=31536000; includeSubDomains",
        "X-Cache": "CONFIG_NOCACHE",
        "X-Content-Type-Options": "nosniff",
        "x-ms-client-request-id": "1e5c7a03-2db6-1452-4465-d49aa417dce4",
        "x-ms-correlation-request-id": "046c487e-b086-49f9-ad65-731b56cc1042",
        "x-ms-operation-identifier": "appId=d94cc892-198d-43c4-ad2d-9050e915aa58,tenantId=72f988bf-86f1-41af-91ab-2d7cd011db47,objectId=d8bad258-9b3f-4126-b73e-2708d24315d5/eastus2euap/f91e0f32-918f-458a-b183-30bc32c18573",
        "x-ms-ratelimit-remaining-subscription-writes": "1190",
        "x-ms-request-id": "1e5c7a03-2db6-1452-4465-d49aa417dce4",
        "x-ms-routing-request-id": "EASTUS2EUAP:20231020T013353Z:046c487e-b086-49f9-ad65-731b56cc1042",
        "X-MSEdge-Ref": "Ref A: 65477574BA91474291FF469CA506ED38 Ref B: CO6AA3150220053 Ref C: 2023-10-20T01:33:46Z"
      },
      "ResponseBody": {
        "id": "/subscriptions/c4a547de-4411-4447-964d-1edbc72cf116/resourceGroups/sdk-test5142/providers/Microsoft.Search/searchServices/search9208",
        "name": "search9208",
        "type": "Microsoft.Search/searchServices",
        "location": "East US 2 EUAP",
        "tags": {},
        "properties": {
          "replicaCount": 3,
          "partitionCount": 1,
          "status": "provisioning",
          "statusDetails": "",
          "provisioningState": "provisioning",
          "hostingMode": "default",
          "publicNetworkAccess": "Enabled",
          "networkRuleSet": {
            "ipRules": [],
            "bypass": "None"
          },
          "privateEndpointConnections": [],
          "sharedPrivateLinkResources": [],
          "encryptionWithCmk": {
            "enforcement": "Unspecified",
            "encryptionComplianceStatus": "Compliant"
          },
          "disableLocalAuth": false,
          "authOptions": {
            "apiKeyOnly": {}
          },
          "semanticSearch": "disabled"
        },
        "sku": {
          "name": "standard"
        }
      }
    },
    {
      "RequestUri": "https://eastus2euap.management.azure.com/subscriptions/c4a547de-4411-4447-964d-1edbc72cf116/resourceGroups/sdk-test5142/providers/Microsoft.Search/searchServices/search9208?api-version=2023-11-01",
      "RequestMethod": "GET",
      "RequestHeaders": {
        "Authorization": "Sanitized",
        "traceparent": "00-7910e18212592c432f760f67df0ee5c5-ca4518968b553f10-00",
        "User-Agent": "azsdk-net-ResourceManager/1.7.0 (.NET 7.0.12; Microsoft Windows 10.0.22621)",
        "x-ms-client-request-id": "f73301f1b2c3defe8fe87fd51f9f2331",
        "x-ms-return-client-request-id": "true"
      },
      "RequestBody": null,
      "StatusCode": 200,
      "ResponseHeaders": {
        "Cache-Control": "no-cache",
        "client-request-id": "f73301f1-b2c3-defe-8fe8-7fd51f9f2331",
        "Content-Length": "739",
        "Content-Type": "application/json; charset=utf-8",
        "Date": "Fri, 20 Oct 2023 01:33:54 GMT",
        "elapsed-time": "214",
        "ETag": "W/\u0022datetime\u00272023-10-20T01%3A33%3A53.5877474Z\u0027\u0022",
        "Expires": "-1",
        "Pragma": "no-cache",
        "request-id": "f73301f1-b2c3-defe-8fe8-7fd51f9f2331",
        "Strict-Transport-Security": "max-age=31536000; includeSubDomains",
        "X-Cache": "CONFIG_NOCACHE",
        "X-Content-Type-Options": "nosniff",
        "x-ms-client-request-id": "f73301f1-b2c3-defe-8fe8-7fd51f9f2331",
        "x-ms-correlation-request-id": "656efcbd-2a0c-43ef-aec1-335e123397b1",
        "x-ms-ratelimit-remaining-subscription-reads": "11837",
        "x-ms-request-id": "f73301f1-b2c3-defe-8fe8-7fd51f9f2331",
        "x-ms-routing-request-id": "EASTUS2EUAP:20231020T013354Z:656efcbd-2a0c-43ef-aec1-335e123397b1",
        "X-MSEdge-Ref": "Ref A: D42E3E591A864D29A5D853CF003E107A Ref B: CO6AA3150220053 Ref C: 2023-10-20T01:33:53Z"
      },
      "ResponseBody": {
        "id": "/subscriptions/c4a547de-4411-4447-964d-1edbc72cf116/resourceGroups/sdk-test5142/providers/Microsoft.Search/searchServices/search9208",
        "name": "search9208",
        "type": "Microsoft.Search/searchServices",
        "location": "East US 2 EUAP",
        "tags": {},
        "properties": {
          "replicaCount": 3,
          "partitionCount": 1,
          "status": "provisioning",
          "statusDetails": "",
          "provisioningState": "provisioning",
          "hostingMode": "default",
          "publicNetworkAccess": "Enabled",
          "networkRuleSet": {
            "ipRules": [],
            "bypass": "None"
          },
          "privateEndpointConnections": [],
          "sharedPrivateLinkResources": [],
          "encryptionWithCmk": {
            "enforcement": "Unspecified",
            "encryptionComplianceStatus": "Compliant"
          },
          "disableLocalAuth": false,
          "authOptions": {
            "apiKeyOnly": {}
          },
          "semanticSearch": "disabled"
        },
        "sku": {
          "name": "standard"
        }
      }
    },
    {
      "RequestUri": "https://eastus2euap.management.azure.com/subscriptions/c4a547de-4411-4447-964d-1edbc72cf116/resourceGroups/sdk-test5142/providers/Microsoft.Search/searchServices/search9208?api-version=2023-11-01",
      "RequestMethod": "GET",
      "RequestHeaders": {
        "Authorization": "Sanitized",
        "traceparent": "00-7910e18212592c432f760f67df0ee5c5-91ecc4c1ad325a8d-00",
        "User-Agent": "azsdk-net-ResourceManager/1.7.0 (.NET 7.0.12; Microsoft Windows 10.0.22621)",
        "x-ms-client-request-id": "2693c9e4682ef7f8a5a7d8f92fc912b4",
        "x-ms-return-client-request-id": "true"
      },
      "RequestBody": null,
      "StatusCode": 200,
      "ResponseHeaders": {
        "Cache-Control": "no-cache",
        "client-request-id": "2693c9e4-682e-f7f8-a5a7-d8f92fc912b4",
        "Content-Length": "739",
        "Content-Type": "application/json; charset=utf-8",
        "Date": "Fri, 20 Oct 2023 01:33:55 GMT",
        "elapsed-time": "167",
        "ETag": "W/\u0022datetime\u00272023-10-20T01%3A33%3A53.5877474Z\u0027\u0022",
        "Expires": "-1",
        "Pragma": "no-cache",
        "request-id": "2693c9e4-682e-f7f8-a5a7-d8f92fc912b4",
        "Strict-Transport-Security": "max-age=31536000; includeSubDomains",
        "X-Cache": "CONFIG_NOCACHE",
        "X-Content-Type-Options": "nosniff",
        "x-ms-client-request-id": "2693c9e4-682e-f7f8-a5a7-d8f92fc912b4",
        "x-ms-correlation-request-id": "2dc670eb-5ce0-4345-9bba-843e628b8462",
        "x-ms-ratelimit-remaining-subscription-reads": "11836",
        "x-ms-request-id": "2693c9e4-682e-f7f8-a5a7-d8f92fc912b4",
        "x-ms-routing-request-id": "EASTUS2EUAP:20231020T013355Z:2dc670eb-5ce0-4345-9bba-843e628b8462",
        "X-MSEdge-Ref": "Ref A: E0EB96FA31AE4E02AD201A62E8465DEF Ref B: CO6AA3150220053 Ref C: 2023-10-20T01:33:55Z"
      },
      "ResponseBody": {
        "id": "/subscriptions/c4a547de-4411-4447-964d-1edbc72cf116/resourceGroups/sdk-test5142/providers/Microsoft.Search/searchServices/search9208",
        "name": "search9208",
        "type": "Microsoft.Search/searchServices",
        "location": "East US 2 EUAP",
        "tags": {},
        "properties": {
          "replicaCount": 3,
          "partitionCount": 1,
          "status": "provisioning",
          "statusDetails": "",
          "provisioningState": "provisioning",
          "hostingMode": "default",
          "publicNetworkAccess": "Enabled",
          "networkRuleSet": {
            "ipRules": [],
            "bypass": "None"
          },
          "privateEndpointConnections": [],
          "sharedPrivateLinkResources": [],
          "encryptionWithCmk": {
            "enforcement": "Unspecified",
            "encryptionComplianceStatus": "Compliant"
          },
          "disableLocalAuth": false,
          "authOptions": {
            "apiKeyOnly": {}
          },
          "semanticSearch": "disabled"
        },
        "sku": {
          "name": "standard"
        }
      }
    },
    {
      "RequestUri": "https://eastus2euap.management.azure.com/subscriptions/c4a547de-4411-4447-964d-1edbc72cf116/resourceGroups/sdk-test5142/providers/Microsoft.Search/searchServices/search9208?api-version=2023-11-01",
      "RequestMethod": "GET",
      "RequestHeaders": {
        "Authorization": "Sanitized",
        "traceparent": "00-7910e18212592c432f760f67df0ee5c5-7f9c624d98bdfebf-00",
        "User-Agent": "azsdk-net-ResourceManager/1.7.0 (.NET 7.0.12; Microsoft Windows 10.0.22621)",
        "x-ms-client-request-id": "a3a9342fe5e306201fe221a18cff95a6",
        "x-ms-return-client-request-id": "true"
      },
      "RequestBody": null,
      "StatusCode": 200,
      "ResponseHeaders": {
        "Cache-Control": "no-cache",
        "client-request-id": "a3a9342f-e5e3-0620-1fe2-21a18cff95a6",
        "Content-Length": "739",
        "Content-Type": "application/json; charset=utf-8",
        "Date": "Fri, 20 Oct 2023 01:33:56 GMT",
        "elapsed-time": "163",
        "ETag": "W/\u0022datetime\u00272023-10-20T01%3A33%3A53.5877474Z\u0027\u0022",
        "Expires": "-1",
        "Pragma": "no-cache",
        "request-id": "a3a9342f-e5e3-0620-1fe2-21a18cff95a6",
        "Strict-Transport-Security": "max-age=31536000; includeSubDomains",
        "X-Cache": "CONFIG_NOCACHE",
        "X-Content-Type-Options": "nosniff",
        "x-ms-client-request-id": "a3a9342f-e5e3-0620-1fe2-21a18cff95a6",
        "x-ms-correlation-request-id": "0ae8dbad-4a1a-48fb-8ef4-b80d9e2a4bbf",
        "x-ms-ratelimit-remaining-subscription-reads": "11835",
        "x-ms-request-id": "a3a9342f-e5e3-0620-1fe2-21a18cff95a6",
        "x-ms-routing-request-id": "EASTUS2EUAP:20231020T013356Z:0ae8dbad-4a1a-48fb-8ef4-b80d9e2a4bbf",
        "X-MSEdge-Ref": "Ref A: 9EBF5A2A60E14A31B20806D3847D0C10 Ref B: CO6AA3150220053 Ref C: 2023-10-20T01:33:56Z"
      },
      "ResponseBody": {
        "id": "/subscriptions/c4a547de-4411-4447-964d-1edbc72cf116/resourceGroups/sdk-test5142/providers/Microsoft.Search/searchServices/search9208",
        "name": "search9208",
        "type": "Microsoft.Search/searchServices",
        "location": "East US 2 EUAP",
        "tags": {},
        "properties": {
          "replicaCount": 3,
          "partitionCount": 1,
          "status": "provisioning",
          "statusDetails": "",
          "provisioningState": "provisioning",
          "hostingMode": "default",
          "publicNetworkAccess": "Enabled",
          "networkRuleSet": {
            "ipRules": [],
            "bypass": "None"
          },
          "privateEndpointConnections": [],
          "sharedPrivateLinkResources": [],
          "encryptionWithCmk": {
            "enforcement": "Unspecified",
            "encryptionComplianceStatus": "Compliant"
          },
          "disableLocalAuth": false,
          "authOptions": {
            "apiKeyOnly": {}
          },
          "semanticSearch": "disabled"
        },
        "sku": {
          "name": "standard"
        }
      }
    },
    {
      "RequestUri": "https://eastus2euap.management.azure.com/subscriptions/c4a547de-4411-4447-964d-1edbc72cf116/resourceGroups/sdk-test5142/providers/Microsoft.Search/searchServices/search9208?api-version=2023-11-01",
      "RequestMethod": "GET",
      "RequestHeaders": {
        "Authorization": "Sanitized",
        "traceparent": "00-7910e18212592c432f760f67df0ee5c5-fce72995eac143c3-00",
        "User-Agent": "azsdk-net-ResourceManager/1.7.0 (.NET 7.0.12; Microsoft Windows 10.0.22621)",
        "x-ms-client-request-id": "38a4cc9910fb8871083b511cda05aec5",
        "x-ms-return-client-request-id": "true"
      },
      "RequestBody": null,
      "StatusCode": 200,
      "ResponseHeaders": {
        "Cache-Control": "no-cache",
        "client-request-id": "38a4cc99-10fb-8871-083b-511cda05aec5",
        "Content-Length": "739",
        "Content-Type": "application/json; charset=utf-8",
        "Date": "Fri, 20 Oct 2023 01:33:57 GMT",
        "elapsed-time": "160",
        "ETag": "W/\u0022datetime\u00272023-10-20T01%3A33%3A53.5877474Z\u0027\u0022",
        "Expires": "-1",
        "Pragma": "no-cache",
        "request-id": "38a4cc99-10fb-8871-083b-511cda05aec5",
        "Strict-Transport-Security": "max-age=31536000; includeSubDomains",
        "X-Cache": "CONFIG_NOCACHE",
        "X-Content-Type-Options": "nosniff",
        "x-ms-client-request-id": "38a4cc99-10fb-8871-083b-511cda05aec5",
        "x-ms-correlation-request-id": "d56c8145-fceb-4134-955c-01847d1aa512",
        "x-ms-ratelimit-remaining-subscription-reads": "11834",
        "x-ms-request-id": "38a4cc99-10fb-8871-083b-511cda05aec5",
        "x-ms-routing-request-id": "EASTUS2EUAP:20231020T013357Z:d56c8145-fceb-4134-955c-01847d1aa512",
        "X-MSEdge-Ref": "Ref A: 4C2BE494ADCF4EFB8B64EA03BD9B0E47 Ref B: CO6AA3150220053 Ref C: 2023-10-20T01:33:57Z"
      },
      "ResponseBody": {
        "id": "/subscriptions/c4a547de-4411-4447-964d-1edbc72cf116/resourceGroups/sdk-test5142/providers/Microsoft.Search/searchServices/search9208",
        "name": "search9208",
        "type": "Microsoft.Search/searchServices",
        "location": "East US 2 EUAP",
        "tags": {},
        "properties": {
          "replicaCount": 3,
          "partitionCount": 1,
          "status": "provisioning",
          "statusDetails": "",
          "provisioningState": "provisioning",
          "hostingMode": "default",
          "publicNetworkAccess": "Enabled",
          "networkRuleSet": {
            "ipRules": [],
            "bypass": "None"
          },
          "privateEndpointConnections": [],
          "sharedPrivateLinkResources": [],
          "encryptionWithCmk": {
            "enforcement": "Unspecified",
            "encryptionComplianceStatus": "Compliant"
          },
          "disableLocalAuth": false,
          "authOptions": {
            "apiKeyOnly": {}
          },
          "semanticSearch": "disabled"
        },
        "sku": {
          "name": "standard"
        }
      }
    },
    {
      "RequestUri": "https://eastus2euap.management.azure.com/subscriptions/c4a547de-4411-4447-964d-1edbc72cf116/resourceGroups/sdk-test5142/providers/Microsoft.Search/searchServices/search9208?api-version=2023-11-01",
      "RequestMethod": "GET",
      "RequestHeaders": {
        "Authorization": "Sanitized",
        "traceparent": "00-7910e18212592c432f760f67df0ee5c5-355feccd374b7e2d-00",
        "User-Agent": "azsdk-net-ResourceManager/1.7.0 (.NET 7.0.12; Microsoft Windows 10.0.22621)",
        "x-ms-client-request-id": "eba5cad680f5ff4da88d074b46576ba6",
        "x-ms-return-client-request-id": "true"
      },
      "RequestBody": null,
      "StatusCode": 200,
      "ResponseHeaders": {
        "Cache-Control": "no-cache",
        "client-request-id": "eba5cad6-80f5-ff4d-a88d-074b46576ba6",
        "Content-Length": "739",
        "Content-Type": "application/json; charset=utf-8",
        "Date": "Fri, 20 Oct 2023 01:34:00 GMT",
        "elapsed-time": "228",
        "ETag": "W/\u0022datetime\u00272023-10-20T01%3A33%3A53.5877474Z\u0027\u0022",
        "Expires": "-1",
        "Pragma": "no-cache",
        "request-id": "eba5cad6-80f5-ff4d-a88d-074b46576ba6",
        "Strict-Transport-Security": "max-age=31536000; includeSubDomains",
        "X-Cache": "CONFIG_NOCACHE",
        "X-Content-Type-Options": "nosniff",
        "x-ms-client-request-id": "eba5cad6-80f5-ff4d-a88d-074b46576ba6",
        "x-ms-correlation-request-id": "cb74a788-f4d1-4dc4-9b90-b00bad7a56c5",
        "x-ms-ratelimit-remaining-subscription-reads": "11833",
        "x-ms-request-id": "eba5cad6-80f5-ff4d-a88d-074b46576ba6",
        "x-ms-routing-request-id": "EASTUS2EUAP:20231020T013400Z:cb74a788-f4d1-4dc4-9b90-b00bad7a56c5",
        "X-MSEdge-Ref": "Ref A: C364F99F495347FAA81573FA8DAC5C8D Ref B: CO6AA3150220053 Ref C: 2023-10-20T01:33:59Z"
      },
      "ResponseBody": {
        "id": "/subscriptions/c4a547de-4411-4447-964d-1edbc72cf116/resourceGroups/sdk-test5142/providers/Microsoft.Search/searchServices/search9208",
        "name": "search9208",
        "type": "Microsoft.Search/searchServices",
        "location": "East US 2 EUAP",
        "tags": {},
        "properties": {
          "replicaCount": 3,
          "partitionCount": 1,
          "status": "provisioning",
          "statusDetails": "",
          "provisioningState": "provisioning",
          "hostingMode": "default",
          "publicNetworkAccess": "Enabled",
          "networkRuleSet": {
            "ipRules": [],
            "bypass": "None"
          },
          "privateEndpointConnections": [],
          "sharedPrivateLinkResources": [],
          "encryptionWithCmk": {
            "enforcement": "Unspecified",
            "encryptionComplianceStatus": "Compliant"
          },
          "disableLocalAuth": false,
          "authOptions": {
            "apiKeyOnly": {}
          },
          "semanticSearch": "disabled"
        },
        "sku": {
          "name": "standard"
        }
      }
    },
    {
      "RequestUri": "https://eastus2euap.management.azure.com/subscriptions/c4a547de-4411-4447-964d-1edbc72cf116/resourceGroups/sdk-test5142/providers/Microsoft.Search/searchServices/search9208?api-version=2023-11-01",
      "RequestMethod": "GET",
      "RequestHeaders": {
        "Authorization": "Sanitized",
        "traceparent": "00-7910e18212592c432f760f67df0ee5c5-755117ba5b312402-00",
        "User-Agent": "azsdk-net-ResourceManager/1.7.0 (.NET 7.0.12; Microsoft Windows 10.0.22621)",
        "x-ms-client-request-id": "625f3111d9251fb8c2209aa893032c19",
        "x-ms-return-client-request-id": "true"
      },
      "RequestBody": null,
      "StatusCode": 200,
      "ResponseHeaders": {
        "Cache-Control": "no-cache",
        "client-request-id": "625f3111-d925-1fb8-c220-9aa893032c19",
        "Content-Length": "739",
        "Content-Type": "application/json; charset=utf-8",
        "Date": "Fri, 20 Oct 2023 01:34:04 GMT",
        "elapsed-time": "248",
        "ETag": "W/\u0022datetime\u00272023-10-20T01%3A33%3A53.5877474Z\u0027\u0022",
        "Expires": "-1",
        "Pragma": "no-cache",
        "request-id": "625f3111-d925-1fb8-c220-9aa893032c19",
        "Strict-Transport-Security": "max-age=31536000; includeSubDomains",
        "X-Cache": "CONFIG_NOCACHE",
        "X-Content-Type-Options": "nosniff",
        "x-ms-client-request-id": "625f3111-d925-1fb8-c220-9aa893032c19",
        "x-ms-correlation-request-id": "bb719a80-156f-43cf-80f0-bdeabac39009",
        "x-ms-ratelimit-remaining-subscription-reads": "11832",
        "x-ms-request-id": "625f3111-d925-1fb8-c220-9aa893032c19",
        "x-ms-routing-request-id": "EASTUS2EUAP:20231020T013404Z:bb719a80-156f-43cf-80f0-bdeabac39009",
        "X-MSEdge-Ref": "Ref A: CB137F3905B24D80A278AC7900546FBB Ref B: CO6AA3150220053 Ref C: 2023-10-20T01:34:04Z"
      },
      "ResponseBody": {
        "id": "/subscriptions/c4a547de-4411-4447-964d-1edbc72cf116/resourceGroups/sdk-test5142/providers/Microsoft.Search/searchServices/search9208",
        "name": "search9208",
        "type": "Microsoft.Search/searchServices",
        "location": "East US 2 EUAP",
        "tags": {},
        "properties": {
          "replicaCount": 3,
          "partitionCount": 1,
          "status": "provisioning",
          "statusDetails": "",
          "provisioningState": "provisioning",
          "hostingMode": "default",
          "publicNetworkAccess": "Enabled",
          "networkRuleSet": {
            "ipRules": [],
            "bypass": "None"
          },
          "privateEndpointConnections": [],
          "sharedPrivateLinkResources": [],
          "encryptionWithCmk": {
            "enforcement": "Unspecified",
            "encryptionComplianceStatus": "Compliant"
          },
          "disableLocalAuth": false,
          "authOptions": {
            "apiKeyOnly": {}
          },
          "semanticSearch": "disabled"
        },
        "sku": {
          "name": "standard"
        }
      }
    },
    {
      "RequestUri": "https://eastus2euap.management.azure.com/subscriptions/c4a547de-4411-4447-964d-1edbc72cf116/resourceGroups/sdk-test5142/providers/Microsoft.Search/searchServices/search9208?api-version=2023-11-01",
      "RequestMethod": "GET",
      "RequestHeaders": {
        "Authorization": "Sanitized",
        "traceparent": "00-7910e18212592c432f760f67df0ee5c5-f6e1cef5448ad9b1-00",
        "User-Agent": "azsdk-net-ResourceManager/1.7.0 (.NET 7.0.12; Microsoft Windows 10.0.22621)",
        "x-ms-client-request-id": "c2cb5c33aa5919b07fa5906e082642b1",
        "x-ms-return-client-request-id": "true"
      },
      "RequestBody": null,
      "StatusCode": 200,
      "ResponseHeaders": {
        "Cache-Control": "no-cache",
        "client-request-id": "c2cb5c33-aa59-19b0-7fa5-906e082642b1",
        "Content-Length": "739",
        "Content-Type": "application/json; charset=utf-8",
        "Date": "Fri, 20 Oct 2023 01:34:12 GMT",
        "elapsed-time": "258",
        "ETag": "W/\u0022datetime\u00272023-10-20T01%3A33%3A53.5877474Z\u0027\u0022",
        "Expires": "-1",
        "Pragma": "no-cache",
        "request-id": "c2cb5c33-aa59-19b0-7fa5-906e082642b1",
        "Strict-Transport-Security": "max-age=31536000; includeSubDomains",
        "X-Cache": "CONFIG_NOCACHE",
        "X-Content-Type-Options": "nosniff",
        "x-ms-client-request-id": "c2cb5c33-aa59-19b0-7fa5-906e082642b1",
        "x-ms-correlation-request-id": "68f6281c-9d63-4bf9-af40-b46b45c0ce16",
        "x-ms-ratelimit-remaining-subscription-reads": "11831",
        "x-ms-request-id": "c2cb5c33-aa59-19b0-7fa5-906e082642b1",
        "x-ms-routing-request-id": "EASTUS2EUAP:20231020T013412Z:68f6281c-9d63-4bf9-af40-b46b45c0ce16",
        "X-MSEdge-Ref": "Ref A: 97231CD8877B41178CBF6D1C06C2020C Ref B: CO6AA3150220053 Ref C: 2023-10-20T01:34:12Z"
      },
      "ResponseBody": {
        "id": "/subscriptions/c4a547de-4411-4447-964d-1edbc72cf116/resourceGroups/sdk-test5142/providers/Microsoft.Search/searchServices/search9208",
        "name": "search9208",
        "type": "Microsoft.Search/searchServices",
        "location": "East US 2 EUAP",
        "tags": {},
        "properties": {
          "replicaCount": 3,
          "partitionCount": 1,
          "status": "provisioning",
          "statusDetails": "",
          "provisioningState": "provisioning",
          "hostingMode": "default",
          "publicNetworkAccess": "Enabled",
          "networkRuleSet": {
            "ipRules": [],
            "bypass": "None"
          },
          "privateEndpointConnections": [],
          "sharedPrivateLinkResources": [],
          "encryptionWithCmk": {
            "enforcement": "Unspecified",
            "encryptionComplianceStatus": "Compliant"
          },
          "disableLocalAuth": false,
          "authOptions": {
            "apiKeyOnly": {}
          },
          "semanticSearch": "disabled"
        },
        "sku": {
          "name": "standard"
        }
      }
    },
    {
      "RequestUri": "https://eastus2euap.management.azure.com/subscriptions/c4a547de-4411-4447-964d-1edbc72cf116/resourceGroups/sdk-test5142/providers/Microsoft.Search/searchServices/search9208?api-version=2023-11-01",
      "RequestMethod": "GET",
      "RequestHeaders": {
        "Authorization": "Sanitized",
        "traceparent": "00-7910e18212592c432f760f67df0ee5c5-85ae58e48620d708-00",
        "User-Agent": "azsdk-net-ResourceManager/1.7.0 (.NET 7.0.12; Microsoft Windows 10.0.22621)",
        "x-ms-client-request-id": "a80babd04ca5fc9f118628d5e5a46ca5",
        "x-ms-return-client-request-id": "true"
      },
      "RequestBody": null,
      "StatusCode": 200,
      "ResponseHeaders": {
        "Cache-Control": "no-cache",
        "client-request-id": "a80babd0-4ca5-fc9f-1186-28d5e5a46ca5",
        "Content-Length": "739",
        "Content-Type": "application/json; charset=utf-8",
        "Date": "Fri, 20 Oct 2023 01:34:29 GMT",
        "elapsed-time": "225",
        "ETag": "W/\u0022datetime\u00272023-10-20T01%3A33%3A53.5877474Z\u0027\u0022",
        "Expires": "-1",
        "Pragma": "no-cache",
        "request-id": "a80babd0-4ca5-fc9f-1186-28d5e5a46ca5",
        "Strict-Transport-Security": "max-age=31536000; includeSubDomains",
        "X-Cache": "CONFIG_NOCACHE",
        "X-Content-Type-Options": "nosniff",
        "x-ms-client-request-id": "a80babd0-4ca5-fc9f-1186-28d5e5a46ca5",
        "x-ms-correlation-request-id": "4751b93a-e289-4714-bb47-fe52f4dfde0b",
        "x-ms-ratelimit-remaining-subscription-reads": "11830",
        "x-ms-request-id": "a80babd0-4ca5-fc9f-1186-28d5e5a46ca5",
        "x-ms-routing-request-id": "EASTUS2EUAP:20231020T013429Z:4751b93a-e289-4714-bb47-fe52f4dfde0b",
        "X-MSEdge-Ref": "Ref A: C0AD2761111141CBA0D19E0CA76692BA Ref B: CO6AA3150220053 Ref C: 2023-10-20T01:34:29Z"
      },
      "ResponseBody": {
        "id": "/subscriptions/c4a547de-4411-4447-964d-1edbc72cf116/resourceGroups/sdk-test5142/providers/Microsoft.Search/searchServices/search9208",
        "name": "search9208",
        "type": "Microsoft.Search/searchServices",
        "location": "East US 2 EUAP",
        "tags": {},
        "properties": {
          "replicaCount": 3,
          "partitionCount": 1,
          "status": "provisioning",
          "statusDetails": "",
          "provisioningState": "provisioning",
          "hostingMode": "default",
          "publicNetworkAccess": "Enabled",
          "networkRuleSet": {
            "ipRules": [],
            "bypass": "None"
          },
          "privateEndpointConnections": [],
          "sharedPrivateLinkResources": [],
          "encryptionWithCmk": {
            "enforcement": "Unspecified",
            "encryptionComplianceStatus": "Compliant"
          },
          "disableLocalAuth": false,
          "authOptions": {
            "apiKeyOnly": {}
          },
          "semanticSearch": "disabled"
        },
        "sku": {
          "name": "standard"
        }
      }
    },
    {
      "RequestUri": "https://eastus2euap.management.azure.com/subscriptions/c4a547de-4411-4447-964d-1edbc72cf116/resourceGroups/sdk-test5142/providers/Microsoft.Search/searchServices/search9208?api-version=2023-11-01",
      "RequestMethod": "GET",
      "RequestHeaders": {
        "Authorization": "Sanitized",
        "traceparent": "00-7910e18212592c432f760f67df0ee5c5-5ada886f4e3c4b22-00",
        "User-Agent": "azsdk-net-ResourceManager/1.7.0 (.NET 7.0.12; Microsoft Windows 10.0.22621)",
        "x-ms-client-request-id": "ea18ed60a88c674c8146e2804949169c",
        "x-ms-return-client-request-id": "true"
      },
      "RequestBody": null,
      "StatusCode": 200,
      "ResponseHeaders": {
        "Cache-Control": "no-cache",
        "client-request-id": "ea18ed60-a88c-674c-8146-e2804949169c",
        "Content-Length": "739",
        "Content-Type": "application/json; charset=utf-8",
        "Date": "Fri, 20 Oct 2023 01:35:01 GMT",
        "elapsed-time": "174",
        "ETag": "W/\u0022datetime\u00272023-10-20T01%3A33%3A53.5877474Z\u0027\u0022",
        "Expires": "-1",
        "Pragma": "no-cache",
        "request-id": "ea18ed60-a88c-674c-8146-e2804949169c",
        "Strict-Transport-Security": "max-age=31536000; includeSubDomains",
        "X-Cache": "CONFIG_NOCACHE",
        "X-Content-Type-Options": "nosniff",
        "x-ms-client-request-id": "ea18ed60-a88c-674c-8146-e2804949169c",
        "x-ms-correlation-request-id": "9a8d2959-fb95-4bcb-834a-d8b73cd01aa5",
        "x-ms-ratelimit-remaining-subscription-reads": "11839",
        "x-ms-request-id": "ea18ed60-a88c-674c-8146-e2804949169c",
        "x-ms-routing-request-id": "EASTUS2EUAP:20231020T013501Z:9a8d2959-fb95-4bcb-834a-d8b73cd01aa5",
        "X-MSEdge-Ref": "Ref A: 31A068CD54A442579AD580B18638E4C2 Ref B: CO6AA3150220053 Ref C: 2023-10-20T01:35:01Z"
      },
      "ResponseBody": {
        "id": "/subscriptions/c4a547de-4411-4447-964d-1edbc72cf116/resourceGroups/sdk-test5142/providers/Microsoft.Search/searchServices/search9208",
        "name": "search9208",
        "type": "Microsoft.Search/searchServices",
        "location": "East US 2 EUAP",
        "tags": {},
        "properties": {
          "replicaCount": 3,
          "partitionCount": 1,
          "status": "provisioning",
          "statusDetails": "",
          "provisioningState": "provisioning",
          "hostingMode": "default",
          "publicNetworkAccess": "Enabled",
          "networkRuleSet": {
            "ipRules": [],
            "bypass": "None"
          },
          "privateEndpointConnections": [],
          "sharedPrivateLinkResources": [],
          "encryptionWithCmk": {
            "enforcement": "Unspecified",
            "encryptionComplianceStatus": "Compliant"
          },
          "disableLocalAuth": false,
          "authOptions": {
            "apiKeyOnly": {}
          },
          "semanticSearch": "disabled"
        },
        "sku": {
          "name": "standard"
        }
      }
    },
    {
      "RequestUri": "https://eastus2euap.management.azure.com/subscriptions/c4a547de-4411-4447-964d-1edbc72cf116/resourceGroups/sdk-test5142/providers/Microsoft.Search/searchServices/search9208?api-version=2023-11-01",
      "RequestMethod": "GET",
      "RequestHeaders": {
        "Authorization": "Sanitized",
        "traceparent": "00-7910e18212592c432f760f67df0ee5c5-cb01bad5da0bbd06-00",
        "User-Agent": "azsdk-net-ResourceManager/1.7.0 (.NET 7.0.12; Microsoft Windows 10.0.22621)",
        "x-ms-client-request-id": "e8d8e9de83f8e673bcceb0d381db34da",
        "x-ms-return-client-request-id": "true"
      },
      "RequestBody": null,
      "StatusCode": 200,
      "ResponseHeaders": {
        "Cache-Control": "no-cache",
        "client-request-id": "e8d8e9de-83f8-e673-bcce-b0d381db34da",
        "Content-Length": "739",
        "Content-Type": "application/json; charset=utf-8",
        "Date": "Fri, 20 Oct 2023 01:35:33 GMT",
        "elapsed-time": "160",
        "ETag": "W/\u0022datetime\u00272023-10-20T01%3A33%3A53.5877474Z\u0027\u0022",
        "Expires": "-1",
        "Pragma": "no-cache",
        "request-id": "e8d8e9de-83f8-e673-bcce-b0d381db34da",
        "Strict-Transport-Security": "max-age=31536000; includeSubDomains",
        "X-Cache": "CONFIG_NOCACHE",
        "X-Content-Type-Options": "nosniff",
        "x-ms-client-request-id": "e8d8e9de-83f8-e673-bcce-b0d381db34da",
        "x-ms-correlation-request-id": "4bea9f2a-7b5d-49f8-86d5-6f627629819a",
        "x-ms-ratelimit-remaining-subscription-reads": "11838",
        "x-ms-request-id": "e8d8e9de-83f8-e673-bcce-b0d381db34da",
        "x-ms-routing-request-id": "EASTUS2EUAP:20231020T013533Z:4bea9f2a-7b5d-49f8-86d5-6f627629819a",
        "X-MSEdge-Ref": "Ref A: 175478E425F94C39B7245677C7371FCF Ref B: CO6AA3150220053 Ref C: 2023-10-20T01:35:33Z"
      },
      "ResponseBody": {
        "id": "/subscriptions/c4a547de-4411-4447-964d-1edbc72cf116/resourceGroups/sdk-test5142/providers/Microsoft.Search/searchServices/search9208",
        "name": "search9208",
        "type": "Microsoft.Search/searchServices",
        "location": "East US 2 EUAP",
        "tags": {},
        "properties": {
          "replicaCount": 3,
          "partitionCount": 1,
          "status": "provisioning",
          "statusDetails": "",
          "provisioningState": "provisioning",
          "hostingMode": "default",
          "publicNetworkAccess": "Enabled",
          "networkRuleSet": {
            "ipRules": [],
            "bypass": "None"
          },
          "privateEndpointConnections": [],
          "sharedPrivateLinkResources": [],
          "encryptionWithCmk": {
            "enforcement": "Unspecified",
            "encryptionComplianceStatus": "Compliant"
          },
          "disableLocalAuth": false,
          "authOptions": {
            "apiKeyOnly": {}
          },
          "semanticSearch": "disabled"
        },
        "sku": {
          "name": "standard"
        }
      }
    },
    {
      "RequestUri": "https://eastus2euap.management.azure.com/subscriptions/c4a547de-4411-4447-964d-1edbc72cf116/resourceGroups/sdk-test5142/providers/Microsoft.Search/searchServices/search9208?api-version=2023-11-01",
      "RequestMethod": "GET",
      "RequestHeaders": {
        "Authorization": "Sanitized",
        "traceparent": "00-7910e18212592c432f760f67df0ee5c5-23d6d21bbde3b680-00",
        "User-Agent": "azsdk-net-ResourceManager/1.7.0 (.NET 7.0.12; Microsoft Windows 10.0.22621)",
        "x-ms-client-request-id": "1b0eea39580d27245ea3275f691fb3c7",
        "x-ms-return-client-request-id": "true"
      },
      "RequestBody": null,
      "StatusCode": 200,
      "ResponseHeaders": {
        "Cache-Control": "no-cache",
        "client-request-id": "1b0eea39-580d-2724-5ea3-275f691fb3c7",
        "Content-Length": "739",
        "Content-Type": "application/json; charset=utf-8",
        "Date": "Fri, 20 Oct 2023 01:36:05 GMT",
        "elapsed-time": "295",
        "ETag": "W/\u0022datetime\u00272023-10-20T01%3A33%3A53.5877474Z\u0027\u0022",
        "Expires": "-1",
        "Pragma": "no-cache",
        "request-id": "1b0eea39-580d-2724-5ea3-275f691fb3c7",
        "Strict-Transport-Security": "max-age=31536000; includeSubDomains",
        "X-Cache": "CONFIG_NOCACHE",
        "X-Content-Type-Options": "nosniff",
        "x-ms-client-request-id": "1b0eea39-580d-2724-5ea3-275f691fb3c7",
        "x-ms-correlation-request-id": "1bdd92f6-df36-4b21-8e4b-bc17da869cdc",
        "x-ms-ratelimit-remaining-subscription-reads": "11837",
        "x-ms-request-id": "1b0eea39-580d-2724-5ea3-275f691fb3c7",
        "x-ms-routing-request-id": "EASTUS2EUAP:20231020T013606Z:1bdd92f6-df36-4b21-8e4b-bc17da869cdc",
        "X-MSEdge-Ref": "Ref A: 4A90D69469384EDC8B3E53F36FFF794D Ref B: CO6AA3150220053 Ref C: 2023-10-20T01:36:05Z"
      },
      "ResponseBody": {
        "id": "/subscriptions/c4a547de-4411-4447-964d-1edbc72cf116/resourceGroups/sdk-test5142/providers/Microsoft.Search/searchServices/search9208",
        "name": "search9208",
        "type": "Microsoft.Search/searchServices",
        "location": "East US 2 EUAP",
        "tags": {},
        "properties": {
          "replicaCount": 3,
          "partitionCount": 1,
          "status": "provisioning",
          "statusDetails": "",
          "provisioningState": "provisioning",
          "hostingMode": "default",
          "publicNetworkAccess": "Enabled",
          "networkRuleSet": {
            "ipRules": [],
            "bypass": "None"
          },
          "privateEndpointConnections": [],
          "sharedPrivateLinkResources": [],
          "encryptionWithCmk": {
            "enforcement": "Unspecified",
            "encryptionComplianceStatus": "Compliant"
          },
          "disableLocalAuth": false,
          "authOptions": {
            "apiKeyOnly": {}
          },
          "semanticSearch": "disabled"
        },
        "sku": {
          "name": "standard"
        }
      }
    },
    {
      "RequestUri": "https://eastus2euap.management.azure.com/subscriptions/c4a547de-4411-4447-964d-1edbc72cf116/resourceGroups/sdk-test5142/providers/Microsoft.Search/searchServices/search9208?api-version=2023-11-01",
      "RequestMethod": "GET",
      "RequestHeaders": {
        "Authorization": "Sanitized",
        "traceparent": "00-7910e18212592c432f760f67df0ee5c5-4a471ff0a15dd24b-00",
        "User-Agent": "azsdk-net-ResourceManager/1.7.0 (.NET 7.0.12; Microsoft Windows 10.0.22621)",
        "x-ms-client-request-id": "fbf68c6f83ccdcac79312dbdf879e6a5",
        "x-ms-return-client-request-id": "true"
      },
      "RequestBody": null,
      "StatusCode": 200,
      "ResponseHeaders": {
        "Cache-Control": "no-cache",
        "client-request-id": "fbf68c6f-83cc-dcac-7931-2dbdf879e6a5",
        "Content-Length": "739",
        "Content-Type": "application/json; charset=utf-8",
        "Date": "Fri, 20 Oct 2023 01:36:38 GMT",
        "elapsed-time": "282",
        "ETag": "W/\u0022datetime\u00272023-10-20T01%3A33%3A53.5877474Z\u0027\u0022",
        "Expires": "-1",
        "Pragma": "no-cache",
        "request-id": "fbf68c6f-83cc-dcac-7931-2dbdf879e6a5",
        "Strict-Transport-Security": "max-age=31536000; includeSubDomains",
        "X-Cache": "CONFIG_NOCACHE",
        "X-Content-Type-Options": "nosniff",
        "x-ms-client-request-id": "fbf68c6f-83cc-dcac-7931-2dbdf879e6a5",
        "x-ms-correlation-request-id": "e68bfd2a-b036-439b-a9e1-f65621911101",
        "x-ms-ratelimit-remaining-subscription-reads": "11836",
        "x-ms-request-id": "fbf68c6f-83cc-dcac-7931-2dbdf879e6a5",
        "x-ms-routing-request-id": "EASTUS2EUAP:20231020T013638Z:e68bfd2a-b036-439b-a9e1-f65621911101",
        "X-MSEdge-Ref": "Ref A: 7644E0E2D5EA4CEAB0BEA2E3B5817A3D Ref B: CO6AA3150220053 Ref C: 2023-10-20T01:36:38Z"
      },
      "ResponseBody": {
        "id": "/subscriptions/c4a547de-4411-4447-964d-1edbc72cf116/resourceGroups/sdk-test5142/providers/Microsoft.Search/searchServices/search9208",
        "name": "search9208",
        "type": "Microsoft.Search/searchServices",
        "location": "East US 2 EUAP",
        "tags": {},
        "properties": {
          "replicaCount": 3,
          "partitionCount": 1,
          "status": "provisioning",
          "statusDetails": "",
          "provisioningState": "provisioning",
          "hostingMode": "default",
          "publicNetworkAccess": "Enabled",
          "networkRuleSet": {
            "ipRules": [],
            "bypass": "None"
          },
          "privateEndpointConnections": [],
          "sharedPrivateLinkResources": [],
          "encryptionWithCmk": {
            "enforcement": "Unspecified",
            "encryptionComplianceStatus": "Compliant"
          },
          "disableLocalAuth": false,
          "authOptions": {
            "apiKeyOnly": {}
          },
          "semanticSearch": "disabled"
        },
        "sku": {
          "name": "standard"
        }
      }
    },
    {
      "RequestUri": "https://eastus2euap.management.azure.com/subscriptions/c4a547de-4411-4447-964d-1edbc72cf116/resourceGroups/sdk-test5142/providers/Microsoft.Search/searchServices/search9208?api-version=2023-11-01",
      "RequestMethod": "GET",
      "RequestHeaders": {
        "Authorization": "Sanitized",
        "traceparent": "00-7910e18212592c432f760f67df0ee5c5-beb1ff8c7570911b-00",
        "User-Agent": "azsdk-net-ResourceManager/1.7.0 (.NET 7.0.12; Microsoft Windows 10.0.22621)",
        "x-ms-client-request-id": "5e470711fb3b858ec5b089545b147d9d",
        "x-ms-return-client-request-id": "true"
      },
      "RequestBody": null,
      "StatusCode": 200,
      "ResponseHeaders": {
        "Cache-Control": "no-cache",
        "client-request-id": "5e470711-fb3b-858e-c5b0-89545b147d9d",
        "Content-Length": "739",
        "Content-Type": "application/json; charset=utf-8",
        "Date": "Fri, 20 Oct 2023 01:37:10 GMT",
        "elapsed-time": "166",
        "ETag": "W/\u0022datetime\u00272023-10-20T01%3A33%3A53.5877474Z\u0027\u0022",
        "Expires": "-1",
        "Pragma": "no-cache",
        "request-id": "5e470711-fb3b-858e-c5b0-89545b147d9d",
        "Strict-Transport-Security": "max-age=31536000; includeSubDomains",
        "X-Cache": "CONFIG_NOCACHE",
        "X-Content-Type-Options": "nosniff",
        "x-ms-client-request-id": "5e470711-fb3b-858e-c5b0-89545b147d9d",
        "x-ms-correlation-request-id": "0d288590-19ab-47ba-9dfc-da21a5cb8a6b",
        "x-ms-ratelimit-remaining-subscription-reads": "11835",
        "x-ms-request-id": "5e470711-fb3b-858e-c5b0-89545b147d9d",
        "x-ms-routing-request-id": "EASTUS2EUAP:20231020T013711Z:0d288590-19ab-47ba-9dfc-da21a5cb8a6b",
        "X-MSEdge-Ref": "Ref A: 44208A57AC4B4471BBEA648CA1835D9C Ref B: CO6AA3150220053 Ref C: 2023-10-20T01:37:10Z"
      },
      "ResponseBody": {
        "id": "/subscriptions/c4a547de-4411-4447-964d-1edbc72cf116/resourceGroups/sdk-test5142/providers/Microsoft.Search/searchServices/search9208",
        "name": "search9208",
        "type": "Microsoft.Search/searchServices",
        "location": "East US 2 EUAP",
        "tags": {},
        "properties": {
          "replicaCount": 3,
          "partitionCount": 1,
          "status": "provisioning",
          "statusDetails": "",
          "provisioningState": "provisioning",
          "hostingMode": "default",
          "publicNetworkAccess": "Enabled",
          "networkRuleSet": {
            "ipRules": [],
            "bypass": "None"
          },
          "privateEndpointConnections": [],
          "sharedPrivateLinkResources": [],
          "encryptionWithCmk": {
            "enforcement": "Unspecified",
            "encryptionComplianceStatus": "Compliant"
          },
          "disableLocalAuth": false,
          "authOptions": {
            "apiKeyOnly": {}
          },
          "semanticSearch": "disabled"
        },
        "sku": {
          "name": "standard"
        }
      }
    },
    {
      "RequestUri": "https://eastus2euap.management.azure.com/subscriptions/c4a547de-4411-4447-964d-1edbc72cf116/resourceGroups/sdk-test5142/providers/Microsoft.Search/searchServices/search9208?api-version=2023-11-01",
      "RequestMethod": "GET",
      "RequestHeaders": {
        "Authorization": "Sanitized",
        "traceparent": "00-7910e18212592c432f760f67df0ee5c5-f1814f5bfb38a35a-00",
        "User-Agent": "azsdk-net-ResourceManager/1.7.0 (.NET 7.0.12; Microsoft Windows 10.0.22621)",
        "x-ms-client-request-id": "f463e91b39e4b50e3e31a1db2a672fe4",
        "x-ms-return-client-request-id": "true"
      },
      "RequestBody": null,
      "StatusCode": 200,
      "ResponseHeaders": {
        "Cache-Control": "no-cache",
        "client-request-id": "f463e91b-39e4-b50e-3e31-a1db2a672fe4",
        "Content-Length": "739",
        "Content-Type": "application/json; charset=utf-8",
        "Date": "Fri, 20 Oct 2023 01:37:42 GMT",
        "elapsed-time": "277",
        "ETag": "W/\u0022datetime\u00272023-10-20T01%3A33%3A53.5877474Z\u0027\u0022",
        "Expires": "-1",
        "Pragma": "no-cache",
        "request-id": "f463e91b-39e4-b50e-3e31-a1db2a672fe4",
        "Strict-Transport-Security": "max-age=31536000; includeSubDomains",
        "X-Cache": "CONFIG_NOCACHE",
        "X-Content-Type-Options": "nosniff",
        "x-ms-client-request-id": "f463e91b-39e4-b50e-3e31-a1db2a672fe4",
        "x-ms-correlation-request-id": "d923bebf-fd2b-4325-bff1-d8dc26bfd52c",
        "x-ms-ratelimit-remaining-subscription-reads": "11834",
        "x-ms-request-id": "f463e91b-39e4-b50e-3e31-a1db2a672fe4",
        "x-ms-routing-request-id": "EASTUS2EUAP:20231020T013743Z:d923bebf-fd2b-4325-bff1-d8dc26bfd52c",
        "X-MSEdge-Ref": "Ref A: 66BBA2E23E634BBB84BCEF277A249C0D Ref B: CO6AA3150220053 Ref C: 2023-10-20T01:37:43Z"
      },
      "ResponseBody": {
        "id": "/subscriptions/c4a547de-4411-4447-964d-1edbc72cf116/resourceGroups/sdk-test5142/providers/Microsoft.Search/searchServices/search9208",
        "name": "search9208",
        "type": "Microsoft.Search/searchServices",
        "location": "East US 2 EUAP",
        "tags": {},
        "properties": {
          "replicaCount": 3,
          "partitionCount": 1,
          "status": "provisioning",
          "statusDetails": "",
          "provisioningState": "provisioning",
          "hostingMode": "default",
          "publicNetworkAccess": "Enabled",
          "networkRuleSet": {
            "ipRules": [],
            "bypass": "None"
          },
          "privateEndpointConnections": [],
          "sharedPrivateLinkResources": [],
          "encryptionWithCmk": {
            "enforcement": "Unspecified",
            "encryptionComplianceStatus": "Compliant"
          },
          "disableLocalAuth": false,
          "authOptions": {
            "apiKeyOnly": {}
          },
          "semanticSearch": "disabled"
        },
        "sku": {
          "name": "standard"
        }
      }
    },
    {
      "RequestUri": "https://eastus2euap.management.azure.com/subscriptions/c4a547de-4411-4447-964d-1edbc72cf116/resourceGroups/sdk-test5142/providers/Microsoft.Search/searchServices/search9208?api-version=2023-11-01",
      "RequestMethod": "GET",
      "RequestHeaders": {
        "Authorization": "Sanitized",
        "traceparent": "00-7910e18212592c432f760f67df0ee5c5-16854ecd5e34602b-00",
        "User-Agent": "azsdk-net-ResourceManager/1.7.0 (.NET 7.0.12; Microsoft Windows 10.0.22621)",
        "x-ms-client-request-id": "614d82bd54d8748cfd71361bfa588165",
        "x-ms-return-client-request-id": "true"
      },
      "RequestBody": null,
      "StatusCode": 200,
      "ResponseHeaders": {
        "Cache-Control": "no-cache",
        "client-request-id": "614d82bd-54d8-748c-fd71-361bfa588165",
        "Content-Length": "739",
        "Content-Type": "application/json; charset=utf-8",
        "Date": "Fri, 20 Oct 2023 01:38:14 GMT",
        "elapsed-time": "259",
        "ETag": "W/\u0022datetime\u00272023-10-20T01%3A33%3A53.5877474Z\u0027\u0022",
        "Expires": "-1",
        "Pragma": "no-cache",
        "request-id": "614d82bd-54d8-748c-fd71-361bfa588165",
        "Strict-Transport-Security": "max-age=31536000; includeSubDomains",
        "X-Cache": "CONFIG_NOCACHE",
        "X-Content-Type-Options": "nosniff",
        "x-ms-client-request-id": "614d82bd-54d8-748c-fd71-361bfa588165",
        "x-ms-correlation-request-id": "c3ac81a1-283c-446e-b464-74771cde5417",
        "x-ms-ratelimit-remaining-subscription-reads": "11833",
        "x-ms-request-id": "614d82bd-54d8-748c-fd71-361bfa588165",
        "x-ms-routing-request-id": "EASTUS2EUAP:20231020T013815Z:c3ac81a1-283c-446e-b464-74771cde5417",
        "X-MSEdge-Ref": "Ref A: 65FA09DA53D0434EAF21C21C730A0E47 Ref B: CO6AA3150220053 Ref C: 2023-10-20T01:38:15Z"
      },
      "ResponseBody": {
        "id": "/subscriptions/c4a547de-4411-4447-964d-1edbc72cf116/resourceGroups/sdk-test5142/providers/Microsoft.Search/searchServices/search9208",
        "name": "search9208",
        "type": "Microsoft.Search/searchServices",
        "location": "East US 2 EUAP",
        "tags": {},
        "properties": {
          "replicaCount": 3,
          "partitionCount": 1,
          "status": "provisioning",
          "statusDetails": "",
          "provisioningState": "provisioning",
          "hostingMode": "default",
          "publicNetworkAccess": "Enabled",
          "networkRuleSet": {
            "ipRules": [],
            "bypass": "None"
          },
          "privateEndpointConnections": [],
          "sharedPrivateLinkResources": [],
          "encryptionWithCmk": {
            "enforcement": "Unspecified",
            "encryptionComplianceStatus": "Compliant"
          },
          "disableLocalAuth": false,
          "authOptions": {
            "apiKeyOnly": {}
          },
          "semanticSearch": "disabled"
        },
        "sku": {
          "name": "standard"
        }
      }
    },
    {
      "RequestUri": "https://eastus2euap.management.azure.com/subscriptions/c4a547de-4411-4447-964d-1edbc72cf116/resourceGroups/sdk-test5142/providers/Microsoft.Search/searchServices/search9208?api-version=2023-11-01",
      "RequestMethod": "GET",
      "RequestHeaders": {
        "Authorization": "Sanitized",
        "traceparent": "00-7910e18212592c432f760f67df0ee5c5-bf1ae8381ace3cd4-00",
        "User-Agent": "azsdk-net-ResourceManager/1.7.0 (.NET 7.0.12; Microsoft Windows 10.0.22621)",
        "x-ms-client-request-id": "0ea190b4f115d8c1f992200a59b35a5d",
        "x-ms-return-client-request-id": "true"
      },
      "RequestBody": null,
      "StatusCode": 200,
      "ResponseHeaders": {
        "Cache-Control": "no-cache",
        "client-request-id": "0ea190b4-f115-d8c1-f992-200a59b35a5d",
        "Content-Length": "739",
        "Content-Type": "application/json; charset=utf-8",
        "Date": "Fri, 20 Oct 2023 01:38:48 GMT",
        "elapsed-time": "181",
        "ETag": "W/\u0022datetime\u00272023-10-20T01%3A33%3A53.5877474Z\u0027\u0022",
        "Expires": "-1",
        "Pragma": "no-cache",
        "request-id": "0ea190b4-f115-d8c1-f992-200a59b35a5d",
        "Strict-Transport-Security": "max-age=31536000; includeSubDomains",
        "X-Cache": "CONFIG_NOCACHE",
        "X-Content-Type-Options": "nosniff",
        "x-ms-client-request-id": "0ea190b4-f115-d8c1-f992-200a59b35a5d",
        "x-ms-correlation-request-id": "1fcaf8f3-c10c-4a5a-934f-38791ad6695d",
        "x-ms-ratelimit-remaining-subscription-reads": "11832",
        "x-ms-request-id": "0ea190b4-f115-d8c1-f992-200a59b35a5d",
        "x-ms-routing-request-id": "EASTUS2EUAP:20231020T013848Z:1fcaf8f3-c10c-4a5a-934f-38791ad6695d",
        "X-MSEdge-Ref": "Ref A: 50C8D81502F349C3864E8594D26A6D10 Ref B: CO6AA3150220053 Ref C: 2023-10-20T01:38:47Z"
      },
      "ResponseBody": {
        "id": "/subscriptions/c4a547de-4411-4447-964d-1edbc72cf116/resourceGroups/sdk-test5142/providers/Microsoft.Search/searchServices/search9208",
        "name": "search9208",
        "type": "Microsoft.Search/searchServices",
        "location": "East US 2 EUAP",
        "tags": {},
        "properties": {
          "replicaCount": 3,
          "partitionCount": 1,
          "status": "provisioning",
          "statusDetails": "",
          "provisioningState": "provisioning",
          "hostingMode": "default",
          "publicNetworkAccess": "Enabled",
          "networkRuleSet": {
            "ipRules": [],
            "bypass": "None"
          },
          "privateEndpointConnections": [],
          "sharedPrivateLinkResources": [],
          "encryptionWithCmk": {
            "enforcement": "Unspecified",
            "encryptionComplianceStatus": "Compliant"
          },
          "disableLocalAuth": false,
          "authOptions": {
            "apiKeyOnly": {}
          },
          "semanticSearch": "disabled"
        },
        "sku": {
          "name": "standard"
        }
      }
    },
    {
      "RequestUri": "https://eastus2euap.management.azure.com/subscriptions/c4a547de-4411-4447-964d-1edbc72cf116/resourceGroups/sdk-test5142/providers/Microsoft.Search/searchServices/search9208?api-version=2023-11-01",
      "RequestMethod": "GET",
      "RequestHeaders": {
        "Authorization": "Sanitized",
        "traceparent": "00-7910e18212592c432f760f67df0ee5c5-473dd69ea4421b04-00",
        "User-Agent": "azsdk-net-ResourceManager/1.7.0 (.NET 7.0.12; Microsoft Windows 10.0.22621)",
        "x-ms-client-request-id": "d996a5811bc6c7c45ceff77302f2bbe5",
        "x-ms-return-client-request-id": "true"
      },
      "RequestBody": null,
      "StatusCode": 200,
      "ResponseHeaders": {
        "Cache-Control": "no-cache",
        "client-request-id": "d996a581-1bc6-c7c4-5cef-f77302f2bbe5",
        "Content-Length": "739",
        "Content-Type": "application/json; charset=utf-8",
        "Date": "Fri, 20 Oct 2023 01:39:20 GMT",
        "elapsed-time": "398",
        "ETag": "W/\u0022datetime\u00272023-10-20T01%3A33%3A53.5877474Z\u0027\u0022",
        "Expires": "-1",
        "Pragma": "no-cache",
        "request-id": "d996a581-1bc6-c7c4-5cef-f77302f2bbe5",
        "Strict-Transport-Security": "max-age=31536000; includeSubDomains",
        "X-Cache": "CONFIG_NOCACHE",
        "X-Content-Type-Options": "nosniff",
        "x-ms-client-request-id": "d996a581-1bc6-c7c4-5cef-f77302f2bbe5",
        "x-ms-correlation-request-id": "6074eb0c-b737-43b0-a3a1-73c33e5df199",
        "x-ms-ratelimit-remaining-subscription-reads": "11831",
        "x-ms-request-id": "d996a581-1bc6-c7c4-5cef-f77302f2bbe5",
        "x-ms-routing-request-id": "EASTUS2EUAP:20231020T013920Z:6074eb0c-b737-43b0-a3a1-73c33e5df199",
        "X-MSEdge-Ref": "Ref A: BC0D71E41E8F48A8AEB90A5E6B32796A Ref B: CO6AA3150220053 Ref C: 2023-10-20T01:39:20Z"
      },
      "ResponseBody": {
        "id": "/subscriptions/c4a547de-4411-4447-964d-1edbc72cf116/resourceGroups/sdk-test5142/providers/Microsoft.Search/searchServices/search9208",
        "name": "search9208",
        "type": "Microsoft.Search/searchServices",
        "location": "East US 2 EUAP",
        "tags": {},
        "properties": {
          "replicaCount": 3,
          "partitionCount": 1,
          "status": "provisioning",
          "statusDetails": "",
          "provisioningState": "provisioning",
          "hostingMode": "default",
          "publicNetworkAccess": "Enabled",
          "networkRuleSet": {
            "ipRules": [],
            "bypass": "None"
          },
          "privateEndpointConnections": [],
          "sharedPrivateLinkResources": [],
          "encryptionWithCmk": {
            "enforcement": "Unspecified",
            "encryptionComplianceStatus": "Compliant"
          },
          "disableLocalAuth": false,
          "authOptions": {
            "apiKeyOnly": {}
          },
          "semanticSearch": "disabled"
        },
        "sku": {
          "name": "standard"
        }
      }
    },
    {
      "RequestUri": "https://eastus2euap.management.azure.com/subscriptions/c4a547de-4411-4447-964d-1edbc72cf116/resourceGroups/sdk-test5142/providers/Microsoft.Search/searchServices/search9208?api-version=2023-11-01",
      "RequestMethod": "GET",
      "RequestHeaders": {
        "Authorization": "Sanitized",
        "traceparent": "00-7910e18212592c432f760f67df0ee5c5-7afac6ea9e7cafec-00",
        "User-Agent": "azsdk-net-ResourceManager/1.7.0 (.NET 7.0.12; Microsoft Windows 10.0.22621)",
        "x-ms-client-request-id": "9a273cb020c5cccec074674634811a4a",
        "x-ms-return-client-request-id": "true"
      },
      "RequestBody": null,
      "StatusCode": 200,
      "ResponseHeaders": {
        "Cache-Control": "no-cache",
        "client-request-id": "9a273cb0-20c5-ccce-c074-674634811a4a",
        "Content-Length": "739",
        "Content-Type": "application/json; charset=utf-8",
        "Date": "Fri, 20 Oct 2023 01:39:52 GMT",
        "elapsed-time": "193",
        "ETag": "W/\u0022datetime\u00272023-10-20T01%3A33%3A53.5877474Z\u0027\u0022",
        "Expires": "-1",
        "Pragma": "no-cache",
        "request-id": "9a273cb0-20c5-ccce-c074-674634811a4a",
        "Strict-Transport-Security": "max-age=31536000; includeSubDomains",
        "X-Cache": "CONFIG_NOCACHE",
        "X-Content-Type-Options": "nosniff",
        "x-ms-client-request-id": "9a273cb0-20c5-ccce-c074-674634811a4a",
        "x-ms-correlation-request-id": "00c82055-be38-497e-99e7-3f1db7a1e960",
        "x-ms-ratelimit-remaining-subscription-reads": "11830",
        "x-ms-request-id": "9a273cb0-20c5-ccce-c074-674634811a4a",
        "x-ms-routing-request-id": "EASTUS2EUAP:20231020T013952Z:00c82055-be38-497e-99e7-3f1db7a1e960",
        "X-MSEdge-Ref": "Ref A: 3CE63E8BA02C4D1B8EDA6F5A6239A26A Ref B: CO6AA3150220053 Ref C: 2023-10-20T01:39:52Z"
      },
      "ResponseBody": {
        "id": "/subscriptions/c4a547de-4411-4447-964d-1edbc72cf116/resourceGroups/sdk-test5142/providers/Microsoft.Search/searchServices/search9208",
        "name": "search9208",
        "type": "Microsoft.Search/searchServices",
        "location": "East US 2 EUAP",
        "tags": {},
        "properties": {
          "replicaCount": 3,
          "partitionCount": 1,
          "status": "provisioning",
          "statusDetails": "",
          "provisioningState": "provisioning",
          "hostingMode": "default",
          "publicNetworkAccess": "Enabled",
          "networkRuleSet": {
            "ipRules": [],
            "bypass": "None"
          },
          "privateEndpointConnections": [],
          "sharedPrivateLinkResources": [],
          "encryptionWithCmk": {
            "enforcement": "Unspecified",
            "encryptionComplianceStatus": "Compliant"
          },
          "disableLocalAuth": false,
          "authOptions": {
            "apiKeyOnly": {}
          },
          "semanticSearch": "disabled"
        },
        "sku": {
          "name": "standard"
        }
      }
    },
    {
      "RequestUri": "https://eastus2euap.management.azure.com/subscriptions/c4a547de-4411-4447-964d-1edbc72cf116/resourceGroups/sdk-test5142/providers/Microsoft.Search/searchServices/search9208?api-version=2023-11-01",
      "RequestMethod": "GET",
      "RequestHeaders": {
        "Authorization": "Sanitized",
        "traceparent": "00-7910e18212592c432f760f67df0ee5c5-87daeba6f8ba4729-00",
        "User-Agent": "azsdk-net-ResourceManager/1.7.0 (.NET 7.0.12; Microsoft Windows 10.0.22621)",
        "x-ms-client-request-id": "559ad816a7c1989ecbdab126f94dd507",
        "x-ms-return-client-request-id": "true"
      },
      "RequestBody": null,
      "StatusCode": 200,
      "ResponseHeaders": {
        "Cache-Control": "no-cache",
        "client-request-id": "559ad816-a7c1-989e-cbda-b126f94dd507",
        "Content-Length": "739",
        "Content-Type": "application/json; charset=utf-8",
        "Date": "Fri, 20 Oct 2023 01:40:25 GMT",
        "elapsed-time": "328",
        "ETag": "W/\u0022datetime\u00272023-10-20T01%3A33%3A53.5877474Z\u0027\u0022",
        "Expires": "-1",
        "Pragma": "no-cache",
        "request-id": "559ad816-a7c1-989e-cbda-b126f94dd507",
        "Strict-Transport-Security": "max-age=31536000; includeSubDomains",
        "X-Cache": "CONFIG_NOCACHE",
        "X-Content-Type-Options": "nosniff",
        "x-ms-client-request-id": "559ad816-a7c1-989e-cbda-b126f94dd507",
        "x-ms-correlation-request-id": "eefc3f1f-a33a-433b-afc2-7eba6560796b",
        "x-ms-ratelimit-remaining-subscription-reads": "11849",
        "x-ms-request-id": "559ad816-a7c1-989e-cbda-b126f94dd507",
        "x-ms-routing-request-id": "EASTUS2EUAP:20231020T014025Z:eefc3f1f-a33a-433b-afc2-7eba6560796b",
        "X-MSEdge-Ref": "Ref A: 73E43B69BEBE4D0484F13FD9D76750D0 Ref B: CO6AA3150220053 Ref C: 2023-10-20T01:40:25Z"
      },
      "ResponseBody": {
        "id": "/subscriptions/c4a547de-4411-4447-964d-1edbc72cf116/resourceGroups/sdk-test5142/providers/Microsoft.Search/searchServices/search9208",
        "name": "search9208",
        "type": "Microsoft.Search/searchServices",
        "location": "East US 2 EUAP",
        "tags": {},
        "properties": {
          "replicaCount": 3,
          "partitionCount": 1,
          "status": "provisioning",
          "statusDetails": "",
          "provisioningState": "provisioning",
          "hostingMode": "default",
          "publicNetworkAccess": "Enabled",
          "networkRuleSet": {
            "ipRules": [],
            "bypass": "None"
          },
          "privateEndpointConnections": [],
          "sharedPrivateLinkResources": [],
          "encryptionWithCmk": {
            "enforcement": "Unspecified",
            "encryptionComplianceStatus": "Compliant"
          },
          "disableLocalAuth": false,
          "authOptions": {
            "apiKeyOnly": {}
          },
          "semanticSearch": "disabled"
        },
        "sku": {
          "name": "standard"
        }
      }
    },
    {
      "RequestUri": "https://eastus2euap.management.azure.com/subscriptions/c4a547de-4411-4447-964d-1edbc72cf116/resourceGroups/sdk-test5142/providers/Microsoft.Search/searchServices/search9208?api-version=2023-11-01",
      "RequestMethod": "GET",
      "RequestHeaders": {
        "Authorization": "Sanitized",
        "traceparent": "00-7910e18212592c432f760f67df0ee5c5-d6fbbf581a7c7ee8-00",
        "User-Agent": "azsdk-net-ResourceManager/1.7.0 (.NET 7.0.12; Microsoft Windows 10.0.22621)",
        "x-ms-client-request-id": "1d5a3ad6c08b6097d6c91852b37e93db",
        "x-ms-return-client-request-id": "true"
      },
      "RequestBody": null,
      "StatusCode": 200,
      "ResponseHeaders": {
        "Cache-Control": "no-cache",
        "client-request-id": "1d5a3ad6-c08b-6097-d6c9-1852b37e93db",
        "Content-Length": "739",
        "Content-Type": "application/json; charset=utf-8",
        "Date": "Fri, 20 Oct 2023 01:40:57 GMT",
        "elapsed-time": "371",
        "ETag": "W/\u0022datetime\u00272023-10-20T01%3A33%3A53.5877474Z\u0027\u0022",
        "Expires": "-1",
        "Pragma": "no-cache",
        "request-id": "1d5a3ad6-c08b-6097-d6c9-1852b37e93db",
        "Strict-Transport-Security": "max-age=31536000; includeSubDomains",
        "X-Cache": "CONFIG_NOCACHE",
        "X-Content-Type-Options": "nosniff",
        "x-ms-client-request-id": "1d5a3ad6-c08b-6097-d6c9-1852b37e93db",
        "x-ms-correlation-request-id": "2fc83bd9-a819-497f-b85e-a38aa5ec3372",
        "x-ms-ratelimit-remaining-subscription-reads": "11848",
        "x-ms-request-id": "1d5a3ad6-c08b-6097-d6c9-1852b37e93db",
        "x-ms-routing-request-id": "EASTUS2EUAP:20231020T014057Z:2fc83bd9-a819-497f-b85e-a38aa5ec3372",
        "X-MSEdge-Ref": "Ref A: DD8934B25CDD4EEE876192484F26BE36 Ref B: CO6AA3150220053 Ref C: 2023-10-20T01:40:57Z"
      },
      "ResponseBody": {
        "id": "/subscriptions/c4a547de-4411-4447-964d-1edbc72cf116/resourceGroups/sdk-test5142/providers/Microsoft.Search/searchServices/search9208",
        "name": "search9208",
        "type": "Microsoft.Search/searchServices",
        "location": "East US 2 EUAP",
        "tags": {},
        "properties": {
          "replicaCount": 3,
          "partitionCount": 1,
          "status": "provisioning",
          "statusDetails": "",
          "provisioningState": "provisioning",
          "hostingMode": "default",
          "publicNetworkAccess": "Enabled",
          "networkRuleSet": {
            "ipRules": [],
            "bypass": "None"
          },
          "privateEndpointConnections": [],
          "sharedPrivateLinkResources": [],
          "encryptionWithCmk": {
            "enforcement": "Unspecified",
            "encryptionComplianceStatus": "Compliant"
          },
          "disableLocalAuth": false,
          "authOptions": {
            "apiKeyOnly": {}
          },
          "semanticSearch": "disabled"
        },
        "sku": {
          "name": "standard"
        }
      }
    },
    {
      "RequestUri": "https://eastus2euap.management.azure.com/subscriptions/c4a547de-4411-4447-964d-1edbc72cf116/resourceGroups/sdk-test5142/providers/Microsoft.Search/searchServices/search9208?api-version=2023-11-01",
      "RequestMethod": "GET",
      "RequestHeaders": {
        "Authorization": "Sanitized",
        "traceparent": "00-7910e18212592c432f760f67df0ee5c5-305182e299522f58-00",
        "User-Agent": "azsdk-net-ResourceManager/1.7.0 (.NET 7.0.12; Microsoft Windows 10.0.22621)",
        "x-ms-client-request-id": "2a5dacd4655708239d8ecfeb6ea8d272",
        "x-ms-return-client-request-id": "true"
      },
      "RequestBody": null,
      "StatusCode": 200,
      "ResponseHeaders": {
        "Cache-Control": "no-cache",
        "client-request-id": "2a5dacd4-6557-0823-9d8e-cfeb6ea8d272",
        "Content-Length": "739",
        "Content-Type": "application/json; charset=utf-8",
        "Date": "Fri, 20 Oct 2023 01:41:29 GMT",
        "elapsed-time": "192",
        "ETag": "W/\u0022datetime\u00272023-10-20T01%3A33%3A53.5877474Z\u0027\u0022",
        "Expires": "-1",
        "Pragma": "no-cache",
        "request-id": "2a5dacd4-6557-0823-9d8e-cfeb6ea8d272",
        "Strict-Transport-Security": "max-age=31536000; includeSubDomains",
        "X-Cache": "CONFIG_NOCACHE",
        "X-Content-Type-Options": "nosniff",
        "x-ms-client-request-id": "2a5dacd4-6557-0823-9d8e-cfeb6ea8d272",
        "x-ms-correlation-request-id": "4b709b5b-4f9f-489d-ba7e-b5421c9daab4",
        "x-ms-ratelimit-remaining-subscription-reads": "11847",
        "x-ms-request-id": "2a5dacd4-6557-0823-9d8e-cfeb6ea8d272",
        "x-ms-routing-request-id": "EASTUS2EUAP:20231020T014130Z:4b709b5b-4f9f-489d-ba7e-b5421c9daab4",
        "X-MSEdge-Ref": "Ref A: 413BDF5171044E03BA82FAEDFDD803EC Ref B: CO6AA3150220053 Ref C: 2023-10-20T01:41:29Z"
      },
      "ResponseBody": {
        "id": "/subscriptions/c4a547de-4411-4447-964d-1edbc72cf116/resourceGroups/sdk-test5142/providers/Microsoft.Search/searchServices/search9208",
        "name": "search9208",
        "type": "Microsoft.Search/searchServices",
        "location": "East US 2 EUAP",
        "tags": {},
        "properties": {
          "replicaCount": 3,
          "partitionCount": 1,
          "status": "provisioning",
          "statusDetails": "",
          "provisioningState": "provisioning",
          "hostingMode": "default",
          "publicNetworkAccess": "Enabled",
          "networkRuleSet": {
            "ipRules": [],
            "bypass": "None"
          },
          "privateEndpointConnections": [],
          "sharedPrivateLinkResources": [],
          "encryptionWithCmk": {
            "enforcement": "Unspecified",
            "encryptionComplianceStatus": "Compliant"
          },
          "disableLocalAuth": false,
          "authOptions": {
            "apiKeyOnly": {}
          },
          "semanticSearch": "disabled"
        },
        "sku": {
          "name": "standard"
        }
      }
    },
    {
      "RequestUri": "https://eastus2euap.management.azure.com/subscriptions/c4a547de-4411-4447-964d-1edbc72cf116/resourceGroups/sdk-test5142/providers/Microsoft.Search/searchServices/search9208?api-version=2023-11-01",
      "RequestMethod": "GET",
      "RequestHeaders": {
        "Authorization": "Sanitized",
        "traceparent": "00-7910e18212592c432f760f67df0ee5c5-d3a79405b44ff215-00",
        "User-Agent": "azsdk-net-ResourceManager/1.7.0 (.NET 7.0.12; Microsoft Windows 10.0.22621)",
        "x-ms-client-request-id": "f96f5f9ffc2755be41397ff78f4ce54c",
        "x-ms-return-client-request-id": "true"
      },
      "RequestBody": null,
      "StatusCode": 200,
      "ResponseHeaders": {
        "Cache-Control": "no-cache",
        "client-request-id": "f96f5f9f-fc27-55be-4139-7ff78f4ce54c",
        "Content-Length": "739",
        "Content-Type": "application/json; charset=utf-8",
        "Date": "Fri, 20 Oct 2023 01:42:01 GMT",
        "elapsed-time": "273",
        "ETag": "W/\u0022datetime\u00272023-10-20T01%3A33%3A53.5877474Z\u0027\u0022",
        "Expires": "-1",
        "Pragma": "no-cache",
        "request-id": "f96f5f9f-fc27-55be-4139-7ff78f4ce54c",
        "Strict-Transport-Security": "max-age=31536000; includeSubDomains",
        "X-Cache": "CONFIG_NOCACHE",
        "X-Content-Type-Options": "nosniff",
        "x-ms-client-request-id": "f96f5f9f-fc27-55be-4139-7ff78f4ce54c",
        "x-ms-correlation-request-id": "84a48381-6a5c-4de1-bec7-a9f6cfe31f05",
        "x-ms-ratelimit-remaining-subscription-reads": "11846",
        "x-ms-request-id": "f96f5f9f-fc27-55be-4139-7ff78f4ce54c",
        "x-ms-routing-request-id": "EASTUS2EUAP:20231020T014202Z:84a48381-6a5c-4de1-bec7-a9f6cfe31f05",
        "X-MSEdge-Ref": "Ref A: 94D1882E29EF4863899F7BE8723761A5 Ref B: CO6AA3150220053 Ref C: 2023-10-20T01:42:02Z"
      },
      "ResponseBody": {
        "id": "/subscriptions/c4a547de-4411-4447-964d-1edbc72cf116/resourceGroups/sdk-test5142/providers/Microsoft.Search/searchServices/search9208",
        "name": "search9208",
        "type": "Microsoft.Search/searchServices",
        "location": "East US 2 EUAP",
        "tags": {},
        "properties": {
          "replicaCount": 3,
          "partitionCount": 1,
          "status": "provisioning",
          "statusDetails": "",
          "provisioningState": "provisioning",
          "hostingMode": "default",
          "publicNetworkAccess": "Enabled",
          "networkRuleSet": {
            "ipRules": [],
            "bypass": "None"
          },
          "privateEndpointConnections": [],
          "sharedPrivateLinkResources": [],
          "encryptionWithCmk": {
            "enforcement": "Unspecified",
            "encryptionComplianceStatus": "Compliant"
          },
          "disableLocalAuth": false,
          "authOptions": {
            "apiKeyOnly": {}
          },
          "semanticSearch": "disabled"
        },
        "sku": {
          "name": "standard"
        }
      }
    },
    {
      "RequestUri": "https://eastus2euap.management.azure.com/subscriptions/c4a547de-4411-4447-964d-1edbc72cf116/resourceGroups/sdk-test5142/providers/Microsoft.Search/searchServices/search9208?api-version=2023-11-01",
      "RequestMethod": "GET",
      "RequestHeaders": {
        "Authorization": "Sanitized",
        "traceparent": "00-7910e18212592c432f760f67df0ee5c5-e84f88288a590337-00",
        "User-Agent": "azsdk-net-ResourceManager/1.7.0 (.NET 7.0.12; Microsoft Windows 10.0.22621)",
        "x-ms-client-request-id": "4d51d647abf071b0175180fcf1acf22d",
        "x-ms-return-client-request-id": "true"
      },
      "RequestBody": null,
      "StatusCode": 200,
      "ResponseHeaders": {
        "Cache-Control": "no-cache",
        "client-request-id": "4d51d647-abf0-71b0-1751-80fcf1acf22d",
        "Content-Length": "739",
        "Content-Type": "application/json; charset=utf-8",
        "Date": "Fri, 20 Oct 2023 01:42:34 GMT",
        "elapsed-time": "171",
        "ETag": "W/\u0022datetime\u00272023-10-20T01%3A33%3A53.5877474Z\u0027\u0022",
        "Expires": "-1",
        "Pragma": "no-cache",
        "request-id": "4d51d647-abf0-71b0-1751-80fcf1acf22d",
        "Strict-Transport-Security": "max-age=31536000; includeSubDomains",
        "X-Cache": "CONFIG_NOCACHE",
        "X-Content-Type-Options": "nosniff",
        "x-ms-client-request-id": "4d51d647-abf0-71b0-1751-80fcf1acf22d",
        "x-ms-correlation-request-id": "1755a13c-8c9f-49be-9dc8-3e925b42e86c",
        "x-ms-ratelimit-remaining-subscription-reads": "11845",
        "x-ms-request-id": "4d51d647-abf0-71b0-1751-80fcf1acf22d",
        "x-ms-routing-request-id": "EASTUS2EUAP:20231020T014234Z:1755a13c-8c9f-49be-9dc8-3e925b42e86c",
        "X-MSEdge-Ref": "Ref A: 0D05ADAEDDCB449D96094B5591B24BC0 Ref B: CO6AA3150220053 Ref C: 2023-10-20T01:42:34Z"
      },
      "ResponseBody": {
        "id": "/subscriptions/c4a547de-4411-4447-964d-1edbc72cf116/resourceGroups/sdk-test5142/providers/Microsoft.Search/searchServices/search9208",
        "name": "search9208",
        "type": "Microsoft.Search/searchServices",
        "location": "East US 2 EUAP",
        "tags": {},
        "properties": {
          "replicaCount": 3,
          "partitionCount": 1,
          "status": "provisioning",
          "statusDetails": "",
          "provisioningState": "provisioning",
          "hostingMode": "default",
          "publicNetworkAccess": "Enabled",
          "networkRuleSet": {
            "ipRules": [],
            "bypass": "None"
          },
          "privateEndpointConnections": [],
          "sharedPrivateLinkResources": [],
          "encryptionWithCmk": {
            "enforcement": "Unspecified",
            "encryptionComplianceStatus": "Compliant"
          },
          "disableLocalAuth": false,
          "authOptions": {
            "apiKeyOnly": {}
          },
          "semanticSearch": "disabled"
        },
        "sku": {
          "name": "standard"
        }
      }
    },
    {
      "RequestUri": "https://eastus2euap.management.azure.com/subscriptions/c4a547de-4411-4447-964d-1edbc72cf116/resourceGroups/sdk-test5142/providers/Microsoft.Search/searchServices/search9208?api-version=2023-11-01",
      "RequestMethod": "GET",
      "RequestHeaders": {
        "Authorization": "Sanitized",
        "traceparent": "00-7910e18212592c432f760f67df0ee5c5-b0d1e9dd19fab81c-00",
        "User-Agent": "azsdk-net-ResourceManager/1.7.0 (.NET 7.0.12; Microsoft Windows 10.0.22621)",
        "x-ms-client-request-id": "53b3a5f7990fd7b3ed07e91de62b7951",
        "x-ms-return-client-request-id": "true"
      },
      "RequestBody": null,
      "StatusCode": 200,
      "ResponseHeaders": {
        "Cache-Control": "no-cache",
        "client-request-id": "53b3a5f7-990f-d7b3-ed07-e91de62b7951",
        "Content-Length": "739",
        "Content-Type": "application/json; charset=utf-8",
        "Date": "Fri, 20 Oct 2023 01:43:06 GMT",
        "elapsed-time": "283",
        "ETag": "W/\u0022datetime\u00272023-10-20T01%3A33%3A53.5877474Z\u0027\u0022",
        "Expires": "-1",
        "Pragma": "no-cache",
        "request-id": "53b3a5f7-990f-d7b3-ed07-e91de62b7951",
        "Strict-Transport-Security": "max-age=31536000; includeSubDomains",
        "X-Cache": "CONFIG_NOCACHE",
        "X-Content-Type-Options": "nosniff",
        "x-ms-client-request-id": "53b3a5f7-990f-d7b3-ed07-e91de62b7951",
        "x-ms-correlation-request-id": "49e716f4-3198-48cc-adf2-a57339bdebe0",
        "x-ms-ratelimit-remaining-subscription-reads": "11844",
        "x-ms-request-id": "53b3a5f7-990f-d7b3-ed07-e91de62b7951",
        "x-ms-routing-request-id": "EASTUS2EUAP:20231020T014307Z:49e716f4-3198-48cc-adf2-a57339bdebe0",
        "X-MSEdge-Ref": "Ref A: A05B9FD370074148809D374559F03135 Ref B: CO6AA3150220053 Ref C: 2023-10-20T01:43:06Z"
      },
      "ResponseBody": {
        "id": "/subscriptions/c4a547de-4411-4447-964d-1edbc72cf116/resourceGroups/sdk-test5142/providers/Microsoft.Search/searchServices/search9208",
        "name": "search9208",
        "type": "Microsoft.Search/searchServices",
        "location": "East US 2 EUAP",
        "tags": {},
        "properties": {
          "replicaCount": 3,
          "partitionCount": 1,
          "status": "provisioning",
          "statusDetails": "",
          "provisioningState": "provisioning",
          "hostingMode": "default",
          "publicNetworkAccess": "Enabled",
          "networkRuleSet": {
            "ipRules": [],
            "bypass": "None"
          },
          "privateEndpointConnections": [],
          "sharedPrivateLinkResources": [],
          "encryptionWithCmk": {
            "enforcement": "Unspecified",
            "encryptionComplianceStatus": "Compliant"
          },
          "disableLocalAuth": false,
          "authOptions": {
            "apiKeyOnly": {}
          },
          "semanticSearch": "disabled"
        },
        "sku": {
          "name": "standard"
        }
      }
    },
    {
      "RequestUri": "https://eastus2euap.management.azure.com/subscriptions/c4a547de-4411-4447-964d-1edbc72cf116/resourceGroups/sdk-test5142/providers/Microsoft.Search/searchServices/search9208?api-version=2023-11-01",
      "RequestMethod": "GET",
      "RequestHeaders": {
        "Authorization": "Sanitized",
        "traceparent": "00-7910e18212592c432f760f67df0ee5c5-8993998b3dca5afa-00",
        "User-Agent": "azsdk-net-ResourceManager/1.7.0 (.NET 7.0.12; Microsoft Windows 10.0.22621)",
        "x-ms-client-request-id": "97a382a98556f381affee1d67cc16494",
        "x-ms-return-client-request-id": "true"
      },
      "RequestBody": null,
      "StatusCode": 200,
      "ResponseHeaders": {
        "Cache-Control": "no-cache",
        "client-request-id": "97a382a9-8556-f381-affe-e1d67cc16494",
        "Content-Length": "739",
        "Content-Type": "application/json; charset=utf-8",
        "Date": "Fri, 20 Oct 2023 01:43:38 GMT",
        "elapsed-time": "216",
        "ETag": "W/\u0022datetime\u00272023-10-20T01%3A33%3A53.5877474Z\u0027\u0022",
        "Expires": "-1",
        "Pragma": "no-cache",
        "request-id": "97a382a9-8556-f381-affe-e1d67cc16494",
        "Strict-Transport-Security": "max-age=31536000; includeSubDomains",
        "X-Cache": "CONFIG_NOCACHE",
        "X-Content-Type-Options": "nosniff",
        "x-ms-client-request-id": "97a382a9-8556-f381-affe-e1d67cc16494",
        "x-ms-correlation-request-id": "08328a04-e846-4bc3-8b8f-57dc45c91a7b",
        "x-ms-ratelimit-remaining-subscription-reads": "11843",
        "x-ms-request-id": "97a382a9-8556-f381-affe-e1d67cc16494",
        "x-ms-routing-request-id": "EASTUS2EUAP:20231020T014339Z:08328a04-e846-4bc3-8b8f-57dc45c91a7b",
        "X-MSEdge-Ref": "Ref A: EC8217B13BAC4C289340926559EED322 Ref B: CO6AA3150220053 Ref C: 2023-10-20T01:43:39Z"
      },
      "ResponseBody": {
        "id": "/subscriptions/c4a547de-4411-4447-964d-1edbc72cf116/resourceGroups/sdk-test5142/providers/Microsoft.Search/searchServices/search9208",
        "name": "search9208",
        "type": "Microsoft.Search/searchServices",
        "location": "East US 2 EUAP",
        "tags": {},
        "properties": {
          "replicaCount": 3,
          "partitionCount": 1,
          "status": "provisioning",
          "statusDetails": "",
          "provisioningState": "provisioning",
          "hostingMode": "default",
          "publicNetworkAccess": "Enabled",
          "networkRuleSet": {
            "ipRules": [],
            "bypass": "None"
          },
          "privateEndpointConnections": [],
          "sharedPrivateLinkResources": [],
          "encryptionWithCmk": {
            "enforcement": "Unspecified",
            "encryptionComplianceStatus": "Compliant"
          },
          "disableLocalAuth": false,
          "authOptions": {
            "apiKeyOnly": {}
          },
          "semanticSearch": "disabled"
        },
        "sku": {
          "name": "standard"
        }
      }
    },
    {
      "RequestUri": "https://eastus2euap.management.azure.com/subscriptions/c4a547de-4411-4447-964d-1edbc72cf116/resourceGroups/sdk-test5142/providers/Microsoft.Search/searchServices/search9208?api-version=2023-11-01",
      "RequestMethod": "GET",
      "RequestHeaders": {
        "Authorization": "Sanitized",
        "traceparent": "00-7910e18212592c432f760f67df0ee5c5-f443bfd5bd751f06-00",
        "User-Agent": "azsdk-net-ResourceManager/1.7.0 (.NET 7.0.12; Microsoft Windows 10.0.22621)",
        "x-ms-client-request-id": "e90051479199ad3d23795fe9c2928aeb",
        "x-ms-return-client-request-id": "true"
      },
      "RequestBody": null,
      "StatusCode": 200,
      "ResponseHeaders": {
        "Cache-Control": "no-cache",
        "client-request-id": "e9005147-9199-ad3d-2379-5fe9c2928aeb",
        "Content-Length": "739",
        "Content-Type": "application/json; charset=utf-8",
        "Date": "Fri, 20 Oct 2023 01:44:12 GMT",
        "elapsed-time": "281",
        "ETag": "W/\u0022datetime\u00272023-10-20T01%3A33%3A53.5877474Z\u0027\u0022",
        "Expires": "-1",
        "Pragma": "no-cache",
        "request-id": "e9005147-9199-ad3d-2379-5fe9c2928aeb",
        "Strict-Transport-Security": "max-age=31536000; includeSubDomains",
        "X-Cache": "CONFIG_NOCACHE",
        "X-Content-Type-Options": "nosniff",
        "x-ms-client-request-id": "e9005147-9199-ad3d-2379-5fe9c2928aeb",
        "x-ms-correlation-request-id": "46bd255b-a34a-4366-9591-5c41fb4dc669",
        "x-ms-ratelimit-remaining-subscription-reads": "11842",
        "x-ms-request-id": "e9005147-9199-ad3d-2379-5fe9c2928aeb",
        "x-ms-routing-request-id": "EASTUS2EUAP:20231020T014412Z:46bd255b-a34a-4366-9591-5c41fb4dc669",
        "X-MSEdge-Ref": "Ref A: BC61720A724345EA99092A0AD4BED973 Ref B: CO6AA3150220053 Ref C: 2023-10-20T01:44:11Z"
      },
      "ResponseBody": {
        "id": "/subscriptions/c4a547de-4411-4447-964d-1edbc72cf116/resourceGroups/sdk-test5142/providers/Microsoft.Search/searchServices/search9208",
        "name": "search9208",
        "type": "Microsoft.Search/searchServices",
        "location": "East US 2 EUAP",
        "tags": {},
        "properties": {
          "replicaCount": 3,
          "partitionCount": 1,
          "status": "provisioning",
          "statusDetails": "",
          "provisioningState": "provisioning",
          "hostingMode": "default",
          "publicNetworkAccess": "Enabled",
          "networkRuleSet": {
            "ipRules": [],
            "bypass": "None"
          },
          "privateEndpointConnections": [],
          "sharedPrivateLinkResources": [],
          "encryptionWithCmk": {
            "enforcement": "Unspecified",
            "encryptionComplianceStatus": "Compliant"
          },
          "disableLocalAuth": false,
          "authOptions": {
            "apiKeyOnly": {}
          },
          "semanticSearch": "disabled"
        },
        "sku": {
          "name": "standard"
        }
      }
    },
    {
      "RequestUri": "https://eastus2euap.management.azure.com/subscriptions/c4a547de-4411-4447-964d-1edbc72cf116/resourceGroups/sdk-test5142/providers/Microsoft.Search/searchServices/search9208?api-version=2023-11-01",
      "RequestMethod": "GET",
      "RequestHeaders": {
        "Authorization": "Sanitized",
        "traceparent": "00-7910e18212592c432f760f67df0ee5c5-246c62b806fa6f0d-00",
        "User-Agent": "azsdk-net-ResourceManager/1.7.0 (.NET 7.0.12; Microsoft Windows 10.0.22621)",
        "x-ms-client-request-id": "6e532fd85a0871d723bfa311b7dd5b2b",
        "x-ms-return-client-request-id": "true"
      },
      "RequestBody": null,
      "StatusCode": 200,
      "ResponseHeaders": {
        "Cache-Control": "no-cache",
        "client-request-id": "6e532fd8-5a08-71d7-23bf-a311b7dd5b2b",
        "Content-Length": "739",
        "Content-Type": "application/json; charset=utf-8",
        "Date": "Fri, 20 Oct 2023 01:44:44 GMT",
        "elapsed-time": "176",
        "ETag": "W/\u0022datetime\u00272023-10-20T01%3A33%3A53.5877474Z\u0027\u0022",
        "Expires": "-1",
        "Pragma": "no-cache",
        "request-id": "6e532fd8-5a08-71d7-23bf-a311b7dd5b2b",
        "Strict-Transport-Security": "max-age=31536000; includeSubDomains",
        "X-Cache": "CONFIG_NOCACHE",
        "X-Content-Type-Options": "nosniff",
        "x-ms-client-request-id": "6e532fd8-5a08-71d7-23bf-a311b7dd5b2b",
        "x-ms-correlation-request-id": "9f0c4298-324e-414b-87d7-cd96270efe92",
        "x-ms-ratelimit-remaining-subscription-reads": "11841",
        "x-ms-request-id": "6e532fd8-5a08-71d7-23bf-a311b7dd5b2b",
        "x-ms-routing-request-id": "EASTUS2EUAP:20231020T014444Z:9f0c4298-324e-414b-87d7-cd96270efe92",
        "X-MSEdge-Ref": "Ref A: 6EAD0E9193A34EED8DE1121BD91CCD6A Ref B: CO6AA3150220053 Ref C: 2023-10-20T01:44:44Z"
      },
      "ResponseBody": {
        "id": "/subscriptions/c4a547de-4411-4447-964d-1edbc72cf116/resourceGroups/sdk-test5142/providers/Microsoft.Search/searchServices/search9208",
        "name": "search9208",
        "type": "Microsoft.Search/searchServices",
        "location": "East US 2 EUAP",
        "tags": {},
        "properties": {
          "replicaCount": 3,
          "partitionCount": 1,
          "status": "provisioning",
          "statusDetails": "",
          "provisioningState": "provisioning",
          "hostingMode": "default",
          "publicNetworkAccess": "Enabled",
          "networkRuleSet": {
            "ipRules": [],
            "bypass": "None"
          },
          "privateEndpointConnections": [],
          "sharedPrivateLinkResources": [],
          "encryptionWithCmk": {
            "enforcement": "Unspecified",
            "encryptionComplianceStatus": "Compliant"
          },
          "disableLocalAuth": false,
          "authOptions": {
            "apiKeyOnly": {}
          },
          "semanticSearch": "disabled"
        },
        "sku": {
          "name": "standard"
        }
      }
    },
    {
      "RequestUri": "https://eastus2euap.management.azure.com/subscriptions/c4a547de-4411-4447-964d-1edbc72cf116/resourceGroups/sdk-test5142/providers/Microsoft.Search/searchServices/search9208?api-version=2023-11-01",
      "RequestMethod": "GET",
      "RequestHeaders": {
        "Authorization": "Sanitized",
        "traceparent": "00-7910e18212592c432f760f67df0ee5c5-7e94cde1317a7efe-00",
        "User-Agent": "azsdk-net-ResourceManager/1.7.0 (.NET 7.0.12; Microsoft Windows 10.0.22621)",
        "x-ms-client-request-id": "95d654a2902b17b744f674dc2697311d",
        "x-ms-return-client-request-id": "true"
      },
      "RequestBody": null,
      "StatusCode": 200,
      "ResponseHeaders": {
        "Cache-Control": "no-cache",
        "client-request-id": "95d654a2-902b-17b7-44f6-74dc2697311d",
        "Content-Length": "739",
        "Content-Type": "application/json; charset=utf-8",
        "Date": "Fri, 20 Oct 2023 01:45:16 GMT",
        "elapsed-time": "217",
        "ETag": "W/\u0022datetime\u00272023-10-20T01%3A33%3A53.5877474Z\u0027\u0022",
        "Expires": "-1",
        "Pragma": "no-cache",
        "request-id": "95d654a2-902b-17b7-44f6-74dc2697311d",
        "Strict-Transport-Security": "max-age=31536000; includeSubDomains",
        "X-Cache": "CONFIG_NOCACHE",
        "X-Content-Type-Options": "nosniff",
        "x-ms-client-request-id": "95d654a2-902b-17b7-44f6-74dc2697311d",
        "x-ms-correlation-request-id": "b000eb5d-5325-4912-94b4-5f462a763c5f",
        "x-ms-ratelimit-remaining-subscription-reads": "11850",
        "x-ms-request-id": "95d654a2-902b-17b7-44f6-74dc2697311d",
        "x-ms-routing-request-id": "EASTUS2EUAP:20231020T014516Z:b000eb5d-5325-4912-94b4-5f462a763c5f",
        "X-MSEdge-Ref": "Ref A: D3B05F14CF604319A323585B9287C3AC Ref B: CO6AA3150220053 Ref C: 2023-10-20T01:45:16Z"
      },
      "ResponseBody": {
        "id": "/subscriptions/c4a547de-4411-4447-964d-1edbc72cf116/resourceGroups/sdk-test5142/providers/Microsoft.Search/searchServices/search9208",
        "name": "search9208",
        "type": "Microsoft.Search/searchServices",
        "location": "East US 2 EUAP",
        "tags": {},
        "properties": {
          "replicaCount": 3,
          "partitionCount": 1,
          "status": "provisioning",
          "statusDetails": "",
          "provisioningState": "provisioning",
          "hostingMode": "default",
          "publicNetworkAccess": "Enabled",
          "networkRuleSet": {
            "ipRules": [],
            "bypass": "None"
          },
          "privateEndpointConnections": [],
          "sharedPrivateLinkResources": [],
          "encryptionWithCmk": {
            "enforcement": "Unspecified",
            "encryptionComplianceStatus": "Compliant"
          },
          "disableLocalAuth": false,
          "authOptions": {
            "apiKeyOnly": {}
          },
          "semanticSearch": "disabled"
        },
        "sku": {
          "name": "standard"
        }
      }
    },
    {
      "RequestUri": "https://eastus2euap.management.azure.com/subscriptions/c4a547de-4411-4447-964d-1edbc72cf116/resourceGroups/sdk-test5142/providers/Microsoft.Search/searchServices/search9208?api-version=2023-11-01",
      "RequestMethod": "GET",
      "RequestHeaders": {
        "Authorization": "Sanitized",
        "traceparent": "00-7910e18212592c432f760f67df0ee5c5-bd1c6f822e71fc6d-00",
        "User-Agent": "azsdk-net-ResourceManager/1.7.0 (.NET 7.0.12; Microsoft Windows 10.0.22621)",
        "x-ms-client-request-id": "4dfdf673f66eed8c798ec5d9ed2cf546",
        "x-ms-return-client-request-id": "true"
      },
      "RequestBody": null,
      "StatusCode": 200,
      "ResponseHeaders": {
        "Cache-Control": "no-cache",
        "client-request-id": "4dfdf673-f66e-ed8c-798e-c5d9ed2cf546",
        "Content-Length": "739",
        "Content-Type": "application/json; charset=utf-8",
        "Date": "Fri, 20 Oct 2023 01:45:48 GMT",
        "elapsed-time": "185",
        "ETag": "W/\u0022datetime\u00272023-10-20T01%3A33%3A53.5877474Z\u0027\u0022",
        "Expires": "-1",
        "Pragma": "no-cache",
        "request-id": "4dfdf673-f66e-ed8c-798e-c5d9ed2cf546",
        "Strict-Transport-Security": "max-age=31536000; includeSubDomains",
        "X-Cache": "CONFIG_NOCACHE",
        "X-Content-Type-Options": "nosniff",
        "x-ms-client-request-id": "4dfdf673-f66e-ed8c-798e-c5d9ed2cf546",
        "x-ms-correlation-request-id": "8f5220f2-2b10-4361-a23d-d10cd2f93ad4",
        "x-ms-ratelimit-remaining-subscription-reads": "11849",
        "x-ms-request-id": "4dfdf673-f66e-ed8c-798e-c5d9ed2cf546",
        "x-ms-routing-request-id": "EASTUS2EUAP:20231020T014549Z:8f5220f2-2b10-4361-a23d-d10cd2f93ad4",
        "X-MSEdge-Ref": "Ref A: A18E7DF3F54246FF864A6A656500B08D Ref B: CO6AA3150220053 Ref C: 2023-10-20T01:45:48Z"
      },
      "ResponseBody": {
        "id": "/subscriptions/c4a547de-4411-4447-964d-1edbc72cf116/resourceGroups/sdk-test5142/providers/Microsoft.Search/searchServices/search9208",
        "name": "search9208",
        "type": "Microsoft.Search/searchServices",
        "location": "East US 2 EUAP",
        "tags": {},
        "properties": {
          "replicaCount": 3,
          "partitionCount": 1,
          "status": "provisioning",
          "statusDetails": "",
          "provisioningState": "provisioning",
          "hostingMode": "default",
          "publicNetworkAccess": "Enabled",
          "networkRuleSet": {
            "ipRules": [],
            "bypass": "None"
          },
          "privateEndpointConnections": [],
          "sharedPrivateLinkResources": [],
          "encryptionWithCmk": {
            "enforcement": "Unspecified",
            "encryptionComplianceStatus": "Compliant"
          },
          "disableLocalAuth": false,
          "authOptions": {
            "apiKeyOnly": {}
          },
          "semanticSearch": "disabled"
        },
        "sku": {
          "name": "standard"
        }
      }
    },
    {
      "RequestUri": "https://eastus2euap.management.azure.com/subscriptions/c4a547de-4411-4447-964d-1edbc72cf116/resourceGroups/sdk-test5142/providers/Microsoft.Search/searchServices/search9208?api-version=2023-11-01",
      "RequestMethod": "GET",
      "RequestHeaders": {
        "Authorization": "Sanitized",
        "traceparent": "00-7910e18212592c432f760f67df0ee5c5-16369a1308fd76ca-00",
        "User-Agent": "azsdk-net-ResourceManager/1.7.0 (.NET 7.0.12; Microsoft Windows 10.0.22621)",
        "x-ms-client-request-id": "6d47331ef4bc48c0773c2912e6fa4b8b",
        "x-ms-return-client-request-id": "true"
      },
      "RequestBody": null,
      "StatusCode": 200,
      "ResponseHeaders": {
        "Cache-Control": "no-cache",
        "client-request-id": "6d47331e-f4bc-48c0-773c-2912e6fa4b8b",
        "Content-Length": "739",
        "Content-Type": "application/json; charset=utf-8",
        "Date": "Fri, 20 Oct 2023 01:46:21 GMT",
        "elapsed-time": "332",
        "ETag": "W/\u0022datetime\u00272023-10-20T01%3A33%3A53.5877474Z\u0027\u0022",
        "Expires": "-1",
        "Pragma": "no-cache",
        "request-id": "6d47331e-f4bc-48c0-773c-2912e6fa4b8b",
        "Strict-Transport-Security": "max-age=31536000; includeSubDomains",
        "X-Cache": "CONFIG_NOCACHE",
        "X-Content-Type-Options": "nosniff",
        "x-ms-client-request-id": "6d47331e-f4bc-48c0-773c-2912e6fa4b8b",
        "x-ms-correlation-request-id": "d2ba340a-c085-4af3-911d-4b90a9da02eb",
        "x-ms-ratelimit-remaining-subscription-reads": "11848",
        "x-ms-request-id": "6d47331e-f4bc-48c0-773c-2912e6fa4b8b",
        "x-ms-routing-request-id": "EASTUS2EUAP:20231020T014621Z:d2ba340a-c085-4af3-911d-4b90a9da02eb",
        "X-MSEdge-Ref": "Ref A: C5A2DB7E2D9240D0B4E8B8ED032005E2 Ref B: CO6AA3150220053 Ref C: 2023-10-20T01:46:21Z"
      },
      "ResponseBody": {
        "id": "/subscriptions/c4a547de-4411-4447-964d-1edbc72cf116/resourceGroups/sdk-test5142/providers/Microsoft.Search/searchServices/search9208",
        "name": "search9208",
        "type": "Microsoft.Search/searchServices",
        "location": "East US 2 EUAP",
        "tags": {},
        "properties": {
          "replicaCount": 3,
          "partitionCount": 1,
          "status": "provisioning",
          "statusDetails": "",
          "provisioningState": "provisioning",
          "hostingMode": "default",
          "publicNetworkAccess": "Enabled",
          "networkRuleSet": {
            "ipRules": [],
            "bypass": "None"
          },
          "privateEndpointConnections": [],
          "sharedPrivateLinkResources": [],
          "encryptionWithCmk": {
            "enforcement": "Unspecified",
            "encryptionComplianceStatus": "Compliant"
          },
          "disableLocalAuth": false,
          "authOptions": {
            "apiKeyOnly": {}
          },
          "semanticSearch": "disabled"
        },
        "sku": {
          "name": "standard"
        }
      }
    },
    {
      "RequestUri": "https://eastus2euap.management.azure.com/subscriptions/c4a547de-4411-4447-964d-1edbc72cf116/resourceGroups/sdk-test5142/providers/Microsoft.Search/searchServices/search9208?api-version=2023-11-01",
      "RequestMethod": "GET",
      "RequestHeaders": {
        "Authorization": "Sanitized",
        "traceparent": "00-7910e18212592c432f760f67df0ee5c5-35b1a3e1b0e9a828-00",
        "User-Agent": "azsdk-net-ResourceManager/1.7.0 (.NET 7.0.12; Microsoft Windows 10.0.22621)",
        "x-ms-client-request-id": "c19d868e0edfabbdc8e91b9ccade2918",
        "x-ms-return-client-request-id": "true"
      },
      "RequestBody": null,
      "StatusCode": 200,
      "ResponseHeaders": {
        "Cache-Control": "no-cache",
        "client-request-id": "c19d868e-0edf-abbd-c8e9-1b9ccade2918",
        "Content-Length": "739",
        "Content-Type": "application/json; charset=utf-8",
        "Date": "Fri, 20 Oct 2023 01:46:53 GMT",
        "elapsed-time": "313",
        "ETag": "W/\u0022datetime\u00272023-10-20T01%3A33%3A53.5877474Z\u0027\u0022",
        "Expires": "-1",
        "Pragma": "no-cache",
        "request-id": "c19d868e-0edf-abbd-c8e9-1b9ccade2918",
        "Strict-Transport-Security": "max-age=31536000; includeSubDomains",
        "X-Cache": "CONFIG_NOCACHE",
        "X-Content-Type-Options": "nosniff",
        "x-ms-client-request-id": "c19d868e-0edf-abbd-c8e9-1b9ccade2918",
        "x-ms-correlation-request-id": "bc5684ca-9dea-4f91-b3b9-87c650e97755",
        "x-ms-ratelimit-remaining-subscription-reads": "11847",
        "x-ms-request-id": "c19d868e-0edf-abbd-c8e9-1b9ccade2918",
        "x-ms-routing-request-id": "EASTUS2EUAP:20231020T014653Z:bc5684ca-9dea-4f91-b3b9-87c650e97755",
        "X-MSEdge-Ref": "Ref A: FB4013B8E5B74158AD334DC2723DCDB8 Ref B: CO6AA3150220053 Ref C: 2023-10-20T01:46:53Z"
      },
      "ResponseBody": {
        "id": "/subscriptions/c4a547de-4411-4447-964d-1edbc72cf116/resourceGroups/sdk-test5142/providers/Microsoft.Search/searchServices/search9208",
        "name": "search9208",
        "type": "Microsoft.Search/searchServices",
        "location": "East US 2 EUAP",
        "tags": {},
        "properties": {
          "replicaCount": 3,
          "partitionCount": 1,
          "status": "provisioning",
          "statusDetails": "",
          "provisioningState": "provisioning",
          "hostingMode": "default",
          "publicNetworkAccess": "Enabled",
          "networkRuleSet": {
            "ipRules": [],
            "bypass": "None"
          },
          "privateEndpointConnections": [],
          "sharedPrivateLinkResources": [],
          "encryptionWithCmk": {
            "enforcement": "Unspecified",
            "encryptionComplianceStatus": "Compliant"
          },
          "disableLocalAuth": false,
          "authOptions": {
            "apiKeyOnly": {}
          },
          "semanticSearch": "disabled"
        },
        "sku": {
          "name": "standard"
        }
      }
    },
    {
      "RequestUri": "https://eastus2euap.management.azure.com/subscriptions/c4a547de-4411-4447-964d-1edbc72cf116/resourceGroups/sdk-test5142/providers/Microsoft.Search/searchServices/search9208?api-version=2023-11-01",
      "RequestMethod": "GET",
      "RequestHeaders": {
        "Authorization": "Sanitized",
        "traceparent": "00-7910e18212592c432f760f67df0ee5c5-0851517f6cbaa57d-00",
        "User-Agent": "azsdk-net-ResourceManager/1.7.0 (.NET 7.0.12; Microsoft Windows 10.0.22621)",
        "x-ms-client-request-id": "f2be2d00c3507f6036b5d632cc79067f",
        "x-ms-return-client-request-id": "true"
      },
      "RequestBody": null,
      "StatusCode": 200,
      "ResponseHeaders": {
        "Cache-Control": "no-cache",
        "client-request-id": "f2be2d00-c350-7f60-36b5-d632cc79067f",
        "Content-Length": "739",
        "Content-Type": "application/json; charset=utf-8",
        "Date": "Fri, 20 Oct 2023 01:47:25 GMT",
        "elapsed-time": "253",
        "ETag": "W/\u0022datetime\u00272023-10-20T01%3A33%3A53.5877474Z\u0027\u0022",
        "Expires": "-1",
        "Pragma": "no-cache",
        "request-id": "f2be2d00-c350-7f60-36b5-d632cc79067f",
        "Strict-Transport-Security": "max-age=31536000; includeSubDomains",
        "X-Cache": "CONFIG_NOCACHE",
        "X-Content-Type-Options": "nosniff",
        "x-ms-client-request-id": "f2be2d00-c350-7f60-36b5-d632cc79067f",
        "x-ms-correlation-request-id": "ca0148e9-3bc4-4a67-aaba-6fb3ebb686d1",
        "x-ms-ratelimit-remaining-subscription-reads": "11846",
        "x-ms-request-id": "f2be2d00-c350-7f60-36b5-d632cc79067f",
        "x-ms-routing-request-id": "EASTUS2EUAP:20231020T014726Z:ca0148e9-3bc4-4a67-aaba-6fb3ebb686d1",
        "X-MSEdge-Ref": "Ref A: C7B3D55FD5CB421AB1A391FB2AD83222 Ref B: CO6AA3150220053 Ref C: 2023-10-20T01:47:25Z"
      },
      "ResponseBody": {
        "id": "/subscriptions/c4a547de-4411-4447-964d-1edbc72cf116/resourceGroups/sdk-test5142/providers/Microsoft.Search/searchServices/search9208",
        "name": "search9208",
        "type": "Microsoft.Search/searchServices",
        "location": "East US 2 EUAP",
        "tags": {},
        "properties": {
          "replicaCount": 3,
          "partitionCount": 1,
          "status": "provisioning",
          "statusDetails": "",
          "provisioningState": "provisioning",
          "hostingMode": "default",
          "publicNetworkAccess": "Enabled",
          "networkRuleSet": {
            "ipRules": [],
            "bypass": "None"
          },
          "privateEndpointConnections": [],
          "sharedPrivateLinkResources": [],
          "encryptionWithCmk": {
            "enforcement": "Unspecified",
            "encryptionComplianceStatus": "Compliant"
          },
          "disableLocalAuth": false,
          "authOptions": {
            "apiKeyOnly": {}
          },
          "semanticSearch": "disabled"
        },
        "sku": {
          "name": "standard"
        }
      }
    },
    {
      "RequestUri": "https://eastus2euap.management.azure.com/subscriptions/c4a547de-4411-4447-964d-1edbc72cf116/resourceGroups/sdk-test5142/providers/Microsoft.Search/searchServices/search9208?api-version=2023-11-01",
      "RequestMethod": "GET",
      "RequestHeaders": {
        "Authorization": "Sanitized",
        "traceparent": "00-7910e18212592c432f760f67df0ee5c5-1f01cac27e67cd33-00",
        "User-Agent": "azsdk-net-ResourceManager/1.7.0 (.NET 7.0.12; Microsoft Windows 10.0.22621)",
        "x-ms-client-request-id": "674b3943348e1067759ba5d3d9247d99",
        "x-ms-return-client-request-id": "true"
      },
      "RequestBody": null,
      "StatusCode": 200,
      "ResponseHeaders": {
        "Cache-Control": "no-cache",
        "client-request-id": "674b3943-348e-1067-759b-a5d3d9247d99",
        "Content-Length": "739",
        "Content-Type": "application/json; charset=utf-8",
        "Date": "Fri, 20 Oct 2023 01:47:57 GMT",
        "elapsed-time": "183",
        "ETag": "W/\u0022datetime\u00272023-10-20T01%3A33%3A53.5877474Z\u0027\u0022",
        "Expires": "-1",
        "Pragma": "no-cache",
        "request-id": "674b3943-348e-1067-759b-a5d3d9247d99",
        "Strict-Transport-Security": "max-age=31536000; includeSubDomains",
        "X-Cache": "CONFIG_NOCACHE",
        "X-Content-Type-Options": "nosniff",
        "x-ms-client-request-id": "674b3943-348e-1067-759b-a5d3d9247d99",
        "x-ms-correlation-request-id": "24a99e59-5e3d-4abf-a7a0-ad54c9132e92",
        "x-ms-ratelimit-remaining-subscription-reads": "11845",
        "x-ms-request-id": "674b3943-348e-1067-759b-a5d3d9247d99",
        "x-ms-routing-request-id": "EASTUS2EUAP:20231020T014758Z:24a99e59-5e3d-4abf-a7a0-ad54c9132e92",
        "X-MSEdge-Ref": "Ref A: 7BA5B748B53C42139394BC179E07546D Ref B: CO6AA3150220053 Ref C: 2023-10-20T01:47:58Z"
      },
      "ResponseBody": {
        "id": "/subscriptions/c4a547de-4411-4447-964d-1edbc72cf116/resourceGroups/sdk-test5142/providers/Microsoft.Search/searchServices/search9208",
        "name": "search9208",
        "type": "Microsoft.Search/searchServices",
        "location": "East US 2 EUAP",
        "tags": {},
        "properties": {
          "replicaCount": 3,
          "partitionCount": 1,
          "status": "provisioning",
          "statusDetails": "",
          "provisioningState": "provisioning",
          "hostingMode": "default",
          "publicNetworkAccess": "Enabled",
          "networkRuleSet": {
            "ipRules": [],
            "bypass": "None"
          },
          "privateEndpointConnections": [],
          "sharedPrivateLinkResources": [],
          "encryptionWithCmk": {
            "enforcement": "Unspecified",
            "encryptionComplianceStatus": "Compliant"
          },
          "disableLocalAuth": false,
          "authOptions": {
            "apiKeyOnly": {}
          },
          "semanticSearch": "disabled"
        },
        "sku": {
          "name": "standard"
        }
      }
    },
    {
      "RequestUri": "https://eastus2euap.management.azure.com/subscriptions/c4a547de-4411-4447-964d-1edbc72cf116/resourceGroups/sdk-test5142/providers/Microsoft.Search/searchServices/search9208?api-version=2023-11-01",
      "RequestMethod": "GET",
      "RequestHeaders": {
        "Authorization": "Sanitized",
        "traceparent": "00-7910e18212592c432f760f67df0ee5c5-9bfb2fa2ed2bc123-00",
        "User-Agent": "azsdk-net-ResourceManager/1.7.0 (.NET 7.0.12; Microsoft Windows 10.0.22621)",
        "x-ms-client-request-id": "b8121112583cca3b251e8b29388bdf4e",
        "x-ms-return-client-request-id": "true"
      },
      "RequestBody": null,
      "StatusCode": 200,
      "ResponseHeaders": {
        "Cache-Control": "no-cache",
        "client-request-id": "b8121112-583c-ca3b-251e-8b29388bdf4e",
        "Content-Length": "739",
        "Content-Type": "application/json; charset=utf-8",
        "Date": "Fri, 20 Oct 2023 01:48:30 GMT",
        "elapsed-time": "332",
        "ETag": "W/\u0022datetime\u00272023-10-20T01%3A33%3A53.5877474Z\u0027\u0022",
        "Expires": "-1",
        "Pragma": "no-cache",
        "request-id": "b8121112-583c-ca3b-251e-8b29388bdf4e",
        "Strict-Transport-Security": "max-age=31536000; includeSubDomains",
        "X-Cache": "CONFIG_NOCACHE",
        "X-Content-Type-Options": "nosniff",
        "x-ms-client-request-id": "b8121112-583c-ca3b-251e-8b29388bdf4e",
        "x-ms-correlation-request-id": "57a6a64e-d815-45d9-87e7-a61deb353e40",
        "x-ms-ratelimit-remaining-subscription-reads": "11844",
        "x-ms-request-id": "b8121112-583c-ca3b-251e-8b29388bdf4e",
        "x-ms-routing-request-id": "EASTUS2EUAP:20231020T014831Z:57a6a64e-d815-45d9-87e7-a61deb353e40",
        "X-MSEdge-Ref": "Ref A: 372DB00DA85D42DC81F84D1745641AB5 Ref B: CO6AA3150220053 Ref C: 2023-10-20T01:48:30Z"
      },
      "ResponseBody": {
        "id": "/subscriptions/c4a547de-4411-4447-964d-1edbc72cf116/resourceGroups/sdk-test5142/providers/Microsoft.Search/searchServices/search9208",
        "name": "search9208",
        "type": "Microsoft.Search/searchServices",
        "location": "East US 2 EUAP",
        "tags": {},
        "properties": {
          "replicaCount": 3,
          "partitionCount": 1,
          "status": "provisioning",
          "statusDetails": "",
          "provisioningState": "provisioning",
          "hostingMode": "default",
          "publicNetworkAccess": "Enabled",
          "networkRuleSet": {
            "ipRules": [],
            "bypass": "None"
          },
          "privateEndpointConnections": [],
          "sharedPrivateLinkResources": [],
          "encryptionWithCmk": {
            "enforcement": "Unspecified",
            "encryptionComplianceStatus": "Compliant"
          },
          "disableLocalAuth": false,
          "authOptions": {
            "apiKeyOnly": {}
          },
          "semanticSearch": "disabled"
        },
        "sku": {
          "name": "standard"
        }
      }
    },
    {
      "RequestUri": "https://eastus2euap.management.azure.com/subscriptions/c4a547de-4411-4447-964d-1edbc72cf116/resourceGroups/sdk-test5142/providers/Microsoft.Search/searchServices/search9208?api-version=2023-11-01",
      "RequestMethod": "GET",
      "RequestHeaders": {
        "Authorization": "Sanitized",
        "traceparent": "00-7910e18212592c432f760f67df0ee5c5-b8962f5a8a10da6d-00",
        "User-Agent": "azsdk-net-ResourceManager/1.7.0 (.NET 7.0.12; Microsoft Windows 10.0.22621)",
        "x-ms-client-request-id": "91589ce2c292cb89c5ad7db41d8da511",
        "x-ms-return-client-request-id": "true"
      },
      "RequestBody": null,
      "StatusCode": 200,
      "ResponseHeaders": {
        "Cache-Control": "no-cache",
        "client-request-id": "91589ce2-c292-cb89-c5ad-7db41d8da511",
        "Content-Length": "739",
        "Content-Type": "application/json; charset=utf-8",
        "Date": "Fri, 20 Oct 2023 01:49:03 GMT",
        "elapsed-time": "298",
        "ETag": "W/\u0022datetime\u00272023-10-20T01%3A33%3A53.5877474Z\u0027\u0022",
        "Expires": "-1",
        "Pragma": "no-cache",
        "request-id": "91589ce2-c292-cb89-c5ad-7db41d8da511",
        "Strict-Transport-Security": "max-age=31536000; includeSubDomains",
        "X-Cache": "CONFIG_NOCACHE",
        "X-Content-Type-Options": "nosniff",
        "x-ms-client-request-id": "91589ce2-c292-cb89-c5ad-7db41d8da511",
        "x-ms-correlation-request-id": "bd39e0e4-3064-4ba6-8761-f59b811f32f6",
        "x-ms-ratelimit-remaining-subscription-reads": "11843",
        "x-ms-request-id": "91589ce2-c292-cb89-c5ad-7db41d8da511",
        "x-ms-routing-request-id": "EASTUS2EUAP:20231020T014903Z:bd39e0e4-3064-4ba6-8761-f59b811f32f6",
        "X-MSEdge-Ref": "Ref A: C6216F6117F14CFCAF1F7FB27B2F50E9 Ref B: CO6AA3150220053 Ref C: 2023-10-20T01:49:03Z"
      },
      "ResponseBody": {
        "id": "/subscriptions/c4a547de-4411-4447-964d-1edbc72cf116/resourceGroups/sdk-test5142/providers/Microsoft.Search/searchServices/search9208",
        "name": "search9208",
        "type": "Microsoft.Search/searchServices",
        "location": "East US 2 EUAP",
        "tags": {},
        "properties": {
          "replicaCount": 3,
          "partitionCount": 1,
          "status": "provisioning",
          "statusDetails": "",
          "provisioningState": "provisioning",
          "hostingMode": "default",
          "publicNetworkAccess": "Enabled",
          "networkRuleSet": {
            "ipRules": [],
            "bypass": "None"
          },
          "privateEndpointConnections": [],
          "sharedPrivateLinkResources": [],
          "encryptionWithCmk": {
            "enforcement": "Unspecified",
            "encryptionComplianceStatus": "Compliant"
          },
          "disableLocalAuth": false,
          "authOptions": {
            "apiKeyOnly": {}
          },
          "semanticSearch": "disabled"
        },
        "sku": {
          "name": "standard"
        }
      }
    },
    {
      "RequestUri": "https://eastus2euap.management.azure.com/subscriptions/c4a547de-4411-4447-964d-1edbc72cf116/resourceGroups/sdk-test5142/providers/Microsoft.Search/searchServices/search9208?api-version=2023-11-01",
      "RequestMethod": "GET",
      "RequestHeaders": {
        "Authorization": "Sanitized",
        "traceparent": "00-7910e18212592c432f760f67df0ee5c5-961dac3b144ab03c-00",
        "User-Agent": "azsdk-net-ResourceManager/1.7.0 (.NET 7.0.12; Microsoft Windows 10.0.22621)",
        "x-ms-client-request-id": "ba1f3c384d67ea42fd804170a93ed8e9",
        "x-ms-return-client-request-id": "true"
      },
      "RequestBody": null,
      "StatusCode": 200,
      "ResponseHeaders": {
        "Cache-Control": "no-cache",
        "client-request-id": "ba1f3c38-4d67-ea42-fd80-4170a93ed8e9",
        "Content-Length": "739",
        "Content-Type": "application/json; charset=utf-8",
        "Date": "Fri, 20 Oct 2023 01:49:35 GMT",
        "elapsed-time": "210",
        "ETag": "W/\u0022datetime\u00272023-10-20T01%3A33%3A53.5877474Z\u0027\u0022",
        "Expires": "-1",
        "Pragma": "no-cache",
        "request-id": "ba1f3c38-4d67-ea42-fd80-4170a93ed8e9",
        "Strict-Transport-Security": "max-age=31536000; includeSubDomains",
        "X-Cache": "CONFIG_NOCACHE",
        "X-Content-Type-Options": "nosniff",
        "x-ms-client-request-id": "ba1f3c38-4d67-ea42-fd80-4170a93ed8e9",
        "x-ms-correlation-request-id": "58a3d68e-6e75-41ae-9f25-66ce4f677e12",
        "x-ms-ratelimit-remaining-subscription-reads": "11842",
        "x-ms-request-id": "ba1f3c38-4d67-ea42-fd80-4170a93ed8e9",
        "x-ms-routing-request-id": "EASTUS2EUAP:20231020T014935Z:58a3d68e-6e75-41ae-9f25-66ce4f677e12",
        "X-MSEdge-Ref": "Ref A: 303AED7AAFF94E178A6A1C8E1DD89282 Ref B: CO6AA3150220053 Ref C: 2023-10-20T01:49:35Z"
      },
      "ResponseBody": {
        "id": "/subscriptions/c4a547de-4411-4447-964d-1edbc72cf116/resourceGroups/sdk-test5142/providers/Microsoft.Search/searchServices/search9208",
        "name": "search9208",
        "type": "Microsoft.Search/searchServices",
        "location": "East US 2 EUAP",
        "tags": {},
        "properties": {
          "replicaCount": 3,
          "partitionCount": 1,
          "status": "provisioning",
          "statusDetails": "",
          "provisioningState": "provisioning",
          "hostingMode": "default",
          "publicNetworkAccess": "Enabled",
          "networkRuleSet": {
            "ipRules": [],
            "bypass": "None"
          },
          "privateEndpointConnections": [],
          "sharedPrivateLinkResources": [],
          "encryptionWithCmk": {
            "enforcement": "Unspecified",
            "encryptionComplianceStatus": "Compliant"
          },
          "disableLocalAuth": false,
          "authOptions": {
            "apiKeyOnly": {}
          },
          "semanticSearch": "disabled"
        },
        "sku": {
          "name": "standard"
        }
      }
    },
    {
      "RequestUri": "https://eastus2euap.management.azure.com/subscriptions/c4a547de-4411-4447-964d-1edbc72cf116/resourceGroups/sdk-test5142/providers/Microsoft.Search/searchServices/search9208?api-version=2023-11-01",
      "RequestMethod": "GET",
      "RequestHeaders": {
        "Authorization": "Sanitized",
        "traceparent": "00-7910e18212592c432f760f67df0ee5c5-33186316303c4b9f-00",
        "User-Agent": "azsdk-net-ResourceManager/1.7.0 (.NET 7.0.12; Microsoft Windows 10.0.22621)",
        "x-ms-client-request-id": "3cf156bceccb4f068746f38edb87ad98",
        "x-ms-return-client-request-id": "true"
      },
      "RequestBody": null,
      "StatusCode": 200,
      "ResponseHeaders": {
        "Cache-Control": "no-cache",
        "client-request-id": "3cf156bc-eccb-4f06-8746-f38edb87ad98",
        "Content-Length": "739",
        "Content-Type": "application/json; charset=utf-8",
        "Date": "Fri, 20 Oct 2023 01:50:07 GMT",
        "elapsed-time": "175",
        "ETag": "W/\u0022datetime\u00272023-10-20T01%3A33%3A53.5877474Z\u0027\u0022",
        "Expires": "-1",
        "Pragma": "no-cache",
        "request-id": "3cf156bc-eccb-4f06-8746-f38edb87ad98",
        "Strict-Transport-Security": "max-age=31536000; includeSubDomains",
        "X-Cache": "CONFIG_NOCACHE",
        "X-Content-Type-Options": "nosniff",
        "x-ms-client-request-id": "3cf156bc-eccb-4f06-8746-f38edb87ad98",
        "x-ms-correlation-request-id": "f1227503-af22-4c72-a565-2e96c91b4cff",
        "x-ms-ratelimit-remaining-subscription-reads": "11850",
        "x-ms-request-id": "3cf156bc-eccb-4f06-8746-f38edb87ad98",
        "x-ms-routing-request-id": "EASTUS2EUAP:20231020T015008Z:f1227503-af22-4c72-a565-2e96c91b4cff",
        "X-MSEdge-Ref": "Ref A: A941C2212A044623BE0837F4E54CC686 Ref B: CO6AA3150220053 Ref C: 2023-10-20T01:50:07Z"
      },
      "ResponseBody": {
        "id": "/subscriptions/c4a547de-4411-4447-964d-1edbc72cf116/resourceGroups/sdk-test5142/providers/Microsoft.Search/searchServices/search9208",
        "name": "search9208",
        "type": "Microsoft.Search/searchServices",
        "location": "East US 2 EUAP",
        "tags": {},
        "properties": {
          "replicaCount": 3,
          "partitionCount": 1,
          "status": "provisioning",
          "statusDetails": "",
          "provisioningState": "provisioning",
          "hostingMode": "default",
          "publicNetworkAccess": "Enabled",
          "networkRuleSet": {
            "ipRules": [],
            "bypass": "None"
          },
          "privateEndpointConnections": [],
          "sharedPrivateLinkResources": [],
          "encryptionWithCmk": {
            "enforcement": "Unspecified",
            "encryptionComplianceStatus": "Compliant"
          },
          "disableLocalAuth": false,
          "authOptions": {
            "apiKeyOnly": {}
          },
          "semanticSearch": "disabled"
        },
        "sku": {
          "name": "standard"
        }
      }
    },
    {
      "RequestUri": "https://eastus2euap.management.azure.com/subscriptions/c4a547de-4411-4447-964d-1edbc72cf116/resourceGroups/sdk-test5142/providers/Microsoft.Search/searchServices/search9208?api-version=2023-11-01",
      "RequestMethod": "GET",
      "RequestHeaders": {
        "Authorization": "Sanitized",
        "traceparent": "00-7910e18212592c432f760f67df0ee5c5-589477d2f73249bc-00",
        "User-Agent": "azsdk-net-ResourceManager/1.7.0 (.NET 7.0.12; Microsoft Windows 10.0.22621)",
        "x-ms-client-request-id": "fbf07978246c94e7596e931181192287",
        "x-ms-return-client-request-id": "true"
      },
      "RequestBody": null,
      "StatusCode": 200,
      "ResponseHeaders": {
        "Cache-Control": "no-cache",
        "client-request-id": "fbf07978-246c-94e7-596e-931181192287",
        "Content-Length": "739",
        "Content-Type": "application/json; charset=utf-8",
        "Date": "Fri, 20 Oct 2023 01:50:40 GMT",
        "elapsed-time": "279",
        "ETag": "W/\u0022datetime\u00272023-10-20T01%3A33%3A53.5877474Z\u0027\u0022",
        "Expires": "-1",
        "Pragma": "no-cache",
        "request-id": "fbf07978-246c-94e7-596e-931181192287",
        "Strict-Transport-Security": "max-age=31536000; includeSubDomains",
        "X-Cache": "CONFIG_NOCACHE",
        "X-Content-Type-Options": "nosniff",
        "x-ms-client-request-id": "fbf07978-246c-94e7-596e-931181192287",
        "x-ms-correlation-request-id": "fe673a02-242b-4223-8df6-76f4c0736e73",
        "x-ms-ratelimit-remaining-subscription-reads": "11849",
        "x-ms-request-id": "fbf07978-246c-94e7-596e-931181192287",
        "x-ms-routing-request-id": "EASTUS2EUAP:20231020T015040Z:fe673a02-242b-4223-8df6-76f4c0736e73",
        "X-MSEdge-Ref": "Ref A: 9E766636FE8F4932B592E276F31D2326 Ref B: CO6AA3150220053 Ref C: 2023-10-20T01:50:40Z"
      },
      "ResponseBody": {
        "id": "/subscriptions/c4a547de-4411-4447-964d-1edbc72cf116/resourceGroups/sdk-test5142/providers/Microsoft.Search/searchServices/search9208",
        "name": "search9208",
        "type": "Microsoft.Search/searchServices",
        "location": "East US 2 EUAP",
        "tags": {},
        "properties": {
          "replicaCount": 3,
          "partitionCount": 1,
          "status": "provisioning",
          "statusDetails": "",
          "provisioningState": "provisioning",
          "hostingMode": "default",
          "publicNetworkAccess": "Enabled",
          "networkRuleSet": {
            "ipRules": [],
            "bypass": "None"
          },
          "privateEndpointConnections": [],
          "sharedPrivateLinkResources": [],
          "encryptionWithCmk": {
            "enforcement": "Unspecified",
            "encryptionComplianceStatus": "Compliant"
          },
          "disableLocalAuth": false,
          "authOptions": {
            "apiKeyOnly": {}
          },
          "semanticSearch": "disabled"
        },
        "sku": {
          "name": "standard"
        }
      }
    },
    {
      "RequestUri": "https://eastus2euap.management.azure.com/subscriptions/c4a547de-4411-4447-964d-1edbc72cf116/resourceGroups/sdk-test5142/providers/Microsoft.Search/searchServices/search9208?api-version=2023-11-01",
      "RequestMethod": "GET",
      "RequestHeaders": {
        "Authorization": "Sanitized",
        "traceparent": "00-7910e18212592c432f760f67df0ee5c5-3d0253c86bc7fe23-00",
        "User-Agent": "azsdk-net-ResourceManager/1.7.0 (.NET 7.0.12; Microsoft Windows 10.0.22621)",
        "x-ms-client-request-id": "c6f793d5699c4c4636d033215ab30f76",
        "x-ms-return-client-request-id": "true"
      },
      "RequestBody": null,
      "StatusCode": 200,
      "ResponseHeaders": {
        "Cache-Control": "no-cache",
        "client-request-id": "c6f793d5-699c-4c46-36d0-33215ab30f76",
        "Content-Length": "739",
        "Content-Type": "application/json; charset=utf-8",
        "Date": "Fri, 20 Oct 2023 01:51:12 GMT",
        "elapsed-time": "311",
        "ETag": "W/\u0022datetime\u00272023-10-20T01%3A33%3A53.5877474Z\u0027\u0022",
        "Expires": "-1",
        "Pragma": "no-cache",
        "request-id": "c6f793d5-699c-4c46-36d0-33215ab30f76",
        "Strict-Transport-Security": "max-age=31536000; includeSubDomains",
        "X-Cache": "CONFIG_NOCACHE",
        "X-Content-Type-Options": "nosniff",
        "x-ms-client-request-id": "c6f793d5-699c-4c46-36d0-33215ab30f76",
        "x-ms-correlation-request-id": "e98e0a2f-ac66-4787-8482-ad7ff02086b5",
        "x-ms-ratelimit-remaining-subscription-reads": "11848",
        "x-ms-request-id": "c6f793d5-699c-4c46-36d0-33215ab30f76",
        "x-ms-routing-request-id": "EASTUS2EUAP:20231020T015112Z:e98e0a2f-ac66-4787-8482-ad7ff02086b5",
        "X-MSEdge-Ref": "Ref A: CA635DC540544D868A06C6FF31994CB9 Ref B: CO6AA3150220053 Ref C: 2023-10-20T01:51:12Z"
      },
      "ResponseBody": {
        "id": "/subscriptions/c4a547de-4411-4447-964d-1edbc72cf116/resourceGroups/sdk-test5142/providers/Microsoft.Search/searchServices/search9208",
        "name": "search9208",
        "type": "Microsoft.Search/searchServices",
        "location": "East US 2 EUAP",
        "tags": {},
        "properties": {
          "replicaCount": 3,
          "partitionCount": 1,
          "status": "provisioning",
          "statusDetails": "",
          "provisioningState": "provisioning",
          "hostingMode": "default",
          "publicNetworkAccess": "Enabled",
          "networkRuleSet": {
            "ipRules": [],
            "bypass": "None"
          },
          "privateEndpointConnections": [],
          "sharedPrivateLinkResources": [],
          "encryptionWithCmk": {
            "enforcement": "Unspecified",
            "encryptionComplianceStatus": "Compliant"
          },
          "disableLocalAuth": false,
          "authOptions": {
            "apiKeyOnly": {}
          },
          "semanticSearch": "disabled"
        },
        "sku": {
          "name": "standard"
        }
      }
    },
    {
      "RequestUri": "https://eastus2euap.management.azure.com/subscriptions/c4a547de-4411-4447-964d-1edbc72cf116/resourceGroups/sdk-test5142/providers/Microsoft.Search/searchServices/search9208?api-version=2023-11-01",
      "RequestMethod": "GET",
      "RequestHeaders": {
        "Authorization": "Sanitized",
        "traceparent": "00-7910e18212592c432f760f67df0ee5c5-295a7702490ba146-00",
        "User-Agent": "azsdk-net-ResourceManager/1.7.0 (.NET 7.0.12; Microsoft Windows 10.0.22621)",
        "x-ms-client-request-id": "2ff8a8d3dd4d977d6f5ce25d58f4cd6e",
        "x-ms-return-client-request-id": "true"
      },
      "RequestBody": null,
      "StatusCode": 200,
      "ResponseHeaders": {
        "Cache-Control": "no-cache",
        "client-request-id": "2ff8a8d3-dd4d-977d-6f5c-e25d58f4cd6e",
        "Content-Length": "739",
        "Content-Type": "application/json; charset=utf-8",
        "Date": "Fri, 20 Oct 2023 01:51:44 GMT",
        "elapsed-time": "323",
        "ETag": "W/\u0022datetime\u00272023-10-20T01%3A33%3A53.5877474Z\u0027\u0022",
        "Expires": "-1",
        "Pragma": "no-cache",
        "request-id": "2ff8a8d3-dd4d-977d-6f5c-e25d58f4cd6e",
        "Strict-Transport-Security": "max-age=31536000; includeSubDomains",
        "X-Cache": "CONFIG_NOCACHE",
        "X-Content-Type-Options": "nosniff",
        "x-ms-client-request-id": "2ff8a8d3-dd4d-977d-6f5c-e25d58f4cd6e",
        "x-ms-correlation-request-id": "37db72c1-f712-4bfa-a683-71f919f113f2",
        "x-ms-ratelimit-remaining-subscription-reads": "11847",
        "x-ms-request-id": "2ff8a8d3-dd4d-977d-6f5c-e25d58f4cd6e",
        "x-ms-routing-request-id": "EASTUS2EUAP:20231020T015145Z:37db72c1-f712-4bfa-a683-71f919f113f2",
        "X-MSEdge-Ref": "Ref A: 55E6C52275234ED9BF0126EC2E4A7045 Ref B: CO6AA3150220053 Ref C: 2023-10-20T01:51:45Z"
      },
      "ResponseBody": {
        "id": "/subscriptions/c4a547de-4411-4447-964d-1edbc72cf116/resourceGroups/sdk-test5142/providers/Microsoft.Search/searchServices/search9208",
        "name": "search9208",
        "type": "Microsoft.Search/searchServices",
        "location": "East US 2 EUAP",
        "tags": {},
        "properties": {
          "replicaCount": 3,
          "partitionCount": 1,
          "status": "provisioning",
          "statusDetails": "",
          "provisioningState": "provisioning",
          "hostingMode": "default",
          "publicNetworkAccess": "Enabled",
          "networkRuleSet": {
            "ipRules": [],
            "bypass": "None"
          },
          "privateEndpointConnections": [],
          "sharedPrivateLinkResources": [],
          "encryptionWithCmk": {
            "enforcement": "Unspecified",
            "encryptionComplianceStatus": "Compliant"
          },
          "disableLocalAuth": false,
          "authOptions": {
            "apiKeyOnly": {}
          },
          "semanticSearch": "disabled"
        },
        "sku": {
          "name": "standard"
        }
      }
    },
    {
      "RequestUri": "https://eastus2euap.management.azure.com/subscriptions/c4a547de-4411-4447-964d-1edbc72cf116/resourceGroups/sdk-test5142/providers/Microsoft.Search/searchServices/search9208?api-version=2023-11-01",
      "RequestMethod": "GET",
      "RequestHeaders": {
        "Authorization": "Sanitized",
        "traceparent": "00-7910e18212592c432f760f67df0ee5c5-a1c6c6d96d91b664-00",
        "User-Agent": "azsdk-net-ResourceManager/1.7.0 (.NET 7.0.12; Microsoft Windows 10.0.22621)",
        "x-ms-client-request-id": "47b86b23e68f0ffb32a4c49bf1c539a5",
        "x-ms-return-client-request-id": "true"
      },
      "RequestBody": null,
      "StatusCode": 200,
      "ResponseHeaders": {
        "Cache-Control": "no-cache",
        "client-request-id": "47b86b23-e68f-0ffb-32a4-c49bf1c539a5",
        "Content-Length": "739",
        "Content-Type": "application/json; charset=utf-8",
        "Date": "Fri, 20 Oct 2023 01:52:17 GMT",
        "elapsed-time": "417",
        "ETag": "W/\u0022datetime\u00272023-10-20T01%3A33%3A53.5877474Z\u0027\u0022",
        "Expires": "-1",
        "Pragma": "no-cache",
        "request-id": "47b86b23-e68f-0ffb-32a4-c49bf1c539a5",
        "Strict-Transport-Security": "max-age=31536000; includeSubDomains",
        "X-Cache": "CONFIG_NOCACHE",
        "X-Content-Type-Options": "nosniff",
        "x-ms-client-request-id": "47b86b23-e68f-0ffb-32a4-c49bf1c539a5",
        "x-ms-correlation-request-id": "d2c5cd66-5004-4a4a-9c2d-6c28d76c709e",
        "x-ms-ratelimit-remaining-subscription-reads": "11846",
        "x-ms-request-id": "47b86b23-e68f-0ffb-32a4-c49bf1c539a5",
        "x-ms-routing-request-id": "EASTUS2EUAP:20231020T015217Z:d2c5cd66-5004-4a4a-9c2d-6c28d76c709e",
        "X-MSEdge-Ref": "Ref A: B74CAE04676247F1AC3F324B173A8CF3 Ref B: CO6AA3150220053 Ref C: 2023-10-20T01:52:17Z"
      },
      "ResponseBody": {
        "id": "/subscriptions/c4a547de-4411-4447-964d-1edbc72cf116/resourceGroups/sdk-test5142/providers/Microsoft.Search/searchServices/search9208",
        "name": "search9208",
        "type": "Microsoft.Search/searchServices",
        "location": "East US 2 EUAP",
        "tags": {},
        "properties": {
          "replicaCount": 3,
          "partitionCount": 1,
          "status": "provisioning",
          "statusDetails": "",
          "provisioningState": "provisioning",
          "hostingMode": "default",
          "publicNetworkAccess": "Enabled",
          "networkRuleSet": {
            "ipRules": [],
            "bypass": "None"
          },
          "privateEndpointConnections": [],
          "sharedPrivateLinkResources": [],
          "encryptionWithCmk": {
            "enforcement": "Unspecified",
            "encryptionComplianceStatus": "Compliant"
          },
          "disableLocalAuth": false,
          "authOptions": {
            "apiKeyOnly": {}
          },
          "semanticSearch": "disabled"
        },
        "sku": {
          "name": "standard"
        }
      }
    },
    {
      "RequestUri": "https://eastus2euap.management.azure.com/subscriptions/c4a547de-4411-4447-964d-1edbc72cf116/resourceGroups/sdk-test5142/providers/Microsoft.Search/searchServices/search9208?api-version=2023-11-01",
      "RequestMethod": "GET",
      "RequestHeaders": {
        "Authorization": "Sanitized",
        "traceparent": "00-7910e18212592c432f760f67df0ee5c5-47b9d154bc684624-00",
        "User-Agent": "azsdk-net-ResourceManager/1.7.0 (.NET 7.0.12; Microsoft Windows 10.0.22621)",
        "x-ms-client-request-id": "d83e1d5ef220f8391660573f86e9f341",
        "x-ms-return-client-request-id": "true"
      },
      "RequestBody": null,
      "StatusCode": 200,
      "ResponseHeaders": {
        "Cache-Control": "no-cache",
        "client-request-id": "d83e1d5e-f220-f839-1660-573f86e9f341",
        "Content-Length": "739",
        "Content-Type": "application/json; charset=utf-8",
        "Date": "Fri, 20 Oct 2023 01:52:49 GMT",
        "elapsed-time": "233",
        "ETag": "W/\u0022datetime\u00272023-10-20T01%3A33%3A53.5877474Z\u0027\u0022",
        "Expires": "-1",
        "Pragma": "no-cache",
        "request-id": "d83e1d5e-f220-f839-1660-573f86e9f341",
        "Strict-Transport-Security": "max-age=31536000; includeSubDomains",
        "X-Cache": "CONFIG_NOCACHE",
        "X-Content-Type-Options": "nosniff",
        "x-ms-client-request-id": "d83e1d5e-f220-f839-1660-573f86e9f341",
        "x-ms-correlation-request-id": "ab184818-16ab-42be-b009-7dc0b1eb748f",
        "x-ms-ratelimit-remaining-subscription-reads": "11845",
        "x-ms-request-id": "d83e1d5e-f220-f839-1660-573f86e9f341",
        "x-ms-routing-request-id": "EASTUS2EUAP:20231020T015250Z:ab184818-16ab-42be-b009-7dc0b1eb748f",
        "X-MSEdge-Ref": "Ref A: CBEA6B28A8FF46FB805CE48AF116750F Ref B: CO6AA3150220053 Ref C: 2023-10-20T01:52:50Z"
      },
      "ResponseBody": {
        "id": "/subscriptions/c4a547de-4411-4447-964d-1edbc72cf116/resourceGroups/sdk-test5142/providers/Microsoft.Search/searchServices/search9208",
        "name": "search9208",
        "type": "Microsoft.Search/searchServices",
        "location": "East US 2 EUAP",
        "tags": {},
        "properties": {
          "replicaCount": 3,
          "partitionCount": 1,
          "status": "provisioning",
          "statusDetails": "",
          "provisioningState": "provisioning",
          "hostingMode": "default",
          "publicNetworkAccess": "Enabled",
          "networkRuleSet": {
            "ipRules": [],
            "bypass": "None"
          },
          "privateEndpointConnections": [],
          "sharedPrivateLinkResources": [],
          "encryptionWithCmk": {
            "enforcement": "Unspecified",
            "encryptionComplianceStatus": "Compliant"
          },
          "disableLocalAuth": false,
          "authOptions": {
            "apiKeyOnly": {}
          },
          "semanticSearch": "disabled"
        },
        "sku": {
          "name": "standard"
        }
      }
    },
    {
      "RequestUri": "https://eastus2euap.management.azure.com/subscriptions/c4a547de-4411-4447-964d-1edbc72cf116/resourceGroups/sdk-test5142/providers/Microsoft.Search/searchServices/search9208?api-version=2023-11-01",
      "RequestMethod": "GET",
      "RequestHeaders": {
        "Authorization": "Sanitized",
        "traceparent": "00-7910e18212592c432f760f67df0ee5c5-b44fd08388230d48-00",
        "User-Agent": "azsdk-net-ResourceManager/1.7.0 (.NET 7.0.12; Microsoft Windows 10.0.22621)",
        "x-ms-client-request-id": "eefdc402c8fbede6ace9fca918e1a6a9",
        "x-ms-return-client-request-id": "true"
      },
      "RequestBody": null,
      "StatusCode": 200,
      "ResponseHeaders": {
        "Cache-Control": "no-cache",
        "client-request-id": "eefdc402-c8fb-ede6-ace9-fca918e1a6a9",
        "Content-Length": "739",
        "Content-Type": "application/json; charset=utf-8",
        "Date": "Fri, 20 Oct 2023 01:53:21 GMT",
        "elapsed-time": "258",
        "ETag": "W/\u0022datetime\u00272023-10-20T01%3A33%3A53.5877474Z\u0027\u0022",
        "Expires": "-1",
        "Pragma": "no-cache",
        "request-id": "eefdc402-c8fb-ede6-ace9-fca918e1a6a9",
        "Strict-Transport-Security": "max-age=31536000; includeSubDomains",
        "X-Cache": "CONFIG_NOCACHE",
        "X-Content-Type-Options": "nosniff",
        "x-ms-client-request-id": "eefdc402-c8fb-ede6-ace9-fca918e1a6a9",
        "x-ms-correlation-request-id": "25b27528-3988-486c-bc7b-ba5c5aab0954",
        "x-ms-ratelimit-remaining-subscription-reads": "11844",
        "x-ms-request-id": "eefdc402-c8fb-ede6-ace9-fca918e1a6a9",
        "x-ms-routing-request-id": "EASTUS2EUAP:20231020T015322Z:25b27528-3988-486c-bc7b-ba5c5aab0954",
        "X-MSEdge-Ref": "Ref A: 4D05CD55DD0143E9B72206AF8D74E691 Ref B: CO6AA3150220053 Ref C: 2023-10-20T01:53:22Z"
      },
      "ResponseBody": {
        "id": "/subscriptions/c4a547de-4411-4447-964d-1edbc72cf116/resourceGroups/sdk-test5142/providers/Microsoft.Search/searchServices/search9208",
        "name": "search9208",
        "type": "Microsoft.Search/searchServices",
        "location": "East US 2 EUAP",
        "tags": {},
        "properties": {
          "replicaCount": 3,
          "partitionCount": 1,
          "status": "provisioning",
          "statusDetails": "",
          "provisioningState": "provisioning",
          "hostingMode": "default",
          "publicNetworkAccess": "Enabled",
          "networkRuleSet": {
            "ipRules": [],
            "bypass": "None"
          },
          "privateEndpointConnections": [],
          "sharedPrivateLinkResources": [],
          "encryptionWithCmk": {
            "enforcement": "Unspecified",
            "encryptionComplianceStatus": "Compliant"
          },
          "disableLocalAuth": false,
          "authOptions": {
            "apiKeyOnly": {}
          },
          "semanticSearch": "disabled"
        },
        "sku": {
          "name": "standard"
        }
      }
    },
    {
      "RequestUri": "https://eastus2euap.management.azure.com/subscriptions/c4a547de-4411-4447-964d-1edbc72cf116/resourceGroups/sdk-test5142/providers/Microsoft.Search/searchServices/search9208?api-version=2023-11-01",
      "RequestMethod": "GET",
      "RequestHeaders": {
        "Authorization": "Sanitized",
        "traceparent": "00-7910e18212592c432f760f67df0ee5c5-49073340d09ca1c6-00",
        "User-Agent": "azsdk-net-ResourceManager/1.7.0 (.NET 7.0.12; Microsoft Windows 10.0.22621)",
        "x-ms-client-request-id": "3bfe3c22f5b6304d32c0302f8ebb8849",
        "x-ms-return-client-request-id": "true"
      },
      "RequestBody": null,
      "StatusCode": 200,
      "ResponseHeaders": {
        "Cache-Control": "no-cache",
        "client-request-id": "3bfe3c22-f5b6-304d-32c0-302f8ebb8849",
        "Content-Length": "739",
        "Content-Type": "application/json; charset=utf-8",
        "Date": "Fri, 20 Oct 2023 01:53:54 GMT",
        "elapsed-time": "214",
        "ETag": "W/\u0022datetime\u00272023-10-20T01%3A33%3A53.5877474Z\u0027\u0022",
        "Expires": "-1",
        "Pragma": "no-cache",
        "request-id": "3bfe3c22-f5b6-304d-32c0-302f8ebb8849",
        "Strict-Transport-Security": "max-age=31536000; includeSubDomains",
        "X-Cache": "CONFIG_NOCACHE",
        "X-Content-Type-Options": "nosniff",
        "x-ms-client-request-id": "3bfe3c22-f5b6-304d-32c0-302f8ebb8849",
        "x-ms-correlation-request-id": "7b2a8457-5969-44f1-a24b-92530f82fba5",
        "x-ms-ratelimit-remaining-subscription-reads": "11843",
        "x-ms-request-id": "3bfe3c22-f5b6-304d-32c0-302f8ebb8849",
        "x-ms-routing-request-id": "EASTUS2EUAP:20231020T015355Z:7b2a8457-5969-44f1-a24b-92530f82fba5",
        "X-MSEdge-Ref": "Ref A: 60B6F6E5EAE4473999C9B85F15582688 Ref B: CO6AA3150220053 Ref C: 2023-10-20T01:53:54Z"
      },
      "ResponseBody": {
        "id": "/subscriptions/c4a547de-4411-4447-964d-1edbc72cf116/resourceGroups/sdk-test5142/providers/Microsoft.Search/searchServices/search9208",
        "name": "search9208",
        "type": "Microsoft.Search/searchServices",
        "location": "East US 2 EUAP",
        "tags": {},
        "properties": {
          "replicaCount": 3,
          "partitionCount": 1,
          "status": "provisioning",
          "statusDetails": "",
          "provisioningState": "provisioning",
          "hostingMode": "default",
          "publicNetworkAccess": "Enabled",
          "networkRuleSet": {
            "ipRules": [],
            "bypass": "None"
          },
          "privateEndpointConnections": [],
          "sharedPrivateLinkResources": [],
          "encryptionWithCmk": {
            "enforcement": "Unspecified",
            "encryptionComplianceStatus": "Compliant"
          },
          "disableLocalAuth": false,
          "authOptions": {
            "apiKeyOnly": {}
          },
          "semanticSearch": "disabled"
        },
        "sku": {
          "name": "standard"
        }
      }
    },
    {
      "RequestUri": "https://eastus2euap.management.azure.com/subscriptions/c4a547de-4411-4447-964d-1edbc72cf116/resourceGroups/sdk-test5142/providers/Microsoft.Search/searchServices/search9208?api-version=2023-11-01",
      "RequestMethod": "GET",
      "RequestHeaders": {
        "Authorization": "Sanitized",
        "traceparent": "00-7910e18212592c432f760f67df0ee5c5-721a7617d332d65b-00",
        "User-Agent": "azsdk-net-ResourceManager/1.7.0 (.NET 7.0.12; Microsoft Windows 10.0.22621)",
        "x-ms-client-request-id": "2c9983b04ac896aa36512b37f690e034",
        "x-ms-return-client-request-id": "true"
      },
      "RequestBody": null,
      "StatusCode": 200,
      "ResponseHeaders": {
        "Cache-Control": "no-cache",
        "client-request-id": "2c9983b0-4ac8-96aa-3651-2b37f690e034",
        "Content-Length": "739",
        "Content-Type": "application/json; charset=utf-8",
        "Date": "Fri, 20 Oct 2023 01:54:27 GMT",
        "elapsed-time": "290",
        "ETag": "W/\u0022datetime\u00272023-10-20T01%3A33%3A53.5877474Z\u0027\u0022",
        "Expires": "-1",
        "Pragma": "no-cache",
        "request-id": "2c9983b0-4ac8-96aa-3651-2b37f690e034",
        "Strict-Transport-Security": "max-age=31536000; includeSubDomains",
        "X-Cache": "CONFIG_NOCACHE",
        "X-Content-Type-Options": "nosniff",
        "x-ms-client-request-id": "2c9983b0-4ac8-96aa-3651-2b37f690e034",
        "x-ms-correlation-request-id": "d03c73c8-36e6-4efb-ae6d-9cee76e2c2ab",
        "x-ms-ratelimit-remaining-subscription-reads": "11842",
        "x-ms-request-id": "2c9983b0-4ac8-96aa-3651-2b37f690e034",
        "x-ms-routing-request-id": "EASTUS2EUAP:20231020T015427Z:d03c73c8-36e6-4efb-ae6d-9cee76e2c2ab",
        "X-MSEdge-Ref": "Ref A: 1171D20B979D4BBF80B13BED00FCAD97 Ref B: CO6AA3150220053 Ref C: 2023-10-20T01:54:27Z"
      },
      "ResponseBody": {
        "id": "/subscriptions/c4a547de-4411-4447-964d-1edbc72cf116/resourceGroups/sdk-test5142/providers/Microsoft.Search/searchServices/search9208",
        "name": "search9208",
        "type": "Microsoft.Search/searchServices",
        "location": "East US 2 EUAP",
        "tags": {},
        "properties": {
          "replicaCount": 3,
          "partitionCount": 1,
          "status": "provisioning",
          "statusDetails": "",
          "provisioningState": "provisioning",
          "hostingMode": "default",
          "publicNetworkAccess": "Enabled",
          "networkRuleSet": {
            "ipRules": [],
            "bypass": "None"
          },
          "privateEndpointConnections": [],
          "sharedPrivateLinkResources": [],
          "encryptionWithCmk": {
            "enforcement": "Unspecified",
            "encryptionComplianceStatus": "Compliant"
          },
          "disableLocalAuth": false,
          "authOptions": {
            "apiKeyOnly": {}
          },
          "semanticSearch": "disabled"
        },
        "sku": {
          "name": "standard"
        }
      }
    },
    {
      "RequestUri": "https://eastus2euap.management.azure.com/subscriptions/c4a547de-4411-4447-964d-1edbc72cf116/resourceGroups/sdk-test5142/providers/Microsoft.Search/searchServices/search9208?api-version=2023-11-01",
      "RequestMethod": "GET",
      "RequestHeaders": {
        "Authorization": "Sanitized",
        "traceparent": "00-7910e18212592c432f760f67df0ee5c5-cef227e32b32383a-00",
        "User-Agent": "azsdk-net-ResourceManager/1.7.0 (.NET 7.0.12; Microsoft Windows 10.0.22621)",
        "x-ms-client-request-id": "491dadb9b7eb0d8b76cdbc3a97b65ef0",
        "x-ms-return-client-request-id": "true"
      },
      "RequestBody": null,
      "StatusCode": 200,
      "ResponseHeaders": {
        "Cache-Control": "no-cache",
        "client-request-id": "491dadb9-b7eb-0d8b-76cd-bc3a97b65ef0",
        "Content-Length": "739",
        "Content-Type": "application/json; charset=utf-8",
        "Date": "Fri, 20 Oct 2023 01:54:59 GMT",
        "elapsed-time": "195",
        "ETag": "W/\u0022datetime\u00272023-10-20T01%3A33%3A53.5877474Z\u0027\u0022",
        "Expires": "-1",
        "Pragma": "no-cache",
        "request-id": "491dadb9-b7eb-0d8b-76cd-bc3a97b65ef0",
        "Strict-Transport-Security": "max-age=31536000; includeSubDomains",
        "X-Cache": "CONFIG_NOCACHE",
        "X-Content-Type-Options": "nosniff",
        "x-ms-client-request-id": "491dadb9-b7eb-0d8b-76cd-bc3a97b65ef0",
        "x-ms-correlation-request-id": "da900beb-84c6-40da-aa23-b7f2e8cd57bd",
        "x-ms-ratelimit-remaining-subscription-reads": "11841",
        "x-ms-request-id": "491dadb9-b7eb-0d8b-76cd-bc3a97b65ef0",
        "x-ms-routing-request-id": "EASTUS2EUAP:20231020T015459Z:da900beb-84c6-40da-aa23-b7f2e8cd57bd",
        "X-MSEdge-Ref": "Ref A: CD4B8F91908C47CA93EBF17843C98B9B Ref B: CO6AA3150220053 Ref C: 2023-10-20T01:54:59Z"
      },
      "ResponseBody": {
        "id": "/subscriptions/c4a547de-4411-4447-964d-1edbc72cf116/resourceGroups/sdk-test5142/providers/Microsoft.Search/searchServices/search9208",
        "name": "search9208",
        "type": "Microsoft.Search/searchServices",
        "location": "East US 2 EUAP",
        "tags": {},
        "properties": {
          "replicaCount": 3,
          "partitionCount": 1,
          "status": "provisioning",
          "statusDetails": "",
          "provisioningState": "provisioning",
          "hostingMode": "default",
          "publicNetworkAccess": "Enabled",
          "networkRuleSet": {
            "ipRules": [],
            "bypass": "None"
          },
          "privateEndpointConnections": [],
          "sharedPrivateLinkResources": [],
          "encryptionWithCmk": {
            "enforcement": "Unspecified",
            "encryptionComplianceStatus": "Compliant"
          },
          "disableLocalAuth": false,
          "authOptions": {
            "apiKeyOnly": {}
          },
          "semanticSearch": "disabled"
        },
        "sku": {
          "name": "standard"
        }
      }
    },
    {
      "RequestUri": "https://eastus2euap.management.azure.com/subscriptions/c4a547de-4411-4447-964d-1edbc72cf116/resourceGroups/sdk-test5142/providers/Microsoft.Search/searchServices/search9208?api-version=2023-11-01",
      "RequestMethod": "GET",
      "RequestHeaders": {
        "Authorization": "Sanitized",
        "traceparent": "00-7910e18212592c432f760f67df0ee5c5-724c0e3093df23a7-00",
        "User-Agent": "azsdk-net-ResourceManager/1.7.0 (.NET 7.0.12; Microsoft Windows 10.0.22621)",
        "x-ms-client-request-id": "95f8b3607947d8e191670465c9163aa1",
        "x-ms-return-client-request-id": "true"
      },
      "RequestBody": null,
      "StatusCode": 200,
      "ResponseHeaders": {
        "Cache-Control": "no-cache",
        "client-request-id": "95f8b360-7947-d8e1-9167-0465c9163aa1",
        "Content-Length": "739",
        "Content-Type": "application/json; charset=utf-8",
        "Date": "Fri, 20 Oct 2023 01:55:31 GMT",
        "elapsed-time": "179",
        "ETag": "W/\u0022datetime\u00272023-10-20T01%3A33%3A53.5877474Z\u0027\u0022",
        "Expires": "-1",
        "Pragma": "no-cache",
        "request-id": "95f8b360-7947-d8e1-9167-0465c9163aa1",
        "Strict-Transport-Security": "max-age=31536000; includeSubDomains",
        "X-Cache": "CONFIG_NOCACHE",
        "X-Content-Type-Options": "nosniff",
        "x-ms-client-request-id": "95f8b360-7947-d8e1-9167-0465c9163aa1",
        "x-ms-correlation-request-id": "456d5ec9-4c7f-4762-b449-e5e8dfcca632",
        "x-ms-ratelimit-remaining-subscription-reads": "11860",
        "x-ms-request-id": "95f8b360-7947-d8e1-9167-0465c9163aa1",
        "x-ms-routing-request-id": "EASTUS2EUAP:20231020T015532Z:456d5ec9-4c7f-4762-b449-e5e8dfcca632",
        "X-MSEdge-Ref": "Ref A: 0A3B65060CC94C54B60520064845D841 Ref B: CO6AA3150220053 Ref C: 2023-10-20T01:55:31Z"
      },
      "ResponseBody": {
        "id": "/subscriptions/c4a547de-4411-4447-964d-1edbc72cf116/resourceGroups/sdk-test5142/providers/Microsoft.Search/searchServices/search9208",
        "name": "search9208",
        "type": "Microsoft.Search/searchServices",
        "location": "East US 2 EUAP",
        "tags": {},
        "properties": {
          "replicaCount": 3,
          "partitionCount": 1,
          "status": "provisioning",
          "statusDetails": "",
          "provisioningState": "provisioning",
          "hostingMode": "default",
          "publicNetworkAccess": "Enabled",
          "networkRuleSet": {
            "ipRules": [],
            "bypass": "None"
          },
          "privateEndpointConnections": [],
          "sharedPrivateLinkResources": [],
          "encryptionWithCmk": {
            "enforcement": "Unspecified",
            "encryptionComplianceStatus": "Compliant"
          },
          "disableLocalAuth": false,
          "authOptions": {
            "apiKeyOnly": {}
          },
          "semanticSearch": "disabled"
        },
        "sku": {
          "name": "standard"
        }
      }
    },
    {
      "RequestUri": "https://eastus2euap.management.azure.com/subscriptions/c4a547de-4411-4447-964d-1edbc72cf116/resourceGroups/sdk-test5142/providers/Microsoft.Search/searchServices/search9208?api-version=2023-11-01",
      "RequestMethod": "GET",
      "RequestHeaders": {
        "Authorization": "Sanitized",
        "traceparent": "00-7910e18212592c432f760f67df0ee5c5-4056648af0838e53-00",
        "User-Agent": "azsdk-net-ResourceManager/1.7.0 (.NET 7.0.12; Microsoft Windows 10.0.22621)",
        "x-ms-client-request-id": "e175fcdf3f9ef95ef78cb5fb8d70fe80",
        "x-ms-return-client-request-id": "true"
      },
      "RequestBody": null,
      "StatusCode": 200,
      "ResponseHeaders": {
        "Cache-Control": "no-cache",
        "client-request-id": "e175fcdf-3f9e-f95e-f78c-b5fb8d70fe80",
        "Content-Length": "739",
        "Content-Type": "application/json; charset=utf-8",
        "Date": "Fri, 20 Oct 2023 01:56:03 GMT",
        "elapsed-time": "287",
        "ETag": "W/\u0022datetime\u00272023-10-20T01%3A33%3A53.5877474Z\u0027\u0022",
        "Expires": "-1",
        "Pragma": "no-cache",
        "request-id": "e175fcdf-3f9e-f95e-f78c-b5fb8d70fe80",
        "Strict-Transport-Security": "max-age=31536000; includeSubDomains",
        "X-Cache": "CONFIG_NOCACHE",
        "X-Content-Type-Options": "nosniff",
        "x-ms-client-request-id": "e175fcdf-3f9e-f95e-f78c-b5fb8d70fe80",
        "x-ms-correlation-request-id": "5ff2d165-2fb5-48e4-845e-f042127736ae",
        "x-ms-ratelimit-remaining-subscription-reads": "11859",
        "x-ms-request-id": "e175fcdf-3f9e-f95e-f78c-b5fb8d70fe80",
        "x-ms-routing-request-id": "EASTUS2EUAP:20231020T015604Z:5ff2d165-2fb5-48e4-845e-f042127736ae",
        "X-MSEdge-Ref": "Ref A: BAC9B7FD3919407EA203F85733C9689B Ref B: CO6AA3150220053 Ref C: 2023-10-20T01:56:04Z"
      },
      "ResponseBody": {
        "id": "/subscriptions/c4a547de-4411-4447-964d-1edbc72cf116/resourceGroups/sdk-test5142/providers/Microsoft.Search/searchServices/search9208",
        "name": "search9208",
        "type": "Microsoft.Search/searchServices",
        "location": "East US 2 EUAP",
        "tags": {},
        "properties": {
          "replicaCount": 3,
          "partitionCount": 1,
          "status": "provisioning",
          "statusDetails": "",
          "provisioningState": "provisioning",
          "hostingMode": "default",
          "publicNetworkAccess": "Enabled",
          "networkRuleSet": {
            "ipRules": [],
            "bypass": "None"
          },
          "privateEndpointConnections": [],
          "sharedPrivateLinkResources": [],
          "encryptionWithCmk": {
            "enforcement": "Unspecified",
            "encryptionComplianceStatus": "Compliant"
          },
          "disableLocalAuth": false,
          "authOptions": {
            "apiKeyOnly": {}
          },
          "semanticSearch": "disabled"
        },
        "sku": {
          "name": "standard"
        }
      }
    },
    {
      "RequestUri": "https://eastus2euap.management.azure.com/subscriptions/c4a547de-4411-4447-964d-1edbc72cf116/resourceGroups/sdk-test5142/providers/Microsoft.Search/searchServices/search9208?api-version=2023-11-01",
      "RequestMethod": "GET",
      "RequestHeaders": {
        "Authorization": "Sanitized",
        "traceparent": "00-7910e18212592c432f760f67df0ee5c5-f0c43ffcd807a73b-00",
        "User-Agent": "azsdk-net-ResourceManager/1.7.0 (.NET 7.0.12; Microsoft Windows 10.0.22621)",
        "x-ms-client-request-id": "43d73af24b9740eccb45b783b3264360",
        "x-ms-return-client-request-id": "true"
      },
      "RequestBody": null,
      "StatusCode": 200,
      "ResponseHeaders": {
        "Cache-Control": "no-cache",
        "client-request-id": "43d73af2-4b97-40ec-cb45-b783b3264360",
        "Content-Length": "739",
        "Content-Type": "application/json; charset=utf-8",
        "Date": "Fri, 20 Oct 2023 01:56:36 GMT",
        "elapsed-time": "319",
        "ETag": "W/\u0022datetime\u00272023-10-20T01%3A33%3A53.5877474Z\u0027\u0022",
        "Expires": "-1",
        "Pragma": "no-cache",
        "request-id": "43d73af2-4b97-40ec-cb45-b783b3264360",
        "Strict-Transport-Security": "max-age=31536000; includeSubDomains",
        "X-Cache": "CONFIG_NOCACHE",
        "X-Content-Type-Options": "nosniff",
        "x-ms-client-request-id": "43d73af2-4b97-40ec-cb45-b783b3264360",
        "x-ms-correlation-request-id": "e423c7b4-5640-49c3-8c6b-05cdbcffee79",
        "x-ms-ratelimit-remaining-subscription-reads": "11858",
        "x-ms-request-id": "43d73af2-4b97-40ec-cb45-b783b3264360",
        "x-ms-routing-request-id": "EASTUS2EUAP:20231020T015636Z:e423c7b4-5640-49c3-8c6b-05cdbcffee79",
        "X-MSEdge-Ref": "Ref A: 388F6D949F3F46C5832CC374DA5B22C7 Ref B: CO6AA3150220053 Ref C: 2023-10-20T01:56:36Z"
      },
      "ResponseBody": {
        "id": "/subscriptions/c4a547de-4411-4447-964d-1edbc72cf116/resourceGroups/sdk-test5142/providers/Microsoft.Search/searchServices/search9208",
        "name": "search9208",
        "type": "Microsoft.Search/searchServices",
        "location": "East US 2 EUAP",
        "tags": {},
        "properties": {
          "replicaCount": 3,
          "partitionCount": 1,
          "status": "provisioning",
          "statusDetails": "",
          "provisioningState": "provisioning",
          "hostingMode": "default",
          "publicNetworkAccess": "Enabled",
          "networkRuleSet": {
            "ipRules": [],
            "bypass": "None"
          },
          "privateEndpointConnections": [],
          "sharedPrivateLinkResources": [],
          "encryptionWithCmk": {
            "enforcement": "Unspecified",
            "encryptionComplianceStatus": "Compliant"
          },
          "disableLocalAuth": false,
          "authOptions": {
            "apiKeyOnly": {}
          },
          "semanticSearch": "disabled"
        },
        "sku": {
          "name": "standard"
        }
      }
    },
    {
      "RequestUri": "https://eastus2euap.management.azure.com/subscriptions/c4a547de-4411-4447-964d-1edbc72cf116/resourceGroups/sdk-test5142/providers/Microsoft.Search/searchServices/search9208?api-version=2023-11-01",
      "RequestMethod": "GET",
      "RequestHeaders": {
        "Authorization": "Sanitized",
        "traceparent": "00-7910e18212592c432f760f67df0ee5c5-08854ec2f0d25255-00",
        "User-Agent": "azsdk-net-ResourceManager/1.7.0 (.NET 7.0.12; Microsoft Windows 10.0.22621)",
        "x-ms-client-request-id": "9b5b1b927c41215254ff9dbbc4e64a21",
        "x-ms-return-client-request-id": "true"
      },
      "RequestBody": null,
      "StatusCode": 200,
      "ResponseHeaders": {
        "Cache-Control": "no-cache",
        "client-request-id": "9b5b1b92-7c41-2152-54ff-9dbbc4e64a21",
        "Content-Length": "739",
        "Content-Type": "application/json; charset=utf-8",
        "Date": "Fri, 20 Oct 2023 01:57:08 GMT",
        "elapsed-time": "325",
        "ETag": "W/\u0022datetime\u00272023-10-20T01%3A33%3A53.5877474Z\u0027\u0022",
        "Expires": "-1",
        "Pragma": "no-cache",
        "request-id": "9b5b1b92-7c41-2152-54ff-9dbbc4e64a21",
        "Strict-Transport-Security": "max-age=31536000; includeSubDomains",
        "X-Cache": "CONFIG_NOCACHE",
        "X-Content-Type-Options": "nosniff",
        "x-ms-client-request-id": "9b5b1b92-7c41-2152-54ff-9dbbc4e64a21",
        "x-ms-correlation-request-id": "44777671-637a-4b52-b7c8-345a56e4729e",
        "x-ms-ratelimit-remaining-subscription-reads": "11857",
        "x-ms-request-id": "9b5b1b92-7c41-2152-54ff-9dbbc4e64a21",
        "x-ms-routing-request-id": "EASTUS2EUAP:20231020T015709Z:44777671-637a-4b52-b7c8-345a56e4729e",
        "X-MSEdge-Ref": "Ref A: 0F83116E5B824F0193E409F3728684D2 Ref B: CO6AA3150220053 Ref C: 2023-10-20T01:57:08Z"
      },
      "ResponseBody": {
        "id": "/subscriptions/c4a547de-4411-4447-964d-1edbc72cf116/resourceGroups/sdk-test5142/providers/Microsoft.Search/searchServices/search9208",
        "name": "search9208",
        "type": "Microsoft.Search/searchServices",
        "location": "East US 2 EUAP",
        "tags": {},
        "properties": {
          "replicaCount": 3,
          "partitionCount": 1,
          "status": "provisioning",
          "statusDetails": "",
          "provisioningState": "provisioning",
          "hostingMode": "default",
          "publicNetworkAccess": "Enabled",
          "networkRuleSet": {
            "ipRules": [],
            "bypass": "None"
          },
          "privateEndpointConnections": [],
          "sharedPrivateLinkResources": [],
          "encryptionWithCmk": {
            "enforcement": "Unspecified",
            "encryptionComplianceStatus": "Compliant"
          },
          "disableLocalAuth": false,
          "authOptions": {
            "apiKeyOnly": {}
          },
          "semanticSearch": "disabled"
        },
        "sku": {
          "name": "standard"
        }
      }
    },
    {
      "RequestUri": "https://eastus2euap.management.azure.com/subscriptions/c4a547de-4411-4447-964d-1edbc72cf116/resourceGroups/sdk-test5142/providers/Microsoft.Search/searchServices/search9208?api-version=2023-11-01",
      "RequestMethod": "GET",
      "RequestHeaders": {
        "Authorization": "Sanitized",
        "traceparent": "00-7910e18212592c432f760f67df0ee5c5-60187eced1cde35c-00",
        "User-Agent": "azsdk-net-ResourceManager/1.7.0 (.NET 7.0.12; Microsoft Windows 10.0.22621)",
        "x-ms-client-request-id": "8e728469f73f94090f35165987db45d1",
        "x-ms-return-client-request-id": "true"
      },
      "RequestBody": null,
      "StatusCode": 200,
      "ResponseHeaders": {
        "Cache-Control": "no-cache",
        "client-request-id": "8e728469-f73f-9409-0f35-165987db45d1",
        "Content-Length": "739",
        "Content-Type": "application/json; charset=utf-8",
        "Date": "Fri, 20 Oct 2023 01:57:40 GMT",
        "elapsed-time": "177",
        "ETag": "W/\u0022datetime\u00272023-10-20T01%3A33%3A53.5877474Z\u0027\u0022",
        "Expires": "-1",
        "Pragma": "no-cache",
        "request-id": "8e728469-f73f-9409-0f35-165987db45d1",
        "Strict-Transport-Security": "max-age=31536000; includeSubDomains",
        "X-Cache": "CONFIG_NOCACHE",
        "X-Content-Type-Options": "nosniff",
        "x-ms-client-request-id": "8e728469-f73f-9409-0f35-165987db45d1",
        "x-ms-correlation-request-id": "8216508a-92f6-4b52-b09d-5ee2d6b6af32",
        "x-ms-ratelimit-remaining-subscription-reads": "11856",
        "x-ms-request-id": "8e728469-f73f-9409-0f35-165987db45d1",
        "x-ms-routing-request-id": "EASTUS2EUAP:20231020T015741Z:8216508a-92f6-4b52-b09d-5ee2d6b6af32",
        "X-MSEdge-Ref": "Ref A: C35AC9A1EE774D93B9E962AF762D4000 Ref B: CO6AA3150220053 Ref C: 2023-10-20T01:57:41Z"
      },
      "ResponseBody": {
        "id": "/subscriptions/c4a547de-4411-4447-964d-1edbc72cf116/resourceGroups/sdk-test5142/providers/Microsoft.Search/searchServices/search9208",
        "name": "search9208",
        "type": "Microsoft.Search/searchServices",
        "location": "East US 2 EUAP",
        "tags": {},
        "properties": {
          "replicaCount": 3,
          "partitionCount": 1,
          "status": "provisioning",
          "statusDetails": "",
          "provisioningState": "provisioning",
          "hostingMode": "default",
          "publicNetworkAccess": "Enabled",
          "networkRuleSet": {
            "ipRules": [],
            "bypass": "None"
          },
          "privateEndpointConnections": [],
          "sharedPrivateLinkResources": [],
          "encryptionWithCmk": {
            "enforcement": "Unspecified",
            "encryptionComplianceStatus": "Compliant"
          },
          "disableLocalAuth": false,
          "authOptions": {
            "apiKeyOnly": {}
          },
          "semanticSearch": "disabled"
        },
        "sku": {
          "name": "standard"
        }
      }
    },
    {
      "RequestUri": "https://eastus2euap.management.azure.com/subscriptions/c4a547de-4411-4447-964d-1edbc72cf116/resourceGroups/sdk-test5142/providers/Microsoft.Search/searchServices/search9208?api-version=2023-11-01",
      "RequestMethod": "GET",
      "RequestHeaders": {
        "Authorization": "Sanitized",
        "traceparent": "00-7910e18212592c432f760f67df0ee5c5-8a9d738ff7c14c4e-00",
        "User-Agent": "azsdk-net-ResourceManager/1.7.0 (.NET 7.0.12; Microsoft Windows 10.0.22621)",
        "x-ms-client-request-id": "726854486314753fe8b5ee98ae317ce5",
        "x-ms-return-client-request-id": "true"
      },
      "RequestBody": null,
      "StatusCode": 200,
      "ResponseHeaders": {
        "Cache-Control": "no-cache",
        "client-request-id": "72685448-6314-753f-e8b5-ee98ae317ce5",
        "Content-Length": "739",
        "Content-Type": "application/json; charset=utf-8",
        "Date": "Fri, 20 Oct 2023 01:58:13 GMT",
        "elapsed-time": "380",
        "ETag": "W/\u0022datetime\u00272023-10-20T01%3A33%3A53.5877474Z\u0027\u0022",
        "Expires": "-1",
        "Pragma": "no-cache",
        "request-id": "72685448-6314-753f-e8b5-ee98ae317ce5",
        "Strict-Transport-Security": "max-age=31536000; includeSubDomains",
        "X-Cache": "CONFIG_NOCACHE",
        "X-Content-Type-Options": "nosniff",
        "x-ms-client-request-id": "72685448-6314-753f-e8b5-ee98ae317ce5",
        "x-ms-correlation-request-id": "9320536d-715a-4d7a-96c2-73ca08bc2923",
        "x-ms-ratelimit-remaining-subscription-reads": "11855",
        "x-ms-request-id": "72685448-6314-753f-e8b5-ee98ae317ce5",
        "x-ms-routing-request-id": "EASTUS2EUAP:20231020T015814Z:9320536d-715a-4d7a-96c2-73ca08bc2923",
        "X-MSEdge-Ref": "Ref A: BD858B57F66D4EA6B6A4442FA1C0E0E7 Ref B: CO6AA3150220053 Ref C: 2023-10-20T01:58:13Z"
      },
      "ResponseBody": {
        "id": "/subscriptions/c4a547de-4411-4447-964d-1edbc72cf116/resourceGroups/sdk-test5142/providers/Microsoft.Search/searchServices/search9208",
        "name": "search9208",
        "type": "Microsoft.Search/searchServices",
        "location": "East US 2 EUAP",
        "tags": {},
        "properties": {
          "replicaCount": 3,
          "partitionCount": 1,
          "status": "provisioning",
          "statusDetails": "",
          "provisioningState": "provisioning",
          "hostingMode": "default",
          "publicNetworkAccess": "Enabled",
          "networkRuleSet": {
            "ipRules": [],
            "bypass": "None"
          },
          "privateEndpointConnections": [],
          "sharedPrivateLinkResources": [],
          "encryptionWithCmk": {
            "enforcement": "Unspecified",
            "encryptionComplianceStatus": "Compliant"
          },
          "disableLocalAuth": false,
          "authOptions": {
            "apiKeyOnly": {}
          },
          "semanticSearch": "disabled"
        },
        "sku": {
          "name": "standard"
        }
      }
    },
    {
      "RequestUri": "https://eastus2euap.management.azure.com/subscriptions/c4a547de-4411-4447-964d-1edbc72cf116/resourceGroups/sdk-test5142/providers/Microsoft.Search/searchServices/search9208?api-version=2023-11-01",
      "RequestMethod": "GET",
      "RequestHeaders": {
        "Authorization": "Sanitized",
        "traceparent": "00-7910e18212592c432f760f67df0ee5c5-651a7a2d9ddd0c08-00",
        "User-Agent": "azsdk-net-ResourceManager/1.7.0 (.NET 7.0.12; Microsoft Windows 10.0.22621)",
        "x-ms-client-request-id": "2e1a95fab5b39b2111c68b0b66f89979",
        "x-ms-return-client-request-id": "true"
      },
      "RequestBody": null,
      "StatusCode": 200,
      "ResponseHeaders": {
        "Cache-Control": "no-cache",
        "client-request-id": "2e1a95fa-b5b3-9b21-11c6-8b0b66f89979",
        "Content-Length": "739",
        "Content-Type": "application/json; charset=utf-8",
        "Date": "Fri, 20 Oct 2023 01:58:46 GMT",
        "elapsed-time": "267",
        "ETag": "W/\u0022datetime\u00272023-10-20T01%3A33%3A53.5877474Z\u0027\u0022",
        "Expires": "-1",
        "Pragma": "no-cache",
        "request-id": "2e1a95fa-b5b3-9b21-11c6-8b0b66f89979",
        "Strict-Transport-Security": "max-age=31536000; includeSubDomains",
        "X-Cache": "CONFIG_NOCACHE",
        "X-Content-Type-Options": "nosniff",
        "x-ms-client-request-id": "2e1a95fa-b5b3-9b21-11c6-8b0b66f89979",
        "x-ms-correlation-request-id": "7398d65f-dc24-460e-9117-7be10be86eac",
        "x-ms-ratelimit-remaining-subscription-reads": "11854",
        "x-ms-request-id": "2e1a95fa-b5b3-9b21-11c6-8b0b66f89979",
        "x-ms-routing-request-id": "EASTUS2EUAP:20231020T015846Z:7398d65f-dc24-460e-9117-7be10be86eac",
        "X-MSEdge-Ref": "Ref A: AE28C606F3F14771B09F27FF5072C125 Ref B: CO6AA3150220053 Ref C: 2023-10-20T01:58:46Z"
      },
      "ResponseBody": {
        "id": "/subscriptions/c4a547de-4411-4447-964d-1edbc72cf116/resourceGroups/sdk-test5142/providers/Microsoft.Search/searchServices/search9208",
        "name": "search9208",
        "type": "Microsoft.Search/searchServices",
        "location": "East US 2 EUAP",
        "tags": {},
        "properties": {
          "replicaCount": 3,
          "partitionCount": 1,
          "status": "provisioning",
          "statusDetails": "",
          "provisioningState": "provisioning",
          "hostingMode": "default",
          "publicNetworkAccess": "Enabled",
          "networkRuleSet": {
            "ipRules": [],
            "bypass": "None"
          },
          "privateEndpointConnections": [],
          "sharedPrivateLinkResources": [],
          "encryptionWithCmk": {
            "enforcement": "Unspecified",
            "encryptionComplianceStatus": "Compliant"
          },
          "disableLocalAuth": false,
          "authOptions": {
            "apiKeyOnly": {}
          },
          "semanticSearch": "disabled"
        },
        "sku": {
          "name": "standard"
        }
      }
    },
    {
      "RequestUri": "https://eastus2euap.management.azure.com/subscriptions/c4a547de-4411-4447-964d-1edbc72cf116/resourceGroups/sdk-test5142/providers/Microsoft.Search/searchServices/search9208?api-version=2023-11-01",
      "RequestMethod": "GET",
      "RequestHeaders": {
        "Authorization": "Sanitized",
        "traceparent": "00-7910e18212592c432f760f67df0ee5c5-b4b489ec0e5e8695-00",
        "User-Agent": "azsdk-net-ResourceManager/1.7.0 (.NET 7.0.12; Microsoft Windows 10.0.22621)",
        "x-ms-client-request-id": "6f72cbb9d77d050c45fca5890971e6de",
        "x-ms-return-client-request-id": "true"
      },
      "RequestBody": null,
      "StatusCode": 200,
      "ResponseHeaders": {
        "Cache-Control": "no-cache",
        "client-request-id": "6f72cbb9-d77d-050c-45fc-a5890971e6de",
        "Content-Length": "731",
        "Content-Type": "application/json; charset=utf-8",
        "Date": "Fri, 20 Oct 2023 01:59:18 GMT",
        "elapsed-time": "260",
        "ETag": "W/\u0022datetime\u00272023-10-20T01%3A33%3A53.5877474Z\u0027\u0022",
        "Expires": "-1",
        "Pragma": "no-cache",
        "request-id": "6f72cbb9-d77d-050c-45fc-a5890971e6de",
        "Strict-Transport-Security": "max-age=31536000; includeSubDomains",
        "X-Cache": "CONFIG_NOCACHE",
        "X-Content-Type-Options": "nosniff",
        "x-ms-client-request-id": "6f72cbb9-d77d-050c-45fc-a5890971e6de",
        "x-ms-correlation-request-id": "944d5674-de81-4e52-ae06-1f253a968a2f",
        "x-ms-ratelimit-remaining-subscription-reads": "11853",
        "x-ms-request-id": "6f72cbb9-d77d-050c-45fc-a5890971e6de",
        "x-ms-routing-request-id": "EASTUS2EUAP:20231020T015918Z:944d5674-de81-4e52-ae06-1f253a968a2f",
        "X-MSEdge-Ref": "Ref A: 84E58A7392AA4A71B7D808CAA182B51F Ref B: CO6AA3150220053 Ref C: 2023-10-20T01:59:18Z"
      },
      "ResponseBody": {
        "id": "/subscriptions/c4a547de-4411-4447-964d-1edbc72cf116/resourceGroups/sdk-test5142/providers/Microsoft.Search/searchServices/search9208",
        "name": "search9208",
        "type": "Microsoft.Search/searchServices",
        "location": "East US 2 EUAP",
        "tags": {},
        "properties": {
          "replicaCount": 3,
          "partitionCount": 1,
          "status": "running",
          "statusDetails": "",
          "provisioningState": "succeeded",
          "hostingMode": "default",
          "publicNetworkAccess": "Enabled",
          "networkRuleSet": {
            "ipRules": [],
            "bypass": "None"
          },
          "privateEndpointConnections": [],
          "sharedPrivateLinkResources": [],
          "encryptionWithCmk": {
            "enforcement": "Unspecified",
            "encryptionComplianceStatus": "Compliant"
          },
          "disableLocalAuth": false,
          "authOptions": {
            "apiKeyOnly": {}
          },
          "semanticSearch": "disabled"
        },
        "sku": {
          "name": "standard"
        }
      }
    },
    {
      "RequestUri": "https://eastus2euap.management.azure.com/subscriptions/c4a547de-4411-4447-964d-1edbc72cf116/resourceGroups/sdk-test5142/providers/Microsoft.Search/searchServices/search9208/createQueryKey/queryKey-590?api-version=2023-11-01",
      "RequestMethod": "POST",
      "RequestHeaders": {
        "Accept": "application/json",
        "Authorization": "Sanitized",
        "Content-Length": "0",
        "traceparent": "00-98cfb6d7daac04923ac5d9adf591da59-96ad10bbada0089a-00",
        "User-Agent": "azsdk-net-ResourceManager.Search/1.2.0-alpha.20231019.1 (.NET 7.0.12; Microsoft Windows 10.0.22621)",
        "x-ms-client-request-id": "c1f15e301d173393cd614ed8330ff01c",
        "x-ms-return-client-request-id": "true"
      },
      "RequestBody": null,
      "StatusCode": 200,
      "ResponseHeaders": {
        "Cache-Control": "no-cache",
        "client-request-id": "c1f15e30-1d17-3393-cd61-4ed8330ff01c",
        "Content-Length": "84",
        "Content-Type": "application/json; charset=utf-8",
        "Date": "Fri, 20 Oct 2023 01:59:19 GMT",
        "elapsed-time": "336",
        "Expires": "-1",
        "Pragma": "no-cache",
        "request-id": "c1f15e30-1d17-3393-cd61-4ed8330ff01c",
        "Strict-Transport-Security": "max-age=31536000; includeSubDomains",
        "X-Cache": "CONFIG_NOCACHE",
        "X-Content-Type-Options": "nosniff",
        "x-ms-client-request-id": "c1f15e30-1d17-3393-cd61-4ed8330ff01c",
        "x-ms-correlation-request-id": "64e73cde-10ef-44d8-98de-9bed8506e14b",
        "x-ms-ratelimit-remaining-subscription-writes": "1198",
        "x-ms-request-id": "c1f15e30-1d17-3393-cd61-4ed8330ff01c",
        "x-ms-routing-request-id": "EASTUS2EUAP:20231020T015919Z:64e73cde-10ef-44d8-98de-9bed8506e14b",
        "X-MSEdge-Ref": "Ref A: E1924C80781442A2B6242C464EF3D3C2 Ref B: CO6AA3150220053 Ref C: 2023-10-20T01:59:18Z"
      },
      "ResponseBody": {
        "name": "queryKey-590",
        "key": "stOLD7Y5ZjkQdqAWt0QbcCL1n1P2hM54pya5DG8He8AzSeAYcqD3"
      }
    },
    {
      "RequestUri": "https://eastus2euap.management.azure.com/subscriptions/c4a547de-4411-4447-964d-1edbc72cf116/resourceGroups/sdk-test5142/providers/Microsoft.Search/searchServices/search9208/deleteQueryKey/stOLD7Y5ZjkQdqAWt0QbcCL1n1P2hM54pya5DG8He8AzSeAYcqD3?api-version=2023-11-01",
      "RequestMethod": "DELETE",
      "RequestHeaders": {
        "Accept": "application/json",
        "Authorization": "Sanitized",
        "traceparent": "00-561ed76f31251adf3bf2c9cdef35b2ac-c715ee7979479765-00",
        "User-Agent": "azsdk-net-ResourceManager.Search/1.2.0-alpha.20231019.1 (.NET 7.0.12; Microsoft Windows 10.0.22621)",
        "x-ms-client-request-id": "bfe2de74670c882314e9b61098929fe0",
        "x-ms-return-client-request-id": "true"
      },
      "RequestBody": null,
      "StatusCode": 204,
      "ResponseHeaders": {
        "Cache-Control": "no-cache",
        "client-request-id": "bfe2de74-670c-8823-14e9-b61098929fe0",
        "Date": "Fri, 20 Oct 2023 01:59:19 GMT",
        "elapsed-time": "146",
        "Expires": "-1",
        "Pragma": "no-cache",
        "request-id": "bfe2de74-670c-8823-14e9-b61098929fe0",
        "Strict-Transport-Security": "max-age=31536000; includeSubDomains",
        "X-Cache": "CONFIG_NOCACHE",
        "X-Content-Type-Options": "nosniff",
        "x-ms-client-request-id": "bfe2de74-670c-8823-14e9-b61098929fe0",
        "x-ms-correlation-request-id": "84f63daf-b467-479d-bf60-c1e25856bbc3",
        "x-ms-ratelimit-remaining-subscription-deletes": "14998",
        "x-ms-request-id": "bfe2de74-670c-8823-14e9-b61098929fe0",
        "x-ms-routing-request-id": "EASTUS2EUAP:20231020T015919Z:84f63daf-b467-479d-bf60-c1e25856bbc3",
        "X-MSEdge-Ref": "Ref A: A37B3BDC7F7B45D9B891E984B12DDBB8 Ref B: CO6AA3150220053 Ref C: 2023-10-20T01:59:19Z"
      },
      "ResponseBody": null
    }
  ],
  "Variables": {
    "AZURE_AUTHORITY_HOST": "https://login.microsoftonline.com",
    "RandomSeed": "707369401",
    "RESOURCE_MANAGER_URL": "https://eastus2euap.management.azure.com",
    "SERVICE_MANAGEMENT_URL": "https://management.azure.com",
    "SUBSCRIPTION_ID": "c4a547de-4411-4447-964d-1edbc72cf116"
  }
}
