{
  "Entries": [
    {
      "RequestUri": "https://eastus2euap.management.azure.com/subscriptions/c4a547de-4411-4447-964d-1edbc72cf116?api-version=2022-12-01",
      "RequestMethod": "GET",
      "RequestHeaders": {
        "Accept": "application/json",
        "Authorization": "Sanitized",
        "traceparent": "00-1bc07ef75bc4e2d01fb2122a774fceb1-bb12264fd3c34721-00",
        "User-Agent": "azsdk-net-ResourceManager/1.7.0 (.NET 6.0.23; Microsoft Windows 10.0.22621)",
        "x-ms-client-request-id": "f3184c55681abce43793e6f20d0245b7",
        "x-ms-return-client-request-id": "true"
      },
      "RequestBody": null,
      "StatusCode": 200,
      "ResponseHeaders": {
        "Cache-Control": "no-cache",
        "Content-Length": "419",
        "Content-Type": "application/json; charset=utf-8",
        "Date": "Fri, 20 Oct 2023 12:06:03 GMT",
        "Expires": "-1",
        "Pragma": "no-cache",
        "Strict-Transport-Security": "max-age=31536000; includeSubDomains",
        "X-Content-Type-Options": "nosniff",
        "x-ms-correlation-request-id": "e11ed746-8328-429e-8828-cb7e93b2672d",
        "x-ms-ratelimit-remaining-subscription-reads": "11869",
        "x-ms-request-id": "e11ed746-8328-429e-8828-cb7e93b2672d",
        "x-ms-routing-request-id": "EASTUS2EUAP:20231020T120603Z:e11ed746-8328-429e-8828-cb7e93b2672d"
      },
      "ResponseBody": {
        "id": "/subscriptions/c4a547de-4411-4447-964d-1edbc72cf116",
        "authorizationSource": "RoleBased",
        "managedByTenants": [],
        "subscriptionId": "c4a547de-4411-4447-964d-1edbc72cf116",
        "tenantId": "72f988bf-86f1-41af-91ab-2d7cd011db47",
        "displayName": "Azure Search ARM Test in Production Lab",
        "state": "Enabled",
        "subscriptionPolicies": {
          "locationPlacementId": "Internal_2014-09-01",
          "quotaId": "Internal_2014-09-01",
          "spendingLimit": "Off"
        }
      }
    },
    {
      "RequestUri": "https://eastus2euap.management.azure.com/subscriptions/c4a547de-4411-4447-964d-1edbc72cf116/resourcegroups/sdk-test6756?api-version=2022-09-01",
      "RequestMethod": "PUT",
      "RequestHeaders": {
        "Accept": "application/json",
        "Authorization": "Sanitized",
        "Content-Length": "26",
        "Content-Type": "application/json",
        "traceparent": "00-a6941a04689b95083cc32aebb50c9286-89dcb18072e66a9a-00",
        "User-Agent": "azsdk-net-ResourceManager/1.7.0 (.NET 6.0.23; Microsoft Windows 10.0.22621)",
        "x-ms-client-request-id": "b413d485f6fa728b42825344a45fd4dc",
        "x-ms-return-client-request-id": "true"
      },
      "RequestBody": {
        "location": "eastus2euap"
      },
      "StatusCode": 201,
      "ResponseHeaders": {
        "Cache-Control": "no-cache",
        "Content-Length": "226",
        "Content-Type": "application/json; charset=utf-8",
        "Date": "Fri, 20 Oct 2023 12:06:03 GMT",
        "Expires": "-1",
        "Pragma": "no-cache",
        "Strict-Transport-Security": "max-age=31536000; includeSubDomains",
        "X-Content-Type-Options": "nosniff",
        "x-ms-correlation-request-id": "3837bbb3-d095-4c40-a9b1-259eb810950f",
        "x-ms-ratelimit-remaining-subscription-writes": "1185",
        "x-ms-request-id": "3837bbb3-d095-4c40-a9b1-259eb810950f",
        "x-ms-routing-request-id": "EASTUS2EUAP:20231020T120603Z:3837bbb3-d095-4c40-a9b1-259eb810950f"
      },
      "ResponseBody": {
        "id": "/subscriptions/c4a547de-4411-4447-964d-1edbc72cf116/resourceGroups/sdk-test6756",
        "name": "sdk-test6756",
        "type": "Microsoft.Resources/resourceGroups",
        "location": "eastus2euap",
        "properties": {
          "provisioningState": "Succeeded"
        }
      }
    },
    {
      "RequestUri": "https://eastus2euap.management.azure.com/subscriptions/c4a547de-4411-4447-964d-1edbc72cf116/resourceGroups/sdk-test6756/providers/Microsoft.Search/searchServices/search3252?api-version=2023-11-01",
      "RequestMethod": "PUT",
      "RequestHeaders": {
        "Accept": "application/json",
        "Authorization": "Sanitized",
        "Content-Length": "137",
        "Content-Type": "application/json",
        "traceparent": "00-a6ca8a55b65c866ded4b3a5a27e6ae0d-5e65c674d51d99d4-00",
        "User-Agent": "azsdk-net-ResourceManager.Search/1.2.0-alpha.20231019.1 (.NET 6.0.23; Microsoft Windows 10.0.22621)",
        "x-ms-client-request-id": "ace0df910271c0c286847c61d22b0a81",
        "x-ms-return-client-request-id": "true"
      },
      "RequestBody": {
        "sku": {
          "name": "standard"
        },
        "tags": {},
        "location": "eastus2euap",
        "properties": {
          "replicaCount": 3,
          "partitionCount": 1,
          "hostingMode": "default"
        }
      },
      "StatusCode": 201,
      "ResponseHeaders": {
        "Cache-Control": "no-cache",
        "client-request-id": "ace0df91-0271-c0c2-8684-7c61d22b0a81",
        "Content-Length": "739",
        "Content-Type": "application/json; charset=utf-8",
        "Date": "Fri, 20 Oct 2023 12:06:11 GMT",
        "elapsed-time": "7418",
        "ETag": "W/\u0022datetime\u00272023-10-20T12%3A06%3A11.1986281Z\u0027\u0022",
        "Expires": "-1",
        "Pragma": "no-cache",
        "request-id": "ace0df91-0271-c0c2-8684-7c61d22b0a81",
        "Strict-Transport-Security": "max-age=31536000; includeSubDomains",
        "X-Content-Type-Options": "nosniff",
        "x-ms-client-request-id": "ace0df91-0271-c0c2-8684-7c61d22b0a81",
        "x-ms-correlation-request-id": "4730e3ce-489d-4f7a-9eee-6663e17ace48",
        "x-ms-operation-identifier": "appId=d94cc892-198d-43c4-ad2d-9050e915aa58,tenantId=72f988bf-86f1-41af-91ab-2d7cd011db47,objectId=d8bad258-9b3f-4126-b73e-2708d24315d5/eastus2euap/74f59814-c2b9-40e5-a4c1-51d710d48437",
        "x-ms-ratelimit-remaining-subscription-writes": "1184",
        "x-ms-request-id": "ace0df91-0271-c0c2-8684-7c61d22b0a81",
        "x-ms-routing-request-id": "EASTUS2EUAP:20231020T120611Z:4730e3ce-489d-4f7a-9eee-6663e17ace48"
      },
      "ResponseBody": {
        "id": "/subscriptions/c4a547de-4411-4447-964d-1edbc72cf116/resourceGroups/sdk-test6756/providers/Microsoft.Search/searchServices/search3252",
        "name": "search3252",
        "type": "Microsoft.Search/searchServices",
        "location": "East US 2 EUAP",
        "tags": {},
        "properties": {
          "replicaCount": 3,
          "partitionCount": 1,
          "status": "provisioning",
          "statusDetails": "",
          "provisioningState": "provisioning",
          "hostingMode": "default",
          "publicNetworkAccess": "Enabled",
          "networkRuleSet": {
            "ipRules": [],
            "bypass": "None"
          },
          "privateEndpointConnections": [],
          "sharedPrivateLinkResources": [],
          "encryptionWithCmk": {
            "enforcement": "Unspecified",
            "encryptionComplianceStatus": "Compliant"
          },
          "disableLocalAuth": false,
          "authOptions": {
            "apiKeyOnly": {}
          },
          "semanticSearch": "disabled"
        },
        "sku": {
          "name": "standard"
        }
      }
    },
    {
      "RequestUri": "https://eastus2euap.management.azure.com/subscriptions/c4a547de-4411-4447-964d-1edbc72cf116/resourceGroups/sdk-test6756/providers/Microsoft.Search/searchServices/search3252?api-version=2023-11-01",
      "RequestMethod": "GET",
      "RequestHeaders": {
        "Authorization": "Sanitized",
        "traceparent": "00-a6ca8a55b65c866ded4b3a5a27e6ae0d-8e4cc1ad74f4a8fb-00",
        "User-Agent": "azsdk-net-ResourceManager/1.7.0 (.NET 6.0.23; Microsoft Windows 10.0.22621)",
        "x-ms-client-request-id": "6670b11509d7d21450f473710e106f57",
        "x-ms-return-client-request-id": "true"
      },
      "RequestBody": null,
      "StatusCode": 200,
      "ResponseHeaders": {
        "Cache-Control": "no-cache",
        "client-request-id": "6670b115-09d7-d214-50f4-73710e106f57",
        "Content-Length": "739",
        "Content-Type": "application/json; charset=utf-8",
        "Date": "Fri, 20 Oct 2023 12:06:11 GMT",
        "elapsed-time": "203",
        "ETag": "W/\u0022datetime\u00272023-10-20T12%3A06%3A11.1986281Z\u0027\u0022",
        "Expires": "-1",
        "Pragma": "no-cache",
        "request-id": "6670b115-09d7-d214-50f4-73710e106f57",
        "Strict-Transport-Security": "max-age=31536000; includeSubDomains",
        "Vary": "Accept-Encoding",
        "X-Content-Type-Options": "nosniff",
        "x-ms-client-request-id": "6670b115-09d7-d214-50f4-73710e106f57",
        "x-ms-correlation-request-id": "7cc6bf2f-c589-4ef6-a0d7-3a01af8a6a9d",
        "x-ms-ratelimit-remaining-subscription-reads": "11868",
        "x-ms-request-id": "6670b115-09d7-d214-50f4-73710e106f57",
        "x-ms-routing-request-id": "EASTUS2EUAP:20231020T120611Z:7cc6bf2f-c589-4ef6-a0d7-3a01af8a6a9d"
      },
      "ResponseBody": {
        "id": "/subscriptions/c4a547de-4411-4447-964d-1edbc72cf116/resourceGroups/sdk-test6756/providers/Microsoft.Search/searchServices/search3252",
        "name": "search3252",
        "type": "Microsoft.Search/searchServices",
        "location": "East US 2 EUAP",
        "tags": {},
        "properties": {
          "replicaCount": 3,
          "partitionCount": 1,
          "status": "provisioning",
          "statusDetails": "",
          "provisioningState": "provisioning",
          "hostingMode": "default",
          "publicNetworkAccess": "Enabled",
          "networkRuleSet": {
            "ipRules": [],
            "bypass": "None"
          },
          "privateEndpointConnections": [],
          "sharedPrivateLinkResources": [],
          "encryptionWithCmk": {
            "enforcement": "Unspecified",
            "encryptionComplianceStatus": "Compliant"
          },
          "disableLocalAuth": false,
          "authOptions": {
            "apiKeyOnly": {}
          },
          "semanticSearch": "disabled"
        },
        "sku": {
          "name": "standard"
        }
      }
    },
    {
      "RequestUri": "https://eastus2euap.management.azure.com/subscriptions/c4a547de-4411-4447-964d-1edbc72cf116/resourceGroups/sdk-test6756/providers/Microsoft.Search/searchServices/search3252?api-version=2023-11-01",
      "RequestMethod": "GET",
      "RequestHeaders": {
        "Authorization": "Sanitized",
        "traceparent": "00-a6ca8a55b65c866ded4b3a5a27e6ae0d-95085f79b3191149-00",
        "User-Agent": "azsdk-net-ResourceManager/1.7.0 (.NET 6.0.23; Microsoft Windows 10.0.22621)",
        "x-ms-client-request-id": "75fbc3495efd36b288522b981c3147f3",
        "x-ms-return-client-request-id": "true"
      },
      "RequestBody": null,
      "StatusCode": 200,
      "ResponseHeaders": {
        "Cache-Control": "no-cache",
        "client-request-id": "75fbc349-5efd-36b2-8852-2b981c3147f3",
        "Content-Length": "739",
        "Content-Type": "application/json; charset=utf-8",
        "Date": "Fri, 20 Oct 2023 12:06:12 GMT",
        "elapsed-time": "471",
        "ETag": "W/\u0022datetime\u00272023-10-20T12%3A06%3A11.1986281Z\u0027\u0022",
        "Expires": "-1",
        "Pragma": "no-cache",
        "request-id": "75fbc349-5efd-36b2-8852-2b981c3147f3",
        "Strict-Transport-Security": "max-age=31536000; includeSubDomains",
        "Vary": "Accept-Encoding",
        "X-Content-Type-Options": "nosniff",
        "x-ms-client-request-id": "75fbc349-5efd-36b2-8852-2b981c3147f3",
        "x-ms-correlation-request-id": "5eed778d-29ec-4543-98a5-9587262a2e1a",
        "x-ms-ratelimit-remaining-subscription-reads": "11867",
        "x-ms-request-id": "75fbc349-5efd-36b2-8852-2b981c3147f3",
        "x-ms-routing-request-id": "EASTUS2EUAP:20231020T120613Z:5eed778d-29ec-4543-98a5-9587262a2e1a"
      },
      "ResponseBody": {
        "id": "/subscriptions/c4a547de-4411-4447-964d-1edbc72cf116/resourceGroups/sdk-test6756/providers/Microsoft.Search/searchServices/search3252",
        "name": "search3252",
        "type": "Microsoft.Search/searchServices",
        "location": "East US 2 EUAP",
        "tags": {},
        "properties": {
          "replicaCount": 3,
          "partitionCount": 1,
          "status": "provisioning",
          "statusDetails": "",
          "provisioningState": "provisioning",
          "hostingMode": "default",
          "publicNetworkAccess": "Enabled",
          "networkRuleSet": {
            "ipRules": [],
            "bypass": "None"
          },
          "privateEndpointConnections": [],
          "sharedPrivateLinkResources": [],
          "encryptionWithCmk": {
            "enforcement": "Unspecified",
            "encryptionComplianceStatus": "Compliant"
          },
          "disableLocalAuth": false,
          "authOptions": {
            "apiKeyOnly": {}
          },
          "semanticSearch": "disabled"
        },
        "sku": {
          "name": "standard"
        }
      }
    },
    {
      "RequestUri": "https://eastus2euap.management.azure.com/subscriptions/c4a547de-4411-4447-964d-1edbc72cf116/resourceGroups/sdk-test6756/providers/Microsoft.Search/searchServices/search3252?api-version=2023-11-01",
      "RequestMethod": "GET",
      "RequestHeaders": {
        "Authorization": "Sanitized",
        "traceparent": "00-a6ca8a55b65c866ded4b3a5a27e6ae0d-091f3fbf457a951c-00",
        "User-Agent": "azsdk-net-ResourceManager/1.7.0 (.NET 6.0.23; Microsoft Windows 10.0.22621)",
        "x-ms-client-request-id": "204b6a50a4ba9fa9d5042db5e7e57f6f",
        "x-ms-return-client-request-id": "true"
      },
      "RequestBody": null,
      "StatusCode": 200,
      "ResponseHeaders": {
        "Cache-Control": "no-cache",
        "client-request-id": "204b6a50-a4ba-9fa9-d504-2db5e7e57f6f",
        "Content-Length": "739",
        "Content-Type": "application/json; charset=utf-8",
        "Date": "Fri, 20 Oct 2023 12:06:14 GMT",
        "elapsed-time": "163",
        "ETag": "W/\u0022datetime\u00272023-10-20T12%3A06%3A11.1986281Z\u0027\u0022",
        "Expires": "-1",
        "Pragma": "no-cache",
        "request-id": "204b6a50-a4ba-9fa9-d504-2db5e7e57f6f",
        "Strict-Transport-Security": "max-age=31536000; includeSubDomains",
        "Vary": "Accept-Encoding",
        "X-Content-Type-Options": "nosniff",
        "x-ms-client-request-id": "204b6a50-a4ba-9fa9-d504-2db5e7e57f6f",
        "x-ms-correlation-request-id": "63bfc85b-a557-494c-a90a-4493571ec231",
        "x-ms-ratelimit-remaining-subscription-reads": "11866",
        "x-ms-request-id": "204b6a50-a4ba-9fa9-d504-2db5e7e57f6f",
        "x-ms-routing-request-id": "EASTUS2EUAP:20231020T120614Z:63bfc85b-a557-494c-a90a-4493571ec231"
      },
      "ResponseBody": {
        "id": "/subscriptions/c4a547de-4411-4447-964d-1edbc72cf116/resourceGroups/sdk-test6756/providers/Microsoft.Search/searchServices/search3252",
        "name": "search3252",
        "type": "Microsoft.Search/searchServices",
        "location": "East US 2 EUAP",
        "tags": {},
        "properties": {
          "replicaCount": 3,
          "partitionCount": 1,
          "status": "provisioning",
          "statusDetails": "",
          "provisioningState": "provisioning",
          "hostingMode": "default",
          "publicNetworkAccess": "Enabled",
          "networkRuleSet": {
            "ipRules": [],
            "bypass": "None"
          },
          "privateEndpointConnections": [],
          "sharedPrivateLinkResources": [],
          "encryptionWithCmk": {
            "enforcement": "Unspecified",
            "encryptionComplianceStatus": "Compliant"
          },
          "disableLocalAuth": false,
          "authOptions": {
            "apiKeyOnly": {}
          },
          "semanticSearch": "disabled"
        },
        "sku": {
          "name": "standard"
        }
      }
    },
    {
      "RequestUri": "https://eastus2euap.management.azure.com/subscriptions/c4a547de-4411-4447-964d-1edbc72cf116/resourceGroups/sdk-test6756/providers/Microsoft.Search/searchServices/search3252?api-version=2023-11-01",
      "RequestMethod": "GET",
      "RequestHeaders": {
        "Authorization": "Sanitized",
        "traceparent": "00-a6ca8a55b65c866ded4b3a5a27e6ae0d-ae9d6a363a23e0f0-00",
        "User-Agent": "azsdk-net-ResourceManager/1.7.0 (.NET 6.0.23; Microsoft Windows 10.0.22621)",
        "x-ms-client-request-id": "b5478e68be97b714ff3add85dd7bb61e",
        "x-ms-return-client-request-id": "true"
      },
      "RequestBody": null,
      "StatusCode": 200,
      "ResponseHeaders": {
        "Cache-Control": "no-cache",
        "client-request-id": "b5478e68-be97-b714-ff3a-dd85dd7bb61e",
        "Content-Length": "739",
        "Content-Type": "application/json; charset=utf-8",
        "Date": "Fri, 20 Oct 2023 12:06:15 GMT",
        "elapsed-time": "176",
        "ETag": "W/\u0022datetime\u00272023-10-20T12%3A06%3A11.1986281Z\u0027\u0022",
        "Expires": "-1",
        "Pragma": "no-cache",
        "request-id": "b5478e68-be97-b714-ff3a-dd85dd7bb61e",
        "Strict-Transport-Security": "max-age=31536000; includeSubDomains",
        "Vary": "Accept-Encoding",
        "X-Content-Type-Options": "nosniff",
        "x-ms-client-request-id": "b5478e68-be97-b714-ff3a-dd85dd7bb61e",
        "x-ms-correlation-request-id": "9b5a6ed0-b2df-455a-8ee3-3d670bbe4a06",
        "x-ms-ratelimit-remaining-subscription-reads": "11865",
        "x-ms-request-id": "b5478e68-be97-b714-ff3a-dd85dd7bb61e",
        "x-ms-routing-request-id": "EASTUS2EUAP:20231020T120615Z:9b5a6ed0-b2df-455a-8ee3-3d670bbe4a06"
      },
      "ResponseBody": {
        "id": "/subscriptions/c4a547de-4411-4447-964d-1edbc72cf116/resourceGroups/sdk-test6756/providers/Microsoft.Search/searchServices/search3252",
        "name": "search3252",
        "type": "Microsoft.Search/searchServices",
        "location": "East US 2 EUAP",
        "tags": {},
        "properties": {
          "replicaCount": 3,
          "partitionCount": 1,
          "status": "provisioning",
          "statusDetails": "",
          "provisioningState": "provisioning",
          "hostingMode": "default",
          "publicNetworkAccess": "Enabled",
          "networkRuleSet": {
            "ipRules": [],
            "bypass": "None"
          },
          "privateEndpointConnections": [],
          "sharedPrivateLinkResources": [],
          "encryptionWithCmk": {
            "enforcement": "Unspecified",
            "encryptionComplianceStatus": "Compliant"
          },
          "disableLocalAuth": false,
          "authOptions": {
            "apiKeyOnly": {}
          },
          "semanticSearch": "disabled"
        },
        "sku": {
          "name": "standard"
        }
      }
    },
    {
      "RequestUri": "https://eastus2euap.management.azure.com/subscriptions/c4a547de-4411-4447-964d-1edbc72cf116/resourceGroups/sdk-test6756/providers/Microsoft.Search/searchServices/search3252?api-version=2023-11-01",
      "RequestMethod": "GET",
      "RequestHeaders": {
        "Authorization": "Sanitized",
        "traceparent": "00-a6ca8a55b65c866ded4b3a5a27e6ae0d-a2c67afc9d8b0219-00",
        "User-Agent": "azsdk-net-ResourceManager/1.7.0 (.NET 6.0.23; Microsoft Windows 10.0.22621)",
        "x-ms-client-request-id": "a32080ac4fc4a59d195c9ff931fd4fa3",
        "x-ms-return-client-request-id": "true"
      },
      "RequestBody": null,
      "StatusCode": 200,
      "ResponseHeaders": {
        "Cache-Control": "no-cache",
        "client-request-id": "a32080ac-4fc4-a59d-195c-9ff931fd4fa3",
        "Content-Length": "739",
        "Content-Type": "application/json; charset=utf-8",
        "Date": "Fri, 20 Oct 2023 12:06:17 GMT",
        "elapsed-time": "189",
        "ETag": "W/\u0022datetime\u00272023-10-20T12%3A06%3A11.1986281Z\u0027\u0022",
        "Expires": "-1",
        "Pragma": "no-cache",
        "request-id": "a32080ac-4fc4-a59d-195c-9ff931fd4fa3",
        "Strict-Transport-Security": "max-age=31536000; includeSubDomains",
        "Vary": "Accept-Encoding",
        "X-Content-Type-Options": "nosniff",
        "x-ms-client-request-id": "a32080ac-4fc4-a59d-195c-9ff931fd4fa3",
        "x-ms-correlation-request-id": "b4330791-b31c-4289-aa2d-caa61e90b30f",
        "x-ms-ratelimit-remaining-subscription-reads": "11864",
        "x-ms-request-id": "a32080ac-4fc4-a59d-195c-9ff931fd4fa3",
        "x-ms-routing-request-id": "EASTUS2EUAP:20231020T120618Z:b4330791-b31c-4289-aa2d-caa61e90b30f"
      },
      "ResponseBody": {
        "id": "/subscriptions/c4a547de-4411-4447-964d-1edbc72cf116/resourceGroups/sdk-test6756/providers/Microsoft.Search/searchServices/search3252",
        "name": "search3252",
        "type": "Microsoft.Search/searchServices",
        "location": "East US 2 EUAP",
        "tags": {},
        "properties": {
          "replicaCount": 3,
          "partitionCount": 1,
          "status": "provisioning",
          "statusDetails": "",
          "provisioningState": "provisioning",
          "hostingMode": "default",
          "publicNetworkAccess": "Enabled",
          "networkRuleSet": {
            "ipRules": [],
            "bypass": "None"
          },
          "privateEndpointConnections": [],
          "sharedPrivateLinkResources": [],
          "encryptionWithCmk": {
            "enforcement": "Unspecified",
            "encryptionComplianceStatus": "Compliant"
          },
          "disableLocalAuth": false,
          "authOptions": {
            "apiKeyOnly": {}
          },
          "semanticSearch": "disabled"
        },
        "sku": {
          "name": "standard"
        }
      }
    },
    {
      "RequestUri": "https://eastus2euap.management.azure.com/subscriptions/c4a547de-4411-4447-964d-1edbc72cf116/resourceGroups/sdk-test6756/providers/Microsoft.Search/searchServices/search3252?api-version=2023-11-01",
      "RequestMethod": "GET",
      "RequestHeaders": {
        "Authorization": "Sanitized",
        "traceparent": "00-a6ca8a55b65c866ded4b3a5a27e6ae0d-5cad2f096004ba53-00",
        "User-Agent": "azsdk-net-ResourceManager/1.7.0 (.NET 6.0.23; Microsoft Windows 10.0.22621)",
        "x-ms-client-request-id": "8d2fbbd392ea915b56942180c723c259",
        "x-ms-return-client-request-id": "true"
      },
      "RequestBody": null,
      "StatusCode": 200,
      "ResponseHeaders": {
        "Cache-Control": "no-cache",
        "client-request-id": "8d2fbbd3-92ea-915b-5694-2180c723c259",
        "Content-Length": "739",
        "Content-Type": "application/json; charset=utf-8",
        "Date": "Fri, 20 Oct 2023 12:06:21 GMT",
        "elapsed-time": "173",
        "ETag": "W/\u0022datetime\u00272023-10-20T12%3A06%3A11.1986281Z\u0027\u0022",
        "Expires": "-1",
        "Pragma": "no-cache",
        "request-id": "8d2fbbd3-92ea-915b-5694-2180c723c259",
        "Strict-Transport-Security": "max-age=31536000; includeSubDomains",
        "Vary": "Accept-Encoding",
        "X-Content-Type-Options": "nosniff",
        "x-ms-client-request-id": "8d2fbbd3-92ea-915b-5694-2180c723c259",
        "x-ms-correlation-request-id": "84e092c4-c4ff-4751-b1d9-5cfc998fa2f2",
        "x-ms-ratelimit-remaining-subscription-reads": "11863",
        "x-ms-request-id": "8d2fbbd3-92ea-915b-5694-2180c723c259",
        "x-ms-routing-request-id": "EASTUS2EUAP:20231020T120622Z:84e092c4-c4ff-4751-b1d9-5cfc998fa2f2"
      },
      "ResponseBody": {
        "id": "/subscriptions/c4a547de-4411-4447-964d-1edbc72cf116/resourceGroups/sdk-test6756/providers/Microsoft.Search/searchServices/search3252",
        "name": "search3252",
        "type": "Microsoft.Search/searchServices",
        "location": "East US 2 EUAP",
        "tags": {},
        "properties": {
          "replicaCount": 3,
          "partitionCount": 1,
          "status": "provisioning",
          "statusDetails": "",
          "provisioningState": "provisioning",
          "hostingMode": "default",
          "publicNetworkAccess": "Enabled",
          "networkRuleSet": {
            "ipRules": [],
            "bypass": "None"
          },
          "privateEndpointConnections": [],
          "sharedPrivateLinkResources": [],
          "encryptionWithCmk": {
            "enforcement": "Unspecified",
            "encryptionComplianceStatus": "Compliant"
          },
          "disableLocalAuth": false,
          "authOptions": {
            "apiKeyOnly": {}
          },
          "semanticSearch": "disabled"
        },
        "sku": {
          "name": "standard"
        }
      }
    },
    {
      "RequestUri": "https://eastus2euap.management.azure.com/subscriptions/c4a547de-4411-4447-964d-1edbc72cf116/resourceGroups/sdk-test6756/providers/Microsoft.Search/searchServices/search3252?api-version=2023-11-01",
      "RequestMethod": "GET",
      "RequestHeaders": {
        "Authorization": "Sanitized",
        "traceparent": "00-a6ca8a55b65c866ded4b3a5a27e6ae0d-905b0548ff643c94-00",
        "User-Agent": "azsdk-net-ResourceManager/1.7.0 (.NET 6.0.23; Microsoft Windows 10.0.22621)",
        "x-ms-client-request-id": "66080e4ddbc419abf1a29b3b1f1a8502",
        "x-ms-return-client-request-id": "true"
      },
      "RequestBody": null,
      "StatusCode": 200,
      "ResponseHeaders": {
        "Cache-Control": "no-cache",
        "client-request-id": "66080e4d-dbc4-19ab-f1a2-9b3b1f1a8502",
        "Content-Length": "739",
        "Content-Type": "application/json; charset=utf-8",
        "Date": "Fri, 20 Oct 2023 12:06:30 GMT",
        "elapsed-time": "283",
        "ETag": "W/\u0022datetime\u00272023-10-20T12%3A06%3A11.1986281Z\u0027\u0022",
        "Expires": "-1",
        "Pragma": "no-cache",
        "request-id": "66080e4d-dbc4-19ab-f1a2-9b3b1f1a8502",
        "Strict-Transport-Security": "max-age=31536000; includeSubDomains",
        "Vary": "Accept-Encoding",
        "X-Content-Type-Options": "nosniff",
        "x-ms-client-request-id": "66080e4d-dbc4-19ab-f1a2-9b3b1f1a8502",
        "x-ms-correlation-request-id": "cec2cd4b-9447-40d9-8adb-a7b9c8e808ae",
        "x-ms-ratelimit-remaining-subscription-reads": "11862",
        "x-ms-request-id": "66080e4d-dbc4-19ab-f1a2-9b3b1f1a8502",
        "x-ms-routing-request-id": "EASTUS2EUAP:20231020T120630Z:cec2cd4b-9447-40d9-8adb-a7b9c8e808ae"
      },
      "ResponseBody": {
        "id": "/subscriptions/c4a547de-4411-4447-964d-1edbc72cf116/resourceGroups/sdk-test6756/providers/Microsoft.Search/searchServices/search3252",
        "name": "search3252",
        "type": "Microsoft.Search/searchServices",
        "location": "East US 2 EUAP",
        "tags": {},
        "properties": {
          "replicaCount": 3,
          "partitionCount": 1,
          "status": "provisioning",
          "statusDetails": "",
          "provisioningState": "provisioning",
          "hostingMode": "default",
          "publicNetworkAccess": "Enabled",
          "networkRuleSet": {
            "ipRules": [],
            "bypass": "None"
          },
          "privateEndpointConnections": [],
          "sharedPrivateLinkResources": [],
          "encryptionWithCmk": {
            "enforcement": "Unspecified",
            "encryptionComplianceStatus": "Compliant"
          },
          "disableLocalAuth": false,
          "authOptions": {
            "apiKeyOnly": {}
          },
          "semanticSearch": "disabled"
        },
        "sku": {
          "name": "standard"
        }
      }
    },
    {
      "RequestUri": "https://eastus2euap.management.azure.com/subscriptions/c4a547de-4411-4447-964d-1edbc72cf116/resourceGroups/sdk-test6756/providers/Microsoft.Search/searchServices/search3252?api-version=2023-11-01",
      "RequestMethod": "GET",
      "RequestHeaders": {
        "Authorization": "Sanitized",
        "traceparent": "00-a6ca8a55b65c866ded4b3a5a27e6ae0d-2011da7d4d1a437d-00",
        "User-Agent": "azsdk-net-ResourceManager/1.7.0 (.NET 6.0.23; Microsoft Windows 10.0.22621)",
        "x-ms-client-request-id": "21b239eb284c1a34248f4d302e1cdef5",
        "x-ms-return-client-request-id": "true"
      },
      "RequestBody": null,
      "StatusCode": 200,
      "ResponseHeaders": {
        "Cache-Control": "no-cache",
        "client-request-id": "21b239eb-284c-1a34-248f-4d302e1cdef5",
        "Content-Length": "739",
        "Content-Type": "application/json; charset=utf-8",
        "Date": "Fri, 20 Oct 2023 12:06:46 GMT",
        "elapsed-time": "237",
        "ETag": "W/\u0022datetime\u00272023-10-20T12%3A06%3A11.1986281Z\u0027\u0022",
        "Expires": "-1",
        "Pragma": "no-cache",
        "request-id": "21b239eb-284c-1a34-248f-4d302e1cdef5",
        "Strict-Transport-Security": "max-age=31536000; includeSubDomains",
        "Vary": "Accept-Encoding",
        "X-Content-Type-Options": "nosniff",
        "x-ms-client-request-id": "21b239eb-284c-1a34-248f-4d302e1cdef5",
        "x-ms-correlation-request-id": "f6479f18-cdbb-43d5-bfe7-2e7a032187b0",
        "x-ms-ratelimit-remaining-subscription-reads": "11861",
        "x-ms-request-id": "21b239eb-284c-1a34-248f-4d302e1cdef5",
        "x-ms-routing-request-id": "EASTUS2EUAP:20231020T120647Z:f6479f18-cdbb-43d5-bfe7-2e7a032187b0"
      },
      "ResponseBody": {
        "id": "/subscriptions/c4a547de-4411-4447-964d-1edbc72cf116/resourceGroups/sdk-test6756/providers/Microsoft.Search/searchServices/search3252",
        "name": "search3252",
        "type": "Microsoft.Search/searchServices",
        "location": "East US 2 EUAP",
        "tags": {},
        "properties": {
          "replicaCount": 3,
          "partitionCount": 1,
          "status": "provisioning",
          "statusDetails": "",
          "provisioningState": "provisioning",
          "hostingMode": "default",
          "publicNetworkAccess": "Enabled",
          "networkRuleSet": {
            "ipRules": [],
            "bypass": "None"
          },
          "privateEndpointConnections": [],
          "sharedPrivateLinkResources": [],
          "encryptionWithCmk": {
            "enforcement": "Unspecified",
            "encryptionComplianceStatus": "Compliant"
          },
          "disableLocalAuth": false,
          "authOptions": {
            "apiKeyOnly": {}
          },
          "semanticSearch": "disabled"
        },
        "sku": {
          "name": "standard"
        }
      }
    },
    {
      "RequestUri": "https://eastus2euap.management.azure.com/subscriptions/c4a547de-4411-4447-964d-1edbc72cf116/resourceGroups/sdk-test6756/providers/Microsoft.Search/searchServices/search3252?api-version=2023-11-01",
      "RequestMethod": "GET",
      "RequestHeaders": {
        "Authorization": "Sanitized",
        "traceparent": "00-a6ca8a55b65c866ded4b3a5a27e6ae0d-cb38b6902766179b-00",
        "User-Agent": "azsdk-net-ResourceManager/1.7.0 (.NET 6.0.23; Microsoft Windows 10.0.22621)",
        "x-ms-client-request-id": "23ab4699e8f4f7df10169c47f620723b",
        "x-ms-return-client-request-id": "true"
      },
      "RequestBody": null,
      "StatusCode": 200,
      "ResponseHeaders": {
        "Cache-Control": "no-cache",
        "client-request-id": "23ab4699-e8f4-f7df-1016-9c47f620723b",
        "Content-Length": "739",
        "Content-Type": "application/json; charset=utf-8",
        "Date": "Fri, 20 Oct 2023 12:07:19 GMT",
        "elapsed-time": "322",
        "ETag": "W/\u0022datetime\u00272023-10-20T12%3A06%3A11.1986281Z\u0027\u0022",
        "Expires": "-1",
        "Pragma": "no-cache",
        "request-id": "23ab4699-e8f4-f7df-1016-9c47f620723b",
        "Strict-Transport-Security": "max-age=31536000; includeSubDomains",
        "Vary": "Accept-Encoding",
        "X-Content-Type-Options": "nosniff",
        "x-ms-client-request-id": "23ab4699-e8f4-f7df-1016-9c47f620723b",
        "x-ms-correlation-request-id": "9b4d8cb8-03d8-4a94-bd12-924e294a6054",
        "x-ms-ratelimit-remaining-subscription-reads": "11860",
        "x-ms-request-id": "23ab4699-e8f4-f7df-1016-9c47f620723b",
        "x-ms-routing-request-id": "EASTUS2EUAP:20231020T120719Z:9b4d8cb8-03d8-4a94-bd12-924e294a6054"
      },
      "ResponseBody": {
        "id": "/subscriptions/c4a547de-4411-4447-964d-1edbc72cf116/resourceGroups/sdk-test6756/providers/Microsoft.Search/searchServices/search3252",
        "name": "search3252",
        "type": "Microsoft.Search/searchServices",
        "location": "East US 2 EUAP",
        "tags": {},
        "properties": {
          "replicaCount": 3,
          "partitionCount": 1,
          "status": "provisioning",
          "statusDetails": "",
          "provisioningState": "provisioning",
          "hostingMode": "default",
          "publicNetworkAccess": "Enabled",
          "networkRuleSet": {
            "ipRules": [],
            "bypass": "None"
          },
          "privateEndpointConnections": [],
          "sharedPrivateLinkResources": [],
          "encryptionWithCmk": {
            "enforcement": "Unspecified",
            "encryptionComplianceStatus": "Compliant"
          },
          "disableLocalAuth": false,
          "authOptions": {
            "apiKeyOnly": {}
          },
          "semanticSearch": "disabled"
        },
        "sku": {
          "name": "standard"
        }
      }
    },
    {
      "RequestUri": "https://eastus2euap.management.azure.com/subscriptions/c4a547de-4411-4447-964d-1edbc72cf116/resourceGroups/sdk-test6756/providers/Microsoft.Search/searchServices/search3252?api-version=2023-11-01",
      "RequestMethod": "GET",
      "RequestHeaders": {
        "Authorization": "Sanitized",
        "traceparent": "00-a6ca8a55b65c866ded4b3a5a27e6ae0d-251bc022f742af7e-00",
        "User-Agent": "azsdk-net-ResourceManager/1.7.0 (.NET 6.0.23; Microsoft Windows 10.0.22621)",
        "x-ms-client-request-id": "8d941e0ea071250dd9ee42358d7aebd4",
        "x-ms-return-client-request-id": "true"
      },
      "RequestBody": null,
      "StatusCode": 200,
      "ResponseHeaders": {
        "Cache-Control": "no-cache",
        "client-request-id": "8d941e0e-a071-250d-d9ee-42358d7aebd4",
        "Content-Length": "739",
        "Content-Type": "application/json; charset=utf-8",
        "Date": "Fri, 20 Oct 2023 12:07:51 GMT",
        "elapsed-time": "228",
        "ETag": "W/\u0022datetime\u00272023-10-20T12%3A06%3A11.1986281Z\u0027\u0022",
        "Expires": "-1",
        "Pragma": "no-cache",
        "request-id": "8d941e0e-a071-250d-d9ee-42358d7aebd4",
        "Strict-Transport-Security": "max-age=31536000; includeSubDomains",
        "Vary": "Accept-Encoding",
        "X-Content-Type-Options": "nosniff",
        "x-ms-client-request-id": "8d941e0e-a071-250d-d9ee-42358d7aebd4",
        "x-ms-correlation-request-id": "8286b83f-4697-4d11-814f-ac973d4f48cb",
        "x-ms-ratelimit-remaining-subscription-reads": "11859",
        "x-ms-request-id": "8d941e0e-a071-250d-d9ee-42358d7aebd4",
        "x-ms-routing-request-id": "EASTUS2EUAP:20231020T120751Z:8286b83f-4697-4d11-814f-ac973d4f48cb"
      },
      "ResponseBody": {
        "id": "/subscriptions/c4a547de-4411-4447-964d-1edbc72cf116/resourceGroups/sdk-test6756/providers/Microsoft.Search/searchServices/search3252",
        "name": "search3252",
        "type": "Microsoft.Search/searchServices",
        "location": "East US 2 EUAP",
        "tags": {},
        "properties": {
          "replicaCount": 3,
          "partitionCount": 1,
          "status": "provisioning",
          "statusDetails": "",
          "provisioningState": "provisioning",
          "hostingMode": "default",
          "publicNetworkAccess": "Enabled",
          "networkRuleSet": {
            "ipRules": [],
            "bypass": "None"
          },
          "privateEndpointConnections": [],
          "sharedPrivateLinkResources": [],
          "encryptionWithCmk": {
            "enforcement": "Unspecified",
            "encryptionComplianceStatus": "Compliant"
          },
          "disableLocalAuth": false,
          "authOptions": {
            "apiKeyOnly": {}
          },
          "semanticSearch": "disabled"
        },
        "sku": {
          "name": "standard"
        }
      }
    },
    {
      "RequestUri": "https://eastus2euap.management.azure.com/subscriptions/c4a547de-4411-4447-964d-1edbc72cf116/resourceGroups/sdk-test6756/providers/Microsoft.Search/searchServices/search3252?api-version=2023-11-01",
      "RequestMethod": "GET",
      "RequestHeaders": {
        "Authorization": "Sanitized",
        "traceparent": "00-a6ca8a55b65c866ded4b3a5a27e6ae0d-bf062a759b3750d3-00",
        "User-Agent": "azsdk-net-ResourceManager/1.7.0 (.NET 6.0.23; Microsoft Windows 10.0.22621)",
        "x-ms-client-request-id": "d8a1a6c4626f020e5aba11358ced2304",
        "x-ms-return-client-request-id": "true"
      },
      "RequestBody": null,
      "StatusCode": 200,
      "ResponseHeaders": {
        "Cache-Control": "no-cache",
        "client-request-id": "d8a1a6c4-626f-020e-5aba-11358ced2304",
        "Content-Length": "739",
        "Content-Type": "application/json; charset=utf-8",
        "Date": "Fri, 20 Oct 2023 12:08:24 GMT",
        "elapsed-time": "295",
        "ETag": "W/\u0022datetime\u00272023-10-20T12%3A06%3A11.1986281Z\u0027\u0022",
        "Expires": "-1",
        "Pragma": "no-cache",
        "request-id": "d8a1a6c4-626f-020e-5aba-11358ced2304",
        "Strict-Transport-Security": "max-age=31536000; includeSubDomains",
        "Vary": "Accept-Encoding",
        "X-Content-Type-Options": "nosniff",
        "x-ms-client-request-id": "d8a1a6c4-626f-020e-5aba-11358ced2304",
        "x-ms-correlation-request-id": "0d2f72f5-0a47-4792-a82e-3441748d7074",
        "x-ms-ratelimit-remaining-subscription-reads": "11858",
        "x-ms-request-id": "d8a1a6c4-626f-020e-5aba-11358ced2304",
        "x-ms-routing-request-id": "EASTUS2EUAP:20231020T120824Z:0d2f72f5-0a47-4792-a82e-3441748d7074"
      },
      "ResponseBody": {
        "id": "/subscriptions/c4a547de-4411-4447-964d-1edbc72cf116/resourceGroups/sdk-test6756/providers/Microsoft.Search/searchServices/search3252",
        "name": "search3252",
        "type": "Microsoft.Search/searchServices",
        "location": "East US 2 EUAP",
        "tags": {},
        "properties": {
          "replicaCount": 3,
          "partitionCount": 1,
          "status": "provisioning",
          "statusDetails": "",
          "provisioningState": "provisioning",
          "hostingMode": "default",
          "publicNetworkAccess": "Enabled",
          "networkRuleSet": {
            "ipRules": [],
            "bypass": "None"
          },
          "privateEndpointConnections": [],
          "sharedPrivateLinkResources": [],
          "encryptionWithCmk": {
            "enforcement": "Unspecified",
            "encryptionComplianceStatus": "Compliant"
          },
          "disableLocalAuth": false,
          "authOptions": {
            "apiKeyOnly": {}
          },
          "semanticSearch": "disabled"
        },
        "sku": {
          "name": "standard"
        }
      }
    },
    {
      "RequestUri": "https://eastus2euap.management.azure.com/subscriptions/c4a547de-4411-4447-964d-1edbc72cf116/resourceGroups/sdk-test6756/providers/Microsoft.Search/searchServices/search3252?api-version=2023-11-01",
      "RequestMethod": "GET",
      "RequestHeaders": {
        "Authorization": "Sanitized",
        "traceparent": "00-a6ca8a55b65c866ded4b3a5a27e6ae0d-d45db87687863c37-00",
        "User-Agent": "azsdk-net-ResourceManager/1.7.0 (.NET 6.0.23; Microsoft Windows 10.0.22621)",
        "x-ms-client-request-id": "0f21121c5088f98438864905a5a96a95",
        "x-ms-return-client-request-id": "true"
      },
      "RequestBody": null,
      "StatusCode": 200,
      "ResponseHeaders": {
        "Cache-Control": "no-cache",
        "client-request-id": "0f21121c-5088-f984-3886-4905a5a96a95",
        "Content-Length": "739",
        "Content-Type": "application/json; charset=utf-8",
        "Date": "Fri, 20 Oct 2023 12:08:55 GMT",
        "elapsed-time": "212",
        "ETag": "W/\u0022datetime\u00272023-10-20T12%3A06%3A11.1986281Z\u0027\u0022",
        "Expires": "-1",
        "Pragma": "no-cache",
        "request-id": "0f21121c-5088-f984-3886-4905a5a96a95",
        "Strict-Transport-Security": "max-age=31536000; includeSubDomains",
        "Vary": "Accept-Encoding",
        "X-Content-Type-Options": "nosniff",
        "x-ms-client-request-id": "0f21121c-5088-f984-3886-4905a5a96a95",
        "x-ms-correlation-request-id": "f6b0e07b-8b6e-4fe4-9023-4245d3311756",
        "x-ms-ratelimit-remaining-subscription-reads": "11857",
        "x-ms-request-id": "0f21121c-5088-f984-3886-4905a5a96a95",
        "x-ms-routing-request-id": "EASTUS2EUAP:20231020T120856Z:f6b0e07b-8b6e-4fe4-9023-4245d3311756"
      },
      "ResponseBody": {
        "id": "/subscriptions/c4a547de-4411-4447-964d-1edbc72cf116/resourceGroups/sdk-test6756/providers/Microsoft.Search/searchServices/search3252",
        "name": "search3252",
        "type": "Microsoft.Search/searchServices",
        "location": "East US 2 EUAP",
        "tags": {},
        "properties": {
          "replicaCount": 3,
          "partitionCount": 1,
          "status": "provisioning",
          "statusDetails": "",
          "provisioningState": "provisioning",
          "hostingMode": "default",
          "publicNetworkAccess": "Enabled",
          "networkRuleSet": {
            "ipRules": [],
            "bypass": "None"
          },
          "privateEndpointConnections": [],
          "sharedPrivateLinkResources": [],
          "encryptionWithCmk": {
            "enforcement": "Unspecified",
            "encryptionComplianceStatus": "Compliant"
          },
          "disableLocalAuth": false,
          "authOptions": {
            "apiKeyOnly": {}
          },
          "semanticSearch": "disabled"
        },
        "sku": {
          "name": "standard"
        }
      }
    },
    {
      "RequestUri": "https://eastus2euap.management.azure.com/subscriptions/c4a547de-4411-4447-964d-1edbc72cf116/resourceGroups/sdk-test6756/providers/Microsoft.Search/searchServices/search3252?api-version=2023-11-01",
      "RequestMethod": "GET",
      "RequestHeaders": {
        "Authorization": "Sanitized",
        "traceparent": "00-a6ca8a55b65c866ded4b3a5a27e6ae0d-c2d3bd8129db440b-00",
        "User-Agent": "azsdk-net-ResourceManager/1.7.0 (.NET 6.0.23; Microsoft Windows 10.0.22621)",
        "x-ms-client-request-id": "5083c72a997eaccb109233b68fd798ec",
        "x-ms-return-client-request-id": "true"
      },
      "RequestBody": null,
      "StatusCode": 200,
      "ResponseHeaders": {
        "Cache-Control": "no-cache",
        "client-request-id": "5083c72a-997e-accb-1092-33b68fd798ec",
        "Content-Length": "739",
        "Content-Type": "application/json; charset=utf-8",
        "Date": "Fri, 20 Oct 2023 12:09:28 GMT",
        "elapsed-time": "343",
        "ETag": "W/\u0022datetime\u00272023-10-20T12%3A06%3A11.1986281Z\u0027\u0022",
        "Expires": "-1",
        "Pragma": "no-cache",
        "request-id": "5083c72a-997e-accb-1092-33b68fd798ec",
        "Strict-Transport-Security": "max-age=31536000; includeSubDomains",
        "Vary": "Accept-Encoding",
        "X-Content-Type-Options": "nosniff",
        "x-ms-client-request-id": "5083c72a-997e-accb-1092-33b68fd798ec",
        "x-ms-correlation-request-id": "d1d47f6a-014c-4411-9808-1044d54214be",
        "x-ms-ratelimit-remaining-subscription-reads": "11856",
        "x-ms-request-id": "5083c72a-997e-accb-1092-33b68fd798ec",
        "x-ms-routing-request-id": "EASTUS2EUAP:20231020T120929Z:d1d47f6a-014c-4411-9808-1044d54214be"
      },
      "ResponseBody": {
        "id": "/subscriptions/c4a547de-4411-4447-964d-1edbc72cf116/resourceGroups/sdk-test6756/providers/Microsoft.Search/searchServices/search3252",
        "name": "search3252",
        "type": "Microsoft.Search/searchServices",
        "location": "East US 2 EUAP",
        "tags": {},
        "properties": {
          "replicaCount": 3,
          "partitionCount": 1,
          "status": "provisioning",
          "statusDetails": "",
          "provisioningState": "provisioning",
          "hostingMode": "default",
          "publicNetworkAccess": "Enabled",
          "networkRuleSet": {
            "ipRules": [],
            "bypass": "None"
          },
          "privateEndpointConnections": [],
          "sharedPrivateLinkResources": [],
          "encryptionWithCmk": {
            "enforcement": "Unspecified",
            "encryptionComplianceStatus": "Compliant"
          },
          "disableLocalAuth": false,
          "authOptions": {
            "apiKeyOnly": {}
          },
          "semanticSearch": "disabled"
        },
        "sku": {
          "name": "standard"
        }
      }
    },
    {
      "RequestUri": "https://eastus2euap.management.azure.com/subscriptions/c4a547de-4411-4447-964d-1edbc72cf116/resourceGroups/sdk-test6756/providers/Microsoft.Search/searchServices/search3252?api-version=2023-11-01",
      "RequestMethod": "GET",
      "RequestHeaders": {
        "Authorization": "Sanitized",
        "traceparent": "00-a6ca8a55b65c866ded4b3a5a27e6ae0d-1d12c3f31d530392-00",
        "User-Agent": "azsdk-net-ResourceManager/1.7.0 (.NET 6.0.23; Microsoft Windows 10.0.22621)",
        "x-ms-client-request-id": "7a193ecadb59734c21a89fe919085cb0",
        "x-ms-return-client-request-id": "true"
      },
      "RequestBody": null,
      "StatusCode": 200,
      "ResponseHeaders": {
        "Cache-Control": "no-cache",
        "client-request-id": "7a193eca-db59-734c-21a8-9fe919085cb0",
        "Content-Length": "739",
        "Content-Type": "application/json; charset=utf-8",
        "Date": "Fri, 20 Oct 2023 12:10:00 GMT",
        "elapsed-time": "302",
        "ETag": "W/\u0022datetime\u00272023-10-20T12%3A06%3A11.1986281Z\u0027\u0022",
        "Expires": "-1",
        "Pragma": "no-cache",
        "request-id": "7a193eca-db59-734c-21a8-9fe919085cb0",
        "Strict-Transport-Security": "max-age=31536000; includeSubDomains",
        "Vary": "Accept-Encoding",
        "X-Content-Type-Options": "nosniff",
        "x-ms-client-request-id": "7a193eca-db59-734c-21a8-9fe919085cb0",
        "x-ms-correlation-request-id": "7a924e6d-5291-4fbe-9400-7e7142460510",
        "x-ms-ratelimit-remaining-subscription-reads": "11855",
        "x-ms-request-id": "7a193eca-db59-734c-21a8-9fe919085cb0",
        "x-ms-routing-request-id": "EASTUS2EUAP:20231020T121001Z:7a924e6d-5291-4fbe-9400-7e7142460510"
      },
      "ResponseBody": {
        "id": "/subscriptions/c4a547de-4411-4447-964d-1edbc72cf116/resourceGroups/sdk-test6756/providers/Microsoft.Search/searchServices/search3252",
        "name": "search3252",
        "type": "Microsoft.Search/searchServices",
        "location": "East US 2 EUAP",
        "tags": {},
        "properties": {
          "replicaCount": 3,
          "partitionCount": 1,
          "status": "provisioning",
          "statusDetails": "",
          "provisioningState": "provisioning",
          "hostingMode": "default",
          "publicNetworkAccess": "Enabled",
          "networkRuleSet": {
            "ipRules": [],
            "bypass": "None"
          },
          "privateEndpointConnections": [],
          "sharedPrivateLinkResources": [],
          "encryptionWithCmk": {
            "enforcement": "Unspecified",
            "encryptionComplianceStatus": "Compliant"
          },
          "disableLocalAuth": false,
          "authOptions": {
            "apiKeyOnly": {}
          },
          "semanticSearch": "disabled"
        },
        "sku": {
          "name": "standard"
        }
      }
    },
    {
      "RequestUri": "https://eastus2euap.management.azure.com/subscriptions/c4a547de-4411-4447-964d-1edbc72cf116/resourceGroups/sdk-test6756/providers/Microsoft.Search/searchServices/search3252?api-version=2023-11-01",
      "RequestMethod": "GET",
      "RequestHeaders": {
        "Authorization": "Sanitized",
        "traceparent": "00-a6ca8a55b65c866ded4b3a5a27e6ae0d-d8e6afbc9c0e657e-00",
        "User-Agent": "azsdk-net-ResourceManager/1.7.0 (.NET 6.0.23; Microsoft Windows 10.0.22621)",
        "x-ms-client-request-id": "c50b7b50d36a82854675fff61dcd6961",
        "x-ms-return-client-request-id": "true"
      },
      "RequestBody": null,
      "StatusCode": 200,
      "ResponseHeaders": {
        "Cache-Control": "no-cache",
        "client-request-id": "c50b7b50-d36a-8285-4675-fff61dcd6961",
        "Content-Length": "739",
        "Content-Type": "application/json; charset=utf-8",
        "Date": "Fri, 20 Oct 2023 12:10:32 GMT",
        "elapsed-time": "269",
        "ETag": "W/\u0022datetime\u00272023-10-20T12%3A06%3A11.1986281Z\u0027\u0022",
        "Expires": "-1",
        "Pragma": "no-cache",
        "request-id": "c50b7b50-d36a-8285-4675-fff61dcd6961",
        "Strict-Transport-Security": "max-age=31536000; includeSubDomains",
        "Vary": "Accept-Encoding",
        "X-Content-Type-Options": "nosniff",
        "x-ms-client-request-id": "c50b7b50-d36a-8285-4675-fff61dcd6961",
        "x-ms-correlation-request-id": "46af61b9-eb48-4948-93cb-ae662faf5d4f",
        "x-ms-ratelimit-remaining-subscription-reads": "11854",
        "x-ms-request-id": "c50b7b50-d36a-8285-4675-fff61dcd6961",
        "x-ms-routing-request-id": "EASTUS2EUAP:20231020T121033Z:46af61b9-eb48-4948-93cb-ae662faf5d4f"
      },
      "ResponseBody": {
        "id": "/subscriptions/c4a547de-4411-4447-964d-1edbc72cf116/resourceGroups/sdk-test6756/providers/Microsoft.Search/searchServices/search3252",
        "name": "search3252",
        "type": "Microsoft.Search/searchServices",
        "location": "East US 2 EUAP",
        "tags": {},
        "properties": {
          "replicaCount": 3,
          "partitionCount": 1,
          "status": "provisioning",
          "statusDetails": "",
          "provisioningState": "provisioning",
          "hostingMode": "default",
          "publicNetworkAccess": "Enabled",
          "networkRuleSet": {
            "ipRules": [],
            "bypass": "None"
          },
          "privateEndpointConnections": [],
          "sharedPrivateLinkResources": [],
          "encryptionWithCmk": {
            "enforcement": "Unspecified",
            "encryptionComplianceStatus": "Compliant"
          },
          "disableLocalAuth": false,
          "authOptions": {
            "apiKeyOnly": {}
          },
          "semanticSearch": "disabled"
        },
        "sku": {
          "name": "standard"
        }
      }
    },
    {
      "RequestUri": "https://eastus2euap.management.azure.com/subscriptions/c4a547de-4411-4447-964d-1edbc72cf116/resourceGroups/sdk-test6756/providers/Microsoft.Search/searchServices/search3252?api-version=2023-11-01",
      "RequestMethod": "GET",
      "RequestHeaders": {
        "Authorization": "Sanitized",
        "traceparent": "00-a6ca8a55b65c866ded4b3a5a27e6ae0d-c861a20d4f6ba56f-00",
        "User-Agent": "azsdk-net-ResourceManager/1.7.0 (.NET 6.0.23; Microsoft Windows 10.0.22621)",
        "x-ms-client-request-id": "673a5dedef904e3c7b0f2ed6f9e29307",
        "x-ms-return-client-request-id": "true"
      },
      "RequestBody": null,
      "StatusCode": 200,
      "ResponseHeaders": {
        "Cache-Control": "no-cache",
        "client-request-id": "673a5ded-ef90-4e3c-7b0f-2ed6f9e29307",
        "Content-Length": "739",
        "Content-Type": "application/json; charset=utf-8",
        "Date": "Fri, 20 Oct 2023 12:11:05 GMT",
        "elapsed-time": "169",
        "ETag": "W/\u0022datetime\u00272023-10-20T12%3A06%3A11.1986281Z\u0027\u0022",
        "Expires": "-1",
        "Pragma": "no-cache",
        "request-id": "673a5ded-ef90-4e3c-7b0f-2ed6f9e29307",
        "Strict-Transport-Security": "max-age=31536000; includeSubDomains",
        "Vary": "Accept-Encoding",
        "X-Content-Type-Options": "nosniff",
        "x-ms-client-request-id": "673a5ded-ef90-4e3c-7b0f-2ed6f9e29307",
        "x-ms-correlation-request-id": "6043ef61-3ce7-4a8d-8201-89b3e9dfb1ba",
        "x-ms-ratelimit-remaining-subscription-reads": "11853",
        "x-ms-request-id": "673a5ded-ef90-4e3c-7b0f-2ed6f9e29307",
        "x-ms-routing-request-id": "EASTUS2EUAP:20231020T121106Z:6043ef61-3ce7-4a8d-8201-89b3e9dfb1ba"
      },
      "ResponseBody": {
        "id": "/subscriptions/c4a547de-4411-4447-964d-1edbc72cf116/resourceGroups/sdk-test6756/providers/Microsoft.Search/searchServices/search3252",
        "name": "search3252",
        "type": "Microsoft.Search/searchServices",
        "location": "East US 2 EUAP",
        "tags": {},
        "properties": {
          "replicaCount": 3,
          "partitionCount": 1,
          "status": "provisioning",
          "statusDetails": "",
          "provisioningState": "provisioning",
          "hostingMode": "default",
          "publicNetworkAccess": "Enabled",
          "networkRuleSet": {
            "ipRules": [],
            "bypass": "None"
          },
          "privateEndpointConnections": [],
          "sharedPrivateLinkResources": [],
          "encryptionWithCmk": {
            "enforcement": "Unspecified",
            "encryptionComplianceStatus": "Compliant"
          },
          "disableLocalAuth": false,
          "authOptions": {
            "apiKeyOnly": {}
          },
          "semanticSearch": "disabled"
        },
        "sku": {
          "name": "standard"
        }
      }
    },
    {
      "RequestUri": "https://eastus2euap.management.azure.com/subscriptions/c4a547de-4411-4447-964d-1edbc72cf116/resourceGroups/sdk-test6756/providers/Microsoft.Search/searchServices/search3252?api-version=2023-11-01",
      "RequestMethod": "GET",
      "RequestHeaders": {
        "Authorization": "Sanitized",
        "traceparent": "00-a6ca8a55b65c866ded4b3a5a27e6ae0d-d6a5b49a0ef5f781-00",
        "User-Agent": "azsdk-net-ResourceManager/1.7.0 (.NET 6.0.23; Microsoft Windows 10.0.22621)",
        "x-ms-client-request-id": "14658235d3ccf782b89633e4dc565654",
        "x-ms-return-client-request-id": "true"
      },
      "RequestBody": null,
      "StatusCode": 200,
      "ResponseHeaders": {
        "Cache-Control": "no-cache",
        "client-request-id": "14658235-d3cc-f782-b896-33e4dc565654",
        "Content-Length": "739",
        "Content-Type": "application/json; charset=utf-8",
        "Date": "Fri, 20 Oct 2023 12:11:37 GMT",
        "elapsed-time": "233",
        "ETag": "W/\u0022datetime\u00272023-10-20T12%3A06%3A11.1986281Z\u0027\u0022",
        "Expires": "-1",
        "Pragma": "no-cache",
        "request-id": "14658235-d3cc-f782-b896-33e4dc565654",
        "Strict-Transport-Security": "max-age=31536000; includeSubDomains",
        "Vary": "Accept-Encoding",
        "X-Content-Type-Options": "nosniff",
        "x-ms-client-request-id": "14658235-d3cc-f782-b896-33e4dc565654",
        "x-ms-correlation-request-id": "8a7a63f6-e344-41eb-8e01-1a664217df36",
        "x-ms-ratelimit-remaining-subscription-reads": "11852",
        "x-ms-request-id": "14658235-d3cc-f782-b896-33e4dc565654",
        "x-ms-routing-request-id": "EASTUS2EUAP:20231020T121138Z:8a7a63f6-e344-41eb-8e01-1a664217df36"
      },
      "ResponseBody": {
        "id": "/subscriptions/c4a547de-4411-4447-964d-1edbc72cf116/resourceGroups/sdk-test6756/providers/Microsoft.Search/searchServices/search3252",
        "name": "search3252",
        "type": "Microsoft.Search/searchServices",
        "location": "East US 2 EUAP",
        "tags": {},
        "properties": {
          "replicaCount": 3,
          "partitionCount": 1,
          "status": "provisioning",
          "statusDetails": "",
          "provisioningState": "provisioning",
          "hostingMode": "default",
          "publicNetworkAccess": "Enabled",
          "networkRuleSet": {
            "ipRules": [],
            "bypass": "None"
          },
          "privateEndpointConnections": [],
          "sharedPrivateLinkResources": [],
          "encryptionWithCmk": {
            "enforcement": "Unspecified",
            "encryptionComplianceStatus": "Compliant"
          },
          "disableLocalAuth": false,
          "authOptions": {
            "apiKeyOnly": {}
          },
          "semanticSearch": "disabled"
        },
        "sku": {
          "name": "standard"
        }
      }
    },
    {
      "RequestUri": "https://eastus2euap.management.azure.com/subscriptions/c4a547de-4411-4447-964d-1edbc72cf116/resourceGroups/sdk-test6756/providers/Microsoft.Search/searchServices/search3252?api-version=2023-11-01",
      "RequestMethod": "GET",
      "RequestHeaders": {
        "Authorization": "Sanitized",
        "traceparent": "00-a6ca8a55b65c866ded4b3a5a27e6ae0d-039ba0db82c86a0f-00",
        "User-Agent": "azsdk-net-ResourceManager/1.7.0 (.NET 6.0.23; Microsoft Windows 10.0.22621)",
        "x-ms-client-request-id": "bbfb3e3ef5cd601f3ebc495aa5ae8864",
        "x-ms-return-client-request-id": "true"
      },
      "RequestBody": null,
      "StatusCode": 200,
      "ResponseHeaders": {
        "Cache-Control": "no-cache",
        "client-request-id": "bbfb3e3e-f5cd-601f-3ebc-495aa5ae8864",
        "Content-Length": "739",
        "Content-Type": "application/json; charset=utf-8",
        "Date": "Fri, 20 Oct 2023 12:12:10 GMT",
        "elapsed-time": "297",
        "ETag": "W/\u0022datetime\u00272023-10-20T12%3A06%3A11.1986281Z\u0027\u0022",
        "Expires": "-1",
        "Pragma": "no-cache",
        "request-id": "bbfb3e3e-f5cd-601f-3ebc-495aa5ae8864",
        "Strict-Transport-Security": "max-age=31536000; includeSubDomains",
        "Vary": "Accept-Encoding",
        "X-Content-Type-Options": "nosniff",
        "x-ms-client-request-id": "bbfb3e3e-f5cd-601f-3ebc-495aa5ae8864",
        "x-ms-correlation-request-id": "9810d9fd-f677-4d26-9ec2-d92f1a198b19",
        "x-ms-ratelimit-remaining-subscription-reads": "11851",
        "x-ms-request-id": "bbfb3e3e-f5cd-601f-3ebc-495aa5ae8864",
        "x-ms-routing-request-id": "EASTUS2EUAP:20231020T121210Z:9810d9fd-f677-4d26-9ec2-d92f1a198b19"
      },
      "ResponseBody": {
        "id": "/subscriptions/c4a547de-4411-4447-964d-1edbc72cf116/resourceGroups/sdk-test6756/providers/Microsoft.Search/searchServices/search3252",
        "name": "search3252",
        "type": "Microsoft.Search/searchServices",
        "location": "East US 2 EUAP",
        "tags": {},
        "properties": {
          "replicaCount": 3,
          "partitionCount": 1,
          "status": "provisioning",
          "statusDetails": "",
          "provisioningState": "provisioning",
          "hostingMode": "default",
          "publicNetworkAccess": "Enabled",
          "networkRuleSet": {
            "ipRules": [],
            "bypass": "None"
          },
          "privateEndpointConnections": [],
          "sharedPrivateLinkResources": [],
          "encryptionWithCmk": {
            "enforcement": "Unspecified",
            "encryptionComplianceStatus": "Compliant"
          },
          "disableLocalAuth": false,
          "authOptions": {
            "apiKeyOnly": {}
          },
          "semanticSearch": "disabled"
        },
        "sku": {
          "name": "standard"
        }
      }
    },
    {
      "RequestUri": "https://eastus2euap.management.azure.com/subscriptions/c4a547de-4411-4447-964d-1edbc72cf116/resourceGroups/sdk-test6756/providers/Microsoft.Search/searchServices/search3252?api-version=2023-11-01",
      "RequestMethod": "GET",
      "RequestHeaders": {
        "Authorization": "Sanitized",
        "traceparent": "00-a6ca8a55b65c866ded4b3a5a27e6ae0d-6ddf4c3c10e5c519-00",
        "User-Agent": "azsdk-net-ResourceManager/1.7.0 (.NET 6.0.23; Microsoft Windows 10.0.22621)",
        "x-ms-client-request-id": "9ac0f7e255671994db43affabb587224",
        "x-ms-return-client-request-id": "true"
      },
      "RequestBody": null,
      "StatusCode": 200,
      "ResponseHeaders": {
        "Cache-Control": "no-cache",
        "client-request-id": "9ac0f7e2-5567-1994-db43-affabb587224",
        "Content-Length": "739",
        "Content-Type": "application/json; charset=utf-8",
        "Date": "Fri, 20 Oct 2023 12:12:42 GMT",
        "elapsed-time": "260",
        "ETag": "W/\u0022datetime\u00272023-10-20T12%3A06%3A11.1986281Z\u0027\u0022",
        "Expires": "-1",
        "Pragma": "no-cache",
        "request-id": "9ac0f7e2-5567-1994-db43-affabb587224",
        "Strict-Transport-Security": "max-age=31536000; includeSubDomains",
        "Vary": "Accept-Encoding",
        "X-Content-Type-Options": "nosniff",
        "x-ms-client-request-id": "9ac0f7e2-5567-1994-db43-affabb587224",
        "x-ms-correlation-request-id": "7c1efa7a-033a-4fcf-98d7-0dc1d7e9a542",
        "x-ms-ratelimit-remaining-subscription-reads": "11850",
        "x-ms-request-id": "9ac0f7e2-5567-1994-db43-affabb587224",
        "x-ms-routing-request-id": "EASTUS2EUAP:20231020T121243Z:7c1efa7a-033a-4fcf-98d7-0dc1d7e9a542"
      },
      "ResponseBody": {
        "id": "/subscriptions/c4a547de-4411-4447-964d-1edbc72cf116/resourceGroups/sdk-test6756/providers/Microsoft.Search/searchServices/search3252",
        "name": "search3252",
        "type": "Microsoft.Search/searchServices",
        "location": "East US 2 EUAP",
        "tags": {},
        "properties": {
          "replicaCount": 3,
          "partitionCount": 1,
          "status": "provisioning",
          "statusDetails": "",
          "provisioningState": "provisioning",
          "hostingMode": "default",
          "publicNetworkAccess": "Enabled",
          "networkRuleSet": {
            "ipRules": [],
            "bypass": "None"
          },
          "privateEndpointConnections": [],
          "sharedPrivateLinkResources": [],
          "encryptionWithCmk": {
            "enforcement": "Unspecified",
            "encryptionComplianceStatus": "Compliant"
          },
          "disableLocalAuth": false,
          "authOptions": {
            "apiKeyOnly": {}
          },
          "semanticSearch": "disabled"
        },
        "sku": {
          "name": "standard"
        }
      }
    },
    {
      "RequestUri": "https://eastus2euap.management.azure.com/subscriptions/c4a547de-4411-4447-964d-1edbc72cf116/resourceGroups/sdk-test6756/providers/Microsoft.Search/searchServices/search3252?api-version=2023-11-01",
      "RequestMethod": "GET",
      "RequestHeaders": {
        "Authorization": "Sanitized",
        "traceparent": "00-a6ca8a55b65c866ded4b3a5a27e6ae0d-bbf85d46aca8e425-00",
        "User-Agent": "azsdk-net-ResourceManager/1.7.0 (.NET 6.0.23; Microsoft Windows 10.0.22621)",
        "x-ms-client-request-id": "bb98dab8d7e740396204d51089275209",
        "x-ms-return-client-request-id": "true"
      },
      "RequestBody": null,
      "StatusCode": 200,
      "ResponseHeaders": {
        "Cache-Control": "no-cache",
        "client-request-id": "bb98dab8-d7e7-4039-6204-d51089275209",
        "Content-Length": "739",
        "Content-Type": "application/json; charset=utf-8",
        "Date": "Fri, 20 Oct 2023 12:13:14 GMT",
        "elapsed-time": "175",
        "ETag": "W/\u0022datetime\u00272023-10-20T12%3A06%3A11.1986281Z\u0027\u0022",
        "Expires": "-1",
        "Pragma": "no-cache",
        "request-id": "bb98dab8-d7e7-4039-6204-d51089275209",
        "Strict-Transport-Security": "max-age=31536000; includeSubDomains",
        "Vary": "Accept-Encoding",
        "X-Content-Type-Options": "nosniff",
        "x-ms-client-request-id": "bb98dab8-d7e7-4039-6204-d51089275209",
        "x-ms-correlation-request-id": "a162b1b9-7d77-49a1-b99b-635ddbc3a2d6",
        "x-ms-ratelimit-remaining-subscription-reads": "11849",
        "x-ms-request-id": "bb98dab8-d7e7-4039-6204-d51089275209",
        "x-ms-routing-request-id": "EASTUS2EUAP:20231020T121315Z:a162b1b9-7d77-49a1-b99b-635ddbc3a2d6"
      },
      "ResponseBody": {
        "id": "/subscriptions/c4a547de-4411-4447-964d-1edbc72cf116/resourceGroups/sdk-test6756/providers/Microsoft.Search/searchServices/search3252",
        "name": "search3252",
        "type": "Microsoft.Search/searchServices",
        "location": "East US 2 EUAP",
        "tags": {},
        "properties": {
          "replicaCount": 3,
          "partitionCount": 1,
          "status": "provisioning",
          "statusDetails": "",
          "provisioningState": "provisioning",
          "hostingMode": "default",
          "publicNetworkAccess": "Enabled",
          "networkRuleSet": {
            "ipRules": [],
            "bypass": "None"
          },
          "privateEndpointConnections": [],
          "sharedPrivateLinkResources": [],
          "encryptionWithCmk": {
            "enforcement": "Unspecified",
            "encryptionComplianceStatus": "Compliant"
          },
          "disableLocalAuth": false,
          "authOptions": {
            "apiKeyOnly": {}
          },
          "semanticSearch": "disabled"
        },
        "sku": {
          "name": "standard"
        }
      }
    },
    {
      "RequestUri": "https://eastus2euap.management.azure.com/subscriptions/c4a547de-4411-4447-964d-1edbc72cf116/resourceGroups/sdk-test6756/providers/Microsoft.Search/searchServices/search3252?api-version=2023-11-01",
      "RequestMethod": "GET",
      "RequestHeaders": {
        "Authorization": "Sanitized",
        "traceparent": "00-a6ca8a55b65c866ded4b3a5a27e6ae0d-cdb5057d0514887e-00",
        "User-Agent": "azsdk-net-ResourceManager/1.7.0 (.NET 6.0.23; Microsoft Windows 10.0.22621)",
        "x-ms-client-request-id": "e402cf0ebb95e8ecaae1e08a4525a5e6",
        "x-ms-return-client-request-id": "true"
      },
      "RequestBody": null,
      "StatusCode": 200,
      "ResponseHeaders": {
        "Cache-Control": "no-cache",
        "client-request-id": "e402cf0e-bb95-e8ec-aae1-e08a4525a5e6",
        "Content-Length": "739",
        "Content-Type": "application/json; charset=utf-8",
        "Date": "Fri, 20 Oct 2023 12:13:47 GMT",
        "elapsed-time": "185",
        "ETag": "W/\u0022datetime\u00272023-10-20T12%3A06%3A11.1986281Z\u0027\u0022",
        "Expires": "-1",
        "Pragma": "no-cache",
        "request-id": "e402cf0e-bb95-e8ec-aae1-e08a4525a5e6",
        "Strict-Transport-Security": "max-age=31536000; includeSubDomains",
        "Vary": "Accept-Encoding",
        "X-Content-Type-Options": "nosniff",
        "x-ms-client-request-id": "e402cf0e-bb95-e8ec-aae1-e08a4525a5e6",
        "x-ms-correlation-request-id": "b814c794-9514-491e-9b07-ba3a5cdd801e",
        "x-ms-ratelimit-remaining-subscription-reads": "11848",
        "x-ms-request-id": "e402cf0e-bb95-e8ec-aae1-e08a4525a5e6",
        "x-ms-routing-request-id": "EASTUS2EUAP:20231020T121347Z:b814c794-9514-491e-9b07-ba3a5cdd801e"
      },
      "ResponseBody": {
        "id": "/subscriptions/c4a547de-4411-4447-964d-1edbc72cf116/resourceGroups/sdk-test6756/providers/Microsoft.Search/searchServices/search3252",
        "name": "search3252",
        "type": "Microsoft.Search/searchServices",
        "location": "East US 2 EUAP",
        "tags": {},
        "properties": {
          "replicaCount": 3,
          "partitionCount": 1,
          "status": "provisioning",
          "statusDetails": "",
          "provisioningState": "provisioning",
          "hostingMode": "default",
          "publicNetworkAccess": "Enabled",
          "networkRuleSet": {
            "ipRules": [],
            "bypass": "None"
          },
          "privateEndpointConnections": [],
          "sharedPrivateLinkResources": [],
          "encryptionWithCmk": {
            "enforcement": "Unspecified",
            "encryptionComplianceStatus": "Compliant"
          },
          "disableLocalAuth": false,
          "authOptions": {
            "apiKeyOnly": {}
          },
          "semanticSearch": "disabled"
        },
        "sku": {
          "name": "standard"
        }
      }
    },
    {
      "RequestUri": "https://eastus2euap.management.azure.com/subscriptions/c4a547de-4411-4447-964d-1edbc72cf116/resourceGroups/sdk-test6756/providers/Microsoft.Search/searchServices/search3252?api-version=2023-11-01",
      "RequestMethod": "GET",
      "RequestHeaders": {
        "Authorization": "Sanitized",
        "traceparent": "00-a6ca8a55b65c866ded4b3a5a27e6ae0d-879ce70630075c88-00",
        "User-Agent": "azsdk-net-ResourceManager/1.7.0 (.NET 6.0.23; Microsoft Windows 10.0.22621)",
        "x-ms-client-request-id": "caa12549cd160a7cbd803862808490b3",
        "x-ms-return-client-request-id": "true"
      },
      "RequestBody": null,
      "StatusCode": 200,
      "ResponseHeaders": {
        "Cache-Control": "no-cache",
        "client-request-id": "caa12549-cd16-0a7c-bd80-3862808490b3",
        "Content-Length": "739",
        "Content-Type": "application/json; charset=utf-8",
        "Date": "Fri, 20 Oct 2023 12:14:19 GMT",
        "elapsed-time": "192",
        "ETag": "W/\u0022datetime\u00272023-10-20T12%3A06%3A11.1986281Z\u0027\u0022",
        "Expires": "-1",
        "Pragma": "no-cache",
        "request-id": "caa12549-cd16-0a7c-bd80-3862808490b3",
        "Strict-Transport-Security": "max-age=31536000; includeSubDomains",
        "Vary": "Accept-Encoding",
        "X-Content-Type-Options": "nosniff",
        "x-ms-client-request-id": "caa12549-cd16-0a7c-bd80-3862808490b3",
        "x-ms-correlation-request-id": "b078a78f-3978-4cb7-948d-f335b710d158",
        "x-ms-ratelimit-remaining-subscription-reads": "11847",
        "x-ms-request-id": "caa12549-cd16-0a7c-bd80-3862808490b3",
        "x-ms-routing-request-id": "EASTUS2EUAP:20231020T121420Z:b078a78f-3978-4cb7-948d-f335b710d158"
      },
      "ResponseBody": {
        "id": "/subscriptions/c4a547de-4411-4447-964d-1edbc72cf116/resourceGroups/sdk-test6756/providers/Microsoft.Search/searchServices/search3252",
        "name": "search3252",
        "type": "Microsoft.Search/searchServices",
        "location": "East US 2 EUAP",
        "tags": {},
        "properties": {
          "replicaCount": 3,
          "partitionCount": 1,
          "status": "provisioning",
          "statusDetails": "",
          "provisioningState": "provisioning",
          "hostingMode": "default",
          "publicNetworkAccess": "Enabled",
          "networkRuleSet": {
            "ipRules": [],
            "bypass": "None"
          },
          "privateEndpointConnections": [],
          "sharedPrivateLinkResources": [],
          "encryptionWithCmk": {
            "enforcement": "Unspecified",
            "encryptionComplianceStatus": "Compliant"
          },
          "disableLocalAuth": false,
          "authOptions": {
            "apiKeyOnly": {}
          },
          "semanticSearch": "disabled"
        },
        "sku": {
          "name": "standard"
        }
      }
    },
    {
      "RequestUri": "https://eastus2euap.management.azure.com/subscriptions/c4a547de-4411-4447-964d-1edbc72cf116/resourceGroups/sdk-test6756/providers/Microsoft.Search/searchServices/search3252?api-version=2023-11-01",
      "RequestMethod": "GET",
      "RequestHeaders": {
        "Authorization": "Sanitized",
        "traceparent": "00-a6ca8a55b65c866ded4b3a5a27e6ae0d-ae920aeb48bd59c7-00",
        "User-Agent": "azsdk-net-ResourceManager/1.7.0 (.NET 6.0.23; Microsoft Windows 10.0.22621)",
        "x-ms-client-request-id": "ebeca5f08d55fd8fedaf1005f7affa3c",
        "x-ms-return-client-request-id": "true"
      },
      "RequestBody": null,
      "StatusCode": 200,
      "ResponseHeaders": {
        "Cache-Control": "no-cache",
        "client-request-id": "ebeca5f0-8d55-fd8f-edaf-1005f7affa3c",
        "Content-Length": "739",
        "Content-Type": "application/json; charset=utf-8",
        "Date": "Fri, 20 Oct 2023 12:14:52 GMT",
        "elapsed-time": "200",
        "ETag": "W/\u0022datetime\u00272023-10-20T12%3A06%3A11.1986281Z\u0027\u0022",
        "Expires": "-1",
        "Pragma": "no-cache",
        "request-id": "ebeca5f0-8d55-fd8f-edaf-1005f7affa3c",
        "Strict-Transport-Security": "max-age=31536000; includeSubDomains",
        "Vary": "Accept-Encoding",
        "X-Content-Type-Options": "nosniff",
        "x-ms-client-request-id": "ebeca5f0-8d55-fd8f-edaf-1005f7affa3c",
        "x-ms-correlation-request-id": "71a8f461-0886-47c9-9c43-d2c6287e37f5",
        "x-ms-ratelimit-remaining-subscription-reads": "11846",
        "x-ms-request-id": "ebeca5f0-8d55-fd8f-edaf-1005f7affa3c",
        "x-ms-routing-request-id": "EASTUS2EUAP:20231020T121452Z:71a8f461-0886-47c9-9c43-d2c6287e37f5"
      },
      "ResponseBody": {
        "id": "/subscriptions/c4a547de-4411-4447-964d-1edbc72cf116/resourceGroups/sdk-test6756/providers/Microsoft.Search/searchServices/search3252",
        "name": "search3252",
        "type": "Microsoft.Search/searchServices",
        "location": "East US 2 EUAP",
        "tags": {},
        "properties": {
          "replicaCount": 3,
          "partitionCount": 1,
          "status": "provisioning",
          "statusDetails": "",
          "provisioningState": "provisioning",
          "hostingMode": "default",
          "publicNetworkAccess": "Enabled",
          "networkRuleSet": {
            "ipRules": [],
            "bypass": "None"
          },
          "privateEndpointConnections": [],
          "sharedPrivateLinkResources": [],
          "encryptionWithCmk": {
            "enforcement": "Unspecified",
            "encryptionComplianceStatus": "Compliant"
          },
          "disableLocalAuth": false,
          "authOptions": {
            "apiKeyOnly": {}
          },
          "semanticSearch": "disabled"
        },
        "sku": {
          "name": "standard"
        }
      }
    },
    {
      "RequestUri": "https://eastus2euap.management.azure.com/subscriptions/c4a547de-4411-4447-964d-1edbc72cf116/resourceGroups/sdk-test6756/providers/Microsoft.Search/searchServices/search3252?api-version=2023-11-01",
      "RequestMethod": "GET",
      "RequestHeaders": {
        "Authorization": "Sanitized",
        "traceparent": "00-a6ca8a55b65c866ded4b3a5a27e6ae0d-76c89b51349d27fb-00",
        "User-Agent": "azsdk-net-ResourceManager/1.7.0 (.NET 6.0.23; Microsoft Windows 10.0.22621)",
        "x-ms-client-request-id": "64c6ee5f878540f353f7261483896826",
        "x-ms-return-client-request-id": "true"
      },
      "RequestBody": null,
      "StatusCode": 200,
      "ResponseHeaders": {
        "Cache-Control": "no-cache",
        "client-request-id": "64c6ee5f-8785-40f3-53f7-261483896826",
        "Content-Length": "739",
        "Content-Type": "application/json; charset=utf-8",
        "Date": "Fri, 20 Oct 2023 12:15:24 GMT",
        "elapsed-time": "589",
        "ETag": "W/\u0022datetime\u00272023-10-20T12%3A06%3A11.1986281Z\u0027\u0022",
        "Expires": "-1",
        "Pragma": "no-cache",
        "request-id": "64c6ee5f-8785-40f3-53f7-261483896826",
        "Strict-Transport-Security": "max-age=31536000; includeSubDomains",
        "Vary": "Accept-Encoding",
        "X-Content-Type-Options": "nosniff",
        "x-ms-client-request-id": "64c6ee5f-8785-40f3-53f7-261483896826",
        "x-ms-correlation-request-id": "2ca49125-fc01-4e81-a3cd-9248464a24a6",
        "x-ms-ratelimit-remaining-subscription-reads": "11845",
        "x-ms-request-id": "64c6ee5f-8785-40f3-53f7-261483896826",
        "x-ms-routing-request-id": "EASTUS2EUAP:20231020T121525Z:2ca49125-fc01-4e81-a3cd-9248464a24a6"
      },
      "ResponseBody": {
        "id": "/subscriptions/c4a547de-4411-4447-964d-1edbc72cf116/resourceGroups/sdk-test6756/providers/Microsoft.Search/searchServices/search3252",
        "name": "search3252",
        "type": "Microsoft.Search/searchServices",
        "location": "East US 2 EUAP",
        "tags": {},
        "properties": {
          "replicaCount": 3,
          "partitionCount": 1,
          "status": "provisioning",
          "statusDetails": "",
          "provisioningState": "provisioning",
          "hostingMode": "default",
          "publicNetworkAccess": "Enabled",
          "networkRuleSet": {
            "ipRules": [],
            "bypass": "None"
          },
          "privateEndpointConnections": [],
          "sharedPrivateLinkResources": [],
          "encryptionWithCmk": {
            "enforcement": "Unspecified",
            "encryptionComplianceStatus": "Compliant"
          },
          "disableLocalAuth": false,
          "authOptions": {
            "apiKeyOnly": {}
          },
          "semanticSearch": "disabled"
        },
        "sku": {
          "name": "standard"
        }
      }
    },
    {
      "RequestUri": "https://eastus2euap.management.azure.com/subscriptions/c4a547de-4411-4447-964d-1edbc72cf116/resourceGroups/sdk-test6756/providers/Microsoft.Search/searchServices/search3252?api-version=2023-11-01",
      "RequestMethod": "GET",
      "RequestHeaders": {
        "Authorization": "Sanitized",
        "traceparent": "00-a6ca8a55b65c866ded4b3a5a27e6ae0d-96a6c7c81ab45002-00",
        "User-Agent": "azsdk-net-ResourceManager/1.7.0 (.NET 6.0.23; Microsoft Windows 10.0.22621)",
        "x-ms-client-request-id": "a0992c51b939bc9096a4dc66bc77130e",
        "x-ms-return-client-request-id": "true"
      },
      "RequestBody": null,
      "StatusCode": 200,
      "ResponseHeaders": {
        "Cache-Control": "no-cache",
        "client-request-id": "a0992c51-b939-bc90-96a4-dc66bc77130e",
        "Content-Length": "739",
        "Content-Type": "application/json; charset=utf-8",
        "Date": "Fri, 20 Oct 2023 12:15:57 GMT",
        "elapsed-time": "182",
        "ETag": "W/\u0022datetime\u00272023-10-20T12%3A06%3A11.1986281Z\u0027\u0022",
        "Expires": "-1",
        "Pragma": "no-cache",
        "request-id": "a0992c51-b939-bc90-96a4-dc66bc77130e",
        "Strict-Transport-Security": "max-age=31536000; includeSubDomains",
        "Vary": "Accept-Encoding",
        "X-Content-Type-Options": "nosniff",
        "x-ms-client-request-id": "a0992c51-b939-bc90-96a4-dc66bc77130e",
        "x-ms-correlation-request-id": "a199c7c9-5122-4c77-8733-4ccdfaf1404f",
        "x-ms-ratelimit-remaining-subscription-reads": "11844",
        "x-ms-request-id": "a0992c51-b939-bc90-96a4-dc66bc77130e",
        "x-ms-routing-request-id": "EASTUS2EUAP:20231020T121557Z:a199c7c9-5122-4c77-8733-4ccdfaf1404f"
      },
      "ResponseBody": {
        "id": "/subscriptions/c4a547de-4411-4447-964d-1edbc72cf116/resourceGroups/sdk-test6756/providers/Microsoft.Search/searchServices/search3252",
        "name": "search3252",
        "type": "Microsoft.Search/searchServices",
        "location": "East US 2 EUAP",
        "tags": {},
        "properties": {
          "replicaCount": 3,
          "partitionCount": 1,
          "status": "provisioning",
          "statusDetails": "",
          "provisioningState": "provisioning",
          "hostingMode": "default",
          "publicNetworkAccess": "Enabled",
          "networkRuleSet": {
            "ipRules": [],
            "bypass": "None"
          },
          "privateEndpointConnections": [],
          "sharedPrivateLinkResources": [],
          "encryptionWithCmk": {
            "enforcement": "Unspecified",
            "encryptionComplianceStatus": "Compliant"
          },
          "disableLocalAuth": false,
          "authOptions": {
            "apiKeyOnly": {}
          },
          "semanticSearch": "disabled"
        },
        "sku": {
          "name": "standard"
        }
      }
    },
    {
      "RequestUri": "https://eastus2euap.management.azure.com/subscriptions/c4a547de-4411-4447-964d-1edbc72cf116/resourceGroups/sdk-test6756/providers/Microsoft.Search/searchServices/search3252?api-version=2023-11-01",
      "RequestMethod": "GET",
      "RequestHeaders": {
        "Authorization": "Sanitized",
        "traceparent": "00-a6ca8a55b65c866ded4b3a5a27e6ae0d-e16f5e467eacbd79-00",
        "User-Agent": "azsdk-net-ResourceManager/1.7.0 (.NET 6.0.23; Microsoft Windows 10.0.22621)",
        "x-ms-client-request-id": "9103fb862bbd682db2ab985e677a7964",
        "x-ms-return-client-request-id": "true"
      },
      "RequestBody": null,
      "StatusCode": 200,
      "ResponseHeaders": {
        "Cache-Control": "no-cache",
        "client-request-id": "9103fb86-2bbd-682d-b2ab-985e677a7964",
        "Content-Length": "739",
        "Content-Type": "application/json; charset=utf-8",
        "Date": "Fri, 20 Oct 2023 12:16:29 GMT",
        "elapsed-time": "289",
        "ETag": "W/\u0022datetime\u00272023-10-20T12%3A06%3A11.1986281Z\u0027\u0022",
        "Expires": "-1",
        "Pragma": "no-cache",
        "request-id": "9103fb86-2bbd-682d-b2ab-985e677a7964",
        "Strict-Transport-Security": "max-age=31536000; includeSubDomains",
        "Vary": "Accept-Encoding",
        "X-Content-Type-Options": "nosniff",
        "x-ms-client-request-id": "9103fb86-2bbd-682d-b2ab-985e677a7964",
        "x-ms-correlation-request-id": "f3e05609-9329-4eaf-a538-ca8af417d53c",
        "x-ms-ratelimit-remaining-subscription-reads": "11843",
        "x-ms-request-id": "9103fb86-2bbd-682d-b2ab-985e677a7964",
        "x-ms-routing-request-id": "EASTUS2EUAP:20231020T121629Z:f3e05609-9329-4eaf-a538-ca8af417d53c"
      },
      "ResponseBody": {
        "id": "/subscriptions/c4a547de-4411-4447-964d-1edbc72cf116/resourceGroups/sdk-test6756/providers/Microsoft.Search/searchServices/search3252",
        "name": "search3252",
        "type": "Microsoft.Search/searchServices",
        "location": "East US 2 EUAP",
        "tags": {},
        "properties": {
          "replicaCount": 3,
          "partitionCount": 1,
          "status": "provisioning",
          "statusDetails": "",
          "provisioningState": "provisioning",
          "hostingMode": "default",
          "publicNetworkAccess": "Enabled",
          "networkRuleSet": {
            "ipRules": [],
            "bypass": "None"
          },
          "privateEndpointConnections": [],
          "sharedPrivateLinkResources": [],
          "encryptionWithCmk": {
            "enforcement": "Unspecified",
            "encryptionComplianceStatus": "Compliant"
          },
          "disableLocalAuth": false,
          "authOptions": {
            "apiKeyOnly": {}
          },
          "semanticSearch": "disabled"
        },
        "sku": {
          "name": "standard"
        }
      }
    },
    {
      "RequestUri": "https://eastus2euap.management.azure.com/subscriptions/c4a547de-4411-4447-964d-1edbc72cf116/resourceGroups/sdk-test6756/providers/Microsoft.Search/searchServices/search3252?api-version=2023-11-01",
      "RequestMethod": "GET",
      "RequestHeaders": {
        "Authorization": "Sanitized",
        "traceparent": "00-a6ca8a55b65c866ded4b3a5a27e6ae0d-9b48dfbbc0a63223-00",
        "User-Agent": "azsdk-net-ResourceManager/1.7.0 (.NET 6.0.23; Microsoft Windows 10.0.22621)",
        "x-ms-client-request-id": "cab3ea475915a5035e0acee1aa8c84db",
        "x-ms-return-client-request-id": "true"
      },
      "RequestBody": null,
      "StatusCode": 200,
      "ResponseHeaders": {
        "Cache-Control": "no-cache",
        "client-request-id": "cab3ea47-5915-a503-5e0a-cee1aa8c84db",
        "Content-Length": "739",
        "Content-Type": "application/json; charset=utf-8",
        "Date": "Fri, 20 Oct 2023 12:17:02 GMT",
        "elapsed-time": "197",
        "ETag": "W/\u0022datetime\u00272023-10-20T12%3A06%3A11.1986281Z\u0027\u0022",
        "Expires": "-1",
        "Pragma": "no-cache",
        "request-id": "cab3ea47-5915-a503-5e0a-cee1aa8c84db",
        "Strict-Transport-Security": "max-age=31536000; includeSubDomains",
        "Vary": "Accept-Encoding",
        "X-Content-Type-Options": "nosniff",
        "x-ms-client-request-id": "cab3ea47-5915-a503-5e0a-cee1aa8c84db",
        "x-ms-correlation-request-id": "5bb450a3-7ec7-4018-b6e2-e0671b6312e5",
        "x-ms-ratelimit-remaining-subscription-reads": "11842",
        "x-ms-request-id": "cab3ea47-5915-a503-5e0a-cee1aa8c84db",
        "x-ms-routing-request-id": "EASTUS2EUAP:20231020T121702Z:5bb450a3-7ec7-4018-b6e2-e0671b6312e5"
      },
      "ResponseBody": {
        "id": "/subscriptions/c4a547de-4411-4447-964d-1edbc72cf116/resourceGroups/sdk-test6756/providers/Microsoft.Search/searchServices/search3252",
        "name": "search3252",
        "type": "Microsoft.Search/searchServices",
        "location": "East US 2 EUAP",
        "tags": {},
        "properties": {
          "replicaCount": 3,
          "partitionCount": 1,
          "status": "provisioning",
          "statusDetails": "",
          "provisioningState": "provisioning",
          "hostingMode": "default",
          "publicNetworkAccess": "Enabled",
          "networkRuleSet": {
            "ipRules": [],
            "bypass": "None"
          },
          "privateEndpointConnections": [],
          "sharedPrivateLinkResources": [],
          "encryptionWithCmk": {
            "enforcement": "Unspecified",
            "encryptionComplianceStatus": "Compliant"
          },
          "disableLocalAuth": false,
          "authOptions": {
            "apiKeyOnly": {}
          },
          "semanticSearch": "disabled"
        },
        "sku": {
          "name": "standard"
        }
      }
    },
    {
      "RequestUri": "https://eastus2euap.management.azure.com/subscriptions/c4a547de-4411-4447-964d-1edbc72cf116/resourceGroups/sdk-test6756/providers/Microsoft.Search/searchServices/search3252?api-version=2023-11-01",
      "RequestMethod": "GET",
      "RequestHeaders": {
        "Authorization": "Sanitized",
        "traceparent": "00-a6ca8a55b65c866ded4b3a5a27e6ae0d-e4e7b67546b4efb2-00",
        "User-Agent": "azsdk-net-ResourceManager/1.7.0 (.NET 6.0.23; Microsoft Windows 10.0.22621)",
        "x-ms-client-request-id": "888e18e4d7862668ff30ee8e2132541c",
        "x-ms-return-client-request-id": "true"
      },
      "RequestBody": null,
      "StatusCode": 200,
      "ResponseHeaders": {
        "Cache-Control": "no-cache",
        "client-request-id": "888e18e4-d786-2668-ff30-ee8e2132541c",
        "Content-Length": "739",
        "Content-Type": "application/json; charset=utf-8",
        "Date": "Fri, 20 Oct 2023 12:17:34 GMT",
        "elapsed-time": "291",
        "ETag": "W/\u0022datetime\u00272023-10-20T12%3A06%3A11.1986281Z\u0027\u0022",
        "Expires": "-1",
        "Pragma": "no-cache",
        "request-id": "888e18e4-d786-2668-ff30-ee8e2132541c",
        "Strict-Transport-Security": "max-age=31536000; includeSubDomains",
        "Vary": "Accept-Encoding",
        "X-Content-Type-Options": "nosniff",
        "x-ms-client-request-id": "888e18e4-d786-2668-ff30-ee8e2132541c",
        "x-ms-correlation-request-id": "ab7812d8-7813-4d67-a1a9-009bedde915d",
        "x-ms-ratelimit-remaining-subscription-reads": "11841",
        "x-ms-request-id": "888e18e4-d786-2668-ff30-ee8e2132541c",
        "x-ms-routing-request-id": "EASTUS2EUAP:20231020T121734Z:ab7812d8-7813-4d67-a1a9-009bedde915d"
      },
      "ResponseBody": {
        "id": "/subscriptions/c4a547de-4411-4447-964d-1edbc72cf116/resourceGroups/sdk-test6756/providers/Microsoft.Search/searchServices/search3252",
        "name": "search3252",
        "type": "Microsoft.Search/searchServices",
        "location": "East US 2 EUAP",
        "tags": {},
        "properties": {
          "replicaCount": 3,
          "partitionCount": 1,
          "status": "provisioning",
          "statusDetails": "",
          "provisioningState": "provisioning",
          "hostingMode": "default",
          "publicNetworkAccess": "Enabled",
          "networkRuleSet": {
            "ipRules": [],
            "bypass": "None"
          },
          "privateEndpointConnections": [],
          "sharedPrivateLinkResources": [],
          "encryptionWithCmk": {
            "enforcement": "Unspecified",
            "encryptionComplianceStatus": "Compliant"
          },
          "disableLocalAuth": false,
          "authOptions": {
            "apiKeyOnly": {}
          },
          "semanticSearch": "disabled"
        },
        "sku": {
          "name": "standard"
        }
      }
    },
    {
      "RequestUri": "https://eastus2euap.management.azure.com/subscriptions/c4a547de-4411-4447-964d-1edbc72cf116/resourceGroups/sdk-test6756/providers/Microsoft.Search/searchServices/search3252?api-version=2023-11-01",
      "RequestMethod": "GET",
      "RequestHeaders": {
        "Authorization": "Sanitized",
        "traceparent": "00-a6ca8a55b65c866ded4b3a5a27e6ae0d-e77477c11930530c-00",
        "User-Agent": "azsdk-net-ResourceManager/1.7.0 (.NET 6.0.23; Microsoft Windows 10.0.22621)",
        "x-ms-client-request-id": "d11f782a49c42cf9f75d33b35d4cbe26",
        "x-ms-return-client-request-id": "true"
      },
      "RequestBody": null,
      "StatusCode": 200,
      "ResponseHeaders": {
        "Cache-Control": "no-cache",
        "client-request-id": "d11f782a-49c4-2cf9-f75d-33b35d4cbe26",
        "Content-Length": "739",
        "Content-Type": "application/json; charset=utf-8",
        "Date": "Fri, 20 Oct 2023 12:18:06 GMT",
        "elapsed-time": "368",
        "ETag": "W/\u0022datetime\u00272023-10-20T12%3A06%3A11.1986281Z\u0027\u0022",
        "Expires": "-1",
        "Pragma": "no-cache",
        "request-id": "d11f782a-49c4-2cf9-f75d-33b35d4cbe26",
        "Strict-Transport-Security": "max-age=31536000; includeSubDomains",
        "Vary": "Accept-Encoding",
        "X-Content-Type-Options": "nosniff",
        "x-ms-client-request-id": "d11f782a-49c4-2cf9-f75d-33b35d4cbe26",
        "x-ms-correlation-request-id": "749b2b0d-b750-4120-b105-618ecd58c436",
        "x-ms-ratelimit-remaining-subscription-reads": "11840",
        "x-ms-request-id": "d11f782a-49c4-2cf9-f75d-33b35d4cbe26",
        "x-ms-routing-request-id": "EASTUS2EUAP:20231020T121807Z:749b2b0d-b750-4120-b105-618ecd58c436"
      },
      "ResponseBody": {
        "id": "/subscriptions/c4a547de-4411-4447-964d-1edbc72cf116/resourceGroups/sdk-test6756/providers/Microsoft.Search/searchServices/search3252",
        "name": "search3252",
        "type": "Microsoft.Search/searchServices",
        "location": "East US 2 EUAP",
        "tags": {},
        "properties": {
          "replicaCount": 3,
          "partitionCount": 1,
          "status": "provisioning",
          "statusDetails": "",
          "provisioningState": "provisioning",
          "hostingMode": "default",
          "publicNetworkAccess": "Enabled",
          "networkRuleSet": {
            "ipRules": [],
            "bypass": "None"
          },
          "privateEndpointConnections": [],
          "sharedPrivateLinkResources": [],
          "encryptionWithCmk": {
            "enforcement": "Unspecified",
            "encryptionComplianceStatus": "Compliant"
          },
          "disableLocalAuth": false,
          "authOptions": {
            "apiKeyOnly": {}
          },
          "semanticSearch": "disabled"
        },
        "sku": {
          "name": "standard"
        }
      }
    },
    {
      "RequestUri": "https://eastus2euap.management.azure.com/subscriptions/c4a547de-4411-4447-964d-1edbc72cf116/resourceGroups/sdk-test6756/providers/Microsoft.Search/searchServices/search3252?api-version=2023-11-01",
      "RequestMethod": "GET",
      "RequestHeaders": {
        "Authorization": "Sanitized",
        "traceparent": "00-a6ca8a55b65c866ded4b3a5a27e6ae0d-49850dfa9ed082b1-00",
        "User-Agent": "azsdk-net-ResourceManager/1.7.0 (.NET 6.0.23; Microsoft Windows 10.0.22621)",
        "x-ms-client-request-id": "4f79bd27f1eb70de828dcae46b75842b",
        "x-ms-return-client-request-id": "true"
      },
      "RequestBody": null,
      "StatusCode": 200,
      "ResponseHeaders": {
        "Cache-Control": "no-cache",
        "client-request-id": "4f79bd27-f1eb-70de-828d-cae46b75842b",
        "Content-Length": "739",
        "Content-Type": "application/json; charset=utf-8",
        "Date": "Fri, 20 Oct 2023 12:18:39 GMT",
        "elapsed-time": "280",
        "ETag": "W/\u0022datetime\u00272023-10-20T12%3A06%3A11.1986281Z\u0027\u0022",
        "Expires": "-1",
        "Pragma": "no-cache",
        "request-id": "4f79bd27-f1eb-70de-828d-cae46b75842b",
        "Strict-Transport-Security": "max-age=31536000; includeSubDomains",
        "Vary": "Accept-Encoding",
        "X-Content-Type-Options": "nosniff",
        "x-ms-client-request-id": "4f79bd27-f1eb-70de-828d-cae46b75842b",
        "x-ms-correlation-request-id": "076054a5-752c-4d7e-ab41-0411c2cffbd1",
        "x-ms-ratelimit-remaining-subscription-reads": "11839",
        "x-ms-request-id": "4f79bd27-f1eb-70de-828d-cae46b75842b",
        "x-ms-routing-request-id": "EASTUS2EUAP:20231020T121839Z:076054a5-752c-4d7e-ab41-0411c2cffbd1"
      },
      "ResponseBody": {
        "id": "/subscriptions/c4a547de-4411-4447-964d-1edbc72cf116/resourceGroups/sdk-test6756/providers/Microsoft.Search/searchServices/search3252",
        "name": "search3252",
        "type": "Microsoft.Search/searchServices",
        "location": "East US 2 EUAP",
        "tags": {},
        "properties": {
          "replicaCount": 3,
          "partitionCount": 1,
          "status": "provisioning",
          "statusDetails": "",
          "provisioningState": "provisioning",
          "hostingMode": "default",
          "publicNetworkAccess": "Enabled",
          "networkRuleSet": {
            "ipRules": [],
            "bypass": "None"
          },
          "privateEndpointConnections": [],
          "sharedPrivateLinkResources": [],
          "encryptionWithCmk": {
            "enforcement": "Unspecified",
            "encryptionComplianceStatus": "Compliant"
          },
          "disableLocalAuth": false,
          "authOptions": {
            "apiKeyOnly": {}
          },
          "semanticSearch": "disabled"
        },
        "sku": {
          "name": "standard"
        }
      }
    },
    {
      "RequestUri": "https://eastus2euap.management.azure.com/subscriptions/c4a547de-4411-4447-964d-1edbc72cf116/resourceGroups/sdk-test6756/providers/Microsoft.Search/searchServices/search3252?api-version=2023-11-01",
      "RequestMethod": "GET",
      "RequestHeaders": {
        "Authorization": "Sanitized",
        "traceparent": "00-a6ca8a55b65c866ded4b3a5a27e6ae0d-30f21f098331e07f-00",
        "User-Agent": "azsdk-net-ResourceManager/1.7.0 (.NET 6.0.23; Microsoft Windows 10.0.22621)",
        "x-ms-client-request-id": "32b6b1b5b26c9a171e629028a3b4c8b3",
        "x-ms-return-client-request-id": "true"
      },
      "RequestBody": null,
      "StatusCode": 200,
      "ResponseHeaders": {
        "Cache-Control": "no-cache",
        "client-request-id": "32b6b1b5-b26c-9a17-1e62-9028a3b4c8b3",
        "Content-Length": "739",
        "Content-Type": "application/json; charset=utf-8",
        "Date": "Fri, 20 Oct 2023 12:19:11 GMT",
        "elapsed-time": "204",
        "ETag": "W/\u0022datetime\u00272023-10-20T12%3A06%3A11.1986281Z\u0027\u0022",
        "Expires": "-1",
        "Pragma": "no-cache",
        "request-id": "32b6b1b5-b26c-9a17-1e62-9028a3b4c8b3",
        "Strict-Transport-Security": "max-age=31536000; includeSubDomains",
        "Vary": "Accept-Encoding",
        "X-Content-Type-Options": "nosniff",
        "x-ms-client-request-id": "32b6b1b5-b26c-9a17-1e62-9028a3b4c8b3",
        "x-ms-correlation-request-id": "7e704d28-52fb-40a7-889c-7bb88cc17f61",
        "x-ms-ratelimit-remaining-subscription-reads": "11838",
        "x-ms-request-id": "32b6b1b5-b26c-9a17-1e62-9028a3b4c8b3",
        "x-ms-routing-request-id": "EASTUS2EUAP:20231020T121911Z:7e704d28-52fb-40a7-889c-7bb88cc17f61"
      },
      "ResponseBody": {
        "id": "/subscriptions/c4a547de-4411-4447-964d-1edbc72cf116/resourceGroups/sdk-test6756/providers/Microsoft.Search/searchServices/search3252",
        "name": "search3252",
        "type": "Microsoft.Search/searchServices",
        "location": "East US 2 EUAP",
        "tags": {},
        "properties": {
          "replicaCount": 3,
          "partitionCount": 1,
          "status": "provisioning",
          "statusDetails": "",
          "provisioningState": "provisioning",
          "hostingMode": "default",
          "publicNetworkAccess": "Enabled",
          "networkRuleSet": {
            "ipRules": [],
            "bypass": "None"
          },
          "privateEndpointConnections": [],
          "sharedPrivateLinkResources": [],
          "encryptionWithCmk": {
            "enforcement": "Unspecified",
            "encryptionComplianceStatus": "Compliant"
          },
          "disableLocalAuth": false,
          "authOptions": {
            "apiKeyOnly": {}
          },
          "semanticSearch": "disabled"
        },
        "sku": {
          "name": "standard"
        }
      }
    },
    {
      "RequestUri": "https://eastus2euap.management.azure.com/subscriptions/c4a547de-4411-4447-964d-1edbc72cf116/resourceGroups/sdk-test6756/providers/Microsoft.Search/searchServices/search3252?api-version=2023-11-01",
      "RequestMethod": "GET",
      "RequestHeaders": {
        "Authorization": "Sanitized",
        "traceparent": "00-a6ca8a55b65c866ded4b3a5a27e6ae0d-08ae3a8159edee9b-00",
        "User-Agent": "azsdk-net-ResourceManager/1.7.0 (.NET 6.0.23; Microsoft Windows 10.0.22621)",
        "x-ms-client-request-id": "6466c77205b839309aaf4f367e14c082",
        "x-ms-return-client-request-id": "true"
      },
      "RequestBody": null,
      "StatusCode": 200,
      "ResponseHeaders": {
        "Cache-Control": "no-cache",
        "client-request-id": "6466c772-05b8-3930-9aaf-4f367e14c082",
        "Content-Length": "739",
        "Content-Type": "application/json; charset=utf-8",
        "Date": "Fri, 20 Oct 2023 12:19:43 GMT",
        "elapsed-time": "275",
        "ETag": "W/\u0022datetime\u00272023-10-20T12%3A06%3A11.1986281Z\u0027\u0022",
        "Expires": "-1",
        "Pragma": "no-cache",
        "request-id": "6466c772-05b8-3930-9aaf-4f367e14c082",
        "Strict-Transport-Security": "max-age=31536000; includeSubDomains",
        "Vary": "Accept-Encoding",
        "X-Content-Type-Options": "nosniff",
        "x-ms-client-request-id": "6466c772-05b8-3930-9aaf-4f367e14c082",
        "x-ms-correlation-request-id": "9a4e1e6a-8df0-4ad3-95ca-c6b170492233",
        "x-ms-ratelimit-remaining-subscription-reads": "11837",
        "x-ms-request-id": "6466c772-05b8-3930-9aaf-4f367e14c082",
        "x-ms-routing-request-id": "EASTUS2EUAP:20231020T121944Z:9a4e1e6a-8df0-4ad3-95ca-c6b170492233"
      },
      "ResponseBody": {
        "id": "/subscriptions/c4a547de-4411-4447-964d-1edbc72cf116/resourceGroups/sdk-test6756/providers/Microsoft.Search/searchServices/search3252",
        "name": "search3252",
        "type": "Microsoft.Search/searchServices",
        "location": "East US 2 EUAP",
        "tags": {},
        "properties": {
          "replicaCount": 3,
          "partitionCount": 1,
          "status": "provisioning",
          "statusDetails": "",
          "provisioningState": "provisioning",
          "hostingMode": "default",
          "publicNetworkAccess": "Enabled",
          "networkRuleSet": {
            "ipRules": [],
            "bypass": "None"
          },
          "privateEndpointConnections": [],
          "sharedPrivateLinkResources": [],
          "encryptionWithCmk": {
            "enforcement": "Unspecified",
            "encryptionComplianceStatus": "Compliant"
          },
          "disableLocalAuth": false,
          "authOptions": {
            "apiKeyOnly": {}
          },
          "semanticSearch": "disabled"
        },
        "sku": {
          "name": "standard"
        }
      }
    },
    {
      "RequestUri": "https://eastus2euap.management.azure.com/subscriptions/c4a547de-4411-4447-964d-1edbc72cf116/resourceGroups/sdk-test6756/providers/Microsoft.Search/searchServices/search3252?api-version=2023-11-01",
      "RequestMethod": "GET",
      "RequestHeaders": {
        "Authorization": "Sanitized",
        "traceparent": "00-a6ca8a55b65c866ded4b3a5a27e6ae0d-12343228d21ca19a-00",
        "User-Agent": "azsdk-net-ResourceManager/1.7.0 (.NET 6.0.23; Microsoft Windows 10.0.22621)",
        "x-ms-client-request-id": "abfe07d98b9574b9a5de308960b5ccce",
        "x-ms-return-client-request-id": "true"
      },
      "RequestBody": null,
      "StatusCode": 200,
      "ResponseHeaders": {
        "Cache-Control": "no-cache",
        "client-request-id": "abfe07d9-8b95-74b9-a5de-308960b5ccce",
        "Content-Length": "739",
        "Content-Type": "application/json; charset=utf-8",
        "Date": "Fri, 20 Oct 2023 12:20:15 GMT",
        "elapsed-time": "186",
        "ETag": "W/\u0022datetime\u00272023-10-20T12%3A06%3A11.1986281Z\u0027\u0022",
        "Expires": "-1",
        "Pragma": "no-cache",
        "request-id": "abfe07d9-8b95-74b9-a5de-308960b5ccce",
        "Strict-Transport-Security": "max-age=31536000; includeSubDomains",
        "Vary": "Accept-Encoding",
        "X-Content-Type-Options": "nosniff",
        "x-ms-client-request-id": "abfe07d9-8b95-74b9-a5de-308960b5ccce",
        "x-ms-correlation-request-id": "e86b8ce4-71d2-4a08-af0a-273a24b586ea",
        "x-ms-ratelimit-remaining-subscription-reads": "11841",
        "x-ms-request-id": "abfe07d9-8b95-74b9-a5de-308960b5ccce",
        "x-ms-routing-request-id": "EASTUS2EUAP:20231020T122016Z:e86b8ce4-71d2-4a08-af0a-273a24b586ea"
      },
      "ResponseBody": {
        "id": "/subscriptions/c4a547de-4411-4447-964d-1edbc72cf116/resourceGroups/sdk-test6756/providers/Microsoft.Search/searchServices/search3252",
        "name": "search3252",
        "type": "Microsoft.Search/searchServices",
        "location": "East US 2 EUAP",
        "tags": {},
        "properties": {
          "replicaCount": 3,
          "partitionCount": 1,
          "status": "provisioning",
          "statusDetails": "",
          "provisioningState": "provisioning",
          "hostingMode": "default",
          "publicNetworkAccess": "Enabled",
          "networkRuleSet": {
            "ipRules": [],
            "bypass": "None"
          },
          "privateEndpointConnections": [],
          "sharedPrivateLinkResources": [],
          "encryptionWithCmk": {
            "enforcement": "Unspecified",
            "encryptionComplianceStatus": "Compliant"
          },
          "disableLocalAuth": false,
          "authOptions": {
            "apiKeyOnly": {}
          },
          "semanticSearch": "disabled"
        },
        "sku": {
          "name": "standard"
        }
      }
    },
    {
      "RequestUri": "https://eastus2euap.management.azure.com/subscriptions/c4a547de-4411-4447-964d-1edbc72cf116/resourceGroups/sdk-test6756/providers/Microsoft.Search/searchServices/search3252?api-version=2023-11-01",
      "RequestMethod": "GET",
      "RequestHeaders": {
        "Authorization": "Sanitized",
        "traceparent": "00-a6ca8a55b65c866ded4b3a5a27e6ae0d-a5c75afd789bdeb6-00",
        "User-Agent": "azsdk-net-ResourceManager/1.7.0 (.NET 6.0.23; Microsoft Windows 10.0.22621)",
        "x-ms-client-request-id": "a37217c5200eaf72817c98bd63e01c0a",
        "x-ms-return-client-request-id": "true"
      },
      "RequestBody": null,
      "StatusCode": 200,
      "ResponseHeaders": {
        "Cache-Control": "no-cache",
        "client-request-id": "a37217c5-200e-af72-817c-98bd63e01c0a",
        "Content-Length": "739",
        "Content-Type": "application/json; charset=utf-8",
        "Date": "Fri, 20 Oct 2023 12:20:48 GMT",
        "elapsed-time": "192",
        "ETag": "W/\u0022datetime\u00272023-10-20T12%3A06%3A11.1986281Z\u0027\u0022",
        "Expires": "-1",
        "Pragma": "no-cache",
        "request-id": "a37217c5-200e-af72-817c-98bd63e01c0a",
        "Strict-Transport-Security": "max-age=31536000; includeSubDomains",
        "Vary": "Accept-Encoding",
        "X-Content-Type-Options": "nosniff",
        "x-ms-client-request-id": "a37217c5-200e-af72-817c-98bd63e01c0a",
        "x-ms-correlation-request-id": "46dc3f48-33ed-4123-b065-a8bb2560a52e",
        "x-ms-ratelimit-remaining-subscription-reads": "11840",
        "x-ms-request-id": "a37217c5-200e-af72-817c-98bd63e01c0a",
        "x-ms-routing-request-id": "EASTUS2EUAP:20231020T122048Z:46dc3f48-33ed-4123-b065-a8bb2560a52e"
      },
      "ResponseBody": {
        "id": "/subscriptions/c4a547de-4411-4447-964d-1edbc72cf116/resourceGroups/sdk-test6756/providers/Microsoft.Search/searchServices/search3252",
        "name": "search3252",
        "type": "Microsoft.Search/searchServices",
        "location": "East US 2 EUAP",
        "tags": {},
        "properties": {
          "replicaCount": 3,
          "partitionCount": 1,
          "status": "provisioning",
          "statusDetails": "",
          "provisioningState": "provisioning",
          "hostingMode": "default",
          "publicNetworkAccess": "Enabled",
          "networkRuleSet": {
            "ipRules": [],
            "bypass": "None"
          },
          "privateEndpointConnections": [],
          "sharedPrivateLinkResources": [],
          "encryptionWithCmk": {
            "enforcement": "Unspecified",
            "encryptionComplianceStatus": "Compliant"
          },
          "disableLocalAuth": false,
          "authOptions": {
            "apiKeyOnly": {}
          },
          "semanticSearch": "disabled"
        },
        "sku": {
          "name": "standard"
        }
      }
    },
    {
      "RequestUri": "https://eastus2euap.management.azure.com/subscriptions/c4a547de-4411-4447-964d-1edbc72cf116/resourceGroups/sdk-test6756/providers/Microsoft.Search/searchServices/search3252?api-version=2023-11-01",
      "RequestMethod": "GET",
      "RequestHeaders": {
        "Authorization": "Sanitized",
        "traceparent": "00-a6ca8a55b65c866ded4b3a5a27e6ae0d-a02ea4dcaf1d21cc-00",
        "User-Agent": "azsdk-net-ResourceManager/1.7.0 (.NET 6.0.23; Microsoft Windows 10.0.22621)",
        "x-ms-client-request-id": "9b4f0ea11cb5e61d0ef1bed9d5a7d9e4",
        "x-ms-return-client-request-id": "true"
      },
      "RequestBody": null,
      "StatusCode": 200,
      "ResponseHeaders": {
        "Cache-Control": "no-cache",
        "client-request-id": "9b4f0ea1-1cb5-e61d-0ef1-bed9d5a7d9e4",
        "Content-Length": "739",
        "Content-Type": "application/json; charset=utf-8",
        "Date": "Fri, 20 Oct 2023 12:21:20 GMT",
        "elapsed-time": "210",
        "ETag": "W/\u0022datetime\u00272023-10-20T12%3A06%3A11.1986281Z\u0027\u0022",
        "Expires": "-1",
        "Pragma": "no-cache",
        "request-id": "9b4f0ea1-1cb5-e61d-0ef1-bed9d5a7d9e4",
        "Strict-Transport-Security": "max-age=31536000; includeSubDomains",
        "Vary": "Accept-Encoding",
        "X-Content-Type-Options": "nosniff",
        "x-ms-client-request-id": "9b4f0ea1-1cb5-e61d-0ef1-bed9d5a7d9e4",
        "x-ms-correlation-request-id": "0406d070-958a-483a-a743-93a9e6355053",
        "x-ms-ratelimit-remaining-subscription-reads": "11839",
        "x-ms-request-id": "9b4f0ea1-1cb5-e61d-0ef1-bed9d5a7d9e4",
        "x-ms-routing-request-id": "EASTUS2EUAP:20231020T122121Z:0406d070-958a-483a-a743-93a9e6355053"
      },
      "ResponseBody": {
        "id": "/subscriptions/c4a547de-4411-4447-964d-1edbc72cf116/resourceGroups/sdk-test6756/providers/Microsoft.Search/searchServices/search3252",
        "name": "search3252",
        "type": "Microsoft.Search/searchServices",
        "location": "East US 2 EUAP",
        "tags": {},
        "properties": {
          "replicaCount": 3,
          "partitionCount": 1,
          "status": "provisioning",
          "statusDetails": "",
          "provisioningState": "provisioning",
          "hostingMode": "default",
          "publicNetworkAccess": "Enabled",
          "networkRuleSet": {
            "ipRules": [],
            "bypass": "None"
          },
          "privateEndpointConnections": [],
          "sharedPrivateLinkResources": [],
          "encryptionWithCmk": {
            "enforcement": "Unspecified",
            "encryptionComplianceStatus": "Compliant"
          },
          "disableLocalAuth": false,
          "authOptions": {
            "apiKeyOnly": {}
          },
          "semanticSearch": "disabled"
        },
        "sku": {
          "name": "standard"
        }
      }
    },
    {
      "RequestUri": "https://eastus2euap.management.azure.com/subscriptions/c4a547de-4411-4447-964d-1edbc72cf116/resourceGroups/sdk-test6756/providers/Microsoft.Search/searchServices/search3252?api-version=2023-11-01",
      "RequestMethod": "GET",
      "RequestHeaders": {
        "Authorization": "Sanitized",
        "traceparent": "00-a6ca8a55b65c866ded4b3a5a27e6ae0d-b470439bce785a72-00",
        "User-Agent": "azsdk-net-ResourceManager/1.7.0 (.NET 6.0.23; Microsoft Windows 10.0.22621)",
        "x-ms-client-request-id": "677180e21ca2b874954e2a18f3fc11c5",
        "x-ms-return-client-request-id": "true"
      },
      "RequestBody": null,
      "StatusCode": 200,
      "ResponseHeaders": {
        "Cache-Control": "no-cache",
        "client-request-id": "677180e2-1ca2-b874-954e-2a18f3fc11c5",
        "Content-Length": "739",
        "Content-Type": "application/json; charset=utf-8",
        "Date": "Fri, 20 Oct 2023 12:21:53 GMT",
        "elapsed-time": "178",
        "ETag": "W/\u0022datetime\u00272023-10-20T12%3A06%3A11.1986281Z\u0027\u0022",
        "Expires": "-1",
        "Pragma": "no-cache",
        "request-id": "677180e2-1ca2-b874-954e-2a18f3fc11c5",
        "Strict-Transport-Security": "max-age=31536000; includeSubDomains",
        "Vary": "Accept-Encoding",
        "X-Content-Type-Options": "nosniff",
        "x-ms-client-request-id": "677180e2-1ca2-b874-954e-2a18f3fc11c5",
        "x-ms-correlation-request-id": "a4fe0cbe-2b60-4f62-a616-b14cc301c5c9",
        "x-ms-ratelimit-remaining-subscription-reads": "11838",
        "x-ms-request-id": "677180e2-1ca2-b874-954e-2a18f3fc11c5",
        "x-ms-routing-request-id": "EASTUS2EUAP:20231020T122153Z:a4fe0cbe-2b60-4f62-a616-b14cc301c5c9"
      },
      "ResponseBody": {
        "id": "/subscriptions/c4a547de-4411-4447-964d-1edbc72cf116/resourceGroups/sdk-test6756/providers/Microsoft.Search/searchServices/search3252",
        "name": "search3252",
        "type": "Microsoft.Search/searchServices",
        "location": "East US 2 EUAP",
        "tags": {},
        "properties": {
          "replicaCount": 3,
          "partitionCount": 1,
          "status": "provisioning",
          "statusDetails": "",
          "provisioningState": "provisioning",
          "hostingMode": "default",
          "publicNetworkAccess": "Enabled",
          "networkRuleSet": {
            "ipRules": [],
            "bypass": "None"
          },
          "privateEndpointConnections": [],
          "sharedPrivateLinkResources": [],
          "encryptionWithCmk": {
            "enforcement": "Unspecified",
            "encryptionComplianceStatus": "Compliant"
          },
          "disableLocalAuth": false,
          "authOptions": {
            "apiKeyOnly": {}
          },
          "semanticSearch": "disabled"
        },
        "sku": {
          "name": "standard"
        }
      }
    },
    {
      "RequestUri": "https://eastus2euap.management.azure.com/subscriptions/c4a547de-4411-4447-964d-1edbc72cf116/resourceGroups/sdk-test6756/providers/Microsoft.Search/searchServices/search3252?api-version=2023-11-01",
      "RequestMethod": "GET",
      "RequestHeaders": {
        "Authorization": "Sanitized",
        "traceparent": "00-a6ca8a55b65c866ded4b3a5a27e6ae0d-f21ea884ff24c241-00",
        "User-Agent": "azsdk-net-ResourceManager/1.7.0 (.NET 6.0.23; Microsoft Windows 10.0.22621)",
        "x-ms-client-request-id": "52e825c23066a818f98b951c6198dada",
        "x-ms-return-client-request-id": "true"
      },
      "RequestBody": null,
      "StatusCode": 200,
      "ResponseHeaders": {
        "Cache-Control": "no-cache",
        "client-request-id": "52e825c2-3066-a818-f98b-951c6198dada",
        "Content-Length": "739",
        "Content-Type": "application/json; charset=utf-8",
        "Date": "Fri, 20 Oct 2023 12:22:24 GMT",
        "elapsed-time": "226",
        "ETag": "W/\u0022datetime\u00272023-10-20T12%3A06%3A11.1986281Z\u0027\u0022",
        "Expires": "-1",
        "Pragma": "no-cache",
        "request-id": "52e825c2-3066-a818-f98b-951c6198dada",
        "Strict-Transport-Security": "max-age=31536000; includeSubDomains",
        "Vary": "Accept-Encoding",
        "X-Content-Type-Options": "nosniff",
        "x-ms-client-request-id": "52e825c2-3066-a818-f98b-951c6198dada",
        "x-ms-correlation-request-id": "d4621611-adfe-4897-b223-b0dfc072f090",
        "x-ms-ratelimit-remaining-subscription-reads": "11837",
        "x-ms-request-id": "52e825c2-3066-a818-f98b-951c6198dada",
        "x-ms-routing-request-id": "EASTUS2EUAP:20231020T122225Z:d4621611-adfe-4897-b223-b0dfc072f090"
      },
      "ResponseBody": {
        "id": "/subscriptions/c4a547de-4411-4447-964d-1edbc72cf116/resourceGroups/sdk-test6756/providers/Microsoft.Search/searchServices/search3252",
        "name": "search3252",
        "type": "Microsoft.Search/searchServices",
        "location": "East US 2 EUAP",
        "tags": {},
        "properties": {
          "replicaCount": 3,
          "partitionCount": 1,
          "status": "provisioning",
          "statusDetails": "",
          "provisioningState": "provisioning",
          "hostingMode": "default",
          "publicNetworkAccess": "Enabled",
          "networkRuleSet": {
            "ipRules": [],
            "bypass": "None"
          },
          "privateEndpointConnections": [],
          "sharedPrivateLinkResources": [],
          "encryptionWithCmk": {
            "enforcement": "Unspecified",
            "encryptionComplianceStatus": "Compliant"
          },
          "disableLocalAuth": false,
          "authOptions": {
            "apiKeyOnly": {}
          },
          "semanticSearch": "disabled"
        },
        "sku": {
          "name": "standard"
        }
      }
    },
    {
      "RequestUri": "https://eastus2euap.management.azure.com/subscriptions/c4a547de-4411-4447-964d-1edbc72cf116/resourceGroups/sdk-test6756/providers/Microsoft.Search/searchServices/search3252?api-version=2023-11-01",
      "RequestMethod": "GET",
      "RequestHeaders": {
        "Authorization": "Sanitized",
        "traceparent": "00-a6ca8a55b65c866ded4b3a5a27e6ae0d-85ce00c1b4a271a2-00",
        "User-Agent": "azsdk-net-ResourceManager/1.7.0 (.NET 6.0.23; Microsoft Windows 10.0.22621)",
        "x-ms-client-request-id": "e2dab3a3b56e846899960667f205f211",
        "x-ms-return-client-request-id": "true"
      },
      "RequestBody": null,
      "StatusCode": 200,
      "ResponseHeaders": {
        "Cache-Control": "no-cache",
        "client-request-id": "e2dab3a3-b56e-8468-9996-0667f205f211",
        "Content-Length": "739",
        "Content-Type": "application/json; charset=utf-8",
        "Date": "Fri, 20 Oct 2023 12:22:57 GMT",
        "elapsed-time": "283",
        "ETag": "W/\u0022datetime\u00272023-10-20T12%3A06%3A11.1986281Z\u0027\u0022",
        "Expires": "-1",
        "Pragma": "no-cache",
        "request-id": "e2dab3a3-b56e-8468-9996-0667f205f211",
        "Strict-Transport-Security": "max-age=31536000; includeSubDomains",
        "Vary": "Accept-Encoding",
        "X-Content-Type-Options": "nosniff",
        "x-ms-client-request-id": "e2dab3a3-b56e-8468-9996-0667f205f211",
        "x-ms-correlation-request-id": "d344b344-8fbf-4476-a0ab-d39c53dae16d",
        "x-ms-ratelimit-remaining-subscription-reads": "11836",
        "x-ms-request-id": "e2dab3a3-b56e-8468-9996-0667f205f211",
        "x-ms-routing-request-id": "EASTUS2EUAP:20231020T122258Z:d344b344-8fbf-4476-a0ab-d39c53dae16d"
      },
      "ResponseBody": {
        "id": "/subscriptions/c4a547de-4411-4447-964d-1edbc72cf116/resourceGroups/sdk-test6756/providers/Microsoft.Search/searchServices/search3252",
        "name": "search3252",
        "type": "Microsoft.Search/searchServices",
        "location": "East US 2 EUAP",
        "tags": {},
        "properties": {
          "replicaCount": 3,
          "partitionCount": 1,
          "status": "provisioning",
          "statusDetails": "",
          "provisioningState": "provisioning",
          "hostingMode": "default",
          "publicNetworkAccess": "Enabled",
          "networkRuleSet": {
            "ipRules": [],
            "bypass": "None"
          },
          "privateEndpointConnections": [],
          "sharedPrivateLinkResources": [],
          "encryptionWithCmk": {
            "enforcement": "Unspecified",
            "encryptionComplianceStatus": "Compliant"
          },
          "disableLocalAuth": false,
          "authOptions": {
            "apiKeyOnly": {}
          },
          "semanticSearch": "disabled"
        },
        "sku": {
          "name": "standard"
        }
      }
    },
    {
      "RequestUri": "https://eastus2euap.management.azure.com/subscriptions/c4a547de-4411-4447-964d-1edbc72cf116/resourceGroups/sdk-test6756/providers/Microsoft.Search/searchServices/search3252?api-version=2023-11-01",
      "RequestMethod": "GET",
      "RequestHeaders": {
        "Authorization": "Sanitized",
        "traceparent": "00-a6ca8a55b65c866ded4b3a5a27e6ae0d-2fe61c47e6173c15-00",
        "User-Agent": "azsdk-net-ResourceManager/1.7.0 (.NET 6.0.23; Microsoft Windows 10.0.22621)",
        "x-ms-client-request-id": "af17f9e086beb27e68c96d16875757fc",
        "x-ms-return-client-request-id": "true"
      },
      "RequestBody": null,
      "StatusCode": 200,
      "ResponseHeaders": {
        "Cache-Control": "no-cache",
        "client-request-id": "af17f9e0-86be-b27e-68c9-6d16875757fc",
        "Content-Length": "739",
        "Content-Type": "application/json; charset=utf-8",
        "Date": "Fri, 20 Oct 2023 12:23:29 GMT",
        "elapsed-time": "298",
        "ETag": "W/\u0022datetime\u00272023-10-20T12%3A06%3A11.1986281Z\u0027\u0022",
        "Expires": "-1",
        "Pragma": "no-cache",
        "request-id": "af17f9e0-86be-b27e-68c9-6d16875757fc",
        "Strict-Transport-Security": "max-age=31536000; includeSubDomains",
        "Vary": "Accept-Encoding",
        "X-Content-Type-Options": "nosniff",
        "x-ms-client-request-id": "af17f9e0-86be-b27e-68c9-6d16875757fc",
        "x-ms-correlation-request-id": "51f4c40f-0ae7-4380-b2cb-cf948a5c7b2a",
        "x-ms-ratelimit-remaining-subscription-reads": "11835",
        "x-ms-request-id": "af17f9e0-86be-b27e-68c9-6d16875757fc",
        "x-ms-routing-request-id": "EASTUS2EUAP:20231020T122330Z:51f4c40f-0ae7-4380-b2cb-cf948a5c7b2a"
      },
      "ResponseBody": {
        "id": "/subscriptions/c4a547de-4411-4447-964d-1edbc72cf116/resourceGroups/sdk-test6756/providers/Microsoft.Search/searchServices/search3252",
        "name": "search3252",
        "type": "Microsoft.Search/searchServices",
        "location": "East US 2 EUAP",
        "tags": {},
        "properties": {
          "replicaCount": 3,
          "partitionCount": 1,
          "status": "provisioning",
          "statusDetails": "",
          "provisioningState": "provisioning",
          "hostingMode": "default",
          "publicNetworkAccess": "Enabled",
          "networkRuleSet": {
            "ipRules": [],
            "bypass": "None"
          },
          "privateEndpointConnections": [],
          "sharedPrivateLinkResources": [],
          "encryptionWithCmk": {
            "enforcement": "Unspecified",
            "encryptionComplianceStatus": "Compliant"
          },
          "disableLocalAuth": false,
          "authOptions": {
            "apiKeyOnly": {}
          },
          "semanticSearch": "disabled"
        },
        "sku": {
          "name": "standard"
        }
      }
    },
    {
      "RequestUri": "https://eastus2euap.management.azure.com/subscriptions/c4a547de-4411-4447-964d-1edbc72cf116/resourceGroups/sdk-test6756/providers/Microsoft.Search/searchServices/search3252?api-version=2023-11-01",
      "RequestMethod": "GET",
      "RequestHeaders": {
        "Authorization": "Sanitized",
        "traceparent": "00-a6ca8a55b65c866ded4b3a5a27e6ae0d-d5485aba683c85d0-00",
        "User-Agent": "azsdk-net-ResourceManager/1.7.0 (.NET 6.0.23; Microsoft Windows 10.0.22621)",
        "x-ms-client-request-id": "3f7450742f220d56bd63b8cf29b1b6f4",
        "x-ms-return-client-request-id": "true"
      },
      "RequestBody": null,
      "StatusCode": 200,
      "ResponseHeaders": {
        "Cache-Control": "no-cache",
        "client-request-id": "3f745074-2f22-0d56-bd63-b8cf29b1b6f4",
        "Content-Length": "739",
        "Content-Type": "application/json; charset=utf-8",
        "Date": "Fri, 20 Oct 2023 12:24:02 GMT",
        "elapsed-time": "260",
        "ETag": "W/\u0022datetime\u00272023-10-20T12%3A06%3A11.1986281Z\u0027\u0022",
        "Expires": "-1",
        "Pragma": "no-cache",
        "request-id": "3f745074-2f22-0d56-bd63-b8cf29b1b6f4",
        "Strict-Transport-Security": "max-age=31536000; includeSubDomains",
        "Vary": "Accept-Encoding",
        "X-Content-Type-Options": "nosniff",
        "x-ms-client-request-id": "3f745074-2f22-0d56-bd63-b8cf29b1b6f4",
        "x-ms-correlation-request-id": "43158e2b-43c4-4f77-bf6f-525f6c84965f",
        "x-ms-ratelimit-remaining-subscription-reads": "11834",
        "x-ms-request-id": "3f745074-2f22-0d56-bd63-b8cf29b1b6f4",
        "x-ms-routing-request-id": "EASTUS2EUAP:20231020T122402Z:43158e2b-43c4-4f77-bf6f-525f6c84965f"
      },
      "ResponseBody": {
        "id": "/subscriptions/c4a547de-4411-4447-964d-1edbc72cf116/resourceGroups/sdk-test6756/providers/Microsoft.Search/searchServices/search3252",
        "name": "search3252",
        "type": "Microsoft.Search/searchServices",
        "location": "East US 2 EUAP",
        "tags": {},
        "properties": {
          "replicaCount": 3,
          "partitionCount": 1,
          "status": "provisioning",
          "statusDetails": "",
          "provisioningState": "provisioning",
          "hostingMode": "default",
          "publicNetworkAccess": "Enabled",
          "networkRuleSet": {
            "ipRules": [],
            "bypass": "None"
          },
          "privateEndpointConnections": [],
          "sharedPrivateLinkResources": [],
          "encryptionWithCmk": {
            "enforcement": "Unspecified",
            "encryptionComplianceStatus": "Compliant"
          },
          "disableLocalAuth": false,
          "authOptions": {
            "apiKeyOnly": {}
          },
          "semanticSearch": "disabled"
        },
        "sku": {
          "name": "standard"
        }
      }
    },
    {
      "RequestUri": "https://eastus2euap.management.azure.com/subscriptions/c4a547de-4411-4447-964d-1edbc72cf116/resourceGroups/sdk-test6756/providers/Microsoft.Search/searchServices/search3252?api-version=2023-11-01",
      "RequestMethod": "GET",
      "RequestHeaders": {
        "Authorization": "Sanitized",
        "traceparent": "00-a6ca8a55b65c866ded4b3a5a27e6ae0d-6c9b0d80f06e775a-00",
        "User-Agent": "azsdk-net-ResourceManager/1.7.0 (.NET 6.0.23; Microsoft Windows 10.0.22621)",
        "x-ms-client-request-id": "683c84982a811c1b352779a54751fd41",
        "x-ms-return-client-request-id": "true"
      },
      "RequestBody": null,
      "StatusCode": 200,
      "ResponseHeaders": {
        "Cache-Control": "no-cache",
        "client-request-id": "683c8498-2a81-1c1b-3527-79a54751fd41",
        "Content-Length": "739",
        "Content-Type": "application/json; charset=utf-8",
        "Date": "Fri, 20 Oct 2023 12:24:35 GMT",
        "elapsed-time": "184",
        "ETag": "W/\u0022datetime\u00272023-10-20T12%3A06%3A11.1986281Z\u0027\u0022",
        "Expires": "-1",
        "Pragma": "no-cache",
        "request-id": "683c8498-2a81-1c1b-3527-79a54751fd41",
        "Strict-Transport-Security": "max-age=31536000; includeSubDomains",
        "Vary": "Accept-Encoding",
        "X-Content-Type-Options": "nosniff",
        "x-ms-client-request-id": "683c8498-2a81-1c1b-3527-79a54751fd41",
        "x-ms-correlation-request-id": "8f9a7a1a-169b-4a14-a9ca-5df5c95148b6",
        "x-ms-ratelimit-remaining-subscription-reads": "11833",
        "x-ms-request-id": "683c8498-2a81-1c1b-3527-79a54751fd41",
        "x-ms-routing-request-id": "EASTUS2EUAP:20231020T122435Z:8f9a7a1a-169b-4a14-a9ca-5df5c95148b6"
      },
      "ResponseBody": {
        "id": "/subscriptions/c4a547de-4411-4447-964d-1edbc72cf116/resourceGroups/sdk-test6756/providers/Microsoft.Search/searchServices/search3252",
        "name": "search3252",
        "type": "Microsoft.Search/searchServices",
        "location": "East US 2 EUAP",
        "tags": {},
        "properties": {
          "replicaCount": 3,
          "partitionCount": 1,
          "status": "provisioning",
          "statusDetails": "",
          "provisioningState": "provisioning",
          "hostingMode": "default",
          "publicNetworkAccess": "Enabled",
          "networkRuleSet": {
            "ipRules": [],
            "bypass": "None"
          },
          "privateEndpointConnections": [],
          "sharedPrivateLinkResources": [],
          "encryptionWithCmk": {
            "enforcement": "Unspecified",
            "encryptionComplianceStatus": "Compliant"
          },
          "disableLocalAuth": false,
          "authOptions": {
            "apiKeyOnly": {}
          },
          "semanticSearch": "disabled"
        },
        "sku": {
          "name": "standard"
        }
      }
    },
    {
      "RequestUri": "https://eastus2euap.management.azure.com/subscriptions/c4a547de-4411-4447-964d-1edbc72cf116/resourceGroups/sdk-test6756/providers/Microsoft.Search/searchServices/search3252?api-version=2023-11-01",
      "RequestMethod": "GET",
      "RequestHeaders": {
        "Authorization": "Sanitized",
        "traceparent": "00-a6ca8a55b65c866ded4b3a5a27e6ae0d-c1642135133c92cc-00",
        "User-Agent": "azsdk-net-ResourceManager/1.7.0 (.NET 6.0.23; Microsoft Windows 10.0.22621)",
        "x-ms-client-request-id": "a2f20a3fb390b0eea209f25aceae88b7",
        "x-ms-return-client-request-id": "true"
      },
      "RequestBody": null,
      "StatusCode": 200,
      "ResponseHeaders": {
        "Cache-Control": "no-cache",
        "client-request-id": "a2f20a3f-b390-b0ee-a209-f25aceae88b7",
        "Content-Length": "739",
        "Content-Type": "application/json; charset=utf-8",
        "Date": "Fri, 20 Oct 2023 12:25:07 GMT",
        "elapsed-time": "332",
        "ETag": "W/\u0022datetime\u00272023-10-20T12%3A06%3A11.1986281Z\u0027\u0022",
        "Expires": "-1",
        "Pragma": "no-cache",
        "request-id": "a2f20a3f-b390-b0ee-a209-f25aceae88b7",
        "Strict-Transport-Security": "max-age=31536000; includeSubDomains",
        "Vary": "Accept-Encoding",
        "X-Content-Type-Options": "nosniff",
        "x-ms-client-request-id": "a2f20a3f-b390-b0ee-a209-f25aceae88b7",
        "x-ms-correlation-request-id": "c016bfaf-0f76-4813-b3f0-6f636d571176",
        "x-ms-ratelimit-remaining-subscription-reads": "11843",
        "x-ms-request-id": "a2f20a3f-b390-b0ee-a209-f25aceae88b7",
        "x-ms-routing-request-id": "EASTUS2EUAP:20231020T122507Z:c016bfaf-0f76-4813-b3f0-6f636d571176"
      },
      "ResponseBody": {
        "id": "/subscriptions/c4a547de-4411-4447-964d-1edbc72cf116/resourceGroups/sdk-test6756/providers/Microsoft.Search/searchServices/search3252",
        "name": "search3252",
        "type": "Microsoft.Search/searchServices",
        "location": "East US 2 EUAP",
        "tags": {},
        "properties": {
          "replicaCount": 3,
          "partitionCount": 1,
          "status": "provisioning",
          "statusDetails": "",
          "provisioningState": "provisioning",
          "hostingMode": "default",
          "publicNetworkAccess": "Enabled",
          "networkRuleSet": {
            "ipRules": [],
            "bypass": "None"
          },
          "privateEndpointConnections": [],
          "sharedPrivateLinkResources": [],
          "encryptionWithCmk": {
            "enforcement": "Unspecified",
            "encryptionComplianceStatus": "Compliant"
          },
          "disableLocalAuth": false,
          "authOptions": {
            "apiKeyOnly": {}
          },
          "semanticSearch": "disabled"
        },
        "sku": {
          "name": "standard"
        }
      }
    },
    {
      "RequestUri": "https://eastus2euap.management.azure.com/subscriptions/c4a547de-4411-4447-964d-1edbc72cf116/resourceGroups/sdk-test6756/providers/Microsoft.Search/searchServices/search3252?api-version=2023-11-01",
      "RequestMethod": "GET",
      "RequestHeaders": {
        "Authorization": "Sanitized",
        "traceparent": "00-a6ca8a55b65c866ded4b3a5a27e6ae0d-0a2439f8e71d5f32-00",
        "User-Agent": "azsdk-net-ResourceManager/1.7.0 (.NET 6.0.23; Microsoft Windows 10.0.22621)",
        "x-ms-client-request-id": "027e7913ee1b4a7a34580afab5b0c56c",
        "x-ms-return-client-request-id": "true"
      },
      "RequestBody": null,
      "StatusCode": 200,
      "ResponseHeaders": {
        "Cache-Control": "no-cache",
        "client-request-id": "027e7913-ee1b-4a7a-3458-0afab5b0c56c",
        "Content-Length": "739",
        "Content-Type": "application/json; charset=utf-8",
        "Date": "Fri, 20 Oct 2023 12:25:39 GMT",
        "elapsed-time": "316",
        "ETag": "W/\u0022datetime\u00272023-10-20T12%3A06%3A11.1986281Z\u0027\u0022",
        "Expires": "-1",
        "Pragma": "no-cache",
        "request-id": "027e7913-ee1b-4a7a-3458-0afab5b0c56c",
        "Strict-Transport-Security": "max-age=31536000; includeSubDomains",
        "Vary": "Accept-Encoding",
        "X-Content-Type-Options": "nosniff",
        "x-ms-client-request-id": "027e7913-ee1b-4a7a-3458-0afab5b0c56c",
        "x-ms-correlation-request-id": "4ca59e46-a022-44a6-821a-4c1aede2ee00",
        "x-ms-ratelimit-remaining-subscription-reads": "11842",
        "x-ms-request-id": "027e7913-ee1b-4a7a-3458-0afab5b0c56c",
        "x-ms-routing-request-id": "EASTUS2EUAP:20231020T122540Z:4ca59e46-a022-44a6-821a-4c1aede2ee00"
      },
      "ResponseBody": {
        "id": "/subscriptions/c4a547de-4411-4447-964d-1edbc72cf116/resourceGroups/sdk-test6756/providers/Microsoft.Search/searchServices/search3252",
        "name": "search3252",
        "type": "Microsoft.Search/searchServices",
        "location": "East US 2 EUAP",
        "tags": {},
        "properties": {
          "replicaCount": 3,
          "partitionCount": 1,
          "status": "provisioning",
          "statusDetails": "",
          "provisioningState": "provisioning",
          "hostingMode": "default",
          "publicNetworkAccess": "Enabled",
          "networkRuleSet": {
            "ipRules": [],
            "bypass": "None"
          },
          "privateEndpointConnections": [],
          "sharedPrivateLinkResources": [],
          "encryptionWithCmk": {
            "enforcement": "Unspecified",
            "encryptionComplianceStatus": "Compliant"
          },
          "disableLocalAuth": false,
          "authOptions": {
            "apiKeyOnly": {}
          },
          "semanticSearch": "disabled"
        },
        "sku": {
          "name": "standard"
        }
      }
    },
    {
      "RequestUri": "https://eastus2euap.management.azure.com/subscriptions/c4a547de-4411-4447-964d-1edbc72cf116/resourceGroups/sdk-test6756/providers/Microsoft.Search/searchServices/search3252?api-version=2023-11-01",
      "RequestMethod": "GET",
      "RequestHeaders": {
        "Authorization": "Sanitized",
        "traceparent": "00-a6ca8a55b65c866ded4b3a5a27e6ae0d-3a1d8545d919a017-00",
        "User-Agent": "azsdk-net-ResourceManager/1.7.0 (.NET 6.0.23; Microsoft Windows 10.0.22621)",
        "x-ms-client-request-id": "1f90766614bee563958cc57738c04e87",
        "x-ms-return-client-request-id": "true"
      },
      "RequestBody": null,
      "StatusCode": 200,
      "ResponseHeaders": {
        "Cache-Control": "no-cache",
        "client-request-id": "1f907666-14be-e563-958c-c57738c04e87",
        "Content-Length": "739",
        "Content-Type": "application/json; charset=utf-8",
        "Date": "Fri, 20 Oct 2023 12:26:12 GMT",
        "elapsed-time": "185",
        "ETag": "W/\u0022datetime\u00272023-10-20T12%3A06%3A11.1986281Z\u0027\u0022",
        "Expires": "-1",
        "Pragma": "no-cache",
        "request-id": "1f907666-14be-e563-958c-c57738c04e87",
        "Strict-Transport-Security": "max-age=31536000; includeSubDomains",
        "Vary": "Accept-Encoding",
        "X-Content-Type-Options": "nosniff",
        "x-ms-client-request-id": "1f907666-14be-e563-958c-c57738c04e87",
        "x-ms-correlation-request-id": "001ed12d-032f-43ec-aee6-ff27d78f878d",
        "x-ms-ratelimit-remaining-subscription-reads": "11841",
        "x-ms-request-id": "1f907666-14be-e563-958c-c57738c04e87",
        "x-ms-routing-request-id": "EASTUS2EUAP:20231020T122612Z:001ed12d-032f-43ec-aee6-ff27d78f878d"
      },
      "ResponseBody": {
        "id": "/subscriptions/c4a547de-4411-4447-964d-1edbc72cf116/resourceGroups/sdk-test6756/providers/Microsoft.Search/searchServices/search3252",
        "name": "search3252",
        "type": "Microsoft.Search/searchServices",
        "location": "East US 2 EUAP",
        "tags": {},
        "properties": {
          "replicaCount": 3,
          "partitionCount": 1,
          "status": "provisioning",
          "statusDetails": "",
          "provisioningState": "provisioning",
          "hostingMode": "default",
          "publicNetworkAccess": "Enabled",
          "networkRuleSet": {
            "ipRules": [],
            "bypass": "None"
          },
          "privateEndpointConnections": [],
          "sharedPrivateLinkResources": [],
          "encryptionWithCmk": {
            "enforcement": "Unspecified",
            "encryptionComplianceStatus": "Compliant"
          },
          "disableLocalAuth": false,
          "authOptions": {
            "apiKeyOnly": {}
          },
          "semanticSearch": "disabled"
        },
        "sku": {
          "name": "standard"
        }
      }
    },
    {
      "RequestUri": "https://eastus2euap.management.azure.com/subscriptions/c4a547de-4411-4447-964d-1edbc72cf116/resourceGroups/sdk-test6756/providers/Microsoft.Search/searchServices/search3252?api-version=2023-11-01",
      "RequestMethod": "GET",
      "RequestHeaders": {
        "Authorization": "Sanitized",
        "traceparent": "00-a6ca8a55b65c866ded4b3a5a27e6ae0d-ae5feeb462c507a9-00",
        "User-Agent": "azsdk-net-ResourceManager/1.7.0 (.NET 6.0.23; Microsoft Windows 10.0.22621)",
        "x-ms-client-request-id": "ce92c29ffad250268fa86d38a9f3faf1",
        "x-ms-return-client-request-id": "true"
      },
      "RequestBody": null,
      "StatusCode": 200,
      "ResponseHeaders": {
        "Cache-Control": "no-cache",
        "client-request-id": "ce92c29f-fad2-5026-8fa8-6d38a9f3faf1",
        "Content-Length": "739",
        "Content-Type": "application/json; charset=utf-8",
        "Date": "Fri, 20 Oct 2023 12:26:44 GMT",
        "elapsed-time": "209",
        "ETag": "W/\u0022datetime\u00272023-10-20T12%3A06%3A11.1986281Z\u0027\u0022",
        "Expires": "-1",
        "Pragma": "no-cache",
        "request-id": "ce92c29f-fad2-5026-8fa8-6d38a9f3faf1",
        "Strict-Transport-Security": "max-age=31536000; includeSubDomains",
        "Vary": "Accept-Encoding",
        "X-Content-Type-Options": "nosniff",
        "x-ms-client-request-id": "ce92c29f-fad2-5026-8fa8-6d38a9f3faf1",
        "x-ms-correlation-request-id": "0c1ef8f6-2684-4d06-91a9-5d16b7158312",
        "x-ms-ratelimit-remaining-subscription-reads": "11840",
        "x-ms-request-id": "ce92c29f-fad2-5026-8fa8-6d38a9f3faf1",
        "x-ms-routing-request-id": "EASTUS2EUAP:20231020T122644Z:0c1ef8f6-2684-4d06-91a9-5d16b7158312"
      },
      "ResponseBody": {
        "id": "/subscriptions/c4a547de-4411-4447-964d-1edbc72cf116/resourceGroups/sdk-test6756/providers/Microsoft.Search/searchServices/search3252",
        "name": "search3252",
        "type": "Microsoft.Search/searchServices",
        "location": "East US 2 EUAP",
        "tags": {},
        "properties": {
          "replicaCount": 3,
          "partitionCount": 1,
          "status": "provisioning",
          "statusDetails": "",
          "provisioningState": "provisioning",
          "hostingMode": "default",
          "publicNetworkAccess": "Enabled",
          "networkRuleSet": {
            "ipRules": [],
            "bypass": "None"
          },
          "privateEndpointConnections": [],
          "sharedPrivateLinkResources": [],
          "encryptionWithCmk": {
            "enforcement": "Unspecified",
            "encryptionComplianceStatus": "Compliant"
          },
          "disableLocalAuth": false,
          "authOptions": {
            "apiKeyOnly": {}
          },
          "semanticSearch": "disabled"
        },
        "sku": {
          "name": "standard"
        }
      }
    },
    {
      "RequestUri": "https://eastus2euap.management.azure.com/subscriptions/c4a547de-4411-4447-964d-1edbc72cf116/resourceGroups/sdk-test6756/providers/Microsoft.Search/searchServices/search3252?api-version=2023-11-01",
      "RequestMethod": "GET",
      "RequestHeaders": {
        "Authorization": "Sanitized",
        "traceparent": "00-a6ca8a55b65c866ded4b3a5a27e6ae0d-8ed441a163841f4d-00",
        "User-Agent": "azsdk-net-ResourceManager/1.7.0 (.NET 6.0.23; Microsoft Windows 10.0.22621)",
        "x-ms-client-request-id": "57f38644681efef816996d8f28031174",
        "x-ms-return-client-request-id": "true"
      },
      "RequestBody": null,
      "StatusCode": 200,
      "ResponseHeaders": {
        "Cache-Control": "no-cache",
        "client-request-id": "57f38644-681e-fef8-1699-6d8f28031174",
        "Content-Length": "739",
        "Content-Type": "application/json; charset=utf-8",
        "Date": "Fri, 20 Oct 2023 12:27:16 GMT",
        "elapsed-time": "256",
        "ETag": "W/\u0022datetime\u00272023-10-20T12%3A06%3A11.1986281Z\u0027\u0022",
        "Expires": "-1",
        "Pragma": "no-cache",
        "request-id": "57f38644-681e-fef8-1699-6d8f28031174",
        "Strict-Transport-Security": "max-age=31536000; includeSubDomains",
        "Vary": "Accept-Encoding",
        "X-Content-Type-Options": "nosniff",
        "x-ms-client-request-id": "57f38644-681e-fef8-1699-6d8f28031174",
        "x-ms-correlation-request-id": "b26f07b6-67e6-40c2-8453-38ec309a742d",
        "x-ms-ratelimit-remaining-subscription-reads": "11839",
        "x-ms-request-id": "57f38644-681e-fef8-1699-6d8f28031174",
        "x-ms-routing-request-id": "EASTUS2EUAP:20231020T122716Z:b26f07b6-67e6-40c2-8453-38ec309a742d"
      },
      "ResponseBody": {
        "id": "/subscriptions/c4a547de-4411-4447-964d-1edbc72cf116/resourceGroups/sdk-test6756/providers/Microsoft.Search/searchServices/search3252",
        "name": "search3252",
        "type": "Microsoft.Search/searchServices",
        "location": "East US 2 EUAP",
        "tags": {},
        "properties": {
          "replicaCount": 3,
          "partitionCount": 1,
          "status": "provisioning",
          "statusDetails": "",
          "provisioningState": "provisioning",
          "hostingMode": "default",
          "publicNetworkAccess": "Enabled",
          "networkRuleSet": {
            "ipRules": [],
            "bypass": "None"
          },
          "privateEndpointConnections": [],
          "sharedPrivateLinkResources": [],
          "encryptionWithCmk": {
            "enforcement": "Unspecified",
            "encryptionComplianceStatus": "Compliant"
          },
          "disableLocalAuth": false,
          "authOptions": {
            "apiKeyOnly": {}
          },
          "semanticSearch": "disabled"
        },
        "sku": {
          "name": "standard"
        }
      }
    },
    {
      "RequestUri": "https://eastus2euap.management.azure.com/subscriptions/c4a547de-4411-4447-964d-1edbc72cf116/resourceGroups/sdk-test6756/providers/Microsoft.Search/searchServices/search3252?api-version=2023-11-01",
      "RequestMethod": "GET",
      "RequestHeaders": {
        "Authorization": "Sanitized",
        "traceparent": "00-a6ca8a55b65c866ded4b3a5a27e6ae0d-2004ad38bfa03a98-00",
        "User-Agent": "azsdk-net-ResourceManager/1.7.0 (.NET 6.0.23; Microsoft Windows 10.0.22621)",
        "x-ms-client-request-id": "f35b8209f71e6c99503f9016a62a3ca1",
        "x-ms-return-client-request-id": "true"
      },
      "RequestBody": null,
      "StatusCode": 200,
      "ResponseHeaders": {
        "Cache-Control": "no-cache",
        "client-request-id": "f35b8209-f71e-6c99-503f-9016a62a3ca1",
        "Content-Length": "739",
        "Content-Type": "application/json; charset=utf-8",
        "Date": "Fri, 20 Oct 2023 12:27:49 GMT",
        "elapsed-time": "281",
        "ETag": "W/\u0022datetime\u00272023-10-20T12%3A06%3A11.1986281Z\u0027\u0022",
        "Expires": "-1",
        "Pragma": "no-cache",
        "request-id": "f35b8209-f71e-6c99-503f-9016a62a3ca1",
        "Strict-Transport-Security": "max-age=31536000; includeSubDomains",
        "Vary": "Accept-Encoding",
        "X-Content-Type-Options": "nosniff",
        "x-ms-client-request-id": "f35b8209-f71e-6c99-503f-9016a62a3ca1",
        "x-ms-correlation-request-id": "baf4d873-36a6-455a-9617-b75b32add711",
        "x-ms-ratelimit-remaining-subscription-reads": "11838",
        "x-ms-request-id": "f35b8209-f71e-6c99-503f-9016a62a3ca1",
        "x-ms-routing-request-id": "EASTUS2EUAP:20231020T122749Z:baf4d873-36a6-455a-9617-b75b32add711"
      },
      "ResponseBody": {
        "id": "/subscriptions/c4a547de-4411-4447-964d-1edbc72cf116/resourceGroups/sdk-test6756/providers/Microsoft.Search/searchServices/search3252",
        "name": "search3252",
        "type": "Microsoft.Search/searchServices",
        "location": "East US 2 EUAP",
        "tags": {},
        "properties": {
          "replicaCount": 3,
          "partitionCount": 1,
          "status": "provisioning",
          "statusDetails": "",
          "provisioningState": "provisioning",
          "hostingMode": "default",
          "publicNetworkAccess": "Enabled",
          "networkRuleSet": {
            "ipRules": [],
            "bypass": "None"
          },
          "privateEndpointConnections": [],
          "sharedPrivateLinkResources": [],
          "encryptionWithCmk": {
            "enforcement": "Unspecified",
            "encryptionComplianceStatus": "Compliant"
          },
          "disableLocalAuth": false,
          "authOptions": {
            "apiKeyOnly": {}
          },
          "semanticSearch": "disabled"
        },
        "sku": {
          "name": "standard"
        }
      }
    },
    {
      "RequestUri": "https://eastus2euap.management.azure.com/subscriptions/c4a547de-4411-4447-964d-1edbc72cf116/resourceGroups/sdk-test6756/providers/Microsoft.Search/searchServices/search3252?api-version=2023-11-01",
      "RequestMethod": "GET",
      "RequestHeaders": {
        "Authorization": "Sanitized",
        "traceparent": "00-a6ca8a55b65c866ded4b3a5a27e6ae0d-45916ec965475b5d-00",
        "User-Agent": "azsdk-net-ResourceManager/1.7.0 (.NET 6.0.23; Microsoft Windows 10.0.22621)",
        "x-ms-client-request-id": "b133d391f6cc3669c993b7398c97288c",
        "x-ms-return-client-request-id": "true"
      },
      "RequestBody": null,
      "StatusCode": 200,
      "ResponseHeaders": {
        "Cache-Control": "no-cache",
        "client-request-id": "b133d391-f6cc-3669-c993-b7398c97288c",
        "Content-Length": "739",
        "Content-Type": "application/json; charset=utf-8",
        "Date": "Fri, 20 Oct 2023 12:28:20 GMT",
        "elapsed-time": "255",
        "ETag": "W/\u0022datetime\u00272023-10-20T12%3A06%3A11.1986281Z\u0027\u0022",
        "Expires": "-1",
        "Pragma": "no-cache",
        "request-id": "b133d391-f6cc-3669-c993-b7398c97288c",
        "Strict-Transport-Security": "max-age=31536000; includeSubDomains",
        "Vary": "Accept-Encoding",
        "X-Content-Type-Options": "nosniff",
        "x-ms-client-request-id": "b133d391-f6cc-3669-c993-b7398c97288c",
        "x-ms-correlation-request-id": "599c1d5a-fd85-4b98-b785-ec0a37bb792d",
        "x-ms-ratelimit-remaining-subscription-reads": "11837",
        "x-ms-request-id": "b133d391-f6cc-3669-c993-b7398c97288c",
        "x-ms-routing-request-id": "EASTUS2EUAP:20231020T122821Z:599c1d5a-fd85-4b98-b785-ec0a37bb792d"
      },
      "ResponseBody": {
        "id": "/subscriptions/c4a547de-4411-4447-964d-1edbc72cf116/resourceGroups/sdk-test6756/providers/Microsoft.Search/searchServices/search3252",
        "name": "search3252",
        "type": "Microsoft.Search/searchServices",
        "location": "East US 2 EUAP",
        "tags": {},
        "properties": {
          "replicaCount": 3,
          "partitionCount": 1,
          "status": "provisioning",
          "statusDetails": "",
          "provisioningState": "provisioning",
          "hostingMode": "default",
          "publicNetworkAccess": "Enabled",
          "networkRuleSet": {
            "ipRules": [],
            "bypass": "None"
          },
          "privateEndpointConnections": [],
          "sharedPrivateLinkResources": [],
          "encryptionWithCmk": {
            "enforcement": "Unspecified",
            "encryptionComplianceStatus": "Compliant"
          },
          "disableLocalAuth": false,
          "authOptions": {
            "apiKeyOnly": {}
          },
          "semanticSearch": "disabled"
        },
        "sku": {
          "name": "standard"
        }
      }
    },
    {
      "RequestUri": "https://eastus2euap.management.azure.com/subscriptions/c4a547de-4411-4447-964d-1edbc72cf116/resourceGroups/sdk-test6756/providers/Microsoft.Search/searchServices/search3252?api-version=2023-11-01",
      "RequestMethod": "GET",
      "RequestHeaders": {
        "Authorization": "Sanitized",
        "traceparent": "00-a6ca8a55b65c866ded4b3a5a27e6ae0d-e100ed8b27c07b9e-00",
        "User-Agent": "azsdk-net-ResourceManager/1.7.0 (.NET 6.0.23; Microsoft Windows 10.0.22621)",
        "x-ms-client-request-id": "262ef99606984cd3ec8707dfd8e258eb",
        "x-ms-return-client-request-id": "true"
      },
      "RequestBody": null,
      "StatusCode": 200,
      "ResponseHeaders": {
        "Cache-Control": "no-cache",
        "client-request-id": "262ef996-0698-4cd3-ec87-07dfd8e258eb",
        "Content-Length": "739",
        "Content-Type": "application/json; charset=utf-8",
        "Date": "Fri, 20 Oct 2023 12:28:53 GMT",
        "elapsed-time": "177",
        "ETag": "W/\u0022datetime\u00272023-10-20T12%3A06%3A11.1986281Z\u0027\u0022",
        "Expires": "-1",
        "Pragma": "no-cache",
        "request-id": "262ef996-0698-4cd3-ec87-07dfd8e258eb",
        "Strict-Transport-Security": "max-age=31536000; includeSubDomains",
        "Vary": "Accept-Encoding",
        "X-Content-Type-Options": "nosniff",
        "x-ms-client-request-id": "262ef996-0698-4cd3-ec87-07dfd8e258eb",
        "x-ms-correlation-request-id": "e5a11cf1-947f-4628-a0d5-d580c07be2f0",
        "x-ms-ratelimit-remaining-subscription-reads": "11836",
        "x-ms-request-id": "262ef996-0698-4cd3-ec87-07dfd8e258eb",
        "x-ms-routing-request-id": "EASTUS2EUAP:20231020T122853Z:e5a11cf1-947f-4628-a0d5-d580c07be2f0"
      },
      "ResponseBody": {
        "id": "/subscriptions/c4a547de-4411-4447-964d-1edbc72cf116/resourceGroups/sdk-test6756/providers/Microsoft.Search/searchServices/search3252",
        "name": "search3252",
        "type": "Microsoft.Search/searchServices",
        "location": "East US 2 EUAP",
        "tags": {},
        "properties": {
          "replicaCount": 3,
          "partitionCount": 1,
          "status": "provisioning",
          "statusDetails": "",
          "provisioningState": "provisioning",
          "hostingMode": "default",
          "publicNetworkAccess": "Enabled",
          "networkRuleSet": {
            "ipRules": [],
            "bypass": "None"
          },
          "privateEndpointConnections": [],
          "sharedPrivateLinkResources": [],
          "encryptionWithCmk": {
            "enforcement": "Unspecified",
            "encryptionComplianceStatus": "Compliant"
          },
          "disableLocalAuth": false,
          "authOptions": {
            "apiKeyOnly": {}
          },
          "semanticSearch": "disabled"
        },
        "sku": {
          "name": "standard"
        }
      }
    },
    {
      "RequestUri": "https://eastus2euap.management.azure.com/subscriptions/c4a547de-4411-4447-964d-1edbc72cf116/resourceGroups/sdk-test6756/providers/Microsoft.Search/searchServices/search3252?api-version=2023-11-01",
      "RequestMethod": "GET",
      "RequestHeaders": {
        "Authorization": "Sanitized",
        "traceparent": "00-a6ca8a55b65c866ded4b3a5a27e6ae0d-89198a1f039f0fb7-00",
        "User-Agent": "azsdk-net-ResourceManager/1.7.0 (.NET 6.0.23; Microsoft Windows 10.0.22621)",
        "x-ms-client-request-id": "54fdcb5c60cf12a719242a8a3f5fdfb8",
        "x-ms-return-client-request-id": "true"
      },
      "RequestBody": null,
      "StatusCode": 200,
      "ResponseHeaders": {
        "Cache-Control": "no-cache",
        "client-request-id": "54fdcb5c-60cf-12a7-1924-2a8a3f5fdfb8",
        "Content-Length": "739",
        "Content-Type": "application/json; charset=utf-8",
        "Date": "Fri, 20 Oct 2023 12:29:25 GMT",
        "elapsed-time": "228",
        "ETag": "W/\u0022datetime\u00272023-10-20T12%3A06%3A11.1986281Z\u0027\u0022",
        "Expires": "-1",
        "Pragma": "no-cache",
        "request-id": "54fdcb5c-60cf-12a7-1924-2a8a3f5fdfb8",
        "Strict-Transport-Security": "max-age=31536000; includeSubDomains",
        "Vary": "Accept-Encoding",
        "X-Content-Type-Options": "nosniff",
        "x-ms-client-request-id": "54fdcb5c-60cf-12a7-1924-2a8a3f5fdfb8",
        "x-ms-correlation-request-id": "6c5d5b98-8d97-4db1-b132-8533f89a8a94",
        "x-ms-ratelimit-remaining-subscription-reads": "11835",
        "x-ms-request-id": "54fdcb5c-60cf-12a7-1924-2a8a3f5fdfb8",
        "x-ms-routing-request-id": "EASTUS2EUAP:20231020T122926Z:6c5d5b98-8d97-4db1-b132-8533f89a8a94"
      },
      "ResponseBody": {
        "id": "/subscriptions/c4a547de-4411-4447-964d-1edbc72cf116/resourceGroups/sdk-test6756/providers/Microsoft.Search/searchServices/search3252",
        "name": "search3252",
        "type": "Microsoft.Search/searchServices",
        "location": "East US 2 EUAP",
        "tags": {},
        "properties": {
          "replicaCount": 3,
          "partitionCount": 1,
          "status": "provisioning",
          "statusDetails": "",
          "provisioningState": "provisioning",
          "hostingMode": "default",
          "publicNetworkAccess": "Enabled",
          "networkRuleSet": {
            "ipRules": [],
            "bypass": "None"
          },
          "privateEndpointConnections": [],
          "sharedPrivateLinkResources": [],
          "encryptionWithCmk": {
            "enforcement": "Unspecified",
            "encryptionComplianceStatus": "Compliant"
          },
          "disableLocalAuth": false,
          "authOptions": {
            "apiKeyOnly": {}
          },
          "semanticSearch": "disabled"
        },
        "sku": {
          "name": "standard"
        }
      }
    },
    {
      "RequestUri": "https://eastus2euap.management.azure.com/subscriptions/c4a547de-4411-4447-964d-1edbc72cf116/resourceGroups/sdk-test6756/providers/Microsoft.Search/searchServices/search3252?api-version=2023-11-01",
      "RequestMethod": "GET",
      "RequestHeaders": {
        "Authorization": "Sanitized",
        "traceparent": "00-a6ca8a55b65c866ded4b3a5a27e6ae0d-8410e5c67d321894-00",
        "User-Agent": "azsdk-net-ResourceManager/1.7.0 (.NET 6.0.23; Microsoft Windows 10.0.22621)",
        "x-ms-client-request-id": "ad7f041715fb8a0900e7c445ef8a5de7",
        "x-ms-return-client-request-id": "true"
      },
      "RequestBody": null,
      "StatusCode": 200,
      "ResponseHeaders": {
        "Cache-Control": "no-cache",
        "client-request-id": "ad7f0417-15fb-8a09-00e7-c445ef8a5de7",
        "Content-Length": "739",
        "Content-Type": "application/json; charset=utf-8",
        "Date": "Fri, 20 Oct 2023 12:29:58 GMT",
        "elapsed-time": "218",
        "ETag": "W/\u0022datetime\u00272023-10-20T12%3A06%3A11.1986281Z\u0027\u0022",
        "Expires": "-1",
        "Pragma": "no-cache",
        "request-id": "ad7f0417-15fb-8a09-00e7-c445ef8a5de7",
        "Strict-Transport-Security": "max-age=31536000; includeSubDomains",
        "Vary": "Accept-Encoding",
        "X-Content-Type-Options": "nosniff",
        "x-ms-client-request-id": "ad7f0417-15fb-8a09-00e7-c445ef8a5de7",
        "x-ms-correlation-request-id": "74531b3d-ec39-4ffa-9a13-29ff913bdb79",
        "x-ms-ratelimit-remaining-subscription-reads": "11834",
        "x-ms-request-id": "ad7f0417-15fb-8a09-00e7-c445ef8a5de7",
        "x-ms-routing-request-id": "EASTUS2EUAP:20231020T122958Z:74531b3d-ec39-4ffa-9a13-29ff913bdb79"
      },
      "ResponseBody": {
        "id": "/subscriptions/c4a547de-4411-4447-964d-1edbc72cf116/resourceGroups/sdk-test6756/providers/Microsoft.Search/searchServices/search3252",
        "name": "search3252",
        "type": "Microsoft.Search/searchServices",
        "location": "East US 2 EUAP",
        "tags": {},
        "properties": {
          "replicaCount": 3,
          "partitionCount": 1,
          "status": "provisioning",
          "statusDetails": "",
          "provisioningState": "provisioning",
          "hostingMode": "default",
          "publicNetworkAccess": "Enabled",
          "networkRuleSet": {
            "ipRules": [],
            "bypass": "None"
          },
          "privateEndpointConnections": [],
          "sharedPrivateLinkResources": [],
          "encryptionWithCmk": {
            "enforcement": "Unspecified",
            "encryptionComplianceStatus": "Compliant"
          },
          "disableLocalAuth": false,
          "authOptions": {
            "apiKeyOnly": {}
          },
          "semanticSearch": "disabled"
        },
        "sku": {
          "name": "standard"
        }
      }
    },
    {
      "RequestUri": "https://eastus2euap.management.azure.com/subscriptions/c4a547de-4411-4447-964d-1edbc72cf116/resourceGroups/sdk-test6756/providers/Microsoft.Search/searchServices/search3252?api-version=2023-11-01",
      "RequestMethod": "GET",
      "RequestHeaders": {
        "Authorization": "Sanitized",
        "traceparent": "00-a6ca8a55b65c866ded4b3a5a27e6ae0d-d138f1a88f258399-00",
        "User-Agent": "azsdk-net-ResourceManager/1.7.0 (.NET 6.0.23; Microsoft Windows 10.0.22621)",
        "x-ms-client-request-id": "c1dccc3bd39936bc511b0c73dc480c8d",
        "x-ms-return-client-request-id": "true"
      },
      "RequestBody": null,
      "StatusCode": 200,
      "ResponseHeaders": {
        "Cache-Control": "no-cache",
        "client-request-id": "c1dccc3b-d399-36bc-511b-0c73dc480c8d",
        "Content-Length": "739",
        "Content-Type": "application/json; charset=utf-8",
        "Date": "Fri, 20 Oct 2023 12:30:30 GMT",
        "elapsed-time": "291",
        "ETag": "W/\u0022datetime\u00272023-10-20T12%3A06%3A11.1986281Z\u0027\u0022",
        "Expires": "-1",
        "Pragma": "no-cache",
        "request-id": "c1dccc3b-d399-36bc-511b-0c73dc480c8d",
        "Strict-Transport-Security": "max-age=31536000; includeSubDomains",
        "Vary": "Accept-Encoding",
        "X-Content-Type-Options": "nosniff",
        "x-ms-client-request-id": "c1dccc3b-d399-36bc-511b-0c73dc480c8d",
        "x-ms-correlation-request-id": "6e7647d2-8246-4dd7-ad94-7e787ebe302a",
        "x-ms-ratelimit-remaining-subscription-reads": "11842",
        "x-ms-request-id": "c1dccc3b-d399-36bc-511b-0c73dc480c8d",
        "x-ms-routing-request-id": "EASTUS2EUAP:20231020T123031Z:6e7647d2-8246-4dd7-ad94-7e787ebe302a"
      },
      "ResponseBody": {
        "id": "/subscriptions/c4a547de-4411-4447-964d-1edbc72cf116/resourceGroups/sdk-test6756/providers/Microsoft.Search/searchServices/search3252",
        "name": "search3252",
        "type": "Microsoft.Search/searchServices",
        "location": "East US 2 EUAP",
        "tags": {},
        "properties": {
          "replicaCount": 3,
          "partitionCount": 1,
          "status": "provisioning",
          "statusDetails": "",
          "provisioningState": "provisioning",
          "hostingMode": "default",
          "publicNetworkAccess": "Enabled",
          "networkRuleSet": {
            "ipRules": [],
            "bypass": "None"
          },
          "privateEndpointConnections": [],
          "sharedPrivateLinkResources": [],
          "encryptionWithCmk": {
            "enforcement": "Unspecified",
            "encryptionComplianceStatus": "Compliant"
          },
          "disableLocalAuth": false,
          "authOptions": {
            "apiKeyOnly": {}
          },
          "semanticSearch": "disabled"
        },
        "sku": {
          "name": "standard"
        }
      }
    },
    {
      "RequestUri": "https://eastus2euap.management.azure.com/subscriptions/c4a547de-4411-4447-964d-1edbc72cf116/resourceGroups/sdk-test6756/providers/Microsoft.Search/searchServices/search3252?api-version=2023-11-01",
      "RequestMethod": "GET",
      "RequestHeaders": {
        "Authorization": "Sanitized",
        "traceparent": "00-a6ca8a55b65c866ded4b3a5a27e6ae0d-2e4f96580abccf09-00",
        "User-Agent": "azsdk-net-ResourceManager/1.7.0 (.NET 6.0.23; Microsoft Windows 10.0.22621)",
        "x-ms-client-request-id": "d4c74ea7aa6247efc27354e89b62238f",
        "x-ms-return-client-request-id": "true"
      },
      "RequestBody": null,
      "StatusCode": 200,
      "ResponseHeaders": {
        "Cache-Control": "no-cache",
        "client-request-id": "d4c74ea7-aa62-47ef-c273-54e89b62238f",
        "Content-Length": "739",
        "Content-Type": "application/json; charset=utf-8",
        "Date": "Fri, 20 Oct 2023 12:31:02 GMT",
        "elapsed-time": "239",
        "ETag": "W/\u0022datetime\u00272023-10-20T12%3A06%3A11.1986281Z\u0027\u0022",
        "Expires": "-1",
        "Pragma": "no-cache",
        "request-id": "d4c74ea7-aa62-47ef-c273-54e89b62238f",
        "Strict-Transport-Security": "max-age=31536000; includeSubDomains",
        "Vary": "Accept-Encoding",
        "X-Content-Type-Options": "nosniff",
        "x-ms-client-request-id": "d4c74ea7-aa62-47ef-c273-54e89b62238f",
        "x-ms-correlation-request-id": "86364634-2768-44be-9795-a565687fd29a",
        "x-ms-ratelimit-remaining-subscription-reads": "11841",
        "x-ms-request-id": "d4c74ea7-aa62-47ef-c273-54e89b62238f",
        "x-ms-routing-request-id": "EASTUS2EUAP:20231020T123103Z:86364634-2768-44be-9795-a565687fd29a"
      },
      "ResponseBody": {
        "id": "/subscriptions/c4a547de-4411-4447-964d-1edbc72cf116/resourceGroups/sdk-test6756/providers/Microsoft.Search/searchServices/search3252",
        "name": "search3252",
        "type": "Microsoft.Search/searchServices",
        "location": "East US 2 EUAP",
        "tags": {},
        "properties": {
          "replicaCount": 3,
          "partitionCount": 1,
          "status": "provisioning",
          "statusDetails": "",
          "provisioningState": "provisioning",
          "hostingMode": "default",
          "publicNetworkAccess": "Enabled",
          "networkRuleSet": {
            "ipRules": [],
            "bypass": "None"
          },
          "privateEndpointConnections": [],
          "sharedPrivateLinkResources": [],
          "encryptionWithCmk": {
            "enforcement": "Unspecified",
            "encryptionComplianceStatus": "Compliant"
          },
          "disableLocalAuth": false,
          "authOptions": {
            "apiKeyOnly": {}
          },
          "semanticSearch": "disabled"
        },
        "sku": {
          "name": "standard"
        }
      }
    },
    {
      "RequestUri": "https://eastus2euap.management.azure.com/subscriptions/c4a547de-4411-4447-964d-1edbc72cf116/resourceGroups/sdk-test6756/providers/Microsoft.Search/searchServices/search3252?api-version=2023-11-01",
      "RequestMethod": "GET",
      "RequestHeaders": {
        "Authorization": "Sanitized",
        "traceparent": "00-a6ca8a55b65c866ded4b3a5a27e6ae0d-11483758d92a2063-00",
        "User-Agent": "azsdk-net-ResourceManager/1.7.0 (.NET 6.0.23; Microsoft Windows 10.0.22621)",
        "x-ms-client-request-id": "734f43c61e83431f47495be00995aeb7",
        "x-ms-return-client-request-id": "true"
      },
      "RequestBody": null,
      "StatusCode": 200,
      "ResponseHeaders": {
        "Cache-Control": "no-cache",
        "client-request-id": "734f43c6-1e83-431f-4749-5be00995aeb7",
        "Content-Length": "739",
        "Content-Type": "application/json; charset=utf-8",
        "Date": "Fri, 20 Oct 2023 12:31:35 GMT",
        "elapsed-time": "221",
        "ETag": "W/\u0022datetime\u00272023-10-20T12%3A06%3A11.1986281Z\u0027\u0022",
        "Expires": "-1",
        "Pragma": "no-cache",
        "request-id": "734f43c6-1e83-431f-4749-5be00995aeb7",
        "Strict-Transport-Security": "max-age=31536000; includeSubDomains",
        "Vary": "Accept-Encoding",
        "X-Content-Type-Options": "nosniff",
        "x-ms-client-request-id": "734f43c6-1e83-431f-4749-5be00995aeb7",
        "x-ms-correlation-request-id": "b42a370d-7698-4fdd-af0d-79e76f1c73e6",
        "x-ms-ratelimit-remaining-subscription-reads": "11840",
        "x-ms-request-id": "734f43c6-1e83-431f-4749-5be00995aeb7",
        "x-ms-routing-request-id": "EASTUS2EUAP:20231020T123135Z:b42a370d-7698-4fdd-af0d-79e76f1c73e6"
      },
      "ResponseBody": {
        "id": "/subscriptions/c4a547de-4411-4447-964d-1edbc72cf116/resourceGroups/sdk-test6756/providers/Microsoft.Search/searchServices/search3252",
        "name": "search3252",
        "type": "Microsoft.Search/searchServices",
        "location": "East US 2 EUAP",
        "tags": {},
        "properties": {
          "replicaCount": 3,
          "partitionCount": 1,
          "status": "provisioning",
          "statusDetails": "",
          "provisioningState": "provisioning",
          "hostingMode": "default",
          "publicNetworkAccess": "Enabled",
          "networkRuleSet": {
            "ipRules": [],
            "bypass": "None"
          },
          "privateEndpointConnections": [],
          "sharedPrivateLinkResources": [],
          "encryptionWithCmk": {
            "enforcement": "Unspecified",
            "encryptionComplianceStatus": "Compliant"
          },
          "disableLocalAuth": false,
          "authOptions": {
            "apiKeyOnly": {}
          },
          "semanticSearch": "disabled"
        },
        "sku": {
          "name": "standard"
        }
      }
    },
    {
      "RequestUri": "https://eastus2euap.management.azure.com/subscriptions/c4a547de-4411-4447-964d-1edbc72cf116/resourceGroups/sdk-test6756/providers/Microsoft.Search/searchServices/search3252?api-version=2023-11-01",
      "RequestMethod": "GET",
      "RequestHeaders": {
        "Authorization": "Sanitized",
        "traceparent": "00-a6ca8a55b65c866ded4b3a5a27e6ae0d-c380beb98597cfc2-00",
        "User-Agent": "azsdk-net-ResourceManager/1.7.0 (.NET 6.0.23; Microsoft Windows 10.0.22621)",
        "x-ms-client-request-id": "a19d37da89c29084dd95fe267fd39bef",
        "x-ms-return-client-request-id": "true"
      },
      "RequestBody": null,
      "StatusCode": 200,
      "ResponseHeaders": {
        "Cache-Control": "no-cache",
        "client-request-id": "a19d37da-89c2-9084-dd95-fe267fd39bef",
        "Content-Length": "739",
        "Content-Type": "application/json; charset=utf-8",
        "Date": "Fri, 20 Oct 2023 12:32:07 GMT",
        "elapsed-time": "198",
        "ETag": "W/\u0022datetime\u00272023-10-20T12%3A06%3A11.1986281Z\u0027\u0022",
        "Expires": "-1",
        "Pragma": "no-cache",
        "request-id": "a19d37da-89c2-9084-dd95-fe267fd39bef",
        "Strict-Transport-Security": "max-age=31536000; includeSubDomains",
        "Vary": "Accept-Encoding",
        "X-Content-Type-Options": "nosniff",
        "x-ms-client-request-id": "a19d37da-89c2-9084-dd95-fe267fd39bef",
        "x-ms-correlation-request-id": "3f084ef2-2a9e-48f1-bd6b-13190724abdc",
        "x-ms-ratelimit-remaining-subscription-reads": "11839",
        "x-ms-request-id": "a19d37da-89c2-9084-dd95-fe267fd39bef",
        "x-ms-routing-request-id": "EASTUS2EUAP:20231020T123208Z:3f084ef2-2a9e-48f1-bd6b-13190724abdc"
      },
      "ResponseBody": {
        "id": "/subscriptions/c4a547de-4411-4447-964d-1edbc72cf116/resourceGroups/sdk-test6756/providers/Microsoft.Search/searchServices/search3252",
        "name": "search3252",
        "type": "Microsoft.Search/searchServices",
        "location": "East US 2 EUAP",
        "tags": {},
        "properties": {
          "replicaCount": 3,
          "partitionCount": 1,
          "status": "provisioning",
          "statusDetails": "",
          "provisioningState": "provisioning",
          "hostingMode": "default",
          "publicNetworkAccess": "Enabled",
          "networkRuleSet": {
            "ipRules": [],
            "bypass": "None"
          },
          "privateEndpointConnections": [],
          "sharedPrivateLinkResources": [],
          "encryptionWithCmk": {
            "enforcement": "Unspecified",
            "encryptionComplianceStatus": "Compliant"
          },
          "disableLocalAuth": false,
          "authOptions": {
            "apiKeyOnly": {}
          },
          "semanticSearch": "disabled"
        },
        "sku": {
          "name": "standard"
        }
      }
    },
    {
      "RequestUri": "https://eastus2euap.management.azure.com/subscriptions/c4a547de-4411-4447-964d-1edbc72cf116/resourceGroups/sdk-test6756/providers/Microsoft.Search/searchServices/search3252?api-version=2023-11-01",
      "RequestMethod": "GET",
      "RequestHeaders": {
        "Authorization": "Sanitized",
        "traceparent": "00-a6ca8a55b65c866ded4b3a5a27e6ae0d-6d51b00defb01df3-00",
        "User-Agent": "azsdk-net-ResourceManager/1.7.0 (.NET 6.0.23; Microsoft Windows 10.0.22621)",
        "x-ms-client-request-id": "98ac7df899f989092f848c194f0f3e2d",
        "x-ms-return-client-request-id": "true"
      },
      "RequestBody": null,
      "StatusCode": 200,
      "ResponseHeaders": {
        "Cache-Control": "no-cache",
        "client-request-id": "98ac7df8-99f9-8909-2f84-8c194f0f3e2d",
        "Content-Length": "731",
        "Content-Type": "application/json; charset=utf-8",
        "Date": "Fri, 20 Oct 2023 12:32:40 GMT",
        "elapsed-time": "329",
        "ETag": "W/\u0022datetime\u00272023-10-20T12%3A06%3A11.1986281Z\u0027\u0022",
        "Expires": "-1",
        "Pragma": "no-cache",
        "request-id": "98ac7df8-99f9-8909-2f84-8c194f0f3e2d",
        "Strict-Transport-Security": "max-age=31536000; includeSubDomains",
        "Vary": "Accept-Encoding",
        "X-Content-Type-Options": "nosniff",
        "x-ms-client-request-id": "98ac7df8-99f9-8909-2f84-8c194f0f3e2d",
        "x-ms-correlation-request-id": "ecf9aa64-34a6-4138-ad3d-dda5f96a3ce9",
        "x-ms-ratelimit-remaining-subscription-reads": "11838",
        "x-ms-request-id": "98ac7df8-99f9-8909-2f84-8c194f0f3e2d",
        "x-ms-routing-request-id": "EASTUS2EUAP:20231020T123240Z:ecf9aa64-34a6-4138-ad3d-dda5f96a3ce9"
      },
      "ResponseBody": {
        "id": "/subscriptions/c4a547de-4411-4447-964d-1edbc72cf116/resourceGroups/sdk-test6756/providers/Microsoft.Search/searchServices/search3252",
        "name": "search3252",
        "type": "Microsoft.Search/searchServices",
        "location": "East US 2 EUAP",
        "tags": {},
        "properties": {
          "replicaCount": 3,
          "partitionCount": 1,
          "status": "running",
          "statusDetails": "",
          "provisioningState": "succeeded",
          "hostingMode": "default",
          "publicNetworkAccess": "Enabled",
          "networkRuleSet": {
            "ipRules": [],
            "bypass": "None"
          },
          "privateEndpointConnections": [],
          "sharedPrivateLinkResources": [],
          "encryptionWithCmk": {
            "enforcement": "Unspecified",
            "encryptionComplianceStatus": "Compliant"
          },
          "disableLocalAuth": false,
          "authOptions": {
            "apiKeyOnly": {}
          },
          "semanticSearch": "disabled"
        },
        "sku": {
          "name": "standard"
        }
      }
    },
    {
      "RequestUri": "https://eastus2euap.management.azure.com/subscriptions/c4a547de-4411-4447-964d-1edbc72cf116/resourceGroups/sdk-test6756/providers/Microsoft.Search/searchServices/search3252/listAdminKeys?api-version=2023-11-01",
      "RequestMethod": "POST",
      "RequestHeaders": {
        "Accept": "application/json",
        "Authorization": "Sanitized",
        "Content-Length": "0",
        "traceparent": "00-40cbf95e4841f54879998e154d267636-a5fcaf8aae614611-00",
        "User-Agent": "azsdk-net-ResourceManager.Search/1.2.0-alpha.20231019.1 (.NET 6.0.23; Microsoft Windows 10.0.22621)",
        "x-ms-client-request-id": "630e9cc482c43dcdbfbe96ed1ff8c473",
        "x-ms-return-client-request-id": "true"
      },
      "RequestBody": null,
      "StatusCode": 200,
      "ResponseHeaders": {
        "Cache-Control": "no-cache",
        "client-request-id": "630e9cc4-82c4-3dcd-bfbe-96ed1ff8c473",
        "Content-Length": "53",
        "Content-Type": "application/json; charset=utf-8",
        "Date": "Fri, 20 Oct 2023 12:32:40 GMT",
        "elapsed-time": "229",
        "Expires": "-1",
        "Pragma": "no-cache",
        "request-id": "630e9cc4-82c4-3dcd-bfbe-96ed1ff8c473",
        "Strict-Transport-Security": "max-age=31536000; includeSubDomains",
        "Vary": "Accept-Encoding",
        "X-Content-Type-Options": "nosniff",
        "x-ms-client-request-id": "630e9cc4-82c4-3dcd-bfbe-96ed1ff8c473",
        "x-ms-correlation-request-id": "5f4499d3-4e73-4472-927c-a674904120a2",
        "x-ms-ratelimit-remaining-subscription-writes": "1197",
        "x-ms-request-id": "630e9cc4-82c4-3dcd-bfbe-96ed1ff8c473",
        "x-ms-routing-request-id": "EASTUS2EUAP:20231020T123240Z:5f4499d3-4e73-4472-927c-a674904120a2"
      },
      "ResponseBody": {
        "primaryKey": "Sanitized",
        "secondaryKey": "Sanitized"
      }
    }
  ],
  "Variables": {
    "AZURE_AUTHORITY_HOST": "https://login.microsoftonline.com",
    "RandomSeed": "2099588641",
    "RESOURCE_MANAGER_URL": "https://eastus2euap.management.azure.com",
    "SERVICE_MANAGEMENT_URL": "https://management.azure.com",
    "SUBSCRIPTION_ID": "c4a547de-4411-4447-964d-1edbc72cf116"
  }
}
