{
  "Entries": [
    {
      "RequestUri": "https://management.azure.com/subscriptions/c4a547de-4411-4447-964d-1edbc72cf116?api-version=2022-12-01",
      "RequestMethod": "GET",
      "RequestHeaders": {
        "Accept": "application/json",
        "Authorization": "Sanitized",
        "traceparent": "00-612452d8d42bcb08061c3adb7510d55c-fb27b30c21270ce6-00",
        "User-Agent": "azsdk-net-ResourceManager/1.7.0 (.NET 6.0.23; Microsoft Windows 10.0.22621)",
        "x-ms-client-request-id": "065acf2d96a8df617e953aa2d038c9e4",
        "x-ms-return-client-request-id": "true"
      },
      "RequestBody": null,
      "StatusCode": 200,
      "ResponseHeaders": {
        "Cache-Control": "no-cache",
        "Content-Length": "419",
        "Content-Type": "application/json; charset=utf-8",
        "Date": "Tue, 24 Oct 2023 22:02:29 GMT",
        "Expires": "-1",
        "Pragma": "no-cache",
        "Strict-Transport-Security": "max-age=31536000; includeSubDomains",
        "X-Content-Type-Options": "nosniff",
        "x-ms-correlation-request-id": "fd04a246-0ad3-402d-be51-1260c621f2a4",
        "x-ms-ratelimit-remaining-subscription-reads": "11823",
        "x-ms-request-id": "fd04a246-0ad3-402d-be51-1260c621f2a4",
        "x-ms-routing-request-id": "WESTUS2:20231024T220229Z:fd04a246-0ad3-402d-be51-1260c621f2a4"
      },
      "ResponseBody": {
        "id": "/subscriptions/c4a547de-4411-4447-964d-1edbc72cf116",
        "authorizationSource": "RoleBased",
        "managedByTenants": [],
        "subscriptionId": "c4a547de-4411-4447-964d-1edbc72cf116",
        "tenantId": "72f988bf-86f1-41af-91ab-2d7cd011db47",
        "displayName": "Azure Search ARM Test in Production Lab",
        "state": "Enabled",
        "subscriptionPolicies": {
          "locationPlacementId": "Internal_2014-09-01",
          "quotaId": "Internal_2014-09-01",
          "spendingLimit": "Off"
        }
      }
    },
    {
      "RequestUri": "https://management.azure.com/subscriptions/c4a547de-4411-4447-964d-1edbc72cf116/resourcegroups/sdk-test7441?api-version=2022-09-01",
      "RequestMethod": "PUT",
      "RequestHeaders": {
        "Accept": "application/json",
        "Authorization": "Sanitized",
        "Content-Length": "26",
        "Content-Type": "application/json",
        "traceparent": "00-258cbfd99a56b0b83c76da0cb1ce15b2-a86b854f4a554af8-00",
        "User-Agent": "azsdk-net-ResourceManager/1.7.0 (.NET 6.0.23; Microsoft Windows 10.0.22621)",
        "x-ms-client-request-id": "b7065e48690fe97a60c6683657ea01d5",
        "x-ms-return-client-request-id": "true"
      },
      "RequestBody": {
        "location": "eastus2euap"
      },
      "StatusCode": 201,
      "ResponseHeaders": {
        "Cache-Control": "no-cache",
        "Content-Length": "226",
        "Content-Type": "application/json; charset=utf-8",
        "Date": "Tue, 24 Oct 2023 22:02:29 GMT",
        "Expires": "-1",
        "Pragma": "no-cache",
        "Strict-Transport-Security": "max-age=31536000; includeSubDomains",
        "X-Content-Type-Options": "nosniff",
        "x-ms-correlation-request-id": "cece1abf-3682-499e-8832-c1305ff44bfb",
        "x-ms-ratelimit-remaining-subscription-writes": "1175",
        "x-ms-request-id": "cece1abf-3682-499e-8832-c1305ff44bfb",
        "x-ms-routing-request-id": "WESTUS2:20231024T220229Z:cece1abf-3682-499e-8832-c1305ff44bfb"
      },
      "ResponseBody": {
        "id": "/subscriptions/c4a547de-4411-4447-964d-1edbc72cf116/resourceGroups/sdk-test7441",
        "name": "sdk-test7441",
        "type": "Microsoft.Resources/resourceGroups",
        "location": "eastus2euap",
        "properties": {
          "provisioningState": "Succeeded"
        }
      }
    },
    {
      "RequestUri": "https://management.azure.com/subscriptions/c4a547de-4411-4447-964d-1edbc72cf116/resourceGroups/sdk-test7441/providers/Microsoft.Search/searchServices/search6747?api-version=2023-11-01",
      "RequestMethod": "PUT",
      "RequestHeaders": {
        "Accept": "application/json",
        "Authorization": "Sanitized",
        "Content-Length": "137",
        "Content-Type": "application/json",
        "traceparent": "00-395b46bfcdd908afb9cacd048f3cffde-cb0ae4b941a5a072-00",
        "User-Agent": "azsdk-net-ResourceManager.Search/1.2.0-alpha.20231023.1 (.NET 6.0.23; Microsoft Windows 10.0.22621)",
        "x-ms-client-request-id": "b9e41ab2daef2e104cbe36cb2ce8622c",
        "x-ms-return-client-request-id": "true"
      },
      "RequestBody": {
        "sku": {
          "name": "standard"
        },
        "tags": {},
        "location": "eastus2euap",
        "properties": {
          "replicaCount": 1,
          "partitionCount": 1,
          "hostingMode": "default"
        }
      },
      "StatusCode": 201,
      "ResponseHeaders": {
        "Cache-Control": "no-cache",
        "client-request-id": "b9e41ab2-daef-2e10-4cbe-36cb2ce8622c",
        "Content-Length": "731",
        "Content-Type": "application/json; charset=utf-8",
        "Date": "Tue, 24 Oct 2023 22:02:34 GMT",
        "elapsed-time": "4262",
        "ETag": "W/\u0022datetime\u00272023-10-24T22%3A02%3A34.401583Z\u0027\u0022",
        "Expires": "-1",
        "Pragma": "no-cache",
        "request-id": "b9e41ab2-daef-2e10-4cbe-36cb2ce8622c",
        "Strict-Transport-Security": "max-age=31536000; includeSubDomains",
        "X-Content-Type-Options": "nosniff",
        "x-ms-client-request-id": "b9e41ab2-daef-2e10-4cbe-36cb2ce8622c",
        "x-ms-correlation-request-id": "a1ff50f7-10a3-4bf5-8e54-c45b94f0d9cb",
        "x-ms-ratelimit-remaining-subscription-writes": "1174",
        "x-ms-request-id": "b9e41ab2-daef-2e10-4cbe-36cb2ce8622c",
        "x-ms-routing-request-id": "WESTUS2:20231024T220234Z:a1ff50f7-10a3-4bf5-8e54-c45b94f0d9cb"
      },
      "ResponseBody": {
        "id": "/subscriptions/c4a547de-4411-4447-964d-1edbc72cf116/resourceGroups/sdk-test7441/providers/Microsoft.Search/searchServices/search6747",
        "name": "search6747",
        "type": "Microsoft.Search/searchServices",
        "location": "East US 2 EUAP",
        "tags": {},
        "properties": {
          "replicaCount": 1,
          "partitionCount": 1,
          "status": "running",
          "statusDetails": "",
          "provisioningState": "succeeded",
          "hostingMode": "default",
          "publicNetworkAccess": "Enabled",
          "networkRuleSet": {
            "ipRules": [],
            "bypass": "None"
          },
          "privateEndpointConnections": [],
          "sharedPrivateLinkResources": [],
          "encryptionWithCmk": {
            "enforcement": "Unspecified",
            "encryptionComplianceStatus": "Compliant"
          },
          "disableLocalAuth": false,
          "authOptions": {
            "apiKeyOnly": {}
          },
          "semanticSearch": "disabled"
        },
        "sku": {
          "name": "standard"
        }
      }
    },
    {
      "RequestUri": "https://management.azure.com/subscriptions/c4a547de-4411-4447-964d-1edbc72cf116/resourceGroups/sdk-test7441/providers/Microsoft.Search/searchServices/search6747?api-version=2023-11-01",
      "RequestMethod": "GET",
      "RequestHeaders": {
        "Accept": "application/json",
        "Authorization": "Sanitized",
        "traceparent": "00-4cafce98787e36eae76d72ceda3e6023-9ceafe28f3f0c026-00",
        "User-Agent": "azsdk-net-ResourceManager.Search/1.2.0-alpha.20231023.1 (.NET 6.0.23; Microsoft Windows 10.0.22621)",
        "x-ms-client-request-id": "ae86bdcd0aff8359f689c2aa431d33de",
        "x-ms-return-client-request-id": "true"
      },
      "RequestBody": null,
      "StatusCode": 200,
      "ResponseHeaders": {
        "Cache-Control": "no-cache",
        "client-request-id": "ae86bdcd-0aff-8359-f689-c2aa431d33de",
        "Content-Length": "731",
        "Content-Type": "application/json; charset=utf-8",
        "Date": "Tue, 24 Oct 2023 22:02:34 GMT",
        "elapsed-time": "175",
        "ETag": "W/\u0022datetime\u00272023-10-24T22%3A02%3A34.401583Z\u0027\u0022",
        "Expires": "-1",
        "Pragma": "no-cache",
        "request-id": "ae86bdcd-0aff-8359-f689-c2aa431d33de",
        "Strict-Transport-Security": "max-age=31536000; includeSubDomains",
        "Vary": "Accept-Encoding",
        "X-Content-Type-Options": "nosniff",
        "x-ms-client-request-id": "ae86bdcd-0aff-8359-f689-c2aa431d33de",
        "x-ms-correlation-request-id": "ea6c0a00-fa2a-4ab2-8be2-1a961e0d417b",
        "x-ms-ratelimit-remaining-subscription-reads": "11822",
        "x-ms-request-id": "ae86bdcd-0aff-8359-f689-c2aa431d33de",
        "x-ms-routing-request-id": "WESTUS2:20231024T220235Z:ea6c0a00-fa2a-4ab2-8be2-1a961e0d417b"
      },
      "ResponseBody": {
        "id": "/subscriptions/c4a547de-4411-4447-964d-1edbc72cf116/resourceGroups/sdk-test7441/providers/Microsoft.Search/searchServices/search6747",
        "name": "search6747",
        "type": "Microsoft.Search/searchServices",
        "location": "East US 2 EUAP",
        "tags": {},
        "properties": {
          "replicaCount": 1,
          "partitionCount": 1,
          "status": "running",
          "statusDetails": "",
          "provisioningState": "succeeded",
          "hostingMode": "default",
          "publicNetworkAccess": "Enabled",
          "networkRuleSet": {
            "ipRules": [],
            "bypass": "None"
          },
          "privateEndpointConnections": [],
          "sharedPrivateLinkResources": [],
          "encryptionWithCmk": {
            "enforcement": "Unspecified",
            "encryptionComplianceStatus": "Compliant"
          },
          "disableLocalAuth": false,
          "authOptions": {
            "apiKeyOnly": {}
          },
          "semanticSearch": "disabled"
        },
        "sku": {
          "name": "standard"
        }
      }
    }
  ],
  "Variables": {
    "AZURE_AUTHORITY_HOST": "https://login.microsoftonline.com",
    "RandomSeed": "1930586476",
    "RESOURCE_MANAGER_URL": null,
    "SUBSCRIPTION_ID": "c4a547de-4411-4447-964d-1edbc72cf116"
  }
}
