{
  "Entries": [
    {
      "RequestUri": "https://management.azure.com/subscriptions/faa080af-c1d8-40ad-9cce-e1a450ca5b57?api-version=2022-12-01",
      "RequestMethod": "GET",
      "RequestHeaders": {
        "Accept": "application/json",
        "Authorization": "Sanitized",
        "traceparent": "00-d5478df9207f1b47cf3da4e4f8ba6c48-3b5522903d8d0b3b-00",
        "User-Agent": "azsdk-net-ResourceManager/1.13.0 (.NET 8.0.15; Microsoft Windows 10.0.22631)",
        "x-ms-client-request-id": "Sanitized",
        "x-ms-return-client-request-id": "true"
      },
      "RequestBody": null,
      "StatusCode": 200,
      "ResponseHeaders": {
        "Cache-Control": "no-cache",
        "Content-Length": "945",
        "Content-Type": "application/json; charset=utf-8",
        "Date": "Tue, 29 Apr 2025 23:50:16 GMT",
        "Expires": "-1",
        "Pragma": "no-cache",
        "Strict-Transport-Security": "max-age=31536000; includeSubDomains",
        "X-Cache": "CONFIG_NOCACHE",
        "X-Content-Type-Options": "nosniff",
        "x-ms-correlation-request-id": "42409d67-14d5-4b4b-be35-69b9bdf1fa38",
        "x-ms-ratelimit-remaining-subscription-global-reads": "16499",
        "x-ms-ratelimit-remaining-subscription-reads": "1099",
        "x-ms-request-id": "42409d67-14d5-4b4b-be35-69b9bdf1fa38",
        "x-ms-routing-request-id": "SOUTHEASTASIA:20250429T235017Z:42409d67-14d5-4b4b-be35-69b9bdf1fa38",
        "X-MSEdge-Ref": "Ref A: 7915449156384D34A0F7E8E3CECC9538 Ref B: MAA201060513027 Ref C: 2025-04-29T23:50:17Z"
      },
      "ResponseBody": {
        "id": "/subscriptions/faa080af-c1d8-40ad-9cce-e1a450ca5b57",
        "authorizationSource": "RoleBased",
        "managedByTenants": [
          {
            "tenantId": "00000000-0000-0000-0000-000000000000"
          }
        ],
        "tags": {
          "tagKey1": "tag-value-1",
          "tagKey2": "tag-value-2",
          "DDFunMDCTag": "Public",
          "Az.Sec.DisableLocalAuth.CosmosDB::OptIn": "all_regions",
          "Az.Sec.DisableLocalAuth.EventHub::OptIn": "all_regions",
          "Az.Sec.DisableLocalAuth.ServiceBus::OptIn": "all_regions",
          "Az.Sec.DisableLocalAuth.SqlManagedInstance::Opt-In": "all_regions",
          "Az.Sec.DisableLocalAuth.SqlServer::OptIn": "all_regions",
          "Az.Sec.DisableLocalAuth.Storage::OptIn": "all_regions",
          "Az.Sec.DenySubnetOutboundAccess::OptIn": "all_regions"
        },
        "subscriptionId": "faa080af-c1d8-40ad-9cce-e1a450ca5b57",
        "tenantId": "00000000-0000-0000-0000-000000000000",
        "displayName": "Azure SDK Developer Playground",
        "state": "Enabled",
        "subscriptionPolicies": {
          "locationPlacementId": "Internal_2014-09-01",
          "quotaId": "Internal_2014-09-01",
          "spendingLimit": "Off"
        }
      }
    },
    {
      "RequestUri": "https://management.azure.com/subscriptions/faa080af-c1d8-40ad-9cce-e1a450ca5b57/resourcegroups/Search-SDK-Test3057?api-version=2022-09-01",
      "RequestMethod": "PUT",
      "RequestHeaders": {
        "Accept": "application/json",
        "Authorization": "Sanitized",
        "Content-Length": "26",
        "Content-Type": "application/json",
        "traceparent": "00-ea808743a4f01773026d5e69d935e453-596149244f2933c8-00",
        "User-Agent": "azsdk-net-ResourceManager/1.13.0 (.NET 8.0.15; Microsoft Windows 10.0.22631)",
        "x-ms-client-request-id": "Sanitized",
        "x-ms-return-client-request-id": "true"
      },
      "RequestBody": {
        "location": "eastus2euap"
      },
      "StatusCode": 201,
      "ResponseHeaders": {
        "Cache-Control": "no-cache",
        "Content-Length": "240",
        "Content-Type": "application/json; charset=utf-8",
        "Date": "Tue, 29 Apr 2025 23:50:20 GMT",
        "Expires": "-1",
        "Pragma": "no-cache",
        "Strict-Transport-Security": "max-age=31536000; includeSubDomains",
        "X-Cache": "CONFIG_NOCACHE",
        "X-Content-Type-Options": "nosniff",
        "x-ms-correlation-request-id": "d48a4a1a-19ff-4df6-82c0-b76c8ecf4b18",
        "x-ms-ratelimit-remaining-subscription-global-writes": "11999",
        "x-ms-ratelimit-remaining-subscription-writes": "799",
        "x-ms-request-id": "d48a4a1a-19ff-4df6-82c0-b76c8ecf4b18",
        "x-ms-routing-request-id": "SOUTHEASTASIA:20250429T235020Z:d48a4a1a-19ff-4df6-82c0-b76c8ecf4b18",
        "X-MSEdge-Ref": "Ref A: D28E4ED28EDC4631B714F7B52B8D1E76 Ref B: MAA201060513027 Ref C: 2025-04-29T23:50:17Z"
      },
      "ResponseBody": {
        "id": "/subscriptions/faa080af-c1d8-40ad-9cce-e1a450ca5b57/resourceGroups/Search-SDK-Test3057",
        "name": "Search-SDK-Test3057",
        "type": "Microsoft.Resources/resourceGroups",
        "location": "eastus2euap",
        "properties": {
          "provisioningState": "Succeeded"
        }
      }
    },
    {
      "RequestUri": "https://management.azure.com/subscriptions/faa080af-c1d8-40ad-9cce-e1a450ca5b57/resourceGroups/Search-SDK-Test3057/providers/Microsoft.Search/searchServices/search6785?api-version=2025-02-01-preview",
      "RequestMethod": "PUT",
      "RequestHeaders": {
        "Accept": "application/json",
        "Authorization": "Sanitized",
        "Content-Length": "127",
        "Content-Type": "application/json",
        "traceparent": "00-37393cb9547dd7d2d0a5910e77fcdf1e-566fa33c44e968fa-00",
        "User-Agent": "azsdk-net-ResourceManager.Search/1.3.0-alpha.20250429.1 (.NET 8.0.15; Microsoft Windows 10.0.22631)",
        "x-ms-client-request-id": "Sanitized",
        "x-ms-return-client-request-id": "true"
      },
      "RequestBody": {
        "location": "eastus2euap",
        "sku": {
          "name": "standard"
        },
        "properties": {
          "replicaCount": 1,
          "partitionCount": 1,
          "hostingMode": "default"
        }
      },
      "StatusCode": 201,
      "ResponseHeaders": {
        "Cache-Control": "no-cache",
        "client-request-id": "Sanitized",
        "Content-Length": "959",
        "Content-Type": "application/json; charset=utf-8",
        "Date": "Tue, 29 Apr 2025 23:50:31 GMT",
        "elapsed-time": "5380",
        "ETag": "W/\"datetime'2025-04-29T23%3A50%3A31.1680311Z'\"",
        "Expires": "-1",
        "Pragma": "no-cache",
        "request-id": "9a9e9f51-0a9d-aedb-6113-c9166a726e6d",
        "Strict-Transport-Security": "max-age=31536000; includeSubDomains",
        "X-Cache": "CONFIG_NOCACHE",
        "X-Content-Type-Options": "nosniff",
        "x-ms-client-request-id": "Sanitized",
        "x-ms-correlation-request-id": "7b23e336-4111-447f-b674-4f657dafda7b",
        "x-ms-operation-identifier": "tenantId=72f988bf-86f1-41af-91ab-2d7cd011db47,objectId=6eb96c68-1d95-451c-8c75-7e352c5eb162/southeastasia/54608a68-7a52-4ab7-9ade-f8c60b71f763",
        "x-ms-ratelimit-remaining-subscription-global-writes": "12000",
        "x-ms-ratelimit-remaining-subscription-writes": "800",
        "x-ms-request-id": "7b23e336-4111-447f-b674-4f657dafda7b",
        "x-ms-routing-request-id": "SOUTHEASTASIA:20250429T235031Z:7b23e336-4111-447f-b674-4f657dafda7b",
        "X-MSEdge-Ref": "Ref A: 36FEBFC2F9E44F9091FFAC4418E15B0A Ref B: MAA201060513027 Ref C: 2025-04-29T23:50:21Z"
      },
      "ResponseBody": {
        "location": "East US 2 EUAP",
        "tags": {},
        "properties": {
          "replicaCount": 1,
          "partitionCount": 1,
          "endpoint": "https://search6785.search.windows.net",
          "status": "provisioning",
          "statusDetails": "",
          "provisioningState": "Provisioning",
          "hostingMode": "default",
          "computeType": "Default",
          "publicNetworkAccess": "Enabled",
          "networkRuleSet": {
            "ipRules": [],
            "bypass": "None"
          },
          "privateEndpointConnections": [],
          "sharedPrivateLinkResources": [],
          "encryptionWithCmk": {
            "enforcement": "Unspecified",
            "encryptionComplianceStatus": "Compliant"
          },
          "disableLocalAuth": false,
          "authOptions": {
            "apiKeyOnly": {}
          },
          "disabledDataExfiltrationOptions": [],
          "semanticSearch": "free",
          "upgradeAvailable": false,
          "serviceUpgradeDate": null
        },
        "systemData": {
          "createdAt": "2025-04-29T23:50:31.161Z"
        },
        "id": "/subscriptions/faa080af-c1d8-40ad-9cce-e1a450ca5b57/resourceGroups/Search-SDK-Test3057/providers/Microsoft.Search/searchServices/search6785",
        "name": "search6785",
        "type": "Microsoft.Search/searchServices",
        "sku": {
          "name": "standard"
        }
      }
    },
    {
      "RequestUri": "https://management.azure.com/subscriptions/faa080af-c1d8-40ad-9cce-e1a450ca5b57/resourceGroups/Search-SDK-Test3057/providers/Microsoft.Search/searchServices/search6785?api-version=2025-02-01-preview",
      "RequestMethod": "GET",
      "RequestHeaders": {
        "Authorization": "Sanitized",
        "traceparent": "00-37393cb9547dd7d2d0a5910e77fcdf1e-211176664fa9ff5d-00",
        "User-Agent": "azsdk-net-ResourceManager/1.13.0 (.NET 8.0.15; Microsoft Windows 10.0.22631)",
        "x-ms-client-request-id": "Sanitized",
        "x-ms-return-client-request-id": "true"
      },
      "RequestBody": null,
      "StatusCode": 200,
      "ResponseHeaders": {
        "Cache-Control": "no-cache",
        "client-request-id": "Sanitized",
        "Content-Length": "959",
        "Content-Type": "application/json; charset=utf-8",
        "Date": "Tue, 29 Apr 2025 23:50:32 GMT",
        "elapsed-time": "93",
        "ETag": "W/\"datetime'2025-04-29T23%3A50%3A31.1680311Z'\"",
        "Expires": "-1",
        "Pragma": "no-cache",
        "request-id": "96dd9338-1665-a2de-97cd-16ab88628676",
        "Strict-Transport-Security": "max-age=31536000; includeSubDomains",
        "X-Cache": "CONFIG_NOCACHE",
        "X-Content-Type-Options": "nosniff",
        "x-ms-client-request-id": "Sanitized",
        "x-ms-correlation-request-id": "9d7abbbc-3b24-4aaf-916e-fa513db3a78f",
        "x-ms-ratelimit-remaining-subscription-global-reads": "16499",
        "x-ms-ratelimit-remaining-subscription-reads": "1099",
        "x-ms-request-id": "9d7abbbc-3b24-4aaf-916e-fa513db3a78f",
        "x-ms-routing-request-id": "SOUTHEASTASIA:20250429T235033Z:9d7abbbc-3b24-4aaf-916e-fa513db3a78f",
        "X-MSEdge-Ref": "Ref A: BFEC4D637ABA472795850DD6D05AEABD Ref B: MAA201060513027 Ref C: 2025-04-29T23:50:31Z"
      },
      "ResponseBody": {
        "location": "East US 2 EUAP",
        "tags": {},
        "properties": {
          "replicaCount": 1,
          "partitionCount": 1,
          "endpoint": "https://search6785.search.windows.net",
          "status": "provisioning",
          "statusDetails": "",
          "provisioningState": "Provisioning",
          "hostingMode": "default",
          "computeType": "Default",
          "publicNetworkAccess": "Enabled",
          "networkRuleSet": {
            "ipRules": [],
            "bypass": "None"
          },
          "privateEndpointConnections": [],
          "sharedPrivateLinkResources": [],
          "encryptionWithCmk": {
            "enforcement": "Unspecified",
            "encryptionComplianceStatus": "Compliant"
          },
          "disableLocalAuth": false,
          "authOptions": {
            "apiKeyOnly": {}
          },
          "disabledDataExfiltrationOptions": [],
          "semanticSearch": "free",
          "upgradeAvailable": false,
          "serviceUpgradeDate": null
        },
        "systemData": {
          "createdAt": "2025-04-29T23:50:31.161Z"
        },
        "id": "/subscriptions/faa080af-c1d8-40ad-9cce-e1a450ca5b57/resourceGroups/Search-SDK-Test3057/providers/Microsoft.Search/searchServices/search6785",
        "name": "search6785",
        "type": "Microsoft.Search/searchServices",
        "sku": {
          "name": "standard"
        }
      }
    },
    {
      "RequestUri": "https://management.azure.com/subscriptions/faa080af-c1d8-40ad-9cce-e1a450ca5b57/resourceGroups/Search-SDK-Test3057/providers/Microsoft.Search/searchServices/search6785?api-version=2025-02-01-preview",
      "RequestMethod": "GET",
      "RequestHeaders": {
        "Authorization": "Sanitized",
        "traceparent": "00-37393cb9547dd7d2d0a5910e77fcdf1e-c9fe5983c3aef459-00",
        "User-Agent": "azsdk-net-ResourceManager/1.13.0 (.NET 8.0.15; Microsoft Windows 10.0.22631)",
        "x-ms-client-request-id": "Sanitized",
        "x-ms-return-client-request-id": "true"
      },
      "RequestBody": null,
      "StatusCode": 200,
      "ResponseHeaders": {
        "Cache-Control": "no-cache",
        "client-request-id": "Sanitized",
        "Content-Length": "959",
        "Content-Type": "application/json; charset=utf-8",
        "Date": "Tue, 29 Apr 2025 23:50:35 GMT",
        "elapsed-time": "68",
        "ETag": "W/\"datetime'2025-04-29T23%3A50%3A31.1680311Z'\"",
        "Expires": "-1",
        "Pragma": "no-cache",
        "request-id": "17176691-b5b5-064a-d433-fbbb2a44aeaa",
        "Strict-Transport-Security": "max-age=31536000; includeSubDomains",
        "X-Cache": "CONFIG_NOCACHE",
        "X-Content-Type-Options": "nosniff",
        "x-ms-client-request-id": "Sanitized",
        "x-ms-correlation-request-id": "be6d9cc6-e063-4439-811c-95bb67ac997a",
        "x-ms-ratelimit-remaining-subscription-global-reads": "16499",
        "x-ms-ratelimit-remaining-subscription-reads": "1099",
        "x-ms-request-id": "be6d9cc6-e063-4439-811c-95bb67ac997a",
        "x-ms-routing-request-id": "SOUTHEASTASIA:20250429T235035Z:be6d9cc6-e063-4439-811c-95bb67ac997a",
        "X-MSEdge-Ref": "Ref A: F6D41DC1CCCD4342A3D30EFAFC859629 Ref B: MAA201060513027 Ref C: 2025-04-29T23:50:34Z"
      },
      "ResponseBody": {
        "location": "East US 2 EUAP",
        "tags": {},
        "properties": {
          "replicaCount": 1,
          "partitionCount": 1,
          "endpoint": "https://search6785.search.windows.net",
          "status": "provisioning",
          "statusDetails": "",
          "provisioningState": "Provisioning",
          "hostingMode": "default",
          "computeType": "Default",
          "publicNetworkAccess": "Enabled",
          "networkRuleSet": {
            "ipRules": [],
            "bypass": "None"
          },
          "privateEndpointConnections": [],
          "sharedPrivateLinkResources": [],
          "encryptionWithCmk": {
            "enforcement": "Unspecified",
            "encryptionComplianceStatus": "Compliant"
          },
          "disableLocalAuth": false,
          "authOptions": {
            "apiKeyOnly": {}
          },
          "disabledDataExfiltrationOptions": [],
          "semanticSearch": "free",
          "upgradeAvailable": false,
          "serviceUpgradeDate": null
        },
        "systemData": {
          "createdAt": "2025-04-29T23:50:31.161Z"
        },
        "id": "/subscriptions/faa080af-c1d8-40ad-9cce-e1a450ca5b57/resourceGroups/Search-SDK-Test3057/providers/Microsoft.Search/searchServices/search6785",
        "name": "search6785",
        "type": "Microsoft.Search/searchServices",
        "sku": {
          "name": "standard"
        }
      }
    },
    {
      "RequestUri": "https://management.azure.com/subscriptions/faa080af-c1d8-40ad-9cce-e1a450ca5b57/resourceGroups/Search-SDK-Test3057/providers/Microsoft.Search/searchServices/search6785?api-version=2025-02-01-preview",
      "RequestMethod": "GET",
      "RequestHeaders": {
        "Authorization": "Sanitized",
        "traceparent": "00-37393cb9547dd7d2d0a5910e77fcdf1e-71426335f0dd8017-00",
        "User-Agent": "azsdk-net-ResourceManager/1.13.0 (.NET 8.0.15; Microsoft Windows 10.0.22631)",
        "x-ms-client-request-id": "Sanitized",
        "x-ms-return-client-request-id": "true"
      },
      "RequestBody": null,
      "StatusCode": 200,
      "ResponseHeaders": {
        "Cache-Control": "no-cache",
        "client-request-id": "Sanitized",
        "Content-Length": "959",
        "Content-Type": "application/json; charset=utf-8",
        "Date": "Tue, 29 Apr 2025 23:50:37 GMT",
        "elapsed-time": "94",
        "ETag": "W/\"datetime'2025-04-29T23%3A50%3A31.1680311Z'\"",
        "Expires": "-1",
        "Pragma": "no-cache",
        "request-id": "d6dd54dc-d795-e708-d4e1-5cee341fe33c",
        "Strict-Transport-Security": "max-age=31536000; includeSubDomains",
        "X-Cache": "CONFIG_NOCACHE",
        "X-Content-Type-Options": "nosniff",
        "x-ms-client-request-id": "Sanitized",
        "x-ms-correlation-request-id": "81985d98-d8f2-40c1-9e9d-09edc7728551",
        "x-ms-ratelimit-remaining-subscription-global-reads": "16499",
        "x-ms-ratelimit-remaining-subscription-reads": "1099",
        "x-ms-request-id": "81985d98-d8f2-40c1-9e9d-09edc7728551",
        "x-ms-routing-request-id": "SOUTHEASTASIA:20250429T235037Z:81985d98-d8f2-40c1-9e9d-09edc7728551",
        "X-MSEdge-Ref": "Ref A: 70551BC81F5F47F9BA563E5D69A5848B Ref B: MAA201060513027 Ref C: 2025-04-29T23:50:36Z"
      },
      "ResponseBody": {
        "location": "East US 2 EUAP",
        "tags": {},
        "properties": {
          "replicaCount": 1,
          "partitionCount": 1,
          "endpoint": "https://search6785.search.windows.net",
          "status": "provisioning",
          "statusDetails": "",
          "provisioningState": "Provisioning",
          "hostingMode": "default",
          "computeType": "Default",
          "publicNetworkAccess": "Enabled",
          "networkRuleSet": {
            "ipRules": [],
            "bypass": "None"
          },
          "privateEndpointConnections": [],
          "sharedPrivateLinkResources": [],
          "encryptionWithCmk": {
            "enforcement": "Unspecified",
            "encryptionComplianceStatus": "Compliant"
          },
          "disableLocalAuth": false,
          "authOptions": {
            "apiKeyOnly": {}
          },
          "disabledDataExfiltrationOptions": [],
          "semanticSearch": "free",
          "upgradeAvailable": false,
          "serviceUpgradeDate": null
        },
        "systemData": {
          "createdAt": "2025-04-29T23:50:31.161Z"
        },
        "id": "/subscriptions/faa080af-c1d8-40ad-9cce-e1a450ca5b57/resourceGroups/Search-SDK-Test3057/providers/Microsoft.Search/searchServices/search6785",
        "name": "search6785",
        "type": "Microsoft.Search/searchServices",
        "sku": {
          "name": "standard"
        }
      }
    },
    {
      "RequestUri": "https://management.azure.com/subscriptions/faa080af-c1d8-40ad-9cce-e1a450ca5b57/resourceGroups/Search-SDK-Test3057/providers/Microsoft.Search/searchServices/search6785?api-version=2025-02-01-preview",
      "RequestMethod": "GET",
      "RequestHeaders": {
        "Authorization": "Sanitized",
        "traceparent": "00-37393cb9547dd7d2d0a5910e77fcdf1e-bd4e5f9302644703-00",
        "User-Agent": "azsdk-net-ResourceManager/1.13.0 (.NET 8.0.15; Microsoft Windows 10.0.22631)",
        "x-ms-client-request-id": "Sanitized",
        "x-ms-return-client-request-id": "true"
      },
      "RequestBody": null,
      "StatusCode": 200,
      "ResponseHeaders": {
        "Cache-Control": "no-cache",
        "client-request-id": "Sanitized",
        "Content-Length": "959",
        "Content-Type": "application/json; charset=utf-8",
        "Date": "Tue, 29 Apr 2025 23:50:39 GMT",
        "elapsed-time": "71",
        "ETag": "W/\"datetime'2025-04-29T23%3A50%3A31.1680311Z'\"",
        "Expires": "-1",
        "Pragma": "no-cache",
        "request-id": "9905695b-1e9f-83bf-49d6-c2321a227853",
        "Strict-Transport-Security": "max-age=31536000; includeSubDomains",
        "X-Cache": "CONFIG_NOCACHE",
        "X-Content-Type-Options": "nosniff",
        "x-ms-client-request-id": "Sanitized",
        "x-ms-correlation-request-id": "40d339da-3399-4819-8dae-826f77dc6b70",
        "x-ms-ratelimit-remaining-subscription-global-reads": "16499",
        "x-ms-ratelimit-remaining-subscription-reads": "1099",
        "x-ms-request-id": "40d339da-3399-4819-8dae-826f77dc6b70",
        "x-ms-routing-request-id": "SOUTHEASTASIA:20250429T235040Z:40d339da-3399-4819-8dae-826f77dc6b70",
        "X-MSEdge-Ref": "Ref A: 1C7B10C8337E45CBB75F5A57C0C427EE Ref B: MAA201060513027 Ref C: 2025-04-29T23:50:38Z"
      },
      "ResponseBody": {
        "location": "East US 2 EUAP",
        "tags": {},
        "properties": {
          "replicaCount": 1,
          "partitionCount": 1,
          "endpoint": "https://search6785.search.windows.net",
          "status": "provisioning",
          "statusDetails": "",
          "provisioningState": "Provisioning",
          "hostingMode": "default",
          "computeType": "Default",
          "publicNetworkAccess": "Enabled",
          "networkRuleSet": {
            "ipRules": [],
            "bypass": "None"
          },
          "privateEndpointConnections": [],
          "sharedPrivateLinkResources": [],
          "encryptionWithCmk": {
            "enforcement": "Unspecified",
            "encryptionComplianceStatus": "Compliant"
          },
          "disableLocalAuth": false,
          "authOptions": {
            "apiKeyOnly": {}
          },
          "disabledDataExfiltrationOptions": [],
          "semanticSearch": "free",
          "upgradeAvailable": false,
          "serviceUpgradeDate": null
        },
        "systemData": {
          "createdAt": "2025-04-29T23:50:31.161Z"
        },
        "id": "/subscriptions/faa080af-c1d8-40ad-9cce-e1a450ca5b57/resourceGroups/Search-SDK-Test3057/providers/Microsoft.Search/searchServices/search6785",
        "name": "search6785",
        "type": "Microsoft.Search/searchServices",
        "sku": {
          "name": "standard"
        }
      }
    },
    {
      "RequestUri": "https://management.azure.com/subscriptions/faa080af-c1d8-40ad-9cce-e1a450ca5b57/resourceGroups/Search-SDK-Test3057/providers/Microsoft.Search/searchServices/search6785?api-version=2025-02-01-preview",
      "RequestMethod": "GET",
      "RequestHeaders": {
        "Authorization": "Sanitized",
        "traceparent": "00-37393cb9547dd7d2d0a5910e77fcdf1e-9b3b4b705dae364e-00",
        "User-Agent": "azsdk-net-ResourceManager/1.13.0 (.NET 8.0.15; Microsoft Windows 10.0.22631)",
        "x-ms-client-request-id": "Sanitized",
        "x-ms-return-client-request-id": "true"
      },
      "RequestBody": null,
      "StatusCode": 200,
      "ResponseHeaders": {
        "Cache-Control": "no-cache",
        "client-request-id": "Sanitized",
        "Content-Length": "959",
        "Content-Type": "application/json; charset=utf-8",
        "Date": "Tue, 29 Apr 2025 23:50:43 GMT",
        "elapsed-time": "135",
        "ETag": "W/\"datetime'2025-04-29T23%3A50%3A31.1680311Z'\"",
        "Expires": "-1",
        "Pragma": "no-cache",
        "request-id": "34ce6c1e-b085-b9e0-5e2f-43d3585bd1b4",
        "Strict-Transport-Security": "max-age=31536000; includeSubDomains",
        "X-Cache": "CONFIG_NOCACHE",
        "X-Content-Type-Options": "nosniff",
        "x-ms-client-request-id": "Sanitized",
        "x-ms-correlation-request-id": "b63de39a-28b2-4648-b477-a737aba8076f",
        "x-ms-ratelimit-remaining-subscription-global-reads": "16499",
        "x-ms-ratelimit-remaining-subscription-reads": "1099",
        "x-ms-request-id": "b63de39a-28b2-4648-b477-a737aba8076f",
        "x-ms-routing-request-id": "SOUTHEASTASIA:20250429T235043Z:b63de39a-28b2-4648-b477-a737aba8076f",
        "X-MSEdge-Ref": "Ref A: 31A9460EB7454E1C9066B948047ACEAC Ref B: MAA201060513027 Ref C: 2025-04-29T23:50:42Z"
      },
      "ResponseBody": {
        "location": "East US 2 EUAP",
        "tags": {},
        "properties": {
          "replicaCount": 1,
          "partitionCount": 1,
          "endpoint": "https://search6785.search.windows.net",
          "status": "provisioning",
          "statusDetails": "",
          "provisioningState": "Provisioning",
          "hostingMode": "default",
          "computeType": "Default",
          "publicNetworkAccess": "Enabled",
          "networkRuleSet": {
            "ipRules": [],
            "bypass": "None"
          },
          "privateEndpointConnections": [],
          "sharedPrivateLinkResources": [],
          "encryptionWithCmk": {
            "enforcement": "Unspecified",
            "encryptionComplianceStatus": "Compliant"
          },
          "disableLocalAuth": false,
          "authOptions": {
            "apiKeyOnly": {}
          },
          "disabledDataExfiltrationOptions": [],
          "semanticSearch": "free",
          "upgradeAvailable": false,
          "serviceUpgradeDate": null
        },
        "systemData": {
          "createdAt": "2025-04-29T23:50:31.161Z"
        },
        "id": "/subscriptions/faa080af-c1d8-40ad-9cce-e1a450ca5b57/resourceGroups/Search-SDK-Test3057/providers/Microsoft.Search/searchServices/search6785",
        "name": "search6785",
        "type": "Microsoft.Search/searchServices",
        "sku": {
          "name": "standard"
        }
      }
    },
    {
      "RequestUri": "https://management.azure.com/subscriptions/faa080af-c1d8-40ad-9cce-e1a450ca5b57/resourceGroups/Search-SDK-Test3057/providers/Microsoft.Search/searchServices/search6785?api-version=2025-02-01-preview",
      "RequestMethod": "GET",
      "RequestHeaders": {
        "Authorization": "Sanitized",
        "traceparent": "00-37393cb9547dd7d2d0a5910e77fcdf1e-0c10646e8338913b-00",
        "User-Agent": "azsdk-net-ResourceManager/1.13.0 (.NET 8.0.15; Microsoft Windows 10.0.22631)",
        "x-ms-client-request-id": "Sanitized",
        "x-ms-return-client-request-id": "true"
      },
      "RequestBody": null,
      "StatusCode": 200,
      "ResponseHeaders": {
        "Cache-Control": "no-cache",
        "client-request-id": "Sanitized",
        "Content-Length": "959",
        "Content-Type": "application/json; charset=utf-8",
        "Date": "Tue, 29 Apr 2025 23:50:48 GMT",
        "elapsed-time": "63",
        "ETag": "W/\"datetime'2025-04-29T23%3A50%3A31.1680311Z'\"",
        "Expires": "-1",
        "Pragma": "no-cache",
        "request-id": "c060bf50-143f-bd0a-9459-8cbe15d5cdb2",
        "Strict-Transport-Security": "max-age=31536000; includeSubDomains",
        "X-Cache": "CONFIG_NOCACHE",
        "X-Content-Type-Options": "nosniff",
        "x-ms-client-request-id": "Sanitized",
        "x-ms-correlation-request-id": "550e6d65-b5f9-4b54-a219-0373d9805fa0",
        "x-ms-ratelimit-remaining-subscription-global-reads": "16499",
        "x-ms-ratelimit-remaining-subscription-reads": "1099",
        "x-ms-request-id": "550e6d65-b5f9-4b54-a219-0373d9805fa0",
        "x-ms-routing-request-id": "SOUTHEASTASIA:20250429T235049Z:550e6d65-b5f9-4b54-a219-0373d9805fa0",
        "X-MSEdge-Ref": "Ref A: 13F560FAEA5A4B599952F78E269189AD Ref B: MAA201060513027 Ref C: 2025-04-29T23:50:47Z"
      },
      "ResponseBody": {
        "location": "East US 2 EUAP",
        "tags": {},
        "properties": {
          "replicaCount": 1,
          "partitionCount": 1,
          "endpoint": "https://search6785.search.windows.net",
          "status": "provisioning",
          "statusDetails": "",
          "provisioningState": "Provisioning",
          "hostingMode": "default",
          "computeType": "Default",
          "publicNetworkAccess": "Enabled",
          "networkRuleSet": {
            "ipRules": [],
            "bypass": "None"
          },
          "privateEndpointConnections": [],
          "sharedPrivateLinkResources": [],
          "encryptionWithCmk": {
            "enforcement": "Unspecified",
            "encryptionComplianceStatus": "Compliant"
          },
          "disableLocalAuth": false,
          "authOptions": {
            "apiKeyOnly": {}
          },
          "disabledDataExfiltrationOptions": [],
          "semanticSearch": "free",
          "upgradeAvailable": false,
          "serviceUpgradeDate": null
        },
        "systemData": {
          "createdAt": "2025-04-29T23:50:31.161Z"
        },
        "id": "/subscriptions/faa080af-c1d8-40ad-9cce-e1a450ca5b57/resourceGroups/Search-SDK-Test3057/providers/Microsoft.Search/searchServices/search6785",
        "name": "search6785",
        "type": "Microsoft.Search/searchServices",
        "sku": {
          "name": "standard"
        }
      }
    },
    {
      "RequestUri": "https://management.azure.com/subscriptions/faa080af-c1d8-40ad-9cce-e1a450ca5b57/resourceGroups/Search-SDK-Test3057/providers/Microsoft.Search/searchServices/search6785?api-version=2025-02-01-preview",
      "RequestMethod": "GET",
      "RequestHeaders": {
        "Authorization": "Sanitized",
        "traceparent": "00-37393cb9547dd7d2d0a5910e77fcdf1e-afa3661297708bda-00",
        "User-Agent": "azsdk-net-ResourceManager/1.13.0 (.NET 8.0.15; Microsoft Windows 10.0.22631)",
        "x-ms-client-request-id": "Sanitized",
        "x-ms-return-client-request-id": "true"
      },
      "RequestBody": null,
      "StatusCode": 200,
      "ResponseHeaders": {
        "Cache-Control": "no-cache",
        "client-request-id": "Sanitized",
        "Content-Length": "959",
        "Content-Type": "application/json; charset=utf-8",
        "Date": "Tue, 29 Apr 2025 23:50:58 GMT",
        "elapsed-time": "99",
        "ETag": "W/\"datetime'2025-04-29T23%3A50%3A31.1680311Z'\"",
        "Expires": "-1",
        "Pragma": "no-cache",
        "request-id": "c8cf0969-ae51-abb6-894b-3b70dbeb2aed",
        "Strict-Transport-Security": "max-age=31536000; includeSubDomains",
        "X-Cache": "CONFIG_NOCACHE",
        "X-Content-Type-Options": "nosniff",
        "x-ms-client-request-id": "Sanitized",
        "x-ms-correlation-request-id": "b2d93d34-7137-4139-941f-11a209bdb66f",
        "x-ms-ratelimit-remaining-subscription-global-reads": "16499",
        "x-ms-ratelimit-remaining-subscription-reads": "1099",
        "x-ms-request-id": "b2d93d34-7137-4139-941f-11a209bdb66f",
        "x-ms-routing-request-id": "SOUTHEASTASIA:20250429T235058Z:b2d93d34-7137-4139-941f-11a209bdb66f",
        "X-MSEdge-Ref": "Ref A: 1E6100B6FB9E4EF9BAE49870FFAABFE2 Ref B: MAA201060513027 Ref C: 2025-04-29T23:50:57Z"
      },
      "ResponseBody": {
        "location": "East US 2 EUAP",
        "tags": {},
        "properties": {
          "replicaCount": 1,
          "partitionCount": 1,
          "endpoint": "https://search6785.search.windows.net",
          "status": "provisioning",
          "statusDetails": "",
          "provisioningState": "Provisioning",
          "hostingMode": "default",
          "computeType": "Default",
          "publicNetworkAccess": "Enabled",
          "networkRuleSet": {
            "ipRules": [],
            "bypass": "None"
          },
          "privateEndpointConnections": [],
          "sharedPrivateLinkResources": [],
          "encryptionWithCmk": {
            "enforcement": "Unspecified",
            "encryptionComplianceStatus": "Compliant"
          },
          "disableLocalAuth": false,
          "authOptions": {
            "apiKeyOnly": {}
          },
          "disabledDataExfiltrationOptions": [],
          "semanticSearch": "free",
          "upgradeAvailable": false,
          "serviceUpgradeDate": null
        },
        "systemData": {
          "createdAt": "2025-04-29T23:50:31.161Z"
        },
        "id": "/subscriptions/faa080af-c1d8-40ad-9cce-e1a450ca5b57/resourceGroups/Search-SDK-Test3057/providers/Microsoft.Search/searchServices/search6785",
        "name": "search6785",
        "type": "Microsoft.Search/searchServices",
        "sku": {
          "name": "standard"
        }
      }
    },
    {
      "RequestUri": "https://management.azure.com/subscriptions/faa080af-c1d8-40ad-9cce-e1a450ca5b57/resourceGroups/Search-SDK-Test3057/providers/Microsoft.Search/searchServices/search6785?api-version=2025-02-01-preview",
      "RequestMethod": "GET",
      "RequestHeaders": {
        "Authorization": "Sanitized",
        "traceparent": "00-37393cb9547dd7d2d0a5910e77fcdf1e-426063022bb18998-00",
        "User-Agent": "azsdk-net-ResourceManager/1.13.0 (.NET 8.0.15; Microsoft Windows 10.0.22631)",
        "x-ms-client-request-id": "Sanitized",
        "x-ms-return-client-request-id": "true"
      },
      "RequestBody": null,
      "StatusCode": 200,
      "ResponseHeaders": {
        "Cache-Control": "no-cache",
        "client-request-id": "Sanitized",
        "Content-Length": "959",
        "Content-Type": "application/json; charset=utf-8",
        "Date": "Tue, 29 Apr 2025 23:51:15 GMT",
        "elapsed-time": "74",
        "ETag": "W/\"datetime'2025-04-29T23%3A50%3A31.1680311Z'\"",
        "Expires": "-1",
        "Pragma": "no-cache",
        "request-id": "5ae20d04-b8c1-0a14-6111-9f2b2321a488",
        "Strict-Transport-Security": "max-age=31536000; includeSubDomains",
        "X-Cache": "CONFIG_NOCACHE",
        "X-Content-Type-Options": "nosniff",
        "x-ms-client-request-id": "Sanitized",
        "x-ms-correlation-request-id": "8528d3fb-dbf2-4311-a751-b29d43522586",
        "x-ms-ratelimit-remaining-subscription-global-reads": "16499",
        "x-ms-ratelimit-remaining-subscription-reads": "1099",
        "x-ms-request-id": "8528d3fb-dbf2-4311-a751-b29d43522586",
        "x-ms-routing-request-id": "SOUTHEASTASIA:20250429T235116Z:8528d3fb-dbf2-4311-a751-b29d43522586",
        "X-MSEdge-Ref": "Ref A: 514CA15B4AE24778A94E8CE936633E21 Ref B: MAA201060513027 Ref C: 2025-04-29T23:51:14Z"
      },
      "ResponseBody": {
        "location": "East US 2 EUAP",
        "tags": {},
        "properties": {
          "replicaCount": 1,
          "partitionCount": 1,
          "endpoint": "https://search6785.search.windows.net",
          "status": "provisioning",
          "statusDetails": "",
          "provisioningState": "Provisioning",
          "hostingMode": "default",
          "computeType": "Default",
          "publicNetworkAccess": "Enabled",
          "networkRuleSet": {
            "ipRules": [],
            "bypass": "None"
          },
          "privateEndpointConnections": [],
          "sharedPrivateLinkResources": [],
          "encryptionWithCmk": {
            "enforcement": "Unspecified",
            "encryptionComplianceStatus": "Compliant"
          },
          "disableLocalAuth": false,
          "authOptions": {
            "apiKeyOnly": {}
          },
          "disabledDataExfiltrationOptions": [],
          "semanticSearch": "free",
          "upgradeAvailable": false,
          "serviceUpgradeDate": null
        },
        "systemData": {
          "createdAt": "2025-04-29T23:50:31.161Z"
        },
        "id": "/subscriptions/faa080af-c1d8-40ad-9cce-e1a450ca5b57/resourceGroups/Search-SDK-Test3057/providers/Microsoft.Search/searchServices/search6785",
        "name": "search6785",
        "type": "Microsoft.Search/searchServices",
        "sku": {
          "name": "standard"
        }
      }
    },
    {
      "RequestUri": "https://management.azure.com/subscriptions/faa080af-c1d8-40ad-9cce-e1a450ca5b57/resourceGroups/Search-SDK-Test3057/providers/Microsoft.Search/searchServices/search6785?api-version=2025-02-01-preview",
      "RequestMethod": "GET",
      "RequestHeaders": {
        "Authorization": "Sanitized",
        "traceparent": "00-37393cb9547dd7d2d0a5910e77fcdf1e-78064d28e5223835-00",
        "User-Agent": "azsdk-net-ResourceManager/1.13.0 (.NET 8.0.15; Microsoft Windows 10.0.22631)",
        "x-ms-client-request-id": "Sanitized",
        "x-ms-return-client-request-id": "true"
      },
      "RequestBody": null,
      "StatusCode": 200,
      "ResponseHeaders": {
        "Cache-Control": "no-cache",
        "client-request-id": "Sanitized",
        "Content-Length": "959",
        "Content-Type": "application/json; charset=utf-8",
        "Date": "Tue, 29 Apr 2025 23:51:48 GMT",
        "elapsed-time": "69",
        "ETag": "W/\"datetime'2025-04-29T23%3A50%3A31.1680311Z'\"",
        "Expires": "-1",
        "Pragma": "no-cache",
        "request-id": "4f6a9062-098c-a163-09b5-37f3d99ae1a9",
        "Strict-Transport-Security": "max-age=31536000; includeSubDomains",
        "X-Cache": "CONFIG_NOCACHE",
        "X-Content-Type-Options": "nosniff",
        "x-ms-client-request-id": "Sanitized",
        "x-ms-correlation-request-id": "028583da-95b3-4576-af38-76ceba74e535",
        "x-ms-ratelimit-remaining-subscription-global-reads": "16499",
        "x-ms-ratelimit-remaining-subscription-reads": "1099",
        "x-ms-request-id": "028583da-95b3-4576-af38-76ceba74e535",
        "x-ms-routing-request-id": "SOUTHEASTASIA:20250429T235149Z:028583da-95b3-4576-af38-76ceba74e535",
        "X-MSEdge-Ref": "Ref A: F45E5E5040334484BFEC4C9EA30C6F32 Ref B: MAA201060513027 Ref C: 2025-04-29T23:51:48Z"
      },
      "ResponseBody": {
        "location": "East US 2 EUAP",
        "tags": {},
        "properties": {
          "replicaCount": 1,
          "partitionCount": 1,
          "endpoint": "https://search6785.search.windows.net",
          "status": "provisioning",
          "statusDetails": "",
          "provisioningState": "Provisioning",
          "hostingMode": "default",
          "computeType": "Default",
          "publicNetworkAccess": "Enabled",
          "networkRuleSet": {
            "ipRules": [],
            "bypass": "None"
          },
          "privateEndpointConnections": [],
          "sharedPrivateLinkResources": [],
          "encryptionWithCmk": {
            "enforcement": "Unspecified",
            "encryptionComplianceStatus": "Compliant"
          },
          "disableLocalAuth": false,
          "authOptions": {
            "apiKeyOnly": {}
          },
          "disabledDataExfiltrationOptions": [],
          "semanticSearch": "free",
          "upgradeAvailable": false,
          "serviceUpgradeDate": null
        },
        "systemData": {
          "createdAt": "2025-04-29T23:50:31.161Z"
        },
        "id": "/subscriptions/faa080af-c1d8-40ad-9cce-e1a450ca5b57/resourceGroups/Search-SDK-Test3057/providers/Microsoft.Search/searchServices/search6785",
        "name": "search6785",
        "type": "Microsoft.Search/searchServices",
        "sku": {
          "name": "standard"
        }
      }
    },
    {
      "RequestUri": "https://management.azure.com/subscriptions/faa080af-c1d8-40ad-9cce-e1a450ca5b57/resourceGroups/Search-SDK-Test3057/providers/Microsoft.Search/searchServices/search6785?api-version=2025-02-01-preview",
      "RequestMethod": "GET",
      "RequestHeaders": {
        "Authorization": "Sanitized",
        "traceparent": "00-37393cb9547dd7d2d0a5910e77fcdf1e-3f02c4c7f59bfd9f-00",
        "User-Agent": "azsdk-net-ResourceManager/1.13.0 (.NET 8.0.15; Microsoft Windows 10.0.22631)",
        "x-ms-client-request-id": "Sanitized",
        "x-ms-return-client-request-id": "true"
      },
      "RequestBody": null,
      "StatusCode": 200,
      "ResponseHeaders": {
        "Cache-Control": "no-cache",
        "client-request-id": "Sanitized",
        "Content-Length": "959",
        "Content-Type": "application/json; charset=utf-8",
        "Date": "Tue, 29 Apr 2025 23:52:22 GMT",
        "elapsed-time": "70",
        "ETag": "W/\"datetime'2025-04-29T23%3A50%3A31.1680311Z'\"",
        "Expires": "-1",
        "Pragma": "no-cache",
        "request-id": "07ba9e2f-72f3-b1f0-f5c5-66400f8a8767",
        "Strict-Transport-Security": "max-age=31536000; includeSubDomains",
        "X-Cache": "CONFIG_NOCACHE",
        "X-Content-Type-Options": "nosniff",
        "x-ms-client-request-id": "Sanitized",
        "x-ms-correlation-request-id": "0f00c6eb-89da-4136-8b2e-76148e8d18fe",
        "x-ms-ratelimit-remaining-subscription-global-reads": "16499",
        "x-ms-ratelimit-remaining-subscription-reads": "1099",
        "x-ms-request-id": "0f00c6eb-89da-4136-8b2e-76148e8d18fe",
        "x-ms-routing-request-id": "SOUTHEASTASIA:20250429T235222Z:0f00c6eb-89da-4136-8b2e-76148e8d18fe",
        "X-MSEdge-Ref": "Ref A: 96EE45421D9549D888DDEDA2CBB9D054 Ref B: MAA201060513027 Ref C: 2025-04-29T23:52:21Z"
      },
      "ResponseBody": {
        "location": "East US 2 EUAP",
        "tags": {},
        "properties": {
          "replicaCount": 1,
          "partitionCount": 1,
          "endpoint": "https://search6785.search.windows.net",
          "status": "provisioning",
          "statusDetails": "",
          "provisioningState": "Provisioning",
          "hostingMode": "default",
          "computeType": "Default",
          "publicNetworkAccess": "Enabled",
          "networkRuleSet": {
            "ipRules": [],
            "bypass": "None"
          },
          "privateEndpointConnections": [],
          "sharedPrivateLinkResources": [],
          "encryptionWithCmk": {
            "enforcement": "Unspecified",
            "encryptionComplianceStatus": "Compliant"
          },
          "disableLocalAuth": false,
          "authOptions": {
            "apiKeyOnly": {}
          },
          "disabledDataExfiltrationOptions": [],
          "semanticSearch": "free",
          "upgradeAvailable": false,
          "serviceUpgradeDate": null
        },
        "systemData": {
          "createdAt": "2025-04-29T23:50:31.161Z"
        },
        "id": "/subscriptions/faa080af-c1d8-40ad-9cce-e1a450ca5b57/resourceGroups/Search-SDK-Test3057/providers/Microsoft.Search/searchServices/search6785",
        "name": "search6785",
        "type": "Microsoft.Search/searchServices",
        "sku": {
          "name": "standard"
        }
      }
    },
    {
      "RequestUri": "https://management.azure.com/subscriptions/faa080af-c1d8-40ad-9cce-e1a450ca5b57/resourceGroups/Search-SDK-Test3057/providers/Microsoft.Search/searchServices/search6785?api-version=2025-02-01-preview",
      "RequestMethod": "GET",
      "RequestHeaders": {
        "Authorization": "Sanitized",
        "traceparent": "00-37393cb9547dd7d2d0a5910e77fcdf1e-6bda60dd8e81275e-00",
        "User-Agent": "azsdk-net-ResourceManager/1.13.0 (.NET 8.0.15; Microsoft Windows 10.0.22631)",
        "x-ms-client-request-id": "Sanitized",
        "x-ms-return-client-request-id": "true"
      },
      "RequestBody": null,
      "StatusCode": 200,
      "ResponseHeaders": {
        "Cache-Control": "no-cache",
        "client-request-id": "Sanitized",
        "Content-Length": "959",
        "Content-Type": "application/json; charset=utf-8",
        "Date": "Tue, 29 Apr 2025 23:52:55 GMT",
        "elapsed-time": "75",
        "ETag": "W/\"datetime'2025-04-29T23%3A50%3A31.1680311Z'\"",
        "Expires": "-1",
        "Pragma": "no-cache",
        "request-id": "4b0db3a7-db81-fa61-aa41-510c802030c7",
        "Strict-Transport-Security": "max-age=31536000; includeSubDomains",
        "X-Cache": "CONFIG_NOCACHE",
        "X-Content-Type-Options": "nosniff",
        "x-ms-client-request-id": "Sanitized",
        "x-ms-correlation-request-id": "8069b6e6-54bc-45d6-a76e-00742c110694",
        "x-ms-ratelimit-remaining-subscription-global-reads": "16499",
        "x-ms-ratelimit-remaining-subscription-reads": "1099",
        "x-ms-request-id": "8069b6e6-54bc-45d6-a76e-00742c110694",
        "x-ms-routing-request-id": "SOUTHEASTASIA:20250429T235256Z:8069b6e6-54bc-45d6-a76e-00742c110694",
        "X-MSEdge-Ref": "Ref A: 1882C0C91F1F44A2B8DDD3A12247E304 Ref B: MAA201060513027 Ref C: 2025-04-29T23:52:54Z"
      },
      "ResponseBody": {
        "location": "East US 2 EUAP",
        "tags": {},
        "properties": {
          "replicaCount": 1,
          "partitionCount": 1,
          "endpoint": "https://search6785.search.windows.net",
          "status": "provisioning",
          "statusDetails": "",
          "provisioningState": "Provisioning",
          "hostingMode": "default",
          "computeType": "Default",
          "publicNetworkAccess": "Enabled",
          "networkRuleSet": {
            "ipRules": [],
            "bypass": "None"
          },
          "privateEndpointConnections": [],
          "sharedPrivateLinkResources": [],
          "encryptionWithCmk": {
            "enforcement": "Unspecified",
            "encryptionComplianceStatus": "Compliant"
          },
          "disableLocalAuth": false,
          "authOptions": {
            "apiKeyOnly": {}
          },
          "disabledDataExfiltrationOptions": [],
          "semanticSearch": "free",
          "upgradeAvailable": false,
          "serviceUpgradeDate": null
        },
        "systemData": {
          "createdAt": "2025-04-29T23:50:31.161Z"
        },
        "id": "/subscriptions/faa080af-c1d8-40ad-9cce-e1a450ca5b57/resourceGroups/Search-SDK-Test3057/providers/Microsoft.Search/searchServices/search6785",
        "name": "search6785",
        "type": "Microsoft.Search/searchServices",
        "sku": {
          "name": "standard"
        }
      }
    },
    {
      "RequestUri": "https://management.azure.com/subscriptions/faa080af-c1d8-40ad-9cce-e1a450ca5b57/resourceGroups/Search-SDK-Test3057/providers/Microsoft.Search/searchServices/search6785?api-version=2025-02-01-preview",
      "RequestMethod": "GET",
      "RequestHeaders": {
        "Authorization": "Sanitized",
        "traceparent": "00-37393cb9547dd7d2d0a5910e77fcdf1e-f3b275ef733b07a3-00",
        "User-Agent": "azsdk-net-ResourceManager/1.13.0 (.NET 8.0.15; Microsoft Windows 10.0.22631)",
        "x-ms-client-request-id": "Sanitized",
        "x-ms-return-client-request-id": "true"
      },
      "RequestBody": null,
      "StatusCode": 200,
      "ResponseHeaders": {
        "Cache-Control": "no-cache",
        "client-request-id": "Sanitized",
        "Content-Length": "959",
        "Content-Type": "application/json; charset=utf-8",
        "Date": "Tue, 29 Apr 2025 23:53:28 GMT",
        "elapsed-time": "65",
        "ETag": "W/\"datetime'2025-04-29T23%3A50%3A31.1680311Z'\"",
        "Expires": "-1",
        "Pragma": "no-cache",
        "request-id": "85fcf52f-9c67-f095-9fb8-59c7a323917e",
        "Strict-Transport-Security": "max-age=31536000; includeSubDomains",
        "X-Cache": "CONFIG_NOCACHE",
        "X-Content-Type-Options": "nosniff",
        "x-ms-client-request-id": "Sanitized",
        "x-ms-correlation-request-id": "112760fd-665c-480c-bad8-0ae6e1192a61",
        "x-ms-ratelimit-remaining-subscription-global-reads": "16499",
        "x-ms-ratelimit-remaining-subscription-reads": "1099",
        "x-ms-request-id": "112760fd-665c-480c-bad8-0ae6e1192a61",
        "x-ms-routing-request-id": "SOUTHEASTASIA:20250429T235329Z:112760fd-665c-480c-bad8-0ae6e1192a61",
        "X-MSEdge-Ref": "Ref A: 9403EE770FC740779B3968E61842B87A Ref B: MAA201060513027 Ref C: 2025-04-29T23:53:28Z"
      },
      "ResponseBody": {
        "location": "East US 2 EUAP",
        "tags": {},
        "properties": {
          "replicaCount": 1,
          "partitionCount": 1,
          "endpoint": "https://search6785.search.windows.net",
          "status": "provisioning",
          "statusDetails": "",
          "provisioningState": "Provisioning",
          "hostingMode": "default",
          "computeType": "Default",
          "publicNetworkAccess": "Enabled",
          "networkRuleSet": {
            "ipRules": [],
            "bypass": "None"
          },
          "privateEndpointConnections": [],
          "sharedPrivateLinkResources": [],
          "encryptionWithCmk": {
            "enforcement": "Unspecified",
            "encryptionComplianceStatus": "Compliant"
          },
          "disableLocalAuth": false,
          "authOptions": {
            "apiKeyOnly": {}
          },
          "disabledDataExfiltrationOptions": [],
          "semanticSearch": "free",
          "upgradeAvailable": false,
          "serviceUpgradeDate": null
        },
        "systemData": {
          "createdAt": "2025-04-29T23:50:31.161Z"
        },
        "id": "/subscriptions/faa080af-c1d8-40ad-9cce-e1a450ca5b57/resourceGroups/Search-SDK-Test3057/providers/Microsoft.Search/searchServices/search6785",
        "name": "search6785",
        "type": "Microsoft.Search/searchServices",
        "sku": {
          "name": "standard"
        }
      }
    },
    {
      "RequestUri": "https://management.azure.com/subscriptions/faa080af-c1d8-40ad-9cce-e1a450ca5b57/resourceGroups/Search-SDK-Test3057/providers/Microsoft.Search/searchServices/search6785?api-version=2025-02-01-preview",
      "RequestMethod": "GET",
      "RequestHeaders": {
        "Authorization": "Sanitized",
        "traceparent": "00-37393cb9547dd7d2d0a5910e77fcdf1e-a5faa43c76627a2d-00",
        "User-Agent": "azsdk-net-ResourceManager/1.13.0 (.NET 8.0.15; Microsoft Windows 10.0.22631)",
        "x-ms-client-request-id": "Sanitized",
        "x-ms-return-client-request-id": "true"
      },
      "RequestBody": null,
      "StatusCode": 200,
      "ResponseHeaders": {
        "Cache-Control": "no-cache",
        "client-request-id": "Sanitized",
        "Content-Length": "959",
        "Content-Type": "application/json; charset=utf-8",
        "Date": "Tue, 29 Apr 2025 23:54:02 GMT",
        "elapsed-time": "77",
        "ETag": "W/\"datetime'2025-04-29T23%3A50%3A31.1680311Z'\"",
        "Expires": "-1",
        "Pragma": "no-cache",
        "request-id": "264cd02d-968d-5428-3dbf-5db221e430d5",
        "Strict-Transport-Security": "max-age=31536000; includeSubDomains",
        "X-Cache": "CONFIG_NOCACHE",
        "X-Content-Type-Options": "nosniff",
        "x-ms-client-request-id": "Sanitized",
        "x-ms-correlation-request-id": "cc7178c0-235e-400f-9904-ca6b875162c3",
        "x-ms-ratelimit-remaining-subscription-global-reads": "16499",
        "x-ms-ratelimit-remaining-subscription-reads": "1099",
        "x-ms-request-id": "cc7178c0-235e-400f-9904-ca6b875162c3",
        "x-ms-routing-request-id": "SOUTHEASTASIA:20250429T235402Z:cc7178c0-235e-400f-9904-ca6b875162c3",
        "X-MSEdge-Ref": "Ref A: 417B5CAA72D04BFA963E3DB5BE9E61D8 Ref B: MAA201060513027 Ref C: 2025-04-29T23:54:01Z"
      },
      "ResponseBody": {
        "location": "East US 2 EUAP",
        "tags": {},
        "properties": {
          "replicaCount": 1,
          "partitionCount": 1,
          "endpoint": "https://search6785.search.windows.net",
          "status": "provisioning",
          "statusDetails": "",
          "provisioningState": "Provisioning",
          "hostingMode": "default",
          "computeType": "Default",
          "publicNetworkAccess": "Enabled",
          "networkRuleSet": {
            "ipRules": [],
            "bypass": "None"
          },
          "privateEndpointConnections": [],
          "sharedPrivateLinkResources": [],
          "encryptionWithCmk": {
            "enforcement": "Unspecified",
            "encryptionComplianceStatus": "Compliant"
          },
          "disableLocalAuth": false,
          "authOptions": {
            "apiKeyOnly": {}
          },
          "disabledDataExfiltrationOptions": [],
          "semanticSearch": "free",
          "upgradeAvailable": false,
          "serviceUpgradeDate": null
        },
        "systemData": {
          "createdAt": "2025-04-29T23:50:31.161Z"
        },
        "id": "/subscriptions/faa080af-c1d8-40ad-9cce-e1a450ca5b57/resourceGroups/Search-SDK-Test3057/providers/Microsoft.Search/searchServices/search6785",
        "name": "search6785",
        "type": "Microsoft.Search/searchServices",
        "sku": {
          "name": "standard"
        }
      }
    },
    {
      "RequestUri": "https://management.azure.com/subscriptions/faa080af-c1d8-40ad-9cce-e1a450ca5b57/resourceGroups/Search-SDK-Test3057/providers/Microsoft.Search/searchServices/search6785?api-version=2025-02-01-preview",
      "RequestMethod": "GET",
      "RequestHeaders": {
        "Authorization": "Sanitized",
        "traceparent": "00-37393cb9547dd7d2d0a5910e77fcdf1e-49a3298353521e3a-00",
        "User-Agent": "azsdk-net-ResourceManager/1.13.0 (.NET 8.0.15; Microsoft Windows 10.0.22631)",
        "x-ms-client-request-id": "Sanitized",
        "x-ms-return-client-request-id": "true"
      },
      "RequestBody": null,
      "StatusCode": 200,
      "ResponseHeaders": {
        "Cache-Control": "no-cache",
        "client-request-id": "Sanitized",
        "Content-Length": "959",
        "Content-Type": "application/json; charset=utf-8",
        "Date": "Tue, 29 Apr 2025 23:54:35 GMT",
        "elapsed-time": "68",
        "ETag": "W/\"datetime'2025-04-29T23%3A50%3A31.1680311Z'\"",
        "Expires": "-1",
        "Pragma": "no-cache",
        "request-id": "1a109f94-028e-0aff-1d1d-abc881995787",
        "Strict-Transport-Security": "max-age=31536000; includeSubDomains",
        "X-Cache": "CONFIG_NOCACHE",
        "X-Content-Type-Options": "nosniff",
        "x-ms-client-request-id": "Sanitized",
        "x-ms-correlation-request-id": "cc1da0f0-10bf-448d-b1ad-c3460757a5cf",
        "x-ms-ratelimit-remaining-subscription-global-reads": "16499",
        "x-ms-ratelimit-remaining-subscription-reads": "1099",
        "x-ms-request-id": "cc1da0f0-10bf-448d-b1ad-c3460757a5cf",
        "x-ms-routing-request-id": "SOUTHEASTASIA:20250429T235436Z:cc1da0f0-10bf-448d-b1ad-c3460757a5cf",
        "X-MSEdge-Ref": "Ref A: 346A007ACEA148DCA9234DCB3D532654 Ref B: MAA201060513027 Ref C: 2025-04-29T23:54:34Z"
      },
      "ResponseBody": {
        "location": "East US 2 EUAP",
        "tags": {},
        "properties": {
          "replicaCount": 1,
          "partitionCount": 1,
          "endpoint": "https://search6785.search.windows.net",
          "status": "provisioning",
          "statusDetails": "",
          "provisioningState": "Provisioning",
          "hostingMode": "default",
          "computeType": "Default",
          "publicNetworkAccess": "Enabled",
          "networkRuleSet": {
            "ipRules": [],
            "bypass": "None"
          },
          "privateEndpointConnections": [],
          "sharedPrivateLinkResources": [],
          "encryptionWithCmk": {
            "enforcement": "Unspecified",
            "encryptionComplianceStatus": "Compliant"
          },
          "disableLocalAuth": false,
          "authOptions": {
            "apiKeyOnly": {}
          },
          "disabledDataExfiltrationOptions": [],
          "semanticSearch": "free",
          "upgradeAvailable": false,
          "serviceUpgradeDate": null
        },
        "systemData": {
          "createdAt": "2025-04-29T23:50:31.161Z"
        },
        "id": "/subscriptions/faa080af-c1d8-40ad-9cce-e1a450ca5b57/resourceGroups/Search-SDK-Test3057/providers/Microsoft.Search/searchServices/search6785",
        "name": "search6785",
        "type": "Microsoft.Search/searchServices",
        "sku": {
          "name": "standard"
        }
      }
    },
    {
      "RequestUri": "https://management.azure.com/subscriptions/faa080af-c1d8-40ad-9cce-e1a450ca5b57/resourceGroups/Search-SDK-Test3057/providers/Microsoft.Search/searchServices/search6785?api-version=2025-02-01-preview",
      "RequestMethod": "GET",
      "RequestHeaders": {
        "Authorization": "Sanitized",
        "traceparent": "00-37393cb9547dd7d2d0a5910e77fcdf1e-2fc13c2fd04d2032-00",
        "User-Agent": "azsdk-net-ResourceManager/1.13.0 (.NET 8.0.15; Microsoft Windows 10.0.22631)",
        "x-ms-client-request-id": "Sanitized",
        "x-ms-return-client-request-id": "true"
      },
      "RequestBody": null,
      "StatusCode": 200,
      "ResponseHeaders": {
        "Cache-Control": "no-cache",
        "client-request-id": "Sanitized",
        "Content-Length": "959",
        "Content-Type": "application/json; charset=utf-8",
        "Date": "Tue, 29 Apr 2025 23:55:08 GMT",
        "elapsed-time": "65",
        "ETag": "W/\"datetime'2025-04-29T23%3A50%3A31.1680311Z'\"",
        "Expires": "-1",
        "Pragma": "no-cache",
        "request-id": "b0ded2af-0ad3-983a-cda8-47a83fe3cebb",
        "Strict-Transport-Security": "max-age=31536000; includeSubDomains",
        "X-Cache": "CONFIG_NOCACHE",
        "X-Content-Type-Options": "nosniff",
        "x-ms-client-request-id": "Sanitized",
        "x-ms-correlation-request-id": "3cfab678-a246-4e99-b6fc-04195a50627a",
        "x-ms-ratelimit-remaining-subscription-global-reads": "16499",
        "x-ms-ratelimit-remaining-subscription-reads": "1099",
        "x-ms-request-id": "3cfab678-a246-4e99-b6fc-04195a50627a",
        "x-ms-routing-request-id": "SOUTHEASTASIA:20250429T235509Z:3cfab678-a246-4e99-b6fc-04195a50627a",
        "X-MSEdge-Ref": "Ref A: 318D65D691814B109D5D17841524E195 Ref B: MAA201060513027 Ref C: 2025-04-29T23:55:08Z"
      },
      "ResponseBody": {
        "location": "East US 2 EUAP",
        "tags": {},
        "properties": {
          "replicaCount": 1,
          "partitionCount": 1,
          "endpoint": "https://search6785.search.windows.net",
          "status": "provisioning",
          "statusDetails": "",
          "provisioningState": "Provisioning",
          "hostingMode": "default",
          "computeType": "Default",
          "publicNetworkAccess": "Enabled",
          "networkRuleSet": {
            "ipRules": [],
            "bypass": "None"
          },
          "privateEndpointConnections": [],
          "sharedPrivateLinkResources": [],
          "encryptionWithCmk": {
            "enforcement": "Unspecified",
            "encryptionComplianceStatus": "Compliant"
          },
          "disableLocalAuth": false,
          "authOptions": {
            "apiKeyOnly": {}
          },
          "disabledDataExfiltrationOptions": [],
          "semanticSearch": "free",
          "upgradeAvailable": false,
          "serviceUpgradeDate": null
        },
        "systemData": {
          "createdAt": "2025-04-29T23:50:31.161Z"
        },
        "id": "/subscriptions/faa080af-c1d8-40ad-9cce-e1a450ca5b57/resourceGroups/Search-SDK-Test3057/providers/Microsoft.Search/searchServices/search6785",
        "name": "search6785",
        "type": "Microsoft.Search/searchServices",
        "sku": {
          "name": "standard"
        }
      }
    },
    {
      "RequestUri": "https://management.azure.com/subscriptions/faa080af-c1d8-40ad-9cce-e1a450ca5b57/resourceGroups/Search-SDK-Test3057/providers/Microsoft.Search/searchServices/search6785?api-version=2025-02-01-preview",
      "RequestMethod": "GET",
      "RequestHeaders": {
        "Authorization": "Sanitized",
        "traceparent": "00-37393cb9547dd7d2d0a5910e77fcdf1e-a3c001bbef38639a-00",
        "User-Agent": "azsdk-net-ResourceManager/1.13.0 (.NET 8.0.15; Microsoft Windows 10.0.22631)",
        "x-ms-client-request-id": "Sanitized",
        "x-ms-return-client-request-id": "true"
      },
      "RequestBody": null,
      "StatusCode": 200,
      "ResponseHeaders": {
        "Cache-Control": "no-cache",
        "client-request-id": "Sanitized",
        "Content-Length": "959",
        "Content-Type": "application/json; charset=utf-8",
        "Date": "Tue, 29 Apr 2025 23:55:42 GMT",
        "elapsed-time": "70",
        "ETag": "W/\"datetime'2025-04-29T23%3A50%3A31.1680311Z'\"",
        "Expires": "-1",
        "Pragma": "no-cache",
        "request-id": "04338487-7712-2bf0-d042-086fea5fd3a4",
        "Strict-Transport-Security": "max-age=31536000; includeSubDomains",
        "X-Cache": "CONFIG_NOCACHE",
        "X-Content-Type-Options": "nosniff",
        "x-ms-client-request-id": "Sanitized",
        "x-ms-correlation-request-id": "cc3f2c62-de4e-4175-8767-05df9d584284",
        "x-ms-ratelimit-remaining-subscription-global-reads": "16499",
        "x-ms-ratelimit-remaining-subscription-reads": "1099",
        "x-ms-request-id": "cc3f2c62-de4e-4175-8767-05df9d584284",
        "x-ms-routing-request-id": "SOUTHEASTASIA:20250429T235542Z:cc3f2c62-de4e-4175-8767-05df9d584284",
        "X-MSEdge-Ref": "Ref A: C229AA4258554354ABF994123AFA4B8D Ref B: MAA201060513027 Ref C: 2025-04-29T23:55:41Z"
      },
      "ResponseBody": {
        "location": "East US 2 EUAP",
        "tags": {},
        "properties": {
          "replicaCount": 1,
          "partitionCount": 1,
          "endpoint": "https://search6785.search.windows.net",
          "status": "provisioning",
          "statusDetails": "",
          "provisioningState": "Provisioning",
          "hostingMode": "default",
          "computeType": "Default",
          "publicNetworkAccess": "Enabled",
          "networkRuleSet": {
            "ipRules": [],
            "bypass": "None"
          },
          "privateEndpointConnections": [],
          "sharedPrivateLinkResources": [],
          "encryptionWithCmk": {
            "enforcement": "Unspecified",
            "encryptionComplianceStatus": "Compliant"
          },
          "disableLocalAuth": false,
          "authOptions": {
            "apiKeyOnly": {}
          },
          "disabledDataExfiltrationOptions": [],
          "semanticSearch": "free",
          "upgradeAvailable": false,
          "serviceUpgradeDate": null
        },
        "systemData": {
          "createdAt": "2025-04-29T23:50:31.161Z"
        },
        "id": "/subscriptions/faa080af-c1d8-40ad-9cce-e1a450ca5b57/resourceGroups/Search-SDK-Test3057/providers/Microsoft.Search/searchServices/search6785",
        "name": "search6785",
        "type": "Microsoft.Search/searchServices",
        "sku": {
          "name": "standard"
        }
      }
    },
    {
      "RequestUri": "https://management.azure.com/subscriptions/faa080af-c1d8-40ad-9cce-e1a450ca5b57/resourceGroups/Search-SDK-Test3057/providers/Microsoft.Search/searchServices/search6785?api-version=2025-02-01-preview",
      "RequestMethod": "GET",
      "RequestHeaders": {
        "Authorization": "Sanitized",
        "traceparent": "00-37393cb9547dd7d2d0a5910e77fcdf1e-5643b955042adefc-00",
        "User-Agent": "azsdk-net-ResourceManager/1.13.0 (.NET 8.0.15; Microsoft Windows 10.0.22631)",
        "x-ms-client-request-id": "Sanitized",
        "x-ms-return-client-request-id": "true"
      },
      "RequestBody": null,
      "StatusCode": 200,
      "ResponseHeaders": {
        "Cache-Control": "no-cache",
        "client-request-id": "Sanitized",
        "Content-Length": "959",
        "Content-Type": "application/json; charset=utf-8",
        "Date": "Tue, 29 Apr 2025 23:56:15 GMT",
        "elapsed-time": "65",
        "ETag": "W/\"datetime'2025-04-29T23%3A50%3A31.1680311Z'\"",
        "Expires": "-1",
        "Pragma": "no-cache",
        "request-id": "4e02d667-8005-8901-6578-4ce5ba56ca3a",
        "Strict-Transport-Security": "max-age=31536000; includeSubDomains",
        "X-Cache": "CONFIG_NOCACHE",
        "X-Content-Type-Options": "nosniff",
        "x-ms-client-request-id": "Sanitized",
        "x-ms-correlation-request-id": "f9372206-ac2c-40fe-bca7-58434b0f0bdf",
        "x-ms-ratelimit-remaining-subscription-global-reads": "16499",
        "x-ms-ratelimit-remaining-subscription-reads": "1099",
        "x-ms-request-id": "f9372206-ac2c-40fe-bca7-58434b0f0bdf",
        "x-ms-routing-request-id": "SOUTHEASTASIA:20250429T235616Z:f9372206-ac2c-40fe-bca7-58434b0f0bdf",
        "X-MSEdge-Ref": "Ref A: 68C309548BE445F5BB80139F7F939652 Ref B: MAA201060513027 Ref C: 2025-04-29T23:56:14Z"
      },
      "ResponseBody": {
        "location": "East US 2 EUAP",
        "tags": {},
        "properties": {
          "replicaCount": 1,
          "partitionCount": 1,
          "endpoint": "https://search6785.search.windows.net",
          "status": "provisioning",
          "statusDetails": "",
          "provisioningState": "Provisioning",
          "hostingMode": "default",
          "computeType": "Default",
          "publicNetworkAccess": "Enabled",
          "networkRuleSet": {
            "ipRules": [],
            "bypass": "None"
          },
          "privateEndpointConnections": [],
          "sharedPrivateLinkResources": [],
          "encryptionWithCmk": {
            "enforcement": "Unspecified",
            "encryptionComplianceStatus": "Compliant"
          },
          "disableLocalAuth": false,
          "authOptions": {
            "apiKeyOnly": {}
          },
          "disabledDataExfiltrationOptions": [],
          "semanticSearch": "free",
          "upgradeAvailable": false,
          "serviceUpgradeDate": null
        },
        "systemData": {
          "createdAt": "2025-04-29T23:50:31.161Z"
        },
        "id": "/subscriptions/faa080af-c1d8-40ad-9cce-e1a450ca5b57/resourceGroups/Search-SDK-Test3057/providers/Microsoft.Search/searchServices/search6785",
        "name": "search6785",
        "type": "Microsoft.Search/searchServices",
        "sku": {
          "name": "standard"
        }
      }
    },
    {
      "RequestUri": "https://management.azure.com/subscriptions/faa080af-c1d8-40ad-9cce-e1a450ca5b57/resourceGroups/Search-SDK-Test3057/providers/Microsoft.Search/searchServices/search6785?api-version=2025-02-01-preview",
      "RequestMethod": "GET",
      "RequestHeaders": {
        "Authorization": "Sanitized",
        "traceparent": "00-37393cb9547dd7d2d0a5910e77fcdf1e-87ab2409eafa5b4f-00",
        "User-Agent": "azsdk-net-ResourceManager/1.13.0 (.NET 8.0.15; Microsoft Windows 10.0.22631)",
        "x-ms-client-request-id": "Sanitized",
        "x-ms-return-client-request-id": "true"
      },
      "RequestBody": null,
      "StatusCode": 200,
      "ResponseHeaders": {
        "Cache-Control": "no-cache",
        "client-request-id": "Sanitized",
        "Content-Length": "959",
        "Content-Type": "application/json; charset=utf-8",
        "Date": "Tue, 29 Apr 2025 23:56:48 GMT",
        "elapsed-time": "67",
        "ETag": "W/\"datetime'2025-04-29T23%3A50%3A31.1680311Z'\"",
        "Expires": "-1",
        "Pragma": "no-cache",
        "request-id": "fc41f04e-5265-3874-e1b3-df9102caad6e",
        "Strict-Transport-Security": "max-age=31536000; includeSubDomains",
        "X-Cache": "CONFIG_NOCACHE",
        "X-Content-Type-Options": "nosniff",
        "x-ms-client-request-id": "Sanitized",
        "x-ms-correlation-request-id": "800070ac-09fe-48d0-8cc1-914608ccd0d5",
        "x-ms-ratelimit-remaining-subscription-global-reads": "16499",
        "x-ms-ratelimit-remaining-subscription-reads": "1099",
        "x-ms-request-id": "800070ac-09fe-48d0-8cc1-914608ccd0d5",
        "x-ms-routing-request-id": "SOUTHEASTASIA:20250429T235649Z:800070ac-09fe-48d0-8cc1-914608ccd0d5",
        "X-MSEdge-Ref": "Ref A: A2FAF3D565EB4157A9D8F4CF18F2A553 Ref B: MAA201060513027 Ref C: 2025-04-29T23:56:48Z"
      },
      "ResponseBody": {
        "location": "East US 2 EUAP",
        "tags": {},
        "properties": {
          "replicaCount": 1,
          "partitionCount": 1,
          "endpoint": "https://search6785.search.windows.net",
          "status": "provisioning",
          "statusDetails": "",
          "provisioningState": "Provisioning",
          "hostingMode": "default",
          "computeType": "Default",
          "publicNetworkAccess": "Enabled",
          "networkRuleSet": {
            "ipRules": [],
            "bypass": "None"
          },
          "privateEndpointConnections": [],
          "sharedPrivateLinkResources": [],
          "encryptionWithCmk": {
            "enforcement": "Unspecified",
            "encryptionComplianceStatus": "Compliant"
          },
          "disableLocalAuth": false,
          "authOptions": {
            "apiKeyOnly": {}
          },
          "disabledDataExfiltrationOptions": [],
          "semanticSearch": "free",
          "upgradeAvailable": false,
          "serviceUpgradeDate": null
        },
        "systemData": {
          "createdAt": "2025-04-29T23:50:31.161Z"
        },
        "id": "/subscriptions/faa080af-c1d8-40ad-9cce-e1a450ca5b57/resourceGroups/Search-SDK-Test3057/providers/Microsoft.Search/searchServices/search6785",
        "name": "search6785",
        "type": "Microsoft.Search/searchServices",
        "sku": {
          "name": "standard"
        }
      }
    },
    {
      "RequestUri": "https://management.azure.com/subscriptions/faa080af-c1d8-40ad-9cce-e1a450ca5b57/resourceGroups/Search-SDK-Test3057/providers/Microsoft.Search/searchServices/search6785?api-version=2025-02-01-preview",
      "RequestMethod": "GET",
      "RequestHeaders": {
        "Authorization": "Sanitized",
        "traceparent": "00-37393cb9547dd7d2d0a5910e77fcdf1e-c00b2ffccdfdb603-00",
        "User-Agent": "azsdk-net-ResourceManager/1.13.0 (.NET 8.0.15; Microsoft Windows 10.0.22631)",
        "x-ms-client-request-id": "Sanitized",
        "x-ms-return-client-request-id": "true"
      },
      "RequestBody": null,
      "StatusCode": 200,
      "ResponseHeaders": {
        "Cache-Control": "no-cache",
        "client-request-id": "Sanitized",
        "Content-Length": "959",
        "Content-Type": "application/json; charset=utf-8",
        "Date": "Tue, 29 Apr 2025 23:57:22 GMT",
        "elapsed-time": "71",
        "ETag": "W/\"datetime'2025-04-29T23%3A50%3A31.1680311Z'\"",
        "Expires": "-1",
        "Pragma": "no-cache",
        "request-id": "6840a3d4-80e0-07b5-83aa-9f9a2b0a707a",
        "Strict-Transport-Security": "max-age=31536000; includeSubDomains",
        "X-Cache": "CONFIG_NOCACHE",
        "X-Content-Type-Options": "nosniff",
        "x-ms-client-request-id": "Sanitized",
        "x-ms-correlation-request-id": "4955beaa-44c0-4d8b-b89e-c95d03825d4b",
        "x-ms-ratelimit-remaining-subscription-global-reads": "16499",
        "x-ms-ratelimit-remaining-subscription-reads": "1099",
        "x-ms-request-id": "4955beaa-44c0-4d8b-b89e-c95d03825d4b",
        "x-ms-routing-request-id": "SOUTHEASTASIA:20250429T235723Z:4955beaa-44c0-4d8b-b89e-c95d03825d4b",
        "X-MSEdge-Ref": "Ref A: 6FE44A52DD194466A5F39F1E6E5BB776 Ref B: MAA201060513027 Ref C: 2025-04-29T23:57:21Z"
      },
      "ResponseBody": {
        "location": "East US 2 EUAP",
        "tags": {},
        "properties": {
          "replicaCount": 1,
          "partitionCount": 1,
          "endpoint": "https://search6785.search.windows.net",
          "status": "provisioning",
          "statusDetails": "",
          "provisioningState": "Provisioning",
          "hostingMode": "default",
          "computeType": "Default",
          "publicNetworkAccess": "Enabled",
          "networkRuleSet": {
            "ipRules": [],
            "bypass": "None"
          },
          "privateEndpointConnections": [],
          "sharedPrivateLinkResources": [],
          "encryptionWithCmk": {
            "enforcement": "Unspecified",
            "encryptionComplianceStatus": "Compliant"
          },
          "disableLocalAuth": false,
          "authOptions": {
            "apiKeyOnly": {}
          },
          "disabledDataExfiltrationOptions": [],
          "semanticSearch": "free",
          "upgradeAvailable": false,
          "serviceUpgradeDate": null
        },
        "systemData": {
          "createdAt": "2025-04-29T23:50:31.161Z"
        },
        "id": "/subscriptions/faa080af-c1d8-40ad-9cce-e1a450ca5b57/resourceGroups/Search-SDK-Test3057/providers/Microsoft.Search/searchServices/search6785",
        "name": "search6785",
        "type": "Microsoft.Search/searchServices",
        "sku": {
          "name": "standard"
        }
      }
    },
    {
      "RequestUri": "https://management.azure.com/subscriptions/faa080af-c1d8-40ad-9cce-e1a450ca5b57/resourceGroups/Search-SDK-Test3057/providers/Microsoft.Search/searchServices/search6785?api-version=2025-02-01-preview",
      "RequestMethod": "GET",
      "RequestHeaders": {
        "Authorization": "Sanitized",
        "traceparent": "00-37393cb9547dd7d2d0a5910e77fcdf1e-c138e0c90864f4f6-00",
        "User-Agent": "azsdk-net-ResourceManager/1.13.0 (.NET 8.0.15; Microsoft Windows 10.0.22631)",
        "x-ms-client-request-id": "Sanitized",
        "x-ms-return-client-request-id": "true"
      },
      "RequestBody": null,
      "StatusCode": 200,
      "ResponseHeaders": {
        "Cache-Control": "no-cache",
        "client-request-id": "Sanitized",
        "Content-Length": "959",
        "Content-Type": "application/json; charset=utf-8",
        "Date": "Tue, 29 Apr 2025 23:57:56 GMT",
        "elapsed-time": "70",
        "ETag": "W/\"datetime'2025-04-29T23%3A50%3A31.1680311Z'\"",
        "Expires": "-1",
        "Pragma": "no-cache",
        "request-id": "fa21cd77-d71e-153e-61c9-6d52a06f869a",
        "Strict-Transport-Security": "max-age=31536000; includeSubDomains",
        "X-Cache": "CONFIG_NOCACHE",
        "X-Content-Type-Options": "nosniff",
        "x-ms-client-request-id": "Sanitized",
        "x-ms-correlation-request-id": "19f44cae-700e-4405-bca1-af57708d3085",
        "x-ms-ratelimit-remaining-subscription-global-reads": "16499",
        "x-ms-ratelimit-remaining-subscription-reads": "1099",
        "x-ms-request-id": "19f44cae-700e-4405-bca1-af57708d3085",
        "x-ms-routing-request-id": "SOUTHEASTASIA:20250429T235756Z:19f44cae-700e-4405-bca1-af57708d3085",
        "X-MSEdge-Ref": "Ref A: 5765A5A561314C6DAB4F6847A9B6BF18 Ref B: MAA201060513027 Ref C: 2025-04-29T23:57:55Z"
      },
      "ResponseBody": {
        "location": "East US 2 EUAP",
        "tags": {},
        "properties": {
          "replicaCount": 1,
          "partitionCount": 1,
          "endpoint": "https://search6785.search.windows.net",
          "status": "provisioning",
          "statusDetails": "",
          "provisioningState": "Provisioning",
          "hostingMode": "default",
          "computeType": "Default",
          "publicNetworkAccess": "Enabled",
          "networkRuleSet": {
            "ipRules": [],
            "bypass": "None"
          },
          "privateEndpointConnections": [],
          "sharedPrivateLinkResources": [],
          "encryptionWithCmk": {
            "enforcement": "Unspecified",
            "encryptionComplianceStatus": "Compliant"
          },
          "disableLocalAuth": false,
          "authOptions": {
            "apiKeyOnly": {}
          },
          "disabledDataExfiltrationOptions": [],
          "semanticSearch": "free",
          "upgradeAvailable": false,
          "serviceUpgradeDate": null
        },
        "systemData": {
          "createdAt": "2025-04-29T23:50:31.161Z"
        },
        "id": "/subscriptions/faa080af-c1d8-40ad-9cce-e1a450ca5b57/resourceGroups/Search-SDK-Test3057/providers/Microsoft.Search/searchServices/search6785",
        "name": "search6785",
        "type": "Microsoft.Search/searchServices",
        "sku": {
          "name": "standard"
        }
      }
    },
    {
      "RequestUri": "https://management.azure.com/subscriptions/faa080af-c1d8-40ad-9cce-e1a450ca5b57/resourceGroups/Search-SDK-Test3057/providers/Microsoft.Search/searchServices/search6785?api-version=2025-02-01-preview",
      "RequestMethod": "GET",
      "RequestHeaders": {
        "Authorization": "Sanitized",
        "traceparent": "00-37393cb9547dd7d2d0a5910e77fcdf1e-8ae8952c2ccfd05e-00",
        "User-Agent": "azsdk-net-ResourceManager/1.13.0 (.NET 8.0.15; Microsoft Windows 10.0.22631)",
        "x-ms-client-request-id": "Sanitized",
        "x-ms-return-client-request-id": "true"
      },
      "RequestBody": null,
      "StatusCode": 200,
      "ResponseHeaders": {
        "Cache-Control": "no-cache",
        "client-request-id": "Sanitized",
        "Content-Length": "959",
        "Content-Type": "application/json; charset=utf-8",
        "Date": "Tue, 29 Apr 2025 23:58:29 GMT",
        "elapsed-time": "62",
        "ETag": "W/\"datetime'2025-04-29T23%3A50%3A31.1680311Z'\"",
        "Expires": "-1",
        "Pragma": "no-cache",
        "request-id": "1611ddca-6215-ce59-3a39-78bbb3da0dd6",
        "Strict-Transport-Security": "max-age=31536000; includeSubDomains",
        "X-Cache": "CONFIG_NOCACHE",
        "X-Content-Type-Options": "nosniff",
        "x-ms-client-request-id": "Sanitized",
        "x-ms-correlation-request-id": "aa7c8c0d-96b0-4dca-b2f3-46c1fda53968",
        "x-ms-ratelimit-remaining-subscription-global-reads": "16499",
        "x-ms-ratelimit-remaining-subscription-reads": "1099",
        "x-ms-request-id": "aa7c8c0d-96b0-4dca-b2f3-46c1fda53968",
        "x-ms-routing-request-id": "SOUTHEASTASIA:20250429T235829Z:aa7c8c0d-96b0-4dca-b2f3-46c1fda53968",
        "X-MSEdge-Ref": "Ref A: 342794ACD6B949B989AC9BE66DB2A34C Ref B: MAA201060513027 Ref C: 2025-04-29T23:58:28Z"
      },
      "ResponseBody": {
        "location": "East US 2 EUAP",
        "tags": {},
        "properties": {
          "replicaCount": 1,
          "partitionCount": 1,
          "endpoint": "https://search6785.search.windows.net",
          "status": "provisioning",
          "statusDetails": "",
          "provisioningState": "Provisioning",
          "hostingMode": "default",
          "computeType": "Default",
          "publicNetworkAccess": "Enabled",
          "networkRuleSet": {
            "ipRules": [],
            "bypass": "None"
          },
          "privateEndpointConnections": [],
          "sharedPrivateLinkResources": [],
          "encryptionWithCmk": {
            "enforcement": "Unspecified",
            "encryptionComplianceStatus": "Compliant"
          },
          "disableLocalAuth": false,
          "authOptions": {
            "apiKeyOnly": {}
          },
          "disabledDataExfiltrationOptions": [],
          "semanticSearch": "free",
          "upgradeAvailable": false,
          "serviceUpgradeDate": null
        },
        "systemData": {
          "createdAt": "2025-04-29T23:50:31.161Z"
        },
        "id": "/subscriptions/faa080af-c1d8-40ad-9cce-e1a450ca5b57/resourceGroups/Search-SDK-Test3057/providers/Microsoft.Search/searchServices/search6785",
        "name": "search6785",
        "type": "Microsoft.Search/searchServices",
        "sku": {
          "name": "standard"
        }
      }
    },
    {
      "RequestUri": "https://management.azure.com/subscriptions/faa080af-c1d8-40ad-9cce-e1a450ca5b57/resourceGroups/Search-SDK-Test3057/providers/Microsoft.Search/searchServices/search6785?api-version=2025-02-01-preview",
      "RequestMethod": "GET",
      "RequestHeaders": {
        "Authorization": "Sanitized",
        "traceparent": "00-37393cb9547dd7d2d0a5910e77fcdf1e-e5ffb3b9c94b87f8-00",
        "User-Agent": "azsdk-net-ResourceManager/1.13.0 (.NET 8.0.15; Microsoft Windows 10.0.22631)",
        "x-ms-client-request-id": "Sanitized",
        "x-ms-return-client-request-id": "true"
      },
      "RequestBody": null,
      "StatusCode": 200,
      "ResponseHeaders": {
        "Cache-Control": "no-cache",
        "client-request-id": "Sanitized",
        "Content-Length": "959",
        "Content-Type": "application/json; charset=utf-8",
        "Date": "Tue, 29 Apr 2025 23:59:03 GMT",
        "elapsed-time": "72",
        "ETag": "W/\"datetime'2025-04-29T23%3A50%3A31.1680311Z'\"",
        "Expires": "-1",
        "Pragma": "no-cache",
        "request-id": "34196542-b3a8-fd50-652b-071713636713",
        "Strict-Transport-Security": "max-age=31536000; includeSubDomains",
        "X-Cache": "CONFIG_NOCACHE",
        "X-Content-Type-Options": "nosniff",
        "x-ms-client-request-id": "Sanitized",
        "x-ms-correlation-request-id": "5fe30b97-c3f6-4272-8f82-0dc7d0c1ab56",
        "x-ms-ratelimit-remaining-subscription-global-reads": "16499",
        "x-ms-ratelimit-remaining-subscription-reads": "1099",
        "x-ms-request-id": "5fe30b97-c3f6-4272-8f82-0dc7d0c1ab56",
        "x-ms-routing-request-id": "SOUTHEASTASIA:20250429T235903Z:5fe30b97-c3f6-4272-8f82-0dc7d0c1ab56",
        "X-MSEdge-Ref": "Ref A: 7688912BB1834EED8C213D1CC53D32BA Ref B: MAA201060513027 Ref C: 2025-04-29T23:59:02Z"
      },
      "ResponseBody": {
        "location": "East US 2 EUAP",
        "tags": {},
        "properties": {
          "replicaCount": 1,
          "partitionCount": 1,
          "endpoint": "https://search6785.search.windows.net",
          "status": "provisioning",
          "statusDetails": "",
          "provisioningState": "Provisioning",
          "hostingMode": "default",
          "computeType": "Default",
          "publicNetworkAccess": "Enabled",
          "networkRuleSet": {
            "ipRules": [],
            "bypass": "None"
          },
          "privateEndpointConnections": [],
          "sharedPrivateLinkResources": [],
          "encryptionWithCmk": {
            "enforcement": "Unspecified",
            "encryptionComplianceStatus": "Compliant"
          },
          "disableLocalAuth": false,
          "authOptions": {
            "apiKeyOnly": {}
          },
          "disabledDataExfiltrationOptions": [],
          "semanticSearch": "free",
          "upgradeAvailable": false,
          "serviceUpgradeDate": null
        },
        "systemData": {
          "createdAt": "2025-04-29T23:50:31.161Z"
        },
        "id": "/subscriptions/faa080af-c1d8-40ad-9cce-e1a450ca5b57/resourceGroups/Search-SDK-Test3057/providers/Microsoft.Search/searchServices/search6785",
        "name": "search6785",
        "type": "Microsoft.Search/searchServices",
        "sku": {
          "name": "standard"
        }
      }
    },
    {
      "RequestUri": "https://management.azure.com/subscriptions/faa080af-c1d8-40ad-9cce-e1a450ca5b57/resourceGroups/Search-SDK-Test3057/providers/Microsoft.Search/searchServices/search6785?api-version=2025-02-01-preview",
      "RequestMethod": "GET",
      "RequestHeaders": {
        "Authorization": "Sanitized",
        "traceparent": "00-37393cb9547dd7d2d0a5910e77fcdf1e-b2e7435b10dd5962-00",
        "User-Agent": "azsdk-net-ResourceManager/1.13.0 (.NET 8.0.15; Microsoft Windows 10.0.22631)",
        "x-ms-client-request-id": "Sanitized",
        "x-ms-return-client-request-id": "true"
      },
      "RequestBody": null,
      "StatusCode": 200,
      "ResponseHeaders": {
        "Cache-Control": "no-cache",
        "client-request-id": "Sanitized",
        "Content-Length": "959",
        "Content-Type": "application/json; charset=utf-8",
        "Date": "Tue, 29 Apr 2025 23:59:36 GMT",
        "elapsed-time": "63",
        "ETag": "W/\"datetime'2025-04-29T23%3A50%3A31.1680311Z'\"",
        "Expires": "-1",
        "Pragma": "no-cache",
        "request-id": "4dd00423-5af9-1564-7453-bfe45e836286",
        "Strict-Transport-Security": "max-age=31536000; includeSubDomains",
        "X-Cache": "CONFIG_NOCACHE",
        "X-Content-Type-Options": "nosniff",
        "x-ms-client-request-id": "Sanitized",
        "x-ms-correlation-request-id": "42a93232-a50c-43e4-8dc2-52c951d26fcd",
        "x-ms-ratelimit-remaining-subscription-global-reads": "16499",
        "x-ms-ratelimit-remaining-subscription-reads": "1099",
        "x-ms-request-id": "42a93232-a50c-43e4-8dc2-52c951d26fcd",
        "x-ms-routing-request-id": "SOUTHEASTASIA:20250429T235936Z:42a93232-a50c-43e4-8dc2-52c951d26fcd",
        "X-MSEdge-Ref": "Ref A: 027E6CEBB43E418C80C4109BA8D215EF Ref B: MAA201060513027 Ref C: 2025-04-29T23:59:35Z"
      },
      "ResponseBody": {
        "location": "East US 2 EUAP",
        "tags": {},
        "properties": {
          "replicaCount": 1,
          "partitionCount": 1,
          "endpoint": "https://search6785.search.windows.net",
          "status": "provisioning",
          "statusDetails": "",
          "provisioningState": "Provisioning",
          "hostingMode": "default",
          "computeType": "Default",
          "publicNetworkAccess": "Enabled",
          "networkRuleSet": {
            "ipRules": [],
            "bypass": "None"
          },
          "privateEndpointConnections": [],
          "sharedPrivateLinkResources": [],
          "encryptionWithCmk": {
            "enforcement": "Unspecified",
            "encryptionComplianceStatus": "Compliant"
          },
          "disableLocalAuth": false,
          "authOptions": {
            "apiKeyOnly": {}
          },
          "disabledDataExfiltrationOptions": [],
          "semanticSearch": "free",
          "upgradeAvailable": false,
          "serviceUpgradeDate": null
        },
        "systemData": {
          "createdAt": "2025-04-29T23:50:31.161Z"
        },
        "id": "/subscriptions/faa080af-c1d8-40ad-9cce-e1a450ca5b57/resourceGroups/Search-SDK-Test3057/providers/Microsoft.Search/searchServices/search6785",
        "name": "search6785",
        "type": "Microsoft.Search/searchServices",
        "sku": {
          "name": "standard"
        }
      }
    },
    {
      "RequestUri": "https://management.azure.com/subscriptions/faa080af-c1d8-40ad-9cce-e1a450ca5b57/resourceGroups/Search-SDK-Test3057/providers/Microsoft.Search/searchServices/search6785?api-version=2025-02-01-preview",
      "RequestMethod": "GET",
      "RequestHeaders": {
        "Authorization": "Sanitized",
        "traceparent": "00-37393cb9547dd7d2d0a5910e77fcdf1e-38e3c94c24b9bf84-00",
        "User-Agent": "azsdk-net-ResourceManager/1.13.0 (.NET 8.0.15; Microsoft Windows 10.0.22631)",
        "x-ms-client-request-id": "Sanitized",
        "x-ms-return-client-request-id": "true"
      },
      "RequestBody": null,
      "StatusCode": 200,
      "ResponseHeaders": {
        "Cache-Control": "no-cache",
        "client-request-id": "Sanitized",
        "Content-Length": "959",
        "Content-Type": "application/json; charset=utf-8",
        "Date": "Wed, 30 Apr 2025 00:00:10 GMT",
        "elapsed-time": "69",
        "ETag": "W/\"datetime'2025-04-29T23%3A50%3A31.1680311Z'\"",
        "Expires": "-1",
        "Pragma": "no-cache",
        "request-id": "3a0f96bc-5155-16f1-8d13-b1ea5a42bbd7",
        "Strict-Transport-Security": "max-age=31536000; includeSubDomains",
        "X-Cache": "CONFIG_NOCACHE",
        "X-Content-Type-Options": "nosniff",
        "x-ms-client-request-id": "Sanitized",
        "x-ms-correlation-request-id": "02f48b7b-19e2-438b-813a-4ea7dfe946af",
        "x-ms-ratelimit-remaining-subscription-global-reads": "16499",
        "x-ms-ratelimit-remaining-subscription-reads": "1099",
        "x-ms-request-id": "02f48b7b-19e2-438b-813a-4ea7dfe946af",
        "x-ms-routing-request-id": "SOUTHEASTASIA:20250430T000010Z:02f48b7b-19e2-438b-813a-4ea7dfe946af",
        "X-MSEdge-Ref": "Ref A: 9F3EED9BBBB34726A7DB32A840CBEBA3 Ref B: MAA201060513027 Ref C: 2025-04-30T00:00:09Z"
      },
      "ResponseBody": {
        "location": "East US 2 EUAP",
        "tags": {},
        "properties": {
          "replicaCount": 1,
          "partitionCount": 1,
          "endpoint": "https://search6785.search.windows.net",
          "status": "provisioning",
          "statusDetails": "",
          "provisioningState": "Provisioning",
          "hostingMode": "default",
          "computeType": "Default",
          "publicNetworkAccess": "Enabled",
          "networkRuleSet": {
            "ipRules": [],
            "bypass": "None"
          },
          "privateEndpointConnections": [],
          "sharedPrivateLinkResources": [],
          "encryptionWithCmk": {
            "enforcement": "Unspecified",
            "encryptionComplianceStatus": "Compliant"
          },
          "disableLocalAuth": false,
          "authOptions": {
            "apiKeyOnly": {}
          },
          "disabledDataExfiltrationOptions": [],
          "semanticSearch": "free",
          "upgradeAvailable": false,
          "serviceUpgradeDate": null
        },
        "systemData": {
          "createdAt": "2025-04-29T23:50:31.161Z"
        },
        "id": "/subscriptions/faa080af-c1d8-40ad-9cce-e1a450ca5b57/resourceGroups/Search-SDK-Test3057/providers/Microsoft.Search/searchServices/search6785",
        "name": "search6785",
        "type": "Microsoft.Search/searchServices",
        "sku": {
          "name": "standard"
        }
      }
    },
    {
      "RequestUri": "https://management.azure.com/subscriptions/faa080af-c1d8-40ad-9cce-e1a450ca5b57/resourceGroups/Search-SDK-Test3057/providers/Microsoft.Search/searchServices/search6785?api-version=2025-02-01-preview",
      "RequestMethod": "GET",
      "RequestHeaders": {
        "Authorization": "Sanitized",
        "traceparent": "00-37393cb9547dd7d2d0a5910e77fcdf1e-164643311f0e6ad7-00",
        "User-Agent": "azsdk-net-ResourceManager/1.13.0 (.NET 8.0.15; Microsoft Windows 10.0.22631)",
        "x-ms-client-request-id": "Sanitized",
        "x-ms-return-client-request-id": "true"
      },
      "RequestBody": null,
      "StatusCode": 200,
      "ResponseHeaders": {
        "Cache-Control": "no-cache",
        "client-request-id": "Sanitized",
        "Content-Length": "959",
        "Content-Type": "application/json; charset=utf-8",
        "Date": "Wed, 30 Apr 2025 00:00:43 GMT",
        "elapsed-time": "92",
        "ETag": "W/\"datetime'2025-04-29T23%3A50%3A31.1680311Z'\"",
        "Expires": "-1",
        "Pragma": "no-cache",
        "request-id": "ae9764d2-c00a-e8dc-0104-c055f36b9ee1",
        "Strict-Transport-Security": "max-age=31536000; includeSubDomains",
        "X-Cache": "CONFIG_NOCACHE",
        "X-Content-Type-Options": "nosniff",
        "x-ms-client-request-id": "Sanitized",
        "x-ms-correlation-request-id": "9c2495dc-adc6-4840-b63f-f46655392356",
        "x-ms-ratelimit-remaining-subscription-global-reads": "16499",
        "x-ms-ratelimit-remaining-subscription-reads": "1099",
        "x-ms-request-id": "9c2495dc-adc6-4840-b63f-f46655392356",
        "x-ms-routing-request-id": "SOUTHEASTASIA:20250430T000043Z:9c2495dc-adc6-4840-b63f-f46655392356",
        "X-MSEdge-Ref": "Ref A: 9F11F74478C343E88DE35082EAA10CE5 Ref B: MAA201060513027 Ref C: 2025-04-30T00:00:42Z"
      },
      "ResponseBody": {
        "location": "East US 2 EUAP",
        "tags": {},
        "properties": {
          "replicaCount": 1,
          "partitionCount": 1,
          "endpoint": "https://search6785.search.windows.net",
          "status": "provisioning",
          "statusDetails": "",
          "provisioningState": "Provisioning",
          "hostingMode": "default",
          "computeType": "Default",
          "publicNetworkAccess": "Enabled",
          "networkRuleSet": {
            "ipRules": [],
            "bypass": "None"
          },
          "privateEndpointConnections": [],
          "sharedPrivateLinkResources": [],
          "encryptionWithCmk": {
            "enforcement": "Unspecified",
            "encryptionComplianceStatus": "Compliant"
          },
          "disableLocalAuth": false,
          "authOptions": {
            "apiKeyOnly": {}
          },
          "disabledDataExfiltrationOptions": [],
          "semanticSearch": "free",
          "upgradeAvailable": false,
          "serviceUpgradeDate": null
        },
        "systemData": {
          "createdAt": "2025-04-29T23:50:31.161Z"
        },
        "id": "/subscriptions/faa080af-c1d8-40ad-9cce-e1a450ca5b57/resourceGroups/Search-SDK-Test3057/providers/Microsoft.Search/searchServices/search6785",
        "name": "search6785",
        "type": "Microsoft.Search/searchServices",
        "sku": {
          "name": "standard"
        }
      }
    },
    {
      "RequestUri": "https://management.azure.com/subscriptions/faa080af-c1d8-40ad-9cce-e1a450ca5b57/resourceGroups/Search-SDK-Test3057/providers/Microsoft.Search/searchServices/search6785?api-version=2025-02-01-preview",
      "RequestMethod": "GET",
      "RequestHeaders": {
        "Authorization": "Sanitized",
        "traceparent": "00-37393cb9547dd7d2d0a5910e77fcdf1e-51247d087968e40d-00",
        "User-Agent": "azsdk-net-ResourceManager/1.13.0 (.NET 8.0.15; Microsoft Windows 10.0.22631)",
        "x-ms-client-request-id": "Sanitized",
        "x-ms-return-client-request-id": "true"
      },
      "RequestBody": null,
      "StatusCode": 200,
      "ResponseHeaders": {
        "Cache-Control": "no-cache",
        "client-request-id": "Sanitized",
        "Content-Length": "959",
        "Content-Type": "application/json; charset=utf-8",
        "Date": "Wed, 30 Apr 2025 00:01:16 GMT",
        "elapsed-time": "80",
        "ETag": "W/\"datetime'2025-04-29T23%3A50%3A31.1680311Z'\"",
        "Expires": "-1",
        "Pragma": "no-cache",
        "request-id": "7c5a80c9-2c53-d2be-13b9-bfe5a87aba31",
        "Strict-Transport-Security": "max-age=31536000; includeSubDomains",
        "X-Cache": "CONFIG_NOCACHE",
        "X-Content-Type-Options": "nosniff",
        "x-ms-client-request-id": "Sanitized",
        "x-ms-correlation-request-id": "76821049-c93d-4140-b96f-cd67a3305eb0",
        "x-ms-ratelimit-remaining-subscription-global-reads": "16499",
        "x-ms-ratelimit-remaining-subscription-reads": "1099",
        "x-ms-request-id": "76821049-c93d-4140-b96f-cd67a3305eb0",
        "x-ms-routing-request-id": "SOUTHEASTASIA:20250430T000117Z:76821049-c93d-4140-b96f-cd67a3305eb0",
        "X-MSEdge-Ref": "Ref A: 4FDFE992F45646AE8186410DB258C3C2 Ref B: MAA201060513027 Ref C: 2025-04-30T00:01:15Z"
      },
      "ResponseBody": {
        "location": "East US 2 EUAP",
        "tags": {},
        "properties": {
          "replicaCount": 1,
          "partitionCount": 1,
          "endpoint": "https://search6785.search.windows.net",
          "status": "provisioning",
          "statusDetails": "",
          "provisioningState": "Provisioning",
          "hostingMode": "default",
          "computeType": "Default",
          "publicNetworkAccess": "Enabled",
          "networkRuleSet": {
            "ipRules": [],
            "bypass": "None"
          },
          "privateEndpointConnections": [],
          "sharedPrivateLinkResources": [],
          "encryptionWithCmk": {
            "enforcement": "Unspecified",
            "encryptionComplianceStatus": "Compliant"
          },
          "disableLocalAuth": false,
          "authOptions": {
            "apiKeyOnly": {}
          },
          "disabledDataExfiltrationOptions": [],
          "semanticSearch": "free",
          "upgradeAvailable": false,
          "serviceUpgradeDate": null
        },
        "systemData": {
          "createdAt": "2025-04-29T23:50:31.161Z"
        },
        "id": "/subscriptions/faa080af-c1d8-40ad-9cce-e1a450ca5b57/resourceGroups/Search-SDK-Test3057/providers/Microsoft.Search/searchServices/search6785",
        "name": "search6785",
        "type": "Microsoft.Search/searchServices",
        "sku": {
          "name": "standard"
        }
      }
    },
    {
      "RequestUri": "https://management.azure.com/subscriptions/faa080af-c1d8-40ad-9cce-e1a450ca5b57/resourceGroups/Search-SDK-Test3057/providers/Microsoft.Search/searchServices/search6785?api-version=2025-02-01-preview",
      "RequestMethod": "GET",
      "RequestHeaders": {
        "Authorization": "Sanitized",
        "traceparent": "00-37393cb9547dd7d2d0a5910e77fcdf1e-67017bd19f494631-00",
        "User-Agent": "azsdk-net-ResourceManager/1.13.0 (.NET 8.0.15; Microsoft Windows 10.0.22631)",
        "x-ms-client-request-id": "Sanitized",
        "x-ms-return-client-request-id": "true"
      },
      "RequestBody": null,
      "StatusCode": 200,
      "ResponseHeaders": {
        "Cache-Control": "no-cache",
        "client-request-id": "Sanitized",
        "Content-Length": "959",
        "Content-Type": "application/json; charset=utf-8",
        "Date": "Wed, 30 Apr 2025 00:01:50 GMT",
        "elapsed-time": "75",
        "ETag": "W/\"datetime'2025-04-29T23%3A50%3A31.1680311Z'\"",
        "Expires": "-1",
        "Pragma": "no-cache",
        "request-id": "fa12e798-b3ec-fc7c-b927-3951909c2221",
        "Strict-Transport-Security": "max-age=31536000; includeSubDomains",
        "X-Cache": "CONFIG_NOCACHE",
        "X-Content-Type-Options": "nosniff",
        "x-ms-client-request-id": "Sanitized",
        "x-ms-correlation-request-id": "6cd82e1b-a2f8-4ebb-8800-95d6b569b5f0",
        "x-ms-ratelimit-remaining-subscription-global-reads": "16499",
        "x-ms-ratelimit-remaining-subscription-reads": "1099",
        "x-ms-request-id": "6cd82e1b-a2f8-4ebb-8800-95d6b569b5f0",
        "x-ms-routing-request-id": "SOUTHEASTASIA:20250430T000150Z:6cd82e1b-a2f8-4ebb-8800-95d6b569b5f0",
        "X-MSEdge-Ref": "Ref A: 099C37D817674193BDD26C2E5AFBDFCC Ref B: MAA201060513027 Ref C: 2025-04-30T00:01:49Z"
      },
      "ResponseBody": {
        "location": "East US 2 EUAP",
        "tags": {},
        "properties": {
          "replicaCount": 1,
          "partitionCount": 1,
          "endpoint": "https://search6785.search.windows.net",
          "status": "provisioning",
          "statusDetails": "",
          "provisioningState": "Provisioning",
          "hostingMode": "default",
          "computeType": "Default",
          "publicNetworkAccess": "Enabled",
          "networkRuleSet": {
            "ipRules": [],
            "bypass": "None"
          },
          "privateEndpointConnections": [],
          "sharedPrivateLinkResources": [],
          "encryptionWithCmk": {
            "enforcement": "Unspecified",
            "encryptionComplianceStatus": "Compliant"
          },
          "disableLocalAuth": false,
          "authOptions": {
            "apiKeyOnly": {}
          },
          "disabledDataExfiltrationOptions": [],
          "semanticSearch": "free",
          "upgradeAvailable": false,
          "serviceUpgradeDate": null
        },
        "systemData": {
          "createdAt": "2025-04-29T23:50:31.161Z"
        },
        "id": "/subscriptions/faa080af-c1d8-40ad-9cce-e1a450ca5b57/resourceGroups/Search-SDK-Test3057/providers/Microsoft.Search/searchServices/search6785",
        "name": "search6785",
        "type": "Microsoft.Search/searchServices",
        "sku": {
          "name": "standard"
        }
      }
    },
    {
      "RequestUri": "https://management.azure.com/subscriptions/faa080af-c1d8-40ad-9cce-e1a450ca5b57/resourceGroups/Search-SDK-Test3057/providers/Microsoft.Search/searchServices/search6785?api-version=2025-02-01-preview",
      "RequestMethod": "GET",
      "RequestHeaders": {
        "Authorization": "Sanitized",
        "traceparent": "00-37393cb9547dd7d2d0a5910e77fcdf1e-601d8b16ad654052-00",
        "User-Agent": "azsdk-net-ResourceManager/1.13.0 (.NET 8.0.15; Microsoft Windows 10.0.22631)",
        "x-ms-client-request-id": "Sanitized",
        "x-ms-return-client-request-id": "true"
      },
      "RequestBody": null,
      "StatusCode": 200,
      "ResponseHeaders": {
        "Cache-Control": "no-cache",
        "client-request-id": "Sanitized",
        "Content-Length": "959",
        "Content-Type": "application/json; charset=utf-8",
        "Date": "Wed, 30 Apr 2025 00:02:23 GMT",
        "elapsed-time": "77",
        "ETag": "W/\"datetime'2025-04-29T23%3A50%3A31.1680311Z'\"",
        "Expires": "-1",
        "Pragma": "no-cache",
        "request-id": "da21cf75-3ee8-a584-a6c4-9b5100f73f87",
        "Strict-Transport-Security": "max-age=31536000; includeSubDomains",
        "X-Cache": "CONFIG_NOCACHE",
        "X-Content-Type-Options": "nosniff",
        "x-ms-client-request-id": "Sanitized",
        "x-ms-correlation-request-id": "aa9bc9b7-169f-42f8-88c9-29af4f1496dd",
        "x-ms-ratelimit-remaining-subscription-global-reads": "16499",
        "x-ms-ratelimit-remaining-subscription-reads": "1099",
        "x-ms-request-id": "aa9bc9b7-169f-42f8-88c9-29af4f1496dd",
        "x-ms-routing-request-id": "SOUTHEASTASIA:20250430T000224Z:aa9bc9b7-169f-42f8-88c9-29af4f1496dd",
        "X-MSEdge-Ref": "Ref A: 90F04A8AE64F4C819156BF91DD0F71D6 Ref B: MAA201060513027 Ref C: 2025-04-30T00:02:22Z"
      },
      "ResponseBody": {
        "location": "East US 2 EUAP",
        "tags": {},
        "properties": {
          "replicaCount": 1,
          "partitionCount": 1,
          "endpoint": "https://search6785.search.windows.net",
          "status": "provisioning",
          "statusDetails": "",
          "provisioningState": "Provisioning",
          "hostingMode": "default",
          "computeType": "Default",
          "publicNetworkAccess": "Enabled",
          "networkRuleSet": {
            "ipRules": [],
            "bypass": "None"
          },
          "privateEndpointConnections": [],
          "sharedPrivateLinkResources": [],
          "encryptionWithCmk": {
            "enforcement": "Unspecified",
            "encryptionComplianceStatus": "Compliant"
          },
          "disableLocalAuth": false,
          "authOptions": {
            "apiKeyOnly": {}
          },
          "disabledDataExfiltrationOptions": [],
          "semanticSearch": "free",
          "upgradeAvailable": false,
          "serviceUpgradeDate": null
        },
        "systemData": {
          "createdAt": "2025-04-29T23:50:31.161Z"
        },
        "id": "/subscriptions/faa080af-c1d8-40ad-9cce-e1a450ca5b57/resourceGroups/Search-SDK-Test3057/providers/Microsoft.Search/searchServices/search6785",
        "name": "search6785",
        "type": "Microsoft.Search/searchServices",
        "sku": {
          "name": "standard"
        }
      }
    },
    {
      "RequestUri": "https://management.azure.com/subscriptions/faa080af-c1d8-40ad-9cce-e1a450ca5b57/resourceGroups/Search-SDK-Test3057/providers/Microsoft.Search/searchServices/search6785?api-version=2025-02-01-preview",
      "RequestMethod": "GET",
      "RequestHeaders": {
        "Authorization": "Sanitized",
        "traceparent": "00-37393cb9547dd7d2d0a5910e77fcdf1e-5b47f20aa393ea02-00",
        "User-Agent": "azsdk-net-ResourceManager/1.13.0 (.NET 8.0.15; Microsoft Windows 10.0.22631)",
        "x-ms-client-request-id": "Sanitized",
        "x-ms-return-client-request-id": "true"
      },
      "RequestBody": null,
      "StatusCode": 200,
      "ResponseHeaders": {
        "Cache-Control": "no-cache",
        "client-request-id": "Sanitized",
        "Content-Length": "959",
        "Content-Type": "application/json; charset=utf-8",
        "Date": "Wed, 30 Apr 2025 00:02:57 GMT",
        "elapsed-time": "115",
        "ETag": "W/\"datetime'2025-04-29T23%3A50%3A31.1680311Z'\"",
        "Expires": "-1",
        "Pragma": "no-cache",
        "request-id": "0cbd8f49-a459-15f5-045e-c22cf26c4176",
        "Strict-Transport-Security": "max-age=31536000; includeSubDomains",
        "X-Cache": "CONFIG_NOCACHE",
        "X-Content-Type-Options": "nosniff",
        "x-ms-client-request-id": "Sanitized",
        "x-ms-correlation-request-id": "e88567b2-e52c-4d54-98c8-e02a640152c2",
        "x-ms-ratelimit-remaining-subscription-global-reads": "16499",
        "x-ms-ratelimit-remaining-subscription-reads": "1099",
        "x-ms-request-id": "e88567b2-e52c-4d54-98c8-e02a640152c2",
        "x-ms-routing-request-id": "SOUTHEASTASIA:20250430T000257Z:e88567b2-e52c-4d54-98c8-e02a640152c2",
        "X-MSEdge-Ref": "Ref A: D5CC816D77D24CE5A0800870C792E92A Ref B: MAA201060513027 Ref C: 2025-04-30T00:02:56Z"
      },
      "ResponseBody": {
        "location": "East US 2 EUAP",
        "tags": {},
        "properties": {
          "replicaCount": 1,
          "partitionCount": 1,
          "endpoint": "https://search6785.search.windows.net",
          "status": "provisioning",
          "statusDetails": "",
          "provisioningState": "Provisioning",
          "hostingMode": "default",
          "computeType": "Default",
          "publicNetworkAccess": "Enabled",
          "networkRuleSet": {
            "ipRules": [],
            "bypass": "None"
          },
          "privateEndpointConnections": [],
          "sharedPrivateLinkResources": [],
          "encryptionWithCmk": {
            "enforcement": "Unspecified",
            "encryptionComplianceStatus": "Compliant"
          },
          "disableLocalAuth": false,
          "authOptions": {
            "apiKeyOnly": {}
          },
          "disabledDataExfiltrationOptions": [],
          "semanticSearch": "free",
          "upgradeAvailable": false,
          "serviceUpgradeDate": null
        },
        "systemData": {
          "createdAt": "2025-04-29T23:50:31.161Z"
        },
        "id": "/subscriptions/faa080af-c1d8-40ad-9cce-e1a450ca5b57/resourceGroups/Search-SDK-Test3057/providers/Microsoft.Search/searchServices/search6785",
        "name": "search6785",
        "type": "Microsoft.Search/searchServices",
        "sku": {
          "name": "standard"
        }
      }
    },
    {
      "RequestUri": "https://management.azure.com/subscriptions/faa080af-c1d8-40ad-9cce-e1a450ca5b57/resourceGroups/Search-SDK-Test3057/providers/Microsoft.Search/searchServices/search6785?api-version=2025-02-01-preview",
      "RequestMethod": "GET",
      "RequestHeaders": {
        "Authorization": "Sanitized",
        "traceparent": "00-37393cb9547dd7d2d0a5910e77fcdf1e-0ef893d5725ec1b3-00",
        "User-Agent": "azsdk-net-ResourceManager/1.13.0 (.NET 8.0.15; Microsoft Windows 10.0.22631)",
        "x-ms-client-request-id": "Sanitized",
        "x-ms-return-client-request-id": "true"
      },
      "RequestBody": null,
      "StatusCode": 200,
      "ResponseHeaders": {
        "Cache-Control": "no-cache",
        "client-request-id": "Sanitized",
        "Content-Length": "959",
        "Content-Type": "application/json; charset=utf-8",
        "Date": "Wed, 30 Apr 2025 00:03:30 GMT",
        "elapsed-time": "91",
        "ETag": "W/\"datetime'2025-04-29T23%3A50%3A31.1680311Z'\"",
        "Expires": "-1",
        "Pragma": "no-cache",
        "request-id": "d8709e96-e058-5949-636c-5427182bfcc2",
        "Strict-Transport-Security": "max-age=31536000; includeSubDomains",
        "X-Cache": "CONFIG_NOCACHE",
        "X-Content-Type-Options": "nosniff",
        "x-ms-client-request-id": "Sanitized",
        "x-ms-correlation-request-id": "466e3ac8-df1d-489d-8617-8314ed7228fe",
        "x-ms-ratelimit-remaining-subscription-global-reads": "16499",
        "x-ms-ratelimit-remaining-subscription-reads": "1099",
        "x-ms-request-id": "466e3ac8-df1d-489d-8617-8314ed7228fe",
        "x-ms-routing-request-id": "SOUTHEASTASIA:20250430T000331Z:466e3ac8-df1d-489d-8617-8314ed7228fe",
        "X-MSEdge-Ref": "Ref A: DAE24D86659643EF842C7E5266C361BC Ref B: MAA201060513027 Ref C: 2025-04-30T00:03:29Z"
      },
      "ResponseBody": {
        "location": "East US 2 EUAP",
        "tags": {},
        "properties": {
          "replicaCount": 1,
          "partitionCount": 1,
          "endpoint": "https://search6785.search.windows.net",
          "status": "provisioning",
          "statusDetails": "",
          "provisioningState": "Provisioning",
          "hostingMode": "default",
          "computeType": "Default",
          "publicNetworkAccess": "Enabled",
          "networkRuleSet": {
            "ipRules": [],
            "bypass": "None"
          },
          "privateEndpointConnections": [],
          "sharedPrivateLinkResources": [],
          "encryptionWithCmk": {
            "enforcement": "Unspecified",
            "encryptionComplianceStatus": "Compliant"
          },
          "disableLocalAuth": false,
          "authOptions": {
            "apiKeyOnly": {}
          },
          "disabledDataExfiltrationOptions": [],
          "semanticSearch": "free",
          "upgradeAvailable": false,
          "serviceUpgradeDate": null
        },
        "systemData": {
          "createdAt": "2025-04-29T23:50:31.161Z"
        },
        "id": "/subscriptions/faa080af-c1d8-40ad-9cce-e1a450ca5b57/resourceGroups/Search-SDK-Test3057/providers/Microsoft.Search/searchServices/search6785",
        "name": "search6785",
        "type": "Microsoft.Search/searchServices",
        "sku": {
          "name": "standard"
        }
      }
    },
    {
      "RequestUri": "https://management.azure.com/subscriptions/faa080af-c1d8-40ad-9cce-e1a450ca5b57/resourceGroups/Search-SDK-Test3057/providers/Microsoft.Search/searchServices/search6785?api-version=2025-02-01-preview",
      "RequestMethod": "GET",
      "RequestHeaders": {
        "Authorization": "Sanitized",
        "traceparent": "00-37393cb9547dd7d2d0a5910e77fcdf1e-2ef4e133b47b2f02-00",
        "User-Agent": "azsdk-net-ResourceManager/1.13.0 (.NET 8.0.15; Microsoft Windows 10.0.22631)",
        "x-ms-client-request-id": "Sanitized",
        "x-ms-return-client-request-id": "true"
      },
      "RequestBody": null,
      "StatusCode": 200,
      "ResponseHeaders": {
        "Cache-Control": "no-cache",
        "client-request-id": "Sanitized",
        "Content-Length": "959",
        "Content-Type": "application/json; charset=utf-8",
        "Date": "Wed, 30 Apr 2025 00:04:03 GMT",
        "elapsed-time": "72",
        "ETag": "W/\"datetime'2025-04-29T23%3A50%3A31.1680311Z'\"",
        "Expires": "-1",
        "Pragma": "no-cache",
        "request-id": "0107b2e7-16de-d1c7-da0b-d58a7b58b239",
        "Strict-Transport-Security": "max-age=31536000; includeSubDomains",
        "X-Cache": "CONFIG_NOCACHE",
        "X-Content-Type-Options": "nosniff",
        "x-ms-client-request-id": "Sanitized",
        "x-ms-correlation-request-id": "e49c2bc3-4f2d-4307-b086-f5be9166b719",
        "x-ms-ratelimit-remaining-subscription-global-reads": "16499",
        "x-ms-ratelimit-remaining-subscription-reads": "1099",
        "x-ms-request-id": "e49c2bc3-4f2d-4307-b086-f5be9166b719",
        "x-ms-routing-request-id": "SOUTHEASTASIA:20250430T000404Z:e49c2bc3-4f2d-4307-b086-f5be9166b719",
        "X-MSEdge-Ref": "Ref A: D51D33A81C664366BD65F29901A7AEEC Ref B: MAA201060513027 Ref C: 2025-04-30T00:04:03Z"
      },
      "ResponseBody": {
        "location": "East US 2 EUAP",
        "tags": {},
        "properties": {
          "replicaCount": 1,
          "partitionCount": 1,
          "endpoint": "https://search6785.search.windows.net",
          "status": "provisioning",
          "statusDetails": "",
          "provisioningState": "Provisioning",
          "hostingMode": "default",
          "computeType": "Default",
          "publicNetworkAccess": "Enabled",
          "networkRuleSet": {
            "ipRules": [],
            "bypass": "None"
          },
          "privateEndpointConnections": [],
          "sharedPrivateLinkResources": [],
          "encryptionWithCmk": {
            "enforcement": "Unspecified",
            "encryptionComplianceStatus": "Compliant"
          },
          "disableLocalAuth": false,
          "authOptions": {
            "apiKeyOnly": {}
          },
          "disabledDataExfiltrationOptions": [],
          "semanticSearch": "free",
          "upgradeAvailable": false,
          "serviceUpgradeDate": null
        },
        "systemData": {
          "createdAt": "2025-04-29T23:50:31.161Z"
        },
        "id": "/subscriptions/faa080af-c1d8-40ad-9cce-e1a450ca5b57/resourceGroups/Search-SDK-Test3057/providers/Microsoft.Search/searchServices/search6785",
        "name": "search6785",
        "type": "Microsoft.Search/searchServices",
        "sku": {
          "name": "standard"
        }
      }
    },
    {
      "RequestUri": "https://management.azure.com/subscriptions/faa080af-c1d8-40ad-9cce-e1a450ca5b57/resourceGroups/Search-SDK-Test3057/providers/Microsoft.Search/searchServices/search6785?api-version=2025-02-01-preview",
      "RequestMethod": "GET",
      "RequestHeaders": {
        "Authorization": "Sanitized",
        "traceparent": "00-37393cb9547dd7d2d0a5910e77fcdf1e-3d6959358924e3c3-00",
        "User-Agent": "azsdk-net-ResourceManager/1.13.0 (.NET 8.0.15; Microsoft Windows 10.0.22631)",
        "x-ms-client-request-id": "Sanitized",
        "x-ms-return-client-request-id": "true"
      },
      "RequestBody": null,
      "StatusCode": 200,
      "ResponseHeaders": {
        "Cache-Control": "no-cache",
        "client-request-id": "Sanitized",
        "Content-Length": "959",
        "Content-Type": "application/json; charset=utf-8",
        "Date": "Wed, 30 Apr 2025 00:04:37 GMT",
        "elapsed-time": "81",
        "ETag": "W/\"datetime'2025-04-29T23%3A50%3A31.1680311Z'\"",
        "Expires": "-1",
        "Pragma": "no-cache",
        "request-id": "61ba2483-6786-692e-4563-a8ed50cdfcd9",
        "Strict-Transport-Security": "max-age=31536000; includeSubDomains",
        "X-Cache": "CONFIG_NOCACHE",
        "X-Content-Type-Options": "nosniff",
        "x-ms-client-request-id": "Sanitized",
        "x-ms-correlation-request-id": "353ab62a-6d53-4ebd-9ee2-0681241a986c",
        "x-ms-ratelimit-remaining-subscription-global-reads": "16499",
        "x-ms-ratelimit-remaining-subscription-reads": "1099",
        "x-ms-request-id": "353ab62a-6d53-4ebd-9ee2-0681241a986c",
        "x-ms-routing-request-id": "SOUTHEASTASIA:20250430T000437Z:353ab62a-6d53-4ebd-9ee2-0681241a986c",
        "X-MSEdge-Ref": "Ref A: 2311A091C68D428C8B40B2D6D151A75F Ref B: MAA201060513027 Ref C: 2025-04-30T00:04:36Z"
      },
      "ResponseBody": {
        "location": "East US 2 EUAP",
        "tags": {},
        "properties": {
          "replicaCount": 1,
          "partitionCount": 1,
          "endpoint": "https://search6785.search.windows.net",
          "status": "provisioning",
          "statusDetails": "",
          "provisioningState": "Provisioning",
          "hostingMode": "default",
          "computeType": "Default",
          "publicNetworkAccess": "Enabled",
          "networkRuleSet": {
            "ipRules": [],
            "bypass": "None"
          },
          "privateEndpointConnections": [],
          "sharedPrivateLinkResources": [],
          "encryptionWithCmk": {
            "enforcement": "Unspecified",
            "encryptionComplianceStatus": "Compliant"
          },
          "disableLocalAuth": false,
          "authOptions": {
            "apiKeyOnly": {}
          },
          "disabledDataExfiltrationOptions": [],
          "semanticSearch": "free",
          "upgradeAvailable": false,
          "serviceUpgradeDate": null
        },
        "systemData": {
          "createdAt": "2025-04-29T23:50:31.161Z"
        },
        "id": "/subscriptions/faa080af-c1d8-40ad-9cce-e1a450ca5b57/resourceGroups/Search-SDK-Test3057/providers/Microsoft.Search/searchServices/search6785",
        "name": "search6785",
        "type": "Microsoft.Search/searchServices",
        "sku": {
          "name": "standard"
        }
      }
    },
    {
      "RequestUri": "https://management.azure.com/subscriptions/faa080af-c1d8-40ad-9cce-e1a450ca5b57/resourceGroups/Search-SDK-Test3057/providers/Microsoft.Search/searchServices/search6785?api-version=2025-02-01-preview",
      "RequestMethod": "GET",
      "RequestHeaders": {
        "Authorization": "Sanitized",
        "traceparent": "00-37393cb9547dd7d2d0a5910e77fcdf1e-383134d4dbc102b5-00",
        "User-Agent": "azsdk-net-ResourceManager/1.13.0 (.NET 8.0.15; Microsoft Windows 10.0.22631)",
        "x-ms-client-request-id": "Sanitized",
        "x-ms-return-client-request-id": "true"
      },
      "RequestBody": null,
      "StatusCode": 200,
      "ResponseHeaders": {
        "Cache-Control": "no-cache",
        "client-request-id": "Sanitized",
        "Content-Length": "959",
        "Content-Type": "application/json; charset=utf-8",
        "Date": "Wed, 30 Apr 2025 00:05:10 GMT",
        "elapsed-time": "66",
        "ETag": "W/\"datetime'2025-04-29T23%3A50%3A31.1680311Z'\"",
        "Expires": "-1",
        "Pragma": "no-cache",
        "request-id": "40440061-3f65-8097-d69f-fd4c0abfdd0b",
        "Strict-Transport-Security": "max-age=31536000; includeSubDomains",
        "X-Cache": "CONFIG_NOCACHE",
        "X-Content-Type-Options": "nosniff",
        "x-ms-client-request-id": "Sanitized",
        "x-ms-correlation-request-id": "880b7ffb-7166-4598-9b43-71a688c6104a",
        "x-ms-ratelimit-remaining-subscription-global-reads": "16499",
        "x-ms-ratelimit-remaining-subscription-reads": "1099",
        "x-ms-request-id": "880b7ffb-7166-4598-9b43-71a688c6104a",
        "x-ms-routing-request-id": "SOUTHEASTASIA:20250430T000511Z:880b7ffb-7166-4598-9b43-71a688c6104a",
        "X-MSEdge-Ref": "Ref A: C1745615210A46D49C3FB6328B13C027 Ref B: MAA201060513027 Ref C: 2025-04-30T00:05:09Z"
      },
      "ResponseBody": {
        "location": "East US 2 EUAP",
        "tags": {},
        "properties": {
          "replicaCount": 1,
          "partitionCount": 1,
          "endpoint": "https://search6785.search.windows.net",
          "status": "provisioning",
          "statusDetails": "",
          "provisioningState": "Provisioning",
          "hostingMode": "default",
          "computeType": "Default",
          "publicNetworkAccess": "Enabled",
          "networkRuleSet": {
            "ipRules": [],
            "bypass": "None"
          },
          "privateEndpointConnections": [],
          "sharedPrivateLinkResources": [],
          "encryptionWithCmk": {
            "enforcement": "Unspecified",
            "encryptionComplianceStatus": "Compliant"
          },
          "disableLocalAuth": false,
          "authOptions": {
            "apiKeyOnly": {}
          },
          "disabledDataExfiltrationOptions": [],
          "semanticSearch": "free",
          "upgradeAvailable": false,
          "serviceUpgradeDate": null
        },
        "systemData": {
          "createdAt": "2025-04-29T23:50:31.161Z"
        },
        "id": "/subscriptions/faa080af-c1d8-40ad-9cce-e1a450ca5b57/resourceGroups/Search-SDK-Test3057/providers/Microsoft.Search/searchServices/search6785",
        "name": "search6785",
        "type": "Microsoft.Search/searchServices",
        "sku": {
          "name": "standard"
        }
      }
    },
    {
      "RequestUri": "https://management.azure.com/subscriptions/faa080af-c1d8-40ad-9cce-e1a450ca5b57/resourceGroups/Search-SDK-Test3057/providers/Microsoft.Search/searchServices/search6785?api-version=2025-02-01-preview",
      "RequestMethod": "GET",
      "RequestHeaders": {
        "Authorization": "Sanitized",
        "traceparent": "00-37393cb9547dd7d2d0a5910e77fcdf1e-0d05c0ad62253aa3-00",
        "User-Agent": "azsdk-net-ResourceManager/1.13.0 (.NET 8.0.15; Microsoft Windows 10.0.22631)",
        "x-ms-client-request-id": "Sanitized",
        "x-ms-return-client-request-id": "true"
      },
      "RequestBody": null,
      "StatusCode": 200,
      "ResponseHeaders": {
        "Cache-Control": "no-cache",
        "client-request-id": "Sanitized",
        "Content-Length": "959",
        "Content-Type": "application/json; charset=utf-8",
        "Date": "Wed, 30 Apr 2025 00:05:44 GMT",
        "elapsed-time": "68",
        "ETag": "W/\"datetime'2025-04-29T23%3A50%3A31.1680311Z'\"",
        "Expires": "-1",
        "Pragma": "no-cache",
        "request-id": "f4a41ab9-9a70-803b-849e-bb7b6eda800d",
        "Strict-Transport-Security": "max-age=31536000; includeSubDomains",
        "X-Cache": "CONFIG_NOCACHE",
        "X-Content-Type-Options": "nosniff",
        "x-ms-client-request-id": "Sanitized",
        "x-ms-correlation-request-id": "e2b68fef-3b56-42eb-90a0-8c55e4b5c2b9",
        "x-ms-ratelimit-remaining-subscription-global-reads": "16499",
        "x-ms-ratelimit-remaining-subscription-reads": "1099",
        "x-ms-request-id": "e2b68fef-3b56-42eb-90a0-8c55e4b5c2b9",
        "x-ms-routing-request-id": "SOUTHEASTASIA:20250430T000544Z:e2b68fef-3b56-42eb-90a0-8c55e4b5c2b9",
        "X-MSEdge-Ref": "Ref A: D0E791EF6C9F4AE5ADCD1390FC43795D Ref B: MAA201060513027 Ref C: 2025-04-30T00:05:43Z"
      },
      "ResponseBody": {
        "location": "East US 2 EUAP",
        "tags": {},
        "properties": {
          "replicaCount": 1,
          "partitionCount": 1,
          "endpoint": "https://search6785.search.windows.net",
          "status": "provisioning",
          "statusDetails": "",
          "provisioningState": "Provisioning",
          "hostingMode": "default",
          "computeType": "Default",
          "publicNetworkAccess": "Enabled",
          "networkRuleSet": {
            "ipRules": [],
            "bypass": "None"
          },
          "privateEndpointConnections": [],
          "sharedPrivateLinkResources": [],
          "encryptionWithCmk": {
            "enforcement": "Unspecified",
            "encryptionComplianceStatus": "Compliant"
          },
          "disableLocalAuth": false,
          "authOptions": {
            "apiKeyOnly": {}
          },
          "disabledDataExfiltrationOptions": [],
          "semanticSearch": "free",
          "upgradeAvailable": false,
          "serviceUpgradeDate": null
        },
        "systemData": {
          "createdAt": "2025-04-29T23:50:31.161Z"
        },
        "id": "/subscriptions/faa080af-c1d8-40ad-9cce-e1a450ca5b57/resourceGroups/Search-SDK-Test3057/providers/Microsoft.Search/searchServices/search6785",
        "name": "search6785",
        "type": "Microsoft.Search/searchServices",
        "sku": {
          "name": "standard"
        }
      }
    },
    {
      "RequestUri": "https://management.azure.com/subscriptions/faa080af-c1d8-40ad-9cce-e1a450ca5b57/resourceGroups/Search-SDK-Test3057/providers/Microsoft.Search/searchServices/search6785?api-version=2025-02-01-preview",
      "RequestMethod": "GET",
      "RequestHeaders": {
        "Authorization": "Sanitized",
        "traceparent": "00-37393cb9547dd7d2d0a5910e77fcdf1e-0a61115268edf0e2-00",
        "User-Agent": "azsdk-net-ResourceManager/1.13.0 (.NET 8.0.15; Microsoft Windows 10.0.22631)",
        "x-ms-client-request-id": "Sanitized",
        "x-ms-return-client-request-id": "true"
      },
      "RequestBody": null,
      "StatusCode": 200,
      "ResponseHeaders": {
        "Cache-Control": "no-cache",
        "client-request-id": "Sanitized",
        "Content-Length": "959",
        "Content-Type": "application/json; charset=utf-8",
        "Date": "Wed, 30 Apr 2025 00:06:17 GMT",
        "elapsed-time": "69",
        "ETag": "W/\"datetime'2025-04-29T23%3A50%3A31.1680311Z'\"",
        "Expires": "-1",
        "Pragma": "no-cache",
        "request-id": "7b28fc0f-7213-43d4-8c39-8be769e15e86",
        "Strict-Transport-Security": "max-age=31536000; includeSubDomains",
        "X-Cache": "CONFIG_NOCACHE",
        "X-Content-Type-Options": "nosniff",
        "x-ms-client-request-id": "Sanitized",
        "x-ms-correlation-request-id": "597c9955-018e-4032-8327-4c4ee384dbfe",
        "x-ms-ratelimit-remaining-subscription-global-reads": "16499",
        "x-ms-ratelimit-remaining-subscription-reads": "1099",
        "x-ms-request-id": "597c9955-018e-4032-8327-4c4ee384dbfe",
        "x-ms-routing-request-id": "SOUTHEASTASIA:20250430T000618Z:597c9955-018e-4032-8327-4c4ee384dbfe",
        "X-MSEdge-Ref": "Ref A: 70CF21E75FE64B50AA85C174D7F11391 Ref B: MAA201060513027 Ref C: 2025-04-30T00:06:16Z"
      },
      "ResponseBody": {
        "location": "East US 2 EUAP",
        "tags": {},
        "properties": {
          "replicaCount": 1,
          "partitionCount": 1,
          "endpoint": "https://search6785.search.windows.net",
          "status": "provisioning",
          "statusDetails": "",
          "provisioningState": "Provisioning",
          "hostingMode": "default",
          "computeType": "Default",
          "publicNetworkAccess": "Enabled",
          "networkRuleSet": {
            "ipRules": [],
            "bypass": "None"
          },
          "privateEndpointConnections": [],
          "sharedPrivateLinkResources": [],
          "encryptionWithCmk": {
            "enforcement": "Unspecified",
            "encryptionComplianceStatus": "Compliant"
          },
          "disableLocalAuth": false,
          "authOptions": {
            "apiKeyOnly": {}
          },
          "disabledDataExfiltrationOptions": [],
          "semanticSearch": "free",
          "upgradeAvailable": false,
          "serviceUpgradeDate": null
        },
        "systemData": {
          "createdAt": "2025-04-29T23:50:31.161Z"
        },
        "id": "/subscriptions/faa080af-c1d8-40ad-9cce-e1a450ca5b57/resourceGroups/Search-SDK-Test3057/providers/Microsoft.Search/searchServices/search6785",
        "name": "search6785",
        "type": "Microsoft.Search/searchServices",
        "sku": {
          "name": "standard"
        }
      }
    },
    {
      "RequestUri": "https://management.azure.com/subscriptions/faa080af-c1d8-40ad-9cce-e1a450ca5b57/resourceGroups/Search-SDK-Test3057/providers/Microsoft.Search/searchServices/search6785?api-version=2025-02-01-preview",
      "RequestMethod": "GET",
      "RequestHeaders": {
        "Authorization": "Sanitized",
        "traceparent": "00-37393cb9547dd7d2d0a5910e77fcdf1e-9e071bcc5e822a5e-00",
        "User-Agent": "azsdk-net-ResourceManager/1.13.0 (.NET 8.0.15; Microsoft Windows 10.0.22631)",
        "x-ms-client-request-id": "Sanitized",
        "x-ms-return-client-request-id": "true"
      },
      "RequestBody": null,
      "StatusCode": 200,
      "ResponseHeaders": {
        "Cache-Control": "no-cache",
        "client-request-id": "Sanitized",
        "Content-Length": "959",
        "Content-Type": "application/json; charset=utf-8",
        "Date": "Wed, 30 Apr 2025 00:06:50 GMT",
        "elapsed-time": "93",
        "ETag": "W/\"datetime'2025-04-29T23%3A50%3A31.1680311Z'\"",
        "Expires": "-1",
        "Pragma": "no-cache",
        "request-id": "35339c85-0829-c768-c4c3-bbc6831c11fb",
        "Strict-Transport-Security": "max-age=31536000; includeSubDomains",
        "X-Cache": "CONFIG_NOCACHE",
        "X-Content-Type-Options": "nosniff",
        "x-ms-client-request-id": "Sanitized",
        "x-ms-correlation-request-id": "5d14c098-aa1a-4331-966e-db3a01cb5969",
        "x-ms-ratelimit-remaining-subscription-global-reads": "16499",
        "x-ms-ratelimit-remaining-subscription-reads": "1099",
        "x-ms-request-id": "5d14c098-aa1a-4331-966e-db3a01cb5969",
        "x-ms-routing-request-id": "SOUTHEASTASIA:20250430T000651Z:5d14c098-aa1a-4331-966e-db3a01cb5969",
        "X-MSEdge-Ref": "Ref A: 3C9CBEDC216F44F195C8971418052E7F Ref B: MAA201060513027 Ref C: 2025-04-30T00:06:50Z"
      },
      "ResponseBody": {
        "location": "East US 2 EUAP",
        "tags": {},
        "properties": {
          "replicaCount": 1,
          "partitionCount": 1,
          "endpoint": "https://search6785.search.windows.net",
          "status": "provisioning",
          "statusDetails": "",
          "provisioningState": "Provisioning",
          "hostingMode": "default",
          "computeType": "Default",
          "publicNetworkAccess": "Enabled",
          "networkRuleSet": {
            "ipRules": [],
            "bypass": "None"
          },
          "privateEndpointConnections": [],
          "sharedPrivateLinkResources": [],
          "encryptionWithCmk": {
            "enforcement": "Unspecified",
            "encryptionComplianceStatus": "Compliant"
          },
          "disableLocalAuth": false,
          "authOptions": {
            "apiKeyOnly": {}
          },
          "disabledDataExfiltrationOptions": [],
          "semanticSearch": "free",
          "upgradeAvailable": false,
          "serviceUpgradeDate": null
        },
        "systemData": {
          "createdAt": "2025-04-29T23:50:31.161Z"
        },
        "id": "/subscriptions/faa080af-c1d8-40ad-9cce-e1a450ca5b57/resourceGroups/Search-SDK-Test3057/providers/Microsoft.Search/searchServices/search6785",
        "name": "search6785",
        "type": "Microsoft.Search/searchServices",
        "sku": {
          "name": "standard"
        }
      }
    },
    {
      "RequestUri": "https://management.azure.com/subscriptions/faa080af-c1d8-40ad-9cce-e1a450ca5b57/resourceGroups/Search-SDK-Test3057/providers/Microsoft.Search/searchServices/search6785?api-version=2025-02-01-preview",
      "RequestMethod": "GET",
      "RequestHeaders": {
        "Authorization": "Sanitized",
        "traceparent": "00-37393cb9547dd7d2d0a5910e77fcdf1e-113855f4d30f2271-00",
        "User-Agent": "azsdk-net-ResourceManager/1.13.0 (.NET 8.0.15; Microsoft Windows 10.0.22631)",
        "x-ms-client-request-id": "Sanitized",
        "x-ms-return-client-request-id": "true"
      },
      "RequestBody": null,
      "StatusCode": 200,
      "ResponseHeaders": {
        "Cache-Control": "no-cache",
        "client-request-id": "Sanitized",
        "Content-Length": "959",
        "Content-Type": "application/json; charset=utf-8",
        "Date": "Wed, 30 Apr 2025 00:07:24 GMT",
        "elapsed-time": "71",
        "ETag": "W/\"datetime'2025-04-29T23%3A50%3A31.1680311Z'\"",
        "Expires": "-1",
        "Pragma": "no-cache",
        "request-id": "0d3df01e-6297-47f7-4560-67370f5417a3",
        "Strict-Transport-Security": "max-age=31536000; includeSubDomains",
        "X-Cache": "CONFIG_NOCACHE",
        "X-Content-Type-Options": "nosniff",
        "x-ms-client-request-id": "Sanitized",
        "x-ms-correlation-request-id": "43e1b19d-ce11-4437-9395-ec3ac468375a",
        "x-ms-ratelimit-remaining-subscription-global-reads": "16499",
        "x-ms-ratelimit-remaining-subscription-reads": "1099",
        "x-ms-request-id": "43e1b19d-ce11-4437-9395-ec3ac468375a",
        "x-ms-routing-request-id": "SOUTHEASTASIA:20250430T000724Z:43e1b19d-ce11-4437-9395-ec3ac468375a",
        "X-MSEdge-Ref": "Ref A: D8B778ACD1E14E09AED39F60700C4F68 Ref B: MAA201060513027 Ref C: 2025-04-30T00:07:23Z"
      },
      "ResponseBody": {
        "location": "East US 2 EUAP",
        "tags": {},
        "properties": {
          "replicaCount": 1,
          "partitionCount": 1,
          "endpoint": "https://search6785.search.windows.net",
          "status": "provisioning",
          "statusDetails": "",
          "provisioningState": "Provisioning",
          "hostingMode": "default",
          "computeType": "Default",
          "publicNetworkAccess": "Enabled",
          "networkRuleSet": {
            "ipRules": [],
            "bypass": "None"
          },
          "privateEndpointConnections": [],
          "sharedPrivateLinkResources": [],
          "encryptionWithCmk": {
            "enforcement": "Unspecified",
            "encryptionComplianceStatus": "Compliant"
          },
          "disableLocalAuth": false,
          "authOptions": {
            "apiKeyOnly": {}
          },
          "disabledDataExfiltrationOptions": [],
          "semanticSearch": "free",
          "upgradeAvailable": false,
          "serviceUpgradeDate": null
        },
        "systemData": {
          "createdAt": "2025-04-29T23:50:31.161Z"
        },
        "id": "/subscriptions/faa080af-c1d8-40ad-9cce-e1a450ca5b57/resourceGroups/Search-SDK-Test3057/providers/Microsoft.Search/searchServices/search6785",
        "name": "search6785",
        "type": "Microsoft.Search/searchServices",
        "sku": {
          "name": "standard"
        }
      }
    },
    {
      "RequestUri": "https://management.azure.com/subscriptions/faa080af-c1d8-40ad-9cce-e1a450ca5b57/resourceGroups/Search-SDK-Test3057/providers/Microsoft.Search/searchServices/search6785?api-version=2025-02-01-preview",
      "RequestMethod": "GET",
      "RequestHeaders": {
        "Authorization": "Sanitized",
        "traceparent": "00-37393cb9547dd7d2d0a5910e77fcdf1e-79797f17101db9a4-00",
        "User-Agent": "azsdk-net-ResourceManager/1.13.0 (.NET 8.0.15; Microsoft Windows 10.0.22631)",
        "x-ms-client-request-id": "Sanitized",
        "x-ms-return-client-request-id": "true"
      },
      "RequestBody": null,
      "StatusCode": 200,
      "ResponseHeaders": {
        "Cache-Control": "no-cache",
        "client-request-id": "Sanitized",
        "Content-Length": "959",
        "Content-Type": "application/json; charset=utf-8",
        "Date": "Wed, 30 Apr 2025 00:07:57 GMT",
        "elapsed-time": "76",
        "ETag": "W/\"datetime'2025-04-29T23%3A50%3A31.1680311Z'\"",
        "Expires": "-1",
        "Pragma": "no-cache",
        "request-id": "d1f5353f-4ba7-06e3-9461-b64fb60dc06f",
        "Strict-Transport-Security": "max-age=31536000; includeSubDomains",
        "X-Cache": "CONFIG_NOCACHE",
        "X-Content-Type-Options": "nosniff",
        "x-ms-client-request-id": "Sanitized",
        "x-ms-correlation-request-id": "c709b5d6-f7f0-4ed3-9a1a-e72e8bb50432",
        "x-ms-ratelimit-remaining-subscription-global-reads": "16499",
        "x-ms-ratelimit-remaining-subscription-reads": "1099",
        "x-ms-request-id": "c709b5d6-f7f0-4ed3-9a1a-e72e8bb50432",
        "x-ms-routing-request-id": "SOUTHEASTASIA:20250430T000758Z:c709b5d6-f7f0-4ed3-9a1a-e72e8bb50432",
        "X-MSEdge-Ref": "Ref A: 37776D45E7444976AF185129FD7A37BD Ref B: MAA201060513027 Ref C: 2025-04-30T00:07:56Z"
      },
      "ResponseBody": {
        "location": "East US 2 EUAP",
        "tags": {},
        "properties": {
          "replicaCount": 1,
          "partitionCount": 1,
          "endpoint": "https://search6785.search.windows.net",
          "status": "provisioning",
          "statusDetails": "",
          "provisioningState": "Provisioning",
          "hostingMode": "default",
          "computeType": "Default",
          "publicNetworkAccess": "Enabled",
          "networkRuleSet": {
            "ipRules": [],
            "bypass": "None"
          },
          "privateEndpointConnections": [],
          "sharedPrivateLinkResources": [],
          "encryptionWithCmk": {
            "enforcement": "Unspecified",
            "encryptionComplianceStatus": "Compliant"
          },
          "disableLocalAuth": false,
          "authOptions": {
            "apiKeyOnly": {}
          },
          "disabledDataExfiltrationOptions": [],
          "semanticSearch": "free",
          "upgradeAvailable": false,
          "serviceUpgradeDate": null
        },
        "systemData": {
          "createdAt": "2025-04-29T23:50:31.161Z"
        },
        "id": "/subscriptions/faa080af-c1d8-40ad-9cce-e1a450ca5b57/resourceGroups/Search-SDK-Test3057/providers/Microsoft.Search/searchServices/search6785",
        "name": "search6785",
        "type": "Microsoft.Search/searchServices",
        "sku": {
          "name": "standard"
        }
      }
    },
    {
      "RequestUri": "https://management.azure.com/subscriptions/faa080af-c1d8-40ad-9cce-e1a450ca5b57/resourceGroups/Search-SDK-Test3057/providers/Microsoft.Search/searchServices/search6785?api-version=2025-02-01-preview",
      "RequestMethod": "GET",
      "RequestHeaders": {
        "Authorization": "Sanitized",
        "traceparent": "00-37393cb9547dd7d2d0a5910e77fcdf1e-351043e245a521ba-00",
        "User-Agent": "azsdk-net-ResourceManager/1.13.0 (.NET 8.0.15; Microsoft Windows 10.0.22631)",
        "x-ms-client-request-id": "Sanitized",
        "x-ms-return-client-request-id": "true"
      },
      "RequestBody": null,
      "StatusCode": 200,
      "ResponseHeaders": {
        "Cache-Control": "no-cache",
        "client-request-id": "Sanitized",
        "Content-Length": "959",
        "Content-Type": "application/json; charset=utf-8",
        "Date": "Wed, 30 Apr 2025 00:08:30 GMT",
        "elapsed-time": "87",
        "ETag": "W/\"datetime'2025-04-29T23%3A50%3A31.1680311Z'\"",
        "Expires": "-1",
        "Pragma": "no-cache",
        "request-id": "79c98f28-51a3-23ef-a4eb-efc9a131b770",
        "Strict-Transport-Security": "max-age=31536000; includeSubDomains",
        "X-Cache": "CONFIG_NOCACHE",
        "X-Content-Type-Options": "nosniff",
        "x-ms-client-request-id": "Sanitized",
        "x-ms-correlation-request-id": "06a45054-fd95-475e-a2f7-b3b07d44254d",
        "x-ms-ratelimit-remaining-subscription-global-reads": "16499",
        "x-ms-ratelimit-remaining-subscription-reads": "1099",
        "x-ms-request-id": "06a45054-fd95-475e-a2f7-b3b07d44254d",
        "x-ms-routing-request-id": "SOUTHEASTASIA:20250430T000831Z:06a45054-fd95-475e-a2f7-b3b07d44254d",
        "X-MSEdge-Ref": "Ref A: 8D96FB54538B4B4294C74A629085824E Ref B: MAA201060513027 Ref C: 2025-04-30T00:08:30Z"
      },
      "ResponseBody": {
        "location": "East US 2 EUAP",
        "tags": {},
        "properties": {
          "replicaCount": 1,
          "partitionCount": 1,
          "endpoint": "https://search6785.search.windows.net",
          "status": "provisioning",
          "statusDetails": "",
          "provisioningState": "Provisioning",
          "hostingMode": "default",
          "computeType": "Default",
          "publicNetworkAccess": "Enabled",
          "networkRuleSet": {
            "ipRules": [],
            "bypass": "None"
          },
          "privateEndpointConnections": [],
          "sharedPrivateLinkResources": [],
          "encryptionWithCmk": {
            "enforcement": "Unspecified",
            "encryptionComplianceStatus": "Compliant"
          },
          "disableLocalAuth": false,
          "authOptions": {
            "apiKeyOnly": {}
          },
          "disabledDataExfiltrationOptions": [],
          "semanticSearch": "free",
          "upgradeAvailable": false,
          "serviceUpgradeDate": null
        },
        "systemData": {
          "createdAt": "2025-04-29T23:50:31.161Z"
        },
        "id": "/subscriptions/faa080af-c1d8-40ad-9cce-e1a450ca5b57/resourceGroups/Search-SDK-Test3057/providers/Microsoft.Search/searchServices/search6785",
        "name": "search6785",
        "type": "Microsoft.Search/searchServices",
        "sku": {
          "name": "standard"
        }
      }
    },
    {
      "RequestUri": "https://management.azure.com/subscriptions/faa080af-c1d8-40ad-9cce-e1a450ca5b57/resourceGroups/Search-SDK-Test3057/providers/Microsoft.Search/searchServices/search6785?api-version=2025-02-01-preview",
      "RequestMethod": "GET",
      "RequestHeaders": {
        "Authorization": "Sanitized",
        "traceparent": "00-37393cb9547dd7d2d0a5910e77fcdf1e-2a8a8a6c2147598b-00",
        "User-Agent": "azsdk-net-ResourceManager/1.13.0 (.NET 8.0.15; Microsoft Windows 10.0.22631)",
        "x-ms-client-request-id": "Sanitized",
        "x-ms-return-client-request-id": "true"
      },
      "RequestBody": null,
      "StatusCode": 200,
      "ResponseHeaders": {
        "Cache-Control": "no-cache",
        "client-request-id": "Sanitized",
        "Content-Length": "959",
        "Content-Type": "application/json; charset=utf-8",
        "Date": "Wed, 30 Apr 2025 00:09:04 GMT",
        "elapsed-time": "68",
        "ETag": "W/\"datetime'2025-04-29T23%3A50%3A31.1680311Z'\"",
        "Expires": "-1",
        "Pragma": "no-cache",
        "request-id": "4e8718ac-4027-d354-0c37-7835aba79038",
        "Strict-Transport-Security": "max-age=31536000; includeSubDomains",
        "X-Cache": "CONFIG_NOCACHE",
        "X-Content-Type-Options": "nosniff",
        "x-ms-client-request-id": "Sanitized",
        "x-ms-correlation-request-id": "0479069e-6b8f-4e96-aa78-ab73b676484f",
        "x-ms-ratelimit-remaining-subscription-global-reads": "16499",
        "x-ms-ratelimit-remaining-subscription-reads": "1099",
        "x-ms-request-id": "0479069e-6b8f-4e96-aa78-ab73b676484f",
        "x-ms-routing-request-id": "SOUTHEASTASIA:20250430T000904Z:0479069e-6b8f-4e96-aa78-ab73b676484f",
        "X-MSEdge-Ref": "Ref A: FF4DC42C34C44421B55612F48C4A725A Ref B: MAA201060513027 Ref C: 2025-04-30T00:09:03Z"
      },
      "ResponseBody": {
        "location": "East US 2 EUAP",
        "tags": {},
        "properties": {
          "replicaCount": 1,
          "partitionCount": 1,
          "endpoint": "https://search6785.search.windows.net",
          "status": "provisioning",
          "statusDetails": "",
          "provisioningState": "Provisioning",
          "hostingMode": "default",
          "computeType": "Default",
          "publicNetworkAccess": "Enabled",
          "networkRuleSet": {
            "ipRules": [],
            "bypass": "None"
          },
          "privateEndpointConnections": [],
          "sharedPrivateLinkResources": [],
          "encryptionWithCmk": {
            "enforcement": "Unspecified",
            "encryptionComplianceStatus": "Compliant"
          },
          "disableLocalAuth": false,
          "authOptions": {
            "apiKeyOnly": {}
          },
          "disabledDataExfiltrationOptions": [],
          "semanticSearch": "free",
          "upgradeAvailable": false,
          "serviceUpgradeDate": null
        },
        "systemData": {
          "createdAt": "2025-04-29T23:50:31.161Z"
        },
        "id": "/subscriptions/faa080af-c1d8-40ad-9cce-e1a450ca5b57/resourceGroups/Search-SDK-Test3057/providers/Microsoft.Search/searchServices/search6785",
        "name": "search6785",
        "type": "Microsoft.Search/searchServices",
        "sku": {
          "name": "standard"
        }
      }
    },
    {
      "RequestUri": "https://management.azure.com/subscriptions/faa080af-c1d8-40ad-9cce-e1a450ca5b57/resourceGroups/Search-SDK-Test3057/providers/Microsoft.Search/searchServices/search6785?api-version=2025-02-01-preview",
      "RequestMethod": "GET",
      "RequestHeaders": {
        "Authorization": "Sanitized",
        "traceparent": "00-37393cb9547dd7d2d0a5910e77fcdf1e-3fd13debf21754a3-00",
        "User-Agent": "azsdk-net-ResourceManager/1.13.0 (.NET 8.0.15; Microsoft Windows 10.0.22631)",
        "x-ms-client-request-id": "Sanitized",
        "x-ms-return-client-request-id": "true"
      },
      "RequestBody": null,
      "StatusCode": 200,
      "ResponseHeaders": {
        "Cache-Control": "no-cache",
        "client-request-id": "Sanitized",
        "Content-Length": "959",
        "Content-Type": "application/json; charset=utf-8",
        "Date": "Wed, 30 Apr 2025 00:09:37 GMT",
        "elapsed-time": "67",
        "ETag": "W/\"datetime'2025-04-29T23%3A50%3A31.1680311Z'\"",
        "Expires": "-1",
        "Pragma": "no-cache",
        "request-id": "800ef79f-9e8b-eeff-46d1-2cbb5b1a6563",
        "Strict-Transport-Security": "max-age=31536000; includeSubDomains",
        "X-Cache": "CONFIG_NOCACHE",
        "X-Content-Type-Options": "nosniff",
        "x-ms-client-request-id": "Sanitized",
        "x-ms-correlation-request-id": "421abd0e-b464-4a5f-a093-39f518cc89b1",
        "x-ms-ratelimit-remaining-subscription-global-reads": "16499",
        "x-ms-ratelimit-remaining-subscription-reads": "1099",
        "x-ms-request-id": "421abd0e-b464-4a5f-a093-39f518cc89b1",
        "x-ms-routing-request-id": "SOUTHEASTASIA:20250430T000938Z:421abd0e-b464-4a5f-a093-39f518cc89b1",
        "X-MSEdge-Ref": "Ref A: F4AAA028B8284812A5785C2679847D9B Ref B: MAA201060513027 Ref C: 2025-04-30T00:09:37Z"
      },
      "ResponseBody": {
        "location": "East US 2 EUAP",
        "tags": {},
        "properties": {
          "replicaCount": 1,
          "partitionCount": 1,
          "endpoint": "https://search6785.search.windows.net",
          "status": "provisioning",
          "statusDetails": "",
          "provisioningState": "Provisioning",
          "hostingMode": "default",
          "computeType": "Default",
          "publicNetworkAccess": "Enabled",
          "networkRuleSet": {
            "ipRules": [],
            "bypass": "None"
          },
          "privateEndpointConnections": [],
          "sharedPrivateLinkResources": [],
          "encryptionWithCmk": {
            "enforcement": "Unspecified",
            "encryptionComplianceStatus": "Compliant"
          },
          "disableLocalAuth": false,
          "authOptions": {
            "apiKeyOnly": {}
          },
          "disabledDataExfiltrationOptions": [],
          "semanticSearch": "free",
          "upgradeAvailable": false,
          "serviceUpgradeDate": null
        },
        "systemData": {
          "createdAt": "2025-04-29T23:50:31.161Z"
        },
        "id": "/subscriptions/faa080af-c1d8-40ad-9cce-e1a450ca5b57/resourceGroups/Search-SDK-Test3057/providers/Microsoft.Search/searchServices/search6785",
        "name": "search6785",
        "type": "Microsoft.Search/searchServices",
        "sku": {
          "name": "standard"
        }
      }
    },
    {
      "RequestUri": "https://management.azure.com/subscriptions/faa080af-c1d8-40ad-9cce-e1a450ca5b57/resourceGroups/Search-SDK-Test3057/providers/Microsoft.Search/searchServices/search6785?api-version=2025-02-01-preview",
      "RequestMethod": "GET",
      "RequestHeaders": {
        "Authorization": "Sanitized",
        "traceparent": "00-37393cb9547dd7d2d0a5910e77fcdf1e-c3fc9724195253d7-00",
        "User-Agent": "azsdk-net-ResourceManager/1.13.0 (.NET 8.0.15; Microsoft Windows 10.0.22631)",
        "x-ms-client-request-id": "Sanitized",
        "x-ms-return-client-request-id": "true"
      },
      "RequestBody": null,
      "StatusCode": 200,
      "ResponseHeaders": {
        "Cache-Control": "no-cache",
        "client-request-id": "Sanitized",
        "Content-Length": "959",
        "Content-Type": "application/json; charset=utf-8",
        "Date": "Wed, 30 Apr 2025 00:10:10 GMT",
        "elapsed-time": "68",
        "ETag": "W/\"datetime'2025-04-29T23%3A50%3A31.1680311Z'\"",
        "Expires": "-1",
        "Pragma": "no-cache",
        "request-id": "9da346a9-7186-e747-3bf5-6c6cd8b978fd",
        "Strict-Transport-Security": "max-age=31536000; includeSubDomains",
        "X-Cache": "CONFIG_NOCACHE",
        "X-Content-Type-Options": "nosniff",
        "x-ms-client-request-id": "Sanitized",
        "x-ms-correlation-request-id": "8aafb3d8-aeaf-4e8c-9ec8-8d2effcdadba",
        "x-ms-ratelimit-remaining-subscription-global-reads": "16499",
        "x-ms-ratelimit-remaining-subscription-reads": "1099",
        "x-ms-request-id": "8aafb3d8-aeaf-4e8c-9ec8-8d2effcdadba",
        "x-ms-routing-request-id": "SOUTHEASTASIA:20250430T001011Z:8aafb3d8-aeaf-4e8c-9ec8-8d2effcdadba",
        "X-MSEdge-Ref": "Ref A: F9340E67FCA14D4FA01910FC74986FDF Ref B: MAA201060513027 Ref C: 2025-04-30T00:10:10Z"
      },
      "ResponseBody": {
        "location": "East US 2 EUAP",
        "tags": {},
        "properties": {
          "replicaCount": 1,
          "partitionCount": 1,
          "endpoint": "https://search6785.search.windows.net",
          "status": "provisioning",
          "statusDetails": "",
          "provisioningState": "Provisioning",
          "hostingMode": "default",
          "computeType": "Default",
          "publicNetworkAccess": "Enabled",
          "networkRuleSet": {
            "ipRules": [],
            "bypass": "None"
          },
          "privateEndpointConnections": [],
          "sharedPrivateLinkResources": [],
          "encryptionWithCmk": {
            "enforcement": "Unspecified",
            "encryptionComplianceStatus": "Compliant"
          },
          "disableLocalAuth": false,
          "authOptions": {
            "apiKeyOnly": {}
          },
          "disabledDataExfiltrationOptions": [],
          "semanticSearch": "free",
          "upgradeAvailable": false,
          "serviceUpgradeDate": null
        },
        "systemData": {
          "createdAt": "2025-04-29T23:50:31.161Z"
        },
        "id": "/subscriptions/faa080af-c1d8-40ad-9cce-e1a450ca5b57/resourceGroups/Search-SDK-Test3057/providers/Microsoft.Search/searchServices/search6785",
        "name": "search6785",
        "type": "Microsoft.Search/searchServices",
        "sku": {
          "name": "standard"
        }
      }
    },
    {
      "RequestUri": "https://management.azure.com/subscriptions/faa080af-c1d8-40ad-9cce-e1a450ca5b57/resourceGroups/Search-SDK-Test3057/providers/Microsoft.Search/searchServices/search6785?api-version=2025-02-01-preview",
      "RequestMethod": "GET",
      "RequestHeaders": {
        "Authorization": "Sanitized",
        "traceparent": "00-37393cb9547dd7d2d0a5910e77fcdf1e-8837f700ed8c69eb-00",
        "User-Agent": "azsdk-net-ResourceManager/1.13.0 (.NET 8.0.15; Microsoft Windows 10.0.22631)",
        "x-ms-client-request-id": "Sanitized",
        "x-ms-return-client-request-id": "true"
      },
      "RequestBody": null,
      "StatusCode": 200,
      "ResponseHeaders": {
        "Cache-Control": "no-cache",
        "client-request-id": "Sanitized",
        "Content-Length": "959",
        "Content-Type": "application/json; charset=utf-8",
        "Date": "Wed, 30 Apr 2025 00:10:44 GMT",
        "elapsed-time": "77",
        "ETag": "W/\"datetime'2025-04-29T23%3A50%3A31.1680311Z'\"",
        "Expires": "-1",
        "Pragma": "no-cache",
        "request-id": "a929b75a-3722-0ee5-1999-0856139877f2",
        "Strict-Transport-Security": "max-age=31536000; includeSubDomains",
        "X-Cache": "CONFIG_NOCACHE",
        "X-Content-Type-Options": "nosniff",
        "x-ms-client-request-id": "Sanitized",
        "x-ms-correlation-request-id": "26a1aa96-d550-44ce-83b4-fcb232f9f379",
        "x-ms-ratelimit-remaining-subscription-global-reads": "16499",
        "x-ms-ratelimit-remaining-subscription-reads": "1099",
        "x-ms-request-id": "26a1aa96-d550-44ce-83b4-fcb232f9f379",
        "x-ms-routing-request-id": "SOUTHEASTASIA:20250430T001045Z:26a1aa96-d550-44ce-83b4-fcb232f9f379",
        "X-MSEdge-Ref": "Ref A: 215004103E5149C2874D79D75A236EF7 Ref B: MAA201060513027 Ref C: 2025-04-30T00:10:43Z"
      },
      "ResponseBody": {
        "location": "East US 2 EUAP",
        "tags": {},
        "properties": {
          "replicaCount": 1,
          "partitionCount": 1,
          "endpoint": "https://search6785.search.windows.net",
          "status": "provisioning",
          "statusDetails": "",
          "provisioningState": "Provisioning",
          "hostingMode": "default",
          "computeType": "Default",
          "publicNetworkAccess": "Enabled",
          "networkRuleSet": {
            "ipRules": [],
            "bypass": "None"
          },
          "privateEndpointConnections": [],
          "sharedPrivateLinkResources": [],
          "encryptionWithCmk": {
            "enforcement": "Unspecified",
            "encryptionComplianceStatus": "Compliant"
          },
          "disableLocalAuth": false,
          "authOptions": {
            "apiKeyOnly": {}
          },
          "disabledDataExfiltrationOptions": [],
          "semanticSearch": "free",
          "upgradeAvailable": false,
          "serviceUpgradeDate": null
        },
        "systemData": {
          "createdAt": "2025-04-29T23:50:31.161Z"
        },
        "id": "/subscriptions/faa080af-c1d8-40ad-9cce-e1a450ca5b57/resourceGroups/Search-SDK-Test3057/providers/Microsoft.Search/searchServices/search6785",
        "name": "search6785",
        "type": "Microsoft.Search/searchServices",
        "sku": {
          "name": "standard"
        }
      }
    },
    {
      "RequestUri": "https://management.azure.com/subscriptions/faa080af-c1d8-40ad-9cce-e1a450ca5b57/resourceGroups/Search-SDK-Test3057/providers/Microsoft.Search/searchServices/search6785?api-version=2025-02-01-preview",
      "RequestMethod": "GET",
      "RequestHeaders": {
        "Authorization": "Sanitized",
        "traceparent": "00-37393cb9547dd7d2d0a5910e77fcdf1e-e8bf04f84734ee14-00",
        "User-Agent": "azsdk-net-ResourceManager/1.13.0 (.NET 8.0.15; Microsoft Windows 10.0.22631)",
        "x-ms-client-request-id": "Sanitized",
        "x-ms-return-client-request-id": "true"
      },
      "RequestBody": null,
      "StatusCode": 200,
      "ResponseHeaders": {
        "Cache-Control": "no-cache",
        "client-request-id": "Sanitized",
        "Content-Length": "959",
        "Content-Type": "application/json; charset=utf-8",
        "Date": "Wed, 30 Apr 2025 00:11:18 GMT",
        "elapsed-time": "69",
        "ETag": "W/\"datetime'2025-04-29T23%3A50%3A31.1680311Z'\"",
        "Expires": "-1",
        "Pragma": "no-cache",
        "request-id": "648b15d1-f304-2db2-af27-45953192158c",
        "Strict-Transport-Security": "max-age=31536000; includeSubDomains",
        "X-Cache": "CONFIG_NOCACHE",
        "X-Content-Type-Options": "nosniff",
        "x-ms-client-request-id": "Sanitized",
        "x-ms-correlation-request-id": "bd49aad1-113d-4af4-8fa7-95f79109ece3",
        "x-ms-ratelimit-remaining-subscription-global-reads": "16499",
        "x-ms-ratelimit-remaining-subscription-reads": "1099",
        "x-ms-request-id": "bd49aad1-113d-4af4-8fa7-95f79109ece3",
        "x-ms-routing-request-id": "SOUTHEASTASIA:20250430T001118Z:bd49aad1-113d-4af4-8fa7-95f79109ece3",
        "X-MSEdge-Ref": "Ref A: FC85BC03800F436E9583E3CF1AE10130 Ref B: MAA201060513027 Ref C: 2025-04-30T00:11:17Z"
      },
      "ResponseBody": {
        "location": "East US 2 EUAP",
        "tags": {},
        "properties": {
          "replicaCount": 1,
          "partitionCount": 1,
          "endpoint": "https://search6785.search.windows.net",
          "status": "provisioning",
          "statusDetails": "",
          "provisioningState": "Provisioning",
          "hostingMode": "default",
          "computeType": "Default",
          "publicNetworkAccess": "Enabled",
          "networkRuleSet": {
            "ipRules": [],
            "bypass": "None"
          },
          "privateEndpointConnections": [],
          "sharedPrivateLinkResources": [],
          "encryptionWithCmk": {
            "enforcement": "Unspecified",
            "encryptionComplianceStatus": "Compliant"
          },
          "disableLocalAuth": false,
          "authOptions": {
            "apiKeyOnly": {}
          },
          "disabledDataExfiltrationOptions": [],
          "semanticSearch": "free",
          "upgradeAvailable": false,
          "serviceUpgradeDate": null
        },
        "systemData": {
          "createdAt": "2025-04-29T23:50:31.161Z"
        },
        "id": "/subscriptions/faa080af-c1d8-40ad-9cce-e1a450ca5b57/resourceGroups/Search-SDK-Test3057/providers/Microsoft.Search/searchServices/search6785",
        "name": "search6785",
        "type": "Microsoft.Search/searchServices",
        "sku": {
          "name": "standard"
        }
      }
    },
    {
      "RequestUri": "https://management.azure.com/subscriptions/faa080af-c1d8-40ad-9cce-e1a450ca5b57/resourceGroups/Search-SDK-Test3057/providers/Microsoft.Search/searchServices/search6785?api-version=2025-02-01-preview",
      "RequestMethod": "GET",
      "RequestHeaders": {
        "Authorization": "Sanitized",
        "traceparent": "00-37393cb9547dd7d2d0a5910e77fcdf1e-cef86c0cd3c978f1-00",
        "User-Agent": "azsdk-net-ResourceManager/1.13.0 (.NET 8.0.15; Microsoft Windows 10.0.22631)",
        "x-ms-client-request-id": "Sanitized",
        "x-ms-return-client-request-id": "true"
      },
      "RequestBody": null,
      "StatusCode": 200,
      "ResponseHeaders": {
        "Cache-Control": "no-cache",
        "client-request-id": "Sanitized",
        "Content-Length": "951",
        "Content-Type": "application/json; charset=utf-8",
        "Date": "Wed, 30 Apr 2025 00:11:51 GMT",
        "elapsed-time": "67",
        "ETag": "W/\"datetime'2025-04-29T23%3A50%3A31.1680311Z'\"",
        "Expires": "-1",
        "Pragma": "no-cache",
        "request-id": "a4602f59-bcf0-7241-6194-84ec69f1d4a2",
        "Strict-Transport-Security": "max-age=31536000; includeSubDomains",
        "X-Cache": "CONFIG_NOCACHE",
        "X-Content-Type-Options": "nosniff",
        "x-ms-client-request-id": "Sanitized",
        "x-ms-correlation-request-id": "eaf72061-c930-4d02-9ba4-259899ba7c84",
        "x-ms-ratelimit-remaining-subscription-global-reads": "16499",
        "x-ms-ratelimit-remaining-subscription-reads": "1099",
        "x-ms-request-id": "eaf72061-c930-4d02-9ba4-259899ba7c84",
        "x-ms-routing-request-id": "SOUTHEASTASIA:20250430T001152Z:eaf72061-c930-4d02-9ba4-259899ba7c84",
        "X-MSEdge-Ref": "Ref A: 352C85F5D9824A9D954D573D941AD112 Ref B: MAA201060513027 Ref C: 2025-04-30T00:11:50Z"
      },
      "ResponseBody": {
        "location": "East US 2 EUAP",
        "tags": {},
        "properties": {
          "replicaCount": 1,
          "partitionCount": 1,
          "endpoint": "https://search6785.search.windows.net",
          "status": "running",
          "statusDetails": "",
          "provisioningState": "Succeeded",
          "hostingMode": "default",
          "computeType": "Default",
          "publicNetworkAccess": "Enabled",
          "networkRuleSet": {
            "ipRules": [],
            "bypass": "None"
          },
          "privateEndpointConnections": [],
          "sharedPrivateLinkResources": [],
          "encryptionWithCmk": {
            "enforcement": "Unspecified",
            "encryptionComplianceStatus": "Compliant"
          },
          "disableLocalAuth": false,
          "authOptions": {
            "apiKeyOnly": {}
          },
          "disabledDataExfiltrationOptions": [],
          "semanticSearch": "free",
          "upgradeAvailable": false,
          "serviceUpgradeDate": null
        },
        "systemData": {
          "createdAt": "2025-04-29T23:50:31.161Z"
        },
        "id": "/subscriptions/faa080af-c1d8-40ad-9cce-e1a450ca5b57/resourceGroups/Search-SDK-Test3057/providers/Microsoft.Search/searchServices/search6785",
        "name": "search6785",
        "type": "Microsoft.Search/searchServices",
        "sku": {
          "name": "standard"
        }
      }
    },
    {
      "RequestUri": "https://management.azure.com/subscriptions/faa080af-c1d8-40ad-9cce-e1a450ca5b57/resourceGroups/Search-SDK-Test3057/providers/Microsoft.Search/searchServices/search6785?api-version=2025-02-01-preview",
      "RequestMethod": "GET",
      "RequestHeaders": {
        "Accept": "application/json",
        "Authorization": "Sanitized",
        "traceparent": "00-9a8a949e143e6b7cce36fc4cfc383c5f-c0f575b5a1c5ba92-00",
        "User-Agent": "azsdk-net-ResourceManager.Search/1.3.0-alpha.20250429.1 (.NET 8.0.15; Microsoft Windows 10.0.22631)",
        "x-ms-client-request-id": "Sanitized",
        "x-ms-return-client-request-id": "true"
      },
      "RequestBody": null,
      "StatusCode": 200,
      "ResponseHeaders": {
        "Cache-Control": "no-cache",
        "client-request-id": "Sanitized",
        "Content-Length": "951",
        "Content-Type": "application/json; charset=utf-8",
        "Date": "Wed, 30 Apr 2025 00:11:53 GMT",
        "elapsed-time": "58",
        "ETag": "W/\"datetime'2025-04-29T23%3A50%3A31.1680311Z'\"",
        "Expires": "-1",
        "Pragma": "no-cache",
        "request-id": "c39a7a7e-132d-67f8-04fb-f9faf14fdd86",
        "Strict-Transport-Security": "max-age=31536000; includeSubDomains",
        "X-Cache": "CONFIG_NOCACHE",
        "X-Content-Type-Options": "nosniff",
        "x-ms-client-request-id": "Sanitized",
        "x-ms-correlation-request-id": "0e475262-0ad9-4b28-a4a4-205cfd91dc6f",
        "x-ms-ratelimit-remaining-subscription-global-reads": "16499",
        "x-ms-ratelimit-remaining-subscription-reads": "1099",
        "x-ms-request-id": "0e475262-0ad9-4b28-a4a4-205cfd91dc6f",
        "x-ms-routing-request-id": "SOUTHEASTASIA:20250430T001153Z:0e475262-0ad9-4b28-a4a4-205cfd91dc6f",
        "X-MSEdge-Ref": "Ref A: FF1890F24EC44F2D842E4E0521EA147D Ref B: MAA201060513027 Ref C: 2025-04-30T00:11:52Z"
      },
      "ResponseBody": {
        "location": "East US 2 EUAP",
        "tags": {},
        "properties": {
          "replicaCount": 1,
          "partitionCount": 1,
          "endpoint": "https://search6785.search.windows.net",
          "status": "running",
          "statusDetails": "",
          "provisioningState": "Succeeded",
          "hostingMode": "default",
          "computeType": "Default",
          "publicNetworkAccess": "Enabled",
          "networkRuleSet": {
            "ipRules": [],
            "bypass": "None"
          },
          "privateEndpointConnections": [],
          "sharedPrivateLinkResources": [],
          "encryptionWithCmk": {
            "enforcement": "Unspecified",
            "encryptionComplianceStatus": "Compliant"
          },
          "disableLocalAuth": false,
          "authOptions": {
            "apiKeyOnly": {}
          },
          "disabledDataExfiltrationOptions": [],
          "semanticSearch": "free",
          "upgradeAvailable": false,
          "serviceUpgradeDate": null
        },
        "systemData": {
          "createdAt": "2025-04-29T23:50:31.161Z"
        },
        "id": "/subscriptions/faa080af-c1d8-40ad-9cce-e1a450ca5b57/resourceGroups/Search-SDK-Test3057/providers/Microsoft.Search/searchServices/search6785",
        "name": "search6785",
        "type": "Microsoft.Search/searchServices",
        "sku": {
          "name": "standard"
        }
      }
    }
  ],
  "Variables": {
    "RandomSeed": "320492655",
    "RESOURCE_MANAGER_URL": null,
    "SUBSCRIPTION_ID": "faa080af-c1d8-40ad-9cce-e1a450ca5b57"
  }
}
