{
  "Entries": [
    {
      "RequestUri": "https://management.azure.com/subscriptions/faa080af-c1d8-40ad-9cce-e1a450ca5b57?api-version=2022-12-01",
      "RequestMethod": "GET",
      "RequestHeaders": {
        "Accept": "application/json",
        "Authorization": "Sanitized",
        "traceparent": "00-2b71f069110dc2e62adfb74e982fabe0-48bf023eed8db339-00",
        "User-Agent": "azsdk-net-ResourceManager/1.13.0 (.NET 8.0.15; Microsoft Windows 10.0.22631)",
        "x-ms-client-request-id": "Sanitized",
        "x-ms-return-client-request-id": "true"
      },
      "RequestBody": null,
      "StatusCode": 200,
      "ResponseHeaders": {
        "Cache-Control": "no-cache",
        "Content-Length": "945",
        "Content-Type": "application/json; charset=utf-8",
        "Date": "Wed, 30 Apr 2025 00:23:51 GMT",
        "Expires": "-1",
        "Pragma": "no-cache",
        "Strict-Transport-Security": "max-age=31536000; includeSubDomains",
        "X-Cache": "CONFIG_NOCACHE",
        "X-Content-Type-Options": "nosniff",
        "x-ms-correlation-request-id": "eaf78364-3aba-4ccf-aa8c-0dfe071c10fa",
        "x-ms-ratelimit-remaining-subscription-global-reads": "16499",
        "x-ms-ratelimit-remaining-subscription-reads": "1099",
        "x-ms-request-id": "eaf78364-3aba-4ccf-aa8c-0dfe071c10fa",
        "x-ms-routing-request-id": "SOUTHEASTASIA:20250430T002352Z:eaf78364-3aba-4ccf-aa8c-0dfe071c10fa",
        "X-MSEdge-Ref": "Ref A: 46D7117C580A43568FE3101B87284280 Ref B: MAA201060513027 Ref C: 2025-04-30T00:23:52Z"
      },
      "ResponseBody": {
        "id": "/subscriptions/faa080af-c1d8-40ad-9cce-e1a450ca5b57",
        "authorizationSource": "RoleBased",
        "managedByTenants": [
          {
            "tenantId": "00000000-0000-0000-0000-000000000000"
          }
        ],
        "tags": {
          "tagKey1": "tag-value-1",
          "tagKey2": "tag-value-2",
          "DDFunMDCTag": "Public",
          "Az.Sec.DisableLocalAuth.CosmosDB::OptIn": "all_regions",
          "Az.Sec.DisableLocalAuth.EventHub::OptIn": "all_regions",
          "Az.Sec.DisableLocalAuth.ServiceBus::OptIn": "all_regions",
          "Az.Sec.DisableLocalAuth.SqlManagedInstance::Opt-In": "all_regions",
          "Az.Sec.DisableLocalAuth.SqlServer::OptIn": "all_regions",
          "Az.Sec.DisableLocalAuth.Storage::OptIn": "all_regions",
          "Az.Sec.DenySubnetOutboundAccess::OptIn": "all_regions"
        },
        "subscriptionId": "faa080af-c1d8-40ad-9cce-e1a450ca5b57",
        "tenantId": "00000000-0000-0000-0000-000000000000",
        "displayName": "Azure SDK Developer Playground",
        "state": "Enabled",
        "subscriptionPolicies": {
          "locationPlacementId": "Internal_2014-09-01",
          "quotaId": "Internal_2014-09-01",
          "spendingLimit": "Off"
        }
      }
    },
    {
      "RequestUri": "https://management.azure.com/subscriptions/faa080af-c1d8-40ad-9cce-e1a450ca5b57/resourcegroups/Search-SDK-Test7176?api-version=2022-09-01",
      "RequestMethod": "PUT",
      "RequestHeaders": {
        "Accept": "application/json",
        "Authorization": "Sanitized",
        "Content-Length": "26",
        "Content-Type": "application/json",
        "traceparent": "00-2fe91bdb33f5ee76a209f30636a3072d-b33e76b9deacd16a-00",
        "User-Agent": "azsdk-net-ResourceManager/1.13.0 (.NET 8.0.15; Microsoft Windows 10.0.22631)",
        "x-ms-client-request-id": "Sanitized",
        "x-ms-return-client-request-id": "true"
      },
      "RequestBody": {
        "location": "eastus2euap"
      },
      "StatusCode": 201,
      "ResponseHeaders": {
        "Cache-Control": "no-cache",
        "Content-Length": "240",
        "Content-Type": "application/json; charset=utf-8",
        "Date": "Wed, 30 Apr 2025 00:23:54 GMT",
        "Expires": "-1",
        "Pragma": "no-cache",
        "Strict-Transport-Security": "max-age=31536000; includeSubDomains",
        "X-Cache": "CONFIG_NOCACHE",
        "X-Content-Type-Options": "nosniff",
        "x-ms-correlation-request-id": "c30593e1-0caa-4983-9c36-0bcdb08791c7",
        "x-ms-ratelimit-remaining-subscription-global-writes": "11999",
        "x-ms-ratelimit-remaining-subscription-writes": "799",
        "x-ms-request-id": "c30593e1-0caa-4983-9c36-0bcdb08791c7",
        "x-ms-routing-request-id": "SOUTHEASTASIA:20250430T002355Z:c30593e1-0caa-4983-9c36-0bcdb08791c7",
        "X-MSEdge-Ref": "Ref A: 12053574AA2C4DDE8E1ED4229C2BADFD Ref B: MAA201060513027 Ref C: 2025-04-30T00:23:52Z"
      },
      "ResponseBody": {
        "id": "/subscriptions/faa080af-c1d8-40ad-9cce-e1a450ca5b57/resourceGroups/Search-SDK-Test7176",
        "name": "Search-SDK-Test7176",
        "type": "Microsoft.Resources/resourceGroups",
        "location": "eastus2euap",
        "properties": {
          "provisioningState": "Succeeded"
        }
      }
    },
    {
      "RequestUri": "https://management.azure.com/subscriptions/faa080af-c1d8-40ad-9cce-e1a450ca5b57/resourceGroups/Search-SDK-Test7176/providers/Microsoft.Search/searchServices/search1036?api-version=2025-02-01-preview",
      "RequestMethod": "PUT",
      "RequestHeaders": {
        "Accept": "application/json",
        "Authorization": "Sanitized",
        "Content-Length": "127",
        "Content-Type": "application/json",
        "traceparent": "00-f787cf64ea0c8e394396e572b5bd4143-938f887e0cf6d91e-00",
        "User-Agent": "azsdk-net-ResourceManager.Search/1.3.0-alpha.20250429.1 (.NET 8.0.15; Microsoft Windows 10.0.22631)",
        "x-ms-client-request-id": "Sanitized",
        "x-ms-return-client-request-id": "true"
      },
      "RequestBody": {
        "location": "eastus2euap",
        "sku": {
          "name": "standard"
        },
        "properties": {
          "replicaCount": 1,
          "partitionCount": 1,
          "hostingMode": "default"
        }
      },
      "StatusCode": 201,
      "ResponseHeaders": {
        "Cache-Control": "no-cache",
        "client-request-id": "Sanitized",
        "Content-Length": "959",
        "Content-Type": "application/json; charset=utf-8",
        "Date": "Wed, 30 Apr 2025 00:24:07 GMT",
        "elapsed-time": "8070",
        "ETag": "W/\"datetime'2025-04-30T00%3A24%3A08.2956779Z'\"",
        "Expires": "-1",
        "Pragma": "no-cache",
        "request-id": "a81ebf68-ab56-9cd4-91c7-e7a600a60cb4",
        "Strict-Transport-Security": "max-age=31536000; includeSubDomains",
        "X-Cache": "CONFIG_NOCACHE",
        "X-Content-Type-Options": "nosniff",
        "x-ms-client-request-id": "Sanitized",
        "x-ms-correlation-request-id": "a0d9eecf-ebfd-45e6-a3f2-82f61edc3bba",
        "x-ms-operation-identifier": "tenantId=72f988bf-86f1-41af-91ab-2d7cd011db47,objectId=6eb96c68-1d95-451c-8c75-7e352c5eb162/southeastasia/a378df6f-e066-4c8a-b53f-bf5caf1edab0",
        "x-ms-ratelimit-remaining-subscription-global-writes": "12000",
        "x-ms-ratelimit-remaining-subscription-writes": "800",
        "x-ms-request-id": "a0d9eecf-ebfd-45e6-a3f2-82f61edc3bba",
        "x-ms-routing-request-id": "SOUTHEASTASIA:20250430T002408Z:a0d9eecf-ebfd-45e6-a3f2-82f61edc3bba",
        "X-MSEdge-Ref": "Ref A: C6F933A12CCA4A5E9E2CD00058055371 Ref B: MAA201060513027 Ref C: 2025-04-30T00:23:55Z"
      },
      "ResponseBody": {
        "location": "East US 2 EUAP",
        "tags": {},
        "properties": {
          "replicaCount": 1,
          "partitionCount": 1,
          "endpoint": "https://search1036.search.windows.net",
          "status": "provisioning",
          "statusDetails": "",
          "provisioningState": "Provisioning",
          "hostingMode": "default",
          "computeType": "Default",
          "publicNetworkAccess": "Enabled",
          "networkRuleSet": {
            "ipRules": [],
            "bypass": "None"
          },
          "privateEndpointConnections": [],
          "sharedPrivateLinkResources": [],
          "encryptionWithCmk": {
            "enforcement": "Unspecified",
            "encryptionComplianceStatus": "Compliant"
          },
          "disableLocalAuth": false,
          "authOptions": {
            "apiKeyOnly": {}
          },
          "disabledDataExfiltrationOptions": [],
          "semanticSearch": "free",
          "upgradeAvailable": false,
          "serviceUpgradeDate": null
        },
        "systemData": {
          "createdAt": "2025-04-30T00:24:08.288Z"
        },
        "id": "/subscriptions/faa080af-c1d8-40ad-9cce-e1a450ca5b57/resourceGroups/Search-SDK-Test7176/providers/Microsoft.Search/searchServices/search1036",
        "name": "search1036",
        "type": "Microsoft.Search/searchServices",
        "sku": {
          "name": "standard"
        }
      }
    },
    {
      "RequestUri": "https://management.azure.com/subscriptions/faa080af-c1d8-40ad-9cce-e1a450ca5b57/resourceGroups/Search-SDK-Test7176/providers/Microsoft.Search/searchServices/search1036?api-version=2025-02-01-preview",
      "RequestMethod": "GET",
      "RequestHeaders": {
        "Authorization": "Sanitized",
        "traceparent": "00-f787cf64ea0c8e394396e572b5bd4143-a970c86e086b3a84-00",
        "User-Agent": "azsdk-net-ResourceManager/1.13.0 (.NET 8.0.15; Microsoft Windows 10.0.22631)",
        "x-ms-client-request-id": "Sanitized",
        "x-ms-return-client-request-id": "true"
      },
      "RequestBody": null,
      "StatusCode": 200,
      "ResponseHeaders": {
        "Cache-Control": "no-cache",
        "client-request-id": "Sanitized",
        "Content-Length": "959",
        "Content-Type": "application/json; charset=utf-8",
        "Date": "Wed, 30 Apr 2025 00:24:08 GMT",
        "elapsed-time": "144",
        "ETag": "W/\"datetime'2025-04-30T00%3A24%3A08.2956779Z'\"",
        "Expires": "-1",
        "Pragma": "no-cache",
        "request-id": "a6c6cd7a-2907-75da-938e-73e8ce9c6197",
        "Strict-Transport-Security": "max-age=31536000; includeSubDomains",
        "X-Cache": "CONFIG_NOCACHE",
        "X-Content-Type-Options": "nosniff",
        "x-ms-client-request-id": "Sanitized",
        "x-ms-correlation-request-id": "b5e535e1-9c60-4f4f-a62b-437443a02a4b",
        "x-ms-ratelimit-remaining-subscription-global-reads": "16499",
        "x-ms-ratelimit-remaining-subscription-reads": "1099",
        "x-ms-request-id": "b5e535e1-9c60-4f4f-a62b-437443a02a4b",
        "x-ms-routing-request-id": "SOUTHEASTASIA:20250430T002409Z:b5e535e1-9c60-4f4f-a62b-437443a02a4b",
        "X-MSEdge-Ref": "Ref A: 72E35F16382B48A2A74ADD85E253BFFF Ref B: MAA201060513027 Ref C: 2025-04-30T00:24:08Z"
      },
      "ResponseBody": {
        "location": "East US 2 EUAP",
        "tags": {},
        "properties": {
          "replicaCount": 1,
          "partitionCount": 1,
          "endpoint": "https://search1036.search.windows.net",
          "status": "provisioning",
          "statusDetails": "",
          "provisioningState": "Provisioning",
          "hostingMode": "default",
          "computeType": "Default",
          "publicNetworkAccess": "Enabled",
          "networkRuleSet": {
            "ipRules": [],
            "bypass": "None"
          },
          "privateEndpointConnections": [],
          "sharedPrivateLinkResources": [],
          "encryptionWithCmk": {
            "enforcement": "Unspecified",
            "encryptionComplianceStatus": "Compliant"
          },
          "disableLocalAuth": false,
          "authOptions": {
            "apiKeyOnly": {}
          },
          "disabledDataExfiltrationOptions": [],
          "semanticSearch": "free",
          "upgradeAvailable": false,
          "serviceUpgradeDate": null
        },
        "systemData": {
          "createdAt": "2025-04-30T00:24:08.288Z"
        },
        "id": "/subscriptions/faa080af-c1d8-40ad-9cce-e1a450ca5b57/resourceGroups/Search-SDK-Test7176/providers/Microsoft.Search/searchServices/search1036",
        "name": "search1036",
        "type": "Microsoft.Search/searchServices",
        "sku": {
          "name": "standard"
        }
      }
    },
    {
      "RequestUri": "https://management.azure.com/subscriptions/faa080af-c1d8-40ad-9cce-e1a450ca5b57/resourceGroups/Search-SDK-Test7176/providers/Microsoft.Search/searchServices/search1036?api-version=2025-02-01-preview",
      "RequestMethod": "GET",
      "RequestHeaders": {
        "Authorization": "Sanitized",
        "traceparent": "00-f787cf64ea0c8e394396e572b5bd4143-f488c5c0b08fe0df-00",
        "User-Agent": "azsdk-net-ResourceManager/1.13.0 (.NET 8.0.15; Microsoft Windows 10.0.22631)",
        "x-ms-client-request-id": "Sanitized",
        "x-ms-return-client-request-id": "true"
      },
      "RequestBody": null,
      "StatusCode": 200,
      "ResponseHeaders": {
        "Cache-Control": "no-cache",
        "client-request-id": "Sanitized",
        "Content-Length": "959",
        "Content-Type": "application/json; charset=utf-8",
        "Date": "Wed, 30 Apr 2025 00:24:11 GMT",
        "elapsed-time": "66",
        "ETag": "W/\"datetime'2025-04-30T00%3A24%3A08.2956779Z'\"",
        "Expires": "-1",
        "Pragma": "no-cache",
        "request-id": "10313f60-8098-560a-69b6-d4c0aad50784",
        "Strict-Transport-Security": "max-age=31536000; includeSubDomains",
        "X-Cache": "CONFIG_NOCACHE",
        "X-Content-Type-Options": "nosniff",
        "x-ms-client-request-id": "Sanitized",
        "x-ms-correlation-request-id": "6eb93ff4-b719-4c39-a973-ca4daf6bec73",
        "x-ms-ratelimit-remaining-subscription-global-reads": "16499",
        "x-ms-ratelimit-remaining-subscription-reads": "1099",
        "x-ms-request-id": "6eb93ff4-b719-4c39-a973-ca4daf6bec73",
        "x-ms-routing-request-id": "SOUTHEASTASIA:20250430T002412Z:6eb93ff4-b719-4c39-a973-ca4daf6bec73",
        "X-MSEdge-Ref": "Ref A: 9383D74832CD4BD6AC28B4E0D55EFF01 Ref B: MAA201060513027 Ref C: 2025-04-30T00:24:10Z"
      },
      "ResponseBody": {
        "location": "East US 2 EUAP",
        "tags": {},
        "properties": {
          "replicaCount": 1,
          "partitionCount": 1,
          "endpoint": "https://search1036.search.windows.net",
          "status": "provisioning",
          "statusDetails": "",
          "provisioningState": "Provisioning",
          "hostingMode": "default",
          "computeType": "Default",
          "publicNetworkAccess": "Enabled",
          "networkRuleSet": {
            "ipRules": [],
            "bypass": "None"
          },
          "privateEndpointConnections": [],
          "sharedPrivateLinkResources": [],
          "encryptionWithCmk": {
            "enforcement": "Unspecified",
            "encryptionComplianceStatus": "Compliant"
          },
          "disableLocalAuth": false,
          "authOptions": {
            "apiKeyOnly": {}
          },
          "disabledDataExfiltrationOptions": [],
          "semanticSearch": "free",
          "upgradeAvailable": false,
          "serviceUpgradeDate": null
        },
        "systemData": {
          "createdAt": "2025-04-30T00:24:08.288Z"
        },
        "id": "/subscriptions/faa080af-c1d8-40ad-9cce-e1a450ca5b57/resourceGroups/Search-SDK-Test7176/providers/Microsoft.Search/searchServices/search1036",
        "name": "search1036",
        "type": "Microsoft.Search/searchServices",
        "sku": {
          "name": "standard"
        }
      }
    },
    {
      "RequestUri": "https://management.azure.com/subscriptions/faa080af-c1d8-40ad-9cce-e1a450ca5b57/resourceGroups/Search-SDK-Test7176/providers/Microsoft.Search/searchServices/search1036?api-version=2025-02-01-preview",
      "RequestMethod": "GET",
      "RequestHeaders": {
        "Authorization": "Sanitized",
        "traceparent": "00-f787cf64ea0c8e394396e572b5bd4143-21ee13e47322cad6-00",
        "User-Agent": "azsdk-net-ResourceManager/1.13.0 (.NET 8.0.15; Microsoft Windows 10.0.22631)",
        "x-ms-client-request-id": "Sanitized",
        "x-ms-return-client-request-id": "true"
      },
      "RequestBody": null,
      "StatusCode": 200,
      "ResponseHeaders": {
        "Cache-Control": "no-cache",
        "client-request-id": "Sanitized",
        "Content-Length": "959",
        "Content-Type": "application/json; charset=utf-8",
        "Date": "Wed, 30 Apr 2025 00:24:15 GMT",
        "elapsed-time": "64",
        "ETag": "W/\"datetime'2025-04-30T00%3A24%3A08.2956779Z'\"",
        "Expires": "-1",
        "Pragma": "no-cache",
        "request-id": "332c55b3-65df-23ad-fe51-2d159f6d9938",
        "Strict-Transport-Security": "max-age=31536000; includeSubDomains",
        "X-Cache": "CONFIG_NOCACHE",
        "X-Content-Type-Options": "nosniff",
        "x-ms-client-request-id": "Sanitized",
        "x-ms-correlation-request-id": "3da6ba3f-deb0-4569-9ed3-44af7a4a265a",
        "x-ms-ratelimit-remaining-subscription-global-reads": "16499",
        "x-ms-ratelimit-remaining-subscription-reads": "1099",
        "x-ms-request-id": "3da6ba3f-deb0-4569-9ed3-44af7a4a265a",
        "x-ms-routing-request-id": "SOUTHEASTASIA:20250430T002416Z:3da6ba3f-deb0-4569-9ed3-44af7a4a265a",
        "X-MSEdge-Ref": "Ref A: 336CA2261E6A44939C0968002889BE88 Ref B: MAA201060513027 Ref C: 2025-04-30T00:24:13Z"
      },
      "ResponseBody": {
        "location": "East US 2 EUAP",
        "tags": {},
        "properties": {
          "replicaCount": 1,
          "partitionCount": 1,
          "endpoint": "https://search1036.search.windows.net",
          "status": "provisioning",
          "statusDetails": "",
          "provisioningState": "Provisioning",
          "hostingMode": "default",
          "computeType": "Default",
          "publicNetworkAccess": "Enabled",
          "networkRuleSet": {
            "ipRules": [],
            "bypass": "None"
          },
          "privateEndpointConnections": [],
          "sharedPrivateLinkResources": [],
          "encryptionWithCmk": {
            "enforcement": "Unspecified",
            "encryptionComplianceStatus": "Compliant"
          },
          "disableLocalAuth": false,
          "authOptions": {
            "apiKeyOnly": {}
          },
          "disabledDataExfiltrationOptions": [],
          "semanticSearch": "free",
          "upgradeAvailable": false,
          "serviceUpgradeDate": null
        },
        "systemData": {
          "createdAt": "2025-04-30T00:24:08.288Z"
        },
        "id": "/subscriptions/faa080af-c1d8-40ad-9cce-e1a450ca5b57/resourceGroups/Search-SDK-Test7176/providers/Microsoft.Search/searchServices/search1036",
        "name": "search1036",
        "type": "Microsoft.Search/searchServices",
        "sku": {
          "name": "standard"
        }
      }
    },
    {
      "RequestUri": "https://management.azure.com/subscriptions/faa080af-c1d8-40ad-9cce-e1a450ca5b57/resourceGroups/Search-SDK-Test7176/providers/Microsoft.Search/searchServices/search1036?api-version=2025-02-01-preview",
      "RequestMethod": "GET",
      "RequestHeaders": {
        "Authorization": "Sanitized",
        "traceparent": "00-f787cf64ea0c8e394396e572b5bd4143-bffee3eb064ed4d5-00",
        "User-Agent": "azsdk-net-ResourceManager/1.13.0 (.NET 8.0.15; Microsoft Windows 10.0.22631)",
        "x-ms-client-request-id": "Sanitized",
        "x-ms-return-client-request-id": "true"
      },
      "RequestBody": null,
      "StatusCode": 200,
      "ResponseHeaders": {
        "Cache-Control": "no-cache",
        "client-request-id": "Sanitized",
        "Content-Length": "959",
        "Content-Type": "application/json; charset=utf-8",
        "Date": "Wed, 30 Apr 2025 00:24:17 GMT",
        "elapsed-time": "68",
        "ETag": "W/\"datetime'2025-04-30T00%3A24%3A08.2956779Z'\"",
        "Expires": "-1",
        "Pragma": "no-cache",
        "request-id": "559e6a33-04da-f9f9-c370-3d505419cabd",
        "Strict-Transport-Security": "max-age=31536000; includeSubDomains",
        "X-Cache": "CONFIG_NOCACHE",
        "X-Content-Type-Options": "nosniff",
        "x-ms-client-request-id": "Sanitized",
        "x-ms-correlation-request-id": "e3e867e2-cc6b-4c03-9aa6-14f5726674be",
        "x-ms-ratelimit-remaining-subscription-global-reads": "16499",
        "x-ms-ratelimit-remaining-subscription-reads": "1099",
        "x-ms-request-id": "e3e867e2-cc6b-4c03-9aa6-14f5726674be",
        "x-ms-routing-request-id": "SOUTHEASTASIA:20250430T002418Z:e3e867e2-cc6b-4c03-9aa6-14f5726674be",
        "X-MSEdge-Ref": "Ref A: C720ABC4459349B6A11D0185D2FB121A Ref B: MAA201060513027 Ref C: 2025-04-30T00:24:17Z"
      },
      "ResponseBody": {
        "location": "East US 2 EUAP",
        "tags": {},
        "properties": {
          "replicaCount": 1,
          "partitionCount": 1,
          "endpoint": "https://search1036.search.windows.net",
          "status": "provisioning",
          "statusDetails": "",
          "provisioningState": "Provisioning",
          "hostingMode": "default",
          "computeType": "Default",
          "publicNetworkAccess": "Enabled",
          "networkRuleSet": {
            "ipRules": [],
            "bypass": "None"
          },
          "privateEndpointConnections": [],
          "sharedPrivateLinkResources": [],
          "encryptionWithCmk": {
            "enforcement": "Unspecified",
            "encryptionComplianceStatus": "Compliant"
          },
          "disableLocalAuth": false,
          "authOptions": {
            "apiKeyOnly": {}
          },
          "disabledDataExfiltrationOptions": [],
          "semanticSearch": "free",
          "upgradeAvailable": false,
          "serviceUpgradeDate": null
        },
        "systemData": {
          "createdAt": "2025-04-30T00:24:08.288Z"
        },
        "id": "/subscriptions/faa080af-c1d8-40ad-9cce-e1a450ca5b57/resourceGroups/Search-SDK-Test7176/providers/Microsoft.Search/searchServices/search1036",
        "name": "search1036",
        "type": "Microsoft.Search/searchServices",
        "sku": {
          "name": "standard"
        }
      }
    },
    {
      "RequestUri": "https://management.azure.com/subscriptions/faa080af-c1d8-40ad-9cce-e1a450ca5b57/resourceGroups/Search-SDK-Test7176/providers/Microsoft.Search/searchServices/search1036?api-version=2025-02-01-preview",
      "RequestMethod": "GET",
      "RequestHeaders": {
        "Authorization": "Sanitized",
        "traceparent": "00-f787cf64ea0c8e394396e572b5bd4143-9eeeea0541556f1c-00",
        "User-Agent": "azsdk-net-ResourceManager/1.13.0 (.NET 8.0.15; Microsoft Windows 10.0.22631)",
        "x-ms-client-request-id": "Sanitized",
        "x-ms-return-client-request-id": "true"
      },
      "RequestBody": null,
      "StatusCode": 200,
      "ResponseHeaders": {
        "Cache-Control": "no-cache",
        "client-request-id": "Sanitized",
        "Content-Length": "959",
        "Content-Type": "application/json; charset=utf-8",
        "Date": "Wed, 30 Apr 2025 00:24:20 GMT",
        "elapsed-time": "65",
        "ETag": "W/\"datetime'2025-04-30T00%3A24%3A08.2956779Z'\"",
        "Expires": "-1",
        "Pragma": "no-cache",
        "request-id": "7835ee87-2e70-fab8-910d-114652f4b6fb",
        "Strict-Transport-Security": "max-age=31536000; includeSubDomains",
        "X-Cache": "CONFIG_NOCACHE",
        "X-Content-Type-Options": "nosniff",
        "x-ms-client-request-id": "Sanitized",
        "x-ms-correlation-request-id": "9a799566-e89e-45f1-8b40-11feb36274f4",
        "x-ms-ratelimit-remaining-subscription-global-reads": "16499",
        "x-ms-ratelimit-remaining-subscription-reads": "1099",
        "x-ms-request-id": "9a799566-e89e-45f1-8b40-11feb36274f4",
        "x-ms-routing-request-id": "SOUTHEASTASIA:20250430T002421Z:9a799566-e89e-45f1-8b40-11feb36274f4",
        "X-MSEdge-Ref": "Ref A: E0FCFE9E540F466A82F2D77D5AE0F9F7 Ref B: MAA201060513027 Ref C: 2025-04-30T00:24:20Z"
      },
      "ResponseBody": {
        "location": "East US 2 EUAP",
        "tags": {},
        "properties": {
          "replicaCount": 1,
          "partitionCount": 1,
          "endpoint": "https://search1036.search.windows.net",
          "status": "provisioning",
          "statusDetails": "",
          "provisioningState": "Provisioning",
          "hostingMode": "default",
          "computeType": "Default",
          "publicNetworkAccess": "Enabled",
          "networkRuleSet": {
            "ipRules": [],
            "bypass": "None"
          },
          "privateEndpointConnections": [],
          "sharedPrivateLinkResources": [],
          "encryptionWithCmk": {
            "enforcement": "Unspecified",
            "encryptionComplianceStatus": "Compliant"
          },
          "disableLocalAuth": false,
          "authOptions": {
            "apiKeyOnly": {}
          },
          "disabledDataExfiltrationOptions": [],
          "semanticSearch": "free",
          "upgradeAvailable": false,
          "serviceUpgradeDate": null
        },
        "systemData": {
          "createdAt": "2025-04-30T00:24:08.288Z"
        },
        "id": "/subscriptions/faa080af-c1d8-40ad-9cce-e1a450ca5b57/resourceGroups/Search-SDK-Test7176/providers/Microsoft.Search/searchServices/search1036",
        "name": "search1036",
        "type": "Microsoft.Search/searchServices",
        "sku": {
          "name": "standard"
        }
      }
    },
    {
      "RequestUri": "https://management.azure.com/subscriptions/faa080af-c1d8-40ad-9cce-e1a450ca5b57/resourceGroups/Search-SDK-Test7176/providers/Microsoft.Search/searchServices/search1036?api-version=2025-02-01-preview",
      "RequestMethod": "GET",
      "RequestHeaders": {
        "Authorization": "Sanitized",
        "traceparent": "00-f787cf64ea0c8e394396e572b5bd4143-c0a2a1eaf4b15040-00",
        "User-Agent": "azsdk-net-ResourceManager/1.13.0 (.NET 8.0.15; Microsoft Windows 10.0.22631)",
        "x-ms-client-request-id": "Sanitized",
        "x-ms-return-client-request-id": "true"
      },
      "RequestBody": null,
      "StatusCode": 200,
      "ResponseHeaders": {
        "Cache-Control": "no-cache",
        "client-request-id": "Sanitized",
        "Content-Length": "959",
        "Content-Type": "application/json; charset=utf-8",
        "Date": "Wed, 30 Apr 2025 00:24:26 GMT",
        "elapsed-time": "65",
        "ETag": "W/\"datetime'2025-04-30T00%3A24%3A08.2956779Z'\"",
        "Expires": "-1",
        "Pragma": "no-cache",
        "request-id": "3f8c9c1d-b137-afa9-5b32-6f6e275dcee5",
        "Strict-Transport-Security": "max-age=31536000; includeSubDomains",
        "X-Cache": "CONFIG_NOCACHE",
        "X-Content-Type-Options": "nosniff",
        "x-ms-client-request-id": "Sanitized",
        "x-ms-correlation-request-id": "0068cf73-f54d-404f-a6b9-09d615909264",
        "x-ms-ratelimit-remaining-subscription-global-reads": "16499",
        "x-ms-ratelimit-remaining-subscription-reads": "1099",
        "x-ms-request-id": "0068cf73-f54d-404f-a6b9-09d615909264",
        "x-ms-routing-request-id": "SOUTHEASTASIA:20250430T002427Z:0068cf73-f54d-404f-a6b9-09d615909264",
        "X-MSEdge-Ref": "Ref A: FA9C2186D6A74ECE9D40A7900E0C98E1 Ref B: MAA201060513027 Ref C: 2025-04-30T00:24:25Z"
      },
      "ResponseBody": {
        "location": "East US 2 EUAP",
        "tags": {},
        "properties": {
          "replicaCount": 1,
          "partitionCount": 1,
          "endpoint": "https://search1036.search.windows.net",
          "status": "provisioning",
          "statusDetails": "",
          "provisioningState": "Provisioning",
          "hostingMode": "default",
          "computeType": "Default",
          "publicNetworkAccess": "Enabled",
          "networkRuleSet": {
            "ipRules": [],
            "bypass": "None"
          },
          "privateEndpointConnections": [],
          "sharedPrivateLinkResources": [],
          "encryptionWithCmk": {
            "enforcement": "Unspecified",
            "encryptionComplianceStatus": "Compliant"
          },
          "disableLocalAuth": false,
          "authOptions": {
            "apiKeyOnly": {}
          },
          "disabledDataExfiltrationOptions": [],
          "semanticSearch": "free",
          "upgradeAvailable": false,
          "serviceUpgradeDate": null
        },
        "systemData": {
          "createdAt": "2025-04-30T00:24:08.288Z"
        },
        "id": "/subscriptions/faa080af-c1d8-40ad-9cce-e1a450ca5b57/resourceGroups/Search-SDK-Test7176/providers/Microsoft.Search/searchServices/search1036",
        "name": "search1036",
        "type": "Microsoft.Search/searchServices",
        "sku": {
          "name": "standard"
        }
      }
    },
    {
      "RequestUri": "https://management.azure.com/subscriptions/faa080af-c1d8-40ad-9cce-e1a450ca5b57/resourceGroups/Search-SDK-Test7176/providers/Microsoft.Search/searchServices/search1036?api-version=2025-02-01-preview",
      "RequestMethod": "GET",
      "RequestHeaders": {
        "Authorization": "Sanitized",
        "traceparent": "00-f787cf64ea0c8e394396e572b5bd4143-1500a2e0b5105d81-00",
        "User-Agent": "azsdk-net-ResourceManager/1.13.0 (.NET 8.0.15; Microsoft Windows 10.0.22631)",
        "x-ms-client-request-id": "Sanitized",
        "x-ms-return-client-request-id": "true"
      },
      "RequestBody": null,
      "StatusCode": 200,
      "ResponseHeaders": {
        "Cache-Control": "no-cache",
        "client-request-id": "Sanitized",
        "Content-Length": "959",
        "Content-Type": "application/json; charset=utf-8",
        "Date": "Wed, 30 Apr 2025 00:24:35 GMT",
        "elapsed-time": "65",
        "ETag": "W/\"datetime'2025-04-30T00%3A24%3A08.2956779Z'\"",
        "Expires": "-1",
        "Pragma": "no-cache",
        "request-id": "b18e6f86-2038-05c7-b2a3-c4cdf2b3a6ce",
        "Strict-Transport-Security": "max-age=31536000; includeSubDomains",
        "X-Cache": "CONFIG_NOCACHE",
        "X-Content-Type-Options": "nosniff",
        "x-ms-client-request-id": "Sanitized",
        "x-ms-correlation-request-id": "9d135a77-681a-40d2-9fec-3d139a9c679d",
        "x-ms-ratelimit-remaining-subscription-global-reads": "16499",
        "x-ms-ratelimit-remaining-subscription-reads": "1099",
        "x-ms-request-id": "9d135a77-681a-40d2-9fec-3d139a9c679d",
        "x-ms-routing-request-id": "SOUTHEASTASIA:20250430T002436Z:9d135a77-681a-40d2-9fec-3d139a9c679d",
        "X-MSEdge-Ref": "Ref A: 62C25657A50F4CB5950343F9319DF3CA Ref B: MAA201060513027 Ref C: 2025-04-30T00:24:35Z"
      },
      "ResponseBody": {
        "location": "East US 2 EUAP",
        "tags": {},
        "properties": {
          "replicaCount": 1,
          "partitionCount": 1,
          "endpoint": "https://search1036.search.windows.net",
          "status": "provisioning",
          "statusDetails": "",
          "provisioningState": "Provisioning",
          "hostingMode": "default",
          "computeType": "Default",
          "publicNetworkAccess": "Enabled",
          "networkRuleSet": {
            "ipRules": [],
            "bypass": "None"
          },
          "privateEndpointConnections": [],
          "sharedPrivateLinkResources": [],
          "encryptionWithCmk": {
            "enforcement": "Unspecified",
            "encryptionComplianceStatus": "Compliant"
          },
          "disableLocalAuth": false,
          "authOptions": {
            "apiKeyOnly": {}
          },
          "disabledDataExfiltrationOptions": [],
          "semanticSearch": "free",
          "upgradeAvailable": false,
          "serviceUpgradeDate": null
        },
        "systemData": {
          "createdAt": "2025-04-30T00:24:08.288Z"
        },
        "id": "/subscriptions/faa080af-c1d8-40ad-9cce-e1a450ca5b57/resourceGroups/Search-SDK-Test7176/providers/Microsoft.Search/searchServices/search1036",
        "name": "search1036",
        "type": "Microsoft.Search/searchServices",
        "sku": {
          "name": "standard"
        }
      }
    },
    {
      "RequestUri": "https://management.azure.com/subscriptions/faa080af-c1d8-40ad-9cce-e1a450ca5b57/resourceGroups/Search-SDK-Test7176/providers/Microsoft.Search/searchServices/search1036?api-version=2025-02-01-preview",
      "RequestMethod": "GET",
      "RequestHeaders": {
        "Authorization": "Sanitized",
        "traceparent": "00-f787cf64ea0c8e394396e572b5bd4143-649e3ae2f74573ef-00",
        "User-Agent": "azsdk-net-ResourceManager/1.13.0 (.NET 8.0.15; Microsoft Windows 10.0.22631)",
        "x-ms-client-request-id": "Sanitized",
        "x-ms-return-client-request-id": "true"
      },
      "RequestBody": null,
      "StatusCode": 200,
      "ResponseHeaders": {
        "Cache-Control": "no-cache",
        "client-request-id": "Sanitized",
        "Content-Length": "959",
        "Content-Type": "application/json; charset=utf-8",
        "Date": "Wed, 30 Apr 2025 00:24:52 GMT",
        "elapsed-time": "83",
        "ETag": "W/\"datetime'2025-04-30T00%3A24%3A08.2956779Z'\"",
        "Expires": "-1",
        "Pragma": "no-cache",
        "request-id": "b83342ba-8b8c-d586-4485-1c3dbf49d233",
        "Strict-Transport-Security": "max-age=31536000; includeSubDomains",
        "X-Cache": "CONFIG_NOCACHE",
        "X-Content-Type-Options": "nosniff",
        "x-ms-client-request-id": "Sanitized",
        "x-ms-correlation-request-id": "8ab04de4-52e6-4dab-8a96-861b85416750",
        "x-ms-ratelimit-remaining-subscription-global-reads": "16499",
        "x-ms-ratelimit-remaining-subscription-reads": "1099",
        "x-ms-request-id": "8ab04de4-52e6-4dab-8a96-861b85416750",
        "x-ms-routing-request-id": "SOUTHEASTASIA:20250430T002453Z:8ab04de4-52e6-4dab-8a96-861b85416750",
        "X-MSEdge-Ref": "Ref A: 51218143102746F4B3205FBAB4C84E09 Ref B: MAA201060513027 Ref C: 2025-04-30T00:24:52Z"
      },
      "ResponseBody": {
        "location": "East US 2 EUAP",
        "tags": {},
        "properties": {
          "replicaCount": 1,
          "partitionCount": 1,
          "endpoint": "https://search1036.search.windows.net",
          "status": "provisioning",
          "statusDetails": "",
          "provisioningState": "Provisioning",
          "hostingMode": "default",
          "computeType": "Default",
          "publicNetworkAccess": "Enabled",
          "networkRuleSet": {
            "ipRules": [],
            "bypass": "None"
          },
          "privateEndpointConnections": [],
          "sharedPrivateLinkResources": [],
          "encryptionWithCmk": {
            "enforcement": "Unspecified",
            "encryptionComplianceStatus": "Compliant"
          },
          "disableLocalAuth": false,
          "authOptions": {
            "apiKeyOnly": {}
          },
          "disabledDataExfiltrationOptions": [],
          "semanticSearch": "free",
          "upgradeAvailable": false,
          "serviceUpgradeDate": null
        },
        "systemData": {
          "createdAt": "2025-04-30T00:24:08.288Z"
        },
        "id": "/subscriptions/faa080af-c1d8-40ad-9cce-e1a450ca5b57/resourceGroups/Search-SDK-Test7176/providers/Microsoft.Search/searchServices/search1036",
        "name": "search1036",
        "type": "Microsoft.Search/searchServices",
        "sku": {
          "name": "standard"
        }
      }
    },
    {
      "RequestUri": "https://management.azure.com/subscriptions/faa080af-c1d8-40ad-9cce-e1a450ca5b57/resourceGroups/Search-SDK-Test7176/providers/Microsoft.Search/searchServices/search1036?api-version=2025-02-01-preview",
      "RequestMethod": "GET",
      "RequestHeaders": {
        "Authorization": "Sanitized",
        "traceparent": "00-f787cf64ea0c8e394396e572b5bd4143-cd7e05b0884a81bc-00",
        "User-Agent": "azsdk-net-ResourceManager/1.13.0 (.NET 8.0.15; Microsoft Windows 10.0.22631)",
        "x-ms-client-request-id": "Sanitized",
        "x-ms-return-client-request-id": "true"
      },
      "RequestBody": null,
      "StatusCode": 200,
      "ResponseHeaders": {
        "Cache-Control": "no-cache",
        "client-request-id": "Sanitized",
        "Content-Length": "959",
        "Content-Type": "application/json; charset=utf-8",
        "Date": "Wed, 30 Apr 2025 00:25:27 GMT",
        "elapsed-time": "72",
        "ETag": "W/\"datetime'2025-04-30T00%3A24%3A08.2956779Z'\"",
        "Expires": "-1",
        "Pragma": "no-cache",
        "request-id": "e3bf2c3e-0566-fcc2-d487-8d93ecdcbca8",
        "Strict-Transport-Security": "max-age=31536000; includeSubDomains",
        "X-Cache": "CONFIG_NOCACHE",
        "X-Content-Type-Options": "nosniff",
        "x-ms-client-request-id": "Sanitized",
        "x-ms-correlation-request-id": "1d10a73e-21cd-48c8-ae2a-076bbcb6b908",
        "x-ms-ratelimit-remaining-subscription-global-reads": "16499",
        "x-ms-ratelimit-remaining-subscription-reads": "1099",
        "x-ms-request-id": "1d10a73e-21cd-48c8-ae2a-076bbcb6b908",
        "x-ms-routing-request-id": "SOUTHEASTASIA:20250430T002527Z:1d10a73e-21cd-48c8-ae2a-076bbcb6b908",
        "X-MSEdge-Ref": "Ref A: 540162D89A984AAFADDC6B81D2E2F8A2 Ref B: MAA201060513027 Ref C: 2025-04-30T00:25:26Z"
      },
      "ResponseBody": {
        "location": "East US 2 EUAP",
        "tags": {},
        "properties": {
          "replicaCount": 1,
          "partitionCount": 1,
          "endpoint": "https://search1036.search.windows.net",
          "status": "provisioning",
          "statusDetails": "",
          "provisioningState": "Provisioning",
          "hostingMode": "default",
          "computeType": "Default",
          "publicNetworkAccess": "Enabled",
          "networkRuleSet": {
            "ipRules": [],
            "bypass": "None"
          },
          "privateEndpointConnections": [],
          "sharedPrivateLinkResources": [],
          "encryptionWithCmk": {
            "enforcement": "Unspecified",
            "encryptionComplianceStatus": "Compliant"
          },
          "disableLocalAuth": false,
          "authOptions": {
            "apiKeyOnly": {}
          },
          "disabledDataExfiltrationOptions": [],
          "semanticSearch": "free",
          "upgradeAvailable": false,
          "serviceUpgradeDate": null
        },
        "systemData": {
          "createdAt": "2025-04-30T00:24:08.288Z"
        },
        "id": "/subscriptions/faa080af-c1d8-40ad-9cce-e1a450ca5b57/resourceGroups/Search-SDK-Test7176/providers/Microsoft.Search/searchServices/search1036",
        "name": "search1036",
        "type": "Microsoft.Search/searchServices",
        "sku": {
          "name": "standard"
        }
      }
    },
    {
      "RequestUri": "https://management.azure.com/subscriptions/faa080af-c1d8-40ad-9cce-e1a450ca5b57/resourceGroups/Search-SDK-Test7176/providers/Microsoft.Search/searchServices/search1036?api-version=2025-02-01-preview",
      "RequestMethod": "GET",
      "RequestHeaders": {
        "Authorization": "Sanitized",
        "traceparent": "00-f787cf64ea0c8e394396e572b5bd4143-cf637a4a8bad591a-00",
        "User-Agent": "azsdk-net-ResourceManager/1.13.0 (.NET 8.0.15; Microsoft Windows 10.0.22631)",
        "x-ms-client-request-id": "Sanitized",
        "x-ms-return-client-request-id": "true"
      },
      "RequestBody": null,
      "StatusCode": 200,
      "ResponseHeaders": {
        "Cache-Control": "no-cache",
        "client-request-id": "Sanitized",
        "Content-Length": "959",
        "Content-Type": "application/json; charset=utf-8",
        "Date": "Wed, 30 Apr 2025 00:26:00 GMT",
        "elapsed-time": "73",
        "ETag": "W/\"datetime'2025-04-30T00%3A24%3A08.2956779Z'\"",
        "Expires": "-1",
        "Pragma": "no-cache",
        "request-id": "e5b3a08c-162a-fb58-e9b8-6cb2038a4668",
        "Strict-Transport-Security": "max-age=31536000; includeSubDomains",
        "X-Cache": "CONFIG_NOCACHE",
        "X-Content-Type-Options": "nosniff",
        "x-ms-client-request-id": "Sanitized",
        "x-ms-correlation-request-id": "3cff5522-c502-4c35-af11-456d46c1a366",
        "x-ms-ratelimit-remaining-subscription-global-reads": "16499",
        "x-ms-ratelimit-remaining-subscription-reads": "1099",
        "x-ms-request-id": "3cff5522-c502-4c35-af11-456d46c1a366",
        "x-ms-routing-request-id": "SOUTHEASTASIA:20250430T002600Z:3cff5522-c502-4c35-af11-456d46c1a366",
        "X-MSEdge-Ref": "Ref A: CE1BB32DF4B8404BBE617E12E37326DD Ref B: MAA201060513027 Ref C: 2025-04-30T00:25:59Z"
      },
      "ResponseBody": {
        "location": "East US 2 EUAP",
        "tags": {},
        "properties": {
          "replicaCount": 1,
          "partitionCount": 1,
          "endpoint": "https://search1036.search.windows.net",
          "status": "provisioning",
          "statusDetails": "",
          "provisioningState": "Provisioning",
          "hostingMode": "default",
          "computeType": "Default",
          "publicNetworkAccess": "Enabled",
          "networkRuleSet": {
            "ipRules": [],
            "bypass": "None"
          },
          "privateEndpointConnections": [],
          "sharedPrivateLinkResources": [],
          "encryptionWithCmk": {
            "enforcement": "Unspecified",
            "encryptionComplianceStatus": "Compliant"
          },
          "disableLocalAuth": false,
          "authOptions": {
            "apiKeyOnly": {}
          },
          "disabledDataExfiltrationOptions": [],
          "semanticSearch": "free",
          "upgradeAvailable": false,
          "serviceUpgradeDate": null
        },
        "systemData": {
          "createdAt": "2025-04-30T00:24:08.288Z"
        },
        "id": "/subscriptions/faa080af-c1d8-40ad-9cce-e1a450ca5b57/resourceGroups/Search-SDK-Test7176/providers/Microsoft.Search/searchServices/search1036",
        "name": "search1036",
        "type": "Microsoft.Search/searchServices",
        "sku": {
          "name": "standard"
        }
      }
    },
    {
      "RequestUri": "https://management.azure.com/subscriptions/faa080af-c1d8-40ad-9cce-e1a450ca5b57/resourceGroups/Search-SDK-Test7176/providers/Microsoft.Search/searchServices/search1036?api-version=2025-02-01-preview",
      "RequestMethod": "GET",
      "RequestHeaders": {
        "Authorization": "Sanitized",
        "traceparent": "00-f787cf64ea0c8e394396e572b5bd4143-4b1416e87d1bd3ef-00",
        "User-Agent": "azsdk-net-ResourceManager/1.13.0 (.NET 8.0.15; Microsoft Windows 10.0.22631)",
        "x-ms-client-request-id": "Sanitized",
        "x-ms-return-client-request-id": "true"
      },
      "RequestBody": null,
      "StatusCode": 200,
      "ResponseHeaders": {
        "Cache-Control": "no-cache",
        "client-request-id": "Sanitized",
        "Content-Length": "959",
        "Content-Type": "application/json; charset=utf-8",
        "Date": "Wed, 30 Apr 2025 00:26:34 GMT",
        "elapsed-time": "75",
        "ETag": "W/\"datetime'2025-04-30T00%3A24%3A08.2956779Z'\"",
        "Expires": "-1",
        "Pragma": "no-cache",
        "request-id": "c68e90d0-c3f3-b468-7f36-e404fdf3e867",
        "Strict-Transport-Security": "max-age=31536000; includeSubDomains",
        "X-Cache": "CONFIG_NOCACHE",
        "X-Content-Type-Options": "nosniff",
        "x-ms-client-request-id": "Sanitized",
        "x-ms-correlation-request-id": "85725b94-00e3-4316-a06e-5a3cb5dc60d1",
        "x-ms-ratelimit-remaining-subscription-global-reads": "16499",
        "x-ms-ratelimit-remaining-subscription-reads": "1099",
        "x-ms-request-id": "85725b94-00e3-4316-a06e-5a3cb5dc60d1",
        "x-ms-routing-request-id": "SOUTHEASTASIA:20250430T002634Z:85725b94-00e3-4316-a06e-5a3cb5dc60d1",
        "X-MSEdge-Ref": "Ref A: EF4046AEF5F4409A81330263B5904582 Ref B: MAA201060513027 Ref C: 2025-04-30T00:26:32Z"
      },
      "ResponseBody": {
        "location": "East US 2 EUAP",
        "tags": {},
        "properties": {
          "replicaCount": 1,
          "partitionCount": 1,
          "endpoint": "https://search1036.search.windows.net",
          "status": "provisioning",
          "statusDetails": "",
          "provisioningState": "Provisioning",
          "hostingMode": "default",
          "computeType": "Default",
          "publicNetworkAccess": "Enabled",
          "networkRuleSet": {
            "ipRules": [],
            "bypass": "None"
          },
          "privateEndpointConnections": [],
          "sharedPrivateLinkResources": [],
          "encryptionWithCmk": {
            "enforcement": "Unspecified",
            "encryptionComplianceStatus": "Compliant"
          },
          "disableLocalAuth": false,
          "authOptions": {
            "apiKeyOnly": {}
          },
          "disabledDataExfiltrationOptions": [],
          "semanticSearch": "free",
          "upgradeAvailable": false,
          "serviceUpgradeDate": null
        },
        "systemData": {
          "createdAt": "2025-04-30T00:24:08.288Z"
        },
        "id": "/subscriptions/faa080af-c1d8-40ad-9cce-e1a450ca5b57/resourceGroups/Search-SDK-Test7176/providers/Microsoft.Search/searchServices/search1036",
        "name": "search1036",
        "type": "Microsoft.Search/searchServices",
        "sku": {
          "name": "standard"
        }
      }
    },
    {
      "RequestUri": "https://management.azure.com/subscriptions/faa080af-c1d8-40ad-9cce-e1a450ca5b57/resourceGroups/Search-SDK-Test7176/providers/Microsoft.Search/searchServices/search1036?api-version=2025-02-01-preview",
      "RequestMethod": "GET",
      "RequestHeaders": {
        "Authorization": "Sanitized",
        "traceparent": "00-f787cf64ea0c8e394396e572b5bd4143-3ce258a15d11fe9a-00",
        "User-Agent": "azsdk-net-ResourceManager/1.13.0 (.NET 8.0.15; Microsoft Windows 10.0.22631)",
        "x-ms-client-request-id": "Sanitized",
        "x-ms-return-client-request-id": "true"
      },
      "RequestBody": null,
      "StatusCode": 200,
      "ResponseHeaders": {
        "Cache-Control": "no-cache",
        "client-request-id": "Sanitized",
        "Content-Length": "959",
        "Content-Type": "application/json; charset=utf-8",
        "Date": "Wed, 30 Apr 2025 00:27:07 GMT",
        "elapsed-time": "76",
        "ETag": "W/\"datetime'2025-04-30T00%3A24%3A08.2956779Z'\"",
        "Expires": "-1",
        "Pragma": "no-cache",
        "request-id": "1eb174c9-ed95-2809-d3c3-f9ae9910f949",
        "Strict-Transport-Security": "max-age=31536000; includeSubDomains",
        "X-Cache": "CONFIG_NOCACHE",
        "X-Content-Type-Options": "nosniff",
        "x-ms-client-request-id": "Sanitized",
        "x-ms-correlation-request-id": "619c539a-c663-4cf6-b76b-204539f7c900",
        "x-ms-ratelimit-remaining-subscription-global-reads": "16499",
        "x-ms-ratelimit-remaining-subscription-reads": "1099",
        "x-ms-request-id": "619c539a-c663-4cf6-b76b-204539f7c900",
        "x-ms-routing-request-id": "SOUTHEASTASIA:20250430T002707Z:619c539a-c663-4cf6-b76b-204539f7c900",
        "X-MSEdge-Ref": "Ref A: 3A1153EA71034A36A992D0400816FF8C Ref B: MAA201060513027 Ref C: 2025-04-30T00:27:06Z"
      },
      "ResponseBody": {
        "location": "East US 2 EUAP",
        "tags": {},
        "properties": {
          "replicaCount": 1,
          "partitionCount": 1,
          "endpoint": "https://search1036.search.windows.net",
          "status": "provisioning",
          "statusDetails": "",
          "provisioningState": "Provisioning",
          "hostingMode": "default",
          "computeType": "Default",
          "publicNetworkAccess": "Enabled",
          "networkRuleSet": {
            "ipRules": [],
            "bypass": "None"
          },
          "privateEndpointConnections": [],
          "sharedPrivateLinkResources": [],
          "encryptionWithCmk": {
            "enforcement": "Unspecified",
            "encryptionComplianceStatus": "Compliant"
          },
          "disableLocalAuth": false,
          "authOptions": {
            "apiKeyOnly": {}
          },
          "disabledDataExfiltrationOptions": [],
          "semanticSearch": "free",
          "upgradeAvailable": false,
          "serviceUpgradeDate": null
        },
        "systemData": {
          "createdAt": "2025-04-30T00:24:08.288Z"
        },
        "id": "/subscriptions/faa080af-c1d8-40ad-9cce-e1a450ca5b57/resourceGroups/Search-SDK-Test7176/providers/Microsoft.Search/searchServices/search1036",
        "name": "search1036",
        "type": "Microsoft.Search/searchServices",
        "sku": {
          "name": "standard"
        }
      }
    },
    {
      "RequestUri": "https://management.azure.com/subscriptions/faa080af-c1d8-40ad-9cce-e1a450ca5b57/resourceGroups/Search-SDK-Test7176/providers/Microsoft.Search/searchServices/search1036?api-version=2025-02-01-preview",
      "RequestMethod": "GET",
      "RequestHeaders": {
        "Authorization": "Sanitized",
        "traceparent": "00-f787cf64ea0c8e394396e572b5bd4143-16026f9a2e3669d1-00",
        "User-Agent": "azsdk-net-ResourceManager/1.13.0 (.NET 8.0.15; Microsoft Windows 10.0.22631)",
        "x-ms-client-request-id": "Sanitized",
        "x-ms-return-client-request-id": "true"
      },
      "RequestBody": null,
      "StatusCode": 200,
      "ResponseHeaders": {
        "Cache-Control": "no-cache",
        "client-request-id": "Sanitized",
        "Content-Length": "959",
        "Content-Type": "application/json; charset=utf-8",
        "Date": "Wed, 30 Apr 2025 00:27:41 GMT",
        "elapsed-time": "73",
        "ETag": "W/\"datetime'2025-04-30T00%3A24%3A08.2956779Z'\"",
        "Expires": "-1",
        "Pragma": "no-cache",
        "request-id": "5cc22441-f54e-c8b4-38ff-65f33253fdf6",
        "Strict-Transport-Security": "max-age=31536000; includeSubDomains",
        "X-Cache": "CONFIG_NOCACHE",
        "X-Content-Type-Options": "nosniff",
        "x-ms-client-request-id": "Sanitized",
        "x-ms-correlation-request-id": "90739d4f-792f-4ac6-95e0-3834683bb1d2",
        "x-ms-ratelimit-remaining-subscription-global-reads": "16499",
        "x-ms-ratelimit-remaining-subscription-reads": "1099",
        "x-ms-request-id": "90739d4f-792f-4ac6-95e0-3834683bb1d2",
        "x-ms-routing-request-id": "SOUTHEASTASIA:20250430T002741Z:90739d4f-792f-4ac6-95e0-3834683bb1d2",
        "X-MSEdge-Ref": "Ref A: 4AAFD9A5CEA640B7B191C36F8366927F Ref B: MAA201060513027 Ref C: 2025-04-30T00:27:39Z"
      },
      "ResponseBody": {
        "location": "East US 2 EUAP",
        "tags": {},
        "properties": {
          "replicaCount": 1,
          "partitionCount": 1,
          "endpoint": "https://search1036.search.windows.net",
          "status": "provisioning",
          "statusDetails": "",
          "provisioningState": "Provisioning",
          "hostingMode": "default",
          "computeType": "Default",
          "publicNetworkAccess": "Enabled",
          "networkRuleSet": {
            "ipRules": [],
            "bypass": "None"
          },
          "privateEndpointConnections": [],
          "sharedPrivateLinkResources": [],
          "encryptionWithCmk": {
            "enforcement": "Unspecified",
            "encryptionComplianceStatus": "Compliant"
          },
          "disableLocalAuth": false,
          "authOptions": {
            "apiKeyOnly": {}
          },
          "disabledDataExfiltrationOptions": [],
          "semanticSearch": "free",
          "upgradeAvailable": false,
          "serviceUpgradeDate": null
        },
        "systemData": {
          "createdAt": "2025-04-30T00:24:08.288Z"
        },
        "id": "/subscriptions/faa080af-c1d8-40ad-9cce-e1a450ca5b57/resourceGroups/Search-SDK-Test7176/providers/Microsoft.Search/searchServices/search1036",
        "name": "search1036",
        "type": "Microsoft.Search/searchServices",
        "sku": {
          "name": "standard"
        }
      }
    },
    {
      "RequestUri": "https://management.azure.com/subscriptions/faa080af-c1d8-40ad-9cce-e1a450ca5b57/resourceGroups/Search-SDK-Test7176/providers/Microsoft.Search/searchServices/search1036?api-version=2025-02-01-preview",
      "RequestMethod": "GET",
      "RequestHeaders": {
        "Authorization": "Sanitized",
        "traceparent": "00-f787cf64ea0c8e394396e572b5bd4143-f889dbd279c1515a-00",
        "User-Agent": "azsdk-net-ResourceManager/1.13.0 (.NET 8.0.15; Microsoft Windows 10.0.22631)",
        "x-ms-client-request-id": "Sanitized",
        "x-ms-return-client-request-id": "true"
      },
      "RequestBody": null,
      "StatusCode": 200,
      "ResponseHeaders": {
        "Cache-Control": "no-cache",
        "client-request-id": "Sanitized",
        "Content-Length": "959",
        "Content-Type": "application/json; charset=utf-8",
        "Date": "Wed, 30 Apr 2025 00:28:14 GMT",
        "elapsed-time": "74",
        "ETag": "W/\"datetime'2025-04-30T00%3A24%3A08.2956779Z'\"",
        "Expires": "-1",
        "Pragma": "no-cache",
        "request-id": "8ee804cf-27d9-e3d2-8765-f32fc9ba1b6f",
        "Strict-Transport-Security": "max-age=31536000; includeSubDomains",
        "X-Cache": "CONFIG_NOCACHE",
        "X-Content-Type-Options": "nosniff",
        "x-ms-client-request-id": "Sanitized",
        "x-ms-correlation-request-id": "cae572da-722d-4d6b-95ac-a509078537c5",
        "x-ms-ratelimit-remaining-subscription-global-reads": "16499",
        "x-ms-ratelimit-remaining-subscription-reads": "1099",
        "x-ms-request-id": "cae572da-722d-4d6b-95ac-a509078537c5",
        "x-ms-routing-request-id": "SOUTHEASTASIA:20250430T002814Z:cae572da-722d-4d6b-95ac-a509078537c5",
        "X-MSEdge-Ref": "Ref A: 5D96F6ACBDCC4D5BAF97823FE8E4D9EB Ref B: MAA201060513027 Ref C: 2025-04-30T00:28:13Z"
      },
      "ResponseBody": {
        "location": "East US 2 EUAP",
        "tags": {},
        "properties": {
          "replicaCount": 1,
          "partitionCount": 1,
          "endpoint": "https://search1036.search.windows.net",
          "status": "provisioning",
          "statusDetails": "",
          "provisioningState": "Provisioning",
          "hostingMode": "default",
          "computeType": "Default",
          "publicNetworkAccess": "Enabled",
          "networkRuleSet": {
            "ipRules": [],
            "bypass": "None"
          },
          "privateEndpointConnections": [],
          "sharedPrivateLinkResources": [],
          "encryptionWithCmk": {
            "enforcement": "Unspecified",
            "encryptionComplianceStatus": "Compliant"
          },
          "disableLocalAuth": false,
          "authOptions": {
            "apiKeyOnly": {}
          },
          "disabledDataExfiltrationOptions": [],
          "semanticSearch": "free",
          "upgradeAvailable": false,
          "serviceUpgradeDate": null
        },
        "systemData": {
          "createdAt": "2025-04-30T00:24:08.288Z"
        },
        "id": "/subscriptions/faa080af-c1d8-40ad-9cce-e1a450ca5b57/resourceGroups/Search-SDK-Test7176/providers/Microsoft.Search/searchServices/search1036",
        "name": "search1036",
        "type": "Microsoft.Search/searchServices",
        "sku": {
          "name": "standard"
        }
      }
    },
    {
      "RequestUri": "https://management.azure.com/subscriptions/faa080af-c1d8-40ad-9cce-e1a450ca5b57/resourceGroups/Search-SDK-Test7176/providers/Microsoft.Search/searchServices/search1036?api-version=2025-02-01-preview",
      "RequestMethod": "GET",
      "RequestHeaders": {
        "Authorization": "Sanitized",
        "traceparent": "00-f787cf64ea0c8e394396e572b5bd4143-530caab7d990cf07-00",
        "User-Agent": "azsdk-net-ResourceManager/1.13.0 (.NET 8.0.15; Microsoft Windows 10.0.22631)",
        "x-ms-client-request-id": "Sanitized",
        "x-ms-return-client-request-id": "true"
      },
      "RequestBody": null,
      "StatusCode": 200,
      "ResponseHeaders": {
        "Cache-Control": "no-cache",
        "client-request-id": "Sanitized",
        "Content-Length": "959",
        "Content-Type": "application/json; charset=utf-8",
        "Date": "Wed, 30 Apr 2025 00:28:47 GMT",
        "elapsed-time": "75",
        "ETag": "W/\"datetime'2025-04-30T00%3A24%3A08.2956779Z'\"",
        "Expires": "-1",
        "Pragma": "no-cache",
        "request-id": "d9c29a3c-8c30-d419-bfe8-e6968815f67f",
        "Strict-Transport-Security": "max-age=31536000; includeSubDomains",
        "X-Cache": "CONFIG_NOCACHE",
        "X-Content-Type-Options": "nosniff",
        "x-ms-client-request-id": "Sanitized",
        "x-ms-correlation-request-id": "debefad5-9935-4a8a-8c90-7f515b620a1d",
        "x-ms-ratelimit-remaining-subscription-global-reads": "16499",
        "x-ms-ratelimit-remaining-subscription-reads": "1099",
        "x-ms-request-id": "debefad5-9935-4a8a-8c90-7f515b620a1d",
        "x-ms-routing-request-id": "SOUTHEASTASIA:20250430T002848Z:debefad5-9935-4a8a-8c90-7f515b620a1d",
        "X-MSEdge-Ref": "Ref A: 1D58830619B549E2A519355089D69039 Ref B: MAA201060513027 Ref C: 2025-04-30T00:28:46Z"
      },
      "ResponseBody": {
        "location": "East US 2 EUAP",
        "tags": {},
        "properties": {
          "replicaCount": 1,
          "partitionCount": 1,
          "endpoint": "https://search1036.search.windows.net",
          "status": "provisioning",
          "statusDetails": "",
          "provisioningState": "Provisioning",
          "hostingMode": "default",
          "computeType": "Default",
          "publicNetworkAccess": "Enabled",
          "networkRuleSet": {
            "ipRules": [],
            "bypass": "None"
          },
          "privateEndpointConnections": [],
          "sharedPrivateLinkResources": [],
          "encryptionWithCmk": {
            "enforcement": "Unspecified",
            "encryptionComplianceStatus": "Compliant"
          },
          "disableLocalAuth": false,
          "authOptions": {
            "apiKeyOnly": {}
          },
          "disabledDataExfiltrationOptions": [],
          "semanticSearch": "free",
          "upgradeAvailable": false,
          "serviceUpgradeDate": null
        },
        "systemData": {
          "createdAt": "2025-04-30T00:24:08.288Z"
        },
        "id": "/subscriptions/faa080af-c1d8-40ad-9cce-e1a450ca5b57/resourceGroups/Search-SDK-Test7176/providers/Microsoft.Search/searchServices/search1036",
        "name": "search1036",
        "type": "Microsoft.Search/searchServices",
        "sku": {
          "name": "standard"
        }
      }
    },
    {
      "RequestUri": "https://management.azure.com/subscriptions/faa080af-c1d8-40ad-9cce-e1a450ca5b57/resourceGroups/Search-SDK-Test7176/providers/Microsoft.Search/searchServices/search1036?api-version=2025-02-01-preview",
      "RequestMethod": "GET",
      "RequestHeaders": {
        "Authorization": "Sanitized",
        "traceparent": "00-f787cf64ea0c8e394396e572b5bd4143-906684869ba149fd-00",
        "User-Agent": "azsdk-net-ResourceManager/1.13.0 (.NET 8.0.15; Microsoft Windows 10.0.22631)",
        "x-ms-client-request-id": "Sanitized",
        "x-ms-return-client-request-id": "true"
      },
      "RequestBody": null,
      "StatusCode": 200,
      "ResponseHeaders": {
        "Cache-Control": "no-cache",
        "client-request-id": "Sanitized",
        "Content-Length": "959",
        "Content-Type": "application/json; charset=utf-8",
        "Date": "Wed, 30 Apr 2025 00:29:21 GMT",
        "elapsed-time": "65",
        "ETag": "W/\"datetime'2025-04-30T00%3A24%3A08.2956779Z'\"",
        "Expires": "-1",
        "Pragma": "no-cache",
        "request-id": "94de03c5-6a27-1a70-51df-d4e80184ff7d",
        "Strict-Transport-Security": "max-age=31536000; includeSubDomains",
        "X-Cache": "CONFIG_NOCACHE",
        "X-Content-Type-Options": "nosniff",
        "x-ms-client-request-id": "Sanitized",
        "x-ms-correlation-request-id": "8d82dbf9-d9f7-4909-8f6a-40da20d97092",
        "x-ms-ratelimit-remaining-subscription-global-reads": "16499",
        "x-ms-ratelimit-remaining-subscription-reads": "1099",
        "x-ms-request-id": "8d82dbf9-d9f7-4909-8f6a-40da20d97092",
        "x-ms-routing-request-id": "SOUTHEASTASIA:20250430T002921Z:8d82dbf9-d9f7-4909-8f6a-40da20d97092",
        "X-MSEdge-Ref": "Ref A: F290F614F4E944C5A707A3A20B00A915 Ref B: MAA201060513027 Ref C: 2025-04-30T00:29:20Z"
      },
      "ResponseBody": {
        "location": "East US 2 EUAP",
        "tags": {},
        "properties": {
          "replicaCount": 1,
          "partitionCount": 1,
          "endpoint": "https://search1036.search.windows.net",
          "status": "provisioning",
          "statusDetails": "",
          "provisioningState": "Provisioning",
          "hostingMode": "default",
          "computeType": "Default",
          "publicNetworkAccess": "Enabled",
          "networkRuleSet": {
            "ipRules": [],
            "bypass": "None"
          },
          "privateEndpointConnections": [],
          "sharedPrivateLinkResources": [],
          "encryptionWithCmk": {
            "enforcement": "Unspecified",
            "encryptionComplianceStatus": "Compliant"
          },
          "disableLocalAuth": false,
          "authOptions": {
            "apiKeyOnly": {}
          },
          "disabledDataExfiltrationOptions": [],
          "semanticSearch": "free",
          "upgradeAvailable": false,
          "serviceUpgradeDate": null
        },
        "systemData": {
          "createdAt": "2025-04-30T00:24:08.288Z"
        },
        "id": "/subscriptions/faa080af-c1d8-40ad-9cce-e1a450ca5b57/resourceGroups/Search-SDK-Test7176/providers/Microsoft.Search/searchServices/search1036",
        "name": "search1036",
        "type": "Microsoft.Search/searchServices",
        "sku": {
          "name": "standard"
        }
      }
    },
    {
      "RequestUri": "https://management.azure.com/subscriptions/faa080af-c1d8-40ad-9cce-e1a450ca5b57/resourceGroups/Search-SDK-Test7176/providers/Microsoft.Search/searchServices/search1036?api-version=2025-02-01-preview",
      "RequestMethod": "GET",
      "RequestHeaders": {
        "Authorization": "Sanitized",
        "traceparent": "00-f787cf64ea0c8e394396e572b5bd4143-89971e0903a749a0-00",
        "User-Agent": "azsdk-net-ResourceManager/1.13.0 (.NET 8.0.15; Microsoft Windows 10.0.22631)",
        "x-ms-client-request-id": "Sanitized",
        "x-ms-return-client-request-id": "true"
      },
      "RequestBody": null,
      "StatusCode": 200,
      "ResponseHeaders": {
        "Cache-Control": "no-cache",
        "client-request-id": "Sanitized",
        "Content-Length": "959",
        "Content-Type": "application/json; charset=utf-8",
        "Date": "Wed, 30 Apr 2025 00:29:54 GMT",
        "elapsed-time": "73",
        "ETag": "W/\"datetime'2025-04-30T00%3A24%3A08.2956779Z'\"",
        "Expires": "-1",
        "Pragma": "no-cache",
        "request-id": "97b7f6e3-2490-42c5-eb14-cff0413c5b71",
        "Strict-Transport-Security": "max-age=31536000; includeSubDomains",
        "X-Cache": "CONFIG_NOCACHE",
        "X-Content-Type-Options": "nosniff",
        "x-ms-client-request-id": "Sanitized",
        "x-ms-correlation-request-id": "23b0ac16-85bb-48d3-90fe-f24d42f09b65",
        "x-ms-ratelimit-remaining-subscription-global-reads": "16499",
        "x-ms-ratelimit-remaining-subscription-reads": "1099",
        "x-ms-request-id": "23b0ac16-85bb-48d3-90fe-f24d42f09b65",
        "x-ms-routing-request-id": "SOUTHEASTASIA:20250430T002954Z:23b0ac16-85bb-48d3-90fe-f24d42f09b65",
        "X-MSEdge-Ref": "Ref A: CD45A1CC47634AF4A4D72B0F26AF62BD Ref B: MAA201060513027 Ref C: 2025-04-30T00:29:53Z"
      },
      "ResponseBody": {
        "location": "East US 2 EUAP",
        "tags": {},
        "properties": {
          "replicaCount": 1,
          "partitionCount": 1,
          "endpoint": "https://search1036.search.windows.net",
          "status": "provisioning",
          "statusDetails": "",
          "provisioningState": "Provisioning",
          "hostingMode": "default",
          "computeType": "Default",
          "publicNetworkAccess": "Enabled",
          "networkRuleSet": {
            "ipRules": [],
            "bypass": "None"
          },
          "privateEndpointConnections": [],
          "sharedPrivateLinkResources": [],
          "encryptionWithCmk": {
            "enforcement": "Unspecified",
            "encryptionComplianceStatus": "Compliant"
          },
          "disableLocalAuth": false,
          "authOptions": {
            "apiKeyOnly": {}
          },
          "disabledDataExfiltrationOptions": [],
          "semanticSearch": "free",
          "upgradeAvailable": false,
          "serviceUpgradeDate": null
        },
        "systemData": {
          "createdAt": "2025-04-30T00:24:08.288Z"
        },
        "id": "/subscriptions/faa080af-c1d8-40ad-9cce-e1a450ca5b57/resourceGroups/Search-SDK-Test7176/providers/Microsoft.Search/searchServices/search1036",
        "name": "search1036",
        "type": "Microsoft.Search/searchServices",
        "sku": {
          "name": "standard"
        }
      }
    },
    {
      "RequestUri": "https://management.azure.com/subscriptions/faa080af-c1d8-40ad-9cce-e1a450ca5b57/resourceGroups/Search-SDK-Test7176/providers/Microsoft.Search/searchServices/search1036?api-version=2025-02-01-preview",
      "RequestMethod": "GET",
      "RequestHeaders": {
        "Authorization": "Sanitized",
        "traceparent": "00-f787cf64ea0c8e394396e572b5bd4143-5d7e826b9288b12c-00",
        "User-Agent": "azsdk-net-ResourceManager/1.13.0 (.NET 8.0.15; Microsoft Windows 10.0.22631)",
        "x-ms-client-request-id": "Sanitized",
        "x-ms-return-client-request-id": "true"
      },
      "RequestBody": null,
      "StatusCode": 200,
      "ResponseHeaders": {
        "Cache-Control": "no-cache",
        "client-request-id": "Sanitized",
        "Content-Length": "959",
        "Content-Type": "application/json; charset=utf-8",
        "Date": "Wed, 30 Apr 2025 00:30:28 GMT",
        "elapsed-time": "75",
        "ETag": "W/\"datetime'2025-04-30T00%3A24%3A08.2956779Z'\"",
        "Expires": "-1",
        "Pragma": "no-cache",
        "request-id": "c56a736f-87db-d248-29a8-8750b830d23b",
        "Strict-Transport-Security": "max-age=31536000; includeSubDomains",
        "X-Cache": "CONFIG_NOCACHE",
        "X-Content-Type-Options": "nosniff",
        "x-ms-client-request-id": "Sanitized",
        "x-ms-correlation-request-id": "58aed4d6-c014-4ad2-b2f0-934a0ca82f1c",
        "x-ms-ratelimit-remaining-subscription-global-reads": "16499",
        "x-ms-ratelimit-remaining-subscription-reads": "1099",
        "x-ms-request-id": "58aed4d6-c014-4ad2-b2f0-934a0ca82f1c",
        "x-ms-routing-request-id": "SOUTHEASTASIA:20250430T003028Z:58aed4d6-c014-4ad2-b2f0-934a0ca82f1c",
        "X-MSEdge-Ref": "Ref A: 055D556510374E9AB8CB1326712BD80F Ref B: MAA201060513027 Ref C: 2025-04-30T00:30:26Z"
      },
      "ResponseBody": {
        "location": "East US 2 EUAP",
        "tags": {},
        "properties": {
          "replicaCount": 1,
          "partitionCount": 1,
          "endpoint": "https://search1036.search.windows.net",
          "status": "provisioning",
          "statusDetails": "",
          "provisioningState": "Provisioning",
          "hostingMode": "default",
          "computeType": "Default",
          "publicNetworkAccess": "Enabled",
          "networkRuleSet": {
            "ipRules": [],
            "bypass": "None"
          },
          "privateEndpointConnections": [],
          "sharedPrivateLinkResources": [],
          "encryptionWithCmk": {
            "enforcement": "Unspecified",
            "encryptionComplianceStatus": "Compliant"
          },
          "disableLocalAuth": false,
          "authOptions": {
            "apiKeyOnly": {}
          },
          "disabledDataExfiltrationOptions": [],
          "semanticSearch": "free",
          "upgradeAvailable": false,
          "serviceUpgradeDate": null
        },
        "systemData": {
          "createdAt": "2025-04-30T00:24:08.288Z"
        },
        "id": "/subscriptions/faa080af-c1d8-40ad-9cce-e1a450ca5b57/resourceGroups/Search-SDK-Test7176/providers/Microsoft.Search/searchServices/search1036",
        "name": "search1036",
        "type": "Microsoft.Search/searchServices",
        "sku": {
          "name": "standard"
        }
      }
    },
    {
      "RequestUri": "https://management.azure.com/subscriptions/faa080af-c1d8-40ad-9cce-e1a450ca5b57/resourceGroups/Search-SDK-Test7176/providers/Microsoft.Search/searchServices/search1036?api-version=2025-02-01-preview",
      "RequestMethod": "GET",
      "RequestHeaders": {
        "Authorization": "Sanitized",
        "traceparent": "00-f787cf64ea0c8e394396e572b5bd4143-04ee7588cc89a474-00",
        "User-Agent": "azsdk-net-ResourceManager/1.13.0 (.NET 8.0.15; Microsoft Windows 10.0.22631)",
        "x-ms-client-request-id": "Sanitized",
        "x-ms-return-client-request-id": "true"
      },
      "RequestBody": null,
      "StatusCode": 200,
      "ResponseHeaders": {
        "Cache-Control": "no-cache",
        "client-request-id": "Sanitized",
        "Content-Length": "959",
        "Content-Type": "application/json; charset=utf-8",
        "Date": "Wed, 30 Apr 2025 00:31:01 GMT",
        "elapsed-time": "77",
        "ETag": "W/\"datetime'2025-04-30T00%3A24%3A08.2956779Z'\"",
        "Expires": "-1",
        "Pragma": "no-cache",
        "request-id": "92b268e9-5e5e-a1ef-3d9b-a8129b7fd815",
        "Strict-Transport-Security": "max-age=31536000; includeSubDomains",
        "X-Cache": "CONFIG_NOCACHE",
        "X-Content-Type-Options": "nosniff",
        "x-ms-client-request-id": "Sanitized",
        "x-ms-correlation-request-id": "50d38d6a-50f1-4fae-8dba-583a13ee3d59",
        "x-ms-ratelimit-remaining-subscription-global-reads": "16499",
        "x-ms-ratelimit-remaining-subscription-reads": "1099",
        "x-ms-request-id": "50d38d6a-50f1-4fae-8dba-583a13ee3d59",
        "x-ms-routing-request-id": "SOUTHEASTASIA:20250430T003101Z:50d38d6a-50f1-4fae-8dba-583a13ee3d59",
        "X-MSEdge-Ref": "Ref A: 919C121F2E724F1BAFDFF51B6D8CF92E Ref B: MAA201060513027 Ref C: 2025-04-30T00:31:00Z"
      },
      "ResponseBody": {
        "location": "East US 2 EUAP",
        "tags": {},
        "properties": {
          "replicaCount": 1,
          "partitionCount": 1,
          "endpoint": "https://search1036.search.windows.net",
          "status": "provisioning",
          "statusDetails": "",
          "provisioningState": "Provisioning",
          "hostingMode": "default",
          "computeType": "Default",
          "publicNetworkAccess": "Enabled",
          "networkRuleSet": {
            "ipRules": [],
            "bypass": "None"
          },
          "privateEndpointConnections": [],
          "sharedPrivateLinkResources": [],
          "encryptionWithCmk": {
            "enforcement": "Unspecified",
            "encryptionComplianceStatus": "Compliant"
          },
          "disableLocalAuth": false,
          "authOptions": {
            "apiKeyOnly": {}
          },
          "disabledDataExfiltrationOptions": [],
          "semanticSearch": "free",
          "upgradeAvailable": false,
          "serviceUpgradeDate": null
        },
        "systemData": {
          "createdAt": "2025-04-30T00:24:08.288Z"
        },
        "id": "/subscriptions/faa080af-c1d8-40ad-9cce-e1a450ca5b57/resourceGroups/Search-SDK-Test7176/providers/Microsoft.Search/searchServices/search1036",
        "name": "search1036",
        "type": "Microsoft.Search/searchServices",
        "sku": {
          "name": "standard"
        }
      }
    },
    {
      "RequestUri": "https://management.azure.com/subscriptions/faa080af-c1d8-40ad-9cce-e1a450ca5b57/resourceGroups/Search-SDK-Test7176/providers/Microsoft.Search/searchServices/search1036?api-version=2025-02-01-preview",
      "RequestMethod": "GET",
      "RequestHeaders": {
        "Authorization": "Sanitized",
        "traceparent": "00-f787cf64ea0c8e394396e572b5bd4143-19381fe8ffc0af98-00",
        "User-Agent": "azsdk-net-ResourceManager/1.13.0 (.NET 8.0.15; Microsoft Windows 10.0.22631)",
        "x-ms-client-request-id": "Sanitized",
        "x-ms-return-client-request-id": "true"
      },
      "RequestBody": null,
      "StatusCode": 200,
      "ResponseHeaders": {
        "Cache-Control": "no-cache",
        "client-request-id": "Sanitized",
        "Content-Length": "959",
        "Content-Type": "application/json; charset=utf-8",
        "Date": "Wed, 30 Apr 2025 00:31:34 GMT",
        "elapsed-time": "78",
        "ETag": "W/\"datetime'2025-04-30T00%3A24%3A08.2956779Z'\"",
        "Expires": "-1",
        "Pragma": "no-cache",
        "request-id": "8e796384-391a-5ca1-ade4-6ee89d758abb",
        "Strict-Transport-Security": "max-age=31536000; includeSubDomains",
        "X-Cache": "CONFIG_NOCACHE",
        "X-Content-Type-Options": "nosniff",
        "x-ms-client-request-id": "Sanitized",
        "x-ms-correlation-request-id": "124310a8-f27a-404b-bc8b-818ff1396701",
        "x-ms-ratelimit-remaining-subscription-global-reads": "16499",
        "x-ms-ratelimit-remaining-subscription-reads": "1099",
        "x-ms-request-id": "124310a8-f27a-404b-bc8b-818ff1396701",
        "x-ms-routing-request-id": "SOUTHEASTASIA:20250430T003135Z:124310a8-f27a-404b-bc8b-818ff1396701",
        "X-MSEdge-Ref": "Ref A: 66533F6F46F14CCB82077E25C64E9094 Ref B: MAA201060513027 Ref C: 2025-04-30T00:31:33Z"
      },
      "ResponseBody": {
        "location": "East US 2 EUAP",
        "tags": {},
        "properties": {
          "replicaCount": 1,
          "partitionCount": 1,
          "endpoint": "https://search1036.search.windows.net",
          "status": "provisioning",
          "statusDetails": "",
          "provisioningState": "Provisioning",
          "hostingMode": "default",
          "computeType": "Default",
          "publicNetworkAccess": "Enabled",
          "networkRuleSet": {
            "ipRules": [],
            "bypass": "None"
          },
          "privateEndpointConnections": [],
          "sharedPrivateLinkResources": [],
          "encryptionWithCmk": {
            "enforcement": "Unspecified",
            "encryptionComplianceStatus": "Compliant"
          },
          "disableLocalAuth": false,
          "authOptions": {
            "apiKeyOnly": {}
          },
          "disabledDataExfiltrationOptions": [],
          "semanticSearch": "free",
          "upgradeAvailable": false,
          "serviceUpgradeDate": null
        },
        "systemData": {
          "createdAt": "2025-04-30T00:24:08.288Z"
        },
        "id": "/subscriptions/faa080af-c1d8-40ad-9cce-e1a450ca5b57/resourceGroups/Search-SDK-Test7176/providers/Microsoft.Search/searchServices/search1036",
        "name": "search1036",
        "type": "Microsoft.Search/searchServices",
        "sku": {
          "name": "standard"
        }
      }
    },
    {
      "RequestUri": "https://management.azure.com/subscriptions/faa080af-c1d8-40ad-9cce-e1a450ca5b57/resourceGroups/Search-SDK-Test7176/providers/Microsoft.Search/searchServices/search1036?api-version=2025-02-01-preview",
      "RequestMethod": "GET",
      "RequestHeaders": {
        "Authorization": "Sanitized",
        "traceparent": "00-f787cf64ea0c8e394396e572b5bd4143-af057e186e0c32c9-00",
        "User-Agent": "azsdk-net-ResourceManager/1.13.0 (.NET 8.0.15; Microsoft Windows 10.0.22631)",
        "x-ms-client-request-id": "Sanitized",
        "x-ms-return-client-request-id": "true"
      },
      "RequestBody": null,
      "StatusCode": 200,
      "ResponseHeaders": {
        "Cache-Control": "no-cache",
        "client-request-id": "Sanitized",
        "Content-Length": "959",
        "Content-Type": "application/json; charset=utf-8",
        "Date": "Wed, 30 Apr 2025 00:32:08 GMT",
        "elapsed-time": "76",
        "ETag": "W/\"datetime'2025-04-30T00%3A24%3A08.2956779Z'\"",
        "Expires": "-1",
        "Pragma": "no-cache",
        "request-id": "d8079441-c889-1112-84c8-883fde3536a9",
        "Strict-Transport-Security": "max-age=31536000; includeSubDomains",
        "X-Cache": "CONFIG_NOCACHE",
        "X-Content-Type-Options": "nosniff",
        "x-ms-client-request-id": "Sanitized",
        "x-ms-correlation-request-id": "1910b5ce-32b9-4b43-b56e-56f618272754",
        "x-ms-ratelimit-remaining-subscription-global-reads": "16499",
        "x-ms-ratelimit-remaining-subscription-reads": "1099",
        "x-ms-request-id": "1910b5ce-32b9-4b43-b56e-56f618272754",
        "x-ms-routing-request-id": "SOUTHEASTASIA:20250430T003208Z:1910b5ce-32b9-4b43-b56e-56f618272754",
        "X-MSEdge-Ref": "Ref A: FFEA73B115C548C8A19ADE4421179CBB Ref B: MAA201060513027 Ref C: 2025-04-30T00:32:07Z"
      },
      "ResponseBody": {
        "location": "East US 2 EUAP",
        "tags": {},
        "properties": {
          "replicaCount": 1,
          "partitionCount": 1,
          "endpoint": "https://search1036.search.windows.net",
          "status": "provisioning",
          "statusDetails": "",
          "provisioningState": "Provisioning",
          "hostingMode": "default",
          "computeType": "Default",
          "publicNetworkAccess": "Enabled",
          "networkRuleSet": {
            "ipRules": [],
            "bypass": "None"
          },
          "privateEndpointConnections": [],
          "sharedPrivateLinkResources": [],
          "encryptionWithCmk": {
            "enforcement": "Unspecified",
            "encryptionComplianceStatus": "Compliant"
          },
          "disableLocalAuth": false,
          "authOptions": {
            "apiKeyOnly": {}
          },
          "disabledDataExfiltrationOptions": [],
          "semanticSearch": "free",
          "upgradeAvailable": false,
          "serviceUpgradeDate": null
        },
        "systemData": {
          "createdAt": "2025-04-30T00:24:08.288Z"
        },
        "id": "/subscriptions/faa080af-c1d8-40ad-9cce-e1a450ca5b57/resourceGroups/Search-SDK-Test7176/providers/Microsoft.Search/searchServices/search1036",
        "name": "search1036",
        "type": "Microsoft.Search/searchServices",
        "sku": {
          "name": "standard"
        }
      }
    },
    {
      "RequestUri": "https://management.azure.com/subscriptions/faa080af-c1d8-40ad-9cce-e1a450ca5b57/resourceGroups/Search-SDK-Test7176/providers/Microsoft.Search/searchServices/search1036?api-version=2025-02-01-preview",
      "RequestMethod": "GET",
      "RequestHeaders": {
        "Authorization": "Sanitized",
        "traceparent": "00-f787cf64ea0c8e394396e572b5bd4143-b6a9492d2ff6ea63-00",
        "User-Agent": "azsdk-net-ResourceManager/1.13.0 (.NET 8.0.15; Microsoft Windows 10.0.22631)",
        "x-ms-client-request-id": "Sanitized",
        "x-ms-return-client-request-id": "true"
      },
      "RequestBody": null,
      "StatusCode": 200,
      "ResponseHeaders": {
        "Cache-Control": "no-cache",
        "client-request-id": "Sanitized",
        "Content-Length": "959",
        "Content-Type": "application/json; charset=utf-8",
        "Date": "Wed, 30 Apr 2025 00:32:41 GMT",
        "elapsed-time": "83",
        "ETag": "W/\"datetime'2025-04-30T00%3A24%3A08.2956779Z'\"",
        "Expires": "-1",
        "Pragma": "no-cache",
        "request-id": "54cb71cf-44b7-af20-c656-e479ef0703c8",
        "Strict-Transport-Security": "max-age=31536000; includeSubDomains",
        "X-Cache": "CONFIG_NOCACHE",
        "X-Content-Type-Options": "nosniff",
        "x-ms-client-request-id": "Sanitized",
        "x-ms-correlation-request-id": "90f69b93-9c82-46b4-acbb-e1de284c094e",
        "x-ms-ratelimit-remaining-subscription-global-reads": "16499",
        "x-ms-ratelimit-remaining-subscription-reads": "1099",
        "x-ms-request-id": "90f69b93-9c82-46b4-acbb-e1de284c094e",
        "x-ms-routing-request-id": "SOUTHEASTASIA:20250430T003241Z:90f69b93-9c82-46b4-acbb-e1de284c094e",
        "X-MSEdge-Ref": "Ref A: 93E22FA162E9440591924A979F27DD56 Ref B: MAA201060513027 Ref C: 2025-04-30T00:32:40Z"
      },
      "ResponseBody": {
        "location": "East US 2 EUAP",
        "tags": {},
        "properties": {
          "replicaCount": 1,
          "partitionCount": 1,
          "endpoint": "https://search1036.search.windows.net",
          "status": "provisioning",
          "statusDetails": "",
          "provisioningState": "Provisioning",
          "hostingMode": "default",
          "computeType": "Default",
          "publicNetworkAccess": "Enabled",
          "networkRuleSet": {
            "ipRules": [],
            "bypass": "None"
          },
          "privateEndpointConnections": [],
          "sharedPrivateLinkResources": [],
          "encryptionWithCmk": {
            "enforcement": "Unspecified",
            "encryptionComplianceStatus": "Compliant"
          },
          "disableLocalAuth": false,
          "authOptions": {
            "apiKeyOnly": {}
          },
          "disabledDataExfiltrationOptions": [],
          "semanticSearch": "free",
          "upgradeAvailable": false,
          "serviceUpgradeDate": null
        },
        "systemData": {
          "createdAt": "2025-04-30T00:24:08.288Z"
        },
        "id": "/subscriptions/faa080af-c1d8-40ad-9cce-e1a450ca5b57/resourceGroups/Search-SDK-Test7176/providers/Microsoft.Search/searchServices/search1036",
        "name": "search1036",
        "type": "Microsoft.Search/searchServices",
        "sku": {
          "name": "standard"
        }
      }
    },
    {
      "RequestUri": "https://management.azure.com/subscriptions/faa080af-c1d8-40ad-9cce-e1a450ca5b57/resourceGroups/Search-SDK-Test7176/providers/Microsoft.Search/searchServices/search1036?api-version=2025-02-01-preview",
      "RequestMethod": "GET",
      "RequestHeaders": {
        "Authorization": "Sanitized",
        "traceparent": "00-f787cf64ea0c8e394396e572b5bd4143-29f700563e4cd9b4-00",
        "User-Agent": "azsdk-net-ResourceManager/1.13.0 (.NET 8.0.15; Microsoft Windows 10.0.22631)",
        "x-ms-client-request-id": "Sanitized",
        "x-ms-return-client-request-id": "true"
      },
      "RequestBody": null,
      "StatusCode": 200,
      "ResponseHeaders": {
        "Cache-Control": "no-cache",
        "client-request-id": "Sanitized",
        "Content-Length": "959",
        "Content-Type": "application/json; charset=utf-8",
        "Date": "Wed, 30 Apr 2025 00:33:14 GMT",
        "elapsed-time": "93",
        "ETag": "W/\"datetime'2025-04-30T00%3A24%3A08.2956779Z'\"",
        "Expires": "-1",
        "Pragma": "no-cache",
        "request-id": "07d0ed11-0078-bb8b-5167-0951b1627d78",
        "Strict-Transport-Security": "max-age=31536000; includeSubDomains",
        "X-Cache": "CONFIG_NOCACHE",
        "X-Content-Type-Options": "nosniff",
        "x-ms-client-request-id": "Sanitized",
        "x-ms-correlation-request-id": "7f249b50-1b5a-4892-9056-bab404fb6537",
        "x-ms-ratelimit-remaining-subscription-global-reads": "16499",
        "x-ms-ratelimit-remaining-subscription-reads": "1099",
        "x-ms-request-id": "7f249b50-1b5a-4892-9056-bab404fb6537",
        "x-ms-routing-request-id": "SOUTHEASTASIA:20250430T003315Z:7f249b50-1b5a-4892-9056-bab404fb6537",
        "X-MSEdge-Ref": "Ref A: 37A1C56BE4E54682AABFC526252DA23A Ref B: MAA201060513027 Ref C: 2025-04-30T00:33:14Z"
      },
      "ResponseBody": {
        "location": "East US 2 EUAP",
        "tags": {},
        "properties": {
          "replicaCount": 1,
          "partitionCount": 1,
          "endpoint": "https://search1036.search.windows.net",
          "status": "provisioning",
          "statusDetails": "",
          "provisioningState": "Provisioning",
          "hostingMode": "default",
          "computeType": "Default",
          "publicNetworkAccess": "Enabled",
          "networkRuleSet": {
            "ipRules": [],
            "bypass": "None"
          },
          "privateEndpointConnections": [],
          "sharedPrivateLinkResources": [],
          "encryptionWithCmk": {
            "enforcement": "Unspecified",
            "encryptionComplianceStatus": "Compliant"
          },
          "disableLocalAuth": false,
          "authOptions": {
            "apiKeyOnly": {}
          },
          "disabledDataExfiltrationOptions": [],
          "semanticSearch": "free",
          "upgradeAvailable": false,
          "serviceUpgradeDate": null
        },
        "systemData": {
          "createdAt": "2025-04-30T00:24:08.288Z"
        },
        "id": "/subscriptions/faa080af-c1d8-40ad-9cce-e1a450ca5b57/resourceGroups/Search-SDK-Test7176/providers/Microsoft.Search/searchServices/search1036",
        "name": "search1036",
        "type": "Microsoft.Search/searchServices",
        "sku": {
          "name": "standard"
        }
      }
    },
    {
      "RequestUri": "https://management.azure.com/subscriptions/faa080af-c1d8-40ad-9cce-e1a450ca5b57/resourceGroups/Search-SDK-Test7176/providers/Microsoft.Search/searchServices/search1036?api-version=2025-02-01-preview",
      "RequestMethod": "GET",
      "RequestHeaders": {
        "Authorization": "Sanitized",
        "traceparent": "00-f787cf64ea0c8e394396e572b5bd4143-d7efc5e0b4367285-00",
        "User-Agent": "azsdk-net-ResourceManager/1.13.0 (.NET 8.0.15; Microsoft Windows 10.0.22631)",
        "x-ms-client-request-id": "Sanitized",
        "x-ms-return-client-request-id": "true"
      },
      "RequestBody": null,
      "StatusCode": 200,
      "ResponseHeaders": {
        "Cache-Control": "no-cache",
        "client-request-id": "Sanitized",
        "Content-Length": "959",
        "Content-Type": "application/json; charset=utf-8",
        "Date": "Wed, 30 Apr 2025 00:33:48 GMT",
        "elapsed-time": "73",
        "ETag": "W/\"datetime'2025-04-30T00%3A24%3A08.2956779Z'\"",
        "Expires": "-1",
        "Pragma": "no-cache",
        "request-id": "2b18c4ae-36aa-fd04-7357-1233e498217d",
        "Strict-Transport-Security": "max-age=31536000; includeSubDomains",
        "X-Cache": "CONFIG_NOCACHE",
        "X-Content-Type-Options": "nosniff",
        "x-ms-client-request-id": "Sanitized",
        "x-ms-correlation-request-id": "e8bd231b-4305-473d-81bd-3f1c1aca5d75",
        "x-ms-ratelimit-remaining-subscription-global-reads": "16499",
        "x-ms-ratelimit-remaining-subscription-reads": "1099",
        "x-ms-request-id": "e8bd231b-4305-473d-81bd-3f1c1aca5d75",
        "x-ms-routing-request-id": "SOUTHEASTASIA:20250430T003348Z:e8bd231b-4305-473d-81bd-3f1c1aca5d75",
        "X-MSEdge-Ref": "Ref A: EE1E2588EDFB4919BD60717D2004053B Ref B: MAA201060513027 Ref C: 2025-04-30T00:33:47Z"
      },
      "ResponseBody": {
        "location": "East US 2 EUAP",
        "tags": {},
        "properties": {
          "replicaCount": 1,
          "partitionCount": 1,
          "endpoint": "https://search1036.search.windows.net",
          "status": "provisioning",
          "statusDetails": "",
          "provisioningState": "Provisioning",
          "hostingMode": "default",
          "computeType": "Default",
          "publicNetworkAccess": "Enabled",
          "networkRuleSet": {
            "ipRules": [],
            "bypass": "None"
          },
          "privateEndpointConnections": [],
          "sharedPrivateLinkResources": [],
          "encryptionWithCmk": {
            "enforcement": "Unspecified",
            "encryptionComplianceStatus": "Compliant"
          },
          "disableLocalAuth": false,
          "authOptions": {
            "apiKeyOnly": {}
          },
          "disabledDataExfiltrationOptions": [],
          "semanticSearch": "free",
          "upgradeAvailable": false,
          "serviceUpgradeDate": null
        },
        "systemData": {
          "createdAt": "2025-04-30T00:24:08.288Z"
        },
        "id": "/subscriptions/faa080af-c1d8-40ad-9cce-e1a450ca5b57/resourceGroups/Search-SDK-Test7176/providers/Microsoft.Search/searchServices/search1036",
        "name": "search1036",
        "type": "Microsoft.Search/searchServices",
        "sku": {
          "name": "standard"
        }
      }
    },
    {
      "RequestUri": "https://management.azure.com/subscriptions/faa080af-c1d8-40ad-9cce-e1a450ca5b57/resourceGroups/Search-SDK-Test7176/providers/Microsoft.Search/searchServices/search1036?api-version=2025-02-01-preview",
      "RequestMethod": "GET",
      "RequestHeaders": {
        "Authorization": "Sanitized",
        "traceparent": "00-f787cf64ea0c8e394396e572b5bd4143-b909b3dc14278840-00",
        "User-Agent": "azsdk-net-ResourceManager/1.13.0 (.NET 8.0.15; Microsoft Windows 10.0.22631)",
        "x-ms-client-request-id": "Sanitized",
        "x-ms-return-client-request-id": "true"
      },
      "RequestBody": null,
      "StatusCode": 200,
      "ResponseHeaders": {
        "Cache-Control": "no-cache",
        "client-request-id": "Sanitized",
        "Content-Length": "959",
        "Content-Type": "application/json; charset=utf-8",
        "Date": "Wed, 30 Apr 2025 00:34:21 GMT",
        "elapsed-time": "72",
        "ETag": "W/\"datetime'2025-04-30T00%3A24%3A08.2956779Z'\"",
        "Expires": "-1",
        "Pragma": "no-cache",
        "request-id": "f12ec0c5-2f64-cf31-e60f-034f3bcefe64",
        "Strict-Transport-Security": "max-age=31536000; includeSubDomains",
        "X-Cache": "CONFIG_NOCACHE",
        "X-Content-Type-Options": "nosniff",
        "x-ms-client-request-id": "Sanitized",
        "x-ms-correlation-request-id": "5aa13904-b984-4a2e-b82f-98b6a20c1d00",
        "x-ms-ratelimit-remaining-subscription-global-reads": "16499",
        "x-ms-ratelimit-remaining-subscription-reads": "1099",
        "x-ms-request-id": "5aa13904-b984-4a2e-b82f-98b6a20c1d00",
        "x-ms-routing-request-id": "SOUTHEASTASIA:20250430T003422Z:5aa13904-b984-4a2e-b82f-98b6a20c1d00",
        "X-MSEdge-Ref": "Ref A: 0F416372F5694FAC91C3AE7311A139F6 Ref B: MAA201060513027 Ref C: 2025-04-30T00:34:20Z"
      },
      "ResponseBody": {
        "location": "East US 2 EUAP",
        "tags": {},
        "properties": {
          "replicaCount": 1,
          "partitionCount": 1,
          "endpoint": "https://search1036.search.windows.net",
          "status": "provisioning",
          "statusDetails": "",
          "provisioningState": "Provisioning",
          "hostingMode": "default",
          "computeType": "Default",
          "publicNetworkAccess": "Enabled",
          "networkRuleSet": {
            "ipRules": [],
            "bypass": "None"
          },
          "privateEndpointConnections": [],
          "sharedPrivateLinkResources": [],
          "encryptionWithCmk": {
            "enforcement": "Unspecified",
            "encryptionComplianceStatus": "Compliant"
          },
          "disableLocalAuth": false,
          "authOptions": {
            "apiKeyOnly": {}
          },
          "disabledDataExfiltrationOptions": [],
          "semanticSearch": "free",
          "upgradeAvailable": false,
          "serviceUpgradeDate": null
        },
        "systemData": {
          "createdAt": "2025-04-30T00:24:08.288Z"
        },
        "id": "/subscriptions/faa080af-c1d8-40ad-9cce-e1a450ca5b57/resourceGroups/Search-SDK-Test7176/providers/Microsoft.Search/searchServices/search1036",
        "name": "search1036",
        "type": "Microsoft.Search/searchServices",
        "sku": {
          "name": "standard"
        }
      }
    },
    {
      "RequestUri": "https://management.azure.com/subscriptions/faa080af-c1d8-40ad-9cce-e1a450ca5b57/resourceGroups/Search-SDK-Test7176/providers/Microsoft.Search/searchServices/search1036?api-version=2025-02-01-preview",
      "RequestMethod": "GET",
      "RequestHeaders": {
        "Authorization": "Sanitized",
        "traceparent": "00-f787cf64ea0c8e394396e572b5bd4143-896daeffc2094bfd-00",
        "User-Agent": "azsdk-net-ResourceManager/1.13.0 (.NET 8.0.15; Microsoft Windows 10.0.22631)",
        "x-ms-client-request-id": "Sanitized",
        "x-ms-return-client-request-id": "true"
      },
      "RequestBody": null,
      "StatusCode": 200,
      "ResponseHeaders": {
        "Cache-Control": "no-cache",
        "client-request-id": "Sanitized",
        "Content-Length": "951",
        "Content-Type": "application/json; charset=utf-8",
        "Date": "Wed, 30 Apr 2025 00:34:54 GMT",
        "elapsed-time": "74",
        "ETag": "W/\"datetime'2025-04-30T00%3A24%3A08.2956779Z'\"",
        "Expires": "-1",
        "Pragma": "no-cache",
        "request-id": "2bcb6cd8-d8ee-db1e-e8d3-9320ed58d7b8",
        "Strict-Transport-Security": "max-age=31536000; includeSubDomains",
        "X-Cache": "CONFIG_NOCACHE",
        "X-Content-Type-Options": "nosniff",
        "x-ms-client-request-id": "Sanitized",
        "x-ms-correlation-request-id": "182a6ac9-b3ee-43af-ba5a-f3d5a7fcca97",
        "x-ms-ratelimit-remaining-subscription-global-reads": "16499",
        "x-ms-ratelimit-remaining-subscription-reads": "1099",
        "x-ms-request-id": "182a6ac9-b3ee-43af-ba5a-f3d5a7fcca97",
        "x-ms-routing-request-id": "SOUTHEASTASIA:20250430T003455Z:182a6ac9-b3ee-43af-ba5a-f3d5a7fcca97",
        "X-MSEdge-Ref": "Ref A: F9FA40AE1E7D487BB3309F21C66DEE65 Ref B: MAA201060513027 Ref C: 2025-04-30T00:34:54Z"
      },
      "ResponseBody": {
        "location": "East US 2 EUAP",
        "tags": {},
        "properties": {
          "replicaCount": 1,
          "partitionCount": 1,
          "endpoint": "https://search1036.search.windows.net",
          "status": "running",
          "statusDetails": "",
          "provisioningState": "Succeeded",
          "hostingMode": "default",
          "computeType": "Default",
          "publicNetworkAccess": "Enabled",
          "networkRuleSet": {
            "ipRules": [],
            "bypass": "None"
          },
          "privateEndpointConnections": [],
          "sharedPrivateLinkResources": [],
          "encryptionWithCmk": {
            "enforcement": "Unspecified",
            "encryptionComplianceStatus": "Compliant"
          },
          "disableLocalAuth": false,
          "authOptions": {
            "apiKeyOnly": {}
          },
          "disabledDataExfiltrationOptions": [],
          "semanticSearch": "free",
          "upgradeAvailable": false,
          "serviceUpgradeDate": null
        },
        "systemData": {
          "createdAt": "2025-04-30T00:24:08.288Z"
        },
        "id": "/subscriptions/faa080af-c1d8-40ad-9cce-e1a450ca5b57/resourceGroups/Search-SDK-Test7176/providers/Microsoft.Search/searchServices/search1036",
        "name": "search1036",
        "type": "Microsoft.Search/searchServices",
        "sku": {
          "name": "standard"
        }
      }
    },
    {
      "RequestUri": "https://management.azure.com/subscriptions/faa080af-c1d8-40ad-9cce-e1a450ca5b57/resourceGroups/Search-SDK-Test7176/providers/Microsoft.Search/searchServices/search1036/listAdminKeys?api-version=2025-02-01-preview",
      "RequestMethod": "POST",
      "RequestHeaders": {
        "Accept": "application/json",
        "Authorization": "Sanitized",
        "Content-Length": "0",
        "traceparent": "00-b88f3c23a2b5a88ff945aac64b4687d6-0214a9e839c2e573-00",
        "User-Agent": "azsdk-net-ResourceManager.Search/1.3.0-alpha.20250429.1 (.NET 8.0.15; Microsoft Windows 10.0.22631)",
        "x-ms-client-request-id": "Sanitized",
        "x-ms-return-client-request-id": "true"
      },
      "RequestBody": null,
      "StatusCode": 200,
      "ResponseHeaders": {
        "Cache-Control": "no-cache",
        "client-request-id": "Sanitized",
        "Content-Length": "53",
        "Content-Type": "application/json; charset=utf-8",
        "Date": "Wed, 30 Apr 2025 00:34:56 GMT",
        "elapsed-time": "57",
        "Expires": "-1",
        "Pragma": "no-cache",
        "request-id": "f08c8b46-8c33-7e13-9348-459a32b4c2a5",
        "Strict-Transport-Security": "max-age=31536000; includeSubDomains",
        "X-Cache": "CONFIG_NOCACHE",
        "X-Content-Type-Options": "nosniff",
        "x-ms-client-request-id": "Sanitized",
        "x-ms-correlation-request-id": "7162f5f1-b822-4348-95a9-94e8356e716a",
        "x-ms-operation-identifier": "tenantId=72f988bf-86f1-41af-91ab-2d7cd011db47,objectId=6eb96c68-1d95-451c-8c75-7e352c5eb162/southeastasia/a8e73d24-6cd8-4f45-95ec-25f4102344bc",
        "x-ms-ratelimit-remaining-subscription-global-writes": "11999",
        "x-ms-ratelimit-remaining-subscription-writes": "799",
        "x-ms-request-id": "7162f5f1-b822-4348-95a9-94e8356e716a",
        "x-ms-routing-request-id": "SOUTHEASTASIA:20250430T003457Z:7162f5f1-b822-4348-95a9-94e8356e716a",
        "X-MSEdge-Ref": "Ref A: CEAD8E4E184E48EF9947537B8F7557ED Ref B: MAA201060513027 Ref C: 2025-04-30T00:34:55Z"
      },
      "ResponseBody": {
        "primaryKey": "Sanitized",
        "secondaryKey": "Sanitized"
      }
    },
    {
      "RequestUri": "https://management.azure.com/subscriptions/faa080af-c1d8-40ad-9cce-e1a450ca5b57/resourceGroups/Search-SDK-Test7176/providers/Microsoft.Search/searchServices/search1036/regenerateAdminKey/primary?api-version=2025-02-01-preview",
      "RequestMethod": "POST",
      "RequestHeaders": {
        "Accept": "application/json",
        "Authorization": "Sanitized",
        "Content-Length": "0",
        "traceparent": "00-1050421a99b7502222336c89c1aef8a3-9624b30cd4d3da7b-00",
        "User-Agent": "azsdk-net-ResourceManager.Search/1.3.0-alpha.20250429.1 (.NET 8.0.15; Microsoft Windows 10.0.22631)",
        "x-ms-client-request-id": "Sanitized",
        "x-ms-return-client-request-id": "true"
      },
      "RequestBody": null,
      "StatusCode": 200,
      "ResponseHeaders": {
        "Cache-Control": "no-cache",
        "client-request-id": "Sanitized",
        "Content-Length": "53",
        "Content-Type": "application/json; charset=utf-8",
        "Date": "Wed, 30 Apr 2025 00:34:57 GMT",
        "elapsed-time": "125",
        "Expires": "-1",
        "Pragma": "no-cache",
        "request-id": "785bad58-f6cc-ec8e-a253-08909b10e18e",
        "Strict-Transport-Security": "max-age=31536000; includeSubDomains",
        "X-Cache": "CONFIG_NOCACHE",
        "X-Content-Type-Options": "nosniff",
        "x-ms-client-request-id": "Sanitized",
        "x-ms-correlation-request-id": "ea565a20-d651-47a2-b616-561bef1d8060",
        "x-ms-operation-identifier": "tenantId=72f988bf-86f1-41af-91ab-2d7cd011db47,objectId=6eb96c68-1d95-451c-8c75-7e352c5eb162/southeastasia/bd3002c6-d3f9-4c56-a9d7-06ad14789c4f",
        "x-ms-ratelimit-remaining-subscription-global-writes": "11999",
        "x-ms-ratelimit-remaining-subscription-writes": "799",
        "x-ms-request-id": "ea565a20-d651-47a2-b616-561bef1d8060",
        "x-ms-routing-request-id": "SOUTHEASTASIA:20250430T003458Z:ea565a20-d651-47a2-b616-561bef1d8060",
        "X-MSEdge-Ref": "Ref A: 9407F3C7D0C346B38928FD2B7E83D155 Ref B: MAA201060513027 Ref C: 2025-04-30T00:34:57Z"
      },
      "ResponseBody": {
        "primaryKey": "Sanitized",
        "secondaryKey": "Sanitized"
      }
    },
    {
      "RequestUri": "https://management.azure.com/subscriptions/faa080af-c1d8-40ad-9cce-e1a450ca5b57/resourceGroups/Search-SDK-Test7176/providers/Microsoft.Search/searchServices/search1036/regenerateAdminKey/secondary?api-version=2025-02-01-preview",
      "RequestMethod": "POST",
      "RequestHeaders": {
        "Accept": "application/json",
        "Authorization": "Sanitized",
        "Content-Length": "0",
        "traceparent": "00-2372c0ed539dcebd238f2ed999f53e7f-d388e8b0fbb1005c-00",
        "User-Agent": "azsdk-net-ResourceManager.Search/1.3.0-alpha.20250429.1 (.NET 8.0.15; Microsoft Windows 10.0.22631)",
        "x-ms-client-request-id": "Sanitized",
        "x-ms-return-client-request-id": "true"
      },
      "RequestBody": null,
      "StatusCode": 200,
      "ResponseHeaders": {
        "Cache-Control": "no-cache",
        "client-request-id": "Sanitized",
        "Content-Length": "53",
        "Content-Type": "application/json; charset=utf-8",
        "Date": "Wed, 30 Apr 2025 00:34:59 GMT",
        "elapsed-time": "130",
        "Expires": "-1",
        "Pragma": "no-cache",
        "request-id": "af094a38-0d42-4c30-584d-98a59383a833",
        "Strict-Transport-Security": "max-age=31536000; includeSubDomains",
        "X-Cache": "CONFIG_NOCACHE",
        "X-Content-Type-Options": "nosniff",
        "x-ms-client-request-id": "Sanitized",
        "x-ms-correlation-request-id": "8667cc00-9e78-41a1-ae53-95cb9f83a88d",
        "x-ms-operation-identifier": "tenantId=72f988bf-86f1-41af-91ab-2d7cd011db47,objectId=6eb96c68-1d95-451c-8c75-7e352c5eb162/southeastasia/40820696-5185-4260-ba2e-7f5c8bb7e2f7",
        "x-ms-ratelimit-remaining-subscription-global-writes": "11999",
        "x-ms-ratelimit-remaining-subscription-writes": "799",
        "x-ms-request-id": "8667cc00-9e78-41a1-ae53-95cb9f83a88d",
        "x-ms-routing-request-id": "SOUTHEASTASIA:20250430T003500Z:8667cc00-9e78-41a1-ae53-95cb9f83a88d",
        "X-MSEdge-Ref": "Ref A: FA86D70C9FC346C499C8B3B814925AE0 Ref B: MAA201060513027 Ref C: 2025-04-30T00:34:58Z"
      },
      "ResponseBody": {
        "primaryKey": "Sanitized",
        "secondaryKey": "Sanitized"
      }
    }
  ],
  "Variables": {
    "RandomSeed": "870340744",
    "RESOURCE_MANAGER_URL": null,
    "SUBSCRIPTION_ID": "faa080af-c1d8-40ad-9cce-e1a450ca5b57"
  }
}
