{
  "Entries": [
    {
      "RequestUri": "https://endpoint/translator/document/batches?api-version=2024-05-01",
      "RequestMethod": "POST",
      "RequestHeaders": {
        "Accept": "application/json",
        "Accept-Encoding": "gzip,deflate",
        "Authorization": "Sanitized",
        "Connection": "keep-alive",
        "Content-Length": "164",
        "Content-Type": "application/json",
        "User-Agent": "azsdk-js-ai-translation-document-rest/1.0.0 core-rest-pipeline/1.19.2 Node/20.18.0 OS/(x64-Linux-5.15.167.4-microsoft-standard-WSL2)",
        "x-ms-client-request-id": "e7b8e58a-d08c-497d-82a4-e5c6dd1183a4"
      },
      "RequestBody": {
        "inputs": [
          {
            "source": {
              "sourceUrl": "https://blob.endpoint/source-container1"
            },
            "targets": [
              {
                "targetUrl": "https://blob.endpoint/target-container16",
                "language": "fr"
              }
            ]
          }
        ]
      },
      "StatusCode": 202,
      "ResponseHeaders": {
        "apim-request-id": "7b0d0af3-7723-4782-90ef-662a0bad8b18",
        "Content-Type": "application/json; charset=utf-8",
        "Date": "Wed, 02 Apr 2025 03:50:11 GMT",
        "operation-location": "https://endpoint/translator/document/batches/8665aa3d-d1f9-4ca5-a782-7746bc969b12?api-version=2024-05-01",
        "Strict-Transport-Security": "max-age=31536000; includeSubDomains; preload",
        "Transfer-Encoding": "chunked",
        "X-Content-Type-Options": "nosniff",
        "x-envoy-upstream-service-time": "372",
        "x-ms-region": "West US",
        "x-requestid": "7b0d0af3-7723-4782-90ef-662a0bad8b18"
      },
      "ResponseBody": {
        "id": "8665aa3d-d1f9-4ca5-a782-7746bc969b12",
        "status": "NotStarted"
      }
    },
    {
      "RequestUri": "https://endpoint/translator/document/batches/8665aa3d-d1f9-4ca5-a782-7746bc969b12?api-version=2024-05-01",
      "RequestMethod": "DELETE",
      "RequestHeaders": {
        "Accept": "application/json",
        "Accept-Encoding": "gzip,deflate",
        "Authorization": "Sanitized",
        "Connection": "keep-alive",
        "User-Agent": "azsdk-js-ai-translation-document-rest/1.0.0 core-rest-pipeline/1.19.2 Node/20.18.0 OS/(x64-Linux-5.15.167.4-microsoft-standard-WSL2)",
        "x-ms-client-request-id": "adddb5de-cf6e-466d-a915-96e410ba2f29"
      },
      "RequestBody": null,
      "StatusCode": 200,
      "ResponseHeaders": {
        "apim-request-id": "5b4b17d8-7e8a-4f82-ad04-50a02d2b8b56",
        "Content-Type": "application/json; charset=utf-8",
        "Date": "Wed, 02 Apr 2025 03:50:11 GMT",
        "Retry-After": "1",
        "Strict-Transport-Security": "max-age=31536000; includeSubDomains; preload",
        "Transfer-Encoding": "chunked",
        "X-Content-Type-Options": "nosniff",
        "x-envoy-upstream-service-time": "423",
        "x-ms-region": "West US",
        "x-requestid": "5b4b17d8-7e8a-4f82-ad04-50a02d2b8b56"
      },
      "ResponseBody": {
        "id": "8665aa3d-d1f9-4ca5-a782-7746bc969b12",
        "createdDateTimeUtc": "2025-04-02T03:50:11.5928474Z",
        "lastActionDateTimeUtc": "2025-04-02T03:50:12.024094Z",
        "status": "Cancelling",
        "summary": {
          "total": 0,
          "failed": 0,
          "success": 0,
          "inProgress": 0,
          "notYetStarted": 0,
          "cancelled": 0,
          "totalCharacterCharged": 0
        }
      }
    },
    {
      "RequestUri": "https://endpoint/translator/document/batches/8665aa3d-d1f9-4ca5-a782-7746bc969b12?api-version=2024-05-01",
      "RequestMethod": "GET",
      "RequestHeaders": {
        "Accept": "application/json",
        "Accept-Encoding": "gzip,deflate",
        "Authorization": "Sanitized",
        "Connection": "keep-alive",
        "User-Agent": "azsdk-js-ai-translation-document-rest/1.0.0 core-rest-pipeline/1.19.2 Node/20.18.0 OS/(x64-Linux-5.15.167.4-microsoft-standard-WSL2)",
        "x-ms-client-request-id": "4f360197-fcb4-4de5-b9b3-24dd2afb9322"
      },
      "RequestBody": null,
      "StatusCode": 200,
      "ResponseHeaders": {
        "apim-request-id": "91717dbf-7e37-43eb-8f6e-7f0d80595275",
        "Content-Type": "application/json; charset=utf-8",
        "Date": "Wed, 02 Apr 2025 03:50:12 GMT",
        "ETag": "\"847043C509898E86567F3F18BD363B8A78DF2874EC01B77979918BE3EFD6C09A\"",
        "Retry-After": "1",
        "Strict-Transport-Security": "max-age=31536000; includeSubDomains; preload",
        "Transfer-Encoding": "chunked",
        "X-Content-Type-Options": "nosniff",
        "x-envoy-upstream-service-time": "279",
        "x-ms-region": "West US",
        "x-requestid": "91717dbf-7e37-43eb-8f6e-7f0d80595275"
      },
      "ResponseBody": {
        "id": "8665aa3d-d1f9-4ca5-a782-7746bc969b12",
        "createdDateTimeUtc": "2025-04-02T03:50:11.5928474Z",
        "lastActionDateTimeUtc": "2025-04-02T03:50:12.024094Z",
        "status": "Cancelling",
        "summary": {
          "total": 0,
          "failed": 0,
          "success": 0,
          "inProgress": 0,
          "notYetStarted": 0,
          "cancelled": 0,
          "totalCharacterCharged": 0
        }
      }
    }
  ],
  "Variables": {}
}
