{
  "Entries": [
    {
      "RequestUri": "https://REDACTED/acr/v1/library%2Fhello-world/_tags/latest?api-version=2021-07-01",
      "RequestMethod": "GET",
      "RequestHeaders": {
        "Accept": "application/json",
        "Content-Length": "0",
        "Date": "Wed, 14 Jun 2023 23:39:02 GMT",
        "User-Agent": "azsdk-java-azure-containers-containerregistry/1.2.0-beta.1 (17.0.4; Windows 11; 10.0)",
        "x-ms-client-request-id": "82580795-b295-4141-ae48-9d65a7eb0af5"
      },
      "RequestBody": null,
      "StatusCode": 401,
      "ResponseHeaders": {
        "Access-Control-Expose-Headers": [
          "Docker-Content-Digest",
          "WWW-Authenticate",
          "Link",
          "X-Ms-Correlation-Request-Id"
        ],
        "Connection": "keep-alive",
        "Content-Length": "222",
        "Content-Type": "application/json; charset=utf-8",
        "Date": "Wed, 14 Jun 2023 23:39:04 GMT",
        "Docker-Distribution-Api-Version": "registry/2.0",
        "Server": "openresty",
        "Strict-Transport-Security": [
          "max-age=31536000; includeSubDomains",
          "max-age=31536000; includeSubDomains"
        ],
        "WWW-Authenticate": "Bearer realm=\u0022https://REDACTED\u0022,service=\u0022REDACTED\u0022,scope=\u0022repository:library/hello-world:metadata_read\u0022",
        "X-Content-Type-Options": "nosniff",
        "X-Ms-Correlation-Request-Id": "4eb8ba63-d402-4ef8-a986-fab7ef45b8f0"
      },
      "ResponseBody": {
        "errors": [
          {
            "code": "UNAUTHORIZED",
            "message": "authentication required, visit https://aka.ms/acr/authorization for more information.",
            "detail": [
              {
                "Type": "repository",
                "Name": "library/hello-world",
                "Action": "metadata_read"
              }
            ]
          }
        ]
      }
    },
    {
      "RequestUri": "https://REDACTED/oauth2/exchange?api-version=2021-07-01",
      "RequestMethod": "POST",
      "RequestHeaders": {
        "Accept": "application/json",
        "Content-Length": "62",
        "Content-Type": "application/x-www-form-urlencoded",
        "Date": "Wed, 14 Jun 2023 23:39:02 GMT",
        "User-Agent": "azsdk-java-azure-containers-containerregistry/1.2.0-beta.1 (17.0.4; Windows 11; 10.0)",
        "x-ms-client-request-id": "a07217ce-e9e0-4357-944d-4a119de446bc"
      },
      "RequestBody": "grant_type=access_token\u0026service=REDACTED\u0026access_token=REDACTED",
      "StatusCode": 200,
      "ResponseHeaders": {
        "Connection": "keep-alive",
        "Content-Type": "application/json; charset=utf-8",
        "Date": "Wed, 14 Jun 2023 23:39:04 GMT",
        "Server": "openresty",
        "Strict-Transport-Security": "max-age=31536000; includeSubDomains",
        "Transfer-Encoding": "chunked",
        "X-Ms-Correlation-Request-Id": "2160f0a3-0f1c-4991-895c-1fcfb4b3c47e",
        "x-ms-ratelimit-remaining-calls-per-second": "331.383333"
      },
      "ResponseBody": {
        "refresh_token": "Sanitized"
      }
    },
    {
      "RequestUri": "https://REDACTED/oauth2/token?api-version=2021-07-01",
      "RequestMethod": "POST",
      "RequestHeaders": {
        "Accept": "application/json",
        "Content-Length": "121",
        "Content-Type": "application/x-www-form-urlencoded",
        "Date": "Wed, 14 Jun 2023 23:39:02 GMT",
        "User-Agent": "azsdk-java-azure-containers-containerregistry/1.2.0-beta.1 (17.0.4; Windows 11; 10.0)",
        "x-ms-client-request-id": "d6260fc3-ed1b-449c-aa56-e2fec2700366"
      },
      "RequestBody": "service=REDACTED\u0026scope=repository%3Alibrary%2Fhello-world%3Ametadata_read\u0026refresh_token=REDACTED\u0026grant_type=refresh_token",
      "StatusCode": 200,
      "ResponseHeaders": {
        "Connection": "keep-alive",
        "Content-Type": "application/json; charset=utf-8",
        "Date": "Wed, 14 Jun 2023 23:39:04 GMT",
        "Server": "openresty",
        "Strict-Transport-Security": "max-age=31536000; includeSubDomains",
        "Transfer-Encoding": "chunked",
        "X-Ms-Correlation-Request-Id": "7f86e5dc-f9fe-488e-ab81-7a74e9bb8d12",
        "x-ms-ratelimit-remaining-calls-per-second": "331.366667"
      },
      "ResponseBody": {
        "access_token": "Sanitized"
      }
    },
    {
      "RequestUri": "https://REDACTED/acr/v1/library%2Fhello-world/_tags/latest?api-version=2021-07-01",
      "RequestMethod": "GET",
      "RequestHeaders": {
        "Accept": "application/json",
        "Authorization": "Sanitized",
        "Content-Length": "0",
        "Date": "Wed, 14 Jun 2023 23:39:02 GMT",
        "User-Agent": "azsdk-java-azure-containers-containerregistry/1.2.0-beta.1 (17.0.4; Windows 11; 10.0)",
        "x-ms-client-request-id": "82580795-b295-4141-ae48-9d65a7eb0af5"
      },
      "RequestBody": null,
      "StatusCode": 200,
      "ResponseHeaders": {
        "Access-Control-Expose-Headers": [
          "Docker-Content-Digest",
          "WWW-Authenticate",
          "Link",
          "X-Ms-Correlation-Request-Id"
        ],
        "Connection": "keep-alive",
        "Content-Length": "392",
        "Content-Type": "application/json; charset=utf-8",
        "Date": "Wed, 14 Jun 2023 23:39:04 GMT",
        "Docker-Distribution-Api-Version": "registry/2.0",
        "Server": "openresty",
        "Strict-Transport-Security": [
          "max-age=31536000; includeSubDomains",
          "max-age=31536000; includeSubDomains"
        ],
        "X-Content-Type-Options": "nosniff",
        "X-Ms-Correlation-Request-Id": "c17a1c33-199c-4bea-95f4-baaf6e8e339d"
      },
      "ResponseBody": {
        "registry": "limolkovaacr.azurecr.io",
        "imageName": "library/hello-world",
        "tag": {
          "name": "latest",
          "digest": "sha256:c2e23624975516c7e27b1b25be3682a8c6c4c0cea011b791ce98aa423b5040a0",
          "createdTime": "2023-01-30T17:44:39.7139436Z",
          "lastUpdateTime": "2023-06-14T23:37:36.2646508Z",
          "signed": false,
          "changeableAttributes": {
            "deleteEnabled": true,
            "writeEnabled": true,
            "readEnabled": true,
            "listEnabled": true
          }
        }
      }
    },
    {
      "RequestUri": "https://REDACTED/acr/v1/library%2Fhello-world/_manifests/sha256:c2e23624975516c7e27b1b25be3682a8c6c4c0cea011b791ce98aa423b5040a0?api-version=2021-07-01",
      "RequestMethod": "GET",
      "RequestHeaders": {
        "Accept": "application/json",
        "Authorization": "Sanitized",
        "Content-Length": "0",
        "Date": "Wed, 14 Jun 2023 23:39:02 GMT",
        "User-Agent": "azsdk-java-azure-containers-containerregistry/1.2.0-beta.1 (17.0.4; Windows 11; 10.0)",
        "x-ms-client-request-id": "65c6c9f4-8208-4d38-9771-20306a79b5c8"
      },
      "RequestBody": null,
      "StatusCode": 200,
      "ResponseHeaders": {
        "Access-Control-Expose-Headers": [
          "Docker-Content-Digest",
          "WWW-Authenticate",
          "Link",
          "X-Ms-Correlation-Request-Id"
        ],
        "Connection": "keep-alive",
        "Content-Length": "1849",
        "Content-Type": "application/json; charset=utf-8",
        "Date": "Wed, 14 Jun 2023 23:39:04 GMT",
        "Docker-Distribution-Api-Version": "registry/2.0",
        "Server": "openresty",
        "Strict-Transport-Security": [
          "max-age=31536000; includeSubDomains",
          "max-age=31536000; includeSubDomains"
        ],
        "X-Content-Type-Options": "nosniff",
        "X-Ms-Correlation-Request-Id": "7baeb5dd-58bf-44d8-9438-be94cd33644b"
      },
      "ResponseBody": {
        "registry": "limolkovaacr.azurecr.io",
        "imageName": "library/hello-world",
        "manifest": {
          "digest": "sha256:c2e23624975516c7e27b1b25be3682a8c6c4c0cea011b791ce98aa423b5040a0",
          "imageSize": 224487553,
          "createdTime": "2023-06-14T23:37:36.3371818Z",
          "lastUpdateTime": "2023-06-14T23:37:36.3371818Z",
          "mediaType": "application/vnd.docker.distribution.manifest.list.v2\u002Bjson",
          "tags": [
            "latest",
            "v1",
            "v2",
            "v3",
            "v4"
          ],
          "changeableAttributes": {
            "deleteEnabled": true,
            "writeEnabled": true,
            "readEnabled": true,
            "listEnabled": true
          },
          "references": [
            {
              "digest": "sha256:7e9b6e7ba2842c91cf49f3e214d04a7a496f8214356f41d81a6e6dcad11f11e3",
              "architecture": "amd64",
              "os": "linux"
            },
            {
              "digest": "sha256:084c3bdd1271adc754e2c5f6ba7046f1a2c099597dbd9643592fa8eb99981402",
              "architecture": "arm",
              "os": "linux"
            },
            {
              "digest": "sha256:a0a386314d69d1514d7aa63d12532b284bf37bba15ed7b4fc1a3f86605f86c63",
              "architecture": "arm",
              "os": "linux"
            },
            {
              "digest": "sha256:efebf0f7aee69450f99deafe11121afa720abed733943e50581a9dc7540689c8",
              "architecture": "arm64",
              "os": "linux"
            },
            {
              "digest": "sha256:004d23c66201b22fce069b7505756f17088de7889c83891e9bc69d749fa3690e",
              "architecture": "386",
              "os": "linux"
            },
            {
              "digest": "sha256:06bca41ba617acf0b3644df05d0d9c2d2f82ccaab629c0e39792b24682970040",
              "architecture": "mips64le",
              "os": "linux"
            },
            {
              "digest": "sha256:fbe0ff1e7697da39d987a975c737a7d2fa40b6e7f7f40c00b1dcc387b9ac0e85",
              "architecture": "ppc64le",
              "os": "linux"
            },
            {
              "digest": "sha256:72ba79e34f1baa40cd4d9ecd684b8389d0a1e18cf6e6d5c44c19716d25f65e20",
              "architecture": "riscv64",
              "os": "linux"
            },
            {
              "digest": "sha256:574efe68740d3bee2ef780036aee2e2da5cf7097ac06513f9f01f41e03365399",
              "architecture": "s390x",
              "os": "linux"
            },
            {
              "digest": "sha256:b4aaa8a7d6bcaddce4de86d84fda8e8c47363583f273a792f5a21a71b4e80d15",
              "architecture": "amd64",
              "os": "windows"
            },
            {
              "digest": "sha256:f139ab66fdc388020ea59bc16452f137b6a194b2bfc5153a408a7c670a10b85a",
              "architecture": "amd64",
              "os": "windows"
            }
          ]
        }
      }
    },
    {
      "RequestUri": "https://REDACTED/acr/v1/library%2Fhello-world/_tags/latest?api-version=2021-07-01",
      "RequestMethod": "GET",
      "RequestHeaders": {
        "Accept": "application/json",
        "Content-Length": "0",
        "Date": "Wed, 14 Jun 2023 23:39:02 GMT",
        "User-Agent": "azsdk-java-azure-containers-containerregistry/1.2.0-beta.1 (17.0.4; Windows 11; 10.0)",
        "x-ms-client-request-id": "98157ba1-e737-40bf-9c6e-2b2e6b05c538"
      },
      "RequestBody": null,
      "StatusCode": 401,
      "ResponseHeaders": {
        "Access-Control-Expose-Headers": [
          "Docker-Content-Digest",
          "WWW-Authenticate",
          "Link",
          "X-Ms-Correlation-Request-Id"
        ],
        "Connection": "keep-alive",
        "Content-Length": "222",
        "Content-Type": "application/json; charset=utf-8",
        "Date": "Wed, 14 Jun 2023 23:39:05 GMT",
        "Docker-Distribution-Api-Version": "registry/2.0",
        "Server": "openresty",
        "Strict-Transport-Security": [
          "max-age=31536000; includeSubDomains",
          "max-age=31536000; includeSubDomains"
        ],
        "WWW-Authenticate": "Bearer realm=\u0022https://REDACTED\u0022,service=\u0022REDACTED\u0022,scope=\u0022repository:library/hello-world:metadata_read\u0022",
        "X-Content-Type-Options": "nosniff",
        "X-Ms-Correlation-Request-Id": "88413918-cb25-43b8-aa99-4e4a0f3c0a31"
      },
      "ResponseBody": {
        "errors": [
          {
            "code": "UNAUTHORIZED",
            "message": "authentication required, visit https://aka.ms/acr/authorization for more information.",
            "detail": [
              {
                "Type": "repository",
                "Name": "library/hello-world",
                "Action": "metadata_read"
              }
            ]
          }
        ]
      }
    },
    {
      "RequestUri": "https://REDACTED/oauth2/exchange?api-version=2021-07-01",
      "RequestMethod": "POST",
      "RequestHeaders": {
        "Accept": "application/json",
        "Content-Length": "62",
        "Content-Type": "application/x-www-form-urlencoded",
        "Date": "Wed, 14 Jun 2023 23:39:03 GMT",
        "User-Agent": "azsdk-java-azure-containers-containerregistry/1.2.0-beta.1 (17.0.4; Windows 11; 10.0)",
        "x-ms-client-request-id": "797fc178-c2db-4e8c-ade6-a24e2b1c29e0"
      },
      "RequestBody": "grant_type=access_token\u0026service=REDACTED\u0026access_token=REDACTED",
      "StatusCode": 200,
      "ResponseHeaders": {
        "Connection": "keep-alive",
        "Content-Type": "application/json; charset=utf-8",
        "Date": "Wed, 14 Jun 2023 23:39:05 GMT",
        "Server": "openresty",
        "Strict-Transport-Security": "max-age=31536000; includeSubDomains",
        "Transfer-Encoding": "chunked",
        "X-Ms-Correlation-Request-Id": "a9206a7a-d315-4fd6-b53e-59a9b805082e",
        "x-ms-ratelimit-remaining-calls-per-second": "331.283333"
      },
      "ResponseBody": {
        "refresh_token": "Sanitized"
      }
    },
    {
      "RequestUri": "https://REDACTED/oauth2/token?api-version=2021-07-01",
      "RequestMethod": "POST",
      "RequestHeaders": {
        "Accept": "application/json",
        "Content-Length": "121",
        "Content-Type": "application/x-www-form-urlencoded",
        "Date": "Wed, 14 Jun 2023 23:39:03 GMT",
        "User-Agent": "azsdk-java-azure-containers-containerregistry/1.2.0-beta.1 (17.0.4; Windows 11; 10.0)",
        "x-ms-client-request-id": "07f7e4b5-7e51-4474-9f7e-34e44e7b88f5"
      },
      "RequestBody": "service=REDACTED\u0026scope=repository%3Alibrary%2Fhello-world%3Ametadata_read\u0026refresh_token=REDACTED\u0026grant_type=refresh_token",
      "StatusCode": 200,
      "ResponseHeaders": {
        "Connection": "keep-alive",
        "Content-Type": "application/json; charset=utf-8",
        "Date": "Wed, 14 Jun 2023 23:39:05 GMT",
        "Server": "openresty",
        "Strict-Transport-Security": "max-age=31536000; includeSubDomains",
        "Transfer-Encoding": "chunked",
        "X-Ms-Correlation-Request-Id": "9e503e2f-abba-4ee5-8e56-016497032d5d",
        "x-ms-ratelimit-remaining-calls-per-second": "331.266667"
      },
      "ResponseBody": {
        "access_token": "Sanitized"
      }
    },
    {
      "RequestUri": "https://REDACTED/acr/v1/library%2Fhello-world/_tags/latest?api-version=2021-07-01",
      "RequestMethod": "GET",
      "RequestHeaders": {
        "Accept": "application/json",
        "Authorization": "Sanitized",
        "Content-Length": "0",
        "Date": "Wed, 14 Jun 2023 23:39:02 GMT",
        "User-Agent": "azsdk-java-azure-containers-containerregistry/1.2.0-beta.1 (17.0.4; Windows 11; 10.0)",
        "x-ms-client-request-id": "98157ba1-e737-40bf-9c6e-2b2e6b05c538"
      },
      "RequestBody": null,
      "StatusCode": 200,
      "ResponseHeaders": {
        "Access-Control-Expose-Headers": [
          "Docker-Content-Digest",
          "WWW-Authenticate",
          "Link",
          "X-Ms-Correlation-Request-Id"
        ],
        "Connection": "keep-alive",
        "Content-Length": "392",
        "Content-Type": "application/json; charset=utf-8",
        "Date": "Wed, 14 Jun 2023 23:39:05 GMT",
        "Docker-Distribution-Api-Version": "registry/2.0",
        "Server": "openresty",
        "Strict-Transport-Security": [
          "max-age=31536000; includeSubDomains",
          "max-age=31536000; includeSubDomains"
        ],
        "X-Content-Type-Options": "nosniff",
        "X-Ms-Correlation-Request-Id": "d7b12962-a2b4-4409-97d0-70f95c8c5527"
      },
      "ResponseBody": {
        "registry": "limolkovaacr.azurecr.io",
        "imageName": "library/hello-world",
        "tag": {
          "name": "latest",
          "digest": "sha256:c2e23624975516c7e27b1b25be3682a8c6c4c0cea011b791ce98aa423b5040a0",
          "createdTime": "2023-01-30T17:44:39.7139436Z",
          "lastUpdateTime": "2023-06-14T23:37:36.2646508Z",
          "signed": false,
          "changeableAttributes": {
            "deleteEnabled": true,
            "writeEnabled": true,
            "readEnabled": true,
            "listEnabled": true
          }
        }
      }
    },
    {
      "RequestUri": "https://REDACTED/acr/v1/library%2Fhello-world/_manifests/sha256:c2e23624975516c7e27b1b25be3682a8c6c4c0cea011b791ce98aa423b5040a0?api-version=2021-07-01",
      "RequestMethod": "GET",
      "RequestHeaders": {
        "Accept": "application/json",
        "Authorization": "Sanitized",
        "Content-Length": "0",
        "Date": "Wed, 14 Jun 2023 23:39:03 GMT",
        "User-Agent": "azsdk-java-azure-containers-containerregistry/1.2.0-beta.1 (17.0.4; Windows 11; 10.0)",
        "x-ms-client-request-id": "53a70873-4fd1-4027-8d78-742534f3a3fd"
      },
      "RequestBody": null,
      "StatusCode": 200,
      "ResponseHeaders": {
        "Access-Control-Expose-Headers": [
          "Docker-Content-Digest",
          "WWW-Authenticate",
          "Link",
          "X-Ms-Correlation-Request-Id"
        ],
        "Connection": "keep-alive",
        "Content-Length": "1849",
        "Content-Type": "application/json; charset=utf-8",
        "Date": "Wed, 14 Jun 2023 23:39:05 GMT",
        "Docker-Distribution-Api-Version": "registry/2.0",
        "Server": "openresty",
        "Strict-Transport-Security": [
          "max-age=31536000; includeSubDomains",
          "max-age=31536000; includeSubDomains"
        ],
        "X-Content-Type-Options": "nosniff",
        "X-Ms-Correlation-Request-Id": "4467f140-35dd-4adc-b96b-9faadee3ae7d"
      },
      "ResponseBody": {
        "registry": "limolkovaacr.azurecr.io",
        "imageName": "library/hello-world",
        "manifest": {
          "digest": "sha256:c2e23624975516c7e27b1b25be3682a8c6c4c0cea011b791ce98aa423b5040a0",
          "imageSize": 224487553,
          "createdTime": "2023-06-14T23:37:36.3371818Z",
          "lastUpdateTime": "2023-06-14T23:37:36.3371818Z",
          "mediaType": "application/vnd.docker.distribution.manifest.list.v2\u002Bjson",
          "tags": [
            "latest",
            "v1",
            "v2",
            "v3",
            "v4"
          ],
          "changeableAttributes": {
            "deleteEnabled": true,
            "writeEnabled": true,
            "readEnabled": true,
            "listEnabled": true
          },
          "references": [
            {
              "digest": "sha256:7e9b6e7ba2842c91cf49f3e214d04a7a496f8214356f41d81a6e6dcad11f11e3",
              "architecture": "amd64",
              "os": "linux"
            },
            {
              "digest": "sha256:084c3bdd1271adc754e2c5f6ba7046f1a2c099597dbd9643592fa8eb99981402",
              "architecture": "arm",
              "os": "linux"
            },
            {
              "digest": "sha256:a0a386314d69d1514d7aa63d12532b284bf37bba15ed7b4fc1a3f86605f86c63",
              "architecture": "arm",
              "os": "linux"
            },
            {
              "digest": "sha256:efebf0f7aee69450f99deafe11121afa720abed733943e50581a9dc7540689c8",
              "architecture": "arm64",
              "os": "linux"
            },
            {
              "digest": "sha256:004d23c66201b22fce069b7505756f17088de7889c83891e9bc69d749fa3690e",
              "architecture": "386",
              "os": "linux"
            },
            {
              "digest": "sha256:06bca41ba617acf0b3644df05d0d9c2d2f82ccaab629c0e39792b24682970040",
              "architecture": "mips64le",
              "os": "linux"
            },
            {
              "digest": "sha256:fbe0ff1e7697da39d987a975c737a7d2fa40b6e7f7f40c00b1dcc387b9ac0e85",
              "architecture": "ppc64le",
              "os": "linux"
            },
            {
              "digest": "sha256:72ba79e34f1baa40cd4d9ecd684b8389d0a1e18cf6e6d5c44c19716d25f65e20",
              "architecture": "riscv64",
              "os": "linux"
            },
            {
              "digest": "sha256:574efe68740d3bee2ef780036aee2e2da5cf7097ac06513f9f01f41e03365399",
              "architecture": "s390x",
              "os": "linux"
            },
            {
              "digest": "sha256:b4aaa8a7d6bcaddce4de86d84fda8e8c47363583f273a792f5a21a71b4e80d15",
              "architecture": "amd64",
              "os": "windows"
            },
            {
              "digest": "sha256:f139ab66fdc388020ea59bc16452f137b6a194b2bfc5153a408a7c670a10b85a",
              "architecture": "amd64",
              "os": "windows"
            }
          ]
        }
      }
    }
  ],
  "Variables": {}
}
