{
  "Entries": [
    {
      "RequestUri": "https://REDACTED/acr/v1/library%2Fhello-world/_manifests?n=2\u0026api-version=2021-07-01",
      "RequestMethod": "GET",
      "RequestHeaders": {
        "Accept": "application/json",
        "Content-Length": "0",
        "Date": "Wed, 14 Jun 2023 23:38:21 GMT",
        "User-Agent": "azsdk-java-azure-containers-containerregistry/1.2.0-beta.1 (17.0.4; Windows 11; 10.0)",
        "x-ms-client-request-id": "10869100-63fa-4083-bd8a-7e107e722a45"
      },
      "RequestBody": null,
      "StatusCode": 401,
      "ResponseHeaders": {
        "Access-Control-Expose-Headers": [
          "Docker-Content-Digest",
          "WWW-Authenticate",
          "Link",
          "X-Ms-Correlation-Request-Id"
        ],
        "Connection": "keep-alive",
        "Content-Length": "222",
        "Content-Type": "application/json; charset=utf-8",
        "Date": "Wed, 14 Jun 2023 23:38:23 GMT",
        "Docker-Distribution-Api-Version": "registry/2.0",
        "Server": "openresty",
        "Strict-Transport-Security": [
          "max-age=31536000; includeSubDomains",
          "max-age=31536000; includeSubDomains"
        ],
        "WWW-Authenticate": "Bearer realm=\u0022https://REDACTED\u0022,service=\u0022REDACTED\u0022,scope=\u0022repository:library/hello-world:metadata_read\u0022",
        "X-Content-Type-Options": "nosniff",
        "X-Ms-Correlation-Request-Id": "71774c97-a75f-4c2e-9bef-8cde2ca49627"
      },
      "ResponseBody": {
        "errors": [
          {
            "code": "UNAUTHORIZED",
            "message": "authentication required, visit https://aka.ms/acr/authorization for more information.",
            "detail": [
              {
                "Type": "repository",
                "Name": "library/hello-world",
                "Action": "metadata_read"
              }
            ]
          }
        ]
      }
    },
    {
      "RequestUri": "https://REDACTED/oauth2/exchange?api-version=2021-07-01",
      "RequestMethod": "POST",
      "RequestHeaders": {
        "Accept": "application/json",
        "Content-Length": "62",
        "Content-Type": "application/x-www-form-urlencoded",
        "Date": "Wed, 14 Jun 2023 23:38:22 GMT",
        "User-Agent": "azsdk-java-azure-containers-containerregistry/1.2.0-beta.1 (17.0.4; Windows 11; 10.0)",
        "x-ms-client-request-id": "ff0b7388-d0c6-4125-86e0-4cf29877ce9a"
      },
      "RequestBody": "grant_type=access_token\u0026service=REDACTED\u0026access_token=REDACTED",
      "StatusCode": 200,
      "ResponseHeaders": {
        "Connection": "keep-alive",
        "Content-Type": "application/json; charset=utf-8",
        "Date": "Wed, 14 Jun 2023 23:38:24 GMT",
        "Server": "openresty",
        "Strict-Transport-Security": "max-age=31536000; includeSubDomains",
        "Transfer-Encoding": "chunked",
        "X-Ms-Correlation-Request-Id": "a1f7fbdc-fc52-4194-b326-3f838cafa445",
        "x-ms-ratelimit-remaining-calls-per-second": "333"
      },
      "ResponseBody": {
        "refresh_token": "Sanitized"
      }
    },
    {
      "RequestUri": "https://REDACTED/oauth2/token?api-version=2021-07-01",
      "RequestMethod": "POST",
      "RequestHeaders": {
        "Accept": "application/json",
        "Content-Length": "121",
        "Content-Type": "application/x-www-form-urlencoded",
        "Date": "Wed, 14 Jun 2023 23:38:22 GMT",
        "User-Agent": "azsdk-java-azure-containers-containerregistry/1.2.0-beta.1 (17.0.4; Windows 11; 10.0)",
        "x-ms-client-request-id": "20e8e43b-ad79-46b9-885e-626f5f22a28e"
      },
      "RequestBody": "service=REDACTED\u0026scope=repository%3Alibrary%2Fhello-world%3Ametadata_read\u0026refresh_token=REDACTED\u0026grant_type=refresh_token",
      "StatusCode": 200,
      "ResponseHeaders": {
        "Connection": "keep-alive",
        "Content-Type": "application/json; charset=utf-8",
        "Date": "Wed, 14 Jun 2023 23:38:24 GMT",
        "Server": "openresty",
        "Strict-Transport-Security": "max-age=31536000; includeSubDomains",
        "Transfer-Encoding": "chunked",
        "X-Ms-Correlation-Request-Id": "9fb38f1f-c3a3-4631-bbf8-0c8372b5c782",
        "x-ms-ratelimit-remaining-calls-per-second": "332.966667"
      },
      "ResponseBody": {
        "access_token": "Sanitized"
      }
    },
    {
      "RequestUri": "https://REDACTED/acr/v1/library%2Fhello-world/_manifests?n=2\u0026api-version=2021-07-01",
      "RequestMethod": "GET",
      "RequestHeaders": {
        "Accept": "application/json",
        "Authorization": "Sanitized",
        "Content-Length": "0",
        "Date": "Wed, 14 Jun 2023 23:38:21 GMT",
        "User-Agent": "azsdk-java-azure-containers-containerregistry/1.2.0-beta.1 (17.0.4; Windows 11; 10.0)",
        "x-ms-client-request-id": "10869100-63fa-4083-bd8a-7e107e722a45"
      },
      "RequestBody": null,
      "StatusCode": 200,
      "ResponseHeaders": {
        "Access-Control-Expose-Headers": [
          "Docker-Content-Digest",
          "WWW-Authenticate",
          "Link",
          "X-Ms-Correlation-Request-Id"
        ],
        "Connection": "keep-alive",
        "Content-Length": "890",
        "Content-Type": "application/json; charset=utf-8",
        "Date": "Wed, 14 Jun 2023 23:38:24 GMT",
        "Docker-Distribution-Api-Version": "registry/2.0",
        "Link": "\u003C/acr/v1/library%2Fhello-world/_manifests?last=sha256%3A06bca41ba617acf0b3644df05d0d9c2d2f82ccaab629c0e39792b24682970040\u0026n=2\u0026orderby=\u003E; rel=\u0022next\u0022",
        "Server": "openresty",
        "Strict-Transport-Security": [
          "max-age=31536000; includeSubDomains",
          "max-age=31536000; includeSubDomains"
        ],
        "X-Content-Type-Options": "nosniff",
        "X-Ms-Correlation-Request-Id": "803c82b4-e598-4d31-9f31-fa63349957a8"
      },
      "ResponseBody": {
        "registry": "limolkovaacr.azurecr.io",
        "imageName": "library/hello-world",
        "manifests": [
          {
            "digest": "sha256:004d23c66201b22fce069b7505756f17088de7889c83891e9bc69d749fa3690e",
            "imageSize": 4709,
            "createdTime": "2023-05-04T18:34:47.2171937Z",
            "lastUpdateTime": "2023-05-04T18:34:47.2171937Z",
            "architecture": "386",
            "os": "linux",
            "mediaType": "application/vnd.docker.distribution.manifest.v2\u002Bjson",
            "changeableAttributes": {
              "deleteEnabled": true,
              "writeEnabled": true,
              "readEnabled": true,
              "listEnabled": true
            }
          },
          {
            "digest": "sha256:06bca41ba617acf0b3644df05d0d9c2d2f82ccaab629c0e39792b24682970040",
            "imageSize": 6063,
            "createdTime": "2023-05-04T18:34:47.384397Z",
            "lastUpdateTime": "2023-05-04T18:34:47.384397Z",
            "architecture": "mips64le",
            "os": "linux",
            "mediaType": "application/vnd.docker.distribution.manifest.v2\u002Bjson",
            "changeableAttributes": {
              "deleteEnabled": true,
              "writeEnabled": true,
              "readEnabled": true,
              "listEnabled": true
            }
          }
        ]
      }
    },
    {
      "RequestUri": "https://REDACTED/acr/v1/library%2Fhello-world/_manifests?last=sha256%3A06bca41ba617acf0b3644df05d0d9c2d2f82ccaab629c0e39792b24682970040\u0026n=2\u0026orderby=",
      "RequestMethod": "GET",
      "RequestHeaders": {
        "Accept": "application/json",
        "Authorization": "Sanitized",
        "Content-Length": "0",
        "Date": "Wed, 14 Jun 2023 23:38:22 GMT",
        "User-Agent": "azsdk-java-azure-containers-containerregistry/1.2.0-beta.1 (17.0.4; Windows 11; 10.0)",
        "x-ms-client-request-id": "84c7e2cd-3e2e-44f8-802c-45510966f1b0"
      },
      "RequestBody": null,
      "StatusCode": 200,
      "ResponseHeaders": {
        "Access-Control-Expose-Headers": [
          "Docker-Content-Digest",
          "WWW-Authenticate",
          "Link",
          "X-Ms-Correlation-Request-Id"
        ],
        "Connection": "keep-alive",
        "Content-Length": "1589",
        "Content-Type": "application/json; charset=utf-8",
        "Date": "Wed, 14 Jun 2023 23:38:24 GMT",
        "Docker-Distribution-Api-Version": "registry/2.0",
        "Link": "\u003C/acr/v1/library%2Fhello-world/_manifests?last=sha256%3A222fd58970d97d818081fee49fa57821d0acad88697639692e5cd0bd26f9f174\u0026n=2\u0026orderby=\u003E; rel=\u0022next\u0022",
        "Server": "openresty",
        "Strict-Transport-Security": [
          "max-age=31536000; includeSubDomains",
          "max-age=31536000; includeSubDomains"
        ],
        "X-Content-Type-Options": "nosniff",
        "X-Ms-Correlation-Request-Id": "d92769c7-b576-4aa8-9938-320fb224c0c8"
      },
      "ResponseBody": {
        "registry": "limolkovaacr.azurecr.io",
        "imageName": "library/hello-world",
        "manifests": [
          {
            "digest": "sha256:084c3bdd1271adc754e2c5f6ba7046f1a2c099597dbd9643592fa8eb99981402",
            "imageSize": 5666,
            "createdTime": "2023-05-04T04:21:05.9787962Z",
            "lastUpdateTime": "2023-05-04T04:21:05.9787962Z",
            "architecture": "arm",
            "os": "linux",
            "mediaType": "application/vnd.docker.distribution.manifest.v2\u002Bjson",
            "changeableAttributes": {
              "deleteEnabled": true,
              "writeEnabled": true,
              "readEnabled": true,
              "listEnabled": true,
              "quarantineDetails": "{\u0022state\u0022:\u0022Scan InProgress\u0022,\u0022link\u0022:\u0022https://aka.ms/test\u0022,\u0022scanner\u0022:\u0022Azure Security Monitoring-Qualys Scanner\u0022,\u0022result\u0022:{\u0022version\u0022:\u00226/14/2023 11:37:36 PM\u0022,\u0022summary\u0022:[{\u0022severity\u0022:\u0022High\u0022,\u0022count\u0022:0},{\u0022severity\u0022:\u0022Medium\u0022,\u0022count\u0022:0},{\u0022severity\u0022:\u0022Low\u0022,\u0022count\u0022:0}]}}",
              "quarantineState": "Passed"
            }
          },
          {
            "digest": "sha256:222fd58970d97d818081fee49fa57821d0acad88697639692e5cd0bd26f9f174",
            "imageSize": 106689854,
            "createdTime": "2023-03-16T03:17:57.2668497Z",
            "lastUpdateTime": "2023-03-16T03:17:57.2668497Z",
            "architecture": "amd64",
            "os": "windows",
            "mediaType": "application/vnd.docker.distribution.manifest.v2\u002Bjson",
            "changeableAttributes": {
              "deleteEnabled": true,
              "writeEnabled": true,
              "readEnabled": true,
              "listEnabled": true,
              "quarantineDetails": "{\u0022state\u0022:\u0022Scan Passed\u0022,\u0022link\u0022:\u0022https://aka.ms/test\u0022,\u0022scanner\u0022:\u0022Azure Security Monitoring-Qualys Scanner\u0022,\u0022result\u0022:{\u0022version\u0022:\u00222023-04-11T15:47:47.0721293Z\u0022,\u0022summary\u0022:[{\u0022severity\u0022:\u0022High\u0022,\u0022count\u0022:0},{\u0022severity\u0022:\u0022Medium\u0022,\u0022count\u0022:0},{\u0022severity\u0022:\u0022Low\u0022,\u0022count\u0022:0}]}}",
              "quarantineState": "Passed"
            }
          }
        ]
      }
    },
    {
      "RequestUri": "https://REDACTED/acr/v1/library%2Fhello-world/_manifests?last=sha256%3A222fd58970d97d818081fee49fa57821d0acad88697639692e5cd0bd26f9f174\u0026n=2\u0026orderby=",
      "RequestMethod": "GET",
      "RequestHeaders": {
        "Accept": "application/json",
        "Authorization": "Sanitized",
        "Content-Length": "0",
        "Date": "Wed, 14 Jun 2023 23:38:22 GMT",
        "User-Agent": "azsdk-java-azure-containers-containerregistry/1.2.0-beta.1 (17.0.4; Windows 11; 10.0)",
        "x-ms-client-request-id": "6f28fb56-b516-401a-b38c-d980902b33a1"
      },
      "RequestBody": null,
      "StatusCode": 200,
      "ResponseHeaders": {
        "Access-Control-Expose-Headers": [
          "Docker-Content-Digest",
          "WWW-Authenticate",
          "Link",
          "X-Ms-Correlation-Request-Id"
        ],
        "Connection": "keep-alive",
        "Content-Length": "1592",
        "Content-Type": "application/json; charset=utf-8",
        "Date": "Wed, 14 Jun 2023 23:38:24 GMT",
        "Docker-Distribution-Api-Version": "registry/2.0",
        "Link": "\u003C/acr/v1/library%2Fhello-world/_manifests?last=sha256%3A3522a799ae11b49426f6a60b3fcf3d249f21fbd3dc1dd346d8a49fe4f028b668\u0026n=2\u0026orderby=\u003E; rel=\u0022next\u0022",
        "Server": "openresty",
        "Strict-Transport-Security": [
          "max-age=31536000; includeSubDomains",
          "max-age=31536000; includeSubDomains"
        ],
        "X-Content-Type-Options": "nosniff",
        "X-Ms-Correlation-Request-Id": "acfcb197-f13d-4020-a16f-fa625304cd19"
      },
      "ResponseBody": {
        "registry": "limolkovaacr.azurecr.io",
        "imageName": "library/hello-world",
        "manifests": [
          {
            "digest": "sha256:3209b9aec056b296ea55b2af7757d078bf92e55a3ea29c5fdef5c785bcef09c4",
            "imageSize": 5923,
            "createdTime": "2023-03-15T02:42:24.9488419Z",
            "lastUpdateTime": "2023-03-15T02:42:24.9488419Z",
            "architecture": "ppc64le",
            "os": "linux",
            "mediaType": "application/vnd.docker.distribution.manifest.v2\u002Bjson",
            "changeableAttributes": {
              "deleteEnabled": true,
              "writeEnabled": true,
              "readEnabled": true,
              "listEnabled": true,
              "quarantineDetails": "{\u0022state\u0022:\u0022Scan InProgress\u0022,\u0022link\u0022:\u0022https://aka.ms/test\u0022,\u0022scanner\u0022:\u0022Azure Security Monitoring-Qualys Scanner\u0022,\u0022result\u0022:{\u0022version\u0022:\u00225/4/2023 10:04:37 PM\u0022,\u0022summary\u0022:[{\u0022severity\u0022:\u0022High\u0022,\u0022count\u0022:0},{\u0022severity\u0022:\u0022Medium\u0022,\u0022count\u0022:0},{\u0022severity\u0022:\u0022Low\u0022,\u0022count\u0022:0}]}}",
              "quarantineState": "Passed"
            }
          },
          {
            "digest": "sha256:3522a799ae11b49426f6a60b3fcf3d249f21fbd3dc1dd346d8a49fe4f028b668",
            "imageSize": 104389671,
            "createdTime": "2023-05-17T22:25:16.5419825Z",
            "lastUpdateTime": "2023-05-17T22:25:16.5419825Z",
            "architecture": "amd64",
            "os": "windows",
            "mediaType": "application/vnd.docker.distribution.manifest.v2\u002Bjson",
            "changeableAttributes": {
              "deleteEnabled": true,
              "writeEnabled": true,
              "readEnabled": true,
              "listEnabled": true,
              "quarantineDetails": "{\u0022state\u0022:\u0022Scan Passed\u0022,\u0022link\u0022:\u0022https://aka.ms/test\u0022,\u0022scanner\u0022:\u0022Azure Security Monitoring-Qualys Scanner\u0022,\u0022result\u0022:{\u0022version\u0022:\u00222023-06-02T02:40:31.8711701Z\u0022,\u0022summary\u0022:[{\u0022severity\u0022:\u0022High\u0022,\u0022count\u0022:1},{\u0022severity\u0022:\u0022Medium\u0022,\u0022count\u0022:0},{\u0022severity\u0022:\u0022Low\u0022,\u0022count\u0022:0}]}}",
              "quarantineState": "Passed"
            }
          }
        ]
      }
    },
    {
      "RequestUri": "https://REDACTED/acr/v1/library%2Fhello-world/_manifests?last=sha256%3A3522a799ae11b49426f6a60b3fcf3d249f21fbd3dc1dd346d8a49fe4f028b668\u0026n=2\u0026orderby=",
      "RequestMethod": "GET",
      "RequestHeaders": {
        "Accept": "application/json",
        "Authorization": "Sanitized",
        "Content-Length": "0",
        "Date": "Wed, 14 Jun 2023 23:38:22 GMT",
        "User-Agent": "azsdk-java-azure-containers-containerregistry/1.2.0-beta.1 (17.0.4; Windows 11; 10.0)",
        "x-ms-client-request-id": "b9a67f90-9d92-464e-93e4-2a6ace06d8a6"
      },
      "RequestBody": null,
      "StatusCode": 200,
      "ResponseHeaders": {
        "Access-Control-Expose-Headers": [
          "Docker-Content-Digest",
          "WWW-Authenticate",
          "Link",
          "X-Ms-Correlation-Request-Id"
        ],
        "Connection": "keep-alive",
        "Content-Length": "1571",
        "Content-Type": "application/json; charset=utf-8",
        "Date": "Wed, 14 Jun 2023 23:38:24 GMT",
        "Docker-Distribution-Api-Version": "registry/2.0",
        "Link": "\u003C/acr/v1/library%2Fhello-world/_manifests?last=sha256%3A432f982638b3aefab73cc58ab28f5c16e96fdb504e8c134fc58dff4bae8bf338\u0026n=2\u0026orderby=\u003E; rel=\u0022next\u0022",
        "Server": "openresty",
        "Strict-Transport-Security": [
          "max-age=31536000; includeSubDomains",
          "max-age=31536000; includeSubDomains"
        ],
        "X-Content-Type-Options": "nosniff",
        "X-Ms-Correlation-Request-Id": "c3eddd03-635d-425d-a0ae-7d04c18a0f68"
      },
      "ResponseBody": {
        "registry": "limolkovaacr.azurecr.io",
        "imageName": "library/hello-world",
        "manifests": [
          {
            "digest": "sha256:40d0cfd0861719208ff9f7747ab3f97844eeca509df705db44a736df863b76af",
            "imageSize": 5001,
            "createdTime": "2023-01-30T17:44:40.8730362Z",
            "lastUpdateTime": "2023-01-30T17:44:40.8730362Z",
            "architecture": "arm",
            "os": "linux",
            "mediaType": "application/vnd.docker.distribution.manifest.v2\u002Bjson",
            "changeableAttributes": {
              "deleteEnabled": true,
              "writeEnabled": true,
              "readEnabled": true,
              "listEnabled": true,
              "quarantineDetails": "{\u0022state\u0022:\u0022Scan Failed\u0022,\u0022link\u0022:\u0022https://aka.ms/test\u0022,\u0022scanner\u0022:\u0022Azure Security Monitoring-Qualys Scanner\u0022,\u0022result\u0022:{\u0022version\u0022:\u00225/4/2023 5:34:30 AM\u0022,\u0022summary\u0022:[{\u0022severity\u0022:\u0022High\u0022,\u0022count\u0022:0},{\u0022severity\u0022:\u0022Medium\u0022,\u0022count\u0022:0},{\u0022severity\u0022:\u0022Low\u0022,\u0022count\u0022:0}]}}",
              "quarantineState": "Passed"
            }
          },
          {
            "digest": "sha256:432f982638b3aefab73cc58ab28f5c16e96fdb504e8c134fc58dff4bae8bf338",
            "imageSize": 5218,
            "createdTime": "2023-01-30T17:44:40.9407415Z",
            "lastUpdateTime": "2023-01-30T17:44:40.9407415Z",
            "architecture": "arm64",
            "os": "linux",
            "mediaType": "application/vnd.docker.distribution.manifest.v2\u002Bjson",
            "changeableAttributes": {
              "deleteEnabled": true,
              "writeEnabled": true,
              "readEnabled": true,
              "listEnabled": true,
              "quarantineDetails": "{\u0022state\u0022:\u0022Scan InProgress\u0022,\u0022link\u0022:\u0022https://aka.ms/test\u0022,\u0022scanner\u0022:\u0022Azure Security Monitoring-Qualys Scanner\u0022,\u0022result\u0022:{\u0022version\u0022:\u00225/4/2023 5:34:30 AM\u0022,\u0022summary\u0022:[{\u0022severity\u0022:\u0022High\u0022,\u0022count\u0022:0},{\u0022severity\u0022:\u0022Medium\u0022,\u0022count\u0022:0},{\u0022severity\u0022:\u0022Low\u0022,\u0022count\u0022:0}]}}",
              "quarantineState": "Passed"
            }
          }
        ]
      }
    },
    {
      "RequestUri": "https://REDACTED/acr/v1/library%2Fhello-world/_manifests?last=sha256%3A432f982638b3aefab73cc58ab28f5c16e96fdb504e8c134fc58dff4bae8bf338\u0026n=2\u0026orderby=",
      "RequestMethod": "GET",
      "RequestHeaders": {
        "Accept": "application/json",
        "Authorization": "Sanitized",
        "Content-Length": "0",
        "Date": "Wed, 14 Jun 2023 23:38:22 GMT",
        "User-Agent": "azsdk-java-azure-containers-containerregistry/1.2.0-beta.1 (17.0.4; Windows 11; 10.0)",
        "x-ms-client-request-id": "f55e7d60-879a-47f1-b8c9-a73bdae137f7"
      },
      "RequestBody": null,
      "StatusCode": 200,
      "ResponseHeaders": {
        "Access-Control-Expose-Headers": [
          "Docker-Content-Digest",
          "WWW-Authenticate",
          "Link",
          "X-Ms-Correlation-Request-Id"
        ],
        "Connection": "keep-alive",
        "Content-Length": "1549",
        "Content-Type": "application/json; charset=utf-8",
        "Date": "Wed, 14 Jun 2023 23:38:24 GMT",
        "Docker-Distribution-Api-Version": "registry/2.0",
        "Link": "\u003C/acr/v1/library%2Fhello-world/_manifests?last=sha256%3A574efe68740d3bee2ef780036aee2e2da5cf7097ac06513f9f01f41e03365399\u0026n=2\u0026orderby=\u003E; rel=\u0022next\u0022",
        "Server": "openresty",
        "Strict-Transport-Security": [
          "max-age=31536000; includeSubDomains",
          "max-age=31536000; includeSubDomains"
        ],
        "X-Content-Type-Options": "nosniff",
        "X-Ms-Correlation-Request-Id": "cfadd95f-f0e8-48a4-ad26-1145e3d10c37"
      },
      "ResponseBody": {
        "registry": "limolkovaacr.azurecr.io",
        "imageName": "library/hello-world",
        "manifests": [
          {
            "digest": "sha256:4e83453afed1b4fa1a3500525091dbfca6ce1e66903fd4c01ff015dbcb1ba33e",
            "imageSize": 229179042,
            "createdTime": "2023-04-17T20:53:53.0440199Z",
            "lastUpdateTime": "2023-04-17T20:53:53.0440199Z",
            "mediaType": "application/vnd.docker.distribution.manifest.list.v2\u002Bjson",
            "changeableAttributes": {
              "deleteEnabled": true,
              "writeEnabled": true,
              "readEnabled": true,
              "listEnabled": true,
              "quarantineDetails": "{\u0022state\u0022:\u0022Scan Failed\u0022,\u0022link\u0022:\u0022https://aka.ms/test\u0022,\u0022scanner\u0022:\u0022Azure Security Monitoring-Qualys Scanner\u0022,\u0022result\u0022:{\u0022version\u0022:\u00226/1/2023 1:05:57 AM\u0022,\u0022summary\u0022:[{\u0022severity\u0022:\u0022High\u0022,\u0022count\u0022:0},{\u0022severity\u0022:\u0022Medium\u0022,\u0022count\u0022:0},{\u0022severity\u0022:\u0022Low\u0022,\u0022count\u0022:0}]}}",
              "quarantineState": "Passed"
            }
          },
          {
            "digest": "sha256:574efe68740d3bee2ef780036aee2e2da5cf7097ac06513f9f01f41e03365399",
            "imageSize": 5260,
            "createdTime": "2023-05-09T00:32:27.3861472Z",
            "lastUpdateTime": "2023-05-09T00:32:27.3861472Z",
            "architecture": "s390x",
            "os": "linux",
            "mediaType": "application/vnd.docker.distribution.manifest.v2\u002Bjson",
            "changeableAttributes": {
              "deleteEnabled": true,
              "writeEnabled": true,
              "readEnabled": true,
              "listEnabled": true,
              "quarantineDetails": "{\u0022state\u0022:\u0022Scan InProgress\u0022,\u0022link\u0022:\u0022https://aka.ms/test\u0022,\u0022scanner\u0022:\u0022Azure Security Monitoring-Qualys Scanner\u0022,\u0022result\u0022:{\u0022version\u0022:\u00226/14/2023 11:37:38 PM\u0022,\u0022summary\u0022:[{\u0022severity\u0022:\u0022High\u0022,\u0022count\u0022:0},{\u0022severity\u0022:\u0022Medium\u0022,\u0022count\u0022:0},{\u0022severity\u0022:\u0022Low\u0022,\u0022count\u0022:0}]}}",
              "quarantineState": "Passed"
            }
          }
        ]
      }
    },
    {
      "RequestUri": "https://REDACTED/acr/v1/library%2Fhello-world/_manifests?last=sha256%3A574efe68740d3bee2ef780036aee2e2da5cf7097ac06513f9f01f41e03365399\u0026n=2\u0026orderby=",
      "RequestMethod": "GET",
      "RequestHeaders": {
        "Accept": "application/json",
        "Authorization": "Sanitized",
        "Content-Length": "0",
        "Date": "Wed, 14 Jun 2023 23:38:22 GMT",
        "User-Agent": "azsdk-java-azure-containers-containerregistry/1.2.0-beta.1 (17.0.4; Windows 11; 10.0)",
        "x-ms-client-request-id": "abda6228-02d0-47d5-b215-48c9311a325f"
      },
      "RequestBody": null,
      "StatusCode": 200,
      "ResponseHeaders": {
        "Access-Control-Expose-Headers": [
          "Docker-Content-Digest",
          "WWW-Authenticate",
          "Link",
          "X-Ms-Correlation-Request-Id"
        ],
        "Connection": "keep-alive",
        "Content-Length": "1198",
        "Content-Type": "application/json; charset=utf-8",
        "Date": "Wed, 14 Jun 2023 23:38:25 GMT",
        "Docker-Distribution-Api-Version": "registry/2.0",
        "Link": "\u003C/acr/v1/library%2Fhello-world/_manifests?last=sha256%3A5e022189f7e57e0b8b59d87a7c8d448eef7fc7a94418395ca8f0ffbed1d4cb84\u0026n=2\u0026orderby=\u003E; rel=\u0022next\u0022",
        "Server": "openresty",
        "Strict-Transport-Security": [
          "max-age=31536000; includeSubDomains",
          "max-age=31536000; includeSubDomains"
        ],
        "X-Content-Type-Options": "nosniff",
        "X-Ms-Correlation-Request-Id": "8005ee71-939b-4c9c-a08b-82e20e6a923d"
      },
      "ResponseBody": {
        "registry": "limolkovaacr.azurecr.io",
        "imageName": "library/hello-world",
        "manifests": [
          {
            "digest": "sha256:5a68d6d4e86b52b9bacc57847167c33a9c90f54924d2538ef2a75281c94a7bcc",
            "imageSize": 0,
            "createdTime": "2023-03-16T21:44:54.295038Z",
            "lastUpdateTime": "2023-03-16T21:44:54.295038Z",
            "mediaType": "application/vnd.oci.artifact.manifest.v1\u002Bjson",
            "changeableAttributes": {
              "deleteEnabled": true,
              "writeEnabled": true,
              "readEnabled": true,
              "listEnabled": true
            }
          },
          {
            "digest": "sha256:5e022189f7e57e0b8b59d87a7c8d448eef7fc7a94418395ca8f0ffbed1d4cb84",
            "imageSize": 122334473,
            "createdTime": "2023-04-17T20:53:59.8769722Z",
            "lastUpdateTime": "2023-04-17T20:53:59.8769722Z",
            "architecture": "amd64",
            "os": "windows",
            "mediaType": "application/vnd.docker.distribution.manifest.v2\u002Bjson",
            "changeableAttributes": {
              "deleteEnabled": true,
              "writeEnabled": true,
              "readEnabled": true,
              "listEnabled": true,
              "quarantineDetails": "{\u0022state\u0022:\u0022Scan Passed\u0022,\u0022link\u0022:\u0022https://aka.ms/test\u0022,\u0022scanner\u0022:\u0022Azure Security Monitoring-Qualys Scanner\u0022,\u0022result\u0022:{\u0022version\u0022:\u00222023-05-05T16:52:40.4829241Z\u0022,\u0022summary\u0022:[{\u0022severity\u0022:\u0022High\u0022,\u0022count\u0022:1},{\u0022severity\u0022:\u0022Medium\u0022,\u0022count\u0022:0},{\u0022severity\u0022:\u0022Low\u0022,\u0022count\u0022:0}]}}",
              "quarantineState": "Passed"
            }
          }
        ]
      }
    },
    {
      "RequestUri": "https://REDACTED/acr/v1/library%2Fhello-world/_manifests?last=sha256%3A5e022189f7e57e0b8b59d87a7c8d448eef7fc7a94418395ca8f0ffbed1d4cb84\u0026n=2\u0026orderby=",
      "RequestMethod": "GET",
      "RequestHeaders": {
        "Accept": "application/json",
        "Authorization": "Sanitized",
        "Content-Length": "0",
        "Date": "Wed, 14 Jun 2023 23:38:23 GMT",
        "User-Agent": "azsdk-java-azure-containers-containerregistry/1.2.0-beta.1 (17.0.4; Windows 11; 10.0)",
        "x-ms-client-request-id": "bb3fb699-ec3d-4366-9994-01c1067889cd"
      },
      "RequestBody": null,
      "StatusCode": 200,
      "ResponseHeaders": {
        "Access-Control-Expose-Headers": [
          "Docker-Content-Digest",
          "WWW-Authenticate",
          "Link",
          "X-Ms-Correlation-Request-Id"
        ],
        "Connection": "keep-alive",
        "Content-Length": "1543",
        "Content-Type": "application/json; charset=utf-8",
        "Date": "Wed, 14 Jun 2023 23:38:25 GMT",
        "Docker-Distribution-Api-Version": "registry/2.0",
        "Link": "\u003C/acr/v1/library%2Fhello-world/_manifests?last=sha256%3A63421b18c1443a9a85139225293fae7541fb40b7832d9deff80b6a9a75ce3604\u0026n=2\u0026orderby=\u003E; rel=\u0022next\u0022",
        "Server": "openresty",
        "Strict-Transport-Security": [
          "max-age=31536000; includeSubDomains",
          "max-age=31536000; includeSubDomains"
        ],
        "X-Content-Type-Options": "nosniff",
        "X-Ms-Correlation-Request-Id": "f9e0ca52-0e18-4380-ade3-9020a099918c"
      },
      "ResponseBody": {
        "registry": "limolkovaacr.azurecr.io",
        "imageName": "library/hello-world",
        "manifests": [
          {
            "digest": "sha256:6253ef1af25aabd67777a01c686e7c69ee612961db34c8b90da079e5473be83b",
            "imageSize": 5690,
            "createdTime": "2023-03-15T02:42:24.0012757Z",
            "lastUpdateTime": "2023-03-15T02:42:24.0012757Z",
            "architecture": "arm",
            "os": "linux",
            "mediaType": "application/vnd.docker.distribution.manifest.v2\u002Bjson",
            "changeableAttributes": {
              "deleteEnabled": true,
              "writeEnabled": true,
              "readEnabled": true,
              "listEnabled": true,
              "quarantineDetails": "{\u0022state\u0022:\u0022Scan Failed\u0022,\u0022link\u0022:\u0022https://aka.ms/test\u0022,\u0022scanner\u0022:\u0022Azure Security Monitoring-Qualys Scanner\u0022,\u0022result\u0022:{\u0022version\u0022:\u00225/1/2023 9:37:49 PM\u0022,\u0022summary\u0022:[{\u0022severity\u0022:\u0022High\u0022,\u0022count\u0022:0},{\u0022severity\u0022:\u0022Medium\u0022,\u0022count\u0022:0},{\u0022severity\u0022:\u0022Low\u0022,\u0022count\u0022:0}]}}",
              "quarantineState": "Passed"
            }
          },
          {
            "digest": "sha256:63421b18c1443a9a85139225293fae7541fb40b7832d9deff80b6a9a75ce3604",
            "imageSize": 228854995,
            "createdTime": "2023-03-15T02:42:24.8252355Z",
            "lastUpdateTime": "2023-03-15T02:42:24.8252355Z",
            "mediaType": "application/vnd.docker.distribution.manifest.list.v2\u002Bjson",
            "changeableAttributes": {
              "deleteEnabled": true,
              "writeEnabled": true,
              "readEnabled": true,
              "listEnabled": true,
              "quarantineDetails": "{\u0022state\u0022:\u0022Scan Failed\u0022,\u0022link\u0022:\u0022https://aka.ms/test\u0022,\u0022scanner\u0022:\u0022Azure Security Monitoring-Qualys Scanner\u0022,\u0022result\u0022:{\u0022version\u0022:\u00224/24/2023 11:01:58 AM\u0022,\u0022summary\u0022:[{\u0022severity\u0022:\u0022High\u0022,\u0022count\u0022:0},{\u0022severity\u0022:\u0022Medium\u0022,\u0022count\u0022:0},{\u0022severity\u0022:\u0022Low\u0022,\u0022count\u0022:0}]}}",
              "quarantineState": "Passed"
            }
          }
        ]
      }
    },
    {
      "RequestUri": "https://REDACTED/acr/v1/library%2Fhello-world/_manifests?last=sha256%3A63421b18c1443a9a85139225293fae7541fb40b7832d9deff80b6a9a75ce3604\u0026n=2\u0026orderby=",
      "RequestMethod": "GET",
      "RequestHeaders": {
        "Accept": "application/json",
        "Authorization": "Sanitized",
        "Content-Length": "0",
        "Date": "Wed, 14 Jun 2023 23:38:23 GMT",
        "User-Agent": "azsdk-java-azure-containers-containerregistry/1.2.0-beta.1 (17.0.4; Windows 11; 10.0)",
        "x-ms-client-request-id": "ef7890a7-76e5-4593-b862-4cc55b86e15f"
      },
      "RequestBody": null,
      "StatusCode": 200,
      "ResponseHeaders": {
        "Access-Control-Expose-Headers": [
          "Docker-Content-Digest",
          "WWW-Authenticate",
          "Link",
          "X-Ms-Correlation-Request-Id"
        ],
        "Connection": "keep-alive",
        "Content-Length": "1556",
        "Content-Type": "application/json; charset=utf-8",
        "Date": "Wed, 14 Jun 2023 23:38:25 GMT",
        "Docker-Distribution-Api-Version": "registry/2.0",
        "Link": "\u003C/acr/v1/library%2Fhello-world/_manifests?last=sha256%3A6e8b6f026e0b9c419ea0fd02d3905dd0952ad1feea67543f525c73a0a790fefb\u0026n=2\u0026orderby=\u003E; rel=\u0022next\u0022",
        "Server": "openresty",
        "Strict-Transport-Security": [
          "max-age=31536000; includeSubDomains",
          "max-age=31536000; includeSubDomains"
        ],
        "X-Content-Type-Options": "nosniff",
        "X-Ms-Correlation-Request-Id": "e74d14c0-f472-4589-9a2d-5079a0fbb759"
      },
      "ResponseBody": {
        "registry": "limolkovaacr.azurecr.io",
        "imageName": "library/hello-world",
        "manifests": [
          {
            "digest": "sha256:660408e6ce09363b7dc1a30b210e1888bfa4ff7342e7d69e87463d184dc0cbad",
            "imageSize": 122124580,
            "createdTime": "2023-02-17T02:13:11.577232Z",
            "lastUpdateTime": "2023-02-17T02:13:11.577232Z",
            "architecture": "amd64",
            "os": "windows",
            "mediaType": "application/vnd.docker.distribution.manifest.v2\u002Bjson",
            "changeableAttributes": {
              "deleteEnabled": true,
              "writeEnabled": true,
              "readEnabled": true,
              "listEnabled": true,
              "quarantineDetails": "{\u0022state\u0022:\u0022Scan InProgress\u0022,\u0022link\u0022:\u0022https://aka.ms/test\u0022,\u0022scanner\u0022:\u0022Azure Security Monitoring-Qualys Scanner\u0022,\u0022result\u0022:{\u0022version\u0022:\u00223/19/2023 12:08:13 PM\u0022,\u0022summary\u0022:[{\u0022severity\u0022:\u0022High\u0022,\u0022count\u0022:0},{\u0022severity\u0022:\u0022Medium\u0022,\u0022count\u0022:0},{\u0022severity\u0022:\u0022Low\u0022,\u0022count\u0022:0}]}}",
              "quarantineState": "Passed"
            }
          },
          {
            "digest": "sha256:6e8b6f026e0b9c419ea0fd02d3905dd0952ad1feea67543f525c73a0a790fefb",
            "imageSize": 228854998,
            "createdTime": "2023-02-17T02:13:03.3899403Z",
            "lastUpdateTime": "2023-02-17T02:13:03.3899403Z",
            "mediaType": "application/vnd.docker.distribution.manifest.list.v2\u002Bjson",
            "changeableAttributes": {
              "deleteEnabled": true,
              "writeEnabled": true,
              "readEnabled": true,
              "listEnabled": true,
              "quarantineDetails": "{\u0022state\u0022:\u0022Scan Failed\u0022,\u0022link\u0022:\u0022https://aka.ms/test\u0022,\u0022scanner\u0022:\u0022Azure Security Monitoring-Qualys Scanner\u0022,\u0022result\u0022:{\u0022version\u0022:\u00224/22/2023 12:18:15 AM\u0022,\u0022summary\u0022:[{\u0022severity\u0022:\u0022High\u0022,\u0022count\u0022:0},{\u0022severity\u0022:\u0022Medium\u0022,\u0022count\u0022:0},{\u0022severity\u0022:\u0022Low\u0022,\u0022count\u0022:0}]}}",
              "quarantineState": "Passed"
            }
          }
        ]
      }
    },
    {
      "RequestUri": "https://REDACTED/acr/v1/library%2Fhello-world/_manifests?last=sha256%3A6e8b6f026e0b9c419ea0fd02d3905dd0952ad1feea67543f525c73a0a790fefb\u0026n=2\u0026orderby=",
      "RequestMethod": "GET",
      "RequestHeaders": {
        "Accept": "application/json",
        "Authorization": "Sanitized",
        "Content-Length": "0",
        "Date": "Wed, 14 Jun 2023 23:38:23 GMT",
        "User-Agent": "azsdk-java-azure-containers-containerregistry/1.2.0-beta.1 (17.0.4; Windows 11; 10.0)",
        "x-ms-client-request-id": "fd85f83c-1372-481b-bef6-446952452aac"
      },
      "RequestBody": null,
      "StatusCode": 200,
      "ResponseHeaders": {
        "Access-Control-Expose-Headers": [
          "Docker-Content-Digest",
          "WWW-Authenticate",
          "Link",
          "X-Ms-Correlation-Request-Id"
        ],
        "Connection": "keep-alive",
        "Content-Length": "1576",
        "Content-Type": "application/json; charset=utf-8",
        "Date": "Wed, 14 Jun 2023 23:38:25 GMT",
        "Docker-Distribution-Api-Version": "registry/2.0",
        "Link": "\u003C/acr/v1/library%2Fhello-world/_manifests?last=sha256%3A7b8b7289d0536a08eabdf71c20246e23f7116641db7e1d278592236ea4dcb30c\u0026n=2\u0026orderby=\u003E; rel=\u0022next\u0022",
        "Server": "openresty",
        "Strict-Transport-Security": [
          "max-age=31536000; includeSubDomains",
          "max-age=31536000; includeSubDomains"
        ],
        "X-Content-Type-Options": "nosniff",
        "X-Ms-Correlation-Request-Id": "ddec6c33-35a9-498f-8cdd-1e82c7e3de59"
      },
      "ResponseBody": {
        "registry": "limolkovaacr.azurecr.io",
        "imageName": "library/hello-world",
        "manifests": [
          {
            "digest": "sha256:72ba79e34f1baa40cd4d9ecd684b8389d0a1e18cf6e6d5c44c19716d25f65e20",
            "imageSize": 4973,
            "createdTime": "2023-05-04T04:21:05.8949419Z",
            "lastUpdateTime": "2023-05-04T04:21:05.8949419Z",
            "architecture": "riscv64",
            "os": "linux",
            "mediaType": "application/vnd.docker.distribution.manifest.v2\u002Bjson",
            "changeableAttributes": {
              "deleteEnabled": true,
              "writeEnabled": true,
              "readEnabled": true,
              "listEnabled": true,
              "quarantineDetails": "{\u0022state\u0022:\u0022Scan InProgress\u0022,\u0022link\u0022:\u0022https://aka.ms/test\u0022,\u0022scanner\u0022:\u0022Azure Security Monitoring-Qualys Scanner\u0022,\u0022result\u0022:{\u0022version\u0022:\u00226/14/2023 11:37:38 PM\u0022,\u0022summary\u0022:[{\u0022severity\u0022:\u0022High\u0022,\u0022count\u0022:0},{\u0022severity\u0022:\u0022Medium\u0022,\u0022count\u0022:0},{\u0022severity\u0022:\u0022Low\u0022,\u0022count\u0022:0}]}}",
              "quarantineState": "Passed"
            }
          },
          {
            "digest": "sha256:7b8b7289d0536a08eabdf71c20246e23f7116641db7e1d278592236ea4dcb30c",
            "imageSize": 5691,
            "createdTime": "2023-01-30T17:44:39.6327471Z",
            "lastUpdateTime": "2023-01-30T17:44:39.6327471Z",
            "architecture": "arm",
            "os": "linux",
            "mediaType": "application/vnd.docker.distribution.manifest.v2\u002Bjson",
            "changeableAttributes": {
              "deleteEnabled": true,
              "writeEnabled": true,
              "readEnabled": true,
              "listEnabled": true,
              "quarantineDetails": "{\u0022state\u0022:\u0022Scan Failed\u0022,\u0022link\u0022:\u0022https://aka.ms/test\u0022,\u0022scanner\u0022:\u0022Azure Security Monitoring-Qualys Scanner\u0022,\u0022result\u0022:{\u0022version\u0022:\u00223/14/2023 5:47:15 PM\u0022,\u0022summary\u0022:[{\u0022severity\u0022:\u0022High\u0022,\u0022count\u0022:0},{\u0022severity\u0022:\u0022Medium\u0022,\u0022count\u0022:0},{\u0022severity\u0022:\u0022Low\u0022,\u0022count\u0022:0}]}}",
              "quarantineState": "Passed"
            }
          }
        ]
      }
    },
    {
      "RequestUri": "https://REDACTED/acr/v1/library%2Fhello-world/_manifests?last=sha256%3A7b8b7289d0536a08eabdf71c20246e23f7116641db7e1d278592236ea4dcb30c\u0026n=2\u0026orderby=",
      "RequestMethod": "GET",
      "RequestHeaders": {
        "Accept": "application/json",
        "Authorization": "Sanitized",
        "Content-Length": "0",
        "Date": "Wed, 14 Jun 2023 23:38:23 GMT",
        "User-Agent": "azsdk-java-azure-containers-containerregistry/1.2.0-beta.1 (17.0.4; Windows 11; 10.0)",
        "x-ms-client-request-id": "59f25135-c287-472d-a418-0377aa20f50d"
      },
      "RequestBody": null,
      "StatusCode": 200,
      "ResponseHeaders": {
        "Access-Control-Expose-Headers": [
          "Docker-Content-Digest",
          "WWW-Authenticate",
          "Link",
          "X-Ms-Correlation-Request-Id"
        ],
        "Connection": "keep-alive",
        "Content-Length": "1591",
        "Content-Type": "application/json; charset=utf-8",
        "Date": "Wed, 14 Jun 2023 23:38:25 GMT",
        "Docker-Distribution-Api-Version": "registry/2.0",
        "Link": "\u003C/acr/v1/library%2Fhello-world/_manifests?last=sha256%3A85481f9fb05b83c912dfdec9cea6230f2df24e5dfde84a23def8915cec2519b5\u0026n=2\u0026orderby=\u003E; rel=\u0022next\u0022",
        "Server": "openresty",
        "Strict-Transport-Security": [
          "max-age=31536000; includeSubDomains",
          "max-age=31536000; includeSubDomains"
        ],
        "X-Content-Type-Options": "nosniff",
        "X-Ms-Correlation-Request-Id": "56d01806-009b-4192-a872-bcad1fed1177"
      },
      "ResponseBody": {
        "registry": "limolkovaacr.azurecr.io",
        "imageName": "library/hello-world",
        "manifests": [
          {
            "digest": "sha256:7e9b6e7ba2842c91cf49f3e214d04a7a496f8214356f41d81a6e6dcad11f11e3",
            "imageSize": 4452,
            "createdTime": "2023-05-04T18:34:47.1300774Z",
            "lastUpdateTime": "2023-05-04T18:34:47.1300774Z",
            "architecture": "amd64",
            "os": "linux",
            "mediaType": "application/vnd.docker.distribution.manifest.v2\u002Bjson",
            "changeableAttributes": {
              "deleteEnabled": true,
              "writeEnabled": true,
              "readEnabled": true,
              "listEnabled": true,
              "quarantineDetails": "{\u0022state\u0022:\u0022Scan InProgress\u0022,\u0022link\u0022:\u0022https://aka.ms/test\u0022,\u0022scanner\u0022:\u0022Azure Security Monitoring-Qualys Scanner\u0022,\u0022result\u0022:{\u0022version\u0022:\u00226/14/2023 11:37:37 PM\u0022,\u0022summary\u0022:[{\u0022severity\u0022:\u0022High\u0022,\u0022count\u0022:0},{\u0022severity\u0022:\u0022Medium\u0022,\u0022count\u0022:0},{\u0022severity\u0022:\u0022Low\u0022,\u0022count\u0022:0}]}}",
              "quarantineState": "Passed"
            }
          },
          {
            "digest": "sha256:85481f9fb05b83c912dfdec9cea6230f2df24e5dfde84a23def8915cec2519b5",
            "imageSize": 120007018,
            "createdTime": "2023-05-17T22:25:17.4834479Z",
            "lastUpdateTime": "2023-05-17T22:25:17.4834479Z",
            "architecture": "amd64",
            "os": "windows",
            "mediaType": "application/vnd.docker.distribution.manifest.v2\u002Bjson",
            "changeableAttributes": {
              "deleteEnabled": true,
              "writeEnabled": true,
              "readEnabled": true,
              "listEnabled": true,
              "quarantineDetails": "{\u0022state\u0022:\u0022Scan Passed\u0022,\u0022link\u0022:\u0022https://aka.ms/test\u0022,\u0022scanner\u0022:\u0022Azure Security Monitoring-Qualys Scanner\u0022,\u0022result\u0022:{\u0022version\u0022:\u00222023-06-02T02:40:31.8711701Z\u0022,\u0022summary\u0022:[{\u0022severity\u0022:\u0022High\u0022,\u0022count\u0022:1},{\u0022severity\u0022:\u0022Medium\u0022,\u0022count\u0022:0},{\u0022severity\u0022:\u0022Low\u0022,\u0022count\u0022:0}]}}",
              "quarantineState": "Passed"
            }
          }
        ]
      }
    },
    {
      "RequestUri": "https://REDACTED/acr/v1/library%2Fhello-world/_manifests?last=sha256%3A85481f9fb05b83c912dfdec9cea6230f2df24e5dfde84a23def8915cec2519b5\u0026n=2\u0026orderby=",
      "RequestMethod": "GET",
      "RequestHeaders": {
        "Accept": "application/json",
        "Authorization": "Sanitized",
        "Content-Length": "0",
        "Date": "Wed, 14 Jun 2023 23:38:23 GMT",
        "User-Agent": "azsdk-java-azure-containers-containerregistry/1.2.0-beta.1 (17.0.4; Windows 11; 10.0)",
        "x-ms-client-request-id": "f78cf379-7b87-4ddb-9159-63110c513ef7"
      },
      "RequestBody": null,
      "StatusCode": 200,
      "ResponseHeaders": {
        "Access-Control-Expose-Headers": [
          "Docker-Content-Digest",
          "WWW-Authenticate",
          "Link",
          "X-Ms-Correlation-Request-Id"
        ],
        "Connection": "keep-alive",
        "Content-Length": "1597",
        "Content-Type": "application/json; charset=utf-8",
        "Date": "Wed, 14 Jun 2023 23:38:25 GMT",
        "Docker-Distribution-Api-Version": "registry/2.0",
        "Link": "\u003C/acr/v1/library%2Fhello-world/_manifests?last=sha256%3A87b9ca29151260634b95efb84d43b05335dc3ed36cc132e2b920dd1955342d20\u0026n=2\u0026orderby=\u003E; rel=\u0022next\u0022",
        "Server": "openresty",
        "Strict-Transport-Security": [
          "max-age=31536000; includeSubDomains",
          "max-age=31536000; includeSubDomains"
        ],
        "X-Content-Type-Options": "nosniff",
        "X-Ms-Correlation-Request-Id": "63a5f23f-106e-4e53-8780-74b53ae5bf14"
      },
      "ResponseBody": {
        "registry": "limolkovaacr.azurecr.io",
        "imageName": "library/hello-world",
        "manifests": [
          {
            "digest": "sha256:85cb8a21bf48b235130639896249c369832588da34f8ae8c7f3995aa824be7d5",
            "imageSize": 122105243,
            "createdTime": "2023-01-30T17:44:40.9850695Z",
            "lastUpdateTime": "2023-01-30T17:44:40.9850695Z",
            "architecture": "amd64",
            "os": "windows",
            "mediaType": "application/vnd.docker.distribution.manifest.v2\u002Bjson",
            "changeableAttributes": {
              "deleteEnabled": true,
              "writeEnabled": true,
              "readEnabled": true,
              "listEnabled": true,
              "quarantineDetails": "{\u0022state\u0022:\u0022Scan InProgress\u0022,\u0022link\u0022:\u0022https://aka.ms/test\u0022,\u0022scanner\u0022:\u0022Azure Security Monitoring-Qualys Scanner\u0022,\u0022result\u0022:{\u0022version\u0022:\u00222/28/2023 9:54:32 PM\u0022,\u0022summary\u0022:[{\u0022severity\u0022:\u0022High\u0022,\u0022count\u0022:0},{\u0022severity\u0022:\u0022Medium\u0022,\u0022count\u0022:0},{\u0022severity\u0022:\u0022Low\u0022,\u0022count\u0022:0}]}}",
              "quarantineState": "Passed"
            }
          },
          {
            "digest": "sha256:87b9ca29151260634b95efb84d43b05335dc3ed36cc132e2b920dd1955342d20",
            "imageSize": 106671756,
            "createdTime": "2023-01-30T17:44:40.6348419Z",
            "lastUpdateTime": "2023-01-30T17:44:40.6348419Z",
            "architecture": "amd64",
            "os": "windows",
            "mediaType": "application/vnd.docker.distribution.manifest.v2\u002Bjson",
            "changeableAttributes": {
              "deleteEnabled": true,
              "writeEnabled": true,
              "readEnabled": true,
              "listEnabled": true,
              "quarantineDetails": "{\u0022state\u0022:\u0022Scan Passed\u0022,\u0022link\u0022:\u0022https://aka.ms/test\u0022,\u0022scanner\u0022:\u0022Azure Security Monitoring-Qualys Scanner\u0022,\u0022result\u0022:{\u0022version\u0022:\u00222023-02-25T00:13:48.9884180Z\u0022,\u0022summary\u0022:[{\u0022severity\u0022:\u0022High\u0022,\u0022count\u0022:0},{\u0022severity\u0022:\u0022Medium\u0022,\u0022count\u0022:0},{\u0022severity\u0022:\u0022Low\u0022,\u0022count\u0022:0}]}}",
              "quarantineState": "Passed"
            }
          }
        ]
      }
    },
    {
      "RequestUri": "https://REDACTED/acr/v1/library%2Fhello-world/_manifests?last=sha256%3A87b9ca29151260634b95efb84d43b05335dc3ed36cc132e2b920dd1955342d20\u0026n=2\u0026orderby=",
      "RequestMethod": "GET",
      "RequestHeaders": {
        "Accept": "application/json",
        "Authorization": "Sanitized",
        "Content-Length": "0",
        "Date": "Wed, 14 Jun 2023 23:38:23 GMT",
        "User-Agent": "azsdk-java-azure-containers-containerregistry/1.2.0-beta.1 (17.0.4; Windows 11; 10.0)",
        "x-ms-client-request-id": "52f8e0a2-50be-4743-a5ea-7ada30057732"
      },
      "RequestBody": null,
      "StatusCode": 200,
      "ResponseHeaders": {
        "Access-Control-Expose-Headers": [
          "Docker-Content-Digest",
          "WWW-Authenticate",
          "Link",
          "X-Ms-Correlation-Request-Id"
        ],
        "Connection": "keep-alive",
        "Content-Length": "1587",
        "Content-Type": "application/json; charset=utf-8",
        "Date": "Wed, 14 Jun 2023 23:38:25 GMT",
        "Docker-Distribution-Api-Version": "registry/2.0",
        "Link": "\u003C/acr/v1/library%2Fhello-world/_manifests?last=sha256%3A98c9722322be649df94780d3fbe594fce7996234b259f27eac9428b84050c849\u0026n=2\u0026orderby=\u003E; rel=\u0022next\u0022",
        "Server": "openresty",
        "Strict-Transport-Security": [
          "max-age=31536000; includeSubDomains",
          "max-age=31536000; includeSubDomains"
        ],
        "X-Content-Type-Options": "nosniff",
        "X-Ms-Correlation-Request-Id": "c7f4ac05-97c8-4f8a-8a35-6a65b6fbf0f3"
      },
      "ResponseBody": {
        "registry": "limolkovaacr.azurecr.io",
        "imageName": "library/hello-world",
        "manifests": [
          {
            "digest": "sha256:8ecc1906cb80f3250bc965d853a1d0ad964ab40d2ae929d0a8b9f04250d749b5",
            "imageSize": 106794618,
            "createdTime": "2023-04-17T20:53:58.8667526Z",
            "lastUpdateTime": "2023-04-17T20:53:58.8667526Z",
            "architecture": "amd64",
            "os": "windows",
            "mediaType": "application/vnd.docker.distribution.manifest.v2\u002Bjson",
            "changeableAttributes": {
              "deleteEnabled": true,
              "writeEnabled": true,
              "readEnabled": true,
              "listEnabled": true,
              "quarantineDetails": "{\u0022state\u0022:\u0022Scan Passed\u0022,\u0022link\u0022:\u0022https://aka.ms/test\u0022,\u0022scanner\u0022:\u0022Azure Security Monitoring-Qualys Scanner\u0022,\u0022result\u0022:{\u0022version\u0022:\u00222023-05-05T16:52:40.4829241Z\u0022,\u0022summary\u0022:[{\u0022severity\u0022:\u0022High\u0022,\u0022count\u0022:1},{\u0022severity\u0022:\u0022Medium\u0022,\u0022count\u0022:0},{\u0022severity\u0022:\u0022Low\u0022,\u0022count\u0022:0}]}}",
              "quarantineState": "Passed"
            }
          },
          {
            "digest": "sha256:98c9722322be649df94780d3fbe594fce7996234b259f27eac9428b84050c849",
            "imageSize": 4996,
            "createdTime": "2023-01-30T17:44:40.6737843Z",
            "lastUpdateTime": "2023-01-30T17:44:40.6737843Z",
            "architecture": "riscv64",
            "os": "linux",
            "mediaType": "application/vnd.docker.distribution.manifest.v2\u002Bjson",
            "changeableAttributes": {
              "deleteEnabled": true,
              "writeEnabled": true,
              "readEnabled": true,
              "listEnabled": true,
              "quarantineDetails": "{\u0022state\u0022:\u0022Scan Failed\u0022,\u0022link\u0022:\u0022https://aka.ms/test\u0022,\u0022scanner\u0022:\u0022Azure Security Monitoring-Qualys Scanner\u0022,\u0022result\u0022:{\u0022version\u0022:\u00225/1/2023 9:38:50 PM\u0022,\u0022summary\u0022:[{\u0022severity\u0022:\u0022High\u0022,\u0022count\u0022:0},{\u0022severity\u0022:\u0022Medium\u0022,\u0022count\u0022:0},{\u0022severity\u0022:\u0022Low\u0022,\u0022count\u0022:0}]}}",
              "quarantineState": "Passed"
            }
          }
        ]
      }
    },
    {
      "RequestUri": "https://REDACTED/acr/v1/library%2Fhello-world/_manifests?last=sha256%3A98c9722322be649df94780d3fbe594fce7996234b259f27eac9428b84050c849\u0026n=2\u0026orderby=",
      "RequestMethod": "GET",
      "RequestHeaders": {
        "Accept": "application/json",
        "Authorization": "Sanitized",
        "Content-Length": "0",
        "Date": "Wed, 14 Jun 2023 23:38:23 GMT",
        "User-Agent": "azsdk-java-azure-containers-containerregistry/1.2.0-beta.1 (17.0.4; Windows 11; 10.0)",
        "x-ms-client-request-id": "37262710-d13e-4752-8513-478a36404811"
      },
      "RequestBody": null,
      "StatusCode": 200,
      "ResponseHeaders": {
        "Access-Control-Expose-Headers": [
          "Docker-Content-Digest",
          "WWW-Authenticate",
          "Link",
          "X-Ms-Correlation-Request-Id"
        ],
        "Connection": "keep-alive",
        "Content-Length": "1540",
        "Content-Type": "application/json; charset=utf-8",
        "Date": "Wed, 14 Jun 2023 23:38:25 GMT",
        "Docker-Distribution-Api-Version": "registry/2.0",
        "Link": "\u003C/acr/v1/library%2Fhello-world/_manifests?last=sha256%3A9eabfcf6034695c4f6208296be9090b0a3487e20fb6a5cb056525242621cf73d\u0026n=2\u0026orderby=\u003E; rel=\u0022next\u0022",
        "Server": "openresty",
        "Strict-Transport-Security": [
          "max-age=31536000; includeSubDomains",
          "max-age=31536000; includeSubDomains"
        ],
        "X-Content-Type-Options": "nosniff",
        "X-Ms-Correlation-Request-Id": "8cbddede-ba38-4b42-a0c0-c85aa1b7e471"
      },
      "ResponseBody": {
        "registry": "limolkovaacr.azurecr.io",
        "imageName": "library/hello-world",
        "manifests": [
          {
            "digest": "sha256:995efde2e81b21d1ea7066aa77a59298a62a9e9fbb4b77f36c189774ec9b1089",
            "imageSize": 4729,
            "createdTime": "2023-01-30T17:44:39.8721049Z",
            "lastUpdateTime": "2023-01-30T17:44:39.8721049Z",
            "architecture": "386",
            "os": "linux",
            "mediaType": "application/vnd.docker.distribution.manifest.v2\u002Bjson",
            "changeableAttributes": {
              "deleteEnabled": true,
              "writeEnabled": true,
              "readEnabled": true,
              "listEnabled": true,
              "quarantineDetails": "{\u0022state\u0022:\u0022Scan Failed\u0022,\u0022link\u0022:\u0022https://aka.ms/test\u0022,\u0022scanner\u0022:\u0022Azure Security Monitoring-Qualys Scanner\u0022,\u0022result\u0022:{\u0022version\u0022:\u00225/4/2023 5:34:30 AM\u0022,\u0022summary\u0022:[{\u0022severity\u0022:\u0022High\u0022,\u0022count\u0022:0},{\u0022severity\u0022:\u0022Medium\u0022,\u0022count\u0022:0},{\u0022severity\u0022:\u0022Low\u0022,\u0022count\u0022:0}]}}",
              "quarantineState": "Passed"
            }
          },
          {
            "digest": "sha256:9eabfcf6034695c4f6208296be9090b0a3487e20fb6a5cb056525242621cf73d",
            "imageSize": 229178879,
            "createdTime": "2023-05-09T00:32:26.327083Z",
            "lastUpdateTime": "2023-05-09T00:32:26.327083Z",
            "mediaType": "application/vnd.docker.distribution.manifest.list.v2\u002Bjson",
            "changeableAttributes": {
              "deleteEnabled": true,
              "writeEnabled": true,
              "readEnabled": true,
              "listEnabled": true,
              "quarantineDetails": "{\u0022state\u0022:\u0022Scan Failed\u0022,\u0022link\u0022:\u0022https://aka.ms/test\u0022,\u0022scanner\u0022:\u0022Azure Security Monitoring-Qualys Scanner\u0022,\u0022result\u0022:{\u0022version\u0022:\u00226/9/2023 10:44:07 AM\u0022,\u0022summary\u0022:[{\u0022severity\u0022:\u0022High\u0022,\u0022count\u0022:0},{\u0022severity\u0022:\u0022Medium\u0022,\u0022count\u0022:0},{\u0022severity\u0022:\u0022Low\u0022,\u0022count\u0022:0}]}}",
              "quarantineState": "Passed"
            }
          }
        ]
      }
    },
    {
      "RequestUri": "https://REDACTED/acr/v1/library%2Fhello-world/_manifests?last=sha256%3A9eabfcf6034695c4f6208296be9090b0a3487e20fb6a5cb056525242621cf73d\u0026n=2\u0026orderby=",
      "RequestMethod": "GET",
      "RequestHeaders": {
        "Accept": "application/json",
        "Authorization": "Sanitized",
        "Content-Length": "0",
        "Date": "Wed, 14 Jun 2023 23:38:23 GMT",
        "User-Agent": "azsdk-java-azure-containers-containerregistry/1.2.0-beta.1 (17.0.4; Windows 11; 10.0)",
        "x-ms-client-request-id": "6a4f2a7c-de33-434d-8a23-3698b0d3aeb4"
      },
      "RequestBody": null,
      "StatusCode": 200,
      "ResponseHeaders": {
        "Access-Control-Expose-Headers": [
          "Docker-Content-Digest",
          "WWW-Authenticate",
          "Link",
          "X-Ms-Correlation-Request-Id"
        ],
        "Connection": "keep-alive",
        "Content-Length": "1547",
        "Content-Type": "application/json; charset=utf-8",
        "Date": "Wed, 14 Jun 2023 23:38:26 GMT",
        "Docker-Distribution-Api-Version": "registry/2.0",
        "Link": "\u003C/acr/v1/library%2Fhello-world/_manifests?last=sha256%3Aa0a386314d69d1514d7aa63d12532b284bf37bba15ed7b4fc1a3f86605f86c63\u0026n=2\u0026orderby=\u003E; rel=\u0022next\u0022",
        "Server": "openresty",
        "Strict-Transport-Security": [
          "max-age=31536000; includeSubDomains",
          "max-age=31536000; includeSubDomains"
        ],
        "X-Content-Type-Options": "nosniff",
        "X-Ms-Correlation-Request-Id": "c22d18c9-3c89-46fb-b7ca-86773c9d7760"
      },
      "ResponseBody": {
        "registry": "limolkovaacr.azurecr.io",
        "imageName": "library/hello-world",
        "manifests": [
          {
            "digest": "sha256:a018c0741483753da06f5994ee4b5fcdbbdb8c23ab9e8543009689745c175fd8",
            "imageSize": 229178894,
            "createdTime": "2023-05-04T18:34:46.7600923Z",
            "lastUpdateTime": "2023-05-04T18:34:46.7600923Z",
            "mediaType": "application/vnd.docker.distribution.manifest.list.v2\u002Bjson",
            "changeableAttributes": {
              "deleteEnabled": true,
              "writeEnabled": true,
              "readEnabled": true,
              "listEnabled": true,
              "quarantineDetails": "{\u0022state\u0022:\u0022Scan Failed\u0022,\u0022link\u0022:\u0022https://aka.ms/test\u0022,\u0022scanner\u0022:\u0022Azure Security Monitoring-Qualys Scanner\u0022,\u0022result\u0022:{\u0022version\u0022:\u00226/8/2023 8:10:59 PM\u0022,\u0022summary\u0022:[{\u0022severity\u0022:\u0022High\u0022,\u0022count\u0022:0},{\u0022severity\u0022:\u0022Medium\u0022,\u0022count\u0022:0},{\u0022severity\u0022:\u0022Low\u0022,\u0022count\u0022:0}]}}",
              "quarantineState": "Passed"
            }
          },
          {
            "digest": "sha256:a0a386314d69d1514d7aa63d12532b284bf37bba15ed7b4fc1a3f86605f86c63",
            "imageSize": 4986,
            "createdTime": "2023-05-04T18:34:46.9056186Z",
            "lastUpdateTime": "2023-05-04T18:34:46.9056186Z",
            "architecture": "arm",
            "os": "linux",
            "mediaType": "application/vnd.docker.distribution.manifest.v2\u002Bjson",
            "changeableAttributes": {
              "deleteEnabled": true,
              "writeEnabled": true,
              "readEnabled": true,
              "listEnabled": true,
              "quarantineDetails": "{\u0022state\u0022:\u0022Scan InProgress\u0022,\u0022link\u0022:\u0022https://aka.ms/test\u0022,\u0022scanner\u0022:\u0022Azure Security Monitoring-Qualys Scanner\u0022,\u0022result\u0022:{\u0022version\u0022:\u00226/14/2023 11:37:39 PM\u0022,\u0022summary\u0022:[{\u0022severity\u0022:\u0022High\u0022,\u0022count\u0022:0},{\u0022severity\u0022:\u0022Medium\u0022,\u0022count\u0022:0},{\u0022severity\u0022:\u0022Low\u0022,\u0022count\u0022:0}]}}",
              "quarantineState": "Passed"
            }
          }
        ]
      }
    },
    {
      "RequestUri": "https://REDACTED/acr/v1/library%2Fhello-world/_manifests?last=sha256%3Aa0a386314d69d1514d7aa63d12532b284bf37bba15ed7b4fc1a3f86605f86c63\u0026n=2\u0026orderby=",
      "RequestMethod": "GET",
      "RequestHeaders": {
        "Accept": "application/json",
        "Authorization": "Sanitized",
        "Content-Length": "0",
        "Date": "Wed, 14 Jun 2023 23:38:23 GMT",
        "User-Agent": "azsdk-java-azure-containers-containerregistry/1.2.0-beta.1 (17.0.4; Windows 11; 10.0)",
        "x-ms-client-request-id": "b64b70e3-f7a4-428c-8f14-14998b0636a3"
      },
      "RequestBody": null,
      "StatusCode": 200,
      "ResponseHeaders": {
        "Access-Control-Expose-Headers": [
          "Docker-Content-Digest",
          "WWW-Authenticate",
          "Link",
          "X-Ms-Correlation-Request-Id"
        ],
        "Connection": "keep-alive",
        "Content-Length": "1561",
        "Content-Type": "application/json; charset=utf-8",
        "Date": "Wed, 14 Jun 2023 23:38:26 GMT",
        "Docker-Distribution-Api-Version": "registry/2.0",
        "Link": "\u003C/acr/v1/library%2Fhello-world/_manifests?last=sha256%3Ab4aaa8a7d6bcaddce4de86d84fda8e8c47363583f273a792f5a21a71b4e80d15\u0026n=2\u0026orderby=\u003E; rel=\u0022next\u0022",
        "Server": "openresty",
        "Strict-Transport-Security": [
          "max-age=31536000; includeSubDomains",
          "max-age=31536000; includeSubDomains"
        ],
        "X-Content-Type-Options": "nosniff",
        "X-Ms-Correlation-Request-Id": "3cc05cd6-b8f7-4f7e-9f4f-ea1715921884"
      },
      "ResponseBody": {
        "registry": "limolkovaacr.azurecr.io",
        "imageName": "library/hello-world",
        "manifests": [
          {
            "digest": "sha256:aa0cc8055b82dc2509bed2e19b275c8f463506616377219d9642221ab53cf9fe",
            "imageSize": 228826953,
            "createdTime": "2023-01-30T17:44:39.8443205Z",
            "lastUpdateTime": "2023-01-30T17:44:39.8443205Z",
            "mediaType": "application/vnd.docker.distribution.manifest.list.v2\u002Bjson",
            "changeableAttributes": {
              "deleteEnabled": true,
              "writeEnabled": true,
              "readEnabled": true,
              "listEnabled": true,
              "quarantineDetails": "{\u0022state\u0022:\u0022Scan InProgress\u0022,\u0022link\u0022:\u0022https://aka.ms/test\u0022,\u0022scanner\u0022:\u0022Azure Security Monitoring-Qualys Scanner\u0022,\u0022result\u0022:{\u0022version\u0022:\u00223/25/2023 9:14:45 AM\u0022,\u0022summary\u0022:[{\u0022severity\u0022:\u0022High\u0022,\u0022count\u0022:0},{\u0022severity\u0022:\u0022Medium\u0022,\u0022count\u0022:0},{\u0022severity\u0022:\u0022Low\u0022,\u0022count\u0022:0}]}}",
              "quarantineState": "Passed"
            }
          },
          {
            "digest": "sha256:b4aaa8a7d6bcaddce4de86d84fda8e8c47363583f273a792f5a21a71b4e80d15",
            "imageSize": 120034213,
            "createdTime": "2023-06-14T23:37:42.5661395Z",
            "lastUpdateTime": "2023-06-14T23:37:42.5661395Z",
            "architecture": "amd64",
            "os": "windows",
            "mediaType": "application/vnd.docker.distribution.manifest.v2\u002Bjson",
            "changeableAttributes": {
              "deleteEnabled": true,
              "writeEnabled": true,
              "readEnabled": true,
              "listEnabled": true,
              "quarantineDetails": "{\u0022state\u0022:\u0022Scan InProgress\u0022,\u0022link\u0022:\u0022https://aka.ms/test\u0022,\u0022scanner\u0022:\u0022Azure Security Monitoring-Qualys Scanner\u0022,\u0022result\u0022:{\u0022version\u0022:\u00226/14/2023 11:37:43 PM\u0022,\u0022summary\u0022:[{\u0022severity\u0022:\u0022High\u0022,\u0022count\u0022:0},{\u0022severity\u0022:\u0022Medium\u0022,\u0022count\u0022:0},{\u0022severity\u0022:\u0022Low\u0022,\u0022count\u0022:0}]}}",
              "quarantineState": "Passed"
            }
          }
        ]
      }
    },
    {
      "RequestUri": "https://REDACTED/acr/v1/library%2Fhello-world/_manifests?last=sha256%3Ab4aaa8a7d6bcaddce4de86d84fda8e8c47363583f273a792f5a21a71b4e80d15\u0026n=2\u0026orderby=",
      "RequestMethod": "GET",
      "RequestHeaders": {
        "Accept": "application/json",
        "Authorization": "Sanitized",
        "Content-Length": "0",
        "Date": "Wed, 14 Jun 2023 23:38:24 GMT",
        "User-Agent": "azsdk-java-azure-containers-containerregistry/1.2.0-beta.1 (17.0.4; Windows 11; 10.0)",
        "x-ms-client-request-id": "6f0dbcf1-4190-40c2-b2e3-fc093514fde0"
      },
      "RequestBody": null,
      "StatusCode": 200,
      "ResponseHeaders": {
        "Access-Control-Expose-Headers": [
          "Docker-Content-Digest",
          "WWW-Authenticate",
          "Link",
          "X-Ms-Correlation-Request-Id"
        ],
        "Connection": "keep-alive",
        "Content-Length": "1249",
        "Content-Type": "application/json; charset=utf-8",
        "Date": "Wed, 14 Jun 2023 23:38:26 GMT",
        "Docker-Distribution-Api-Version": "registry/2.0",
        "Link": "\u003C/acr/v1/library%2Fhello-world/_manifests?last=sha256%3Ac2e23624975516c7e27b1b25be3682a8c6c4c0cea011b791ce98aa423b5040a0\u0026n=2\u0026orderby=\u003E; rel=\u0022next\u0022",
        "Server": "openresty",
        "Strict-Transport-Security": [
          "max-age=31536000; includeSubDomains",
          "max-age=31536000; includeSubDomains"
        ],
        "X-Content-Type-Options": "nosniff",
        "X-Ms-Correlation-Request-Id": "f7ade449-ec7f-4e8b-8f8f-71ed21cd5181"
      },
      "ResponseBody": {
        "registry": "limolkovaacr.azurecr.io",
        "imageName": "library/hello-world",
        "manifests": [
          {
            "digest": "sha256:b836bb24a270b9cc935962d8228517fde0f16990e88893d935efcb1b14c0017a",
            "imageSize": 5925,
            "createdTime": "2023-01-30T17:44:41.3291185Z",
            "lastUpdateTime": "2023-01-30T17:44:41.3291185Z",
            "architecture": "ppc64le",
            "os": "linux",
            "mediaType": "application/vnd.docker.distribution.manifest.v2\u002Bjson",
            "changeableAttributes": {
              "deleteEnabled": true,
              "writeEnabled": true,
              "readEnabled": true,
              "listEnabled": true,
              "quarantineDetails": "{\u0022state\u0022:\u0022Scan InProgress\u0022,\u0022link\u0022:\u0022https://aka.ms/test\u0022,\u0022scanner\u0022:\u0022Azure Security Monitoring-Qualys Scanner\u0022,\u0022result\u0022:{\u0022version\u0022:\u00223/14/2023 6:38:58 PM\u0022,\u0022summary\u0022:[{\u0022severity\u0022:\u0022High\u0022,\u0022count\u0022:0},{\u0022severity\u0022:\u0022Medium\u0022,\u0022count\u0022:0},{\u0022severity\u0022:\u0022Low\u0022,\u0022count\u0022:0}]}}",
              "quarantineState": "Passed"
            }
          },
          {
            "digest": "sha256:c2e23624975516c7e27b1b25be3682a8c6c4c0cea011b791ce98aa423b5040a0",
            "imageSize": 224487553,
            "createdTime": "2023-06-14T23:37:36.3371818Z",
            "lastUpdateTime": "2023-06-14T23:37:36.3371818Z",
            "mediaType": "application/vnd.docker.distribution.manifest.list.v2\u002Bjson",
            "tags": [
              "latest",
              "v1",
              "v2",
              "v3",
              "v4"
            ],
            "changeableAttributes": {
              "deleteEnabled": true,
              "writeEnabled": true,
              "readEnabled": true,
              "listEnabled": true
            }
          }
        ]
      }
    },
    {
      "RequestUri": "https://REDACTED/acr/v1/library%2Fhello-world/_manifests?last=sha256%3Ac2e23624975516c7e27b1b25be3682a8c6c4c0cea011b791ce98aa423b5040a0\u0026n=2\u0026orderby=",
      "RequestMethod": "GET",
      "RequestHeaders": {
        "Accept": "application/json",
        "Authorization": "Sanitized",
        "Content-Length": "0",
        "Date": "Wed, 14 Jun 2023 23:38:24 GMT",
        "User-Agent": "azsdk-java-azure-containers-containerregistry/1.2.0-beta.1 (17.0.4; Windows 11; 10.0)",
        "x-ms-client-request-id": "a6cc9b7c-c126-4da9-91c2-ae52cab870af"
      },
      "RequestBody": null,
      "StatusCode": 200,
      "ResponseHeaders": {
        "Access-Control-Expose-Headers": [
          "Docker-Content-Digest",
          "WWW-Authenticate",
          "Link",
          "X-Ms-Correlation-Request-Id"
        ],
        "Connection": "keep-alive",
        "Content-Length": "1544",
        "Content-Type": "application/json; charset=utf-8",
        "Date": "Wed, 14 Jun 2023 23:38:26 GMT",
        "Docker-Distribution-Api-Version": "registry/2.0",
        "Link": "\u003C/acr/v1/library%2Fhello-world/_manifests?last=sha256%3Ae74fcc1c1b5a1f05feda3eec4d6f0dbe306fd7da45d4769ea6063d52746cf41b\u0026n=2\u0026orderby=\u003E; rel=\u0022next\u0022",
        "Server": "openresty",
        "Strict-Transport-Security": [
          "max-age=31536000; includeSubDomains",
          "max-age=31536000; includeSubDomains"
        ],
        "X-Content-Type-Options": "nosniff",
        "X-Ms-Correlation-Request-Id": "6268e24a-2fa5-4a56-bd43-4fe19154b3b3"
      },
      "ResponseBody": {
        "registry": "limolkovaacr.azurecr.io",
        "imageName": "library/hello-world",
        "manifests": [
          {
            "digest": "sha256:c7b6944911848ce39b44ed660d95fb54d69bbd531de724c7ce6fc9f743c0b861",
            "imageSize": 5270,
            "createdTime": "2023-01-30T17:44:40.7885419Z",
            "lastUpdateTime": "2023-01-30T17:44:40.7885419Z",
            "architecture": "s390x",
            "os": "linux",
            "mediaType": "application/vnd.docker.distribution.manifest.v2\u002Bjson",
            "changeableAttributes": {
              "deleteEnabled": true,
              "writeEnabled": true,
              "readEnabled": true,
              "listEnabled": true,
              "quarantineDetails": "{\u0022state\u0022:\u0022Scan Failed\u0022,\u0022link\u0022:\u0022https://aka.ms/test\u0022,\u0022scanner\u0022:\u0022Azure Security Monitoring-Qualys Scanner\u0022,\u0022result\u0022:{\u0022version\u0022:\u00225/4/2023 10:04:20 PM\u0022,\u0022summary\u0022:[{\u0022severity\u0022:\u0022High\u0022,\u0022count\u0022:0},{\u0022severity\u0022:\u0022Medium\u0022,\u0022count\u0022:0},{\u0022severity\u0022:\u0022Low\u0022,\u0022count\u0022:0}]}}",
              "quarantineState": "Passed"
            }
          },
          {
            "digest": "sha256:e74fcc1c1b5a1f05feda3eec4d6f0dbe306fd7da45d4769ea6063d52746cf41b",
            "imageSize": 229178995,
            "createdTime": "2023-05-04T04:21:05.0010048Z",
            "lastUpdateTime": "2023-05-04T04:21:05.0010048Z",
            "mediaType": "application/vnd.docker.distribution.manifest.list.v2\u002Bjson",
            "changeableAttributes": {
              "deleteEnabled": true,
              "writeEnabled": true,
              "readEnabled": true,
              "listEnabled": true,
              "quarantineDetails": "{\u0022state\u0022:\u0022Scan Failed\u0022,\u0022link\u0022:\u0022https://aka.ms/test\u0022,\u0022scanner\u0022:\u0022Azure Security Monitoring-Qualys Scanner\u0022,\u0022result\u0022:{\u0022version\u0022:\u00226/3/2023 9:05:34 PM\u0022,\u0022summary\u0022:[{\u0022severity\u0022:\u0022High\u0022,\u0022count\u0022:0},{\u0022severity\u0022:\u0022Medium\u0022,\u0022count\u0022:0},{\u0022severity\u0022:\u0022Low\u0022,\u0022count\u0022:0}]}}",
              "quarantineState": "Passed"
            }
          }
        ]
      }
    },
    {
      "RequestUri": "https://REDACTED/acr/v1/library%2Fhello-world/_manifests?last=sha256%3Ae74fcc1c1b5a1f05feda3eec4d6f0dbe306fd7da45d4769ea6063d52746cf41b\u0026n=2\u0026orderby=",
      "RequestMethod": "GET",
      "RequestHeaders": {
        "Accept": "application/json",
        "Authorization": "Sanitized",
        "Content-Length": "0",
        "Date": "Wed, 14 Jun 2023 23:38:24 GMT",
        "User-Agent": "azsdk-java-azure-containers-containerregistry/1.2.0-beta.1 (17.0.4; Windows 11; 10.0)",
        "x-ms-client-request-id": "4d5bfc7b-7442-4b7b-9c11-5d9a8ee34a2f"
      },
      "RequestBody": null,
      "StatusCode": 200,
      "ResponseHeaders": {
        "Access-Control-Expose-Headers": [
          "Docker-Content-Digest",
          "WWW-Authenticate",
          "Link",
          "X-Ms-Correlation-Request-Id"
        ],
        "Connection": "keep-alive",
        "Content-Length": "1578",
        "Content-Type": "application/json; charset=utf-8",
        "Date": "Wed, 14 Jun 2023 23:38:26 GMT",
        "Docker-Distribution-Api-Version": "registry/2.0",
        "Link": "\u003C/acr/v1/library%2Fhello-world/_manifests?last=sha256%3Aefebf0f7aee69450f99deafe11121afa720abed733943e50581a9dc7540689c8\u0026n=2\u0026orderby=\u003E; rel=\u0022next\u0022",
        "Server": "openresty",
        "Strict-Transport-Security": [
          "max-age=31536000; includeSubDomains",
          "max-age=31536000; includeSubDomains"
        ],
        "X-Content-Type-Options": "nosniff",
        "X-Ms-Correlation-Request-Id": "b8be0f8f-9940-4a14-99c2-3d925673284d"
      },
      "ResponseBody": {
        "registry": "limolkovaacr.azurecr.io",
        "imageName": "library/hello-world",
        "manifests": [
          {
            "digest": "sha256:eb11b1a194ff8e236a01eff392c4e1296a53b0fb4780d8b0382f7996a15d5392",
            "imageSize": 6090,
            "createdTime": "2023-01-30T17:44:40.7386105Z",
            "lastUpdateTime": "2023-01-30T17:44:40.7386105Z",
            "architecture": "mips64le",
            "os": "linux",
            "mediaType": "application/vnd.docker.distribution.manifest.v2\u002Bjson",
            "changeableAttributes": {
              "deleteEnabled": true,
              "writeEnabled": true,
              "readEnabled": true,
              "listEnabled": true,
              "quarantineDetails": "{\u0022state\u0022:\u0022Scan Failed\u0022,\u0022link\u0022:\u0022https://aka.ms/test\u0022,\u0022scanner\u0022:\u0022Azure Security Monitoring-Qualys Scanner\u0022,\u0022result\u0022:{\u0022version\u0022:\u00225/4/2023 5:34:31 AM\u0022,\u0022summary\u0022:[{\u0022severity\u0022:\u0022High\u0022,\u0022count\u0022:0},{\u0022severity\u0022:\u0022Medium\u0022,\u0022count\u0022:0},{\u0022severity\u0022:\u0022Low\u0022,\u0022count\u0022:0}]}}",
              "quarantineState": "Passed"
            }
          },
          {
            "digest": "sha256:efebf0f7aee69450f99deafe11121afa720abed733943e50581a9dc7540689c8",
            "imageSize": 5200,
            "createdTime": "2023-05-04T18:34:46.9804426Z",
            "lastUpdateTime": "2023-05-04T18:34:46.9804426Z",
            "architecture": "arm64",
            "os": "linux",
            "mediaType": "application/vnd.docker.distribution.manifest.v2\u002Bjson",
            "changeableAttributes": {
              "deleteEnabled": true,
              "writeEnabled": true,
              "readEnabled": true,
              "listEnabled": true,
              "quarantineDetails": "{\u0022state\u0022:\u0022Scan InProgress\u0022,\u0022link\u0022:\u0022https://aka.ms/test\u0022,\u0022scanner\u0022:\u0022Azure Security Monitoring-Qualys Scanner\u0022,\u0022result\u0022:{\u0022version\u0022:\u00226/14/2023 11:37:37 PM\u0022,\u0022summary\u0022:[{\u0022severity\u0022:\u0022High\u0022,\u0022count\u0022:0},{\u0022severity\u0022:\u0022Medium\u0022,\u0022count\u0022:0},{\u0022severity\u0022:\u0022Low\u0022,\u0022count\u0022:0}]}}",
              "quarantineState": "Passed"
            }
          }
        ]
      }
    },
    {
      "RequestUri": "https://REDACTED/acr/v1/library%2Fhello-world/_manifests?last=sha256%3Aefebf0f7aee69450f99deafe11121afa720abed733943e50581a9dc7540689c8\u0026n=2\u0026orderby=",
      "RequestMethod": "GET",
      "RequestHeaders": {
        "Accept": "application/json",
        "Authorization": "Sanitized",
        "Content-Length": "0",
        "Date": "Wed, 14 Jun 2023 23:38:24 GMT",
        "User-Agent": "azsdk-java-azure-containers-containerregistry/1.2.0-beta.1 (17.0.4; Windows 11; 10.0)",
        "x-ms-client-request-id": "1725fd6b-4beb-46d4-a289-fe2a65b3d51f"
      },
      "RequestBody": null,
      "StatusCode": 200,
      "ResponseHeaders": {
        "Access-Control-Expose-Headers": [
          "Docker-Content-Digest",
          "WWW-Authenticate",
          "Link",
          "X-Ms-Correlation-Request-Id"
        ],
        "Connection": "keep-alive",
        "Content-Length": "1598",
        "Content-Type": "application/json; charset=utf-8",
        "Date": "Wed, 14 Jun 2023 23:38:26 GMT",
        "Docker-Distribution-Api-Version": "registry/2.0",
        "Link": "\u003C/acr/v1/library%2Fhello-world/_manifests?last=sha256%3Af139ab66fdc388020ea59bc16452f137b6a194b2bfc5153a408a7c670a10b85a\u0026n=2\u0026orderby=\u003E; rel=\u0022next\u0022",
        "Server": "openresty",
        "Strict-Transport-Security": [
          "max-age=31536000; includeSubDomains",
          "max-age=31536000; includeSubDomains"
        ],
        "X-Content-Type-Options": "nosniff",
        "X-Ms-Correlation-Request-Id": "f2b5fa85-7295-425e-a96c-877bdd70fe17"
      },
      "ResponseBody": {
        "registry": "limolkovaacr.azurecr.io",
        "imageName": "library/hello-world",
        "manifests": [
          {
            "digest": "sha256:f01c39d7dc9bff6475b855fe3a94a5233955696b3b8090222807010230a553c6",
            "imageSize": 106680464,
            "createdTime": "2023-02-17T02:13:11.3019299Z",
            "lastUpdateTime": "2023-02-17T02:13:11.3019299Z",
            "architecture": "amd64",
            "os": "windows",
            "mediaType": "application/vnd.docker.distribution.manifest.v2\u002Bjson",
            "changeableAttributes": {
              "deleteEnabled": true,
              "writeEnabled": true,
              "readEnabled": true,
              "listEnabled": true,
              "quarantineDetails": "{\u0022state\u0022:\u0022Scan Passed\u0022,\u0022link\u0022:\u0022https://aka.ms/test\u0022,\u0022scanner\u0022:\u0022Azure Security Monitoring-Qualys Scanner\u0022,\u0022result\u0022:{\u0022version\u0022:\u00222023-03-15T17:35:11.3159789Z\u0022,\u0022summary\u0022:[{\u0022severity\u0022:\u0022High\u0022,\u0022count\u0022:0},{\u0022severity\u0022:\u0022Medium\u0022,\u0022count\u0022:0},{\u0022severity\u0022:\u0022Low\u0022,\u0022count\u0022:0}]}}",
              "quarantineState": "Passed"
            }
          },
          {
            "digest": "sha256:f139ab66fdc388020ea59bc16452f137b6a194b2bfc5153a408a7c670a10b85a",
            "imageSize": 104403552,
            "createdTime": "2023-06-14T23:37:42.4001562Z",
            "lastUpdateTime": "2023-06-14T23:37:42.4001562Z",
            "architecture": "amd64",
            "os": "windows",
            "mediaType": "application/vnd.docker.distribution.manifest.v2\u002Bjson",
            "changeableAttributes": {
              "deleteEnabled": true,
              "writeEnabled": true,
              "readEnabled": true,
              "listEnabled": true,
              "quarantineDetails": "{\u0022state\u0022:\u0022Scan InProgress\u0022,\u0022link\u0022:\u0022https://aka.ms/test\u0022,\u0022scanner\u0022:\u0022Azure Security Monitoring-Qualys Scanner\u0022,\u0022result\u0022:{\u0022version\u0022:\u00226/14/2023 11:37:43 PM\u0022,\u0022summary\u0022:[{\u0022severity\u0022:\u0022High\u0022,\u0022count\u0022:0},{\u0022severity\u0022:\u0022Medium\u0022,\u0022count\u0022:0},{\u0022severity\u0022:\u0022Low\u0022,\u0022count\u0022:0}]}}",
              "quarantineState": "Passed"
            }
          }
        ]
      }
    },
    {
      "RequestUri": "https://REDACTED/acr/v1/library%2Fhello-world/_manifests?last=sha256%3Af139ab66fdc388020ea59bc16452f137b6a194b2bfc5153a408a7c670a10b85a\u0026n=2\u0026orderby=",
      "RequestMethod": "GET",
      "RequestHeaders": {
        "Accept": "application/json",
        "Authorization": "Sanitized",
        "Content-Length": "0",
        "Date": "Wed, 14 Jun 2023 23:38:24 GMT",
        "User-Agent": "azsdk-java-azure-containers-containerregistry/1.2.0-beta.1 (17.0.4; Windows 11; 10.0)",
        "x-ms-client-request-id": "994755c1-dad7-4617-90ac-46903b6811ea"
      },
      "RequestBody": null,
      "StatusCode": 200,
      "ResponseHeaders": {
        "Access-Control-Expose-Headers": [
          "Docker-Content-Digest",
          "WWW-Authenticate",
          "Link",
          "X-Ms-Correlation-Request-Id"
        ],
        "Connection": "keep-alive",
        "Content-Length": "1583",
        "Content-Type": "application/json; charset=utf-8",
        "Date": "Wed, 14 Jun 2023 23:38:26 GMT",
        "Docker-Distribution-Api-Version": "registry/2.0",
        "Link": "\u003C/acr/v1/library%2Fhello-world/_manifests?last=sha256%3Af54a58bc1aac5ea1a25d796ae155dc228b3f0e11d046ae276b39c4bf2f13d8c4\u0026n=2\u0026orderby=\u003E; rel=\u0022next\u0022",
        "Server": "openresty",
        "Strict-Transport-Security": [
          "max-age=31536000; includeSubDomains",
          "max-age=31536000; includeSubDomains"
        ],
        "X-Content-Type-Options": "nosniff",
        "X-Ms-Correlation-Request-Id": "066e5515-96e6-47e0-b347-69e16f7b5f83"
      },
      "ResponseBody": {
        "registry": "limolkovaacr.azurecr.io",
        "imageName": "library/hello-world",
        "manifests": [
          {
            "digest": "sha256:f5094c800af671abfc125480b44bd223bdb54d0d2b065de6f9f8e9cdf25dead8",
            "imageSize": 122177389,
            "createdTime": "2023-03-16T03:17:58.3453962Z",
            "lastUpdateTime": "2023-03-16T03:17:58.3453962Z",
            "architecture": "amd64",
            "os": "windows",
            "mediaType": "application/vnd.docker.distribution.manifest.v2\u002Bjson",
            "changeableAttributes": {
              "deleteEnabled": true,
              "writeEnabled": true,
              "readEnabled": true,
              "listEnabled": true,
              "quarantineDetails": "{\u0022state\u0022:\u0022Scan InProgress\u0022,\u0022link\u0022:\u0022https://aka.ms/test\u0022,\u0022scanner\u0022:\u0022Azure Security Monitoring-Qualys Scanner\u0022,\u0022result\u0022:{\u0022version\u0022:\u00224/12/2023 12:27:50 AM\u0022,\u0022summary\u0022:[{\u0022severity\u0022:\u0022High\u0022,\u0022count\u0022:0},{\u0022severity\u0022:\u0022Medium\u0022,\u0022count\u0022:0},{\u0022severity\u0022:\u0022Low\u0022,\u0022count\u0022:0}]}}",
              "quarantineState": "Passed"
            }
          },
          {
            "digest": "sha256:f54a58bc1aac5ea1a25d796ae155dc228b3f0e11d046ae276b39c4bf2f13d8c4",
            "imageSize": 4473,
            "createdTime": "2023-01-30T17:44:39.6779114Z",
            "lastUpdateTime": "2023-01-30T17:44:39.6779114Z",
            "architecture": "amd64",
            "os": "linux",
            "mediaType": "application/vnd.docker.distribution.manifest.v2\u002Bjson",
            "changeableAttributes": {
              "deleteEnabled": true,
              "writeEnabled": true,
              "readEnabled": true,
              "listEnabled": true,
              "quarantineDetails": "{\u0022state\u0022:\u0022Scan Failed\u0022,\u0022link\u0022:\u0022https://aka.ms/test\u0022,\u0022scanner\u0022:\u0022Azure Security Monitoring-Qualys Scanner\u0022,\u0022result\u0022:{\u0022version\u0022:\u00225/20/2023 3:54:45 AM\u0022,\u0022summary\u0022:[{\u0022severity\u0022:\u0022High\u0022,\u0022count\u0022:0},{\u0022severity\u0022:\u0022Medium\u0022,\u0022count\u0022:0},{\u0022severity\u0022:\u0022Low\u0022,\u0022count\u0022:0}]}}",
              "quarantineState": "Passed"
            }
          }
        ]
      }
    },
    {
      "RequestUri": "https://REDACTED/acr/v1/library%2Fhello-world/_manifests?last=sha256%3Af54a58bc1aac5ea1a25d796ae155dc228b3f0e11d046ae276b39c4bf2f13d8c4\u0026n=2\u0026orderby=",
      "RequestMethod": "GET",
      "RequestHeaders": {
        "Accept": "application/json",
        "Authorization": "Sanitized",
        "Content-Length": "0",
        "Date": "Wed, 14 Jun 2023 23:38:24 GMT",
        "User-Agent": "azsdk-java-azure-containers-containerregistry/1.2.0-beta.1 (17.0.4; Windows 11; 10.0)",
        "x-ms-client-request-id": "efcfeefd-9d74-403e-bac8-e26cb5a0ea1e"
      },
      "RequestBody": null,
      "StatusCode": 200,
      "ResponseHeaders": {
        "Access-Control-Expose-Headers": [
          "Docker-Content-Digest",
          "WWW-Authenticate",
          "Link",
          "X-Ms-Correlation-Request-Id"
        ],
        "Connection": "keep-alive",
        "Content-Length": "1551",
        "Content-Type": "application/json; charset=utf-8",
        "Date": "Wed, 14 Jun 2023 23:38:26 GMT",
        "Docker-Distribution-Api-Version": "registry/2.0",
        "Link": "\u003C/acr/v1/library%2Fhello-world/_manifests?last=sha256%3Afc6cf906cbfa013e80938cdf0bb199fbdbb86d6e3e013783e5a766f50f5dbce0\u0026n=2\u0026orderby=\u003E; rel=\u0022next\u0022",
        "Server": "openresty",
        "Strict-Transport-Security": [
          "max-age=31536000; includeSubDomains",
          "max-age=31536000; includeSubDomains"
        ],
        "X-Content-Type-Options": "nosniff",
        "X-Ms-Correlation-Request-Id": "76ea305d-cddd-4a1a-be9e-baae1e5fcdd3"
      },
      "ResponseBody": {
        "registry": "limolkovaacr.azurecr.io",
        "imageName": "library/hello-world",
        "manifests": [
          {
            "digest": "sha256:fbe0ff1e7697da39d987a975c737a7d2fa40b6e7f7f40c00b1dcc387b9ac0e85",
            "imageSize": 5918,
            "createdTime": "2023-05-09T00:32:27.1329904Z",
            "lastUpdateTime": "2023-05-09T00:32:27.1329904Z",
            "architecture": "ppc64le",
            "os": "linux",
            "mediaType": "application/vnd.docker.distribution.manifest.v2\u002Bjson",
            "changeableAttributes": {
              "deleteEnabled": true,
              "writeEnabled": true,
              "readEnabled": true,
              "listEnabled": true,
              "quarantineDetails": "{\u0022state\u0022:\u0022Scan InProgress\u0022,\u0022link\u0022:\u0022https://aka.ms/test\u0022,\u0022scanner\u0022:\u0022Azure Security Monitoring-Qualys Scanner\u0022,\u0022result\u0022:{\u0022version\u0022:\u00226/14/2023 11:37:38 PM\u0022,\u0022summary\u0022:[{\u0022severity\u0022:\u0022High\u0022,\u0022count\u0022:0},{\u0022severity\u0022:\u0022Medium\u0022,\u0022count\u0022:0},{\u0022severity\u0022:\u0022Low\u0022,\u0022count\u0022:0}]}}",
              "quarantineState": "Passed"
            }
          },
          {
            "digest": "sha256:fc6cf906cbfa013e80938cdf0bb199fbdbb86d6e3e013783e5a766f50f5dbce0",
            "imageSize": 224446477,
            "createdTime": "2023-05-17T22:25:11.0413065Z",
            "lastUpdateTime": "2023-05-17T22:25:11.0413065Z",
            "mediaType": "application/vnd.docker.distribution.manifest.list.v2\u002Bjson",
            "changeableAttributes": {
              "deleteEnabled": true,
              "writeEnabled": true,
              "readEnabled": true,
              "listEnabled": true,
              "quarantineDetails": "{\u0022state\u0022:\u0022Scan Failed\u0022,\u0022link\u0022:\u0022https://aka.ms/test\u0022,\u0022scanner\u0022:\u0022Azure Security Monitoring-Qualys Scanner\u0022,\u0022result\u0022:{\u0022version\u0022:\u00226/9/2023 1:57:33 PM\u0022,\u0022summary\u0022:[{\u0022severity\u0022:\u0022High\u0022,\u0022count\u0022:0},{\u0022severity\u0022:\u0022Medium\u0022,\u0022count\u0022:0},{\u0022severity\u0022:\u0022Low\u0022,\u0022count\u0022:0}]}}",
              "quarantineState": "Passed"
            }
          }
        ]
      }
    },
    {
      "RequestUri": "https://REDACTED/acr/v1/library%2Fhello-world/_manifests?last=sha256%3Afc6cf906cbfa013e80938cdf0bb199fbdbb86d6e3e013783e5a766f50f5dbce0\u0026n=2\u0026orderby=",
      "RequestMethod": "GET",
      "RequestHeaders": {
        "Accept": "application/json",
        "Authorization": "Sanitized",
        "Content-Length": "0",
        "Date": "Wed, 14 Jun 2023 23:38:24 GMT",
        "User-Agent": "azsdk-java-azure-containers-containerregistry/1.2.0-beta.1 (17.0.4; Windows 11; 10.0)",
        "x-ms-client-request-id": "f3c431e5-1642-493b-9427-5f9d3dc632dc"
      },
      "RequestBody": null,
      "StatusCode": 200,
      "ResponseHeaders": {
        "Access-Control-Expose-Headers": [
          "Docker-Content-Digest",
          "WWW-Authenticate",
          "Link",
          "X-Ms-Correlation-Request-Id"
        ],
        "Connection": "keep-alive",
        "Content-Length": "803",
        "Content-Type": "application/json; charset=utf-8",
        "Date": "Wed, 14 Jun 2023 23:38:26 GMT",
        "Docker-Distribution-Api-Version": "registry/2.0",
        "Server": "openresty",
        "Strict-Transport-Security": [
          "max-age=31536000; includeSubDomains",
          "max-age=31536000; includeSubDomains"
        ],
        "X-Content-Type-Options": "nosniff",
        "X-Ms-Correlation-Request-Id": "12e4b2d6-32ad-4a3d-ab26-aa08881091f2"
      },
      "ResponseBody": {
        "registry": "limolkovaacr.azurecr.io",
        "imageName": "library/hello-world",
        "manifests": [
          {
            "digest": "sha256:ffb13da98453e0f04d33a6eee5bb8e46ee50d08ebe17735fc0779d0349e889e9",
            "imageSize": 228917194,
            "createdTime": "2023-03-16T03:17:50.4343333Z",
            "lastUpdateTime": "2023-03-16T03:17:50.4343333Z",
            "mediaType": "application/vnd.docker.distribution.manifest.list.v2\u002Bjson",
            "changeableAttributes": {
              "deleteEnabled": true,
              "writeEnabled": true,
              "readEnabled": true,
              "listEnabled": true,
              "quarantineDetails": "{\u0022state\u0022:\u0022Scan Failed\u0022,\u0022link\u0022:\u0022https://aka.ms/test\u0022,\u0022scanner\u0022:\u0022Azure Security Monitoring-Qualys Scanner\u0022,\u0022result\u0022:{\u0022version\u0022:\u00225/14/2023 8:37:26 AM\u0022,\u0022summary\u0022:[{\u0022severity\u0022:\u0022High\u0022,\u0022count\u0022:0},{\u0022severity\u0022:\u0022Medium\u0022,\u0022count\u0022:0},{\u0022severity\u0022:\u0022Low\u0022,\u0022count\u0022:0}]}}",
              "quarantineState": "Passed"
            }
          }
        ]
      }
    },
    {
      "RequestUri": "https://REDACTED/acr/v1/library%2Fhello-world/_manifests?n=2\u0026api-version=2021-07-01",
      "RequestMethod": "GET",
      "RequestHeaders": {
        "Accept": "application/json",
        "Content-Length": "0",
        "Date": "Wed, 14 Jun 2023 23:38:24 GMT",
        "User-Agent": "azsdk-java-azure-containers-containerregistry/1.2.0-beta.1 (17.0.4; Windows 11; 10.0)",
        "x-ms-client-request-id": "0dceed18-e332-4eaf-ba00-64dd05236fe0"
      },
      "RequestBody": null,
      "StatusCode": 401,
      "ResponseHeaders": {
        "Access-Control-Expose-Headers": [
          "Docker-Content-Digest",
          "WWW-Authenticate",
          "Link",
          "X-Ms-Correlation-Request-Id"
        ],
        "Connection": "keep-alive",
        "Content-Length": "222",
        "Content-Type": "application/json; charset=utf-8",
        "Date": "Wed, 14 Jun 2023 23:38:26 GMT",
        "Docker-Distribution-Api-Version": "registry/2.0",
        "Server": "openresty",
        "Strict-Transport-Security": [
          "max-age=31536000; includeSubDomains",
          "max-age=31536000; includeSubDomains"
        ],
        "WWW-Authenticate": "Bearer realm=\u0022https://REDACTED\u0022,service=\u0022REDACTED\u0022,scope=\u0022repository:library/hello-world:metadata_read\u0022",
        "X-Content-Type-Options": "nosniff",
        "X-Ms-Correlation-Request-Id": "f563a0de-e9ab-413c-b76e-41518283bf6d"
      },
      "ResponseBody": {
        "errors": [
          {
            "code": "UNAUTHORIZED",
            "message": "authentication required, visit https://aka.ms/acr/authorization for more information.",
            "detail": [
              {
                "Type": "repository",
                "Name": "library/hello-world",
                "Action": "metadata_read"
              }
            ]
          }
        ]
      }
    },
    {
      "RequestUri": "https://REDACTED/oauth2/exchange?api-version=2021-07-01",
      "RequestMethod": "POST",
      "RequestHeaders": {
        "Accept": "application/json",
        "Content-Length": "62",
        "Content-Type": "application/x-www-form-urlencoded",
        "Date": "Wed, 14 Jun 2023 23:38:25 GMT",
        "User-Agent": "azsdk-java-azure-containers-containerregistry/1.2.0-beta.1 (17.0.4; Windows 11; 10.0)",
        "x-ms-client-request-id": "b118766e-78fd-459a-997f-3d341b5f1ff0"
      },
      "RequestBody": "grant_type=access_token\u0026service=REDACTED\u0026access_token=REDACTED",
      "StatusCode": 200,
      "ResponseHeaders": {
        "Connection": "keep-alive",
        "Content-Type": "application/json; charset=utf-8",
        "Date": "Wed, 14 Jun 2023 23:38:27 GMT",
        "Server": "openresty",
        "Strict-Transport-Security": "max-age=31536000; includeSubDomains",
        "Transfer-Encoding": "chunked",
        "X-Ms-Correlation-Request-Id": "4e6d8a01-8ac3-45a6-b20f-08726227d014",
        "x-ms-ratelimit-remaining-calls-per-second": "332.8"
      },
      "ResponseBody": {
        "refresh_token": "Sanitized"
      }
    },
    {
      "RequestUri": "https://REDACTED/oauth2/token?api-version=2021-07-01",
      "RequestMethod": "POST",
      "RequestHeaders": {
        "Accept": "application/json",
        "Content-Length": "121",
        "Content-Type": "application/x-www-form-urlencoded",
        "Date": "Wed, 14 Jun 2023 23:38:25 GMT",
        "User-Agent": "azsdk-java-azure-containers-containerregistry/1.2.0-beta.1 (17.0.4; Windows 11; 10.0)",
        "x-ms-client-request-id": "3713c8a5-4c59-40a3-8209-a38546350a29"
      },
      "RequestBody": "service=REDACTED\u0026scope=repository%3Alibrary%2Fhello-world%3Ametadata_read\u0026refresh_token=REDACTED\u0026grant_type=refresh_token",
      "StatusCode": 200,
      "ResponseHeaders": {
        "Connection": "keep-alive",
        "Content-Type": "application/json; charset=utf-8",
        "Date": "Wed, 14 Jun 2023 23:38:27 GMT",
        "Server": "openresty",
        "Strict-Transport-Security": "max-age=31536000; includeSubDomains",
        "Transfer-Encoding": "chunked",
        "X-Ms-Correlation-Request-Id": "670631fa-78ab-41ab-9aa0-248b2b038668",
        "x-ms-ratelimit-remaining-calls-per-second": "332.783333"
      },
      "ResponseBody": {
        "access_token": "Sanitized"
      }
    },
    {
      "RequestUri": "https://REDACTED/acr/v1/library%2Fhello-world/_manifests?n=2\u0026api-version=2021-07-01",
      "RequestMethod": "GET",
      "RequestHeaders": {
        "Accept": "application/json",
        "Authorization": "Sanitized",
        "Content-Length": "0",
        "Date": "Wed, 14 Jun 2023 23:38:24 GMT",
        "User-Agent": "azsdk-java-azure-containers-containerregistry/1.2.0-beta.1 (17.0.4; Windows 11; 10.0)",
        "x-ms-client-request-id": "0dceed18-e332-4eaf-ba00-64dd05236fe0"
      },
      "RequestBody": null,
      "StatusCode": 200,
      "ResponseHeaders": {
        "Access-Control-Expose-Headers": [
          "Docker-Content-Digest",
          "WWW-Authenticate",
          "Link",
          "X-Ms-Correlation-Request-Id"
        ],
        "Connection": "keep-alive",
        "Content-Length": "890",
        "Content-Type": "application/json; charset=utf-8",
        "Date": "Wed, 14 Jun 2023 23:38:27 GMT",
        "Docker-Distribution-Api-Version": "registry/2.0",
        "Link": "\u003C/acr/v1/library%2Fhello-world/_manifests?last=sha256%3A06bca41ba617acf0b3644df05d0d9c2d2f82ccaab629c0e39792b24682970040\u0026n=2\u0026orderby=\u003E; rel=\u0022next\u0022",
        "Server": "openresty",
        "Strict-Transport-Security": [
          "max-age=31536000; includeSubDomains",
          "max-age=31536000; includeSubDomains"
        ],
        "X-Content-Type-Options": "nosniff",
        "X-Ms-Correlation-Request-Id": "d06c388f-f528-4db1-8680-a54ce7c3320f"
      },
      "ResponseBody": {
        "registry": "limolkovaacr.azurecr.io",
        "imageName": "library/hello-world",
        "manifests": [
          {
            "digest": "sha256:004d23c66201b22fce069b7505756f17088de7889c83891e9bc69d749fa3690e",
            "imageSize": 4709,
            "createdTime": "2023-05-04T18:34:47.2171937Z",
            "lastUpdateTime": "2023-05-04T18:34:47.2171937Z",
            "architecture": "386",
            "os": "linux",
            "mediaType": "application/vnd.docker.distribution.manifest.v2\u002Bjson",
            "changeableAttributes": {
              "deleteEnabled": true,
              "writeEnabled": true,
              "readEnabled": true,
              "listEnabled": true
            }
          },
          {
            "digest": "sha256:06bca41ba617acf0b3644df05d0d9c2d2f82ccaab629c0e39792b24682970040",
            "imageSize": 6063,
            "createdTime": "2023-05-04T18:34:47.384397Z",
            "lastUpdateTime": "2023-05-04T18:34:47.384397Z",
            "architecture": "mips64le",
            "os": "linux",
            "mediaType": "application/vnd.docker.distribution.manifest.v2\u002Bjson",
            "changeableAttributes": {
              "deleteEnabled": true,
              "writeEnabled": true,
              "readEnabled": true,
              "listEnabled": true
            }
          }
        ]
      }
    },
    {
      "RequestUri": "https://REDACTED/acr/v1/library%2Fhello-world/_manifests?last=sha256%3A06bca41ba617acf0b3644df05d0d9c2d2f82ccaab629c0e39792b24682970040\u0026n=2\u0026orderby=",
      "RequestMethod": "GET",
      "RequestHeaders": {
        "Accept": "application/json",
        "Authorization": "Sanitized",
        "Content-Length": "0",
        "Date": "Wed, 14 Jun 2023 23:38:25 GMT",
        "User-Agent": "azsdk-java-azure-containers-containerregistry/1.2.0-beta.1 (17.0.4; Windows 11; 10.0)",
        "x-ms-client-request-id": "5c241e6c-f934-4e12-b237-b1ac58e82c91"
      },
      "RequestBody": null,
      "StatusCode": 200,
      "ResponseHeaders": {
        "Access-Control-Expose-Headers": [
          "Docker-Content-Digest",
          "WWW-Authenticate",
          "Link",
          "X-Ms-Correlation-Request-Id"
        ],
        "Connection": "keep-alive",
        "Content-Length": "1589",
        "Content-Type": "application/json; charset=utf-8",
        "Date": "Wed, 14 Jun 2023 23:38:27 GMT",
        "Docker-Distribution-Api-Version": "registry/2.0",
        "Link": "\u003C/acr/v1/library%2Fhello-world/_manifests?last=sha256%3A222fd58970d97d818081fee49fa57821d0acad88697639692e5cd0bd26f9f174\u0026n=2\u0026orderby=\u003E; rel=\u0022next\u0022",
        "Server": "openresty",
        "Strict-Transport-Security": [
          "max-age=31536000; includeSubDomains",
          "max-age=31536000; includeSubDomains"
        ],
        "X-Content-Type-Options": "nosniff",
        "X-Ms-Correlation-Request-Id": "a724023e-05d4-48e7-bcc1-8b621a2d7dd6"
      },
      "ResponseBody": {
        "registry": "limolkovaacr.azurecr.io",
        "imageName": "library/hello-world",
        "manifests": [
          {
            "digest": "sha256:084c3bdd1271adc754e2c5f6ba7046f1a2c099597dbd9643592fa8eb99981402",
            "imageSize": 5666,
            "createdTime": "2023-05-04T04:21:05.9787962Z",
            "lastUpdateTime": "2023-05-04T04:21:05.9787962Z",
            "architecture": "arm",
            "os": "linux",
            "mediaType": "application/vnd.docker.distribution.manifest.v2\u002Bjson",
            "changeableAttributes": {
              "deleteEnabled": true,
              "writeEnabled": true,
              "readEnabled": true,
              "listEnabled": true,
              "quarantineDetails": "{\u0022state\u0022:\u0022Scan InProgress\u0022,\u0022link\u0022:\u0022https://aka.ms/test\u0022,\u0022scanner\u0022:\u0022Azure Security Monitoring-Qualys Scanner\u0022,\u0022result\u0022:{\u0022version\u0022:\u00226/14/2023 11:37:36 PM\u0022,\u0022summary\u0022:[{\u0022severity\u0022:\u0022High\u0022,\u0022count\u0022:0},{\u0022severity\u0022:\u0022Medium\u0022,\u0022count\u0022:0},{\u0022severity\u0022:\u0022Low\u0022,\u0022count\u0022:0}]}}",
              "quarantineState": "Passed"
            }
          },
          {
            "digest": "sha256:222fd58970d97d818081fee49fa57821d0acad88697639692e5cd0bd26f9f174",
            "imageSize": 106689854,
            "createdTime": "2023-03-16T03:17:57.2668497Z",
            "lastUpdateTime": "2023-03-16T03:17:57.2668497Z",
            "architecture": "amd64",
            "os": "windows",
            "mediaType": "application/vnd.docker.distribution.manifest.v2\u002Bjson",
            "changeableAttributes": {
              "deleteEnabled": true,
              "writeEnabled": true,
              "readEnabled": true,
              "listEnabled": true,
              "quarantineDetails": "{\u0022state\u0022:\u0022Scan Passed\u0022,\u0022link\u0022:\u0022https://aka.ms/test\u0022,\u0022scanner\u0022:\u0022Azure Security Monitoring-Qualys Scanner\u0022,\u0022result\u0022:{\u0022version\u0022:\u00222023-04-11T15:47:47.0721293Z\u0022,\u0022summary\u0022:[{\u0022severity\u0022:\u0022High\u0022,\u0022count\u0022:0},{\u0022severity\u0022:\u0022Medium\u0022,\u0022count\u0022:0},{\u0022severity\u0022:\u0022Low\u0022,\u0022count\u0022:0}]}}",
              "quarantineState": "Passed"
            }
          }
        ]
      }
    },
    {
      "RequestUri": "https://REDACTED/acr/v1/library%2Fhello-world/_manifests?last=sha256%3A222fd58970d97d818081fee49fa57821d0acad88697639692e5cd0bd26f9f174\u0026n=2\u0026orderby=",
      "RequestMethod": "GET",
      "RequestHeaders": {
        "Accept": "application/json",
        "Authorization": "Sanitized",
        "Content-Length": "0",
        "Date": "Wed, 14 Jun 2023 23:38:25 GMT",
        "User-Agent": "azsdk-java-azure-containers-containerregistry/1.2.0-beta.1 (17.0.4; Windows 11; 10.0)",
        "x-ms-client-request-id": "637d1435-b1f2-4aa2-b622-7fa985541dbc"
      },
      "RequestBody": null,
      "StatusCode": 200,
      "ResponseHeaders": {
        "Access-Control-Expose-Headers": [
          "Docker-Content-Digest",
          "WWW-Authenticate",
          "Link",
          "X-Ms-Correlation-Request-Id"
        ],
        "Connection": "keep-alive",
        "Content-Length": "1592",
        "Content-Type": "application/json; charset=utf-8",
        "Date": "Wed, 14 Jun 2023 23:38:27 GMT",
        "Docker-Distribution-Api-Version": "registry/2.0",
        "Link": "\u003C/acr/v1/library%2Fhello-world/_manifests?last=sha256%3A3522a799ae11b49426f6a60b3fcf3d249f21fbd3dc1dd346d8a49fe4f028b668\u0026n=2\u0026orderby=\u003E; rel=\u0022next\u0022",
        "Server": "openresty",
        "Strict-Transport-Security": [
          "max-age=31536000; includeSubDomains",
          "max-age=31536000; includeSubDomains"
        ],
        "X-Content-Type-Options": "nosniff",
        "X-Ms-Correlation-Request-Id": "0523e0cc-49c1-495f-9169-d570dcfbe82d"
      },
      "ResponseBody": {
        "registry": "limolkovaacr.azurecr.io",
        "imageName": "library/hello-world",
        "manifests": [
          {
            "digest": "sha256:3209b9aec056b296ea55b2af7757d078bf92e55a3ea29c5fdef5c785bcef09c4",
            "imageSize": 5923,
            "createdTime": "2023-03-15T02:42:24.9488419Z",
            "lastUpdateTime": "2023-03-15T02:42:24.9488419Z",
            "architecture": "ppc64le",
            "os": "linux",
            "mediaType": "application/vnd.docker.distribution.manifest.v2\u002Bjson",
            "changeableAttributes": {
              "deleteEnabled": true,
              "writeEnabled": true,
              "readEnabled": true,
              "listEnabled": true,
              "quarantineDetails": "{\u0022state\u0022:\u0022Scan InProgress\u0022,\u0022link\u0022:\u0022https://aka.ms/test\u0022,\u0022scanner\u0022:\u0022Azure Security Monitoring-Qualys Scanner\u0022,\u0022result\u0022:{\u0022version\u0022:\u00225/4/2023 10:04:37 PM\u0022,\u0022summary\u0022:[{\u0022severity\u0022:\u0022High\u0022,\u0022count\u0022:0},{\u0022severity\u0022:\u0022Medium\u0022,\u0022count\u0022:0},{\u0022severity\u0022:\u0022Low\u0022,\u0022count\u0022:0}]}}",
              "quarantineState": "Passed"
            }
          },
          {
            "digest": "sha256:3522a799ae11b49426f6a60b3fcf3d249f21fbd3dc1dd346d8a49fe4f028b668",
            "imageSize": 104389671,
            "createdTime": "2023-05-17T22:25:16.5419825Z",
            "lastUpdateTime": "2023-05-17T22:25:16.5419825Z",
            "architecture": "amd64",
            "os": "windows",
            "mediaType": "application/vnd.docker.distribution.manifest.v2\u002Bjson",
            "changeableAttributes": {
              "deleteEnabled": true,
              "writeEnabled": true,
              "readEnabled": true,
              "listEnabled": true,
              "quarantineDetails": "{\u0022state\u0022:\u0022Scan Passed\u0022,\u0022link\u0022:\u0022https://aka.ms/test\u0022,\u0022scanner\u0022:\u0022Azure Security Monitoring-Qualys Scanner\u0022,\u0022result\u0022:{\u0022version\u0022:\u00222023-06-02T02:40:31.8711701Z\u0022,\u0022summary\u0022:[{\u0022severity\u0022:\u0022High\u0022,\u0022count\u0022:1},{\u0022severity\u0022:\u0022Medium\u0022,\u0022count\u0022:0},{\u0022severity\u0022:\u0022Low\u0022,\u0022count\u0022:0}]}}",
              "quarantineState": "Passed"
            }
          }
        ]
      }
    },
    {
      "RequestUri": "https://REDACTED/acr/v1/library%2Fhello-world/_manifests?last=sha256%3A3522a799ae11b49426f6a60b3fcf3d249f21fbd3dc1dd346d8a49fe4f028b668\u0026n=2\u0026orderby=",
      "RequestMethod": "GET",
      "RequestHeaders": {
        "Accept": "application/json",
        "Authorization": "Sanitized",
        "Content-Length": "0",
        "Date": "Wed, 14 Jun 2023 23:38:25 GMT",
        "User-Agent": "azsdk-java-azure-containers-containerregistry/1.2.0-beta.1 (17.0.4; Windows 11; 10.0)",
        "x-ms-client-request-id": "4988f24c-334e-44d1-981d-1491341e1408"
      },
      "RequestBody": null,
      "StatusCode": 200,
      "ResponseHeaders": {
        "Access-Control-Expose-Headers": [
          "Docker-Content-Digest",
          "WWW-Authenticate",
          "Link",
          "X-Ms-Correlation-Request-Id"
        ],
        "Connection": "keep-alive",
        "Content-Length": "1571",
        "Content-Type": "application/json; charset=utf-8",
        "Date": "Wed, 14 Jun 2023 23:38:27 GMT",
        "Docker-Distribution-Api-Version": "registry/2.0",
        "Link": "\u003C/acr/v1/library%2Fhello-world/_manifests?last=sha256%3A432f982638b3aefab73cc58ab28f5c16e96fdb504e8c134fc58dff4bae8bf338\u0026n=2\u0026orderby=\u003E; rel=\u0022next\u0022",
        "Server": "openresty",
        "Strict-Transport-Security": [
          "max-age=31536000; includeSubDomains",
          "max-age=31536000; includeSubDomains"
        ],
        "X-Content-Type-Options": "nosniff",
        "X-Ms-Correlation-Request-Id": "76553c93-d287-411c-add2-0f8362d82065"
      },
      "ResponseBody": {
        "registry": "limolkovaacr.azurecr.io",
        "imageName": "library/hello-world",
        "manifests": [
          {
            "digest": "sha256:40d0cfd0861719208ff9f7747ab3f97844eeca509df705db44a736df863b76af",
            "imageSize": 5001,
            "createdTime": "2023-01-30T17:44:40.8730362Z",
            "lastUpdateTime": "2023-01-30T17:44:40.8730362Z",
            "architecture": "arm",
            "os": "linux",
            "mediaType": "application/vnd.docker.distribution.manifest.v2\u002Bjson",
            "changeableAttributes": {
              "deleteEnabled": true,
              "writeEnabled": true,
              "readEnabled": true,
              "listEnabled": true,
              "quarantineDetails": "{\u0022state\u0022:\u0022Scan Failed\u0022,\u0022link\u0022:\u0022https://aka.ms/test\u0022,\u0022scanner\u0022:\u0022Azure Security Monitoring-Qualys Scanner\u0022,\u0022result\u0022:{\u0022version\u0022:\u00225/4/2023 5:34:30 AM\u0022,\u0022summary\u0022:[{\u0022severity\u0022:\u0022High\u0022,\u0022count\u0022:0},{\u0022severity\u0022:\u0022Medium\u0022,\u0022count\u0022:0},{\u0022severity\u0022:\u0022Low\u0022,\u0022count\u0022:0}]}}",
              "quarantineState": "Passed"
            }
          },
          {
            "digest": "sha256:432f982638b3aefab73cc58ab28f5c16e96fdb504e8c134fc58dff4bae8bf338",
            "imageSize": 5218,
            "createdTime": "2023-01-30T17:44:40.9407415Z",
            "lastUpdateTime": "2023-01-30T17:44:40.9407415Z",
            "architecture": "arm64",
            "os": "linux",
            "mediaType": "application/vnd.docker.distribution.manifest.v2\u002Bjson",
            "changeableAttributes": {
              "deleteEnabled": true,
              "writeEnabled": true,
              "readEnabled": true,
              "listEnabled": true,
              "quarantineDetails": "{\u0022state\u0022:\u0022Scan InProgress\u0022,\u0022link\u0022:\u0022https://aka.ms/test\u0022,\u0022scanner\u0022:\u0022Azure Security Monitoring-Qualys Scanner\u0022,\u0022result\u0022:{\u0022version\u0022:\u00225/4/2023 5:34:30 AM\u0022,\u0022summary\u0022:[{\u0022severity\u0022:\u0022High\u0022,\u0022count\u0022:0},{\u0022severity\u0022:\u0022Medium\u0022,\u0022count\u0022:0},{\u0022severity\u0022:\u0022Low\u0022,\u0022count\u0022:0}]}}",
              "quarantineState": "Passed"
            }
          }
        ]
      }
    },
    {
      "RequestUri": "https://REDACTED/acr/v1/library%2Fhello-world/_manifests?last=sha256%3A432f982638b3aefab73cc58ab28f5c16e96fdb504e8c134fc58dff4bae8bf338\u0026n=2\u0026orderby=",
      "RequestMethod": "GET",
      "RequestHeaders": {
        "Accept": "application/json",
        "Authorization": "Sanitized",
        "Content-Length": "0",
        "Date": "Wed, 14 Jun 2023 23:38:25 GMT",
        "User-Agent": "azsdk-java-azure-containers-containerregistry/1.2.0-beta.1 (17.0.4; Windows 11; 10.0)",
        "x-ms-client-request-id": "c135b70d-147e-4e77-97de-8d917c3af136"
      },
      "RequestBody": null,
      "StatusCode": 200,
      "ResponseHeaders": {
        "Access-Control-Expose-Headers": [
          "Docker-Content-Digest",
          "WWW-Authenticate",
          "Link",
          "X-Ms-Correlation-Request-Id"
        ],
        "Connection": "keep-alive",
        "Content-Length": "1549",
        "Content-Type": "application/json; charset=utf-8",
        "Date": "Wed, 14 Jun 2023 23:38:27 GMT",
        "Docker-Distribution-Api-Version": "registry/2.0",
        "Link": "\u003C/acr/v1/library%2Fhello-world/_manifests?last=sha256%3A574efe68740d3bee2ef780036aee2e2da5cf7097ac06513f9f01f41e03365399\u0026n=2\u0026orderby=\u003E; rel=\u0022next\u0022",
        "Server": "openresty",
        "Strict-Transport-Security": [
          "max-age=31536000; includeSubDomains",
          "max-age=31536000; includeSubDomains"
        ],
        "X-Content-Type-Options": "nosniff",
        "X-Ms-Correlation-Request-Id": "49f7b86c-71a9-40e1-903a-b19b48082a53"
      },
      "ResponseBody": {
        "registry": "limolkovaacr.azurecr.io",
        "imageName": "library/hello-world",
        "manifests": [
          {
            "digest": "sha256:4e83453afed1b4fa1a3500525091dbfca6ce1e66903fd4c01ff015dbcb1ba33e",
            "imageSize": 229179042,
            "createdTime": "2023-04-17T20:53:53.0440199Z",
            "lastUpdateTime": "2023-04-17T20:53:53.0440199Z",
            "mediaType": "application/vnd.docker.distribution.manifest.list.v2\u002Bjson",
            "changeableAttributes": {
              "deleteEnabled": true,
              "writeEnabled": true,
              "readEnabled": true,
              "listEnabled": true,
              "quarantineDetails": "{\u0022state\u0022:\u0022Scan Failed\u0022,\u0022link\u0022:\u0022https://aka.ms/test\u0022,\u0022scanner\u0022:\u0022Azure Security Monitoring-Qualys Scanner\u0022,\u0022result\u0022:{\u0022version\u0022:\u00226/1/2023 1:05:57 AM\u0022,\u0022summary\u0022:[{\u0022severity\u0022:\u0022High\u0022,\u0022count\u0022:0},{\u0022severity\u0022:\u0022Medium\u0022,\u0022count\u0022:0},{\u0022severity\u0022:\u0022Low\u0022,\u0022count\u0022:0}]}}",
              "quarantineState": "Passed"
            }
          },
          {
            "digest": "sha256:574efe68740d3bee2ef780036aee2e2da5cf7097ac06513f9f01f41e03365399",
            "imageSize": 5260,
            "createdTime": "2023-05-09T00:32:27.3861472Z",
            "lastUpdateTime": "2023-05-09T00:32:27.3861472Z",
            "architecture": "s390x",
            "os": "linux",
            "mediaType": "application/vnd.docker.distribution.manifest.v2\u002Bjson",
            "changeableAttributes": {
              "deleteEnabled": true,
              "writeEnabled": true,
              "readEnabled": true,
              "listEnabled": true,
              "quarantineDetails": "{\u0022state\u0022:\u0022Scan InProgress\u0022,\u0022link\u0022:\u0022https://aka.ms/test\u0022,\u0022scanner\u0022:\u0022Azure Security Monitoring-Qualys Scanner\u0022,\u0022result\u0022:{\u0022version\u0022:\u00226/14/2023 11:37:38 PM\u0022,\u0022summary\u0022:[{\u0022severity\u0022:\u0022High\u0022,\u0022count\u0022:0},{\u0022severity\u0022:\u0022Medium\u0022,\u0022count\u0022:0},{\u0022severity\u0022:\u0022Low\u0022,\u0022count\u0022:0}]}}",
              "quarantineState": "Passed"
            }
          }
        ]
      }
    },
    {
      "RequestUri": "https://REDACTED/acr/v1/library%2Fhello-world/_manifests?last=sha256%3A574efe68740d3bee2ef780036aee2e2da5cf7097ac06513f9f01f41e03365399\u0026n=2\u0026orderby=",
      "RequestMethod": "GET",
      "RequestHeaders": {
        "Accept": "application/json",
        "Authorization": "Sanitized",
        "Content-Length": "0",
        "Date": "Wed, 14 Jun 2023 23:38:25 GMT",
        "User-Agent": "azsdk-java-azure-containers-containerregistry/1.2.0-beta.1 (17.0.4; Windows 11; 10.0)",
        "x-ms-client-request-id": "8c34958f-68e3-45bd-9a4c-5f6955c7c964"
      },
      "RequestBody": null,
      "StatusCode": 200,
      "ResponseHeaders": {
        "Access-Control-Expose-Headers": [
          "Docker-Content-Digest",
          "WWW-Authenticate",
          "Link",
          "X-Ms-Correlation-Request-Id"
        ],
        "Connection": "keep-alive",
        "Content-Length": "1198",
        "Content-Type": "application/json; charset=utf-8",
        "Date": "Wed, 14 Jun 2023 23:38:27 GMT",
        "Docker-Distribution-Api-Version": "registry/2.0",
        "Link": "\u003C/acr/v1/library%2Fhello-world/_manifests?last=sha256%3A5e022189f7e57e0b8b59d87a7c8d448eef7fc7a94418395ca8f0ffbed1d4cb84\u0026n=2\u0026orderby=\u003E; rel=\u0022next\u0022",
        "Server": "openresty",
        "Strict-Transport-Security": [
          "max-age=31536000; includeSubDomains",
          "max-age=31536000; includeSubDomains"
        ],
        "X-Content-Type-Options": "nosniff",
        "X-Ms-Correlation-Request-Id": "47937a5e-8973-4a7f-9012-30ae9f620431"
      },
      "ResponseBody": {
        "registry": "limolkovaacr.azurecr.io",
        "imageName": "library/hello-world",
        "manifests": [
          {
            "digest": "sha256:5a68d6d4e86b52b9bacc57847167c33a9c90f54924d2538ef2a75281c94a7bcc",
            "imageSize": 0,
            "createdTime": "2023-03-16T21:44:54.295038Z",
            "lastUpdateTime": "2023-03-16T21:44:54.295038Z",
            "mediaType": "application/vnd.oci.artifact.manifest.v1\u002Bjson",
            "changeableAttributes": {
              "deleteEnabled": true,
              "writeEnabled": true,
              "readEnabled": true,
              "listEnabled": true
            }
          },
          {
            "digest": "sha256:5e022189f7e57e0b8b59d87a7c8d448eef7fc7a94418395ca8f0ffbed1d4cb84",
            "imageSize": 122334473,
            "createdTime": "2023-04-17T20:53:59.8769722Z",
            "lastUpdateTime": "2023-04-17T20:53:59.8769722Z",
            "architecture": "amd64",
            "os": "windows",
            "mediaType": "application/vnd.docker.distribution.manifest.v2\u002Bjson",
            "changeableAttributes": {
              "deleteEnabled": true,
              "writeEnabled": true,
              "readEnabled": true,
              "listEnabled": true,
              "quarantineDetails": "{\u0022state\u0022:\u0022Scan Passed\u0022,\u0022link\u0022:\u0022https://aka.ms/test\u0022,\u0022scanner\u0022:\u0022Azure Security Monitoring-Qualys Scanner\u0022,\u0022result\u0022:{\u0022version\u0022:\u00222023-05-05T16:52:40.4829241Z\u0022,\u0022summary\u0022:[{\u0022severity\u0022:\u0022High\u0022,\u0022count\u0022:1},{\u0022severity\u0022:\u0022Medium\u0022,\u0022count\u0022:0},{\u0022severity\u0022:\u0022Low\u0022,\u0022count\u0022:0}]}}",
              "quarantineState": "Passed"
            }
          }
        ]
      }
    },
    {
      "RequestUri": "https://REDACTED/acr/v1/library%2Fhello-world/_manifests?last=sha256%3A5e022189f7e57e0b8b59d87a7c8d448eef7fc7a94418395ca8f0ffbed1d4cb84\u0026n=2\u0026orderby=",
      "RequestMethod": "GET",
      "RequestHeaders": {
        "Accept": "application/json",
        "Authorization": "Sanitized",
        "Content-Length": "0",
        "Date": "Wed, 14 Jun 2023 23:38:25 GMT",
        "User-Agent": "azsdk-java-azure-containers-containerregistry/1.2.0-beta.1 (17.0.4; Windows 11; 10.0)",
        "x-ms-client-request-id": "719ea464-33ff-48f2-baea-43b8b217006f"
      },
      "RequestBody": null,
      "StatusCode": 200,
      "ResponseHeaders": {
        "Access-Control-Expose-Headers": [
          "Docker-Content-Digest",
          "WWW-Authenticate",
          "Link",
          "X-Ms-Correlation-Request-Id"
        ],
        "Connection": "keep-alive",
        "Content-Length": "1543",
        "Content-Type": "application/json; charset=utf-8",
        "Date": "Wed, 14 Jun 2023 23:38:27 GMT",
        "Docker-Distribution-Api-Version": "registry/2.0",
        "Link": "\u003C/acr/v1/library%2Fhello-world/_manifests?last=sha256%3A63421b18c1443a9a85139225293fae7541fb40b7832d9deff80b6a9a75ce3604\u0026n=2\u0026orderby=\u003E; rel=\u0022next\u0022",
        "Server": "openresty",
        "Strict-Transport-Security": [
          "max-age=31536000; includeSubDomains",
          "max-age=31536000; includeSubDomains"
        ],
        "X-Content-Type-Options": "nosniff",
        "X-Ms-Correlation-Request-Id": "0fa92c4d-fa0a-4f08-b38b-55f1e5e65105"
      },
      "ResponseBody": {
        "registry": "limolkovaacr.azurecr.io",
        "imageName": "library/hello-world",
        "manifests": [
          {
            "digest": "sha256:6253ef1af25aabd67777a01c686e7c69ee612961db34c8b90da079e5473be83b",
            "imageSize": 5690,
            "createdTime": "2023-03-15T02:42:24.0012757Z",
            "lastUpdateTime": "2023-03-15T02:42:24.0012757Z",
            "architecture": "arm",
            "os": "linux",
            "mediaType": "application/vnd.docker.distribution.manifest.v2\u002Bjson",
            "changeableAttributes": {
              "deleteEnabled": true,
              "writeEnabled": true,
              "readEnabled": true,
              "listEnabled": true,
              "quarantineDetails": "{\u0022state\u0022:\u0022Scan Failed\u0022,\u0022link\u0022:\u0022https://aka.ms/test\u0022,\u0022scanner\u0022:\u0022Azure Security Monitoring-Qualys Scanner\u0022,\u0022result\u0022:{\u0022version\u0022:\u00225/1/2023 9:37:49 PM\u0022,\u0022summary\u0022:[{\u0022severity\u0022:\u0022High\u0022,\u0022count\u0022:0},{\u0022severity\u0022:\u0022Medium\u0022,\u0022count\u0022:0},{\u0022severity\u0022:\u0022Low\u0022,\u0022count\u0022:0}]}}",
              "quarantineState": "Passed"
            }
          },
          {
            "digest": "sha256:63421b18c1443a9a85139225293fae7541fb40b7832d9deff80b6a9a75ce3604",
            "imageSize": 228854995,
            "createdTime": "2023-03-15T02:42:24.8252355Z",
            "lastUpdateTime": "2023-03-15T02:42:24.8252355Z",
            "mediaType": "application/vnd.docker.distribution.manifest.list.v2\u002Bjson",
            "changeableAttributes": {
              "deleteEnabled": true,
              "writeEnabled": true,
              "readEnabled": true,
              "listEnabled": true,
              "quarantineDetails": "{\u0022state\u0022:\u0022Scan Failed\u0022,\u0022link\u0022:\u0022https://aka.ms/test\u0022,\u0022scanner\u0022:\u0022Azure Security Monitoring-Qualys Scanner\u0022,\u0022result\u0022:{\u0022version\u0022:\u00224/24/2023 11:01:58 AM\u0022,\u0022summary\u0022:[{\u0022severity\u0022:\u0022High\u0022,\u0022count\u0022:0},{\u0022severity\u0022:\u0022Medium\u0022,\u0022count\u0022:0},{\u0022severity\u0022:\u0022Low\u0022,\u0022count\u0022:0}]}}",
              "quarantineState": "Passed"
            }
          }
        ]
      }
    },
    {
      "RequestUri": "https://REDACTED/acr/v1/library%2Fhello-world/_manifests?last=sha256%3A63421b18c1443a9a85139225293fae7541fb40b7832d9deff80b6a9a75ce3604\u0026n=2\u0026orderby=",
      "RequestMethod": "GET",
      "RequestHeaders": {
        "Accept": "application/json",
        "Authorization": "Sanitized",
        "Content-Length": "0",
        "Date": "Wed, 14 Jun 2023 23:38:25 GMT",
        "User-Agent": "azsdk-java-azure-containers-containerregistry/1.2.0-beta.1 (17.0.4; Windows 11; 10.0)",
        "x-ms-client-request-id": "34f6e726-69d3-45f4-919e-b9f0a517326f"
      },
      "RequestBody": null,
      "StatusCode": 200,
      "ResponseHeaders": {
        "Access-Control-Expose-Headers": [
          "Docker-Content-Digest",
          "WWW-Authenticate",
          "Link",
          "X-Ms-Correlation-Request-Id"
        ],
        "Connection": "keep-alive",
        "Content-Length": "1556",
        "Content-Type": "application/json; charset=utf-8",
        "Date": "Wed, 14 Jun 2023 23:38:28 GMT",
        "Docker-Distribution-Api-Version": "registry/2.0",
        "Link": "\u003C/acr/v1/library%2Fhello-world/_manifests?last=sha256%3A6e8b6f026e0b9c419ea0fd02d3905dd0952ad1feea67543f525c73a0a790fefb\u0026n=2\u0026orderby=\u003E; rel=\u0022next\u0022",
        "Server": "openresty",
        "Strict-Transport-Security": [
          "max-age=31536000; includeSubDomains",
          "max-age=31536000; includeSubDomains"
        ],
        "X-Content-Type-Options": "nosniff",
        "X-Ms-Correlation-Request-Id": "d7e59862-e936-49f3-82aa-7a832f06606c"
      },
      "ResponseBody": {
        "registry": "limolkovaacr.azurecr.io",
        "imageName": "library/hello-world",
        "manifests": [
          {
            "digest": "sha256:660408e6ce09363b7dc1a30b210e1888bfa4ff7342e7d69e87463d184dc0cbad",
            "imageSize": 122124580,
            "createdTime": "2023-02-17T02:13:11.577232Z",
            "lastUpdateTime": "2023-02-17T02:13:11.577232Z",
            "architecture": "amd64",
            "os": "windows",
            "mediaType": "application/vnd.docker.distribution.manifest.v2\u002Bjson",
            "changeableAttributes": {
              "deleteEnabled": true,
              "writeEnabled": true,
              "readEnabled": true,
              "listEnabled": true,
              "quarantineDetails": "{\u0022state\u0022:\u0022Scan InProgress\u0022,\u0022link\u0022:\u0022https://aka.ms/test\u0022,\u0022scanner\u0022:\u0022Azure Security Monitoring-Qualys Scanner\u0022,\u0022result\u0022:{\u0022version\u0022:\u00223/19/2023 12:08:13 PM\u0022,\u0022summary\u0022:[{\u0022severity\u0022:\u0022High\u0022,\u0022count\u0022:0},{\u0022severity\u0022:\u0022Medium\u0022,\u0022count\u0022:0},{\u0022severity\u0022:\u0022Low\u0022,\u0022count\u0022:0}]}}",
              "quarantineState": "Passed"
            }
          },
          {
            "digest": "sha256:6e8b6f026e0b9c419ea0fd02d3905dd0952ad1feea67543f525c73a0a790fefb",
            "imageSize": 228854998,
            "createdTime": "2023-02-17T02:13:03.3899403Z",
            "lastUpdateTime": "2023-02-17T02:13:03.3899403Z",
            "mediaType": "application/vnd.docker.distribution.manifest.list.v2\u002Bjson",
            "changeableAttributes": {
              "deleteEnabled": true,
              "writeEnabled": true,
              "readEnabled": true,
              "listEnabled": true,
              "quarantineDetails": "{\u0022state\u0022:\u0022Scan Failed\u0022,\u0022link\u0022:\u0022https://aka.ms/test\u0022,\u0022scanner\u0022:\u0022Azure Security Monitoring-Qualys Scanner\u0022,\u0022result\u0022:{\u0022version\u0022:\u00224/22/2023 12:18:15 AM\u0022,\u0022summary\u0022:[{\u0022severity\u0022:\u0022High\u0022,\u0022count\u0022:0},{\u0022severity\u0022:\u0022Medium\u0022,\u0022count\u0022:0},{\u0022severity\u0022:\u0022Low\u0022,\u0022count\u0022:0}]}}",
              "quarantineState": "Passed"
            }
          }
        ]
      }
    },
    {
      "RequestUri": "https://REDACTED/acr/v1/library%2Fhello-world/_manifests?last=sha256%3A6e8b6f026e0b9c419ea0fd02d3905dd0952ad1feea67543f525c73a0a790fefb\u0026n=2\u0026orderby=",
      "RequestMethod": "GET",
      "RequestHeaders": {
        "Accept": "application/json",
        "Authorization": "Sanitized",
        "Content-Length": "0",
        "Date": "Wed, 14 Jun 2023 23:38:26 GMT",
        "User-Agent": "azsdk-java-azure-containers-containerregistry/1.2.0-beta.1 (17.0.4; Windows 11; 10.0)",
        "x-ms-client-request-id": "fc399e3c-909f-464a-9e93-31eb2b62f15b"
      },
      "RequestBody": null,
      "StatusCode": 200,
      "ResponseHeaders": {
        "Access-Control-Expose-Headers": [
          "Docker-Content-Digest",
          "WWW-Authenticate",
          "Link",
          "X-Ms-Correlation-Request-Id"
        ],
        "Connection": "keep-alive",
        "Content-Length": "1576",
        "Content-Type": "application/json; charset=utf-8",
        "Date": "Wed, 14 Jun 2023 23:38:28 GMT",
        "Docker-Distribution-Api-Version": "registry/2.0",
        "Link": "\u003C/acr/v1/library%2Fhello-world/_manifests?last=sha256%3A7b8b7289d0536a08eabdf71c20246e23f7116641db7e1d278592236ea4dcb30c\u0026n=2\u0026orderby=\u003E; rel=\u0022next\u0022",
        "Server": "openresty",
        "Strict-Transport-Security": [
          "max-age=31536000; includeSubDomains",
          "max-age=31536000; includeSubDomains"
        ],
        "X-Content-Type-Options": "nosniff",
        "X-Ms-Correlation-Request-Id": "081b7665-d87c-46b1-add3-4efc05556473"
      },
      "ResponseBody": {
        "registry": "limolkovaacr.azurecr.io",
        "imageName": "library/hello-world",
        "manifests": [
          {
            "digest": "sha256:72ba79e34f1baa40cd4d9ecd684b8389d0a1e18cf6e6d5c44c19716d25f65e20",
            "imageSize": 4973,
            "createdTime": "2023-05-04T04:21:05.8949419Z",
            "lastUpdateTime": "2023-05-04T04:21:05.8949419Z",
            "architecture": "riscv64",
            "os": "linux",
            "mediaType": "application/vnd.docker.distribution.manifest.v2\u002Bjson",
            "changeableAttributes": {
              "deleteEnabled": true,
              "writeEnabled": true,
              "readEnabled": true,
              "listEnabled": true,
              "quarantineDetails": "{\u0022state\u0022:\u0022Scan InProgress\u0022,\u0022link\u0022:\u0022https://aka.ms/test\u0022,\u0022scanner\u0022:\u0022Azure Security Monitoring-Qualys Scanner\u0022,\u0022result\u0022:{\u0022version\u0022:\u00226/14/2023 11:37:38 PM\u0022,\u0022summary\u0022:[{\u0022severity\u0022:\u0022High\u0022,\u0022count\u0022:0},{\u0022severity\u0022:\u0022Medium\u0022,\u0022count\u0022:0},{\u0022severity\u0022:\u0022Low\u0022,\u0022count\u0022:0}]}}",
              "quarantineState": "Passed"
            }
          },
          {
            "digest": "sha256:7b8b7289d0536a08eabdf71c20246e23f7116641db7e1d278592236ea4dcb30c",
            "imageSize": 5691,
            "createdTime": "2023-01-30T17:44:39.6327471Z",
            "lastUpdateTime": "2023-01-30T17:44:39.6327471Z",
            "architecture": "arm",
            "os": "linux",
            "mediaType": "application/vnd.docker.distribution.manifest.v2\u002Bjson",
            "changeableAttributes": {
              "deleteEnabled": true,
              "writeEnabled": true,
              "readEnabled": true,
              "listEnabled": true,
              "quarantineDetails": "{\u0022state\u0022:\u0022Scan Failed\u0022,\u0022link\u0022:\u0022https://aka.ms/test\u0022,\u0022scanner\u0022:\u0022Azure Security Monitoring-Qualys Scanner\u0022,\u0022result\u0022:{\u0022version\u0022:\u00223/14/2023 5:47:15 PM\u0022,\u0022summary\u0022:[{\u0022severity\u0022:\u0022High\u0022,\u0022count\u0022:0},{\u0022severity\u0022:\u0022Medium\u0022,\u0022count\u0022:0},{\u0022severity\u0022:\u0022Low\u0022,\u0022count\u0022:0}]}}",
              "quarantineState": "Passed"
            }
          }
        ]
      }
    },
    {
      "RequestUri": "https://REDACTED/acr/v1/library%2Fhello-world/_manifests?last=sha256%3A7b8b7289d0536a08eabdf71c20246e23f7116641db7e1d278592236ea4dcb30c\u0026n=2\u0026orderby=",
      "RequestMethod": "GET",
      "RequestHeaders": {
        "Accept": "application/json",
        "Authorization": "Sanitized",
        "Content-Length": "0",
        "Date": "Wed, 14 Jun 2023 23:38:26 GMT",
        "User-Agent": "azsdk-java-azure-containers-containerregistry/1.2.0-beta.1 (17.0.4; Windows 11; 10.0)",
        "x-ms-client-request-id": "93a9341d-4e66-4528-b365-a92f6c99f94f"
      },
      "RequestBody": null,
      "StatusCode": 200,
      "ResponseHeaders": {
        "Access-Control-Expose-Headers": [
          "Docker-Content-Digest",
          "WWW-Authenticate",
          "Link",
          "X-Ms-Correlation-Request-Id"
        ],
        "Connection": "keep-alive",
        "Content-Length": "1591",
        "Content-Type": "application/json; charset=utf-8",
        "Date": "Wed, 14 Jun 2023 23:38:28 GMT",
        "Docker-Distribution-Api-Version": "registry/2.0",
        "Link": "\u003C/acr/v1/library%2Fhello-world/_manifests?last=sha256%3A85481f9fb05b83c912dfdec9cea6230f2df24e5dfde84a23def8915cec2519b5\u0026n=2\u0026orderby=\u003E; rel=\u0022next\u0022",
        "Server": "openresty",
        "Strict-Transport-Security": [
          "max-age=31536000; includeSubDomains",
          "max-age=31536000; includeSubDomains"
        ],
        "X-Content-Type-Options": "nosniff",
        "X-Ms-Correlation-Request-Id": "0e225c56-091e-4905-b3b4-a944ffddd260"
      },
      "ResponseBody": {
        "registry": "limolkovaacr.azurecr.io",
        "imageName": "library/hello-world",
        "manifests": [
          {
            "digest": "sha256:7e9b6e7ba2842c91cf49f3e214d04a7a496f8214356f41d81a6e6dcad11f11e3",
            "imageSize": 4452,
            "createdTime": "2023-05-04T18:34:47.1300774Z",
            "lastUpdateTime": "2023-05-04T18:34:47.1300774Z",
            "architecture": "amd64",
            "os": "linux",
            "mediaType": "application/vnd.docker.distribution.manifest.v2\u002Bjson",
            "changeableAttributes": {
              "deleteEnabled": true,
              "writeEnabled": true,
              "readEnabled": true,
              "listEnabled": true,
              "quarantineDetails": "{\u0022state\u0022:\u0022Scan InProgress\u0022,\u0022link\u0022:\u0022https://aka.ms/test\u0022,\u0022scanner\u0022:\u0022Azure Security Monitoring-Qualys Scanner\u0022,\u0022result\u0022:{\u0022version\u0022:\u00226/14/2023 11:37:37 PM\u0022,\u0022summary\u0022:[{\u0022severity\u0022:\u0022High\u0022,\u0022count\u0022:0},{\u0022severity\u0022:\u0022Medium\u0022,\u0022count\u0022:0},{\u0022severity\u0022:\u0022Low\u0022,\u0022count\u0022:0}]}}",
              "quarantineState": "Passed"
            }
          },
          {
            "digest": "sha256:85481f9fb05b83c912dfdec9cea6230f2df24e5dfde84a23def8915cec2519b5",
            "imageSize": 120007018,
            "createdTime": "2023-05-17T22:25:17.4834479Z",
            "lastUpdateTime": "2023-05-17T22:25:17.4834479Z",
            "architecture": "amd64",
            "os": "windows",
            "mediaType": "application/vnd.docker.distribution.manifest.v2\u002Bjson",
            "changeableAttributes": {
              "deleteEnabled": true,
              "writeEnabled": true,
              "readEnabled": true,
              "listEnabled": true,
              "quarantineDetails": "{\u0022state\u0022:\u0022Scan Passed\u0022,\u0022link\u0022:\u0022https://aka.ms/test\u0022,\u0022scanner\u0022:\u0022Azure Security Monitoring-Qualys Scanner\u0022,\u0022result\u0022:{\u0022version\u0022:\u00222023-06-02T02:40:31.8711701Z\u0022,\u0022summary\u0022:[{\u0022severity\u0022:\u0022High\u0022,\u0022count\u0022:1},{\u0022severity\u0022:\u0022Medium\u0022,\u0022count\u0022:0},{\u0022severity\u0022:\u0022Low\u0022,\u0022count\u0022:0}]}}",
              "quarantineState": "Passed"
            }
          }
        ]
      }
    },
    {
      "RequestUri": "https://REDACTED/acr/v1/library%2Fhello-world/_manifests?last=sha256%3A85481f9fb05b83c912dfdec9cea6230f2df24e5dfde84a23def8915cec2519b5\u0026n=2\u0026orderby=",
      "RequestMethod": "GET",
      "RequestHeaders": {
        "Accept": "application/json",
        "Authorization": "Sanitized",
        "Content-Length": "0",
        "Date": "Wed, 14 Jun 2023 23:38:26 GMT",
        "User-Agent": "azsdk-java-azure-containers-containerregistry/1.2.0-beta.1 (17.0.4; Windows 11; 10.0)",
        "x-ms-client-request-id": "d0ab8fe0-25c4-46c1-80eb-93dab73d5c07"
      },
      "RequestBody": null,
      "StatusCode": 200,
      "ResponseHeaders": {
        "Access-Control-Expose-Headers": [
          "Docker-Content-Digest",
          "WWW-Authenticate",
          "Link",
          "X-Ms-Correlation-Request-Id"
        ],
        "Connection": "keep-alive",
        "Content-Length": "1597",
        "Content-Type": "application/json; charset=utf-8",
        "Date": "Wed, 14 Jun 2023 23:38:28 GMT",
        "Docker-Distribution-Api-Version": "registry/2.0",
        "Link": "\u003C/acr/v1/library%2Fhello-world/_manifests?last=sha256%3A87b9ca29151260634b95efb84d43b05335dc3ed36cc132e2b920dd1955342d20\u0026n=2\u0026orderby=\u003E; rel=\u0022next\u0022",
        "Server": "openresty",
        "Strict-Transport-Security": [
          "max-age=31536000; includeSubDomains",
          "max-age=31536000; includeSubDomains"
        ],
        "X-Content-Type-Options": "nosniff",
        "X-Ms-Correlation-Request-Id": "8bc9e811-8d51-4d6e-9626-6231d523e798"
      },
      "ResponseBody": {
        "registry": "limolkovaacr.azurecr.io",
        "imageName": "library/hello-world",
        "manifests": [
          {
            "digest": "sha256:85cb8a21bf48b235130639896249c369832588da34f8ae8c7f3995aa824be7d5",
            "imageSize": 122105243,
            "createdTime": "2023-01-30T17:44:40.9850695Z",
            "lastUpdateTime": "2023-01-30T17:44:40.9850695Z",
            "architecture": "amd64",
            "os": "windows",
            "mediaType": "application/vnd.docker.distribution.manifest.v2\u002Bjson",
            "changeableAttributes": {
              "deleteEnabled": true,
              "writeEnabled": true,
              "readEnabled": true,
              "listEnabled": true,
              "quarantineDetails": "{\u0022state\u0022:\u0022Scan InProgress\u0022,\u0022link\u0022:\u0022https://aka.ms/test\u0022,\u0022scanner\u0022:\u0022Azure Security Monitoring-Qualys Scanner\u0022,\u0022result\u0022:{\u0022version\u0022:\u00222/28/2023 9:54:32 PM\u0022,\u0022summary\u0022:[{\u0022severity\u0022:\u0022High\u0022,\u0022count\u0022:0},{\u0022severity\u0022:\u0022Medium\u0022,\u0022count\u0022:0},{\u0022severity\u0022:\u0022Low\u0022,\u0022count\u0022:0}]}}",
              "quarantineState": "Passed"
            }
          },
          {
            "digest": "sha256:87b9ca29151260634b95efb84d43b05335dc3ed36cc132e2b920dd1955342d20",
            "imageSize": 106671756,
            "createdTime": "2023-01-30T17:44:40.6348419Z",
            "lastUpdateTime": "2023-01-30T17:44:40.6348419Z",
            "architecture": "amd64",
            "os": "windows",
            "mediaType": "application/vnd.docker.distribution.manifest.v2\u002Bjson",
            "changeableAttributes": {
              "deleteEnabled": true,
              "writeEnabled": true,
              "readEnabled": true,
              "listEnabled": true,
              "quarantineDetails": "{\u0022state\u0022:\u0022Scan Passed\u0022,\u0022link\u0022:\u0022https://aka.ms/test\u0022,\u0022scanner\u0022:\u0022Azure Security Monitoring-Qualys Scanner\u0022,\u0022result\u0022:{\u0022version\u0022:\u00222023-02-25T00:13:48.9884180Z\u0022,\u0022summary\u0022:[{\u0022severity\u0022:\u0022High\u0022,\u0022count\u0022:0},{\u0022severity\u0022:\u0022Medium\u0022,\u0022count\u0022:0},{\u0022severity\u0022:\u0022Low\u0022,\u0022count\u0022:0}]}}",
              "quarantineState": "Passed"
            }
          }
        ]
      }
    },
    {
      "RequestUri": "https://REDACTED/acr/v1/library%2Fhello-world/_manifests?last=sha256%3A87b9ca29151260634b95efb84d43b05335dc3ed36cc132e2b920dd1955342d20\u0026n=2\u0026orderby=",
      "RequestMethod": "GET",
      "RequestHeaders": {
        "Accept": "application/json",
        "Authorization": "Sanitized",
        "Content-Length": "0",
        "Date": "Wed, 14 Jun 2023 23:38:26 GMT",
        "User-Agent": "azsdk-java-azure-containers-containerregistry/1.2.0-beta.1 (17.0.4; Windows 11; 10.0)",
        "x-ms-client-request-id": "02dfc0ac-1e01-4b16-98e8-1af0a3a0a7dd"
      },
      "RequestBody": null,
      "StatusCode": 200,
      "ResponseHeaders": {
        "Access-Control-Expose-Headers": [
          "Docker-Content-Digest",
          "WWW-Authenticate",
          "Link",
          "X-Ms-Correlation-Request-Id"
        ],
        "Connection": "keep-alive",
        "Content-Length": "1587",
        "Content-Type": "application/json; charset=utf-8",
        "Date": "Wed, 14 Jun 2023 23:38:28 GMT",
        "Docker-Distribution-Api-Version": "registry/2.0",
        "Link": "\u003C/acr/v1/library%2Fhello-world/_manifests?last=sha256%3A98c9722322be649df94780d3fbe594fce7996234b259f27eac9428b84050c849\u0026n=2\u0026orderby=\u003E; rel=\u0022next\u0022",
        "Server": "openresty",
        "Strict-Transport-Security": [
          "max-age=31536000; includeSubDomains",
          "max-age=31536000; includeSubDomains"
        ],
        "X-Content-Type-Options": "nosniff",
        "X-Ms-Correlation-Request-Id": "a77919da-9669-4efa-ae1a-d638483300f0"
      },
      "ResponseBody": {
        "registry": "limolkovaacr.azurecr.io",
        "imageName": "library/hello-world",
        "manifests": [
          {
            "digest": "sha256:8ecc1906cb80f3250bc965d853a1d0ad964ab40d2ae929d0a8b9f04250d749b5",
            "imageSize": 106794618,
            "createdTime": "2023-04-17T20:53:58.8667526Z",
            "lastUpdateTime": "2023-04-17T20:53:58.8667526Z",
            "architecture": "amd64",
            "os": "windows",
            "mediaType": "application/vnd.docker.distribution.manifest.v2\u002Bjson",
            "changeableAttributes": {
              "deleteEnabled": true,
              "writeEnabled": true,
              "readEnabled": true,
              "listEnabled": true,
              "quarantineDetails": "{\u0022state\u0022:\u0022Scan Passed\u0022,\u0022link\u0022:\u0022https://aka.ms/test\u0022,\u0022scanner\u0022:\u0022Azure Security Monitoring-Qualys Scanner\u0022,\u0022result\u0022:{\u0022version\u0022:\u00222023-05-05T16:52:40.4829241Z\u0022,\u0022summary\u0022:[{\u0022severity\u0022:\u0022High\u0022,\u0022count\u0022:1},{\u0022severity\u0022:\u0022Medium\u0022,\u0022count\u0022:0},{\u0022severity\u0022:\u0022Low\u0022,\u0022count\u0022:0}]}}",
              "quarantineState": "Passed"
            }
          },
          {
            "digest": "sha256:98c9722322be649df94780d3fbe594fce7996234b259f27eac9428b84050c849",
            "imageSize": 4996,
            "createdTime": "2023-01-30T17:44:40.6737843Z",
            "lastUpdateTime": "2023-01-30T17:44:40.6737843Z",
            "architecture": "riscv64",
            "os": "linux",
            "mediaType": "application/vnd.docker.distribution.manifest.v2\u002Bjson",
            "changeableAttributes": {
              "deleteEnabled": true,
              "writeEnabled": true,
              "readEnabled": true,
              "listEnabled": true,
              "quarantineDetails": "{\u0022state\u0022:\u0022Scan Failed\u0022,\u0022link\u0022:\u0022https://aka.ms/test\u0022,\u0022scanner\u0022:\u0022Azure Security Monitoring-Qualys Scanner\u0022,\u0022result\u0022:{\u0022version\u0022:\u00225/1/2023 9:38:50 PM\u0022,\u0022summary\u0022:[{\u0022severity\u0022:\u0022High\u0022,\u0022count\u0022:0},{\u0022severity\u0022:\u0022Medium\u0022,\u0022count\u0022:0},{\u0022severity\u0022:\u0022Low\u0022,\u0022count\u0022:0}]}}",
              "quarantineState": "Passed"
            }
          }
        ]
      }
    },
    {
      "RequestUri": "https://REDACTED/acr/v1/library%2Fhello-world/_manifests?last=sha256%3A98c9722322be649df94780d3fbe594fce7996234b259f27eac9428b84050c849\u0026n=2\u0026orderby=",
      "RequestMethod": "GET",
      "RequestHeaders": {
        "Accept": "application/json",
        "Authorization": "Sanitized",
        "Content-Length": "0",
        "Date": "Wed, 14 Jun 2023 23:38:26 GMT",
        "User-Agent": "azsdk-java-azure-containers-containerregistry/1.2.0-beta.1 (17.0.4; Windows 11; 10.0)",
        "x-ms-client-request-id": "0286fa79-342b-42c6-abf4-1c2c9d380212"
      },
      "RequestBody": null,
      "StatusCode": 200,
      "ResponseHeaders": {
        "Access-Control-Expose-Headers": [
          "Docker-Content-Digest",
          "WWW-Authenticate",
          "Link",
          "X-Ms-Correlation-Request-Id"
        ],
        "Connection": "keep-alive",
        "Content-Length": "1540",
        "Content-Type": "application/json; charset=utf-8",
        "Date": "Wed, 14 Jun 2023 23:38:28 GMT",
        "Docker-Distribution-Api-Version": "registry/2.0",
        "Link": "\u003C/acr/v1/library%2Fhello-world/_manifests?last=sha256%3A9eabfcf6034695c4f6208296be9090b0a3487e20fb6a5cb056525242621cf73d\u0026n=2\u0026orderby=\u003E; rel=\u0022next\u0022",
        "Server": "openresty",
        "Strict-Transport-Security": [
          "max-age=31536000; includeSubDomains",
          "max-age=31536000; includeSubDomains"
        ],
        "X-Content-Type-Options": "nosniff",
        "X-Ms-Correlation-Request-Id": "119671b0-71e2-44b8-9fa6-96da3ebdc8d5"
      },
      "ResponseBody": {
        "registry": "limolkovaacr.azurecr.io",
        "imageName": "library/hello-world",
        "manifests": [
          {
            "digest": "sha256:995efde2e81b21d1ea7066aa77a59298a62a9e9fbb4b77f36c189774ec9b1089",
            "imageSize": 4729,
            "createdTime": "2023-01-30T17:44:39.8721049Z",
            "lastUpdateTime": "2023-01-30T17:44:39.8721049Z",
            "architecture": "386",
            "os": "linux",
            "mediaType": "application/vnd.docker.distribution.manifest.v2\u002Bjson",
            "changeableAttributes": {
              "deleteEnabled": true,
              "writeEnabled": true,
              "readEnabled": true,
              "listEnabled": true,
              "quarantineDetails": "{\u0022state\u0022:\u0022Scan Failed\u0022,\u0022link\u0022:\u0022https://aka.ms/test\u0022,\u0022scanner\u0022:\u0022Azure Security Monitoring-Qualys Scanner\u0022,\u0022result\u0022:{\u0022version\u0022:\u00225/4/2023 5:34:30 AM\u0022,\u0022summary\u0022:[{\u0022severity\u0022:\u0022High\u0022,\u0022count\u0022:0},{\u0022severity\u0022:\u0022Medium\u0022,\u0022count\u0022:0},{\u0022severity\u0022:\u0022Low\u0022,\u0022count\u0022:0}]}}",
              "quarantineState": "Passed"
            }
          },
          {
            "digest": "sha256:9eabfcf6034695c4f6208296be9090b0a3487e20fb6a5cb056525242621cf73d",
            "imageSize": 229178879,
            "createdTime": "2023-05-09T00:32:26.327083Z",
            "lastUpdateTime": "2023-05-09T00:32:26.327083Z",
            "mediaType": "application/vnd.docker.distribution.manifest.list.v2\u002Bjson",
            "changeableAttributes": {
              "deleteEnabled": true,
              "writeEnabled": true,
              "readEnabled": true,
              "listEnabled": true,
              "quarantineDetails": "{\u0022state\u0022:\u0022Scan Failed\u0022,\u0022link\u0022:\u0022https://aka.ms/test\u0022,\u0022scanner\u0022:\u0022Azure Security Monitoring-Qualys Scanner\u0022,\u0022result\u0022:{\u0022version\u0022:\u00226/9/2023 10:44:07 AM\u0022,\u0022summary\u0022:[{\u0022severity\u0022:\u0022High\u0022,\u0022count\u0022:0},{\u0022severity\u0022:\u0022Medium\u0022,\u0022count\u0022:0},{\u0022severity\u0022:\u0022Low\u0022,\u0022count\u0022:0}]}}",
              "quarantineState": "Passed"
            }
          }
        ]
      }
    },
    {
      "RequestUri": "https://REDACTED/acr/v1/library%2Fhello-world/_manifests?last=sha256%3A9eabfcf6034695c4f6208296be9090b0a3487e20fb6a5cb056525242621cf73d\u0026n=2\u0026orderby=",
      "RequestMethod": "GET",
      "RequestHeaders": {
        "Accept": "application/json",
        "Authorization": "Sanitized",
        "Content-Length": "0",
        "Date": "Wed, 14 Jun 2023 23:38:26 GMT",
        "User-Agent": "azsdk-java-azure-containers-containerregistry/1.2.0-beta.1 (17.0.4; Windows 11; 10.0)",
        "x-ms-client-request-id": "b83656d7-0135-466a-ac5f-3d21fa1eb65a"
      },
      "RequestBody": null,
      "StatusCode": 200,
      "ResponseHeaders": {
        "Access-Control-Expose-Headers": [
          "Docker-Content-Digest",
          "WWW-Authenticate",
          "Link",
          "X-Ms-Correlation-Request-Id"
        ],
        "Connection": "keep-alive",
        "Content-Length": "1547",
        "Content-Type": "application/json; charset=utf-8",
        "Date": "Wed, 14 Jun 2023 23:38:28 GMT",
        "Docker-Distribution-Api-Version": "registry/2.0",
        "Link": "\u003C/acr/v1/library%2Fhello-world/_manifests?last=sha256%3Aa0a386314d69d1514d7aa63d12532b284bf37bba15ed7b4fc1a3f86605f86c63\u0026n=2\u0026orderby=\u003E; rel=\u0022next\u0022",
        "Server": "openresty",
        "Strict-Transport-Security": [
          "max-age=31536000; includeSubDomains",
          "max-age=31536000; includeSubDomains"
        ],
        "X-Content-Type-Options": "nosniff",
        "X-Ms-Correlation-Request-Id": "890e6a79-0b64-4a4f-8832-78ca0897bb63"
      },
      "ResponseBody": {
        "registry": "limolkovaacr.azurecr.io",
        "imageName": "library/hello-world",
        "manifests": [
          {
            "digest": "sha256:a018c0741483753da06f5994ee4b5fcdbbdb8c23ab9e8543009689745c175fd8",
            "imageSize": 229178894,
            "createdTime": "2023-05-04T18:34:46.7600923Z",
            "lastUpdateTime": "2023-05-04T18:34:46.7600923Z",
            "mediaType": "application/vnd.docker.distribution.manifest.list.v2\u002Bjson",
            "changeableAttributes": {
              "deleteEnabled": true,
              "writeEnabled": true,
              "readEnabled": true,
              "listEnabled": true,
              "quarantineDetails": "{\u0022state\u0022:\u0022Scan Failed\u0022,\u0022link\u0022:\u0022https://aka.ms/test\u0022,\u0022scanner\u0022:\u0022Azure Security Monitoring-Qualys Scanner\u0022,\u0022result\u0022:{\u0022version\u0022:\u00226/8/2023 8:10:59 PM\u0022,\u0022summary\u0022:[{\u0022severity\u0022:\u0022High\u0022,\u0022count\u0022:0},{\u0022severity\u0022:\u0022Medium\u0022,\u0022count\u0022:0},{\u0022severity\u0022:\u0022Low\u0022,\u0022count\u0022:0}]}}",
              "quarantineState": "Passed"
            }
          },
          {
            "digest": "sha256:a0a386314d69d1514d7aa63d12532b284bf37bba15ed7b4fc1a3f86605f86c63",
            "imageSize": 4986,
            "createdTime": "2023-05-04T18:34:46.9056186Z",
            "lastUpdateTime": "2023-05-04T18:34:46.9056186Z",
            "architecture": "arm",
            "os": "linux",
            "mediaType": "application/vnd.docker.distribution.manifest.v2\u002Bjson",
            "changeableAttributes": {
              "deleteEnabled": true,
              "writeEnabled": true,
              "readEnabled": true,
              "listEnabled": true,
              "quarantineDetails": "{\u0022state\u0022:\u0022Scan InProgress\u0022,\u0022link\u0022:\u0022https://aka.ms/test\u0022,\u0022scanner\u0022:\u0022Azure Security Monitoring-Qualys Scanner\u0022,\u0022result\u0022:{\u0022version\u0022:\u00226/14/2023 11:37:39 PM\u0022,\u0022summary\u0022:[{\u0022severity\u0022:\u0022High\u0022,\u0022count\u0022:0},{\u0022severity\u0022:\u0022Medium\u0022,\u0022count\u0022:0},{\u0022severity\u0022:\u0022Low\u0022,\u0022count\u0022:0}]}}",
              "quarantineState": "Passed"
            }
          }
        ]
      }
    },
    {
      "RequestUri": "https://REDACTED/acr/v1/library%2Fhello-world/_manifests?last=sha256%3Aa0a386314d69d1514d7aa63d12532b284bf37bba15ed7b4fc1a3f86605f86c63\u0026n=2\u0026orderby=",
      "RequestMethod": "GET",
      "RequestHeaders": {
        "Accept": "application/json",
        "Authorization": "Sanitized",
        "Content-Length": "0",
        "Date": "Wed, 14 Jun 2023 23:38:26 GMT",
        "User-Agent": "azsdk-java-azure-containers-containerregistry/1.2.0-beta.1 (17.0.4; Windows 11; 10.0)",
        "x-ms-client-request-id": "b4bb23e2-2195-4629-bc7e-e96429107d49"
      },
      "RequestBody": null,
      "StatusCode": 200,
      "ResponseHeaders": {
        "Access-Control-Expose-Headers": [
          "Docker-Content-Digest",
          "WWW-Authenticate",
          "Link",
          "X-Ms-Correlation-Request-Id"
        ],
        "Connection": "keep-alive",
        "Content-Length": "1561",
        "Content-Type": "application/json; charset=utf-8",
        "Date": "Wed, 14 Jun 2023 23:38:28 GMT",
        "Docker-Distribution-Api-Version": "registry/2.0",
        "Link": "\u003C/acr/v1/library%2Fhello-world/_manifests?last=sha256%3Ab4aaa8a7d6bcaddce4de86d84fda8e8c47363583f273a792f5a21a71b4e80d15\u0026n=2\u0026orderby=\u003E; rel=\u0022next\u0022",
        "Server": "openresty",
        "Strict-Transport-Security": [
          "max-age=31536000; includeSubDomains",
          "max-age=31536000; includeSubDomains"
        ],
        "X-Content-Type-Options": "nosniff",
        "X-Ms-Correlation-Request-Id": "5c5a441a-6397-464a-b4dc-a6048cde6a45"
      },
      "ResponseBody": {
        "registry": "limolkovaacr.azurecr.io",
        "imageName": "library/hello-world",
        "manifests": [
          {
            "digest": "sha256:aa0cc8055b82dc2509bed2e19b275c8f463506616377219d9642221ab53cf9fe",
            "imageSize": 228826953,
            "createdTime": "2023-01-30T17:44:39.8443205Z",
            "lastUpdateTime": "2023-01-30T17:44:39.8443205Z",
            "mediaType": "application/vnd.docker.distribution.manifest.list.v2\u002Bjson",
            "changeableAttributes": {
              "deleteEnabled": true,
              "writeEnabled": true,
              "readEnabled": true,
              "listEnabled": true,
              "quarantineDetails": "{\u0022state\u0022:\u0022Scan InProgress\u0022,\u0022link\u0022:\u0022https://aka.ms/test\u0022,\u0022scanner\u0022:\u0022Azure Security Monitoring-Qualys Scanner\u0022,\u0022result\u0022:{\u0022version\u0022:\u00223/25/2023 9:14:45 AM\u0022,\u0022summary\u0022:[{\u0022severity\u0022:\u0022High\u0022,\u0022count\u0022:0},{\u0022severity\u0022:\u0022Medium\u0022,\u0022count\u0022:0},{\u0022severity\u0022:\u0022Low\u0022,\u0022count\u0022:0}]}}",
              "quarantineState": "Passed"
            }
          },
          {
            "digest": "sha256:b4aaa8a7d6bcaddce4de86d84fda8e8c47363583f273a792f5a21a71b4e80d15",
            "imageSize": 120034213,
            "createdTime": "2023-06-14T23:37:42.5661395Z",
            "lastUpdateTime": "2023-06-14T23:37:42.5661395Z",
            "architecture": "amd64",
            "os": "windows",
            "mediaType": "application/vnd.docker.distribution.manifest.v2\u002Bjson",
            "changeableAttributes": {
              "deleteEnabled": true,
              "writeEnabled": true,
              "readEnabled": true,
              "listEnabled": true,
              "quarantineDetails": "{\u0022state\u0022:\u0022Scan InProgress\u0022,\u0022link\u0022:\u0022https://aka.ms/test\u0022,\u0022scanner\u0022:\u0022Azure Security Monitoring-Qualys Scanner\u0022,\u0022result\u0022:{\u0022version\u0022:\u00226/14/2023 11:37:43 PM\u0022,\u0022summary\u0022:[{\u0022severity\u0022:\u0022High\u0022,\u0022count\u0022:0},{\u0022severity\u0022:\u0022Medium\u0022,\u0022count\u0022:0},{\u0022severity\u0022:\u0022Low\u0022,\u0022count\u0022:0}]}}",
              "quarantineState": "Passed"
            }
          }
        ]
      }
    },
    {
      "RequestUri": "https://REDACTED/acr/v1/library%2Fhello-world/_manifests?last=sha256%3Ab4aaa8a7d6bcaddce4de86d84fda8e8c47363583f273a792f5a21a71b4e80d15\u0026n=2\u0026orderby=",
      "RequestMethod": "GET",
      "RequestHeaders": {
        "Accept": "application/json",
        "Authorization": "Sanitized",
        "Content-Length": "0",
        "Date": "Wed, 14 Jun 2023 23:38:26 GMT",
        "User-Agent": "azsdk-java-azure-containers-containerregistry/1.2.0-beta.1 (17.0.4; Windows 11; 10.0)",
        "x-ms-client-request-id": "c336027d-128d-429f-ae06-ab2386033782"
      },
      "RequestBody": null,
      "StatusCode": 200,
      "ResponseHeaders": {
        "Access-Control-Expose-Headers": [
          "Docker-Content-Digest",
          "WWW-Authenticate",
          "Link",
          "X-Ms-Correlation-Request-Id"
        ],
        "Connection": "keep-alive",
        "Content-Length": "1249",
        "Content-Type": "application/json; charset=utf-8",
        "Date": "Wed, 14 Jun 2023 23:38:28 GMT",
        "Docker-Distribution-Api-Version": "registry/2.0",
        "Link": "\u003C/acr/v1/library%2Fhello-world/_manifests?last=sha256%3Ac2e23624975516c7e27b1b25be3682a8c6c4c0cea011b791ce98aa423b5040a0\u0026n=2\u0026orderby=\u003E; rel=\u0022next\u0022",
        "Server": "openresty",
        "Strict-Transport-Security": [
          "max-age=31536000; includeSubDomains",
          "max-age=31536000; includeSubDomains"
        ],
        "X-Content-Type-Options": "nosniff",
        "X-Ms-Correlation-Request-Id": "8479c802-2e44-46c8-9776-336edad2c004"
      },
      "ResponseBody": {
        "registry": "limolkovaacr.azurecr.io",
        "imageName": "library/hello-world",
        "manifests": [
          {
            "digest": "sha256:b836bb24a270b9cc935962d8228517fde0f16990e88893d935efcb1b14c0017a",
            "imageSize": 5925,
            "createdTime": "2023-01-30T17:44:41.3291185Z",
            "lastUpdateTime": "2023-01-30T17:44:41.3291185Z",
            "architecture": "ppc64le",
            "os": "linux",
            "mediaType": "application/vnd.docker.distribution.manifest.v2\u002Bjson",
            "changeableAttributes": {
              "deleteEnabled": true,
              "writeEnabled": true,
              "readEnabled": true,
              "listEnabled": true,
              "quarantineDetails": "{\u0022state\u0022:\u0022Scan InProgress\u0022,\u0022link\u0022:\u0022https://aka.ms/test\u0022,\u0022scanner\u0022:\u0022Azure Security Monitoring-Qualys Scanner\u0022,\u0022result\u0022:{\u0022version\u0022:\u00223/14/2023 6:38:58 PM\u0022,\u0022summary\u0022:[{\u0022severity\u0022:\u0022High\u0022,\u0022count\u0022:0},{\u0022severity\u0022:\u0022Medium\u0022,\u0022count\u0022:0},{\u0022severity\u0022:\u0022Low\u0022,\u0022count\u0022:0}]}}",
              "quarantineState": "Passed"
            }
          },
          {
            "digest": "sha256:c2e23624975516c7e27b1b25be3682a8c6c4c0cea011b791ce98aa423b5040a0",
            "imageSize": 224487553,
            "createdTime": "2023-06-14T23:37:36.3371818Z",
            "lastUpdateTime": "2023-06-14T23:37:36.3371818Z",
            "mediaType": "application/vnd.docker.distribution.manifest.list.v2\u002Bjson",
            "tags": [
              "latest",
              "v1",
              "v2",
              "v3",
              "v4"
            ],
            "changeableAttributes": {
              "deleteEnabled": true,
              "writeEnabled": true,
              "readEnabled": true,
              "listEnabled": true
            }
          }
        ]
      }
    },
    {
      "RequestUri": "https://REDACTED/acr/v1/library%2Fhello-world/_manifests?last=sha256%3Ac2e23624975516c7e27b1b25be3682a8c6c4c0cea011b791ce98aa423b5040a0\u0026n=2\u0026orderby=",
      "RequestMethod": "GET",
      "RequestHeaders": {
        "Accept": "application/json",
        "Authorization": "Sanitized",
        "Content-Length": "0",
        "Date": "Wed, 14 Jun 2023 23:38:26 GMT",
        "User-Agent": "azsdk-java-azure-containers-containerregistry/1.2.0-beta.1 (17.0.4; Windows 11; 10.0)",
        "x-ms-client-request-id": "22076ae2-013e-4009-866b-5aab71b9bacc"
      },
      "RequestBody": null,
      "StatusCode": 200,
      "ResponseHeaders": {
        "Access-Control-Expose-Headers": [
          "Docker-Content-Digest",
          "WWW-Authenticate",
          "Link",
          "X-Ms-Correlation-Request-Id"
        ],
        "Connection": "keep-alive",
        "Content-Length": "1544",
        "Content-Type": "application/json; charset=utf-8",
        "Date": "Wed, 14 Jun 2023 23:38:28 GMT",
        "Docker-Distribution-Api-Version": "registry/2.0",
        "Link": "\u003C/acr/v1/library%2Fhello-world/_manifests?last=sha256%3Ae74fcc1c1b5a1f05feda3eec4d6f0dbe306fd7da45d4769ea6063d52746cf41b\u0026n=2\u0026orderby=\u003E; rel=\u0022next\u0022",
        "Server": "openresty",
        "Strict-Transport-Security": [
          "max-age=31536000; includeSubDomains",
          "max-age=31536000; includeSubDomains"
        ],
        "X-Content-Type-Options": "nosniff",
        "X-Ms-Correlation-Request-Id": "150de760-4cf7-4079-90fd-317a24b2541d"
      },
      "ResponseBody": {
        "registry": "limolkovaacr.azurecr.io",
        "imageName": "library/hello-world",
        "manifests": [
          {
            "digest": "sha256:c7b6944911848ce39b44ed660d95fb54d69bbd531de724c7ce6fc9f743c0b861",
            "imageSize": 5270,
            "createdTime": "2023-01-30T17:44:40.7885419Z",
            "lastUpdateTime": "2023-01-30T17:44:40.7885419Z",
            "architecture": "s390x",
            "os": "linux",
            "mediaType": "application/vnd.docker.distribution.manifest.v2\u002Bjson",
            "changeableAttributes": {
              "deleteEnabled": true,
              "writeEnabled": true,
              "readEnabled": true,
              "listEnabled": true,
              "quarantineDetails": "{\u0022state\u0022:\u0022Scan Failed\u0022,\u0022link\u0022:\u0022https://aka.ms/test\u0022,\u0022scanner\u0022:\u0022Azure Security Monitoring-Qualys Scanner\u0022,\u0022result\u0022:{\u0022version\u0022:\u00225/4/2023 10:04:20 PM\u0022,\u0022summary\u0022:[{\u0022severity\u0022:\u0022High\u0022,\u0022count\u0022:0},{\u0022severity\u0022:\u0022Medium\u0022,\u0022count\u0022:0},{\u0022severity\u0022:\u0022Low\u0022,\u0022count\u0022:0}]}}",
              "quarantineState": "Passed"
            }
          },
          {
            "digest": "sha256:e74fcc1c1b5a1f05feda3eec4d6f0dbe306fd7da45d4769ea6063d52746cf41b",
            "imageSize": 229178995,
            "createdTime": "2023-05-04T04:21:05.0010048Z",
            "lastUpdateTime": "2023-05-04T04:21:05.0010048Z",
            "mediaType": "application/vnd.docker.distribution.manifest.list.v2\u002Bjson",
            "changeableAttributes": {
              "deleteEnabled": true,
              "writeEnabled": true,
              "readEnabled": true,
              "listEnabled": true,
              "quarantineDetails": "{\u0022state\u0022:\u0022Scan Failed\u0022,\u0022link\u0022:\u0022https://aka.ms/test\u0022,\u0022scanner\u0022:\u0022Azure Security Monitoring-Qualys Scanner\u0022,\u0022result\u0022:{\u0022version\u0022:\u00226/3/2023 9:05:34 PM\u0022,\u0022summary\u0022:[{\u0022severity\u0022:\u0022High\u0022,\u0022count\u0022:0},{\u0022severity\u0022:\u0022Medium\u0022,\u0022count\u0022:0},{\u0022severity\u0022:\u0022Low\u0022,\u0022count\u0022:0}]}}",
              "quarantineState": "Passed"
            }
          }
        ]
      }
    },
    {
      "RequestUri": "https://REDACTED/acr/v1/library%2Fhello-world/_manifests?last=sha256%3Ae74fcc1c1b5a1f05feda3eec4d6f0dbe306fd7da45d4769ea6063d52746cf41b\u0026n=2\u0026orderby=",
      "RequestMethod": "GET",
      "RequestHeaders": {
        "Accept": "application/json",
        "Authorization": "Sanitized",
        "Content-Length": "0",
        "Date": "Wed, 14 Jun 2023 23:38:26 GMT",
        "User-Agent": "azsdk-java-azure-containers-containerregistry/1.2.0-beta.1 (17.0.4; Windows 11; 10.0)",
        "x-ms-client-request-id": "4b007a0b-a56f-476a-a067-0429eb4f6e4d"
      },
      "RequestBody": null,
      "StatusCode": 200,
      "ResponseHeaders": {
        "Access-Control-Expose-Headers": [
          "Docker-Content-Digest",
          "WWW-Authenticate",
          "Link",
          "X-Ms-Correlation-Request-Id"
        ],
        "Connection": "keep-alive",
        "Content-Length": "1578",
        "Content-Type": "application/json; charset=utf-8",
        "Date": "Wed, 14 Jun 2023 23:38:29 GMT",
        "Docker-Distribution-Api-Version": "registry/2.0",
        "Link": "\u003C/acr/v1/library%2Fhello-world/_manifests?last=sha256%3Aefebf0f7aee69450f99deafe11121afa720abed733943e50581a9dc7540689c8\u0026n=2\u0026orderby=\u003E; rel=\u0022next\u0022",
        "Server": "openresty",
        "Strict-Transport-Security": [
          "max-age=31536000; includeSubDomains",
          "max-age=31536000; includeSubDomains"
        ],
        "X-Content-Type-Options": "nosniff",
        "X-Ms-Correlation-Request-Id": "f77e70b6-cea0-4841-8cd8-765b9fc712af"
      },
      "ResponseBody": {
        "registry": "limolkovaacr.azurecr.io",
        "imageName": "library/hello-world",
        "manifests": [
          {
            "digest": "sha256:eb11b1a194ff8e236a01eff392c4e1296a53b0fb4780d8b0382f7996a15d5392",
            "imageSize": 6090,
            "createdTime": "2023-01-30T17:44:40.7386105Z",
            "lastUpdateTime": "2023-01-30T17:44:40.7386105Z",
            "architecture": "mips64le",
            "os": "linux",
            "mediaType": "application/vnd.docker.distribution.manifest.v2\u002Bjson",
            "changeableAttributes": {
              "deleteEnabled": true,
              "writeEnabled": true,
              "readEnabled": true,
              "listEnabled": true,
              "quarantineDetails": "{\u0022state\u0022:\u0022Scan Failed\u0022,\u0022link\u0022:\u0022https://aka.ms/test\u0022,\u0022scanner\u0022:\u0022Azure Security Monitoring-Qualys Scanner\u0022,\u0022result\u0022:{\u0022version\u0022:\u00225/4/2023 5:34:31 AM\u0022,\u0022summary\u0022:[{\u0022severity\u0022:\u0022High\u0022,\u0022count\u0022:0},{\u0022severity\u0022:\u0022Medium\u0022,\u0022count\u0022:0},{\u0022severity\u0022:\u0022Low\u0022,\u0022count\u0022:0}]}}",
              "quarantineState": "Passed"
            }
          },
          {
            "digest": "sha256:efebf0f7aee69450f99deafe11121afa720abed733943e50581a9dc7540689c8",
            "imageSize": 5200,
            "createdTime": "2023-05-04T18:34:46.9804426Z",
            "lastUpdateTime": "2023-05-04T18:34:46.9804426Z",
            "architecture": "arm64",
            "os": "linux",
            "mediaType": "application/vnd.docker.distribution.manifest.v2\u002Bjson",
            "changeableAttributes": {
              "deleteEnabled": true,
              "writeEnabled": true,
              "readEnabled": true,
              "listEnabled": true,
              "quarantineDetails": "{\u0022state\u0022:\u0022Scan InProgress\u0022,\u0022link\u0022:\u0022https://aka.ms/test\u0022,\u0022scanner\u0022:\u0022Azure Security Monitoring-Qualys Scanner\u0022,\u0022result\u0022:{\u0022version\u0022:\u00226/14/2023 11:38:28 PM\u0022,\u0022summary\u0022:[{\u0022severity\u0022:\u0022High\u0022,\u0022count\u0022:0},{\u0022severity\u0022:\u0022Medium\u0022,\u0022count\u0022:0},{\u0022severity\u0022:\u0022Low\u0022,\u0022count\u0022:0}]}}",
              "quarantineState": "Passed"
            }
          }
        ]
      }
    },
    {
      "RequestUri": "https://REDACTED/acr/v1/library%2Fhello-world/_manifests?last=sha256%3Aefebf0f7aee69450f99deafe11121afa720abed733943e50581a9dc7540689c8\u0026n=2\u0026orderby=",
      "RequestMethod": "GET",
      "RequestHeaders": {
        "Accept": "application/json",
        "Authorization": "Sanitized",
        "Content-Length": "0",
        "Date": "Wed, 14 Jun 2023 23:38:27 GMT",
        "User-Agent": "azsdk-java-azure-containers-containerregistry/1.2.0-beta.1 (17.0.4; Windows 11; 10.0)",
        "x-ms-client-request-id": "7fd57a6b-bab0-4b36-a6f8-3c20dcad0bf9"
      },
      "RequestBody": null,
      "StatusCode": 200,
      "ResponseHeaders": {
        "Access-Control-Expose-Headers": [
          "Docker-Content-Digest",
          "WWW-Authenticate",
          "Link",
          "X-Ms-Correlation-Request-Id"
        ],
        "Connection": "keep-alive",
        "Content-Length": "1598",
        "Content-Type": "application/json; charset=utf-8",
        "Date": "Wed, 14 Jun 2023 23:38:29 GMT",
        "Docker-Distribution-Api-Version": "registry/2.0",
        "Link": "\u003C/acr/v1/library%2Fhello-world/_manifests?last=sha256%3Af139ab66fdc388020ea59bc16452f137b6a194b2bfc5153a408a7c670a10b85a\u0026n=2\u0026orderby=\u003E; rel=\u0022next\u0022",
        "Server": "openresty",
        "Strict-Transport-Security": [
          "max-age=31536000; includeSubDomains",
          "max-age=31536000; includeSubDomains"
        ],
        "X-Content-Type-Options": "nosniff",
        "X-Ms-Correlation-Request-Id": "b2435ec9-4a09-4aa1-b5e1-5c40fec7898c"
      },
      "ResponseBody": {
        "registry": "limolkovaacr.azurecr.io",
        "imageName": "library/hello-world",
        "manifests": [
          {
            "digest": "sha256:f01c39d7dc9bff6475b855fe3a94a5233955696b3b8090222807010230a553c6",
            "imageSize": 106680464,
            "createdTime": "2023-02-17T02:13:11.3019299Z",
            "lastUpdateTime": "2023-02-17T02:13:11.3019299Z",
            "architecture": "amd64",
            "os": "windows",
            "mediaType": "application/vnd.docker.distribution.manifest.v2\u002Bjson",
            "changeableAttributes": {
              "deleteEnabled": true,
              "writeEnabled": true,
              "readEnabled": true,
              "listEnabled": true,
              "quarantineDetails": "{\u0022state\u0022:\u0022Scan Passed\u0022,\u0022link\u0022:\u0022https://aka.ms/test\u0022,\u0022scanner\u0022:\u0022Azure Security Monitoring-Qualys Scanner\u0022,\u0022result\u0022:{\u0022version\u0022:\u00222023-03-15T17:35:11.3159789Z\u0022,\u0022summary\u0022:[{\u0022severity\u0022:\u0022High\u0022,\u0022count\u0022:0},{\u0022severity\u0022:\u0022Medium\u0022,\u0022count\u0022:0},{\u0022severity\u0022:\u0022Low\u0022,\u0022count\u0022:0}]}}",
              "quarantineState": "Passed"
            }
          },
          {
            "digest": "sha256:f139ab66fdc388020ea59bc16452f137b6a194b2bfc5153a408a7c670a10b85a",
            "imageSize": 104403552,
            "createdTime": "2023-06-14T23:37:42.4001562Z",
            "lastUpdateTime": "2023-06-14T23:37:42.4001562Z",
            "architecture": "amd64",
            "os": "windows",
            "mediaType": "application/vnd.docker.distribution.manifest.v2\u002Bjson",
            "changeableAttributes": {
              "deleteEnabled": true,
              "writeEnabled": true,
              "readEnabled": true,
              "listEnabled": true,
              "quarantineDetails": "{\u0022state\u0022:\u0022Scan InProgress\u0022,\u0022link\u0022:\u0022https://aka.ms/test\u0022,\u0022scanner\u0022:\u0022Azure Security Monitoring-Qualys Scanner\u0022,\u0022result\u0022:{\u0022version\u0022:\u00226/14/2023 11:37:43 PM\u0022,\u0022summary\u0022:[{\u0022severity\u0022:\u0022High\u0022,\u0022count\u0022:0},{\u0022severity\u0022:\u0022Medium\u0022,\u0022count\u0022:0},{\u0022severity\u0022:\u0022Low\u0022,\u0022count\u0022:0}]}}",
              "quarantineState": "Passed"
            }
          }
        ]
      }
    },
    {
      "RequestUri": "https://REDACTED/acr/v1/library%2Fhello-world/_manifests?last=sha256%3Af139ab66fdc388020ea59bc16452f137b6a194b2bfc5153a408a7c670a10b85a\u0026n=2\u0026orderby=",
      "RequestMethod": "GET",
      "RequestHeaders": {
        "Accept": "application/json",
        "Authorization": "Sanitized",
        "Content-Length": "0",
        "Date": "Wed, 14 Jun 2023 23:38:27 GMT",
        "User-Agent": "azsdk-java-azure-containers-containerregistry/1.2.0-beta.1 (17.0.4; Windows 11; 10.0)",
        "x-ms-client-request-id": "ffac2679-e438-4944-847c-c3234a715610"
      },
      "RequestBody": null,
      "StatusCode": 200,
      "ResponseHeaders": {
        "Access-Control-Expose-Headers": [
          "Docker-Content-Digest",
          "WWW-Authenticate",
          "Link",
          "X-Ms-Correlation-Request-Id"
        ],
        "Connection": "keep-alive",
        "Content-Length": "1583",
        "Content-Type": "application/json; charset=utf-8",
        "Date": "Wed, 14 Jun 2023 23:38:29 GMT",
        "Docker-Distribution-Api-Version": "registry/2.0",
        "Link": "\u003C/acr/v1/library%2Fhello-world/_manifests?last=sha256%3Af54a58bc1aac5ea1a25d796ae155dc228b3f0e11d046ae276b39c4bf2f13d8c4\u0026n=2\u0026orderby=\u003E; rel=\u0022next\u0022",
        "Server": "openresty",
        "Strict-Transport-Security": [
          "max-age=31536000; includeSubDomains",
          "max-age=31536000; includeSubDomains"
        ],
        "X-Content-Type-Options": "nosniff",
        "X-Ms-Correlation-Request-Id": "c7ae4892-be03-4149-a2d1-e0ac7974ceec"
      },
      "ResponseBody": {
        "registry": "limolkovaacr.azurecr.io",
        "imageName": "library/hello-world",
        "manifests": [
          {
            "digest": "sha256:f5094c800af671abfc125480b44bd223bdb54d0d2b065de6f9f8e9cdf25dead8",
            "imageSize": 122177389,
            "createdTime": "2023-03-16T03:17:58.3453962Z",
            "lastUpdateTime": "2023-03-16T03:17:58.3453962Z",
            "architecture": "amd64",
            "os": "windows",
            "mediaType": "application/vnd.docker.distribution.manifest.v2\u002Bjson",
            "changeableAttributes": {
              "deleteEnabled": true,
              "writeEnabled": true,
              "readEnabled": true,
              "listEnabled": true,
              "quarantineDetails": "{\u0022state\u0022:\u0022Scan InProgress\u0022,\u0022link\u0022:\u0022https://aka.ms/test\u0022,\u0022scanner\u0022:\u0022Azure Security Monitoring-Qualys Scanner\u0022,\u0022result\u0022:{\u0022version\u0022:\u00224/12/2023 12:27:50 AM\u0022,\u0022summary\u0022:[{\u0022severity\u0022:\u0022High\u0022,\u0022count\u0022:0},{\u0022severity\u0022:\u0022Medium\u0022,\u0022count\u0022:0},{\u0022severity\u0022:\u0022Low\u0022,\u0022count\u0022:0}]}}",
              "quarantineState": "Passed"
            }
          },
          {
            "digest": "sha256:f54a58bc1aac5ea1a25d796ae155dc228b3f0e11d046ae276b39c4bf2f13d8c4",
            "imageSize": 4473,
            "createdTime": "2023-01-30T17:44:39.6779114Z",
            "lastUpdateTime": "2023-01-30T17:44:39.6779114Z",
            "architecture": "amd64",
            "os": "linux",
            "mediaType": "application/vnd.docker.distribution.manifest.v2\u002Bjson",
            "changeableAttributes": {
              "deleteEnabled": true,
              "writeEnabled": true,
              "readEnabled": true,
              "listEnabled": true,
              "quarantineDetails": "{\u0022state\u0022:\u0022Scan Failed\u0022,\u0022link\u0022:\u0022https://aka.ms/test\u0022,\u0022scanner\u0022:\u0022Azure Security Monitoring-Qualys Scanner\u0022,\u0022result\u0022:{\u0022version\u0022:\u00225/20/2023 3:54:45 AM\u0022,\u0022summary\u0022:[{\u0022severity\u0022:\u0022High\u0022,\u0022count\u0022:0},{\u0022severity\u0022:\u0022Medium\u0022,\u0022count\u0022:0},{\u0022severity\u0022:\u0022Low\u0022,\u0022count\u0022:0}]}}",
              "quarantineState": "Passed"
            }
          }
        ]
      }
    },
    {
      "RequestUri": "https://REDACTED/acr/v1/library%2Fhello-world/_manifests?last=sha256%3Af54a58bc1aac5ea1a25d796ae155dc228b3f0e11d046ae276b39c4bf2f13d8c4\u0026n=2\u0026orderby=",
      "RequestMethod": "GET",
      "RequestHeaders": {
        "Accept": "application/json",
        "Authorization": "Sanitized",
        "Content-Length": "0",
        "Date": "Wed, 14 Jun 2023 23:38:27 GMT",
        "User-Agent": "azsdk-java-azure-containers-containerregistry/1.2.0-beta.1 (17.0.4; Windows 11; 10.0)",
        "x-ms-client-request-id": "f0e02ab3-3bb4-4b01-b00b-6a31f2eb2ab0"
      },
      "RequestBody": null,
      "StatusCode": 200,
      "ResponseHeaders": {
        "Access-Control-Expose-Headers": [
          "Docker-Content-Digest",
          "WWW-Authenticate",
          "Link",
          "X-Ms-Correlation-Request-Id"
        ],
        "Connection": "keep-alive",
        "Content-Length": "1551",
        "Content-Type": "application/json; charset=utf-8",
        "Date": "Wed, 14 Jun 2023 23:38:29 GMT",
        "Docker-Distribution-Api-Version": "registry/2.0",
        "Link": "\u003C/acr/v1/library%2Fhello-world/_manifests?last=sha256%3Afc6cf906cbfa013e80938cdf0bb199fbdbb86d6e3e013783e5a766f50f5dbce0\u0026n=2\u0026orderby=\u003E; rel=\u0022next\u0022",
        "Server": "openresty",
        "Strict-Transport-Security": [
          "max-age=31536000; includeSubDomains",
          "max-age=31536000; includeSubDomains"
        ],
        "X-Content-Type-Options": "nosniff",
        "X-Ms-Correlation-Request-Id": "60bdc06c-45e3-4a68-b034-5768e0b4a047"
      },
      "ResponseBody": {
        "registry": "limolkovaacr.azurecr.io",
        "imageName": "library/hello-world",
        "manifests": [
          {
            "digest": "sha256:fbe0ff1e7697da39d987a975c737a7d2fa40b6e7f7f40c00b1dcc387b9ac0e85",
            "imageSize": 5918,
            "createdTime": "2023-05-09T00:32:27.1329904Z",
            "lastUpdateTime": "2023-05-09T00:32:27.1329904Z",
            "architecture": "ppc64le",
            "os": "linux",
            "mediaType": "application/vnd.docker.distribution.manifest.v2\u002Bjson",
            "changeableAttributes": {
              "deleteEnabled": true,
              "writeEnabled": true,
              "readEnabled": true,
              "listEnabled": true,
              "quarantineDetails": "{\u0022state\u0022:\u0022Scan InProgress\u0022,\u0022link\u0022:\u0022https://aka.ms/test\u0022,\u0022scanner\u0022:\u0022Azure Security Monitoring-Qualys Scanner\u0022,\u0022result\u0022:{\u0022version\u0022:\u00226/14/2023 11:37:38 PM\u0022,\u0022summary\u0022:[{\u0022severity\u0022:\u0022High\u0022,\u0022count\u0022:0},{\u0022severity\u0022:\u0022Medium\u0022,\u0022count\u0022:0},{\u0022severity\u0022:\u0022Low\u0022,\u0022count\u0022:0}]}}",
              "quarantineState": "Passed"
            }
          },
          {
            "digest": "sha256:fc6cf906cbfa013e80938cdf0bb199fbdbb86d6e3e013783e5a766f50f5dbce0",
            "imageSize": 224446477,
            "createdTime": "2023-05-17T22:25:11.0413065Z",
            "lastUpdateTime": "2023-05-17T22:25:11.0413065Z",
            "mediaType": "application/vnd.docker.distribution.manifest.list.v2\u002Bjson",
            "changeableAttributes": {
              "deleteEnabled": true,
              "writeEnabled": true,
              "readEnabled": true,
              "listEnabled": true,
              "quarantineDetails": "{\u0022state\u0022:\u0022Scan Failed\u0022,\u0022link\u0022:\u0022https://aka.ms/test\u0022,\u0022scanner\u0022:\u0022Azure Security Monitoring-Qualys Scanner\u0022,\u0022result\u0022:{\u0022version\u0022:\u00226/9/2023 1:57:33 PM\u0022,\u0022summary\u0022:[{\u0022severity\u0022:\u0022High\u0022,\u0022count\u0022:0},{\u0022severity\u0022:\u0022Medium\u0022,\u0022count\u0022:0},{\u0022severity\u0022:\u0022Low\u0022,\u0022count\u0022:0}]}}",
              "quarantineState": "Passed"
            }
          }
        ]
      }
    },
    {
      "RequestUri": "https://REDACTED/acr/v1/library%2Fhello-world/_manifests?last=sha256%3Afc6cf906cbfa013e80938cdf0bb199fbdbb86d6e3e013783e5a766f50f5dbce0\u0026n=2\u0026orderby=",
      "RequestMethod": "GET",
      "RequestHeaders": {
        "Accept": "application/json",
        "Authorization": "Sanitized",
        "Content-Length": "0",
        "Date": "Wed, 14 Jun 2023 23:38:27 GMT",
        "User-Agent": "azsdk-java-azure-containers-containerregistry/1.2.0-beta.1 (17.0.4; Windows 11; 10.0)",
        "x-ms-client-request-id": "493d7b75-eb97-4e7c-962c-cdab1c774682"
      },
      "RequestBody": null,
      "StatusCode": 200,
      "ResponseHeaders": {
        "Access-Control-Expose-Headers": [
          "Docker-Content-Digest",
          "WWW-Authenticate",
          "Link",
          "X-Ms-Correlation-Request-Id"
        ],
        "Connection": "keep-alive",
        "Content-Length": "803",
        "Content-Type": "application/json; charset=utf-8",
        "Date": "Wed, 14 Jun 2023 23:38:29 GMT",
        "Docker-Distribution-Api-Version": "registry/2.0",
        "Server": "openresty",
        "Strict-Transport-Security": [
          "max-age=31536000; includeSubDomains",
          "max-age=31536000; includeSubDomains"
        ],
        "X-Content-Type-Options": "nosniff",
        "X-Ms-Correlation-Request-Id": "1c80240f-4c00-48f2-a08a-7506ba87e8b3"
      },
      "ResponseBody": {
        "registry": "limolkovaacr.azurecr.io",
        "imageName": "library/hello-world",
        "manifests": [
          {
            "digest": "sha256:ffb13da98453e0f04d33a6eee5bb8e46ee50d08ebe17735fc0779d0349e889e9",
            "imageSize": 228917194,
            "createdTime": "2023-03-16T03:17:50.4343333Z",
            "lastUpdateTime": "2023-03-16T03:17:50.4343333Z",
            "mediaType": "application/vnd.docker.distribution.manifest.list.v2\u002Bjson",
            "changeableAttributes": {
              "deleteEnabled": true,
              "writeEnabled": true,
              "readEnabled": true,
              "listEnabled": true,
              "quarantineDetails": "{\u0022state\u0022:\u0022Scan Failed\u0022,\u0022link\u0022:\u0022https://aka.ms/test\u0022,\u0022scanner\u0022:\u0022Azure Security Monitoring-Qualys Scanner\u0022,\u0022result\u0022:{\u0022version\u0022:\u00225/14/2023 8:37:26 AM\u0022,\u0022summary\u0022:[{\u0022severity\u0022:\u0022High\u0022,\u0022count\u0022:0},{\u0022severity\u0022:\u0022Medium\u0022,\u0022count\u0022:0},{\u0022severity\u0022:\u0022Low\u0022,\u0022count\u0022:0}]}}",
              "quarantineState": "Passed"
            }
          }
        ]
      }
    }
  ],
  "Variables": {}
}
