{
  "Entries": [
    {
      "RequestUri": "https://REDACTED/acr/v1/_catalog?api-version=2021-07-01",
      "RequestMethod": "GET",
      "RequestHeaders": {
        "Accept": "application/json",
        "Content-Length": "0",
        "Date": "Thu, 06 Jun 2024 01:17:51 GMT",
        "User-Agent": "azsdk-java-azure-containers-containerregistry/1.3.0-beta.1 (17.0.9; Windows 11; 10.0)",
        "x-ms-client-request-id": "Sanitized"
      },
      "RequestBody": null,
      "StatusCode": 401,
      "ResponseHeaders": {
        "Access-Control-Expose-Headers": [
          "Docker-Content-Digest",
          "WWW-Authenticate",
          "Link",
          "X-Ms-Correlation-Request-Id"
        ],
        "Connection": "keep-alive",
        "Content-Length": "196",
        "Content-Type": "application/json; charset=utf-8",
        "Date": "Thu, 06 Jun 2024 01:17:53 GMT",
        "Docker-Distribution-Api-Version": "registry/2.0",
        "Server": "AzureContainerRegistry",
        "Strict-Transport-Security": [
          "max-age=31536000; includeSubDomains",
          "max-age=31536000; includeSubDomains"
        ],
        "WWW-Authenticate": "Bearer realm=\"https://REDACTED\",service=\"REDACTED\",scope=\"registry:catalog:*\"",
        "X-Content-Type-Options": "nosniff",
        "X-Ms-Correlation-Request-Id": "09f4144e-c43e-435d-b952-52cb08ffe08f"
      },
      "ResponseBody": {
        "errors": [
          {
            "code": "UNAUTHORIZED",
            "message": "authentication required, visit https://aka.ms/acr/authorization for more information.",
            "detail": [
              {
                "Type": "registry",
                "Name": "catalog",
                "Action": "*"
              }
            ]
          }
        ]
      }
    },
    {
      "RequestUri": "https://REDACTED/oauth2/token?api-version=2021-07-01",
      "RequestMethod": "POST",
      "RequestHeaders": {
        "Accept": "application/json",
        "Content-Length": "67",
        "Content-Type": "application/x-www-form-urlencoded",
        "Date": "Thu, 06 Jun 2024 01:17:51 GMT",
        "User-Agent": "azsdk-java-azure-containers-containerregistry/1.3.0-beta.1 (17.0.9; Windows 11; 10.0)",
        "x-ms-client-request-id": "Sanitized"
      },
      "RequestBody": "service=REDACTED&scope=registry%3Acatalog%3A%2A&grant_type=password",
      "StatusCode": 200,
      "ResponseHeaders": {
        "Connection": "keep-alive",
        "Content-Type": "application/json; charset=utf-8",
        "Date": "Thu, 06 Jun 2024 01:17:53 GMT",
        "Server": "AzureContainerRegistry",
        "Strict-Transport-Security": "max-age=31536000; includeSubDomains",
        "Transfer-Encoding": "chunked",
        "X-Ms-Correlation-Request-Id": "98511532-3c4e-48f1-b64b-4ee32cb1e8d7",
        "x-ms-ratelimit-remaining-calls-per-second": "166.65"
      },
      "ResponseBody": {
        "access_token": "Sanitized"
      }
    },
    {
      "RequestUri": "https://REDACTED/acr/v1/_catalog?api-version=2021-07-01",
      "RequestMethod": "GET",
      "RequestHeaders": {
        "Accept": "application/json",
        "Authorization": "Sanitized",
        "Content-Length": "0",
        "Date": "Thu, 06 Jun 2024 01:17:51 GMT",
        "User-Agent": "azsdk-java-azure-containers-containerregistry/1.3.0-beta.1 (17.0.9; Windows 11; 10.0)",
        "x-ms-client-request-id": "Sanitized"
      },
      "RequestBody": null,
      "StatusCode": 200,
      "ResponseHeaders": {
        "Access-Control-Expose-Headers": [
          "Docker-Content-Digest",
          "WWW-Authenticate",
          "Link",
          "X-Ms-Correlation-Request-Id"
        ],
        "Connection": "keep-alive",
        "Content-Length": "41",
        "Content-Type": "application/json; charset=utf-8",
        "Date": "Thu, 06 Jun 2024 01:17:53 GMT",
        "Docker-Distribution-Api-Version": "registry/2.0",
        "Server": "AzureContainerRegistry",
        "Strict-Transport-Security": [
          "max-age=31536000; includeSubDomains",
          "max-age=31536000; includeSubDomains"
        ],
        "X-Content-Type-Options": "nosniff",
        "X-Ms-Correlation-Request-Id": "557ba4df-bdce-4d93-9a0d-1aa0575948e3"
      },
      "ResponseBody": {
        "repositories": [
          "library/hello-world"
        ]
      }
    }
  ],
  "Variables": {}
}
