{
  "Entries": [
    {
      "RequestUri": "https://REDACTED/subscriptions/00000000-0000-0000-0000-000000000000/resourcegroups/rgnemv02289d8217f?api-version=2022-09-01",
      "RequestMethod": "PUT",
      "RequestHeaders": {
        "Accept": "application/json",
        "Authorization": "Sanitized",
        "Content-Length": "21",
        "Content-Type": "application/json",
        "Date": "Thu, 27 Jul 2023 06:10:36 GMT",
        "User-Agent": "azsdk-java-com.azure.resourcemanager.resources/2.29.0-beta.1 (17; Windows 10; 10.0)",
        "x-ms-client-request-id": "9b7d2b17-fefb-4c94-89d1-8b7eb881579e",
        "x-ms-return-client-request-id": "true"
      },
      "RequestBody": {
        "location": "westus"
      },
      "StatusCode": 201,
      "ResponseHeaders": {
        "Cache-Control": "no-cache",
        "Content-Length": "231",
        "Content-Type": "application/json; charset=utf-8",
        "Date": "Thu, 27 Jul 2023 06:10:42 GMT",
        "Expires": "-1",
        "Pragma": "no-cache",
        "Strict-Transport-Security": "max-age=31536000; includeSubDomains",
        "X-Content-Type-Options": "nosniff",
        "x-ms-correlation-request-id": "dc16b746-3f2d-4046-ac5b-a28d19e3c113",
        "x-ms-ratelimit-remaining-subscription-writes": "1199",
        "x-ms-request-id": "dc16b746-3f2d-4046-ac5b-a28d19e3c113",
        "x-ms-routing-request-id": "SOUTHEASTASIA:20230727T061042Z:dc16b746-3f2d-4046-ac5b-a28d19e3c113"
      },
      "ResponseBody": {
        "id": "/subscriptions/ec0aa5f7-9e78-40c9-85cd-535c6305b380/resourceGroups/rgnemv02289d8217f",
        "name": "rgnemv02289d8217f",
        "type": "Microsoft.Resources/resourceGroups",
        "location": "westus",
        "properties": {
          "provisioningState": "Succeeded"
        }
      }
    },
    {
      "RequestUri": "https://REDACTED/subscriptions/00000000-0000-0000-0000-000000000000/resourceGroups/rgnemv02289d8217f/providers/Microsoft.DocumentDB/databaseAccounts/docdb22822?api-version=2023-04-15",
      "RequestMethod": "PUT",
      "RequestHeaders": {
        "Accept": "application/json",
        "Authorization": "Sanitized",
        "Content-Length": "278",
        "Content-Type": "application/json",
        "Date": "Thu, 27 Jul 2023 06:10:42 GMT",
        "User-Agent": "azsdk-java-com.azure.resourcemanager.cosmos/2.29.0-beta.1 (17; Windows 10; 10.0)",
        "x-ms-client-request-id": "263ce38f-3d81-4797-8065-24d33c69e966",
        "x-ms-return-client-request-id": "true"
      },
      "RequestBody": {
        "location": "westus",
        "tags": {},
        "kind": "GlobalDocumentDB",
        "properties": {
          "consistencyPolicy": {
            "defaultConsistencyLevel": "Eventual"
          },
          "locations": [
            {
              "locationName": "eastus",
              "failoverPriority": 0
            },
            {
              "locationName": "westus3",
              "failoverPriority": 1
            }
          ],
          "databaseAccountOfferType": "Standard"
        }
      },
      "StatusCode": 200,
      "ResponseHeaders": {
        "Azure-AsyncOperation": "https://management.azure.com/subscriptions/ec0aa5f7-9e78-40c9-85cd-535c6305b380/providers/Microsoft.DocumentDB/locations/westus/operationsStatus/0dbb7c7a-1743-4967-9f79-91a98cd8c177?api-version=2023-04-15",
        "Cache-Control": "no-store, no-cache",
        "Content-Length": "2277",
        "Content-Type": "application/json",
        "Date": "Thu, 27 Jul 2023 06:10:50 GMT",
        "Location": "https://management.azure.com/subscriptions/ec0aa5f7-9e78-40c9-85cd-535c6305b380/resourceGroups/rgnemv02289d8217f/providers/Microsoft.DocumentDB/databaseAccounts/docdb22822/operationResults/0dbb7c7a-1743-4967-9f79-91a98cd8c177?api-version=2023-04-15",
        "Pragma": "no-cache",
        "Server": "Microsoft-HTTPAPI/2.0",
        "Strict-Transport-Security": "max-age=31536000; includeSubDomains",
        "X-Content-Type-Options": "nosniff",
        "x-ms-correlation-request-id": "55b8fb6e-d4a6-4501-89b7-19ba98346740",
        "x-ms-gatewayversion": "version=2.14.0",
        "x-ms-ratelimit-remaining-subscription-writes": "1198",
        "x-ms-request-id": "0dbb7c7a-1743-4967-9f79-91a98cd8c177",
        "x-ms-routing-request-id": "SOUTHEASTASIA:20230727T061050Z:55b8fb6e-d4a6-4501-89b7-19ba98346740"
      },
      "ResponseBody": {
        "id": "/subscriptions/ec0aa5f7-9e78-40c9-85cd-535c6305b380/resourceGroups/rgnemv02289d8217f/providers/Microsoft.DocumentDB/databaseAccounts/docdb22822",
        "name": "docdb22822",
        "location": "West US",
        "type": "Microsoft.DocumentDB/databaseAccounts",
        "kind": "GlobalDocumentDB",
        "tags": {},
        "systemData": {
          "createdAt": "2023-07-27T06:10:47.4717525Z"
        },
        "properties": {
          "provisioningState": "Creating",
          "publicNetworkAccess": "Enabled",
          "enableAutomaticFailover": false,
          "enableMultipleWriteLocations": false,
          "enablePartitionKeyMonitor": false,
          "isVirtualNetworkFilterEnabled": false,
          "virtualNetworkRules": [],
          "EnabledApiTypes": "Sql",
          "disableKeyBasedMetadataWriteAccess": false,
          "enableFreeTier": false,
          "enableAnalyticalStorage": false,
          "analyticalStorageConfiguration": {
            "schemaType": "WellDefined"
          },
          "instanceId": "d0ff60bc-1e71-4760-a8c7-671b0d4e4b1b",
          "databaseAccountOfferType": "Standard",
          "enableCassandraConnector": false,
          "connectorOffer": "",
          "defaultIdentity": "",
          "networkAclBypass": "None",
          "disableLocalAuth": false,
          "enablePartitionMerge": false,
          "minimalTlsVersion": "Tls12",
          "consistencyPolicy": {
            "defaultConsistencyLevel": "Eventual",
            "maxIntervalInSeconds": 5,
            "maxStalenessPrefix": 100
          },
          "configurationOverrides": {},
          "writeLocations": [
            {
              "id": "docdb22822-eastus",
              "locationName": "East US",
              "provisioningState": "Creating",
              "failoverPriority": 0,
              "isZoneRedundant": false
            }
          ],
          "readLocations": [
            {
              "id": "docdb22822-eastus",
              "locationName": "East US",
              "provisioningState": "Creating",
              "failoverPriority": 0,
              "isZoneRedundant": false
            }
          ],
          "locations": [
            {
              "id": "docdb22822-eastus",
              "locationName": "East US",
              "provisioningState": "Creating",
              "failoverPriority": 0,
              "isZoneRedundant": false
            }
          ],
          "failoverPolicies": [
            {
              "id": "docdb22822-eastus",
              "locationName": "East US",
              "failoverPriority": 0
            }
          ],
          "cors": [],
          "capabilities": [],
          "ipRules": [],
          "backupPolicy": {
            "type": "Periodic",
            "periodicModeProperties": {
              "backupIntervalInMinutes": 240,
              "backupRetentionIntervalInHours": 8,
              "backupStorageRedundancy": "Invalid"
            }
          },
          "networkAclBypassResourceIds": [],
          "keysMetadata": {
            "primaryMasterKey": {
              "generationTime": "2023-07-27T06:10:47.4717525Z"
            },
            "secondaryMasterKey": {
              "generationTime": "2023-07-27T06:10:47.4717525Z"
            },
            "primaryReadonlyMasterKey": {
              "generationTime": "2023-07-27T06:10:47.4717525Z"
            },
            "secondaryReadonlyMasterKey": {
              "generationTime": "2023-07-27T06:10:47.4717525Z"
            }
          }
        },
        "identity": {
          "type": "None"
        }
      }
    },
    {
      "RequestUri": "https://REDACTED/subscriptions/00000000-0000-0000-0000-000000000000/providers/Microsoft.DocumentDB/locations/westus/operationsStatus/0dbb7c7a-1743-4967-9f79-91a98cd8c177?api-version=2023-04-15",
      "RequestMethod": "GET",
      "RequestHeaders": {
        "Accept": "application/json",
        "Authorization": "Sanitized",
        "Content-Length": "0",
        "Date": "Thu, 27 Jul 2023 06:11:20 GMT",
        "User-Agent": "azsdk-java-com.azure.resourcemanager.cosmos/2.29.0-beta.1 (17; Windows 10; 10.0)",
        "x-ms-client-request-id": "aa4a25aa-4a57-4eae-be76-4e91a1402d03",
        "x-ms-return-client-request-id": "true"
      },
      "RequestBody": null,
      "StatusCode": 200,
      "ResponseHeaders": {
        "Cache-Control": "no-store, no-cache",
        "Content-Length": "21",
        "Content-Type": "application/json",
        "Date": "Thu, 27 Jul 2023 06:11:21 GMT",
        "Pragma": "no-cache",
        "Server": "Microsoft-HTTPAPI/2.0",
        "Strict-Transport-Security": "max-age=31536000; includeSubDomains",
        "X-Content-Type-Options": "nosniff",
        "x-ms-correlation-request-id": "4abd8a00-5857-4e1e-a6bc-3470abde254f",
        "x-ms-gatewayversion": "version=2.14.0",
        "x-ms-ratelimit-remaining-subscription-reads": "11998",
        "x-ms-request-id": "4abd8a00-5857-4e1e-a6bc-3470abde254f",
        "x-ms-routing-request-id": "SOUTHEASTASIA:20230727T061121Z:4abd8a00-5857-4e1e-a6bc-3470abde254f"
      },
      "ResponseBody": {
        "status": "Dequeued"
      }
    },
    {
      "RequestUri": "https://REDACTED/subscriptions/00000000-0000-0000-0000-000000000000/providers/Microsoft.DocumentDB/locations/westus/operationsStatus/0dbb7c7a-1743-4967-9f79-91a98cd8c177?api-version=2023-04-15",
      "RequestMethod": "GET",
      "RequestHeaders": {
        "Accept": "application/json",
        "Authorization": "Sanitized",
        "Content-Length": "0",
        "Date": "Thu, 27 Jul 2023 06:11:51 GMT",
        "User-Agent": "azsdk-java-com.azure.resourcemanager.cosmos/2.29.0-beta.1 (17; Windows 10; 10.0)",
        "x-ms-client-request-id": "5184135f-c7ad-4e65-8c00-64624e21f8fd",
        "x-ms-return-client-request-id": "true"
      },
      "RequestBody": null,
      "StatusCode": 200,
      "ResponseHeaders": {
        "Cache-Control": "no-store, no-cache",
        "Content-Length": "21",
        "Content-Type": "application/json",
        "Date": "Thu, 27 Jul 2023 06:11:51 GMT",
        "Pragma": "no-cache",
        "Server": "Microsoft-HTTPAPI/2.0",
        "Strict-Transport-Security": "max-age=31536000; includeSubDomains",
        "X-Content-Type-Options": "nosniff",
        "x-ms-correlation-request-id": "b85dc606-e1bc-455a-8fa0-61c9635fa9ef",
        "x-ms-gatewayversion": "version=2.14.0",
        "x-ms-ratelimit-remaining-subscription-reads": "11993",
        "x-ms-request-id": "b85dc606-e1bc-455a-8fa0-61c9635fa9ef",
        "x-ms-routing-request-id": "SOUTHEASTASIA:20230727T061152Z:b85dc606-e1bc-455a-8fa0-61c9635fa9ef"
      },
      "ResponseBody": {
        "status": "Dequeued"
      }
    },
    {
      "RequestUri": "https://REDACTED/subscriptions/00000000-0000-0000-0000-000000000000/providers/Microsoft.DocumentDB/locations/westus/operationsStatus/0dbb7c7a-1743-4967-9f79-91a98cd8c177?api-version=2023-04-15",
      "RequestMethod": "GET",
      "RequestHeaders": {
        "Accept": "application/json",
        "Authorization": "Sanitized",
        "Content-Length": "0",
        "Date": "Thu, 27 Jul 2023 06:12:21 GMT",
        "User-Agent": "azsdk-java-com.azure.resourcemanager.cosmos/2.29.0-beta.1 (17; Windows 10; 10.0)",
        "x-ms-client-request-id": "89303101-00fd-4036-8f6f-f6872122f5af",
        "x-ms-return-client-request-id": "true"
      },
      "RequestBody": null,
      "StatusCode": 200,
      "ResponseHeaders": {
        "Cache-Control": "no-store, no-cache",
        "Content-Length": "21",
        "Content-Type": "application/json",
        "Date": "Thu, 27 Jul 2023 06:12:22 GMT",
        "Pragma": "no-cache",
        "Server": "Microsoft-HTTPAPI/2.0",
        "Strict-Transport-Security": "max-age=31536000; includeSubDomains",
        "X-Content-Type-Options": "nosniff",
        "x-ms-correlation-request-id": "40f588e9-b15c-4f94-b8f6-32089898a919",
        "x-ms-gatewayversion": "version=2.14.0",
        "x-ms-ratelimit-remaining-subscription-reads": "11988",
        "x-ms-request-id": "40f588e9-b15c-4f94-b8f6-32089898a919",
        "x-ms-routing-request-id": "SOUTHEASTASIA:20230727T061222Z:40f588e9-b15c-4f94-b8f6-32089898a919"
      },
      "ResponseBody": {
        "status": "Dequeued"
      }
    },
    {
      "RequestUri": "https://REDACTED/subscriptions/00000000-0000-0000-0000-000000000000/providers/Microsoft.DocumentDB/locations/westus/operationsStatus/0dbb7c7a-1743-4967-9f79-91a98cd8c177?api-version=2023-04-15",
      "RequestMethod": "GET",
      "RequestHeaders": {
        "Accept": "application/json",
        "Authorization": "Sanitized",
        "Content-Length": "0",
        "Date": "Thu, 27 Jul 2023 06:12:52 GMT",
        "User-Agent": "azsdk-java-com.azure.resourcemanager.cosmos/2.29.0-beta.1 (17; Windows 10; 10.0)",
        "x-ms-client-request-id": "df984d0a-bfbc-409d-a073-6ea7206cea2a",
        "x-ms-return-client-request-id": "true"
      },
      "RequestBody": null,
      "StatusCode": 200,
      "ResponseHeaders": {
        "Cache-Control": "no-store, no-cache",
        "Content-Length": "21",
        "Content-Type": "application/json",
        "Date": "Thu, 27 Jul 2023 06:12:53 GMT",
        "Pragma": "no-cache",
        "Server": "Microsoft-HTTPAPI/2.0",
        "Strict-Transport-Security": "max-age=31536000; includeSubDomains",
        "X-Content-Type-Options": "nosniff",
        "x-ms-correlation-request-id": "58ddb44d-b004-4a38-99d7-aee1caa31254",
        "x-ms-gatewayversion": "version=2.14.0",
        "x-ms-ratelimit-remaining-subscription-reads": "11983",
        "x-ms-request-id": "58ddb44d-b004-4a38-99d7-aee1caa31254",
        "x-ms-routing-request-id": "SOUTHEASTASIA:20230727T061253Z:58ddb44d-b004-4a38-99d7-aee1caa31254"
      },
      "ResponseBody": {
        "status": "Dequeued"
      }
    },
    {
      "RequestUri": "https://REDACTED/subscriptions/00000000-0000-0000-0000-000000000000/providers/Microsoft.DocumentDB/locations/westus/operationsStatus/0dbb7c7a-1743-4967-9f79-91a98cd8c177?api-version=2023-04-15",
      "RequestMethod": "GET",
      "RequestHeaders": {
        "Accept": "application/json",
        "Authorization": "Sanitized",
        "Content-Length": "0",
        "Date": "Thu, 27 Jul 2023 06:13:22 GMT",
        "User-Agent": "azsdk-java-com.azure.resourcemanager.cosmos/2.29.0-beta.1 (17; Windows 10; 10.0)",
        "x-ms-client-request-id": "c4031c1d-7453-4100-a775-60a730f7f068",
        "x-ms-return-client-request-id": "true"
      },
      "RequestBody": null,
      "StatusCode": 200,
      "ResponseHeaders": {
        "Cache-Control": "no-store, no-cache",
        "Content-Length": "21",
        "Content-Type": "application/json",
        "Date": "Thu, 27 Jul 2023 06:13:23 GMT",
        "Pragma": "no-cache",
        "Server": "Microsoft-HTTPAPI/2.0",
        "Strict-Transport-Security": "max-age=31536000; includeSubDomains",
        "X-Content-Type-Options": "nosniff",
        "x-ms-correlation-request-id": "69644fc0-5af0-4303-94e2-e3ad87b79a5c",
        "x-ms-gatewayversion": "version=2.14.0",
        "x-ms-ratelimit-remaining-subscription-reads": "11998",
        "x-ms-request-id": "69644fc0-5af0-4303-94e2-e3ad87b79a5c",
        "x-ms-routing-request-id": "SOUTHEASTASIA:20230727T061323Z:69644fc0-5af0-4303-94e2-e3ad87b79a5c"
      },
      "ResponseBody": {
        "status": "Dequeued"
      }
    },
    {
      "RequestUri": "https://REDACTED/subscriptions/00000000-0000-0000-0000-000000000000/providers/Microsoft.DocumentDB/locations/westus/operationsStatus/0dbb7c7a-1743-4967-9f79-91a98cd8c177?api-version=2023-04-15",
      "RequestMethod": "GET",
      "RequestHeaders": {
        "Accept": "application/json",
        "Authorization": "Sanitized",
        "Content-Length": "0",
        "Date": "Thu, 27 Jul 2023 06:13:53 GMT",
        "User-Agent": "azsdk-java-com.azure.resourcemanager.cosmos/2.29.0-beta.1 (17; Windows 10; 10.0)",
        "x-ms-client-request-id": "435a587c-6986-4b3e-9f55-820b6dee3ec0",
        "x-ms-return-client-request-id": "true"
      },
      "RequestBody": null,
      "StatusCode": 200,
      "ResponseHeaders": {
        "Cache-Control": "no-store, no-cache",
        "Content-Length": "21",
        "Content-Type": "application/json",
        "Date": "Thu, 27 Jul 2023 06:13:54 GMT",
        "Pragma": "no-cache",
        "Server": "Microsoft-HTTPAPI/2.0",
        "Strict-Transport-Security": "max-age=31536000; includeSubDomains",
        "X-Content-Type-Options": "nosniff",
        "x-ms-correlation-request-id": "3f5197d8-8446-4010-8826-bfd1b26f0ceb",
        "x-ms-gatewayversion": "version=2.14.0",
        "x-ms-ratelimit-remaining-subscription-reads": "11978",
        "x-ms-request-id": "3f5197d8-8446-4010-8826-bfd1b26f0ceb",
        "x-ms-routing-request-id": "SOUTHEASTASIA:20230727T061354Z:3f5197d8-8446-4010-8826-bfd1b26f0ceb"
      },
      "ResponseBody": {
        "status": "Dequeued"
      }
    },
    {
      "RequestUri": "https://REDACTED/subscriptions/00000000-0000-0000-0000-000000000000/providers/Microsoft.DocumentDB/locations/westus/operationsStatus/0dbb7c7a-1743-4967-9f79-91a98cd8c177?api-version=2023-04-15",
      "RequestMethod": "GET",
      "RequestHeaders": {
        "Accept": "application/json",
        "Authorization": "Sanitized",
        "Content-Length": "0",
        "Date": "Thu, 27 Jul 2023 06:14:24 GMT",
        "User-Agent": "azsdk-java-com.azure.resourcemanager.cosmos/2.29.0-beta.1 (17; Windows 10; 10.0)",
        "x-ms-client-request-id": "a1f5c8e8-fe30-4416-b442-2cdee3af36cb",
        "x-ms-return-client-request-id": "true"
      },
      "RequestBody": null,
      "StatusCode": 200,
      "ResponseHeaders": {
        "Cache-Control": "no-store, no-cache",
        "Content-Length": "22",
        "Content-Type": "application/json",
        "Date": "Thu, 27 Jul 2023 06:14:25 GMT",
        "Pragma": "no-cache",
        "Server": "Microsoft-HTTPAPI/2.0",
        "Strict-Transport-Security": "max-age=31536000; includeSubDomains",
        "X-Content-Type-Options": "nosniff",
        "x-ms-correlation-request-id": "7eab55ec-6573-47ee-a253-16f2aef222d0",
        "x-ms-gatewayversion": "version=2.14.0",
        "x-ms-ratelimit-remaining-subscription-reads": "11991",
        "x-ms-request-id": "7eab55ec-6573-47ee-a253-16f2aef222d0",
        "x-ms-routing-request-id": "SOUTHEASTASIA:20230727T061425Z:7eab55ec-6573-47ee-a253-16f2aef222d0"
      },
      "ResponseBody": {
        "status": "Succeeded"
      }
    },
    {
      "RequestUri": "https://REDACTED/subscriptions/00000000-0000-0000-0000-000000000000/resourceGroups/rgnemv02289d8217f/providers/Microsoft.DocumentDB/databaseAccounts/docdb22822?api-version=2023-04-15",
      "RequestMethod": "GET",
      "RequestHeaders": {
        "Accept": "application/json",
        "Authorization": "Sanitized",
        "Content-Length": "0",
        "Date": "Thu, 27 Jul 2023 06:14:24 GMT",
        "User-Agent": "azsdk-java-com.azure.resourcemanager.cosmos/2.29.0-beta.1 (17; Windows 10; 10.0)",
        "x-ms-client-request-id": "dd0fc2a2-21b3-430d-b985-ca254dc1068e",
        "x-ms-return-client-request-id": "true"
      },
      "RequestBody": null,
      "StatusCode": 200,
      "ResponseHeaders": {
        "Cache-Control": "no-store, no-cache",
        "Content-Length": "3122",
        "Content-Type": "application/json",
        "Date": "Thu, 27 Jul 2023 06:14:25 GMT",
        "Pragma": "no-cache",
        "Server": "Microsoft-HTTPAPI/2.0",
        "Strict-Transport-Security": "max-age=31536000; includeSubDomains",
        "X-Content-Type-Options": "nosniff",
        "x-ms-correlation-request-id": "2904f946-36ff-41d2-bc0f-53013c5448d6",
        "x-ms-gatewayversion": "version=2.14.0",
        "x-ms-ratelimit-remaining-subscription-reads": "11990",
        "x-ms-request-id": "2904f946-36ff-41d2-bc0f-53013c5448d6",
        "x-ms-routing-request-id": "SOUTHEASTASIA:20230727T061425Z:2904f946-36ff-41d2-bc0f-53013c5448d6"
      },
      "ResponseBody": {
        "id": "/subscriptions/ec0aa5f7-9e78-40c9-85cd-535c6305b380/resourceGroups/rgnemv02289d8217f/providers/Microsoft.DocumentDB/databaseAccounts/docdb22822",
        "name": "docdb22822",
        "location": "West US",
        "type": "Microsoft.DocumentDB/databaseAccounts",
        "kind": "GlobalDocumentDB",
        "tags": {},
        "systemData": {
          "createdAt": "2023-07-27T06:12:26.6045482Z"
        },
        "properties": {
          "provisioningState": "Succeeded",
          "documentEndpoint": "https://docdb22822.documents.azure.com:443/",
          "sqlEndpoint": "https://docdb22822.documents.azure.com:443/",
          "publicNetworkAccess": "Enabled",
          "enableAutomaticFailover": false,
          "enableMultipleWriteLocations": false,
          "enablePartitionKeyMonitor": false,
          "isVirtualNetworkFilterEnabled": false,
          "virtualNetworkRules": [],
          "EnabledApiTypes": "Sql",
          "disableKeyBasedMetadataWriteAccess": false,
          "enableFreeTier": false,
          "enableAnalyticalStorage": false,
          "analyticalStorageConfiguration": {
            "schemaType": "WellDefined"
          },
          "instanceId": "d0ff60bc-1e71-4760-a8c7-671b0d4e4b1b",
          "databaseAccountOfferType": "Standard",
          "enableCassandraConnector": false,
          "connectorOffer": "",
          "defaultIdentity": "FirstPartyIdentity",
          "networkAclBypass": "None",
          "disableLocalAuth": false,
          "enablePartitionMerge": false,
          "minimalTlsVersion": "Tls12",
          "consistencyPolicy": {
            "defaultConsistencyLevel": "Eventual",
            "maxIntervalInSeconds": 5,
            "maxStalenessPrefix": 100
          },
          "configurationOverrides": {},
          "writeLocations": [
            {
              "id": "docdb22822-eastus",
              "locationName": "East US",
              "documentEndpoint": "https://docdb22822-eastus.documents.azure.com:443/",
              "provisioningState": "Succeeded",
              "failoverPriority": 0,
              "isZoneRedundant": false
            }
          ],
          "readLocations": [
            {
              "id": "docdb22822-eastus",
              "locationName": "East US",
              "documentEndpoint": "https://docdb22822-eastus.documents.azure.com:443/",
              "provisioningState": "Succeeded",
              "failoverPriority": 0,
              "isZoneRedundant": false
            },
            {
              "id": "docdb22822-westus3",
              "locationName": "West US 3",
              "documentEndpoint": "https://docdb22822-westus3.documents.azure.com:443/",
              "provisioningState": "Succeeded",
              "failoverPriority": 1,
              "isZoneRedundant": false
            }
          ],
          "locations": [
            {
              "id": "docdb22822-eastus",
              "locationName": "East US",
              "documentEndpoint": "https://docdb22822-eastus.documents.azure.com:443/",
              "provisioningState": "Succeeded",
              "failoverPriority": 0,
              "isZoneRedundant": false
            },
            {
              "id": "docdb22822-westus3",
              "locationName": "West US 3",
              "documentEndpoint": "https://docdb22822-westus3.documents.azure.com:443/",
              "provisioningState": "Succeeded",
              "failoverPriority": 1,
              "isZoneRedundant": false
            }
          ],
          "failoverPolicies": [
            {
              "id": "docdb22822-eastus",
              "locationName": "East US",
              "failoverPriority": 0
            },
            {
              "id": "docdb22822-westus3",
              "locationName": "West US 3",
              "failoverPriority": 1
            }
          ],
          "cors": [],
          "capabilities": [],
          "ipRules": [],
          "backupPolicy": {
            "type": "Periodic",
            "periodicModeProperties": {
              "backupIntervalInMinutes": 240,
              "backupRetentionIntervalInHours": 8,
              "backupStorageRedundancy": "Geo"
            }
          },
          "networkAclBypassResourceIds": [],
          "keysMetadata": {
            "primaryMasterKey": {
              "generationTime": "2023-07-27T06:12:26.6045482Z"
            },
            "secondaryMasterKey": {
              "generationTime": "2023-07-27T06:12:26.6045482Z"
            },
            "primaryReadonlyMasterKey": {
              "generationTime": "2023-07-27T06:12:26.6045482Z"
            },
            "secondaryReadonlyMasterKey": {
              "generationTime": "2023-07-27T06:12:26.6045482Z"
            }
          }
        },
        "identity": {
          "type": "None"
        }
      }
    },
    {
      "RequestUri": "https://REDACTED/subscriptions/00000000-0000-0000-0000-000000000000/resourceGroups/rgnemv02289d8217f/providers/Microsoft.DocumentDB/databaseAccounts/docdb22822?api-version=2023-04-15",
      "RequestMethod": "GET",
      "RequestHeaders": {
        "Accept": "application/json",
        "Authorization": "Sanitized",
        "Content-Length": "0",
        "Content-Type": "application/json",
        "Date": "Thu, 27 Jul 2023 06:14:24 GMT",
        "User-Agent": "azsdk-java-com.azure.resourcemanager.cosmos/2.29.0-beta.1 (17; Windows 10; 10.0)",
        "x-ms-client-request-id": "b3d8dd82-d213-4608-b99a-b0fbec414b07",
        "x-ms-return-client-request-id": "true"
      },
      "RequestBody": null,
      "StatusCode": 200,
      "ResponseHeaders": {
        "Cache-Control": "no-store, no-cache",
        "Content-Length": "3122",
        "Content-Type": "application/json",
        "Date": "Thu, 27 Jul 2023 06:14:25 GMT",
        "Pragma": "no-cache",
        "Server": "Microsoft-HTTPAPI/2.0",
        "Strict-Transport-Security": "max-age=31536000; includeSubDomains",
        "X-Content-Type-Options": "nosniff",
        "x-ms-correlation-request-id": "122f3344-c1e0-44ab-9d79-aa7d882cc28c",
        "x-ms-gatewayversion": "version=2.14.0",
        "x-ms-ratelimit-remaining-subscription-reads": "11989",
        "x-ms-request-id": "122f3344-c1e0-44ab-9d79-aa7d882cc28c",
        "x-ms-routing-request-id": "SOUTHEASTASIA:20230727T061426Z:122f3344-c1e0-44ab-9d79-aa7d882cc28c"
      },
      "ResponseBody": {
        "id": "/subscriptions/ec0aa5f7-9e78-40c9-85cd-535c6305b380/resourceGroups/rgnemv02289d8217f/providers/Microsoft.DocumentDB/databaseAccounts/docdb22822",
        "name": "docdb22822",
        "location": "West US",
        "type": "Microsoft.DocumentDB/databaseAccounts",
        "kind": "GlobalDocumentDB",
        "tags": {},
        "systemData": {
          "createdAt": "2023-07-27T06:12:26.6045482Z"
        },
        "properties": {
          "provisioningState": "Succeeded",
          "documentEndpoint": "https://docdb22822.documents.azure.com:443/",
          "sqlEndpoint": "https://docdb22822.documents.azure.com:443/",
          "publicNetworkAccess": "Enabled",
          "enableAutomaticFailover": false,
          "enableMultipleWriteLocations": false,
          "enablePartitionKeyMonitor": false,
          "isVirtualNetworkFilterEnabled": false,
          "virtualNetworkRules": [],
          "EnabledApiTypes": "Sql",
          "disableKeyBasedMetadataWriteAccess": false,
          "enableFreeTier": false,
          "enableAnalyticalStorage": false,
          "analyticalStorageConfiguration": {
            "schemaType": "WellDefined"
          },
          "instanceId": "d0ff60bc-1e71-4760-a8c7-671b0d4e4b1b",
          "databaseAccountOfferType": "Standard",
          "enableCassandraConnector": false,
          "connectorOffer": "",
          "defaultIdentity": "FirstPartyIdentity",
          "networkAclBypass": "None",
          "disableLocalAuth": false,
          "enablePartitionMerge": false,
          "minimalTlsVersion": "Tls12",
          "consistencyPolicy": {
            "defaultConsistencyLevel": "Eventual",
            "maxIntervalInSeconds": 5,
            "maxStalenessPrefix": 100
          },
          "configurationOverrides": {},
          "writeLocations": [
            {
              "id": "docdb22822-eastus",
              "locationName": "East US",
              "documentEndpoint": "https://docdb22822-eastus.documents.azure.com:443/",
              "provisioningState": "Succeeded",
              "failoverPriority": 0,
              "isZoneRedundant": false
            }
          ],
          "readLocations": [
            {
              "id": "docdb22822-eastus",
              "locationName": "East US",
              "documentEndpoint": "https://docdb22822-eastus.documents.azure.com:443/",
              "provisioningState": "Succeeded",
              "failoverPriority": 0,
              "isZoneRedundant": false
            },
            {
              "id": "docdb22822-westus3",
              "locationName": "West US 3",
              "documentEndpoint": "https://docdb22822-westus3.documents.azure.com:443/",
              "provisioningState": "Succeeded",
              "failoverPriority": 1,
              "isZoneRedundant": false
            }
          ],
          "locations": [
            {
              "id": "docdb22822-eastus",
              "locationName": "East US",
              "documentEndpoint": "https://docdb22822-eastus.documents.azure.com:443/",
              "provisioningState": "Succeeded",
              "failoverPriority": 0,
              "isZoneRedundant": false
            },
            {
              "id": "docdb22822-westus3",
              "locationName": "West US 3",
              "documentEndpoint": "https://docdb22822-westus3.documents.azure.com:443/",
              "provisioningState": "Succeeded",
              "failoverPriority": 1,
              "isZoneRedundant": false
            }
          ],
          "failoverPolicies": [
            {
              "id": "docdb22822-eastus",
              "locationName": "East US",
              "failoverPriority": 0
            },
            {
              "id": "docdb22822-westus3",
              "locationName": "West US 3",
              "failoverPriority": 1
            }
          ],
          "cors": [],
          "capabilities": [],
          "ipRules": [],
          "backupPolicy": {
            "type": "Periodic",
            "periodicModeProperties": {
              "backupIntervalInMinutes": 240,
              "backupRetentionIntervalInHours": 8,
              "backupStorageRedundancy": "Geo"
            }
          },
          "networkAclBypassResourceIds": [],
          "keysMetadata": {
            "primaryMasterKey": {
              "generationTime": "2023-07-27T06:12:26.6045482Z"
            },
            "secondaryMasterKey": {
              "generationTime": "2023-07-27T06:12:26.6045482Z"
            },
            "primaryReadonlyMasterKey": {
              "generationTime": "2023-07-27T06:12:26.6045482Z"
            },
            "secondaryReadonlyMasterKey": {
              "generationTime": "2023-07-27T06:12:26.6045482Z"
            }
          }
        },
        "identity": {
          "type": "None"
        }
      }
    },
    {
      "RequestUri": "https://REDACTED/subscriptions/00000000-0000-0000-0000-000000000000/resourceGroups/rgnemv02289d8217f/providers/Microsoft.DocumentDB/databaseAccounts/docdb22822/listKeys?api-version=2023-04-15",
      "RequestMethod": "POST",
      "RequestHeaders": {
        "Accept": "application/json",
        "Authorization": "Sanitized",
        "Content-Length": "0",
        "Content-Type": "application/json",
        "Date": "Thu, 27 Jul 2023 06:14:25 GMT",
        "User-Agent": "azsdk-java-com.azure.resourcemanager.cosmos/2.29.0-beta.1 (17; Windows 10; 10.0)",
        "x-ms-client-request-id": "52172865-a233-47a7-83fc-c20db00c9b38",
        "x-ms-return-client-request-id": "true"
      },
      "RequestBody": null,
      "StatusCode": 200,
      "ResponseHeaders": {
        "Cache-Control": "no-store, no-cache",
        "Content-Length": "141",
        "Content-Type": "application/json",
        "Date": "Thu, 27 Jul 2023 06:14:26 GMT",
        "Pragma": "no-cache",
        "Server": "Microsoft-HTTPAPI/2.0",
        "Strict-Transport-Security": "max-age=31536000; includeSubDomains",
        "X-Content-Type-Options": "nosniff",
        "x-ms-correlation-request-id": "09fc02eb-cba2-4b6f-83d2-83928622a1bb",
        "x-ms-gatewayversion": "version=2.14.0",
        "x-ms-ratelimit-remaining-subscription-resource-requests": "148",
        "x-ms-request-id": "09fc02eb-cba2-4b6f-83d2-83928622a1bb",
        "x-ms-routing-request-id": "SOUTHEASTASIA:20230727T061426Z:09fc02eb-cba2-4b6f-83d2-83928622a1bb"
      },
      "ResponseBody": {
        "primaryMasterKey": "REDACTED",
        "secondaryMasterKey": "REDACTED",
        "primaryReadonlyMasterKey": "REDACTED",
        "secondaryReadonlyMasterKey": "REDACTED"
      }
    },
    {
      "RequestUri": "https://REDACTED/subscriptions/00000000-0000-0000-0000-000000000000/resourceGroups/rgnemv02289d8217f/providers/Microsoft.DocumentDB/databaseAccounts/docdb22822/readonlykeys?api-version=2023-04-15",
      "RequestMethod": "POST",
      "RequestHeaders": {
        "Accept": "application/json",
        "Authorization": "Sanitized",
        "Content-Length": "0",
        "Content-Type": "application/json",
        "Date": "Thu, 27 Jul 2023 06:14:25 GMT",
        "User-Agent": "azsdk-java-com.azure.resourcemanager.cosmos/2.29.0-beta.1 (17; Windows 10; 10.0)",
        "x-ms-client-request-id": "d5eece02-8d24-4788-ab99-f68e34e8f388",
        "x-ms-return-client-request-id": "true"
      },
      "RequestBody": null,
      "StatusCode": 200,
      "ResponseHeaders": {
        "Cache-Control": "no-store, no-cache",
        "Content-Length": "79",
        "Content-Type": "application/json",
        "Date": "Thu, 27 Jul 2023 06:14:26 GMT",
        "Pragma": "no-cache",
        "Server": "Microsoft-HTTPAPI/2.0",
        "Strict-Transport-Security": "max-age=31536000; includeSubDomains",
        "X-Content-Type-Options": "nosniff",
        "x-ms-correlation-request-id": "c9802fd5-0b34-4107-94c8-61bee5c0b532",
        "x-ms-gatewayversion": "version=2.14.0",
        "x-ms-ratelimit-remaining-subscription-resource-requests": "148",
        "x-ms-request-id": "c9802fd5-0b34-4107-94c8-61bee5c0b532",
        "x-ms-routing-request-id": "SOUTHEASTASIA:20230727T061427Z:c9802fd5-0b34-4107-94c8-61bee5c0b532"
      },
      "ResponseBody": {
        "primaryReadonlyMasterKey": "REDACTED",
        "secondaryReadonlyMasterKey": "REDACTED"
      }
    },
    {
      "RequestUri": "https://REDACTED/subscriptions/00000000-0000-0000-0000-000000000000/resourceGroups/rgnemv02289d8217f/providers/Microsoft.DocumentDB/databaseAccounts/docdb22822/listKeys?api-version=2023-04-15",
      "RequestMethod": "POST",
      "RequestHeaders": {
        "Accept": "application/json",
        "Authorization": "Sanitized",
        "Content-Length": "0",
        "Content-Type": "application/json",
        "Date": "Thu, 27 Jul 2023 06:14:26 GMT",
        "User-Agent": "azsdk-java-com.azure.resourcemanager.cosmos/2.29.0-beta.1 (17; Windows 10; 10.0)",
        "x-ms-client-request-id": "1d93f2b4-649c-409f-8a33-ad59e562a293",
        "x-ms-return-client-request-id": "true"
      },
      "RequestBody": null,
      "StatusCode": 200,
      "ResponseHeaders": {
        "Cache-Control": "no-store, no-cache",
        "Content-Length": "141",
        "Content-Type": "application/json",
        "Date": "Thu, 27 Jul 2023 06:14:27 GMT",
        "Pragma": "no-cache",
        "Server": "Microsoft-HTTPAPI/2.0",
        "Strict-Transport-Security": "max-age=31536000; includeSubDomains",
        "X-Content-Type-Options": "nosniff",
        "x-ms-correlation-request-id": "472ac53b-0e34-4f72-af41-9dbd5025df36",
        "x-ms-gatewayversion": "version=2.14.0",
        "x-ms-ratelimit-remaining-subscription-resource-requests": "147",
        "x-ms-request-id": "472ac53b-0e34-4f72-af41-9dbd5025df36",
        "x-ms-routing-request-id": "SOUTHEASTASIA:20230727T061427Z:472ac53b-0e34-4f72-af41-9dbd5025df36"
      },
      "ResponseBody": {
        "primaryMasterKey": "REDACTED",
        "secondaryMasterKey": "REDACTED",
        "primaryReadonlyMasterKey": "REDACTED",
        "secondaryReadonlyMasterKey": "REDACTED"
      }
    },
    {
      "RequestUri": "https://REDACTED/subscriptions/00000000-0000-0000-0000-000000000000/resourceGroups/rgnemv02289d8217f/providers/Microsoft.DocumentDB/databaseAccounts/docdb22822?api-version=2023-04-15",
      "RequestMethod": "DELETE",
      "RequestHeaders": {
        "Accept": "application/json;q=0.9",
        "Authorization": "Sanitized",
        "Content-Length": "0",
        "Content-Type": "application/json",
        "Date": "Thu, 27 Jul 2023 06:14:33 GMT",
        "User-Agent": "azsdk-java-com.azure.resourcemanager.cosmos/2.29.0-beta.1 (17; Windows 10; 10.0)",
        "x-ms-client-request-id": "f6cde8b9-bf2d-42ad-afd9-5f604d74a2f9",
        "x-ms-return-client-request-id": "true"
      },
      "RequestBody": null,
      "StatusCode": 202,
      "ResponseHeaders": {
        "Azure-AsyncOperation": "https://management.azure.com/subscriptions/ec0aa5f7-9e78-40c9-85cd-535c6305b380/providers/Microsoft.DocumentDB/locations/westus/operationsStatus/3cf2b2c4-9bc0-4242-af59-6f97b4ec95a3?api-version=2023-04-15",
        "Cache-Control": "no-store, no-cache",
        "Content-Length": "21",
        "Content-Type": "application/json",
        "Date": "Thu, 27 Jul 2023 06:14:34 GMT",
        "Location": "https://management.azure.com/subscriptions/ec0aa5f7-9e78-40c9-85cd-535c6305b380/providers/Microsoft.DocumentDB/locations/westus/operationResults/3cf2b2c4-9bc0-4242-af59-6f97b4ec95a3?api-version=2023-04-15",
        "Pragma": "no-cache",
        "Server": "Microsoft-HTTPAPI/2.0",
        "Strict-Transport-Security": "max-age=31536000; includeSubDomains",
        "X-Content-Type-Options": "nosniff",
        "x-ms-correlation-request-id": "da8a737c-a95f-4803-a1ec-0ee254eaf2ec",
        "x-ms-gatewayversion": "version=2.14.0",
        "x-ms-ratelimit-remaining-subscription-deletes": "14998",
        "x-ms-request-id": "3cf2b2c4-9bc0-4242-af59-6f97b4ec95a3",
        "x-ms-routing-request-id": "SOUTHEASTASIA:20230727T061435Z:da8a737c-a95f-4803-a1ec-0ee254eaf2ec"
      },
      "ResponseBody": {
        "status": "Enqueued"
      }
    },
    {
      "RequestUri": "https://REDACTED/subscriptions/00000000-0000-0000-0000-000000000000/providers/Microsoft.DocumentDB/locations/westus/operationsStatus/3cf2b2c4-9bc0-4242-af59-6f97b4ec95a3?api-version=2023-04-15",
      "RequestMethod": "GET",
      "RequestHeaders": {
        "Accept": "application/json",
        "Authorization": "Sanitized",
        "Content-Length": "0",
        "Date": "Thu, 27 Jul 2023 06:15:04 GMT",
        "User-Agent": "azsdk-java-com.azure.resourcemanager.cosmos/2.29.0-beta.1 (17; Windows 10; 10.0)",
        "x-ms-client-request-id": "cb6ba548-b9e6-479e-9411-680b1ff03764",
        "x-ms-return-client-request-id": "true"
      },
      "RequestBody": null,
      "StatusCode": 200,
      "ResponseHeaders": {
        "Cache-Control": "no-store, no-cache",
        "Content-Length": "21",
        "Content-Type": "application/json",
        "Date": "Thu, 27 Jul 2023 06:15:05 GMT",
        "Pragma": "no-cache",
        "Server": "Microsoft-HTTPAPI/2.0",
        "Strict-Transport-Security": "max-age=31536000; includeSubDomains",
        "X-Content-Type-Options": "nosniff",
        "x-ms-correlation-request-id": "f95352de-3c42-49b1-8e01-0bb415c93930",
        "x-ms-gatewayversion": "version=2.14.0",
        "x-ms-ratelimit-remaining-subscription-reads": "11995",
        "x-ms-request-id": "f95352de-3c42-49b1-8e01-0bb415c93930",
        "x-ms-routing-request-id": "SOUTHEASTASIA:20230727T061506Z:f95352de-3c42-49b1-8e01-0bb415c93930"
      },
      "ResponseBody": {
        "status": "Dequeued"
      }
    },
    {
      "RequestUri": "https://REDACTED/subscriptions/00000000-0000-0000-0000-000000000000/providers/Microsoft.DocumentDB/locations/westus/operationsStatus/3cf2b2c4-9bc0-4242-af59-6f97b4ec95a3?api-version=2023-04-15",
      "RequestMethod": "GET",
      "RequestHeaders": {
        "Accept": "application/json",
        "Authorization": "Sanitized",
        "Content-Length": "0",
        "Date": "Thu, 27 Jul 2023 06:15:35 GMT",
        "User-Agent": "azsdk-java-com.azure.resourcemanager.cosmos/2.29.0-beta.1 (17; Windows 10; 10.0)",
        "x-ms-client-request-id": "9495453d-d068-42d4-9706-60fd2e29a4d4",
        "x-ms-return-client-request-id": "true"
      },
      "RequestBody": null,
      "StatusCode": 200,
      "ResponseHeaders": {
        "Cache-Control": "no-store, no-cache",
        "Content-Length": "21",
        "Content-Type": "application/json",
        "Date": "Thu, 27 Jul 2023 06:15:36 GMT",
        "Pragma": "no-cache",
        "Server": "Microsoft-HTTPAPI/2.0",
        "Strict-Transport-Security": "max-age=31536000; includeSubDomains",
        "X-Content-Type-Options": "nosniff",
        "x-ms-correlation-request-id": "5b442205-c3d0-4218-97ce-f699849861d1",
        "x-ms-gatewayversion": "version=2.14.0",
        "x-ms-ratelimit-remaining-subscription-reads": "11984",
        "x-ms-request-id": "5b442205-c3d0-4218-97ce-f699849861d1",
        "x-ms-routing-request-id": "SOUTHEASTASIA:20230727T061536Z:5b442205-c3d0-4218-97ce-f699849861d1"
      },
      "ResponseBody": {
        "status": "Dequeued"
      }
    },
    {
      "RequestUri": "https://REDACTED/subscriptions/00000000-0000-0000-0000-000000000000/providers/Microsoft.DocumentDB/locations/westus/operationsStatus/3cf2b2c4-9bc0-4242-af59-6f97b4ec95a3?api-version=2023-04-15",
      "RequestMethod": "GET",
      "RequestHeaders": {
        "Accept": "application/json",
        "Authorization": "Sanitized",
        "Content-Length": "0",
        "Date": "Thu, 27 Jul 2023 06:16:06 GMT",
        "User-Agent": "azsdk-java-com.azure.resourcemanager.cosmos/2.29.0-beta.1 (17; Windows 10; 10.0)",
        "x-ms-client-request-id": "edaba4a1-170a-4cdd-a9ae-32f37a7adcba",
        "x-ms-return-client-request-id": "true"
      },
      "RequestBody": null,
      "StatusCode": 200,
      "ResponseHeaders": {
        "Cache-Control": "no-store, no-cache",
        "Content-Length": "21",
        "Content-Type": "application/json",
        "Date": "Thu, 27 Jul 2023 06:16:07 GMT",
        "Pragma": "no-cache",
        "Server": "Microsoft-HTTPAPI/2.0",
        "Strict-Transport-Security": "max-age=31536000; includeSubDomains",
        "X-Content-Type-Options": "nosniff",
        "x-ms-correlation-request-id": "35fc478f-108e-4ca6-8cc1-025b7de6edc0",
        "x-ms-gatewayversion": "version=2.14.0",
        "x-ms-ratelimit-remaining-subscription-reads": "11990",
        "x-ms-request-id": "35fc478f-108e-4ca6-8cc1-025b7de6edc0",
        "x-ms-routing-request-id": "SOUTHEASTASIA:20230727T061607Z:35fc478f-108e-4ca6-8cc1-025b7de6edc0"
      },
      "ResponseBody": {
        "status": "Dequeued"
      }
    },
    {
      "RequestUri": "https://REDACTED/subscriptions/00000000-0000-0000-0000-000000000000/providers/Microsoft.DocumentDB/locations/westus/operationsStatus/3cf2b2c4-9bc0-4242-af59-6f97b4ec95a3?api-version=2023-04-15",
      "RequestMethod": "GET",
      "RequestHeaders": {
        "Accept": "application/json",
        "Authorization": "Sanitized",
        "Content-Length": "0",
        "Date": "Thu, 27 Jul 2023 06:16:36 GMT",
        "User-Agent": "azsdk-java-com.azure.resourcemanager.cosmos/2.29.0-beta.1 (17; Windows 10; 10.0)",
        "x-ms-client-request-id": "f5557aa6-4b6f-4149-bfe0-79c5a0fe49de",
        "x-ms-return-client-request-id": "true"
      },
      "RequestBody": null,
      "StatusCode": 200,
      "ResponseHeaders": {
        "Cache-Control": "no-store, no-cache",
        "Content-Length": "21",
        "Content-Type": "application/json",
        "Date": "Thu, 27 Jul 2023 06:16:38 GMT",
        "Pragma": "no-cache",
        "Server": "Microsoft-HTTPAPI/2.0",
        "Strict-Transport-Security": "max-age=31536000; includeSubDomains",
        "X-Content-Type-Options": "nosniff",
        "x-ms-correlation-request-id": "d457b00b-2e18-47f7-aded-9eb409252b08",
        "x-ms-gatewayversion": "version=2.14.0",
        "x-ms-ratelimit-remaining-subscription-reads": "11979",
        "x-ms-request-id": "d457b00b-2e18-47f7-aded-9eb409252b08",
        "x-ms-routing-request-id": "SOUTHEASTASIA:20230727T061638Z:d457b00b-2e18-47f7-aded-9eb409252b08"
      },
      "ResponseBody": {
        "status": "Dequeued"
      }
    },
    {
      "RequestUri": "https://REDACTED/subscriptions/00000000-0000-0000-0000-000000000000/providers/Microsoft.DocumentDB/locations/westus/operationsStatus/3cf2b2c4-9bc0-4242-af59-6f97b4ec95a3?api-version=2023-04-15",
      "RequestMethod": "GET",
      "RequestHeaders": {
        "Accept": "application/json",
        "Authorization": "Sanitized",
        "Content-Length": "0",
        "Date": "Thu, 27 Jul 2023 06:17:07 GMT",
        "User-Agent": "azsdk-java-com.azure.resourcemanager.cosmos/2.29.0-beta.1 (17; Windows 10; 10.0)",
        "x-ms-client-request-id": "508fcf7d-b661-4f7b-b088-9366f9636145",
        "x-ms-return-client-request-id": "true"
      },
      "RequestBody": null,
      "StatusCode": 200,
      "ResponseHeaders": {
        "Cache-Control": "no-store, no-cache",
        "Content-Length": "21",
        "Content-Type": "application/json",
        "Date": "Thu, 27 Jul 2023 06:17:08 GMT",
        "Pragma": "no-cache",
        "Server": "Microsoft-HTTPAPI/2.0",
        "Strict-Transport-Security": "max-age=31536000; includeSubDomains",
        "X-Content-Type-Options": "nosniff",
        "x-ms-correlation-request-id": "9f3a995d-d40e-4e82-b139-53a64edcc4ef",
        "x-ms-gatewayversion": "version=2.14.0",
        "x-ms-ratelimit-remaining-subscription-reads": "11975",
        "x-ms-request-id": "9f3a995d-d40e-4e82-b139-53a64edcc4ef",
        "x-ms-routing-request-id": "SOUTHEASTASIA:20230727T061708Z:9f3a995d-d40e-4e82-b139-53a64edcc4ef"
      },
      "ResponseBody": {
        "status": "Dequeued"
      }
    },
    {
      "RequestUri": "https://REDACTED/subscriptions/00000000-0000-0000-0000-000000000000/providers/Microsoft.DocumentDB/locations/westus/operationsStatus/3cf2b2c4-9bc0-4242-af59-6f97b4ec95a3?api-version=2023-04-15",
      "RequestMethod": "GET",
      "RequestHeaders": {
        "Accept": "application/json",
        "Authorization": "Sanitized",
        "Content-Length": "0",
        "Date": "Thu, 27 Jul 2023 06:17:38 GMT",
        "User-Agent": "azsdk-java-com.azure.resourcemanager.cosmos/2.29.0-beta.1 (17; Windows 10; 10.0)",
        "x-ms-client-request-id": "0c89c4c9-3513-49fe-a9b3-a8c5ccb27d39",
        "x-ms-return-client-request-id": "true"
      },
      "RequestBody": null,
      "StatusCode": 200,
      "ResponseHeaders": {
        "Cache-Control": "no-store, no-cache",
        "Content-Length": "21",
        "Content-Type": "application/json",
        "Date": "Thu, 27 Jul 2023 06:17:38 GMT",
        "Pragma": "no-cache",
        "Server": "Microsoft-HTTPAPI/2.0",
        "Strict-Transport-Security": "max-age=31536000; includeSubDomains",
        "X-Content-Type-Options": "nosniff",
        "x-ms-correlation-request-id": "ff84aa42-7ebf-4cac-a109-c3acfa2dd91d",
        "x-ms-gatewayversion": "version=2.14.0",
        "x-ms-ratelimit-remaining-subscription-reads": "11984",
        "x-ms-request-id": "ff84aa42-7ebf-4cac-a109-c3acfa2dd91d",
        "x-ms-routing-request-id": "SOUTHEASTASIA:20230727T061739Z:ff84aa42-7ebf-4cac-a109-c3acfa2dd91d"
      },
      "ResponseBody": {
        "status": "Dequeued"
      }
    },
    {
      "RequestUri": "https://REDACTED/subscriptions/00000000-0000-0000-0000-000000000000/providers/Microsoft.DocumentDB/locations/westus/operationsStatus/3cf2b2c4-9bc0-4242-af59-6f97b4ec95a3?api-version=2023-04-15",
      "RequestMethod": "GET",
      "RequestHeaders": {
        "Accept": "application/json",
        "Authorization": "Sanitized",
        "Content-Length": "0",
        "Date": "Thu, 27 Jul 2023 06:18:08 GMT",
        "User-Agent": "azsdk-java-com.azure.resourcemanager.cosmos/2.29.0-beta.1 (17; Windows 10; 10.0)",
        "x-ms-client-request-id": "e0afeead-377e-4bc3-8bc9-2a8886a593da",
        "x-ms-return-client-request-id": "true"
      },
      "RequestBody": null,
      "StatusCode": 200,
      "ResponseHeaders": {
        "Cache-Control": "no-store, no-cache",
        "Content-Length": "21",
        "Content-Type": "application/json",
        "Date": "Thu, 27 Jul 2023 06:18:10 GMT",
        "Pragma": "no-cache",
        "Server": "Microsoft-HTTPAPI/2.0",
        "Strict-Transport-Security": "max-age=31536000; includeSubDomains",
        "X-Content-Type-Options": "nosniff",
        "x-ms-correlation-request-id": "5ae89b1e-6dbb-4428-9a07-1dab95c0e36b",
        "x-ms-gatewayversion": "version=2.14.0",
        "x-ms-ratelimit-remaining-subscription-reads": "11980",
        "x-ms-request-id": "5ae89b1e-6dbb-4428-9a07-1dab95c0e36b",
        "x-ms-routing-request-id": "SOUTHEASTASIA:20230727T061810Z:5ae89b1e-6dbb-4428-9a07-1dab95c0e36b"
      },
      "ResponseBody": {
        "status": "Dequeued"
      }
    },
    {
      "RequestUri": "https://REDACTED/subscriptions/00000000-0000-0000-0000-000000000000/providers/Microsoft.DocumentDB/locations/westus/operationsStatus/3cf2b2c4-9bc0-4242-af59-6f97b4ec95a3?api-version=2023-04-15",
      "RequestMethod": "GET",
      "RequestHeaders": {
        "Accept": "application/json",
        "Authorization": "Sanitized",
        "Content-Length": "0",
        "Date": "Thu, 27 Jul 2023 06:18:39 GMT",
        "User-Agent": "azsdk-java-com.azure.resourcemanager.cosmos/2.29.0-beta.1 (17; Windows 10; 10.0)",
        "x-ms-client-request-id": "01bd030e-9e6d-42c8-abae-80988d1524e4",
        "x-ms-return-client-request-id": "true"
      },
      "RequestBody": null,
      "StatusCode": 200,
      "ResponseHeaders": {
        "Cache-Control": "no-store, no-cache",
        "Content-Length": "21",
        "Content-Type": "application/json",
        "Date": "Thu, 27 Jul 2023 06:18:39 GMT",
        "Pragma": "no-cache",
        "Server": "Microsoft-HTTPAPI/2.0",
        "Strict-Transport-Security": "max-age=31536000; includeSubDomains",
        "X-Content-Type-Options": "nosniff",
        "x-ms-correlation-request-id": "608237ab-dc6f-4dbb-872b-b68db7840d6f",
        "x-ms-gatewayversion": "version=2.14.0",
        "x-ms-ratelimit-remaining-subscription-reads": "11976",
        "x-ms-request-id": "608237ab-dc6f-4dbb-872b-b68db7840d6f",
        "x-ms-routing-request-id": "SOUTHEASTASIA:20230727T061840Z:608237ab-dc6f-4dbb-872b-b68db7840d6f"
      },
      "ResponseBody": {
        "status": "Dequeued"
      }
    },
    {
      "RequestUri": "https://REDACTED/subscriptions/00000000-0000-0000-0000-000000000000/providers/Microsoft.DocumentDB/locations/westus/operationsStatus/3cf2b2c4-9bc0-4242-af59-6f97b4ec95a3?api-version=2023-04-15",
      "RequestMethod": "GET",
      "RequestHeaders": {
        "Accept": "application/json",
        "Authorization": "Sanitized",
        "Content-Length": "0",
        "Date": "Thu, 27 Jul 2023 06:19:09 GMT",
        "User-Agent": "azsdk-java-com.azure.resourcemanager.cosmos/2.29.0-beta.1 (17; Windows 10; 10.0)",
        "x-ms-client-request-id": "1de8f915-06a4-4eb8-9d64-67593cd22b2d",
        "x-ms-return-client-request-id": "true"
      },
      "RequestBody": null,
      "StatusCode": 200,
      "ResponseHeaders": {
        "Cache-Control": "no-store, no-cache",
        "Content-Length": "21",
        "Content-Type": "application/json",
        "Date": "Thu, 27 Jul 2023 06:19:11 GMT",
        "Pragma": "no-cache",
        "Server": "Microsoft-HTTPAPI/2.0",
        "Strict-Transport-Security": "max-age=31536000; includeSubDomains",
        "X-Content-Type-Options": "nosniff",
        "x-ms-correlation-request-id": "995e02df-b145-45e6-9958-6582c3459bb3",
        "x-ms-gatewayversion": "version=2.14.0",
        "x-ms-ratelimit-remaining-subscription-reads": "11972",
        "x-ms-request-id": "995e02df-b145-45e6-9958-6582c3459bb3",
        "x-ms-routing-request-id": "SOUTHEASTASIA:20230727T061911Z:995e02df-b145-45e6-9958-6582c3459bb3"
      },
      "ResponseBody": {
        "status": "Dequeued"
      }
    },
    {
      "RequestUri": "https://REDACTED/subscriptions/00000000-0000-0000-0000-000000000000/providers/Microsoft.DocumentDB/locations/westus/operationsStatus/3cf2b2c4-9bc0-4242-af59-6f97b4ec95a3?api-version=2023-04-15",
      "RequestMethod": "GET",
      "RequestHeaders": {
        "Accept": "application/json",
        "Authorization": "Sanitized",
        "Content-Length": "0",
        "Date": "Thu, 27 Jul 2023 06:19:40 GMT",
        "User-Agent": "azsdk-java-com.azure.resourcemanager.cosmos/2.29.0-beta.1 (17; Windows 10; 10.0)",
        "x-ms-client-request-id": "24e2edce-61b5-49ec-894a-d1250b87ce65",
        "x-ms-return-client-request-id": "true"
      },
      "RequestBody": null,
      "StatusCode": 200,
      "ResponseHeaders": {
        "Cache-Control": "no-store, no-cache",
        "Content-Length": "21",
        "Content-Type": "application/json",
        "Date": "Thu, 27 Jul 2023 06:19:41 GMT",
        "Pragma": "no-cache",
        "Server": "Microsoft-HTTPAPI/2.0",
        "Strict-Transport-Security": "max-age=31536000; includeSubDomains",
        "X-Content-Type-Options": "nosniff",
        "x-ms-correlation-request-id": "3e8b8b5c-9837-4c72-be9e-ba903f9a14c4",
        "x-ms-gatewayversion": "version=2.14.0",
        "x-ms-ratelimit-remaining-subscription-reads": "11968",
        "x-ms-request-id": "3e8b8b5c-9837-4c72-be9e-ba903f9a14c4",
        "x-ms-routing-request-id": "SOUTHEASTASIA:20230727T061942Z:3e8b8b5c-9837-4c72-be9e-ba903f9a14c4"
      },
      "ResponseBody": {
        "status": "Dequeued"
      }
    },
    {
      "RequestUri": "https://REDACTED/subscriptions/00000000-0000-0000-0000-000000000000/providers/Microsoft.DocumentDB/locations/westus/operationsStatus/3cf2b2c4-9bc0-4242-af59-6f97b4ec95a3?api-version=2023-04-15",
      "RequestMethod": "GET",
      "RequestHeaders": {
        "Accept": "application/json",
        "Authorization": "Sanitized",
        "Content-Length": "0",
        "Date": "Thu, 27 Jul 2023 06:20:11 GMT",
        "User-Agent": "azsdk-java-com.azure.resourcemanager.cosmos/2.29.0-beta.1 (17; Windows 10; 10.0)",
        "x-ms-client-request-id": "26a18795-321e-4c62-94a8-fbe0db625cc7",
        "x-ms-return-client-request-id": "true"
      },
      "RequestBody": null,
      "StatusCode": 200,
      "ResponseHeaders": {
        "Cache-Control": "no-store, no-cache",
        "Content-Length": "21",
        "Content-Type": "application/json",
        "Date": "Thu, 27 Jul 2023 06:20:12 GMT",
        "Pragma": "no-cache",
        "Server": "Microsoft-HTTPAPI/2.0",
        "Strict-Transport-Security": "max-age=31536000; includeSubDomains",
        "X-Content-Type-Options": "nosniff",
        "x-ms-correlation-request-id": "6e00bf6b-bebd-408a-aa8b-a941e813cd7d",
        "x-ms-gatewayversion": "version=2.14.0",
        "x-ms-ratelimit-remaining-subscription-reads": "11964",
        "x-ms-request-id": "6e00bf6b-bebd-408a-aa8b-a941e813cd7d",
        "x-ms-routing-request-id": "SOUTHEASTASIA:20230727T062012Z:6e00bf6b-bebd-408a-aa8b-a941e813cd7d"
      },
      "ResponseBody": {
        "status": "Dequeued"
      }
    },
    {
      "RequestUri": "https://REDACTED/subscriptions/00000000-0000-0000-0000-000000000000/providers/Microsoft.DocumentDB/locations/westus/operationsStatus/3cf2b2c4-9bc0-4242-af59-6f97b4ec95a3?api-version=2023-04-15",
      "RequestMethod": "GET",
      "RequestHeaders": {
        "Accept": "application/json",
        "Authorization": "Sanitized",
        "Content-Length": "0",
        "Date": "Thu, 27 Jul 2023 06:20:42 GMT",
        "User-Agent": "azsdk-java-com.azure.resourcemanager.cosmos/2.29.0-beta.1 (17; Windows 10; 10.0)",
        "x-ms-client-request-id": "291671a5-6d4e-4f19-bfa7-1f693d91343b",
        "x-ms-return-client-request-id": "true"
      },
      "RequestBody": null,
      "StatusCode": 200,
      "ResponseHeaders": {
        "Cache-Control": "no-store, no-cache",
        "Content-Length": "21",
        "Content-Type": "application/json",
        "Date": "Thu, 27 Jul 2023 06:20:42 GMT",
        "Pragma": "no-cache",
        "Server": "Microsoft-HTTPAPI/2.0",
        "Strict-Transport-Security": "max-age=31536000; includeSubDomains",
        "X-Content-Type-Options": "nosniff",
        "x-ms-correlation-request-id": "43024354-0011-4fee-b0a7-4fcad14e35f2",
        "x-ms-gatewayversion": "version=2.14.0",
        "x-ms-ratelimit-remaining-subscription-reads": "11960",
        "x-ms-request-id": "43024354-0011-4fee-b0a7-4fcad14e35f2",
        "x-ms-routing-request-id": "SOUTHEASTASIA:20230727T062043Z:43024354-0011-4fee-b0a7-4fcad14e35f2"
      },
      "ResponseBody": {
        "status": "Dequeued"
      }
    },
    {
      "RequestUri": "https://REDACTED/subscriptions/00000000-0000-0000-0000-000000000000/providers/Microsoft.DocumentDB/locations/westus/operationsStatus/3cf2b2c4-9bc0-4242-af59-6f97b4ec95a3?api-version=2023-04-15",
      "RequestMethod": "GET",
      "RequestHeaders": {
        "Accept": "application/json",
        "Authorization": "Sanitized",
        "Content-Length": "0",
        "Date": "Thu, 27 Jul 2023 06:21:12 GMT",
        "User-Agent": "azsdk-java-com.azure.resourcemanager.cosmos/2.29.0-beta.1 (17; Windows 10; 10.0)",
        "x-ms-client-request-id": "cdc393b2-1585-46db-965b-08385bb6dd2f",
        "x-ms-return-client-request-id": "true"
      },
      "RequestBody": null,
      "StatusCode": 200,
      "ResponseHeaders": {
        "Cache-Control": "no-store, no-cache",
        "Content-Length": "21",
        "Content-Type": "application/json",
        "Date": "Thu, 27 Jul 2023 06:21:13 GMT",
        "Pragma": "no-cache",
        "Server": "Microsoft-HTTPAPI/2.0",
        "Strict-Transport-Security": "max-age=31536000; includeSubDomains",
        "X-Content-Type-Options": "nosniff",
        "x-ms-correlation-request-id": "300c39f2-5290-4ea0-97bc-e575f5825527",
        "x-ms-gatewayversion": "version=2.14.0",
        "x-ms-ratelimit-remaining-subscription-reads": "11956",
        "x-ms-request-id": "300c39f2-5290-4ea0-97bc-e575f5825527",
        "x-ms-routing-request-id": "SOUTHEASTASIA:20230727T062114Z:300c39f2-5290-4ea0-97bc-e575f5825527"
      },
      "ResponseBody": {
        "status": "Dequeued"
      }
    },
    {
      "RequestUri": "https://REDACTED/subscriptions/00000000-0000-0000-0000-000000000000/providers/Microsoft.DocumentDB/locations/westus/operationsStatus/3cf2b2c4-9bc0-4242-af59-6f97b4ec95a3?api-version=2023-04-15",
      "RequestMethod": "GET",
      "RequestHeaders": {
        "Accept": "application/json",
        "Authorization": "Sanitized",
        "Content-Length": "0",
        "Date": "Thu, 27 Jul 2023 06:21:43 GMT",
        "User-Agent": "azsdk-java-com.azure.resourcemanager.cosmos/2.29.0-beta.1 (17; Windows 10; 10.0)",
        "x-ms-client-request-id": "b8c4945f-ea86-4c25-8932-d987bcef11b7",
        "x-ms-return-client-request-id": "true"
      },
      "RequestBody": null,
      "StatusCode": 200,
      "ResponseHeaders": {
        "Cache-Control": "no-store, no-cache",
        "Content-Length": "21",
        "Content-Type": "application/json",
        "Date": "Thu, 27 Jul 2023 06:21:43 GMT",
        "Pragma": "no-cache",
        "Server": "Microsoft-HTTPAPI/2.0",
        "Strict-Transport-Security": "max-age=31536000; includeSubDomains",
        "X-Content-Type-Options": "nosniff",
        "x-ms-correlation-request-id": "b1949d4d-f760-4af0-a81b-a5bf9721bba0",
        "x-ms-gatewayversion": "version=2.14.0",
        "x-ms-ratelimit-remaining-subscription-reads": "11952",
        "x-ms-request-id": "b1949d4d-f760-4af0-a81b-a5bf9721bba0",
        "x-ms-routing-request-id": "SOUTHEASTASIA:20230727T062144Z:b1949d4d-f760-4af0-a81b-a5bf9721bba0"
      },
      "ResponseBody": {
        "status": "Dequeued"
      }
    },
    {
      "RequestUri": "https://REDACTED/subscriptions/00000000-0000-0000-0000-000000000000/providers/Microsoft.DocumentDB/locations/westus/operationsStatus/3cf2b2c4-9bc0-4242-af59-6f97b4ec95a3?api-version=2023-04-15",
      "RequestMethod": "GET",
      "RequestHeaders": {
        "Accept": "application/json",
        "Authorization": "Sanitized",
        "Content-Length": "0",
        "Date": "Thu, 27 Jul 2023 06:22:13 GMT",
        "User-Agent": "azsdk-java-com.azure.resourcemanager.cosmos/2.29.0-beta.1 (17; Windows 10; 10.0)",
        "x-ms-client-request-id": "ebe8469d-0915-44b0-8dc4-afe3463b3efe",
        "x-ms-return-client-request-id": "true"
      },
      "RequestBody": null,
      "StatusCode": 200,
      "ResponseHeaders": {
        "Cache-Control": "no-store, no-cache",
        "Content-Length": "21",
        "Content-Type": "application/json",
        "Date": "Thu, 27 Jul 2023 06:22:14 GMT",
        "Pragma": "no-cache",
        "Server": "Microsoft-HTTPAPI/2.0",
        "Strict-Transport-Security": "max-age=31536000; includeSubDomains",
        "X-Content-Type-Options": "nosniff",
        "x-ms-correlation-request-id": "47e722c3-62dc-442d-84bf-38c32fc6005a",
        "x-ms-gatewayversion": "version=2.14.0",
        "x-ms-ratelimit-remaining-subscription-reads": "11948",
        "x-ms-request-id": "47e722c3-62dc-442d-84bf-38c32fc6005a",
        "x-ms-routing-request-id": "SOUTHEASTASIA:20230727T062215Z:47e722c3-62dc-442d-84bf-38c32fc6005a"
      },
      "ResponseBody": {
        "status": "Dequeued"
      }
    },
    {
      "RequestUri": "https://REDACTED/subscriptions/00000000-0000-0000-0000-000000000000/providers/Microsoft.DocumentDB/locations/westus/operationsStatus/3cf2b2c4-9bc0-4242-af59-6f97b4ec95a3?api-version=2023-04-15",
      "RequestMethod": "GET",
      "RequestHeaders": {
        "Accept": "application/json",
        "Authorization": "Sanitized",
        "Content-Length": "0",
        "Date": "Thu, 27 Jul 2023 06:22:44 GMT",
        "User-Agent": "azsdk-java-com.azure.resourcemanager.cosmos/2.29.0-beta.1 (17; Windows 10; 10.0)",
        "x-ms-client-request-id": "ce5d157b-eff4-41a5-a9ff-2a9f2c8a2c4a",
        "x-ms-return-client-request-id": "true"
      },
      "RequestBody": null,
      "StatusCode": 200,
      "ResponseHeaders": {
        "Cache-Control": "no-store, no-cache",
        "Content-Length": "21",
        "Content-Type": "application/json",
        "Date": "Thu, 27 Jul 2023 06:22:45 GMT",
        "Pragma": "no-cache",
        "Server": "Microsoft-HTTPAPI/2.0",
        "Strict-Transport-Security": "max-age=31536000; includeSubDomains",
        "X-Content-Type-Options": "nosniff",
        "x-ms-correlation-request-id": "209d2dfb-f49f-4f75-aefc-034040f63e33",
        "x-ms-gatewayversion": "version=2.14.0",
        "x-ms-ratelimit-remaining-subscription-reads": "11944",
        "x-ms-request-id": "209d2dfb-f49f-4f75-aefc-034040f63e33",
        "x-ms-routing-request-id": "SOUTHEASTASIA:20230727T062245Z:209d2dfb-f49f-4f75-aefc-034040f63e33"
      },
      "ResponseBody": {
        "status": "Dequeued"
      }
    },
    {
      "RequestUri": "https://REDACTED/subscriptions/00000000-0000-0000-0000-000000000000/providers/Microsoft.DocumentDB/locations/westus/operationsStatus/3cf2b2c4-9bc0-4242-af59-6f97b4ec95a3?api-version=2023-04-15",
      "RequestMethod": "GET",
      "RequestHeaders": {
        "Accept": "application/json",
        "Authorization": "Sanitized",
        "Content-Length": "0",
        "Date": "Thu, 27 Jul 2023 06:23:14 GMT",
        "User-Agent": "azsdk-java-com.azure.resourcemanager.cosmos/2.29.0-beta.1 (17; Windows 10; 10.0)",
        "x-ms-client-request-id": "e11f9fff-1fb8-4bc5-8734-4b0cfbd9e8a3",
        "x-ms-return-client-request-id": "true"
      },
      "RequestBody": null,
      "StatusCode": 200,
      "ResponseHeaders": {
        "Cache-Control": "no-store, no-cache",
        "Content-Length": "21",
        "Content-Type": "application/json",
        "Date": "Thu, 27 Jul 2023 06:23:15 GMT",
        "Pragma": "no-cache",
        "Server": "Microsoft-HTTPAPI/2.0",
        "Strict-Transport-Security": "max-age=31536000; includeSubDomains",
        "X-Content-Type-Options": "nosniff",
        "x-ms-correlation-request-id": "3c539e0e-d5ad-4e4b-9f60-3d8e34788201",
        "x-ms-gatewayversion": "version=2.14.0",
        "x-ms-ratelimit-remaining-subscription-reads": "11940",
        "x-ms-request-id": "3c539e0e-d5ad-4e4b-9f60-3d8e34788201",
        "x-ms-routing-request-id": "SOUTHEASTASIA:20230727T062316Z:3c539e0e-d5ad-4e4b-9f60-3d8e34788201"
      },
      "ResponseBody": {
        "status": "Dequeued"
      }
    },
    {
      "RequestUri": "https://REDACTED/subscriptions/00000000-0000-0000-0000-000000000000/providers/Microsoft.DocumentDB/locations/westus/operationsStatus/3cf2b2c4-9bc0-4242-af59-6f97b4ec95a3?api-version=2023-04-15",
      "RequestMethod": "GET",
      "RequestHeaders": {
        "Accept": "application/json",
        "Authorization": "Sanitized",
        "Content-Length": "0",
        "Date": "Thu, 27 Jul 2023 06:23:45 GMT",
        "User-Agent": "azsdk-java-com.azure.resourcemanager.cosmos/2.29.0-beta.1 (17; Windows 10; 10.0)",
        "x-ms-client-request-id": "c298a897-b9ae-4ba1-9d24-6dfb2977b3ff",
        "x-ms-return-client-request-id": "true"
      },
      "RequestBody": null,
      "StatusCode": 200,
      "ResponseHeaders": {
        "Cache-Control": "no-store, no-cache",
        "Content-Length": "21",
        "Content-Type": "application/json",
        "Date": "Thu, 27 Jul 2023 06:23:46 GMT",
        "Pragma": "no-cache",
        "Server": "Microsoft-HTTPAPI/2.0",
        "Strict-Transport-Security": "max-age=31536000; includeSubDomains",
        "X-Content-Type-Options": "nosniff",
        "x-ms-correlation-request-id": "e670daca-8ed1-4a9c-b240-97e061782ddf",
        "x-ms-gatewayversion": "version=2.14.0",
        "x-ms-ratelimit-remaining-subscription-reads": "11998",
        "x-ms-request-id": "e670daca-8ed1-4a9c-b240-97e061782ddf",
        "x-ms-routing-request-id": "SOUTHEASTASIA:20230727T062346Z:e670daca-8ed1-4a9c-b240-97e061782ddf"
      },
      "ResponseBody": {
        "status": "Dequeued"
      }
    },
    {
      "RequestUri": "https://REDACTED/subscriptions/00000000-0000-0000-0000-000000000000/providers/Microsoft.DocumentDB/locations/westus/operationsStatus/3cf2b2c4-9bc0-4242-af59-6f97b4ec95a3?api-version=2023-04-15",
      "RequestMethod": "GET",
      "RequestHeaders": {
        "Accept": "application/json",
        "Authorization": "Sanitized",
        "Content-Length": "0",
        "Date": "Thu, 27 Jul 2023 06:24:16 GMT",
        "User-Agent": "azsdk-java-com.azure.resourcemanager.cosmos/2.29.0-beta.1 (17; Windows 10; 10.0)",
        "x-ms-client-request-id": "88da1cbc-b405-4c89-848c-b0821fb6484f",
        "x-ms-return-client-request-id": "true"
      },
      "RequestBody": null,
      "StatusCode": 200,
      "ResponseHeaders": {
        "Cache-Control": "no-store, no-cache",
        "Content-Length": "21",
        "Content-Type": "application/json",
        "Date": "Thu, 27 Jul 2023 06:24:16 GMT",
        "Pragma": "no-cache",
        "Server": "Microsoft-HTTPAPI/2.0",
        "Strict-Transport-Security": "max-age=31536000; includeSubDomains",
        "X-Content-Type-Options": "nosniff",
        "x-ms-correlation-request-id": "f9830b1c-5a45-45cd-91be-6f27ac353c24",
        "x-ms-gatewayversion": "version=2.14.0",
        "x-ms-ratelimit-remaining-subscription-reads": "11994",
        "x-ms-request-id": "f9830b1c-5a45-45cd-91be-6f27ac353c24",
        "x-ms-routing-request-id": "SOUTHEASTASIA:20230727T062417Z:f9830b1c-5a45-45cd-91be-6f27ac353c24"
      },
      "ResponseBody": {
        "status": "Dequeued"
      }
    },
    {
      "RequestUri": "https://REDACTED/subscriptions/00000000-0000-0000-0000-000000000000/providers/Microsoft.DocumentDB/locations/westus/operationsStatus/3cf2b2c4-9bc0-4242-af59-6f97b4ec95a3?api-version=2023-04-15",
      "RequestMethod": "GET",
      "RequestHeaders": {
        "Accept": "application/json",
        "Authorization": "Sanitized",
        "Content-Length": "0",
        "Date": "Thu, 27 Jul 2023 06:24:46 GMT",
        "User-Agent": "azsdk-java-com.azure.resourcemanager.cosmos/2.29.0-beta.1 (17; Windows 10; 10.0)",
        "x-ms-client-request-id": "1c9121d8-5e58-43ad-8595-476b9e0a2e27",
        "x-ms-return-client-request-id": "true"
      },
      "RequestBody": null,
      "StatusCode": 200,
      "ResponseHeaders": {
        "Cache-Control": "no-store, no-cache",
        "Content-Length": "21",
        "Content-Type": "application/json",
        "Date": "Thu, 27 Jul 2023 06:24:47 GMT",
        "Pragma": "no-cache",
        "Server": "Microsoft-HTTPAPI/2.0",
        "Strict-Transport-Security": "max-age=31536000; includeSubDomains",
        "X-Content-Type-Options": "nosniff",
        "x-ms-correlation-request-id": "85657de8-7561-4eaa-b28e-7d3fe1e4f444",
        "x-ms-gatewayversion": "version=2.14.0",
        "x-ms-ratelimit-remaining-subscription-reads": "11990",
        "x-ms-request-id": "85657de8-7561-4eaa-b28e-7d3fe1e4f444",
        "x-ms-routing-request-id": "SOUTHEASTASIA:20230727T062447Z:85657de8-7561-4eaa-b28e-7d3fe1e4f444"
      },
      "ResponseBody": {
        "status": "Dequeued"
      }
    },
    {
      "RequestUri": "https://REDACTED/subscriptions/00000000-0000-0000-0000-000000000000/providers/Microsoft.DocumentDB/locations/westus/operationsStatus/3cf2b2c4-9bc0-4242-af59-6f97b4ec95a3?api-version=2023-04-15",
      "RequestMethod": "GET",
      "RequestHeaders": {
        "Accept": "application/json",
        "Authorization": "Sanitized",
        "Content-Length": "0",
        "Date": "Thu, 27 Jul 2023 06:25:16 GMT",
        "User-Agent": "azsdk-java-com.azure.resourcemanager.cosmos/2.29.0-beta.1 (17; Windows 10; 10.0)",
        "x-ms-client-request-id": "a5cd22cf-1826-47e2-a1ed-b1d6db1a6356",
        "x-ms-return-client-request-id": "true"
      },
      "RequestBody": null,
      "StatusCode": 200,
      "ResponseHeaders": {
        "Cache-Control": "no-store, no-cache",
        "Content-Length": "21",
        "Content-Type": "application/json",
        "Date": "Thu, 27 Jul 2023 06:25:17 GMT",
        "Pragma": "no-cache",
        "Server": "Microsoft-HTTPAPI/2.0",
        "Strict-Transport-Security": "max-age=31536000; includeSubDomains",
        "X-Content-Type-Options": "nosniff",
        "x-ms-correlation-request-id": "c190ad13-d8fe-4859-b48b-3bee5805ca43",
        "x-ms-gatewayversion": "version=2.14.0",
        "x-ms-ratelimit-remaining-subscription-reads": "11933",
        "x-ms-request-id": "c190ad13-d8fe-4859-b48b-3bee5805ca43",
        "x-ms-routing-request-id": "SOUTHEASTASIA:20230727T062518Z:c190ad13-d8fe-4859-b48b-3bee5805ca43"
      },
      "ResponseBody": {
        "status": "Dequeued"
      }
    },
    {
      "RequestUri": "https://REDACTED/subscriptions/00000000-0000-0000-0000-000000000000/providers/Microsoft.DocumentDB/locations/westus/operationsStatus/3cf2b2c4-9bc0-4242-af59-6f97b4ec95a3?api-version=2023-04-15",
      "RequestMethod": "GET",
      "RequestHeaders": {
        "Accept": "application/json",
        "Authorization": "Sanitized",
        "Content-Length": "0",
        "Date": "Thu, 27 Jul 2023 06:25:47 GMT",
        "User-Agent": "azsdk-java-com.azure.resourcemanager.cosmos/2.29.0-beta.1 (17; Windows 10; 10.0)",
        "x-ms-client-request-id": "6ebed588-487a-4a7a-b2bb-64742dc108dc",
        "x-ms-return-client-request-id": "true"
      },
      "RequestBody": null,
      "StatusCode": 200,
      "ResponseHeaders": {
        "Cache-Control": "no-store, no-cache",
        "Content-Length": "21",
        "Content-Type": "application/json",
        "Date": "Thu, 27 Jul 2023 06:25:48 GMT",
        "Pragma": "no-cache",
        "Server": "Microsoft-HTTPAPI/2.0",
        "Strict-Transport-Security": "max-age=31536000; includeSubDomains",
        "X-Content-Type-Options": "nosniff",
        "x-ms-correlation-request-id": "b7c2cdd0-870f-4baf-b183-684c2ac80e55",
        "x-ms-gatewayversion": "version=2.14.0",
        "x-ms-ratelimit-remaining-subscription-reads": "11986",
        "x-ms-request-id": "b7c2cdd0-870f-4baf-b183-684c2ac80e55",
        "x-ms-routing-request-id": "SOUTHEASTASIA:20230727T062549Z:b7c2cdd0-870f-4baf-b183-684c2ac80e55"
      },
      "ResponseBody": {
        "status": "Dequeued"
      }
    },
    {
      "RequestUri": "https://REDACTED/subscriptions/00000000-0000-0000-0000-000000000000/providers/Microsoft.DocumentDB/locations/westus/operationsStatus/3cf2b2c4-9bc0-4242-af59-6f97b4ec95a3?api-version=2023-04-15",
      "RequestMethod": "GET",
      "RequestHeaders": {
        "Accept": "application/json",
        "Authorization": "Sanitized",
        "Content-Length": "0",
        "Date": "Thu, 27 Jul 2023 06:26:18 GMT",
        "User-Agent": "azsdk-java-com.azure.resourcemanager.cosmos/2.29.0-beta.1 (17; Windows 10; 10.0)",
        "x-ms-client-request-id": "d705202a-a739-4603-b9c7-72e26710b79b",
        "x-ms-return-client-request-id": "true"
      },
      "RequestBody": null,
      "StatusCode": 200,
      "ResponseHeaders": {
        "Cache-Control": "no-store, no-cache",
        "Content-Length": "21",
        "Content-Type": "application/json",
        "Date": "Thu, 27 Jul 2023 06:26:19 GMT",
        "Pragma": "no-cache",
        "Server": "Microsoft-HTTPAPI/2.0",
        "Strict-Transport-Security": "max-age=31536000; includeSubDomains",
        "X-Content-Type-Options": "nosniff",
        "x-ms-correlation-request-id": "3d7508a5-6285-410a-b98c-e795b695265e",
        "x-ms-gatewayversion": "version=2.14.0",
        "x-ms-ratelimit-remaining-subscription-reads": "11930",
        "x-ms-request-id": "3d7508a5-6285-410a-b98c-e795b695265e",
        "x-ms-routing-request-id": "SOUTHEASTASIA:20230727T062619Z:3d7508a5-6285-410a-b98c-e795b695265e"
      },
      "ResponseBody": {
        "status": "Dequeued"
      }
    },
    {
      "RequestUri": "https://REDACTED/subscriptions/00000000-0000-0000-0000-000000000000/providers/Microsoft.DocumentDB/locations/westus/operationsStatus/3cf2b2c4-9bc0-4242-af59-6f97b4ec95a3?api-version=2023-04-15",
      "RequestMethod": "GET",
      "RequestHeaders": {
        "Accept": "application/json",
        "Authorization": "Sanitized",
        "Content-Length": "0",
        "Date": "Thu, 27 Jul 2023 06:26:49 GMT",
        "User-Agent": "azsdk-java-com.azure.resourcemanager.cosmos/2.29.0-beta.1 (17; Windows 10; 10.0)",
        "x-ms-client-request-id": "f3845b66-04b6-4360-ad60-66b7942e99f0",
        "x-ms-return-client-request-id": "true"
      },
      "RequestBody": null,
      "StatusCode": 200,
      "ResponseHeaders": {
        "Cache-Control": "no-store, no-cache",
        "Content-Length": "21",
        "Content-Type": "application/json",
        "Date": "Thu, 27 Jul 2023 06:26:49 GMT",
        "Pragma": "no-cache",
        "Server": "Microsoft-HTTPAPI/2.0",
        "Strict-Transport-Security": "max-age=31536000; includeSubDomains",
        "X-Content-Type-Options": "nosniff",
        "x-ms-correlation-request-id": "b94549ff-2cc8-4f7b-a05a-726fda507f1d",
        "x-ms-gatewayversion": "version=2.14.0",
        "x-ms-ratelimit-remaining-subscription-reads": "11926",
        "x-ms-request-id": "b94549ff-2cc8-4f7b-a05a-726fda507f1d",
        "x-ms-routing-request-id": "SOUTHEASTASIA:20230727T062650Z:b94549ff-2cc8-4f7b-a05a-726fda507f1d"
      },
      "ResponseBody": {
        "status": "Dequeued"
      }
    },
    {
      "RequestUri": "https://REDACTED/subscriptions/00000000-0000-0000-0000-000000000000/providers/Microsoft.DocumentDB/locations/westus/operationsStatus/3cf2b2c4-9bc0-4242-af59-6f97b4ec95a3?api-version=2023-04-15",
      "RequestMethod": "GET",
      "RequestHeaders": {
        "Accept": "application/json",
        "Authorization": "Sanitized",
        "Content-Length": "0",
        "Date": "Thu, 27 Jul 2023 06:27:19 GMT",
        "User-Agent": "azsdk-java-com.azure.resourcemanager.cosmos/2.29.0-beta.1 (17; Windows 10; 10.0)",
        "x-ms-client-request-id": "8ed50ef6-412f-4e27-b4c4-4baf2b07b42d",
        "x-ms-return-client-request-id": "true"
      },
      "RequestBody": null,
      "StatusCode": 200,
      "ResponseHeaders": {
        "Cache-Control": "no-store, no-cache",
        "Content-Length": "21",
        "Content-Type": "application/json",
        "Date": "Thu, 27 Jul 2023 06:27:20 GMT",
        "Pragma": "no-cache",
        "Server": "Microsoft-HTTPAPI/2.0",
        "Strict-Transport-Security": "max-age=31536000; includeSubDomains",
        "X-Content-Type-Options": "nosniff",
        "x-ms-correlation-request-id": "370c0af7-eaf1-4a81-acf0-2cb6f965074d",
        "x-ms-gatewayversion": "version=2.14.0",
        "x-ms-ratelimit-remaining-subscription-reads": "11922",
        "x-ms-request-id": "370c0af7-eaf1-4a81-acf0-2cb6f965074d",
        "x-ms-routing-request-id": "SOUTHEASTASIA:20230727T062720Z:370c0af7-eaf1-4a81-acf0-2cb6f965074d"
      },
      "ResponseBody": {
        "status": "Dequeued"
      }
    },
    {
      "RequestUri": "https://REDACTED/subscriptions/00000000-0000-0000-0000-000000000000/providers/Microsoft.DocumentDB/locations/westus/operationsStatus/3cf2b2c4-9bc0-4242-af59-6f97b4ec95a3?api-version=2023-04-15",
      "RequestMethod": "GET",
      "RequestHeaders": {
        "Accept": "application/json",
        "Authorization": "Sanitized",
        "Content-Length": "0",
        "Date": "Thu, 27 Jul 2023 06:27:50 GMT",
        "User-Agent": "azsdk-java-com.azure.resourcemanager.cosmos/2.29.0-beta.1 (17; Windows 10; 10.0)",
        "x-ms-client-request-id": "ad9a882f-07ea-4dbb-b482-73fb77ea6b3b",
        "x-ms-return-client-request-id": "true"
      },
      "RequestBody": null,
      "StatusCode": 200,
      "ResponseHeaders": {
        "Cache-Control": "no-store, no-cache",
        "Content-Length": "21",
        "Content-Type": "application/json",
        "Date": "Thu, 27 Jul 2023 06:27:50 GMT",
        "Pragma": "no-cache",
        "Server": "Microsoft-HTTPAPI/2.0",
        "Strict-Transport-Security": "max-age=31536000; includeSubDomains",
        "X-Content-Type-Options": "nosniff",
        "x-ms-correlation-request-id": "61c098a1-a0b1-41e5-b87e-582885287670",
        "x-ms-gatewayversion": "version=2.14.0",
        "x-ms-ratelimit-remaining-subscription-reads": "11918",
        "x-ms-request-id": "61c098a1-a0b1-41e5-b87e-582885287670",
        "x-ms-routing-request-id": "SOUTHEASTASIA:20230727T062751Z:61c098a1-a0b1-41e5-b87e-582885287670"
      },
      "ResponseBody": {
        "status": "Dequeued"
      }
    },
    {
      "RequestUri": "https://REDACTED/subscriptions/00000000-0000-0000-0000-000000000000/providers/Microsoft.DocumentDB/locations/westus/operationsStatus/3cf2b2c4-9bc0-4242-af59-6f97b4ec95a3?api-version=2023-04-15",
      "RequestMethod": "GET",
      "RequestHeaders": {
        "Accept": "application/json",
        "Authorization": "Sanitized",
        "Content-Length": "0",
        "Date": "Thu, 27 Jul 2023 06:28:20 GMT",
        "User-Agent": "azsdk-java-com.azure.resourcemanager.cosmos/2.29.0-beta.1 (17; Windows 10; 10.0)",
        "x-ms-client-request-id": "fa479f60-388a-4d08-9761-f64deb1909f4",
        "x-ms-return-client-request-id": "true"
      },
      "RequestBody": null,
      "StatusCode": 200,
      "ResponseHeaders": {
        "Cache-Control": "no-store, no-cache",
        "Content-Length": "21",
        "Content-Type": "application/json",
        "Date": "Thu, 27 Jul 2023 06:28:21 GMT",
        "Pragma": "no-cache",
        "Server": "Microsoft-HTTPAPI/2.0",
        "Strict-Transport-Security": "max-age=31536000; includeSubDomains",
        "X-Content-Type-Options": "nosniff",
        "x-ms-correlation-request-id": "7e2aa2b5-cba2-445e-821b-ab8d38e895b9",
        "x-ms-gatewayversion": "version=2.14.0",
        "x-ms-ratelimit-remaining-subscription-reads": "11914",
        "x-ms-request-id": "7e2aa2b5-cba2-445e-821b-ab8d38e895b9",
        "x-ms-routing-request-id": "SOUTHEASTASIA:20230727T062821Z:7e2aa2b5-cba2-445e-821b-ab8d38e895b9"
      },
      "ResponseBody": {
        "status": "Dequeued"
      }
    },
    {
      "RequestUri": "https://REDACTED/subscriptions/00000000-0000-0000-0000-000000000000/providers/Microsoft.DocumentDB/locations/westus/operationsStatus/3cf2b2c4-9bc0-4242-af59-6f97b4ec95a3?api-version=2023-04-15",
      "RequestMethod": "GET",
      "RequestHeaders": {
        "Accept": "application/json",
        "Authorization": "Sanitized",
        "Content-Length": "0",
        "Date": "Thu, 27 Jul 2023 06:28:51 GMT",
        "User-Agent": "azsdk-java-com.azure.resourcemanager.cosmos/2.29.0-beta.1 (17; Windows 10; 10.0)",
        "x-ms-client-request-id": "45c01d43-532f-4b33-936a-eee642fb7839",
        "x-ms-return-client-request-id": "true"
      },
      "RequestBody": null,
      "StatusCode": 200,
      "ResponseHeaders": {
        "Cache-Control": "no-store, no-cache",
        "Content-Length": "21",
        "Content-Type": "application/json",
        "Date": "Thu, 27 Jul 2023 06:28:51 GMT",
        "Pragma": "no-cache",
        "Server": "Microsoft-HTTPAPI/2.0",
        "Strict-Transport-Security": "max-age=31536000; includeSubDomains",
        "X-Content-Type-Options": "nosniff",
        "x-ms-correlation-request-id": "e4538643-9c4f-4d9e-a656-1139bb6a51e3",
        "x-ms-gatewayversion": "version=2.14.0",
        "x-ms-ratelimit-remaining-subscription-reads": "11910",
        "x-ms-request-id": "e4538643-9c4f-4d9e-a656-1139bb6a51e3",
        "x-ms-routing-request-id": "SOUTHEASTASIA:20230727T062852Z:e4538643-9c4f-4d9e-a656-1139bb6a51e3"
      },
      "ResponseBody": {
        "status": "Dequeued"
      }
    },
    {
      "RequestUri": "https://REDACTED/subscriptions/00000000-0000-0000-0000-000000000000/providers/Microsoft.DocumentDB/locations/westus/operationsStatus/3cf2b2c4-9bc0-4242-af59-6f97b4ec95a3?api-version=2023-04-15",
      "RequestMethod": "GET",
      "RequestHeaders": {
        "Accept": "application/json",
        "Authorization": "Sanitized",
        "Content-Length": "0",
        "Date": "Thu, 27 Jul 2023 06:29:21 GMT",
        "User-Agent": "azsdk-java-com.azure.resourcemanager.cosmos/2.29.0-beta.1 (17; Windows 10; 10.0)",
        "x-ms-client-request-id": "a5835610-307d-4900-b288-3b53b45a3554",
        "x-ms-return-client-request-id": "true"
      },
      "RequestBody": null,
      "StatusCode": 200,
      "ResponseHeaders": {
        "Cache-Control": "no-store, no-cache",
        "Content-Length": "21",
        "Content-Type": "application/json",
        "Date": "Thu, 27 Jul 2023 06:29:22 GMT",
        "Pragma": "no-cache",
        "Server": "Microsoft-HTTPAPI/2.0",
        "Strict-Transport-Security": "max-age=31536000; includeSubDomains",
        "X-Content-Type-Options": "nosniff",
        "x-ms-correlation-request-id": "76c4cdd6-8791-42b0-9597-9c8178b69c4b",
        "x-ms-gatewayversion": "version=2.14.0",
        "x-ms-ratelimit-remaining-subscription-reads": "11907",
        "x-ms-request-id": "76c4cdd6-8791-42b0-9597-9c8178b69c4b",
        "x-ms-routing-request-id": "SOUTHEASTASIA:20230727T062922Z:76c4cdd6-8791-42b0-9597-9c8178b69c4b"
      },
      "ResponseBody": {
        "status": "Dequeued"
      }
    },
    {
      "RequestUri": "https://REDACTED/subscriptions/00000000-0000-0000-0000-000000000000/providers/Microsoft.DocumentDB/locations/westus/operationsStatus/3cf2b2c4-9bc0-4242-af59-6f97b4ec95a3?api-version=2023-04-15",
      "RequestMethod": "GET",
      "RequestHeaders": {
        "Accept": "application/json",
        "Authorization": "Sanitized",
        "Content-Length": "0",
        "Date": "Thu, 27 Jul 2023 06:29:51 GMT",
        "User-Agent": "azsdk-java-com.azure.resourcemanager.cosmos/2.29.0-beta.1 (17; Windows 10; 10.0)",
        "x-ms-client-request-id": "fd8461c5-22d9-46c3-b90d-d0fbc5678f21",
        "x-ms-return-client-request-id": "true"
      },
      "RequestBody": null,
      "StatusCode": 200,
      "ResponseHeaders": {
        "Cache-Control": "no-store, no-cache",
        "Content-Length": "21",
        "Content-Type": "application/json",
        "Date": "Thu, 27 Jul 2023 06:29:52 GMT",
        "Pragma": "no-cache",
        "Server": "Microsoft-HTTPAPI/2.0",
        "Strict-Transport-Security": "max-age=31536000; includeSubDomains",
        "X-Content-Type-Options": "nosniff",
        "x-ms-correlation-request-id": "9823bbbe-00ea-43ae-b2cf-4f186530f2d0",
        "x-ms-gatewayversion": "version=2.14.0",
        "x-ms-ratelimit-remaining-subscription-reads": "11904",
        "x-ms-request-id": "9823bbbe-00ea-43ae-b2cf-4f186530f2d0",
        "x-ms-routing-request-id": "SOUTHEASTASIA:20230727T062953Z:9823bbbe-00ea-43ae-b2cf-4f186530f2d0"
      },
      "ResponseBody": {
        "status": "Dequeued"
      }
    },
    {
      "RequestUri": "https://REDACTED/subscriptions/00000000-0000-0000-0000-000000000000/providers/Microsoft.DocumentDB/locations/westus/operationsStatus/3cf2b2c4-9bc0-4242-af59-6f97b4ec95a3?api-version=2023-04-15",
      "RequestMethod": "GET",
      "RequestHeaders": {
        "Accept": "application/json",
        "Authorization": "Sanitized",
        "Content-Length": "0",
        "Date": "Thu, 27 Jul 2023 06:30:22 GMT",
        "User-Agent": "azsdk-java-com.azure.resourcemanager.cosmos/2.29.0-beta.1 (17; Windows 10; 10.0)",
        "x-ms-client-request-id": "7c1725c0-4ebc-45e9-ab4a-4dae0484d560",
        "x-ms-return-client-request-id": "true"
      },
      "RequestBody": null,
      "StatusCode": 200,
      "ResponseHeaders": {
        "Cache-Control": "no-store, no-cache",
        "Content-Length": "21",
        "Content-Type": "application/json",
        "Date": "Thu, 27 Jul 2023 06:30:23 GMT",
        "Pragma": "no-cache",
        "Server": "Microsoft-HTTPAPI/2.0",
        "Strict-Transport-Security": "max-age=31536000; includeSubDomains",
        "X-Content-Type-Options": "nosniff",
        "x-ms-correlation-request-id": "479dfcac-7fc2-4c09-a4c8-9286819558ff",
        "x-ms-gatewayversion": "version=2.14.0",
        "x-ms-ratelimit-remaining-subscription-reads": "11901",
        "x-ms-request-id": "479dfcac-7fc2-4c09-a4c8-9286819558ff",
        "x-ms-routing-request-id": "SOUTHEASTASIA:20230727T063023Z:479dfcac-7fc2-4c09-a4c8-9286819558ff"
      },
      "ResponseBody": {
        "status": "Dequeued"
      }
    },
    {
      "RequestUri": "https://REDACTED/subscriptions/00000000-0000-0000-0000-000000000000/providers/Microsoft.DocumentDB/locations/westus/operationsStatus/3cf2b2c4-9bc0-4242-af59-6f97b4ec95a3?api-version=2023-04-15",
      "RequestMethod": "GET",
      "RequestHeaders": {
        "Accept": "application/json",
        "Authorization": "Sanitized",
        "Content-Length": "0",
        "Date": "Thu, 27 Jul 2023 06:30:52 GMT",
        "User-Agent": "azsdk-java-com.azure.resourcemanager.cosmos/2.29.0-beta.1 (17; Windows 10; 10.0)",
        "x-ms-client-request-id": "e1e3b7c2-52b9-49c3-8a11-4cd10c80bd45",
        "x-ms-return-client-request-id": "true"
      },
      "RequestBody": null,
      "StatusCode": 200,
      "ResponseHeaders": {
        "Cache-Control": "no-store, no-cache",
        "Content-Length": "21",
        "Content-Type": "application/json",
        "Date": "Thu, 27 Jul 2023 06:30:53 GMT",
        "Pragma": "no-cache",
        "Server": "Microsoft-HTTPAPI/2.0",
        "Strict-Transport-Security": "max-age=31536000; includeSubDomains",
        "X-Content-Type-Options": "nosniff",
        "x-ms-correlation-request-id": "f6b7a00d-557c-4f39-969b-8a9c94d7b1d2",
        "x-ms-gatewayversion": "version=2.14.0",
        "x-ms-ratelimit-remaining-subscription-reads": "11899",
        "x-ms-request-id": "f6b7a00d-557c-4f39-969b-8a9c94d7b1d2",
        "x-ms-routing-request-id": "SOUTHEASTASIA:20230727T063053Z:f6b7a00d-557c-4f39-969b-8a9c94d7b1d2"
      },
      "ResponseBody": {
        "status": "Dequeued"
      }
    },
    {
      "RequestUri": "https://REDACTED/subscriptions/00000000-0000-0000-0000-000000000000/providers/Microsoft.DocumentDB/locations/westus/operationsStatus/3cf2b2c4-9bc0-4242-af59-6f97b4ec95a3?api-version=2023-04-15",
      "RequestMethod": "GET",
      "RequestHeaders": {
        "Accept": "application/json",
        "Authorization": "Sanitized",
        "Content-Length": "0",
        "Date": "Thu, 27 Jul 2023 06:31:23 GMT",
        "User-Agent": "azsdk-java-com.azure.resourcemanager.cosmos/2.29.0-beta.1 (17; Windows 10; 10.0)",
        "x-ms-client-request-id": "a317dcca-eca5-4b30-a8a4-30288ffec8ef",
        "x-ms-return-client-request-id": "true"
      },
      "RequestBody": null,
      "StatusCode": 200,
      "ResponseHeaders": {
        "Cache-Control": "no-store, no-cache",
        "Content-Length": "21",
        "Content-Type": "application/json",
        "Date": "Thu, 27 Jul 2023 06:31:24 GMT",
        "Pragma": "no-cache",
        "Server": "Microsoft-HTTPAPI/2.0",
        "Strict-Transport-Security": "max-age=31536000; includeSubDomains",
        "X-Content-Type-Options": "nosniff",
        "x-ms-correlation-request-id": "4c6c498e-5f14-4b0c-806d-7f058995c556",
        "x-ms-gatewayversion": "version=2.14.0",
        "x-ms-ratelimit-remaining-subscription-reads": "11897",
        "x-ms-request-id": "4c6c498e-5f14-4b0c-806d-7f058995c556",
        "x-ms-routing-request-id": "SOUTHEASTASIA:20230727T063124Z:4c6c498e-5f14-4b0c-806d-7f058995c556"
      },
      "ResponseBody": {
        "status": "Dequeued"
      }
    },
    {
      "RequestUri": "https://REDACTED/subscriptions/00000000-0000-0000-0000-000000000000/providers/Microsoft.DocumentDB/locations/westus/operationsStatus/3cf2b2c4-9bc0-4242-af59-6f97b4ec95a3?api-version=2023-04-15",
      "RequestMethod": "GET",
      "RequestHeaders": {
        "Accept": "application/json",
        "Authorization": "Sanitized",
        "Content-Length": "0",
        "Date": "Thu, 27 Jul 2023 06:31:53 GMT",
        "User-Agent": "azsdk-java-com.azure.resourcemanager.cosmos/2.29.0-beta.1 (17; Windows 10; 10.0)",
        "x-ms-client-request-id": "ddd19c51-dd97-4807-96d6-92858956f19d",
        "x-ms-return-client-request-id": "true"
      },
      "RequestBody": null,
      "StatusCode": 200,
      "ResponseHeaders": {
        "Cache-Control": "no-store, no-cache",
        "Content-Length": "21",
        "Content-Type": "application/json",
        "Date": "Thu, 27 Jul 2023 06:31:53 GMT",
        "Pragma": "no-cache",
        "Server": "Microsoft-HTTPAPI/2.0",
        "Strict-Transport-Security": "max-age=31536000; includeSubDomains",
        "X-Content-Type-Options": "nosniff",
        "x-ms-correlation-request-id": "aedef73a-8ad6-4ff3-bb92-ea2a8a4d9184",
        "x-ms-gatewayversion": "version=2.14.0",
        "x-ms-ratelimit-remaining-subscription-reads": "11895",
        "x-ms-request-id": "aedef73a-8ad6-4ff3-bb92-ea2a8a4d9184",
        "x-ms-routing-request-id": "SOUTHEASTASIA:20230727T063154Z:aedef73a-8ad6-4ff3-bb92-ea2a8a4d9184"
      },
      "ResponseBody": {
        "status": "Dequeued"
      }
    },
    {
      "RequestUri": "https://REDACTED/subscriptions/00000000-0000-0000-0000-000000000000/providers/Microsoft.DocumentDB/locations/westus/operationsStatus/3cf2b2c4-9bc0-4242-af59-6f97b4ec95a3?api-version=2023-04-15",
      "RequestMethod": "GET",
      "RequestHeaders": {
        "Accept": "application/json",
        "Authorization": "Sanitized",
        "Content-Length": "0",
        "Date": "Thu, 27 Jul 2023 06:32:24 GMT",
        "User-Agent": "azsdk-java-com.azure.resourcemanager.cosmos/2.29.0-beta.1 (17; Windows 10; 10.0)",
        "x-ms-client-request-id": "3a2a0546-0f89-46aa-aa6a-824a6e71696b",
        "x-ms-return-client-request-id": "true"
      },
      "RequestBody": null,
      "StatusCode": 200,
      "ResponseHeaders": {
        "Cache-Control": "no-store, no-cache",
        "Content-Length": "22",
        "Content-Type": "application/json",
        "Date": "Thu, 27 Jul 2023 06:32:24 GMT",
        "Pragma": "no-cache",
        "Server": "Microsoft-HTTPAPI/2.0",
        "Strict-Transport-Security": "max-age=31536000; includeSubDomains",
        "X-Content-Type-Options": "nosniff",
        "x-ms-correlation-request-id": "fba2827d-0a9e-44bb-8b69-33060492191e",
        "x-ms-gatewayversion": "version=2.14.0",
        "x-ms-ratelimit-remaining-subscription-reads": "11893",
        "x-ms-request-id": "fba2827d-0a9e-44bb-8b69-33060492191e",
        "x-ms-routing-request-id": "SOUTHEASTASIA:20230727T063225Z:fba2827d-0a9e-44bb-8b69-33060492191e"
      },
      "ResponseBody": {
        "status": "Succeeded"
      }
    },
    {
      "RequestUri": "https://REDACTED/subscriptions/00000000-0000-0000-0000-000000000000/providers/Microsoft.DocumentDB/locations/westus/operationResults/3cf2b2c4-9bc0-4242-af59-6f97b4ec95a3?api-version=2023-04-15",
      "RequestMethod": "GET",
      "RequestHeaders": {
        "Accept": "application/json",
        "Authorization": "Sanitized",
        "Content-Length": "0",
        "Date": "Thu, 27 Jul 2023 06:32:24 GMT",
        "User-Agent": "azsdk-java-com.azure.resourcemanager.cosmos/2.29.0-beta.1 (17; Windows 10; 10.0)",
        "x-ms-client-request-id": "12e7cc15-f8e6-4fab-9327-a8784a1d7eca",
        "x-ms-return-client-request-id": "true"
      },
      "RequestBody": null,
      "StatusCode": 200,
      "ResponseHeaders": {
        "Cache-Control": "no-store, no-cache",
        "Content-Length": "0",
        "Date": "Thu, 27 Jul 2023 06:32:25 GMT",
        "Pragma": "no-cache",
        "Server": "Microsoft-HTTPAPI/2.0",
        "Strict-Transport-Security": "max-age=31536000; includeSubDomains",
        "X-Content-Type-Options": "nosniff",
        "x-ms-activity-id": "12e7cc15-f8e6-4fab-9327-a8784a1d7eca",
        "x-ms-correlation-request-id": "f808d031-da4a-475d-9053-57f398f59ee4",
        "x-ms-ratelimit-remaining-subscription-reads": "11892",
        "x-ms-request-id": "f808d031-da4a-475d-9053-57f398f59ee4",
        "x-ms-routing-request-id": "SOUTHEASTASIA:20230727T063225Z:f808d031-da4a-475d-9053-57f398f59ee4"
      },
      "ResponseBody": null
    },
    {
      "RequestUri": "https://REDACTED/subscriptions/00000000-0000-0000-0000-000000000000/resourcegroups/rgnemv02289d8217f?api-version=2022-09-01",
      "RequestMethod": "DELETE",
      "RequestHeaders": {
        "Accept": "application/json",
        "Authorization": "Sanitized",
        "Content-Length": "0",
        "Content-Type": "application/json",
        "Date": "Thu, 27 Jul 2023 06:32:25 GMT",
        "User-Agent": "azsdk-java-com.azure.resourcemanager.resources/2.29.0-beta.1 (17; Windows 10; 10.0)",
        "x-ms-client-request-id": "27c0858e-587c-4c65-9c1d-39c3dd7a3bec",
        "x-ms-return-client-request-id": "true"
      },
      "RequestBody": null,
      "StatusCode": 202,
      "ResponseHeaders": {
        "Cache-Control": "no-cache",
        "Content-Length": "0",
        "Date": "Thu, 27 Jul 2023 06:32:29 GMT",
        "Expires": "-1",
        "Location": "https://management.azure.com/subscriptions/ec0aa5f7-9e78-40c9-85cd-535c6305b380/operationresults/eyJqb2JJZCI6IlJFU09VUkNFR1JPVVBERUxFVElPTkpPQi1SR05FTVYwMjI4OUQ4MjE3Ri1XRVNUVVMiLCJqb2JMb2NhdGlvbiI6Indlc3R1cyJ9?api-version=2022-09-01",
        "Pragma": "no-cache",
        "Retry-After": "0",
        "Strict-Transport-Security": "max-age=31536000; includeSubDomains",
        "X-Content-Type-Options": "nosniff",
        "x-ms-correlation-request-id": "aa0d5a0d-3471-4a06-9f12-8b70591afae3",
        "x-ms-ratelimit-remaining-subscription-deletes": "14995",
        "x-ms-request-id": "aa0d5a0d-3471-4a06-9f12-8b70591afae3",
        "x-ms-routing-request-id": "SOUTHEASTASIA:20230727T063230Z:aa0d5a0d-3471-4a06-9f12-8b70591afae3"
      },
      "ResponseBody": null
    }
  ],
  "Variables": {
    "0": "docdb22822",
    "1": "rgnemv02289d8217f"
  }
}