{
  "Entries": [
    {
      "RequestUri": "https://REDACTED/subscriptions/00000000-0000-0000-0000-000000000000/resourcegroups/rgevhb42738aeb8d6?api-version=2022-09-01",
      "RequestMethod": "PUT",
      "RequestHeaders": {
        "Accept": "application/json",
        "Authorization": "Sanitized",
        "Content-Length": "21",
        "Content-Type": "application/json",
        "Date": "Thu, 27 Jul 2023 03:25:20 GMT",
        "User-Agent": "azsdk-java-com.azure.resourcemanager.resources/2.29.0-beta.1 (17; Windows 10; 10.0)",
        "x-ms-client-request-id": "67d826bd-1f0e-4c73-ae47-e49989c27642",
        "x-ms-return-client-request-id": "true"
      },
      "RequestBody": {
        "location": "eastus"
      },
      "StatusCode": 201,
      "ResponseHeaders": {
        "Cache-Control": "no-cache",
        "Content-Length": "231",
        "Content-Type": "application/json; charset=utf-8",
        "Date": "Thu, 27 Jul 2023 03:25:26 GMT",
        "Expires": "-1",
        "Pragma": "no-cache",
        "Strict-Transport-Security": "max-age=31536000; includeSubDomains",
        "X-Content-Type-Options": "nosniff",
        "x-ms-correlation-request-id": "12097320-10cf-4c7e-a167-985874f76497",
        "x-ms-ratelimit-remaining-subscription-writes": "1199",
        "x-ms-request-id": "12097320-10cf-4c7e-a167-985874f76497",
        "x-ms-routing-request-id": "SOUTHEASTASIA:20230727T032527Z:12097320-10cf-4c7e-a167-985874f76497"
      },
      "ResponseBody": {
        "id": "/subscriptions/ec0aa5f7-9e78-40c9-85cd-535c6305b380/resourceGroups/rgevhb42738aeb8d6",
        "name": "rgevhb42738aeb8d6",
        "type": "Microsoft.Resources/resourceGroups",
        "location": "eastus",
        "properties": {
          "provisioningState": "Succeeded"
        }
      }
    },
    {
      "RequestUri": "https://REDACTED/subscriptions/00000000-0000-0000-0000-000000000000/resourceGroups/rgevhb42738aeb8d6/providers/Microsoft.DocumentDB/databaseAccounts/ns599198f7b8f59?api-version=2023-04-15",
      "RequestMethod": "PUT",
      "RequestHeaders": {
        "Accept": "application/json",
        "Authorization": "Sanitized",
        "Content-Length": "269",
        "Content-Type": "application/json",
        "Date": "Thu, 27 Jul 2023 03:25:26 GMT",
        "User-Agent": "azsdk-java-com.azure.resourcemanager.cosmos/2.29.0-beta.1 (17; Windows 10; 10.0)",
        "x-ms-client-request-id": "d68292db-38f5-438d-b672-ebcde76edcb4",
        "x-ms-return-client-request-id": "true"
      },
      "RequestBody": {
        "location": "eastus",
        "tags": {},
        "kind": "MongoDB",
        "properties": {
          "consistencyPolicy": {
            "defaultConsistencyLevel": "Eventual"
          },
          "locations": [
            {
              "locationName": "westus",
              "failoverPriority": 0
            },
            {
              "locationName": "westus3",
              "failoverPriority": 1
            }
          ],
          "databaseAccountOfferType": "Standard"
        }
      },
      "StatusCode": 200,
      "ResponseHeaders": {
        "Azure-AsyncOperation": "https://management.azure.com/subscriptions/ec0aa5f7-9e78-40c9-85cd-535c6305b380/providers/Microsoft.DocumentDB/locations/eastus/operationsStatus/d1daff1e-e156-4e7c-8e2c-bf5eb03fba3d?api-version=2023-04-15",
        "Cache-Control": "no-store, no-cache",
        "Content-Length": "2365",
        "Content-Type": "application/json",
        "Date": "Thu, 27 Jul 2023 03:25:32 GMT",
        "Location": "https://management.azure.com/subscriptions/ec0aa5f7-9e78-40c9-85cd-535c6305b380/resourceGroups/rgevhb42738aeb8d6/providers/Microsoft.DocumentDB/databaseAccounts/ns599198f7b8f59/operationResults/d1daff1e-e156-4e7c-8e2c-bf5eb03fba3d?api-version=2023-04-15",
        "Pragma": "no-cache",
        "Server": "Microsoft-HTTPAPI/2.0",
        "Strict-Transport-Security": "max-age=31536000; includeSubDomains",
        "X-Content-Type-Options": "nosniff",
        "x-ms-correlation-request-id": "fee48f18-59c6-4b85-b31d-6d16f962b27e",
        "x-ms-gatewayversion": "version=2.14.0",
        "x-ms-ratelimit-remaining-subscription-writes": "1198",
        "x-ms-request-id": "d1daff1e-e156-4e7c-8e2c-bf5eb03fba3d",
        "x-ms-routing-request-id": "SOUTHEASTASIA:20230727T032532Z:fee48f18-59c6-4b85-b31d-6d16f962b27e"
      },
      "ResponseBody": {
        "id": "/subscriptions/ec0aa5f7-9e78-40c9-85cd-535c6305b380/resourceGroups/rgevhb42738aeb8d6/providers/Microsoft.DocumentDB/databaseAccounts/ns599198f7b8f59",
        "name": "ns599198f7b8f59",
        "location": "East US",
        "type": "Microsoft.DocumentDB/databaseAccounts",
        "kind": "MongoDB",
        "tags": {},
        "systemData": {
          "createdAt": "2023-07-27T03:25:30.0255938Z"
        },
        "properties": {
          "provisioningState": "Creating",
          "publicNetworkAccess": "Enabled",
          "enableAutomaticFailover": false,
          "enableMultipleWriteLocations": false,
          "enablePartitionKeyMonitor": false,
          "isVirtualNetworkFilterEnabled": false,
          "virtualNetworkRules": [],
          "EnabledApiTypes": "MongoDB",
          "disableKeyBasedMetadataWriteAccess": false,
          "enableFreeTier": false,
          "enableAnalyticalStorage": false,
          "analyticalStorageConfiguration": {
            "schemaType": "FullFidelity"
          },
          "instanceId": "c256e291-359f-464d-bec7-8a5962ed1f80",
          "databaseAccountOfferType": "Standard",
          "enableCassandraConnector": false,
          "connectorOffer": "",
          "defaultIdentity": "",
          "networkAclBypass": "None",
          "disableLocalAuth": false,
          "enablePartitionMerge": false,
          "minimalTlsVersion": "Tls12",
          "consistencyPolicy": {
            "defaultConsistencyLevel": "Eventual",
            "maxIntervalInSeconds": 5,
            "maxStalenessPrefix": 100
          },
          "apiProperties": {
            "serverVersion": "3.6"
          },
          "configurationOverrides": {},
          "writeLocations": [
            {
              "id": "ns599198f7b8f59-westus",
              "locationName": "West US",
              "provisioningState": "Creating",
              "failoverPriority": 0,
              "isZoneRedundant": false
            }
          ],
          "readLocations": [
            {
              "id": "ns599198f7b8f59-westus",
              "locationName": "West US",
              "provisioningState": "Creating",
              "failoverPriority": 0,
              "isZoneRedundant": false
            }
          ],
          "locations": [
            {
              "id": "ns599198f7b8f59-westus",
              "locationName": "West US",
              "provisioningState": "Creating",
              "failoverPriority": 0,
              "isZoneRedundant": false
            }
          ],
          "failoverPolicies": [
            {
              "id": "ns599198f7b8f59-westus",
              "locationName": "West US",
              "failoverPriority": 0
            }
          ],
          "cors": [],
          "capabilities": [
            {
              "name": "EnableMongo"
            }
          ],
          "ipRules": [],
          "backupPolicy": {
            "type": "Periodic",
            "periodicModeProperties": {
              "backupIntervalInMinutes": 240,
              "backupRetentionIntervalInHours": 8,
              "backupStorageRedundancy": "Invalid"
            }
          },
          "networkAclBypassResourceIds": [],
          "keysMetadata": {
            "primaryMasterKey": {
              "generationTime": "2023-07-27T03:25:30.0255938Z"
            },
            "secondaryMasterKey": {
              "generationTime": "2023-07-27T03:25:30.0255938Z"
            },
            "primaryReadonlyMasterKey": {
              "generationTime": "2023-07-27T03:25:30.0255938Z"
            },
            "secondaryReadonlyMasterKey": {
              "generationTime": "2023-07-27T03:25:30.0255938Z"
            }
          }
        },
        "identity": {
          "type": "None"
        }
      }
    },
    {
      "RequestUri": "https://REDACTED/subscriptions/00000000-0000-0000-0000-000000000000/providers/Microsoft.DocumentDB/locations/eastus/operationsStatus/d1daff1e-e156-4e7c-8e2c-bf5eb03fba3d?api-version=2023-04-15",
      "RequestMethod": "GET",
      "RequestHeaders": {
        "Accept": "application/json",
        "Authorization": "Sanitized",
        "Date": "Thu, 27 Jul 2023 03:26:01 GMT",
        "User-Agent": "azsdk-java-com.azure.resourcemanager.cosmos/2.29.0-beta.1 (17; Windows 10; 10.0)",
        "x-ms-client-request-id": "c3bebdd9-ff22-4000-8247-1f8c983e14e3",
        "x-ms-return-client-request-id": "true"
      },
      "RequestBody": null,
      "StatusCode": 200,
      "ResponseHeaders": {
        "Cache-Control": "no-store, no-cache",
        "Content-Length": "21",
        "Content-Type": "application/json",
        "Date": "Thu, 27 Jul 2023 03:26:02 GMT",
        "Pragma": "no-cache",
        "Server": "Microsoft-HTTPAPI/2.0",
        "Strict-Transport-Security": "max-age=31536000; includeSubDomains",
        "X-Content-Type-Options": "nosniff",
        "x-ms-correlation-request-id": "e7b085de-65e1-4026-b886-1975d96b29c6",
        "x-ms-gatewayversion": "version=2.14.0",
        "x-ms-ratelimit-remaining-subscription-reads": "11999",
        "x-ms-request-id": "e7b085de-65e1-4026-b886-1975d96b29c6",
        "x-ms-routing-request-id": "SOUTHEASTASIA:20230727T032602Z:e7b085de-65e1-4026-b886-1975d96b29c6"
      },
      "ResponseBody": {
        "status": "Dequeued"
      }
    },
    {
      "RequestUri": "https://REDACTED/subscriptions/00000000-0000-0000-0000-000000000000/providers/Microsoft.DocumentDB/locations/eastus/operationsStatus/d1daff1e-e156-4e7c-8e2c-bf5eb03fba3d?api-version=2023-04-15",
      "RequestMethod": "GET",
      "RequestHeaders": {
        "Accept": "application/json",
        "Authorization": "Sanitized",
        "Date": "Thu, 27 Jul 2023 03:26:32 GMT",
        "User-Agent": "azsdk-java-com.azure.resourcemanager.cosmos/2.29.0-beta.1 (17; Windows 10; 10.0)",
        "x-ms-client-request-id": "5aa35df0-925e-4523-b873-aef20bfa6c68",
        "x-ms-return-client-request-id": "true"
      },
      "RequestBody": null,
      "StatusCode": 200,
      "ResponseHeaders": {
        "Cache-Control": "no-store, no-cache",
        "Content-Length": "21",
        "Content-Type": "application/json",
        "Date": "Thu, 27 Jul 2023 03:26:32 GMT",
        "Pragma": "no-cache",
        "Server": "Microsoft-HTTPAPI/2.0",
        "Strict-Transport-Security": "max-age=31536000; includeSubDomains",
        "X-Content-Type-Options": "nosniff",
        "x-ms-correlation-request-id": "ce0a5d70-40a1-433d-af41-b56caba3647a",
        "x-ms-gatewayversion": "version=2.14.0",
        "x-ms-ratelimit-remaining-subscription-reads": "11998",
        "x-ms-request-id": "ce0a5d70-40a1-433d-af41-b56caba3647a",
        "x-ms-routing-request-id": "SOUTHEASTASIA:20230727T032633Z:ce0a5d70-40a1-433d-af41-b56caba3647a"
      },
      "ResponseBody": {
        "status": "Dequeued"
      }
    },
    {
      "RequestUri": "https://REDACTED/subscriptions/00000000-0000-0000-0000-000000000000/providers/Microsoft.DocumentDB/locations/eastus/operationsStatus/d1daff1e-e156-4e7c-8e2c-bf5eb03fba3d?api-version=2023-04-15",
      "RequestMethod": "GET",
      "RequestHeaders": {
        "Accept": "application/json",
        "Authorization": "Sanitized",
        "Date": "Thu, 27 Jul 2023 03:27:02 GMT",
        "User-Agent": "azsdk-java-com.azure.resourcemanager.cosmos/2.29.0-beta.1 (17; Windows 10; 10.0)",
        "x-ms-client-request-id": "1dfb14eb-a9d0-499e-84c9-e672eb650720",
        "x-ms-return-client-request-id": "true"
      },
      "RequestBody": null,
      "StatusCode": 200,
      "ResponseHeaders": {
        "Cache-Control": "no-store, no-cache",
        "Content-Length": "21",
        "Content-Type": "application/json",
        "Date": "Thu, 27 Jul 2023 03:27:02 GMT",
        "Pragma": "no-cache",
        "Server": "Microsoft-HTTPAPI/2.0",
        "Strict-Transport-Security": "max-age=31536000; includeSubDomains",
        "X-Content-Type-Options": "nosniff",
        "x-ms-correlation-request-id": "99d8f8c6-7e81-42ac-ab19-3d9e2b1bb9e1",
        "x-ms-gatewayversion": "version=2.14.0",
        "x-ms-ratelimit-remaining-subscription-reads": "11997",
        "x-ms-request-id": "99d8f8c6-7e81-42ac-ab19-3d9e2b1bb9e1",
        "x-ms-routing-request-id": "SOUTHEASTASIA:20230727T032703Z:99d8f8c6-7e81-42ac-ab19-3d9e2b1bb9e1"
      },
      "ResponseBody": {
        "status": "Dequeued"
      }
    },
    {
      "RequestUri": "https://REDACTED/subscriptions/00000000-0000-0000-0000-000000000000/providers/Microsoft.DocumentDB/locations/eastus/operationsStatus/d1daff1e-e156-4e7c-8e2c-bf5eb03fba3d?api-version=2023-04-15",
      "RequestMethod": "GET",
      "RequestHeaders": {
        "Accept": "application/json",
        "Authorization": "Sanitized",
        "Date": "Thu, 27 Jul 2023 03:27:32 GMT",
        "User-Agent": "azsdk-java-com.azure.resourcemanager.cosmos/2.29.0-beta.1 (17; Windows 10; 10.0)",
        "x-ms-client-request-id": "36996268-c70d-4f21-a305-0b8b8d5b4cfc",
        "x-ms-return-client-request-id": "true"
      },
      "RequestBody": null,
      "StatusCode": 200,
      "ResponseHeaders": {
        "Cache-Control": "no-store, no-cache",
        "Content-Length": "21",
        "Content-Type": "application/json",
        "Date": "Thu, 27 Jul 2023 03:27:33 GMT",
        "Pragma": "no-cache",
        "Server": "Microsoft-HTTPAPI/2.0",
        "Strict-Transport-Security": "max-age=31536000; includeSubDomains",
        "X-Content-Type-Options": "nosniff",
        "x-ms-correlation-request-id": "1427bfe2-9ae4-4f58-a217-7d56a8e1a907",
        "x-ms-gatewayversion": "version=2.14.0",
        "x-ms-ratelimit-remaining-subscription-reads": "11996",
        "x-ms-request-id": "1427bfe2-9ae4-4f58-a217-7d56a8e1a907",
        "x-ms-routing-request-id": "SOUTHEASTASIA:20230727T032733Z:1427bfe2-9ae4-4f58-a217-7d56a8e1a907"
      },
      "ResponseBody": {
        "status": "Dequeued"
      }
    },
    {
      "RequestUri": "https://REDACTED/subscriptions/00000000-0000-0000-0000-000000000000/providers/Microsoft.DocumentDB/locations/eastus/operationsStatus/d1daff1e-e156-4e7c-8e2c-bf5eb03fba3d?api-version=2023-04-15",
      "RequestMethod": "GET",
      "RequestHeaders": {
        "Accept": "application/json",
        "Authorization": "Sanitized",
        "Date": "Thu, 27 Jul 2023 03:28:03 GMT",
        "User-Agent": "azsdk-java-com.azure.resourcemanager.cosmos/2.29.0-beta.1 (17; Windows 10; 10.0)",
        "x-ms-client-request-id": "ef7c1ef7-3061-481f-ba01-5041611b251e",
        "x-ms-return-client-request-id": "true"
      },
      "RequestBody": null,
      "StatusCode": 200,
      "ResponseHeaders": {
        "Cache-Control": "no-store, no-cache",
        "Content-Length": "21",
        "Content-Type": "application/json",
        "Date": "Thu, 27 Jul 2023 03:28:03 GMT",
        "Pragma": "no-cache",
        "Server": "Microsoft-HTTPAPI/2.0",
        "Strict-Transport-Security": "max-age=31536000; includeSubDomains",
        "X-Content-Type-Options": "nosniff",
        "x-ms-correlation-request-id": "8d6b1b8e-2e8b-4738-a82f-92070bc3465c",
        "x-ms-gatewayversion": "version=2.14.0",
        "x-ms-ratelimit-remaining-subscription-reads": "11995",
        "x-ms-request-id": "8d6b1b8e-2e8b-4738-a82f-92070bc3465c",
        "x-ms-routing-request-id": "SOUTHEASTASIA:20230727T032804Z:8d6b1b8e-2e8b-4738-a82f-92070bc3465c"
      },
      "ResponseBody": {
        "status": "Dequeued"
      }
    },
    {
      "RequestUri": "https://REDACTED/subscriptions/00000000-0000-0000-0000-000000000000/providers/Microsoft.DocumentDB/locations/eastus/operationsStatus/d1daff1e-e156-4e7c-8e2c-bf5eb03fba3d?api-version=2023-04-15",
      "RequestMethod": "GET",
      "RequestHeaders": {
        "Accept": "application/json",
        "Authorization": "Sanitized",
        "Date": "Thu, 27 Jul 2023 03:28:33 GMT",
        "User-Agent": "azsdk-java-com.azure.resourcemanager.cosmos/2.29.0-beta.1 (17; Windows 10; 10.0)",
        "x-ms-client-request-id": "780d8dc4-428f-4c57-a6d6-f1e4d88c9e50",
        "x-ms-return-client-request-id": "true"
      },
      "RequestBody": null,
      "StatusCode": 200,
      "ResponseHeaders": {
        "Cache-Control": "no-store, no-cache",
        "Content-Length": "21",
        "Content-Type": "application/json",
        "Date": "Thu, 27 Jul 2023 03:28:34 GMT",
        "Pragma": "no-cache",
        "Server": "Microsoft-HTTPAPI/2.0",
        "Strict-Transport-Security": "max-age=31536000; includeSubDomains",
        "X-Content-Type-Options": "nosniff",
        "x-ms-correlation-request-id": "ad64cb33-4c6f-4632-aad3-fa573bfeabda",
        "x-ms-gatewayversion": "version=2.14.0",
        "x-ms-ratelimit-remaining-subscription-reads": "11994",
        "x-ms-request-id": "ad64cb33-4c6f-4632-aad3-fa573bfeabda",
        "x-ms-routing-request-id": "SOUTHEASTASIA:20230727T032834Z:ad64cb33-4c6f-4632-aad3-fa573bfeabda"
      },
      "ResponseBody": {
        "status": "Dequeued"
      }
    },
    {
      "RequestUri": "https://REDACTED/subscriptions/00000000-0000-0000-0000-000000000000/providers/Microsoft.DocumentDB/locations/eastus/operationsStatus/d1daff1e-e156-4e7c-8e2c-bf5eb03fba3d?api-version=2023-04-15",
      "RequestMethod": "GET",
      "RequestHeaders": {
        "Accept": "application/json",
        "Authorization": "Sanitized",
        "Date": "Thu, 27 Jul 2023 03:29:03 GMT",
        "User-Agent": "azsdk-java-com.azure.resourcemanager.cosmos/2.29.0-beta.1 (17; Windows 10; 10.0)",
        "x-ms-client-request-id": "30b8eaf5-d652-4584-9cef-cff5c81e0c1b",
        "x-ms-return-client-request-id": "true"
      },
      "RequestBody": null,
      "StatusCode": 200,
      "ResponseHeaders": {
        "Cache-Control": "no-store, no-cache",
        "Content-Length": "21",
        "Content-Type": "application/json",
        "Date": "Thu, 27 Jul 2023 03:29:04 GMT",
        "Pragma": "no-cache",
        "Server": "Microsoft-HTTPAPI/2.0",
        "Strict-Transport-Security": "max-age=31536000; includeSubDomains",
        "X-Content-Type-Options": "nosniff",
        "x-ms-correlation-request-id": "e7dacbc0-35f2-4b96-8ccf-52ba96789937",
        "x-ms-gatewayversion": "version=2.14.0",
        "x-ms-ratelimit-remaining-subscription-reads": "11993",
        "x-ms-request-id": "e7dacbc0-35f2-4b96-8ccf-52ba96789937",
        "x-ms-routing-request-id": "SOUTHEASTASIA:20230727T032904Z:e7dacbc0-35f2-4b96-8ccf-52ba96789937"
      },
      "ResponseBody": {
        "status": "Dequeued"
      }
    },
    {
      "RequestUri": "https://REDACTED/subscriptions/00000000-0000-0000-0000-000000000000/providers/Microsoft.DocumentDB/locations/eastus/operationsStatus/d1daff1e-e156-4e7c-8e2c-bf5eb03fba3d?api-version=2023-04-15",
      "RequestMethod": "GET",
      "RequestHeaders": {
        "Accept": "application/json",
        "Authorization": "Sanitized",
        "Date": "Thu, 27 Jul 2023 03:29:34 GMT",
        "User-Agent": "azsdk-java-com.azure.resourcemanager.cosmos/2.29.0-beta.1 (17; Windows 10; 10.0)",
        "x-ms-client-request-id": "d1913726-30be-4f7c-8a3c-f4d6d33fb8fc",
        "x-ms-return-client-request-id": "true"
      },
      "RequestBody": null,
      "StatusCode": 200,
      "ResponseHeaders": {
        "Cache-Control": "no-store, no-cache",
        "Content-Length": "22",
        "Content-Type": "application/json",
        "Date": "Thu, 27 Jul 2023 03:29:34 GMT",
        "Pragma": "no-cache",
        "Server": "Microsoft-HTTPAPI/2.0",
        "Strict-Transport-Security": "max-age=31536000; includeSubDomains",
        "X-Content-Type-Options": "nosniff",
        "x-ms-correlation-request-id": "7c3fd19e-3383-468c-b8ae-e471dc31c262",
        "x-ms-gatewayversion": "version=2.14.0",
        "x-ms-ratelimit-remaining-subscription-reads": "11992",
        "x-ms-request-id": "7c3fd19e-3383-468c-b8ae-e471dc31c262",
        "x-ms-routing-request-id": "SOUTHEASTASIA:20230727T032935Z:7c3fd19e-3383-468c-b8ae-e471dc31c262"
      },
      "ResponseBody": {
        "status": "Succeeded"
      }
    },
    {
      "RequestUri": "https://REDACTED/subscriptions/00000000-0000-0000-0000-000000000000/resourceGroups/rgevhb42738aeb8d6/providers/Microsoft.DocumentDB/databaseAccounts/ns599198f7b8f59?api-version=2023-04-15",
      "RequestMethod": "GET",
      "RequestHeaders": {
        "Accept": "application/json",
        "Authorization": "Sanitized",
        "Date": "Thu, 27 Jul 2023 03:29:34 GMT",
        "User-Agent": "azsdk-java-com.azure.resourcemanager.cosmos/2.29.0-beta.1 (17; Windows 10; 10.0)",
        "x-ms-client-request-id": "d27e5829-8d4d-434d-b9ae-e360be19f13c",
        "x-ms-return-client-request-id": "true"
      },
      "RequestBody": null,
      "StatusCode": 200,
      "ResponseHeaders": {
        "Cache-Control": "no-store, no-cache",
        "Content-Length": "3355",
        "Content-Type": "application/json",
        "Date": "Thu, 27 Jul 2023 03:29:34 GMT",
        "Pragma": "no-cache",
        "Server": "Microsoft-HTTPAPI/2.0",
        "Strict-Transport-Security": "max-age=31536000; includeSubDomains",
        "X-Content-Type-Options": "nosniff",
        "x-ms-correlation-request-id": "762b0644-c076-4ae4-9ff6-6de99abe3229",
        "x-ms-gatewayversion": "version=2.14.0",
        "x-ms-ratelimit-remaining-subscription-reads": "11991",
        "x-ms-request-id": "762b0644-c076-4ae4-9ff6-6de99abe3229",
        "x-ms-routing-request-id": "SOUTHEASTASIA:20230727T032935Z:762b0644-c076-4ae4-9ff6-6de99abe3229"
      },
      "ResponseBody": {
        "id": "/subscriptions/ec0aa5f7-9e78-40c9-85cd-535c6305b380/resourceGroups/rgevhb42738aeb8d6/providers/Microsoft.DocumentDB/databaseAccounts/ns599198f7b8f59",
        "name": "ns599198f7b8f59",
        "location": "East US",
        "type": "Microsoft.DocumentDB/databaseAccounts",
        "kind": "MongoDB",
        "tags": {},
        "systemData": {
          "createdAt": "2023-07-27T03:26:55.8764953Z"
        },
        "properties": {
          "provisioningState": "Succeeded",
          "documentEndpoint": "https://ns599198f7b8f59.documents.azure.com:443/",
          "sqlEndpoint": "https://ns599198f7b8f59.documents.azure.com:443/",
          "mongoEndpoint": "https://ns599198f7b8f59.mongo.cosmos.azure.com:443/",
          "publicNetworkAccess": "Enabled",
          "enableAutomaticFailover": false,
          "enableMultipleWriteLocations": false,
          "enablePartitionKeyMonitor": false,
          "isVirtualNetworkFilterEnabled": false,
          "virtualNetworkRules": [],
          "EnabledApiTypes": "MongoDB",
          "disableKeyBasedMetadataWriteAccess": false,
          "enableFreeTier": false,
          "enableAnalyticalStorage": false,
          "analyticalStorageConfiguration": {
            "schemaType": "FullFidelity"
          },
          "instanceId": "c256e291-359f-464d-bec7-8a5962ed1f80",
          "databaseAccountOfferType": "Standard",
          "enableCassandraConnector": false,
          "connectorOffer": "",
          "defaultIdentity": "FirstPartyIdentity",
          "networkAclBypass": "None",
          "disableLocalAuth": false,
          "enablePartitionMerge": false,
          "minimalTlsVersion": "Tls12",
          "consistencyPolicy": {
            "defaultConsistencyLevel": "Eventual",
            "maxIntervalInSeconds": 5,
            "maxStalenessPrefix": 100
          },
          "apiProperties": {
            "serverVersion": "3.6"
          },
          "configurationOverrides": {
            "EnableBsonSchema": "True"
          },
          "writeLocations": [
            {
              "id": "ns599198f7b8f59-westus",
              "locationName": "West US",
              "documentEndpoint": "https://ns599198f7b8f59-westus.documents.azure.com:443/",
              "provisioningState": "Succeeded",
              "failoverPriority": 0,
              "isZoneRedundant": false
            }
          ],
          "readLocations": [
            {
              "id": "ns599198f7b8f59-westus",
              "locationName": "West US",
              "documentEndpoint": "https://ns599198f7b8f59-westus.documents.azure.com:443/",
              "provisioningState": "Succeeded",
              "failoverPriority": 0,
              "isZoneRedundant": false
            },
            {
              "id": "ns599198f7b8f59-westus3",
              "locationName": "West US 3",
              "documentEndpoint": "https://ns599198f7b8f59-westus3.documents.azure.com:443/",
              "provisioningState": "Succeeded",
              "failoverPriority": 1,
              "isZoneRedundant": false
            }
          ],
          "locations": [
            {
              "id": "ns599198f7b8f59-westus",
              "locationName": "West US",
              "documentEndpoint": "https://ns599198f7b8f59-westus.documents.azure.com:443/",
              "provisioningState": "Succeeded",
              "failoverPriority": 0,
              "isZoneRedundant": false
            },
            {
              "id": "ns599198f7b8f59-westus3",
              "locationName": "West US 3",
              "documentEndpoint": "https://ns599198f7b8f59-westus3.documents.azure.com:443/",
              "provisioningState": "Succeeded",
              "failoverPriority": 1,
              "isZoneRedundant": false
            }
          ],
          "failoverPolicies": [
            {
              "id": "ns599198f7b8f59-westus",
              "locationName": "West US",
              "failoverPriority": 0
            },
            {
              "id": "ns599198f7b8f59-westus3",
              "locationName": "West US 3",
              "failoverPriority": 1
            }
          ],
          "cors": [],
          "capabilities": [
            {
              "name": "EnableMongo"
            }
          ],
          "ipRules": [],
          "backupPolicy": {
            "type": "Periodic",
            "periodicModeProperties": {
              "backupIntervalInMinutes": 240,
              "backupRetentionIntervalInHours": 8,
              "backupStorageRedundancy": "Geo"
            }
          },
          "networkAclBypassResourceIds": [],
          "keysMetadata": {
            "primaryMasterKey": {
              "generationTime": "2023-07-27T03:26:55.8764953Z"
            },
            "secondaryMasterKey": {
              "generationTime": "2023-07-27T03:26:55.8764953Z"
            },
            "primaryReadonlyMasterKey": {
              "generationTime": "2023-07-27T03:26:55.8764953Z"
            },
            "secondaryReadonlyMasterKey": {
              "generationTime": "2023-07-27T03:26:55.8764953Z"
            }
          }
        },
        "identity": {
          "type": "None"
        }
      }
    },
    {
      "RequestUri": "https://REDACTED/subscriptions/00000000-0000-0000-0000-000000000000/resourceGroups/rgevhb42738aeb8d6/providers/Microsoft.DocumentDB/databaseAccounts/ns599198f7b8f59?api-version=2023-04-15",
      "RequestMethod": "GET",
      "RequestHeaders": {
        "Accept": "application/json",
        "Authorization": "Sanitized",
        "Content-Length": "0",
        "Content-Type": "application/json",
        "Date": "Thu, 27 Jul 2023 03:29:35 GMT",
        "User-Agent": "azsdk-java-com.azure.resourcemanager.cosmos/2.29.0-beta.1 (17; Windows 10; 10.0)",
        "x-ms-client-request-id": "06dc4d83-a550-4e2c-a5e6-f62a96ea66c4",
        "x-ms-return-client-request-id": "true"
      },
      "RequestBody": null,
      "StatusCode": 200,
      "ResponseHeaders": {
        "Cache-Control": "no-store, no-cache",
        "Content-Length": "3355",
        "Content-Type": "application/json",
        "Date": "Thu, 27 Jul 2023 03:29:35 GMT",
        "Pragma": "no-cache",
        "Server": "Microsoft-HTTPAPI/2.0",
        "Strict-Transport-Security": "max-age=31536000; includeSubDomains",
        "X-Content-Type-Options": "nosniff",
        "x-ms-correlation-request-id": "38564c27-236e-4050-8c84-d313be48971f",
        "x-ms-gatewayversion": "version=2.14.0",
        "x-ms-ratelimit-remaining-subscription-reads": "11990",
        "x-ms-request-id": "38564c27-236e-4050-8c84-d313be48971f",
        "x-ms-routing-request-id": "SOUTHEASTASIA:20230727T032936Z:38564c27-236e-4050-8c84-d313be48971f"
      },
      "ResponseBody": {
        "id": "/subscriptions/ec0aa5f7-9e78-40c9-85cd-535c6305b380/resourceGroups/rgevhb42738aeb8d6/providers/Microsoft.DocumentDB/databaseAccounts/ns599198f7b8f59",
        "name": "ns599198f7b8f59",
        "location": "East US",
        "type": "Microsoft.DocumentDB/databaseAccounts",
        "kind": "MongoDB",
        "tags": {},
        "systemData": {
          "createdAt": "2023-07-27T03:26:55.8764953Z"
        },
        "properties": {
          "provisioningState": "Succeeded",
          "documentEndpoint": "https://ns599198f7b8f59.documents.azure.com:443/",
          "sqlEndpoint": "https://ns599198f7b8f59.documents.azure.com:443/",
          "mongoEndpoint": "https://ns599198f7b8f59.mongo.cosmos.azure.com:443/",
          "publicNetworkAccess": "Enabled",
          "enableAutomaticFailover": false,
          "enableMultipleWriteLocations": false,
          "enablePartitionKeyMonitor": false,
          "isVirtualNetworkFilterEnabled": false,
          "virtualNetworkRules": [],
          "EnabledApiTypes": "MongoDB",
          "disableKeyBasedMetadataWriteAccess": false,
          "enableFreeTier": false,
          "enableAnalyticalStorage": false,
          "analyticalStorageConfiguration": {
            "schemaType": "FullFidelity"
          },
          "instanceId": "c256e291-359f-464d-bec7-8a5962ed1f80",
          "databaseAccountOfferType": "Standard",
          "enableCassandraConnector": false,
          "connectorOffer": "",
          "defaultIdentity": "FirstPartyIdentity",
          "networkAclBypass": "None",
          "disableLocalAuth": false,
          "enablePartitionMerge": false,
          "minimalTlsVersion": "Tls12",
          "consistencyPolicy": {
            "defaultConsistencyLevel": "Eventual",
            "maxIntervalInSeconds": 5,
            "maxStalenessPrefix": 100
          },
          "apiProperties": {
            "serverVersion": "3.6"
          },
          "configurationOverrides": {
            "EnableBsonSchema": "True"
          },
          "writeLocations": [
            {
              "id": "ns599198f7b8f59-westus",
              "locationName": "West US",
              "documentEndpoint": "https://ns599198f7b8f59-westus.documents.azure.com:443/",
              "provisioningState": "Succeeded",
              "failoverPriority": 0,
              "isZoneRedundant": false
            }
          ],
          "readLocations": [
            {
              "id": "ns599198f7b8f59-westus",
              "locationName": "West US",
              "documentEndpoint": "https://ns599198f7b8f59-westus.documents.azure.com:443/",
              "provisioningState": "Succeeded",
              "failoverPriority": 0,
              "isZoneRedundant": false
            },
            {
              "id": "ns599198f7b8f59-westus3",
              "locationName": "West US 3",
              "documentEndpoint": "https://ns599198f7b8f59-westus3.documents.azure.com:443/",
              "provisioningState": "Succeeded",
              "failoverPriority": 1,
              "isZoneRedundant": false
            }
          ],
          "locations": [
            {
              "id": "ns599198f7b8f59-westus",
              "locationName": "West US",
              "documentEndpoint": "https://ns599198f7b8f59-westus.documents.azure.com:443/",
              "provisioningState": "Succeeded",
              "failoverPriority": 0,
              "isZoneRedundant": false
            },
            {
              "id": "ns599198f7b8f59-westus3",
              "locationName": "West US 3",
              "documentEndpoint": "https://ns599198f7b8f59-westus3.documents.azure.com:443/",
              "provisioningState": "Succeeded",
              "failoverPriority": 1,
              "isZoneRedundant": false
            }
          ],
          "failoverPolicies": [
            {
              "id": "ns599198f7b8f59-westus",
              "locationName": "West US",
              "failoverPriority": 0
            },
            {
              "id": "ns599198f7b8f59-westus3",
              "locationName": "West US 3",
              "failoverPriority": 1
            }
          ],
          "cors": [],
          "capabilities": [
            {
              "name": "EnableMongo"
            }
          ],
          "ipRules": [],
          "backupPolicy": {
            "type": "Periodic",
            "periodicModeProperties": {
              "backupIntervalInMinutes": 240,
              "backupRetentionIntervalInHours": 8,
              "backupStorageRedundancy": "Geo"
            }
          },
          "networkAclBypassResourceIds": [],
          "keysMetadata": {
            "primaryMasterKey": {
              "generationTime": "2023-07-27T03:26:55.8764953Z"
            },
            "secondaryMasterKey": {
              "generationTime": "2023-07-27T03:26:55.8764953Z"
            },
            "primaryReadonlyMasterKey": {
              "generationTime": "2023-07-27T03:26:55.8764953Z"
            },
            "secondaryReadonlyMasterKey": {
              "generationTime": "2023-07-27T03:26:55.8764953Z"
            }
          }
        },
        "identity": {
          "type": "None"
        }
      }
    },
    {
      "RequestUri": "https://REDACTED/subscriptions/00000000-0000-0000-0000-000000000000/resourceGroups/rgevhb42738aeb8d6/providers/Microsoft.DocumentDB/databaseAccounts/ns599198f7b8f59/listKeys?api-version=2023-04-15",
      "RequestMethod": "POST",
      "RequestHeaders": {
        "Accept": "application/json",
        "Authorization": "Sanitized",
        "Content-Length": "0",
        "Content-Type": "application/json",
        "Date": "Thu, 27 Jul 2023 03:29:35 GMT",
        "User-Agent": "azsdk-java-com.azure.resourcemanager.cosmos/2.29.0-beta.1 (17; Windows 10; 10.0)",
        "x-ms-client-request-id": "8becfb4a-4353-479b-87e4-a1e5b0857991",
        "x-ms-return-client-request-id": "true"
      },
      "RequestBody": null,
      "StatusCode": 200,
      "ResponseHeaders": {
        "Cache-Control": "no-store, no-cache",
        "Content-Length": "141",
        "Content-Type": "application/json",
        "Date": "Thu, 27 Jul 2023 03:29:36 GMT",
        "Pragma": "no-cache",
        "Server": "Microsoft-HTTPAPI/2.0",
        "Strict-Transport-Security": "max-age=31536000; includeSubDomains",
        "X-Content-Type-Options": "nosniff",
        "x-ms-correlation-request-id": "5de8fa6b-6498-4064-a4c4-1fd6352519c5",
        "x-ms-gatewayversion": "version=2.14.0",
        "x-ms-ratelimit-remaining-subscription-resource-requests": "149",
        "x-ms-request-id": "5de8fa6b-6498-4064-a4c4-1fd6352519c5",
        "x-ms-routing-request-id": "SOUTHEASTASIA:20230727T032936Z:5de8fa6b-6498-4064-a4c4-1fd6352519c5"
      },
      "ResponseBody": {
        "primaryMasterKey": "REDACTED",
        "secondaryMasterKey": "REDACTED",
        "primaryReadonlyMasterKey": "REDACTED",
        "secondaryReadonlyMasterKey": "REDACTED"
      }
    },
    {
      "RequestUri": "https://REDACTED/subscriptions/00000000-0000-0000-0000-000000000000/resourceGroups/rgevhb42738aeb8d6/providers/Microsoft.DocumentDB/databaseAccounts/ns599198f7b8f59/readonlykeys?api-version=2023-04-15",
      "RequestMethod": "POST",
      "RequestHeaders": {
        "Accept": "application/json",
        "Authorization": "Sanitized",
        "Content-Length": "0",
        "Content-Type": "application/json",
        "Date": "Thu, 27 Jul 2023 03:29:36 GMT",
        "User-Agent": "azsdk-java-com.azure.resourcemanager.cosmos/2.29.0-beta.1 (17; Windows 10; 10.0)",
        "x-ms-client-request-id": "313b3779-eef8-4ad5-8391-06e3890e3bce",
        "x-ms-return-client-request-id": "true"
      },
      "RequestBody": null,
      "StatusCode": 200,
      "ResponseHeaders": {
        "Cache-Control": "no-store, no-cache",
        "Content-Length": "79",
        "Content-Type": "application/json",
        "Date": "Thu, 27 Jul 2023 03:29:36 GMT",
        "Pragma": "no-cache",
        "Server": "Microsoft-HTTPAPI/2.0",
        "Strict-Transport-Security": "max-age=31536000; includeSubDomains",
        "X-Content-Type-Options": "nosniff",
        "x-ms-correlation-request-id": "ba6feee7-cd0d-43b4-b114-0cd5146f21a0",
        "x-ms-gatewayversion": "version=2.14.0",
        "x-ms-ratelimit-remaining-subscription-resource-requests": "149",
        "x-ms-request-id": "ba6feee7-cd0d-43b4-b114-0cd5146f21a0",
        "x-ms-routing-request-id": "SOUTHEASTASIA:20230727T032937Z:ba6feee7-cd0d-43b4-b114-0cd5146f21a0"
      },
      "ResponseBody": {
        "primaryReadonlyMasterKey": "REDACTED",
        "secondaryReadonlyMasterKey": "REDACTED"
      }
    },
    {
      "RequestUri": "https://REDACTED/subscriptions/00000000-0000-0000-0000-000000000000/resourceGroups/rgevhb42738aeb8d6/providers/Microsoft.EventHub/namespaces/ns599198f7b8f59?api-version=2021-11-01",
      "RequestMethod": "PUT",
      "RequestHeaders": {
        "Accept": "application/json",
        "Authorization": "Sanitized",
        "Content-Length": "31",
        "Content-Type": "application/json",
        "Date": "Thu, 27 Jul 2023 03:29:36 GMT",
        "User-Agent": "azsdk-java-com.azure.resourcemanager.eventhubs/2.29.0-beta.1 (17; Windows 10; 10.0)",
        "x-ms-client-request-id": "af64c7b3-8745-4cae-bf2e-c401106b64bf",
        "x-ms-return-client-request-id": "true"
      },
      "RequestBody": {
        "location": "eastus",
        "tags": {}
      },
      "StatusCode": 200,
      "ResponseHeaders": {
        "Cache-Control": "no-cache",
        "Content-Length": "710",
        "Content-Type": "application/json; charset=utf-8",
        "Date": "Thu, 27 Jul 2023 03:29:39 GMT",
        "Expires": "-1",
        "Pragma": "no-cache",
        "Server": [
          "Service-Bus-Resource-Provider/SN1",
          "Microsoft-HTTPAPI/2.0"
        ],
        "Server-SB": "Service-Bus-Resource-Provider/SN1",
        "Strict-Transport-Security": "max-age=31536000; includeSubDomains",
        "X-Content-Type-Options": "nosniff",
        "x-ms-client-request-id": "af64c7b3-8745-4cae-bf2e-c401106b64bf",
        "x-ms-correlation-request-id": "28a273b0-e87b-4fef-921d-820ad6aa5e81",
        "x-ms-ratelimit-remaining-subscription-resource-requests": "49",
        "x-ms-request-id": "6fea53fc-291c-4ce1-ad28-f953ada5c91a_M4SN1_M4SN1",
        "x-ms-routing-request-id": "SOUTHEASTASIA:20230727T032940Z:28a273b0-e87b-4fef-921d-820ad6aa5e81"
      },
      "ResponseBody": {
        "sku": {
          "name": "Standard",
          "tier": "Standard",
          "capacity": 1
        },
        "id": "/subscriptions/ec0aa5f7-9e78-40c9-85cd-535c6305b380/resourceGroups/rgevhb42738aeb8d6/providers/Microsoft.EventHub/namespaces/ns599198f7b8f59",
        "name": "ns599198f7b8f59",
        "type": "Microsoft.EventHub/Namespaces",
        "location": "East US",
        "tags": {},
        "properties": {
          "disableLocalAuth": false,
          "zoneRedundant": false,
          "isAutoInflateEnabled": false,
          "maximumThroughputUnits": 0,
          "kafkaEnabled": true,
          "provisioningState": "Created",
          "metricId": "ec0aa5f7-9e78-40c9-85cd-535c6305b380:ns599198f7b8f59",
          "createdAt": "2023-07-27T03:29:39.783Z",
          "updatedAt": "2023-07-27T03:29:39.783Z",
          "serviceBusEndpoint": "https://ns599198f7b8f59.servicebus.windows.net:443/",
          "status": "Activating"
        }
      }
    },
    {
      "RequestUri": "https://REDACTED/subscriptions/00000000-0000-0000-0000-000000000000/resourceGroups/rgevhb42738aeb8d6/providers/Microsoft.EventHub/namespaces/ns599198f7b8f59?api-version=2021-11-01",
      "RequestMethod": "GET",
      "RequestHeaders": {
        "Accept": "application/json",
        "Authorization": "Sanitized",
        "Date": "Thu, 27 Jul 2023 03:30:10 GMT",
        "User-Agent": "azsdk-java-com.azure.resourcemanager.eventhubs/2.29.0-beta.1 (17; Windows 10; 10.0)",
        "x-ms-client-request-id": "2d396d54-31a5-452c-8fd1-504294c9e8d1",
        "x-ms-return-client-request-id": "true"
      },
      "RequestBody": null,
      "StatusCode": 200,
      "ResponseHeaders": {
        "Cache-Control": "no-cache",
        "Content-Length": "710",
        "Content-Type": "application/json; charset=utf-8",
        "Date": "Thu, 27 Jul 2023 03:30:13 GMT",
        "Expires": "-1",
        "Pragma": "no-cache",
        "Server": [
          "Service-Bus-Resource-Provider/SN1",
          "Microsoft-HTTPAPI/2.0"
        ],
        "Server-SB": "Service-Bus-Resource-Provider/SN1",
        "Strict-Transport-Security": "max-age=31536000; includeSubDomains",
        "X-Content-Type-Options": "nosniff",
        "x-ms-client-request-id": "2d396d54-31a5-452c-8fd1-504294c9e8d1",
        "x-ms-correlation-request-id": "a792f40e-5edd-42a1-bb9a-ce3495a15500",
        "x-ms-ratelimit-remaining-subscription-reads": "11989",
        "x-ms-request-id": "1166ab50-4ed1-45be-84ea-2a9158a1309a_M4SN1_M4SN1",
        "x-ms-routing-request-id": "SOUTHEASTASIA:20230727T033013Z:a792f40e-5edd-42a1-bb9a-ce3495a15500"
      },
      "ResponseBody": {
        "sku": {
          "name": "Standard",
          "tier": "Standard",
          "capacity": 1
        },
        "id": "/subscriptions/ec0aa5f7-9e78-40c9-85cd-535c6305b380/resourceGroups/rgevhb42738aeb8d6/providers/Microsoft.EventHub/namespaces/ns599198f7b8f59",
        "name": "ns599198f7b8f59",
        "type": "Microsoft.EventHub/Namespaces",
        "location": "East US",
        "tags": {},
        "properties": {
          "disableLocalAuth": false,
          "zoneRedundant": false,
          "isAutoInflateEnabled": false,
          "maximumThroughputUnits": 0,
          "kafkaEnabled": true,
          "provisioningState": "Created",
          "metricId": "ec0aa5f7-9e78-40c9-85cd-535c6305b380:ns599198f7b8f59",
          "createdAt": "2023-07-27T03:29:39.783Z",
          "updatedAt": "2023-07-27T03:29:39.783Z",
          "serviceBusEndpoint": "https://ns599198f7b8f59.servicebus.windows.net:443/",
          "status": "Activating"
        }
      }
    },
    {
      "RequestUri": "https://REDACTED/subscriptions/00000000-0000-0000-0000-000000000000/resourceGroups/rgevhb42738aeb8d6/providers/Microsoft.EventHub/namespaces/ns599198f7b8f59?api-version=2021-11-01",
      "RequestMethod": "GET",
      "RequestHeaders": {
        "Accept": "application/json",
        "Authorization": "Sanitized",
        "Date": "Thu, 27 Jul 2023 03:30:42 GMT",
        "User-Agent": "azsdk-java-com.azure.resourcemanager.eventhubs/2.29.0-beta.1 (17; Windows 10; 10.0)",
        "x-ms-client-request-id": "94ab012d-ab69-49d6-b621-fd66386fc292",
        "x-ms-return-client-request-id": "true"
      },
      "RequestBody": null,
      "StatusCode": 200,
      "ResponseHeaders": {
        "Cache-Control": "no-cache",
        "Content-Length": "707",
        "Content-Type": "application/json; charset=utf-8",
        "Date": "Thu, 27 Jul 2023 03:30:44 GMT",
        "Expires": "-1",
        "Pragma": "no-cache",
        "Server": [
          "Service-Bus-Resource-Provider/SN1",
          "Microsoft-HTTPAPI/2.0"
        ],
        "Server-SB": "Service-Bus-Resource-Provider/SN1",
        "Strict-Transport-Security": "max-age=31536000; includeSubDomains",
        "X-Content-Type-Options": "nosniff",
        "x-ms-client-request-id": "94ab012d-ab69-49d6-b621-fd66386fc292",
        "x-ms-correlation-request-id": "e9c66185-3133-488b-ad53-dc39462137bf",
        "x-ms-ratelimit-remaining-subscription-reads": "11988",
        "x-ms-request-id": "39babe3c-5a46-464d-afe1-4a761f1db2dc_M6SN1_M6SN1",
        "x-ms-routing-request-id": "SOUTHEASTASIA:20230727T033045Z:e9c66185-3133-488b-ad53-dc39462137bf"
      },
      "ResponseBody": {
        "sku": {
          "name": "Standard",
          "tier": "Standard",
          "capacity": 1
        },
        "id": "/subscriptions/ec0aa5f7-9e78-40c9-85cd-535c6305b380/resourceGroups/rgevhb42738aeb8d6/providers/Microsoft.EventHub/namespaces/ns599198f7b8f59",
        "name": "ns599198f7b8f59",
        "type": "Microsoft.EventHub/Namespaces",
        "location": "East US",
        "tags": {},
        "properties": {
          "disableLocalAuth": false,
          "zoneRedundant": false,
          "isAutoInflateEnabled": false,
          "maximumThroughputUnits": 0,
          "kafkaEnabled": true,
          "provisioningState": "Succeeded",
          "metricId": "ec0aa5f7-9e78-40c9-85cd-535c6305b380:ns599198f7b8f59",
          "createdAt": "2023-07-27T03:29:39.783Z",
          "updatedAt": "2023-07-27T03:30:28.65Z",
          "serviceBusEndpoint": "https://ns599198f7b8f59.servicebus.windows.net:443/",
          "status": "Active"
        }
      }
    },
    {
      "RequestUri": "https://REDACTED/subscriptions/00000000-0000-0000-0000-000000000000/resourceGroups/rgevhb42738aeb8d6/providers/Microsoft.EventHub/namespaces/ns599198f7b8f59/eventhubs/FirstEventHub?api-version=2021-11-01",
      "RequestMethod": "PUT",
      "RequestHeaders": {
        "Accept": "application/json",
        "Authorization": "Sanitized",
        "Content-Length": "17",
        "Content-Type": "application/json",
        "Date": "Thu, 27 Jul 2023 03:30:44 GMT",
        "User-Agent": "azsdk-java-com.azure.resourcemanager.eventhubs/2.29.0-beta.1 (17; Windows 10; 10.0)",
        "x-ms-client-request-id": "adfb3bb9-cd82-46c0-a574-ac5786e14a24",
        "x-ms-return-client-request-id": "true"
      },
      "RequestBody": {
        "properties": {}
      },
      "StatusCode": 200,
      "ResponseHeaders": {
        "Cache-Control": "no-cache",
        "Content-Length": "455",
        "Content-Type": "application/json; charset=utf-8",
        "Date": "Thu, 27 Jul 2023 03:30:48 GMT",
        "Expires": "-1",
        "Pragma": "no-cache",
        "Server": "Microsoft-HTTPAPI/2.0",
        "Strict-Transport-Security": "max-age=31536000; includeSubDomains",
        "X-Content-Type-Options": "nosniff",
        "x-ms-correlation-request-id": "3ab9a4fd-2263-42a0-bf01-9b94a16e4ae2",
        "x-ms-ratelimit-remaining-subscription-writes": "1197",
        "x-ms-request-id": "3ab9a4fd-2263-42a0-bf01-9b94a16e4ae2",
        "x-ms-routing-request-id": "SOUTHEASTASIA:20230727T033048Z:3ab9a4fd-2263-42a0-bf01-9b94a16e4ae2"
      },
      "ResponseBody": {
        "id": "/subscriptions/ec0aa5f7-9e78-40c9-85cd-535c6305b380/resourceGroups/rgevhb42738aeb8d6/providers/Microsoft.EventHub/namespaces/ns599198f7b8f59/eventhubs/FirstEventHub",
        "name": "FirstEventHub",
        "type": "Microsoft.EventHub/namespaces/eventhubs",
        "location": "eastus",
        "properties": {
          "messageRetentionInDays": 7,
          "partitionCount": 4,
          "status": "Active",
          "createdAt": "2023-07-27T03:30:48.153Z",
          "updatedAt": "2023-07-27T03:30:48.377Z",
          "partitionIds": [
            "0",
            "1",
            "2",
            "3"
          ]
        }
      }
    },
    {
      "RequestUri": "https://REDACTED/subscriptions/00000000-0000-0000-0000-000000000000/resourceGroups/rgevhb42738aeb8d6/providers/Microsoft.EventHub/namespaces/ns599198f7b8f59/authorizationRules/RootManageSharedAccessKey?api-version=2021-11-01",
      "RequestMethod": "GET",
      "RequestHeaders": {
        "Accept": "application/json",
        "Authorization": "Sanitized",
        "Content-Length": "0",
        "Content-Type": "application/json",
        "Date": "Thu, 27 Jul 2023 03:30:48 GMT",
        "User-Agent": "azsdk-java-com.azure.resourcemanager.eventhubs/2.29.0-beta.1 (17; Windows 10; 10.0)",
        "x-ms-client-request-id": "8878640e-636a-48c0-89b0-f2a1bf59d029",
        "x-ms-return-client-request-id": "true"
      },
      "RequestBody": null,
      "StatusCode": 200,
      "ResponseHeaders": {
        "Cache-Control": "no-cache",
        "Content-Length": "358",
        "Content-Type": "application/json; charset=utf-8",
        "Date": "Thu, 27 Jul 2023 03:30:49 GMT",
        "Expires": "-1",
        "Pragma": "no-cache",
        "Server": "Microsoft-HTTPAPI/2.0",
        "Strict-Transport-Security": "max-age=31536000; includeSubDomains",
        "X-Content-Type-Options": "nosniff",
        "x-ms-correlation-request-id": "35fa123c-fd21-4e02-9f52-6cf771ec5a1c",
        "x-ms-ratelimit-remaining-subscription-reads": "11987",
        "x-ms-request-id": "35fa123c-fd21-4e02-9f52-6cf771ec5a1c",
        "x-ms-routing-request-id": "SOUTHEASTASIA:20230727T033049Z:35fa123c-fd21-4e02-9f52-6cf771ec5a1c"
      },
      "ResponseBody": {
        "id": "/subscriptions/ec0aa5f7-9e78-40c9-85cd-535c6305b380/resourcegroups/rgevhb42738aeb8d6/providers/Microsoft.EventHub/namespaces/ns599198f7b8f59/authorizationrules/RootManageSharedAccessKey",
        "name": "RootManageSharedAccessKey",
        "type": "Microsoft.EventHub/Namespaces/AuthorizationRules",
        "location": "eastus",
        "properties": {
          "rights": [
            "Listen",
            "Manage",
            "Send"
          ]
        }
      }
    },
    {
      "RequestUri": "https://REDACTED//subscriptions/00000000-0000-0000-0000-000000000000/resourceGroups/rgevhb42738aeb8d6/providers/Microsoft.DocumentDB/databaseAccounts/ns599198f7b8f59/providers/Microsoft.Insights/diagnosticSettings/DiaEventHub?api-version=2021-05-01-preview",
      "RequestMethod": "PUT",
      "RequestHeaders": {
        "Accept": "application/json",
        "Authorization": "Sanitized",
        "Content-Length": "573",
        "Content-Type": "application/json",
        "Date": "Thu, 27 Jul 2023 03:30:49 GMT",
        "User-Agent": "azsdk-java-com.azure.resourcemanager.monitor/2.29.0-beta.1 (17; Windows 10; 10.0)",
        "x-ms-client-request-id": "513aace2-b3d0-4d6c-8e73-cd35e1d25fa3",
        "x-ms-return-client-request-id": "true"
      },
      "RequestBody": {
        "properties": {
          "eventHubAuthorizationRuleId": "/subscriptions/ec0aa5f7-9e78-40c9-85cd-535c6305b380/resourcegroups/rgevhb42738aeb8d6/providers/Microsoft.EventHub/namespaces/ns599198f7b8f59/authorizationrules/RootManageSharedAccessKey",
          "eventHubName": "FirstEventHub",
          "metrics": [
            {
              "timeGrain": "PT5M",
              "category": "AllMetrics",
              "enabled": true,
              "retentionPolicy": {
                "enabled": false,
                "days": 0
              }
            }
          ],
          "logs": [
            {
              "category": "DataPlaneRequests",
              "enabled": true,
              "retentionPolicy": {
                "enabled": false,
                "days": 0
              }
            },
            {
              "category": "MongoRequests",
              "enabled": true,
              "retentionPolicy": {
                "enabled": false,
                "days": 0
              }
            }
          ]
        }
      },
      "StatusCode": 200,
      "ResponseHeaders": {
        "Cache-Control": "no-cache",
        "Content-Length": "1054",
        "Content-Type": "application/json; charset=utf-8",
        "Date": "Thu, 27 Jul 2023 03:30:54 GMT",
        "Expires": "-1",
        "Pragma": "no-cache",
        "Server": "Microsoft-IIS/10.0",
        "Strict-Transport-Security": "max-age=31536000; includeSubDomains",
        "X-Content-Type-Options": "nosniff",
        "x-ms-correlation-request-id": "0a1f69a9-3eb5-485f-a124-f5886ae17258",
        "x-ms-ratelimit-remaining-subscription-resource-requests": "149",
        "x-ms-request-id": "4f0165e7-65ac-4f7b-92a2-34daa556063f",
        "x-ms-routing-request-id": "SOUTHEASTASIA:20230727T033054Z:0a1f69a9-3eb5-485f-a124-f5886ae17258"
      },
      "ResponseBody": {
        "id": "/subscriptions/ec0aa5f7-9e78-40c9-85cd-535c6305b380/resourcegroups/rgevhb42738aeb8d6/providers/microsoft.documentdb/databaseaccounts/ns599198f7b8f59/providers/microsoft.insights/diagnosticSettings/DiaEventHub",
        "type": "Microsoft.Insights/diagnosticSettings",
        "name": "DiaEventHub",
        "location": null,
        "kind": null,
        "tags": null,
        "properties": {
          "storageAccountId": null,
          "serviceBusRuleId": null,
          "workspaceId": null,
          "eventHubAuthorizationRuleId": "/subscriptions/ec0aa5f7-9e78-40c9-85cd-535c6305b380/resourcegroups/rgevhb42738aeb8d6/providers/Microsoft.EventHub/namespaces/ns599198f7b8f59/authorizationrules/RootManageSharedAccessKey",
          "eventHubName": "FirstEventHub",
          "metrics": [
            {
              "timeGrain": "PT1M",
              "category": "Requests",
              "enabled": true,
              "retentionPolicy": {
                "enabled": true,
                "days": 0
              }
            }
          ],
          "logs": [
            {
              "category": "DataPlaneRequests",
              "categoryGroup": null,
              "enabled": true,
              "retentionPolicy": {
                "enabled": false,
                "days": 0
              }
            },
            {
              "category": "MongoRequests",
              "categoryGroup": null,
              "enabled": true,
              "retentionPolicy": {
                "enabled": false,
                "days": 0
              }
            }
          ],
          "logAnalyticsDestinationType": null
        },
        "identity": null
      }
    },
    {
      "RequestUri": "https://REDACTED//subscriptions/00000000-0000-0000-0000-000000000000/resourcegroups/rgevhb42738aeb8d6/providers/microsoft.documentdb/databaseaccounts/ns599198f7b8f59/providers/Microsoft.Insights/diagnosticSettings/DiaEventHub?api-version=2021-05-01-preview",
      "RequestMethod": "DELETE",
      "RequestHeaders": {
        "Accept": "application/json",
        "Authorization": "Sanitized",
        "Content-Length": "0",
        "Content-Type": "application/json",
        "Date": "Thu, 27 Jul 2023 03:30:54 GMT",
        "User-Agent": "azsdk-java-com.azure.resourcemanager.monitor/2.29.0-beta.1 (17; Windows 10; 10.0)",
        "x-ms-client-request-id": "9fe79496-9a41-4243-9d95-43534f189178",
        "x-ms-return-client-request-id": "true"
      },
      "RequestBody": null,
      "StatusCode": 200,
      "ResponseHeaders": {
        "Cache-Control": "no-cache",
        "Content-Length": "0",
        "Date": "Thu, 27 Jul 2023 03:30:57 GMT",
        "Expires": "-1",
        "Pragma": "no-cache",
        "Server": "Microsoft-IIS/10.0",
        "Strict-Transport-Security": "max-age=31536000; includeSubDomains",
        "X-Content-Type-Options": "nosniff",
        "x-ms-correlation-request-id": "c226c1ea-b826-467b-8fad-d3ae3c69c1e5",
        "x-ms-ratelimit-remaining-subscription-deletes": "14999",
        "x-ms-request-id": "dd91dfb0-8263-4897-abb5-5d0e680bc9bd",
        "x-ms-routing-request-id": "SOUTHEASTASIA:20230727T033057Z:c226c1ea-b826-467b-8fad-d3ae3c69c1e5"
      },
      "ResponseBody": null
    },
    {
      "RequestUri": "https://REDACTED/subscriptions/00000000-0000-0000-0000-000000000000/resourcegroups/rgevhb42738aeb8d6?api-version=2022-09-01",
      "RequestMethod": "DELETE",
      "RequestHeaders": {
        "Accept": "application/json",
        "Authorization": "Sanitized",
        "Content-Length": "0",
        "Content-Type": "application/json",
        "Date": "Thu, 27 Jul 2023 03:30:56 GMT",
        "User-Agent": "azsdk-java-com.azure.resourcemanager.resources/2.29.0-beta.1 (17; Windows 10; 10.0)",
        "x-ms-client-request-id": "bf33557c-162a-4896-9925-bb36e8a36cf0",
        "x-ms-return-client-request-id": "true"
      },
      "RequestBody": null,
      "StatusCode": 202,
      "ResponseHeaders": {
        "Cache-Control": "no-cache",
        "Content-Length": "0",
        "Date": "Thu, 27 Jul 2023 03:31:00 GMT",
        "Expires": "-1",
        "Location": "https://management.azure.com/subscriptions/ec0aa5f7-9e78-40c9-85cd-535c6305b380/operationresults/eyJqb2JJZCI6IlJFU09VUkNFR1JPVVBERUxFVElPTkpPQi1SR0VWSEI0MjczOEFFQjhENi1FQVNUVVMiLCJqb2JMb2NhdGlvbiI6ImVhc3R1cyJ9?api-version=2022-09-01",
        "Pragma": "no-cache",
        "Retry-After": "0",
        "Strict-Transport-Security": "max-age=31536000; includeSubDomains",
        "X-Content-Type-Options": "nosniff",
        "x-ms-correlation-request-id": "d7db5cfa-2fe7-4992-8d5e-d5aaf8c68908",
        "x-ms-ratelimit-remaining-subscription-deletes": "14998",
        "x-ms-request-id": "d7db5cfa-2fe7-4992-8d5e-d5aaf8c68908",
        "x-ms-routing-request-id": "SOUTHEASTASIA:20230727T033101Z:d7db5cfa-2fe7-4992-8d5e-d5aaf8c68908"
      },
      "ResponseBody": null
    }
  ],
  "Variables": {
    "0": "rgevhb42738aeb8d6",
    "1": "ns599198f7b8f59"
  }
}
