{
  "Entries": [
    {
      "RequestUri": "https://REDACTED/subscriptions/00000000-0000-0000-0000-000000000000/resourcegroups/rgjavatest92275-3?api-version=2022-09-01",
      "RequestMethod": "PUT",
      "RequestHeaders": {
        "Accept": "application/json",
        "Authorization": "Sanitized",
        "Content-Length": "29",
        "Content-Type": "application/json",
        "Date": "Thu, 27 Jul 2023 01:52:50 GMT",
        "User-Agent": "azsdk-java-com.azure.resourcemanager.resources/2.29.0-beta.1 (17; Windows 10; 10.0)",
        "x-ms-client-request-id": "9d0bfca2-49a4-4c1a-829e-a825935b71a4",
        "x-ms-return-client-request-id": "true"
      },
      "RequestBody": {
        "location": "southcentralus"
      },
      "StatusCode": 201,
      "ResponseHeaders": {
        "Cache-Control": "no-cache",
        "Content-Length": "239",
        "Content-Type": "application/json; charset=utf-8",
        "Date": "Thu, 27 Jul 2023 01:52:55 GMT",
        "Expires": "-1",
        "Pragma": "no-cache",
        "Strict-Transport-Security": "max-age=31536000; includeSubDomains",
        "X-Content-Type-Options": "nosniff",
        "x-ms-correlation-request-id": "b349c057-7026-40f0-aea9-4b757049224b",
        "x-ms-ratelimit-remaining-subscription-writes": "1199",
        "x-ms-request-id": "b349c057-7026-40f0-aea9-4b757049224b",
        "x-ms-routing-request-id": "SOUTHEASTASIA:20230727T015255Z:b349c057-7026-40f0-aea9-4b757049224b"
      },
      "ResponseBody": {
        "id": "/subscriptions/ec0aa5f7-9e78-40c9-85cd-535c6305b380/resourceGroups/rgjavatest92275-3",
        "name": "rgjavatest92275-3",
        "type": "Microsoft.Resources/resourceGroups",
        "location": "southcentralus",
        "properties": {
          "provisioningState": "Succeeded"
        }
      }
    },
    {
      "RequestUri": "https://REDACTED/subscriptions/00000000-0000-0000-0000-000000000000/resourcegroups/rgjavatest92275-1?api-version=2022-09-01",
      "RequestMethod": "PUT",
      "RequestHeaders": {
        "Accept": "application/json",
        "Authorization": "Sanitized",
        "Content-Length": "29",
        "Content-Type": "application/json",
        "Date": "Thu, 27 Jul 2023 01:52:50 GMT",
        "User-Agent": "azsdk-java-com.azure.resourcemanager.resources/2.29.0-beta.1 (17; Windows 10; 10.0)",
        "x-ms-client-request-id": "a82a972f-eb5c-4f6b-921c-c9abc10e7c13",
        "x-ms-return-client-request-id": "true"
      },
      "RequestBody": {
        "location": "southcentralus"
      },
      "StatusCode": 201,
      "ResponseHeaders": {
        "Cache-Control": "no-cache",
        "Content-Length": "239",
        "Content-Type": "application/json; charset=utf-8",
        "Date": "Thu, 27 Jul 2023 01:52:55 GMT",
        "Expires": "-1",
        "Pragma": "no-cache",
        "Strict-Transport-Security": "max-age=31536000; includeSubDomains",
        "X-Content-Type-Options": "nosniff",
        "x-ms-correlation-request-id": "6b78dc87-1add-4405-9b61-a94478f96761",
        "x-ms-ratelimit-remaining-subscription-writes": "1199",
        "x-ms-request-id": "6b78dc87-1add-4405-9b61-a94478f96761",
        "x-ms-routing-request-id": "SOUTHEASTASIA:20230727T015255Z:6b78dc87-1add-4405-9b61-a94478f96761"
      },
      "ResponseBody": {
        "id": "/subscriptions/ec0aa5f7-9e78-40c9-85cd-535c6305b380/resourceGroups/rgjavatest92275-1",
        "name": "rgjavatest92275-1",
        "type": "Microsoft.Resources/resourceGroups",
        "location": "southcentralus",
        "properties": {
          "provisioningState": "Succeeded"
        }
      }
    },
    {
      "RequestUri": "https://REDACTED/subscriptions/00000000-0000-0000-0000-000000000000/resourcegroups/rgjavatest92275-2?api-version=2022-09-01",
      "RequestMethod": "PUT",
      "RequestHeaders": {
        "Accept": "application/json",
        "Authorization": "Sanitized",
        "Content-Length": "29",
        "Content-Type": "application/json",
        "Date": "Thu, 27 Jul 2023 01:52:50 GMT",
        "User-Agent": "azsdk-java-com.azure.resourcemanager.resources/2.29.0-beta.1 (17; Windows 10; 10.0)",
        "x-ms-client-request-id": "556ae7eb-b170-4dff-8b6d-10db6167669d",
        "x-ms-return-client-request-id": "true"
      },
      "RequestBody": {
        "location": "southcentralus"
      },
      "StatusCode": 201,
      "ResponseHeaders": {
        "Cache-Control": "no-cache",
        "Content-Length": "239",
        "Content-Type": "application/json; charset=utf-8",
        "Date": "Thu, 27 Jul 2023 01:52:55 GMT",
        "Expires": "-1",
        "Pragma": "no-cache",
        "Strict-Transport-Security": "max-age=31536000; includeSubDomains",
        "X-Content-Type-Options": "nosniff",
        "x-ms-correlation-request-id": "9e995950-be1c-4728-a588-06f073d14b72",
        "x-ms-ratelimit-remaining-subscription-writes": "1199",
        "x-ms-request-id": "9e995950-be1c-4728-a588-06f073d14b72",
        "x-ms-routing-request-id": "SOUTHEASTASIA:20230727T015256Z:9e995950-be1c-4728-a588-06f073d14b72"
      },
      "ResponseBody": {
        "id": "/subscriptions/ec0aa5f7-9e78-40c9-85cd-535c6305b380/resourceGroups/rgjavatest92275-2",
        "name": "rgjavatest92275-2",
        "type": "Microsoft.Resources/resourceGroups",
        "location": "southcentralus",
        "properties": {
          "provisioningState": "Succeeded"
        }
      }
    },
    {
      "RequestUri": "https://REDACTED/subscriptions/00000000-0000-0000-0000-000000000000/resourcegroups/rgjavatest92275-3/providers/Microsoft.Resources/deployments/javatest54960e-3?api-version=2022-09-01",
      "RequestMethod": "PUT",
      "RequestHeaders": {
        "Accept": "application/json",
        "Authorization": "Sanitized",
        "Content-Length": "326",
        "Content-Type": "application/json",
        "Date": "Thu, 27 Jul 2023 01:52:54 GMT",
        "User-Agent": "azsdk-java-com.azure.resourcemanager.resources/2.29.0-beta.1 (17; Windows 10; 10.0)",
        "x-ms-client-request-id": "5bb3735b-c0df-461d-8df9-79838b2162ce",
        "x-ms-return-client-request-id": "true"
      },
      "RequestBody": {
        "properties": {
          "templateLink": {
            "uri": "https://raw.githubusercontent.com/Azure/azure-quickstart-templates/master/101-vm-sshkey/azuredeploy.json",
            "contentVersion": "1.0.0.0"
          },
          "parameters": {
            "adminPublicKey": {
              "value": "bad content"
            },
            "projectName": {
              "value": "fluenttest"
            },
            "adminUsername": {
              "value": "fluenttesting"
            }
          },
          "mode": "Complete"
        }
      },
      "StatusCode": 400,
      "ResponseHeaders": {
        "Cache-Control": "no-cache",
        "Content-Length": "327",
        "Content-Type": "application/json; charset=utf-8",
        "Date": "Thu, 27 Jul 2023 01:52:56 GMT",
        "Expires": "-1",
        "Pragma": "no-cache",
        "Strict-Transport-Security": "max-age=31536000; includeSubDomains",
        "X-Content-Type-Options": "nosniff",
        "x-ms-correlation-request-id": "b66ef947-f759-4c71-90d5-b3ae28102882",
        "x-ms-failure-cause": "gateway",
        "x-ms-ratelimit-remaining-subscription-writes": "1198",
        "x-ms-request-id": "b66ef947-f759-4c71-90d5-b3ae28102882",
        "x-ms-routing-request-id": "SOUTHEASTASIA:20230727T015256Z:b66ef947-f759-4c71-90d5-b3ae28102882"
      },
      "ResponseBody": {
        "error": {
          "code": "InvalidContentLink",
          "message": "Unable to download deployment content from 'https://raw.githubusercontent.com/Azure/azure-quickstart-templates/master/101-vm-sshkey/azuredeploy.json'. The tracking Id is 'b66ef947-f759-4c71-90d5-b3ae28102882'. Please see https://aka.ms/arm-deploy-resources for usage details."
        }
      }
    },
    {
      "RequestUri": "https://REDACTED/subscriptions/00000000-0000-0000-0000-000000000000/resourcegroups/rgjavatest92275-2/providers/Microsoft.Resources/deployments/javatest54960e-2?api-version=2022-09-01",
      "RequestMethod": "PUT",
      "RequestHeaders": {
        "Accept": "application/json",
        "Authorization": "Sanitized",
        "Content-Length": "695",
        "Content-Type": "application/json",
        "Date": "Thu, 27 Jul 2023 01:52:55 GMT",
        "User-Agent": "azsdk-java-com.azure.resourcemanager.resources/2.29.0-beta.1 (17; Windows 10; 10.0)",
        "x-ms-client-request-id": "779bf42c-02fa-41c0-852a-fe6393d29d12",
        "x-ms-return-client-request-id": "true"
      },
      "RequestBody": {
        "properties": {
          "templateLink": {
            "uri": "https://raw.githubusercontent.com/Azure/azure-quickstart-templates/master/101-vm-sshkey/azuredeploy.json",
            "contentVersion": "1.0.0.0"
          },
          "parameters": {
            "adminPublicKey": {
              "value": "ssh-rsa AAAAB3NzaC1yc2EAAAADAQABAAABAQCd0Rh0p1hXKOzyIU8sdPTGlKvfUTUeleOgwyP8R6w28kTqclTYpXAy0TR/SWuq3PpS0fTocx6Jr64lqZgdYEw7m9g2kITE3NRv0L9+fYy7rp5gXP7wyOJxfbOKaapSimyXg5CDzftFJh58E3jWkoX0JfZLu7VCsfIMrGSm5uca0TkPSu67/ZOkFJl7daB8qXYu1lesLHn0ChccnkHce3VYgu66CUyKqEuMv8JECy8Tt0taWBIRlo0LOWXy3dq4n32RA8ZKwboRx+V5jWRL9hkcIE3I92oZv+CIUdmOvkt+Q4b74VeOLav3FcthbFuzFcg8X5r+O+/I2EKiHXX5YVS1"
            },
            "projectName": {
              "value": "fluenttest"
            },
            "adminUsername": {
              "value": "fluenttesting"
            }
          },
          "mode": "Complete"
        }
      },
      "StatusCode": 400,
      "ResponseHeaders": {
        "Cache-Control": "no-cache",
        "Content-Length": "327",
        "Content-Type": "application/json; charset=utf-8",
        "Date": "Thu, 27 Jul 2023 01:52:56 GMT",
        "Expires": "-1",
        "Pragma": "no-cache",
        "Strict-Transport-Security": "max-age=31536000; includeSubDomains",
        "X-Content-Type-Options": "nosniff",
        "x-ms-correlation-request-id": "f6b06ae1-a090-4ed7-b9ea-86712bb58718",
        "x-ms-failure-cause": "gateway",
        "x-ms-ratelimit-remaining-subscription-writes": "1198",
        "x-ms-request-id": "f6b06ae1-a090-4ed7-b9ea-86712bb58718",
        "x-ms-routing-request-id": "SOUTHEASTASIA:20230727T015256Z:f6b06ae1-a090-4ed7-b9ea-86712bb58718"
      },
      "ResponseBody": {
        "error": {
          "code": "InvalidContentLink",
          "message": "Unable to download deployment content from 'https://raw.githubusercontent.com/Azure/azure-quickstart-templates/master/101-vm-sshkey/azuredeploy.json'. The tracking Id is 'f6b06ae1-a090-4ed7-b9ea-86712bb58718'. Please see https://aka.ms/arm-deploy-resources for usage details."
        }
      }
    },
    {
      "RequestUri": "https://REDACTED/subscriptions/00000000-0000-0000-0000-000000000000/resourcegroups/rgjavatest92275-1/providers/Microsoft.Resources/deployments/javatest54960e-1?api-version=2022-09-01",
      "RequestMethod": "PUT",
      "RequestHeaders": {
        "Accept": "application/json",
        "Authorization": "Sanitized",
        "Content-Length": "695",
        "Content-Type": "application/json",
        "Date": "Thu, 27 Jul 2023 01:52:54 GMT",
        "User-Agent": "azsdk-java-com.azure.resourcemanager.resources/2.29.0-beta.1 (17; Windows 10; 10.0)",
        "x-ms-client-request-id": "6379df3c-cef4-4a3f-8833-b959f21f8f7b",
        "x-ms-return-client-request-id": "true"
      },
      "RequestBody": {
        "properties": {
          "templateLink": {
            "uri": "https://raw.githubusercontent.com/Azure/azure-quickstart-templates/master/101-vm-sshkey/azuredeploy.json",
            "contentVersion": "1.0.0.0"
          },
          "parameters": {
            "adminPublicKey": {
              "value": "ssh-rsa AAAAB3NzaC1yc2EAAAADAQABAAABAQCd0Rh0p1hXKOzyIU8sdPTGlKvfUTUeleOgwyP8R6w28kTqclTYpXAy0TR/SWuq3PpS0fTocx6Jr64lqZgdYEw7m9g2kITE3NRv0L9+fYy7rp5gXP7wyOJxfbOKaapSimyXg5CDzftFJh58E3jWkoX0JfZLu7VCsfIMrGSm5uca0TkPSu67/ZOkFJl7daB8qXYu1lesLHn0ChccnkHce3VYgu66CUyKqEuMv8JECy8Tt0taWBIRlo0LOWXy3dq4n32RA8ZKwboRx+V5jWRL9hkcIE3I92oZv+CIUdmOvkt+Q4b74VeOLav3FcthbFuzFcg8X5r+O+/I2EKiHXX5YVS1"
            },
            "projectName": {
              "value": "fluenttest"
            },
            "adminUsername": {
              "value": "fluenttesting"
            }
          },
          "mode": "Complete"
        }
      },
      "StatusCode": 400,
      "ResponseHeaders": {
        "Cache-Control": "no-cache",
        "Content-Length": "327",
        "Content-Type": "application/json; charset=utf-8",
        "Date": "Thu, 27 Jul 2023 01:52:56 GMT",
        "Expires": "-1",
        "Pragma": "no-cache",
        "Strict-Transport-Security": "max-age=31536000; includeSubDomains",
        "X-Content-Type-Options": "nosniff",
        "x-ms-correlation-request-id": "b7159140-0229-404d-808c-d23c9a3a14eb",
        "x-ms-failure-cause": "gateway",
        "x-ms-ratelimit-remaining-subscription-writes": "1198",
        "x-ms-request-id": "b7159140-0229-404d-808c-d23c9a3a14eb",
        "x-ms-routing-request-id": "SOUTHEASTASIA:20230727T015257Z:b7159140-0229-404d-808c-d23c9a3a14eb"
      },
      "ResponseBody": {
        "error": {
          "code": "InvalidContentLink",
          "message": "Unable to download deployment content from 'https://raw.githubusercontent.com/Azure/azure-quickstart-templates/master/101-vm-sshkey/azuredeploy.json'. The tracking Id is 'b7159140-0229-404d-808c-d23c9a3a14eb'. Please see https://aka.ms/arm-deploy-resources for usage details."
        }
      }
    },
    {
      "RequestUri": "https://REDACTED/subscriptions/00000000-0000-0000-0000-000000000000/resourcegroups/rgjavatest92275-1?api-version=2022-09-01",
      "RequestMethod": "DELETE",
      "RequestHeaders": {
        "Accept": "application/json",
        "Authorization": "Sanitized",
        "Content-Length": "0",
        "Content-Type": "application/json",
        "Date": "Thu, 27 Jul 2023 01:52:56 GMT",
        "User-Agent": "azsdk-java-com.azure.resourcemanager.resources/2.29.0-beta.1 (17; Windows 10; 10.0)",
        "x-ms-client-request-id": "632cfacd-e193-435b-ae90-cae9439c3622",
        "x-ms-return-client-request-id": "true"
      },
      "RequestBody": null,
      "StatusCode": 202,
      "ResponseHeaders": {
        "Cache-Control": "no-cache",
        "Content-Length": "0",
        "Date": "Thu, 27 Jul 2023 01:52:59 GMT",
        "Expires": "-1",
        "Location": "https://management.azure.com/subscriptions/ec0aa5f7-9e78-40c9-85cd-535c6305b380/operationresults/eyJqb2JJZCI6IlJFU09VUkNFR1JPVVBERUxFVElPTkpPQi1SR0pBVkFURVNUOTIyNzU6MkQxLVNPVVRIQ0VOVFJBTFVTIiwiam9iTG9jYXRpb24iOiJzb3V0aGNlbnRyYWx1cyJ9?api-version=2022-09-01",
        "Pragma": "no-cache",
        "Retry-After": "0",
        "Strict-Transport-Security": "max-age=31536000; includeSubDomains",
        "X-Content-Type-Options": "nosniff",
        "x-ms-correlation-request-id": "70356e26-766a-4666-9e90-cd4e8d36644d",
        "x-ms-ratelimit-remaining-subscription-deletes": "14999",
        "x-ms-request-id": "70356e26-766a-4666-9e90-cd4e8d36644d",
        "x-ms-routing-request-id": "SOUTHEASTASIA:20230727T015300Z:70356e26-766a-4666-9e90-cd4e8d36644d"
      },
      "ResponseBody": null
    },
    {
      "RequestUri": "https://REDACTED/subscriptions/00000000-0000-0000-0000-000000000000/resourcegroups/rgjavatest92275-2?api-version=2022-09-01",
      "RequestMethod": "DELETE",
      "RequestHeaders": {
        "Accept": "application/json",
        "Authorization": "Sanitized",
        "Content-Length": "0",
        "Content-Type": "application/json",
        "Date": "Thu, 27 Jul 2023 01:52:59 GMT",
        "User-Agent": "azsdk-java-com.azure.resourcemanager.resources/2.29.0-beta.1 (17; Windows 10; 10.0)",
        "x-ms-client-request-id": "79f32a05-09ec-415f-8007-253d9116d644",
        "x-ms-return-client-request-id": "true"
      },
      "RequestBody": null,
      "StatusCode": 202,
      "ResponseHeaders": {
        "Cache-Control": "no-cache",
        "Content-Length": "0",
        "Date": "Thu, 27 Jul 2023 01:53:00 GMT",
        "Expires": "-1",
        "Location": "https://management.azure.com/subscriptions/ec0aa5f7-9e78-40c9-85cd-535c6305b380/operationresults/eyJqb2JJZCI6IlJFU09VUkNFR1JPVVBERUxFVElPTkpPQi1SR0pBVkFURVNUOTIyNzU6MkQyLVNPVVRIQ0VOVFJBTFVTIiwiam9iTG9jYXRpb24iOiJzb3V0aGNlbnRyYWx1cyJ9?api-version=2022-09-01",
        "Pragma": "no-cache",
        "Retry-After": "0",
        "Strict-Transport-Security": "max-age=31536000; includeSubDomains",
        "X-Content-Type-Options": "nosniff",
        "x-ms-correlation-request-id": "4a1a90ea-502c-439c-86ff-8d1803a44764",
        "x-ms-ratelimit-remaining-subscription-deletes": "14998",
        "x-ms-request-id": "4a1a90ea-502c-439c-86ff-8d1803a44764",
        "x-ms-routing-request-id": "SOUTHEASTASIA:20230727T015301Z:4a1a90ea-502c-439c-86ff-8d1803a44764"
      },
      "ResponseBody": null
    }
  ],
  "Variables": {
    "0": "rgjavatest92275",
    "1": "javatest54960e"
  }
}