{
  "Entries": [
    {
      "RequestUri": "https://management.azure.com/subscriptions/db1ab6f0-4769-4b27-930e-01e2ef9c123c?api-version=2022-12-01",
      "RequestMethod": "GET",
      "RequestHeaders": {
        "Accept": "application/json",
        "Authorization": "Sanitized",
        "traceparent": "00-2736cc2d5ce3b54e5b92995ffc6e8c4f-d0f901029f922319-00",
        "User-Agent": "azsdk-net-ResourceManager/1.9.0 (.NET 6.0.25; Microsoft Windows 10.0.22631)",
        "x-ms-client-request-id": "e797bb962f84b07a5cb8187a5ea9afc8",
        "x-ms-return-client-request-id": "true"
      },
      "RequestBody": null,
      "StatusCode": 200,
      "ResponseHeaders": {
        "Cache-Control": "no-cache",
        "Content-Length": "748",
        "Content-Type": "application/json; charset=utf-8",
        "Date": "Wed, 13 Dec 2023 03:29:25 GMT",
        "Expires": "-1",
        "Pragma": "no-cache",
        "Strict-Transport-Security": "max-age=31536000; includeSubDomains",
        "X-Content-Type-Options": "nosniff",
        "x-ms-correlation-request-id": "3da788e9-b533-4f06-b870-5d264cca47b9",
        "x-ms-ratelimit-remaining-subscription-reads": "11937",
        "x-ms-request-id": "3da788e9-b533-4f06-b870-5d264cca47b9",
        "x-ms-routing-request-id": "SOUTHEASTASIA:20231213T032925Z:3da788e9-b533-4f06-b870-5d264cca47b9"
      },
      "ResponseBody": {
        "id": "/subscriptions/db1ab6f0-4769-4b27-930e-01e2ef9c123c",
        "authorizationSource": "RoleBased",
        "managedByTenants": [],
        "tags": {
          "TagKey-9823": "TagValue-1254",
          "TagKey-3481": "TagValue-320",
          "TagKey-4926": "TagValue-1187",
          "TagKey-751": "TagValue-3921",
          "TagKey-1866": "TagValue-8559",
          "TagKey-3094": "TagValue-9190",
          "TagKey-2449": "TagValue-9",
          "TagKey-8379": "TagValue-164",
          "TagKey-7470": "TagValue-2205",
          "TagKey-4236": "TagValue-3698",
          "TagKey-5316": "TagValue-2725"
        },
        "subscriptionId": "db1ab6f0-4769-4b27-930e-01e2ef9c123c",
        "tenantId": "72f988bf-86f1-41af-91ab-2d7cd011db47",
        "displayName": ".NET Mgmt SDK Test with TTL = 1 Day",
        "state": "Enabled",
        "subscriptionPolicies": {
          "locationPlacementId": "Internal_2014-09-01",
          "quotaId": "Internal_2014-09-01",
          "spendingLimit": "Off"
        }
      }
    },
    {
      "RequestUri": "https://management.azure.com/subscriptions/db1ab6f0-4769-4b27-930e-01e2ef9c123c/resourcegroups/OperationalInsightsDataExport-test8937?api-version=2022-09-01",
      "RequestMethod": "PUT",
      "RequestHeaders": {
        "Accept": "application/json",
        "Authorization": "Sanitized",
        "Content-Length": "21",
        "Content-Type": "application/json",
        "traceparent": "00-0887de58ebe89e1fcdd0003b6b5497ab-b240c267088a721a-00",
        "User-Agent": "azsdk-net-ResourceManager/1.9.0 (.NET 6.0.25; Microsoft Windows 10.0.22631)",
        "x-ms-client-request-id": "3017053aae81b96d538b3aff9bb1e4ec",
        "x-ms-return-client-request-id": "true"
      },
      "RequestBody": {
        "location": "eastus"
      },
      "StatusCode": 201,
      "ResponseHeaders": {
        "Cache-Control": "no-cache",
        "Content-Length": "273",
        "Content-Type": "application/json; charset=utf-8",
        "Date": "Wed, 13 Dec 2023 03:29:25 GMT",
        "Expires": "-1",
        "Pragma": "no-cache",
        "Strict-Transport-Security": "max-age=31536000; includeSubDomains",
        "X-Content-Type-Options": "nosniff",
        "x-ms-correlation-request-id": "0ec097b0-5763-41fe-8d68-68380e74a219",
        "x-ms-ratelimit-remaining-subscription-writes": "1175",
        "x-ms-request-id": "0ec097b0-5763-41fe-8d68-68380e74a219",
        "x-ms-routing-request-id": "SOUTHEASTASIA:20231213T032926Z:0ec097b0-5763-41fe-8d68-68380e74a219"
      },
      "ResponseBody": {
        "id": "/subscriptions/db1ab6f0-4769-4b27-930e-01e2ef9c123c/resourceGroups/OperationalInsightsDataExport-test8937",
        "name": "OperationalInsightsDataExport-test8937",
        "type": "Microsoft.Resources/resourceGroups",
        "location": "eastus",
        "properties": {
          "provisioningState": "Succeeded"
        }
      }
    },
    {
      "RequestUri": "https://management.azure.com/subscriptions/db1ab6f0-4769-4b27-930e-01e2ef9c123c/resourcegroups/OperationalInsightsDataExport-test8937/providers/Microsoft.OperationalInsights/workspaces/InWorkspace9772?api-version=2022-10-01",
      "RequestMethod": "PUT",
      "RequestHeaders": {
        "Accept": "application/json",
        "Authorization": "Sanitized",
        "Content-Length": "47",
        "Content-Type": "application/json",
        "traceparent": "00-fbbbb8bcef13829e97858d2b5f92bf72-39d1dad478de6c0f-00",
        "User-Agent": "azsdk-net-ResourceManager.OperationalInsights/1.3.0-alpha.20231213.1 (.NET 6.0.25; Microsoft Windows 10.0.22631)",
        "x-ms-client-request-id": "4962bb8c1abebe9f3f1ff1dd420c7513",
        "x-ms-return-client-request-id": "true"
      },
      "RequestBody": {
        "tags": {},
        "location": "eastus",
        "properties": {}
      },
      "StatusCode": 201,
      "ResponseHeaders": {
        "Access-Control-Allow-Origin": "*",
        "api-supported-versions": "2015-03-20, 2020-08-01, 2020-10-01, 2021-06-01, 2022-10-01, 2023-09-01",
        "Cache-Control": "no-cache",
        "Content-Length": "919",
        "Content-Type": "application/json; charset=utf-8",
        "Date": "Wed, 13 Dec 2023 03:29:28 GMT",
        "Expires": "-1",
        "Location": "https://management.azure.com/subscriptions/db1ab6f0-4769-4b27-930e-01e2ef9c123c/resourceGroups/OperationalInsightsDataExport-test8937/providers/Microsoft.OperationalInsights/workspaces/InWorkspace9772?api-version=2022-10-01",
        "Pragma": "no-cache",
        "Request-Context": "appId=cid-v1:e6336c63-aab2-45f0-996a-e5dbab2a1508",
        "Strict-Transport-Security": "max-age=31536000; includeSubDomains",
        "X-Content-Type-Options": "nosniff",
        "x-ms-correlation-request-id": "70c93703-9fbc-4e12-b29a-13a804eebd59",
        "x-ms-ratelimit-remaining-subscription-writes": "1174",
        "x-ms-request-id": "70c93703-9fbc-4e12-b29a-13a804eebd59",
        "x-ms-routing-request-id": "SOUTHEASTASIA:20231213T032929Z:70c93703-9fbc-4e12-b29a-13a804eebd59",
        "X-Powered-By": "ASP.NET"
      },
      "ResponseBody": {
        "properties": {
          "customerId": "0dd969ab-eec1-4e5c-89a6-af58ab3ae855",
          "provisioningState": "Creating",
          "sku": {
            "name": "PerGB2018",
            "lastSkuUpdate": "2023-12-13T03:29:29.1166576Z"
          },
          "retentionInDays": 30,
          "features": {
            "legacy": 0,
            "searchVersion": 1,
            "enableLogAccessUsingOnlyResourcePermissions": true
          },
          "workspaceCapping": {
            "dailyQuotaGb": -1.0,
            "quotaNextResetTime": "2023-12-13T17:00:00Z",
            "dataIngestionStatus": "RespectQuota"
          },
          "publicNetworkAccessForIngestion": "Enabled",
          "publicNetworkAccessForQuery": "Enabled",
          "createdDate": "2023-12-13T03:29:29.1166576Z",
          "modifiedDate": "2023-12-13T03:29:29.1166576Z"
        },
        "location": "eastus",
        "tags": {},
        "id": "/subscriptions/db1ab6f0-4769-4b27-930e-01e2ef9c123c/resourceGroups/OperationalInsightsDataExport-test8937/providers/Microsoft.OperationalInsights/workspaces/InWorkspace9772",
        "name": "InWorkspace9772",
        "type": "Microsoft.OperationalInsights/workspaces",
        "etag": "\u00229c05e7a1-0000-0100-0000-657925190000\u0022"
      }
    },
    {
      "RequestUri": "https://management.azure.com/subscriptions/db1ab6f0-4769-4b27-930e-01e2ef9c123c/resourceGroups/OperationalInsightsDataExport-test8937/providers/Microsoft.OperationalInsights/workspaces/InWorkspace9772?api-version=2022-10-01",
      "RequestMethod": "GET",
      "RequestHeaders": {
        "Authorization": "Sanitized",
        "traceparent": "00-fbbbb8bcef13829e97858d2b5f92bf72-dbd17d17f9a23251-00",
        "User-Agent": "azsdk-net-ResourceManager/1.9.0 (.NET 6.0.25; Microsoft Windows 10.0.22631)",
        "x-ms-client-request-id": "f31c1c8ec866ea7c7872428f7bdc117e",
        "x-ms-return-client-request-id": "true"
      },
      "RequestBody": null,
      "StatusCode": 200,
      "ResponseHeaders": {
        "Access-Control-Allow-Origin": "*",
        "api-supported-versions": "2015-03-20, 2020-08-01, 2020-10-01, 2021-06-01, 2022-10-01, 2023-09-01",
        "Cache-Control": "no-cache",
        "Content-Length": "919",
        "Content-Type": "application/json; charset=utf-8",
        "Date": "Wed, 13 Dec 2023 03:29:29 GMT",
        "Expires": "-1",
        "Pragma": "no-cache",
        "Request-Context": "appId=cid-v1:e6336c63-aab2-45f0-996a-e5dbab2a1508",
        "Strict-Transport-Security": "max-age=31536000; includeSubDomains",
        "X-Content-Type-Options": "nosniff",
        "x-ms-correlation-request-id": "78a066dd-2a58-405f-a1f6-8b1df8f5e5b9",
        "x-ms-ratelimit-remaining-subscription-reads": "11936",
        "x-ms-request-id": "78a066dd-2a58-405f-a1f6-8b1df8f5e5b9",
        "x-ms-routing-request-id": "SOUTHEASTASIA:20231213T032930Z:78a066dd-2a58-405f-a1f6-8b1df8f5e5b9",
        "X-Powered-By": "ASP.NET"
      },
      "ResponseBody": {
        "properties": {
          "customerId": "0dd969ab-eec1-4e5c-89a6-af58ab3ae855",
          "provisioningState": "Creating",
          "sku": {
            "name": "PerGB2018",
            "lastSkuUpdate": "2023-12-13T03:29:29.1166576Z"
          },
          "retentionInDays": 30,
          "features": {
            "legacy": 0,
            "searchVersion": 1,
            "enableLogAccessUsingOnlyResourcePermissions": true
          },
          "workspaceCapping": {
            "dailyQuotaGb": -1.0,
            "quotaNextResetTime": "2023-12-13T17:00:00Z",
            "dataIngestionStatus": "RespectQuota"
          },
          "publicNetworkAccessForIngestion": "Enabled",
          "publicNetworkAccessForQuery": "Enabled",
          "createdDate": "2023-12-13T03:29:29.1166576Z",
          "modifiedDate": "2023-12-13T03:29:29.1166576Z"
        },
        "location": "eastus",
        "tags": {},
        "id": "/subscriptions/db1ab6f0-4769-4b27-930e-01e2ef9c123c/resourceGroups/OperationalInsightsDataExport-test8937/providers/Microsoft.OperationalInsights/workspaces/InWorkspace9772",
        "name": "InWorkspace9772",
        "type": "Microsoft.OperationalInsights/workspaces",
        "etag": "\u00229c05e7a1-0000-0100-0000-657925190000\u0022"
      }
    },
    {
      "RequestUri": "https://management.azure.com/subscriptions/db1ab6f0-4769-4b27-930e-01e2ef9c123c/resourceGroups/OperationalInsightsDataExport-test8937/providers/Microsoft.EventHub/namespaces/exportHub3390?api-version=2021-11-01",
      "RequestMethod": "PUT",
      "RequestHeaders": {
        "Accept": "application/json",
        "Authorization": "Sanitized",
        "Content-Length": "73",
        "Content-Type": "application/json",
        "traceparent": "00-ea0c3bc0ee8b1ca26bc7159c10e743d2-91a1268115d8e305-00",
        "User-Agent": "azsdk-net-ResourceManager.EventHubs/1.0.0 (.NET 6.0.25; Microsoft Windows 10.0.22631)",
        "x-ms-client-request-id": "283536ebe84eae78371b8d755f0c7e18",
        "x-ms-return-client-request-id": "true"
      },
      "RequestBody": {
        "sku": {
          "name": "Standard"
        },
        "tags": {},
        "location": "eastus",
        "properties": {}
      },
      "StatusCode": 200,
      "ResponseHeaders": {
        "Cache-Control": "no-cache",
        "Content-Length": "723",
        "Content-Type": "application/json; charset=utf-8",
        "Date": "Wed, 13 Dec 2023 03:29:34 GMT",
        "Expires": "-1",
        "Pragma": "no-cache",
        "Server": [
          "Service-Bus-Resource-Provider/SN1",
          "Microsoft-HTTPAPI/2.0"
        ],
        "Server-SB": "Service-Bus-Resource-Provider/SN1",
        "Strict-Transport-Security": "max-age=31536000; includeSubDomains",
        "X-Content-Type-Options": "nosniff",
        "x-ms-client-request-id": "283536ebe84eae78371b8d755f0c7e18",
        "x-ms-correlation-request-id": "14f41ed4-af5e-49f0-a46f-2b16d8d3b903",
        "x-ms-ratelimit-remaining-subscription-resource-requests": "49",
        "x-ms-request-id": "e7dbbeda-a00e-413d-8555-4682cfc595d8_M10SN1_M10SN1",
        "x-ms-routing-request-id": "SOUTHEASTASIA:20231213T032935Z:14f41ed4-af5e-49f0-a46f-2b16d8d3b903"
      },
      "ResponseBody": {
        "sku": {
          "name": "Standard",
          "tier": "Standard",
          "capacity": 1
        },
        "id": "/subscriptions/db1ab6f0-4769-4b27-930e-01e2ef9c123c/resourceGroups/OperationalInsightsDataExport-test8937/providers/Microsoft.EventHub/namespaces/exportHub3390",
        "name": "exportHub3390",
        "type": "Microsoft.EventHub/Namespaces",
        "location": "East US",
        "tags": {},
        "properties": {
          "disableLocalAuth": false,
          "zoneRedundant": false,
          "isAutoInflateEnabled": false,
          "maximumThroughputUnits": 0,
          "kafkaEnabled": true,
          "provisioningState": "Created",
          "metricId": "db1ab6f0-4769-4b27-930e-01e2ef9c123c:exporthub3390",
          "createdAt": "2023-12-13T03:29:33.437Z",
          "updatedAt": "2023-12-13T03:29:33.437Z",
          "serviceBusEndpoint": "https://exportHub3390.servicebus.windows.net:443/",
          "status": "Activating"
        }
      }
    },
    {
      "RequestUri": "https://management.azure.com/subscriptions/db1ab6f0-4769-4b27-930e-01e2ef9c123c/resourceGroups/OperationalInsightsDataExport-test8937/providers/Microsoft.EventHub/namespaces/exportHub3390?api-version=2021-11-01",
      "RequestMethod": "GET",
      "RequestHeaders": {
        "Authorization": "Sanitized",
        "traceparent": "00-ea0c3bc0ee8b1ca26bc7159c10e743d2-3d1378d1e4f891d3-00",
        "User-Agent": "azsdk-net-ResourceManager/1.9.0 (.NET 6.0.25; Microsoft Windows 10.0.22631)",
        "x-ms-client-request-id": "8ac67b250bd0333fa4452eacee751965",
        "x-ms-return-client-request-id": "true"
      },
      "RequestBody": null,
      "StatusCode": 200,
      "ResponseHeaders": {
        "Cache-Control": "no-cache",
        "Content-Length": "723",
        "Content-Type": "application/json; charset=utf-8",
        "Date": "Wed, 13 Dec 2023 03:29:36 GMT",
        "Expires": "-1",
        "Pragma": "no-cache",
        "Server": [
          "Service-Bus-Resource-Provider/SN1",
          "Microsoft-HTTPAPI/2.0"
        ],
        "Server-SB": "Service-Bus-Resource-Provider/SN1",
        "Strict-Transport-Security": "max-age=31536000; includeSubDomains",
        "X-Content-Type-Options": "nosniff",
        "x-ms-client-request-id": "8ac67b250bd0333fa4452eacee751965",
        "x-ms-correlation-request-id": "1b5b268b-b872-469a-8e59-250a0259b440",
        "x-ms-ratelimit-remaining-subscription-reads": "11935",
        "x-ms-request-id": "26e25794-6ece-40c5-8322-5e05bd180e28_M10SN1_M10SN1",
        "x-ms-routing-request-id": "SOUTHEASTASIA:20231213T032937Z:1b5b268b-b872-469a-8e59-250a0259b440"
      },
      "ResponseBody": {
        "sku": {
          "name": "Standard",
          "tier": "Standard",
          "capacity": 1
        },
        "id": "/subscriptions/db1ab6f0-4769-4b27-930e-01e2ef9c123c/resourceGroups/OperationalInsightsDataExport-test8937/providers/Microsoft.EventHub/namespaces/exportHub3390",
        "name": "exportHub3390",
        "type": "Microsoft.EventHub/Namespaces",
        "location": "East US",
        "tags": {},
        "properties": {
          "disableLocalAuth": false,
          "zoneRedundant": false,
          "isAutoInflateEnabled": false,
          "maximumThroughputUnits": 0,
          "kafkaEnabled": true,
          "provisioningState": "Created",
          "metricId": "db1ab6f0-4769-4b27-930e-01e2ef9c123c:exporthub3390",
          "createdAt": "2023-12-13T03:29:33.437Z",
          "updatedAt": "2023-12-13T03:29:33.437Z",
          "serviceBusEndpoint": "https://exportHub3390.servicebus.windows.net:443/",
          "status": "Activating"
        }
      }
    },
    {
      "RequestUri": "https://management.azure.com/subscriptions/db1ab6f0-4769-4b27-930e-01e2ef9c123c/resourceGroups/OperationalInsightsDataExport-test8937/providers/Microsoft.EventHub/namespaces/exportHub3390?api-version=2021-11-01",
      "RequestMethod": "GET",
      "RequestHeaders": {
        "Authorization": "Sanitized",
        "traceparent": "00-ea0c3bc0ee8b1ca26bc7159c10e743d2-852b9aae3ad0324e-00",
        "User-Agent": "azsdk-net-ResourceManager/1.9.0 (.NET 6.0.25; Microsoft Windows 10.0.22631)",
        "x-ms-client-request-id": "8dbd76c38feb3e419a36582900a52f88",
        "x-ms-return-client-request-id": "true"
      },
      "RequestBody": null,
      "StatusCode": 200,
      "ResponseHeaders": {
        "Cache-Control": "no-cache",
        "Content-Length": "723",
        "Content-Type": "application/json; charset=utf-8",
        "Date": "Wed, 13 Dec 2023 03:29:38 GMT",
        "Expires": "-1",
        "Pragma": "no-cache",
        "Server": [
          "Service-Bus-Resource-Provider/SN1",
          "Microsoft-HTTPAPI/2.0"
        ],
        "Server-SB": "Service-Bus-Resource-Provider/SN1",
        "Strict-Transport-Security": "max-age=31536000; includeSubDomains",
        "X-Content-Type-Options": "nosniff",
        "x-ms-client-request-id": "8dbd76c38feb3e419a36582900a52f88",
        "x-ms-correlation-request-id": "1868ed93-5af3-4373-8557-2045e345a285",
        "x-ms-ratelimit-remaining-subscription-reads": "11934",
        "x-ms-request-id": "a46e1c74-81b7-41b4-95bc-57590344a0db_M10SN1_M10SN1",
        "x-ms-routing-request-id": "SOUTHEASTASIA:20231213T032939Z:1868ed93-5af3-4373-8557-2045e345a285"
      },
      "ResponseBody": {
        "sku": {
          "name": "Standard",
          "tier": "Standard",
          "capacity": 1
        },
        "id": "/subscriptions/db1ab6f0-4769-4b27-930e-01e2ef9c123c/resourceGroups/OperationalInsightsDataExport-test8937/providers/Microsoft.EventHub/namespaces/exportHub3390",
        "name": "exportHub3390",
        "type": "Microsoft.EventHub/Namespaces",
        "location": "East US",
        "tags": {},
        "properties": {
          "disableLocalAuth": false,
          "zoneRedundant": false,
          "isAutoInflateEnabled": false,
          "maximumThroughputUnits": 0,
          "kafkaEnabled": true,
          "provisioningState": "Created",
          "metricId": "db1ab6f0-4769-4b27-930e-01e2ef9c123c:exporthub3390",
          "createdAt": "2023-12-13T03:29:33.437Z",
          "updatedAt": "2023-12-13T03:29:33.437Z",
          "serviceBusEndpoint": "https://exportHub3390.servicebus.windows.net:443/",
          "status": "Activating"
        }
      }
    },
    {
      "RequestUri": "https://management.azure.com/subscriptions/db1ab6f0-4769-4b27-930e-01e2ef9c123c/resourceGroups/OperationalInsightsDataExport-test8937/providers/Microsoft.EventHub/namespaces/exportHub3390?api-version=2021-11-01",
      "RequestMethod": "GET",
      "RequestHeaders": {
        "Authorization": "Sanitized",
        "traceparent": "00-ea0c3bc0ee8b1ca26bc7159c10e743d2-139e90f98a5870f6-00",
        "User-Agent": "azsdk-net-ResourceManager/1.9.0 (.NET 6.0.25; Microsoft Windows 10.0.22631)",
        "x-ms-client-request-id": "e3506dcaf445b1470ff24a3d7eef105b",
        "x-ms-return-client-request-id": "true"
      },
      "RequestBody": null,
      "StatusCode": 200,
      "ResponseHeaders": {
        "Cache-Control": "no-cache",
        "Content-Length": "723",
        "Content-Type": "application/json; charset=utf-8",
        "Date": "Wed, 13 Dec 2023 03:29:40 GMT",
        "Expires": "-1",
        "Pragma": "no-cache",
        "Server": [
          "Service-Bus-Resource-Provider/SN1",
          "Microsoft-HTTPAPI/2.0"
        ],
        "Server-SB": "Service-Bus-Resource-Provider/SN1",
        "Strict-Transport-Security": "max-age=31536000; includeSubDomains",
        "X-Content-Type-Options": "nosniff",
        "x-ms-client-request-id": "e3506dcaf445b1470ff24a3d7eef105b",
        "x-ms-correlation-request-id": "bf9a11df-7787-4148-967a-146365ff88b8",
        "x-ms-ratelimit-remaining-subscription-reads": "11933",
        "x-ms-request-id": "874cc2d7-b299-40a2-a221-6f2443aa9568_M10SN1_M10SN1",
        "x-ms-routing-request-id": "SOUTHEASTASIA:20231213T032941Z:bf9a11df-7787-4148-967a-146365ff88b8"
      },
      "ResponseBody": {
        "sku": {
          "name": "Standard",
          "tier": "Standard",
          "capacity": 1
        },
        "id": "/subscriptions/db1ab6f0-4769-4b27-930e-01e2ef9c123c/resourceGroups/OperationalInsightsDataExport-test8937/providers/Microsoft.EventHub/namespaces/exportHub3390",
        "name": "exportHub3390",
        "type": "Microsoft.EventHub/Namespaces",
        "location": "East US",
        "tags": {},
        "properties": {
          "disableLocalAuth": false,
          "zoneRedundant": false,
          "isAutoInflateEnabled": false,
          "maximumThroughputUnits": 0,
          "kafkaEnabled": true,
          "provisioningState": "Created",
          "metricId": "db1ab6f0-4769-4b27-930e-01e2ef9c123c:exporthub3390",
          "createdAt": "2023-12-13T03:29:33.437Z",
          "updatedAt": "2023-12-13T03:29:33.437Z",
          "serviceBusEndpoint": "https://exportHub3390.servicebus.windows.net:443/",
          "status": "Activating"
        }
      }
    },
    {
      "RequestUri": "https://management.azure.com/subscriptions/db1ab6f0-4769-4b27-930e-01e2ef9c123c/resourceGroups/OperationalInsightsDataExport-test8937/providers/Microsoft.EventHub/namespaces/exportHub3390?api-version=2021-11-01",
      "RequestMethod": "GET",
      "RequestHeaders": {
        "Authorization": "Sanitized",
        "traceparent": "00-ea0c3bc0ee8b1ca26bc7159c10e743d2-7db64744f387e9c6-00",
        "User-Agent": "azsdk-net-ResourceManager/1.9.0 (.NET 6.0.25; Microsoft Windows 10.0.22631)",
        "x-ms-client-request-id": "080e810cc3f196333988f09ab31632fe",
        "x-ms-return-client-request-id": "true"
      },
      "RequestBody": null,
      "StatusCode": 200,
      "ResponseHeaders": {
        "Cache-Control": "no-cache",
        "Content-Length": "723",
        "Content-Type": "application/json; charset=utf-8",
        "Date": "Wed, 13 Dec 2023 03:29:42 GMT",
        "Expires": "-1",
        "Pragma": "no-cache",
        "Server": [
          "Service-Bus-Resource-Provider/SN1",
          "Microsoft-HTTPAPI/2.0"
        ],
        "Server-SB": "Service-Bus-Resource-Provider/SN1",
        "Strict-Transport-Security": "max-age=31536000; includeSubDomains",
        "X-Content-Type-Options": "nosniff",
        "x-ms-client-request-id": "080e810cc3f196333988f09ab31632fe",
        "x-ms-correlation-request-id": "7f6a8d7c-d83f-4deb-9b19-60528af8d875",
        "x-ms-ratelimit-remaining-subscription-reads": "11932",
        "x-ms-request-id": "1c36cfcf-7b9e-4155-bec7-6a1e6377a096_M10SN1_M10SN1",
        "x-ms-routing-request-id": "SOUTHEASTASIA:20231213T032943Z:7f6a8d7c-d83f-4deb-9b19-60528af8d875"
      },
      "ResponseBody": {
        "sku": {
          "name": "Standard",
          "tier": "Standard",
          "capacity": 1
        },
        "id": "/subscriptions/db1ab6f0-4769-4b27-930e-01e2ef9c123c/resourceGroups/OperationalInsightsDataExport-test8937/providers/Microsoft.EventHub/namespaces/exportHub3390",
        "name": "exportHub3390",
        "type": "Microsoft.EventHub/Namespaces",
        "location": "East US",
        "tags": {},
        "properties": {
          "disableLocalAuth": false,
          "zoneRedundant": false,
          "isAutoInflateEnabled": false,
          "maximumThroughputUnits": 0,
          "kafkaEnabled": true,
          "provisioningState": "Created",
          "metricId": "db1ab6f0-4769-4b27-930e-01e2ef9c123c:exporthub3390",
          "createdAt": "2023-12-13T03:29:33.437Z",
          "updatedAt": "2023-12-13T03:29:33.437Z",
          "serviceBusEndpoint": "https://exportHub3390.servicebus.windows.net:443/",
          "status": "Activating"
        }
      }
    },
    {
      "RequestUri": "https://management.azure.com/subscriptions/db1ab6f0-4769-4b27-930e-01e2ef9c123c/resourceGroups/OperationalInsightsDataExport-test8937/providers/Microsoft.EventHub/namespaces/exportHub3390?api-version=2021-11-01",
      "RequestMethod": "GET",
      "RequestHeaders": {
        "Authorization": "Sanitized",
        "traceparent": "00-ea0c3bc0ee8b1ca26bc7159c10e743d2-98d2221706225bcd-00",
        "User-Agent": "azsdk-net-ResourceManager/1.9.0 (.NET 6.0.25; Microsoft Windows 10.0.22631)",
        "x-ms-client-request-id": "81e2a6153525cf202f0b7ef94404bfaa",
        "x-ms-return-client-request-id": "true"
      },
      "RequestBody": null,
      "StatusCode": 200,
      "ResponseHeaders": {
        "Cache-Control": "no-cache",
        "Content-Length": "723",
        "Content-Type": "application/json; charset=utf-8",
        "Date": "Wed, 13 Dec 2023 03:29:46 GMT",
        "Expires": "-1",
        "Pragma": "no-cache",
        "Server": [
          "Service-Bus-Resource-Provider/SN1",
          "Microsoft-HTTPAPI/2.0"
        ],
        "Server-SB": "Service-Bus-Resource-Provider/SN1",
        "Strict-Transport-Security": "max-age=31536000; includeSubDomains",
        "X-Content-Type-Options": "nosniff",
        "x-ms-client-request-id": "81e2a6153525cf202f0b7ef94404bfaa",
        "x-ms-correlation-request-id": "ec3390b2-2f4a-4ddd-9e1b-ca4b54a76c31",
        "x-ms-ratelimit-remaining-subscription-reads": "11931",
        "x-ms-request-id": "c67f147d-6235-4cfb-9592-c46181c3ebb4_M10SN1_M10SN1",
        "x-ms-routing-request-id": "SOUTHEASTASIA:20231213T032946Z:ec3390b2-2f4a-4ddd-9e1b-ca4b54a76c31"
      },
      "ResponseBody": {
        "sku": {
          "name": "Standard",
          "tier": "Standard",
          "capacity": 1
        },
        "id": "/subscriptions/db1ab6f0-4769-4b27-930e-01e2ef9c123c/resourceGroups/OperationalInsightsDataExport-test8937/providers/Microsoft.EventHub/namespaces/exportHub3390",
        "name": "exportHub3390",
        "type": "Microsoft.EventHub/Namespaces",
        "location": "East US",
        "tags": {},
        "properties": {
          "disableLocalAuth": false,
          "zoneRedundant": false,
          "isAutoInflateEnabled": false,
          "maximumThroughputUnits": 0,
          "kafkaEnabled": true,
          "provisioningState": "Created",
          "metricId": "db1ab6f0-4769-4b27-930e-01e2ef9c123c:exporthub3390",
          "createdAt": "2023-12-13T03:29:33.437Z",
          "updatedAt": "2023-12-13T03:29:33.437Z",
          "serviceBusEndpoint": "https://exportHub3390.servicebus.windows.net:443/",
          "status": "Activating"
        }
      }
    },
    {
      "RequestUri": "https://management.azure.com/subscriptions/db1ab6f0-4769-4b27-930e-01e2ef9c123c/resourceGroups/OperationalInsightsDataExport-test8937/providers/Microsoft.EventHub/namespaces/exportHub3390?api-version=2021-11-01",
      "RequestMethod": "GET",
      "RequestHeaders": {
        "Authorization": "Sanitized",
        "traceparent": "00-ea0c3bc0ee8b1ca26bc7159c10e743d2-a5943bd8daec3071-00",
        "User-Agent": "azsdk-net-ResourceManager/1.9.0 (.NET 6.0.25; Microsoft Windows 10.0.22631)",
        "x-ms-client-request-id": "7f1dfc25279707963ab9a9bd03acfef8",
        "x-ms-return-client-request-id": "true"
      },
      "RequestBody": null,
      "StatusCode": 200,
      "ResponseHeaders": {
        "Cache-Control": "no-cache",
        "Content-Length": "723",
        "Content-Type": "application/json; charset=utf-8",
        "Date": "Wed, 13 Dec 2023 03:29:51 GMT",
        "Expires": "-1",
        "Pragma": "no-cache",
        "Server": [
          "Service-Bus-Resource-Provider/SN1",
          "Microsoft-HTTPAPI/2.0"
        ],
        "Server-SB": "Service-Bus-Resource-Provider/SN1",
        "Strict-Transport-Security": "max-age=31536000; includeSubDomains",
        "X-Content-Type-Options": "nosniff",
        "x-ms-client-request-id": "7f1dfc25279707963ab9a9bd03acfef8",
        "x-ms-correlation-request-id": "99047116-fec6-42fa-8bad-6497172f71bf",
        "x-ms-ratelimit-remaining-subscription-reads": "11930",
        "x-ms-request-id": "be15c92e-7b7b-42d6-a796-d4a7c0606d9e_M10SN1_M10SN1",
        "x-ms-routing-request-id": "SOUTHEASTASIA:20231213T032951Z:99047116-fec6-42fa-8bad-6497172f71bf"
      },
      "ResponseBody": {
        "sku": {
          "name": "Standard",
          "tier": "Standard",
          "capacity": 1
        },
        "id": "/subscriptions/db1ab6f0-4769-4b27-930e-01e2ef9c123c/resourceGroups/OperationalInsightsDataExport-test8937/providers/Microsoft.EventHub/namespaces/exportHub3390",
        "name": "exportHub3390",
        "type": "Microsoft.EventHub/Namespaces",
        "location": "East US",
        "tags": {},
        "properties": {
          "disableLocalAuth": false,
          "zoneRedundant": false,
          "isAutoInflateEnabled": false,
          "maximumThroughputUnits": 0,
          "kafkaEnabled": true,
          "provisioningState": "Created",
          "metricId": "db1ab6f0-4769-4b27-930e-01e2ef9c123c:exporthub3390",
          "createdAt": "2023-12-13T03:29:33.437Z",
          "updatedAt": "2023-12-13T03:29:33.437Z",
          "serviceBusEndpoint": "https://exportHub3390.servicebus.windows.net:443/",
          "status": "Activating"
        }
      }
    },
    {
      "RequestUri": "https://management.azure.com/subscriptions/db1ab6f0-4769-4b27-930e-01e2ef9c123c/resourceGroups/OperationalInsightsDataExport-test8937/providers/Microsoft.EventHub/namespaces/exportHub3390?api-version=2021-11-01",
      "RequestMethod": "GET",
      "RequestHeaders": {
        "Authorization": "Sanitized",
        "traceparent": "00-ea0c3bc0ee8b1ca26bc7159c10e743d2-7a05cf0050d7f342-00",
        "User-Agent": "azsdk-net-ResourceManager/1.9.0 (.NET 6.0.25; Microsoft Windows 10.0.22631)",
        "x-ms-client-request-id": "d8274cbf8f0dd636613fd8e5443a5234",
        "x-ms-return-client-request-id": "true"
      },
      "RequestBody": null,
      "StatusCode": 200,
      "ResponseHeaders": {
        "Cache-Control": "no-cache",
        "Content-Length": "723",
        "Content-Type": "application/json; charset=utf-8",
        "Date": "Wed, 13 Dec 2023 03:30:00 GMT",
        "Expires": "-1",
        "Pragma": "no-cache",
        "Server": [
          "Service-Bus-Resource-Provider/SN1",
          "Microsoft-HTTPAPI/2.0"
        ],
        "Server-SB": "Service-Bus-Resource-Provider/SN1",
        "Strict-Transport-Security": "max-age=31536000; includeSubDomains",
        "X-Content-Type-Options": "nosniff",
        "x-ms-client-request-id": "d8274cbf8f0dd636613fd8e5443a5234",
        "x-ms-correlation-request-id": "4a0f7a83-de82-4f9e-9898-d63992b3b9df",
        "x-ms-ratelimit-remaining-subscription-reads": "11929",
        "x-ms-request-id": "ed76dbd3-f710-46bf-abcc-24234e180a39_M10SN1_M10SN1",
        "x-ms-routing-request-id": "SOUTHEASTASIA:20231213T033000Z:4a0f7a83-de82-4f9e-9898-d63992b3b9df"
      },
      "ResponseBody": {
        "sku": {
          "name": "Standard",
          "tier": "Standard",
          "capacity": 1
        },
        "id": "/subscriptions/db1ab6f0-4769-4b27-930e-01e2ef9c123c/resourceGroups/OperationalInsightsDataExport-test8937/providers/Microsoft.EventHub/namespaces/exportHub3390",
        "name": "exportHub3390",
        "type": "Microsoft.EventHub/Namespaces",
        "location": "East US",
        "tags": {},
        "properties": {
          "disableLocalAuth": false,
          "zoneRedundant": false,
          "isAutoInflateEnabled": false,
          "maximumThroughputUnits": 0,
          "kafkaEnabled": true,
          "provisioningState": "Created",
          "metricId": "db1ab6f0-4769-4b27-930e-01e2ef9c123c:exporthub3390",
          "createdAt": "2023-12-13T03:29:33.437Z",
          "updatedAt": "2023-12-13T03:29:33.437Z",
          "serviceBusEndpoint": "https://exportHub3390.servicebus.windows.net:443/",
          "status": "Activating"
        }
      }
    },
    {
      "RequestUri": "https://management.azure.com/subscriptions/db1ab6f0-4769-4b27-930e-01e2ef9c123c/resourceGroups/OperationalInsightsDataExport-test8937/providers/Microsoft.EventHub/namespaces/exportHub3390?api-version=2021-11-01",
      "RequestMethod": "GET",
      "RequestHeaders": {
        "Authorization": "Sanitized",
        "traceparent": "00-ea0c3bc0ee8b1ca26bc7159c10e743d2-74b15d20f0f491ba-00",
        "User-Agent": "azsdk-net-ResourceManager/1.9.0 (.NET 6.0.25; Microsoft Windows 10.0.22631)",
        "x-ms-client-request-id": "b77545c8b3f9ed670fda466b8b62cb82",
        "x-ms-return-client-request-id": "true"
      },
      "RequestBody": null,
      "StatusCode": 200,
      "ResponseHeaders": {
        "Cache-Control": "no-cache",
        "Content-Length": "723",
        "Content-Type": "application/json; charset=utf-8",
        "Date": "Wed, 13 Dec 2023 03:30:16 GMT",
        "Expires": "-1",
        "Pragma": "no-cache",
        "Server": [
          "Service-Bus-Resource-Provider/SN1",
          "Microsoft-HTTPAPI/2.0"
        ],
        "Server-SB": "Service-Bus-Resource-Provider/SN1",
        "Strict-Transport-Security": "max-age=31536000; includeSubDomains",
        "X-Content-Type-Options": "nosniff",
        "x-ms-client-request-id": "b77545c8b3f9ed670fda466b8b62cb82",
        "x-ms-correlation-request-id": "8bf1d346-1057-4881-a7d3-3f41dafc5023",
        "x-ms-ratelimit-remaining-subscription-reads": "11928",
        "x-ms-request-id": "b740f93f-620f-4731-8032-d378f467f6bb_M10SN1_M10SN1",
        "x-ms-routing-request-id": "SOUTHEASTASIA:20231213T033017Z:8bf1d346-1057-4881-a7d3-3f41dafc5023"
      },
      "ResponseBody": {
        "sku": {
          "name": "Standard",
          "tier": "Standard",
          "capacity": 1
        },
        "id": "/subscriptions/db1ab6f0-4769-4b27-930e-01e2ef9c123c/resourceGroups/OperationalInsightsDataExport-test8937/providers/Microsoft.EventHub/namespaces/exportHub3390",
        "name": "exportHub3390",
        "type": "Microsoft.EventHub/Namespaces",
        "location": "East US",
        "tags": {},
        "properties": {
          "disableLocalAuth": false,
          "zoneRedundant": false,
          "isAutoInflateEnabled": false,
          "maximumThroughputUnits": 0,
          "kafkaEnabled": true,
          "provisioningState": "Created",
          "metricId": "db1ab6f0-4769-4b27-930e-01e2ef9c123c:exporthub3390",
          "createdAt": "2023-12-13T03:29:33.437Z",
          "updatedAt": "2023-12-13T03:29:33.437Z",
          "serviceBusEndpoint": "https://exportHub3390.servicebus.windows.net:443/",
          "status": "Activating"
        }
      }
    },
    {
      "RequestUri": "https://management.azure.com/subscriptions/db1ab6f0-4769-4b27-930e-01e2ef9c123c/resourceGroups/OperationalInsightsDataExport-test8937/providers/Microsoft.EventHub/namespaces/exportHub3390?api-version=2021-11-01",
      "RequestMethod": "GET",
      "RequestHeaders": {
        "Authorization": "Sanitized",
        "traceparent": "00-ea0c3bc0ee8b1ca26bc7159c10e743d2-044aa593a90f7fa0-00",
        "User-Agent": "azsdk-net-ResourceManager/1.9.0 (.NET 6.0.25; Microsoft Windows 10.0.22631)",
        "x-ms-client-request-id": "f83a860de6dd959dc6461e574eb1c2ff",
        "x-ms-return-client-request-id": "true"
      },
      "RequestBody": null,
      "StatusCode": 200,
      "ResponseHeaders": {
        "Cache-Control": "no-cache",
        "Content-Length": "719",
        "Content-Type": "application/json; charset=utf-8",
        "Date": "Wed, 13 Dec 2023 03:30:49 GMT",
        "Expires": "-1",
        "Pragma": "no-cache",
        "Server": [
          "Service-Bus-Resource-Provider/SN1",
          "Microsoft-HTTPAPI/2.0"
        ],
        "Server-SB": "Service-Bus-Resource-Provider/SN1",
        "Strict-Transport-Security": "max-age=31536000; includeSubDomains",
        "X-Content-Type-Options": "nosniff",
        "x-ms-client-request-id": "f83a860de6dd959dc6461e574eb1c2ff",
        "x-ms-correlation-request-id": "1a4de3e2-9c91-4324-b96d-922485ec965c",
        "x-ms-ratelimit-remaining-subscription-reads": "11927",
        "x-ms-request-id": "ca8ba3ed-e8e6-4123-91bb-edfa2e2fe770_M10SN1_M10SN1",
        "x-ms-routing-request-id": "SOUTHEASTASIA:20231213T033050Z:1a4de3e2-9c91-4324-b96d-922485ec965c"
      },
      "ResponseBody": {
        "sku": {
          "name": "Standard",
          "tier": "Standard",
          "capacity": 1
        },
        "id": "/subscriptions/db1ab6f0-4769-4b27-930e-01e2ef9c123c/resourceGroups/OperationalInsightsDataExport-test8937/providers/Microsoft.EventHub/namespaces/exportHub3390",
        "name": "exportHub3390",
        "type": "Microsoft.EventHub/Namespaces",
        "location": "East US",
        "tags": {},
        "properties": {
          "disableLocalAuth": false,
          "zoneRedundant": false,
          "isAutoInflateEnabled": false,
          "maximumThroughputUnits": 0,
          "kafkaEnabled": true,
          "provisioningState": "Succeeded",
          "metricId": "db1ab6f0-4769-4b27-930e-01e2ef9c123c:exporthub3390",
          "createdAt": "2023-12-13T03:29:33.437Z",
          "updatedAt": "2023-12-13T03:30:26.9Z",
          "serviceBusEndpoint": "https://exportHub3390.servicebus.windows.net:443/",
          "status": "Active"
        }
      }
    },
    {
      "RequestUri": "https://management.azure.com/subscriptions/db1ab6f0-4769-4b27-930e-01e2ef9c123c/resourcegroups/OperationalInsightsDataExport-test8937/providers/Microsoft.OperationalInsights/workspaces/InWorkspace9772/dataExports/OpDataExport2792?api-version=2020-08-01",
      "RequestMethod": "PUT",
      "RequestHeaders": {
        "Accept": "application/json",
        "Authorization": "Sanitized",
        "Content-Length": "336",
        "Content-Type": "application/json",
        "traceparent": "00-56213e2b89d8abfaf0b7fd20bb906b37-51076bbf898085fc-00",
        "User-Agent": "azsdk-net-ResourceManager.OperationalInsights/1.3.0-alpha.20231213.1 (.NET 6.0.25; Microsoft Windows 10.0.22631)",
        "x-ms-client-request-id": "36bef475fe47e40c39c93248ca4bfe73",
        "x-ms-return-client-request-id": "true"
      },
      "RequestBody": {
        "properties": {
          "dataExportId": "32b06e31-8238-4375-a8c8-c1905e2765cf",
          "tableNames": [
            "SecurityEvent"
          ],
          "destination": {
            "resourceId": "/subscriptions/db1ab6f0-4769-4b27-930e-01e2ef9c123c/resourceGroups/OperationalInsightsDataExport-test8937/providers/Microsoft.EventHub/namespaces/exportHub3390",
            "metaData": {
              "eventHubName": "exportHub3390"
            }
          }
        }
      },
      "StatusCode": 200,
      "ResponseHeaders": {
        "Access-Control-Allow-Origin": "*",
        "api-supported-versions": "2020-08-01",
        "Cache-Control": "no-cache",
        "Content-Length": "780",
        "Content-Type": "application/json; charset=utf-8",
        "Date": "Wed, 13 Dec 2023 03:30:52 GMT",
        "Expires": "-1",
        "Pragma": "no-cache",
        "Request-Context": "appId=cid-v1:e6336c63-aab2-45f0-996a-e5dbab2a1508",
        "Strict-Transport-Security": "max-age=31536000; includeSubDomains",
        "X-Content-Type-Options": "nosniff",
        "x-ms-correlation-request-id": "f74d0395-4557-4f56-b9ef-86ec15851c22",
        "x-ms-ratelimit-remaining-subscription-writes": "1173",
        "x-ms-request-id": "f74d0395-4557-4f56-b9ef-86ec15851c22",
        "x-ms-routing-request-id": "SOUTHEASTASIA:20231213T033053Z:f74d0395-4557-4f56-b9ef-86ec15851c22",
        "X-Powered-By": "ASP.NET"
      },
      "ResponseBody": {
        "properties": {
          "dataExportId": "117ac84c-0059-4747-9f0a-726c202a199c",
          "destination": {
            "resourceId": "/subscriptions/db1ab6f0-4769-4b27-930e-01e2ef9c123c/resourceGroups/OperationalInsightsDataExport-test8937/providers/Microsoft.EventHub/namespaces/exportHub3390",
            "type": "EventHub",
            "metaData": {
              "eventHubName": "exportHub3390"
            }
          },
          "tableNames": [
            "SecurityEvent"
          ],
          "enable": true,
          "createdDate": "2023-12-13T03:30:52.8708487Z",
          "lastModifiedDate": "2023-12-13T03:30:52.8708487Z"
        },
        "location": "eastus",
        "id": "/subscriptions/db1ab6f0-4769-4b27-930e-01e2ef9c123c/resourceGroups/OperationalInsightsDataExport-test8937/providers/Microsoft.OperationalInsights/workspaces/InWorkspace9772/dataexports/OpDataExport2792",
        "name": "OpDataExport2792",
        "type": "Microsoft.OperationalInsights/workspaces/dataexports"
      }
    },
    {
      "RequestUri": "https://management.azure.com/subscriptions/db1ab6f0-4769-4b27-930e-01e2ef9c123c/resourcegroups/OperationalInsightsDataExport-test8937/providers/Microsoft.OperationalInsights/workspaces/InWorkspace9772/dataExports/OpDataExport2792?api-version=2020-08-01",
      "RequestMethod": "GET",
      "RequestHeaders": {
        "Accept": "application/json",
        "Authorization": "Sanitized",
        "traceparent": "00-d40f72d1bab8f5155feb0b680fa30b16-61eb1454fb81c78d-00",
        "User-Agent": "azsdk-net-ResourceManager.OperationalInsights/1.3.0-alpha.20231213.1 (.NET 6.0.25; Microsoft Windows 10.0.22631)",
        "x-ms-client-request-id": "00bed856575aa8e2e0f0b3940f9e5e18",
        "x-ms-return-client-request-id": "true"
      },
      "RequestBody": null,
      "StatusCode": 200,
      "ResponseHeaders": {
        "Access-Control-Allow-Origin": "*",
        "api-supported-versions": "2020-08-01",
        "Cache-Control": "no-cache",
        "Content-Length": "780",
        "Content-Type": "application/json; charset=utf-8",
        "Date": "Wed, 13 Dec 2023 03:30:52 GMT",
        "Expires": "-1",
        "Pragma": "no-cache",
        "Request-Context": "appId=cid-v1:e6336c63-aab2-45f0-996a-e5dbab2a1508",
        "Strict-Transport-Security": "max-age=31536000; includeSubDomains",
        "X-Content-Type-Options": "nosniff",
        "x-ms-correlation-request-id": "8167a1ee-cc83-4949-9426-d2e4f4fe5432",
        "x-ms-ratelimit-remaining-subscription-reads": "11926",
        "x-ms-request-id": "8167a1ee-cc83-4949-9426-d2e4f4fe5432",
        "x-ms-routing-request-id": "SOUTHEASTASIA:20231213T033053Z:8167a1ee-cc83-4949-9426-d2e4f4fe5432",
        "X-Powered-By": "ASP.NET"
      },
      "ResponseBody": {
        "properties": {
          "dataExportId": "117ac84c-0059-4747-9f0a-726c202a199c",
          "destination": {
            "resourceId": "/subscriptions/db1ab6f0-4769-4b27-930e-01e2ef9c123c/resourceGroups/OperationalInsightsDataExport-test8937/providers/Microsoft.EventHub/namespaces/exportHub3390",
            "type": "EventHub",
            "metaData": {
              "eventHubName": "exportHub3390"
            }
          },
          "tableNames": [
            "SecurityEvent"
          ],
          "enable": true,
          "createdDate": "2023-12-13T03:30:52.8708487Z",
          "lastModifiedDate": "2023-12-13T03:30:52.8708487Z"
        },
        "location": "eastus",
        "id": "/subscriptions/db1ab6f0-4769-4b27-930e-01e2ef9c123c/resourceGroups/OperationalInsightsDataExport-test8937/providers/Microsoft.OperationalInsights/workspaces/InWorkspace9772/dataexports/OpDataExport2792",
        "name": "OpDataExport2792",
        "type": "Microsoft.OperationalInsights/workspaces/dataexports"
      }
    },
    {
      "RequestUri": "https://management.azure.com/subscriptions/db1ab6f0-4769-4b27-930e-01e2ef9c123c/resourcegroups/OperationalInsightsDataExport-test8937/providers/Microsoft.OperationalInsights/workspaces/InWorkspace9772/dataExports/OpDataExport2792?api-version=2020-08-01",
      "RequestMethod": "GET",
      "RequestHeaders": {
        "Accept": "application/json",
        "Authorization": "Sanitized",
        "traceparent": "00-a53a0f32a0136b9ec761642b4d31dd8d-12d15959a18cfce7-00",
        "User-Agent": "azsdk-net-ResourceManager.OperationalInsights/1.3.0-alpha.20231213.1 (.NET 6.0.25; Microsoft Windows 10.0.22631)",
        "x-ms-client-request-id": "6d1604474b0c87c62d13a31d6a4cfbfb",
        "x-ms-return-client-request-id": "true"
      },
      "RequestBody": null,
      "StatusCode": 200,
      "ResponseHeaders": {
        "Access-Control-Allow-Origin": "*",
        "api-supported-versions": "2020-08-01",
        "Cache-Control": "no-cache",
        "Content-Length": "780",
        "Content-Type": "application/json; charset=utf-8",
        "Date": "Wed, 13 Dec 2023 03:30:53 GMT",
        "Expires": "-1",
        "Pragma": "no-cache",
        "Request-Context": "appId=cid-v1:e6336c63-aab2-45f0-996a-e5dbab2a1508",
        "Strict-Transport-Security": "max-age=31536000; includeSubDomains",
        "X-Content-Type-Options": "nosniff",
        "x-ms-correlation-request-id": "0ad1942c-bcc2-4deb-b551-e2fc2adf379a",
        "x-ms-ratelimit-remaining-subscription-reads": "11925",
        "x-ms-request-id": "0ad1942c-bcc2-4deb-b551-e2fc2adf379a",
        "x-ms-routing-request-id": "SOUTHEASTASIA:20231213T033054Z:0ad1942c-bcc2-4deb-b551-e2fc2adf379a",
        "X-Powered-By": "ASP.NET"
      },
      "ResponseBody": {
        "properties": {
          "dataExportId": "117ac84c-0059-4747-9f0a-726c202a199c",
          "destination": {
            "resourceId": "/subscriptions/db1ab6f0-4769-4b27-930e-01e2ef9c123c/resourceGroups/OperationalInsightsDataExport-test8937/providers/Microsoft.EventHub/namespaces/exportHub3390",
            "type": "EventHub",
            "metaData": {
              "eventHubName": "exportHub3390"
            }
          },
          "tableNames": [
            "SecurityEvent"
          ],
          "enable": true,
          "createdDate": "2023-12-13T03:30:52.8708487Z",
          "lastModifiedDate": "2023-12-13T03:30:52.8708487Z"
        },
        "location": "eastus",
        "id": "/subscriptions/db1ab6f0-4769-4b27-930e-01e2ef9c123c/resourceGroups/OperationalInsightsDataExport-test8937/providers/Microsoft.OperationalInsights/workspaces/InWorkspace9772/dataexports/OpDataExport2792",
        "name": "OpDataExport2792",
        "type": "Microsoft.OperationalInsights/workspaces/dataexports"
      }
    },
    {
      "RequestUri": "https://management.azure.com/subscriptions/db1ab6f0-4769-4b27-930e-01e2ef9c123c/resourceGroups/OperationalInsightsDataExport-test8937/providers/Microsoft.EventHub/namespaces/EventExport2nd6105?api-version=2021-11-01",
      "RequestMethod": "PUT",
      "RequestHeaders": {
        "Accept": "application/json",
        "Authorization": "Sanitized",
        "Content-Length": "73",
        "Content-Type": "application/json",
        "traceparent": "00-8b13e2379bf45d19bcdaeec460905e8c-5a0b105afcfca291-00",
        "User-Agent": "azsdk-net-ResourceManager.EventHubs/1.0.0 (.NET 6.0.25; Microsoft Windows 10.0.22631)",
        "x-ms-client-request-id": "03d9f8e30dff121d1656564b77d59a6a",
        "x-ms-return-client-request-id": "true"
      },
      "RequestBody": {
        "sku": {
          "name": "Standard"
        },
        "tags": {},
        "location": "eastus",
        "properties": {}
      },
      "StatusCode": 200,
      "ResponseHeaders": {
        "Cache-Control": "no-cache",
        "Content-Length": "743",
        "Content-Type": "application/json; charset=utf-8",
        "Date": "Wed, 13 Dec 2023 03:30:56 GMT",
        "Expires": "-1",
        "Pragma": "no-cache",
        "Server": [
          "Service-Bus-Resource-Provider/SN1",
          "Microsoft-HTTPAPI/2.0"
        ],
        "Server-SB": "Service-Bus-Resource-Provider/SN1",
        "Strict-Transport-Security": "max-age=31536000; includeSubDomains",
        "X-Content-Type-Options": "nosniff",
        "x-ms-client-request-id": "03d9f8e30dff121d1656564b77d59a6a",
        "x-ms-correlation-request-id": "40de2454-d1f2-411f-8499-5c6c84c51b14",
        "x-ms-ratelimit-remaining-subscription-resource-requests": "48",
        "x-ms-request-id": "97015faf-438f-48c4-8ca8-eef76b37c4c2_M10SN1_M10SN1",
        "x-ms-routing-request-id": "SOUTHEASTASIA:20231213T033057Z:40de2454-d1f2-411f-8499-5c6c84c51b14"
      },
      "ResponseBody": {
        "sku": {
          "name": "Standard",
          "tier": "Standard",
          "capacity": 1
        },
        "id": "/subscriptions/db1ab6f0-4769-4b27-930e-01e2ef9c123c/resourceGroups/OperationalInsightsDataExport-test8937/providers/Microsoft.EventHub/namespaces/EventExport2nd6105",
        "name": "EventExport2nd6105",
        "type": "Microsoft.EventHub/Namespaces",
        "location": "East US",
        "tags": {},
        "properties": {
          "disableLocalAuth": false,
          "zoneRedundant": false,
          "isAutoInflateEnabled": false,
          "maximumThroughputUnits": 0,
          "kafkaEnabled": true,
          "provisioningState": "Created",
          "metricId": "db1ab6f0-4769-4b27-930e-01e2ef9c123c:eventexport2nd6105",
          "createdAt": "2023-12-13T03:30:56.417Z",
          "updatedAt": "2023-12-13T03:30:56.417Z",
          "serviceBusEndpoint": "https://EventExport2nd6105.servicebus.windows.net:443/",
          "status": "Activating"
        }
      }
    },
    {
      "RequestUri": "https://management.azure.com/subscriptions/db1ab6f0-4769-4b27-930e-01e2ef9c123c/resourceGroups/OperationalInsightsDataExport-test8937/providers/Microsoft.EventHub/namespaces/EventExport2nd6105?api-version=2021-11-01",
      "RequestMethod": "GET",
      "RequestHeaders": {
        "Authorization": "Sanitized",
        "traceparent": "00-8b13e2379bf45d19bcdaeec460905e8c-bb25a5ba322001d9-00",
        "User-Agent": "azsdk-net-ResourceManager/1.9.0 (.NET 6.0.25; Microsoft Windows 10.0.22631)",
        "x-ms-client-request-id": "a62b75b71585f747f95bf6f5703bb63e",
        "x-ms-return-client-request-id": "true"
      },
      "RequestBody": null,
      "StatusCode": 200,
      "ResponseHeaders": {
        "Cache-Control": "no-cache",
        "Content-Length": "743",
        "Content-Type": "application/json; charset=utf-8",
        "Date": "Wed, 13 Dec 2023 03:30:58 GMT",
        "Expires": "-1",
        "Pragma": "no-cache",
        "Server": [
          "Service-Bus-Resource-Provider/SN1",
          "Microsoft-HTTPAPI/2.0"
        ],
        "Server-SB": "Service-Bus-Resource-Provider/SN1",
        "Strict-Transport-Security": "max-age=31536000; includeSubDomains",
        "X-Content-Type-Options": "nosniff",
        "x-ms-client-request-id": "a62b75b71585f747f95bf6f5703bb63e",
        "x-ms-correlation-request-id": "6d86e4f3-50d2-4bfa-9279-1ef729304a42",
        "x-ms-ratelimit-remaining-subscription-reads": "11924",
        "x-ms-request-id": "1b5b0a0b-9170-4d25-85b7-61854a60725a_M10SN1_M10SN1",
        "x-ms-routing-request-id": "SOUTHEASTASIA:20231213T033058Z:6d86e4f3-50d2-4bfa-9279-1ef729304a42"
      },
      "ResponseBody": {
        "sku": {
          "name": "Standard",
          "tier": "Standard",
          "capacity": 1
        },
        "id": "/subscriptions/db1ab6f0-4769-4b27-930e-01e2ef9c123c/resourceGroups/OperationalInsightsDataExport-test8937/providers/Microsoft.EventHub/namespaces/EventExport2nd6105",
        "name": "EventExport2nd6105",
        "type": "Microsoft.EventHub/Namespaces",
        "location": "East US",
        "tags": {},
        "properties": {
          "disableLocalAuth": false,
          "zoneRedundant": false,
          "isAutoInflateEnabled": false,
          "maximumThroughputUnits": 0,
          "kafkaEnabled": true,
          "provisioningState": "Created",
          "metricId": "db1ab6f0-4769-4b27-930e-01e2ef9c123c:eventexport2nd6105",
          "createdAt": "2023-12-13T03:30:56.417Z",
          "updatedAt": "2023-12-13T03:30:56.417Z",
          "serviceBusEndpoint": "https://EventExport2nd6105.servicebus.windows.net:443/",
          "status": "Activating"
        }
      }
    },
    {
      "RequestUri": "https://management.azure.com/subscriptions/db1ab6f0-4769-4b27-930e-01e2ef9c123c/resourceGroups/OperationalInsightsDataExport-test8937/providers/Microsoft.EventHub/namespaces/EventExport2nd6105?api-version=2021-11-01",
      "RequestMethod": "GET",
      "RequestHeaders": {
        "Authorization": "Sanitized",
        "traceparent": "00-8b13e2379bf45d19bcdaeec460905e8c-981d03864467c091-00",
        "User-Agent": "azsdk-net-ResourceManager/1.9.0 (.NET 6.0.25; Microsoft Windows 10.0.22631)",
        "x-ms-client-request-id": "4a50b208c6347c8eedc7cc2dc6684ed9",
        "x-ms-return-client-request-id": "true"
      },
      "RequestBody": null,
      "StatusCode": 200,
      "ResponseHeaders": {
        "Cache-Control": "no-cache",
        "Content-Length": "743",
        "Content-Type": "application/json; charset=utf-8",
        "Date": "Wed, 13 Dec 2023 03:30:59 GMT",
        "Expires": "-1",
        "Pragma": "no-cache",
        "Server": [
          "Service-Bus-Resource-Provider/SN1",
          "Microsoft-HTTPAPI/2.0"
        ],
        "Server-SB": "Service-Bus-Resource-Provider/SN1",
        "Strict-Transport-Security": "max-age=31536000; includeSubDomains",
        "X-Content-Type-Options": "nosniff",
        "x-ms-client-request-id": "4a50b208c6347c8eedc7cc2dc6684ed9",
        "x-ms-correlation-request-id": "d80f1abf-d9e9-48a6-9de9-11d0e1bcb1d1",
        "x-ms-ratelimit-remaining-subscription-reads": "11923",
        "x-ms-request-id": "b3a2485f-dba6-4cc3-a471-a92c4b2963c5_M10SN1_M10SN1",
        "x-ms-routing-request-id": "SOUTHEASTASIA:20231213T033100Z:d80f1abf-d9e9-48a6-9de9-11d0e1bcb1d1"
      },
      "ResponseBody": {
        "sku": {
          "name": "Standard",
          "tier": "Standard",
          "capacity": 1
        },
        "id": "/subscriptions/db1ab6f0-4769-4b27-930e-01e2ef9c123c/resourceGroups/OperationalInsightsDataExport-test8937/providers/Microsoft.EventHub/namespaces/EventExport2nd6105",
        "name": "EventExport2nd6105",
        "type": "Microsoft.EventHub/Namespaces",
        "location": "East US",
        "tags": {},
        "properties": {
          "disableLocalAuth": false,
          "zoneRedundant": false,
          "isAutoInflateEnabled": false,
          "maximumThroughputUnits": 0,
          "kafkaEnabled": true,
          "provisioningState": "Created",
          "metricId": "db1ab6f0-4769-4b27-930e-01e2ef9c123c:eventexport2nd6105",
          "createdAt": "2023-12-13T03:30:56.417Z",
          "updatedAt": "2023-12-13T03:30:56.417Z",
          "serviceBusEndpoint": "https://EventExport2nd6105.servicebus.windows.net:443/",
          "status": "Activating"
        }
      }
    },
    {
      "RequestUri": "https://management.azure.com/subscriptions/db1ab6f0-4769-4b27-930e-01e2ef9c123c/resourceGroups/OperationalInsightsDataExport-test8937/providers/Microsoft.EventHub/namespaces/EventExport2nd6105?api-version=2021-11-01",
      "RequestMethod": "GET",
      "RequestHeaders": {
        "Authorization": "Sanitized",
        "traceparent": "00-8b13e2379bf45d19bcdaeec460905e8c-c4b5f22f89848226-00",
        "User-Agent": "azsdk-net-ResourceManager/1.9.0 (.NET 6.0.25; Microsoft Windows 10.0.22631)",
        "x-ms-client-request-id": "019460c2f4a904e5bacf3b357015a1fb",
        "x-ms-return-client-request-id": "true"
      },
      "RequestBody": null,
      "StatusCode": 200,
      "ResponseHeaders": {
        "Cache-Control": "no-cache",
        "Content-Length": "743",
        "Content-Type": "application/json; charset=utf-8",
        "Date": "Wed, 13 Dec 2023 03:31:01 GMT",
        "Expires": "-1",
        "Pragma": "no-cache",
        "Server": [
          "Service-Bus-Resource-Provider/SN1",
          "Microsoft-HTTPAPI/2.0"
        ],
        "Server-SB": "Service-Bus-Resource-Provider/SN1",
        "Strict-Transport-Security": "max-age=31536000; includeSubDomains",
        "X-Content-Type-Options": "nosniff",
        "x-ms-client-request-id": "019460c2f4a904e5bacf3b357015a1fb",
        "x-ms-correlation-request-id": "c3fa8a88-2ac9-4b1b-a018-99bddb84c409",
        "x-ms-ratelimit-remaining-subscription-reads": "11922",
        "x-ms-request-id": "afe6c966-7b01-4f09-946b-f37a1087f75a_M10SN1_M10SN1",
        "x-ms-routing-request-id": "SOUTHEASTASIA:20231213T033102Z:c3fa8a88-2ac9-4b1b-a018-99bddb84c409"
      },
      "ResponseBody": {
        "sku": {
          "name": "Standard",
          "tier": "Standard",
          "capacity": 1
        },
        "id": "/subscriptions/db1ab6f0-4769-4b27-930e-01e2ef9c123c/resourceGroups/OperationalInsightsDataExport-test8937/providers/Microsoft.EventHub/namespaces/EventExport2nd6105",
        "name": "EventExport2nd6105",
        "type": "Microsoft.EventHub/Namespaces",
        "location": "East US",
        "tags": {},
        "properties": {
          "disableLocalAuth": false,
          "zoneRedundant": false,
          "isAutoInflateEnabled": false,
          "maximumThroughputUnits": 0,
          "kafkaEnabled": true,
          "provisioningState": "Created",
          "metricId": "db1ab6f0-4769-4b27-930e-01e2ef9c123c:eventexport2nd6105",
          "createdAt": "2023-12-13T03:30:56.417Z",
          "updatedAt": "2023-12-13T03:30:56.417Z",
          "serviceBusEndpoint": "https://EventExport2nd6105.servicebus.windows.net:443/",
          "status": "Activating"
        }
      }
    },
    {
      "RequestUri": "https://management.azure.com/subscriptions/db1ab6f0-4769-4b27-930e-01e2ef9c123c/resourceGroups/OperationalInsightsDataExport-test8937/providers/Microsoft.EventHub/namespaces/EventExport2nd6105?api-version=2021-11-01",
      "RequestMethod": "GET",
      "RequestHeaders": {
        "Authorization": "Sanitized",
        "traceparent": "00-8b13e2379bf45d19bcdaeec460905e8c-1691b33179b1317b-00",
        "User-Agent": "azsdk-net-ResourceManager/1.9.0 (.NET 6.0.25; Microsoft Windows 10.0.22631)",
        "x-ms-client-request-id": "11ac081b48ecf0c1e6aeb9bd49193091",
        "x-ms-return-client-request-id": "true"
      },
      "RequestBody": null,
      "StatusCode": 200,
      "ResponseHeaders": {
        "Cache-Control": "no-cache",
        "Content-Length": "743",
        "Content-Type": "application/json; charset=utf-8",
        "Date": "Wed, 13 Dec 2023 03:31:03 GMT",
        "Expires": "-1",
        "Pragma": "no-cache",
        "Server": [
          "Service-Bus-Resource-Provider/SN1",
          "Microsoft-HTTPAPI/2.0"
        ],
        "Server-SB": "Service-Bus-Resource-Provider/SN1",
        "Strict-Transport-Security": "max-age=31536000; includeSubDomains",
        "X-Content-Type-Options": "nosniff",
        "x-ms-client-request-id": "11ac081b48ecf0c1e6aeb9bd49193091",
        "x-ms-correlation-request-id": "6cf584c6-5a06-4125-b090-6e8b5dc5bab1",
        "x-ms-ratelimit-remaining-subscription-reads": "11921",
        "x-ms-request-id": "03de1027-11c7-4d67-8c79-4742a693a1d0_M10SN1_M10SN1",
        "x-ms-routing-request-id": "SOUTHEASTASIA:20231213T033104Z:6cf584c6-5a06-4125-b090-6e8b5dc5bab1"
      },
      "ResponseBody": {
        "sku": {
          "name": "Standard",
          "tier": "Standard",
          "capacity": 1
        },
        "id": "/subscriptions/db1ab6f0-4769-4b27-930e-01e2ef9c123c/resourceGroups/OperationalInsightsDataExport-test8937/providers/Microsoft.EventHub/namespaces/EventExport2nd6105",
        "name": "EventExport2nd6105",
        "type": "Microsoft.EventHub/Namespaces",
        "location": "East US",
        "tags": {},
        "properties": {
          "disableLocalAuth": false,
          "zoneRedundant": false,
          "isAutoInflateEnabled": false,
          "maximumThroughputUnits": 0,
          "kafkaEnabled": true,
          "provisioningState": "Created",
          "metricId": "db1ab6f0-4769-4b27-930e-01e2ef9c123c:eventexport2nd6105",
          "createdAt": "2023-12-13T03:30:56.417Z",
          "updatedAt": "2023-12-13T03:30:56.417Z",
          "serviceBusEndpoint": "https://EventExport2nd6105.servicebus.windows.net:443/",
          "status": "Activating"
        }
      }
    },
    {
      "RequestUri": "https://management.azure.com/subscriptions/db1ab6f0-4769-4b27-930e-01e2ef9c123c/resourceGroups/OperationalInsightsDataExport-test8937/providers/Microsoft.EventHub/namespaces/EventExport2nd6105?api-version=2021-11-01",
      "RequestMethod": "GET",
      "RequestHeaders": {
        "Authorization": "Sanitized",
        "traceparent": "00-8b13e2379bf45d19bcdaeec460905e8c-222db17ceb917c33-00",
        "User-Agent": "azsdk-net-ResourceManager/1.9.0 (.NET 6.0.25; Microsoft Windows 10.0.22631)",
        "x-ms-client-request-id": "0f321d0db4a71395cd4c90648b590cd7",
        "x-ms-return-client-request-id": "true"
      },
      "RequestBody": null,
      "StatusCode": 200,
      "ResponseHeaders": {
        "Cache-Control": "no-cache",
        "Content-Length": "743",
        "Content-Type": "application/json; charset=utf-8",
        "Date": "Wed, 13 Dec 2023 03:31:07 GMT",
        "Expires": "-1",
        "Pragma": "no-cache",
        "Server": [
          "Service-Bus-Resource-Provider/SN1",
          "Microsoft-HTTPAPI/2.0"
        ],
        "Server-SB": "Service-Bus-Resource-Provider/SN1",
        "Strict-Transport-Security": "max-age=31536000; includeSubDomains",
        "X-Content-Type-Options": "nosniff",
        "x-ms-client-request-id": "0f321d0db4a71395cd4c90648b590cd7",
        "x-ms-correlation-request-id": "7ce9c296-0cbe-46e6-a53f-94d0b8976e56",
        "x-ms-ratelimit-remaining-subscription-reads": "11920",
        "x-ms-request-id": "fba6e9fe-e226-4814-804d-360312e17a75_M10SN1_M10SN1",
        "x-ms-routing-request-id": "SOUTHEASTASIA:20231213T033108Z:7ce9c296-0cbe-46e6-a53f-94d0b8976e56"
      },
      "ResponseBody": {
        "sku": {
          "name": "Standard",
          "tier": "Standard",
          "capacity": 1
        },
        "id": "/subscriptions/db1ab6f0-4769-4b27-930e-01e2ef9c123c/resourceGroups/OperationalInsightsDataExport-test8937/providers/Microsoft.EventHub/namespaces/EventExport2nd6105",
        "name": "EventExport2nd6105",
        "type": "Microsoft.EventHub/Namespaces",
        "location": "East US",
        "tags": {},
        "properties": {
          "disableLocalAuth": false,
          "zoneRedundant": false,
          "isAutoInflateEnabled": false,
          "maximumThroughputUnits": 0,
          "kafkaEnabled": true,
          "provisioningState": "Created",
          "metricId": "db1ab6f0-4769-4b27-930e-01e2ef9c123c:eventexport2nd6105",
          "createdAt": "2023-12-13T03:30:56.417Z",
          "updatedAt": "2023-12-13T03:30:56.417Z",
          "serviceBusEndpoint": "https://EventExport2nd6105.servicebus.windows.net:443/",
          "status": "Activating"
        }
      }
    },
    {
      "RequestUri": "https://management.azure.com/subscriptions/db1ab6f0-4769-4b27-930e-01e2ef9c123c/resourceGroups/OperationalInsightsDataExport-test8937/providers/Microsoft.EventHub/namespaces/EventExport2nd6105?api-version=2021-11-01",
      "RequestMethod": "GET",
      "RequestHeaders": {
        "Authorization": "Sanitized",
        "traceparent": "00-8b13e2379bf45d19bcdaeec460905e8c-10ddc21f8075a2bc-00",
        "User-Agent": "azsdk-net-ResourceManager/1.9.0 (.NET 6.0.25; Microsoft Windows 10.0.22631)",
        "x-ms-client-request-id": "be11d0253cbb7aec9fa31bfa3a27bba0",
        "x-ms-return-client-request-id": "true"
      },
      "RequestBody": null,
      "StatusCode": 200,
      "ResponseHeaders": {
        "Cache-Control": "no-cache",
        "Content-Length": "743",
        "Content-Type": "application/json; charset=utf-8",
        "Date": "Wed, 13 Dec 2023 03:31:13 GMT",
        "Expires": "-1",
        "Pragma": "no-cache",
        "Server": [
          "Service-Bus-Resource-Provider/SN1",
          "Microsoft-HTTPAPI/2.0"
        ],
        "Server-SB": "Service-Bus-Resource-Provider/SN1",
        "Strict-Transport-Security": "max-age=31536000; includeSubDomains",
        "X-Content-Type-Options": "nosniff",
        "x-ms-client-request-id": "be11d0253cbb7aec9fa31bfa3a27bba0",
        "x-ms-correlation-request-id": "435fe87c-3fe7-4023-b933-74405c8e46e8",
        "x-ms-ratelimit-remaining-subscription-reads": "11919",
        "x-ms-request-id": "485b3dac-fe02-425f-8642-c52b3084baa7_M10SN1_M10SN1",
        "x-ms-routing-request-id": "SOUTHEASTASIA:20231213T033113Z:435fe87c-3fe7-4023-b933-74405c8e46e8"
      },
      "ResponseBody": {
        "sku": {
          "name": "Standard",
          "tier": "Standard",
          "capacity": 1
        },
        "id": "/subscriptions/db1ab6f0-4769-4b27-930e-01e2ef9c123c/resourceGroups/OperationalInsightsDataExport-test8937/providers/Microsoft.EventHub/namespaces/EventExport2nd6105",
        "name": "EventExport2nd6105",
        "type": "Microsoft.EventHub/Namespaces",
        "location": "East US",
        "tags": {},
        "properties": {
          "disableLocalAuth": false,
          "zoneRedundant": false,
          "isAutoInflateEnabled": false,
          "maximumThroughputUnits": 0,
          "kafkaEnabled": true,
          "provisioningState": "Created",
          "metricId": "db1ab6f0-4769-4b27-930e-01e2ef9c123c:eventexport2nd6105",
          "createdAt": "2023-12-13T03:30:56.417Z",
          "updatedAt": "2023-12-13T03:30:56.417Z",
          "serviceBusEndpoint": "https://EventExport2nd6105.servicebus.windows.net:443/",
          "status": "Activating"
        }
      }
    },
    {
      "RequestUri": "https://management.azure.com/subscriptions/db1ab6f0-4769-4b27-930e-01e2ef9c123c/resourceGroups/OperationalInsightsDataExport-test8937/providers/Microsoft.EventHub/namespaces/EventExport2nd6105?api-version=2021-11-01",
      "RequestMethod": "GET",
      "RequestHeaders": {
        "Authorization": "Sanitized",
        "traceparent": "00-8b13e2379bf45d19bcdaeec460905e8c-e5ee51822d4e59cb-00",
        "User-Agent": "azsdk-net-ResourceManager/1.9.0 (.NET 6.0.25; Microsoft Windows 10.0.22631)",
        "x-ms-client-request-id": "5328a99e92e36654739844a0b85c648d",
        "x-ms-return-client-request-id": "true"
      },
      "RequestBody": null,
      "StatusCode": 200,
      "ResponseHeaders": {
        "Cache-Control": "no-cache",
        "Content-Length": "743",
        "Content-Type": "application/json; charset=utf-8",
        "Date": "Wed, 13 Dec 2023 03:31:22 GMT",
        "Expires": "-1",
        "Pragma": "no-cache",
        "Server": [
          "Service-Bus-Resource-Provider/SN1",
          "Microsoft-HTTPAPI/2.0"
        ],
        "Server-SB": "Service-Bus-Resource-Provider/SN1",
        "Strict-Transport-Security": "max-age=31536000; includeSubDomains",
        "X-Content-Type-Options": "nosniff",
        "x-ms-client-request-id": "5328a99e92e36654739844a0b85c648d",
        "x-ms-correlation-request-id": "43fe409c-67b1-432c-bf1c-3a854837766a",
        "x-ms-ratelimit-remaining-subscription-reads": "11918",
        "x-ms-request-id": "2d6fecc6-26ec-4537-af3f-77588dcadf04_M10SN1_M10SN1",
        "x-ms-routing-request-id": "SOUTHEASTASIA:20231213T033122Z:43fe409c-67b1-432c-bf1c-3a854837766a"
      },
      "ResponseBody": {
        "sku": {
          "name": "Standard",
          "tier": "Standard",
          "capacity": 1
        },
        "id": "/subscriptions/db1ab6f0-4769-4b27-930e-01e2ef9c123c/resourceGroups/OperationalInsightsDataExport-test8937/providers/Microsoft.EventHub/namespaces/EventExport2nd6105",
        "name": "EventExport2nd6105",
        "type": "Microsoft.EventHub/Namespaces",
        "location": "East US",
        "tags": {},
        "properties": {
          "disableLocalAuth": false,
          "zoneRedundant": false,
          "isAutoInflateEnabled": false,
          "maximumThroughputUnits": 0,
          "kafkaEnabled": true,
          "provisioningState": "Created",
          "metricId": "db1ab6f0-4769-4b27-930e-01e2ef9c123c:eventexport2nd6105",
          "createdAt": "2023-12-13T03:30:56.417Z",
          "updatedAt": "2023-12-13T03:30:56.417Z",
          "serviceBusEndpoint": "https://EventExport2nd6105.servicebus.windows.net:443/",
          "status": "Activating"
        }
      }
    },
    {
      "RequestUri": "https://management.azure.com/subscriptions/db1ab6f0-4769-4b27-930e-01e2ef9c123c/resourceGroups/OperationalInsightsDataExport-test8937/providers/Microsoft.EventHub/namespaces/EventExport2nd6105?api-version=2021-11-01",
      "RequestMethod": "GET",
      "RequestHeaders": {
        "Authorization": "Sanitized",
        "traceparent": "00-8b13e2379bf45d19bcdaeec460905e8c-2a7b5b1c7f6b564b-00",
        "User-Agent": "azsdk-net-ResourceManager/1.9.0 (.NET 6.0.25; Microsoft Windows 10.0.22631)",
        "x-ms-client-request-id": "7898e1a27208d0d530b77004999ad9a5",
        "x-ms-return-client-request-id": "true"
      },
      "RequestBody": null,
      "StatusCode": 200,
      "ResponseHeaders": {
        "Cache-Control": "no-cache",
        "Content-Length": "743",
        "Content-Type": "application/json; charset=utf-8",
        "Date": "Wed, 13 Dec 2023 03:31:39 GMT",
        "Expires": "-1",
        "Pragma": "no-cache",
        "Server": [
          "Service-Bus-Resource-Provider/SN1",
          "Microsoft-HTTPAPI/2.0"
        ],
        "Server-SB": "Service-Bus-Resource-Provider/SN1",
        "Strict-Transport-Security": "max-age=31536000; includeSubDomains",
        "X-Content-Type-Options": "nosniff",
        "x-ms-client-request-id": "7898e1a27208d0d530b77004999ad9a5",
        "x-ms-correlation-request-id": "cb5f6303-f705-4dbb-ad46-e44d1047dd1b",
        "x-ms-ratelimit-remaining-subscription-reads": "11917",
        "x-ms-request-id": "15a341da-f972-4f29-a4c9-9fdac2f9a1d7_M10SN1_M10SN1",
        "x-ms-routing-request-id": "SOUTHEASTASIA:20231213T033140Z:cb5f6303-f705-4dbb-ad46-e44d1047dd1b"
      },
      "ResponseBody": {
        "sku": {
          "name": "Standard",
          "tier": "Standard",
          "capacity": 1
        },
        "id": "/subscriptions/db1ab6f0-4769-4b27-930e-01e2ef9c123c/resourceGroups/OperationalInsightsDataExport-test8937/providers/Microsoft.EventHub/namespaces/EventExport2nd6105",
        "name": "EventExport2nd6105",
        "type": "Microsoft.EventHub/Namespaces",
        "location": "East US",
        "tags": {},
        "properties": {
          "disableLocalAuth": false,
          "zoneRedundant": false,
          "isAutoInflateEnabled": false,
          "maximumThroughputUnits": 0,
          "kafkaEnabled": true,
          "provisioningState": "Created",
          "metricId": "db1ab6f0-4769-4b27-930e-01e2ef9c123c:eventexport2nd6105",
          "createdAt": "2023-12-13T03:30:56.417Z",
          "updatedAt": "2023-12-13T03:30:56.417Z",
          "serviceBusEndpoint": "https://EventExport2nd6105.servicebus.windows.net:443/",
          "status": "Activating"
        }
      }
    },
    {
      "RequestUri": "https://management.azure.com/subscriptions/db1ab6f0-4769-4b27-930e-01e2ef9c123c/resourceGroups/OperationalInsightsDataExport-test8937/providers/Microsoft.EventHub/namespaces/EventExport2nd6105?api-version=2021-11-01",
      "RequestMethod": "GET",
      "RequestHeaders": {
        "Authorization": "Sanitized",
        "traceparent": "00-8b13e2379bf45d19bcdaeec460905e8c-1ae4c05096f6082f-00",
        "User-Agent": "azsdk-net-ResourceManager/1.9.0 (.NET 6.0.25; Microsoft Windows 10.0.22631)",
        "x-ms-client-request-id": "e1c6ef90b83093f37cab4a22f84cc142",
        "x-ms-return-client-request-id": "true"
      },
      "RequestBody": null,
      "StatusCode": 200,
      "ResponseHeaders": {
        "Cache-Control": "no-cache",
        "Content-Length": "741",
        "Content-Type": "application/json; charset=utf-8",
        "Date": "Wed, 13 Dec 2023 03:32:12 GMT",
        "Expires": "-1",
        "Pragma": "no-cache",
        "Server": [
          "Service-Bus-Resource-Provider/SN1",
          "Microsoft-HTTPAPI/2.0"
        ],
        "Server-SB": "Service-Bus-Resource-Provider/SN1",
        "Strict-Transport-Security": "max-age=31536000; includeSubDomains",
        "X-Content-Type-Options": "nosniff",
        "x-ms-client-request-id": "e1c6ef90b83093f37cab4a22f84cc142",
        "x-ms-correlation-request-id": "5dceffd4-b262-41bc-9407-93642b080b01",
        "x-ms-ratelimit-remaining-subscription-reads": "11916",
        "x-ms-request-id": "53711488-f440-44b0-b1eb-dacf37749ac9_M10SN1_M10SN1",
        "x-ms-routing-request-id": "SOUTHEASTASIA:20231213T033212Z:5dceffd4-b262-41bc-9407-93642b080b01"
      },
      "ResponseBody": {
        "sku": {
          "name": "Standard",
          "tier": "Standard",
          "capacity": 1
        },
        "id": "/subscriptions/db1ab6f0-4769-4b27-930e-01e2ef9c123c/resourceGroups/OperationalInsightsDataExport-test8937/providers/Microsoft.EventHub/namespaces/EventExport2nd6105",
        "name": "EventExport2nd6105",
        "type": "Microsoft.EventHub/Namespaces",
        "location": "East US",
        "tags": {},
        "properties": {
          "disableLocalAuth": false,
          "zoneRedundant": false,
          "isAutoInflateEnabled": false,
          "maximumThroughputUnits": 0,
          "kafkaEnabled": true,
          "provisioningState": "Succeeded",
          "metricId": "db1ab6f0-4769-4b27-930e-01e2ef9c123c:eventexport2nd6105",
          "createdAt": "2023-12-13T03:30:56.417Z",
          "updatedAt": "2023-12-13T03:31:46.703Z",
          "serviceBusEndpoint": "https://EventExport2nd6105.servicebus.windows.net:443/",
          "status": "Active"
        }
      }
    },
    {
      "RequestUri": "https://management.azure.com/subscriptions/db1ab6f0-4769-4b27-930e-01e2ef9c123c/resourcegroups/OperationalInsightsDataExport-test8937/providers/Microsoft.OperationalInsights/workspaces/InWorkspace9772/dataExports/OpDataExport2nd5479?api-version=2020-08-01",
      "RequestMethod": "PUT",
      "RequestHeaders": {
        "Accept": "application/json",
        "Authorization": "Sanitized",
        "Content-Length": "340",
        "Content-Type": "application/json",
        "traceparent": "00-068d50af714933f287134c06e1d43825-a416e6b007127426-00",
        "User-Agent": "azsdk-net-ResourceManager.OperationalInsights/1.3.0-alpha.20231213.1 (.NET 6.0.25; Microsoft Windows 10.0.22631)",
        "x-ms-client-request-id": "8f58578d9842d42b57232b214fcdd8bf",
        "x-ms-return-client-request-id": "true"
      },
      "RequestBody": {
        "properties": {
          "dataExportId": "6fa285dd-b1c4-40d7-a6d9-0b32a6b8cd58",
          "tableNames": [
            "Export2"
          ],
          "destination": {
            "resourceId": "/subscriptions/db1ab6f0-4769-4b27-930e-01e2ef9c123c/resourceGroups/OperationalInsightsDataExport-test8937/providers/Microsoft.EventHub/namespaces/EventExport2nd6105",
            "metaData": {
              "eventHubName": "EventExport2nd6105"
            }
          }
        }
      },
      "StatusCode": 200,
      "ResponseHeaders": {
        "Access-Control-Allow-Origin": "*",
        "api-supported-versions": "2020-08-01",
        "Cache-Control": "no-cache",
        "Content-Length": "786",
        "Content-Type": "application/json; charset=utf-8",
        "Date": "Wed, 13 Dec 2023 03:32:14 GMT",
        "Expires": "-1",
        "Pragma": "no-cache",
        "Request-Context": "appId=cid-v1:e6336c63-aab2-45f0-996a-e5dbab2a1508",
        "Strict-Transport-Security": "max-age=31536000; includeSubDomains",
        "X-Content-Type-Options": "nosniff",
        "x-ms-correlation-request-id": "100aad6a-582f-4b88-ba33-e98079555bca",
        "x-ms-ratelimit-remaining-subscription-writes": "1172",
        "x-ms-request-id": "100aad6a-582f-4b88-ba33-e98079555bca",
        "x-ms-routing-request-id": "SOUTHEASTASIA:20231213T033215Z:100aad6a-582f-4b88-ba33-e98079555bca",
        "X-Powered-By": "ASP.NET"
      },
      "ResponseBody": {
        "properties": {
          "dataExportId": "0c6c1784-b7d5-4263-a00e-389a8916b320",
          "destination": {
            "resourceId": "/subscriptions/db1ab6f0-4769-4b27-930e-01e2ef9c123c/resourceGroups/OperationalInsightsDataExport-test8937/providers/Microsoft.EventHub/namespaces/EventExport2nd6105",
            "type": "EventHub",
            "metaData": {
              "eventHubName": "EventExport2nd6105"
            }
          },
          "tableNames": [
            "Export2"
          ],
          "enable": true,
          "createdDate": "2023-12-13T03:32:15.04339Z",
          "lastModifiedDate": "2023-12-13T03:32:15.04339Z"
        },
        "location": "eastus",
        "id": "/subscriptions/db1ab6f0-4769-4b27-930e-01e2ef9c123c/resourceGroups/OperationalInsightsDataExport-test8937/providers/Microsoft.OperationalInsights/workspaces/InWorkspace9772/dataexports/OpDataExport2nd5479",
        "name": "OpDataExport2nd5479",
        "type": "Microsoft.OperationalInsights/workspaces/dataexports"
      }
    },
    {
      "RequestUri": "https://management.azure.com/subscriptions/db1ab6f0-4769-4b27-930e-01e2ef9c123c/resourcegroups/OperationalInsightsDataExport-test8937/providers/Microsoft.OperationalInsights/workspaces/InWorkspace9772/dataExports?api-version=2020-08-01",
      "RequestMethod": "GET",
      "RequestHeaders": {
        "Accept": "application/json",
        "Authorization": "Sanitized",
        "traceparent": "00-41070a0b138164ee34525e8c337e4553-13c19752905b5646-00",
        "User-Agent": "azsdk-net-ResourceManager.OperationalInsights/1.3.0-alpha.20231213.1 (.NET 6.0.25; Microsoft Windows 10.0.22631)",
        "x-ms-client-request-id": "96c80f9e5c82eeea04fc5d27b2d8e3f6",
        "x-ms-return-client-request-id": "true"
      },
      "RequestBody": null,
      "StatusCode": 200,
      "ResponseHeaders": {
        "Access-Control-Allow-Origin": "*",
        "api-supported-versions": "2020-08-01",
        "Cache-Control": "no-cache",
        "Content-Length": "1579",
        "Content-Type": "application/json; charset=utf-8",
        "Date": "Wed, 13 Dec 2023 03:32:15 GMT",
        "Expires": "-1",
        "Pragma": "no-cache",
        "Request-Context": "appId=cid-v1:e6336c63-aab2-45f0-996a-e5dbab2a1508",
        "Strict-Transport-Security": "max-age=31536000; includeSubDomains",
        "X-Content-Type-Options": "nosniff",
        "x-ms-correlation-request-id": "f78a1d78-8f20-4a82-8c57-f559f9dca0b1",
        "x-ms-ratelimit-remaining-subscription-reads": "11915",
        "x-ms-request-id": "f78a1d78-8f20-4a82-8c57-f559f9dca0b1",
        "x-ms-routing-request-id": "SOUTHEASTASIA:20231213T033215Z:f78a1d78-8f20-4a82-8c57-f559f9dca0b1",
        "X-Powered-By": "ASP.NET"
      },
      "ResponseBody": {
        "value": [
          {
            "properties": {
              "dataExportId": "117ac84c-0059-4747-9f0a-726c202a199c",
              "destination": {
                "resourceId": "/subscriptions/db1ab6f0-4769-4b27-930e-01e2ef9c123c/resourceGroups/OperationalInsightsDataExport-test8937/providers/Microsoft.EventHub/namespaces/exportHub3390",
                "type": "EventHub",
                "metaData": {
                  "eventHubName": "exportHub3390"
                }
              },
              "tableNames": [
                "SecurityEvent"
              ],
              "enable": true,
              "createdDate": "2023-12-13T03:30:52.8708487Z",
              "lastModifiedDate": "2023-12-13T03:30:52.8708487Z"
            },
            "location": "eastus",
            "id": "/subscriptions/db1ab6f0-4769-4b27-930e-01e2ef9c123c/resourceGroups/OperationalInsightsDataExport-test8937/providers/Microsoft.OperationalInsights/workspaces/InWorkspace9772/dataexports/OpDataExport2792",
            "name": "OpDataExport2792",
            "type": "Microsoft.OperationalInsights/workspaces/dataexports"
          },
          {
            "properties": {
              "dataExportId": "0c6c1784-b7d5-4263-a00e-389a8916b320",
              "destination": {
                "resourceId": "/subscriptions/db1ab6f0-4769-4b27-930e-01e2ef9c123c/resourceGroups/OperationalInsightsDataExport-test8937/providers/Microsoft.EventHub/namespaces/EventExport2nd6105",
                "type": "EventHub",
                "metaData": {
                  "eventHubName": "EventExport2nd6105"
                }
              },
              "tableNames": [
                "Export2"
              ],
              "enable": true,
              "createdDate": "2023-12-13T03:32:15.04339Z",
              "lastModifiedDate": "2023-12-13T03:32:15.04339Z"
            },
            "location": "eastus",
            "id": "/subscriptions/db1ab6f0-4769-4b27-930e-01e2ef9c123c/resourceGroups/OperationalInsightsDataExport-test8937/providers/Microsoft.OperationalInsights/workspaces/InWorkspace9772/dataexports/OpDataExport2nd5479",
            "name": "OpDataExport2nd5479",
            "type": "Microsoft.OperationalInsights/workspaces/dataexports"
          }
        ]
      }
    },
    {
      "RequestUri": "https://management.azure.com/subscriptions/db1ab6f0-4769-4b27-930e-01e2ef9c123c/resourcegroups/OperationalInsightsDataExport-test8937/providers/Microsoft.OperationalInsights/workspaces/InWorkspace9772/dataExports/OpDataExport2nd5479?api-version=2020-08-01",
      "RequestMethod": "DELETE",
      "RequestHeaders": {
        "Accept": "application/json",
        "Authorization": "Sanitized",
        "traceparent": "00-1153a9c7da0a27be443afa08765d1341-7df739a6b6208c21-00",
        "User-Agent": "azsdk-net-ResourceManager.OperationalInsights/1.3.0-alpha.20231213.1 (.NET 6.0.25; Microsoft Windows 10.0.22631)",
        "x-ms-client-request-id": "430bc52d1680574d9a0dd995c7712cdd",
        "x-ms-return-client-request-id": "true"
      },
      "RequestBody": null,
      "StatusCode": 200,
      "ResponseHeaders": {
        "Access-Control-Allow-Origin": "*",
        "api-supported-versions": "2020-08-01",
        "Cache-Control": "no-cache",
        "Content-Length": "0",
        "Date": "Wed, 13 Dec 2023 03:32:15 GMT",
        "Expires": "-1",
        "Pragma": "no-cache",
        "Request-Context": "appId=cid-v1:e6336c63-aab2-45f0-996a-e5dbab2a1508",
        "Strict-Transport-Security": "max-age=31536000; includeSubDomains",
        "X-Content-Type-Options": "nosniff",
        "x-ms-correlation-request-id": "156827d6-baca-4226-87d7-3cbdfa4d0c01",
        "x-ms-ratelimit-remaining-subscription-deletes": "14983",
        "x-ms-request-id": "156827d6-baca-4226-87d7-3cbdfa4d0c01",
        "x-ms-routing-request-id": "SOUTHEASTASIA:20231213T033216Z:156827d6-baca-4226-87d7-3cbdfa4d0c01",
        "X-Powered-By": "ASP.NET"
      },
      "ResponseBody": null
    },
    {
      "RequestUri": "https://management.azure.com/subscriptions/db1ab6f0-4769-4b27-930e-01e2ef9c123c/resourcegroups/OperationalInsightsDataExport-test8937/providers/Microsoft.OperationalInsights/workspaces/InWorkspace9772/dataExports/OpDataExport2792?api-version=2020-08-01",
      "RequestMethod": "GET",
      "RequestHeaders": {
        "Accept": "application/json",
        "Authorization": "Sanitized",
        "traceparent": "00-da2de0aeecb10655ac6b091b06dff0ab-1dac75e90d826a05-00",
        "User-Agent": "azsdk-net-ResourceManager.OperationalInsights/1.3.0-alpha.20231213.1 (.NET 6.0.25; Microsoft Windows 10.0.22631)",
        "x-ms-client-request-id": "3c596372acf931bb6c6a8a463b04217f",
        "x-ms-return-client-request-id": "true"
      },
      "RequestBody": null,
      "StatusCode": 200,
      "ResponseHeaders": {
        "Access-Control-Allow-Origin": "*",
        "api-supported-versions": "2020-08-01",
        "Cache-Control": "no-cache",
        "Content-Length": "780",
        "Content-Type": "application/json; charset=utf-8",
        "Date": "Wed, 13 Dec 2023 03:32:16 GMT",
        "Expires": "-1",
        "Pragma": "no-cache",
        "Request-Context": "appId=cid-v1:e6336c63-aab2-45f0-996a-e5dbab2a1508",
        "Strict-Transport-Security": "max-age=31536000; includeSubDomains",
        "X-Content-Type-Options": "nosniff",
        "x-ms-correlation-request-id": "45d655c4-a443-48e6-8884-c5ba17c346b1",
        "x-ms-ratelimit-remaining-subscription-reads": "11914",
        "x-ms-request-id": "45d655c4-a443-48e6-8884-c5ba17c346b1",
        "x-ms-routing-request-id": "SOUTHEASTASIA:20231213T033217Z:45d655c4-a443-48e6-8884-c5ba17c346b1",
        "X-Powered-By": "ASP.NET"
      },
      "ResponseBody": {
        "properties": {
          "dataExportId": "117ac84c-0059-4747-9f0a-726c202a199c",
          "destination": {
            "resourceId": "/subscriptions/db1ab6f0-4769-4b27-930e-01e2ef9c123c/resourceGroups/OperationalInsightsDataExport-test8937/providers/Microsoft.EventHub/namespaces/exportHub3390",
            "type": "EventHub",
            "metaData": {
              "eventHubName": "exportHub3390"
            }
          },
          "tableNames": [
            "SecurityEvent"
          ],
          "enable": true,
          "createdDate": "2023-12-13T03:30:52.8708487Z",
          "lastModifiedDate": "2023-12-13T03:30:52.8708487Z"
        },
        "location": "eastus",
        "id": "/subscriptions/db1ab6f0-4769-4b27-930e-01e2ef9c123c/resourceGroups/OperationalInsightsDataExport-test8937/providers/Microsoft.OperationalInsights/workspaces/InWorkspace9772/dataexports/OpDataExport2792",
        "name": "OpDataExport2792",
        "type": "Microsoft.OperationalInsights/workspaces/dataexports"
      }
    },
    {
      "RequestUri": "https://management.azure.com/subscriptions/db1ab6f0-4769-4b27-930e-01e2ef9c123c/resourcegroups/OperationalInsightsDataExport-test8937/providers/Microsoft.OperationalInsights/workspaces/InWorkspace9772/dataExports/OpDataExport2792?api-version=2020-08-01",
      "RequestMethod": "GET",
      "RequestHeaders": {
        "Accept": "application/json",
        "Authorization": "Sanitized",
        "traceparent": "00-8539b3eeee48d1383be69da6c0bc62cc-ed5e1387b90ca749-00",
        "User-Agent": "azsdk-net-ResourceManager.OperationalInsights/1.3.0-alpha.20231213.1 (.NET 6.0.25; Microsoft Windows 10.0.22631)",
        "x-ms-client-request-id": "8af4353f94c1883fc171fc7583552693",
        "x-ms-return-client-request-id": "true"
      },
      "RequestBody": null,
      "StatusCode": 200,
      "ResponseHeaders": {
        "Access-Control-Allow-Origin": "*",
        "api-supported-versions": "2020-08-01",
        "Cache-Control": "no-cache",
        "Content-Length": "780",
        "Content-Type": "application/json; charset=utf-8",
        "Date": "Wed, 13 Dec 2023 03:32:17 GMT",
        "Expires": "-1",
        "Pragma": "no-cache",
        "Request-Context": "appId=cid-v1:e6336c63-aab2-45f0-996a-e5dbab2a1508",
        "Strict-Transport-Security": "max-age=31536000; includeSubDomains",
        "X-Content-Type-Options": "nosniff",
        "x-ms-correlation-request-id": "fe078dee-f243-41ea-aa1e-844caca70143",
        "x-ms-ratelimit-remaining-subscription-reads": "11913",
        "x-ms-request-id": "fe078dee-f243-41ea-aa1e-844caca70143",
        "x-ms-routing-request-id": "SOUTHEASTASIA:20231213T033217Z:fe078dee-f243-41ea-aa1e-844caca70143",
        "X-Powered-By": "ASP.NET"
      },
      "ResponseBody": {
        "properties": {
          "dataExportId": "117ac84c-0059-4747-9f0a-726c202a199c",
          "destination": {
            "resourceId": "/subscriptions/db1ab6f0-4769-4b27-930e-01e2ef9c123c/resourceGroups/OperationalInsightsDataExport-test8937/providers/Microsoft.EventHub/namespaces/exportHub3390",
            "type": "EventHub",
            "metaData": {
              "eventHubName": "exportHub3390"
            }
          },
          "tableNames": [
            "SecurityEvent"
          ],
          "enable": true,
          "createdDate": "2023-12-13T03:30:52.8708487Z",
          "lastModifiedDate": "2023-12-13T03:30:52.8708487Z"
        },
        "location": "eastus",
        "id": "/subscriptions/db1ab6f0-4769-4b27-930e-01e2ef9c123c/resourceGroups/OperationalInsightsDataExport-test8937/providers/Microsoft.OperationalInsights/workspaces/InWorkspace9772/dataexports/OpDataExport2792",
        "name": "OpDataExport2792",
        "type": "Microsoft.OperationalInsights/workspaces/dataexports"
      }
    },
    {
      "RequestUri": "https://management.azure.com/subscriptions/db1ab6f0-4769-4b27-930e-01e2ef9c123c/resourceGroups/OperationalInsightsDataExport-test8937/providers/Microsoft.EventHub/namespaces/exportUpdate7585?api-version=2021-11-01",
      "RequestMethod": "PUT",
      "RequestHeaders": {
        "Accept": "application/json",
        "Authorization": "Sanitized",
        "Content-Length": "73",
        "Content-Type": "application/json",
        "traceparent": "00-bb08e263db3696d49f9a8904d08dbcff-ac0a8a0c5d9e9206-00",
        "User-Agent": "azsdk-net-ResourceManager.EventHubs/1.0.0 (.NET 6.0.25; Microsoft Windows 10.0.22631)",
        "x-ms-client-request-id": "7f4fb57ffca60981dad6158c061c95eb",
        "x-ms-return-client-request-id": "true"
      },
      "RequestBody": {
        "sku": {
          "name": "Standard"
        },
        "tags": {},
        "location": "eastus",
        "properties": {}
      },
      "StatusCode": 200,
      "ResponseHeaders": {
        "Cache-Control": "no-cache",
        "Content-Length": "733",
        "Content-Type": "application/json; charset=utf-8",
        "Date": "Wed, 13 Dec 2023 03:32:21 GMT",
        "Expires": "-1",
        "Pragma": "no-cache",
        "Server": [
          "Service-Bus-Resource-Provider/SN1",
          "Microsoft-HTTPAPI/2.0"
        ],
        "Server-SB": "Service-Bus-Resource-Provider/SN1",
        "Strict-Transport-Security": "max-age=31536000; includeSubDomains",
        "X-Content-Type-Options": "nosniff",
        "x-ms-client-request-id": "7f4fb57ffca60981dad6158c061c95eb",
        "x-ms-correlation-request-id": "339d23de-1639-4cf0-bb88-c176cf7ec0a7",
        "x-ms-ratelimit-remaining-subscription-resource-requests": "47",
        "x-ms-request-id": "f31d5a62-bcad-4b02-a231-55251cee01d3_M10SN1_M10SN1",
        "x-ms-routing-request-id": "SOUTHEASTASIA:20231213T033221Z:339d23de-1639-4cf0-bb88-c176cf7ec0a7"
      },
      "ResponseBody": {
        "sku": {
          "name": "Standard",
          "tier": "Standard",
          "capacity": 1
        },
        "id": "/subscriptions/db1ab6f0-4769-4b27-930e-01e2ef9c123c/resourceGroups/OperationalInsightsDataExport-test8937/providers/Microsoft.EventHub/namespaces/exportUpdate7585",
        "name": "exportUpdate7585",
        "type": "Microsoft.EventHub/Namespaces",
        "location": "East US",
        "tags": {},
        "properties": {
          "disableLocalAuth": false,
          "zoneRedundant": false,
          "isAutoInflateEnabled": false,
          "maximumThroughputUnits": 0,
          "kafkaEnabled": true,
          "provisioningState": "Created",
          "metricId": "db1ab6f0-4769-4b27-930e-01e2ef9c123c:exportupdate7585",
          "createdAt": "2023-12-13T03:32:20.23Z",
          "updatedAt": "2023-12-13T03:32:20.23Z",
          "serviceBusEndpoint": "https://exportUpdate7585.servicebus.windows.net:443/",
          "status": "Activating"
        }
      }
    },
    {
      "RequestUri": "https://management.azure.com/subscriptions/db1ab6f0-4769-4b27-930e-01e2ef9c123c/resourceGroups/OperationalInsightsDataExport-test8937/providers/Microsoft.EventHub/namespaces/exportUpdate7585?api-version=2021-11-01",
      "RequestMethod": "GET",
      "RequestHeaders": {
        "Authorization": "Sanitized",
        "traceparent": "00-bb08e263db3696d49f9a8904d08dbcff-38544bf3be4caf44-00",
        "User-Agent": "azsdk-net-ResourceManager/1.9.0 (.NET 6.0.25; Microsoft Windows 10.0.22631)",
        "x-ms-client-request-id": "4fbc76f6ffd238987380e6bd29fcba54",
        "x-ms-return-client-request-id": "true"
      },
      "RequestBody": null,
      "StatusCode": 200,
      "ResponseHeaders": {
        "Cache-Control": "no-cache",
        "Content-Length": "733",
        "Content-Type": "application/json; charset=utf-8",
        "Date": "Wed, 13 Dec 2023 03:32:21 GMT",
        "Expires": "-1",
        "Pragma": "no-cache",
        "Server": [
          "Service-Bus-Resource-Provider/SN1",
          "Microsoft-HTTPAPI/2.0"
        ],
        "Server-SB": "Service-Bus-Resource-Provider/SN1",
        "Strict-Transport-Security": "max-age=31536000; includeSubDomains",
        "X-Content-Type-Options": "nosniff",
        "x-ms-client-request-id": "4fbc76f6ffd238987380e6bd29fcba54",
        "x-ms-correlation-request-id": "45c8981b-2655-421a-a525-17d4ce9c5428",
        "x-ms-ratelimit-remaining-subscription-reads": "11912",
        "x-ms-request-id": "852c3c5e-6240-4a14-aca6-c5e255c5ceaf_M10SN1_M10SN1",
        "x-ms-routing-request-id": "SOUTHEASTASIA:20231213T033222Z:45c8981b-2655-421a-a525-17d4ce9c5428"
      },
      "ResponseBody": {
        "sku": {
          "name": "Standard",
          "tier": "Standard",
          "capacity": 1
        },
        "id": "/subscriptions/db1ab6f0-4769-4b27-930e-01e2ef9c123c/resourceGroups/OperationalInsightsDataExport-test8937/providers/Microsoft.EventHub/namespaces/exportUpdate7585",
        "name": "exportUpdate7585",
        "type": "Microsoft.EventHub/Namespaces",
        "location": "East US",
        "tags": {},
        "properties": {
          "disableLocalAuth": false,
          "zoneRedundant": false,
          "isAutoInflateEnabled": false,
          "maximumThroughputUnits": 0,
          "kafkaEnabled": true,
          "provisioningState": "Created",
          "metricId": "db1ab6f0-4769-4b27-930e-01e2ef9c123c:exportupdate7585",
          "createdAt": "2023-12-13T03:32:20.23Z",
          "updatedAt": "2023-12-13T03:32:20.23Z",
          "serviceBusEndpoint": "https://exportUpdate7585.servicebus.windows.net:443/",
          "status": "Activating"
        }
      }
    },
    {
      "RequestUri": "https://management.azure.com/subscriptions/db1ab6f0-4769-4b27-930e-01e2ef9c123c/resourceGroups/OperationalInsightsDataExport-test8937/providers/Microsoft.EventHub/namespaces/exportUpdate7585?api-version=2021-11-01",
      "RequestMethod": "GET",
      "RequestHeaders": {
        "Authorization": "Sanitized",
        "traceparent": "00-bb08e263db3696d49f9a8904d08dbcff-bf4c3cac687559ff-00",
        "User-Agent": "azsdk-net-ResourceManager/1.9.0 (.NET 6.0.25; Microsoft Windows 10.0.22631)",
        "x-ms-client-request-id": "ff2989661694622dd62aad2b74d1c32c",
        "x-ms-return-client-request-id": "true"
      },
      "RequestBody": null,
      "StatusCode": 200,
      "ResponseHeaders": {
        "Cache-Control": "no-cache",
        "Content-Length": "733",
        "Content-Type": "application/json; charset=utf-8",
        "Date": "Wed, 13 Dec 2023 03:32:23 GMT",
        "Expires": "-1",
        "Pragma": "no-cache",
        "Server": [
          "Service-Bus-Resource-Provider/SN1",
          "Microsoft-HTTPAPI/2.0"
        ],
        "Server-SB": "Service-Bus-Resource-Provider/SN1",
        "Strict-Transport-Security": "max-age=31536000; includeSubDomains",
        "X-Content-Type-Options": "nosniff",
        "x-ms-client-request-id": "ff2989661694622dd62aad2b74d1c32c",
        "x-ms-correlation-request-id": "5e110902-a142-4153-b927-7fb9cabdb488",
        "x-ms-ratelimit-remaining-subscription-reads": "11911",
        "x-ms-request-id": "fc4d9086-9b0c-4ec6-bdca-f5c7c83d990b_M10SN1_M10SN1",
        "x-ms-routing-request-id": "SOUTHEASTASIA:20231213T033224Z:5e110902-a142-4153-b927-7fb9cabdb488"
      },
      "ResponseBody": {
        "sku": {
          "name": "Standard",
          "tier": "Standard",
          "capacity": 1
        },
        "id": "/subscriptions/db1ab6f0-4769-4b27-930e-01e2ef9c123c/resourceGroups/OperationalInsightsDataExport-test8937/providers/Microsoft.EventHub/namespaces/exportUpdate7585",
        "name": "exportUpdate7585",
        "type": "Microsoft.EventHub/Namespaces",
        "location": "East US",
        "tags": {},
        "properties": {
          "disableLocalAuth": false,
          "zoneRedundant": false,
          "isAutoInflateEnabled": false,
          "maximumThroughputUnits": 0,
          "kafkaEnabled": true,
          "provisioningState": "Created",
          "metricId": "db1ab6f0-4769-4b27-930e-01e2ef9c123c:exportupdate7585",
          "createdAt": "2023-12-13T03:32:20.23Z",
          "updatedAt": "2023-12-13T03:32:20.23Z",
          "serviceBusEndpoint": "https://exportUpdate7585.servicebus.windows.net:443/",
          "status": "Activating"
        }
      }
    },
    {
      "RequestUri": "https://management.azure.com/subscriptions/db1ab6f0-4769-4b27-930e-01e2ef9c123c/resourceGroups/OperationalInsightsDataExport-test8937/providers/Microsoft.EventHub/namespaces/exportUpdate7585?api-version=2021-11-01",
      "RequestMethod": "GET",
      "RequestHeaders": {
        "Authorization": "Sanitized",
        "traceparent": "00-bb08e263db3696d49f9a8904d08dbcff-ff592944b3763496-00",
        "User-Agent": "azsdk-net-ResourceManager/1.9.0 (.NET 6.0.25; Microsoft Windows 10.0.22631)",
        "x-ms-client-request-id": "9095d1bf465f5a19bd5909223520fbd5",
        "x-ms-return-client-request-id": "true"
      },
      "RequestBody": null,
      "StatusCode": 200,
      "ResponseHeaders": {
        "Cache-Control": "no-cache",
        "Content-Length": "733",
        "Content-Type": "application/json; charset=utf-8",
        "Date": "Wed, 13 Dec 2023 03:32:26 GMT",
        "Expires": "-1",
        "Pragma": "no-cache",
        "Server": [
          "Service-Bus-Resource-Provider/SN1",
          "Microsoft-HTTPAPI/2.0"
        ],
        "Server-SB": "Service-Bus-Resource-Provider/SN1",
        "Strict-Transport-Security": "max-age=31536000; includeSubDomains",
        "X-Content-Type-Options": "nosniff",
        "x-ms-client-request-id": "9095d1bf465f5a19bd5909223520fbd5",
        "x-ms-correlation-request-id": "b9401172-c938-4103-8ac4-0d6a9ce05540",
        "x-ms-ratelimit-remaining-subscription-reads": "11910",
        "x-ms-request-id": "e9d733e5-b17c-4d78-8f8b-7f98381653e7_M10SN1_M10SN1",
        "x-ms-routing-request-id": "SOUTHEASTASIA:20231213T033226Z:b9401172-c938-4103-8ac4-0d6a9ce05540"
      },
      "ResponseBody": {
        "sku": {
          "name": "Standard",
          "tier": "Standard",
          "capacity": 1
        },
        "id": "/subscriptions/db1ab6f0-4769-4b27-930e-01e2ef9c123c/resourceGroups/OperationalInsightsDataExport-test8937/providers/Microsoft.EventHub/namespaces/exportUpdate7585",
        "name": "exportUpdate7585",
        "type": "Microsoft.EventHub/Namespaces",
        "location": "East US",
        "tags": {},
        "properties": {
          "disableLocalAuth": false,
          "zoneRedundant": false,
          "isAutoInflateEnabled": false,
          "maximumThroughputUnits": 0,
          "kafkaEnabled": true,
          "provisioningState": "Created",
          "metricId": "db1ab6f0-4769-4b27-930e-01e2ef9c123c:exportupdate7585",
          "createdAt": "2023-12-13T03:32:20.23Z",
          "updatedAt": "2023-12-13T03:32:20.23Z",
          "serviceBusEndpoint": "https://exportUpdate7585.servicebus.windows.net:443/",
          "status": "Activating"
        }
      }
    },
    {
      "RequestUri": "https://management.azure.com/subscriptions/db1ab6f0-4769-4b27-930e-01e2ef9c123c/resourceGroups/OperationalInsightsDataExport-test8937/providers/Microsoft.EventHub/namespaces/exportUpdate7585?api-version=2021-11-01",
      "RequestMethod": "GET",
      "RequestHeaders": {
        "Authorization": "Sanitized",
        "traceparent": "00-bb08e263db3696d49f9a8904d08dbcff-6fe74993f7c76190-00",
        "User-Agent": "azsdk-net-ResourceManager/1.9.0 (.NET 6.0.25; Microsoft Windows 10.0.22631)",
        "x-ms-client-request-id": "bc4933c01884e0b0495978a7526cc4a1",
        "x-ms-return-client-request-id": "true"
      },
      "RequestBody": null,
      "StatusCode": 200,
      "ResponseHeaders": {
        "Cache-Control": "no-cache",
        "Content-Length": "733",
        "Content-Type": "application/json; charset=utf-8",
        "Date": "Wed, 13 Dec 2023 03:32:29 GMT",
        "Expires": "-1",
        "Pragma": "no-cache",
        "Server": [
          "Service-Bus-Resource-Provider/SN1",
          "Microsoft-HTTPAPI/2.0"
        ],
        "Server-SB": "Service-Bus-Resource-Provider/SN1",
        "Strict-Transport-Security": "max-age=31536000; includeSubDomains",
        "X-Content-Type-Options": "nosniff",
        "x-ms-client-request-id": "bc4933c01884e0b0495978a7526cc4a1",
        "x-ms-correlation-request-id": "1a2250c1-3f97-47b1-9904-d0236c50f237",
        "x-ms-ratelimit-remaining-subscription-reads": "11909",
        "x-ms-request-id": "c50832e7-74ee-4ec9-b9b0-e5ca506b9f33_M10SN1_M10SN1",
        "x-ms-routing-request-id": "SOUTHEASTASIA:20231213T033229Z:1a2250c1-3f97-47b1-9904-d0236c50f237"
      },
      "ResponseBody": {
        "sku": {
          "name": "Standard",
          "tier": "Standard",
          "capacity": 1
        },
        "id": "/subscriptions/db1ab6f0-4769-4b27-930e-01e2ef9c123c/resourceGroups/OperationalInsightsDataExport-test8937/providers/Microsoft.EventHub/namespaces/exportUpdate7585",
        "name": "exportUpdate7585",
        "type": "Microsoft.EventHub/Namespaces",
        "location": "East US",
        "tags": {},
        "properties": {
          "disableLocalAuth": false,
          "zoneRedundant": false,
          "isAutoInflateEnabled": false,
          "maximumThroughputUnits": 0,
          "kafkaEnabled": true,
          "provisioningState": "Created",
          "metricId": "db1ab6f0-4769-4b27-930e-01e2ef9c123c:exportupdate7585",
          "createdAt": "2023-12-13T03:32:20.23Z",
          "updatedAt": "2023-12-13T03:32:20.23Z",
          "serviceBusEndpoint": "https://exportUpdate7585.servicebus.windows.net:443/",
          "status": "Activating"
        }
      }
    },
    {
      "RequestUri": "https://management.azure.com/subscriptions/db1ab6f0-4769-4b27-930e-01e2ef9c123c/resourceGroups/OperationalInsightsDataExport-test8937/providers/Microsoft.EventHub/namespaces/exportUpdate7585?api-version=2021-11-01",
      "RequestMethod": "GET",
      "RequestHeaders": {
        "Authorization": "Sanitized",
        "traceparent": "00-bb08e263db3696d49f9a8904d08dbcff-bc4db9f5716068bd-00",
        "User-Agent": "azsdk-net-ResourceManager/1.9.0 (.NET 6.0.25; Microsoft Windows 10.0.22631)",
        "x-ms-client-request-id": "57feb9bc2a661ff470cf413b0c0b2db6",
        "x-ms-return-client-request-id": "true"
      },
      "RequestBody": null,
      "StatusCode": 200,
      "ResponseHeaders": {
        "Cache-Control": "no-cache",
        "Content-Length": "733",
        "Content-Type": "application/json; charset=utf-8",
        "Date": "Wed, 13 Dec 2023 03:32:33 GMT",
        "Expires": "-1",
        "Pragma": "no-cache",
        "Server": [
          "Service-Bus-Resource-Provider/SN1",
          "Microsoft-HTTPAPI/2.0"
        ],
        "Server-SB": "Service-Bus-Resource-Provider/SN1",
        "Strict-Transport-Security": "max-age=31536000; includeSubDomains",
        "X-Content-Type-Options": "nosniff",
        "x-ms-client-request-id": "57feb9bc2a661ff470cf413b0c0b2db6",
        "x-ms-correlation-request-id": "601c5c65-8dd4-4057-bcc7-d6684b82149d",
        "x-ms-ratelimit-remaining-subscription-reads": "11908",
        "x-ms-request-id": "6e4588d7-c541-4ee8-b799-2e315b239a03_M10SN1_M10SN1",
        "x-ms-routing-request-id": "SOUTHEASTASIA:20231213T033233Z:601c5c65-8dd4-4057-bcc7-d6684b82149d"
      },
      "ResponseBody": {
        "sku": {
          "name": "Standard",
          "tier": "Standard",
          "capacity": 1
        },
        "id": "/subscriptions/db1ab6f0-4769-4b27-930e-01e2ef9c123c/resourceGroups/OperationalInsightsDataExport-test8937/providers/Microsoft.EventHub/namespaces/exportUpdate7585",
        "name": "exportUpdate7585",
        "type": "Microsoft.EventHub/Namespaces",
        "location": "East US",
        "tags": {},
        "properties": {
          "disableLocalAuth": false,
          "zoneRedundant": false,
          "isAutoInflateEnabled": false,
          "maximumThroughputUnits": 0,
          "kafkaEnabled": true,
          "provisioningState": "Created",
          "metricId": "db1ab6f0-4769-4b27-930e-01e2ef9c123c:exportupdate7585",
          "createdAt": "2023-12-13T03:32:20.23Z",
          "updatedAt": "2023-12-13T03:32:20.23Z",
          "serviceBusEndpoint": "https://exportUpdate7585.servicebus.windows.net:443/",
          "status": "Activating"
        }
      }
    },
    {
      "RequestUri": "https://management.azure.com/subscriptions/db1ab6f0-4769-4b27-930e-01e2ef9c123c/resourceGroups/OperationalInsightsDataExport-test8937/providers/Microsoft.EventHub/namespaces/exportUpdate7585?api-version=2021-11-01",
      "RequestMethod": "GET",
      "RequestHeaders": {
        "Authorization": "Sanitized",
        "traceparent": "00-bb08e263db3696d49f9a8904d08dbcff-0416a281cec4904c-00",
        "User-Agent": "azsdk-net-ResourceManager/1.9.0 (.NET 6.0.25; Microsoft Windows 10.0.22631)",
        "x-ms-client-request-id": "416bd82f0687a6a821b54606ce710750",
        "x-ms-return-client-request-id": "true"
      },
      "RequestBody": null,
      "StatusCode": 200,
      "ResponseHeaders": {
        "Cache-Control": "no-cache",
        "Content-Length": "733",
        "Content-Type": "application/json; charset=utf-8",
        "Date": "Wed, 13 Dec 2023 03:32:38 GMT",
        "Expires": "-1",
        "Pragma": "no-cache",
        "Server": [
          "Service-Bus-Resource-Provider/SN1",
          "Microsoft-HTTPAPI/2.0"
        ],
        "Server-SB": "Service-Bus-Resource-Provider/SN1",
        "Strict-Transport-Security": "max-age=31536000; includeSubDomains",
        "X-Content-Type-Options": "nosniff",
        "x-ms-client-request-id": "416bd82f0687a6a821b54606ce710750",
        "x-ms-correlation-request-id": "9a598ce6-05c6-4406-a3ca-daa565519dda",
        "x-ms-ratelimit-remaining-subscription-reads": "11907",
        "x-ms-request-id": "c205e7cf-b032-4d45-95d7-77dbb8aa350d_M10SN1_M10SN1",
        "x-ms-routing-request-id": "SOUTHEASTASIA:20231213T033239Z:9a598ce6-05c6-4406-a3ca-daa565519dda"
      },
      "ResponseBody": {
        "sku": {
          "name": "Standard",
          "tier": "Standard",
          "capacity": 1
        },
        "id": "/subscriptions/db1ab6f0-4769-4b27-930e-01e2ef9c123c/resourceGroups/OperationalInsightsDataExport-test8937/providers/Microsoft.EventHub/namespaces/exportUpdate7585",
        "name": "exportUpdate7585",
        "type": "Microsoft.EventHub/Namespaces",
        "location": "East US",
        "tags": {},
        "properties": {
          "disableLocalAuth": false,
          "zoneRedundant": false,
          "isAutoInflateEnabled": false,
          "maximumThroughputUnits": 0,
          "kafkaEnabled": true,
          "provisioningState": "Created",
          "metricId": "db1ab6f0-4769-4b27-930e-01e2ef9c123c:exportupdate7585",
          "createdAt": "2023-12-13T03:32:20.23Z",
          "updatedAt": "2023-12-13T03:32:20.23Z",
          "serviceBusEndpoint": "https://exportUpdate7585.servicebus.windows.net:443/",
          "status": "Activating"
        }
      }
    },
    {
      "RequestUri": "https://management.azure.com/subscriptions/db1ab6f0-4769-4b27-930e-01e2ef9c123c/resourceGroups/OperationalInsightsDataExport-test8937/providers/Microsoft.EventHub/namespaces/exportUpdate7585?api-version=2021-11-01",
      "RequestMethod": "GET",
      "RequestHeaders": {
        "Authorization": "Sanitized",
        "traceparent": "00-bb08e263db3696d49f9a8904d08dbcff-94615921e0cc08c2-00",
        "User-Agent": "azsdk-net-ResourceManager/1.9.0 (.NET 6.0.25; Microsoft Windows 10.0.22631)",
        "x-ms-client-request-id": "7b656894a321956e3e294cb4d675d33d",
        "x-ms-return-client-request-id": "true"
      },
      "RequestBody": null,
      "StatusCode": 200,
      "ResponseHeaders": {
        "Cache-Control": "no-cache",
        "Content-Length": "733",
        "Content-Type": "application/json; charset=utf-8",
        "Date": "Wed, 13 Dec 2023 03:32:48 GMT",
        "Expires": "-1",
        "Pragma": "no-cache",
        "Server": [
          "Service-Bus-Resource-Provider/SN1",
          "Microsoft-HTTPAPI/2.0"
        ],
        "Server-SB": "Service-Bus-Resource-Provider/SN1",
        "Strict-Transport-Security": "max-age=31536000; includeSubDomains",
        "X-Content-Type-Options": "nosniff",
        "x-ms-client-request-id": "7b656894a321956e3e294cb4d675d33d",
        "x-ms-correlation-request-id": "103d6b4e-d7f8-4dd1-9707-f2b854378974",
        "x-ms-ratelimit-remaining-subscription-reads": "11906",
        "x-ms-request-id": "ee3ada73-a4c9-49bd-882c-0da86602938a_M10SN1_M10SN1",
        "x-ms-routing-request-id": "SOUTHEASTASIA:20231213T033248Z:103d6b4e-d7f8-4dd1-9707-f2b854378974"
      },
      "ResponseBody": {
        "sku": {
          "name": "Standard",
          "tier": "Standard",
          "capacity": 1
        },
        "id": "/subscriptions/db1ab6f0-4769-4b27-930e-01e2ef9c123c/resourceGroups/OperationalInsightsDataExport-test8937/providers/Microsoft.EventHub/namespaces/exportUpdate7585",
        "name": "exportUpdate7585",
        "type": "Microsoft.EventHub/Namespaces",
        "location": "East US",
        "tags": {},
        "properties": {
          "disableLocalAuth": false,
          "zoneRedundant": false,
          "isAutoInflateEnabled": false,
          "maximumThroughputUnits": 0,
          "kafkaEnabled": true,
          "provisioningState": "Created",
          "metricId": "db1ab6f0-4769-4b27-930e-01e2ef9c123c:exportupdate7585",
          "createdAt": "2023-12-13T03:32:20.23Z",
          "updatedAt": "2023-12-13T03:32:20.23Z",
          "serviceBusEndpoint": "https://exportUpdate7585.servicebus.windows.net:443/",
          "status": "Activating"
        }
      }
    },
    {
      "RequestUri": "https://management.azure.com/subscriptions/db1ab6f0-4769-4b27-930e-01e2ef9c123c/resourceGroups/OperationalInsightsDataExport-test8937/providers/Microsoft.EventHub/namespaces/exportUpdate7585?api-version=2021-11-01",
      "RequestMethod": "GET",
      "RequestHeaders": {
        "Authorization": "Sanitized",
        "traceparent": "00-bb08e263db3696d49f9a8904d08dbcff-3af2899d88c68b75-00",
        "User-Agent": "azsdk-net-ResourceManager/1.9.0 (.NET 6.0.25; Microsoft Windows 10.0.22631)",
        "x-ms-client-request-id": "7978c12c8300b519115835b1e4ee50fe",
        "x-ms-return-client-request-id": "true"
      },
      "RequestBody": null,
      "StatusCode": 200,
      "ResponseHeaders": {
        "Cache-Control": "no-cache",
        "Content-Length": "733",
        "Content-Type": "application/json; charset=utf-8",
        "Date": "Wed, 13 Dec 2023 03:33:04 GMT",
        "Expires": "-1",
        "Pragma": "no-cache",
        "Server": [
          "Service-Bus-Resource-Provider/SN1",
          "Microsoft-HTTPAPI/2.0"
        ],
        "Server-SB": "Service-Bus-Resource-Provider/SN1",
        "Strict-Transport-Security": "max-age=31536000; includeSubDomains",
        "X-Content-Type-Options": "nosniff",
        "x-ms-client-request-id": "7978c12c8300b519115835b1e4ee50fe",
        "x-ms-correlation-request-id": "9331f55c-9530-42ce-9a79-2b16e1dbe887",
        "x-ms-ratelimit-remaining-subscription-reads": "11905",
        "x-ms-request-id": "1c7bbe2d-4733-4838-8d3e-0566caac89d7_M10SN1_M10SN1",
        "x-ms-routing-request-id": "SOUTHEASTASIA:20231213T033305Z:9331f55c-9530-42ce-9a79-2b16e1dbe887"
      },
      "ResponseBody": {
        "sku": {
          "name": "Standard",
          "tier": "Standard",
          "capacity": 1
        },
        "id": "/subscriptions/db1ab6f0-4769-4b27-930e-01e2ef9c123c/resourceGroups/OperationalInsightsDataExport-test8937/providers/Microsoft.EventHub/namespaces/exportUpdate7585",
        "name": "exportUpdate7585",
        "type": "Microsoft.EventHub/Namespaces",
        "location": "East US",
        "tags": {},
        "properties": {
          "disableLocalAuth": false,
          "zoneRedundant": false,
          "isAutoInflateEnabled": false,
          "maximumThroughputUnits": 0,
          "kafkaEnabled": true,
          "provisioningState": "Created",
          "metricId": "db1ab6f0-4769-4b27-930e-01e2ef9c123c:exportupdate7585",
          "createdAt": "2023-12-13T03:32:20.23Z",
          "updatedAt": "2023-12-13T03:32:20.23Z",
          "serviceBusEndpoint": "https://exportUpdate7585.servicebus.windows.net:443/",
          "status": "Activating"
        }
      }
    },
    {
      "RequestUri": "https://management.azure.com/subscriptions/db1ab6f0-4769-4b27-930e-01e2ef9c123c/resourceGroups/OperationalInsightsDataExport-test8937/providers/Microsoft.EventHub/namespaces/exportUpdate7585?api-version=2021-11-01",
      "RequestMethod": "GET",
      "RequestHeaders": {
        "Authorization": "Sanitized",
        "traceparent": "00-bb08e263db3696d49f9a8904d08dbcff-c8114f7d10ee6245-00",
        "User-Agent": "azsdk-net-ResourceManager/1.9.0 (.NET 6.0.25; Microsoft Windows 10.0.22631)",
        "x-ms-client-request-id": "a4a6f1c7b1a68b9569d6025eb9f4d0ac",
        "x-ms-return-client-request-id": "true"
      },
      "RequestBody": null,
      "StatusCode": 200,
      "ResponseHeaders": {
        "Cache-Control": "no-cache",
        "Content-Length": "732",
        "Content-Type": "application/json; charset=utf-8",
        "Date": "Wed, 13 Dec 2023 03:33:39 GMT",
        "Expires": "-1",
        "Pragma": "no-cache",
        "Server": [
          "Service-Bus-Resource-Provider/SN1",
          "Microsoft-HTTPAPI/2.0"
        ],
        "Server-SB": "Service-Bus-Resource-Provider/SN1",
        "Strict-Transport-Security": "max-age=31536000; includeSubDomains",
        "X-Content-Type-Options": "nosniff",
        "x-ms-client-request-id": "a4a6f1c7b1a68b9569d6025eb9f4d0ac",
        "x-ms-correlation-request-id": "c6478865-b2ee-42cb-8f9f-7dec88f50997",
        "x-ms-ratelimit-remaining-subscription-reads": "11904",
        "x-ms-request-id": "e5ecbcfb-0cdb-4136-99ec-309a7f5eab59_M10SN1_M10SN1",
        "x-ms-routing-request-id": "SOUTHEASTASIA:20231213T033339Z:c6478865-b2ee-42cb-8f9f-7dec88f50997"
      },
      "ResponseBody": {
        "sku": {
          "name": "Standard",
          "tier": "Standard",
          "capacity": 1
        },
        "id": "/subscriptions/db1ab6f0-4769-4b27-930e-01e2ef9c123c/resourceGroups/OperationalInsightsDataExport-test8937/providers/Microsoft.EventHub/namespaces/exportUpdate7585",
        "name": "exportUpdate7585",
        "type": "Microsoft.EventHub/Namespaces",
        "location": "East US",
        "tags": {},
        "properties": {
          "disableLocalAuth": false,
          "zoneRedundant": false,
          "isAutoInflateEnabled": false,
          "maximumThroughputUnits": 0,
          "kafkaEnabled": true,
          "provisioningState": "Succeeded",
          "metricId": "db1ab6f0-4769-4b27-930e-01e2ef9c123c:exportupdate7585",
          "createdAt": "2023-12-13T03:32:20.23Z",
          "updatedAt": "2023-12-13T03:33:08.467Z",
          "serviceBusEndpoint": "https://exportUpdate7585.servicebus.windows.net:443/",
          "status": "Active"
        }
      }
    },
    {
      "RequestUri": "https://management.azure.com/subscriptions/db1ab6f0-4769-4b27-930e-01e2ef9c123c/resourcegroups/OperationalInsightsDataExport-test8937/providers/Microsoft.OperationalInsights/workspaces/InWorkspace9772/dataExports/OpDataExport2792?api-version=2020-08-01",
      "RequestMethod": "PUT",
      "RequestHeaders": {
        "Accept": "application/json",
        "Authorization": "Sanitized",
        "Content-Length": "285",
        "Content-Type": "application/json",
        "traceparent": "00-662bba924e85c731a3e5c5cc9608ad4a-2c98607bc372671f-00",
        "User-Agent": "azsdk-net-ResourceManager.OperationalInsights/1.3.0-alpha.20231213.1 (.NET 6.0.25; Microsoft Windows 10.0.22631)",
        "x-ms-client-request-id": "0dda08e28df911504eaf6ac96dbdb04f",
        "x-ms-return-client-request-id": "true"
      },
      "RequestBody": {
        "properties": {
          "tableNames": [
            "UpdateTest"
          ],
          "destination": {
            "resourceId": "/subscriptions/db1ab6f0-4769-4b27-930e-01e2ef9c123c/resourceGroups/OperationalInsightsDataExport-test8937/providers/Microsoft.EventHub/namespaces/exportUpdate7585",
            "metaData": {
              "eventHubName": "exportUpdate7585"
            }
          }
        }
      },
      "StatusCode": 200,
      "ResponseHeaders": {
        "Access-Control-Allow-Origin": "*",
        "api-supported-versions": "2020-08-01",
        "Cache-Control": "no-cache",
        "Content-Length": "783",
        "Content-Type": "application/json; charset=utf-8",
        "Date": "Wed, 13 Dec 2023 03:33:41 GMT",
        "Expires": "-1",
        "Pragma": "no-cache",
        "Request-Context": "appId=cid-v1:e6336c63-aab2-45f0-996a-e5dbab2a1508",
        "Strict-Transport-Security": "max-age=31536000; includeSubDomains",
        "X-Content-Type-Options": "nosniff",
        "x-ms-correlation-request-id": "b0bdceca-bab7-4ef2-89ab-00ff4b9fb1cb",
        "x-ms-ratelimit-remaining-subscription-writes": "1171",
        "x-ms-request-id": "b0bdceca-bab7-4ef2-89ab-00ff4b9fb1cb",
        "x-ms-routing-request-id": "SOUTHEASTASIA:20231213T033342Z:b0bdceca-bab7-4ef2-89ab-00ff4b9fb1cb",
        "X-Powered-By": "ASP.NET"
      },
      "ResponseBody": {
        "properties": {
          "dataExportId": "117ac84c-0059-4747-9f0a-726c202a199c",
          "destination": {
            "resourceId": "/subscriptions/db1ab6f0-4769-4b27-930e-01e2ef9c123c/resourceGroups/OperationalInsightsDataExport-test8937/providers/Microsoft.EventHub/namespaces/exportUpdate7585",
            "type": "EventHub",
            "metaData": {
              "eventHubName": "exportUpdate7585"
            }
          },
          "tableNames": [
            "UpdateTest"
          ],
          "enable": true,
          "createdDate": "2023-12-13T03:30:52.8708487Z",
          "lastModifiedDate": "2023-12-13T03:33:42.0213826Z"
        },
        "location": "eastus",
        "id": "/subscriptions/db1ab6f0-4769-4b27-930e-01e2ef9c123c/resourceGroups/OperationalInsightsDataExport-test8937/providers/Microsoft.OperationalInsights/workspaces/InWorkspace9772/dataexports/OpDataExport2792",
        "name": "OpDataExport2792",
        "type": "Microsoft.OperationalInsights/workspaces/dataexports"
      }
    },
    {
      "RequestUri": "https://management.azure.com/subscriptions/db1ab6f0-4769-4b27-930e-01e2ef9c123c/resourcegroups/OperationalInsightsDataExport-test8937/providers/Microsoft.OperationalInsights/workspaces/InWorkspace9772/dataExports/OpDataExport2792?api-version=2020-08-01",
      "RequestMethod": "DELETE",
      "RequestHeaders": {
        "Accept": "application/json",
        "Authorization": "Sanitized",
        "traceparent": "00-a9c8a2b6bbabd38e9ac543c0dd2c7abb-4ecd832e62c25d48-00",
        "User-Agent": "azsdk-net-ResourceManager.OperationalInsights/1.3.0-alpha.20231213.1 (.NET 6.0.25; Microsoft Windows 10.0.22631)",
        "x-ms-client-request-id": "e5ed4ed92ece7a972bec102980bbfc1c",
        "x-ms-return-client-request-id": "true"
      },
      "RequestBody": null,
      "StatusCode": 200,
      "ResponseHeaders": {
        "Access-Control-Allow-Origin": "*",
        "api-supported-versions": "2020-08-01",
        "Cache-Control": "no-cache",
        "Content-Length": "0",
        "Date": "Wed, 13 Dec 2023 03:33:42 GMT",
        "Expires": "-1",
        "Pragma": "no-cache",
        "Request-Context": "appId=cid-v1:e6336c63-aab2-45f0-996a-e5dbab2a1508",
        "Strict-Transport-Security": "max-age=31536000; includeSubDomains",
        "X-Content-Type-Options": "nosniff",
        "x-ms-correlation-request-id": "6b610e75-3d24-4a0f-8ca0-ecf21001b10f",
        "x-ms-ratelimit-remaining-subscription-deletes": "14982",
        "x-ms-request-id": "6b610e75-3d24-4a0f-8ca0-ecf21001b10f",
        "x-ms-routing-request-id": "SOUTHEASTASIA:20231213T033342Z:6b610e75-3d24-4a0f-8ca0-ecf21001b10f",
        "X-Powered-By": "ASP.NET"
      },
      "ResponseBody": null
    },
    {
      "RequestUri": "https://management.azure.com/subscriptions/db1ab6f0-4769-4b27-930e-01e2ef9c123c/resourcegroups/OperationalInsightsDataExport-test8937/providers/Microsoft.OperationalInsights/workspaces/InWorkspace9772/dataExports/OpDataExport2792?api-version=2020-08-01",
      "RequestMethod": "GET",
      "RequestHeaders": {
        "Accept": "application/json",
        "Authorization": "Sanitized",
        "traceparent": "00-1e7bb8372c86d21a76afbeab2faa825c-d51192ae7a5f2f10-00",
        "User-Agent": "azsdk-net-ResourceManager.OperationalInsights/1.3.0-alpha.20231213.1 (.NET 6.0.25; Microsoft Windows 10.0.22631)",
        "x-ms-client-request-id": "dbcf898743143905a09555f646cc1eab",
        "x-ms-return-client-request-id": "true"
      },
      "RequestBody": null,
      "StatusCode": 404,
      "ResponseHeaders": {
        "Access-Control-Allow-Origin": "*",
        "api-supported-versions": "2020-08-01",
        "Cache-Control": "no-cache",
        "Content-Length": "0",
        "Date": "Wed, 13 Dec 2023 03:33:50 GMT",
        "Expires": "-1",
        "Pragma": "no-cache",
        "Request-Context": "appId=cid-v1:e6336c63-aab2-45f0-996a-e5dbab2a1508",
        "Strict-Transport-Security": "max-age=31536000; includeSubDomains",
        "X-Content-Type-Options": "nosniff",
        "x-ms-correlation-request-id": "cdf936ce-8a27-4351-a629-683f680c9be2",
        "x-ms-ratelimit-remaining-subscription-reads": "11903",
        "x-ms-request-id": "cdf936ce-8a27-4351-a629-683f680c9be2",
        "x-ms-routing-request-id": "SOUTHEASTASIA:20231213T033350Z:cdf936ce-8a27-4351-a629-683f680c9be2",
        "X-Powered-By": "ASP.NET"
      },
      "ResponseBody": null
    },
    {
      "RequestUri": "https://management.azure.com/subscriptions/db1ab6f0-4769-4b27-930e-01e2ef9c123c/resourcegroups/OperationalInsightsDataExport-test8937/providers/Microsoft.OperationalInsights/workspaces/InWorkspace9772?api-version=2022-10-01",
      "RequestMethod": "DELETE",
      "RequestHeaders": {
        "Accept": "application/json",
        "Authorization": "Sanitized",
        "traceparent": "00-ff14c46c1b4ddb29cb9a44b37eb98d91-ae4f126e36140106-00",
        "User-Agent": "azsdk-net-ResourceManager.OperationalInsights/1.3.0-alpha.20231213.1 (.NET 6.0.25; Microsoft Windows 10.0.22631)",
        "x-ms-client-request-id": "6b85b226eb06b3dd705fe10c7d269093",
        "x-ms-return-client-request-id": "true"
      },
      "RequestBody": null,
      "StatusCode": 200,
      "ResponseHeaders": {
        "Access-Control-Allow-Origin": "*",
        "api-supported-versions": "2015-03-20, 2020-08-01, 2020-10-01, 2021-06-01, 2022-10-01, 2023-09-01",
        "Cache-Control": "no-cache",
        "Content-Length": "0",
        "Date": "Wed, 13 Dec 2023 03:33:56 GMT",
        "Expires": "-1",
        "Pragma": "no-cache",
        "Request-Context": "appId=cid-v1:e6336c63-aab2-45f0-996a-e5dbab2a1508",
        "Strict-Transport-Security": "max-age=31536000; includeSubDomains",
        "X-Content-Type-Options": "nosniff",
        "x-ms-correlation-request-id": "3f711b86-b7c9-4c6a-9b13-ed5fb4978441",
        "x-ms-ratelimit-remaining-subscription-deletes": "14981",
        "x-ms-request-id": "3f711b86-b7c9-4c6a-9b13-ed5fb4978441",
        "x-ms-routing-request-id": "SOUTHEASTASIA:20231213T033356Z:3f711b86-b7c9-4c6a-9b13-ed5fb4978441",
        "X-Powered-By": "ASP.NET"
      },
      "ResponseBody": null
    },
    {
      "RequestUri": "https://management.azure.com/subscriptions/db1ab6f0-4769-4b27-930e-01e2ef9c123c/resourcegroups/OperationalInsightsDataExport-test8937?api-version=2022-09-01",
      "RequestMethod": "DELETE",
      "RequestHeaders": {
        "Accept": "application/json",
        "Authorization": "Sanitized",
        "traceparent": "00-b067008582c2bfda6828740b217777ab-6e73f8805f80f0f7-00",
        "User-Agent": "azsdk-net-ResourceManager/1.9.0 (.NET 6.0.25; Microsoft Windows 10.0.22631)",
        "x-ms-client-request-id": "ce0364ce90369b15ab1c6ab461f9bc79",
        "x-ms-return-client-request-id": "true"
      },
      "RequestBody": null,
      "StatusCode": 202,
      "ResponseHeaders": {
        "Cache-Control": "no-cache",
        "Content-Length": "0",
        "Date": "Wed, 13 Dec 2023 03:33:58 GMT",
        "Expires": "-1",
        "Location": "https://management.azure.com/subscriptions/db1ab6f0-4769-4b27-930e-01e2ef9c123c/operationresults/eyJqb2JJZCI6IlJFU09VUkNFR1JPVVBERUxFVElPTkpPQi1PUEVSQVRJT05BTElOU0lHSFRTREFUQUVYUE9SVDoyRFRFU1Q4OTM3LUVBU1RVUyIsImpvYkxvY2F0aW9uIjoiZWFzdHVzIn0?api-version=2022-09-01\u0026t=638380352394808057\u0026c=MIIHHjCCBgagAwIBAgITOgI9LlF5jGEEQe1CmgAEAj0uUTANBgkqhkiG9w0BAQsFADBEMRMwEQYKCZImiZPyLGQBGRYDR0JMMRMwEQYKCZImiZPyLGQBGRYDQU1FMRgwFgYDVQQDEw9BTUUgSU5GUkEgQ0EgMDEwHhcNMjMxMTAxMjE0OTQ5WhcNMjQxMDI2MjE0OTQ5WjBAMT4wPAYDVQQDEzVhc3luY29wZXJhdGlvbnNpZ25pbmdjZXJ0aWZpY2F0ZS5tYW5hZ2VtZW50LmF6dXJlLmNvbTCCASIwDQYJKoZIhvcNAQEBBQADggEPADCCAQoCggEBAMKt_zl2yRFDxIUmqoEA-B7WoRkSqscgwk6CGqDbwEVJS3oTI4Gk-ukQ6El3GQJVthiuwZGw4jwvTDyVWC8mQH2Zni6X1ocTXrNNa6VFJnvzeEn-HpmPATuII8AWtdtUnBvGZGAwgspvH8iZZCiHDowHCWhjVsU6_ipCsmzQeH3oRJI4AwUS_nCVA7U9WPdgIyQp6v5QPzcYCO_zIbNW4y_Cc3phfPEQvPvtSKhuijt68F5WlUY6Ps23ksosYG5VTx7z6skGG9arA5UKUzbbEO8lxzda3OFPZdG7OHe8-VMXxJjtSanZSSbdLgYBRB9m9PGr6voKtML9W5rEukE-lEUCAwEAAaOCBAswggQHMCcGCSsGAQQBgjcVCgQaMBgwCgYIKwYBBQUHAwEwCgYIKwYBBQUHAwIwPQYJKwYBBAGCNxUHBDAwLgYmKwYBBAGCNxUIhpDjDYTVtHiE8Ys-hZvdFs6dEoFggvX2K4Py0SACAWQCAQowggHaBggrBgEFBQcBAQSCAcwwggHIMGYGCCsGAQUFBzAChlpodHRwOi8vY3JsLm1pY3Jvc29mdC5jb20vcGtpaW5mcmEvQ2VydHMvQlkyUEtJSU5UQ0EwMS5BTUUuR0JMX0FNRSUyMElORlJBJTIwQ0ElMjAwMSg0KS5jcnQwVgYIKwYBBQUHMAKGSmh0dHA6Ly9jcmwxLmFtZS5nYmwvYWlhL0JZMlBLSUlOVENBMDEuQU1FLkdCTF9BTUUlMjBJTkZSQSUyMENBJTIwMDEoNCkuY3J0MFYGCCsGAQUFBzAChkpodHRwOi8vY3JsMi5hbWUuZ2JsL2FpYS9CWTJQS0lJTlRDQTAxLkFNRS5HQkxfQU1FJTIwSU5GUkElMjBDQSUyMDAxKDQpLmNydDBWBggrBgEFBQcwAoZKaHR0cDovL2NybDMuYW1lLmdibC9haWEvQlkyUEtJSU5UQ0EwMS5BTUUuR0JMX0FNRSUyMElORlJBJTIwQ0ElMjAwMSg0KS5jcnQwVgYIKwYBBQUHMAKGSmh0dHA6Ly9jcmw0LmFtZS5nYmwvYWlhL0JZMlBLSUlOVENBMDEuQU1FLkdCTF9BTUUlMjBJTkZSQSUyMENBJTIwMDEoNCkuY3J0MB0GA1UdDgQWBBRYUmiD-EjeFFNZByiKICN9p1JofzAOBgNVHQ8BAf8EBAMCBaAwggE1BgNVHR8EggEsMIIBKDCCASSgggEgoIIBHIZCaHR0cDovL2NybC5taWNyb3NvZnQuY29tL3BraWluZnJhL0NSTC9BTUUlMjBJTkZSQSUyMENBJTIwMDEoNCkuY3JshjRodHRwOi8vY3JsMS5hbWUuZ2JsL2NybC9BTUUlMjBJTkZSQSUyMENBJTIwMDEoNCkuY3JshjRodHRwOi8vY3JsMi5hbWUuZ2JsL2NybC9BTUUlMjBJTkZSQSUyMENBJTIwMDEoNCkuY3JshjRodHRwOi8vY3JsMy5hbWUuZ2JsL2NybC9BTUUlMjBJTkZSQSUyMENBJTIwMDEoNCkuY3JshjRodHRwOi8vY3JsNC5hbWUuZ2JsL2NybC9BTUUlMjBJTkZSQSUyMENBJTIwMDEoNCkuY3JsMBcGA1UdIAQQMA4wDAYKKwYBBAGCN3sBATAfBgNVHSMEGDAWgBTl2Ztn_PjsurvwwKidileIud8-YzAdBgNVHSUEFjAUBggrBgEFBQcDAQYIKwYBBQUHAwIwDQYJKoZIhvcNAQELBQADggEBAKRwStAdrsy7tgEfmtXPZXIwgdXOYwSx2Kqzlhq8b6Ptid4V3vhJvDV0WLS7d72KIMUwZiBnfPHhMmsdkLOSpNSZYC23g3QJSBWvoS86Rpkeru5bEyQmv1gucF_MyaFaUXUd4b7xnvCkv-BBNO8m1lvFAowB2odz9esggf82yeOVBx0yEK_NNOK4l36XvRjvIqemSLZOSi1wow_wn_ovhAEPpSSN7UTahPtz7J12vhP1LuZ4Rvn_hNx48ncw445nMBnMVmcuuakaKDC6_sAcs5lg9jq2yHSaIHRw4xcoS5XwvIykGPMUyAD-dXWFih_XFOKh7ea50hObFhghf3Dtvlo\u0026s=cKwCi8N_UTpjoA9xWi1nJ_XeKWNFEswOQW4E3OPPP80TbQTuwk43Zd9kYEGNzulyreGZP0lXwjtsF8OGXs5DfGc9CqMw7e1bwlIrELKEdYccJzvNkVssvkNgyuqkVXE7q3ha1LrqD6uTktDmk__R7GfpYAM-124b0KImy7dxy1HdNWE5FAeLfgO2B5I5hdrhfPc0RgHhOXLdofrH1Q0U91pu2RNG-x2WnAMMsE_0pVnRcrCZSKT4YsaqIMKDfhS1JvK3Uf2CCg2XzzDfzMsfQ4Gqaa55PJOusMo3xrXW0sNrNxZ2fpwVtdta6hja71O4joiTA92R_QHPcSmhUbMCRA\u0026h=2C94P120uW2Sye9Epc48j0WNYiywj6AtdrCIilt64Es",
        "Pragma": "no-cache",
        "Retry-After": "15",
        "Strict-Transport-Security": "max-age=31536000; includeSubDomains",
        "X-Content-Type-Options": "nosniff",
        "x-ms-correlation-request-id": "83f1d2e0-c706-43bb-9125-f582a9cbb3bf",
        "x-ms-ratelimit-remaining-subscription-deletes": "14980",
        "x-ms-request-id": "83f1d2e0-c706-43bb-9125-f582a9cbb3bf",
        "x-ms-routing-request-id": "SOUTHEASTASIA:20231213T033359Z:83f1d2e0-c706-43bb-9125-f582a9cbb3bf"
      },
      "ResponseBody": null
    },
    {
      "RequestUri": "https://management.azure.com/subscriptions/db1ab6f0-4769-4b27-930e-01e2ef9c123c/operationresults/eyJqb2JJZCI6IlJFU09VUkNFR1JPVVBERUxFVElPTkpPQi1PUEVSQVRJT05BTElOU0lHSFRTREFUQUVYUE9SVDoyRFRFU1Q4OTM3LUVBU1RVUyIsImpvYkxvY2F0aW9uIjoiZWFzdHVzIn0?api-version=2022-09-01\u0026t=638380352394808057\u0026c=MIIHHjCCBgagAwIBAgITOgI9LlF5jGEEQe1CmgAEAj0uUTANBgkqhkiG9w0BAQsFADBEMRMwEQYKCZImiZPyLGQBGRYDR0JMMRMwEQYKCZImiZPyLGQBGRYDQU1FMRgwFgYDVQQDEw9BTUUgSU5GUkEgQ0EgMDEwHhcNMjMxMTAxMjE0OTQ5WhcNMjQxMDI2MjE0OTQ5WjBAMT4wPAYDVQQDEzVhc3luY29wZXJhdGlvbnNpZ25pbmdjZXJ0aWZpY2F0ZS5tYW5hZ2VtZW50LmF6dXJlLmNvbTCCASIwDQYJKoZIhvcNAQEBBQADggEPADCCAQoCggEBAMKt_zl2yRFDxIUmqoEA-B7WoRkSqscgwk6CGqDbwEVJS3oTI4Gk-ukQ6El3GQJVthiuwZGw4jwvTDyVWC8mQH2Zni6X1ocTXrNNa6VFJnvzeEn-HpmPATuII8AWtdtUnBvGZGAwgspvH8iZZCiHDowHCWhjVsU6_ipCsmzQeH3oRJI4AwUS_nCVA7U9WPdgIyQp6v5QPzcYCO_zIbNW4y_Cc3phfPEQvPvtSKhuijt68F5WlUY6Ps23ksosYG5VTx7z6skGG9arA5UKUzbbEO8lxzda3OFPZdG7OHe8-VMXxJjtSanZSSbdLgYBRB9m9PGr6voKtML9W5rEukE-lEUCAwEAAaOCBAswggQHMCcGCSsGAQQBgjcVCgQaMBgwCgYIKwYBBQUHAwEwCgYIKwYBBQUHAwIwPQYJKwYBBAGCNxUHBDAwLgYmKwYBBAGCNxUIhpDjDYTVtHiE8Ys-hZvdFs6dEoFggvX2K4Py0SACAWQCAQowggHaBggrBgEFBQcBAQSCAcwwggHIMGYGCCsGAQUFBzAChlpodHRwOi8vY3JsLm1pY3Jvc29mdC5jb20vcGtpaW5mcmEvQ2VydHMvQlkyUEtJSU5UQ0EwMS5BTUUuR0JMX0FNRSUyMElORlJBJTIwQ0ElMjAwMSg0KS5jcnQwVgYIKwYBBQUHMAKGSmh0dHA6Ly9jcmwxLmFtZS5nYmwvYWlhL0JZMlBLSUlOVENBMDEuQU1FLkdCTF9BTUUlMjBJTkZSQSUyMENBJTIwMDEoNCkuY3J0MFYGCCsGAQUFBzAChkpodHRwOi8vY3JsMi5hbWUuZ2JsL2FpYS9CWTJQS0lJTlRDQTAxLkFNRS5HQkxfQU1FJTIwSU5GUkElMjBDQSUyMDAxKDQpLmNydDBWBggrBgEFBQcwAoZKaHR0cDovL2NybDMuYW1lLmdibC9haWEvQlkyUEtJSU5UQ0EwMS5BTUUuR0JMX0FNRSUyMElORlJBJTIwQ0ElMjAwMSg0KS5jcnQwVgYIKwYBBQUHMAKGSmh0dHA6Ly9jcmw0LmFtZS5nYmwvYWlhL0JZMlBLSUlOVENBMDEuQU1FLkdCTF9BTUUlMjBJTkZSQSUyMENBJTIwMDEoNCkuY3J0MB0GA1UdDgQWBBRYUmiD-EjeFFNZByiKICN9p1JofzAOBgNVHQ8BAf8EBAMCBaAwggE1BgNVHR8EggEsMIIBKDCCASSgggEgoIIBHIZCaHR0cDovL2NybC5taWNyb3NvZnQuY29tL3BraWluZnJhL0NSTC9BTUUlMjBJTkZSQSUyMENBJTIwMDEoNCkuY3JshjRodHRwOi8vY3JsMS5hbWUuZ2JsL2NybC9BTUUlMjBJTkZSQSUyMENBJTIwMDEoNCkuY3JshjRodHRwOi8vY3JsMi5hbWUuZ2JsL2NybC9BTUUlMjBJTkZSQSUyMENBJTIwMDEoNCkuY3JshjRodHRwOi8vY3JsMy5hbWUuZ2JsL2NybC9BTUUlMjBJTkZSQSUyMENBJTIwMDEoNCkuY3JshjRodHRwOi8vY3JsNC5hbWUuZ2JsL2NybC9BTUUlMjBJTkZSQSUyMENBJTIwMDEoNCkuY3JsMBcGA1UdIAQQMA4wDAYKKwYBBAGCN3sBATAfBgNVHSMEGDAWgBTl2Ztn_PjsurvwwKidileIud8-YzAdBgNVHSUEFjAUBggrBgEFBQcDAQYIKwYBBQUHAwIwDQYJKoZIhvcNAQELBQADggEBAKRwStAdrsy7tgEfmtXPZXIwgdXOYwSx2Kqzlhq8b6Ptid4V3vhJvDV0WLS7d72KIMUwZiBnfPHhMmsdkLOSpNSZYC23g3QJSBWvoS86Rpkeru5bEyQmv1gucF_MyaFaUXUd4b7xnvCkv-BBNO8m1lvFAowB2odz9esggf82yeOVBx0yEK_NNOK4l36XvRjvIqemSLZOSi1wow_wn_ovhAEPpSSN7UTahPtz7J12vhP1LuZ4Rvn_hNx48ncw445nMBnMVmcuuakaKDC6_sAcs5lg9jq2yHSaIHRw4xcoS5XwvIykGPMUyAD-dXWFih_XFOKh7ea50hObFhghf3Dtvlo\u0026s=cKwCi8N_UTpjoA9xWi1nJ_XeKWNFEswOQW4E3OPPP80TbQTuwk43Zd9kYEGNzulyreGZP0lXwjtsF8OGXs5DfGc9CqMw7e1bwlIrELKEdYccJzvNkVssvkNgyuqkVXE7q3ha1LrqD6uTktDmk__R7GfpYAM-124b0KImy7dxy1HdNWE5FAeLfgO2B5I5hdrhfPc0RgHhOXLdofrH1Q0U91pu2RNG-x2WnAMMsE_0pVnRcrCZSKT4YsaqIMKDfhS1JvK3Uf2CCg2XzzDfzMsfQ4Gqaa55PJOusMo3xrXW0sNrNxZ2fpwVtdta6hja71O4joiTA92R_QHPcSmhUbMCRA\u0026h=2C94P120uW2Sye9Epc48j0WNYiywj6AtdrCIilt64Es",
      "RequestMethod": "GET",
      "RequestHeaders": {
        "Authorization": "Sanitized",
        "traceparent": "00-b067008582c2bfda6828740b217777ab-7f34124c6ce51ff5-00",
        "User-Agent": "azsdk-net-ResourceManager/1.9.0 (.NET 6.0.25; Microsoft Windows 10.0.22631)",
        "x-ms-client-request-id": "183d832bc222235d38a539d26a87344f",
        "x-ms-return-client-request-id": "true"
      },
      "RequestBody": null,
      "StatusCode": 202,
      "ResponseHeaders": {
        "Cache-Control": "no-cache",
        "Content-Length": "0",
        "Date": "Wed, 13 Dec 2023 03:33:59 GMT",
        "Expires": "-1",
        "Location": "https://management.azure.com/subscriptions/db1ab6f0-4769-4b27-930e-01e2ef9c123c/operationresults/eyJqb2JJZCI6IlJFU09VUkNFR1JPVVBERUxFVElPTkpPQi1PUEVSQVRJT05BTElOU0lHSFRTREFUQUVYUE9SVDoyRFRFU1Q4OTM3LUVBU1RVUyIsImpvYkxvY2F0aW9uIjoiZWFzdHVzIn0?api-version=2022-09-01\u0026t=638380352400277151\u0026c=MIIHHjCCBgagAwIBAgITOgI9LlF5jGEEQe1CmgAEAj0uUTANBgkqhkiG9w0BAQsFADBEMRMwEQYKCZImiZPyLGQBGRYDR0JMMRMwEQYKCZImiZPyLGQBGRYDQU1FMRgwFgYDVQQDEw9BTUUgSU5GUkEgQ0EgMDEwHhcNMjMxMTAxMjE0OTQ5WhcNMjQxMDI2MjE0OTQ5WjBAMT4wPAYDVQQDEzVhc3luY29wZXJhdGlvbnNpZ25pbmdjZXJ0aWZpY2F0ZS5tYW5hZ2VtZW50LmF6dXJlLmNvbTCCASIwDQYJKoZIhvcNAQEBBQADggEPADCCAQoCggEBAMKt_zl2yRFDxIUmqoEA-B7WoRkSqscgwk6CGqDbwEVJS3oTI4Gk-ukQ6El3GQJVthiuwZGw4jwvTDyVWC8mQH2Zni6X1ocTXrNNa6VFJnvzeEn-HpmPATuII8AWtdtUnBvGZGAwgspvH8iZZCiHDowHCWhjVsU6_ipCsmzQeH3oRJI4AwUS_nCVA7U9WPdgIyQp6v5QPzcYCO_zIbNW4y_Cc3phfPEQvPvtSKhuijt68F5WlUY6Ps23ksosYG5VTx7z6skGG9arA5UKUzbbEO8lxzda3OFPZdG7OHe8-VMXxJjtSanZSSbdLgYBRB9m9PGr6voKtML9W5rEukE-lEUCAwEAAaOCBAswggQHMCcGCSsGAQQBgjcVCgQaMBgwCgYIKwYBBQUHAwEwCgYIKwYBBQUHAwIwPQYJKwYBBAGCNxUHBDAwLgYmKwYBBAGCNxUIhpDjDYTVtHiE8Ys-hZvdFs6dEoFggvX2K4Py0SACAWQCAQowggHaBggrBgEFBQcBAQSCAcwwggHIMGYGCCsGAQUFBzAChlpodHRwOi8vY3JsLm1pY3Jvc29mdC5jb20vcGtpaW5mcmEvQ2VydHMvQlkyUEtJSU5UQ0EwMS5BTUUuR0JMX0FNRSUyMElORlJBJTIwQ0ElMjAwMSg0KS5jcnQwVgYIKwYBBQUHMAKGSmh0dHA6Ly9jcmwxLmFtZS5nYmwvYWlhL0JZMlBLSUlOVENBMDEuQU1FLkdCTF9BTUUlMjBJTkZSQSUyMENBJTIwMDEoNCkuY3J0MFYGCCsGAQUFBzAChkpodHRwOi8vY3JsMi5hbWUuZ2JsL2FpYS9CWTJQS0lJTlRDQTAxLkFNRS5HQkxfQU1FJTIwSU5GUkElMjBDQSUyMDAxKDQpLmNydDBWBggrBgEFBQcwAoZKaHR0cDovL2NybDMuYW1lLmdibC9haWEvQlkyUEtJSU5UQ0EwMS5BTUUuR0JMX0FNRSUyMElORlJBJTIwQ0ElMjAwMSg0KS5jcnQwVgYIKwYBBQUHMAKGSmh0dHA6Ly9jcmw0LmFtZS5nYmwvYWlhL0JZMlBLSUlOVENBMDEuQU1FLkdCTF9BTUUlMjBJTkZSQSUyMENBJTIwMDEoNCkuY3J0MB0GA1UdDgQWBBRYUmiD-EjeFFNZByiKICN9p1JofzAOBgNVHQ8BAf8EBAMCBaAwggE1BgNVHR8EggEsMIIBKDCCASSgggEgoIIBHIZCaHR0cDovL2NybC5taWNyb3NvZnQuY29tL3BraWluZnJhL0NSTC9BTUUlMjBJTkZSQSUyMENBJTIwMDEoNCkuY3JshjRodHRwOi8vY3JsMS5hbWUuZ2JsL2NybC9BTUUlMjBJTkZSQSUyMENBJTIwMDEoNCkuY3JshjRodHRwOi8vY3JsMi5hbWUuZ2JsL2NybC9BTUUlMjBJTkZSQSUyMENBJTIwMDEoNCkuY3JshjRodHRwOi8vY3JsMy5hbWUuZ2JsL2NybC9BTUUlMjBJTkZSQSUyMENBJTIwMDEoNCkuY3JshjRodHRwOi8vY3JsNC5hbWUuZ2JsL2NybC9BTUUlMjBJTkZSQSUyMENBJTIwMDEoNCkuY3JsMBcGA1UdIAQQMA4wDAYKKwYBBAGCN3sBATAfBgNVHSMEGDAWgBTl2Ztn_PjsurvwwKidileIud8-YzAdBgNVHSUEFjAUBggrBgEFBQcDAQYIKwYBBQUHAwIwDQYJKoZIhvcNAQELBQADggEBAKRwStAdrsy7tgEfmtXPZXIwgdXOYwSx2Kqzlhq8b6Ptid4V3vhJvDV0WLS7d72KIMUwZiBnfPHhMmsdkLOSpNSZYC23g3QJSBWvoS86Rpkeru5bEyQmv1gucF_MyaFaUXUd4b7xnvCkv-BBNO8m1lvFAowB2odz9esggf82yeOVBx0yEK_NNOK4l36XvRjvIqemSLZOSi1wow_wn_ovhAEPpSSN7UTahPtz7J12vhP1LuZ4Rvn_hNx48ncw445nMBnMVmcuuakaKDC6_sAcs5lg9jq2yHSaIHRw4xcoS5XwvIykGPMUyAD-dXWFih_XFOKh7ea50hObFhghf3Dtvlo\u0026s=bQamMSoYB440nBqtycfTtSzwSchAR-HDYD4paMvbkUn_sTnPNXVQwMHBFud6Y4zrL29mmpBZzpYWAsTCp9TYJPc0OejClkGRKDxfvEIMOpG9y2bFO0MACR682SbDASf7ry7ZrUIuVOULFjcPRDM6igdul-s2PQS1IRFIPjrco7w04Q-DrW5wapCw_QByLhSzJIDYGOWhwPpZAnyYb8GXcGn94UQrEv2F2PAhA3I-lWVCdJeegsQNuPHfUCe0gYf2Le5kPaEOlQriL_Zy-XTWoubbbs44zFMmnQ_8Ez2aNXw1nHIyyfnGx8ou4Q3kEn89yzLcg2k_-9mvYFvqVF7NIg\u0026h=k-rmgJtZtaGqAeTzP-k6u4vC35StT6jD0sPy8LdVyl4",
        "Pragma": "no-cache",
        "Retry-After": "15",
        "Strict-Transport-Security": "max-age=31536000; includeSubDomains",
        "X-Content-Type-Options": "nosniff",
        "x-ms-correlation-request-id": "802553bc-a33c-4528-9ae4-5c0abdedf39d",
        "x-ms-ratelimit-remaining-subscription-reads": "11902",
        "x-ms-request-id": "802553bc-a33c-4528-9ae4-5c0abdedf39d",
        "x-ms-routing-request-id": "SOUTHEASTASIA:20231213T033400Z:802553bc-a33c-4528-9ae4-5c0abdedf39d"
      },
      "ResponseBody": null
    },
    {
      "RequestUri": "https://management.azure.com/subscriptions/db1ab6f0-4769-4b27-930e-01e2ef9c123c/operationresults/eyJqb2JJZCI6IlJFU09VUkNFR1JPVVBERUxFVElPTkpPQi1PUEVSQVRJT05BTElOU0lHSFRTREFUQUVYUE9SVDoyRFRFU1Q4OTM3LUVBU1RVUyIsImpvYkxvY2F0aW9uIjoiZWFzdHVzIn0?api-version=2022-09-01\u0026t=638380352400277151\u0026c=MIIHHjCCBgagAwIBAgITOgI9LlF5jGEEQe1CmgAEAj0uUTANBgkqhkiG9w0BAQsFADBEMRMwEQYKCZImiZPyLGQBGRYDR0JMMRMwEQYKCZImiZPyLGQBGRYDQU1FMRgwFgYDVQQDEw9BTUUgSU5GUkEgQ0EgMDEwHhcNMjMxMTAxMjE0OTQ5WhcNMjQxMDI2MjE0OTQ5WjBAMT4wPAYDVQQDEzVhc3luY29wZXJhdGlvbnNpZ25pbmdjZXJ0aWZpY2F0ZS5tYW5hZ2VtZW50LmF6dXJlLmNvbTCCASIwDQYJKoZIhvcNAQEBBQADggEPADCCAQoCggEBAMKt_zl2yRFDxIUmqoEA-B7WoRkSqscgwk6CGqDbwEVJS3oTI4Gk-ukQ6El3GQJVthiuwZGw4jwvTDyVWC8mQH2Zni6X1ocTXrNNa6VFJnvzeEn-HpmPATuII8AWtdtUnBvGZGAwgspvH8iZZCiHDowHCWhjVsU6_ipCsmzQeH3oRJI4AwUS_nCVA7U9WPdgIyQp6v5QPzcYCO_zIbNW4y_Cc3phfPEQvPvtSKhuijt68F5WlUY6Ps23ksosYG5VTx7z6skGG9arA5UKUzbbEO8lxzda3OFPZdG7OHe8-VMXxJjtSanZSSbdLgYBRB9m9PGr6voKtML9W5rEukE-lEUCAwEAAaOCBAswggQHMCcGCSsGAQQBgjcVCgQaMBgwCgYIKwYBBQUHAwEwCgYIKwYBBQUHAwIwPQYJKwYBBAGCNxUHBDAwLgYmKwYBBAGCNxUIhpDjDYTVtHiE8Ys-hZvdFs6dEoFggvX2K4Py0SACAWQCAQowggHaBggrBgEFBQcBAQSCAcwwggHIMGYGCCsGAQUFBzAChlpodHRwOi8vY3JsLm1pY3Jvc29mdC5jb20vcGtpaW5mcmEvQ2VydHMvQlkyUEtJSU5UQ0EwMS5BTUUuR0JMX0FNRSUyMElORlJBJTIwQ0ElMjAwMSg0KS5jcnQwVgYIKwYBBQUHMAKGSmh0dHA6Ly9jcmwxLmFtZS5nYmwvYWlhL0JZMlBLSUlOVENBMDEuQU1FLkdCTF9BTUUlMjBJTkZSQSUyMENBJTIwMDEoNCkuY3J0MFYGCCsGAQUFBzAChkpodHRwOi8vY3JsMi5hbWUuZ2JsL2FpYS9CWTJQS0lJTlRDQTAxLkFNRS5HQkxfQU1FJTIwSU5GUkElMjBDQSUyMDAxKDQpLmNydDBWBggrBgEFBQcwAoZKaHR0cDovL2NybDMuYW1lLmdibC9haWEvQlkyUEtJSU5UQ0EwMS5BTUUuR0JMX0FNRSUyMElORlJBJTIwQ0ElMjAwMSg0KS5jcnQwVgYIKwYBBQUHMAKGSmh0dHA6Ly9jcmw0LmFtZS5nYmwvYWlhL0JZMlBLSUlOVENBMDEuQU1FLkdCTF9BTUUlMjBJTkZSQSUyMENBJTIwMDEoNCkuY3J0MB0GA1UdDgQWBBRYUmiD-EjeFFNZByiKICN9p1JofzAOBgNVHQ8BAf8EBAMCBaAwggE1BgNVHR8EggEsMIIBKDCCASSgggEgoIIBHIZCaHR0cDovL2NybC5taWNyb3NvZnQuY29tL3BraWluZnJhL0NSTC9BTUUlMjBJTkZSQSUyMENBJTIwMDEoNCkuY3JshjRodHRwOi8vY3JsMS5hbWUuZ2JsL2NybC9BTUUlMjBJTkZSQSUyMENBJTIwMDEoNCkuY3JshjRodHRwOi8vY3JsMi5hbWUuZ2JsL2NybC9BTUUlMjBJTkZSQSUyMENBJTIwMDEoNCkuY3JshjRodHRwOi8vY3JsMy5hbWUuZ2JsL2NybC9BTUUlMjBJTkZSQSUyMENBJTIwMDEoNCkuY3JshjRodHRwOi8vY3JsNC5hbWUuZ2JsL2NybC9BTUUlMjBJTkZSQSUyMENBJTIwMDEoNCkuY3JsMBcGA1UdIAQQMA4wDAYKKwYBBAGCN3sBATAfBgNVHSMEGDAWgBTl2Ztn_PjsurvwwKidileIud8-YzAdBgNVHSUEFjAUBggrBgEFBQcDAQYIKwYBBQUHAwIwDQYJKoZIhvcNAQELBQADggEBAKRwStAdrsy7tgEfmtXPZXIwgdXOYwSx2Kqzlhq8b6Ptid4V3vhJvDV0WLS7d72KIMUwZiBnfPHhMmsdkLOSpNSZYC23g3QJSBWvoS86Rpkeru5bEyQmv1gucF_MyaFaUXUd4b7xnvCkv-BBNO8m1lvFAowB2odz9esggf82yeOVBx0yEK_NNOK4l36XvRjvIqemSLZOSi1wow_wn_ovhAEPpSSN7UTahPtz7J12vhP1LuZ4Rvn_hNx48ncw445nMBnMVmcuuakaKDC6_sAcs5lg9jq2yHSaIHRw4xcoS5XwvIykGPMUyAD-dXWFih_XFOKh7ea50hObFhghf3Dtvlo\u0026s=bQamMSoYB440nBqtycfTtSzwSchAR-HDYD4paMvbkUn_sTnPNXVQwMHBFud6Y4zrL29mmpBZzpYWAsTCp9TYJPc0OejClkGRKDxfvEIMOpG9y2bFO0MACR682SbDASf7ry7ZrUIuVOULFjcPRDM6igdul-s2PQS1IRFIPjrco7w04Q-DrW5wapCw_QByLhSzJIDYGOWhwPpZAnyYb8GXcGn94UQrEv2F2PAhA3I-lWVCdJeegsQNuPHfUCe0gYf2Le5kPaEOlQriL_Zy-XTWoubbbs44zFMmnQ_8Ez2aNXw1nHIyyfnGx8ou4Q3kEn89yzLcg2k_-9mvYFvqVF7NIg\u0026h=k-rmgJtZtaGqAeTzP-k6u4vC35StT6jD0sPy8LdVyl4",
      "RequestMethod": "GET",
      "RequestHeaders": {
        "Authorization": "Sanitized",
        "traceparent": "00-b067008582c2bfda6828740b217777ab-8f74863256eec42d-00",
        "User-Agent": "azsdk-net-ResourceManager/1.9.0 (.NET 6.0.25; Microsoft Windows 10.0.22631)",
        "x-ms-client-request-id": "1734caf73b5d94d4a7b257466cc2f406",
        "x-ms-return-client-request-id": "true"
      },
      "RequestBody": null,
      "StatusCode": 202,
      "ResponseHeaders": {
        "Cache-Control": "no-cache",
        "Content-Length": "0",
        "Date": "Wed, 13 Dec 2023 03:34:14 GMT",
        "Expires": "-1",
        "Location": "https://management.azure.com/subscriptions/db1ab6f0-4769-4b27-930e-01e2ef9c123c/operationresults/eyJqb2JJZCI6IlJFU09VUkNFR1JPVVBERUxFVElPTkpPQi1PUEVSQVRJT05BTElOU0lHSFRTREFUQUVYUE9SVDoyRFRFU1Q4OTM3LUVBU1RVUyIsImpvYkxvY2F0aW9uIjoiZWFzdHVzIn0?api-version=2022-09-01\u0026t=638380352555757667\u0026c=MIIHHjCCBgagAwIBAgITOgI9LlF5jGEEQe1CmgAEAj0uUTANBgkqhkiG9w0BAQsFADBEMRMwEQYKCZImiZPyLGQBGRYDR0JMMRMwEQYKCZImiZPyLGQBGRYDQU1FMRgwFgYDVQQDEw9BTUUgSU5GUkEgQ0EgMDEwHhcNMjMxMTAxMjE0OTQ5WhcNMjQxMDI2MjE0OTQ5WjBAMT4wPAYDVQQDEzVhc3luY29wZXJhdGlvbnNpZ25pbmdjZXJ0aWZpY2F0ZS5tYW5hZ2VtZW50LmF6dXJlLmNvbTCCASIwDQYJKoZIhvcNAQEBBQADggEPADCCAQoCggEBAMKt_zl2yRFDxIUmqoEA-B7WoRkSqscgwk6CGqDbwEVJS3oTI4Gk-ukQ6El3GQJVthiuwZGw4jwvTDyVWC8mQH2Zni6X1ocTXrNNa6VFJnvzeEn-HpmPATuII8AWtdtUnBvGZGAwgspvH8iZZCiHDowHCWhjVsU6_ipCsmzQeH3oRJI4AwUS_nCVA7U9WPdgIyQp6v5QPzcYCO_zIbNW4y_Cc3phfPEQvPvtSKhuijt68F5WlUY6Ps23ksosYG5VTx7z6skGG9arA5UKUzbbEO8lxzda3OFPZdG7OHe8-VMXxJjtSanZSSbdLgYBRB9m9PGr6voKtML9W5rEukE-lEUCAwEAAaOCBAswggQHMCcGCSsGAQQBgjcVCgQaMBgwCgYIKwYBBQUHAwEwCgYIKwYBBQUHAwIwPQYJKwYBBAGCNxUHBDAwLgYmKwYBBAGCNxUIhpDjDYTVtHiE8Ys-hZvdFs6dEoFggvX2K4Py0SACAWQCAQowggHaBggrBgEFBQcBAQSCAcwwggHIMGYGCCsGAQUFBzAChlpodHRwOi8vY3JsLm1pY3Jvc29mdC5jb20vcGtpaW5mcmEvQ2VydHMvQlkyUEtJSU5UQ0EwMS5BTUUuR0JMX0FNRSUyMElORlJBJTIwQ0ElMjAwMSg0KS5jcnQwVgYIKwYBBQUHMAKGSmh0dHA6Ly9jcmwxLmFtZS5nYmwvYWlhL0JZMlBLSUlOVENBMDEuQU1FLkdCTF9BTUUlMjBJTkZSQSUyMENBJTIwMDEoNCkuY3J0MFYGCCsGAQUFBzAChkpodHRwOi8vY3JsMi5hbWUuZ2JsL2FpYS9CWTJQS0lJTlRDQTAxLkFNRS5HQkxfQU1FJTIwSU5GUkElMjBDQSUyMDAxKDQpLmNydDBWBggrBgEFBQcwAoZKaHR0cDovL2NybDMuYW1lLmdibC9haWEvQlkyUEtJSU5UQ0EwMS5BTUUuR0JMX0FNRSUyMElORlJBJTIwQ0ElMjAwMSg0KS5jcnQwVgYIKwYBBQUHMAKGSmh0dHA6Ly9jcmw0LmFtZS5nYmwvYWlhL0JZMlBLSUlOVENBMDEuQU1FLkdCTF9BTUUlMjBJTkZSQSUyMENBJTIwMDEoNCkuY3J0MB0GA1UdDgQWBBRYUmiD-EjeFFNZByiKICN9p1JofzAOBgNVHQ8BAf8EBAMCBaAwggE1BgNVHR8EggEsMIIBKDCCASSgggEgoIIBHIZCaHR0cDovL2NybC5taWNyb3NvZnQuY29tL3BraWluZnJhL0NSTC9BTUUlMjBJTkZSQSUyMENBJTIwMDEoNCkuY3JshjRodHRwOi8vY3JsMS5hbWUuZ2JsL2NybC9BTUUlMjBJTkZSQSUyMENBJTIwMDEoNCkuY3JshjRodHRwOi8vY3JsMi5hbWUuZ2JsL2NybC9BTUUlMjBJTkZSQSUyMENBJTIwMDEoNCkuY3JshjRodHRwOi8vY3JsMy5hbWUuZ2JsL2NybC9BTUUlMjBJTkZSQSUyMENBJTIwMDEoNCkuY3JshjRodHRwOi8vY3JsNC5hbWUuZ2JsL2NybC9BTUUlMjBJTkZSQSUyMENBJTIwMDEoNCkuY3JsMBcGA1UdIAQQMA4wDAYKKwYBBAGCN3sBATAfBgNVHSMEGDAWgBTl2Ztn_PjsurvwwKidileIud8-YzAdBgNVHSUEFjAUBggrBgEFBQcDAQYIKwYBBQUHAwIwDQYJKoZIhvcNAQELBQADggEBAKRwStAdrsy7tgEfmtXPZXIwgdXOYwSx2Kqzlhq8b6Ptid4V3vhJvDV0WLS7d72KIMUwZiBnfPHhMmsdkLOSpNSZYC23g3QJSBWvoS86Rpkeru5bEyQmv1gucF_MyaFaUXUd4b7xnvCkv-BBNO8m1lvFAowB2odz9esggf82yeOVBx0yEK_NNOK4l36XvRjvIqemSLZOSi1wow_wn_ovhAEPpSSN7UTahPtz7J12vhP1LuZ4Rvn_hNx48ncw445nMBnMVmcuuakaKDC6_sAcs5lg9jq2yHSaIHRw4xcoS5XwvIykGPMUyAD-dXWFih_XFOKh7ea50hObFhghf3Dtvlo\u0026s=wbgVMiCE9mB8Tfk1Xl9V7bLS4dv_icO4sY3YMrQJgg4-5qroV67kpzDwaFlb5oR7UnV7Jnu4AF-ofl6AMr8epr_ZdAHvE6hJC6UPFg0FOuOvUTlVRxDerWAjs1uAzfPFXxefCRBzmeocPENaMZrk9Lk2RQ4JXggpksECxUpAQb2gzDrd0Lf74L1hNBMtcovlh11GGF1tfzsHK_hWId6b5ri7_MeM3kY7TukAUjA7FqztOK-JWrptBfqRda_AY3ZKBoHzpl-BRtRrwMR_GLB03_KcmKBWdZ843JYRkrfKzwBP5Vz6MqxmjuLOAD8vgxN2AzMtEsF8FqZnsni3A9kdUA\u0026h=CrzX94_ZpMC3_y4_HBvlB9DYfuSiTpaeif6qGKkCRsU",
        "Pragma": "no-cache",
        "Retry-After": "15",
        "Strict-Transport-Security": "max-age=31536000; includeSubDomains",
        "X-Content-Type-Options": "nosniff",
        "x-ms-correlation-request-id": "ad7ba280-3cfb-4567-b5ca-6d060b077cbe",
        "x-ms-ratelimit-remaining-subscription-reads": "11901",
        "x-ms-request-id": "ad7ba280-3cfb-4567-b5ca-6d060b077cbe",
        "x-ms-routing-request-id": "SOUTHEASTASIA:20231213T033415Z:ad7ba280-3cfb-4567-b5ca-6d060b077cbe"
      },
      "ResponseBody": null
    },
    {
      "RequestUri": "https://management.azure.com/subscriptions/db1ab6f0-4769-4b27-930e-01e2ef9c123c/operationresults/eyJqb2JJZCI6IlJFU09VUkNFR1JPVVBERUxFVElPTkpPQi1PUEVSQVRJT05BTElOU0lHSFRTREFUQUVYUE9SVDoyRFRFU1Q4OTM3LUVBU1RVUyIsImpvYkxvY2F0aW9uIjoiZWFzdHVzIn0?api-version=2022-09-01\u0026t=638380352555757667\u0026c=MIIHHjCCBgagAwIBAgITOgI9LlF5jGEEQe1CmgAEAj0uUTANBgkqhkiG9w0BAQsFADBEMRMwEQYKCZImiZPyLGQBGRYDR0JMMRMwEQYKCZImiZPyLGQBGRYDQU1FMRgwFgYDVQQDEw9BTUUgSU5GUkEgQ0EgMDEwHhcNMjMxMTAxMjE0OTQ5WhcNMjQxMDI2MjE0OTQ5WjBAMT4wPAYDVQQDEzVhc3luY29wZXJhdGlvbnNpZ25pbmdjZXJ0aWZpY2F0ZS5tYW5hZ2VtZW50LmF6dXJlLmNvbTCCASIwDQYJKoZIhvcNAQEBBQADggEPADCCAQoCggEBAMKt_zl2yRFDxIUmqoEA-B7WoRkSqscgwk6CGqDbwEVJS3oTI4Gk-ukQ6El3GQJVthiuwZGw4jwvTDyVWC8mQH2Zni6X1ocTXrNNa6VFJnvzeEn-HpmPATuII8AWtdtUnBvGZGAwgspvH8iZZCiHDowHCWhjVsU6_ipCsmzQeH3oRJI4AwUS_nCVA7U9WPdgIyQp6v5QPzcYCO_zIbNW4y_Cc3phfPEQvPvtSKhuijt68F5WlUY6Ps23ksosYG5VTx7z6skGG9arA5UKUzbbEO8lxzda3OFPZdG7OHe8-VMXxJjtSanZSSbdLgYBRB9m9PGr6voKtML9W5rEukE-lEUCAwEAAaOCBAswggQHMCcGCSsGAQQBgjcVCgQaMBgwCgYIKwYBBQUHAwEwCgYIKwYBBQUHAwIwPQYJKwYBBAGCNxUHBDAwLgYmKwYBBAGCNxUIhpDjDYTVtHiE8Ys-hZvdFs6dEoFggvX2K4Py0SACAWQCAQowggHaBggrBgEFBQcBAQSCAcwwggHIMGYGCCsGAQUFBzAChlpodHRwOi8vY3JsLm1pY3Jvc29mdC5jb20vcGtpaW5mcmEvQ2VydHMvQlkyUEtJSU5UQ0EwMS5BTUUuR0JMX0FNRSUyMElORlJBJTIwQ0ElMjAwMSg0KS5jcnQwVgYIKwYBBQUHMAKGSmh0dHA6Ly9jcmwxLmFtZS5nYmwvYWlhL0JZMlBLSUlOVENBMDEuQU1FLkdCTF9BTUUlMjBJTkZSQSUyMENBJTIwMDEoNCkuY3J0MFYGCCsGAQUFBzAChkpodHRwOi8vY3JsMi5hbWUuZ2JsL2FpYS9CWTJQS0lJTlRDQTAxLkFNRS5HQkxfQU1FJTIwSU5GUkElMjBDQSUyMDAxKDQpLmNydDBWBggrBgEFBQcwAoZKaHR0cDovL2NybDMuYW1lLmdibC9haWEvQlkyUEtJSU5UQ0EwMS5BTUUuR0JMX0FNRSUyMElORlJBJTIwQ0ElMjAwMSg0KS5jcnQwVgYIKwYBBQUHMAKGSmh0dHA6Ly9jcmw0LmFtZS5nYmwvYWlhL0JZMlBLSUlOVENBMDEuQU1FLkdCTF9BTUUlMjBJTkZSQSUyMENBJTIwMDEoNCkuY3J0MB0GA1UdDgQWBBRYUmiD-EjeFFNZByiKICN9p1JofzAOBgNVHQ8BAf8EBAMCBaAwggE1BgNVHR8EggEsMIIBKDCCASSgggEgoIIBHIZCaHR0cDovL2NybC5taWNyb3NvZnQuY29tL3BraWluZnJhL0NSTC9BTUUlMjBJTkZSQSUyMENBJTIwMDEoNCkuY3JshjRodHRwOi8vY3JsMS5hbWUuZ2JsL2NybC9BTUUlMjBJTkZSQSUyMENBJTIwMDEoNCkuY3JshjRodHRwOi8vY3JsMi5hbWUuZ2JsL2NybC9BTUUlMjBJTkZSQSUyMENBJTIwMDEoNCkuY3JshjRodHRwOi8vY3JsMy5hbWUuZ2JsL2NybC9BTUUlMjBJTkZSQSUyMENBJTIwMDEoNCkuY3JshjRodHRwOi8vY3JsNC5hbWUuZ2JsL2NybC9BTUUlMjBJTkZSQSUyMENBJTIwMDEoNCkuY3JsMBcGA1UdIAQQMA4wDAYKKwYBBAGCN3sBATAfBgNVHSMEGDAWgBTl2Ztn_PjsurvwwKidileIud8-YzAdBgNVHSUEFjAUBggrBgEFBQcDAQYIKwYBBQUHAwIwDQYJKoZIhvcNAQELBQADggEBAKRwStAdrsy7tgEfmtXPZXIwgdXOYwSx2Kqzlhq8b6Ptid4V3vhJvDV0WLS7d72KIMUwZiBnfPHhMmsdkLOSpNSZYC23g3QJSBWvoS86Rpkeru5bEyQmv1gucF_MyaFaUXUd4b7xnvCkv-BBNO8m1lvFAowB2odz9esggf82yeOVBx0yEK_NNOK4l36XvRjvIqemSLZOSi1wow_wn_ovhAEPpSSN7UTahPtz7J12vhP1LuZ4Rvn_hNx48ncw445nMBnMVmcuuakaKDC6_sAcs5lg9jq2yHSaIHRw4xcoS5XwvIykGPMUyAD-dXWFih_XFOKh7ea50hObFhghf3Dtvlo\u0026s=wbgVMiCE9mB8Tfk1Xl9V7bLS4dv_icO4sY3YMrQJgg4-5qroV67kpzDwaFlb5oR7UnV7Jnu4AF-ofl6AMr8epr_ZdAHvE6hJC6UPFg0FOuOvUTlVRxDerWAjs1uAzfPFXxefCRBzmeocPENaMZrk9Lk2RQ4JXggpksECxUpAQb2gzDrd0Lf74L1hNBMtcovlh11GGF1tfzsHK_hWId6b5ri7_MeM3kY7TukAUjA7FqztOK-JWrptBfqRda_AY3ZKBoHzpl-BRtRrwMR_GLB03_KcmKBWdZ843JYRkrfKzwBP5Vz6MqxmjuLOAD8vgxN2AzMtEsF8FqZnsni3A9kdUA\u0026h=CrzX94_ZpMC3_y4_HBvlB9DYfuSiTpaeif6qGKkCRsU",
      "RequestMethod": "GET",
      "RequestHeaders": {
        "Authorization": "Sanitized",
        "traceparent": "00-b067008582c2bfda6828740b217777ab-198e397d8a09dd54-00",
        "User-Agent": "azsdk-net-ResourceManager/1.9.0 (.NET 6.0.25; Microsoft Windows 10.0.22631)",
        "x-ms-client-request-id": "de899a42a3bb42566520c0e400ebe6ef",
        "x-ms-return-client-request-id": "true"
      },
      "RequestBody": null,
      "StatusCode": 202,
      "ResponseHeaders": {
        "Cache-Control": "no-cache",
        "Content-Length": "0",
        "Date": "Wed, 13 Dec 2023 03:34:30 GMT",
        "Expires": "-1",
        "Location": "https://management.azure.com/subscriptions/db1ab6f0-4769-4b27-930e-01e2ef9c123c/operationresults/eyJqb2JJZCI6IlJFU09VUkNFR1JPVVBERUxFVElPTkpPQi1PUEVSQVRJT05BTElOU0lHSFRTREFUQUVYUE9SVDoyRFRFU1Q4OTM3LUVBU1RVUyIsImpvYkxvY2F0aW9uIjoiZWFzdHVzIn0?api-version=2022-09-01\u0026t=638380352711394444\u0026c=MIIHHjCCBgagAwIBAgITOgI9LlF5jGEEQe1CmgAEAj0uUTANBgkqhkiG9w0BAQsFADBEMRMwEQYKCZImiZPyLGQBGRYDR0JMMRMwEQYKCZImiZPyLGQBGRYDQU1FMRgwFgYDVQQDEw9BTUUgSU5GUkEgQ0EgMDEwHhcNMjMxMTAxMjE0OTQ5WhcNMjQxMDI2MjE0OTQ5WjBAMT4wPAYDVQQDEzVhc3luY29wZXJhdGlvbnNpZ25pbmdjZXJ0aWZpY2F0ZS5tYW5hZ2VtZW50LmF6dXJlLmNvbTCCASIwDQYJKoZIhvcNAQEBBQADggEPADCCAQoCggEBAMKt_zl2yRFDxIUmqoEA-B7WoRkSqscgwk6CGqDbwEVJS3oTI4Gk-ukQ6El3GQJVthiuwZGw4jwvTDyVWC8mQH2Zni6X1ocTXrNNa6VFJnvzeEn-HpmPATuII8AWtdtUnBvGZGAwgspvH8iZZCiHDowHCWhjVsU6_ipCsmzQeH3oRJI4AwUS_nCVA7U9WPdgIyQp6v5QPzcYCO_zIbNW4y_Cc3phfPEQvPvtSKhuijt68F5WlUY6Ps23ksosYG5VTx7z6skGG9arA5UKUzbbEO8lxzda3OFPZdG7OHe8-VMXxJjtSanZSSbdLgYBRB9m9PGr6voKtML9W5rEukE-lEUCAwEAAaOCBAswggQHMCcGCSsGAQQBgjcVCgQaMBgwCgYIKwYBBQUHAwEwCgYIKwYBBQUHAwIwPQYJKwYBBAGCNxUHBDAwLgYmKwYBBAGCNxUIhpDjDYTVtHiE8Ys-hZvdFs6dEoFggvX2K4Py0SACAWQCAQowggHaBggrBgEFBQcBAQSCAcwwggHIMGYGCCsGAQUFBzAChlpodHRwOi8vY3JsLm1pY3Jvc29mdC5jb20vcGtpaW5mcmEvQ2VydHMvQlkyUEtJSU5UQ0EwMS5BTUUuR0JMX0FNRSUyMElORlJBJTIwQ0ElMjAwMSg0KS5jcnQwVgYIKwYBBQUHMAKGSmh0dHA6Ly9jcmwxLmFtZS5nYmwvYWlhL0JZMlBLSUlOVENBMDEuQU1FLkdCTF9BTUUlMjBJTkZSQSUyMENBJTIwMDEoNCkuY3J0MFYGCCsGAQUFBzAChkpodHRwOi8vY3JsMi5hbWUuZ2JsL2FpYS9CWTJQS0lJTlRDQTAxLkFNRS5HQkxfQU1FJTIwSU5GUkElMjBDQSUyMDAxKDQpLmNydDBWBggrBgEFBQcwAoZKaHR0cDovL2NybDMuYW1lLmdibC9haWEvQlkyUEtJSU5UQ0EwMS5BTUUuR0JMX0FNRSUyMElORlJBJTIwQ0ElMjAwMSg0KS5jcnQwVgYIKwYBBQUHMAKGSmh0dHA6Ly9jcmw0LmFtZS5nYmwvYWlhL0JZMlBLSUlOVENBMDEuQU1FLkdCTF9BTUUlMjBJTkZSQSUyMENBJTIwMDEoNCkuY3J0MB0GA1UdDgQWBBRYUmiD-EjeFFNZByiKICN9p1JofzAOBgNVHQ8BAf8EBAMCBaAwggE1BgNVHR8EggEsMIIBKDCCASSgggEgoIIBHIZCaHR0cDovL2NybC5taWNyb3NvZnQuY29tL3BraWluZnJhL0NSTC9BTUUlMjBJTkZSQSUyMENBJTIwMDEoNCkuY3JshjRodHRwOi8vY3JsMS5hbWUuZ2JsL2NybC9BTUUlMjBJTkZSQSUyMENBJTIwMDEoNCkuY3JshjRodHRwOi8vY3JsMi5hbWUuZ2JsL2NybC9BTUUlMjBJTkZSQSUyMENBJTIwMDEoNCkuY3JshjRodHRwOi8vY3JsMy5hbWUuZ2JsL2NybC9BTUUlMjBJTkZSQSUyMENBJTIwMDEoNCkuY3JshjRodHRwOi8vY3JsNC5hbWUuZ2JsL2NybC9BTUUlMjBJTkZSQSUyMENBJTIwMDEoNCkuY3JsMBcGA1UdIAQQMA4wDAYKKwYBBAGCN3sBATAfBgNVHSMEGDAWgBTl2Ztn_PjsurvwwKidileIud8-YzAdBgNVHSUEFjAUBggrBgEFBQcDAQYIKwYBBQUHAwIwDQYJKoZIhvcNAQELBQADggEBAKRwStAdrsy7tgEfmtXPZXIwgdXOYwSx2Kqzlhq8b6Ptid4V3vhJvDV0WLS7d72KIMUwZiBnfPHhMmsdkLOSpNSZYC23g3QJSBWvoS86Rpkeru5bEyQmv1gucF_MyaFaUXUd4b7xnvCkv-BBNO8m1lvFAowB2odz9esggf82yeOVBx0yEK_NNOK4l36XvRjvIqemSLZOSi1wow_wn_ovhAEPpSSN7UTahPtz7J12vhP1LuZ4Rvn_hNx48ncw445nMBnMVmcuuakaKDC6_sAcs5lg9jq2yHSaIHRw4xcoS5XwvIykGPMUyAD-dXWFih_XFOKh7ea50hObFhghf3Dtvlo\u0026s=Vg8DeAl4nCGndhn_Y-43uMwPUGEaqcF5RdeoyYm-CqjIo4S5Mqh3VeGicZgsBx2f7lqyeAwZUjEmDF-rF2gBGm20WFGCvtWLwsfUUHpV8pbPJUDA06tH2BPRBsyGgfpEEpMnVGjJQIe09bRGFtxbVtBJKIZZSKefmv4WU3_pBylbSYPLw7GYp2t5_2o0RTLM4gME1OCWQV8o5W4UgX2a_ZlNU7giEF2aBAaSSlB-boV0VPxxaBUD4_wIxKGEW_MDWASj3YMOTNOC6WfPPSlB3X9wLVvSYfhN4-JmILXL9TxLKVWXjMOwcy9WecWEICyhnNt1Xk0Cb-OalcNWeWGhwg\u0026h=BY8id-wu8LxxTpNk3w_bUX79xHapSnRuY_SsFTJQKW4",
        "Pragma": "no-cache",
        "Retry-After": "15",
        "Strict-Transport-Security": "max-age=31536000; includeSubDomains",
        "X-Content-Type-Options": "nosniff",
        "x-ms-correlation-request-id": "f06745d5-36c0-4f19-b291-aef83f899b14",
        "x-ms-ratelimit-remaining-subscription-reads": "11900",
        "x-ms-request-id": "f06745d5-36c0-4f19-b291-aef83f899b14",
        "x-ms-routing-request-id": "SOUTHEASTASIA:20231213T033431Z:f06745d5-36c0-4f19-b291-aef83f899b14"
      },
      "ResponseBody": null
    },
    {
      "RequestUri": "https://management.azure.com/subscriptions/db1ab6f0-4769-4b27-930e-01e2ef9c123c/operationresults/eyJqb2JJZCI6IlJFU09VUkNFR1JPVVBERUxFVElPTkpPQi1PUEVSQVRJT05BTElOU0lHSFRTREFUQUVYUE9SVDoyRFRFU1Q4OTM3LUVBU1RVUyIsImpvYkxvY2F0aW9uIjoiZWFzdHVzIn0?api-version=2022-09-01\u0026t=638380352711394444\u0026c=MIIHHjCCBgagAwIBAgITOgI9LlF5jGEEQe1CmgAEAj0uUTANBgkqhkiG9w0BAQsFADBEMRMwEQYKCZImiZPyLGQBGRYDR0JMMRMwEQYKCZImiZPyLGQBGRYDQU1FMRgwFgYDVQQDEw9BTUUgSU5GUkEgQ0EgMDEwHhcNMjMxMTAxMjE0OTQ5WhcNMjQxMDI2MjE0OTQ5WjBAMT4wPAYDVQQDEzVhc3luY29wZXJhdGlvbnNpZ25pbmdjZXJ0aWZpY2F0ZS5tYW5hZ2VtZW50LmF6dXJlLmNvbTCCASIwDQYJKoZIhvcNAQEBBQADggEPADCCAQoCggEBAMKt_zl2yRFDxIUmqoEA-B7WoRkSqscgwk6CGqDbwEVJS3oTI4Gk-ukQ6El3GQJVthiuwZGw4jwvTDyVWC8mQH2Zni6X1ocTXrNNa6VFJnvzeEn-HpmPATuII8AWtdtUnBvGZGAwgspvH8iZZCiHDowHCWhjVsU6_ipCsmzQeH3oRJI4AwUS_nCVA7U9WPdgIyQp6v5QPzcYCO_zIbNW4y_Cc3phfPEQvPvtSKhuijt68F5WlUY6Ps23ksosYG5VTx7z6skGG9arA5UKUzbbEO8lxzda3OFPZdG7OHe8-VMXxJjtSanZSSbdLgYBRB9m9PGr6voKtML9W5rEukE-lEUCAwEAAaOCBAswggQHMCcGCSsGAQQBgjcVCgQaMBgwCgYIKwYBBQUHAwEwCgYIKwYBBQUHAwIwPQYJKwYBBAGCNxUHBDAwLgYmKwYBBAGCNxUIhpDjDYTVtHiE8Ys-hZvdFs6dEoFggvX2K4Py0SACAWQCAQowggHaBggrBgEFBQcBAQSCAcwwggHIMGYGCCsGAQUFBzAChlpodHRwOi8vY3JsLm1pY3Jvc29mdC5jb20vcGtpaW5mcmEvQ2VydHMvQlkyUEtJSU5UQ0EwMS5BTUUuR0JMX0FNRSUyMElORlJBJTIwQ0ElMjAwMSg0KS5jcnQwVgYIKwYBBQUHMAKGSmh0dHA6Ly9jcmwxLmFtZS5nYmwvYWlhL0JZMlBLSUlOVENBMDEuQU1FLkdCTF9BTUUlMjBJTkZSQSUyMENBJTIwMDEoNCkuY3J0MFYGCCsGAQUFBzAChkpodHRwOi8vY3JsMi5hbWUuZ2JsL2FpYS9CWTJQS0lJTlRDQTAxLkFNRS5HQkxfQU1FJTIwSU5GUkElMjBDQSUyMDAxKDQpLmNydDBWBggrBgEFBQcwAoZKaHR0cDovL2NybDMuYW1lLmdibC9haWEvQlkyUEtJSU5UQ0EwMS5BTUUuR0JMX0FNRSUyMElORlJBJTIwQ0ElMjAwMSg0KS5jcnQwVgYIKwYBBQUHMAKGSmh0dHA6Ly9jcmw0LmFtZS5nYmwvYWlhL0JZMlBLSUlOVENBMDEuQU1FLkdCTF9BTUUlMjBJTkZSQSUyMENBJTIwMDEoNCkuY3J0MB0GA1UdDgQWBBRYUmiD-EjeFFNZByiKICN9p1JofzAOBgNVHQ8BAf8EBAMCBaAwggE1BgNVHR8EggEsMIIBKDCCASSgggEgoIIBHIZCaHR0cDovL2NybC5taWNyb3NvZnQuY29tL3BraWluZnJhL0NSTC9BTUUlMjBJTkZSQSUyMENBJTIwMDEoNCkuY3JshjRodHRwOi8vY3JsMS5hbWUuZ2JsL2NybC9BTUUlMjBJTkZSQSUyMENBJTIwMDEoNCkuY3JshjRodHRwOi8vY3JsMi5hbWUuZ2JsL2NybC9BTUUlMjBJTkZSQSUyMENBJTIwMDEoNCkuY3JshjRodHRwOi8vY3JsMy5hbWUuZ2JsL2NybC9BTUUlMjBJTkZSQSUyMENBJTIwMDEoNCkuY3JshjRodHRwOi8vY3JsNC5hbWUuZ2JsL2NybC9BTUUlMjBJTkZSQSUyMENBJTIwMDEoNCkuY3JsMBcGA1UdIAQQMA4wDAYKKwYBBAGCN3sBATAfBgNVHSMEGDAWgBTl2Ztn_PjsurvwwKidileIud8-YzAdBgNVHSUEFjAUBggrBgEFBQcDAQYIKwYBBQUHAwIwDQYJKoZIhvcNAQELBQADggEBAKRwStAdrsy7tgEfmtXPZXIwgdXOYwSx2Kqzlhq8b6Ptid4V3vhJvDV0WLS7d72KIMUwZiBnfPHhMmsdkLOSpNSZYC23g3QJSBWvoS86Rpkeru5bEyQmv1gucF_MyaFaUXUd4b7xnvCkv-BBNO8m1lvFAowB2odz9esggf82yeOVBx0yEK_NNOK4l36XvRjvIqemSLZOSi1wow_wn_ovhAEPpSSN7UTahPtz7J12vhP1LuZ4Rvn_hNx48ncw445nMBnMVmcuuakaKDC6_sAcs5lg9jq2yHSaIHRw4xcoS5XwvIykGPMUyAD-dXWFih_XFOKh7ea50hObFhghf3Dtvlo\u0026s=Vg8DeAl4nCGndhn_Y-43uMwPUGEaqcF5RdeoyYm-CqjIo4S5Mqh3VeGicZgsBx2f7lqyeAwZUjEmDF-rF2gBGm20WFGCvtWLwsfUUHpV8pbPJUDA06tH2BPRBsyGgfpEEpMnVGjJQIe09bRGFtxbVtBJKIZZSKefmv4WU3_pBylbSYPLw7GYp2t5_2o0RTLM4gME1OCWQV8o5W4UgX2a_ZlNU7giEF2aBAaSSlB-boV0VPxxaBUD4_wIxKGEW_MDWASj3YMOTNOC6WfPPSlB3X9wLVvSYfhN4-JmILXL9TxLKVWXjMOwcy9WecWEICyhnNt1Xk0Cb-OalcNWeWGhwg\u0026h=BY8id-wu8LxxTpNk3w_bUX79xHapSnRuY_SsFTJQKW4",
      "RequestMethod": "GET",
      "RequestHeaders": {
        "Authorization": "Sanitized",
        "traceparent": "00-b067008582c2bfda6828740b217777ab-d8d38018cb142e32-00",
        "User-Agent": "azsdk-net-ResourceManager/1.9.0 (.NET 6.0.25; Microsoft Windows 10.0.22631)",
        "x-ms-client-request-id": "dc5cd3bbc270ef72aea871706a16b675",
        "x-ms-return-client-request-id": "true"
      },
      "RequestBody": null,
      "StatusCode": 202,
      "ResponseHeaders": {
        "Cache-Control": "no-cache",
        "Content-Length": "0",
        "Date": "Wed, 13 Dec 2023 03:34:46 GMT",
        "Expires": "-1",
        "Location": "https://management.azure.com/subscriptions/db1ab6f0-4769-4b27-930e-01e2ef9c123c/operationresults/eyJqb2JJZCI6IlJFU09VUkNFR1JPVVBERUxFVElPTkpPQi1PUEVSQVRJT05BTElOU0lHSFRTREFUQUVYUE9SVDoyRFRFU1Q4OTM3LUVBU1RVUyIsImpvYkxvY2F0aW9uIjoiZWFzdHVzIn0?api-version=2022-09-01\u0026t=638380352868125035\u0026c=MIIHHjCCBgagAwIBAgITOgI9LlF5jGEEQe1CmgAEAj0uUTANBgkqhkiG9w0BAQsFADBEMRMwEQYKCZImiZPyLGQBGRYDR0JMMRMwEQYKCZImiZPyLGQBGRYDQU1FMRgwFgYDVQQDEw9BTUUgSU5GUkEgQ0EgMDEwHhcNMjMxMTAxMjE0OTQ5WhcNMjQxMDI2MjE0OTQ5WjBAMT4wPAYDVQQDEzVhc3luY29wZXJhdGlvbnNpZ25pbmdjZXJ0aWZpY2F0ZS5tYW5hZ2VtZW50LmF6dXJlLmNvbTCCASIwDQYJKoZIhvcNAQEBBQADggEPADCCAQoCggEBAMKt_zl2yRFDxIUmqoEA-B7WoRkSqscgwk6CGqDbwEVJS3oTI4Gk-ukQ6El3GQJVthiuwZGw4jwvTDyVWC8mQH2Zni6X1ocTXrNNa6VFJnvzeEn-HpmPATuII8AWtdtUnBvGZGAwgspvH8iZZCiHDowHCWhjVsU6_ipCsmzQeH3oRJI4AwUS_nCVA7U9WPdgIyQp6v5QPzcYCO_zIbNW4y_Cc3phfPEQvPvtSKhuijt68F5WlUY6Ps23ksosYG5VTx7z6skGG9arA5UKUzbbEO8lxzda3OFPZdG7OHe8-VMXxJjtSanZSSbdLgYBRB9m9PGr6voKtML9W5rEukE-lEUCAwEAAaOCBAswggQHMCcGCSsGAQQBgjcVCgQaMBgwCgYIKwYBBQUHAwEwCgYIKwYBBQUHAwIwPQYJKwYBBAGCNxUHBDAwLgYmKwYBBAGCNxUIhpDjDYTVtHiE8Ys-hZvdFs6dEoFggvX2K4Py0SACAWQCAQowggHaBggrBgEFBQcBAQSCAcwwggHIMGYGCCsGAQUFBzAChlpodHRwOi8vY3JsLm1pY3Jvc29mdC5jb20vcGtpaW5mcmEvQ2VydHMvQlkyUEtJSU5UQ0EwMS5BTUUuR0JMX0FNRSUyMElORlJBJTIwQ0ElMjAwMSg0KS5jcnQwVgYIKwYBBQUHMAKGSmh0dHA6Ly9jcmwxLmFtZS5nYmwvYWlhL0JZMlBLSUlOVENBMDEuQU1FLkdCTF9BTUUlMjBJTkZSQSUyMENBJTIwMDEoNCkuY3J0MFYGCCsGAQUFBzAChkpodHRwOi8vY3JsMi5hbWUuZ2JsL2FpYS9CWTJQS0lJTlRDQTAxLkFNRS5HQkxfQU1FJTIwSU5GUkElMjBDQSUyMDAxKDQpLmNydDBWBggrBgEFBQcwAoZKaHR0cDovL2NybDMuYW1lLmdibC9haWEvQlkyUEtJSU5UQ0EwMS5BTUUuR0JMX0FNRSUyMElORlJBJTIwQ0ElMjAwMSg0KS5jcnQwVgYIKwYBBQUHMAKGSmh0dHA6Ly9jcmw0LmFtZS5nYmwvYWlhL0JZMlBLSUlOVENBMDEuQU1FLkdCTF9BTUUlMjBJTkZSQSUyMENBJTIwMDEoNCkuY3J0MB0GA1UdDgQWBBRYUmiD-EjeFFNZByiKICN9p1JofzAOBgNVHQ8BAf8EBAMCBaAwggE1BgNVHR8EggEsMIIBKDCCASSgggEgoIIBHIZCaHR0cDovL2NybC5taWNyb3NvZnQuY29tL3BraWluZnJhL0NSTC9BTUUlMjBJTkZSQSUyMENBJTIwMDEoNCkuY3JshjRodHRwOi8vY3JsMS5hbWUuZ2JsL2NybC9BTUUlMjBJTkZSQSUyMENBJTIwMDEoNCkuY3JshjRodHRwOi8vY3JsMi5hbWUuZ2JsL2NybC9BTUUlMjBJTkZSQSUyMENBJTIwMDEoNCkuY3JshjRodHRwOi8vY3JsMy5hbWUuZ2JsL2NybC9BTUUlMjBJTkZSQSUyMENBJTIwMDEoNCkuY3JshjRodHRwOi8vY3JsNC5hbWUuZ2JsL2NybC9BTUUlMjBJTkZSQSUyMENBJTIwMDEoNCkuY3JsMBcGA1UdIAQQMA4wDAYKKwYBBAGCN3sBATAfBgNVHSMEGDAWgBTl2Ztn_PjsurvwwKidileIud8-YzAdBgNVHSUEFjAUBggrBgEFBQcDAQYIKwYBBQUHAwIwDQYJKoZIhvcNAQELBQADggEBAKRwStAdrsy7tgEfmtXPZXIwgdXOYwSx2Kqzlhq8b6Ptid4V3vhJvDV0WLS7d72KIMUwZiBnfPHhMmsdkLOSpNSZYC23g3QJSBWvoS86Rpkeru5bEyQmv1gucF_MyaFaUXUd4b7xnvCkv-BBNO8m1lvFAowB2odz9esggf82yeOVBx0yEK_NNOK4l36XvRjvIqemSLZOSi1wow_wn_ovhAEPpSSN7UTahPtz7J12vhP1LuZ4Rvn_hNx48ncw445nMBnMVmcuuakaKDC6_sAcs5lg9jq2yHSaIHRw4xcoS5XwvIykGPMUyAD-dXWFih_XFOKh7ea50hObFhghf3Dtvlo\u0026s=hXhhPP3RaTFl5EgZ3rPZkoFeraJWyl14Yp9FwXcc_CUpOXKNvJV7Uhz9JGpSsosEU4YxLQx4xmSien5XdOxOGoDH_ZzeEnsdbAV42X257iE-IbpBzD1fvNQDAmWBydLivmsoGBFK2hf7i0-o4PYPSSKJqsGigmr-Xsj43_C-H5VgiCmPJmfj3tCU26KwIn7Db7E5zRx8AaobGBc4AzD7dzqMG-Y-zt56BXu1auMTC6n-nLGelBGU0xgUpDCiQzNQSIvW6PyqktRnKPV73jwRMg-sx80wfN27WFlXHcZv-Skk4n8c5dz9anBfMV7zp_YR6CkH6wbOQD21f1HoGE1-hA\u0026h=8g-4OKkeHF5IEI2mFMKkCgzUyd83s0T5LnAIMLi0Vn4",
        "Pragma": "no-cache",
        "Retry-After": "15",
        "Strict-Transport-Security": "max-age=31536000; includeSubDomains",
        "X-Content-Type-Options": "nosniff",
        "x-ms-correlation-request-id": "0a93b8ce-c256-4607-ac65-9ae8f960fbc8",
        "x-ms-ratelimit-remaining-subscription-reads": "11899",
        "x-ms-request-id": "0a93b8ce-c256-4607-ac65-9ae8f960fbc8",
        "x-ms-routing-request-id": "SOUTHEASTASIA:20231213T033446Z:0a93b8ce-c256-4607-ac65-9ae8f960fbc8"
      },
      "ResponseBody": null
    },
    {
      "RequestUri": "https://management.azure.com/subscriptions/db1ab6f0-4769-4b27-930e-01e2ef9c123c/operationresults/eyJqb2JJZCI6IlJFU09VUkNFR1JPVVBERUxFVElPTkpPQi1PUEVSQVRJT05BTElOU0lHSFRTREFUQUVYUE9SVDoyRFRFU1Q4OTM3LUVBU1RVUyIsImpvYkxvY2F0aW9uIjoiZWFzdHVzIn0?api-version=2022-09-01\u0026t=638380352868125035\u0026c=MIIHHjCCBgagAwIBAgITOgI9LlF5jGEEQe1CmgAEAj0uUTANBgkqhkiG9w0BAQsFADBEMRMwEQYKCZImiZPyLGQBGRYDR0JMMRMwEQYKCZImiZPyLGQBGRYDQU1FMRgwFgYDVQQDEw9BTUUgSU5GUkEgQ0EgMDEwHhcNMjMxMTAxMjE0OTQ5WhcNMjQxMDI2MjE0OTQ5WjBAMT4wPAYDVQQDEzVhc3luY29wZXJhdGlvbnNpZ25pbmdjZXJ0aWZpY2F0ZS5tYW5hZ2VtZW50LmF6dXJlLmNvbTCCASIwDQYJKoZIhvcNAQEBBQADggEPADCCAQoCggEBAMKt_zl2yRFDxIUmqoEA-B7WoRkSqscgwk6CGqDbwEVJS3oTI4Gk-ukQ6El3GQJVthiuwZGw4jwvTDyVWC8mQH2Zni6X1ocTXrNNa6VFJnvzeEn-HpmPATuII8AWtdtUnBvGZGAwgspvH8iZZCiHDowHCWhjVsU6_ipCsmzQeH3oRJI4AwUS_nCVA7U9WPdgIyQp6v5QPzcYCO_zIbNW4y_Cc3phfPEQvPvtSKhuijt68F5WlUY6Ps23ksosYG5VTx7z6skGG9arA5UKUzbbEO8lxzda3OFPZdG7OHe8-VMXxJjtSanZSSbdLgYBRB9m9PGr6voKtML9W5rEukE-lEUCAwEAAaOCBAswggQHMCcGCSsGAQQBgjcVCgQaMBgwCgYIKwYBBQUHAwEwCgYIKwYBBQUHAwIwPQYJKwYBBAGCNxUHBDAwLgYmKwYBBAGCNxUIhpDjDYTVtHiE8Ys-hZvdFs6dEoFggvX2K4Py0SACAWQCAQowggHaBggrBgEFBQcBAQSCAcwwggHIMGYGCCsGAQUFBzAChlpodHRwOi8vY3JsLm1pY3Jvc29mdC5jb20vcGtpaW5mcmEvQ2VydHMvQlkyUEtJSU5UQ0EwMS5BTUUuR0JMX0FNRSUyMElORlJBJTIwQ0ElMjAwMSg0KS5jcnQwVgYIKwYBBQUHMAKGSmh0dHA6Ly9jcmwxLmFtZS5nYmwvYWlhL0JZMlBLSUlOVENBMDEuQU1FLkdCTF9BTUUlMjBJTkZSQSUyMENBJTIwMDEoNCkuY3J0MFYGCCsGAQUFBzAChkpodHRwOi8vY3JsMi5hbWUuZ2JsL2FpYS9CWTJQS0lJTlRDQTAxLkFNRS5HQkxfQU1FJTIwSU5GUkElMjBDQSUyMDAxKDQpLmNydDBWBggrBgEFBQcwAoZKaHR0cDovL2NybDMuYW1lLmdibC9haWEvQlkyUEtJSU5UQ0EwMS5BTUUuR0JMX0FNRSUyMElORlJBJTIwQ0ElMjAwMSg0KS5jcnQwVgYIKwYBBQUHMAKGSmh0dHA6Ly9jcmw0LmFtZS5nYmwvYWlhL0JZMlBLSUlOVENBMDEuQU1FLkdCTF9BTUUlMjBJTkZSQSUyMENBJTIwMDEoNCkuY3J0MB0GA1UdDgQWBBRYUmiD-EjeFFNZByiKICN9p1JofzAOBgNVHQ8BAf8EBAMCBaAwggE1BgNVHR8EggEsMIIBKDCCASSgggEgoIIBHIZCaHR0cDovL2NybC5taWNyb3NvZnQuY29tL3BraWluZnJhL0NSTC9BTUUlMjBJTkZSQSUyMENBJTIwMDEoNCkuY3JshjRodHRwOi8vY3JsMS5hbWUuZ2JsL2NybC9BTUUlMjBJTkZSQSUyMENBJTIwMDEoNCkuY3JshjRodHRwOi8vY3JsMi5hbWUuZ2JsL2NybC9BTUUlMjBJTkZSQSUyMENBJTIwMDEoNCkuY3JshjRodHRwOi8vY3JsMy5hbWUuZ2JsL2NybC9BTUUlMjBJTkZSQSUyMENBJTIwMDEoNCkuY3JshjRodHRwOi8vY3JsNC5hbWUuZ2JsL2NybC9BTUUlMjBJTkZSQSUyMENBJTIwMDEoNCkuY3JsMBcGA1UdIAQQMA4wDAYKKwYBBAGCN3sBATAfBgNVHSMEGDAWgBTl2Ztn_PjsurvwwKidileIud8-YzAdBgNVHSUEFjAUBggrBgEFBQcDAQYIKwYBBQUHAwIwDQYJKoZIhvcNAQELBQADggEBAKRwStAdrsy7tgEfmtXPZXIwgdXOYwSx2Kqzlhq8b6Ptid4V3vhJvDV0WLS7d72KIMUwZiBnfPHhMmsdkLOSpNSZYC23g3QJSBWvoS86Rpkeru5bEyQmv1gucF_MyaFaUXUd4b7xnvCkv-BBNO8m1lvFAowB2odz9esggf82yeOVBx0yEK_NNOK4l36XvRjvIqemSLZOSi1wow_wn_ovhAEPpSSN7UTahPtz7J12vhP1LuZ4Rvn_hNx48ncw445nMBnMVmcuuakaKDC6_sAcs5lg9jq2yHSaIHRw4xcoS5XwvIykGPMUyAD-dXWFih_XFOKh7ea50hObFhghf3Dtvlo\u0026s=hXhhPP3RaTFl5EgZ3rPZkoFeraJWyl14Yp9FwXcc_CUpOXKNvJV7Uhz9JGpSsosEU4YxLQx4xmSien5XdOxOGoDH_ZzeEnsdbAV42X257iE-IbpBzD1fvNQDAmWBydLivmsoGBFK2hf7i0-o4PYPSSKJqsGigmr-Xsj43_C-H5VgiCmPJmfj3tCU26KwIn7Db7E5zRx8AaobGBc4AzD7dzqMG-Y-zt56BXu1auMTC6n-nLGelBGU0xgUpDCiQzNQSIvW6PyqktRnKPV73jwRMg-sx80wfN27WFlXHcZv-Skk4n8c5dz9anBfMV7zp_YR6CkH6wbOQD21f1HoGE1-hA\u0026h=8g-4OKkeHF5IEI2mFMKkCgzUyd83s0T5LnAIMLi0Vn4",
      "RequestMethod": "GET",
      "RequestHeaders": {
        "Authorization": "Sanitized",
        "traceparent": "00-b067008582c2bfda6828740b217777ab-c42db27a5357de19-00",
        "User-Agent": "azsdk-net-ResourceManager/1.9.0 (.NET 6.0.25; Microsoft Windows 10.0.22631)",
        "x-ms-client-request-id": "cf8f32b055fd539473f1b23d7bef94bc",
        "x-ms-return-client-request-id": "true"
      },
      "RequestBody": null,
      "StatusCode": 202,
      "ResponseHeaders": {
        "Cache-Control": "no-cache",
        "Content-Length": "0",
        "Date": "Wed, 13 Dec 2023 03:35:01 GMT",
        "Expires": "-1",
        "Location": "https://management.azure.com/subscriptions/db1ab6f0-4769-4b27-930e-01e2ef9c123c/operationresults/eyJqb2JJZCI6IlJFU09VUkNFR1JPVVBERUxFVElPTkpPQi1PUEVSQVRJT05BTElOU0lHSFRTREFUQUVYUE9SVDoyRFRFU1Q4OTM3LUVBU1RVUyIsImpvYkxvY2F0aW9uIjoiZWFzdHVzIn0?api-version=2022-09-01\u0026t=638380353023761737\u0026c=MIIHHjCCBgagAwIBAgITOgI9LlF5jGEEQe1CmgAEAj0uUTANBgkqhkiG9w0BAQsFADBEMRMwEQYKCZImiZPyLGQBGRYDR0JMMRMwEQYKCZImiZPyLGQBGRYDQU1FMRgwFgYDVQQDEw9BTUUgSU5GUkEgQ0EgMDEwHhcNMjMxMTAxMjE0OTQ5WhcNMjQxMDI2MjE0OTQ5WjBAMT4wPAYDVQQDEzVhc3luY29wZXJhdGlvbnNpZ25pbmdjZXJ0aWZpY2F0ZS5tYW5hZ2VtZW50LmF6dXJlLmNvbTCCASIwDQYJKoZIhvcNAQEBBQADggEPADCCAQoCggEBAMKt_zl2yRFDxIUmqoEA-B7WoRkSqscgwk6CGqDbwEVJS3oTI4Gk-ukQ6El3GQJVthiuwZGw4jwvTDyVWC8mQH2Zni6X1ocTXrNNa6VFJnvzeEn-HpmPATuII8AWtdtUnBvGZGAwgspvH8iZZCiHDowHCWhjVsU6_ipCsmzQeH3oRJI4AwUS_nCVA7U9WPdgIyQp6v5QPzcYCO_zIbNW4y_Cc3phfPEQvPvtSKhuijt68F5WlUY6Ps23ksosYG5VTx7z6skGG9arA5UKUzbbEO8lxzda3OFPZdG7OHe8-VMXxJjtSanZSSbdLgYBRB9m9PGr6voKtML9W5rEukE-lEUCAwEAAaOCBAswggQHMCcGCSsGAQQBgjcVCgQaMBgwCgYIKwYBBQUHAwEwCgYIKwYBBQUHAwIwPQYJKwYBBAGCNxUHBDAwLgYmKwYBBAGCNxUIhpDjDYTVtHiE8Ys-hZvdFs6dEoFggvX2K4Py0SACAWQCAQowggHaBggrBgEFBQcBAQSCAcwwggHIMGYGCCsGAQUFBzAChlpodHRwOi8vY3JsLm1pY3Jvc29mdC5jb20vcGtpaW5mcmEvQ2VydHMvQlkyUEtJSU5UQ0EwMS5BTUUuR0JMX0FNRSUyMElORlJBJTIwQ0ElMjAwMSg0KS5jcnQwVgYIKwYBBQUHMAKGSmh0dHA6Ly9jcmwxLmFtZS5nYmwvYWlhL0JZMlBLSUlOVENBMDEuQU1FLkdCTF9BTUUlMjBJTkZSQSUyMENBJTIwMDEoNCkuY3J0MFYGCCsGAQUFBzAChkpodHRwOi8vY3JsMi5hbWUuZ2JsL2FpYS9CWTJQS0lJTlRDQTAxLkFNRS5HQkxfQU1FJTIwSU5GUkElMjBDQSUyMDAxKDQpLmNydDBWBggrBgEFBQcwAoZKaHR0cDovL2NybDMuYW1lLmdibC9haWEvQlkyUEtJSU5UQ0EwMS5BTUUuR0JMX0FNRSUyMElORlJBJTIwQ0ElMjAwMSg0KS5jcnQwVgYIKwYBBQUHMAKGSmh0dHA6Ly9jcmw0LmFtZS5nYmwvYWlhL0JZMlBLSUlOVENBMDEuQU1FLkdCTF9BTUUlMjBJTkZSQSUyMENBJTIwMDEoNCkuY3J0MB0GA1UdDgQWBBRYUmiD-EjeFFNZByiKICN9p1JofzAOBgNVHQ8BAf8EBAMCBaAwggE1BgNVHR8EggEsMIIBKDCCASSgggEgoIIBHIZCaHR0cDovL2NybC5taWNyb3NvZnQuY29tL3BraWluZnJhL0NSTC9BTUUlMjBJTkZSQSUyMENBJTIwMDEoNCkuY3JshjRodHRwOi8vY3JsMS5hbWUuZ2JsL2NybC9BTUUlMjBJTkZSQSUyMENBJTIwMDEoNCkuY3JshjRodHRwOi8vY3JsMi5hbWUuZ2JsL2NybC9BTUUlMjBJTkZSQSUyMENBJTIwMDEoNCkuY3JshjRodHRwOi8vY3JsMy5hbWUuZ2JsL2NybC9BTUUlMjBJTkZSQSUyMENBJTIwMDEoNCkuY3JshjRodHRwOi8vY3JsNC5hbWUuZ2JsL2NybC9BTUUlMjBJTkZSQSUyMENBJTIwMDEoNCkuY3JsMBcGA1UdIAQQMA4wDAYKKwYBBAGCN3sBATAfBgNVHSMEGDAWgBTl2Ztn_PjsurvwwKidileIud8-YzAdBgNVHSUEFjAUBggrBgEFBQcDAQYIKwYBBQUHAwIwDQYJKoZIhvcNAQELBQADggEBAKRwStAdrsy7tgEfmtXPZXIwgdXOYwSx2Kqzlhq8b6Ptid4V3vhJvDV0WLS7d72KIMUwZiBnfPHhMmsdkLOSpNSZYC23g3QJSBWvoS86Rpkeru5bEyQmv1gucF_MyaFaUXUd4b7xnvCkv-BBNO8m1lvFAowB2odz9esggf82yeOVBx0yEK_NNOK4l36XvRjvIqemSLZOSi1wow_wn_ovhAEPpSSN7UTahPtz7J12vhP1LuZ4Rvn_hNx48ncw445nMBnMVmcuuakaKDC6_sAcs5lg9jq2yHSaIHRw4xcoS5XwvIykGPMUyAD-dXWFih_XFOKh7ea50hObFhghf3Dtvlo\u0026s=Q5RXeeFhVjgBCJ1t213b8iUMOyxlwx69BQG96jQCpNhIxt1rMNOU6jlFMLaQdwZLWH7595L8X5vA8zqKGc-y3DcfbTG1UADoyzwAM2sZO5D9bc_QO46Q_6cQfjC76cLfXwuaIsLSmHrZ7glj-S171qw9zcanCxMkghCrbK1x2urmdnau3HQjGPk502k7_WyKWKehyCzPaCYLuYjTZqUqPr6SCHTjhh3bEXgP-zLARqfRsQmtH-IgYmZMZd98b8aYzYwGzHOSSHvbRV84WpYnGpjnHqqYiEVJlCDrkdcdYFwqq8EYv7n1woZeYzZufo31k68EkKkjp3IQmZmpgITw-A\u0026h=RUZmQVhRF-BLuV6Cum8aMS6bypKKeSTIaK2Fb-PhEIo",
        "Pragma": "no-cache",
        "Retry-After": "15",
        "Strict-Transport-Security": "max-age=31536000; includeSubDomains",
        "X-Content-Type-Options": "nosniff",
        "x-ms-correlation-request-id": "1a7bf8ea-f50f-4b1d-b84b-5ba6bf32703d",
        "x-ms-ratelimit-remaining-subscription-reads": "11898",
        "x-ms-request-id": "1a7bf8ea-f50f-4b1d-b84b-5ba6bf32703d",
        "x-ms-routing-request-id": "SOUTHEASTASIA:20231213T033502Z:1a7bf8ea-f50f-4b1d-b84b-5ba6bf32703d"
      },
      "ResponseBody": null
    },
    {
      "RequestUri": "https://management.azure.com/subscriptions/db1ab6f0-4769-4b27-930e-01e2ef9c123c/operationresults/eyJqb2JJZCI6IlJFU09VUkNFR1JPVVBERUxFVElPTkpPQi1PUEVSQVRJT05BTElOU0lHSFRTREFUQUVYUE9SVDoyRFRFU1Q4OTM3LUVBU1RVUyIsImpvYkxvY2F0aW9uIjoiZWFzdHVzIn0?api-version=2022-09-01\u0026t=638380353023761737\u0026c=MIIHHjCCBgagAwIBAgITOgI9LlF5jGEEQe1CmgAEAj0uUTANBgkqhkiG9w0BAQsFADBEMRMwEQYKCZImiZPyLGQBGRYDR0JMMRMwEQYKCZImiZPyLGQBGRYDQU1FMRgwFgYDVQQDEw9BTUUgSU5GUkEgQ0EgMDEwHhcNMjMxMTAxMjE0OTQ5WhcNMjQxMDI2MjE0OTQ5WjBAMT4wPAYDVQQDEzVhc3luY29wZXJhdGlvbnNpZ25pbmdjZXJ0aWZpY2F0ZS5tYW5hZ2VtZW50LmF6dXJlLmNvbTCCASIwDQYJKoZIhvcNAQEBBQADggEPADCCAQoCggEBAMKt_zl2yRFDxIUmqoEA-B7WoRkSqscgwk6CGqDbwEVJS3oTI4Gk-ukQ6El3GQJVthiuwZGw4jwvTDyVWC8mQH2Zni6X1ocTXrNNa6VFJnvzeEn-HpmPATuII8AWtdtUnBvGZGAwgspvH8iZZCiHDowHCWhjVsU6_ipCsmzQeH3oRJI4AwUS_nCVA7U9WPdgIyQp6v5QPzcYCO_zIbNW4y_Cc3phfPEQvPvtSKhuijt68F5WlUY6Ps23ksosYG5VTx7z6skGG9arA5UKUzbbEO8lxzda3OFPZdG7OHe8-VMXxJjtSanZSSbdLgYBRB9m9PGr6voKtML9W5rEukE-lEUCAwEAAaOCBAswggQHMCcGCSsGAQQBgjcVCgQaMBgwCgYIKwYBBQUHAwEwCgYIKwYBBQUHAwIwPQYJKwYBBAGCNxUHBDAwLgYmKwYBBAGCNxUIhpDjDYTVtHiE8Ys-hZvdFs6dEoFggvX2K4Py0SACAWQCAQowggHaBggrBgEFBQcBAQSCAcwwggHIMGYGCCsGAQUFBzAChlpodHRwOi8vY3JsLm1pY3Jvc29mdC5jb20vcGtpaW5mcmEvQ2VydHMvQlkyUEtJSU5UQ0EwMS5BTUUuR0JMX0FNRSUyMElORlJBJTIwQ0ElMjAwMSg0KS5jcnQwVgYIKwYBBQUHMAKGSmh0dHA6Ly9jcmwxLmFtZS5nYmwvYWlhL0JZMlBLSUlOVENBMDEuQU1FLkdCTF9BTUUlMjBJTkZSQSUyMENBJTIwMDEoNCkuY3J0MFYGCCsGAQUFBzAChkpodHRwOi8vY3JsMi5hbWUuZ2JsL2FpYS9CWTJQS0lJTlRDQTAxLkFNRS5HQkxfQU1FJTIwSU5GUkElMjBDQSUyMDAxKDQpLmNydDBWBggrBgEFBQcwAoZKaHR0cDovL2NybDMuYW1lLmdibC9haWEvQlkyUEtJSU5UQ0EwMS5BTUUuR0JMX0FNRSUyMElORlJBJTIwQ0ElMjAwMSg0KS5jcnQwVgYIKwYBBQUHMAKGSmh0dHA6Ly9jcmw0LmFtZS5nYmwvYWlhL0JZMlBLSUlOVENBMDEuQU1FLkdCTF9BTUUlMjBJTkZSQSUyMENBJTIwMDEoNCkuY3J0MB0GA1UdDgQWBBRYUmiD-EjeFFNZByiKICN9p1JofzAOBgNVHQ8BAf8EBAMCBaAwggE1BgNVHR8EggEsMIIBKDCCASSgggEgoIIBHIZCaHR0cDovL2NybC5taWNyb3NvZnQuY29tL3BraWluZnJhL0NSTC9BTUUlMjBJTkZSQSUyMENBJTIwMDEoNCkuY3JshjRodHRwOi8vY3JsMS5hbWUuZ2JsL2NybC9BTUUlMjBJTkZSQSUyMENBJTIwMDEoNCkuY3JshjRodHRwOi8vY3JsMi5hbWUuZ2JsL2NybC9BTUUlMjBJTkZSQSUyMENBJTIwMDEoNCkuY3JshjRodHRwOi8vY3JsMy5hbWUuZ2JsL2NybC9BTUUlMjBJTkZSQSUyMENBJTIwMDEoNCkuY3JshjRodHRwOi8vY3JsNC5hbWUuZ2JsL2NybC9BTUUlMjBJTkZSQSUyMENBJTIwMDEoNCkuY3JsMBcGA1UdIAQQMA4wDAYKKwYBBAGCN3sBATAfBgNVHSMEGDAWgBTl2Ztn_PjsurvwwKidileIud8-YzAdBgNVHSUEFjAUBggrBgEFBQcDAQYIKwYBBQUHAwIwDQYJKoZIhvcNAQELBQADggEBAKRwStAdrsy7tgEfmtXPZXIwgdXOYwSx2Kqzlhq8b6Ptid4V3vhJvDV0WLS7d72KIMUwZiBnfPHhMmsdkLOSpNSZYC23g3QJSBWvoS86Rpkeru5bEyQmv1gucF_MyaFaUXUd4b7xnvCkv-BBNO8m1lvFAowB2odz9esggf82yeOVBx0yEK_NNOK4l36XvRjvIqemSLZOSi1wow_wn_ovhAEPpSSN7UTahPtz7J12vhP1LuZ4Rvn_hNx48ncw445nMBnMVmcuuakaKDC6_sAcs5lg9jq2yHSaIHRw4xcoS5XwvIykGPMUyAD-dXWFih_XFOKh7ea50hObFhghf3Dtvlo\u0026s=Q5RXeeFhVjgBCJ1t213b8iUMOyxlwx69BQG96jQCpNhIxt1rMNOU6jlFMLaQdwZLWH7595L8X5vA8zqKGc-y3DcfbTG1UADoyzwAM2sZO5D9bc_QO46Q_6cQfjC76cLfXwuaIsLSmHrZ7glj-S171qw9zcanCxMkghCrbK1x2urmdnau3HQjGPk502k7_WyKWKehyCzPaCYLuYjTZqUqPr6SCHTjhh3bEXgP-zLARqfRsQmtH-IgYmZMZd98b8aYzYwGzHOSSHvbRV84WpYnGpjnHqqYiEVJlCDrkdcdYFwqq8EYv7n1woZeYzZufo31k68EkKkjp3IQmZmpgITw-A\u0026h=RUZmQVhRF-BLuV6Cum8aMS6bypKKeSTIaK2Fb-PhEIo",
      "RequestMethod": "GET",
      "RequestHeaders": {
        "Authorization": "Sanitized",
        "traceparent": "00-b067008582c2bfda6828740b217777ab-d3b135e3880a8e0e-00",
        "User-Agent": "azsdk-net-ResourceManager/1.9.0 (.NET 6.0.25; Microsoft Windows 10.0.22631)",
        "x-ms-client-request-id": "988b67cc18658096289a2f1232e6d84e",
        "x-ms-return-client-request-id": "true"
      },
      "RequestBody": null,
      "StatusCode": 202,
      "ResponseHeaders": {
        "Cache-Control": "no-cache",
        "Content-Length": "0",
        "Date": "Wed, 13 Dec 2023 03:35:16 GMT",
        "Expires": "-1",
        "Location": "https://management.azure.com/subscriptions/db1ab6f0-4769-4b27-930e-01e2ef9c123c/operationresults/eyJqb2JJZCI6IlJFU09VUkNFR1JPVVBERUxFVElPTkpPQi1PUEVSQVRJT05BTElOU0lHSFRTREFUQUVYUE9SVDoyRFRFU1Q4OTM3LUVBU1RVUyIsImpvYkxvY2F0aW9uIjoiZWFzdHVzIn0?api-version=2022-09-01\u0026t=638380353179398472\u0026c=MIIHHjCCBgagAwIBAgITOgI9LlF5jGEEQe1CmgAEAj0uUTANBgkqhkiG9w0BAQsFADBEMRMwEQYKCZImiZPyLGQBGRYDR0JMMRMwEQYKCZImiZPyLGQBGRYDQU1FMRgwFgYDVQQDEw9BTUUgSU5GUkEgQ0EgMDEwHhcNMjMxMTAxMjE0OTQ5WhcNMjQxMDI2MjE0OTQ5WjBAMT4wPAYDVQQDEzVhc3luY29wZXJhdGlvbnNpZ25pbmdjZXJ0aWZpY2F0ZS5tYW5hZ2VtZW50LmF6dXJlLmNvbTCCASIwDQYJKoZIhvcNAQEBBQADggEPADCCAQoCggEBAMKt_zl2yRFDxIUmqoEA-B7WoRkSqscgwk6CGqDbwEVJS3oTI4Gk-ukQ6El3GQJVthiuwZGw4jwvTDyVWC8mQH2Zni6X1ocTXrNNa6VFJnvzeEn-HpmPATuII8AWtdtUnBvGZGAwgspvH8iZZCiHDowHCWhjVsU6_ipCsmzQeH3oRJI4AwUS_nCVA7U9WPdgIyQp6v5QPzcYCO_zIbNW4y_Cc3phfPEQvPvtSKhuijt68F5WlUY6Ps23ksosYG5VTx7z6skGG9arA5UKUzbbEO8lxzda3OFPZdG7OHe8-VMXxJjtSanZSSbdLgYBRB9m9PGr6voKtML9W5rEukE-lEUCAwEAAaOCBAswggQHMCcGCSsGAQQBgjcVCgQaMBgwCgYIKwYBBQUHAwEwCgYIKwYBBQUHAwIwPQYJKwYBBAGCNxUHBDAwLgYmKwYBBAGCNxUIhpDjDYTVtHiE8Ys-hZvdFs6dEoFggvX2K4Py0SACAWQCAQowggHaBggrBgEFBQcBAQSCAcwwggHIMGYGCCsGAQUFBzAChlpodHRwOi8vY3JsLm1pY3Jvc29mdC5jb20vcGtpaW5mcmEvQ2VydHMvQlkyUEtJSU5UQ0EwMS5BTUUuR0JMX0FNRSUyMElORlJBJTIwQ0ElMjAwMSg0KS5jcnQwVgYIKwYBBQUHMAKGSmh0dHA6Ly9jcmwxLmFtZS5nYmwvYWlhL0JZMlBLSUlOVENBMDEuQU1FLkdCTF9BTUUlMjBJTkZSQSUyMENBJTIwMDEoNCkuY3J0MFYGCCsGAQUFBzAChkpodHRwOi8vY3JsMi5hbWUuZ2JsL2FpYS9CWTJQS0lJTlRDQTAxLkFNRS5HQkxfQU1FJTIwSU5GUkElMjBDQSUyMDAxKDQpLmNydDBWBggrBgEFBQcwAoZKaHR0cDovL2NybDMuYW1lLmdibC9haWEvQlkyUEtJSU5UQ0EwMS5BTUUuR0JMX0FNRSUyMElORlJBJTIwQ0ElMjAwMSg0KS5jcnQwVgYIKwYBBQUHMAKGSmh0dHA6Ly9jcmw0LmFtZS5nYmwvYWlhL0JZMlBLSUlOVENBMDEuQU1FLkdCTF9BTUUlMjBJTkZSQSUyMENBJTIwMDEoNCkuY3J0MB0GA1UdDgQWBBRYUmiD-EjeFFNZByiKICN9p1JofzAOBgNVHQ8BAf8EBAMCBaAwggE1BgNVHR8EggEsMIIBKDCCASSgggEgoIIBHIZCaHR0cDovL2NybC5taWNyb3NvZnQuY29tL3BraWluZnJhL0NSTC9BTUUlMjBJTkZSQSUyMENBJTIwMDEoNCkuY3JshjRodHRwOi8vY3JsMS5hbWUuZ2JsL2NybC9BTUUlMjBJTkZSQSUyMENBJTIwMDEoNCkuY3JshjRodHRwOi8vY3JsMi5hbWUuZ2JsL2NybC9BTUUlMjBJTkZSQSUyMENBJTIwMDEoNCkuY3JshjRodHRwOi8vY3JsMy5hbWUuZ2JsL2NybC9BTUUlMjBJTkZSQSUyMENBJTIwMDEoNCkuY3JshjRodHRwOi8vY3JsNC5hbWUuZ2JsL2NybC9BTUUlMjBJTkZSQSUyMENBJTIwMDEoNCkuY3JsMBcGA1UdIAQQMA4wDAYKKwYBBAGCN3sBATAfBgNVHSMEGDAWgBTl2Ztn_PjsurvwwKidileIud8-YzAdBgNVHSUEFjAUBggrBgEFBQcDAQYIKwYBBQUHAwIwDQYJKoZIhvcNAQELBQADggEBAKRwStAdrsy7tgEfmtXPZXIwgdXOYwSx2Kqzlhq8b6Ptid4V3vhJvDV0WLS7d72KIMUwZiBnfPHhMmsdkLOSpNSZYC23g3QJSBWvoS86Rpkeru5bEyQmv1gucF_MyaFaUXUd4b7xnvCkv-BBNO8m1lvFAowB2odz9esggf82yeOVBx0yEK_NNOK4l36XvRjvIqemSLZOSi1wow_wn_ovhAEPpSSN7UTahPtz7J12vhP1LuZ4Rvn_hNx48ncw445nMBnMVmcuuakaKDC6_sAcs5lg9jq2yHSaIHRw4xcoS5XwvIykGPMUyAD-dXWFih_XFOKh7ea50hObFhghf3Dtvlo\u0026s=KQLiUsIVTIKjsMD14okI9ZI7HoBCsLxOkzTrLEtr9nASHNkEA85TOAG5zYl-lSmU3rQPeCEOe6dBPLuFi5b3gJCN9qSXJQFpVOZ7NF-YOps1VHk1y2VwSQh7pwcIU1_IsIJrS7GLTaWRwSctWYvqOxW3gW7cbOLEGIQMEEjBO7zip7OPGsSUuQFB5KzwNYtVCZIfhcvap7KFC2iyXNEMtnwgVq7QYsOAnMPygPXgq90QKSbV6fzm0ztuhTSjh4wxZZJlNqBW4JEXuJkxoLt2AIP_ZqQDOU03U5_hcWCkHVh6torqehsgWFrJMbWsMYQb2U2m-9dgghh2iMEKXR9Atg\u0026h=vnmzbEmZa_web86E2vIx5zRTJgUSxbVgSjzu9cET_vg",
        "Pragma": "no-cache",
        "Retry-After": "15",
        "Strict-Transport-Security": "max-age=31536000; includeSubDomains",
        "X-Content-Type-Options": "nosniff",
        "x-ms-correlation-request-id": "c495c935-04d4-4406-aa2a-2c7ceca175de",
        "x-ms-ratelimit-remaining-subscription-reads": "11897",
        "x-ms-request-id": "c495c935-04d4-4406-aa2a-2c7ceca175de",
        "x-ms-routing-request-id": "SOUTHEASTASIA:20231213T033517Z:c495c935-04d4-4406-aa2a-2c7ceca175de"
      },
      "ResponseBody": null
    },
    {
      "RequestUri": "https://management.azure.com/subscriptions/db1ab6f0-4769-4b27-930e-01e2ef9c123c/operationresults/eyJqb2JJZCI6IlJFU09VUkNFR1JPVVBERUxFVElPTkpPQi1PUEVSQVRJT05BTElOU0lHSFRTREFUQUVYUE9SVDoyRFRFU1Q4OTM3LUVBU1RVUyIsImpvYkxvY2F0aW9uIjoiZWFzdHVzIn0?api-version=2022-09-01\u0026t=638380353179398472\u0026c=MIIHHjCCBgagAwIBAgITOgI9LlF5jGEEQe1CmgAEAj0uUTANBgkqhkiG9w0BAQsFADBEMRMwEQYKCZImiZPyLGQBGRYDR0JMMRMwEQYKCZImiZPyLGQBGRYDQU1FMRgwFgYDVQQDEw9BTUUgSU5GUkEgQ0EgMDEwHhcNMjMxMTAxMjE0OTQ5WhcNMjQxMDI2MjE0OTQ5WjBAMT4wPAYDVQQDEzVhc3luY29wZXJhdGlvbnNpZ25pbmdjZXJ0aWZpY2F0ZS5tYW5hZ2VtZW50LmF6dXJlLmNvbTCCASIwDQYJKoZIhvcNAQEBBQADggEPADCCAQoCggEBAMKt_zl2yRFDxIUmqoEA-B7WoRkSqscgwk6CGqDbwEVJS3oTI4Gk-ukQ6El3GQJVthiuwZGw4jwvTDyVWC8mQH2Zni6X1ocTXrNNa6VFJnvzeEn-HpmPATuII8AWtdtUnBvGZGAwgspvH8iZZCiHDowHCWhjVsU6_ipCsmzQeH3oRJI4AwUS_nCVA7U9WPdgIyQp6v5QPzcYCO_zIbNW4y_Cc3phfPEQvPvtSKhuijt68F5WlUY6Ps23ksosYG5VTx7z6skGG9arA5UKUzbbEO8lxzda3OFPZdG7OHe8-VMXxJjtSanZSSbdLgYBRB9m9PGr6voKtML9W5rEukE-lEUCAwEAAaOCBAswggQHMCcGCSsGAQQBgjcVCgQaMBgwCgYIKwYBBQUHAwEwCgYIKwYBBQUHAwIwPQYJKwYBBAGCNxUHBDAwLgYmKwYBBAGCNxUIhpDjDYTVtHiE8Ys-hZvdFs6dEoFggvX2K4Py0SACAWQCAQowggHaBggrBgEFBQcBAQSCAcwwggHIMGYGCCsGAQUFBzAChlpodHRwOi8vY3JsLm1pY3Jvc29mdC5jb20vcGtpaW5mcmEvQ2VydHMvQlkyUEtJSU5UQ0EwMS5BTUUuR0JMX0FNRSUyMElORlJBJTIwQ0ElMjAwMSg0KS5jcnQwVgYIKwYBBQUHMAKGSmh0dHA6Ly9jcmwxLmFtZS5nYmwvYWlhL0JZMlBLSUlOVENBMDEuQU1FLkdCTF9BTUUlMjBJTkZSQSUyMENBJTIwMDEoNCkuY3J0MFYGCCsGAQUFBzAChkpodHRwOi8vY3JsMi5hbWUuZ2JsL2FpYS9CWTJQS0lJTlRDQTAxLkFNRS5HQkxfQU1FJTIwSU5GUkElMjBDQSUyMDAxKDQpLmNydDBWBggrBgEFBQcwAoZKaHR0cDovL2NybDMuYW1lLmdibC9haWEvQlkyUEtJSU5UQ0EwMS5BTUUuR0JMX0FNRSUyMElORlJBJTIwQ0ElMjAwMSg0KS5jcnQwVgYIKwYBBQUHMAKGSmh0dHA6Ly9jcmw0LmFtZS5nYmwvYWlhL0JZMlBLSUlOVENBMDEuQU1FLkdCTF9BTUUlMjBJTkZSQSUyMENBJTIwMDEoNCkuY3J0MB0GA1UdDgQWBBRYUmiD-EjeFFNZByiKICN9p1JofzAOBgNVHQ8BAf8EBAMCBaAwggE1BgNVHR8EggEsMIIBKDCCASSgggEgoIIBHIZCaHR0cDovL2NybC5taWNyb3NvZnQuY29tL3BraWluZnJhL0NSTC9BTUUlMjBJTkZSQSUyMENBJTIwMDEoNCkuY3JshjRodHRwOi8vY3JsMS5hbWUuZ2JsL2NybC9BTUUlMjBJTkZSQSUyMENBJTIwMDEoNCkuY3JshjRodHRwOi8vY3JsMi5hbWUuZ2JsL2NybC9BTUUlMjBJTkZSQSUyMENBJTIwMDEoNCkuY3JshjRodHRwOi8vY3JsMy5hbWUuZ2JsL2NybC9BTUUlMjBJTkZSQSUyMENBJTIwMDEoNCkuY3JshjRodHRwOi8vY3JsNC5hbWUuZ2JsL2NybC9BTUUlMjBJTkZSQSUyMENBJTIwMDEoNCkuY3JsMBcGA1UdIAQQMA4wDAYKKwYBBAGCN3sBATAfBgNVHSMEGDAWgBTl2Ztn_PjsurvwwKidileIud8-YzAdBgNVHSUEFjAUBggrBgEFBQcDAQYIKwYBBQUHAwIwDQYJKoZIhvcNAQELBQADggEBAKRwStAdrsy7tgEfmtXPZXIwgdXOYwSx2Kqzlhq8b6Ptid4V3vhJvDV0WLS7d72KIMUwZiBnfPHhMmsdkLOSpNSZYC23g3QJSBWvoS86Rpkeru5bEyQmv1gucF_MyaFaUXUd4b7xnvCkv-BBNO8m1lvFAowB2odz9esggf82yeOVBx0yEK_NNOK4l36XvRjvIqemSLZOSi1wow_wn_ovhAEPpSSN7UTahPtz7J12vhP1LuZ4Rvn_hNx48ncw445nMBnMVmcuuakaKDC6_sAcs5lg9jq2yHSaIHRw4xcoS5XwvIykGPMUyAD-dXWFih_XFOKh7ea50hObFhghf3Dtvlo\u0026s=KQLiUsIVTIKjsMD14okI9ZI7HoBCsLxOkzTrLEtr9nASHNkEA85TOAG5zYl-lSmU3rQPeCEOe6dBPLuFi5b3gJCN9qSXJQFpVOZ7NF-YOps1VHk1y2VwSQh7pwcIU1_IsIJrS7GLTaWRwSctWYvqOxW3gW7cbOLEGIQMEEjBO7zip7OPGsSUuQFB5KzwNYtVCZIfhcvap7KFC2iyXNEMtnwgVq7QYsOAnMPygPXgq90QKSbV6fzm0ztuhTSjh4wxZZJlNqBW4JEXuJkxoLt2AIP_ZqQDOU03U5_hcWCkHVh6torqehsgWFrJMbWsMYQb2U2m-9dgghh2iMEKXR9Atg\u0026h=vnmzbEmZa_web86E2vIx5zRTJgUSxbVgSjzu9cET_vg",
      "RequestMethod": "GET",
      "RequestHeaders": {
        "Authorization": "Sanitized",
        "traceparent": "00-b067008582c2bfda6828740b217777ab-be7328ad945cdab7-00",
        "User-Agent": "azsdk-net-ResourceManager/1.9.0 (.NET 6.0.25; Microsoft Windows 10.0.22631)",
        "x-ms-client-request-id": "ce344a6a165b65f13f08687e0f3474bf",
        "x-ms-return-client-request-id": "true"
      },
      "RequestBody": null,
      "StatusCode": 202,
      "ResponseHeaders": {
        "Cache-Control": "no-cache",
        "Content-Length": "0",
        "Date": "Wed, 13 Dec 2023 03:35:33 GMT",
        "Expires": "-1",
        "Location": "https://management.azure.com/subscriptions/db1ab6f0-4769-4b27-930e-01e2ef9c123c/operationresults/eyJqb2JJZCI6IlJFU09VUkNFR1JPVVBERUxFVElPTkpPQi1PUEVSQVRJT05BTElOU0lHSFRTREFUQUVYUE9SVDoyRFRFU1Q4OTM3LUVBU1RVUyIsImpvYkxvY2F0aW9uIjoiZWFzdHVzIn0?api-version=2022-09-01\u0026t=638380353335347863\u0026c=MIIHHjCCBgagAwIBAgITOgI9LlF5jGEEQe1CmgAEAj0uUTANBgkqhkiG9w0BAQsFADBEMRMwEQYKCZImiZPyLGQBGRYDR0JMMRMwEQYKCZImiZPyLGQBGRYDQU1FMRgwFgYDVQQDEw9BTUUgSU5GUkEgQ0EgMDEwHhcNMjMxMTAxMjE0OTQ5WhcNMjQxMDI2MjE0OTQ5WjBAMT4wPAYDVQQDEzVhc3luY29wZXJhdGlvbnNpZ25pbmdjZXJ0aWZpY2F0ZS5tYW5hZ2VtZW50LmF6dXJlLmNvbTCCASIwDQYJKoZIhvcNAQEBBQADggEPADCCAQoCggEBAMKt_zl2yRFDxIUmqoEA-B7WoRkSqscgwk6CGqDbwEVJS3oTI4Gk-ukQ6El3GQJVthiuwZGw4jwvTDyVWC8mQH2Zni6X1ocTXrNNa6VFJnvzeEn-HpmPATuII8AWtdtUnBvGZGAwgspvH8iZZCiHDowHCWhjVsU6_ipCsmzQeH3oRJI4AwUS_nCVA7U9WPdgIyQp6v5QPzcYCO_zIbNW4y_Cc3phfPEQvPvtSKhuijt68F5WlUY6Ps23ksosYG5VTx7z6skGG9arA5UKUzbbEO8lxzda3OFPZdG7OHe8-VMXxJjtSanZSSbdLgYBRB9m9PGr6voKtML9W5rEukE-lEUCAwEAAaOCBAswggQHMCcGCSsGAQQBgjcVCgQaMBgwCgYIKwYBBQUHAwEwCgYIKwYBBQUHAwIwPQYJKwYBBAGCNxUHBDAwLgYmKwYBBAGCNxUIhpDjDYTVtHiE8Ys-hZvdFs6dEoFggvX2K4Py0SACAWQCAQowggHaBggrBgEFBQcBAQSCAcwwggHIMGYGCCsGAQUFBzAChlpodHRwOi8vY3JsLm1pY3Jvc29mdC5jb20vcGtpaW5mcmEvQ2VydHMvQlkyUEtJSU5UQ0EwMS5BTUUuR0JMX0FNRSUyMElORlJBJTIwQ0ElMjAwMSg0KS5jcnQwVgYIKwYBBQUHMAKGSmh0dHA6Ly9jcmwxLmFtZS5nYmwvYWlhL0JZMlBLSUlOVENBMDEuQU1FLkdCTF9BTUUlMjBJTkZSQSUyMENBJTIwMDEoNCkuY3J0MFYGCCsGAQUFBzAChkpodHRwOi8vY3JsMi5hbWUuZ2JsL2FpYS9CWTJQS0lJTlRDQTAxLkFNRS5HQkxfQU1FJTIwSU5GUkElMjBDQSUyMDAxKDQpLmNydDBWBggrBgEFBQcwAoZKaHR0cDovL2NybDMuYW1lLmdibC9haWEvQlkyUEtJSU5UQ0EwMS5BTUUuR0JMX0FNRSUyMElORlJBJTIwQ0ElMjAwMSg0KS5jcnQwVgYIKwYBBQUHMAKGSmh0dHA6Ly9jcmw0LmFtZS5nYmwvYWlhL0JZMlBLSUlOVENBMDEuQU1FLkdCTF9BTUUlMjBJTkZSQSUyMENBJTIwMDEoNCkuY3J0MB0GA1UdDgQWBBRYUmiD-EjeFFNZByiKICN9p1JofzAOBgNVHQ8BAf8EBAMCBaAwggE1BgNVHR8EggEsMIIBKDCCASSgggEgoIIBHIZCaHR0cDovL2NybC5taWNyb3NvZnQuY29tL3BraWluZnJhL0NSTC9BTUUlMjBJTkZSQSUyMENBJTIwMDEoNCkuY3JshjRodHRwOi8vY3JsMS5hbWUuZ2JsL2NybC9BTUUlMjBJTkZSQSUyMENBJTIwMDEoNCkuY3JshjRodHRwOi8vY3JsMi5hbWUuZ2JsL2NybC9BTUUlMjBJTkZSQSUyMENBJTIwMDEoNCkuY3JshjRodHRwOi8vY3JsMy5hbWUuZ2JsL2NybC9BTUUlMjBJTkZSQSUyMENBJTIwMDEoNCkuY3JshjRodHRwOi8vY3JsNC5hbWUuZ2JsL2NybC9BTUUlMjBJTkZSQSUyMENBJTIwMDEoNCkuY3JsMBcGA1UdIAQQMA4wDAYKKwYBBAGCN3sBATAfBgNVHSMEGDAWgBTl2Ztn_PjsurvwwKidileIud8-YzAdBgNVHSUEFjAUBggrBgEFBQcDAQYIKwYBBQUHAwIwDQYJKoZIhvcNAQELBQADggEBAKRwStAdrsy7tgEfmtXPZXIwgdXOYwSx2Kqzlhq8b6Ptid4V3vhJvDV0WLS7d72KIMUwZiBnfPHhMmsdkLOSpNSZYC23g3QJSBWvoS86Rpkeru5bEyQmv1gucF_MyaFaUXUd4b7xnvCkv-BBNO8m1lvFAowB2odz9esggf82yeOVBx0yEK_NNOK4l36XvRjvIqemSLZOSi1wow_wn_ovhAEPpSSN7UTahPtz7J12vhP1LuZ4Rvn_hNx48ncw445nMBnMVmcuuakaKDC6_sAcs5lg9jq2yHSaIHRw4xcoS5XwvIykGPMUyAD-dXWFih_XFOKh7ea50hObFhghf3Dtvlo\u0026s=Z4iLpN9GfZTMDLNfjBtns7kTZA0-KW_sqADbavMLm1GbZcWiKDeyN6CCNRRTjHKrO0LZ1ChS-v_bBdiXYwnC0JRlokbAutiZm4hk0cnvW9jBAh9Z2cHADSojQePiLUi4ruSuT_87SXwi8Bq2Klsy7tLsNlc-5wwRHQ1AttFFddPH1IFGgt_GGwgGRyZVY1TN9rYT_pedc-YFMpbuDa0rjXBlpgKGQaGdZlBafJrIVsVKfmf7t3VsWfLV70lexkYSQIQT-bTjL--lgnTLa4OuIOcHDyR0VZyc8nZJcEm0gRjy9-Ow1V2_cmAsPKmQIMVcRrIrRr17vDaPOe68qYTH4Q\u0026h=7UQLRAO_Sm6uZe22BsyuOpfvFnu8S5qswCSWu-MOFJc",
        "Pragma": "no-cache",
        "Retry-After": "15",
        "Strict-Transport-Security": "max-age=31536000; includeSubDomains",
        "X-Content-Type-Options": "nosniff",
        "x-ms-correlation-request-id": "cef918a4-56a7-404f-bceb-b2aad24477da",
        "x-ms-ratelimit-remaining-subscription-reads": "11896",
        "x-ms-request-id": "cef918a4-56a7-404f-bceb-b2aad24477da",
        "x-ms-routing-request-id": "SOUTHEASTASIA:20231213T033533Z:cef918a4-56a7-404f-bceb-b2aad24477da"
      },
      "ResponseBody": null
    },
    {
      "RequestUri": "https://management.azure.com/subscriptions/db1ab6f0-4769-4b27-930e-01e2ef9c123c/operationresults/eyJqb2JJZCI6IlJFU09VUkNFR1JPVVBERUxFVElPTkpPQi1PUEVSQVRJT05BTElOU0lHSFRTREFUQUVYUE9SVDoyRFRFU1Q4OTM3LUVBU1RVUyIsImpvYkxvY2F0aW9uIjoiZWFzdHVzIn0?api-version=2022-09-01\u0026t=638380353335347863\u0026c=MIIHHjCCBgagAwIBAgITOgI9LlF5jGEEQe1CmgAEAj0uUTANBgkqhkiG9w0BAQsFADBEMRMwEQYKCZImiZPyLGQBGRYDR0JMMRMwEQYKCZImiZPyLGQBGRYDQU1FMRgwFgYDVQQDEw9BTUUgSU5GUkEgQ0EgMDEwHhcNMjMxMTAxMjE0OTQ5WhcNMjQxMDI2MjE0OTQ5WjBAMT4wPAYDVQQDEzVhc3luY29wZXJhdGlvbnNpZ25pbmdjZXJ0aWZpY2F0ZS5tYW5hZ2VtZW50LmF6dXJlLmNvbTCCASIwDQYJKoZIhvcNAQEBBQADggEPADCCAQoCggEBAMKt_zl2yRFDxIUmqoEA-B7WoRkSqscgwk6CGqDbwEVJS3oTI4Gk-ukQ6El3GQJVthiuwZGw4jwvTDyVWC8mQH2Zni6X1ocTXrNNa6VFJnvzeEn-HpmPATuII8AWtdtUnBvGZGAwgspvH8iZZCiHDowHCWhjVsU6_ipCsmzQeH3oRJI4AwUS_nCVA7U9WPdgIyQp6v5QPzcYCO_zIbNW4y_Cc3phfPEQvPvtSKhuijt68F5WlUY6Ps23ksosYG5VTx7z6skGG9arA5UKUzbbEO8lxzda3OFPZdG7OHe8-VMXxJjtSanZSSbdLgYBRB9m9PGr6voKtML9W5rEukE-lEUCAwEAAaOCBAswggQHMCcGCSsGAQQBgjcVCgQaMBgwCgYIKwYBBQUHAwEwCgYIKwYBBQUHAwIwPQYJKwYBBAGCNxUHBDAwLgYmKwYBBAGCNxUIhpDjDYTVtHiE8Ys-hZvdFs6dEoFggvX2K4Py0SACAWQCAQowggHaBggrBgEFBQcBAQSCAcwwggHIMGYGCCsGAQUFBzAChlpodHRwOi8vY3JsLm1pY3Jvc29mdC5jb20vcGtpaW5mcmEvQ2VydHMvQlkyUEtJSU5UQ0EwMS5BTUUuR0JMX0FNRSUyMElORlJBJTIwQ0ElMjAwMSg0KS5jcnQwVgYIKwYBBQUHMAKGSmh0dHA6Ly9jcmwxLmFtZS5nYmwvYWlhL0JZMlBLSUlOVENBMDEuQU1FLkdCTF9BTUUlMjBJTkZSQSUyMENBJTIwMDEoNCkuY3J0MFYGCCsGAQUFBzAChkpodHRwOi8vY3JsMi5hbWUuZ2JsL2FpYS9CWTJQS0lJTlRDQTAxLkFNRS5HQkxfQU1FJTIwSU5GUkElMjBDQSUyMDAxKDQpLmNydDBWBggrBgEFBQcwAoZKaHR0cDovL2NybDMuYW1lLmdibC9haWEvQlkyUEtJSU5UQ0EwMS5BTUUuR0JMX0FNRSUyMElORlJBJTIwQ0ElMjAwMSg0KS5jcnQwVgYIKwYBBQUHMAKGSmh0dHA6Ly9jcmw0LmFtZS5nYmwvYWlhL0JZMlBLSUlOVENBMDEuQU1FLkdCTF9BTUUlMjBJTkZSQSUyMENBJTIwMDEoNCkuY3J0MB0GA1UdDgQWBBRYUmiD-EjeFFNZByiKICN9p1JofzAOBgNVHQ8BAf8EBAMCBaAwggE1BgNVHR8EggEsMIIBKDCCASSgggEgoIIBHIZCaHR0cDovL2NybC5taWNyb3NvZnQuY29tL3BraWluZnJhL0NSTC9BTUUlMjBJTkZSQSUyMENBJTIwMDEoNCkuY3JshjRodHRwOi8vY3JsMS5hbWUuZ2JsL2NybC9BTUUlMjBJTkZSQSUyMENBJTIwMDEoNCkuY3JshjRodHRwOi8vY3JsMi5hbWUuZ2JsL2NybC9BTUUlMjBJTkZSQSUyMENBJTIwMDEoNCkuY3JshjRodHRwOi8vY3JsMy5hbWUuZ2JsL2NybC9BTUUlMjBJTkZSQSUyMENBJTIwMDEoNCkuY3JshjRodHRwOi8vY3JsNC5hbWUuZ2JsL2NybC9BTUUlMjBJTkZSQSUyMENBJTIwMDEoNCkuY3JsMBcGA1UdIAQQMA4wDAYKKwYBBAGCN3sBATAfBgNVHSMEGDAWgBTl2Ztn_PjsurvwwKidileIud8-YzAdBgNVHSUEFjAUBggrBgEFBQcDAQYIKwYBBQUHAwIwDQYJKoZIhvcNAQELBQADggEBAKRwStAdrsy7tgEfmtXPZXIwgdXOYwSx2Kqzlhq8b6Ptid4V3vhJvDV0WLS7d72KIMUwZiBnfPHhMmsdkLOSpNSZYC23g3QJSBWvoS86Rpkeru5bEyQmv1gucF_MyaFaUXUd4b7xnvCkv-BBNO8m1lvFAowB2odz9esggf82yeOVBx0yEK_NNOK4l36XvRjvIqemSLZOSi1wow_wn_ovhAEPpSSN7UTahPtz7J12vhP1LuZ4Rvn_hNx48ncw445nMBnMVmcuuakaKDC6_sAcs5lg9jq2yHSaIHRw4xcoS5XwvIykGPMUyAD-dXWFih_XFOKh7ea50hObFhghf3Dtvlo\u0026s=Z4iLpN9GfZTMDLNfjBtns7kTZA0-KW_sqADbavMLm1GbZcWiKDeyN6CCNRRTjHKrO0LZ1ChS-v_bBdiXYwnC0JRlokbAutiZm4hk0cnvW9jBAh9Z2cHADSojQePiLUi4ruSuT_87SXwi8Bq2Klsy7tLsNlc-5wwRHQ1AttFFddPH1IFGgt_GGwgGRyZVY1TN9rYT_pedc-YFMpbuDa0rjXBlpgKGQaGdZlBafJrIVsVKfmf7t3VsWfLV70lexkYSQIQT-bTjL--lgnTLa4OuIOcHDyR0VZyc8nZJcEm0gRjy9-Ow1V2_cmAsPKmQIMVcRrIrRr17vDaPOe68qYTH4Q\u0026h=7UQLRAO_Sm6uZe22BsyuOpfvFnu8S5qswCSWu-MOFJc",
      "RequestMethod": "GET",
      "RequestHeaders": {
        "Authorization": "Sanitized",
        "traceparent": "00-b067008582c2bfda6828740b217777ab-dc02f2e6e5d585a0-00",
        "User-Agent": "azsdk-net-ResourceManager/1.9.0 (.NET 6.0.25; Microsoft Windows 10.0.22631)",
        "x-ms-client-request-id": "02a3b5141d8a980f9b0fa7632681218c",
        "x-ms-return-client-request-id": "true"
      },
      "RequestBody": null,
      "StatusCode": 202,
      "ResponseHeaders": {
        "Cache-Control": "no-cache",
        "Content-Length": "0",
        "Date": "Wed, 13 Dec 2023 03:35:49 GMT",
        "Expires": "-1",
        "Location": "https://management.azure.com/subscriptions/db1ab6f0-4769-4b27-930e-01e2ef9c123c/operationresults/eyJqb2JJZCI6IlJFU09VUkNFR1JPVVBERUxFVElPTkpPQi1PUEVSQVRJT05BTElOU0lHSFRTREFUQUVYUE9SVDoyRFRFU1Q4OTM3LUVBU1RVUyIsImpvYkxvY2F0aW9uIjoiZWFzdHVzIn0?api-version=2022-09-01\u0026t=638380353501297807\u0026c=MIIHHjCCBgagAwIBAgITOgI9LlF5jGEEQe1CmgAEAj0uUTANBgkqhkiG9w0BAQsFADBEMRMwEQYKCZImiZPyLGQBGRYDR0JMMRMwEQYKCZImiZPyLGQBGRYDQU1FMRgwFgYDVQQDEw9BTUUgSU5GUkEgQ0EgMDEwHhcNMjMxMTAxMjE0OTQ5WhcNMjQxMDI2MjE0OTQ5WjBAMT4wPAYDVQQDEzVhc3luY29wZXJhdGlvbnNpZ25pbmdjZXJ0aWZpY2F0ZS5tYW5hZ2VtZW50LmF6dXJlLmNvbTCCASIwDQYJKoZIhvcNAQEBBQADggEPADCCAQoCggEBAMKt_zl2yRFDxIUmqoEA-B7WoRkSqscgwk6CGqDbwEVJS3oTI4Gk-ukQ6El3GQJVthiuwZGw4jwvTDyVWC8mQH2Zni6X1ocTXrNNa6VFJnvzeEn-HpmPATuII8AWtdtUnBvGZGAwgspvH8iZZCiHDowHCWhjVsU6_ipCsmzQeH3oRJI4AwUS_nCVA7U9WPdgIyQp6v5QPzcYCO_zIbNW4y_Cc3phfPEQvPvtSKhuijt68F5WlUY6Ps23ksosYG5VTx7z6skGG9arA5UKUzbbEO8lxzda3OFPZdG7OHe8-VMXxJjtSanZSSbdLgYBRB9m9PGr6voKtML9W5rEukE-lEUCAwEAAaOCBAswggQHMCcGCSsGAQQBgjcVCgQaMBgwCgYIKwYBBQUHAwEwCgYIKwYBBQUHAwIwPQYJKwYBBAGCNxUHBDAwLgYmKwYBBAGCNxUIhpDjDYTVtHiE8Ys-hZvdFs6dEoFggvX2K4Py0SACAWQCAQowggHaBggrBgEFBQcBAQSCAcwwggHIMGYGCCsGAQUFBzAChlpodHRwOi8vY3JsLm1pY3Jvc29mdC5jb20vcGtpaW5mcmEvQ2VydHMvQlkyUEtJSU5UQ0EwMS5BTUUuR0JMX0FNRSUyMElORlJBJTIwQ0ElMjAwMSg0KS5jcnQwVgYIKwYBBQUHMAKGSmh0dHA6Ly9jcmwxLmFtZS5nYmwvYWlhL0JZMlBLSUlOVENBMDEuQU1FLkdCTF9BTUUlMjBJTkZSQSUyMENBJTIwMDEoNCkuY3J0MFYGCCsGAQUFBzAChkpodHRwOi8vY3JsMi5hbWUuZ2JsL2FpYS9CWTJQS0lJTlRDQTAxLkFNRS5HQkxfQU1FJTIwSU5GUkElMjBDQSUyMDAxKDQpLmNydDBWBggrBgEFBQcwAoZKaHR0cDovL2NybDMuYW1lLmdibC9haWEvQlkyUEtJSU5UQ0EwMS5BTUUuR0JMX0FNRSUyMElORlJBJTIwQ0ElMjAwMSg0KS5jcnQwVgYIKwYBBQUHMAKGSmh0dHA6Ly9jcmw0LmFtZS5nYmwvYWlhL0JZMlBLSUlOVENBMDEuQU1FLkdCTF9BTUUlMjBJTkZSQSUyMENBJTIwMDEoNCkuY3J0MB0GA1UdDgQWBBRYUmiD-EjeFFNZByiKICN9p1JofzAOBgNVHQ8BAf8EBAMCBaAwggE1BgNVHR8EggEsMIIBKDCCASSgggEgoIIBHIZCaHR0cDovL2NybC5taWNyb3NvZnQuY29tL3BraWluZnJhL0NSTC9BTUUlMjBJTkZSQSUyMENBJTIwMDEoNCkuY3JshjRodHRwOi8vY3JsMS5hbWUuZ2JsL2NybC9BTUUlMjBJTkZSQSUyMENBJTIwMDEoNCkuY3JshjRodHRwOi8vY3JsMi5hbWUuZ2JsL2NybC9BTUUlMjBJTkZSQSUyMENBJTIwMDEoNCkuY3JshjRodHRwOi8vY3JsMy5hbWUuZ2JsL2NybC9BTUUlMjBJTkZSQSUyMENBJTIwMDEoNCkuY3JshjRodHRwOi8vY3JsNC5hbWUuZ2JsL2NybC9BTUUlMjBJTkZSQSUyMENBJTIwMDEoNCkuY3JsMBcGA1UdIAQQMA4wDAYKKwYBBAGCN3sBATAfBgNVHSMEGDAWgBTl2Ztn_PjsurvwwKidileIud8-YzAdBgNVHSUEFjAUBggrBgEFBQcDAQYIKwYBBQUHAwIwDQYJKoZIhvcNAQELBQADggEBAKRwStAdrsy7tgEfmtXPZXIwgdXOYwSx2Kqzlhq8b6Ptid4V3vhJvDV0WLS7d72KIMUwZiBnfPHhMmsdkLOSpNSZYC23g3QJSBWvoS86Rpkeru5bEyQmv1gucF_MyaFaUXUd4b7xnvCkv-BBNO8m1lvFAowB2odz9esggf82yeOVBx0yEK_NNOK4l36XvRjvIqemSLZOSi1wow_wn_ovhAEPpSSN7UTahPtz7J12vhP1LuZ4Rvn_hNx48ncw445nMBnMVmcuuakaKDC6_sAcs5lg9jq2yHSaIHRw4xcoS5XwvIykGPMUyAD-dXWFih_XFOKh7ea50hObFhghf3Dtvlo\u0026s=iU6Ei-Io9dW7gsoIk9VIo3fOJNwkeEVjYro2gFL4ZbUnc8sZ9Mwgg7IpyA3_VoRG7BjXvmzpEcPk2Ar75o_iGQhGqrNAB-xKL8yOGDOklXpily17cNm78WM4skesgynEq-ZdWmeV-jBe_42Z8eiS9gofMbjBk7ivfE5goHZ3w7Ee_ZgEm_0X7lrLO64MsUOldTkGkpDCaSJ9wOtVEyNRMgHyLv0kvxURjL-2KHGcnQu3onhkiEeyEPMe-Os41U4mUFjq7Im0EVNcPdzN45oJPrezUjWfm81Az6ayCMXcF_a1479Mgw2asHaAKzp2_a9AWnoY83Dbqle-EfdflmOr2Q\u0026h=BOiA1eaUTljhEw6VZ6eJFBP76dVtitlwUK46uAJoMFc",
        "Pragma": "no-cache",
        "Retry-After": "15",
        "Strict-Transport-Security": "max-age=31536000; includeSubDomains",
        "X-Content-Type-Options": "nosniff",
        "x-ms-correlation-request-id": "d7bcfe6a-5020-4d05-8865-876c859d753b",
        "x-ms-ratelimit-remaining-subscription-reads": "11895",
        "x-ms-request-id": "d7bcfe6a-5020-4d05-8865-876c859d753b",
        "x-ms-routing-request-id": "SOUTHEASTASIA:20231213T033550Z:d7bcfe6a-5020-4d05-8865-876c859d753b"
      },
      "ResponseBody": null
    },
    {
      "RequestUri": "https://management.azure.com/subscriptions/db1ab6f0-4769-4b27-930e-01e2ef9c123c/operationresults/eyJqb2JJZCI6IlJFU09VUkNFR1JPVVBERUxFVElPTkpPQi1PUEVSQVRJT05BTElOU0lHSFRTREFUQUVYUE9SVDoyRFRFU1Q4OTM3LUVBU1RVUyIsImpvYkxvY2F0aW9uIjoiZWFzdHVzIn0?api-version=2022-09-01\u0026t=638380353501297807\u0026c=MIIHHjCCBgagAwIBAgITOgI9LlF5jGEEQe1CmgAEAj0uUTANBgkqhkiG9w0BAQsFADBEMRMwEQYKCZImiZPyLGQBGRYDR0JMMRMwEQYKCZImiZPyLGQBGRYDQU1FMRgwFgYDVQQDEw9BTUUgSU5GUkEgQ0EgMDEwHhcNMjMxMTAxMjE0OTQ5WhcNMjQxMDI2MjE0OTQ5WjBAMT4wPAYDVQQDEzVhc3luY29wZXJhdGlvbnNpZ25pbmdjZXJ0aWZpY2F0ZS5tYW5hZ2VtZW50LmF6dXJlLmNvbTCCASIwDQYJKoZIhvcNAQEBBQADggEPADCCAQoCggEBAMKt_zl2yRFDxIUmqoEA-B7WoRkSqscgwk6CGqDbwEVJS3oTI4Gk-ukQ6El3GQJVthiuwZGw4jwvTDyVWC8mQH2Zni6X1ocTXrNNa6VFJnvzeEn-HpmPATuII8AWtdtUnBvGZGAwgspvH8iZZCiHDowHCWhjVsU6_ipCsmzQeH3oRJI4AwUS_nCVA7U9WPdgIyQp6v5QPzcYCO_zIbNW4y_Cc3phfPEQvPvtSKhuijt68F5WlUY6Ps23ksosYG5VTx7z6skGG9arA5UKUzbbEO8lxzda3OFPZdG7OHe8-VMXxJjtSanZSSbdLgYBRB9m9PGr6voKtML9W5rEukE-lEUCAwEAAaOCBAswggQHMCcGCSsGAQQBgjcVCgQaMBgwCgYIKwYBBQUHAwEwCgYIKwYBBQUHAwIwPQYJKwYBBAGCNxUHBDAwLgYmKwYBBAGCNxUIhpDjDYTVtHiE8Ys-hZvdFs6dEoFggvX2K4Py0SACAWQCAQowggHaBggrBgEFBQcBAQSCAcwwggHIMGYGCCsGAQUFBzAChlpodHRwOi8vY3JsLm1pY3Jvc29mdC5jb20vcGtpaW5mcmEvQ2VydHMvQlkyUEtJSU5UQ0EwMS5BTUUuR0JMX0FNRSUyMElORlJBJTIwQ0ElMjAwMSg0KS5jcnQwVgYIKwYBBQUHMAKGSmh0dHA6Ly9jcmwxLmFtZS5nYmwvYWlhL0JZMlBLSUlOVENBMDEuQU1FLkdCTF9BTUUlMjBJTkZSQSUyMENBJTIwMDEoNCkuY3J0MFYGCCsGAQUFBzAChkpodHRwOi8vY3JsMi5hbWUuZ2JsL2FpYS9CWTJQS0lJTlRDQTAxLkFNRS5HQkxfQU1FJTIwSU5GUkElMjBDQSUyMDAxKDQpLmNydDBWBggrBgEFBQcwAoZKaHR0cDovL2NybDMuYW1lLmdibC9haWEvQlkyUEtJSU5UQ0EwMS5BTUUuR0JMX0FNRSUyMElORlJBJTIwQ0ElMjAwMSg0KS5jcnQwVgYIKwYBBQUHMAKGSmh0dHA6Ly9jcmw0LmFtZS5nYmwvYWlhL0JZMlBLSUlOVENBMDEuQU1FLkdCTF9BTUUlMjBJTkZSQSUyMENBJTIwMDEoNCkuY3J0MB0GA1UdDgQWBBRYUmiD-EjeFFNZByiKICN9p1JofzAOBgNVHQ8BAf8EBAMCBaAwggE1BgNVHR8EggEsMIIBKDCCASSgggEgoIIBHIZCaHR0cDovL2NybC5taWNyb3NvZnQuY29tL3BraWluZnJhL0NSTC9BTUUlMjBJTkZSQSUyMENBJTIwMDEoNCkuY3JshjRodHRwOi8vY3JsMS5hbWUuZ2JsL2NybC9BTUUlMjBJTkZSQSUyMENBJTIwMDEoNCkuY3JshjRodHRwOi8vY3JsMi5hbWUuZ2JsL2NybC9BTUUlMjBJTkZSQSUyMENBJTIwMDEoNCkuY3JshjRodHRwOi8vY3JsMy5hbWUuZ2JsL2NybC9BTUUlMjBJTkZSQSUyMENBJTIwMDEoNCkuY3JshjRodHRwOi8vY3JsNC5hbWUuZ2JsL2NybC9BTUUlMjBJTkZSQSUyMENBJTIwMDEoNCkuY3JsMBcGA1UdIAQQMA4wDAYKKwYBBAGCN3sBATAfBgNVHSMEGDAWgBTl2Ztn_PjsurvwwKidileIud8-YzAdBgNVHSUEFjAUBggrBgEFBQcDAQYIKwYBBQUHAwIwDQYJKoZIhvcNAQELBQADggEBAKRwStAdrsy7tgEfmtXPZXIwgdXOYwSx2Kqzlhq8b6Ptid4V3vhJvDV0WLS7d72KIMUwZiBnfPHhMmsdkLOSpNSZYC23g3QJSBWvoS86Rpkeru5bEyQmv1gucF_MyaFaUXUd4b7xnvCkv-BBNO8m1lvFAowB2odz9esggf82yeOVBx0yEK_NNOK4l36XvRjvIqemSLZOSi1wow_wn_ovhAEPpSSN7UTahPtz7J12vhP1LuZ4Rvn_hNx48ncw445nMBnMVmcuuakaKDC6_sAcs5lg9jq2yHSaIHRw4xcoS5XwvIykGPMUyAD-dXWFih_XFOKh7ea50hObFhghf3Dtvlo\u0026s=iU6Ei-Io9dW7gsoIk9VIo3fOJNwkeEVjYro2gFL4ZbUnc8sZ9Mwgg7IpyA3_VoRG7BjXvmzpEcPk2Ar75o_iGQhGqrNAB-xKL8yOGDOklXpily17cNm78WM4skesgynEq-ZdWmeV-jBe_42Z8eiS9gofMbjBk7ivfE5goHZ3w7Ee_ZgEm_0X7lrLO64MsUOldTkGkpDCaSJ9wOtVEyNRMgHyLv0kvxURjL-2KHGcnQu3onhkiEeyEPMe-Os41U4mUFjq7Im0EVNcPdzN45oJPrezUjWfm81Az6ayCMXcF_a1479Mgw2asHaAKzp2_a9AWnoY83Dbqle-EfdflmOr2Q\u0026h=BOiA1eaUTljhEw6VZ6eJFBP76dVtitlwUK46uAJoMFc",
      "RequestMethod": "GET",
      "RequestHeaders": {
        "Authorization": "Sanitized",
        "traceparent": "00-b067008582c2bfda6828740b217777ab-bd319ee6d1e7547c-00",
        "User-Agent": "azsdk-net-ResourceManager/1.9.0 (.NET 6.0.25; Microsoft Windows 10.0.22631)",
        "x-ms-client-request-id": "30d36319c6bbb6617626595caf1770f4",
        "x-ms-return-client-request-id": "true"
      },
      "RequestBody": null,
      "StatusCode": 200,
      "ResponseHeaders": {
        "Cache-Control": "no-cache",
        "Content-Length": "0",
        "Date": "Wed, 13 Dec 2023 03:36:22 GMT",
        "Expires": "-1",
        "Pragma": "no-cache",
        "Strict-Transport-Security": "max-age=31536000; includeSubDomains",
        "X-Content-Type-Options": "nosniff",
        "x-ms-correlation-request-id": "8a8f3440-dbf8-4dc5-9208-895b91af167e",
        "x-ms-ratelimit-remaining-subscription-reads": "11894",
        "x-ms-request-id": "8a8f3440-dbf8-4dc5-9208-895b91af167e",
        "x-ms-routing-request-id": "SOUTHEASTASIA:20231213T033622Z:8a8f3440-dbf8-4dc5-9208-895b91af167e"
      },
      "ResponseBody": null
    }
  ],
  "Variables": {
    "AZURE_AUTHORITY_HOST": "https://login.microsoftonline.com/",
    "RandomSeed": "143703765",
    "RESOURCE_MANAGER_URL": null,
    "SUBSCRIPTION_ID": "db1ab6f0-4769-4b27-930e-01e2ef9c123c"
  }
}
