{
  "Entries": [
    {
      "RequestUri": "https://sanitized.comminication.azure.com/routing/distributionPolicies/BA8280008D5A34B0B2892F22E5D9A2D817B26165F9AFE8CA60?api-version=2023-11-01",
      "RequestMethod": "PATCH",
      "RequestHeaders": {
        "Accept": "application/json",
        "Authorization": "Sanitized",
        "Content-Length": "156",
        "Content-Type": "application/merge-patch\u002Bjson",
        "traceparent": "00-4368bdaff078d288798752b1a3a55879-1aeae616c1256597-00",
        "User-Agent": "azsdk-net-Communication.JobRouter/1.0.0-alpha.20231031.1 (.NET 7.0.13; Microsoft Windows 10.0.22621)",
        "x-ms-client-request-id": "39b552b1de42fcd9379d52db0f1126cf",
        "x-ms-content-sha256": "Sanitized",
        "x-ms-date": "Tue, 31 Oct 2023 20:07:53 GMT",
        "x-ms-return-client-request-id": "true"
      },
      "RequestBody": {
        "name": "Simple-Queue-Distribution",
        "offerExpiresAfterSeconds": 600,
        "mode": {
          "kind": "longest-idle",
          "minConcurrentOffers": 1,
          "maxConcurrentOffers": 1
        },
        "etag": ""
      },
      "StatusCode": 201,
      "ResponseHeaders": {
        "api-supported-versions": "2021-04-07-preview1, 2022-07-18-preview, 2023-08-25-preview, 2023-11-01",
        "Connection": "keep-alive",
        "Content-Type": "application/json; charset=utf-8",
        "Date": "Tue, 31 Oct 2023 20:07:57 GMT",
        "ETag": "\u002249002ed8-0000-0700-0000-65415e9d0000\u0022",
        "Last-Modified": "Tue, 31 Oct 2023 20:07:57 GMT",
        "Request-Context": "appId=",
        "trace-id": "4368bdaf-f078-d288-7987-52b1a3a55879",
        "Transfer-Encoding": "chunked",
        "x-azure-ref": "20231031T200757Z-d2gk1gzyud20z61b2ga907e58n00000002ag00000000f8c3",
        "X-Cache": "CONFIG_NOCACHE"
      },
      "ResponseBody": {
        "id": "BA8280008D5A34B0B2892F22E5D9A2D817B26165F9AFE8CA60",
        "name": "Simple-Queue-Distribution",
        "offerExpiresAfterSeconds": 600,
        "mode": {
          "kind": "longest-idle",
          "minConcurrentOffers": 1,
          "maxConcurrentOffers": 1,
          "bypassSelectors": false
        },
        "etag": "\u002249002ed8-0000-0700-0000-65415e9d0000\u0022"
      }
    },
    {
      "RequestUri": "https://sanitized.comminication.azure.com/routing/queues/BA8280008D5A34B0B2892F22E5D9A2D817B26165F9AFE8CA60?api-version=2023-11-01",
      "RequestMethod": "PATCH",
      "RequestHeaders": {
        "Accept": "application/json",
        "Authorization": "Sanitized",
        "Content-Length": "101",
        "Content-Type": "application/merge-patch\u002Bjson",
        "traceparent": "00-958f7a1dad1c5f6378b5574668fff1b3-18cd99b0669357e6-00",
        "User-Agent": "azsdk-net-Communication.JobRouter/1.0.0-alpha.20231031.1 (.NET 7.0.13; Microsoft Windows 10.0.22621)",
        "x-ms-client-request-id": "24695bb1575bbfb31a411358928d611d",
        "x-ms-content-sha256": "Sanitized",
        "x-ms-date": "Tue, 31 Oct 2023 20:07:54 GMT",
        "x-ms-return-client-request-id": "true"
      },
      "RequestBody": {
        "name": "test",
        "distributionPolicyId": "BA8280008D5A34B0B2892F22E5D9A2D817B26165F9AFE8CA60",
        "etag": ""
      },
      "StatusCode": 201,
      "ResponseHeaders": {
        "api-supported-versions": "2021-04-07-preview1, 2022-07-18-preview, 2023-08-25-preview, 2023-11-01",
        "Connection": "keep-alive",
        "Content-Type": "application/json; charset=utf-8",
        "Date": "Tue, 31 Oct 2023 20:07:58 GMT",
        "ETag": "\u00220c01d450-0000-0700-0000-65415e9e0000\u0022",
        "Last-Modified": "Tue, 31 Oct 2023 20:07:58 GMT",
        "Request-Context": "appId=",
        "trace-id": "958f7a1d-ad1c-5f63-78b5-574668fff1b3",
        "Transfer-Encoding": "chunked",
        "x-azure-ref": "20231031T200758Z-d2gk1gzyud20z61b2ga907e58n00000002ag00000000f8d9",
        "X-Cache": "CONFIG_NOCACHE"
      },
      "ResponseBody": {
        "id": "BA8280008D5A34B0B2892F22E5D9A2D817B26165F9AFE8CA60",
        "name": "test",
        "distributionPolicyId": "BA8280008D5A34B0B2892F22E5D9A2D817B26165F9AFE8CA60",
        "labels": {
          "Id": "BA8280008D5A34B0B2892F22E5D9A2D817B26165F9AFE8CA60"
        },
        "etag": "\u00220c01d450-0000-0700-0000-65415e9e0000\u0022"
      }
    },
    {
      "RequestUri": "https://sanitized.comminication.azure.com/routing/workers/1B14DB8D7DF80E165B2A79236A07448D9A836D243B791D1C9F?api-version=2023-11-01",
      "RequestMethod": "PATCH",
      "RequestHeaders": {
        "Accept": "application/json",
        "Authorization": "Sanitized",
        "Content-Length": "217",
        "Content-Type": "application/merge-patch\u002Bjson",
        "traceparent": "00-513165f25c4f5f45d32b246ba062d1bf-b90144cade6b4f7b-00",
        "User-Agent": "azsdk-net-Communication.JobRouter/1.0.0-alpha.20231031.1 (.NET 7.0.13; Microsoft Windows 10.0.22621)",
        "x-ms-client-request-id": "aa5d02985cf65c2ad0ea2e51efec3b2c",
        "x-ms-content-sha256": "Sanitized",
        "x-ms-date": "Tue, 31 Oct 2023 20:07:54 GMT",
        "x-ms-return-client-request-id": "true"
      },
      "RequestBody": {
        "queues": [
          "BA8280008D5A34B0B2892F22E5D9A2D817B26165F9AFE8CA60"
        ],
        "capacity": 1,
        "channels": [
          {
            "channelId": "13B595A9CB5E3205D24E323829E1B3035236EDD3DF2D112FFA",
            "capacityCostPerJob": 1
          }
        ],
        "availableForOffers": true,
        "etag": ""
      },
      "StatusCode": 201,
      "ResponseHeaders": {
        "api-supported-versions": "2021-04-07-preview1, 2022-07-18-preview, 2023-08-25-preview, 2023-11-01",
        "Connection": "keep-alive",
        "Content-Type": "application/json; charset=utf-8",
        "Date": "Tue, 31 Oct 2023 20:07:58 GMT",
        "ETag": "\u002200000001-0000-0000-00f6-cb134ddadb08\u0022",
        "Last-Modified": "Tue, 31 Oct 2023 20:07:58 GMT",
        "Request-Context": "appId=",
        "trace-id": "513165f2-5c4f-5f45-d32b-246ba062d1bf",
        "Transfer-Encoding": "chunked",
        "x-azure-ref": "20231031T200758Z-d2gk1gzyud20z61b2ga907e58n00000002ag00000000f8dk",
        "X-Cache": "CONFIG_NOCACHE"
      },
      "ResponseBody": {
        "id": "1B14DB8D7DF80E165B2A79236A07448D9A836D243B791D1C9F",
        "state": "active",
        "queues": [
          "BA8280008D5A34B0B2892F22E5D9A2D817B26165F9AFE8CA60"
        ],
        "capacity": 1,
        "labels": {
          "Id": "1B14DB8D7DF80E165B2A79236A07448D9A836D243B791D1C9F"
        },
        "tags": {},
        "channels": [
          {
            "channelId": "13B595A9CB5E3205D24E323829E1B3035236EDD3DF2D112FFA",
            "capacityCostPerJob": 1
          }
        ],
        "offers": [],
        "assignedJobs": [],
        "loadRatio": 0,
        "availableForOffers": true,
        "etag": "\u002200000001-0000-0000-00f6-cb134ddadb08\u0022"
      }
    },
    {
      "RequestUri": "https://sanitized.comminication.azure.com/routing/jobs/8D65D03D46D36DE995D91ADD9DAA89FF33DE636BE081FC3D9A?api-version=2023-11-01",
      "RequestMethod": "PATCH",
      "RequestHeaders": {
        "Accept": "application/json",
        "Authorization": "Sanitized",
        "Content-Length": "243",
        "Content-Type": "application/merge-patch\u002Bjson",
        "traceparent": "00-04c50ad89a5ad1d69fd1efa3bfba4b05-ab6d90c2da106eaa-00",
        "User-Agent": "azsdk-net-Communication.JobRouter/1.0.0-alpha.20231031.1 (.NET 7.0.13; Microsoft Windows 10.0.22621)",
        "x-ms-client-request-id": "2fa7275db97659d89ef51f01cb8169aa",
        "x-ms-content-sha256": "Sanitized",
        "x-ms-date": "Tue, 31 Oct 2023 20:07:54 GMT",
        "x-ms-return-client-request-id": "true"
      },
      "RequestBody": {
        "channelId": "13B595A9CB5E3205D24E323829E1B3035236EDD3DF2D112FFA",
        "queueId": "BA8280008D5A34B0B2892F22E5D9A2D817B26165F9AFE8CA60",
        "priority": 1,
        "matchingMode": {
          "scheduleAt": "2023-10-31T20:08:04.4240447Z",
          "kind": "schedule-and-suspend"
        },
        "etag": ""
      },
      "StatusCode": 201,
      "ResponseHeaders": {
        "api-supported-versions": "2021-04-07-preview1, 2022-07-18-preview, 2023-08-25-preview, 2023-11-01",
        "Connection": "keep-alive",
        "Content-Type": "application/json; charset=utf-8",
        "Date": "Tue, 31 Oct 2023 20:07:58 GMT",
        "ETag": "\u002200000000-0000-0000-9d1a-ef134ddadb08\u0022",
        "Last-Modified": "Tue, 31 Oct 2023 20:07:58 GMT",
        "Request-Context": "appId=",
        "trace-id": "04c50ad8-9a5a-d1d6-9fd1-efa3bfba4b05",
        "Transfer-Encoding": "chunked",
        "x-azure-ref": "20231031T200758Z-d2gk1gzyud20z61b2ga907e58n00000002ag00000000f8ee",
        "X-Cache": "CONFIG_NOCACHE"
      },
      "ResponseBody": {
        "id": "8D65D03D46D36DE995D91ADD9DAA89FF33DE636BE081FC3D9A",
        "status": "pendingSchedule",
        "channelId": "13B595A9CB5E3205D24E323829E1B3035236EDD3DF2D112FFA",
        "queueId": "BA8280008D5A34B0B2892F22E5D9A2D817B26165F9AFE8CA60",
        "priority": 1,
        "requestedWorkerSelectors": [],
        "attachedWorkerSelectors": [],
        "labels": {},
        "assignments": {},
        "tags": {},
        "notes": [],
        "matchingMode": {
          "kind": "schedule-and-suspend",
          "scheduleAt": "2023-10-31T20:08:04.4240447\u002B00:00"
        },
        "etag": "\u002200000000-0000-0000-9d1a-ef134ddadb08\u0022"
      }
    },
    {
      "RequestUri": "https://sanitized.comminication.azure.com/routing/jobs/8D65D03D46D36DE995D91ADD9DAA89FF33DE636BE081FC3D9A?api-version=2023-11-01",
      "RequestMethod": "GET",
      "RequestHeaders": {
        "Accept": "application/json",
        "Authorization": "Sanitized",
        "traceparent": "00-5fdb843dfd655004c0156446df4493fc-5a4256f9ddc7413a-00",
        "User-Agent": "azsdk-net-Communication.JobRouter/1.0.0-alpha.20231031.1 (.NET 7.0.13; Microsoft Windows 10.0.22621)",
        "x-ms-client-request-id": "0d43353c7bb354d8310d54712962cf2e",
        "x-ms-content-sha256": "Sanitized",
        "x-ms-date": "Tue, 31 Oct 2023 20:07:54 GMT",
        "x-ms-return-client-request-id": "true"
      },
      "RequestBody": null,
      "StatusCode": 200,
      "ResponseHeaders": {
        "api-supported-versions": "2021-04-07-preview1, 2022-07-18-preview, 2023-08-25-preview, 2023-11-01",
        "Connection": "keep-alive",
        "Content-Type": "application/json; charset=utf-8",
        "Date": "Tue, 31 Oct 2023 20:07:58 GMT",
        "ETag": "\u002200000000-0000-0000-9d1a-ef134ddadb08\u0022",
        "Last-Modified": "Tue, 31 Oct 2023 20:07:58 GMT",
        "Request-Context": "appId=",
        "trace-id": "5fdb843d-fd65-5004-c015-6446df4493fc",
        "Transfer-Encoding": "chunked",
        "x-azure-ref": "20231031T200758Z-d2gk1gzyud20z61b2ga907e58n00000002ag00000000f8ex",
        "X-Cache": "CONFIG_NOCACHE"
      },
      "ResponseBody": {
        "id": "8D65D03D46D36DE995D91ADD9DAA89FF33DE636BE081FC3D9A",
        "status": "pendingSchedule",
        "channelId": "13B595A9CB5E3205D24E323829E1B3035236EDD3DF2D112FFA",
        "queueId": "BA8280008D5A34B0B2892F22E5D9A2D817B26165F9AFE8CA60",
        "priority": 1,
        "requestedWorkerSelectors": [],
        "attachedWorkerSelectors": [],
        "labels": {},
        "assignments": {},
        "tags": {},
        "notes": [],
        "matchingMode": {
          "kind": "schedule-and-suspend",
          "scheduleAt": "2023-10-31T20:08:04.4240447\u002B00:00"
        },
        "etag": "\u002200000000-0000-0000-9d1a-ef134ddadb08\u0022"
      }
    },
    {
      "RequestUri": "https://sanitized.comminication.azure.com/routing/jobs/8D65D03D46D36DE995D91ADD9DAA89FF33DE636BE081FC3D9A?api-version=2023-11-01",
      "RequestMethod": "GET",
      "RequestHeaders": {
        "Accept": "application/json",
        "Authorization": "Sanitized",
        "traceparent": "00-a2d936a6b159ddf7a26f032f8bc33067-3f1c436403a182e6-00",
        "User-Agent": "azsdk-net-Communication.JobRouter/1.0.0-alpha.20231031.1 (.NET 7.0.13; Microsoft Windows 10.0.22621)",
        "x-ms-client-request-id": "6afbe60531e5dea72a030c013d28914e",
        "x-ms-content-sha256": "Sanitized",
        "x-ms-date": "Tue, 31 Oct 2023 20:07:55 GMT",
        "x-ms-return-client-request-id": "true"
      },
      "RequestBody": null,
      "StatusCode": 200,
      "ResponseHeaders": {
        "api-supported-versions": "2021-04-07-preview1, 2022-07-18-preview, 2023-08-25-preview, 2023-11-01",
        "Connection": "keep-alive",
        "Content-Type": "application/json; charset=utf-8",
        "Date": "Tue, 31 Oct 2023 20:07:59 GMT",
        "ETag": "\u002200000001-0000-0000-3cc3-13144ddadb08\u0022",
        "Last-Modified": "Tue, 31 Oct 2023 20:07:58 GMT",
        "Request-Context": "appId=",
        "trace-id": "a2d936a6-b159-ddf7-a26f-032f8bc33067",
        "Transfer-Encoding": "chunked",
        "x-azure-ref": "20231031T200759Z-d2gk1gzyud20z61b2ga907e58n00000002ag00000000f8nz",
        "X-Cache": "CONFIG_NOCACHE"
      },
      "ResponseBody": {
        "id": "8D65D03D46D36DE995D91ADD9DAA89FF33DE636BE081FC3D9A",
        "status": "scheduled",
        "channelId": "13B595A9CB5E3205D24E323829E1B3035236EDD3DF2D112FFA",
        "queueId": "BA8280008D5A34B0B2892F22E5D9A2D817B26165F9AFE8CA60",
        "priority": 1,
        "requestedWorkerSelectors": [],
        "attachedWorkerSelectors": [],
        "labels": {},
        "assignments": {},
        "tags": {},
        "notes": [],
        "matchingMode": {
          "kind": "schedule-and-suspend",
          "scheduleAt": "2023-10-31T20:08:04.4240447\u002B00:00"
        },
        "etag": "\u002200000001-0000-0000-3cc3-13144ddadb08\u0022"
      }
    },
    {
      "RequestUri": "https://sanitized.comminication.azure.com/routing/jobs/8D65D03D46D36DE995D91ADD9DAA89FF33DE636BE081FC3D9A?api-version=2023-11-01",
      "RequestMethod": "GET",
      "RequestHeaders": {
        "Accept": "application/json",
        "Authorization": "Sanitized",
        "traceparent": "00-8383baf2b0205a7b297290f3e0550dac-1ae546fdaf3c0527-00",
        "User-Agent": "azsdk-net-Communication.JobRouter/1.0.0-alpha.20231031.1 (.NET 7.0.13; Microsoft Windows 10.0.22621)",
        "x-ms-client-request-id": "ba1483802ea8e1784f53fe6965672f3c",
        "x-ms-content-sha256": "Sanitized",
        "x-ms-date": "Tue, 31 Oct 2023 20:07:56 GMT",
        "x-ms-return-client-request-id": "true"
      },
      "RequestBody": null,
      "StatusCode": 200,
      "ResponseHeaders": {
        "api-supported-versions": "2021-04-07-preview1, 2022-07-18-preview, 2023-08-25-preview, 2023-11-01",
        "Connection": "keep-alive",
        "Content-Type": "application/json; charset=utf-8",
        "Date": "Tue, 31 Oct 2023 20:08:00 GMT",
        "ETag": "\u002200000001-0000-0000-3cc3-13144ddadb08\u0022",
        "Last-Modified": "Tue, 31 Oct 2023 20:07:58 GMT",
        "Request-Context": "appId=",
        "trace-id": "8383baf2-b020-5a7b-2972-90f3e0550dac",
        "Transfer-Encoding": "chunked",
        "x-azure-ref": "20231031T200800Z-d2gk1gzyud20z61b2ga907e58n00000002ag00000000f8u4",
        "X-Cache": "CONFIG_NOCACHE"
      },
      "ResponseBody": {
        "id": "8D65D03D46D36DE995D91ADD9DAA89FF33DE636BE081FC3D9A",
        "status": "scheduled",
        "channelId": "13B595A9CB5E3205D24E323829E1B3035236EDD3DF2D112FFA",
        "queueId": "BA8280008D5A34B0B2892F22E5D9A2D817B26165F9AFE8CA60",
        "priority": 1,
        "requestedWorkerSelectors": [],
        "attachedWorkerSelectors": [],
        "labels": {},
        "assignments": {},
        "tags": {},
        "notes": [],
        "matchingMode": {
          "kind": "schedule-and-suspend",
          "scheduleAt": "2023-10-31T20:08:04.4240447\u002B00:00"
        },
        "etag": "\u002200000001-0000-0000-3cc3-13144ddadb08\u0022"
      }
    },
    {
      "RequestUri": "https://sanitized.comminication.azure.com/routing/jobs/8D65D03D46D36DE995D91ADD9DAA89FF33DE636BE081FC3D9A?api-version=2023-11-01",
      "RequestMethod": "GET",
      "RequestHeaders": {
        "Accept": "application/json",
        "Authorization": "Sanitized",
        "traceparent": "00-42bfc1a9de60e63f3b5709480cd6d498-bf5d9f77c997bdf4-00",
        "User-Agent": "azsdk-net-Communication.JobRouter/1.0.0-alpha.20231031.1 (.NET 7.0.13; Microsoft Windows 10.0.22621)",
        "x-ms-client-request-id": "e4fcf025fe860bc48d65e2b06fd61608",
        "x-ms-content-sha256": "Sanitized",
        "x-ms-date": "Tue, 31 Oct 2023 20:07:57 GMT",
        "x-ms-return-client-request-id": "true"
      },
      "RequestBody": null,
      "StatusCode": 200,
      "ResponseHeaders": {
        "api-supported-versions": "2021-04-07-preview1, 2022-07-18-preview, 2023-08-25-preview, 2023-11-01",
        "Connection": "keep-alive",
        "Content-Type": "application/json; charset=utf-8",
        "Date": "Tue, 31 Oct 2023 20:08:01 GMT",
        "ETag": "\u002200000001-0000-0000-3cc3-13144ddadb08\u0022",
        "Last-Modified": "Tue, 31 Oct 2023 20:07:58 GMT",
        "Request-Context": "appId=",
        "trace-id": "42bfc1a9-de60-e63f-3b57-09480cd6d498",
        "Transfer-Encoding": "chunked",
        "x-azure-ref": "20231031T200801Z-d2gk1gzyud20z61b2ga907e58n00000002ag00000000f8x9",
        "X-Cache": "CONFIG_NOCACHE"
      },
      "ResponseBody": {
        "id": "8D65D03D46D36DE995D91ADD9DAA89FF33DE636BE081FC3D9A",
        "status": "scheduled",
        "channelId": "13B595A9CB5E3205D24E323829E1B3035236EDD3DF2D112FFA",
        "queueId": "BA8280008D5A34B0B2892F22E5D9A2D817B26165F9AFE8CA60",
        "priority": 1,
        "requestedWorkerSelectors": [],
        "attachedWorkerSelectors": [],
        "labels": {},
        "assignments": {},
        "tags": {},
        "notes": [],
        "matchingMode": {
          "kind": "schedule-and-suspend",
          "scheduleAt": "2023-10-31T20:08:04.4240447\u002B00:00"
        },
        "etag": "\u002200000001-0000-0000-3cc3-13144ddadb08\u0022"
      }
    },
    {
      "RequestUri": "https://sanitized.comminication.azure.com/routing/jobs/8D65D03D46D36DE995D91ADD9DAA89FF33DE636BE081FC3D9A?api-version=2023-11-01",
      "RequestMethod": "GET",
      "RequestHeaders": {
        "Accept": "application/json",
        "Authorization": "Sanitized",
        "traceparent": "00-bb14d19c364146f30662458fcdd124d4-d92482f5ebb91640-00",
        "User-Agent": "azsdk-net-Communication.JobRouter/1.0.0-alpha.20231031.1 (.NET 7.0.13; Microsoft Windows 10.0.22621)",
        "x-ms-client-request-id": "a6f0067b144ed6866d1a1b92333d78c2",
        "x-ms-content-sha256": "Sanitized",
        "x-ms-date": "Tue, 31 Oct 2023 20:07:59 GMT",
        "x-ms-return-client-request-id": "true"
      },
      "RequestBody": null,
      "StatusCode": 200,
      "ResponseHeaders": {
        "api-supported-versions": "2021-04-07-preview1, 2022-07-18-preview, 2023-08-25-preview, 2023-11-01",
        "Connection": "keep-alive",
        "Content-Type": "application/json; charset=utf-8",
        "Date": "Tue, 31 Oct 2023 20:08:03 GMT",
        "ETag": "\u002200000001-0000-0000-3cc3-13144ddadb08\u0022",
        "Last-Modified": "Tue, 31 Oct 2023 20:07:58 GMT",
        "Request-Context": "appId=",
        "trace-id": "bb14d19c-3641-46f3-0662-458fcdd124d4",
        "Transfer-Encoding": "chunked",
        "x-azure-ref": "20231031T200803Z-d2gk1gzyud20z61b2ga907e58n00000002ag00000000f900",
        "X-Cache": "CONFIG_NOCACHE"
      },
      "ResponseBody": {
        "id": "8D65D03D46D36DE995D91ADD9DAA89FF33DE636BE081FC3D9A",
        "status": "scheduled",
        "channelId": "13B595A9CB5E3205D24E323829E1B3035236EDD3DF2D112FFA",
        "queueId": "BA8280008D5A34B0B2892F22E5D9A2D817B26165F9AFE8CA60",
        "priority": 1,
        "requestedWorkerSelectors": [],
        "attachedWorkerSelectors": [],
        "labels": {},
        "assignments": {},
        "tags": {},
        "notes": [],
        "matchingMode": {
          "kind": "schedule-and-suspend",
          "scheduleAt": "2023-10-31T20:08:04.4240447\u002B00:00"
        },
        "etag": "\u002200000001-0000-0000-3cc3-13144ddadb08\u0022"
      }
    },
    {
      "RequestUri": "https://sanitized.comminication.azure.com/routing/jobs/8D65D03D46D36DE995D91ADD9DAA89FF33DE636BE081FC3D9A?api-version=2023-11-01",
      "RequestMethod": "GET",
      "RequestHeaders": {
        "Accept": "application/json",
        "Authorization": "Sanitized",
        "traceparent": "00-989151abe5a013d9094a90ce1762c840-772b8eccaff2fc25-00",
        "User-Agent": "azsdk-net-Communication.JobRouter/1.0.0-alpha.20231031.1 (.NET 7.0.13; Microsoft Windows 10.0.22621)",
        "x-ms-client-request-id": "4ddbcfd4ac2c82c8be092d424bc87178",
        "x-ms-content-sha256": "Sanitized",
        "x-ms-date": "Tue, 31 Oct 2023 20:08:00 GMT",
        "x-ms-return-client-request-id": "true"
      },
      "RequestBody": null,
      "StatusCode": 200,
      "ResponseHeaders": {
        "api-supported-versions": "2021-04-07-preview1, 2022-07-18-preview, 2023-08-25-preview, 2023-11-01",
        "Connection": "keep-alive",
        "Content-Type": "application/json; charset=utf-8",
        "Date": "Tue, 31 Oct 2023 20:08:04 GMT",
        "ETag": "\u002200000001-0000-0000-3cc3-13144ddadb08\u0022",
        "Last-Modified": "Tue, 31 Oct 2023 20:07:58 GMT",
        "Request-Context": "appId=",
        "trace-id": "989151ab-e5a0-13d9-094a-90ce1762c840",
        "Transfer-Encoding": "chunked",
        "x-azure-ref": "20231031T200804Z-d2gk1gzyud20z61b2ga907e58n00000002ag00000000f932",
        "X-Cache": "CONFIG_NOCACHE"
      },
      "ResponseBody": {
        "id": "8D65D03D46D36DE995D91ADD9DAA89FF33DE636BE081FC3D9A",
        "status": "scheduled",
        "channelId": "13B595A9CB5E3205D24E323829E1B3035236EDD3DF2D112FFA",
        "queueId": "BA8280008D5A34B0B2892F22E5D9A2D817B26165F9AFE8CA60",
        "priority": 1,
        "requestedWorkerSelectors": [],
        "attachedWorkerSelectors": [],
        "labels": {},
        "assignments": {},
        "tags": {},
        "notes": [],
        "matchingMode": {
          "kind": "schedule-and-suspend",
          "scheduleAt": "2023-10-31T20:08:04.4240447\u002B00:00"
        },
        "etag": "\u002200000001-0000-0000-3cc3-13144ddadb08\u0022"
      }
    },
    {
      "RequestUri": "https://sanitized.comminication.azure.com/routing/jobs/8D65D03D46D36DE995D91ADD9DAA89FF33DE636BE081FC3D9A?api-version=2023-11-01",
      "RequestMethod": "GET",
      "RequestHeaders": {
        "Accept": "application/json",
        "Authorization": "Sanitized",
        "traceparent": "00-10d1e2b38d1426698b6c3ddc56f394f7-56ad43c41059e879-00",
        "User-Agent": "azsdk-net-Communication.JobRouter/1.0.0-alpha.20231031.1 (.NET 7.0.13; Microsoft Windows 10.0.22621)",
        "x-ms-client-request-id": "5fedf53c897610ee6a25766be232d74f",
        "x-ms-content-sha256": "Sanitized",
        "x-ms-date": "Tue, 31 Oct 2023 20:08:01 GMT",
        "x-ms-return-client-request-id": "true"
      },
      "RequestBody": null,
      "StatusCode": 200,
      "ResponseHeaders": {
        "api-supported-versions": "2021-04-07-preview1, 2022-07-18-preview, 2023-08-25-preview, 2023-11-01",
        "Connection": "keep-alive",
        "Content-Type": "application/json; charset=utf-8",
        "Date": "Tue, 31 Oct 2023 20:08:05 GMT",
        "ETag": "\u002200000002-0000-0000-8085-cc174ddadb08\u0022",
        "Last-Modified": "Tue, 31 Oct 2023 20:08:04 GMT",
        "Request-Context": "appId=",
        "trace-id": "10d1e2b3-8d14-2669-8b6c-3ddc56f394f7",
        "Transfer-Encoding": "chunked",
        "x-azure-ref": "20231031T200805Z-d2gk1gzyud20z61b2ga907e58n00000002ag00000000f95u",
        "X-Cache": "CONFIG_NOCACHE"
      },
      "ResponseBody": {
        "id": "8D65D03D46D36DE995D91ADD9DAA89FF33DE636BE081FC3D9A",
        "status": "waitingForActivation",
        "channelId": "13B595A9CB5E3205D24E323829E1B3035236EDD3DF2D112FFA",
        "queueId": "BA8280008D5A34B0B2892F22E5D9A2D817B26165F9AFE8CA60",
        "priority": 1,
        "requestedWorkerSelectors": [],
        "attachedWorkerSelectors": [],
        "labels": {},
        "assignments": {},
        "tags": {},
        "notes": [],
        "scheduledAt": "2023-10-31T20:08:04.96736\u002B00:00",
        "matchingMode": {
          "kind": "schedule-and-suspend",
          "scheduleAt": "2023-10-31T20:08:04.4240447\u002B00:00"
        },
        "etag": "\u002200000002-0000-0000-8085-cc174ddadb08\u0022"
      }
    },
    {
      "RequestUri": "https://sanitized.comminication.azure.com/routing/jobs/8D65D03D46D36DE995D91ADD9DAA89FF33DE636BE081FC3D9A?api-version=2023-11-01",
      "RequestMethod": "PATCH",
      "RequestHeaders": {
        "Accept": "application/json",
        "Authorization": "Sanitized",
        "Content-Length": "94",
        "Content-Type": "application/merge-patch\u002Bjson",
        "traceparent": "00-98243e29bc28601915ce5528d5151bfe-7ad922a768be439e-00",
        "User-Agent": "azsdk-net-Communication.JobRouter/1.0.0-alpha.20231031.1 (.NET 7.0.13; Microsoft Windows 10.0.22621)",
        "x-ms-client-request-id": "9fdb20ecc9fbcfdc3d6ee744e7438ba5",
        "x-ms-content-sha256": "Sanitized",
        "x-ms-date": "Tue, 31 Oct 2023 20:08:01 GMT",
        "x-ms-return-client-request-id": "true"
      },
      "RequestBody": {
        "requestedWorkerSelectors": [],
        "notes": [],
        "matchingMode": {
          "kind": "queue-and-match"
        },
        "etag": ""
      },
      "StatusCode": 200,
      "ResponseHeaders": {
        "api-supported-versions": "2021-04-07-preview1, 2022-07-18-preview, 2023-08-25-preview, 2023-11-01",
        "Connection": "keep-alive",
        "Content-Type": "application/json; charset=utf-8",
        "Date": "Tue, 31 Oct 2023 20:08:05 GMT",
        "ETag": "\u002200000005-0000-0000-8c0d-15184ddadb08\u0022",
        "Last-Modified": "Tue, 31 Oct 2023 20:08:05 GMT",
        "Request-Context": "appId=",
        "trace-id": "98243e29-bc28-6019-15ce-5528d5151bfe",
        "Transfer-Encoding": "chunked",
        "x-azure-ref": "20231031T200805Z-d2gk1gzyud20z61b2ga907e58n00000002ag00000000f966",
        "X-Cache": "CONFIG_NOCACHE"
      },
      "ResponseBody": {
        "id": "8D65D03D46D36DE995D91ADD9DAA89FF33DE636BE081FC3D9A",
        "status": "queued",
        "enqueuedAt": "2023-10-31T20:08:05.442702\u002B00:00",
        "channelId": "13B595A9CB5E3205D24E323829E1B3035236EDD3DF2D112FFA",
        "queueId": "BA8280008D5A34B0B2892F22E5D9A2D817B26165F9AFE8CA60",
        "priority": 1,
        "requestedWorkerSelectors": [],
        "attachedWorkerSelectors": [],
        "labels": {},
        "assignments": {},
        "tags": {},
        "notes": [],
        "scheduledAt": "2023-10-31T20:08:04.96736\u002B00:00",
        "matchingMode": {
          "kind": "queue-and-match"
        },
        "etag": "\u002200000005-0000-0000-8c0d-15184ddadb08\u0022"
      }
    },
    {
      "RequestUri": "https://sanitized.comminication.azure.com/routing/workers/1B14DB8D7DF80E165B2A79236A07448D9A836D243B791D1C9F?api-version=2023-11-01",
      "RequestMethod": "GET",
      "RequestHeaders": {
        "Accept": "application/json",
        "Authorization": "Sanitized",
        "traceparent": "00-2f9cbe3272b22f792b51858e5a40a2f3-adf95c6a82bb2390-00",
        "User-Agent": "azsdk-net-Communication.JobRouter/1.0.0-alpha.20231031.1 (.NET 7.0.13; Microsoft Windows 10.0.22621)",
        "x-ms-client-request-id": "3e56a3a819504a4be1cae307355c9f8b",
        "x-ms-content-sha256": "Sanitized",
        "x-ms-date": "Tue, 31 Oct 2023 20:08:01 GMT",
        "x-ms-return-client-request-id": "true"
      },
      "RequestBody": null,
      "StatusCode": 200,
      "ResponseHeaders": {
        "api-supported-versions": "2021-04-07-preview1, 2022-07-18-preview, 2023-08-25-preview, 2023-11-01",
        "Connection": "keep-alive",
        "Content-Type": "application/json; charset=utf-8",
        "Date": "Tue, 31 Oct 2023 20:08:05 GMT",
        "ETag": "\u002200000002-0000-0000-0896-4c174ddadb08\u0022",
        "Last-Modified": "Tue, 31 Oct 2023 20:08:04 GMT",
        "Request-Context": "appId=",
        "trace-id": "2f9cbe32-72b2-2f79-2b51-858e5a40a2f3",
        "Transfer-Encoding": "chunked",
        "x-azure-ref": "20231031T200805Z-d2gk1gzyud20z61b2ga907e58n00000002ag00000000f96n",
        "X-Cache": "CONFIG_NOCACHE"
      },
      "ResponseBody": {
        "id": "1B14DB8D7DF80E165B2A79236A07448D9A836D243B791D1C9F",
        "state": "active",
        "queues": [
          "BA8280008D5A34B0B2892F22E5D9A2D817B26165F9AFE8CA60"
        ],
        "capacity": 1,
        "labels": {
          "Id": "1B14DB8D7DF80E165B2A79236A07448D9A836D243B791D1C9F"
        },
        "tags": {},
        "channels": [
          {
            "channelId": "13B595A9CB5E3205D24E323829E1B3035236EDD3DF2D112FFA",
            "capacityCostPerJob": 1
          }
        ],
        "offers": [],
        "assignedJobs": [],
        "loadRatio": 0,
        "availableForOffers": true,
        "etag": "\u002200000002-0000-0000-0896-4c174ddadb08\u0022"
      }
    },
    {
      "RequestUri": "https://sanitized.comminication.azure.com/routing/workers/1B14DB8D7DF80E165B2A79236A07448D9A836D243B791D1C9F?api-version=2023-11-01",
      "RequestMethod": "GET",
      "RequestHeaders": {
        "Accept": "application/json",
        "Authorization": "Sanitized",
        "traceparent": "00-d002f7704f9ae7b091efcdd9b5bf69d2-bd9f9a02327a694e-00",
        "User-Agent": "azsdk-net-Communication.JobRouter/1.0.0-alpha.20231031.1 (.NET 7.0.13; Microsoft Windows 10.0.22621)",
        "x-ms-client-request-id": "2b55dd31d1ec727c181e2108a1a92926",
        "x-ms-content-sha256": "Sanitized",
        "x-ms-date": "Tue, 31 Oct 2023 20:08:02 GMT",
        "x-ms-return-client-request-id": "true"
      },
      "RequestBody": null,
      "StatusCode": 200,
      "ResponseHeaders": {
        "api-supported-versions": "2021-04-07-preview1, 2022-07-18-preview, 2023-08-25-preview, 2023-11-01",
        "Connection": "keep-alive",
        "Content-Type": "application/json; charset=utf-8",
        "Date": "Tue, 31 Oct 2023 20:08:06 GMT",
        "ETag": "\u002200000003-0000-0000-8b54-6f184ddadb08\u0022",
        "Last-Modified": "Tue, 31 Oct 2023 20:08:06 GMT",
        "Request-Context": "appId=",
        "trace-id": "d002f770-4f9a-e7b0-91ef-cdd9b5bf69d2",
        "Transfer-Encoding": "chunked",
        "x-azure-ref": "20231031T200806Z-d2gk1gzyud20z61b2ga907e58n00000002ag00000000f98t",
        "X-Cache": "CONFIG_NOCACHE"
      },
      "ResponseBody": {
        "id": "1B14DB8D7DF80E165B2A79236A07448D9A836D243B791D1C9F",
        "state": "active",
        "queues": [
          "BA8280008D5A34B0B2892F22E5D9A2D817B26165F9AFE8CA60"
        ],
        "capacity": 1,
        "labels": {
          "Id": "1B14DB8D7DF80E165B2A79236A07448D9A836D243B791D1C9F"
        },
        "tags": {},
        "channels": [
          {
            "channelId": "13B595A9CB5E3205D24E323829E1B3035236EDD3DF2D112FFA",
            "capacityCostPerJob": 1
          }
        ],
        "offers": [
          {
            "offerId": "753804ff-1871-49f1-b3da-d272f51a03b2",
            "jobId": "8D65D03D46D36DE995D91ADD9DAA89FF33DE636BE081FC3D9A",
            "capacityCost": 1,
            "offeredAt": "2023-10-31T20:08:06.0343416\u002B00:00",
            "expiresAt": "2023-10-31T20:18:06.0343418\u002B00:00"
          }
        ],
        "assignedJobs": [],
        "loadRatio": 1,
        "availableForOffers": true,
        "etag": "\u002200000003-0000-0000-8b54-6f184ddadb08\u0022"
      }
    },
    {
      "RequestUri": "https://sanitized.comminication.azure.com/routing/workers/1B14DB8D7DF80E165B2A79236A07448D9A836D243B791D1C9F/offers/753804ff-1871-49f1-b3da-d272f51a03b2:accept?api-version=2023-11-01",
      "RequestMethod": "POST",
      "RequestHeaders": {
        "Accept": "application/json",
        "Authorization": "Sanitized",
        "Content-Length": "0",
        "traceparent": "00-65b1091fb9bdd969b0a5e8ca854ca62a-17a8b9e100dd8ffb-00",
        "User-Agent": "azsdk-net-Communication.JobRouter/1.0.0-alpha.20231031.1 (.NET 7.0.13; Microsoft Windows 10.0.22621)",
        "x-ms-client-request-id": "3fc3d19999dcd2ffd491be30e6d599e0",
        "x-ms-content-sha256": "Sanitized",
        "x-ms-date": "Tue, 31 Oct 2023 20:08:02 GMT",
        "x-ms-return-client-request-id": "true"
      },
      "RequestBody": null,
      "StatusCode": 200,
      "ResponseHeaders": {
        "api-supported-versions": "2021-04-07-preview1, 2022-07-18-preview, 2023-08-25-preview, 2023-11-01",
        "Connection": "keep-alive",
        "Content-Type": "application/json; charset=utf-8",
        "Date": "Tue, 31 Oct 2023 20:08:07 GMT",
        "Request-Context": "appId=",
        "trace-id": "65b1091f-b9bd-d969-b0a5-e8ca854ca62a",
        "Transfer-Encoding": "chunked",
        "x-azure-ref": "20231031T200806Z-d2gk1gzyud20z61b2ga907e58n00000002ag00000000f997",
        "X-Cache": "CONFIG_NOCACHE"
      },
      "ResponseBody": {
        "assignmentId": "b8585760-753a-4410-811b-d9696184b487",
        "jobId": "8D65D03D46D36DE995D91ADD9DAA89FF33DE636BE081FC3D9A",
        "workerId": "1B14DB8D7DF80E165B2A79236A07448D9A836D243B791D1C9F"
      }
    },
    {
      "RequestUri": "https://sanitized.comminication.azure.com/routing/workers/1B14DB8D7DF80E165B2A79236A07448D9A836D243B791D1C9F/offers/753804ff-1871-49f1-b3da-d272f51a03b2:decline?api-version=2023-11-01",
      "RequestMethod": "POST",
      "RequestHeaders": {
        "Accept": "application/json",
        "Authorization": "Sanitized",
        "Content-Length": "47",
        "Content-Type": "application/json",
        "traceparent": "00-4fa6c5bc308bf085fd1e5347a997aee4-d4427f502300d92b-00",
        "User-Agent": "azsdk-net-Communication.JobRouter/1.0.0-alpha.20231031.1 (.NET 7.0.13; Microsoft Windows 10.0.22621)",
        "x-ms-client-request-id": "0a135bce5fedd6b826e32531f743a838",
        "x-ms-content-sha256": "Sanitized",
        "x-ms-date": "Tue, 31 Oct 2023 20:08:03 GMT",
        "x-ms-return-client-request-id": "true"
      },
      "RequestBody": {
        "retryOfferAt": "0001-01-01T00:00:00.0000000Z"
      },
      "StatusCode": 404,
      "ResponseHeaders": {
        "api-supported-versions": "2021-04-07-preview1, 2022-07-18-preview, 2023-08-25-preview, 2023-11-01",
        "Connection": "keep-alive",
        "Content-Type": "application/json; charset=utf-8",
        "Date": "Tue, 31 Oct 2023 20:08:07 GMT",
        "Request-Context": "appId=",
        "trace-id": "4fa6c5bc-308b-f085-fd1e-5347a997aee4",
        "Transfer-Encoding": "chunked",
        "x-azure-ref": "20231031T200807Z-d2gk1gzyud20z61b2ga907e58n00000002ag00000000f9bn",
        "X-Cache": "CONFIG_NOCACHE"
      },
      "ResponseBody": {
        "communicationError": {
          "code": "NotFound",
          "message": "DeclineOfferCommandHandler: Offer not found. OfferId: 753804ff-1871-49f1-b3da-d272f51a03b2, WorkerId: 1B14DB8D7DF80E165B2A79236A07448D9A836D243B791D1C9F",
          "target": "/routing/workers/1B14DB8D7DF80E165B2A79236A07448D9A836D243B791D1C9F/offers/753804ff-1871-49f1-b3da-d272f51a03b2:decline"
        }
      }
    },
    {
      "RequestUri": "https://sanitized.comminication.azure.com/routing/jobs/8D65D03D46D36DE995D91ADD9DAA89FF33DE636BE081FC3D9A:complete?api-version=2023-11-01",
      "RequestMethod": "POST",
      "RequestHeaders": {
        "Accept": "application/json",
        "Authorization": "Sanitized",
        "Content-Length": "132",
        "Content-Type": "application/json",
        "traceparent": "00-b9920ff0e37d2be84e8e9b954adf292a-df099463e2e6eb7a-00",
        "User-Agent": "azsdk-net-Communication.JobRouter/1.0.0-alpha.20231031.1 (.NET 7.0.13; Microsoft Windows 10.0.22621)",
        "x-ms-client-request-id": "636dbca15f9998afdd82575b134c8b43",
        "x-ms-content-sha256": "Sanitized",
        "x-ms-date": "Tue, 31 Oct 2023 20:08:03 GMT",
        "x-ms-return-client-request-id": "true"
      },
      "RequestBody": {
        "assignmentId": "b8585760-753a-4410-811b-d9696184b487",
        "note": "Job completed by 1B14DB8D7DF80E165B2A79236A07448D9A836D243B791D1C9F"
      },
      "StatusCode": 200,
      "ResponseHeaders": {
        "api-supported-versions": "2021-04-07-preview1, 2022-07-18-preview, 2023-08-25-preview, 2023-11-01",
        "Connection": "keep-alive",
        "Content-Type": "application/json; charset=utf-8",
        "Date": "Tue, 31 Oct 2023 20:08:08 GMT",
        "Request-Context": "appId=",
        "trace-id": "b9920ff0-e37d-2be8-4e8e-9b954adf292a",
        "Transfer-Encoding": "chunked",
        "x-azure-ref": "20231031T200807Z-d2gk1gzyud20z61b2ga907e58n00000002ag00000000f9bw",
        "X-Cache": "CONFIG_NOCACHE"
      },
      "ResponseBody": {}
    },
    {
      "RequestUri": "https://sanitized.comminication.azure.com/routing/jobs/8D65D03D46D36DE995D91ADD9DAA89FF33DE636BE081FC3D9A:close?api-version=2023-11-01",
      "RequestMethod": "POST",
      "RequestHeaders": {
        "Accept": "application/json",
        "Authorization": "Sanitized",
        "Content-Length": "170",
        "Content-Type": "application/json",
        "traceparent": "00-a876a9771b13575bb6cf169e82233bfa-e59e47c622b14cbb-00",
        "User-Agent": "azsdk-net-Communication.JobRouter/1.0.0-alpha.20231031.1 (.NET 7.0.13; Microsoft Windows 10.0.22621)",
        "x-ms-client-request-id": "463941841e953a3819ec18f873cddb90",
        "x-ms-content-sha256": "Sanitized",
        "x-ms-date": "Tue, 31 Oct 2023 20:08:04 GMT",
        "x-ms-return-client-request-id": "true"
      },
      "RequestBody": {
        "assignmentId": "b8585760-753a-4410-811b-d9696184b487",
        "closeAt": "0001-01-01T00:00:00.0000000Z",
        "note": "Job closed by 1B14DB8D7DF80E165B2A79236A07448D9A836D243B791D1C9F"
      },
      "StatusCode": 202,
      "ResponseHeaders": {
        "api-supported-versions": "2021-04-07-preview1, 2022-07-18-preview, 2023-08-25-preview, 2023-11-01",
        "Connection": "keep-alive",
        "Content-Type": "application/json; charset=utf-8",
        "Date": "Tue, 31 Oct 2023 20:08:09 GMT",
        "Request-Context": "appId=",
        "trace-id": "a876a977-1b13-575b-b6cf-169e82233bfa",
        "Transfer-Encoding": "chunked",
        "x-azure-ref": "20231031T200808Z-d2gk1gzyud20z61b2ga907e58n00000002ag00000000f9c7",
        "X-Cache": "CONFIG_NOCACHE"
      },
      "ResponseBody": {}
    },
    {
      "RequestUri": "https://sanitized.comminication.azure.com/routing/jobs/8D65D03D46D36DE995D91ADD9DAA89FF33DE636BE081FC3D9A?api-version=2023-11-01",
      "RequestMethod": "GET",
      "RequestHeaders": {
        "Accept": "application/json",
        "Authorization": "Sanitized",
        "traceparent": "00-6d31002c67a27562264919229f0404a4-d0120deabec40304-00",
        "User-Agent": "azsdk-net-Communication.JobRouter/1.0.0-alpha.20231031.1 (.NET 7.0.13; Microsoft Windows 10.0.22621)",
        "x-ms-client-request-id": "298e86e835676f47ac7b2d6a085dc3da",
        "x-ms-content-sha256": "Sanitized",
        "x-ms-date": "Tue, 31 Oct 2023 20:08:05 GMT",
        "x-ms-return-client-request-id": "true"
      },
      "RequestBody": null,
      "StatusCode": 200,
      "ResponseHeaders": {
        "api-supported-versions": "2021-04-07-preview1, 2022-07-18-preview, 2023-08-25-preview, 2023-11-01",
        "Connection": "keep-alive",
        "Content-Type": "application/json; charset=utf-8",
        "Date": "Tue, 31 Oct 2023 20:08:09 GMT",
        "ETag": "\u002200000008-0000-0000-0896-a8194ddadb08\u0022",
        "Last-Modified": "Tue, 31 Oct 2023 20:08:08 GMT",
        "Request-Context": "appId=",
        "trace-id": "6d31002c-67a2-7562-2649-19229f0404a4",
        "Transfer-Encoding": "chunked",
        "x-azure-ref": "20231031T200809Z-d2gk1gzyud20z61b2ga907e58n00000002ag00000000f9ev",
        "X-Cache": "CONFIG_NOCACHE"
      },
      "ResponseBody": {
        "id": "8D65D03D46D36DE995D91ADD9DAA89FF33DE636BE081FC3D9A",
        "status": "closed",
        "enqueuedAt": "2023-10-31T20:08:05.442702\u002B00:00",
        "channelId": "13B595A9CB5E3205D24E323829E1B3035236EDD3DF2D112FFA",
        "queueId": "BA8280008D5A34B0B2892F22E5D9A2D817B26165F9AFE8CA60",
        "priority": 1,
        "dispositionCode": "Closed",
        "requestedWorkerSelectors": [],
        "attachedWorkerSelectors": [],
        "labels": {},
        "assignments": {
          "b8585760-753a-4410-811b-d9696184b487": {
            "assignmentId": "b8585760-753a-4410-811b-d9696184b487",
            "workerId": "1B14DB8D7DF80E165B2A79236A07448D9A836D243B791D1C9F",
            "assignedAt": "2023-10-31T20:08:06.8118712\u002B00:00",
            "completedAt": "2023-10-31T20:08:07.9433596\u002B00:00",
            "closedAt": "2023-10-31T20:08:08.0872968\u002B00:00"
          }
        },
        "tags": {},
        "notes": [
          {
            "message": "Job completed by 1B14DB8D7DF80E165B2A79236A07448D9A836D243B791D1C9F",
            "addedAt": "2023-10-31T20:08:07.9433596\u002B00:00"
          },
          {
            "message": "Job closed by 1B14DB8D7DF80E165B2A79236A07448D9A836D243B791D1C9F",
            "addedAt": "2023-10-31T20:08:08.0872968\u002B00:00"
          }
        ],
        "scheduledAt": "2023-10-31T20:08:04.96736\u002B00:00",
        "matchingMode": {
          "kind": "queue-and-match"
        },
        "etag": "\u002200000008-0000-0000-0896-a8194ddadb08\u0022"
      }
    },
    {
      "RequestUri": "https://sanitized.comminication.azure.com/routing/workers/1B14DB8D7DF80E165B2A79236A07448D9A836D243B791D1C9F?api-version=2023-11-01",
      "RequestMethod": "PATCH",
      "RequestHeaders": {
        "Accept": "application/json",
        "Authorization": "Sanitized",
        "Content-Length": "64",
        "Content-Type": "application/merge-patch\u002Bjson",
        "traceparent": "00-0ce4bcb20878d46b8be0a14f3eb87a77-92c9b1966b04f4c0-00",
        "User-Agent": "azsdk-net-Communication.JobRouter/1.0.0-alpha.20231031.1 (.NET 7.0.13; Microsoft Windows 10.0.22621)",
        "x-ms-client-request-id": "b6ace257620983a284334aac47b7240f",
        "x-ms-content-sha256": "Sanitized",
        "x-ms-date": "Tue, 31 Oct 2023 20:08:05 GMT",
        "x-ms-return-client-request-id": "true"
      },
      "RequestBody": {
        "queues": [],
        "channels": [],
        "availableForOffers": false,
        "etag": ""
      },
      "StatusCode": 200,
      "ResponseHeaders": {
        "api-supported-versions": "2021-04-07-preview1, 2022-07-18-preview, 2023-08-25-preview, 2023-11-01",
        "Connection": "keep-alive",
        "Content-Type": "application/json; charset=utf-8",
        "Date": "Tue, 31 Oct 2023 20:08:09 GMT",
        "ETag": "\u002200000007-0000-0000-b8a7-4b1a4ddadb08\u0022",
        "Last-Modified": "Tue, 31 Oct 2023 20:08:09 GMT",
        "Request-Context": "appId=",
        "trace-id": "0ce4bcb2-0878-d46b-8be0-a14f3eb87a77",
        "Transfer-Encoding": "chunked",
        "x-azure-ref": "20231031T200809Z-d2gk1gzyud20z61b2ga907e58n00000002ag00000000f9f5",
        "X-Cache": "CONFIG_NOCACHE"
      },
      "ResponseBody": {
        "id": "1B14DB8D7DF80E165B2A79236A07448D9A836D243B791D1C9F",
        "state": "inactive",
        "queues": [],
        "capacity": 1,
        "labels": {
          "Id": "1B14DB8D7DF80E165B2A79236A07448D9A836D243B791D1C9F"
        },
        "tags": {},
        "channels": [],
        "offers": [],
        "assignedJobs": [],
        "loadRatio": 0,
        "availableForOffers": false,
        "etag": "\u002200000007-0000-0000-b8a7-4b1a4ddadb08\u0022"
      }
    },
    {
      "RequestUri": "https://sanitized.comminication.azure.com/routing/workers/1B14DB8D7DF80E165B2A79236A07448D9A836D243B791D1C9F?api-version=2023-11-01",
      "RequestMethod": "DELETE",
      "RequestHeaders": {
        "Accept": "application/json",
        "Authorization": "Sanitized",
        "traceparent": "00-f78aa0623ed8c8ed112f014b632b12b1-b8362c259795b57b-00",
        "User-Agent": "azsdk-net-Communication.JobRouter/1.0.0-alpha.20231031.1 (.NET 7.0.13; Microsoft Windows 10.0.22621)",
        "x-ms-client-request-id": "8c72c6a762bd4fdbfaca9a1af1cd31bc",
        "x-ms-content-sha256": "Sanitized",
        "x-ms-date": "Tue, 31 Oct 2023 20:08:05 GMT",
        "x-ms-return-client-request-id": "true"
      },
      "RequestBody": null,
      "StatusCode": 204,
      "ResponseHeaders": {
        "api-supported-versions": "2021-04-07-preview1, 2022-07-18-preview, 2023-08-25-preview, 2023-11-01",
        "Connection": "keep-alive",
        "Date": "Tue, 31 Oct 2023 20:08:09 GMT",
        "Request-Context": "appId=",
        "trace-id": "f78aa062-3ed8-c8ed-112f-014b632b12b1",
        "x-azure-ref": "20231031T200809Z-d2gk1gzyud20z61b2ga907e58n00000002ag00000000f9fm",
        "X-Cache": "CONFIG_NOCACHE"
      },
      "ResponseBody": null
    },
    {
      "RequestUri": "https://sanitized.comminication.azure.com/routing/jobs/8D65D03D46D36DE995D91ADD9DAA89FF33DE636BE081FC3D9A?api-version=2023-11-01",
      "RequestMethod": "DELETE",
      "RequestHeaders": {
        "Accept": "application/json",
        "Authorization": "Sanitized",
        "traceparent": "00-da3984134c3531ae8aa4778582bc93a6-17a0b9fe2399b282-00",
        "User-Agent": "azsdk-net-Communication.JobRouter/1.0.0-alpha.20231031.1 (.NET 7.0.13; Microsoft Windows 10.0.22621)",
        "x-ms-client-request-id": "91a03e2924208687e40ba534eb9a27f5",
        "x-ms-content-sha256": "Sanitized",
        "x-ms-date": "Tue, 31 Oct 2023 20:08:09 GMT",
        "x-ms-return-client-request-id": "true"
      },
      "RequestBody": null,
      "StatusCode": 500,
      "ResponseHeaders": {
        "Connection": "keep-alive",
        "Content-Length": "0",
        "Date": "Tue, 31 Oct 2023 20:08:13 GMT",
        "x-azure-ref": "20231031T200813Z-d2gk1gzyud20z61b2ga907e58n00000002ag00000000f9sc",
        "X-Cache": "CONFIG_NOCACHE"
      },
      "ResponseBody": null
    },
    {
      "RequestUri": "https://sanitized.comminication.azure.com/routing/jobs/8D65D03D46D36DE995D91ADD9DAA89FF33DE636BE081FC3D9A?api-version=2023-11-01",
      "RequestMethod": "DELETE",
      "RequestHeaders": {
        "Accept": "application/json",
        "Authorization": "Sanitized",
        "traceparent": "00-da3984134c3531ae8aa4778582bc93a6-17a0b9fe2399b282-00",
        "User-Agent": "azsdk-net-Communication.JobRouter/1.0.0-alpha.20231031.1 (.NET 7.0.13; Microsoft Windows 10.0.22621)",
        "x-ms-client-request-id": "91a03e2924208687e40ba534eb9a27f5",
        "x-ms-content-sha256": "Sanitized",
        "x-ms-date": "Tue, 31 Oct 2023 20:08:10 GMT",
        "x-ms-return-client-request-id": "true"
      },
      "RequestBody": null,
      "StatusCode": 500,
      "ResponseHeaders": {
        "Connection": "keep-alive",
        "Content-Length": "0",
        "Date": "Tue, 31 Oct 2023 20:08:14 GMT",
        "x-azure-ref": "20231031T200814Z-d2gk1gzyud20z61b2ga907e58n00000002ag00000000f9up",
        "X-Cache": "CONFIG_NOCACHE"
      },
      "ResponseBody": null
    },
    {
      "RequestUri": "https://sanitized.comminication.azure.com/routing/workers/1B14DB8D7DF80E165B2A79236A07448D9A836D243B791D1C9F?api-version=2023-11-01",
      "RequestMethod": "DELETE",
      "RequestHeaders": {
        "Accept": "application/json",
        "Authorization": "Sanitized",
        "traceparent": "00-50bbdf6fd173da922a1075097ec41c92-dc7cb348c9cb5ed1-00",
        "User-Agent": "azsdk-net-Communication.JobRouter/1.0.0-alpha.20231031.1 (.NET 7.0.13; Microsoft Windows 10.0.22621)",
        "x-ms-client-request-id": "41c31d5636eaf51c065dbc3ec88792b6",
        "x-ms-content-sha256": "Sanitized",
        "x-ms-date": "Tue, 31 Oct 2023 20:08:10 GMT",
        "x-ms-return-client-request-id": "true"
      },
      "RequestBody": null,
      "StatusCode": 500,
      "ResponseHeaders": {
        "Connection": "keep-alive",
        "Content-Length": "0",
        "Date": "Tue, 31 Oct 2023 20:08:14 GMT",
        "x-azure-ref": "20231031T200814Z-3utpa35ygh5r15zgma8tr4b4ag00000003a0000000018wm9",
        "X-Cache": "CONFIG_NOCACHE"
      },
      "ResponseBody": null
    },
    {
      "RequestUri": "https://sanitized.comminication.azure.com/routing/queues/BA8280008D5A34B0B2892F22E5D9A2D817B26165F9AFE8CA60?api-version=2023-11-01",
      "RequestMethod": "DELETE",
      "RequestHeaders": {
        "Accept": "application/json",
        "Authorization": "Sanitized",
        "traceparent": "00-85998ac7ac848a5ac6819368cb2c2e7b-d21cff595ebd5898-00",
        "User-Agent": "azsdk-net-Communication.JobRouter/1.0.0-alpha.20231031.1 (.NET 7.0.13; Microsoft Windows 10.0.22621)",
        "x-ms-client-request-id": "09838d01931683ee3feba8b2bca7635f",
        "x-ms-content-sha256": "Sanitized",
        "x-ms-date": "Tue, 31 Oct 2023 20:08:11 GMT",
        "x-ms-return-client-request-id": "true"
      },
      "RequestBody": null,
      "StatusCode": 500,
      "ResponseHeaders": {
        "Connection": "keep-alive",
        "Content-Length": "0",
        "Date": "Tue, 31 Oct 2023 20:08:15 GMT",
        "x-azure-ref": "20231031T200815Z-3utpa35ygh5r15zgma8tr4b4ag00000003a0000000018wr9",
        "X-Cache": "CONFIG_NOCACHE"
      },
      "ResponseBody": null
    },
    {
      "RequestUri": "https://sanitized.comminication.azure.com/routing/workers/1B14DB8D7DF80E165B2A79236A07448D9A836D243B791D1C9F?api-version=2023-11-01",
      "RequestMethod": "DELETE",
      "RequestHeaders": {
        "Accept": "application/json",
        "Authorization": "Sanitized",
        "traceparent": "00-50bbdf6fd173da922a1075097ec41c92-dc7cb348c9cb5ed1-00",
        "User-Agent": "azsdk-net-Communication.JobRouter/1.0.0-alpha.20231031.1 (.NET 7.0.13; Microsoft Windows 10.0.22621)",
        "x-ms-client-request-id": "41c31d5636eaf51c065dbc3ec88792b6",
        "x-ms-content-sha256": "Sanitized",
        "x-ms-date": "Tue, 31 Oct 2023 20:08:11 GMT",
        "x-ms-return-client-request-id": "true"
      },
      "RequestBody": null,
      "StatusCode": 500,
      "ResponseHeaders": {
        "Connection": "keep-alive",
        "Content-Length": "0",
        "Date": "Tue, 31 Oct 2023 20:08:15 GMT",
        "x-azure-ref": "20231031T200815Z-3utpa35ygh5r15zgma8tr4b4ag00000003a0000000018ws5",
        "X-Cache": "CONFIG_NOCACHE"
      },
      "ResponseBody": null
    },
    {
      "RequestUri": "https://sanitized.comminication.azure.com/routing/jobs/8D65D03D46D36DE995D91ADD9DAA89FF33DE636BE081FC3D9A?api-version=2023-11-01",
      "RequestMethod": "DELETE",
      "RequestHeaders": {
        "Accept": "application/json",
        "Authorization": "Sanitized",
        "traceparent": "00-da3984134c3531ae8aa4778582bc93a6-17a0b9fe2399b282-00",
        "User-Agent": "azsdk-net-Communication.JobRouter/1.0.0-alpha.20231031.1 (.NET 7.0.13; Microsoft Windows 10.0.22621)",
        "x-ms-client-request-id": "91a03e2924208687e40ba534eb9a27f5",
        "x-ms-content-sha256": "Sanitized",
        "x-ms-date": "Tue, 31 Oct 2023 20:08:11 GMT",
        "x-ms-return-client-request-id": "true"
      },
      "RequestBody": null,
      "StatusCode": 500,
      "ResponseHeaders": {
        "Connection": "keep-alive",
        "Content-Length": "0",
        "Date": "Tue, 31 Oct 2023 20:08:16 GMT",
        "x-azure-ref": "20231031T200815Z-3utpa35ygh5r15zgma8tr4b4ag00000003a0000000018wtq",
        "X-Cache": "CONFIG_NOCACHE"
      },
      "ResponseBody": null
    },
    {
      "RequestUri": "https://sanitized.comminication.azure.com/routing/queues/BA8280008D5A34B0B2892F22E5D9A2D817B26165F9AFE8CA60?api-version=2023-11-01",
      "RequestMethod": "DELETE",
      "RequestHeaders": {
        "Accept": "application/json",
        "Authorization": "Sanitized",
        "traceparent": "00-85998ac7ac848a5ac6819368cb2c2e7b-d21cff595ebd5898-00",
        "User-Agent": "azsdk-net-Communication.JobRouter/1.0.0-alpha.20231031.1 (.NET 7.0.13; Microsoft Windows 10.0.22621)",
        "x-ms-client-request-id": "09838d01931683ee3feba8b2bca7635f",
        "x-ms-content-sha256": "Sanitized",
        "x-ms-date": "Tue, 31 Oct 2023 20:08:12 GMT",
        "x-ms-return-client-request-id": "true"
      },
      "RequestBody": null,
      "StatusCode": 500,
      "ResponseHeaders": {
        "Connection": "keep-alive",
        "Content-Length": "0",
        "Date": "Tue, 31 Oct 2023 20:08:16 GMT",
        "x-azure-ref": "20231031T200816Z-3utpa35ygh5r15zgma8tr4b4ag00000003a0000000018wvp",
        "X-Cache": "CONFIG_NOCACHE"
      },
      "ResponseBody": null
    },
    {
      "RequestUri": "https://williamzhao-test.unitedstates.ppe.communication.azure.net/routing/distributionPolicies/BA8280008D5A34B0B2892F22E5D9A2D817B26165F9AFE8CA60?api-version=2023-11-01",
      "RequestMethod": "DELETE",
      "RequestHeaders": {
        "Accept": "application/json",
        "Authorization": "HMAC-SHA256 SignedHeaders=x-ms-date;host;x-ms-content-sha256\u0026Signature=YeiTKTPrJ7ygkaru2bSbFUXn8zm/G\u002BErjb29lOIT52s=",
        "traceparent": "00-55ff8ba45e30e46cc5ac1aecda423509-35616237a9f71c7d-00",
        "User-Agent": "azsdk-net-Communication.JobRouter/1.0.0-alpha.20231031.1 (.NET 7.0.13; Microsoft Windows 10.0.22621)",
        "x-ms-client-request-id": "d4c3a4a3f00af2d121aa8bc36748bd5c",
        "x-ms-content-sha256": "47DEQpj8HBSa\u002B/TImW\u002B5JCeuQeRkm5NMpJWZG3hSuFU=",
        "x-ms-date": "Tue, 31 Oct 2023 20:08:12 GMT",
        "x-ms-return-client-request-id": "true"
      },
      "RequestBody": null,
      "StatusCode": 500,
      "ResponseHeaders": {
        "Connection": "keep-alive",
        "Content-Length": "0",
        "Date": "Tue, 31 Oct 2023 20:08:16 GMT",
        "x-azure-ref": "20231031T200816Z-3utpa35ygh5r15zgma8tr4b4ag00000003a0000000018ww5",
        "X-Cache": "CONFIG_NOCACHE"
      },
      "ResponseBody": null
    }
  ],
  "Variables": {
    "COMMUNICATION_LIVETEST_DYNAMIC_CONNECTION_STRING": "endpoint=https://sanitized.communication.azure.com/;accesskey=Kg==",
    "id-prefix": "sdk-KNUE6Xtxd0C4qiCThE5BEg-",
    "RandomSeed": "488269534",
    "scheduled-time-utc": "2023-10-31T20:08:04.4240447\u002B00:00"
  }
}
