{
  "Entries": [
    {
      "RequestUri": "https://REDACTED/subscriptions/00000000-0000-0000-0000-000000000000/resourcegroups/javaacsrg54290?api-version=2022-09-01",
      "RequestMethod": "PUT",
      "RequestHeaders": {
        "Accept": "application/json",
        "Authorization": "Sanitized",
        "Content-Length": "21",
        "Content-Type": "application/json",
        "Date": "Thu, 10 Aug 2023 03:34:00 GMT",
        "User-Agent": "azsdk-java-com.azure.resourcemanager.resources/2.30.0-beta.1 (17.0.7; Windows 11; 10.0)",
        "x-ms-client-request-id": "d474551c-a8cb-4901-bcd0-dac0416b204a",
        "x-ms-return-client-request-id": "true"
      },
      "RequestBody": {
        "location": "eastus"
      },
      "StatusCode": 201,
      "ResponseHeaders": {
        "Cache-Control": "no-cache",
        "Content-Length": "225",
        "Content-Type": "application/json; charset=utf-8",
        "Date": "Thu, 10 Aug 2023 03:34:02 GMT",
        "Expires": "-1",
        "Pragma": "no-cache",
        "Strict-Transport-Security": "max-age=31536000; includeSubDomains",
        "X-Content-Type-Options": "nosniff",
        "x-ms-correlation-request-id": "3bbc3408-a5bd-4523-ae35-940dd46de001",
        "x-ms-ratelimit-remaining-subscription-writes": "1193",
        "x-ms-request-id": "3bbc3408-a5bd-4523-ae35-940dd46de001",
        "x-ms-routing-request-id": "SOUTHEASTASIA:20230810T033402Z:3bbc3408-a5bd-4523-ae35-940dd46de001"
      },
      "ResponseBody": {
        "id": "/subscriptions/ec0aa5f7-9e78-40c9-85cd-535c6305b380/resourceGroups/javaacsrg54290",
        "name": "javaacsrg54290",
        "type": "Microsoft.Resources/resourceGroups",
        "location": "eastus",
        "properties": {
          "provisioningState": "Succeeded"
        }
      }
    },
    {
      "RequestUri": "https://REDACTED/subscriptions/00000000-0000-0000-0000-000000000000/resourceGroups/javaacsrg54290/providers/Microsoft.ContainerService/managedClusters/aks18988a96?api-version=2023-07-01",
      "RequestMethod": "PUT",
      "RequestHeaders": {
        "Accept": "application/json",
        "Authorization": "Sanitized",
        "Content-Length": "695",
        "Content-Type": "application/json",
        "Date": "Thu, 10 Aug 2023 03:34:02 GMT",
        "User-Agent": "azsdk-java-com.azure.resourcemanager.containerservice/2.30.0-beta.1 (17.0.7; Windows 11; 10.0)",
        "x-ms-client-request-id": "24c19a62-dc34-4647-9e01-dea121f6f7ce",
        "x-ms-return-client-request-id": "true"
      },
      "RequestBody": {
        "location": "southcentralus",
        "tags": {},
        "identity": {
          "type": "SystemAssigned"
        },
        "properties": {
          "kubernetesVersion": "",
          "dnsPrefix": "mp1dns258358",
          "agentPoolProfiles": [
            {
              "count": 1,
              "vmSize": "Standard_D2_v2",
              "type": "VirtualMachineScaleSets",
              "mode": "System",
              "orchestratorVersion": "",
              "name": "ap0552787"
            },
            {
              "count": 1,
              "vmSize": "Standard_A2_v2",
              "orchestratorVersion": "",
              "scaleSetPriority": "Spot",
              "name": "ap116854a"
            }
          ],
          "linuxProfile": {
            "adminUsername": "testaks",
            "ssh": {
              "publicKeys": [
                {
                  "keyData": "ssh-rsa AAAAB3NzaC1yc2EAAAADAQABAAAAgQDG2BOUM\u002BfNDJYm8FbkPDKfqz/6nG6UdzxQTgErHlA9HokptGo5YHkfaWlyu9\u002BM77oIQn2\u002BmXnJvYS0g/GqUhEakmpKClU2A7r460GB14x/sTJIwLvVIwmyDIJAQWmNmlz7WrLbijMVlTPw9oQoHQA6niGu1SC6MPAn\u002B/jldxsXhw=="
                }
              ]
            }
          }
        }
      },
      "StatusCode": 201,
      "ResponseHeaders": {
        "azure-asyncoperation": "https://management.azure.com/subscriptions/ec0aa5f7-9e78-40c9-85cd-535c6305b380/providers/Microsoft.ContainerService/locations/southcentralus/operations/a9edd31c-fe27-4d31-bbe4-d7389bf440eb?api-version=2017-08-31",
        "Cache-Control": "no-cache",
        "Content-Length": "3694",
        "Content-Type": "application/json",
        "Date": "Thu, 10 Aug 2023 03:34:08 GMT",
        "Expires": "-1",
        "Pragma": "no-cache",
        "Server": "nginx",
        "Strict-Transport-Security": "max-age=31536000; includeSubDomains",
        "X-Content-Type-Options": "nosniff",
        "x-ms-correlation-request-id": "e2a977a1-c633-4b98-b88c-85b132cd723f",
        "x-ms-ratelimit-remaining-subscription-writes": "1192",
        "x-ms-request-id": "a9edd31c-fe27-4d31-bbe4-d7389bf440eb",
        "x-ms-routing-request-id": "SOUTHEASTASIA:20230810T033409Z:e2a977a1-c633-4b98-b88c-85b132cd723f"
      },
      "ResponseBody": {
        "id": "/subscriptions/ec0aa5f7-9e78-40c9-85cd-535c6305b380/resourcegroups/javaacsrg54290/providers/Microsoft.ContainerService/managedClusters/aks18988a96",
        "location": "southcentralus",
        "name": "aks18988a96",
        "type": "Microsoft.ContainerService/ManagedClusters",
        "properties": {
          "provisioningState": "Creating",
          "powerState": {
            "code": "Running"
          },
          "kubernetesVersion": "1.26.6",
          "currentKubernetesVersion": "1.26.6",
          "dnsPrefix": "mp1dns258358",
          "fqdn": "mp1dns258358-3kfjj1kr.hcp.southcentralus.azmk8s.io",
          "azurePortalFQDN": "mp1dns258358-3kfjj1kr.portal.hcp.southcentralus.azmk8s.io",
          "agentPoolProfiles": [
            {
              "name": "ap0552787",
              "count": 1,
              "vmSize": "Standard_D2_v2",
              "osDiskSizeGB": 128,
              "osDiskType": "Managed",
              "kubeletDiskType": "OS",
              "maxPods": 110,
              "type": "VirtualMachineScaleSets",
              "provisioningState": "Creating",
              "powerState": {
                "code": "Running"
              },
              "orchestratorVersion": "1.26.6",
              "currentOrchestratorVersion": "1.26.6",
              "mode": "System",
              "osType": "Linux",
              "osSKU": "Ubuntu",
              "nodeImageVersion": "AKSUbuntu-2204containerd-202307.27.0",
              "enableFIPS": false
            },
            {
              "name": "ap116854a",
              "count": 1,
              "vmSize": "Standard_A2_v2",
              "osDiskSizeGB": 128,
              "osDiskType": "Managed",
              "kubeletDiskType": "OS",
              "maxPods": 110,
              "type": "VirtualMachineScaleSets",
              "provisioningState": "Creating",
              "powerState": {
                "code": "Running"
              },
              "orchestratorVersion": "1.26.6",
              "currentOrchestratorVersion": "1.26.6",
              "scaleSetPriority": "Spot",
              "scaleSetEvictionPolicy": "Delete",
              "spotMaxPrice": -1,
              "nodeLabels": {
                "kubernetes.azure.com/scalesetpriority": "spot"
              },
              "nodeTaints": [
                "kubernetes.azure.com/scalesetpriority=spot:NoSchedule"
              ],
              "mode": "User",
              "osType": "Linux",
              "osSKU": "Ubuntu",
              "nodeImageVersion": "AKSUbuntu-2204containerd-202307.27.0",
              "enableFIPS": false
            }
          ],
          "linuxProfile": {
            "adminUsername": "testaks",
            "ssh": {
              "publicKeys": [
                {
                  "keyData": "ssh-rsa AAAAB3NzaC1yc2EAAAADAQABAAAAgQDG2BOUM\u002BfNDJYm8FbkPDKfqz/6nG6UdzxQTgErHlA9HokptGo5YHkfaWlyu9\u002BM77oIQn2\u002BmXnJvYS0g/GqUhEakmpKClU2A7r460GB14x/sTJIwLvVIwmyDIJAQWmNmlz7WrLbijMVlTPw9oQoHQA6niGu1SC6MPAn\u002B/jldxsXhw=="
                }
              ]
            }
          },
          "servicePrincipalProfile": {
            "clientId": "msi"
          },
          "nodeResourceGroup": "MC_javaacsrg54290_aks18988a96_southcentralus",
          "enableRBAC": true,
          "supportPlan": "KubernetesOfficial",
          "networkProfile": {
            "networkPlugin": "kubenet",
            "loadBalancerSku": "standard",
            "loadBalancerProfile": {
              "managedOutboundIPs": {
                "count": 1
              }
            },
            "podCidr": "10.244.0.0/16",
            "serviceCidr": "10.0.0.0/16",
            "dnsServiceIP": "10.0.0.10",
            "outboundType": "loadBalancer",
            "podCidrs": [
              "10.244.0.0/16"
            ],
            "serviceCidrs": [
              "10.0.0.0/16"
            ],
            "ipFamilies": [
              "IPv4"
            ]
          },
          "maxAgentPools": 100,
          "autoUpgradeProfile": {
            "nodeOSUpgradeChannel": "NodeImage"
          },
          "securityProfile": {},
          "storageProfile": {
            "diskCSIDriver": {
              "enabled": true
            },
            "fileCSIDriver": {
              "enabled": true
            },
            "snapshotController": {
              "enabled": true
            }
          },
          "oidcIssuerProfile": {
            "enabled": false
          },
          "workloadAutoScalerProfile": {}
        },
        "identity": {
          "type": "SystemAssigned",
          "principalId": "6bbec8b3-7e21-470b-a793-f5e0434baf89",
          "tenantId": "72f988bf-86f1-41af-91ab-2d7cd011db47"
        },
        "sku": {
          "name": "Base",
          "tier": "Free"
        }
      }
    },
    {
      "RequestUri": "https://REDACTED/subscriptions/00000000-0000-0000-0000-000000000000/providers/Microsoft.ContainerService/locations/southcentralus/operations/a9edd31c-fe27-4d31-bbe4-d7389bf440eb?api-version=2017-08-31",
      "RequestMethod": "GET",
      "RequestHeaders": {
        "Accept": "application/json",
        "Authorization": "Sanitized",
        "Date": "Thu, 10 Aug 2023 03:34:38 GMT",
        "User-Agent": "azsdk-java-com.azure.resourcemanager.containerservice/2.30.0-beta.1 (17.0.7; Windows 11; 10.0)",
        "x-ms-client-request-id": "d9efb4f5-845e-4558-8f38-25406631d2f3",
        "x-ms-return-client-request-id": "true"
      },
      "RequestBody": null,
      "StatusCode": 200,
      "ResponseHeaders": {
        "Cache-Control": "no-cache",
        "Content-Length": "126",
        "Content-Type": "application/json",
        "Date": "Thu, 10 Aug 2023 03:34:39 GMT",
        "Expires": "-1",
        "Pragma": "no-cache",
        "Server": "nginx",
        "Strict-Transport-Security": "max-age=31536000; includeSubDomains",
        "X-Content-Type-Options": "nosniff",
        "x-ms-correlation-request-id": "77a5f9f6-3b13-41cf-adee-41b7aaf3b77d",
        "x-ms-ratelimit-remaining-subscription-reads": "11964",
        "x-ms-request-id": "7aabe4f7-462b-4256-ac79-410ea3221918",
        "x-ms-routing-request-id": "SOUTHEASTASIA:20230810T033439Z:77a5f9f6-3b13-41cf-adee-41b7aaf3b77d"
      },
      "ResponseBody": {
        "name": "1cd3eda9-27fe-314d-bbe4-d7389bf440eb",
        "status": "InProgress",
        "startTime": "2023-08-10T03:34:08.6162196Z"
      }
    },
    {
      "RequestUri": "https://REDACTED/subscriptions/00000000-0000-0000-0000-000000000000/providers/Microsoft.ContainerService/locations/southcentralus/operations/a9edd31c-fe27-4d31-bbe4-d7389bf440eb?api-version=2017-08-31",
      "RequestMethod": "GET",
      "RequestHeaders": {
        "Accept": "application/json",
        "Authorization": "Sanitized",
        "Date": "Thu, 10 Aug 2023 03:35:08 GMT",
        "User-Agent": "azsdk-java-com.azure.resourcemanager.containerservice/2.30.0-beta.1 (17.0.7; Windows 11; 10.0)",
        "x-ms-client-request-id": "42716bdd-1e74-413e-95cc-4cbe0d03e7b4",
        "x-ms-return-client-request-id": "true"
      },
      "RequestBody": null,
      "StatusCode": 200,
      "ResponseHeaders": {
        "Cache-Control": "no-cache",
        "Content-Length": "126",
        "Content-Type": "application/json",
        "Date": "Thu, 10 Aug 2023 03:35:09 GMT",
        "Expires": "-1",
        "Pragma": "no-cache",
        "Server": "nginx",
        "Strict-Transport-Security": "max-age=31536000; includeSubDomains",
        "X-Content-Type-Options": "nosniff",
        "x-ms-correlation-request-id": "738afdd6-de80-4a96-9eb3-79c77160249e",
        "x-ms-ratelimit-remaining-subscription-reads": "11963",
        "x-ms-request-id": "21e15198-d77a-4535-b122-f1d1377e2af6",
        "x-ms-routing-request-id": "SOUTHEASTASIA:20230810T033509Z:738afdd6-de80-4a96-9eb3-79c77160249e"
      },
      "ResponseBody": {
        "name": "1cd3eda9-27fe-314d-bbe4-d7389bf440eb",
        "status": "InProgress",
        "startTime": "2023-08-10T03:34:08.6162196Z"
      }
    },
    {
      "RequestUri": "https://REDACTED/subscriptions/00000000-0000-0000-0000-000000000000/providers/Microsoft.ContainerService/locations/southcentralus/operations/a9edd31c-fe27-4d31-bbe4-d7389bf440eb?api-version=2017-08-31",
      "RequestMethod": "GET",
      "RequestHeaders": {
        "Accept": "application/json",
        "Authorization": "Sanitized",
        "Date": "Thu, 10 Aug 2023 03:35:39 GMT",
        "User-Agent": "azsdk-java-com.azure.resourcemanager.containerservice/2.30.0-beta.1 (17.0.7; Windows 11; 10.0)",
        "x-ms-client-request-id": "db4420bf-36a8-4899-8a81-eaa02cf45b98",
        "x-ms-return-client-request-id": "true"
      },
      "RequestBody": null,
      "StatusCode": 200,
      "ResponseHeaders": {
        "Cache-Control": "no-cache",
        "Content-Length": "126",
        "Content-Type": "application/json",
        "Date": "Thu, 10 Aug 2023 03:35:40 GMT",
        "Expires": "-1",
        "Pragma": "no-cache",
        "Server": "nginx",
        "Strict-Transport-Security": "max-age=31536000; includeSubDomains",
        "X-Content-Type-Options": "nosniff",
        "x-ms-correlation-request-id": "05e90257-ea96-4dba-b4c4-f092f2d95551",
        "x-ms-ratelimit-remaining-subscription-reads": "11962",
        "x-ms-request-id": "64c25edd-1427-47cc-b8a8-05ca25022bcf",
        "x-ms-routing-request-id": "SOUTHEASTASIA:20230810T033540Z:05e90257-ea96-4dba-b4c4-f092f2d95551"
      },
      "ResponseBody": {
        "name": "1cd3eda9-27fe-314d-bbe4-d7389bf440eb",
        "status": "InProgress",
        "startTime": "2023-08-10T03:34:08.6162196Z"
      }
    },
    {
      "RequestUri": "https://REDACTED/subscriptions/00000000-0000-0000-0000-000000000000/providers/Microsoft.ContainerService/locations/southcentralus/operations/a9edd31c-fe27-4d31-bbe4-d7389bf440eb?api-version=2017-08-31",
      "RequestMethod": "GET",
      "RequestHeaders": {
        "Accept": "application/json",
        "Authorization": "Sanitized",
        "Date": "Thu, 10 Aug 2023 03:36:10 GMT",
        "User-Agent": "azsdk-java-com.azure.resourcemanager.containerservice/2.30.0-beta.1 (17.0.7; Windows 11; 10.0)",
        "x-ms-client-request-id": "cd6f4010-d03f-47ea-bb33-8af24343d406",
        "x-ms-return-client-request-id": "true"
      },
      "RequestBody": null,
      "StatusCode": 200,
      "ResponseHeaders": {
        "Cache-Control": "no-cache",
        "Content-Length": "126",
        "Content-Type": "application/json",
        "Date": "Thu, 10 Aug 2023 03:36:10 GMT",
        "Expires": "-1",
        "Pragma": "no-cache",
        "Server": "nginx",
        "Strict-Transport-Security": "max-age=31536000; includeSubDomains",
        "X-Content-Type-Options": "nosniff",
        "x-ms-correlation-request-id": "70a37269-0cba-4fc6-9181-4174b1cda447",
        "x-ms-ratelimit-remaining-subscription-reads": "11961",
        "x-ms-request-id": "56ea6a52-2258-4581-8a69-08d748c2597f",
        "x-ms-routing-request-id": "SOUTHEASTASIA:20230810T033611Z:70a37269-0cba-4fc6-9181-4174b1cda447"
      },
      "ResponseBody": {
        "name": "1cd3eda9-27fe-314d-bbe4-d7389bf440eb",
        "status": "InProgress",
        "startTime": "2023-08-10T03:34:08.6162196Z"
      }
    },
    {
      "RequestUri": "https://REDACTED/subscriptions/00000000-0000-0000-0000-000000000000/providers/Microsoft.ContainerService/locations/southcentralus/operations/a9edd31c-fe27-4d31-bbe4-d7389bf440eb?api-version=2017-08-31",
      "RequestMethod": "GET",
      "RequestHeaders": {
        "Accept": "application/json",
        "Authorization": "Sanitized",
        "Date": "Thu, 10 Aug 2023 03:36:40 GMT",
        "User-Agent": "azsdk-java-com.azure.resourcemanager.containerservice/2.30.0-beta.1 (17.0.7; Windows 11; 10.0)",
        "x-ms-client-request-id": "ae9e1963-06b0-4e0a-ae09-fd7d1a36080f",
        "x-ms-return-client-request-id": "true"
      },
      "RequestBody": null,
      "StatusCode": 200,
      "ResponseHeaders": {
        "Cache-Control": "no-cache",
        "Content-Length": "126",
        "Content-Type": "application/json",
        "Date": "Thu, 10 Aug 2023 03:36:40 GMT",
        "Expires": "-1",
        "Pragma": "no-cache",
        "Server": "nginx",
        "Strict-Transport-Security": "max-age=31536000; includeSubDomains",
        "X-Content-Type-Options": "nosniff",
        "x-ms-correlation-request-id": "947c9ebd-5ca2-44f4-a5cd-e6ec0d49d407",
        "x-ms-ratelimit-remaining-subscription-reads": "11960",
        "x-ms-request-id": "9a37576f-df4a-4056-86dd-2309bbce4d60",
        "x-ms-routing-request-id": "SOUTHEASTASIA:20230810T033641Z:947c9ebd-5ca2-44f4-a5cd-e6ec0d49d407"
      },
      "ResponseBody": {
        "name": "1cd3eda9-27fe-314d-bbe4-d7389bf440eb",
        "status": "InProgress",
        "startTime": "2023-08-10T03:34:08.6162196Z"
      }
    },
    {
      "RequestUri": "https://REDACTED/subscriptions/00000000-0000-0000-0000-000000000000/providers/Microsoft.ContainerService/locations/southcentralus/operations/a9edd31c-fe27-4d31-bbe4-d7389bf440eb?api-version=2017-08-31",
      "RequestMethod": "GET",
      "RequestHeaders": {
        "Accept": "application/json",
        "Authorization": "Sanitized",
        "Date": "Thu, 10 Aug 2023 03:37:10 GMT",
        "User-Agent": "azsdk-java-com.azure.resourcemanager.containerservice/2.30.0-beta.1 (17.0.7; Windows 11; 10.0)",
        "x-ms-client-request-id": "5eca9f6c-d751-46da-8f75-3abe92498094",
        "x-ms-return-client-request-id": "true"
      },
      "RequestBody": null,
      "StatusCode": 200,
      "ResponseHeaders": {
        "Cache-Control": "no-cache",
        "Content-Length": "126",
        "Content-Type": "application/json",
        "Date": "Thu, 10 Aug 2023 03:37:11 GMT",
        "Expires": "-1",
        "Pragma": "no-cache",
        "Server": "nginx",
        "Strict-Transport-Security": "max-age=31536000; includeSubDomains",
        "X-Content-Type-Options": "nosniff",
        "x-ms-correlation-request-id": "6dc295e8-c1c6-4b44-be2e-77cb420fa4a6",
        "x-ms-ratelimit-remaining-subscription-reads": "11959",
        "x-ms-request-id": "9ee74ad5-fa04-46c6-ac6b-c2117b869ae4",
        "x-ms-routing-request-id": "SOUTHEASTASIA:20230810T033711Z:6dc295e8-c1c6-4b44-be2e-77cb420fa4a6"
      },
      "ResponseBody": {
        "name": "1cd3eda9-27fe-314d-bbe4-d7389bf440eb",
        "status": "InProgress",
        "startTime": "2023-08-10T03:34:08.6162196Z"
      }
    },
    {
      "RequestUri": "https://REDACTED/subscriptions/00000000-0000-0000-0000-000000000000/providers/Microsoft.ContainerService/locations/southcentralus/operations/a9edd31c-fe27-4d31-bbe4-d7389bf440eb?api-version=2017-08-31",
      "RequestMethod": "GET",
      "RequestHeaders": {
        "Accept": "application/json",
        "Authorization": "Sanitized",
        "Date": "Thu, 10 Aug 2023 03:37:41 GMT",
        "User-Agent": "azsdk-java-com.azure.resourcemanager.containerservice/2.30.0-beta.1 (17.0.7; Windows 11; 10.0)",
        "x-ms-client-request-id": "305ef464-e56b-4c4b-be7d-f88758bce704",
        "x-ms-return-client-request-id": "true"
      },
      "RequestBody": null,
      "StatusCode": 200,
      "ResponseHeaders": {
        "Cache-Control": "no-cache",
        "Content-Length": "126",
        "Content-Type": "application/json",
        "Date": "Thu, 10 Aug 2023 03:37:41 GMT",
        "Expires": "-1",
        "Pragma": "no-cache",
        "Server": "nginx",
        "Strict-Transport-Security": "max-age=31536000; includeSubDomains",
        "X-Content-Type-Options": "nosniff",
        "x-ms-correlation-request-id": "ad27d1a1-684a-4d07-b326-9aaca44b2d81",
        "x-ms-ratelimit-remaining-subscription-reads": "11958",
        "x-ms-request-id": "97fc5ea3-6973-44d3-81a6-43ad2128d4d6",
        "x-ms-routing-request-id": "SOUTHEASTASIA:20230810T033742Z:ad27d1a1-684a-4d07-b326-9aaca44b2d81"
      },
      "ResponseBody": {
        "name": "1cd3eda9-27fe-314d-bbe4-d7389bf440eb",
        "status": "InProgress",
        "startTime": "2023-08-10T03:34:08.6162196Z"
      }
    },
    {
      "RequestUri": "https://REDACTED/subscriptions/00000000-0000-0000-0000-000000000000/providers/Microsoft.ContainerService/locations/southcentralus/operations/a9edd31c-fe27-4d31-bbe4-d7389bf440eb?api-version=2017-08-31",
      "RequestMethod": "GET",
      "RequestHeaders": {
        "Accept": "application/json",
        "Authorization": "Sanitized",
        "Date": "Thu, 10 Aug 2023 03:38:11 GMT",
        "User-Agent": "azsdk-java-com.azure.resourcemanager.containerservice/2.30.0-beta.1 (17.0.7; Windows 11; 10.0)",
        "x-ms-client-request-id": "0b73b0bb-b76e-44a5-b1fc-e48a5c69b7d1",
        "x-ms-return-client-request-id": "true"
      },
      "RequestBody": null,
      "StatusCode": 200,
      "ResponseHeaders": {
        "Cache-Control": "no-cache",
        "Content-Length": "126",
        "Content-Type": "application/json",
        "Date": "Thu, 10 Aug 2023 03:38:11 GMT",
        "Expires": "-1",
        "Pragma": "no-cache",
        "Server": "nginx",
        "Strict-Transport-Security": "max-age=31536000; includeSubDomains",
        "X-Content-Type-Options": "nosniff",
        "x-ms-correlation-request-id": "984106e6-bca3-4556-8a0e-51789cd42bd2",
        "x-ms-ratelimit-remaining-subscription-reads": "11957",
        "x-ms-request-id": "e3ba3d1e-41b4-401b-a3d5-9177b40b25e5",
        "x-ms-routing-request-id": "SOUTHEASTASIA:20230810T033812Z:984106e6-bca3-4556-8a0e-51789cd42bd2"
      },
      "ResponseBody": {
        "name": "1cd3eda9-27fe-314d-bbe4-d7389bf440eb",
        "status": "InProgress",
        "startTime": "2023-08-10T03:34:08.6162196Z"
      }
    },
    {
      "RequestUri": "https://REDACTED/subscriptions/00000000-0000-0000-0000-000000000000/providers/Microsoft.ContainerService/locations/southcentralus/operations/a9edd31c-fe27-4d31-bbe4-d7389bf440eb?api-version=2017-08-31",
      "RequestMethod": "GET",
      "RequestHeaders": {
        "Accept": "application/json",
        "Authorization": "Sanitized",
        "Date": "Thu, 10 Aug 2023 03:38:41 GMT",
        "User-Agent": "azsdk-java-com.azure.resourcemanager.containerservice/2.30.0-beta.1 (17.0.7; Windows 11; 10.0)",
        "x-ms-client-request-id": "31643324-8948-4961-aa1e-d5becf69efe1",
        "x-ms-return-client-request-id": "true"
      },
      "RequestBody": null,
      "StatusCode": 200,
      "ResponseHeaders": {
        "Cache-Control": "no-cache",
        "Content-Length": "126",
        "Content-Type": "application/json",
        "Date": "Thu, 10 Aug 2023 03:38:42 GMT",
        "Expires": "-1",
        "Pragma": "no-cache",
        "Server": "nginx",
        "Strict-Transport-Security": "max-age=31536000; includeSubDomains",
        "X-Content-Type-Options": "nosniff",
        "x-ms-correlation-request-id": "62ee3593-7eba-49d4-ba60-d3a5d9318337",
        "x-ms-ratelimit-remaining-subscription-reads": "11956",
        "x-ms-request-id": "1b8d3618-8776-40f8-9a98-a00180d95aa1",
        "x-ms-routing-request-id": "SOUTHEASTASIA:20230810T033842Z:62ee3593-7eba-49d4-ba60-d3a5d9318337"
      },
      "ResponseBody": {
        "name": "1cd3eda9-27fe-314d-bbe4-d7389bf440eb",
        "status": "InProgress",
        "startTime": "2023-08-10T03:34:08.6162196Z"
      }
    },
    {
      "RequestUri": "https://REDACTED/subscriptions/00000000-0000-0000-0000-000000000000/providers/Microsoft.ContainerService/locations/southcentralus/operations/a9edd31c-fe27-4d31-bbe4-d7389bf440eb?api-version=2017-08-31",
      "RequestMethod": "GET",
      "RequestHeaders": {
        "Accept": "application/json",
        "Authorization": "Sanitized",
        "Date": "Thu, 10 Aug 2023 03:39:12 GMT",
        "User-Agent": "azsdk-java-com.azure.resourcemanager.containerservice/2.30.0-beta.1 (17.0.7; Windows 11; 10.0)",
        "x-ms-client-request-id": "7ee6bf4d-05ea-477c-ba8d-7d54837d6b67",
        "x-ms-return-client-request-id": "true"
      },
      "RequestBody": null,
      "StatusCode": 200,
      "ResponseHeaders": {
        "Cache-Control": "no-cache",
        "Content-Length": "126",
        "Content-Type": "application/json",
        "Date": "Thu, 10 Aug 2023 03:39:12 GMT",
        "Expires": "-1",
        "Pragma": "no-cache",
        "Server": "nginx",
        "Strict-Transport-Security": "max-age=31536000; includeSubDomains",
        "X-Content-Type-Options": "nosniff",
        "x-ms-correlation-request-id": "c668586b-68b3-4c42-9cca-86dbda856098",
        "x-ms-ratelimit-remaining-subscription-reads": "11955",
        "x-ms-request-id": "18d2f774-8a05-4d6c-8712-a5d0fbe37c6f",
        "x-ms-routing-request-id": "SOUTHEASTASIA:20230810T033913Z:c668586b-68b3-4c42-9cca-86dbda856098"
      },
      "ResponseBody": {
        "name": "1cd3eda9-27fe-314d-bbe4-d7389bf440eb",
        "status": "InProgress",
        "startTime": "2023-08-10T03:34:08.6162196Z"
      }
    },
    {
      "RequestUri": "https://REDACTED/subscriptions/00000000-0000-0000-0000-000000000000/providers/Microsoft.ContainerService/locations/southcentralus/operations/a9edd31c-fe27-4d31-bbe4-d7389bf440eb?api-version=2017-08-31",
      "RequestMethod": "GET",
      "RequestHeaders": {
        "Accept": "application/json",
        "Authorization": "Sanitized",
        "Date": "Thu, 10 Aug 2023 03:39:42 GMT",
        "User-Agent": "azsdk-java-com.azure.resourcemanager.containerservice/2.30.0-beta.1 (17.0.7; Windows 11; 10.0)",
        "x-ms-client-request-id": "9aa49ae7-aebd-48b0-befb-855e3f1aa913",
        "x-ms-return-client-request-id": "true"
      },
      "RequestBody": null,
      "StatusCode": 200,
      "ResponseHeaders": {
        "Cache-Control": "no-cache",
        "Content-Length": "126",
        "Content-Type": "application/json",
        "Date": "Thu, 10 Aug 2023 03:39:42 GMT",
        "Expires": "-1",
        "Pragma": "no-cache",
        "Server": "nginx",
        "Strict-Transport-Security": "max-age=31536000; includeSubDomains",
        "X-Content-Type-Options": "nosniff",
        "x-ms-correlation-request-id": "94e06702-2c41-48c1-996d-6510286184f0",
        "x-ms-ratelimit-remaining-subscription-reads": "11954",
        "x-ms-request-id": "011acb2c-a028-477f-832e-65a31be93cf2",
        "x-ms-routing-request-id": "SOUTHEASTASIA:20230810T033943Z:94e06702-2c41-48c1-996d-6510286184f0"
      },
      "ResponseBody": {
        "name": "1cd3eda9-27fe-314d-bbe4-d7389bf440eb",
        "status": "InProgress",
        "startTime": "2023-08-10T03:34:08.6162196Z"
      }
    },
    {
      "RequestUri": "https://REDACTED/subscriptions/00000000-0000-0000-0000-000000000000/providers/Microsoft.ContainerService/locations/southcentralus/operations/a9edd31c-fe27-4d31-bbe4-d7389bf440eb?api-version=2017-08-31",
      "RequestMethod": "GET",
      "RequestHeaders": {
        "Accept": "application/json",
        "Authorization": "Sanitized",
        "Date": "Thu, 10 Aug 2023 03:40:12 GMT",
        "User-Agent": "azsdk-java-com.azure.resourcemanager.containerservice/2.30.0-beta.1 (17.0.7; Windows 11; 10.0)",
        "x-ms-client-request-id": "bc865aa7-af46-49db-94e2-3688d3158b7a",
        "x-ms-return-client-request-id": "true"
      },
      "RequestBody": null,
      "StatusCode": 200,
      "ResponseHeaders": {
        "Cache-Control": "no-cache",
        "Content-Length": "126",
        "Content-Type": "application/json",
        "Date": "Thu, 10 Aug 2023 03:40:13 GMT",
        "Expires": "-1",
        "Pragma": "no-cache",
        "Server": "nginx",
        "Strict-Transport-Security": "max-age=31536000; includeSubDomains",
        "X-Content-Type-Options": "nosniff",
        "x-ms-correlation-request-id": "9bc678ad-ec46-44d0-9c60-a6227b286088",
        "x-ms-ratelimit-remaining-subscription-reads": "11953",
        "x-ms-request-id": "ce7751fc-d468-4526-b62d-5a51e898b8e4",
        "x-ms-routing-request-id": "SOUTHEASTASIA:20230810T034013Z:9bc678ad-ec46-44d0-9c60-a6227b286088"
      },
      "ResponseBody": {
        "name": "1cd3eda9-27fe-314d-bbe4-d7389bf440eb",
        "status": "InProgress",
        "startTime": "2023-08-10T03:34:08.6162196Z"
      }
    },
    {
      "RequestUri": "https://REDACTED/subscriptions/00000000-0000-0000-0000-000000000000/providers/Microsoft.ContainerService/locations/southcentralus/operations/a9edd31c-fe27-4d31-bbe4-d7389bf440eb?api-version=2017-08-31",
      "RequestMethod": "GET",
      "RequestHeaders": {
        "Accept": "application/json",
        "Authorization": "Sanitized",
        "Date": "Thu, 10 Aug 2023 03:40:43 GMT",
        "User-Agent": "azsdk-java-com.azure.resourcemanager.containerservice/2.30.0-beta.1 (17.0.7; Windows 11; 10.0)",
        "x-ms-client-request-id": "92961563-1e49-4c49-97a8-ed1ffd696cd0",
        "x-ms-return-client-request-id": "true"
      },
      "RequestBody": null,
      "StatusCode": 200,
      "ResponseHeaders": {
        "Cache-Control": "no-cache",
        "Content-Length": "170",
        "Content-Type": "application/json",
        "Date": "Thu, 10 Aug 2023 03:40:43 GMT",
        "Expires": "-1",
        "Pragma": "no-cache",
        "Server": "nginx",
        "Strict-Transport-Security": "max-age=31536000; includeSubDomains",
        "X-Content-Type-Options": "nosniff",
        "x-ms-correlation-request-id": "f3dc5b4a-32e5-4e52-8dfa-5da07f7381ef",
        "x-ms-ratelimit-remaining-subscription-reads": "11952",
        "x-ms-request-id": "e1918fff-6acf-40d5-96d4-bba873761803",
        "x-ms-routing-request-id": "SOUTHEASTASIA:20230810T034044Z:f3dc5b4a-32e5-4e52-8dfa-5da07f7381ef"
      },
      "ResponseBody": {
        "name": "1cd3eda9-27fe-314d-bbe4-d7389bf440eb",
        "status": "Succeeded",
        "startTime": "2023-08-10T03:34:08.6162196Z",
        "endTime": "2023-08-10T03:40:23.1633121Z"
      }
    },
    {
      "RequestUri": "https://REDACTED/subscriptions/00000000-0000-0000-0000-000000000000/resourceGroups/javaacsrg54290/providers/Microsoft.ContainerService/managedClusters/aks18988a96?api-version=2023-07-01",
      "RequestMethod": "GET",
      "RequestHeaders": {
        "Accept": "application/json",
        "Authorization": "Sanitized",
        "Date": "Thu, 10 Aug 2023 03:40:43 GMT",
        "User-Agent": "azsdk-java-com.azure.resourcemanager.containerservice/2.30.0-beta.1 (17.0.7; Windows 11; 10.0)",
        "x-ms-client-request-id": "66100e65-7d91-4ea3-8790-76841000dbaf",
        "x-ms-return-client-request-id": "true"
      },
      "RequestBody": null,
      "StatusCode": 200,
      "ResponseHeaders": {
        "Cache-Control": "no-cache",
        "Content-Length": "4351",
        "Content-Type": "application/json",
        "Date": "Thu, 10 Aug 2023 03:40:44 GMT",
        "Expires": "-1",
        "Pragma": "no-cache",
        "Server": "nginx",
        "Strict-Transport-Security": "max-age=31536000; includeSubDomains",
        "X-Content-Type-Options": "nosniff",
        "x-ms-correlation-request-id": "8fa98d15-c9cd-4b70-978a-65f0796091e4",
        "x-ms-ratelimit-remaining-subscription-reads": "11951",
        "x-ms-request-id": "fbe845f5-96a5-48c5-9697-bf5f206db3fe",
        "x-ms-routing-request-id": "SOUTHEASTASIA:20230810T034045Z:8fa98d15-c9cd-4b70-978a-65f0796091e4"
      },
      "ResponseBody": {
        "id": "/subscriptions/ec0aa5f7-9e78-40c9-85cd-535c6305b380/resourcegroups/javaacsrg54290/providers/Microsoft.ContainerService/managedClusters/aks18988a96",
        "location": "southcentralus",
        "name": "aks18988a96",
        "type": "Microsoft.ContainerService/ManagedClusters",
        "properties": {
          "provisioningState": "Succeeded",
          "powerState": {
            "code": "Running"
          },
          "kubernetesVersion": "1.26.6",
          "currentKubernetesVersion": "1.26.6",
          "dnsPrefix": "mp1dns258358",
          "fqdn": "mp1dns258358-3kfjj1kr.hcp.southcentralus.azmk8s.io",
          "azurePortalFQDN": "mp1dns258358-3kfjj1kr.portal.hcp.southcentralus.azmk8s.io",
          "agentPoolProfiles": [
            {
              "name": "ap0552787",
              "count": 1,
              "vmSize": "Standard_D2_v2",
              "osDiskSizeGB": 128,
              "osDiskType": "Managed",
              "kubeletDiskType": "OS",
              "maxPods": 110,
              "type": "VirtualMachineScaleSets",
              "provisioningState": "Succeeded",
              "powerState": {
                "code": "Running"
              },
              "orchestratorVersion": "1.26.6",
              "currentOrchestratorVersion": "1.26.6",
              "mode": "System",
              "osType": "Linux",
              "osSKU": "Ubuntu",
              "nodeImageVersion": "AKSUbuntu-2204containerd-202307.27.0",
              "enableFIPS": false
            },
            {
              "name": "ap116854a",
              "count": 1,
              "vmSize": "Standard_A2_v2",
              "osDiskSizeGB": 128,
              "osDiskType": "Managed",
              "kubeletDiskType": "OS",
              "maxPods": 110,
              "type": "VirtualMachineScaleSets",
              "provisioningState": "Succeeded",
              "powerState": {
                "code": "Running"
              },
              "orchestratorVersion": "1.26.6",
              "currentOrchestratorVersion": "1.26.6",
              "scaleSetPriority": "Spot",
              "scaleSetEvictionPolicy": "Delete",
              "spotMaxPrice": -1,
              "nodeLabels": {
                "kubernetes.azure.com/scalesetpriority": "spot"
              },
              "nodeTaints": [
                "kubernetes.azure.com/scalesetpriority=spot:NoSchedule"
              ],
              "mode": "User",
              "osType": "Linux",
              "osSKU": "Ubuntu",
              "nodeImageVersion": "AKSUbuntu-2204containerd-202307.27.0",
              "enableFIPS": false
            }
          ],
          "linuxProfile": {
            "adminUsername": "testaks",
            "ssh": {
              "publicKeys": [
                {
                  "keyData": "ssh-rsa AAAAB3NzaC1yc2EAAAADAQABAAAAgQDG2BOUM\u002BfNDJYm8FbkPDKfqz/6nG6UdzxQTgErHlA9HokptGo5YHkfaWlyu9\u002BM77oIQn2\u002BmXnJvYS0g/GqUhEakmpKClU2A7r460GB14x/sTJIwLvVIwmyDIJAQWmNmlz7WrLbijMVlTPw9oQoHQA6niGu1SC6MPAn\u002B/jldxsXhw=="
                }
              ]
            }
          },
          "servicePrincipalProfile": {
            "clientId": "msi"
          },
          "nodeResourceGroup": "MC_javaacsrg54290_aks18988a96_southcentralus",
          "enableRBAC": true,
          "supportPlan": "KubernetesOfficial",
          "networkProfile": {
            "networkPlugin": "kubenet",
            "loadBalancerSku": "Standard",
            "loadBalancerProfile": {
              "managedOutboundIPs": {
                "count": 1
              },
              "effectiveOutboundIPs": [
                {
                  "id": "/subscriptions/ec0aa5f7-9e78-40c9-85cd-535c6305b380/resourceGroups/MC_javaacsrg54290_aks18988a96_southcentralus/providers/Microsoft.Network/publicIPAddresses/c26dcd86-560b-4dd9-8959-00fddcc5328e"
                }
              ]
            },
            "podCidr": "10.244.0.0/16",
            "serviceCidr": "10.0.0.0/16",
            "dnsServiceIP": "10.0.0.10",
            "outboundType": "loadBalancer",
            "podCidrs": [
              "10.244.0.0/16"
            ],
            "serviceCidrs": [
              "10.0.0.0/16"
            ],
            "ipFamilies": [
              "IPv4"
            ]
          },
          "maxAgentPools": 100,
          "identityProfile": {
            "kubeletidentity": {
              "resourceId": "/subscriptions/ec0aa5f7-9e78-40c9-85cd-535c6305b380/resourcegroups/MC_javaacsrg54290_aks18988a96_southcentralus/providers/Microsoft.ManagedIdentity/userAssignedIdentities/aks18988a96-agentpool",
              "clientId": "760c146c-ce26-496a-b17a-cc66118243a5",
              "objectId": "bb082dc3-ce37-472b-bbd7-c2cacadba8c0"
            }
          },
          "autoUpgradeProfile": {
            "nodeOSUpgradeChannel": "NodeImage"
          },
          "securityProfile": {},
          "storageProfile": {
            "diskCSIDriver": {
              "enabled": true
            },
            "fileCSIDriver": {
              "enabled": true
            },
            "snapshotController": {
              "enabled": true
            }
          },
          "oidcIssuerProfile": {
            "enabled": false
          },
          "workloadAutoScalerProfile": {}
        },
        "identity": {
          "type": "SystemAssigned",
          "principalId": "6bbec8b3-7e21-470b-a793-f5e0434baf89",
          "tenantId": "72f988bf-86f1-41af-91ab-2d7cd011db47"
        },
        "sku": {
          "name": "Base",
          "tier": "Free"
        }
      }
    },
    {
      "RequestUri": "https://REDACTED/subscriptions/00000000-0000-0000-0000-000000000000/resourceGroups/javaacsrg54290/providers/Microsoft.ContainerService/managedClusters/aks18988a96/listClusterAdminCredential?api-version=2023-07-01",
      "RequestMethod": "POST",
      "RequestHeaders": {
        "Accept": "application/json",
        "Authorization": "Sanitized",
        "Content-Length": "0",
        "Content-Type": "application/json",
        "Date": "Thu, 10 Aug 2023 03:40:45 GMT",
        "User-Agent": "azsdk-java-com.azure.resourcemanager.containerservice/2.30.0-beta.1 (17.0.7; Windows 11; 10.0)",
        "x-ms-client-request-id": "3ca2feee-5f4e-4365-b505-7a8dbf56fc11",
        "x-ms-return-client-request-id": "true"
      },
      "RequestBody": null,
      "StatusCode": 200,
      "ResponseHeaders": {
        "Cache-Control": "no-cache",
        "Content-Length": "13045",
        "Content-Type": "application/json",
        "Date": "Thu, 10 Aug 2023 03:40:45 GMT",
        "Expires": "-1",
        "Pragma": "no-cache",
        "Server": "nginx",
        "Strict-Transport-Security": "max-age=31536000; includeSubDomains",
        "X-Content-Type-Options": "nosniff",
        "x-ms-correlation-request-id": "374bebef-6118-4548-a2de-81b784626013",
        "x-ms-ratelimit-remaining-subscription-writes": "1196",
        "x-ms-request-id": "a6dd548a-3491-453e-82a3-f25b0cf6c80e",
        "x-ms-routing-request-id": "SOUTHEASTASIA:20230810T034046Z:374bebef-6118-4548-a2de-81b784626013"
      },
      "ResponseBody": {
        "kubeconfigs": [
          {
            "name": "clusterAdmin",
            "value": "YXBpVmVyc2lvbjogdjEKY2x1c3RlcnM6Ci0gY2x1c3RlcjoKICAgIGNlcnRpZmljYXRlLWF1dGhvcml0eS1kYXRhOiBMUzB0TFMxQ1JVZEpUaUJEUlZKVVNVWkpRMEZVUlMwdExTMHRDazFKU1VVMlZFTkRRWFJIWjBGM1NVSkJaMGxTUVV4TVFXTXZjRmxJU2pGdGEyZHFVME5FVlVsTFRUaDNSRkZaU2t0dldrbG9kbU5PUVZGRlRFSlJRWGNLUkZSRlRFMUJhMGRCTVZWRlFYaE5RMWt5UlhkSlFtTk9UV3BOZDA5RVJYZE5SRTE1VGtSTmQxZG9aMUJOYWtFeFRYcEJORTFVUVhkTmVrMHdUWHBDWVFwTlFUQjRRM3BCU2tKblRsWkNRVTFVUVcxT2FFMUpTVU5KYWtGT1FtZHJjV2hyYVVjNWR6QkNRVkZGUmtGQlQwTkJaemhCVFVsSlEwTm5TME5CWjBWQkNuUXdWMGh5WTBJME5YSkdjRFZHWldsWlFpOUJaVGMzU2xCMmRXeHlSR1Z2TXpKVWVIWkxhbXRYVDB0Q1VXUmtZemRNTmpkWGJsWmFTbWxCYVVjclJGZ0taR0ZxZFRVMlVYSk5WVlpsT0ZOSWFtdHZMMGR3WTNGM1duRTJkV2R1WlZnNE16Rk5NV0Z5VmxaR2RUZFBUM0p0ZVRZMloyWlBjMUJ3WVhCS1NtZDVVd281V1haMVMyTTRUVVo0WTBsdVNUaGtXbmhrVDBWSmNWcDZhRFYyWVdFNFJHdDNNWFZWTldZclozVXlZWFowUWxCamRXRnVNVEl3VUhvNGRqSTVlVnBFQ2xRNGFUSktSVkpMZDFoeGFuTmplbXR1VHpGR1JrTTBNVmt6Ylc5QlNtTkNiRTVJUmtZdk9GZzNTQzlqVDAxNlluazBLMGxNUzBOaGEwVkdkMG96Ylc4S2FVb3dNMngxTmtGRFYxQkxWbWd4TWpNeFFtOWhXRmt5TUhwMVVXRlpUVGwzYmpoRGFVaDVhWEExY0VsaWVrOHhOMmRUV1hoU1VrVXdiV2x2UkZCVk1RcGtNR3BtVkdoaGIxWklUVFZqYTB4a1dqWjBlVWhuUmlzelJHZHRXbTh6U0dadVpTOTNiemRuUW1SamVXOXBPRVl2TkVsalkyODBVbmROVURONlZtZEdDak5FWkhBNFJVOWtVMVpKTDB4d1V6Um1hM1pGTUdvMFFUQnlia1F4WmpWTWExaHZaVzlvYTFvd1p5dE1Na2RZV0Vkd1drWlZaRFF5YzFsVGJqVTFTakFLVnpkYWFqbGpaVXgyWkZCU1p6QnlOM0ZDUm5FMU9HMWhZVVpIYzJScllURmxlRFZEU0daUmNUUTVXRmgzZVZaVFlXbFBORVZaVG1ZeVptZHVVR0pEYndwMWNVODNWMGs0Y2pkc01FZG1jelprU1hGVlZVbzVlbkJvUzIwNUwwSkplRVJHT1dGUk1tbEtObEJDYUhnMk4xSk5SWGh0ZVdnd2FGbzVOQ3RoVVRGbkNubEZlSGx3YmpWeFJ5OTRNR1pCVGpsa1ZGTTFhVTVtVUdWc2IyVjVRekpKWjNkdVZFbGtkVWR3Y21kNWIycDFNRkJCZGxSQmJuTXJNa3RKUlhsR2FGY0tiR3hpZVhGalIwbzVSV1JXVWxaaVdGTkpXRFJSUTFKdE0yZERTMFF2YmtKa05qZGpiVGN4YVdSaGMwTkJkMFZCUVdGT1EwMUZRWGRFWjFsRVZsSXdVQXBCVVVndlFrRlJSRUZuUzJ0TlFUaEhRVEZWWkVWM1JVSXZkMUZHVFVGTlFrRm1PSGRJVVZsRVZsSXdUMEpDV1VWR1NXcHljMWs0TkZrM1UwaDFNM0J5Q2s1YUwyaFVObXB0TDFWemNFMUJNRWREVTNGSFUwbGlNMFJSUlVKRGQxVkJRVFJKUTBGUlExaHZTMGhMYVdaVk5rcHZSV2RsVEZkbllVNXRRMmRuYVVvS2IyTnVWWGh4VUZOd1VsbDJiazFDYVhNMlRDOW5ia1p4VWxkb1kxRXZlVE5PWlUxeWFWRmxhbFF5TDIxQ2NEUXlTRFZGU3pSRlJVVkhORTVUYW1seU5ncHhWaTl4WmxsNWJqUkpNa2N3TlVwNGNVRTBaVk5pV0RsTGJIRnFPSFk0VEVSTkswTjVla3RoSzJkdVJHZE9XbHAzWW5FelVrbGxZbTVtVkU5dWJ6UnNDblpXYjBGUFptUm5kelZMYm5kSlNIWTJORUZtVGsxblVEbDRSR3RvZG01NFQyOHJORkpVUVhSbVMxVmxOWFZwVWxsMldUTnlWWE01TUROaVFrTnVWbFFLVDFCSlR6azVRalp5V1VGMlpYcFZTSGR0UlV4QlptbFRhbTB2WkRGV1p6ZFNlbWR1U2paRmRuUjVZU3RXZGtOWFNuYzFWa293UVZKQ1V6aFRSbVI2V2dvd2IzTjJjWGh4YlhFeldXaEJUSGR6U2s1bGRqRkxPUzhyZERGeWR6TnljR3hWVEcxWE5IZGFkMmRXZUdNM2JraE9SbTFrVUdNNVdtVkxhalV4Um1Od0NtMTFabE4zTlU1b05HOUxiVVJ0TXpaTlVFZGFhbGhEVWpGNWIxbFZTakZYVlRKbmFEQldVbmt2VVVzMlIxaDJibkpHUlc1SFVVcFpMMnBpUVdwV2FWY0tZVkpTYUVSNU5WTkhkRU53VTB0SVRWbEdXR2xHWTBwbk0wdElkRzlIVTBGMVUxRnVZVVZqZEdacmVIYzNUR3h1ZVdKV09UQk1UV3R6UjA5WlRYWlBhd3BMUW1wbU1VVk9SRGs0Wm1sVGVXcG5ZVlkyV0ZNeFJuTTJXVTU0ZEVWRWNGTkhSMFFyY1docVpFWm9OSFJuVUhONGVHVnFjRTRyZFUxeVVFaDZaVGRzQ25KbFR6aDRjMjgzYlVFeFdrOHhlWFkwVDFCaVdraFpaMlV2WTNwUVltcE9OMGt3ZEhBeVRWTnRWVlo0ZUVZMVNrVTBlbkZQY1RKR01tNHpRVUkyWmxjS2VVNUVOaXRUTlZwTk1VRnpORGMyTDBreU4yOVJWa0oyYW14MVdubFBXSFpJVmprM2IwOUxhSGxqUTJOWVVWWlVSVkJrZUVzNVZUWnVVVXBpWVdodFRRcHdiR1ExV2pjeE1qVnpSak01UnpkMGFrRTlQUW90TFMwdExVVk9SQ0JEUlZKVVNVWkpRMEZVUlMwdExTMHRDZz09CiAgICBzZXJ2ZXI6IGh0dHBzOi8vbXAxZG5zMjU4MzU4LTNrZmpqMWtyLmhjcC5zb3V0aGNlbnRyYWx1cy5hem1rOHMuaW86NDQzCiAgbmFtZTogYWtzMTg5ODhhOTYKY29udGV4dHM6Ci0gY29udGV4dDoKICAgIGNsdXN0ZXI6IGFrczE4OTg4YTk2CiAgICB1c2VyOiBjbHVzdGVyQWRtaW5famF2YWFjc3JnNTQyOTBfYWtzMTg5ODhhOTYKICBuYW1lOiBha3MxODk4OGE5NgpjdXJyZW50LWNvbnRleHQ6IGFrczE4OTg4YTk2CmtpbmQ6IENvbmZpZwpwcmVmZXJlbmNlczoge30KdXNlcnM6Ci0gbmFtZTogY2x1c3RlckFkbWluX2phdmFhY3NyZzU0MjkwX2FrczE4OTg4YTk2CiAgdXNlcjoKICAgIGNsaWVudC1jZXJ0aWZpY2F0ZS1kYXRhOiBMUzB0TFMxQ1JVZEpUaUJEUlZKVVNVWkpRMEZVUlMwdExTMHRDazFKU1VaSVZFTkRRWGRYWjBGM1NVSkJaMGxSVWxodVpWQm1PV1F2VHpsTVNHTldOMU5vVVdobFJFRk9RbWRyY1docmFVYzVkekJDUVZGelJrRkVRVTRLVFZGemQwTlJXVVJXVVZGRVJYZEthbGxVUVdWR2R6QjVUWHBCTkUxVVFYZE5la2t3VFhwQ1lVWjNNSGxPVkVFMFRWUkJkMDE2VFRCTmVrSmhUVVJCZUFwR2VrRldRbWRPVmtKQmIxUkViazQxWXpOU2JHSlVjSFJaV0U0d1dsaEtlazFTVlhkRmQxbEVWbEZSUkVWM2VIUlpXRTR3V2xoS2FtSkhiR3hpYmxGM0NtZG5TV2xOUVRCSFExTnhSMU5KWWpORVVVVkNRVkZWUVVFMFNVTkVkMEYzWjJkSlMwRnZTVU5CVVVSSU1UUmllVUpRUlVOMFowcFplbFJITUhaT1Zqa0tNemxPZFd0bVZtTnVNVGg1YkZSdmJrOXRWR1pEVXpWdFVFbHZOemgxY1M4MFltWmhNa2xDTjFacGVVaFNMMUZYWkVaTldtUmtLMlJEU3podmJYTndSQXBKT0hsc056bEpSWGRpUlUxQlZrNHpiamh3SzIxUldYZEdhazVLU1VkV2MzbEhSR05IVUhwRlFUbDRlWHBrVGxOQmJVSTBSbE5JTDFoT09UbG1UM2xvQ2pOcldHRlJWM2xDVFdsd1dGSXlURmR0VlVjclFWY3ZNMjVLT0UxUmRVVlNaamhIVmsxS05tZExOVXREYVVoTWRHRkxkMGRhTkdGTU1rUlRaRUpEVldjS1ZUVnBXa1JLYWxGbVlYQmhPVTFLVmk5R1NqRlVlRlZqVldOWWVVRnlORzl4ZVVKdUsxUTRWakZqZEVwS0syUkpNRFYxVjFabWFXbG1ORmgzV25FMldnbzBiVmR1SzNOSVJ6UnNORTF5YzBWQlZUUkVNMnMwUkVaV2NVdHhNekE1U3pkeU1YVnNTVXBpTkZob1FVeFpVbFZXVG5NMVVWZE1kVkJETTJobmJtTXhDbFphVTBJelpISTBSWEZNVDFjdk9HOXlTWHAwZHl0bGJqYzJUbTVIZFVZdkx6TndkMGN5VnpSSFJXRnRTR2haV21wMlpqRjBSRlZVUTFOUlRGUjNSVUVLYjAwMWRWZFJhbFZXYzBkRWVWTmxaaTlEU0RZMGJGWnZVMEZKZVhCd1N5ODFWM2hQTXprNE5ETXdkbmRVWWxOelEyVlVhazFTY2tWbWVWQXhaMjlrU1FvMGFuSnZaRmxoTW1oNFdDOTVWR1pCVTB4VmVtcDJaa2xyU21KTFQxQXlSR2RDUjNCTlZ6RkxOMU5oVUVsYVdrUk5ZemxGZWpoeFdFTllSak14YmpWdUNqaHFWRlZ0WjNneFUweEJRVzl5V2pScWNuUTBRWGhVZURkNUwyeDRjRWd4WjBkbWVVOXVlVGxTWmtoaVNUVm1WMlpYUTI1RmFYZDRRMmRKUkV0dmRESUthVTFtVFZsQk1GZGpUQ3RoYlM5MVpIUm9jbmx3WW1Odk9VcFhibWRRY2xacFNFNXlWVzVxTkRGbVVsVTVibUZoVkVwelQyaFZlbTF6WVM4ek5GSk5Od3BWWW1SaWRVeGFSa3RzUVRKemIwaGhOR1o2ZW01UlNVUkJVVUZDYnpGWmQxWkVRVTlDWjA1V1NGRTRRa0ZtT0VWQ1FVMURRbUZCZDBWM1dVUldVakJzQ2tKQmQzZERaMWxKUzNkWlFrSlJWVWhCZDBsM1JFRlpSRlpTTUZSQlVVZ3ZRa0ZKZDBGRVFXWkNaMDVXU0ZOTlJVZEVRVmRuUWxOSk5qZEhVRTlIVHpBS2FEZDBObUY2VjJZMFZTdHZOWFl4VEV0VVFVNUNaMnR4YUd0cFJ6bDNNRUpCVVhOR1FVRlBRMEZuUlVGaVFXd3djbEo0VjBGeWJWTlhjM3A2WldOUWFRcFRWVVpvVEhOMFQwNUxlalZQUnk5ME5VYzVkV0U0V0RFd2MwSXJTRkZ5ZEV0SFQyZFFiRXBWYlVkUGNtZFZVVkJ6ZUZBeFpIaG5UVGhRVFVOdEwwMU5Da2xTTVZodFNHWlVPV2hVYTBsbmNHNXFMekkxT1doUFJGTnlaMk5STkZWMkwwMVhTakowZWxSSWJISlZTRUpHYjFRMU4zVnFUV05qTkdsSFNFUnNjSEVLTldOMlJVbGpja0ZZYkVWaU1XbHhSWGR2TUdGWVFUUkpTbFp6VG1jNE16WkhSelp4WVZweldtdFhiVTl0YVdsV1ZHbDJialpoV1RaaVJFWjNkbGRSWVFwWFNVYzVRblk1V25FNE4wVkJOamt4ZEdrNWMzSXZibTVWWkdWVWFHMVRTSGhCY2pORVNFWldXRkk1TUZkaldsWmFNVlZ4VUdGVlFsSTJTV2xJT0VOSUNucG9aVEptZG1KSGJqZGlaQ3N2WkhGS2FXcGljalV4ZEd4TVFtczVVRlpLZW1OTFptZDBXRUZGYnpaTFNtZE1lamxDVTNWVlVDOWxTMWg2VVRCS1JHMEtiamd3VkRabk1UZFRZMWwwYjFvclJFOVZkVmwxV0hSYVZFNTVNMUprWldZNVYxa3JWblJRY2xSSVNsUXJkbTFhVmtoYVltSkNUWEpFZHpkMlNrbElSd296ZG5GdE9HcHJPSGhqWlM5T2NUbHpTMlZ3UkhWNmNqTnRjbXczY2tOSVVIVk9Xa1F6Y1dOMmFFUjRNVEZvWTBZeFZETnFSbEpyV1hOa1ltMHZTMUpJQ2xWU2FGTkJRa1Z0VUUxcFRYbHFkMlJ1VWs1Uk5rVlNTWEpFUm5GaVJ6bDNTWEZMWjFsVWNVSTNjMHB0V0U5RWJrNU9ORlZrU1V0QloxQkthV2hrWmxFS1NtNXlOVE5YU1hwQmJuQmFjWGRzVUNzM1J6UlpRWFk0V205NmJFTnJXVGRvUmxndk5HWnBUMVZ0VTBjdmVrVlpUVkF6VjBKNVQxUkxLMjVyWlU1REt3cENibXgxV0U4ck9XUk1hMDFaWnpRNVdqZDJTVTl5ZFROSlJXbEJXR2xJV1ZkaVJHTjFTRnBtU0dkWlNGTjZaV0k0YzBsNlZub3ZUalJEZGtsNk5sQnBDa1ZxVTNZMFRVaEdibEpWZWpSVU1HNXBOR2hGUVhoalBRb3RMUzB0TFVWT1JDQkRSVkpVU1VaSlEwRlVSUzB0TFMwdENnPT0KICAgIGNsaWVudC1rZXktZGF0YTogTFMwdExTMUNSVWRKVGlCU1UwRWdVRkpKVmtGVVJTQkxSVmt0TFMwdExRcE5TVWxLUzFGSlFrRkJTME5CWjBWQmVEbGxSemhuVkhoQmNsbERWMDB3ZUhSTWVsWm1aQzlVWW5CSU1WaEtPV1pOY0ZVMlNucHdhek4zYTNWYWFubExDazh2VEhGMkswY3pNblJwUVdVeFdYTm9NR1l3Um01U1ZFZFlXR1p1VVdsMlMwcHlTMUY1VUUxd1pTOVRRazFIZUVSQlJsUmtOUzlMWm5CclIwMUNXWG9LVTFOQ2JHSk5hR2N6UW1vNGVFRlFZMk56TTFSVlowcG5aVUpWYUM4eGVtWm1XSHB6YjJRMVJqSnJSbk5uVkVseFZqQmthVEZ3YkVKMlowWjJPVFY1WmdwRVJVeG9SVmd2UW14VVEyVnZRM1ZUWjI5b2VUZFhhWE5DYldWSGFUbG5NRzVSVVd4SlJrOVpiVkY1V1RCSU1uRlhkbFJEVm1aNFUyUlZPRlpJUmtoR0NqaG5TeXRMUzNObldpOXJMMFprV0V4VFUyWnVVMDVQWW14c1dEUnZiaXRHT0VkaGRXMWxTbXh3TDNKQ2VIVktaVVJMTjBKQlJrOUJPVFZQUVhoV1lXa0tjWFE1VUZOMU5qbGljRk5EVnl0R05GRkRNa1ZXUmxSaVQxVkdhVGRxZDNRMFdVb3pUbFpYVldka00yRXJRa3RwZW14MkwwdExlVTAzWTFCdWNDc3JhZ3BhZUhKb1ppODVObU5DZEd4MVFtaEhjR2cwVjBkWk56TTVZbEV4UlhkcmEwTXdPRUpCUzBSUFlteHJTVEZHWWtKbk9HdHViaTkzYUN0MVNsWmhSV2REQ2sxeFlWTjJLMVp6VkhRdlprOU9PVXc0UlRJd2NrRnVhelI2UldGNFNEaHFPVmxMU0ZOUFNUWTJTRmRIZEc5alZpODRhek4zUldreFRUUTNNM2xLUTFjS2VXcHFPV2MwUVZKeFZFWjBVM1V3YldwNVIxZFJla2hRVWswdlMyeDNiSGhrT1ZvcldpOUpNREZLYjAxa1ZXbDNRVXRMTW1WSk5qZGxRVTFWT0dVNGRnbzFZMkZTT1ZsQ2JqaHFjRGgyVlZoNE1ubFBXREZ1TVdkd2VFbHpUVkZ2UTBGNWNVeGtiMnBJZWtkQlRrWnVReTl0Y0hZM2JtSlpZVGh4VnpOTFVGTldDbkEwUkRZeFdXaDZZVEZLTkN0T1dEQldVRm95Yld0NVlrUnZWazAxY2tkMk9TdEZWRTh4UnpOWE4ya3lVbE53VVU1eVMwSXlkVWc0T0RVd1EwRjNSVUVLUVZGTFEwRm5SVUZ3V21WWk9GUm9Xa0ZRWTFOalRWUjFNa05ZVlM5bE1saENSSE5pZUdwcmJFdEJVSGhaVVc5S1FtRjBWVGhHUW1ZNWVHSjBiMFIzU1FwSVpWcHBZVVpFWVhGMWNHSm1jazgzU0VKRVNsUjRWV2RHZUZKVldERm1kSFowTkNzNU9GRk1NR0ptVkd0Mk9ITlRjMVJCUms0MlFXUnhja3RuUmpVeENuSkZkR3RRTkZFemFXdFhNVkZ1U2toMk5XczNValVyVFdKVE5IbzBiR3RPU25KSmNHdzVRMkYwZVVkdE5qZ3liMXBUY0VwMmFreG5jemhrUkU5cU0xUUthV0Y2TURsRFNFY3dSRlZEYW0xcE5tbHpRVVZDUTAxUFZHTkdaV2hwTDJVNVdYTjZiMU5rVVVoMmFFeG5MMkZHTWxWRVJHSkhhbmxFWm5od01UaGpaQXBJYVhGNFRrbFhiMWxwUlZocVFXZFZSak5zTjJkcFRVeFBSVE5PYUdsUVRVOXRiMVpaV21relpDdHFhV05yVHk5VVQySkVkMFZHZFc1M2NGWmhVRVF3Q25SUmJVbEVNWGxCVTFOWGRWUnFZbGRTVGxwRGFFMW5SeXRMVFdvMVR6TkxVakJRTUhOMmNYZHRaamxIWVdOMVIxVm5lR1ZJZEcxWU5IY3JabmRZUldVS1RrRlNiRWgyT0ZCU1ZrWlBkekZpUjA5bmJtazJRMHhIY2psUmNGcHFXRVZOVkVSelVFWlZTbGdyY0d0b1oycE5NMGRuY3lzeWMycDBaaXRrT1dsUmFncG1NVEE0UmxadlEwTlJZM05XWmxveU1YVXhTVGgwWkZWVldETkViRFYxTjBJd1NITlVja1ZHU2xoa2RGTkxSWFZ3WTJ0a1owZEthbmxrU0VrM2FVeDVDbkV3TVZodGVWaE1ZVTFpZWxkVWVqbGtVbFp1WWtsdlRuVXlkMmg1ZVhrNFZqTTRUbkZHTnpKMGRGSm5NeXRKWkVWbGJERlFhVEJOWlRoTlJsZFJlVVlLZGpKbkt5OW5VWE5DYUdWRFNYazNOMnN2Y3pseVIzUjZjbGxLVWxaamJtOWpiR2N5VEU1RlVsSlFWVkp2WW5Ca1ZVdG9iamRFYkcxaFpWRklaV0ZsZVFvd1dtRTVSV05vZHpsdVltODFVMjVuT1RKcVUxQndlR2hxTUVsS2N6Wmlja3RIWjJJMWFHTmxLMkZCWnpoV2RFMWhhVVZEWjJkRlFrRk9jV3Q0TVVSU0NrOXFSbUZ4TUVsNlRVeEZNWEJ5TmxKcFQxY3hVRWsyTWpaeWN6Rm9lall2YW10cVltVTNjR3BNWnpOelEwbEhRaXRwVERrellXcFZibFpHYVZaT1kwa0taR1lyUlZKVU9XYzJMMmxvU0VoVFMwTXhjVUphTVVWRmVYWkVkRTF3T0ZwV2VUVm1URlZIYzJObGVTOUlaalIwTml0cEwxcEJVSEJCYTNWU04zSlNlUW96V0RsYU1FUmtNM0pKTUVaME5YTkhaRkp1VDBOVWRGTTRNbTlLWkhOMWEwNWlXbTgyUld0WlZVa3JXakl6WWk5cWVHRXJaV3BOWmtoYWFtbzVSRGswQ21RdldrOXFVekIwWTFZclVYZzBhMmxrWlZwaFNqQkVUMVpaU0VGSVEyZElibnBaYTJ4dmJuTjZOMVZ5UWxSdVpXTTJhWEUxVFc4eVIybHBPVFpOTjNVS2JIUTFTekkyYVhGeFVFOUlUazV1TDNOdlYwSjFNM2hZWjBkVGIwRk1Rek0xUkZFeWEyZHVTemM1YldONUwwZFRTa1ZFZFhWWGFUTlNWbWsyVFhOaVJncGtXbmhuYlRoblJURmxVbWhRU2xWRFoyZEZRa0ZQYmpoWldrbHVURlV3VG0xdWIxVnZkWHBvTVRKaVNrdGtiQzl5ZFVVeU4wb3ZhRlkxWmpWSk5uRTFDa0ZuYzFocWRuUTJiV05uUVVwcWVXSlhXR3ByY1RWM1pXUTRSM1Z6WmpOUlYxUlZRVVJIU1VwUFZVWnpXR0ppYXpaWWFGSkVRVXh0V0VoeE5ITnlkUzhLU1ROaE9FRnFSREpRZEdScVIwTlNVWE4yTkdsbFowNXNlRmN2Y2pNM1prOHpSMEp6VTBrMmMyWjBPQzlGWVVOUVZURmFLekpYWVV0Wk9UUlRVR3d5T0FvNGJHTnpabVZEYms5dk9WZGtUSEZOVkhscU1YUlFja3h3VWpGSk1GQmhOVkp4VVM5emRVeDRlRGgwY1dOclIwNVZOamhyTlc5RlpYQkZVamRXY2pCbENqWXpPRXd6S3pKRFQycEZZMGN3UWpKeWVqZHljRGszWTJkVlZWQktVRXBwUm14d2RsTmhVakpyVFRCR1JFb3hXazh6UjNwMVduaHNPVlE1ZEhnMWR6RUtVbEJpUm1Kek1UQXlaMmc0VlhWSU16TnJRMVI1VnpWRlptY3hkRmgyUjA0MlFWQk1kSFpMUm10UGEwTm5aMFZCVkhWcmNuVnZTbGs0TVd0aEswVkRUQXBqVm01QmRsbFRMMGRPUTNCak5GTllRVlYzV0dKT1JYSTFRMWMyTmxKR1JXNVBaVEJTYWtkSUszSnpVRVpvUkhWWGJVbFlOWEZtTmtadFpFSnhkR055Q2swd1prdG5iRVZWVDJWNk9GRmxVblEzYW1oa2FtTm9VMmszZWpCRk5FUlBaVlJwWXpsYVJGUldUMUpIYWpWaE5FdHNaMWxCS3pVd0wweExTV3RKZUZRS2NsYzBSSHA1UzNObWMzazJlbXAwYnl0TWRFUnpZMjF3VkZKV1pIbEpka3N2TldwNUsxZGlVVEpOSzFWUlVVVlpOa2xhVmt3NVkyeDZURXRpUWpGUlp3cFdMMHBxTkZveVlsZGlSSFFyT1drNFUyRkVlRk5KTUM5eVFWaFhaM2c0UWpsQmRqZDZaQzgwWkVWaFFsaHRNMkZWVW5kQ1pYcFlia2swUmpJNU9DOXZDbEJGVW5aRlkweFZVbkJWUlN0eFMwZENNRFJRVDJKcFZURjZaR1Y1T0ZBdlpuUlhNVlZhUjBOSWFVWkxjak14T1haTlJYVTVSV2gwTkhsMVJ6ZGtRelFLT1dJd1YxcFJTME5CVVVWQmVqWTNLMEUzV0ZkV1kwRjJWSGhEYlVaRkwxa3llR3BQYkc5cWIyUnRjRVF5VWpCM2JrZHRPSEZNYjFOQlJIQnROVkIyVEFwS01sSkxha0o2ZG1FMGFUaGpXbEI0WnlzMVJtVm9NMGROUnpkamFuUXZWUzlEWW5SbU0zSnlXalp0TkZkYVMxTnVla3d4U1dkUWFuWkhNMmRJUVd4V0NtVmxVWGM1TTNKU2FGSlRaemRCWTFoSFpVcHZOMnROYTBKRmJsbHNVbkY1WldkRlJ6WnNZVTVEUVdOTVprTktNWGhvVXpOWGIyaDBTMk5qU2pZMk9VUUtTVkp6UWk5T2NYaEpTa0ZIYkZaNlVVdzFRVVZQYUc0eFp6ZEJkVmhhVm5oWGVrbGxUeXRVZGxaR1VWTmlTMVF2T1ZCRWN6WnRlRnBhY1dwd2JESjVlQXB5WjJ4bFpuWmtXbFZUV0cxSFRDOXlNVnB2T1d4M05VMHZVRkYxYWpGWVZqZE5VVUZyUjBVeGFrSlRWVTlUWldWaFZFSk9jbTAzZUhsWU9IZG1RbWwwQ25ScU5YcGhja3RTYVZGM2EwUkZWM0pDVFhkQ1N6ZEtha3cwZEZBeFV5dE5hMUZMUTBGUlFVSk1NbGxLVjNkSFMwUkZWRFJHUVhkMVMzaFNRakpqU0hnS1JVOXVRM1I0ZG5CME9ISlRVMjF2VWt0R00zSXpaRGR5YlhGM1VFOHZVR2hEUWtaQ2NrcDNjREkwZEdOS2FIYzFLMjFSWXpkeUt6bGtXVTF1SzFnM01ncEhiMGQ1V25GT1NUbFlTRkJMYWpKelJ6ZHJVVWxvVGtVM1NtdG9TbU5XYTBrcmEyTkJRMmRyZHpZNWNUSTBMMVZCU0M5TU5YZEJSVVl2ZWpsWk1ISmtDbGd4ZFdaTk4zQXpPVkl4TVZKclFXTTRlRzFVWkUxWE4weENRekZWZG5wRFYxSkZSR1ZPVW5vdlJFaE1SVWxtTWs1SlUycGtTVUZ1VG1ndk0zZEpTMllLV0VwRE0zUlRWSFZIUkc5cVZIQmlla1V5VERKV2FYSXhaR2t4Unk5VFYyNTJaVFZNWWpWVFluSXlhMmMyS3pkVmVWRnJhVkZLZDBWcWRUUnBZbXBYTXdwbldGQXJZMVpDV0dOeWJ5dExRVEU0TDJaUGNubFNhM0F6T1ZwWFRucGlSREZ2Y1c5aloyZ3ZNSE53WmpGUE4zZzNXV05oU2xocmRWaHZia01LTFMwdExTMUZUa1FnVWxOQklGQlNTVlpCVkVVZ1MwVlpMUzB0TFMwSwogICAgdG9rZW46IHpxd2Z1anh4a2JmdjVzcTUzNWh5YTU0NGZmazdlanpyM2I1a3M2bzdneTEzMmd4Y2NkMG51cXU0MnhoZWs4bjdmdGE3ZWgzM2ptOTNuZ3o0Y3hjZzh2aWJycWloZjl0ejJ1a3NhemE1eWV5cWY1MGoydGxiZTdjc216Y240MWt2Cg=="
          }
        ]
      }
    },
    {
      "RequestUri": "https://REDACTED/subscriptions/00000000-0000-0000-0000-000000000000/resourceGroups/javaacsrg54290/providers/Microsoft.ContainerService/managedClusters/aks18988a96/agentPools/ap216370b?api-version=2023-07-01",
      "RequestMethod": "PUT",
      "RequestHeaders": {
        "Accept": "application/json",
        "Authorization": "Sanitized",
        "Content-Length": "168",
        "Content-Type": "application/json",
        "Date": "Thu, 10 Aug 2023 03:40:45 GMT",
        "User-Agent": "azsdk-java-com.azure.resourcemanager.containerservice/2.30.0-beta.1 (17.0.7; Windows 11; 10.0)",
        "x-ms-client-request-id": "2f3dbc40-cc74-4631-a5d5-2dbce1aa61fe",
        "x-ms-return-client-request-id": "true"
      },
      "RequestBody": {
        "properties": {
          "count": 1,
          "vmSize": "Standard_A2_v2",
          "orchestratorVersion": "1.26.6",
          "scaleSetPriority": "Spot",
          "scaleSetEvictionPolicy": "Deallocate",
          "spotMaxPrice": 100.0
        }
      },
      "StatusCode": 201,
      "ResponseHeaders": {
        "azure-asyncoperation": "https://management.azure.com/subscriptions/ec0aa5f7-9e78-40c9-85cd-535c6305b380/providers/Microsoft.ContainerService/locations/southcentralus/operations/a2e61ed5-eb69-481c-a623-f90231828ecb?api-version=2017-08-31",
        "Cache-Control": "no-cache",
        "Content-Length": "1079",
        "Content-Type": "application/json",
        "Date": "Thu, 10 Aug 2023 03:40:49 GMT",
        "Expires": "-1",
        "Pragma": "no-cache",
        "Server": "nginx",
        "Strict-Transport-Security": "max-age=31536000; includeSubDomains",
        "X-Content-Type-Options": "nosniff",
        "x-ms-correlation-request-id": "b808082d-7b3f-476f-8ac2-f3ea1561699b",
        "x-ms-ratelimit-remaining-subscription-writes": "1191",
        "x-ms-request-id": "a2e61ed5-eb69-481c-a623-f90231828ecb",
        "x-ms-routing-request-id": "SOUTHEASTASIA:20230810T034050Z:b808082d-7b3f-476f-8ac2-f3ea1561699b"
      },
      "ResponseBody": {
        "id": "/subscriptions/ec0aa5f7-9e78-40c9-85cd-535c6305b380/resourcegroups/javaacsrg54290/providers/Microsoft.ContainerService/managedClusters/aks18988a96/agentPools/ap216370b",
        "name": "ap216370b",
        "type": "Microsoft.ContainerService/managedClusters/agentPools",
        "properties": {
          "count": 1,
          "vmSize": "Standard_A2_v2",
          "osDiskSizeGB": 128,
          "osDiskType": "Managed",
          "kubeletDiskType": "OS",
          "maxPods": 110,
          "type": "VirtualMachineScaleSets",
          "scaleDownMode": "Delete",
          "provisioningState": "Creating",
          "powerState": {
            "code": "Running"
          },
          "orchestratorVersion": "1.26.6",
          "currentOrchestratorVersion": "1.26.6",
          "scaleSetPriority": "Spot",
          "scaleSetEvictionPolicy": "Deallocate",
          "spotMaxPrice": 100,
          "nodeLabels": {
            "kubernetes.azure.com/scalesetpriority": "spot"
          },
          "nodeTaints": [
            "kubernetes.azure.com/scalesetpriority=spot:NoSchedule"
          ],
          "mode": "User",
          "osType": "Linux",
          "osSKU": "Ubuntu",
          "nodeImageVersion": "AKSUbuntu-2204containerd-202307.27.0",
          "enableFIPS": false
        }
      }
    },
    {
      "RequestUri": "https://REDACTED/subscriptions/00000000-0000-0000-0000-000000000000/providers/Microsoft.ContainerService/locations/southcentralus/operations/a2e61ed5-eb69-481c-a623-f90231828ecb?api-version=2017-08-31",
      "RequestMethod": "GET",
      "RequestHeaders": {
        "Accept": "application/json",
        "Authorization": "Sanitized",
        "Date": "Thu, 10 Aug 2023 03:41:19 GMT",
        "User-Agent": "azsdk-java-com.azure.resourcemanager.containerservice/2.30.0-beta.1 (17.0.7; Windows 11; 10.0)",
        "x-ms-client-request-id": "5a4e82a5-e685-47f4-99f0-6d21af1f8908",
        "x-ms-return-client-request-id": "true"
      },
      "RequestBody": null,
      "StatusCode": 200,
      "ResponseHeaders": {
        "Cache-Control": "no-cache",
        "Content-Length": "126",
        "Content-Type": "application/json",
        "Date": "Thu, 10 Aug 2023 03:41:19 GMT",
        "Expires": "-1",
        "Pragma": "no-cache",
        "Server": "nginx",
        "Strict-Transport-Security": "max-age=31536000; includeSubDomains",
        "X-Content-Type-Options": "nosniff",
        "x-ms-correlation-request-id": "e3480150-9d05-4e32-a225-86e407dc54f7",
        "x-ms-ratelimit-remaining-subscription-reads": "11950",
        "x-ms-request-id": "001b5876-423a-4d58-ba9c-433fc8dd02b8",
        "x-ms-routing-request-id": "SOUTHEASTASIA:20230810T034120Z:e3480150-9d05-4e32-a225-86e407dc54f7"
      },
      "ResponseBody": {
        "name": "d51ee6a2-69eb-1c48-a623-f90231828ecb",
        "status": "InProgress",
        "startTime": "2023-08-10T03:40:49.8771207Z"
      }
    },
    {
      "RequestUri": "https://REDACTED/subscriptions/00000000-0000-0000-0000-000000000000/providers/Microsoft.ContainerService/locations/southcentralus/operations/a2e61ed5-eb69-481c-a623-f90231828ecb?api-version=2017-08-31",
      "RequestMethod": "GET",
      "RequestHeaders": {
        "Accept": "application/json",
        "Authorization": "Sanitized",
        "Date": "Thu, 10 Aug 2023 03:41:49 GMT",
        "User-Agent": "azsdk-java-com.azure.resourcemanager.containerservice/2.30.0-beta.1 (17.0.7; Windows 11; 10.0)",
        "x-ms-client-request-id": "c6e9835a-1b97-4d55-af0d-568c94c3171b",
        "x-ms-return-client-request-id": "true"
      },
      "RequestBody": null,
      "StatusCode": 200,
      "ResponseHeaders": {
        "Cache-Control": "no-cache",
        "Content-Length": "126",
        "Content-Type": "application/json",
        "Date": "Thu, 10 Aug 2023 03:41:50 GMT",
        "Expires": "-1",
        "Pragma": "no-cache",
        "Server": "nginx",
        "Strict-Transport-Security": "max-age=31536000; includeSubDomains",
        "X-Content-Type-Options": "nosniff",
        "x-ms-correlation-request-id": "c197cb47-f978-400f-b054-cfb78037015d",
        "x-ms-ratelimit-remaining-subscription-reads": "11949",
        "x-ms-request-id": "111ca23f-3bb5-4e7b-b548-11c58bfbccb0",
        "x-ms-routing-request-id": "SOUTHEASTASIA:20230810T034150Z:c197cb47-f978-400f-b054-cfb78037015d"
      },
      "ResponseBody": {
        "name": "d51ee6a2-69eb-1c48-a623-f90231828ecb",
        "status": "InProgress",
        "startTime": "2023-08-10T03:40:49.8771207Z"
      }
    },
    {
      "RequestUri": "https://REDACTED/subscriptions/00000000-0000-0000-0000-000000000000/providers/Microsoft.ContainerService/locations/southcentralus/operations/a2e61ed5-eb69-481c-a623-f90231828ecb?api-version=2017-08-31",
      "RequestMethod": "GET",
      "RequestHeaders": {
        "Accept": "application/json",
        "Authorization": "Sanitized",
        "Date": "Thu, 10 Aug 2023 03:42:20 GMT",
        "User-Agent": "azsdk-java-com.azure.resourcemanager.containerservice/2.30.0-beta.1 (17.0.7; Windows 11; 10.0)",
        "x-ms-client-request-id": "648cae9a-6c58-4e66-be53-ad8b041533e8",
        "x-ms-return-client-request-id": "true"
      },
      "RequestBody": null,
      "StatusCode": 200,
      "ResponseHeaders": {
        "Cache-Control": "no-cache",
        "Content-Length": "126",
        "Content-Type": "application/json",
        "Date": "Thu, 10 Aug 2023 03:42:20 GMT",
        "Expires": "-1",
        "Pragma": "no-cache",
        "Server": "nginx",
        "Strict-Transport-Security": "max-age=31536000; includeSubDomains",
        "X-Content-Type-Options": "nosniff",
        "x-ms-correlation-request-id": "9fbeecd8-7957-4eca-b7c8-5890ad52ddce",
        "x-ms-ratelimit-remaining-subscription-reads": "11948",
        "x-ms-request-id": "6328257c-b333-4732-8cba-3ab78e6b07d6",
        "x-ms-routing-request-id": "SOUTHEASTASIA:20230810T034221Z:9fbeecd8-7957-4eca-b7c8-5890ad52ddce"
      },
      "ResponseBody": {
        "name": "d51ee6a2-69eb-1c48-a623-f90231828ecb",
        "status": "InProgress",
        "startTime": "2023-08-10T03:40:49.8771207Z"
      }
    },
    {
      "RequestUri": "https://REDACTED/subscriptions/00000000-0000-0000-0000-000000000000/providers/Microsoft.ContainerService/locations/southcentralus/operations/a2e61ed5-eb69-481c-a623-f90231828ecb?api-version=2017-08-31",
      "RequestMethod": "GET",
      "RequestHeaders": {
        "Accept": "application/json",
        "Authorization": "Sanitized",
        "Date": "Thu, 10 Aug 2023 03:42:50 GMT",
        "User-Agent": "azsdk-java-com.azure.resourcemanager.containerservice/2.30.0-beta.1 (17.0.7; Windows 11; 10.0)",
        "x-ms-client-request-id": "ecd04f0b-ea3a-4fca-8370-5001c8e233f1",
        "x-ms-return-client-request-id": "true"
      },
      "RequestBody": null,
      "StatusCode": 200,
      "ResponseHeaders": {
        "Cache-Control": "no-cache",
        "Content-Length": "126",
        "Content-Type": "application/json",
        "Date": "Thu, 10 Aug 2023 03:42:51 GMT",
        "Expires": "-1",
        "Pragma": "no-cache",
        "Server": "nginx",
        "Strict-Transport-Security": "max-age=31536000; includeSubDomains",
        "X-Content-Type-Options": "nosniff",
        "x-ms-correlation-request-id": "3d5aeb36-5e32-42bd-a7b1-763a3d56e114",
        "x-ms-ratelimit-remaining-subscription-reads": "11947",
        "x-ms-request-id": "8ef8ea98-cd9c-4e32-8ad1-4cc45117f5f8",
        "x-ms-routing-request-id": "SOUTHEASTASIA:20230810T034251Z:3d5aeb36-5e32-42bd-a7b1-763a3d56e114"
      },
      "ResponseBody": {
        "name": "d51ee6a2-69eb-1c48-a623-f90231828ecb",
        "status": "InProgress",
        "startTime": "2023-08-10T03:40:49.8771207Z"
      }
    },
    {
      "RequestUri": "https://REDACTED/subscriptions/00000000-0000-0000-0000-000000000000/providers/Microsoft.ContainerService/locations/southcentralus/operations/a2e61ed5-eb69-481c-a623-f90231828ecb?api-version=2017-08-31",
      "RequestMethod": "GET",
      "RequestHeaders": {
        "Accept": "application/json",
        "Authorization": "Sanitized",
        "Date": "Thu, 10 Aug 2023 03:43:20 GMT",
        "User-Agent": "azsdk-java-com.azure.resourcemanager.containerservice/2.30.0-beta.1 (17.0.7; Windows 11; 10.0)",
        "x-ms-client-request-id": "d57b5c12-6951-41f2-9110-e8f44a8ab52e",
        "x-ms-return-client-request-id": "true"
      },
      "RequestBody": null,
      "StatusCode": 200,
      "ResponseHeaders": {
        "Cache-Control": "no-cache",
        "Content-Length": "126",
        "Content-Type": "application/json",
        "Date": "Thu, 10 Aug 2023 03:43:20 GMT",
        "Expires": "-1",
        "Pragma": "no-cache",
        "Server": "nginx",
        "Strict-Transport-Security": "max-age=31536000; includeSubDomains",
        "X-Content-Type-Options": "nosniff",
        "x-ms-correlation-request-id": "cd317512-1a53-46b0-bab5-2b71573bada3",
        "x-ms-ratelimit-remaining-subscription-reads": "11946",
        "x-ms-request-id": "12ef5da8-0080-4ece-8b8f-917c9efc7a78",
        "x-ms-routing-request-id": "SOUTHEASTASIA:20230810T034321Z:cd317512-1a53-46b0-bab5-2b71573bada3"
      },
      "ResponseBody": {
        "name": "d51ee6a2-69eb-1c48-a623-f90231828ecb",
        "status": "InProgress",
        "startTime": "2023-08-10T03:40:49.8771207Z"
      }
    },
    {
      "RequestUri": "https://REDACTED/subscriptions/00000000-0000-0000-0000-000000000000/providers/Microsoft.ContainerService/locations/southcentralus/operations/a2e61ed5-eb69-481c-a623-f90231828ecb?api-version=2017-08-31",
      "RequestMethod": "GET",
      "RequestHeaders": {
        "Accept": "application/json",
        "Authorization": "Sanitized",
        "Date": "Thu, 10 Aug 2023 03:43:51 GMT",
        "User-Agent": "azsdk-java-com.azure.resourcemanager.containerservice/2.30.0-beta.1 (17.0.7; Windows 11; 10.0)",
        "x-ms-client-request-id": "e8717563-d432-4b8d-92e6-74c539709c26",
        "x-ms-return-client-request-id": "true"
      },
      "RequestBody": null,
      "StatusCode": 200,
      "ResponseHeaders": {
        "Cache-Control": "no-cache",
        "Content-Length": "126",
        "Content-Type": "application/json",
        "Date": "Thu, 10 Aug 2023 03:43:51 GMT",
        "Expires": "-1",
        "Pragma": "no-cache",
        "Server": "nginx",
        "Strict-Transport-Security": "max-age=31536000; includeSubDomains",
        "X-Content-Type-Options": "nosniff",
        "x-ms-correlation-request-id": "af59d0ce-ef09-4768-bc89-21cd701096e1",
        "x-ms-ratelimit-remaining-subscription-reads": "11945",
        "x-ms-request-id": "d6b4f5e5-f134-483e-8c5c-26cfd9153ee2",
        "x-ms-routing-request-id": "SOUTHEASTASIA:20230810T034352Z:af59d0ce-ef09-4768-bc89-21cd701096e1"
      },
      "ResponseBody": {
        "name": "d51ee6a2-69eb-1c48-a623-f90231828ecb",
        "status": "InProgress",
        "startTime": "2023-08-10T03:40:49.8771207Z"
      }
    },
    {
      "RequestUri": "https://REDACTED/subscriptions/00000000-0000-0000-0000-000000000000/providers/Microsoft.ContainerService/locations/southcentralus/operations/a2e61ed5-eb69-481c-a623-f90231828ecb?api-version=2017-08-31",
      "RequestMethod": "GET",
      "RequestHeaders": {
        "Accept": "application/json",
        "Authorization": "Sanitized",
        "Date": "Thu, 10 Aug 2023 03:44:21 GMT",
        "User-Agent": "azsdk-java-com.azure.resourcemanager.containerservice/2.30.0-beta.1 (17.0.7; Windows 11; 10.0)",
        "x-ms-client-request-id": "c2c612a3-a31c-46ae-aa46-f1b112207d0f",
        "x-ms-return-client-request-id": "true"
      },
      "RequestBody": null,
      "StatusCode": 200,
      "ResponseHeaders": {
        "Cache-Control": "no-cache",
        "Content-Length": "126",
        "Content-Type": "application/json",
        "Date": "Thu, 10 Aug 2023 03:44:21 GMT",
        "Expires": "-1",
        "Pragma": "no-cache",
        "Server": "nginx",
        "Strict-Transport-Security": "max-age=31536000; includeSubDomains",
        "X-Content-Type-Options": "nosniff",
        "x-ms-correlation-request-id": "9099257d-f3cb-41f4-8fb1-cc69dd686ac7",
        "x-ms-ratelimit-remaining-subscription-reads": "11944",
        "x-ms-request-id": "e95b90a5-42e4-4f43-9ada-efbf45692cd6",
        "x-ms-routing-request-id": "SOUTHEASTASIA:20230810T034422Z:9099257d-f3cb-41f4-8fb1-cc69dd686ac7"
      },
      "ResponseBody": {
        "name": "d51ee6a2-69eb-1c48-a623-f90231828ecb",
        "status": "InProgress",
        "startTime": "2023-08-10T03:40:49.8771207Z"
      }
    },
    {
      "RequestUri": "https://REDACTED/subscriptions/00000000-0000-0000-0000-000000000000/providers/Microsoft.ContainerService/locations/southcentralus/operations/a2e61ed5-eb69-481c-a623-f90231828ecb?api-version=2017-08-31",
      "RequestMethod": "GET",
      "RequestHeaders": {
        "Accept": "application/json",
        "Authorization": "Sanitized",
        "Date": "Thu, 10 Aug 2023 03:44:51 GMT",
        "User-Agent": "azsdk-java-com.azure.resourcemanager.containerservice/2.30.0-beta.1 (17.0.7; Windows 11; 10.0)",
        "x-ms-client-request-id": "8e006d9c-958a-4fdd-9c2b-b871c1d57606",
        "x-ms-return-client-request-id": "true"
      },
      "RequestBody": null,
      "StatusCode": 200,
      "ResponseHeaders": {
        "Cache-Control": "no-cache",
        "Content-Length": "126",
        "Content-Type": "application/json",
        "Date": "Thu, 10 Aug 2023 03:44:52 GMT",
        "Expires": "-1",
        "Pragma": "no-cache",
        "Server": "nginx",
        "Strict-Transport-Security": "max-age=31536000; includeSubDomains",
        "X-Content-Type-Options": "nosniff",
        "x-ms-correlation-request-id": "445ba7f4-5035-457e-81af-8038d8f9dd23",
        "x-ms-ratelimit-remaining-subscription-reads": "11943",
        "x-ms-request-id": "86f4c05a-f53b-4e65-b1ff-4efd40651cd8",
        "x-ms-routing-request-id": "SOUTHEASTASIA:20230810T034452Z:445ba7f4-5035-457e-81af-8038d8f9dd23"
      },
      "ResponseBody": {
        "name": "d51ee6a2-69eb-1c48-a623-f90231828ecb",
        "status": "InProgress",
        "startTime": "2023-08-10T03:40:49.8771207Z"
      }
    },
    {
      "RequestUri": "https://REDACTED/subscriptions/00000000-0000-0000-0000-000000000000/providers/Microsoft.ContainerService/locations/southcentralus/operations/a2e61ed5-eb69-481c-a623-f90231828ecb?api-version=2017-08-31",
      "RequestMethod": "GET",
      "RequestHeaders": {
        "Accept": "application/json",
        "Authorization": "Sanitized",
        "Date": "Thu, 10 Aug 2023 03:45:22 GMT",
        "User-Agent": "azsdk-java-com.azure.resourcemanager.containerservice/2.30.0-beta.1 (17.0.7; Windows 11; 10.0)",
        "x-ms-client-request-id": "083a13d2-84b6-4c02-b342-29814559abf6",
        "x-ms-return-client-request-id": "true"
      },
      "RequestBody": null,
      "StatusCode": 200,
      "ResponseHeaders": {
        "Cache-Control": "no-cache",
        "Content-Length": "126",
        "Content-Type": "application/json",
        "Date": "Thu, 10 Aug 2023 03:45:23 GMT",
        "Expires": "-1",
        "Pragma": "no-cache",
        "Server": "nginx",
        "Strict-Transport-Security": "max-age=31536000; includeSubDomains",
        "X-Content-Type-Options": "nosniff",
        "x-ms-correlation-request-id": "d785c280-1d67-4aa9-befc-f7e1e2ddb827",
        "x-ms-ratelimit-remaining-subscription-reads": "11942",
        "x-ms-request-id": "b5a1a6c4-c833-4fed-8028-9bc832eab904",
        "x-ms-routing-request-id": "SOUTHEASTASIA:20230810T034523Z:d785c280-1d67-4aa9-befc-f7e1e2ddb827"
      },
      "ResponseBody": {
        "name": "d51ee6a2-69eb-1c48-a623-f90231828ecb",
        "status": "InProgress",
        "startTime": "2023-08-10T03:40:49.8771207Z"
      }
    },
    {
      "RequestUri": "https://REDACTED/subscriptions/00000000-0000-0000-0000-000000000000/providers/Microsoft.ContainerService/locations/southcentralus/operations/a2e61ed5-eb69-481c-a623-f90231828ecb?api-version=2017-08-31",
      "RequestMethod": "GET",
      "RequestHeaders": {
        "Accept": "application/json",
        "Authorization": "Sanitized",
        "Date": "Thu, 10 Aug 2023 03:45:52 GMT",
        "User-Agent": "azsdk-java-com.azure.resourcemanager.containerservice/2.30.0-beta.1 (17.0.7; Windows 11; 10.0)",
        "x-ms-client-request-id": "b709367b-648e-4377-8372-f35704684584",
        "x-ms-return-client-request-id": "true"
      },
      "RequestBody": null,
      "StatusCode": 200,
      "ResponseHeaders": {
        "Cache-Control": "no-cache",
        "Content-Length": "126",
        "Content-Type": "application/json",
        "Date": "Thu, 10 Aug 2023 03:45:54 GMT",
        "Expires": "-1",
        "Pragma": "no-cache",
        "Server": "nginx",
        "Strict-Transport-Security": "max-age=31536000; includeSubDomains",
        "X-Content-Type-Options": "nosniff",
        "x-ms-correlation-request-id": "3e93a702-0688-40df-96b3-8c47ca2d226b",
        "x-ms-ratelimit-remaining-subscription-reads": "11941",
        "x-ms-request-id": "696de3b4-9d10-4510-b338-771d2285a47f",
        "x-ms-routing-request-id": "SOUTHEASTASIA:20230810T034554Z:3e93a702-0688-40df-96b3-8c47ca2d226b"
      },
      "ResponseBody": {
        "name": "d51ee6a2-69eb-1c48-a623-f90231828ecb",
        "status": "InProgress",
        "startTime": "2023-08-10T03:40:49.8771207Z"
      }
    },
    {
      "RequestUri": "https://REDACTED/subscriptions/00000000-0000-0000-0000-000000000000/providers/Microsoft.ContainerService/locations/southcentralus/operations/a2e61ed5-eb69-481c-a623-f90231828ecb?api-version=2017-08-31",
      "RequestMethod": "GET",
      "RequestHeaders": {
        "Accept": "application/json",
        "Authorization": "Sanitized",
        "Date": "Thu, 10 Aug 2023 03:46:23 GMT",
        "User-Agent": "azsdk-java-com.azure.resourcemanager.containerservice/2.30.0-beta.1 (17.0.7; Windows 11; 10.0)",
        "x-ms-client-request-id": "d2d9156e-5bae-4d47-a6f8-e98ff3be70e4",
        "x-ms-return-client-request-id": "true"
      },
      "RequestBody": null,
      "StatusCode": 200,
      "ResponseHeaders": {
        "Cache-Control": "no-cache",
        "Content-Length": "170",
        "Content-Type": "application/json",
        "Date": "Thu, 10 Aug 2023 03:46:24 GMT",
        "Expires": "-1",
        "Pragma": "no-cache",
        "Server": "nginx",
        "Strict-Transport-Security": "max-age=31536000; includeSubDomains",
        "X-Content-Type-Options": "nosniff",
        "x-ms-correlation-request-id": "faee15b7-c98e-4019-8b1b-d1d3b1380c31",
        "x-ms-ratelimit-remaining-subscription-reads": "11940",
        "x-ms-request-id": "9fca3505-8488-4a2e-8bb8-d106b1bef50b",
        "x-ms-routing-request-id": "SOUTHEASTASIA:20230810T034624Z:faee15b7-c98e-4019-8b1b-d1d3b1380c31"
      },
      "ResponseBody": {
        "name": "d51ee6a2-69eb-1c48-a623-f90231828ecb",
        "status": "Succeeded",
        "startTime": "2023-08-10T03:40:49.8771207Z",
        "endTime": "2023-08-10T03:46:18.7539621Z"
      }
    },
    {
      "RequestUri": "https://REDACTED/subscriptions/00000000-0000-0000-0000-000000000000/resourceGroups/javaacsrg54290/providers/Microsoft.ContainerService/managedClusters/aks18988a96/agentPools/ap216370b?api-version=2023-07-01",
      "RequestMethod": "GET",
      "RequestHeaders": {
        "Accept": "application/json",
        "Authorization": "Sanitized",
        "Date": "Thu, 10 Aug 2023 03:46:23 GMT",
        "User-Agent": "azsdk-java-com.azure.resourcemanager.containerservice/2.30.0-beta.1 (17.0.7; Windows 11; 10.0)",
        "x-ms-client-request-id": "155f8831-e7cb-4cfc-beca-686a366e5023",
        "x-ms-return-client-request-id": "true"
      },
      "RequestBody": null,
      "StatusCode": 200,
      "ResponseHeaders": {
        "Cache-Control": "no-cache",
        "Content-Length": "1080",
        "Content-Type": "application/json",
        "Date": "Thu, 10 Aug 2023 03:46:25 GMT",
        "Expires": "-1",
        "Pragma": "no-cache",
        "Server": "nginx",
        "Strict-Transport-Security": "max-age=31536000; includeSubDomains",
        "X-Content-Type-Options": "nosniff",
        "x-ms-correlation-request-id": "abd86b2d-5b45-422e-8986-4110793cd10b",
        "x-ms-ratelimit-remaining-subscription-reads": "11939",
        "x-ms-request-id": "f8ee0897-9fd4-4ba9-9f37-db967dc547d0",
        "x-ms-routing-request-id": "SOUTHEASTASIA:20230810T034625Z:abd86b2d-5b45-422e-8986-4110793cd10b"
      },
      "ResponseBody": {
        "id": "/subscriptions/ec0aa5f7-9e78-40c9-85cd-535c6305b380/resourcegroups/javaacsrg54290/providers/Microsoft.ContainerService/managedClusters/aks18988a96/agentPools/ap216370b",
        "name": "ap216370b",
        "type": "Microsoft.ContainerService/managedClusters/agentPools",
        "properties": {
          "count": 1,
          "vmSize": "Standard_A2_v2",
          "osDiskSizeGB": 128,
          "osDiskType": "Managed",
          "kubeletDiskType": "OS",
          "maxPods": 110,
          "type": "VirtualMachineScaleSets",
          "scaleDownMode": "Delete",
          "provisioningState": "Succeeded",
          "powerState": {
            "code": "Running"
          },
          "orchestratorVersion": "1.26.6",
          "currentOrchestratorVersion": "1.26.6",
          "scaleSetPriority": "Spot",
          "scaleSetEvictionPolicy": "Deallocate",
          "spotMaxPrice": 100,
          "nodeLabels": {
            "kubernetes.azure.com/scalesetpriority": "spot"
          },
          "nodeTaints": [
            "kubernetes.azure.com/scalesetpriority=spot:NoSchedule"
          ],
          "mode": "User",
          "osType": "Linux",
          "osSKU": "Ubuntu",
          "nodeImageVersion": "AKSUbuntu-2204containerd-202307.27.0",
          "enableFIPS": false
        }
      }
    },
    {
      "RequestUri": "https://REDACTED/subscriptions/00000000-0000-0000-0000-000000000000/resourcegroups/javaacsrg54290?api-version=2022-09-01",
      "RequestMethod": "DELETE",
      "RequestHeaders": {
        "Accept": "application/json",
        "Authorization": "Sanitized",
        "Content-Length": "0",
        "Content-Type": "application/json",
        "Date": "Thu, 10 Aug 2023 03:46:24 GMT",
        "User-Agent": "azsdk-java-com.azure.resourcemanager.resources/2.30.0-beta.1 (17.0.7; Windows 11; 10.0)",
        "x-ms-client-request-id": "0d0bd675-6da9-4866-b128-3a62fdf48031",
        "x-ms-return-client-request-id": "true"
      },
      "RequestBody": null,
      "StatusCode": 202,
      "ResponseHeaders": {
        "Cache-Control": "no-cache",
        "Content-Length": "0",
        "Date": "Thu, 10 Aug 2023 03:46:28 GMT",
        "Expires": "-1",
        "Location": "https://management.azure.com/subscriptions/ec0aa5f7-9e78-40c9-85cd-535c6305b380/operationresults/eyJqb2JJZCI6IlJFU09VUkNFR1JPVVBERUxFVElPTkpPQi1KQVZBQUNTUkc1NDI5MC1FQVNUVVMiLCJqb2JMb2NhdGlvbiI6ImVhc3R1cyJ9?api-version=2022-09-01",
        "Pragma": "no-cache",
        "Retry-After": "0",
        "Strict-Transport-Security": "max-age=31536000; includeSubDomains",
        "X-Content-Type-Options": "nosniff",
        "x-ms-correlation-request-id": "f5ad73de-f9ef-444b-95d9-e30ceaeb6378",
        "x-ms-ratelimit-remaining-subscription-deletes": "14994",
        "x-ms-request-id": "f5ad73de-f9ef-444b-95d9-e30ceaeb6378",
        "x-ms-routing-request-id": "SOUTHEASTASIA:20230810T034628Z:f5ad73de-f9ef-444b-95d9-e30ceaeb6378"
      },
      "ResponseBody": null
    }
  ],
  "Variables": {
    "0": "javaacsrg54290",
    "1": "aks18988a96",
    "2": "dns258358",
    "3": "ap0552787",
    "4": "ap116854a",
    "5": "ap216370b"
  }
}
