{
  "Entries": [
    {
      "RequestUri": "https://8ab2df1c-ed88-4946-a8a9-e1bbb3e4d1fd-sdk-dc-mcykprskrufpc.eastus.devcenter.azure.com/projects/sdk-project-wwebrtvrrcsza/users/me/devboxes?api-version=2024-02-01",
      "RequestMethod": "GET",
      "RequestHeaders": {
        "Accept": "application/json",
        "Authorization": "Sanitized",
        "User-Agent": "azsdk-net-Developer.DevCenter/1.0.0-alpha.20240408.1 (.NET 6.0.28; Microsoft Windows 10.0.22631)",
        "x-ms-client-request-id": "a0c3c86b4eef0d9d13fbaa27c4fe7c62",
        "x-ms-return-client-request-id": "true"
      },
      "RequestBody": null,
      "StatusCode": 200,
      "ResponseHeaders": {
        "Access-Control-Allow-Origin": "*",
        "Access-Control-Expose-Headers": "Location,Operation-Location,x-ms-correlation-request-id,x-ms-client-request-id",
        "Access-Control-Max-Age": "86400",
        "Connection": "keep-alive",
        "Content-Length": "1095",
        "Content-Type": "application/json; charset=utf-8",
        "Date": "Tue, 09 Apr 2024 05:54:19 GMT",
        "Strict-Transport-Security": "max-age=15724800; includeSubDomains",
        "x-ms-client-request-id": "a0c3c86b4eef0d9d13fbaa27c4fe7c62",
        "x-ms-correlation-request-id": "8070687e-13f1-4bd1-ab9b-d0b01d163d28",
        "X-Rate-Limit-Limit": "1m",
        "X-Rate-Limit-Remaining": "296",
        "X-Rate-Limit-Reset": "2024-04-09T05:54:56.8314361Z"
      },
      "ResponseBody": {
        "value": [
          {
            "name": "MyDevBox",
            "projectName": "sdk-project-wwebrtvrrcsza",
            "poolName": "sdk-pool-qpz7fp37ntb4k",
            "hibernateSupport": "Disabled",
            "provisioningState": "Succeeded",
            "actionState": "Started",
            "powerState": "Running",
            "uniqueId": "391e2939-a945-4b33-aa31-4829efb5ac3f",
            "location": "eastus",
            "osType": "Windows",
            "user": "df428e89-1bc2-4e72-b736-032c31a6cd97",
            "hardwareProfile": {
              "vCPUs": 8,
              "skuName": "general_i_8c32gb256ssd_v2",
              "memoryGB": 32
            },
            "storageProfile": {
              "osDisk": {
                "diskSizeGB": 256
              }
            },
            "imageReference": {
              "name": "microsoftvisualstudio_visualstudioplustools_vs-2022-ent-general-win11-m365-gen2",
              "version": "1.0.0",
              "operatingSystem": "Windows11",
              "osBuildNumber": "vs-2022-ent-general-win11-m365-gen2",
              "publishedDate": "2023-10-31T00:00:00\u002B00:00"
            },
            "createdTime": "2024-04-09T05:29:47.6271855\u002B00:00",
            "localAdministrator": "Enabled"
          }
        ]
      }
    },
    {
      "RequestUri": "https://8ab2df1c-ed88-4946-a8a9-e1bbb3e4d1fd-sdk-dc-mcykprskrufpc.eastus.devcenter.azure.com/projects/sdk-project-wwebrtvrrcsza/users/me/devboxes/MyDevBox/actions?api-version=2024-02-01",
      "RequestMethod": "GET",
      "RequestHeaders": {
        "Accept": "application/json",
        "Authorization": "Sanitized",
        "User-Agent": "azsdk-net-Developer.DevCenter/1.0.0-alpha.20240408.1 (.NET 6.0.28; Microsoft Windows 10.0.22631)",
        "x-ms-client-request-id": "cae13a3623c5d011ebd023da0cd9c699",
        "x-ms-return-client-request-id": "true"
      },
      "RequestBody": null,
      "StatusCode": 200,
      "ResponseHeaders": {
        "Access-Control-Allow-Origin": "*",
        "Access-Control-Expose-Headers": "Location,Operation-Location,x-ms-correlation-request-id,x-ms-client-request-id",
        "Access-Control-Max-Age": "86400",
        "Connection": "keep-alive",
        "Content-Length": "330",
        "Content-Type": "application/json; charset=utf-8",
        "Date": "Tue, 09 Apr 2024 05:54:19 GMT",
        "Strict-Transport-Security": "max-age=15724800; includeSubDomains",
        "x-ms-client-request-id": "cae13a3623c5d011ebd023da0cd9c699",
        "x-ms-correlation-request-id": "1ae36b18-ba9f-4547-ab34-d2adb061aa4b",
        "X-Rate-Limit-Limit": "1m",
        "X-Rate-Limit-Remaining": "296",
        "X-Rate-Limit-Reset": "2024-04-09T05:55:02.7214986Z"
      },
      "ResponseBody": {
        "value": [
          {
            "name": "schedule-default",
            "actionType": "Stop",
            "sourceId": "/projects/sdk-project-wwebrtvrrcsza/pools/sdk-pool-qpz7fp37ntb4k/schedules/default",
            "suspendedUntil": "2024-04-10T02:10:00\u002B00:00",
            "next": {
              "scheduledTime": "2024-04-10T02:10:00.000000Z"
            }
          }
        ]
      }
    },
    {
      "RequestUri": "https://8ab2df1c-ed88-4946-a8a9-e1bbb3e4d1fd-sdk-dc-mcykprskrufpc.eastus.devcenter.azure.com/projects/sdk-project-wwebrtvrrcsza/users/me/devboxes/MyDevBox/actions:delay?until=2024-04-10T02%3A20%3A00.0000000Z\u0026api-version=2024-02-01",
      "RequestMethod": "POST",
      "RequestHeaders": {
        "Accept": "application/json",
        "Authorization": "Sanitized",
        "Content-Length": "0",
        "User-Agent": "azsdk-net-Developer.DevCenter/1.0.0-alpha.20240408.1 (.NET 6.0.28; Microsoft Windows 10.0.22631)",
        "x-ms-client-request-id": "9d4b0420f9ad778036e8c63ffa34ce77",
        "x-ms-return-client-request-id": "true"
      },
      "RequestBody": null,
      "StatusCode": 200,
      "ResponseHeaders": {
        "Access-Control-Allow-Origin": "*",
        "Access-Control-Expose-Headers": "Location,Operation-Location,x-ms-correlation-request-id,x-ms-client-request-id",
        "Access-Control-Max-Age": "86400",
        "Connection": "keep-alive",
        "Content-Length": "433",
        "Content-Type": "application/json; charset=utf-8",
        "Date": "Tue, 09 Apr 2024 05:54:19 GMT",
        "Strict-Transport-Security": "max-age=15724800; includeSubDomains",
        "x-ms-client-request-id": "9d4b0420f9ad778036e8c63ffa34ce77",
        "x-ms-correlation-request-id": "7fe09b98-a005-46ff-93cb-40ebe30aacd5",
        "X-Rate-Limit-Limit": "1m",
        "X-Rate-Limit-Remaining": "295",
        "X-Rate-Limit-Reset": "2024-04-09T05:54:26.6283884Z"
      },
      "ResponseBody": {
        "value": [
          {
            "name": "schedule-default",
            "result": "Succeeded",
            "action": {
              "name": "schedule-default",
              "actionType": "Stop",
              "sourceId": "/projects/sdk-project-wwebrtvrrcsza/pools/sdk-pool-qpz7fp37ntb4k/schedules/default",
              "suspendedUntil": "2024-04-10T02:20:00\u002B00:00",
              "next": {
                "scheduledTime": "2024-04-10T02:20:00.000000Z"
              }
            }
          }
        ]
      }
    }
  ],
  "Variables": {
    "DEFAULT_PROJECT_NAME": "sdk-project-wwebrtvrrcsza",
    "DEVCENTER_ENDPOINT": "https://8ab2df1c-ed88-4946-a8a9-e1bbb3e4d1fd-sdk-dc-mcykprskrufpc.eastus.devcenter.azure.com/",
    "RandomSeed": "842417555"
  }
}
