{
  "Entries": [
    {
      "RequestUri": "https://Sanitized.confidential-ledger.azure.com/app/transactions?collectionId=collection0174802568699501753&api-version=2024-12-09-preview",
      "RequestMethod": "POST",
      "RequestHeaders": {
        "Accept": "application/json",
        "Accept-Encoding": "gzip,deflate",
        "Authorization": "Sanitized",
        "Connection": "keep-alive",
        "Content-Length": "37",
        "Content-Type": "application/json",
        "User-Agent": "azsdk-js-confidential-ledger-rest/1.1.2-beta.1 core-rest-pipeline/1.20.1 Node/20.19.2 OS/(x64-Linux-6.8.0-1027-azure)",
        "x-ms-client-request-id": "Sanitized"
      },
      "RequestBody": {
        "contents": "entry for collection 0"
      },
      "StatusCode": 200,
      "ResponseHeaders": {
        "Content-Length": "48",
        "Content-Type": "application/json",
        "x-ms-ccf-transaction-id": "35.2535",
        "x-ms-client-request-id": "Sanitized",
        "x-ms-request-id": "Sanitized"
      },
      "ResponseBody": {
        "collectionId": "collection0174802568699501753"
      }
    },
    {
      "RequestUri": "https://Sanitized.confidential-ledger.azure.com/app/transactions?collectionId=collection1174802569164405137&api-version=2024-12-09-preview",
      "RequestMethod": "POST",
      "RequestHeaders": {
        "Accept": "application/json",
        "Accept-Encoding": "gzip,deflate",
        "Authorization": "Sanitized",
        "Connection": "keep-alive",
        "Content-Length": "37",
        "Content-Type": "application/json",
        "User-Agent": "azsdk-js-confidential-ledger-rest/1.1.2-beta.1 core-rest-pipeline/1.20.1 Node/20.19.2 OS/(x64-Linux-6.8.0-1027-azure)",
        "x-ms-client-request-id": "Sanitized"
      },
      "RequestBody": {
        "contents": "entry for collection 1"
      },
      "StatusCode": 200,
      "ResponseHeaders": {
        "Content-Length": "48",
        "Content-Type": "application/json",
        "x-ms-ccf-transaction-id": "35.2536",
        "x-ms-client-request-id": "Sanitized",
        "x-ms-request-id": "Sanitized"
      },
      "ResponseBody": {
        "collectionId": "collection1174802569164405137"
      }
    },
    {
      "RequestUri": "https://Sanitized.confidential-ledger.azure.com/app/transactions?collectionId=collection2174802569182409876&api-version=2024-12-09-preview",
      "RequestMethod": "POST",
      "RequestHeaders": {
        "Accept": "application/json",
        "Accept-Encoding": "gzip,deflate",
        "Authorization": "Sanitized",
        "Connection": "keep-alive",
        "Content-Length": "37",
        "Content-Type": "application/json",
        "User-Agent": "azsdk-js-confidential-ledger-rest/1.1.2-beta.1 core-rest-pipeline/1.20.1 Node/20.19.2 OS/(x64-Linux-6.8.0-1027-azure)",
        "x-ms-client-request-id": "Sanitized"
      },
      "RequestBody": {
        "contents": "entry for collection 2"
      },
      "StatusCode": 200,
      "ResponseHeaders": {
        "Content-Length": "48",
        "Content-Type": "application/json",
        "x-ms-ccf-transaction-id": "35.2537",
        "x-ms-client-request-id": "Sanitized",
        "x-ms-request-id": "Sanitized"
      },
      "ResponseBody": {
        "collectionId": "collection2174802569182409876"
      }
    },
    {
      "RequestUri": "https://Sanitized.confidential-ledger.azure.com/app/transactions?collectionId=collection3174802569201408793&api-version=2024-12-09-preview",
      "RequestMethod": "POST",
      "RequestHeaders": {
        "Accept": "application/json",
        "Accept-Encoding": "gzip,deflate",
        "Authorization": "Sanitized",
        "Connection": "keep-alive",
        "Content-Length": "37",
        "Content-Type": "application/json",
        "User-Agent": "azsdk-js-confidential-ledger-rest/1.1.2-beta.1 core-rest-pipeline/1.20.1 Node/20.19.2 OS/(x64-Linux-6.8.0-1027-azure)",
        "x-ms-client-request-id": "Sanitized"
      },
      "RequestBody": {
        "contents": "entry for collection 3"
      },
      "StatusCode": 200,
      "ResponseHeaders": {
        "Content-Length": "48",
        "Content-Type": "application/json",
        "x-ms-ccf-transaction-id": "35.2539",
        "x-ms-client-request-id": "Sanitized",
        "x-ms-request-id": "Sanitized"
      },
      "ResponseBody": {
        "collectionId": "collection3174802569201408793"
      }
    },
    {
      "RequestUri": "https://Sanitized.confidential-ledger.azure.com/app/transactions?collectionId=collection4174802569219306700&api-version=2024-12-09-preview",
      "RequestMethod": "POST",
      "RequestHeaders": {
        "Accept": "application/json",
        "Accept-Encoding": "gzip,deflate",
        "Authorization": "Sanitized",
        "Connection": "keep-alive",
        "Content-Length": "37",
        "Content-Type": "application/json",
        "User-Agent": "azsdk-js-confidential-ledger-rest/1.1.2-beta.1 core-rest-pipeline/1.20.1 Node/20.19.2 OS/(x64-Linux-6.8.0-1027-azure)",
        "x-ms-client-request-id": "Sanitized"
      },
      "RequestBody": {
        "contents": "entry for collection 4"
      },
      "StatusCode": 200,
      "ResponseHeaders": {
        "Content-Length": "48",
        "Content-Type": "application/json",
        "x-ms-ccf-transaction-id": "35.2540",
        "x-ms-client-request-id": "Sanitized",
        "x-ms-request-id": "Sanitized"
      },
      "ResponseBody": {
        "collectionId": "collection4174802569219306700"
      }
    },
    {
      "RequestUri": "https://Sanitized.confidential-ledger.azure.com/app/collections?api-version=2024-12-09-preview",
      "RequestMethod": "GET",
      "RequestHeaders": {
        "Accept": "application/json",
        "Accept-Encoding": "gzip,deflate",
        "Authorization": "Sanitized",
        "Connection": "keep-alive",
        "User-Agent": "azsdk-js-confidential-ledger-rest/1.1.2-beta.1 core-rest-pipeline/1.20.1 Node/20.19.2 OS/(x64-Linux-6.8.0-1027-azure)",
        "x-ms-client-request-id": "Sanitized"
      },
      "RequestBody": null,
      "StatusCode": 200,
      "ResponseHeaders": {
        "Content-Length": "1584",
        "Content-Type": "application/json",
        "x-ms-ccf-transaction-id": "35.2540",
        "x-ms-client-request-id": "Sanitized",
        "x-ms-request-id": "Sanitized"
      },
      "ResponseBody": {
        "collections": [
          {
            "collectionId": "collection2174802383853107659"
          },
          {
            "collectionId": "collection0174802568699501753"
          },
          {
            "collectionId": "collection3174802462882809511"
          },
          {
            "collectionId": "collection1174802569164405137"
          },
          {
            "collectionId": "collection1174802462845206144"
          },
          {
            "collectionId": "collection3174802569201408793"
          },
          {
            "collectionId": "pagedCollection174802458511208850"
          },
          {
            "collectionId": "collectionPost:0174802562892506625"
          },
          {
            "collectionId": "collection0174802383442201289"
          },
          {
            "collectionId": "1"
          },
          {
            "collectionId": "collection4174802400447401719"
          },
          {
            "collectionId": "collectionPost:0174802395128905029"
          },
          {
            "collectionId": "3"
          },
          {
            "collectionId": "collectionPost:0174802457913007782"
          },
          {
            "collectionId": "132"
          },
          {
            "collectionId": "collection4174802462905609278"
          },
          {
            "collectionId": "collection2174802569182409876"
          },
          {
            "collectionId": "collection1174802383838004554"
          },
          {
            "collectionId": "pagedCollection174802563911506126"
          },
          {
            "collectionId": "collection4174802383889107344"
          },
          {
            "collectionId": "collection0174802399935800791"
          },
          {
            "collectionId": "pagedCollection174802395785707813"
          },
          {
            "collectionId": "0"
          },
          {
            "collectionId": "collection0174802462507609891"
          },
          {
            "collectionId": "pagedCollection174802379391404354"
          },
          {
            "collectionId": "collection3174802400424604031"
          },
          {
            "collectionId": "subledger:0"
          },
          {
            "collectionId": "collection3174802383870806112"
          },
          {
            "collectionId": "collection2174802400401308142"
          },
          {
            "collectionId": "4"
          },
          {
            "collectionId": "2"
          },
          {
            "collectionId": "collectionPost:0174802378707304655"
          },
          {
            "collectionId": "collection1174802400383603617"
          },
          {
            "collectionId": "collection2174802462864300176"
          },
          {
            "collectionId": "collection4174802569219306700"
          }
        ]
      }
    }
  ],
  "Variables": {
    "collection0": "collection0174802568699501753",
    "collection1": "collection1174802569164405137",
    "collection2": "collection2174802569182409876",
    "collection3": "collection3174802569201408793",
    "collection4": "collection4174802569219306700"
  }
}
