{
  "Entries": [
    {
      "RequestUri": "https://fakestorageaccount.file.core.windows.net/share171438197354306999?restype=share",
      "RequestMethod": "PUT",
      "RequestHeaders": {
        "Accept": "application/xml",
        "Authorization": "Sanitized",
        "Connection": "keep-alive",
        "Content-Length": "0",
        "User-Agent": "azsdk-js-azure-storage-blob/12.23.0-beta.2 core-rest-pipeline/1.15.3 Node/18.19.0 OS/(x64-Windows_NT-10.0.22631)",
        "x-ms-client-request-id": "5a8cd15b-7cea-40ea-b353-ab98508cb022",
        "x-ms-date": "Mon, 29 Apr 2024 09:12:53 GMT",
        "x-ms-version": "2023-11-03"
      },
      "RequestBody": null,
      "StatusCode": 201,
      "ResponseHeaders": {
        "Content-Length": "0",
        "Date": "Mon, 29 Apr 2024 09:12:53 GMT",
        "ETag": "\"0x8DC682C8D7284C6\"",
        "Last-Modified": "Mon, 29 Apr 2024 09:12:54 GMT",
        "Server": [
          "Windows-Azure-File/1.0",
          "Microsoft-HTTPAPI/2.0"
        ],
        "x-ms-client-request-id": "5a8cd15b-7cea-40ea-b353-ab98508cb022",
        "x-ms-request-id": "886d0fec-d01a-0043-0c15-9a757d000000",
        "x-ms-version": "2023-11-03"
      },
      "ResponseBody": null
    },
    {
      "RequestUri": "https://fakestorageaccount.file.core.windows.net/share171438197354306999/dir171438197365304694....?restype=directory",
      "RequestMethod": "PUT",
      "RequestHeaders": {
        "Accept": "application/xml",
        "Authorization": "Sanitized",
        "Connection": "keep-alive",
        "Content-Length": "0",
        "User-Agent": "azsdk-js-azure-storage-blob/12.23.0-beta.2 core-rest-pipeline/1.15.3 Node/18.19.0 OS/(x64-Windows_NT-10.0.22631)",
        "x-ms-allow-trailing-dot": "true",
        "x-ms-client-request-id": "c8e7b0e9-bfd8-4d67-a2bf-eb03ea811b5f",
        "x-ms-date": "Mon, 29 Apr 2024 09:12:53 GMT",
        "x-ms-file-attributes": "Directory",
        "x-ms-file-creation-time": "now",
        "x-ms-file-last-write-time": "now",
        "x-ms-file-permission": "inherit",
        "x-ms-version": "2023-11-03"
      },
      "RequestBody": null,
      "StatusCode": 201,
      "ResponseHeaders": {
        "Content-Length": "0",
        "Date": "Mon, 29 Apr 2024 09:12:53 GMT",
        "ETag": "\"0x8DC682C8D83D2D3\"",
        "Last-Modified": "Mon, 29 Apr 2024 09:12:54 GMT",
        "Server": [
          "Windows-Azure-File/1.0",
          "Microsoft-HTTPAPI/2.0"
        ],
        "x-ms-client-request-id": "c8e7b0e9-bfd8-4d67-a2bf-eb03ea811b5f",
        "x-ms-file-attributes": "Directory",
        "x-ms-file-change-time": "2024-04-29T09:12:54.1844179Z",
        "x-ms-file-creation-time": "2024-04-29T09:12:54.1844179Z",
        "x-ms-file-id": "13835128424026341376",
        "x-ms-file-last-write-time": "2024-04-29T09:12:54.1844179Z",
        "x-ms-file-parent-id": "0",
        "x-ms-file-permission-key": "9255856626508002348*16764736045797335973",
        "x-ms-request-id": "886d0fee-d01a-0043-0d15-9a757d000000",
        "x-ms-request-server-encrypted": "true",
        "x-ms-version": "2023-11-03"
      },
      "ResponseBody": null
    },
    {
      "RequestUri": "https://fakestorageaccount.file.core.windows.net/share171438197354306999/dir171438197365304694..../share171438197354306999....",
      "RequestMethod": "PUT",
      "RequestHeaders": {
        "Accept": "application/xml",
        "Authorization": "Sanitized",
        "Connection": "keep-alive",
        "Content-Length": "0",
        "User-Agent": "azsdk-js-azure-storage-blob/12.23.0-beta.2 core-rest-pipeline/1.15.3 Node/18.19.0 OS/(x64-Windows_NT-10.0.22631)",
        "x-ms-allow-trailing-dot": "true",
        "x-ms-client-request-id": "8e4ac7a8-6f6e-4566-84ee-6d50e9158889",
        "x-ms-content-length": "10",
        "x-ms-date": "Mon, 29 Apr 2024 09:12:53 GMT",
        "x-ms-file-attributes": "None",
        "x-ms-file-creation-time": "now",
        "x-ms-file-last-write-time": "now",
        "x-ms-file-permission": "inherit",
        "x-ms-type": "file",
        "x-ms-version": "2023-11-03"
      },
      "RequestBody": null,
      "StatusCode": 201,
      "ResponseHeaders": {
        "Content-Length": "0",
        "Date": "Mon, 29 Apr 2024 09:12:53 GMT",
        "ETag": "\"0x8DC682C8D94723F\"",
        "Last-Modified": "Mon, 29 Apr 2024 09:12:54 GMT",
        "Server": [
          "Windows-Azure-File/1.0",
          "Microsoft-HTTPAPI/2.0"
        ],
        "x-ms-client-request-id": "8e4ac7a8-6f6e-4566-84ee-6d50e9158889",
        "x-ms-file-attributes": "Archive",
        "x-ms-file-change-time": "2024-04-29T09:12:54.2933567Z",
        "x-ms-file-creation-time": "2024-04-29T09:12:54.2933567Z",
        "x-ms-file-id": "11529285414812647424",
        "x-ms-file-last-write-time": "2024-04-29T09:12:54.2933567Z",
        "x-ms-file-parent-id": "13835128424026341376",
        "x-ms-file-permission-key": "4614121289425226539*16764736045797335973",
        "x-ms-request-id": "886d0fef-d01a-0043-0e15-9a757d000000",
        "x-ms-request-server-encrypted": "true",
        "x-ms-version": "2023-11-03"
      },
      "ResponseBody": null
    },
    {
      "RequestUri": "https://fakestorageaccount.file.core.windows.net/share171438197354306999/dir171438197365304694..../share171438197354306999....?comp=range",
      "RequestMethod": "PUT",
      "RequestHeaders": {
        "Accept": "application/xml",
        "Authorization": "Sanitized",
        "Connection": "keep-alive",
        "Content-Length": "5",
        "Content-Type": "application/octet-stream",
        "User-Agent": "azsdk-js-azure-storage-blob/12.23.0-beta.2 core-rest-pipeline/1.15.3 Node/18.19.0 OS/(x64-Windows_NT-10.0.22631)",
        "x-ms-allow-trailing-dot": "true",
        "x-ms-client-request-id": "ae4d7b8f-2e6f-4223-9fea-f54e2954eaad",
        "x-ms-date": "Mon, 29 Apr 2024 09:12:53 GMT",
        "x-ms-range": "bytes=0-4",
        "x-ms-version": "2023-11-03",
        "x-ms-write": "update"
      },
      "RequestBody": "SGVsbG8=",
      "StatusCode": 201,
      "ResponseHeaders": {
        "Content-Length": "0",
        "Content-MD5": "ixqZU8RhEpaoJ6v4xHgE1w==",
        "Date": "Mon, 29 Apr 2024 09:12:53 GMT",
        "ETag": "\"0x8DC682C8DA538AE\"",
        "Last-Modified": "Mon, 29 Apr 2024 09:12:54 GMT",
        "Server": [
          "Windows-Azure-File/1.0",
          "Microsoft-HTTPAPI/2.0"
        ],
        "x-ms-client-request-id": "ae4d7b8f-2e6f-4223-9fea-f54e2954eaad",
        "x-ms-file-last-write-time": "2024-04-29T09:12:54.4032942Z",
        "x-ms-request-id": "886d0ff0-d01a-0043-0f15-9a757d000000",
        "x-ms-request-server-encrypted": "true",
        "x-ms-version": "2023-11-03"
      },
      "ResponseBody": null
    },
    {
      "RequestUri": "https://fakestorageaccount.file.core.windows.net/share171438197354306999/dir171438197365304694..../share171438197354306999....?comp=range",
      "RequestMethod": "PUT",
      "RequestHeaders": {
        "Accept": "application/xml",
        "Authorization": "Sanitized",
        "Connection": "keep-alive",
        "Content-Length": "5",
        "Content-Type": "application/octet-stream",
        "User-Agent": "azsdk-js-azure-storage-blob/12.23.0-beta.2 core-rest-pipeline/1.15.3 Node/18.19.0 OS/(x64-Windows_NT-10.0.22631)",
        "x-ms-allow-trailing-dot": "true",
        "x-ms-client-request-id": "8979577c-6808-42f4-859e-0691a1239e98",
        "x-ms-date": "Mon, 29 Apr 2024 09:12:53 GMT",
        "x-ms-range": "bytes=5-9",
        "x-ms-version": "2023-11-03",
        "x-ms-write": "update"
      },
      "RequestBody": "V29ybGQ=",
      "StatusCode": 201,
      "ResponseHeaders": {
        "Content-Length": "0",
        "Content-MD5": "9aeSTmIehMkoCpon4by39g==",
        "Date": "Mon, 29 Apr 2024 09:12:53 GMT",
        "ETag": "\"0x8DC682C8DB562FA\"",
        "Last-Modified": "Mon, 29 Apr 2024 09:12:54 GMT",
        "Server": [
          "Windows-Azure-File/1.0",
          "Microsoft-HTTPAPI/2.0"
        ],
        "x-ms-client-request-id": "8979577c-6808-42f4-859e-0691a1239e98",
        "x-ms-file-last-write-time": "2024-04-29T09:12:54.5092346Z",
        "x-ms-request-id": "886d0ff1-d01a-0043-1015-9a757d000000",
        "x-ms-request-server-encrypted": "true",
        "x-ms-version": "2023-11-03"
      },
      "ResponseBody": null
    },
    {
      "RequestUri": "https://fakestorageaccount.file.core.windows.net/share171438197354306999/dir171438197365304694..../share171438197354306999....?comp=range",
      "RequestMethod": "PUT",
      "RequestHeaders": {
        "Accept": "application/xml",
        "Authorization": "Sanitized",
        "Connection": "keep-alive",
        "Content-Length": "0",
        "Content-Type": "application/octet-stream",
        "User-Agent": "azsdk-js-azure-storage-blob/12.23.0-beta.2 core-rest-pipeline/1.15.3 Node/18.19.0 OS/(x64-Windows_NT-10.0.22631)",
        "x-ms-allow-trailing-dot": "true",
        "x-ms-client-request-id": "1957b6f5-9f37-4ea2-8736-37594dd1b9b6",
        "x-ms-date": "Mon, 29 Apr 2024 09:12:54 GMT",
        "x-ms-range": "bytes=1-8",
        "x-ms-version": "2023-11-03",
        "x-ms-write": "clear"
      },
      "RequestBody": null,
      "StatusCode": 201,
      "ResponseHeaders": {
        "Content-Length": "0",
        "Date": "Mon, 29 Apr 2024 09:12:53 GMT",
        "ETag": "\"0x8DC682C8DC56636\"",
        "Last-Modified": "Mon, 29 Apr 2024 09:12:54 GMT",
        "Server": [
          "Windows-Azure-File/1.0",
          "Microsoft-HTTPAPI/2.0"
        ],
        "x-ms-client-request-id": "1957b6f5-9f37-4ea2-8736-37594dd1b9b6",
        "x-ms-file-last-write-time": "2024-04-29T09:12:54.6141750Z",
        "x-ms-request-id": "886d0ff2-d01a-0043-1115-9a757d000000",
        "x-ms-version": "2023-11-03"
      },
      "ResponseBody": null
    },
    {
      "RequestUri": "https://fakestorageaccount.file.core.windows.net/share171438197354306999/dir171438197365304694..../share171438197354306999....",
      "RequestMethod": "GET",
      "RequestHeaders": {
        "Accept": "application/xml",
        "Authorization": "Sanitized",
        "Connection": "keep-alive",
        "User-Agent": "azsdk-js-azure-storage-blob/12.23.0-beta.2 core-rest-pipeline/1.15.3 Node/18.19.0 OS/(x64-Windows_NT-10.0.22631)",
        "x-ms-allow-trailing-dot": "true",
        "x-ms-client-request-id": "22296839-8281-489b-a3e6-06be3448827f",
        "x-ms-date": "Mon, 29 Apr 2024 09:12:54 GMT",
        "x-ms-version": "2023-11-03"
      },
      "RequestBody": null,
      "StatusCode": 200,
      "ResponseHeaders": {
        "Accept-Ranges": "bytes",
        "Access-Control-Allow-Origin": "*",
        "Access-Control-Expose-Headers": "x-ms-request-id,x-ms-client-request-id,Server,x-ms-version,Content-Type,Last-Modified,ETag,x-ms-type,x-ms-server-encrypted,x-ms-lease-status,x-ms-lease-state,x-ms-file-change-time,x-ms-file-last-write-time,x-ms-file-creation-time,x-ms-file-id,x-ms-file-parent-id,x-ms-file-permission-key,x-ms-file-attributes,Accept-Ranges,Content-Length,Date,Transfer-Encoding",
        "Content-Length": "10",
        "Content-Type": "application/octet-stream",
        "Date": "Mon, 29 Apr 2024 09:12:53 GMT",
        "ETag": "\"0x8DC682C8DC56636\"",
        "Last-Modified": "Mon, 29 Apr 2024 09:12:54 GMT",
        "Server": [
          "Windows-Azure-File/1.0",
          "Microsoft-HTTPAPI/2.0"
        ],
        "x-ms-client-request-id": "22296839-8281-489b-a3e6-06be3448827f",
        "x-ms-file-attributes": "Archive",
        "x-ms-file-change-time": "2024-04-29T09:12:54.6141750Z",
        "x-ms-file-creation-time": "2024-04-29T09:12:54.2933567Z",
        "x-ms-file-id": "11529285414812647424",
        "x-ms-file-last-write-time": "2024-04-29T09:12:54.6141750Z",
        "x-ms-file-parent-id": "13835128424026341376",
        "x-ms-file-permission-key": "4614121289425226539*16764736045797335973",
        "x-ms-lease-state": "available",
        "x-ms-lease-status": "unlocked",
        "x-ms-request-id": "886d0ff3-d01a-0043-1215-9a757d000000",
        "x-ms-server-encrypted": "true",
        "x-ms-type": "File",
        "x-ms-version": "2023-11-03"
      },
      "ResponseBody": "SAAAAAAAAAAAZA=="
    },
    {
      "RequestUri": "https://fakestorageaccount.file.core.windows.net/share171438197354306999?restype=share",
      "RequestMethod": "DELETE",
      "RequestHeaders": {
        "Accept": "application/xml",
        "Authorization": "Sanitized",
        "Connection": "keep-alive",
        "User-Agent": "azsdk-js-azure-storage-blob/12.23.0-beta.2 core-rest-pipeline/1.15.3 Node/18.19.0 OS/(x64-Windows_NT-10.0.22631)",
        "x-ms-client-request-id": "7738c5d8-1f85-43ad-be59-f722389c2e23",
        "x-ms-date": "Mon, 29 Apr 2024 09:12:54 GMT",
        "x-ms-delete-snapshots": "include",
        "x-ms-version": "2023-11-03"
      },
      "RequestBody": null,
      "StatusCode": 202,
      "ResponseHeaders": {
        "Content-Length": "0",
        "Date": "Mon, 29 Apr 2024 09:12:54 GMT",
        "Server": [
          "Windows-Azure-File/1.0",
          "Microsoft-HTTPAPI/2.0"
        ],
        "x-ms-client-request-id": "7738c5d8-1f85-43ad-be59-f722389c2e23",
        "x-ms-request-id": "886d0ff4-d01a-0043-1315-9a757d000000",
        "x-ms-version": "2023-11-03"
      },
      "ResponseBody": null
    }
  ],
  "Variables": {
    "dir": "dir171438197365304694",
    "file": "share171438197354306999"
  }
}
