{
  "Entries": [
    {
      "RequestUri": "https://seanmcccanada.blob.core.windows.net/test-container-071f62db-bcea-8d76-95cd-5c11e73b5bd6?restype=container",
      "RequestMethod": "PUT",
      "RequestHeaders": {
        "Accept": "application/xml",
        "Authorization": "Sanitized",
        "Content-Length": "0",
        "traceparent": "00-a64f236e71b1d04a60ae81ca441ea54a-fad108abc2754aeb-00",
        "User-Agent": "azsdk-net-Storage.Blobs/12.20.0-alpha.20240501.1 (.NET 7.0.18; Microsoft Windows 10.0.22635)",
        "x-ms-blob-public-access": "container",
        "x-ms-client-request-id": "127de4fc-749f-5623-c14b-2cd5382801ef",
        "x-ms-date": "Wed, 01 May 2024 21:03:04 GMT",
        "x-ms-return-client-request-id": "true",
        "x-ms-version": "2024-08-04"
      },
      "RequestBody": null,
      "StatusCode": 201,
      "ResponseHeaders": {
        "Content-Length": "0",
        "Date": "Wed, 01 May 2024 21:03:04 GMT",
        "ETag": "\"0x8DC6A2218815949\"",
        "Last-Modified": "Wed, 01 May 2024 21:03:05 GMT",
        "Server": [
          "Windows-Azure-Blob/1.0",
          "Microsoft-HTTPAPI/2.0"
        ],
        "x-ms-client-request-id": "127de4fc-749f-5623-c14b-2cd5382801ef",
        "x-ms-request-id": "408202bf-201e-0080-360a-9c6e84000000",
        "x-ms-version": "2024-08-04"
      },
      "ResponseBody": null
    },
    {
      "RequestUri": "https://seanmcccanada.file.core.windows.net/test-share-5c2c021a-4c44-f56a-c5b1-713f481437ae?restype=share",
      "RequestMethod": "PUT",
      "RequestHeaders": {
        "Accept": "application/xml",
        "Authorization": "Sanitized",
        "Content-Length": "0",
        "traceparent": "00-5c10ebb540466f28ac451988264f94ed-ccaf71de733919cd-00",
        "User-Agent": "azsdk-net-Storage.Files.Shares/12.18.0-alpha.20240501.1 (.NET 7.0.18; Microsoft Windows 10.0.22635)",
        "x-ms-client-request-id": "524784a9-85ba-afc8-7988-4ded02e30dac",
        "x-ms-date": "Wed, 01 May 2024 21:03:05 GMT",
        "x-ms-return-client-request-id": "true",
        "x-ms-version": "2024-08-04"
      },
      "RequestBody": null,
      "StatusCode": 201,
      "ResponseHeaders": {
        "Content-Length": "0",
        "Date": "Wed, 01 May 2024 21:03:04 GMT",
        "ETag": "\"0x8DC6A221891A7AB\"",
        "Last-Modified": "Wed, 01 May 2024 21:03:05 GMT",
        "Server": [
          "Windows-Azure-File/1.0",
          "Microsoft-HTTPAPI/2.0"
        ],
        "x-ms-client-request-id": "524784a9-85ba-afc8-7988-4ded02e30dac",
        "x-ms-request-id": "61d85dec-101a-0050-610a-9c53d2000000",
        "x-ms-version": "2024-08-04"
      },
      "ResponseBody": null
    },
    {
      "RequestUri": "https://seanmcccanada.blob.core.windows.net/test-container-071f62db-bcea-8d76-95cd-5c11e73b5bd6/test-file-e9e87d13-fe13-d131-cb9a-902663f23cfd",
      "RequestMethod": "PUT",
      "RequestHeaders": {
        "Accept": "application/xml",
        "Authorization": "Sanitized",
        "Content-Length": "0",
        "If-None-Match": "*",
        "traceparent": "00-30aa789a4c3ed6417b41cc3d69745cff-9fb9c718088dff3b-00",
        "User-Agent": "azsdk-net-Storage.Blobs/12.20.0-alpha.20240501.1 (.NET 7.0.18; Microsoft Windows 10.0.22635)",
        "x-ms-blob-type": "AppendBlob",
        "x-ms-client-request-id": "511028bf-07c1-f99c-7f96-aaed5ec44e52",
        "x-ms-date": "Wed, 01 May 2024 21:03:05 GMT",
        "x-ms-return-client-request-id": "true",
        "x-ms-version": "2024-08-04"
      },
      "RequestBody": null,
      "StatusCode": 201,
      "ResponseHeaders": {
        "Content-Length": "0",
        "Date": "Wed, 01 May 2024 21:03:04 GMT",
        "ETag": "\"0x8DC6A2218A0FEBC\"",
        "Last-Modified": "Wed, 01 May 2024 21:03:05 GMT",
        "Server": [
          "Windows-Azure-Blob/1.0",
          "Microsoft-HTTPAPI/2.0"
        ],
        "x-ms-client-request-id": "511028bf-07c1-f99c-7f96-aaed5ec44e52",
        "x-ms-request-id": "408203d5-201e-0080-380a-9c6e84000000",
        "x-ms-request-server-encrypted": "true",
        "x-ms-version": "2024-08-04",
        "x-ms-version-id": "2024-05-01T21:03:05.4404284Z"
      },
      "ResponseBody": null
    },
    {
      "RequestUri": "https://seanmcccanada.blob.core.windows.net/test-container-071f62db-bcea-8d76-95cd-5c11e73b5bd6/test-file-e9e87d13-fe13-d131-cb9a-902663f23cfd?comp=appendblock",
      "RequestMethod": "PUT",
      "RequestHeaders": {
        "Accept": "application/xml",
        "Authorization": "Sanitized",
        "Content-Length": "512",
        "Content-Type": "application/octet-stream",
        "traceparent": "00-e98f4718db6553ac72d0f59ecd834656-d3f623587c501122-00",
        "User-Agent": "azsdk-net-Storage.Blobs/12.20.0-alpha.20240501.1 (.NET 7.0.18; Microsoft Windows 10.0.22635)",
        "x-ms-client-request-id": "57260278-1cb4-dcde-5f7d-1fd718cc9553",
        "x-ms-date": "Wed, 01 May 2024 21:03:05 GMT",
        "x-ms-return-client-request-id": "true",
        "x-ms-version": "2024-08-04"
      },
      "RequestBody": "QMmzuFdCpAX0IZergDULWMSkMxilI3JEWyRktlwzHaoLHx0m1oDKpdZ3mTpVG04rPHqozm+9Zx1Xbl0y3u2owAPtn2AX5YFD2Y5CLok47z/WOHrii087TrgAz2gjmMboztk2aHzuFFb4ZPThejmUHn8eW6VzxjS0slGnFxYYIEHHWV+vAYbC6CQk6SZaWdN+bLDpBTwhdQikgrUrRv1A30SyGSHa5B34W3OBT9wOWVh9KKpmLxoFpuRXCn/Rl6En4wnhqECypIiS8KnInyYrlihdrR5S2rAprHM8g9meJ8TRWmvSLbAYy4Mi0z5xPQa+K3RWc+mD1AlZt/vMdSGu9Mnl9kW6WWl3ROKaMAdxuG9tfldkR7PaToVieHW1TFVhc951i0bBA9EL3i4G6aQB6P6MXvbKSa0WCqi/WODzwviNOLwo/C0orHuFWWiE1GXhYJB2KO1flyowXoCeAarxGBw1ebDo2ezRY7J6RPBEkTZC3vhQfJkLLaCS952siarRlEFMTlq0+YekpcQ65FM57M1JWyOyoZuCKksPVuFOJNkIqbCv+ELcjuVwq9fV0UlNWAvPYy6GHvOlyiQOpKOmVYDqMjujivOLbc0+QfXErVgCwv3Vf8GrgYq9CS4dzelCylZW6p4Oqs4XRPZhSNz94R3LDOKl0Na/P7Gw5oDFbZ8=",
      "StatusCode": 201,
      "ResponseHeaders": {
        "Content-Length": "0",
        "Date": "Wed, 01 May 2024 21:03:04 GMT",
        "ETag": "\"0x8DC6A2218B4D1EB\"",
        "Last-Modified": "Wed, 01 May 2024 21:03:05 GMT",
        "Server": [
          "Windows-Azure-Blob/1.0",
          "Microsoft-HTTPAPI/2.0"
        ],
        "x-ms-blob-append-offset": "0",
        "x-ms-blob-committed-block-count": "1",
        "x-ms-client-request-id": "57260278-1cb4-dcde-5f7d-1fd718cc9553",
        "x-ms-content-crc64": "mUoR0Dzd0YQ=",
        "x-ms-request-id": "4082048b-201e-0080-620a-9c6e84000000",
        "x-ms-request-server-encrypted": "true",
        "x-ms-version": "2024-08-04"
      },
      "ResponseBody": null
    },
    {
      "RequestUri": "https://seanmcccanada.blob.core.windows.net/test-container-071f62db-bcea-8d76-95cd-5c11e73b5bd6/test-file-e9e87d13-fe13-d131-cb9a-902663f23cfd?sv=2024-08-04&se=2024-05-02T21%3A03%3A05Z&sr=b&sp=racwdxyltmei&sig=Sanitized",
      "RequestMethod": "HEAD",
      "RequestHeaders": {
        "Accept": "application/xml",
        "traceparent": "00-5dbc4de9d9f9c7ddce267a7f4099784e-eadf14186a17928c-00",
        "User-Agent": "azsdk-net-Storage.Blobs/12.20.0-alpha.20240501.1 (.NET 7.0.18; Microsoft Windows 10.0.22635)",
        "x-ms-client-request-id": "5b75b5a1-f69d-ba9d-77a1-ece83f9b4245",
        "x-ms-return-client-request-id": "true",
        "x-ms-version": "2024-08-04"
      },
      "RequestBody": null,
      "StatusCode": 200,
      "ResponseHeaders": {
        "Accept-Ranges": "bytes",
        "Content-Length": "512",
        "Content-Type": "application/octet-stream",
        "Date": "Wed, 01 May 2024 21:03:04 GMT",
        "ETag": "\"0x8DC6A2218B4D1EB\"",
        "Last-Modified": "Wed, 01 May 2024 21:03:05 GMT",
        "Server": [
          "Windows-Azure-Blob/1.0",
          "Microsoft-HTTPAPI/2.0"
        ],
        "x-ms-blob-committed-block-count": "1",
        "x-ms-blob-type": "AppendBlob",
        "x-ms-client-request-id": "5b75b5a1-f69d-ba9d-77a1-ece83f9b4245",
        "x-ms-creation-time": "Wed, 01 May 2024 21:03:05 GMT",
        "x-ms-is-current-version": "true",
        "x-ms-lease-state": "available",
        "x-ms-lease-status": "unlocked",
        "x-ms-request-id": "40820510-201e-0080-610a-9c6e84000000",
        "x-ms-server-encrypted": "true",
        "x-ms-version": "2024-08-04",
        "x-ms-version-id": "2024-05-01T21:03:05.4404284Z"
      },
      "ResponseBody": null
    },
    {
      "RequestUri": "https://seanmcccanada.file.core.windows.net/test-share-5c2c021a-4c44-f56a-c5b1-713f481437ae/test-file-c496047c-e4cd-67f4-8765-8935fb498ee7?sv=2024-08-04&se=2024-05-02T21%3A03%3A05Z&sr=f&sp=rcwd&sig=Sanitized",
      "RequestMethod": "HEAD",
      "RequestHeaders": {
        "Accept": "application/xml",
        "traceparent": "00-e2d0ebe625e8b50fc2a0326b8e042945-d6b2b2df666db858-00",
        "User-Agent": "azsdk-net-Storage.Files.Shares/12.18.0-alpha.20240501.1 (.NET 7.0.18; Microsoft Windows 10.0.22635)",
        "x-ms-client-request-id": "62353a96-3a56-e9b6-ceaa-fd2b005f211a",
        "x-ms-return-client-request-id": "true",
        "x-ms-version": "2024-08-04"
      },
      "RequestBody": null,
      "StatusCode": 404,
      "ResponseHeaders": {
        "Date": "Wed, 01 May 2024 21:03:04 GMT",
        "Server": [
          "Windows-Azure-File/1.0",
          "Microsoft-HTTPAPI/2.0"
        ],
        "Transfer-Encoding": "chunked",
        "x-ms-client-request-id": "62353a96-3a56-e9b6-ceaa-fd2b005f211a",
        "x-ms-error-code": "ResourceNotFound",
        "x-ms-request-id": "61d85df5-101a-0050-690a-9c53d2000000",
        "x-ms-version": "2024-08-04"
      },
      "ResponseBody": null
    },
    {
      "RequestUri": "https://seanmcccanada.file.core.windows.net/test-share-5c2c021a-4c44-f56a-c5b1-713f481437ae/test-file-c496047c-e4cd-67f4-8765-8935fb498ee7?sv=2024-08-04&se=2024-05-02T21%3A03%3A05Z&sr=f&sp=rcwd&sig=Sanitized",
      "RequestMethod": "PUT",
      "RequestHeaders": {
        "Accept": "application/xml",
        "Content-Length": "0",
        "traceparent": "00-66b4cfe9e97c0e7027bb6485a94266ef-bbea0aae64c77f41-00",
        "User-Agent": "azsdk-net-Storage.Files.Shares/12.18.0-alpha.20240501.1 (.NET 7.0.18; Microsoft Windows 10.0.22635)",
        "x-ms-client-request-id": "0452b100-df65-48ef-c0ac-d88d82fc8a59",
        "x-ms-content-length": "512",
        "x-ms-file-attributes": "None",
        "x-ms-file-creation-time": "Now",
        "x-ms-file-last-write-time": "Now",
        "x-ms-file-permission": "Inherit",
        "x-ms-return-client-request-id": "true",
        "x-ms-type": "file",
        "x-ms-version": "2024-08-04"
      },
      "RequestBody": null,
      "StatusCode": 201,
      "ResponseHeaders": {
        "Content-Length": "0",
        "Date": "Wed, 01 May 2024 21:03:04 GMT",
        "ETag": "\"0x8DC6A2218E779E7\"",
        "Last-Modified": "Wed, 01 May 2024 21:03:05 GMT",
        "Server": [
          "Windows-Azure-File/1.0",
          "Microsoft-HTTPAPI/2.0"
        ],
        "x-ms-client-request-id": "0452b100-df65-48ef-c0ac-d88d82fc8a59",
        "x-ms-file-attributes": "Archive",
        "x-ms-file-change-time": "2024-05-01T21:03:05.9023335Z",
        "x-ms-file-creation-time": "2024-05-01T21:03:05.9023335Z",
        "x-ms-file-id": "13835128424026341376",
        "x-ms-file-last-write-time": "2024-05-01T21:03:05.9023335Z",
        "x-ms-file-parent-id": "0",
        "x-ms-file-permission-key": "5144323600546320195*17277118026500876237",
        "x-ms-request-id": "61d85df6-101a-0050-6a0a-9c53d2000000",
        "x-ms-request-server-encrypted": "true",
        "x-ms-version": "2024-08-04"
      },
      "ResponseBody": null
    },
    {
      "RequestUri": "https://seanmcccanada.file.core.windows.net/test-share-5c2c021a-4c44-f56a-c5b1-713f481437ae/test-file-c496047c-e4cd-67f4-8765-8935fb498ee7?sv=2024-08-04&se=2024-05-02T21%3A03%3A05Z&sr=f&sp=rcwd&sig=Sanitized&comp=range",
      "RequestMethod": "PUT",
      "RequestHeaders": {
        "Accept": "application/xml",
        "Content-Length": "0",
        "traceparent": "00-45f90274b74ae73b859203d0654225b4-423805a9fe91fc07-00",
        "User-Agent": "azsdk-net-Storage.Files.Shares/12.18.0-alpha.20240501.1 (.NET 7.0.18; Microsoft Windows 10.0.22635)",
        "x-ms-client-request-id": "4e2abbcc-1c0d-95b4-0add-04e3661f9f90",
        "x-ms-copy-source": "https://seanmcccanada.blob.core.windows.net/test-container-071f62db-bcea-8d76-95cd-5c11e73b5bd6/test-file-e9e87d13-fe13-d131-cb9a-902663f23cfd?sv=2024-08-04&se=2024-05-02T21%3A03%3A05Z&sr=b&sp=racwdxyltmei&sig=Sanitized",
        "x-ms-range": "bytes=0-511",
        "x-ms-return-client-request-id": "true",
        "x-ms-source-range": "bytes=0-511",
        "x-ms-version": "2024-08-04",
        "x-ms-write": "update"
      },
      "RequestBody": null,
      "StatusCode": 201,
      "ResponseHeaders": {
        "Content-Length": "0",
        "Date": "Wed, 01 May 2024 21:03:05 GMT",
        "ETag": "\"0x8DC6A2218FFB90D\"",
        "Last-Modified": "Wed, 01 May 2024 21:03:06 GMT",
        "Server": [
          "Windows-Azure-File/1.0",
          "Microsoft-HTTPAPI/2.0"
        ],
        "x-ms-client-request-id": "4e2abbcc-1c0d-95b4-0add-04e3661f9f90",
        "x-ms-content-crc64": "mUoR0Dzd0YQ=",
        "x-ms-file-last-write-time": "2024-05-01T21:03:06.0612365Z",
        "x-ms-request-id": "61d85df7-101a-0050-6b0a-9c53d2000000",
        "x-ms-request-server-encrypted": "true",
        "x-ms-version": "2024-08-04"
      },
      "ResponseBody": null
    },
    {
      "RequestUri": "https://seanmcccanada.blob.core.windows.net/test-container-071f62db-bcea-8d76-95cd-5c11e73b5bd6/test-file-e9e87d13-fe13-d131-cb9a-902663f23cfd?sv=2024-08-04&se=2024-05-02T21%3A03%3A05Z&sr=b&sp=racwdxyltmei&sig=Sanitized",
      "RequestMethod": "HEAD",
      "RequestHeaders": {
        "Accept": "application/xml",
        "traceparent": "00-e8d976eb947058da9f3a8b81304d6193-e8ec51d1a12f8da0-00",
        "User-Agent": "azsdk-net-Storage.Blobs/12.20.0-alpha.20240501.1 (.NET 7.0.18; Microsoft Windows 10.0.22635)",
        "x-ms-client-request-id": "c6c0a917-3bd2-884c-d2f4-d832d6c6ef6d",
        "x-ms-return-client-request-id": "true",
        "x-ms-version": "2024-08-04"
      },
      "RequestBody": null,
      "StatusCode": 200,
      "ResponseHeaders": {
        "Accept-Ranges": "bytes",
        "Content-Length": "512",
        "Content-Type": "application/octet-stream",
        "Date": "Wed, 01 May 2024 21:03:05 GMT",
        "ETag": "\"0x8DC6A2218B4D1EB\"",
        "Last-Modified": "Wed, 01 May 2024 21:03:05 GMT",
        "Server": [
          "Windows-Azure-Blob/1.0",
          "Microsoft-HTTPAPI/2.0"
        ],
        "x-ms-blob-committed-block-count": "1",
        "x-ms-blob-type": "AppendBlob",
        "x-ms-client-request-id": "c6c0a917-3bd2-884c-d2f4-d832d6c6ef6d",
        "x-ms-creation-time": "Wed, 01 May 2024 21:03:05 GMT",
        "x-ms-is-current-version": "true",
        "x-ms-lease-state": "available",
        "x-ms-lease-status": "unlocked",
        "x-ms-request-id": "40820746-201e-0080-730a-9c6e84000000",
        "x-ms-server-encrypted": "true",
        "x-ms-version": "2024-08-04",
        "x-ms-version-id": "2024-05-01T21:03:05.4404284Z"
      },
      "ResponseBody": null
    },
    {
      "RequestUri": "https://seanmcccanada.file.core.windows.net/test-share-5c2c021a-4c44-f56a-c5b1-713f481437ae/test-file-c496047c-e4cd-67f4-8765-8935fb498ee7?sv=2024-08-04&se=2024-05-02T21%3A03%3A05Z&sr=f&sp=rcwd&sig=Sanitized",
      "RequestMethod": "HEAD",
      "RequestHeaders": {
        "Accept": "application/xml",
        "traceparent": "00-6625e9bf129ab36160c65bb66592ea2f-58cbdf83ec7270b4-00",
        "User-Agent": "azsdk-net-Storage.Files.Shares/12.18.0-alpha.20240501.1 (.NET 7.0.18; Microsoft Windows 10.0.22635)",
        "x-ms-client-request-id": "bdcb222d-d95f-23be-fba9-fb2122ff4f40",
        "x-ms-return-client-request-id": "true",
        "x-ms-version": "2024-08-04"
      },
      "RequestBody": null,
      "StatusCode": 200,
      "ResponseHeaders": {
        "Content-Length": "512",
        "Content-Type": "application/octet-stream",
        "Date": "Wed, 01 May 2024 21:03:05 GMT",
        "ETag": "\"0x8DC6A2218FFB90D\"",
        "Last-Modified": "Wed, 01 May 2024 21:03:06 GMT",
        "Server": [
          "Windows-Azure-File/1.0",
          "Microsoft-HTTPAPI/2.0"
        ],
        "x-ms-client-request-id": "bdcb222d-d95f-23be-fba9-fb2122ff4f40",
        "x-ms-file-attributes": "Archive",
        "x-ms-file-change-time": "2024-05-01T21:03:06.0612365Z",
        "x-ms-file-creation-time": "2024-05-01T21:03:05.9023335Z",
        "x-ms-file-id": "13835128424026341376",
        "x-ms-file-last-write-time": "2024-05-01T21:03:06.0612365Z",
        "x-ms-file-parent-id": "0",
        "x-ms-file-permission-key": "5144323600546320195*17277118026500876237",
        "x-ms-lease-state": "available",
        "x-ms-lease-status": "unlocked",
        "x-ms-request-id": "61d85df8-101a-0050-6c0a-9c53d2000000",
        "x-ms-server-encrypted": "true",
        "x-ms-type": "File",
        "x-ms-version": "2024-08-04"
      },
      "ResponseBody": null
    },
    {
      "RequestUri": "https://seanmcccanada.blob.core.windows.net/test-container-071f62db-bcea-8d76-95cd-5c11e73b5bd6/test-file-e9e87d13-fe13-d131-cb9a-902663f23cfd?sv=2024-08-04&se=2024-05-02T21%3A03%3A05Z&sr=b&sp=racwdxyltmei&sig=Sanitized",
      "RequestMethod": "GET",
      "RequestHeaders": {
        "Accept": "application/xml",
        "If-Match": "\"0x8DC6A2218B4D1EB\"",
        "User-Agent": "azsdk-net-Storage.Blobs/12.20.0-alpha.20240501.1 (.NET 7.0.18; Microsoft Windows 10.0.22635)",
        "x-ms-client-request-id": "b3045068-32fa-9a0e-87e9-5402cbf7af8a",
        "x-ms-range": "bytes=0-4194303",
        "x-ms-return-client-request-id": "true",
        "x-ms-version": "2024-08-04"
      },
      "RequestBody": null,
      "StatusCode": 206,
      "ResponseHeaders": {
        "Accept-Ranges": "bytes",
        "Content-Length": "512",
        "Content-Range": "bytes 0-511/512",
        "Content-Type": "application/octet-stream",
        "Date": "Wed, 01 May 2024 21:03:05 GMT",
        "ETag": "\"0x8DC6A2218B4D1EB\"",
        "Last-Modified": "Wed, 01 May 2024 21:03:05 GMT",
        "Server": [
          "Windows-Azure-Blob/1.0",
          "Microsoft-HTTPAPI/2.0"
        ],
        "x-ms-blob-committed-block-count": "1",
        "x-ms-blob-type": "AppendBlob",
        "x-ms-client-request-id": "b3045068-32fa-9a0e-87e9-5402cbf7af8a",
        "x-ms-creation-time": "Wed, 01 May 2024 21:03:05 GMT",
        "x-ms-is-current-version": "true",
        "x-ms-lease-state": "available",
        "x-ms-lease-status": "unlocked",
        "x-ms-request-id": "408207ee-201e-0080-0b0a-9c6e84000000",
        "x-ms-server-encrypted": "true",
        "x-ms-version": "2024-08-04",
        "x-ms-version-id": "2024-05-01T21:03:05.4404284Z"
      },
      "ResponseBody": "QMmzuFdCpAX0IZergDULWMSkMxilI3JEWyRktlwzHaoLHx0m1oDKpdZ3mTpVG04rPHqozm+9Zx1Xbl0y3u2owAPtn2AX5YFD2Y5CLok47z/WOHrii087TrgAz2gjmMboztk2aHzuFFb4ZPThejmUHn8eW6VzxjS0slGnFxYYIEHHWV+vAYbC6CQk6SZaWdN+bLDpBTwhdQikgrUrRv1A30SyGSHa5B34W3OBT9wOWVh9KKpmLxoFpuRXCn/Rl6En4wnhqECypIiS8KnInyYrlihdrR5S2rAprHM8g9meJ8TRWmvSLbAYy4Mi0z5xPQa+K3RWc+mD1AlZt/vMdSGu9Mnl9kW6WWl3ROKaMAdxuG9tfldkR7PaToVieHW1TFVhc951i0bBA9EL3i4G6aQB6P6MXvbKSa0WCqi/WODzwviNOLwo/C0orHuFWWiE1GXhYJB2KO1flyowXoCeAarxGBw1ebDo2ezRY7J6RPBEkTZC3vhQfJkLLaCS952siarRlEFMTlq0+YekpcQ65FM57M1JWyOyoZuCKksPVuFOJNkIqbCv+ELcjuVwq9fV0UlNWAvPYy6GHvOlyiQOpKOmVYDqMjujivOLbc0+QfXErVgCwv3Vf8GrgYq9CS4dzelCylZW6p4Oqs4XRPZhSNz94R3LDOKl0Na/P7Gw5oDFbZ8="
    },
    {
      "RequestUri": "https://seanmcccanada.file.core.windows.net/test-share-5c2c021a-4c44-f56a-c5b1-713f481437ae/test-file-c496047c-e4cd-67f4-8765-8935fb498ee7?sv=2024-08-04&se=2024-05-02T21%3A03%3A05Z&sr=f&sp=rcwd&sig=Sanitized",
      "RequestMethod": "GET",
      "RequestHeaders": {
        "Accept": "application/xml",
        "User-Agent": "azsdk-net-Storage.Files.Shares/12.18.0-alpha.20240501.1 (.NET 7.0.18; Microsoft Windows 10.0.22635)",
        "x-ms-client-request-id": "d1b88bc6-9cfb-da45-fa43-3d8b0c318599",
        "x-ms-range": "bytes=0-4194303",
        "x-ms-return-client-request-id": "true",
        "x-ms-version": "2024-08-04"
      },
      "RequestBody": null,
      "StatusCode": 206,
      "ResponseHeaders": {
        "Accept-Ranges": "bytes",
        "Content-Length": "512",
        "Content-Range": "bytes 0-511/512",
        "Content-Type": "application/octet-stream",
        "Date": "Wed, 01 May 2024 21:03:05 GMT",
        "ETag": "\"0x8DC6A2218FFB90D\"",
        "Last-Modified": "Wed, 01 May 2024 21:03:06 GMT",
        "Server": [
          "Windows-Azure-File/1.0",
          "Microsoft-HTTPAPI/2.0"
        ],
        "x-ms-client-request-id": "d1b88bc6-9cfb-da45-fa43-3d8b0c318599",
        "x-ms-file-attributes": "Archive",
        "x-ms-file-change-time": "2024-05-01T21:03:06.0612365Z",
        "x-ms-file-creation-time": "2024-05-01T21:03:05.9023335Z",
        "x-ms-file-id": "13835128424026341376",
        "x-ms-file-last-write-time": "2024-05-01T21:03:06.0612365Z",
        "x-ms-file-parent-id": "0",
        "x-ms-file-permission-key": "5144323600546320195*17277118026500876237",
        "x-ms-lease-state": "available",
        "x-ms-lease-status": "unlocked",
        "x-ms-request-id": "61d85dfc-101a-0050-700a-9c53d2000000",
        "x-ms-server-encrypted": "true",
        "x-ms-type": "File",
        "x-ms-version": "2024-08-04"
      },
      "ResponseBody": "QMmzuFdCpAX0IZergDULWMSkMxilI3JEWyRktlwzHaoLHx0m1oDKpdZ3mTpVG04rPHqozm+9Zx1Xbl0y3u2owAPtn2AX5YFD2Y5CLok47z/WOHrii087TrgAz2gjmMboztk2aHzuFFb4ZPThejmUHn8eW6VzxjS0slGnFxYYIEHHWV+vAYbC6CQk6SZaWdN+bLDpBTwhdQikgrUrRv1A30SyGSHa5B34W3OBT9wOWVh9KKpmLxoFpuRXCn/Rl6En4wnhqECypIiS8KnInyYrlihdrR5S2rAprHM8g9meJ8TRWmvSLbAYy4Mi0z5xPQa+K3RWc+mD1AlZt/vMdSGu9Mnl9kW6WWl3ROKaMAdxuG9tfldkR7PaToVieHW1TFVhc951i0bBA9EL3i4G6aQB6P6MXvbKSa0WCqi/WODzwviNOLwo/C0orHuFWWiE1GXhYJB2KO1flyowXoCeAarxGBw1ebDo2ezRY7J6RPBEkTZC3vhQfJkLLaCS952siarRlEFMTlq0+YekpcQ65FM57M1JWyOyoZuCKksPVuFOJNkIqbCv+ELcjuVwq9fV0UlNWAvPYy6GHvOlyiQOpKOmVYDqMjujivOLbc0+QfXErVgCwv3Vf8GrgYq9CS4dzelCylZW6p4Oqs4XRPZhSNz94R3LDOKl0Na/P7Gw5oDFbZ8="
    },
    {
      "RequestUri": "https://seanmcccanada.file.core.windows.net/test-share-5c2c021a-4c44-f56a-c5b1-713f481437ae?restype=share",
      "RequestMethod": "DELETE",
      "RequestHeaders": {
        "Accept": "application/xml",
        "Authorization": "Sanitized",
        "traceparent": "00-851675e2f2ef8cf66fc76fdf496e87c4-917ac684da2ff9a1-00",
        "User-Agent": "azsdk-net-Storage.Files.Shares/12.18.0-alpha.20240501.1 (.NET 7.0.18; Microsoft Windows 10.0.22635)",
        "x-ms-client-request-id": "403c92ba-dd3e-188f-c12b-a2408886c0bc",
        "x-ms-date": "Wed, 01 May 2024 21:03:06 GMT",
        "x-ms-delete-snapshots": "include",
        "x-ms-return-client-request-id": "true",
        "x-ms-version": "2024-08-04"
      },
      "RequestBody": null,
      "StatusCode": 202,
      "ResponseHeaders": {
        "Content-Length": "0",
        "Date": "Wed, 01 May 2024 21:03:05 GMT",
        "Server": [
          "Windows-Azure-File/1.0",
          "Microsoft-HTTPAPI/2.0"
        ],
        "x-ms-client-request-id": "403c92ba-dd3e-188f-c12b-a2408886c0bc",
        "x-ms-request-id": "61d85dfe-101a-0050-720a-9c53d2000000",
        "x-ms-version": "2024-08-04"
      },
      "ResponseBody": null
    },
    {
      "RequestUri": "https://seanmcccanada.blob.core.windows.net/test-container-071f62db-bcea-8d76-95cd-5c11e73b5bd6?restype=container",
      "RequestMethod": "DELETE",
      "RequestHeaders": {
        "Accept": "application/xml",
        "Authorization": "Sanitized",
        "traceparent": "00-b32ca4496128922afe1232299487c3b8-5df6b809ed954689-00",
        "User-Agent": "azsdk-net-Storage.Blobs/12.20.0-alpha.20240501.1 (.NET 7.0.18; Microsoft Windows 10.0.22635)",
        "x-ms-client-request-id": "79d1a646-45f5-615a-2300-2c08a4aa19b7",
        "x-ms-date": "Wed, 01 May 2024 21:03:06 GMT",
        "x-ms-return-client-request-id": "true",
        "x-ms-version": "2024-08-04"
      },
      "RequestBody": null,
      "StatusCode": 202,
      "ResponseHeaders": {
        "Content-Length": "0",
        "Date": "Wed, 01 May 2024 21:03:05 GMT",
        "Server": [
          "Windows-Azure-Blob/1.0",
          "Microsoft-HTTPAPI/2.0"
        ],
        "x-ms-client-request-id": "79d1a646-45f5-615a-2300-2c08a4aa19b7",
        "x-ms-request-id": "40820934-201e-0080-330a-9c6e84000000",
        "x-ms-version": "2024-08-04"
      },
      "ResponseBody": null
    }
  ],
  "Variables": {
    "DateTimeOffsetNow": "2024-05-01T14:03:05.3828036-07:00",
    "RandomSeed": "263982793",
    "Storage_TestConfigDefault": "ProductionTenant\nseanmcccanada\nU2FuaXRpemVk\nhttps://seanmcccanada.blob.core.windows.net\nhttps://seanmcccanada.file.core.windows.net\nhttps://seanmcccanada.queue.core.windows.net\nhttps://seanmcccanada.table.core.windows.net\n\n\n\n\nhttps://seanmcccanada-secondary.blob.core.windows.net\nhttps://seanmcccanada-secondary.file.core.windows.net\nhttps://seanmcccanada-secondary.queue.core.windows.net\nhttps://seanmcccanada-secondary.table.core.windows.net\n\nSanitized\n\n\nCloud\nBlobEndpoint=https://seanmcccanada.blob.core.windows.net/;QueueEndpoint=https://seanmcccanada.queue.core.windows.net/;FileEndpoint=https://seanmcccanada.file.core.windows.net/;BlobSecondaryEndpoint=https://seanmcccanada-secondary.blob.core.windows.net/;QueueSecondaryEndpoint=https://seanmcccanada-secondary.queue.core.windows.net/;FileSecondaryEndpoint=https://seanmcccanada-secondary.file.core.windows.net/;AccountName=seanmcccanada;AccountKey=Sanitized\nencryptionScope\n\n"
  }
}
