{
  "Entries": [
    {
      "RequestUri": "https://amandadev2.blob.core.windows.net/test-container-e9e78937-0a68-c7ed-65cb-3057c3f78a0c?restype=container",
      "RequestMethod": "PUT",
      "RequestHeaders": {
        "Accept": "application/xml",
        "Authorization": "Sanitized",
        "Content-Length": "0",
        "traceparent": "00-0638849d3f022ee63df555f7a64439f8-f62567ee37e8f965-00",
        "User-Agent": "azsdk-net-Storage.Blobs/12.22.0-alpha.20240807.1 (.NET 6.0.32; Microsoft Windows 10.0.22635)",
        "x-ms-client-request-id": "Sanitized",
        "x-ms-date": "Wed, 07 Aug 2024 21:37:13 GMT",
        "x-ms-return-client-request-id": "true",
        "x-ms-version": "2024-11-04"
      },
      "RequestBody": null,
      "StatusCode": 201,
      "ResponseHeaders": {
        "Content-Length": "0",
        "Date": "Wed, 07 Aug 2024 21:37:13 GMT",
        "ETag": "\"0x8DCB7291A3BBD1A\"",
        "Last-Modified": "Wed, 07 Aug 2024 21:37:14 GMT",
        "Server": [
          "Windows-Azure-Blob/1.0",
          "Microsoft-HTTPAPI/2.0"
        ],
        "x-ms-client-request-id": "Sanitized",
        "x-ms-request-id": "cac41d78-f01e-0076-5f11-e9ffa9000000",
        "x-ms-version": "2024-11-04"
      },
      "ResponseBody": null
    },
    {
      "RequestUri": "https://amandadev2.file.core.windows.net/test-share-f6b724af-fbde-3285-a326-87c4e100081c?restype=share",
      "RequestMethod": "PUT",
      "RequestHeaders": {
        "Accept": "application/xml",
        "Authorization": "Sanitized",
        "Content-Length": "0",
        "traceparent": "00-4a4b37e9caa45cae79074ea32ca1912e-8eab5024a71ad885-00",
        "User-Agent": "azsdk-net-Storage.Files.Shares/12.20.0-alpha.20240807.1 (.NET 6.0.32; Microsoft Windows 10.0.22635)",
        "x-ms-client-request-id": "Sanitized",
        "x-ms-date": "Wed, 07 Aug 2024 21:37:13 GMT",
        "x-ms-return-client-request-id": "true",
        "x-ms-version": "2024-11-04"
      },
      "RequestBody": null,
      "StatusCode": 201,
      "ResponseHeaders": {
        "Content-Length": "0",
        "Date": "Wed, 07 Aug 2024 21:37:13 GMT",
        "ETag": "\"0x8DCB7291A46723B\"",
        "Last-Modified": "Wed, 07 Aug 2024 21:37:14 GMT",
        "Server": [
          "Windows-Azure-File/1.0",
          "Microsoft-HTTPAPI/2.0"
        ],
        "x-ms-client-request-id": "Sanitized",
        "x-ms-request-id": "98c10f3d-001a-003f-4111-e9bd42000000",
        "x-ms-version": "2024-11-04"
      },
      "ResponseBody": null
    },
    {
      "RequestUri": "https://amandadev2.blob.core.windows.net/test-container-e9e78937-0a68-c7ed-65cb-3057c3f78a0c/test-file-32ab7b54-491a-61ab-6dcc-49c69c79c519",
      "RequestMethod": "PUT",
      "RequestHeaders": {
        "Accept": "application/xml",
        "Authorization": "Sanitized",
        "Content-Length": "0",
        "If-None-Match": "*",
        "traceparent": "00-23585c82e0652d85066fab835d0bbaf2-b610088df955b305-00",
        "User-Agent": "azsdk-net-Storage.Blobs/12.22.0-alpha.20240807.1 (.NET 6.0.32; Microsoft Windows 10.0.22635)",
        "x-ms-blob-cache-control": "no-cache",
        "x-ms-blob-content-disposition": "inline",
        "x-ms-blob-content-language": "en-US",
        "x-ms-blob-content-type": "text/plain",
        "x-ms-blob-type": "AppendBlob",
        "x-ms-client-request-id": "Sanitized",
        "x-ms-date": "Wed, 07 Aug 2024 21:37:13 GMT",
        "x-ms-meta-Capital": "letter",
        "x-ms-meta-foo": "bar",
        "x-ms-meta-meta": "data",
        "x-ms-meta-UPPER": "case",
        "x-ms-return-client-request-id": "true",
        "x-ms-version": "2024-11-04"
      },
      "RequestBody": null,
      "StatusCode": 201,
      "ResponseHeaders": {
        "Content-Length": "0",
        "Date": "Wed, 07 Aug 2024 21:37:13 GMT",
        "ETag": "\"0x8DCB7291A52077F\"",
        "Last-Modified": "Wed, 07 Aug 2024 21:37:14 GMT",
        "Server": [
          "Windows-Azure-Blob/1.0",
          "Microsoft-HTTPAPI/2.0"
        ],
        "x-ms-client-request-id": "Sanitized",
        "x-ms-request-id": "cac41db1-f01e-0076-1411-e9ffa9000000",
        "x-ms-request-server-encrypted": "true",
        "x-ms-version": "2024-11-04",
        "x-ms-version-id": "2024-08-07T21:37:14.2893439Z"
      },
      "ResponseBody": null
    },
    {
      "RequestUri": "https://amandadev2.blob.core.windows.net/test-container-e9e78937-0a68-c7ed-65cb-3057c3f78a0c/test-file-32ab7b54-491a-61ab-6dcc-49c69c79c519?sv=Sanitized&se=2024-08-08T21%3A37%3A13Z&sr=b&sp=racwdxyltmei&sig=Sanitized",
      "RequestMethod": "HEAD",
      "RequestHeaders": {
        "Accept": "application/xml",
        "traceparent": "00-a3161402de60cc908bee30e15ecf7c19-aa5aef381fbab72f-00",
        "User-Agent": "azsdk-net-Storage.Blobs/12.22.0-alpha.20240807.1 (.NET 6.0.32; Microsoft Windows 10.0.22635)",
        "x-ms-client-request-id": "Sanitized",
        "x-ms-return-client-request-id": "true",
        "x-ms-version": "2024-11-04"
      },
      "RequestBody": null,
      "StatusCode": 200,
      "ResponseHeaders": {
        "Accept-Ranges": "bytes",
        "Cache-Control": "no-cache",
        "Content-Disposition": "inline",
        "Content-Language": "en-US",
        "Content-Length": "0",
        "Content-Type": "text/plain",
        "Date": "Wed, 07 Aug 2024 21:37:13 GMT",
        "ETag": "\"0x8DCB7291A52077F\"",
        "Last-Modified": "Wed, 07 Aug 2024 21:37:14 GMT",
        "Server": [
          "Windows-Azure-Blob/1.0",
          "Microsoft-HTTPAPI/2.0"
        ],
        "x-ms-blob-committed-block-count": "0",
        "x-ms-blob-type": "AppendBlob",
        "x-ms-client-request-id": "Sanitized",
        "x-ms-creation-time": "Wed, 07 Aug 2024 21:37:14 GMT",
        "x-ms-is-current-version": "true",
        "x-ms-lease-state": "available",
        "x-ms-lease-status": "unlocked",
        "x-ms-meta-Capital": "letter",
        "x-ms-meta-foo": "bar",
        "x-ms-meta-meta": "data",
        "x-ms-meta-UPPER": "case",
        "x-ms-request-id": "cac41e1b-f01e-0076-3711-e9ffa9000000",
        "x-ms-server-encrypted": "true",
        "x-ms-version": "2024-11-04",
        "x-ms-version-id": "2024-08-07T21:37:14.2893439Z"
      },
      "ResponseBody": null
    },
    {
      "RequestUri": "https://amandadev2.file.core.windows.net/test-share-f6b724af-fbde-3285-a326-87c4e100081c/test-file-befa25e0-6dc2-8d8b-3d6d-e4f2b48766d1?sv=Sanitized&se=2024-08-08T21%3A37%3A13Z&sr=f&sp=rcwd&sig=Sanitized",
      "RequestMethod": "HEAD",
      "RequestHeaders": {
        "Accept": "application/xml",
        "traceparent": "00-c161af51e7389e1d932cd04b2ec87846-866de2e4c451aa4b-00",
        "User-Agent": "azsdk-net-Storage.Files.Shares/12.20.0-alpha.20240807.1 (.NET 6.0.32; Microsoft Windows 10.0.22635)",
        "x-ms-client-request-id": "Sanitized",
        "x-ms-return-client-request-id": "true",
        "x-ms-version": "2024-11-04"
      },
      "RequestBody": null,
      "StatusCode": 404,
      "ResponseHeaders": {
        "Date": "Wed, 07 Aug 2024 21:37:14 GMT",
        "Server": [
          "Windows-Azure-File/1.0",
          "Microsoft-HTTPAPI/2.0"
        ],
        "Transfer-Encoding": "chunked",
        "Vary": "Origin",
        "x-ms-client-request-id": "Sanitized",
        "x-ms-error-code": "ResourceNotFound",
        "x-ms-request-id": "98c10f3f-001a-003f-4211-e9bd42000000",
        "x-ms-version": "2024-11-04"
      },
      "ResponseBody": null
    },
    {
      "RequestUri": "https://amandadev2.file.core.windows.net/test-share-f6b724af-fbde-3285-a326-87c4e100081c/test-file-befa25e0-6dc2-8d8b-3d6d-e4f2b48766d1?sv=Sanitized&se=2024-08-08T21%3A37%3A13Z&sr=f&sp=rcwd&sig=Sanitized",
      "RequestMethod": "PUT",
      "RequestHeaders": {
        "Accept": "application/xml",
        "Content-Length": "0",
        "traceparent": "00-42ed1edd086b828f0e63da36f1532381-6e75c1f856c60e5a-00",
        "User-Agent": "azsdk-net-Storage.Files.Shares/12.20.0-alpha.20240807.1 (.NET 6.0.32; Microsoft Windows 10.0.22635)",
        "x-ms-cache-control": "no-cache",
        "x-ms-client-request-id": "Sanitized",
        "x-ms-content-disposition": "inline",
        "x-ms-content-language": "en-US",
        "x-ms-content-length": "0",
        "x-ms-content-type": "text/plain",
        "x-ms-file-attributes": "None",
        "x-ms-file-creation-time": "2024-08-07T21:37:14.0000000Z",
        "x-ms-file-last-write-time": "Now",
        "x-ms-file-permission": "Inherit",
        "x-ms-meta-Capital": "letter",
        "x-ms-meta-foo": "bar",
        "x-ms-meta-meta": "data",
        "x-ms-meta-UPPER": "case",
        "x-ms-return-client-request-id": "true",
        "x-ms-type": "file",
        "x-ms-version": "2024-11-04"
      },
      "RequestBody": null,
      "StatusCode": 201,
      "ResponseHeaders": {
        "Content-Length": "0",
        "Date": "Wed, 07 Aug 2024 21:37:14 GMT",
        "ETag": "\"0x8DCB7291A77B444\"",
        "Last-Modified": "Wed, 07 Aug 2024 21:37:14 GMT",
        "Server": [
          "Windows-Azure-File/1.0",
          "Microsoft-HTTPAPI/2.0"
        ],
        "x-ms-client-request-id": "Sanitized",
        "x-ms-file-attributes": "Archive",
        "x-ms-file-change-time": "2024-08-07T21:37:14.5362500Z",
        "x-ms-file-creation-time": "2024-08-07T21:37:14.0000000Z",
        "x-ms-file-id": "13835128424026341376",
        "x-ms-file-last-write-time": "2024-08-07T21:37:14.5362500Z",
        "x-ms-file-parent-id": "0",
        "x-ms-file-permission-key": "13365936616355342650*1287379445297103284",
        "x-ms-request-id": "98c10f40-001a-003f-4311-e9bd42000000",
        "x-ms-request-server-encrypted": "true",
        "x-ms-version": "2024-11-04"
      },
      "ResponseBody": null
    },
    {
      "RequestUri": "https://amandadev2.blob.core.windows.net/test-container-e9e78937-0a68-c7ed-65cb-3057c3f78a0c/test-file-32ab7b54-491a-61ab-6dcc-49c69c79c519?sv=Sanitized&se=2024-08-08T21%3A37%3A13Z&sr=b&sp=racwdxyltmei&sig=Sanitized",
      "RequestMethod": "HEAD",
      "RequestHeaders": {
        "Accept": "application/xml",
        "traceparent": "00-616339f780327f117e8d24b00dc90094-7fcb2cf53d6bfe84-00",
        "User-Agent": "azsdk-net-Storage.Blobs/12.22.0-alpha.20240807.1 (.NET 6.0.32; Microsoft Windows 10.0.22635)",
        "x-ms-client-request-id": "Sanitized",
        "x-ms-return-client-request-id": "true",
        "x-ms-version": "2024-11-04"
      },
      "RequestBody": null,
      "StatusCode": 200,
      "ResponseHeaders": {
        "Accept-Ranges": "bytes",
        "Cache-Control": "no-cache",
        "Content-Disposition": "inline",
        "Content-Language": "en-US",
        "Content-Length": "0",
        "Content-Type": "text/plain",
        "Date": "Wed, 07 Aug 2024 21:37:13 GMT",
        "ETag": "\"0x8DCB7291A52077F\"",
        "Last-Modified": "Wed, 07 Aug 2024 21:37:14 GMT",
        "Server": [
          "Windows-Azure-Blob/1.0",
          "Microsoft-HTTPAPI/2.0"
        ],
        "x-ms-blob-committed-block-count": "0",
        "x-ms-blob-type": "AppendBlob",
        "x-ms-client-request-id": "Sanitized",
        "x-ms-creation-time": "Wed, 07 Aug 2024 21:37:14 GMT",
        "x-ms-is-current-version": "true",
        "x-ms-lease-state": "available",
        "x-ms-lease-status": "unlocked",
        "x-ms-meta-Capital": "letter",
        "x-ms-meta-foo": "bar",
        "x-ms-meta-meta": "data",
        "x-ms-meta-UPPER": "case",
        "x-ms-request-id": "cac41ee3-f01e-0076-4011-e9ffa9000000",
        "x-ms-server-encrypted": "true",
        "x-ms-version": "2024-11-04",
        "x-ms-version-id": "2024-08-07T21:37:14.2893439Z"
      },
      "ResponseBody": null
    },
    {
      "RequestUri": "https://amandadev2.file.core.windows.net/test-share-f6b724af-fbde-3285-a326-87c4e100081c/test-file-befa25e0-6dc2-8d8b-3d6d-e4f2b48766d1?sv=Sanitized&se=2024-08-08T21%3A37%3A13Z&sr=f&sp=rcwd&sig=Sanitized",
      "RequestMethod": "HEAD",
      "RequestHeaders": {
        "Accept": "application/xml",
        "traceparent": "00-63a7ef6f92df7accb645183bba52b7fa-11cce7e79feb32d5-00",
        "User-Agent": "azsdk-net-Storage.Files.Shares/12.20.0-alpha.20240807.1 (.NET 6.0.32; Microsoft Windows 10.0.22635)",
        "x-ms-client-request-id": "Sanitized",
        "x-ms-return-client-request-id": "true",
        "x-ms-version": "2024-11-04"
      },
      "RequestBody": null,
      "StatusCode": 200,
      "ResponseHeaders": {
        "Cache-Control": "no-cache",
        "Content-Disposition": "inline",
        "Content-Language": "en-US",
        "Content-Length": "0",
        "Content-Type": "text/plain",
        "Date": "Wed, 07 Aug 2024 21:37:14 GMT",
        "ETag": "\"0x8DCB7291A77B444\"",
        "Last-Modified": "Wed, 07 Aug 2024 21:37:14 GMT",
        "Server": [
          "Windows-Azure-File/1.0",
          "Microsoft-HTTPAPI/2.0"
        ],
        "Vary": "Origin",
        "x-ms-client-request-id": "Sanitized",
        "x-ms-file-attributes": "Archive",
        "x-ms-file-change-time": "2024-08-07T21:37:14.5362500Z",
        "x-ms-file-creation-time": "2024-08-07T21:37:14.0000000Z",
        "x-ms-file-id": "13835128424026341376",
        "x-ms-file-last-write-time": "2024-08-07T21:37:14.5362500Z",
        "x-ms-file-parent-id": "0",
        "x-ms-file-permission-key": "13365936616355342650*1287379445297103284",
        "x-ms-lease-state": "available",
        "x-ms-lease-status": "unlocked",
        "x-ms-meta-Capital": "letter",
        "x-ms-meta-foo": "bar",
        "x-ms-meta-meta": "data",
        "x-ms-meta-UPPER": "case",
        "x-ms-request-id": "98c10f41-001a-003f-4411-e9bd42000000",
        "x-ms-server-encrypted": "true",
        "x-ms-type": "File",
        "x-ms-version": "2024-11-04"
      },
      "ResponseBody": null
    },
    {
      "RequestUri": "https://amandadev2.file.core.windows.net/test-share-f6b724af-fbde-3285-a326-87c4e100081c?restype=share",
      "RequestMethod": "DELETE",
      "RequestHeaders": {
        "Accept": "application/xml",
        "Authorization": "Sanitized",
        "traceparent": "00-978a6411ac49172701f27a2e8c2e7fec-d261c77ae52231b6-00",
        "User-Agent": "azsdk-net-Storage.Files.Shares/12.20.0-alpha.20240807.1 (.NET 6.0.32; Microsoft Windows 10.0.22635)",
        "x-ms-client-request-id": "Sanitized",
        "x-ms-date": "Wed, 07 Aug 2024 21:37:13 GMT",
        "x-ms-delete-snapshots": "include",
        "x-ms-return-client-request-id": "true",
        "x-ms-version": "2024-11-04"
      },
      "RequestBody": null,
      "StatusCode": 202,
      "ResponseHeaders": {
        "Content-Length": "0",
        "Date": "Wed, 07 Aug 2024 21:37:14 GMT",
        "Server": [
          "Windows-Azure-File/1.0",
          "Microsoft-HTTPAPI/2.0"
        ],
        "x-ms-client-request-id": "Sanitized",
        "x-ms-request-id": "98c10f42-001a-003f-4511-e9bd42000000",
        "x-ms-version": "2024-11-04"
      },
      "ResponseBody": null
    },
    {
      "RequestUri": "https://amandadev2.blob.core.windows.net/test-container-e9e78937-0a68-c7ed-65cb-3057c3f78a0c?restype=container",
      "RequestMethod": "DELETE",
      "RequestHeaders": {
        "Accept": "application/xml",
        "Authorization": "Sanitized",
        "traceparent": "00-e87227132201db547a1b701a394f62ac-fd8240cc0ff5e082-00",
        "User-Agent": "azsdk-net-Storage.Blobs/12.22.0-alpha.20240807.1 (.NET 6.0.32; Microsoft Windows 10.0.22635)",
        "x-ms-client-request-id": "Sanitized",
        "x-ms-date": "Wed, 07 Aug 2024 21:37:14 GMT",
        "x-ms-return-client-request-id": "true",
        "x-ms-version": "2024-11-04"
      },
      "RequestBody": null,
      "StatusCode": 202,
      "ResponseHeaders": {
        "Content-Length": "0",
        "Date": "Wed, 07 Aug 2024 21:37:14 GMT",
        "Server": [
          "Windows-Azure-Blob/1.0",
          "Microsoft-HTTPAPI/2.0"
        ],
        "x-ms-client-request-id": "Sanitized",
        "x-ms-request-id": "cac41f58-f01e-0076-2411-e9ffa9000000",
        "x-ms-version": "2024-11-04"
      },
      "ResponseBody": null
    }
  ],
  "Variables": {
    "DateTimeOffsetNow": "2024-08-07T14:37:13.4723398-07:00",
    "RandomSeed": "984764321",
    "Storage_TestConfigDefault": "ProductionTenant\namandadev2\nU2FuaXRpemVk\nhttps://amandadev2.blob.core.windows.net\nhttps://amandadev2.file.core.windows.net\nhttps://amandadev2.queue.core.windows.net\nhttps://amandadev2.table.core.windows.net\n\n\n\n\nhttps://amandadev2-secondary.blob.core.windows.net\nhttps://amandadev2-secondary.file.core.windows.net\nhttps://amandadev2-secondary.queue.core.windows.net\nhttps://amandadev2-secondary.table.core.windows.net\nCloud\nBlobEndpoint=https://amandadev2.blob.core.windows.net/;QueueEndpoint=https://amandadev2.queue.core.windows.net/;FileEndpoint=https://amandadev2.file.core.windows.net/;BlobSecondaryEndpoint=https://amandadev2-secondary.blob.core.windows.net/;QueueSecondaryEndpoint=https://amandadev2-secondary.queue.core.windows.net/;FileSecondaryEndpoint=https://amandadev2-secondary.file.core.windows.net/;AccountName=amandadev2;AccountKey=Sanitized\nencryptionScope\n\n"
  }
}
