{
  "Entries": [
    {
      "RequestUri": "https://seanmcccanada.blob.core.windows.net/test-container-6003c0b5-3719-73ab-52ac-93e8b5b12007?restype=container",
      "RequestMethod": "PUT",
      "RequestHeaders": {
        "Accept": "application/xml",
        "Authorization": "Sanitized",
        "Content-Length": "0",
        "traceparent": "00-f1a0199e9949fcbf3c55ac23bace5b37-611d2f79bf1bfbf4-00",
        "User-Agent": "azsdk-net-Storage.Blobs/12.20.0-alpha.20240501.1 (.NET 7.0.18; Microsoft Windows 10.0.22635)",
        "x-ms-blob-public-access": "container",
        "x-ms-client-request-id": "e6fe1041-dda1-6b0c-4358-7964de04ae3c",
        "x-ms-date": "Wed, 01 May 2024 21:03:44 GMT",
        "x-ms-return-client-request-id": "true",
        "x-ms-version": "2024-08-04"
      },
      "RequestBody": null,
      "StatusCode": 201,
      "ResponseHeaders": {
        "Content-Length": "0",
        "Date": "Wed, 01 May 2024 21:03:43 GMT",
        "ETag": "\"0x8DC6A2230285E0F\"",
        "Last-Modified": "Wed, 01 May 2024 21:03:44 GMT",
        "Server": [
          "Windows-Azure-Blob/1.0",
          "Microsoft-HTTPAPI/2.0"
        ],
        "x-ms-client-request-id": "e6fe1041-dda1-6b0c-4358-7964de04ae3c",
        "x-ms-request-id": "4082afaa-201e-0080-090b-9c6e84000000",
        "x-ms-version": "2024-08-04"
      },
      "ResponseBody": null
    },
    {
      "RequestUri": "https://seanmcccanada.file.core.windows.net/test-share-9d33ca55-a7ce-9d9f-7918-f20a7b0634a0?restype=share",
      "RequestMethod": "PUT",
      "RequestHeaders": {
        "Accept": "application/xml",
        "Authorization": "Sanitized",
        "Content-Length": "0",
        "traceparent": "00-198cbb871238682da94ce0114df5a17e-89e6bc488e795a63-00",
        "User-Agent": "azsdk-net-Storage.Files.Shares/12.18.0-alpha.20240501.1 (.NET 7.0.18; Microsoft Windows 10.0.22635)",
        "x-ms-client-request-id": "744f7f60-677d-994b-7161-6d89ea02f03d",
        "x-ms-date": "Wed, 01 May 2024 21:03:44 GMT",
        "x-ms-return-client-request-id": "true",
        "x-ms-version": "2024-08-04"
      },
      "RequestBody": null,
      "StatusCode": 201,
      "ResponseHeaders": {
        "Content-Length": "0",
        "Date": "Wed, 01 May 2024 21:03:44 GMT",
        "ETag": "\"0x8DC6A2230368A97\"",
        "Last-Modified": "Wed, 01 May 2024 21:03:45 GMT",
        "Server": [
          "Windows-Azure-File/1.0",
          "Microsoft-HTTPAPI/2.0"
        ],
        "x-ms-client-request-id": "744f7f60-677d-994b-7161-6d89ea02f03d",
        "x-ms-request-id": "61d85ff0-101a-0050-3e0b-9c53d2000000",
        "x-ms-version": "2024-08-04"
      },
      "ResponseBody": null
    },
    {
      "RequestUri": "https://seanmcccanada.file.core.windows.net/test-share-9d33ca55-a7ce-9d9f-7918-f20a7b0634a0/test-file-fca9890a-c0b6-4123-2e0c-3451ccdcef95",
      "RequestMethod": "PUT",
      "RequestHeaders": {
        "Accept": "application/xml",
        "Authorization": "Sanitized",
        "Content-Length": "0",
        "traceparent": "00-844b93e872b3891d8d181a58e8c587eb-c001b8a528cbc6d1-00",
        "User-Agent": "azsdk-net-Storage.Files.Shares/12.18.0-alpha.20240501.1 (.NET 7.0.18; Microsoft Windows 10.0.22635)",
        "x-ms-client-request-id": "607ed864-f458-6286-b57a-3551d5384f87",
        "x-ms-content-length": "1024",
        "x-ms-date": "Wed, 01 May 2024 21:03:44 GMT",
        "x-ms-file-attributes": "None",
        "x-ms-file-creation-time": "Now",
        "x-ms-file-last-write-time": "Now",
        "x-ms-file-permission": "Inherit",
        "x-ms-return-client-request-id": "true",
        "x-ms-type": "file",
        "x-ms-version": "2024-08-04"
      },
      "RequestBody": null,
      "StatusCode": 201,
      "ResponseHeaders": {
        "Content-Length": "0",
        "Date": "Wed, 01 May 2024 21:03:44 GMT",
        "ETag": "\"0x8DC6A2230464AA0\"",
        "Last-Modified": "Wed, 01 May 2024 21:03:45 GMT",
        "Server": [
          "Windows-Azure-File/1.0",
          "Microsoft-HTTPAPI/2.0"
        ],
        "x-ms-client-request-id": "607ed864-f458-6286-b57a-3551d5384f87",
        "x-ms-file-attributes": "Archive",
        "x-ms-file-change-time": "2024-05-01T21:03:45.1113120Z",
        "x-ms-file-creation-time": "2024-05-01T21:03:45.1113120Z",
        "x-ms-file-id": "13835128424026341376",
        "x-ms-file-last-write-time": "2024-05-01T21:03:45.1113120Z",
        "x-ms-file-parent-id": "0",
        "x-ms-file-permission-key": "5144323600546320195*17277118026500876237",
        "x-ms-request-id": "61d85ff3-101a-0050-3f0b-9c53d2000000",
        "x-ms-request-server-encrypted": "true",
        "x-ms-version": "2024-08-04"
      },
      "ResponseBody": null
    },
    {
      "RequestUri": "https://seanmcccanada.blob.core.windows.net/test-container-6003c0b5-3719-73ab-52ac-93e8b5b12007/test-file-64bbd823-095e-1b89-6459-05f158c3fd95",
      "RequestMethod": "PUT",
      "RequestHeaders": {
        "Accept": "application/xml",
        "Authorization": "Sanitized",
        "Content-Length": "0",
        "If-None-Match": "*",
        "traceparent": "00-54f94a1ecfdf8b3e5cf563a8f9b07e47-5b35975c484d44fe-00",
        "User-Agent": "azsdk-net-Storage.Blobs/12.20.0-alpha.20240501.1 (.NET 7.0.18; Microsoft Windows 10.0.22635)",
        "x-ms-blob-type": "AppendBlob",
        "x-ms-client-request-id": "98c2baad-02e9-f8ae-b5c9-a82eb550fa88",
        "x-ms-date": "Wed, 01 May 2024 21:03:44 GMT",
        "x-ms-return-client-request-id": "true",
        "x-ms-version": "2024-08-04"
      },
      "RequestBody": null,
      "StatusCode": 201,
      "ResponseHeaders": {
        "Content-Length": "0",
        "Date": "Wed, 01 May 2024 21:03:44 GMT",
        "ETag": "\"0x8DC6A2230552496\"",
        "Last-Modified": "Wed, 01 May 2024 21:03:45 GMT",
        "Server": [
          "Windows-Azure-Blob/1.0",
          "Microsoft-HTTPAPI/2.0"
        ],
        "x-ms-client-request-id": "98c2baad-02e9-f8ae-b5c9-a82eb550fa88",
        "x-ms-request-id": "4082b0b1-201e-0080-790b-9c6e84000000",
        "x-ms-request-server-encrypted": "true",
        "x-ms-version": "2024-08-04",
        "x-ms-version-id": "2024-05-01T21:03:45.2086422Z"
      },
      "ResponseBody": null
    },
    {
      "RequestUri": "https://seanmcccanada.blob.core.windows.net/test-container-6003c0b5-3719-73ab-52ac-93e8b5b12007/test-file-64bbd823-095e-1b89-6459-05f158c3fd95?comp=appendblock",
      "RequestMethod": "PUT",
      "RequestHeaders": {
        "Accept": "application/xml",
        "Authorization": "Sanitized",
        "Content-Length": "1024",
        "Content-Type": "application/octet-stream",
        "traceparent": "00-e499e065ac771eb7ca7f8b50f4f5243a-c351c2ffe0378804-00",
        "User-Agent": "azsdk-net-Storage.Blobs/12.20.0-alpha.20240501.1 (.NET 7.0.18; Microsoft Windows 10.0.22635)",
        "x-ms-client-request-id": "b4a9786e-da4b-f42f-2094-4f1c034ec3b8",
        "x-ms-date": "Wed, 01 May 2024 21:03:45 GMT",
        "x-ms-return-client-request-id": "true",
        "x-ms-version": "2024-08-04"
      },
      "RequestBody": "zysrd63fdzlKenQTKexFAYi84wIB6TJI+gD1AZnunV25Y/jKSCbuAsGBigyIdYgThXkVWaBc0Ob44n2s6XWfXN0XWcX0e7hizuFBgF4mwIR44nwg2US9XJIR0WaoQRhL4S4vcRvCHgnAs4u+G1CH0iL4NAf5f4KYWvwz4qlSuYzJ9Z8w9k9ptcNyXyW5/kFCif9DsA0RUmKrlhcejzxgbfr+9SWxV9zSj35Dhh9d31u78FiqDgl/t6M8hV84SiaHEvEruggbkTIicCCPzstDTbe7Yp7jtV/xfz6CdNF8mkRXvHQtMiRToF8miJ7o7+nX+TeofeeHo12SOjvKmB1hpdbbNxJXFRuSaMI/vS3ACI9Uq3qZ1B1d0BgXmvfpiAhCxOLHDbjXgOQcFhUlSOUw0TGsdeyix9G5fmf5P3sjqN+6/PlK+frWfSqVfb4IOIcy5sjGPBMbn/wRDo9R3UBo+G02akvs5dg21vfCDUoSsUbfx1iyXWzLn138OeprhaDqLYVR0c07RQHvj2YcWZKy/l1JchbntZoBasvu8Kvuy1FX19/Ewd94o4FXw84Fr0XKSTuMIhKKAnfqT2cBTFRVAcQVxIGy7Tx+0M6UkPLM+7uGJKdwYag+zNRo2nF3d1YsAcIK8OrEGFv+DlJE9XKEHlSseiit5Z8b1/isSRPKBlh3Z44wwQrQwQxLcVJW+ddi5Lscy/wtfhsi7hnyF85IMwj5zI3kVF1K27gcYnNNxN0gSmVYrjpbSelyDtLw3ao9Aj1KXC1JfpBe0u9DERyo1So80cxo8IXNnoKkcUWKWf0O3l82Amiw18zV+ttKFzjMyjmotAzd1RK4fb6qpAxK03nyNTK8cdLCi/oAk/WqgoZK16YM4aTxMAlMfoWpBTK/iyZiWOIFEFhm5ikR3UEcDfo3YM1mPfHUAAUpb/NNGIXHQAjPRyqkRMdNpvt731LHL3CKcaVlWU00jVfd3KFkGM6jSp05TcXQkxsGGJf2WSGyYT+Dw6bfYua6m7nSx2cm6I0t15W1jeKqud6JX0G1PTQ2Knth4VUnw+i2f7IL/sy04C8KyYGL/dNd2QnIVgKlBV2Fm5zsxAc3BROt/g4wnrsS1X8Rq3SyqyynBAhMX23lEXlVhmMvxxso0sNu3v/FLDpNtoCDlFro0/BvRMD+66amx+2U2hhY4g1j6diwRMwt4tfN/qjsYX0fbLNyv4NbKecdxxYSMFIi9dNyH6qBN44jQmLoMez9uWZvdG1l5SOKCMDwk3y1G7GFqwnVeULSnjUkT30gcvf7Hw6worvkvQ+v6BbqkaQSbSawY4XiKD8jndY4QJamapbI9HRuBXn1oO35JZEr6A2QEuFWbw5yGA==",
      "StatusCode": 201,
      "ResponseHeaders": {
        "Content-Length": "0",
        "Date": "Wed, 01 May 2024 21:03:44 GMT",
        "ETag": "\"0x8DC6A223063C877\"",
        "Last-Modified": "Wed, 01 May 2024 21:03:45 GMT",
        "Server": [
          "Windows-Azure-Blob/1.0",
          "Microsoft-HTTPAPI/2.0"
        ],
        "x-ms-blob-append-offset": "0",
        "x-ms-blob-committed-block-count": "1",
        "x-ms-client-request-id": "b4a9786e-da4b-f42f-2094-4f1c034ec3b8",
        "x-ms-content-crc64": "tQveWv4Hg7Q=",
        "x-ms-request-id": "4082b0f2-201e-0080-370b-9c6e84000000",
        "x-ms-request-server-encrypted": "true",
        "x-ms-version": "2024-08-04"
      },
      "ResponseBody": null
    },
    {
      "RequestUri": "https://seanmcccanada.blob.core.windows.net/test-container-6003c0b5-3719-73ab-52ac-93e8b5b12007/test-file-64bbd823-095e-1b89-6459-05f158c3fd95?sv=2024-08-04&se=2024-05-02T21%3A03%3A44Z&sr=b&sp=racwdxyltmei&sig=Sanitized",
      "RequestMethod": "HEAD",
      "RequestHeaders": {
        "Accept": "application/xml",
        "traceparent": "00-bb24ecc0215dd967614a9327c1f0985d-0c34a7e11ec5c519-00",
        "User-Agent": "azsdk-net-Storage.Blobs/12.20.0-alpha.20240501.1 (.NET 7.0.18; Microsoft Windows 10.0.22635)",
        "x-ms-client-request-id": "3cc04758-45a7-7c3c-ac88-7fe424f4f223",
        "x-ms-return-client-request-id": "true",
        "x-ms-version": "2024-08-04"
      },
      "RequestBody": null,
      "StatusCode": 200,
      "ResponseHeaders": {
        "Accept-Ranges": "bytes",
        "Content-Length": "1024",
        "Content-Type": "application/octet-stream",
        "Date": "Wed, 01 May 2024 21:03:44 GMT",
        "ETag": "\"0x8DC6A223063C877\"",
        "Last-Modified": "Wed, 01 May 2024 21:03:45 GMT",
        "Server": [
          "Windows-Azure-Blob/1.0",
          "Microsoft-HTTPAPI/2.0"
        ],
        "x-ms-blob-committed-block-count": "1",
        "x-ms-blob-type": "AppendBlob",
        "x-ms-client-request-id": "3cc04758-45a7-7c3c-ac88-7fe424f4f223",
        "x-ms-creation-time": "Wed, 01 May 2024 21:03:45 GMT",
        "x-ms-is-current-version": "true",
        "x-ms-lease-state": "available",
        "x-ms-lease-status": "unlocked",
        "x-ms-request-id": "4082b143-201e-0080-030b-9c6e84000000",
        "x-ms-server-encrypted": "true",
        "x-ms-version": "2024-08-04",
        "x-ms-version-id": "2024-05-01T21:03:45.2086422Z"
      },
      "ResponseBody": null
    },
    {
      "RequestUri": "https://seanmcccanada.file.core.windows.net/test-share-9d33ca55-a7ce-9d9f-7918-f20a7b0634a0/test-file-fca9890a-c0b6-4123-2e0c-3451ccdcef95?sv=2024-08-04&se=2024-05-02T21%3A03%3A44Z&sr=f&sp=rcwd&sig=Sanitized",
      "RequestMethod": "HEAD",
      "RequestHeaders": {
        "Accept": "application/xml",
        "traceparent": "00-af671319705f0753462afbc0b3d321ae-e0ff5750ec1e0e10-00",
        "User-Agent": "azsdk-net-Storage.Files.Shares/12.18.0-alpha.20240501.1 (.NET 7.0.18; Microsoft Windows 10.0.22635)",
        "x-ms-client-request-id": "bcc46047-878d-3d11-bb4f-132a840a13b6",
        "x-ms-return-client-request-id": "true",
        "x-ms-version": "2024-08-04"
      },
      "RequestBody": null,
      "StatusCode": 200,
      "ResponseHeaders": {
        "Content-Length": "1024",
        "Content-Type": "application/octet-stream",
        "Date": "Wed, 01 May 2024 21:03:44 GMT",
        "ETag": "\"0x8DC6A2230464AA0\"",
        "Last-Modified": "Wed, 01 May 2024 21:03:45 GMT",
        "Server": [
          "Windows-Azure-File/1.0",
          "Microsoft-HTTPAPI/2.0"
        ],
        "x-ms-client-request-id": "bcc46047-878d-3d11-bb4f-132a840a13b6",
        "x-ms-file-attributes": "Archive",
        "x-ms-file-change-time": "2024-05-01T21:03:45.1113120Z",
        "x-ms-file-creation-time": "2024-05-01T21:03:45.1113120Z",
        "x-ms-file-id": "13835128424026341376",
        "x-ms-file-last-write-time": "2024-05-01T21:03:45.1113120Z",
        "x-ms-file-parent-id": "0",
        "x-ms-file-permission-key": "5144323600546320195*17277118026500876237",
        "x-ms-lease-state": "available",
        "x-ms-lease-status": "unlocked",
        "x-ms-request-id": "61d85ff9-101a-0050-430b-9c53d2000000",
        "x-ms-server-encrypted": "true",
        "x-ms-type": "File",
        "x-ms-version": "2024-08-04"
      },
      "ResponseBody": null
    },
    {
      "RequestUri": "https://seanmcccanada.file.core.windows.net/test-share-9d33ca55-a7ce-9d9f-7918-f20a7b0634a0?restype=share",
      "RequestMethod": "DELETE",
      "RequestHeaders": {
        "Accept": "application/xml",
        "Authorization": "Sanitized",
        "traceparent": "00-1f5e36475696520262ccb6cdf753df37-6dbe6e8d159882bc-00",
        "User-Agent": "azsdk-net-Storage.Files.Shares/12.18.0-alpha.20240501.1 (.NET 7.0.18; Microsoft Windows 10.0.22635)",
        "x-ms-client-request-id": "c49cf979-352f-3595-5251-f8aa9d83e57e",
        "x-ms-date": "Wed, 01 May 2024 21:03:45 GMT",
        "x-ms-delete-snapshots": "include",
        "x-ms-return-client-request-id": "true",
        "x-ms-version": "2024-08-04"
      },
      "RequestBody": null,
      "StatusCode": 202,
      "ResponseHeaders": {
        "Content-Length": "0",
        "Date": "Wed, 01 May 2024 21:03:44 GMT",
        "Server": [
          "Windows-Azure-File/1.0",
          "Microsoft-HTTPAPI/2.0"
        ],
        "x-ms-client-request-id": "c49cf979-352f-3595-5251-f8aa9d83e57e",
        "x-ms-request-id": "61d85ffa-101a-0050-440b-9c53d2000000",
        "x-ms-version": "2024-08-04"
      },
      "ResponseBody": null
    },
    {
      "RequestUri": "https://seanmcccanada.blob.core.windows.net/test-container-6003c0b5-3719-73ab-52ac-93e8b5b12007?restype=container",
      "RequestMethod": "DELETE",
      "RequestHeaders": {
        "Accept": "application/xml",
        "Authorization": "Sanitized",
        "traceparent": "00-61bba36286013a4e01a45df754d7d922-3a907de57b7314f7-00",
        "User-Agent": "azsdk-net-Storage.Blobs/12.20.0-alpha.20240501.1 (.NET 7.0.18; Microsoft Windows 10.0.22635)",
        "x-ms-client-request-id": "8bb12e87-4f6d-a586-6e76-2fba9f4b0914",
        "x-ms-date": "Wed, 01 May 2024 21:03:45 GMT",
        "x-ms-return-client-request-id": "true",
        "x-ms-version": "2024-08-04"
      },
      "RequestBody": null,
      "StatusCode": 202,
      "ResponseHeaders": {
        "Content-Length": "0",
        "Date": "Wed, 01 May 2024 21:03:44 GMT",
        "Server": [
          "Windows-Azure-Blob/1.0",
          "Microsoft-HTTPAPI/2.0"
        ],
        "x-ms-client-request-id": "8bb12e87-4f6d-a586-6e76-2fba9f4b0914",
        "x-ms-request-id": "4082b2e0-201e-0080-010b-9c6e84000000",
        "x-ms-version": "2024-08-04"
      },
      "ResponseBody": null
    }
  ],
  "Variables": {
    "DateTimeOffsetNow": "2024-05-01T14:03:44.9168418-07:00",
    "RandomSeed": "1363519634",
    "Storage_TestConfigDefault": "ProductionTenant\nseanmcccanada\nU2FuaXRpemVk\nhttps://seanmcccanada.blob.core.windows.net\nhttps://seanmcccanada.file.core.windows.net\nhttps://seanmcccanada.queue.core.windows.net\nhttps://seanmcccanada.table.core.windows.net\n\n\n\n\nhttps://seanmcccanada-secondary.blob.core.windows.net\nhttps://seanmcccanada-secondary.file.core.windows.net\nhttps://seanmcccanada-secondary.queue.core.windows.net\nhttps://seanmcccanada-secondary.table.core.windows.net\n\nSanitized\n\n\nCloud\nBlobEndpoint=https://seanmcccanada.blob.core.windows.net/;QueueEndpoint=https://seanmcccanada.queue.core.windows.net/;FileEndpoint=https://seanmcccanada.file.core.windows.net/;BlobSecondaryEndpoint=https://seanmcccanada-secondary.blob.core.windows.net/;QueueSecondaryEndpoint=https://seanmcccanada-secondary.queue.core.windows.net/;FileSecondaryEndpoint=https://seanmcccanada-secondary.file.core.windows.net/;AccountName=seanmcccanada;AccountKey=Sanitized\nencryptionScope\n\n"
  }
}
