{
  "Entries": [
    {
      "RequestUri": "https://seancanary.queue.core.windows.net/test-queue-153a8b67-6ebc-85c3-b0e7-eb5ddb62f265",
      "RequestMethod": "PUT",
      "RequestHeaders": {
        "Accept": "application/xml",
        "Authorization": "Sanitized",
        "Content-Length": "0",
        "traceparent": "00-a0e4a61ea067adaefa0466fbef96e682-db0b83dfbb606102-00",
        "User-Agent": "azsdk-net-Storage.Queues/12.19.0-alpha.20240606.1 (.NET 7.0.20; Microsoft Windows 10.0.22631)",
        "x-ms-client-request-id": "Sanitized",
        "x-ms-date": "Thu, 06 Jun 2024 21:41:38 GMT",
        "x-ms-return-client-request-id": "true",
        "x-ms-version": "2024-08-04"
      },
      "RequestBody": null,
      "StatusCode": 201,
      "ResponseHeaders": {
        "Content-Length": "0",
        "Date": "Thu, 06 Jun 2024 21:41:39 GMT",
        "Server": [
          "Windows-Azure-Queue/1.0",
          "Microsoft-HTTPAPI/2.0"
        ],
        "x-ms-client-request-id": "Sanitized",
        "x-ms-request-id": "9b3ba2c9-7003-00d7-085a-b8a714000000",
        "x-ms-version": "2024-08-04"
      },
      "ResponseBody": null
    },
    {
      "RequestUri": "https://seancanary.queue.core.windows.net/test-queue-153a8b67-6ebc-85c3-b0e7-eb5ddb62f265",
      "RequestMethod": "PUT",
      "RequestHeaders": {
        "Accept": "application/xml",
        "Authorization": "Sanitized",
        "Content-Length": "0",
        "traceparent": "00-28ab4720976f998081334083452647d6-edd28a8b7df4c815-00",
        "User-Agent": "azsdk-net-Storage.Queues/12.19.0-alpha.20240606.1 (.NET 7.0.20; Microsoft Windows 10.0.22631)",
        "x-ms-client-request-id": "Sanitized",
        "x-ms-date": "Thu, 06 Jun 2024 21:41:38 GMT",
        "x-ms-return-client-request-id": "true",
        "x-ms-version": "2024-08-04"
      },
      "RequestBody": null,
      "StatusCode": 204,
      "ResponseHeaders": {
        "Content-Length": "0",
        "Date": "Thu, 06 Jun 2024 21:41:39 GMT",
        "Server": [
          "Windows-Azure-Queue/1.0",
          "Microsoft-HTTPAPI/2.0"
        ],
        "x-ms-client-request-id": "Sanitized",
        "x-ms-request-id": "9b3ba2cc-7003-00d7-0a5a-b8a714000000",
        "x-ms-version": "2024-08-04"
      },
      "ResponseBody": null
    },
    {
      "RequestUri": "https://seancanary.queue.core.windows.net/test-queue-153a8b67-6ebc-85c3-b0e7-eb5ddb62f265?sv=Sanitized&ss=fqt&srt=sco&se=2024-06-07T21%3A41%3A38Z&sp=rwdylacuptfi&sig=Sanitized&comp=metadata",
      "RequestMethod": "GET",
      "RequestHeaders": {
        "Accept": "application/xml",
        "traceparent": "00-bf245e9e8a67c36846233690ece36538-39a56960e52ec5a0-00",
        "User-Agent": "azsdk-net-Storage.Queues/12.19.0-alpha.20240606.1 (.NET 7.0.20; Microsoft Windows 10.0.22631)",
        "x-ms-client-request-id": "Sanitized",
        "x-ms-return-client-request-id": "true",
        "x-ms-version": "2024-08-04"
      },
      "RequestBody": null,
      "StatusCode": 200,
      "ResponseHeaders": {
        "Cache-Control": "no-cache",
        "Content-Length": "0",
        "Date": "Thu, 06 Jun 2024 21:41:39 GMT",
        "Server": [
          "Windows-Azure-Queue/1.0",
          "Microsoft-HTTPAPI/2.0"
        ],
        "x-ms-approximate-messages-count": "0",
        "x-ms-client-request-id": "Sanitized",
        "x-ms-request-id": "9b3ba2cf-7003-00d7-0d5a-b8a714000000",
        "x-ms-version": "2024-08-04"
      },
      "ResponseBody": null
    },
    {
      "RequestUri": "https://seancanary.queue.core.windows.net/test-queue-153a8b67-6ebc-85c3-b0e7-eb5ddb62f265",
      "RequestMethod": "DELETE",
      "RequestHeaders": {
        "Accept": "application/xml",
        "Authorization": "Sanitized",
        "traceparent": "00-2e30af32c9982dc3a749e32a14675370-c3b855cc81a45894-00",
        "User-Agent": "azsdk-net-Storage.Queues/12.19.0-alpha.20240606.1 (.NET 7.0.20; Microsoft Windows 10.0.22631)",
        "x-ms-client-request-id": "Sanitized",
        "x-ms-date": "Thu, 06 Jun 2024 21:41:38 GMT",
        "x-ms-return-client-request-id": "true",
        "x-ms-version": "2024-08-04"
      },
      "RequestBody": null,
      "StatusCode": 204,
      "ResponseHeaders": {
        "Content-Length": "0",
        "Date": "Thu, 06 Jun 2024 21:41:39 GMT",
        "Server": [
          "Windows-Azure-Queue/1.0",
          "Microsoft-HTTPAPI/2.0"
        ],
        "x-ms-client-request-id": "Sanitized",
        "x-ms-request-id": "9b3ba2d2-7003-00d7-0f5a-b8a714000000",
        "x-ms-version": "2024-08-04"
      },
      "ResponseBody": null
    }
  ],
  "Variables": {
    "DateTimeOffsetNow": "2024-06-06T16:41:38.4013443-05:00",
    "RandomSeed": "590028432",
    "Storage_TestConfigDefault": "ProductionTenant\nseancanary\nU2FuaXRpemVk\nhttps://seancanary.blob.core.windows.net\nhttps://seancanary.file.core.windows.net\nhttps://seancanary.queue.core.windows.net\nhttps://seancanary.table.core.windows.net\n\n\n\n\nhttps://seancanary-secondary.blob.core.windows.net\nhttps://seancanary-secondary.file.core.windows.net\nhttps://seancanary-secondary.queue.core.windows.net\nhttps://seancanary-secondary.table.core.windows.net\nCloud\nBlobEndpoint=https://seancanary.blob.core.windows.net/;QueueEndpoint=https://seancanary.queue.core.windows.net/;FileEndpoint=https://seancanary.file.core.windows.net/;BlobSecondaryEndpoint=https://seancanary-secondary.blob.core.windows.net/;QueueSecondaryEndpoint=https://seancanary-secondary.queue.core.windows.net/;FileSecondaryEndpoint=https://seancanary-secondary.file.core.windows.net/;AccountName=seancanary;AccountKey=Sanitized\nseanscope1\n\n"
  }
}
