{
  "Entries": [
    {
      "RequestUri": "https://eastus2.api.azureml.ms/agents/v1.0/subscriptions/1bd798d8-5940-47f2-81b4-b8389610f09c/resourceGroups/ai-projects-sdk-testing-rg/providers/Microsoft.MachineLearningServices/workspaces/ai-projects-sdk-testing-project-1/files?api-version=2024-07-01-preview",
      "RequestMethod": "POST",
      "RequestHeaders": {
        "Accept": "application/json",
        "Authorization": "Sanitized",
        "Content-Length": "1709",
        "Content-Type": "multipart/form-data; boundary=\"WTimbaGdD8fJgBVMRlMOqhRYiHNFgOfoLQngVUF9Eij=C7Pzmg6hdezyAh7H5rYAoA0HQr\"",
        "User-Agent": "azsdk-net-AI.Projects/1.0.0-alpha.20250124.1 (.NET 8.0.12; Microsoft Windows 10.0.26100)",
        "x-ms-client-request-id": "Sanitized",
        "x-ms-return-client-request-id": "true"
      },
      "RequestBody": "LS1XVGltYmFHZEQ4ZkpnQlZNUmxNT3FoUllpSE5GZ09mb0xRbmdWVUY5RWlqPUM3UHptZzZoZGV6eUFoN0g1cllBb0EwSFFyDQpDb250ZW50LURpc3Bvc2l0aW9uOiBmb3JtLWRhdGE7IG5hbWU9ZmlsZTsgZmlsZW5hbWU9IkM6XFVzZXJzXG5pcm92aW5zXGVjbGlwc2Utd29ya3NwYWNlXGF6dXJlLXNkay1mb3ItbmV0XHNka1xhaVxBenVyZS5BSS5Qcm9qZWN0c1x0ZXN0c1xUZXN0RGF0YVxwcm9kdWN0X2luZm9fMS5tZCINCg0KIyBJbmZvcm1hdGlvbiBhYm91dCBwcm9kdWN0IGl0ZW1fbnVtYmVyOiAxDQoNCiMjIEJyYW5kDQpDb250b3NvIEdhbGF4eSBJbm5vdmF0aW9ucw0KDQojIyBDYXRlZ29yeQ0KU21hcnQgRXlld2Vhcg0KDQojIyBGZWF0dXJlcw0KLSBBdWdtZW50ZWQgUmVhbGl0eSBpbnRlcmZhY2UNCi0gVm9pY2UtY29udHJvbGxlZCBBSSBhc3Npc3RhbnQNCi0gSEQgdmlkZW8gcmVjb3JkaW5nIHdpdGggM0QgYXVkaW8NCi0gVVYgcHJvdGVjdGlvbiBhbmQgYmx1ZSBsaWdodCBmaWx0ZXJpbmcNCi0gV2lyZWxlc3MgY2hhcmdpbmcgd2l0aCBleHRlbmRlZCBiYXR0ZXJ5IGxpZmUNCg0KIyMgVXNlciBHdWlkZQ0KDQojIyMgMS4gSW50cm9kdWN0aW9uDQpJbnRyb2R1Y3Rpb24gdG8geW91ciBuZXcgU21hcnRWaWV3IEdsYXNzZXMNCg0KIyMjIDIuIFByb2R1Y3QgT3ZlcnZpZXcNCk92ZXJ2aWV3IG9mIGZlYXR1cmVzIGFuZCBjb250cm9scw0KDQojIyMgMy4gU2l6aW5nIGFuZCBGaXQNCkZpbmRpbmcgeW91ciBwZXJmZWN0IGZpdCBhbmQgc3R5bGUgYWRqdXN0bWVudHMNCg0KIyMjIDQuIFByb3BlciBDYXJlIGFuZCBNYWludGVuYW5jZQ0KQ2xlYW5pbmcgYW5kIGNhcmluZyBmb3IgeW91ciBTbWFydFZpZXcgR2xhc3Nlcw0KDQojIyMgNS4gQnJlYWstaW4gUGVyaW9kDQpBZGp1c3RpbmcgdG8gdGhlIGF1Z21lbnRlZCByZWFsaXR5IGV4cGVyaWVuY2UNCg0KIyMjIDYuIFNhZmV0eSBUaXBzDQpTYWZldHkgZ3VpZGVsaW5lcyBmb3IgcHVibGljIGFuZCBwcml2YXRlIHNwYWNlcw0KDQojIyMgNy4gVHJvdWJsZXNob290aW5nDQpRdWljayBmaXhlcyBmb3IgY29tbW9uIGlzc3Vlcw0KDQojIyBXYXJyYW50eSBJbmZvcm1hdGlvbg0KVHdvLXllYXIgbGltaXRlZCB3YXJyYW50eSBvbiBhbGwgZWxlY3Ryb25pYyBjb21wb25lbnRzDQoNCiMjIENvbnRhY3QgSW5mb3JtYXRpb24NCkN1c3RvbWVyIFN1cHBvcnQgYXQgc3VwcG9ydEBjb250b3NvLWdhbGF4eS1pbm5vdmF0aW9ucy5jb20NCg0KIyMgUmV0dXJuIFBvbGljeQ0KMzAtZGF5IHJldHVybiBwb2xpY3kgd2l0aCBubyBxdWVzdGlvbnMgYXNrZWQNCg0KIyMgRkFRDQotIEhvdyB0byBzeW5jIHlvdXIgU21hcnRWaWV3IEdsYXNzZXMgd2l0aCB5b3VyIGRldmljZXMNCi0gVHJvdWJsZXNob290aW5nIGNvbm5lY3Rpb24gaXNzdWVzDQotIEN1c3RvbWl6aW5nIHlvdXIgYXVnbWVudGVkIHJlYWxpdHkgZW52aXJvbm1lbnQNCg0KLS1XVGltYmFHZEQ4ZkpnQlZNUmxNT3FoUllpSE5GZ09mb0xRbmdWVUY5RWlqPUM3UHptZzZoZGV6eUFoN0g1cllBb0EwSFFyDQpDb250ZW50LVR5cGU6IHRleHQvcGxhaW47IGNoYXJzZXQ9dXRmLTgNCkNvbnRlbnQtRGlzcG9zaXRpb246IGZvcm0tZGF0YTsgbmFtZT1wdXJwb3NlDQoNCmFzc2lzdGFudHMNCi0tV1RpbWJhR2REOGZKZ0JWTVJsTU9xaFJZaUhORmdPZm9MUW5nVlVGOUVpaj1DN1B6bWc2aGRlenlBaDdINXJZQW9BMEhRci0tDQo=",
      "StatusCode": 200,
      "ResponseHeaders": {
        "Access-Control-Allow-Origin": "*",
        "apim-request-id": "b7af2e8b-60e5-444d-b326-55fa63455a2d",
        "Connection": "keep-alive",
        "Content-Length": "331",
        "Content-Type": "application/json",
        "Date": "Tue, 28 Jan 2025 23:10:40 GMT",
        "openai-processing-ms": "8659",
        "openai-version": "2020-10-01",
        "Request-Context": "appId=cid-v1:2d2e8e63-272e-4b3c-8598-4ee570a0e70d",
        "Strict-Transport-Security": "max-age=31536000; includeSubDomains; preload",
        "Vary": "Accept-Encoding",
        "x-aml-cluster": "vienna-eastus2-01",
        "X-Content-Type-Options": "nosniff",
        "x-ms-middleware-request-id": "92edf18b-729e-40c5-b3bc-2a4a8bbe319e",
        "x-ms-region": "East US 2",
        "x-ms-response-type": "standard",
        "X-Request-ID": "f9e3854db69ba1c83b714c3e43e444fb",
        "x-request-time": "8.967"
      },
      "ResponseBody": {
        "object": "file",
        "id": "assistant-rqQvDyAelZOGCNZFMUp2hzHT",
        "purpose": "assistants",
        "filename": "C:\\Users\\nirovins\\eclipse-workspace\\azure-sdk-for-net\\sdk\\ai\\Azure.AI.Projects\\tests\\TestData\\product_info_1.md",
        "bytes": 1213,
        "created_at": 1738105831,
        "status": "processed",
        "status_details": null
      }
    },
    {
      "RequestUri": "https://eastus2.api.azureml.ms/agents/v1.0/subscriptions/1bd798d8-5940-47f2-81b4-b8389610f09c/resourceGroups/ai-projects-sdk-testing-rg/providers/Microsoft.MachineLearningServices/workspaces/ai-projects-sdk-testing-project-1/assistants?api-version=2024-07-01-preview",
      "RequestMethod": "POST",
      "RequestHeaders": {
        "Accept": "application/json",
        "Authorization": "Sanitized",
        "Content-Length": "146",
        "Content-Type": "application/json",
        "User-Agent": "azsdk-net-AI.Projects/1.0.0-alpha.20250124.1 (.NET 8.0.12; Microsoft Windows 10.0.26100)",
        "x-ms-client-request-id": "Sanitized",
        "x-ms-return-client-request-id": "true"
      },
      "RequestBody": {
        "model": "gpt-4",
        "name": "SDK Test Agent - Retrieval",
        "instructions": "You are a helpful agent that can help fetch data from files you know about."
      },
      "StatusCode": 200,
      "ResponseHeaders": {
        "apim-request-id": "59ca238f-b2da-48ca-9e03-b2403a786133",
        "Connection": "keep-alive",
        "Content-Length": "400",
        "Content-Type": "application/json",
        "Date": "Tue, 28 Jan 2025 23:10:41 GMT",
        "openai-organization": "86cbbc15ab6a4e729f4a69752a750fa6",
        "openai-processing-ms": "64",
        "openai-version": "2020-10-01",
        "Request-Context": "appId=cid-v1:2d2e8e63-272e-4b3c-8598-4ee570a0e70d",
        "Strict-Transport-Security": "max-age=31536000; includeSubDomains; preload",
        "Vary": "Accept-Encoding",
        "x-aml-cluster": "vienna-eastus2-01",
        "X-Content-Type-Options": "nosniff",
        "x-ms-middleware-request-id": "59ca238f-b2da-48ca-9e03-b2403a786133",
        "x-ms-region": "East US 2",
        "x-ms-response-type": "standard",
        "X-Request-ID": "b4e18ad2c583924a01513b4af082eecb",
        "x-request-time": "0.671"
      },
      "ResponseBody": {
        "id": "asst_e821sjTvi9qQpep8vyTL7KHm",
        "object": "assistant",
        "created_at": 1738105840,
        "name": "SDK Test Agent - Retrieval",
        "description": null,
        "model": "gpt-4",
        "instructions": "You are a helpful agent that can help fetch data from files you know about.",
        "tools": [],
        "top_p": 1.0,
        "temperature": 1.0,
        "tool_resources": {},
        "metadata": {},
        "response_format": "auto"
      }
    },
    {
      "RequestUri": "https://eastus2.api.azureml.ms/agents/v1.0/subscriptions/1bd798d8-5940-47f2-81b4-b8389610f09c/resourceGroups/ai-projects-sdk-testing-rg/providers/Microsoft.MachineLearningServices/workspaces/ai-projects-sdk-testing-project-1/threads?api-version=2024-07-01-preview",
      "RequestMethod": "POST",
      "RequestHeaders": {
        "Accept": "application/json",
        "Authorization": "Sanitized",
        "Content-Length": "2",
        "Content-Type": "application/json",
        "User-Agent": "azsdk-net-AI.Projects/1.0.0-alpha.20250124.1 (.NET 8.0.12; Microsoft Windows 10.0.26100)",
        "x-ms-client-request-id": "Sanitized",
        "x-ms-return-client-request-id": "true"
      },
      "RequestBody": {},
      "StatusCode": 200,
      "ResponseHeaders": {
        "apim-request-id": "d03233ed-4d0f-40e7-87d1-fb6e2fa80e70",
        "Connection": "keep-alive",
        "Content-Length": "137",
        "Content-Type": "application/json",
        "Date": "Tue, 28 Jan 2025 23:10:41 GMT",
        "openai-organization": "86cbbc15ab6a4e729f4a69752a750fa6",
        "openai-processing-ms": "67",
        "openai-version": "2020-10-01",
        "Request-Context": "appId=cid-v1:2d2e8e63-272e-4b3c-8598-4ee570a0e70d",
        "Strict-Transport-Security": "max-age=31536000; includeSubDomains; preload",
        "x-aml-cluster": "vienna-eastus2-01",
        "X-Content-Type-Options": "nosniff",
        "x-ms-middleware-request-id": "03366dc0-a4f4-4f68-b381-7c2a14978327",
        "x-ms-region": "East US 2",
        "x-ms-response-type": "standard",
        "X-Request-ID": "decaadc56bec7724152ec2cf052c0db6",
        "x-request-time": "0.256"
      },
      "ResponseBody": {
        "id": "thread_b9eEpH3woijqBrCqSdTykgnK",
        "object": "thread",
        "created_at": 1738105841,
        "metadata": {},
        "tool_resources": {}
      }
    },
    {
      "RequestUri": "https://eastus2.api.azureml.ms/agents/v1.0/subscriptions/1bd798d8-5940-47f2-81b4-b8389610f09c/resourceGroups/ai-projects-sdk-testing-rg/providers/Microsoft.MachineLearningServices/workspaces/ai-projects-sdk-testing-project-1/threads/thread_b9eEpH3woijqBrCqSdTykgnK/messages?api-version=2024-07-01-preview",
      "RequestMethod": "POST",
      "RequestHeaders": {
        "Accept": "application/json",
        "Authorization": "Sanitized",
        "Content-Length": "183",
        "Content-Type": "application/json",
        "User-Agent": "azsdk-net-AI.Projects/1.0.0-alpha.20250124.1 (.NET 8.0.12; Microsoft Windows 10.0.26100)",
        "x-ms-client-request-id": "Sanitized",
        "x-ms-return-client-request-id": "true"
      },
      "RequestBody": {
        "role": "user",
        "content": "What does the attachment say?",
        "attachments": [
          {
            "file_id": "assistant-rqQvDyAelZOGCNZFMUp2hzHT",
            "tools": [
              {
                "type": "file_search"
              },
              {
                "type": "code_interpreter"
              }
            ]
          }
        ]
      },
      "StatusCode": 200,
      "ResponseHeaders": {
        "apim-request-id": "e213b61d-9270-496d-a2fc-608a79c826bb",
        "Connection": "keep-alive",
        "Content-Length": "608",
        "Content-Type": "application/json",
        "Date": "Tue, 28 Jan 2025 23:10:42 GMT",
        "openai-organization": "86cbbc15ab6a4e729f4a69752a750fa6",
        "openai-processing-ms": "958",
        "openai-version": "2020-10-01",
        "Request-Context": "appId=cid-v1:2d2e8e63-272e-4b3c-8598-4ee570a0e70d",
        "Strict-Transport-Security": "max-age=31536000; includeSubDomains; preload",
        "Vary": "Accept-Encoding",
        "x-aml-cluster": "vienna-eastus2-01",
        "X-Content-Type-Options": "nosniff",
        "x-ms-middleware-request-id": "61b60977-359d-4c34-8be1-971c50375658",
        "x-ms-region": "East US 2",
        "x-ms-response-type": "standard",
        "X-Request-ID": "2aebe116f0188c0f0fc41d6f51b2bf42",
        "x-request-time": "1.127"
      },
      "ResponseBody": {
        "id": "msg_S7W1FmvuB783UVsuw94cnS5d",
        "object": "thread.message",
        "created_at": 1738105842,
        "assistant_id": null,
        "thread_id": "thread_b9eEpH3woijqBrCqSdTykgnK",
        "run_id": null,
        "role": "user",
        "content": [
          {
            "type": "text",
            "text": {
              "value": "What does the attachment say?",
              "annotations": []
            }
          }
        ],
        "attachments": [
          {
            "file_id": "assistant-rqQvDyAelZOGCNZFMUp2hzHT",
            "tools": [
              {
                "type": "file_search"
              },
              {
                "type": "code_interpreter"
              }
            ]
          }
        ],
        "metadata": {}
      }
    },
    {
      "RequestUri": "https://eastus2.api.azureml.ms/agents/v1.0/subscriptions/1bd798d8-5940-47f2-81b4-b8389610f09c/resourceGroups/ai-projects-sdk-testing-rg/providers/Microsoft.MachineLearningServices/workspaces/ai-projects-sdk-testing-project-1/threads/thread_b9eEpH3woijqBrCqSdTykgnK/runs?api-version=2024-07-01-preview",
      "RequestMethod": "POST",
      "RequestHeaders": {
        "Accept": "application/json",
        "Authorization": "Sanitized",
        "Content-Length": "48",
        "Content-Type": "application/json",
        "User-Agent": "azsdk-net-AI.Projects/1.0.0-alpha.20250124.1 (.NET 8.0.12; Microsoft Windows 10.0.26100)",
        "x-ms-client-request-id": "Sanitized",
        "x-ms-return-client-request-id": "true"
      },
      "RequestBody": {
        "assistant_id": "asst_e821sjTvi9qQpep8vyTL7KHm"
      },
      "StatusCode": 200,
      "ResponseHeaders": {
        "apim-request-id": "77584c29-4c78-47d7-a216-91298f5bf0f2",
        "Connection": "keep-alive",
        "Content-Length": "871",
        "Content-Type": "application/json",
        "Date": "Tue, 28 Jan 2025 23:10:43 GMT",
        "openai-organization": "86cbbc15ab6a4e729f4a69752a750fa6",
        "openai-processing-ms": "193",
        "openai-version": "2020-10-01",
        "Request-Context": "appId=cid-v1:2d2e8e63-272e-4b3c-8598-4ee570a0e70d",
        "Strict-Transport-Security": "max-age=31536000; includeSubDomains; preload",
        "Vary": "Accept-Encoding",
        "x-aml-cluster": "vienna-eastus2-01",
        "X-Content-Type-Options": "nosniff",
        "x-ms-middleware-request-id": "e34deb24-ee95-40f0-a8ad-e3767238ce91",
        "x-ms-region": "East US 2",
        "x-ms-response-type": "standard",
        "X-Request-ID": "087a710fd3e2ba6fde458507ed6b687d",
        "x-request-time": "0.479"
      },
      "ResponseBody": {
        "id": "run_fFWM4Ip6APicYxZ3zpBpmMO8",
        "object": "thread.run",
        "created_at": 1738105843,
        "assistant_id": "asst_e821sjTvi9qQpep8vyTL7KHm",
        "thread_id": "thread_b9eEpH3woijqBrCqSdTykgnK",
        "status": "queued",
        "started_at": null,
        "expires_at": 1738106443,
        "cancelled_at": null,
        "failed_at": null,
        "completed_at": null,
        "required_action": null,
        "last_error": null,
        "model": "gpt-4",
        "instructions": "You are a helpful agent that can help fetch data from files you know about.",
        "tools": [],
        "tool_resources": {},
        "metadata": {},
        "temperature": 1.0,
        "top_p": 1.0,
        "max_completion_tokens": null,
        "max_prompt_tokens": null,
        "truncation_strategy": {
          "type": "auto",
          "last_messages": null
        },
        "incomplete_details": null,
        "usage": null,
        "response_format": "auto",
        "tool_choice": "auto",
        "parallel_tool_calls": true
      }
    },
    {
      "RequestUri": "https://eastus2.api.azureml.ms/agents/v1.0/subscriptions/1bd798d8-5940-47f2-81b4-b8389610f09c/resourceGroups/ai-projects-sdk-testing-rg/providers/Microsoft.MachineLearningServices/workspaces/ai-projects-sdk-testing-project-1/threads/thread_b9eEpH3woijqBrCqSdTykgnK/runs/run_fFWM4Ip6APicYxZ3zpBpmMO8?api-version=2024-07-01-preview",
      "RequestMethod": "GET",
      "RequestHeaders": {
        "Accept": "application/json",
        "Authorization": "Sanitized",
        "User-Agent": "azsdk-net-AI.Projects/1.0.0-alpha.20250124.1 (.NET 8.0.12; Microsoft Windows 10.0.26100)",
        "x-ms-client-request-id": "Sanitized",
        "x-ms-return-client-request-id": "true"
      },
      "RequestBody": null,
      "StatusCode": 200,
      "ResponseHeaders": {
        "apim-request-id": "bb661f8f-bcda-45ef-9aab-0e89713ac0bb",
        "Connection": "keep-alive",
        "Content-Length": "882",
        "Content-Type": "application/json",
        "Date": "Tue, 28 Jan 2025 23:10:44 GMT",
        "openai-organization": "86cbbc15ab6a4e729f4a69752a750fa6",
        "openai-processing-ms": "93",
        "openai-version": "2020-10-01",
        "Request-Context": "appId=cid-v1:2d2e8e63-272e-4b3c-8598-4ee570a0e70d",
        "Strict-Transport-Security": "max-age=31536000; includeSubDomains; preload",
        "Vary": "Accept-Encoding",
        "x-aml-cluster": "vienna-eastus2-01",
        "X-Content-Type-Options": "nosniff",
        "x-ms-middleware-request-id": "167c0e0c-a436-4cdc-a4e2-2dc3a43de9d9",
        "x-ms-region": "East US 2",
        "x-ms-response-type": "standard",
        "X-Request-ID": "473bfe92f43065390ccb5dd469a53fcd",
        "x-request-time": "0.451"
      },
      "ResponseBody": {
        "id": "run_fFWM4Ip6APicYxZ3zpBpmMO8",
        "object": "thread.run",
        "created_at": 1738105843,
        "assistant_id": "asst_e821sjTvi9qQpep8vyTL7KHm",
        "thread_id": "thread_b9eEpH3woijqBrCqSdTykgnK",
        "status": "in_progress",
        "started_at": 1738105843,
        "expires_at": 1738106443,
        "cancelled_at": null,
        "failed_at": null,
        "completed_at": null,
        "required_action": null,
        "last_error": null,
        "model": "gpt-4",
        "instructions": "You are a helpful agent that can help fetch data from files you know about.",
        "tools": [],
        "tool_resources": {},
        "metadata": {},
        "temperature": 1.0,
        "top_p": 1.0,
        "max_completion_tokens": null,
        "max_prompt_tokens": null,
        "truncation_strategy": {
          "type": "auto",
          "last_messages": null
        },
        "incomplete_details": null,
        "usage": null,
        "response_format": "auto",
        "tool_choice": "auto",
        "parallel_tool_calls": true
      }
    },
    {
      "RequestUri": "https://eastus2.api.azureml.ms/agents/v1.0/subscriptions/1bd798d8-5940-47f2-81b4-b8389610f09c/resourceGroups/ai-projects-sdk-testing-rg/providers/Microsoft.MachineLearningServices/workspaces/ai-projects-sdk-testing-project-1/threads/thread_b9eEpH3woijqBrCqSdTykgnK/runs/run_fFWM4Ip6APicYxZ3zpBpmMO8?api-version=2024-07-01-preview",
      "RequestMethod": "GET",
      "RequestHeaders": {
        "Accept": "application/json",
        "Authorization": "Sanitized",
        "User-Agent": "azsdk-net-AI.Projects/1.0.0-alpha.20250124.1 (.NET 8.0.12; Microsoft Windows 10.0.26100)",
        "x-ms-client-request-id": "Sanitized",
        "x-ms-return-client-request-id": "true"
      },
      "RequestBody": null,
      "StatusCode": 200,
      "ResponseHeaders": {
        "apim-request-id": "223f3f6e-5694-4eb8-92d2-ca2d0c219d2b",
        "Connection": "keep-alive",
        "Content-Length": "882",
        "Content-Type": "application/json",
        "Date": "Tue, 28 Jan 2025 23:10:45 GMT",
        "openai-organization": "86cbbc15ab6a4e729f4a69752a750fa6",
        "openai-processing-ms": "90",
        "openai-version": "2020-10-01",
        "Request-Context": "appId=cid-v1:2d2e8e63-272e-4b3c-8598-4ee570a0e70d",
        "Strict-Transport-Security": "max-age=31536000; includeSubDomains; preload",
        "Vary": "Accept-Encoding",
        "x-aml-cluster": "vienna-eastus2-01",
        "X-Content-Type-Options": "nosniff",
        "x-ms-middleware-request-id": "abfc64ac-2aed-47f7-ae48-1aeefed36a9d",
        "x-ms-region": "East US 2",
        "x-ms-response-type": "standard",
        "X-Request-ID": "65a9e678b1066edd32d2d7ef6aa0ead8",
        "x-request-time": "0.240"
      },
      "ResponseBody": {
        "id": "run_fFWM4Ip6APicYxZ3zpBpmMO8",
        "object": "thread.run",
        "created_at": 1738105843,
        "assistant_id": "asst_e821sjTvi9qQpep8vyTL7KHm",
        "thread_id": "thread_b9eEpH3woijqBrCqSdTykgnK",
        "status": "in_progress",
        "started_at": 1738105843,
        "expires_at": 1738106443,
        "cancelled_at": null,
        "failed_at": null,
        "completed_at": null,
        "required_action": null,
        "last_error": null,
        "model": "gpt-4",
        "instructions": "You are a helpful agent that can help fetch data from files you know about.",
        "tools": [],
        "tool_resources": {},
        "metadata": {},
        "temperature": 1.0,
        "top_p": 1.0,
        "max_completion_tokens": null,
        "max_prompt_tokens": null,
        "truncation_strategy": {
          "type": "auto",
          "last_messages": null
        },
        "incomplete_details": null,
        "usage": null,
        "response_format": "auto",
        "tool_choice": "auto",
        "parallel_tool_calls": true
      }
    },
    {
      "RequestUri": "https://eastus2.api.azureml.ms/agents/v1.0/subscriptions/1bd798d8-5940-47f2-81b4-b8389610f09c/resourceGroups/ai-projects-sdk-testing-rg/providers/Microsoft.MachineLearningServices/workspaces/ai-projects-sdk-testing-project-1/threads/thread_b9eEpH3woijqBrCqSdTykgnK/runs/run_fFWM4Ip6APicYxZ3zpBpmMO8?api-version=2024-07-01-preview",
      "RequestMethod": "GET",
      "RequestHeaders": {
        "Accept": "application/json",
        "Authorization": "Sanitized",
        "User-Agent": "azsdk-net-AI.Projects/1.0.0-alpha.20250124.1 (.NET 8.0.12; Microsoft Windows 10.0.26100)",
        "x-ms-client-request-id": "Sanitized",
        "x-ms-return-client-request-id": "true"
      },
      "RequestBody": null,
      "StatusCode": 200,
      "ResponseHeaders": {
        "apim-request-id": "2080ee97-4f2b-41ad-a8ba-45a33ced198e",
        "Connection": "keep-alive",
        "Content-Length": "960",
        "Content-Type": "application/json",
        "Date": "Tue, 28 Jan 2025 23:10:46 GMT",
        "openai-organization": "86cbbc15ab6a4e729f4a69752a750fa6",
        "openai-processing-ms": "100",
        "openai-version": "2020-10-01",
        "Request-Context": "appId=cid-v1:2d2e8e63-272e-4b3c-8598-4ee570a0e70d",
        "Strict-Transport-Security": "max-age=31536000; includeSubDomains; preload",
        "Vary": "Accept-Encoding",
        "x-aml-cluster": "vienna-eastus2-01",
        "X-Content-Type-Options": "nosniff",
        "x-ms-middleware-request-id": "744f20a3-4546-4ae9-bef1-c9536a04445f",
        "x-ms-region": "East US 2",
        "x-ms-response-type": "standard",
        "X-Request-ID": "7efc4e89f551974e91b33d4adf212246",
        "x-request-time": "0.286"
      },
      "ResponseBody": {
        "id": "run_fFWM4Ip6APicYxZ3zpBpmMO8",
        "object": "thread.run",
        "created_at": 1738105843,
        "assistant_id": "asst_e821sjTvi9qQpep8vyTL7KHm",
        "thread_id": "thread_b9eEpH3woijqBrCqSdTykgnK",
        "status": "completed",
        "started_at": 1738105843,
        "expires_at": null,
        "cancelled_at": null,
        "failed_at": null,
        "completed_at": 1738105845,
        "required_action": null,
        "last_error": null,
        "model": "gpt-4",
        "instructions": "You are a helpful agent that can help fetch data from files you know about.",
        "tools": [],
        "tool_resources": {},
        "metadata": {},
        "temperature": 1.0,
        "top_p": 1.0,
        "max_completion_tokens": null,
        "max_prompt_tokens": null,
        "truncation_strategy": {
          "type": "auto",
          "last_messages": null
        },
        "incomplete_details": null,
        "usage": {
          "prompt_tokens": 116,
          "completion_tokens": 70,
          "total_tokens": 186
        },
        "response_format": "auto",
        "tool_choice": "auto",
        "parallel_tool_calls": true
      }
    },
    {
      "RequestUri": "https://eastus2.api.azureml.ms/agents/v1.0/subscriptions/1bd798d8-5940-47f2-81b4-b8389610f09c/resourceGroups/ai-projects-sdk-testing-rg/providers/Microsoft.MachineLearningServices/workspaces/ai-projects-sdk-testing-project-1/threads/thread_b9eEpH3woijqBrCqSdTykgnK/messages?api-version=2024-07-01-preview&runId=run_fFWM4Ip6APicYxZ3zpBpmMO8",
      "RequestMethod": "GET",
      "RequestHeaders": {
        "Accept": "application/json",
        "Authorization": "Sanitized",
        "User-Agent": "azsdk-net-AI.Projects/1.0.0-alpha.20250124.1 (.NET 8.0.12; Microsoft Windows 10.0.26100)",
        "x-ms-client-request-id": "Sanitized",
        "x-ms-return-client-request-id": "true"
      },
      "RequestBody": null,
      "StatusCode": 200,
      "ResponseHeaders": {
        "apim-request-id": "9baa539b-23d8-46df-ae8b-2effee83cfa3",
        "Connection": "keep-alive",
        "Content-Length": "1740",
        "Content-Type": "application/json",
        "Date": "Tue, 28 Jan 2025 23:10:46 GMT",
        "openai-organization": "86cbbc15ab6a4e729f4a69752a750fa6",
        "openai-processing-ms": "75",
        "openai-version": "2020-10-01",
        "Request-Context": "appId=cid-v1:2d2e8e63-272e-4b3c-8598-4ee570a0e70d",
        "Strict-Transport-Security": "max-age=31536000; includeSubDomains; preload",
        "Vary": "Accept-Encoding",
        "x-aml-cluster": "vienna-eastus2-01",
        "X-Content-Type-Options": "nosniff",
        "x-ms-middleware-request-id": "41e775f7-1269-4e5b-861b-c3ee51922631",
        "x-ms-region": "East US 2",
        "x-ms-response-type": "standard",
        "X-Request-ID": "3180266c02dfb55ca525b5932d5166c9",
        "x-request-time": "0.219"
      },
      "ResponseBody": {
        "object": "list",
        "data": [
          {
            "id": "msg_7Zb1MSW6y5Uvcoo8tYhdgtn6",
            "object": "thread.message",
            "created_at": 1738105844,
            "assistant_id": "asst_e821sjTvi9qQpep8vyTL7KHm",
            "thread_id": "thread_b9eEpH3woijqBrCqSdTykgnK",
            "run_id": "run_fFWM4Ip6APicYxZ3zpBpmMO8",
            "role": "assistant",
            "content": [
              {
                "type": "text",
                "text": {
                  "value": "I'm sorry for the confusion, but as an AI model created by OpenAI, I don't currently have the ability to fetch data directly from files or databases nor do I have the ability to access or retrieve personal data unless it has been shared with me in the course of our conversation. I am designed to respect user privacy and confidentiality.",
                  "annotations": []
                }
              }
            ],
            "attachments": [],
            "metadata": {}
          },
          {
            "id": "msg_S7W1FmvuB783UVsuw94cnS5d",
            "object": "thread.message",
            "created_at": 1738105842,
            "assistant_id": null,
            "thread_id": "thread_b9eEpH3woijqBrCqSdTykgnK",
            "run_id": null,
            "role": "user",
            "content": [
              {
                "type": "text",
                "text": {
                  "value": "What does the attachment say?",
                  "annotations": []
                }
              }
            ],
            "attachments": [
              {
                "file_id": "assistant-rqQvDyAelZOGCNZFMUp2hzHT",
                "tools": [
                  {
                    "type": "file_search"
                  },
                  {
                    "type": "code_interpreter"
                  }
                ]
              }
            ],
            "metadata": {}
          }
        ],
        "first_id": "msg_7Zb1MSW6y5Uvcoo8tYhdgtn6",
        "last_id": "msg_S7W1FmvuB783UVsuw94cnS5d",
        "has_more": false
      }
    }
  ],
  "Variables": {
    "PROJECT_CONNECTION_STRING": "eastus2.api.azureml.ms;1bd798d8-5940-47f2-81b4-b8389610f09c;ai-projects-sdk-testing-rg;ai-projects-sdk-testing-project-1",
    "RandomSeed": "1769842920",
    "STORAGE_QUEUE_URI": "https://staiprojects880872150210.queue.core.windows.net"
  }
}
