{
  "Entries": [
    {
      "RequestUri": "https://eastus2.api.azureml.ms/agents/v1.0/subscriptions/1bd798d8-5940-47f2-81b4-b8389610f09c/resourceGroups/ai-projects-sdk-testing-rg/providers/Microsoft.MachineLearningServices/workspaces/ai-projects-sdk-testing-project-1/assistants?api-version=2024-07-01-preview",
      "RequestMethod": "POST",
      "RequestHeaders": {
        "Accept": "application/json",
        "Authorization": "Sanitized",
        "Content-Length": "141",
        "Content-Type": "application/json",
        "User-Agent": "azsdk-net-AI.Projects/1.0.0-alpha.20250124.1 (.NET 8.0.12; Microsoft Windows 10.0.26100)",
        "x-ms-client-request-id": "Sanitized",
        "x-ms-return-client-request-id": "true"
      },
      "RequestBody": {
        "model": "gpt-4",
        "name": "cs_e2e_tests_client",
        "instructions": "You are a personal electronics tutor. Write and run code to answer questions."
      },
      "StatusCode": 200,
      "ResponseHeaders": {
        "apim-request-id": "2577a395-4828-4954-8cdc-2ac30c058c47",
        "Connection": "close",
        "Content-Length": "395",
        "Content-Type": "application/json",
        "Date": "Wed, 29 Jan 2025 01:37:20 GMT",
        "openai-organization": "86cbbc15ab6a4e729f4a69752a750fa6",
        "openai-processing-ms": "60",
        "openai-version": "2020-10-01",
        "Request-Context": "appId=cid-v1:2d2e8e63-272e-4b3c-8598-4ee570a0e70d",
        "Strict-Transport-Security": "max-age=31536000; includeSubDomains; preload",
        "Vary": "Accept-Encoding",
        "x-aml-cluster": "vienna-eastus2-01",
        "X-Content-Type-Options": "nosniff",
        "x-ms-middleware-request-id": "2577a395-4828-4954-8cdc-2ac30c058c47",
        "x-ms-region": "East US 2",
        "x-ms-response-type": "standard",
        "X-Request-ID": "4b10b8a0e2aa722c10146e74247c66a0",
        "x-request-time": "0.215"
      },
      "ResponseBody": {
        "id": "asst_eVRgoEh9iQFed1l71A2OOuaL",
        "object": "assistant",
        "created_at": 1738114640,
        "name": "cs_e2e_tests_client",
        "description": null,
        "model": "gpt-4",
        "instructions": "You are a personal electronics tutor. Write and run code to answer questions.",
        "tools": [],
        "top_p": 1.0,
        "temperature": 1.0,
        "tool_resources": {},
        "metadata": {},
        "response_format": "auto"
      }
    },
    {
      "RequestUri": "https://eastus2.api.azureml.ms/agents/v1.0/subscriptions/1bd798d8-5940-47f2-81b4-b8389610f09c/resourceGroups/ai-projects-sdk-testing-rg/providers/Microsoft.MachineLearningServices/workspaces/ai-projects-sdk-testing-project-1/threads?api-version=2024-07-01-preview",
      "RequestMethod": "POST",
      "RequestHeaders": {
        "Accept": "application/json",
        "Authorization": "Sanitized",
        "Content-Length": "118",
        "Content-Type": "application/json",
        "User-Agent": "azsdk-net-AI.Projects/1.0.0-alpha.20250124.1 (.NET 8.0.12; Microsoft Windows 10.0.26100)",
        "x-ms-client-request-id": "Sanitized",
        "x-ms-return-client-request-id": "true"
      },
      "RequestBody": {
        "messages": [
          {
            "role": "assistant",
            "content": "E=mc^2"
          },
          {
            "role": "assistant",
            "content": "What is the impedance formula?"
          }
        ]
      },
      "StatusCode": 200,
      "ResponseHeaders": {
        "apim-request-id": "f97f69c9-46e0-4fde-9a4b-6c371ad4a818",
        "Connection": "keep-alive",
        "Content-Length": "137",
        "Content-Type": "application/json",
        "Date": "Wed, 29 Jan 2025 01:37:21 GMT",
        "openai-organization": "86cbbc15ab6a4e729f4a69752a750fa6",
        "openai-processing-ms": "118",
        "openai-version": "2020-10-01",
        "Request-Context": "appId=cid-v1:2d2e8e63-272e-4b3c-8598-4ee570a0e70d",
        "Strict-Transport-Security": "max-age=31536000; includeSubDomains; preload",
        "x-aml-cluster": "vienna-eastus2-01",
        "X-Content-Type-Options": "nosniff",
        "x-ms-middleware-request-id": "d501bc56-4c5a-48af-a6b5-a31ceb5f188d",
        "x-ms-region": "East US 2",
        "x-ms-response-type": "standard",
        "X-Request-ID": "44a863f8916520946a7e9a38efae6376",
        "x-request-time": "0.263"
      },
      "ResponseBody": {
        "id": "thread_vX02BfxRuhNfCcmW9T6ddwy0",
        "object": "thread",
        "created_at": 1738114641,
        "metadata": {},
        "tool_resources": {}
      }
    },
    {
      "RequestUri": "https://eastus2.api.azureml.ms/agents/v1.0/subscriptions/1bd798d8-5940-47f2-81b4-b8389610f09c/resourceGroups/ai-projects-sdk-testing-rg/providers/Microsoft.MachineLearningServices/workspaces/ai-projects-sdk-testing-project-1/threads/thread_vX02BfxRuhNfCcmW9T6ddwy0/runs?api-version=2024-07-01-preview",
      "RequestMethod": "POST",
      "RequestHeaders": {
        "Accept": "application/json",
        "Authorization": "Sanitized",
        "Content-Length": "48",
        "Content-Type": "application/json",
        "User-Agent": "azsdk-net-AI.Projects/1.0.0-alpha.20250124.1 (.NET 8.0.12; Microsoft Windows 10.0.26100)",
        "x-ms-client-request-id": "Sanitized",
        "x-ms-return-client-request-id": "true"
      },
      "RequestBody": {
        "assistant_id": "asst_eVRgoEh9iQFed1l71A2OOuaL"
      },
      "StatusCode": 200,
      "ResponseHeaders": {
        "apim-request-id": "31c75cd5-ccca-4013-897b-9fb4f1449008",
        "Connection": "keep-alive",
        "Content-Length": "873",
        "Content-Type": "application/json",
        "Date": "Wed, 29 Jan 2025 01:37:22 GMT",
        "openai-organization": "86cbbc15ab6a4e729f4a69752a750fa6",
        "openai-processing-ms": "209",
        "openai-version": "2020-10-01",
        "Request-Context": "appId=cid-v1:2d2e8e63-272e-4b3c-8598-4ee570a0e70d",
        "Strict-Transport-Security": "max-age=31536000; includeSubDomains; preload",
        "Vary": "Accept-Encoding",
        "x-aml-cluster": "vienna-eastus2-01",
        "X-Content-Type-Options": "nosniff",
        "x-ms-middleware-request-id": "f21272a1-d3fa-461c-b55f-88dca0cbf946",
        "x-ms-region": "East US 2",
        "x-ms-response-type": "standard",
        "X-Request-ID": "dbecae3c80b800e69e52496b3e88c739",
        "x-request-time": "0.467"
      },
      "ResponseBody": {
        "id": "run_ROtkJthvPpjRFw05qkmmbJm0",
        "object": "thread.run",
        "created_at": 1738114642,
        "assistant_id": "asst_eVRgoEh9iQFed1l71A2OOuaL",
        "thread_id": "thread_vX02BfxRuhNfCcmW9T6ddwy0",
        "status": "queued",
        "started_at": null,
        "expires_at": 1738115242,
        "cancelled_at": null,
        "failed_at": null,
        "completed_at": null,
        "required_action": null,
        "last_error": null,
        "model": "gpt-4",
        "instructions": "You are a personal electronics tutor. Write and run code to answer questions.",
        "tools": [],
        "tool_resources": {},
        "metadata": {},
        "temperature": 1.0,
        "top_p": 1.0,
        "max_completion_tokens": null,
        "max_prompt_tokens": null,
        "truncation_strategy": {
          "type": "auto",
          "last_messages": null
        },
        "incomplete_details": null,
        "usage": null,
        "response_format": "auto",
        "tool_choice": "auto",
        "parallel_tool_calls": true
      }
    },
    {
      "RequestUri": "https://eastus2.api.azureml.ms/agents/v1.0/subscriptions/1bd798d8-5940-47f2-81b4-b8389610f09c/resourceGroups/ai-projects-sdk-testing-rg/providers/Microsoft.MachineLearningServices/workspaces/ai-projects-sdk-testing-project-1/threads/thread_vX02BfxRuhNfCcmW9T6ddwy0/runs/run_ROtkJthvPpjRFw05qkmmbJm0?api-version=2024-07-01-preview",
      "RequestMethod": "GET",
      "RequestHeaders": {
        "Accept": "application/json",
        "Authorization": "Sanitized",
        "User-Agent": "azsdk-net-AI.Projects/1.0.0-alpha.20250124.1 (.NET 8.0.12; Microsoft Windows 10.0.26100)",
        "x-ms-client-request-id": "Sanitized",
        "x-ms-return-client-request-id": "true"
      },
      "RequestBody": null,
      "StatusCode": 200,
      "ResponseHeaders": {
        "apim-request-id": "ad9350d1-db0a-40e3-9e2a-90fd8ca89934",
        "Connection": "keep-alive",
        "Content-Length": "884",
        "Content-Type": "application/json",
        "Date": "Wed, 29 Jan 2025 01:37:22 GMT",
        "openai-organization": "86cbbc15ab6a4e729f4a69752a750fa6",
        "openai-processing-ms": "79",
        "openai-version": "2020-10-01",
        "Request-Context": "appId=cid-v1:2d2e8e63-272e-4b3c-8598-4ee570a0e70d",
        "Strict-Transport-Security": "max-age=31536000; includeSubDomains; preload",
        "Vary": "Accept-Encoding",
        "x-aml-cluster": "vienna-eastus2-01",
        "X-Content-Type-Options": "nosniff",
        "x-ms-middleware-request-id": "410b3fdf-8b2f-43f1-a616-062db3091094",
        "x-ms-region": "East US 2",
        "x-ms-response-type": "standard",
        "X-Request-ID": "d2fa4fe85260bda675d86a445774c61e",
        "x-request-time": "0.207"
      },
      "ResponseBody": {
        "id": "run_ROtkJthvPpjRFw05qkmmbJm0",
        "object": "thread.run",
        "created_at": 1738114642,
        "assistant_id": "asst_eVRgoEh9iQFed1l71A2OOuaL",
        "thread_id": "thread_vX02BfxRuhNfCcmW9T6ddwy0",
        "status": "in_progress",
        "started_at": 1738114642,
        "expires_at": 1738115242,
        "cancelled_at": null,
        "failed_at": null,
        "completed_at": null,
        "required_action": null,
        "last_error": null,
        "model": "gpt-4",
        "instructions": "You are a personal electronics tutor. Write and run code to answer questions.",
        "tools": [],
        "tool_resources": {},
        "metadata": {},
        "temperature": 1.0,
        "top_p": 1.0,
        "max_completion_tokens": null,
        "max_prompt_tokens": null,
        "truncation_strategy": {
          "type": "auto",
          "last_messages": null
        },
        "incomplete_details": null,
        "usage": null,
        "response_format": "auto",
        "tool_choice": "auto",
        "parallel_tool_calls": true
      }
    },
    {
      "RequestUri": "https://eastus2.api.azureml.ms/agents/v1.0/subscriptions/1bd798d8-5940-47f2-81b4-b8389610f09c/resourceGroups/ai-projects-sdk-testing-rg/providers/Microsoft.MachineLearningServices/workspaces/ai-projects-sdk-testing-project-1/threads/thread_vX02BfxRuhNfCcmW9T6ddwy0/runs/run_ROtkJthvPpjRFw05qkmmbJm0?api-version=2024-07-01-preview",
      "RequestMethod": "GET",
      "RequestHeaders": {
        "Accept": "application/json",
        "Authorization": "Sanitized",
        "User-Agent": "azsdk-net-AI.Projects/1.0.0-alpha.20250124.1 (.NET 8.0.12; Microsoft Windows 10.0.26100)",
        "x-ms-client-request-id": "Sanitized",
        "x-ms-return-client-request-id": "true"
      },
      "RequestBody": null,
      "StatusCode": 200,
      "ResponseHeaders": {
        "apim-request-id": "6179f5d8-397a-4921-9635-310960da350c",
        "Connection": "keep-alive",
        "Content-Length": "884",
        "Content-Type": "application/json",
        "Date": "Wed, 29 Jan 2025 01:37:23 GMT",
        "openai-organization": "86cbbc15ab6a4e729f4a69752a750fa6",
        "openai-processing-ms": "86",
        "openai-version": "2020-10-01",
        "Request-Context": "appId=cid-v1:2d2e8e63-272e-4b3c-8598-4ee570a0e70d",
        "Strict-Transport-Security": "max-age=31536000; includeSubDomains; preload",
        "Vary": "Accept-Encoding",
        "x-aml-cluster": "vienna-eastus2-01",
        "X-Content-Type-Options": "nosniff",
        "x-ms-middleware-request-id": "c0c37c7e-d873-4385-85f0-52a6eb455e49",
        "x-ms-region": "East US 2",
        "x-ms-response-type": "standard",
        "X-Request-ID": "a00f409b4ceeaca5df43991cfd7d9207",
        "x-request-time": "0.243"
      },
      "ResponseBody": {
        "id": "run_ROtkJthvPpjRFw05qkmmbJm0",
        "object": "thread.run",
        "created_at": 1738114642,
        "assistant_id": "asst_eVRgoEh9iQFed1l71A2OOuaL",
        "thread_id": "thread_vX02BfxRuhNfCcmW9T6ddwy0",
        "status": "in_progress",
        "started_at": 1738114642,
        "expires_at": 1738115242,
        "cancelled_at": null,
        "failed_at": null,
        "completed_at": null,
        "required_action": null,
        "last_error": null,
        "model": "gpt-4",
        "instructions": "You are a personal electronics tutor. Write and run code to answer questions.",
        "tools": [],
        "tool_resources": {},
        "metadata": {},
        "temperature": 1.0,
        "top_p": 1.0,
        "max_completion_tokens": null,
        "max_prompt_tokens": null,
        "truncation_strategy": {
          "type": "auto",
          "last_messages": null
        },
        "incomplete_details": null,
        "usage": null,
        "response_format": "auto",
        "tool_choice": "auto",
        "parallel_tool_calls": true
      }
    },
    {
      "RequestUri": "https://eastus2.api.azureml.ms/agents/v1.0/subscriptions/1bd798d8-5940-47f2-81b4-b8389610f09c/resourceGroups/ai-projects-sdk-testing-rg/providers/Microsoft.MachineLearningServices/workspaces/ai-projects-sdk-testing-project-1/threads/thread_vX02BfxRuhNfCcmW9T6ddwy0/runs/run_ROtkJthvPpjRFw05qkmmbJm0?api-version=2024-07-01-preview",
      "RequestMethod": "GET",
      "RequestHeaders": {
        "Accept": "application/json",
        "Authorization": "Sanitized",
        "User-Agent": "azsdk-net-AI.Projects/1.0.0-alpha.20250124.1 (.NET 8.0.12; Microsoft Windows 10.0.26100)",
        "x-ms-client-request-id": "Sanitized",
        "x-ms-return-client-request-id": "true"
      },
      "RequestBody": null,
      "StatusCode": 200,
      "ResponseHeaders": {
        "apim-request-id": "99f23b46-b8bf-4ce1-923b-ae2326e950dd",
        "Connection": "keep-alive",
        "Content-Length": "961",
        "Content-Type": "application/json",
        "Date": "Wed, 29 Jan 2025 01:37:24 GMT",
        "openai-organization": "86cbbc15ab6a4e729f4a69752a750fa6",
        "openai-processing-ms": "80",
        "openai-version": "2020-10-01",
        "Request-Context": "appId=cid-v1:2d2e8e63-272e-4b3c-8598-4ee570a0e70d",
        "Strict-Transport-Security": "max-age=31536000; includeSubDomains; preload",
        "Vary": "Accept-Encoding",
        "x-aml-cluster": "vienna-eastus2-01",
        "X-Content-Type-Options": "nosniff",
        "x-ms-middleware-request-id": "0f076c4b-c5b1-4501-be28-63aefdc42526",
        "x-ms-region": "East US 2",
        "x-ms-response-type": "standard",
        "X-Request-ID": "af62b09f44585c9e27852fe57d4b1054",
        "x-request-time": "0.283"
      },
      "ResponseBody": {
        "id": "run_ROtkJthvPpjRFw05qkmmbJm0",
        "object": "thread.run",
        "created_at": 1738114642,
        "assistant_id": "asst_eVRgoEh9iQFed1l71A2OOuaL",
        "thread_id": "thread_vX02BfxRuhNfCcmW9T6ddwy0",
        "status": "completed",
        "started_at": 1738114642,
        "expires_at": null,
        "cancelled_at": null,
        "failed_at": null,
        "completed_at": 1738114644,
        "required_action": null,
        "last_error": null,
        "model": "gpt-4",
        "instructions": "You are a personal electronics tutor. Write and run code to answer questions.",
        "tools": [],
        "tool_resources": {},
        "metadata": {},
        "temperature": 1.0,
        "top_p": 1.0,
        "max_completion_tokens": null,
        "max_prompt_tokens": null,
        "truncation_strategy": {
          "type": "auto",
          "last_messages": null
        },
        "incomplete_details": null,
        "usage": {
          "prompt_tokens": 40,
          "completion_tokens": 67,
          "total_tokens": 107
        },
        "response_format": "auto",
        "tool_choice": "auto",
        "parallel_tool_calls": true
      }
    },
    {
      "RequestUri": "https://eastus2.api.azureml.ms/agents/v1.0/subscriptions/1bd798d8-5940-47f2-81b4-b8389610f09c/resourceGroups/ai-projects-sdk-testing-rg/providers/Microsoft.MachineLearningServices/workspaces/ai-projects-sdk-testing-project-1/threads/thread_vX02BfxRuhNfCcmW9T6ddwy0/messages?api-version=2024-07-01-preview",
      "RequestMethod": "GET",
      "RequestHeaders": {
        "Accept": "application/json",
        "Authorization": "Sanitized",
        "User-Agent": "azsdk-net-AI.Projects/1.0.0-alpha.20250124.1 (.NET 8.0.12; Microsoft Windows 10.0.26100)",
        "x-ms-client-request-id": "Sanitized",
        "x-ms-return-client-request-id": "true"
      },
      "RequestBody": null,
      "StatusCode": 200,
      "ResponseHeaders": {
        "apim-request-id": "18d00f21-c82e-4893-bcfb-30fcf843fa49",
        "Connection": "keep-alive",
        "Content-Length": "1864",
        "Content-Type": "application/json",
        "Date": "Wed, 29 Jan 2025 01:37:25 GMT",
        "openai-organization": "86cbbc15ab6a4e729f4a69752a750fa6",
        "openai-processing-ms": "113",
        "openai-version": "2020-10-01",
        "Request-Context": "appId=cid-v1:2d2e8e63-272e-4b3c-8598-4ee570a0e70d",
        "Strict-Transport-Security": "max-age=31536000; includeSubDomains; preload",
        "Vary": "Accept-Encoding",
        "x-aml-cluster": "vienna-eastus2-01",
        "X-Content-Type-Options": "nosniff",
        "x-ms-middleware-request-id": "3cd90ef6-5345-4bfd-ac1f-410361063d84",
        "x-ms-region": "East US 2",
        "x-ms-response-type": "standard",
        "X-Request-ID": "f3c187bc4b4a511bf83628d790523dfe",
        "x-request-time": "0.243"
      },
      "ResponseBody": {
        "object": "list",
        "data": [
          {
            "id": "msg_LV9HJUDThJUaCJGpsRpu9yNw",
            "object": "thread.message",
            "created_at": 1738114642,
            "assistant_id": "asst_eVRgoEh9iQFed1l71A2OOuaL",
            "thread_id": "thread_vX02BfxRuhNfCcmW9T6ddwy0",
            "run_id": "run_ROtkJthvPpjRFw05qkmmbJm0",
            "role": "assistant",
            "content": [
              {
                "type": "text",
                "text": {
                  "value": "The impedance formula in AC circuits is usually represented as:\n\nZ = R + jX\n\nwhere:\nZ is the impedance, measured in Ohms (Ω)\nR is the resistance, measured in Ohms (Ω)\nX is the reactance, measured in Ohms (Ω)\nj is the imaginary unit",
                  "annotations": []
                }
              }
            ],
            "attachments": [],
            "metadata": {}
          },
          {
            "id": "msg_82yJcG06lfdiVcoXjUUoFJxw",
            "object": "thread.message",
            "created_at": 1738114641,
            "assistant_id": null,
            "thread_id": "thread_vX02BfxRuhNfCcmW9T6ddwy0",
            "run_id": null,
            "role": "assistant",
            "content": [
              {
                "type": "text",
                "text": {
                  "value": "What is the impedance formula?",
                  "annotations": []
                }
              }
            ],
            "attachments": [],
            "metadata": {}
          },
          {
            "id": "msg_9xHnxYbBDwVhGoshghsP1oFo",
            "object": "thread.message",
            "created_at": 1738114641,
            "assistant_id": null,
            "thread_id": "thread_vX02BfxRuhNfCcmW9T6ddwy0",
            "run_id": null,
            "role": "assistant",
            "content": [
              {
                "type": "text",
                "text": {
                  "value": "E=mc^2",
                  "annotations": []
                }
              }
            ],
            "attachments": [],
            "metadata": {}
          }
        ],
        "first_id": "msg_LV9HJUDThJUaCJGpsRpu9yNw",
        "last_id": "msg_9xHnxYbBDwVhGoshghsP1oFo",
        "has_more": false
      }
    }
  ],
  "Variables": {
    "PROJECT_CONNECTION_STRING": "eastus2.api.azureml.ms;1bd798d8-5940-47f2-81b4-b8389610f09c;ai-projects-sdk-testing-rg;ai-projects-sdk-testing-project-1",
    "RandomSeed": "858635269",
    "STORAGE_QUEUE_URI": "https://staiprojects880872150210.queue.core.windows.net"
  }
}
