{
  "Entries": [
    {
      "RequestUri": "https://myappconfig.azconfig.io/kv/readOnlyTests21?api-version=2022-11-01-preview\u0026label=some%20label",
      "RequestMethod": "PUT",
      "RequestHeaders": {
        "Accept": "application/vnd.microsoft.appconfig.kv\u002Bjson, application/problem\u002Bjson",
        "Accept-Encoding": "gzip,deflate",
        "Authorization": "Sanitized",
        "Connection": "keep-alive",
        "Content-Length": "62",
        "Content-Type": "application/vnd.microsoft.appconfig.kv\u002Bjson",
        "User-Agent": "azsdk-js-app-configuration/1.4.1 core-rest-pipeline/1.12.2 Node/v16.20.1 OS/(x64-Linux-5.15.0-1041-azure)",
        "x-ms-client-request-id": "ab8fa485-b304-49cc-8d24-7ab8d3bbc199",
        "x-ms-content-sha256": "1QWDP/7cZ9gutrnX5QLSKCFj7mRqc4vKQVjWiJhLDDQ=",
        "x-ms-date": "Fri, 15 Sep 2023 21:28:54 GMT"
      },
      "RequestBody": {
        "key": "readOnlyTests21",
        "label": "some label",
        "value": "world"
      },
      "StatusCode": 200,
      "ResponseHeaders": {
        "Access-Control-Allow-Origin": "*",
        "Connection": "keep-alive",
        "Content-Type": "application/vnd.microsoft.appconfig.kv\u002Bjson; charset=utf-8",
        "Date": "Fri, 15 Sep 2023 21:28:54 GMT",
        "ETag": "\u0022XhGmIxI2by0hDfC-3qSM93sC47tAnLVSD9tsvTEI7RM\u0022",
        "Last-Modified": "Fri, 15 Sep 2023 21:28:54 GMT",
        "Strict-Transport-Security": "max-age=15724800; includeSubDomains",
        "Sync-Token": "zAJw6V16=MzoxOSMzODgxMTYxMw==;sn=38811613",
        "Transfer-Encoding": "chunked",
        "x-ms-correlation-request-id": "18cb2f97-4070-45cf-8e93-7a8803085a4c",
        "x-ms-request-id": "18cb2f97-4070-45cf-8e93-7a8803085a4c"
      },
      "ResponseBody": {
        "etag": "XhGmIxI2by0hDfC-3qSM93sC47tAnLVSD9tsvTEI7RM",
        "key": "readOnlyTests21",
        "label": "some label",
        "content_type": null,
        "value": "world",
        "tags": {},
        "locked": false,
        "last_modified": "2023-09-15T21:28:54\u002B00:00"
      }
    },
    {
      "RequestUri": "https://myappconfig.azconfig.io/kv/readOnlyTests21?api-version=2022-11-01-preview\u0026label=some%20label",
      "RequestMethod": "GET",
      "RequestHeaders": {
        "Accept": "application/vnd.microsoft.appconfig.kv\u002Bjson, application/problem\u002Bjson",
        "Accept-Encoding": "gzip,deflate",
        "Authorization": "Sanitized",
        "Connection": "keep-alive",
        "sync-token": "zAJw6V16=MzoxOSMzODgxMTYxMw==",
        "User-Agent": "azsdk-js-app-configuration/1.4.1 core-rest-pipeline/1.12.2 Node/v16.20.1 OS/(x64-Linux-5.15.0-1041-azure)",
        "x-ms-client-request-id": "95d343dd-12a6-4eb3-9114-210edb99cdd8",
        "x-ms-content-sha256": "47DEQpj8HBSa\u002B/TImW\u002B5JCeuQeRkm5NMpJWZG3hSuFU=",
        "x-ms-date": "Fri, 15 Sep 2023 21:28:55 GMT"
      },
      "RequestBody": null,
      "StatusCode": 200,
      "ResponseHeaders": {
        "Access-Control-Allow-Origin": "*",
        "Connection": "keep-alive",
        "Content-Type": "application/vnd.microsoft.appconfig.kv\u002Bjson; charset=utf-8",
        "Date": "Fri, 15 Sep 2023 21:28:55 GMT",
        "ETag": "\u0022XhGmIxI2by0hDfC-3qSM93sC47tAnLVSD9tsvTEI7RM\u0022",
        "Last-Modified": "Fri, 15 Sep 2023 21:28:54 GMT",
        "Strict-Transport-Security": "max-age=15724800; includeSubDomains",
        "Sync-Token": "zAJw6V16=MzoxOSMzODgxMTYxMw==;sn=38811613",
        "Transfer-Encoding": "chunked",
        "x-ms-correlation-request-id": "2da2e519-1c70-4fa3-b134-dab004e83f4b",
        "x-ms-request-id": "2da2e519-1c70-4fa3-b134-dab004e83f4b"
      },
      "ResponseBody": {
        "etag": "XhGmIxI2by0hDfC-3qSM93sC47tAnLVSD9tsvTEI7RM",
        "key": "readOnlyTests21",
        "label": "some label",
        "content_type": null,
        "value": "world",
        "tags": {},
        "locked": false,
        "last_modified": "2023-09-15T21:28:54\u002B00:00"
      }
    },
    {
      "RequestUri": "https://myappconfig.azconfig.io/locks/readOnlyTests21?api-version=2022-11-01-preview\u0026label=some%20label",
      "RequestMethod": "PUT",
      "RequestHeaders": {
        "Accept": "application/vnd.microsoft.appconfig.kv\u002Bjson, application/problem\u002Bjson",
        "Accept-Encoding": "gzip,deflate",
        "Authorization": "Sanitized",
        "Connection": "keep-alive",
        "Content-Length": "0",
        "sync-token": "zAJw6V16=MzoxOSMzODgxMTYxMw==",
        "User-Agent": "azsdk-js-app-configuration/1.4.1 core-rest-pipeline/1.12.2 Node/v16.20.1 OS/(x64-Linux-5.15.0-1041-azure)",
        "x-ms-client-request-id": "134a7cd5-02d1-489f-a10d-9035acf6a5ea",
        "x-ms-content-sha256": "47DEQpj8HBSa\u002B/TImW\u002B5JCeuQeRkm5NMpJWZG3hSuFU=",
        "x-ms-date": "Fri, 15 Sep 2023 21:28:55 GMT"
      },
      "RequestBody": null,
      "StatusCode": 200,
      "ResponseHeaders": {
        "Access-Control-Allow-Origin": "*",
        "Connection": "keep-alive",
        "Content-Type": "application/vnd.microsoft.appconfig.kv\u002Bjson; charset=utf-8",
        "Date": "Fri, 15 Sep 2023 21:28:55 GMT",
        "ETag": "\u00229VW2mpKNnWiDoQ17WYFF57HpZ41g8EDdvMzcswSzBAo\u0022",
        "Last-Modified": "Fri, 15 Sep 2023 21:28:55 GMT",
        "Strict-Transport-Security": "max-age=15724800; includeSubDomains",
        "Sync-Token": "zAJw6V16=MzoxOSMzODgxMTYxNA==;sn=38811614",
        "Transfer-Encoding": "chunked",
        "x-ms-correlation-request-id": "d02523af-298f-46f4-b416-99fff8c5fec7",
        "x-ms-request-id": "d02523af-298f-46f4-b416-99fff8c5fec7"
      },
      "ResponseBody": {
        "etag": "9VW2mpKNnWiDoQ17WYFF57HpZ41g8EDdvMzcswSzBAo",
        "key": "readOnlyTests21",
        "label": "some label",
        "content_type": null,
        "value": "world",
        "tags": {},
        "locked": true,
        "last_modified": "2023-09-15T21:28:55\u002B00:00"
      }
    },
    {
      "RequestUri": "https://myappconfig.azconfig.io/kv/readOnlyTests21?api-version=2022-11-01-preview\u0026label=some%20label",
      "RequestMethod": "GET",
      "RequestHeaders": {
        "Accept": "application/vnd.microsoft.appconfig.kv\u002Bjson, application/problem\u002Bjson",
        "Accept-Encoding": "gzip,deflate",
        "Authorization": "Sanitized",
        "Connection": "keep-alive",
        "sync-token": "zAJw6V16=MzoxOSMzODgxMTYxNA==",
        "User-Agent": "azsdk-js-app-configuration/1.4.1 core-rest-pipeline/1.12.2 Node/v16.20.1 OS/(x64-Linux-5.15.0-1041-azure)",
        "x-ms-client-request-id": "d4b61b78-774d-44b5-b5c7-8fa9a980aa03",
        "x-ms-content-sha256": "47DEQpj8HBSa\u002B/TImW\u002B5JCeuQeRkm5NMpJWZG3hSuFU=",
        "x-ms-date": "Fri, 15 Sep 2023 21:28:55 GMT"
      },
      "RequestBody": null,
      "StatusCode": 200,
      "ResponseHeaders": {
        "Access-Control-Allow-Origin": "*",
        "Connection": "keep-alive",
        "Content-Type": "application/vnd.microsoft.appconfig.kv\u002Bjson; charset=utf-8",
        "Date": "Fri, 15 Sep 2023 21:28:55 GMT",
        "ETag": "\u00229VW2mpKNnWiDoQ17WYFF57HpZ41g8EDdvMzcswSzBAo\u0022",
        "Last-Modified": "Fri, 15 Sep 2023 21:28:55 GMT",
        "Strict-Transport-Security": "max-age=15724800; includeSubDomains",
        "Sync-Token": "zAJw6V16=MzoxOSMzODgxMTYxNQ==;sn=38811615",
        "Transfer-Encoding": "chunked",
        "x-ms-correlation-request-id": "023c5b00-17b5-47e1-8da9-b70102420b0b",
        "x-ms-request-id": "023c5b00-17b5-47e1-8da9-b70102420b0b"
      },
      "ResponseBody": {
        "etag": "9VW2mpKNnWiDoQ17WYFF57HpZ41g8EDdvMzcswSzBAo",
        "key": "readOnlyTests21",
        "label": "some label",
        "content_type": null,
        "value": "world",
        "tags": {},
        "locked": true,
        "last_modified": "2023-09-15T21:28:55\u002B00:00"
      }
    },
    {
      "RequestUri": "https://myappconfig.azconfig.io/kv/readOnlyTests21?api-version=2022-11-01-preview\u0026label=some%20label",
      "RequestMethod": "PUT",
      "RequestHeaders": {
        "Accept": "application/vnd.microsoft.appconfig.kv\u002Bjson, application/problem\u002Bjson",
        "Accept-Encoding": "gzip,deflate",
        "Authorization": "Sanitized",
        "Connection": "keep-alive",
        "Content-Length": "62",
        "Content-Type": "application/vnd.microsoft.appconfig.kv\u002Bjson",
        "sync-token": "zAJw6V16=MzoxOSMzODgxMTYxNQ==",
        "User-Agent": "azsdk-js-app-configuration/1.4.1 core-rest-pipeline/1.12.2 Node/v16.20.1 OS/(x64-Linux-5.15.0-1041-azure)",
        "x-ms-client-request-id": "22cf2fdd-2e7e-47fb-a824-e2a2ffceec40",
        "x-ms-content-sha256": "1QWDP/7cZ9gutrnX5QLSKCFj7mRqc4vKQVjWiJhLDDQ=",
        "x-ms-date": "Fri, 15 Sep 2023 21:28:55 GMT"
      },
      "RequestBody": {
        "key": "readOnlyTests21",
        "label": "some label",
        "value": "world"
      },
      "StatusCode": 409,
      "ResponseHeaders": {
        "Access-Control-Allow-Origin": "*",
        "Connection": "keep-alive",
        "Content-Type": "application/problem\u002Bjson; charset=utf-8",
        "Date": "Fri, 15 Sep 2023 21:28:55 GMT",
        "Strict-Transport-Security": "max-age=15724800; includeSubDomains",
        "Sync-Token": "zAJw6V16=MzoxOSMzODgxMTYxNQ==;sn=38811615",
        "Transfer-Encoding": "chunked",
        "x-ms-correlation-request-id": "3e495ea9-766b-4fc3-bf59-b32cf59aa688",
        "x-ms-request-id": "3e495ea9-766b-4fc3-bf59-b32cf59aa688"
      },
      "ResponseBody": {
        "type": "https://azconfig.io/errors/key-locked",
        "title": "Modifing key \u0027readOnlyTests21\u0027 is not allowed",
        "name": "readOnlyTests21",
        "detail": "The key is read-only. To allow modification unlock it first.",
        "status": 409
      }
    },
    {
      "RequestUri": "https://myappconfig.azconfig.io/kv/readOnlyTests21?api-version=2022-11-01-preview\u0026label=some%20label",
      "RequestMethod": "DELETE",
      "RequestHeaders": {
        "Accept": "application/vnd.microsoft.appconfig.kv\u002Bjson, application/problem\u002Bjson",
        "Accept-Encoding": "gzip,deflate",
        "Authorization": "Sanitized",
        "Connection": "keep-alive",
        "sync-token": "zAJw6V16=MzoxOSMzODgxMTYxNQ==",
        "User-Agent": "azsdk-js-app-configuration/1.4.1 core-rest-pipeline/1.12.2 Node/v16.20.1 OS/(x64-Linux-5.15.0-1041-azure)",
        "x-ms-client-request-id": "83c79d5b-743e-4428-ac1c-2b9be42b1621",
        "x-ms-content-sha256": "47DEQpj8HBSa\u002B/TImW\u002B5JCeuQeRkm5NMpJWZG3hSuFU=",
        "x-ms-date": "Fri, 15 Sep 2023 21:28:55 GMT"
      },
      "RequestBody": null,
      "StatusCode": 409,
      "ResponseHeaders": {
        "Access-Control-Allow-Origin": "*",
        "Connection": "keep-alive",
        "Content-Type": "application/problem\u002Bjson; charset=utf-8",
        "Date": "Fri, 15 Sep 2023 21:28:55 GMT",
        "Strict-Transport-Security": "max-age=15724800; includeSubDomains",
        "Sync-Token": "zAJw6V16=MzoxOSMzODgxMTYxNQ==;sn=38811615",
        "Transfer-Encoding": "chunked",
        "x-ms-correlation-request-id": "8b3f09b9-4a7a-4370-bf86-98e374cc7426",
        "x-ms-request-id": "8b3f09b9-4a7a-4370-bf86-98e374cc7426"
      },
      "ResponseBody": {
        "type": "https://azconfig.io/errors/key-locked",
        "title": "Modifing key \u0027readOnlyTests21\u0027 is not allowed",
        "name": "readOnlyTests21",
        "detail": "The key is read-only. To allow modification unlock it first.",
        "status": 409
      }
    },
    {
      "RequestUri": "https://myappconfig.azconfig.io/kv?api-version=2022-11-01-preview\u0026key=readOnlyTests21",
      "RequestMethod": "GET",
      "RequestHeaders": {
        "Accept": "application/vnd.microsoft.appconfig.kvset\u002Bjson, application/problem\u002Bjson",
        "Accept-Encoding": "gzip,deflate",
        "Authorization": "Sanitized",
        "Connection": "keep-alive",
        "sync-token": "zAJw6V16=MzoxOSMzODgxMTYxNQ==",
        "User-Agent": "azsdk-js-app-configuration/1.4.1 core-rest-pipeline/1.12.2 Node/v16.20.1 OS/(x64-Linux-5.15.0-1041-azure)",
        "x-ms-client-request-id": "678e9e92-a84e-44ae-b167-ff6f5f4b924b",
        "x-ms-content-sha256": "47DEQpj8HBSa\u002B/TImW\u002B5JCeuQeRkm5NMpJWZG3hSuFU=",
        "x-ms-date": "Fri, 15 Sep 2023 21:28:55 GMT"
      },
      "RequestBody": null,
      "StatusCode": 200,
      "ResponseHeaders": {
        "Access-Control-Allow-Origin": "*",
        "Connection": "keep-alive",
        "Content-Type": "application/vnd.microsoft.appconfig.kvset\u002Bjson; charset=utf-8",
        "Date": "Fri, 15 Sep 2023 21:28:55 GMT",
        "Strict-Transport-Security": "max-age=15724800; includeSubDomains",
        "Sync-Token": "zAJw6V16=MzoxOSMzODgxMTYxNQ==;sn=38811615",
        "Transfer-Encoding": "chunked",
        "x-ms-correlation-request-id": "223f2c37-c2c0-4a05-86b8-98fec3ba73ba",
        "x-ms-request-id": "223f2c37-c2c0-4a05-86b8-98fec3ba73ba"
      },
      "ResponseBody": {
        "items": [
          {
            "etag": "9VW2mpKNnWiDoQ17WYFF57HpZ41g8EDdvMzcswSzBAo",
            "key": "readOnlyTests21",
            "label": "some label",
            "content_type": null,
            "value": "world",
            "tags": {},
            "locked": true,
            "last_modified": "2023-09-15T21:28:55\u002B00:00"
          }
        ]
      }
    },
    {
      "RequestUri": "https://myappconfig.azconfig.io/locks/readOnlyTests21?api-version=2022-11-01-preview\u0026label=some%20label",
      "RequestMethod": "DELETE",
      "RequestHeaders": {
        "Accept": "application/vnd.microsoft.appconfig.kv\u002Bjson, application/problem\u002Bjson",
        "Accept-Encoding": "gzip,deflate",
        "Authorization": "Sanitized",
        "Connection": "keep-alive",
        "sync-token": "zAJw6V16=MzoxOSMzODgxMTYxNQ==",
        "User-Agent": "azsdk-js-app-configuration/1.4.1 core-rest-pipeline/1.12.2 Node/v16.20.1 OS/(x64-Linux-5.15.0-1041-azure)",
        "x-ms-client-request-id": "233a375c-1334-4118-8076-632f356c4552",
        "x-ms-content-sha256": "47DEQpj8HBSa\u002B/TImW\u002B5JCeuQeRkm5NMpJWZG3hSuFU=",
        "x-ms-date": "Fri, 15 Sep 2023 21:28:55 GMT"
      },
      "RequestBody": null,
      "StatusCode": 200,
      "ResponseHeaders": {
        "Access-Control-Allow-Origin": "*",
        "Connection": "keep-alive",
        "Content-Type": "application/vnd.microsoft.appconfig.kv\u002Bjson; charset=utf-8",
        "Date": "Fri, 15 Sep 2023 21:28:55 GMT",
        "ETag": "\u00223XZmdkG5PvCJI1qqGkUabmiLRPtB09_P3JSivC7VlUQ\u0022",
        "Last-Modified": "Fri, 15 Sep 2023 21:28:55 GMT",
        "Strict-Transport-Security": "max-age=15724800; includeSubDomains",
        "Sync-Token": "zAJw6V16=MzoxOSMzODgxMTYxNg==;sn=38811616",
        "Transfer-Encoding": "chunked",
        "x-ms-correlation-request-id": "79ce15a0-688d-4353-9af3-9cec83f21c80",
        "x-ms-request-id": "79ce15a0-688d-4353-9af3-9cec83f21c80"
      },
      "ResponseBody": {
        "etag": "3XZmdkG5PvCJI1qqGkUabmiLRPtB09_P3JSivC7VlUQ",
        "key": "readOnlyTests21",
        "label": "some label",
        "content_type": null,
        "value": "world",
        "tags": {},
        "locked": false,
        "last_modified": "2023-09-15T21:28:55\u002B00:00"
      }
    },
    {
      "RequestUri": "https://myappconfig.azconfig.io/kv/readOnlyTests21?api-version=2022-11-01-preview\u0026label=some%20label",
      "RequestMethod": "DELETE",
      "RequestHeaders": {
        "Accept": "application/vnd.microsoft.appconfig.kv\u002Bjson, application/problem\u002Bjson",
        "Accept-Encoding": "gzip,deflate",
        "Authorization": "Sanitized",
        "Connection": "keep-alive",
        "sync-token": "zAJw6V16=MzoxOSMzODgxMTYxNg==",
        "User-Agent": "azsdk-js-app-configuration/1.4.1 core-rest-pipeline/1.12.2 Node/v16.20.1 OS/(x64-Linux-5.15.0-1041-azure)",
        "x-ms-client-request-id": "76831e82-6995-40d8-98a8-6ab8930c7555",
        "x-ms-content-sha256": "47DEQpj8HBSa\u002B/TImW\u002B5JCeuQeRkm5NMpJWZG3hSuFU=",
        "x-ms-date": "Fri, 15 Sep 2023 21:28:55 GMT"
      },
      "RequestBody": null,
      "StatusCode": 200,
      "ResponseHeaders": {
        "Access-Control-Allow-Origin": "*",
        "Connection": "keep-alive",
        "Content-Type": "application/vnd.microsoft.appconfig.kv\u002Bjson; charset=utf-8",
        "Date": "Fri, 15 Sep 2023 21:28:55 GMT",
        "ETag": "\u00223XZmdkG5PvCJI1qqGkUabmiLRPtB09_P3JSivC7VlUQ\u0022",
        "Last-Modified": "Fri, 15 Sep 2023 21:28:55 GMT",
        "Strict-Transport-Security": "max-age=15724800; includeSubDomains",
        "Sync-Token": "zAJw6V16=MzoxOSMzODgxMTYxOA==;sn=38811618",
        "Transfer-Encoding": "chunked",
        "x-ms-correlation-request-id": "26f11063-ba5b-4948-a5e6-8772ef53712d",
        "x-ms-request-id": "26f11063-ba5b-4948-a5e6-8772ef53712d"
      },
      "ResponseBody": {
        "etag": "3XZmdkG5PvCJI1qqGkUabmiLRPtB09_P3JSivC7VlUQ",
        "key": "readOnlyTests21",
        "label": "some label",
        "content_type": null,
        "value": "world",
        "tags": {},
        "locked": false,
        "last_modified": "2023-09-15T21:28:55\u002B00:00"
      }
    }
  ],
  "Variables": {
    "readOnlyTests": "readOnlyTests21"
  }
}
