{
  "Entries": [
    {
      "RequestUri": "https://Sanitized.blob.core.windows.net/container171697817593503813?restype=container",
      "RequestMethod": "PUT",
      "RequestHeaders": {
        "Accept": "application/xml",
        "Authorization": "Sanitized",
        "Connection": "keep-alive",
        "Content-Length": "0",
        "User-Agent": "azsdk-js-azure-storage-blob/12.23.0-beta.2 core-rest-pipeline/1.16.1 Node/18.19.0 OS/(x64-Windows_NT-10.0.22631)",
        "x-ms-client-request-id": "Sanitized",
        "x-ms-date": "Wed, 29 May 2024 10:22:55 GMT",
        "x-ms-version": "2024-08-04"
      },
      "RequestBody": null,
      "StatusCode": 201,
      "ResponseHeaders": {
        "Content-Length": "0",
        "Date": "Wed, 29 May 2024 10:22:56 GMT",
        "ETag": "\"0x8DC7FC94EB47053\"",
        "Last-Modified": "Wed, 29 May 2024 10:22:56 GMT",
        "Server": [
          "Windows-Azure-Blob/1.0",
          "Microsoft-HTTPAPI/2.0"
        ],
        "x-ms-client-request-id": "Sanitized",
        "x-ms-request-id": "Sanitized",
        "x-ms-version": "2024-08-04"
      },
      "ResponseBody": null
    },
    {
      "RequestUri": "https://Sanitized.blob.core.windows.net/container171697817593503813/blob171697817604004690",
      "RequestMethod": "PUT",
      "RequestHeaders": {
        "Accept": "application/xml",
        "Authorization": "Sanitized",
        "Connection": "keep-alive",
        "Content-Length": "11",
        "Content-Type": "application/octet-stream",
        "User-Agent": "azsdk-js-azure-storage-blob/12.23.0-beta.2 core-rest-pipeline/1.16.1 Node/18.19.0 OS/(x64-Windows_NT-10.0.22631)",
        "x-ms-blob-type": "BlockBlob",
        "x-ms-client-request-id": "Sanitized",
        "x-ms-date": "Wed, 29 May 2024 10:22:56 GMT",
        "x-ms-version": "2024-08-04"
      },
      "RequestBody": "SGVsbG8gV29ybGQ=",
      "StatusCode": 201,
      "ResponseHeaders": {
        "Content-Length": "0",
        "Content-MD5": "sQqNsWTgdUEFt6mb5y4/5Q==",
        "Date": "Wed, 29 May 2024 10:22:56 GMT",
        "ETag": "\"0x8DC7FC94EC477D3\"",
        "Last-Modified": "Wed, 29 May 2024 10:22:56 GMT",
        "Server": [
          "Windows-Azure-Blob/1.0",
          "Microsoft-HTTPAPI/2.0"
        ],
        "x-ms-client-request-id": "Sanitized",
        "x-ms-content-crc64": "YeJLfssylmU=",
        "x-ms-request-id": "Sanitized",
        "x-ms-request-server-encrypted": "true",
        "x-ms-version": "2024-08-04",
        "x-ms-version-id": "2024-05-29T10:22:56.6420435Z"
      },
      "ResponseBody": null
    },
    {
      "RequestUri": "https://Sanitized.blob.core.windows.net/container171697817593503813/copiedblob171697817614700025",
      "RequestMethod": "PUT",
      "RequestHeaders": {
        "Accept": "application/xml",
        "Authorization": "Sanitized",
        "Connection": "keep-alive",
        "Content-Length": "0",
        "User-Agent": "azsdk-js-azure-storage-blob/12.23.0-beta.2 core-rest-pipeline/1.16.1 Node/18.19.0 OS/(x64-Windows_NT-10.0.22631)",
        "x-ms-client-request-id": "Sanitized",
        "x-ms-date": "Wed, 29 May 2024 10:22:56 GMT",
        "x-ms-requires-sync": "true",
        "x-ms-version": "2024-08-04"
      },
      "RequestBody": null,
      "StatusCode": 403,
      "ResponseHeaders": {
        "Content-Length": "520",
        "Content-Type": "application/xml",
        "Date": "Wed, 29 May 2024 10:22:56 GMT",
        "Server": [
          "Windows-Azure-Blob/1.0",
          "Microsoft-HTTPAPI/2.0"
        ],
        "x-ms-client-request-id": "Sanitized",
        "x-ms-copy-source-error-code": "AuthorizationPermissionMismatch",
        "x-ms-copy-source-status-code": "403",
        "x-ms-error-code": "CannotVerifyCopySource",
        "x-ms-request-id": "Sanitized",
        "x-ms-version": "2024-08-04"
      },
      "ResponseBody": [
        "\uFEFF<?xml version=\"1.0\" encoding=\"utf-8\"?><Error><Code>CannotVerifyCopySource</Code><Message>This request is not authorized to perform this operation using this permission.\n",
        "RequestId:0909ea1e-101e-0001-6bb2-b1ccfd000000\n",
        "Time:2024-05-29T10:22:56.7731551Z</Message><CopySourceStatusCode>403</CopySourceStatusCode><CopySourceErrorCode>AuthorizationPermissionMismatch</CopySourceErrorCode><CopySourceErrorMessage>This request is not authorized to perform this operation using this permission.</CopySourceErrorMessage></Error>"
      ]
    },
    {
      "RequestUri": "https://Sanitized.blob.core.windows.net/container171697817593503813?restype=container",
      "RequestMethod": "DELETE",
      "RequestHeaders": {
        "Accept": "application/xml",
        "Authorization": "Sanitized",
        "Connection": "keep-alive",
        "User-Agent": "azsdk-js-azure-storage-blob/12.23.0-beta.2 core-rest-pipeline/1.16.1 Node/18.19.0 OS/(x64-Windows_NT-10.0.22631)",
        "x-ms-client-request-id": "Sanitized",
        "x-ms-date": "Wed, 29 May 2024 10:22:56 GMT",
        "x-ms-version": "2024-08-04"
      },
      "RequestBody": null,
      "StatusCode": 202,
      "ResponseHeaders": {
        "Content-Length": "0",
        "Date": "Wed, 29 May 2024 10:22:56 GMT",
        "Server": [
          "Windows-Azure-Blob/1.0",
          "Microsoft-HTTPAPI/2.0"
        ],
        "x-ms-client-request-id": "Sanitized",
        "x-ms-request-id": "Sanitized",
        "x-ms-version": "2024-08-04"
      },
      "ResponseBody": null
    }
  ],
  "Variables": {
    "blob": "blob171697817604004690",
    "container": "container171697817593503813",
    "copiedblob": "copiedblob171697817614700025",
    "tmr": "2024-05-29T10:22:56.147Z"
  }
}
