{
  "Entries": [
    {
      "RequestUri": "https://fakestorageaccount.blob.core.windows.net/container169744637454909980?restype=container",
      "RequestMethod": "PUT",
      "RequestHeaders": {
        "Accept": "application/xml",
        "Authorization": "Sanitized",
        "Connection": "keep-alive",
        "Content-Length": "0",
        "User-Agent": "azsdk-js-azure-storage-blob/12.20.0 core-rest-pipeline/1.12.2 Node/v18.16.0 OS/(x64-Windows_NT-10.0.22621)",
        "x-ms-client-request-id": "695aa04c-a10a-4169-b09a-122403c6f08d",
        "x-ms-date": "Mon, 16 Oct 2023 08:52:54 GMT",
        "x-ms-version": "2023-08-03"
      },
      "RequestBody": null,
      "StatusCode": 201,
      "ResponseHeaders": {
        "Content-Length": "0",
        "Date": "Mon, 16 Oct 2023 08:52:54 GMT",
        "ETag": "\u00220x8DBCE2549ED24D1\u0022",
        "Last-Modified": "Mon, 16 Oct 2023 08:52:55 GMT",
        "Server": [
          "Windows-Azure-Blob/1.0",
          "Microsoft-HTTPAPI/2.0"
        ],
        "x-ms-client-request-id": "695aa04c-a10a-4169-b09a-122403c6f08d",
        "x-ms-request-id": "a35a28f7-401e-006e-050e-00c60e000000",
        "x-ms-version": "2023-08-03"
      },
      "ResponseBody": null
    },
    {
      "RequestUri": "https://fakestorageaccount.blob.core.windows.net/container169744637454909980/blob169744637469309867",
      "RequestMethod": "PUT",
      "RequestHeaders": {
        "Accept": "application/xml",
        "Authorization": "Sanitized",
        "Connection": "keep-alive",
        "Content-Length": "11",
        "Content-Type": "application/octet-stream",
        "User-Agent": "azsdk-js-azure-storage-blob/12.20.0 core-rest-pipeline/1.12.2 Node/v18.16.0 OS/(x64-Windows_NT-10.0.22621)",
        "x-ms-blob-type": "BlockBlob",
        "x-ms-client-request-id": "7ae68907-2217-42ef-9952-6790d98cf6f7",
        "x-ms-date": "Mon, 16 Oct 2023 08:52:54 GMT",
        "x-ms-version": "2023-08-03"
      },
      "RequestBody": "SGVsbG8gV29ybGQ=",
      "StatusCode": 201,
      "ResponseHeaders": {
        "Content-Length": "0",
        "Content-MD5": "sQqNsWTgdUEFt6mb5y4/5Q==",
        "Date": "Mon, 16 Oct 2023 08:52:54 GMT",
        "ETag": "\u00220x8DBCE2549FFE607\u0022",
        "Last-Modified": "Mon, 16 Oct 2023 08:52:55 GMT",
        "Server": [
          "Windows-Azure-Blob/1.0",
          "Microsoft-HTTPAPI/2.0"
        ],
        "x-ms-client-request-id": "7ae68907-2217-42ef-9952-6790d98cf6f7",
        "x-ms-content-crc64": "YeJLfssylmU=",
        "x-ms-request-id": "a35a2922-401e-006e-2b0e-00c60e000000",
        "x-ms-request-server-encrypted": "true",
        "x-ms-version": "2023-08-03",
        "x-ms-version-id": "2023-10-16T08:52:55.3676295Z"
      },
      "ResponseBody": null
    },
    {
      "RequestUri": "https://fakestorageaccount.blob.core.windows.net/container169744637454909980/blob169744637469309867",
      "RequestMethod": "PUT",
      "RequestHeaders": {
        "Accept": "application/xml",
        "Authorization": "Sanitized",
        "Connection": "keep-alive",
        "Content-Length": "32",
        "Content-Type": "application/octet-stream",
        "User-Agent": "azsdk-js-azure-storage-blob/12.20.0 core-rest-pipeline/1.12.2 Node/v18.16.0 OS/(x64-Windows_NT-10.0.22621)",
        "x-ms-blob-type": "BlockBlob",
        "x-ms-client-request-id": "5b555683-fe7f-4223-ae7a-5bdf52950dc9",
        "x-ms-date": "Mon, 16 Oct 2023 08:52:54 GMT",
        "x-ms-version": "2023-08-03"
      },
      "RequestBody": "MTAwLDIwMCwzMDAsNDAwCjE1MCwyNTAsMzUwLDQ1MAo=",
      "StatusCode": 201,
      "ResponseHeaders": {
        "Content-Length": "0",
        "Content-MD5": "v9C7YWQTetukQaGSOQcgRQ==",
        "Date": "Mon, 16 Oct 2023 08:52:54 GMT",
        "ETag": "\u00220x8DBCE254A15DBCC\u0022",
        "Last-Modified": "Mon, 16 Oct 2023 08:52:55 GMT",
        "Server": [
          "Windows-Azure-Blob/1.0",
          "Microsoft-HTTPAPI/2.0"
        ],
        "x-ms-client-request-id": "5b555683-fe7f-4223-ae7a-5bdf52950dc9",
        "x-ms-content-crc64": "gema9E3\u002BzEY=",
        "x-ms-request-id": "a35a2961-401e-006e-640e-00c60e000000",
        "x-ms-request-server-encrypted": "true",
        "x-ms-version": "2023-08-03",
        "x-ms-version-id": "2023-10-16T08:52:55.5135462Z"
      },
      "ResponseBody": null
    },
    {
      "RequestUri": "https://fakestorageaccount.blob.core.windows.net/container169744637454909980/blob169744637469309867?comp=query",
      "RequestMethod": "POST",
      "RequestHeaders": {
        "Accept": "application/xml",
        "Authorization": "Sanitized",
        "Connection": "keep-alive",
        "Content-Length": "160",
        "Content-Type": "application/xml",
        "User-Agent": "azsdk-js-azure-storage-blob/12.20.0 core-rest-pipeline/1.12.2 Node/v18.16.0 OS/(x64-Windows_NT-10.0.22621)",
        "x-ms-client-request-id": "138de100-4cfc-40cf-b718-f7b5fcdbda8c",
        "x-ms-date": "Mon, 16 Oct 2023 08:52:54 GMT",
        "x-ms-lease-id": "invalid",
        "x-ms-version": "2023-08-03"
      },
      "RequestBody": "\u003C?xml version=\u00221.0\u0022 encoding=\u0022UTF-8\u0022 standalone=\u0022yes\u0022?\u003E\u003CQueryRequest\u003E\u003CQueryType\u003ESQL\u003C/QueryType\u003E\u003CExpression\u003Eselect * from BlobStorage\u003C/Expression\u003E\u003C/QueryRequest\u003E",
      "StatusCode": 400,
      "ResponseHeaders": {
        "Content-Length": "327",
        "Content-Type": "application/xml",
        "Date": "Mon, 16 Oct 2023 08:52:54 GMT",
        "Server": [
          "Windows-Azure-Blob/1.0",
          "Microsoft-HTTPAPI/2.0"
        ],
        "x-ms-client-request-id": "138de100-4cfc-40cf-b718-f7b5fcdbda8c",
        "x-ms-error-code": "InvalidHeaderValue",
        "x-ms-request-id": "a35a2994-401e-006e-120e-00c60e000000",
        "x-ms-version": "2023-08-03"
      },
      "ResponseBody": [
        "\uFEFF\u003C?xml version=\u00221.0\u0022 encoding=\u0022utf-8\u0022?\u003E\n",
        "\u003CError\u003E\u003CCode\u003EInvalidHeaderValue\u003C/Code\u003E\u003CMessage\u003EThe value for one of the HTTP headers is not in the correct format.\n",
        "RequestId:a35a2994-401e-006e-120e-00c60e000000\n",
        "Time:2023-10-16T08:52:55.6754672Z\u003C/Message\u003E\u003CHeaderName\u003Ex-ms-lease-id\u003C/HeaderName\u003E\u003CHeaderValue\u003Einvalid\u003C/HeaderValue\u003E\u003C/Error\u003E"
      ]
    },
    {
      "RequestUri": "https://fakestorageaccount.blob.core.windows.net/container169744637454909980?restype=container",
      "RequestMethod": "DELETE",
      "RequestHeaders": {
        "Accept": "application/xml",
        "Authorization": "Sanitized",
        "Connection": "keep-alive",
        "User-Agent": "azsdk-js-azure-storage-blob/12.20.0 core-rest-pipeline/1.12.2 Node/v18.16.0 OS/(x64-Windows_NT-10.0.22621)",
        "x-ms-client-request-id": "a57c758e-22f6-44c9-a0d9-6ab1b9d4544d",
        "x-ms-date": "Mon, 16 Oct 2023 08:52:55 GMT",
        "x-ms-version": "2023-08-03"
      },
      "RequestBody": null,
      "StatusCode": 202,
      "ResponseHeaders": {
        "Content-Length": "0",
        "Date": "Mon, 16 Oct 2023 08:52:55 GMT",
        "Server": [
          "Windows-Azure-Blob/1.0",
          "Microsoft-HTTPAPI/2.0"
        ],
        "x-ms-client-request-id": "a57c758e-22f6-44c9-a0d9-6ab1b9d4544d",
        "x-ms-request-id": "a35a29e5-401e-006e-530e-00c60e000000",
        "x-ms-version": "2023-08-03"
      },
      "ResponseBody": null
    }
  ],
  "Variables": {
    "blob": "blob169744637469309867",
    "container": "container169744637454909980"
  }
}
