{
  "Entries": [
    {
      "RequestUri": "https://fakestorageaccount.file.core.windows.net/share169830089521005890?restype=share",
      "RequestMethod": "PUT",
      "RequestHeaders": {
        "Accept": "application/xml",
        "Authorization": "Sanitized",
        "Connection": "keep-alive",
        "Content-Length": "0",
        "User-Agent": "azsdk-js-azure-storage-blob/12.20.0 core-rest-pipeline/1.12.2 Node/v18.16.0 OS/(x64-Windows_NT-10.0.22621)",
        "x-ms-client-request-id": "1da84aa0-e705-4f17-8e4f-7d7c17cf7f38",
        "x-ms-date": "Thu, 26 Oct 2023 06:14:55 GMT",
        "x-ms-version": "2023-01-03"
      },
      "RequestBody": null,
      "StatusCode": 201,
      "ResponseHeaders": {
        "Content-Length": "0",
        "Date": "Thu, 26 Oct 2023 06:14:55 GMT",
        "ETag": "\u00220x8DBD5EAE0122624\u0022",
        "Last-Modified": "Thu, 26 Oct 2023 06:14:56 GMT",
        "Server": [
          "Windows-Azure-File/1.0",
          "Microsoft-HTTPAPI/2.0"
        ],
        "x-ms-client-request-id": "1da84aa0-e705-4f17-8e4f-7d7c17cf7f38",
        "x-ms-request-id": "52ccf55e-901a-0042-4cd3-072aa1000000",
        "x-ms-version": "2023-01-03"
      },
      "ResponseBody": null
    },
    {
      "RequestUri": "https://fakestorageaccount.file.core.windows.net/share169830089521005890/dir169830089535005662?restype=directory",
      "RequestMethod": "PUT",
      "RequestHeaders": {
        "Accept": "application/xml",
        "Authorization": "Sanitized",
        "Connection": "keep-alive",
        "Content-Length": "0",
        "User-Agent": "azsdk-js-azure-storage-blob/12.20.0 core-rest-pipeline/1.12.2 Node/v18.16.0 OS/(x64-Windows_NT-10.0.22621)",
        "x-ms-client-request-id": "f125b31f-879a-4d0b-b84b-d1fe33c311f5",
        "x-ms-date": "Thu, 26 Oct 2023 06:14:55 GMT",
        "x-ms-file-attributes": "Directory",
        "x-ms-file-creation-time": "now",
        "x-ms-file-last-write-time": "now",
        "x-ms-file-permission": "inherit",
        "x-ms-version": "2023-01-03"
      },
      "RequestBody": null,
      "StatusCode": 201,
      "ResponseHeaders": {
        "Content-Length": "0",
        "Date": "Thu, 26 Oct 2023 06:14:55 GMT",
        "ETag": "\u00220x8DBD5EAE02F8872\u0022",
        "Last-Modified": "Thu, 26 Oct 2023 06:14:56 GMT",
        "Server": [
          "Windows-Azure-File/1.0",
          "Microsoft-HTTPAPI/2.0"
        ],
        "x-ms-client-request-id": "f125b31f-879a-4d0b-b84b-d1fe33c311f5",
        "x-ms-file-attributes": "Directory",
        "x-ms-file-change-time": "2023-10-26T06:14:56.3332210Z",
        "x-ms-file-creation-time": "2023-10-26T06:14:56.3332210Z",
        "x-ms-file-id": "13835128424026341376",
        "x-ms-file-last-write-time": "2023-10-26T06:14:56.3332210Z",
        "x-ms-file-parent-id": "0",
        "x-ms-file-permission-key": "9255856626508002348*16764736045797335973",
        "x-ms-request-id": "52ccf560-901a-0042-4dd3-072aa1000000",
        "x-ms-request-server-encrypted": "true",
        "x-ms-version": "2023-01-03"
      },
      "ResponseBody": null
    },
    {
      "RequestUri": "https://fakestorageaccount.file.core.windows.net/share169830089521005890/sourcefile169830089551901478",
      "RequestMethod": "PUT",
      "RequestHeaders": {
        "Accept": "application/xml",
        "Authorization": "Sanitized",
        "Connection": "keep-alive",
        "Content-Length": "0",
        "User-Agent": "azsdk-js-azure-storage-blob/12.20.0 core-rest-pipeline/1.12.2 Node/v18.16.0 OS/(x64-Windows_NT-10.0.22621)",
        "x-ms-client-request-id": "73d4862c-0365-4316-93ce-7b7d13c4d52b",
        "x-ms-content-length": "2048",
        "x-ms-date": "Thu, 26 Oct 2023 06:14:55 GMT",
        "x-ms-file-attributes": "None",
        "x-ms-file-creation-time": "now",
        "x-ms-file-last-write-time": "now",
        "x-ms-file-permission": "inherit",
        "x-ms-type": "file",
        "x-ms-version": "2023-01-03"
      },
      "RequestBody": null,
      "StatusCode": 201,
      "ResponseHeaders": {
        "Content-Length": "0",
        "Date": "Thu, 26 Oct 2023 06:14:56 GMT",
        "ETag": "\u00220x8DBD5EAE0416022\u0022",
        "Last-Modified": "Thu, 26 Oct 2023 06:14:56 GMT",
        "Server": [
          "Windows-Azure-File/1.0",
          "Microsoft-HTTPAPI/2.0"
        ],
        "x-ms-client-request-id": "73d4862c-0365-4316-93ce-7b7d13c4d52b",
        "x-ms-file-attributes": "Archive",
        "x-ms-file-change-time": "2023-10-26T06:14:56.4501538Z",
        "x-ms-file-creation-time": "2023-10-26T06:14:56.4501538Z",
        "x-ms-file-id": "11529285414812647424",
        "x-ms-file-last-write-time": "2023-10-26T06:14:56.4501538Z",
        "x-ms-file-parent-id": "0",
        "x-ms-file-permission-key": "4614121289425226539*16764736045797335973",
        "x-ms-request-id": "52ccf566-901a-0042-51d3-072aa1000000",
        "x-ms-request-server-encrypted": "true",
        "x-ms-version": "2023-01-03"
      },
      "ResponseBody": null
    },
    {
      "RequestUri": "https://fakestorageaccount.file.core.windows.net/share169830089521005890/destfile169830089551908972?comp=rename",
      "RequestMethod": "PUT",
      "RequestHeaders": {
        "Accept": "application/xml",
        "Authorization": "Sanitized",
        "Connection": "keep-alive",
        "Content-Length": "0",
        "User-Agent": "azsdk-js-azure-storage-blob/12.20.0 core-rest-pipeline/1.12.2 Node/v18.16.0 OS/(x64-Windows_NT-10.0.22621)",
        "x-ms-client-request-id": "92c9ba8c-b958-4636-a17c-685ea3407b98",
        "x-ms-content-type": "contenttype/subtype",
        "x-ms-date": "Thu, 26 Oct 2023 06:14:55 GMT",
        "x-ms-version": "2023-01-03"
      },
      "RequestBody": null,
      "StatusCode": 200,
      "ResponseHeaders": {
        "Content-Length": "0",
        "Date": "Thu, 26 Oct 2023 06:14:56 GMT",
        "ETag": "\u00220x8DBD5EAE056E0B7\u0022",
        "Last-Modified": "Thu, 26 Oct 2023 06:14:56 GMT",
        "Server": [
          "Windows-Azure-File/1.0",
          "Microsoft-HTTPAPI/2.0"
        ],
        "x-ms-client-request-id": "92c9ba8c-b958-4636-a17c-685ea3407b98",
        "x-ms-file-attributes": "Archive",
        "x-ms-file-change-time": "2023-10-26T06:14:56.5910711Z",
        "x-ms-file-creation-time": "2023-10-26T06:14:56.4501538Z",
        "x-ms-file-id": "11529285414812647424",
        "x-ms-file-last-write-time": "2023-10-26T06:14:56.4501538Z",
        "x-ms-file-parent-id": "0",
        "x-ms-file-permission-key": "4614121289425226539*16764736045797335973",
        "x-ms-request-id": "52ccf567-901a-0042-52d3-072aa1000000",
        "x-ms-request-server-encrypted": "true",
        "x-ms-version": "2023-01-03"
      },
      "ResponseBody": null
    },
    {
      "RequestUri": "https://fakestorageaccount.file.core.windows.net/share169830089521005890/destfile169830089551908972",
      "RequestMethod": "HEAD",
      "RequestHeaders": {
        "Accept": "application/xml",
        "Authorization": "Sanitized",
        "Connection": "keep-alive",
        "User-Agent": "azsdk-js-azure-storage-blob/12.20.0 core-rest-pipeline/1.12.2 Node/v18.16.0 OS/(x64-Windows_NT-10.0.22621)",
        "x-ms-client-request-id": "b2dd3c43-3497-4801-b498-468d300dfabb",
        "x-ms-date": "Thu, 26 Oct 2023 06:14:55 GMT",
        "x-ms-version": "2023-01-03"
      },
      "RequestBody": null,
      "StatusCode": 200,
      "ResponseHeaders": {
        "Content-Length": "2048",
        "Content-Type": "contenttype/subtype",
        "Date": "Thu, 26 Oct 2023 06:14:56 GMT",
        "ETag": "\u00220x8DBD5EAE056E0B7\u0022",
        "Last-Modified": "Thu, 26 Oct 2023 06:14:56 GMT",
        "Server": [
          "Windows-Azure-File/1.0",
          "Microsoft-HTTPAPI/2.0"
        ],
        "Vary": "Origin",
        "x-ms-client-request-id": "b2dd3c43-3497-4801-b498-468d300dfabb",
        "x-ms-file-attributes": "Archive",
        "x-ms-file-change-time": "2023-10-26T06:14:56.5910711Z",
        "x-ms-file-creation-time": "2023-10-26T06:14:56.4501538Z",
        "x-ms-file-id": "11529285414812647424",
        "x-ms-file-last-write-time": "2023-10-26T06:14:56.4501538Z",
        "x-ms-file-parent-id": "0",
        "x-ms-file-permission-key": "4614121289425226539*16764736045797335973",
        "x-ms-lease-state": "available",
        "x-ms-lease-status": "unlocked",
        "x-ms-request-id": "52ccf568-901a-0042-53d3-072aa1000000",
        "x-ms-server-encrypted": "true",
        "x-ms-type": "File",
        "x-ms-version": "2023-01-03"
      },
      "ResponseBody": null
    },
    {
      "RequestUri": "https://fakestorageaccount.file.core.windows.net/share169830089521005890/sourcefile169830089551901478",
      "RequestMethod": "HEAD",
      "RequestHeaders": {
        "Accept": "application/xml",
        "Authorization": "Sanitized",
        "Connection": "keep-alive",
        "User-Agent": "azsdk-js-azure-storage-blob/12.20.0 core-rest-pipeline/1.12.2 Node/v18.16.0 OS/(x64-Windows_NT-10.0.22621)",
        "x-ms-client-request-id": "95ad3119-27a8-49ae-ae15-401139fd08d5",
        "x-ms-date": "Thu, 26 Oct 2023 06:14:55 GMT",
        "x-ms-version": "2023-01-03"
      },
      "RequestBody": null,
      "StatusCode": 404,
      "ResponseHeaders": {
        "Date": "Thu, 26 Oct 2023 06:14:56 GMT",
        "Server": [
          "Windows-Azure-File/1.0",
          "Microsoft-HTTPAPI/2.0"
        ],
        "Transfer-Encoding": "chunked",
        "Vary": "Origin",
        "x-ms-client-request-id": "95ad3119-27a8-49ae-ae15-401139fd08d5",
        "x-ms-error-code": "ResourceNotFound",
        "x-ms-request-id": "52ccf569-901a-0042-54d3-072aa1000000",
        "x-ms-version": "2023-01-03"
      },
      "ResponseBody": null
    },
    {
      "RequestUri": "https://fakestorageaccount.file.core.windows.net/share169830089521005890?restype=share",
      "RequestMethod": "DELETE",
      "RequestHeaders": {
        "Accept": "application/xml",
        "Authorization": "Sanitized",
        "Connection": "keep-alive",
        "User-Agent": "azsdk-js-azure-storage-blob/12.20.0 core-rest-pipeline/1.12.2 Node/v18.16.0 OS/(x64-Windows_NT-10.0.22621)",
        "x-ms-client-request-id": "70cf8f01-0b9f-447e-a567-1e1b77492835",
        "x-ms-date": "Thu, 26 Oct 2023 06:14:55 GMT",
        "x-ms-delete-snapshots": "include",
        "x-ms-version": "2023-01-03"
      },
      "RequestBody": null,
      "StatusCode": 202,
      "ResponseHeaders": {
        "Content-Length": "0",
        "Date": "Thu, 26 Oct 2023 06:14:56 GMT",
        "Server": [
          "Windows-Azure-File/1.0",
          "Microsoft-HTTPAPI/2.0"
        ],
        "x-ms-client-request-id": "70cf8f01-0b9f-447e-a567-1e1b77492835",
        "x-ms-request-id": "52ccf56a-901a-0042-55d3-072aa1000000",
        "x-ms-version": "2023-01-03"
      },
      "ResponseBody": null
    }
  ],
  "Variables": {
    "destfile": "destfile169830089551908972",
    "dir": "dir169830089535005662",
    "file": "file169830089551806303",
    "share": "share169830089521005890",
    "sourcefile": "sourcefile169830089551901478"
  }
}
