{
  "Entries": [
    {
      "RequestUri": "https://fakestorageaccount.file.core.windows.net/share169538209750708717?restype=share",
      "RequestMethod": "PUT",
      "RequestHeaders": {
        "Accept": "application/xml",
        "Authorization": "Sanitized",
        "Connection": "keep-alive",
        "Content-Length": "0",
        "User-Agent": "azsdk-js-azure-storage-blob/12.20.0 core-rest-pipeline/1.12.2 Node/v19.7.0 OS/(x64-Linux-5.15.0-1041-azure)",
        "x-ms-client-request-id": "ea4dbecf-933c-4c97-9a96-185dfb22b263",
        "x-ms-date": "Fri, 22 Sep 2023 11:28:17 GMT",
        "x-ms-version": "2023-01-03"
      },
      "RequestBody": null,
      "StatusCode": 201,
      "ResponseHeaders": {
        "Content-Length": "0",
        "Date": "Fri, 22 Sep 2023 11:28:17 GMT",
        "ETag": "\u00220x8DBBB5F0485C2CB\u0022",
        "Last-Modified": "Fri, 22 Sep 2023 11:28:17 GMT",
        "Server": [
          "Windows-Azure-File/1.0",
          "Microsoft-HTTPAPI/2.0"
        ],
        "x-ms-client-request-id": "ea4dbecf-933c-4c97-9a96-185dfb22b263",
        "x-ms-request-id": "46de14aa-201a-0061-5a47-ed7472000000",
        "x-ms-version": "2023-01-03"
      },
      "ResponseBody": null
    },
    {
      "RequestUri": "https://fakestorageaccount.file.core.windows.net/share169538209750708717/dir169538209753908711?restype=directory",
      "RequestMethod": "PUT",
      "RequestHeaders": {
        "Accept": "application/xml",
        "Authorization": "Sanitized",
        "Connection": "keep-alive",
        "Content-Length": "0",
        "User-Agent": "azsdk-js-azure-storage-blob/12.20.0 core-rest-pipeline/1.12.2 Node/v19.7.0 OS/(x64-Linux-5.15.0-1041-azure)",
        "x-ms-client-request-id": "96a68266-4196-4c9e-b8a6-14ad22a5b86e",
        "x-ms-date": "Fri, 22 Sep 2023 11:28:17 GMT",
        "x-ms-file-attributes": "Directory",
        "x-ms-file-creation-time": "now",
        "x-ms-file-last-write-time": "now",
        "x-ms-file-permission": "inherit",
        "x-ms-version": "2023-01-03"
      },
      "RequestBody": null,
      "StatusCode": 201,
      "ResponseHeaders": {
        "Content-Length": "0",
        "Date": "Fri, 22 Sep 2023 11:28:17 GMT",
        "ETag": "\u00220x8DBBB5F048BD31E\u0022",
        "Last-Modified": "Fri, 22 Sep 2023 11:28:17 GMT",
        "Server": [
          "Windows-Azure-File/1.0",
          "Microsoft-HTTPAPI/2.0"
        ],
        "x-ms-client-request-id": "96a68266-4196-4c9e-b8a6-14ad22a5b86e",
        "x-ms-file-attributes": "Directory",
        "x-ms-file-change-time": "2023-09-22T11:28:17.5616798Z",
        "x-ms-file-creation-time": "2023-09-22T11:28:17.5616798Z",
        "x-ms-file-id": "13835128424026341376",
        "x-ms-file-last-write-time": "2023-09-22T11:28:17.5616798Z",
        "x-ms-file-parent-id": "0",
        "x-ms-file-permission-key": "2805801806637501937*5632617694610889336",
        "x-ms-request-id": "46de14ac-201a-0061-5b47-ed7472000000",
        "x-ms-request-server-encrypted": "true",
        "x-ms-version": "2023-01-03"
      },
      "ResponseBody": null
    },
    {
      "RequestUri": "https://fakestorageaccount.file.core.windows.net/share169538209750708717/dir169538209753908711/file169538209757807408",
      "RequestMethod": "PUT",
      "RequestHeaders": {
        "Accept": "application/xml",
        "Authorization": "Sanitized",
        "Connection": "keep-alive",
        "Content-Length": "0",
        "User-Agent": "azsdk-js-azure-storage-blob/12.20.0 core-rest-pipeline/1.12.2 Node/v19.7.0 OS/(x64-Linux-5.15.0-1041-azure)",
        "x-ms-client-request-id": "06520de5-eb64-412b-81fb-5a2e1d5d653c",
        "x-ms-content-length": "11",
        "x-ms-date": "Fri, 22 Sep 2023 11:28:17 GMT",
        "x-ms-file-attributes": "None",
        "x-ms-file-creation-time": "now",
        "x-ms-file-last-write-time": "now",
        "x-ms-file-permission": "inherit",
        "x-ms-type": "file",
        "x-ms-version": "2023-01-03"
      },
      "RequestBody": null,
      "StatusCode": 201,
      "ResponseHeaders": {
        "Content-Length": "0",
        "Date": "Fri, 22 Sep 2023 11:28:17 GMT",
        "ETag": "\u00220x8DBBB5F0491298E\u0022",
        "Last-Modified": "Fri, 22 Sep 2023 11:28:17 GMT",
        "Server": [
          "Windows-Azure-File/1.0",
          "Microsoft-HTTPAPI/2.0"
        ],
        "x-ms-client-request-id": "06520de5-eb64-412b-81fb-5a2e1d5d653c",
        "x-ms-file-attributes": "Archive",
        "x-ms-file-change-time": "2023-09-22T11:28:17.5966606Z",
        "x-ms-file-creation-time": "2023-09-22T11:28:17.5966606Z",
        "x-ms-file-id": "11529285414812647424",
        "x-ms-file-last-write-time": "2023-09-22T11:28:17.5966606Z",
        "x-ms-file-parent-id": "13835128424026341376",
        "x-ms-file-permission-key": "16612648395746669302*5632617694610889336",
        "x-ms-request-id": "46de14ad-201a-0061-5c47-ed7472000000",
        "x-ms-request-server-encrypted": "true",
        "x-ms-version": "2023-01-03"
      },
      "ResponseBody": null
    },
    {
      "RequestUri": "https://fakestorageaccount.file.core.windows.net/share169538209750708717/dir169538209753908711/file169538209757807408?comp=metadata",
      "RequestMethod": "PUT",
      "RequestHeaders": {
        "Accept": "application/xml",
        "Authorization": "Sanitized",
        "Connection": "keep-alive",
        "Content-Length": "0",
        "User-Agent": "azsdk-js-azure-storage-blob/12.20.0 core-rest-pipeline/1.12.2 Node/v19.7.0 OS/(x64-Linux-5.15.0-1041-azure)",
        "x-ms-client-request-id": "7de326eb-2ba7-4468-8069-703af74fe50b",
        "x-ms-date": "Fri, 22 Sep 2023 11:28:17 GMT",
        "x-ms-meta-a": "a",
        "x-ms-meta-b": "b",
        "x-ms-version": "2023-01-03"
      },
      "RequestBody": null,
      "StatusCode": 200,
      "ResponseHeaders": {
        "Content-Length": "0",
        "Date": "Fri, 22 Sep 2023 11:28:17 GMT",
        "ETag": "\u00220x8DBBB5F0495E3C4\u0022",
        "Last-Modified": "Fri, 22 Sep 2023 11:28:17 GMT",
        "Server": [
          "Windows-Azure-File/1.0",
          "Microsoft-HTTPAPI/2.0"
        ],
        "x-ms-client-request-id": "7de326eb-2ba7-4468-8069-703af74fe50b",
        "x-ms-request-id": "46de14ae-201a-0061-5d47-ed7472000000",
        "x-ms-request-server-encrypted": "true",
        "x-ms-version": "2023-01-03"
      },
      "ResponseBody": null
    },
    {
      "RequestUri": "https://fakestorageaccount.file.core.windows.net/share169538209750708717/dir169538209753908711/file169538209757807408",
      "RequestMethod": "HEAD",
      "RequestHeaders": {
        "Accept": "application/xml",
        "Authorization": "Sanitized",
        "Connection": "keep-alive",
        "User-Agent": "azsdk-js-azure-storage-blob/12.20.0 core-rest-pipeline/1.12.2 Node/v19.7.0 OS/(x64-Linux-5.15.0-1041-azure)",
        "x-ms-client-request-id": "89144f5a-04e8-4c7c-8975-23ec8509a374",
        "x-ms-date": "Fri, 22 Sep 2023 11:28:17 GMT",
        "x-ms-version": "2023-01-03"
      },
      "RequestBody": null,
      "StatusCode": 200,
      "ResponseHeaders": {
        "Access-Control-Allow-Origin": "*",
        "Access-Control-Expose-Headers": "x-ms-request-id,x-ms-client-request-id,Server,x-ms-version,x-ms-meta-a,x-ms-meta-b,Content-Type,Last-Modified,ETag,x-ms-type,x-ms-server-encrypted,x-ms-lease-status,x-ms-lease-state,x-ms-file-change-time,x-ms-file-last-write-time,x-ms-file-creation-time,x-ms-file-permission-key,x-ms-file-attributes,x-ms-file-id,x-ms-file-parent-id,Content-Length,Date,Transfer-Encoding",
        "Content-Length": "11",
        "Content-Type": "application/octet-stream",
        "Date": "Fri, 22 Sep 2023 11:28:17 GMT",
        "ETag": "\u00220x8DBBB5F0495E3C4\u0022",
        "Last-Modified": "Fri, 22 Sep 2023 11:28:17 GMT",
        "Server": [
          "Windows-Azure-File/1.0",
          "Microsoft-HTTPAPI/2.0"
        ],
        "x-ms-client-request-id": "89144f5a-04e8-4c7c-8975-23ec8509a374",
        "x-ms-file-attributes": "Archive",
        "x-ms-file-change-time": "2023-09-22T11:28:17.6276420Z",
        "x-ms-file-creation-time": "2023-09-22T11:28:17.5966606Z",
        "x-ms-file-id": "11529285414812647424",
        "x-ms-file-last-write-time": "2023-09-22T11:28:17.5966606Z",
        "x-ms-file-parent-id": "13835128424026341376",
        "x-ms-file-permission-key": "16612648395746669302*5632617694610889336",
        "x-ms-lease-state": "available",
        "x-ms-lease-status": "unlocked",
        "x-ms-meta-a": "a",
        "x-ms-meta-b": "b",
        "x-ms-request-id": "46de14af-201a-0061-5e47-ed7472000000",
        "x-ms-server-encrypted": "true",
        "x-ms-type": "File",
        "x-ms-version": "2023-01-03"
      },
      "ResponseBody": null
    },
    {
      "RequestUri": "https://fakestorageaccount.file.core.windows.net/share169538209750708717/dir169538209753908711/file169538209757807408?comp=metadata",
      "RequestMethod": "PUT",
      "RequestHeaders": {
        "Accept": "application/xml",
        "Authorization": "Sanitized",
        "Connection": "keep-alive",
        "Content-Length": "0",
        "User-Agent": "azsdk-js-azure-storage-blob/12.20.0 core-rest-pipeline/1.12.2 Node/v19.7.0 OS/(x64-Linux-5.15.0-1041-azure)",
        "x-ms-client-request-id": "6d12d16d-09c3-4bce-b09a-e12e4cb5defa",
        "x-ms-date": "Fri, 22 Sep 2023 11:28:17 GMT",
        "x-ms-version": "2023-01-03"
      },
      "RequestBody": null,
      "StatusCode": 200,
      "ResponseHeaders": {
        "Content-Length": "0",
        "Date": "Fri, 22 Sep 2023 11:28:17 GMT",
        "ETag": "\u00220x8DBBB5F049F0A2B\u0022",
        "Last-Modified": "Fri, 22 Sep 2023 11:28:17 GMT",
        "Server": [
          "Windows-Azure-File/1.0",
          "Microsoft-HTTPAPI/2.0"
        ],
        "x-ms-client-request-id": "6d12d16d-09c3-4bce-b09a-e12e4cb5defa",
        "x-ms-request-id": "46de14b0-201a-0061-5f47-ed7472000000",
        "x-ms-request-server-encrypted": "true",
        "x-ms-version": "2023-01-03"
      },
      "ResponseBody": null
    },
    {
      "RequestUri": "https://fakestorageaccount.file.core.windows.net/share169538209750708717/dir169538209753908711/file169538209757807408",
      "RequestMethod": "HEAD",
      "RequestHeaders": {
        "Accept": "application/xml",
        "Authorization": "Sanitized",
        "Connection": "keep-alive",
        "User-Agent": "azsdk-js-azure-storage-blob/12.20.0 core-rest-pipeline/1.12.2 Node/v19.7.0 OS/(x64-Linux-5.15.0-1041-azure)",
        "x-ms-client-request-id": "e3b491ac-9e23-4f9d-8f50-e837759521b4",
        "x-ms-date": "Fri, 22 Sep 2023 11:28:17 GMT",
        "x-ms-version": "2023-01-03"
      },
      "RequestBody": null,
      "StatusCode": 200,
      "ResponseHeaders": {
        "Access-Control-Allow-Origin": "*",
        "Access-Control-Expose-Headers": "x-ms-request-id,x-ms-client-request-id,Server,x-ms-version,Content-Type,Last-Modified,ETag,x-ms-type,x-ms-server-encrypted,x-ms-lease-status,x-ms-lease-state,x-ms-file-change-time,x-ms-file-last-write-time,x-ms-file-creation-time,x-ms-file-permission-key,x-ms-file-attributes,x-ms-file-id,x-ms-file-parent-id,Content-Length,Date,Transfer-Encoding",
        "Content-Length": "11",
        "Content-Type": "application/octet-stream",
        "Date": "Fri, 22 Sep 2023 11:28:17 GMT",
        "ETag": "\u00220x8DBBB5F049F0A2B\u0022",
        "Last-Modified": "Fri, 22 Sep 2023 11:28:17 GMT",
        "Server": [
          "Windows-Azure-File/1.0",
          "Microsoft-HTTPAPI/2.0"
        ],
        "x-ms-client-request-id": "e3b491ac-9e23-4f9d-8f50-e837759521b4",
        "x-ms-file-attributes": "Archive",
        "x-ms-file-change-time": "2023-09-22T11:28:17.6876075Z",
        "x-ms-file-creation-time": "2023-09-22T11:28:17.5966606Z",
        "x-ms-file-id": "11529285414812647424",
        "x-ms-file-last-write-time": "2023-09-22T11:28:17.5966606Z",
        "x-ms-file-parent-id": "13835128424026341376",
        "x-ms-file-permission-key": "16612648395746669302*5632617694610889336",
        "x-ms-lease-state": "available",
        "x-ms-lease-status": "unlocked",
        "x-ms-request-id": "46de14b1-201a-0061-6047-ed7472000000",
        "x-ms-server-encrypted": "false",
        "x-ms-type": "File",
        "x-ms-version": "2023-01-03"
      },
      "ResponseBody": null
    },
    {
      "RequestUri": "https://fakestorageaccount.file.core.windows.net/share169538209750708717?restype=share",
      "RequestMethod": "DELETE",
      "RequestHeaders": {
        "Accept": "application/xml",
        "Authorization": "Sanitized",
        "Connection": "keep-alive",
        "User-Agent": "azsdk-js-azure-storage-blob/12.20.0 core-rest-pipeline/1.12.2 Node/v19.7.0 OS/(x64-Linux-5.15.0-1041-azure)",
        "x-ms-client-request-id": "97e22ab4-6422-428d-8b32-f7a61f1a5a3b",
        "x-ms-date": "Fri, 22 Sep 2023 11:28:17 GMT",
        "x-ms-delete-snapshots": "include",
        "x-ms-version": "2023-01-03"
      },
      "RequestBody": null,
      "StatusCode": 202,
      "ResponseHeaders": {
        "Content-Length": "0",
        "Date": "Fri, 22 Sep 2023 11:28:17 GMT",
        "Server": [
          "Windows-Azure-File/1.0",
          "Microsoft-HTTPAPI/2.0"
        ],
        "x-ms-client-request-id": "97e22ab4-6422-428d-8b32-f7a61f1a5a3b",
        "x-ms-request-id": "46de14b2-201a-0061-6147-ed7472000000",
        "x-ms-version": "2023-01-03"
      },
      "ResponseBody": null
    }
  ],
  "Variables": {
    "dir": "dir169538209753908711",
    "file": "file169538209757807408",
    "share": "share169538209750708717"
  }
}
