{
  "Entries": [
    {
      "RequestUri": "https://fakestorageaccount.file.core.windows.net/share168737582223504060?restype=share",
      "RequestMethod": "PUT",
      "RequestHeaders": {
        "Accept": "application/xml",
        "Authorization": "Sanitized",
        "Connection": "close",
        "Content-Length": "0",
        "User-Agent": "azsdk-js-azure-storage-blob/12.13.0 core-rest-pipeline/1.11.1 Node/v18.16.0 OS/(x64-Linux-6.2.10-arch1-1)",
        "x-ms-client-request-id": "1464c940-f4ec-4b9e-ad86-c0583e75f401",
        "x-ms-date": "Wed, 21 Jun 2023 19:30:22 GMT",
        "x-ms-version": "2021-12-02"
      },
      "RequestBody": null,
      "StatusCode": 201,
      "ResponseHeaders": {
        "Connection": "close",
        "Content-Length": "0",
        "Date": "Wed, 21 Jun 2023 19:28:21 GMT",
        "ETag": "\u00220x8DB728DACBC4950\u0022",
        "Last-Modified": "Wed, 21 Jun 2023 19:28:21 GMT",
        "Server": [
          "Windows-Azure-File/1.0",
          "Microsoft-HTTPAPI/2.0"
        ],
        "x-ms-client-request-id": "1464c940-f4ec-4b9e-ad86-c0583e75f401",
        "x-ms-request-id": "731dfae7-a01a-0045-2a76-a44461000000",
        "x-ms-version": "2021-12-02"
      },
      "ResponseBody": null
    },
    {
      "RequestUri": "https://fakestorageaccount.file.core.windows.net/share168737582223504060/dir168737582284504297?restype=directory",
      "RequestMethod": "PUT",
      "RequestHeaders": {
        "Accept": "application/xml",
        "Authorization": "Sanitized",
        "Connection": "close",
        "Content-Length": "0",
        "User-Agent": "azsdk-js-azure-storage-blob/12.13.0 core-rest-pipeline/1.11.1 Node/v18.16.0 OS/(x64-Linux-6.2.10-arch1-1)",
        "x-ms-client-request-id": "707873f6-ea25-47b1-b37d-53103f303e81",
        "x-ms-date": "Wed, 21 Jun 2023 19:30:22 GMT",
        "x-ms-file-attributes": "Directory",
        "x-ms-file-creation-time": "now",
        "x-ms-file-last-write-time": "now",
        "x-ms-file-permission": "inherit",
        "x-ms-version": "2021-12-02"
      },
      "RequestBody": null,
      "StatusCode": 201,
      "ResponseHeaders": {
        "Connection": "close",
        "Content-Length": "0",
        "Date": "Wed, 21 Jun 2023 19:28:21 GMT",
        "ETag": "\u00220x8DB728DACF65A8C\u0022",
        "Last-Modified": "Wed, 21 Jun 2023 19:28:22 GMT",
        "Server": [
          "Windows-Azure-File/1.0",
          "Microsoft-HTTPAPI/2.0"
        ],
        "x-ms-client-request-id": "707873f6-ea25-47b1-b37d-53103f303e81",
        "x-ms-file-attributes": "Directory",
        "x-ms-file-change-time": "2023-06-21T19:28:22.0838540Z",
        "x-ms-file-creation-time": "2023-06-21T19:28:22.0838540Z",
        "x-ms-file-id": "13835128424026341376",
        "x-ms-file-last-write-time": "2023-06-21T19:28:22.0838540Z",
        "x-ms-file-parent-id": "0",
        "x-ms-file-permission-key": "11388031799016231592*17785080543603098913",
        "x-ms-request-id": "876148b7-201a-005b-3676-a4a8b9000000",
        "x-ms-request-server-encrypted": "true",
        "x-ms-version": "2021-12-02"
      },
      "ResponseBody": null
    },
    {
      "RequestUri": "https://fakestorageaccount.file.core.windows.net/share168737582223504060/dir168737582284504297/filename168737582319902888",
      "RequestMethod": "PUT",
      "RequestHeaders": {
        "Accept": "application/xml",
        "Authorization": "Sanitized",
        "Connection": "close",
        "Content-Length": "0",
        "User-Agent": "azsdk-js-azure-storage-blob/12.13.0 core-rest-pipeline/1.11.1 Node/v18.16.0 OS/(x64-Linux-6.2.10-arch1-1)",
        "x-ms-client-request-id": "0052f26a-2ec0-4c64-aaef-f53be6f0d01f",
        "x-ms-content-length": "11",
        "x-ms-date": "Wed, 21 Jun 2023 19:30:23 GMT",
        "x-ms-file-attributes": "None",
        "x-ms-file-creation-time": "now",
        "x-ms-file-last-write-time": "now",
        "x-ms-file-permission": "inherit",
        "x-ms-type": "file",
        "x-ms-version": "2021-12-02"
      },
      "RequestBody": null,
      "StatusCode": 201,
      "ResponseHeaders": {
        "Connection": "close",
        "Content-Length": "0",
        "Date": "Wed, 21 Jun 2023 19:28:22 GMT",
        "ETag": "\u00220x8DB728DAD31D445\u0022",
        "Last-Modified": "Wed, 21 Jun 2023 19:28:22 GMT",
        "Server": [
          "Windows-Azure-File/1.0",
          "Microsoft-HTTPAPI/2.0"
        ],
        "x-ms-client-request-id": "0052f26a-2ec0-4c64-aaef-f53be6f0d01f",
        "x-ms-file-attributes": "Archive",
        "x-ms-file-change-time": "2023-06-21T19:28:22.4736325Z",
        "x-ms-file-creation-time": "2023-06-21T19:28:22.4736325Z",
        "x-ms-file-id": "13835093239654252544",
        "x-ms-file-last-write-time": "2023-06-21T19:28:22.4736325Z",
        "x-ms-file-parent-id": "13835128424026341376",
        "x-ms-file-permission-key": "6805401690481716655*17785080543603098913",
        "x-ms-request-id": "a6cdf0cc-701a-0034-5a76-a4a24a000000",
        "x-ms-request-server-encrypted": "true",
        "x-ms-version": "2021-12-02"
      },
      "ResponseBody": null
    },
    {
      "RequestUri": "https://fakestorageaccount.file.core.windows.net/share168737582223504060/dir168737582284504297?comp=list\u0026prefix=filename168737582319902888\u0026restype=directory",
      "RequestMethod": "GET",
      "RequestHeaders": {
        "Accept": "application/xml",
        "Authorization": "Sanitized",
        "Connection": "close",
        "User-Agent": "azsdk-js-azure-storage-blob/12.13.0 core-rest-pipeline/1.11.1 Node/v18.16.0 OS/(x64-Linux-6.2.10-arch1-1)",
        "x-ms-client-request-id": "fdb84884-bfa1-4459-9d82-81e438dcda0a",
        "x-ms-date": "Wed, 21 Jun 2023 19:30:23 GMT",
        "x-ms-version": "2021-12-02"
      },
      "RequestBody": null,
      "StatusCode": 200,
      "ResponseHeaders": {
        "Access-Control-Allow-Origin": "*",
        "Access-Control-Expose-Headers": "x-ms-request-id,x-ms-client-request-id,Server,x-ms-version,Content-Type,Content-Length,Date,Transfer-Encoding",
        "Connection": "close",
        "Content-Type": "application/xml",
        "Date": "Wed, 21 Jun 2023 19:28:22 GMT",
        "Server": [
          "Windows-Azure-File/1.0",
          "Microsoft-HTTPAPI/2.0"
        ],
        "Transfer-Encoding": "chunked",
        "x-ms-client-request-id": "fdb84884-bfa1-4459-9d82-81e438dcda0a",
        "x-ms-request-id": "3fc34ee1-b01a-0049-2276-a4d369000000",
        "x-ms-version": "2021-12-02"
      },
      "ResponseBody": "\uFEFF\u003C?xml version=\u00221.0\u0022 encoding=\u0022utf-8\u0022?\u003E\u003CEnumerationResults ServiceEndpoint=\u0022https://fakestorageaccount.file.core.windows.net/\u0022 ShareName=\u0022share168737582223504060\u0022 DirectoryPath=\u0022dir168737582284504297\u0022\u003E\u003CPrefix\u003Efilename168737582319902888\u003C/Prefix\u003E\u003CDirectoryId\u003E13835128424026341376\u003C/DirectoryId\u003E\u003CEntries\u003E\u003CFile\u003E\u003CName\u003Efilename168737582319902888\u003C/Name\u003E\u003CFileId\u003E13835093239654252544\u003C/FileId\u003E\u003CProperties\u003E\u003CContent-Length\u003E11\u003C/Content-Length\u003E\u003C/Properties\u003E\u003C/File\u003E\u003C/Entries\u003E\u003CNextMarker /\u003E\u003C/EnumerationResults\u003E"
    },
    {
      "RequestUri": "https://fakestorageaccount.file.core.windows.net/share168737582223504060/dir168737582284504297/filename168737582319902888",
      "RequestMethod": "DELETE",
      "RequestHeaders": {
        "Accept": "application/xml",
        "Authorization": "Sanitized",
        "Connection": "close",
        "User-Agent": "azsdk-js-azure-storage-blob/12.13.0 core-rest-pipeline/1.11.1 Node/v18.16.0 OS/(x64-Linux-6.2.10-arch1-1)",
        "x-ms-client-request-id": "37ccbf9d-5fc2-4f8e-b9e0-f4cea15cbc79",
        "x-ms-date": "Wed, 21 Jun 2023 19:30:23 GMT",
        "x-ms-version": "2021-12-02"
      },
      "RequestBody": null,
      "StatusCode": 202,
      "ResponseHeaders": {
        "Connection": "close",
        "Content-Length": "0",
        "Date": "Wed, 21 Jun 2023 19:28:22 GMT",
        "Server": [
          "Windows-Azure-File/1.0",
          "Microsoft-HTTPAPI/2.0"
        ],
        "x-ms-client-request-id": "37ccbf9d-5fc2-4f8e-b9e0-f4cea15cbc79",
        "x-ms-request-id": "3014045d-e01a-0026-5b76-a4d99a000000",
        "x-ms-version": "2021-12-02"
      },
      "ResponseBody": null
    },
    {
      "RequestUri": "https://fakestorageaccount.file.core.windows.net/share168737582223504060/filename168737582319902888",
      "RequestMethod": "PUT",
      "RequestHeaders": {
        "Accept": "application/xml",
        "Authorization": "Sanitized",
        "Connection": "close",
        "Content-Length": "0",
        "User-Agent": "azsdk-js-azure-storage-blob/12.13.0 core-rest-pipeline/1.11.1 Node/v18.16.0 OS/(x64-Linux-6.2.10-arch1-1)",
        "x-ms-client-request-id": "e79bc84d-4243-4a5f-8803-e1412cebc302",
        "x-ms-content-length": "11",
        "x-ms-date": "Wed, 21 Jun 2023 19:30:24 GMT",
        "x-ms-file-attributes": "None",
        "x-ms-file-creation-time": "now",
        "x-ms-file-last-write-time": "now",
        "x-ms-file-permission": "inherit",
        "x-ms-type": "file",
        "x-ms-version": "2021-12-02"
      },
      "RequestBody": null,
      "StatusCode": 201,
      "ResponseHeaders": {
        "Connection": "close",
        "Content-Length": "0",
        "Date": "Wed, 21 Jun 2023 19:28:23 GMT",
        "ETag": "\u00220x8DB728DADD0BC38\u0022",
        "Last-Modified": "Wed, 21 Jun 2023 19:28:23 GMT",
        "Server": [
          "Windows-Azure-File/1.0",
          "Microsoft-HTTPAPI/2.0"
        ],
        "x-ms-client-request-id": "e79bc84d-4243-4a5f-8803-e1412cebc302",
        "x-ms-file-attributes": "Archive",
        "x-ms-file-change-time": "2023-06-21T19:28:23.5150392Z",
        "x-ms-file-creation-time": "2023-06-21T19:28:23.5150392Z",
        "x-ms-file-id": "13835163608398430208",
        "x-ms-file-last-write-time": "2023-06-21T19:28:23.5150392Z",
        "x-ms-file-parent-id": "0",
        "x-ms-file-permission-key": "6805401690481716655*17785080543603098913",
        "x-ms-request-id": "25b402c6-101a-007f-4276-a45e19000000",
        "x-ms-request-server-encrypted": "true",
        "x-ms-version": "2021-12-02"
      },
      "ResponseBody": null
    },
    {
      "RequestUri": "https://fakestorageaccount.file.core.windows.net/share168737582223504060/?comp=list\u0026prefix=filename168737582319902888\u0026restype=directory",
      "RequestMethod": "GET",
      "RequestHeaders": {
        "Accept": "application/xml",
        "Authorization": "Sanitized",
        "Connection": "close",
        "User-Agent": "azsdk-js-azure-storage-blob/12.13.0 core-rest-pipeline/1.11.1 Node/v18.16.0 OS/(x64-Linux-6.2.10-arch1-1)",
        "x-ms-client-request-id": "13f929d9-87a8-4bdb-898a-e016a7fcab66",
        "x-ms-date": "Wed, 21 Jun 2023 19:30:24 GMT",
        "x-ms-version": "2021-12-02"
      },
      "RequestBody": null,
      "StatusCode": 200,
      "ResponseHeaders": {
        "Access-Control-Allow-Origin": "*",
        "Access-Control-Expose-Headers": "x-ms-request-id,x-ms-client-request-id,Server,x-ms-version,Content-Type,Content-Length,Date,Transfer-Encoding",
        "Connection": "close",
        "Content-Type": "application/xml",
        "Date": "Wed, 21 Jun 2023 19:28:23 GMT",
        "Server": [
          "Windows-Azure-File/1.0",
          "Microsoft-HTTPAPI/2.0"
        ],
        "Transfer-Encoding": "chunked",
        "x-ms-client-request-id": "13f929d9-87a8-4bdb-898a-e016a7fcab66",
        "x-ms-request-id": "7bffbf9f-101a-008b-7576-a495ef000000",
        "x-ms-version": "2021-12-02"
      },
      "ResponseBody": "\uFEFF\u003C?xml version=\u00221.0\u0022 encoding=\u0022utf-8\u0022?\u003E\u003CEnumerationResults ServiceEndpoint=\u0022https://fakestorageaccount.file.core.windows.net/\u0022 ShareName=\u0022share168737582223504060\u0022 DirectoryPath=\u0022\u0022\u003E\u003CPrefix\u003Efilename168737582319902888\u003C/Prefix\u003E\u003CDirectoryId\u003E0\u003C/DirectoryId\u003E\u003CEntries\u003E\u003CFile\u003E\u003CName\u003Efilename168737582319902888\u003C/Name\u003E\u003CFileId\u003E13835163608398430208\u003C/FileId\u003E\u003CProperties\u003E\u003CContent-Length\u003E11\u003C/Content-Length\u003E\u003C/Properties\u003E\u003C/File\u003E\u003C/Entries\u003E\u003CNextMarker /\u003E\u003C/EnumerationResults\u003E"
    },
    {
      "RequestUri": "https://fakestorageaccount.file.core.windows.net/share168737582223504060/filename168737582319902888",
      "RequestMethod": "DELETE",
      "RequestHeaders": {
        "Accept": "application/xml",
        "Authorization": "Sanitized",
        "Connection": "close",
        "User-Agent": "azsdk-js-azure-storage-blob/12.13.0 core-rest-pipeline/1.11.1 Node/v18.16.0 OS/(x64-Linux-6.2.10-arch1-1)",
        "x-ms-client-request-id": "21b5de44-e309-4238-9e32-30ffd28ca892",
        "x-ms-date": "Wed, 21 Jun 2023 19:30:24 GMT",
        "x-ms-version": "2021-12-02"
      },
      "RequestBody": null,
      "StatusCode": 202,
      "ResponseHeaders": {
        "Connection": "close",
        "Content-Length": "0",
        "Date": "Wed, 21 Jun 2023 19:28:23 GMT",
        "Server": [
          "Windows-Azure-File/1.0",
          "Microsoft-HTTPAPI/2.0"
        ],
        "x-ms-client-request-id": "21b5de44-e309-4238-9e32-30ffd28ca892",
        "x-ms-request-id": "dd08ea63-a01a-0037-0776-a4432e000000",
        "x-ms-version": "2021-12-02"
      },
      "ResponseBody": null
    },
    {
      "RequestUri": "https://fakestorageaccount.file.core.windows.net/share168737582223504060?restype=share",
      "RequestMethod": "DELETE",
      "RequestHeaders": {
        "Accept": "application/xml",
        "Authorization": "Sanitized",
        "Connection": "close",
        "User-Agent": "azsdk-js-azure-storage-blob/12.13.0 core-rest-pipeline/1.11.1 Node/v18.16.0 OS/(x64-Linux-6.2.10-arch1-1)",
        "x-ms-client-request-id": "28416144-71ef-4181-aa26-d312739338c7",
        "x-ms-date": "Wed, 21 Jun 2023 19:30:25 GMT",
        "x-ms-delete-snapshots": "include",
        "x-ms-version": "2021-12-02"
      },
      "RequestBody": null,
      "StatusCode": 202,
      "ResponseHeaders": {
        "Connection": "close",
        "Content-Length": "0",
        "Date": "Wed, 21 Jun 2023 19:28:24 GMT",
        "Server": [
          "Windows-Azure-File/1.0",
          "Microsoft-HTTPAPI/2.0"
        ],
        "x-ms-client-request-id": "28416144-71ef-4181-aa26-d312739338c7",
        "x-ms-request-id": "fad511eb-401a-0096-1376-a49853000000",
        "x-ms-version": "2021-12-02"
      },
      "ResponseBody": null
    }
  ],
  "Variables": {
    "dir": "dir168737582284504297",
    "file": "file168737582319803970",
    "filename": "filename168737582319902888",
    "share": "share168737582223504060"
  }
}
