{
  "Entries": [
    {
      "RequestUri": "https://fakesdaccount.file.core.windows.net/share169472004858004099?restype=share",
      "RequestMethod": "PUT",
      "RequestHeaders": {
        "Accept": "application/xml",
        "Authorization": "Sanitized",
        "Connection": "keep-alive",
        "Content-Length": "0",
        "User-Agent": "azsdk-js-azure-storage-blob/12.20.0 core-rest-pipeline/1.12.2 Node/v18.16.0 OS/(x64-Windows_NT-10.0.22621)",
        "x-ms-client-request-id": "cd91443b-7cc2-43d6-be37-b01bfe677646",
        "x-ms-date": "Thu, 14 Sep 2023 19:34:08 GMT",
        "x-ms-version": "2023-01-03"
      },
      "RequestBody": null,
      "StatusCode": 201,
      "ResponseHeaders": {
        "Content-Length": "0",
        "Date": "Thu, 14 Sep 2023 19:34:08 GMT",
        "ETag": "\u00220x8DBB559912C06F6\u0022",
        "Last-Modified": "Thu, 14 Sep 2023 19:34:09 GMT",
        "Server": [
          "Windows-Azure-File/1.0",
          "Microsoft-HTTPAPI/2.0"
        ],
        "x-ms-client-request-id": "cd91443b-7cc2-43d6-be37-b01bfe677646",
        "x-ms-request-id": "e07ebabd-501a-0010-6842-e75649000000",
        "x-ms-version": "2023-01-03"
      },
      "ResponseBody": null
    },
    {
      "RequestUri": "https://fakesdaccount.file.core.windows.net/share169472004858004099/dir169472004868702998?restype=directory",
      "RequestMethod": "PUT",
      "RequestHeaders": {
        "Accept": "application/xml",
        "Authorization": "Sanitized",
        "Connection": "keep-alive",
        "Content-Length": "0",
        "User-Agent": "azsdk-js-azure-storage-blob/12.20.0 core-rest-pipeline/1.12.2 Node/v18.16.0 OS/(x64-Windows_NT-10.0.22621)",
        "x-ms-client-request-id": "78f16657-2496-44f1-97bc-e921280f94c8",
        "x-ms-date": "Thu, 14 Sep 2023 19:34:08 GMT",
        "x-ms-file-attributes": "Directory",
        "x-ms-file-creation-time": "now",
        "x-ms-file-last-write-time": "now",
        "x-ms-file-permission": "inherit",
        "x-ms-version": "2023-01-03"
      },
      "RequestBody": null,
      "StatusCode": 201,
      "ResponseHeaders": {
        "Content-Length": "0",
        "Date": "Thu, 14 Sep 2023 19:34:09 GMT",
        "ETag": "\u00220x8DBB559913CC235\u0022",
        "Last-Modified": "Thu, 14 Sep 2023 19:34:09 GMT",
        "Server": [
          "Windows-Azure-File/1.0",
          "Microsoft-HTTPAPI/2.0"
        ],
        "x-ms-client-request-id": "78f16657-2496-44f1-97bc-e921280f94c8",
        "x-ms-file-attributes": "Directory",
        "x-ms-file-change-time": "2023-09-14T19:34:09.6452149Z",
        "x-ms-file-creation-time": "2023-09-14T19:34:09.6452149Z",
        "x-ms-file-id": "13835128424026341376",
        "x-ms-file-last-write-time": "2023-09-14T19:34:09.6452149Z",
        "x-ms-file-parent-id": "0",
        "x-ms-file-permission-key": "9255856626508002348*16764736045797335973",
        "x-ms-request-id": "e07ebac2-501a-0010-6942-e75649000000",
        "x-ms-request-server-encrypted": "true",
        "x-ms-version": "2023-01-03"
      },
      "ResponseBody": null
    },
    {
      "RequestUri": "https://fakesdaccount.file.core.windows.net/share169472004858004099/dir169472004868702998/file169472004879507753",
      "RequestMethod": "PUT",
      "RequestHeaders": {
        "Accept": "application/xml",
        "Authorization": "Sanitized",
        "Connection": "keep-alive",
        "Content-Length": "0",
        "User-Agent": "azsdk-js-azure-storage-blob/12.20.0 core-rest-pipeline/1.12.2 Node/v18.16.0 OS/(x64-Windows_NT-10.0.22621)",
        "x-ms-client-request-id": "66705fc0-ce28-4ba9-810c-1d5cbb5bb3e1",
        "x-ms-content-length": "11",
        "x-ms-date": "Thu, 14 Sep 2023 19:34:08 GMT",
        "x-ms-file-attributes": "None",
        "x-ms-file-creation-time": "now",
        "x-ms-file-last-write-time": "now",
        "x-ms-file-permission": "inherit",
        "x-ms-type": "file",
        "x-ms-version": "2023-01-03"
      },
      "RequestBody": null,
      "StatusCode": 201,
      "ResponseHeaders": {
        "Content-Length": "0",
        "Date": "Thu, 14 Sep 2023 19:34:09 GMT",
        "ETag": "\u00220x8DBB559914D1387\u0022",
        "Last-Modified": "Thu, 14 Sep 2023 19:34:09 GMT",
        "Server": [
          "Windows-Azure-File/1.0",
          "Microsoft-HTTPAPI/2.0"
        ],
        "x-ms-client-request-id": "66705fc0-ce28-4ba9-810c-1d5cbb5bb3e1",
        "x-ms-file-attributes": "Archive",
        "x-ms-file-change-time": "2023-09-14T19:34:09.7521543Z",
        "x-ms-file-creation-time": "2023-09-14T19:34:09.7521543Z",
        "x-ms-file-id": "11529285414812647424",
        "x-ms-file-last-write-time": "2023-09-14T19:34:09.7521543Z",
        "x-ms-file-parent-id": "13835128424026341376",
        "x-ms-file-permission-key": "4614121289425226539*16764736045797335973",
        "x-ms-request-id": "e07ebac4-501a-0010-6a42-e75649000000",
        "x-ms-request-server-encrypted": "true",
        "x-ms-version": "2023-01-03"
      },
      "ResponseBody": null
    },
    {
      "RequestUri": "https://fakesdaccount.file.core.windows.net/share169472004858004099/dir169472004868702998/file169472004879507753",
      "RequestMethod": "HEAD",
      "RequestHeaders": {
        "Accept": "application/xml",
        "Authorization": "Sanitized",
        "Connection": "keep-alive",
        "User-Agent": "azsdk-js-azure-storage-blob/12.20.0 core-rest-pipeline/1.12.2 Node/v18.16.0 OS/(x64-Windows_NT-10.0.22621)",
        "x-ms-client-request-id": "0c62ad72-942c-4c26-91ca-26ccd7cf4991",
        "x-ms-date": "Thu, 14 Sep 2023 19:34:08 GMT",
        "x-ms-version": "2023-01-03"
      },
      "RequestBody": null,
      "StatusCode": 200,
      "ResponseHeaders": {
        "Content-Length": "11",
        "Content-Type": "application/octet-stream",
        "Date": "Thu, 14 Sep 2023 19:34:09 GMT",
        "ETag": "\u00220x8DBB559914D1387\u0022",
        "Last-Modified": "Thu, 14 Sep 2023 19:34:09 GMT",
        "Server": [
          "Windows-Azure-File/1.0",
          "Microsoft-HTTPAPI/2.0"
        ],
        "Vary": "Origin",
        "x-ms-client-request-id": "0c62ad72-942c-4c26-91ca-26ccd7cf4991",
        "x-ms-file-attributes": "Archive",
        "x-ms-file-change-time": "2023-09-14T19:34:09.7521543Z",
        "x-ms-file-creation-time": "2023-09-14T19:34:09.7521543Z",
        "x-ms-file-id": "11529285414812647424",
        "x-ms-file-last-write-time": "2023-09-14T19:34:09.7521543Z",
        "x-ms-file-parent-id": "13835128424026341376",
        "x-ms-file-permission-key": "4614121289425226539*16764736045797335973",
        "x-ms-lease-state": "available",
        "x-ms-lease-status": "unlocked",
        "x-ms-request-id": "e07ebac6-501a-0010-6b42-e75649000000",
        "x-ms-server-encrypted": "true",
        "x-ms-type": "File",
        "x-ms-version": "2023-01-03"
      },
      "ResponseBody": null
    },
    {
      "RequestUri": "https://fakesdaccount.file.core.windows.net/share169472004858004099/dir169472004868702998/file169472004879507753?comp=properties",
      "RequestMethod": "PUT",
      "RequestHeaders": {
        "Accept": "application/xml",
        "Authorization": "Sanitized",
        "Connection": "keep-alive",
        "Content-Length": "0",
        "User-Agent": "azsdk-js-azure-storage-blob/12.20.0 core-rest-pipeline/1.12.2 Node/v18.16.0 OS/(x64-Windows_NT-10.0.22621)",
        "x-ms-client-request-id": "52dbad93-362f-4806-964a-b6a096906b60",
        "x-ms-content-length": "1",
        "x-ms-date": "Thu, 14 Sep 2023 19:34:09 GMT",
        "x-ms-file-attributes": "ReadOnly|Hidden|System|Temporary|Archive|Offline|NotContentIndexed|NoScrubData",
        "x-ms-file-change-time": "2019-10-25T14:48:00.0000000Z",
        "x-ms-file-creation-time": "2019-10-05T14:48:00.0000000Z",
        "x-ms-file-last-write-time": "2019-10-15T14:48:00.0000000Z",
        "x-ms-file-permission": "preserve",
        "x-ms-version": "2023-01-03"
      },
      "RequestBody": null,
      "StatusCode": 200,
      "ResponseHeaders": {
        "Content-Length": "0",
        "Date": "Thu, 14 Sep 2023 19:34:09 GMT",
        "ETag": "\u00220x8DBB559916D19F6\u0022",
        "Last-Modified": "Thu, 14 Sep 2023 19:34:09 GMT",
        "Server": [
          "Windows-Azure-File/1.0",
          "Microsoft-HTTPAPI/2.0"
        ],
        "x-ms-client-request-id": "52dbad93-362f-4806-964a-b6a096906b60",
        "x-ms-file-attributes": "ReadOnly | Hidden | System | Archive | Temporary | Offline | NotContentIndexed | NoScrubData",
        "x-ms-file-change-time": "2019-10-25T14:48:00.0000000Z",
        "x-ms-file-creation-time": "2019-10-05T14:48:00.0000000Z",
        "x-ms-file-id": "11529285414812647424",
        "x-ms-file-last-write-time": "2019-10-15T14:48:00.0000000Z",
        "x-ms-file-parent-id": "13835128424026341376",
        "x-ms-file-permission-key": "4614121289425226539*16764736045797335973",
        "x-ms-request-id": "e07ebac8-501a-0010-6c42-e75649000000",
        "x-ms-request-server-encrypted": "true",
        "x-ms-version": "2023-01-03"
      },
      "ResponseBody": null
    },
    {
      "RequestUri": "https://fakesdaccount.file.core.windows.net/share169472004858004099/dir169472004868702998/file169472004879507753",
      "RequestMethod": "HEAD",
      "RequestHeaders": {
        "Accept": "application/xml",
        "Authorization": "Sanitized",
        "Connection": "keep-alive",
        "User-Agent": "azsdk-js-azure-storage-blob/12.20.0 core-rest-pipeline/1.12.2 Node/v18.16.0 OS/(x64-Windows_NT-10.0.22621)",
        "x-ms-client-request-id": "3fcf6d1c-4085-4d83-be17-a8d68727dab1",
        "x-ms-date": "Thu, 14 Sep 2023 19:34:09 GMT",
        "x-ms-version": "2023-01-03"
      },
      "RequestBody": null,
      "StatusCode": 200,
      "ResponseHeaders": {
        "Content-Length": "1",
        "Content-Type": "application/octet-stream",
        "Date": "Thu, 14 Sep 2023 19:34:09 GMT",
        "ETag": "\u00220x8DBB559916D19F6\u0022",
        "Last-Modified": "Thu, 14 Sep 2023 19:34:09 GMT",
        "Server": [
          "Windows-Azure-File/1.0",
          "Microsoft-HTTPAPI/2.0"
        ],
        "Vary": "Origin",
        "x-ms-client-request-id": "3fcf6d1c-4085-4d83-be17-a8d68727dab1",
        "x-ms-file-attributes": "ReadOnly | Hidden | System | Archive | Temporary | Offline | NotContentIndexed | NoScrubData",
        "x-ms-file-change-time": "2019-10-25T14:48:00.0000000Z",
        "x-ms-file-creation-time": "2019-10-05T14:48:00.0000000Z",
        "x-ms-file-id": "11529285414812647424",
        "x-ms-file-last-write-time": "2019-10-15T14:48:00.0000000Z",
        "x-ms-file-parent-id": "13835128424026341376",
        "x-ms-file-permission-key": "4614121289425226539*16764736045797335973",
        "x-ms-lease-state": "available",
        "x-ms-lease-status": "unlocked",
        "x-ms-request-id": "e07ebaca-501a-0010-6d42-e75649000000",
        "x-ms-server-encrypted": "true",
        "x-ms-type": "File",
        "x-ms-version": "2023-01-03"
      },
      "ResponseBody": null
    },
    {
      "RequestUri": "https://fakesdaccount.file.core.windows.net/share169472004858004099?restype=share",
      "RequestMethod": "DELETE",
      "RequestHeaders": {
        "Accept": "application/xml",
        "Authorization": "Sanitized",
        "Connection": "keep-alive",
        "User-Agent": "azsdk-js-azure-storage-blob/12.20.0 core-rest-pipeline/1.12.2 Node/v18.16.0 OS/(x64-Windows_NT-10.0.22621)",
        "x-ms-client-request-id": "27a45a2f-5ce4-4cf4-a29e-dc1bfecef002",
        "x-ms-date": "Thu, 14 Sep 2023 19:34:09 GMT",
        "x-ms-delete-snapshots": "include",
        "x-ms-version": "2023-01-03"
      },
      "RequestBody": null,
      "StatusCode": 202,
      "ResponseHeaders": {
        "Content-Length": "0",
        "Date": "Thu, 14 Sep 2023 19:34:09 GMT",
        "Server": [
          "Windows-Azure-File/1.0",
          "Microsoft-HTTPAPI/2.0"
        ],
        "x-ms-client-request-id": "27a45a2f-5ce4-4cf4-a29e-dc1bfecef002",
        "x-ms-request-id": "e07ebacc-501a-0010-6e42-e75649000000",
        "x-ms-version": "2023-01-03"
      },
      "ResponseBody": null
    }
  ],
  "Variables": {
    "dir": "dir169472004868702998",
    "file": "file169472004879507753",
    "share": "share169472004858004099"
  }
}
