{
  "Entries": [
    {
      "RequestUri": "https://fakestorageaccount.file.core.windows.net/share171438193661804999?restype=share",
      "RequestMethod": "PUT",
      "RequestHeaders": {
        "Accept": "application/xml",
        "Authorization": "Sanitized",
        "Connection": "keep-alive",
        "Content-Length": "0",
        "User-Agent": "azsdk-js-azure-storage-blob/12.23.0-beta.2 core-rest-pipeline/1.15.3 Node/18.19.0 OS/(x64-Windows_NT-10.0.22631)",
        "x-ms-client-request-id": "49f6616a-99a2-43f2-b5dd-aa4180692773",
        "x-ms-date": "Mon, 29 Apr 2024 09:12:16 GMT",
        "x-ms-version": "2023-11-03"
      },
      "RequestBody": null,
      "StatusCode": 201,
      "ResponseHeaders": {
        "Content-Length": "0",
        "Date": "Mon, 29 Apr 2024 09:12:16 GMT",
        "ETag": "\"0x8DC682C776FEE37\"",
        "Last-Modified": "Mon, 29 Apr 2024 09:12:17 GMT",
        "Server": [
          "Windows-Azure-File/1.0",
          "Microsoft-HTTPAPI/2.0"
        ],
        "x-ms-client-request-id": "49f6616a-99a2-43f2-b5dd-aa4180692773",
        "x-ms-request-id": "886d0d27-d01a-0043-5315-9a757d000000",
        "x-ms-version": "2023-11-03"
      },
      "ResponseBody": null
    },
    {
      "RequestUri": "https://fakestorageaccount.file.core.windows.net/share171438193661804999/dir171438193672704659?restype=directory",
      "RequestMethod": "PUT",
      "RequestHeaders": {
        "Accept": "application/xml",
        "Authorization": "Sanitized",
        "Connection": "keep-alive",
        "Content-Length": "0",
        "User-Agent": "azsdk-js-azure-storage-blob/12.23.0-beta.2 core-rest-pipeline/1.15.3 Node/18.19.0 OS/(x64-Windows_NT-10.0.22631)",
        "x-ms-client-request-id": "c28a9bb3-1f79-44c8-8fa4-9c2d7bd88af5",
        "x-ms-date": "Mon, 29 Apr 2024 09:12:16 GMT",
        "x-ms-file-attributes": "Directory",
        "x-ms-file-creation-time": "now",
        "x-ms-file-last-write-time": "now",
        "x-ms-file-permission": "inherit",
        "x-ms-version": "2023-11-03"
      },
      "RequestBody": null,
      "StatusCode": 201,
      "ResponseHeaders": {
        "Content-Length": "0",
        "Date": "Mon, 29 Apr 2024 09:12:16 GMT",
        "ETag": "\"0x8DC682C7781591D\"",
        "Last-Modified": "Mon, 29 Apr 2024 09:12:17 GMT",
        "Server": [
          "Windows-Azure-File/1.0",
          "Microsoft-HTTPAPI/2.0"
        ],
        "x-ms-client-request-id": "c28a9bb3-1f79-44c8-8fa4-9c2d7bd88af5",
        "x-ms-file-attributes": "Directory",
        "x-ms-file-change-time": "2024-04-29T09:12:17.2583197Z",
        "x-ms-file-creation-time": "2024-04-29T09:12:17.2583197Z",
        "x-ms-file-id": "13835128424026341376",
        "x-ms-file-last-write-time": "2024-04-29T09:12:17.2583197Z",
        "x-ms-file-parent-id": "0",
        "x-ms-file-permission-key": "9255856626508002348*16764736045797335973",
        "x-ms-request-id": "886d0d31-d01a-0043-5815-9a757d000000",
        "x-ms-request-server-encrypted": "true",
        "x-ms-version": "2023-11-03"
      },
      "ResponseBody": null
    },
    {
      "RequestUri": "https://fakestorageaccount.file.core.windows.net/share171438193661804999/sourcefile171438193684002757",
      "RequestMethod": "PUT",
      "RequestHeaders": {
        "Accept": "application/xml",
        "Authorization": "Sanitized",
        "Connection": "keep-alive",
        "Content-Length": "0",
        "User-Agent": "azsdk-js-azure-storage-blob/12.23.0-beta.2 core-rest-pipeline/1.15.3 Node/18.19.0 OS/(x64-Windows_NT-10.0.22631)",
        "x-ms-client-request-id": "f200bb97-6c6c-44ad-91d3-8c1e929b1a2f",
        "x-ms-content-length": "1024",
        "x-ms-date": "Mon, 29 Apr 2024 09:12:16 GMT",
        "x-ms-file-attributes": "None",
        "x-ms-file-creation-time": "now",
        "x-ms-file-last-write-time": "now",
        "x-ms-file-permission": "inherit",
        "x-ms-type": "file",
        "x-ms-version": "2023-11-03"
      },
      "RequestBody": null,
      "StatusCode": 201,
      "ResponseHeaders": {
        "Content-Length": "0",
        "Date": "Mon, 29 Apr 2024 09:12:16 GMT",
        "ETag": "\"0x8DC682C77C07BD6\"",
        "Last-Modified": "Mon, 29 Apr 2024 09:12:17 GMT",
        "Server": [
          "Windows-Azure-File/1.0",
          "Microsoft-HTTPAPI/2.0"
        ],
        "x-ms-client-request-id": "f200bb97-6c6c-44ad-91d3-8c1e929b1a2f",
        "x-ms-file-attributes": "Archive",
        "x-ms-file-change-time": "2024-04-29T09:12:17.6720854Z",
        "x-ms-file-creation-time": "2024-04-29T09:12:17.6720854Z",
        "x-ms-file-id": "11529285414812647424",
        "x-ms-file-last-write-time": "2024-04-29T09:12:17.6720854Z",
        "x-ms-file-parent-id": "0",
        "x-ms-file-permission-key": "4614121289425226539*16764736045797335973",
        "x-ms-request-id": "886d0d42-d01a-0043-6115-9a757d000000",
        "x-ms-request-server-encrypted": "true",
        "x-ms-version": "2023-11-03"
      },
      "ResponseBody": null
    },
    {
      "RequestUri": "https://fakestorageaccount.file.core.windows.net/share171438193661804999/destfile171438193725404809",
      "RequestMethod": "PUT",
      "RequestHeaders": {
        "Accept": "application/xml",
        "Authorization": "Sanitized",
        "Connection": "keep-alive",
        "Content-Length": "0",
        "User-Agent": "azsdk-js-azure-storage-blob/12.23.0-beta.2 core-rest-pipeline/1.15.3 Node/18.19.0 OS/(x64-Windows_NT-10.0.22631)",
        "x-ms-client-request-id": "9e76ecdf-fe9c-4df1-b1f3-e835f5788073",
        "x-ms-content-length": "2048",
        "x-ms-date": "Mon, 29 Apr 2024 09:12:17 GMT",
        "x-ms-file-attributes": "None",
        "x-ms-file-creation-time": "now",
        "x-ms-file-last-write-time": "now",
        "x-ms-file-permission": "inherit",
        "x-ms-type": "file",
        "x-ms-version": "2023-11-03"
      },
      "RequestBody": null,
      "StatusCode": 201,
      "ResponseHeaders": {
        "Content-Length": "0",
        "Date": "Mon, 29 Apr 2024 09:12:17 GMT",
        "ETag": "\"0x8DC682C77D1424E\"",
        "Last-Modified": "Mon, 29 Apr 2024 09:12:17 GMT",
        "Server": [
          "Windows-Azure-File/1.0",
          "Microsoft-HTTPAPI/2.0"
        ],
        "x-ms-client-request-id": "9e76ecdf-fe9c-4df1-b1f3-e835f5788073",
        "x-ms-file-attributes": "Archive",
        "x-ms-file-change-time": "2024-04-29T09:12:17.7820238Z",
        "x-ms-file-creation-time": "2024-04-29T09:12:17.7820238Z",
        "x-ms-file-id": "16140971433240035328",
        "x-ms-file-last-write-time": "2024-04-29T09:12:17.7820238Z",
        "x-ms-file-parent-id": "0",
        "x-ms-file-permission-key": "4614121289425226539*16764736045797335973",
        "x-ms-request-id": "886d0d43-d01a-0043-6215-9a757d000000",
        "x-ms-request-server-encrypted": "true",
        "x-ms-version": "2023-11-03"
      },
      "ResponseBody": null
    },
    {
      "RequestUri": "https://fakestorageaccount.file.core.windows.net/share171438193661804999/destfile171438193725404809?comp=lease",
      "RequestMethod": "PUT",
      "RequestHeaders": {
        "Accept": "application/xml",
        "Authorization": "Sanitized",
        "Connection": "keep-alive",
        "Content-Length": "0",
        "User-Agent": "azsdk-js-azure-storage-blob/12.23.0-beta.2 core-rest-pipeline/1.15.3 Node/18.19.0 OS/(x64-Windows_NT-10.0.22631)",
        "x-ms-client-request-id": "7c8398ea-1751-49bb-824f-4f7550d1ef0e",
        "x-ms-date": "Mon, 29 Apr 2024 09:12:17 GMT",
        "x-ms-lease-action": "acquire",
        "x-ms-lease-duration": "-1",
        "x-ms-proposed-lease-id": "e9890485-bf47-4d9a-b3d0-aceb18506124",
        "x-ms-version": "2023-11-03"
      },
      "RequestBody": null,
      "StatusCode": 201,
      "ResponseHeaders": {
        "Date": "Mon, 29 Apr 2024 09:12:17 GMT",
        "ETag": "\"0x8DC682C77D1424E\"",
        "Last-Modified": "Mon, 29 Apr 2024 09:12:17 GMT",
        "Server": [
          "Windows-Azure-File/1.0",
          "Microsoft-HTTPAPI/2.0"
        ],
        "Transfer-Encoding": "chunked",
        "x-ms-client-request-id": "7c8398ea-1751-49bb-824f-4f7550d1ef0e",
        "x-ms-lease-id": "e9890485-bf47-4d9a-b3d0-aceb18506124",
        "x-ms-request-id": "886d0d44-d01a-0043-6315-9a757d000000",
        "x-ms-version": "2023-11-03"
      },
      "ResponseBody": null
    },
    {
      "RequestUri": "https://fakestorageaccount.file.core.windows.net/share171438193661804999/destfile171438193725404809?comp=rename",
      "RequestMethod": "PUT",
      "RequestHeaders": {
        "Accept": "application/xml",
        "Authorization": "Sanitized",
        "Connection": "keep-alive",
        "Content-Length": "0",
        "User-Agent": "azsdk-js-azure-storage-blob/12.23.0-beta.2 core-rest-pipeline/1.15.3 Node/18.19.0 OS/(x64-Windows_NT-10.0.22631)",
        "x-ms-client-request-id": "30d51d31-4efb-44af-a653-12b9793a503c",
        "x-ms-date": "Mon, 29 Apr 2024 09:12:17 GMT",
        "x-ms-destination-lease-id": "e9890485-bf47-4d9a-b3d0-aceb18506124",
        "x-ms-file-rename-replace-if-exists": "true",
        "x-ms-version": "2023-11-03"
      },
      "RequestBody": null,
      "StatusCode": 200,
      "ResponseHeaders": {
        "Content-Length": "0",
        "Date": "Mon, 29 Apr 2024 09:12:17 GMT",
        "ETag": "\"0x8DC682C77F2CF2D\"",
        "Last-Modified": "Mon, 29 Apr 2024 09:12:18 GMT",
        "Server": [
          "Windows-Azure-File/1.0",
          "Microsoft-HTTPAPI/2.0"
        ],
        "x-ms-client-request-id": "30d51d31-4efb-44af-a653-12b9793a503c",
        "x-ms-file-attributes": "Archive",
        "x-ms-file-change-time": "2024-04-29T09:12:18.0018989Z",
        "x-ms-file-creation-time": "2024-04-29T09:12:17.6720854Z",
        "x-ms-file-id": "11529285414812647424",
        "x-ms-file-last-write-time": "2024-04-29T09:12:17.6720854Z",
        "x-ms-file-parent-id": "0",
        "x-ms-file-permission-key": "4614121289425226539*16764736045797335973",
        "x-ms-request-id": "886d0d45-d01a-0043-6415-9a757d000000",
        "x-ms-request-server-encrypted": "true",
        "x-ms-version": "2023-11-03"
      },
      "ResponseBody": null
    },
    {
      "RequestUri": "https://fakestorageaccount.file.core.windows.net/share171438193661804999/destfile171438193725404809",
      "RequestMethod": "HEAD",
      "RequestHeaders": {
        "Accept": "application/xml",
        "Authorization": "Sanitized",
        "Connection": "keep-alive",
        "User-Agent": "azsdk-js-azure-storage-blob/12.23.0-beta.2 core-rest-pipeline/1.15.3 Node/18.19.0 OS/(x64-Windows_NT-10.0.22631)",
        "x-ms-client-request-id": "4294f797-49db-4234-bd74-1a2e454f8025",
        "x-ms-date": "Mon, 29 Apr 2024 09:12:17 GMT",
        "x-ms-version": "2023-11-03"
      },
      "RequestBody": null,
      "StatusCode": 200,
      "ResponseHeaders": {
        "Access-Control-Allow-Origin": "*",
        "Access-Control-Expose-Headers": "x-ms-request-id,x-ms-client-request-id,Server,x-ms-version,Content-Type,Last-Modified,ETag,x-ms-type,x-ms-server-encrypted,x-ms-lease-status,x-ms-lease-state,x-ms-file-change-time,x-ms-file-last-write-time,x-ms-file-creation-time,x-ms-file-id,x-ms-file-parent-id,x-ms-file-permission-key,x-ms-file-attributes,Content-Length,Date,Transfer-Encoding",
        "Content-Length": "1024",
        "Content-Type": "application/octet-stream",
        "Date": "Mon, 29 Apr 2024 09:12:17 GMT",
        "ETag": "\"0x8DC682C77F2CF2D\"",
        "Last-Modified": "Mon, 29 Apr 2024 09:12:18 GMT",
        "Server": [
          "Windows-Azure-File/1.0",
          "Microsoft-HTTPAPI/2.0"
        ],
        "x-ms-client-request-id": "4294f797-49db-4234-bd74-1a2e454f8025",
        "x-ms-file-attributes": "Archive",
        "x-ms-file-change-time": "2024-04-29T09:12:18.0018989Z",
        "x-ms-file-creation-time": "2024-04-29T09:12:17.6720854Z",
        "x-ms-file-id": "11529285414812647424",
        "x-ms-file-last-write-time": "2024-04-29T09:12:17.6720854Z",
        "x-ms-file-parent-id": "0",
        "x-ms-file-permission-key": "4614121289425226539*16764736045797335973",
        "x-ms-lease-state": "available",
        "x-ms-lease-status": "unlocked",
        "x-ms-request-id": "886d0d47-d01a-0043-6515-9a757d000000",
        "x-ms-server-encrypted": "true",
        "x-ms-type": "File",
        "x-ms-version": "2023-11-03"
      },
      "ResponseBody": null
    },
    {
      "RequestUri": "https://fakestorageaccount.file.core.windows.net/share171438193661804999/sourcefile171438193684002757",
      "RequestMethod": "HEAD",
      "RequestHeaders": {
        "Accept": "application/xml",
        "Authorization": "Sanitized",
        "Connection": "keep-alive",
        "User-Agent": "azsdk-js-azure-storage-blob/12.23.0-beta.2 core-rest-pipeline/1.15.3 Node/18.19.0 OS/(x64-Windows_NT-10.0.22631)",
        "x-ms-client-request-id": "63d224f4-1221-4656-af1d-232aef10d194",
        "x-ms-date": "Mon, 29 Apr 2024 09:12:17 GMT",
        "x-ms-version": "2023-11-03"
      },
      "RequestBody": null,
      "StatusCode": 404,
      "ResponseHeaders": {
        "Access-Control-Allow-Origin": "*",
        "Access-Control-Expose-Headers": "x-ms-request-id,x-ms-client-request-id,Server,x-ms-version,x-ms-error-code,Content-Length,Date,Transfer-Encoding",
        "Date": "Mon, 29 Apr 2024 09:12:17 GMT",
        "Server": [
          "Windows-Azure-File/1.0",
          "Microsoft-HTTPAPI/2.0"
        ],
        "Transfer-Encoding": "chunked",
        "x-ms-client-request-id": "63d224f4-1221-4656-af1d-232aef10d194",
        "x-ms-error-code": "ResourceNotFound",
        "x-ms-request-id": "886d0d48-d01a-0043-6615-9a757d000000",
        "x-ms-version": "2023-11-03"
      },
      "ResponseBody": null
    },
    {
      "RequestUri": "https://fakestorageaccount.file.core.windows.net/share171438193661804999?restype=share",
      "RequestMethod": "DELETE",
      "RequestHeaders": {
        "Accept": "application/xml",
        "Authorization": "Sanitized",
        "Connection": "keep-alive",
        "User-Agent": "azsdk-js-azure-storage-blob/12.23.0-beta.2 core-rest-pipeline/1.15.3 Node/18.19.0 OS/(x64-Windows_NT-10.0.22631)",
        "x-ms-client-request-id": "e8e951db-6425-4e2d-b53f-1a1ce9d6569e",
        "x-ms-date": "Mon, 29 Apr 2024 09:12:17 GMT",
        "x-ms-delete-snapshots": "include",
        "x-ms-version": "2023-11-03"
      },
      "RequestBody": null,
      "StatusCode": 202,
      "ResponseHeaders": {
        "Content-Length": "0",
        "Date": "Mon, 29 Apr 2024 09:12:17 GMT",
        "Server": [
          "Windows-Azure-File/1.0",
          "Microsoft-HTTPAPI/2.0"
        ],
        "x-ms-client-request-id": "e8e951db-6425-4e2d-b53f-1a1ce9d6569e",
        "x-ms-request-id": "886d0d49-d01a-0043-6715-9a757d000000",
        "x-ms-version": "2023-11-03"
      },
      "ResponseBody": null
    }
  ],
  "Variables": {
    "destfile": "destfile171438193725404809",
    "dir": "dir171438193672704659",
    "file": "file171438193683901084",
    "share": "share171438193661804999",
    "sourcefile": "sourcefile171438193684002757"
  }
}
