{
  "Entries": [
    {
      "RequestUri": "https://fakesdaccount.file.core.windows.net/share169472006232206472?restype=share",
      "RequestMethod": "PUT",
      "RequestHeaders": {
        "Accept": "application/xml",
        "Authorization": "Sanitized",
        "Connection": "keep-alive",
        "Content-Length": "0",
        "User-Agent": "azsdk-js-azure-storage-blob/12.20.0 core-rest-pipeline/1.12.2 Node/v18.16.0 OS/(x64-Windows_NT-10.0.22621)",
        "x-ms-client-request-id": "fd1740d3-0ab6-46be-a514-86bb8384c655",
        "x-ms-date": "Thu, 14 Sep 2023 19:34:22 GMT",
        "x-ms-version": "2023-01-03"
      },
      "RequestBody": null,
      "StatusCode": 201,
      "ResponseHeaders": {
        "Content-Length": "0",
        "Date": "Thu, 14 Sep 2023 19:34:22 GMT",
        "ETag": "\u00220x8DBB559995CE4BE\u0022",
        "Last-Modified": "Thu, 14 Sep 2023 19:34:23 GMT",
        "Server": [
          "Windows-Azure-File/1.0",
          "Microsoft-HTTPAPI/2.0"
        ],
        "x-ms-client-request-id": "fd1740d3-0ab6-46be-a514-86bb8384c655",
        "x-ms-request-id": "e07ebbad-501a-0010-6c42-e75649000000",
        "x-ms-version": "2023-01-03"
      },
      "ResponseBody": null
    },
    {
      "RequestUri": "https://fakesdaccount.file.core.windows.net/share169472006232206472/dir169472006242903306?restype=directory",
      "RequestMethod": "PUT",
      "RequestHeaders": {
        "Accept": "application/xml",
        "Authorization": "Sanitized",
        "Connection": "keep-alive",
        "Content-Length": "0",
        "User-Agent": "azsdk-js-azure-storage-blob/12.20.0 core-rest-pipeline/1.12.2 Node/v18.16.0 OS/(x64-Windows_NT-10.0.22621)",
        "x-ms-client-request-id": "cc985eea-9ecf-4a23-9f8d-d6b78c3ffe5c",
        "x-ms-date": "Thu, 14 Sep 2023 19:34:22 GMT",
        "x-ms-file-attributes": "Directory",
        "x-ms-file-creation-time": "now",
        "x-ms-file-last-write-time": "now",
        "x-ms-file-permission": "inherit",
        "x-ms-version": "2023-01-03"
      },
      "RequestBody": null,
      "StatusCode": 201,
      "ResponseHeaders": {
        "Content-Length": "0",
        "Date": "Thu, 14 Sep 2023 19:34:22 GMT",
        "ETag": "\u00220x8DBB559996DCC9B\u0022",
        "Last-Modified": "Thu, 14 Sep 2023 19:34:23 GMT",
        "Server": [
          "Windows-Azure-File/1.0",
          "Microsoft-HTTPAPI/2.0"
        ],
        "x-ms-client-request-id": "cc985eea-9ecf-4a23-9f8d-d6b78c3ffe5c",
        "x-ms-file-attributes": "Directory",
        "x-ms-file-change-time": "2023-09-14T19:34:23.3883803Z",
        "x-ms-file-creation-time": "2023-09-14T19:34:23.3883803Z",
        "x-ms-file-id": "13835128424026341376",
        "x-ms-file-last-write-time": "2023-09-14T19:34:23.3883803Z",
        "x-ms-file-parent-id": "0",
        "x-ms-file-permission-key": "9255856626508002348*16764736045797335973",
        "x-ms-request-id": "e07ebbaf-501a-0010-6d42-e75649000000",
        "x-ms-request-server-encrypted": "true",
        "x-ms-version": "2023-01-03"
      },
      "ResponseBody": null
    },
    {
      "RequestUri": "https://fakesdaccount.file.core.windows.net/share169472006232206472/dir169472006242903306/file169472006253805948",
      "RequestMethod": "PUT",
      "RequestHeaders": {
        "Accept": "application/xml",
        "Authorization": "Sanitized",
        "Connection": "keep-alive",
        "Content-Length": "0",
        "User-Agent": "azsdk-js-azure-storage-blob/12.20.0 core-rest-pipeline/1.12.2 Node/v18.16.0 OS/(x64-Windows_NT-10.0.22621)",
        "x-ms-client-request-id": "4c1cfeb7-0dc3-4cde-93dd-e679d6ca4209",
        "x-ms-content-length": "11",
        "x-ms-date": "Thu, 14 Sep 2023 19:34:22 GMT",
        "x-ms-file-attributes": "None",
        "x-ms-file-creation-time": "now",
        "x-ms-file-last-write-time": "now",
        "x-ms-file-permission": "inherit",
        "x-ms-type": "file",
        "x-ms-version": "2023-01-03"
      },
      "RequestBody": null,
      "StatusCode": 201,
      "ResponseHeaders": {
        "Content-Length": "0",
        "Date": "Thu, 14 Sep 2023 19:34:22 GMT",
        "ETag": "\u00220x8DBB559997E1DE9\u0022",
        "Last-Modified": "Thu, 14 Sep 2023 19:34:23 GMT",
        "Server": [
          "Windows-Azure-File/1.0",
          "Microsoft-HTTPAPI/2.0"
        ],
        "x-ms-client-request-id": "4c1cfeb7-0dc3-4cde-93dd-e679d6ca4209",
        "x-ms-file-attributes": "Archive",
        "x-ms-file-change-time": "2023-09-14T19:34:23.4953193Z",
        "x-ms-file-creation-time": "2023-09-14T19:34:23.4953193Z",
        "x-ms-file-id": "11529285414812647424",
        "x-ms-file-last-write-time": "2023-09-14T19:34:23.4953193Z",
        "x-ms-file-parent-id": "13835128424026341376",
        "x-ms-file-permission-key": "4614121289425226539*16764736045797335973",
        "x-ms-request-id": "e07ebbb0-501a-0010-6e42-e75649000000",
        "x-ms-request-server-encrypted": "true",
        "x-ms-version": "2023-01-03"
      },
      "ResponseBody": null
    },
    {
      "RequestUri": "https://fakesdaccount.file.core.windows.net/share169472006232206472/dir169472006242903306/file169472006253805948?comp=range",
      "RequestMethod": "PUT",
      "RequestHeaders": {
        "Accept": "application/xml",
        "Authorization": "Sanitized",
        "Connection": "keep-alive",
        "Content-Length": "11",
        "Content-Type": "application/octet-stream",
        "User-Agent": "azsdk-js-azure-storage-blob/12.20.0 core-rest-pipeline/1.12.2 Node/v18.16.0 OS/(x64-Windows_NT-10.0.22621)",
        "x-ms-client-request-id": "dd1e6ff7-9d9c-472f-a48c-b341d69e65d7",
        "x-ms-date": "Thu, 14 Sep 2023 19:34:22 GMT",
        "x-ms-range": "bytes=0-10",
        "x-ms-version": "2023-01-03",
        "x-ms-write": "update"
      },
      "RequestBody": "SGVsbG8gV29ybGQ=",
      "StatusCode": 201,
      "ResponseHeaders": {
        "Content-Length": "0",
        "Content-MD5": "sQqNsWTgdUEFt6mb5y4/5Q==",
        "Date": "Thu, 14 Sep 2023 19:34:23 GMT",
        "ETag": "\u00220x8DBB559998E6F3B\u0022",
        "Last-Modified": "Thu, 14 Sep 2023 19:34:23 GMT",
        "Server": [
          "Windows-Azure-File/1.0",
          "Microsoft-HTTPAPI/2.0"
        ],
        "x-ms-client-request-id": "dd1e6ff7-9d9c-472f-a48c-b341d69e65d7",
        "x-ms-file-last-write-time": "2023-09-14T19:34:23.6022587Z",
        "x-ms-request-id": "e07ebbb1-501a-0010-6f42-e75649000000",
        "x-ms-request-server-encrypted": "true",
        "x-ms-version": "2023-01-03"
      },
      "ResponseBody": null
    },
    {
      "RequestUri": "https://fakesdaccount.file.core.windows.net/share169472006232206472/dir169472006242903306/file169472006253805948",
      "RequestMethod": "GET",
      "RequestHeaders": {
        "Accept": "application/xml",
        "Authorization": "Sanitized",
        "Connection": "keep-alive",
        "User-Agent": "azsdk-js-azure-storage-blob/12.20.0 core-rest-pipeline/1.12.2 Node/v18.16.0 OS/(x64-Windows_NT-10.0.22621)",
        "x-ms-client-request-id": "fad1147a-bcfa-48c9-8611-0a3e5671ff1b",
        "x-ms-date": "Thu, 14 Sep 2023 19:34:22 GMT",
        "x-ms-range": "bytes=0-0",
        "x-ms-range-get-content-md5": "true",
        "x-ms-version": "2023-01-03"
      },
      "RequestBody": null,
      "StatusCode": 206,
      "ResponseHeaders": {
        "Accept-Ranges": "bytes",
        "Content-Length": "1",
        "Content-MD5": "wdn1D4aCWhojAuwkScFxlg==",
        "Content-Range": "bytes 0-0/11",
        "Content-Type": "application/octet-stream",
        "Date": "Thu, 14 Sep 2023 19:34:23 GMT",
        "ETag": "\u00220x8DBB559998E6F3B\u0022",
        "Last-Modified": "Thu, 14 Sep 2023 19:34:23 GMT",
        "Server": [
          "Windows-Azure-File/1.0",
          "Microsoft-HTTPAPI/2.0"
        ],
        "Vary": "Origin",
        "x-ms-client-request-id": "fad1147a-bcfa-48c9-8611-0a3e5671ff1b",
        "x-ms-file-attributes": "Archive",
        "x-ms-file-change-time": "2023-09-14T19:34:23.6022587Z",
        "x-ms-file-creation-time": "2023-09-14T19:34:23.4953193Z",
        "x-ms-file-id": "11529285414812647424",
        "x-ms-file-last-write-time": "2023-09-14T19:34:23.6022587Z",
        "x-ms-file-parent-id": "13835128424026341376",
        "x-ms-file-permission-key": "4614121289425226539*16764736045797335973",
        "x-ms-lease-state": "available",
        "x-ms-lease-status": "unlocked",
        "x-ms-request-id": "e07ebbb2-501a-0010-7042-e75649000000",
        "x-ms-server-encrypted": "true",
        "x-ms-type": "File",
        "x-ms-version": "2023-01-03"
      },
      "ResponseBody": "SA=="
    },
    {
      "RequestUri": "https://fakesdaccount.file.core.windows.net/share169472006232206472?restype=share",
      "RequestMethod": "DELETE",
      "RequestHeaders": {
        "Accept": "application/xml",
        "Authorization": "Sanitized",
        "Connection": "keep-alive",
        "User-Agent": "azsdk-js-azure-storage-blob/12.20.0 core-rest-pipeline/1.12.2 Node/v18.16.0 OS/(x64-Windows_NT-10.0.22621)",
        "x-ms-client-request-id": "26131e77-897d-48b8-a31d-1167ab283ec9",
        "x-ms-date": "Thu, 14 Sep 2023 19:34:22 GMT",
        "x-ms-delete-snapshots": "include",
        "x-ms-version": "2023-01-03"
      },
      "RequestBody": null,
      "StatusCode": 202,
      "ResponseHeaders": {
        "Content-Length": "0",
        "Date": "Thu, 14 Sep 2023 19:34:23 GMT",
        "Server": [
          "Windows-Azure-File/1.0",
          "Microsoft-HTTPAPI/2.0"
        ],
        "x-ms-client-request-id": "26131e77-897d-48b8-a31d-1167ab283ec9",
        "x-ms-request-id": "e07ebbb3-501a-0010-7142-e75649000000",
        "x-ms-version": "2023-01-03"
      },
      "ResponseBody": null
    }
  ],
  "Variables": {
    "dir": "dir169472006242903306",
    "file": "file169472006253805948",
    "share": "share169472006232206472"
  }
}
