{
  "Entries": [
    {
      "RequestUri": "https://Sanitized.com/availablePhoneNumbers/countries/FR/:browse?api-version=2025-04-01",
      "RequestMethod": "POST",
      "RequestHeaders": {
        "Accept": "application/json",
        "Accept-Encoding": "gzip, deflate, br, zstd",
        "Authorization": "Sanitized",
        "Connection": "keep-alive",
        "Content-Length": "99",
        "Content-Type": "application/json",
        "Referer": "http://localhost:63315/",
        "sec-ch-ua": "\"Chromium\";v=\"134\", \"Not:A-Brand\";v=\"24\", \"HeadlessChrome\";v=\"134\"",
        "sec-ch-ua-mobile": "?0",
        "sec-ch-ua-platform": "\"Windows\"",
        "Sec-Fetch-Dest": "empty",
        "Sec-Fetch-Mode": "cors",
        "Sec-Fetch-Site": "same-site",
        "User-Agent": "Mozilla/5.0 (Windows NT 10.0; Win64; x64) AppleWebKit/537.36 (KHTML, like Gecko) HeadlessChrome/134.0.6998.35 Safari/537.36",
        "x-ms-client-request-id": "Sanitized",
        "x-ms-content-sha256": "Sanitized",
        "x-ms-date": "Fri, 25 Apr 2025 19:55:23 GMT",
        "x-ms-useragent": "fake-useragent"
      },
      "RequestBody": {
        "phoneNumberType": "tollFree",
        "capabilities": {
          "calling": "outbound"
        },
        "assignmentType": "application"
      },
      "StatusCode": 200,
      "ResponseHeaders": {
        "Accept-Ranges": "bytes",
        "api-supported-versions": "2023-04-30-preview, 2023-10-01-preview, 2023-10-01-preview2, 2024-04-30-preview, 2024-05-01-preview, 2024-08-31-preview, 2025-04-01, 2025-04-15-preview, 2025-06-01",
        "Connection": "keep-alive",
        "Content-Length": "7993",
        "Content-Type": "application/json; charset=utf-8",
        "Date": "Fri, 25 Apr 2025 19:55:23 GMT",
        "MS-CV": "Sanitized",
        "Request-Context": "appId=",
        "Strict-Transport-Security": "max-age=31536000; includeSubDomains",
        "x-azure-ref": "Sanitized",
        "X-Cache": "CONFIG_NOCACHE",
        "X-Processing-Time": "655ms"
      },
      "ResponseBody": {
        "phoneNumbers": [
          {
            "id": "14155550100",
            "countryCode": "FR",
            "phoneNumber": "+14155550100",
            "capabilities": {
              "calling": "inbound+outbound",
              "sms": "none"
            },
            "phoneNumberType": "tollFree",
            "assignmentType": "application",
            "cost": {
              "amount": 8.0,
              "currencyCode": "USD",
              "billingFrequency": "monthly"
            },
            "status": "available",
            "isAgreementToNotResellRequired": true
          },
          {
            "id": "14155550100",
            "countryCode": "FR",
            "phoneNumber": "+14155550100",
            "capabilities": {
              "calling": "inbound+outbound",
              "sms": "none"
            },
            "phoneNumberType": "tollFree",
            "assignmentType": "application",
            "cost": {
              "amount": 8.0,
              "currencyCode": "USD",
              "billingFrequency": "monthly"
            },
            "status": "available",
            "isAgreementToNotResellRequired": true
          },
          {
            "id": "14155550100",
            "countryCode": "FR",
            "phoneNumber": "+14155550100",
            "capabilities": {
              "calling": "inbound+outbound",
              "sms": "none"
            },
            "phoneNumberType": "tollFree",
            "assignmentType": "application",
            "cost": {
              "amount": 8.0,
              "currencyCode": "USD",
              "billingFrequency": "monthly"
            },
            "status": "available",
            "isAgreementToNotResellRequired": true
          },
          {
            "id": "14155550100",
            "countryCode": "FR",
            "phoneNumber": "+14155550100",
            "capabilities": {
              "calling": "inbound+outbound",
              "sms": "none"
            },
            "phoneNumberType": "tollFree",
            "assignmentType": "application",
            "cost": {
              "amount": 8.0,
              "currencyCode": "USD",
              "billingFrequency": "monthly"
            },
            "status": "available",
            "isAgreementToNotResellRequired": true
          },
          {
            "id": "14155550100",
            "countryCode": "FR",
            "phoneNumber": "+14155550100",
            "capabilities": {
              "calling": "inbound+outbound",
              "sms": "none"
            },
            "phoneNumberType": "tollFree",
            "assignmentType": "application",
            "cost": {
              "amount": 8.0,
              "currencyCode": "USD",
              "billingFrequency": "monthly"
            },
            "status": "available",
            "isAgreementToNotResellRequired": true
          },
          {
            "id": "14155550100",
            "countryCode": "FR",
            "phoneNumber": "+14155550100",
            "capabilities": {
              "calling": "inbound+outbound",
              "sms": "none"
            },
            "phoneNumberType": "tollFree",
            "assignmentType": "application",
            "cost": {
              "amount": 8.0,
              "currencyCode": "USD",
              "billingFrequency": "monthly"
            },
            "status": "available",
            "isAgreementToNotResellRequired": true
          },
          {
            "id": "14155550100",
            "countryCode": "FR",
            "phoneNumber": "+14155550100",
            "capabilities": {
              "calling": "inbound+outbound",
              "sms": "none"
            },
            "phoneNumberType": "tollFree",
            "assignmentType": "application",
            "cost": {
              "amount": 8.0,
              "currencyCode": "USD",
              "billingFrequency": "monthly"
            },
            "status": "available",
            "isAgreementToNotResellRequired": true
          },
          {
            "id": "14155550100",
            "countryCode": "FR",
            "phoneNumber": "+14155550100",
            "capabilities": {
              "calling": "inbound+outbound",
              "sms": "none"
            },
            "phoneNumberType": "tollFree",
            "assignmentType": "application",
            "cost": {
              "amount": 8.0,
              "currencyCode": "USD",
              "billingFrequency": "monthly"
            },
            "status": "available",
            "isAgreementToNotResellRequired": true
          },
          {
            "id": "14155550100",
            "countryCode": "FR",
            "phoneNumber": "+14155550100",
            "capabilities": {
              "calling": "inbound+outbound",
              "sms": "none"
            },
            "phoneNumberType": "tollFree",
            "assignmentType": "application",
            "cost": {
              "amount": 8.0,
              "currencyCode": "USD",
              "billingFrequency": "monthly"
            },
            "status": "available",
            "isAgreementToNotResellRequired": true
          },
          {
            "id": "14155550100",
            "countryCode": "FR",
            "phoneNumber": "+14155550100",
            "capabilities": {
              "calling": "inbound+outbound",
              "sms": "none"
            },
            "phoneNumberType": "tollFree",
            "assignmentType": "application",
            "cost": {
              "amount": 8.0,
              "currencyCode": "USD",
              "billingFrequency": "monthly"
            },
            "status": "available",
            "isAgreementToNotResellRequired": true
          },
          {
            "id": "14155550100",
            "countryCode": "FR",
            "phoneNumber": "+14155550100",
            "capabilities": {
              "calling": "inbound+outbound",
              "sms": "none"
            },
            "phoneNumberType": "tollFree",
            "assignmentType": "application",
            "cost": {
              "amount": 8.0,
              "currencyCode": "USD",
              "billingFrequency": "monthly"
            },
            "status": "available",
            "isAgreementToNotResellRequired": true
          },
          {
            "id": "14155550100",
            "countryCode": "FR",
            "phoneNumber": "+14155550100",
            "capabilities": {
              "calling": "inbound+outbound",
              "sms": "none"
            },
            "phoneNumberType": "tollFree",
            "assignmentType": "application",
            "cost": {
              "amount": 8.0,
              "currencyCode": "USD",
              "billingFrequency": "monthly"
            },
            "status": "available",
            "isAgreementToNotResellRequired": true
          },
          {
            "id": "14155550100",
            "countryCode": "FR",
            "phoneNumber": "+14155550100",
            "capabilities": {
              "calling": "inbound+outbound",
              "sms": "none"
            },
            "phoneNumberType": "tollFree",
            "assignmentType": "application",
            "cost": {
              "amount": 8.0,
              "currencyCode": "USD",
              "billingFrequency": "monthly"
            },
            "status": "available",
            "isAgreementToNotResellRequired": true
          },
          {
            "id": "14155550100",
            "countryCode": "FR",
            "phoneNumber": "+14155550100",
            "capabilities": {
              "calling": "inbound+outbound",
              "sms": "none"
            },
            "phoneNumberType": "tollFree",
            "assignmentType": "application",
            "cost": {
              "amount": 8.0,
              "currencyCode": "USD",
              "billingFrequency": "monthly"
            },
            "status": "available",
            "isAgreementToNotResellRequired": true
          },
          {
            "id": "14155550100",
            "countryCode": "FR",
            "phoneNumber": "+14155550100",
            "capabilities": {
              "calling": "inbound+outbound",
              "sms": "none"
            },
            "phoneNumberType": "tollFree",
            "assignmentType": "application",
            "cost": {
              "amount": 8.0,
              "currencyCode": "USD",
              "billingFrequency": "monthly"
            },
            "status": "available",
            "isAgreementToNotResellRequired": true
          },
          {
            "id": "14155550100",
            "countryCode": "FR",
            "phoneNumber": "+14155550100",
            "capabilities": {
              "calling": "inbound+outbound",
              "sms": "none"
            },
            "phoneNumberType": "tollFree",
            "assignmentType": "application",
            "cost": {
              "amount": 8.0,
              "currencyCode": "USD",
              "billingFrequency": "monthly"
            },
            "status": "available",
            "isAgreementToNotResellRequired": true
          },
          {
            "id": "14155550100",
            "countryCode": "FR",
            "phoneNumber": "+14155550100",
            "capabilities": {
              "calling": "inbound+outbound",
              "sms": "none"
            },
            "phoneNumberType": "tollFree",
            "assignmentType": "application",
            "cost": {
              "amount": 8.0,
              "currencyCode": "USD",
              "billingFrequency": "monthly"
            },
            "status": "available",
            "isAgreementToNotResellRequired": true
          },
          {
            "id": "14155550100",
            "countryCode": "FR",
            "phoneNumber": "+14155550100",
            "capabilities": {
              "calling": "inbound+outbound",
              "sms": "none"
            },
            "phoneNumberType": "tollFree",
            "assignmentType": "application",
            "cost": {
              "amount": 8.0,
              "currencyCode": "USD",
              "billingFrequency": "monthly"
            },
            "status": "available",
            "isAgreementToNotResellRequired": true
          },
          {
            "id": "14155550100",
            "countryCode": "FR",
            "phoneNumber": "+14155550100",
            "capabilities": {
              "calling": "inbound+outbound",
              "sms": "none"
            },
            "phoneNumberType": "tollFree",
            "assignmentType": "application",
            "cost": {
              "amount": 8.0,
              "currencyCode": "USD",
              "billingFrequency": "monthly"
            },
            "status": "available",
            "isAgreementToNotResellRequired": true
          },
          {
            "id": "14155550100",
            "countryCode": "FR",
            "phoneNumber": "+14155550100",
            "capabilities": {
              "calling": "inbound+outbound",
              "sms": "none"
            },
            "phoneNumberType": "tollFree",
            "assignmentType": "application",
            "cost": {
              "amount": 8.0,
              "currencyCode": "USD",
              "billingFrequency": "monthly"
            },
            "status": "available",
            "isAgreementToNotResellRequired": true
          },
          {
            "id": "14155550100",
            "countryCode": "FR",
            "phoneNumber": "+14155550100",
            "capabilities": {
              "calling": "inbound+outbound",
              "sms": "none"
            },
            "phoneNumberType": "tollFree",
            "assignmentType": "application",
            "cost": {
              "amount": 8.0,
              "currencyCode": "USD",
              "billingFrequency": "monthly"
            },
            "status": "available",
            "isAgreementToNotResellRequired": true
          },
          {
            "id": "14155550100",
            "countryCode": "FR",
            "phoneNumber": "+14155550100",
            "capabilities": {
              "calling": "inbound+outbound",
              "sms": "none"
            },
            "phoneNumberType": "tollFree",
            "assignmentType": "application",
            "cost": {
              "amount": 8.0,
              "currencyCode": "USD",
              "billingFrequency": "monthly"
            },
            "status": "available",
            "isAgreementToNotResellRequired": true
          },
          {
            "id": "14155550100",
            "countryCode": "FR",
            "phoneNumber": "+14155550100",
            "capabilities": {
              "calling": "inbound+outbound",
              "sms": "none"
            },
            "phoneNumberType": "tollFree",
            "assignmentType": "application",
            "cost": {
              "amount": 8.0,
              "currencyCode": "USD",
              "billingFrequency": "monthly"
            },
            "status": "available",
            "isAgreementToNotResellRequired": true
          },
          {
            "id": "14155550100",
            "countryCode": "FR",
            "phoneNumber": "+14155550100",
            "capabilities": {
              "calling": "inbound+outbound",
              "sms": "none"
            },
            "phoneNumberType": "tollFree",
            "assignmentType": "application",
            "cost": {
              "amount": 8.0,
              "currencyCode": "USD",
              "billingFrequency": "monthly"
            },
            "status": "available",
            "isAgreementToNotResellRequired": true
          },
          {
            "id": "14155550100",
            "countryCode": "FR",
            "phoneNumber": "+14155550100",
            "capabilities": {
              "calling": "inbound+outbound",
              "sms": "none"
            },
            "phoneNumberType": "tollFree",
            "assignmentType": "application",
            "cost": {
              "amount": 8.0,
              "currencyCode": "USD",
              "billingFrequency": "monthly"
            },
            "status": "available",
            "isAgreementToNotResellRequired": true
          }
        ]
      }
    },
    {
      "RequestUri": "https://Sanitized.com/availablePhoneNumbers/reservations/00000000-0000-0000-0000-000000000000?api-version=2025-04-01",
      "RequestMethod": "PATCH",
      "RequestHeaders": {
        "Accept": "application/json",
        "Accept-Encoding": "gzip, deflate, br, zstd",
        "Authorization": "Sanitized",
        "Connection": "keep-alive",
        "Content-Length": "349",
        "Content-Type": "application/merge-patch+json",
        "Referer": "http://localhost:63315/",
        "sec-ch-ua": "\"Chromium\";v=\"134\", \"Not:A-Brand\";v=\"24\", \"HeadlessChrome\";v=\"134\"",
        "sec-ch-ua-mobile": "?0",
        "sec-ch-ua-platform": "\"Windows\"",
        "Sec-Fetch-Dest": "empty",
        "Sec-Fetch-Mode": "cors",
        "Sec-Fetch-Site": "same-site",
        "User-Agent": "Mozilla/5.0 (Windows NT 10.0; Win64; x64) AppleWebKit/537.36 (KHTML, like Gecko) HeadlessChrome/134.0.6998.35 Safari/537.36",
        "x-ms-client-request-id": "Sanitized",
        "x-ms-content-sha256": "Sanitized",
        "x-ms-date": "Fri, 25 Apr 2025 19:55:23 GMT",
        "x-ms-useragent": "fake-useragent"
      },
      "RequestBody": {
        "phoneNumbers": {
          "14155550100": {
            "id": "14155550100",
            "countryCode": "FR",
            "phoneNumber": "+14155550100",
            "capabilities": {
              "calling": "inbound+outbound",
              "sms": "none"
            },
            "phoneNumberType": "tollFree",
            "assignmentType": "application",
            "cost": {
              "amount": 8,
              "currencyCode": "USD",
              "billingFrequency": "monthly"
            },
            "status": "available",
            "isAgreementToNotResellRequired": true
          }
        }
      },
      "StatusCode": 201,
      "ResponseHeaders": {
        "api-supported-versions": "2023-04-30-preview, 2023-10-01-preview, 2023-10-01-preview2, 2024-04-30-preview, 2024-05-01-preview, 2024-08-31-preview, 2025-04-01, 2025-04-15-preview, 2025-06-01",
        "Connection": "keep-alive",
        "Content-Length": "458",
        "Content-Type": "application/json; charset=utf-8",
        "Date": "Fri, 25 Apr 2025 19:55:27 GMT",
        "Location": "/availablePhoneNumbers/reservations/00000000-0000-0000-0000-000000000000",
        "MS-CV": "Sanitized",
        "Request-Context": "appId=",
        "Strict-Transport-Security": "max-age=31536000; includeSubDomains",
        "x-azure-ref": "Sanitized",
        "X-Cache": "CONFIG_NOCACHE",
        "X-Processing-Time": "3563ms"
      },
      "ResponseBody": {
        "id": "00000000-0000-0000-0000-000000000000",
        "expiresAt": "2025-04-25T20:10:26.377526+00:00",
        "phoneNumbers": {
          "14155550100": {
            "id": "14155550100",
            "countryCode": "FR",
            "phoneNumber": "14155550100",
            "capabilities": {
              "calling": "inbound+outbound",
              "sms": "none"
            },
            "phoneNumberType": "tollFree",
            "assignmentType": "application",
            "cost": {
              "amount": 8.0,
              "currencyCode": "USD",
              "billingFrequency": "monthly"
            },
            "status": "reserved",
            "isAgreementToNotResellRequired": true
          }
        },
        "status": "active"
      }
    },
    {
      "RequestUri": "https://Sanitized.com/availablePhoneNumbers/reservations/00000000-0000-0000-0000-000000000000/:purchase?api-version=2025-04-01",
      "RequestMethod": "POST",
      "RequestHeaders": {
        "Accept": "application/json",
        "Accept-Encoding": "gzip, deflate, br, zstd",
        "Authorization": "Sanitized",
        "Connection": "keep-alive",
        "Content-Length": "26",
        "Content-Type": "application/json",
        "Referer": "http://localhost:63315/",
        "sec-ch-ua": "\"Chromium\";v=\"134\", \"Not:A-Brand\";v=\"24\", \"HeadlessChrome\";v=\"134\"",
        "sec-ch-ua-mobile": "?0",
        "sec-ch-ua-platform": "\"Windows\"",
        "Sec-Fetch-Dest": "empty",
        "Sec-Fetch-Mode": "cors",
        "Sec-Fetch-Site": "same-site",
        "User-Agent": "Mozilla/5.0 (Windows NT 10.0; Win64; x64) AppleWebKit/537.36 (KHTML, like Gecko) HeadlessChrome/134.0.6998.35 Safari/537.36",
        "x-ms-client-request-id": "Sanitized",
        "x-ms-content-sha256": "Sanitized",
        "x-ms-date": "Fri, 25 Apr 2025 19:55:27 GMT",
        "x-ms-useragent": "fake-useragent"
      },
      "RequestBody": {
        "agreeToNotResell": false
      },
      "StatusCode": 400,
      "ResponseHeaders": {
        "api-supported-versions": "2023-04-30-preview, 2023-10-01-preview, 2023-10-01-preview2, 2024-04-30-preview, 2024-05-01-preview, 2024-08-31-preview, 2025-04-01, 2025-04-15-preview, 2025-06-01",
        "Connection": "keep-alive",
        "Content-Type": "application/json",
        "Date": "Fri, 25 Apr 2025 19:55:27 GMT",
        "MS-CV": "Sanitized",
        "Request-Context": "appId=",
        "Strict-Transport-Security": "max-age=31536000; includeSubDomains",
        "Transfer-Encoding": "chunked",
        "x-azure-ref": "Sanitized",
        "X-Cache": "CONFIG_NOCACHE",
        "X-Processing-Time": "624ms"
      },
      "ResponseBody": {
        "error": {
          "code": "BadRequest",
          "message": "Do not resell agreement was not provided and it is required for this purchase."
        }
      }
    }
  ],
  "Variables": {}
}

