{
  "Entries": [
    {
      "RequestUri": "https://dotnotsdkbatchaccount2.eastus.batch.azure.com/pools?api-version=2024-07-01.20.0",
      "RequestMethod": "GET",
      "RequestHeaders": {
        "Accept": "application/json",
        "Authorization": "Sanitized",
        "client-request-id": "Sanitized",
        "return-client-request-id": "true",
        "traceparent": "00-dc3a27e1e778b6509c6522f031e5026c-3aaaa08a34c562bb-00",
        "User-Agent": "azsdk-net-Compute.Batch/1.0.0-alpha.20241007.1 (.NET 8.0.8; Microsoft Windows 10.0.22631)",
        "x-ms-client-request-id": "Sanitized",
        "x-ms-return-client-request-id": "true"
      },
      "RequestBody": null,
      "StatusCode": 200,
      "ResponseHeaders": {
        "client-request-id": "Sanitized",
        "Content-Type": "application/json; odata=minimalmetadata",
        "DataServiceVersion": "3.0",
        "Date": "Tue, 08 Oct 2024 16:18:53 GMT",
        "request-id": "c34c96a4-44a0-4982-bc8d-e63282128fe4",
        "Server": "Microsoft-HTTPAPI/2.0",
        "Strict-Transport-Security": "max-age=31536000; includeSubDomains",
        "Transfer-Encoding": "chunked",
        "X-Content-Type-Options": "nosniff"
      },
      "ResponseBody": {
        "odata.metadata": "https://dotnotsdkbatchaccount2.eastus.batch.azure.com/$metadata#pools",
        "value": []
      }
    },
    {
      "RequestUri": "https://dotnotsdkbatchaccount2.eastus.batch.azure.com/pools?api-version=2024-07-01.20.0",
      "RequestMethod": "POST",
      "RequestHeaders": {
        "Accept": "application/json",
        "Authorization": "Sanitized",
        "client-request-id": "Sanitized",
        "Content-Length": "282",
        "Content-Type": "application/json; odata=minimalmetadata",
        "return-client-request-id": "true",
        "traceparent": "00-29e7a55ddf1a1024640646ae3b4f997a-45163dc992ddbe66-00",
        "User-Agent": "azsdk-net-Compute.Batch/1.0.0-alpha.20241007.1 (.NET 8.0.8; Microsoft Windows 10.0.22631)",
        "x-ms-client-request-id": "Sanitized",
        "x-ms-return-client-request-id": "true"
      },
      "RequestBody": {
        "id": "JobOperations",
        "vmSize": "STANDARD_D1_v2",
        "virtualMachineConfiguration": {
          "imageReference": {
            "publisher": "MicrosoftWindowsServer",
            "offer": "WindowsServer",
            "sku": "2019-datacenter-smalldisk",
            "version": "latest"
          },
          "nodeAgentSKUId": "batch.node.windows amd64"
        },
        "targetDedicatedNodes": 1
      },
      "StatusCode": 201,
      "ResponseHeaders": {
        "client-request-id": "Sanitized",
        "DataServiceId": "https://dotnotsdkbatchaccount2.eastus.batch.azure.com/pools/JobOperations",
        "DataServiceVersion": "3.0",
        "Date": "Tue, 08 Oct 2024 16:18:53 GMT",
        "ETag": "0x8DCE7B4E70907BA",
        "Last-Modified": "Tue, 08 Oct 2024 16:18:53 GMT",
        "Location": "https://dotnotsdkbatchaccount2.eastus.batch.azure.com/pools/JobOperations",
        "request-id": "8f9647d9-d164-4331-9386-d29cc9b1eef9",
        "Server": "Microsoft-HTTPAPI/2.0",
        "Strict-Transport-Security": "max-age=31536000; includeSubDomains",
        "Transfer-Encoding": "chunked",
        "X-Content-Type-Options": "nosniff"
      },
      "ResponseBody": null
    },
    {
      "RequestUri": "https://dotnotsdkbatchaccount2.eastus.batch.azure.com/pools/JobOperations?api-version=2024-07-01.20.0",
      "RequestMethod": "GET",
      "RequestHeaders": {
        "Accept": "application/json",
        "Authorization": "Sanitized",
        "client-request-id": "Sanitized",
        "return-client-request-id": "true",
        "traceparent": "00-efaecc62337a87c4a78677b8233471d7-94b47bdcbfe64543-00",
        "User-Agent": "azsdk-net-Compute.Batch/1.0.0-alpha.20241007.1 (.NET 8.0.8; Microsoft Windows 10.0.22631)",
        "x-ms-client-request-id": "Sanitized",
        "x-ms-return-client-request-id": "true"
      },
      "RequestBody": null,
      "StatusCode": 200,
      "ResponseHeaders": {
        "client-request-id": "Sanitized",
        "Content-Type": "application/json; odata=minimalmetadata",
        "DataServiceVersion": "3.0",
        "Date": "Tue, 08 Oct 2024 16:18:53 GMT",
        "ETag": "0x8DCE7B4E70907BA",
        "Last-Modified": "Tue, 08 Oct 2024 16:18:53 GMT",
        "request-id": "566f9874-73fa-45a4-ac04-c5b28b7eb4bb",
        "Server": "Microsoft-HTTPAPI/2.0",
        "Strict-Transport-Security": "max-age=31536000; includeSubDomains",
        "Transfer-Encoding": "chunked",
        "X-Content-Type-Options": "nosniff"
      },
      "ResponseBody": {
        "odata.metadata": "https://dotnotsdkbatchaccount2.eastus.batch.azure.com/$metadata#pools/@Element",
        "id": "JobOperations",
        "url": "https://dotnotsdkbatchaccount2.eastus.batch.azure.com/pools/JobOperations",
        "eTag": "0x8DCE7B4E70907BA",
        "lastModified": "2024-10-08T16:18:53.6026042Z",
        "creationTime": "2024-10-08T16:18:53.6026029Z",
        "state": "active",
        "stateTransitionTime": "2024-10-08T16:18:53.6026029Z",
        "allocationState": "resizing",
        "allocationStateTransitionTime": "2024-10-08T16:18:53.6026043Z",
        "vmSize": "standard_d1_v2",
        "resizeTimeout": "PT15M",
        "currentDedicatedNodes": 0,
        "targetDedicatedNodes": 1,
        "currentLowPriorityNodes": 0,
        "targetLowPriorityNodes": 0,
        "enableAutoScale": false,
        "enableInterNodeCommunication": false,
        "certificateReferences": [],
        "taskSlotsPerNode": 1,
        "taskSchedulingPolicy": {
          "nodeFillType": "Spread"
        },
        "virtualMachineConfiguration": {
          "imageReference": {
            "publisher": "MicrosoftWindowsServer",
            "offer": "WindowsServer",
            "sku": "2019-datacenter-smalldisk",
            "version": "latest"
          },
          "nodeAgentSKUId": "batch.node.windows amd64"
        }
      }
    },
    {
      "RequestUri": "https://dotnotsdkbatchaccount2.eastus.batch.azure.com/pools/JobOperations?api-version=2024-07-01.20.0",
      "RequestMethod": "GET",
      "RequestHeaders": {
        "Accept": "application/json",
        "Authorization": "Sanitized",
        "client-request-id": "Sanitized",
        "return-client-request-id": "true",
        "traceparent": "00-9409f206d073bb69e3261e4a953919b6-7207cd92a568e6a5-00",
        "User-Agent": "azsdk-net-Compute.Batch/1.0.0-alpha.20241007.1 (.NET 8.0.8; Microsoft Windows 10.0.22631)",
        "x-ms-client-request-id": "Sanitized",
        "x-ms-return-client-request-id": "true"
      },
      "RequestBody": null,
      "StatusCode": 200,
      "ResponseHeaders": {
        "client-request-id": "Sanitized",
        "Content-Type": "application/json; odata=minimalmetadata",
        "DataServiceVersion": "3.0",
        "Date": "Tue, 08 Oct 2024 16:18:53 GMT",
        "ETag": "0x8DCE7B4E70907BA",
        "Last-Modified": "Tue, 08 Oct 2024 16:18:53 GMT",
        "request-id": "635db710-2a01-424a-b45c-3e68d3649db2",
        "Server": "Microsoft-HTTPAPI/2.0",
        "Strict-Transport-Security": "max-age=31536000; includeSubDomains",
        "Transfer-Encoding": "chunked",
        "X-Content-Type-Options": "nosniff"
      },
      "ResponseBody": {
        "odata.metadata": "https://dotnotsdkbatchaccount2.eastus.batch.azure.com/$metadata#pools/@Element",
        "id": "JobOperations",
        "url": "https://dotnotsdkbatchaccount2.eastus.batch.azure.com/pools/JobOperations",
        "eTag": "0x8DCE7B4E70907BA",
        "lastModified": "2024-10-08T16:18:53.6026042Z",
        "creationTime": "2024-10-08T16:18:53.6026029Z",
        "state": "active",
        "stateTransitionTime": "2024-10-08T16:18:53.6026029Z",
        "allocationState": "resizing",
        "allocationStateTransitionTime": "2024-10-08T16:18:53.6026043Z",
        "vmSize": "standard_d1_v2",
        "resizeTimeout": "PT15M",
        "currentDedicatedNodes": 0,
        "targetDedicatedNodes": 1,
        "currentLowPriorityNodes": 0,
        "targetLowPriorityNodes": 0,
        "enableAutoScale": false,
        "enableInterNodeCommunication": false,
        "certificateReferences": [],
        "taskSlotsPerNode": 1,
        "taskSchedulingPolicy": {
          "nodeFillType": "Spread"
        },
        "virtualMachineConfiguration": {
          "imageReference": {
            "publisher": "MicrosoftWindowsServer",
            "offer": "WindowsServer",
            "sku": "2019-datacenter-smalldisk",
            "version": "latest"
          },
          "nodeAgentSKUId": "batch.node.windows amd64"
        }
      }
    },
    {
      "RequestUri": "https://dotnotsdkbatchaccount2.eastus.batch.azure.com/pools/JobOperations?api-version=2024-07-01.20.0",
      "RequestMethod": "GET",
      "RequestHeaders": {
        "Accept": "application/json",
        "Authorization": "Sanitized",
        "client-request-id": "Sanitized",
        "return-client-request-id": "true",
        "traceparent": "00-de113df5ee0228c51a4b1aa857bf781f-9c99bb4a73cb0db1-00",
        "User-Agent": "azsdk-net-Compute.Batch/1.0.0-alpha.20241007.1 (.NET 8.0.8; Microsoft Windows 10.0.22631)",
        "x-ms-client-request-id": "Sanitized",
        "x-ms-return-client-request-id": "true"
      },
      "RequestBody": null,
      "StatusCode": 200,
      "ResponseHeaders": {
        "client-request-id": "Sanitized",
        "Content-Type": "application/json; odata=minimalmetadata",
        "DataServiceVersion": "3.0",
        "Date": "Tue, 08 Oct 2024 16:19:03 GMT",
        "ETag": "0x8DCE7B4E70907BA",
        "Last-Modified": "Tue, 08 Oct 2024 16:18:53 GMT",
        "request-id": "f003816e-386e-47df-afea-8e1146548e8e",
        "Server": "Microsoft-HTTPAPI/2.0",
        "Strict-Transport-Security": "max-age=31536000; includeSubDomains",
        "Transfer-Encoding": "chunked",
        "X-Content-Type-Options": "nosniff"
      },
      "ResponseBody": {
        "odata.metadata": "https://dotnotsdkbatchaccount2.eastus.batch.azure.com/$metadata#pools/@Element",
        "id": "JobOperations",
        "url": "https://dotnotsdkbatchaccount2.eastus.batch.azure.com/pools/JobOperations",
        "eTag": "0x8DCE7B4E70907BA",
        "lastModified": "2024-10-08T16:18:53.6026042Z",
        "creationTime": "2024-10-08T16:18:53.6026029Z",
        "state": "active",
        "stateTransitionTime": "2024-10-08T16:18:53.6026029Z",
        "allocationState": "resizing",
        "allocationStateTransitionTime": "2024-10-08T16:18:53.6026043Z",
        "vmSize": "standard_d1_v2",
        "resizeTimeout": "PT15M",
        "currentDedicatedNodes": 0,
        "targetDedicatedNodes": 1,
        "currentLowPriorityNodes": 0,
        "targetLowPriorityNodes": 0,
        "enableAutoScale": false,
        "enableInterNodeCommunication": false,
        "certificateReferences": [],
        "taskSlotsPerNode": 1,
        "taskSchedulingPolicy": {
          "nodeFillType": "Spread"
        },
        "virtualMachineConfiguration": {
          "imageReference": {
            "publisher": "MicrosoftWindowsServer",
            "offer": "WindowsServer",
            "sku": "2019-datacenter-smalldisk",
            "version": "latest"
          },
          "nodeAgentSKUId": "batch.node.windows amd64"
        }
      }
    },
    {
      "RequestUri": "https://dotnotsdkbatchaccount2.eastus.batch.azure.com/pools/JobOperations?api-version=2024-07-01.20.0",
      "RequestMethod": "GET",
      "RequestHeaders": {
        "Accept": "application/json",
        "Authorization": "Sanitized",
        "client-request-id": "Sanitized",
        "return-client-request-id": "true",
        "traceparent": "00-fae232740c8d00aceee33a2a6c917ab6-7c92903c2ed6bffa-00",
        "User-Agent": "azsdk-net-Compute.Batch/1.0.0-alpha.20241007.1 (.NET 8.0.8; Microsoft Windows 10.0.22631)",
        "x-ms-client-request-id": "Sanitized",
        "x-ms-return-client-request-id": "true"
      },
      "RequestBody": null,
      "StatusCode": 200,
      "ResponseHeaders": {
        "client-request-id": "Sanitized",
        "Content-Type": "application/json; odata=minimalmetadata",
        "DataServiceVersion": "3.0",
        "Date": "Tue, 08 Oct 2024 16:19:13 GMT",
        "ETag": "0x8DCE7B4E70907BA",
        "Last-Modified": "Tue, 08 Oct 2024 16:18:53 GMT",
        "request-id": "3ae7523b-7bd1-4d11-bd60-975cc45e0d82",
        "Server": "Microsoft-HTTPAPI/2.0",
        "Strict-Transport-Security": "max-age=31536000; includeSubDomains",
        "Transfer-Encoding": "chunked",
        "X-Content-Type-Options": "nosniff"
      },
      "ResponseBody": {
        "odata.metadata": "https://dotnotsdkbatchaccount2.eastus.batch.azure.com/$metadata#pools/@Element",
        "id": "JobOperations",
        "url": "https://dotnotsdkbatchaccount2.eastus.batch.azure.com/pools/JobOperations",
        "eTag": "0x8DCE7B4E70907BA",
        "lastModified": "2024-10-08T16:18:53.6026042Z",
        "creationTime": "2024-10-08T16:18:53.6026029Z",
        "state": "active",
        "stateTransitionTime": "2024-10-08T16:18:53.6026029Z",
        "allocationState": "resizing",
        "allocationStateTransitionTime": "2024-10-08T16:18:53.6026043Z",
        "vmSize": "standard_d1_v2",
        "resizeTimeout": "PT15M",
        "currentDedicatedNodes": 0,
        "targetDedicatedNodes": 1,
        "currentLowPriorityNodes": 0,
        "targetLowPriorityNodes": 0,
        "enableAutoScale": false,
        "enableInterNodeCommunication": false,
        "certificateReferences": [],
        "taskSlotsPerNode": 1,
        "taskSchedulingPolicy": {
          "nodeFillType": "Spread"
        },
        "virtualMachineConfiguration": {
          "imageReference": {
            "publisher": "MicrosoftWindowsServer",
            "offer": "WindowsServer",
            "sku": "2019-datacenter-smalldisk",
            "version": "latest"
          },
          "nodeAgentSKUId": "batch.node.windows amd64"
        }
      }
    },
    {
      "RequestUri": "https://dotnotsdkbatchaccount2.eastus.batch.azure.com/pools/JobOperations?api-version=2024-07-01.20.0",
      "RequestMethod": "GET",
      "RequestHeaders": {
        "Accept": "application/json",
        "Authorization": "Sanitized",
        "client-request-id": "Sanitized",
        "return-client-request-id": "true",
        "traceparent": "00-3d5bbeb8a34e383d583049fb43d50377-72c748d5c30e474e-00",
        "User-Agent": "azsdk-net-Compute.Batch/1.0.0-alpha.20241007.1 (.NET 8.0.8; Microsoft Windows 10.0.22631)",
        "x-ms-client-request-id": "Sanitized",
        "x-ms-return-client-request-id": "true"
      },
      "RequestBody": null,
      "StatusCode": 200,
      "ResponseHeaders": {
        "client-request-id": "Sanitized",
        "Content-Type": "application/json; odata=minimalmetadata",
        "DataServiceVersion": "3.0",
        "Date": "Tue, 08 Oct 2024 16:19:23 GMT",
        "ETag": "0x8DCE7B4E70907BA",
        "Last-Modified": "Tue, 08 Oct 2024 16:18:53 GMT",
        "request-id": "688cddae-d9d3-43fa-9eab-2852fd0f9230",
        "Server": "Microsoft-HTTPAPI/2.0",
        "Strict-Transport-Security": "max-age=31536000; includeSubDomains",
        "Transfer-Encoding": "chunked",
        "X-Content-Type-Options": "nosniff"
      },
      "ResponseBody": {
        "odata.metadata": "https://dotnotsdkbatchaccount2.eastus.batch.azure.com/$metadata#pools/@Element",
        "id": "JobOperations",
        "url": "https://dotnotsdkbatchaccount2.eastus.batch.azure.com/pools/JobOperations",
        "eTag": "0x8DCE7B4E70907BA",
        "lastModified": "2024-10-08T16:18:53.6026042Z",
        "creationTime": "2024-10-08T16:18:53.6026029Z",
        "state": "active",
        "stateTransitionTime": "2024-10-08T16:18:53.6026029Z",
        "allocationState": "resizing",
        "allocationStateTransitionTime": "2024-10-08T16:18:53.6026043Z",
        "vmSize": "standard_d1_v2",
        "resizeTimeout": "PT15M",
        "currentDedicatedNodes": 0,
        "targetDedicatedNodes": 1,
        "currentLowPriorityNodes": 0,
        "targetLowPriorityNodes": 0,
        "enableAutoScale": false,
        "enableInterNodeCommunication": false,
        "certificateReferences": [],
        "taskSlotsPerNode": 1,
        "taskSchedulingPolicy": {
          "nodeFillType": "Spread"
        },
        "virtualMachineConfiguration": {
          "imageReference": {
            "publisher": "MicrosoftWindowsServer",
            "offer": "WindowsServer",
            "sku": "2019-datacenter-smalldisk",
            "version": "latest"
          },
          "nodeAgentSKUId": "batch.node.windows amd64"
        }
      }
    },
    {
      "RequestUri": "https://dotnotsdkbatchaccount2.eastus.batch.azure.com/pools/JobOperations?api-version=2024-07-01.20.0",
      "RequestMethod": "GET",
      "RequestHeaders": {
        "Accept": "application/json",
        "Authorization": "Sanitized",
        "client-request-id": "Sanitized",
        "return-client-request-id": "true",
        "traceparent": "00-9a1b59b51963720010751ba67c3bc44c-f2d2eb65c5d44371-00",
        "User-Agent": "azsdk-net-Compute.Batch/1.0.0-alpha.20241007.1 (.NET 8.0.8; Microsoft Windows 10.0.22631)",
        "x-ms-client-request-id": "Sanitized",
        "x-ms-return-client-request-id": "true"
      },
      "RequestBody": null,
      "StatusCode": 200,
      "ResponseHeaders": {
        "client-request-id": "Sanitized",
        "Content-Type": "application/json; odata=minimalmetadata",
        "DataServiceVersion": "3.0",
        "Date": "Tue, 08 Oct 2024 16:19:33 GMT",
        "ETag": "0x8DCE7B4E70907BA",
        "Last-Modified": "Tue, 08 Oct 2024 16:18:53 GMT",
        "request-id": "11afd68f-fec5-4fe8-b945-000bd8b0c902",
        "Server": "Microsoft-HTTPAPI/2.0",
        "Strict-Transport-Security": "max-age=31536000; includeSubDomains",
        "Transfer-Encoding": "chunked",
        "X-Content-Type-Options": "nosniff"
      },
      "ResponseBody": {
        "odata.metadata": "https://dotnotsdkbatchaccount2.eastus.batch.azure.com/$metadata#pools/@Element",
        "id": "JobOperations",
        "url": "https://dotnotsdkbatchaccount2.eastus.batch.azure.com/pools/JobOperations",
        "eTag": "0x8DCE7B4E70907BA",
        "lastModified": "2024-10-08T16:18:53.6026042Z",
        "creationTime": "2024-10-08T16:18:53.6026029Z",
        "state": "active",
        "stateTransitionTime": "2024-10-08T16:18:53.6026029Z",
        "allocationState": "steady",
        "allocationStateTransitionTime": "2024-10-08T16:19:30.5632089Z",
        "vmSize": "standard_d1_v2",
        "resizeTimeout": "PT15M",
        "currentDedicatedNodes": 1,
        "targetDedicatedNodes": 1,
        "currentLowPriorityNodes": 0,
        "targetLowPriorityNodes": 0,
        "enableAutoScale": false,
        "enableInterNodeCommunication": false,
        "certificateReferences": [],
        "taskSlotsPerNode": 1,
        "taskSchedulingPolicy": {
          "nodeFillType": "Spread"
        },
        "virtualMachineConfiguration": {
          "imageReference": {
            "publisher": "MicrosoftWindowsServer",
            "offer": "WindowsServer",
            "sku": "2019-datacenter-smalldisk",
            "version": "latest"
          },
          "nodeAgentSKUId": "batch.node.windows amd64"
        },
        "currentNodeCommunicationMode": "classic"
      }
    },
    {
      "RequestUri": "https://dotnotsdkbatchaccount2.eastus.batch.azure.com/pools/JobOperations/nodes?api-version=2024-07-01.20.0",
      "RequestMethod": "GET",
      "RequestHeaders": {
        "Accept": "application/json",
        "Authorization": "Sanitized",
        "client-request-id": "Sanitized",
        "return-client-request-id": "true",
        "traceparent": "00-b9b81bd16d2339abd5b8677b136ccd7a-ae5805b5bd6c9835-00",
        "User-Agent": "azsdk-net-Compute.Batch/1.0.0-alpha.20241007.1 (.NET 8.0.8; Microsoft Windows 10.0.22631)",
        "x-ms-client-request-id": "Sanitized",
        "x-ms-return-client-request-id": "true"
      },
      "RequestBody": null,
      "StatusCode": 200,
      "ResponseHeaders": {
        "client-request-id": "Sanitized",
        "Content-Type": "application/json; odata=minimalmetadata",
        "DataServiceVersion": "3.0",
        "Date": "Tue, 08 Oct 2024 16:19:33 GMT",
        "request-id": "f430d68f-caea-4bdd-b65a-f5aa0ae474ca",
        "Server": "Microsoft-HTTPAPI/2.0",
        "Strict-Transport-Security": "max-age=31536000; includeSubDomains",
        "Transfer-Encoding": "chunked",
        "X-Content-Type-Options": "nosniff"
      },
      "ResponseBody": {
        "odata.metadata": "https://dotnotsdkbatchaccount2.eastus.batch.azure.com/$metadata#nodes",
        "value": [
          {
            "id": "tvmps_bbf9359a522bb5d4ba786b369e8f15c75c22d9eb0839c1fa274b5d7b501c9bb1_d",
            "url": "https://dotnotsdkbatchaccount2.eastus.batch.azure.com/pools/JobOperations/nodes/tvmps_bbf9359a522bb5d4ba786b369e8f15c75c22d9eb0839c1fa274b5d7b501c9bb1_d",
            "state": "creating",
            "schedulingState": "enabled",
            "stateTransitionTime": "2024-10-08T16:19:29.9185336Z",
            "allocationTime": "2024-10-08T16:19:29.9185381Z",
            "ipAddress": "10.0.0.4",
            "affinityId": "TVM:tvmps_bbf9359a522bb5d4ba786b369e8f15c75c22d9eb0839c1fa274b5d7b501c9bb1_d",
            "vmSize": "standard_d1_v2",
            "totalTasksRun": 0,
            "totalTasksSucceeded": 0,
            "runningTasksCount": 0,
            "runningTaskSlotsCount": 0,
            "isDedicated": true,
            "virtualMachineInfo": {
              "imageReference": {
                "publisher": "MicrosoftWindowsServer",
                "offer": "WindowsServer",
                "sku": "2019-datacenter-smalldisk",
                "version": "latest",
                "exactVersion": "latest"
              }
            }
          }
        ]
      }
    },
    {
      "RequestUri": "https://dotnotsdkbatchaccount2.eastus.batch.azure.com/pools/JobOperations/nodes?api-version=2024-07-01.20.0",
      "RequestMethod": "GET",
      "RequestHeaders": {
        "Accept": "application/json",
        "Authorization": "Sanitized",
        "client-request-id": "Sanitized",
        "return-client-request-id": "true",
        "traceparent": "00-1e27a8bd3a08afb608719a4146c7d4ce-23ab267e6478ac07-00",
        "User-Agent": "azsdk-net-Compute.Batch/1.0.0-alpha.20241007.1 (.NET 8.0.8; Microsoft Windows 10.0.22631)",
        "x-ms-client-request-id": "Sanitized",
        "x-ms-return-client-request-id": "true"
      },
      "RequestBody": null,
      "StatusCode": 200,
      "ResponseHeaders": {
        "client-request-id": "Sanitized",
        "Content-Type": "application/json; odata=minimalmetadata",
        "DataServiceVersion": "3.0",
        "Date": "Tue, 08 Oct 2024 16:19:44 GMT",
        "request-id": "629a1383-42fb-44fb-a7e9-18395d90772b",
        "Server": "Microsoft-HTTPAPI/2.0",
        "Strict-Transport-Security": "max-age=31536000; includeSubDomains",
        "Transfer-Encoding": "chunked",
        "X-Content-Type-Options": "nosniff"
      },
      "ResponseBody": {
        "odata.metadata": "https://dotnotsdkbatchaccount2.eastus.batch.azure.com/$metadata#nodes",
        "value": [
          {
            "id": "tvmps_bbf9359a522bb5d4ba786b369e8f15c75c22d9eb0839c1fa274b5d7b501c9bb1_d",
            "url": "https://dotnotsdkbatchaccount2.eastus.batch.azure.com/pools/JobOperations/nodes/tvmps_bbf9359a522bb5d4ba786b369e8f15c75c22d9eb0839c1fa274b5d7b501c9bb1_d",
            "state": "starting",
            "schedulingState": "enabled",
            "stateTransitionTime": "2024-10-08T16:19:40.5199446Z",
            "allocationTime": "2024-10-08T16:19:29.9185381Z",
            "ipAddress": "10.0.0.4",
            "affinityId": "TVM:tvmps_bbf9359a522bb5d4ba786b369e8f15c75c22d9eb0839c1fa274b5d7b501c9bb1_d",
            "vmSize": "standard_d1_v2",
            "totalTasksRun": 0,
            "totalTasksSucceeded": 0,
            "runningTasksCount": 0,
            "runningTaskSlotsCount": 0,
            "isDedicated": true,
            "virtualMachineInfo": {
              "imageReference": {
                "publisher": "MicrosoftWindowsServer",
                "offer": "WindowsServer",
                "sku": "2019-datacenter-smalldisk",
                "version": "latest",
                "exactVersion": "latest"
              }
            }
          }
        ]
      }
    },
    {
      "RequestUri": "https://dotnotsdkbatchaccount2.eastus.batch.azure.com/pools/JobOperations/nodes?api-version=2024-07-01.20.0",
      "RequestMethod": "GET",
      "RequestHeaders": {
        "Accept": "application/json",
        "Authorization": "Sanitized",
        "client-request-id": "Sanitized",
        "return-client-request-id": "true",
        "traceparent": "00-ff12fb2d54d9770f5f0bdd77d874b522-f1df0819bad876f9-00",
        "User-Agent": "azsdk-net-Compute.Batch/1.0.0-alpha.20241007.1 (.NET 8.0.8; Microsoft Windows 10.0.22631)",
        "x-ms-client-request-id": "Sanitized",
        "x-ms-return-client-request-id": "true"
      },
      "RequestBody": null,
      "StatusCode": 200,
      "ResponseHeaders": {
        "client-request-id": "Sanitized",
        "Content-Type": "application/json; odata=minimalmetadata",
        "DataServiceVersion": "3.0",
        "Date": "Tue, 08 Oct 2024 16:19:54 GMT",
        "request-id": "0befe24e-0fc7-4b6c-abb6-fa87a4ddef9d",
        "Server": "Microsoft-HTTPAPI/2.0",
        "Strict-Transport-Security": "max-age=31536000; includeSubDomains",
        "Transfer-Encoding": "chunked",
        "X-Content-Type-Options": "nosniff"
      },
      "ResponseBody": {
        "odata.metadata": "https://dotnotsdkbatchaccount2.eastus.batch.azure.com/$metadata#nodes",
        "value": [
          {
            "id": "tvmps_bbf9359a522bb5d4ba786b369e8f15c75c22d9eb0839c1fa274b5d7b501c9bb1_d",
            "url": "https://dotnotsdkbatchaccount2.eastus.batch.azure.com/pools/JobOperations/nodes/tvmps_bbf9359a522bb5d4ba786b369e8f15c75c22d9eb0839c1fa274b5d7b501c9bb1_d",
            "state": "starting",
            "schedulingState": "enabled",
            "stateTransitionTime": "2024-10-08T16:19:40.5199446Z",
            "allocationTime": "2024-10-08T16:19:29.9185381Z",
            "ipAddress": "10.0.0.4",
            "affinityId": "TVM:tvmps_bbf9359a522bb5d4ba786b369e8f15c75c22d9eb0839c1fa274b5d7b501c9bb1_d",
            "vmSize": "standard_d1_v2",
            "totalTasksRun": 0,
            "totalTasksSucceeded": 0,
            "runningTasksCount": 0,
            "runningTaskSlotsCount": 0,
            "isDedicated": true,
            "virtualMachineInfo": {
              "imageReference": {
                "publisher": "MicrosoftWindowsServer",
                "offer": "WindowsServer",
                "sku": "2019-datacenter-smalldisk",
                "version": "latest",
                "exactVersion": "latest"
              }
            }
          }
        ]
      }
    },
    {
      "RequestUri": "https://dotnotsdkbatchaccount2.eastus.batch.azure.com/pools/JobOperations/nodes?api-version=2024-07-01.20.0",
      "RequestMethod": "GET",
      "RequestHeaders": {
        "Accept": "application/json",
        "Authorization": "Sanitized",
        "client-request-id": "Sanitized",
        "return-client-request-id": "true",
        "traceparent": "00-c42b0bd36c875ca1b0a5f13ce809ea1a-c9d02d5d6646dbf3-00",
        "User-Agent": "azsdk-net-Compute.Batch/1.0.0-alpha.20241007.1 (.NET 8.0.8; Microsoft Windows 10.0.22631)",
        "x-ms-client-request-id": "Sanitized",
        "x-ms-return-client-request-id": "true"
      },
      "RequestBody": null,
      "StatusCode": 200,
      "ResponseHeaders": {
        "client-request-id": "Sanitized",
        "Content-Type": "application/json; odata=minimalmetadata",
        "DataServiceVersion": "3.0",
        "Date": "Tue, 08 Oct 2024 16:20:03 GMT",
        "request-id": "f1f07e6b-b781-48c6-91bb-9fd137a9b975",
        "Server": "Microsoft-HTTPAPI/2.0",
        "Strict-Transport-Security": "max-age=31536000; includeSubDomains",
        "Transfer-Encoding": "chunked",
        "X-Content-Type-Options": "nosniff"
      },
      "ResponseBody": {
        "odata.metadata": "https://dotnotsdkbatchaccount2.eastus.batch.azure.com/$metadata#nodes",
        "value": [
          {
            "id": "tvmps_bbf9359a522bb5d4ba786b369e8f15c75c22d9eb0839c1fa274b5d7b501c9bb1_d",
            "url": "https://dotnotsdkbatchaccount2.eastus.batch.azure.com/pools/JobOperations/nodes/tvmps_bbf9359a522bb5d4ba786b369e8f15c75c22d9eb0839c1fa274b5d7b501c9bb1_d",
            "state": "starting",
            "schedulingState": "enabled",
            "stateTransitionTime": "2024-10-08T16:19:40.5199446Z",
            "allocationTime": "2024-10-08T16:19:29.9185381Z",
            "ipAddress": "10.0.0.4",
            "affinityId": "TVM:tvmps_bbf9359a522bb5d4ba786b369e8f15c75c22d9eb0839c1fa274b5d7b501c9bb1_d",
            "vmSize": "standard_d1_v2",
            "totalTasksRun": 0,
            "totalTasksSucceeded": 0,
            "runningTasksCount": 0,
            "runningTaskSlotsCount": 0,
            "isDedicated": true,
            "virtualMachineInfo": {
              "imageReference": {
                "publisher": "MicrosoftWindowsServer",
                "offer": "WindowsServer",
                "sku": "2019-datacenter-smalldisk",
                "version": "latest",
                "exactVersion": "latest"
              }
            }
          }
        ]
      }
    },
    {
      "RequestUri": "https://dotnotsdkbatchaccount2.eastus.batch.azure.com/pools/JobOperations/nodes?api-version=2024-07-01.20.0",
      "RequestMethod": "GET",
      "RequestHeaders": {
        "Accept": "application/json",
        "Authorization": "Sanitized",
        "client-request-id": "Sanitized",
        "return-client-request-id": "true",
        "traceparent": "00-fdbfdd3afa60d7b2beaf662876791c49-b46210e752d4c581-00",
        "User-Agent": "azsdk-net-Compute.Batch/1.0.0-alpha.20241007.1 (.NET 8.0.8; Microsoft Windows 10.0.22631)",
        "x-ms-client-request-id": "Sanitized",
        "x-ms-return-client-request-id": "true"
      },
      "RequestBody": null,
      "StatusCode": 200,
      "ResponseHeaders": {
        "client-request-id": "Sanitized",
        "Content-Type": "application/json; odata=minimalmetadata",
        "DataServiceVersion": "3.0",
        "Date": "Tue, 08 Oct 2024 16:20:14 GMT",
        "request-id": "8ee2c6b1-55eb-4f2e-8031-139809558fd6",
        "Server": "Microsoft-HTTPAPI/2.0",
        "Strict-Transport-Security": "max-age=31536000; includeSubDomains",
        "Transfer-Encoding": "chunked",
        "X-Content-Type-Options": "nosniff"
      },
      "ResponseBody": {
        "odata.metadata": "https://dotnotsdkbatchaccount2.eastus.batch.azure.com/$metadata#nodes",
        "value": [
          {
            "id": "tvmps_bbf9359a522bb5d4ba786b369e8f15c75c22d9eb0839c1fa274b5d7b501c9bb1_d",
            "url": "https://dotnotsdkbatchaccount2.eastus.batch.azure.com/pools/JobOperations/nodes/tvmps_bbf9359a522bb5d4ba786b369e8f15c75c22d9eb0839c1fa274b5d7b501c9bb1_d",
            "state": "starting",
            "schedulingState": "enabled",
            "stateTransitionTime": "2024-10-08T16:19:40.5199446Z",
            "allocationTime": "2024-10-08T16:19:29.9185381Z",
            "ipAddress": "10.0.0.4",
            "affinityId": "TVM:tvmps_bbf9359a522bb5d4ba786b369e8f15c75c22d9eb0839c1fa274b5d7b501c9bb1_d",
            "vmSize": "standard_d1_v2",
            "totalTasksRun": 0,
            "totalTasksSucceeded": 0,
            "runningTasksCount": 0,
            "runningTaskSlotsCount": 0,
            "isDedicated": true,
            "virtualMachineInfo": {
              "imageReference": {
                "publisher": "MicrosoftWindowsServer",
                "offer": "WindowsServer",
                "sku": "2019-datacenter-smalldisk",
                "version": "latest",
                "exactVersion": "latest"
              }
            }
          }
        ]
      }
    },
    {
      "RequestUri": "https://dotnotsdkbatchaccount2.eastus.batch.azure.com/pools/JobOperations/nodes?api-version=2024-07-01.20.0",
      "RequestMethod": "GET",
      "RequestHeaders": {
        "Accept": "application/json",
        "Authorization": "Sanitized",
        "client-request-id": "Sanitized",
        "return-client-request-id": "true",
        "traceparent": "00-72db3d35e34ebdf5f4c3692e1f640a74-0c4271a374c01272-00",
        "User-Agent": "azsdk-net-Compute.Batch/1.0.0-alpha.20241007.1 (.NET 8.0.8; Microsoft Windows 10.0.22631)",
        "x-ms-client-request-id": "Sanitized",
        "x-ms-return-client-request-id": "true"
      },
      "RequestBody": null,
      "StatusCode": 200,
      "ResponseHeaders": {
        "client-request-id": "Sanitized",
        "Content-Type": "application/json; odata=minimalmetadata",
        "DataServiceVersion": "3.0",
        "Date": "Tue, 08 Oct 2024 16:20:24 GMT",
        "request-id": "331eb039-9521-4094-9767-d18575df6fb5",
        "Server": "Microsoft-HTTPAPI/2.0",
        "Strict-Transport-Security": "max-age=31536000; includeSubDomains",
        "Transfer-Encoding": "chunked",
        "X-Content-Type-Options": "nosniff"
      },
      "ResponseBody": {
        "odata.metadata": "https://dotnotsdkbatchaccount2.eastus.batch.azure.com/$metadata#nodes",
        "value": [
          {
            "id": "tvmps_bbf9359a522bb5d4ba786b369e8f15c75c22d9eb0839c1fa274b5d7b501c9bb1_d",
            "url": "https://dotnotsdkbatchaccount2.eastus.batch.azure.com/pools/JobOperations/nodes/tvmps_bbf9359a522bb5d4ba786b369e8f15c75c22d9eb0839c1fa274b5d7b501c9bb1_d",
            "state": "starting",
            "schedulingState": "enabled",
            "stateTransitionTime": "2024-10-08T16:19:40.5199446Z",
            "allocationTime": "2024-10-08T16:19:29.9185381Z",
            "ipAddress": "10.0.0.4",
            "affinityId": "TVM:tvmps_bbf9359a522bb5d4ba786b369e8f15c75c22d9eb0839c1fa274b5d7b501c9bb1_d",
            "vmSize": "standard_d1_v2",
            "totalTasksRun": 0,
            "totalTasksSucceeded": 0,
            "runningTasksCount": 0,
            "runningTaskSlotsCount": 0,
            "isDedicated": true,
            "virtualMachineInfo": {
              "imageReference": {
                "publisher": "MicrosoftWindowsServer",
                "offer": "WindowsServer",
                "sku": "2019-datacenter-smalldisk",
                "version": "latest",
                "exactVersion": "latest"
              }
            }
          }
        ]
      }
    },
    {
      "RequestUri": "https://dotnotsdkbatchaccount2.eastus.batch.azure.com/pools/JobOperations/nodes?api-version=2024-07-01.20.0",
      "RequestMethod": "GET",
      "RequestHeaders": {
        "Accept": "application/json",
        "Authorization": "Sanitized",
        "client-request-id": "Sanitized",
        "return-client-request-id": "true",
        "traceparent": "00-fd175d6424d1d5804fc9497334ff8d44-fd3ef49d365ed8bf-00",
        "User-Agent": "azsdk-net-Compute.Batch/1.0.0-alpha.20241007.1 (.NET 8.0.8; Microsoft Windows 10.0.22631)",
        "x-ms-client-request-id": "Sanitized",
        "x-ms-return-client-request-id": "true"
      },
      "RequestBody": null,
      "StatusCode": 200,
      "ResponseHeaders": {
        "client-request-id": "Sanitized",
        "Content-Type": "application/json; odata=minimalmetadata",
        "DataServiceVersion": "3.0",
        "Date": "Tue, 08 Oct 2024 16:20:34 GMT",
        "request-id": "bb785636-8078-41fa-89b0-c7cf985fcdd0",
        "Server": "Microsoft-HTTPAPI/2.0",
        "Strict-Transport-Security": "max-age=31536000; includeSubDomains",
        "Transfer-Encoding": "chunked",
        "X-Content-Type-Options": "nosniff"
      },
      "ResponseBody": {
        "odata.metadata": "https://dotnotsdkbatchaccount2.eastus.batch.azure.com/$metadata#nodes",
        "value": [
          {
            "id": "tvmps_bbf9359a522bb5d4ba786b369e8f15c75c22d9eb0839c1fa274b5d7b501c9bb1_d",
            "url": "https://dotnotsdkbatchaccount2.eastus.batch.azure.com/pools/JobOperations/nodes/tvmps_bbf9359a522bb5d4ba786b369e8f15c75c22d9eb0839c1fa274b5d7b501c9bb1_d",
            "state": "starting",
            "schedulingState": "enabled",
            "stateTransitionTime": "2024-10-08T16:19:40.5199446Z",
            "allocationTime": "2024-10-08T16:19:29.9185381Z",
            "ipAddress": "10.0.0.4",
            "affinityId": "TVM:tvmps_bbf9359a522bb5d4ba786b369e8f15c75c22d9eb0839c1fa274b5d7b501c9bb1_d",
            "vmSize": "standard_d1_v2",
            "totalTasksRun": 0,
            "totalTasksSucceeded": 0,
            "runningTasksCount": 0,
            "runningTaskSlotsCount": 0,
            "isDedicated": true,
            "virtualMachineInfo": {
              "imageReference": {
                "publisher": "MicrosoftWindowsServer",
                "offer": "WindowsServer",
                "sku": "2019-datacenter-smalldisk",
                "version": "latest",
                "exactVersion": "latest"
              }
            }
          }
        ]
      }
    },
    {
      "RequestUri": "https://dotnotsdkbatchaccount2.eastus.batch.azure.com/pools/JobOperations/nodes?api-version=2024-07-01.20.0",
      "RequestMethod": "GET",
      "RequestHeaders": {
        "Accept": "application/json",
        "Authorization": "Sanitized",
        "client-request-id": "Sanitized",
        "return-client-request-id": "true",
        "traceparent": "00-8b636d28f905dee7d101aaa303d0b25c-489ea2b5e43d55c0-00",
        "User-Agent": "azsdk-net-Compute.Batch/1.0.0-alpha.20241007.1 (.NET 8.0.8; Microsoft Windows 10.0.22631)",
        "x-ms-client-request-id": "Sanitized",
        "x-ms-return-client-request-id": "true"
      },
      "RequestBody": null,
      "StatusCode": 200,
      "ResponseHeaders": {
        "client-request-id": "Sanitized",
        "Content-Type": "application/json; odata=minimalmetadata",
        "DataServiceVersion": "3.0",
        "Date": "Tue, 08 Oct 2024 16:20:44 GMT",
        "request-id": "bb0bff5b-7b75-4f34-bf11-b96cd87594f7",
        "Server": "Microsoft-HTTPAPI/2.0",
        "Strict-Transport-Security": "max-age=31536000; includeSubDomains",
        "Transfer-Encoding": "chunked",
        "X-Content-Type-Options": "nosniff"
      },
      "ResponseBody": {
        "odata.metadata": "https://dotnotsdkbatchaccount2.eastus.batch.azure.com/$metadata#nodes",
        "value": [
          {
            "id": "tvmps_bbf9359a522bb5d4ba786b369e8f15c75c22d9eb0839c1fa274b5d7b501c9bb1_d",
            "url": "https://dotnotsdkbatchaccount2.eastus.batch.azure.com/pools/JobOperations/nodes/tvmps_bbf9359a522bb5d4ba786b369e8f15c75c22d9eb0839c1fa274b5d7b501c9bb1_d",
            "state": "starting",
            "schedulingState": "enabled",
            "stateTransitionTime": "2024-10-08T16:19:40.5199446Z",
            "allocationTime": "2024-10-08T16:19:29.9185381Z",
            "ipAddress": "10.0.0.4",
            "affinityId": "TVM:tvmps_bbf9359a522bb5d4ba786b369e8f15c75c22d9eb0839c1fa274b5d7b501c9bb1_d",
            "vmSize": "standard_d1_v2",
            "totalTasksRun": 0,
            "totalTasksSucceeded": 0,
            "runningTasksCount": 0,
            "runningTaskSlotsCount": 0,
            "isDedicated": true,
            "virtualMachineInfo": {
              "imageReference": {
                "publisher": "MicrosoftWindowsServer",
                "offer": "WindowsServer",
                "sku": "2019-datacenter-smalldisk",
                "version": "latest",
                "exactVersion": "latest"
              }
            }
          }
        ]
      }
    },
    {
      "RequestUri": "https://dotnotsdkbatchaccount2.eastus.batch.azure.com/pools/JobOperations/nodes?api-version=2024-07-01.20.0",
      "RequestMethod": "GET",
      "RequestHeaders": {
        "Accept": "application/json",
        "Authorization": "Sanitized",
        "client-request-id": "Sanitized",
        "return-client-request-id": "true",
        "traceparent": "00-6f11fc16d25aa7c99f78407865b04737-b16af300be9c29bd-00",
        "User-Agent": "azsdk-net-Compute.Batch/1.0.0-alpha.20241007.1 (.NET 8.0.8; Microsoft Windows 10.0.22631)",
        "x-ms-client-request-id": "Sanitized",
        "x-ms-return-client-request-id": "true"
      },
      "RequestBody": null,
      "StatusCode": 200,
      "ResponseHeaders": {
        "client-request-id": "Sanitized",
        "Content-Type": "application/json; odata=minimalmetadata",
        "DataServiceVersion": "3.0",
        "Date": "Tue, 08 Oct 2024 16:20:54 GMT",
        "request-id": "7470f333-eb67-4128-bfa2-a0e4353d8a65",
        "Server": "Microsoft-HTTPAPI/2.0",
        "Strict-Transport-Security": "max-age=31536000; includeSubDomains",
        "Transfer-Encoding": "chunked",
        "X-Content-Type-Options": "nosniff"
      },
      "ResponseBody": {
        "odata.metadata": "https://dotnotsdkbatchaccount2.eastus.batch.azure.com/$metadata#nodes",
        "value": [
          {
            "id": "tvmps_bbf9359a522bb5d4ba786b369e8f15c75c22d9eb0839c1fa274b5d7b501c9bb1_d",
            "url": "https://dotnotsdkbatchaccount2.eastus.batch.azure.com/pools/JobOperations/nodes/tvmps_bbf9359a522bb5d4ba786b369e8f15c75c22d9eb0839c1fa274b5d7b501c9bb1_d",
            "state": "starting",
            "schedulingState": "enabled",
            "stateTransitionTime": "2024-10-08T16:19:40.5199446Z",
            "allocationTime": "2024-10-08T16:19:29.9185381Z",
            "ipAddress": "10.0.0.4",
            "affinityId": "TVM:tvmps_bbf9359a522bb5d4ba786b369e8f15c75c22d9eb0839c1fa274b5d7b501c9bb1_d",
            "vmSize": "standard_d1_v2",
            "totalTasksRun": 0,
            "totalTasksSucceeded": 0,
            "runningTasksCount": 0,
            "runningTaskSlotsCount": 0,
            "isDedicated": true,
            "virtualMachineInfo": {
              "imageReference": {
                "publisher": "MicrosoftWindowsServer",
                "offer": "WindowsServer",
                "sku": "2019-datacenter-smalldisk",
                "version": "latest",
                "exactVersion": "latest"
              }
            }
          }
        ]
      }
    },
    {
      "RequestUri": "https://dotnotsdkbatchaccount2.eastus.batch.azure.com/pools/JobOperations/nodes?api-version=2024-07-01.20.0",
      "RequestMethod": "GET",
      "RequestHeaders": {
        "Accept": "application/json",
        "Authorization": "Sanitized",
        "client-request-id": "Sanitized",
        "return-client-request-id": "true",
        "traceparent": "00-c005984b550e0f7f58e9ae79f57d6ec3-c3e99490355ae057-00",
        "User-Agent": "azsdk-net-Compute.Batch/1.0.0-alpha.20241007.1 (.NET 8.0.8; Microsoft Windows 10.0.22631)",
        "x-ms-client-request-id": "Sanitized",
        "x-ms-return-client-request-id": "true"
      },
      "RequestBody": null,
      "StatusCode": 200,
      "ResponseHeaders": {
        "client-request-id": "Sanitized",
        "Content-Type": "application/json; odata=minimalmetadata",
        "DataServiceVersion": "3.0",
        "Date": "Tue, 08 Oct 2024 16:21:04 GMT",
        "request-id": "cad23e9f-ff94-44b4-bdc3-f626a992324c",
        "Server": "Microsoft-HTTPAPI/2.0",
        "Strict-Transport-Security": "max-age=31536000; includeSubDomains",
        "Transfer-Encoding": "chunked",
        "X-Content-Type-Options": "nosniff"
      },
      "ResponseBody": {
        "odata.metadata": "https://dotnotsdkbatchaccount2.eastus.batch.azure.com/$metadata#nodes",
        "value": [
          {
            "id": "tvmps_bbf9359a522bb5d4ba786b369e8f15c75c22d9eb0839c1fa274b5d7b501c9bb1_d",
            "url": "https://dotnotsdkbatchaccount2.eastus.batch.azure.com/pools/JobOperations/nodes/tvmps_bbf9359a522bb5d4ba786b369e8f15c75c22d9eb0839c1fa274b5d7b501c9bb1_d",
            "state": "starting",
            "schedulingState": "enabled",
            "stateTransitionTime": "2024-10-08T16:19:40.5199446Z",
            "allocationTime": "2024-10-08T16:19:29.9185381Z",
            "ipAddress": "10.0.0.4",
            "affinityId": "TVM:tvmps_bbf9359a522bb5d4ba786b369e8f15c75c22d9eb0839c1fa274b5d7b501c9bb1_d",
            "vmSize": "standard_d1_v2",
            "totalTasksRun": 0,
            "totalTasksSucceeded": 0,
            "runningTasksCount": 0,
            "runningTaskSlotsCount": 0,
            "isDedicated": true,
            "virtualMachineInfo": {
              "imageReference": {
                "publisher": "MicrosoftWindowsServer",
                "offer": "WindowsServer",
                "sku": "2019-datacenter-smalldisk",
                "version": "latest",
                "exactVersion": "latest"
              }
            }
          }
        ]
      }
    },
    {
      "RequestUri": "https://dotnotsdkbatchaccount2.eastus.batch.azure.com/pools/JobOperations/nodes?api-version=2024-07-01.20.0",
      "RequestMethod": "GET",
      "RequestHeaders": {
        "Accept": "application/json",
        "Authorization": "Sanitized",
        "client-request-id": "Sanitized",
        "return-client-request-id": "true",
        "traceparent": "00-fbe336ac09193a067059d52785f0f0e5-e66e3d5380c7e1eb-00",
        "User-Agent": "azsdk-net-Compute.Batch/1.0.0-alpha.20241007.1 (.NET 8.0.8; Microsoft Windows 10.0.22631)",
        "x-ms-client-request-id": "Sanitized",
        "x-ms-return-client-request-id": "true"
      },
      "RequestBody": null,
      "StatusCode": 200,
      "ResponseHeaders": {
        "client-request-id": "Sanitized",
        "Content-Type": "application/json; odata=minimalmetadata",
        "DataServiceVersion": "3.0",
        "Date": "Tue, 08 Oct 2024 16:21:14 GMT",
        "request-id": "d369c022-81c0-40d0-9adc-50cd7353f1bd",
        "Server": "Microsoft-HTTPAPI/2.0",
        "Strict-Transport-Security": "max-age=31536000; includeSubDomains",
        "Transfer-Encoding": "chunked",
        "X-Content-Type-Options": "nosniff"
      },
      "ResponseBody": {
        "odata.metadata": "https://dotnotsdkbatchaccount2.eastus.batch.azure.com/$metadata#nodes",
        "value": [
          {
            "id": "tvmps_bbf9359a522bb5d4ba786b369e8f15c75c22d9eb0839c1fa274b5d7b501c9bb1_d",
            "url": "https://dotnotsdkbatchaccount2.eastus.batch.azure.com/pools/JobOperations/nodes/tvmps_bbf9359a522bb5d4ba786b369e8f15c75c22d9eb0839c1fa274b5d7b501c9bb1_d",
            "state": "starting",
            "schedulingState": "enabled",
            "stateTransitionTime": "2024-10-08T16:19:40.5199446Z",
            "allocationTime": "2024-10-08T16:19:29.9185381Z",
            "ipAddress": "10.0.0.4",
            "affinityId": "TVM:tvmps_bbf9359a522bb5d4ba786b369e8f15c75c22d9eb0839c1fa274b5d7b501c9bb1_d",
            "vmSize": "standard_d1_v2",
            "totalTasksRun": 0,
            "totalTasksSucceeded": 0,
            "runningTasksCount": 0,
            "runningTaskSlotsCount": 0,
            "isDedicated": true,
            "virtualMachineInfo": {
              "imageReference": {
                "publisher": "MicrosoftWindowsServer",
                "offer": "WindowsServer",
                "sku": "2019-datacenter-smalldisk",
                "version": "latest",
                "exactVersion": "latest"
              }
            }
          }
        ]
      }
    },
    {
      "RequestUri": "https://dotnotsdkbatchaccount2.eastus.batch.azure.com/pools/JobOperations/nodes?api-version=2024-07-01.20.0",
      "RequestMethod": "GET",
      "RequestHeaders": {
        "Accept": "application/json",
        "Authorization": "Sanitized",
        "client-request-id": "Sanitized",
        "return-client-request-id": "true",
        "traceparent": "00-e5a1f590592acc3bfad739c17380e72e-c3a7524092f1fbe3-00",
        "User-Agent": "azsdk-net-Compute.Batch/1.0.0-alpha.20241007.1 (.NET 8.0.8; Microsoft Windows 10.0.22631)",
        "x-ms-client-request-id": "Sanitized",
        "x-ms-return-client-request-id": "true"
      },
      "RequestBody": null,
      "StatusCode": 200,
      "ResponseHeaders": {
        "client-request-id": "Sanitized",
        "Content-Type": "application/json; odata=minimalmetadata",
        "DataServiceVersion": "3.0",
        "Date": "Tue, 08 Oct 2024 16:21:25 GMT",
        "request-id": "64f32f7e-0660-47a0-901d-2fe8518c6639",
        "Server": "Microsoft-HTTPAPI/2.0",
        "Strict-Transport-Security": "max-age=31536000; includeSubDomains",
        "Transfer-Encoding": "chunked",
        "X-Content-Type-Options": "nosniff"
      },
      "ResponseBody": {
        "odata.metadata": "https://dotnotsdkbatchaccount2.eastus.batch.azure.com/$metadata#nodes",
        "value": [
          {
            "id": "tvmps_bbf9359a522bb5d4ba786b369e8f15c75c22d9eb0839c1fa274b5d7b501c9bb1_d",
            "url": "https://dotnotsdkbatchaccount2.eastus.batch.azure.com/pools/JobOperations/nodes/tvmps_bbf9359a522bb5d4ba786b369e8f15c75c22d9eb0839c1fa274b5d7b501c9bb1_d",
            "state": "starting",
            "schedulingState": "enabled",
            "stateTransitionTime": "2024-10-08T16:19:40.5199446Z",
            "allocationTime": "2024-10-08T16:19:29.9185381Z",
            "ipAddress": "10.0.0.4",
            "affinityId": "TVM:tvmps_bbf9359a522bb5d4ba786b369e8f15c75c22d9eb0839c1fa274b5d7b501c9bb1_d",
            "vmSize": "standard_d1_v2",
            "totalTasksRun": 0,
            "totalTasksSucceeded": 0,
            "runningTasksCount": 0,
            "runningTaskSlotsCount": 0,
            "isDedicated": true,
            "virtualMachineInfo": {
              "imageReference": {
                "publisher": "MicrosoftWindowsServer",
                "offer": "WindowsServer",
                "sku": "2019-datacenter-smalldisk",
                "version": "latest",
                "exactVersion": "latest"
              }
            }
          }
        ]
      }
    },
    {
      "RequestUri": "https://dotnotsdkbatchaccount2.eastus.batch.azure.com/pools/JobOperations/nodes?api-version=2024-07-01.20.0",
      "RequestMethod": "GET",
      "RequestHeaders": {
        "Accept": "application/json",
        "Authorization": "Sanitized",
        "client-request-id": "Sanitized",
        "return-client-request-id": "true",
        "traceparent": "00-15a596960f1ff7e4b59cbf329bef3e8e-ab888aef56d273ad-00",
        "User-Agent": "azsdk-net-Compute.Batch/1.0.0-alpha.20241007.1 (.NET 8.0.8; Microsoft Windows 10.0.22631)",
        "x-ms-client-request-id": "Sanitized",
        "x-ms-return-client-request-id": "true"
      },
      "RequestBody": null,
      "StatusCode": 200,
      "ResponseHeaders": {
        "client-request-id": "Sanitized",
        "Content-Type": "application/json; odata=minimalmetadata",
        "DataServiceVersion": "3.0",
        "Date": "Tue, 08 Oct 2024 16:21:35 GMT",
        "request-id": "8fdb4bf5-0baa-46f4-90b6-2a87016cdc60",
        "Server": "Microsoft-HTTPAPI/2.0",
        "Strict-Transport-Security": "max-age=31536000; includeSubDomains",
        "Transfer-Encoding": "chunked",
        "X-Content-Type-Options": "nosniff"
      },
      "ResponseBody": {
        "odata.metadata": "https://dotnotsdkbatchaccount2.eastus.batch.azure.com/$metadata#nodes",
        "value": [
          {
            "id": "tvmps_bbf9359a522bb5d4ba786b369e8f15c75c22d9eb0839c1fa274b5d7b501c9bb1_d",
            "url": "https://dotnotsdkbatchaccount2.eastus.batch.azure.com/pools/JobOperations/nodes/tvmps_bbf9359a522bb5d4ba786b369e8f15c75c22d9eb0839c1fa274b5d7b501c9bb1_d",
            "state": "starting",
            "schedulingState": "enabled",
            "stateTransitionTime": "2024-10-08T16:19:40.5199446Z",
            "allocationTime": "2024-10-08T16:19:29.9185381Z",
            "ipAddress": "10.0.0.4",
            "affinityId": "TVM:tvmps_bbf9359a522bb5d4ba786b369e8f15c75c22d9eb0839c1fa274b5d7b501c9bb1_d",
            "vmSize": "standard_d1_v2",
            "totalTasksRun": 0,
            "totalTasksSucceeded": 0,
            "runningTasksCount": 0,
            "runningTaskSlotsCount": 0,
            "isDedicated": true,
            "virtualMachineInfo": {
              "imageReference": {
                "publisher": "MicrosoftWindowsServer",
                "offer": "WindowsServer",
                "sku": "2019-datacenter-smalldisk",
                "version": "latest",
                "exactVersion": "latest"
              }
            }
          }
        ]
      }
    },
    {
      "RequestUri": "https://dotnotsdkbatchaccount2.eastus.batch.azure.com/pools/JobOperations/nodes?api-version=2024-07-01.20.0",
      "RequestMethod": "GET",
      "RequestHeaders": {
        "Accept": "application/json",
        "Authorization": "Sanitized",
        "client-request-id": "Sanitized",
        "return-client-request-id": "true",
        "traceparent": "00-59c01ece3019f3c8a79a48b00033aaaf-a4f3a648ab1de7fb-00",
        "User-Agent": "azsdk-net-Compute.Batch/1.0.0-alpha.20241007.1 (.NET 8.0.8; Microsoft Windows 10.0.22631)",
        "x-ms-client-request-id": "Sanitized",
        "x-ms-return-client-request-id": "true"
      },
      "RequestBody": null,
      "StatusCode": 200,
      "ResponseHeaders": {
        "client-request-id": "Sanitized",
        "Content-Type": "application/json; odata=minimalmetadata",
        "DataServiceVersion": "3.0",
        "Date": "Tue, 08 Oct 2024 16:21:45 GMT",
        "request-id": "e6ff489d-536e-4e7b-b9cf-b91416903d9c",
        "Server": "Microsoft-HTTPAPI/2.0",
        "Strict-Transport-Security": "max-age=31536000; includeSubDomains",
        "Transfer-Encoding": "chunked",
        "X-Content-Type-Options": "nosniff"
      },
      "ResponseBody": {
        "odata.metadata": "https://dotnotsdkbatchaccount2.eastus.batch.azure.com/$metadata#nodes",
        "value": [
          {
            "id": "tvmps_bbf9359a522bb5d4ba786b369e8f15c75c22d9eb0839c1fa274b5d7b501c9bb1_d",
            "url": "https://dotnotsdkbatchaccount2.eastus.batch.azure.com/pools/JobOperations/nodes/tvmps_bbf9359a522bb5d4ba786b369e8f15c75c22d9eb0839c1fa274b5d7b501c9bb1_d",
            "state": "starting",
            "schedulingState": "enabled",
            "stateTransitionTime": "2024-10-08T16:19:40.5199446Z",
            "allocationTime": "2024-10-08T16:19:29.9185381Z",
            "ipAddress": "10.0.0.4",
            "affinityId": "TVM:tvmps_bbf9359a522bb5d4ba786b369e8f15c75c22d9eb0839c1fa274b5d7b501c9bb1_d",
            "vmSize": "standard_d1_v2",
            "totalTasksRun": 0,
            "totalTasksSucceeded": 0,
            "runningTasksCount": 0,
            "runningTaskSlotsCount": 0,
            "isDedicated": true,
            "virtualMachineInfo": {
              "imageReference": {
                "publisher": "MicrosoftWindowsServer",
                "offer": "WindowsServer",
                "sku": "2019-datacenter-smalldisk",
                "version": "latest",
                "exactVersion": "latest"
              }
            }
          }
        ]
      }
    },
    {
      "RequestUri": "https://dotnotsdkbatchaccount2.eastus.batch.azure.com/pools/JobOperations/nodes?api-version=2024-07-01.20.0",
      "RequestMethod": "GET",
      "RequestHeaders": {
        "Accept": "application/json",
        "Authorization": "Sanitized",
        "client-request-id": "Sanitized",
        "return-client-request-id": "true",
        "traceparent": "00-596a99572ca59a6a976da35a78890164-6dad53b319ece772-00",
        "User-Agent": "azsdk-net-Compute.Batch/1.0.0-alpha.20241007.1 (.NET 8.0.8; Microsoft Windows 10.0.22631)",
        "x-ms-client-request-id": "Sanitized",
        "x-ms-return-client-request-id": "true"
      },
      "RequestBody": null,
      "StatusCode": 200,
      "ResponseHeaders": {
        "client-request-id": "Sanitized",
        "Content-Type": "application/json; odata=minimalmetadata",
        "DataServiceVersion": "3.0",
        "Date": "Tue, 08 Oct 2024 16:21:56 GMT",
        "request-id": "3387f997-484f-4529-b1e8-d75986d3730f",
        "Server": "Microsoft-HTTPAPI/2.0",
        "Strict-Transport-Security": "max-age=31536000; includeSubDomains",
        "Transfer-Encoding": "chunked",
        "X-Content-Type-Options": "nosniff"
      },
      "ResponseBody": {
        "odata.metadata": "https://dotnotsdkbatchaccount2.eastus.batch.azure.com/$metadata#nodes",
        "value": [
          {
            "id": "tvmps_bbf9359a522bb5d4ba786b369e8f15c75c22d9eb0839c1fa274b5d7b501c9bb1_d",
            "url": "https://dotnotsdkbatchaccount2.eastus.batch.azure.com/pools/JobOperations/nodes/tvmps_bbf9359a522bb5d4ba786b369e8f15c75c22d9eb0839c1fa274b5d7b501c9bb1_d",
            "state": "starting",
            "schedulingState": "enabled",
            "stateTransitionTime": "2024-10-08T16:19:40.5199446Z",
            "allocationTime": "2024-10-08T16:19:29.9185381Z",
            "ipAddress": "10.0.0.4",
            "affinityId": "TVM:tvmps_bbf9359a522bb5d4ba786b369e8f15c75c22d9eb0839c1fa274b5d7b501c9bb1_d",
            "vmSize": "standard_d1_v2",
            "totalTasksRun": 0,
            "totalTasksSucceeded": 0,
            "runningTasksCount": 0,
            "runningTaskSlotsCount": 0,
            "isDedicated": true,
            "virtualMachineInfo": {
              "imageReference": {
                "publisher": "MicrosoftWindowsServer",
                "offer": "WindowsServer",
                "sku": "2019-datacenter-smalldisk",
                "version": "latest",
                "exactVersion": "latest"
              }
            }
          }
        ]
      }
    },
    {
      "RequestUri": "https://dotnotsdkbatchaccount2.eastus.batch.azure.com/pools/JobOperations/nodes?api-version=2024-07-01.20.0",
      "RequestMethod": "GET",
      "RequestHeaders": {
        "Accept": "application/json",
        "Authorization": "Sanitized",
        "client-request-id": "Sanitized",
        "return-client-request-id": "true",
        "traceparent": "00-7dc8bdead34222bcc189871bbe532ac0-b4415f46d4fd9bcc-00",
        "User-Agent": "azsdk-net-Compute.Batch/1.0.0-alpha.20241007.1 (.NET 8.0.8; Microsoft Windows 10.0.22631)",
        "x-ms-client-request-id": "Sanitized",
        "x-ms-return-client-request-id": "true"
      },
      "RequestBody": null,
      "StatusCode": 200,
      "ResponseHeaders": {
        "client-request-id": "Sanitized",
        "Content-Type": "application/json; odata=minimalmetadata",
        "DataServiceVersion": "3.0",
        "Date": "Tue, 08 Oct 2024 16:22:06 GMT",
        "request-id": "ef36cbe0-6a86-4381-b295-5d56a179d857",
        "Server": "Microsoft-HTTPAPI/2.0",
        "Strict-Transport-Security": "max-age=31536000; includeSubDomains",
        "Transfer-Encoding": "chunked",
        "X-Content-Type-Options": "nosniff"
      },
      "ResponseBody": {
        "odata.metadata": "https://dotnotsdkbatchaccount2.eastus.batch.azure.com/$metadata#nodes",
        "value": [
          {
            "id": "tvmps_bbf9359a522bb5d4ba786b369e8f15c75c22d9eb0839c1fa274b5d7b501c9bb1_d",
            "url": "https://dotnotsdkbatchaccount2.eastus.batch.azure.com/pools/JobOperations/nodes/tvmps_bbf9359a522bb5d4ba786b369e8f15c75c22d9eb0839c1fa274b5d7b501c9bb1_d",
            "state": "starting",
            "schedulingState": "enabled",
            "stateTransitionTime": "2024-10-08T16:19:40.5199446Z",
            "allocationTime": "2024-10-08T16:19:29.9185381Z",
            "ipAddress": "10.0.0.4",
            "affinityId": "TVM:tvmps_bbf9359a522bb5d4ba786b369e8f15c75c22d9eb0839c1fa274b5d7b501c9bb1_d",
            "vmSize": "standard_d1_v2",
            "totalTasksRun": 0,
            "totalTasksSucceeded": 0,
            "runningTasksCount": 0,
            "runningTaskSlotsCount": 0,
            "isDedicated": true,
            "virtualMachineInfo": {
              "imageReference": {
                "publisher": "MicrosoftWindowsServer",
                "offer": "WindowsServer",
                "sku": "2019-datacenter-smalldisk",
                "version": "latest",
                "exactVersion": "latest"
              }
            }
          }
        ]
      }
    },
    {
      "RequestUri": "https://dotnotsdkbatchaccount2.eastus.batch.azure.com/pools/JobOperations/nodes?api-version=2024-07-01.20.0",
      "RequestMethod": "GET",
      "RequestHeaders": {
        "Accept": "application/json",
        "Authorization": "Sanitized",
        "client-request-id": "Sanitized",
        "return-client-request-id": "true",
        "traceparent": "00-1341e97f52a946d7a2256b36ec0d60b7-6f0ed463e268a432-00",
        "User-Agent": "azsdk-net-Compute.Batch/1.0.0-alpha.20241007.1 (.NET 8.0.8; Microsoft Windows 10.0.22631)",
        "x-ms-client-request-id": "Sanitized",
        "x-ms-return-client-request-id": "true"
      },
      "RequestBody": null,
      "StatusCode": 200,
      "ResponseHeaders": {
        "client-request-id": "Sanitized",
        "Content-Type": "application/json; odata=minimalmetadata",
        "DataServiceVersion": "3.0",
        "Date": "Tue, 08 Oct 2024 16:22:16 GMT",
        "request-id": "aa35d1d5-131c-4304-b945-134fee60e435",
        "Server": "Microsoft-HTTPAPI/2.0",
        "Strict-Transport-Security": "max-age=31536000; includeSubDomains",
        "Transfer-Encoding": "chunked",
        "X-Content-Type-Options": "nosniff"
      },
      "ResponseBody": {
        "odata.metadata": "https://dotnotsdkbatchaccount2.eastus.batch.azure.com/$metadata#nodes",
        "value": [
          {
            "id": "tvmps_bbf9359a522bb5d4ba786b369e8f15c75c22d9eb0839c1fa274b5d7b501c9bb1_d",
            "url": "https://dotnotsdkbatchaccount2.eastus.batch.azure.com/pools/JobOperations/nodes/tvmps_bbf9359a522bb5d4ba786b369e8f15c75c22d9eb0839c1fa274b5d7b501c9bb1_d",
            "state": "starting",
            "schedulingState": "enabled",
            "stateTransitionTime": "2024-10-08T16:19:40.5199446Z",
            "allocationTime": "2024-10-08T16:19:29.9185381Z",
            "ipAddress": "10.0.0.4",
            "affinityId": "TVM:tvmps_bbf9359a522bb5d4ba786b369e8f15c75c22d9eb0839c1fa274b5d7b501c9bb1_d",
            "vmSize": "standard_d1_v2",
            "totalTasksRun": 0,
            "totalTasksSucceeded": 0,
            "runningTasksCount": 0,
            "runningTaskSlotsCount": 0,
            "isDedicated": true,
            "virtualMachineInfo": {
              "imageReference": {
                "publisher": "MicrosoftWindowsServer",
                "offer": "WindowsServer",
                "sku": "2019-datacenter-smalldisk",
                "version": "latest",
                "exactVersion": "latest"
              }
            }
          }
        ]
      }
    },
    {
      "RequestUri": "https://dotnotsdkbatchaccount2.eastus.batch.azure.com/pools/JobOperations/nodes?api-version=2024-07-01.20.0",
      "RequestMethod": "GET",
      "RequestHeaders": {
        "Accept": "application/json",
        "Authorization": "Sanitized",
        "client-request-id": "Sanitized",
        "return-client-request-id": "true",
        "traceparent": "00-8a7a80fa33a1573741ec2bfd8f4a483a-0d4cfd7ef77225dd-00",
        "User-Agent": "azsdk-net-Compute.Batch/1.0.0-alpha.20241007.1 (.NET 8.0.8; Microsoft Windows 10.0.22631)",
        "x-ms-client-request-id": "Sanitized",
        "x-ms-return-client-request-id": "true"
      },
      "RequestBody": null,
      "StatusCode": 200,
      "ResponseHeaders": {
        "client-request-id": "Sanitized",
        "Content-Type": "application/json; odata=minimalmetadata",
        "DataServiceVersion": "3.0",
        "Date": "Tue, 08 Oct 2024 16:22:26 GMT",
        "request-id": "eb3b442d-3fce-485d-961a-be0a6d53cbee",
        "Server": "Microsoft-HTTPAPI/2.0",
        "Strict-Transport-Security": "max-age=31536000; includeSubDomains",
        "Transfer-Encoding": "chunked",
        "X-Content-Type-Options": "nosniff"
      },
      "ResponseBody": {
        "odata.metadata": "https://dotnotsdkbatchaccount2.eastus.batch.azure.com/$metadata#nodes",
        "value": [
          {
            "id": "tvmps_bbf9359a522bb5d4ba786b369e8f15c75c22d9eb0839c1fa274b5d7b501c9bb1_d",
            "url": "https://dotnotsdkbatchaccount2.eastus.batch.azure.com/pools/JobOperations/nodes/tvmps_bbf9359a522bb5d4ba786b369e8f15c75c22d9eb0839c1fa274b5d7b501c9bb1_d",
            "state": "starting",
            "schedulingState": "enabled",
            "stateTransitionTime": "2024-10-08T16:19:40.5199446Z",
            "allocationTime": "2024-10-08T16:19:29.9185381Z",
            "ipAddress": "10.0.0.4",
            "affinityId": "TVM:tvmps_bbf9359a522bb5d4ba786b369e8f15c75c22d9eb0839c1fa274b5d7b501c9bb1_d",
            "vmSize": "standard_d1_v2",
            "totalTasksRun": 0,
            "totalTasksSucceeded": 0,
            "runningTasksCount": 0,
            "runningTaskSlotsCount": 0,
            "isDedicated": true,
            "virtualMachineInfo": {
              "imageReference": {
                "publisher": "MicrosoftWindowsServer",
                "offer": "WindowsServer",
                "sku": "2019-datacenter-smalldisk",
                "version": "latest",
                "exactVersion": "latest"
              }
            }
          }
        ]
      }
    },
    {
      "RequestUri": "https://dotnotsdkbatchaccount2.eastus.batch.azure.com/pools/JobOperations/nodes?api-version=2024-07-01.20.0",
      "RequestMethod": "GET",
      "RequestHeaders": {
        "Accept": "application/json",
        "Authorization": "Sanitized",
        "client-request-id": "Sanitized",
        "return-client-request-id": "true",
        "traceparent": "00-bb4be019a98f86b902dbaf4c922bd067-58455ae53ff1e738-00",
        "User-Agent": "azsdk-net-Compute.Batch/1.0.0-alpha.20241007.1 (.NET 8.0.8; Microsoft Windows 10.0.22631)",
        "x-ms-client-request-id": "Sanitized",
        "x-ms-return-client-request-id": "true"
      },
      "RequestBody": null,
      "StatusCode": 200,
      "ResponseHeaders": {
        "client-request-id": "Sanitized",
        "Content-Type": "application/json; odata=minimalmetadata",
        "DataServiceVersion": "3.0",
        "Date": "Tue, 08 Oct 2024 16:22:36 GMT",
        "request-id": "dfde8d67-ff51-4655-91f4-0c4809ba9285",
        "Server": "Microsoft-HTTPAPI/2.0",
        "Strict-Transport-Security": "max-age=31536000; includeSubDomains",
        "Transfer-Encoding": "chunked",
        "X-Content-Type-Options": "nosniff"
      },
      "ResponseBody": {
        "odata.metadata": "https://dotnotsdkbatchaccount2.eastus.batch.azure.com/$metadata#nodes",
        "value": [
          {
            "id": "tvmps_bbf9359a522bb5d4ba786b369e8f15c75c22d9eb0839c1fa274b5d7b501c9bb1_d",
            "url": "https://dotnotsdkbatchaccount2.eastus.batch.azure.com/pools/JobOperations/nodes/tvmps_bbf9359a522bb5d4ba786b369e8f15c75c22d9eb0839c1fa274b5d7b501c9bb1_d",
            "state": "starting",
            "schedulingState": "enabled",
            "stateTransitionTime": "2024-10-08T16:19:40.5199446Z",
            "allocationTime": "2024-10-08T16:19:29.9185381Z",
            "ipAddress": "10.0.0.4",
            "affinityId": "TVM:tvmps_bbf9359a522bb5d4ba786b369e8f15c75c22d9eb0839c1fa274b5d7b501c9bb1_d",
            "vmSize": "standard_d1_v2",
            "totalTasksRun": 0,
            "totalTasksSucceeded": 0,
            "runningTasksCount": 0,
            "runningTaskSlotsCount": 0,
            "isDedicated": true,
            "virtualMachineInfo": {
              "imageReference": {
                "publisher": "MicrosoftWindowsServer",
                "offer": "WindowsServer",
                "sku": "2019-datacenter-smalldisk",
                "version": "latest",
                "exactVersion": "latest"
              }
            }
          }
        ]
      }
    },
    {
      "RequestUri": "https://dotnotsdkbatchaccount2.eastus.batch.azure.com/pools/JobOperations/nodes?api-version=2024-07-01.20.0",
      "RequestMethod": "GET",
      "RequestHeaders": {
        "Accept": "application/json",
        "Authorization": "Sanitized",
        "client-request-id": "Sanitized",
        "return-client-request-id": "true",
        "traceparent": "00-5452ec918e96c83a2f6d95749a2d3835-e57ffd93b2352c3d-00",
        "User-Agent": "azsdk-net-Compute.Batch/1.0.0-alpha.20241007.1 (.NET 8.0.8; Microsoft Windows 10.0.22631)",
        "x-ms-client-request-id": "Sanitized",
        "x-ms-return-client-request-id": "true"
      },
      "RequestBody": null,
      "StatusCode": 200,
      "ResponseHeaders": {
        "client-request-id": "Sanitized",
        "Content-Type": "application/json; odata=minimalmetadata",
        "DataServiceVersion": "3.0",
        "Date": "Tue, 08 Oct 2024 16:22:46 GMT",
        "request-id": "982915f4-d07c-49f4-b9f4-f768d2aec440",
        "Server": "Microsoft-HTTPAPI/2.0",
        "Strict-Transport-Security": "max-age=31536000; includeSubDomains",
        "Transfer-Encoding": "chunked",
        "X-Content-Type-Options": "nosniff"
      },
      "ResponseBody": {
        "odata.metadata": "https://dotnotsdkbatchaccount2.eastus.batch.azure.com/$metadata#nodes",
        "value": [
          {
            "id": "tvmps_bbf9359a522bb5d4ba786b369e8f15c75c22d9eb0839c1fa274b5d7b501c9bb1_d",
            "url": "https://dotnotsdkbatchaccount2.eastus.batch.azure.com/pools/JobOperations/nodes/tvmps_bbf9359a522bb5d4ba786b369e8f15c75c22d9eb0839c1fa274b5d7b501c9bb1_d",
            "state": "starting",
            "schedulingState": "enabled",
            "stateTransitionTime": "2024-10-08T16:19:40.5199446Z",
            "allocationTime": "2024-10-08T16:19:29.9185381Z",
            "ipAddress": "10.0.0.4",
            "affinityId": "TVM:tvmps_bbf9359a522bb5d4ba786b369e8f15c75c22d9eb0839c1fa274b5d7b501c9bb1_d",
            "vmSize": "standard_d1_v2",
            "totalTasksRun": 0,
            "totalTasksSucceeded": 0,
            "runningTasksCount": 0,
            "runningTaskSlotsCount": 0,
            "isDedicated": true,
            "virtualMachineInfo": {
              "imageReference": {
                "publisher": "MicrosoftWindowsServer",
                "offer": "WindowsServer",
                "sku": "2019-datacenter-smalldisk",
                "version": "latest",
                "exactVersion": "latest"
              }
            }
          }
        ]
      }
    },
    {
      "RequestUri": "https://dotnotsdkbatchaccount2.eastus.batch.azure.com/pools/JobOperations/nodes?api-version=2024-07-01.20.0",
      "RequestMethod": "GET",
      "RequestHeaders": {
        "Accept": "application/json",
        "Authorization": "Sanitized",
        "client-request-id": "Sanitized",
        "return-client-request-id": "true",
        "traceparent": "00-c028f0a8e9ac9c7d649fc5bea7a59511-5aabaf0c3077cd50-00",
        "User-Agent": "azsdk-net-Compute.Batch/1.0.0-alpha.20241007.1 (.NET 8.0.8; Microsoft Windows 10.0.22631)",
        "x-ms-client-request-id": "Sanitized",
        "x-ms-return-client-request-id": "true"
      },
      "RequestBody": null,
      "StatusCode": 200,
      "ResponseHeaders": {
        "client-request-id": "Sanitized",
        "Content-Type": "application/json; odata=minimalmetadata",
        "DataServiceVersion": "3.0",
        "Date": "Tue, 08 Oct 2024 16:22:56 GMT",
        "request-id": "0c17dba7-d9ef-475d-b1c5-1661127f1e81",
        "Server": "Microsoft-HTTPAPI/2.0",
        "Strict-Transport-Security": "max-age=31536000; includeSubDomains",
        "Transfer-Encoding": "chunked",
        "X-Content-Type-Options": "nosniff"
      },
      "ResponseBody": {
        "odata.metadata": "https://dotnotsdkbatchaccount2.eastus.batch.azure.com/$metadata#nodes",
        "value": [
          {
            "id": "tvmps_bbf9359a522bb5d4ba786b369e8f15c75c22d9eb0839c1fa274b5d7b501c9bb1_d",
            "url": "https://dotnotsdkbatchaccount2.eastus.batch.azure.com/pools/JobOperations/nodes/tvmps_bbf9359a522bb5d4ba786b369e8f15c75c22d9eb0839c1fa274b5d7b501c9bb1_d",
            "state": "starting",
            "schedulingState": "enabled",
            "stateTransitionTime": "2024-10-08T16:19:40.5199446Z",
            "allocationTime": "2024-10-08T16:19:29.9185381Z",
            "ipAddress": "10.0.0.4",
            "affinityId": "TVM:tvmps_bbf9359a522bb5d4ba786b369e8f15c75c22d9eb0839c1fa274b5d7b501c9bb1_d",
            "vmSize": "standard_d1_v2",
            "totalTasksRun": 0,
            "totalTasksSucceeded": 0,
            "runningTasksCount": 0,
            "runningTaskSlotsCount": 0,
            "isDedicated": true,
            "virtualMachineInfo": {
              "imageReference": {
                "publisher": "MicrosoftWindowsServer",
                "offer": "WindowsServer",
                "sku": "2019-datacenter-smalldisk",
                "version": "latest",
                "exactVersion": "latest"
              }
            }
          }
        ]
      }
    },
    {
      "RequestUri": "https://dotnotsdkbatchaccount2.eastus.batch.azure.com/pools/JobOperations/nodes?api-version=2024-07-01.20.0",
      "RequestMethod": "GET",
      "RequestHeaders": {
        "Accept": "application/json",
        "Authorization": "Sanitized",
        "client-request-id": "Sanitized",
        "return-client-request-id": "true",
        "traceparent": "00-7d03377ddf942088e8677c8df8d4a141-e3028b0d647dd6d0-00",
        "User-Agent": "azsdk-net-Compute.Batch/1.0.0-alpha.20241007.1 (.NET 8.0.8; Microsoft Windows 10.0.22631)",
        "x-ms-client-request-id": "Sanitized",
        "x-ms-return-client-request-id": "true"
      },
      "RequestBody": null,
      "StatusCode": 200,
      "ResponseHeaders": {
        "client-request-id": "Sanitized",
        "Content-Type": "application/json; odata=minimalmetadata",
        "DataServiceVersion": "3.0",
        "Date": "Tue, 08 Oct 2024 16:23:06 GMT",
        "request-id": "50dc43cd-e194-4509-8e3f-a9c0da8e65a5",
        "Server": "Microsoft-HTTPAPI/2.0",
        "Strict-Transport-Security": "max-age=31536000; includeSubDomains",
        "Transfer-Encoding": "chunked",
        "X-Content-Type-Options": "nosniff"
      },
      "ResponseBody": {
        "odata.metadata": "https://dotnotsdkbatchaccount2.eastus.batch.azure.com/$metadata#nodes",
        "value": [
          {
            "id": "tvmps_bbf9359a522bb5d4ba786b369e8f15c75c22d9eb0839c1fa274b5d7b501c9bb1_d",
            "url": "https://dotnotsdkbatchaccount2.eastus.batch.azure.com/pools/JobOperations/nodes/tvmps_bbf9359a522bb5d4ba786b369e8f15c75c22d9eb0839c1fa274b5d7b501c9bb1_d",
            "state": "idle",
            "schedulingState": "enabled",
            "stateTransitionTime": "2024-10-08T16:23:03.897227Z",
            "lastBootTime": "2024-10-08T16:22:57.834697Z",
            "allocationTime": "2024-10-08T16:19:29.9185381Z",
            "ipAddress": "10.0.0.4",
            "affinityId": "TVM:tvmps_bbf9359a522bb5d4ba786b369e8f15c75c22d9eb0839c1fa274b5d7b501c9bb1_d",
            "vmSize": "standard_d1_v2",
            "totalTasksRun": 0,
            "totalTasksSucceeded": 0,
            "runningTasksCount": 0,
            "runningTaskSlotsCount": 0,
            "certificateReferences": [],
            "isDedicated": true,
            "nodeAgentInfo": {
              "lastUpdateTime": "2024-10-08T16:22:57.834697Z",
              "version": "1.12.4"
            },
            "virtualMachineInfo": {
              "imageReference": {
                "publisher": "MicrosoftWindowsServer",
                "offer": "WindowsServer",
                "sku": "2019-datacenter-smalldisk",
                "version": "latest",
                "exactVersion": "latest"
              }
            }
          }
        ]
      }
    },
    {
      "RequestUri": "https://dotnotsdkbatchaccount2.eastus.batch.azure.com/jobs?api-version=2024-07-01.20.0",
      "RequestMethod": "POST",
      "RequestHeaders": {
        "Accept": "application/json",
        "Authorization": "Sanitized",
        "client-request-id": "Sanitized",
        "Content-Length": "178",
        "Content-Type": "application/json; odata=minimalmetadata",
        "return-client-request-id": "true",
        "traceparent": "00-1a1d9e395051eb301fa51722bbfd33da-76da8ae442d1ca43-00",
        "User-Agent": "azsdk-net-Compute.Batch/1.0.0-alpha.20241007.1 (.NET 8.0.8; Microsoft Windows 10.0.22631)",
        "x-ms-client-request-id": "Sanitized",
        "x-ms-return-client-request-id": "true"
      },
      "RequestBody": {
        "id": "batchJob1",
        "jobPreparationTask": {
          "commandLine": "cmd /c echo Hello World"
        },
        "jobReleaseTask": {
          "commandLine": "cmd /c echo Hello World"
        },
        "poolInfo": {
          "poolId": "JobOperations"
        }
      },
      "StatusCode": 201,
      "ResponseHeaders": {
        "client-request-id": "Sanitized",
        "DataServiceId": "https://dotnotsdkbatchaccount2.eastus.batch.azure.com/jobs/job-1",
        "DataServiceVersion": "3.0",
        "Date": "Tue, 08 Oct 2024 16:23:06 GMT",
        "ETag": "0x8DCE7B57E3E9CEE",
        "Last-Modified": "Tue, 08 Oct 2024 16:23:07 GMT",
        "Location": "https://dotnotsdkbatchaccount2.eastus.batch.azure.com/jobs/job-1",
        "request-id": "46093854-93a1-455e-8e0a-3e876d8aa570",
        "Server": "Microsoft-HTTPAPI/2.0",
        "Strict-Transport-Security": "max-age=31536000; includeSubDomains",
        "Transfer-Encoding": "chunked",
        "X-Content-Type-Options": "nosniff"
      },
      "ResponseBody": null
    },
    {
      "RequestUri": "https://dotnotsdkbatchaccount2.eastus.batch.azure.com/jobs?api-version=2024-07-01.20.0",
      "RequestMethod": "GET",
      "RequestHeaders": {
        "Accept": "application/json",
        "Authorization": "Sanitized",
        "client-request-id": "Sanitized",
        "return-client-request-id": "true",
        "traceparent": "00-30e157a121ea5c9b324ec86933b4d0b2-1817fe65c823661c-00",
        "User-Agent": "azsdk-net-Compute.Batch/1.0.0-alpha.20241007.1 (.NET 8.0.8; Microsoft Windows 10.0.22631)",
        "x-ms-client-request-id": "Sanitized",
        "x-ms-return-client-request-id": "true"
      },
      "RequestBody": null,
      "StatusCode": 200,
      "ResponseHeaders": {
        "client-request-id": "Sanitized",
        "Content-Type": "application/json; odata=minimalmetadata",
        "DataServiceVersion": "3.0",
        "Date": "Tue, 08 Oct 2024 16:23:06 GMT",
        "request-id": "b9c15841-1cec-4b30-9262-ed0091976b2d",
        "Server": "Microsoft-HTTPAPI/2.0",
        "Strict-Transport-Security": "max-age=31536000; includeSubDomains",
        "Transfer-Encoding": "chunked",
        "X-Content-Type-Options": "nosniff"
      },
      "ResponseBody": {
        "odata.metadata": "https://dotnotsdkbatchaccount2.eastus.batch.azure.com/$metadata#jobs",
        "value": [
          {
            "id": "batchJob1",
            "url": "https://dotnotsdkbatchaccount2.eastus.batch.azure.com/jobs/batchJob1",
            "eTag": "0x8DCE7B57E3E9CEE",
            "lastModified": "2024-10-08T16:23:07.2897262Z",
            "creationTime": "2024-10-08T16:23:07.2737245Z",
            "state": "active",
            "stateTransitionTime": "2024-10-08T16:23:07.2897262Z",
            "priority": 0,
            "maxParallelTasks": -1,
            "usesTaskDependencies": false,
            "allowTaskPreemption": false,
            "constraints": {
              "maxWallClockTime": "P10675199DT2H48M5.4775807S",
              "maxTaskRetryCount": 0
            },
            "jobPreparationTask": {
              "id": "jobpreparation",
              "commandLine": "cmd /c echo Hello World",
              "constraints": {
                "maxWallClockTime": "P10675199DT2H48M5.4775807S",
                "retentionTime": "P7D",
                "maxTaskRetryCount": 0
              },
              "userIdentity": {
                "autoUser": {
                  "scope": "pool",
                  "elevationLevel": "nonadmin"
                }
              },
              "waitForSuccess": true,
              "rerunOnNodeRebootAfterSuccess": true
            },
            "jobReleaseTask": {
              "id": "jobrelease",
              "commandLine": "cmd /c echo Hello World",
              "maxWallClockTime": "PT15M",
              "retentionTime": "P7D",
              "userIdentity": {
                "autoUser": {
                  "scope": "pool",
                  "elevationLevel": "nonadmin"
                }
              }
            },
            "poolInfo": {
              "poolId": "JobOperations"
            },
            "executionInfo": {
              "startTime": "2024-10-08T16:23:07.2897262Z",
              "poolId": "JobOperations"
            },
            "onAllTasksComplete": "noaction",
            "onTaskFailure": "noaction"
          }
        ]
      }
    },
    {
      "RequestUri": "https://dotnotsdkbatchaccount2.eastus.batch.azure.com/jobs/batchJob1?api-version=2024-07-01.20.0",
      "RequestMethod": "PUT",
      "RequestHeaders": {
        "Accept": "application/json",
        "Authorization": "Sanitized",
        "client-request-id": "Sanitized",
        "Content-Length": "224",
        "Content-Type": "application/json; odata=minimalmetadata",
        "return-client-request-id": "true",
        "traceparent": "00-4a5b49c3ae0ef160fc38489e481fe053-9d63215e149b4626-00",
        "User-Agent": "azsdk-net-Compute.Batch/1.0.0-alpha.20241007.1 (.NET 8.0.8; Microsoft Windows 10.0.22631)",
        "x-ms-client-request-id": "Sanitized",
        "x-ms-return-client-request-id": "true"
      },
      "RequestBody": {
        "priority": 0,
        "allowTaskPreemption": false,
        "maxParallelTasks": -1,
        "constraints": {
          "maxWallClockTime": "P10675199DT2H48M5.4775807S",
          "maxTaskRetryCount": 0
        },
        "poolInfo": {
          "poolId": "JobOperations"
        },
        "onAllTasksComplete": "terminatejob"
      },
      "StatusCode": 200,
      "ResponseHeaders": {
        "client-request-id": "Sanitized",
        "DataServiceId": "https://dotnotsdkbatchaccount2.eastus.batch.azure.com/jobs/batchJob1",
        "DataServiceVersion": "3.0",
        "Date": "Tue, 08 Oct 2024 16:23:06 GMT",
        "ETag": "0x8DCE7B57E62EE46",
        "Last-Modified": "Tue, 08 Oct 2024 16:23:07 GMT",
        "request-id": "134a52af-d078-4360-9820-de4b5d9527d4",
        "Server": "Microsoft-HTTPAPI/2.0",
        "Strict-Transport-Security": "max-age=31536000; includeSubDomains",
        "Transfer-Encoding": "chunked",
        "X-Content-Type-Options": "nosniff"
      },
      "ResponseBody": null
    },
    {
      "RequestUri": "https://dotnotsdkbatchaccount2.eastus.batch.azure.com/jobs/batchJob1?api-version=2024-07-01.20.0",
      "RequestMethod": "GET",
      "RequestHeaders": {
        "Accept": "application/json",
        "Authorization": "Sanitized",
        "client-request-id": "Sanitized",
        "return-client-request-id": "true",
        "traceparent": "00-9922112ac151c681c09f8258238ac238-9b19992a97dc557a-00",
        "User-Agent": "azsdk-net-Compute.Batch/1.0.0-alpha.20241007.1 (.NET 8.0.8; Microsoft Windows 10.0.22631)",
        "x-ms-client-request-id": "Sanitized",
        "x-ms-return-client-request-id": "true"
      },
      "RequestBody": null,
      "StatusCode": 200,
      "ResponseHeaders": {
        "client-request-id": "Sanitized",
        "Content-Type": "application/json; odata=minimalmetadata",
        "DataServiceVersion": "3.0",
        "Date": "Tue, 08 Oct 2024 16:23:06 GMT",
        "ETag": "0x8DCE7B57E62EE46",
        "Last-Modified": "Tue, 08 Oct 2024 16:23:07 GMT",
        "request-id": "066239f0-5d19-4fff-9184-e12564239a32",
        "Server": "Microsoft-HTTPAPI/2.0",
        "Strict-Transport-Security": "max-age=31536000; includeSubDomains",
        "Transfer-Encoding": "chunked",
        "X-Content-Type-Options": "nosniff"
      },
      "ResponseBody": {
        "odata.metadata": "https://dotnotsdkbatchaccount2.eastus.batch.azure.com/$metadata#jobs/@Element",
        "id": "batchJob1",
        "url": "https://dotnotsdkbatchaccount2.eastus.batch.azure.com/jobs/batchJob1",
        "eTag": "0x8DCE7B57E62EE46",
        "lastModified": "2024-10-08T16:23:07.5277382Z",
        "creationTime": "2024-10-08T16:23:07.2737245Z",
        "state": "active",
        "stateTransitionTime": "2024-10-08T16:23:07.2897262Z",
        "priority": 0,
        "maxParallelTasks": -1,
        "usesTaskDependencies": false,
        "allowTaskPreemption": false,
        "constraints": {
          "maxWallClockTime": "P10675199DT2H48M5.4775807S",
          "maxTaskRetryCount": 0
        },
        "jobPreparationTask": {
          "id": "jobpreparation",
          "commandLine": "cmd /c echo Hello World",
          "constraints": {
            "maxWallClockTime": "P10675199DT2H48M5.4775807S",
            "retentionTime": "P7D",
            "maxTaskRetryCount": 0
          },
          "userIdentity": {
            "autoUser": {
              "scope": "pool",
              "elevationLevel": "nonadmin"
            }
          },
          "waitForSuccess": true,
          "rerunOnNodeRebootAfterSuccess": true
        },
        "jobReleaseTask": {
          "id": "jobrelease",
          "commandLine": "cmd /c echo Hello World",
          "maxWallClockTime": "PT15M",
          "retentionTime": "P7D",
          "userIdentity": {
            "autoUser": {
              "scope": "pool",
              "elevationLevel": "nonadmin"
            }
          }
        },
        "poolInfo": {
          "poolId": "JobOperations"
        },
        "executionInfo": {
          "startTime": "2024-10-08T16:23:07.2897262Z",
          "poolId": "JobOperations"
        },
        "onAllTasksComplete": "terminatejob",
        "onTaskFailure": "noaction"
      }
    },
    {
      "RequestUri": "https://dotnotsdkbatchaccount2.eastus.batch.azure.com/jobs/batchJob1/tasks?api-version=2024-07-01.20.0",
      "RequestMethod": "POST",
      "RequestHeaders": {
        "Accept": "application/json",
        "Authorization": "Sanitized",
        "client-request-id": "Sanitized",
        "Content-Length": "54",
        "Content-Type": "application/json; odata=minimalmetadata",
        "return-client-request-id": "true",
        "traceparent": "00-e174d0be3aa8bbc35ca4fde611f8660b-8b998d1965273eee-00",
        "User-Agent": "azsdk-net-Compute.Batch/1.0.0-alpha.20241007.1 (.NET 8.0.8; Microsoft Windows 10.0.22631)",
        "x-ms-client-request-id": "Sanitized",
        "x-ms-return-client-request-id": "true"
      },
      "RequestBody": {
        "id": "Task1",
        "commandLine": "cmd /c echo Hello World"
      },
      "StatusCode": 201,
      "ResponseHeaders": {
        "client-request-id": "Sanitized",
        "DataServiceId": "https://dotnotsdkbatchaccount2.eastus.batch.azure.com/jobs/batchJob1/tasks/Task1",
        "DataServiceVersion": "3.0",
        "Date": "Tue, 08 Oct 2024 16:23:06 GMT",
        "ETag": "0x8DCE7B57E85EACF",
        "Last-Modified": "Tue, 08 Oct 2024 16:23:07 GMT",
        "Location": "https://dotnotsdkbatchaccount2.eastus.batch.azure.com/jobs/batchJob1/tasks/Task1",
        "request-id": "bb03b57f-28e1-413e-850d-8a71df0029f5",
        "Server": "Microsoft-HTTPAPI/2.0",
        "Strict-Transport-Security": "max-age=31536000; includeSubDomains",
        "Transfer-Encoding": "chunked",
        "X-Content-Type-Options": "nosniff"
      },
      "ResponseBody": null
    },
    {
      "RequestUri": "https://dotnotsdkbatchaccount2.eastus.batch.azure.com/jobs/batchJob1/taskcounts?api-version=2024-07-01.20.0",
      "RequestMethod": "GET",
      "RequestHeaders": {
        "Accept": "application/json",
        "Authorization": "Sanitized",
        "client-request-id": "Sanitized",
        "return-client-request-id": "true",
        "traceparent": "00-611ca9181d25d3c8b93fad817eb81847-2f04ac356968890d-00",
        "User-Agent": "azsdk-net-Compute.Batch/1.0.0-alpha.20241007.1 (.NET 8.0.8; Microsoft Windows 10.0.22631)",
        "x-ms-client-request-id": "Sanitized",
        "x-ms-return-client-request-id": "true"
      },
      "RequestBody": null,
      "StatusCode": 200,
      "ResponseHeaders": {
        "client-request-id": "Sanitized",
        "Content-Type": "application/json; odata=minimalmetadata",
        "DataServiceVersion": "3.0",
        "Date": "Tue, 08 Oct 2024 16:23:06 GMT",
        "request-id": "a3f5e83a-1f71-47c4-a587-464c8a41c5b3",
        "Server": "Microsoft-HTTPAPI/2.0",
        "Strict-Transport-Security": "max-age=31536000; includeSubDomains",
        "Transfer-Encoding": "chunked",
        "X-Content-Type-Options": "nosniff"
      },
      "ResponseBody": {
        "odata.metadata": "https://dotnotsdkbatchaccount2.eastus.batch.azure.com/$metadata#taskcountsresult/@Element",
        "taskCounts": {
          "active": 0,
          "running": 0,
          "completed": 0,
          "succeeded": 0,
          "failed": 0
        },
        "taskSlotCounts": {
          "active": 0,
          "running": 0,
          "completed": 0,
          "succeeded": 0,
          "failed": 0
        }
      }
    },
    {
      "RequestUri": "https://dotnotsdkbatchaccount2.eastus.batch.azure.com/jobs/batchJob1/disable?api-version=2024-07-01.20.0",
      "RequestMethod": "POST",
      "RequestHeaders": {
        "Accept": "application/json",
        "Authorization": "Sanitized",
        "client-request-id": "Sanitized",
        "Content-Length": "26",
        "Content-Type": "application/json; odata=minimalmetadata",
        "return-client-request-id": "true",
        "traceparent": "00-5408345a17fcd6d1d8c9fb6cac896736-d459add14453690a-00",
        "User-Agent": "azsdk-net-Compute.Batch/1.0.0-alpha.20241007.1 (.NET 8.0.8; Microsoft Windows 10.0.22631)",
        "x-ms-client-request-id": "Sanitized",
        "x-ms-return-client-request-id": "true"
      },
      "RequestBody": {
        "disableTasks": "requeue"
      },
      "StatusCode": 202,
      "ResponseHeaders": {
        "client-request-id": "Sanitized",
        "DataServiceId": "https://dotnotsdkbatchaccount2.eastus.batch.azure.com/jobs/batchJob1/disable",
        "DataServiceVersion": "3.0",
        "Date": "Tue, 08 Oct 2024 16:23:07 GMT",
        "ETag": "0x8DCE7B57EACA276",
        "Last-Modified": "Tue, 08 Oct 2024 16:23:08 GMT",
        "request-id": "8f45981a-503e-4d8f-818b-bc6d7b0d1972",
        "Server": "Microsoft-HTTPAPI/2.0",
        "Strict-Transport-Security": "max-age=31536000; includeSubDomains",
        "Transfer-Encoding": "chunked",
        "X-Content-Type-Options": "nosniff"
      },
      "ResponseBody": null
    },
    {
      "RequestUri": "https://dotnotsdkbatchaccount2.eastus.batch.azure.com/jobs/batchJob1/enable?api-version=2024-07-01.20.0",
      "RequestMethod": "POST",
      "RequestHeaders": {
        "Accept": "application/json",
        "Authorization": "Sanitized",
        "client-request-id": "Sanitized",
        "Content-Length": "0",
        "return-client-request-id": "true",
        "traceparent": "00-17ade42d9be9eed3bb6372e113b941ad-0c3635b627de32ad-00",
        "User-Agent": "azsdk-net-Compute.Batch/1.0.0-alpha.20241007.1 (.NET 8.0.8; Microsoft Windows 10.0.22631)",
        "x-ms-client-request-id": "Sanitized",
        "x-ms-return-client-request-id": "true"
      },
      "RequestBody": null,
      "StatusCode": 202,
      "ResponseHeaders": {
        "client-request-id": "Sanitized",
        "DataServiceId": "https://dotnotsdkbatchaccount2.eastus.batch.azure.com/jobs/batchJob1/enable",
        "DataServiceVersion": "3.0",
        "Date": "Tue, 08 Oct 2024 16:23:07 GMT",
        "ETag": "0x8DCE7B57EBBE4DC",
        "Last-Modified": "Tue, 08 Oct 2024 16:23:08 GMT",
        "request-id": "ec8604e0-ddcb-4b9b-90ff-86e235ccdb30",
        "Server": "Microsoft-HTTPAPI/2.0",
        "Strict-Transport-Security": "max-age=31536000; includeSubDomains",
        "Transfer-Encoding": "chunked",
        "X-Content-Type-Options": "nosniff"
      },
      "ResponseBody": null
    },
    {
      "RequestUri": "https://dotnotsdkbatchaccount2.eastus.batch.azure.com/jobs/batchJob1/tasks?api-version=2024-07-01.20.0&$select=id%2Cstate",
      "RequestMethod": "GET",
      "RequestHeaders": {
        "Accept": "application/json",
        "Authorization": "Sanitized",
        "client-request-id": "Sanitized",
        "return-client-request-id": "true",
        "traceparent": "00-7b663a755ea29e2cfa8044951b034b91-f6329712ced682d2-00",
        "User-Agent": "azsdk-net-Compute.Batch/1.0.0-alpha.20241007.1 (.NET 8.0.8; Microsoft Windows 10.0.22631)",
        "x-ms-client-request-id": "Sanitized",
        "x-ms-return-client-request-id": "true"
      },
      "RequestBody": null,
      "StatusCode": 200,
      "ResponseHeaders": {
        "client-request-id": "Sanitized",
        "Content-Type": "application/json; odata=minimalmetadata",
        "DataServiceVersion": "3.0",
        "Date": "Tue, 08 Oct 2024 16:23:07 GMT",
        "request-id": "0278cde4-58de-4271-99c9-ad39dd3d874f",
        "Server": "Microsoft-HTTPAPI/2.0",
        "Strict-Transport-Security": "max-age=31536000; includeSubDomains",
        "Transfer-Encoding": "chunked",
        "X-Content-Type-Options": "nosniff"
      },
      "ResponseBody": {
        "odata.metadata": "https://dotnotsdkbatchaccount2.eastus.batch.azure.com/$metadata#tasks",
        "value": [
          {
            "id": "Task1",
            "state": "preparing"
          }
        ]
      }
    },
    {
      "RequestUri": "https://dotnotsdkbatchaccount2.eastus.batch.azure.com/jobs/batchJob1/tasks?api-version=2024-07-01.20.0&$select=id%2Cstate",
      "RequestMethod": "GET",
      "RequestHeaders": {
        "Accept": "application/json",
        "Authorization": "Sanitized",
        "client-request-id": "Sanitized",
        "return-client-request-id": "true",
        "traceparent": "00-6ba91c3c619b9b8949fd800c80975934-01cdf48cbf2be4dd-00",
        "User-Agent": "azsdk-net-Compute.Batch/1.0.0-alpha.20241007.1 (.NET 8.0.8; Microsoft Windows 10.0.22631)",
        "x-ms-client-request-id": "Sanitized",
        "x-ms-return-client-request-id": "true"
      },
      "RequestBody": null,
      "StatusCode": 200,
      "ResponseHeaders": {
        "client-request-id": "Sanitized",
        "Content-Type": "application/json; odata=minimalmetadata",
        "DataServiceVersion": "3.0",
        "Date": "Tue, 08 Oct 2024 16:23:18 GMT",
        "request-id": "93b3e372-9ee4-4c24-9b8b-d88c53d8e45f",
        "Server": "Microsoft-HTTPAPI/2.0",
        "Strict-Transport-Security": "max-age=31536000; includeSubDomains",
        "Transfer-Encoding": "chunked",
        "X-Content-Type-Options": "nosniff"
      },
      "ResponseBody": {
        "odata.metadata": "https://dotnotsdkbatchaccount2.eastus.batch.azure.com/$metadata#tasks",
        "value": [
          {
            "id": "Task1",
            "state": "completed"
          }
        ]
      }
    },
    {
      "RequestUri": "https://dotnotsdkbatchaccount2.eastus.batch.azure.com/jobs/batchJob1/jobpreparationandreleasetaskstatus?api-version=2024-07-01.20.0",
      "RequestMethod": "GET",
      "RequestHeaders": {
        "Accept": "application/json",
        "Authorization": "Sanitized",
        "client-request-id": "Sanitized",
        "return-client-request-id": "true",
        "traceparent": "00-d308e8bb941b6cb8d26bf368675fa79d-d924d73154d5b26f-00",
        "User-Agent": "azsdk-net-Compute.Batch/1.0.0-alpha.20241007.1 (.NET 8.0.8; Microsoft Windows 10.0.22631)",
        "x-ms-client-request-id": "Sanitized",
        "x-ms-return-client-request-id": "true"
      },
      "RequestBody": null,
      "StatusCode": 200,
      "ResponseHeaders": {
        "client-request-id": "Sanitized",
        "Content-Type": "application/json; odata=minimalmetadata",
        "DataServiceVersion": "3.0",
        "Date": "Tue, 08 Oct 2024 16:23:18 GMT",
        "request-id": "8200afeb-6871-4923-a3d9-0abfa75226cb",
        "Server": "Microsoft-HTTPAPI/2.0",
        "Strict-Transport-Security": "max-age=31536000; includeSubDomains",
        "Transfer-Encoding": "chunked",
        "X-Content-Type-Options": "nosniff"
      },
      "ResponseBody": {
        "odata.metadata": "https://dotnotsdkbatchaccount2.eastus.batch.azure.com/$metadata#jobpreparationandreleasetaskstatuslist",
        "value": [
          {
            "poolId": "JobOperations",
            "nodeId": "tvmps_bbf9359a522bb5d4ba786b369e8f15c75c22d9eb0839c1fa274b5d7b501c9bb1_d",
            "nodeUrl": "https://dotnotsdkbatchaccount2.eastus.batch.azure.com/pools/JobOperations/nodes/tvmps_bbf9359a522bb5d4ba786b369e8f15c75c22d9eb0839c1fa274b5d7b501c9bb1_d",
            "jobPreparationTaskExecutionInfo": {
              "startTime": "2024-10-08T16:23:08.273536Z",
              "endTime": "2024-10-08T16:23:08.617287Z",
              "taskRootDirectory": "workitems\\batchJob1\\job-1\\jobpreparation",
              "taskRootDirectoryUrl": "https://dotnotsdkbatchaccount2.eastus.batch.azure.com/pools/JobOperations/nodes/tvmps_bbf9359a522bb5d4ba786b369e8f15c75c22d9eb0839c1fa274b5d7b501c9bb1_d/files/workitems/batchJob1/job-1/jobpreparation",
              "state": "completed",
              "exitCode": 0,
              "result": "success",
              "retryCount": 0
            }
          }
        ]
      }
    },
    {
      "RequestUri": "https://dotnotsdkbatchaccount2.eastus.batch.azure.com/jobs/batchJob1/terminate?api-version=2024-07-01.20.0",
      "RequestMethod": "POST",
      "RequestHeaders": {
        "Accept": "application/json",
        "Authorization": "Sanitized",
        "client-request-id": "Sanitized",
        "Content-Length": "49",
        "Content-Type": "application/json; odata=minimalmetadata",
        "return-client-request-id": "true",
        "traceparent": "00-7f79af343fd1a5a1e42e03a620157f36-9786c0bc872774f4-00",
        "User-Agent": "azsdk-net-Compute.Batch/1.0.0-alpha.20241007.1 (.NET 8.0.8; Microsoft Windows 10.0.22631)",
        "x-ms-client-request-id": "Sanitized",
        "x-ms-return-client-request-id": "true"
      },
      "RequestBody": {
        "terminateReason": "<terminateReason>"
      },
      "StatusCode": 202,
      "ResponseHeaders": {
        "client-request-id": "Sanitized",
        "DataServiceId": "https://dotnotsdkbatchaccount2.eastus.batch.azure.com/jobs/batchJob1/terminate",
        "DataServiceVersion": "3.0",
        "Date": "Tue, 08 Oct 2024 16:23:18 GMT",
        "ETag": "0x8DCE7B584F3A623",
        "Last-Modified": "Tue, 08 Oct 2024 16:23:18 GMT",
        "request-id": "fdafdef4-6f9f-40a6-a347-b59541e9826d",
        "Server": "Microsoft-HTTPAPI/2.0",
        "Strict-Transport-Security": "max-age=31536000; includeSubDomains",
        "Transfer-Encoding": "chunked",
        "X-Content-Type-Options": "nosniff"
      },
      "ResponseBody": null
    },
    {
      "RequestUri": "https://dotnotsdkbatchaccount2.eastus.batch.azure.com/pools/JobOperations?api-version=2024-07-01.20.0",
      "RequestMethod": "DELETE",
      "RequestHeaders": {
        "Accept": "application/json",
        "Authorization": "Sanitized",
        "client-request-id": "Sanitized",
        "return-client-request-id": "true",
        "traceparent": "00-1184613b78aa0dcf6873e3585a8fad20-6f2d01b18a2cabb6-00",
        "User-Agent": "azsdk-net-Compute.Batch/1.0.0-alpha.20241007.1 (.NET 8.0.8; Microsoft Windows 10.0.22631)",
        "x-ms-client-request-id": "Sanitized",
        "x-ms-return-client-request-id": "true"
      },
      "RequestBody": null,
      "StatusCode": 202,
      "ResponseHeaders": {
        "client-request-id": "Sanitized",
        "DataServiceVersion": "3.0",
        "Date": "Tue, 08 Oct 2024 16:23:18 GMT",
        "request-id": "070b7e9d-0db6-4f88-96fa-ae29a6fc75e6",
        "Server": "Microsoft-HTTPAPI/2.0",
        "Strict-Transport-Security": "max-age=31536000; includeSubDomains",
        "Transfer-Encoding": "chunked",
        "X-Content-Type-Options": "nosniff"
      },
      "ResponseBody": null
    },
    {
      "RequestUri": "https://dotnotsdkbatchaccount2.eastus.batch.azure.com/jobs/batchJob1?api-version=2024-07-01.20.0",
      "RequestMethod": "DELETE",
      "RequestHeaders": {
        "Accept": "application/json",
        "Authorization": "Sanitized",
        "client-request-id": "Sanitized",
        "return-client-request-id": "true",
        "traceparent": "00-9afcbd6cc869c0f97416e2458abbb1f7-623fb772eee71410-00",
        "User-Agent": "azsdk-net-Compute.Batch/1.0.0-alpha.20241007.1 (.NET 8.0.8; Microsoft Windows 10.0.22631)",
        "x-ms-client-request-id": "Sanitized",
        "x-ms-return-client-request-id": "true"
      },
      "RequestBody": null,
      "StatusCode": 202,
      "ResponseHeaders": {
        "client-request-id": "Sanitized",
        "DataServiceVersion": "3.0",
        "Date": "Tue, 08 Oct 2024 16:23:20 GMT",
        "request-id": "63dcb129-5300-4cf7-8c66-1faa50972aeb",
        "Server": "Microsoft-HTTPAPI/2.0",
        "Strict-Transport-Security": "max-age=31536000; includeSubDomains",
        "Transfer-Encoding": "chunked",
        "X-Content-Type-Options": "nosniff"
      },
      "ResponseBody": null
    }
  ],
  "Variables": {
    "AZURE_AUTHORITY_HOST": null,
    "batch_account_uri": "dotnotsdkbatchaccount2.eastus.batch.azure.com",
    "RandomSeed": "2115097768"
  }
}
