{
  "Entries": [
    {
      "RequestUri": "https://jalauzonnettest.blob.core.windows.net/test-container-d7c0f9fa-7e1b-48e7-54bb-9bf7ec3905a1?restype=container",
      "RequestMethod": "PUT",
      "RequestHeaders": {
        "Accept": "application/xml",
        "Authorization": "Sanitized",
        "Content-Length": "0",
        "traceparent": "00-49b9c0b2363def7ff059ec62586247ca-943ff6aa752ce315-00",
        "User-Agent": "azsdk-net-Storage.Blobs/12.23.0-alpha.20241018.1 (.NET 8.0.10; Microsoft Windows 10.0.22631)",
        "x-ms-client-request-id": "Sanitized",
        "x-ms-date": "Fri, 18 Oct 2024 19:27:17 GMT",
        "x-ms-return-client-request-id": "true",
        "x-ms-version": "2025-01-05"
      },
      "RequestBody": null,
      "StatusCode": 201,
      "ResponseHeaders": {
        "Content-Length": "0",
        "Date": "Fri, 18 Oct 2024 19:27:17 GMT",
        "ETag": "\"0x8DCEFAAE0E25BFB\"",
        "Last-Modified": "Fri, 18 Oct 2024 19:27:17 GMT",
        "Server": [
          "Windows-Azure-Blob/1.0",
          "Microsoft-HTTPAPI/2.0"
        ],
        "x-ms-client-request-id": "Sanitized",
        "x-ms-request-id": "82185a73-701e-0001-1693-21851e000000",
        "x-ms-version": "2025-01-05"
      },
      "ResponseBody": null
    },
    {
      "RequestUri": "https://jalauzonnettest.blob.core.windows.net/test-container-d2519f95-a47c-21b8-b2c0-c6d5a7c4c153?restype=container",
      "RequestMethod": "PUT",
      "RequestHeaders": {
        "Accept": "application/xml",
        "Authorization": "Sanitized",
        "Content-Length": "0",
        "traceparent": "00-6bd39d0c463c16948d8ce87ba635608d-c9294f8784be8ed3-00",
        "User-Agent": "azsdk-net-Storage.Blobs/12.23.0-alpha.20241018.1 (.NET 8.0.10; Microsoft Windows 10.0.22631)",
        "x-ms-client-request-id": "Sanitized",
        "x-ms-date": "Fri, 18 Oct 2024 19:27:17 GMT",
        "x-ms-return-client-request-id": "true",
        "x-ms-version": "2025-01-05"
      },
      "RequestBody": null,
      "StatusCode": 201,
      "ResponseHeaders": {
        "Content-Length": "0",
        "Date": "Fri, 18 Oct 2024 19:27:17 GMT",
        "ETag": "\"0x8DCEFAAE0EA2BA9\"",
        "Last-Modified": "Fri, 18 Oct 2024 19:27:17 GMT",
        "Server": [
          "Windows-Azure-Blob/1.0",
          "Microsoft-HTTPAPI/2.0"
        ],
        "x-ms-client-request-id": "Sanitized",
        "x-ms-request-id": "82185a7a-701e-0001-1b93-21851e000000",
        "x-ms-version": "2025-01-05"
      },
      "ResponseBody": null
    },
    {
      "RequestUri": "https://jalauzonnettest.blob.core.windows.net/test-container-d7c0f9fa-7e1b-48e7-54bb-9bf7ec3905a1/sourceFolder/test-file-e6484672-7069-9956-042f-97057ed7e354?sv=Sanitized&se=2024-10-19T19%3A27%3A17Z&sr=c&sp=racwdxltfi&sig=Sanitized",
      "RequestMethod": "PUT",
      "RequestHeaders": {
        "Accept": "application/xml",
        "Content-Length": "0",
        "If-None-Match": "*",
        "User-Agent": "azsdk-net-Storage.Blobs/12.23.0-alpha.20241018.1 (.NET 8.0.10; Microsoft Windows 10.0.22631)",
        "x-ms-blob-cache-control": "no-cache",
        "x-ms-blob-content-disposition": "inline",
        "x-ms-blob-content-language": "en-US",
        "x-ms-blob-content-length": "0",
        "x-ms-blob-content-type": "text/plain",
        "x-ms-blob-type": "PageBlob",
        "x-ms-client-request-id": "Sanitized",
        "x-ms-meta-Capital": "letter",
        "x-ms-meta-foo": "bar",
        "x-ms-meta-meta": "data",
        "x-ms-meta-UPPER": "case",
        "x-ms-return-client-request-id": "true",
        "x-ms-version": "2025-01-05"
      },
      "RequestBody": null,
      "StatusCode": 201,
      "ResponseHeaders": {
        "Content-Length": "0",
        "Date": "Fri, 18 Oct 2024 19:27:17 GMT",
        "ETag": "\"0x8DCEFAAE0F1FEEF\"",
        "Last-Modified": "Fri, 18 Oct 2024 19:27:17 GMT",
        "Server": [
          "Windows-Azure-Blob/1.0",
          "Microsoft-HTTPAPI/2.0"
        ],
        "x-ms-client-request-id": "Sanitized",
        "x-ms-request-id": "82185a7f-701e-0001-1e93-21851e000000",
        "x-ms-request-server-encrypted": "true",
        "x-ms-version": "2025-01-05",
        "x-ms-version-id": "2024-10-18T19:27:17.7202415Z"
      },
      "ResponseBody": null
    },
    {
      "RequestUri": "https://jalauzonnettest.blob.core.windows.net/test-container-d7c0f9fa-7e1b-48e7-54bb-9bf7ec3905a1/sourceFolder/test-file-7cee5334-d937-56a4-fe15-aa92a45482e2?sv=Sanitized&se=2024-10-19T19%3A27%3A17Z&sr=c&sp=racwdxltfi&sig=Sanitized",
      "RequestMethod": "PUT",
      "RequestHeaders": {
        "Accept": "application/xml",
        "Content-Length": "0",
        "If-None-Match": "*",
        "User-Agent": "azsdk-net-Storage.Blobs/12.23.0-alpha.20241018.1 (.NET 8.0.10; Microsoft Windows 10.0.22631)",
        "x-ms-blob-cache-control": "no-cache",
        "x-ms-blob-content-disposition": "inline",
        "x-ms-blob-content-language": "en-US",
        "x-ms-blob-content-length": "0",
        "x-ms-blob-content-type": "text/plain",
        "x-ms-blob-type": "PageBlob",
        "x-ms-client-request-id": "Sanitized",
        "x-ms-meta-Capital": "letter",
        "x-ms-meta-foo": "bar",
        "x-ms-meta-meta": "data",
        "x-ms-meta-UPPER": "case",
        "x-ms-return-client-request-id": "true",
        "x-ms-version": "2025-01-05"
      },
      "RequestBody": null,
      "StatusCode": 201,
      "ResponseHeaders": {
        "Content-Length": "0",
        "Date": "Fri, 18 Oct 2024 19:27:17 GMT",
        "ETag": "\"0x8DCEFAAE0F8DBC0\"",
        "Last-Modified": "Fri, 18 Oct 2024 19:27:17 GMT",
        "Server": [
          "Windows-Azure-Blob/1.0",
          "Microsoft-HTTPAPI/2.0"
        ],
        "x-ms-client-request-id": "Sanitized",
        "x-ms-request-id": "82185a83-701e-0001-2193-21851e000000",
        "x-ms-request-server-encrypted": "true",
        "x-ms-version": "2025-01-05",
        "x-ms-version-id": "2024-10-18T19:27:17.7652160Z"
      },
      "ResponseBody": null
    },
    {
      "RequestUri": "https://jalauzonnettest.blob.core.windows.net/test-container-d7c0f9fa-7e1b-48e7-54bb-9bf7ec3905a1/sourceFolder/bar/test-file-fcd233ff-d3d0-f404-c482-00f207faa27c?sv=Sanitized&se=2024-10-19T19%3A27%3A17Z&sr=c&sp=racwdxltfi&sig=Sanitized",
      "RequestMethod": "PUT",
      "RequestHeaders": {
        "Accept": "application/xml",
        "Content-Length": "0",
        "If-None-Match": "*",
        "User-Agent": "azsdk-net-Storage.Blobs/12.23.0-alpha.20241018.1 (.NET 8.0.10; Microsoft Windows 10.0.22631)",
        "x-ms-blob-cache-control": "no-cache",
        "x-ms-blob-content-disposition": "inline",
        "x-ms-blob-content-language": "en-US",
        "x-ms-blob-content-length": "0",
        "x-ms-blob-content-type": "text/plain",
        "x-ms-blob-type": "PageBlob",
        "x-ms-client-request-id": "Sanitized",
        "x-ms-meta-Capital": "letter",
        "x-ms-meta-foo": "bar",
        "x-ms-meta-meta": "data",
        "x-ms-meta-UPPER": "case",
        "x-ms-return-client-request-id": "true",
        "x-ms-version": "2025-01-05"
      },
      "RequestBody": null,
      "StatusCode": 201,
      "ResponseHeaders": {
        "Content-Length": "0",
        "Date": "Fri, 18 Oct 2024 19:27:17 GMT",
        "ETag": "\"0x8DCEFAAE1018D0F\"",
        "Last-Modified": "Fri, 18 Oct 2024 19:27:17 GMT",
        "Server": [
          "Windows-Azure-Blob/1.0",
          "Microsoft-HTTPAPI/2.0"
        ],
        "x-ms-client-request-id": "Sanitized",
        "x-ms-request-id": "82185a8b-701e-0001-2793-21851e000000",
        "x-ms-request-server-encrypted": "true",
        "x-ms-version": "2025-01-05",
        "x-ms-version-id": "2024-10-18T19:27:17.8221839Z"
      },
      "ResponseBody": null
    },
    {
      "RequestUri": "https://jalauzonnettest.blob.core.windows.net/test-container-d7c0f9fa-7e1b-48e7-54bb-9bf7ec3905a1/sourceFolder/pik/test-file-4ad7d934-27d4-acfd-c75b-bfb279715fa9?sv=Sanitized&se=2024-10-19T19%3A27%3A17Z&sr=c&sp=racwdxltfi&sig=Sanitized",
      "RequestMethod": "PUT",
      "RequestHeaders": {
        "Accept": "application/xml",
        "Content-Length": "0",
        "If-None-Match": "*",
        "User-Agent": "azsdk-net-Storage.Blobs/12.23.0-alpha.20241018.1 (.NET 8.0.10; Microsoft Windows 10.0.22631)",
        "x-ms-blob-cache-control": "no-cache",
        "x-ms-blob-content-disposition": "inline",
        "x-ms-blob-content-language": "en-US",
        "x-ms-blob-content-length": "0",
        "x-ms-blob-content-type": "text/plain",
        "x-ms-blob-type": "PageBlob",
        "x-ms-client-request-id": "Sanitized",
        "x-ms-meta-Capital": "letter",
        "x-ms-meta-foo": "bar",
        "x-ms-meta-meta": "data",
        "x-ms-meta-UPPER": "case",
        "x-ms-return-client-request-id": "true",
        "x-ms-version": "2025-01-05"
      },
      "RequestBody": null,
      "StatusCode": 201,
      "ResponseHeaders": {
        "Content-Length": "0",
        "Date": "Fri, 18 Oct 2024 19:27:17 GMT",
        "ETag": "\"0x8DCEFAAE10A3E5A\"",
        "Last-Modified": "Fri, 18 Oct 2024 19:27:17 GMT",
        "Server": [
          "Windows-Azure-Blob/1.0",
          "Microsoft-HTTPAPI/2.0"
        ],
        "x-ms-client-request-id": "Sanitized",
        "x-ms-request-id": "82185a90-701e-0001-2c93-21851e000000",
        "x-ms-request-server-encrypted": "true",
        "x-ms-version": "2025-01-05",
        "x-ms-version-id": "2024-10-18T19:27:17.8791514Z"
      },
      "ResponseBody": null
    },
    {
      "RequestUri": "https://jalauzonnettest.blob.core.windows.net/test-container-d7c0f9fa-7e1b-48e7-54bb-9bf7ec3905a1?sv=Sanitized&se=2024-10-19T19%3A27%3A17Z&sr=c&sp=racwdxltfi&sig=Sanitized&restype=container&comp=list&prefix=sourceFolder%2F&include=Metadata",
      "RequestMethod": "GET",
      "RequestHeaders": {
        "Accept": "application/xml",
        "User-Agent": "azsdk-net-Storage.Blobs/12.23.0-alpha.20241018.1 (.NET 8.0.10; Microsoft Windows 10.0.22631)",
        "x-ms-client-request-id": "Sanitized",
        "x-ms-return-client-request-id": "true",
        "x-ms-version": "2025-01-05"
      },
      "RequestBody": null,
      "StatusCode": 200,
      "ResponseHeaders": {
        "Content-Type": "application/xml",
        "Date": "Fri, 18 Oct 2024 19:27:17 GMT",
        "Server": [
          "Windows-Azure-Blob/1.0",
          "Microsoft-HTTPAPI/2.0"
        ],
        "Transfer-Encoding": "chunked",
        "x-ms-client-request-id": "Sanitized",
        "x-ms-request-id": "82185a92-701e-0001-2e93-21851e000000",
        "x-ms-version": "2025-01-05"
      },
      "ResponseBody": "\uFEFF<?xml version=\"1.0\" encoding=\"utf-8\"?><EnumerationResults ServiceEndpoint=\"https://jalauzonnettest.blob.core.windows.net/\" ContainerName=\"test-container-d7c0f9fa-7e1b-48e7-54bb-9bf7ec3905a1\"><Prefix>sourceFolder/</Prefix><Blobs><Blob><Name>sourceFolder/bar/test-file-fcd233ff-d3d0-f404-c482-00f207faa27c</Name><VersionId>2024-10-18T19:27:17.8221839Z</VersionId><IsCurrentVersion>true</IsCurrentVersion><Properties><Creation-Time>Fri, 18 Oct 2024 19:27:17 GMT</Creation-Time><Last-Modified>Fri, 18 Oct 2024 19:27:17 GMT</Last-Modified><Etag>0x8DCEFAAE1018D0F</Etag><Content-Length>0</Content-Length><Content-Type>text/plain</Content-Type><Content-Encoding /><Content-Language>en-US</Content-Language><Content-CRC64 /><Content-MD5 /><Cache-Control>no-cache</Cache-Control><Content-Disposition>inline</Content-Disposition><x-ms-blob-sequence-number>0</x-ms-blob-sequence-number><BlobType>PageBlob</BlobType><LeaseStatus>unlocked</LeaseStatus><LeaseState>available</LeaseState><ServerEncrypted>true</ServerEncrypted></Properties><Metadata><foo>bar</foo><meta>data</meta><Capital>letter</Capital><UPPER>case</UPPER></Metadata><OrMetadata /></Blob><Blob><Name>sourceFolder/pik/test-file-4ad7d934-27d4-acfd-c75b-bfb279715fa9</Name><VersionId>2024-10-18T19:27:17.8791514Z</VersionId><IsCurrentVersion>true</IsCurrentVersion><Properties><Creation-Time>Fri, 18 Oct 2024 19:27:17 GMT</Creation-Time><Last-Modified>Fri, 18 Oct 2024 19:27:17 GMT</Last-Modified><Etag>0x8DCEFAAE10A3E5A</Etag><Content-Length>0</Content-Length><Content-Type>text/plain</Content-Type><Content-Encoding /><Content-Language>en-US</Content-Language><Content-CRC64 /><Content-MD5 /><Cache-Control>no-cache</Cache-Control><Content-Disposition>inline</Content-Disposition><x-ms-blob-sequence-number>0</x-ms-blob-sequence-number><BlobType>PageBlob</BlobType><LeaseStatus>unlocked</LeaseStatus><LeaseState>available</LeaseState><ServerEncrypted>true</ServerEncrypted></Properties><Metadata><foo>bar</foo><meta>data</meta><Capital>letter</Capital><UPPER>case</UPPER></Metadata><OrMetadata /></Blob><Blob><Name>sourceFolder/test-file-7cee5334-d937-56a4-fe15-aa92a45482e2</Name><VersionId>2024-10-18T19:27:17.7652160Z</VersionId><IsCurrentVersion>true</IsCurrentVersion><Properties><Creation-Time>Fri, 18 Oct 2024 19:27:17 GMT</Creation-Time><Last-Modified>Fri, 18 Oct 2024 19:27:17 GMT</Last-Modified><Etag>0x8DCEFAAE0F8DBC0</Etag><Content-Length>0</Content-Length><Content-Type>text/plain</Content-Type><Content-Encoding /><Content-Language>en-US</Content-Language><Content-CRC64 /><Content-MD5 /><Cache-Control>no-cache</Cache-Control><Content-Disposition>inline</Content-Disposition><x-ms-blob-sequence-number>0</x-ms-blob-sequence-number><BlobType>PageBlob</BlobType><LeaseStatus>unlocked</LeaseStatus><LeaseState>available</LeaseState><ServerEncrypted>true</ServerEncrypted></Properties><Metadata><foo>bar</foo><meta>data</meta><Capital>letter</Capital><UPPER>case</UPPER></Metadata><OrMetadata /></Blob><Blob><Name>sourceFolder/test-file-e6484672-7069-9956-042f-97057ed7e354</Name><VersionId>2024-10-18T19:27:17.7202415Z</VersionId><IsCurrentVersion>true</IsCurrentVersion><Properties><Creation-Time>Fri, 18 Oct 2024 19:27:17 GMT</Creation-Time><Last-Modified>Fri, 18 Oct 2024 19:27:17 GMT</Last-Modified><Etag>0x8DCEFAAE0F1FEEF</Etag><Content-Length>0</Content-Length><Content-Type>text/plain</Content-Type><Content-Encoding /><Content-Language>en-US</Content-Language><Content-CRC64 /><Content-MD5 /><Cache-Control>no-cache</Cache-Control><Content-Disposition>inline</Content-Disposition><x-ms-blob-sequence-number>0</x-ms-blob-sequence-number><BlobType>PageBlob</BlobType><LeaseStatus>unlocked</LeaseStatus><LeaseState>available</LeaseState><ServerEncrypted>true</ServerEncrypted></Properties><Metadata><foo>bar</foo><meta>data</meta><Capital>letter</Capital><UPPER>case</UPPER></Metadata><OrMetadata /></Blob></Blobs><NextMarker /></EnumerationResults>"
    },
    {
      "RequestUri": "https://jalauzonnettest.blob.core.windows.net/test-container-d2519f95-a47c-21b8-b2c0-c6d5a7c4c153/destinationFolder/test-file-7cee5334-d937-56a4-fe15-aa92a45482e2",
      "RequestMethod": "PUT",
      "RequestHeaders": {
        "Accept": "application/xml",
        "Authorization": "Sanitized",
        "Content-Length": "0",
        "If-None-Match": "*",
        "traceparent": "00-73059c3d30ea46948b7216f9547962e4-c12f62210863dfb5-00",
        "User-Agent": "azsdk-net-Storage.Blobs/12.23.0-alpha.20241018.1 (.NET 8.0.10; Microsoft Windows 10.0.22631)",
        "x-ms-blob-type": "BlockBlob",
        "x-ms-client-request-id": "Sanitized",
        "x-ms-copy-source": "https://jalauzonnettest.blob.core.windows.net/test-container-d7c0f9fa-7e1b-48e7-54bb-9bf7ec3905a1/sourceFolder/test-file-7cee5334-d937-56a4-fe15-aa92a45482e2?sv=sanitized-value&se=2024-10-19T19%3A27%3A17Z&sr=c&sp=racwdxltfi&sig=Sanitized",
        "x-ms-date": "Fri, 18 Oct 2024 19:27:17 GMT",
        "x-ms-return-client-request-id": "true",
        "x-ms-version": "2025-01-05"
      },
      "RequestBody": null,
      "StatusCode": 201,
      "ResponseHeaders": {
        "Content-Length": "0",
        "Date": "Fri, 18 Oct 2024 19:27:17 GMT",
        "ETag": "\"0x8DCEFAAE1205B34\"",
        "Last-Modified": "Fri, 18 Oct 2024 19:27:18 GMT",
        "Server": [
          "Windows-Azure-Blob/1.0",
          "Microsoft-HTTPAPI/2.0"
        ],
        "x-ms-client-request-id": "Sanitized",
        "x-ms-content-crc64": "AAAAAAAAAAA=",
        "x-ms-request-id": "73d80516-901e-0019-3593-215a79000000",
        "x-ms-request-server-encrypted": "true",
        "x-ms-version": "2025-01-05",
        "x-ms-version-id": "2024-10-18T19:27:18.0240692Z"
      },
      "ResponseBody": null
    },
    {
      "RequestUri": "https://jalauzonnettest.blob.core.windows.net/test-container-d2519f95-a47c-21b8-b2c0-c6d5a7c4c153/destinationFolder/test-file-e6484672-7069-9956-042f-97057ed7e354",
      "RequestMethod": "PUT",
      "RequestHeaders": {
        "Accept": "application/xml",
        "Authorization": "Sanitized",
        "Content-Length": "0",
        "If-None-Match": "*",
        "traceparent": "00-93052aaeffbbc95e802bb7c26b258122-adf701c403379641-00",
        "User-Agent": "azsdk-net-Storage.Blobs/12.23.0-alpha.20241018.1 (.NET 8.0.10; Microsoft Windows 10.0.22631)",
        "x-ms-blob-type": "BlockBlob",
        "x-ms-client-request-id": "Sanitized",
        "x-ms-copy-source": "https://jalauzonnettest.blob.core.windows.net/test-container-d7c0f9fa-7e1b-48e7-54bb-9bf7ec3905a1/sourceFolder/test-file-e6484672-7069-9956-042f-97057ed7e354?sv=sanitized-value&se=2024-10-19T19%3A27%3A17Z&sr=c&sp=racwdxltfi&sig=Sanitized",
        "x-ms-date": "Fri, 18 Oct 2024 19:27:17 GMT",
        "x-ms-return-client-request-id": "true",
        "x-ms-version": "2025-01-05"
      },
      "RequestBody": null,
      "StatusCode": 201,
      "ResponseHeaders": {
        "Content-Length": "0",
        "Date": "Fri, 18 Oct 2024 19:27:17 GMT",
        "ETag": "\"0x8DCEFAAE120D053\"",
        "Last-Modified": "Fri, 18 Oct 2024 19:27:18 GMT",
        "Server": [
          "Windows-Azure-Blob/1.0",
          "Microsoft-HTTPAPI/2.0"
        ],
        "x-ms-client-request-id": "Sanitized",
        "x-ms-content-crc64": "AAAAAAAAAAA=",
        "x-ms-request-id": "5b98bc81-101e-005a-1e93-21bc25000000",
        "x-ms-request-server-encrypted": "true",
        "x-ms-version": "2025-01-05",
        "x-ms-version-id": "2024-10-18T19:27:18.0270675Z"
      },
      "ResponseBody": null
    },
    {
      "RequestUri": "https://jalauzonnettest.blob.core.windows.net/test-container-d2519f95-a47c-21b8-b2c0-c6d5a7c4c153/destinationFolder/pik/test-file-4ad7d934-27d4-acfd-c75b-bfb279715fa9",
      "RequestMethod": "PUT",
      "RequestHeaders": {
        "Accept": "application/xml",
        "Authorization": "Sanitized",
        "Content-Length": "0",
        "If-None-Match": "*",
        "traceparent": "00-8b556f519eba322c165ad385e861e883-4a952bdd33696a2f-00",
        "User-Agent": "azsdk-net-Storage.Blobs/12.23.0-alpha.20241018.1 (.NET 8.0.10; Microsoft Windows 10.0.22631)",
        "x-ms-blob-type": "BlockBlob",
        "x-ms-client-request-id": "Sanitized",
        "x-ms-copy-source": "https://jalauzonnettest.blob.core.windows.net/test-container-d7c0f9fa-7e1b-48e7-54bb-9bf7ec3905a1/sourceFolder/pik/test-file-4ad7d934-27d4-acfd-c75b-bfb279715fa9?sv=sanitized-value&se=2024-10-19T19%3A27%3A17Z&sr=c&sp=racwdxltfi&sig=Sanitized",
        "x-ms-date": "Fri, 18 Oct 2024 19:27:17 GMT",
        "x-ms-return-client-request-id": "true",
        "x-ms-version": "2025-01-05"
      },
      "RequestBody": null,
      "StatusCode": 201,
      "ResponseHeaders": {
        "Content-Length": "0",
        "Date": "Fri, 18 Oct 2024 19:27:17 GMT",
        "ETag": "\"0x8DCEFAAE120342A\"",
        "Last-Modified": "Fri, 18 Oct 2024 19:27:18 GMT",
        "Server": [
          "Windows-Azure-Blob/1.0",
          "Microsoft-HTTPAPI/2.0"
        ],
        "x-ms-client-request-id": "Sanitized",
        "x-ms-content-crc64": "AAAAAAAAAAA=",
        "x-ms-request-id": "03ae6ceb-301e-0086-1693-21167b000000",
        "x-ms-request-server-encrypted": "true",
        "x-ms-version": "2025-01-05",
        "x-ms-version-id": "2024-10-18T19:27:18.0240692Z"
      },
      "ResponseBody": null
    },
    {
      "RequestUri": "https://jalauzonnettest.blob.core.windows.net/test-container-d2519f95-a47c-21b8-b2c0-c6d5a7c4c153/destinationFolder/bar/test-file-fcd233ff-d3d0-f404-c482-00f207faa27c",
      "RequestMethod": "PUT",
      "RequestHeaders": {
        "Accept": "application/xml",
        "Authorization": "Sanitized",
        "Content-Length": "0",
        "If-None-Match": "*",
        "traceparent": "00-8622f6dd996579d697504ccca725a71f-dc9d173375bdb662-00",
        "User-Agent": "azsdk-net-Storage.Blobs/12.23.0-alpha.20241018.1 (.NET 8.0.10; Microsoft Windows 10.0.22631)",
        "x-ms-blob-type": "BlockBlob",
        "x-ms-client-request-id": "Sanitized",
        "x-ms-copy-source": "https://jalauzonnettest.blob.core.windows.net/test-container-d7c0f9fa-7e1b-48e7-54bb-9bf7ec3905a1/sourceFolder/bar/test-file-fcd233ff-d3d0-f404-c482-00f207faa27c?sv=sanitized-value&se=2024-10-19T19%3A27%3A17Z&sr=c&sp=racwdxltfi&sig=Sanitized",
        "x-ms-date": "Fri, 18 Oct 2024 19:27:17 GMT",
        "x-ms-return-client-request-id": "true",
        "x-ms-version": "2025-01-05"
      },
      "RequestBody": null,
      "StatusCode": 201,
      "ResponseHeaders": {
        "Content-Length": "0",
        "Date": "Fri, 18 Oct 2024 19:27:17 GMT",
        "ETag": "\"0x8DCEFAAE11F9801\"",
        "Last-Modified": "Fri, 18 Oct 2024 19:27:18 GMT",
        "Server": [
          "Windows-Azure-Blob/1.0",
          "Microsoft-HTTPAPI/2.0"
        ],
        "x-ms-client-request-id": "Sanitized",
        "x-ms-content-crc64": "AAAAAAAAAAA=",
        "x-ms-request-id": "82185aa3-701e-0001-3c93-21851e000000",
        "x-ms-request-server-encrypted": "true",
        "x-ms-version": "2025-01-05",
        "x-ms-version-id": "2024-10-18T19:27:18.0190721Z"
      },
      "ResponseBody": null
    },
    {
      "RequestUri": "https://jalauzonnettest.blob.core.windows.net/test-container-d7c0f9fa-7e1b-48e7-54bb-9bf7ec3905a1?sv=Sanitized&se=2024-10-19T19%3A27%3A17Z&sr=c&sp=racwdxltfi&sig=Sanitized&restype=container&comp=list&prefix=sourceFolder",
      "RequestMethod": "GET",
      "RequestHeaders": {
        "Accept": "application/xml",
        "User-Agent": "azsdk-net-Storage.Blobs/12.23.0-alpha.20241018.1 (.NET 8.0.10; Microsoft Windows 10.0.22631)",
        "x-ms-client-request-id": "Sanitized",
        "x-ms-return-client-request-id": "true",
        "x-ms-version": "2025-01-05"
      },
      "RequestBody": null,
      "StatusCode": 200,
      "ResponseHeaders": {
        "Content-Type": "application/xml",
        "Date": "Fri, 18 Oct 2024 19:27:18 GMT",
        "Server": [
          "Windows-Azure-Blob/1.0",
          "Microsoft-HTTPAPI/2.0"
        ],
        "Transfer-Encoding": "chunked",
        "x-ms-client-request-id": "Sanitized",
        "x-ms-request-id": "82185ab2-701e-0001-4a93-21851e000000",
        "x-ms-version": "2025-01-05"
      },
      "ResponseBody": "\uFEFF<?xml version=\"1.0\" encoding=\"utf-8\"?><EnumerationResults ServiceEndpoint=\"https://jalauzonnettest.blob.core.windows.net/\" ContainerName=\"test-container-d7c0f9fa-7e1b-48e7-54bb-9bf7ec3905a1\"><Prefix>sourceFolder</Prefix><Blobs><Blob><Name>sourceFolder/bar/test-file-fcd233ff-d3d0-f404-c482-00f207faa27c</Name><VersionId>2024-10-18T19:27:17.8221839Z</VersionId><IsCurrentVersion>true</IsCurrentVersion><Properties><Creation-Time>Fri, 18 Oct 2024 19:27:17 GMT</Creation-Time><Last-Modified>Fri, 18 Oct 2024 19:27:17 GMT</Last-Modified><Etag>0x8DCEFAAE1018D0F</Etag><Content-Length>0</Content-Length><Content-Type>text/plain</Content-Type><Content-Encoding /><Content-Language>en-US</Content-Language><Content-CRC64 /><Content-MD5 /><Cache-Control>no-cache</Cache-Control><Content-Disposition>inline</Content-Disposition><x-ms-blob-sequence-number>0</x-ms-blob-sequence-number><BlobType>PageBlob</BlobType><LeaseStatus>unlocked</LeaseStatus><LeaseState>available</LeaseState><ServerEncrypted>true</ServerEncrypted></Properties><OrMetadata /></Blob><Blob><Name>sourceFolder/pik/test-file-4ad7d934-27d4-acfd-c75b-bfb279715fa9</Name><VersionId>2024-10-18T19:27:17.8791514Z</VersionId><IsCurrentVersion>true</IsCurrentVersion><Properties><Creation-Time>Fri, 18 Oct 2024 19:27:17 GMT</Creation-Time><Last-Modified>Fri, 18 Oct 2024 19:27:17 GMT</Last-Modified><Etag>0x8DCEFAAE10A3E5A</Etag><Content-Length>0</Content-Length><Content-Type>text/plain</Content-Type><Content-Encoding /><Content-Language>en-US</Content-Language><Content-CRC64 /><Content-MD5 /><Cache-Control>no-cache</Cache-Control><Content-Disposition>inline</Content-Disposition><x-ms-blob-sequence-number>0</x-ms-blob-sequence-number><BlobType>PageBlob</BlobType><LeaseStatus>unlocked</LeaseStatus><LeaseState>available</LeaseState><ServerEncrypted>true</ServerEncrypted></Properties><OrMetadata /></Blob><Blob><Name>sourceFolder/test-file-7cee5334-d937-56a4-fe15-aa92a45482e2</Name><VersionId>2024-10-18T19:27:17.7652160Z</VersionId><IsCurrentVersion>true</IsCurrentVersion><Properties><Creation-Time>Fri, 18 Oct 2024 19:27:17 GMT</Creation-Time><Last-Modified>Fri, 18 Oct 2024 19:27:17 GMT</Last-Modified><Etag>0x8DCEFAAE0F8DBC0</Etag><Content-Length>0</Content-Length><Content-Type>text/plain</Content-Type><Content-Encoding /><Content-Language>en-US</Content-Language><Content-CRC64 /><Content-MD5 /><Cache-Control>no-cache</Cache-Control><Content-Disposition>inline</Content-Disposition><x-ms-blob-sequence-number>0</x-ms-blob-sequence-number><BlobType>PageBlob</BlobType><LeaseStatus>unlocked</LeaseStatus><LeaseState>available</LeaseState><ServerEncrypted>true</ServerEncrypted></Properties><OrMetadata /></Blob><Blob><Name>sourceFolder/test-file-e6484672-7069-9956-042f-97057ed7e354</Name><VersionId>2024-10-18T19:27:17.7202415Z</VersionId><IsCurrentVersion>true</IsCurrentVersion><Properties><Creation-Time>Fri, 18 Oct 2024 19:27:17 GMT</Creation-Time><Last-Modified>Fri, 18 Oct 2024 19:27:17 GMT</Last-Modified><Etag>0x8DCEFAAE0F1FEEF</Etag><Content-Length>0</Content-Length><Content-Type>text/plain</Content-Type><Content-Encoding /><Content-Language>en-US</Content-Language><Content-CRC64 /><Content-MD5 /><Cache-Control>no-cache</Cache-Control><Content-Disposition>inline</Content-Disposition><x-ms-blob-sequence-number>0</x-ms-blob-sequence-number><BlobType>PageBlob</BlobType><LeaseStatus>unlocked</LeaseStatus><LeaseState>available</LeaseState><ServerEncrypted>true</ServerEncrypted></Properties><OrMetadata /></Blob></Blobs><NextMarker /></EnumerationResults>"
    },
    {
      "RequestUri": "https://jalauzonnettest.blob.core.windows.net/test-container-d2519f95-a47c-21b8-b2c0-c6d5a7c4c153?restype=container&comp=list&prefix=destinationFolder",
      "RequestMethod": "GET",
      "RequestHeaders": {
        "Accept": "application/xml",
        "Authorization": "Sanitized",
        "traceparent": "00-56f9d5c890abbd12d38eb0856cc69f9c-c374fd4188ca5fd4-00",
        "User-Agent": "azsdk-net-Storage.Blobs/12.23.0-alpha.20241018.1 (.NET 8.0.10; Microsoft Windows 10.0.22631)",
        "x-ms-client-request-id": "Sanitized",
        "x-ms-date": "Fri, 18 Oct 2024 19:27:18 GMT",
        "x-ms-return-client-request-id": "true",
        "x-ms-version": "2025-01-05"
      },
      "RequestBody": null,
      "StatusCode": 200,
      "ResponseHeaders": {
        "Content-Type": "application/xml",
        "Date": "Fri, 18 Oct 2024 19:27:18 GMT",
        "Server": [
          "Windows-Azure-Blob/1.0",
          "Microsoft-HTTPAPI/2.0"
        ],
        "Transfer-Encoding": "chunked",
        "x-ms-client-request-id": "Sanitized",
        "x-ms-request-id": "82185ab8-701e-0001-5093-21851e000000",
        "x-ms-version": "2025-01-05"
      },
      "ResponseBody": "\uFEFF<?xml version=\"1.0\" encoding=\"utf-8\"?><EnumerationResults ServiceEndpoint=\"https://jalauzonnettest.blob.core.windows.net/\" ContainerName=\"test-container-d2519f95-a47c-21b8-b2c0-c6d5a7c4c153\"><Prefix>destinationFolder</Prefix><Blobs><Blob><Name>destinationFolder/bar/test-file-fcd233ff-d3d0-f404-c482-00f207faa27c</Name><VersionId>2024-10-18T19:27:18.0190721Z</VersionId><IsCurrentVersion>true</IsCurrentVersion><Properties><Creation-Time>Fri, 18 Oct 2024 19:27:18 GMT</Creation-Time><Last-Modified>Fri, 18 Oct 2024 19:27:18 GMT</Last-Modified><Etag>0x8DCEFAAE11F9801</Etag><Content-Length>0</Content-Length><Content-Type>text/plain</Content-Type><Content-Encoding /><Content-Language>en-US</Content-Language><Content-CRC64>AAAAAAAAAAA=</Content-CRC64><Content-MD5>1B2M2Y8AsgTpgAmY7PhCfg==</Content-MD5><Cache-Control>no-cache</Cache-Control><Content-Disposition>inline</Content-Disposition><LastAccessTime>Fri, 18 Oct 2024 19:27:18 GMT</LastAccessTime><BlobType>BlockBlob</BlobType><AccessTier>Hot</AccessTier><AccessTierInferred>true</AccessTierInferred><LeaseStatus>unlocked</LeaseStatus><LeaseState>available</LeaseState><ServerEncrypted>true</ServerEncrypted></Properties><OrMetadata /></Blob><Blob><Name>destinationFolder/pik/test-file-4ad7d934-27d4-acfd-c75b-bfb279715fa9</Name><VersionId>2024-10-18T19:27:18.0240692Z</VersionId><IsCurrentVersion>true</IsCurrentVersion><Properties><Creation-Time>Fri, 18 Oct 2024 19:27:18 GMT</Creation-Time><Last-Modified>Fri, 18 Oct 2024 19:27:18 GMT</Last-Modified><Etag>0x8DCEFAAE120342A</Etag><Content-Length>0</Content-Length><Content-Type>text/plain</Content-Type><Content-Encoding /><Content-Language>en-US</Content-Language><Content-CRC64>AAAAAAAAAAA=</Content-CRC64><Content-MD5>1B2M2Y8AsgTpgAmY7PhCfg==</Content-MD5><Cache-Control>no-cache</Cache-Control><Content-Disposition>inline</Content-Disposition><LastAccessTime>Fri, 18 Oct 2024 19:27:18 GMT</LastAccessTime><BlobType>BlockBlob</BlobType><AccessTier>Hot</AccessTier><AccessTierInferred>true</AccessTierInferred><LeaseStatus>unlocked</LeaseStatus><LeaseState>available</LeaseState><ServerEncrypted>true</ServerEncrypted></Properties><OrMetadata /></Blob><Blob><Name>destinationFolder/test-file-7cee5334-d937-56a4-fe15-aa92a45482e2</Name><VersionId>2024-10-18T19:27:18.0240692Z</VersionId><IsCurrentVersion>true</IsCurrentVersion><Properties><Creation-Time>Fri, 18 Oct 2024 19:27:18 GMT</Creation-Time><Last-Modified>Fri, 18 Oct 2024 19:27:18 GMT</Last-Modified><Etag>0x8DCEFAAE1205B34</Etag><Content-Length>0</Content-Length><Content-Type>text/plain</Content-Type><Content-Encoding /><Content-Language>en-US</Content-Language><Content-CRC64>AAAAAAAAAAA=</Content-CRC64><Content-MD5>1B2M2Y8AsgTpgAmY7PhCfg==</Content-MD5><Cache-Control>no-cache</Cache-Control><Content-Disposition>inline</Content-Disposition><LastAccessTime>Fri, 18 Oct 2024 19:27:18 GMT</LastAccessTime><BlobType>BlockBlob</BlobType><AccessTier>Hot</AccessTier><AccessTierInferred>true</AccessTierInferred><LeaseStatus>unlocked</LeaseStatus><LeaseState>available</LeaseState><ServerEncrypted>true</ServerEncrypted></Properties><OrMetadata /></Blob><Blob><Name>destinationFolder/test-file-e6484672-7069-9956-042f-97057ed7e354</Name><VersionId>2024-10-18T19:27:18.0270675Z</VersionId><IsCurrentVersion>true</IsCurrentVersion><Properties><Creation-Time>Fri, 18 Oct 2024 19:27:18 GMT</Creation-Time><Last-Modified>Fri, 18 Oct 2024 19:27:18 GMT</Last-Modified><Etag>0x8DCEFAAE120D053</Etag><Content-Length>0</Content-Length><Content-Type>text/plain</Content-Type><Content-Encoding /><Content-Language>en-US</Content-Language><Content-CRC64>AAAAAAAAAAA=</Content-CRC64><Content-MD5>1B2M2Y8AsgTpgAmY7PhCfg==</Content-MD5><Cache-Control>no-cache</Cache-Control><Content-Disposition>inline</Content-Disposition><LastAccessTime>Fri, 18 Oct 2024 19:27:18 GMT</LastAccessTime><BlobType>BlockBlob</BlobType><AccessTier>Hot</AccessTier><AccessTierInferred>true</AccessTierInferred><LeaseStatus>unlocked</LeaseStatus><LeaseState>available</LeaseState><ServerEncrypted>true</ServerEncrypted></Properties><OrMetadata /></Blob></Blobs><NextMarker /></EnumerationResults>"
    },
    {
      "RequestUri": "https://jalauzonnettest.blob.core.windows.net/test-container-d7c0f9fa-7e1b-48e7-54bb-9bf7ec3905a1/sourceFolder/bar/test-file-fcd233ff-d3d0-f404-c482-00f207faa27c?sv=Sanitized&se=2024-10-19T19%3A27%3A17Z&sr=c&sp=racwdxltfi&sig=Sanitized",
      "RequestMethod": "HEAD",
      "RequestHeaders": {
        "Accept": "application/xml",
        "User-Agent": "azsdk-net-Storage.Blobs/12.23.0-alpha.20241018.1 (.NET 8.0.10; Microsoft Windows 10.0.22631)",
        "x-ms-client-request-id": "Sanitized",
        "x-ms-return-client-request-id": "true",
        "x-ms-version": "2025-01-05"
      },
      "RequestBody": null,
      "StatusCode": 200,
      "ResponseHeaders": {
        "Accept-Ranges": "bytes",
        "Cache-Control": "no-cache",
        "Content-Disposition": "inline",
        "Content-Language": "en-US",
        "Content-Length": "0",
        "Content-Type": "text/plain",
        "Date": "Fri, 18 Oct 2024 19:27:18 GMT",
        "ETag": "\"0x8DCEFAAE1018D0F\"",
        "Last-Modified": "Fri, 18 Oct 2024 19:27:17 GMT",
        "Server": [
          "Windows-Azure-Blob/1.0",
          "Microsoft-HTTPAPI/2.0"
        ],
        "x-ms-blob-sequence-number": "0",
        "x-ms-blob-type": "PageBlob",
        "x-ms-client-request-id": "Sanitized",
        "x-ms-creation-time": "Fri, 18 Oct 2024 19:27:17 GMT",
        "x-ms-is-current-version": "true",
        "x-ms-lease-state": "available",
        "x-ms-lease-status": "unlocked",
        "x-ms-meta-Capital": "letter",
        "x-ms-meta-foo": "bar",
        "x-ms-meta-meta": "data",
        "x-ms-meta-UPPER": "case",
        "x-ms-request-id": "82185abb-701e-0001-5393-21851e000000",
        "x-ms-server-encrypted": "true",
        "x-ms-version": "2025-01-05",
        "x-ms-version-id": "2024-10-18T19:27:17.8221839Z"
      },
      "ResponseBody": null
    },
    {
      "RequestUri": "https://jalauzonnettest.blob.core.windows.net/test-container-d2519f95-a47c-21b8-b2c0-c6d5a7c4c153/destinationFolder/bar/test-file-fcd233ff-d3d0-f404-c482-00f207faa27c",
      "RequestMethod": "HEAD",
      "RequestHeaders": {
        "Accept": "application/xml",
        "Authorization": "Sanitized",
        "traceparent": "00-53d7155f50470e1b0fd1d82b8eb66199-e05e86058b27b5d5-00",
        "User-Agent": "azsdk-net-Storage.Blobs/12.23.0-alpha.20241018.1 (.NET 8.0.10; Microsoft Windows 10.0.22631)",
        "x-ms-client-request-id": "Sanitized",
        "x-ms-date": "Fri, 18 Oct 2024 19:27:18 GMT",
        "x-ms-return-client-request-id": "true",
        "x-ms-version": "2025-01-05"
      },
      "RequestBody": null,
      "StatusCode": 200,
      "ResponseHeaders": {
        "Accept-Ranges": "bytes",
        "Cache-Control": "no-cache",
        "Content-Disposition": "inline",
        "Content-Language": "en-US",
        "Content-Length": "0",
        "Content-MD5": "1B2M2Y8AsgTpgAmY7PhCfg==",
        "Content-Type": "text/plain",
        "Date": "Fri, 18 Oct 2024 19:27:18 GMT",
        "ETag": "\"0x8DCEFAAE11F9801\"",
        "Last-Modified": "Fri, 18 Oct 2024 19:27:18 GMT",
        "Server": [
          "Windows-Azure-Blob/1.0",
          "Microsoft-HTTPAPI/2.0"
        ],
        "x-ms-access-tier": "Hot",
        "x-ms-access-tier-inferred": "true",
        "x-ms-blob-type": "BlockBlob",
        "x-ms-client-request-id": "Sanitized",
        "x-ms-creation-time": "Fri, 18 Oct 2024 19:27:18 GMT",
        "x-ms-is-current-version": "true",
        "x-ms-last-access-time": "Fri, 18 Oct 2024 19:27:18 GMT",
        "x-ms-lease-state": "available",
        "x-ms-lease-status": "unlocked",
        "x-ms-meta-Capital": "letter",
        "x-ms-meta-foo": "bar",
        "x-ms-meta-meta": "data",
        "x-ms-meta-UPPER": "case",
        "x-ms-request-id": "82185abf-701e-0001-5793-21851e000000",
        "x-ms-server-encrypted": "true",
        "x-ms-version": "2025-01-05",
        "x-ms-version-id": "2024-10-18T19:27:18.0190721Z"
      },
      "ResponseBody": null
    },
    {
      "RequestUri": "https://jalauzonnettest.blob.core.windows.net/test-container-d7c0f9fa-7e1b-48e7-54bb-9bf7ec3905a1/sourceFolder/bar/test-file-fcd233ff-d3d0-f404-c482-00f207faa27c?sv=Sanitized&se=2024-10-19T19%3A27%3A17Z&sr=c&sp=racwdxltfi&sig=Sanitized",
      "RequestMethod": "HEAD",
      "RequestHeaders": {
        "Accept": "application/xml",
        "User-Agent": "azsdk-net-Storage.Blobs/12.23.0-alpha.20241018.1 (.NET 8.0.10; Microsoft Windows 10.0.22631)",
        "x-ms-client-request-id": "Sanitized",
        "x-ms-return-client-request-id": "true",
        "x-ms-version": "2025-01-05"
      },
      "RequestBody": null,
      "StatusCode": 200,
      "ResponseHeaders": {
        "Accept-Ranges": "bytes",
        "Cache-Control": "no-cache",
        "Content-Disposition": "inline",
        "Content-Language": "en-US",
        "Content-Length": "0",
        "Content-Type": "text/plain",
        "Date": "Fri, 18 Oct 2024 19:27:18 GMT",
        "ETag": "\"0x8DCEFAAE1018D0F\"",
        "Last-Modified": "Fri, 18 Oct 2024 19:27:17 GMT",
        "Server": [
          "Windows-Azure-Blob/1.0",
          "Microsoft-HTTPAPI/2.0"
        ],
        "x-ms-blob-sequence-number": "0",
        "x-ms-blob-type": "PageBlob",
        "x-ms-client-request-id": "Sanitized",
        "x-ms-creation-time": "Fri, 18 Oct 2024 19:27:17 GMT",
        "x-ms-is-current-version": "true",
        "x-ms-lease-state": "available",
        "x-ms-lease-status": "unlocked",
        "x-ms-meta-Capital": "letter",
        "x-ms-meta-foo": "bar",
        "x-ms-meta-meta": "data",
        "x-ms-meta-UPPER": "case",
        "x-ms-request-id": "82185ac3-701e-0001-5b93-21851e000000",
        "x-ms-server-encrypted": "true",
        "x-ms-version": "2025-01-05",
        "x-ms-version-id": "2024-10-18T19:27:17.8221839Z"
      },
      "ResponseBody": null
    },
    {
      "RequestUri": "https://jalauzonnettest.blob.core.windows.net/test-container-d2519f95-a47c-21b8-b2c0-c6d5a7c4c153/destinationFolder/bar/test-file-fcd233ff-d3d0-f404-c482-00f207faa27c",
      "RequestMethod": "HEAD",
      "RequestHeaders": {
        "Accept": "application/xml",
        "Authorization": "Sanitized",
        "traceparent": "00-092eba40053a15f9102d0eba109fe220-76eee783f90198b8-00",
        "User-Agent": "azsdk-net-Storage.Blobs/12.23.0-alpha.20241018.1 (.NET 8.0.10; Microsoft Windows 10.0.22631)",
        "x-ms-client-request-id": "Sanitized",
        "x-ms-date": "Fri, 18 Oct 2024 19:27:18 GMT",
        "x-ms-return-client-request-id": "true",
        "x-ms-version": "2025-01-05"
      },
      "RequestBody": null,
      "StatusCode": 200,
      "ResponseHeaders": {
        "Accept-Ranges": "bytes",
        "Cache-Control": "no-cache",
        "Content-Disposition": "inline",
        "Content-Language": "en-US",
        "Content-Length": "0",
        "Content-MD5": "1B2M2Y8AsgTpgAmY7PhCfg==",
        "Content-Type": "text/plain",
        "Date": "Fri, 18 Oct 2024 19:27:18 GMT",
        "ETag": "\"0x8DCEFAAE11F9801\"",
        "Last-Modified": "Fri, 18 Oct 2024 19:27:18 GMT",
        "Server": [
          "Windows-Azure-Blob/1.0",
          "Microsoft-HTTPAPI/2.0"
        ],
        "x-ms-access-tier": "Hot",
        "x-ms-access-tier-inferred": "true",
        "x-ms-blob-type": "BlockBlob",
        "x-ms-client-request-id": "Sanitized",
        "x-ms-creation-time": "Fri, 18 Oct 2024 19:27:18 GMT",
        "x-ms-is-current-version": "true",
        "x-ms-last-access-time": "Fri, 18 Oct 2024 19:27:18 GMT",
        "x-ms-lease-state": "available",
        "x-ms-lease-status": "unlocked",
        "x-ms-meta-Capital": "letter",
        "x-ms-meta-foo": "bar",
        "x-ms-meta-meta": "data",
        "x-ms-meta-UPPER": "case",
        "x-ms-request-id": "82185ac8-701e-0001-5f93-21851e000000",
        "x-ms-server-encrypted": "true",
        "x-ms-version": "2025-01-05",
        "x-ms-version-id": "2024-10-18T19:27:18.0190721Z"
      },
      "ResponseBody": null
    },
    {
      "RequestUri": "https://jalauzonnettest.blob.core.windows.net/test-container-d7c0f9fa-7e1b-48e7-54bb-9bf7ec3905a1/sourceFolder/pik/test-file-4ad7d934-27d4-acfd-c75b-bfb279715fa9?sv=Sanitized&se=2024-10-19T19%3A27%3A17Z&sr=c&sp=racwdxltfi&sig=Sanitized",
      "RequestMethod": "HEAD",
      "RequestHeaders": {
        "Accept": "application/xml",
        "User-Agent": "azsdk-net-Storage.Blobs/12.23.0-alpha.20241018.1 (.NET 8.0.10; Microsoft Windows 10.0.22631)",
        "x-ms-client-request-id": "Sanitized",
        "x-ms-return-client-request-id": "true",
        "x-ms-version": "2025-01-05"
      },
      "RequestBody": null,
      "StatusCode": 200,
      "ResponseHeaders": {
        "Accept-Ranges": "bytes",
        "Cache-Control": "no-cache",
        "Content-Disposition": "inline",
        "Content-Language": "en-US",
        "Content-Length": "0",
        "Content-Type": "text/plain",
        "Date": "Fri, 18 Oct 2024 19:27:18 GMT",
        "ETag": "\"0x8DCEFAAE10A3E5A\"",
        "Last-Modified": "Fri, 18 Oct 2024 19:27:17 GMT",
        "Server": [
          "Windows-Azure-Blob/1.0",
          "Microsoft-HTTPAPI/2.0"
        ],
        "x-ms-blob-sequence-number": "0",
        "x-ms-blob-type": "PageBlob",
        "x-ms-client-request-id": "Sanitized",
        "x-ms-creation-time": "Fri, 18 Oct 2024 19:27:17 GMT",
        "x-ms-is-current-version": "true",
        "x-ms-lease-state": "available",
        "x-ms-lease-status": "unlocked",
        "x-ms-meta-Capital": "letter",
        "x-ms-meta-foo": "bar",
        "x-ms-meta-meta": "data",
        "x-ms-meta-UPPER": "case",
        "x-ms-request-id": "82185acd-701e-0001-6493-21851e000000",
        "x-ms-server-encrypted": "true",
        "x-ms-version": "2025-01-05",
        "x-ms-version-id": "2024-10-18T19:27:17.8791514Z"
      },
      "ResponseBody": null
    },
    {
      "RequestUri": "https://jalauzonnettest.blob.core.windows.net/test-container-d2519f95-a47c-21b8-b2c0-c6d5a7c4c153/destinationFolder/pik/test-file-4ad7d934-27d4-acfd-c75b-bfb279715fa9",
      "RequestMethod": "HEAD",
      "RequestHeaders": {
        "Accept": "application/xml",
        "Authorization": "Sanitized",
        "traceparent": "00-b9d22def465030243a2bcd6eb4c97eec-a90107080475a42e-00",
        "User-Agent": "azsdk-net-Storage.Blobs/12.23.0-alpha.20241018.1 (.NET 8.0.10; Microsoft Windows 10.0.22631)",
        "x-ms-client-request-id": "Sanitized",
        "x-ms-date": "Fri, 18 Oct 2024 19:27:18 GMT",
        "x-ms-return-client-request-id": "true",
        "x-ms-version": "2025-01-05"
      },
      "RequestBody": null,
      "StatusCode": 200,
      "ResponseHeaders": {
        "Accept-Ranges": "bytes",
        "Cache-Control": "no-cache",
        "Content-Disposition": "inline",
        "Content-Language": "en-US",
        "Content-Length": "0",
        "Content-MD5": "1B2M2Y8AsgTpgAmY7PhCfg==",
        "Content-Type": "text/plain",
        "Date": "Fri, 18 Oct 2024 19:27:18 GMT",
        "ETag": "\"0x8DCEFAAE120342A\"",
        "Last-Modified": "Fri, 18 Oct 2024 19:27:18 GMT",
        "Server": [
          "Windows-Azure-Blob/1.0",
          "Microsoft-HTTPAPI/2.0"
        ],
        "x-ms-access-tier": "Hot",
        "x-ms-access-tier-inferred": "true",
        "x-ms-blob-type": "BlockBlob",
        "x-ms-client-request-id": "Sanitized",
        "x-ms-creation-time": "Fri, 18 Oct 2024 19:27:18 GMT",
        "x-ms-is-current-version": "true",
        "x-ms-last-access-time": "Fri, 18 Oct 2024 19:27:18 GMT",
        "x-ms-lease-state": "available",
        "x-ms-lease-status": "unlocked",
        "x-ms-meta-Capital": "letter",
        "x-ms-meta-foo": "bar",
        "x-ms-meta-meta": "data",
        "x-ms-meta-UPPER": "case",
        "x-ms-request-id": "82185ad0-701e-0001-6793-21851e000000",
        "x-ms-server-encrypted": "true",
        "x-ms-version": "2025-01-05",
        "x-ms-version-id": "2024-10-18T19:27:18.0240692Z"
      },
      "ResponseBody": null
    },
    {
      "RequestUri": "https://jalauzonnettest.blob.core.windows.net/test-container-d7c0f9fa-7e1b-48e7-54bb-9bf7ec3905a1/sourceFolder/pik/test-file-4ad7d934-27d4-acfd-c75b-bfb279715fa9?sv=Sanitized&se=2024-10-19T19%3A27%3A17Z&sr=c&sp=racwdxltfi&sig=Sanitized",
      "RequestMethod": "HEAD",
      "RequestHeaders": {
        "Accept": "application/xml",
        "User-Agent": "azsdk-net-Storage.Blobs/12.23.0-alpha.20241018.1 (.NET 8.0.10; Microsoft Windows 10.0.22631)",
        "x-ms-client-request-id": "Sanitized",
        "x-ms-return-client-request-id": "true",
        "x-ms-version": "2025-01-05"
      },
      "RequestBody": null,
      "StatusCode": 200,
      "ResponseHeaders": {
        "Accept-Ranges": "bytes",
        "Cache-Control": "no-cache",
        "Content-Disposition": "inline",
        "Content-Language": "en-US",
        "Content-Length": "0",
        "Content-Type": "text/plain",
        "Date": "Fri, 18 Oct 2024 19:27:18 GMT",
        "ETag": "\"0x8DCEFAAE10A3E5A\"",
        "Last-Modified": "Fri, 18 Oct 2024 19:27:17 GMT",
        "Server": [
          "Windows-Azure-Blob/1.0",
          "Microsoft-HTTPAPI/2.0"
        ],
        "x-ms-blob-sequence-number": "0",
        "x-ms-blob-type": "PageBlob",
        "x-ms-client-request-id": "Sanitized",
        "x-ms-creation-time": "Fri, 18 Oct 2024 19:27:17 GMT",
        "x-ms-is-current-version": "true",
        "x-ms-lease-state": "available",
        "x-ms-lease-status": "unlocked",
        "x-ms-meta-Capital": "letter",
        "x-ms-meta-foo": "bar",
        "x-ms-meta-meta": "data",
        "x-ms-meta-UPPER": "case",
        "x-ms-request-id": "82185ad4-701e-0001-6b93-21851e000000",
        "x-ms-server-encrypted": "true",
        "x-ms-version": "2025-01-05",
        "x-ms-version-id": "2024-10-18T19:27:17.8791514Z"
      },
      "ResponseBody": null
    },
    {
      "RequestUri": "https://jalauzonnettest.blob.core.windows.net/test-container-d2519f95-a47c-21b8-b2c0-c6d5a7c4c153/destinationFolder/pik/test-file-4ad7d934-27d4-acfd-c75b-bfb279715fa9",
      "RequestMethod": "HEAD",
      "RequestHeaders": {
        "Accept": "application/xml",
        "Authorization": "Sanitized",
        "traceparent": "00-2b2560f26689c255de87e75607fd4314-4ef8e5f45b7c536f-00",
        "User-Agent": "azsdk-net-Storage.Blobs/12.23.0-alpha.20241018.1 (.NET 8.0.10; Microsoft Windows 10.0.22631)",
        "x-ms-client-request-id": "Sanitized",
        "x-ms-date": "Fri, 18 Oct 2024 19:27:18 GMT",
        "x-ms-return-client-request-id": "true",
        "x-ms-version": "2025-01-05"
      },
      "RequestBody": null,
      "StatusCode": 200,
      "ResponseHeaders": {
        "Accept-Ranges": "bytes",
        "Cache-Control": "no-cache",
        "Content-Disposition": "inline",
        "Content-Language": "en-US",
        "Content-Length": "0",
        "Content-MD5": "1B2M2Y8AsgTpgAmY7PhCfg==",
        "Content-Type": "text/plain",
        "Date": "Fri, 18 Oct 2024 19:27:18 GMT",
        "ETag": "\"0x8DCEFAAE120342A\"",
        "Last-Modified": "Fri, 18 Oct 2024 19:27:18 GMT",
        "Server": [
          "Windows-Azure-Blob/1.0",
          "Microsoft-HTTPAPI/2.0"
        ],
        "x-ms-access-tier": "Hot",
        "x-ms-access-tier-inferred": "true",
        "x-ms-blob-type": "BlockBlob",
        "x-ms-client-request-id": "Sanitized",
        "x-ms-creation-time": "Fri, 18 Oct 2024 19:27:18 GMT",
        "x-ms-is-current-version": "true",
        "x-ms-last-access-time": "Fri, 18 Oct 2024 19:27:18 GMT",
        "x-ms-lease-state": "available",
        "x-ms-lease-status": "unlocked",
        "x-ms-meta-Capital": "letter",
        "x-ms-meta-foo": "bar",
        "x-ms-meta-meta": "data",
        "x-ms-meta-UPPER": "case",
        "x-ms-request-id": "82185ad7-701e-0001-6d93-21851e000000",
        "x-ms-server-encrypted": "true",
        "x-ms-version": "2025-01-05",
        "x-ms-version-id": "2024-10-18T19:27:18.0240692Z"
      },
      "ResponseBody": null
    },
    {
      "RequestUri": "https://jalauzonnettest.blob.core.windows.net/test-container-d7c0f9fa-7e1b-48e7-54bb-9bf7ec3905a1/sourceFolder/test-file-7cee5334-d937-56a4-fe15-aa92a45482e2?sv=Sanitized&se=2024-10-19T19%3A27%3A17Z&sr=c&sp=racwdxltfi&sig=Sanitized",
      "RequestMethod": "HEAD",
      "RequestHeaders": {
        "Accept": "application/xml",
        "User-Agent": "azsdk-net-Storage.Blobs/12.23.0-alpha.20241018.1 (.NET 8.0.10; Microsoft Windows 10.0.22631)",
        "x-ms-client-request-id": "Sanitized",
        "x-ms-return-client-request-id": "true",
        "x-ms-version": "2025-01-05"
      },
      "RequestBody": null,
      "StatusCode": 200,
      "ResponseHeaders": {
        "Accept-Ranges": "bytes",
        "Cache-Control": "no-cache",
        "Content-Disposition": "inline",
        "Content-Language": "en-US",
        "Content-Length": "0",
        "Content-Type": "text/plain",
        "Date": "Fri, 18 Oct 2024 19:27:18 GMT",
        "ETag": "\"0x8DCEFAAE0F8DBC0\"",
        "Last-Modified": "Fri, 18 Oct 2024 19:27:17 GMT",
        "Server": [
          "Windows-Azure-Blob/1.0",
          "Microsoft-HTTPAPI/2.0"
        ],
        "x-ms-blob-sequence-number": "0",
        "x-ms-blob-type": "PageBlob",
        "x-ms-client-request-id": "Sanitized",
        "x-ms-creation-time": "Fri, 18 Oct 2024 19:27:17 GMT",
        "x-ms-is-current-version": "true",
        "x-ms-lease-state": "available",
        "x-ms-lease-status": "unlocked",
        "x-ms-meta-Capital": "letter",
        "x-ms-meta-foo": "bar",
        "x-ms-meta-meta": "data",
        "x-ms-meta-UPPER": "case",
        "x-ms-request-id": "82185adb-701e-0001-7193-21851e000000",
        "x-ms-server-encrypted": "true",
        "x-ms-version": "2025-01-05",
        "x-ms-version-id": "2024-10-18T19:27:17.7652160Z"
      },
      "ResponseBody": null
    },
    {
      "RequestUri": "https://jalauzonnettest.blob.core.windows.net/test-container-d2519f95-a47c-21b8-b2c0-c6d5a7c4c153/destinationFolder/test-file-7cee5334-d937-56a4-fe15-aa92a45482e2",
      "RequestMethod": "HEAD",
      "RequestHeaders": {
        "Accept": "application/xml",
        "Authorization": "Sanitized",
        "traceparent": "00-f561293f243bb7a344f3640538ff9d00-5b65639aa6ae5ab7-00",
        "User-Agent": "azsdk-net-Storage.Blobs/12.23.0-alpha.20241018.1 (.NET 8.0.10; Microsoft Windows 10.0.22631)",
        "x-ms-client-request-id": "Sanitized",
        "x-ms-date": "Fri, 18 Oct 2024 19:27:18 GMT",
        "x-ms-return-client-request-id": "true",
        "x-ms-version": "2025-01-05"
      },
      "RequestBody": null,
      "StatusCode": 200,
      "ResponseHeaders": {
        "Accept-Ranges": "bytes",
        "Cache-Control": "no-cache",
        "Content-Disposition": "inline",
        "Content-Language": "en-US",
        "Content-Length": "0",
        "Content-MD5": "1B2M2Y8AsgTpgAmY7PhCfg==",
        "Content-Type": "text/plain",
        "Date": "Fri, 18 Oct 2024 19:27:18 GMT",
        "ETag": "\"0x8DCEFAAE1205B34\"",
        "Last-Modified": "Fri, 18 Oct 2024 19:27:18 GMT",
        "Server": [
          "Windows-Azure-Blob/1.0",
          "Microsoft-HTTPAPI/2.0"
        ],
        "x-ms-access-tier": "Hot",
        "x-ms-access-tier-inferred": "true",
        "x-ms-blob-type": "BlockBlob",
        "x-ms-client-request-id": "Sanitized",
        "x-ms-creation-time": "Fri, 18 Oct 2024 19:27:18 GMT",
        "x-ms-is-current-version": "true",
        "x-ms-last-access-time": "Fri, 18 Oct 2024 19:27:18 GMT",
        "x-ms-lease-state": "available",
        "x-ms-lease-status": "unlocked",
        "x-ms-meta-Capital": "letter",
        "x-ms-meta-foo": "bar",
        "x-ms-meta-meta": "data",
        "x-ms-meta-UPPER": "case",
        "x-ms-request-id": "82185ae4-701e-0001-7893-21851e000000",
        "x-ms-server-encrypted": "true",
        "x-ms-version": "2025-01-05",
        "x-ms-version-id": "2024-10-18T19:27:18.0240692Z"
      },
      "ResponseBody": null
    },
    {
      "RequestUri": "https://jalauzonnettest.blob.core.windows.net/test-container-d7c0f9fa-7e1b-48e7-54bb-9bf7ec3905a1/sourceFolder/test-file-7cee5334-d937-56a4-fe15-aa92a45482e2?sv=Sanitized&se=2024-10-19T19%3A27%3A17Z&sr=c&sp=racwdxltfi&sig=Sanitized",
      "RequestMethod": "HEAD",
      "RequestHeaders": {
        "Accept": "application/xml",
        "User-Agent": "azsdk-net-Storage.Blobs/12.23.0-alpha.20241018.1 (.NET 8.0.10; Microsoft Windows 10.0.22631)",
        "x-ms-client-request-id": "Sanitized",
        "x-ms-return-client-request-id": "true",
        "x-ms-version": "2025-01-05"
      },
      "RequestBody": null,
      "StatusCode": 200,
      "ResponseHeaders": {
        "Accept-Ranges": "bytes",
        "Cache-Control": "no-cache",
        "Content-Disposition": "inline",
        "Content-Language": "en-US",
        "Content-Length": "0",
        "Content-Type": "text/plain",
        "Date": "Fri, 18 Oct 2024 19:27:18 GMT",
        "ETag": "\"0x8DCEFAAE0F8DBC0\"",
        "Last-Modified": "Fri, 18 Oct 2024 19:27:17 GMT",
        "Server": [
          "Windows-Azure-Blob/1.0",
          "Microsoft-HTTPAPI/2.0"
        ],
        "x-ms-blob-sequence-number": "0",
        "x-ms-blob-type": "PageBlob",
        "x-ms-client-request-id": "Sanitized",
        "x-ms-creation-time": "Fri, 18 Oct 2024 19:27:17 GMT",
        "x-ms-is-current-version": "true",
        "x-ms-lease-state": "available",
        "x-ms-lease-status": "unlocked",
        "x-ms-meta-Capital": "letter",
        "x-ms-meta-foo": "bar",
        "x-ms-meta-meta": "data",
        "x-ms-meta-UPPER": "case",
        "x-ms-request-id": "82185aec-701e-0001-7e93-21851e000000",
        "x-ms-server-encrypted": "true",
        "x-ms-version": "2025-01-05",
        "x-ms-version-id": "2024-10-18T19:27:17.7652160Z"
      },
      "ResponseBody": null
    },
    {
      "RequestUri": "https://jalauzonnettest.blob.core.windows.net/test-container-d2519f95-a47c-21b8-b2c0-c6d5a7c4c153/destinationFolder/test-file-7cee5334-d937-56a4-fe15-aa92a45482e2",
      "RequestMethod": "HEAD",
      "RequestHeaders": {
        "Accept": "application/xml",
        "Authorization": "Sanitized",
        "traceparent": "00-8028af4d538d8492a28fb434a555b0e1-6b0990de9a8fced0-00",
        "User-Agent": "azsdk-net-Storage.Blobs/12.23.0-alpha.20241018.1 (.NET 8.0.10; Microsoft Windows 10.0.22631)",
        "x-ms-client-request-id": "Sanitized",
        "x-ms-date": "Fri, 18 Oct 2024 19:27:18 GMT",
        "x-ms-return-client-request-id": "true",
        "x-ms-version": "2025-01-05"
      },
      "RequestBody": null,
      "StatusCode": 200,
      "ResponseHeaders": {
        "Accept-Ranges": "bytes",
        "Cache-Control": "no-cache",
        "Content-Disposition": "inline",
        "Content-Language": "en-US",
        "Content-Length": "0",
        "Content-MD5": "1B2M2Y8AsgTpgAmY7PhCfg==",
        "Content-Type": "text/plain",
        "Date": "Fri, 18 Oct 2024 19:27:18 GMT",
        "ETag": "\"0x8DCEFAAE1205B34\"",
        "Last-Modified": "Fri, 18 Oct 2024 19:27:18 GMT",
        "Server": [
          "Windows-Azure-Blob/1.0",
          "Microsoft-HTTPAPI/2.0"
        ],
        "x-ms-access-tier": "Hot",
        "x-ms-access-tier-inferred": "true",
        "x-ms-blob-type": "BlockBlob",
        "x-ms-client-request-id": "Sanitized",
        "x-ms-creation-time": "Fri, 18 Oct 2024 19:27:18 GMT",
        "x-ms-is-current-version": "true",
        "x-ms-last-access-time": "Fri, 18 Oct 2024 19:27:18 GMT",
        "x-ms-lease-state": "available",
        "x-ms-lease-status": "unlocked",
        "x-ms-meta-Capital": "letter",
        "x-ms-meta-foo": "bar",
        "x-ms-meta-meta": "data",
        "x-ms-meta-UPPER": "case",
        "x-ms-request-id": "82185af0-701e-0001-0293-21851e000000",
        "x-ms-server-encrypted": "true",
        "x-ms-version": "2025-01-05",
        "x-ms-version-id": "2024-10-18T19:27:18.0240692Z"
      },
      "ResponseBody": null
    },
    {
      "RequestUri": "https://jalauzonnettest.blob.core.windows.net/test-container-d7c0f9fa-7e1b-48e7-54bb-9bf7ec3905a1/sourceFolder/test-file-e6484672-7069-9956-042f-97057ed7e354?sv=Sanitized&se=2024-10-19T19%3A27%3A17Z&sr=c&sp=racwdxltfi&sig=Sanitized",
      "RequestMethod": "HEAD",
      "RequestHeaders": {
        "Accept": "application/xml",
        "User-Agent": "azsdk-net-Storage.Blobs/12.23.0-alpha.20241018.1 (.NET 8.0.10; Microsoft Windows 10.0.22631)",
        "x-ms-client-request-id": "Sanitized",
        "x-ms-return-client-request-id": "true",
        "x-ms-version": "2025-01-05"
      },
      "RequestBody": null,
      "StatusCode": 200,
      "ResponseHeaders": {
        "Accept-Ranges": "bytes",
        "Cache-Control": "no-cache",
        "Content-Disposition": "inline",
        "Content-Language": "en-US",
        "Content-Length": "0",
        "Content-Type": "text/plain",
        "Date": "Fri, 18 Oct 2024 19:27:18 GMT",
        "ETag": "\"0x8DCEFAAE0F1FEEF\"",
        "Last-Modified": "Fri, 18 Oct 2024 19:27:17 GMT",
        "Server": [
          "Windows-Azure-Blob/1.0",
          "Microsoft-HTTPAPI/2.0"
        ],
        "x-ms-blob-sequence-number": "0",
        "x-ms-blob-type": "PageBlob",
        "x-ms-client-request-id": "Sanitized",
        "x-ms-creation-time": "Fri, 18 Oct 2024 19:27:17 GMT",
        "x-ms-is-current-version": "true",
        "x-ms-lease-state": "available",
        "x-ms-lease-status": "unlocked",
        "x-ms-meta-Capital": "letter",
        "x-ms-meta-foo": "bar",
        "x-ms-meta-meta": "data",
        "x-ms-meta-UPPER": "case",
        "x-ms-request-id": "82185af3-701e-0001-0593-21851e000000",
        "x-ms-server-encrypted": "true",
        "x-ms-version": "2025-01-05",
        "x-ms-version-id": "2024-10-18T19:27:17.7202415Z"
      },
      "ResponseBody": null
    },
    {
      "RequestUri": "https://jalauzonnettest.blob.core.windows.net/test-container-d2519f95-a47c-21b8-b2c0-c6d5a7c4c153/destinationFolder/test-file-e6484672-7069-9956-042f-97057ed7e354",
      "RequestMethod": "HEAD",
      "RequestHeaders": {
        "Accept": "application/xml",
        "Authorization": "Sanitized",
        "traceparent": "00-5be45e011ad7b0ddb11dcc99d8783bc8-83c2043280d14e28-00",
        "User-Agent": "azsdk-net-Storage.Blobs/12.23.0-alpha.20241018.1 (.NET 8.0.10; Microsoft Windows 10.0.22631)",
        "x-ms-client-request-id": "Sanitized",
        "x-ms-date": "Fri, 18 Oct 2024 19:27:18 GMT",
        "x-ms-return-client-request-id": "true",
        "x-ms-version": "2025-01-05"
      },
      "RequestBody": null,
      "StatusCode": 200,
      "ResponseHeaders": {
        "Accept-Ranges": "bytes",
        "Cache-Control": "no-cache",
        "Content-Disposition": "inline",
        "Content-Language": "en-US",
        "Content-Length": "0",
        "Content-MD5": "1B2M2Y8AsgTpgAmY7PhCfg==",
        "Content-Type": "text/plain",
        "Date": "Fri, 18 Oct 2024 19:27:18 GMT",
        "ETag": "\"0x8DCEFAAE120D053\"",
        "Last-Modified": "Fri, 18 Oct 2024 19:27:18 GMT",
        "Server": [
          "Windows-Azure-Blob/1.0",
          "Microsoft-HTTPAPI/2.0"
        ],
        "x-ms-access-tier": "Hot",
        "x-ms-access-tier-inferred": "true",
        "x-ms-blob-type": "BlockBlob",
        "x-ms-client-request-id": "Sanitized",
        "x-ms-creation-time": "Fri, 18 Oct 2024 19:27:18 GMT",
        "x-ms-is-current-version": "true",
        "x-ms-last-access-time": "Fri, 18 Oct 2024 19:27:18 GMT",
        "x-ms-lease-state": "available",
        "x-ms-lease-status": "unlocked",
        "x-ms-meta-Capital": "letter",
        "x-ms-meta-foo": "bar",
        "x-ms-meta-meta": "data",
        "x-ms-meta-UPPER": "case",
        "x-ms-request-id": "82185af6-701e-0001-0893-21851e000000",
        "x-ms-server-encrypted": "true",
        "x-ms-version": "2025-01-05",
        "x-ms-version-id": "2024-10-18T19:27:18.0270675Z"
      },
      "ResponseBody": null
    },
    {
      "RequestUri": "https://jalauzonnettest.blob.core.windows.net/test-container-d7c0f9fa-7e1b-48e7-54bb-9bf7ec3905a1/sourceFolder/test-file-e6484672-7069-9956-042f-97057ed7e354?sv=Sanitized&se=2024-10-19T19%3A27%3A17Z&sr=c&sp=racwdxltfi&sig=Sanitized",
      "RequestMethod": "HEAD",
      "RequestHeaders": {
        "Accept": "application/xml",
        "User-Agent": "azsdk-net-Storage.Blobs/12.23.0-alpha.20241018.1 (.NET 8.0.10; Microsoft Windows 10.0.22631)",
        "x-ms-client-request-id": "Sanitized",
        "x-ms-return-client-request-id": "true",
        "x-ms-version": "2025-01-05"
      },
      "RequestBody": null,
      "StatusCode": 200,
      "ResponseHeaders": {
        "Accept-Ranges": "bytes",
        "Cache-Control": "no-cache",
        "Content-Disposition": "inline",
        "Content-Language": "en-US",
        "Content-Length": "0",
        "Content-Type": "text/plain",
        "Date": "Fri, 18 Oct 2024 19:27:18 GMT",
        "ETag": "\"0x8DCEFAAE0F1FEEF\"",
        "Last-Modified": "Fri, 18 Oct 2024 19:27:17 GMT",
        "Server": [
          "Windows-Azure-Blob/1.0",
          "Microsoft-HTTPAPI/2.0"
        ],
        "x-ms-blob-sequence-number": "0",
        "x-ms-blob-type": "PageBlob",
        "x-ms-client-request-id": "Sanitized",
        "x-ms-creation-time": "Fri, 18 Oct 2024 19:27:17 GMT",
        "x-ms-is-current-version": "true",
        "x-ms-lease-state": "available",
        "x-ms-lease-status": "unlocked",
        "x-ms-meta-Capital": "letter",
        "x-ms-meta-foo": "bar",
        "x-ms-meta-meta": "data",
        "x-ms-meta-UPPER": "case",
        "x-ms-request-id": "82185b00-701e-0001-1293-21851e000000",
        "x-ms-server-encrypted": "true",
        "x-ms-version": "2025-01-05",
        "x-ms-version-id": "2024-10-18T19:27:17.7202415Z"
      },
      "ResponseBody": null
    },
    {
      "RequestUri": "https://jalauzonnettest.blob.core.windows.net/test-container-d2519f95-a47c-21b8-b2c0-c6d5a7c4c153/destinationFolder/test-file-e6484672-7069-9956-042f-97057ed7e354",
      "RequestMethod": "HEAD",
      "RequestHeaders": {
        "Accept": "application/xml",
        "Authorization": "Sanitized",
        "traceparent": "00-b4f4b53b6c3c50a7e438a6b50e6d2176-40884b673ef86eba-00",
        "User-Agent": "azsdk-net-Storage.Blobs/12.23.0-alpha.20241018.1 (.NET 8.0.10; Microsoft Windows 10.0.22631)",
        "x-ms-client-request-id": "Sanitized",
        "x-ms-date": "Fri, 18 Oct 2024 19:27:18 GMT",
        "x-ms-return-client-request-id": "true",
        "x-ms-version": "2025-01-05"
      },
      "RequestBody": null,
      "StatusCode": 200,
      "ResponseHeaders": {
        "Accept-Ranges": "bytes",
        "Cache-Control": "no-cache",
        "Content-Disposition": "inline",
        "Content-Language": "en-US",
        "Content-Length": "0",
        "Content-MD5": "1B2M2Y8AsgTpgAmY7PhCfg==",
        "Content-Type": "text/plain",
        "Date": "Fri, 18 Oct 2024 19:27:18 GMT",
        "ETag": "\"0x8DCEFAAE120D053\"",
        "Last-Modified": "Fri, 18 Oct 2024 19:27:18 GMT",
        "Server": [
          "Windows-Azure-Blob/1.0",
          "Microsoft-HTTPAPI/2.0"
        ],
        "x-ms-access-tier": "Hot",
        "x-ms-access-tier-inferred": "true",
        "x-ms-blob-type": "BlockBlob",
        "x-ms-client-request-id": "Sanitized",
        "x-ms-creation-time": "Fri, 18 Oct 2024 19:27:18 GMT",
        "x-ms-is-current-version": "true",
        "x-ms-last-access-time": "Fri, 18 Oct 2024 19:27:18 GMT",
        "x-ms-lease-state": "available",
        "x-ms-lease-status": "unlocked",
        "x-ms-meta-Capital": "letter",
        "x-ms-meta-foo": "bar",
        "x-ms-meta-meta": "data",
        "x-ms-meta-UPPER": "case",
        "x-ms-request-id": "82185b04-701e-0001-1693-21851e000000",
        "x-ms-server-encrypted": "true",
        "x-ms-version": "2025-01-05",
        "x-ms-version-id": "2024-10-18T19:27:18.0270675Z"
      },
      "ResponseBody": null
    },
    {
      "RequestUri": "https://jalauzonnettest.blob.core.windows.net/test-container-d2519f95-a47c-21b8-b2c0-c6d5a7c4c153?restype=container",
      "RequestMethod": "DELETE",
      "RequestHeaders": {
        "Accept": "application/xml",
        "Authorization": "Sanitized",
        "traceparent": "00-1519db7450f3319660e771be93e5bce7-1f43225be7848daa-00",
        "User-Agent": "azsdk-net-Storage.Blobs/12.23.0-alpha.20241018.1 (.NET 8.0.10; Microsoft Windows 10.0.22631)",
        "x-ms-client-request-id": "Sanitized",
        "x-ms-date": "Fri, 18 Oct 2024 19:27:18 GMT",
        "x-ms-return-client-request-id": "true",
        "x-ms-version": "2025-01-05"
      },
      "RequestBody": null,
      "StatusCode": 202,
      "ResponseHeaders": {
        "Content-Length": "0",
        "Date": "Fri, 18 Oct 2024 19:27:18 GMT",
        "Server": [
          "Windows-Azure-Blob/1.0",
          "Microsoft-HTTPAPI/2.0"
        ],
        "x-ms-client-request-id": "Sanitized",
        "x-ms-request-id": "82185b0a-701e-0001-1c93-21851e000000",
        "x-ms-version": "2025-01-05"
      },
      "ResponseBody": null
    },
    {
      "RequestUri": "https://jalauzonnettest.blob.core.windows.net/test-container-d7c0f9fa-7e1b-48e7-54bb-9bf7ec3905a1?sv=Sanitized&se=2024-10-19T19%3A27%3A17Z&sr=c&sp=racwdxltfi&sig=Sanitized&restype=container",
      "RequestMethod": "DELETE",
      "RequestHeaders": {
        "Accept": "application/xml",
        "User-Agent": "azsdk-net-Storage.Blobs/12.23.0-alpha.20241018.1 (.NET 8.0.10; Microsoft Windows 10.0.22631)",
        "x-ms-client-request-id": "Sanitized",
        "x-ms-return-client-request-id": "true",
        "x-ms-version": "2025-01-05"
      },
      "RequestBody": null,
      "StatusCode": 403,
      "ResponseHeaders": {
        "Content-Length": "246",
        "Content-Type": "application/xml",
        "Date": "Fri, 18 Oct 2024 19:27:18 GMT",
        "Server": [
          "Windows-Azure-Blob/1.0",
          "Microsoft-HTTPAPI/2.0"
        ],
        "x-ms-client-request-id": "Sanitized",
        "x-ms-error-code": "AuthorizationFailure",
        "x-ms-request-id": "82185b12-701e-0001-2493-21851e000000",
        "x-ms-version": "2025-01-05"
      },
      "ResponseBody": [
        "\uFEFF<?xml version=\"1.0\" encoding=\"utf-8\"?><Error><Code>AuthorizationFailure</Code><Message>This request is not authorized to perform this operation.\n",
        "RequestId:82185b12-701e-0001-2493-21851e000000\n",
        "Time:2024-10-18T19:27:19.0464800Z</Message></Error>"
      ]
    }
  ],
  "Variables": {
    "DateTimeOffsetNow": "2024-10-18T12:27:17.6411575-07:00",
    "RandomSeed": "1743219046",
    "Storage_TestConfigDefault": "ProductionTenant\njalauzonnettest\nU2FuaXRpemVk\nhttps://jalauzonnettest.blob.core.windows.net\nhttps://jalauzonnettest.file.core.windows.net\nhttps://jalauzonnettest.queue.core.windows.net\nhttps://jalauzonnettest.table.core.windows.net\n\n\n\n\nhttps://jalauzonnettest-secondary.blob.core.windows.net\nhttps://jalauzonnettest-secondary.file.core.windows.net\nhttps://jalauzonnettest-secondary.queue.core.windows.net\nhttps://jalauzonnettest-secondary.table.core.windows.net\nCloud\nBlobEndpoint=https://jalauzonnettest.blob.core.windows.net/;QueueEndpoint=https://jalauzonnettest.queue.core.windows.net/;FileEndpoint=https://jalauzonnettest.file.core.windows.net/;BlobSecondaryEndpoint=https://jalauzonnettest-secondary.blob.core.windows.net/;QueueSecondaryEndpoint=https://jalauzonnettest-secondary.queue.core.windows.net/;FileSecondaryEndpoint=https://jalauzonnettest-secondary.file.core.windows.net/;AccountName=jalauzonnettest;AccountKey=Sanitized\ntestscope1\n\n"
  }
}
