{
  "Entries": [
    {
      "RequestUri": "https://Sanitized.api.azureml.ms/agents/v1.0/subscriptions/00000000-0000-0000-0000-000000000000/resourceGroups/00000/providers/Microsoft.MachineLearningServices/workspaces/00000/assistants?api-version=2024-12-01-preview",
      "RequestMethod": "POST",
      "RequestHeaders": {
        "Accept": "application/json",
        "Accept-Encoding": "gzip, deflate",
        "Connection": "keep-alive",
        "Content-Length": "80",
        "Content-Type": "application/json",
        "traceparent": "00-4a8b4f729e8cd54217b11ef23221c8c2-bbac8fac23cdf471-01",
        "User-Agent": "azsdk-python-ai-projects/1.0.0b7 Python/3.12.9 (Windows-11-10.0.26100-SP0)"
      },
      "RequestBody": {
        "instructions": "You are helpful agent",
        "model": "gpt-4o",
        "name": "my-agent"
      },
      "StatusCode": 200,
      "ResponseHeaders": {
        "apim-request-id": "101e866d-485b-4833-8394-50a0824f70f6",
        "Connection": "keep-alive",
        "Content-Encoding": "gzip",
        "Content-Type": "application/json",
        "Date": "Mon, 17 Mar 2025 03:20:19 GMT",
        "openai-organization": "03c7e0d285384abba9b5180569e595ea",
        "openai-processing-ms": "64",
        "openai-version": "2020-10-01",
        "Request-Context": "appId=cid-v1:2d2e8e63-272e-4b3c-8598-4ee570a0e70d",
        "Strict-Transport-Security": "max-age=31536000; includeSubDomains; preload",
        "Transfer-Encoding": "chunked",
        "Vary": "Accept-Encoding",
        "x-aml-cluster": "vienna-eastus2-01",
        "X-Content-Type-Options": "nosniff",
        "x-ms-middleware-request-id": "101e866d-485b-4833-8394-50a0824f70f6",
        "x-ms-region": "East US 2",
        "x-ms-response-type": "standard",
        "X-Request-ID": "91be8dc7ed7308a092616cc80a64579e",
        "x-request-time": "0.660"
      },
      "ResponseBody": {
        "id": "asst_aZAUmkvYfkc56kn2OerOgtCv",
        "object": "assistant",
        "created_at": 1742181619,
        "name": "my-agent",
        "description": null,
        "model": "gpt-4o",
        "instructions": "You are helpful agent",
        "tools": [],
        "top_p": 1.0,
        "temperature": 1.0,
        "tool_resources": {},
        "metadata": {},
        "response_format": "auto"
      }
    },
    {
      "RequestUri": "https://Sanitized.api.azureml.ms/agents/v1.0/subscriptions/00000000-0000-0000-0000-000000000000/resourceGroups/00000/providers/Microsoft.MachineLearningServices/workspaces/00000/threads?api-version=2024-12-01-preview",
      "RequestMethod": "POST",
      "RequestHeaders": {
        "Accept": "application/json",
        "Accept-Encoding": "gzip, deflate",
        "Connection": "keep-alive",
        "Content-Length": "2",
        "Content-Type": "application/json",
        "traceparent": "00-23bd4a26977bd88a17782dde1d149a5f-22c6c328f8449740-01",
        "User-Agent": "azsdk-python-ai-projects/1.0.0b7 Python/3.12.9 (Windows-11-10.0.26100-SP0)"
      },
      "RequestBody": {},
      "StatusCode": 200,
      "ResponseHeaders": {
        "apim-request-id": "048c78ca-a1fb-4469-b9ac-9da62d1300e0",
        "Connection": "keep-alive",
        "Content-Length": "137",
        "Content-Type": "application/json",
        "Date": "Mon, 17 Mar 2025 03:20:20 GMT",
        "openai-organization": "03c7e0d285384abba9b5180569e595ea",
        "openai-processing-ms": "71",
        "openai-version": "2020-10-01",
        "Request-Context": "appId=cid-v1:2d2e8e63-272e-4b3c-8598-4ee570a0e70d",
        "Strict-Transport-Security": "max-age=31536000; includeSubDomains; preload",
        "x-aml-cluster": "vienna-eastus2-01",
        "X-Content-Type-Options": "nosniff",
        "x-ms-middleware-request-id": "301f9b87-a4dc-41d2-a8f6-2c03e5895c5e",
        "x-ms-region": "East US 2",
        "x-ms-response-type": "standard",
        "X-Request-ID": "4e965a791071be188c7103e46d6b284b",
        "x-request-time": "0.321"
      },
      "ResponseBody": {
        "id": "thread_3EFTdBKxZRhAnmKyHixkjIBr",
        "object": "thread",
        "created_at": 1742181620,
        "metadata": {},
        "tool_resources": {}
      }
    },
    {
      "RequestUri": "https://Sanitized.api.azureml.ms/agents/v1.0/subscriptions/00000000-0000-0000-0000-000000000000/resourceGroups/00000/providers/Microsoft.MachineLearningServices/workspaces/00000/threads/thread_3EFTdBKxZRhAnmKyHixkjIBr/messages?api-version=2024-12-01-preview",
      "RequestMethod": "POST",
      "RequestHeaders": {
        "Accept": "application/json",
        "Accept-Encoding": "gzip, deflate",
        "Connection": "keep-alive",
        "Content-Length": "52",
        "Content-Type": "application/json",
        "traceparent": "00-92e19c87909ca36a5e2ca49e7531198a-1b191f462167f06e-01",
        "User-Agent": "azsdk-python-ai-projects/1.0.0b7 Python/3.12.9 (Windows-11-10.0.26100-SP0)"
      },
      "RequestBody": {
        "content": "Hello, tell me a joke",
        "role": "user"
      },
      "StatusCode": 200,
      "ResponseHeaders": {
        "apim-request-id": "7d70c6de-ed21-4817-b039-ea2e6d0b7e68",
        "Connection": "keep-alive",
        "Content-Encoding": "gzip",
        "Content-Type": "application/json",
        "Date": "Mon, 17 Mar 2025 03:20:20 GMT",
        "openai-organization": "03c7e0d285384abba9b5180569e595ea",
        "openai-processing-ms": "89",
        "openai-version": "2020-10-01",
        "Request-Context": "appId=cid-v1:2d2e8e63-272e-4b3c-8598-4ee570a0e70d",
        "Strict-Transport-Security": "max-age=31536000; includeSubDomains; preload",
        "Transfer-Encoding": "chunked",
        "Vary": "Accept-Encoding",
        "x-aml-cluster": "vienna-eastus2-01",
        "X-Content-Type-Options": "nosniff",
        "x-ms-middleware-request-id": "32e7288b-d978-4f2c-b646-23c75b7f13c0",
        "x-ms-region": "East US 2",
        "x-ms-response-type": "standard",
        "X-Request-ID": "1d84688846d900f0907507b8f566eb00",
        "x-request-time": "0.355"
      },
      "ResponseBody": {
        "id": "msg_eKOePK0l56EuPkOdRshLkwyh",
        "object": "thread.message",
        "created_at": 1742181620,
        "assistant_id": null,
        "thread_id": "thread_3EFTdBKxZRhAnmKyHixkjIBr",
        "run_id": null,
        "role": "user",
        "content": [
          {
            "type": "text",
            "text": {
              "value": "Hello, tell me a joke",
              "annotations": []
            }
          }
        ],
        "attachments": [],
        "metadata": {}
      }
    },
    {
      "RequestUri": "https://Sanitized.api.azureml.ms/agents/v1.0/subscriptions/00000000-0000-0000-0000-000000000000/resourceGroups/00000/providers/Microsoft.MachineLearningServices/workspaces/00000/threads/thread_3EFTdBKxZRhAnmKyHixkjIBr/runs?api-version=2024-12-01-preview",
      "RequestMethod": "POST",
      "RequestHeaders": {
        "Accept": "application/json",
        "Accept-Encoding": "gzip, deflate",
        "Connection": "keep-alive",
        "Content-Length": "66",
        "Content-Type": "application/json",
        "traceparent": "00-b9fb011f8ef9694b452701487ea9631d-70fc1b60a1e6b639-01",
        "User-Agent": "azsdk-python-ai-projects/1.0.0b7 Python/3.12.9 (Windows-11-10.0.26100-SP0)"
      },
      "RequestBody": {
        "assistant_id": "asst_aZAUmkvYfkc56kn2OerOgtCv",
        "stream": false
      },
      "StatusCode": 200,
      "ResponseHeaders": {
        "apim-request-id": "a30374e7-e647-457a-81dc-3f3f8eb79e5e",
        "Connection": "keep-alive",
        "Content-Encoding": "gzip",
        "Content-Type": "application/json",
        "Date": "Mon, 17 Mar 2025 03:20:21 GMT",
        "openai-organization": "03c7e0d285384abba9b5180569e595ea",
        "openai-processing-ms": "492",
        "openai-version": "2020-10-01",
        "Request-Context": "appId=cid-v1:2d2e8e63-272e-4b3c-8598-4ee570a0e70d",
        "Strict-Transport-Security": "max-age=31536000; includeSubDomains; preload",
        "Transfer-Encoding": "chunked",
        "Vary": "Accept-Encoding",
        "x-aml-cluster": "vienna-eastus2-01",
        "X-Content-Type-Options": "nosniff",
        "x-ms-middleware-request-id": "f49a7255-0e9e-4224-a036-d792fcaeb7e7",
        "x-ms-region": "East US 2",
        "x-ms-response-type": "standard",
        "X-Request-ID": "04d6d0c26fb7b1479326a3f7966512a7",
        "x-request-time": "0.861"
      },
      "ResponseBody": {
        "id": "run_Hx1kVzQ3Px8ZfPeVlZDgJrtD",
        "object": "thread.run",
        "created_at": 1742181621,
        "assistant_id": "asst_aZAUmkvYfkc56kn2OerOgtCv",
        "thread_id": "thread_3EFTdBKxZRhAnmKyHixkjIBr",
        "status": "queued",
        "started_at": null,
        "expires_at": 1742182221,
        "cancelled_at": null,
        "failed_at": null,
        "completed_at": null,
        "required_action": null,
        "last_error": null,
        "model": "gpt-4o",
        "instructions": "You are helpful agent",
        "tools": [],
        "tool_resources": {},
        "metadata": {},
        "temperature": 1.0,
        "top_p": 1.0,
        "max_completion_tokens": null,
        "max_prompt_tokens": null,
        "truncation_strategy": {
          "type": "auto",
          "last_messages": null
        },
        "incomplete_details": null,
        "usage": null,
        "response_format": "auto",
        "tool_choice": "auto",
        "parallel_tool_calls": true
      }
    },
    {
      "RequestUri": "https://Sanitized.api.azureml.ms/agents/v1.0/subscriptions/00000000-0000-0000-0000-000000000000/resourceGroups/00000/providers/Microsoft.MachineLearningServices/workspaces/00000/threads/thread_3EFTdBKxZRhAnmKyHixkjIBr/runs/Sanitized?api-version=2024-12-01-preview",
      "RequestMethod": "GET",
      "RequestHeaders": {
        "Accept": "application/json",
        "Accept-Encoding": "gzip, deflate",
        "Connection": "keep-alive",
        "traceparent": "00-d331e30c0d8667a9d97ad05c46897c5d-65d6e8e0d6cf9fa2-01",
        "User-Agent": "azsdk-python-ai-projects/1.0.0b7 Python/3.12.9 (Windows-11-10.0.26100-SP0)"
      },
      "RequestBody": null,
      "StatusCode": 200,
      "ResponseHeaders": {
        "apim-request-id": "4ab3d725-3a9a-4965-8e40-6d1f36971066",
        "Connection": "keep-alive",
        "Content-Encoding": "gzip",
        "Content-Type": "application/json",
        "Date": "Mon, 17 Mar 2025 03:20:23 GMT",
        "openai-organization": "03c7e0d285384abba9b5180569e595ea",
        "openai-processing-ms": "91",
        "openai-version": "2020-10-01",
        "Request-Context": "appId=cid-v1:2d2e8e63-272e-4b3c-8598-4ee570a0e70d",
        "Strict-Transport-Security": "max-age=31536000; includeSubDomains; preload",
        "Transfer-Encoding": "chunked",
        "Vary": "Accept-Encoding",
        "x-aml-cluster": "vienna-eastus2-01",
        "X-Content-Type-Options": "nosniff",
        "x-ms-middleware-request-id": "7fcbfe75-7406-4058-a7b5-a48c5984835e",
        "x-ms-region": "East US 2",
        "x-ms-response-type": "standard",
        "X-Request-ID": "0473a49e1ab0823c3181f450eb704b80",
        "x-request-time": "0.346"
      },
      "ResponseBody": {
        "id": "run_Hx1kVzQ3Px8ZfPeVlZDgJrtD",
        "object": "thread.run",
        "created_at": 1742181621,
        "assistant_id": "asst_aZAUmkvYfkc56kn2OerOgtCv",
        "thread_id": "thread_3EFTdBKxZRhAnmKyHixkjIBr",
        "status": "in_progress",
        "started_at": 1742181622,
        "expires_at": 1742182221,
        "cancelled_at": null,
        "failed_at": null,
        "completed_at": null,
        "required_action": null,
        "last_error": null,
        "model": "gpt-4o",
        "instructions": "You are helpful agent",
        "tools": [],
        "tool_resources": {},
        "metadata": {},
        "temperature": 1.0,
        "top_p": 1.0,
        "max_completion_tokens": null,
        "max_prompt_tokens": null,
        "truncation_strategy": {
          "type": "auto",
          "last_messages": null
        },
        "incomplete_details": null,
        "usage": null,
        "response_format": "auto",
        "tool_choice": "auto",
        "parallel_tool_calls": true
      }
    },
    {
      "RequestUri": "https://Sanitized.api.azureml.ms/agents/v1.0/subscriptions/00000000-0000-0000-0000-000000000000/resourceGroups/00000/providers/Microsoft.MachineLearningServices/workspaces/00000/threads/thread_3EFTdBKxZRhAnmKyHixkjIBr/runs/Sanitized?api-version=2024-12-01-preview",
      "RequestMethod": "GET",
      "RequestHeaders": {
        "Accept": "application/json",
        "Accept-Encoding": "gzip, deflate",
        "Connection": "keep-alive",
        "traceparent": "00-7ef5259535fb939a62bec0f2aafcb01b-991d72f282b476b0-01",
        "User-Agent": "azsdk-python-ai-projects/1.0.0b7 Python/3.12.9 (Windows-11-10.0.26100-SP0)"
      },
      "RequestBody": null,
      "StatusCode": 200,
      "ResponseHeaders": {
        "apim-request-id": "e413d522-1d13-4e28-a4f4-7c659e9c5013",
        "Connection": "keep-alive",
        "Content-Encoding": "gzip",
        "Content-Type": "application/json",
        "Date": "Mon, 17 Mar 2025 03:20:24 GMT",
        "openai-organization": "03c7e0d285384abba9b5180569e595ea",
        "openai-processing-ms": "469",
        "openai-version": "2020-10-01",
        "Request-Context": "appId=cid-v1:2d2e8e63-272e-4b3c-8598-4ee570a0e70d",
        "Strict-Transport-Security": "max-age=31536000; includeSubDomains; preload",
        "Transfer-Encoding": "chunked",
        "Vary": "Accept-Encoding",
        "x-aml-cluster": "vienna-eastus2-01",
        "X-Content-Type-Options": "nosniff",
        "x-ms-middleware-request-id": "8f272e1b-ecbd-4378-93b9-331360f918ba",
        "x-ms-region": "East US 2",
        "x-ms-response-type": "standard",
        "X-Request-ID": "c884669cbb62149506200e51690524fc",
        "x-request-time": "0.659"
      },
      "ResponseBody": {
        "id": "run_Hx1kVzQ3Px8ZfPeVlZDgJrtD",
        "object": "thread.run",
        "created_at": 1742181621,
        "assistant_id": "asst_aZAUmkvYfkc56kn2OerOgtCv",
        "thread_id": "thread_3EFTdBKxZRhAnmKyHixkjIBr",
        "status": "completed",
        "started_at": 1742181622,
        "expires_at": null,
        "cancelled_at": null,
        "failed_at": null,
        "completed_at": 1742181623,
        "required_action": null,
        "last_error": null,
        "model": "gpt-4o",
        "instructions": "You are helpful agent",
        "tools": [],
        "tool_resources": {},
        "metadata": {},
        "temperature": 1.0,
        "top_p": 1.0,
        "max_completion_tokens": null,
        "max_prompt_tokens": null,
        "truncation_strategy": {
          "type": "auto",
          "last_messages": null
        },
        "incomplete_details": null,
        "usage": {
          "prompt_tokens": 57,
          "completion_tokens": 28,
          "total_tokens": 85,
          "prompt_token_details": {
            "cached_tokens": 0
          }
        },
        "response_format": "auto",
        "tool_choice": "auto",
        "parallel_tool_calls": true
      }
    },
    {
      "RequestUri": "https://Sanitized.api.azureml.ms/agents/v1.0/subscriptions/00000000-0000-0000-0000-000000000000/resourceGroups/00000/providers/Microsoft.MachineLearningServices/workspaces/00000/assistants/asst_aZAUmkvYfkc56kn2OerOgtCv?api-version=2024-12-01-preview",
      "RequestMethod": "DELETE",
      "RequestHeaders": {
        "Accept": "application/json",
        "Accept-Encoding": "gzip, deflate",
        "Connection": "keep-alive",
        "Content-Length": "0",
        "traceparent": "00-27005daf23f2903c03e1edefeebdabb5-1fdaef2c8436f9a9-01",
        "User-Agent": "azsdk-python-ai-projects/1.0.0b7 Python/3.12.9 (Windows-11-10.0.26100-SP0)"
      },
      "RequestBody": null,
      "StatusCode": 200,
      "ResponseHeaders": {
        "apim-request-id": "5535ad8e-13aa-44bd-a06e-1f2b0c2483fa",
        "Connection": "keep-alive",
        "Content-Length": "95",
        "Content-Type": "application/json",
        "Date": "Mon, 17 Mar 2025 03:20:25 GMT",
        "openai-organization": "03c7e0d285384abba9b5180569e595ea",
        "openai-processing-ms": "718",
        "openai-version": "2020-10-01",
        "Request-Context": "appId=cid-v1:2d2e8e63-272e-4b3c-8598-4ee570a0e70d",
        "Strict-Transport-Security": "max-age=31536000; includeSubDomains; preload",
        "x-aml-cluster": "vienna-eastus2-01",
        "X-Content-Type-Options": "nosniff",
        "x-ms-middleware-request-id": "e8fc8efb-39aa-4750-8a85-15417cbdd014",
        "x-ms-region": "East US 2",
        "x-ms-response-type": "standard",
        "X-Request-ID": "4bcf0145270f965b2cc0b538f09024f3",
        "x-request-time": "0.929"
      },
      "ResponseBody": {
        "id": "asst_aZAUmkvYfkc56kn2OerOgtCv",
        "object": "assistant.deleted",
        "deleted": true
      }
    },
    {
      "RequestUri": "https://Sanitized.api.azureml.ms/agents/v1.0/subscriptions/00000000-0000-0000-0000-000000000000/resourceGroups/00000/providers/Microsoft.MachineLearningServices/workspaces/00000/threads/thread_3EFTdBKxZRhAnmKyHixkjIBr/messages?api-version=2024-12-01-preview",
      "RequestMethod": "GET",
      "RequestHeaders": {
        "Accept": "application/json",
        "Accept-Encoding": "gzip, deflate",
        "Connection": "keep-alive",
        "traceparent": "00-b3a84450d9b6e016c87e28fbd4a054a6-ba3a606dd26f51a9-01",
        "User-Agent": "azsdk-python-ai-projects/1.0.0b7 Python/3.12.9 (Windows-11-10.0.26100-SP0)"
      },
      "RequestBody": null,
      "StatusCode": 200,
      "ResponseHeaders": {
        "apim-request-id": "fb7ea273-425e-440d-9a37-4fe57fda051b",
        "Connection": "keep-alive",
        "Content-Encoding": "gzip",
        "Content-Type": "application/json",
        "Date": "Mon, 17 Mar 2025 03:20:26 GMT",
        "openai-organization": "03c7e0d285384abba9b5180569e595ea",
        "openai-processing-ms": "73",
        "openai-version": "2020-10-01",
        "Request-Context": "appId=cid-v1:2d2e8e63-272e-4b3c-8598-4ee570a0e70d",
        "Strict-Transport-Security": "max-age=31536000; includeSubDomains; preload",
        "Transfer-Encoding": "chunked",
        "Vary": "Accept-Encoding",
        "x-aml-cluster": "vienna-eastus2-01",
        "X-Content-Type-Options": "nosniff",
        "x-ms-middleware-request-id": "35f2aa85-efbe-4f2c-851e-17a14e8e1b3f",
        "x-ms-region": "East US 2",
        "x-ms-response-type": "standard",
        "X-Request-ID": "c9b4cfe5348ce594661a6066be92a20b",
        "x-request-time": "0.396"
      },
      "ResponseBody": {
        "object": "list",
        "data": [
          {
            "id": "msg_yrSEdpvDMWzhEK0NKkN54Ptg",
            "object": "thread.message",
            "created_at": 1742181623,
            "assistant_id": "asst_aZAUmkvYfkc56kn2OerOgtCv",
            "thread_id": "thread_3EFTdBKxZRhAnmKyHixkjIBr",
            "run_id": "run_Hx1kVzQ3Px8ZfPeVlZDgJrtD",
            "role": "assistant",
            "content": [
              {
                "type": "text",
                "text": {
                  "value": "Of course! Here's a lighthearted one:\n\nWhy don't skeletons fight each other?\n\nBecause they don’t have the guts! \uD83D\uDE0A",
                  "annotations": []
                }
              }
            ],
            "attachments": [],
            "metadata": {}
          },
          {
            "id": "msg_eKOePK0l56EuPkOdRshLkwyh",
            "object": "thread.message",
            "created_at": 1742181620,
            "assistant_id": null,
            "thread_id": "thread_3EFTdBKxZRhAnmKyHixkjIBr",
            "run_id": null,
            "role": "user",
            "content": [
              {
                "type": "text",
                "text": {
                  "value": "Hello, tell me a joke",
                  "annotations": []
                }
              }
            ],
            "attachments": [],
            "metadata": {}
          }
        ],
        "first_id": "msg_yrSEdpvDMWzhEK0NKkN54Ptg",
        "last_id": "msg_eKOePK0l56EuPkOdRshLkwyh",
        "has_more": false
      }
    }
  ],
  "Variables": {}
}
