{
  "Entries": [
    {
      "RequestUri": "https://javatextanalyticstestresources.cognitiveservices.azure.com/language/analyze-text/jobs?api-version=2023-04-01",
      "RequestMethod": "POST",
      "RequestHeaders": {
        "Accept": "application/json",
        "Content-Length": "567",
        "Content-Type": "application/json",
        "Ocp-Apim-Subscription-Key": "Sanitized",
        "traceparent": "00-da33836d05a5181be1ebdc1c844b3089-36d53a98b316f0a7-00",
        "User-Agent": "azsdk-net-AI.TextAnalytics/5.3.0-alpha.20230601.1 (.NET 7.0.5; Microsoft Windows 10.0.22621)",
        "x-ms-client-request-id": "d73c10f2c251e1b0392eecb9fbb43028",
        "x-ms-return-client-request-id": "true"
      },
      "RequestBody": {
        "analysisInput": {
          "documents": [
            {
              "id": "1",
              "text": "I need a reservation for an indoor restaurant in China. Please don\u0027t stop the music. Play music and add it to my playlist",
              "language": "en"
            },
            {
              "id": "2",
              "text": "David Schmidt, senior vice president--Food Safety, International Food Information Council (IFIC), Washington, D.C., discussed the physical activity component.",
              "language": "en"
            }
          ]
        },
        "tasks": [
          {
            "parameters": {
              "projectName": "7cdace98-537b-494a-b69a-c19754718025",
              "deploymentName": "7cdace98-537b-494a-b69a-c19754718025"
            },
            "kind": "CustomMultiLabelClassification"
          }
        ]
      },
      "StatusCode": 202,
      "ResponseHeaders": {
        "apim-request-id": "2990ed48-58d1-4db7-95e2-f96b8f3052c6",
        "Content-Length": "0",
        "Date": "Fri, 02 Jun 2023 04:03:26 GMT",
        "operation-location": "https://javatextanalyticstestresources.cognitiveservices.azure.com/language/analyze-text/jobs/8219093b-7218-4d63-bccc-54e445ce1ae1?api-version=2023-04-01",
        "Strict-Transport-Security": "max-age=31536000; includeSubDomains; preload",
        "X-Content-Type-Options": "nosniff",
        "x-envoy-upstream-service-time": "198",
        "x-ms-region": "West US 2"
      },
      "ResponseBody": null
    },
    {
      "RequestUri": "https://javatextanalyticstestresources.cognitiveservices.azure.com/language/analyze-text/jobs/8219093b-7218-4d63-bccc-54e445ce1ae1?api-version=2023-04-01",
      "RequestMethod": "GET",
      "RequestHeaders": {
        "Accept": "application/json",
        "Ocp-Apim-Subscription-Key": "Sanitized",
        "User-Agent": "azsdk-net-AI.TextAnalytics/5.3.0-alpha.20230601.1 (.NET 7.0.5; Microsoft Windows 10.0.22621)",
        "x-ms-client-request-id": "750389ff37a44c8a46091c3e3ef6557b",
        "x-ms-return-client-request-id": "true"
      },
      "RequestBody": null,
      "StatusCode": 200,
      "ResponseHeaders": {
        "apim-request-id": "565d2dd2-9ffa-4200-a4cd-5a783efa1dc6",
        "Content-Length": "283",
        "Content-Type": "application/json; charset=utf-8",
        "Date": "Fri, 02 Jun 2023 04:03:26 GMT",
        "Strict-Transport-Security": "max-age=31536000; includeSubDomains; preload",
        "X-Content-Type-Options": "nosniff",
        "x-envoy-upstream-service-time": "6",
        "x-ms-region": "West US 2"
      },
      "ResponseBody": {
        "jobId": "8219093b-7218-4d63-bccc-54e445ce1ae1",
        "lastUpdatedDateTime": "2023-06-02T04:03:27Z",
        "createdDateTime": "2023-06-02T04:03:27Z",
        "expirationDateTime": "2023-06-03T04:03:27Z",
        "status": "notStarted",
        "errors": [],
        "tasks": {
          "completed": 0,
          "failed": 0,
          "inProgress": 1,
          "total": 1,
          "items": []
        }
      }
    },
    {
      "RequestUri": "https://javatextanalyticstestresources.cognitiveservices.azure.com/language/analyze-text/jobs/8219093b-7218-4d63-bccc-54e445ce1ae1?api-version=2023-04-01",
      "RequestMethod": "GET",
      "RequestHeaders": {
        "Accept": "application/json",
        "Ocp-Apim-Subscription-Key": "Sanitized",
        "User-Agent": "azsdk-net-AI.TextAnalytics/5.3.0-alpha.20230601.1 (.NET 7.0.5; Microsoft Windows 10.0.22621)",
        "x-ms-client-request-id": "ff68e2335fd8851ce0eecc1d7e5afdcc",
        "x-ms-return-client-request-id": "true"
      },
      "RequestBody": null,
      "StatusCode": 200,
      "ResponseHeaders": {
        "apim-request-id": "ad342475-8c8b-46ae-a960-f09da993baee",
        "Content-Length": "677",
        "Content-Type": "application/json; charset=utf-8",
        "Date": "Fri, 02 Jun 2023 04:03:37 GMT",
        "Strict-Transport-Security": "max-age=31536000; includeSubDomains; preload",
        "X-Content-Type-Options": "nosniff",
        "x-envoy-upstream-service-time": "207",
        "x-ms-region": "West US 2"
      },
      "ResponseBody": {
        "jobId": "8219093b-7218-4d63-bccc-54e445ce1ae1",
        "lastUpdatedDateTime": "2023-06-02T04:03:27Z",
        "createdDateTime": "2023-06-02T04:03:27Z",
        "expirationDateTime": "2023-06-03T04:03:27Z",
        "status": "succeeded",
        "errors": [],
        "tasks": {
          "completed": 1,
          "failed": 0,
          "inProgress": 0,
          "total": 1,
          "items": [
            {
              "kind": "CustomMultiLabelClassificationLROResults",
              "lastUpdateDateTime": "2023-06-02T04:03:27.8198956Z",
              "status": "succeeded",
              "results": {
                "documents": [
                  {
                    "id": "1",
                    "class": [
                      {
                        "category": "BookRestaurant",
                        "confidenceScore": 0.97
                      }
                    ],
                    "warnings": []
                  },
                  {
                    "id": "2",
                    "class": [],
                    "warnings": []
                  }
                ],
                "errors": [],
                "projectName": "7cdace98-537b-494a-b69a-c19754718025",
                "deploymentName": "7cdace98-537b-494a-b69a-c19754718025"
              }
            }
          ]
        }
      }
    }
  ],
  "Variables": {
    "AZURE_AUTHORITY_HOST": null,
    "RandomSeed": "1213768822",
    "TEXTANALYTICS_MULTI_CATEGORY_CLASSIFY_DEPLOYMENT_NAME": "7cdace98-537b-494a-b69a-c19754718025",
    "TEXTANALYTICS_MULTI_CATEGORY_CLASSIFY_PROJECT_NAME": "7cdace98-537b-494a-b69a-c19754718025",
    "TEXTANALYTICS_STATIC_API_KEY": "Sanitized",
    "TEXTANALYTICS_STATIC_ENDPOINT": "https://javatextanalyticstestresources.cognitiveservices.azure.com"
  }
}
