{
  "Entries": [
    {
      "RequestUri": "https://Sanitized/identities?api-version=2023-10-01",
      "RequestMethod": "POST",
      "RequestHeaders": {
        "Accept": "application/json",
        "Accept-Encoding": "gzip,deflate",
        "Authorization": "Sanitized",
        "Connection": "keep-alive",
        "Content-Length": "0",
        "Content-Type": "application/json",
        "User-Agent": "azsdk-js-communication-identity/1.3.2 core-rest-pipeline/1.18.3 Node/20.11.0 OS/(x64-Windows_NT-10.0.26100)",
        "x-ms-client-request-id": "Sanitized",
        "x-ms-content-sha256": "Sanitized",
        "x-ms-date": "Wed, 05 Mar 2025 09:00:06 GMT"
      },
      "RequestBody": null,
      "StatusCode": 201,
      "ResponseHeaders": {
        "api-supported-versions": "2020-07-20-preview2, 2021-03-07, 2021-10-31-preview, 2021-11-01, 2022-06-01, 2022-10-01, 2023-10-01, 2025-04-01-preview",
        "Connection": "keep-alive",
        "Content-Length": "101",
        "Content-Type": "application/json; charset=utf-8",
        "Date": "Wed, 05 Mar 2025 09:00:05 GMT",
        "MS-CV": "Sanitized",
        "Request-Context": "appId=",
        "Strict-Transport-Security": "max-age=31536000;includeSubDomains",
        "x-azure-ref": "Sanitized",
        "X-Cache": "CONFIG_NOCACHE",
        "x-ms-client-request-id": "Sanitized",
        "X-Processing-Time": "14ms"
      },
      "ResponseBody": {
        "identity": {
          "id": "8:acs:00000000-0000-0000-0000-000000000000_00000000-0000-0000-0000-000000000000"
        }
      }
    },
    {
      "RequestUri": "https://Sanitized/identities?api-version=2023-10-01",
      "RequestMethod": "POST",
      "RequestHeaders": {
        "Accept": "application/json",
        "Accept-Encoding": "gzip,deflate",
        "Authorization": "Sanitized",
        "Connection": "keep-alive",
        "Content-Length": "0",
        "Content-Type": "application/json",
        "User-Agent": "azsdk-js-communication-identity/1.3.2 core-rest-pipeline/1.18.3 Node/20.11.0 OS/(x64-Windows_NT-10.0.26100)",
        "x-ms-client-request-id": "Sanitized",
        "x-ms-content-sha256": "Sanitized",
        "x-ms-date": "Wed, 05 Mar 2025 09:00:06 GMT"
      },
      "RequestBody": null,
      "StatusCode": 201,
      "ResponseHeaders": {
        "api-supported-versions": "2020-07-20-preview2, 2021-03-07, 2021-10-31-preview, 2021-11-01, 2022-06-01, 2022-10-01, 2023-10-01, 2025-04-01-preview",
        "Connection": "keep-alive",
        "Content-Length": "101",
        "Content-Type": "application/json; charset=utf-8",
        "Date": "Wed, 05 Mar 2025 09:00:06 GMT",
        "MS-CV": "Sanitized",
        "Request-Context": "appId=",
        "Strict-Transport-Security": "max-age=31536000;includeSubDomains",
        "x-azure-ref": "Sanitized",
        "X-Cache": "CONFIG_NOCACHE",
        "x-ms-client-request-id": "Sanitized",
        "X-Processing-Time": "14ms"
      },
      "ResponseBody": {
        "identity": {
          "id": "8:acs:00000000-0000-0000-0000-000000000000_00000000-0000-0000-0000-000000000000"
        }
      }
    },
    {
      "RequestUri": "https://Sanitized/calling/callConnections?api-version=2024-09-01-preview",
      "RequestMethod": "POST",
      "RequestHeaders": {
        "Accept": "application/json",
        "Accept-Encoding": "gzip,deflate",
        "Authorization": "Sanitized",
        "Connection": "keep-alive",
        "Content-Length": "669",
        "Content-Type": "application/json",
        "Repeatability-First-Sent": "Sanitized",
        "Repeatability-Request-ID": "Sanitized",
        "User-Agent": "azsdk-js-communication-call-automation/1.4.0-beta.2 core-rest-pipeline/1.18.3 Node/20.11.0 OS/(x64-Windows_NT-10.0.26100)",
        "x-ms-client-request-id": "Sanitized",
        "x-ms-content-sha256": "Sanitized",
        "x-ms-date": "Wed, 05 Mar 2025 09:00:09 GMT"
      },
      "RequestBody": {
        "targets": [
          {
            "kind": "communicationUser",
            "rawId": "8:acs:00000000-0000-0000-0000-000000000000_00000000-0000-0000-0000-000000000000",
            "communicationUser": {
              "id": "8:acs:00000000-0000-0000-0000-000000000000_00000000-0000-0000-0000-000000000000"
            }
          }
        ],
        "source": {
          "id": "8:acs:00000000-0000-0000-0000-000000000000_00000000-0000-0000-0000-000000000000"
        },
        "operationContext": "playMultipleSourcesCreateCall",
        "callbackUri": "https://Sanitized/api/servicebuscallback/events?q=8acs00000000-0000-0000-0000-000000000000_00000000-0000-0000-0000-0000000000008acs00000000-0000-0000-0000-000000000000_00000000-0000-0000-0000-000000000000",
        "customCallingContext": {
          "voipHeaders": {},
          "sipHeaders": {}
        }
      },
      "StatusCode": 201,
      "ResponseHeaders": {
        "Connection": "keep-alive",
        "Content-Length": "1120",
        "Content-Type": "application/json; charset=utf-8",
        "Date": "Wed, 05 Mar 2025 09:00:09 GMT",
        "Strict-Transport-Security": "max-age=31536000;includeSubDomains",
        "x-azure-ref": "Sanitized",
        "X-Cache": "CONFIG_NOCACHE",
        "X-Microsoft-Skype-Chain-ID": "409748df-265e-4c09-a578-8733d76a834c",
        "X-Microsoft-Skype-Client": "azsdk-js-communication-call-automation/1.4.0-beta.2 core-rest-pipeline/1.18.3 Node/20.11.0 OS/(x64-Windows_NT-10.0.26100)",
        "x-ms-client-request-id": "Sanitized"
      },
      "ResponseBody": {
        "callConnectionId": "05002680-8ef1-4a11-adaa-9f6eef135a8b",
        "targets": [
          {
            "rawId": "8:acs:00000000-0000-0000-0000-000000000000_00000000-0000-0000-0000-000000000000",
            "kind": "communicationUser",
            "communicationUser": {
              "id": "8:acs:00000000-0000-0000-0000-000000000000_00000000-0000-0000-0000-000000000000"
            }
          }
        ],
        "callConnectionState": "connecting",
        "callbackUri": "https://Sanitized/api/servicebuscallback/events?q=8acs00000000-0000-0000-0000-000000000000_00000000-0000-0000-0000-0000000000008acs00000000-0000-0000-0000-000000000000_00000000-0000-0000-0000-000000000000",
        "sourceDisplayName": "",
        "source": {
          "rawId": "8:acs:00000000-0000-0000-0000-000000000000_00000000-0000-0000-0000-000000000000",
          "kind": "communicationUser",
          "communicationUser": {
            "id": "8:acs:00000000-0000-0000-0000-000000000000_00000000-0000-0000-0000-000000000000"
          }
        },
        "correlationId": "409748df-265e-4c09-a578-8733d76a834c",
        "mediaSubscriptionId": "4299f23c-be64-455a-9d81-178bb2914239",
        "dataSubscriptionId": "51b34d25-c0a1-4fa5-ad95-71ce079e1258",
        "mediaStreamingSubscription": {
          "id": "4299f23c-be64-455a-9d81-178bb2914239",
          "state": "disabled",
          "subscribedContentTypes": [
            "audio"
          ]
        }
      }
    },
    {
      "RequestUri": "https://Sanitized/calling/callConnections:answer?api-version=2024-09-01-preview",
      "RequestMethod": "POST",
      "RequestHeaders": {
        "Accept": "application/json",
        "Accept-Encoding": "gzip,deflate",
        "Authorization": "Sanitized",
        "Connection": "keep-alive",
        "Content-Length": "467",
        "Content-Type": "application/json",
        "Repeatability-First-Sent": "Sanitized",
        "Repeatability-Request-ID": "Sanitized",
        "User-Agent": "azsdk-js-communication-call-automation/1.4.0-beta.2 core-rest-pipeline/1.18.3 Node/20.11.0 OS/(x64-Windows_NT-10.0.26100)",
        "x-ms-client-request-id": "Sanitized",
        "x-ms-content-sha256": "Sanitized",
        "x-ms-date": "Wed, 05 Mar 2025 09:00:14 GMT"
      },
      "RequestBody": {
        "incomingCallContext": "Sanitized",
        "callbackUri": "https://Sanitized/api/servicebuscallback/events?q=8acs00000000-0000-0000-0000-000000000000_00000000-0000-0000-0000-0000000000008acs00000000-0000-0000-0000-000000000000_00000000-0000-0000-0000-000000000000",
        "customCallingContext": {
          "voipHeaders": {},
          "sipHeaders": {}
        },
        "operationContext": "playMultipleSourcesAnswerCall",
        "answeredBy": {
          "id": "8:acs:00000000-0000-0000-0000-000000000000_00000000-0000-0000-0000-000000000000"
        }
      },
      "StatusCode": 200,
      "ResponseHeaders": {
        "Accept-Ranges": "bytes",
        "Connection": "keep-alive",
        "Content-Length": "1226",
        "Content-Type": "application/json; charset=utf-8",
        "Date": "Wed, 05 Mar 2025 09:00:14 GMT",
        "Strict-Transport-Security": "max-age=31536000;includeSubDomains",
        "x-azure-ref": "Sanitized",
        "X-Cache": "CONFIG_NOCACHE",
        "X-Microsoft-Skype-Chain-ID": "409748df-265e-4c09-a578-8733d76a834c",
        "X-Microsoft-Skype-Client": "azsdk-js-communication-call-automation/1.4.0-beta.2 core-rest-pipeline/1.18.3 Node/20.11.0 OS/(x64-Windows_NT-10.0.26100)",
        "x-ms-client-request-id": "Sanitized"
      },
      "ResponseBody": {
        "callConnectionId": "05002680-74c8-4e2a-8b0e-f62c70428829",
        "serverCallId": "Sanitized",
        "targets": [
          {
            "rawId": "8:acs:00000000-0000-0000-0000-000000000000_00000000-0000-0000-0000-000000000000",
            "kind": "communicationUser",
            "communicationUser": {
              "id": "8:acs:00000000-0000-0000-0000-000000000000_00000000-0000-0000-0000-000000000000"
            }
          }
        ],
        "callConnectionState": "connecting",
        "callbackUri": "https://Sanitized/api/servicebuscallback/events?q=8acs00000000-0000-0000-0000-000000000000_00000000-0000-0000-0000-0000000000008acs00000000-0000-0000-0000-000000000000_00000000-0000-0000-0000-000000000000",
        "source": {
          "rawId": "8:acs:00000000-0000-0000-0000-000000000000_00000000-0000-0000-0000-000000000000",
          "kind": "communicationUser",
          "communicationUser": {
            "id": "8:acs:00000000-0000-0000-0000-000000000000_00000000-0000-0000-0000-000000000000"
          }
        },
        "correlationId": "409748df-265e-4c09-a578-8733d76a834c",
        "answeredBy": {
          "id": "8:acs:00000000-0000-0000-0000-000000000000_00000000-0000-0000-0000-000000000000"
        },
        "mediaSubscriptionId": "de4ef112-0808-4d49-a51c-055c1d268bc1",
        "dataSubscriptionId": "96c02e48-f224-4706-a0da-fe72b8f9cde2",
        "mediaStreamingSubscription": {
          "id": "de4ef112-0808-4d49-a51c-055c1d268bc1",
          "state": "disabled",
          "subscribedContentTypes": [
            "audio"
          ]
        }
      }
    },
    {
      "RequestUri": "https://Sanitized/calling/callConnections/05002680-8ef1-4a11-adaa-9f6eef135a8b:play?api-version=2024-09-01-preview",
      "RequestMethod": "POST",
      "RequestHeaders": {
        "Accept": "application/json",
        "Accept-Encoding": "gzip,deflate",
        "Authorization": "Sanitized",
        "Connection": "keep-alive",
        "Content-Length": "306",
        "Content-Type": "application/json",
        "User-Agent": "azsdk-js-communication-call-automation/1.4.0-beta.2 core-rest-pipeline/1.18.3 Node/20.11.0 OS/(x64-Windows_NT-10.0.26100)",
        "x-ms-client-request-id": "Sanitized",
        "x-ms-content-sha256": "Sanitized",
        "x-ms-date": "Wed, 05 Mar 2025 09:00:16 GMT"
      },
      "RequestBody": {
        "playSources": [
          {
            "kind": "file",
            "file": {
              "uri": "https:///Sanitized/audio/test.wav"
            }
          },
          {
            "kind": "file",
            "file": {
              "uri": "https:///Sanitized/audio/test.wav"
            }
          },
          {
            "kind": "file",
            "file": {
              "uri": "https:///Sanitized/audio/test.wav"
            }
          }
        ],
        "playTo": [],
        "playOptions": {
          "loop": false
        },
        "operationContext": "multipleFileSourceContext"
      },
      "StatusCode": 202,
      "ResponseHeaders": {
        "Connection": "keep-alive",
        "Content-Length": "0",
        "Date": "Wed, 05 Mar 2025 09:00:16 GMT",
        "Strict-Transport-Security": "max-age=31536000;includeSubDomains",
        "x-azure-ref": "Sanitized",
        "X-Cache": "CONFIG_NOCACHE",
        "X-Microsoft-Skype-Chain-ID": "409748df-265e-4c09-a578-8733d76a834c",
        "X-Microsoft-Skype-Client": "azsdk-js-communication-call-automation/1.4.0-beta.2 core-rest-pipeline/1.18.3 Node/20.11.0 OS/(x64-Windows_NT-10.0.26100)",
        "x-ms-client-request-id": "Sanitized"
      },
      "ResponseBody": null
    },
    {
      "RequestUri": "https://Sanitized/calling/callConnections/05002680-8ef1-4a11-adaa-9f6eef135a8b:play?api-version=2024-09-01-preview",
      "RequestMethod": "POST",
      "RequestHeaders": {
        "Accept": "application/json",
        "Accept-Encoding": "gzip,deflate",
        "Authorization": "Sanitized",
        "Connection": "keep-alive",
        "Content-Length": "541",
        "Content-Type": "application/json",
        "User-Agent": "azsdk-js-communication-call-automation/1.4.0-beta.2 core-rest-pipeline/1.18.3 Node/20.11.0 OS/(x64-Windows_NT-10.0.26100)",
        "x-ms-client-request-id": "Sanitized",
        "x-ms-content-sha256": "Sanitized",
        "x-ms-date": "Wed, 05 Mar 2025 09:00:31 GMT"
      },
      "RequestBody": {
        "playSources": [
          {
            "kind": "file",
            "file": {
              "uri": "https:///Sanitized/audio/test.wav"
            }
          },
          {
            "kind": "file",
            "file": {
              "uri": "https:///Sanitized/audio/test.wav"
            }
          },
          {
            "kind": "file",
            "file": {
              "uri": "https:///Sanitized/audio/test.wav"
            }
          }
        ],
        "playTo": [
          {
            "rawId": "8:acs:00000000-0000-0000-0000-000000000000_00000000-0000-0000-0000-000000000000",
            "communicationUser": {
              "id": "8:acs:00000000-0000-0000-0000-000000000000_00000000-0000-0000-0000-000000000000"
            }
          }
        ],
        "playOptions": {
          "loop": false,
          "interruptHoldAudio": false
        },
        "operationContext": "multipleFileSourceToTargetContext"
      },
      "StatusCode": 202,
      "ResponseHeaders": {
        "Connection": "keep-alive",
        "Content-Length": "0",
        "Date": "Wed, 05 Mar 2025 09:00:32 GMT",
        "Strict-Transport-Security": "max-age=31536000;includeSubDomains",
        "x-azure-ref": "Sanitized",
        "X-Cache": "CONFIG_NOCACHE",
        "X-Microsoft-Skype-Chain-ID": "409748df-265e-4c09-a578-8733d76a834c",
        "X-Microsoft-Skype-Client": "azsdk-js-communication-call-automation/1.4.0-beta.2 core-rest-pipeline/1.18.3 Node/20.11.0 OS/(x64-Windows_NT-10.0.26100)",
        "x-ms-client-request-id": "Sanitized"
      },
      "ResponseBody": null
    }
  ],
  "Variables": {}
}
