{
  "Entries": [
    {
      "RequestUri": "https://Sanitized/identities?api-version=2025-03-02-preview",
      "RequestMethod": "POST",
      "RequestHeaders": {
        "Accept": "application/json",
        "Accept-Encoding": "gzip,deflate",
        "Authorization": "Sanitized",
        "Connection": "keep-alive",
        "Content-Length": "0",
        "Content-Type": "application/json",
        "User-Agent": "azsdk-js-communication-identity/1.3.2 core-rest-pipeline/1.21.0 Node/22.14.0 OS/(x64-Windows_NT-10.0.26100)",
        "x-ms-client-request-id": "Sanitized",
        "x-ms-content-sha256": "Sanitized",
        "x-ms-date": "Fri, 18 Jul 2025 05:44:36 GMT"
      },
      "RequestBody": null,
      "StatusCode": 201,
      "ResponseHeaders": {
        "api-supported-versions": "2020-07-20-preview2, 2021-03-07, 2021-10-31-preview, 2021-11-01, 2022-06-01, 2022-10-01, 2023-10-01, 2025-03-02-preview, 2025-06-30",
        "Connection": "keep-alive",
        "Content-Length": "101",
        "Content-Type": "application/json; charset=utf-8",
        "Date": "Fri, 18 Jul 2025 05:44:37 GMT",
        "MS-CV": "Sanitized",
        "Request-Context": "appId=",
        "Strict-Transport-Security": "max-age=31536000;includeSubDomains",
        "x-azure-ref": "Sanitized",
        "X-Cache": "CONFIG_NOCACHE",
        "x-ms-client-request-id": "Sanitized",
        "X-Processing-Time": "14ms"
      },
      "ResponseBody": {
        "identity": {
          "id": "8:acs:00000000-0000-0000-0000-000000000000_00000000-0000-0000-0000-000000000000"
        }
      }
    },
    {
      "RequestUri": "https://Sanitized/identities?api-version=2025-03-02-preview",
      "RequestMethod": "POST",
      "RequestHeaders": {
        "Accept": "application/json",
        "Accept-Encoding": "gzip,deflate",
        "Authorization": "Sanitized",
        "Connection": "keep-alive",
        "Content-Length": "0",
        "Content-Type": "application/json",
        "User-Agent": "azsdk-js-communication-identity/1.3.2 core-rest-pipeline/1.21.0 Node/22.14.0 OS/(x64-Windows_NT-10.0.26100)",
        "x-ms-client-request-id": "Sanitized",
        "x-ms-content-sha256": "Sanitized",
        "x-ms-date": "Fri, 18 Jul 2025 05:44:36 GMT"
      },
      "RequestBody": null,
      "StatusCode": 201,
      "ResponseHeaders": {
        "api-supported-versions": "2020-07-20-preview2, 2021-03-07, 2021-10-31-preview, 2021-11-01, 2022-06-01, 2022-10-01, 2023-10-01, 2025-03-02-preview, 2025-06-30",
        "Connection": "keep-alive",
        "Content-Length": "101",
        "Content-Type": "application/json; charset=utf-8",
        "Date": "Fri, 18 Jul 2025 05:44:37 GMT",
        "MS-CV": "Sanitized",
        "Request-Context": "appId=",
        "Strict-Transport-Security": "max-age=31536000;includeSubDomains",
        "x-azure-ref": "Sanitized",
        "X-Cache": "CONFIG_NOCACHE",
        "x-ms-client-request-id": "Sanitized",
        "X-Processing-Time": "14ms"
      },
      "ResponseBody": {
        "identity": {
          "id": "8:acs:00000000-0000-0000-0000-000000000000_00000000-0000-0000-0000-000000000000"
        }
      }
    },
    {
      "RequestUri": "https://Sanitized/calling/callConnections?api-version=2025-08-15-preview",
      "RequestMethod": "POST",
      "RequestHeaders": {
        "Accept": "application/json",
        "Accept-Encoding": "gzip,deflate",
        "Authorization": "Sanitized",
        "Connection": "keep-alive",
        "Content-Length": "560",
        "Content-Type": "application/json",
        "Repeatability-First-Sent": "Sanitized",
        "Repeatability-Request-ID": "Sanitized",
        "User-Agent": "azsdk-js-communication-call-automation/1.5.0 core-rest-pipeline/1.21.0 Node/22.14.0 OS/(x64-Windows_NT-10.0.26100)",
        "x-ms-client-request-id": "Sanitized",
        "x-ms-content-sha256": "Sanitized",
        "x-ms-date": "Fri, 18 Jul 2025 05:44:40 GMT"
      },
      "RequestBody": {
        "targets": [
          {
            "kind": "communicationUser",
            "rawId": "8:acs:00000000-0000-0000-0000-000000000000_00000000-0000-0000-0000-000000000000",
            "communicationUser": {
              "id": "8:acs:00000000-0000-0000-0000-000000000000_00000000-0000-0000-0000-000000000000"
            }
          }
        ],
        "source": {
          "id": "8:acs:00000000-0000-0000-0000-000000000000_00000000-0000-0000-0000-000000000000"
        },
        "callbackUri": "https://Sanitized/api/servicebuscallback/events?q=8acs00000000-0000-0000-0000-000000000000_00000000-0000-0000-0000-0000000000008acs00000000-0000-0000-0000-000000000000_00000000-0000-0000-0000-000000000000"
      },
      "StatusCode": 201,
      "ResponseHeaders": {
        "api-supported-versions": "2023-06-15-preview, 2024-01-22-preview, 2024-06-15-preview, 2024-11-15-preview, 2025-03-30-preview, 2025-08-15-preview",
        "Connection": "keep-alive",
        "Content-Type": "application/json; charset=utf-8",
        "Date": "Fri, 18 Jul 2025 05:44:40 GMT",
        "Strict-Transport-Security": "max-age=31536000;includeSubDomains",
        "Transfer-Encoding": "chunked",
        "x-azure-ref": "Sanitized",
        "X-Cache": "CONFIG_NOCACHE",
        "X-Microsoft-Skype-Chain-ID": "0f9a3529-54eb-4060-a3ac-1950b1e7638f",
        "X-Microsoft-Skype-Client": "azsdk-js-communication-call-automation/1.5.0 core-rest-pipeline/1.21.0 Node/22.14.0 OS/(x64-Windows_NT-10.0.26100)",
        "x-ms-client-request-id": "Sanitized",
        "X-Ms-Client-Version": "azsdk-js-communication-call-automation/1.5.0 core-rest-pipeline/1.21.0 Node/22.14.0 OS/(x64-Windows_NT-10.0.26100)"
      },
      "ResponseBody": {
        "callConnectionId": "14008180-4c93-428c-be32-2a07bd493401",
        "targets": [
          {
            "rawId": "8:acs:00000000-0000-0000-0000-000000000000_00000000-0000-0000-0000-000000000000",
            "kind": "communicationUser",
            "communicationUser": {
              "id": "8:acs:00000000-0000-0000-0000-000000000000_00000000-0000-0000-0000-000000000000"
            }
          }
        ],
        "callConnectionState": "connecting",
        "callbackUri": "https://Sanitized/api/servicebuscallback/events?q=8acs00000000-0000-0000-0000-000000000000_00000000-0000-0000-0000-0000000000008acs00000000-0000-0000-0000-000000000000_00000000-0000-0000-0000-000000000000",
        "sourceDisplayName": "",
        "source": {
          "rawId": "8:acs:00000000-0000-0000-0000-000000000000_00000000-0000-0000-0000-000000000000",
          "kind": "communicationUser",
          "communicationUser": {
            "id": "8:acs:00000000-0000-0000-0000-000000000000_00000000-0000-0000-0000-000000000000"
          }
        },
        "correlationId": "0f9a3529-54eb-4060-a3ac-1950b1e7638f",
        "mediaStreamingSubscription": {
          "id": "fec398b0-d954-440d-b688-c2b50dcf638f",
          "state": "disabled",
          "subscribedContentTypes": [
            "audio"
          ]
        }
      }
    },
    {
      "RequestUri": "https://Sanitized/calling/callConnections:answer?api-version=2025-08-15-preview",
      "RequestMethod": "POST",
      "RequestHeaders": {
        "Accept": "application/json",
        "Accept-Encoding": "gzip,deflate",
        "Authorization": "Sanitized",
        "Connection": "keep-alive",
        "Content-Length": "404",
        "Content-Type": "application/json",
        "Repeatability-First-Sent": "Sanitized",
        "Repeatability-Request-ID": "Sanitized",
        "User-Agent": "azsdk-js-communication-call-automation/1.5.0 core-rest-pipeline/1.21.0 Node/22.14.0 OS/(x64-Windows_NT-10.0.26100)",
        "x-ms-client-request-id": "Sanitized",
        "x-ms-content-sha256": "Sanitized",
        "x-ms-date": "Fri, 18 Jul 2025 05:44:45 GMT"
      },
      "RequestBody": {
        "incomingCallContext": "Sanitized",
        "callbackUri": "https://Sanitized/api/servicebuscallback/events?q=8acs00000000-0000-0000-0000-000000000000_00000000-0000-0000-0000-0000000000008acs00000000-0000-0000-0000-000000000000_00000000-0000-0000-0000-000000000000",
        "callIntelligenceOptions": {
          "cognitiveServicesEndpoint": "https://Sanitized//Sanitized",
          "startTranscription": false,
          "enableIntermediateResults": false
        }
      },
      "StatusCode": 200,
      "ResponseHeaders": {
        "api-supported-versions": "2023-06-15-preview, 2024-01-22-preview, 2024-06-15-preview, 2024-11-15-preview, 2025-03-30-preview, 2025-08-15-preview",
        "Connection": "keep-alive",
        "Content-Type": "application/json; charset=utf-8",
        "Date": "Fri, 18 Jul 2025 05:44:46 GMT",
        "Strict-Transport-Security": "max-age=31536000;includeSubDomains",
        "Transfer-Encoding": "chunked",
        "x-azure-ref": "Sanitized",
        "X-Cache": "CONFIG_NOCACHE",
        "X-Microsoft-Skype-Chain-ID": "0f9a3529-54eb-4060-a3ac-1950b1e7638f",
        "X-Microsoft-Skype-Client": "azsdk-js-communication-call-automation/1.5.0 core-rest-pipeline/1.21.0 Node/22.14.0 OS/(x64-Windows_NT-10.0.26100)",
        "x-ms-client-request-id": "Sanitized",
        "X-Ms-Client-Version": "azsdk-js-communication-call-automation/1.5.0 core-rest-pipeline/1.21.0 Node/22.14.0 OS/(x64-Windows_NT-10.0.26100)"
      },
      "ResponseBody": {
        "callConnectionId": "14008180-596b-42e3-b0b5-ceb40366c0a9",
        "serverCallId": "Sanitized",
        "targets": [
          {
            "rawId": "8:acs:00000000-0000-0000-0000-000000000000_00000000-0000-0000-0000-000000000000",
            "kind": "communicationUser",
            "communicationUser": {
              "id": "8:acs:00000000-0000-0000-0000-000000000000_00000000-0000-0000-0000-000000000000"
            }
          }
        ],
        "callConnectionState": "connecting",
        "callbackUri": "https://Sanitized/api/servicebuscallback/events?q=8acs00000000-0000-0000-0000-000000000000_00000000-0000-0000-0000-0000000000008acs00000000-0000-0000-0000-000000000000_00000000-0000-0000-0000-000000000000",
        "source": {
          "rawId": "8:acs:00000000-0000-0000-0000-000000000000_00000000-0000-0000-0000-000000000000",
          "kind": "communicationUser",
          "communicationUser": {
            "id": "8:acs:00000000-0000-0000-0000-000000000000_00000000-0000-0000-0000-000000000000"
          }
        },
        "correlationId": "0f9a3529-54eb-4060-a3ac-1950b1e7638f",
        "answeredBy": {
          "id": "8:acs:00000000-0000-0000-0000-000000000000_00000000-0000-0000-0000-000000000000"
        },
        "mediaStreamingSubscription": {
          "id": "e5777801-0d0d-4901-b3c3-35f458858a34",
          "state": "disabled",
          "subscribedContentTypes": [
            "audio"
          ]
        }
      }
    },
    {
      "RequestUri": "https://Sanitized/calling/callConnections/14008180-596b-42e3-b0b5-ceb40366c0a9:startTranscription?api-version=2025-08-15-preview",
      "RequestMethod": "POST",
      "RequestHeaders": {
        "Accept": "application/json",
        "Accept-Encoding": "gzip,deflate",
        "Authorization": "Sanitized",
        "Connection": "keep-alive",
        "Content-Length": "2",
        "Content-Type": "application/json",
        "User-Agent": "azsdk-js-communication-call-automation/1.5.0 core-rest-pipeline/1.21.0 Node/22.14.0 OS/(x64-Windows_NT-10.0.26100)",
        "x-ms-client-request-id": "Sanitized",
        "x-ms-content-sha256": "Sanitized",
        "x-ms-date": "Fri, 18 Jul 2025 05:44:48 GMT"
      },
      "RequestBody": {},
      "StatusCode": 202,
      "ResponseHeaders": {
        "api-supported-versions": "2023-06-15-preview, 2024-01-22-preview, 2024-06-15-preview, 2024-11-15-preview, 2025-03-30-preview, 2025-08-15-preview",
        "Connection": "keep-alive",
        "Content-Type": "application/json; charset=utf-8",
        "Date": "Fri, 18 Jul 2025 05:44:49 GMT",
        "Strict-Transport-Security": "max-age=31536000;includeSubDomains",
        "Transfer-Encoding": "chunked",
        "x-azure-ref": "Sanitized",
        "X-Cache": "CONFIG_NOCACHE",
        "X-Microsoft-Skype-Chain-ID": "0f9a3529-54eb-4060-a3ac-1950b1e7638f",
        "X-Microsoft-Skype-Client": "azsdk-js-communication-call-automation/1.5.0 core-rest-pipeline/1.21.0 Node/22.14.0 OS/(x64-Windows_NT-10.0.26100)",
        "x-ms-client-request-id": "Sanitized",
        "X-Ms-Client-Version": "azsdk-js-communication-call-automation/1.5.0 core-rest-pipeline/1.21.0 Node/22.14.0 OS/(x64-Windows_NT-10.0.26100)"
      },
      "ResponseBody": {
        "subscriptionId": "cafd2e0f-191c-40ac-9a70-a3e1cb263ba4"
      }
    },
    {
      "RequestUri": "https://Sanitized/calling/callConnections/14008180-596b-42e3-b0b5-ceb40366c0a9:stopTranscription?api-version=2025-08-15-preview",
      "RequestMethod": "POST",
      "RequestHeaders": {
        "Accept": "application/json",
        "Accept-Encoding": "gzip,deflate",
        "Authorization": "Sanitized",
        "Connection": "keep-alive",
        "Content-Length": "2",
        "Content-Type": "application/json",
        "User-Agent": "azsdk-js-communication-call-automation/1.5.0 core-rest-pipeline/1.21.0 Node/22.14.0 OS/(x64-Windows_NT-10.0.26100)",
        "x-ms-client-request-id": "Sanitized",
        "x-ms-content-sha256": "Sanitized",
        "x-ms-date": "Fri, 18 Jul 2025 05:44:51 GMT"
      },
      "RequestBody": {},
      "StatusCode": 202,
      "ResponseHeaders": {
        "api-supported-versions": "2023-06-15-preview, 2024-01-22-preview, 2024-06-15-preview, 2024-11-15-preview, 2025-03-30-preview, 2025-08-15-preview",
        "Connection": "keep-alive",
        "Content-Type": "application/json; charset=utf-8",
        "Date": "Fri, 18 Jul 2025 05:44:52 GMT",
        "Strict-Transport-Security": "max-age=31536000;includeSubDomains",
        "Transfer-Encoding": "chunked",
        "x-azure-ref": "Sanitized",
        "X-Cache": "CONFIG_NOCACHE",
        "X-Microsoft-Skype-Chain-ID": "0f9a3529-54eb-4060-a3ac-1950b1e7638f",
        "X-Microsoft-Skype-Client": "azsdk-js-communication-call-automation/1.5.0 core-rest-pipeline/1.21.0 Node/22.14.0 OS/(x64-Windows_NT-10.0.26100)",
        "x-ms-client-request-id": "Sanitized",
        "X-Ms-Client-Version": "azsdk-js-communication-call-automation/1.5.0 core-rest-pipeline/1.21.0 Node/22.14.0 OS/(x64-Windows_NT-10.0.26100)"
      },
      "ResponseBody": {
        "subscriptionId": "cafd2e0f-191c-40ac-9a70-a3e1cb263ba4"
      }
    },
    {
      "RequestUri": "https://Sanitized/calling/callConnections/14008180-596b-42e3-b0b5-ceb40366c0a9:terminate?api-version=2025-08-15-preview",
      "RequestMethod": "POST",
      "RequestHeaders": {
        "Accept": "application/json",
        "Accept-Encoding": "gzip,deflate",
        "Authorization": "Sanitized",
        "Connection": "keep-alive",
        "Content-Length": "0",
        "Repeatability-First-Sent": "Sanitized",
        "Repeatability-Request-ID": "Sanitized",
        "User-Agent": "azsdk-js-communication-call-automation/1.5.0 core-rest-pipeline/1.21.0 Node/22.14.0 OS/(x64-Windows_NT-10.0.26100)",
        "x-ms-client-request-id": "Sanitized",
        "x-ms-content-sha256": "Sanitized",
        "x-ms-date": "Fri, 18 Jul 2025 05:44:51 GMT"
      },
      "RequestBody": null,
      "StatusCode": 204,
      "ResponseHeaders": {
        "api-supported-versions": "2023-06-15-preview, 2024-01-22-preview, 2024-06-15-preview, 2024-11-15-preview, 2025-03-30-preview, 2025-08-15-preview",
        "Connection": "keep-alive",
        "Date": "Fri, 18 Jul 2025 05:44:52 GMT",
        "Repeatability-Result": "accepted",
        "Strict-Transport-Security": "max-age=31536000;includeSubDomains",
        "x-azure-ref": "Sanitized",
        "X-Cache": "CONFIG_NOCACHE",
        "X-Microsoft-Skype-Chain-ID": "0f9a3529-54eb-4060-a3ac-1950b1e7638f",
        "X-Microsoft-Skype-Client": "azsdk-js-communication-call-automation/1.5.0 core-rest-pipeline/1.21.0 Node/22.14.0 OS/(x64-Windows_NT-10.0.26100)",
        "x-ms-client-request-id": "Sanitized",
        "X-Ms-Client-Version": "azsdk-js-communication-call-automation/1.5.0 core-rest-pipeline/1.21.0 Node/22.14.0 OS/(x64-Windows_NT-10.0.26100)"
      },
      "ResponseBody": null
    }
  ],
  "Variables": {}
}
