{
  "Entries": [
    {
      "RequestUri": "https://Sanitized/identities?api-version=2025-03-02-preview",
      "RequestMethod": "POST",
      "RequestHeaders": {
        "Accept": "application/json",
        "Accept-Encoding": "gzip,deflate",
        "Authorization": "Sanitized",
        "Connection": "keep-alive",
        "Content-Length": "0",
        "Content-Type": "application/json",
        "User-Agent": "azsdk-js-communication-identity/1.3.2 core-rest-pipeline/1.21.0 Node/20.12.2 OS/(x64-Windows_NT-10.0.22631)",
        "x-ms-client-request-id": "Sanitized",
        "x-ms-content-sha256": "Sanitized",
        "x-ms-date": "Wed, 11 Jun 2025 20:58:38 GMT"
      },
      "RequestBody": null,
      "StatusCode": 201,
      "ResponseHeaders": {
        "api-supported-versions": "2020-07-20-preview2, 2021-03-07, 2021-10-31-preview, 2021-11-01, 2022-06-01, 2022-10-01, 2023-10-01, 2025-03-02-preview, 2025-06-30",
        "Connection": "keep-alive",
        "Content-Length": "101",
        "Content-Type": "application/json; charset=utf-8",
        "Date": "Wed, 11 Jun 2025 20:58:38 GMT",
        "MS-CV": "Sanitized",
        "Request-Context": "appId=",
        "Strict-Transport-Security": "max-age=31536000;includeSubDomains",
        "x-azure-ref": "Sanitized",
        "X-Cache": "CONFIG_NOCACHE",
        "x-ms-client-request-id": "Sanitized",
        "X-Processing-Time": "14ms"
      },
      "ResponseBody": {
        "identity": {
          "id": "8:acs:00000000-0000-0000-0000-000000000000_00000000-0000-0000-0000-000000000000"
        }
      }
    },
    {
      "RequestUri": "https://Sanitized/identities?api-version=2025-03-02-preview",
      "RequestMethod": "POST",
      "RequestHeaders": {
        "Accept": "application/json",
        "Accept-Encoding": "gzip,deflate",
        "Authorization": "Sanitized",
        "Connection": "keep-alive",
        "Content-Length": "0",
        "Content-Type": "application/json",
        "User-Agent": "azsdk-js-communication-identity/1.3.2 core-rest-pipeline/1.21.0 Node/20.12.2 OS/(x64-Windows_NT-10.0.22631)",
        "x-ms-client-request-id": "Sanitized",
        "x-ms-content-sha256": "Sanitized",
        "x-ms-date": "Wed, 11 Jun 2025 20:58:38 GMT"
      },
      "RequestBody": null,
      "StatusCode": 201,
      "ResponseHeaders": {
        "api-supported-versions": "2020-07-20-preview2, 2021-03-07, 2021-10-31-preview, 2021-11-01, 2022-06-01, 2022-10-01, 2023-10-01, 2025-03-02-preview, 2025-06-30",
        "Connection": "keep-alive",
        "Content-Length": "101",
        "Content-Type": "application/json; charset=utf-8",
        "Date": "Wed, 11 Jun 2025 20:58:38 GMT",
        "MS-CV": "Sanitized",
        "Request-Context": "appId=",
        "Strict-Transport-Security": "max-age=31536000;includeSubDomains",
        "x-azure-ref": "Sanitized",
        "X-Cache": "CONFIG_NOCACHE",
        "x-ms-client-request-id": "Sanitized",
        "X-Processing-Time": "14ms"
      },
      "ResponseBody": {
        "identity": {
          "id": "8:acs:00000000-0000-0000-0000-000000000000_00000000-0000-0000-0000-000000000000"
        }
      }
    },
    {
      "RequestUri": "https://Sanitized/calling/callConnections?api-version=2024-09-01-preview",
      "RequestMethod": "POST",
      "RequestHeaders": {
        "Accept": "application/json",
        "Accept-Encoding": "gzip,deflate",
        "Authorization": "Sanitized",
        "Connection": "keep-alive",
        "Content-Length": "669",
        "Content-Type": "application/json",
        "Repeatability-First-Sent": "Sanitized",
        "Repeatability-Request-ID": "Sanitized",
        "User-Agent": "azsdk-js-communication-call-automation/1.4.0-beta.2 core-rest-pipeline/1.21.0 Node/20.12.2 OS/(x64-Windows_NT-10.0.22631)",
        "x-ms-client-request-id": "Sanitized",
        "x-ms-content-sha256": "Sanitized",
        "x-ms-date": "Wed, 11 Jun 2025 20:58:40 GMT"
      },
      "RequestBody": {
        "targets": [
          {
            "kind": "communicationUser",
            "rawId": "8:acs:00000000-0000-0000-0000-000000000000_00000000-0000-0000-0000-000000000000",
            "communicationUser": {
              "id": "8:acs:00000000-0000-0000-0000-000000000000_00000000-0000-0000-0000-000000000000"
            }
          }
        ],
        "source": {
          "id": "8:acs:00000000-0000-0000-0000-000000000000_00000000-0000-0000-0000-000000000000"
        },
        "operationContext": "playMultipleSourcesCreateCall",
        "callbackUri": "https://Sanitized/api/servicebuscallback/events?q=8acs00000000-0000-0000-0000-000000000000_00000000-0000-0000-0000-0000000000008acs00000000-0000-0000-0000-000000000000_00000000-0000-0000-0000-000000000000",
        "customCallingContext": {
          "voipHeaders": {},
          "sipHeaders": {}
        }
      },
      "StatusCode": 201,
      "ResponseHeaders": {
        "api-supported-versions": "2023-10-03-preview, 2024-09-01-preview",
        "Connection": "keep-alive",
        "Content-Type": "application/json; charset=utf-8",
        "Date": "Wed, 11 Jun 2025 20:58:40 GMT",
        "Strict-Transport-Security": "max-age=31536000;includeSubDomains",
        "Transfer-Encoding": "chunked",
        "x-azure-ref": "Sanitized",
        "X-Cache": "CONFIG_NOCACHE",
        "X-Microsoft-Skype-Chain-ID": "2f82c492-a9e2-409f-b4c7-f9b8e0d19e37",
        "X-Microsoft-Skype-Client": "azsdk-js-communication-call-automation/1.4.0-beta.2 core-rest-pipeline/1.21.0 Node/20.12.2 OS/(x64-Windows_NT-10.0.22631)",
        "x-ms-client-request-id": "Sanitized",
        "X-Ms-Client-Version": "azsdk-js-communication-call-automation/1.4.0-beta.2 core-rest-pipeline/1.21.0 Node/20.12.2 OS/(x64-Windows_NT-10.0.22631)"
      },
      "ResponseBody": {
        "callConnectionId": "0c002180-0a70-4470-9606-00ccdb4a42b5",
        "targets": [
          {
            "rawId": "8:acs:00000000-0000-0000-0000-000000000000_00000000-0000-0000-0000-000000000000",
            "kind": "communicationUser",
            "communicationUser": {
              "id": "8:acs:00000000-0000-0000-0000-000000000000_00000000-0000-0000-0000-000000000000"
            }
          }
        ],
        "callConnectionState": "connecting",
        "callbackUri": "https://Sanitized/api/servicebuscallback/events?q=8acs00000000-0000-0000-0000-000000000000_00000000-0000-0000-0000-0000000000008acs00000000-0000-0000-0000-000000000000_00000000-0000-0000-0000-000000000000",
        "sourceDisplayName": "",
        "source": {
          "rawId": "8:acs:00000000-0000-0000-0000-000000000000_00000000-0000-0000-0000-000000000000",
          "kind": "communicationUser",
          "communicationUser": {
            "id": "8:acs:00000000-0000-0000-0000-000000000000_00000000-0000-0000-0000-000000000000"
          }
        },
        "correlationId": "2f82c492-a9e2-409f-b4c7-f9b8e0d19e37",
        "mediaSubscriptionId": "eee75698-07b5-47f4-8dba-8fc362f7cb9c",
        "dataSubscriptionId": "e2d948cd-6c27-4283-830f-b1ab2647d370",
        "mediaStreamingSubscription": {
          "id": "eee75698-07b5-47f4-8dba-8fc362f7cb9c",
          "state": "disabled",
          "subscribedContentTypes": [
            "audio"
          ]
        }
      }
    },
    {
      "RequestUri": "https://Sanitized/calling/callConnections:answer?api-version=2024-09-01-preview",
      "RequestMethod": "POST",
      "RequestHeaders": {
        "Accept": "application/json",
        "Accept-Encoding": "gzip,deflate",
        "Authorization": "Sanitized",
        "Connection": "keep-alive",
        "Content-Length": "467",
        "Content-Type": "application/json",
        "Repeatability-First-Sent": "Sanitized",
        "Repeatability-Request-ID": "Sanitized",
        "User-Agent": "azsdk-js-communication-call-automation/1.4.0-beta.2 core-rest-pipeline/1.21.0 Node/20.12.2 OS/(x64-Windows_NT-10.0.22631)",
        "x-ms-client-request-id": "Sanitized",
        "x-ms-content-sha256": "Sanitized",
        "x-ms-date": "Wed, 11 Jun 2025 20:58:47 GMT"
      },
      "RequestBody": {
        "incomingCallContext": "Sanitized",
        "callbackUri": "https://Sanitized/api/servicebuscallback/events?q=8acs00000000-0000-0000-0000-000000000000_00000000-0000-0000-0000-0000000000008acs00000000-0000-0000-0000-000000000000_00000000-0000-0000-0000-000000000000",
        "customCallingContext": {
          "voipHeaders": {},
          "sipHeaders": {}
        },
        "operationContext": "playMultipleSourcesAnswerCall",
        "answeredBy": {
          "id": "8:acs:00000000-0000-0000-0000-000000000000_00000000-0000-0000-0000-000000000000"
        }
      },
      "StatusCode": 200,
      "ResponseHeaders": {
        "api-supported-versions": "2023-10-03-preview, 2024-09-01-preview",
        "Connection": "keep-alive",
        "Content-Type": "application/json; charset=utf-8",
        "Date": "Wed, 11 Jun 2025 20:58:47 GMT",
        "Strict-Transport-Security": "max-age=31536000;includeSubDomains",
        "Transfer-Encoding": "chunked",
        "x-azure-ref": "Sanitized",
        "X-Cache": "CONFIG_NOCACHE",
        "X-Microsoft-Skype-Chain-ID": "2f82c492-a9e2-409f-b4c7-f9b8e0d19e37",
        "X-Microsoft-Skype-Client": "azsdk-js-communication-call-automation/1.4.0-beta.2 core-rest-pipeline/1.21.0 Node/20.12.2 OS/(x64-Windows_NT-10.0.22631)",
        "x-ms-client-request-id": "Sanitized",
        "X-Ms-Client-Version": "azsdk-js-communication-call-automation/1.4.0-beta.2 core-rest-pipeline/1.21.0 Node/20.12.2 OS/(x64-Windows_NT-10.0.22631)"
      },
      "ResponseBody": {
        "callConnectionId": "0c002180-a19c-4652-9d38-6989a3e53aab",
        "serverCallId": "Sanitized",
        "targets": [
          {
            "rawId": "8:acs:00000000-0000-0000-0000-000000000000_00000000-0000-0000-0000-000000000000",
            "kind": "communicationUser",
            "communicationUser": {
              "id": "8:acs:00000000-0000-0000-0000-000000000000_00000000-0000-0000-0000-000000000000"
            }
          }
        ],
        "callConnectionState": "connecting",
        "callbackUri": "https://Sanitized/api/servicebuscallback/events?q=8acs00000000-0000-0000-0000-000000000000_00000000-0000-0000-0000-0000000000008acs00000000-0000-0000-0000-000000000000_00000000-0000-0000-0000-000000000000",
        "source": {
          "rawId": "8:acs:00000000-0000-0000-0000-000000000000_00000000-0000-0000-0000-000000000000",
          "kind": "communicationUser",
          "communicationUser": {
            "id": "8:acs:00000000-0000-0000-0000-000000000000_00000000-0000-0000-0000-000000000000"
          }
        },
        "correlationId": "2f82c492-a9e2-409f-b4c7-f9b8e0d19e37",
        "answeredBy": {
          "id": "8:acs:00000000-0000-0000-0000-000000000000_00000000-0000-0000-0000-000000000000"
        },
        "mediaSubscriptionId": "8c96b713-a0f8-413c-80ce-0129457857ba",
        "dataSubscriptionId": "fd3582e6-74b4-460d-9163-fc9b1947ea82",
        "mediaStreamingSubscription": {
          "id": "8c96b713-a0f8-413c-80ce-0129457857ba",
          "state": "disabled",
          "subscribedContentTypes": [
            "audio"
          ]
        }
      }
    },
    {
      "RequestUri": "https://Sanitized/calling/callConnections/0c002180-0a70-4470-9606-00ccdb4a42b5:play?api-version=2024-09-01-preview",
      "RequestMethod": "POST",
      "RequestHeaders": {
        "Accept": "application/json",
        "Accept-Encoding": "gzip,deflate",
        "Authorization": "Sanitized",
        "Connection": "keep-alive",
        "Content-Length": "386",
        "Content-Type": "application/json",
        "User-Agent": "azsdk-js-communication-call-automation/1.4.0-beta.2 core-rest-pipeline/1.21.0 Node/20.12.2 OS/(x64-Windows_NT-10.0.22631)",
        "x-ms-client-request-id": "Sanitized",
        "x-ms-content-sha256": "Sanitized",
        "x-ms-date": "Wed, 11 Jun 2025 20:58:49 GMT"
      },
      "RequestBody": {
        "playSources": [
          {
            "kind": "file",
            "file": {
              "uri": "https://Sanitized/dummyurl.wav"
            }
          }
        ],
        "playTo": [
          {
            "rawId": "8:acs:00000000-0000-0000-0000-000000000000_00000000-0000-0000-0000-000000000000",
            "communicationUser": {
              "id": "8:acs:00000000-0000-0000-0000-000000000000_00000000-0000-0000-0000-000000000000"
            }
          }
        ],
        "playOptions": {
          "loop": false,
          "interruptHoldAudio": false
        },
        "operationContext": "playFailContext"
      },
      "StatusCode": 202,
      "ResponseHeaders": {
        "api-supported-versions": "2023-10-03-preview, 2024-09-01-preview",
        "Connection": "keep-alive",
        "Content-Length": "0",
        "Date": "Wed, 11 Jun 2025 20:58:50 GMT",
        "Strict-Transport-Security": "max-age=31536000;includeSubDomains",
        "x-azure-ref": "Sanitized",
        "X-Cache": "CONFIG_NOCACHE",
        "X-Microsoft-Skype-Chain-ID": "2f82c492-a9e2-409f-b4c7-f9b8e0d19e37",
        "X-Microsoft-Skype-Client": "azsdk-js-communication-call-automation/1.4.0-beta.2 core-rest-pipeline/1.21.0 Node/20.12.2 OS/(x64-Windows_NT-10.0.22631)",
        "x-ms-client-request-id": "Sanitized",
        "X-Ms-Client-Version": "azsdk-js-communication-call-automation/1.4.0-beta.2 core-rest-pipeline/1.21.0 Node/20.12.2 OS/(x64-Windows_NT-10.0.22631)"
      },
      "ResponseBody": null
    },
    {
      "RequestUri": "https://Sanitized/calling/callConnections/0c002180-0a70-4470-9606-00ccdb4a42b5:terminate?api-version=2024-09-01-preview",
      "RequestMethod": "POST",
      "RequestHeaders": {
        "Accept": "application/json",
        "Accept-Encoding": "gzip,deflate",
        "Authorization": "Sanitized",
        "Connection": "keep-alive",
        "Content-Length": "0",
        "Repeatability-First-Sent": "Sanitized",
        "Repeatability-Request-ID": "Sanitized",
        "User-Agent": "azsdk-js-communication-call-automation/1.4.0-beta.2 core-rest-pipeline/1.21.0 Node/20.12.2 OS/(x64-Windows_NT-10.0.22631)",
        "x-ms-client-request-id": "Sanitized",
        "x-ms-content-sha256": "Sanitized",
        "x-ms-date": "Wed, 11 Jun 2025 20:58:51 GMT"
      },
      "RequestBody": null,
      "StatusCode": 204,
      "ResponseHeaders": {
        "api-supported-versions": "2023-10-03-preview, 2024-09-01-preview",
        "Connection": "keep-alive",
        "Date": "Wed, 11 Jun 2025 20:58:51 GMT",
        "Repeatability-Result": "accepted",
        "Strict-Transport-Security": "max-age=31536000;includeSubDomains",
        "x-azure-ref": "Sanitized",
        "X-Cache": "CONFIG_NOCACHE",
        "X-Microsoft-Skype-Chain-ID": "2f82c492-a9e2-409f-b4c7-f9b8e0d19e37",
        "X-Microsoft-Skype-Client": "azsdk-js-communication-call-automation/1.4.0-beta.2 core-rest-pipeline/1.21.0 Node/20.12.2 OS/(x64-Windows_NT-10.0.22631)",
        "x-ms-client-request-id": "Sanitized",
        "X-Ms-Client-Version": "azsdk-js-communication-call-automation/1.4.0-beta.2 core-rest-pipeline/1.21.0 Node/20.12.2 OS/(x64-Windows_NT-10.0.22631)"
      },
      "ResponseBody": null
    }
  ],
  "Variables": {}
}
