{
  "Entries": [
    {
      "RequestUri": "https://Sanitized/identities?api-version=2023-10-01",
      "RequestMethod": "POST",
      "RequestHeaders": {
        "Accept": "application/json",
        "Accept-Encoding": "gzip,deflate",
        "Authorization": "Sanitized",
        "Connection": "keep-alive",
        "Content-Length": "0",
        "Content-Type": "application/json",
        "User-Agent": "azsdk-js-communication-identity/1.3.2 core-rest-pipeline/1.18.3 Node/20.11.0 OS/(x64-Windows_NT-10.0.26100)",
        "x-ms-client-request-id": "Sanitized",
        "x-ms-content-sha256": "Sanitized",
        "x-ms-date": "Wed, 05 Mar 2025 08:46:18 GMT"
      },
      "RequestBody": null,
      "StatusCode": 201,
      "ResponseHeaders": {
        "api-supported-versions": "2020-07-20-preview2, 2021-03-07, 2021-10-31-preview, 2021-11-01, 2022-06-01, 2022-10-01, 2023-10-01, 2025-04-01-preview",
        "Connection": "keep-alive",
        "Content-Length": "101",
        "Content-Type": "application/json; charset=utf-8",
        "Date": "Wed, 05 Mar 2025 08:46:18 GMT",
        "MS-CV": "Sanitized",
        "Request-Context": "appId=",
        "Strict-Transport-Security": "max-age=31536000;includeSubDomains",
        "x-azure-ref": "Sanitized",
        "X-Cache": "CONFIG_NOCACHE",
        "x-ms-client-request-id": "Sanitized",
        "X-Processing-Time": "15ms"
      },
      "ResponseBody": {
        "identity": {
          "id": "8:acs:00000000-0000-0000-0000-000000000000_00000000-0000-0000-0000-000000000000"
        }
      }
    },
    {
      "RequestUri": "https://Sanitized/identities?api-version=2023-10-01",
      "RequestMethod": "POST",
      "RequestHeaders": {
        "Accept": "application/json",
        "Accept-Encoding": "gzip,deflate",
        "Authorization": "Sanitized",
        "Connection": "keep-alive",
        "Content-Length": "0",
        "Content-Type": "application/json",
        "User-Agent": "azsdk-js-communication-identity/1.3.2 core-rest-pipeline/1.18.3 Node/20.11.0 OS/(x64-Windows_NT-10.0.26100)",
        "x-ms-client-request-id": "Sanitized",
        "x-ms-content-sha256": "Sanitized",
        "x-ms-date": "Wed, 05 Mar 2025 08:46:18 GMT"
      },
      "RequestBody": null,
      "StatusCode": 201,
      "ResponseHeaders": {
        "api-supported-versions": "2020-07-20-preview2, 2021-03-07, 2021-10-31-preview, 2021-11-01, 2022-06-01, 2022-10-01, 2023-10-01, 2025-04-01-preview",
        "Connection": "keep-alive",
        "Content-Length": "101",
        "Content-Type": "application/json; charset=utf-8",
        "Date": "Wed, 05 Mar 2025 08:46:18 GMT",
        "MS-CV": "Sanitized",
        "Request-Context": "appId=",
        "Strict-Transport-Security": "max-age=31536000;includeSubDomains",
        "x-azure-ref": "Sanitized",
        "X-Cache": "CONFIG_NOCACHE",
        "x-ms-client-request-id": "Sanitized",
        "X-Processing-Time": "14ms"
      },
      "ResponseBody": {
        "identity": {
          "id": "8:acs:00000000-0000-0000-0000-000000000000_00000000-0000-0000-0000-000000000000"
        }
      }
    },
    {
      "RequestUri": "https://Sanitized/calling/callConnections?api-version=2024-09-01-preview",
      "RequestMethod": "POST",
      "RequestHeaders": {
        "Accept": "application/json",
        "Accept-Encoding": "gzip,deflate",
        "Authorization": "Sanitized",
        "Connection": "keep-alive",
        "Content-Length": "659",
        "Content-Type": "application/json",
        "Repeatability-First-Sent": "Sanitized",
        "Repeatability-Request-ID": "Sanitized",
        "User-Agent": "azsdk-js-communication-call-automation/1.4.0-beta.2 core-rest-pipeline/1.18.3 Node/20.11.0 OS/(x64-Windows_NT-10.0.26100)",
        "x-ms-client-request-id": "Sanitized",
        "x-ms-content-sha256": "Sanitized",
        "x-ms-date": "Wed, 05 Mar 2025 08:46:21 GMT"
      },
      "RequestBody": {
        "targets": [
          {
            "kind": "communicationUser",
            "rawId": "8:acs:00000000-0000-0000-0000-000000000000_00000000-0000-0000-0000-000000000000",
            "communicationUser": {
              "id": "8:acs:00000000-0000-0000-0000-000000000000_00000000-0000-0000-0000-000000000000"
            }
          }
        ],
        "source": {
          "id": "8:acs:00000000-0000-0000-0000-000000000000_00000000-0000-0000-0000-000000000000"
        },
        "operationContext": "playToAllCreateCall",
        "callbackUri": "https://Sanitized/api/servicebuscallback/events?q=8acs00000000-0000-0000-0000-000000000000_00000000-0000-0000-0000-0000000000008acs00000000-0000-0000-0000-000000000000_00000000-0000-0000-0000-000000000000",
        "customCallingContext": {
          "voipHeaders": {},
          "sipHeaders": {}
        }
      },
      "StatusCode": 201,
      "ResponseHeaders": {
        "Connection": "keep-alive",
        "Content-Length": "1120",
        "Content-Type": "application/json; charset=utf-8",
        "Date": "Wed, 05 Mar 2025 08:46:21 GMT",
        "Strict-Transport-Security": "max-age=31536000;includeSubDomains",
        "x-azure-ref": "Sanitized",
        "X-Cache": "CONFIG_NOCACHE",
        "X-Microsoft-Skype-Chain-ID": "aaf0ffb8-348b-414d-8320-fbc5d172974b",
        "X-Microsoft-Skype-Client": "azsdk-js-communication-call-automation/1.4.0-beta.2 core-rest-pipeline/1.18.3 Node/20.11.0 OS/(x64-Windows_NT-10.0.26100)",
        "x-ms-client-request-id": "Sanitized"
      },
      "ResponseBody": {
        "callConnectionId": "04002680-0128-4d9e-8193-76f7552e1d25",
        "targets": [
          {
            "rawId": "8:acs:00000000-0000-0000-0000-000000000000_00000000-0000-0000-0000-000000000000",
            "kind": "communicationUser",
            "communicationUser": {
              "id": "8:acs:00000000-0000-0000-0000-000000000000_00000000-0000-0000-0000-000000000000"
            }
          }
        ],
        "callConnectionState": "connecting",
        "callbackUri": "https://Sanitized/api/servicebuscallback/events?q=8acs00000000-0000-0000-0000-000000000000_00000000-0000-0000-0000-0000000000008acs00000000-0000-0000-0000-000000000000_00000000-0000-0000-0000-000000000000",
        "sourceDisplayName": "",
        "source": {
          "rawId": "8:acs:00000000-0000-0000-0000-000000000000_00000000-0000-0000-0000-000000000000",
          "kind": "communicationUser",
          "communicationUser": {
            "id": "8:acs:00000000-0000-0000-0000-000000000000_00000000-0000-0000-0000-000000000000"
          }
        },
        "correlationId": "aaf0ffb8-348b-414d-8320-fbc5d172974b",
        "mediaSubscriptionId": "bde92d75-edc9-4953-9c67-e3aff817545e",
        "dataSubscriptionId": "66d27d24-fa6e-4c7a-ba70-84751f172ab3",
        "mediaStreamingSubscription": {
          "id": "bde92d75-edc9-4953-9c67-e3aff817545e",
          "state": "disabled",
          "subscribedContentTypes": [
            "audio"
          ]
        }
      }
    },
    {
      "RequestUri": "https://Sanitized/calling/callConnections:answer?api-version=2024-09-01-preview",
      "RequestMethod": "POST",
      "RequestHeaders": {
        "Accept": "application/json",
        "Accept-Encoding": "gzip,deflate",
        "Authorization": "Sanitized",
        "Connection": "keep-alive",
        "Content-Length": "453",
        "Content-Type": "application/json",
        "Repeatability-First-Sent": "Sanitized",
        "Repeatability-Request-ID": "Sanitized",
        "User-Agent": "azsdk-js-communication-call-automation/1.4.0-beta.2 core-rest-pipeline/1.18.3 Node/20.11.0 OS/(x64-Windows_NT-10.0.26100)",
        "x-ms-client-request-id": "Sanitized",
        "x-ms-content-sha256": "Sanitized",
        "x-ms-date": "Wed, 05 Mar 2025 08:46:27 GMT"
      },
      "RequestBody": {
        "incomingCallContext": "Sanitized",
        "callbackUri": "https://Sanitized/api/servicebuscallback/events?q=8acs00000000-0000-0000-0000-000000000000_00000000-0000-0000-0000-0000000000008acs00000000-0000-0000-0000-000000000000_00000000-0000-0000-0000-000000000000",
        "customCallingContext": {
          "voipHeaders": {},
          "sipHeaders": {}
        },
        "operationContext": "playToAllAnswer",
        "answeredBy": {
          "id": "8:acs:00000000-0000-0000-0000-000000000000_00000000-0000-0000-0000-000000000000"
        }
      },
      "StatusCode": 200,
      "ResponseHeaders": {
        "Accept-Ranges": "bytes",
        "Connection": "keep-alive",
        "Content-Length": "1226",
        "Content-Type": "application/json; charset=utf-8",
        "Date": "Wed, 05 Mar 2025 08:46:26 GMT",
        "Strict-Transport-Security": "max-age=31536000;includeSubDomains",
        "x-azure-ref": "Sanitized",
        "X-Cache": "CONFIG_NOCACHE",
        "X-Microsoft-Skype-Chain-ID": "aaf0ffb8-348b-414d-8320-fbc5d172974b",
        "X-Microsoft-Skype-Client": "azsdk-js-communication-call-automation/1.4.0-beta.2 core-rest-pipeline/1.18.3 Node/20.11.0 OS/(x64-Windows_NT-10.0.26100)",
        "x-ms-client-request-id": "Sanitized"
      },
      "ResponseBody": {
        "callConnectionId": "04002680-cf28-440b-8ba8-4f2efa41075b",
        "serverCallId": "Sanitized",
        "targets": [
          {
            "rawId": "8:acs:00000000-0000-0000-0000-000000000000_00000000-0000-0000-0000-000000000000",
            "kind": "communicationUser",
            "communicationUser": {
              "id": "8:acs:00000000-0000-0000-0000-000000000000_00000000-0000-0000-0000-000000000000"
            }
          }
        ],
        "callConnectionState": "connecting",
        "callbackUri": "https://Sanitized/api/servicebuscallback/events?q=8acs00000000-0000-0000-0000-000000000000_00000000-0000-0000-0000-0000000000008acs00000000-0000-0000-0000-000000000000_00000000-0000-0000-0000-000000000000",
        "source": {
          "rawId": "8:acs:00000000-0000-0000-0000-000000000000_00000000-0000-0000-0000-000000000000",
          "kind": "communicationUser",
          "communicationUser": {
            "id": "8:acs:00000000-0000-0000-0000-000000000000_00000000-0000-0000-0000-000000000000"
          }
        },
        "correlationId": "aaf0ffb8-348b-414d-8320-fbc5d172974b",
        "answeredBy": {
          "id": "8:acs:00000000-0000-0000-0000-000000000000_00000000-0000-0000-0000-000000000000"
        },
        "mediaSubscriptionId": "298c5f69-aa80-4f24-a6a7-84b3ae7e9cb0",
        "dataSubscriptionId": "b4dea014-3775-4f8e-a302-8c50493a68f0",
        "mediaStreamingSubscription": {
          "id": "298c5f69-aa80-4f24-a6a7-84b3ae7e9cb0",
          "state": "disabled",
          "subscribedContentTypes": [
            "audio"
          ]
        }
      }
    },
    {
      "RequestUri": "https://Sanitized/calling/callConnections/04002680-0128-4d9e-8193-76f7552e1d25:play?api-version=2024-09-01-preview",
      "RequestMethod": "POST",
      "RequestHeaders": {
        "Accept": "application/json",
        "Accept-Encoding": "gzip,deflate",
        "Authorization": "Sanitized",
        "Connection": "keep-alive",
        "Content-Length": "161",
        "Content-Type": "application/json",
        "User-Agent": "azsdk-js-communication-call-automation/1.4.0-beta.2 core-rest-pipeline/1.18.3 Node/20.11.0 OS/(x64-Windows_NT-10.0.26100)",
        "x-ms-client-request-id": "Sanitized",
        "x-ms-content-sha256": "Sanitized",
        "x-ms-date": "Wed, 05 Mar 2025 08:46:29 GMT"
      },
      "RequestBody": {
        "playSources": [
          {
            "kind": "file",
            "file": {
              "uri": "https:///Sanitized/audio/test.wav"
            }
          }
        ],
        "playTo": [],
        "playOptions": {
          "loop": false
        },
        "operationContext": "playToAllAudio"
      },
      "StatusCode": 202,
      "ResponseHeaders": {
        "Connection": "keep-alive",
        "Content-Length": "0",
        "Date": "Wed, 05 Mar 2025 08:46:28 GMT",
        "Strict-Transport-Security": "max-age=31536000;includeSubDomains",
        "x-azure-ref": "Sanitized",
        "X-Cache": "CONFIG_NOCACHE",
        "X-Microsoft-Skype-Chain-ID": "aaf0ffb8-348b-414d-8320-fbc5d172974b",
        "X-Microsoft-Skype-Client": "azsdk-js-communication-call-automation/1.4.0-beta.2 core-rest-pipeline/1.18.3 Node/20.11.0 OS/(x64-Windows_NT-10.0.26100)",
        "x-ms-client-request-id": "Sanitized"
      },
      "ResponseBody": null
    },
    {
      "RequestUri": "https://Sanitized/calling/callConnections/04002680-0128-4d9e-8193-76f7552e1d25:terminate?api-version=2024-09-01-preview",
      "RequestMethod": "POST",
      "RequestHeaders": {
        "Accept": "application/json",
        "Accept-Encoding": "gzip,deflate",
        "Authorization": "Sanitized",
        "Connection": "keep-alive",
        "Content-Length": "0",
        "Repeatability-First-Sent": "Sanitized",
        "Repeatability-Request-ID": "Sanitized",
        "User-Agent": "azsdk-js-communication-call-automation/1.4.0-beta.2 core-rest-pipeline/1.18.3 Node/20.11.0 OS/(x64-Windows_NT-10.0.26100)",
        "x-ms-client-request-id": "Sanitized",
        "x-ms-content-sha256": "Sanitized",
        "x-ms-date": "Wed, 05 Mar 2025 08:46:34 GMT"
      },
      "RequestBody": null,
      "StatusCode": 204,
      "ResponseHeaders": {
        "Connection": "keep-alive",
        "Content-Length": "0",
        "Date": "Wed, 05 Mar 2025 08:46:34 GMT",
        "Repeatability-Result": "accepted",
        "Strict-Transport-Security": "max-age=31536000;includeSubDomains",
        "x-azure-ref": "Sanitized",
        "X-Cache": "CONFIG_NOCACHE",
        "X-Microsoft-Skype-Chain-ID": "aaf0ffb8-348b-414d-8320-fbc5d172974b",
        "X-Microsoft-Skype-Client": "azsdk-js-communication-call-automation/1.4.0-beta.2 core-rest-pipeline/1.18.3 Node/20.11.0 OS/(x64-Windows_NT-10.0.26100)",
        "x-ms-client-request-id": "Sanitized"
      },
      "ResponseBody": null
    }
  ],
  "Variables": {}
}
