{
  "Entries": [
    {
      "RequestUri": "https://management.azure.com/subscriptions/69a75bda-882e-44d5-8431-63421204132a?api-version=2022-12-01",
      "RequestMethod": "GET",
      "RequestHeaders": {
        "Accept": "application/json",
        "Authorization": "Sanitized",
        "traceparent": "00-b4a0b73a0d4a81643d01caaca133f3ea-6c60613ac9e75438-00",
        "User-Agent": "azsdk-net-ResourceManager/1.7.0 (.NET 7.0.7; Microsoft Windows 10.0.22621)",
        "x-ms-client-request-id": "fa2cc5b1845a3d31fb8f012f347b69bf",
        "x-ms-return-client-request-id": "true"
      },
      "RequestBody": null,
      "StatusCode": 200,
      "ResponseHeaders": {
        "Cache-Control": "no-cache",
        "Content-Length": "422",
        "Content-Type": "application/json; charset=utf-8",
        "Date": "Tue, 19 Sep 2023 14:59:48 GMT",
        "Expires": "-1",
        "Pragma": "no-cache",
        "Strict-Transport-Security": "max-age=31536000; includeSubDomains",
        "X-Content-Type-Options": "nosniff",
        "x-ms-correlation-request-id": "ddedeb59-06b1-47b3-b6aa-4041deafc33f",
        "x-ms-ratelimit-remaining-subscription-reads": "11999",
        "x-ms-request-id": "ddedeb59-06b1-47b3-b6aa-4041deafc33f",
        "x-ms-routing-request-id": "WESTEUROPE:20230919T145949Z:ddedeb59-06b1-47b3-b6aa-4041deafc33f"
      },
      "ResponseBody": {
        "id": "/subscriptions/69a75bda-882e-44d5-8431-63421204132a",
        "authorizationSource": "RoleBased",
        "managedByTenants": [],
        "tags": {
          "SkipNRMSNSG": "true"
        },
        "subscriptionId": "69a75bda-882e-44d5-8431-63421204132a",
        "tenantId": "72f988bf-86f1-41af-91ab-2d7cd011db47",
        "displayName": "QATest02-SVL",
        "state": "Enabled",
        "subscriptionPolicies": {
          "locationPlacementId": "Internal_2014-09-01",
          "quotaId": "Internal_2014-09-01",
          "spendingLimit": "Off"
        }
      }
    },
    {
      "RequestUri": "https://management.azure.com/subscriptions/69a75bda-882e-44d5-8431-63421204132a/resourcegroups/testNetAppDotNetSDKRG-2576?api-version=2022-09-01",
      "RequestMethod": "PUT",
      "RequestHeaders": {
        "Accept": "application/json",
        "Authorization": "Sanitized",
        "Content-Length": "63",
        "Content-Type": "application/json",
        "traceparent": "00-da1922b2fb8e03a11715d2e0ec1caf72-0f07c650588acb40-00",
        "User-Agent": "azsdk-net-ResourceManager/1.7.0 (.NET 7.0.7; Microsoft Windows 10.0.22621)",
        "x-ms-client-request-id": "a5c1e3cfc682d94972aad17f41f3658b",
        "x-ms-return-client-request-id": "true"
      },
      "RequestBody": {
        "tags": {
          "test": "env",
          "Owner": "b-aubald"
        },
        "location": "westus2"
      },
      "StatusCode": 201,
      "ResponseHeaders": {
        "Cache-Control": "no-cache",
        "Content-Length": "359",
        "Content-Type": "application/json; charset=utf-8",
        "Date": "Tue, 19 Sep 2023 14:59:50 GMT",
        "Expires": "-1",
        "Pragma": "no-cache",
        "Strict-Transport-Security": "max-age=31536000; includeSubDomains",
        "X-Content-Type-Options": "nosniff",
        "x-ms-correlation-request-id": "345eacb6-6946-49c0-81af-07558c839ba8",
        "x-ms-ratelimit-remaining-subscription-writes": "1199",
        "x-ms-request-id": "345eacb6-6946-49c0-81af-07558c839ba8",
        "x-ms-routing-request-id": "WESTEUROPE:20230919T145951Z:345eacb6-6946-49c0-81af-07558c839ba8"
      },
      "ResponseBody": {
        "id": "/subscriptions/69a75bda-882e-44d5-8431-63421204132a/resourceGroups/testNetAppDotNetSDKRG-2576",
        "name": "testNetAppDotNetSDKRG-2576",
        "type": "Microsoft.Resources/resourceGroups",
        "location": "westus2",
        "tags": {
          "test": "env",
          "Owner": "b-aubald",
          "CreatedOnDate": "2023-09-19T14:59:49.8081889Z",
          "SkipNRMSNSG": "true"
        },
        "properties": {
          "provisioningState": "Succeeded"
        }
      }
    },
    {
      "RequestUri": "https://management.azure.com/subscriptions/69a75bda-882e-44d5-8431-63421204132a/providers/Microsoft.NetApp/locations/westus2/checkNameAvailability?api-version=2023-05-01",
      "RequestMethod": "POST",
      "RequestHeaders": {
        "Accept": "application/json",
        "Authorization": "Sanitized",
        "Content-Length": "108",
        "Content-Type": "application/json",
        "traceparent": "00-a1ea6fba92e7bdb49621aca196777a95-41c9d8a7743d2c6b-00",
        "User-Agent": "azsdk-net-ResourceManager.NetApp/1.4.0-alpha.20230915.1 (.NET 7.0.7; Microsoft Windows 10.0.22621)",
        "x-ms-client-request-id": "2390ff1e48e1765f426d62e8a58d8fac",
        "x-ms-return-client-request-id": "true"
      },
      "RequestBody": {
        "name": "account1926",
        "type": "Microsoft.NetApp/netAppAccounts",
        "resourceGroup": "testNetAppDotNetSDKRG-2576"
      },
      "StatusCode": 200,
      "ResponseHeaders": {
        "Cache-Control": "no-cache",
        "Content-Length": "20",
        "Content-Type": "application/json; charset=utf-8",
        "Date": "Tue, 19 Sep 2023 14:59:52 GMT",
        "Expires": "-1",
        "Pragma": "no-cache",
        "Server": "Microsoft-IIS/10.0",
        "Strict-Transport-Security": "max-age=31536000; includeSubDomains",
        "X-Content-Type-Options": "nosniff",
        "x-ms-correlation-request-id": "6c754208-6023-4fcc-8006-9127e0d07e35",
        "x-ms-ratelimit-remaining-subscription-writes": "1199",
        "x-ms-request-id": "eb8cd9fc-7c3e-440e-9e99-d6c58902b9b5",
        "x-ms-routing-request-id": "WESTEUROPE:20230919T145952Z:6c754208-6023-4fcc-8006-9127e0d07e35",
        "X-Powered-By": "ASP.NET"
      },
      "ResponseBody": {
        "isAvailable": true
      }
    },
    {
      "RequestUri": "https://management.azure.com/subscriptions/69a75bda-882e-44d5-8431-63421204132a/resourceGroups/testNetAppDotNetSDKRG-2576/providers/Microsoft.NetApp/netAppAccounts/account1926?api-version=2023-05-01",
      "RequestMethod": "PUT",
      "RequestHeaders": {
        "Accept": "application/json",
        "Authorization": "Sanitized",
        "Content-Length": "79",
        "Content-Type": "application/json",
        "traceparent": "00-ac94bdb2a0869ea532f3af4d831bbb0f-b3030c93d4b76e20-00",
        "User-Agent": "azsdk-net-ResourceManager.NetApp/1.4.0-alpha.20230915.1 (.NET 7.0.7; Microsoft Windows 10.0.22621)",
        "x-ms-client-request-id": "8bf1038f2e75e3ff21e8d95fbeb99c9c",
        "x-ms-return-client-request-id": "true"
      },
      "RequestBody": {
        "tags": {
          "key1": "value1",
          "key2": "value2"
        },
        "location": "westus2",
        "properties": {}
      },
      "StatusCode": 201,
      "ResponseHeaders": {
        "Azure-AsyncOperation": "https://management.azure.com/subscriptions/69a75bda-882e-44d5-8431-63421204132a/providers/Microsoft.NetApp/locations/westus2/operationResults/7fcc50e1-1798-468d-8727-060989de31eb?api-version=2023-05-01",
        "Cache-Control": "no-cache",
        "Content-Length": "1131",
        "Content-Type": "application/json; charset=utf-8",
        "Date": "Tue, 19 Sep 2023 14:59:56 GMT",
        "ETag": "W/\u0022datetime\u00272023-09-19T14%3A59%3A55.7889302Z\u0027\u0022",
        "Expires": "-1",
        "Pragma": "no-cache",
        "Server": "Microsoft-IIS/10.0",
        "Strict-Transport-Security": "max-age=31536000; includeSubDomains",
        "X-Content-Type-Options": "nosniff",
        "x-ms-correlation-request-id": "50436b3b-df69-45ad-9ee4-8aabb81aab05",
        "x-ms-ratelimit-remaining-subscription-writes": "1198",
        "x-ms-request-id": "5e59c2cc-8447-44fb-9c05-61fe4b88cb87",
        "x-ms-routing-request-id": "WESTEUROPE:20230919T145957Z:50436b3b-df69-45ad-9ee4-8aabb81aab05",
        "X-Powered-By": "ASP.NET"
      },
      "ResponseBody": {
        "id": "/subscriptions/69a75bda-882e-44d5-8431-63421204132a/resourceGroups/testNetAppDotNetSDKRG-2576/providers/Microsoft.NetApp/netAppAccounts/account1926",
        "name": "account1926",
        "type": "Microsoft.NetApp/netAppAccounts",
        "etag": "W/\u0022datetime\u00272023-09-19T14%3A59%3A55.7889302Z\u0027\u0022",
        "location": "westus2",
        "tags": {
          "key1": "value1",
          "key2": "value2",
          "CreatedOnDate": "2023-09-19T14:59:53.1601189Z"
        },
        "properties": {
          "activeDirectories": [
            {
              "activeDirectoryId": "09ef3da0-c3dd-8e10-a69c-04a84d8ebc85",
              "username": "sdkuser",
              "password": "****************",
              "domain": "sdkdomain",
              "dns": "192.0.2.2",
              "status": "Created",
              "smbServerName": "PSSMBSName",
              "organizationalUnit": "CN=Computers",
              "adName": "ps1792",
              "aesEncryption": false,
              "ldapSigning": false,
              "ldapOverTLS": false,
              "allowLocalNfsUsersWithLdap": false,
              "encryptDCConnections": false,
              "ldapSearchScope": {}
            }
          ],
          "provisioningState": "Creating"
        },
        "systemData": {
          "createdBy": "c6c4faba-2b22-44d9-80a4-71ff5b71f811",
          "createdByType": "Application",
          "createdAt": "2023-09-19T14:59:55.6576385Z",
          "lastModifiedBy": "c6c4faba-2b22-44d9-80a4-71ff5b71f811",
          "lastModifiedByType": "Application",
          "lastModifiedAt": "2023-09-19T14:59:55.6576385Z"
        }
      }
    },
    {
      "RequestUri": "https://management.azure.com/subscriptions/69a75bda-882e-44d5-8431-63421204132a/providers/Microsoft.NetApp/locations/westus2/operationResults/7fcc50e1-1798-468d-8727-060989de31eb?api-version=2023-05-01",
      "RequestMethod": "GET",
      "RequestHeaders": {
        "Authorization": "Sanitized",
        "traceparent": "00-ac94bdb2a0869ea532f3af4d831bbb0f-9f4d7083183bdcfa-00",
        "User-Agent": "azsdk-net-ResourceManager/1.7.0 (.NET 7.0.7; Microsoft Windows 10.0.22621)",
        "x-ms-client-request-id": "efb2d242ff74efb200ad02f96e00b789",
        "x-ms-return-client-request-id": "true"
      },
      "RequestBody": null,
      "StatusCode": 200,
      "ResponseHeaders": {
        "Cache-Control": "no-cache",
        "Content-Length": "532",
        "Content-Type": "application/json; charset=utf-8",
        "Date": "Tue, 19 Sep 2023 14:59:56 GMT",
        "Expires": "-1",
        "Pragma": "no-cache",
        "Server": "Microsoft-IIS/10.0",
        "Strict-Transport-Security": "max-age=31536000; includeSubDomains",
        "X-Content-Type-Options": "nosniff",
        "x-ms-correlation-request-id": "358ebc35-c076-4d5b-b962-f8bf78679957",
        "x-ms-ratelimit-remaining-subscription-reads": "11998",
        "x-ms-request-id": "d5c2b405-af96-4e95-a52b-4403e88b0dc0",
        "x-ms-routing-request-id": "WESTEUROPE:20230919T145957Z:358ebc35-c076-4d5b-b962-f8bf78679957",
        "X-Powered-By": "ASP.NET"
      },
      "ResponseBody": {
        "id": "/subscriptions/69a75bda-882e-44d5-8431-63421204132a/providers/Microsoft.NetApp/locations/westus2/operationResults/7fcc50e1-1798-468d-8727-060989de31eb",
        "name": "7fcc50e1-1798-468d-8727-060989de31eb",
        "status": "Succeeded",
        "startTime": "2023-09-19T14:59:55.7978939Z",
        "endTime": "2023-09-19T14:59:55.8498714Z",
        "percentComplete": 100.0,
        "properties": {
          "resourceName": "/subscriptions/69a75bda-882e-44d5-8431-63421204132a/resourceGroups/testNetAppDotNetSDKRG-2576/providers/Microsoft.NetApp/netAppAccounts/account1926",
          "action": "CREATE"
        }
      }
    },
    {
      "RequestUri": "https://management.azure.com/subscriptions/69a75bda-882e-44d5-8431-63421204132a/resourceGroups/testNetAppDotNetSDKRG-2576/providers/Microsoft.NetApp/netAppAccounts/account1926?api-version=2023-05-01",
      "RequestMethod": "GET",
      "RequestHeaders": {
        "Authorization": "Sanitized",
        "traceparent": "00-ac94bdb2a0869ea532f3af4d831bbb0f-2218b7402d3ff624-00",
        "User-Agent": "azsdk-net-ResourceManager/1.7.0 (.NET 7.0.7; Microsoft Windows 10.0.22621)",
        "x-ms-client-request-id": "9843c6d1252faa7d15572946eea7fc2f",
        "x-ms-return-client-request-id": "true"
      },
      "RequestBody": null,
      "StatusCode": 200,
      "ResponseHeaders": {
        "Cache-Control": "no-cache",
        "Content-Length": "1178",
        "Content-Type": "application/json; charset=utf-8",
        "Date": "Tue, 19 Sep 2023 14:59:57 GMT",
        "ETag": "W/\u0022datetime\u00272023-09-19T14%3A59%3A55.8447684Z\u0027\u0022",
        "Expires": "-1",
        "Pragma": "no-cache",
        "Server": "Microsoft-IIS/10.0",
        "Strict-Transport-Security": "max-age=31536000; includeSubDomains",
        "X-Content-Type-Options": "nosniff",
        "x-ms-correlation-request-id": "2a6dad5e-d66d-4f89-a884-3219286d943f",
        "x-ms-ratelimit-remaining-subscription-reads": "11997",
        "x-ms-request-id": "60aad722-16ac-44b9-ab8a-505dca30e53c",
        "x-ms-routing-request-id": "WESTEUROPE:20230919T145958Z:2a6dad5e-d66d-4f89-a884-3219286d943f",
        "X-Powered-By": "ASP.NET"
      },
      "ResponseBody": {
        "id": "/subscriptions/69a75bda-882e-44d5-8431-63421204132a/resourceGroups/testNetAppDotNetSDKRG-2576/providers/Microsoft.NetApp/netAppAccounts/account1926",
        "name": "account1926",
        "type": "Microsoft.NetApp/netAppAccounts",
        "etag": "W/\u0022datetime\u00272023-09-19T14%3A59%3A55.8447684Z\u0027\u0022",
        "location": "westus2",
        "tags": {
          "key1": "value1",
          "key2": "value2",
          "CreatedOnDate": "2023-09-19T14:59:53.1601189Z"
        },
        "properties": {
          "activeDirectories": [
            {
              "activeDirectoryId": "09ef3da0-c3dd-8e10-a69c-04a84d8ebc85",
              "username": "sdkuser",
              "password": "****************",
              "domain": "sdkdomain",
              "dns": "192.0.2.2",
              "status": "Created",
              "smbServerName": "PSSMBSName",
              "organizationalUnit": "CN=Computers",
              "adName": "ps1792",
              "aesEncryption": false,
              "ldapSigning": false,
              "ldapOverTLS": false,
              "allowLocalNfsUsersWithLdap": false,
              "encryptDCConnections": false,
              "ldapSearchScope": {}
            }
          ],
          "encryption": {
            "keySource": "Microsoft.NetApp"
          },
          "provisioningState": "Succeeded"
        },
        "systemData": {
          "createdBy": "c6c4faba-2b22-44d9-80a4-71ff5b71f811",
          "createdByType": "Application",
          "createdAt": "2023-09-19T14:59:55.6576385Z",
          "lastModifiedBy": "c6c4faba-2b22-44d9-80a4-71ff5b71f811",
          "lastModifiedByType": "Application",
          "lastModifiedAt": "2023-09-19T14:59:55.6576385Z"
        }
      }
    },
    {
      "RequestUri": "https://management.azure.com/subscriptions/69a75bda-882e-44d5-8431-63421204132a/resourceGroups/testNetAppDotNetSDKRG-2576/providers/Microsoft.NetApp/netAppAccounts/account1926/capacityPools/pool1?api-version=2023-05-01",
      "RequestMethod": "PUT",
      "RequestHeaders": {
        "Accept": "application/json",
        "Authorization": "Sanitized",
        "Content-Length": "124",
        "Content-Type": "application/json",
        "traceparent": "00-d7770edf7054dda37a5af8752f7ffd47-e2d1881874e6372a-00",
        "User-Agent": "azsdk-net-ResourceManager.NetApp/1.4.0-alpha.20230915.1 (.NET 7.0.7; Microsoft Windows 10.0.22621)",
        "x-ms-client-request-id": "eb1dbd1bac06a5275a6e6981e2f42b62",
        "x-ms-return-client-request-id": "true"
      },
      "RequestBody": {
        "tags": {
          "key1": "value1",
          "key2": "value2"
        },
        "location": "westus2",
        "properties": {
          "size": 4398046511104,
          "serviceLevel": "Premium"
        }
      },
      "StatusCode": 201,
      "ResponseHeaders": {
        "Azure-AsyncOperation": "https://management.azure.com/subscriptions/69a75bda-882e-44d5-8431-63421204132a/providers/Microsoft.NetApp/locations/westus2/operationResults/ea8d8a73-b73e-47b1-98a9-170d19dc6d1e?api-version=2023-05-01",
        "Cache-Control": "no-cache",
        "Content-Length": "852",
        "Content-Type": "application/json; charset=utf-8",
        "Date": "Tue, 19 Sep 2023 15:00:00 GMT",
        "ETag": "W/\u0022datetime\u00272023-09-19T14%3A59%3A59.5503988Z\u0027\u0022",
        "Expires": "-1",
        "Pragma": "no-cache",
        "Server": "Microsoft-IIS/10.0",
        "Strict-Transport-Security": "max-age=31536000; includeSubDomains",
        "X-Content-Type-Options": "nosniff",
        "x-ms-correlation-request-id": "a75b1573-0585-4cce-be32-953f1b8aad73",
        "x-ms-ratelimit-remaining-subscription-writes": "1197",
        "x-ms-request-id": "2524aaba-5eb8-465f-9376-a29f374aaeb1",
        "x-ms-routing-request-id": "WESTEUROPE:20230919T150000Z:a75b1573-0585-4cce-be32-953f1b8aad73",
        "X-Powered-By": "ASP.NET"
      },
      "ResponseBody": {
        "id": "/subscriptions/69a75bda-882e-44d5-8431-63421204132a/resourceGroups/testNetAppDotNetSDKRG-2576/providers/Microsoft.NetApp/netAppAccounts/account1926/capacityPools/pool1",
        "name": "account1926/pool1",
        "type": "Microsoft.NetApp/netAppAccounts/capacityPools",
        "etag": "W/\u0022datetime\u00272023-09-19T14%3A59%3A59.5503988Z\u0027\u0022",
        "location": "westus2",
        "tags": {
          "key1": "value1",
          "key2": "value2",
          "CreatedOnDate": "2023-09-19T14:59:58.2993075Z"
        },
        "properties": {
          "serviceLevel": "Premium",
          "size": 4398046511104,
          "totalThroughputMibps": 0.0,
          "utilizedThroughputMibps": 0.0,
          "provisioningState": "Creating"
        },
        "systemData": {
          "createdBy": "c6c4faba-2b22-44d9-80a4-71ff5b71f811",
          "createdByType": "Application",
          "createdAt": "2023-09-19T14:59:59.3764113Z",
          "lastModifiedBy": "c6c4faba-2b22-44d9-80a4-71ff5b71f811",
          "lastModifiedByType": "Application",
          "lastModifiedAt": "2023-09-19T14:59:59.3764113Z"
        }
      }
    },
    {
      "RequestUri": "https://management.azure.com/subscriptions/69a75bda-882e-44d5-8431-63421204132a/providers/Microsoft.NetApp/locations/westus2/operationResults/ea8d8a73-b73e-47b1-98a9-170d19dc6d1e?api-version=2023-05-01",
      "RequestMethod": "GET",
      "RequestHeaders": {
        "Authorization": "Sanitized",
        "traceparent": "00-d7770edf7054dda37a5af8752f7ffd47-db3974a4273f0943-00",
        "User-Agent": "azsdk-net-ResourceManager/1.7.0 (.NET 7.0.7; Microsoft Windows 10.0.22621)",
        "x-ms-client-request-id": "b1ddd3b0cce225829e9e3dc1bbfcc721",
        "x-ms-return-client-request-id": "true"
      },
      "RequestBody": null,
      "StatusCode": 200,
      "ResponseHeaders": {
        "Cache-Control": "no-cache",
        "Content-Length": "552",
        "Content-Type": "application/json; charset=utf-8",
        "Date": "Tue, 19 Sep 2023 15:00:00 GMT",
        "Expires": "-1",
        "Pragma": "no-cache",
        "Server": "Microsoft-IIS/10.0",
        "Strict-Transport-Security": "max-age=31536000; includeSubDomains",
        "X-Content-Type-Options": "nosniff",
        "x-ms-correlation-request-id": "e83fd933-f11c-482e-99ba-08c6846a1393",
        "x-ms-ratelimit-remaining-subscription-reads": "11996",
        "x-ms-request-id": "395ca085-c42f-4790-9f97-0c47115545de",
        "x-ms-routing-request-id": "WESTEUROPE:20230919T150001Z:e83fd933-f11c-482e-99ba-08c6846a1393",
        "X-Powered-By": "ASP.NET"
      },
      "ResponseBody": {
        "id": "/subscriptions/69a75bda-882e-44d5-8431-63421204132a/providers/Microsoft.NetApp/locations/westus2/operationResults/ea8d8a73-b73e-47b1-98a9-170d19dc6d1e",
        "name": "ea8d8a73-b73e-47b1-98a9-170d19dc6d1e",
        "status": "Succeeded",
        "startTime": "2023-09-19T14:59:59.5603132Z",
        "endTime": "2023-09-19T15:00:00.0415747Z",
        "percentComplete": 100.0,
        "properties": {
          "resourceName": "/subscriptions/69a75bda-882e-44d5-8431-63421204132a/resourceGroups/testNetAppDotNetSDKRG-2576/providers/Microsoft.NetApp/netAppAccounts/account1926/capacityPools/pool1",
          "action": "CREATE"
        }
      }
    },
    {
      "RequestUri": "https://management.azure.com/subscriptions/69a75bda-882e-44d5-8431-63421204132a/resourceGroups/testNetAppDotNetSDKRG-2576/providers/Microsoft.NetApp/netAppAccounts/account1926/capacityPools/pool1?api-version=2023-05-01",
      "RequestMethod": "GET",
      "RequestHeaders": {
        "Authorization": "Sanitized",
        "traceparent": "00-d7770edf7054dda37a5af8752f7ffd47-cc903d1222e485fd-00",
        "User-Agent": "azsdk-net-ResourceManager/1.7.0 (.NET 7.0.7; Microsoft Windows 10.0.22621)",
        "x-ms-client-request-id": "38cfc72bdc20e882cf0197fed10acfef",
        "x-ms-return-client-request-id": "true"
      },
      "RequestBody": null,
      "StatusCode": 200,
      "ResponseHeaders": {
        "Cache-Control": "no-cache",
        "Content-Length": "965",
        "Content-Type": "application/json; charset=utf-8",
        "Date": "Tue, 19 Sep 2023 15:00:00 GMT",
        "ETag": "W/\u0022datetime\u00272023-09-19T15%3A00%3A00.0313605Z\u0027\u0022",
        "Expires": "-1",
        "Pragma": "no-cache",
        "Server": "Microsoft-IIS/10.0",
        "Strict-Transport-Security": "max-age=31536000; includeSubDomains",
        "X-Content-Type-Options": "nosniff",
        "x-ms-correlation-request-id": "def4e4d4-e1c6-4330-b70b-5fdd8e4e54a9",
        "x-ms-ratelimit-remaining-subscription-reads": "11995",
        "x-ms-request-id": "8d430613-5f3b-4185-980b-343a97083afd",
        "x-ms-routing-request-id": "WESTEUROPE:20230919T150001Z:def4e4d4-e1c6-4330-b70b-5fdd8e4e54a9",
        "X-Powered-By": "ASP.NET"
      },
      "ResponseBody": {
        "id": "/subscriptions/69a75bda-882e-44d5-8431-63421204132a/resourceGroups/testNetAppDotNetSDKRG-2576/providers/Microsoft.NetApp/netAppAccounts/account1926/capacityPools/pool1",
        "name": "account1926/pool1",
        "type": "Microsoft.NetApp/netAppAccounts/capacityPools",
        "etag": "W/\u0022datetime\u00272023-09-19T15%3A00%3A00.0313605Z\u0027\u0022",
        "location": "westus2",
        "tags": {
          "key1": "value1",
          "key2": "value2",
          "CreatedOnDate": "2023-09-19T14:59:58.2993075Z"
        },
        "properties": {
          "poolId": "bbcc4513-2750-25bf-161d-f2df9034eefe",
          "serviceLevel": "Premium",
          "size": 4398046511104,
          "qosType": "Auto",
          "totalThroughputMibps": 256.0,
          "utilizedThroughputMibps": 0.0,
          "encryptionType": "Single",
          "coolAccess": false,
          "provisioningState": "Succeeded"
        },
        "systemData": {
          "createdBy": "c6c4faba-2b22-44d9-80a4-71ff5b71f811",
          "createdByType": "Application",
          "createdAt": "2023-09-19T14:59:59.3764113Z",
          "lastModifiedBy": "c6c4faba-2b22-44d9-80a4-71ff5b71f811",
          "lastModifiedByType": "Application",
          "lastModifiedAt": "2023-09-19T14:59:59.3764113Z"
        }
      }
    },
    {
      "RequestUri": "https://management.azure.com/subscriptions/69a75bda-882e-44d5-8431-63421204132a/resourceGroups/testNetAppDotNetSDKRG-2576/providers/Microsoft.Network/virtualNetworks/vnet-4585?api-version=**",
      "RequestMethod": "PUT",
      "RequestHeaders": {
        "Accept": "application/json",
        "Authorization": "Sanitized",
        "Content-Length": "261",
        "Content-Type": "application/json",
        "traceparent": "00-06be22ffcf85be8b31dc312eb15a4b04-ff3f9569bf45d4b9-00",
        "User-Agent": "azsdk-net-ResourceManager.Network/1.1.0 (.NET 7.0.7; Microsoft Windows 10.0.22621)",
        "x-ms-client-request-id": "79170fd0aa7f6033810ef52b605740b8",
        "x-ms-return-client-request-id": "true"
      },
      "RequestBody": {
        "location": "westus2",
        "properties": {
          "addressSpace": {
            "addressPrefixes": [
              "10.0.0.0/16"
            ]
          },
          "subnets": [
            {
              "name": "default",
              "properties": {
                "addressPrefix": "10.0.1.0/24",
                "delegations": [
                  {
                    "name": "netAppVolumes",
                    "properties": {
                      "serviceName": "Microsoft.Netapp/volumes"
                    }
                  }
                ]
              }
            }
          ]
        }
      },
      "StatusCode": 201,
      "ResponseHeaders": {
        "Azure-AsyncNotification": "Enabled",
        "Azure-AsyncOperation": "https://management.azure.com/subscriptions/69a75bda-882e-44d5-8431-63421204132a/providers/Microsoft.Network/locations/westus2/operations/2ce2e22a-5089-4141-98b7-3ee7cd992634?api-version=2021-02-01",
        "Cache-Control": "no-cache",
        "Content-Length": "2151",
        "Content-Type": "application/json; charset=utf-8",
        "Date": "Tue, 19 Sep 2023 15:00:03 GMT",
        "Expires": "-1",
        "Pragma": "no-cache",
        "Retry-After": "3",
        "Server": [
          "Microsoft-HTTPAPI/2.0",
          "Microsoft-HTTPAPI/2.0"
        ],
        "Strict-Transport-Security": "max-age=31536000; includeSubDomains",
        "X-Content-Type-Options": "nosniff",
        "x-ms-arm-service-request-id": "c3da6e0b-a026-48fc-9191-1389b465c60a",
        "x-ms-client-request-id": "79170fd0aa7f6033810ef52b605740b8",
        "x-ms-correlation-request-id": "51dd7de1-d956-4278-a2e3-8354b7794ac5",
        "x-ms-ratelimit-remaining-subscription-writes": "1196",
        "x-ms-request-id": "2ce2e22a-5089-4141-98b7-3ee7cd992634",
        "x-ms-routing-request-id": "WESTEUROPE:20230919T150004Z:51dd7de1-d956-4278-a2e3-8354b7794ac5"
      },
      "ResponseBody": {
        "name": "vnet-4585",
        "id": "/subscriptions/69a75bda-882e-44d5-8431-63421204132a/resourceGroups/testNetAppDotNetSDKRG-2576/providers/Microsoft.Network/virtualNetworks/vnet-4585",
        "etag": "W/\u0022eeabb6a0-d056-4b6d-b1be-563fa2415052\u0022",
        "type": "Microsoft.Network/virtualNetworks",
        "location": "westus2",
        "tags": {
          "CreatedOnDate": "2023-09-19T15:00:01.8001148Z"
        },
        "properties": {
          "provisioningState": "Updating",
          "resourceGuid": "74c2518f-42b5-44a9-89ba-009f9fe9c0ed",
          "addressSpace": {
            "addressPrefixes": [
              "10.0.0.0/16"
            ]
          },
          "subnets": [
            {
              "name": "default",
              "id": "/subscriptions/69a75bda-882e-44d5-8431-63421204132a/resourceGroups/testNetAppDotNetSDKRG-2576/providers/Microsoft.Network/virtualNetworks/vnet-4585/subnets/default",
              "etag": "W/\u0022eeabb6a0-d056-4b6d-b1be-563fa2415052\u0022",
              "properties": {
                "provisioningState": "Updating",
                "addressPrefix": "10.0.1.0/24",
                "delegations": [
                  {
                    "name": "netAppVolumes",
                    "id": "/subscriptions/69a75bda-882e-44d5-8431-63421204132a/resourceGroups/testNetAppDotNetSDKRG-2576/providers/Microsoft.Network/virtualNetworks/vnet-4585/subnets/default/delegations/netAppVolumes",
                    "etag": "W/\u0022eeabb6a0-d056-4b6d-b1be-563fa2415052\u0022",
                    "properties": {
                      "provisioningState": "Succeeded",
                      "serviceName": "Microsoft.Netapp/volumes",
                      "actions": [
                        "Microsoft.Network/networkinterfaces/*",
                        "Microsoft.Network/virtualNetworks/subnets/join/action"
                      ]
                    },
                    "type": "Microsoft.Network/virtualNetworks/subnets/delegations"
                  }
                ],
                "purpose": "HostedWorkloads",
                "privateEndpointNetworkPolicies": "Disabled",
                "privateLinkServiceNetworkPolicies": "Enabled"
              },
              "type": "Microsoft.Network/virtualNetworks/subnets"
            }
          ],
          "virtualNetworkPeerings": [],
          "enableDdosProtection": false
        }
      }
    },
    {
      "RequestUri": "https://management.azure.com/subscriptions/69a75bda-882e-44d5-8431-63421204132a/providers/Microsoft.Network/locations/westus2/operations/2ce2e22a-5089-4141-98b7-3ee7cd992634?api-version=**",
      "RequestMethod": "GET",
      "RequestHeaders": {
        "Authorization": "Sanitized",
        "traceparent": "00-06be22ffcf85be8b31dc312eb15a4b04-29f0215b8b889fa5-00",
        "User-Agent": "azsdk-net-ResourceManager/1.7.0 (.NET 7.0.7; Microsoft Windows 10.0.22621)",
        "x-ms-client-request-id": "b82cab53b10a244705c05a74f2a4a03f",
        "x-ms-return-client-request-id": "true"
      },
      "RequestBody": null,
      "StatusCode": 200,
      "ResponseHeaders": {
        "Cache-Control": "no-cache",
        "Content-Length": "30",
        "Content-Type": "application/json; charset=utf-8",
        "Date": "Tue, 19 Sep 2023 15:00:03 GMT",
        "Expires": "-1",
        "Pragma": "no-cache",
        "Retry-After": "10",
        "Server": [
          "Microsoft-HTTPAPI/2.0",
          "Microsoft-HTTPAPI/2.0"
        ],
        "Strict-Transport-Security": "max-age=31536000; includeSubDomains",
        "X-Content-Type-Options": "nosniff",
        "x-ms-arm-service-request-id": "7974aae5-597c-4277-a74a-43544c8c3c34",
        "x-ms-client-request-id": "b82cab53b10a244705c05a74f2a4a03f",
        "x-ms-correlation-request-id": "da4429a7-b2a1-4b94-981e-ec47bf1d0824",
        "x-ms-ratelimit-remaining-subscription-reads": "11994",
        "x-ms-request-id": "fd710a4d-a78e-409e-a002-ace99cd2270d",
        "x-ms-routing-request-id": "WESTEUROPE:20230919T150004Z:da4429a7-b2a1-4b94-981e-ec47bf1d0824"
      },
      "ResponseBody": {
        "status": "InProgress"
      }
    },
    {
      "RequestUri": "https://management.azure.com/subscriptions/69a75bda-882e-44d5-8431-63421204132a/providers/Microsoft.Network/locations/westus2/operations/2ce2e22a-5089-4141-98b7-3ee7cd992634?api-version=**",
      "RequestMethod": "GET",
      "RequestHeaders": {
        "Authorization": "Sanitized",
        "traceparent": "00-06be22ffcf85be8b31dc312eb15a4b04-fb0a10411537a9a2-00",
        "User-Agent": "azsdk-net-ResourceManager/1.7.0 (.NET 7.0.7; Microsoft Windows 10.0.22621)",
        "x-ms-client-request-id": "c01819bda652fcd8be21979e75af0ced",
        "x-ms-return-client-request-id": "true"
      },
      "RequestBody": null,
      "StatusCode": 200,
      "ResponseHeaders": {
        "Cache-Control": "no-cache",
        "Content-Length": "29",
        "Content-Type": "application/json; charset=utf-8",
        "Date": "Tue, 19 Sep 2023 15:00:14 GMT",
        "Expires": "-1",
        "Pragma": "no-cache",
        "Server": [
          "Microsoft-HTTPAPI/2.0",
          "Microsoft-HTTPAPI/2.0"
        ],
        "Strict-Transport-Security": "max-age=31536000; includeSubDomains",
        "X-Content-Type-Options": "nosniff",
        "x-ms-arm-service-request-id": "a01f4400-638b-43a3-8d2c-e178851de5ff",
        "x-ms-client-request-id": "c01819bda652fcd8be21979e75af0ced",
        "x-ms-correlation-request-id": "e534a05a-9d7c-4bfb-97ab-cdb143f88cfb",
        "x-ms-ratelimit-remaining-subscription-reads": "11993",
        "x-ms-request-id": "98e1c5f6-b93d-4e2f-90c6-8a893190efed",
        "x-ms-routing-request-id": "WESTEUROPE:20230919T150014Z:e534a05a-9d7c-4bfb-97ab-cdb143f88cfb"
      },
      "ResponseBody": {
        "status": "Succeeded"
      }
    },
    {
      "RequestUri": "https://management.azure.com/subscriptions/69a75bda-882e-44d5-8431-63421204132a/resourceGroups/testNetAppDotNetSDKRG-2576/providers/Microsoft.Network/virtualNetworks/vnet-4585?api-version=**",
      "RequestMethod": "GET",
      "RequestHeaders": {
        "Authorization": "Sanitized",
        "traceparent": "00-06be22ffcf85be8b31dc312eb15a4b04-b9193bcd5c83a87e-00",
        "User-Agent": "azsdk-net-ResourceManager/1.7.0 (.NET 7.0.7; Microsoft Windows 10.0.22621)",
        "x-ms-client-request-id": "b5d8a73e882b40aec678c27879dc033d",
        "x-ms-return-client-request-id": "true"
      },
      "RequestBody": null,
      "StatusCode": 200,
      "ResponseHeaders": {
        "Cache-Control": "no-cache",
        "Content-Length": "2153",
        "Content-Type": "application/json; charset=utf-8",
        "Date": "Tue, 19 Sep 2023 15:00:14 GMT",
        "ETag": "W/\u0022bde4b5d2-15af-497c-b484-5e5f8c1053f3\u0022",
        "Expires": "-1",
        "Pragma": "no-cache",
        "Server": [
          "Microsoft-HTTPAPI/2.0",
          "Microsoft-HTTPAPI/2.0"
        ],
        "Strict-Transport-Security": "max-age=31536000; includeSubDomains",
        "X-Content-Type-Options": "nosniff",
        "x-ms-arm-service-request-id": "2d98b741-1f20-42f5-b166-7cde3efbcf8f",
        "x-ms-client-request-id": "b5d8a73e882b40aec678c27879dc033d",
        "x-ms-correlation-request-id": "69b2c4ab-325d-4d8d-8052-8f8f42ac0cfc",
        "x-ms-ratelimit-remaining-subscription-reads": "11992",
        "x-ms-request-id": "c6d08851-1b60-45aa-8784-e233d5655ba9",
        "x-ms-routing-request-id": "WESTEUROPE:20230919T150015Z:69b2c4ab-325d-4d8d-8052-8f8f42ac0cfc"
      },
      "ResponseBody": {
        "name": "vnet-4585",
        "id": "/subscriptions/69a75bda-882e-44d5-8431-63421204132a/resourceGroups/testNetAppDotNetSDKRG-2576/providers/Microsoft.Network/virtualNetworks/vnet-4585",
        "etag": "W/\u0022bde4b5d2-15af-497c-b484-5e5f8c1053f3\u0022",
        "type": "Microsoft.Network/virtualNetworks",
        "location": "westus2",
        "tags": {
          "CreatedOnDate": "2023-09-19T15:00:01.8001148Z"
        },
        "properties": {
          "provisioningState": "Succeeded",
          "resourceGuid": "74c2518f-42b5-44a9-89ba-009f9fe9c0ed",
          "addressSpace": {
            "addressPrefixes": [
              "10.0.0.0/16"
            ]
          },
          "subnets": [
            {
              "name": "default",
              "id": "/subscriptions/69a75bda-882e-44d5-8431-63421204132a/resourceGroups/testNetAppDotNetSDKRG-2576/providers/Microsoft.Network/virtualNetworks/vnet-4585/subnets/default",
              "etag": "W/\u0022bde4b5d2-15af-497c-b484-5e5f8c1053f3\u0022",
              "properties": {
                "provisioningState": "Succeeded",
                "addressPrefix": "10.0.1.0/24",
                "delegations": [
                  {
                    "name": "netAppVolumes",
                    "id": "/subscriptions/69a75bda-882e-44d5-8431-63421204132a/resourceGroups/testNetAppDotNetSDKRG-2576/providers/Microsoft.Network/virtualNetworks/vnet-4585/subnets/default/delegations/netAppVolumes",
                    "etag": "W/\u0022bde4b5d2-15af-497c-b484-5e5f8c1053f3\u0022",
                    "properties": {
                      "provisioningState": "Succeeded",
                      "serviceName": "Microsoft.Netapp/volumes",
                      "actions": [
                        "Microsoft.Network/networkinterfaces/*",
                        "Microsoft.Network/virtualNetworks/subnets/join/action"
                      ]
                    },
                    "type": "Microsoft.Network/virtualNetworks/subnets/delegations"
                  }
                ],
                "purpose": "HostedWorkloads",
                "privateEndpointNetworkPolicies": "Disabled",
                "privateLinkServiceNetworkPolicies": "Enabled"
              },
              "type": "Microsoft.Network/virtualNetworks/subnets"
            }
          ],
          "virtualNetworkPeerings": [],
          "enableDdosProtection": false
        }
      }
    },
    {
      "RequestUri": "https://management.azure.com/subscriptions/69a75bda-882e-44d5-8431-63421204132a/resourceGroups/testNetAppDotNetSDKRG-2576/providers/Microsoft.Network/virtualNetworks/vnet-4585?api-version=**",
      "RequestMethod": "PUT",
      "RequestHeaders": {
        "Accept": "application/json",
        "Authorization": "Sanitized",
        "Content-Length": "261",
        "Content-Type": "application/json",
        "traceparent": "00-c5adc0ab01b27e29ab0b9f9ddc50af2a-8aef5da496c699af-00",
        "User-Agent": "azsdk-net-ResourceManager.Network/1.1.0 (.NET 7.0.7; Microsoft Windows 10.0.22621)",
        "x-ms-client-request-id": "3bc6f5410e7badfcd32ff9e819a9ae55",
        "x-ms-return-client-request-id": "true"
      },
      "RequestBody": {
        "location": "westus2",
        "properties": {
          "addressSpace": {
            "addressPrefixes": [
              "10.0.0.0/16"
            ]
          },
          "subnets": [
            {
              "name": "default",
              "properties": {
                "addressPrefix": "10.0.1.0/24",
                "delegations": [
                  {
                    "name": "netAppVolumes",
                    "properties": {
                      "serviceName": "Microsoft.Netapp/volumes"
                    }
                  }
                ]
              }
            }
          ]
        }
      },
      "StatusCode": 200,
      "ResponseHeaders": {
        "Azure-AsyncNotification": "Enabled",
        "Azure-AsyncOperation": "https://management.azure.com/subscriptions/69a75bda-882e-44d5-8431-63421204132a/providers/Microsoft.Network/locations/westus2/operations/56539a57-fc3c-4798-a2bf-8378f0e4796f?api-version=2021-02-01",
        "Cache-Control": "no-cache",
        "Content-Length": "2153",
        "Content-Type": "application/json; charset=utf-8",
        "Date": "Tue, 19 Sep 2023 15:00:16 GMT",
        "Expires": "-1",
        "Pragma": "no-cache",
        "Server": [
          "Microsoft-HTTPAPI/2.0",
          "Microsoft-HTTPAPI/2.0"
        ],
        "Strict-Transport-Security": "max-age=31536000; includeSubDomains",
        "X-Content-Type-Options": "nosniff",
        "x-ms-arm-service-request-id": "6a6717f1-6430-400e-a08c-275580374cbb",
        "x-ms-client-request-id": "3bc6f5410e7badfcd32ff9e819a9ae55",
        "x-ms-correlation-request-id": "4800c3ea-4750-48e5-ac92-762adc89ff1c",
        "x-ms-ratelimit-remaining-subscription-writes": "1195",
        "x-ms-request-id": "56539a57-fc3c-4798-a2bf-8378f0e4796f",
        "x-ms-routing-request-id": "WESTEUROPE:20230919T150017Z:4800c3ea-4750-48e5-ac92-762adc89ff1c"
      },
      "ResponseBody": {
        "name": "vnet-4585",
        "id": "/subscriptions/69a75bda-882e-44d5-8431-63421204132a/resourceGroups/testNetAppDotNetSDKRG-2576/providers/Microsoft.Network/virtualNetworks/vnet-4585",
        "etag": "W/\u0022d61d9b72-d851-4dfe-9e2d-26b35af62711\u0022",
        "type": "Microsoft.Network/virtualNetworks",
        "location": "westus2",
        "tags": {
          "CreatedOnDate": "2023-09-19T15:00:15.7187391Z"
        },
        "properties": {
          "provisioningState": "Succeeded",
          "resourceGuid": "74c2518f-42b5-44a9-89ba-009f9fe9c0ed",
          "addressSpace": {
            "addressPrefixes": [
              "10.0.0.0/16"
            ]
          },
          "subnets": [
            {
              "name": "default",
              "id": "/subscriptions/69a75bda-882e-44d5-8431-63421204132a/resourceGroups/testNetAppDotNetSDKRG-2576/providers/Microsoft.Network/virtualNetworks/vnet-4585/subnets/default",
              "etag": "W/\u0022d61d9b72-d851-4dfe-9e2d-26b35af62711\u0022",
              "properties": {
                "provisioningState": "Succeeded",
                "addressPrefix": "10.0.1.0/24",
                "delegations": [
                  {
                    "name": "netAppVolumes",
                    "id": "/subscriptions/69a75bda-882e-44d5-8431-63421204132a/resourceGroups/testNetAppDotNetSDKRG-2576/providers/Microsoft.Network/virtualNetworks/vnet-4585/subnets/default/delegations/netAppVolumes",
                    "etag": "W/\u0022d61d9b72-d851-4dfe-9e2d-26b35af62711\u0022",
                    "properties": {
                      "provisioningState": "Succeeded",
                      "serviceName": "Microsoft.Netapp/volumes",
                      "actions": [
                        "Microsoft.Network/networkinterfaces/*",
                        "Microsoft.Network/virtualNetworks/subnets/join/action"
                      ]
                    },
                    "type": "Microsoft.Network/virtualNetworks/subnets/delegations"
                  }
                ],
                "purpose": "HostedWorkloads",
                "privateEndpointNetworkPolicies": "Disabled",
                "privateLinkServiceNetworkPolicies": "Enabled"
              },
              "type": "Microsoft.Network/virtualNetworks/subnets"
            }
          ],
          "virtualNetworkPeerings": [],
          "enableDdosProtection": false
        }
      }
    },
    {
      "RequestUri": "https://management.azure.com/subscriptions/69a75bda-882e-44d5-8431-63421204132a/providers/Microsoft.Network/locations/westus2/operations/56539a57-fc3c-4798-a2bf-8378f0e4796f?api-version=**",
      "RequestMethod": "GET",
      "RequestHeaders": {
        "Authorization": "Sanitized",
        "traceparent": "00-c5adc0ab01b27e29ab0b9f9ddc50af2a-7d7bc494e6d5d6cd-00",
        "User-Agent": "azsdk-net-ResourceManager/1.7.0 (.NET 7.0.7; Microsoft Windows 10.0.22621)",
        "x-ms-client-request-id": "805d591ed1e92f72aa2be2fb8fc5261d",
        "x-ms-return-client-request-id": "true"
      },
      "RequestBody": null,
      "StatusCode": 200,
      "ResponseHeaders": {
        "Cache-Control": "no-cache",
        "Content-Length": "29",
        "Content-Type": "application/json; charset=utf-8",
        "Date": "Tue, 19 Sep 2023 15:00:16 GMT",
        "Expires": "-1",
        "Pragma": "no-cache",
        "Server": [
          "Microsoft-HTTPAPI/2.0",
          "Microsoft-HTTPAPI/2.0"
        ],
        "Strict-Transport-Security": "max-age=31536000; includeSubDomains",
        "X-Content-Type-Options": "nosniff",
        "x-ms-arm-service-request-id": "cf80b5b7-bd83-4a7a-a742-a3e8b0742cee",
        "x-ms-client-request-id": "805d591ed1e92f72aa2be2fb8fc5261d",
        "x-ms-correlation-request-id": "3c57a9b1-244d-498e-88e2-d55bbc4daab1",
        "x-ms-ratelimit-remaining-subscription-reads": "11991",
        "x-ms-request-id": "012754b9-6f21-4990-8f33-6040103ca481",
        "x-ms-routing-request-id": "WESTEUROPE:20230919T150017Z:3c57a9b1-244d-498e-88e2-d55bbc4daab1"
      },
      "ResponseBody": {
        "status": "Succeeded"
      }
    },
    {
      "RequestUri": "https://management.azure.com/subscriptions/69a75bda-882e-44d5-8431-63421204132a/resourceGroups/testNetAppDotNetSDKRG-2576/providers/Microsoft.Network/virtualNetworks/vnet-4585?api-version=**",
      "RequestMethod": "GET",
      "RequestHeaders": {
        "Authorization": "Sanitized",
        "traceparent": "00-c5adc0ab01b27e29ab0b9f9ddc50af2a-2717cf842235a35d-00",
        "User-Agent": "azsdk-net-ResourceManager/1.7.0 (.NET 7.0.7; Microsoft Windows 10.0.22621)",
        "x-ms-client-request-id": "0bc36ccab8a65672e191d0a21422c973",
        "x-ms-return-client-request-id": "true"
      },
      "RequestBody": null,
      "StatusCode": 200,
      "ResponseHeaders": {
        "Cache-Control": "no-cache",
        "Content-Length": "2153",
        "Content-Type": "application/json; charset=utf-8",
        "Date": "Tue, 19 Sep 2023 15:00:17 GMT",
        "ETag": "W/\u0022d61d9b72-d851-4dfe-9e2d-26b35af62711\u0022",
        "Expires": "-1",
        "Pragma": "no-cache",
        "Server": [
          "Microsoft-HTTPAPI/2.0",
          "Microsoft-HTTPAPI/2.0"
        ],
        "Strict-Transport-Security": "max-age=31536000; includeSubDomains",
        "X-Content-Type-Options": "nosniff",
        "x-ms-arm-service-request-id": "74aff5f7-7fb0-4a30-a98c-49cf2e68e124",
        "x-ms-client-request-id": "0bc36ccab8a65672e191d0a21422c973",
        "x-ms-correlation-request-id": "f8676dd2-1aa5-4b84-bc22-c6c4ec469d45",
        "x-ms-ratelimit-remaining-subscription-reads": "11990",
        "x-ms-request-id": "f173e532-e41e-42e3-a314-5bf58b0d4cfb",
        "x-ms-routing-request-id": "WESTEUROPE:20230919T150017Z:f8676dd2-1aa5-4b84-bc22-c6c4ec469d45"
      },
      "ResponseBody": {
        "name": "vnet-4585",
        "id": "/subscriptions/69a75bda-882e-44d5-8431-63421204132a/resourceGroups/testNetAppDotNetSDKRG-2576/providers/Microsoft.Network/virtualNetworks/vnet-4585",
        "etag": "W/\u0022d61d9b72-d851-4dfe-9e2d-26b35af62711\u0022",
        "type": "Microsoft.Network/virtualNetworks",
        "location": "westus2",
        "tags": {
          "CreatedOnDate": "2023-09-19T15:00:15.7187391Z"
        },
        "properties": {
          "provisioningState": "Succeeded",
          "resourceGuid": "74c2518f-42b5-44a9-89ba-009f9fe9c0ed",
          "addressSpace": {
            "addressPrefixes": [
              "10.0.0.0/16"
            ]
          },
          "subnets": [
            {
              "name": "default",
              "id": "/subscriptions/69a75bda-882e-44d5-8431-63421204132a/resourceGroups/testNetAppDotNetSDKRG-2576/providers/Microsoft.Network/virtualNetworks/vnet-4585/subnets/default",
              "etag": "W/\u0022d61d9b72-d851-4dfe-9e2d-26b35af62711\u0022",
              "properties": {
                "provisioningState": "Succeeded",
                "addressPrefix": "10.0.1.0/24",
                "delegations": [
                  {
                    "name": "netAppVolumes",
                    "id": "/subscriptions/69a75bda-882e-44d5-8431-63421204132a/resourceGroups/testNetAppDotNetSDKRG-2576/providers/Microsoft.Network/virtualNetworks/vnet-4585/subnets/default/delegations/netAppVolumes",
                    "etag": "W/\u0022d61d9b72-d851-4dfe-9e2d-26b35af62711\u0022",
                    "properties": {
                      "provisioningState": "Succeeded",
                      "serviceName": "Microsoft.Netapp/volumes",
                      "actions": [
                        "Microsoft.Network/networkinterfaces/*",
                        "Microsoft.Network/virtualNetworks/subnets/join/action"
                      ]
                    },
                    "type": "Microsoft.Network/virtualNetworks/subnets/delegations"
                  }
                ],
                "purpose": "HostedWorkloads",
                "privateEndpointNetworkPolicies": "Disabled",
                "privateLinkServiceNetworkPolicies": "Enabled"
              },
              "type": "Microsoft.Network/virtualNetworks/subnets"
            }
          ],
          "virtualNetworkPeerings": [],
          "enableDdosProtection": false
        }
      }
    },
    {
      "RequestUri": "https://management.azure.com/subscriptions/69a75bda-882e-44d5-8431-63421204132a/resourceGroups/testNetAppDotNetSDKRG-2576/providers/Microsoft.Network/virtualNetworks/vnet-4585?api-version=**",
      "RequestMethod": "GET",
      "RequestHeaders": {
        "Accept": "application/json",
        "Authorization": "Sanitized",
        "traceparent": "00-3e90724980b123c817ba8c94a084073a-95b07d1b66d6079c-00",
        "User-Agent": "azsdk-net-ResourceManager.Network/1.1.0 (.NET 7.0.7; Microsoft Windows 10.0.22621)",
        "x-ms-client-request-id": "c0c916ac2d4be36cfb05a0a00718a6a4",
        "x-ms-return-client-request-id": "true"
      },
      "RequestBody": null,
      "StatusCode": 200,
      "ResponseHeaders": {
        "Cache-Control": "no-cache",
        "Content-Length": "2153",
        "Content-Type": "application/json; charset=utf-8",
        "Date": "Tue, 19 Sep 2023 15:00:48 GMT",
        "ETag": "W/\u0022d61d9b72-d851-4dfe-9e2d-26b35af62711\u0022",
        "Expires": "-1",
        "Pragma": "no-cache",
        "Server": [
          "Microsoft-HTTPAPI/2.0",
          "Microsoft-HTTPAPI/2.0"
        ],
        "Strict-Transport-Security": "max-age=31536000; includeSubDomains",
        "X-Content-Type-Options": "nosniff",
        "x-ms-arm-service-request-id": "ecf86ddd-e786-4941-b632-4e30b86a35f4",
        "x-ms-client-request-id": "c0c916ac2d4be36cfb05a0a00718a6a4",
        "x-ms-correlation-request-id": "bdbdce10-fc99-430e-9905-79d5353083f3",
        "x-ms-ratelimit-remaining-subscription-reads": "11989",
        "x-ms-request-id": "d8a18bf4-265f-407b-937d-51be57f260d3",
        "x-ms-routing-request-id": "WESTEUROPE:20230919T150048Z:bdbdce10-fc99-430e-9905-79d5353083f3"
      },
      "ResponseBody": {
        "name": "vnet-4585",
        "id": "/subscriptions/69a75bda-882e-44d5-8431-63421204132a/resourceGroups/testNetAppDotNetSDKRG-2576/providers/Microsoft.Network/virtualNetworks/vnet-4585",
        "etag": "W/\u0022d61d9b72-d851-4dfe-9e2d-26b35af62711\u0022",
        "type": "Microsoft.Network/virtualNetworks",
        "location": "westus2",
        "tags": {
          "CreatedOnDate": "2023-09-19T15:00:15.7187391Z"
        },
        "properties": {
          "provisioningState": "Succeeded",
          "resourceGuid": "74c2518f-42b5-44a9-89ba-009f9fe9c0ed",
          "addressSpace": {
            "addressPrefixes": [
              "10.0.0.0/16"
            ]
          },
          "subnets": [
            {
              "name": "default",
              "id": "/subscriptions/69a75bda-882e-44d5-8431-63421204132a/resourceGroups/testNetAppDotNetSDKRG-2576/providers/Microsoft.Network/virtualNetworks/vnet-4585/subnets/default",
              "etag": "W/\u0022d61d9b72-d851-4dfe-9e2d-26b35af62711\u0022",
              "properties": {
                "provisioningState": "Succeeded",
                "addressPrefix": "10.0.1.0/24",
                "delegations": [
                  {
                    "name": "netAppVolumes",
                    "id": "/subscriptions/69a75bda-882e-44d5-8431-63421204132a/resourceGroups/testNetAppDotNetSDKRG-2576/providers/Microsoft.Network/virtualNetworks/vnet-4585/subnets/default/delegations/netAppVolumes",
                    "etag": "W/\u0022d61d9b72-d851-4dfe-9e2d-26b35af62711\u0022",
                    "properties": {
                      "provisioningState": "Succeeded",
                      "serviceName": "Microsoft.Netapp/volumes",
                      "actions": [
                        "Microsoft.Network/networkinterfaces/*",
                        "Microsoft.Network/virtualNetworks/subnets/join/action"
                      ]
                    },
                    "type": "Microsoft.Network/virtualNetworks/subnets/delegations"
                  }
                ],
                "purpose": "HostedWorkloads",
                "privateEndpointNetworkPolicies": "Disabled",
                "privateLinkServiceNetworkPolicies": "Enabled"
              },
              "type": "Microsoft.Network/virtualNetworks/subnets"
            }
          ],
          "virtualNetworkPeerings": [],
          "enableDdosProtection": false
        }
      }
    },
    {
      "RequestUri": "https://management.azure.com/subscriptions/69a75bda-882e-44d5-8431-63421204132a/resourceGroups/testNetAppDotNetSDKRG-2576/providers/Microsoft.NetApp/netAppAccounts/account1926/capacityPools/pool1/volumes/volumeName-8837?api-version=2023-05-01",
      "RequestMethod": "PUT",
      "RequestHeaders": {
        "Accept": "application/json",
        "Authorization": "Sanitized",
        "Content-Length": "663",
        "Content-Type": "application/json",
        "traceparent": "00-6b5e28143b85c78d17f210bc0e95cdae-0e96135f8166bd4f-00",
        "User-Agent": "azsdk-net-ResourceManager.NetApp/1.4.0-alpha.20230915.1 (.NET 7.0.7; Microsoft Windows 10.0.22621)",
        "x-ms-client-request-id": "770fddb2779c663be7069e5800cf1b87",
        "x-ms-return-client-request-id": "true"
      },
      "RequestBody": {
        "tags": {
          "key1": "value1",
          "key2": "value2"
        },
        "location": "westus2",
        "properties": {
          "creationToken": "volumeName-8837",
          "usageThreshold": 107374182400,
          "exportPolicy": {
            "rules": [
              {
                "ruleIndex": 1,
                "unixReadOnly": false,
                "unixReadWrite": true,
                "kerberos5ReadOnly": false,
                "kerberos5ReadWrite": false,
                "kerberos5iReadOnly": false,
                "kerberos5iReadWrite": false,
                "kerberos5pReadOnly": false,
                "kerberos5pReadWrite": false,
                "cifs": false,
                "nfsv3": true,
                "nfsv41": false,
                "allowedClients": "0.0.0.0/0"
              }
            ]
          },
          "protocolTypes": [
            "NFSv3"
          ],
          "subnetId": "/subscriptions/69a75bda-882e-44d5-8431-63421204132a/resourceGroups/testNetAppDotNetSDKRG-2576/providers/Microsoft.Network/virtualNetworks/vnet-4585/subnets/default"
        }
      },
      "StatusCode": 201,
      "ResponseHeaders": {
        "Azure-AsyncOperation": "https://management.azure.com/subscriptions/69a75bda-882e-44d5-8431-63421204132a/providers/Microsoft.NetApp/locations/westus2/operationResults/e700bb47-5f65-4d5c-83ae-c0bb89e1afff?api-version=2023-05-01",
        "Cache-Control": "no-cache",
        "Content-Length": "1456",
        "Content-Type": "application/json; charset=utf-8",
        "Date": "Tue, 19 Sep 2023 15:00:51 GMT",
        "ETag": "W/\u0022datetime\u00272023-09-19T15%3A00%3A50.4018904Z\u0027\u0022",
        "Expires": "-1",
        "Pragma": "no-cache",
        "Server": "Microsoft-IIS/10.0",
        "Strict-Transport-Security": "max-age=31536000; includeSubDomains",
        "X-Content-Type-Options": "nosniff",
        "x-ms-correlation-request-id": "bf2c8e4c-350b-4bb0-9643-6c74ed6bbce3",
        "x-ms-ratelimit-remaining-subscription-writes": "1194",
        "x-ms-request-id": "86a8a31e-b8b2-430e-977a-a501bbf17f20",
        "x-ms-routing-request-id": "WESTEUROPE:20230919T150051Z:bf2c8e4c-350b-4bb0-9643-6c74ed6bbce3",
        "X-Powered-By": "ASP.NET"
      },
      "ResponseBody": {
        "id": "/subscriptions/69a75bda-882e-44d5-8431-63421204132a/resourceGroups/testNetAppDotNetSDKRG-2576/providers/Microsoft.NetApp/netAppAccounts/account1926/capacityPools/pool1/volumes/volumeName-8837",
        "name": "account1926/pool1/volumeName-8837",
        "type": "Microsoft.NetApp/netAppAccounts/capacityPools/volumes",
        "etag": "W/\u0022datetime\u00272023-09-19T15%3A00%3A50.4018904Z\u0027\u0022",
        "location": "westus2",
        "tags": {
          "key1": "value1",
          "key2": "value2",
          "CreatedOnDate": "2023-09-19T15:00:48.5398055Z"
        },
        "properties": {
          "volumeType": "",
          "serviceLevel": "Premium",
          "creationToken": "volumeName-8837",
          "usageThreshold": 107374182400,
          "exportPolicy": {
            "rules": [
              {
                "ruleIndex": 1,
                "unixReadOnly": false,
                "unixReadWrite": true,
                "cifs": false,
                "nfsv3": true,
                "nfsv41": false,
                "allowedClients": "0.0.0.0/0",
                "kerberos5ReadOnly": false,
                "kerberos5ReadWrite": false,
                "kerberos5iReadOnly": false,
                "kerberos5iReadWrite": false,
                "kerberos5pReadOnly": false,
                "kerberos5pReadWrite": false
              }
            ]
          },
          "protocolTypes": [
            "NFSv3"
          ],
          "subnetId": "/subscriptions/69a75bda-882e-44d5-8431-63421204132a/resourceGroups/testNetAppDotNetSDKRG-2576/providers/Microsoft.Network/virtualNetworks/vnet-4585/subnets/default",
          "maximumNumberOfFiles": 100000000,
          "provisioningState": "Creating"
        },
        "systemData": {
          "createdBy": "c6c4faba-2b22-44d9-80a4-71ff5b71f811",
          "createdByType": "Application",
          "createdAt": "2023-09-19T15:00:50.0019468Z",
          "lastModifiedBy": "c6c4faba-2b22-44d9-80a4-71ff5b71f811",
          "lastModifiedByType": "Application",
          "lastModifiedAt": "2023-09-19T15:00:50.0019468Z"
        }
      }
    },
    {
      "RequestUri": "https://management.azure.com/subscriptions/69a75bda-882e-44d5-8431-63421204132a/providers/Microsoft.NetApp/locations/westus2/operationResults/e700bb47-5f65-4d5c-83ae-c0bb89e1afff?api-version=2023-05-01",
      "RequestMethod": "GET",
      "RequestHeaders": {
        "Authorization": "Sanitized",
        "traceparent": "00-6b5e28143b85c78d17f210bc0e95cdae-8f5ed2c22f570651-00",
        "User-Agent": "azsdk-net-ResourceManager/1.7.0 (.NET 7.0.7; Microsoft Windows 10.0.22621)",
        "x-ms-client-request-id": "37f02bea521335d7da63d8448f14e22b",
        "x-ms-return-client-request-id": "true"
      },
      "RequestBody": null,
      "StatusCode": 200,
      "ResponseHeaders": {
        "Cache-Control": "no-cache",
        "Content-Length": "565",
        "Content-Type": "application/json; charset=utf-8",
        "Date": "Tue, 19 Sep 2023 15:00:51 GMT",
        "Expires": "-1",
        "Pragma": "no-cache",
        "Server": "Microsoft-IIS/10.0",
        "Strict-Transport-Security": "max-age=31536000; includeSubDomains",
        "X-Content-Type-Options": "nosniff",
        "x-ms-correlation-request-id": "7e2acd0a-d82e-4bbb-b738-ffc8a7d9994d",
        "x-ms-ratelimit-remaining-subscription-reads": "11988",
        "x-ms-request-id": "f56c6ba8-73fb-401b-8108-f5eb59ecac51",
        "x-ms-routing-request-id": "WESTEUROPE:20230919T150051Z:7e2acd0a-d82e-4bbb-b738-ffc8a7d9994d",
        "X-Powered-By": "ASP.NET"
      },
      "ResponseBody": {
        "id": "/subscriptions/69a75bda-882e-44d5-8431-63421204132a/providers/Microsoft.NetApp/locations/westus2/operationResults/e700bb47-5f65-4d5c-83ae-c0bb89e1afff",
        "name": "e700bb47-5f65-4d5c-83ae-c0bb89e1afff",
        "status": "Creating",
        "startTime": "2023-09-19T15:00:50.4109769Z",
        "endTime": "0001-01-01T00:00:00Z",
        "percentComplete": 0.0,
        "properties": {
          "resourceName": "/subscriptions/69a75bda-882e-44d5-8431-63421204132a/resourceGroups/testNetAppDotNetSDKRG-2576/providers/Microsoft.NetApp/netAppAccounts/account1926/capacityPools/pool1/volumes/volumeName-8837",
          "action": "CREATE"
        }
      }
    },
    {
      "RequestUri": "https://management.azure.com/subscriptions/69a75bda-882e-44d5-8431-63421204132a/providers/Microsoft.NetApp/locations/westus2/operationResults/e700bb47-5f65-4d5c-83ae-c0bb89e1afff?api-version=2023-05-01",
      "RequestMethod": "GET",
      "RequestHeaders": {
        "Authorization": "Sanitized",
        "traceparent": "00-6b5e28143b85c78d17f210bc0e95cdae-c070ef2c955380b1-00",
        "User-Agent": "azsdk-net-ResourceManager/1.7.0 (.NET 7.0.7; Microsoft Windows 10.0.22621)",
        "x-ms-client-request-id": "983e18ea2dc94ca80b7276bb669a4e15",
        "x-ms-return-client-request-id": "true"
      },
      "RequestBody": null,
      "StatusCode": 200,
      "ResponseHeaders": {
        "Cache-Control": "no-cache",
        "Content-Length": "565",
        "Content-Type": "application/json; charset=utf-8",
        "Date": "Tue, 19 Sep 2023 15:00:52 GMT",
        "Expires": "-1",
        "Pragma": "no-cache",
        "Server": "Microsoft-IIS/10.0",
        "Strict-Transport-Security": "max-age=31536000; includeSubDomains",
        "X-Content-Type-Options": "nosniff",
        "x-ms-correlation-request-id": "8263d6a7-2fe4-481e-87f5-ab19333de610",
        "x-ms-ratelimit-remaining-subscription-reads": "11987",
        "x-ms-request-id": "fc719d0a-a85b-498e-89bc-265606b2202b",
        "x-ms-routing-request-id": "WESTEUROPE:20230919T150052Z:8263d6a7-2fe4-481e-87f5-ab19333de610",
        "X-Powered-By": "ASP.NET"
      },
      "ResponseBody": {
        "id": "/subscriptions/69a75bda-882e-44d5-8431-63421204132a/providers/Microsoft.NetApp/locations/westus2/operationResults/e700bb47-5f65-4d5c-83ae-c0bb89e1afff",
        "name": "e700bb47-5f65-4d5c-83ae-c0bb89e1afff",
        "status": "Creating",
        "startTime": "2023-09-19T15:00:50.4109769Z",
        "endTime": "0001-01-01T00:00:00Z",
        "percentComplete": 0.0,
        "properties": {
          "resourceName": "/subscriptions/69a75bda-882e-44d5-8431-63421204132a/resourceGroups/testNetAppDotNetSDKRG-2576/providers/Microsoft.NetApp/netAppAccounts/account1926/capacityPools/pool1/volumes/volumeName-8837",
          "action": "CREATE"
        }
      }
    },
    {
      "RequestUri": "https://management.azure.com/subscriptions/69a75bda-882e-44d5-8431-63421204132a/providers/Microsoft.NetApp/locations/westus2/operationResults/e700bb47-5f65-4d5c-83ae-c0bb89e1afff?api-version=2023-05-01",
      "RequestMethod": "GET",
      "RequestHeaders": {
        "Authorization": "Sanitized",
        "traceparent": "00-6b5e28143b85c78d17f210bc0e95cdae-252d93c340389474-00",
        "User-Agent": "azsdk-net-ResourceManager/1.7.0 (.NET 7.0.7; Microsoft Windows 10.0.22621)",
        "x-ms-client-request-id": "d46dd4b8e4df0f7398199d988d8c0deb",
        "x-ms-return-client-request-id": "true"
      },
      "RequestBody": null,
      "StatusCode": 200,
      "ResponseHeaders": {
        "Cache-Control": "no-cache",
        "Content-Length": "565",
        "Content-Type": "application/json; charset=utf-8",
        "Date": "Tue, 19 Sep 2023 15:00:54 GMT",
        "Expires": "-1",
        "Pragma": "no-cache",
        "Server": "Microsoft-IIS/10.0",
        "Strict-Transport-Security": "max-age=31536000; includeSubDomains",
        "X-Content-Type-Options": "nosniff",
        "x-ms-correlation-request-id": "07e5c8a9-7df0-47ca-bad8-9239613abf72",
        "x-ms-ratelimit-remaining-subscription-reads": "11986",
        "x-ms-request-id": "aad82ad7-ddf3-4689-bffd-341276f0d12b",
        "x-ms-routing-request-id": "WESTEUROPE:20230919T150054Z:07e5c8a9-7df0-47ca-bad8-9239613abf72",
        "X-Powered-By": "ASP.NET"
      },
      "ResponseBody": {
        "id": "/subscriptions/69a75bda-882e-44d5-8431-63421204132a/providers/Microsoft.NetApp/locations/westus2/operationResults/e700bb47-5f65-4d5c-83ae-c0bb89e1afff",
        "name": "e700bb47-5f65-4d5c-83ae-c0bb89e1afff",
        "status": "Creating",
        "startTime": "2023-09-19T15:00:50.4109769Z",
        "endTime": "0001-01-01T00:00:00Z",
        "percentComplete": 0.0,
        "properties": {
          "resourceName": "/subscriptions/69a75bda-882e-44d5-8431-63421204132a/resourceGroups/testNetAppDotNetSDKRG-2576/providers/Microsoft.NetApp/netAppAccounts/account1926/capacityPools/pool1/volumes/volumeName-8837",
          "action": "CREATE"
        }
      }
    },
    {
      "RequestUri": "https://management.azure.com/subscriptions/69a75bda-882e-44d5-8431-63421204132a/providers/Microsoft.NetApp/locations/westus2/operationResults/e700bb47-5f65-4d5c-83ae-c0bb89e1afff?api-version=2023-05-01",
      "RequestMethod": "GET",
      "RequestHeaders": {
        "Authorization": "Sanitized",
        "traceparent": "00-6b5e28143b85c78d17f210bc0e95cdae-bb92440eea8ca472-00",
        "User-Agent": "azsdk-net-ResourceManager/1.7.0 (.NET 7.0.7; Microsoft Windows 10.0.22621)",
        "x-ms-client-request-id": "ffb6e4feb593bd0083a32ba1db1bce40",
        "x-ms-return-client-request-id": "true"
      },
      "RequestBody": null,
      "StatusCode": 200,
      "ResponseHeaders": {
        "Cache-Control": "no-cache",
        "Content-Length": "565",
        "Content-Type": "application/json; charset=utf-8",
        "Date": "Tue, 19 Sep 2023 15:00:55 GMT",
        "Expires": "-1",
        "Pragma": "no-cache",
        "Server": "Microsoft-IIS/10.0",
        "Strict-Transport-Security": "max-age=31536000; includeSubDomains",
        "X-Content-Type-Options": "nosniff",
        "x-ms-correlation-request-id": "5ef07e0b-2976-4817-81e1-224e1018dc2a",
        "x-ms-ratelimit-remaining-subscription-reads": "11985",
        "x-ms-request-id": "676714cb-43a4-4a00-8c32-8891f8e70ccf",
        "x-ms-routing-request-id": "WESTEUROPE:20230919T150055Z:5ef07e0b-2976-4817-81e1-224e1018dc2a",
        "X-Powered-By": "ASP.NET"
      },
      "ResponseBody": {
        "id": "/subscriptions/69a75bda-882e-44d5-8431-63421204132a/providers/Microsoft.NetApp/locations/westus2/operationResults/e700bb47-5f65-4d5c-83ae-c0bb89e1afff",
        "name": "e700bb47-5f65-4d5c-83ae-c0bb89e1afff",
        "status": "Creating",
        "startTime": "2023-09-19T15:00:50.4109769Z",
        "endTime": "0001-01-01T00:00:00Z",
        "percentComplete": 0.0,
        "properties": {
          "resourceName": "/subscriptions/69a75bda-882e-44d5-8431-63421204132a/resourceGroups/testNetAppDotNetSDKRG-2576/providers/Microsoft.NetApp/netAppAccounts/account1926/capacityPools/pool1/volumes/volumeName-8837",
          "action": "CREATE"
        }
      }
    },
    {
      "RequestUri": "https://management.azure.com/subscriptions/69a75bda-882e-44d5-8431-63421204132a/providers/Microsoft.NetApp/locations/westus2/operationResults/e700bb47-5f65-4d5c-83ae-c0bb89e1afff?api-version=2023-05-01",
      "RequestMethod": "GET",
      "RequestHeaders": {
        "Authorization": "Sanitized",
        "traceparent": "00-6b5e28143b85c78d17f210bc0e95cdae-113152380dfea20d-00",
        "User-Agent": "azsdk-net-ResourceManager/1.7.0 (.NET 7.0.7; Microsoft Windows 10.0.22621)",
        "x-ms-client-request-id": "ba8cc2140da6064ca42f00af9010bf7f",
        "x-ms-return-client-request-id": "true"
      },
      "RequestBody": null,
      "StatusCode": 200,
      "ResponseHeaders": {
        "Cache-Control": "no-cache",
        "Content-Length": "565",
        "Content-Type": "application/json; charset=utf-8",
        "Date": "Tue, 19 Sep 2023 15:00:57 GMT",
        "Expires": "-1",
        "Pragma": "no-cache",
        "Server": "Microsoft-IIS/10.0",
        "Strict-Transport-Security": "max-age=31536000; includeSubDomains",
        "X-Content-Type-Options": "nosniff",
        "x-ms-correlation-request-id": "7b349fa7-4ea3-4c54-9edd-2258b93a13ee",
        "x-ms-ratelimit-remaining-subscription-reads": "11984",
        "x-ms-request-id": "d54081cc-ab27-433d-b816-1a8d593fccc5",
        "x-ms-routing-request-id": "WESTEUROPE:20230919T150057Z:7b349fa7-4ea3-4c54-9edd-2258b93a13ee",
        "X-Powered-By": "ASP.NET"
      },
      "ResponseBody": {
        "id": "/subscriptions/69a75bda-882e-44d5-8431-63421204132a/providers/Microsoft.NetApp/locations/westus2/operationResults/e700bb47-5f65-4d5c-83ae-c0bb89e1afff",
        "name": "e700bb47-5f65-4d5c-83ae-c0bb89e1afff",
        "status": "Creating",
        "startTime": "2023-09-19T15:00:50.4109769Z",
        "endTime": "0001-01-01T00:00:00Z",
        "percentComplete": 0.0,
        "properties": {
          "resourceName": "/subscriptions/69a75bda-882e-44d5-8431-63421204132a/resourceGroups/testNetAppDotNetSDKRG-2576/providers/Microsoft.NetApp/netAppAccounts/account1926/capacityPools/pool1/volumes/volumeName-8837",
          "action": "CREATE"
        }
      }
    },
    {
      "RequestUri": "https://management.azure.com/subscriptions/69a75bda-882e-44d5-8431-63421204132a/providers/Microsoft.NetApp/locations/westus2/operationResults/e700bb47-5f65-4d5c-83ae-c0bb89e1afff?api-version=2023-05-01",
      "RequestMethod": "GET",
      "RequestHeaders": {
        "Authorization": "Sanitized",
        "traceparent": "00-6b5e28143b85c78d17f210bc0e95cdae-b278fdf66309ce97-00",
        "User-Agent": "azsdk-net-ResourceManager/1.7.0 (.NET 7.0.7; Microsoft Windows 10.0.22621)",
        "x-ms-client-request-id": "82bd8a654fe30282d3b0513bb8d2337c",
        "x-ms-return-client-request-id": "true"
      },
      "RequestBody": null,
      "StatusCode": 200,
      "ResponseHeaders": {
        "Cache-Control": "no-cache",
        "Content-Length": "565",
        "Content-Type": "application/json; charset=utf-8",
        "Date": "Tue, 19 Sep 2023 15:01:01 GMT",
        "Expires": "-1",
        "Pragma": "no-cache",
        "Server": "Microsoft-IIS/10.0",
        "Strict-Transport-Security": "max-age=31536000; includeSubDomains",
        "X-Content-Type-Options": "nosniff",
        "x-ms-correlation-request-id": "14b7c83f-c50f-4756-84b3-fc794199b0ca",
        "x-ms-ratelimit-remaining-subscription-reads": "11983",
        "x-ms-request-id": "985295d8-dfaf-4142-a570-825c3e202994",
        "x-ms-routing-request-id": "WESTEUROPE:20230919T150101Z:14b7c83f-c50f-4756-84b3-fc794199b0ca",
        "X-Powered-By": "ASP.NET"
      },
      "ResponseBody": {
        "id": "/subscriptions/69a75bda-882e-44d5-8431-63421204132a/providers/Microsoft.NetApp/locations/westus2/operationResults/e700bb47-5f65-4d5c-83ae-c0bb89e1afff",
        "name": "e700bb47-5f65-4d5c-83ae-c0bb89e1afff",
        "status": "Creating",
        "startTime": "2023-09-19T15:00:50.4109769Z",
        "endTime": "0001-01-01T00:00:00Z",
        "percentComplete": 0.0,
        "properties": {
          "resourceName": "/subscriptions/69a75bda-882e-44d5-8431-63421204132a/resourceGroups/testNetAppDotNetSDKRG-2576/providers/Microsoft.NetApp/netAppAccounts/account1926/capacityPools/pool1/volumes/volumeName-8837",
          "action": "CREATE"
        }
      }
    },
    {
      "RequestUri": "https://management.azure.com/subscriptions/69a75bda-882e-44d5-8431-63421204132a/providers/Microsoft.NetApp/locations/westus2/operationResults/e700bb47-5f65-4d5c-83ae-c0bb89e1afff?api-version=2023-05-01",
      "RequestMethod": "GET",
      "RequestHeaders": {
        "Authorization": "Sanitized",
        "traceparent": "00-6b5e28143b85c78d17f210bc0e95cdae-583a045917a6a9d6-00",
        "User-Agent": "azsdk-net-ResourceManager/1.7.0 (.NET 7.0.7; Microsoft Windows 10.0.22621)",
        "x-ms-client-request-id": "ca835d4b52fff04498b05a63b5512c72",
        "x-ms-return-client-request-id": "true"
      },
      "RequestBody": null,
      "StatusCode": 200,
      "ResponseHeaders": {
        "Cache-Control": "no-cache",
        "Content-Length": "565",
        "Content-Type": "application/json; charset=utf-8",
        "Date": "Tue, 19 Sep 2023 15:01:09 GMT",
        "Expires": "-1",
        "Pragma": "no-cache",
        "Server": "Microsoft-IIS/10.0",
        "Strict-Transport-Security": "max-age=31536000; includeSubDomains",
        "X-Content-Type-Options": "nosniff",
        "x-ms-correlation-request-id": "3a55bf8c-ae06-48e2-87cf-685562777fb5",
        "x-ms-ratelimit-remaining-subscription-reads": "11982",
        "x-ms-request-id": "f78609a9-297f-4eb9-ae3d-ec8fa533db28",
        "x-ms-routing-request-id": "WESTEUROPE:20230919T150110Z:3a55bf8c-ae06-48e2-87cf-685562777fb5",
        "X-Powered-By": "ASP.NET"
      },
      "ResponseBody": {
        "id": "/subscriptions/69a75bda-882e-44d5-8431-63421204132a/providers/Microsoft.NetApp/locations/westus2/operationResults/e700bb47-5f65-4d5c-83ae-c0bb89e1afff",
        "name": "e700bb47-5f65-4d5c-83ae-c0bb89e1afff",
        "status": "Creating",
        "startTime": "2023-09-19T15:00:50.4109769Z",
        "endTime": "0001-01-01T00:00:00Z",
        "percentComplete": 0.0,
        "properties": {
          "resourceName": "/subscriptions/69a75bda-882e-44d5-8431-63421204132a/resourceGroups/testNetAppDotNetSDKRG-2576/providers/Microsoft.NetApp/netAppAccounts/account1926/capacityPools/pool1/volumes/volumeName-8837",
          "action": "CREATE"
        }
      }
    },
    {
      "RequestUri": "https://management.azure.com/subscriptions/69a75bda-882e-44d5-8431-63421204132a/providers/Microsoft.NetApp/locations/westus2/operationResults/e700bb47-5f65-4d5c-83ae-c0bb89e1afff?api-version=2023-05-01",
      "RequestMethod": "GET",
      "RequestHeaders": {
        "Authorization": "Sanitized",
        "traceparent": "00-6b5e28143b85c78d17f210bc0e95cdae-59061d3ff2bb925e-00",
        "User-Agent": "azsdk-net-ResourceManager/1.7.0 (.NET 7.0.7; Microsoft Windows 10.0.22621)",
        "x-ms-client-request-id": "503bace44c5dc55c408ae7f6bc104dd2",
        "x-ms-return-client-request-id": "true"
      },
      "RequestBody": null,
      "StatusCode": 200,
      "ResponseHeaders": {
        "Cache-Control": "no-cache",
        "Content-Length": "565",
        "Content-Type": "application/json; charset=utf-8",
        "Date": "Tue, 19 Sep 2023 15:01:25 GMT",
        "Expires": "-1",
        "Pragma": "no-cache",
        "Server": "Microsoft-IIS/10.0",
        "Strict-Transport-Security": "max-age=31536000; includeSubDomains",
        "X-Content-Type-Options": "nosniff",
        "x-ms-correlation-request-id": "83397607-f90a-4bc2-914e-b12b5d30bedb",
        "x-ms-ratelimit-remaining-subscription-reads": "11981",
        "x-ms-request-id": "93f43190-f4e0-4af5-a4a3-37a9f7665d5a",
        "x-ms-routing-request-id": "WESTEUROPE:20230919T150126Z:83397607-f90a-4bc2-914e-b12b5d30bedb",
        "X-Powered-By": "ASP.NET"
      },
      "ResponseBody": {
        "id": "/subscriptions/69a75bda-882e-44d5-8431-63421204132a/providers/Microsoft.NetApp/locations/westus2/operationResults/e700bb47-5f65-4d5c-83ae-c0bb89e1afff",
        "name": "e700bb47-5f65-4d5c-83ae-c0bb89e1afff",
        "status": "Creating",
        "startTime": "2023-09-19T15:00:50.4109769Z",
        "endTime": "0001-01-01T00:00:00Z",
        "percentComplete": 0.0,
        "properties": {
          "resourceName": "/subscriptions/69a75bda-882e-44d5-8431-63421204132a/resourceGroups/testNetAppDotNetSDKRG-2576/providers/Microsoft.NetApp/netAppAccounts/account1926/capacityPools/pool1/volumes/volumeName-8837",
          "action": "CREATE"
        }
      }
    },
    {
      "RequestUri": "https://management.azure.com/subscriptions/69a75bda-882e-44d5-8431-63421204132a/providers/Microsoft.NetApp/locations/westus2/operationResults/e700bb47-5f65-4d5c-83ae-c0bb89e1afff?api-version=2023-05-01",
      "RequestMethod": "GET",
      "RequestHeaders": {
        "Authorization": "Sanitized",
        "traceparent": "00-6b5e28143b85c78d17f210bc0e95cdae-76ac73ba79fbe6f5-00",
        "User-Agent": "azsdk-net-ResourceManager/1.7.0 (.NET 7.0.7; Microsoft Windows 10.0.22621)",
        "x-ms-client-request-id": "336483fbf48d137f45cde933f51e4d82",
        "x-ms-return-client-request-id": "true"
      },
      "RequestBody": null,
      "StatusCode": 200,
      "ResponseHeaders": {
        "Cache-Control": "no-cache",
        "Content-Length": "565",
        "Content-Type": "application/json; charset=utf-8",
        "Date": "Tue, 19 Sep 2023 15:01:57 GMT",
        "Expires": "-1",
        "Pragma": "no-cache",
        "Server": "Microsoft-IIS/10.0",
        "Strict-Transport-Security": "max-age=31536000; includeSubDomains",
        "X-Content-Type-Options": "nosniff",
        "x-ms-correlation-request-id": "4215612b-2a0e-4fa3-b45c-ec5ae992956c",
        "x-ms-ratelimit-remaining-subscription-reads": "11980",
        "x-ms-request-id": "e93fdaea-d113-4546-8baa-25633f582ebe",
        "x-ms-routing-request-id": "WESTEUROPE:20230919T150158Z:4215612b-2a0e-4fa3-b45c-ec5ae992956c",
        "X-Powered-By": "ASP.NET"
      },
      "ResponseBody": {
        "id": "/subscriptions/69a75bda-882e-44d5-8431-63421204132a/providers/Microsoft.NetApp/locations/westus2/operationResults/e700bb47-5f65-4d5c-83ae-c0bb89e1afff",
        "name": "e700bb47-5f65-4d5c-83ae-c0bb89e1afff",
        "status": "Creating",
        "startTime": "2023-09-19T15:00:50.4109769Z",
        "endTime": "0001-01-01T00:00:00Z",
        "percentComplete": 0.0,
        "properties": {
          "resourceName": "/subscriptions/69a75bda-882e-44d5-8431-63421204132a/resourceGroups/testNetAppDotNetSDKRG-2576/providers/Microsoft.NetApp/netAppAccounts/account1926/capacityPools/pool1/volumes/volumeName-8837",
          "action": "CREATE"
        }
      }
    },
    {
      "RequestUri": "https://management.azure.com/subscriptions/69a75bda-882e-44d5-8431-63421204132a/providers/Microsoft.NetApp/locations/westus2/operationResults/e700bb47-5f65-4d5c-83ae-c0bb89e1afff?api-version=2023-05-01",
      "RequestMethod": "GET",
      "RequestHeaders": {
        "Authorization": "Sanitized",
        "traceparent": "00-6b5e28143b85c78d17f210bc0e95cdae-f6ab5e20836c24fb-00",
        "User-Agent": "azsdk-net-ResourceManager/1.7.0 (.NET 7.0.7; Microsoft Windows 10.0.22621)",
        "x-ms-client-request-id": "0c57df83e396fe1e00bd8a756b4e3387",
        "x-ms-return-client-request-id": "true"
      },
      "RequestBody": null,
      "StatusCode": 200,
      "ResponseHeaders": {
        "Cache-Control": "no-cache",
        "Content-Length": "565",
        "Content-Type": "application/json; charset=utf-8",
        "Date": "Tue, 19 Sep 2023 15:02:29 GMT",
        "Expires": "-1",
        "Pragma": "no-cache",
        "Server": "Microsoft-IIS/10.0",
        "Strict-Transport-Security": "max-age=31536000; includeSubDomains",
        "X-Content-Type-Options": "nosniff",
        "x-ms-correlation-request-id": "e83b80b3-4432-4f1f-aea8-f6291a7d5239",
        "x-ms-ratelimit-remaining-subscription-reads": "11979",
        "x-ms-request-id": "deb9fce9-4844-4c47-ad7d-3aa8638ad0c3",
        "x-ms-routing-request-id": "WESTEUROPE:20230919T150230Z:e83b80b3-4432-4f1f-aea8-f6291a7d5239",
        "X-Powered-By": "ASP.NET"
      },
      "ResponseBody": {
        "id": "/subscriptions/69a75bda-882e-44d5-8431-63421204132a/providers/Microsoft.NetApp/locations/westus2/operationResults/e700bb47-5f65-4d5c-83ae-c0bb89e1afff",
        "name": "e700bb47-5f65-4d5c-83ae-c0bb89e1afff",
        "status": "Creating",
        "startTime": "2023-09-19T15:00:50.4109769Z",
        "endTime": "0001-01-01T00:00:00Z",
        "percentComplete": 0.0,
        "properties": {
          "resourceName": "/subscriptions/69a75bda-882e-44d5-8431-63421204132a/resourceGroups/testNetAppDotNetSDKRG-2576/providers/Microsoft.NetApp/netAppAccounts/account1926/capacityPools/pool1/volumes/volumeName-8837",
          "action": "CREATE"
        }
      }
    },
    {
      "RequestUri": "https://management.azure.com/subscriptions/69a75bda-882e-44d5-8431-63421204132a/providers/Microsoft.NetApp/locations/westus2/operationResults/e700bb47-5f65-4d5c-83ae-c0bb89e1afff?api-version=2023-05-01",
      "RequestMethod": "GET",
      "RequestHeaders": {
        "Authorization": "Sanitized",
        "traceparent": "00-6b5e28143b85c78d17f210bc0e95cdae-bbb1954024046a0f-00",
        "User-Agent": "azsdk-net-ResourceManager/1.7.0 (.NET 7.0.7; Microsoft Windows 10.0.22621)",
        "x-ms-client-request-id": "31688863f9edf0e52c280a906229d021",
        "x-ms-return-client-request-id": "true"
      },
      "RequestBody": null,
      "StatusCode": 200,
      "ResponseHeaders": {
        "Cache-Control": "no-cache",
        "Content-Length": "565",
        "Content-Type": "application/json; charset=utf-8",
        "Date": "Tue, 19 Sep 2023 15:03:02 GMT",
        "Expires": "-1",
        "Pragma": "no-cache",
        "Server": "Microsoft-IIS/10.0",
        "Strict-Transport-Security": "max-age=31536000; includeSubDomains",
        "X-Content-Type-Options": "nosniff",
        "x-ms-correlation-request-id": "97eeb5ca-d9cb-4958-87df-117389e601ed",
        "x-ms-ratelimit-remaining-subscription-reads": "11978",
        "x-ms-request-id": "e3e3b911-1b17-45e1-987e-3b454a9677cc",
        "x-ms-routing-request-id": "WESTEUROPE:20230919T150303Z:97eeb5ca-d9cb-4958-87df-117389e601ed",
        "X-Powered-By": "ASP.NET"
      },
      "ResponseBody": {
        "id": "/subscriptions/69a75bda-882e-44d5-8431-63421204132a/providers/Microsoft.NetApp/locations/westus2/operationResults/e700bb47-5f65-4d5c-83ae-c0bb89e1afff",
        "name": "e700bb47-5f65-4d5c-83ae-c0bb89e1afff",
        "status": "Creating",
        "startTime": "2023-09-19T15:00:50.4109769Z",
        "endTime": "0001-01-01T00:00:00Z",
        "percentComplete": 0.0,
        "properties": {
          "resourceName": "/subscriptions/69a75bda-882e-44d5-8431-63421204132a/resourceGroups/testNetAppDotNetSDKRG-2576/providers/Microsoft.NetApp/netAppAccounts/account1926/capacityPools/pool1/volumes/volumeName-8837",
          "action": "CREATE"
        }
      }
    },
    {
      "RequestUri": "https://management.azure.com/subscriptions/69a75bda-882e-44d5-8431-63421204132a/providers/Microsoft.NetApp/locations/westus2/operationResults/e700bb47-5f65-4d5c-83ae-c0bb89e1afff?api-version=2023-05-01",
      "RequestMethod": "GET",
      "RequestHeaders": {
        "Authorization": "Sanitized",
        "traceparent": "00-6b5e28143b85c78d17f210bc0e95cdae-bf8d6d4a1b16de15-00",
        "User-Agent": "azsdk-net-ResourceManager/1.7.0 (.NET 7.0.7; Microsoft Windows 10.0.22621)",
        "x-ms-client-request-id": "dd72643c40b9183b656532cf6909a8f7",
        "x-ms-return-client-request-id": "true"
      },
      "RequestBody": null,
      "StatusCode": 200,
      "ResponseHeaders": {
        "Cache-Control": "no-cache",
        "Content-Length": "565",
        "Content-Type": "application/json; charset=utf-8",
        "Date": "Tue, 19 Sep 2023 15:03:34 GMT",
        "Expires": "-1",
        "Pragma": "no-cache",
        "Server": "Microsoft-IIS/10.0",
        "Strict-Transport-Security": "max-age=31536000; includeSubDomains",
        "X-Content-Type-Options": "nosniff",
        "x-ms-correlation-request-id": "a496e157-9db2-4e80-b261-bc0473dd0209",
        "x-ms-ratelimit-remaining-subscription-reads": "11977",
        "x-ms-request-id": "73ba4b07-eb71-496d-a205-95df1f4c1768",
        "x-ms-routing-request-id": "WESTEUROPE:20230919T150335Z:a496e157-9db2-4e80-b261-bc0473dd0209",
        "X-Powered-By": "ASP.NET"
      },
      "ResponseBody": {
        "id": "/subscriptions/69a75bda-882e-44d5-8431-63421204132a/providers/Microsoft.NetApp/locations/westus2/operationResults/e700bb47-5f65-4d5c-83ae-c0bb89e1afff",
        "name": "e700bb47-5f65-4d5c-83ae-c0bb89e1afff",
        "status": "Creating",
        "startTime": "2023-09-19T15:00:50.4109769Z",
        "endTime": "0001-01-01T00:00:00Z",
        "percentComplete": 0.0,
        "properties": {
          "resourceName": "/subscriptions/69a75bda-882e-44d5-8431-63421204132a/resourceGroups/testNetAppDotNetSDKRG-2576/providers/Microsoft.NetApp/netAppAccounts/account1926/capacityPools/pool1/volumes/volumeName-8837",
          "action": "CREATE"
        }
      }
    },
    {
      "RequestUri": "https://management.azure.com/subscriptions/69a75bda-882e-44d5-8431-63421204132a/providers/Microsoft.NetApp/locations/westus2/operationResults/e700bb47-5f65-4d5c-83ae-c0bb89e1afff?api-version=2023-05-01",
      "RequestMethod": "GET",
      "RequestHeaders": {
        "Authorization": "Sanitized",
        "traceparent": "00-6b5e28143b85c78d17f210bc0e95cdae-69936d481173d248-00",
        "User-Agent": "azsdk-net-ResourceManager/1.7.0 (.NET 7.0.7; Microsoft Windows 10.0.22621)",
        "x-ms-client-request-id": "6cd062991bb68a95fa67df6ed88e9cd7",
        "x-ms-return-client-request-id": "true"
      },
      "RequestBody": null,
      "StatusCode": 200,
      "ResponseHeaders": {
        "Cache-Control": "no-cache",
        "Content-Length": "565",
        "Content-Type": "application/json; charset=utf-8",
        "Date": "Tue, 19 Sep 2023 15:04:07 GMT",
        "Expires": "-1",
        "Pragma": "no-cache",
        "Server": "Microsoft-IIS/10.0",
        "Strict-Transport-Security": "max-age=31536000; includeSubDomains",
        "X-Content-Type-Options": "nosniff",
        "x-ms-correlation-request-id": "5f48f09b-afd4-47e4-abe1-65ba5e472480",
        "x-ms-ratelimit-remaining-subscription-reads": "11976",
        "x-ms-request-id": "be097ec5-1494-4a99-9dbc-91078b295785",
        "x-ms-routing-request-id": "WESTEUROPE:20230919T150407Z:5f48f09b-afd4-47e4-abe1-65ba5e472480",
        "X-Powered-By": "ASP.NET"
      },
      "ResponseBody": {
        "id": "/subscriptions/69a75bda-882e-44d5-8431-63421204132a/providers/Microsoft.NetApp/locations/westus2/operationResults/e700bb47-5f65-4d5c-83ae-c0bb89e1afff",
        "name": "e700bb47-5f65-4d5c-83ae-c0bb89e1afff",
        "status": "Creating",
        "startTime": "2023-09-19T15:00:50.4109769Z",
        "endTime": "0001-01-01T00:00:00Z",
        "percentComplete": 0.0,
        "properties": {
          "resourceName": "/subscriptions/69a75bda-882e-44d5-8431-63421204132a/resourceGroups/testNetAppDotNetSDKRG-2576/providers/Microsoft.NetApp/netAppAccounts/account1926/capacityPools/pool1/volumes/volumeName-8837",
          "action": "CREATE"
        }
      }
    },
    {
      "RequestUri": "https://management.azure.com/subscriptions/69a75bda-882e-44d5-8431-63421204132a/providers/Microsoft.NetApp/locations/westus2/operationResults/e700bb47-5f65-4d5c-83ae-c0bb89e1afff?api-version=2023-05-01",
      "RequestMethod": "GET",
      "RequestHeaders": {
        "Authorization": "Sanitized",
        "traceparent": "00-6b5e28143b85c78d17f210bc0e95cdae-3f5eaf89513443c6-00",
        "User-Agent": "azsdk-net-ResourceManager/1.7.0 (.NET 7.0.7; Microsoft Windows 10.0.22621)",
        "x-ms-client-request-id": "063869ed56db22cd4d50cc87c7158623",
        "x-ms-return-client-request-id": "true"
      },
      "RequestBody": null,
      "StatusCode": 200,
      "ResponseHeaders": {
        "Cache-Control": "no-cache",
        "Content-Length": "565",
        "Content-Type": "application/json; charset=utf-8",
        "Date": "Tue, 19 Sep 2023 15:04:39 GMT",
        "Expires": "-1",
        "Pragma": "no-cache",
        "Server": "Microsoft-IIS/10.0",
        "Strict-Transport-Security": "max-age=31536000; includeSubDomains",
        "X-Content-Type-Options": "nosniff",
        "x-ms-correlation-request-id": "e89c34ed-4ade-4177-9808-ab35bf2153aa",
        "x-ms-ratelimit-remaining-subscription-reads": "11975",
        "x-ms-request-id": "ee71f346-5ac5-4498-9003-87ae1aeed279",
        "x-ms-routing-request-id": "WESTEUROPE:20230919T150439Z:e89c34ed-4ade-4177-9808-ab35bf2153aa",
        "X-Powered-By": "ASP.NET"
      },
      "ResponseBody": {
        "id": "/subscriptions/69a75bda-882e-44d5-8431-63421204132a/providers/Microsoft.NetApp/locations/westus2/operationResults/e700bb47-5f65-4d5c-83ae-c0bb89e1afff",
        "name": "e700bb47-5f65-4d5c-83ae-c0bb89e1afff",
        "status": "Creating",
        "startTime": "2023-09-19T15:00:50.4109769Z",
        "endTime": "0001-01-01T00:00:00Z",
        "percentComplete": 0.0,
        "properties": {
          "resourceName": "/subscriptions/69a75bda-882e-44d5-8431-63421204132a/resourceGroups/testNetAppDotNetSDKRG-2576/providers/Microsoft.NetApp/netAppAccounts/account1926/capacityPools/pool1/volumes/volumeName-8837",
          "action": "CREATE"
        }
      }
    },
    {
      "RequestUri": "https://management.azure.com/subscriptions/69a75bda-882e-44d5-8431-63421204132a/providers/Microsoft.NetApp/locations/westus2/operationResults/e700bb47-5f65-4d5c-83ae-c0bb89e1afff?api-version=2023-05-01",
      "RequestMethod": "GET",
      "RequestHeaders": {
        "Authorization": "Sanitized",
        "traceparent": "00-6b5e28143b85c78d17f210bc0e95cdae-a92f22a3d4285e32-00",
        "User-Agent": "azsdk-net-ResourceManager/1.7.0 (.NET 7.0.7; Microsoft Windows 10.0.22621)",
        "x-ms-client-request-id": "00f613806358206acfe8e35260cc3fd6",
        "x-ms-return-client-request-id": "true"
      },
      "RequestBody": null,
      "StatusCode": 200,
      "ResponseHeaders": {
        "Cache-Control": "no-cache",
        "Content-Length": "565",
        "Content-Type": "application/json; charset=utf-8",
        "Date": "Tue, 19 Sep 2023 15:05:11 GMT",
        "Expires": "-1",
        "Pragma": "no-cache",
        "Server": "Microsoft-IIS/10.0",
        "Strict-Transport-Security": "max-age=31536000; includeSubDomains",
        "X-Content-Type-Options": "nosniff",
        "x-ms-correlation-request-id": "96324c12-4759-4008-8734-56461f1a4570",
        "x-ms-ratelimit-remaining-subscription-reads": "11974",
        "x-ms-request-id": "0fa78e4b-da86-4206-ba21-aca0daeaef36",
        "x-ms-routing-request-id": "WESTEUROPE:20230919T150512Z:96324c12-4759-4008-8734-56461f1a4570",
        "X-Powered-By": "ASP.NET"
      },
      "ResponseBody": {
        "id": "/subscriptions/69a75bda-882e-44d5-8431-63421204132a/providers/Microsoft.NetApp/locations/westus2/operationResults/e700bb47-5f65-4d5c-83ae-c0bb89e1afff",
        "name": "e700bb47-5f65-4d5c-83ae-c0bb89e1afff",
        "status": "Creating",
        "startTime": "2023-09-19T15:00:50.4109769Z",
        "endTime": "0001-01-01T00:00:00Z",
        "percentComplete": 0.0,
        "properties": {
          "resourceName": "/subscriptions/69a75bda-882e-44d5-8431-63421204132a/resourceGroups/testNetAppDotNetSDKRG-2576/providers/Microsoft.NetApp/netAppAccounts/account1926/capacityPools/pool1/volumes/volumeName-8837",
          "action": "CREATE"
        }
      }
    },
    {
      "RequestUri": "https://management.azure.com/subscriptions/69a75bda-882e-44d5-8431-63421204132a/providers/Microsoft.NetApp/locations/westus2/operationResults/e700bb47-5f65-4d5c-83ae-c0bb89e1afff?api-version=2023-05-01",
      "RequestMethod": "GET",
      "RequestHeaders": {
        "Authorization": "Sanitized",
        "traceparent": "00-6b5e28143b85c78d17f210bc0e95cdae-e83ed1d5140b8e30-00",
        "User-Agent": "azsdk-net-ResourceManager/1.7.0 (.NET 7.0.7; Microsoft Windows 10.0.22621)",
        "x-ms-client-request-id": "00e25ac9a1d0431b95ad1f664f0dc2e4",
        "x-ms-return-client-request-id": "true"
      },
      "RequestBody": null,
      "StatusCode": 200,
      "ResponseHeaders": {
        "Cache-Control": "no-cache",
        "Content-Length": "565",
        "Content-Type": "application/json; charset=utf-8",
        "Date": "Tue, 19 Sep 2023 15:05:43 GMT",
        "Expires": "-1",
        "Pragma": "no-cache",
        "Server": "Microsoft-IIS/10.0",
        "Strict-Transport-Security": "max-age=31536000; includeSubDomains",
        "X-Content-Type-Options": "nosniff",
        "x-ms-correlation-request-id": "9a1f49d0-41f7-4646-891e-a01d03ce41ff",
        "x-ms-ratelimit-remaining-subscription-reads": "11973",
        "x-ms-request-id": "aa261a52-73e8-4459-8306-e74488f55b0c",
        "x-ms-routing-request-id": "WESTEUROPE:20230919T150544Z:9a1f49d0-41f7-4646-891e-a01d03ce41ff",
        "X-Powered-By": "ASP.NET"
      },
      "ResponseBody": {
        "id": "/subscriptions/69a75bda-882e-44d5-8431-63421204132a/providers/Microsoft.NetApp/locations/westus2/operationResults/e700bb47-5f65-4d5c-83ae-c0bb89e1afff",
        "name": "e700bb47-5f65-4d5c-83ae-c0bb89e1afff",
        "status": "Creating",
        "startTime": "2023-09-19T15:00:50.4109769Z",
        "endTime": "0001-01-01T00:00:00Z",
        "percentComplete": 0.0,
        "properties": {
          "resourceName": "/subscriptions/69a75bda-882e-44d5-8431-63421204132a/resourceGroups/testNetAppDotNetSDKRG-2576/providers/Microsoft.NetApp/netAppAccounts/account1926/capacityPools/pool1/volumes/volumeName-8837",
          "action": "CREATE"
        }
      }
    },
    {
      "RequestUri": "https://management.azure.com/subscriptions/69a75bda-882e-44d5-8431-63421204132a/providers/Microsoft.NetApp/locations/westus2/operationResults/e700bb47-5f65-4d5c-83ae-c0bb89e1afff?api-version=2023-05-01",
      "RequestMethod": "GET",
      "RequestHeaders": {
        "Authorization": "Sanitized",
        "traceparent": "00-6b5e28143b85c78d17f210bc0e95cdae-077cee961d6998e6-00",
        "User-Agent": "azsdk-net-ResourceManager/1.7.0 (.NET 7.0.7; Microsoft Windows 10.0.22621)",
        "x-ms-client-request-id": "c5edbce09c97897efe1737f2737ac180",
        "x-ms-return-client-request-id": "true"
      },
      "RequestBody": null,
      "StatusCode": 200,
      "ResponseHeaders": {
        "Cache-Control": "no-cache",
        "Content-Length": "576",
        "Content-Type": "application/json; charset=utf-8",
        "Date": "Tue, 19 Sep 2023 15:06:16 GMT",
        "Expires": "-1",
        "Pragma": "no-cache",
        "Server": "Microsoft-IIS/10.0",
        "Strict-Transport-Security": "max-age=31536000; includeSubDomains",
        "X-Content-Type-Options": "nosniff",
        "x-ms-correlation-request-id": "c775d4dc-6e37-44ee-8282-9510ebfe804f",
        "x-ms-ratelimit-remaining-subscription-reads": "11972",
        "x-ms-request-id": "ffc714e1-f7a4-478a-892a-37ed376badef",
        "x-ms-routing-request-id": "WESTEUROPE:20230919T150617Z:c775d4dc-6e37-44ee-8282-9510ebfe804f",
        "X-Powered-By": "ASP.NET"
      },
      "ResponseBody": {
        "id": "/subscriptions/69a75bda-882e-44d5-8431-63421204132a/providers/Microsoft.NetApp/locations/westus2/operationResults/e700bb47-5f65-4d5c-83ae-c0bb89e1afff",
        "name": "e700bb47-5f65-4d5c-83ae-c0bb89e1afff",
        "status": "Succeeded",
        "startTime": "2023-09-19T15:00:50.4109769Z",
        "endTime": "2023-09-19T15:05:52.6220356Z",
        "percentComplete": 100.0,
        "properties": {
          "resourceName": "/subscriptions/69a75bda-882e-44d5-8431-63421204132a/resourceGroups/testNetAppDotNetSDKRG-2576/providers/Microsoft.NetApp/netAppAccounts/account1926/capacityPools/pool1/volumes/volumeName-8837",
          "action": "CREATE"
        }
      }
    },
    {
      "RequestUri": "https://management.azure.com/subscriptions/69a75bda-882e-44d5-8431-63421204132a/resourceGroups/testNetAppDotNetSDKRG-2576/providers/Microsoft.NetApp/netAppAccounts/account1926/capacityPools/pool1/volumes/volumeName-8837?api-version=2023-05-01",
      "RequestMethod": "GET",
      "RequestHeaders": {
        "Authorization": "Sanitized",
        "traceparent": "00-6b5e28143b85c78d17f210bc0e95cdae-da1d2798217d66f5-00",
        "User-Agent": "azsdk-net-ResourceManager/1.7.0 (.NET 7.0.7; Microsoft Windows 10.0.22621)",
        "x-ms-client-request-id": "6cbef5108533de52f7b36aaa4304d1c1",
        "x-ms-return-client-request-id": "true"
      },
      "RequestBody": null,
      "StatusCode": 200,
      "ResponseHeaders": {
        "Cache-Control": "no-cache",
        "Content-Length": "2450",
        "Content-Type": "application/json; charset=utf-8",
        "Date": "Tue, 19 Sep 2023 15:06:17 GMT",
        "ETag": "W/\u0022datetime\u00272023-09-19T15%3A05%3A52.6072752Z\u0027\u0022",
        "Expires": "-1",
        "Pragma": "no-cache",
        "Server": "Microsoft-IIS/10.0",
        "Strict-Transport-Security": "max-age=31536000; includeSubDomains",
        "X-Content-Type-Options": "nosniff",
        "x-ms-correlation-request-id": "f5e03cff-51aa-423e-9827-5aa38ff92dc2",
        "x-ms-ratelimit-remaining-subscription-reads": "11971",
        "x-ms-request-id": "28b7c6be-794f-4c14-b53b-34260b048ee9",
        "x-ms-routing-request-id": "WESTEUROPE:20230919T150617Z:f5e03cff-51aa-423e-9827-5aa38ff92dc2",
        "X-Powered-By": "ASP.NET"
      },
      "ResponseBody": {
        "id": "/subscriptions/69a75bda-882e-44d5-8431-63421204132a/resourceGroups/testNetAppDotNetSDKRG-2576/providers/Microsoft.NetApp/netAppAccounts/account1926/capacityPools/pool1/volumes/volumeName-8837",
        "name": "account1926/pool1/volumeName-8837",
        "type": "Microsoft.NetApp/netAppAccounts/capacityPools/volumes",
        "etag": "W/\u0022datetime\u00272023-09-19T15%3A05%3A52.6072752Z\u0027\u0022",
        "location": "westus2",
        "tags": {
          "key1": "value1",
          "key2": "value2",
          "CreatedOnDate": "2023-09-19T15:00:48.5398055Z"
        },
        "properties": {
          "volumeType": "",
          "fileSystemId": "0c1e63c2-bc32-752c-f02f-16f53bb72141",
          "serviceLevel": "Premium",
          "creationToken": "volumeName-8837",
          "usageThreshold": 107374182400,
          "exportPolicy": {
            "rules": [
              {
                "ruleIndex": 1,
                "unixReadOnly": false,
                "unixReadWrite": true,
                "cifs": false,
                "nfsv3": true,
                "nfsv41": false,
                "allowedClients": "0.0.0.0/0",
                "kerberos5ReadOnly": false,
                "kerberos5ReadWrite": false,
                "kerberos5iReadOnly": false,
                "kerberos5iReadWrite": false,
                "kerberos5pReadOnly": false,
                "kerberos5pReadWrite": false,
                "hasRootAccess": true,
                "chownMode": "Restricted"
              }
            ]
          },
          "protocolTypes": [
            "NFSv3"
          ],
          "baremetalTenantId": "baremetalTenant_svm_8f82c7b40509489d9e97d719b9b955b4_c772ad1f",
          "subnetId": "/subscriptions/69a75bda-882e-44d5-8431-63421204132a/resourceGroups/testNetAppDotNetSDKRG-2576/providers/Microsoft.Network/virtualNetworks/vnet-4585/subnets/default",
          "networkFeatures": "Basic",
          "networkSiblingSetId": "28ea9a05-d073-7699-4280-476792962d9b",
          "storageToNetworkProximity": "Default",
          "snapshotDirectoryVisible": true,
          "kerberosEnabled": false,
          "securityStyle": "Unix",
          "smbEncryption": false,
          "smbContinuouslyAvailable": false,
          "encryptionKeySource": "Microsoft.NetApp",
          "ldapEnabled": false,
          "unixPermissions": "0770",
          "mountTargets": [
            {
              "mountTargetId": "0c1e63c2-bc32-752c-f02f-16f53bb72141",
              "fileSystemId": "0c1e63c2-bc32-752c-f02f-16f53bb72141",
              "ipAddress": "10.0.1.4"
            }
          ],
          "coolAccess": false,
          "avsDataStore": "Disabled",
          "isDefaultQuotaEnabled": false,
          "defaultUserQuotaInKiBs": 0,
          "defaultGroupQuotaInKiBs": 0,
          "enableSubvolumes": "Disabled",
          "maximumNumberOfFiles": 100000000,
          "smbNonBrowsable": "Disabled",
          "smbAccessBasedEnumeration": "Disabled",
          "isLargeVolume": false,
          "provisionedAvailabilityZone": "1",
          "actualThroughputMibps": 6.25,
          "provisioningState": "Succeeded"
        },
        "systemData": {
          "createdBy": "c6c4faba-2b22-44d9-80a4-71ff5b71f811",
          "createdByType": "Application",
          "createdAt": "2023-09-19T15:00:50.0019468Z",
          "lastModifiedBy": "c6c4faba-2b22-44d9-80a4-71ff5b71f811",
          "lastModifiedByType": "Application",
          "lastModifiedAt": "2023-09-19T15:00:50.0019468Z"
        }
      }
    },
    {
      "RequestUri": "https://management.azure.com/subscriptions/69a75bda-882e-44d5-8431-63421204132a/resourceGroups/testNetAppDotNetSDKRG-2576/providers/Microsoft.NetApp/netAppAccounts/account1926/capacityPools/pool1/volumes/volumeName-8837?api-version=2023-05-01",
      "RequestMethod": "GET",
      "RequestHeaders": {
        "Accept": "application/json",
        "Authorization": "Sanitized",
        "traceparent": "00-34e7f363effb0b9d200c78ed3840eac5-ebcd7931f186a668-00",
        "User-Agent": "azsdk-net-ResourceManager.NetApp/1.4.0-alpha.20230915.1 (.NET 7.0.7; Microsoft Windows 10.0.22621)",
        "x-ms-client-request-id": "a471fe257adf2d3edb5801b86a28d01a",
        "x-ms-return-client-request-id": "true"
      },
      "RequestBody": null,
      "StatusCode": 200,
      "ResponseHeaders": {
        "Cache-Control": "no-cache",
        "Content-Length": "2450",
        "Content-Type": "application/json; charset=utf-8",
        "Date": "Tue, 19 Sep 2023 15:06:17 GMT",
        "ETag": "W/\u0022datetime\u00272023-09-19T15%3A05%3A52.6072752Z\u0027\u0022",
        "Expires": "-1",
        "Pragma": "no-cache",
        "Server": "Microsoft-IIS/10.0",
        "Strict-Transport-Security": "max-age=31536000; includeSubDomains",
        "X-Content-Type-Options": "nosniff",
        "x-ms-correlation-request-id": "e37c6e06-e673-440f-bca8-9a1dae10fd42",
        "x-ms-ratelimit-remaining-subscription-reads": "11970",
        "x-ms-request-id": "2f757a66-2bb4-4ebd-845b-86b714e794d5",
        "x-ms-routing-request-id": "WESTEUROPE:20230919T150618Z:e37c6e06-e673-440f-bca8-9a1dae10fd42",
        "X-Powered-By": "ASP.NET"
      },
      "ResponseBody": {
        "id": "/subscriptions/69a75bda-882e-44d5-8431-63421204132a/resourceGroups/testNetAppDotNetSDKRG-2576/providers/Microsoft.NetApp/netAppAccounts/account1926/capacityPools/pool1/volumes/volumeName-8837",
        "name": "account1926/pool1/volumeName-8837",
        "type": "Microsoft.NetApp/netAppAccounts/capacityPools/volumes",
        "etag": "W/\u0022datetime\u00272023-09-19T15%3A05%3A52.6072752Z\u0027\u0022",
        "location": "westus2",
        "tags": {
          "key1": "value1",
          "key2": "value2",
          "CreatedOnDate": "2023-09-19T15:00:48.5398055Z"
        },
        "properties": {
          "volumeType": "",
          "fileSystemId": "0c1e63c2-bc32-752c-f02f-16f53bb72141",
          "serviceLevel": "Premium",
          "creationToken": "volumeName-8837",
          "usageThreshold": 107374182400,
          "exportPolicy": {
            "rules": [
              {
                "ruleIndex": 1,
                "unixReadOnly": false,
                "unixReadWrite": true,
                "cifs": false,
                "nfsv3": true,
                "nfsv41": false,
                "allowedClients": "0.0.0.0/0",
                "kerberos5ReadOnly": false,
                "kerberos5ReadWrite": false,
                "kerberos5iReadOnly": false,
                "kerberos5iReadWrite": false,
                "kerberos5pReadOnly": false,
                "kerberos5pReadWrite": false,
                "hasRootAccess": true,
                "chownMode": "Restricted"
              }
            ]
          },
          "protocolTypes": [
            "NFSv3"
          ],
          "baremetalTenantId": "baremetalTenant_svm_8f82c7b40509489d9e97d719b9b955b4_c772ad1f",
          "subnetId": "/subscriptions/69a75bda-882e-44d5-8431-63421204132a/resourceGroups/testNetAppDotNetSDKRG-2576/providers/Microsoft.Network/virtualNetworks/vnet-4585/subnets/default",
          "networkFeatures": "Basic",
          "networkSiblingSetId": "28ea9a05-d073-7699-4280-476792962d9b",
          "storageToNetworkProximity": "Default",
          "snapshotDirectoryVisible": true,
          "kerberosEnabled": false,
          "securityStyle": "Unix",
          "smbEncryption": false,
          "smbContinuouslyAvailable": false,
          "encryptionKeySource": "Microsoft.NetApp",
          "ldapEnabled": false,
          "unixPermissions": "0770",
          "mountTargets": [
            {
              "mountTargetId": "0c1e63c2-bc32-752c-f02f-16f53bb72141",
              "fileSystemId": "0c1e63c2-bc32-752c-f02f-16f53bb72141",
              "ipAddress": "10.0.1.4"
            }
          ],
          "coolAccess": false,
          "avsDataStore": "Disabled",
          "isDefaultQuotaEnabled": false,
          "defaultUserQuotaInKiBs": 0,
          "defaultGroupQuotaInKiBs": 0,
          "enableSubvolumes": "Disabled",
          "maximumNumberOfFiles": 100000000,
          "smbNonBrowsable": "Disabled",
          "smbAccessBasedEnumeration": "Disabled",
          "isLargeVolume": false,
          "provisionedAvailabilityZone": "1",
          "actualThroughputMibps": 6.25,
          "provisioningState": "Succeeded"
        },
        "systemData": {
          "createdBy": "c6c4faba-2b22-44d9-80a4-71ff5b71f811",
          "createdByType": "Application",
          "createdAt": "2023-09-19T15:00:50.0019468Z",
          "lastModifiedBy": "c6c4faba-2b22-44d9-80a4-71ff5b71f811",
          "lastModifiedByType": "Application",
          "lastModifiedAt": "2023-09-19T15:00:50.0019468Z"
        }
      }
    },
    {
      "RequestUri": "https://management.azure.com/subscriptions/69a75bda-882e-44d5-8431-63421204132a/resourceGroups/testNetAppDotNetSDKRG-2576/providers/Microsoft.NetApp/netAppAccounts/account1926/capacityPools/pool1/volumes/volumeName-8837?api-version=2023-05-01",
      "RequestMethod": "GET",
      "RequestHeaders": {
        "Accept": "application/json",
        "Authorization": "Sanitized",
        "traceparent": "00-e6fab3f07b8fee510d2a370265ed1bee-637056cf35bf52d6-00",
        "User-Agent": "azsdk-net-ResourceManager.NetApp/1.4.0-alpha.20230915.1 (.NET 7.0.7; Microsoft Windows 10.0.22621)",
        "x-ms-client-request-id": "5a569fec564f5bb06a0fcee431d345fa",
        "x-ms-return-client-request-id": "true"
      },
      "RequestBody": null,
      "StatusCode": 200,
      "ResponseHeaders": {
        "Cache-Control": "no-cache",
        "Content-Length": "2450",
        "Content-Type": "application/json; charset=utf-8",
        "Date": "Tue, 19 Sep 2023 15:06:18 GMT",
        "ETag": "W/\u0022datetime\u00272023-09-19T15%3A05%3A52.6072752Z\u0027\u0022",
        "Expires": "-1",
        "Pragma": "no-cache",
        "Server": "Microsoft-IIS/10.0",
        "Strict-Transport-Security": "max-age=31536000; includeSubDomains",
        "X-Content-Type-Options": "nosniff",
        "x-ms-correlation-request-id": "b569459e-6e31-4e75-bafe-5660cd1e94ba",
        "x-ms-ratelimit-remaining-subscription-reads": "11969",
        "x-ms-request-id": "7f991197-0e01-4923-823f-a560c05ca19f",
        "x-ms-routing-request-id": "WESTEUROPE:20230919T150618Z:b569459e-6e31-4e75-bafe-5660cd1e94ba",
        "X-Powered-By": "ASP.NET"
      },
      "ResponseBody": {
        "id": "/subscriptions/69a75bda-882e-44d5-8431-63421204132a/resourceGroups/testNetAppDotNetSDKRG-2576/providers/Microsoft.NetApp/netAppAccounts/account1926/capacityPools/pool1/volumes/volumeName-8837",
        "name": "account1926/pool1/volumeName-8837",
        "type": "Microsoft.NetApp/netAppAccounts/capacityPools/volumes",
        "etag": "W/\u0022datetime\u00272023-09-19T15%3A05%3A52.6072752Z\u0027\u0022",
        "location": "westus2",
        "tags": {
          "key1": "value1",
          "key2": "value2",
          "CreatedOnDate": "2023-09-19T15:00:48.5398055Z"
        },
        "properties": {
          "volumeType": "",
          "fileSystemId": "0c1e63c2-bc32-752c-f02f-16f53bb72141",
          "serviceLevel": "Premium",
          "creationToken": "volumeName-8837",
          "usageThreshold": 107374182400,
          "exportPolicy": {
            "rules": [
              {
                "ruleIndex": 1,
                "unixReadOnly": false,
                "unixReadWrite": true,
                "cifs": false,
                "nfsv3": true,
                "nfsv41": false,
                "allowedClients": "0.0.0.0/0",
                "kerberos5ReadOnly": false,
                "kerberos5ReadWrite": false,
                "kerberos5iReadOnly": false,
                "kerberos5iReadWrite": false,
                "kerberos5pReadOnly": false,
                "kerberos5pReadWrite": false,
                "hasRootAccess": true,
                "chownMode": "Restricted"
              }
            ]
          },
          "protocolTypes": [
            "NFSv3"
          ],
          "baremetalTenantId": "baremetalTenant_svm_8f82c7b40509489d9e97d719b9b955b4_c772ad1f",
          "subnetId": "/subscriptions/69a75bda-882e-44d5-8431-63421204132a/resourceGroups/testNetAppDotNetSDKRG-2576/providers/Microsoft.Network/virtualNetworks/vnet-4585/subnets/default",
          "networkFeatures": "Basic",
          "networkSiblingSetId": "28ea9a05-d073-7699-4280-476792962d9b",
          "storageToNetworkProximity": "Default",
          "snapshotDirectoryVisible": true,
          "kerberosEnabled": false,
          "securityStyle": "Unix",
          "smbEncryption": false,
          "smbContinuouslyAvailable": false,
          "encryptionKeySource": "Microsoft.NetApp",
          "ldapEnabled": false,
          "unixPermissions": "0770",
          "mountTargets": [
            {
              "mountTargetId": "0c1e63c2-bc32-752c-f02f-16f53bb72141",
              "fileSystemId": "0c1e63c2-bc32-752c-f02f-16f53bb72141",
              "ipAddress": "10.0.1.4"
            }
          ],
          "coolAccess": false,
          "avsDataStore": "Disabled",
          "isDefaultQuotaEnabled": false,
          "defaultUserQuotaInKiBs": 0,
          "defaultGroupQuotaInKiBs": 0,
          "enableSubvolumes": "Disabled",
          "maximumNumberOfFiles": 100000000,
          "smbNonBrowsable": "Disabled",
          "smbAccessBasedEnumeration": "Disabled",
          "isLargeVolume": false,
          "provisionedAvailabilityZone": "1",
          "actualThroughputMibps": 6.25,
          "provisioningState": "Succeeded"
        },
        "systemData": {
          "createdBy": "c6c4faba-2b22-44d9-80a4-71ff5b71f811",
          "createdByType": "Application",
          "createdAt": "2023-09-19T15:00:50.0019468Z",
          "lastModifiedBy": "c6c4faba-2b22-44d9-80a4-71ff5b71f811",
          "lastModifiedByType": "Application",
          "lastModifiedAt": "2023-09-19T15:00:50.0019468Z"
        }
      }
    },
    {
      "RequestUri": "https://management.azure.com/subscriptions/69a75bda-882e-44d5-8431-63421204132a/resourceGroups/testNetAppDotNetSDKRG-2576/providers/Microsoft.NetApp/netAppAccounts/account1926/capacityPools/pool1/volumes/volumeName-8837?api-version=2023-05-01",
      "RequestMethod": "DELETE",
      "RequestHeaders": {
        "Authorization": "Sanitized",
        "traceparent": "00-0e6e1400612b7786f2c5971f5911c213-42b17335fc15b796-00",
        "User-Agent": "azsdk-net-ResourceManager.NetApp/1.4.0-alpha.20230915.1 (.NET 7.0.7; Microsoft Windows 10.0.22621)",
        "x-ms-client-request-id": "74cd76461d0896a1b69191db839974ce",
        "x-ms-return-client-request-id": "true"
      },
      "RequestBody": null,
      "StatusCode": 202,
      "ResponseHeaders": {
        "Azure-AsyncOperation": "https://management.azure.com/subscriptions/69a75bda-882e-44d5-8431-63421204132a/providers/Microsoft.NetApp/locations/westus2/operationResults/b439ec16-c9e1-4601-9075-9d4812c407d8?api-version=2023-05-01",
        "Cache-Control": "no-cache",
        "Content-Length": "0",
        "Date": "Tue, 19 Sep 2023 15:06:18 GMT",
        "Expires": "-1",
        "Location": "https://management.azure.com/subscriptions/69a75bda-882e-44d5-8431-63421204132a/providers/Microsoft.NetApp/locations/westus2/operationResults/b439ec16-c9e1-4601-9075-9d4812c407d8?api-version=2023-05-01\u0026operationResultResponseType=Location",
        "Pragma": "no-cache",
        "Server": "Microsoft-IIS/10.0",
        "Strict-Transport-Security": "max-age=31536000; includeSubDomains",
        "X-Content-Type-Options": "nosniff",
        "x-ms-correlation-request-id": "3c491d83-0ae4-49a7-9642-62daaa159bdc",
        "x-ms-ratelimit-remaining-subscription-deletes": "14999",
        "x-ms-request-id": "3c491d83-0ae4-49a7-9642-62daaa159bdc",
        "x-ms-routing-request-id": "WESTEUROPE:20230919T150619Z:3c491d83-0ae4-49a7-9642-62daaa159bdc",
        "X-Powered-By": "ASP.NET"
      },
      "ResponseBody": null
    },
    {
      "RequestUri": "https://management.azure.com/subscriptions/69a75bda-882e-44d5-8431-63421204132a/providers/Microsoft.NetApp/locations/westus2/operationResults/b439ec16-c9e1-4601-9075-9d4812c407d8?api-version=2023-05-01",
      "RequestMethod": "GET",
      "RequestHeaders": {
        "Authorization": "Sanitized",
        "traceparent": "00-0e6e1400612b7786f2c5971f5911c213-78432847f08b0b26-00",
        "User-Agent": "azsdk-net-ResourceManager/1.7.0 (.NET 7.0.7; Microsoft Windows 10.0.22621)",
        "x-ms-client-request-id": "f47206125b5bcf11febfa3bdc4d5d7d0",
        "x-ms-return-client-request-id": "true"
      },
      "RequestBody": null,
      "StatusCode": 200,
      "ResponseHeaders": {
        "Cache-Control": "no-cache",
        "Content-Length": "565",
        "Content-Type": "application/json; charset=utf-8",
        "Date": "Tue, 19 Sep 2023 15:06:19 GMT",
        "Expires": "-1",
        "Pragma": "no-cache",
        "Server": "Microsoft-IIS/10.0",
        "Strict-Transport-Security": "max-age=31536000; includeSubDomains",
        "X-Content-Type-Options": "nosniff",
        "x-ms-correlation-request-id": "4d3fbd68-5824-4a69-90c7-924fbb4f9f17",
        "x-ms-ratelimit-remaining-subscription-reads": "11968",
        "x-ms-request-id": "8b68825e-ef56-417e-bbdf-665be844123c",
        "x-ms-routing-request-id": "WESTEUROPE:20230919T150620Z:4d3fbd68-5824-4a69-90c7-924fbb4f9f17",
        "X-Powered-By": "ASP.NET"
      },
      "ResponseBody": {
        "id": "/subscriptions/69a75bda-882e-44d5-8431-63421204132a/providers/Microsoft.NetApp/locations/westus2/operationResults/b439ec16-c9e1-4601-9075-9d4812c407d8",
        "name": "b439ec16-c9e1-4601-9075-9d4812c407d8",
        "status": "Deleting",
        "startTime": "2023-09-19T15:06:19.5829128Z",
        "endTime": "0001-01-01T00:00:00Z",
        "percentComplete": 0.0,
        "properties": {
          "resourceName": "/subscriptions/69a75bda-882e-44d5-8431-63421204132a/resourceGroups/testNetAppDotNetSDKRG-2576/providers/Microsoft.NetApp/netAppAccounts/account1926/capacityPools/pool1/volumes/volumeName-8837",
          "action": "DELETE"
        }
      }
    },
    {
      "RequestUri": "https://management.azure.com/subscriptions/69a75bda-882e-44d5-8431-63421204132a/providers/Microsoft.NetApp/locations/westus2/operationResults/b439ec16-c9e1-4601-9075-9d4812c407d8?api-version=2023-05-01",
      "RequestMethod": "GET",
      "RequestHeaders": {
        "Authorization": "Sanitized",
        "traceparent": "00-0e6e1400612b7786f2c5971f5911c213-684d2a4165cef749-00",
        "User-Agent": "azsdk-net-ResourceManager/1.7.0 (.NET 7.0.7; Microsoft Windows 10.0.22621)",
        "x-ms-client-request-id": "e001ff9aa115cf4c03fd26f1e3d1ea5c",
        "x-ms-return-client-request-id": "true"
      },
      "RequestBody": null,
      "StatusCode": 200,
      "ResponseHeaders": {
        "Cache-Control": "no-cache",
        "Content-Length": "565",
        "Content-Type": "application/json; charset=utf-8",
        "Date": "Tue, 19 Sep 2023 15:06:20 GMT",
        "Expires": "-1",
        "Pragma": "no-cache",
        "Server": "Microsoft-IIS/10.0",
        "Strict-Transport-Security": "max-age=31536000; includeSubDomains",
        "X-Content-Type-Options": "nosniff",
        "x-ms-correlation-request-id": "89f10577-1244-487b-8d47-cc68e6166fd0",
        "x-ms-ratelimit-remaining-subscription-reads": "11967",
        "x-ms-request-id": "6a33dec9-2a83-4c94-b854-317812ad7295",
        "x-ms-routing-request-id": "WESTEUROPE:20230919T150621Z:89f10577-1244-487b-8d47-cc68e6166fd0",
        "X-Powered-By": "ASP.NET"
      },
      "ResponseBody": {
        "id": "/subscriptions/69a75bda-882e-44d5-8431-63421204132a/providers/Microsoft.NetApp/locations/westus2/operationResults/b439ec16-c9e1-4601-9075-9d4812c407d8",
        "name": "b439ec16-c9e1-4601-9075-9d4812c407d8",
        "status": "Deleting",
        "startTime": "2023-09-19T15:06:19.5829128Z",
        "endTime": "0001-01-01T00:00:00Z",
        "percentComplete": 0.0,
        "properties": {
          "resourceName": "/subscriptions/69a75bda-882e-44d5-8431-63421204132a/resourceGroups/testNetAppDotNetSDKRG-2576/providers/Microsoft.NetApp/netAppAccounts/account1926/capacityPools/pool1/volumes/volumeName-8837",
          "action": "DELETE"
        }
      }
    },
    {
      "RequestUri": "https://management.azure.com/subscriptions/69a75bda-882e-44d5-8431-63421204132a/providers/Microsoft.NetApp/locations/westus2/operationResults/b439ec16-c9e1-4601-9075-9d4812c407d8?api-version=2023-05-01",
      "RequestMethod": "GET",
      "RequestHeaders": {
        "Authorization": "Sanitized",
        "traceparent": "00-0e6e1400612b7786f2c5971f5911c213-a4ec420d5be78f53-00",
        "User-Agent": "azsdk-net-ResourceManager/1.7.0 (.NET 7.0.7; Microsoft Windows 10.0.22621)",
        "x-ms-client-request-id": "7dc98995802787723eeea6edd2b40a78",
        "x-ms-return-client-request-id": "true"
      },
      "RequestBody": null,
      "StatusCode": 200,
      "ResponseHeaders": {
        "Cache-Control": "no-cache",
        "Content-Length": "565",
        "Content-Type": "application/json; charset=utf-8",
        "Date": "Tue, 19 Sep 2023 15:06:21 GMT",
        "Expires": "-1",
        "Pragma": "no-cache",
        "Server": "Microsoft-IIS/10.0",
        "Strict-Transport-Security": "max-age=31536000; includeSubDomains",
        "X-Content-Type-Options": "nosniff",
        "x-ms-correlation-request-id": "84b345e2-05cf-4e90-bdb4-f2ed5b401a22",
        "x-ms-ratelimit-remaining-subscription-reads": "11966",
        "x-ms-request-id": "36d37636-5ce9-49a3-bbae-f54eb6311087",
        "x-ms-routing-request-id": "WESTEUROPE:20230919T150622Z:84b345e2-05cf-4e90-bdb4-f2ed5b401a22",
        "X-Powered-By": "ASP.NET"
      },
      "ResponseBody": {
        "id": "/subscriptions/69a75bda-882e-44d5-8431-63421204132a/providers/Microsoft.NetApp/locations/westus2/operationResults/b439ec16-c9e1-4601-9075-9d4812c407d8",
        "name": "b439ec16-c9e1-4601-9075-9d4812c407d8",
        "status": "Deleting",
        "startTime": "2023-09-19T15:06:19.5829128Z",
        "endTime": "0001-01-01T00:00:00Z",
        "percentComplete": 0.0,
        "properties": {
          "resourceName": "/subscriptions/69a75bda-882e-44d5-8431-63421204132a/resourceGroups/testNetAppDotNetSDKRG-2576/providers/Microsoft.NetApp/netAppAccounts/account1926/capacityPools/pool1/volumes/volumeName-8837",
          "action": "DELETE"
        }
      }
    },
    {
      "RequestUri": "https://management.azure.com/subscriptions/69a75bda-882e-44d5-8431-63421204132a/providers/Microsoft.NetApp/locations/westus2/operationResults/b439ec16-c9e1-4601-9075-9d4812c407d8?api-version=2023-05-01",
      "RequestMethod": "GET",
      "RequestHeaders": {
        "Authorization": "Sanitized",
        "traceparent": "00-0e6e1400612b7786f2c5971f5911c213-72a5be4cea43e84c-00",
        "User-Agent": "azsdk-net-ResourceManager/1.7.0 (.NET 7.0.7; Microsoft Windows 10.0.22621)",
        "x-ms-client-request-id": "ac35683f1b5870f2b9a2f05e3520eb2d",
        "x-ms-return-client-request-id": "true"
      },
      "RequestBody": null,
      "StatusCode": 200,
      "ResponseHeaders": {
        "Cache-Control": "no-cache",
        "Content-Length": "565",
        "Content-Type": "application/json; charset=utf-8",
        "Date": "Tue, 19 Sep 2023 15:06:22 GMT",
        "Expires": "-1",
        "Pragma": "no-cache",
        "Server": "Microsoft-IIS/10.0",
        "Strict-Transport-Security": "max-age=31536000; includeSubDomains",
        "X-Content-Type-Options": "nosniff",
        "x-ms-correlation-request-id": "dada2675-0b5e-4e9e-b10b-06da9e5bb2bc",
        "x-ms-ratelimit-remaining-subscription-reads": "11965",
        "x-ms-request-id": "a9122746-143b-4d0e-9b23-01415706185f",
        "x-ms-routing-request-id": "WESTEUROPE:20230919T150623Z:dada2675-0b5e-4e9e-b10b-06da9e5bb2bc",
        "X-Powered-By": "ASP.NET"
      },
      "ResponseBody": {
        "id": "/subscriptions/69a75bda-882e-44d5-8431-63421204132a/providers/Microsoft.NetApp/locations/westus2/operationResults/b439ec16-c9e1-4601-9075-9d4812c407d8",
        "name": "b439ec16-c9e1-4601-9075-9d4812c407d8",
        "status": "Deleting",
        "startTime": "2023-09-19T15:06:19.5829128Z",
        "endTime": "0001-01-01T00:00:00Z",
        "percentComplete": 0.0,
        "properties": {
          "resourceName": "/subscriptions/69a75bda-882e-44d5-8431-63421204132a/resourceGroups/testNetAppDotNetSDKRG-2576/providers/Microsoft.NetApp/netAppAccounts/account1926/capacityPools/pool1/volumes/volumeName-8837",
          "action": "DELETE"
        }
      }
    },
    {
      "RequestUri": "https://management.azure.com/subscriptions/69a75bda-882e-44d5-8431-63421204132a/providers/Microsoft.NetApp/locations/westus2/operationResults/b439ec16-c9e1-4601-9075-9d4812c407d8?api-version=2023-05-01",
      "RequestMethod": "GET",
      "RequestHeaders": {
        "Authorization": "Sanitized",
        "traceparent": "00-0e6e1400612b7786f2c5971f5911c213-d99e076e0f11e640-00",
        "User-Agent": "azsdk-net-ResourceManager/1.7.0 (.NET 7.0.7; Microsoft Windows 10.0.22621)",
        "x-ms-client-request-id": "3b2847d55a0c1aa98c7aa126fb5ffd4f",
        "x-ms-return-client-request-id": "true"
      },
      "RequestBody": null,
      "StatusCode": 200,
      "ResponseHeaders": {
        "Cache-Control": "no-cache",
        "Content-Length": "565",
        "Content-Type": "application/json; charset=utf-8",
        "Date": "Tue, 19 Sep 2023 15:06:25 GMT",
        "Expires": "-1",
        "Pragma": "no-cache",
        "Server": "Microsoft-IIS/10.0",
        "Strict-Transport-Security": "max-age=31536000; includeSubDomains",
        "X-Content-Type-Options": "nosniff",
        "x-ms-correlation-request-id": "b918c77f-fd27-488f-b3b7-87eccc84c58f",
        "x-ms-ratelimit-remaining-subscription-reads": "11964",
        "x-ms-request-id": "8967fd96-4bdd-4a16-8f31-044e5c695018",
        "x-ms-routing-request-id": "WESTEUROPE:20230919T150626Z:b918c77f-fd27-488f-b3b7-87eccc84c58f",
        "X-Powered-By": "ASP.NET"
      },
      "ResponseBody": {
        "id": "/subscriptions/69a75bda-882e-44d5-8431-63421204132a/providers/Microsoft.NetApp/locations/westus2/operationResults/b439ec16-c9e1-4601-9075-9d4812c407d8",
        "name": "b439ec16-c9e1-4601-9075-9d4812c407d8",
        "status": "Deleting",
        "startTime": "2023-09-19T15:06:19.5829128Z",
        "endTime": "0001-01-01T00:00:00Z",
        "percentComplete": 0.0,
        "properties": {
          "resourceName": "/subscriptions/69a75bda-882e-44d5-8431-63421204132a/resourceGroups/testNetAppDotNetSDKRG-2576/providers/Microsoft.NetApp/netAppAccounts/account1926/capacityPools/pool1/volumes/volumeName-8837",
          "action": "DELETE"
        }
      }
    },
    {
      "RequestUri": "https://management.azure.com/subscriptions/69a75bda-882e-44d5-8431-63421204132a/providers/Microsoft.NetApp/locations/westus2/operationResults/b439ec16-c9e1-4601-9075-9d4812c407d8?api-version=2023-05-01",
      "RequestMethod": "GET",
      "RequestHeaders": {
        "Authorization": "Sanitized",
        "traceparent": "00-0e6e1400612b7786f2c5971f5911c213-18dfe65f1a69d194-00",
        "User-Agent": "azsdk-net-ResourceManager/1.7.0 (.NET 7.0.7; Microsoft Windows 10.0.22621)",
        "x-ms-client-request-id": "7ab2adf23d9c79039658c3858f14521e",
        "x-ms-return-client-request-id": "true"
      },
      "RequestBody": null,
      "StatusCode": 200,
      "ResponseHeaders": {
        "Cache-Control": "no-cache",
        "Content-Length": "565",
        "Content-Type": "application/json; charset=utf-8",
        "Date": "Tue, 19 Sep 2023 15:06:29 GMT",
        "Expires": "-1",
        "Pragma": "no-cache",
        "Server": "Microsoft-IIS/10.0",
        "Strict-Transport-Security": "max-age=31536000; includeSubDomains",
        "X-Content-Type-Options": "nosniff",
        "x-ms-correlation-request-id": "4e4675c4-d810-4c54-9e2a-794ac646fb30",
        "x-ms-ratelimit-remaining-subscription-reads": "11963",
        "x-ms-request-id": "a7b0652e-cc38-4f65-9241-bbc88b7e8f0c",
        "x-ms-routing-request-id": "WESTEUROPE:20230919T150630Z:4e4675c4-d810-4c54-9e2a-794ac646fb30",
        "X-Powered-By": "ASP.NET"
      },
      "ResponseBody": {
        "id": "/subscriptions/69a75bda-882e-44d5-8431-63421204132a/providers/Microsoft.NetApp/locations/westus2/operationResults/b439ec16-c9e1-4601-9075-9d4812c407d8",
        "name": "b439ec16-c9e1-4601-9075-9d4812c407d8",
        "status": "Deleting",
        "startTime": "2023-09-19T15:06:19.5829128Z",
        "endTime": "0001-01-01T00:00:00Z",
        "percentComplete": 0.0,
        "properties": {
          "resourceName": "/subscriptions/69a75bda-882e-44d5-8431-63421204132a/resourceGroups/testNetAppDotNetSDKRG-2576/providers/Microsoft.NetApp/netAppAccounts/account1926/capacityPools/pool1/volumes/volumeName-8837",
          "action": "DELETE"
        }
      }
    },
    {
      "RequestUri": "https://management.azure.com/subscriptions/69a75bda-882e-44d5-8431-63421204132a/providers/Microsoft.NetApp/locations/westus2/operationResults/b439ec16-c9e1-4601-9075-9d4812c407d8?api-version=2023-05-01",
      "RequestMethod": "GET",
      "RequestHeaders": {
        "Authorization": "Sanitized",
        "traceparent": "00-0e6e1400612b7786f2c5971f5911c213-893db3c421d7f0ac-00",
        "User-Agent": "azsdk-net-ResourceManager/1.7.0 (.NET 7.0.7; Microsoft Windows 10.0.22621)",
        "x-ms-client-request-id": "8b177803cf8be56cbf1a20de79cb755a",
        "x-ms-return-client-request-id": "true"
      },
      "RequestBody": null,
      "StatusCode": 200,
      "ResponseHeaders": {
        "Cache-Control": "no-cache",
        "Content-Length": "565",
        "Content-Type": "application/json; charset=utf-8",
        "Date": "Tue, 19 Sep 2023 15:06:38 GMT",
        "Expires": "-1",
        "Pragma": "no-cache",
        "Server": "Microsoft-IIS/10.0",
        "Strict-Transport-Security": "max-age=31536000; includeSubDomains",
        "X-Content-Type-Options": "nosniff",
        "x-ms-correlation-request-id": "b2c1e2d1-b7db-4578-950b-2db87691578d",
        "x-ms-ratelimit-remaining-subscription-reads": "11962",
        "x-ms-request-id": "70fcf66c-dbc3-496d-aa89-32745a2a6be9",
        "x-ms-routing-request-id": "WESTEUROPE:20230919T150638Z:b2c1e2d1-b7db-4578-950b-2db87691578d",
        "X-Powered-By": "ASP.NET"
      },
      "ResponseBody": {
        "id": "/subscriptions/69a75bda-882e-44d5-8431-63421204132a/providers/Microsoft.NetApp/locations/westus2/operationResults/b439ec16-c9e1-4601-9075-9d4812c407d8",
        "name": "b439ec16-c9e1-4601-9075-9d4812c407d8",
        "status": "Deleting",
        "startTime": "2023-09-19T15:06:19.5829128Z",
        "endTime": "0001-01-01T00:00:00Z",
        "percentComplete": 0.0,
        "properties": {
          "resourceName": "/subscriptions/69a75bda-882e-44d5-8431-63421204132a/resourceGroups/testNetAppDotNetSDKRG-2576/providers/Microsoft.NetApp/netAppAccounts/account1926/capacityPools/pool1/volumes/volumeName-8837",
          "action": "DELETE"
        }
      }
    },
    {
      "RequestUri": "https://management.azure.com/subscriptions/69a75bda-882e-44d5-8431-63421204132a/providers/Microsoft.NetApp/locations/westus2/operationResults/b439ec16-c9e1-4601-9075-9d4812c407d8?api-version=2023-05-01",
      "RequestMethod": "GET",
      "RequestHeaders": {
        "Authorization": "Sanitized",
        "traceparent": "00-0e6e1400612b7786f2c5971f5911c213-8279bdb08f604512-00",
        "User-Agent": "azsdk-net-ResourceManager/1.7.0 (.NET 7.0.7; Microsoft Windows 10.0.22621)",
        "x-ms-client-request-id": "876ba1a5706d989144afa4b397238a78",
        "x-ms-return-client-request-id": "true"
      },
      "RequestBody": null,
      "StatusCode": 200,
      "ResponseHeaders": {
        "Cache-Control": "no-cache",
        "Content-Length": "565",
        "Content-Type": "application/json; charset=utf-8",
        "Date": "Tue, 19 Sep 2023 15:06:54 GMT",
        "Expires": "-1",
        "Pragma": "no-cache",
        "Server": "Microsoft-IIS/10.0",
        "Strict-Transport-Security": "max-age=31536000; includeSubDomains",
        "X-Content-Type-Options": "nosniff",
        "x-ms-correlation-request-id": "1ce4059c-9927-4053-963c-e5b349286b1a",
        "x-ms-ratelimit-remaining-subscription-reads": "11961",
        "x-ms-request-id": "d98d0424-b869-47cf-a1e3-223d5c4bdb99",
        "x-ms-routing-request-id": "WESTEUROPE:20230919T150654Z:1ce4059c-9927-4053-963c-e5b349286b1a",
        "X-Powered-By": "ASP.NET"
      },
      "ResponseBody": {
        "id": "/subscriptions/69a75bda-882e-44d5-8431-63421204132a/providers/Microsoft.NetApp/locations/westus2/operationResults/b439ec16-c9e1-4601-9075-9d4812c407d8",
        "name": "b439ec16-c9e1-4601-9075-9d4812c407d8",
        "status": "Deleting",
        "startTime": "2023-09-19T15:06:19.5829128Z",
        "endTime": "0001-01-01T00:00:00Z",
        "percentComplete": 0.0,
        "properties": {
          "resourceName": "/subscriptions/69a75bda-882e-44d5-8431-63421204132a/resourceGroups/testNetAppDotNetSDKRG-2576/providers/Microsoft.NetApp/netAppAccounts/account1926/capacityPools/pool1/volumes/volumeName-8837",
          "action": "DELETE"
        }
      }
    },
    {
      "RequestUri": "https://management.azure.com/subscriptions/69a75bda-882e-44d5-8431-63421204132a/providers/Microsoft.NetApp/locations/westus2/operationResults/b439ec16-c9e1-4601-9075-9d4812c407d8?api-version=2023-05-01",
      "RequestMethod": "GET",
      "RequestHeaders": {
        "Authorization": "Sanitized",
        "traceparent": "00-0e6e1400612b7786f2c5971f5911c213-e0c81e40f2778a0e-00",
        "User-Agent": "azsdk-net-ResourceManager/1.7.0 (.NET 7.0.7; Microsoft Windows 10.0.22621)",
        "x-ms-client-request-id": "82238327714723c341ccbb811d25ffcb",
        "x-ms-return-client-request-id": "true"
      },
      "RequestBody": null,
      "StatusCode": 200,
      "ResponseHeaders": {
        "Cache-Control": "no-cache",
        "Content-Length": "576",
        "Content-Type": "application/json; charset=utf-8",
        "Date": "Tue, 19 Sep 2023 15:07:26 GMT",
        "Expires": "-1",
        "Pragma": "no-cache",
        "Server": "Microsoft-IIS/10.0",
        "Strict-Transport-Security": "max-age=31536000; includeSubDomains",
        "X-Content-Type-Options": "nosniff",
        "x-ms-correlation-request-id": "799f8f1a-7489-4540-a4e1-c51519fb6355",
        "x-ms-ratelimit-remaining-subscription-reads": "11960",
        "x-ms-request-id": "04be96cc-548c-4ae7-8e40-e4eafc8040d7",
        "x-ms-routing-request-id": "WESTEUROPE:20230919T150726Z:799f8f1a-7489-4540-a4e1-c51519fb6355",
        "X-Powered-By": "ASP.NET"
      },
      "ResponseBody": {
        "id": "/subscriptions/69a75bda-882e-44d5-8431-63421204132a/providers/Microsoft.NetApp/locations/westus2/operationResults/b439ec16-c9e1-4601-9075-9d4812c407d8",
        "name": "b439ec16-c9e1-4601-9075-9d4812c407d8",
        "status": "Succeeded",
        "startTime": "2023-09-19T15:06:19.5829128Z",
        "endTime": "2023-09-19T15:07:05.3420406Z",
        "percentComplete": 100.0,
        "properties": {
          "resourceName": "/subscriptions/69a75bda-882e-44d5-8431-63421204132a/resourceGroups/testNetAppDotNetSDKRG-2576/providers/Microsoft.NetApp/netAppAccounts/account1926/capacityPools/pool1/volumes/volumeName-8837",
          "action": "DELETE"
        }
      }
    },
    {
      "RequestUri": "https://management.azure.com/subscriptions/69a75bda-882e-44d5-8431-63421204132a/resourceGroups/testNetAppDotNetSDKRG-2576/providers/Microsoft.NetApp/netAppAccounts/account1926/capacityPools/volumeName-8837?api-version=2023-05-01",
      "RequestMethod": "GET",
      "RequestHeaders": {
        "Accept": "application/json",
        "Authorization": "Sanitized",
        "traceparent": "00-7941a8261d9fd58176c7455eacb06d0f-892fe4afc693494b-00",
        "User-Agent": "azsdk-net-ResourceManager.NetApp/1.4.0-alpha.20230915.1 (.NET 7.0.7; Microsoft Windows 10.0.22621)",
        "x-ms-client-request-id": "eee068e3cba892b0e77f46dc2ab84e9c",
        "x-ms-return-client-request-id": "true"
      },
      "RequestBody": null,
      "StatusCode": 404,
      "ResponseHeaders": {
        "Cache-Control": "no-cache",
        "Content-Length": "271",
        "Content-Type": "application/json; charset=utf-8",
        "Date": "Tue, 19 Sep 2023 15:07:26 GMT",
        "Expires": "-1",
        "Pragma": "no-cache",
        "Strict-Transport-Security": "max-age=31536000; includeSubDomains",
        "X-Content-Type-Options": "nosniff",
        "x-ms-correlation-request-id": "0c762c03-54ae-4505-9f1c-1816f961c2a7",
        "x-ms-failure-cause": "gateway",
        "x-ms-request-id": "0c762c03-54ae-4505-9f1c-1816f961c2a7",
        "x-ms-routing-request-id": "WESTEUROPE:20230919T150727Z:0c762c03-54ae-4505-9f1c-1816f961c2a7"
      },
      "ResponseBody": {
        "error": {
          "code": "ResourceNotFound",
          "message": "The Resource \u0027Microsoft.NetApp/netAppAccounts/account1926/capacityPools/volumeName-8837\u0027 under resource group \u0027testNetAppDotNetSDKRG-2576\u0027 was not found. For more details please go to https://aka.ms/ARMResourceNotFoundFix"
        }
      }
    },
    {
      "RequestUri": "https://management.azure.com/subscriptions/69a75bda-882e-44d5-8431-63421204132a/resourceGroups/testNetAppDotNetSDKRG-2576/providers/Microsoft.NetApp/netAppAccounts/account1926/capacityPools/volumeName-8837?api-version=2023-05-01",
      "RequestMethod": "GET",
      "RequestHeaders": {
        "Accept": "application/json",
        "Authorization": "Sanitized",
        "traceparent": "00-3e955a2c1482362095d6b2173eb9481f-841c7040b2558199-00",
        "User-Agent": "azsdk-net-ResourceManager.NetApp/1.4.0-alpha.20230915.1 (.NET 7.0.7; Microsoft Windows 10.0.22621)",
        "x-ms-client-request-id": "f6b6a790f2a83313dd4845a1b50f7b1e",
        "x-ms-return-client-request-id": "true"
      },
      "RequestBody": null,
      "StatusCode": 404,
      "ResponseHeaders": {
        "Cache-Control": "no-cache",
        "Content-Length": "271",
        "Content-Type": "application/json; charset=utf-8",
        "Date": "Tue, 19 Sep 2023 15:07:27 GMT",
        "Expires": "-1",
        "Pragma": "no-cache",
        "Strict-Transport-Security": "max-age=31536000; includeSubDomains",
        "X-Content-Type-Options": "nosniff",
        "x-ms-correlation-request-id": "c33cbf13-0a73-474a-8c39-4c7f23ce6e61",
        "x-ms-failure-cause": "gateway",
        "x-ms-request-id": "c33cbf13-0a73-474a-8c39-4c7f23ce6e61",
        "x-ms-routing-request-id": "WESTEUROPE:20230919T150727Z:c33cbf13-0a73-474a-8c39-4c7f23ce6e61"
      },
      "ResponseBody": {
        "error": {
          "code": "ResourceNotFound",
          "message": "The Resource \u0027Microsoft.NetApp/netAppAccounts/account1926/capacityPools/volumeName-8837\u0027 under resource group \u0027testNetAppDotNetSDKRG-2576\u0027 was not found. For more details please go to https://aka.ms/ARMResourceNotFoundFix"
        }
      }
    },
    {
      "RequestUri": "https://management.azure.com/subscriptions/69a75bda-882e-44d5-8431-63421204132a/resourceGroups/testNetAppDotNetSDKRG-2576/providers/Microsoft.NetApp/netAppAccounts/account1926/capacityPools/pool1?api-version=2023-05-01",
      "RequestMethod": "GET",
      "RequestHeaders": {
        "Accept": "application/json",
        "Authorization": "Sanitized",
        "traceparent": "00-dfa5bb8e9475f68231620bfde99d924f-540391240ee249af-00",
        "User-Agent": "azsdk-net-ResourceManager.NetApp/1.4.0-alpha.20230915.1 (.NET 7.0.7; Microsoft Windows 10.0.22621)",
        "x-ms-client-request-id": "2ed0d9af9b435ccfd2909bc72be6f888",
        "x-ms-return-client-request-id": "true"
      },
      "RequestBody": null,
      "StatusCode": 200,
      "ResponseHeaders": {
        "Cache-Control": "no-cache",
        "Content-Length": "965",
        "Content-Type": "application/json; charset=utf-8",
        "Date": "Tue, 19 Sep 2023 15:07:27 GMT",
        "ETag": "W/\u0022datetime\u00272023-09-19T15%3A06%3A35.4371196Z\u0027\u0022",
        "Expires": "-1",
        "Pragma": "no-cache",
        "Server": "Microsoft-IIS/10.0",
        "Strict-Transport-Security": "max-age=31536000; includeSubDomains",
        "X-Content-Type-Options": "nosniff",
        "x-ms-correlation-request-id": "845ba655-b00a-4869-8c16-5373344bc662",
        "x-ms-ratelimit-remaining-subscription-reads": "11957",
        "x-ms-request-id": "715d5b89-58b0-4d73-b40d-eec167b2ec01",
        "x-ms-routing-request-id": "WESTEUROPE:20230919T150727Z:845ba655-b00a-4869-8c16-5373344bc662",
        "X-Powered-By": "ASP.NET"
      },
      "ResponseBody": {
        "id": "/subscriptions/69a75bda-882e-44d5-8431-63421204132a/resourceGroups/testNetAppDotNetSDKRG-2576/providers/Microsoft.NetApp/netAppAccounts/account1926/capacityPools/pool1",
        "name": "account1926/pool1",
        "type": "Microsoft.NetApp/netAppAccounts/capacityPools",
        "etag": "W/\u0022datetime\u00272023-09-19T15%3A06%3A35.4371196Z\u0027\u0022",
        "location": "westus2",
        "tags": {
          "key1": "value1",
          "key2": "value2",
          "CreatedOnDate": "2023-09-19T14:59:58.2993075Z"
        },
        "properties": {
          "poolId": "bbcc4513-2750-25bf-161d-f2df9034eefe",
          "serviceLevel": "Premium",
          "size": 4398046511104,
          "qosType": "Auto",
          "totalThroughputMibps": 256.0,
          "utilizedThroughputMibps": 0.0,
          "encryptionType": "Single",
          "coolAccess": false,
          "provisioningState": "Succeeded"
        },
        "systemData": {
          "createdBy": "c6c4faba-2b22-44d9-80a4-71ff5b71f811",
          "createdByType": "Application",
          "createdAt": "2023-09-19T14:59:59.3764113Z",
          "lastModifiedBy": "c6c4faba-2b22-44d9-80a4-71ff5b71f811",
          "lastModifiedByType": "Application",
          "lastModifiedAt": "2023-09-19T14:59:59.3764113Z"
        }
      }
    },
    {
      "RequestUri": "https://management.azure.com/subscriptions/69a75bda-882e-44d5-8431-63421204132a/resourceGroups/testNetAppDotNetSDKRG-2576/providers/Microsoft.NetApp/netAppAccounts/account1926/capacityPools?api-version=2023-05-01",
      "RequestMethod": "GET",
      "RequestHeaders": {
        "Accept": "application/json",
        "Authorization": "Sanitized",
        "traceparent": "00-7f06573532893babfe72eb97bc51faf2-275dcfd6ee558b6e-00",
        "User-Agent": "azsdk-net-ResourceManager.NetApp/1.4.0-alpha.20230915.1 (.NET 7.0.7; Microsoft Windows 10.0.22621)",
        "x-ms-client-request-id": "75f01f7d096ef02254ad115f850fddd7",
        "x-ms-return-client-request-id": "true"
      },
      "RequestBody": null,
      "StatusCode": 200,
      "ResponseHeaders": {
        "Cache-Control": "no-cache",
        "Content-Length": "977",
        "Content-Type": "application/json; charset=utf-8",
        "Date": "Tue, 19 Sep 2023 15:07:28 GMT",
        "Expires": "-1",
        "Pragma": "no-cache",
        "Server": "Microsoft-IIS/10.0",
        "Strict-Transport-Security": "max-age=31536000; includeSubDomains",
        "X-Content-Type-Options": "nosniff",
        "x-ms-correlation-request-id": "a3abd473-d5c9-43c8-b856-9898f6039c9c",
        "x-ms-ratelimit-remaining-subscription-reads": "11956",
        "x-ms-request-id": "d5a2a584-aa9f-4670-ab75-1aa76d9685e6",
        "x-ms-routing-request-id": "WESTEUROPE:20230919T150728Z:a3abd473-d5c9-43c8-b856-9898f6039c9c",
        "X-Powered-By": "ASP.NET"
      },
      "ResponseBody": {
        "value": [
          {
            "id": "/subscriptions/69a75bda-882e-44d5-8431-63421204132a/resourceGroups/testNetAppDotNetSDKRG-2576/providers/Microsoft.NetApp/netAppAccounts/account1926/capacityPools/pool1",
            "name": "account1926/pool1",
            "type": "Microsoft.NetApp/netAppAccounts/capacityPools",
            "etag": "W/\u0022datetime\u00272023-09-19T15%3A06%3A35.4371196Z\u0027\u0022",
            "location": "westus2",
            "tags": {
              "key1": "value1",
              "key2": "value2",
              "CreatedOnDate": "2023-09-19T14:59:58.2993075Z"
            },
            "properties": {
              "poolId": "bbcc4513-2750-25bf-161d-f2df9034eefe",
              "serviceLevel": "Premium",
              "size": 4398046511104,
              "qosType": "Auto",
              "totalThroughputMibps": 256.0,
              "utilizedThroughputMibps": 0.0,
              "encryptionType": "Single",
              "coolAccess": false,
              "provisioningState": "Succeeded"
            },
            "systemData": {
              "createdBy": "c6c4faba-2b22-44d9-80a4-71ff5b71f811",
              "createdByType": "Application",
              "createdAt": "2023-09-19T14:59:59.3764113Z",
              "lastModifiedBy": "c6c4faba-2b22-44d9-80a4-71ff5b71f811",
              "lastModifiedByType": "Application",
              "lastModifiedAt": "2023-09-19T14:59:59.3764113Z"
            }
          }
        ]
      }
    },
    {
      "RequestUri": "https://management.azure.com/subscriptions/69a75bda-882e-44d5-8431-63421204132a/resourceGroups/testNetAppDotNetSDKRG-2576/providers/Microsoft.NetApp/netAppAccounts/account1926/capacityPools/pool1/volumes?api-version=2023-05-01",
      "RequestMethod": "GET",
      "RequestHeaders": {
        "Accept": "application/json",
        "Authorization": "Sanitized",
        "traceparent": "00-7028ce5f2c17682d387f1b5c6dbcd7be-7158802378a3189a-00",
        "User-Agent": "azsdk-net-ResourceManager.NetApp/1.4.0-alpha.20230915.1 (.NET 7.0.7; Microsoft Windows 10.0.22621)",
        "x-ms-client-request-id": "512d28041fe7f458d85a2318574b08f6",
        "x-ms-return-client-request-id": "true"
      },
      "RequestBody": null,
      "StatusCode": 200,
      "ResponseHeaders": {
        "Cache-Control": "no-cache",
        "Content-Length": "12",
        "Content-Type": "application/json; charset=utf-8",
        "Date": "Tue, 19 Sep 2023 15:07:28 GMT",
        "Expires": "-1",
        "Pragma": "no-cache",
        "Server": "Microsoft-IIS/10.0",
        "Strict-Transport-Security": "max-age=31536000; includeSubDomains",
        "X-Content-Type-Options": "nosniff",
        "x-ms-correlation-request-id": "ecc236b3-9fcd-4173-98e0-f7727365cbed",
        "x-ms-ratelimit-remaining-subscription-reads": "11955",
        "x-ms-request-id": "f7726b83-fd4d-4731-846e-6c4835e8f618",
        "x-ms-routing-request-id": "WESTEUROPE:20230919T150728Z:ecc236b3-9fcd-4173-98e0-f7727365cbed",
        "X-Powered-By": "ASP.NET"
      },
      "ResponseBody": {
        "value": []
      }
    },
    {
      "RequestUri": "https://management.azure.com/subscriptions/69a75bda-882e-44d5-8431-63421204132a/resourceGroups/testNetAppDotNetSDKRG-2576/providers/Microsoft.NetApp/netAppAccounts/account1926/capacityPools/pool1?api-version=2023-05-01",
      "RequestMethod": "DELETE",
      "RequestHeaders": {
        "Authorization": "Sanitized",
        "traceparent": "00-849484f08cbf8725669cdd5181f8b302-881accf5db904c72-00",
        "User-Agent": "azsdk-net-ResourceManager.NetApp/1.4.0-alpha.20230915.1 (.NET 7.0.7; Microsoft Windows 10.0.22621)",
        "x-ms-client-request-id": "9523bc50051fa5b0b6dfda958a6fd7c3",
        "x-ms-return-client-request-id": "true"
      },
      "RequestBody": null,
      "StatusCode": 202,
      "ResponseHeaders": {
        "Azure-AsyncOperation": "https://management.azure.com/subscriptions/69a75bda-882e-44d5-8431-63421204132a/providers/Microsoft.NetApp/locations/westus2/operationResults/88dfebd2-3dd5-46a9-b265-27f297f767c4?api-version=2023-05-01",
        "Cache-Control": "no-cache",
        "Content-Length": "0",
        "Date": "Tue, 19 Sep 2023 15:07:59 GMT",
        "Expires": "-1",
        "Location": "https://management.azure.com/subscriptions/69a75bda-882e-44d5-8431-63421204132a/providers/Microsoft.NetApp/locations/westus2/operationResults/88dfebd2-3dd5-46a9-b265-27f297f767c4?api-version=2023-05-01\u0026operationResultResponseType=Location",
        "Pragma": "no-cache",
        "Server": "Microsoft-IIS/10.0",
        "Strict-Transport-Security": "max-age=31536000; includeSubDomains",
        "X-Content-Type-Options": "nosniff",
        "x-ms-correlation-request-id": "b4af2023-710b-4195-9eb9-101d8db1ce29",
        "x-ms-ratelimit-remaining-subscription-deletes": "14998",
        "x-ms-request-id": "b4af2023-710b-4195-9eb9-101d8db1ce29",
        "x-ms-routing-request-id": "WESTEUROPE:20230919T150759Z:b4af2023-710b-4195-9eb9-101d8db1ce29",
        "X-Powered-By": "ASP.NET"
      },
      "ResponseBody": null
    },
    {
      "RequestUri": "https://management.azure.com/subscriptions/69a75bda-882e-44d5-8431-63421204132a/providers/Microsoft.NetApp/locations/westus2/operationResults/88dfebd2-3dd5-46a9-b265-27f297f767c4?api-version=2023-05-01",
      "RequestMethod": "GET",
      "RequestHeaders": {
        "Authorization": "Sanitized",
        "traceparent": "00-849484f08cbf8725669cdd5181f8b302-24dd93dd7034f200-00",
        "User-Agent": "azsdk-net-ResourceManager/1.7.0 (.NET 7.0.7; Microsoft Windows 10.0.22621)",
        "x-ms-client-request-id": "c80f1aa547ebfeb877879a0845c26a68",
        "x-ms-return-client-request-id": "true"
      },
      "RequestBody": null,
      "StatusCode": 200,
      "ResponseHeaders": {
        "Cache-Control": "no-cache",
        "Content-Length": "541",
        "Content-Type": "application/json; charset=utf-8",
        "Date": "Tue, 19 Sep 2023 15:07:59 GMT",
        "Expires": "-1",
        "Pragma": "no-cache",
        "Server": "Microsoft-IIS/10.0",
        "Strict-Transport-Security": "max-age=31536000; includeSubDomains",
        "X-Content-Type-Options": "nosniff",
        "x-ms-correlation-request-id": "8eb10c2c-57a1-44bb-a026-b863ec49f1bf",
        "x-ms-ratelimit-remaining-subscription-reads": "11954",
        "x-ms-request-id": "16a898a7-a55e-4f33-9e93-2bdb001fcbe6",
        "x-ms-routing-request-id": "WESTEUROPE:20230919T150800Z:8eb10c2c-57a1-44bb-a026-b863ec49f1bf",
        "X-Powered-By": "ASP.NET"
      },
      "ResponseBody": {
        "id": "/subscriptions/69a75bda-882e-44d5-8431-63421204132a/providers/Microsoft.NetApp/locations/westus2/operationResults/88dfebd2-3dd5-46a9-b265-27f297f767c4",
        "name": "88dfebd2-3dd5-46a9-b265-27f297f767c4",
        "status": "Deleting",
        "startTime": "2023-09-19T15:07:59.6876956Z",
        "endTime": "0001-01-01T00:00:00Z",
        "percentComplete": 0.0,
        "properties": {
          "resourceName": "/subscriptions/69a75bda-882e-44d5-8431-63421204132a/resourceGroups/testNetAppDotNetSDKRG-2576/providers/Microsoft.NetApp/netAppAccounts/account1926/capacityPools/pool1",
          "action": "DELETE"
        }
      }
    },
    {
      "RequestUri": "https://management.azure.com/subscriptions/69a75bda-882e-44d5-8431-63421204132a/providers/Microsoft.NetApp/locations/westus2/operationResults/88dfebd2-3dd5-46a9-b265-27f297f767c4?api-version=2023-05-01",
      "RequestMethod": "GET",
      "RequestHeaders": {
        "Authorization": "Sanitized",
        "traceparent": "00-849484f08cbf8725669cdd5181f8b302-248b5ab17916af3d-00",
        "User-Agent": "azsdk-net-ResourceManager/1.7.0 (.NET 7.0.7; Microsoft Windows 10.0.22621)",
        "x-ms-client-request-id": "946560830588a83d1bc5cf23689cbfac",
        "x-ms-return-client-request-id": "true"
      },
      "RequestBody": null,
      "StatusCode": 200,
      "ResponseHeaders": {
        "Cache-Control": "no-cache",
        "Content-Length": "552",
        "Content-Type": "application/json; charset=utf-8",
        "Date": "Tue, 19 Sep 2023 15:08:00 GMT",
        "Expires": "-1",
        "Pragma": "no-cache",
        "Server": "Microsoft-IIS/10.0",
        "Strict-Transport-Security": "max-age=31536000; includeSubDomains",
        "X-Content-Type-Options": "nosniff",
        "x-ms-correlation-request-id": "ca4a7778-e9bd-4f99-b269-3430e8e5c2cc",
        "x-ms-ratelimit-remaining-subscription-reads": "11953",
        "x-ms-request-id": "1f0ac0c6-d86e-4e48-8f3e-888bb1e33983",
        "x-ms-routing-request-id": "WESTEUROPE:20230919T150801Z:ca4a7778-e9bd-4f99-b269-3430e8e5c2cc",
        "X-Powered-By": "ASP.NET"
      },
      "ResponseBody": {
        "id": "/subscriptions/69a75bda-882e-44d5-8431-63421204132a/providers/Microsoft.NetApp/locations/westus2/operationResults/88dfebd2-3dd5-46a9-b265-27f297f767c4",
        "name": "88dfebd2-3dd5-46a9-b265-27f297f767c4",
        "status": "Succeeded",
        "startTime": "2023-09-19T15:07:59.6876956Z",
        "endTime": "2023-09-19T15:08:00.0886132Z",
        "percentComplete": 100.0,
        "properties": {
          "resourceName": "/subscriptions/69a75bda-882e-44d5-8431-63421204132a/resourceGroups/testNetAppDotNetSDKRG-2576/providers/Microsoft.NetApp/netAppAccounts/account1926/capacityPools/pool1",
          "action": "DELETE"
        }
      }
    },
    {
      "RequestUri": "https://management.azure.com/subscriptions/69a75bda-882e-44d5-8431-63421204132a/resourceGroups/testNetAppDotNetSDKRG-2576/providers/Microsoft.NetApp/netAppAccounts/account1926?api-version=2023-05-01",
      "RequestMethod": "DELETE",
      "RequestHeaders": {
        "Authorization": "Sanitized",
        "traceparent": "00-31a5c9135a0c363b2c6a816e0722e175-1d12f891b906c916-00",
        "User-Agent": "azsdk-net-ResourceManager.NetApp/1.4.0-alpha.20230915.1 (.NET 7.0.7; Microsoft Windows 10.0.22621)",
        "x-ms-client-request-id": "70f0d1460e606ad80ac58b310d981903",
        "x-ms-return-client-request-id": "true"
      },
      "RequestBody": null,
      "StatusCode": 202,
      "ResponseHeaders": {
        "Azure-AsyncOperation": "https://management.azure.com/subscriptions/69a75bda-882e-44d5-8431-63421204132a/providers/Microsoft.NetApp/locations/westus2/operationResults/030ffbe3-c4ba-433f-8d3e-c4a8adda5c3e?api-version=2023-05-01",
        "Cache-Control": "no-cache",
        "Content-Length": "0",
        "Date": "Tue, 19 Sep 2023 15:08:41 GMT",
        "Expires": "-1",
        "Location": "https://management.azure.com/subscriptions/69a75bda-882e-44d5-8431-63421204132a/providers/Microsoft.NetApp/locations/westus2/operationResults/030ffbe3-c4ba-433f-8d3e-c4a8adda5c3e?api-version=2023-05-01\u0026operationResultResponseType=Location",
        "Pragma": "no-cache",
        "Server": "Microsoft-IIS/10.0",
        "Strict-Transport-Security": "max-age=31536000; includeSubDomains",
        "X-Content-Type-Options": "nosniff",
        "x-ms-correlation-request-id": "0881e141-351a-4db9-82e9-4b89d2021c44",
        "x-ms-ratelimit-remaining-subscription-deletes": "14997",
        "x-ms-request-id": "0881e141-351a-4db9-82e9-4b89d2021c44",
        "x-ms-routing-request-id": "WESTEUROPE:20230919T150842Z:0881e141-351a-4db9-82e9-4b89d2021c44",
        "X-Powered-By": "ASP.NET"
      },
      "ResponseBody": null
    },
    {
      "RequestUri": "https://management.azure.com/subscriptions/69a75bda-882e-44d5-8431-63421204132a/providers/Microsoft.NetApp/locations/westus2/operationResults/030ffbe3-c4ba-433f-8d3e-c4a8adda5c3e?api-version=2023-05-01",
      "RequestMethod": "GET",
      "RequestHeaders": {
        "Authorization": "Sanitized",
        "traceparent": "00-31a5c9135a0c363b2c6a816e0722e175-b6f7e37bacf6d12a-00",
        "User-Agent": "azsdk-net-ResourceManager/1.7.0 (.NET 7.0.7; Microsoft Windows 10.0.22621)",
        "x-ms-client-request-id": "73c1edc7fad2740888fa89c2790b9b82",
        "x-ms-return-client-request-id": "true"
      },
      "RequestBody": null,
      "StatusCode": 200,
      "ResponseHeaders": {
        "Cache-Control": "no-cache",
        "Content-Length": "532",
        "Content-Type": "application/json; charset=utf-8",
        "Date": "Tue, 19 Sep 2023 15:08:42 GMT",
        "Expires": "-1",
        "Pragma": "no-cache",
        "Server": "Microsoft-IIS/10.0",
        "Strict-Transport-Security": "max-age=31536000; includeSubDomains",
        "X-Content-Type-Options": "nosniff",
        "x-ms-correlation-request-id": "1d47eb0b-578e-4a86-acad-60aac8e9139e",
        "x-ms-ratelimit-remaining-subscription-reads": "11952",
        "x-ms-request-id": "37bdd6be-ee63-4cac-acb3-b2b40adf9230",
        "x-ms-routing-request-id": "WESTEUROPE:20230919T150842Z:1d47eb0b-578e-4a86-acad-60aac8e9139e",
        "X-Powered-By": "ASP.NET"
      },
      "ResponseBody": {
        "id": "/subscriptions/69a75bda-882e-44d5-8431-63421204132a/providers/Microsoft.NetApp/locations/westus2/operationResults/030ffbe3-c4ba-433f-8d3e-c4a8adda5c3e",
        "name": "030ffbe3-c4ba-433f-8d3e-c4a8adda5c3e",
        "status": "Succeeded",
        "startTime": "2023-09-19T15:08:41.8532473Z",
        "endTime": "2023-09-19T15:08:41.8954859Z",
        "percentComplete": 100.0,
        "properties": {
          "resourceName": "/subscriptions/69a75bda-882e-44d5-8431-63421204132a/resourceGroups/testNetAppDotNetSDKRG-2576/providers/Microsoft.NetApp/netAppAccounts/account1926",
          "action": "DELETE"
        }
      }
    }
  ],
  "Variables": {
    "AZURE_AUTHORITY_HOST": "https://login.microsoftonline.com",
    "RandomSeed": "895688382",
    "RESOURCE_MANAGER_URL": null,
    "SUBSCRIPTION_ID": "69a75bda-882e-44d5-8431-63421204132a"
  }
}
