{
  "Entries": [
    {
      "RequestUri": "https://management.azure.com/subscriptions/69a75bda-882e-44d5-8431-63421204132a?api-version=2022-12-01",
      "RequestMethod": "GET",
      "RequestHeaders": {
        "Accept": "application/json",
        "Authorization": "Sanitized",
        "traceparent": "00-afc189c9d63b03d9a4569ada5daac5a4-7e9f7cff3f311b41-00",
        "User-Agent": "azsdk-net-ResourceManager/1.7.0 (.NET 7.0.7; Microsoft Windows 10.0.22621)",
        "x-ms-client-request-id": "defa0c73c9181de7ea62c912c502184f",
        "x-ms-return-client-request-id": "true"
      },
      "RequestBody": null,
      "StatusCode": 200,
      "ResponseHeaders": {
        "Cache-Control": "no-cache",
        "Content-Length": "422",
        "Content-Type": "application/json; charset=utf-8",
        "Date": "Wed, 20 Sep 2023 11:34:23 GMT",
        "Expires": "-1",
        "Pragma": "no-cache",
        "Strict-Transport-Security": "max-age=31536000; includeSubDomains",
        "X-Content-Type-Options": "nosniff",
        "x-ms-correlation-request-id": "fed724b9-7429-4c6b-9eab-29825d31a562",
        "x-ms-ratelimit-remaining-subscription-reads": "11686",
        "x-ms-request-id": "fed724b9-7429-4c6b-9eab-29825d31a562",
        "x-ms-routing-request-id": "WESTEUROPE:20230920T113423Z:fed724b9-7429-4c6b-9eab-29825d31a562"
      },
      "ResponseBody": {
        "id": "/subscriptions/69a75bda-882e-44d5-8431-63421204132a",
        "authorizationSource": "RoleBased",
        "managedByTenants": [],
        "tags": {
          "SkipNRMSNSG": "true"
        },
        "subscriptionId": "69a75bda-882e-44d5-8431-63421204132a",
        "tenantId": "72f988bf-86f1-41af-91ab-2d7cd011db47",
        "displayName": "QATest02-SVL",
        "state": "Enabled",
        "subscriptionPolicies": {
          "locationPlacementId": "Internal_2014-09-01",
          "quotaId": "Internal_2014-09-01",
          "spendingLimit": "Off"
        }
      }
    },
    {
      "RequestUri": "https://management.azure.com/subscriptions/69a75bda-882e-44d5-8431-63421204132a/resourcegroups/testNetAppDotNetSDKRG-4435?api-version=2022-09-01",
      "RequestMethod": "PUT",
      "RequestHeaders": {
        "Accept": "application/json",
        "Authorization": "Sanitized",
        "Content-Length": "63",
        "Content-Type": "application/json",
        "traceparent": "00-653132d851da23ea5b97b8c137e9e6a0-6ea84054d14ef6b6-00",
        "User-Agent": "azsdk-net-ResourceManager/1.7.0 (.NET 7.0.7; Microsoft Windows 10.0.22621)",
        "x-ms-client-request-id": "cbf932490d7ab9edbb68dfadd55f1b75",
        "x-ms-return-client-request-id": "true"
      },
      "RequestBody": {
        "tags": {
          "test": "env",
          "Owner": "b-aubald"
        },
        "location": "westus2"
      },
      "StatusCode": 201,
      "ResponseHeaders": {
        "Cache-Control": "no-cache",
        "Content-Length": "359",
        "Content-Type": "application/json; charset=utf-8",
        "Date": "Wed, 20 Sep 2023 11:34:23 GMT",
        "Expires": "-1",
        "Pragma": "no-cache",
        "Strict-Transport-Security": "max-age=31536000; includeSubDomains",
        "X-Content-Type-Options": "nosniff",
        "x-ms-correlation-request-id": "dcc19838-cd34-41ad-956f-49c25d19ef57",
        "x-ms-ratelimit-remaining-subscription-writes": "1164",
        "x-ms-request-id": "dcc19838-cd34-41ad-956f-49c25d19ef57",
        "x-ms-routing-request-id": "WESTEUROPE:20230920T113424Z:dcc19838-cd34-41ad-956f-49c25d19ef57"
      },
      "ResponseBody": {
        "id": "/subscriptions/69a75bda-882e-44d5-8431-63421204132a/resourceGroups/testNetAppDotNetSDKRG-4435",
        "name": "testNetAppDotNetSDKRG-4435",
        "type": "Microsoft.Resources/resourceGroups",
        "location": "westus2",
        "tags": {
          "test": "env",
          "Owner": "b-aubald",
          "CreatedOnDate": "2023-09-20T11:34:23.7648184Z",
          "SkipNRMSNSG": "true"
        },
        "properties": {
          "provisioningState": "Succeeded"
        }
      }
    },
    {
      "RequestUri": "https://management.azure.com/subscriptions/69a75bda-882e-44d5-8431-63421204132a/providers/Microsoft.NetApp/locations/westus2/checkNameAvailability?api-version=2023-05-01",
      "RequestMethod": "POST",
      "RequestHeaders": {
        "Accept": "application/json",
        "Authorization": "Sanitized",
        "Content-Length": "107",
        "Content-Type": "application/json",
        "traceparent": "00-36db338c3e7a9a1b227a55296422c742-7e8bbc023ed2b8c9-00",
        "User-Agent": "azsdk-net-ResourceManager.NetApp/1.4.0-alpha.20230915.1 (.NET 7.0.7; Microsoft Windows 10.0.22621)",
        "x-ms-client-request-id": "e951d1e3fd1b49efafa491e388346006",
        "x-ms-return-client-request-id": "true"
      },
      "RequestBody": {
        "name": "account925",
        "type": "Microsoft.NetApp/netAppAccounts",
        "resourceGroup": "testNetAppDotNetSDKRG-4435"
      },
      "StatusCode": 200,
      "ResponseHeaders": {
        "Cache-Control": "no-cache",
        "Content-Length": "20",
        "Content-Type": "application/json; charset=utf-8",
        "Date": "Wed, 20 Sep 2023 11:34:24 GMT",
        "Expires": "-1",
        "Pragma": "no-cache",
        "Server": "Microsoft-IIS/10.0",
        "Strict-Transport-Security": "max-age=31536000; includeSubDomains",
        "X-Content-Type-Options": "nosniff",
        "x-ms-correlation-request-id": "6f95c52d-7808-47d5-a430-bfa0c1aeae65",
        "x-ms-ratelimit-remaining-subscription-writes": "1187",
        "x-ms-request-id": "0d08f5b7-58fb-45e7-8298-ed7479dcf58c",
        "x-ms-routing-request-id": "WESTEUROPE:20230920T113424Z:6f95c52d-7808-47d5-a430-bfa0c1aeae65",
        "X-Powered-By": "ASP.NET"
      },
      "ResponseBody": {
        "isAvailable": true
      }
    },
    {
      "RequestUri": "https://management.azure.com/subscriptions/69a75bda-882e-44d5-8431-63421204132a/resourceGroups/testNetAppDotNetSDKRG-4435/providers/Microsoft.NetApp/netAppAccounts/account925?api-version=2023-05-01",
      "RequestMethod": "PUT",
      "RequestHeaders": {
        "Accept": "application/json",
        "Authorization": "Sanitized",
        "Content-Length": "79",
        "Content-Type": "application/json",
        "traceparent": "00-f5a51295d169654f46fd36c63500fe71-ec9cf0a0bc18f20d-00",
        "User-Agent": "azsdk-net-ResourceManager.NetApp/1.4.0-alpha.20230915.1 (.NET 7.0.7; Microsoft Windows 10.0.22621)",
        "x-ms-client-request-id": "a62ae1e3f9610dfe245c6108701402ae",
        "x-ms-return-client-request-id": "true"
      },
      "RequestBody": {
        "tags": {
          "key1": "value1",
          "key2": "value2"
        },
        "location": "westus2",
        "properties": {}
      },
      "StatusCode": 201,
      "ResponseHeaders": {
        "Azure-AsyncOperation": "https://management.azure.com/subscriptions/69a75bda-882e-44d5-8431-63421204132a/providers/Microsoft.NetApp/locations/westus2/operationResults/1181ee88-fb20-457d-a3b8-ad7146159e27?api-version=2023-05-01",
        "Cache-Control": "no-cache",
        "Content-Length": "1129",
        "Content-Type": "application/json; charset=utf-8",
        "Date": "Wed, 20 Sep 2023 11:34:26 GMT",
        "ETag": "W/\u0022datetime\u00272023-09-20T11%3A34%3A25.1016943Z\u0027\u0022",
        "Expires": "-1",
        "Pragma": "no-cache",
        "Server": "Microsoft-IIS/10.0",
        "Strict-Transport-Security": "max-age=31536000; includeSubDomains",
        "X-Content-Type-Options": "nosniff",
        "x-ms-correlation-request-id": "8e1efca5-2368-4fbf-8ee0-fecd475637c2",
        "x-ms-ratelimit-remaining-subscription-writes": "1163",
        "x-ms-request-id": "692157e8-6996-4555-8745-1895cd5abda1",
        "x-ms-routing-request-id": "WESTEUROPE:20230920T113426Z:8e1efca5-2368-4fbf-8ee0-fecd475637c2",
        "X-Powered-By": "ASP.NET"
      },
      "ResponseBody": {
        "id": "/subscriptions/69a75bda-882e-44d5-8431-63421204132a/resourceGroups/testNetAppDotNetSDKRG-4435/providers/Microsoft.NetApp/netAppAccounts/account925",
        "name": "account925",
        "type": "Microsoft.NetApp/netAppAccounts",
        "etag": "W/\u0022datetime\u00272023-09-20T11%3A34%3A25.1016943Z\u0027\u0022",
        "location": "westus2",
        "tags": {
          "key1": "value1",
          "key2": "value2",
          "CreatedOnDate": "2023-09-20T11:34:24.5316249Z"
        },
        "properties": {
          "activeDirectories": [
            {
              "activeDirectoryId": "09ef3da0-c3dd-8e10-a69c-04a84d8ebc85",
              "username": "sdkuser",
              "password": "****************",
              "domain": "sdkdomain",
              "dns": "192.0.2.2",
              "status": "Created",
              "smbServerName": "PSSMBSName",
              "organizationalUnit": "CN=Computers",
              "adName": "ps1792",
              "aesEncryption": false,
              "ldapSigning": false,
              "ldapOverTLS": false,
              "allowLocalNfsUsersWithLdap": false,
              "encryptDCConnections": false,
              "ldapSearchScope": {}
            }
          ],
          "provisioningState": "Creating"
        },
        "systemData": {
          "createdBy": "c6c4faba-2b22-44d9-80a4-71ff5b71f811",
          "createdByType": "Application",
          "createdAt": "2023-09-20T11:34:24.9621186Z",
          "lastModifiedBy": "c6c4faba-2b22-44d9-80a4-71ff5b71f811",
          "lastModifiedByType": "Application",
          "lastModifiedAt": "2023-09-20T11:34:24.9621186Z"
        }
      }
    },
    {
      "RequestUri": "https://management.azure.com/subscriptions/69a75bda-882e-44d5-8431-63421204132a/providers/Microsoft.NetApp/locations/westus2/operationResults/1181ee88-fb20-457d-a3b8-ad7146159e27?api-version=2023-05-01",
      "RequestMethod": "GET",
      "RequestHeaders": {
        "Authorization": "Sanitized",
        "traceparent": "00-f5a51295d169654f46fd36c63500fe71-28941e6d43b4cca7-00",
        "User-Agent": "azsdk-net-ResourceManager/1.7.0 (.NET 7.0.7; Microsoft Windows 10.0.22621)",
        "x-ms-client-request-id": "7ef1a67fcef0ea5ed344c4be9be7d89b",
        "x-ms-return-client-request-id": "true"
      },
      "RequestBody": null,
      "StatusCode": 200,
      "ResponseHeaders": {
        "Cache-Control": "no-cache",
        "Content-Length": "531",
        "Content-Type": "application/json; charset=utf-8",
        "Date": "Wed, 20 Sep 2023 11:34:26 GMT",
        "Expires": "-1",
        "Pragma": "no-cache",
        "Server": "Microsoft-IIS/10.0",
        "Strict-Transport-Security": "max-age=31536000; includeSubDomains",
        "X-Content-Type-Options": "nosniff",
        "x-ms-correlation-request-id": "cd6f320a-e534-4249-8206-cc340560872b",
        "x-ms-ratelimit-remaining-subscription-reads": "11685",
        "x-ms-request-id": "0db01d4e-1473-4a19-bff0-c61e7d19c057",
        "x-ms-routing-request-id": "WESTEUROPE:20230920T113426Z:cd6f320a-e534-4249-8206-cc340560872b",
        "X-Powered-By": "ASP.NET"
      },
      "ResponseBody": {
        "id": "/subscriptions/69a75bda-882e-44d5-8431-63421204132a/providers/Microsoft.NetApp/locations/westus2/operationResults/1181ee88-fb20-457d-a3b8-ad7146159e27",
        "name": "1181ee88-fb20-457d-a3b8-ad7146159e27",
        "status": "Succeeded",
        "startTime": "2023-09-20T11:34:25.1076453Z",
        "endTime": "2023-09-20T11:34:25.1466542Z",
        "percentComplete": 100.0,
        "properties": {
          "resourceName": "/subscriptions/69a75bda-882e-44d5-8431-63421204132a/resourceGroups/testNetAppDotNetSDKRG-4435/providers/Microsoft.NetApp/netAppAccounts/account925",
          "action": "CREATE"
        }
      }
    },
    {
      "RequestUri": "https://management.azure.com/subscriptions/69a75bda-882e-44d5-8431-63421204132a/resourceGroups/testNetAppDotNetSDKRG-4435/providers/Microsoft.NetApp/netAppAccounts/account925?api-version=2023-05-01",
      "RequestMethod": "GET",
      "RequestHeaders": {
        "Authorization": "Sanitized",
        "traceparent": "00-f5a51295d169654f46fd36c63500fe71-63d5cc1cff903327-00",
        "User-Agent": "azsdk-net-ResourceManager/1.7.0 (.NET 7.0.7; Microsoft Windows 10.0.22621)",
        "x-ms-client-request-id": "8347e2a21915fe09b3f59ddf2f95b14e",
        "x-ms-return-client-request-id": "true"
      },
      "RequestBody": null,
      "StatusCode": 200,
      "ResponseHeaders": {
        "Cache-Control": "no-cache",
        "Content-Length": "1176",
        "Content-Type": "application/json; charset=utf-8",
        "Date": "Wed, 20 Sep 2023 11:34:26 GMT",
        "ETag": "W/\u0022datetime\u00272023-09-20T11%3A34%3A25.1407014Z\u0027\u0022",
        "Expires": "-1",
        "Pragma": "no-cache",
        "Server": "Microsoft-IIS/10.0",
        "Strict-Transport-Security": "max-age=31536000; includeSubDomains",
        "X-Content-Type-Options": "nosniff",
        "x-ms-correlation-request-id": "57355954-c0d1-4d23-8a05-b76a228b7885",
        "x-ms-ratelimit-remaining-subscription-reads": "11684",
        "x-ms-request-id": "2859ad5e-217b-4d29-a364-b7dcf4bda291",
        "x-ms-routing-request-id": "WESTEUROPE:20230920T113426Z:57355954-c0d1-4d23-8a05-b76a228b7885",
        "X-Powered-By": "ASP.NET"
      },
      "ResponseBody": {
        "id": "/subscriptions/69a75bda-882e-44d5-8431-63421204132a/resourceGroups/testNetAppDotNetSDKRG-4435/providers/Microsoft.NetApp/netAppAccounts/account925",
        "name": "account925",
        "type": "Microsoft.NetApp/netAppAccounts",
        "etag": "W/\u0022datetime\u00272023-09-20T11%3A34%3A25.1407014Z\u0027\u0022",
        "location": "westus2",
        "tags": {
          "key1": "value1",
          "key2": "value2",
          "CreatedOnDate": "2023-09-20T11:34:24.5316249Z"
        },
        "properties": {
          "activeDirectories": [
            {
              "activeDirectoryId": "09ef3da0-c3dd-8e10-a69c-04a84d8ebc85",
              "username": "sdkuser",
              "password": "****************",
              "domain": "sdkdomain",
              "dns": "192.0.2.2",
              "status": "Created",
              "smbServerName": "PSSMBSName",
              "organizationalUnit": "CN=Computers",
              "adName": "ps1792",
              "aesEncryption": false,
              "ldapSigning": false,
              "ldapOverTLS": false,
              "allowLocalNfsUsersWithLdap": false,
              "encryptDCConnections": false,
              "ldapSearchScope": {}
            }
          ],
          "encryption": {
            "keySource": "Microsoft.NetApp"
          },
          "provisioningState": "Succeeded"
        },
        "systemData": {
          "createdBy": "c6c4faba-2b22-44d9-80a4-71ff5b71f811",
          "createdByType": "Application",
          "createdAt": "2023-09-20T11:34:24.9621186Z",
          "lastModifiedBy": "c6c4faba-2b22-44d9-80a4-71ff5b71f811",
          "lastModifiedByType": "Application",
          "lastModifiedAt": "2023-09-20T11:34:24.9621186Z"
        }
      }
    },
    {
      "RequestUri": "https://management.azure.com/subscriptions/69a75bda-882e-44d5-8431-63421204132a/resourceGroups/testNetAppDotNetSDKRG-4435/providers/Microsoft.NetApp/netAppAccounts/account925/capacityPools/pool1?api-version=2023-05-01",
      "RequestMethod": "PUT",
      "RequestHeaders": {
        "Accept": "application/json",
        "Authorization": "Sanitized",
        "Content-Length": "124",
        "Content-Type": "application/json",
        "traceparent": "00-cca5db850db0dd267ca368b1957134fb-5f43d6957377d19f-00",
        "User-Agent": "azsdk-net-ResourceManager.NetApp/1.4.0-alpha.20230915.1 (.NET 7.0.7; Microsoft Windows 10.0.22621)",
        "x-ms-client-request-id": "ca882c298422cdbda63473b9206f9921",
        "x-ms-return-client-request-id": "true"
      },
      "RequestBody": {
        "tags": {
          "key1": "value1",
          "key2": "value2"
        },
        "location": "westus2",
        "properties": {
          "size": 4398046511104,
          "serviceLevel": "Premium"
        }
      },
      "StatusCode": 201,
      "ResponseHeaders": {
        "Azure-AsyncOperation": "https://management.azure.com/subscriptions/69a75bda-882e-44d5-8431-63421204132a/providers/Microsoft.NetApp/locations/westus2/operationResults/6e8ce799-5293-484b-891c-19b8a817aa53?api-version=2023-05-01",
        "Cache-Control": "no-cache",
        "Content-Length": "850",
        "Content-Type": "application/json; charset=utf-8",
        "Date": "Wed, 20 Sep 2023 11:34:28 GMT",
        "ETag": "W/\u0022datetime\u00272023-09-20T11%3A34%3A27.6853454Z\u0027\u0022",
        "Expires": "-1",
        "Pragma": "no-cache",
        "Server": "Microsoft-IIS/10.0",
        "Strict-Transport-Security": "max-age=31536000; includeSubDomains",
        "X-Content-Type-Options": "nosniff",
        "x-ms-correlation-request-id": "cb79430e-0f63-4175-89eb-acd4b97ed4a4",
        "x-ms-ratelimit-remaining-subscription-writes": "1162",
        "x-ms-request-id": "00a52312-a6f9-448f-9f1f-0757f19fbc18",
        "x-ms-routing-request-id": "WESTEUROPE:20230920T113428Z:cb79430e-0f63-4175-89eb-acd4b97ed4a4",
        "X-Powered-By": "ASP.NET"
      },
      "ResponseBody": {
        "id": "/subscriptions/69a75bda-882e-44d5-8431-63421204132a/resourceGroups/testNetAppDotNetSDKRG-4435/providers/Microsoft.NetApp/netAppAccounts/account925/capacityPools/pool1",
        "name": "account925/pool1",
        "type": "Microsoft.NetApp/netAppAccounts/capacityPools",
        "etag": "W/\u0022datetime\u00272023-09-20T11%3A34%3A27.6853454Z\u0027\u0022",
        "location": "westus2",
        "tags": {
          "key1": "value1",
          "key2": "value2",
          "CreatedOnDate": "2023-09-20T11:34:27.0372128Z"
        },
        "properties": {
          "serviceLevel": "Premium",
          "size": 4398046511104,
          "totalThroughputMibps": 0.0,
          "utilizedThroughputMibps": 0.0,
          "provisioningState": "Creating"
        },
        "systemData": {
          "createdBy": "c6c4faba-2b22-44d9-80a4-71ff5b71f811",
          "createdByType": "Application",
          "createdAt": "2023-09-20T11:34:27.5090049Z",
          "lastModifiedBy": "c6c4faba-2b22-44d9-80a4-71ff5b71f811",
          "lastModifiedByType": "Application",
          "lastModifiedAt": "2023-09-20T11:34:27.5090049Z"
        }
      }
    },
    {
      "RequestUri": "https://management.azure.com/subscriptions/69a75bda-882e-44d5-8431-63421204132a/providers/Microsoft.NetApp/locations/westus2/operationResults/6e8ce799-5293-484b-891c-19b8a817aa53?api-version=2023-05-01",
      "RequestMethod": "GET",
      "RequestHeaders": {
        "Authorization": "Sanitized",
        "traceparent": "00-cca5db850db0dd267ca368b1957134fb-02ffa4039c4460f0-00",
        "User-Agent": "azsdk-net-ResourceManager/1.7.0 (.NET 7.0.7; Microsoft Windows 10.0.22621)",
        "x-ms-client-request-id": "6f9476920d5f1d792479dde0a650de43",
        "x-ms-return-client-request-id": "true"
      },
      "RequestBody": null,
      "StatusCode": 200,
      "ResponseHeaders": {
        "Cache-Control": "no-cache",
        "Content-Length": "551",
        "Content-Type": "application/json; charset=utf-8",
        "Date": "Wed, 20 Sep 2023 11:34:28 GMT",
        "Expires": "-1",
        "Pragma": "no-cache",
        "Server": "Microsoft-IIS/10.0",
        "Strict-Transport-Security": "max-age=31536000; includeSubDomains",
        "X-Content-Type-Options": "nosniff",
        "x-ms-correlation-request-id": "47774a24-4307-4b11-9027-c10b6c2f28c5",
        "x-ms-ratelimit-remaining-subscription-reads": "11683",
        "x-ms-request-id": "30f9e033-33d4-4e5c-abb7-fdeaa8fc90e5",
        "x-ms-routing-request-id": "WESTEUROPE:20230920T113428Z:47774a24-4307-4b11-9027-c10b6c2f28c5",
        "X-Powered-By": "ASP.NET"
      },
      "ResponseBody": {
        "id": "/subscriptions/69a75bda-882e-44d5-8431-63421204132a/providers/Microsoft.NetApp/locations/westus2/operationResults/6e8ce799-5293-484b-891c-19b8a817aa53",
        "name": "6e8ce799-5293-484b-891c-19b8a817aa53",
        "status": "Succeeded",
        "startTime": "2023-09-20T11:34:27.6971278Z",
        "endTime": "2023-09-20T11:34:27.8663092Z",
        "percentComplete": 100.0,
        "properties": {
          "resourceName": "/subscriptions/69a75bda-882e-44d5-8431-63421204132a/resourceGroups/testNetAppDotNetSDKRG-4435/providers/Microsoft.NetApp/netAppAccounts/account925/capacityPools/pool1",
          "action": "CREATE"
        }
      }
    },
    {
      "RequestUri": "https://management.azure.com/subscriptions/69a75bda-882e-44d5-8431-63421204132a/resourceGroups/testNetAppDotNetSDKRG-4435/providers/Microsoft.NetApp/netAppAccounts/account925/capacityPools/pool1?api-version=2023-05-01",
      "RequestMethod": "GET",
      "RequestHeaders": {
        "Authorization": "Sanitized",
        "traceparent": "00-cca5db850db0dd267ca368b1957134fb-0994cdf5847f3030-00",
        "User-Agent": "azsdk-net-ResourceManager/1.7.0 (.NET 7.0.7; Microsoft Windows 10.0.22621)",
        "x-ms-client-request-id": "00367b5b38ce7abf0d222e2fb9c29b27",
        "x-ms-return-client-request-id": "true"
      },
      "RequestBody": null,
      "StatusCode": 200,
      "ResponseHeaders": {
        "Cache-Control": "no-cache",
        "Content-Length": "963",
        "Content-Type": "application/json; charset=utf-8",
        "Date": "Wed, 20 Sep 2023 11:34:28 GMT",
        "ETag": "W/\u0022datetime\u00272023-09-20T11%3A34%3A27.8567638Z\u0027\u0022",
        "Expires": "-1",
        "Pragma": "no-cache",
        "Server": "Microsoft-IIS/10.0",
        "Strict-Transport-Security": "max-age=31536000; includeSubDomains",
        "X-Content-Type-Options": "nosniff",
        "x-ms-correlation-request-id": "f1edb295-3a8d-4654-9e8d-56203df4530d",
        "x-ms-ratelimit-remaining-subscription-reads": "11682",
        "x-ms-request-id": "9eb8ede9-4be4-491d-b443-39efc028009c",
        "x-ms-routing-request-id": "WESTEUROPE:20230920T113429Z:f1edb295-3a8d-4654-9e8d-56203df4530d",
        "X-Powered-By": "ASP.NET"
      },
      "ResponseBody": {
        "id": "/subscriptions/69a75bda-882e-44d5-8431-63421204132a/resourceGroups/testNetAppDotNetSDKRG-4435/providers/Microsoft.NetApp/netAppAccounts/account925/capacityPools/pool1",
        "name": "account925/pool1",
        "type": "Microsoft.NetApp/netAppAccounts/capacityPools",
        "etag": "W/\u0022datetime\u00272023-09-20T11%3A34%3A27.8567638Z\u0027\u0022",
        "location": "westus2",
        "tags": {
          "key1": "value1",
          "key2": "value2",
          "CreatedOnDate": "2023-09-20T11:34:27.0372128Z"
        },
        "properties": {
          "poolId": "1d856594-755f-a46f-62bd-8fa530f84e23",
          "serviceLevel": "Premium",
          "size": 4398046511104,
          "qosType": "Auto",
          "totalThroughputMibps": 256.0,
          "utilizedThroughputMibps": 0.0,
          "encryptionType": "Single",
          "coolAccess": false,
          "provisioningState": "Succeeded"
        },
        "systemData": {
          "createdBy": "c6c4faba-2b22-44d9-80a4-71ff5b71f811",
          "createdByType": "Application",
          "createdAt": "2023-09-20T11:34:27.5090049Z",
          "lastModifiedBy": "c6c4faba-2b22-44d9-80a4-71ff5b71f811",
          "lastModifiedByType": "Application",
          "lastModifiedAt": "2023-09-20T11:34:27.5090049Z"
        }
      }
    },
    {
      "RequestUri": "https://management.azure.com/subscriptions/69a75bda-882e-44d5-8431-63421204132a/resourceGroups/testNetAppDotNetSDKRG-4435/providers/Microsoft.Network/virtualNetworks/vnet-6318?api-version=**",
      "RequestMethod": "PUT",
      "RequestHeaders": {
        "Accept": "application/json",
        "Authorization": "Sanitized",
        "Content-Length": "261",
        "Content-Type": "application/json",
        "traceparent": "00-05f24d115d50d274362412e254ac77b1-3be62b4cb2075ff5-00",
        "User-Agent": "azsdk-net-ResourceManager.Network/1.1.0 (.NET 7.0.7; Microsoft Windows 10.0.22621)",
        "x-ms-client-request-id": "2adba9279bc2a9b55414d23fbf4b1487",
        "x-ms-return-client-request-id": "true"
      },
      "RequestBody": {
        "location": "westus2",
        "properties": {
          "addressSpace": {
            "addressPrefixes": [
              "10.0.0.0/16"
            ]
          },
          "subnets": [
            {
              "name": "default",
              "properties": {
                "addressPrefix": "10.0.1.0/24",
                "delegations": [
                  {
                    "name": "netAppVolumes",
                    "properties": {
                      "serviceName": "Microsoft.Netapp/volumes"
                    }
                  }
                ]
              }
            }
          ]
        }
      },
      "StatusCode": 201,
      "ResponseHeaders": {
        "Azure-AsyncNotification": "Enabled",
        "Azure-AsyncOperation": "https://management.azure.com/subscriptions/69a75bda-882e-44d5-8431-63421204132a/providers/Microsoft.Network/locations/westus2/operations/7af80bdc-2d86-47e9-b552-cfea20ade026?api-version=2021-02-01",
        "Cache-Control": "no-cache",
        "Content-Length": "2151",
        "Content-Type": "application/json; charset=utf-8",
        "Date": "Wed, 20 Sep 2023 11:34:30 GMT",
        "Expires": "-1",
        "Pragma": "no-cache",
        "Retry-After": "3",
        "Server": [
          "Microsoft-HTTPAPI/2.0",
          "Microsoft-HTTPAPI/2.0"
        ],
        "Strict-Transport-Security": "max-age=31536000; includeSubDomains",
        "X-Content-Type-Options": "nosniff",
        "x-ms-arm-service-request-id": "e5cf68cf-539d-4ba5-bc44-b18c55ae44c8",
        "x-ms-client-request-id": "2adba9279bc2a9b55414d23fbf4b1487",
        "x-ms-correlation-request-id": "65c2aa1b-6fea-48cc-9d5d-1319b857bad1",
        "x-ms-ratelimit-remaining-subscription-writes": "1161",
        "x-ms-request-id": "7af80bdc-2d86-47e9-b552-cfea20ade026",
        "x-ms-routing-request-id": "WESTEUROPE:20230920T113430Z:65c2aa1b-6fea-48cc-9d5d-1319b857bad1"
      },
      "ResponseBody": {
        "name": "vnet-6318",
        "id": "/subscriptions/69a75bda-882e-44d5-8431-63421204132a/resourceGroups/testNetAppDotNetSDKRG-4435/providers/Microsoft.Network/virtualNetworks/vnet-6318",
        "etag": "W/\u0022de4e7d54-b822-4a66-87b1-8a8d72ec8f9b\u0022",
        "type": "Microsoft.Network/virtualNetworks",
        "location": "westus2",
        "tags": {
          "CreatedOnDate": "2023-09-20T11:34:29.2407699Z"
        },
        "properties": {
          "provisioningState": "Updating",
          "resourceGuid": "d71448cc-cacf-4eb2-beaf-39d6c3a0b34f",
          "addressSpace": {
            "addressPrefixes": [
              "10.0.0.0/16"
            ]
          },
          "subnets": [
            {
              "name": "default",
              "id": "/subscriptions/69a75bda-882e-44d5-8431-63421204132a/resourceGroups/testNetAppDotNetSDKRG-4435/providers/Microsoft.Network/virtualNetworks/vnet-6318/subnets/default",
              "etag": "W/\u0022de4e7d54-b822-4a66-87b1-8a8d72ec8f9b\u0022",
              "properties": {
                "provisioningState": "Updating",
                "addressPrefix": "10.0.1.0/24",
                "delegations": [
                  {
                    "name": "netAppVolumes",
                    "id": "/subscriptions/69a75bda-882e-44d5-8431-63421204132a/resourceGroups/testNetAppDotNetSDKRG-4435/providers/Microsoft.Network/virtualNetworks/vnet-6318/subnets/default/delegations/netAppVolumes",
                    "etag": "W/\u0022de4e7d54-b822-4a66-87b1-8a8d72ec8f9b\u0022",
                    "properties": {
                      "provisioningState": "Succeeded",
                      "serviceName": "Microsoft.Netapp/volumes",
                      "actions": [
                        "Microsoft.Network/networkinterfaces/*",
                        "Microsoft.Network/virtualNetworks/subnets/join/action"
                      ]
                    },
                    "type": "Microsoft.Network/virtualNetworks/subnets/delegations"
                  }
                ],
                "purpose": "HostedWorkloads",
                "privateEndpointNetworkPolicies": "Disabled",
                "privateLinkServiceNetworkPolicies": "Enabled"
              },
              "type": "Microsoft.Network/virtualNetworks/subnets"
            }
          ],
          "virtualNetworkPeerings": [],
          "enableDdosProtection": false
        }
      }
    },
    {
      "RequestUri": "https://management.azure.com/subscriptions/69a75bda-882e-44d5-8431-63421204132a/providers/Microsoft.Network/locations/westus2/operations/7af80bdc-2d86-47e9-b552-cfea20ade026?api-version=**",
      "RequestMethod": "GET",
      "RequestHeaders": {
        "Authorization": "Sanitized",
        "traceparent": "00-05f24d115d50d274362412e254ac77b1-7bd6429be354f437-00",
        "User-Agent": "azsdk-net-ResourceManager/1.7.0 (.NET 7.0.7; Microsoft Windows 10.0.22621)",
        "x-ms-client-request-id": "3429716630689bb84b25e4aaa7ce62e2",
        "x-ms-return-client-request-id": "true"
      },
      "RequestBody": null,
      "StatusCode": 200,
      "ResponseHeaders": {
        "Cache-Control": "no-cache",
        "Content-Length": "30",
        "Content-Type": "application/json; charset=utf-8",
        "Date": "Wed, 20 Sep 2023 11:34:30 GMT",
        "Expires": "-1",
        "Pragma": "no-cache",
        "Retry-After": "10",
        "Server": [
          "Microsoft-HTTPAPI/2.0",
          "Microsoft-HTTPAPI/2.0"
        ],
        "Strict-Transport-Security": "max-age=31536000; includeSubDomains",
        "X-Content-Type-Options": "nosniff",
        "x-ms-arm-service-request-id": "94e7ec34-1d1a-40b9-8225-ceedf21c49f7",
        "x-ms-client-request-id": "3429716630689bb84b25e4aaa7ce62e2",
        "x-ms-correlation-request-id": "83dfecb9-b99a-4614-af5f-dfedbccbbac9",
        "x-ms-ratelimit-remaining-subscription-reads": "11681",
        "x-ms-request-id": "c2e6724a-66b2-463f-a48b-65c6a6fe7f49",
        "x-ms-routing-request-id": "WESTEUROPE:20230920T113431Z:83dfecb9-b99a-4614-af5f-dfedbccbbac9"
      },
      "ResponseBody": {
        "status": "InProgress"
      }
    },
    {
      "RequestUri": "https://management.azure.com/subscriptions/69a75bda-882e-44d5-8431-63421204132a/providers/Microsoft.Network/locations/westus2/operations/7af80bdc-2d86-47e9-b552-cfea20ade026?api-version=**",
      "RequestMethod": "GET",
      "RequestHeaders": {
        "Authorization": "Sanitized",
        "traceparent": "00-05f24d115d50d274362412e254ac77b1-2f14dcbdeb32cf59-00",
        "User-Agent": "azsdk-net-ResourceManager/1.7.0 (.NET 7.0.7; Microsoft Windows 10.0.22621)",
        "x-ms-client-request-id": "e522321bbfdfcdc4f3c0c986bc6b44f1",
        "x-ms-return-client-request-id": "true"
      },
      "RequestBody": null,
      "StatusCode": 200,
      "ResponseHeaders": {
        "Cache-Control": "no-cache",
        "Content-Length": "29",
        "Content-Type": "application/json; charset=utf-8",
        "Date": "Wed, 20 Sep 2023 11:34:40 GMT",
        "Expires": "-1",
        "Pragma": "no-cache",
        "Server": [
          "Microsoft-HTTPAPI/2.0",
          "Microsoft-HTTPAPI/2.0"
        ],
        "Strict-Transport-Security": "max-age=31536000; includeSubDomains",
        "X-Content-Type-Options": "nosniff",
        "x-ms-arm-service-request-id": "c1f21950-2e13-4004-86fe-cf7484116189",
        "x-ms-client-request-id": "e522321bbfdfcdc4f3c0c986bc6b44f1",
        "x-ms-correlation-request-id": "e4cd901e-312d-4dc5-b1df-7fcc821bbd3b",
        "x-ms-ratelimit-remaining-subscription-reads": "11680",
        "x-ms-request-id": "ef5b5393-3108-45de-a2df-15aedbd037df",
        "x-ms-routing-request-id": "WESTEUROPE:20230920T113441Z:e4cd901e-312d-4dc5-b1df-7fcc821bbd3b"
      },
      "ResponseBody": {
        "status": "Succeeded"
      }
    },
    {
      "RequestUri": "https://management.azure.com/subscriptions/69a75bda-882e-44d5-8431-63421204132a/resourceGroups/testNetAppDotNetSDKRG-4435/providers/Microsoft.Network/virtualNetworks/vnet-6318?api-version=**",
      "RequestMethod": "GET",
      "RequestHeaders": {
        "Authorization": "Sanitized",
        "traceparent": "00-05f24d115d50d274362412e254ac77b1-d4846c0cacc9388a-00",
        "User-Agent": "azsdk-net-ResourceManager/1.7.0 (.NET 7.0.7; Microsoft Windows 10.0.22621)",
        "x-ms-client-request-id": "4ed81c36df226f1efdac6f4a740b7292",
        "x-ms-return-client-request-id": "true"
      },
      "RequestBody": null,
      "StatusCode": 200,
      "ResponseHeaders": {
        "Cache-Control": "no-cache",
        "Content-Length": "2153",
        "Content-Type": "application/json; charset=utf-8",
        "Date": "Wed, 20 Sep 2023 11:34:41 GMT",
        "ETag": "W/\u0022f46ff6f6-a089-4532-b477-79ea31788d07\u0022",
        "Expires": "-1",
        "Pragma": "no-cache",
        "Server": [
          "Microsoft-HTTPAPI/2.0",
          "Microsoft-HTTPAPI/2.0"
        ],
        "Strict-Transport-Security": "max-age=31536000; includeSubDomains",
        "X-Content-Type-Options": "nosniff",
        "x-ms-arm-service-request-id": "ef23e738-9c9b-4e1e-9058-d6ef5050d83f",
        "x-ms-client-request-id": "4ed81c36df226f1efdac6f4a740b7292",
        "x-ms-correlation-request-id": "accf90e5-621c-4310-889c-69380c64623c",
        "x-ms-ratelimit-remaining-subscription-reads": "11679",
        "x-ms-request-id": "ae266099-ba90-4759-9632-777d0b28bcbd",
        "x-ms-routing-request-id": "WESTEUROPE:20230920T113441Z:accf90e5-621c-4310-889c-69380c64623c"
      },
      "ResponseBody": {
        "name": "vnet-6318",
        "id": "/subscriptions/69a75bda-882e-44d5-8431-63421204132a/resourceGroups/testNetAppDotNetSDKRG-4435/providers/Microsoft.Network/virtualNetworks/vnet-6318",
        "etag": "W/\u0022f46ff6f6-a089-4532-b477-79ea31788d07\u0022",
        "type": "Microsoft.Network/virtualNetworks",
        "location": "westus2",
        "tags": {
          "CreatedOnDate": "2023-09-20T11:34:29.2407699Z"
        },
        "properties": {
          "provisioningState": "Succeeded",
          "resourceGuid": "d71448cc-cacf-4eb2-beaf-39d6c3a0b34f",
          "addressSpace": {
            "addressPrefixes": [
              "10.0.0.0/16"
            ]
          },
          "subnets": [
            {
              "name": "default",
              "id": "/subscriptions/69a75bda-882e-44d5-8431-63421204132a/resourceGroups/testNetAppDotNetSDKRG-4435/providers/Microsoft.Network/virtualNetworks/vnet-6318/subnets/default",
              "etag": "W/\u0022f46ff6f6-a089-4532-b477-79ea31788d07\u0022",
              "properties": {
                "provisioningState": "Succeeded",
                "addressPrefix": "10.0.1.0/24",
                "delegations": [
                  {
                    "name": "netAppVolumes",
                    "id": "/subscriptions/69a75bda-882e-44d5-8431-63421204132a/resourceGroups/testNetAppDotNetSDKRG-4435/providers/Microsoft.Network/virtualNetworks/vnet-6318/subnets/default/delegations/netAppVolumes",
                    "etag": "W/\u0022f46ff6f6-a089-4532-b477-79ea31788d07\u0022",
                    "properties": {
                      "provisioningState": "Succeeded",
                      "serviceName": "Microsoft.Netapp/volumes",
                      "actions": [
                        "Microsoft.Network/networkinterfaces/*",
                        "Microsoft.Network/virtualNetworks/subnets/join/action"
                      ]
                    },
                    "type": "Microsoft.Network/virtualNetworks/subnets/delegations"
                  }
                ],
                "purpose": "HostedWorkloads",
                "privateEndpointNetworkPolicies": "Disabled",
                "privateLinkServiceNetworkPolicies": "Enabled"
              },
              "type": "Microsoft.Network/virtualNetworks/subnets"
            }
          ],
          "virtualNetworkPeerings": [],
          "enableDdosProtection": false
        }
      }
    },
    {
      "RequestUri": "https://management.azure.com/subscriptions/69a75bda-882e-44d5-8431-63421204132a/resourceGroups/testNetAppDotNetSDKRG-4435/providers/Microsoft.Network/virtualNetworks/vnet-6318?api-version=**",
      "RequestMethod": "PUT",
      "RequestHeaders": {
        "Accept": "application/json",
        "Authorization": "Sanitized",
        "Content-Length": "261",
        "Content-Type": "application/json",
        "traceparent": "00-37e3fb3365bc223f83f12e3a61070a08-5637a7cb37406ad9-00",
        "User-Agent": "azsdk-net-ResourceManager.Network/1.1.0 (.NET 7.0.7; Microsoft Windows 10.0.22621)",
        "x-ms-client-request-id": "312efcd9f840a7d6ad5b41a76732dedf",
        "x-ms-return-client-request-id": "true"
      },
      "RequestBody": {
        "location": "westus2",
        "properties": {
          "addressSpace": {
            "addressPrefixes": [
              "10.0.0.0/16"
            ]
          },
          "subnets": [
            {
              "name": "default",
              "properties": {
                "addressPrefix": "10.0.1.0/24",
                "delegations": [
                  {
                    "name": "netAppVolumes",
                    "properties": {
                      "serviceName": "Microsoft.Netapp/volumes"
                    }
                  }
                ]
              }
            }
          ]
        }
      },
      "StatusCode": 200,
      "ResponseHeaders": {
        "Azure-AsyncNotification": "Enabled",
        "Azure-AsyncOperation": "https://management.azure.com/subscriptions/69a75bda-882e-44d5-8431-63421204132a/providers/Microsoft.Network/locations/westus2/operations/ed44d063-fff1-483a-8c2a-e57424943d5f?api-version=2021-02-01",
        "Cache-Control": "no-cache",
        "Content-Length": "2153",
        "Content-Type": "application/json; charset=utf-8",
        "Date": "Wed, 20 Sep 2023 11:34:42 GMT",
        "Expires": "-1",
        "Pragma": "no-cache",
        "Server": [
          "Microsoft-HTTPAPI/2.0",
          "Microsoft-HTTPAPI/2.0"
        ],
        "Strict-Transport-Security": "max-age=31536000; includeSubDomains",
        "X-Content-Type-Options": "nosniff",
        "x-ms-arm-service-request-id": "6cdb5134-c81e-442f-b396-4ecb2351833d",
        "x-ms-client-request-id": "312efcd9f840a7d6ad5b41a76732dedf",
        "x-ms-correlation-request-id": "5f7c22b6-fbac-4880-a8fe-4b3d3c19d3df",
        "x-ms-ratelimit-remaining-subscription-writes": "1160",
        "x-ms-request-id": "ed44d063-fff1-483a-8c2a-e57424943d5f",
        "x-ms-routing-request-id": "WESTEUROPE:20230920T113442Z:5f7c22b6-fbac-4880-a8fe-4b3d3c19d3df"
      },
      "ResponseBody": {
        "name": "vnet-6318",
        "id": "/subscriptions/69a75bda-882e-44d5-8431-63421204132a/resourceGroups/testNetAppDotNetSDKRG-4435/providers/Microsoft.Network/virtualNetworks/vnet-6318",
        "etag": "W/\u002224289065-47ef-4a1c-9cef-c1858b6d7c24\u0022",
        "type": "Microsoft.Network/virtualNetworks",
        "location": "westus2",
        "tags": {
          "CreatedOnDate": "2023-09-20T11:34:41.7898773Z"
        },
        "properties": {
          "provisioningState": "Succeeded",
          "resourceGuid": "d71448cc-cacf-4eb2-beaf-39d6c3a0b34f",
          "addressSpace": {
            "addressPrefixes": [
              "10.0.0.0/16"
            ]
          },
          "subnets": [
            {
              "name": "default",
              "id": "/subscriptions/69a75bda-882e-44d5-8431-63421204132a/resourceGroups/testNetAppDotNetSDKRG-4435/providers/Microsoft.Network/virtualNetworks/vnet-6318/subnets/default",
              "etag": "W/\u002224289065-47ef-4a1c-9cef-c1858b6d7c24\u0022",
              "properties": {
                "provisioningState": "Succeeded",
                "addressPrefix": "10.0.1.0/24",
                "delegations": [
                  {
                    "name": "netAppVolumes",
                    "id": "/subscriptions/69a75bda-882e-44d5-8431-63421204132a/resourceGroups/testNetAppDotNetSDKRG-4435/providers/Microsoft.Network/virtualNetworks/vnet-6318/subnets/default/delegations/netAppVolumes",
                    "etag": "W/\u002224289065-47ef-4a1c-9cef-c1858b6d7c24\u0022",
                    "properties": {
                      "provisioningState": "Succeeded",
                      "serviceName": "Microsoft.Netapp/volumes",
                      "actions": [
                        "Microsoft.Network/networkinterfaces/*",
                        "Microsoft.Network/virtualNetworks/subnets/join/action"
                      ]
                    },
                    "type": "Microsoft.Network/virtualNetworks/subnets/delegations"
                  }
                ],
                "purpose": "HostedWorkloads",
                "privateEndpointNetworkPolicies": "Disabled",
                "privateLinkServiceNetworkPolicies": "Enabled"
              },
              "type": "Microsoft.Network/virtualNetworks/subnets"
            }
          ],
          "virtualNetworkPeerings": [],
          "enableDdosProtection": false
        }
      }
    },
    {
      "RequestUri": "https://management.azure.com/subscriptions/69a75bda-882e-44d5-8431-63421204132a/providers/Microsoft.Network/locations/westus2/operations/ed44d063-fff1-483a-8c2a-e57424943d5f?api-version=**",
      "RequestMethod": "GET",
      "RequestHeaders": {
        "Authorization": "Sanitized",
        "traceparent": "00-37e3fb3365bc223f83f12e3a61070a08-75207c54046f0514-00",
        "User-Agent": "azsdk-net-ResourceManager/1.7.0 (.NET 7.0.7; Microsoft Windows 10.0.22621)",
        "x-ms-client-request-id": "bfac364e123d3eb14631a1c69d7708ca",
        "x-ms-return-client-request-id": "true"
      },
      "RequestBody": null,
      "StatusCode": 200,
      "ResponseHeaders": {
        "Cache-Control": "no-cache",
        "Content-Length": "29",
        "Content-Type": "application/json; charset=utf-8",
        "Date": "Wed, 20 Sep 2023 11:34:42 GMT",
        "Expires": "-1",
        "Pragma": "no-cache",
        "Server": [
          "Microsoft-HTTPAPI/2.0",
          "Microsoft-HTTPAPI/2.0"
        ],
        "Strict-Transport-Security": "max-age=31536000; includeSubDomains",
        "X-Content-Type-Options": "nosniff",
        "x-ms-arm-service-request-id": "57efd52c-da55-4cc4-b6ab-6b2e8a02fc57",
        "x-ms-client-request-id": "bfac364e123d3eb14631a1c69d7708ca",
        "x-ms-correlation-request-id": "29bcdbe5-0ab8-48ef-b51f-28f7d23dce84",
        "x-ms-ratelimit-remaining-subscription-reads": "11678",
        "x-ms-request-id": "a408c398-b9fe-4e75-8eb2-113b18add4c5",
        "x-ms-routing-request-id": "WESTEUROPE:20230920T113443Z:29bcdbe5-0ab8-48ef-b51f-28f7d23dce84"
      },
      "ResponseBody": {
        "status": "Succeeded"
      }
    },
    {
      "RequestUri": "https://management.azure.com/subscriptions/69a75bda-882e-44d5-8431-63421204132a/resourceGroups/testNetAppDotNetSDKRG-4435/providers/Microsoft.Network/virtualNetworks/vnet-6318?api-version=**",
      "RequestMethod": "GET",
      "RequestHeaders": {
        "Authorization": "Sanitized",
        "traceparent": "00-37e3fb3365bc223f83f12e3a61070a08-a2419a406e123bf9-00",
        "User-Agent": "azsdk-net-ResourceManager/1.7.0 (.NET 7.0.7; Microsoft Windows 10.0.22621)",
        "x-ms-client-request-id": "816a90cee797c59c3cf21e8c0fa45733",
        "x-ms-return-client-request-id": "true"
      },
      "RequestBody": null,
      "StatusCode": 200,
      "ResponseHeaders": {
        "Cache-Control": "no-cache",
        "Content-Length": "2153",
        "Content-Type": "application/json; charset=utf-8",
        "Date": "Wed, 20 Sep 2023 11:34:43 GMT",
        "ETag": "W/\u002224289065-47ef-4a1c-9cef-c1858b6d7c24\u0022",
        "Expires": "-1",
        "Pragma": "no-cache",
        "Server": [
          "Microsoft-HTTPAPI/2.0",
          "Microsoft-HTTPAPI/2.0"
        ],
        "Strict-Transport-Security": "max-age=31536000; includeSubDomains",
        "X-Content-Type-Options": "nosniff",
        "x-ms-arm-service-request-id": "59e63283-6db9-41eb-b6cc-a32fdda39af9",
        "x-ms-client-request-id": "816a90cee797c59c3cf21e8c0fa45733",
        "x-ms-correlation-request-id": "8ff46e66-c278-4e5c-ae10-65eb01f8cba1",
        "x-ms-ratelimit-remaining-subscription-reads": "11677",
        "x-ms-request-id": "2723d9ec-6288-4d50-bc3e-3899710e23b7",
        "x-ms-routing-request-id": "WESTEUROPE:20230920T113443Z:8ff46e66-c278-4e5c-ae10-65eb01f8cba1"
      },
      "ResponseBody": {
        "name": "vnet-6318",
        "id": "/subscriptions/69a75bda-882e-44d5-8431-63421204132a/resourceGroups/testNetAppDotNetSDKRG-4435/providers/Microsoft.Network/virtualNetworks/vnet-6318",
        "etag": "W/\u002224289065-47ef-4a1c-9cef-c1858b6d7c24\u0022",
        "type": "Microsoft.Network/virtualNetworks",
        "location": "westus2",
        "tags": {
          "CreatedOnDate": "2023-09-20T11:34:41.7898773Z"
        },
        "properties": {
          "provisioningState": "Succeeded",
          "resourceGuid": "d71448cc-cacf-4eb2-beaf-39d6c3a0b34f",
          "addressSpace": {
            "addressPrefixes": [
              "10.0.0.0/16"
            ]
          },
          "subnets": [
            {
              "name": "default",
              "id": "/subscriptions/69a75bda-882e-44d5-8431-63421204132a/resourceGroups/testNetAppDotNetSDKRG-4435/providers/Microsoft.Network/virtualNetworks/vnet-6318/subnets/default",
              "etag": "W/\u002224289065-47ef-4a1c-9cef-c1858b6d7c24\u0022",
              "properties": {
                "provisioningState": "Succeeded",
                "addressPrefix": "10.0.1.0/24",
                "delegations": [
                  {
                    "name": "netAppVolumes",
                    "id": "/subscriptions/69a75bda-882e-44d5-8431-63421204132a/resourceGroups/testNetAppDotNetSDKRG-4435/providers/Microsoft.Network/virtualNetworks/vnet-6318/subnets/default/delegations/netAppVolumes",
                    "etag": "W/\u002224289065-47ef-4a1c-9cef-c1858b6d7c24\u0022",
                    "properties": {
                      "provisioningState": "Succeeded",
                      "serviceName": "Microsoft.Netapp/volumes",
                      "actions": [
                        "Microsoft.Network/networkinterfaces/*",
                        "Microsoft.Network/virtualNetworks/subnets/join/action"
                      ]
                    },
                    "type": "Microsoft.Network/virtualNetworks/subnets/delegations"
                  }
                ],
                "purpose": "HostedWorkloads",
                "privateEndpointNetworkPolicies": "Disabled",
                "privateLinkServiceNetworkPolicies": "Enabled"
              },
              "type": "Microsoft.Network/virtualNetworks/subnets"
            }
          ],
          "virtualNetworkPeerings": [],
          "enableDdosProtection": false
        }
      }
    },
    {
      "RequestUri": "https://management.azure.com/subscriptions/69a75bda-882e-44d5-8431-63421204132a/resourceGroups/testNetAppDotNetSDKRG-4435/providers/Microsoft.Network/virtualNetworks/vnet-6318?api-version=**",
      "RequestMethod": "GET",
      "RequestHeaders": {
        "Accept": "application/json",
        "Authorization": "Sanitized",
        "traceparent": "00-d9de603eb723012d66433d9c48160743-a377766dfa68329c-00",
        "User-Agent": "azsdk-net-ResourceManager.Network/1.1.0 (.NET 7.0.7; Microsoft Windows 10.0.22621)",
        "x-ms-client-request-id": "305959021f86cda2413544c473f99d9b",
        "x-ms-return-client-request-id": "true"
      },
      "RequestBody": null,
      "StatusCode": 200,
      "ResponseHeaders": {
        "Cache-Control": "no-cache",
        "Content-Length": "2153",
        "Content-Type": "application/json; charset=utf-8",
        "Date": "Wed, 20 Sep 2023 11:35:13 GMT",
        "ETag": "W/\u002224289065-47ef-4a1c-9cef-c1858b6d7c24\u0022",
        "Expires": "-1",
        "Pragma": "no-cache",
        "Server": [
          "Microsoft-HTTPAPI/2.0",
          "Microsoft-HTTPAPI/2.0"
        ],
        "Strict-Transport-Security": "max-age=31536000; includeSubDomains",
        "X-Content-Type-Options": "nosniff",
        "x-ms-arm-service-request-id": "76126339-0d82-4bb7-a47e-88414b72e7ed",
        "x-ms-client-request-id": "305959021f86cda2413544c473f99d9b",
        "x-ms-correlation-request-id": "6a0aeb49-a304-41e6-8a20-12f6a66f97fe",
        "x-ms-ratelimit-remaining-subscription-reads": "11676",
        "x-ms-request-id": "21e5f556-f66f-4311-9750-56e6fd754abd",
        "x-ms-routing-request-id": "WESTEUROPE:20230920T113514Z:6a0aeb49-a304-41e6-8a20-12f6a66f97fe"
      },
      "ResponseBody": {
        "name": "vnet-6318",
        "id": "/subscriptions/69a75bda-882e-44d5-8431-63421204132a/resourceGroups/testNetAppDotNetSDKRG-4435/providers/Microsoft.Network/virtualNetworks/vnet-6318",
        "etag": "W/\u002224289065-47ef-4a1c-9cef-c1858b6d7c24\u0022",
        "type": "Microsoft.Network/virtualNetworks",
        "location": "westus2",
        "tags": {
          "CreatedOnDate": "2023-09-20T11:34:41.7898773Z"
        },
        "properties": {
          "provisioningState": "Succeeded",
          "resourceGuid": "d71448cc-cacf-4eb2-beaf-39d6c3a0b34f",
          "addressSpace": {
            "addressPrefixes": [
              "10.0.0.0/16"
            ]
          },
          "subnets": [
            {
              "name": "default",
              "id": "/subscriptions/69a75bda-882e-44d5-8431-63421204132a/resourceGroups/testNetAppDotNetSDKRG-4435/providers/Microsoft.Network/virtualNetworks/vnet-6318/subnets/default",
              "etag": "W/\u002224289065-47ef-4a1c-9cef-c1858b6d7c24\u0022",
              "properties": {
                "provisioningState": "Succeeded",
                "addressPrefix": "10.0.1.0/24",
                "delegations": [
                  {
                    "name": "netAppVolumes",
                    "id": "/subscriptions/69a75bda-882e-44d5-8431-63421204132a/resourceGroups/testNetAppDotNetSDKRG-4435/providers/Microsoft.Network/virtualNetworks/vnet-6318/subnets/default/delegations/netAppVolumes",
                    "etag": "W/\u002224289065-47ef-4a1c-9cef-c1858b6d7c24\u0022",
                    "properties": {
                      "provisioningState": "Succeeded",
                      "serviceName": "Microsoft.Netapp/volumes",
                      "actions": [
                        "Microsoft.Network/networkinterfaces/*",
                        "Microsoft.Network/virtualNetworks/subnets/join/action"
                      ]
                    },
                    "type": "Microsoft.Network/virtualNetworks/subnets/delegations"
                  }
                ],
                "purpose": "HostedWorkloads",
                "privateEndpointNetworkPolicies": "Disabled",
                "privateLinkServiceNetworkPolicies": "Enabled"
              },
              "type": "Microsoft.Network/virtualNetworks/subnets"
            }
          ],
          "virtualNetworkPeerings": [],
          "enableDdosProtection": false
        }
      }
    },
    {
      "RequestUri": "https://management.azure.com/subscriptions/69a75bda-882e-44d5-8431-63421204132a/resourceGroups/testNetAppDotNetSDKRG-4435/providers/Microsoft.NetApp/netAppAccounts/account925/capacityPools/pool1/volumes/volumeName-7679?api-version=2023-05-01",
      "RequestMethod": "PUT",
      "RequestHeaders": {
        "Accept": "application/json",
        "Authorization": "Sanitized",
        "Content-Length": "319",
        "Content-Type": "application/json",
        "traceparent": "00-f4bfa6277350843a1df70fc1fc46484b-7519868e44f9f67e-00",
        "User-Agent": "azsdk-net-ResourceManager.NetApp/1.4.0-alpha.20230915.1 (.NET 7.0.7; Microsoft Windows 10.0.22621)",
        "x-ms-client-request-id": "bf641daad80f67509ae6834af4242ea2",
        "x-ms-return-client-request-id": "true"
      },
      "RequestBody": {
        "tags": {
          "key1": "value1",
          "key2": "value2"
        },
        "location": "westus2",
        "properties": {
          "creationToken": "volumeName-7679",
          "usageThreshold": 107374182400,
          "subnetId": "/subscriptions/69a75bda-882e-44d5-8431-63421204132a/resourceGroups/testNetAppDotNetSDKRG-4435/providers/Microsoft.Network/virtualNetworks/vnet-6318/subnets/default"
        }
      },
      "StatusCode": 201,
      "ResponseHeaders": {
        "Azure-AsyncOperation": "https://management.azure.com/subscriptions/69a75bda-882e-44d5-8431-63421204132a/providers/Microsoft.NetApp/locations/westus2/operationResults/1a27606f-21e7-48af-b4da-83dc8972406a?api-version=2023-05-01",
        "Cache-Control": "no-cache",
        "Content-Length": "1110",
        "Content-Type": "application/json; charset=utf-8",
        "Date": "Wed, 20 Sep 2023 11:35:15 GMT",
        "ETag": "W/\u0022datetime\u00272023-09-20T11%3A35%3A15.2677533Z\u0027\u0022",
        "Expires": "-1",
        "Pragma": "no-cache",
        "Server": "Microsoft-IIS/10.0",
        "Strict-Transport-Security": "max-age=31536000; includeSubDomains",
        "X-Content-Type-Options": "nosniff",
        "x-ms-correlation-request-id": "23f6735e-e0be-43fc-8503-12dc5e6509e4",
        "x-ms-ratelimit-remaining-subscription-writes": "1159",
        "x-ms-request-id": "aadfc2d4-2907-48a4-9368-edef1937eec6",
        "x-ms-routing-request-id": "WESTEUROPE:20230920T113516Z:23f6735e-e0be-43fc-8503-12dc5e6509e4",
        "X-Powered-By": "ASP.NET"
      },
      "ResponseBody": {
        "id": "/subscriptions/69a75bda-882e-44d5-8431-63421204132a/resourceGroups/testNetAppDotNetSDKRG-4435/providers/Microsoft.NetApp/netAppAccounts/account925/capacityPools/pool1/volumes/volumeName-7679",
        "name": "account925/pool1/volumeName-7679",
        "type": "Microsoft.NetApp/netAppAccounts/capacityPools/volumes",
        "etag": "W/\u0022datetime\u00272023-09-20T11%3A35%3A15.2677533Z\u0027\u0022",
        "location": "westus2",
        "tags": {
          "key1": "value1",
          "key2": "value2",
          "CreatedOnDate": "2023-09-20T11:35:14.3709170Z"
        },
        "properties": {
          "volumeType": "",
          "serviceLevel": "Premium",
          "creationToken": "volumeName-7679",
          "usageThreshold": 107374182400,
          "subnetId": "/subscriptions/69a75bda-882e-44d5-8431-63421204132a/resourceGroups/testNetAppDotNetSDKRG-4435/providers/Microsoft.Network/virtualNetworks/vnet-6318/subnets/default",
          "maximumNumberOfFiles": 100000000,
          "provisioningState": "Creating"
        },
        "systemData": {
          "createdBy": "c6c4faba-2b22-44d9-80a4-71ff5b71f811",
          "createdByType": "Application",
          "createdAt": "2023-09-20T11:35:14.8530156Z",
          "lastModifiedBy": "c6c4faba-2b22-44d9-80a4-71ff5b71f811",
          "lastModifiedByType": "Application",
          "lastModifiedAt": "2023-09-20T11:35:14.8530156Z"
        }
      }
    },
    {
      "RequestUri": "https://management.azure.com/subscriptions/69a75bda-882e-44d5-8431-63421204132a/providers/Microsoft.NetApp/locations/westus2/operationResults/1a27606f-21e7-48af-b4da-83dc8972406a?api-version=2023-05-01",
      "RequestMethod": "GET",
      "RequestHeaders": {
        "Authorization": "Sanitized",
        "traceparent": "00-f4bfa6277350843a1df70fc1fc46484b-dbc98f818b3bea75-00",
        "User-Agent": "azsdk-net-ResourceManager/1.7.0 (.NET 7.0.7; Microsoft Windows 10.0.22621)",
        "x-ms-client-request-id": "f2e28254973f2a2308f1959f9b57d91c",
        "x-ms-return-client-request-id": "true"
      },
      "RequestBody": null,
      "StatusCode": 200,
      "ResponseHeaders": {
        "Cache-Control": "no-cache",
        "Content-Length": "564",
        "Content-Type": "application/json; charset=utf-8",
        "Date": "Wed, 20 Sep 2023 11:35:15 GMT",
        "Expires": "-1",
        "Pragma": "no-cache",
        "Server": "Microsoft-IIS/10.0",
        "Strict-Transport-Security": "max-age=31536000; includeSubDomains",
        "X-Content-Type-Options": "nosniff",
        "x-ms-correlation-request-id": "1984f85b-415c-474e-bb9e-f8f412e8839e",
        "x-ms-ratelimit-remaining-subscription-reads": "11675",
        "x-ms-request-id": "f35db89d-a4da-45ad-8fea-0758d734af76",
        "x-ms-routing-request-id": "WESTEUROPE:20230920T113516Z:1984f85b-415c-474e-bb9e-f8f412e8839e",
        "X-Powered-By": "ASP.NET"
      },
      "ResponseBody": {
        "id": "/subscriptions/69a75bda-882e-44d5-8431-63421204132a/providers/Microsoft.NetApp/locations/westus2/operationResults/1a27606f-21e7-48af-b4da-83dc8972406a",
        "name": "1a27606f-21e7-48af-b4da-83dc8972406a",
        "status": "Creating",
        "startTime": "2023-09-20T11:35:15.2751795Z",
        "endTime": "0001-01-01T00:00:00Z",
        "percentComplete": 0.0,
        "properties": {
          "resourceName": "/subscriptions/69a75bda-882e-44d5-8431-63421204132a/resourceGroups/testNetAppDotNetSDKRG-4435/providers/Microsoft.NetApp/netAppAccounts/account925/capacityPools/pool1/volumes/volumeName-7679",
          "action": "CREATE"
        }
      }
    },
    {
      "RequestUri": "https://management.azure.com/subscriptions/69a75bda-882e-44d5-8431-63421204132a/providers/Microsoft.NetApp/locations/westus2/operationResults/1a27606f-21e7-48af-b4da-83dc8972406a?api-version=2023-05-01",
      "RequestMethod": "GET",
      "RequestHeaders": {
        "Authorization": "Sanitized",
        "traceparent": "00-f4bfa6277350843a1df70fc1fc46484b-ee81f501681249a5-00",
        "User-Agent": "azsdk-net-ResourceManager/1.7.0 (.NET 7.0.7; Microsoft Windows 10.0.22621)",
        "x-ms-client-request-id": "05eaa2065935d37dd8b5d17298eec4c2",
        "x-ms-return-client-request-id": "true"
      },
      "RequestBody": null,
      "StatusCode": 200,
      "ResponseHeaders": {
        "Cache-Control": "no-cache",
        "Content-Length": "564",
        "Content-Type": "application/json; charset=utf-8",
        "Date": "Wed, 20 Sep 2023 11:35:16 GMT",
        "Expires": "-1",
        "Pragma": "no-cache",
        "Server": "Microsoft-IIS/10.0",
        "Strict-Transport-Security": "max-age=31536000; includeSubDomains",
        "X-Content-Type-Options": "nosniff",
        "x-ms-correlation-request-id": "afb18a38-e5c9-471e-a301-998b4fdf83ff",
        "x-ms-ratelimit-remaining-subscription-reads": "11674",
        "x-ms-request-id": "c36786a1-3408-4246-9dcf-a7f36b8744d2",
        "x-ms-routing-request-id": "WESTEUROPE:20230920T113517Z:afb18a38-e5c9-471e-a301-998b4fdf83ff",
        "X-Powered-By": "ASP.NET"
      },
      "ResponseBody": {
        "id": "/subscriptions/69a75bda-882e-44d5-8431-63421204132a/providers/Microsoft.NetApp/locations/westus2/operationResults/1a27606f-21e7-48af-b4da-83dc8972406a",
        "name": "1a27606f-21e7-48af-b4da-83dc8972406a",
        "status": "Creating",
        "startTime": "2023-09-20T11:35:15.2751795Z",
        "endTime": "0001-01-01T00:00:00Z",
        "percentComplete": 0.0,
        "properties": {
          "resourceName": "/subscriptions/69a75bda-882e-44d5-8431-63421204132a/resourceGroups/testNetAppDotNetSDKRG-4435/providers/Microsoft.NetApp/netAppAccounts/account925/capacityPools/pool1/volumes/volumeName-7679",
          "action": "CREATE"
        }
      }
    },
    {
      "RequestUri": "https://management.azure.com/subscriptions/69a75bda-882e-44d5-8431-63421204132a/providers/Microsoft.NetApp/locations/westus2/operationResults/1a27606f-21e7-48af-b4da-83dc8972406a?api-version=2023-05-01",
      "RequestMethod": "GET",
      "RequestHeaders": {
        "Authorization": "Sanitized",
        "traceparent": "00-f4bfa6277350843a1df70fc1fc46484b-f5f2155a10a1d9b2-00",
        "User-Agent": "azsdk-net-ResourceManager/1.7.0 (.NET 7.0.7; Microsoft Windows 10.0.22621)",
        "x-ms-client-request-id": "71f541933c424262499a3c2c41a51396",
        "x-ms-return-client-request-id": "true"
      },
      "RequestBody": null,
      "StatusCode": 200,
      "ResponseHeaders": {
        "Cache-Control": "no-cache",
        "Content-Length": "564",
        "Content-Type": "application/json; charset=utf-8",
        "Date": "Wed, 20 Sep 2023 11:35:18 GMT",
        "Expires": "-1",
        "Pragma": "no-cache",
        "Server": "Microsoft-IIS/10.0",
        "Strict-Transport-Security": "max-age=31536000; includeSubDomains",
        "X-Content-Type-Options": "nosniff",
        "x-ms-correlation-request-id": "436fbeaf-3596-414b-801d-ade5167d2069",
        "x-ms-ratelimit-remaining-subscription-reads": "11673",
        "x-ms-request-id": "81da7cee-d4ca-46cb-9cbc-cc963bdf9816",
        "x-ms-routing-request-id": "WESTEUROPE:20230920T113518Z:436fbeaf-3596-414b-801d-ade5167d2069",
        "X-Powered-By": "ASP.NET"
      },
      "ResponseBody": {
        "id": "/subscriptions/69a75bda-882e-44d5-8431-63421204132a/providers/Microsoft.NetApp/locations/westus2/operationResults/1a27606f-21e7-48af-b4da-83dc8972406a",
        "name": "1a27606f-21e7-48af-b4da-83dc8972406a",
        "status": "Creating",
        "startTime": "2023-09-20T11:35:15.2751795Z",
        "endTime": "0001-01-01T00:00:00Z",
        "percentComplete": 0.0,
        "properties": {
          "resourceName": "/subscriptions/69a75bda-882e-44d5-8431-63421204132a/resourceGroups/testNetAppDotNetSDKRG-4435/providers/Microsoft.NetApp/netAppAccounts/account925/capacityPools/pool1/volumes/volumeName-7679",
          "action": "CREATE"
        }
      }
    },
    {
      "RequestUri": "https://management.azure.com/subscriptions/69a75bda-882e-44d5-8431-63421204132a/providers/Microsoft.NetApp/locations/westus2/operationResults/1a27606f-21e7-48af-b4da-83dc8972406a?api-version=2023-05-01",
      "RequestMethod": "GET",
      "RequestHeaders": {
        "Authorization": "Sanitized",
        "traceparent": "00-f4bfa6277350843a1df70fc1fc46484b-6aa1c443feffbea6-00",
        "User-Agent": "azsdk-net-ResourceManager/1.7.0 (.NET 7.0.7; Microsoft Windows 10.0.22621)",
        "x-ms-client-request-id": "ff5a22c34dedfb0d050e198ac6b1911a",
        "x-ms-return-client-request-id": "true"
      },
      "RequestBody": null,
      "StatusCode": 200,
      "ResponseHeaders": {
        "Cache-Control": "no-cache",
        "Content-Length": "564",
        "Content-Type": "application/json; charset=utf-8",
        "Date": "Wed, 20 Sep 2023 11:35:19 GMT",
        "Expires": "-1",
        "Pragma": "no-cache",
        "Server": "Microsoft-IIS/10.0",
        "Strict-Transport-Security": "max-age=31536000; includeSubDomains",
        "X-Content-Type-Options": "nosniff",
        "x-ms-correlation-request-id": "0ee68884-0515-4c0c-aaf0-945621b6e901",
        "x-ms-ratelimit-remaining-subscription-reads": "11672",
        "x-ms-request-id": "56e3d8dc-66c7-4256-91d3-d77909685f74",
        "x-ms-routing-request-id": "WESTEUROPE:20230920T113520Z:0ee68884-0515-4c0c-aaf0-945621b6e901",
        "X-Powered-By": "ASP.NET"
      },
      "ResponseBody": {
        "id": "/subscriptions/69a75bda-882e-44d5-8431-63421204132a/providers/Microsoft.NetApp/locations/westus2/operationResults/1a27606f-21e7-48af-b4da-83dc8972406a",
        "name": "1a27606f-21e7-48af-b4da-83dc8972406a",
        "status": "Creating",
        "startTime": "2023-09-20T11:35:15.2751795Z",
        "endTime": "0001-01-01T00:00:00Z",
        "percentComplete": 0.0,
        "properties": {
          "resourceName": "/subscriptions/69a75bda-882e-44d5-8431-63421204132a/resourceGroups/testNetAppDotNetSDKRG-4435/providers/Microsoft.NetApp/netAppAccounts/account925/capacityPools/pool1/volumes/volumeName-7679",
          "action": "CREATE"
        }
      }
    },
    {
      "RequestUri": "https://management.azure.com/subscriptions/69a75bda-882e-44d5-8431-63421204132a/providers/Microsoft.NetApp/locations/westus2/operationResults/1a27606f-21e7-48af-b4da-83dc8972406a?api-version=2023-05-01",
      "RequestMethod": "GET",
      "RequestHeaders": {
        "Authorization": "Sanitized",
        "traceparent": "00-f4bfa6277350843a1df70fc1fc46484b-cb968d7c2861f8de-00",
        "User-Agent": "azsdk-net-ResourceManager/1.7.0 (.NET 7.0.7; Microsoft Windows 10.0.22621)",
        "x-ms-client-request-id": "5a0bd32c6762cada40a8bb9b1d519133",
        "x-ms-return-client-request-id": "true"
      },
      "RequestBody": null,
      "StatusCode": 200,
      "ResponseHeaders": {
        "Cache-Control": "no-cache",
        "Content-Length": "564",
        "Content-Type": "application/json; charset=utf-8",
        "Date": "Wed, 20 Sep 2023 11:35:21 GMT",
        "Expires": "-1",
        "Pragma": "no-cache",
        "Server": "Microsoft-IIS/10.0",
        "Strict-Transport-Security": "max-age=31536000; includeSubDomains",
        "X-Content-Type-Options": "nosniff",
        "x-ms-correlation-request-id": "60c7443d-05a5-4b06-bff5-1d45d809f30d",
        "x-ms-ratelimit-remaining-subscription-reads": "11671",
        "x-ms-request-id": "b94c2f59-1a14-40e1-b54b-bec8fc718265",
        "x-ms-routing-request-id": "WESTEUROPE:20230920T113522Z:60c7443d-05a5-4b06-bff5-1d45d809f30d",
        "X-Powered-By": "ASP.NET"
      },
      "ResponseBody": {
        "id": "/subscriptions/69a75bda-882e-44d5-8431-63421204132a/providers/Microsoft.NetApp/locations/westus2/operationResults/1a27606f-21e7-48af-b4da-83dc8972406a",
        "name": "1a27606f-21e7-48af-b4da-83dc8972406a",
        "status": "Creating",
        "startTime": "2023-09-20T11:35:15.2751795Z",
        "endTime": "0001-01-01T00:00:00Z",
        "percentComplete": 0.0,
        "properties": {
          "resourceName": "/subscriptions/69a75bda-882e-44d5-8431-63421204132a/resourceGroups/testNetAppDotNetSDKRG-4435/providers/Microsoft.NetApp/netAppAccounts/account925/capacityPools/pool1/volumes/volumeName-7679",
          "action": "CREATE"
        }
      }
    },
    {
      "RequestUri": "https://management.azure.com/subscriptions/69a75bda-882e-44d5-8431-63421204132a/providers/Microsoft.NetApp/locations/westus2/operationResults/1a27606f-21e7-48af-b4da-83dc8972406a?api-version=2023-05-01",
      "RequestMethod": "GET",
      "RequestHeaders": {
        "Authorization": "Sanitized",
        "traceparent": "00-f4bfa6277350843a1df70fc1fc46484b-37b727ec9cd9631f-00",
        "User-Agent": "azsdk-net-ResourceManager/1.7.0 (.NET 7.0.7; Microsoft Windows 10.0.22621)",
        "x-ms-client-request-id": "75af3ba1c59346d533f96c3322d87b98",
        "x-ms-return-client-request-id": "true"
      },
      "RequestBody": null,
      "StatusCode": 200,
      "ResponseHeaders": {
        "Cache-Control": "no-cache",
        "Content-Length": "564",
        "Content-Type": "application/json; charset=utf-8",
        "Date": "Wed, 20 Sep 2023 11:35:25 GMT",
        "Expires": "-1",
        "Pragma": "no-cache",
        "Server": "Microsoft-IIS/10.0",
        "Strict-Transport-Security": "max-age=31536000; includeSubDomains",
        "X-Content-Type-Options": "nosniff",
        "x-ms-correlation-request-id": "4760adbe-53db-4daa-bfb1-99d9cffc66ca",
        "x-ms-ratelimit-remaining-subscription-reads": "11670",
        "x-ms-request-id": "680e73dc-421a-4e19-b707-f51c2c469261",
        "x-ms-routing-request-id": "WESTEUROPE:20230920T113526Z:4760adbe-53db-4daa-bfb1-99d9cffc66ca",
        "X-Powered-By": "ASP.NET"
      },
      "ResponseBody": {
        "id": "/subscriptions/69a75bda-882e-44d5-8431-63421204132a/providers/Microsoft.NetApp/locations/westus2/operationResults/1a27606f-21e7-48af-b4da-83dc8972406a",
        "name": "1a27606f-21e7-48af-b4da-83dc8972406a",
        "status": "Creating",
        "startTime": "2023-09-20T11:35:15.2751795Z",
        "endTime": "0001-01-01T00:00:00Z",
        "percentComplete": 0.0,
        "properties": {
          "resourceName": "/subscriptions/69a75bda-882e-44d5-8431-63421204132a/resourceGroups/testNetAppDotNetSDKRG-4435/providers/Microsoft.NetApp/netAppAccounts/account925/capacityPools/pool1/volumes/volumeName-7679",
          "action": "CREATE"
        }
      }
    },
    {
      "RequestUri": "https://management.azure.com/subscriptions/69a75bda-882e-44d5-8431-63421204132a/providers/Microsoft.NetApp/locations/westus2/operationResults/1a27606f-21e7-48af-b4da-83dc8972406a?api-version=2023-05-01",
      "RequestMethod": "GET",
      "RequestHeaders": {
        "Authorization": "Sanitized",
        "traceparent": "00-f4bfa6277350843a1df70fc1fc46484b-9eb1d260b3df40e5-00",
        "User-Agent": "azsdk-net-ResourceManager/1.7.0 (.NET 7.0.7; Microsoft Windows 10.0.22621)",
        "x-ms-client-request-id": "6eff2208b9995b344890bf459271deb4",
        "x-ms-return-client-request-id": "true"
      },
      "RequestBody": null,
      "StatusCode": 200,
      "ResponseHeaders": {
        "Cache-Control": "no-cache",
        "Content-Length": "564",
        "Content-Type": "application/json; charset=utf-8",
        "Date": "Wed, 20 Sep 2023 11:35:33 GMT",
        "Expires": "-1",
        "Pragma": "no-cache",
        "Server": "Microsoft-IIS/10.0",
        "Strict-Transport-Security": "max-age=31536000; includeSubDomains",
        "X-Content-Type-Options": "nosniff",
        "x-ms-correlation-request-id": "a5138524-c031-494b-87fb-8d55ad7dd916",
        "x-ms-ratelimit-remaining-subscription-reads": "11669",
        "x-ms-request-id": "e4304d82-82aa-4c8c-8063-9d453bccb108",
        "x-ms-routing-request-id": "WESTEUROPE:20230920T113534Z:a5138524-c031-494b-87fb-8d55ad7dd916",
        "X-Powered-By": "ASP.NET"
      },
      "ResponseBody": {
        "id": "/subscriptions/69a75bda-882e-44d5-8431-63421204132a/providers/Microsoft.NetApp/locations/westus2/operationResults/1a27606f-21e7-48af-b4da-83dc8972406a",
        "name": "1a27606f-21e7-48af-b4da-83dc8972406a",
        "status": "Creating",
        "startTime": "2023-09-20T11:35:15.2751795Z",
        "endTime": "0001-01-01T00:00:00Z",
        "percentComplete": 0.0,
        "properties": {
          "resourceName": "/subscriptions/69a75bda-882e-44d5-8431-63421204132a/resourceGroups/testNetAppDotNetSDKRG-4435/providers/Microsoft.NetApp/netAppAccounts/account925/capacityPools/pool1/volumes/volumeName-7679",
          "action": "CREATE"
        }
      }
    },
    {
      "RequestUri": "https://management.azure.com/subscriptions/69a75bda-882e-44d5-8431-63421204132a/providers/Microsoft.NetApp/locations/westus2/operationResults/1a27606f-21e7-48af-b4da-83dc8972406a?api-version=2023-05-01",
      "RequestMethod": "GET",
      "RequestHeaders": {
        "Authorization": "Sanitized",
        "traceparent": "00-f4bfa6277350843a1df70fc1fc46484b-064da5199380cdb7-00",
        "User-Agent": "azsdk-net-ResourceManager/1.7.0 (.NET 7.0.7; Microsoft Windows 10.0.22621)",
        "x-ms-client-request-id": "8be8e57d1c016786fdc52668fba6a768",
        "x-ms-return-client-request-id": "true"
      },
      "RequestBody": null,
      "StatusCode": 200,
      "ResponseHeaders": {
        "Cache-Control": "no-cache",
        "Content-Length": "564",
        "Content-Type": "application/json; charset=utf-8",
        "Date": "Wed, 20 Sep 2023 11:35:50 GMT",
        "Expires": "-1",
        "Pragma": "no-cache",
        "Server": "Microsoft-IIS/10.0",
        "Strict-Transport-Security": "max-age=31536000; includeSubDomains",
        "X-Content-Type-Options": "nosniff",
        "x-ms-correlation-request-id": "53d8a376-2f88-4000-bddc-8ce2ca6104ae",
        "x-ms-ratelimit-remaining-subscription-reads": "11668",
        "x-ms-request-id": "add99112-a8e5-40ff-8f2b-a889395ca2a2",
        "x-ms-routing-request-id": "WESTEUROPE:20230920T113551Z:53d8a376-2f88-4000-bddc-8ce2ca6104ae",
        "X-Powered-By": "ASP.NET"
      },
      "ResponseBody": {
        "id": "/subscriptions/69a75bda-882e-44d5-8431-63421204132a/providers/Microsoft.NetApp/locations/westus2/operationResults/1a27606f-21e7-48af-b4da-83dc8972406a",
        "name": "1a27606f-21e7-48af-b4da-83dc8972406a",
        "status": "Creating",
        "startTime": "2023-09-20T11:35:15.2751795Z",
        "endTime": "0001-01-01T00:00:00Z",
        "percentComplete": 0.0,
        "properties": {
          "resourceName": "/subscriptions/69a75bda-882e-44d5-8431-63421204132a/resourceGroups/testNetAppDotNetSDKRG-4435/providers/Microsoft.NetApp/netAppAccounts/account925/capacityPools/pool1/volumes/volumeName-7679",
          "action": "CREATE"
        }
      }
    },
    {
      "RequestUri": "https://management.azure.com/subscriptions/69a75bda-882e-44d5-8431-63421204132a/providers/Microsoft.NetApp/locations/westus2/operationResults/1a27606f-21e7-48af-b4da-83dc8972406a?api-version=2023-05-01",
      "RequestMethod": "GET",
      "RequestHeaders": {
        "Authorization": "Sanitized",
        "traceparent": "00-f4bfa6277350843a1df70fc1fc46484b-fc19aad51277025b-00",
        "User-Agent": "azsdk-net-ResourceManager/1.7.0 (.NET 7.0.7; Microsoft Windows 10.0.22621)",
        "x-ms-client-request-id": "fa92222c2251e89a07532c03068fb4c1",
        "x-ms-return-client-request-id": "true"
      },
      "RequestBody": null,
      "StatusCode": 200,
      "ResponseHeaders": {
        "Cache-Control": "no-cache",
        "Content-Length": "564",
        "Content-Type": "application/json; charset=utf-8",
        "Date": "Wed, 20 Sep 2023 11:36:23 GMT",
        "Expires": "-1",
        "Pragma": "no-cache",
        "Server": "Microsoft-IIS/10.0",
        "Strict-Transport-Security": "max-age=31536000; includeSubDomains",
        "X-Content-Type-Options": "nosniff",
        "x-ms-correlation-request-id": "ce9e4feb-04dd-4834-a234-8aa18c8b0166",
        "x-ms-ratelimit-remaining-subscription-reads": "11667",
        "x-ms-request-id": "4d99cbcd-127a-479a-91cf-5ce61914f042",
        "x-ms-routing-request-id": "WESTEUROPE:20230920T113623Z:ce9e4feb-04dd-4834-a234-8aa18c8b0166",
        "X-Powered-By": "ASP.NET"
      },
      "ResponseBody": {
        "id": "/subscriptions/69a75bda-882e-44d5-8431-63421204132a/providers/Microsoft.NetApp/locations/westus2/operationResults/1a27606f-21e7-48af-b4da-83dc8972406a",
        "name": "1a27606f-21e7-48af-b4da-83dc8972406a",
        "status": "Creating",
        "startTime": "2023-09-20T11:35:15.2751795Z",
        "endTime": "0001-01-01T00:00:00Z",
        "percentComplete": 0.0,
        "properties": {
          "resourceName": "/subscriptions/69a75bda-882e-44d5-8431-63421204132a/resourceGroups/testNetAppDotNetSDKRG-4435/providers/Microsoft.NetApp/netAppAccounts/account925/capacityPools/pool1/volumes/volumeName-7679",
          "action": "CREATE"
        }
      }
    },
    {
      "RequestUri": "https://management.azure.com/subscriptions/69a75bda-882e-44d5-8431-63421204132a/providers/Microsoft.NetApp/locations/westus2/operationResults/1a27606f-21e7-48af-b4da-83dc8972406a?api-version=2023-05-01",
      "RequestMethod": "GET",
      "RequestHeaders": {
        "Authorization": "Sanitized",
        "traceparent": "00-f4bfa6277350843a1df70fc1fc46484b-379a362e48fca7ed-00",
        "User-Agent": "azsdk-net-ResourceManager/1.7.0 (.NET 7.0.7; Microsoft Windows 10.0.22621)",
        "x-ms-client-request-id": "3db6b81bf0efeb969b9870d392cb5fa2",
        "x-ms-return-client-request-id": "true"
      },
      "RequestBody": null,
      "StatusCode": 200,
      "ResponseHeaders": {
        "Cache-Control": "no-cache",
        "Content-Length": "564",
        "Content-Type": "application/json; charset=utf-8",
        "Date": "Wed, 20 Sep 2023 11:36:55 GMT",
        "Expires": "-1",
        "Pragma": "no-cache",
        "Server": "Microsoft-IIS/10.0",
        "Strict-Transport-Security": "max-age=31536000; includeSubDomains",
        "X-Content-Type-Options": "nosniff",
        "x-ms-correlation-request-id": "0f232019-11a1-4c0b-8e5d-ee099d79cf13",
        "x-ms-ratelimit-remaining-subscription-reads": "11666",
        "x-ms-request-id": "99348b85-3f74-4ded-a366-f12a35ff0ced",
        "x-ms-routing-request-id": "WESTEUROPE:20230920T113656Z:0f232019-11a1-4c0b-8e5d-ee099d79cf13",
        "X-Powered-By": "ASP.NET"
      },
      "ResponseBody": {
        "id": "/subscriptions/69a75bda-882e-44d5-8431-63421204132a/providers/Microsoft.NetApp/locations/westus2/operationResults/1a27606f-21e7-48af-b4da-83dc8972406a",
        "name": "1a27606f-21e7-48af-b4da-83dc8972406a",
        "status": "Creating",
        "startTime": "2023-09-20T11:35:15.2751795Z",
        "endTime": "0001-01-01T00:00:00Z",
        "percentComplete": 0.0,
        "properties": {
          "resourceName": "/subscriptions/69a75bda-882e-44d5-8431-63421204132a/resourceGroups/testNetAppDotNetSDKRG-4435/providers/Microsoft.NetApp/netAppAccounts/account925/capacityPools/pool1/volumes/volumeName-7679",
          "action": "CREATE"
        }
      }
    },
    {
      "RequestUri": "https://management.azure.com/subscriptions/69a75bda-882e-44d5-8431-63421204132a/providers/Microsoft.NetApp/locations/westus2/operationResults/1a27606f-21e7-48af-b4da-83dc8972406a?api-version=2023-05-01",
      "RequestMethod": "GET",
      "RequestHeaders": {
        "Authorization": "Sanitized",
        "traceparent": "00-f4bfa6277350843a1df70fc1fc46484b-3c147afad652cd95-00",
        "User-Agent": "azsdk-net-ResourceManager/1.7.0 (.NET 7.0.7; Microsoft Windows 10.0.22621)",
        "x-ms-client-request-id": "6f1956e8e3df5a624aff83aeef83616e",
        "x-ms-return-client-request-id": "true"
      },
      "RequestBody": null,
      "StatusCode": 200,
      "ResponseHeaders": {
        "Cache-Control": "no-cache",
        "Content-Length": "564",
        "Content-Type": "application/json; charset=utf-8",
        "Date": "Wed, 20 Sep 2023 11:37:27 GMT",
        "Expires": "-1",
        "Pragma": "no-cache",
        "Server": "Microsoft-IIS/10.0",
        "Strict-Transport-Security": "max-age=31536000; includeSubDomains",
        "X-Content-Type-Options": "nosniff",
        "x-ms-correlation-request-id": "edd418a7-ae28-49c4-a6ec-11d341a65aca",
        "x-ms-ratelimit-remaining-subscription-reads": "11665",
        "x-ms-request-id": "36107e79-7490-452a-b89f-51d9e871458f",
        "x-ms-routing-request-id": "WESTEUROPE:20230920T113728Z:edd418a7-ae28-49c4-a6ec-11d341a65aca",
        "X-Powered-By": "ASP.NET"
      },
      "ResponseBody": {
        "id": "/subscriptions/69a75bda-882e-44d5-8431-63421204132a/providers/Microsoft.NetApp/locations/westus2/operationResults/1a27606f-21e7-48af-b4da-83dc8972406a",
        "name": "1a27606f-21e7-48af-b4da-83dc8972406a",
        "status": "Creating",
        "startTime": "2023-09-20T11:35:15.2751795Z",
        "endTime": "0001-01-01T00:00:00Z",
        "percentComplete": 0.0,
        "properties": {
          "resourceName": "/subscriptions/69a75bda-882e-44d5-8431-63421204132a/resourceGroups/testNetAppDotNetSDKRG-4435/providers/Microsoft.NetApp/netAppAccounts/account925/capacityPools/pool1/volumes/volumeName-7679",
          "action": "CREATE"
        }
      }
    },
    {
      "RequestUri": "https://management.azure.com/subscriptions/69a75bda-882e-44d5-8431-63421204132a/providers/Microsoft.NetApp/locations/westus2/operationResults/1a27606f-21e7-48af-b4da-83dc8972406a?api-version=2023-05-01",
      "RequestMethod": "GET",
      "RequestHeaders": {
        "Authorization": "Sanitized",
        "traceparent": "00-f4bfa6277350843a1df70fc1fc46484b-5c028705ed308105-00",
        "User-Agent": "azsdk-net-ResourceManager/1.7.0 (.NET 7.0.7; Microsoft Windows 10.0.22621)",
        "x-ms-client-request-id": "434c64116af03b788ba75fb9b1c6563b",
        "x-ms-return-client-request-id": "true"
      },
      "RequestBody": null,
      "StatusCode": 200,
      "ResponseHeaders": {
        "Cache-Control": "no-cache",
        "Content-Length": "564",
        "Content-Type": "application/json; charset=utf-8",
        "Date": "Wed, 20 Sep 2023 11:38:00 GMT",
        "Expires": "-1",
        "Pragma": "no-cache",
        "Server": "Microsoft-IIS/10.0",
        "Strict-Transport-Security": "max-age=31536000; includeSubDomains",
        "X-Content-Type-Options": "nosniff",
        "x-ms-correlation-request-id": "d9619a4c-c6b1-4ac1-b5f3-4a104d1bb72e",
        "x-ms-ratelimit-remaining-subscription-reads": "11664",
        "x-ms-request-id": "a91af98e-f0da-4299-a235-9c73e8d51746",
        "x-ms-routing-request-id": "WESTEUROPE:20230920T113800Z:d9619a4c-c6b1-4ac1-b5f3-4a104d1bb72e",
        "X-Powered-By": "ASP.NET"
      },
      "ResponseBody": {
        "id": "/subscriptions/69a75bda-882e-44d5-8431-63421204132a/providers/Microsoft.NetApp/locations/westus2/operationResults/1a27606f-21e7-48af-b4da-83dc8972406a",
        "name": "1a27606f-21e7-48af-b4da-83dc8972406a",
        "status": "Creating",
        "startTime": "2023-09-20T11:35:15.2751795Z",
        "endTime": "0001-01-01T00:00:00Z",
        "percentComplete": 0.0,
        "properties": {
          "resourceName": "/subscriptions/69a75bda-882e-44d5-8431-63421204132a/resourceGroups/testNetAppDotNetSDKRG-4435/providers/Microsoft.NetApp/netAppAccounts/account925/capacityPools/pool1/volumes/volumeName-7679",
          "action": "CREATE"
        }
      }
    },
    {
      "RequestUri": "https://management.azure.com/subscriptions/69a75bda-882e-44d5-8431-63421204132a/providers/Microsoft.NetApp/locations/westus2/operationResults/1a27606f-21e7-48af-b4da-83dc8972406a?api-version=2023-05-01",
      "RequestMethod": "GET",
      "RequestHeaders": {
        "Authorization": "Sanitized",
        "traceparent": "00-f4bfa6277350843a1df70fc1fc46484b-22b2ef2613b85132-00",
        "User-Agent": "azsdk-net-ResourceManager/1.7.0 (.NET 7.0.7; Microsoft Windows 10.0.22621)",
        "x-ms-client-request-id": "af1a8af3447637e2555bf2ef6ce8fc18",
        "x-ms-return-client-request-id": "true"
      },
      "RequestBody": null,
      "StatusCode": 200,
      "ResponseHeaders": {
        "Cache-Control": "no-cache",
        "Content-Length": "564",
        "Content-Type": "application/json; charset=utf-8",
        "Date": "Wed, 20 Sep 2023 11:38:32 GMT",
        "Expires": "-1",
        "Pragma": "no-cache",
        "Server": "Microsoft-IIS/10.0",
        "Strict-Transport-Security": "max-age=31536000; includeSubDomains",
        "X-Content-Type-Options": "nosniff",
        "x-ms-correlation-request-id": "f5d8106a-9821-456f-b197-8617302554eb",
        "x-ms-ratelimit-remaining-subscription-reads": "11663",
        "x-ms-request-id": "fd9ee3c5-af3a-417f-8421-28697890b81a",
        "x-ms-routing-request-id": "WESTEUROPE:20230920T113832Z:f5d8106a-9821-456f-b197-8617302554eb",
        "X-Powered-By": "ASP.NET"
      },
      "ResponseBody": {
        "id": "/subscriptions/69a75bda-882e-44d5-8431-63421204132a/providers/Microsoft.NetApp/locations/westus2/operationResults/1a27606f-21e7-48af-b4da-83dc8972406a",
        "name": "1a27606f-21e7-48af-b4da-83dc8972406a",
        "status": "Creating",
        "startTime": "2023-09-20T11:35:15.2751795Z",
        "endTime": "0001-01-01T00:00:00Z",
        "percentComplete": 0.0,
        "properties": {
          "resourceName": "/subscriptions/69a75bda-882e-44d5-8431-63421204132a/resourceGroups/testNetAppDotNetSDKRG-4435/providers/Microsoft.NetApp/netAppAccounts/account925/capacityPools/pool1/volumes/volumeName-7679",
          "action": "CREATE"
        }
      }
    },
    {
      "RequestUri": "https://management.azure.com/subscriptions/69a75bda-882e-44d5-8431-63421204132a/providers/Microsoft.NetApp/locations/westus2/operationResults/1a27606f-21e7-48af-b4da-83dc8972406a?api-version=2023-05-01",
      "RequestMethod": "GET",
      "RequestHeaders": {
        "Authorization": "Sanitized",
        "traceparent": "00-f4bfa6277350843a1df70fc1fc46484b-6e526c0481ef7f64-00",
        "User-Agent": "azsdk-net-ResourceManager/1.7.0 (.NET 7.0.7; Microsoft Windows 10.0.22621)",
        "x-ms-client-request-id": "2ec202371c7f7db1dedde33784a9a984",
        "x-ms-return-client-request-id": "true"
      },
      "RequestBody": null,
      "StatusCode": 200,
      "ResponseHeaders": {
        "Cache-Control": "no-cache",
        "Content-Length": "564",
        "Content-Type": "application/json; charset=utf-8",
        "Date": "Wed, 20 Sep 2023 11:39:04 GMT",
        "Expires": "-1",
        "Pragma": "no-cache",
        "Server": "Microsoft-IIS/10.0",
        "Strict-Transport-Security": "max-age=31536000; includeSubDomains",
        "X-Content-Type-Options": "nosniff",
        "x-ms-correlation-request-id": "31f30efb-4dd0-44e9-8b37-a3531bf5811b",
        "x-ms-ratelimit-remaining-subscription-reads": "11662",
        "x-ms-request-id": "1035074b-ab56-4c44-8976-2a8b2d1aa190",
        "x-ms-routing-request-id": "WESTEUROPE:20230920T113905Z:31f30efb-4dd0-44e9-8b37-a3531bf5811b",
        "X-Powered-By": "ASP.NET"
      },
      "ResponseBody": {
        "id": "/subscriptions/69a75bda-882e-44d5-8431-63421204132a/providers/Microsoft.NetApp/locations/westus2/operationResults/1a27606f-21e7-48af-b4da-83dc8972406a",
        "name": "1a27606f-21e7-48af-b4da-83dc8972406a",
        "status": "Creating",
        "startTime": "2023-09-20T11:35:15.2751795Z",
        "endTime": "0001-01-01T00:00:00Z",
        "percentComplete": 0.0,
        "properties": {
          "resourceName": "/subscriptions/69a75bda-882e-44d5-8431-63421204132a/resourceGroups/testNetAppDotNetSDKRG-4435/providers/Microsoft.NetApp/netAppAccounts/account925/capacityPools/pool1/volumes/volumeName-7679",
          "action": "CREATE"
        }
      }
    },
    {
      "RequestUri": "https://management.azure.com/subscriptions/69a75bda-882e-44d5-8431-63421204132a/providers/Microsoft.NetApp/locations/westus2/operationResults/1a27606f-21e7-48af-b4da-83dc8972406a?api-version=2023-05-01",
      "RequestMethod": "GET",
      "RequestHeaders": {
        "Authorization": "Sanitized",
        "traceparent": "00-f4bfa6277350843a1df70fc1fc46484b-9aae9953d2ae14a0-00",
        "User-Agent": "azsdk-net-ResourceManager/1.7.0 (.NET 7.0.7; Microsoft Windows 10.0.22621)",
        "x-ms-client-request-id": "65ba48a9b168ccf78115ee957888cea3",
        "x-ms-return-client-request-id": "true"
      },
      "RequestBody": null,
      "StatusCode": 200,
      "ResponseHeaders": {
        "Cache-Control": "no-cache",
        "Content-Length": "564",
        "Content-Type": "application/json; charset=utf-8",
        "Date": "Wed, 20 Sep 2023 11:39:36 GMT",
        "Expires": "-1",
        "Pragma": "no-cache",
        "Server": "Microsoft-IIS/10.0",
        "Strict-Transport-Security": "max-age=31536000; includeSubDomains",
        "X-Content-Type-Options": "nosniff",
        "x-ms-correlation-request-id": "92dd2501-1a05-4dc1-92a0-589ac98f76cd",
        "x-ms-ratelimit-remaining-subscription-reads": "11661",
        "x-ms-request-id": "e7ddb1a9-2dae-448f-b014-7dda6f65c9fc",
        "x-ms-routing-request-id": "WESTEUROPE:20230920T113937Z:92dd2501-1a05-4dc1-92a0-589ac98f76cd",
        "X-Powered-By": "ASP.NET"
      },
      "ResponseBody": {
        "id": "/subscriptions/69a75bda-882e-44d5-8431-63421204132a/providers/Microsoft.NetApp/locations/westus2/operationResults/1a27606f-21e7-48af-b4da-83dc8972406a",
        "name": "1a27606f-21e7-48af-b4da-83dc8972406a",
        "status": "Creating",
        "startTime": "2023-09-20T11:35:15.2751795Z",
        "endTime": "0001-01-01T00:00:00Z",
        "percentComplete": 0.0,
        "properties": {
          "resourceName": "/subscriptions/69a75bda-882e-44d5-8431-63421204132a/resourceGroups/testNetAppDotNetSDKRG-4435/providers/Microsoft.NetApp/netAppAccounts/account925/capacityPools/pool1/volumes/volumeName-7679",
          "action": "CREATE"
        }
      }
    },
    {
      "RequestUri": "https://management.azure.com/subscriptions/69a75bda-882e-44d5-8431-63421204132a/providers/Microsoft.NetApp/locations/westus2/operationResults/1a27606f-21e7-48af-b4da-83dc8972406a?api-version=2023-05-01",
      "RequestMethod": "GET",
      "RequestHeaders": {
        "Authorization": "Sanitized",
        "traceparent": "00-f4bfa6277350843a1df70fc1fc46484b-b686c89fc172adac-00",
        "User-Agent": "azsdk-net-ResourceManager/1.7.0 (.NET 7.0.7; Microsoft Windows 10.0.22621)",
        "x-ms-client-request-id": "af8246aa2704d7bcd89dd09860aab3ab",
        "x-ms-return-client-request-id": "true"
      },
      "RequestBody": null,
      "StatusCode": 200,
      "ResponseHeaders": {
        "Cache-Control": "no-cache",
        "Content-Length": "564",
        "Content-Type": "application/json; charset=utf-8",
        "Date": "Wed, 20 Sep 2023 11:40:08 GMT",
        "Expires": "-1",
        "Pragma": "no-cache",
        "Server": "Microsoft-IIS/10.0",
        "Strict-Transport-Security": "max-age=31536000; includeSubDomains",
        "X-Content-Type-Options": "nosniff",
        "x-ms-correlation-request-id": "5078f9a8-9105-4140-a635-e47231af9869",
        "x-ms-ratelimit-remaining-subscription-reads": "11660",
        "x-ms-request-id": "346bba6a-bc6f-4e85-9cdc-a72e78aca163",
        "x-ms-routing-request-id": "WESTEUROPE:20230920T114009Z:5078f9a8-9105-4140-a635-e47231af9869",
        "X-Powered-By": "ASP.NET"
      },
      "ResponseBody": {
        "id": "/subscriptions/69a75bda-882e-44d5-8431-63421204132a/providers/Microsoft.NetApp/locations/westus2/operationResults/1a27606f-21e7-48af-b4da-83dc8972406a",
        "name": "1a27606f-21e7-48af-b4da-83dc8972406a",
        "status": "Creating",
        "startTime": "2023-09-20T11:35:15.2751795Z",
        "endTime": "0001-01-01T00:00:00Z",
        "percentComplete": 0.0,
        "properties": {
          "resourceName": "/subscriptions/69a75bda-882e-44d5-8431-63421204132a/resourceGroups/testNetAppDotNetSDKRG-4435/providers/Microsoft.NetApp/netAppAccounts/account925/capacityPools/pool1/volumes/volumeName-7679",
          "action": "CREATE"
        }
      }
    },
    {
      "RequestUri": "https://management.azure.com/subscriptions/69a75bda-882e-44d5-8431-63421204132a/providers/Microsoft.NetApp/locations/westus2/operationResults/1a27606f-21e7-48af-b4da-83dc8972406a?api-version=2023-05-01",
      "RequestMethod": "GET",
      "RequestHeaders": {
        "Authorization": "Sanitized",
        "traceparent": "00-f4bfa6277350843a1df70fc1fc46484b-a2494c16d6bb4625-00",
        "User-Agent": "azsdk-net-ResourceManager/1.7.0 (.NET 7.0.7; Microsoft Windows 10.0.22621)",
        "x-ms-client-request-id": "24466eb2962e85b00bf6ac6a2e1c0555",
        "x-ms-return-client-request-id": "true"
      },
      "RequestBody": null,
      "StatusCode": 200,
      "ResponseHeaders": {
        "Cache-Control": "no-cache",
        "Content-Length": "564",
        "Content-Type": "application/json; charset=utf-8",
        "Date": "Wed, 20 Sep 2023 11:40:41 GMT",
        "Expires": "-1",
        "Pragma": "no-cache",
        "Server": "Microsoft-IIS/10.0",
        "Strict-Transport-Security": "max-age=31536000; includeSubDomains",
        "X-Content-Type-Options": "nosniff",
        "x-ms-correlation-request-id": "fa973dde-9ced-40ae-b4f2-8ce16ee727d6",
        "x-ms-ratelimit-remaining-subscription-reads": "11659",
        "x-ms-request-id": "c4826c3b-1e55-4af9-a3c1-4a3500cc85d9",
        "x-ms-routing-request-id": "WESTEUROPE:20230920T114042Z:fa973dde-9ced-40ae-b4f2-8ce16ee727d6",
        "X-Powered-By": "ASP.NET"
      },
      "ResponseBody": {
        "id": "/subscriptions/69a75bda-882e-44d5-8431-63421204132a/providers/Microsoft.NetApp/locations/westus2/operationResults/1a27606f-21e7-48af-b4da-83dc8972406a",
        "name": "1a27606f-21e7-48af-b4da-83dc8972406a",
        "status": "Creating",
        "startTime": "2023-09-20T11:35:15.2751795Z",
        "endTime": "0001-01-01T00:00:00Z",
        "percentComplete": 0.0,
        "properties": {
          "resourceName": "/subscriptions/69a75bda-882e-44d5-8431-63421204132a/resourceGroups/testNetAppDotNetSDKRG-4435/providers/Microsoft.NetApp/netAppAccounts/account925/capacityPools/pool1/volumes/volumeName-7679",
          "action": "CREATE"
        }
      }
    },
    {
      "RequestUri": "https://management.azure.com/subscriptions/69a75bda-882e-44d5-8431-63421204132a/providers/Microsoft.NetApp/locations/westus2/operationResults/1a27606f-21e7-48af-b4da-83dc8972406a?api-version=2023-05-01",
      "RequestMethod": "GET",
      "RequestHeaders": {
        "Authorization": "Sanitized",
        "traceparent": "00-f4bfa6277350843a1df70fc1fc46484b-5081074e480e7d30-00",
        "User-Agent": "azsdk-net-ResourceManager/1.7.0 (.NET 7.0.7; Microsoft Windows 10.0.22621)",
        "x-ms-client-request-id": "3d8d400ff92781808ce38ccbe15e6bd6",
        "x-ms-return-client-request-id": "true"
      },
      "RequestBody": null,
      "StatusCode": 200,
      "ResponseHeaders": {
        "Cache-Control": "no-cache",
        "Content-Length": "574",
        "Content-Type": "application/json; charset=utf-8",
        "Date": "Wed, 20 Sep 2023 11:41:13 GMT",
        "Expires": "-1",
        "Pragma": "no-cache",
        "Server": "Microsoft-IIS/10.0",
        "Strict-Transport-Security": "max-age=31536000; includeSubDomains",
        "X-Content-Type-Options": "nosniff",
        "x-ms-correlation-request-id": "1d30e493-7bd6-4127-b007-6bb36b44e804",
        "x-ms-ratelimit-remaining-subscription-reads": "11658",
        "x-ms-request-id": "fa781f22-d4e6-4bd2-a1c1-c991e468764f",
        "x-ms-routing-request-id": "WESTEUROPE:20230920T114114Z:1d30e493-7bd6-4127-b007-6bb36b44e804",
        "X-Powered-By": "ASP.NET"
      },
      "ResponseBody": {
        "id": "/subscriptions/69a75bda-882e-44d5-8431-63421204132a/providers/Microsoft.NetApp/locations/westus2/operationResults/1a27606f-21e7-48af-b4da-83dc8972406a",
        "name": "1a27606f-21e7-48af-b4da-83dc8972406a",
        "status": "Succeeded",
        "startTime": "2023-09-20T11:35:15.2751795Z",
        "endTime": "2023-09-20T11:40:45.469296Z",
        "percentComplete": 100.0,
        "properties": {
          "resourceName": "/subscriptions/69a75bda-882e-44d5-8431-63421204132a/resourceGroups/testNetAppDotNetSDKRG-4435/providers/Microsoft.NetApp/netAppAccounts/account925/capacityPools/pool1/volumes/volumeName-7679",
          "action": "CREATE"
        }
      }
    },
    {
      "RequestUri": "https://management.azure.com/subscriptions/69a75bda-882e-44d5-8431-63421204132a/resourceGroups/testNetAppDotNetSDKRG-4435/providers/Microsoft.NetApp/netAppAccounts/account925/capacityPools/pool1/volumes/volumeName-7679?api-version=2023-05-01",
      "RequestMethod": "GET",
      "RequestHeaders": {
        "Authorization": "Sanitized",
        "traceparent": "00-f4bfa6277350843a1df70fc1fc46484b-92233135e42d6c0b-00",
        "User-Agent": "azsdk-net-ResourceManager/1.7.0 (.NET 7.0.7; Microsoft Windows 10.0.22621)",
        "x-ms-client-request-id": "09e34261aa42147596fca30d7b52a9bb",
        "x-ms-return-client-request-id": "true"
      },
      "RequestBody": null,
      "StatusCode": 200,
      "ResponseHeaders": {
        "Cache-Control": "no-cache",
        "Content-Length": "2448",
        "Content-Type": "application/json; charset=utf-8",
        "Date": "Wed, 20 Sep 2023 11:41:14 GMT",
        "ETag": "W/\u0022datetime\u00272023-09-20T11%3A40%3A45.4598408Z\u0027\u0022",
        "Expires": "-1",
        "Pragma": "no-cache",
        "Server": "Microsoft-IIS/10.0",
        "Strict-Transport-Security": "max-age=31536000; includeSubDomains",
        "X-Content-Type-Options": "nosniff",
        "x-ms-correlation-request-id": "c50ebfd9-d914-41c6-b5ba-3cbc7db61a92",
        "x-ms-ratelimit-remaining-subscription-reads": "11657",
        "x-ms-request-id": "057abbd8-8b31-45a0-a558-0e63f2df757c",
        "x-ms-routing-request-id": "WESTEUROPE:20230920T114114Z:c50ebfd9-d914-41c6-b5ba-3cbc7db61a92",
        "X-Powered-By": "ASP.NET"
      },
      "ResponseBody": {
        "id": "/subscriptions/69a75bda-882e-44d5-8431-63421204132a/resourceGroups/testNetAppDotNetSDKRG-4435/providers/Microsoft.NetApp/netAppAccounts/account925/capacityPools/pool1/volumes/volumeName-7679",
        "name": "account925/pool1/volumeName-7679",
        "type": "Microsoft.NetApp/netAppAccounts/capacityPools/volumes",
        "etag": "W/\u0022datetime\u00272023-09-20T11%3A40%3A45.4598408Z\u0027\u0022",
        "location": "westus2",
        "tags": {
          "key1": "value1",
          "key2": "value2",
          "CreatedOnDate": "2023-09-20T11:35:14.3709170Z"
        },
        "properties": {
          "volumeType": "",
          "fileSystemId": "5c895909-b31b-75e0-ff88-7f3d54ceee9d",
          "serviceLevel": "Premium",
          "creationToken": "volumeName-7679",
          "usageThreshold": 107374182400,
          "exportPolicy": {
            "rules": [
              {
                "ruleIndex": 1,
                "unixReadOnly": false,
                "unixReadWrite": true,
                "cifs": false,
                "nfsv3": true,
                "nfsv41": false,
                "allowedClients": "0.0.0.0/0",
                "kerberos5ReadOnly": false,
                "kerberos5ReadWrite": false,
                "kerberos5iReadOnly": false,
                "kerberos5iReadWrite": false,
                "kerberos5pReadOnly": false,
                "kerberos5pReadWrite": false,
                "hasRootAccess": true,
                "chownMode": "Restricted"
              }
            ]
          },
          "protocolTypes": [
            "NFSv3"
          ],
          "baremetalTenantId": "baremetalTenant_svm_8f82c7b40509489d9e97d719b9b955b4_0cd34b54",
          "subnetId": "/subscriptions/69a75bda-882e-44d5-8431-63421204132a/resourceGroups/testNetAppDotNetSDKRG-4435/providers/Microsoft.Network/virtualNetworks/vnet-6318/subnets/default",
          "networkFeatures": "Basic",
          "networkSiblingSetId": "28ea9a05-d073-7699-4280-476792962d9b",
          "storageToNetworkProximity": "Default",
          "snapshotDirectoryVisible": true,
          "kerberosEnabled": false,
          "securityStyle": "Unix",
          "smbEncryption": false,
          "smbContinuouslyAvailable": false,
          "encryptionKeySource": "Microsoft.NetApp",
          "ldapEnabled": false,
          "unixPermissions": "0770",
          "mountTargets": [
            {
              "mountTargetId": "5c895909-b31b-75e0-ff88-7f3d54ceee9d",
              "fileSystemId": "5c895909-b31b-75e0-ff88-7f3d54ceee9d",
              "ipAddress": "10.0.1.4"
            }
          ],
          "coolAccess": false,
          "avsDataStore": "Disabled",
          "isDefaultQuotaEnabled": false,
          "defaultUserQuotaInKiBs": 0,
          "defaultGroupQuotaInKiBs": 0,
          "enableSubvolumes": "Disabled",
          "maximumNumberOfFiles": 100000000,
          "smbNonBrowsable": "Disabled",
          "smbAccessBasedEnumeration": "Disabled",
          "isLargeVolume": false,
          "provisionedAvailabilityZone": "1",
          "actualThroughputMibps": 6.25,
          "provisioningState": "Succeeded"
        },
        "systemData": {
          "createdBy": "c6c4faba-2b22-44d9-80a4-71ff5b71f811",
          "createdByType": "Application",
          "createdAt": "2023-09-20T11:35:14.8530156Z",
          "lastModifiedBy": "c6c4faba-2b22-44d9-80a4-71ff5b71f811",
          "lastModifiedByType": "Application",
          "lastModifiedAt": "2023-09-20T11:35:14.8530156Z"
        }
      }
    },
    {
      "RequestUri": "https://management.azure.com/subscriptions/69a75bda-882e-44d5-8431-63421204132a/resourceGroups/testNetAppDotNetSDKRG-4435/providers/Microsoft.NetApp/netAppAccounts/account925/capacityPools/pool1/volumes/volumeName-7679?api-version=2023-05-01",
      "RequestMethod": "DELETE",
      "RequestHeaders": {
        "Authorization": "Sanitized",
        "traceparent": "00-a57755142815e6b30230a4aa0736b274-d9481f007503f7fc-00",
        "User-Agent": "azsdk-net-ResourceManager.NetApp/1.4.0-alpha.20230915.1 (.NET 7.0.7; Microsoft Windows 10.0.22621)",
        "x-ms-client-request-id": "20897b97761db884eec4974a09e5a4ad",
        "x-ms-return-client-request-id": "true"
      },
      "RequestBody": null,
      "StatusCode": 202,
      "ResponseHeaders": {
        "Azure-AsyncOperation": "https://management.azure.com/subscriptions/69a75bda-882e-44d5-8431-63421204132a/providers/Microsoft.NetApp/locations/westus2/operationResults/d626d3d2-e3bd-4072-a3ce-de33aa2c2bc6?api-version=2023-05-01",
        "Cache-Control": "no-cache",
        "Content-Length": "0",
        "Date": "Wed, 20 Sep 2023 11:41:15 GMT",
        "Expires": "-1",
        "Location": "https://management.azure.com/subscriptions/69a75bda-882e-44d5-8431-63421204132a/providers/Microsoft.NetApp/locations/westus2/operationResults/d626d3d2-e3bd-4072-a3ce-de33aa2c2bc6?api-version=2023-05-01\u0026operationResultResponseType=Location",
        "Pragma": "no-cache",
        "Server": "Microsoft-IIS/10.0",
        "Strict-Transport-Security": "max-age=31536000; includeSubDomains",
        "X-Content-Type-Options": "nosniff",
        "x-ms-correlation-request-id": "dfa35bd7-b886-42a9-ac29-4cf000af24f8",
        "x-ms-ratelimit-remaining-subscription-deletes": "14975",
        "x-ms-request-id": "dfa35bd7-b886-42a9-ac29-4cf000af24f8",
        "x-ms-routing-request-id": "WESTEUROPE:20230920T114115Z:dfa35bd7-b886-42a9-ac29-4cf000af24f8",
        "X-Powered-By": "ASP.NET"
      },
      "ResponseBody": null
    },
    {
      "RequestUri": "https://management.azure.com/subscriptions/69a75bda-882e-44d5-8431-63421204132a/providers/Microsoft.NetApp/locations/westus2/operationResults/d626d3d2-e3bd-4072-a3ce-de33aa2c2bc6?api-version=2023-05-01",
      "RequestMethod": "GET",
      "RequestHeaders": {
        "Authorization": "Sanitized",
        "traceparent": "00-a57755142815e6b30230a4aa0736b274-b9e8067748acdd2b-00",
        "User-Agent": "azsdk-net-ResourceManager/1.7.0 (.NET 7.0.7; Microsoft Windows 10.0.22621)",
        "x-ms-client-request-id": "6533d13a4bd4ebb8be2b1b7d132a0ab1",
        "x-ms-return-client-request-id": "true"
      },
      "RequestBody": null,
      "StatusCode": 200,
      "ResponseHeaders": {
        "Cache-Control": "no-cache",
        "Content-Length": "564",
        "Content-Type": "application/json; charset=utf-8",
        "Date": "Wed, 20 Sep 2023 11:41:15 GMT",
        "Expires": "-1",
        "Pragma": "no-cache",
        "Server": "Microsoft-IIS/10.0",
        "Strict-Transport-Security": "max-age=31536000; includeSubDomains",
        "X-Content-Type-Options": "nosniff",
        "x-ms-correlation-request-id": "c14392c7-375a-4e8b-915c-95839e60d942",
        "x-ms-ratelimit-remaining-subscription-reads": "11656",
        "x-ms-request-id": "ad068eb9-5436-474b-9ce2-9855723d441f",
        "x-ms-routing-request-id": "WESTEUROPE:20230920T114115Z:c14392c7-375a-4e8b-915c-95839e60d942",
        "X-Powered-By": "ASP.NET"
      },
      "ResponseBody": {
        "id": "/subscriptions/69a75bda-882e-44d5-8431-63421204132a/providers/Microsoft.NetApp/locations/westus2/operationResults/d626d3d2-e3bd-4072-a3ce-de33aa2c2bc6",
        "name": "d626d3d2-e3bd-4072-a3ce-de33aa2c2bc6",
        "status": "Deleting",
        "startTime": "2023-09-20T11:41:15.2239317Z",
        "endTime": "0001-01-01T00:00:00Z",
        "percentComplete": 0.0,
        "properties": {
          "resourceName": "/subscriptions/69a75bda-882e-44d5-8431-63421204132a/resourceGroups/testNetAppDotNetSDKRG-4435/providers/Microsoft.NetApp/netAppAccounts/account925/capacityPools/pool1/volumes/volumeName-7679",
          "action": "DELETE"
        }
      }
    },
    {
      "RequestUri": "https://management.azure.com/subscriptions/69a75bda-882e-44d5-8431-63421204132a/providers/Microsoft.NetApp/locations/westus2/operationResults/d626d3d2-e3bd-4072-a3ce-de33aa2c2bc6?api-version=2023-05-01",
      "RequestMethod": "GET",
      "RequestHeaders": {
        "Authorization": "Sanitized",
        "traceparent": "00-a57755142815e6b30230a4aa0736b274-5d18ca0116f7d9c4-00",
        "User-Agent": "azsdk-net-ResourceManager/1.7.0 (.NET 7.0.7; Microsoft Windows 10.0.22621)",
        "x-ms-client-request-id": "a583f658bd499b82672455a4cf59627b",
        "x-ms-return-client-request-id": "true"
      },
      "RequestBody": null,
      "StatusCode": 200,
      "ResponseHeaders": {
        "Cache-Control": "no-cache",
        "Content-Length": "564",
        "Content-Type": "application/json; charset=utf-8",
        "Date": "Wed, 20 Sep 2023 11:41:16 GMT",
        "Expires": "-1",
        "Pragma": "no-cache",
        "Server": "Microsoft-IIS/10.0",
        "Strict-Transport-Security": "max-age=31536000; includeSubDomains",
        "X-Content-Type-Options": "nosniff",
        "x-ms-correlation-request-id": "84c3175f-c878-4fbe-a040-6778ec90e44c",
        "x-ms-ratelimit-remaining-subscription-reads": "11655",
        "x-ms-request-id": "6e15a43d-1d91-4158-ac0c-e5ad096ab07f",
        "x-ms-routing-request-id": "WESTEUROPE:20230920T114116Z:84c3175f-c878-4fbe-a040-6778ec90e44c",
        "X-Powered-By": "ASP.NET"
      },
      "ResponseBody": {
        "id": "/subscriptions/69a75bda-882e-44d5-8431-63421204132a/providers/Microsoft.NetApp/locations/westus2/operationResults/d626d3d2-e3bd-4072-a3ce-de33aa2c2bc6",
        "name": "d626d3d2-e3bd-4072-a3ce-de33aa2c2bc6",
        "status": "Deleting",
        "startTime": "2023-09-20T11:41:15.2239317Z",
        "endTime": "0001-01-01T00:00:00Z",
        "percentComplete": 0.0,
        "properties": {
          "resourceName": "/subscriptions/69a75bda-882e-44d5-8431-63421204132a/resourceGroups/testNetAppDotNetSDKRG-4435/providers/Microsoft.NetApp/netAppAccounts/account925/capacityPools/pool1/volumes/volumeName-7679",
          "action": "DELETE"
        }
      }
    },
    {
      "RequestUri": "https://management.azure.com/subscriptions/69a75bda-882e-44d5-8431-63421204132a/providers/Microsoft.NetApp/locations/westus2/operationResults/d626d3d2-e3bd-4072-a3ce-de33aa2c2bc6?api-version=2023-05-01",
      "RequestMethod": "GET",
      "RequestHeaders": {
        "Authorization": "Sanitized",
        "traceparent": "00-a57755142815e6b30230a4aa0736b274-ad5fc4f314a0ba3c-00",
        "User-Agent": "azsdk-net-ResourceManager/1.7.0 (.NET 7.0.7; Microsoft Windows 10.0.22621)",
        "x-ms-client-request-id": "38105cbe3eb13fd81d1d2c0ee09551a0",
        "x-ms-return-client-request-id": "true"
      },
      "RequestBody": null,
      "StatusCode": 200,
      "ResponseHeaders": {
        "Cache-Control": "no-cache",
        "Content-Length": "564",
        "Content-Type": "application/json; charset=utf-8",
        "Date": "Wed, 20 Sep 2023 11:41:17 GMT",
        "Expires": "-1",
        "Pragma": "no-cache",
        "Server": "Microsoft-IIS/10.0",
        "Strict-Transport-Security": "max-age=31536000; includeSubDomains",
        "X-Content-Type-Options": "nosniff",
        "x-ms-correlation-request-id": "5942a810-2d57-4905-b7a8-a36fc21b1d57",
        "x-ms-ratelimit-remaining-subscription-reads": "11654",
        "x-ms-request-id": "32692a20-298d-4354-aaa4-c93150c2ad4f",
        "x-ms-routing-request-id": "WESTEUROPE:20230920T114118Z:5942a810-2d57-4905-b7a8-a36fc21b1d57",
        "X-Powered-By": "ASP.NET"
      },
      "ResponseBody": {
        "id": "/subscriptions/69a75bda-882e-44d5-8431-63421204132a/providers/Microsoft.NetApp/locations/westus2/operationResults/d626d3d2-e3bd-4072-a3ce-de33aa2c2bc6",
        "name": "d626d3d2-e3bd-4072-a3ce-de33aa2c2bc6",
        "status": "Deleting",
        "startTime": "2023-09-20T11:41:15.2239317Z",
        "endTime": "0001-01-01T00:00:00Z",
        "percentComplete": 0.0,
        "properties": {
          "resourceName": "/subscriptions/69a75bda-882e-44d5-8431-63421204132a/resourceGroups/testNetAppDotNetSDKRG-4435/providers/Microsoft.NetApp/netAppAccounts/account925/capacityPools/pool1/volumes/volumeName-7679",
          "action": "DELETE"
        }
      }
    },
    {
      "RequestUri": "https://management.azure.com/subscriptions/69a75bda-882e-44d5-8431-63421204132a/providers/Microsoft.NetApp/locations/westus2/operationResults/d626d3d2-e3bd-4072-a3ce-de33aa2c2bc6?api-version=2023-05-01",
      "RequestMethod": "GET",
      "RequestHeaders": {
        "Authorization": "Sanitized",
        "traceparent": "00-a57755142815e6b30230a4aa0736b274-c6f16236a9964a1f-00",
        "User-Agent": "azsdk-net-ResourceManager/1.7.0 (.NET 7.0.7; Microsoft Windows 10.0.22621)",
        "x-ms-client-request-id": "5fd1f56e61ee7cf14f98fdaff6141b65",
        "x-ms-return-client-request-id": "true"
      },
      "RequestBody": null,
      "StatusCode": 200,
      "ResponseHeaders": {
        "Cache-Control": "no-cache",
        "Content-Length": "564",
        "Content-Type": "application/json; charset=utf-8",
        "Date": "Wed, 20 Sep 2023 11:41:18 GMT",
        "Expires": "-1",
        "Pragma": "no-cache",
        "Server": "Microsoft-IIS/10.0",
        "Strict-Transport-Security": "max-age=31536000; includeSubDomains",
        "X-Content-Type-Options": "nosniff",
        "x-ms-correlation-request-id": "3123c6f7-376e-493e-b3d8-99e09b74df5a",
        "x-ms-ratelimit-remaining-subscription-reads": "11653",
        "x-ms-request-id": "08448ec2-7415-41e8-93fe-e8449f473ad3",
        "x-ms-routing-request-id": "WESTEUROPE:20230920T114119Z:3123c6f7-376e-493e-b3d8-99e09b74df5a",
        "X-Powered-By": "ASP.NET"
      },
      "ResponseBody": {
        "id": "/subscriptions/69a75bda-882e-44d5-8431-63421204132a/providers/Microsoft.NetApp/locations/westus2/operationResults/d626d3d2-e3bd-4072-a3ce-de33aa2c2bc6",
        "name": "d626d3d2-e3bd-4072-a3ce-de33aa2c2bc6",
        "status": "Deleting",
        "startTime": "2023-09-20T11:41:15.2239317Z",
        "endTime": "0001-01-01T00:00:00Z",
        "percentComplete": 0.0,
        "properties": {
          "resourceName": "/subscriptions/69a75bda-882e-44d5-8431-63421204132a/resourceGroups/testNetAppDotNetSDKRG-4435/providers/Microsoft.NetApp/netAppAccounts/account925/capacityPools/pool1/volumes/volumeName-7679",
          "action": "DELETE"
        }
      }
    },
    {
      "RequestUri": "https://management.azure.com/subscriptions/69a75bda-882e-44d5-8431-63421204132a/providers/Microsoft.NetApp/locations/westus2/operationResults/d626d3d2-e3bd-4072-a3ce-de33aa2c2bc6?api-version=2023-05-01",
      "RequestMethod": "GET",
      "RequestHeaders": {
        "Authorization": "Sanitized",
        "traceparent": "00-a57755142815e6b30230a4aa0736b274-c4e3c012dcddf8c1-00",
        "User-Agent": "azsdk-net-ResourceManager/1.7.0 (.NET 7.0.7; Microsoft Windows 10.0.22621)",
        "x-ms-client-request-id": "b6bf9fc9d1191a001e44872c9173bbd2",
        "x-ms-return-client-request-id": "true"
      },
      "RequestBody": null,
      "StatusCode": 200,
      "ResponseHeaders": {
        "Cache-Control": "no-cache",
        "Content-Length": "564",
        "Content-Type": "application/json; charset=utf-8",
        "Date": "Wed, 20 Sep 2023 11:41:21 GMT",
        "Expires": "-1",
        "Pragma": "no-cache",
        "Server": "Microsoft-IIS/10.0",
        "Strict-Transport-Security": "max-age=31536000; includeSubDomains",
        "X-Content-Type-Options": "nosniff",
        "x-ms-correlation-request-id": "8ecfd43b-b25a-496b-8423-a7892ac36acb",
        "x-ms-ratelimit-remaining-subscription-reads": "11652",
        "x-ms-request-id": "a1288734-7731-42d8-ab5d-f270cb4edd48",
        "x-ms-routing-request-id": "WESTEUROPE:20230920T114121Z:8ecfd43b-b25a-496b-8423-a7892ac36acb",
        "X-Powered-By": "ASP.NET"
      },
      "ResponseBody": {
        "id": "/subscriptions/69a75bda-882e-44d5-8431-63421204132a/providers/Microsoft.NetApp/locations/westus2/operationResults/d626d3d2-e3bd-4072-a3ce-de33aa2c2bc6",
        "name": "d626d3d2-e3bd-4072-a3ce-de33aa2c2bc6",
        "status": "Deleting",
        "startTime": "2023-09-20T11:41:15.2239317Z",
        "endTime": "0001-01-01T00:00:00Z",
        "percentComplete": 0.0,
        "properties": {
          "resourceName": "/subscriptions/69a75bda-882e-44d5-8431-63421204132a/resourceGroups/testNetAppDotNetSDKRG-4435/providers/Microsoft.NetApp/netAppAccounts/account925/capacityPools/pool1/volumes/volumeName-7679",
          "action": "DELETE"
        }
      }
    },
    {
      "RequestUri": "https://management.azure.com/subscriptions/69a75bda-882e-44d5-8431-63421204132a/providers/Microsoft.NetApp/locations/westus2/operationResults/d626d3d2-e3bd-4072-a3ce-de33aa2c2bc6?api-version=2023-05-01",
      "RequestMethod": "GET",
      "RequestHeaders": {
        "Authorization": "Sanitized",
        "traceparent": "00-a57755142815e6b30230a4aa0736b274-94e08cafed0341ec-00",
        "User-Agent": "azsdk-net-ResourceManager/1.7.0 (.NET 7.0.7; Microsoft Windows 10.0.22621)",
        "x-ms-client-request-id": "da35b4d302875c8c6b94e91940284809",
        "x-ms-return-client-request-id": "true"
      },
      "RequestBody": null,
      "StatusCode": 200,
      "ResponseHeaders": {
        "Cache-Control": "no-cache",
        "Content-Length": "564",
        "Content-Type": "application/json; charset=utf-8",
        "Date": "Wed, 20 Sep 2023 11:41:25 GMT",
        "Expires": "-1",
        "Pragma": "no-cache",
        "Server": "Microsoft-IIS/10.0",
        "Strict-Transport-Security": "max-age=31536000; includeSubDomains",
        "X-Content-Type-Options": "nosniff",
        "x-ms-correlation-request-id": "3f737fde-824b-4175-94be-d13afcdf559f",
        "x-ms-ratelimit-remaining-subscription-reads": "11651",
        "x-ms-request-id": "cce5e168-23f2-4e9b-b743-73d96beb80c6",
        "x-ms-routing-request-id": "WESTEUROPE:20230920T114125Z:3f737fde-824b-4175-94be-d13afcdf559f",
        "X-Powered-By": "ASP.NET"
      },
      "ResponseBody": {
        "id": "/subscriptions/69a75bda-882e-44d5-8431-63421204132a/providers/Microsoft.NetApp/locations/westus2/operationResults/d626d3d2-e3bd-4072-a3ce-de33aa2c2bc6",
        "name": "d626d3d2-e3bd-4072-a3ce-de33aa2c2bc6",
        "status": "Deleting",
        "startTime": "2023-09-20T11:41:15.2239317Z",
        "endTime": "0001-01-01T00:00:00Z",
        "percentComplete": 0.0,
        "properties": {
          "resourceName": "/subscriptions/69a75bda-882e-44d5-8431-63421204132a/resourceGroups/testNetAppDotNetSDKRG-4435/providers/Microsoft.NetApp/netAppAccounts/account925/capacityPools/pool1/volumes/volumeName-7679",
          "action": "DELETE"
        }
      }
    },
    {
      "RequestUri": "https://management.azure.com/subscriptions/69a75bda-882e-44d5-8431-63421204132a/providers/Microsoft.NetApp/locations/westus2/operationResults/d626d3d2-e3bd-4072-a3ce-de33aa2c2bc6?api-version=2023-05-01",
      "RequestMethod": "GET",
      "RequestHeaders": {
        "Authorization": "Sanitized",
        "traceparent": "00-a57755142815e6b30230a4aa0736b274-1ccf6a536ce2dc6d-00",
        "User-Agent": "azsdk-net-ResourceManager/1.7.0 (.NET 7.0.7; Microsoft Windows 10.0.22621)",
        "x-ms-client-request-id": "4045c7019bd69d87f5b741aad9c4ebdb",
        "x-ms-return-client-request-id": "true"
      },
      "RequestBody": null,
      "StatusCode": 200,
      "ResponseHeaders": {
        "Cache-Control": "no-cache",
        "Content-Length": "564",
        "Content-Type": "application/json; charset=utf-8",
        "Date": "Wed, 20 Sep 2023 11:41:33 GMT",
        "Expires": "-1",
        "Pragma": "no-cache",
        "Server": "Microsoft-IIS/10.0",
        "Strict-Transport-Security": "max-age=31536000; includeSubDomains",
        "X-Content-Type-Options": "nosniff",
        "x-ms-correlation-request-id": "ffafd4a1-b988-4ac9-8c0c-5341c332767d",
        "x-ms-ratelimit-remaining-subscription-reads": "11650",
        "x-ms-request-id": "516fa03a-b3b7-40e9-ad6e-8fc32a783a73",
        "x-ms-routing-request-id": "WESTEUROPE:20230920T114134Z:ffafd4a1-b988-4ac9-8c0c-5341c332767d",
        "X-Powered-By": "ASP.NET"
      },
      "ResponseBody": {
        "id": "/subscriptions/69a75bda-882e-44d5-8431-63421204132a/providers/Microsoft.NetApp/locations/westus2/operationResults/d626d3d2-e3bd-4072-a3ce-de33aa2c2bc6",
        "name": "d626d3d2-e3bd-4072-a3ce-de33aa2c2bc6",
        "status": "Deleting",
        "startTime": "2023-09-20T11:41:15.2239317Z",
        "endTime": "0001-01-01T00:00:00Z",
        "percentComplete": 0.0,
        "properties": {
          "resourceName": "/subscriptions/69a75bda-882e-44d5-8431-63421204132a/resourceGroups/testNetAppDotNetSDKRG-4435/providers/Microsoft.NetApp/netAppAccounts/account925/capacityPools/pool1/volumes/volumeName-7679",
          "action": "DELETE"
        }
      }
    },
    {
      "RequestUri": "https://management.azure.com/subscriptions/69a75bda-882e-44d5-8431-63421204132a/providers/Microsoft.NetApp/locations/westus2/operationResults/d626d3d2-e3bd-4072-a3ce-de33aa2c2bc6?api-version=2023-05-01",
      "RequestMethod": "GET",
      "RequestHeaders": {
        "Authorization": "Sanitized",
        "traceparent": "00-a57755142815e6b30230a4aa0736b274-5a8dfdc30c203520-00",
        "User-Agent": "azsdk-net-ResourceManager/1.7.0 (.NET 7.0.7; Microsoft Windows 10.0.22621)",
        "x-ms-client-request-id": "42dc2bdd41dec6dd12624a84e8e6daf5",
        "x-ms-return-client-request-id": "true"
      },
      "RequestBody": null,
      "StatusCode": 200,
      "ResponseHeaders": {
        "Cache-Control": "no-cache",
        "Content-Length": "564",
        "Content-Type": "application/json; charset=utf-8",
        "Date": "Wed, 20 Sep 2023 11:41:49 GMT",
        "Expires": "-1",
        "Pragma": "no-cache",
        "Server": "Microsoft-IIS/10.0",
        "Strict-Transport-Security": "max-age=31536000; includeSubDomains",
        "X-Content-Type-Options": "nosniff",
        "x-ms-correlation-request-id": "b951f4d3-7622-4013-9a28-c69c41a9d946",
        "x-ms-ratelimit-remaining-subscription-reads": "11649",
        "x-ms-request-id": "17dabf64-821c-4e3d-8167-6d3a35a03816",
        "x-ms-routing-request-id": "WESTEUROPE:20230920T114150Z:b951f4d3-7622-4013-9a28-c69c41a9d946",
        "X-Powered-By": "ASP.NET"
      },
      "ResponseBody": {
        "id": "/subscriptions/69a75bda-882e-44d5-8431-63421204132a/providers/Microsoft.NetApp/locations/westus2/operationResults/d626d3d2-e3bd-4072-a3ce-de33aa2c2bc6",
        "name": "d626d3d2-e3bd-4072-a3ce-de33aa2c2bc6",
        "status": "Deleting",
        "startTime": "2023-09-20T11:41:15.2239317Z",
        "endTime": "0001-01-01T00:00:00Z",
        "percentComplete": 0.0,
        "properties": {
          "resourceName": "/subscriptions/69a75bda-882e-44d5-8431-63421204132a/resourceGroups/testNetAppDotNetSDKRG-4435/providers/Microsoft.NetApp/netAppAccounts/account925/capacityPools/pool1/volumes/volumeName-7679",
          "action": "DELETE"
        }
      }
    },
    {
      "RequestUri": "https://management.azure.com/subscriptions/69a75bda-882e-44d5-8431-63421204132a/providers/Microsoft.NetApp/locations/westus2/operationResults/d626d3d2-e3bd-4072-a3ce-de33aa2c2bc6?api-version=2023-05-01",
      "RequestMethod": "GET",
      "RequestHeaders": {
        "Authorization": "Sanitized",
        "traceparent": "00-a57755142815e6b30230a4aa0736b274-a1b6dfba69dee1b2-00",
        "User-Agent": "azsdk-net-ResourceManager/1.7.0 (.NET 7.0.7; Microsoft Windows 10.0.22621)",
        "x-ms-client-request-id": "c92a7efb7a2e37fb2c98e4d0c1e283a6",
        "x-ms-return-client-request-id": "true"
      },
      "RequestBody": null,
      "StatusCode": 200,
      "ResponseHeaders": {
        "Cache-Control": "no-cache",
        "Content-Length": "575",
        "Content-Type": "application/json; charset=utf-8",
        "Date": "Wed, 20 Sep 2023 11:42:22 GMT",
        "Expires": "-1",
        "Pragma": "no-cache",
        "Server": "Microsoft-IIS/10.0",
        "Strict-Transport-Security": "max-age=31536000; includeSubDomains",
        "X-Content-Type-Options": "nosniff",
        "x-ms-correlation-request-id": "0e819beb-b16c-4316-84a2-4371d413c097",
        "x-ms-ratelimit-remaining-subscription-reads": "11648",
        "x-ms-request-id": "a60d8113-367d-4fdb-8637-2b8ce2a668de",
        "x-ms-routing-request-id": "WESTEUROPE:20230920T114223Z:0e819beb-b16c-4316-84a2-4371d413c097",
        "X-Powered-By": "ASP.NET"
      },
      "ResponseBody": {
        "id": "/subscriptions/69a75bda-882e-44d5-8431-63421204132a/providers/Microsoft.NetApp/locations/westus2/operationResults/d626d3d2-e3bd-4072-a3ce-de33aa2c2bc6",
        "name": "d626d3d2-e3bd-4072-a3ce-de33aa2c2bc6",
        "status": "Succeeded",
        "startTime": "2023-09-20T11:41:15.2239317Z",
        "endTime": "2023-09-20T11:42:08.0505075Z",
        "percentComplete": 100.0,
        "properties": {
          "resourceName": "/subscriptions/69a75bda-882e-44d5-8431-63421204132a/resourceGroups/testNetAppDotNetSDKRG-4435/providers/Microsoft.NetApp/netAppAccounts/account925/capacityPools/pool1/volumes/volumeName-7679",
          "action": "DELETE"
        }
      }
    },
    {
      "RequestUri": "https://management.azure.com/subscriptions/69a75bda-882e-44d5-8431-63421204132a/resourceGroups/testNetAppDotNetSDKRG-4435/providers/Microsoft.NetApp/netAppAccounts/account925/capacityPools/pool1?api-version=2023-05-01",
      "RequestMethod": "DELETE",
      "RequestHeaders": {
        "Authorization": "Sanitized",
        "traceparent": "00-4ba027b42978971310d88c9d64b43740-d62b7d20081a81ca-00",
        "User-Agent": "azsdk-net-ResourceManager.NetApp/1.4.0-alpha.20230915.1 (.NET 7.0.7; Microsoft Windows 10.0.22621)",
        "x-ms-client-request-id": "143b0da9064bbf2aea7f2d745102b50e",
        "x-ms-return-client-request-id": "true"
      },
      "RequestBody": null,
      "StatusCode": 202,
      "ResponseHeaders": {
        "Azure-AsyncOperation": "https://management.azure.com/subscriptions/69a75bda-882e-44d5-8431-63421204132a/providers/Microsoft.NetApp/locations/westus2/operationResults/90822e8b-0c19-4e9a-b17e-5749b3bde87f?api-version=2023-05-01",
        "Cache-Control": "no-cache",
        "Content-Length": "0",
        "Date": "Wed, 20 Sep 2023 11:43:03 GMT",
        "Expires": "-1",
        "Location": "https://management.azure.com/subscriptions/69a75bda-882e-44d5-8431-63421204132a/providers/Microsoft.NetApp/locations/westus2/operationResults/90822e8b-0c19-4e9a-b17e-5749b3bde87f?api-version=2023-05-01\u0026operationResultResponseType=Location",
        "Pragma": "no-cache",
        "Server": "Microsoft-IIS/10.0",
        "Strict-Transport-Security": "max-age=31536000; includeSubDomains",
        "X-Content-Type-Options": "nosniff",
        "x-ms-correlation-request-id": "95a9815d-91f5-4088-9bfa-b0ca2326b89a",
        "x-ms-ratelimit-remaining-subscription-deletes": "14974",
        "x-ms-request-id": "95a9815d-91f5-4088-9bfa-b0ca2326b89a",
        "x-ms-routing-request-id": "WESTEUROPE:20230920T114304Z:95a9815d-91f5-4088-9bfa-b0ca2326b89a",
        "X-Powered-By": "ASP.NET"
      },
      "ResponseBody": null
    },
    {
      "RequestUri": "https://management.azure.com/subscriptions/69a75bda-882e-44d5-8431-63421204132a/providers/Microsoft.NetApp/locations/westus2/operationResults/90822e8b-0c19-4e9a-b17e-5749b3bde87f?api-version=2023-05-01",
      "RequestMethod": "GET",
      "RequestHeaders": {
        "Authorization": "Sanitized",
        "traceparent": "00-4ba027b42978971310d88c9d64b43740-d820c3e6797906e0-00",
        "User-Agent": "azsdk-net-ResourceManager/1.7.0 (.NET 7.0.7; Microsoft Windows 10.0.22621)",
        "x-ms-client-request-id": "dadba3dfc5aaf4aa536adfaf4d87e62a",
        "x-ms-return-client-request-id": "true"
      },
      "RequestBody": null,
      "StatusCode": 200,
      "ResponseHeaders": {
        "Cache-Control": "no-cache",
        "Content-Length": "540",
        "Content-Type": "application/json; charset=utf-8",
        "Date": "Wed, 20 Sep 2023 11:43:03 GMT",
        "Expires": "-1",
        "Pragma": "no-cache",
        "Server": "Microsoft-IIS/10.0",
        "Strict-Transport-Security": "max-age=31536000; includeSubDomains",
        "X-Content-Type-Options": "nosniff",
        "x-ms-correlation-request-id": "4f3cc2aa-3470-471b-a029-ffdd1618efad",
        "x-ms-ratelimit-remaining-subscription-reads": "11647",
        "x-ms-request-id": "1b947ae0-c76d-46c0-bc6a-737264fadfc4",
        "x-ms-routing-request-id": "WESTEUROPE:20230920T114304Z:4f3cc2aa-3470-471b-a029-ffdd1618efad",
        "X-Powered-By": "ASP.NET"
      },
      "ResponseBody": {
        "id": "/subscriptions/69a75bda-882e-44d5-8431-63421204132a/providers/Microsoft.NetApp/locations/westus2/operationResults/90822e8b-0c19-4e9a-b17e-5749b3bde87f",
        "name": "90822e8b-0c19-4e9a-b17e-5749b3bde87f",
        "status": "Deleting",
        "startTime": "2023-09-20T11:43:03.8934341Z",
        "endTime": "0001-01-01T00:00:00Z",
        "percentComplete": 0.0,
        "properties": {
          "resourceName": "/subscriptions/69a75bda-882e-44d5-8431-63421204132a/resourceGroups/testNetAppDotNetSDKRG-4435/providers/Microsoft.NetApp/netAppAccounts/account925/capacityPools/pool1",
          "action": "DELETE"
        }
      }
    },
    {
      "RequestUri": "https://management.azure.com/subscriptions/69a75bda-882e-44d5-8431-63421204132a/providers/Microsoft.NetApp/locations/westus2/operationResults/90822e8b-0c19-4e9a-b17e-5749b3bde87f?api-version=2023-05-01",
      "RequestMethod": "GET",
      "RequestHeaders": {
        "Authorization": "Sanitized",
        "traceparent": "00-4ba027b42978971310d88c9d64b43740-b5b07ea85bfcc42d-00",
        "User-Agent": "azsdk-net-ResourceManager/1.7.0 (.NET 7.0.7; Microsoft Windows 10.0.22621)",
        "x-ms-client-request-id": "76f3d6e32732870c60d9e4a6f1e462dd",
        "x-ms-return-client-request-id": "true"
      },
      "RequestBody": null,
      "StatusCode": 200,
      "ResponseHeaders": {
        "Cache-Control": "no-cache",
        "Content-Length": "551",
        "Content-Type": "application/json; charset=utf-8",
        "Date": "Wed, 20 Sep 2023 11:43:05 GMT",
        "Expires": "-1",
        "Pragma": "no-cache",
        "Server": "Microsoft-IIS/10.0",
        "Strict-Transport-Security": "max-age=31536000; includeSubDomains",
        "X-Content-Type-Options": "nosniff",
        "x-ms-correlation-request-id": "7657f9ff-113b-419b-97bb-0181347827d7",
        "x-ms-ratelimit-remaining-subscription-reads": "11646",
        "x-ms-request-id": "4d22005d-0ad1-40a3-ba5d-7468fc4cddbe",
        "x-ms-routing-request-id": "WESTEUROPE:20230920T114305Z:7657f9ff-113b-419b-97bb-0181347827d7",
        "X-Powered-By": "ASP.NET"
      },
      "ResponseBody": {
        "id": "/subscriptions/69a75bda-882e-44d5-8431-63421204132a/providers/Microsoft.NetApp/locations/westus2/operationResults/90822e8b-0c19-4e9a-b17e-5749b3bde87f",
        "name": "90822e8b-0c19-4e9a-b17e-5749b3bde87f",
        "status": "Succeeded",
        "startTime": "2023-09-20T11:43:03.8934341Z",
        "endTime": "2023-09-20T11:43:04.4488511Z",
        "percentComplete": 100.0,
        "properties": {
          "resourceName": "/subscriptions/69a75bda-882e-44d5-8431-63421204132a/resourceGroups/testNetAppDotNetSDKRG-4435/providers/Microsoft.NetApp/netAppAccounts/account925/capacityPools/pool1",
          "action": "DELETE"
        }
      }
    },
    {
      "RequestUri": "https://management.azure.com/subscriptions/69a75bda-882e-44d5-8431-63421204132a/resourceGroups/testNetAppDotNetSDKRG-4435/providers/Microsoft.NetApp/netAppAccounts/account925/capacityPools/volumeName-7679?api-version=2023-05-01",
      "RequestMethod": "GET",
      "RequestHeaders": {
        "Accept": "application/json",
        "Authorization": "Sanitized",
        "traceparent": "00-fcd1da98c0c8e61ca9c6ead666066f44-305231859132cb27-00",
        "User-Agent": "azsdk-net-ResourceManager.NetApp/1.4.0-alpha.20230915.1 (.NET 7.0.7; Microsoft Windows 10.0.22621)",
        "x-ms-client-request-id": "ad94fc7ada261763a1ba072f42fe15a8",
        "x-ms-return-client-request-id": "true"
      },
      "RequestBody": null,
      "StatusCode": 404,
      "ResponseHeaders": {
        "Cache-Control": "no-cache",
        "Content-Length": "270",
        "Content-Type": "application/json; charset=utf-8",
        "Date": "Wed, 20 Sep 2023 11:43:44 GMT",
        "Expires": "-1",
        "Pragma": "no-cache",
        "Strict-Transport-Security": "max-age=31536000; includeSubDomains",
        "X-Content-Type-Options": "nosniff",
        "x-ms-correlation-request-id": "54a1f53b-5abf-44f9-9b97-3ec02c611ace",
        "x-ms-failure-cause": "gateway",
        "x-ms-request-id": "54a1f53b-5abf-44f9-9b97-3ec02c611ace",
        "x-ms-routing-request-id": "WESTEUROPE:20230920T114345Z:54a1f53b-5abf-44f9-9b97-3ec02c611ace"
      },
      "ResponseBody": {
        "error": {
          "code": "ResourceNotFound",
          "message": "The Resource \u0027Microsoft.NetApp/netAppAccounts/account925/capacityPools/volumeName-7679\u0027 under resource group \u0027testNetAppDotNetSDKRG-4435\u0027 was not found. For more details please go to https://aka.ms/ARMResourceNotFoundFix"
        }
      }
    },
    {
      "RequestUri": "https://management.azure.com/subscriptions/69a75bda-882e-44d5-8431-63421204132a/resourceGroups/testNetAppDotNetSDKRG-4435/providers/Microsoft.NetApp/netAppAccounts/account925/capacityPools/volumeName-7679?api-version=2023-05-01",
      "RequestMethod": "GET",
      "RequestHeaders": {
        "Accept": "application/json",
        "Authorization": "Sanitized",
        "traceparent": "00-f088234a4c2b720679712984d5914be8-e20f41f8be4b57a4-00",
        "User-Agent": "azsdk-net-ResourceManager.NetApp/1.4.0-alpha.20230915.1 (.NET 7.0.7; Microsoft Windows 10.0.22621)",
        "x-ms-client-request-id": "8662eabe8e18b7fd965379d1e103036f",
        "x-ms-return-client-request-id": "true"
      },
      "RequestBody": null,
      "StatusCode": 404,
      "ResponseHeaders": {
        "Cache-Control": "no-cache",
        "Content-Length": "270",
        "Content-Type": "application/json; charset=utf-8",
        "Date": "Wed, 20 Sep 2023 11:43:45 GMT",
        "Expires": "-1",
        "Pragma": "no-cache",
        "Strict-Transport-Security": "max-age=31536000; includeSubDomains",
        "X-Content-Type-Options": "nosniff",
        "x-ms-correlation-request-id": "27105441-83e8-4ad8-ab61-506f529050a1",
        "x-ms-failure-cause": "gateway",
        "x-ms-request-id": "27105441-83e8-4ad8-ab61-506f529050a1",
        "x-ms-routing-request-id": "WESTEUROPE:20230920T114345Z:27105441-83e8-4ad8-ab61-506f529050a1"
      },
      "ResponseBody": {
        "error": {
          "code": "ResourceNotFound",
          "message": "The Resource \u0027Microsoft.NetApp/netAppAccounts/account925/capacityPools/volumeName-7679\u0027 under resource group \u0027testNetAppDotNetSDKRG-4435\u0027 was not found. For more details please go to https://aka.ms/ARMResourceNotFoundFix"
        }
      }
    },
    {
      "RequestUri": "https://management.azure.com/subscriptions/69a75bda-882e-44d5-8431-63421204132a/resourceGroups/testNetAppDotNetSDKRG-4435/providers/Microsoft.NetApp/netAppAccounts/account925/capacityPools/pool1?api-version=2023-05-01",
      "RequestMethod": "GET",
      "RequestHeaders": {
        "Accept": "application/json",
        "Authorization": "Sanitized",
        "traceparent": "00-e3a43fb6f52adfcbbe22c15dd99330a5-f4c8d8bc05bc6602-00",
        "User-Agent": "azsdk-net-ResourceManager.NetApp/1.4.0-alpha.20230915.1 (.NET 7.0.7; Microsoft Windows 10.0.22621)",
        "x-ms-client-request-id": "5034010838f2080372dcd5781fdd4562",
        "x-ms-return-client-request-id": "true"
      },
      "RequestBody": null,
      "StatusCode": 404,
      "ResponseHeaders": {
        "Cache-Control": "no-cache",
        "Content-Length": "260",
        "Content-Type": "application/json; charset=utf-8",
        "Date": "Wed, 20 Sep 2023 11:43:45 GMT",
        "Expires": "-1",
        "Pragma": "no-cache",
        "Strict-Transport-Security": "max-age=31536000; includeSubDomains",
        "X-Content-Type-Options": "nosniff",
        "x-ms-correlation-request-id": "856a8fb2-65ad-4743-a9a2-58c8364632e9",
        "x-ms-failure-cause": "gateway",
        "x-ms-request-id": "856a8fb2-65ad-4743-a9a2-58c8364632e9",
        "x-ms-routing-request-id": "WESTEUROPE:20230920T114346Z:856a8fb2-65ad-4743-a9a2-58c8364632e9"
      },
      "ResponseBody": {
        "error": {
          "code": "ResourceNotFound",
          "message": "The Resource \u0027Microsoft.NetApp/netAppAccounts/account925/capacityPools/pool1\u0027 under resource group \u0027testNetAppDotNetSDKRG-4435\u0027 was not found. For more details please go to https://aka.ms/ARMResourceNotFoundFix"
        }
      }
    },
    {
      "RequestUri": "https://management.azure.com/subscriptions/69a75bda-882e-44d5-8431-63421204132a/resourceGroups/testNetAppDotNetSDKRG-4435/providers/Microsoft.NetApp/netAppAccounts/account925/capacityPools?api-version=2023-05-01",
      "RequestMethod": "GET",
      "RequestHeaders": {
        "Accept": "application/json",
        "Authorization": "Sanitized",
        "User-Agent": "azsdk-net-ResourceManager.NetApp/1.4.0-alpha.20230915.1 (.NET 7.0.7; Microsoft Windows 10.0.22621)",
        "x-ms-client-request-id": "06e73bc4dc81ecc4fedc17d36192369d",
        "x-ms-return-client-request-id": "true"
      },
      "RequestBody": null,
      "StatusCode": 200,
      "ResponseHeaders": {
        "Cache-Control": "no-cache",
        "Content-Length": "12",
        "Content-Type": "application/json; charset=utf-8",
        "Date": "Wed, 20 Sep 2023 11:43:45 GMT",
        "Expires": "-1",
        "Pragma": "no-cache",
        "Server": "Microsoft-IIS/10.0",
        "Strict-Transport-Security": "max-age=31536000; includeSubDomains",
        "X-Content-Type-Options": "nosniff",
        "x-ms-correlation-request-id": "02215d73-caa2-4fb5-9771-6b7694feb08a",
        "x-ms-ratelimit-remaining-subscription-reads": "11642",
        "x-ms-request-id": "463a0ba1-5516-4f8c-abba-d086535f1486",
        "x-ms-routing-request-id": "WESTEUROPE:20230920T114346Z:02215d73-caa2-4fb5-9771-6b7694feb08a",
        "X-Powered-By": "ASP.NET"
      },
      "ResponseBody": {
        "value": []
      }
    },
    {
      "RequestUri": "https://management.azure.com/subscriptions/69a75bda-882e-44d5-8431-63421204132a/resourceGroups/testNetAppDotNetSDKRG-4435/providers/Microsoft.NetApp/netAppAccounts/account925?api-version=2023-05-01",
      "RequestMethod": "DELETE",
      "RequestHeaders": {
        "Authorization": "Sanitized",
        "traceparent": "00-b720e7c8ed2a28ed7b70cf48851c89a9-ebc8911d8c0e8cd6-00",
        "User-Agent": "azsdk-net-ResourceManager.NetApp/1.4.0-alpha.20230915.1 (.NET 7.0.7; Microsoft Windows 10.0.22621)",
        "x-ms-client-request-id": "402698b7c5c986b6e65a133bb88597b8",
        "x-ms-return-client-request-id": "true"
      },
      "RequestBody": null,
      "StatusCode": 202,
      "ResponseHeaders": {
        "Azure-AsyncOperation": "https://management.azure.com/subscriptions/69a75bda-882e-44d5-8431-63421204132a/providers/Microsoft.NetApp/locations/westus2/operationResults/9ce84ff5-fb41-4935-aeb1-1fba59022d5e?api-version=2023-05-01",
        "Cache-Control": "no-cache",
        "Content-Length": "0",
        "Date": "Wed, 20 Sep 2023 11:44:27 GMT",
        "Expires": "-1",
        "Location": "https://management.azure.com/subscriptions/69a75bda-882e-44d5-8431-63421204132a/providers/Microsoft.NetApp/locations/westus2/operationResults/9ce84ff5-fb41-4935-aeb1-1fba59022d5e?api-version=2023-05-01\u0026operationResultResponseType=Location",
        "Pragma": "no-cache",
        "Server": "Microsoft-IIS/10.0",
        "Strict-Transport-Security": "max-age=31536000; includeSubDomains",
        "X-Content-Type-Options": "nosniff",
        "x-ms-correlation-request-id": "73b41c68-6377-4749-b166-8cafdcf1366f",
        "x-ms-ratelimit-remaining-subscription-deletes": "14973",
        "x-ms-request-id": "73b41c68-6377-4749-b166-8cafdcf1366f",
        "x-ms-routing-request-id": "WESTEUROPE:20230920T114427Z:73b41c68-6377-4749-b166-8cafdcf1366f",
        "X-Powered-By": "ASP.NET"
      },
      "ResponseBody": null
    },
    {
      "RequestUri": "https://management.azure.com/subscriptions/69a75bda-882e-44d5-8431-63421204132a/providers/Microsoft.NetApp/locations/westus2/operationResults/9ce84ff5-fb41-4935-aeb1-1fba59022d5e?api-version=2023-05-01",
      "RequestMethod": "GET",
      "RequestHeaders": {
        "Authorization": "Sanitized",
        "traceparent": "00-b720e7c8ed2a28ed7b70cf48851c89a9-e12cf12edc0e2bb9-00",
        "User-Agent": "azsdk-net-ResourceManager/1.7.0 (.NET 7.0.7; Microsoft Windows 10.0.22621)",
        "x-ms-client-request-id": "87c037a605b6ff9985612027c8883379",
        "x-ms-return-client-request-id": "true"
      },
      "RequestBody": null,
      "StatusCode": 200,
      "ResponseHeaders": {
        "Cache-Control": "no-cache",
        "Content-Length": "531",
        "Content-Type": "application/json; charset=utf-8",
        "Date": "Wed, 20 Sep 2023 11:44:27 GMT",
        "Expires": "-1",
        "Pragma": "no-cache",
        "Server": "Microsoft-IIS/10.0",
        "Strict-Transport-Security": "max-age=31536000; includeSubDomains",
        "X-Content-Type-Options": "nosniff",
        "x-ms-correlation-request-id": "2c0f0c97-26a4-4e8b-a956-22081219ee10",
        "x-ms-ratelimit-remaining-subscription-reads": "11641",
        "x-ms-request-id": "894b8adb-f1e8-46b2-b461-07ea3850cffc",
        "x-ms-routing-request-id": "WESTEUROPE:20230920T114427Z:2c0f0c97-26a4-4e8b-a956-22081219ee10",
        "X-Powered-By": "ASP.NET"
      },
      "ResponseBody": {
        "id": "/subscriptions/69a75bda-882e-44d5-8431-63421204132a/providers/Microsoft.NetApp/locations/westus2/operationResults/9ce84ff5-fb41-4935-aeb1-1fba59022d5e",
        "name": "9ce84ff5-fb41-4935-aeb1-1fba59022d5e",
        "status": "Succeeded",
        "startTime": "2023-09-20T11:44:27.2687526Z",
        "endTime": "2023-09-20T11:44:27.2992588Z",
        "percentComplete": 100.0,
        "properties": {
          "resourceName": "/subscriptions/69a75bda-882e-44d5-8431-63421204132a/resourceGroups/testNetAppDotNetSDKRG-4435/providers/Microsoft.NetApp/netAppAccounts/account925",
          "action": "DELETE"
        }
      }
    }
  ],
  "Variables": {
    "AZURE_AUTHORITY_HOST": "https://login.microsoftonline.com",
    "RandomSeed": "2022645312",
    "RESOURCE_MANAGER_URL": null,
    "SUBSCRIPTION_ID": "69a75bda-882e-44d5-8431-63421204132a"
  }
}
