{
  "Entries": [
    {
      "RequestUri": "https://Sanitized.api.azureml.ms/agents/v1.000000000-0000-0000-0000-00000000000000000/providers/Microsoft.MachineLearningServices00000/assistants?api-version=2024-07-01-preview",
      "RequestMethod": "POST",
      "RequestHeaders": {
        "Accept": "application/json",
        "Accept-Encoding": "gzip, deflate, br, zstd",
        "Authorization": "Sanitized",
        "Connection": "keep-alive",
        "Content-Length": "75",
        "Content-Type": "application/json; charset=UTF-8",
        "Origin": "http://localhost:5173",
        "Referer": "http://localhost:5173/",
        "sec-ch-ua": "\"Chromium\";v=\"130\", \"HeadlessChrome\";v=\"130\", \"Not?A_Brand\";v=\"99\"",
        "sec-ch-ua-mobile": "?0",
        "sec-ch-ua-platform": "\"Windows\"",
        "Sec-Fetch-Dest": "empty",
        "Sec-Fetch-Mode": "cors",
        "Sec-Fetch-Site": "same-site",
        "User-Agent": "Mozilla/5.0 (Windows NT 10.0; Win64; x64) AppleWebKit/537.36 (KHTML, like Gecko) HeadlessChrome/130.0.6723.31 Safari/537.36",
        "x-ms-client-request-id": "Sanitized",
        "x-ms-useragent": "azsdk-js-ai-projects-rest/1.0.0-beta.1 core-rest-pipeline/1.17.1 Chromium/130 OS/x86-Windows-15.0.0"
      },
      "RequestBody": {
        "name": "my-agent",
        "instructions": "You are helpful agent",
        "model": "gpt-4o"
      },
      "StatusCode": 200,
      "ResponseHeaders": {
        "Access-Control-Allow-Credentials": "true",
        "Access-Control-Allow-Origin": "*",
        "Access-Control-Expose-Headers": "Content-Length, Content-Range, Content-Type, Retry-After, Location, x-request-time, x-ms-client-request-id",
        "Access-Control-Max-Age": "2520",
        "apim-request-id": "8aae0558-58f8-412d-b51b-dc8f53c60da4",
        "Connection": "keep-alive",
        "Content-Encoding": "gzip",
        "Content-Type": "application/json",
        "Date": "Thu, 21 Nov 2024 22:36:16 GMT",
        "request-context": "appId=cid-v1:17d65b70-e9ce-4ed5-9347-1f660ec782e9",
        "Strict-Transport-Security": "max-age=31536000; includeSubDomains; preload",
        "Transfer-Encoding": "chunked",
        "Vary": "Accept-Encoding",
        "x-aml-cluster": "vienna-eastus2euap-02",
        "X-Content-Type-Options": "nosniff",
        "x-ms-client-request-id": "Sanitized",
        "x-ms-middleware-request-id": "8aae0558-58f8-412d-b51b-dc8f53c60da4",
        "x-ms-region": "West US 2",
        "x-ms-response-type": "standard",
        "X-Request-ID": "ea6a2896fd0754e23396eb6cfebbc751",
        "x-request-time": "0.404"
      },
      "ResponseBody": {
        "id": "asst_VvHoQzME8OtD3vHPHy3kyS1i",
        "object": "assistant",
        "created_at": 1732228576,
        "name": "my-agent",
        "description": null,
        "model": "gpt-4o",
        "instructions": "You are helpful agent",
        "tools": [],
        "top_p": 1.0,
        "temperature": 1.0,
        "tool_resources": {},
        "metadata": {},
        "response_format": "auto"
      }
    },
    {
      "RequestUri": "https://Sanitized.api.azureml.ms/agents/v1.000000000-0000-0000-0000-00000000000000000/providers/Microsoft.MachineLearningServices00000/threads?api-version=2024-07-01-preview",
      "RequestMethod": "POST",
      "RequestHeaders": {
        "Accept": "application/json",
        "Accept-Encoding": "gzip, deflate, br, zstd",
        "Authorization": "Sanitized",
        "Connection": "keep-alive",
        "Content-Length": "2",
        "Content-Type": "application/json; charset=UTF-8",
        "Origin": "http://localhost:5173",
        "Referer": "http://localhost:5173/",
        "sec-ch-ua": "\"Chromium\";v=\"130\", \"HeadlessChrome\";v=\"130\", \"Not?A_Brand\";v=\"99\"",
        "sec-ch-ua-mobile": "?0",
        "sec-ch-ua-platform": "\"Windows\"",
        "Sec-Fetch-Dest": "empty",
        "Sec-Fetch-Mode": "cors",
        "Sec-Fetch-Site": "same-site",
        "User-Agent": "Mozilla/5.0 (Windows NT 10.0; Win64; x64) AppleWebKit/537.36 (KHTML, like Gecko) HeadlessChrome/130.0.6723.31 Safari/537.36",
        "x-ms-client-request-id": "Sanitized",
        "x-ms-useragent": "azsdk-js-ai-projects-rest/1.0.0-beta.1 core-rest-pipeline/1.17.1 Chromium/130 OS/x86-Windows-15.0.0"
      },
      "RequestBody": {},
      "StatusCode": 200,
      "ResponseHeaders": {
        "Access-Control-Allow-Credentials": "true",
        "Access-Control-Allow-Origin": "*",
        "Access-Control-Expose-Headers": "Content-Length, Content-Range, Content-Type, Retry-After, Location, x-request-time, x-ms-client-request-id",
        "Access-Control-Max-Age": "2520",
        "apim-request-id": "1e52c5cb-e5b8-4397-8512-854c73868a3e",
        "Connection": "keep-alive",
        "Content-Length": "137",
        "Content-Type": "application/json",
        "Date": "Thu, 21 Nov 2024 22:36:17 GMT",
        "request-context": "appId=cid-v1:17d65b70-e9ce-4ed5-9347-1f660ec782e9",
        "Strict-Transport-Security": "max-age=31536000; includeSubDomains; preload",
        "x-aml-cluster": "vienna-eastus2euap-02",
        "X-Content-Type-Options": "nosniff",
        "x-ms-client-request-id": "Sanitized",
        "x-ms-middleware-request-id": "b74375b8-0ed8-4187-8773-1dbb2b34aa5f",
        "x-ms-region": "West US 2",
        "x-ms-response-type": "standard",
        "X-Request-ID": "ee61b697bdcee4a8a2b6547052d12c96",
        "x-request-time": "0.324"
      },
      "ResponseBody": {
        "id": "thread_BOW4yNvwXyKSi9VJHp9ErYfv",
        "object": "thread",
        "created_at": 1732228576,
        "metadata": {},
        "tool_resources": {}
      }
    },
    {
      "RequestUri": "https://Sanitized.api.azureml.ms/agents/v1.000000000-0000-0000-0000-00000000000000000/providers/Microsoft.MachineLearningServices00000/threads/thread_BOW4yNvwXyKSi9VJHp9ErYfv/messages?api-version=2024-07-01-preview",
      "RequestMethod": "POST",
      "RequestHeaders": {
        "Accept": "application/json",
        "Accept-Encoding": "gzip, deflate, br, zstd",
        "Authorization": "Sanitized",
        "Connection": "keep-alive",
        "Content-Length": "41",
        "Content-Type": "application/json; charset=UTF-8",
        "Origin": "http://localhost:5173",
        "Referer": "http://localhost:5173/",
        "sec-ch-ua": "\"Chromium\";v=\"130\", \"HeadlessChrome\";v=\"130\", \"Not?A_Brand\";v=\"99\"",
        "sec-ch-ua-mobile": "?0",
        "sec-ch-ua-platform": "\"Windows\"",
        "Sec-Fetch-Dest": "empty",
        "Sec-Fetch-Mode": "cors",
        "Sec-Fetch-Site": "same-site",
        "User-Agent": "Mozilla/5.0 (Windows NT 10.0; Win64; x64) AppleWebKit/537.36 (KHTML, like Gecko) HeadlessChrome/130.0.6723.31 Safari/537.36",
        "x-ms-client-request-id": "Sanitized",
        "x-ms-useragent": "azsdk-js-ai-projects-rest/1.0.0-beta.1 core-rest-pipeline/1.17.1 Chromium/130 OS/x86-Windows-15.0.0"
      },
      "RequestBody": {
        "role": "user",
        "content": "hello, world!"
      },
      "StatusCode": 200,
      "ResponseHeaders": {
        "Access-Control-Allow-Credentials": "true",
        "Access-Control-Allow-Origin": "*",
        "Access-Control-Expose-Headers": "Content-Length, Content-Range, Content-Type, Retry-After, Location, x-request-time, x-ms-client-request-id",
        "Access-Control-Max-Age": "2520",
        "apim-request-id": "32f2caa1-c38b-4651-8a6a-b415e179c6e1",
        "Connection": "keep-alive",
        "Content-Encoding": "gzip",
        "Content-Type": "application/json",
        "Date": "Thu, 21 Nov 2024 22:36:17 GMT",
        "request-context": "appId=cid-v1:17d65b70-e9ce-4ed5-9347-1f660ec782e9",
        "Strict-Transport-Security": "max-age=31536000; includeSubDomains; preload",
        "Transfer-Encoding": "chunked",
        "Vary": "Accept-Encoding",
        "x-aml-cluster": "vienna-eastus2euap-02",
        "X-Content-Type-Options": "nosniff",
        "x-ms-client-request-id": "Sanitized",
        "x-ms-middleware-request-id": "c6008455-b876-445e-bb47-85abdde4d5ea",
        "x-ms-region": "West US 2",
        "x-ms-response-type": "standard",
        "X-Request-ID": "fc3d1ef81c6a9f225e727113c937fdbd",
        "x-request-time": "0.240"
      },
      "ResponseBody": {
        "id": "msg_PFRQci201whaYS7kiqKgVNes",
        "object": "thread.message",
        "created_at": 1732228577,
        "assistant_id": null,
        "thread_id": "thread_BOW4yNvwXyKSi9VJHp9ErYfv",
        "run_id": null,
        "role": "user",
        "content": [
          {
            "type": "text",
            "text": {
              "value": "hello, world!",
              "annotations": []
            }
          }
        ],
        "attachments": [],
        "metadata": {}
      }
    },
    {
      "RequestUri": "https://Sanitized.api.azureml.ms/agents/v1.000000000-0000-0000-0000-00000000000000000/providers/Microsoft.MachineLearningServices00000/threads/thread_BOW4yNvwXyKSi9VJHp9ErYfv/runs?api-version=2024-07-01-preview",
      "RequestMethod": "POST",
      "RequestHeaders": {
        "Accept": "application/json",
        "Accept-Encoding": "gzip, deflate, br, zstd",
        "Authorization": "Sanitized",
        "Connection": "keep-alive",
        "Content-Length": "63",
        "Content-Type": "application/json; charset=UTF-8",
        "Origin": "http://localhost:5173",
        "Referer": "http://localhost:5173/",
        "sec-ch-ua": "\"Chromium\";v=\"130\", \"HeadlessChrome\";v=\"130\", \"Not?A_Brand\";v=\"99\"",
        "sec-ch-ua-mobile": "?0",
        "sec-ch-ua-platform": "\"Windows\"",
        "Sec-Fetch-Dest": "empty",
        "Sec-Fetch-Mode": "cors",
        "Sec-Fetch-Site": "same-site",
        "User-Agent": "Mozilla/5.0 (Windows NT 10.0; Win64; x64) AppleWebKit/537.36 (KHTML, like Gecko) HeadlessChrome/130.0.6723.31 Safari/537.36",
        "x-ms-client-request-id": "Sanitized",
        "x-ms-useragent": "azsdk-js-ai-projects-rest/1.0.0-beta.1 core-rest-pipeline/1.17.1 Chromium/130 OS/x86-Windows-15.0.0"
      },
      "RequestBody": {
        "assistant_id": "asst_VvHoQzME8OtD3vHPHy3kyS1i",
        "stream": false
      },
      "StatusCode": 200,
      "ResponseHeaders": {
        "Access-Control-Allow-Credentials": "true",
        "Access-Control-Allow-Origin": "*",
        "Access-Control-Expose-Headers": "Content-Length, Content-Range, Content-Type, Retry-After, Location, x-request-time, x-ms-client-request-id",
        "Access-Control-Max-Age": "2520",
        "apim-request-id": "561bce8d-88db-4403-bae1-4a91a84f7ed3",
        "Connection": "keep-alive",
        "Content-Encoding": "gzip",
        "Content-Type": "application/json",
        "Date": "Thu, 21 Nov 2024 22:36:18 GMT",
        "request-context": "appId=cid-v1:17d65b70-e9ce-4ed5-9347-1f660ec782e9",
        "Strict-Transport-Security": "max-age=31536000; includeSubDomains; preload",
        "Transfer-Encoding": "chunked",
        "Vary": "Accept-Encoding",
        "x-aml-cluster": "vienna-eastus2euap-02",
        "X-Content-Type-Options": "nosniff",
        "x-ms-client-request-id": "Sanitized",
        "x-ms-middleware-request-id": "742cda17-80d4-4371-8f36-17bff1700486",
        "x-ms-region": "West US 2",
        "x-ms-response-type": "standard",
        "X-Request-ID": "717888fafdc4cf7456d1bf303694475e",
        "x-request-time": "0.525"
      },
      "ResponseBody": {
        "id": "run_Nwckxf4dc8W0BADXpelQx1d8",
        "object": "thread.run",
        "created_at": 1732228577,
        "assistant_id": "asst_VvHoQzME8OtD3vHPHy3kyS1i",
        "thread_id": "thread_BOW4yNvwXyKSi9VJHp9ErYfv",
        "status": "queued",
        "started_at": null,
        "expires_at": 1732229177,
        "cancelled_at": null,
        "failed_at": null,
        "completed_at": null,
        "required_action": null,
        "last_error": null,
        "model": "gpt-4o",
        "instructions": "You are helpful agent",
        "tools": [],
        "tool_resources": {},
        "metadata": {},
        "temperature": 1.0,
        "top_p": 1.0,
        "max_completion_tokens": null,
        "max_prompt_tokens": null,
        "truncation_strategy": {
          "type": "auto",
          "last_messages": null
        },
        "incomplete_details": null,
        "usage": null,
        "response_format": "auto",
        "tool_choice": "auto",
        "parallel_tool_calls": true
      }
    },
    {
      "RequestUri": "https://Sanitized.api.azureml.ms/agents/v1.000000000-0000-0000-0000-00000000000000000/providers/Microsoft.MachineLearningServices00000/threads/thread_BOW4yNvwXyKSi9VJHp9ErYfvSanitized?api-version=2024-07-01-preview",
      "RequestMethod": "GET",
      "RequestHeaders": {
        "Accept": "application/json",
        "Accept-Encoding": "gzip, deflate, br, zstd",
        "Authorization": "Sanitized",
        "Connection": "keep-alive",
        "Origin": "http://localhost:5173",
        "Referer": "http://localhost:5173/",
        "sec-ch-ua": "\"Chromium\";v=\"130\", \"HeadlessChrome\";v=\"130\", \"Not?A_Brand\";v=\"99\"",
        "sec-ch-ua-mobile": "?0",
        "sec-ch-ua-platform": "\"Windows\"",
        "Sec-Fetch-Dest": "empty",
        "Sec-Fetch-Mode": "cors",
        "Sec-Fetch-Site": "same-site",
        "User-Agent": "Mozilla/5.0 (Windows NT 10.0; Win64; x64) AppleWebKit/537.36 (KHTML, like Gecko) HeadlessChrome/130.0.6723.31 Safari/537.36",
        "x-ms-client-request-id": "Sanitized",
        "x-ms-useragent": "azsdk-js-ai-projects-rest/1.0.0-beta.1 core-rest-pipeline/1.17.1 Chromium/130 OS/x86-Windows-15.0.0"
      },
      "RequestBody": null,
      "StatusCode": 200,
      "ResponseHeaders": {
        "Access-Control-Allow-Credentials": "true",
        "Access-Control-Allow-Origin": "*",
        "Access-Control-Expose-Headers": "Content-Length, Content-Range, Content-Type, Retry-After, Location, x-request-time, x-ms-client-request-id",
        "Access-Control-Max-Age": "2520",
        "apim-request-id": "c1c263a2-18cb-4300-9bf2-0d9e1f5dc82a",
        "Connection": "keep-alive",
        "Content-Encoding": "gzip",
        "Content-Type": "application/json",
        "Date": "Thu, 21 Nov 2024 22:36:19 GMT",
        "request-context": "appId=cid-v1:17d65b70-e9ce-4ed5-9347-1f660ec782e9",
        "Strict-Transport-Security": "max-age=31536000; includeSubDomains; preload",
        "Transfer-Encoding": "chunked",
        "Vary": "Accept-Encoding",
        "x-aml-cluster": "vienna-eastus2euap-02",
        "X-Content-Type-Options": "nosniff",
        "x-ms-client-request-id": "Sanitized",
        "x-ms-middleware-request-id": "c66532b3-cd6c-437a-8182-b74158580e5c",
        "x-ms-region": "West US 2",
        "x-ms-response-type": "standard",
        "X-Request-ID": "ba39732f70b57575dda7f2ed7c14a0a9",
        "x-request-time": "0.218"
      },
      "ResponseBody": {
        "id": "run_Nwckxf4dc8W0BADXpelQx1d8",
        "object": "thread.run",
        "created_at": 1732228577,
        "assistant_id": "asst_VvHoQzME8OtD3vHPHy3kyS1i",
        "thread_id": "thread_BOW4yNvwXyKSi9VJHp9ErYfv",
        "status": "in_progress",
        "started_at": 1732228578,
        "expires_at": 1732229177,
        "cancelled_at": null,
        "failed_at": null,
        "completed_at": null,
        "required_action": null,
        "last_error": null,
        "model": "gpt-4o",
        "instructions": "You are helpful agent",
        "tools": [],
        "tool_resources": {},
        "metadata": {},
        "temperature": 1.0,
        "top_p": 1.0,
        "max_completion_tokens": null,
        "max_prompt_tokens": null,
        "truncation_strategy": {
          "type": "auto",
          "last_messages": null
        },
        "incomplete_details": null,
        "usage": null,
        "response_format": "auto",
        "tool_choice": "auto",
        "parallel_tool_calls": true
      }
    },
    {
      "RequestUri": "https://Sanitized.api.azureml.ms/agents/v1.000000000-0000-0000-0000-00000000000000000/providers/Microsoft.MachineLearningServices00000/threads/thread_BOW4yNvwXyKSi9VJHp9ErYfvSanitized?api-version=2024-07-01-preview",
      "RequestMethod": "GET",
      "RequestHeaders": {
        "Accept": "application/json",
        "Accept-Encoding": "gzip, deflate, br, zstd",
        "Authorization": "Sanitized",
        "Connection": "keep-alive",
        "Origin": "http://localhost:5173",
        "Referer": "http://localhost:5173/",
        "sec-ch-ua": "\"Chromium\";v=\"130\", \"HeadlessChrome\";v=\"130\", \"Not?A_Brand\";v=\"99\"",
        "sec-ch-ua-mobile": "?0",
        "sec-ch-ua-platform": "\"Windows\"",
        "Sec-Fetch-Dest": "empty",
        "Sec-Fetch-Mode": "cors",
        "Sec-Fetch-Site": "same-site",
        "User-Agent": "Mozilla/5.0 (Windows NT 10.0; Win64; x64) AppleWebKit/537.36 (KHTML, like Gecko) HeadlessChrome/130.0.6723.31 Safari/537.36",
        "x-ms-client-request-id": "Sanitized",
        "x-ms-useragent": "azsdk-js-ai-projects-rest/1.0.0-beta.1 core-rest-pipeline/1.17.1 Chromium/130 OS/x86-Windows-15.0.0"
      },
      "RequestBody": null,
      "StatusCode": 200,
      "ResponseHeaders": {
        "Access-Control-Allow-Credentials": "true",
        "Access-Control-Allow-Origin": "*",
        "Access-Control-Expose-Headers": "Content-Length, Content-Range, Content-Type, Retry-After, Location, x-request-time, x-ms-client-request-id",
        "Access-Control-Max-Age": "2520",
        "apim-request-id": "c2e02485-c589-4efc-b496-a002297a89e8",
        "Connection": "keep-alive",
        "Content-Encoding": "gzip",
        "Content-Type": "application/json",
        "Date": "Thu, 21 Nov 2024 22:36:20 GMT",
        "request-context": "appId=cid-v1:17d65b70-e9ce-4ed5-9347-1f660ec782e9",
        "Strict-Transport-Security": "max-age=31536000; includeSubDomains; preload",
        "Transfer-Encoding": "chunked",
        "Vary": "Accept-Encoding",
        "x-aml-cluster": "vienna-eastus2euap-02",
        "X-Content-Type-Options": "nosniff",
        "x-ms-client-request-id": "Sanitized",
        "x-ms-middleware-request-id": "3d8ba471-7c51-4a70-8b93-dbc5b7f57b94",
        "x-ms-region": "West US 2",
        "x-ms-response-type": "standard",
        "X-Request-ID": "228c42fb3f8316cb2b654107dc63b688",
        "x-request-time": "0.246"
      },
      "ResponseBody": {
        "id": "run_Nwckxf4dc8W0BADXpelQx1d8",
        "object": "thread.run",
        "created_at": 1732228577,
        "assistant_id": "asst_VvHoQzME8OtD3vHPHy3kyS1i",
        "thread_id": "thread_BOW4yNvwXyKSi9VJHp9ErYfv",
        "status": "in_progress",
        "started_at": 1732228578,
        "expires_at": 1732229177,
        "cancelled_at": null,
        "failed_at": null,
        "completed_at": null,
        "required_action": null,
        "last_error": null,
        "model": "gpt-4o",
        "instructions": "You are helpful agent",
        "tools": [],
        "tool_resources": {},
        "metadata": {},
        "temperature": 1.0,
        "top_p": 1.0,
        "max_completion_tokens": null,
        "max_prompt_tokens": null,
        "truncation_strategy": {
          "type": "auto",
          "last_messages": null
        },
        "incomplete_details": null,
        "usage": null,
        "response_format": "auto",
        "tool_choice": "auto",
        "parallel_tool_calls": true
      }
    },
    {
      "RequestUri": "https://Sanitized.api.azureml.ms/agents/v1.000000000-0000-0000-0000-00000000000000000/providers/Microsoft.MachineLearningServices00000/threads/thread_BOW4yNvwXyKSi9VJHp9ErYfvSanitized?api-version=2024-07-01-preview",
      "RequestMethod": "GET",
      "RequestHeaders": {
        "Accept": "application/json",
        "Accept-Encoding": "gzip, deflate, br, zstd",
        "Authorization": "Sanitized",
        "Connection": "keep-alive",
        "Origin": "http://localhost:5173",
        "Referer": "http://localhost:5173/",
        "sec-ch-ua": "\"Chromium\";v=\"130\", \"HeadlessChrome\";v=\"130\", \"Not?A_Brand\";v=\"99\"",
        "sec-ch-ua-mobile": "?0",
        "sec-ch-ua-platform": "\"Windows\"",
        "Sec-Fetch-Dest": "empty",
        "Sec-Fetch-Mode": "cors",
        "Sec-Fetch-Site": "same-site",
        "User-Agent": "Mozilla/5.0 (Windows NT 10.0; Win64; x64) AppleWebKit/537.36 (KHTML, like Gecko) HeadlessChrome/130.0.6723.31 Safari/537.36",
        "x-ms-client-request-id": "Sanitized",
        "x-ms-useragent": "azsdk-js-ai-projects-rest/1.0.0-beta.1 core-rest-pipeline/1.17.1 Chromium/130 OS/x86-Windows-15.0.0"
      },
      "RequestBody": null,
      "StatusCode": 200,
      "ResponseHeaders": {
        "Access-Control-Allow-Credentials": "true",
        "Access-Control-Allow-Origin": "*",
        "Access-Control-Expose-Headers": "Content-Length, Content-Range, Content-Type, Retry-After, Location, x-request-time, x-ms-client-request-id",
        "Access-Control-Max-Age": "2520",
        "apim-request-id": "5bbc1ae2-3805-4a39-9a3d-3030262abd32",
        "Connection": "keep-alive",
        "Content-Encoding": "gzip",
        "Content-Type": "application/json",
        "Date": "Thu, 21 Nov 2024 22:36:22 GMT",
        "request-context": "appId=cid-v1:17d65b70-e9ce-4ed5-9347-1f660ec782e9",
        "Strict-Transport-Security": "max-age=31536000; includeSubDomains; preload",
        "Transfer-Encoding": "chunked",
        "Vary": "Accept-Encoding",
        "x-aml-cluster": "vienna-eastus2euap-02",
        "X-Content-Type-Options": "nosniff",
        "x-ms-client-request-id": "Sanitized",
        "x-ms-middleware-request-id": "d49f9045-f66a-48e5-883d-e4778a6f1ebf",
        "x-ms-region": "West US 2",
        "x-ms-response-type": "standard",
        "X-Request-ID": "b0bc110cdabf0883dde6ae7ca18c88ce",
        "x-request-time": "0.190"
      },
      "ResponseBody": {
        "id": "run_Nwckxf4dc8W0BADXpelQx1d8",
        "object": "thread.run",
        "created_at": 1732228577,
        "assistant_id": "asst_VvHoQzME8OtD3vHPHy3kyS1i",
        "thread_id": "thread_BOW4yNvwXyKSi9VJHp9ErYfv",
        "status": "completed",
        "started_at": 1732228578,
        "expires_at": null,
        "cancelled_at": null,
        "failed_at": null,
        "completed_at": 1732228580,
        "required_action": null,
        "last_error": null,
        "model": "gpt-4o",
        "instructions": "You are helpful agent",
        "tools": [],
        "tool_resources": {},
        "metadata": {},
        "temperature": 1.0,
        "top_p": 1.0,
        "max_completion_tokens": null,
        "max_prompt_tokens": null,
        "truncation_strategy": {
          "type": "auto",
          "last_messages": null
        },
        "incomplete_details": null,
        "usage": {
          "prompt_tokens": 27,
          "completion_tokens": 11,
          "total_tokens": 38
        },
        "response_format": "auto",
        "tool_choice": "auto",
        "parallel_tool_calls": true
      }
    },
    {
      "RequestUri": "https://Sanitized.api.azureml.ms/agents/v1.000000000-0000-0000-0000-00000000000000000/providers/Microsoft.MachineLearningServices00000/threads/thread_BOW4yNvwXyKSi9VJHp9ErYfvSanitized/steps?api-version=2024-07-01-preview",
      "RequestMethod": "GET",
      "RequestHeaders": {
        "Accept": "application/json",
        "Accept-Encoding": "gzip, deflate, br, zstd",
        "Authorization": "Sanitized",
        "Connection": "keep-alive",
        "Origin": "http://localhost:5173",
        "Referer": "http://localhost:5173/",
        "sec-ch-ua": "\"Chromium\";v=\"130\", \"HeadlessChrome\";v=\"130\", \"Not?A_Brand\";v=\"99\"",
        "sec-ch-ua-mobile": "?0",
        "sec-ch-ua-platform": "\"Windows\"",
        "Sec-Fetch-Dest": "empty",
        "Sec-Fetch-Mode": "cors",
        "Sec-Fetch-Site": "same-site",
        "User-Agent": "Mozilla/5.0 (Windows NT 10.0; Win64; x64) AppleWebKit/537.36 (KHTML, like Gecko) HeadlessChrome/130.0.6723.31 Safari/537.36",
        "x-ms-client-request-id": "Sanitized",
        "x-ms-useragent": "azsdk-js-ai-projects-rest/1.0.0-beta.1 core-rest-pipeline/1.17.1 Chromium/130 OS/x86-Windows-15.0.0"
      },
      "RequestBody": null,
      "StatusCode": 200,
      "ResponseHeaders": {
        "Access-Control-Allow-Credentials": "true",
        "Access-Control-Allow-Origin": "*",
        "Access-Control-Expose-Headers": "Content-Length, Content-Range, Content-Type, Retry-After, Location, x-request-time, x-ms-client-request-id",
        "Access-Control-Max-Age": "2520",
        "apim-request-id": "7ffc5b24-06e6-48d3-9cf8-af12a8149825",
        "Connection": "keep-alive",
        "Content-Encoding": "gzip",
        "Content-Type": "application/json",
        "Date": "Thu, 21 Nov 2024 22:36:22 GMT",
        "request-context": "appId=cid-v1:17d65b70-e9ce-4ed5-9347-1f660ec782e9",
        "Strict-Transport-Security": "max-age=31536000; includeSubDomains; preload",
        "Transfer-Encoding": "chunked",
        "Vary": "Accept-Encoding",
        "x-aml-cluster": "vienna-eastus2euap-02",
        "X-Content-Type-Options": "nosniff",
        "x-ms-client-request-id": "Sanitized",
        "x-ms-middleware-request-id": "b2d20a5d-870d-4049-8369-5afb3312efda",
        "x-ms-region": "West US 2",
        "x-ms-response-type": "standard",
        "X-Request-ID": "d499cba6564ea063298538b621f4b382",
        "x-request-time": "0.247"
      },
      "ResponseBody": {
        "object": "list",
        "data": [
          {
            "id": "step_RnQIU16KtHuy9WBohV5VloiT",
            "object": "thread.run.step",
            "created_at": 1732228580,
            "run_id": "run_Nwckxf4dc8W0BADXpelQx1d8",
            "assistant_id": "asst_VvHoQzME8OtD3vHPHy3kyS1i",
            "thread_id": "thread_BOW4yNvwXyKSi9VJHp9ErYfv",
            "type": "message_creation",
            "status": "completed",
            "cancelled_at": null,
            "completed_at": 1732228580,
            "expires_at": null,
            "failed_at": null,
            "last_error": null,
            "step_details": {
              "type": "message_creation",
              "message_creation": {
                "message_id": "msg_g9q7x551AzTDkVIxTyCrqFyf"
              }
            },
            "usage": {
              "prompt_tokens": 27,
              "completion_tokens": 11,
              "total_tokens": 38
            }
          }
        ],
        "first_id": "step_RnQIU16KtHuy9WBohV5VloiT",
        "last_id": "step_RnQIU16KtHuy9WBohV5VloiT",
        "has_more": false
      }
    },
    {
      "RequestUri": "https://Sanitized.api.azureml.ms/agents/v1.000000000-0000-0000-0000-00000000000000000/providers/Microsoft.MachineLearningServices00000/threads/thread_BOW4yNvwXyKSi9VJHp9ErYfv?api-version=2024-07-01-preview",
      "RequestMethod": "DELETE",
      "RequestHeaders": {
        "Accept": "application/json",
        "Accept-Encoding": "gzip, deflate, br, zstd",
        "Authorization": "Sanitized",
        "Connection": "keep-alive",
        "Origin": "http://localhost:5173",
        "Referer": "http://localhost:5173/",
        "sec-ch-ua": "\"Chromium\";v=\"130\", \"HeadlessChrome\";v=\"130\", \"Not?A_Brand\";v=\"99\"",
        "sec-ch-ua-mobile": "?0",
        "sec-ch-ua-platform": "\"Windows\"",
        "Sec-Fetch-Dest": "empty",
        "Sec-Fetch-Mode": "cors",
        "Sec-Fetch-Site": "same-site",
        "User-Agent": "Mozilla/5.0 (Windows NT 10.0; Win64; x64) AppleWebKit/537.36 (KHTML, like Gecko) HeadlessChrome/130.0.6723.31 Safari/537.36",
        "x-ms-client-request-id": "Sanitized",
        "x-ms-useragent": "azsdk-js-ai-projects-rest/1.0.0-beta.1 core-rest-pipeline/1.17.1 Chromium/130 OS/x86-Windows-15.0.0"
      },
      "RequestBody": null,
      "StatusCode": 200,
      "ResponseHeaders": {
        "Access-Control-Allow-Credentials": "true",
        "Access-Control-Allow-Origin": "*",
        "Access-Control-Expose-Headers": "Content-Length, Content-Range, Content-Type, Retry-After, Location, x-request-time, x-ms-client-request-id",
        "Access-Control-Max-Age": "2520",
        "apim-request-id": "3a2b565d-6751-448c-9937-ca3471e36b64",
        "Connection": "keep-alive",
        "Content-Length": "94",
        "Content-Type": "application/json",
        "Date": "Thu, 21 Nov 2024 22:36:22 GMT",
        "request-context": "appId=cid-v1:17d65b70-e9ce-4ed5-9347-1f660ec782e9",
        "Strict-Transport-Security": "max-age=31536000; includeSubDomains; preload",
        "x-aml-cluster": "vienna-eastus2euap-02",
        "X-Content-Type-Options": "nosniff",
        "x-ms-client-request-id": "Sanitized",
        "x-ms-middleware-request-id": "23254ec3-c954-4ecc-a6d3-77bdf3b511dc",
        "x-ms-region": "West US 2",
        "x-ms-response-type": "standard",
        "X-Request-ID": "366e9a8ac5fde6dae27490d54b3b7ea4",
        "x-request-time": "0.188"
      },
      "ResponseBody": {
        "id": "thread_BOW4yNvwXyKSi9VJHp9ErYfv",
        "object": "thread.deleted",
        "deleted": true
      }
    },
    {
      "RequestUri": "https://Sanitized.api.azureml.ms/agents/v1.000000000-0000-0000-0000-00000000000000000/providers/Microsoft.MachineLearningServices00000/assistants/asst_VvHoQzME8OtD3vHPHy3kyS1i?api-version=2024-07-01-preview",
      "RequestMethod": "DELETE",
      "RequestHeaders": {
        "Accept": "application/json",
        "Accept-Encoding": "gzip, deflate, br, zstd",
        "Authorization": "Sanitized",
        "Connection": "keep-alive",
        "Origin": "http://localhost:5173",
        "Referer": "http://localhost:5173/",
        "sec-ch-ua": "\"Chromium\";v=\"130\", \"HeadlessChrome\";v=\"130\", \"Not?A_Brand\";v=\"99\"",
        "sec-ch-ua-mobile": "?0",
        "sec-ch-ua-platform": "\"Windows\"",
        "Sec-Fetch-Dest": "empty",
        "Sec-Fetch-Mode": "cors",
        "Sec-Fetch-Site": "same-site",
        "User-Agent": "Mozilla/5.0 (Windows NT 10.0; Win64; x64) AppleWebKit/537.36 (KHTML, like Gecko) HeadlessChrome/130.0.6723.31 Safari/537.36",
        "x-ms-client-request-id": "Sanitized",
        "x-ms-useragent": "azsdk-js-ai-projects-rest/1.0.0-beta.1 core-rest-pipeline/1.17.1 Chromium/130 OS/x86-Windows-15.0.0"
      },
      "RequestBody": null,
      "StatusCode": 200,
      "ResponseHeaders": {
        "Access-Control-Allow-Credentials": "true",
        "Access-Control-Allow-Origin": "*",
        "Access-Control-Expose-Headers": "Content-Length, Content-Range, Content-Type, Retry-After, Location, x-request-time, x-ms-client-request-id",
        "Access-Control-Max-Age": "2520",
        "apim-request-id": "ec3f1d61-b6d4-4713-a4d0-cb555941cd7d",
        "Connection": "keep-alive",
        "Content-Length": "95",
        "Content-Type": "application/json",
        "Date": "Thu, 21 Nov 2024 22:36:22 GMT",
        "request-context": "appId=cid-v1:17d65b70-e9ce-4ed5-9347-1f660ec782e9",
        "Strict-Transport-Security": "max-age=31536000; includeSubDomains; preload",
        "x-aml-cluster": "vienna-eastus2euap-02",
        "X-Content-Type-Options": "nosniff",
        "x-ms-client-request-id": "Sanitized",
        "x-ms-middleware-request-id": "97c47c6d-402b-48e5-b66c-aef573cca2f2",
        "x-ms-region": "West US 2",
        "x-ms-response-type": "standard",
        "X-Request-ID": "05841b97848608e6480e687dd34c71b2",
        "x-request-time": "0.194"
      },
      "ResponseBody": {
        "id": "asst_VvHoQzME8OtD3vHPHy3kyS1i",
        "object": "assistant.deleted",
        "deleted": true
      }
    }
  ],
  "Variables": {}
}
