{
  "Entries": [
    {
      "RequestUri": "https://keyvault_name.vault.azure.net/keys/RSA-55739/create?api-version=7.4",
      "RequestMethod": "POST",
      "RequestHeaders": {
        "Accept": "application/json",
        "Accept-Encoding": "gzip,deflate",
        "Connection": "keep-alive",
        "Content-Length": "0",
        "Content-Type": "application/json",
        "User-Agent": "azsdk-js-keyvault-keys/4.7.3 azsdk-js-keyvault-keys/4.8.0-beta.1 core-rest-pipeline/1.12.0 Node/v20.5.0 OS/(x64-Linux-5.15.90.1-microsoft-standard-WSL2)",
        "x-ms-client-request-id": "8cce02c9-c65d-4913-8478-047b470b3419"
      },
      "RequestBody": null,
      "StatusCode": 401,
      "ResponseHeaders": {
        "Cache-Control": "no-cache",
        "Content-Length": "97",
        "Content-Type": "application/json; charset=utf-8",
        "Date": "Tue, 29 Aug 2023 23:50:42 GMT",
        "Expires": "-1",
        "Pragma": "no-cache",
        "Strict-Transport-Security": "max-age=31536000;includeSubDomains",
        "WWW-Authenticate": "Bearer authorization=\u0022https://login.microsoftonline.com/12345678-1234-1234-1234-123456789012\u0022, resource=\u0022https://vault.azure.net\u0022",
        "X-Content-Type-Options": "nosniff",
        "x-ms-client-request-id": "8cce02c9-c65d-4913-8478-047b470b3419",
        "x-ms-keyvault-network-info": "conn_type=Ipv4;addr=131.107.8.61;act_addr_fam=InterNetwork;",
        "x-ms-keyvault-region": "northcentralus",
        "x-ms-keyvault-service-version": "1.9.950.1",
        "x-ms-request-id": "15f6baed-2022-4a8c-9510-ef34b33fca97"
      },
      "ResponseBody": {
        "error": {
          "code": "Unauthorized",
          "message": "AKV10000: Request is missing a Bearer or PoP token."
        }
      }
    },
    {
      "RequestUri": "https://keyvault_name.vault.azure.net/keys/RSA-55739/create?api-version=7.4",
      "RequestMethod": "POST",
      "RequestHeaders": {
        "Accept": "application/json",
        "Accept-Encoding": "gzip,deflate",
        "Authorization": "Sanitized",
        "Connection": "keep-alive",
        "Content-Length": "13",
        "Content-Type": "application/json",
        "User-Agent": "azsdk-js-keyvault-keys/4.7.3 azsdk-js-keyvault-keys/4.8.0-beta.1 core-rest-pipeline/1.12.0 Node/v20.5.0 OS/(x64-Linux-5.15.90.1-microsoft-standard-WSL2)",
        "x-ms-client-request-id": "8cce02c9-c65d-4913-8478-047b470b3419"
      },
      "RequestBody": {
        "kty": "RSA"
      },
      "StatusCode": 200,
      "ResponseHeaders": {
        "Cache-Control": "no-cache",
        "Content-Length": "706",
        "Content-Type": "application/json; charset=utf-8",
        "Date": "Tue, 29 Aug 2023 23:50:43 GMT",
        "Expires": "-1",
        "Pragma": "no-cache",
        "Strict-Transport-Security": "max-age=31536000;includeSubDomains",
        "X-Content-Type-Options": "nosniff",
        "x-ms-client-request-id": "8cce02c9-c65d-4913-8478-047b470b3419",
        "x-ms-keyvault-network-info": "conn_type=Ipv4;addr=131.107.8.61;act_addr_fam=InterNetwork;",
        "x-ms-keyvault-rbac-assignment-id": "91779ecb-9756-5960-8eff-50b8b477d31a",
        "x-ms-keyvault-rbac-cache": "ra_age=56;da_age=56;rd_age=56;brd_age=21297;ra_notif_age=2241;dec_lev=1;",
        "x-ms-keyvault-region": "northcentralus",
        "x-ms-keyvault-service-version": "1.9.950.1",
        "x-ms-request-id": "5264374e-8295-46e0-a180-b7f8b5fd213c"
      },
      "ResponseBody": {
        "key": {
          "kid": "https://keyvault_name.vault.azure.net/keys/RSA-55739/e6653419e9ef433aac68e0d8593ef439",
          "kty": "RSA",
          "key_ops": [
            "encrypt",
            "decrypt",
            "sign",
            "verify",
            "wrapKey",
            "unwrapKey"
          ],
          "n": "07wqw_PzTqOTnty9fsZlKuYQPczovr8uR_qMighrc3byaX3VrGljkaqikt7X6V4-GX4uPRua3y71WI7QmDcL3jnzlFxAzsOTDhvAddN_JssrfZhREYvLD8xTL3FCUQbKomv2egEojIuJL03Yif5gjlSIqXvJ_O5UnwnkfqSBToFfrU9Sihlm4bbqSvG0LcMT0166DUQtoPSXjh2oU4KA60oyoWm_ht5-fUo_0-21rk5o139ZqNgcf_XBkeTTty3TtxCvpbuR-ThBjukkWhl7G1YjuHse1Jr9VdKxukEmQeSKYmgoCq5wy4aF2Ngnd13QMreHTea1BUZABPXsAxebjQ",
          "e": "AQAB"
        },
        "attributes": {
          "enabled": true,
          "created": 1693353043,
          "updated": 1693353043,
          "recoveryLevel": "CustomizedRecoverable\u002BPurgeable",
          "recoverableDays": 7,
          "exportable": false
        }
      }
    },
    {
      "RequestUri": "https://keyvault_name.vault.azure.net/keys/RSA-55739/e6653419e9ef433aac68e0d8593ef439/sign?api-version=7.5-preview.1",
      "RequestMethod": "POST",
      "RequestHeaders": {
        "Accept": "application/json",
        "Accept-Encoding": "gzip,deflate",
        "Connection": "keep-alive",
        "Content-Length": "0",
        "Content-Type": "application/json",
        "User-Agent": "azsdk-js-keyvault-keys/4.7.3 azsdk-js-keyvault-keys/4.8.0-beta.1 core-rest-pipeline/1.12.0 Node/v20.5.0 OS/(x64-Linux-5.15.90.1-microsoft-standard-WSL2)",
        "x-ms-client-request-id": "dee5cdaa-55dd-4548-9415-80c46d70d8e9"
      },
      "RequestBody": null,
      "StatusCode": 401,
      "ResponseHeaders": {
        "Cache-Control": "no-cache",
        "Content-Length": "97",
        "Content-Type": "application/json; charset=utf-8",
        "Date": "Tue, 29 Aug 2023 23:50:43 GMT",
        "Expires": "-1",
        "Pragma": "no-cache",
        "Strict-Transport-Security": "max-age=31536000;includeSubDomains",
        "WWW-Authenticate": "Bearer authorization=\u0022https://login.microsoftonline.com/12345678-1234-1234-1234-123456789012\u0022, resource=\u0022https://vault.azure.net\u0022",
        "X-Content-Type-Options": "nosniff",
        "x-ms-client-request-id": "dee5cdaa-55dd-4548-9415-80c46d70d8e9",
        "x-ms-keyvault-network-info": "conn_type=Ipv4;addr=131.107.8.61;act_addr_fam=InterNetwork;",
        "x-ms-keyvault-region": "northcentralus",
        "x-ms-keyvault-service-version": "1.9.950.1",
        "x-ms-request-id": "b0f1eab7-604c-43ea-8e88-9851e029e9f9"
      },
      "ResponseBody": {
        "error": {
          "code": "Unauthorized",
          "message": "AKV10000: Request is missing a Bearer or PoP token."
        }
      }
    },
    {
      "RequestUri": "https://keyvault_name.vault.azure.net/keys/RSA-55739/e6653419e9ef433aac68e0d8593ef439/sign?api-version=7.5-preview.1",
      "RequestMethod": "POST",
      "RequestHeaders": {
        "Accept": "application/json",
        "Accept-Encoding": "gzip,deflate",
        "Authorization": "Sanitized",
        "Connection": "keep-alive",
        "Content-Length": "69",
        "Content-Type": "application/json",
        "User-Agent": "azsdk-js-keyvault-keys/4.7.3 azsdk-js-keyvault-keys/4.8.0-beta.1 core-rest-pipeline/1.12.0 Node/v20.5.0 OS/(x64-Linux-5.15.90.1-microsoft-standard-WSL2)",
        "x-ms-client-request-id": "dee5cdaa-55dd-4548-9415-80c46d70d8e9"
      },
      "RequestBody": {
        "alg": "RS256",
        "value": "N4MG_WcwqVMx5YJxlsong-9ZXoV57jlAYdZ9x7BLweY"
      },
      "StatusCode": 200,
      "ResponseHeaders": {
        "Cache-Control": "no-cache",
        "Content-Length": "448",
        "Content-Type": "application/json; charset=utf-8",
        "Date": "Tue, 29 Aug 2023 23:50:43 GMT",
        "Expires": "-1",
        "Pragma": "no-cache",
        "Strict-Transport-Security": "max-age=31536000;includeSubDomains",
        "X-Content-Type-Options": "nosniff",
        "x-ms-client-request-id": "dee5cdaa-55dd-4548-9415-80c46d70d8e9",
        "x-ms-keyvault-network-info": "conn_type=Ipv4;addr=131.107.8.61;act_addr_fam=InterNetwork;",
        "x-ms-keyvault-rbac-assignment-id": "91779ecb-9756-5960-8eff-50b8b477d31a",
        "x-ms-keyvault-rbac-cache": "ra_age=56;da_age=56;rd_age=56;brd_age=21297;ra_notif_age=2242;dec_lev=1;",
        "x-ms-keyvault-region": "northcentralus",
        "x-ms-keyvault-service-version": "1.9.950.1",
        "x-ms-request-id": "aa2c5025-5b4e-4d8f-9725-29406a61fcdc"
      },
      "ResponseBody": {
        "kid": "https://keyvault_name.vault.azure.net/keys/RSA-55739/e6653419e9ef433aac68e0d8593ef439",
        "value": "GLz7igVsMlzQP1W5e0sBpy46rqNw5rs5BvwDn8dy1fMKSsXdARZ9zDcFP42Q_uyk1VUeQ2XyZxn4kxXRGfeCpBkD7LQI8zr1Cdjo6-5LsCUua4vS-mRUowX6aZfl7QVivqVkexj5nF2WgzqabQFSYE-q6YtLdkz74wKM0BVW7V7fdPs8TXf_Ny-r5zjDcXJwlajYfTdjU4d_2q5LGY-QwvhoNglxNnbEbysuht5u5V7mQCfBj-P2XQA2PIutH7FsIZHCZv4QFqVFGtRggCgBibuvTP1DzyHg07Cb669WVvtfD-tzwuMEAslFHacmZnvdUoGoZc4ZmziAK0c95Q1e7g"
      }
    },
    {
      "RequestUri": "https://keyvault_name.vault.azure.net/keys/RSA-55739?api-version=7.4",
      "RequestMethod": "DELETE",
      "RequestHeaders": {
        "Accept": "application/json",
        "Accept-Encoding": "gzip,deflate",
        "Authorization": "Sanitized",
        "Connection": "keep-alive",
        "User-Agent": "azsdk-js-keyvault-keys/4.7.3 azsdk-js-keyvault-keys/4.8.0-beta.1 core-rest-pipeline/1.12.0 Node/v20.5.0 OS/(x64-Linux-5.15.90.1-microsoft-standard-WSL2)",
        "x-ms-client-request-id": "8849051b-248d-4e71-aedc-06a1a0300a99"
      },
      "RequestBody": null,
      "StatusCode": 200,
      "ResponseHeaders": {
        "Cache-Control": "no-cache",
        "Content-Length": "838",
        "Content-Type": "application/json; charset=utf-8",
        "Date": "Tue, 29 Aug 2023 23:50:43 GMT",
        "Expires": "-1",
        "Pragma": "no-cache",
        "Strict-Transport-Security": "max-age=31536000;includeSubDomains",
        "X-Content-Type-Options": "nosniff",
        "x-ms-client-request-id": "8849051b-248d-4e71-aedc-06a1a0300a99",
        "x-ms-keyvault-network-info": "conn_type=Ipv4;addr=131.107.8.61;act_addr_fam=InterNetwork;",
        "x-ms-keyvault-rbac-assignment-id": "91779ecb-9756-5960-8eff-50b8b477d31a",
        "x-ms-keyvault-rbac-cache": "ra_age=56;da_age=56;rd_age=56;brd_age=21297;ra_notif_age=2242;dec_lev=1;",
        "x-ms-keyvault-region": "northcentralus",
        "x-ms-keyvault-service-version": "1.9.950.1",
        "x-ms-request-id": "165c412a-c529-4db8-a77d-ec7afb0d4e77"
      },
      "ResponseBody": {
        "recoveryId": "https://keyvault_name.vault.azure.net/deletedkeys/RSA-55739",
        "deletedDate": 1693353044,
        "scheduledPurgeDate": 1693957844,
        "key": {
          "kid": "https://keyvault_name.vault.azure.net/keys/RSA-55739/e6653419e9ef433aac68e0d8593ef439",
          "kty": "RSA",
          "key_ops": [
            "encrypt",
            "decrypt",
            "sign",
            "verify",
            "wrapKey",
            "unwrapKey"
          ],
          "n": "07wqw_PzTqOTnty9fsZlKuYQPczovr8uR_qMighrc3byaX3VrGljkaqikt7X6V4-GX4uPRua3y71WI7QmDcL3jnzlFxAzsOTDhvAddN_JssrfZhREYvLD8xTL3FCUQbKomv2egEojIuJL03Yif5gjlSIqXvJ_O5UnwnkfqSBToFfrU9Sihlm4bbqSvG0LcMT0166DUQtoPSXjh2oU4KA60oyoWm_ht5-fUo_0-21rk5o139ZqNgcf_XBkeTTty3TtxCvpbuR-ThBjukkWhl7G1YjuHse1Jr9VdKxukEmQeSKYmgoCq5wy4aF2Ngnd13QMreHTea1BUZABPXsAxebjQ",
          "e": "AQAB"
        },
        "attributes": {
          "enabled": true,
          "created": 1693353043,
          "updated": 1693353043,
          "recoveryLevel": "CustomizedRecoverable\u002BPurgeable",
          "recoverableDays": 7,
          "exportable": false
        }
      }
    },
    {
      "RequestUri": "https://keyvault_name.vault.azure.net/deletedkeys/RSA-55739?api-version=7.4",
      "RequestMethod": "GET",
      "RequestHeaders": {
        "Accept": "application/json",
        "Accept-Encoding": "gzip,deflate",
        "Authorization": "Sanitized",
        "Connection": "keep-alive",
        "User-Agent": "azsdk-js-keyvault-keys/4.7.3 azsdk-js-keyvault-keys/4.8.0-beta.1 core-rest-pipeline/1.12.0 Node/v20.5.0 OS/(x64-Linux-5.15.90.1-microsoft-standard-WSL2)",
        "x-ms-client-request-id": "460b6297-9252-4f5e-8031-94cd3a7c8ac4"
      },
      "RequestBody": null,
      "StatusCode": 404,
      "ResponseHeaders": {
        "Cache-Control": "no-cache",
        "Content-Length": "77",
        "Content-Type": "application/json; charset=utf-8",
        "Date": "Tue, 29 Aug 2023 23:50:43 GMT",
        "Expires": "-1",
        "Pragma": "no-cache",
        "Strict-Transport-Security": "max-age=31536000;includeSubDomains",
        "X-Content-Type-Options": "nosniff",
        "x-ms-client-request-id": "460b6297-9252-4f5e-8031-94cd3a7c8ac4",
        "x-ms-keyvault-network-info": "conn_type=Ipv4;addr=131.107.8.61;act_addr_fam=InterNetwork;",
        "x-ms-keyvault-rbac-assignment-id": "91779ecb-9756-5960-8eff-50b8b477d31a",
        "x-ms-keyvault-rbac-cache": "ra_age=56;da_age=56;rd_age=56;brd_age=21298;ra_notif_age=2242;dec_lev=1;",
        "x-ms-keyvault-region": "northcentralus",
        "x-ms-keyvault-service-version": "1.9.950.1",
        "x-ms-request-id": "a73d0c18-3592-4518-89ad-66f88aa3bea1"
      },
      "ResponseBody": {
        "error": {
          "code": "KeyNotFound",
          "message": "Deleted Key not found: RSA-55739"
        }
      }
    },
    {
      "RequestUri": "https://keyvault_name.vault.azure.net/deletedkeys/RSA-55739?api-version=7.4",
      "RequestMethod": "GET",
      "RequestHeaders": {
        "Accept": "application/json",
        "Accept-Encoding": "gzip,deflate",
        "Authorization": "Sanitized",
        "Connection": "keep-alive",
        "User-Agent": "azsdk-js-keyvault-keys/4.7.3 azsdk-js-keyvault-keys/4.8.0-beta.1 core-rest-pipeline/1.12.0 Node/v20.5.0 OS/(x64-Linux-5.15.90.1-microsoft-standard-WSL2)",
        "x-ms-client-request-id": "a68cab63-a45d-4d81-9552-fce555dd5ad0"
      },
      "RequestBody": null,
      "StatusCode": 404,
      "ResponseHeaders": {
        "Cache-Control": "no-cache",
        "Content-Length": "77",
        "Content-Type": "application/json; charset=utf-8",
        "Date": "Tue, 29 Aug 2023 23:50:43 GMT",
        "Expires": "-1",
        "Pragma": "no-cache",
        "Strict-Transport-Security": "max-age=31536000;includeSubDomains",
        "X-Content-Type-Options": "nosniff",
        "x-ms-client-request-id": "a68cab63-a45d-4d81-9552-fce555dd5ad0",
        "x-ms-keyvault-network-info": "conn_type=Ipv4;addr=131.107.8.61;act_addr_fam=InterNetwork;",
        "x-ms-keyvault-rbac-assignment-id": "91779ecb-9756-5960-8eff-50b8b477d31a",
        "x-ms-keyvault-rbac-cache": "ra_age=57;da_age=56;rd_age=56;brd_age=21298;ra_notif_age=2242;dec_lev=0;",
        "x-ms-keyvault-region": "northcentralus",
        "x-ms-keyvault-service-version": "1.9.950.1",
        "x-ms-request-id": "413ac473-592a-4000-9ced-35f51a2f102a"
      },
      "ResponseBody": {
        "error": {
          "code": "KeyNotFound",
          "message": "Deleted Key not found: RSA-55739"
        }
      }
    },
    {
      "RequestUri": "https://keyvault_name.vault.azure.net/deletedkeys/RSA-55739?api-version=7.4",
      "RequestMethod": "GET",
      "RequestHeaders": {
        "Accept": "application/json",
        "Accept-Encoding": "gzip,deflate",
        "Authorization": "Sanitized",
        "Connection": "keep-alive",
        "User-Agent": "azsdk-js-keyvault-keys/4.7.3 azsdk-js-keyvault-keys/4.8.0-beta.1 core-rest-pipeline/1.12.0 Node/v20.5.0 OS/(x64-Linux-5.15.90.1-microsoft-standard-WSL2)",
        "x-ms-client-request-id": "d1a69538-6431-4a5b-bdf5-366597ce446e"
      },
      "RequestBody": null,
      "StatusCode": 200,
      "ResponseHeaders": {
        "Cache-Control": "no-cache",
        "Content-Length": "838",
        "Content-Type": "application/json; charset=utf-8",
        "Date": "Tue, 29 Aug 2023 23:50:48 GMT",
        "Expires": "-1",
        "Pragma": "no-cache",
        "Strict-Transport-Security": "max-age=31536000;includeSubDomains",
        "X-Content-Type-Options": "nosniff",
        "x-ms-client-request-id": "d1a69538-6431-4a5b-bdf5-366597ce446e",
        "x-ms-keyvault-network-info": "conn_type=Ipv4;addr=131.107.8.61;act_addr_fam=InterNetwork;",
        "x-ms-keyvault-rbac-assignment-id": "91779ecb-9756-5960-8eff-50b8b477d31a",
        "x-ms-keyvault-rbac-cache": "ra_age=62;da_age=61;rd_age=61;brd_age=21303;ra_notif_age=2247;dec_lev=0;",
        "x-ms-keyvault-region": "northcentralus",
        "x-ms-keyvault-service-version": "1.9.950.1",
        "x-ms-request-id": "d16f53d6-0a5f-457f-bca0-bab611811fdd"
      },
      "ResponseBody": {
        "recoveryId": "https://keyvault_name.vault.azure.net/deletedkeys/RSA-55739",
        "deletedDate": 1693353044,
        "scheduledPurgeDate": 1693957844,
        "key": {
          "kid": "https://keyvault_name.vault.azure.net/keys/RSA-55739/e6653419e9ef433aac68e0d8593ef439",
          "kty": "RSA",
          "key_ops": [
            "encrypt",
            "decrypt",
            "sign",
            "verify",
            "wrapKey",
            "unwrapKey"
          ],
          "n": "07wqw_PzTqOTnty9fsZlKuYQPczovr8uR_qMighrc3byaX3VrGljkaqikt7X6V4-GX4uPRua3y71WI7QmDcL3jnzlFxAzsOTDhvAddN_JssrfZhREYvLD8xTL3FCUQbKomv2egEojIuJL03Yif5gjlSIqXvJ_O5UnwnkfqSBToFfrU9Sihlm4bbqSvG0LcMT0166DUQtoPSXjh2oU4KA60oyoWm_ht5-fUo_0-21rk5o139ZqNgcf_XBkeTTty3TtxCvpbuR-ThBjukkWhl7G1YjuHse1Jr9VdKxukEmQeSKYmgoCq5wy4aF2Ngnd13QMreHTea1BUZABPXsAxebjQ",
          "e": "AQAB"
        },
        "attributes": {
          "enabled": true,
          "created": 1693353043,
          "updated": 1693353043,
          "recoveryLevel": "CustomizedRecoverable\u002BPurgeable",
          "recoverableDays": 7,
          "exportable": false
        }
      }
    },
    {
      "RequestUri": "https://keyvault_name.vault.azure.net/deletedkeys/RSA-55739?api-version=7.4",
      "RequestMethod": "DELETE",
      "RequestHeaders": {
        "Accept": "application/json",
        "Accept-Encoding": "gzip,deflate",
        "Authorization": "Sanitized",
        "Connection": "keep-alive",
        "User-Agent": "azsdk-js-keyvault-keys/4.7.3 azsdk-js-keyvault-keys/4.8.0-beta.1 core-rest-pipeline/1.12.0 Node/v20.5.0 OS/(x64-Linux-5.15.90.1-microsoft-standard-WSL2)",
        "x-ms-client-request-id": "0b27ed81-b848-4a24-b1c9-9b11b1dcecb9"
      },
      "RequestBody": null,
      "StatusCode": 204,
      "ResponseHeaders": {
        "Cache-Control": "no-cache",
        "Date": "Tue, 29 Aug 2023 23:50:48 GMT",
        "Expires": "-1",
        "Pragma": "no-cache",
        "Strict-Transport-Security": "max-age=31536000;includeSubDomains",
        "X-Content-Type-Options": "nosniff",
        "x-ms-client-request-id": "0b27ed81-b848-4a24-b1c9-9b11b1dcecb9",
        "x-ms-keyvault-network-info": "conn_type=Ipv4;addr=131.107.8.61;act_addr_fam=InterNetwork;",
        "x-ms-keyvault-rbac-assignment-id": "91779ecb-9756-5960-8eff-50b8b477d31a",
        "x-ms-keyvault-rbac-cache": "ra_age=62;da_age=62;rd_age=62;brd_age=21303;ra_notif_age=2247;dec_lev=1;",
        "x-ms-keyvault-region": "northcentralus",
        "x-ms-keyvault-service-version": "1.9.950.1",
        "x-ms-request-id": "253e5095-c0b0-4b1d-8020-1003715871f9"
      },
      "ResponseBody": null
    }
  ],
  "Variables": {
    "RSA": "RSA-55739"
  }
}
