{
  "Entries": [
    {
      "RequestUri": "https://Sanitized.azure.com/api/projects/project/vector_stores?api-version=2025-05-15-preview",
      "RequestMethod": "POST",
      "RequestHeaders": {
        "Accept": "application/json",
        "Accept-Encoding": "gzip, deflate, br, zstd",
        "Authorization": "Sanitized",
        "Connection": "keep-alive",
        "Content-Length": "2",
        "Content-Type": "application/json",
        "Referer": "http://Sanitized.azure.com/",
        "sec-ch-ua": "\"Chromium\";v=\"136\", \"HeadlessChrome\";v=\"136\", \"Not.A/Brand\";v=\"99\"",
        "sec-ch-ua-mobile": "?0",
        "sec-ch-ua-platform": "\"Windows\"",
        "Sec-Fetch-Dest": "empty",
        "Sec-Fetch-Mode": "cors",
        "Sec-Fetch-Site": "same-site",
        "User-Agent": "Mozilla/5.0 (Windows NT 10.0; Win64; x64) AppleWebKit/537.36 (KHTML, like Gecko) HeadlessChrome/136.0.7103.25 Safari/537.36",
        "x-ms-client-request-id": "Sanitized",
        "x-ms-useragent": "azsdk-js-client azsdk-js-api azsdk-js-ai-agents/1.0.0-beta.1 core-rest-pipeline/1.20.1 Chromium/136 OS/x86-Windows-15.0.0"
      },
      "RequestBody": {},
      "StatusCode": 200,
      "ResponseHeaders": {
        "apim-request-id": "58709a60-74b2-419d-98d2-e691ec19238e",
        "azureml-served-by-cluster": "vienna-eastus-01",
        "Content-Encoding": "gzip",
        "Content-Type": "application/json",
        "Date": "Thu, 08 May 2025 01:12:36 GMT",
        "openai-organization": "1fa34553a93e4e53b531c64321ca4ae2",
        "openai-processing-ms": "37",
        "openai-version": "2020-10-01",
        "Request-Context": "appId=cid-v1:2d2e8e63-272e-4b3c-8598-4ee570a0e70d",
        "Strict-Transport-Security": "max-age=31536000; includeSubDomains; preload",
        "Transfer-Encoding": "chunked",
        "Vary": "Accept-Encoding",
        "X-Content-Type-Options": "nosniff",
        "x-ms-middleware-request-id": "4733709e-a084-451b-82b6-63b8e45e72e7",
        "x-ms-region": "East US",
        "x-ms-response-type": "standard",
        "X-Request-ID": "3cd0cd0113a4e4b32290c6fb4236ffda",
        "x-request-time": "0.254"
      },
      "ResponseBody": {
        "id": "vs_oBMZmua1AzsJqz9ITN2kfEa8",
        "object": "vector_store",
        "name": null,
        "status": "completed",
        "usage_bytes": 0,
        "created_at": 1746666756,
        "file_counts": {
          "in_progress": 0,
          "completed": 0,
          "failed": 0,
          "cancelled": 0,
          "total": 0
        },
        "metadata": {},
        "expires_after": null,
        "expires_at": null,
        "last_active_at": 1746666756
      }
    },
    {
      "RequestUri": "https://Sanitized.azure.com/api/projects/project/files?api-version=2025-05-15-preview",
      "RequestMethod": "POST",
      "RequestHeaders": {
        "Accept": "application/json",
        "Accept-Encoding": "gzip, deflate, br, zstd",
        "Authorization": "Sanitized",
        "Connection": "keep-alive",
        "Content-Length": "337",
        "Content-Type": "multipart/form-data; boundary=--RecordedTestMultipartBoundary",
        "Referer": "http://Sanitized.azure.com/",
        "sec-ch-ua": "\"Chromium\";v=\"136\", \"HeadlessChrome\";v=\"136\", \"Not.A/Brand\";v=\"99\"",
        "sec-ch-ua-mobile": "?0",
        "sec-ch-ua-platform": "\"Windows\"",
        "Sec-Fetch-Dest": "empty",
        "Sec-Fetch-Mode": "cors",
        "Sec-Fetch-Site": "same-site",
        "User-Agent": "Mozilla/5.0 (Windows NT 10.0; Win64; x64) AppleWebKit/537.36 (KHTML, like Gecko) HeadlessChrome/136.0.7103.25 Safari/537.36",
        "x-ms-client-request-id": "Sanitized",
        "x-ms-useragent": "azsdk-js-client azsdk-js-api azsdk-js-ai-agents/1.0.0-beta.1 core-rest-pipeline/1.20.1 Chromium/136 OS/x86-Windows-15.0.0"
      },
      "RequestBody": "LS0tLVJlY29yZGVkVGVzdE11bHRpcGFydEJvdW5kYXJ5DQpjb250ZW50LXR5cGU6IGFwcGxpY2F0aW9uL29jdGV0LXN0cmVhbQ0KY29udGVudC1kaXNwb3NpdGlvbjogZm9ybS1kYXRhOyBuYW1lPSJmaWxlIjsgZmlsZW5hbWU9ImZpbGVuYW1lLnR4dCINCg0KZmlsZUNvbnRlbnQNCi0tLS1SZWNvcmRlZFRlc3RNdWx0aXBhcnRCb3VuZGFyeQ0KY29udGVudC10eXBlOiB0ZXh0L3BsYWluOyBjaGFyc2V0PVVURi04DQpjb250ZW50LWRpc3Bvc2l0aW9uOiBmb3JtLWRhdGE7IG5hbWU9InB1cnBvc2UiDQoNCmFzc2lzdGFudHMNCi0tLS1SZWNvcmRlZFRlc3RNdWx0aXBhcnRCb3VuZGFyeS0tDQoNCg==",
      "StatusCode": 200,
      "ResponseHeaders": {
        "Access-Control-Allow-Origin": "*",
        "apim-request-id": "43f9060a-6056-4ae9-b891-a6c61e9027c4",
        "azureml-served-by-cluster": "vienna-eastus-01",
        "Content-Length": "240",
        "Content-Type": "application/json",
        "Date": "Thu, 08 May 2025 01:12:37 GMT",
        "openai-processing-ms": "419",
        "openai-version": "2020-10-01",
        "Request-Context": "appId=cid-v1:2d2e8e63-272e-4b3c-8598-4ee570a0e70d",
        "Strict-Transport-Security": "max-age=31536000; includeSubDomains; preload",
        "X-Content-Type-Options": "nosniff",
        "x-ms-middleware-request-id": "7c79b27b-47e3-4605-a9f5-7735a427684b",
        "x-ms-region": "East US",
        "x-ms-response-type": "standard",
        "X-Request-ID": "f09f84a3706e5aa561ae9d374bb04504",
        "x-request-time": "0.582"
      },
      "ResponseBody": {
        "object": "file",
        "id": "assistant-2oPqn6CTV6iJiZuyasMrAN",
        "purpose": "assistants",
        "filename": "filename.txt",
        "bytes": 11,
        "created_at": 1746666756,
        "expires_at": null,
        "status": "processed",
        "status_details": null
      }
    },
    {
      "RequestUri": "https://Sanitized.azure.com/api/projects/project/files?api-version=2025-05-15-preview",
      "RequestMethod": "POST",
      "RequestHeaders": {
        "Accept": "application/json",
        "Accept-Encoding": "gzip, deflate, br, zstd",
        "Authorization": "Sanitized",
        "Connection": "keep-alive",
        "Content-Length": "337",
        "Content-Type": "multipart/form-data; boundary=--RecordedTestMultipartBoundary",
        "Referer": "http://Sanitized.azure.com/",
        "sec-ch-ua": "\"Chromium\";v=\"136\", \"HeadlessChrome\";v=\"136\", \"Not.A/Brand\";v=\"99\"",
        "sec-ch-ua-mobile": "?0",
        "sec-ch-ua-platform": "\"Windows\"",
        "Sec-Fetch-Dest": "empty",
        "Sec-Fetch-Mode": "cors",
        "Sec-Fetch-Site": "same-site",
        "User-Agent": "Mozilla/5.0 (Windows NT 10.0; Win64; x64) AppleWebKit/537.36 (KHTML, like Gecko) HeadlessChrome/136.0.7103.25 Safari/537.36",
        "x-ms-client-request-id": "Sanitized",
        "x-ms-useragent": "azsdk-js-client azsdk-js-api azsdk-js-ai-agents/1.0.0-beta.1 core-rest-pipeline/1.20.1 Chromium/136 OS/x86-Windows-15.0.0"
      },
      "RequestBody": "LS0tLVJlY29yZGVkVGVzdE11bHRpcGFydEJvdW5kYXJ5DQpjb250ZW50LXR5cGU6IGFwcGxpY2F0aW9uL29jdGV0LXN0cmVhbQ0KY29udGVudC1kaXNwb3NpdGlvbjogZm9ybS1kYXRhOyBuYW1lPSJmaWxlIjsgZmlsZW5hbWU9ImZpbGVuYW1lLnR4dCINCg0KZmlsZUNvbnRlbnQNCi0tLS1SZWNvcmRlZFRlc3RNdWx0aXBhcnRCb3VuZGFyeQ0KY29udGVudC10eXBlOiB0ZXh0L3BsYWluOyBjaGFyc2V0PVVURi04DQpjb250ZW50LWRpc3Bvc2l0aW9uOiBmb3JtLWRhdGE7IG5hbWU9InB1cnBvc2UiDQoNCmFzc2lzdGFudHMNCi0tLS1SZWNvcmRlZFRlc3RNdWx0aXBhcnRCb3VuZGFyeS0tDQoNCg==",
      "StatusCode": 200,
      "ResponseHeaders": {
        "Access-Control-Allow-Origin": "*",
        "apim-request-id": "5c443cf1-b70e-466c-bb9d-d24943f35e85",
        "azureml-served-by-cluster": "vienna-eastus-01",
        "Content-Length": "240",
        "Content-Type": "application/json",
        "Date": "Thu, 08 May 2025 01:12:38 GMT",
        "openai-processing-ms": "1013",
        "openai-version": "2020-10-01",
        "Request-Context": "appId=cid-v1:2d2e8e63-272e-4b3c-8598-4ee570a0e70d",
        "Strict-Transport-Security": "max-age=31536000; includeSubDomains; preload",
        "X-Content-Type-Options": "nosniff",
        "x-ms-middleware-request-id": "fd5bc1aa-d99c-4ae7-9264-aa13bec23c4f",
        "x-ms-region": "East US",
        "x-ms-response-type": "standard",
        "X-Request-ID": "963e8e0e341c3f7dec76f2a160c83b47",
        "x-request-time": "1.176"
      },
      "ResponseBody": {
        "object": "file",
        "id": "assistant-8D4ZTPZNj5SQaNYFGVzktx",
        "purpose": "assistants",
        "filename": "filename.txt",
        "bytes": 11,
        "created_at": 1746666757,
        "expires_at": null,
        "status": "processed",
        "status_details": null
      }
    },
    {
      "RequestUri": "https://Sanitized.azure.com/api/projects/project/vector_stores/vs_oBMZmua1AzsJqz9ITN2kfEa8/file_batches?api-version=2025-05-15-preview",
      "RequestMethod": "POST",
      "RequestHeaders": {
        "Accept": "application/json",
        "Accept-Encoding": "gzip, deflate, br, zstd",
        "Authorization": "Sanitized",
        "Connection": "keep-alive",
        "Content-Length": "84",
        "Content-Type": "application/json",
        "Referer": "http://Sanitized.azure.com/",
        "sec-ch-ua": "\"Chromium\";v=\"136\", \"HeadlessChrome\";v=\"136\", \"Not.A/Brand\";v=\"99\"",
        "sec-ch-ua-mobile": "?0",
        "sec-ch-ua-platform": "\"Windows\"",
        "Sec-Fetch-Dest": "empty",
        "Sec-Fetch-Mode": "cors",
        "Sec-Fetch-Site": "same-site",
        "User-Agent": "Mozilla/5.0 (Windows NT 10.0; Win64; x64) AppleWebKit/537.36 (KHTML, like Gecko) HeadlessChrome/136.0.7103.25 Safari/537.36",
        "x-ms-client-request-id": "Sanitized",
        "x-ms-useragent": "azsdk-js-client azsdk-js-api azsdk-js-ai-agents/1.0.0-beta.1 core-rest-pipeline/1.20.1 Chromium/136 OS/x86-Windows-15.0.0"
      },
      "RequestBody": {
        "file_ids": [
          "assistant-2oPqn6CTV6iJiZuyasMrAN",
          "assistant-8D4ZTPZNj5SQaNYFGVzktx"
        ]
      },
      "StatusCode": 200,
      "ResponseHeaders": {
        "apim-request-id": "5835a163-b496-46d4-9d09-a806de724312",
        "azureml-served-by-cluster": "vienna-eastus-01",
        "Content-Encoding": "gzip",
        "Content-Type": "application/json",
        "Date": "Thu, 08 May 2025 01:12:38 GMT",
        "openai-organization": "1fa34553a93e4e53b531c64321ca4ae2",
        "openai-processing-ms": "312",
        "openai-version": "2020-10-01",
        "Request-Context": "appId=cid-v1:2d2e8e63-272e-4b3c-8598-4ee570a0e70d",
        "Strict-Transport-Security": "max-age=31536000; includeSubDomains; preload",
        "Transfer-Encoding": "chunked",
        "Vary": "Accept-Encoding",
        "X-Content-Type-Options": "nosniff",
        "x-ms-middleware-request-id": "7104cbc5-1083-48e9-801c-77fe302bfc52",
        "x-ms-region": "East US",
        "x-ms-response-type": "standard",
        "X-Request-ID": "7451c7f68e7119728071213ec19dc48c",
        "x-request-time": "0.446"
      },
      "ResponseBody": {
        "id": "vsfb_652d9a8fe18f4de7909d18f62cb044e0",
        "object": "vector_store.file_batch",
        "created_at": 1746666758,
        "status": "in_progress",
        "vector_store_id": "vs_oBMZmua1AzsJqz9ITN2kfEa8",
        "file_counts": {
          "in_progress": 2,
          "completed": 0,
          "failed": 0,
          "cancelled": 0,
          "total": 2
        }
      }
    },
    {
      "RequestUri": "https://Sanitized.azure.com/api/projects/project/vector_stores/vs_oBMZmua1AzsJqz9ITN2kfEa8/file_batches/vsfb_652d9a8fe18f4de7909d18f62cb044e0?api-version=2025-05-15-preview",
      "RequestMethod": "GET",
      "RequestHeaders": {
        "Accept": "application/json",
        "Accept-Encoding": "gzip, deflate, br, zstd",
        "Authorization": "Sanitized",
        "Connection": "keep-alive",
        "Referer": "http://Sanitized.azure.com/",
        "sec-ch-ua": "\"Chromium\";v=\"136\", \"HeadlessChrome\";v=\"136\", \"Not.A/Brand\";v=\"99\"",
        "sec-ch-ua-mobile": "?0",
        "sec-ch-ua-platform": "\"Windows\"",
        "Sec-Fetch-Dest": "empty",
        "Sec-Fetch-Mode": "cors",
        "Sec-Fetch-Site": "same-site",
        "User-Agent": "Mozilla/5.0 (Windows NT 10.0; Win64; x64) AppleWebKit/537.36 (KHTML, like Gecko) HeadlessChrome/136.0.7103.25 Safari/537.36",
        "x-ms-client-request-id": "Sanitized",
        "x-ms-useragent": "azsdk-js-client azsdk-js-api azsdk-js-ai-agents/1.0.0-beta.1 core-rest-pipeline/1.20.1 Chromium/136 OS/x86-Windows-15.0.0"
      },
      "RequestBody": null,
      "StatusCode": 200,
      "ResponseHeaders": {
        "apim-request-id": "129af1ae-0a31-4962-bedb-1d8a6a5fd7c9",
        "azureml-served-by-cluster": "vienna-eastus-01",
        "Content-Encoding": "gzip",
        "Content-Type": "application/json",
        "Date": "Thu, 08 May 2025 01:12:39 GMT",
        "openai-organization": "1fa34553a93e4e53b531c64321ca4ae2",
        "openai-processing-ms": "63",
        "openai-version": "2020-10-01",
        "Request-Context": "appId=cid-v1:2d2e8e63-272e-4b3c-8598-4ee570a0e70d",
        "Strict-Transport-Security": "max-age=31536000; includeSubDomains; preload",
        "Transfer-Encoding": "chunked",
        "Vary": "Accept-Encoding",
        "X-Content-Type-Options": "nosniff",
        "x-ms-middleware-request-id": "681c8418-dad1-4364-a59a-77f609e2c28e",
        "x-ms-region": "East US",
        "x-ms-response-type": "standard",
        "X-Request-ID": "288626b532972da29d7aae15789c720d",
        "x-request-time": "0.203"
      },
      "ResponseBody": {
        "id": "vsfb_652d9a8fe18f4de7909d18f62cb044e0",
        "object": "vector_store.file_batch",
        "created_at": 1746666759,
        "status": "in_progress",
        "vector_store_id": "vs_oBMZmua1AzsJqz9ITN2kfEa8",
        "file_counts": {
          "in_progress": 2,
          "completed": 0,
          "failed": 0,
          "cancelled": 0,
          "total": 2
        }
      }
    },
    {
      "RequestUri": "https://Sanitized.azure.com/api/projects/project/vector_stores/vs_oBMZmua1AzsJqz9ITN2kfEa8/file_batches/vsfb_652d9a8fe18f4de7909d18f62cb044e0?api-version=2025-05-15-preview",
      "RequestMethod": "GET",
      "RequestHeaders": {
        "Accept": "application/json",
        "Accept-Encoding": "gzip, deflate, br, zstd",
        "Authorization": "Sanitized",
        "Connection": "keep-alive",
        "Referer": "http://Sanitized.azure.com/",
        "sec-ch-ua": "\"Chromium\";v=\"136\", \"HeadlessChrome\";v=\"136\", \"Not.A/Brand\";v=\"99\"",
        "sec-ch-ua-mobile": "?0",
        "sec-ch-ua-platform": "\"Windows\"",
        "Sec-Fetch-Dest": "empty",
        "Sec-Fetch-Mode": "cors",
        "Sec-Fetch-Site": "same-site",
        "User-Agent": "Mozilla/5.0 (Windows NT 10.0; Win64; x64) AppleWebKit/537.36 (KHTML, like Gecko) HeadlessChrome/136.0.7103.25 Safari/537.36",
        "x-ms-client-request-id": "Sanitized",
        "x-ms-useragent": "azsdk-js-client azsdk-js-api azsdk-js-ai-agents/1.0.0-beta.1 core-rest-pipeline/1.20.1 Chromium/136 OS/x86-Windows-15.0.0"
      },
      "RequestBody": null,
      "StatusCode": 200,
      "ResponseHeaders": {
        "apim-request-id": "53a6464b-6856-44dd-950f-019659a4e5db",
        "azureml-served-by-cluster": "vienna-eastus-02",
        "Content-Encoding": "gzip",
        "Content-Type": "application/json",
        "Date": "Thu, 08 May 2025 01:12:40 GMT",
        "openai-organization": "1fa34553a93e4e53b531c64321ca4ae2",
        "openai-processing-ms": "203",
        "openai-version": "2020-10-01",
        "Request-Context": "appId=cid-v1:2d2e8e63-272e-4b3c-8598-4ee570a0e70d",
        "Strict-Transport-Security": "max-age=31536000; includeSubDomains; preload",
        "Transfer-Encoding": "chunked",
        "Vary": "Accept-Encoding",
        "X-Content-Type-Options": "nosniff",
        "x-ms-middleware-request-id": "96e268d0-9380-4d22-9188-99d1a40a1540",
        "x-ms-region": "East US",
        "x-ms-response-type": "standard",
        "X-Request-ID": "91af9225a5832fc04916da3682a8e68b",
        "x-request-time": "0.385"
      },
      "ResponseBody": {
        "id": "vsfb_652d9a8fe18f4de7909d18f62cb044e0",
        "object": "vector_store.file_batch",
        "created_at": 1746666760,
        "status": "completed",
        "vector_store_id": "vs_oBMZmua1AzsJqz9ITN2kfEa8",
        "file_counts": {
          "in_progress": 0,
          "completed": 2,
          "failed": 0,
          "cancelled": 0,
          "total": 2
        }
      }
    },
    {
      "RequestUri": "https://Sanitized.azure.com/api/projects/project/vector_stores/vs_oBMZmua1AzsJqz9ITN2kfEa8/file_batches/vsfb_652d9a8fe18f4de7909d18f62cb044e0/files?api-version=2025-05-15-preview",
      "RequestMethod": "GET",
      "RequestHeaders": {
        "Accept": "application/json",
        "Accept-Encoding": "gzip, deflate, br, zstd",
        "Authorization": "Sanitized",
        "Connection": "keep-alive",
        "Referer": "http://Sanitized.azure.com/",
        "sec-ch-ua": "\"Chromium\";v=\"136\", \"HeadlessChrome\";v=\"136\", \"Not.A/Brand\";v=\"99\"",
        "sec-ch-ua-mobile": "?0",
        "sec-ch-ua-platform": "\"Windows\"",
        "Sec-Fetch-Dest": "empty",
        "Sec-Fetch-Mode": "cors",
        "Sec-Fetch-Site": "same-site",
        "User-Agent": "Mozilla/5.0 (Windows NT 10.0; Win64; x64) AppleWebKit/537.36 (KHTML, like Gecko) HeadlessChrome/136.0.7103.25 Safari/537.36",
        "x-ms-client-request-id": "Sanitized",
        "x-ms-useragent": "azsdk-js-client azsdk-js-api azsdk-js-ai-agents/1.0.0-beta.1 core-rest-pipeline/1.20.1 Chromium/136 OS/x86-Windows-15.0.0"
      },
      "RequestBody": null,
      "StatusCode": 200,
      "ResponseHeaders": {
        "apim-request-id": "75bae6b9-9786-408a-9665-af4076a190ba",
        "azureml-served-by-cluster": "vienna-eastus-02",
        "Content-Encoding": "gzip",
        "Content-Type": "application/json",
        "Date": "Thu, 08 May 2025 01:12:41 GMT",
        "openai-organization": "1fa34553a93e4e53b531c64321ca4ae2",
        "openai-processing-ms": "107",
        "openai-version": "2020-10-01",
        "Request-Context": "appId=cid-v1:2d2e8e63-272e-4b3c-8598-4ee570a0e70d",
        "Strict-Transport-Security": "max-age=31536000; includeSubDomains; preload",
        "Transfer-Encoding": "chunked",
        "Vary": "Accept-Encoding",
        "X-Content-Type-Options": "nosniff",
        "x-ms-middleware-request-id": "94744bd0-9e8b-4272-b7b2-e1916c4b82f9",
        "x-ms-region": "East US",
        "x-ms-response-type": "standard",
        "X-Request-ID": "3d549454e0a60f6de2f1462bd162a730",
        "x-request-time": "0.278"
      },
      "ResponseBody": {
        "object": "list",
        "data": [
          {
            "id": "assistant-2oPqn6CTV6iJiZuyasMrAN",
            "object": "vector_store.file",
            "created_at": 1746666758,
            "vector_store_id": "vs_oBMZmua1AzsJqz9ITN2kfEa8",
            "status": "completed",
            "last_error": null
          },
          {
            "id": "assistant-8D4ZTPZNj5SQaNYFGVzktx",
            "object": "vector_store.file",
            "created_at": 1746666758,
            "vector_store_id": "vs_oBMZmua1AzsJqz9ITN2kfEa8",
            "status": "completed",
            "last_error": null
          }
        ],
        "first_id": "assistant-2oPqn6CTV6iJiZuyasMrAN",
        "last_id": "assistant-8D4ZTPZNj5SQaNYFGVzktx",
        "has_more": false
      }
    },
    {
      "RequestUri": "https://Sanitized.azure.com/api/projects/project/files/assistant-2oPqn6CTV6iJiZuyasMrAN?api-version=2025-05-15-preview",
      "RequestMethod": "DELETE",
      "RequestHeaders": {
        "Accept": "application/json",
        "Accept-Encoding": "gzip, deflate, br, zstd",
        "Authorization": "Sanitized",
        "Connection": "keep-alive",
        "Referer": "http://Sanitized.azure.com/",
        "sec-ch-ua": "\"Chromium\";v=\"136\", \"HeadlessChrome\";v=\"136\", \"Not.A/Brand\";v=\"99\"",
        "sec-ch-ua-mobile": "?0",
        "sec-ch-ua-platform": "\"Windows\"",
        "Sec-Fetch-Dest": "empty",
        "Sec-Fetch-Mode": "cors",
        "Sec-Fetch-Site": "same-site",
        "User-Agent": "Mozilla/5.0 (Windows NT 10.0; Win64; x64) AppleWebKit/537.36 (KHTML, like Gecko) HeadlessChrome/136.0.7103.25 Safari/537.36",
        "x-ms-client-request-id": "Sanitized",
        "x-ms-useragent": "azsdk-js-client azsdk-js-api azsdk-js-ai-agents/1.0.0-beta.1 core-rest-pipeline/1.20.1 Chromium/136 OS/x86-Windows-15.0.0"
      },
      "RequestBody": null,
      "StatusCode": 200,
      "ResponseHeaders": {
        "Access-Control-Allow-Origin": "*",
        "apim-request-id": "5568d408-1033-40c1-8a66-f495326e0c43",
        "azureml-served-by-cluster": "vienna-eastus-02",
        "Content-Length": "86",
        "Content-Type": "application/json",
        "Date": "Thu, 08 May 2025 01:12:41 GMT",
        "openai-processing-ms": "396",
        "openai-version": "2020-10-01",
        "Request-Context": "appId=cid-v1:2d2e8e63-272e-4b3c-8598-4ee570a0e70d",
        "Strict-Transport-Security": "max-age=31536000; includeSubDomains; preload",
        "X-Content-Type-Options": "nosniff",
        "x-ms-middleware-request-id": "505bd323-3621-4104-abc5-9eda2436647b",
        "x-ms-region": "East US",
        "x-ms-response-type": "standard",
        "X-Request-ID": "0b1a57b077cf7cd42a069264361c11ef",
        "x-request-time": "0.578"
      },
      "ResponseBody": {
        "object": "file",
        "deleted": true,
        "id": "assistant-2oPqn6CTV6iJiZuyasMrAN"
      }
    },
    {
      "RequestUri": "https://Sanitized.azure.com/api/projects/project/files/assistant-8D4ZTPZNj5SQaNYFGVzktx?api-version=2025-05-15-preview",
      "RequestMethod": "DELETE",
      "RequestHeaders": {
        "Accept": "application/json",
        "Accept-Encoding": "gzip, deflate, br, zstd",
        "Authorization": "Sanitized",
        "Connection": "keep-alive",
        "Referer": "http://Sanitized.azure.com/",
        "sec-ch-ua": "\"Chromium\";v=\"136\", \"HeadlessChrome\";v=\"136\", \"Not.A/Brand\";v=\"99\"",
        "sec-ch-ua-mobile": "?0",
        "sec-ch-ua-platform": "\"Windows\"",
        "Sec-Fetch-Dest": "empty",
        "Sec-Fetch-Mode": "cors",
        "Sec-Fetch-Site": "same-site",
        "User-Agent": "Mozilla/5.0 (Windows NT 10.0; Win64; x64) AppleWebKit/537.36 (KHTML, like Gecko) HeadlessChrome/136.0.7103.25 Safari/537.36",
        "x-ms-client-request-id": "Sanitized",
        "x-ms-useragent": "azsdk-js-client azsdk-js-api azsdk-js-ai-agents/1.0.0-beta.1 core-rest-pipeline/1.20.1 Chromium/136 OS/x86-Windows-15.0.0"
      },
      "RequestBody": null,
      "StatusCode": 200,
      "ResponseHeaders": {
        "Access-Control-Allow-Origin": "*",
        "apim-request-id": "7e0f7f74-134d-44ae-9f02-68e0608d40b6",
        "azureml-served-by-cluster": "vienna-eastus-02",
        "Content-Length": "86",
        "Content-Type": "application/json",
        "Date": "Thu, 08 May 2025 01:12:42 GMT",
        "openai-processing-ms": "245",
        "openai-version": "2020-10-01",
        "Request-Context": "appId=cid-v1:2d2e8e63-272e-4b3c-8598-4ee570a0e70d",
        "Strict-Transport-Security": "max-age=31536000; includeSubDomains; preload",
        "X-Content-Type-Options": "nosniff",
        "x-ms-middleware-request-id": "64b23f3e-6e09-464b-8efd-3c62567f79a7",
        "x-ms-region": "East US",
        "x-ms-response-type": "standard",
        "X-Request-ID": "c371df9f39672c5ea5b90088adc0d02d",
        "x-request-time": "0.401"
      },
      "ResponseBody": {
        "object": "file",
        "deleted": true,
        "id": "assistant-8D4ZTPZNj5SQaNYFGVzktx"
      }
    },
    {
      "RequestUri": "https://Sanitized.azure.com/api/projects/project/vector_stores/vs_oBMZmua1AzsJqz9ITN2kfEa8?api-version=2025-05-15-preview",
      "RequestMethod": "DELETE",
      "RequestHeaders": {
        "Accept": "application/json",
        "Accept-Encoding": "gzip, deflate, br, zstd",
        "Authorization": "Sanitized",
        "Connection": "keep-alive",
        "Referer": "http://Sanitized.azure.com/",
        "sec-ch-ua": "\"Chromium\";v=\"136\", \"HeadlessChrome\";v=\"136\", \"Not.A/Brand\";v=\"99\"",
        "sec-ch-ua-mobile": "?0",
        "sec-ch-ua-platform": "\"Windows\"",
        "Sec-Fetch-Dest": "empty",
        "Sec-Fetch-Mode": "cors",
        "Sec-Fetch-Site": "same-site",
        "User-Agent": "Mozilla/5.0 (Windows NT 10.0; Win64; x64) AppleWebKit/537.36 (KHTML, like Gecko) HeadlessChrome/136.0.7103.25 Safari/537.36",
        "x-ms-client-request-id": "Sanitized",
        "x-ms-useragent": "azsdk-js-client azsdk-js-api azsdk-js-ai-agents/1.0.0-beta.1 core-rest-pipeline/1.20.1 Chromium/136 OS/x86-Windows-15.0.0"
      },
      "RequestBody": null,
      "StatusCode": 200,
      "ResponseHeaders": {
        "apim-request-id": "e4f6efd5-43b5-4932-ae10-c0e0ce447336",
        "azureml-served-by-cluster": "vienna-eastus-02",
        "Content-Length": "96",
        "Content-Type": "application/json",
        "Date": "Thu, 08 May 2025 01:12:43 GMT",
        "openai-organization": "1fa34553a93e4e53b531c64321ca4ae2",
        "openai-processing-ms": "626",
        "openai-version": "2020-10-01",
        "Request-Context": "appId=cid-v1:2d2e8e63-272e-4b3c-8598-4ee570a0e70d",
        "Strict-Transport-Security": "max-age=31536000; includeSubDomains; preload",
        "X-Content-Type-Options": "nosniff",
        "x-ms-middleware-request-id": "6be806a6-ee8c-4ffc-9033-cbb9bb6bed2b",
        "x-ms-region": "East US",
        "x-ms-response-type": "standard",
        "X-Request-ID": "9fa5e1edd8eb06a85dbe51b37bdb377d",
        "x-request-time": "0.799"
      },
      "ResponseBody": {
        "id": "vs_oBMZmua1AzsJqz9ITN2kfEa8",
        "object": "vector_store.deleted",
        "deleted": true
      }
    }
  ],
  "Variables": {}
}
