{
  "Entries": [
    {
      "RequestUri": "https://tcac7e9c41ef52cec.vault.azure.net/keys/1475686820/create?api-version=7.5",
      "RequestMethod": "POST",
      "RequestHeaders": {
        "Accept": "application/json",
        "Content-Length": "0",
        "traceparent": "00-6a97d9ee5d330b5a39da6e51e4df90bb-3cc8290c970c7519-00",
        "User-Agent": "azsdk-net-Security.KeyVault.Keys/4.6.0-alpha.20240209.1 (.NET 7.0.15; Microsoft Windows 10.0.22631)",
        "x-ms-client-request-id": "2cfdcd3113d824fdc16abab97ac9b936",
        "x-ms-return-client-request-id": "true"
      },
      "RequestBody": null,
      "StatusCode": 401,
      "ResponseHeaders": {
        "Cache-Control": "no-cache",
        "Content-Length": "97",
        "Content-Type": "application/json; charset=utf-8",
        "Date": "Sat, 10 Feb 2024 01:51:36 GMT",
        "Expires": "-1",
        "Pragma": "no-cache",
        "Strict-Transport-Security": "max-age=31536000;includeSubDomains",
        "WWW-Authenticate": "Bearer authorization=\u0022https://login.microsoftonline.com/72f988bf-86f1-41af-91ab-2d7cd011db47\u0022, resource=\u0022https://vault.azure.net\u0022",
        "X-Content-Type-Options": "nosniff",
        "x-ms-client-request-id": "2cfdcd3113d824fdc16abab97ac9b936",
        "x-ms-keyvault-network-info": "conn_type=Ipv4;addr=24.16.18.89;act_addr_fam=InterNetwork;",
        "x-ms-keyvault-region": "westus",
        "x-ms-keyvault-service-version": "1.9.1272.1",
        "x-ms-request-id": "9b06b3cc-629a-440f-a0d5-9c0320b9c693"
      },
      "ResponseBody": {
        "error": {
          "code": "Unauthorized",
          "message": "AKV10000: Request is missing a Bearer or PoP token."
        }
      }
    },
    {
      "RequestUri": "https://tcac7e9c41ef52cec.vault.azure.net/keys/1475686820/create?api-version=7.5",
      "RequestMethod": "POST",
      "RequestHeaders": {
        "Accept": "application/json",
        "Authorization": "Sanitized",
        "Content-Length": "13",
        "Content-Type": "application/json",
        "traceparent": "00-6a97d9ee5d330b5a39da6e51e4df90bb-3cc8290c970c7519-00",
        "User-Agent": "azsdk-net-Security.KeyVault.Keys/4.6.0-alpha.20240209.1 (.NET 7.0.15; Microsoft Windows 10.0.22631)",
        "x-ms-client-request-id": "2cfdcd3113d824fdc16abab97ac9b936",
        "x-ms-return-client-request-id": "true"
      },
      "RequestBody": {
        "kty": "RSA"
      },
      "StatusCode": 200,
      "ResponseHeaders": {
        "Cache-Control": "no-cache",
        "Content-Length": "729",
        "Content-Type": "application/json; charset=utf-8",
        "Date": "Sat, 10 Feb 2024 01:51:36 GMT",
        "Expires": "-1",
        "Pragma": "no-cache",
        "Strict-Transport-Security": "max-age=31536000;includeSubDomains",
        "X-Content-Type-Options": "nosniff",
        "x-ms-client-request-id": "2cfdcd3113d824fdc16abab97ac9b936",
        "x-ms-keyvault-network-info": "conn_type=Ipv4;addr=24.16.18.89;act_addr_fam=InterNetwork;",
        "x-ms-keyvault-rbac-assignment-id": "3a671e1416c74c6388dee86ce824fdec",
        "x-ms-keyvault-region": "westus",
        "x-ms-keyvault-service-version": "1.9.1272.1",
        "x-ms-request-id": "ae02ac77-7db9-41c6-952f-dbd3120f140b"
      },
      "ResponseBody": {
        "key": {
          "kid": "https://tcac7e9c41ef52cec.vault.azure.net/keys/1475686820/b778857410764fadbd04abefb4a8b645",
          "kty": "RSA",
          "key_ops": [
            "encrypt",
            "decrypt",
            "sign",
            "verify",
            "wrapKey",
            "unwrapKey"
          ],
          "n": "0NFws-z-wu14XSS0H10qXlRjrXqaUWsDFC5tI30NYHzat-PmVPAew11mAkWSa3dZ9wu1OTI_XqECADhrWjwIQnPB5WrO9KAKFAoKTI-KezzmAyY6mIbKPLryyA4MlbjhLRO68tTi8_ao9ravolQKgwwqWInxhApiCpat89isMCFWtTotK-1SEv8a7qr-q4ncXS3BGzxgo4ltt4ifzrjZB9PKTlH90wJgfWXs_ViZ7sQECwfM8RdC-8MbJ_3AsulY1qCtxWU_iUCBOCGlUdHgB1ig0WSSJkEkOY1nBfwFmvyhlZtf0cJJPR01QxoNCVC9i7YBSD9ALBli_xiwzEY0lQ",
          "e": "AQAB"
        },
        "attributes": {
          "enabled": true,
          "created": 1707529897,
          "updated": 1707529897,
          "recoveryLevel": "CustomizedRecoverable\u002BPurgeable",
          "recoverableDays": 7,
          "exportable": false,
          "hsmPlatform": "0"
        }
      }
    },
    {
      "RequestUri": "https://tcac7e9c41ef52cec.vault.azure.net/keys/1475686820/b778857410764fadbd04abefb4a8b645?api-version=7.5",
      "RequestMethod": "GET",
      "RequestHeaders": {
        "Accept": "application/json",
        "Authorization": "Sanitized",
        "traceparent": "00-2fd2fc5eb034cea3304dc06fa32b8392-fa9362cb3c8b6e6d-00",
        "User-Agent": "azsdk-net-Security.KeyVault.Keys/4.6.0-alpha.20240209.1 (.NET 7.0.15; Microsoft Windows 10.0.22631)",
        "x-ms-client-request-id": "8fb1697425e3e7160fc58b4021d39218",
        "x-ms-return-client-request-id": "true"
      },
      "RequestBody": null,
      "StatusCode": 200,
      "ResponseHeaders": {
        "Cache-Control": "no-cache",
        "Content-Length": "729",
        "Content-Type": "application/json; charset=utf-8",
        "Date": "Sat, 10 Feb 2024 01:51:36 GMT",
        "Expires": "-1",
        "Pragma": "no-cache",
        "Strict-Transport-Security": "max-age=31536000;includeSubDomains",
        "X-Content-Type-Options": "nosniff",
        "x-ms-client-request-id": "8fb1697425e3e7160fc58b4021d39218",
        "x-ms-keyvault-network-info": "conn_type=Ipv4;addr=24.16.18.89;act_addr_fam=InterNetwork;",
        "x-ms-keyvault-rbac-assignment-id": "3a671e1416c74c6388dee86ce824fdec",
        "x-ms-keyvault-region": "westus",
        "x-ms-keyvault-service-version": "1.9.1272.1",
        "x-ms-request-id": "9d5d74b7-2228-4501-b9a9-cadde5d4464f"
      },
      "ResponseBody": {
        "key": {
          "kid": "https://tcac7e9c41ef52cec.vault.azure.net/keys/1475686820/b778857410764fadbd04abefb4a8b645",
          "kty": "RSA",
          "key_ops": [
            "encrypt",
            "decrypt",
            "sign",
            "verify",
            "wrapKey",
            "unwrapKey"
          ],
          "n": "0NFws-z-wu14XSS0H10qXlRjrXqaUWsDFC5tI30NYHzat-PmVPAew11mAkWSa3dZ9wu1OTI_XqECADhrWjwIQnPB5WrO9KAKFAoKTI-KezzmAyY6mIbKPLryyA4MlbjhLRO68tTi8_ao9ravolQKgwwqWInxhApiCpat89isMCFWtTotK-1SEv8a7qr-q4ncXS3BGzxgo4ltt4ifzrjZB9PKTlH90wJgfWXs_ViZ7sQECwfM8RdC-8MbJ_3AsulY1qCtxWU_iUCBOCGlUdHgB1ig0WSSJkEkOY1nBfwFmvyhlZtf0cJJPR01QxoNCVC9i7YBSD9ALBli_xiwzEY0lQ",
          "e": "AQAB"
        },
        "attributes": {
          "enabled": true,
          "created": 1707529897,
          "updated": 1707529897,
          "recoveryLevel": "CustomizedRecoverable\u002BPurgeable",
          "recoverableDays": 7,
          "exportable": false,
          "hsmPlatform": "0"
        }
      }
    },
    {
      "RequestUri": "https://tcac7e9c41ef52cec.vault.azure.net/keys/1475686820/b778857410764fadbd04abefb4a8b645/decrypt?api-version=7.5",
      "RequestMethod": "POST",
      "RequestHeaders": {
        "Accept": "application/json",
        "Authorization": "Sanitized",
        "Content-Length": "375",
        "Content-Type": "application/json",
        "User-Agent": "azsdk-net-Security.KeyVault.Keys/4.6.0-alpha.20240209.1 (.NET 7.0.15; Microsoft Windows 10.0.22631)",
        "x-ms-client-request-id": "a44c6f79bf2ee408e9a4d8b16c03a0c3",
        "x-ms-return-client-request-id": "true"
      },
      "RequestBody": {
        "alg": "RSA-OAEP-256",
        "value": "y1FLg7ctOcbGJjfFfiBm_fD4J2276s7dSiZ6erYYKFKRFYKb0O9wMBxs3VNTmN6x3vqK5E44Vjp10SzH7BEKydudwN1IUnAFRRu6Y2RUwwGTa5eREiBT9AXnGB4vEXoxofKuOZR9iYfRDTOOE9-FsmqhDyh0LIfNUmTYHPMnnCTQgJeE4V35OWTDDEO9Hp9jW9IsK8Z0sNxZomb6dDXC3XvZp6OmgYu_XSZWCfB4HBuikZL8U3s27HhfXazh6elRhX-iDG9xWVuk4kms8DF7kGl1djrFD4LzpJjZg5-daQ85Zl2amUAqwkUIIBI353RNVt-JSedz4fwoBvuxKinqGw"
      },
      "StatusCode": 200,
      "ResponseHeaders": {
        "Cache-Control": "no-cache",
        "Content-Length": "147",
        "Content-Type": "application/json; charset=utf-8",
        "Date": "Sat, 10 Feb 2024 01:51:37 GMT",
        "Expires": "-1",
        "Pragma": "no-cache",
        "Strict-Transport-Security": "max-age=31536000;includeSubDomains",
        "X-Content-Type-Options": "nosniff",
        "x-ms-client-request-id": "a44c6f79bf2ee408e9a4d8b16c03a0c3",
        "x-ms-keyvault-network-info": "conn_type=Ipv4;addr=24.16.18.89;act_addr_fam=InterNetwork;",
        "x-ms-keyvault-rbac-assignment-id": "3a671e1416c74c6388dee86ce824fdec",
        "x-ms-keyvault-region": "westus",
        "x-ms-keyvault-service-version": "1.9.1272.1",
        "x-ms-request-id": "90fbed9b-200b-44f7-8297-1998d8865911"
      },
      "ResponseBody": {
        "kid": "https://tcac7e9c41ef52cec.vault.azure.net/keys/1475686820/b778857410764fadbd04abefb4a8b645",
        "value": "QSBzaW5nbGUgYmxvY2sgb2YgcGxhaW50ZXh0"
      }
    }
  ],
  "Variables": {
    "AZURE_KEYVAULT_URL": "https://tcac7e9c41ef52cec.vault.azure.net/",
    "RandomSeed": "738927059"
  }
}
