{
  "Entries": [
    {
      "RequestUri": "https://tcac7e9c41ef52cec.vault.azure.net/keys/28591458/create?api-version=7.5-preview.1",
      "RequestMethod": "POST",
      "RequestHeaders": {
        "Accept": "application/json",
        "Content-Length": "0",
        "traceparent": "00-6551f962f3c3654593c785388d8b6ed3-2104338a19236595-00",
        "User-Agent": "azsdk-net-Security.KeyVault.Keys/4.6.0-alpha.20230825.1 (.NET 7.0.10; Microsoft Windows 10.0.22621)",
        "x-ms-client-request-id": "8bca73e4f59caeb1d6cb48d499c7c807",
        "x-ms-return-client-request-id": "true"
      },
      "RequestBody": null,
      "StatusCode": 401,
      "ResponseHeaders": {
        "Cache-Control": "no-cache",
        "Content-Length": "97",
        "Content-Type": "application/json; charset=utf-8",
        "Date": "Fri, 25 Aug 2023 21:15:42 GMT",
        "Expires": "-1",
        "Pragma": "no-cache",
        "Strict-Transport-Security": "max-age=31536000;includeSubDomains",
        "WWW-Authenticate": "Bearer authorization=\u0022https://login.microsoftonline.com/72f988bf-86f1-41af-91ab-2d7cd011db47\u0022, resource=\u0022https://vault.azure.net\u0022",
        "X-Content-Type-Options": "nosniff",
        "x-ms-client-request-id": "8bca73e4f59caeb1d6cb48d499c7c807",
        "x-ms-keyvault-network-info": "conn_type=Ipv4;addr=24.16.18.89;act_addr_fam=InterNetwork;",
        "x-ms-keyvault-region": "westus",
        "x-ms-keyvault-service-version": "1.9.950.1",
        "x-ms-request-id": "36017d28-b953-4aa6-874f-0cc6604f50af"
      },
      "ResponseBody": {
        "error": {
          "code": "Unauthorized",
          "message": "AKV10000: Request is missing a Bearer or PoP token."
        }
      }
    },
    {
      "RequestUri": "https://tcac7e9c41ef52cec.vault.azure.net/keys/28591458/create?api-version=7.5-preview.1",
      "RequestMethod": "POST",
      "RequestHeaders": {
        "Accept": "application/json",
        "Authorization": "Sanitized",
        "Content-Length": "13",
        "Content-Type": "application/json",
        "traceparent": "00-6551f962f3c3654593c785388d8b6ed3-2104338a19236595-00",
        "User-Agent": "azsdk-net-Security.KeyVault.Keys/4.6.0-alpha.20230825.1 (.NET 7.0.10; Microsoft Windows 10.0.22621)",
        "x-ms-client-request-id": "8bca73e4f59caeb1d6cb48d499c7c807",
        "x-ms-return-client-request-id": "true"
      },
      "RequestBody": {
        "kty": "RSA"
      },
      "StatusCode": 200,
      "ResponseHeaders": {
        "Cache-Control": "no-cache",
        "Content-Length": "727",
        "Content-Type": "application/json; charset=utf-8",
        "Date": "Fri, 25 Aug 2023 21:15:43 GMT",
        "Expires": "-1",
        "Pragma": "no-cache",
        "Strict-Transport-Security": "max-age=31536000;includeSubDomains",
        "X-Content-Type-Options": "nosniff",
        "x-ms-client-request-id": "8bca73e4f59caeb1d6cb48d499c7c807",
        "x-ms-keyvault-network-info": "conn_type=Ipv4;addr=24.16.18.89;act_addr_fam=InterNetwork;",
        "x-ms-keyvault-rbac-assignment-id": "466efa33-812c-52bf-a654-fa0cf1fa2619",
        "x-ms-keyvault-rbac-cache": "ra_age=76;da_age=76;rd_age=76;brd_age=13161;ra_notif_age=1821;dec_lev=1;",
        "x-ms-keyvault-region": "westus",
        "x-ms-keyvault-service-version": "1.9.950.1",
        "x-ms-request-id": "db5b2ab5-0946-4e5e-bb70-64001da5d287"
      },
      "ResponseBody": {
        "key": {
          "kid": "https://tcac7e9c41ef52cec.vault.azure.net/keys/28591458/18203e5325954722b14bb5d7111cdaf0",
          "kty": "RSA",
          "key_ops": [
            "encrypt",
            "decrypt",
            "sign",
            "verify",
            "wrapKey",
            "unwrapKey"
          ],
          "n": "tFscEp7VanM8J0obHWCWsPykH4d6OfV5KPe5b-vRbvnzAgKCnjUQjUAx8Uj8Ei2bdk-6x6OhJzt-_n5vkr-18SPenrgtpTC184ztPD-FI-eWb8yrXsah9xvT4yCsgnd_c61OrZTSCuMZ-Qr-tooiEZdXutfvKlOKM0MxDcLCaq3xBaa6mhbnfd5mnxn30UowJSsUTXa-Jlbs_jmoBnt2bVLc656e1at_Gb0dzeI3fgJS2hbU8asTRqd2lilITDCIS_C3OxD_ohEsmIOkziFlLVPGcZZ-0kTp0cH7og9qjMu4iOiK8CTu2U0WZh5OjOeWNp3ozRbSIL0sDVFBUIAY_Q",
          "e": "AQAB"
        },
        "attributes": {
          "enabled": true,
          "created": 1692998143,
          "updated": 1692998143,
          "recoveryLevel": "CustomizedRecoverable\u002BPurgeable",
          "recoverableDays": 7,
          "exportable": false,
          "hsmPlatform": "0"
        }
      }
    },
    {
      "RequestUri": "https://tcac7e9c41ef52cec.vault.azure.net/keys/28591458/18203e5325954722b14bb5d7111cdaf0/encrypt?api-version=7.5-preview.1",
      "RequestMethod": "POST",
      "RequestHeaders": {
        "Accept": "application/json",
        "Authorization": "Sanitized",
        "Content-Length": "69",
        "Content-Type": "application/json",
        "User-Agent": "azsdk-net-Security.KeyVault.Keys/4.6.0-alpha.20230825.1 (.NET 7.0.10; Microsoft Windows 10.0.22621)",
        "x-ms-client-request-id": "34c484c7e11e5f928e024a8b0e2edd37",
        "x-ms-return-client-request-id": "true"
      },
      "RequestBody": {
        "alg": "RSA-OAEP-256",
        "value": "QSBzaW5nbGUgYmxvY2sgb2YgcGxhaW50ZXh0"
      },
      "StatusCode": 200,
      "ResponseHeaders": {
        "Cache-Control": "no-cache",
        "Content-Length": "451",
        "Content-Type": "application/json; charset=utf-8",
        "Date": "Fri, 25 Aug 2023 21:15:43 GMT",
        "Expires": "-1",
        "Pragma": "no-cache",
        "Strict-Transport-Security": "max-age=31536000;includeSubDomains",
        "X-Content-Type-Options": "nosniff",
        "x-ms-client-request-id": "34c484c7e11e5f928e024a8b0e2edd37",
        "x-ms-keyvault-network-info": "conn_type=Ipv4;addr=24.16.18.89;act_addr_fam=InterNetwork;",
        "x-ms-keyvault-rbac-assignment-id": "466efa33-812c-52bf-a654-fa0cf1fa2619",
        "x-ms-keyvault-rbac-cache": "ra_age=76;da_age=76;rd_age=76;brd_age=13161;ra_notif_age=1822;dec_lev=1;",
        "x-ms-keyvault-region": "westus",
        "x-ms-keyvault-service-version": "1.9.950.1",
        "x-ms-request-id": "043f4a75-b9d2-4e4f-bf06-1d07e70ffd5a"
      },
      "ResponseBody": {
        "kid": "https://tcac7e9c41ef52cec.vault.azure.net/keys/28591458/18203e5325954722b14bb5d7111cdaf0",
        "value": "GLJ8vMEvdVl3CWSK0QZGDlo5UGI85JKr09W3KyVEL9n0sy_u4v7mJMPhIwW6eWh4YYgMES9pM72XF7T4l7N1AItaA0lKowSPS1oSWCvo7wCeA8FUZA0VEASpdMcnJ-lo_GI0Bu6jazMAg0pAFxfPn3sh0R3jzq_nWlp7wMWQq09wfhe0lXqdXPdYyBkC5-4t8nfRh2wK09BdaAIoG4uZIyXFGG5nxSSJBnEgfXj9bdT1zLW25PuwINjNs7G0auWXUIxKezku7mLNU88hYN1_yYmLuqYJ7RIKdr7bnqY3QmBg4ndshyLYvp51HqLjd6NtyWUYTApSnfHD_5TIpu8b9Q"
      }
    },
    {
      "RequestUri": "https://tcac7e9c41ef52cec.vault.azure.net/keys/28591458/18203e5325954722b14bb5d7111cdaf0/decrypt?api-version=7.5-preview.1",
      "RequestMethod": "POST",
      "RequestHeaders": {
        "Accept": "application/json",
        "Authorization": "Sanitized",
        "Content-Length": "375",
        "Content-Type": "application/json",
        "User-Agent": "azsdk-net-Security.KeyVault.Keys/4.6.0-alpha.20230825.1 (.NET 7.0.10; Microsoft Windows 10.0.22621)",
        "x-ms-client-request-id": "dd0daf7677bb193e54773027b11c8201",
        "x-ms-return-client-request-id": "true"
      },
      "RequestBody": {
        "alg": "RSA-OAEP-256",
        "value": "GLJ8vMEvdVl3CWSK0QZGDlo5UGI85JKr09W3KyVEL9n0sy_u4v7mJMPhIwW6eWh4YYgMES9pM72XF7T4l7N1AItaA0lKowSPS1oSWCvo7wCeA8FUZA0VEASpdMcnJ-lo_GI0Bu6jazMAg0pAFxfPn3sh0R3jzq_nWlp7wMWQq09wfhe0lXqdXPdYyBkC5-4t8nfRh2wK09BdaAIoG4uZIyXFGG5nxSSJBnEgfXj9bdT1zLW25PuwINjNs7G0auWXUIxKezku7mLNU88hYN1_yYmLuqYJ7RIKdr7bnqY3QmBg4ndshyLYvp51HqLjd6NtyWUYTApSnfHD_5TIpu8b9Q"
      },
      "StatusCode": 200,
      "ResponseHeaders": {
        "Cache-Control": "no-cache",
        "Content-Length": "145",
        "Content-Type": "application/json; charset=utf-8",
        "Date": "Fri, 25 Aug 2023 21:15:43 GMT",
        "Expires": "-1",
        "Pragma": "no-cache",
        "Strict-Transport-Security": "max-age=31536000;includeSubDomains",
        "X-Content-Type-Options": "nosniff",
        "x-ms-client-request-id": "dd0daf7677bb193e54773027b11c8201",
        "x-ms-keyvault-network-info": "conn_type=Ipv4;addr=24.16.18.89;act_addr_fam=InterNetwork;",
        "x-ms-keyvault-rbac-assignment-id": "466efa33-812c-52bf-a654-fa0cf1fa2619",
        "x-ms-keyvault-rbac-cache": "ra_age=76;da_age=76;rd_age=76;brd_age=13161;ra_notif_age=1822;dec_lev=1;",
        "x-ms-keyvault-region": "westus",
        "x-ms-keyvault-service-version": "1.9.950.1",
        "x-ms-request-id": "938fcad7-18fd-4103-b79a-df68046db61a"
      },
      "ResponseBody": {
        "kid": "https://tcac7e9c41ef52cec.vault.azure.net/keys/28591458/18203e5325954722b14bb5d7111cdaf0",
        "value": "QSBzaW5nbGUgYmxvY2sgb2YgcGxhaW50ZXh0"
      }
    }
  ],
  "Variables": {
    "AZURE_AUTHORITY_HOST": "https://login.microsoftonline.com",
    "AZURE_KEYVAULT_URL": "https://tcac7e9c41ef52cec.vault.azure.net/",
    "RandomSeed": "335837827"
  }
}
