{
  "Entries": [
    {
      "RequestUri": "https://tcac7e9c41ef52cec.vault.azure.net/keys/2129628496/create?api-version=7.5-preview.1",
      "RequestMethod": "POST",
      "RequestHeaders": {
        "Accept": "application/json",
        "Content-Length": "0",
        "traceparent": "00-570738693db0f42b1600d2084c2d9b99-456835b7be52d1f3-00",
        "User-Agent": "azsdk-net-Security.KeyVault.Keys/4.6.0-alpha.20230825.1 (.NET 7.0.10; Microsoft Windows 10.0.22621)",
        "x-ms-client-request-id": "73bb09cd42f624b56f416dfe434029d5",
        "x-ms-return-client-request-id": "true"
      },
      "RequestBody": null,
      "StatusCode": 401,
      "ResponseHeaders": {
        "Cache-Control": "no-cache",
        "Content-Length": "97",
        "Content-Type": "application/json; charset=utf-8",
        "Date": "Fri, 25 Aug 2023 21:14:36 GMT",
        "Expires": "-1",
        "Pragma": "no-cache",
        "Strict-Transport-Security": "max-age=31536000;includeSubDomains",
        "WWW-Authenticate": "Bearer authorization=\u0022https://login.microsoftonline.com/72f988bf-86f1-41af-91ab-2d7cd011db47\u0022, resource=\u0022https://vault.azure.net\u0022",
        "X-Content-Type-Options": "nosniff",
        "x-ms-client-request-id": "73bb09cd42f624b56f416dfe434029d5",
        "x-ms-keyvault-network-info": "conn_type=Ipv4;addr=24.16.18.89;act_addr_fam=InterNetwork;",
        "x-ms-keyvault-region": "westus",
        "x-ms-keyvault-service-version": "1.9.950.1",
        "x-ms-request-id": "711d9392-d874-476a-9436-f51c594fe5de"
      },
      "ResponseBody": {
        "error": {
          "code": "Unauthorized",
          "message": "AKV10000: Request is missing a Bearer or PoP token."
        }
      }
    },
    {
      "RequestUri": "https://tcac7e9c41ef52cec.vault.azure.net/keys/2129628496/create?api-version=7.5-preview.1",
      "RequestMethod": "POST",
      "RequestHeaders": {
        "Accept": "application/json",
        "Authorization": "Sanitized",
        "Content-Length": "13",
        "Content-Type": "application/json",
        "traceparent": "00-570738693db0f42b1600d2084c2d9b99-456835b7be52d1f3-00",
        "User-Agent": "azsdk-net-Security.KeyVault.Keys/4.6.0-alpha.20230825.1 (.NET 7.0.10; Microsoft Windows 10.0.22621)",
        "x-ms-client-request-id": "73bb09cd42f624b56f416dfe434029d5",
        "x-ms-return-client-request-id": "true"
      },
      "RequestBody": {
        "kty": "RSA"
      },
      "StatusCode": 200,
      "ResponseHeaders": {
        "Cache-Control": "no-cache",
        "Content-Length": "729",
        "Content-Type": "application/json; charset=utf-8",
        "Date": "Fri, 25 Aug 2023 21:14:36 GMT",
        "Expires": "-1",
        "Pragma": "no-cache",
        "Strict-Transport-Security": "max-age=31536000;includeSubDomains",
        "X-Content-Type-Options": "nosniff",
        "x-ms-client-request-id": "73bb09cd42f624b56f416dfe434029d5",
        "x-ms-keyvault-network-info": "conn_type=Ipv4;addr=24.16.18.89;act_addr_fam=InterNetwork;",
        "x-ms-keyvault-rbac-assignment-id": "466efa33-812c-52bf-a654-fa0cf1fa2619",
        "x-ms-keyvault-rbac-cache": "ra_age=9;da_age=9;rd_age=9;brd_age=13094;ra_notif_age=1754;dec_lev=1;",
        "x-ms-keyvault-region": "westus",
        "x-ms-keyvault-service-version": "1.9.950.1",
        "x-ms-request-id": "a9cc03ac-d4b0-4dcd-870e-e7087fa4f183"
      },
      "ResponseBody": {
        "key": {
          "kid": "https://tcac7e9c41ef52cec.vault.azure.net/keys/2129628496/deb8fdfbee6a406cad54969575af6011",
          "kty": "RSA",
          "key_ops": [
            "encrypt",
            "decrypt",
            "sign",
            "verify",
            "wrapKey",
            "unwrapKey"
          ],
          "n": "szy1IhF66CTbmiF8gXVWQpmo3VUWN3LLv7TaSLdZ7z0GguBtr3HfqSOUW2h_bl0gOxL2Js-HQtOuJsDRUbVUAbzk6zuXBW0U0290Pus6Dr8fS0GJ-oB2zW4nTU8AaHna7uCVbN0Kq3eMlFWkfw_cXk05hS-uoVZCOehqwmq89LsRF1mT_aCtBEAO6elrF1uMzxJIe1c7lS_JLIwkxQQtsW-12peaVAiX9H_4GEl25UnB3fpLnrz_hq_cDlj7PUj5IEkrMROr1OXFUWdT6rEHv3NAJmssYKvTu5FbCUQ23zH5H__QRE5oX-gkoHE0OzJwd3bmTygvRqwcl6fhiriMXQ",
          "e": "AQAB"
        },
        "attributes": {
          "enabled": true,
          "created": 1692998076,
          "updated": 1692998076,
          "recoveryLevel": "CustomizedRecoverable\u002BPurgeable",
          "recoverableDays": 7,
          "exportable": false,
          "hsmPlatform": "0"
        }
      }
    },
    {
      "RequestUri": "https://tcac7e9c41ef52cec.vault.azure.net/keys/2129628496/deb8fdfbee6a406cad54969575af6011/decrypt?api-version=7.5-preview.1",
      "RequestMethod": "POST",
      "RequestHeaders": {
        "Accept": "application/json",
        "Authorization": "Sanitized",
        "Content-Length": "371",
        "Content-Type": "application/json",
        "traceparent": "00-468e0ce4658e6a8b7f1a2a8189e95a0d-3d8d6fc62c9652b6-00",
        "User-Agent": "azsdk-net-Security.KeyVault.Keys/4.6.0-alpha.20230825.1 (.NET 7.0.10; Microsoft Windows 10.0.22621)",
        "x-ms-client-request-id": "cc36ccfd103567e71abf2823908f0b7a",
        "x-ms-return-client-request-id": "true"
      },
      "RequestBody": {
        "alg": "RSA-OAEP",
        "value": "CBqkLXmVA3pGb5tGzs0gdOYyqN1umWGm0I1wNPfcoegeGysiUI58OEWI0KiKWpE_SiDbqSOSB6Gx2L1WgFqN4tt3dmg39A8ZEUEE0oXaTSeztjiuaivL45GMLrHXrW6s2q-17eNPP5wonEJaroIZyBuX-dnLQHmgqqO5jrEfrSUzztGPQrTBZYhpw1uRhOo6vA-jot6icB1-ViCfp8wuX6oExltbqS_T-X3i0ldSZSZnmA5dIqm0M90RHHFGQoNHNXd5WIMHuUWxWNUc9oGN2dL2JGzlkpM1IARpCVdRBhCT9HPh0noDF2iJwL5TlU_37QSzxnuG67cI9AWxUWUtIw"
      },
      "StatusCode": 200,
      "ResponseHeaders": {
        "Cache-Control": "no-cache",
        "Content-Length": "154",
        "Content-Type": "application/json; charset=utf-8",
        "Date": "Fri, 25 Aug 2023 21:14:36 GMT",
        "Expires": "-1",
        "Pragma": "no-cache",
        "Strict-Transport-Security": "max-age=31536000;includeSubDomains",
        "X-Content-Type-Options": "nosniff",
        "x-ms-client-request-id": "cc36ccfd103567e71abf2823908f0b7a",
        "x-ms-keyvault-network-info": "conn_type=Ipv4;addr=24.16.18.89;act_addr_fam=InterNetwork;",
        "x-ms-keyvault-rbac-assignment-id": "466efa33-812c-52bf-a654-fa0cf1fa2619",
        "x-ms-keyvault-rbac-cache": "ra_age=9;da_age=9;rd_age=9;brd_age=13094;ra_notif_age=1755;dec_lev=1;",
        "x-ms-keyvault-region": "westus",
        "x-ms-keyvault-service-version": "1.9.950.1",
        "x-ms-request-id": "466fd56f-7018-4675-ab70-2b91e76f1168"
      },
      "ResponseBody": {
        "kid": "https://tcac7e9c41ef52cec.vault.azure.net/keys/2129628496/deb8fdfbee6a406cad54969575af6011",
        "value": "wsabcWlm7_xK0rEmGPWdBPAi47W1vG0nNsUKIy3iIYg"
      }
    }
  ],
  "Variables": {
    "AZURE_AUTHORITY_HOST": "https://login.microsoftonline.com",
    "AZURE_KEYVAULT_URL": "https://tcac7e9c41ef52cec.vault.azure.net/",
    "RandomSeed": "652084432"
  }
}
