{
  "Entries": [
    {
      "RequestUri": "https://tcac7e9c41ef52cec.vault.azure.net/keys/1761004212/create?api-version=7.5-preview.1",
      "RequestMethod": "POST",
      "RequestHeaders": {
        "Accept": "application/json",
        "Content-Length": "0",
        "traceparent": "00-9f201b1a3190918a353f0b988608ce18-075c1051811f84b9-00",
        "User-Agent": "azsdk-net-Security.KeyVault.Keys/4.6.0-alpha.20230825.1 (.NET 7.0.10; Microsoft Windows 10.0.22621)",
        "x-ms-client-request-id": "1e41d84f277f54a6b8e316e394564533",
        "x-ms-return-client-request-id": "true"
      },
      "RequestBody": null,
      "StatusCode": 401,
      "ResponseHeaders": {
        "Cache-Control": "no-cache",
        "Content-Length": "97",
        "Content-Type": "application/json; charset=utf-8",
        "Date": "Fri, 25 Aug 2023 21:17:11 GMT",
        "Expires": "-1",
        "Pragma": "no-cache",
        "Strict-Transport-Security": "max-age=31536000;includeSubDomains",
        "WWW-Authenticate": "Bearer authorization=\u0022https://login.microsoftonline.com/72f988bf-86f1-41af-91ab-2d7cd011db47\u0022, resource=\u0022https://vault.azure.net\u0022",
        "X-Content-Type-Options": "nosniff",
        "x-ms-client-request-id": "1e41d84f277f54a6b8e316e394564533",
        "x-ms-keyvault-network-info": "conn_type=Ipv4;addr=24.16.18.89;act_addr_fam=InterNetwork;",
        "x-ms-keyvault-region": "westus",
        "x-ms-keyvault-service-version": "1.9.950.1",
        "x-ms-request-id": "5a5674f8-0193-4c6b-9827-a2ed7f047c4c"
      },
      "ResponseBody": {
        "error": {
          "code": "Unauthorized",
          "message": "AKV10000: Request is missing a Bearer or PoP token."
        }
      }
    },
    {
      "RequestUri": "https://tcac7e9c41ef52cec.vault.azure.net/keys/1761004212/create?api-version=7.5-preview.1",
      "RequestMethod": "POST",
      "RequestHeaders": {
        "Accept": "application/json",
        "Authorization": "Sanitized",
        "Content-Length": "13",
        "Content-Type": "application/json",
        "traceparent": "00-9f201b1a3190918a353f0b988608ce18-075c1051811f84b9-00",
        "User-Agent": "azsdk-net-Security.KeyVault.Keys/4.6.0-alpha.20230825.1 (.NET 7.0.10; Microsoft Windows 10.0.22621)",
        "x-ms-client-request-id": "1e41d84f277f54a6b8e316e394564533",
        "x-ms-return-client-request-id": "true"
      },
      "RequestBody": {
        "kty": "RSA"
      },
      "StatusCode": 200,
      "ResponseHeaders": {
        "Cache-Control": "no-cache",
        "Content-Length": "729",
        "Content-Type": "application/json; charset=utf-8",
        "Date": "Fri, 25 Aug 2023 21:17:11 GMT",
        "Expires": "-1",
        "Pragma": "no-cache",
        "Strict-Transport-Security": "max-age=31536000;includeSubDomains",
        "X-Content-Type-Options": "nosniff",
        "x-ms-client-request-id": "1e41d84f277f54a6b8e316e394564533",
        "x-ms-keyvault-network-info": "conn_type=Ipv4;addr=24.16.18.89;act_addr_fam=InterNetwork;",
        "x-ms-keyvault-rbac-assignment-id": "466efa33-812c-52bf-a654-fa0cf1fa2619",
        "x-ms-keyvault-rbac-cache": "ra_age=164;da_age=164;rd_age=164;brd_age=13249;ra_notif_age=1910;dec_lev=1;",
        "x-ms-keyvault-region": "westus",
        "x-ms-keyvault-service-version": "1.9.950.1",
        "x-ms-request-id": "24e67851-dc3e-4018-a5c1-daa8e7365818"
      },
      "ResponseBody": {
        "key": {
          "kid": "https://tcac7e9c41ef52cec.vault.azure.net/keys/1761004212/a760043e60364d77bfb58d60f489b865",
          "kty": "RSA",
          "key_ops": [
            "encrypt",
            "decrypt",
            "sign",
            "verify",
            "wrapKey",
            "unwrapKey"
          ],
          "n": "tEY-jqhazXlQF2-dwI05x8AymE7nddHvHM5o7X0HeMpdUeRbmzeQ5dVZwCECzvWBPQnPjHzqGcS3GbTJeXlBECLXv3Zz0g9D0d2Su-HRB2NWRfRswetjWT-DO0G18WEcPJ_nn3arBCtsYSDia9Pyb41peq9B3gxAbqePXdxq_iPshbc0s938zHmNS0rYk4Qv4j6xr7YuF4G9FKMXFe1BRHFImk7BIW00Jx8wsvFizUrpCQroIm6n-D0f-yKwLfQoKahjZBk7BHweVCvS5l_fWjA4WHjYt6j3S-_MmytZz1jh0jtzvnoW1fPRixqO_3n4CfwXFXIVE6keq6VXT70jNQ",
          "e": "AQAB"
        },
        "attributes": {
          "enabled": true,
          "created": 1692998232,
          "updated": 1692998232,
          "recoveryLevel": "CustomizedRecoverable\u002BPurgeable",
          "recoverableDays": 7,
          "exportable": false,
          "hsmPlatform": "0"
        }
      }
    },
    {
      "RequestUri": "https://tcac7e9c41ef52cec.vault.azure.net/keys/1761004212/encrypt?api-version=7.5-preview.1",
      "RequestMethod": "POST",
      "RequestHeaders": {
        "Accept": "application/json",
        "Authorization": "Sanitized",
        "Content-Length": "65",
        "Content-Type": "application/json",
        "traceparent": "00-707a366f0768712075aa45de0521be9e-056c2fe8196cfd13-00",
        "User-Agent": "azsdk-net-Security.KeyVault.Keys/4.6.0-alpha.20230825.1 (.NET 7.0.10; Microsoft Windows 10.0.22621)",
        "x-ms-client-request-id": "430bfcf482e7c660e39761d841c59032",
        "x-ms-return-client-request-id": "true"
      },
      "RequestBody": {
        "alg": "RSA-OAEP",
        "value": "QSBzaW5nbGUgYmxvY2sgb2YgcGxhaW50ZXh0"
      },
      "StatusCode": 200,
      "ResponseHeaders": {
        "Cache-Control": "no-cache",
        "Content-Length": "453",
        "Content-Type": "application/json; charset=utf-8",
        "Date": "Fri, 25 Aug 2023 21:17:11 GMT",
        "Expires": "-1",
        "Pragma": "no-cache",
        "Strict-Transport-Security": "max-age=31536000;includeSubDomains",
        "X-Content-Type-Options": "nosniff",
        "x-ms-client-request-id": "430bfcf482e7c660e39761d841c59032",
        "x-ms-keyvault-network-info": "conn_type=Ipv4;addr=24.16.18.89;act_addr_fam=InterNetwork;",
        "x-ms-keyvault-rbac-assignment-id": "466efa33-812c-52bf-a654-fa0cf1fa2619",
        "x-ms-keyvault-rbac-cache": "ra_age=165;da_age=165;rd_age=165;brd_age=13250;ra_notif_age=1910;dec_lev=1;",
        "x-ms-keyvault-region": "westus",
        "x-ms-keyvault-service-version": "1.9.950.1",
        "x-ms-request-id": "245fa746-300b-4114-a1ff-5f58d9d373bb"
      },
      "ResponseBody": {
        "kid": "https://tcac7e9c41ef52cec.vault.azure.net/keys/1761004212/a760043e60364d77bfb58d60f489b865",
        "value": "NbsRel1cpUTt0hfywLAQpY5F9z0z3tq8__8k_yHGmJo0skQxt6Hq-lij9hLNvy2oWQ1GdxDgg-LcLlWJxSeICQ-PzBfbefbfd4W7jndYEEAuk0a5F70kLsUe9YjzpCRDveSzYBGwPbBlvnbjDKCkDLoFPwq3lDkCV34MjQJo3iAZVWVfUpk4KxzfdN_rjZq2_qooU2tPHYK5Rbyy3C9ehdgLqxMIOxztzxYEqRXFrpLPdWJ0rwTHkQsxhKOCh5Sb-kGRZtH8Pkky-HBckZ9t6EuAqNz6LwRLMDDeSRjmjOFg5mjjsdtvQP4kPmeJzBrKVugKCm2YYRHqaH04HzPvtw"
      }
    }
  ],
  "Variables": {
    "AZURE_AUTHORITY_HOST": "https://login.microsoftonline.com",
    "AZURE_KEYVAULT_URL": "https://tcac7e9c41ef52cec.vault.azure.net/",
    "RandomSeed": "358119446"
  }
}
