{
  "Entries": [
    {
      "RequestUri": "https://rgjoncardekvv76.vault.azure.net/keys/1055652136?api-version=7.6",
      "RequestMethod": "PUT",
      "RequestHeaders": {
        "Accept": "application/json",
        "Content-Length": "0",
        "traceparent": "00-74ab04e55db9643921ebf532606073ba-fde63bac13343292-00",
        "User-Agent": "azsdk-net-Security.KeyVault.Keys/4.8.0-alpha.20250624.1 (.NET Framework 4.8.9300.0; Microsoft Windows 10.0.26100 )",
        "x-ms-client-request-id": "Sanitized",
        "x-ms-return-client-request-id": "true"
      },
      "RequestBody": null,
      "StatusCode": 401,
      "ResponseHeaders": {
        "Cache-Control": "no-cache",
        "Content-Length": "97",
        "Content-Type": "application/json; charset=utf-8",
        "Date": "Tue, 24 Jun 2025 18:14:04 GMT",
        "Expires": "-1",
        "Pragma": "no-cache",
        "Strict-Transport-Security": "max-age=31536000;includeSubDomains",
        "WWW-Authenticate": "Bearer authorization=\"https://login.microsoftonline.com/70a036f6-8e4d-4615-bad6-149c02e7720d\", resource=\"https://vault.azure.net\"",
        "X-Content-Type-Options": "nosniff",
        "x-ms-client-request-id": "Sanitized",
        "x-ms-keyvault-network-info": "conn_type=Ipv4;addr=50.175.105.250;act_addr_fam=InterNetwork;",
        "x-ms-keyvault-region": "uksouth",
        "x-ms-keyvault-service-version": "1.9.2497.1",
        "x-ms-request-id": "34032a29-b8c1-4ca6-b97b-31858d55a8e1"
      },
      "ResponseBody": {
        "error": {
          "code": "Unauthorized",
          "message": "AKV10000: Request is missing a Bearer or PoP token."
        }
      }
    },
    {
      "RequestUri": "https://rgjoncardekvv76.vault.azure.net/keys/1055652136?api-version=7.6",
      "RequestMethod": "PUT",
      "RequestHeaders": {
        "Accept": "application/json",
        "Authorization": "Sanitized",
        "Content-Length": "1693",
        "Content-Type": "application/json",
        "traceparent": "00-74ab04e55db9643921ebf532606073ba-fde63bac13343292-00",
        "User-Agent": "azsdk-net-Security.KeyVault.Keys/4.8.0-alpha.20250624.1 (.NET Framework 4.8.9300.0; Microsoft Windows 10.0.26100 )",
        "x-ms-client-request-id": "Sanitized",
        "x-ms-return-client-request-id": "true"
      },
      "RequestBody": {
        "key": {
          "kty": "RSA",
          "key_ops": [
            "encrypt",
            "decrypt",
            "sign",
            "verify",
            "wrapKey",
            "unwrapKey"
          ],
          "n": "x2GrX8BMUN86IYdBa0I9vdeB5e3AWeag0Mx-174PzdU9IwiigZTIYND86PbfIuihrkyreOZ9ZRwgGnvy2RCihSiBwB1NxvBPNuCDFEwwXO-ckyZ_9GeTR-g7J5H76f27Z5qmD4RHrlVVODJo_JdCwXdOfI7CJOmcKRL2zpCjdwWqx2NiOzj27ndGC-3Kym5uCNFeqdGG6t_MfBec8q5MAuhHz5XwfC9vm5eH55j0B03VLfNekVJXmb1UtQTvyBQL4LMLcrhDDh8TeaGIyZY5aMsWLP2kXzoNMdjBEgL3O2yhMK1tpM9C4rZc3DP1F9o6Zt_fagRRhIs9i3ufetffrQ",
          "e": "AQAB",
          "dp": "BQwM6ZV3TQ8eSpW_yw4DiW_mVlS2Whndft4GztwbdqGqAqZ3UqS_SxiakcWGSqJfzCw-GHV1s7SFvWp1AYjXtmO4Tu1pU7KzgPMkTBghGPXQ6vNTSXRaxQfmvOBIa6DPDieA3j5lMB6Ky3tVsdQ-6D2w8SpdYzMFBMBSTWj_KPk",
          "dq": "zPkgSf1xe5W0brbbP5lcKvH3FzUpxyqHawyLrTUA_6LYInU1Pm3ZPTkdBmUmCBmw59dt0OzE58sq5C14CZ5dhoyFJ7dP7SLj5XoKwOBt52pcjLZqeXJtEqRlW6Cpy40r6xuBhCb3AEklSsnaQ2AVR2WU47kLAMsHP13fGUsPhBc",
          "qi": "wrQcKRmeJOM44JslEiVbX9tFcui-JU7HDRUFGKhH94ekpQKloADZmPL0M2SAMLlszIPAevMy_WCRAmGeeWjNhGw5HkexE_nqK8ll1R2KR_Sj8gFQCq1yzeMZZz4VjUB8jzCgyTv5lrpYrtbIJqaiqA-WKyj4ORGh8GrF3ZlbGBo",
          "p": "yi6f3VIiMdN1UB-rAEhizxcfpRfkRiL8_CtzTrIfuXKkqlLuBaTrUfqgmz35xAQi0vC0_-4vwIEqPV7kdVXyHBPTWSY4gZG2to5HPCeehwctz9eqXxVQ9ccBX5yunexj_ATat-eAFJzvar02As6q85NGjLkLguFdOctGX6fVvu8",
          "q": "_HQzwzJkn3jn_XnAsGAflMM92fwC9xYtR4j89BOjvyWAPBsdEkNcziKkAX4EevMRZjZJPDtvSWl01TUjkEezFeelJkidtTigRFhjst2Ury5CCCUZSnvlcr7Vo5ILuvdfCximYhltU8GKhhlDU6Q6U5TZmYs65B7FhhWJU7U9iyM",
          "d": "ilp_FimVi4TrjLqTrb9Aosy56fiqQngkXd-ZoVHVG6r-CqKCSdMZnP1IksxEmK-_CflP_8xJdXEn4dji8rd1X1t1df-fqg21mkn_C4W3BbaL-xx7K_j3na1L5zCJE50rf0A0PY44Q4QZZ66rZaP9Ac0tXIeftweYgnQTadG6bOr5VFmhPYqvTKYi3irjwWhOxF9J5ni2fKeQ66J4k7S70lkT6SD1GuUnJ2yYniBzxmFPARD3t-gXXw5rKwL1504Wy9dts4AXrK1cSBbxKvLeFLQbGlIRdQXYLjfjMaWBoykgrm9S9uTRwnM_LlaKocMMTB20d7kq1IjBsz4r0ZhJjQ"
        }
      },
      "StatusCode": 200,
      "ResponseHeaders": {
        "Cache-Control": "no-cache",
        "Content-Length": "727",
        "Content-Type": "application/json; charset=utf-8",
        "Date": "Tue, 24 Jun 2025 18:14:15 GMT",
        "Expires": "-1",
        "Pragma": "no-cache",
        "Strict-Transport-Security": "max-age=31536000;includeSubDomains",
        "X-Content-Type-Options": "nosniff",
        "x-ms-client-request-id": "Sanitized",
        "x-ms-keyvault-network-info": "conn_type=Ipv4;addr=50.175.105.250;act_addr_fam=InterNetwork;",
        "x-ms-keyvault-rbac-assignment-id": "807e5a6370bf5a8fb08644fa8774dd23",
        "x-ms-keyvault-region": "uksouth",
        "x-ms-keyvault-service-version": "1.9.2497.1",
        "x-ms-request-id": "f382854b-8dea-4d91-886b-1d3bf278bb03"
      },
      "ResponseBody": {
        "key": {
          "kid": "https://rgjoncardekvv76.vault.azure.net/keys/1055652136/43c24023be6c41eca15656b5679de490",
          "kty": "RSA",
          "key_ops": [
            "encrypt",
            "decrypt",
            "sign",
            "verify",
            "wrapKey",
            "unwrapKey"
          ],
          "n": "x2GrX8BMUN86IYdBa0I9vdeB5e3AWeag0Mx-174PzdU9IwiigZTIYND86PbfIuihrkyreOZ9ZRwgGnvy2RCihSiBwB1NxvBPNuCDFEwwXO-ckyZ_9GeTR-g7J5H76f27Z5qmD4RHrlVVODJo_JdCwXdOfI7CJOmcKRL2zpCjdwWqx2NiOzj27ndGC-3Kym5uCNFeqdGG6t_MfBec8q5MAuhHz5XwfC9vm5eH55j0B03VLfNekVJXmb1UtQTvyBQL4LMLcrhDDh8TeaGIyZY5aMsWLP2kXzoNMdjBEgL3O2yhMK1tpM9C4rZc3DP1F9o6Zt_fagRRhIs9i3ufetffrQ",
          "e": "AQAB"
        },
        "attributes": {
          "enabled": true,
          "created": 1750788856,
          "updated": 1750788856,
          "recoveryLevel": "CustomizedRecoverable+Purgeable",
          "recoverableDays": 7,
          "exportable": false,
          "hsmPlatform": "0"
        }
      }
    },
    {
      "RequestUri": "https://rgjoncardekvv76.vault.azure.net/keys/1055652136/43c24023be6c41eca15656b5679de490/verify?api-version=7.6",
      "RequestMethod": "POST",
      "RequestHeaders": {
        "Accept": "application/json",
        "Authorization": "Sanitized",
        "Content-Length": "423",
        "Content-Type": "application/json",
        "traceparent": "00-5036d3b4e091e7706545368dfa9cc2c9-eebe5f65e364d47a-00",
        "User-Agent": "azsdk-net-Security.KeyVault.Keys/4.8.0-alpha.20250624.1 (.NET Framework 4.8.9300.0; Microsoft Windows 10.0.26100 )",
        "x-ms-client-request-id": "Sanitized",
        "x-ms-return-client-request-id": "true"
      },
      "RequestBody": {
        "alg": "PS256",
        "digest": "q86gecMhK5kG_apMdSJAwhjHO0HEDYHWw3J0EgnJR6A",
        "value": "SV1DPDx8AUX2HIp7rwS5fmx5mOSVzGAGtPlki70NHHhDBWwOOqqX4kUDt003LD5ytaNO5TNHT0tAYe-W1__s7HcfqUar_VSICWpRouHAdEb0KMVGbuwtpAV9Phm2SOINggB5nnK8FOz9Ie_eASRU6VsbB8ofaWRto0oTPvHGh2ty7EsXE-BIOWLuh2Gl8k2kve2GkcXCW6AE3JdwXYcTVtrxp2PQ3sQiT-mHmCxn8iEcmw3a6P_YqmjlD9H1LCQ5HSAF_LsjcbDnSXmhvltAOE5nrOrUMgg0wKn85DTWfrV9Uhdj0VEDa4T-sowYj5RLOlfozx9mjOCrvnvJZdKUgQ"
      },
      "StatusCode": 200,
      "ResponseHeaders": {
        "Cache-Control": "no-cache",
        "Content-Length": "14",
        "Content-Type": "application/json; charset=utf-8",
        "Date": "Tue, 24 Jun 2025 18:14:18 GMT",
        "Expires": "-1",
        "Pragma": "no-cache",
        "Strict-Transport-Security": "max-age=31536000;includeSubDomains",
        "X-Content-Type-Options": "nosniff",
        "x-ms-client-request-id": "Sanitized",
        "x-ms-keyvault-network-info": "conn_type=Ipv4;addr=50.175.105.250;act_addr_fam=InterNetwork;",
        "x-ms-keyvault-rbac-assignment-id": "807e5a6370bf5a8fb08644fa8774dd23",
        "x-ms-keyvault-region": "uksouth",
        "x-ms-keyvault-service-version": "1.9.2497.1",
        "x-ms-request-id": "4750f223-cc73-4c27-8b11-0cf4cc7157bf"
      },
      "ResponseBody": {
        "value": true
      }
    }
  ],
  "Variables": {
    "AZURE_KEYVAULT_URL": "https://rgjoncardekvv76.vault.azure.net/",
    "RandomSeed": "2105003050"
  }
}
