{
  "Entries": [
    {
      "RequestUri": "https://tb0f745ebb7bfae58.vault.azure.net/keys/503213152?api-version=7.6-preview.1",
      "RequestMethod": "PUT",
      "RequestHeaders": {
        "Accept": "application/json",
        "Content-Length": "0",
        "traceparent": "00-cc8255fb31f4db738da8aca969a4930c-fb8be2e2ba8ada3c-00",
        "User-Agent": "azsdk-net-Security.KeyVault.Keys/4.7.0-alpha.20240820.1 (.NET 8.0.8; Microsoft Windows 10.0.22631)",
        "x-ms-client-request-id": "Sanitized",
        "x-ms-return-client-request-id": "true"
      },
      "RequestBody": null,
      "StatusCode": 401,
      "ResponseHeaders": {
        "Cache-Control": "no-cache",
        "Content-Length": "97",
        "Content-Type": "application/json; charset=utf-8",
        "Date": "Wed, 21 Aug 2024 00:33:41 GMT",
        "Expires": "-1",
        "Pragma": "no-cache",
        "Strict-Transport-Security": "max-age=31536000;includeSubDomains",
        "WWW-Authenticate": "Bearer authorization=\"https://login.microsoftonline.com/72f988bf-86f1-41af-91ab-2d7cd011db47\", resource=\"https://vault.azure.net\"",
        "X-Content-Type-Options": "nosniff",
        "x-ms-client-request-id": "Sanitized",
        "x-ms-keyvault-network-info": "conn_type=Ipv4;addr=131.107.159.204;act_addr_fam=InterNetwork;",
        "x-ms-keyvault-region": "westus",
        "x-ms-keyvault-service-version": "1.9.1652.1",
        "x-ms-request-id": "ceadc154-46ec-4839-a9b4-a453a61d67ea"
      },
      "ResponseBody": {
        "error": {
          "code": "Unauthorized",
          "message": "AKV10000: Request is missing a Bearer or PoP token."
        }
      }
    },
    {
      "RequestUri": "https://tb0f745ebb7bfae58.vault.azure.net/keys/503213152?api-version=7.6-preview.1",
      "RequestMethod": "PUT",
      "RequestHeaders": {
        "Accept": "application/json",
        "Authorization": "Sanitized",
        "Content-Length": "212",
        "Content-Type": "application/json",
        "traceparent": "00-cc8255fb31f4db738da8aca969a4930c-fb8be2e2ba8ada3c-00",
        "User-Agent": "azsdk-net-Security.KeyVault.Keys/4.7.0-alpha.20240820.1 (.NET 8.0.8; Microsoft Windows 10.0.22631)",
        "x-ms-client-request-id": "Sanitized",
        "x-ms-return-client-request-id": "true"
      },
      "RequestBody": {
        "key": {
          "kty": "EC",
          "key_ops": [
            "sign",
            "verify"
          ],
          "crv": "P-256",
          "x": "UCbJ2GQ-EB7KFDFwbNpSh8g9k2mWcC8D6MwJ6gzJhDI",
          "y": "yqr-ye24tk_QFMbIfRkHD4vEY0waOGvC0rAktIpASwc",
          "d": "8L8DBPsp37XV0okvcXuGrlGo-jnF6x1jcpq-k6QM03o"
        }
      },
      "StatusCode": 200,
      "ResponseHeaders": {
        "Cache-Control": "no-cache",
        "Content-Length": "439",
        "Content-Type": "application/json; charset=utf-8",
        "Date": "Wed, 21 Aug 2024 00:33:47 GMT",
        "Expires": "-1",
        "Pragma": "no-cache",
        "Strict-Transport-Security": "max-age=31536000;includeSubDomains",
        "X-Content-Type-Options": "nosniff",
        "x-ms-client-request-id": "Sanitized",
        "x-ms-keyvault-network-info": "conn_type=Ipv4;addr=131.107.159.204;act_addr_fam=InterNetwork;",
        "x-ms-keyvault-rbac-assignment-id": "c098284a2430590b893d9f9a47bc643f",
        "x-ms-keyvault-region": "westus",
        "x-ms-keyvault-service-version": "1.9.1652.1",
        "x-ms-request-id": "2ca9959b-02aa-4285-a3fd-7e46d482fc6d"
      },
      "ResponseBody": {
        "key": {
          "kid": "https://tb0f745ebb7bfae58.vault.azure.net/keys/503213152/14a72bbcedd74368b8e0a79e7175466f",
          "kty": "EC",
          "key_ops": [
            "sign",
            "verify"
          ],
          "crv": "P-256",
          "x": "UCbJ2GQ-EB7KFDFwbNpSh8g9k2mWcC8D6MwJ6gzJhDI",
          "y": "yqr-ye24tk_QFMbIfRkHD4vEY0waOGvC0rAktIpASwc"
        },
        "attributes": {
          "enabled": true,
          "created": 1724200427,
          "updated": 1724200427,
          "recoveryLevel": "CustomizedRecoverable+Purgeable",
          "recoverableDays": 7,
          "exportable": false,
          "hsmPlatform": "0"
        }
      }
    },
    {
      "RequestUri": "https://tb0f745ebb7bfae58.vault.azure.net/keys/503213152/14a72bbcedd74368b8e0a79e7175466f/verify?api-version=7.6-preview.1",
      "RequestMethod": "POST",
      "RequestHeaders": {
        "Accept": "application/json",
        "Authorization": "Sanitized",
        "Content-Length": "167",
        "Content-Type": "application/json",
        "traceparent": "00-4af8989bc652b30853de0bdb284a8270-ba6d313a63007655-00",
        "User-Agent": "azsdk-net-Security.KeyVault.Keys/4.7.0-alpha.20240820.1 (.NET 8.0.8; Microsoft Windows 10.0.22631)",
        "x-ms-client-request-id": "Sanitized",
        "x-ms-return-client-request-id": "true"
      },
      "RequestBody": {
        "alg": "ES256",
        "digest": "XIjjfq223TZDQd3mOUqEvyktARjIgQOh7wsCP3xtCdU",
        "value": "vM0rgja6nWsXguzB0v8BKXdNffHfGXJQ1n0-r9eHWM3p4ak8PT5ZPOc4ng3wapI5LPuXevLANMyan30G6rGaHg"
      },
      "StatusCode": 200,
      "ResponseHeaders": {
        "Cache-Control": "no-cache",
        "Content-Length": "14",
        "Content-Type": "application/json; charset=utf-8",
        "Date": "Wed, 21 Aug 2024 00:33:53 GMT",
        "Expires": "-1",
        "Pragma": "no-cache",
        "Strict-Transport-Security": "max-age=31536000;includeSubDomains",
        "X-Content-Type-Options": "nosniff",
        "x-ms-client-request-id": "Sanitized",
        "x-ms-keyvault-network-info": "conn_type=Ipv4;addr=131.107.159.204;act_addr_fam=InterNetwork;",
        "x-ms-keyvault-rbac-assignment-id": "c098284a2430590b893d9f9a47bc643f",
        "x-ms-keyvault-region": "westus",
        "x-ms-keyvault-service-version": "1.9.1652.1",
        "x-ms-request-id": "66e639a5-b394-4b68-9b16-c2e2613bb2d3"
      },
      "ResponseBody": {
        "value": true
      }
    }
  ],
  "Variables": {
    "AZURE_KEYVAULT_URL": "https://tb0f745ebb7bfae58.vault.azure.net/",
    "RandomSeed": "835866461"
  }
}
