{
  "Entries": [
    {
      "RequestUri": "https://rgjoncardekvv76.vault.azure.net/keys/1560379935/create?api-version=7.6",
      "RequestMethod": "POST",
      "RequestHeaders": {
        "Accept": "application/json",
        "Content-Length": "0",
        "traceparent": "00-e769271d8fca78f64e575782afdee256-0216c70de69fb530-00",
        "User-Agent": "azsdk-net-Security.KeyVault.Keys/4.8.0-alpha.20250624.1 (.NET Framework 4.8.9300.0; Microsoft Windows 10.0.26100 )",
        "x-ms-client-request-id": "Sanitized",
        "x-ms-return-client-request-id": "true"
      },
      "RequestBody": null,
      "StatusCode": 401,
      "ResponseHeaders": {
        "Cache-Control": "no-cache",
        "Content-Length": "97",
        "Content-Type": "application/json; charset=utf-8",
        "Date": "Tue, 24 Jun 2025 18:15:56 GMT",
        "Expires": "-1",
        "Pragma": "no-cache",
        "Strict-Transport-Security": "max-age=31536000;includeSubDomains",
        "WWW-Authenticate": "Bearer authorization=\"https://login.microsoftonline.com/70a036f6-8e4d-4615-bad6-149c02e7720d\", resource=\"https://vault.azure.net\"",
        "X-Content-Type-Options": "nosniff",
        "x-ms-client-request-id": "Sanitized",
        "x-ms-keyvault-network-info": "conn_type=Ipv4;addr=50.175.105.250;act_addr_fam=InterNetwork;",
        "x-ms-keyvault-region": "uksouth",
        "x-ms-keyvault-service-version": "1.9.2497.1",
        "x-ms-request-id": "0968d6f0-66da-4f78-b770-c3c680d4893d"
      },
      "ResponseBody": {
        "error": {
          "code": "Unauthorized",
          "message": "AKV10000: Request is missing a Bearer or PoP token."
        }
      }
    },
    {
      "RequestUri": "https://rgjoncardekvv76.vault.azure.net/keys/1560379935/create?api-version=7.6",
      "RequestMethod": "POST",
      "RequestHeaders": {
        "Accept": "application/json",
        "Authorization": "Sanitized",
        "Content-Length": "13",
        "Content-Type": "application/json",
        "traceparent": "00-e769271d8fca78f64e575782afdee256-0216c70de69fb530-00",
        "User-Agent": "azsdk-net-Security.KeyVault.Keys/4.8.0-alpha.20250624.1 (.NET Framework 4.8.9300.0; Microsoft Windows 10.0.26100 )",
        "x-ms-client-request-id": "Sanitized",
        "x-ms-return-client-request-id": "true"
      },
      "RequestBody": {
        "kty": "RSA"
      },
      "StatusCode": 200,
      "ResponseHeaders": {
        "Cache-Control": "no-cache",
        "Content-Length": "727",
        "Content-Type": "application/json; charset=utf-8",
        "Date": "Tue, 24 Jun 2025 18:16:04 GMT",
        "Expires": "-1",
        "Pragma": "no-cache",
        "Strict-Transport-Security": "max-age=31536000;includeSubDomains",
        "X-Content-Type-Options": "nosniff",
        "x-ms-client-request-id": "Sanitized",
        "x-ms-keyvault-network-info": "conn_type=Ipv4;addr=50.175.105.250;act_addr_fam=InterNetwork;",
        "x-ms-keyvault-rbac-assignment-id": "807e5a6370bf5a8fb08644fa8774dd23",
        "x-ms-keyvault-region": "uksouth",
        "x-ms-keyvault-service-version": "1.9.2497.1",
        "x-ms-request-id": "058c6fbf-4c55-4848-a9ae-2c8319c4006b"
      },
      "ResponseBody": {
        "key": {
          "kid": "https://rgjoncardekvv76.vault.azure.net/keys/1560379935/77c795a3a55643a69eb1359ee59ebced",
          "kty": "RSA",
          "key_ops": [
            "encrypt",
            "decrypt",
            "sign",
            "verify",
            "wrapKey",
            "unwrapKey"
          ],
          "n": "vdoII3PeqzDBC_11oF5spbD2BJczbfNIRYlzC4ZH0bemj87Lhhpyqcao-UikxYJ-jjnTu4XX16RFpIX_JFGvOZzb4y21734C06VDaia5cwSEAKIoLtwUhplawbOb7rbsNwY0LAz3zaaARgt5cPuV6NAgrJJqsAlRcOLkaPRgO6k6GgNBCMzrhBxPd7rZY25ujHrgYS_xJ-DVqtZ70ZYI5SZzxfCkNeviMkpE7fii5aVQZ_ou-PuWJehFXwvW3QEikH0UHt6H8j3q5b844o-cI1mJh7lDimpmRFAbW9JYMiuepabTGClqPvxh18GStou3HKjHGzJmLroekpOJFVj7rQ",
          "e": "AQAB"
        },
        "attributes": {
          "enabled": true,
          "created": 1750788964,
          "updated": 1750788964,
          "recoveryLevel": "CustomizedRecoverable+Purgeable",
          "recoverableDays": 7,
          "exportable": false,
          "hsmPlatform": "0"
        }
      }
    },
    {
      "RequestUri": "https://rgjoncardekvv76.vault.azure.net/keys/1560379935/77c795a3a55643a69eb1359ee59ebced?api-version=7.6",
      "RequestMethod": "GET",
      "RequestHeaders": {
        "Accept": "application/json",
        "Authorization": "Sanitized",
        "traceparent": "00-148e6b909f5c0afa003cec6a617c2c15-ac264c6184b49ba2-00",
        "User-Agent": "azsdk-net-Security.KeyVault.Keys/4.8.0-alpha.20250624.1 (.NET Framework 4.8.9300.0; Microsoft Windows 10.0.26100 )",
        "x-ms-client-request-id": "Sanitized",
        "x-ms-return-client-request-id": "true"
      },
      "RequestBody": null,
      "StatusCode": 200,
      "ResponseHeaders": {
        "Cache-Control": "no-cache",
        "Content-Length": "727",
        "Content-Type": "application/json; charset=utf-8",
        "Date": "Tue, 24 Jun 2025 18:16:06 GMT",
        "Expires": "-1",
        "Pragma": "no-cache",
        "Strict-Transport-Security": "max-age=31536000;includeSubDomains",
        "X-Content-Type-Options": "nosniff",
        "x-ms-client-request-id": "Sanitized",
        "x-ms-keyvault-network-info": "conn_type=Ipv4;addr=50.175.105.250;act_addr_fam=InterNetwork;",
        "x-ms-keyvault-rbac-assignment-id": "807e5a6370bf5a8fb08644fa8774dd23",
        "x-ms-keyvault-region": "uksouth",
        "x-ms-keyvault-service-version": "1.9.2497.1",
        "x-ms-request-id": "d9d4ced8-459a-4793-8dd9-291275945a78"
      },
      "ResponseBody": {
        "key": {
          "kid": "https://rgjoncardekvv76.vault.azure.net/keys/1560379935/77c795a3a55643a69eb1359ee59ebced",
          "kty": "RSA",
          "key_ops": [
            "encrypt",
            "decrypt",
            "sign",
            "verify",
            "wrapKey",
            "unwrapKey"
          ],
          "n": "vdoII3PeqzDBC_11oF5spbD2BJczbfNIRYlzC4ZH0bemj87Lhhpyqcao-UikxYJ-jjnTu4XX16RFpIX_JFGvOZzb4y21734C06VDaia5cwSEAKIoLtwUhplawbOb7rbsNwY0LAz3zaaARgt5cPuV6NAgrJJqsAlRcOLkaPRgO6k6GgNBCMzrhBxPd7rZY25ujHrgYS_xJ-DVqtZ70ZYI5SZzxfCkNeviMkpE7fii5aVQZ_ou-PuWJehFXwvW3QEikH0UHt6H8j3q5b844o-cI1mJh7lDimpmRFAbW9JYMiuepabTGClqPvxh18GStou3HKjHGzJmLroekpOJFVj7rQ",
          "e": "AQAB"
        },
        "attributes": {
          "enabled": true,
          "created": 1750788964,
          "updated": 1750788964,
          "recoveryLevel": "CustomizedRecoverable+Purgeable",
          "recoverableDays": 7,
          "exportable": false,
          "hsmPlatform": "0"
        }
      }
    },
    {
      "RequestUri": "https://rgjoncardekvv76.vault.azure.net/keys/1560379935/77c795a3a55643a69eb1359ee59ebced/sign?api-version=7.6",
      "RequestMethod": "POST",
      "RequestHeaders": {
        "Accept": "application/json",
        "Authorization": "Sanitized",
        "Content-Length": "90",
        "Content-Type": "application/json",
        "traceparent": "00-148e6b909f5c0afa003cec6a617c2c15-fad5a872eaf3d0a9-00",
        "User-Agent": "azsdk-net-Security.KeyVault.Keys/4.8.0-alpha.20250624.1 (.NET Framework 4.8.9300.0; Microsoft Windows 10.0.26100 )",
        "x-ms-client-request-id": "Sanitized",
        "x-ms-return-client-request-id": "true"
      },
      "RequestBody": {
        "alg": "PS384",
        "value": "Pw0nSv47W6RkUWfImE4a40SQX5jSGg6qDcrZ4SZX6ShHR0rD80eqace6TjIW-tGf"
      },
      "StatusCode": 200,
      "ResponseHeaders": {
        "Cache-Control": "no-cache",
        "Content-Length": "451",
        "Content-Type": "application/json; charset=utf-8",
        "Date": "Tue, 24 Jun 2025 18:16:06 GMT",
        "Expires": "-1",
        "Pragma": "no-cache",
        "Strict-Transport-Security": "max-age=31536000;includeSubDomains",
        "X-Content-Type-Options": "nosniff",
        "x-ms-client-request-id": "Sanitized",
        "x-ms-keyvault-network-info": "conn_type=Ipv4;addr=50.175.105.250;act_addr_fam=InterNetwork;",
        "x-ms-keyvault-rbac-assignment-id": "807e5a6370bf5a8fb08644fa8774dd23",
        "x-ms-keyvault-region": "uksouth",
        "x-ms-keyvault-service-version": "1.9.2497.1",
        "x-ms-request-id": "21f766ce-ca2e-422f-9969-749f0d51a163"
      },
      "ResponseBody": {
        "kid": "https://rgjoncardekvv76.vault.azure.net/keys/1560379935/77c795a3a55643a69eb1359ee59ebced",
        "value": "g1uE5f4o185Unx5c6vIkdecmWYZMlro5_36pqhG1vbuAorp0XQ88FGWPuARDLR1tYz0GPSuCS4SW-A-gRczTO2OMH6CayYGe9NBXWuw87Pet99FIO9_OPBfWEWRZsvVtIY4LlMdJS4mfIru8r5PJCIZZK-rv1b-Jx4lZ68uWmz2hMxd07G6P2kUsHgrkble_3HVZZ5lACud1vs8WnIdfQvslbMLueGpBNdAzQSQhGe7RNkyDRYINQIiiJpVbFLNTd6Zjd-nUevWTCG3xTyZm1gow5vdFpFWwK2iJyN_dzeXSyj9truPIm_E218rUQT9QKcAVX51vtsjjozr5Ekf68g"
      }
    }
  ],
  "Variables": {
    "AZURE_KEYVAULT_URL": "https://rgjoncardekvv76.vault.azure.net/",
    "RandomSeed": "565231724"
  }
}
