{
  "Entries": [
    {
      "RequestUri": "https://tb0f745ebb7bfae58.vault.azure.net/keys/745813940/create?api-version=7.6-preview.1",
      "RequestMethod": "POST",
      "RequestHeaders": {
        "Accept": "application/json",
        "Content-Length": "0",
        "traceparent": "00-9d69dd4d5f3eeba7554f072f670183d0-f5f1a92b04e75d5d-00",
        "User-Agent": "azsdk-net-Security.KeyVault.Keys/4.7.0-alpha.20240820.1 (.NET 8.0.8; Microsoft Windows 10.0.22631)",
        "x-ms-client-request-id": "Sanitized",
        "x-ms-return-client-request-id": "true"
      },
      "RequestBody": null,
      "StatusCode": 401,
      "ResponseHeaders": {
        "Cache-Control": "no-cache",
        "Content-Length": "97",
        "Content-Type": "application/json; charset=utf-8",
        "Date": "Wed, 21 Aug 2024 00:35:48 GMT",
        "Expires": "-1",
        "Pragma": "no-cache",
        "Strict-Transport-Security": "max-age=31536000;includeSubDomains",
        "WWW-Authenticate": "Bearer authorization=\"https://login.microsoftonline.com/72f988bf-86f1-41af-91ab-2d7cd011db47\", resource=\"https://vault.azure.net\"",
        "X-Content-Type-Options": "nosniff",
        "x-ms-client-request-id": "Sanitized",
        "x-ms-keyvault-network-info": "conn_type=Ipv4;addr=131.107.159.204;act_addr_fam=InterNetwork;",
        "x-ms-keyvault-region": "westus",
        "x-ms-keyvault-service-version": "1.9.1652.1",
        "x-ms-request-id": "4bb121ed-f623-462a-8453-b957093c4085"
      },
      "ResponseBody": {
        "error": {
          "code": "Unauthorized",
          "message": "AKV10000: Request is missing a Bearer or PoP token."
        }
      }
    },
    {
      "RequestUri": "https://tb0f745ebb7bfae58.vault.azure.net/keys/745813940/create?api-version=7.6-preview.1",
      "RequestMethod": "POST",
      "RequestHeaders": {
        "Accept": "application/json",
        "Authorization": "Sanitized",
        "Content-Length": "26",
        "Content-Type": "application/json",
        "traceparent": "00-9d69dd4d5f3eeba7554f072f670183d0-f5f1a92b04e75d5d-00",
        "User-Agent": "azsdk-net-Security.KeyVault.Keys/4.7.0-alpha.20240820.1 (.NET 8.0.8; Microsoft Windows 10.0.22631)",
        "x-ms-client-request-id": "Sanitized",
        "x-ms-return-client-request-id": "true"
      },
      "RequestBody": {
        "kty": "EC",
        "crv": "P-384"
      },
      "StatusCode": 200,
      "ResponseHeaders": {
        "Cache-Control": "no-cache",
        "Content-Length": "481",
        "Content-Type": "application/json; charset=utf-8",
        "Date": "Wed, 21 Aug 2024 00:35:53 GMT",
        "Expires": "-1",
        "Pragma": "no-cache",
        "Strict-Transport-Security": "max-age=31536000;includeSubDomains",
        "X-Content-Type-Options": "nosniff",
        "x-ms-client-request-id": "Sanitized",
        "x-ms-keyvault-network-info": "conn_type=Ipv4;addr=131.107.159.204;act_addr_fam=InterNetwork;",
        "x-ms-keyvault-rbac-assignment-id": "c098284a2430590b893d9f9a47bc643f",
        "x-ms-keyvault-region": "westus",
        "x-ms-keyvault-service-version": "1.9.1652.1",
        "x-ms-request-id": "e48e6de9-d656-45cf-a430-e1a8f4448ef3"
      },
      "ResponseBody": {
        "key": {
          "kid": "https://tb0f745ebb7bfae58.vault.azure.net/keys/745813940/516bdc6e5ab248c9963e58673e2a3ded",
          "kty": "EC",
          "key_ops": [
            "sign",
            "verify"
          ],
          "crv": "P-384",
          "x": "rexGQhMMf0glefe2MQH6dN0Sks1BE-SwEj_YTv9p_FRvI6pX2H_717w5ZV5tIGBK",
          "y": "iuDcwVYob5mOXzN-MCkdjtBAhZHL14n6RxPDm-jW9MuNTd1CMv6_yaPgm7l1g_9j"
        },
        "attributes": {
          "enabled": true,
          "created": 1724200554,
          "updated": 1724200554,
          "recoveryLevel": "CustomizedRecoverable+Purgeable",
          "recoverableDays": 7,
          "exportable": false,
          "hsmPlatform": "0"
        }
      }
    },
    {
      "RequestUri": "https://tb0f745ebb7bfae58.vault.azure.net/keys/745813940/516bdc6e5ab248c9963e58673e2a3ded?api-version=7.6-preview.1",
      "RequestMethod": "GET",
      "RequestHeaders": {
        "Accept": "application/json",
        "Authorization": "Sanitized",
        "traceparent": "00-b54f2b9433bd252781b9877730a9c3d6-e04e67f5704d8562-00",
        "User-Agent": "azsdk-net-Security.KeyVault.Keys/4.7.0-alpha.20240820.1 (.NET 8.0.8; Microsoft Windows 10.0.22631)",
        "x-ms-client-request-id": "Sanitized",
        "x-ms-return-client-request-id": "true"
      },
      "RequestBody": null,
      "StatusCode": 200,
      "ResponseHeaders": {
        "Cache-Control": "no-cache",
        "Content-Length": "481",
        "Content-Type": "application/json; charset=utf-8",
        "Date": "Wed, 21 Aug 2024 00:35:59 GMT",
        "Expires": "-1",
        "Pragma": "no-cache",
        "Strict-Transport-Security": "max-age=31536000;includeSubDomains",
        "X-Content-Type-Options": "nosniff",
        "x-ms-client-request-id": "Sanitized",
        "x-ms-keyvault-network-info": "conn_type=Ipv4;addr=131.107.159.204;act_addr_fam=InterNetwork;",
        "x-ms-keyvault-rbac-assignment-id": "c098284a2430590b893d9f9a47bc643f",
        "x-ms-keyvault-region": "westus",
        "x-ms-keyvault-service-version": "1.9.1652.1",
        "x-ms-request-id": "0bc62e53-9b25-4d82-aa8b-bb1248de4448"
      },
      "ResponseBody": {
        "key": {
          "kid": "https://tb0f745ebb7bfae58.vault.azure.net/keys/745813940/516bdc6e5ab248c9963e58673e2a3ded",
          "kty": "EC",
          "key_ops": [
            "sign",
            "verify"
          ],
          "crv": "P-384",
          "x": "rexGQhMMf0glefe2MQH6dN0Sks1BE-SwEj_YTv9p_FRvI6pX2H_717w5ZV5tIGBK",
          "y": "iuDcwVYob5mOXzN-MCkdjtBAhZHL14n6RxPDm-jW9MuNTd1CMv6_yaPgm7l1g_9j"
        },
        "attributes": {
          "enabled": true,
          "created": 1724200554,
          "updated": 1724200554,
          "recoveryLevel": "CustomizedRecoverable+Purgeable",
          "recoverableDays": 7,
          "exportable": false,
          "hsmPlatform": "0"
        }
      }
    },
    {
      "RequestUri": "https://tb0f745ebb7bfae58.vault.azure.net/keys/745813940/516bdc6e5ab248c9963e58673e2a3ded/sign?api-version=7.6-preview.1",
      "RequestMethod": "POST",
      "RequestHeaders": {
        "Accept": "application/json",
        "Authorization": "Sanitized",
        "Content-Length": "90",
        "Content-Type": "application/json",
        "traceparent": "00-b54f2b9433bd252781b9877730a9c3d6-63e8635e438573d9-00",
        "User-Agent": "azsdk-net-Security.KeyVault.Keys/4.7.0-alpha.20240820.1 (.NET 8.0.8; Microsoft Windows 10.0.22631)",
        "x-ms-client-request-id": "Sanitized",
        "x-ms-return-client-request-id": "true"
      },
      "RequestBody": {
        "alg": "ES384",
        "value": "zXmYqM1QrFRZUHEtnyvi9H6k0g9cZ3drHsiq62JvbDz_prbDiTwujARuOY-TG_Ck"
      },
      "StatusCode": 200,
      "ResponseHeaders": {
        "Cache-Control": "no-cache",
        "Content-Length": "238",
        "Content-Type": "application/json; charset=utf-8",
        "Date": "Wed, 21 Aug 2024 00:35:59 GMT",
        "Expires": "-1",
        "Pragma": "no-cache",
        "Strict-Transport-Security": "max-age=31536000;includeSubDomains",
        "X-Content-Type-Options": "nosniff",
        "x-ms-client-request-id": "Sanitized",
        "x-ms-keyvault-network-info": "conn_type=Ipv4;addr=131.107.159.204;act_addr_fam=InterNetwork;",
        "x-ms-keyvault-rbac-assignment-id": "c098284a2430590b893d9f9a47bc643f",
        "x-ms-keyvault-region": "westus",
        "x-ms-keyvault-service-version": "1.9.1652.1",
        "x-ms-request-id": "9c9075d3-5baa-419e-bfd7-7c6185656ef3"
      },
      "ResponseBody": {
        "kid": "https://tb0f745ebb7bfae58.vault.azure.net/keys/745813940/516bdc6e5ab248c9963e58673e2a3ded",
        "value": "OSRPJnYkHGZKn7wD5cpOGUDsy0uxJhoGx6F5czSHhLQk9ylTXAs7-m9CbGZJb0Mrv_X759YbmebNKucGdtgHV5jl0QSGW8weA_Na8PTWnfmGOfVFYb3o_vWPLuNAPaeM"
      }
    }
  ],
  "Variables": {
    "AZURE_KEYVAULT_URL": "https://tb0f745ebb7bfae58.vault.azure.net/",
    "RandomSeed": "1672898975"
  }
}
