{
  "Entries": [
    {
      "RequestUri": "https://tcac7e9c41ef52cec.vault.azure.net/keys/644076886/create?api-version=7.5-preview.1",
      "RequestMethod": "POST",
      "RequestHeaders": {
        "Accept": "application/json",
        "Content-Length": "0",
        "traceparent": "00-2a73246c12d840ec1afeb1a6da53448b-f06bf553d979af6a-00",
        "User-Agent": "azsdk-net-Security.KeyVault.Keys/4.6.0-alpha.20230825.1 (.NET 7.0.10; Microsoft Windows 10.0.22621)",
        "x-ms-client-request-id": "b85aa9e2f7e0393a2a1b4b67de944aa5",
        "x-ms-return-client-request-id": "true"
      },
      "RequestBody": null,
      "StatusCode": 401,
      "ResponseHeaders": {
        "Cache-Control": "no-cache",
        "Content-Length": "97",
        "Content-Type": "application/json; charset=utf-8",
        "Date": "Fri, 25 Aug 2023 21:15:17 GMT",
        "Expires": "-1",
        "Pragma": "no-cache",
        "Strict-Transport-Security": "max-age=31536000;includeSubDomains",
        "WWW-Authenticate": "Bearer authorization=\u0022https://login.microsoftonline.com/72f988bf-86f1-41af-91ab-2d7cd011db47\u0022, resource=\u0022https://vault.azure.net\u0022",
        "X-Content-Type-Options": "nosniff",
        "x-ms-client-request-id": "b85aa9e2f7e0393a2a1b4b67de944aa5",
        "x-ms-keyvault-network-info": "conn_type=Ipv4;addr=24.16.18.89;act_addr_fam=InterNetwork;",
        "x-ms-keyvault-region": "westus",
        "x-ms-keyvault-service-version": "1.9.950.1",
        "x-ms-request-id": "faecee6e-3bd9-4d57-adb9-979dc0e3d9c1"
      },
      "ResponseBody": {
        "error": {
          "code": "Unauthorized",
          "message": "AKV10000: Request is missing a Bearer or PoP token."
        }
      }
    },
    {
      "RequestUri": "https://tcac7e9c41ef52cec.vault.azure.net/keys/644076886/create?api-version=7.5-preview.1",
      "RequestMethod": "POST",
      "RequestHeaders": {
        "Accept": "application/json",
        "Authorization": "Sanitized",
        "Content-Length": "13",
        "Content-Type": "application/json",
        "traceparent": "00-2a73246c12d840ec1afeb1a6da53448b-f06bf553d979af6a-00",
        "User-Agent": "azsdk-net-Security.KeyVault.Keys/4.6.0-alpha.20230825.1 (.NET 7.0.10; Microsoft Windows 10.0.22621)",
        "x-ms-client-request-id": "b85aa9e2f7e0393a2a1b4b67de944aa5",
        "x-ms-return-client-request-id": "true"
      },
      "RequestBody": {
        "kty": "RSA"
      },
      "StatusCode": 200,
      "ResponseHeaders": {
        "Cache-Control": "no-cache",
        "Content-Length": "728",
        "Content-Type": "application/json; charset=utf-8",
        "Date": "Fri, 25 Aug 2023 21:15:18 GMT",
        "Expires": "-1",
        "Pragma": "no-cache",
        "Strict-Transport-Security": "max-age=31536000;includeSubDomains",
        "X-Content-Type-Options": "nosniff",
        "x-ms-client-request-id": "b85aa9e2f7e0393a2a1b4b67de944aa5",
        "x-ms-keyvault-network-info": "conn_type=Ipv4;addr=24.16.18.89;act_addr_fam=InterNetwork;",
        "x-ms-keyvault-rbac-assignment-id": "466efa33-812c-52bf-a654-fa0cf1fa2619",
        "x-ms-keyvault-rbac-cache": "ra_age=51;da_age=51;rd_age=51;brd_age=13136;ra_notif_age=1796;dec_lev=1;",
        "x-ms-keyvault-region": "westus",
        "x-ms-keyvault-service-version": "1.9.950.1",
        "x-ms-request-id": "08dfa0fd-864f-43ae-aa36-03ce9abf3bee"
      },
      "ResponseBody": {
        "key": {
          "kid": "https://tcac7e9c41ef52cec.vault.azure.net/keys/644076886/d54dfccc079449beacb756f542af408f",
          "kty": "RSA",
          "key_ops": [
            "encrypt",
            "decrypt",
            "sign",
            "verify",
            "wrapKey",
            "unwrapKey"
          ],
          "n": "keGQrc-ts7REunNJJ9ODa6nuInx1ILcmrG6ZXweu_hWi4lpt7F32ui3uDcuNXyeIAZEFMzwhcbET7-euQ86qlP0tCb7pRunh9ro7-0wzxPKSYAks9ZY5zIBK8rtnOFtvo7fdgL8WwY_3mTVbjb4StfVubZyiyprM2BE3JdPsLyY_IDLv37Qj7Buj1VNoZZPx3TCiiqdi3hJHpoiOsKASJYQl5g-TU1H_2ZpNGVzaIuDujnOtQ9zRqn4WbyZj_O5qdboV1EmCuKzYJNjizIGGbqLoaTJu7cEMlKuvoa8vLSpIhxcaYtA0HYmYj-Ia6XehI8FFTDawzS-ZEwyIrebE0Q",
          "e": "AQAB"
        },
        "attributes": {
          "enabled": true,
          "created": 1692998118,
          "updated": 1692998118,
          "recoveryLevel": "CustomizedRecoverable\u002BPurgeable",
          "recoverableDays": 7,
          "exportable": false,
          "hsmPlatform": "0"
        }
      }
    },
    {
      "RequestUri": "https://tcac7e9c41ef52cec.vault.azure.net/keys/644076886/d54dfccc079449beacb756f542af408f/sign?api-version=7.5-preview.1",
      "RequestMethod": "POST",
      "RequestHeaders": {
        "Accept": "application/json",
        "Authorization": "Sanitized",
        "Content-Length": "69",
        "Content-Type": "application/json",
        "traceparent": "00-eb82912f0918c4b6993f1a83b25386ec-8cc59f4605d9a79d-00",
        "User-Agent": "azsdk-net-Security.KeyVault.Keys/4.6.0-alpha.20230825.1 (.NET 7.0.10; Microsoft Windows 10.0.22621)",
        "x-ms-client-request-id": "a91e6622a33ba09ed5ec68648d0a6bed",
        "x-ms-return-client-request-id": "true"
      },
      "RequestBody": {
        "alg": "RS256",
        "value": "NWX1rKhp_QUs6Htg5t66Kxr40xGZtiDkH43jjm8y-Yw"
      },
      "StatusCode": 200,
      "ResponseHeaders": {
        "Cache-Control": "no-cache",
        "Content-Length": "452",
        "Content-Type": "application/json; charset=utf-8",
        "Date": "Fri, 25 Aug 2023 21:15:18 GMT",
        "Expires": "-1",
        "Pragma": "no-cache",
        "Strict-Transport-Security": "max-age=31536000;includeSubDomains",
        "X-Content-Type-Options": "nosniff",
        "x-ms-client-request-id": "a91e6622a33ba09ed5ec68648d0a6bed",
        "x-ms-keyvault-network-info": "conn_type=Ipv4;addr=24.16.18.89;act_addr_fam=InterNetwork;",
        "x-ms-keyvault-rbac-assignment-id": "466efa33-812c-52bf-a654-fa0cf1fa2619",
        "x-ms-keyvault-rbac-cache": "ra_age=51;da_age=51;rd_age=51;brd_age=13136;ra_notif_age=1797;dec_lev=1;",
        "x-ms-keyvault-region": "westus",
        "x-ms-keyvault-service-version": "1.9.950.1",
        "x-ms-request-id": "b708395f-7f25-47c4-b7d9-271f1ac5e2db"
      },
      "ResponseBody": {
        "kid": "https://tcac7e9c41ef52cec.vault.azure.net/keys/644076886/d54dfccc079449beacb756f542af408f",
        "value": "fV-rCVsPFTE8bFSGJedWIrIwxRk8-rrLLtxXhBA0PWCwGnsAEG_MSxiTUggKoEESNhzvYWgN9PDVYYJknxFITUpqBeClYWExKEjM6LBYnfiG6u0pi_0uy-pZ39frA8NYol_HRc8HOMvcVyLTVBXRoYxk86n_XSlo24qCtktUA22DYyU4QjtVpA0ruoM1qC0lEorTOLQo9HNqNfuj77f4HTaz3PSubpviFb8Zt6RBMUhYmyvfvrESWSMaue7R0a1jkcFz3YKfVj-7ZHfxDkJFklPZWl0LewGyaylq_qEqnXIvIpOGeCFtyYOIuEvz9O1NMMqENyv7y__K-XVmMdweBA"
      }
    },
    {
      "RequestUri": "https://tcac7e9c41ef52cec.vault.azure.net/keys/644076886/d54dfccc079449beacb756f542af408f/sign?api-version=7.5-preview.1",
      "RequestMethod": "POST",
      "RequestHeaders": {
        "Accept": "application/json",
        "Authorization": "Sanitized",
        "Content-Length": "69",
        "Content-Type": "application/json",
        "traceparent": "00-dda9fbf3d1b62d7817015946a0c54e22-47aa4d3f731c729e-00",
        "User-Agent": "azsdk-net-Security.KeyVault.Keys/4.6.0-alpha.20230825.1 (.NET 7.0.10; Microsoft Windows 10.0.22621)",
        "x-ms-client-request-id": "2adad908177b732bc3c7b6b8fdae351f",
        "x-ms-return-client-request-id": "true"
      },
      "RequestBody": {
        "alg": "RS256",
        "value": "NWX1rKhp_QUs6Htg5t66Kxr40xGZtiDkH43jjm8y-Yw"
      },
      "StatusCode": 200,
      "ResponseHeaders": {
        "Cache-Control": "no-cache",
        "Content-Length": "452",
        "Content-Type": "application/json; charset=utf-8",
        "Date": "Fri, 25 Aug 2023 21:15:18 GMT",
        "Expires": "-1",
        "Pragma": "no-cache",
        "Strict-Transport-Security": "max-age=31536000;includeSubDomains",
        "X-Content-Type-Options": "nosniff",
        "x-ms-client-request-id": "2adad908177b732bc3c7b6b8fdae351f",
        "x-ms-keyvault-network-info": "conn_type=Ipv4;addr=24.16.18.89;act_addr_fam=InterNetwork;",
        "x-ms-keyvault-rbac-assignment-id": "466efa33-812c-52bf-a654-fa0cf1fa2619",
        "x-ms-keyvault-rbac-cache": "ra_age=51;da_age=51;rd_age=51;brd_age=13136;ra_notif_age=1797;dec_lev=0;",
        "x-ms-keyvault-region": "westus",
        "x-ms-keyvault-service-version": "1.9.950.1",
        "x-ms-request-id": "ffca5fca-44cd-469d-96bf-b260c4b83ad1"
      },
      "ResponseBody": {
        "kid": "https://tcac7e9c41ef52cec.vault.azure.net/keys/644076886/d54dfccc079449beacb756f542af408f",
        "value": "fV-rCVsPFTE8bFSGJedWIrIwxRk8-rrLLtxXhBA0PWCwGnsAEG_MSxiTUggKoEESNhzvYWgN9PDVYYJknxFITUpqBeClYWExKEjM6LBYnfiG6u0pi_0uy-pZ39frA8NYol_HRc8HOMvcVyLTVBXRoYxk86n_XSlo24qCtktUA22DYyU4QjtVpA0ruoM1qC0lEorTOLQo9HNqNfuj77f4HTaz3PSubpviFb8Zt6RBMUhYmyvfvrESWSMaue7R0a1jkcFz3YKfVj-7ZHfxDkJFklPZWl0LewGyaylq_qEqnXIvIpOGeCFtyYOIuEvz9O1NMMqENyv7y__K-XVmMdweBA"
      }
    },
    {
      "RequestUri": "https://tcac7e9c41ef52cec.vault.azure.net/keys/644076886/d54dfccc079449beacb756f542af408f/verify?api-version=7.5-preview.1",
      "RequestMethod": "POST",
      "RequestHeaders": {
        "Accept": "application/json",
        "Authorization": "Sanitized",
        "Content-Length": "423",
        "Content-Type": "application/json",
        "traceparent": "00-04ff9bbdf06ec728af09335695a1c8d5-f124e81576ef52a1-00",
        "User-Agent": "azsdk-net-Security.KeyVault.Keys/4.6.0-alpha.20230825.1 (.NET 7.0.10; Microsoft Windows 10.0.22621)",
        "x-ms-client-request-id": "bb3e0cb3433dbf01e7efe008fd420424",
        "x-ms-return-client-request-id": "true"
      },
      "RequestBody": {
        "alg": "RS256",
        "digest": "NWX1rKhp_QUs6Htg5t66Kxr40xGZtiDkH43jjm8y-Yw",
        "value": "fV-rCVsPFTE8bFSGJedWIrIwxRk8-rrLLtxXhBA0PWCwGnsAEG_MSxiTUggKoEESNhzvYWgN9PDVYYJknxFITUpqBeClYWExKEjM6LBYnfiG6u0pi_0uy-pZ39frA8NYol_HRc8HOMvcVyLTVBXRoYxk86n_XSlo24qCtktUA22DYyU4QjtVpA0ruoM1qC0lEorTOLQo9HNqNfuj77f4HTaz3PSubpviFb8Zt6RBMUhYmyvfvrESWSMaue7R0a1jkcFz3YKfVj-7ZHfxDkJFklPZWl0LewGyaylq_qEqnXIvIpOGeCFtyYOIuEvz9O1NMMqENyv7y__K-XVmMdweBA"
      },
      "StatusCode": 200,
      "ResponseHeaders": {
        "Cache-Control": "no-cache",
        "Content-Length": "14",
        "Content-Type": "application/json; charset=utf-8",
        "Date": "Fri, 25 Aug 2023 21:15:18 GMT",
        "Expires": "-1",
        "Pragma": "no-cache",
        "Strict-Transport-Security": "max-age=31536000;includeSubDomains",
        "X-Content-Type-Options": "nosniff",
        "x-ms-client-request-id": "bb3e0cb3433dbf01e7efe008fd420424",
        "x-ms-keyvault-network-info": "conn_type=Ipv4;addr=24.16.18.89;act_addr_fam=InterNetwork;",
        "x-ms-keyvault-rbac-assignment-id": "466efa33-812c-52bf-a654-fa0cf1fa2619",
        "x-ms-keyvault-rbac-cache": "ra_age=51;da_age=51;rd_age=51;brd_age=13136;ra_notif_age=1797;dec_lev=1;",
        "x-ms-keyvault-region": "westus",
        "x-ms-keyvault-service-version": "1.9.950.1",
        "x-ms-request-id": "f1b5804b-4fe3-4cea-8420-bc8b41b512f3"
      },
      "ResponseBody": {
        "value": true
      }
    },
    {
      "RequestUri": "https://tcac7e9c41ef52cec.vault.azure.net/keys/644076886/d54dfccc079449beacb756f542af408f/verify?api-version=7.5-preview.1",
      "RequestMethod": "POST",
      "RequestHeaders": {
        "Accept": "application/json",
        "Authorization": "Sanitized",
        "Content-Length": "423",
        "Content-Type": "application/json",
        "traceparent": "00-dfb88b213f43af55075ac019fe3a889f-59ae091400218ea0-00",
        "User-Agent": "azsdk-net-Security.KeyVault.Keys/4.6.0-alpha.20230825.1 (.NET 7.0.10; Microsoft Windows 10.0.22621)",
        "x-ms-client-request-id": "01f64a09b9eb0ad73babe573ece5a326",
        "x-ms-return-client-request-id": "true"
      },
      "RequestBody": {
        "alg": "RS256",
        "digest": "NWX1rKhp_QUs6Htg5t66Kxr40xGZtiDkH43jjm8y-Yw",
        "value": "fV-rCVsPFTE8bFSGJedWIrIwxRk8-rrLLtxXhBA0PWCwGnsAEG_MSxiTUggKoEESNhzvYWgN9PDVYYJknxFITUpqBeClYWExKEjM6LBYnfiG6u0pi_0uy-pZ39frA8NYol_HRc8HOMvcVyLTVBXRoYxk86n_XSlo24qCtktUA22DYyU4QjtVpA0ruoM1qC0lEorTOLQo9HNqNfuj77f4HTaz3PSubpviFb8Zt6RBMUhYmyvfvrESWSMaue7R0a1jkcFz3YKfVj-7ZHfxDkJFklPZWl0LewGyaylq_qEqnXIvIpOGeCFtyYOIuEvz9O1NMMqENyv7y__K-XVmMdweBA"
      },
      "StatusCode": 200,
      "ResponseHeaders": {
        "Cache-Control": "no-cache",
        "Content-Length": "14",
        "Content-Type": "application/json; charset=utf-8",
        "Date": "Fri, 25 Aug 2023 21:15:18 GMT",
        "Expires": "-1",
        "Pragma": "no-cache",
        "Strict-Transport-Security": "max-age=31536000;includeSubDomains",
        "X-Content-Type-Options": "nosniff",
        "x-ms-client-request-id": "01f64a09b9eb0ad73babe573ece5a326",
        "x-ms-keyvault-network-info": "conn_type=Ipv4;addr=24.16.18.89;act_addr_fam=InterNetwork;",
        "x-ms-keyvault-rbac-assignment-id": "466efa33-812c-52bf-a654-fa0cf1fa2619",
        "x-ms-keyvault-rbac-cache": "ra_age=51;da_age=51;rd_age=51;brd_age=13136;ra_notif_age=1797;dec_lev=0;",
        "x-ms-keyvault-region": "westus",
        "x-ms-keyvault-service-version": "1.9.950.1",
        "x-ms-request-id": "803843f7-bdf6-4a8b-a4d4-1694f386f86c"
      },
      "ResponseBody": {
        "value": true
      }
    }
  ],
  "Variables": {
    "AZURE_AUTHORITY_HOST": "https://login.microsoftonline.com",
    "AZURE_KEYVAULT_URL": "https://tcac7e9c41ef52cec.vault.azure.net/",
    "RandomSeed": "177581105"
  }
}
