{
  "Entries": [
    {
      "RequestUri": "https://rgjoncardekv318.vault.azure.net/keys/218179972/create?api-version=7.6-preview.2",
      "RequestMethod": "POST",
      "RequestHeaders": {
        "Accept": "application/json",
        "Content-Length": "0",
        "traceparent": "00-3f0c4a3c55c950ca6a91bce79118999a-73d507365b26c3b2-00",
        "User-Agent": "azsdk-net-Security.KeyVault.Keys/4.8.0-alpha.20250324.1 (.NET Framework 4.8.9290.0; Microsoft Windows 10.0.26100 )",
        "x-ms-client-request-id": "Sanitized",
        "x-ms-return-client-request-id": "true"
      },
      "RequestBody": null,
      "StatusCode": 401,
      "ResponseHeaders": {
        "Cache-Control": "no-cache",
        "Content-Length": "97",
        "Content-Type": "application/json; charset=utf-8",
        "Date": "Tue, 25 Mar 2025 19:04:42 GMT",
        "Expires": "-1",
        "Pragma": "no-cache",
        "Strict-Transport-Security": "max-age=31536000;includeSubDomains",
        "WWW-Authenticate": "Bearer authorization=\"https://login.microsoftonline.com/70a036f6-8e4d-4615-bad6-149c02e7720d\", resource=\"https://vault.azure.net\"",
        "X-Content-Type-Options": "nosniff",
        "x-ms-client-request-id": "Sanitized",
        "x-ms-keyvault-network-info": "conn_type=Ipv4;addr=131.107.159.78;act_addr_fam=InterNetwork;",
        "x-ms-keyvault-region": "uksouth",
        "x-ms-keyvault-service-version": "1.9.2228.1",
        "x-ms-request-id": "a4c77e9c-16cd-408d-99b2-a106d77f8340"
      },
      "ResponseBody": {
        "error": {
          "code": "Unauthorized",
          "message": "AKV10000: Request is missing a Bearer or PoP token."
        }
      }
    },
    {
      "RequestUri": "https://rgjoncardekv318.vault.azure.net/keys/218179972/create?api-version=7.6-preview.2",
      "RequestMethod": "POST",
      "RequestHeaders": {
        "Accept": "application/json",
        "Authorization": "Sanitized",
        "Content-Length": "13",
        "Content-Type": "application/json",
        "traceparent": "00-3f0c4a3c55c950ca6a91bce79118999a-73d507365b26c3b2-00",
        "User-Agent": "azsdk-net-Security.KeyVault.Keys/4.8.0-alpha.20250324.1 (.NET Framework 4.8.9290.0; Microsoft Windows 10.0.26100 )",
        "x-ms-client-request-id": "Sanitized",
        "x-ms-return-client-request-id": "true"
      },
      "RequestBody": {
        "kty": "RSA"
      },
      "StatusCode": 200,
      "ResponseHeaders": {
        "Cache-Control": "no-cache",
        "Content-Length": "726",
        "Content-Type": "application/json; charset=utf-8",
        "Date": "Tue, 25 Mar 2025 19:04:49 GMT",
        "Expires": "-1",
        "Pragma": "no-cache",
        "Strict-Transport-Security": "max-age=31536000;includeSubDomains",
        "X-Content-Type-Options": "nosniff",
        "x-ms-client-request-id": "Sanitized",
        "x-ms-keyvault-network-info": "conn_type=Ipv4;addr=131.107.159.78;act_addr_fam=InterNetwork;",
        "x-ms-keyvault-rbac-assignment-id": "51713a6279975a008ee1cc332762ac3b",
        "x-ms-keyvault-region": "uksouth",
        "x-ms-keyvault-service-version": "1.9.2228.1",
        "x-ms-request-id": "352b6a5b-23cf-4700-a937-1c1a1af0d570"
      },
      "ResponseBody": {
        "key": {
          "kid": "https://rgjoncardekv318.vault.azure.net/keys/218179972/53a0efd1defe47eb83d9891f7851e514",
          "kty": "RSA",
          "key_ops": [
            "encrypt",
            "decrypt",
            "sign",
            "verify",
            "wrapKey",
            "unwrapKey"
          ],
          "n": "wGngI9p3O5tvfPIgws2dS6KGJ22IHN3ZIEdLmQfIvoJzYpZ8aqGXvj3WcibbbTS1gHyUM6DAyEK2fNEVEhJkqCt0-jFhwmvCjCSN2NjtaLfmHgg-N82ROdWcq_d1J149lPGl3cSVlF608BIJ4Uvp_HBrogawMqaIJCUbYFaPJHemFp3eGz-mV3cH22X2iBqnj2mlTT2psFPo0Bcv0lXPNS82H7eVODCC4EOkHOwwZ-HHt574McFbD6k0Z8ySMCAenhb_3IxMDLEXqDUcqL2Jn57sicpc3ecCpB3YfXCUqLp-oVBkLO2I2Pn9NsYsdGVgytRnMNjt5RHQccpNRDR8XQ",
          "e": "AQAB"
        },
        "attributes": {
          "enabled": true,
          "created": 1742929489,
          "updated": 1742929489,
          "recoveryLevel": "CustomizedRecoverable+Purgeable",
          "recoverableDays": 7,
          "exportable": false,
          "hsmPlatform": "0"
        }
      }
    },
    {
      "RequestUri": "https://rgjoncardekv318.vault.azure.net/keys/218179972/53a0efd1defe47eb83d9891f7851e514/sign?api-version=7.6-preview.2",
      "RequestMethod": "POST",
      "RequestHeaders": {
        "Accept": "application/json",
        "Authorization": "Sanitized",
        "Content-Length": "69",
        "Content-Type": "application/json",
        "traceparent": "00-4fadb1c31e8665190ececc5fd976e5c2-7f6bf7d99a88861a-00",
        "User-Agent": "azsdk-net-Security.KeyVault.Keys/4.8.0-alpha.20250324.1 (.NET Framework 4.8.9290.0; Microsoft Windows 10.0.26100 )",
        "x-ms-client-request-id": "Sanitized",
        "x-ms-return-client-request-id": "true"
      },
      "RequestBody": {
        "alg": "PS256",
        "value": "TjUpdW0Q6agoGkFRuhn2EkDiJLagKCe6nfGDjcHYLZ0"
      },
      "StatusCode": 200,
      "ResponseHeaders": {
        "Cache-Control": "no-cache",
        "Content-Length": "450",
        "Content-Type": "application/json; charset=utf-8",
        "Date": "Tue, 25 Mar 2025 19:04:51 GMT",
        "Expires": "-1",
        "Pragma": "no-cache",
        "Strict-Transport-Security": "max-age=31536000;includeSubDomains",
        "X-Content-Type-Options": "nosniff",
        "x-ms-client-request-id": "Sanitized",
        "x-ms-keyvault-network-info": "conn_type=Ipv4;addr=131.107.159.78;act_addr_fam=InterNetwork;",
        "x-ms-keyvault-rbac-assignment-id": "51713a6279975a008ee1cc332762ac3b",
        "x-ms-keyvault-region": "uksouth",
        "x-ms-keyvault-service-version": "1.9.2228.1",
        "x-ms-request-id": "dd55d6fa-a969-4b5b-85c4-a05d1c7b5201"
      },
      "ResponseBody": {
        "kid": "https://rgjoncardekv318.vault.azure.net/keys/218179972/53a0efd1defe47eb83d9891f7851e514",
        "value": "T1-BJb1tArcJPITgu8WmdNThS7UtWnokZ6FgHxBq2VjNR6Vm6-AHUinHdUvG9MnUV2LtxfHM7hGMmmAF24rhCOhcLAFI5zizMw5NyB53ePyKx5ngYWbS4xqIgr9sGpH0f2Uq4br38wdYWosZpK0qcCzL34X_-zpjMhG6X-bLeyclRCNmCNZ4LgEDaW5r5xvZLIilA3Jr8rLINJ2KcWTh3PNEVll_u9qXOwXoYw28r1I72wZ-g7bDJ_0qbSUHPsTLrc95VwZzEz28og6ByeiNr2BzQGJNyVnMjrL2RVkYmeRBWu9-2bpeW3_R4ICijHwGkFuXZ1hQ3Iv_mH3pq0Br3g"
      }
    },
    {
      "RequestUri": "https://rgjoncardekv318.vault.azure.net/keys/218179972/53a0efd1defe47eb83d9891f7851e514/sign?api-version=7.6-preview.2",
      "RequestMethod": "POST",
      "RequestHeaders": {
        "Accept": "application/json",
        "Authorization": "Sanitized",
        "Content-Length": "69",
        "Content-Type": "application/json",
        "traceparent": "00-b9e1bb3b742908acd6fb5e917429ba6d-12f3eda544b7e7ed-00",
        "User-Agent": "azsdk-net-Security.KeyVault.Keys/4.8.0-alpha.20250324.1 (.NET Framework 4.8.9290.0; Microsoft Windows 10.0.26100 )",
        "x-ms-client-request-id": "Sanitized",
        "x-ms-return-client-request-id": "true"
      },
      "RequestBody": {
        "alg": "PS256",
        "value": "TjUpdW0Q6agoGkFRuhn2EkDiJLagKCe6nfGDjcHYLZ0"
      },
      "StatusCode": 200,
      "ResponseHeaders": {
        "Cache-Control": "no-cache",
        "Content-Length": "450",
        "Content-Type": "application/json; charset=utf-8",
        "Date": "Tue, 25 Mar 2025 19:04:51 GMT",
        "Expires": "-1",
        "Pragma": "no-cache",
        "Strict-Transport-Security": "max-age=31536000;includeSubDomains",
        "X-Content-Type-Options": "nosniff",
        "x-ms-client-request-id": "Sanitized",
        "x-ms-keyvault-network-info": "conn_type=Ipv4;addr=131.107.159.78;act_addr_fam=InterNetwork;",
        "x-ms-keyvault-rbac-assignment-id": "51713a6279975a008ee1cc332762ac3b",
        "x-ms-keyvault-region": "uksouth",
        "x-ms-keyvault-service-version": "1.9.2228.1",
        "x-ms-request-id": "3058cfa6-1006-4d56-afc1-430034dfaa25"
      },
      "ResponseBody": {
        "kid": "https://rgjoncardekv318.vault.azure.net/keys/218179972/53a0efd1defe47eb83d9891f7851e514",
        "value": "tjIAkSq7d15lOVhHFZQPlcLDrzipn0YS5KakXJASWtDrpzVRtSEgbnh6ohrEtk6rbr9gGlDmJjzJuxhFqqi3rJXX6MpFSzgvKvCmG2OT_B0r1TTlCu6b6YnP6VE0Z8Ml6d92MCet_GLvIoINYQHgFF8BnUyv0st4imyj_9TkELSya3ugmrGMATrUKzaWzxOgSLT9qUmPMJjGUKC_ciVm-D3lJGoaBONyFsBdZWRw97v78cSHe446qEvrG_P3E6eMYwkzp3JM4POtNocZW-oIgB_Hz8FoH8Cyu6rFlu1WL5U5W19jp-gNmsy2o_oxfncoa5vQX_nfqMq1OG4MUFjjaA"
      }
    },
    {
      "RequestUri": "https://rgjoncardekv318.vault.azure.net/keys/218179972/53a0efd1defe47eb83d9891f7851e514/verify?api-version=7.6-preview.2",
      "RequestMethod": "POST",
      "RequestHeaders": {
        "Accept": "application/json",
        "Authorization": "Sanitized",
        "Content-Length": "423",
        "Content-Type": "application/json",
        "traceparent": "00-722a257b227174c2ed0d63cb51e9b616-b2e5aa30408dc93c-00",
        "User-Agent": "azsdk-net-Security.KeyVault.Keys/4.8.0-alpha.20250324.1 (.NET Framework 4.8.9290.0; Microsoft Windows 10.0.26100 )",
        "x-ms-client-request-id": "Sanitized",
        "x-ms-return-client-request-id": "true"
      },
      "RequestBody": {
        "alg": "PS256",
        "digest": "TjUpdW0Q6agoGkFRuhn2EkDiJLagKCe6nfGDjcHYLZ0",
        "value": "tjIAkSq7d15lOVhHFZQPlcLDrzipn0YS5KakXJASWtDrpzVRtSEgbnh6ohrEtk6rbr9gGlDmJjzJuxhFqqi3rJXX6MpFSzgvKvCmG2OT_B0r1TTlCu6b6YnP6VE0Z8Ml6d92MCet_GLvIoINYQHgFF8BnUyv0st4imyj_9TkELSya3ugmrGMATrUKzaWzxOgSLT9qUmPMJjGUKC_ciVm-D3lJGoaBONyFsBdZWRw97v78cSHe446qEvrG_P3E6eMYwkzp3JM4POtNocZW-oIgB_Hz8FoH8Cyu6rFlu1WL5U5W19jp-gNmsy2o_oxfncoa5vQX_nfqMq1OG4MUFjjaA"
      },
      "StatusCode": 200,
      "ResponseHeaders": {
        "Cache-Control": "no-cache",
        "Content-Length": "14",
        "Content-Type": "application/json; charset=utf-8",
        "Date": "Tue, 25 Mar 2025 19:04:51 GMT",
        "Expires": "-1",
        "Pragma": "no-cache",
        "Strict-Transport-Security": "max-age=31536000;includeSubDomains",
        "X-Content-Type-Options": "nosniff",
        "x-ms-client-request-id": "Sanitized",
        "x-ms-keyvault-network-info": "conn_type=Ipv4;addr=131.107.159.78;act_addr_fam=InterNetwork;",
        "x-ms-keyvault-rbac-assignment-id": "51713a6279975a008ee1cc332762ac3b",
        "x-ms-keyvault-region": "uksouth",
        "x-ms-keyvault-service-version": "1.9.2228.1",
        "x-ms-request-id": "1e15c69c-ad5b-4d97-b1c0-f4e3d460cc5c"
      },
      "ResponseBody": {
        "value": true
      }
    },
    {
      "RequestUri": "https://rgjoncardekv318.vault.azure.net/keys/218179972/53a0efd1defe47eb83d9891f7851e514/verify?api-version=7.6-preview.2",
      "RequestMethod": "POST",
      "RequestHeaders": {
        "Accept": "application/json",
        "Authorization": "Sanitized",
        "Content-Length": "423",
        "Content-Type": "application/json",
        "traceparent": "00-3b25e6441d10e3f7453cd659753d68ba-0a4703a1bbba994e-00",
        "User-Agent": "azsdk-net-Security.KeyVault.Keys/4.8.0-alpha.20250324.1 (.NET Framework 4.8.9290.0; Microsoft Windows 10.0.26100 )",
        "x-ms-client-request-id": "Sanitized",
        "x-ms-return-client-request-id": "true"
      },
      "RequestBody": {
        "alg": "PS256",
        "digest": "TjUpdW0Q6agoGkFRuhn2EkDiJLagKCe6nfGDjcHYLZ0",
        "value": "T1-BJb1tArcJPITgu8WmdNThS7UtWnokZ6FgHxBq2VjNR6Vm6-AHUinHdUvG9MnUV2LtxfHM7hGMmmAF24rhCOhcLAFI5zizMw5NyB53ePyKx5ngYWbS4xqIgr9sGpH0f2Uq4br38wdYWosZpK0qcCzL34X_-zpjMhG6X-bLeyclRCNmCNZ4LgEDaW5r5xvZLIilA3Jr8rLINJ2KcWTh3PNEVll_u9qXOwXoYw28r1I72wZ-g7bDJ_0qbSUHPsTLrc95VwZzEz28og6ByeiNr2BzQGJNyVnMjrL2RVkYmeRBWu9-2bpeW3_R4ICijHwGkFuXZ1hQ3Iv_mH3pq0Br3g"
      },
      "StatusCode": 200,
      "ResponseHeaders": {
        "Cache-Control": "no-cache",
        "Content-Length": "14",
        "Content-Type": "application/json; charset=utf-8",
        "Date": "Tue, 25 Mar 2025 19:04:52 GMT",
        "Expires": "-1",
        "Pragma": "no-cache",
        "Strict-Transport-Security": "max-age=31536000;includeSubDomains",
        "X-Content-Type-Options": "nosniff",
        "x-ms-client-request-id": "Sanitized",
        "x-ms-keyvault-network-info": "conn_type=Ipv4;addr=131.107.159.78;act_addr_fam=InterNetwork;",
        "x-ms-keyvault-rbac-assignment-id": "51713a6279975a008ee1cc332762ac3b",
        "x-ms-keyvault-region": "uksouth",
        "x-ms-keyvault-service-version": "1.9.2228.1",
        "x-ms-request-id": "d49a32c4-2bda-4dae-adb6-caab1226fe7e"
      },
      "ResponseBody": {
        "value": true
      }
    }
  ],
  "Variables": {
    "AZURE_KEYVAULT_URL": "https://rgjoncardekv318.vault.azure.net/",
    "RandomSeed": "2090497684"
  }
}
