{
  "Entries": [
    {
      "RequestUri": "https://rgjoncardekvv76.vault.azure.net/keys/1273157342/create?api-version=7.6",
      "RequestMethod": "POST",
      "RequestHeaders": {
        "Accept": "application/json",
        "Content-Length": "0",
        "traceparent": "00-15e66a9d8eb2e2ffe4a879e462578c0b-06e082dc330b0174-00",
        "User-Agent": "azsdk-net-Security.KeyVault.Keys/4.8.0-alpha.20250624.1 (.NET 9.0.6; Microsoft Windows 10.0.26100)",
        "x-ms-client-request-id": "Sanitized",
        "x-ms-return-client-request-id": "true"
      },
      "RequestBody": null,
      "StatusCode": 401,
      "ResponseHeaders": {
        "Cache-Control": "no-cache",
        "Content-Length": "97",
        "Content-Type": "application/json; charset=utf-8",
        "Date": "Tue, 24 Jun 2025 10:16:01 GMT",
        "Expires": "-1",
        "Pragma": "no-cache",
        "Strict-Transport-Security": "max-age=31536000;includeSubDomains",
        "WWW-Authenticate": "Bearer authorization=\"https://login.microsoftonline.com/70a036f6-8e4d-4615-bad6-149c02e7720d\", resource=\"https://vault.azure.net\"",
        "X-Content-Type-Options": "nosniff",
        "x-ms-client-request-id": "Sanitized",
        "x-ms-keyvault-network-info": "conn_type=Ipv4;addr=50.175.105.250;act_addr_fam=InterNetwork;",
        "x-ms-keyvault-region": "uksouth",
        "x-ms-keyvault-service-version": "1.9.2497.1",
        "x-ms-request-id": "114ec044-8139-45cc-9335-bc780d8df3f3"
      },
      "ResponseBody": {
        "error": {
          "code": "Unauthorized",
          "message": "AKV10000: Request is missing a Bearer or PoP token."
        }
      }
    },
    {
      "RequestUri": "https://rgjoncardekvv76.vault.azure.net/keys/1273157342/create?api-version=7.6",
      "RequestMethod": "POST",
      "RequestHeaders": {
        "Accept": "application/json",
        "Authorization": "Sanitized",
        "Content-Length": "13",
        "Content-Type": "application/json",
        "traceparent": "00-15e66a9d8eb2e2ffe4a879e462578c0b-06e082dc330b0174-00",
        "User-Agent": "azsdk-net-Security.KeyVault.Keys/4.8.0-alpha.20250624.1 (.NET 9.0.6; Microsoft Windows 10.0.26100)",
        "x-ms-client-request-id": "Sanitized",
        "x-ms-return-client-request-id": "true"
      },
      "RequestBody": {
        "kty": "RSA"
      },
      "StatusCode": 200,
      "ResponseHeaders": {
        "Cache-Control": "no-cache",
        "Content-Length": "727",
        "Content-Type": "application/json; charset=utf-8",
        "Date": "Tue, 24 Jun 2025 10:16:08 GMT",
        "Expires": "-1",
        "Pragma": "no-cache",
        "Strict-Transport-Security": "max-age=31536000;includeSubDomains",
        "X-Content-Type-Options": "nosniff",
        "x-ms-client-request-id": "Sanitized",
        "x-ms-keyvault-network-info": "conn_type=Ipv4;addr=50.175.105.250;act_addr_fam=InterNetwork;",
        "x-ms-keyvault-rbac-assignment-id": "807e5a6370bf5a8fb08644fa8774dd23",
        "x-ms-keyvault-region": "uksouth",
        "x-ms-keyvault-service-version": "1.9.2497.1",
        "x-ms-request-id": "b4676804-7ae3-49a3-8bc5-3bf3aed8f6f3"
      },
      "ResponseBody": {
        "key": {
          "kid": "https://rgjoncardekvv76.vault.azure.net/keys/1273157342/1b20e71494f24912ba7ed20a5dfc1f13",
          "kty": "RSA",
          "key_ops": [
            "encrypt",
            "decrypt",
            "sign",
            "verify",
            "wrapKey",
            "unwrapKey"
          ],
          "n": "7lwVy_a87ze5lx8jEcrdsNaKgxNfU47lByAKHwmdjm48B7j-NsuHkT6zjFuW_dcwKoHWxsZIPjC_F07ylsDzb21bo7Lm9UiV5dRjdhG6rFS-uUWZAdU37v1w3ZjyHymNqcoufWTe2ChcgUZh0ApNwm-5g_SxrpY7lienjsSzzZ6wyI2YoirfeLMepV3zxwYDfd6fBOyBiz_z2DgR2o_qDwGvBH_pdeszGXiZnUARjsjHL24cP9qqT40s0EtllmebGNf6iKxiyvRkvyzt7EvrLPJ9YhreGEy20b22UwdHHlnBs4Fja3ra4Zv5nxzXaqXd8711F-Dpe1itpj6HVqGD-Q",
          "e": "AQAB"
        },
        "attributes": {
          "enabled": true,
          "created": 1750760169,
          "updated": 1750760169,
          "recoveryLevel": "CustomizedRecoverable+Purgeable",
          "recoverableDays": 7,
          "exportable": false,
          "hsmPlatform": "0"
        }
      }
    },
    {
      "RequestUri": "https://rgjoncardekvv76.vault.azure.net/keys/1273157342/1b20e71494f24912ba7ed20a5dfc1f13/sign?api-version=7.6",
      "RequestMethod": "POST",
      "RequestHeaders": {
        "Accept": "application/json",
        "Authorization": "Sanitized",
        "Content-Length": "69",
        "Content-Type": "application/json",
        "traceparent": "00-c46d823ae94dc1ba714c08b9afc9e919-9e6e183719e3ca7b-00",
        "User-Agent": "azsdk-net-Security.KeyVault.Keys/4.8.0-alpha.20250624.1 (.NET 9.0.6; Microsoft Windows 10.0.26100)",
        "x-ms-client-request-id": "Sanitized",
        "x-ms-return-client-request-id": "true"
      },
      "RequestBody": {
        "alg": "RS256",
        "value": "KVqXmQrkx0TL-1Gx0yoTCC1XKcuBMTGpOv2Xwju0hPA"
      },
      "StatusCode": 200,
      "ResponseHeaders": {
        "Cache-Control": "no-cache",
        "Content-Length": "451",
        "Content-Type": "application/json; charset=utf-8",
        "Date": "Tue, 24 Jun 2025 10:16:10 GMT",
        "Expires": "-1",
        "Pragma": "no-cache",
        "Strict-Transport-Security": "max-age=31536000;includeSubDomains",
        "X-Content-Type-Options": "nosniff",
        "x-ms-client-request-id": "Sanitized",
        "x-ms-keyvault-network-info": "conn_type=Ipv4;addr=50.175.105.250;act_addr_fam=InterNetwork;",
        "x-ms-keyvault-rbac-assignment-id": "807e5a6370bf5a8fb08644fa8774dd23",
        "x-ms-keyvault-region": "uksouth",
        "x-ms-keyvault-service-version": "1.9.2497.1",
        "x-ms-request-id": "8b18cc37-f15e-47f4-97d7-6202d412ec0a"
      },
      "ResponseBody": {
        "kid": "https://rgjoncardekvv76.vault.azure.net/keys/1273157342/1b20e71494f24912ba7ed20a5dfc1f13",
        "value": "pGmO3zUL0gdI88zk-3066UTCevstV2sbpJ9VUSdZDG4VVWKp_n7v7bbCEbtBuridYHhn0ki_x2XIM3waexblaS3tqfNMDmRM-rw6uFoLO5M20AdS-aBI17E6xbldycryhGZOE5K6tDvLkOoR0_4i-WhIbG7y_NkInLlkK3P8Wz7S5IlK2ET6qtZNTxq3UhWTEWUYowwPgwfRueUzeAjI0sf1TvTGObmLihtUQB2-SN9DozA6YpCz9JBqz020-_vTnIVfo6P8w1n4N8159CYcrs-2knoEiORRQaFFjN-M1oywwhxtwenGphgYfu6YpbvWoD9TCWOtcY_obTddNeourw"
      }
    },
    {
      "RequestUri": "https://rgjoncardekvv76.vault.azure.net/keys/1273157342/1b20e71494f24912ba7ed20a5dfc1f13/sign?api-version=7.6",
      "RequestMethod": "POST",
      "RequestHeaders": {
        "Accept": "application/json",
        "Authorization": "Sanitized",
        "Content-Length": "69",
        "Content-Type": "application/json",
        "traceparent": "00-a1de035f0305d992ada47486ead360dd-987acff8e08fbb60-00",
        "User-Agent": "azsdk-net-Security.KeyVault.Keys/4.8.0-alpha.20250624.1 (.NET 9.0.6; Microsoft Windows 10.0.26100)",
        "x-ms-client-request-id": "Sanitized",
        "x-ms-return-client-request-id": "true"
      },
      "RequestBody": {
        "alg": "RS256",
        "value": "KVqXmQrkx0TL-1Gx0yoTCC1XKcuBMTGpOv2Xwju0hPA"
      },
      "StatusCode": 200,
      "ResponseHeaders": {
        "Cache-Control": "no-cache",
        "Content-Length": "451",
        "Content-Type": "application/json; charset=utf-8",
        "Date": "Tue, 24 Jun 2025 10:16:10 GMT",
        "Expires": "-1",
        "Pragma": "no-cache",
        "Strict-Transport-Security": "max-age=31536000;includeSubDomains",
        "X-Content-Type-Options": "nosniff",
        "x-ms-client-request-id": "Sanitized",
        "x-ms-keyvault-network-info": "conn_type=Ipv4;addr=50.175.105.250;act_addr_fam=InterNetwork;",
        "x-ms-keyvault-rbac-assignment-id": "807e5a6370bf5a8fb08644fa8774dd23",
        "x-ms-keyvault-region": "uksouth",
        "x-ms-keyvault-service-version": "1.9.2497.1",
        "x-ms-request-id": "e120146d-64cf-4f48-bb8b-d68d91a00e33"
      },
      "ResponseBody": {
        "kid": "https://rgjoncardekvv76.vault.azure.net/keys/1273157342/1b20e71494f24912ba7ed20a5dfc1f13",
        "value": "pGmO3zUL0gdI88zk-3066UTCevstV2sbpJ9VUSdZDG4VVWKp_n7v7bbCEbtBuridYHhn0ki_x2XIM3waexblaS3tqfNMDmRM-rw6uFoLO5M20AdS-aBI17E6xbldycryhGZOE5K6tDvLkOoR0_4i-WhIbG7y_NkInLlkK3P8Wz7S5IlK2ET6qtZNTxq3UhWTEWUYowwPgwfRueUzeAjI0sf1TvTGObmLihtUQB2-SN9DozA6YpCz9JBqz020-_vTnIVfo6P8w1n4N8159CYcrs-2knoEiORRQaFFjN-M1oywwhxtwenGphgYfu6YpbvWoD9TCWOtcY_obTddNeourw"
      }
    },
    {
      "RequestUri": "https://rgjoncardekvv76.vault.azure.net/keys/1273157342/1b20e71494f24912ba7ed20a5dfc1f13/verify?api-version=7.6",
      "RequestMethod": "POST",
      "RequestHeaders": {
        "Accept": "application/json",
        "Authorization": "Sanitized",
        "Content-Length": "423",
        "Content-Type": "application/json",
        "traceparent": "00-c1b76f4f42313ca723579061b149b4a8-5b7cc80ab9bc3b1b-00",
        "User-Agent": "azsdk-net-Security.KeyVault.Keys/4.8.0-alpha.20250624.1 (.NET 9.0.6; Microsoft Windows 10.0.26100)",
        "x-ms-client-request-id": "Sanitized",
        "x-ms-return-client-request-id": "true"
      },
      "RequestBody": {
        "alg": "RS256",
        "digest": "KVqXmQrkx0TL-1Gx0yoTCC1XKcuBMTGpOv2Xwju0hPA",
        "value": "pGmO3zUL0gdI88zk-3066UTCevstV2sbpJ9VUSdZDG4VVWKp_n7v7bbCEbtBuridYHhn0ki_x2XIM3waexblaS3tqfNMDmRM-rw6uFoLO5M20AdS-aBI17E6xbldycryhGZOE5K6tDvLkOoR0_4i-WhIbG7y_NkInLlkK3P8Wz7S5IlK2ET6qtZNTxq3UhWTEWUYowwPgwfRueUzeAjI0sf1TvTGObmLihtUQB2-SN9DozA6YpCz9JBqz020-_vTnIVfo6P8w1n4N8159CYcrs-2knoEiORRQaFFjN-M1oywwhxtwenGphgYfu6YpbvWoD9TCWOtcY_obTddNeourw"
      },
      "StatusCode": 200,
      "ResponseHeaders": {
        "Cache-Control": "no-cache",
        "Content-Length": "14",
        "Content-Type": "application/json; charset=utf-8",
        "Date": "Tue, 24 Jun 2025 10:16:10 GMT",
        "Expires": "-1",
        "Pragma": "no-cache",
        "Strict-Transport-Security": "max-age=31536000;includeSubDomains",
        "X-Content-Type-Options": "nosniff",
        "x-ms-client-request-id": "Sanitized",
        "x-ms-keyvault-network-info": "conn_type=Ipv4;addr=50.175.105.250;act_addr_fam=InterNetwork;",
        "x-ms-keyvault-rbac-assignment-id": "807e5a6370bf5a8fb08644fa8774dd23",
        "x-ms-keyvault-region": "uksouth",
        "x-ms-keyvault-service-version": "1.9.2497.1",
        "x-ms-request-id": "9cc74fbe-9b41-4196-bce0-9ba754d80534"
      },
      "ResponseBody": {
        "value": true
      }
    },
    {
      "RequestUri": "https://rgjoncardekvv76.vault.azure.net/keys/1273157342/1b20e71494f24912ba7ed20a5dfc1f13/verify?api-version=7.6",
      "RequestMethod": "POST",
      "RequestHeaders": {
        "Accept": "application/json",
        "Authorization": "Sanitized",
        "Content-Length": "423",
        "Content-Type": "application/json",
        "traceparent": "00-45a182136b63f662af7a39b43a627d94-2dfcc9a7fec02f68-00",
        "User-Agent": "azsdk-net-Security.KeyVault.Keys/4.8.0-alpha.20250624.1 (.NET 9.0.6; Microsoft Windows 10.0.26100)",
        "x-ms-client-request-id": "Sanitized",
        "x-ms-return-client-request-id": "true"
      },
      "RequestBody": {
        "alg": "RS256",
        "digest": "KVqXmQrkx0TL-1Gx0yoTCC1XKcuBMTGpOv2Xwju0hPA",
        "value": "pGmO3zUL0gdI88zk-3066UTCevstV2sbpJ9VUSdZDG4VVWKp_n7v7bbCEbtBuridYHhn0ki_x2XIM3waexblaS3tqfNMDmRM-rw6uFoLO5M20AdS-aBI17E6xbldycryhGZOE5K6tDvLkOoR0_4i-WhIbG7y_NkInLlkK3P8Wz7S5IlK2ET6qtZNTxq3UhWTEWUYowwPgwfRueUzeAjI0sf1TvTGObmLihtUQB2-SN9DozA6YpCz9JBqz020-_vTnIVfo6P8w1n4N8159CYcrs-2knoEiORRQaFFjN-M1oywwhxtwenGphgYfu6YpbvWoD9TCWOtcY_obTddNeourw"
      },
      "StatusCode": 200,
      "ResponseHeaders": {
        "Cache-Control": "no-cache",
        "Content-Length": "14",
        "Content-Type": "application/json; charset=utf-8",
        "Date": "Tue, 24 Jun 2025 10:16:10 GMT",
        "Expires": "-1",
        "Pragma": "no-cache",
        "Strict-Transport-Security": "max-age=31536000;includeSubDomains",
        "X-Content-Type-Options": "nosniff",
        "x-ms-client-request-id": "Sanitized",
        "x-ms-keyvault-network-info": "conn_type=Ipv4;addr=50.175.105.250;act_addr_fam=InterNetwork;",
        "x-ms-keyvault-rbac-assignment-id": "807e5a6370bf5a8fb08644fa8774dd23",
        "x-ms-keyvault-region": "uksouth",
        "x-ms-keyvault-service-version": "1.9.2497.1",
        "x-ms-request-id": "32e4eaed-e912-45b6-a23d-265c8398a0ea"
      },
      "ResponseBody": {
        "value": true
      }
    }
  ],
  "Variables": {
    "AZURE_KEYVAULT_URL": "https://rgjoncardekvv76.vault.azure.net/",
    "RandomSeed": "201362524"
  }
}
