{
  "Entries": [
    {
      "RequestUri": "https://tb0f745ebb7bfae58.vault.azure.net/keys/796755312/create?api-version=7.6-preview.1",
      "RequestMethod": "POST",
      "RequestHeaders": {
        "Accept": "application/json",
        "Content-Length": "0",
        "traceparent": "00-db68f404b17871695c1f3a5a936100c7-ac3a3d4622270b11-00",
        "User-Agent": "azsdk-net-Security.KeyVault.Keys/4.7.0-alpha.20240820.1 (.NET 8.0.8; Microsoft Windows 10.0.22631)",
        "x-ms-client-request-id": "Sanitized",
        "x-ms-return-client-request-id": "true"
      },
      "RequestBody": null,
      "StatusCode": 401,
      "ResponseHeaders": {
        "Cache-Control": "no-cache",
        "Content-Length": "97",
        "Content-Type": "application/json; charset=utf-8",
        "Date": "Wed, 21 Aug 2024 00:53:39 GMT",
        "Expires": "-1",
        "Pragma": "no-cache",
        "Strict-Transport-Security": "max-age=31536000;includeSubDomains",
        "WWW-Authenticate": "Bearer authorization=\"https://login.microsoftonline.com/72f988bf-86f1-41af-91ab-2d7cd011db47\", resource=\"https://vault.azure.net\"",
        "X-Content-Type-Options": "nosniff",
        "x-ms-client-request-id": "Sanitized",
        "x-ms-keyvault-network-info": "conn_type=Ipv4;addr=131.107.159.204;act_addr_fam=InterNetwork;",
        "x-ms-keyvault-region": "westus",
        "x-ms-keyvault-service-version": "1.9.1652.1",
        "x-ms-request-id": "c31bdd2a-44de-4d3d-9bc7-c913a35abf9c"
      },
      "ResponseBody": {
        "error": {
          "code": "Unauthorized",
          "message": "AKV10000: Request is missing a Bearer or PoP token."
        }
      }
    },
    {
      "RequestUri": "https://tb0f745ebb7bfae58.vault.azure.net/keys/796755312/create?api-version=7.6-preview.1",
      "RequestMethod": "POST",
      "RequestHeaders": {
        "Accept": "application/json",
        "Authorization": "Sanitized",
        "Content-Length": "13",
        "Content-Type": "application/json",
        "traceparent": "00-db68f404b17871695c1f3a5a936100c7-ac3a3d4622270b11-00",
        "User-Agent": "azsdk-net-Security.KeyVault.Keys/4.7.0-alpha.20240820.1 (.NET 8.0.8; Microsoft Windows 10.0.22631)",
        "x-ms-client-request-id": "Sanitized",
        "x-ms-return-client-request-id": "true"
      },
      "RequestBody": {
        "kty": "RSA"
      },
      "StatusCode": 200,
      "ResponseHeaders": {
        "Cache-Control": "no-cache",
        "Content-Length": "728",
        "Content-Type": "application/json; charset=utf-8",
        "Date": "Wed, 21 Aug 2024 00:53:45 GMT",
        "Expires": "-1",
        "Pragma": "no-cache",
        "Strict-Transport-Security": "max-age=31536000;includeSubDomains",
        "X-Content-Type-Options": "nosniff",
        "x-ms-client-request-id": "Sanitized",
        "x-ms-keyvault-network-info": "conn_type=Ipv4;addr=131.107.159.204;act_addr_fam=InterNetwork;",
        "x-ms-keyvault-rbac-assignment-id": "c098284a2430590b893d9f9a47bc643f",
        "x-ms-keyvault-region": "westus",
        "x-ms-keyvault-service-version": "1.9.1652.1",
        "x-ms-request-id": "7d1d1626-4cf6-4c69-aa0c-68a0a0a4804a"
      },
      "ResponseBody": {
        "key": {
          "kid": "https://tb0f745ebb7bfae58.vault.azure.net/keys/796755312/5421c5fecd314e95b06153785e04c3bd",
          "kty": "RSA",
          "key_ops": [
            "encrypt",
            "decrypt",
            "sign",
            "verify",
            "wrapKey",
            "unwrapKey"
          ],
          "n": "zL7y6eBTMOItl8DdtjWYYTzFwNm1FormDlwSKf4wW8059HUNVAclWcproStbPosxbZ3AuhidnlQTSD1rxhBZhh8kCrhxrRjr4405p90reDFuUtz6WZTfuRTFUNbiDQi3XR14W8MQdBZvPnIbgsIuetTPkZotAQKLNboDs7DJ_CMMdwBWRh5KeraVYx2BrtsZVFPijEvnZTEnOcS9pUPAVBhXqJIw7fGB9HcBAKQoNqNwxPFhkOOfFl9CeQINcjRFr0yKlpixaiEYKWnZrEF4I0Gj1XMRlHZZ5JR3bHzjNWymvy9UcYKNnGQKYkrUbPGk6sdorIAmhhjTis1wUTC6sQ",
          "e": "AQAB"
        },
        "attributes": {
          "enabled": true,
          "created": 1724201625,
          "updated": 1724201625,
          "recoveryLevel": "CustomizedRecoverable+Purgeable",
          "recoverableDays": 7,
          "exportable": false,
          "hsmPlatform": "0"
        }
      }
    },
    {
      "RequestUri": "https://tb0f745ebb7bfae58.vault.azure.net/keys/796755312/5421c5fecd314e95b06153785e04c3bd/wrapKey?api-version=7.6-preview.1",
      "RequestMethod": "POST",
      "RequestHeaders": {
        "Accept": "application/json",
        "Authorization": "Sanitized",
        "Content-Length": "72",
        "Content-Type": "application/json",
        "traceparent": "00-d064a0da98b004630ae72cd51bf2b798-c4fa9bb86d250a39-00",
        "User-Agent": "azsdk-net-Security.KeyVault.Keys/4.7.0-alpha.20240820.1 (.NET 8.0.8; Microsoft Windows 10.0.22631)",
        "x-ms-client-request-id": "Sanitized",
        "x-ms-return-client-request-id": "true"
      },
      "RequestBody": {
        "alg": "RSA-OAEP",
        "value": "H_u57ZsBiwqNi_R1Pf0yyI2ie7ojAlbLLuTBvOfVJPI"
      },
      "StatusCode": 200,
      "ResponseHeaders": {
        "Cache-Control": "no-cache",
        "Content-Length": "452",
        "Content-Type": "application/json; charset=utf-8",
        "Date": "Wed, 21 Aug 2024 00:53:50 GMT",
        "Expires": "-1",
        "Pragma": "no-cache",
        "Strict-Transport-Security": "max-age=31536000;includeSubDomains",
        "X-Content-Type-Options": "nosniff",
        "x-ms-client-request-id": "Sanitized",
        "x-ms-keyvault-network-info": "conn_type=Ipv4;addr=131.107.159.204;act_addr_fam=InterNetwork;",
        "x-ms-keyvault-rbac-assignment-id": "c098284a2430590b893d9f9a47bc643f",
        "x-ms-keyvault-region": "westus",
        "x-ms-keyvault-service-version": "1.9.1652.1",
        "x-ms-request-id": "541ea121-ef87-4e3d-9553-11397f1202c5"
      },
      "ResponseBody": {
        "kid": "https://tb0f745ebb7bfae58.vault.azure.net/keys/796755312/5421c5fecd314e95b06153785e04c3bd",
        "value": "VnAaMN-hwYx8mE1MKvzH92ZtRIka3UF698gJqDaMh0wrCNyqGuvUw-dIM2PaMXtY5zLfnRWJlmVzJQifA7xbDALRvzchuffB_PC8CLDBEkiy-ourHx3MMWHD0SjwjBaUWXG4UGiM8cW3TidVQlVk-figuyFrEIGwdJazoNlEccYMfvcCMzBdZvImejd13ZxY3NRiHpRk7_vbgUUzRuN6yCYy1h41q_cG98VNDLV8iqtlq1HC4EBv1ehAXvZrF4DPeItLonH2lNuwcWMz-0G_d8ituMP54NZEmDkXFZT9xrluA50WnR1fp3DAtUCntRFvu88WcqZYZnm1D_gSX2JYiQ"
      }
    },
    {
      "RequestUri": "https://tb0f745ebb7bfae58.vault.azure.net/keys/796755312/5421c5fecd314e95b06153785e04c3bd/unwrapKey?api-version=7.6-preview.1",
      "RequestMethod": "POST",
      "RequestHeaders": {
        "Accept": "application/json",
        "Authorization": "Sanitized",
        "Content-Length": "371",
        "Content-Type": "application/json",
        "traceparent": "00-e0ba28e7962ecb06c0afb45f930e9c12-a15608cd59f8559f-00",
        "User-Agent": "azsdk-net-Security.KeyVault.Keys/4.7.0-alpha.20240820.1 (.NET 8.0.8; Microsoft Windows 10.0.22631)",
        "x-ms-client-request-id": "Sanitized",
        "x-ms-return-client-request-id": "true"
      },
      "RequestBody": {
        "alg": "RSA-OAEP",
        "value": "VnAaMN-hwYx8mE1MKvzH92ZtRIka3UF698gJqDaMh0wrCNyqGuvUw-dIM2PaMXtY5zLfnRWJlmVzJQifA7xbDALRvzchuffB_PC8CLDBEkiy-ourHx3MMWHD0SjwjBaUWXG4UGiM8cW3TidVQlVk-figuyFrEIGwdJazoNlEccYMfvcCMzBdZvImejd13ZxY3NRiHpRk7_vbgUUzRuN6yCYy1h41q_cG98VNDLV8iqtlq1HC4EBv1ehAXvZrF4DPeItLonH2lNuwcWMz-0G_d8ituMP54NZEmDkXFZT9xrluA50WnR1fp3DAtUCntRFvu88WcqZYZnm1D_gSX2JYiQ"
      },
      "StatusCode": 200,
      "ResponseHeaders": {
        "Cache-Control": "no-cache",
        "Content-Length": "153",
        "Content-Type": "application/json; charset=utf-8",
        "Date": "Wed, 21 Aug 2024 00:53:50 GMT",
        "Expires": "-1",
        "Pragma": "no-cache",
        "Strict-Transport-Security": "max-age=31536000;includeSubDomains",
        "X-Content-Type-Options": "nosniff",
        "x-ms-client-request-id": "Sanitized",
        "x-ms-keyvault-network-info": "conn_type=Ipv4;addr=131.107.159.204;act_addr_fam=InterNetwork;",
        "x-ms-keyvault-rbac-assignment-id": "c098284a2430590b893d9f9a47bc643f",
        "x-ms-keyvault-region": "westus",
        "x-ms-keyvault-service-version": "1.9.1652.1",
        "x-ms-request-id": "ca661a0e-3fda-4b85-8f9e-f73a87710ff2"
      },
      "ResponseBody": {
        "kid": "https://tb0f745ebb7bfae58.vault.azure.net/keys/796755312/5421c5fecd314e95b06153785e04c3bd",
        "value": "H_u57ZsBiwqNi_R1Pf0yyI2ie7ojAlbLLuTBvOfVJPI"
      }
    }
  ],
  "Variables": {
    "AZURE_KEYVAULT_URL": "https://tb0f745ebb7bfae58.vault.azure.net/",
    "RandomSeed": "18130321"
  }
}
