{
  "Entries": [
    {
      "RequestUri": "https://management.azure.com/subscriptions/e37510d7-33b6-4676-886f-ee75bcc01871?api-version=2022-12-01",
      "RequestMethod": "GET",
      "RequestHeaders": {
        "Accept": "application/json",
        "Authorization": "Sanitized",
        "traceparent": "00-981e0bf53b424fccfab9b2d2f30d6011-c537e75b19c2054d-00",
        "User-Agent": "azsdk-net-ResourceManager/1.13.0 (.NET 8.0.14; Microsoft Windows 10.0.26100)",
        "x-ms-client-request-id": "Sanitized",
        "x-ms-return-client-request-id": "true"
      },
      "RequestBody": null,
      "StatusCode": 200,
      "ResponseHeaders": {
        "Cache-Control": "no-cache",
        "Content-Length": "456",
        "Content-Type": "application/json; charset=utf-8",
        "Date": "Mon, 24 Mar 2025 20:21:48 GMT",
        "Expires": "-1",
        "Pragma": "no-cache",
        "Strict-Transport-Security": "max-age=31536000; includeSubDomains",
        "X-Cache": "CONFIG_NOCACHE",
        "X-Content-Type-Options": "nosniff",
        "x-ms-correlation-request-id": "acd04b98-d5c6-4a79-bf7d-b09b0a80e598",
        "x-ms-ratelimit-remaining-subscription-global-reads": "16499",
        "x-ms-ratelimit-remaining-subscription-reads": "1099",
        "x-ms-request-id": "acd04b98-d5c6-4a79-bf7d-b09b0a80e598",
        "x-ms-routing-request-id": "CENTRALUS:20250324T202148Z:acd04b98-d5c6-4a79-bf7d-b09b0a80e598",
        "X-MSEdge-Ref": "Ref A: 12FC57008855418E91A3859F94DD1E20 Ref B: MNZ221060608025 Ref C: 2025-03-24T20:21:48Z"
      },
      "ResponseBody": {
        "id": "/subscriptions/e37510d7-33b6-4676-886f-ee75bcc01871",
        "authorizationSource": "RoleBased",
        "managedByTenants": [],
        "tags": {
          "SkipGreenTeamLinuxSSHAuthForSub": "1020642667"
        },
        "subscriptionId": "e37510d7-33b6-4676-886f-ee75bcc01871",
        "tenantId": "00000000-0000-0000-0000-000000000000",
        "displayName": "CPlat SDK/PowerShell",
        "state": "Enabled",
        "subscriptionPolicies": {
          "locationPlacementId": "Internal_2014-09-01",
          "quotaId": "Internal_2014-09-01",
          "spendingLimit": "Off"
        }
      }
    },
    {
      "RequestUri": "https://management.azure.com/subscriptions/e37510d7-33b6-4676-886f-ee75bcc01871/resourcegroups/testRG-2886?api-version=2022-09-01",
      "RequestMethod": "PUT",
      "RequestHeaders": {
        "Accept": "application/json",
        "Authorization": "Sanitized",
        "Content-Length": "44",
        "Content-Type": "application/json",
        "traceparent": "00-5b9b5c119f6a5e44b717bb04bc2ce35e-f7bb1f48ba423d38-00",
        "User-Agent": "azsdk-net-ResourceManager/1.13.0 (.NET 8.0.14; Microsoft Windows 10.0.26100)",
        "x-ms-client-request-id": "Sanitized",
        "x-ms-return-client-request-id": "true"
      },
      "RequestBody": {
        "tags": {
          "test": "env"
        },
        "location": "westus2"
      },
      "StatusCode": 201,
      "ResponseHeaders": {
        "Cache-Control": "no-cache",
        "Content-Length": "242",
        "Content-Type": "application/json; charset=utf-8",
        "Date": "Mon, 24 Mar 2025 20:21:50 GMT",
        "Expires": "-1",
        "Pragma": "no-cache",
        "Strict-Transport-Security": "max-age=31536000; includeSubDomains",
        "X-Cache": "CONFIG_NOCACHE",
        "X-Content-Type-Options": "nosniff",
        "x-ms-correlation-request-id": "51facc34-882c-457d-b2d4-cb1657f1f94f",
        "x-ms-ratelimit-remaining-subscription-global-writes": "11999",
        "x-ms-ratelimit-remaining-subscription-writes": "799",
        "x-ms-request-id": "51facc34-882c-457d-b2d4-cb1657f1f94f",
        "x-ms-routing-request-id": "CENTRALUS:20250324T202150Z:51facc34-882c-457d-b2d4-cb1657f1f94f",
        "X-MSEdge-Ref": "Ref A: 2D03CFD244394B9FAE14B49F4C89A44A Ref B: MNZ221060608025 Ref C: 2025-03-24T20:21:48Z"
      },
      "ResponseBody": {
        "id": "/subscriptions/e37510d7-33b6-4676-886f-ee75bcc01871/resourceGroups/testRG-2886",
        "name": "testRG-2886",
        "type": "Microsoft.Resources/resourceGroups",
        "location": "westus2",
        "tags": {
          "test": "env"
        },
        "properties": {
          "provisioningState": "Succeeded"
        }
      }
    },
    {
      "RequestUri": "https://management.azure.com/subscriptions/e37510d7-33b6-4676-886f-ee75bcc01871/resourceGroups/testRG-2886/providers/Microsoft.Compute/availabilitySets/testAS-9679?api-version=2024-11-01",
      "RequestMethod": "PUT",
      "RequestHeaders": {
        "Accept": "application/json",
        "Authorization": "Sanitized",
        "Content-Length": "61",
        "Content-Type": "application/json",
        "traceparent": "00-0b053990dea6af8b55459784b901eca4-926117c1b92dd746-00",
        "User-Agent": "azsdk-net-ResourceManager.Compute/1.9.0-alpha.20250324.1 (.NET 8.0.14; Microsoft Windows 10.0.26100)",
        "x-ms-client-request-id": "Sanitized",
        "x-ms-return-client-request-id": "true"
      },
      "RequestBody": {
        "tags": {
          "key": "value"
        },
        "location": "westus2",
        "properties": {}
      },
      "StatusCode": 200,
      "ResponseHeaders": {
        "Cache-Control": "no-cache",
        "Content-Length": "429",
        "Content-Type": "application/json; charset=utf-8",
        "Date": "Mon, 24 Mar 2025 20:21:51 GMT",
        "Expires": "-1",
        "Pragma": "no-cache",
        "Strict-Transport-Security": "max-age=31536000; includeSubDomains",
        "X-Cache": "CONFIG_NOCACHE",
        "X-Content-Type-Options": "nosniff",
        "x-ms-client-request-id": "Sanitized",
        "x-ms-correlation-request-id": "1a59d528-8beb-4a48-889d-044239da265f",
        "x-ms-need-to-refresh-epl-cache": "False",
        "x-ms-ratelimit-remaining-resource": "Microsoft.Compute/PutVMSubscriptionMaximum;1489",
        "x-ms-ratelimit-remaining-subscription-global-writes": "11999",
        "x-ms-ratelimit-remaining-subscription-writes": "799",
        "x-ms-request-id": "3d75999b-b43b-4b8c-ac16-828fac248919",
        "x-ms-routing-request-id": "CENTRALUS:20250324T202151Z:1a59d528-8beb-4a48-889d-044239da265f",
        "X-MSEdge-Ref": "Ref A: AE57D26B9DB344A5BCB3DC5AE4FE95B2 Ref B: MNZ221060608025 Ref C: 2025-03-24T20:21:50Z"
      },
      "ResponseBody": {
        "name": "testAS-9679",
        "id": "/subscriptions/e37510d7-33b6-4676-886f-ee75bcc01871/resourceGroups/testRG-2886/providers/Microsoft.Compute/availabilitySets/testAS-9679",
        "type": "Microsoft.Compute/availabilitySets",
        "location": "westus2",
        "tags": {
          "key": "value"
        },
        "properties": {
          "platformUpdateDomainCount": 5,
          "platformFaultDomainCount": 3
        },
        "sku": {
          "name": "Classic"
        }
      }
    },
    {
      "RequestUri": "https://management.azure.com/subscriptions/e37510d7-33b6-4676-886f-ee75bcc01871/resourceGroups/testRG-2886/providers/Microsoft.Compute/availabilitySets/testAs-6082?api-version=2024-11-01",
      "RequestMethod": "PUT",
      "RequestHeaders": {
        "Accept": "application/json",
        "Authorization": "Sanitized",
        "Content-Length": "61",
        "Content-Type": "application/json",
        "traceparent": "00-a2a761e055c7f7c657ffccd8ddbeaf9a-c8b0e835bcafd0b8-00",
        "User-Agent": "azsdk-net-ResourceManager.Compute/1.9.0-alpha.20250324.1 (.NET 8.0.14; Microsoft Windows 10.0.26100)",
        "x-ms-client-request-id": "Sanitized",
        "x-ms-return-client-request-id": "true"
      },
      "RequestBody": {
        "tags": {
          "key": "value"
        },
        "location": "westus2",
        "properties": {}
      },
      "StatusCode": 200,
      "ResponseHeaders": {
        "Cache-Control": "no-cache",
        "Content-Length": "429",
        "Content-Type": "application/json; charset=utf-8",
        "Date": "Mon, 24 Mar 2025 20:21:52 GMT",
        "Expires": "-1",
        "Pragma": "no-cache",
        "Strict-Transport-Security": "max-age=31536000; includeSubDomains",
        "X-Cache": "CONFIG_NOCACHE",
        "X-Content-Type-Options": "nosniff",
        "x-ms-client-request-id": "Sanitized",
        "x-ms-correlation-request-id": "99ca7867-64ca-459e-a645-b788b9a0d088",
        "x-ms-need-to-refresh-epl-cache": "False",
        "x-ms-ratelimit-remaining-resource": "Microsoft.Compute/PutVMSubscriptionMaximum;1488",
        "x-ms-ratelimit-remaining-subscription-global-writes": "11999",
        "x-ms-ratelimit-remaining-subscription-writes": "799",
        "x-ms-request-id": "3ef27763-fa1c-441a-bd5b-b3041638b3de",
        "x-ms-routing-request-id": "CENTRALUS:20250324T202152Z:99ca7867-64ca-459e-a645-b788b9a0d088",
        "X-MSEdge-Ref": "Ref A: 100F032677F14D43B4C256CB4A0A6D5C Ref B: MNZ221060608025 Ref C: 2025-03-24T20:21:51Z"
      },
      "ResponseBody": {
        "name": "testAs-6082",
        "id": "/subscriptions/e37510d7-33b6-4676-886f-ee75bcc01871/resourceGroups/testRG-2886/providers/Microsoft.Compute/availabilitySets/testAs-6082",
        "type": "Microsoft.Compute/availabilitySets",
        "location": "westus2",
        "tags": {
          "key": "value"
        },
        "properties": {
          "platformUpdateDomainCount": 5,
          "platformFaultDomainCount": 3
        },
        "sku": {
          "name": "Classic"
        }
      }
    },
    {
      "RequestUri": "https://management.azure.com/subscriptions/e37510d7-33b6-4676-886f-ee75bcc01871/resourceGroups/testRG-2886/providers/Microsoft.Compute/availabilitySets?api-version=2024-11-01",
      "RequestMethod": "GET",
      "RequestHeaders": {
        "Accept": "application/json",
        "Authorization": "Sanitized",
        "User-Agent": "azsdk-net-ResourceManager.Compute/1.9.0-alpha.20250324.1 (.NET 8.0.14; Microsoft Windows 10.0.26100)",
        "x-ms-client-request-id": "Sanitized",
        "x-ms-return-client-request-id": "true"
      },
      "RequestBody": null,
      "StatusCode": 200,
      "ResponseHeaders": {
        "Cache-Control": "no-cache",
        "Content-Length": "759",
        "Content-Type": "application/json; charset=utf-8",
        "Date": "Mon, 24 Mar 2025 20:21:52 GMT",
        "Expires": "-1",
        "Pragma": "no-cache",
        "Strict-Transport-Security": "max-age=31536000; includeSubDomains",
        "X-Cache": "CONFIG_NOCACHE",
        "X-Content-Type-Options": "nosniff",
        "x-ms-client-request-id": "Sanitized",
        "x-ms-correlation-request-id": "87aedc77-75a7-4a7a-806e-cf43c470288f",
        "x-ms-need-to-refresh-epl-cache": "False",
        "x-ms-original-request-ids": "40e7e9dd-dd11-4031-b05e-72d4c95ee351",
        "x-ms-ratelimit-remaining-resource": "Microsoft.Compute/LowCostGetSubscriptionMaximum;23993",
        "x-ms-ratelimit-remaining-subscription-global-reads": "16499",
        "x-ms-ratelimit-remaining-subscription-reads": "1099",
        "x-ms-request-id": "87aedc77-75a7-4a7a-806e-cf43c470288f",
        "x-ms-routing-request-id": "CENTRALUS:20250324T202153Z:87aedc77-75a7-4a7a-806e-cf43c470288f",
        "X-MSEdge-Ref": "Ref A: 2E26B642BBFA4C1E9BA071370F2843AB Ref B: MNZ221060608025 Ref C: 2025-03-24T20:21:52Z"
      },
      "ResponseBody": {
        "value": [
          {
            "name": "testAs-6082",
            "id": "/subscriptions/e37510d7-33b6-4676-886f-ee75bcc01871/resourceGroups/testRG-2886/providers/Microsoft.Compute/availabilitySets/testAs-6082",
            "type": "Microsoft.Compute/availabilitySets",
            "location": "westus2",
            "tags": {
              "key": "value"
            },
            "properties": {
              "platformUpdateDomainCount": 5,
              "platformFaultDomainCount": 3,
              "virtualMachines": []
            },
            "sku": {
              "name": "Classic"
            }
          },
          {
            "name": "testAS-9679",
            "id": "/subscriptions/e37510d7-33b6-4676-886f-ee75bcc01871/resourceGroups/testRG-2886/providers/Microsoft.Compute/availabilitySets/testAS-9679",
            "type": "Microsoft.Compute/availabilitySets",
            "location": "westus2",
            "tags": {
              "key": "value"
            },
            "properties": {
              "platformUpdateDomainCount": 5,
              "platformFaultDomainCount": 3,
              "virtualMachines": []
            },
            "sku": {
              "name": "Classic"
            }
          }
        ]
      }
    }
  ],
  "Variables": {
    "RandomSeed": "165317188",
    "RESOURCE_MANAGER_URL": "https://management.azure.com/",
    "SUBSCRIPTION_ID": "e37510d7-33b6-4676-886f-ee75bcc01871"
  }
}
