{
  "Entries": [
    {
      "RequestUri": "https://Sanitized.file.core.windows.net/test3bf72a59?restype=share",
      "RequestMethod": "PUT",
      "RequestHeaders": {
        "Accept": "application/xml",
        "Accept-Encoding": "gzip, deflate",
        "Connection": "keep-alive",
        "Content-Length": "0",
        "User-Agent": "azsdk-python-storage-file-share/12.18.0b1 Python/3.11.9 (macOS-14.5-x86_64-i386-64bit)",
        "x-ms-date": "Wed, 17 Jul 2024 07:25:21 GMT",
        "x-ms-version": "2024-11-04"
      },
      "RequestBody": null,
      "StatusCode": 201,
      "ResponseHeaders": {
        "Content-Length": "0",
        "Date": "Wed, 17 Jul 2024 07:25:21 GMT",
        "ETag": "\"0x8DCA6319E3838DD\"",
        "Last-Modified": "Wed, 17 Jul 2024 07:25:21 GMT",
        "Server": [
          "Windows-Azure-File/1.0",
          "Microsoft-HTTPAPI/2.0"
        ],
        "x-ms-version": "2024-11-04"
      },
      "ResponseBody": null
    },
    {
      "RequestUri": "https://Sanitized.file.core.windows.net/test3bf72a59?comp=lease&restype=share",
      "RequestMethod": "PUT",
      "RequestHeaders": {
        "Accept": "application/xml",
        "Accept-Encoding": "gzip, deflate",
        "Connection": "keep-alive",
        "Content-Length": "0",
        "User-Agent": "azsdk-python-storage-file-share/12.18.0b1 Python/3.11.9 (macOS-14.5-x86_64-i386-64bit)",
        "x-ms-date": "Wed, 17 Jul 2024 07:25:21 GMT",
        "x-ms-file-request-intent": "backup",
        "x-ms-lease-action": "acquire",
        "x-ms-lease-duration": "15",
        "x-ms-proposed-lease-id": "00000000-1111-2222-3333-444444444444",
        "x-ms-version": "2024-11-04"
      },
      "RequestBody": null,
      "StatusCode": 201,
      "ResponseHeaders": {
        "Content-Length": "0",
        "Date": "Wed, 17 Jul 2024 07:25:22 GMT",
        "ETag": "\"0x8DCA6319E3838DD\"",
        "Last-Modified": "Wed, 17 Jul 2024 07:25:21 GMT",
        "Server": [
          "Windows-Azure-File/1.0",
          "Microsoft-HTTPAPI/2.0"
        ],
        "x-ms-lease-id": "00000000-1111-2222-3333-444444444444",
        "x-ms-version": "2024-11-04"
      },
      "ResponseBody": null
    },
    {
      "RequestUri": "https://Sanitized.file.core.windows.net/test3bf72a59?restype=share",
      "RequestMethod": "GET",
      "RequestHeaders": {
        "Accept": "application/xml",
        "Accept-Encoding": "gzip, deflate",
        "Connection": "keep-alive",
        "User-Agent": "azsdk-python-storage-file-share/12.18.0b1 Python/3.11.9 (macOS-14.5-x86_64-i386-64bit)",
        "x-ms-date": "Wed, 17 Jul 2024 07:25:22 GMT",
        "x-ms-file-request-intent": "backup",
        "x-ms-lease-id": "00000000-1111-2222-3333-444444444444",
        "x-ms-version": "2024-11-04"
      },
      "RequestBody": null,
      "StatusCode": 200,
      "ResponseHeaders": {
        "Content-Length": "0",
        "Date": "Wed, 17 Jul 2024 07:25:22 GMT",
        "ETag": "\"0x8DCA6319E3838DD\"",
        "Last-Modified": "Wed, 17 Jul 2024 07:25:21 GMT",
        "Server": [
          "Windows-Azure-File/1.0",
          "Microsoft-HTTPAPI/2.0"
        ],
        "x-ms-access-tier": "TransactionOptimized",
        "x-ms-access-tier-change-time": "Wed, 17 Jul 2024 07:25:21 GMT",
        "x-ms-has-immutability-policy": "false",
        "x-ms-has-legal-hold": "false",
        "x-ms-lease-duration": "fixed",
        "x-ms-lease-state": "leased",
        "x-ms-lease-status": "locked",
        "x-ms-share-quota": "102400",
        "x-ms-version": "2024-11-04"
      },
      "ResponseBody": null
    },
    {
      "RequestUri": "https://Sanitized.file.core.windows.net/test3bf72a59?comp=lease&restype=share",
      "RequestMethod": "PUT",
      "RequestHeaders": {
        "Accept": "application/xml",
        "Accept-Encoding": "gzip, deflate",
        "Connection": "keep-alive",
        "Content-Length": "0",
        "User-Agent": "azsdk-python-storage-file-share/12.18.0b1 Python/3.11.9 (macOS-14.5-x86_64-i386-64bit)",
        "x-ms-date": "Wed, 17 Jul 2024 07:25:22 GMT",
        "x-ms-file-request-intent": "backup",
        "x-ms-lease-action": "change",
        "x-ms-lease-id": "00000000-1111-2222-3333-444444444444",
        "x-ms-proposed-lease-id": "29e0b239-ecda-4f69-bfa3-95f6af91464c",
        "x-ms-version": "2024-11-04"
      },
      "RequestBody": null,
      "StatusCode": 200,
      "ResponseHeaders": {
        "Content-Length": "0",
        "Date": "Wed, 17 Jul 2024 07:25:22 GMT",
        "ETag": "\"0x8DCA6319E3838DD\"",
        "Last-Modified": "Wed, 17 Jul 2024 07:25:21 GMT",
        "Server": [
          "Windows-Azure-File/1.0",
          "Microsoft-HTTPAPI/2.0"
        ],
        "x-ms-lease-id": "29e0b239-ecda-4f69-bfa3-95f6af91464c",
        "x-ms-version": "2024-11-04"
      },
      "ResponseBody": null
    },
    {
      "RequestUri": "https://Sanitized.file.core.windows.net/test3bf72a59?comp=lease&restype=share",
      "RequestMethod": "PUT",
      "RequestHeaders": {
        "Accept": "application/xml",
        "Accept-Encoding": "gzip, deflate",
        "Connection": "keep-alive",
        "Content-Length": "0",
        "User-Agent": "azsdk-python-storage-file-share/12.18.0b1 Python/3.11.9 (macOS-14.5-x86_64-i386-64bit)",
        "x-ms-date": "Wed, 17 Jul 2024 07:25:23 GMT",
        "x-ms-file-request-intent": "backup",
        "x-ms-lease-action": "renew",
        "x-ms-lease-id": "29e0b239-ecda-4f69-bfa3-95f6af91464c",
        "x-ms-version": "2024-11-04"
      },
      "RequestBody": null,
      "StatusCode": 200,
      "ResponseHeaders": {
        "Content-Length": "0",
        "Date": "Wed, 17 Jul 2024 07:25:22 GMT",
        "ETag": "\"0x8DCA6319E3838DD\"",
        "Last-Modified": "Wed, 17 Jul 2024 07:25:21 GMT",
        "Server": [
          "Windows-Azure-File/1.0",
          "Microsoft-HTTPAPI/2.0"
        ],
        "x-ms-lease-id": "29e0b239-ecda-4f69-bfa3-95f6af91464c",
        "x-ms-version": "2024-11-04"
      },
      "ResponseBody": null
    },
    {
      "RequestUri": "https://Sanitized.file.core.windows.net/test3bf72a59?restype=share",
      "RequestMethod": "DELETE",
      "RequestHeaders": {
        "Accept": "application/xml",
        "Accept-Encoding": "gzip, deflate",
        "Connection": "keep-alive",
        "Content-Length": "0",
        "User-Agent": "azsdk-python-storage-file-share/12.18.0b1 Python/3.11.9 (macOS-14.5-x86_64-i386-64bit)",
        "x-ms-date": "Wed, 17 Jul 2024 07:25:25 GMT",
        "x-ms-file-request-intent": "backup",
        "x-ms-version": "2024-11-04"
      },
      "RequestBody": null,
      "StatusCode": 412,
      "ResponseHeaders": {
        "Content-Length": "273",
        "Content-Type": "application/xml",
        "Date": "Wed, 17 Jul 2024 07:25:24 GMT",
        "Server": [
          "Windows-Azure-File/1.0",
          "Microsoft-HTTPAPI/2.0"
        ],
        "x-ms-error-code": "LeaseIdMissing",
        "x-ms-version": "2024-11-04"
      },
      "ResponseBody": [
        "\uFEFF<?xml version=\"1.0\" encoding=\"utf-8\"?><Error><Code>LeaseIdMissing</Code><Message>There is currently a lease on the file share and no lease ID was specified in the request.\n",
        "RequestId:1683521d-e01a-0054-261a-d80c3d000000\n",
        "Time:2024-07-17T07:25:25.3345368Z</Message></Error>"
      ]
    },
    {
      "RequestUri": "https://Sanitized.file.core.windows.net/test3bf72a59?comp=lease&restype=share",
      "RequestMethod": "PUT",
      "RequestHeaders": {
        "Accept": "application/xml",
        "Accept-Encoding": "gzip, deflate",
        "Connection": "keep-alive",
        "Content-Length": "0",
        "User-Agent": "azsdk-python-storage-file-share/12.18.0b1 Python/3.11.9 (macOS-14.5-x86_64-i386-64bit)",
        "x-ms-date": "Wed, 17 Jul 2024 07:25:25 GMT",
        "x-ms-file-request-intent": "backup",
        "x-ms-lease-action": "break",
        "x-ms-lease-break-period": "14",
        "x-ms-version": "2024-11-04"
      },
      "RequestBody": null,
      "StatusCode": 202,
      "ResponseHeaders": {
        "Content-Length": "0",
        "Date": "Wed, 17 Jul 2024 07:25:25 GMT",
        "ETag": "\"0x8DCA6319E3838DD\"",
        "Last-Modified": "Wed, 17 Jul 2024 07:25:21 GMT",
        "Server": [
          "Windows-Azure-File/1.0",
          "Microsoft-HTTPAPI/2.0"
        ],
        "x-ms-lease-time": "12",
        "x-ms-version": "2024-11-04"
      },
      "ResponseBody": null
    },
    {
      "RequestUri": "https://Sanitized.file.core.windows.net/test3bf72a59?comp=lease&restype=share",
      "RequestMethod": "PUT",
      "RequestHeaders": {
        "Accept": "application/xml",
        "Accept-Encoding": "gzip, deflate",
        "Connection": "keep-alive",
        "Content-Length": "0",
        "User-Agent": "azsdk-python-storage-file-share/12.18.0b1 Python/3.11.9 (macOS-14.5-x86_64-i386-64bit)",
        "x-ms-date": "Wed, 17 Jul 2024 07:25:25 GMT",
        "x-ms-file-request-intent": "backup",
        "x-ms-lease-action": "release",
        "x-ms-lease-id": "29e0b239-ecda-4f69-bfa3-95f6af91464c",
        "x-ms-version": "2024-11-04"
      },
      "RequestBody": null,
      "StatusCode": 200,
      "ResponseHeaders": {
        "Content-Length": "0",
        "Date": "Wed, 17 Jul 2024 07:25:25 GMT",
        "ETag": "\"0x8DCA6319E3838DD\"",
        "Last-Modified": "Wed, 17 Jul 2024 07:25:21 GMT",
        "Server": [
          "Windows-Azure-File/1.0",
          "Microsoft-HTTPAPI/2.0"
        ],
        "x-ms-lease-time": "0",
        "x-ms-version": "2024-11-04"
      },
      "ResponseBody": null
    },
    {
      "RequestUri": "https://Sanitized.file.core.windows.net/test3bf72a59?restype=share",
      "RequestMethod": "DELETE",
      "RequestHeaders": {
        "Accept": "application/xml",
        "Accept-Encoding": "gzip, deflate",
        "Connection": "keep-alive",
        "Content-Length": "0",
        "User-Agent": "azsdk-python-storage-file-share/12.18.0b1 Python/3.11.9 (macOS-14.5-x86_64-i386-64bit)",
        "x-ms-date": "Wed, 17 Jul 2024 07:25:25 GMT",
        "x-ms-file-request-intent": "backup",
        "x-ms-version": "2024-11-04"
      },
      "RequestBody": null,
      "StatusCode": 202,
      "ResponseHeaders": {
        "Content-Length": "0",
        "Date": "Wed, 17 Jul 2024 07:25:25 GMT",
        "Server": [
          "Windows-Azure-File/1.0",
          "Microsoft-HTTPAPI/2.0"
        ],
        "x-ms-version": "2024-11-04"
      },
      "ResponseBody": null
    },
    {
      "RequestUri": "https://Sanitized.file.core.windows.net/test3bf72a59?restype=share",
      "RequestMethod": "GET",
      "RequestHeaders": {
        "Accept": "application/xml",
        "Accept-Encoding": "gzip, deflate",
        "Connection": "keep-alive",
        "User-Agent": "azsdk-python-storage-file-share/12.18.0b1 Python/3.11.9 (macOS-14.5-x86_64-i386-64bit)",
        "x-ms-date": "Wed, 17 Jul 2024 07:25:25 GMT",
        "x-ms-file-request-intent": "backup",
        "x-ms-version": "2024-11-04"
      },
      "RequestBody": null,
      "StatusCode": 404,
      "ResponseHeaders": {
        "Content-Length": "217",
        "Content-Type": "application/xml",
        "Date": "Wed, 17 Jul 2024 07:25:25 GMT",
        "Server": [
          "Windows-Azure-File/1.0",
          "Microsoft-HTTPAPI/2.0"
        ],
        "x-ms-error-code": "ShareNotFound",
        "x-ms-version": "2024-11-04"
      },
      "ResponseBody": [
        "\uFEFF<?xml version=\"1.0\" encoding=\"utf-8\"?><Error><Code>ShareNotFound</Code><Message>The specified share does not exist.\n",
        "RequestId:1683522e-e01a-0054-2a1a-d80c3d000000\n",
        "Time:2024-07-17T07:25:25.9229588Z</Message></Error>"
      ]
    }
  ],
  "Variables": {}
}
