{
  "Entries": [
    {
      "RequestUri": "https://Sanitized.file.core.windows.net/utshareedb43694?restype=share",
      "RequestMethod": "PUT",
      "RequestHeaders": {
        "Accept": "application/xml",
        "Accept-Encoding": "gzip, deflate",
        "Content-Length": "0",
        "User-Agent": "azsdk-python-storage-file-share/12.24.0b1 Python/3.12.10 (macOS-15.6-arm64-arm-64bit)",
        "x-ms-date": "Mon, 11 Aug 2025 07:55:37 GMT",
        "x-ms-version": "2026-02-06"
      },
      "RequestBody": null,
      "StatusCode": 201,
      "ResponseHeaders": {
        "Content-Length": "0",
        "Date": "Mon, 11 Aug 2025 07:55:37 GMT",
        "ETag": "\"0x8DDD8AC75E81571\"",
        "Last-Modified": "Mon, 11 Aug 2025 07:55:38 GMT",
        "Server": [
          "Windows-Azure-File/1.0",
          "Microsoft-HTTPAPI/2.0"
        ],
        "x-ms-version": "2026-02-06"
      },
      "ResponseBody": null
    },
    {
      "RequestUri": "https://Sanitized.file.core.windows.net/utshareedb43694?restype=share&comp=filepermission",
      "RequestMethod": "PUT",
      "RequestHeaders": {
        "Accept": "application/xml",
        "Accept-Encoding": "gzip, deflate",
        "Content-Length": "207",
        "Content-Type": "application/json",
        "User-Agent": "azsdk-python-storage-file-share/12.24.0b1 Python/3.12.10 (macOS-15.6-arm64-arm-64bit)",
        "x-ms-date": "Mon, 11 Aug 2025 07:55:38 GMT",
        "x-ms-version": "2026-02-06"
      },
      "RequestBody": {
        "permission": "O:S-1-5-21-2127521184-1604012920-1887927527-21560751G:S-1-5-21-2127521184-1604012920-1887927527-513D:AI(A;;FA;;;SY)(A;;FA;;;BA)(A;;0x1200a9;;;S-1-5-21-397955417-626881126-188441444-3053964)"
      },
      "StatusCode": 201,
      "ResponseHeaders": {
        "Date": "Mon, 11 Aug 2025 07:55:37 GMT",
        "Server": [
          "Windows-Azure-File/1.0",
          "Microsoft-HTTPAPI/2.0"
        ],
        "Transfer-Encoding": "chunked",
        "x-ms-file-permission-key": "4089320212444238414*11459378189709739967",
        "x-ms-version": "2026-02-06"
      },
      "ResponseBody": null
    },
    {
      "RequestUri": "https://Sanitized.file.core.windows.net/utshareedb43694/dir1?restype=directory",
      "RequestMethod": "PUT",
      "RequestHeaders": {
        "Accept": "application/xml",
        "Accept-Encoding": "gzip, deflate",
        "Content-Length": "0",
        "User-Agent": "azsdk-python-storage-file-share/12.24.0b1 Python/3.12.10 (macOS-15.6-arm64-arm-64bit)",
        "x-ms-date": "Mon, 11 Aug 2025 07:55:38 GMT",
        "x-ms-version": "2026-02-06"
      },
      "RequestBody": null,
      "StatusCode": 201,
      "ResponseHeaders": {
        "Content-Length": "0",
        "Date": "Mon, 11 Aug 2025 07:55:37 GMT",
        "ETag": "\"0x8DDD8AC7619379E\"",
        "Last-Modified": "Mon, 11 Aug 2025 07:55:38 GMT",
        "Server": [
          "Windows-Azure-File/1.0",
          "Microsoft-HTTPAPI/2.0"
        ],
        "x-ms-file-attributes": "Directory",
        "x-ms-file-change-time": "2025-08-11T07:55:38.3817118Z",
        "x-ms-file-creation-time": "2025-08-11T07:55:38.3817118Z",
        "x-ms-file-id": "13835128424026341376",
        "x-ms-file-last-write-time": "2025-08-11T07:55:38.3817118Z",
        "x-ms-file-parent-id": "0",
        "x-ms-file-permission-key": "17860367565182308406*11459378189709739967",
        "x-ms-request-server-encrypted": "true",
        "x-ms-version": "2026-02-06"
      },
      "ResponseBody": null
    },
    {
      "RequestUri": "https://Sanitized.file.core.windows.net/utshareedb43694/dir2?restype=directory&comp=rename",
      "RequestMethod": "PUT",
      "RequestHeaders": {
        "Accept": "application/xml",
        "Accept-Encoding": "gzip, deflate",
        "Content-Length": "0",
        "User-Agent": "azsdk-python-storage-file-share/12.24.0b1 Python/3.12.10 (macOS-15.6-arm64-arm-64bit)",
        "x-ms-date": "Mon, 11 Aug 2025 07:55:38 GMT",
        "x-ms-file-permission": "O:S-1-5-21-2127521184-1604012920-1887927527-21560751G:S-1-5-21-2127521184-1604012920-1887927527-513D:AI(A;;FA;;;SY)(A;;FA;;;BA)(A;;0x1200a9;;;S-1-5-21-397955417-626881126-188441444-3053964)",
        "x-ms-file-rename-source": "Sanitized",
        "x-ms-version": "2026-02-06"
      },
      "RequestBody": null,
      "StatusCode": 200,
      "ResponseHeaders": {
        "Content-Length": "0",
        "Date": "Mon, 11 Aug 2025 07:55:38 GMT",
        "ETag": "\"0x8DDD8AC76318677\"",
        "Last-Modified": "Mon, 11 Aug 2025 07:55:38 GMT",
        "Server": [
          "Windows-Azure-File/1.0",
          "Microsoft-HTTPAPI/2.0"
        ],
        "x-ms-file-attributes": "Directory",
        "x-ms-file-change-time": "2025-08-11T07:55:38.5410167Z",
        "x-ms-file-creation-time": "2025-08-11T07:55:38.3817118Z",
        "x-ms-file-id": "13835128424026341376",
        "x-ms-file-last-write-time": "2025-08-11T07:55:38.3817118Z",
        "x-ms-file-parent-id": "0",
        "x-ms-file-permission-key": "4089320212444238414*11459378189709739967",
        "x-ms-request-server-encrypted": "true",
        "x-ms-version": "2026-02-06"
      },
      "ResponseBody": null
    },
    {
      "RequestUri": "https://Sanitized.file.core.windows.net/utshareedb43694/dir2?restype=directory",
      "RequestMethod": "GET",
      "RequestHeaders": {
        "Accept": "application/xml",
        "Accept-Encoding": "gzip, deflate",
        "User-Agent": "azsdk-python-storage-file-share/12.24.0b1 Python/3.12.10 (macOS-15.6-arm64-arm-64bit)",
        "x-ms-date": "Mon, 11 Aug 2025 07:55:38 GMT",
        "x-ms-version": "2026-02-06"
      },
      "RequestBody": null,
      "StatusCode": 200,
      "ResponseHeaders": {
        "Content-Length": "0",
        "Date": "Mon, 11 Aug 2025 07:55:38 GMT",
        "ETag": "\"0x8DDD8AC76318677\"",
        "Last-Modified": "Mon, 11 Aug 2025 07:55:38 GMT",
        "Server": [
          "Windows-Azure-File/1.0",
          "Microsoft-HTTPAPI/2.0"
        ],
        "x-ms-file-attributes": "Directory",
        "x-ms-file-change-time": "2025-08-11T07:55:38.5410167Z",
        "x-ms-file-creation-time": "2025-08-11T07:55:38.3817118Z",
        "x-ms-file-id": "13835128424026341376",
        "x-ms-file-last-write-time": "2025-08-11T07:55:38.3817118Z",
        "x-ms-file-parent-id": "0",
        "x-ms-file-permission-key": "4089320212444238414*11459378189709739967",
        "x-ms-server-encrypted": "true",
        "x-ms-version": "2026-02-06"
      },
      "ResponseBody": null
    }
  ],
  "Variables": {}
}
