{
  "Entries": [
    {
      "RequestUri": "https://Sanitized.file.core.windows.net/utshare904c2af5?restype=share",
      "RequestMethod": "PUT",
      "RequestHeaders": {
        "Accept": "application/xml",
        "Accept-Encoding": "gzip, deflate",
        "Content-Length": "0",
        "User-Agent": "azsdk-python-storage-file-share/12.22.0b1 Python/3.11.11 (macOS-15.3.1-x86_64-i386-64bit)",
        "x-ms-date": "Thu, 27 Feb 2025 21:17:19 GMT",
        "x-ms-enabled-protocols": "NFS",
        "x-ms-file-request-intent": "backup",
        "x-ms-version": "2025-07-05"
      },
      "RequestBody": null,
      "StatusCode": 201,
      "ResponseHeaders": {
        "Content-Length": "0",
        "Date": "Thu, 27 Feb 2025 21:17:21 GMT",
        "ETag": "\"0x8DD57741FBED63B\"",
        "Last-Modified": "Thu, 27 Feb 2025 21:17:21 GMT",
        "Server": [
          "Windows-Azure-File/1.0",
          "Microsoft-HTTPAPI/2.0"
        ],
        "x-ms-version": "2025-07-05"
      },
      "ResponseBody": null
    },
    {
      "RequestUri": "https://Sanitized.file.core.windows.net/utshare904c2af5/directory904c2af5/file2904c2af5?restype=symboliclink",
      "RequestMethod": "PUT",
      "RequestHeaders": {
        "Accept": "application/xml",
        "Accept-Encoding": "gzip, deflate",
        "Content-Length": "0",
        "User-Agent": "azsdk-python-storage-file-share/12.22.0b1 Python/3.11.11 (macOS-15.3.1-x86_64-i386-64bit)",
        "x-ms-date": "Thu, 27 Feb 2025 21:17:21 GMT",
        "x-ms-file-request-intent": "backup",
        "x-ms-link-text": "directory904c2af5/file1904c2af5",
        "x-ms-version": "2025-07-05"
      },
      "RequestBody": null,
      "StatusCode": 404,
      "ResponseHeaders": {
        "Content-Length": "224",
        "Content-Type": "application/xml",
        "Date": "Thu, 27 Feb 2025 21:17:22 GMT",
        "Server": [
          "Windows-Azure-File/1.0",
          "Microsoft-HTTPAPI/2.0"
        ],
        "x-ms-error-code": "ParentNotFound",
        "x-ms-version": "2025-07-05"
      },
      "ResponseBody": [
        "\uFEFF<?xml version=\"1.0\" encoding=\"utf-8\"?><Error><Code>ParentNotFound</Code><Message>The specified parent path does not exist.\n",
        "RequestId:384d4abe-901a-0055-525c-89bd70000000\n",
        "Time:2025-02-27T21:17:23.0818052Z</Message></Error>"
      ]
    },
    {
      "RequestUri": "https://Sanitized.file.core.windows.net/utshare904c2af5/directory904c2af5/file2904c2af5?restype=symboliclink",
      "RequestMethod": "GET",
      "RequestHeaders": {
        "Accept": "application/xml",
        "Accept-Encoding": "gzip, deflate",
        "User-Agent": "azsdk-python-storage-file-share/12.22.0b1 Python/3.11.11 (macOS-15.3.1-x86_64-i386-64bit)",
        "x-ms-date": "Thu, 27 Feb 2025 21:17:23 GMT",
        "x-ms-file-request-intent": "backup",
        "x-ms-version": "2025-07-05"
      },
      "RequestBody": null,
      "StatusCode": 404,
      "ResponseHeaders": {
        "Content-Length": "224",
        "Content-Type": "application/xml",
        "Date": "Thu, 27 Feb 2025 21:17:23 GMT",
        "Server": [
          "Windows-Azure-File/1.0",
          "Microsoft-HTTPAPI/2.0"
        ],
        "x-ms-error-code": "ParentNotFound",
        "x-ms-version": "2025-07-05"
      },
      "ResponseBody": [
        "\uFEFF<?xml version=\"1.0\" encoding=\"utf-8\"?><Error><Code>ParentNotFound</Code><Message>The specified parent path does not exist.\n",
        "RequestId:384d4abf-901a-0055-535c-89bd70000000\n",
        "Time:2025-02-27T21:17:23.4000196Z</Message></Error>"
      ]
    }
  ],
  "Variables": {}
}
