{
  "Entries": [
    {
      "RequestUri": "https://Sanitized.file.core.windows.net/utshare8fa3286c?restype=share",
      "RequestMethod": "PUT",
      "RequestHeaders": {
        "Accept": "application/xml",
        "Accept-Encoding": "gzip, deflate",
        "Content-Length": "0",
        "User-Agent": "azsdk-python-storage-file-share/12.22.0b1 Python/3.11.11 (macOS-15.3.1-x86_64-i386-64bit)",
        "x-ms-date": "Thu, 27 Feb 2025 21:16:41 GMT",
        "x-ms-enabled-protocols": "NFS",
        "x-ms-file-request-intent": "backup",
        "x-ms-version": "2025-07-05"
      },
      "RequestBody": null,
      "StatusCode": 201,
      "ResponseHeaders": {
        "Content-Length": "0",
        "Date": "Thu, 27 Feb 2025 21:16:43 GMT",
        "ETag": "\"0x8DD577408F599C5\"",
        "Last-Modified": "Thu, 27 Feb 2025 21:16:43 GMT",
        "Server": [
          "Windows-Azure-File/1.0",
          "Microsoft-HTTPAPI/2.0"
        ],
        "x-ms-version": "2025-07-05"
      },
      "ResponseBody": null
    },
    {
      "RequestUri": "https://Sanitized.file.core.windows.net/utshare8fa3286c/directory8fa3286c?restype=directory",
      "RequestMethod": "PUT",
      "RequestHeaders": {
        "Accept": "application/xml",
        "Accept-Encoding": "gzip, deflate",
        "Content-Length": "0",
        "User-Agent": "azsdk-python-storage-file-share/12.22.0b1 Python/3.11.11 (macOS-15.3.1-x86_64-i386-64bit)",
        "x-ms-date": "Thu, 27 Feb 2025 21:16:43 GMT",
        "x-ms-file-request-intent": "backup",
        "x-ms-version": "2025-07-05"
      },
      "RequestBody": null,
      "StatusCode": 201,
      "ResponseHeaders": {
        "Content-Length": "0",
        "Date": "Thu, 27 Feb 2025 21:16:44 GMT",
        "ETag": "\"0x8DD577409A89668\"",
        "Last-Modified": "Thu, 27 Feb 2025 21:16:44 GMT",
        "Server": [
          "Windows-Azure-File/1.0",
          "Microsoft-HTTPAPI/2.0"
        ],
        "x-ms-file-change-time": "2025-02-27T21:16:44.6344808Z",
        "x-ms-file-creation-time": "2025-02-27T21:16:44.6344808Z",
        "x-ms-file-file-type": "Directory",
        "x-ms-file-id": "13835128424026341376",
        "x-ms-file-last-write-time": "2025-02-27T21:16:44.6344808Z",
        "x-ms-file-parent-id": "1",
        "x-ms-group": "0",
        "x-ms-mode": "0755",
        "x-ms-owner": "0",
        "x-ms-request-server-encrypted": "true",
        "x-ms-version": "2025-07-05"
      },
      "ResponseBody": null
    },
    {
      "RequestUri": "https://Sanitized.file.core.windows.net/utshare8fa3286c/directory8fa3286c/file18fa3286c",
      "RequestMethod": "PUT",
      "RequestHeaders": {
        "Accept": "application/xml",
        "Accept-Encoding": "gzip, deflate",
        "Content-Length": "0",
        "User-Agent": "azsdk-python-storage-file-share/12.22.0b1 Python/3.11.11 (macOS-15.3.1-x86_64-i386-64bit)",
        "x-ms-content-length": "1024",
        "x-ms-date": "Thu, 27 Feb 2025 21:16:44 GMT",
        "x-ms-file-request-intent": "backup",
        "x-ms-type": "file",
        "x-ms-version": "2025-07-05"
      },
      "RequestBody": null,
      "StatusCode": 201,
      "ResponseHeaders": {
        "Content-Length": "0",
        "Date": "Thu, 27 Feb 2025 21:16:44 GMT",
        "ETag": "\"0x8DD577409D2F92C\"",
        "Last-Modified": "Thu, 27 Feb 2025 21:16:44 GMT",
        "Server": [
          "Windows-Azure-File/1.0",
          "Microsoft-HTTPAPI/2.0"
        ],
        "x-ms-file-change-time": "2025-02-27T21:16:44.9122604Z",
        "x-ms-file-creation-time": "2025-02-27T21:16:44.9122604Z",
        "x-ms-file-file-type": "Regular",
        "x-ms-file-id": "11529285414812647424",
        "x-ms-file-last-write-time": "2025-02-27T21:16:44.9122604Z",
        "x-ms-file-parent-id": "13835128424026341376",
        "x-ms-group": "0",
        "x-ms-mode": "0664",
        "x-ms-owner": "0",
        "x-ms-request-server-encrypted": "true",
        "x-ms-version": "2025-07-05"
      },
      "ResponseBody": null
    },
    {
      "RequestUri": "https://Sanitized.file.core.windows.net/utshare8fa3286c/directory8fa3286c/file28fa3286c?restype=symboliclink",
      "RequestMethod": "PUT",
      "RequestHeaders": {
        "Accept": "application/xml",
        "Accept-Encoding": "gzip, deflate",
        "Content-Length": "0",
        "User-Agent": "azsdk-python-storage-file-share/12.22.0b1 Python/3.11.11 (macOS-15.3.1-x86_64-i386-64bit)",
        "x-ms-date": "Thu, 27 Feb 2025 21:16:45 GMT",
        "x-ms-file-request-intent": "backup",
        "x-ms-group": "123",
        "x-ms-link-text": "directory8fa3286c/file18fa3286c",
        "x-ms-meta": "{'test1': 'foo', 'test2': 'bar'}",
        "x-ms-owner": "345",
        "x-ms-version": "2025-07-05"
      },
      "RequestBody": null,
      "StatusCode": 201,
      "ResponseHeaders": {
        "Content-Length": "0",
        "Date": "Thu, 27 Feb 2025 21:16:44 GMT",
        "ETag": "\"0x8DD577409FDD0A0\"",
        "Last-Modified": "Thu, 27 Feb 2025 21:16:45 GMT",
        "Server": [
          "Windows-Azure-File/1.0",
          "Microsoft-HTTPAPI/2.0"
        ],
        "x-ms-file-change-time": "2025-02-27T21:16:45.1930272Z",
        "x-ms-file-creation-time": "2025-02-27T21:16:45.1930272Z",
        "x-ms-file-file-type": "SymLink",
        "x-ms-file-id": "16140971433240035328",
        "x-ms-file-last-write-time": "2025-02-27T21:16:45.1930272Z",
        "x-ms-file-parent-id": "13835128424026341376",
        "x-ms-group": "123",
        "x-ms-mode": "0777",
        "x-ms-owner": "345",
        "x-ms-request-server-encrypted": "false",
        "x-ms-version": "2025-07-05"
      },
      "ResponseBody": null
    },
    {
      "RequestUri": "https://Sanitized.file.core.windows.net/utshare8fa3286c/directory8fa3286c/file28fa3286c?restype=symboliclink",
      "RequestMethod": "GET",
      "RequestHeaders": {
        "Accept": "application/xml",
        "Accept-Encoding": "gzip, deflate",
        "User-Agent": "azsdk-python-storage-file-share/12.22.0b1 Python/3.11.11 (macOS-15.3.1-x86_64-i386-64bit)",
        "x-ms-date": "Thu, 27 Feb 2025 21:16:45 GMT",
        "x-ms-file-request-intent": "backup",
        "x-ms-version": "2025-07-05"
      },
      "RequestBody": null,
      "StatusCode": 200,
      "ResponseHeaders": {
        "Content-Length": "0",
        "Date": "Thu, 27 Feb 2025 21:16:45 GMT",
        "ETag": "\"0x8DD577409FDD0A0\"",
        "Last-Modified": "Thu, 27 Feb 2025 21:16:45 GMT",
        "Server": [
          "Windows-Azure-File/1.0",
          "Microsoft-HTTPAPI/2.0"
        ],
        "x-ms-link-text": "directory8fa3286c%2Ffile18fa3286c",
        "x-ms-version": "2025-07-05"
      },
      "ResponseBody": null
    }
  ],
  "Variables": {}
}
