{
  "Entries": [
    {
      "RequestUri": "https://Sanitized.file.core.windows.net/share13eb2a23?restype=share",
      "RequestMethod": "PUT",
      "RequestHeaders": {
        "Accept": "application/xml",
        "Accept-Encoding": "gzip, deflate",
        "Connection": "keep-alive",
        "Content-Length": "0",
        "User-Agent": "azsdk-python-storage-file-share/12.21.0b1 Python/3.11.10 (macOS-15.1.1-x86_64-i386-64bit)",
        "x-ms-date": "Fri, 06 Dec 2024 11:12:10 GMT",
        "x-ms-version": "2025-05-05"
      },
      "RequestBody": null,
      "StatusCode": 201,
      "ResponseHeaders": {
        "Content-Length": "0",
        "Date": "Fri, 06 Dec 2024 11:12:09 GMT",
        "ETag": "\"0x8DD15E6D436B8FD\"",
        "Last-Modified": "Fri, 06 Dec 2024 11:12:10 GMT",
        "Server": [
          "Windows-Azure-File/1.0",
          "Microsoft-HTTPAPI/2.0"
        ],
        "x-ms-version": "2025-05-05"
      },
      "ResponseBody": null
    },
    {
      "RequestUri": "https://Sanitized.file.core.windows.net/share13eb2a23?restype=share&comp=snapshot",
      "RequestMethod": "PUT",
      "RequestHeaders": {
        "Accept": "application/xml",
        "Accept-Encoding": "gzip, deflate",
        "Connection": "keep-alive",
        "Content-Length": "0",
        "User-Agent": "azsdk-python-storage-file-share/12.21.0b1 Python/3.11.10 (macOS-15.1.1-x86_64-i386-64bit)",
        "x-ms-date": "Fri, 06 Dec 2024 11:12:10 GMT",
        "x-ms-version": "2025-05-05"
      },
      "RequestBody": null,
      "StatusCode": 201,
      "ResponseHeaders": {
        "Content-Length": "0",
        "Date": "Fri, 06 Dec 2024 11:12:09 GMT",
        "ETag": "\"0x8DD15E6D436B8FD\"",
        "Last-Modified": "Fri, 06 Dec 2024 11:12:10 GMT",
        "Server": [
          "Windows-Azure-File/1.0",
          "Microsoft-HTTPAPI/2.0"
        ],
        "x-ms-snapshot": "2024-12-06T11:12:10.0000000Z",
        "x-ms-version": "2025-05-05"
      },
      "ResponseBody": null
    },
    {
      "RequestUri": "https://Sanitized.file.core.windows.net/share13eb2a23?restype=share&sharesnapshot=2024-12-06T11:12:10.0000000Z",
      "RequestMethod": "GET",
      "RequestHeaders": {
        "Accept": "application/xml",
        "Accept-Encoding": "gzip, deflate",
        "Connection": "keep-alive",
        "User-Agent": "azsdk-python-storage-file-share/12.21.0b1 Python/3.11.10 (macOS-15.1.1-x86_64-i386-64bit)",
        "x-ms-date": "Fri, 06 Dec 2024 11:12:10 GMT",
        "x-ms-version": "2025-05-05"
      },
      "RequestBody": null,
      "StatusCode": 200,
      "ResponseHeaders": {
        "Content-Length": "0",
        "Date": "Fri, 06 Dec 2024 11:12:09 GMT",
        "ETag": "\"0x8DD15E6D436B8FD\"",
        "Last-Modified": "Fri, 06 Dec 2024 11:12:10 GMT",
        "Server": [
          "Windows-Azure-File/1.0",
          "Microsoft-HTTPAPI/2.0"
        ],
        "x-ms-access-tier": "TransactionOptimized",
        "x-ms-access-tier-change-time": "Fri, 06 Dec 2024 11:12:10 GMT",
        "x-ms-has-immutability-policy": "false",
        "x-ms-has-legal-hold": "false",
        "x-ms-lease-state": "available",
        "x-ms-lease-status": "unlocked",
        "x-ms-share-quota": "102400",
        "x-ms-version": "2025-05-05"
      },
      "ResponseBody": null
    },
    {
      "RequestUri": "https://Sanitized.file.core.windows.net/?comp=list&include=snapshots",
      "RequestMethod": "GET",
      "RequestHeaders": {
        "Accept": "application/xml",
        "Accept-Encoding": "gzip, deflate",
        "Connection": "keep-alive",
        "User-Agent": "azsdk-python-storage-file-share/12.21.0b1 Python/3.11.10 (macOS-15.1.1-x86_64-i386-64bit)",
        "x-ms-date": "Fri, 06 Dec 2024 11:12:10 GMT",
        "x-ms-version": "2025-05-05"
      },
      "RequestBody": null,
      "StatusCode": 200,
      "ResponseHeaders": {
        "Content-Type": "application/xml",
        "Date": "Fri, 06 Dec 2024 11:12:10 GMT",
        "Server": [
          "Windows-Azure-File/1.0",
          "Microsoft-HTTPAPI/2.0"
        ],
        "Transfer-Encoding": "chunked",
        "x-ms-version": "2025-05-05"
      },
      "ResponseBody": "\uFEFF<?xml version=\"1.0\" encoding=\"utf-8\"?><EnumerationResults ServiceEndpoint=\"https://storagename.file.core.windows.net/\"><Shares><Share><Name>share13eb2a23</Name><Snapshot>2024-12-06T11:12:10.0000000Z</Snapshot><Properties><Last-Modified>Fri, 06 Dec 2024 11:12:10 GMT</Last-Modified><Etag>\"0x8DD15E6D436B8FD\"</Etag><LeaseStatus>unlocked</LeaseStatus><LeaseState>available</LeaseState><Quota>102400</Quota><DefaultEncryptionScope>$account-encryption-key</DefaultEncryptionScope><DenyEncryptionScopeOverride>false</DenyEncryptionScopeOverride></Properties></Share><Share><Name>share13eb2a23</Name><Properties><Last-Modified>Fri, 06 Dec 2024 11:12:10 GMT</Last-Modified><Etag>\"0x8DD15E6D436B8FD\"</Etag><LeaseStatus>unlocked</LeaseStatus><LeaseState>available</LeaseState><Quota>102400</Quota><AccessTier>TransactionOptimized</AccessTier><AccessTierChangeTime>Fri, 06 Dec 2024 11:12:10 GMT</AccessTierChangeTime><DefaultEncryptionScope>$account-encryption-key</DefaultEncryptionScope><DenyEncryptionScopeOverride>false</DenyEncryptionScopeOverride></Properties></Share><Share><Name>test14c92c18</Name><Properties><Last-Modified>Fri, 06 Dec 2024 11:10:54 GMT</Last-Modified><Etag>\"0x8DD15E6A6C7B6B8\"</Etag><LeaseStatus>locked</LeaseStatus><LeaseState>leased</LeaseState><LeaseDuration>infinite</LeaseDuration><Quota>102400</Quota><AccessTier>TransactionOptimized</AccessTier><AccessTierChangeTime>Fri, 06 Dec 2024 11:10:54 GMT</AccessTierChangeTime><DefaultEncryptionScope>$account-encryption-key</DefaultEncryptionScope><DenyEncryptionScopeOverride>false</DenyEncryptionScopeOverride></Properties></Share><Share><Name>test16da2c33</Name><Properties><Last-Modified>Fri, 06 Dec 2024 11:10:59 GMT</Last-Modified><Etag>\"0x8DD15E6A9C0F493\"</Etag><LeaseStatus>locked</LeaseStatus><LeaseState>leased</LeaseState><LeaseDuration>infinite</LeaseDuration><Quota>102400</Quota><AccessTier>TransactionOptimized</AccessTier><AccessTierChangeTime>Fri, 06 Dec 2024 11:10:59 GMT</AccessTierChangeTime><DefaultEncryptionScope>$account-encryption-key</DefaultEncryptionScope><DenyEncryptionScopeOverride>false</DenyEncryptionScopeOverride></Properties></Share><Share><Name>test18722c3f</Name><Properties><Last-Modified>Fri, 06 Dec 2024 11:11:00 GMT</Last-Modified><Etag>\"0x8DD15E6AAAA296A\"</Etag><LeaseStatus>locked</LeaseStatus><LeaseState>leased</LeaseState><LeaseDuration>infinite</LeaseDuration><Quota>102400</Quota><AccessTier>TransactionOptimized</AccessTier><AccessTierChangeTime>Fri, 06 Dec 2024 11:11:00 GMT</AccessTierChangeTime><DefaultEncryptionScope>$account-encryption-key</DefaultEncryptionScope><DenyEncryptionScopeOverride>false</DenyEncryptionScopeOverride></Properties></Share><Share><Name>test1c0022b9e</Name><Properties><Last-Modified>Fri, 06 Dec 2024 11:10:34 GMT</Last-Modified><Etag>\"0x8DD15E69AF37976\"</Etag><LeaseStatus>locked</LeaseStatus><LeaseState>leased</LeaseState><LeaseDuration>infinite</LeaseDuration><Quota>102400</Quota><AccessTier>TransactionOptimized</AccessTier><AccessTierChangeTime>Fri, 06 Dec 2024 11:10:34 GMT</AccessTierChangeTime><DefaultEncryptionScope>$account-encryption-key</DefaultEncryptionScope><DenyEncryptionScopeOverride>false</DenyEncryptionScopeOverride></Properties></Share><Share><Name>test62022f39</Name><Properties><Last-Modified>Fri, 06 Dec 2024 11:10:53 GMT</Last-Modified><Etag>\"0x8DD15E6A658C0B9\"</Etag><LeaseStatus>locked</LeaseStatus><LeaseState>leased</LeaseState><LeaseDuration>infinite</LeaseDuration><Quota>102400</Quota><AccessTier>TransactionOptimized</AccessTier><AccessTierChangeTime>Fri, 06 Dec 2024 11:10:53 GMT</AccessTierChangeTime><DefaultEncryptionScope>$account-encryption-key</DefaultEncryptionScope><DenyEncryptionScopeOverride>false</DenyEncryptionScopeOverride></Properties></Share><Share><Name>test67a12839</Name><Properties><Last-Modified>Fri, 06 Dec 2024 11:10:52 GMT</Last-Modified><Etag>\"0x8DD15E6A5C86CBD\"</Etag><LeaseStatus>locked</LeaseStatus><LeaseState>leased</LeaseState><LeaseDuration>infinite</LeaseDuration><Quota>102400</Quota><AccessTier>TransactionOptimized</AccessTier><AccessTierChangeTime>Fri, 06 Dec 2024 11:10:52 GMT</AccessTierChangeTime><DefaultEncryptionScope>$account-encryption-key</DefaultEncryptionScope><DenyEncryptionScopeOverride>false</DenyEncryptionScopeOverride></Properties></Share><Share><Name>testef2e50</Name><Properties><Last-Modified>Fri, 06 Dec 2024 11:10:55 GMT</Last-Modified><Etag>\"0x8DD15E6A7CB41C5\"</Etag><LeaseStatus>locked</LeaseStatus><LeaseState>leased</LeaseState><LeaseDuration>infinite</LeaseDuration><Quota>102400</Quota><AccessTier>TransactionOptimized</AccessTier><AccessTierChangeTime>Fri, 06 Dec 2024 11:10:55 GMT</AccessTierChangeTime><DefaultEncryptionScope>$account-encryption-key</DefaultEncryptionScope><DenyEncryptionScopeOverride>false</DenyEncryptionScopeOverride></Properties></Share><Share><Name>testff0c2e44</Name><Properties><Last-Modified>Fri, 06 Dec 2024 11:10:56 GMT</Last-Modified><Etag>\"0x8DD15E6A85A4DAC\"</Etag><LeaseStatus>locked</LeaseStatus><LeaseState>leased</LeaseState><LeaseDuration>infinite</LeaseDuration><Quota>102400</Quota><AccessTier>TransactionOptimized</AccessTier><AccessTierChangeTime>Fri, 06 Dec 2024 11:10:56 GMT</AccessTierChangeTime><DefaultEncryptionScope>$account-encryption-key</DefaultEncryptionScope><DenyEncryptionScopeOverride>false</DenyEncryptionScopeOverride></Properties></Share></Shares><NextMarker /></EnumerationResults>"
    },
    {
      "RequestUri": "https://Sanitized.file.core.windows.net/share13eb2a23?restype=share",
      "RequestMethod": "DELETE",
      "RequestHeaders": {
        "Accept": "application/xml",
        "Accept-Encoding": "gzip, deflate",
        "Connection": "keep-alive",
        "Content-Length": "0",
        "User-Agent": "azsdk-python-storage-file-share/12.21.0b1 Python/3.11.10 (macOS-15.1.1-x86_64-i386-64bit)",
        "x-ms-date": "Fri, 06 Dec 2024 11:12:11 GMT",
        "x-ms-delete-snapshots": "include",
        "x-ms-version": "2025-05-05"
      },
      "RequestBody": null,
      "StatusCode": 202,
      "ResponseHeaders": {
        "Content-Length": "0",
        "Date": "Fri, 06 Dec 2024 11:12:10 GMT",
        "Server": [
          "Windows-Azure-File/1.0",
          "Microsoft-HTTPAPI/2.0"
        ],
        "x-ms-version": "2025-05-05"
      },
      "ResponseBody": null
    },
    {
      "RequestUri": "https://Sanitized.file.core.windows.net/share13eb2a23?restype=share",
      "RequestMethod": "DELETE",
      "RequestHeaders": {
        "Accept": "application/xml",
        "Accept-Encoding": "gzip, deflate",
        "Connection": "keep-alive",
        "Content-Length": "0",
        "User-Agent": "azsdk-python-storage-file-share/12.21.0b1 Python/3.11.10 (macOS-15.1.1-x86_64-i386-64bit)",
        "x-ms-date": "Fri, 06 Dec 2024 11:12:11 GMT",
        "x-ms-delete-snapshots": "include",
        "x-ms-version": "2025-05-05"
      },
      "RequestBody": null,
      "StatusCode": 202,
      "ResponseHeaders": {
        "Content-Length": "0",
        "Date": "Fri, 06 Dec 2024 11:12:10 GMT",
        "Server": [
          "Windows-Azure-File/1.0",
          "Microsoft-HTTPAPI/2.0"
        ],
        "x-ms-version": "2025-05-05"
      },
      "ResponseBody": null
    },
    {
      "RequestUri": "https://Sanitized.file.core.windows.net/test14c92c18?restype=share",
      "RequestMethod": "DELETE",
      "RequestHeaders": {
        "Accept": "application/xml",
        "Accept-Encoding": "gzip, deflate",
        "Connection": "keep-alive",
        "Content-Length": "0",
        "User-Agent": "azsdk-python-storage-file-share/12.21.0b1 Python/3.11.10 (macOS-15.1.1-x86_64-i386-64bit)",
        "x-ms-date": "Fri, 06 Dec 2024 11:12:11 GMT",
        "x-ms-delete-snapshots": "include",
        "x-ms-version": "2025-05-05"
      },
      "RequestBody": null,
      "StatusCode": 412,
      "ResponseHeaders": {
        "Content-Length": "273",
        "Content-Type": "application/xml",
        "Date": "Fri, 06 Dec 2024 11:12:11 GMT",
        "Server": [
          "Windows-Azure-File/1.0",
          "Microsoft-HTTPAPI/2.0"
        ],
        "x-ms-error-code": "LeaseIdMissing",
        "x-ms-version": "2025-05-05"
      },
      "ResponseBody": [
        "\uFEFF<?xml version=\"1.0\" encoding=\"utf-8\"?><Error><Code>LeaseIdMissing</Code><Message>There is currently a lease on the file share and no lease ID was specified in the request.\n",
        "RequestId:7edab671-501a-0063-57cf-4763f4000000\n",
        "Time:2024-12-06T11:12:11.8786064Z</Message></Error>"
      ]
    },
    {
      "RequestUri": "https://Sanitized.file.core.windows.net/test16da2c33?restype=share",
      "RequestMethod": "DELETE",
      "RequestHeaders": {
        "Accept": "application/xml",
        "Accept-Encoding": "gzip, deflate",
        "Connection": "keep-alive",
        "Content-Length": "0",
        "User-Agent": "azsdk-python-storage-file-share/12.21.0b1 Python/3.11.10 (macOS-15.1.1-x86_64-i386-64bit)",
        "x-ms-date": "Fri, 06 Dec 2024 11:12:11 GMT",
        "x-ms-delete-snapshots": "include",
        "x-ms-version": "2025-05-05"
      },
      "RequestBody": null,
      "StatusCode": 412,
      "ResponseHeaders": {
        "Content-Length": "273",
        "Content-Type": "application/xml",
        "Date": "Fri, 06 Dec 2024 11:12:11 GMT",
        "Server": [
          "Windows-Azure-File/1.0",
          "Microsoft-HTTPAPI/2.0"
        ],
        "x-ms-error-code": "LeaseIdMissing",
        "x-ms-version": "2025-05-05"
      },
      "ResponseBody": [
        "\uFEFF<?xml version=\"1.0\" encoding=\"utf-8\"?><Error><Code>LeaseIdMissing</Code><Message>There is currently a lease on the file share and no lease ID was specified in the request.\n",
        "RequestId:7edab672-501a-0063-58cf-4763f4000000\n",
        "Time:2024-12-06T11:12:12.0990835Z</Message></Error>"
      ]
    },
    {
      "RequestUri": "https://Sanitized.file.core.windows.net/test18722c3f?restype=share",
      "RequestMethod": "DELETE",
      "RequestHeaders": {
        "Accept": "application/xml",
        "Accept-Encoding": "gzip, deflate",
        "Connection": "keep-alive",
        "Content-Length": "0",
        "User-Agent": "azsdk-python-storage-file-share/12.21.0b1 Python/3.11.10 (macOS-15.1.1-x86_64-i386-64bit)",
        "x-ms-date": "Fri, 06 Dec 2024 11:12:12 GMT",
        "x-ms-delete-snapshots": "include",
        "x-ms-version": "2025-05-05"
      },
      "RequestBody": null,
      "StatusCode": 412,
      "ResponseHeaders": {
        "Content-Length": "273",
        "Content-Type": "application/xml",
        "Date": "Fri, 06 Dec 2024 11:12:11 GMT",
        "Server": [
          "Windows-Azure-File/1.0",
          "Microsoft-HTTPAPI/2.0"
        ],
        "x-ms-error-code": "LeaseIdMissing",
        "x-ms-version": "2025-05-05"
      },
      "ResponseBody": [
        "\uFEFF<?xml version=\"1.0\" encoding=\"utf-8\"?><Error><Code>LeaseIdMissing</Code><Message>There is currently a lease on the file share and no lease ID was specified in the request.\n",
        "RequestId:7edab673-501a-0063-59cf-4763f4000000\n",
        "Time:2024-12-06T11:12:12.3200946Z</Message></Error>"
      ]
    },
    {
      "RequestUri": "https://Sanitized.file.core.windows.net/test1c0022b9e?restype=share",
      "RequestMethod": "DELETE",
      "RequestHeaders": {
        "Accept": "application/xml",
        "Accept-Encoding": "gzip, deflate",
        "Connection": "keep-alive",
        "Content-Length": "0",
        "User-Agent": "azsdk-python-storage-file-share/12.21.0b1 Python/3.11.10 (macOS-15.1.1-x86_64-i386-64bit)",
        "x-ms-date": "Fri, 06 Dec 2024 11:12:12 GMT",
        "x-ms-delete-snapshots": "include",
        "x-ms-version": "2025-05-05"
      },
      "RequestBody": null,
      "StatusCode": 412,
      "ResponseHeaders": {
        "Content-Length": "273",
        "Content-Type": "application/xml",
        "Date": "Fri, 06 Dec 2024 11:12:11 GMT",
        "Server": [
          "Windows-Azure-File/1.0",
          "Microsoft-HTTPAPI/2.0"
        ],
        "x-ms-error-code": "LeaseIdMissing",
        "x-ms-version": "2025-05-05"
      },
      "ResponseBody": [
        "\uFEFF<?xml version=\"1.0\" encoding=\"utf-8\"?><Error><Code>LeaseIdMissing</Code><Message>There is currently a lease on the file share and no lease ID was specified in the request.\n",
        "RequestId:7edab674-501a-0063-5acf-4763f4000000\n",
        "Time:2024-12-06T11:12:12.5377330Z</Message></Error>"
      ]
    },
    {
      "RequestUri": "https://Sanitized.file.core.windows.net/test62022f39?restype=share",
      "RequestMethod": "DELETE",
      "RequestHeaders": {
        "Accept": "application/xml",
        "Accept-Encoding": "gzip, deflate",
        "Connection": "keep-alive",
        "Content-Length": "0",
        "User-Agent": "azsdk-python-storage-file-share/12.21.0b1 Python/3.11.10 (macOS-15.1.1-x86_64-i386-64bit)",
        "x-ms-date": "Fri, 06 Dec 2024 11:12:12 GMT",
        "x-ms-delete-snapshots": "include",
        "x-ms-version": "2025-05-05"
      },
      "RequestBody": null,
      "StatusCode": 412,
      "ResponseHeaders": {
        "Content-Length": "273",
        "Content-Type": "application/xml",
        "Date": "Fri, 06 Dec 2024 11:12:12 GMT",
        "Server": [
          "Windows-Azure-File/1.0",
          "Microsoft-HTTPAPI/2.0"
        ],
        "x-ms-error-code": "LeaseIdMissing",
        "x-ms-version": "2025-05-05"
      },
      "ResponseBody": [
        "\uFEFF<?xml version=\"1.0\" encoding=\"utf-8\"?><Error><Code>LeaseIdMissing</Code><Message>There is currently a lease on the file share and no lease ID was specified in the request.\n",
        "RequestId:7edab675-501a-0063-5bcf-4763f4000000\n",
        "Time:2024-12-06T11:12:12.8444407Z</Message></Error>"
      ]
    },
    {
      "RequestUri": "https://Sanitized.file.core.windows.net/test67a12839?restype=share",
      "RequestMethod": "DELETE",
      "RequestHeaders": {
        "Accept": "application/xml",
        "Accept-Encoding": "gzip, deflate",
        "Connection": "keep-alive",
        "Content-Length": "0",
        "User-Agent": "azsdk-python-storage-file-share/12.21.0b1 Python/3.11.10 (macOS-15.1.1-x86_64-i386-64bit)",
        "x-ms-date": "Fri, 06 Dec 2024 11:12:12 GMT",
        "x-ms-delete-snapshots": "include",
        "x-ms-version": "2025-05-05"
      },
      "RequestBody": null,
      "StatusCode": 412,
      "ResponseHeaders": {
        "Content-Length": "273",
        "Content-Type": "application/xml",
        "Date": "Fri, 06 Dec 2024 11:12:12 GMT",
        "Server": [
          "Windows-Azure-File/1.0",
          "Microsoft-HTTPAPI/2.0"
        ],
        "x-ms-error-code": "LeaseIdMissing",
        "x-ms-version": "2025-05-05"
      },
      "ResponseBody": [
        "\uFEFF<?xml version=\"1.0\" encoding=\"utf-8\"?><Error><Code>LeaseIdMissing</Code><Message>There is currently a lease on the file share and no lease ID was specified in the request.\n",
        "RequestId:7edab676-501a-0063-5ccf-4763f4000000\n",
        "Time:2024-12-06T11:12:13.0641383Z</Message></Error>"
      ]
    },
    {
      "RequestUri": "https://Sanitized.file.core.windows.net/testef2e50?restype=share",
      "RequestMethod": "DELETE",
      "RequestHeaders": {
        "Accept": "application/xml",
        "Accept-Encoding": "gzip, deflate",
        "Connection": "keep-alive",
        "Content-Length": "0",
        "User-Agent": "azsdk-python-storage-file-share/12.21.0b1 Python/3.11.10 (macOS-15.1.1-x86_64-i386-64bit)",
        "x-ms-date": "Fri, 06 Dec 2024 11:12:13 GMT",
        "x-ms-delete-snapshots": "include",
        "x-ms-version": "2025-05-05"
      },
      "RequestBody": null,
      "StatusCode": 412,
      "ResponseHeaders": {
        "Content-Length": "273",
        "Content-Type": "application/xml",
        "Date": "Fri, 06 Dec 2024 11:12:12 GMT",
        "Server": [
          "Windows-Azure-File/1.0",
          "Microsoft-HTTPAPI/2.0"
        ],
        "x-ms-error-code": "LeaseIdMissing",
        "x-ms-version": "2025-05-05"
      },
      "ResponseBody": [
        "\uFEFF<?xml version=\"1.0\" encoding=\"utf-8\"?><Error><Code>LeaseIdMissing</Code><Message>There is currently a lease on the file share and no lease ID was specified in the request.\n",
        "RequestId:7edab677-501a-0063-5dcf-4763f4000000\n",
        "Time:2024-12-06T11:12:13.2829175Z</Message></Error>"
      ]
    },
    {
      "RequestUri": "https://Sanitized.file.core.windows.net/testff0c2e44?restype=share",
      "RequestMethod": "DELETE",
      "RequestHeaders": {
        "Accept": "application/xml",
        "Accept-Encoding": "gzip, deflate",
        "Connection": "keep-alive",
        "Content-Length": "0",
        "User-Agent": "azsdk-python-storage-file-share/12.21.0b1 Python/3.11.10 (macOS-15.1.1-x86_64-i386-64bit)",
        "x-ms-date": "Fri, 06 Dec 2024 11:12:13 GMT",
        "x-ms-delete-snapshots": "include",
        "x-ms-version": "2025-05-05"
      },
      "RequestBody": null,
      "StatusCode": 412,
      "ResponseHeaders": {
        "Content-Length": "273",
        "Content-Type": "application/xml",
        "Date": "Fri, 06 Dec 2024 11:12:12 GMT",
        "Server": [
          "Windows-Azure-File/1.0",
          "Microsoft-HTTPAPI/2.0"
        ],
        "x-ms-error-code": "LeaseIdMissing",
        "x-ms-version": "2025-05-05"
      },
      "ResponseBody": [
        "\uFEFF<?xml version=\"1.0\" encoding=\"utf-8\"?><Error><Code>LeaseIdMissing</Code><Message>There is currently a lease on the file share and no lease ID was specified in the request.\n",
        "RequestId:7edab678-501a-0063-5ecf-4763f4000000\n",
        "Time:2024-12-06T11:12:13.5057058Z</Message></Error>"
      ]
    }
  ],
  "Variables": {}
}
