{
  "Entries": [
    {
      "RequestUri": "https://Sanitized.file.core.windows.net/utshare3c43334c?restype=share",
      "RequestMethod": "PUT",
      "RequestHeaders": {
        "Accept": "application/xml",
        "Accept-Encoding": "gzip, deflate",
        "Connection": "keep-alive",
        "Content-Length": "0",
        "User-Agent": "azsdk-python-storage-file-share/12.24.0b1 Python/3.12.10 (macOS-15.6-arm64-arm-64bit)",
        "x-ms-date": "Mon, 11 Aug 2025 07:53:55 GMT",
        "x-ms-version": "2026-02-06"
      },
      "RequestBody": null,
      "StatusCode": 201,
      "ResponseHeaders": {
        "Content-Length": "0",
        "Date": "Mon, 11 Aug 2025 07:53:55 GMT",
        "ETag": "\"0x8DDD8AC38FC59AA\"",
        "Last-Modified": "Mon, 11 Aug 2025 07:53:55 GMT",
        "Server": [
          "Windows-Azure-File/1.0",
          "Microsoft-HTTPAPI/2.0"
        ],
        "x-ms-version": "2026-02-06"
      },
      "ResponseBody": null
    },
    {
      "RequestUri": "https://Sanitized.file.core.windows.net/utshare3c43334c/dir1?restype=directory",
      "RequestMethod": "PUT",
      "RequestHeaders": {
        "Accept": "application/xml",
        "Accept-Encoding": "gzip, deflate",
        "Connection": "keep-alive",
        "Content-Length": "0",
        "User-Agent": "azsdk-python-storage-file-share/12.24.0b1 Python/3.12.10 (macOS-15.6-arm64-arm-64bit)",
        "x-ms-date": "Mon, 11 Aug 2025 07:53:55 GMT",
        "x-ms-file-request-intent": "backup",
        "x-ms-version": "2026-02-06"
      },
      "RequestBody": null,
      "StatusCode": 201,
      "ResponseHeaders": {
        "Content-Length": "0",
        "Date": "Mon, 11 Aug 2025 07:53:56 GMT",
        "ETag": "\"0x8DDD8AC395813FA\"",
        "Last-Modified": "Mon, 11 Aug 2025 07:53:56 GMT",
        "Server": [
          "Windows-Azure-File/1.0",
          "Microsoft-HTTPAPI/2.0"
        ],
        "x-ms-file-attributes": "Directory",
        "x-ms-file-change-time": "2025-08-11T07:53:56.4526586Z",
        "x-ms-file-creation-time": "2025-08-11T07:53:56.4526586Z",
        "x-ms-file-id": "13835128424026341376",
        "x-ms-file-last-write-time": "2025-08-11T07:53:56.4526586Z",
        "x-ms-file-parent-id": "0",
        "x-ms-file-permission-key": "17860367565182308406*11459378189709739967",
        "x-ms-request-server-encrypted": "true",
        "x-ms-version": "2026-02-06"
      },
      "ResponseBody": null
    },
    {
      "RequestUri": "https://Sanitized.file.core.windows.net/utshare3c43334c/dir1%2Fsubdir1?restype=directory",
      "RequestMethod": "PUT",
      "RequestHeaders": {
        "Accept": "application/xml",
        "Accept-Encoding": "gzip, deflate",
        "Connection": "keep-alive",
        "Content-Length": "0",
        "User-Agent": "azsdk-python-storage-file-share/12.24.0b1 Python/3.12.10 (macOS-15.6-arm64-arm-64bit)",
        "x-ms-date": "Mon, 11 Aug 2025 07:53:56 GMT",
        "x-ms-file-request-intent": "backup",
        "x-ms-version": "2026-02-06"
      },
      "RequestBody": null,
      "StatusCode": 201,
      "ResponseHeaders": {
        "Content-Length": "0",
        "Date": "Mon, 11 Aug 2025 07:53:56 GMT",
        "ETag": "\"0x8DDD8AC39712567\"",
        "Last-Modified": "Mon, 11 Aug 2025 07:53:56 GMT",
        "Server": [
          "Windows-Azure-File/1.0",
          "Microsoft-HTTPAPI/2.0"
        ],
        "x-ms-file-attributes": "Directory",
        "x-ms-file-change-time": "2025-08-11T07:53:56.6169447Z",
        "x-ms-file-creation-time": "2025-08-11T07:53:56.6169447Z",
        "x-ms-file-id": "11529285414812647424",
        "x-ms-file-last-write-time": "2025-08-11T07:53:56.6169447Z",
        "x-ms-file-parent-id": "13835128424026341376",
        "x-ms-file-permission-key": "17860367565182308406*11459378189709739967",
        "x-ms-request-server-encrypted": "true",
        "x-ms-version": "2026-02-06"
      },
      "ResponseBody": null
    },
    {
      "RequestUri": "https://Sanitized.file.core.windows.net/utshare3c43334c/dir1%2Fsubdir2?restype=directory",
      "RequestMethod": "PUT",
      "RequestHeaders": {
        "Accept": "application/xml",
        "Accept-Encoding": "gzip, deflate",
        "Connection": "keep-alive",
        "Content-Length": "0",
        "User-Agent": "azsdk-python-storage-file-share/12.24.0b1 Python/3.12.10 (macOS-15.6-arm64-arm-64bit)",
        "x-ms-date": "Mon, 11 Aug 2025 07:53:56 GMT",
        "x-ms-file-request-intent": "backup",
        "x-ms-version": "2026-02-06"
      },
      "RequestBody": null,
      "StatusCode": 201,
      "ResponseHeaders": {
        "Content-Length": "0",
        "Date": "Mon, 11 Aug 2025 07:53:56 GMT",
        "ETag": "\"0x8DDD8AC398A849D\"",
        "Last-Modified": "Mon, 11 Aug 2025 07:53:56 GMT",
        "Server": [
          "Windows-Azure-File/1.0",
          "Microsoft-HTTPAPI/2.0"
        ],
        "x-ms-file-attributes": "Directory",
        "x-ms-file-change-time": "2025-08-11T07:53:56.7832221Z",
        "x-ms-file-creation-time": "2025-08-11T07:53:56.7832221Z",
        "x-ms-file-id": "16140971433240035328",
        "x-ms-file-last-write-time": "2025-08-11T07:53:56.7832221Z",
        "x-ms-file-parent-id": "13835128424026341376",
        "x-ms-file-permission-key": "17860367565182308406*11459378189709739967",
        "x-ms-request-server-encrypted": "true",
        "x-ms-version": "2026-02-06"
      },
      "ResponseBody": null
    },
    {
      "RequestUri": "https://Sanitized.file.core.windows.net/utshare3c43334c/dir1%2Fsubdir3?restype=directory",
      "RequestMethod": "PUT",
      "RequestHeaders": {
        "Accept": "application/xml",
        "Accept-Encoding": "gzip, deflate",
        "Connection": "keep-alive",
        "Content-Length": "0",
        "User-Agent": "azsdk-python-storage-file-share/12.24.0b1 Python/3.12.10 (macOS-15.6-arm64-arm-64bit)",
        "x-ms-date": "Mon, 11 Aug 2025 07:53:56 GMT",
        "x-ms-file-request-intent": "backup",
        "x-ms-version": "2026-02-06"
      },
      "RequestBody": null,
      "StatusCode": 201,
      "ResponseHeaders": {
        "Content-Length": "0",
        "Date": "Mon, 11 Aug 2025 07:53:56 GMT",
        "ETag": "\"0x8DDD8AC39A4F413\"",
        "Last-Modified": "Mon, 11 Aug 2025 07:53:56 GMT",
        "Server": [
          "Windows-Azure-File/1.0",
          "Microsoft-HTTPAPI/2.0"
        ],
        "x-ms-file-attributes": "Directory",
        "x-ms-file-change-time": "2025-08-11T07:53:56.9564691Z",
        "x-ms-file-creation-time": "2025-08-11T07:53:56.9564691Z",
        "x-ms-file-id": "10376363910205800448",
        "x-ms-file-last-write-time": "2025-08-11T07:53:56.9564691Z",
        "x-ms-file-parent-id": "13835128424026341376",
        "x-ms-file-permission-key": "17860367565182308406*11459378189709739967",
        "x-ms-request-server-encrypted": "true",
        "x-ms-version": "2026-02-06"
      },
      "ResponseBody": null
    },
    {
      "RequestUri": "https://Sanitized.file.core.windows.net/utshare3c43334c/dir1/file1",
      "RequestMethod": "PUT",
      "RequestHeaders": {
        "Accept": "application/xml",
        "Accept-Encoding": "gzip, deflate",
        "Connection": "keep-alive",
        "Content-Length": "0",
        "Content-Type": "application/xml",
        "User-Agent": "azsdk-python-storage-file-share/12.24.0b1 Python/3.12.10 (macOS-15.6-arm64-arm-64bit)",
        "x-ms-content-length": "5",
        "x-ms-date": "Mon, 11 Aug 2025 07:53:57 GMT",
        "x-ms-file-request-intent": "backup",
        "x-ms-type": "file",
        "x-ms-version": "2026-02-06"
      },
      "RequestBody": null,
      "StatusCode": 201,
      "ResponseHeaders": {
        "Content-Length": "0",
        "Date": "Mon, 11 Aug 2025 07:53:56 GMT",
        "ETag": "\"0x8DDD8AC39BDB7B9\"",
        "Last-Modified": "Mon, 11 Aug 2025 07:53:57 GMT",
        "Server": [
          "Windows-Azure-File/1.0",
          "Microsoft-HTTPAPI/2.0"
        ],
        "x-ms-file-attributes": "Archive",
        "x-ms-file-change-time": "2025-08-11T07:53:57.1187641Z",
        "x-ms-file-creation-time": "2025-08-11T07:53:57.1187641Z",
        "x-ms-file-id": "14988049928633188352",
        "x-ms-file-last-write-time": "2025-08-11T07:53:57.1187641Z",
        "x-ms-file-parent-id": "13835128424026341376",
        "x-ms-file-permission-key": "4010187179898695473*11459378189709739967",
        "x-ms-request-server-encrypted": "true",
        "x-ms-version": "2026-02-06"
      },
      "ResponseBody": null
    },
    {
      "RequestUri": "https://Sanitized.file.core.windows.net/utshare3c43334c/dir1/file1?comp=range",
      "RequestMethod": "PUT",
      "RequestHeaders": {
        "Accept": "application/xml",
        "Accept-Encoding": "gzip, deflate",
        "Connection": "keep-alive",
        "Content-Length": "5",
        "Content-Type": "application/octet-stream",
        "User-Agent": "azsdk-python-storage-file-share/12.24.0b1 Python/3.12.10 (macOS-15.6-arm64-arm-64bit)",
        "x-ms-date": "Mon, 11 Aug 2025 07:53:57 GMT",
        "x-ms-file-request-intent": "backup",
        "x-ms-range": "bytes=0-4",
        "x-ms-version": "2026-02-06",
        "x-ms-write": "update"
      },
      "RequestBody": "ZGF0YTE=",
      "StatusCode": 201,
      "ResponseHeaders": {
        "Content-Length": "0",
        "Content-MD5": "idkDvDXe3nJP1SxRQ3/1/Q==",
        "Date": "Mon, 11 Aug 2025 07:53:56 GMT",
        "ETag": "\"0x8DDD8AC39D7D965\"",
        "Last-Modified": "Mon, 11 Aug 2025 07:53:57 GMT",
        "Server": [
          "Windows-Azure-File/1.0",
          "Microsoft-HTTPAPI/2.0"
        ],
        "x-ms-file-last-write-time": "2025-08-11T07:53:57.2900197Z",
        "x-ms-request-server-encrypted": "true",
        "x-ms-version": "2026-02-06"
      },
      "ResponseBody": null
    },
    {
      "RequestUri": "https://Sanitized.file.core.windows.net/utshare3c43334c/dir1/file2",
      "RequestMethod": "PUT",
      "RequestHeaders": {
        "Accept": "application/xml",
        "Accept-Encoding": "gzip, deflate",
        "Connection": "keep-alive",
        "Content-Length": "0",
        "Content-Type": "application/xml",
        "User-Agent": "azsdk-python-storage-file-share/12.24.0b1 Python/3.12.10 (macOS-15.6-arm64-arm-64bit)",
        "x-ms-content-length": "5",
        "x-ms-date": "Mon, 11 Aug 2025 07:53:57 GMT",
        "x-ms-file-request-intent": "backup",
        "x-ms-type": "file",
        "x-ms-version": "2026-02-06"
      },
      "RequestBody": null,
      "StatusCode": 201,
      "ResponseHeaders": {
        "Content-Length": "0",
        "Date": "Mon, 11 Aug 2025 07:53:57 GMT",
        "ETag": "\"0x8DDD8AC39F15F83\"",
        "Last-Modified": "Mon, 11 Aug 2025 07:53:57 GMT",
        "Server": [
          "Windows-Azure-File/1.0",
          "Microsoft-HTTPAPI/2.0"
        ],
        "x-ms-file-attributes": "Archive",
        "x-ms-file-change-time": "2025-08-11T07:53:57.4572931Z",
        "x-ms-file-creation-time": "2025-08-11T07:53:57.4572931Z",
        "x-ms-file-id": "12682206919419494400",
        "x-ms-file-last-write-time": "2025-08-11T07:53:57.4572931Z",
        "x-ms-file-parent-id": "13835128424026341376",
        "x-ms-file-permission-key": "4010187179898695473*11459378189709739967",
        "x-ms-request-server-encrypted": "true",
        "x-ms-version": "2026-02-06"
      },
      "ResponseBody": null
    },
    {
      "RequestUri": "https://Sanitized.file.core.windows.net/utshare3c43334c/dir1/file2?comp=range",
      "RequestMethod": "PUT",
      "RequestHeaders": {
        "Accept": "application/xml",
        "Accept-Encoding": "gzip, deflate",
        "Connection": "keep-alive",
        "Content-Length": "5",
        "Content-Type": "application/octet-stream",
        "User-Agent": "azsdk-python-storage-file-share/12.24.0b1 Python/3.12.10 (macOS-15.6-arm64-arm-64bit)",
        "x-ms-date": "Mon, 11 Aug 2025 07:53:57 GMT",
        "x-ms-file-request-intent": "backup",
        "x-ms-range": "bytes=0-4",
        "x-ms-version": "2026-02-06",
        "x-ms-write": "update"
      },
      "RequestBody": "ZGF0YTI=",
      "StatusCode": 201,
      "ResponseHeaders": {
        "Content-Length": "0",
        "Content-MD5": "/5zy1pDYiMszf2v0UmthMA==",
        "Date": "Mon, 11 Aug 2025 07:53:57 GMT",
        "ETag": "\"0x8DDD8AC3A0B5A48\"",
        "Last-Modified": "Mon, 11 Aug 2025 07:53:57 GMT",
        "Server": [
          "Windows-Azure-File/1.0",
          "Microsoft-HTTPAPI/2.0"
        ],
        "x-ms-file-last-write-time": "2025-08-11T07:53:57.6275528Z",
        "x-ms-request-server-encrypted": "true",
        "x-ms-version": "2026-02-06"
      },
      "ResponseBody": null
    },
    {
      "RequestUri": "https://Sanitized.file.core.windows.net/utshare3c43334c/dir1/file3",
      "RequestMethod": "PUT",
      "RequestHeaders": {
        "Accept": "application/xml",
        "Accept-Encoding": "gzip, deflate",
        "Connection": "keep-alive",
        "Content-Length": "0",
        "Content-Type": "application/xml",
        "User-Agent": "azsdk-python-storage-file-share/12.24.0b1 Python/3.12.10 (macOS-15.6-arm64-arm-64bit)",
        "x-ms-content-length": "5",
        "x-ms-date": "Mon, 11 Aug 2025 07:53:57 GMT",
        "x-ms-file-request-intent": "backup",
        "x-ms-type": "file",
        "x-ms-version": "2026-02-06"
      },
      "RequestBody": null,
      "StatusCode": 201,
      "ResponseHeaders": {
        "Content-Length": "0",
        "Date": "Mon, 11 Aug 2025 07:53:57 GMT",
        "ETag": "\"0x8DDD8AC3A241DEB\"",
        "Last-Modified": "Mon, 11 Aug 2025 07:53:57 GMT",
        "Server": [
          "Windows-Azure-File/1.0",
          "Microsoft-HTTPAPI/2.0"
        ],
        "x-ms-file-attributes": "Archive",
        "x-ms-file-change-time": "2025-08-11T07:53:57.7898475Z",
        "x-ms-file-creation-time": "2025-08-11T07:53:57.7898475Z",
        "x-ms-file-id": "17293892937846882304",
        "x-ms-file-last-write-time": "2025-08-11T07:53:57.7898475Z",
        "x-ms-file-parent-id": "13835128424026341376",
        "x-ms-file-permission-key": "4010187179898695473*11459378189709739967",
        "x-ms-request-server-encrypted": "true",
        "x-ms-version": "2026-02-06"
      },
      "ResponseBody": null
    },
    {
      "RequestUri": "https://Sanitized.file.core.windows.net/utshare3c43334c/dir1/file3?comp=range",
      "RequestMethod": "PUT",
      "RequestHeaders": {
        "Accept": "application/xml",
        "Accept-Encoding": "gzip, deflate",
        "Connection": "keep-alive",
        "Content-Length": "5",
        "Content-Type": "application/octet-stream",
        "User-Agent": "azsdk-python-storage-file-share/12.24.0b1 Python/3.12.10 (macOS-15.6-arm64-arm-64bit)",
        "x-ms-date": "Mon, 11 Aug 2025 07:53:57 GMT",
        "x-ms-file-request-intent": "backup",
        "x-ms-range": "bytes=0-4",
        "x-ms-version": "2026-02-06",
        "x-ms-write": "update"
      },
      "RequestBody": "ZGF0YTM=",
      "StatusCode": 201,
      "ResponseHeaders": {
        "Content-Length": "0",
        "Content-MD5": "eTafePeILBuqu8fUXcXaoA==",
        "Date": "Mon, 11 Aug 2025 07:53:57 GMT",
        "ETag": "\"0x8DDD8AC3A3CE18B\"",
        "Last-Modified": "Mon, 11 Aug 2025 07:53:57 GMT",
        "Server": [
          "Windows-Azure-File/1.0",
          "Microsoft-HTTPAPI/2.0"
        ],
        "x-ms-file-last-write-time": "2025-08-11T07:53:57.9521419Z",
        "x-ms-request-server-encrypted": "true",
        "x-ms-version": "2026-02-06"
      },
      "ResponseBody": null
    },
    {
      "RequestUri": "https://Sanitized.file.core.windows.net/utshare3c43334c/dir1?restype=directory&comp=list",
      "RequestMethod": "GET",
      "RequestHeaders": {
        "Accept": "application/xml",
        "Accept-Encoding": "gzip, deflate",
        "Connection": "keep-alive",
        "User-Agent": "azsdk-python-storage-file-share/12.24.0b1 Python/3.12.10 (macOS-15.6-arm64-arm-64bit)",
        "x-ms-date": "Mon, 11 Aug 2025 07:53:58 GMT",
        "x-ms-file-request-intent": "backup",
        "x-ms-version": "2026-02-06"
      },
      "RequestBody": null,
      "StatusCode": 200,
      "ResponseHeaders": {
        "Content-Type": "application/xml",
        "Date": "Mon, 11 Aug 2025 07:53:57 GMT",
        "Server": [
          "Windows-Azure-File/1.0",
          "Microsoft-HTTPAPI/2.0"
        ],
        "Transfer-Encoding": "chunked",
        "x-ms-version": "2026-02-06"
      },
      "ResponseBody": "\uFEFF<?xml version=\"1.0\" encoding=\"utf-8\"?><EnumerationResults ServiceEndpoint=\"https://storagename.file.core.windows.net/\" ShareName=\"utshare3c43334c\" DirectoryPath=\"dir1\"><DirectoryId>13835128424026341376</DirectoryId><Entries><File><Name>file1</Name><FileId>14988049928633188352</FileId><Properties><Content-Length>5</Content-Length></Properties></File><File><Name>file2</Name><FileId>12682206919419494400</FileId><Properties><Content-Length>5</Content-Length></Properties></File><File><Name>file3</Name><FileId>17293892937846882304</FileId><Properties><Content-Length>5</Content-Length></Properties></File><Directory><Name>subdir1</Name><FileId>11529285414812647424</FileId><Properties /></Directory><Directory><Name>subdir2</Name><FileId>16140971433240035328</FileId><Properties /></Directory><Directory><Name>subdir3</Name><FileId>10376363910205800448</FileId><Properties /></Directory></Entries><NextMarker /></EnumerationResults>"
    }
  ],
  "Variables": {}
}
