{
  "Entries": [
    {
      "RequestUri": "https://tcac7e9c41ef52cechsm.managedhsm.azure.net/providers/Microsoft.Authorization/roleDefinitions?api-version=7.5",
      "RequestMethod": "GET",
      "RequestHeaders": {
        "Accept": "application/json",
        "traceparent": "00-527d97b6182afb1647e53f668fefb830-a45e621e1dee4ed8-00",
        "User-Agent": "azsdk-net-Security.KeyVault.Administration/4.4.0-alpha.20240209.1 (.NET 7.0.15; Microsoft Windows 10.0.22631)",
        "x-ms-client-request-id": "0646f47147023ba549521a9fc210f80a",
        "x-ms-return-client-request-id": "true"
      },
      "RequestBody": null,
      "StatusCode": 401,
      "ResponseHeaders": {
        "Cache-Control": "no-cache",
        "Content-Length": "2",
        "Content-Security-Policy": "default-src \u0027self\u0027",
        "Content-Type": "application/json; charset=utf-8",
        "Strict-Transport-Security": "max-age=31536000; includeSubDomains",
        "WWW-Authenticate": "Bearer authorization=\u0022https://login.microsoftonline.com/72f988bf-86f1-41af-91ab-2d7cd011db47\u0022, resource=\u0022https://managedhsm.azure.net\u0022",
        "X-Content-Type-Options": "nosniff",
        "X-Frame-Options": "SAMEORIGIN",
        "x-ms-build-version": "1.0.20240118-4-86344c01-develop",
        "x-ms-request-id": "0fc597fa-c7bd-11ee-9ca6-6045bd6e6f36",
        "x-ms-server-latency": "1"
      },
      "ResponseBody": "OK"
    },
    {
      "RequestUri": "https://tcac7e9c41ef52cechsm.managedhsm.azure.net/providers/Microsoft.Authorization/roleDefinitions?api-version=7.5",
      "RequestMethod": "GET",
      "RequestHeaders": {
        "Accept": "application/json",
        "Authorization": "Sanitized",
        "traceparent": "00-527d97b6182afb1647e53f668fefb830-a45e621e1dee4ed8-00",
        "User-Agent": "azsdk-net-Security.KeyVault.Administration/4.4.0-alpha.20240209.1 (.NET 7.0.15; Microsoft Windows 10.0.22631)",
        "x-ms-client-request-id": "0646f47147023ba549521a9fc210f80a",
        "x-ms-return-client-request-id": "true"
      },
      "RequestBody": null,
      "StatusCode": 200,
      "ResponseHeaders": {
        "Cache-Control": "no-cache",
        "Content-Length": "8378",
        "Content-Security-Policy": "default-src \u0027self\u0027",
        "Content-Type": "application/json; charset=utf-8",
        "Strict-Transport-Security": "max-age=31536000; includeSubDomains",
        "X-Content-Type-Options": "nosniff",
        "X-Frame-Options": "SAMEORIGIN",
        "x-ms-build-version": "1.0.20240118-4-86344c01-develop",
        "x-ms-keyvault-network-info": "conn_type=Ipv4;addr=24.16.18.89;act_addr_fam=Ipv4;",
        "x-ms-keyvault-region": "francecentral",
        "x-ms-request-id": "0ffa4874-c7bd-11ee-9ca6-6045bd6e6f36",
        "x-ms-server-latency": "2"
      },
      "ResponseBody": {
        "value": [
          {
            "id": "Microsoft.KeyVault/providers/Microsoft.Authorization/roleDefinitions/6efe6056-5259-49d2-8b3d-d3d73544b20b",
            "name": "6efe6056-5259-49d2-8b3d-d3d73544b20b",
            "properties": {
              "assignableScopes": [
                "/"
              ],
              "description": "",
              "permissions": [
                {
                  "actions": [],
                  "dataActions": [
                    "Microsoft.KeyVault/managedHsm/restore/start/action",
                    "Microsoft.KeyVault/managedHsm/restore/status/action",
                    "Microsoft.KeyVault/managedHsm/keys/restore/action"
                  ],
                  "notActions": [],
                  "notDataActions": []
                }
              ],
              "roleName": "Managed HSM Restore User",
              "type": "AKVBuiltInRole"
            },
            "type": "Microsoft.Authorization/roleDefinitions"
          },
          {
            "id": "Microsoft.KeyVault/providers/Microsoft.Authorization/roleDefinitions/7b127d3c-77bd-4e3e-bbe0-dbb8971fa7f8",
            "name": "7b127d3c-77bd-4e3e-bbe0-dbb8971fa7f8",
            "properties": {
              "assignableScopes": [
                "/"
              ],
              "description": "",
              "permissions": [
                {
                  "actions": [],
                  "dataActions": [
                    "Microsoft.KeyVault/managedHsm/backup/start/action",
                    "Microsoft.KeyVault/managedHsm/backup/status/action",
                    "Microsoft.KeyVault/managedHsm/keys/backup/action"
                  ],
                  "notActions": [],
                  "notDataActions": []
                }
              ],
              "roleName": "Managed HSM Backup User",
              "type": "AKVBuiltInRole"
            },
            "type": "Microsoft.Authorization/roleDefinitions"
          },
          {
            "id": "Microsoft.KeyVault/providers/Microsoft.Authorization/roleDefinitions/33413926-3206-4cdd-b39a-83574fe37a17",
            "name": "33413926-3206-4cdd-b39a-83574fe37a17",
            "properties": {
              "assignableScopes": [
                "/"
              ],
              "description": "",
              "permissions": [
                {
                  "actions": [],
                  "dataActions": [
                    "Microsoft.KeyVault/managedHsm/keys/read/action",
                    "Microsoft.KeyVault/managedHsm/keys/wrap/action",
                    "Microsoft.KeyVault/managedHsm/keys/unwrap/action"
                  ],
                  "notActions": [],
                  "notDataActions": []
                }
              ],
              "roleName": "Managed HSM Crypto Service Encryption User",
              "type": "AKVBuiltInRole"
            },
            "type": "Microsoft.Authorization/roleDefinitions"
          },
          {
            "id": "Microsoft.KeyVault/providers/Microsoft.Authorization/roleDefinitions/21dbd100-6940-42c2-9190-5d6cb909625c",
            "name": "21dbd100-6940-42c2-9190-5d6cb909625c",
            "properties": {
              "assignableScopes": [
                "/"
              ],
              "description": "",
              "permissions": [
                {
                  "actions": [],
                  "dataActions": [
                    "Microsoft.KeyVault/managedHsm/keys/release/action"
                  ],
                  "notActions": [],
                  "notDataActions": []
                }
              ],
              "roleName": "Managed HSM Crypto Service Release User",
              "type": "AKVBuiltInRole"
            },
            "type": "Microsoft.Authorization/roleDefinitions"
          },
          {
            "id": "Microsoft.KeyVault/providers/Microsoft.Authorization/roleDefinitions/2c18b078-7c48-4d3a-af88-5a3a1b3f82b3",
            "name": "2c18b078-7c48-4d3a-af88-5a3a1b3f82b3",
            "properties": {
              "assignableScopes": [
                "/"
              ],
              "description": "",
              "permissions": [
                {
                  "actions": [],
                  "dataActions": [
                    "Microsoft.KeyVault/managedHsm/roleAssignments/read/action",
                    "Microsoft.KeyVault/managedHsm/roleDefinitions/read/action",
                    "Microsoft.KeyVault/managedHsm/keys/read/action",
                    "Microsoft.KeyVault/managedHsm/keys/deletedKeys/read/action"
                  ],
                  "notActions": [],
                  "notDataActions": []
                }
              ],
              "roleName": "Managed HSM Crypto Auditor",
              "type": "AKVBuiltInRole"
            },
            "type": "Microsoft.Authorization/roleDefinitions"
          },
          {
            "id": "Microsoft.KeyVault/providers/Microsoft.Authorization/roleDefinitions/4bd23610-cdcf-4971-bdee-bdc562cc28e4",
            "name": "4bd23610-cdcf-4971-bdee-bdc562cc28e4",
            "properties": {
              "assignableScopes": [
                "/"
              ],
              "description": "",
              "permissions": [
                {
                  "actions": [],
                  "dataActions": [
                    "Microsoft.KeyVault/managedHsm/roleDefinitions/read/action",
                    "Microsoft.KeyVault/managedHsm/roleDefinitions/write/action",
                    "Microsoft.KeyVault/managedHsm/roleDefinitions/delete/action",
                    "Microsoft.KeyVault/managedHsm/roleAssignments/read/action",
                    "Microsoft.KeyVault/managedHsm/roleAssignments/write/action",
                    "Microsoft.KeyVault/managedHsm/roleAssignments/delete/action"
                  ],
                  "notActions": [],
                  "notDataActions": []
                }
              ],
              "roleName": "Managed HSM Policy Administrator",
              "type": "AKVBuiltInRole"
            },
            "type": "Microsoft.Authorization/roleDefinitions"
          },
          {
            "id": "Microsoft.KeyVault/providers/Microsoft.Authorization/roleDefinitions/21dbd100-6940-42c2-9190-5d6cb909625b",
            "name": "21dbd100-6940-42c2-9190-5d6cb909625b",
            "properties": {
              "assignableScopes": [
                "/"
              ],
              "description": "",
              "permissions": [
                {
                  "actions": [],
                  "dataActions": [
                    "Microsoft.KeyVault/managedHsm/roleDefinitions/read/action",
                    "Microsoft.KeyVault/managedHsm/roleAssignments/read/action",
                    "Microsoft.KeyVault/managedHsm/keys/read/action",
                    "Microsoft.KeyVault/managedHsm/keys/write/action",
                    "Microsoft.KeyVault/managedHsm/keys/delete",
                    "Microsoft.KeyVault/managedHsm/keys/create",
                    "Microsoft.KeyVault/managedHsm/keys/rotate/action",
                    "Microsoft.KeyVault/managedHsm/keys/import/action",
                    "Microsoft.KeyVault/managedHsm/keys/release/action",
                    "Microsoft.KeyVault/managedHsm/keys/backup/action",
                    "Microsoft.KeyVault/managedHsm/keys/restore/action",
                    "Microsoft.KeyVault/managedHsm/keys/encrypt/action",
                    "Microsoft.KeyVault/managedHsm/keys/decrypt/action",
                    "Microsoft.KeyVault/managedHsm/keys/wrap/action",
                    "Microsoft.KeyVault/managedHsm/keys/unwrap/action",
                    "Microsoft.KeyVault/managedHsm/keys/sign/action",
                    "Microsoft.KeyVault/managedHsm/keys/verify/action",
                    "Microsoft.KeyVault/managedHsm/keys/derive/action",
                    "Microsoft.KeyVault/managedHsm/rng/action"
                  ],
                  "notActions": [],
                  "notDataActions": []
                }
              ],
              "roleName": "Managed HSM Crypto User",
              "type": "AKVBuiltInRole"
            },
            "type": "Microsoft.Authorization/roleDefinitions"
          },
          {
            "id": "Microsoft.KeyVault/providers/Microsoft.Authorization/roleDefinitions/515eb02d-2335-4d2d-92f2-b1cbdf9c3778",
            "name": "515eb02d-2335-4d2d-92f2-b1cbdf9c3778",
            "properties": {
              "assignableScopes": [
                "/"
              ],
              "description": "",
              "permissions": [
                {
                  "actions": [],
                  "dataActions": [
                    "Microsoft.KeyVault/managedHsm/roleAssignments/delete/action",
                    "Microsoft.KeyVault/managedHsm/roleAssignments/read/action",
                    "Microsoft.KeyVault/managedHsm/roleAssignments/write/action",
                    "Microsoft.KeyVault/managedHsm/roleDefinitions/read/action",
                    "Microsoft.KeyVault/managedHsm/roleDefinitions/write/action",
                    "Microsoft.KeyVault/managedHsm/roleDefinitions/delete/action",
                    "Microsoft.KeyVault/managedHsm/keys/deletedKeys/read/action",
                    "Microsoft.KeyVault/managedHsm/keys/deletedKeys/delete",
                    "Microsoft.KeyVault/managedHsm/keys/deletedKeys/recover/action",
                    "Microsoft.KeyVault/managedHsm/keys/export/action"
                  ],
                  "notActions": [],
                  "notDataActions": []
                }
              ],
              "roleName": "Managed HSM Crypto Officer",
              "type": "AKVBuiltInRole"
            },
            "type": "Microsoft.Authorization/roleDefinitions"
          },
          {
            "id": "Microsoft.KeyVault/providers/Microsoft.Authorization/roleDefinitions/a290e904-7015-4bba-90c8-60543313cdb4",
            "name": "a290e904-7015-4bba-90c8-60543313cdb4",
            "properties": {
              "assignableScopes": [
                "/"
              ],
              "description": "",
              "permissions": [
                {
                  "actions": [],
                  "dataActions": [
                    "Microsoft.KeyVault/managedHsm/roleAssignments/delete/action",
                    "Microsoft.KeyVault/managedHsm/roleAssignments/read/action",
                    "Microsoft.KeyVault/managedHsm/roleAssignments/write/action",
                    "Microsoft.KeyVault/managedHsm/roleDefinitions/read/action",
                    "Microsoft.KeyVault/managedHsm/roleDefinitions/write/action",
                    "Microsoft.KeyVault/managedHsm/roleDefinitions/delete/action",
                    "Microsoft.KeyVault/managedHsm/securitydomain/download/action",
                    "Microsoft.KeyVault/managedHsm/securitydomain/download/read",
                    "Microsoft.KeyVault/managedHsm/securitydomain/upload/action",
                    "Microsoft.KeyVault/managedHsm/securitydomain/upload/read",
                    "Microsoft.KeyVault/managedHsm/securitydomain/transferkey/read",
                    "Microsoft.KeyVault/managedHsm/backup/start/action",
                    "Microsoft.KeyVault/managedHsm/restore/start/action",
                    "Microsoft.KeyVault/managedHsm/backup/status/action",
                    "Microsoft.KeyVault/managedHsm/restore/status/action",
                    "Microsoft.KeyVault/managedHsm/settings/read/action",
                    "Microsoft.KeyVault/managedHsm/settings/write/action"
                  ],
                  "notActions": [],
                  "notDataActions": []
                }
              ],
              "roleName": "Managed HSM Administrator",
              "type": "AKVBuiltInRole"
            },
            "type": "Microsoft.Authorization/roleDefinitions"
          },
          {
            "id": "Microsoft.KeyVault/providers/Microsoft.Authorization/roleDefinitions/6b45ccad-b672-eb54-e4d3-dfd67d3512c1",
            "name": "6b45ccad-b672-eb54-e4d3-dfd67d3512c1",
            "properties": {
              "assignableScopes": [
                "/"
              ],
              "description": "role2pvSR8oz",
              "permissions": [
                {
                  "actions": [],
                  "dataActions": [
                    "Microsoft.KeyVault/managedHsm/keys/create",
                    "Microsoft.KeyVault/managedHsm/securitydomain/download/action"
                  ],
                  "notActions": [],
                  "notDataActions": []
                }
              ],
              "roleName": "",
              "type": "CustomRole"
            },
            "type": "Microsoft.Authorization/roleDefinitions"
          },
          {
            "id": "Microsoft.KeyVault/providers/Microsoft.Authorization/roleDefinitions/7ebbfe24-a38c-c2b1-edc2-87b46d334edb",
            "name": "7ebbfe24-a38c-c2b1-edc2-87b46d334edb",
            "properties": {
              "assignableScopes": [
                "/"
              ],
              "description": "rolevNlDYfOJ",
              "permissions": [
                {
                  "actions": [],
                  "dataActions": [
                    "Microsoft.KeyVault/managedHsm/keys/backup/action"
                  ],
                  "notActions": [],
                  "notDataActions": []
                }
              ],
              "roleName": "",
              "type": "CustomRole"
            },
            "type": "Microsoft.Authorization/roleDefinitions"
          }
        ]
      }
    },
    {
      "RequestUri": "https://tcac7e9c41ef52cechsm.managedhsm.azure.net/keys/1451905786/create?api-version=7.3",
      "RequestMethod": "POST",
      "RequestHeaders": {
        "Accept": "application/json",
        "Authorization": "Sanitized",
        "Content-Length": "13",
        "Content-Type": "application/json",
        "traceparent": "00-44134efbed4968556161843a589202a0-a4ca701592da0e51-00",
        "User-Agent": "azsdk-net-Security.KeyVault.Keys/4.6.0-alpha.20240209.1 (.NET 7.0.15; Microsoft Windows 10.0.22631)",
        "x-ms-client-request-id": "030ca8ed0a1dad5d8e1a2340e1c0f44f",
        "x-ms-return-client-request-id": "true"
      },
      "RequestBody": {
        "kty": "oct"
      },
      "StatusCode": 200,
      "ResponseHeaders": {
        "Cache-Control": "no-cache",
        "Content-Length": "375",
        "Content-Security-Policy": "default-src \u0027self\u0027",
        "Content-Type": "application/json; charset=utf-8",
        "Strict-Transport-Security": "max-age=31536000; includeSubDomains",
        "X-Content-Type-Options": "nosniff",
        "X-Frame-Options": "SAMEORIGIN",
        "x-ms-keyvault-network-info": "conn_type=Ipv4;addr=24.16.18.89;act_addr_fam=Ipv4;",
        "x-ms-keyvault-region": "francecentral",
        "x-ms-request-id": "101539a4-c7bd-11ee-9ca6-6045bd6e6f36",
        "x-ms-server-latency": "96"
      },
      "ResponseBody": {
        "attributes": {
          "created": 1707532532,
          "enabled": true,
          "exportable": false,
          "recoverableDays": 7,
          "recoveryLevel": "CustomizedRecoverable\u002BPurgeable",
          "updated": 1707532532
        },
        "key": {
          "key_ops": [
            "deriveKey",
            "wrapKey",
            "verify",
            "sign",
            "unwrapKey",
            "encrypt",
            "decrypt"
          ],
          "kid": "https://tcac7e9c41ef52cechsm.managedhsm.azure.net/keys/1451905786/bc7d28a5911f45ce0f3b37cd7593d434",
          "kty": "oct-HSM"
        }
      }
    },
    {
      "RequestUri": "https://tcac7e9c41ef52cechsm.managedhsm.azure.net/keys/1451905786/providers/Microsoft.Authorization/roleAssignments/d65776cc-8dc6-14b9-d74d-ce9aeb9f1905?api-version=7.5",
      "RequestMethod": "PUT",
      "RequestHeaders": {
        "Accept": "application/json",
        "Authorization": "Sanitized",
        "Content-Length": "196",
        "Content-Type": "application/json",
        "traceparent": "00-425085489a0ca40016dd2d54a3bd3076-aee7c3539ab88d3c-00",
        "User-Agent": "azsdk-net-Security.KeyVault.Administration/4.4.0-alpha.20240209.1 (.NET 7.0.15; Microsoft Windows 10.0.22631)",
        "x-ms-client-request-id": "0381ba2ceea8e953e858732c82fa6792",
        "x-ms-return-client-request-id": "true"
      },
      "RequestBody": {
        "properties": {
          "roleDefinitionId": "Microsoft.KeyVault/providers/Microsoft.Authorization/roleDefinitions/7b127d3c-77bd-4e3e-bbe0-dbb8971fa7f8",
          "principalId": "Sanitized"
        }
      },
      "StatusCode": 201,
      "ResponseHeaders": {
        "Cache-Control": "no-cache",
        "Content-Length": "413",
        "Content-Security-Policy": "default-src \u0027self\u0027",
        "Content-Type": "application/json; charset=utf-8",
        "Strict-Transport-Security": "max-age=31536000; includeSubDomains",
        "X-Content-Type-Options": "nosniff",
        "X-Frame-Options": "SAMEORIGIN",
        "x-ms-keyvault-network-info": "conn_type=Ipv4;addr=24.16.18.89;act_addr_fam=Ipv4;",
        "x-ms-keyvault-region": "francecentral",
        "x-ms-request-id": "1043efb0-c7bd-11ee-9ca6-6045bd6e6f36",
        "x-ms-server-latency": "49"
      },
      "ResponseBody": {
        "id": "/providers/Microsoft.Authorization/roleAssignments/d65776cc-8dc6-14b9-d74d-ce9aeb9f1905",
        "name": "d65776cc-8dc6-14b9-d74d-ce9aeb9f1905",
        "properties": {
          "principalId": "Sanitized",
          "roleDefinitionId": "Microsoft.KeyVault/providers/Microsoft.Authorization/roleDefinitions/7b127d3c-77bd-4e3e-bbe0-dbb8971fa7f8",
          "scope": "/keys/1451905786"
        },
        "type": "Microsoft.Authorization/roleAssignments"
      }
    }
  ],
  "Variables": {
    "AZURE_MANAGEDHSM_URL": "https://tcac7e9c41ef52cechsm.managedhsm.azure.net/",
    "CLIENT_OBJECTID": "3c679168-146c-48e8-839b-f20d8e4242a4",
    "RandomSeed": "1114163017"
  }
}
