{
  "Entries": [
    {
      "RequestUri": "https://amandapreprod.blob.core.windows.net/test-container-71f52810-24d5-125b-105a-b4a37d27c5ce?restype=container",
      "RequestMethod": "PUT",
      "RequestHeaders": {
        "Accept": "application/xml",
        "Authorization": "Sanitized",
        "Content-Length": "0",
        "traceparent": "00-ede08b23fd8ac0076b3752840ae6fdf6-78ea6fbe21158a49-00",
        "User-Agent": "azsdk-net-Storage.Blobs/12.24.0-alpha.20250306.1 (.NET Framework 4.8.9290.0; Microsoft Windows 10.0.26100 )",
        "x-ms-client-request-id": "Sanitized",
        "x-ms-date": "Thu, 06 Mar 2025 20:21:10 GMT",
        "x-ms-return-client-request-id": "true",
        "x-ms-version": "2025-05-05"
      },
      "RequestBody": null,
      "StatusCode": 201,
      "ResponseHeaders": {
        "Content-Length": "0",
        "Date": "Thu, 06 Mar 2025 20:21:00 GMT",
        "ETag": "\"0x8DD5CEC697861CC\"",
        "Last-Modified": "Thu, 06 Mar 2025 20:21:00 GMT",
        "Server": [
          "Windows-Azure-Blob/1.0",
          "Microsoft-HTTPAPI/2.0"
        ],
        "x-ms-client-request-id": "Sanitized",
        "x-ms-request-id": "7e86db8a-d01e-0049-17d5-8ee25f000000",
        "x-ms-version": "2025-05-05"
      },
      "ResponseBody": null
    },
    {
      "RequestUri": "https://amandapreprod.blob.core.windows.net/test-container-71f52810-24d5-125b-105a-b4a37d27c5ce/test-blob-cae71333-3eb1-9be4-47e7-6e8a792a5feb",
      "RequestMethod": "PUT",
      "RequestHeaders": {
        "Accept": "application/xml",
        "Authorization": "Sanitized",
        "Content-Length": "0",
        "traceparent": "00-0952366a6d974e6691d455450e5ac7b6-36b1b0539a6fd967-00",
        "User-Agent": "azsdk-net-Storage.Blobs/12.24.0-alpha.20250306.1 (.NET Framework 4.8.9290.0; Microsoft Windows 10.0.26100 )",
        "x-ms-blob-type": "AppendBlob",
        "x-ms-client-request-id": "Sanitized",
        "x-ms-date": "Thu, 06 Mar 2025 20:21:10 GMT",
        "x-ms-return-client-request-id": "true",
        "x-ms-version": "2025-05-05"
      },
      "RequestBody": null,
      "StatusCode": 201,
      "ResponseHeaders": {
        "Content-Length": "0",
        "Date": "Thu, 06 Mar 2025 20:21:00 GMT",
        "ETag": "\"0x8DD5CEC697FE97A\"",
        "Last-Modified": "Thu, 06 Mar 2025 20:21:00 GMT",
        "Server": [
          "Windows-Azure-Blob/1.0",
          "Microsoft-HTTPAPI/2.0"
        ],
        "x-ms-client-request-id": "Sanitized",
        "x-ms-request-id": "7e86db9a-d01e-0049-26d5-8ee25f000000",
        "x-ms-request-server-encrypted": "true",
        "x-ms-version": "2025-05-05"
      },
      "ResponseBody": null
    },
    {
      "RequestUri": "https://amandapreprod.blob.core.windows.net/test-container-71f52810-24d5-125b-105a-b4a37d27c5ce/test-blob-cae71333-3eb1-9be4-47e7-6e8a792a5feb?comp=appendblock",
      "RequestMethod": "PUT",
      "RequestHeaders": {
        "Accept": "application/xml",
        "Authorization": "Sanitized",
        "Content-Length": "1024",
        "Content-Type": "application/octet-stream",
        "If-Match": "\"0x8DD5CEC697FE97A\"",
        "User-Agent": "azsdk-net-Storage.Blobs/12.24.0-alpha.20250306.1 (.NET Framework 4.8.9290.0; Microsoft Windows 10.0.26100 )",
        "x-ms-client-request-id": "Sanitized",
        "x-ms-date": "Thu, 06 Mar 2025 20:21:10 GMT",
        "x-ms-return-client-request-id": "true",
        "x-ms-version": "2025-05-05"
      },
      "RequestBody": "yn7l0tNBKUnmDVZCpsHSl5iv27AEvAvx6PB87uLezrc4UM/Bk/AxhqPaI7VDgwNmoE3LaoaoKA1z8+njxDtmBz6eCVXxEQOoflUNKplVrWTsFU2VE2QxjyfCTaAGTsFncxt2pXqtdY5KI+sxm/50HUaE9q7t0fPabXktL8NioTCTprd93gjqP6C/SvB4//QpTTBaglcTeqEnnDcAgEbL54K7nvVH9j89mbcOLoYDYW6FBOGTCB7YgCsVVULR6r9a82NuvWH/4lfwHOmgBUwbJDrIe3xkN99j4x3JMqD9bK/4szojlKQMhSGKous1N3vf+TEHCG9D9ryDCtlDNrC287A5qFER94+VvPZa2pXzLqyi6jhv9WQ/tb1+n4nLyE9x1K87+44pzQKhckt56BwnkNwtoUx4R/5M+fOTk1cFyvOm6QXmtzIdeBw1zYMYxsyhVg+snScC+Iyw7wGaljmqnKdY0v8WQdiqDygvQnl7NDMn8jxIWCzLo/B5Ncgxg+LiizHbv/TNixU2Ao7/07USNbrOc6P8YUN6jC4OnQsPeYxFTLdIn3Q+WWYmEVWezNA6Zv8OYg8/5intYDLGv+4KJ4kBuYb+ypZGjxk81VDt279d0zYLARZ8BmaNWz5Bd5p4HOrMnRNKPJtpyNL2AhDZ/4RyaOu3/iVzhLIfcG5XBBh+xLllIT6sE5ebojlDhgRWtFu5zw6vwR7EWBhgKsssEcS6dz5Xc95GxlVUHFvsMP6uyLsTnjQJzwOaoMgmS+jLbpF1iA/G/0F8cwi5WqTC2CgasmEPGXOPsac6vNIVH3ptiK7Kdqfu58l6lissUHRe2MigDJiGvFQd5tdni0NuZ1ONS9L292GAK8uYlIJHYmEz3OQKdRPi5sxZrJDQh1yGDC/XngSiZ+BmH+DN7ifS1oN1NK5fZPFAq2UFnEvRr6RvEohScMRdkHQDo1UyFPilh9YMWlKtJ6g9l/OenMqUlW88Xtuff2W/GKM6W8CcDZdtYBV0xFVRwevfFNjRvvSpbg7l9rYcBgdxTUKuc8vooYpbMTu1INAa65zwv2qM7lmvkOyxtxbgUFoNA3cSok4f93NOdY249E4+ygsZK0ad5F/o/uLfNupzeuDhpxxYCEhO0cf3PnnM95udc+wLxyQUcB8YKaNrP8CJ2/qs1kwx5cLCy1p+paXmGwdHQcP9Z7O7zTb9QN6k4pEHbmN+ICBPbI0qSPzKlcp5Mg2cJP38i3NG8AkVNKTjHunJdzdCZ/vm99U20x638Tdsgw7QB72TCuLvODAWOTjoRioTAB6TN8sStiwnxrdUj/7SqbCWEhcrNWxUUi/Kz76dTYz0pPEZ2ExDvlCQa0Mrm6gxRI+HUQ==",
      "StatusCode": 201,
      "ResponseHeaders": {
        "Content-Length": "0",
        "Date": "Thu, 06 Mar 2025 20:21:00 GMT",
        "ETag": "\"0x8DD5CEC69875B21\"",
        "Last-Modified": "Thu, 06 Mar 2025 20:21:00 GMT",
        "Server": [
          "Windows-Azure-Blob/1.0",
          "Microsoft-HTTPAPI/2.0"
        ],
        "x-ms-blob-append-offset": "0",
        "x-ms-blob-committed-block-count": "1",
        "x-ms-client-request-id": "Sanitized",
        "x-ms-content-crc64": "tewOVrCgRYo=",
        "x-ms-request-id": "7e86dba8-d01e-0049-31d5-8ee25f000000",
        "x-ms-request-server-encrypted": "true",
        "x-ms-version": "2025-05-05"
      },
      "ResponseBody": null
    },
    {
      "RequestUri": "https://amandapreprod.blob.core.windows.net/test-container-71f52810-24d5-125b-105a-b4a37d27c5ce/test-blob-cae71333-3eb1-9be4-47e7-6e8a792a5feb",
      "RequestMethod": "HEAD",
      "RequestHeaders": {
        "Accept": "application/xml",
        "Authorization": "Sanitized",
        "traceparent": "00-24c864ec48f7eccb312daff8eb06423b-80893fc43db5f038-00",
        "User-Agent": "azsdk-net-Storage.Blobs/12.24.0-alpha.20250306.1 (.NET Framework 4.8.9290.0; Microsoft Windows 10.0.26100 )",
        "x-ms-client-request-id": "Sanitized",
        "x-ms-date": "Thu, 06 Mar 2025 20:21:10 GMT",
        "x-ms-return-client-request-id": "true",
        "x-ms-version": "2025-05-05"
      },
      "RequestBody": null,
      "StatusCode": 200,
      "ResponseHeaders": {
        "Accept-Ranges": "bytes",
        "Content-Length": "1024",
        "Content-Type": "application/octet-stream",
        "Date": "Thu, 06 Mar 2025 20:21:00 GMT",
        "ETag": "\"0x8DD5CEC69875B21\"",
        "Last-Modified": "Thu, 06 Mar 2025 20:21:00 GMT",
        "Server": [
          "Windows-Azure-Blob/1.0",
          "Microsoft-HTTPAPI/2.0"
        ],
        "x-ms-blob-committed-block-count": "1",
        "x-ms-blob-type": "AppendBlob",
        "x-ms-client-request-id": "Sanitized",
        "x-ms-creation-time": "Thu, 06 Mar 2025 20:21:00 GMT",
        "x-ms-lease-state": "available",
        "x-ms-lease-status": "unlocked",
        "x-ms-request-id": "7e86dbc0-d01e-0049-48d5-8ee25f000000",
        "x-ms-server-encrypted": "true",
        "x-ms-version": "2025-05-05"
      },
      "ResponseBody": null
    },
    {
      "RequestUri": "https://amandapreprod.blob.core.windows.net/test-container-71f52810-24d5-125b-105a-b4a37d27c5ce/test-blob-cae71333-3eb1-9be4-47e7-6e8a792a5feb",
      "RequestMethod": "GET",
      "RequestHeaders": {
        "Accept": "application/xml",
        "Authorization": "Sanitized",
        "If-Match": "\"0x8DD5CEC69875B21\"",
        "User-Agent": "azsdk-net-Storage.Blobs/12.24.0-alpha.20250306.1 (.NET Framework 4.8.9290.0; Microsoft Windows 10.0.26100 )",
        "x-ms-client-request-id": "Sanitized",
        "x-ms-date": "Thu, 06 Mar 2025 20:21:10 GMT",
        "x-ms-range": "bytes=512-639",
        "x-ms-return-client-request-id": "true",
        "x-ms-version": "2025-05-05"
      },
      "RequestBody": null,
      "StatusCode": 206,
      "ResponseHeaders": {
        "Accept-Ranges": "bytes",
        "Content-Length": "128",
        "Content-Range": "bytes 512-639/1024",
        "Content-Type": "application/octet-stream",
        "Date": "Thu, 06 Mar 2025 20:21:00 GMT",
        "ETag": "\"0x8DD5CEC69875B21\"",
        "Last-Modified": "Thu, 06 Mar 2025 20:21:00 GMT",
        "Server": [
          "Windows-Azure-Blob/1.0",
          "Microsoft-HTTPAPI/2.0"
        ],
        "x-ms-blob-committed-block-count": "1",
        "x-ms-blob-type": "AppendBlob",
        "x-ms-client-request-id": "Sanitized",
        "x-ms-creation-time": "Thu, 06 Mar 2025 20:21:00 GMT",
        "x-ms-lease-state": "available",
        "x-ms-lease-status": "unlocked",
        "x-ms-request-id": "7e86dbdb-d01e-0049-5dd5-8ee25f000000",
        "x-ms-server-encrypted": "true",
        "x-ms-version": "2025-05-05"
      },
      "ResponseBody": "fsS5ZSE+rBOXm6I5Q4YEVrRbuc8Or8EexFgYYCrLLBHEunc+V3PeRsZVVBxb7DD+rsi7E540Cc8DmqDIJkvoy26RdYgPxv9BfHMIuVqkwtgoGrJhDxlzj7GnOrzSFR96bYiuynan7ufJepYrLFB0XtjIoAyYhrxUHebXZ4tDbmc="
    },
    {
      "RequestUri": "https://amandapreprod.blob.core.windows.net/test-container-71f52810-24d5-125b-105a-b4a37d27c5ce/test-blob-cae71333-3eb1-9be4-47e7-6e8a792a5feb",
      "RequestMethod": "GET",
      "RequestHeaders": {
        "Accept": "application/xml",
        "Authorization": "Sanitized",
        "If-Match": "\"0x8DD5CEC69875B21\"",
        "User-Agent": "azsdk-net-Storage.Blobs/12.24.0-alpha.20250306.1 (.NET Framework 4.8.9290.0; Microsoft Windows 10.0.26100 )",
        "x-ms-client-request-id": "Sanitized",
        "x-ms-date": "Thu, 06 Mar 2025 20:21:10 GMT",
        "x-ms-range": "bytes=640-767",
        "x-ms-return-client-request-id": "true",
        "x-ms-version": "2025-05-05"
      },
      "RequestBody": null,
      "StatusCode": 206,
      "ResponseHeaders": {
        "Accept-Ranges": "bytes",
        "Content-Length": "128",
        "Content-Range": "bytes 640-767/1024",
        "Content-Type": "application/octet-stream",
        "Date": "Thu, 06 Mar 2025 20:21:00 GMT",
        "ETag": "\"0x8DD5CEC69875B21\"",
        "Last-Modified": "Thu, 06 Mar 2025 20:21:00 GMT",
        "Server": [
          "Windows-Azure-Blob/1.0",
          "Microsoft-HTTPAPI/2.0"
        ],
        "x-ms-blob-committed-block-count": "1",
        "x-ms-blob-type": "AppendBlob",
        "x-ms-client-request-id": "Sanitized",
        "x-ms-creation-time": "Thu, 06 Mar 2025 20:21:00 GMT",
        "x-ms-lease-state": "available",
        "x-ms-lease-status": "unlocked",
        "x-ms-request-id": "7e86dbef-d01e-0049-70d5-8ee25f000000",
        "x-ms-server-encrypted": "true",
        "x-ms-version": "2025-05-05"
      },
      "ResponseBody": "U41L0vb3YYAry5iUgkdiYTPc5Ap1E+LmzFmskNCHXIYML9eeBKJn4GYf4M3uJ9LWg3U0rl9k8UCrZQWcS9GvpG8SiFJwxF2QdAOjVTIU+KWH1gxaUq0nqD2X856cypSVbzxe259/Zb8YozpbwJwNl21gFXTEVVHB698U2NG+9Kk="
    },
    {
      "RequestUri": "https://amandapreprod.blob.core.windows.net/test-container-71f52810-24d5-125b-105a-b4a37d27c5ce/test-blob-cae71333-3eb1-9be4-47e7-6e8a792a5feb",
      "RequestMethod": "GET",
      "RequestHeaders": {
        "Accept": "application/xml",
        "Authorization": "Sanitized",
        "If-Match": "\"0x8DD5CEC69875B21\"",
        "User-Agent": "azsdk-net-Storage.Blobs/12.24.0-alpha.20250306.1 (.NET Framework 4.8.9290.0; Microsoft Windows 10.0.26100 )",
        "x-ms-client-request-id": "Sanitized",
        "x-ms-date": "Thu, 06 Mar 2025 20:21:10 GMT",
        "x-ms-range": "bytes=768-895",
        "x-ms-return-client-request-id": "true",
        "x-ms-version": "2025-05-05"
      },
      "RequestBody": null,
      "StatusCode": 206,
      "ResponseHeaders": {
        "Accept-Ranges": "bytes",
        "Content-Length": "128",
        "Content-Range": "bytes 768-895/1024",
        "Content-Type": "application/octet-stream",
        "Date": "Thu, 06 Mar 2025 20:21:00 GMT",
        "ETag": "\"0x8DD5CEC69875B21\"",
        "Last-Modified": "Thu, 06 Mar 2025 20:21:00 GMT",
        "Server": [
          "Windows-Azure-Blob/1.0",
          "Microsoft-HTTPAPI/2.0"
        ],
        "x-ms-blob-committed-block-count": "1",
        "x-ms-blob-type": "AppendBlob",
        "x-ms-client-request-id": "Sanitized",
        "x-ms-creation-time": "Thu, 06 Mar 2025 20:21:00 GMT",
        "x-ms-lease-state": "available",
        "x-ms-lease-status": "unlocked",
        "x-ms-request-id": "7e86dc0b-d01e-0049-0bd5-8ee25f000000",
        "x-ms-server-encrypted": "true",
        "x-ms-version": "2025-05-05"
      },
      "ResponseBody": "bg7l9rYcBgdxTUKuc8vooYpbMTu1INAa65zwv2qM7lmvkOyxtxbgUFoNA3cSok4f93NOdY249E4+ygsZK0ad5F/o/uLfNupzeuDhpxxYCEhO0cf3PnnM95udc+wLxyQUcB8YKaNrP8CJ2/qs1kwx5cLCy1p+paXmGwdHQcP9Z7M="
    },
    {
      "RequestUri": "https://amandapreprod.blob.core.windows.net/test-container-71f52810-24d5-125b-105a-b4a37d27c5ce/test-blob-cae71333-3eb1-9be4-47e7-6e8a792a5feb",
      "RequestMethod": "GET",
      "RequestHeaders": {
        "Accept": "application/xml",
        "Authorization": "Sanitized",
        "If-Match": "\"0x8DD5CEC69875B21\"",
        "User-Agent": "azsdk-net-Storage.Blobs/12.24.0-alpha.20250306.1 (.NET Framework 4.8.9290.0; Microsoft Windows 10.0.26100 )",
        "x-ms-client-request-id": "Sanitized",
        "x-ms-date": "Thu, 06 Mar 2025 20:21:10 GMT",
        "x-ms-range": "bytes=896-1023",
        "x-ms-return-client-request-id": "true",
        "x-ms-version": "2025-05-05"
      },
      "RequestBody": null,
      "StatusCode": 206,
      "ResponseHeaders": {
        "Accept-Ranges": "bytes",
        "Content-Length": "128",
        "Content-Range": "bytes 896-1023/1024",
        "Content-Type": "application/octet-stream",
        "Date": "Thu, 06 Mar 2025 20:21:00 GMT",
        "ETag": "\"0x8DD5CEC69875B21\"",
        "Last-Modified": "Thu, 06 Mar 2025 20:21:00 GMT",
        "Server": [
          "Windows-Azure-Blob/1.0",
          "Microsoft-HTTPAPI/2.0"
        ],
        "x-ms-blob-committed-block-count": "1",
        "x-ms-blob-type": "AppendBlob",
        "x-ms-client-request-id": "Sanitized",
        "x-ms-creation-time": "Thu, 06 Mar 2025 20:21:00 GMT",
        "x-ms-lease-state": "available",
        "x-ms-lease-status": "unlocked",
        "x-ms-request-id": "7e86dc27-d01e-0049-23d5-8ee25f000000",
        "x-ms-server-encrypted": "true",
        "x-ms-version": "2025-05-05"
      },
      "ResponseBody": "u802/UDepOKRB25jfiAgT2yNKkj8ypXKeTINnCT9/ItzRvAJFTSk4x7pyXc3Qmf75vfVNtMet/E3bIMO0Ae9kwri7zgwFjk46EYqEwAekzfLErYsJ8a3VI/+0qmwlhIXKzVsVFIvys++nU2M9KTxGdhMQ75QkGtDK5uoMUSPh1E="
    },
    {
      "RequestUri": "https://amandapreprod.blob.core.windows.net/test-container-71f52810-24d5-125b-105a-b4a37d27c5ce?restype=container",
      "RequestMethod": "DELETE",
      "RequestHeaders": {
        "Accept": "application/xml",
        "Authorization": "Sanitized",
        "traceparent": "00-9b4712b268a0e0f0e394b7dfd465e381-1ad2b1aa800f755a-00",
        "User-Agent": "azsdk-net-Storage.Blobs/12.24.0-alpha.20250306.1 (.NET Framework 4.8.9290.0; Microsoft Windows 10.0.26100 )",
        "x-ms-client-request-id": "Sanitized",
        "x-ms-date": "Thu, 06 Mar 2025 20:21:10 GMT",
        "x-ms-return-client-request-id": "true",
        "x-ms-version": "2025-05-05"
      },
      "RequestBody": null,
      "StatusCode": 202,
      "ResponseHeaders": {
        "Content-Length": "0",
        "Date": "Thu, 06 Mar 2025 20:21:00 GMT",
        "Server": [
          "Windows-Azure-Blob/1.0",
          "Microsoft-HTTPAPI/2.0"
        ],
        "x-ms-client-request-id": "Sanitized",
        "x-ms-request-id": "7e86dc3b-d01e-0049-37d5-8ee25f000000",
        "x-ms-version": "2025-05-05"
      },
      "ResponseBody": null
    }
  ],
  "Variables": {
    "RandomSeed": "1240678176",
    "Storage_TestConfigDefault": "ProductionTenant\namandapreprod\nU2FuaXRpemVk\nhttps://amandapreprod.blob.core.windows.net\nhttps://amandapreprod.file.core.windows.net\nhttps://amandapreprod.queue.core.windows.net\nhttps://amandapreprod.table.core.windows.net\n\n\n\n\nhttps://amandapreprod-secondary.blob.core.windows.net\nhttps://amandapreprod-secondary.file.core.windows.net\nhttps://amandapreprod-secondary.queue.core.windows.net\nhttps://amandapreprod-secondary.table.core.windows.net\nCloud\nBlobEndpoint=https://amandapreprod.blob.core.windows.net/;QueueEndpoint=https://amandapreprod.queue.core.windows.net/;FileEndpoint=https://amandapreprod.file.core.windows.net/;BlobSecondaryEndpoint=https://amandapreprod-secondary.blob.core.windows.net/;QueueSecondaryEndpoint=https://amandapreprod-secondary.queue.core.windows.net/;FileSecondaryEndpoint=https://amandapreprod-secondary.file.core.windows.net/;AccountName=amandapreprod;AccountKey=U2FuaXRpemVk\nEncryptionScope\n\n"
  }
}
