{
  "Entries": [
    {
      "RequestUri": "https://Sanitized.azconfig.io/kv/readOnlyTests760?api-version=2023-11-01&label=some%20label",
      "RequestMethod": "PUT",
      "RequestHeaders": {
        "Accept": "application/vnd.microsoft.appconfig.kv+json, application/problem+json",
        "Accept-Encoding": "gzip, deflate, br, zstd",
        "Authorization": "Sanitized",
        "Connection": "keep-alive",
        "Content-Length": "63",
        "Content-Type": "application/vnd.microsoft.appconfig.kv+json",
        "Origin": "http://localhost:9876",
        "Referer": "http://localhost:9876/",
        "sec-ch-ua": "\"Not/A)Brand\";v=\"8\", \"Chromium\";v=\"126\", \"HeadlessChrome\";v=\"126\"",
        "sec-ch-ua-mobile": "?0",
        "sec-ch-ua-platform": "\"Linux\"",
        "Sec-Fetch-Dest": "empty",
        "Sec-Fetch-Mode": "cors",
        "Sec-Fetch-Site": "same-site",
        "User-Agent": "Mozilla/5.0 (X11; Linux x86_64) AppleWebKit/537.36 (KHTML, like Gecko) HeadlessChrome/126.0.6478.126 Safari/537.36",
        "x-ms-client-request-id": "ddbad231-c743-4531-8104-3c4268eb55f9",
        "x-ms-useragent": "azsdk-js-app-configuration/1.6.1 core-rest-pipeline/1.16.3 Chromium/126 OS/x86-Linux-6.5.0"
      },
      "RequestBody": {
        "key": "readOnlyTests760",
        "label": "some label",
        "value": "world"
      },
      "StatusCode": 200,
      "ResponseHeaders": {
        "Access-Control-Allow-Credentials": "true",
        "Access-Control-Allow-Origin": "*",
        "Access-Control-Expose-Headers": "Keep-Alive, Cache-Control, Content-Type, x-ms-client-request-id, Date, Sync-Token, x-ms-correlation-request-id, ETag, Last-Modified, Link, Memento-Datetime, retry-after-ms, x-ms-request-id, WWW-Authenticate, Operation-Location, Retry-After",
        "Connection": "keep-alive",
        "Content-Type": "application/vnd.microsoft.appconfig.kv+json; charset=utf-8",
        "Date": "Thu, 11 Jul 2024 20:52:31 GMT",
        "ETag": "\"flf2b9LpFDPzqLtA_Y3ng6Furvv_kIKNRfWCw4wQVPo\"",
        "Last-Modified": "Thu, 11 Jul 2024 20:52:31 GMT",
        "Strict-Transport-Security": "max-age=31536000; includeSubDomains",
        "Sync-Token": "zAJw6V16=ODoxNSMyODA1NzU0;sn=2805754",
        "Transfer-Encoding": "chunked",
        "x-ms-correlation-request-id": "bf92d8ae-23f3-4a79-993f-2cd2538201cb",
        "x-ms-request-id": "Sanitized"
      },
      "ResponseBody": {
        "etag": "flf2b9LpFDPzqLtA_Y3ng6Furvv_kIKNRfWCw4wQVPo",
        "key": "readOnlyTests760",
        "label": "some label",
        "content_type": null,
        "value": "world",
        "tags": {},
        "locked": false,
        "last_modified": "2024-07-11T20:52:31+00:00"
      }
    },
    {
      "RequestUri": "https://Sanitized.azconfig.io/kv/readOnlyTests760?api-version=2023-11-01&label=some%20label",
      "RequestMethod": "GET",
      "RequestHeaders": {
        "Accept": "application/vnd.microsoft.appconfig.kv+json, application/problem+json",
        "Accept-Encoding": "gzip, deflate, br, zstd",
        "Authorization": "Sanitized",
        "Connection": "keep-alive",
        "Origin": "http://localhost:9876",
        "Referer": "http://localhost:9876/",
        "sec-ch-ua": "\"Not/A)Brand\";v=\"8\", \"Chromium\";v=\"126\", \"HeadlessChrome\";v=\"126\"",
        "sec-ch-ua-mobile": "?0",
        "sec-ch-ua-platform": "\"Linux\"",
        "Sec-Fetch-Dest": "empty",
        "Sec-Fetch-Mode": "cors",
        "Sec-Fetch-Site": "same-site",
        "sync-token": "zAJw6V16=ODoxNSMyODA1NzU0",
        "User-Agent": "Mozilla/5.0 (X11; Linux x86_64) AppleWebKit/537.36 (KHTML, like Gecko) HeadlessChrome/126.0.6478.126 Safari/537.36",
        "x-ms-client-request-id": "98ee7297-4816-4ffe-863f-181b84b166dd",
        "x-ms-useragent": "azsdk-js-app-configuration/1.6.1 core-rest-pipeline/1.16.3 Chromium/126 OS/x86-Linux-6.5.0"
      },
      "RequestBody": null,
      "StatusCode": 200,
      "ResponseHeaders": {
        "Access-Control-Allow-Credentials": "true",
        "Access-Control-Allow-Origin": "*",
        "Access-Control-Expose-Headers": "Keep-Alive, Cache-Control, Content-Type, x-ms-client-request-id, Date, Sync-Token, x-ms-correlation-request-id, ETag, Last-Modified, Link, Memento-Datetime, retry-after-ms, x-ms-request-id, WWW-Authenticate, Operation-Location, Retry-After",
        "Connection": "keep-alive",
        "Content-Type": "application/vnd.microsoft.appconfig.kv+json; charset=utf-8",
        "Date": "Thu, 11 Jul 2024 20:52:31 GMT",
        "ETag": "\"flf2b9LpFDPzqLtA_Y3ng6Furvv_kIKNRfWCw4wQVPo\"",
        "Last-Modified": "Thu, 11 Jul 2024 20:52:31 GMT",
        "Strict-Transport-Security": "max-age=31536000; includeSubDomains",
        "Sync-Token": "zAJw6V16=ODoxNSMyODA1NzU0;sn=2805754",
        "Transfer-Encoding": "chunked",
        "x-ms-correlation-request-id": "ea62a5ec-90b5-4b19-9115-99de2e688b68",
        "x-ms-request-id": "Sanitized"
      },
      "ResponseBody": {
        "etag": "flf2b9LpFDPzqLtA_Y3ng6Furvv_kIKNRfWCw4wQVPo",
        "key": "readOnlyTests760",
        "label": "some label",
        "content_type": null,
        "value": "world",
        "tags": {},
        "locked": false,
        "last_modified": "2024-07-11T20:52:31+00:00"
      }
    },
    {
      "RequestUri": "https://Sanitized.azconfig.io/locks/readOnlyTests760?api-version=2023-11-01&label=some%20label",
      "RequestMethod": "PUT",
      "RequestHeaders": {
        "Accept": "application/vnd.microsoft.appconfig.kv+json, application/problem+json",
        "Accept-Encoding": "gzip, deflate, br, zstd",
        "Authorization": "Sanitized",
        "Connection": "keep-alive",
        "Content-Length": "0",
        "Origin": "http://localhost:9876",
        "Referer": "http://localhost:9876/",
        "sec-ch-ua": "\"Not/A)Brand\";v=\"8\", \"Chromium\";v=\"126\", \"HeadlessChrome\";v=\"126\"",
        "sec-ch-ua-mobile": "?0",
        "sec-ch-ua-platform": "\"Linux\"",
        "Sec-Fetch-Dest": "empty",
        "Sec-Fetch-Mode": "cors",
        "Sec-Fetch-Site": "same-site",
        "sync-token": "zAJw6V16=ODoxNSMyODA1NzU0",
        "User-Agent": "Mozilla/5.0 (X11; Linux x86_64) AppleWebKit/537.36 (KHTML, like Gecko) HeadlessChrome/126.0.6478.126 Safari/537.36",
        "x-ms-client-request-id": "ecf676e9-3741-48fe-89e7-bf202f641fb9",
        "x-ms-useragent": "azsdk-js-app-configuration/1.6.1 core-rest-pipeline/1.16.3 Chromium/126 OS/x86-Linux-6.5.0"
      },
      "RequestBody": null,
      "StatusCode": 200,
      "ResponseHeaders": {
        "Access-Control-Allow-Credentials": "true",
        "Access-Control-Allow-Origin": "*",
        "Access-Control-Expose-Headers": "Keep-Alive, Cache-Control, Content-Type, x-ms-client-request-id, Date, Sync-Token, x-ms-correlation-request-id, ETag, Last-Modified, Link, Memento-Datetime, retry-after-ms, x-ms-request-id, WWW-Authenticate, Operation-Location, Retry-After",
        "Connection": "keep-alive",
        "Content-Type": "application/vnd.microsoft.appconfig.kv+json; charset=utf-8",
        "Date": "Thu, 11 Jul 2024 20:52:31 GMT",
        "ETag": "\"tCYjF_RL9IUERAOw5L4WTSn46HB8PkPl2SluRTmFzPo\"",
        "Last-Modified": "Thu, 11 Jul 2024 20:52:31 GMT",
        "Strict-Transport-Security": "max-age=31536000; includeSubDomains",
        "Sync-Token": "zAJw6V16=ODoxNSMyODA1NzU1;sn=2805755",
        "Transfer-Encoding": "chunked",
        "x-ms-correlation-request-id": "88b89237-68fe-4035-b95f-611a08b9afe0",
        "x-ms-request-id": "Sanitized"
      },
      "ResponseBody": {
        "etag": "tCYjF_RL9IUERAOw5L4WTSn46HB8PkPl2SluRTmFzPo",
        "key": "readOnlyTests760",
        "label": "some label",
        "content_type": null,
        "value": "world",
        "tags": {},
        "locked": true,
        "last_modified": "2024-07-11T20:52:31+00:00"
      }
    },
    {
      "RequestUri": "https://Sanitized.azconfig.io/kv/readOnlyTests760?api-version=2023-11-01&label=some%20label",
      "RequestMethod": "GET",
      "RequestHeaders": {
        "Accept": "application/vnd.microsoft.appconfig.kv+json, application/problem+json",
        "Accept-Encoding": "gzip, deflate, br, zstd",
        "Authorization": "Sanitized",
        "Connection": "keep-alive",
        "Origin": "http://localhost:9876",
        "Referer": "http://localhost:9876/",
        "sec-ch-ua": "\"Not/A)Brand\";v=\"8\", \"Chromium\";v=\"126\", \"HeadlessChrome\";v=\"126\"",
        "sec-ch-ua-mobile": "?0",
        "sec-ch-ua-platform": "\"Linux\"",
        "Sec-Fetch-Dest": "empty",
        "Sec-Fetch-Mode": "cors",
        "Sec-Fetch-Site": "same-site",
        "sync-token": "zAJw6V16=ODoxNSMyODA1NzU1",
        "User-Agent": "Mozilla/5.0 (X11; Linux x86_64) AppleWebKit/537.36 (KHTML, like Gecko) HeadlessChrome/126.0.6478.126 Safari/537.36",
        "x-ms-client-request-id": "49d1f061-03aa-4869-93ad-c5920ee75c77",
        "x-ms-useragent": "azsdk-js-app-configuration/1.6.1 core-rest-pipeline/1.16.3 Chromium/126 OS/x86-Linux-6.5.0"
      },
      "RequestBody": null,
      "StatusCode": 200,
      "ResponseHeaders": {
        "Access-Control-Allow-Credentials": "true",
        "Access-Control-Allow-Origin": "*",
        "Access-Control-Expose-Headers": "Keep-Alive, Cache-Control, Content-Type, x-ms-client-request-id, Date, Sync-Token, x-ms-correlation-request-id, ETag, Last-Modified, Link, Memento-Datetime, retry-after-ms, x-ms-request-id, WWW-Authenticate, Operation-Location, Retry-After",
        "Connection": "keep-alive",
        "Content-Type": "application/vnd.microsoft.appconfig.kv+json; charset=utf-8",
        "Date": "Thu, 11 Jul 2024 20:52:31 GMT",
        "ETag": "\"tCYjF_RL9IUERAOw5L4WTSn46HB8PkPl2SluRTmFzPo\"",
        "Last-Modified": "Thu, 11 Jul 2024 20:52:31 GMT",
        "Strict-Transport-Security": "max-age=31536000; includeSubDomains",
        "Sync-Token": "zAJw6V16=ODoxNSMyODA1NzU2;sn=2805756",
        "Transfer-Encoding": "chunked",
        "x-ms-correlation-request-id": "c102203c-284f-4ed8-bc3a-eff3f0e3034a",
        "x-ms-request-id": "Sanitized"
      },
      "ResponseBody": {
        "etag": "tCYjF_RL9IUERAOw5L4WTSn46HB8PkPl2SluRTmFzPo",
        "key": "readOnlyTests760",
        "label": "some label",
        "content_type": null,
        "value": "world",
        "tags": {},
        "locked": true,
        "last_modified": "2024-07-11T20:52:31+00:00"
      }
    },
    {
      "RequestUri": "https://Sanitized.azconfig.io/kv/readOnlyTests760?api-version=2023-11-01&label=some%20label",
      "RequestMethod": "PUT",
      "RequestHeaders": {
        "Accept": "application/vnd.microsoft.appconfig.kv+json, application/problem+json",
        "Accept-Encoding": "gzip, deflate, br, zstd",
        "Authorization": "Sanitized",
        "Connection": "keep-alive",
        "Content-Length": "63",
        "Content-Type": "application/vnd.microsoft.appconfig.kv+json",
        "Origin": "http://localhost:9876",
        "Referer": "http://localhost:9876/",
        "sec-ch-ua": "\"Not/A)Brand\";v=\"8\", \"Chromium\";v=\"126\", \"HeadlessChrome\";v=\"126\"",
        "sec-ch-ua-mobile": "?0",
        "sec-ch-ua-platform": "\"Linux\"",
        "Sec-Fetch-Dest": "empty",
        "Sec-Fetch-Mode": "cors",
        "Sec-Fetch-Site": "same-site",
        "sync-token": "zAJw6V16=ODoxNSMyODA1NzU2",
        "User-Agent": "Mozilla/5.0 (X11; Linux x86_64) AppleWebKit/537.36 (KHTML, like Gecko) HeadlessChrome/126.0.6478.126 Safari/537.36",
        "x-ms-client-request-id": "b0eda806-7757-4e02-95b3-cec141314d92",
        "x-ms-useragent": "azsdk-js-app-configuration/1.6.1 core-rest-pipeline/1.16.3 Chromium/126 OS/x86-Linux-6.5.0"
      },
      "RequestBody": {
        "key": "readOnlyTests760",
        "label": "some label",
        "value": "world"
      },
      "StatusCode": 409,
      "ResponseHeaders": {
        "Access-Control-Allow-Credentials": "true",
        "Access-Control-Allow-Origin": "*",
        "Access-Control-Expose-Headers": "Keep-Alive, Cache-Control, Content-Type, x-ms-client-request-id, Date, Sync-Token, x-ms-correlation-request-id, ETag, Last-Modified, Link, Memento-Datetime, retry-after-ms, x-ms-request-id, WWW-Authenticate, Operation-Location, Retry-After",
        "Connection": "keep-alive",
        "Content-Type": "application/problem+json; charset=utf-8",
        "Date": "Thu, 11 Jul 2024 20:52:31 GMT",
        "Strict-Transport-Security": "max-age=31536000; includeSubDomains",
        "Sync-Token": "zAJw6V16=ODoxNSMyODA1NzU2;sn=2805756",
        "Transfer-Encoding": "chunked",
        "x-ms-correlation-request-id": "1ff91503-3a68-4112-88c9-c6635018653d",
        "x-ms-request-id": "Sanitized"
      },
      "ResponseBody": {
        "type": "https://azconfig.io/errors/key-locked",
        "title": "Modifing key 'readOnlyTests760' is not allowed",
        "name": "readOnlyTests760",
        "detail": "The key is read-only. To allow modification unlock it first.",
        "status": 409
      }
    },
    {
      "RequestUri": "https://Sanitized.azconfig.io/kv/readOnlyTests760?api-version=2023-11-01&label=some%20label",
      "RequestMethod": "DELETE",
      "RequestHeaders": {
        "Accept": "application/vnd.microsoft.appconfig.kv+json, application/problem+json",
        "Accept-Encoding": "gzip, deflate, br, zstd",
        "Authorization": "Sanitized",
        "Connection": "keep-alive",
        "Origin": "http://localhost:9876",
        "Referer": "http://localhost:9876/",
        "sec-ch-ua": "\"Not/A)Brand\";v=\"8\", \"Chromium\";v=\"126\", \"HeadlessChrome\";v=\"126\"",
        "sec-ch-ua-mobile": "?0",
        "sec-ch-ua-platform": "\"Linux\"",
        "Sec-Fetch-Dest": "empty",
        "Sec-Fetch-Mode": "cors",
        "Sec-Fetch-Site": "same-site",
        "sync-token": "zAJw6V16=ODoxNSMyODA1NzU2",
        "User-Agent": "Mozilla/5.0 (X11; Linux x86_64) AppleWebKit/537.36 (KHTML, like Gecko) HeadlessChrome/126.0.6478.126 Safari/537.36",
        "x-ms-client-request-id": "cf2c8c1d-b7c1-4c1f-b8b1-76b882fddef8",
        "x-ms-useragent": "azsdk-js-app-configuration/1.6.1 core-rest-pipeline/1.16.3 Chromium/126 OS/x86-Linux-6.5.0"
      },
      "RequestBody": null,
      "StatusCode": 409,
      "ResponseHeaders": {
        "Access-Control-Allow-Credentials": "true",
        "Access-Control-Allow-Origin": "*",
        "Access-Control-Expose-Headers": "Keep-Alive, Cache-Control, Content-Type, x-ms-client-request-id, Date, Sync-Token, x-ms-correlation-request-id, ETag, Last-Modified, Link, Memento-Datetime, retry-after-ms, x-ms-request-id, WWW-Authenticate, Operation-Location, Retry-After",
        "Connection": "keep-alive",
        "Content-Type": "application/problem+json; charset=utf-8",
        "Date": "Thu, 11 Jul 2024 20:52:31 GMT",
        "Strict-Transport-Security": "max-age=31536000; includeSubDomains",
        "Sync-Token": "zAJw6V16=ODoxNSMyODA1NzU2;sn=2805756",
        "Transfer-Encoding": "chunked",
        "x-ms-correlation-request-id": "2c0dfe2f-a072-446a-870e-67e90b2f94dc",
        "x-ms-request-id": "Sanitized"
      },
      "ResponseBody": {
        "type": "https://azconfig.io/errors/key-locked",
        "title": "Modifing key 'readOnlyTests760' is not allowed",
        "name": "readOnlyTests760",
        "detail": "The key is read-only. To allow modification unlock it first.",
        "status": 409
      }
    },
    {
      "RequestUri": "https://Sanitized.azconfig.io/kv?api-version=2023-11-01&key=readOnlyTests760",
      "RequestMethod": "GET",
      "RequestHeaders": {
        "Accept": "application/vnd.microsoft.appconfig.kvset+json, application/problem+json",
        "Accept-Encoding": "gzip, deflate, br, zstd",
        "Authorization": "Sanitized",
        "Connection": "keep-alive",
        "Origin": "http://localhost:9876",
        "Referer": "http://localhost:9876/",
        "sec-ch-ua": "\"Not/A)Brand\";v=\"8\", \"Chromium\";v=\"126\", \"HeadlessChrome\";v=\"126\"",
        "sec-ch-ua-mobile": "?0",
        "sec-ch-ua-platform": "\"Linux\"",
        "Sec-Fetch-Dest": "empty",
        "Sec-Fetch-Mode": "cors",
        "Sec-Fetch-Site": "same-site",
        "sync-token": "zAJw6V16=ODoxNSMyODA1NzU2",
        "User-Agent": "Mozilla/5.0 (X11; Linux x86_64) AppleWebKit/537.36 (KHTML, like Gecko) HeadlessChrome/126.0.6478.126 Safari/537.36",
        "x-ms-client-request-id": "ffd96e00-fd6d-464d-85fc-8b9006b79df9",
        "x-ms-useragent": "azsdk-js-app-configuration/1.6.1 core-rest-pipeline/1.16.3 Chromium/126 OS/x86-Linux-6.5.0"
      },
      "RequestBody": null,
      "StatusCode": 200,
      "ResponseHeaders": {
        "Access-Control-Allow-Credentials": "true",
        "Access-Control-Allow-Origin": "*",
        "Access-Control-Expose-Headers": "Keep-Alive, Cache-Control, Content-Type, x-ms-client-request-id, Date, Sync-Token, x-ms-correlation-request-id, ETag, Last-Modified, Link, Memento-Datetime, retry-after-ms, x-ms-request-id, WWW-Authenticate, Operation-Location, Retry-After",
        "Connection": "keep-alive",
        "Content-Type": "application/vnd.microsoft.appconfig.kvset+json; charset=utf-8",
        "Date": "Thu, 11 Jul 2024 20:52:31 GMT",
        "ETag": "\"oyJT2HOC2OVTEDDRJJm0P9Ji5pX87hrU2XaNcOja4qI\"",
        "Strict-Transport-Security": "max-age=31536000; includeSubDomains",
        "Sync-Token": "zAJw6V16=ODoxNSMyODA1NzU2;sn=2805756",
        "Transfer-Encoding": "chunked",
        "x-ms-correlation-request-id": "b202a224-58b9-441f-8665-ab01ea9fc803",
        "x-ms-request-id": "Sanitized"
      },
      "ResponseBody": {
        "etag": "oyJT2HOC2OVTEDDRJJm0P9Ji5pX87hrU2XaNcOja4qI",
        "items": [
          {
            "etag": "tCYjF_RL9IUERAOw5L4WTSn46HB8PkPl2SluRTmFzPo",
            "key": "readOnlyTests760",
            "label": "some label",
            "content_type": null,
            "value": "world",
            "tags": {},
            "locked": true,
            "last_modified": "2024-07-11T20:52:31+00:00"
          }
        ]
      }
    },
    {
      "RequestUri": "https://Sanitized.azconfig.io/locks/readOnlyTests760?api-version=2023-11-01&label=some%20label",
      "RequestMethod": "DELETE",
      "RequestHeaders": {
        "Accept": "application/vnd.microsoft.appconfig.kv+json, application/problem+json",
        "Accept-Encoding": "gzip, deflate, br, zstd",
        "Authorization": "Sanitized",
        "Connection": "keep-alive",
        "Origin": "http://localhost:9876",
        "Referer": "http://localhost:9876/",
        "sec-ch-ua": "\"Not/A)Brand\";v=\"8\", \"Chromium\";v=\"126\", \"HeadlessChrome\";v=\"126\"",
        "sec-ch-ua-mobile": "?0",
        "sec-ch-ua-platform": "\"Linux\"",
        "Sec-Fetch-Dest": "empty",
        "Sec-Fetch-Mode": "cors",
        "Sec-Fetch-Site": "same-site",
        "sync-token": "zAJw6V16=ODoxNSMyODA1NzU2",
        "User-Agent": "Mozilla/5.0 (X11; Linux x86_64) AppleWebKit/537.36 (KHTML, like Gecko) HeadlessChrome/126.0.6478.126 Safari/537.36",
        "x-ms-client-request-id": "5fef4220-2cc1-481b-84cd-4c53a3685db7",
        "x-ms-useragent": "azsdk-js-app-configuration/1.6.1 core-rest-pipeline/1.16.3 Chromium/126 OS/x86-Linux-6.5.0"
      },
      "RequestBody": null,
      "StatusCode": 200,
      "ResponseHeaders": {
        "Access-Control-Allow-Credentials": "true",
        "Access-Control-Allow-Origin": "*",
        "Access-Control-Expose-Headers": "Keep-Alive, Cache-Control, Content-Type, x-ms-client-request-id, Date, Sync-Token, x-ms-correlation-request-id, ETag, Last-Modified, Link, Memento-Datetime, retry-after-ms, x-ms-request-id, WWW-Authenticate, Operation-Location, Retry-After",
        "Connection": "keep-alive",
        "Content-Type": "application/vnd.microsoft.appconfig.kv+json; charset=utf-8",
        "Date": "Thu, 11 Jul 2024 20:52:31 GMT",
        "ETag": "\"C9dsMBI7ZZcIo02JhQb6_GnSotNEkiAmC8lpsVB1ow0\"",
        "Last-Modified": "Thu, 11 Jul 2024 20:52:31 GMT",
        "Strict-Transport-Security": "max-age=31536000; includeSubDomains",
        "Sync-Token": "zAJw6V16=ODoxNSMyODA1NzU3;sn=2805757",
        "Transfer-Encoding": "chunked",
        "x-ms-correlation-request-id": "dab31ebb-66f7-4d43-8666-07843092484b",
        "x-ms-request-id": "Sanitized"
      },
      "ResponseBody": {
        "etag": "C9dsMBI7ZZcIo02JhQb6_GnSotNEkiAmC8lpsVB1ow0",
        "key": "readOnlyTests760",
        "label": "some label",
        "content_type": null,
        "value": "world",
        "tags": {},
        "locked": false,
        "last_modified": "2024-07-11T20:52:31+00:00"
      }
    },
    {
      "RequestUri": "https://Sanitized.azconfig.io/kv/readOnlyTests760?api-version=2023-11-01&label=some%20label",
      "RequestMethod": "DELETE",
      "RequestHeaders": {
        "Accept": "application/vnd.microsoft.appconfig.kv+json, application/problem+json",
        "Accept-Encoding": "gzip, deflate, br, zstd",
        "Authorization": "Sanitized",
        "Connection": "keep-alive",
        "Origin": "http://localhost:9876",
        "Referer": "http://localhost:9876/",
        "sec-ch-ua": "\"Not/A)Brand\";v=\"8\", \"Chromium\";v=\"126\", \"HeadlessChrome\";v=\"126\"",
        "sec-ch-ua-mobile": "?0",
        "sec-ch-ua-platform": "\"Linux\"",
        "Sec-Fetch-Dest": "empty",
        "Sec-Fetch-Mode": "cors",
        "Sec-Fetch-Site": "same-site",
        "sync-token": "zAJw6V16=ODoxNSMyODA1NzU3",
        "User-Agent": "Mozilla/5.0 (X11; Linux x86_64) AppleWebKit/537.36 (KHTML, like Gecko) HeadlessChrome/126.0.6478.126 Safari/537.36",
        "x-ms-client-request-id": "7b0c3efc-da88-4d34-ba21-13ce5a271efb",
        "x-ms-useragent": "azsdk-js-app-configuration/1.6.1 core-rest-pipeline/1.16.3 Chromium/126 OS/x86-Linux-6.5.0"
      },
      "RequestBody": null,
      "StatusCode": 200,
      "ResponseHeaders": {
        "Access-Control-Allow-Credentials": "true",
        "Access-Control-Allow-Origin": "*",
        "Access-Control-Expose-Headers": "Keep-Alive, Cache-Control, Content-Type, x-ms-client-request-id, Date, Sync-Token, x-ms-correlation-request-id, ETag, Last-Modified, Link, Memento-Datetime, retry-after-ms, x-ms-request-id, WWW-Authenticate, Operation-Location, Retry-After",
        "Connection": "keep-alive",
        "Content-Type": "application/vnd.microsoft.appconfig.kv+json; charset=utf-8",
        "Date": "Thu, 11 Jul 2024 20:52:31 GMT",
        "ETag": "\"C9dsMBI7ZZcIo02JhQb6_GnSotNEkiAmC8lpsVB1ow0\"",
        "Last-Modified": "Thu, 11 Jul 2024 20:52:31 GMT",
        "Strict-Transport-Security": "max-age=31536000; includeSubDomains",
        "Sync-Token": "zAJw6V16=ODoxNSMyODA1NzU5;sn=2805759",
        "Transfer-Encoding": "chunked",
        "x-ms-correlation-request-id": "b05fe270-d002-4ebe-a6bb-4553296b3c45",
        "x-ms-request-id": "Sanitized"
      },
      "ResponseBody": {
        "etag": "C9dsMBI7ZZcIo02JhQb6_GnSotNEkiAmC8lpsVB1ow0",
        "key": "readOnlyTests760",
        "label": "some label",
        "content_type": null,
        "value": "world",
        "tags": {},
        "locked": false,
        "last_modified": "2024-07-11T20:52:31+00:00"
      }
    }
  ],
  "Variables": {
    "readOnlyTests": "readOnlyTests760"
  }
}
