{
  "Entries": [
    {
      "RequestUri": "https://fakestorageaccount.blob.core.windows.net/container169744639382104750?restype=container",
      "RequestMethod": "PUT",
      "RequestHeaders": {
        "Accept": "application/xml",
        "Authorization": "Sanitized",
        "Connection": "keep-alive",
        "Content-Length": "0",
        "User-Agent": "azsdk-js-azure-storage-blob/12.20.0 core-rest-pipeline/1.12.2 Node/v18.16.0 OS/(x64-Windows_NT-10.0.22621)",
        "x-ms-client-request-id": "3193f9b5-411c-4491-a565-754b6266467d",
        "x-ms-date": "Mon, 16 Oct 2023 08:53:13 GMT",
        "x-ms-version": "2023-08-03"
      },
      "RequestBody": null,
      "StatusCode": 201,
      "ResponseHeaders": {
        "Content-Length": "0",
        "Date": "Mon, 16 Oct 2023 08:53:13 GMT",
        "ETag": "\u00220x8DBCE255569EEFB\u0022",
        "Last-Modified": "Mon, 16 Oct 2023 08:53:14 GMT",
        "Server": [
          "Windows-Azure-Blob/1.0",
          "Microsoft-HTTPAPI/2.0"
        ],
        "x-ms-client-request-id": "3193f9b5-411c-4491-a565-754b6266467d",
        "x-ms-request-id": "a35a63c9-401e-006e-600e-00c60e000000",
        "x-ms-version": "2023-08-03"
      },
      "ResponseBody": null
    },
    {
      "RequestUri": "https://fakestorageaccount.blob.core.windows.net/container169744639382104750/blob169744639396500359",
      "RequestMethod": "PUT",
      "RequestHeaders": {
        "Accept": "application/xml",
        "Authorization": "Sanitized",
        "Connection": "keep-alive",
        "Content-Length": "30",
        "Content-Type": "application/octet-stream",
        "User-Agent": "azsdk-js-azure-storage-blob/12.20.0 core-rest-pipeline/1.12.2 Node/v18.16.0 OS/(x64-Windows_NT-10.0.22621)",
        "x-ms-blob-type": "BlockBlob",
        "x-ms-client-request-id": "50c503cd-3ee5-406e-8eca-1770d0c5109e",
        "x-ms-date": "Mon, 16 Oct 2023 08:53:13 GMT",
        "x-ms-version": "2023-08-03"
      },
      "RequestBody": "cmFuZG9tc3RyaW5nMTY5NzQ0NjM5Mzk2NjA0MDM5",
      "StatusCode": 201,
      "ResponseHeaders": {
        "Content-Length": "0",
        "Content-MD5": "psfl1ve8wiZGHDvDnWlVXg==",
        "Date": "Mon, 16 Oct 2023 08:53:13 GMT",
        "ETag": "\u00220x8DBCE25557D044F\u0022",
        "Last-Modified": "Mon, 16 Oct 2023 08:53:14 GMT",
        "Server": [
          "Windows-Azure-Blob/1.0",
          "Microsoft-HTTPAPI/2.0"
        ],
        "x-ms-client-request-id": "50c503cd-3ee5-406e-8eca-1770d0c5109e",
        "x-ms-content-crc64": "CIAXl6SP3OA=",
        "x-ms-request-id": "a35a6415-401e-006e-210e-00c60e000000",
        "x-ms-request-server-encrypted": "true",
        "x-ms-version": "2023-08-03",
        "x-ms-version-id": "2023-10-16T08:53:14.6425423Z"
      },
      "ResponseBody": null
    },
    {
      "RequestUri": "https://fakestorageaccount.blob.core.windows.net/container169744639382104750/blob169744639396500359",
      "RequestMethod": "GET",
      "RequestHeaders": {
        "Accept": "application/xml",
        "Authorization": "Sanitized",
        "Connection": "keep-alive",
        "User-Agent": "azsdk-js-azure-storage-blob/12.20.0 core-rest-pipeline/1.12.2 Node/v18.16.0 OS/(x64-Windows_NT-10.0.22621)",
        "x-ms-client-request-id": "1c7880d0-59cb-4133-94ad-b24a9f49be0d",
        "x-ms-date": "Mon, 16 Oct 2023 08:53:14 GMT",
        "x-ms-version": "2023-08-03"
      },
      "RequestBody": null,
      "StatusCode": 200,
      "ResponseHeaders": {
        "Accept-Ranges": "bytes",
        "Access-Control-Allow-Origin": "*",
        "Access-Control-Expose-Headers": "x-ms-request-id,x-ms-client-request-id,Server,x-ms-version,x-ms-version-id,x-ms-is-current-version,Content-Type,Last-Modified,ETag,x-ms-creation-time,Content-MD5,x-ms-lease-status,x-ms-lease-state,x-ms-blob-type,x-ms-server-encrypted,Accept-Ranges,Content-Length,Date,Transfer-Encoding",
        "Content-Length": "30",
        "Content-MD5": "psfl1ve8wiZGHDvDnWlVXg==",
        "Content-Type": "application/octet-stream",
        "Date": "Mon, 16 Oct 2023 08:53:13 GMT",
        "ETag": "\u00220x8DBCE25557D044F\u0022",
        "Last-Modified": "Mon, 16 Oct 2023 08:53:14 GMT",
        "Server": [
          "Windows-Azure-Blob/1.0",
          "Microsoft-HTTPAPI/2.0"
        ],
        "x-ms-blob-type": "BlockBlob",
        "x-ms-client-request-id": "1c7880d0-59cb-4133-94ad-b24a9f49be0d",
        "x-ms-creation-time": "Mon, 16 Oct 2023 08:53:14 GMT",
        "x-ms-is-current-version": "true",
        "x-ms-lease-state": "available",
        "x-ms-lease-status": "unlocked",
        "x-ms-request-id": "a35a6449-401e-006e-510e-00c60e000000",
        "x-ms-server-encrypted": "true",
        "x-ms-version": "2023-08-03",
        "x-ms-version-id": "2023-10-16T08:53:14.6425423Z"
      },
      "ResponseBody": "cmFuZG9tc3RyaW5nMTY5NzQ0NjM5Mzk2NjA0MDM5"
    },
    {
      "RequestUri": "https://fakestorageaccount.blob.core.windows.net/container169744639382104750?restype=container",
      "RequestMethod": "DELETE",
      "RequestHeaders": {
        "Accept": "application/xml",
        "Authorization": "Sanitized",
        "Connection": "keep-alive",
        "User-Agent": "azsdk-js-azure-storage-blob/12.20.0 core-rest-pipeline/1.12.2 Node/v18.16.0 OS/(x64-Windows_NT-10.0.22621)",
        "x-ms-client-request-id": "83613c77-635b-487b-b266-060c61110ff4",
        "x-ms-date": "Mon, 16 Oct 2023 08:53:14 GMT",
        "x-ms-version": "2023-08-03"
      },
      "RequestBody": null,
      "StatusCode": 202,
      "ResponseHeaders": {
        "Content-Length": "0",
        "Date": "Mon, 16 Oct 2023 08:53:14 GMT",
        "Server": [
          "Windows-Azure-Blob/1.0",
          "Microsoft-HTTPAPI/2.0"
        ],
        "x-ms-client-request-id": "83613c77-635b-487b-b266-060c61110ff4",
        "x-ms-request-id": "a35a6489-401e-006e-0b0e-00c60e000000",
        "x-ms-version": "2023-08-03"
      },
      "ResponseBody": null
    }
  ],
  "Variables": {
    "blob": "blob169744639396500359",
    "container": "container169744639382104750",
    "randomstring": "randomstring169744639396604039"
  }
}
