{
  "Entries": [
    {
      "RequestUri": "https://Sanitized.search.windows.net/synonymmaps?api-version=2024-09-01-Preview&$select=name",
      "RequestMethod": "GET",
      "RequestHeaders": {
        "Accept": "application/json;odata.metadata=minimal",
        "Accept-Encoding": "gzip,deflate",
        "Authorization": "Sanitized",
        "Connection": "keep-alive",
        "User-Agent": "azsdk-js-search-documents/12.2.0-beta.1 core-rest-pipeline/1.16.4 Node/18.19.1 OS/(x64-Linux-6.5.0-1025-azure)",
        "x-ms-client-request-id": "Sanitized"
      },
      "RequestBody": null,
      "StatusCode": 200,
      "ResponseHeaders": {
        "Content-Encoding": "gzip",
        "Content-Type": "application/json; odata.metadata=minimal; odata.streaming=true; charset=utf-8",
        "Date": "Thu, 19 Sep 2024 20:41:36 GMT",
        "elapsed-time": "11",
        "OData-Version": "4.0",
        "Preference-Applied": "odata.include-annotations=\"*\"",
        "request-id": "d8d3271d-1c2a-472d-b3c7-645597e22716",
        "Server": "Microsoft-IIS/10.0",
        "Strict-Transport-Security": [
          "max-age=2592000",
          "max-age=15724800; includeSubDomains"
        ],
        "Transfer-Encoding": "chunked",
        "Vary": "Accept-Encoding"
      },
      "ResponseBody": {
        "@odata.context": "https://subdomain.search.windows.net/$metadata#synonymmaps(name)",
        "value": []
      }
    },
    {
      "RequestUri": "https://Sanitized.search.windows.net/synonymmaps?api-version=2024-09-01-Preview",
      "RequestMethod": "POST",
      "RequestHeaders": {
        "Accept": "application/json;odata.metadata=minimal",
        "Accept-Encoding": "gzip,deflate",
        "Authorization": "Sanitized",
        "Connection": "keep-alive",
        "Content-Length": "121",
        "Content-Type": "application/json",
        "User-Agent": "azsdk-js-search-documents/12.2.0-beta.1 core-rest-pipeline/1.16.4 Node/18.19.1 OS/(x64-Linux-6.5.0-1025-azure)",
        "x-ms-client-request-id": "Sanitized"
      },
      "RequestBody": {
        "name": "Sanitized",
        "format": "solr",
        "synonyms": "United States, United States of America => USA\nWashington, Wash. => WA"
      },
      "StatusCode": 201,
      "ResponseHeaders": {
        "Content-Type": "application/json; odata.metadata=minimal; odata.streaming=true; charset=utf-8",
        "Date": "Thu, 19 Sep 2024 20:41:36 GMT",
        "elapsed-time": "26",
        "ETag": "\"0x8DCD8EB74CF1C5B\"",
        "Location": "https://subdomain.search.windows.net/synonymmaps('my-azure-synonymmap-1')?api-version=2024-09-01-Preview",
        "OData-Version": "4.0",
        "Preference-Applied": "odata.include-annotations=\"*\"",
        "request-id": "3af46d35-1457-4f28-990b-b825f4cc5086",
        "Server": "Microsoft-IIS/10.0",
        "Strict-Transport-Security": [
          "max-age=2592000",
          "max-age=15724800; includeSubDomains"
        ],
        "Transfer-Encoding": "chunked"
      },
      "ResponseBody": {
        "@odata.context": "https://subdomain.search.windows.net/$metadata#synonymmaps/$entity",
        "@odata.etag": "\"0x8DCD8EB74CF1C5B\"",
        "name": "Sanitized",
        "format": "solr",
        "synonyms": "United States, United States of America => USA\nWashington, Wash. => WA",
        "encryptionKey": null
      }
    },
    {
      "RequestUri": "https://Sanitized.search.windows.net/synonymmaps?api-version=2024-09-01-Preview",
      "RequestMethod": "POST",
      "RequestHeaders": {
        "Accept": "application/json;odata.metadata=minimal",
        "Accept-Encoding": "gzip,deflate",
        "Authorization": "Sanitized",
        "Connection": "keep-alive",
        "Content-Length": "121",
        "Content-Type": "application/json",
        "User-Agent": "azsdk-js-search-documents/12.2.0-beta.1 core-rest-pipeline/1.16.4 Node/18.19.1 OS/(x64-Linux-6.5.0-1025-azure)",
        "x-ms-client-request-id": "Sanitized"
      },
      "RequestBody": {
        "name": "Sanitized",
        "format": "solr",
        "synonyms": "United States, United States of America => USA\nWashington, Wash. => WA"
      },
      "StatusCode": 201,
      "ResponseHeaders": {
        "Content-Type": "application/json; odata.metadata=minimal; odata.streaming=true; charset=utf-8",
        "Date": "Thu, 19 Sep 2024 20:41:36 GMT",
        "elapsed-time": "27",
        "ETag": "\"0x8DCD8EB74D729A1\"",
        "Location": "https://subdomain.search.windows.net/synonymmaps('my-azure-synonymmap-2')?api-version=2024-09-01-Preview",
        "OData-Version": "4.0",
        "Preference-Applied": "odata.include-annotations=\"*\"",
        "request-id": "7b49daa2-e771-49d5-9713-7c1a9708f469",
        "Server": "Microsoft-IIS/10.0",
        "Strict-Transport-Security": [
          "max-age=2592000",
          "max-age=15724800; includeSubDomains"
        ],
        "Transfer-Encoding": "chunked"
      },
      "ResponseBody": {
        "@odata.context": "https://subdomain.search.windows.net/$metadata#synonymmaps/$entity",
        "@odata.etag": "\"0x8DCD8EB74D729A1\"",
        "name": "Sanitized",
        "format": "solr",
        "synonyms": "United States, United States of America => USA\nWashington, Wash. => WA",
        "encryptionKey": null
      }
    },
    {
      "RequestUri": "https://Sanitized.search.windows.net/indexes?api-version=2024-09-01-Preview",
      "RequestMethod": "POST",
      "RequestHeaders": {
        "Accept": "application/json;odata.metadata=minimal",
        "Accept-Encoding": "gzip,deflate",
        "Authorization": "Sanitized",
        "Connection": "keep-alive",
        "Content-Length": "695",
        "Content-Type": "application/json",
        "User-Agent": "azsdk-js-search-documents/12.2.0-beta.1 core-rest-pipeline/1.16.4 Node/18.19.1 OS/(x64-Linux-6.5.0-1025-azure)",
        "x-ms-client-request-id": "Sanitized"
      },
      "RequestBody": {
        "name": "Sanitized",
        "fields": [
          {
            "name": "Sanitized",
            "type": "Edm.String",
            "key": true,
            "searchable": false,
            "filterable": false,
            "sortable": false,
            "facetable": false
          },
          {
            "name": "Sanitized",
            "type": "Edm.Double",
            "searchable": false,
            "filterable": true,
            "sortable": true,
            "facetable": true
          },
          {
            "name": "Sanitized",
            "type": "Edm.String",
            "searchable": true,
            "filterable": false,
            "sortable": false,
            "facetable": false
          },
          {
            "name": "Sanitized",
            "type": "Edm.ComplexType",
            "fields": [
              {
                "name": "Sanitized",
                "type": "Collection(Edm.String)",
                "searchable": true,
                "filterable": false,
                "sortable": false,
                "facetable": false
              }
            ]
          },
          {
            "name": "Sanitized",
            "type": "Edm.Int32",
            "retrievable": false,
            "searchable": false,
            "filterable": false,
            "sortable": false,
            "facetable": false
          }
        ]
      },
      "StatusCode": 201,
      "ResponseHeaders": {
        "Content-Type": "application/json; odata.metadata=minimal; odata.streaming=true; charset=utf-8",
        "Date": "Thu, 19 Sep 2024 20:41:36 GMT",
        "elapsed-time": "691",
        "ETag": "\"0x8DCD8EB75415AD8\"",
        "Location": "https://subdomain.search.windows.net/indexes('hotel-live-test-1032470')?api-version=2024-09-01-Preview",
        "OData-Version": "4.0",
        "Preference-Applied": "odata.include-annotations=\"*\"",
        "request-id": "7b766271-3c7c-42d7-8354-5733bf4c9c83",
        "Server": "Microsoft-IIS/10.0",
        "Strict-Transport-Security": [
          "max-age=2592000",
          "max-age=15724800; includeSubDomains"
        ],
        "Transfer-Encoding": "chunked"
      },
      "ResponseBody": {
        "@odata.context": "https://subdomain.search.windows.net/$metadata#indexes/$entity",
        "@odata.etag": "\"0x8DCD8EB75415AD8\"",
        "name": "Sanitized",
        "defaultScoringProfile": null,
        "fields": [
          {
            "name": "Sanitized",
            "type": "Edm.String",
            "searchable": false,
            "filterable": false,
            "retrievable": true,
            "stored": true,
            "sortable": false,
            "facetable": false,
            "key": true,
            "indexAnalyzer": null,
            "searchAnalyzer": null,
            "analyzer": null,
            "normalizer": null,
            "dimensions": null,
            "vectorSearchProfile": null,
            "vectorEncoding": null,
            "synonymMaps": []
          },
          {
            "name": "Sanitized",
            "type": "Edm.Double",
            "searchable": false,
            "filterable": true,
            "retrievable": true,
            "stored": true,
            "sortable": true,
            "facetable": true,
            "key": false,
            "indexAnalyzer": null,
            "searchAnalyzer": null,
            "analyzer": null,
            "normalizer": null,
            "dimensions": null,
            "vectorSearchProfile": null,
            "vectorEncoding": null,
            "synonymMaps": []
          },
          {
            "name": "Sanitized",
            "type": "Edm.String",
            "searchable": true,
            "filterable": false,
            "retrievable": true,
            "stored": true,
            "sortable": false,
            "facetable": false,
            "key": false,
            "indexAnalyzer": null,
            "searchAnalyzer": null,
            "analyzer": null,
            "normalizer": null,
            "dimensions": null,
            "vectorSearchProfile": null,
            "vectorEncoding": null,
            "synonymMaps": []
          },
          {
            "name": "Sanitized",
            "type": "Edm.ComplexType",
            "fields": [
              {
                "name": "Sanitized",
                "type": "Collection(Edm.String)",
                "searchable": true,
                "filterable": false,
                "retrievable": true,
                "stored": true,
                "sortable": false,
                "facetable": false,
                "key": false,
                "indexAnalyzer": null,
                "searchAnalyzer": null,
                "analyzer": null,
                "normalizer": null,
                "dimensions": null,
                "vectorSearchProfile": null,
                "vectorEncoding": null,
                "synonymMaps": []
              }
            ]
          },
          {
            "name": "Sanitized",
            "type": "Edm.Int32",
            "searchable": false,
            "filterable": false,
            "retrievable": false,
            "stored": true,
            "sortable": false,
            "facetable": false,
            "key": false,
            "indexAnalyzer": null,
            "searchAnalyzer": null,
            "analyzer": null,
            "normalizer": null,
            "dimensions": null,
            "vectorSearchProfile": null,
            "vectorEncoding": null,
            "synonymMaps": []
          }
        ],
        "scoringProfiles": [],
        "corsOptions": null,
        "suggesters": [],
        "analyzers": [],
        "normalizers": [],
        "tokenizers": [],
        "tokenFilters": [],
        "charFilters": [],
        "encryptionKey": null,
        "similarity": {
          "@odata.type": "#Microsoft.Azure.Search.BM25Similarity",
          "k1": null,
          "b": null
        },
        "semantic": null,
        "vectorSearch": null
      }
    },
    {
      "RequestUri": "https://Sanitized.search.windows.net/indexes('garbxyz')?api-version=2024-09-01-Preview",
      "RequestMethod": "GET",
      "RequestHeaders": {
        "Accept": "application/json;odata.metadata=minimal",
        "Accept-Encoding": "gzip,deflate",
        "Authorization": "Sanitized",
        "Connection": "keep-alive",
        "User-Agent": "azsdk-js-search-documents/12.2.0-beta.1 core-rest-pipeline/1.16.4 Node/18.19.1 OS/(x64-Linux-6.5.0-1025-azure)",
        "x-ms-client-request-id": "Sanitized"
      },
      "RequestBody": null,
      "StatusCode": 404,
      "ResponseHeaders": {
        "Cache-Control": "no-store, no-cache",
        "Content-Language": "en",
        "Content-Length": "104",
        "Content-Type": "application/json; charset=utf-8",
        "Date": "Thu, 19 Sep 2024 20:41:41 GMT",
        "elapsed-time": "212",
        "Expires": "-1",
        "Pragma": "no-cache",
        "request-id": "fc47201e-6106-4857-a2bd-7e147895fc74",
        "Server": "Microsoft-IIS/10.0",
        "Strict-Transport-Security": "max-age=15724800; includeSubDomains"
      },
      "ResponseBody": {
        "error": {
          "code": "",
          "message": "No index with the name 'garbxyz' was found in the service 'subdomain'."
        }
      }
    },
    {
      "RequestUri": "https://Sanitized.search.windows.net/indexes('hotel-live-test-1032470')?api-version=2024-09-01-Preview",
      "RequestMethod": "DELETE",
      "RequestHeaders": {
        "Accept": "application/json;odata.metadata=minimal",
        "Accept-Encoding": "gzip,deflate",
        "Authorization": "Sanitized",
        "Connection": "keep-alive",
        "User-Agent": "azsdk-js-search-documents/12.2.0-beta.1 core-rest-pipeline/1.16.4 Node/18.19.1 OS/(x64-Linux-6.5.0-1025-azure)",
        "x-ms-client-request-id": "Sanitized"
      },
      "RequestBody": null,
      "StatusCode": 204,
      "ResponseHeaders": {
        "Date": "Thu, 19 Sep 2024 20:41:41 GMT",
        "elapsed-time": "313",
        "Preference-Applied": "odata.include-annotations=\"*\"",
        "request-id": "4758768c-d952-46b5-aa18-ff94426d3759",
        "Server": "Microsoft-IIS/10.0",
        "Strict-Transport-Security": [
          "max-age=2592000",
          "max-age=15724800; includeSubDomains"
        ]
      },
      "ResponseBody": null
    },
    {
      "RequestUri": "https://Sanitized.search.windows.net/synonymmaps('my-azure-synonymmap-1')?api-version=2024-09-01-Preview",
      "RequestMethod": "DELETE",
      "RequestHeaders": {
        "Accept": "application/json;odata.metadata=minimal",
        "Accept-Encoding": "gzip,deflate",
        "Authorization": "Sanitized",
        "Connection": "keep-alive",
        "User-Agent": "azsdk-js-search-documents/12.2.0-beta.1 core-rest-pipeline/1.16.4 Node/18.19.1 OS/(x64-Linux-6.5.0-1025-azure)",
        "x-ms-client-request-id": "Sanitized"
      },
      "RequestBody": null,
      "StatusCode": 204,
      "ResponseHeaders": {
        "Date": "Thu, 19 Sep 2024 20:41:46 GMT",
        "elapsed-time": "23",
        "Preference-Applied": "odata.include-annotations=\"*\"",
        "request-id": "74761d95-4de6-4613-9ac8-2759794c87c5",
        "Server": "Microsoft-IIS/10.0",
        "Strict-Transport-Security": [
          "max-age=2592000",
          "max-age=15724800; includeSubDomains"
        ]
      },
      "ResponseBody": null
    },
    {
      "RequestUri": "https://Sanitized.search.windows.net/synonymmaps('my-azure-synonymmap-2')?api-version=2024-09-01-Preview",
      "RequestMethod": "DELETE",
      "RequestHeaders": {
        "Accept": "application/json;odata.metadata=minimal",
        "Accept-Encoding": "gzip,deflate",
        "Authorization": "Sanitized",
        "Connection": "keep-alive",
        "User-Agent": "azsdk-js-search-documents/12.2.0-beta.1 core-rest-pipeline/1.16.4 Node/18.19.1 OS/(x64-Linux-6.5.0-1025-azure)",
        "x-ms-client-request-id": "Sanitized"
      },
      "RequestBody": null,
      "StatusCode": 204,
      "ResponseHeaders": {
        "Date": "Thu, 19 Sep 2024 20:41:46 GMT",
        "elapsed-time": "18",
        "Preference-Applied": "odata.include-annotations=\"*\"",
        "request-id": "afca16d0-11ed-429c-a1d1-9fd9a1a8a662",
        "Server": "Microsoft-IIS/10.0",
        "Strict-Transport-Security": [
          "max-age=2592000",
          "max-age=15724800; includeSubDomains"
        ]
      },
      "ResponseBody": null
    }
  ],
  "Variables": {
    "TEST_INDEX_NAME": "hotel-live-test-1032470"
  }
}
