{
  "Entries": [
    {
      "RequestUri": "https://sanitized.comminication.azure.com/routing/distributionPolicies/7DBC51A96D34F12ABE75C0582DEC38217FC1D5B582FC54DA28?api-version=2023-11-01",
      "RequestMethod": "PATCH",
      "RequestHeaders": {
        "Accept": "application/json",
        "Authorization": "Sanitized",
        "Content-Length": "208",
        "Content-Type": "application/merge-patch\u002Bjson",
        "traceparent": "00-647e88d0db0311b38dab8ce5353af4af-d0be9d39bb396672-00",
        "User-Agent": "azsdk-net-Communication.JobRouter/1.0.0-alpha.20231113.1 (.NET 7.0.13; Microsoft Windows 10.0.22621)",
        "x-ms-client-request-id": "eedcab7012b5d55bf77cbebb9cb20d48",
        "x-ms-content-sha256": "Sanitized",
        "x-ms-date": "Mon, 13 Nov 2023 17:33:47 GMT",
        "x-ms-return-client-request-id": "true"
      },
      "RequestBody": {
        "name": "LongestIdleDistributionPolicy7DBC51A96D34F12ABE75C0582DEC38217FC1D5B582FC54DA28",
        "offerExpiresAfterSeconds": 30,
        "mode": {
          "kind": "longestIdle",
          "minConcurrentOffers": 1,
          "maxConcurrentOffers": 1
        },
        "etag": ""
      },
      "StatusCode": 201,
      "ResponseHeaders": {
        "api-supported-versions": "2021-04-07-preview1, 2022-07-18-preview, 2023-08-25-preview, 2023-11-01",
        "Connection": "keep-alive",
        "Content-Type": "application/json; charset=utf-8",
        "Date": "Mon, 13 Nov 2023 17:33:47 GMT",
        "ETag": "\u0022a400058e-0000-0700-0000-65525dfb0000\u0022",
        "Last-Modified": "Mon, 13 Nov 2023 17:33:47 GMT",
        "Request-Context": "appId=",
        "trace-id": "647e88d0-db03-11b3-8dab-8ce5353af4af",
        "Transfer-Encoding": "chunked",
        "x-azure-ref": "20231113T173347Z-7d2xmtf8tp7v7a0vrc2abncqvg00000004k0000000007tys",
        "X-Cache": "CONFIG_NOCACHE"
      },
      "ResponseBody": {
        "id": "7DBC51A96D34F12ABE75C0582DEC38217FC1D5B582FC54DA28",
        "name": "LongestIdleDistributionPolicy7DBC51A96D34F12ABE75C0582DEC38217FC1D5B582FC54DA28",
        "offerExpiresAfterSeconds": 30,
        "mode": {
          "kind": "longestIdle",
          "minConcurrentOffers": 1,
          "maxConcurrentOffers": 1,
          "bypassSelectors": false
        },
        "etag": "\u0022a400058e-0000-0700-0000-65525dfb0000\u0022"
      }
    },
    {
      "RequestUri": "https://sanitized.comminication.azure.com/routing/queues/7DBC51A96D34F12ABE75C0582DEC38217FC1D5B582FC54DA28?api-version=2023-11-01",
      "RequestMethod": "PATCH",
      "RequestHeaders": {
        "Accept": "application/json",
        "Authorization": "Sanitized",
        "Content-Length": "200",
        "Content-Type": "application/merge-patch\u002Bjson",
        "traceparent": "00-9940ba915279c581a58e4eae99cca4b2-68308a2716b60de7-00",
        "User-Agent": "azsdk-net-Communication.JobRouter/1.0.0-alpha.20231113.1 (.NET 7.0.13; Microsoft Windows 10.0.22621)",
        "x-ms-client-request-id": "dcbe0f7338827761486da48f24da84b2",
        "x-ms-content-sha256": "Sanitized",
        "x-ms-date": "Mon, 13 Nov 2023 17:33:48 GMT",
        "x-ms-return-client-request-id": "true"
      },
      "RequestBody": {
        "name": "DefaultQueueWithLabels7DBC51A96D34F12ABE75C0582DEC38217FC1D5B582FC54DA28",
        "distributionPolicyId": "7DBC51A96D34F12ABE75C0582DEC38217FC1D5B582FC54DA28",
        "labels": {
          "Label_1": "Value_1"
        },
        "etag": ""
      },
      "StatusCode": 201,
      "ResponseHeaders": {
        "api-supported-versions": "2021-04-07-preview1, 2022-07-18-preview, 2023-08-25-preview, 2023-11-01",
        "Connection": "keep-alive",
        "Content-Type": "application/json; charset=utf-8",
        "Date": "Mon, 13 Nov 2023 17:33:47 GMT",
        "ETag": "\u00225902303b-0000-0700-0000-65525dfb0000\u0022",
        "Last-Modified": "Mon, 13 Nov 2023 17:33:47 GMT",
        "Request-Context": "appId=",
        "trace-id": "9940ba91-5279-c581-a58e-4eae99cca4b2",
        "Transfer-Encoding": "chunked",
        "x-azure-ref": "20231113T173347Z-7d2xmtf8tp7v7a0vrc2abncqvg00000004k0000000007u1m",
        "X-Cache": "CONFIG_NOCACHE"
      },
      "ResponseBody": {
        "id": "7DBC51A96D34F12ABE75C0582DEC38217FC1D5B582FC54DA28",
        "name": "DefaultQueueWithLabels7DBC51A96D34F12ABE75C0582DEC38217FC1D5B582FC54DA28",
        "distributionPolicyId": "7DBC51A96D34F12ABE75C0582DEC38217FC1D5B582FC54DA28",
        "labels": {
          "Label_1": "Value_1",
          "Id": "7DBC51A96D34F12ABE75C0582DEC38217FC1D5B582FC54DA28"
        },
        "etag": "\u00225902303b-0000-0700-0000-65525dfb0000\u0022"
      }
    },
    {
      "RequestUri": "https://sanitized.comminication.azure.com/routing/queues/7DBC51A96D34F12ABE75C0582DEC38217FC1D5B582FC54DA28?api-version=2023-11-01",
      "RequestMethod": "DELETE",
      "RequestHeaders": {
        "Accept": "application/json",
        "Authorization": "Sanitized",
        "traceparent": "00-c0e4c0d89531e397e066389f376967ed-05a1cb474b236868-00",
        "User-Agent": "azsdk-net-Communication.JobRouter/1.0.0-alpha.20231113.1 (.NET 7.0.13; Microsoft Windows 10.0.22621)",
        "x-ms-client-request-id": "7232173aa31034b807672c539eeba2db",
        "x-ms-content-sha256": "Sanitized",
        "x-ms-date": "Mon, 13 Nov 2023 17:33:53 GMT",
        "x-ms-return-client-request-id": "true"
      },
      "RequestBody": null,
      "StatusCode": 204,
      "ResponseHeaders": {
        "api-supported-versions": "2021-04-07-preview1, 2022-07-18-preview, 2023-08-25-preview, 2023-11-01",
        "Connection": "keep-alive",
        "Date": "Mon, 13 Nov 2023 17:33:51 GMT",
        "Request-Context": "appId=",
        "trace-id": "c0e4c0d8-9531-e397-e066-389f376967ed",
        "x-azure-ref": "20231113T173351Z-7d2xmtf8tp7v7a0vrc2abncqvg00000004k0000000007uuh",
        "X-Cache": "CONFIG_NOCACHE"
      },
      "ResponseBody": null
    }
  ],
  "Variables": {
    "COMMUNICATION_LIVETEST_DYNAMIC_CONNECTION_STRING": "endpoint=https://sanitized.communication.azure.com/;accesskey=Kg==",
    "id-prefix": "sdk-iMe-T7LEO0miCGDsgxDhwQ-",
    "RandomSeed": "445158088"
  }
}
