{
  "Entries": [
    {
      "RequestUri": "https://fakestorageaccount.file.core.windows.net/share171438209011104187?restype=share",
      "RequestMethod": "PUT",
      "RequestHeaders": {
        "Accept": "application/xml",
        "Authorization": "Sanitized",
        "Connection": "keep-alive",
        "Content-Length": "0",
        "User-Agent": "azsdk-js-azure-storage-blob/12.23.0-beta.2 core-rest-pipeline/1.15.3 Node/18.19.0 OS/(x64-Windows_NT-10.0.22631)",
        "x-ms-client-request-id": "78dd8fb1-085d-4a84-b5fb-9cb62f7ea903",
        "x-ms-date": "Mon, 29 Apr 2024 09:14:50 GMT",
        "x-ms-version": "2023-11-03"
      },
      "RequestBody": null,
      "StatusCode": 201,
      "ResponseHeaders": {
        "Content-Length": "0",
        "Date": "Mon, 29 Apr 2024 09:14:49 GMT",
        "ETag": "\"0x8DC682CD2ECA83E\"",
        "Last-Modified": "Mon, 29 Apr 2024 09:14:50 GMT",
        "Server": [
          "Windows-Azure-File/1.0",
          "Microsoft-HTTPAPI/2.0"
        ],
        "x-ms-client-request-id": "78dd8fb1-085d-4a84-b5fb-9cb62f7ea903",
        "x-ms-request-id": "886d187a-d01a-0043-0f15-9a757d000000",
        "x-ms-version": "2023-11-03"
      },
      "ResponseBody": null
    },
    {
      "RequestUri": "https://fakestorageaccount.file.core.windows.net/share171438209011104187/dir171438209021908455?restype=directory",
      "RequestMethod": "PUT",
      "RequestHeaders": {
        "Accept": "application/xml",
        "Authorization": "Sanitized",
        "Connection": "keep-alive",
        "Content-Length": "0",
        "User-Agent": "azsdk-js-azure-storage-blob/12.23.0-beta.2 core-rest-pipeline/1.15.3 Node/18.19.0 OS/(x64-Windows_NT-10.0.22631)",
        "x-ms-client-request-id": "c417be21-fa1f-4593-a413-35c6035c2f05",
        "x-ms-date": "Mon, 29 Apr 2024 09:14:50 GMT",
        "x-ms-file-attributes": "Directory",
        "x-ms-file-creation-time": "now",
        "x-ms-file-last-write-time": "now",
        "x-ms-file-permission": "inherit",
        "x-ms-version": "2023-11-03"
      },
      "RequestBody": null,
      "StatusCode": 201,
      "ResponseHeaders": {
        "Content-Length": "0",
        "Date": "Mon, 29 Apr 2024 09:14:49 GMT",
        "ETag": "\"0x8DC682CD2FDD383\"",
        "Last-Modified": "Mon, 29 Apr 2024 09:14:50 GMT",
        "Server": [
          "Windows-Azure-File/1.0",
          "Microsoft-HTTPAPI/2.0"
        ],
        "x-ms-client-request-id": "c417be21-fa1f-4593-a413-35c6035c2f05",
        "x-ms-file-attributes": "Directory",
        "x-ms-file-change-time": "2024-04-29T09:14:50.7467651Z",
        "x-ms-file-creation-time": "2024-04-29T09:14:50.7467651Z",
        "x-ms-file-id": "13835128424026341376",
        "x-ms-file-last-write-time": "2024-04-29T09:14:50.7467651Z",
        "x-ms-file-parent-id": "0",
        "x-ms-file-permission-key": "9255856626508002348*16764736045797335973",
        "x-ms-request-id": "886d187c-d01a-0043-1015-9a757d000000",
        "x-ms-request-server-encrypted": "true",
        "x-ms-version": "2023-11-03"
      },
      "ResponseBody": null
    },
    {
      "RequestUri": "https://fakestorageaccount.file.core.windows.net/share171438209011104187?restype=share",
      "RequestMethod": "DELETE",
      "RequestHeaders": {
        "Accept": "application/xml",
        "Authorization": "Sanitized",
        "Connection": "keep-alive",
        "User-Agent": "azsdk-js-azure-storage-blob/12.23.0-beta.2 core-rest-pipeline/1.15.3 Node/18.19.0 OS/(x64-Windows_NT-10.0.22631)",
        "x-ms-client-request-id": "9af4662d-6ce0-4cb1-938a-aa03fbfdbc70",
        "x-ms-date": "Mon, 29 Apr 2024 09:14:50 GMT",
        "x-ms-version": "2023-11-03"
      },
      "RequestBody": null,
      "StatusCode": 202,
      "ResponseHeaders": {
        "Content-Length": "0",
        "Date": "Mon, 29 Apr 2024 09:14:50 GMT",
        "Server": [
          "Windows-Azure-File/1.0",
          "Microsoft-HTTPAPI/2.0"
        ],
        "x-ms-client-request-id": "9af4662d-6ce0-4cb1-938a-aa03fbfdbc70",
        "x-ms-request-id": "886d187d-d01a-0043-1115-9a757d000000",
        "x-ms-version": "2023-11-03"
      },
      "ResponseBody": null
    }
  ],
  "Variables": {
    "dir": "dir171438209021908455",
    "file": "file171438209033101634",
    "share": "share171438209011104187"
  }
}
