{
  "Entries": [
    {
      "RequestUri": "https://management.azure.com/subscriptions/c3e77514-7d11-426f-83ca-88c20971594c?api-version=2022-12-01",
      "RequestMethod": "GET",
      "RequestHeaders": {
        "Accept": "application/json",
        "Authorization": "Sanitized",
        "traceparent": "00-659dc75c7806e99ab12ba49e147760a5-056074e9d2579df0-00",
        "User-Agent": "azsdk-net-ResourceManager/1.13.0 (.NET 8.0.13; Microsoft Windows 10.0.26100)",
        "x-ms-client-request-id": "Sanitized",
        "x-ms-return-client-request-id": "true"
      },
      "RequestBody": null,
      "StatusCode": 200,
      "ResponseHeaders": {
        "Cache-Control": "no-cache",
        "Content-Length": "396",
        "Content-Type": "application/json; charset=utf-8",
        "Date": "Mon, 24 Feb 2025 14:24:44 GMT",
        "Expires": "-1",
        "Pragma": "no-cache",
        "Strict-Transport-Security": "max-age=31536000; includeSubDomains",
        "X-Cache": "CONFIG_NOCACHE",
        "X-Content-Type-Options": "nosniff",
        "x-ms-correlation-request-id": "88462c07-6110-40ac-a80e-76adf8494830",
        "x-ms-ratelimit-remaining-subscription-global-reads": "16499",
        "x-ms-ratelimit-remaining-subscription-reads": "1099",
        "x-ms-request-id": "88462c07-6110-40ac-a80e-76adf8494830",
        "x-ms-routing-request-id": "UKSOUTH:20250224T142444Z:88462c07-6110-40ac-a80e-76adf8494830",
        "X-MSEdge-Ref": "Ref A: 95E5490F443C4DF783F69787258D196B Ref B: AMS231032609021 Ref C: 2025-02-24T14:24:44Z"
      },
      "ResponseBody": {
        "id": "/subscriptions/c3e77514-7d11-426f-83ca-88c20971594c",
        "authorizationSource": "RoleBased",
        "managedByTenants": [],
        "subscriptionId": "c3e77514-7d11-426f-83ca-88c20971594c",
        "tenantId": "00000000-0000-0000-0000-000000000000",
        "displayName": "DP-Renzo-DevTest",
        "state": "Enabled",
        "subscriptionPolicies": {
          "locationPlacementId": "Internal_2014-09-01",
          "quotaId": "Internal_2014-09-01",
          "spendingLimit": "Off"
        }
      }
    },
    {
      "RequestUri": "https://management.azure.com/subscriptions/c3e77514-7d11-426f-83ca-88c20971594c/resourcegroups/sdk-test-rg30126857?api-version=2022-09-01",
      "RequestMethod": "PUT",
      "RequestHeaders": {
        "Accept": "application/json",
        "Authorization": "Sanitized",
        "Content-Length": "22",
        "Content-Type": "application/json",
        "traceparent": "00-e38c575d09d62c16be9d6dc9bedd0ed9-60ed456e93987377-00",
        "User-Agent": "azsdk-net-ResourceManager/1.13.0 (.NET 8.0.13; Microsoft Windows 10.0.26100)",
        "x-ms-client-request-id": "Sanitized",
        "x-ms-return-client-request-id": "true"
      },
      "RequestBody": {
        "location": "uksouth"
      },
      "StatusCode": 201,
      "ResponseHeaders": {
        "Cache-Control": "no-cache",
        "Content-Length": "236",
        "Content-Type": "application/json; charset=utf-8",
        "Date": "Mon, 24 Feb 2025 14:24:44 GMT",
        "Expires": "-1",
        "Pragma": "no-cache",
        "Strict-Transport-Security": "max-age=31536000; includeSubDomains",
        "X-Cache": "CONFIG_NOCACHE",
        "X-Content-Type-Options": "nosniff",
        "x-ms-correlation-request-id": "07029e43-718e-4c2d-a9b1-e3927a294abc",
        "x-ms-ratelimit-remaining-subscription-global-writes": "11999",
        "x-ms-ratelimit-remaining-subscription-writes": "799",
        "x-ms-request-id": "07029e43-718e-4c2d-a9b1-e3927a294abc",
        "x-ms-routing-request-id": "UKSOUTH:20250224T142445Z:07029e43-718e-4c2d-a9b1-e3927a294abc",
        "X-MSEdge-Ref": "Ref A: 3E93063F97CC43B08E7C3D082C7D8A4E Ref B: AMS231032609021 Ref C: 2025-02-24T14:24:44Z"
      },
      "ResponseBody": {
        "id": "/subscriptions/c3e77514-7d11-426f-83ca-88c20971594c/resourceGroups/sdk-test-rg30126857",
        "name": "sdk-test-rg30126857",
        "type": "Microsoft.Resources/resourceGroups",
        "location": "uksouth",
        "properties": {
          "provisioningState": "Succeeded"
        }
      }
    },
    {
      "RequestUri": "https://management.azure.com/subscriptions/c3e77514-7d11-426f-83ca-88c20971594c/resourceGroups/sdk-test-rg30126857/providers/Microsoft.DatabaseFleetManager/fleets/fleet1499?api-version=2025-02-01-preview",
      "RequestMethod": "PUT",
      "RequestHeaders": {
        "Accept": "application/json",
        "Authorization": "Sanitized",
        "Content-Length": "38",
        "Content-Type": "application/json",
        "traceparent": "00-5711637abd71c69d8a2286e8f69b8c6c-d20d40fe172229cd-00",
        "User-Agent": "azsdk-net-ResourceManager.DatabaseFleetManager/1.0.0-alpha.20250224.1 (.NET 8.0.13; Microsoft Windows 10.0.26100)",
        "x-ms-client-request-id": "Sanitized",
        "x-ms-return-client-request-id": "true"
      },
      "RequestBody": {
        "location": "uksouth",
        "properties": {}
      },
      "StatusCode": 201,
      "ResponseHeaders": {
        "Azure-AsyncOperation": "https://management.azure.com/subscriptions/c3e77514-7d11-426f-83ca-88c20971594c/providers/Microsoft.DatabaseFleetManager/locations/uksouth/operationTypes/UpsertFleet/operationStatuses/a2b6b2c6-fab8-41b7-bdf3-7b579cbaf32b?api-version=2025-02-01-preview",
        "Cache-Control": "no-cache",
        "Content-Length": "288",
        "Content-Type": "application/json; charset=utf-8",
        "Date": "Mon, 24 Feb 2025 14:24:45 GMT",
        "Expires": "-1",
        "Pragma": "no-cache",
        "Strict-Transport-Security": "max-age=31536000; includeSubDomains",
        "X-Cache": "CONFIG_NOCACHE",
        "X-Content-Type-Options": "nosniff",
        "x-ms-correlation-request-id": "0edbe906-01ab-4037-bd11-7258aec13673",
        "x-ms-ratelimit-remaining-subscription-global-writes": "11999",
        "x-ms-ratelimit-remaining-subscription-writes": "799",
        "x-ms-request-id": "0edbe906-01ab-4037-bd11-7258aec13673",
        "x-ms-routing-request-id": "UKSOUTH:20250224T142445Z:0edbe906-01ab-4037-bd11-7258aec13673",
        "X-MSEdge-Ref": "Ref A: 5A29C902FFAA40DC9081444C9882EBB9 Ref B: AMS231032609021 Ref C: 2025-02-24T14:24:45Z"
      },
      "ResponseBody": {
        "properties": {
          "provisioningState": "Succeeded"
        },
        "location": "UK South",
        "id": "/subscriptions/c3e77514-7d11-426f-83ca-88c20971594c/resourceGroups/sdk-test-rg30126857/providers/Microsoft.DatabaseFleetManager/fleets/fleet1499",
        "name": "fleet1499",
        "type": "Microsoft.DatabaseFleetManager/fleets"
      }
    },
    {
      "RequestUri": "https://management.azure.com/subscriptions/c3e77514-7d11-426f-83ca-88c20971594c/providers/Microsoft.DatabaseFleetManager/locations/uksouth/operationTypes/UpsertFleet/operationStatuses/a2b6b2c6-fab8-41b7-bdf3-7b579cbaf32b?api-version=2025-02-01-preview",
      "RequestMethod": "GET",
      "RequestHeaders": {
        "Authorization": "Sanitized",
        "traceparent": "00-5711637abd71c69d8a2286e8f69b8c6c-a464840699204213-00",
        "User-Agent": "azsdk-net-ResourceManager/1.13.0 (.NET 8.0.13; Microsoft Windows 10.0.26100)",
        "x-ms-client-request-id": "Sanitized",
        "x-ms-return-client-request-id": "true"
      },
      "RequestBody": null,
      "StatusCode": 200,
      "ResponseHeaders": {
        "Azure-AsyncOperation": "https://management.azure.com/subscriptions/c3e77514-7d11-426f-83ca-88c20971594c/providers/Microsoft.DatabaseFleetManager/locations/uksouth/operationTypes/UpsertFleet/operationStatuses/a2b6b2c6-fab8-41b7-bdf3-7b579cbaf32b?api-version=2025-02-01-preview",
        "Cache-Control": "no-cache",
        "Content-Length": "306",
        "Content-Type": "application/json; charset=utf-8",
        "Date": "Mon, 24 Feb 2025 14:24:45 GMT",
        "Expires": "-1",
        "Pragma": "no-cache",
        "Retry-After": "10",
        "Strict-Transport-Security": "max-age=31536000; includeSubDomains",
        "X-Cache": "CONFIG_NOCACHE",
        "X-Content-Type-Options": "nosniff",
        "x-ms-correlation-request-id": "a1f19c97-2e89-4a28-b160-cc1d8e563b4a",
        "x-ms-ratelimit-remaining-subscription-global-reads": "16498",
        "x-ms-ratelimit-remaining-subscription-reads": "1098",
        "x-ms-request-id": "a1f19c97-2e89-4a28-b160-cc1d8e563b4a",
        "x-ms-routing-request-id": "UKSOUTH:20250224T142446Z:a1f19c97-2e89-4a28-b160-cc1d8e563b4a",
        "X-MSEdge-Ref": "Ref A: 22E58A2FA63B428FBF5C4883BEE5A744 Ref B: AMS231032609021 Ref C: 2025-02-24T14:24:45Z"
      },
      "ResponseBody": {
        "id": "/subscriptions/c3e77514-7d11-426f-83ca-88c20971594c/providers/Microsoft.DatabaseFleetManager/locations/uksouth/operationTypes/UpsertFleet/operationStatuses/a2b6b2c6-fab8-41b7-bdf3-7b579cbaf32b",
        "name": "a2b6b2c6-fab8-41b7-bdf3-7b579cbaf32b",
        "status": "Succeeded",
        "startTime": "2025-02-24T14:24:45.76Z"
      }
    },
    {
      "RequestUri": "https://management.azure.com/subscriptions/c3e77514-7d11-426f-83ca-88c20971594c/resourceGroups/sdk-test-rg30126857/providers/Microsoft.DatabaseFleetManager/fleets/fleet1499?api-version=2025-02-01-preview",
      "RequestMethod": "GET",
      "RequestHeaders": {
        "Authorization": "Sanitized",
        "traceparent": "00-5711637abd71c69d8a2286e8f69b8c6c-da6b4266b44ecb71-00",
        "User-Agent": "azsdk-net-ResourceManager/1.13.0 (.NET 8.0.13; Microsoft Windows 10.0.26100)",
        "x-ms-client-request-id": "Sanitized",
        "x-ms-return-client-request-id": "true"
      },
      "RequestBody": null,
      "StatusCode": 200,
      "ResponseHeaders": {
        "Cache-Control": "no-cache",
        "Content-Length": "288",
        "Content-Type": "application/json; charset=utf-8",
        "Date": "Mon, 24 Feb 2025 14:24:45 GMT",
        "Expires": "-1",
        "Pragma": "no-cache",
        "Strict-Transport-Security": "max-age=31536000; includeSubDomains",
        "X-Cache": "CONFIG_NOCACHE",
        "X-Content-Type-Options": "nosniff",
        "x-ms-correlation-request-id": "ffb4e140-90f6-4159-8d66-237afa4073fd",
        "x-ms-ratelimit-remaining-subscription-global-reads": "16499",
        "x-ms-ratelimit-remaining-subscription-reads": "1099",
        "x-ms-request-id": "ffb4e140-90f6-4159-8d66-237afa4073fd",
        "x-ms-routing-request-id": "UKSOUTH:20250224T142446Z:ffb4e140-90f6-4159-8d66-237afa4073fd",
        "X-MSEdge-Ref": "Ref A: 9F1BD55466FD4A7EA0A0C93510420276 Ref B: AMS231032609021 Ref C: 2025-02-24T14:24:46Z"
      },
      "ResponseBody": {
        "properties": {
          "provisioningState": "Succeeded"
        },
        "location": "UK South",
        "id": "/subscriptions/c3e77514-7d11-426f-83ca-88c20971594c/resourceGroups/sdk-test-rg30126857/providers/Microsoft.DatabaseFleetManager/fleets/fleet1499",
        "name": "fleet1499",
        "type": "Microsoft.DatabaseFleetManager/fleets"
      }
    },
    {
      "RequestUri": "https://management.azure.com/subscriptions/c3e77514-7d11-426f-83ca-88c20971594c/resourceGroups/sdk-test-rg30126857/providers/Microsoft.DatabaseFleetManager/fleets/fleet1499?api-version=2025-02-01-preview",
      "RequestMethod": "GET",
      "RequestHeaders": {
        "Accept": "application/json",
        "Authorization": "Sanitized",
        "traceparent": "00-610e052d4b9f23b12c4db24522185a72-756298d85d1c0b9c-00",
        "User-Agent": "azsdk-net-ResourceManager.DatabaseFleetManager/1.0.0-alpha.20250224.1 (.NET 8.0.13; Microsoft Windows 10.0.26100)",
        "x-ms-client-request-id": "Sanitized",
        "x-ms-return-client-request-id": "true"
      },
      "RequestBody": null,
      "StatusCode": 200,
      "ResponseHeaders": {
        "Cache-Control": "no-cache",
        "Content-Length": "288",
        "Content-Type": "application/json; charset=utf-8",
        "Date": "Mon, 24 Feb 2025 14:24:46 GMT",
        "Expires": "-1",
        "Pragma": "no-cache",
        "Strict-Transport-Security": "max-age=31536000; includeSubDomains",
        "X-Cache": "CONFIG_NOCACHE",
        "X-Content-Type-Options": "nosniff",
        "x-ms-correlation-request-id": "3064dc0b-b08a-45df-8de2-9793c49e5c9a",
        "x-ms-ratelimit-remaining-subscription-global-reads": "16499",
        "x-ms-ratelimit-remaining-subscription-reads": "1099",
        "x-ms-request-id": "3064dc0b-b08a-45df-8de2-9793c49e5c9a",
        "x-ms-routing-request-id": "UKSOUTH:20250224T142446Z:3064dc0b-b08a-45df-8de2-9793c49e5c9a",
        "X-MSEdge-Ref": "Ref A: 5BF30F87B1A34717A1F51903EBA4BD04 Ref B: AMS231032609021 Ref C: 2025-02-24T14:24:46Z"
      },
      "ResponseBody": {
        "properties": {
          "provisioningState": "Succeeded"
        },
        "location": "UK South",
        "id": "/subscriptions/c3e77514-7d11-426f-83ca-88c20971594c/resourceGroups/sdk-test-rg30126857/providers/Microsoft.DatabaseFleetManager/fleets/fleet1499",
        "name": "fleet1499",
        "type": "Microsoft.DatabaseFleetManager/fleets"
      }
    },
    {
      "RequestUri": "https://management.azure.com/subscriptions/c3e77514-7d11-426f-83ca-88c20971594c/resourceGroups/sdk-test-rg30126857/providers/Microsoft.DatabaseFleetManager/fleets/fleet1499/tiers/tier9716?api-version=2025-02-01-preview",
      "RequestMethod": "PUT",
      "RequestHeaders": {
        "Accept": "application/json",
        "Authorization": "Sanitized",
        "Content-Length": "164",
        "Content-Type": "application/json",
        "traceparent": "00-2778a620f1996e438a02ade661e4cf18-13a1f2c1cc3f6b1b-00",
        "User-Agent": "azsdk-net-ResourceManager.DatabaseFleetManager/1.0.0-alpha.20250224.1 (.NET 8.0.13; Microsoft Windows 10.0.26100)",
        "x-ms-client-request-id": "Sanitized",
        "x-ms-return-client-request-id": "true"
      },
      "RequestBody": {
        "properties": {
          "pooled": true,
          "serviceTier": "GeneralPurpose",
          "family": "Gen5",
          "capacity": 2,
          "poolNumOfDatabasesMax": 4,
          "databaseCapacityMin": 0,
          "databaseCapacityMax": 2
        }
      },
      "StatusCode": 201,
      "ResponseHeaders": {
        "Azure-AsyncOperation": "https://management.azure.com/subscriptions/c3e77514-7d11-426f-83ca-88c20971594c/providers/Microsoft.DatabaseFleetManager/locations/uksouth/operationTypes/UpdateFleet/operationStatuses/32cd94e5-e719-5374-56a2-e93001ba768f?api-version=2025-02-01-preview",
        "Cache-Control": "no-cache",
        "Content-Length": "501",
        "Content-Type": "application/json; charset=utf-8",
        "Date": "Mon, 24 Feb 2025 14:24:46 GMT",
        "Expires": "-1",
        "Pragma": "no-cache",
        "Strict-Transport-Security": "max-age=31536000; includeSubDomains",
        "X-Cache": "CONFIG_NOCACHE",
        "X-Content-Type-Options": "nosniff",
        "x-ms-correlation-request-id": "d8cb3785-6ef6-4fd3-83b7-f657a60f914f",
        "x-ms-ratelimit-remaining-subscription-global-writes": "11998",
        "x-ms-ratelimit-remaining-subscription-writes": "798",
        "x-ms-request-id": "d8cb3785-6ef6-4fd3-83b7-f657a60f914f",
        "x-ms-routing-request-id": "UKSOUTH:20250224T142446Z:d8cb3785-6ef6-4fd3-83b7-f657a60f914f",
        "X-MSEdge-Ref": "Ref A: E496439144114BB7B0BF9CB539A68A6F Ref B: AMS231032609021 Ref C: 2025-02-24T14:24:46Z"
      },
      "ResponseBody": {
        "properties": {
          "disabled": false,
          "serverless": false,
          "pooled": true,
          "serviceTier": "GeneralPurpose",
          "family": "Gen5",
          "capacity": 2,
          "poolNumOfDatabasesMax": 4,
          "databaseCapacityMin": 0.0,
          "databaseCapacityMax": 2.0,
          "provisioningState": "Accepted",
          "zoneRedundancy": "Disabled"
        },
        "id": "/subscriptions/c3e77514-7d11-426f-83ca-88c20971594c/resourceGroups/sdk-test-rg30126857/providers/Microsoft.DatabaseFleetManager/fleets/fleet1499/tiers/tier9716",
        "name": "tier9716",
        "type": "Microsoft.DatabaseFleetManager/fleets/tiers"
      }
    },
    {
      "RequestUri": "https://management.azure.com/subscriptions/c3e77514-7d11-426f-83ca-88c20971594c/providers/Microsoft.DatabaseFleetManager/locations/uksouth/operationTypes/UpdateFleet/operationStatuses/32cd94e5-e719-5374-56a2-e93001ba768f?api-version=2025-02-01-preview",
      "RequestMethod": "GET",
      "RequestHeaders": {
        "Authorization": "Sanitized",
        "traceparent": "00-2778a620f1996e438a02ade661e4cf18-3a6c5059e743db17-00",
        "User-Agent": "azsdk-net-ResourceManager/1.13.0 (.NET 8.0.13; Microsoft Windows 10.0.26100)",
        "x-ms-client-request-id": "Sanitized",
        "x-ms-return-client-request-id": "true"
      },
      "RequestBody": null,
      "StatusCode": 200,
      "ResponseHeaders": {
        "Azure-AsyncOperation": "https://management.azure.com/subscriptions/c3e77514-7d11-426f-83ca-88c20971594c/providers/Microsoft.DatabaseFleetManager/locations/uksouth/operationTypes/UpdateFleet/operationStatuses/32cd94e5-e719-5374-56a2-e93001ba768f?api-version=2025-02-01-preview",
        "Cache-Control": "no-cache",
        "Content-Length": "307",
        "Content-Type": "application/json; charset=utf-8",
        "Date": "Mon, 24 Feb 2025 14:24:46 GMT",
        "Expires": "-1",
        "Pragma": "no-cache",
        "Retry-After": "10",
        "Strict-Transport-Security": "max-age=31536000; includeSubDomains",
        "X-Cache": "CONFIG_NOCACHE",
        "X-Content-Type-Options": "nosniff",
        "x-ms-correlation-request-id": "941c9a5c-83df-4762-a421-3bb47e4eb4d7",
        "x-ms-ratelimit-remaining-subscription-global-reads": "16499",
        "x-ms-ratelimit-remaining-subscription-reads": "1099",
        "x-ms-request-id": "941c9a5c-83df-4762-a421-3bb47e4eb4d7",
        "x-ms-routing-request-id": "UKSOUTH:20250224T142446Z:941c9a5c-83df-4762-a421-3bb47e4eb4d7",
        "X-MSEdge-Ref": "Ref A: A8707C6C82A746088A45EC141D578DA0 Ref B: AMS231032609021 Ref C: 2025-02-24T14:24:46Z"
      },
      "ResponseBody": {
        "id": "/subscriptions/c3e77514-7d11-426f-83ca-88c20971594c/providers/Microsoft.DatabaseFleetManager/locations/uksouth/operationTypes/UpdateFleet/operationStatuses/32cd94e5-e719-5374-56a2-e93001ba768f",
        "name": "32cd94e5-e719-5374-56a2-e93001ba768f",
        "status": "Succeeded",
        "startTime": "2025-02-24T14:24:46.733Z"
      }
    },
    {
      "RequestUri": "https://management.azure.com/subscriptions/c3e77514-7d11-426f-83ca-88c20971594c/resourceGroups/sdk-test-rg30126857/providers/Microsoft.DatabaseFleetManager/fleets/fleet1499/tiers/tier9716?api-version=2025-02-01-preview",
      "RequestMethod": "GET",
      "RequestHeaders": {
        "Authorization": "Sanitized",
        "traceparent": "00-2778a620f1996e438a02ade661e4cf18-d6d037004f6834c5-00",
        "User-Agent": "azsdk-net-ResourceManager/1.13.0 (.NET 8.0.13; Microsoft Windows 10.0.26100)",
        "x-ms-client-request-id": "Sanitized",
        "x-ms-return-client-request-id": "true"
      },
      "RequestBody": null,
      "StatusCode": 200,
      "ResponseHeaders": {
        "Cache-Control": "no-cache",
        "Content-Length": "502",
        "Content-Type": "application/json; charset=utf-8",
        "Date": "Mon, 24 Feb 2025 14:24:46 GMT",
        "Expires": "-1",
        "Pragma": "no-cache",
        "Strict-Transport-Security": "max-age=31536000; includeSubDomains",
        "X-Cache": "CONFIG_NOCACHE",
        "X-Content-Type-Options": "nosniff",
        "x-ms-correlation-request-id": "280460c8-0099-4f3a-82c0-644074dd94bd",
        "x-ms-ratelimit-remaining-subscription-global-reads": "16497",
        "x-ms-ratelimit-remaining-subscription-reads": "1097",
        "x-ms-request-id": "280460c8-0099-4f3a-82c0-644074dd94bd",
        "x-ms-routing-request-id": "UKSOUTH:20250224T142447Z:280460c8-0099-4f3a-82c0-644074dd94bd",
        "X-MSEdge-Ref": "Ref A: 02B54A3D0485404DA39CF1529030EC2C Ref B: AMS231032609021 Ref C: 2025-02-24T14:24:47Z"
      },
      "ResponseBody": {
        "properties": {
          "disabled": false,
          "serverless": false,
          "pooled": true,
          "serviceTier": "GeneralPurpose",
          "family": "Gen5",
          "capacity": 2,
          "poolNumOfDatabasesMax": 4,
          "databaseCapacityMin": 0.0,
          "databaseCapacityMax": 2.0,
          "provisioningState": "Succeeded",
          "zoneRedundancy": "Disabled"
        },
        "id": "/subscriptions/c3e77514-7d11-426f-83ca-88c20971594c/resourceGroups/sdk-test-rg30126857/providers/Microsoft.DatabaseFleetManager/fleets/fleet1499/tiers/tier9716",
        "name": "tier9716",
        "type": "Microsoft.DatabaseFleetManager/fleets/tiers"
      }
    },
    {
      "RequestUri": "https://management.azure.com/subscriptions/c3e77514-7d11-426f-83ca-88c20971594c/resourceGroups/sdk-test-rg30126857/providers/Microsoft.DatabaseFleetManager/fleets/fleet1499?api-version=2025-02-01-preview",
      "RequestMethod": "GET",
      "RequestHeaders": {
        "Accept": "application/json",
        "Authorization": "Sanitized",
        "traceparent": "00-00eb3bc42ab3cb96c4347005486c7e54-b0ba49852eabd8ca-00",
        "User-Agent": "azsdk-net-ResourceManager.DatabaseFleetManager/1.0.0-alpha.20250224.1 (.NET 8.0.13; Microsoft Windows 10.0.26100)",
        "x-ms-client-request-id": "Sanitized",
        "x-ms-return-client-request-id": "true"
      },
      "RequestBody": null,
      "StatusCode": 200,
      "ResponseHeaders": {
        "Cache-Control": "no-cache",
        "Content-Length": "288",
        "Content-Type": "application/json; charset=utf-8",
        "Date": "Mon, 24 Feb 2025 14:24:46 GMT",
        "Expires": "-1",
        "Pragma": "no-cache",
        "Strict-Transport-Security": "max-age=31536000; includeSubDomains",
        "X-Cache": "CONFIG_NOCACHE",
        "X-Content-Type-Options": "nosniff",
        "x-ms-correlation-request-id": "b1b48c5f-64b5-42a9-a2d1-efa047a95656",
        "x-ms-ratelimit-remaining-subscription-global-reads": "16499",
        "x-ms-ratelimit-remaining-subscription-reads": "1099",
        "x-ms-request-id": "b1b48c5f-64b5-42a9-a2d1-efa047a95656",
        "x-ms-routing-request-id": "UKSOUTH:20250224T142447Z:b1b48c5f-64b5-42a9-a2d1-efa047a95656",
        "X-MSEdge-Ref": "Ref A: C1AF3D46F87D4616800554B56A9CEB62 Ref B: AMS231032609021 Ref C: 2025-02-24T14:24:47Z"
      },
      "ResponseBody": {
        "properties": {
          "provisioningState": "Succeeded"
        },
        "location": "UK South",
        "id": "/subscriptions/c3e77514-7d11-426f-83ca-88c20971594c/resourceGroups/sdk-test-rg30126857/providers/Microsoft.DatabaseFleetManager/fleets/fleet1499",
        "name": "fleet1499",
        "type": "Microsoft.DatabaseFleetManager/fleets"
      }
    },
    {
      "RequestUri": "https://management.azure.com/subscriptions/c3e77514-7d11-426f-83ca-88c20971594c/resourceGroups/sdk-test-rg30126857/providers/Microsoft.DatabaseFleetManager/fleets/fleet1499/fleetspaces/fleetspace8911?api-version=2025-02-01-preview",
      "RequestMethod": "PUT",
      "RequestHeaders": {
        "Accept": "application/json",
        "Authorization": "Sanitized",
        "Content-Length": "262",
        "Content-Type": "application/json",
        "traceparent": "00-76956585afeb45413f99711b12521f41-af75d6d2734bdefa-00",
        "User-Agent": "azsdk-net-ResourceManager.DatabaseFleetManager/1.0.0-alpha.20250224.1 (.NET 8.0.13; Microsoft Windows 10.0.26100)",
        "x-ms-client-request-id": "Sanitized",
        "x-ms-return-client-request-id": "true"
      },
      "RequestBody": {
        "properties": {
          "capacityMax": 10,
          "mainPrincipal": {
            "login": "MyMainPrincipal",
            "applicationId": "00000000-0000-0000-0000-000000000000",
            "objectId": "00000000-0000-0000-0000-000000000002",
            "tenantId": "00000000-0000-0000-0000-000000000000",
            "principalType": "Application"
          }
        }
      },
      "StatusCode": 201,
      "ResponseHeaders": {
        "Azure-AsyncOperation": "https://management.azure.com/subscriptions/c3e77514-7d11-426f-83ca-88c20971594c/providers/Microsoft.DatabaseFleetManager/locations/uksouth/operationTypes/AllocateFleetspace/operationStatuses/005ad178-f164-2172-bd0a-fcdec44c699d?api-version=2025-02-01-preview",
        "Cache-Control": "no-cache",
        "Content-Length": "548",
        "Content-Type": "application/json; charset=utf-8",
        "Date": "Mon, 24 Feb 2025 14:24:47 GMT",
        "Expires": "-1",
        "Pragma": "no-cache",
        "Strict-Transport-Security": "max-age=31536000; includeSubDomains",
        "X-Cache": "CONFIG_NOCACHE",
        "X-Content-Type-Options": "nosniff",
        "x-ms-correlation-request-id": "a4675520-9ab8-4cc2-a214-0e46f5c11ce8",
        "x-ms-ratelimit-remaining-subscription-global-writes": "11999",
        "x-ms-ratelimit-remaining-subscription-writes": "799",
        "x-ms-request-id": "a4675520-9ab8-4cc2-a214-0e46f5c11ce8",
        "x-ms-routing-request-id": "UKSOUTH:20250224T142447Z:a4675520-9ab8-4cc2-a214-0e46f5c11ce8",
        "X-MSEdge-Ref": "Ref A: DB1AF44A2CE046A2AD429A53AFCF753C Ref B: AMS231032609021 Ref C: 2025-02-24T14:24:47Z"
      },
      "ResponseBody": {
        "properties": {
          "provisioningState": "Accepted",
          "capacityMax": 10,
          "mainPrincipal": {
            "login": "MyMainPrincipal",
            "applicationId": "00000000-0000-0000-0000-000000000000",
            "objectId": "00000000-0000-0000-0000-000000000002",
            "tenantId": "00000000-0000-0000-0000-000000000000",
            "principalType": "Application"
          }
        },
        "id": "/subscriptions/c3e77514-7d11-426f-83ca-88c20971594c/resourceGroups/sdk-test-rg30126857/providers/Microsoft.DatabaseFleetManager/fleets/fleet1499/fleetspaces/fleetspace8911",
        "name": "fleetspace8911",
        "type": "Microsoft.DatabaseFleetManager/fleetspaces"
      }
    },
    {
      "RequestUri": "https://management.azure.com/subscriptions/c3e77514-7d11-426f-83ca-88c20971594c/providers/Microsoft.DatabaseFleetManager/locations/uksouth/operationTypes/AllocateFleetspace/operationStatuses/005ad178-f164-2172-bd0a-fcdec44c699d?api-version=2025-02-01-preview",
      "RequestMethod": "GET",
      "RequestHeaders": {
        "Authorization": "Sanitized",
        "traceparent": "00-76956585afeb45413f99711b12521f41-95f50b30f5a5b394-00",
        "User-Agent": "azsdk-net-ResourceManager/1.13.0 (.NET 8.0.13; Microsoft Windows 10.0.26100)",
        "x-ms-client-request-id": "Sanitized",
        "x-ms-return-client-request-id": "true"
      },
      "RequestBody": null,
      "StatusCode": 200,
      "ResponseHeaders": {
        "Azure-AsyncOperation": "https://management.azure.com/subscriptions/c3e77514-7d11-426f-83ca-88c20971594c/providers/Microsoft.DatabaseFleetManager/locations/uksouth/operationTypes/AllocateFleetspace/operationStatuses/005ad178-f164-2172-bd0a-fcdec44c699d?api-version=2025-02-01-preview",
        "Cache-Control": "no-cache",
        "Content-Length": "314",
        "Content-Type": "application/json; charset=utf-8",
        "Date": "Mon, 24 Feb 2025 14:24:47 GMT",
        "Expires": "-1",
        "Pragma": "no-cache",
        "Retry-After": "10",
        "Strict-Transport-Security": "max-age=31536000; includeSubDomains",
        "X-Cache": "CONFIG_NOCACHE",
        "X-Content-Type-Options": "nosniff",
        "x-ms-correlation-request-id": "e2ee1cc9-870d-478a-9289-afadfb80d033",
        "x-ms-ratelimit-remaining-subscription-global-reads": "16499",
        "x-ms-ratelimit-remaining-subscription-reads": "1099",
        "x-ms-request-id": "e2ee1cc9-870d-478a-9289-afadfb80d033",
        "x-ms-routing-request-id": "UKSOUTH:20250224T142447Z:e2ee1cc9-870d-478a-9289-afadfb80d033",
        "X-MSEdge-Ref": "Ref A: 32BF10951BBE4711952AA25934B71B50 Ref B: AMS231032609021 Ref C: 2025-02-24T14:24:47Z"
      },
      "ResponseBody": {
        "id": "/subscriptions/c3e77514-7d11-426f-83ca-88c20971594c/providers/Microsoft.DatabaseFleetManager/locations/uksouth/operationTypes/AllocateFleetspace/operationStatuses/005ad178-f164-2172-bd0a-fcdec44c699d",
        "name": "005ad178-f164-2172-bd0a-fcdec44c699d",
        "status": "Succeeded",
        "startTime": "2025-02-24T14:24:47.543Z"
      }
    },
    {
      "RequestUri": "https://management.azure.com/subscriptions/c3e77514-7d11-426f-83ca-88c20971594c/resourceGroups/sdk-test-rg30126857/providers/Microsoft.DatabaseFleetManager/fleets/fleet1499/fleetspaces/fleetspace8911?api-version=2025-02-01-preview",
      "RequestMethod": "GET",
      "RequestHeaders": {
        "Authorization": "Sanitized",
        "traceparent": "00-76956585afeb45413f99711b12521f41-02bc5ca85bcadb27-00",
        "User-Agent": "azsdk-net-ResourceManager/1.13.0 (.NET 8.0.13; Microsoft Windows 10.0.26100)",
        "x-ms-client-request-id": "Sanitized",
        "x-ms-return-client-request-id": "true"
      },
      "RequestBody": null,
      "StatusCode": 200,
      "ResponseHeaders": {
        "Cache-Control": "no-cache",
        "Content-Length": "549",
        "Content-Type": "application/json; charset=utf-8",
        "Date": "Mon, 24 Feb 2025 14:24:47 GMT",
        "Expires": "-1",
        "Pragma": "no-cache",
        "Strict-Transport-Security": "max-age=31536000; includeSubDomains",
        "X-Cache": "CONFIG_NOCACHE",
        "X-Content-Type-Options": "nosniff",
        "x-ms-correlation-request-id": "ea685cb5-af04-48e8-aa90-dab5c55d1226",
        "x-ms-ratelimit-remaining-subscription-global-reads": "16499",
        "x-ms-ratelimit-remaining-subscription-reads": "1099",
        "x-ms-request-id": "ea685cb5-af04-48e8-aa90-dab5c55d1226",
        "x-ms-routing-request-id": "UKSOUTH:20250224T142448Z:ea685cb5-af04-48e8-aa90-dab5c55d1226",
        "X-MSEdge-Ref": "Ref A: E8DFD84D74D64A2883E93CD9741BFA02 Ref B: AMS231032609021 Ref C: 2025-02-24T14:24:47Z"
      },
      "ResponseBody": {
        "properties": {
          "provisioningState": "Succeeded",
          "capacityMax": 10,
          "mainPrincipal": {
            "login": "MyMainPrincipal",
            "applicationId": "00000000-0000-0000-0000-000000000000",
            "objectId": "00000000-0000-0000-0000-000000000002",
            "tenantId": "00000000-0000-0000-0000-000000000000",
            "principalType": "Application"
          }
        },
        "id": "/subscriptions/c3e77514-7d11-426f-83ca-88c20971594c/resourceGroups/sdk-test-rg30126857/providers/Microsoft.DatabaseFleetManager/fleets/fleet1499/fleetspaces/fleetspace8911",
        "name": "fleetspace8911",
        "type": "Microsoft.DatabaseFleetManager/fleetspaces"
      }
    },
    {
      "RequestUri": "https://management.azure.com/subscriptions/c3e77514-7d11-426f-83ca-88c20971594c/resourceGroups/sdk-test-rg30126857/providers/Microsoft.DatabaseFleetManager/fleets/fleet1499?api-version=2025-02-01-preview",
      "RequestMethod": "GET",
      "RequestHeaders": {
        "Accept": "application/json",
        "Authorization": "Sanitized",
        "traceparent": "00-3e96e3386c7aeef2454d7e73bc262bc6-8552b684c7d4f669-00",
        "User-Agent": "azsdk-net-ResourceManager.DatabaseFleetManager/1.0.0-alpha.20250224.1 (.NET 8.0.13; Microsoft Windows 10.0.26100)",
        "x-ms-client-request-id": "Sanitized",
        "x-ms-return-client-request-id": "true"
      },
      "RequestBody": null,
      "StatusCode": 200,
      "ResponseHeaders": {
        "Cache-Control": "no-cache",
        "Content-Length": "288",
        "Content-Type": "application/json; charset=utf-8",
        "Date": "Mon, 24 Feb 2025 14:24:47 GMT",
        "Expires": "-1",
        "Pragma": "no-cache",
        "Strict-Transport-Security": "max-age=31536000; includeSubDomains",
        "X-Cache": "CONFIG_NOCACHE",
        "X-Content-Type-Options": "nosniff",
        "x-ms-correlation-request-id": "a7f55c77-bb78-408a-b196-2366d87bfd83",
        "x-ms-ratelimit-remaining-subscription-global-reads": "16498",
        "x-ms-ratelimit-remaining-subscription-reads": "1098",
        "x-ms-request-id": "a7f55c77-bb78-408a-b196-2366d87bfd83",
        "x-ms-routing-request-id": "UKSOUTH:20250224T142448Z:a7f55c77-bb78-408a-b196-2366d87bfd83",
        "X-MSEdge-Ref": "Ref A: 587C468D0F1C442ABF3CFE683C8F740B Ref B: AMS231032609021 Ref C: 2025-02-24T14:24:48Z"
      },
      "ResponseBody": {
        "properties": {
          "provisioningState": "Succeeded"
        },
        "location": "UK South",
        "id": "/subscriptions/c3e77514-7d11-426f-83ca-88c20971594c/resourceGroups/sdk-test-rg30126857/providers/Microsoft.DatabaseFleetManager/fleets/fleet1499",
        "name": "fleet1499",
        "type": "Microsoft.DatabaseFleetManager/fleets"
      }
    },
    {
      "RequestUri": "https://management.azure.com/subscriptions/c3e77514-7d11-426f-83ca-88c20971594c/resourceGroups/sdk-test-rg30126857/providers/Microsoft.DatabaseFleetManager/fleets/fleet1499/fleetspaces/fleetspace8911?api-version=2025-02-01-preview",
      "RequestMethod": "GET",
      "RequestHeaders": {
        "Accept": "application/json",
        "Authorization": "Sanitized",
        "traceparent": "00-a4b5b6d379236efaff67224b04e6639d-8395065b153e7912-00",
        "User-Agent": "azsdk-net-ResourceManager.DatabaseFleetManager/1.0.0-alpha.20250224.1 (.NET 8.0.13; Microsoft Windows 10.0.26100)",
        "x-ms-client-request-id": "Sanitized",
        "x-ms-return-client-request-id": "true"
      },
      "RequestBody": null,
      "StatusCode": 200,
      "ResponseHeaders": {
        "Cache-Control": "no-cache",
        "Content-Length": "549",
        "Content-Type": "application/json; charset=utf-8",
        "Date": "Mon, 24 Feb 2025 14:24:47 GMT",
        "Expires": "-1",
        "Pragma": "no-cache",
        "Strict-Transport-Security": "max-age=31536000; includeSubDomains",
        "X-Cache": "CONFIG_NOCACHE",
        "X-Content-Type-Options": "nosniff",
        "x-ms-correlation-request-id": "459ac29a-6d95-4127-a4b6-8284b5193c3c",
        "x-ms-ratelimit-remaining-subscription-global-reads": "16499",
        "x-ms-ratelimit-remaining-subscription-reads": "1099",
        "x-ms-request-id": "459ac29a-6d95-4127-a4b6-8284b5193c3c",
        "x-ms-routing-request-id": "UKSOUTH:20250224T142448Z:459ac29a-6d95-4127-a4b6-8284b5193c3c",
        "X-MSEdge-Ref": "Ref A: 249B6535C29841AC9B1EDE2231E5FC6B Ref B: AMS231032609021 Ref C: 2025-02-24T14:24:48Z"
      },
      "ResponseBody": {
        "properties": {
          "provisioningState": "Succeeded",
          "capacityMax": 10,
          "mainPrincipal": {
            "login": "MyMainPrincipal",
            "applicationId": "00000000-0000-0000-0000-000000000000",
            "objectId": "00000000-0000-0000-0000-000000000002",
            "tenantId": "00000000-0000-0000-0000-000000000000",
            "principalType": "Application"
          }
        },
        "id": "/subscriptions/c3e77514-7d11-426f-83ca-88c20971594c/resourceGroups/sdk-test-rg30126857/providers/Microsoft.DatabaseFleetManager/fleets/fleet1499/fleetspaces/fleetspace8911",
        "name": "fleetspace8911",
        "type": "Microsoft.DatabaseFleetManager/fleetspaces"
      }
    },
    {
      "RequestUri": "https://management.azure.com/subscriptions/c3e77514-7d11-426f-83ca-88c20971594c/resourceGroups/sdk-test-rg30126857/providers/Microsoft.DatabaseFleetManager/fleets/fleet1499/fleetspaces/fleetspace8911/databases/db8408?api-version=2025-02-01-preview",
      "RequestMethod": "PUT",
      "RequestHeaders": {
        "Accept": "application/json",
        "Authorization": "Sanitized",
        "Content-Length": "61",
        "Content-Type": "application/json",
        "traceparent": "00-733552da14791ae277eb75e408f0c518-dadeedaacd9268ab-00",
        "User-Agent": "azsdk-net-ResourceManager.DatabaseFleetManager/1.0.0-alpha.20250224.1 (.NET 8.0.13; Microsoft Windows 10.0.26100)",
        "x-ms-client-request-id": "Sanitized",
        "x-ms-return-client-request-id": "true"
      },
      "RequestBody": {
        "properties": {
          "createMode": "Default",
          "tierName": "tier9716"
        }
      },
      "StatusCode": 201,
      "ResponseHeaders": {
        "Azure-AsyncOperation": "https://management.azure.com/subscriptions/c3e77514-7d11-426f-83ca-88c20971594c/providers/Microsoft.DatabaseFleetManager/locations/uksouth/operationTypes/CreateDatabase/operationStatuses/620e7af4-f91d-035e-b53e-4828d68e065d?api-version=2025-02-01-preview",
        "Cache-Control": "no-cache",
        "Content-Length": "500",
        "Content-Type": "application/json; charset=utf-8",
        "Date": "Mon, 24 Feb 2025 14:24:48 GMT",
        "Expires": "-1",
        "Pragma": "no-cache",
        "Strict-Transport-Security": "max-age=31536000; includeSubDomains",
        "X-Cache": "CONFIG_NOCACHE",
        "X-Content-Type-Options": "nosniff",
        "x-ms-correlation-request-id": "334ed429-c9c2-4131-830b-5dfc3e570cae",
        "x-ms-ratelimit-remaining-subscription-global-writes": "11999",
        "x-ms-ratelimit-remaining-subscription-writes": "799",
        "x-ms-request-id": "334ed429-c9c2-4131-830b-5dfc3e570cae",
        "x-ms-routing-request-id": "UKSOUTH:20250224T142448Z:334ed429-c9c2-4131-830b-5dfc3e570cae",
        "X-MSEdge-Ref": "Ref A: 045409472027417EAD06C7EFEC5D6B7C Ref B: AMS231032609021 Ref C: 2025-02-24T14:24:48Z"
      },
      "ResponseBody": {
        "properties": {
          "originalDatabaseId": "/subscriptions/c3e77514-7d11-426f-83ca-88c20971594c/resourceGroups/sdk-test-rg30126857/providers/Microsoft.Sql/servers//databases/db8408",
          "provisioningState": "InProgress",
          "tierName": "tier9716"
        },
        "id": "/subscriptions/c3e77514-7d11-426f-83ca-88c20971594c/resourceGroups/sdk-test-rg30126857/providers/Microsoft.DatabaseFleetManager/fleets/fleet1499/fleetspaces/fleetspace8911/databases/db8408",
        "name": "db8408",
        "type": "Microsoft.DatabaseFleetManager/fleets/databases"
      }
    },
    {
      "RequestUri": "https://management.azure.com/subscriptions/c3e77514-7d11-426f-83ca-88c20971594c/providers/Microsoft.DatabaseFleetManager/locations/uksouth/operationTypes/CreateDatabase/operationStatuses/620e7af4-f91d-035e-b53e-4828d68e065d?api-version=2025-02-01-preview",
      "RequestMethod": "GET",
      "RequestHeaders": {
        "Authorization": "Sanitized",
        "traceparent": "00-733552da14791ae277eb75e408f0c518-35ecffdac2ae7f74-00",
        "User-Agent": "azsdk-net-ResourceManager/1.13.0 (.NET 8.0.13; Microsoft Windows 10.0.26100)",
        "x-ms-client-request-id": "Sanitized",
        "x-ms-return-client-request-id": "true"
      },
      "RequestBody": null,
      "StatusCode": 200,
      "ResponseHeaders": {
        "Azure-AsyncOperation": "https://management.azure.com/subscriptions/c3e77514-7d11-426f-83ca-88c20971594c/providers/Microsoft.DatabaseFleetManager/locations/uksouth/operationTypes/CreateDatabase/operationStatuses/620e7af4-f91d-035e-b53e-4828d68e065d?api-version=2025-02-01-preview",
        "Cache-Control": "no-cache",
        "Content-Length": "308",
        "Content-Type": "application/json; charset=utf-8",
        "Date": "Mon, 24 Feb 2025 14:24:48 GMT",
        "Expires": "-1",
        "Pragma": "no-cache",
        "Retry-After": "10",
        "Strict-Transport-Security": "max-age=31536000; includeSubDomains",
        "X-Cache": "CONFIG_NOCACHE",
        "X-Content-Type-Options": "nosniff",
        "x-ms-correlation-request-id": "d02ea021-65fa-4c0b-8901-81f23ba59e09",
        "x-ms-ratelimit-remaining-subscription-global-reads": "16499",
        "x-ms-ratelimit-remaining-subscription-reads": "1099",
        "x-ms-request-id": "d02ea021-65fa-4c0b-8901-81f23ba59e09",
        "x-ms-routing-request-id": "UKSOUTH:20250224T142448Z:d02ea021-65fa-4c0b-8901-81f23ba59e09",
        "X-MSEdge-Ref": "Ref A: 2C6FEE5C592F41E7B67362F4DB06E625 Ref B: AMS231032609021 Ref C: 2025-02-24T14:24:48Z"
      },
      "ResponseBody": {
        "id": "/subscriptions/c3e77514-7d11-426f-83ca-88c20971594c/providers/Microsoft.DatabaseFleetManager/locations/uksouth/operationTypes/CreateDatabase/operationStatuses/620e7af4-f91d-035e-b53e-4828d68e065d",
        "name": "620e7af4-f91d-035e-b53e-4828d68e065d",
        "status": "Running",
        "startTime": "2025-02-24T14:24:48.687Z"
      }
    },
    {
      "RequestUri": "https://management.azure.com/subscriptions/c3e77514-7d11-426f-83ca-88c20971594c/providers/Microsoft.DatabaseFleetManager/locations/uksouth/operationTypes/CreateDatabase/operationStatuses/620e7af4-f91d-035e-b53e-4828d68e065d?api-version=2025-02-01-preview",
      "RequestMethod": "GET",
      "RequestHeaders": {
        "Authorization": "Sanitized",
        "traceparent": "00-733552da14791ae277eb75e408f0c518-36a3caa0edbfab24-00",
        "User-Agent": "azsdk-net-ResourceManager/1.13.0 (.NET 8.0.13; Microsoft Windows 10.0.26100)",
        "x-ms-client-request-id": "Sanitized",
        "x-ms-return-client-request-id": "true"
      },
      "RequestBody": null,
      "StatusCode": 200,
      "ResponseHeaders": {
        "Azure-AsyncOperation": "https://management.azure.com/subscriptions/c3e77514-7d11-426f-83ca-88c20971594c/providers/Microsoft.DatabaseFleetManager/locations/uksouth/operationTypes/CreateDatabase/operationStatuses/620e7af4-f91d-035e-b53e-4828d68e065d?api-version=2025-02-01-preview",
        "Cache-Control": "no-cache",
        "Content-Length": "308",
        "Content-Type": "application/json; charset=utf-8",
        "Date": "Mon, 24 Feb 2025 14:24:58 GMT",
        "Expires": "-1",
        "Pragma": "no-cache",
        "Retry-After": "10",
        "Strict-Transport-Security": "max-age=31536000; includeSubDomains",
        "X-Cache": "CONFIG_NOCACHE",
        "X-Content-Type-Options": "nosniff",
        "x-ms-correlation-request-id": "bbe3c3a1-935a-402f-ae9e-d35971ada3ed",
        "x-ms-ratelimit-remaining-subscription-global-reads": "16499",
        "x-ms-ratelimit-remaining-subscription-reads": "1099",
        "x-ms-request-id": "bbe3c3a1-935a-402f-ae9e-d35971ada3ed",
        "x-ms-routing-request-id": "UKSOUTH:20250224T142459Z:bbe3c3a1-935a-402f-ae9e-d35971ada3ed",
        "X-MSEdge-Ref": "Ref A: 9F82A7ECB08E4C4AA392E0C145422B16 Ref B: AMS231032609021 Ref C: 2025-02-24T14:24:59Z"
      },
      "ResponseBody": {
        "id": "/subscriptions/c3e77514-7d11-426f-83ca-88c20971594c/providers/Microsoft.DatabaseFleetManager/locations/uksouth/operationTypes/CreateDatabase/operationStatuses/620e7af4-f91d-035e-b53e-4828d68e065d",
        "name": "620e7af4-f91d-035e-b53e-4828d68e065d",
        "status": "Running",
        "startTime": "2025-02-24T14:24:48.687Z"
      }
    },
    {
      "RequestUri": "https://management.azure.com/subscriptions/c3e77514-7d11-426f-83ca-88c20971594c/providers/Microsoft.DatabaseFleetManager/locations/uksouth/operationTypes/CreateDatabase/operationStatuses/620e7af4-f91d-035e-b53e-4828d68e065d?api-version=2025-02-01-preview",
      "RequestMethod": "GET",
      "RequestHeaders": {
        "Authorization": "Sanitized",
        "traceparent": "00-733552da14791ae277eb75e408f0c518-4420a0c5fc7d7903-00",
        "User-Agent": "azsdk-net-ResourceManager/1.13.0 (.NET 8.0.13; Microsoft Windows 10.0.26100)",
        "x-ms-client-request-id": "Sanitized",
        "x-ms-return-client-request-id": "true"
      },
      "RequestBody": null,
      "StatusCode": 200,
      "ResponseHeaders": {
        "Azure-AsyncOperation": "https://management.azure.com/subscriptions/c3e77514-7d11-426f-83ca-88c20971594c/providers/Microsoft.DatabaseFleetManager/locations/uksouth/operationTypes/CreateDatabase/operationStatuses/620e7af4-f91d-035e-b53e-4828d68e065d?api-version=2025-02-01-preview",
        "Cache-Control": "no-cache",
        "Content-Length": "308",
        "Content-Type": "application/json; charset=utf-8",
        "Date": "Mon, 24 Feb 2025 14:25:08 GMT",
        "Expires": "-1",
        "Pragma": "no-cache",
        "Retry-After": "10",
        "Strict-Transport-Security": "max-age=31536000; includeSubDomains",
        "X-Cache": "CONFIG_NOCACHE",
        "X-Content-Type-Options": "nosniff",
        "x-ms-correlation-request-id": "b17bb526-67e3-483f-a0da-9a90c32c3f6f",
        "x-ms-ratelimit-remaining-subscription-global-reads": "16499",
        "x-ms-ratelimit-remaining-subscription-reads": "1099",
        "x-ms-request-id": "b17bb526-67e3-483f-a0da-9a90c32c3f6f",
        "x-ms-routing-request-id": "UKSOUTH:20250224T142509Z:b17bb526-67e3-483f-a0da-9a90c32c3f6f",
        "X-MSEdge-Ref": "Ref A: 11684308C6214BFE9C9C90884760CD48 Ref B: AMS231032609021 Ref C: 2025-02-24T14:25:09Z"
      },
      "ResponseBody": {
        "id": "/subscriptions/c3e77514-7d11-426f-83ca-88c20971594c/providers/Microsoft.DatabaseFleetManager/locations/uksouth/operationTypes/CreateDatabase/operationStatuses/620e7af4-f91d-035e-b53e-4828d68e065d",
        "name": "620e7af4-f91d-035e-b53e-4828d68e065d",
        "status": "Running",
        "startTime": "2025-02-24T14:24:48.687Z"
      }
    },
    {
      "RequestUri": "https://management.azure.com/subscriptions/c3e77514-7d11-426f-83ca-88c20971594c/providers/Microsoft.DatabaseFleetManager/locations/uksouth/operationTypes/CreateDatabase/operationStatuses/620e7af4-f91d-035e-b53e-4828d68e065d?api-version=2025-02-01-preview",
      "RequestMethod": "GET",
      "RequestHeaders": {
        "Authorization": "Sanitized",
        "traceparent": "00-733552da14791ae277eb75e408f0c518-89d7c97a28712bd1-00",
        "User-Agent": "azsdk-net-ResourceManager/1.13.0 (.NET 8.0.13; Microsoft Windows 10.0.26100)",
        "x-ms-client-request-id": "Sanitized",
        "x-ms-return-client-request-id": "true"
      },
      "RequestBody": null,
      "StatusCode": 200,
      "ResponseHeaders": {
        "Azure-AsyncOperation": "https://management.azure.com/subscriptions/c3e77514-7d11-426f-83ca-88c20971594c/providers/Microsoft.DatabaseFleetManager/locations/uksouth/operationTypes/CreateDatabase/operationStatuses/620e7af4-f91d-035e-b53e-4828d68e065d?api-version=2025-02-01-preview",
        "Cache-Control": "no-cache",
        "Content-Length": "308",
        "Content-Type": "application/json; charset=utf-8",
        "Date": "Mon, 24 Feb 2025 14:25:19 GMT",
        "Expires": "-1",
        "Pragma": "no-cache",
        "Retry-After": "10",
        "Strict-Transport-Security": "max-age=31536000; includeSubDomains",
        "X-Cache": "CONFIG_NOCACHE",
        "X-Content-Type-Options": "nosniff",
        "x-ms-correlation-request-id": "0ae23693-9efe-4d3c-8ea6-4cf8eef0e51d",
        "x-ms-ratelimit-remaining-subscription-global-reads": "16499",
        "x-ms-ratelimit-remaining-subscription-reads": "1099",
        "x-ms-request-id": "0ae23693-9efe-4d3c-8ea6-4cf8eef0e51d",
        "x-ms-routing-request-id": "UKSOUTH:20250224T142519Z:0ae23693-9efe-4d3c-8ea6-4cf8eef0e51d",
        "X-MSEdge-Ref": "Ref A: 85D9E61E127646BF8E52AC5950D149E7 Ref B: AMS231032609021 Ref C: 2025-02-24T14:25:19Z"
      },
      "ResponseBody": {
        "id": "/subscriptions/c3e77514-7d11-426f-83ca-88c20971594c/providers/Microsoft.DatabaseFleetManager/locations/uksouth/operationTypes/CreateDatabase/operationStatuses/620e7af4-f91d-035e-b53e-4828d68e065d",
        "name": "620e7af4-f91d-035e-b53e-4828d68e065d",
        "status": "Running",
        "startTime": "2025-02-24T14:24:48.687Z"
      }
    },
    {
      "RequestUri": "https://management.azure.com/subscriptions/c3e77514-7d11-426f-83ca-88c20971594c/providers/Microsoft.DatabaseFleetManager/locations/uksouth/operationTypes/CreateDatabase/operationStatuses/620e7af4-f91d-035e-b53e-4828d68e065d?api-version=2025-02-01-preview",
      "RequestMethod": "GET",
      "RequestHeaders": {
        "Authorization": "Sanitized",
        "traceparent": "00-733552da14791ae277eb75e408f0c518-2482e20e0bde7f23-00",
        "User-Agent": "azsdk-net-ResourceManager/1.13.0 (.NET 8.0.13; Microsoft Windows 10.0.26100)",
        "x-ms-client-request-id": "Sanitized",
        "x-ms-return-client-request-id": "true"
      },
      "RequestBody": null,
      "StatusCode": 200,
      "ResponseHeaders": {
        "Azure-AsyncOperation": "https://management.azure.com/subscriptions/c3e77514-7d11-426f-83ca-88c20971594c/providers/Microsoft.DatabaseFleetManager/locations/uksouth/operationTypes/CreateDatabase/operationStatuses/620e7af4-f91d-035e-b53e-4828d68e065d?api-version=2025-02-01-preview",
        "Cache-Control": "no-cache",
        "Content-Length": "308",
        "Content-Type": "application/json; charset=utf-8",
        "Date": "Mon, 24 Feb 2025 14:25:29 GMT",
        "Expires": "-1",
        "Pragma": "no-cache",
        "Retry-After": "10",
        "Strict-Transport-Security": "max-age=31536000; includeSubDomains",
        "X-Cache": "CONFIG_NOCACHE",
        "X-Content-Type-Options": "nosniff",
        "x-ms-correlation-request-id": "0a2bf2ee-bfb4-422d-93ce-4db2e782a83e",
        "x-ms-ratelimit-remaining-subscription-global-reads": "16499",
        "x-ms-ratelimit-remaining-subscription-reads": "1099",
        "x-ms-request-id": "0a2bf2ee-bfb4-422d-93ce-4db2e782a83e",
        "x-ms-routing-request-id": "UKSOUTH:20250224T142529Z:0a2bf2ee-bfb4-422d-93ce-4db2e782a83e",
        "X-MSEdge-Ref": "Ref A: 2E89EC010B224A9FB6A4AF0A76D1BEC3 Ref B: AMS231032609021 Ref C: 2025-02-24T14:25:29Z"
      },
      "ResponseBody": {
        "id": "/subscriptions/c3e77514-7d11-426f-83ca-88c20971594c/providers/Microsoft.DatabaseFleetManager/locations/uksouth/operationTypes/CreateDatabase/operationStatuses/620e7af4-f91d-035e-b53e-4828d68e065d",
        "name": "620e7af4-f91d-035e-b53e-4828d68e065d",
        "status": "Running",
        "startTime": "2025-02-24T14:24:48.687Z"
      }
    },
    {
      "RequestUri": "https://management.azure.com/subscriptions/c3e77514-7d11-426f-83ca-88c20971594c/providers/Microsoft.DatabaseFleetManager/locations/uksouth/operationTypes/CreateDatabase/operationStatuses/620e7af4-f91d-035e-b53e-4828d68e065d?api-version=2025-02-01-preview",
      "RequestMethod": "GET",
      "RequestHeaders": {
        "Authorization": "Sanitized",
        "traceparent": "00-733552da14791ae277eb75e408f0c518-e09dc45b1b63d9aa-00",
        "User-Agent": "azsdk-net-ResourceManager/1.13.0 (.NET 8.0.13; Microsoft Windows 10.0.26100)",
        "x-ms-client-request-id": "Sanitized",
        "x-ms-return-client-request-id": "true"
      },
      "RequestBody": null,
      "StatusCode": 200,
      "ResponseHeaders": {
        "Azure-AsyncOperation": "https://management.azure.com/subscriptions/c3e77514-7d11-426f-83ca-88c20971594c/providers/Microsoft.DatabaseFleetManager/locations/uksouth/operationTypes/CreateDatabase/operationStatuses/620e7af4-f91d-035e-b53e-4828d68e065d?api-version=2025-02-01-preview",
        "Cache-Control": "no-cache",
        "Content-Length": "308",
        "Content-Type": "application/json; charset=utf-8",
        "Date": "Mon, 24 Feb 2025 14:25:39 GMT",
        "Expires": "-1",
        "Pragma": "no-cache",
        "Retry-After": "10",
        "Strict-Transport-Security": "max-age=31536000; includeSubDomains",
        "X-Cache": "CONFIG_NOCACHE",
        "X-Content-Type-Options": "nosniff",
        "x-ms-correlation-request-id": "e3e572da-662a-4db1-b948-45adf1781cde",
        "x-ms-ratelimit-remaining-subscription-global-reads": "16499",
        "x-ms-ratelimit-remaining-subscription-reads": "1099",
        "x-ms-request-id": "e3e572da-662a-4db1-b948-45adf1781cde",
        "x-ms-routing-request-id": "UKSOUTH:20250224T142539Z:e3e572da-662a-4db1-b948-45adf1781cde",
        "X-MSEdge-Ref": "Ref A: B9D4D7DBFA8E40E386BAFFEF4A0D2863 Ref B: AMS231032609021 Ref C: 2025-02-24T14:25:39Z"
      },
      "ResponseBody": {
        "id": "/subscriptions/c3e77514-7d11-426f-83ca-88c20971594c/providers/Microsoft.DatabaseFleetManager/locations/uksouth/operationTypes/CreateDatabase/operationStatuses/620e7af4-f91d-035e-b53e-4828d68e065d",
        "name": "620e7af4-f91d-035e-b53e-4828d68e065d",
        "status": "Running",
        "startTime": "2025-02-24T14:24:48.687Z"
      }
    },
    {
      "RequestUri": "https://management.azure.com/subscriptions/c3e77514-7d11-426f-83ca-88c20971594c/providers/Microsoft.DatabaseFleetManager/locations/uksouth/operationTypes/CreateDatabase/operationStatuses/620e7af4-f91d-035e-b53e-4828d68e065d?api-version=2025-02-01-preview",
      "RequestMethod": "GET",
      "RequestHeaders": {
        "Authorization": "Sanitized",
        "traceparent": "00-733552da14791ae277eb75e408f0c518-3d7013966cec8329-00",
        "User-Agent": "azsdk-net-ResourceManager/1.13.0 (.NET 8.0.13; Microsoft Windows 10.0.26100)",
        "x-ms-client-request-id": "Sanitized",
        "x-ms-return-client-request-id": "true"
      },
      "RequestBody": null,
      "StatusCode": 200,
      "ResponseHeaders": {
        "Azure-AsyncOperation": "https://management.azure.com/subscriptions/c3e77514-7d11-426f-83ca-88c20971594c/providers/Microsoft.DatabaseFleetManager/locations/uksouth/operationTypes/CreateDatabase/operationStatuses/620e7af4-f91d-035e-b53e-4828d68e065d?api-version=2025-02-01-preview",
        "Cache-Control": "no-cache",
        "Content-Length": "308",
        "Content-Type": "application/json; charset=utf-8",
        "Date": "Mon, 24 Feb 2025 14:25:49 GMT",
        "Expires": "-1",
        "Pragma": "no-cache",
        "Retry-After": "10",
        "Strict-Transport-Security": "max-age=31536000; includeSubDomains",
        "X-Cache": "CONFIG_NOCACHE",
        "X-Content-Type-Options": "nosniff",
        "x-ms-correlation-request-id": "c8466f75-343e-4c1e-8633-69edda1b2e38",
        "x-ms-ratelimit-remaining-subscription-global-reads": "16499",
        "x-ms-ratelimit-remaining-subscription-reads": "1099",
        "x-ms-request-id": "c8466f75-343e-4c1e-8633-69edda1b2e38",
        "x-ms-routing-request-id": "UKSOUTH:20250224T142549Z:c8466f75-343e-4c1e-8633-69edda1b2e38",
        "X-MSEdge-Ref": "Ref A: 825B5F22BBF54300A7145AD1C9A03A4C Ref B: AMS231032609021 Ref C: 2025-02-24T14:25:49Z"
      },
      "ResponseBody": {
        "id": "/subscriptions/c3e77514-7d11-426f-83ca-88c20971594c/providers/Microsoft.DatabaseFleetManager/locations/uksouth/operationTypes/CreateDatabase/operationStatuses/620e7af4-f91d-035e-b53e-4828d68e065d",
        "name": "620e7af4-f91d-035e-b53e-4828d68e065d",
        "status": "Running",
        "startTime": "2025-02-24T14:24:48.687Z"
      }
    },
    {
      "RequestUri": "https://management.azure.com/subscriptions/c3e77514-7d11-426f-83ca-88c20971594c/providers/Microsoft.DatabaseFleetManager/locations/uksouth/operationTypes/CreateDatabase/operationStatuses/620e7af4-f91d-035e-b53e-4828d68e065d?api-version=2025-02-01-preview",
      "RequestMethod": "GET",
      "RequestHeaders": {
        "Authorization": "Sanitized",
        "traceparent": "00-733552da14791ae277eb75e408f0c518-dbc413e83cb9496b-00",
        "User-Agent": "azsdk-net-ResourceManager/1.13.0 (.NET 8.0.13; Microsoft Windows 10.0.26100)",
        "x-ms-client-request-id": "Sanitized",
        "x-ms-return-client-request-id": "true"
      },
      "RequestBody": null,
      "StatusCode": 200,
      "ResponseHeaders": {
        "Azure-AsyncOperation": "https://management.azure.com/subscriptions/c3e77514-7d11-426f-83ca-88c20971594c/providers/Microsoft.DatabaseFleetManager/locations/uksouth/operationTypes/CreateDatabase/operationStatuses/620e7af4-f91d-035e-b53e-4828d68e065d?api-version=2025-02-01-preview",
        "Cache-Control": "no-cache",
        "Content-Length": "308",
        "Content-Type": "application/json; charset=utf-8",
        "Date": "Mon, 24 Feb 2025 14:26:05 GMT",
        "Expires": "-1",
        "Pragma": "no-cache",
        "Retry-After": "10",
        "Strict-Transport-Security": "max-age=31536000; includeSubDomains",
        "X-Cache": "CONFIG_NOCACHE",
        "X-Content-Type-Options": "nosniff",
        "x-ms-correlation-request-id": "7f12f5e7-a6a7-4683-a089-829a1532ae69",
        "x-ms-ratelimit-remaining-subscription-global-reads": "16499",
        "x-ms-ratelimit-remaining-subscription-reads": "1099",
        "x-ms-request-id": "7f12f5e7-a6a7-4683-a089-829a1532ae69",
        "x-ms-routing-request-id": "UKSOUTH:20250224T142606Z:7f12f5e7-a6a7-4683-a089-829a1532ae69",
        "X-MSEdge-Ref": "Ref A: 6CFC0F2D556745E6852F38AFDC97AA97 Ref B: AMS231032609021 Ref C: 2025-02-24T14:26:06Z"
      },
      "ResponseBody": {
        "id": "/subscriptions/c3e77514-7d11-426f-83ca-88c20971594c/providers/Microsoft.DatabaseFleetManager/locations/uksouth/operationTypes/CreateDatabase/operationStatuses/620e7af4-f91d-035e-b53e-4828d68e065d",
        "name": "620e7af4-f91d-035e-b53e-4828d68e065d",
        "status": "Running",
        "startTime": "2025-02-24T14:24:48.687Z"
      }
    },
    {
      "RequestUri": "https://management.azure.com/subscriptions/c3e77514-7d11-426f-83ca-88c20971594c/providers/Microsoft.DatabaseFleetManager/locations/uksouth/operationTypes/CreateDatabase/operationStatuses/620e7af4-f91d-035e-b53e-4828d68e065d?api-version=2025-02-01-preview",
      "RequestMethod": "GET",
      "RequestHeaders": {
        "Authorization": "Sanitized",
        "traceparent": "00-733552da14791ae277eb75e408f0c518-3fa6403650b0ea0c-00",
        "User-Agent": "azsdk-net-ResourceManager/1.13.0 (.NET 8.0.13; Microsoft Windows 10.0.26100)",
        "x-ms-client-request-id": "Sanitized",
        "x-ms-return-client-request-id": "true"
      },
      "RequestBody": null,
      "StatusCode": 200,
      "ResponseHeaders": {
        "Azure-AsyncOperation": "https://management.azure.com/subscriptions/c3e77514-7d11-426f-83ca-88c20971594c/providers/Microsoft.DatabaseFleetManager/locations/uksouth/operationTypes/CreateDatabase/operationStatuses/620e7af4-f91d-035e-b53e-4828d68e065d?api-version=2025-02-01-preview",
        "Cache-Control": "no-cache",
        "Content-Length": "308",
        "Content-Type": "application/json; charset=utf-8",
        "Date": "Mon, 24 Feb 2025 14:26:37 GMT",
        "Expires": "-1",
        "Pragma": "no-cache",
        "Retry-After": "10",
        "Strict-Transport-Security": "max-age=31536000; includeSubDomains",
        "X-Cache": "CONFIG_NOCACHE",
        "X-Content-Type-Options": "nosniff",
        "x-ms-correlation-request-id": "7d6ad954-f65a-4977-9c2b-91f478bdfb3e",
        "x-ms-ratelimit-remaining-subscription-global-reads": "16499",
        "x-ms-ratelimit-remaining-subscription-reads": "1099",
        "x-ms-request-id": "7d6ad954-f65a-4977-9c2b-91f478bdfb3e",
        "x-ms-routing-request-id": "UKSOUTH:20250224T142638Z:7d6ad954-f65a-4977-9c2b-91f478bdfb3e",
        "X-MSEdge-Ref": "Ref A: 9EF516E3413D4A538683B0E1E91CCF39 Ref B: AMS231032609021 Ref C: 2025-02-24T14:26:38Z"
      },
      "ResponseBody": {
        "id": "/subscriptions/c3e77514-7d11-426f-83ca-88c20971594c/providers/Microsoft.DatabaseFleetManager/locations/uksouth/operationTypes/CreateDatabase/operationStatuses/620e7af4-f91d-035e-b53e-4828d68e065d",
        "name": "620e7af4-f91d-035e-b53e-4828d68e065d",
        "status": "Running",
        "startTime": "2025-02-24T14:24:48.687Z"
      }
    },
    {
      "RequestUri": "https://management.azure.com/subscriptions/c3e77514-7d11-426f-83ca-88c20971594c/providers/Microsoft.DatabaseFleetManager/locations/uksouth/operationTypes/CreateDatabase/operationStatuses/620e7af4-f91d-035e-b53e-4828d68e065d?api-version=2025-02-01-preview",
      "RequestMethod": "GET",
      "RequestHeaders": {
        "Authorization": "Sanitized",
        "traceparent": "00-733552da14791ae277eb75e408f0c518-a077d14b097a5c17-00",
        "User-Agent": "azsdk-net-ResourceManager/1.13.0 (.NET 8.0.13; Microsoft Windows 10.0.26100)",
        "x-ms-client-request-id": "Sanitized",
        "x-ms-return-client-request-id": "true"
      },
      "RequestBody": null,
      "StatusCode": 200,
      "ResponseHeaders": {
        "Azure-AsyncOperation": "https://management.azure.com/subscriptions/c3e77514-7d11-426f-83ca-88c20971594c/providers/Microsoft.DatabaseFleetManager/locations/uksouth/operationTypes/CreateDatabase/operationStatuses/620e7af4-f91d-035e-b53e-4828d68e065d?api-version=2025-02-01-preview",
        "Cache-Control": "no-cache",
        "Content-Length": "308",
        "Content-Type": "application/json; charset=utf-8",
        "Date": "Mon, 24 Feb 2025 14:27:09 GMT",
        "Expires": "-1",
        "Pragma": "no-cache",
        "Retry-After": "10",
        "Strict-Transport-Security": "max-age=31536000; includeSubDomains",
        "X-Cache": "CONFIG_NOCACHE",
        "X-Content-Type-Options": "nosniff",
        "x-ms-correlation-request-id": "d9371910-badf-484a-8e1a-13f878d5de98",
        "x-ms-ratelimit-remaining-subscription-global-reads": "16499",
        "x-ms-ratelimit-remaining-subscription-reads": "1099",
        "x-ms-request-id": "d9371910-badf-484a-8e1a-13f878d5de98",
        "x-ms-routing-request-id": "UKSOUTH:20250224T142710Z:d9371910-badf-484a-8e1a-13f878d5de98",
        "X-MSEdge-Ref": "Ref A: 4F138EA59CC847D598D8CE9013B8281B Ref B: AMS231032609021 Ref C: 2025-02-24T14:27:10Z"
      },
      "ResponseBody": {
        "id": "/subscriptions/c3e77514-7d11-426f-83ca-88c20971594c/providers/Microsoft.DatabaseFleetManager/locations/uksouth/operationTypes/CreateDatabase/operationStatuses/620e7af4-f91d-035e-b53e-4828d68e065d",
        "name": "620e7af4-f91d-035e-b53e-4828d68e065d",
        "status": "Running",
        "startTime": "2025-02-24T14:24:48.687Z"
      }
    },
    {
      "RequestUri": "https://management.azure.com/subscriptions/c3e77514-7d11-426f-83ca-88c20971594c/providers/Microsoft.DatabaseFleetManager/locations/uksouth/operationTypes/CreateDatabase/operationStatuses/620e7af4-f91d-035e-b53e-4828d68e065d?api-version=2025-02-01-preview",
      "RequestMethod": "GET",
      "RequestHeaders": {
        "Authorization": "Sanitized",
        "traceparent": "00-733552da14791ae277eb75e408f0c518-8cbf123ef87fac99-00",
        "User-Agent": "azsdk-net-ResourceManager/1.13.0 (.NET 8.0.13; Microsoft Windows 10.0.26100)",
        "x-ms-client-request-id": "Sanitized",
        "x-ms-return-client-request-id": "true"
      },
      "RequestBody": null,
      "StatusCode": 200,
      "ResponseHeaders": {
        "Azure-AsyncOperation": "https://management.azure.com/subscriptions/c3e77514-7d11-426f-83ca-88c20971594c/providers/Microsoft.DatabaseFleetManager/locations/uksouth/operationTypes/CreateDatabase/operationStatuses/620e7af4-f91d-035e-b53e-4828d68e065d?api-version=2025-02-01-preview",
        "Cache-Control": "no-cache",
        "Content-Length": "310",
        "Content-Type": "application/json; charset=utf-8",
        "Date": "Mon, 24 Feb 2025 14:27:42 GMT",
        "Expires": "-1",
        "Pragma": "no-cache",
        "Retry-After": "10",
        "Strict-Transport-Security": "max-age=31536000; includeSubDomains",
        "X-Cache": "CONFIG_NOCACHE",
        "X-Content-Type-Options": "nosniff",
        "x-ms-correlation-request-id": "949fd40f-c183-4e99-8197-4b365dc84bbf",
        "x-ms-ratelimit-remaining-subscription-global-reads": "16499",
        "x-ms-ratelimit-remaining-subscription-reads": "1099",
        "x-ms-request-id": "949fd40f-c183-4e99-8197-4b365dc84bbf",
        "x-ms-routing-request-id": "UKSOUTH:20250224T142742Z:949fd40f-c183-4e99-8197-4b365dc84bbf",
        "X-MSEdge-Ref": "Ref A: 3FF4763AE66045E58B82AE453EF6225C Ref B: AMS231032609021 Ref C: 2025-02-24T14:27:42Z"
      },
      "ResponseBody": {
        "id": "/subscriptions/c3e77514-7d11-426f-83ca-88c20971594c/providers/Microsoft.DatabaseFleetManager/locations/uksouth/operationTypes/CreateDatabase/operationStatuses/620e7af4-f91d-035e-b53e-4828d68e065d",
        "name": "620e7af4-f91d-035e-b53e-4828d68e065d",
        "status": "Succeeded",
        "startTime": "2025-02-24T14:24:48.687Z"
      }
    },
    {
      "RequestUri": "https://management.azure.com/subscriptions/c3e77514-7d11-426f-83ca-88c20971594c/resourceGroups/sdk-test-rg30126857/providers/Microsoft.DatabaseFleetManager/fleets/fleet1499/fleetspaces/fleetspace8911/databases/db8408?api-version=2025-02-01-preview",
      "RequestMethod": "GET",
      "RequestHeaders": {
        "Authorization": "Sanitized",
        "traceparent": "00-733552da14791ae277eb75e408f0c518-69975e987b524e0f-00",
        "User-Agent": "azsdk-net-ResourceManager/1.13.0 (.NET 8.0.13; Microsoft Windows 10.0.26100)",
        "x-ms-client-request-id": "Sanitized",
        "x-ms-return-client-request-id": "true"
      },
      "RequestBody": null,
      "StatusCode": 200,
      "ResponseHeaders": {
        "Cache-Control": "no-cache",
        "Content-Length": "719",
        "Content-Type": "application/json; charset=utf-8",
        "Date": "Mon, 24 Feb 2025 14:27:42 GMT",
        "Expires": "-1",
        "Pragma": "no-cache",
        "Strict-Transport-Security": "max-age=31536000; includeSubDomains",
        "X-Cache": "CONFIG_NOCACHE",
        "X-Content-Type-Options": "nosniff",
        "x-ms-correlation-request-id": "e1859931-3c79-4331-87fe-bd15c6e51a5d",
        "x-ms-ratelimit-remaining-subscription-global-reads": "16499",
        "x-ms-ratelimit-remaining-subscription-reads": "1099",
        "x-ms-request-id": "e1859931-3c79-4331-87fe-bd15c6e51a5d",
        "x-ms-routing-request-id": "UKSOUTH:20250224T142743Z:e1859931-3c79-4331-87fe-bd15c6e51a5d",
        "X-MSEdge-Ref": "Ref A: 15F5177162BD4CB38091E1C5939D3401 Ref B: AMS231032609021 Ref C: 2025-02-24T14:27:42Z"
      },
      "ResponseBody": {
        "properties": {
          "originalDatabaseId": "/subscriptions/c3e77514-7d11-426f-83ca-88c20971594c/resourceGroups/fleet-rg-076c43c3-3e4e-4934-9d3f-5ed0975ed23f-uksouth-1881138085/providers/Microsoft.Sql/servers/fleet-srv-076c43c3-3e4e-4934-9d3f-5ed0975ed23f-4772da50afe2/databases/db8408",
          "provisioningState": "Succeeded",
          "tierName": "tier9716",
          "connectionString": "Sanitized",
          "backupRetentionDays": 7,
          "resourceTags": {},
          "collation": "SQL_Latin1_General_CP1_CI_AS"
        },
        "id": "/subscriptions/c3e77514-7d11-426f-83ca-88c20971594c/resourceGroups/sdk-test-rg30126857/providers/Microsoft.DatabaseFleetManager/fleets/fleet1499/fleetspaces/fleetspace8911/databases/db8408",
        "name": "db8408",
        "type": "Microsoft.DatabaseFleetManager/fleets/databases"
      }
    },
    {
      "RequestUri": "https://management.azure.com/subscriptions/c3e77514-7d11-426f-83ca-88c20971594c/resourceGroups/sdk-test-rg30126857/providers/Microsoft.DatabaseFleetManager/fleets/fleet1499/fleetspaces/fleetspace8911/databases/db8408?api-version=2025-02-01-preview",
      "RequestMethod": "PATCH",
      "RequestHeaders": {
        "Accept": "application/json",
        "Authorization": "Sanitized",
        "Content-Length": "118",
        "Content-Type": "application/json",
        "traceparent": "00-103aa36ea1a4c401ce00c6fa34c0746b-67f69f9b83803e8a-00",
        "User-Agent": "azsdk-net-ResourceManager.DatabaseFleetManager/1.0.0-alpha.20250224.1 (.NET 8.0.13; Microsoft Windows 10.0.26100)",
        "x-ms-client-request-id": "Sanitized",
        "x-ms-return-client-request-id": "true"
      },
      "RequestBody": {
        "properties": {
          "tierName": "tier9716",
          "resourceTags": {
            "testTag": "testing"
          },
          "collation": "SQL_Latin1_General_CP1_CI_AS"
        }
      },
      "StatusCode": 202,
      "ResponseHeaders": {
        "Azure-AsyncOperation": "https://management.azure.com/subscriptions/c3e77514-7d11-426f-83ca-88c20971594c/providers/Microsoft.DatabaseFleetManager/locations/uksouth/operationTypes/UpdateDatabase/operationStatuses/d2fb84c7-c93a-4ba1-b33a-293516c31331?api-version=2025-02-01-preview",
        "Cache-Control": "no-cache",
        "Content-Length": "0",
        "Date": "Mon, 24 Feb 2025 14:27:43 GMT",
        "Expires": "-1",
        "Location": "https://management.azure.com/subscriptions/c3e77514-7d11-426f-83ca-88c20971594c/providers/Microsoft.DatabaseFleetManager/locations/uksouth/operationTypes/UpdateDatabase/operationResults/d2fb84c7-c93a-4ba1-b33a-293516c31331?api-version=2025-02-01-preview",
        "Pragma": "no-cache",
        "Strict-Transport-Security": "max-age=31536000; includeSubDomains",
        "X-Cache": "CONFIG_NOCACHE",
        "X-Content-Type-Options": "nosniff",
        "x-ms-correlation-request-id": "62442ca9-4421-4a34-9c1b-352ee1aee744",
        "x-ms-ratelimit-remaining-subscription-global-writes": "11999",
        "x-ms-ratelimit-remaining-subscription-writes": "799",
        "x-ms-request-id": "62442ca9-4421-4a34-9c1b-352ee1aee744",
        "x-ms-routing-request-id": "UKSOUTH:20250224T142743Z:62442ca9-4421-4a34-9c1b-352ee1aee744",
        "X-MSEdge-Ref": "Ref A: 9F08AA9EEA384FFCBA86A8073DD6AA17 Ref B: AMS231032609021 Ref C: 2025-02-24T14:27:43Z"
      },
      "ResponseBody": null
    },
    {
      "RequestUri": "https://management.azure.com/subscriptions/c3e77514-7d11-426f-83ca-88c20971594c/providers/Microsoft.DatabaseFleetManager/locations/uksouth/operationTypes/UpdateDatabase/operationStatuses/d2fb84c7-c93a-4ba1-b33a-293516c31331?api-version=2025-02-01-preview",
      "RequestMethod": "GET",
      "RequestHeaders": {
        "Authorization": "Sanitized",
        "traceparent": "00-103aa36ea1a4c401ce00c6fa34c0746b-d7f0dfc0e107fd82-00",
        "User-Agent": "azsdk-net-ResourceManager/1.13.0 (.NET 8.0.13; Microsoft Windows 10.0.26100)",
        "x-ms-client-request-id": "Sanitized",
        "x-ms-return-client-request-id": "true"
      },
      "RequestBody": null,
      "StatusCode": 200,
      "ResponseHeaders": {
        "Azure-AsyncOperation": "https://management.azure.com/subscriptions/c3e77514-7d11-426f-83ca-88c20971594c/providers/Microsoft.DatabaseFleetManager/locations/uksouth/operationTypes/UpdateDatabase/operationStatuses/d2fb84c7-c93a-4ba1-b33a-293516c31331?api-version=2025-02-01-preview",
        "Cache-Control": "no-cache",
        "Content-Length": "312",
        "Content-Type": "application/json; charset=utf-8",
        "Date": "Mon, 24 Feb 2025 14:27:43 GMT",
        "Expires": "-1",
        "Pragma": "no-cache",
        "Retry-After": "10",
        "Strict-Transport-Security": "max-age=31536000; includeSubDomains",
        "X-Cache": "CONFIG_NOCACHE",
        "X-Content-Type-Options": "nosniff",
        "x-ms-correlation-request-id": "5a4faa21-7763-43bb-a464-ad0a5413265e",
        "x-ms-ratelimit-remaining-subscription-global-reads": "16499",
        "x-ms-ratelimit-remaining-subscription-reads": "1099",
        "x-ms-request-id": "5a4faa21-7763-43bb-a464-ad0a5413265e",
        "x-ms-routing-request-id": "UKSOUTH:20250224T142743Z:5a4faa21-7763-43bb-a464-ad0a5413265e",
        "X-MSEdge-Ref": "Ref A: D6C34BB2620C450EB0DC3B86A4453D94 Ref B: AMS231032609021 Ref C: 2025-02-24T14:27:43Z"
      },
      "ResponseBody": {
        "id": "/subscriptions/c3e77514-7d11-426f-83ca-88c20971594c/providers/Microsoft.DatabaseFleetManager/locations/uksouth/operationTypes/UpdateDatabase/operationStatuses/d2fb84c7-c93a-4ba1-b33a-293516c31331",
        "name": "d2fb84c7-c93a-4ba1-b33a-293516c31331",
        "status": "Running",
        "startTime": "2025-02-24T14:27:43.5213207Z"
      }
    },
    {
      "RequestUri": "https://management.azure.com/subscriptions/c3e77514-7d11-426f-83ca-88c20971594c/providers/Microsoft.DatabaseFleetManager/locations/uksouth/operationTypes/UpdateDatabase/operationStatuses/d2fb84c7-c93a-4ba1-b33a-293516c31331?api-version=2025-02-01-preview",
      "RequestMethod": "GET",
      "RequestHeaders": {
        "Authorization": "Sanitized",
        "traceparent": "00-103aa36ea1a4c401ce00c6fa34c0746b-5ee40680555ce7d4-00",
        "User-Agent": "azsdk-net-ResourceManager/1.13.0 (.NET 8.0.13; Microsoft Windows 10.0.26100)",
        "x-ms-client-request-id": "Sanitized",
        "x-ms-return-client-request-id": "true"
      },
      "RequestBody": null,
      "StatusCode": 200,
      "ResponseHeaders": {
        "Azure-AsyncOperation": "https://management.azure.com/subscriptions/c3e77514-7d11-426f-83ca-88c20971594c/providers/Microsoft.DatabaseFleetManager/locations/uksouth/operationTypes/UpdateDatabase/operationStatuses/d2fb84c7-c93a-4ba1-b33a-293516c31331?api-version=2025-02-01-preview",
        "Cache-Control": "no-cache",
        "Content-Length": "355",
        "Content-Type": "application/json; charset=utf-8",
        "Date": "Mon, 24 Feb 2025 14:27:53 GMT",
        "Expires": "-1",
        "Pragma": "no-cache",
        "Retry-After": "10",
        "Strict-Transport-Security": "max-age=31536000; includeSubDomains",
        "X-Cache": "CONFIG_NOCACHE",
        "X-Content-Type-Options": "nosniff",
        "x-ms-correlation-request-id": "776d4590-7765-4ae7-a77b-6f3e5a643564",
        "x-ms-ratelimit-remaining-subscription-global-reads": "16499",
        "x-ms-ratelimit-remaining-subscription-reads": "1099",
        "x-ms-request-id": "776d4590-7765-4ae7-a77b-6f3e5a643564",
        "x-ms-routing-request-id": "UKSOUTH:20250224T142753Z:776d4590-7765-4ae7-a77b-6f3e5a643564",
        "X-MSEdge-Ref": "Ref A: DC5E877C3C7446A093F4F9A10F2DE072 Ref B: AMS231032609021 Ref C: 2025-02-24T14:27:53Z"
      },
      "ResponseBody": {
        "id": "/subscriptions/c3e77514-7d11-426f-83ca-88c20971594c/providers/Microsoft.DatabaseFleetManager/locations/uksouth/operationTypes/UpdateDatabase/operationStatuses/d2fb84c7-c93a-4ba1-b33a-293516c31331",
        "name": "d2fb84c7-c93a-4ba1-b33a-293516c31331",
        "status": "Succeeded",
        "startTime": "2025-02-24T14:27:43.5213207Z",
        "endTime": "2025-02-24T14:27:45.7244545Z"
      }
    },
    {
      "RequestUri": "https://management.azure.com/subscriptions/c3e77514-7d11-426f-83ca-88c20971594c/resourceGroups/sdk-test-rg30126857/providers/Microsoft.DatabaseFleetManager/fleets/fleet1499/fleetspaces/fleetspace8911/databases/db8408?api-version=2025-02-01-preview",
      "RequestMethod": "GET",
      "RequestHeaders": {
        "Authorization": "Sanitized",
        "traceparent": "00-103aa36ea1a4c401ce00c6fa34c0746b-9ec3cf3a6f0ce0aa-00",
        "User-Agent": "azsdk-net-ResourceManager/1.13.0 (.NET 8.0.13; Microsoft Windows 10.0.26100)",
        "x-ms-client-request-id": "Sanitized",
        "x-ms-return-client-request-id": "true"
      },
      "RequestBody": null,
      "StatusCode": 200,
      "ResponseHeaders": {
        "Cache-Control": "no-cache",
        "Content-Length": "738",
        "Content-Type": "application/json; charset=utf-8",
        "Date": "Mon, 24 Feb 2025 14:27:54 GMT",
        "Expires": "-1",
        "Pragma": "no-cache",
        "Strict-Transport-Security": "max-age=31536000; includeSubDomains",
        "X-Cache": "CONFIG_NOCACHE",
        "X-Content-Type-Options": "nosniff",
        "x-ms-correlation-request-id": "9e550aad-9805-485d-8116-cabf4c932ddd",
        "x-ms-ratelimit-remaining-subscription-global-reads": "16498",
        "x-ms-ratelimit-remaining-subscription-reads": "1098",
        "x-ms-request-id": "9e550aad-9805-485d-8116-cabf4c932ddd",
        "x-ms-routing-request-id": "UKSOUTH:20250224T142754Z:9e550aad-9805-485d-8116-cabf4c932ddd",
        "X-MSEdge-Ref": "Ref A: 15BE5077D7F748F193D02BC9A30CFA99 Ref B: AMS231032609021 Ref C: 2025-02-24T14:27:53Z"
      },
      "ResponseBody": {
        "properties": {
          "originalDatabaseId": "/subscriptions/c3e77514-7d11-426f-83ca-88c20971594c/resourceGroups/fleet-rg-076c43c3-3e4e-4934-9d3f-5ed0975ed23f-uksouth-1881138085/providers/Microsoft.Sql/servers/fleet-srv-076c43c3-3e4e-4934-9d3f-5ed0975ed23f-4772da50afe2/databases/db8408",
          "provisioningState": "Succeeded",
          "tierName": "tier9716",
          "connectionString": "Sanitized",
          "backupRetentionDays": 7,
          "resourceTags": {
            "testTag": "testing"
          },
          "collation": "SQL_Latin1_General_CP1_CI_AS"
        },
        "id": "/subscriptions/c3e77514-7d11-426f-83ca-88c20971594c/resourceGroups/sdk-test-rg30126857/providers/Microsoft.DatabaseFleetManager/fleets/fleet1499/fleetspaces/fleetspace8911/databases/db8408",
        "name": "db8408",
        "type": "Microsoft.DatabaseFleetManager/fleets/databases"
      }
    },
    {
      "RequestUri": "https://management.azure.com/subscriptions/c3e77514-7d11-426f-83ca-88c20971594c/resourceGroups/sdk-test-rg30126857/providers/Microsoft.DatabaseFleetManager/fleets/fleet1499/fleetspaces/fleetspace8911/databases/db8408?api-version=2025-02-01-preview",
      "RequestMethod": "GET",
      "RequestHeaders": {
        "Accept": "application/json",
        "Authorization": "Sanitized",
        "traceparent": "00-5fd8a5890f414fe2bcd08aa3dd4c7ab8-45ad7ed83ef7125a-00",
        "User-Agent": "azsdk-net-ResourceManager.DatabaseFleetManager/1.0.0-alpha.20250224.1 (.NET 8.0.13; Microsoft Windows 10.0.26100)",
        "x-ms-client-request-id": "Sanitized",
        "x-ms-return-client-request-id": "true"
      },
      "RequestBody": null,
      "StatusCode": 200,
      "ResponseHeaders": {
        "Cache-Control": "no-cache",
        "Content-Length": "738",
        "Content-Type": "application/json; charset=utf-8",
        "Date": "Mon, 24 Feb 2025 14:27:54 GMT",
        "Expires": "-1",
        "Pragma": "no-cache",
        "Strict-Transport-Security": "max-age=31536000; includeSubDomains",
        "X-Cache": "CONFIG_NOCACHE",
        "X-Content-Type-Options": "nosniff",
        "x-ms-correlation-request-id": "e96bcb9c-471f-457f-a546-1429b2fe4d0a",
        "x-ms-ratelimit-remaining-subscription-global-reads": "16499",
        "x-ms-ratelimit-remaining-subscription-reads": "1099",
        "x-ms-request-id": "e96bcb9c-471f-457f-a546-1429b2fe4d0a",
        "x-ms-routing-request-id": "UKSOUTH:20250224T142755Z:e96bcb9c-471f-457f-a546-1429b2fe4d0a",
        "X-MSEdge-Ref": "Ref A: FD5B87357FDC421FA2CD54BCC79993B1 Ref B: AMS231032609021 Ref C: 2025-02-24T14:27:54Z"
      },
      "ResponseBody": {
        "properties": {
          "originalDatabaseId": "/subscriptions/c3e77514-7d11-426f-83ca-88c20971594c/resourceGroups/fleet-rg-076c43c3-3e4e-4934-9d3f-5ed0975ed23f-uksouth-1881138085/providers/Microsoft.Sql/servers/fleet-srv-076c43c3-3e4e-4934-9d3f-5ed0975ed23f-4772da50afe2/databases/db8408",
          "provisioningState": "Succeeded",
          "tierName": "tier9716",
          "connectionString": "Sanitized",
          "backupRetentionDays": 7,
          "resourceTags": {
            "testTag": "testing"
          },
          "collation": "SQL_Latin1_General_CP1_CI_AS"
        },
        "id": "/subscriptions/c3e77514-7d11-426f-83ca-88c20971594c/resourceGroups/sdk-test-rg30126857/providers/Microsoft.DatabaseFleetManager/fleets/fleet1499/fleetspaces/fleetspace8911/databases/db8408",
        "name": "db8408",
        "type": "Microsoft.DatabaseFleetManager/fleets/databases"
      }
    },
    {
      "RequestUri": "https://management.azure.com/subscriptions/c3e77514-7d11-426f-83ca-88c20971594c/resourceGroups/sdk-test-rg30126857/providers/Microsoft.DatabaseFleetManager/fleets?api-version=2025-02-01-preview",
      "RequestMethod": "GET",
      "RequestHeaders": {
        "Accept": "application/json",
        "Authorization": "Sanitized",
        "User-Agent": "azsdk-net-ResourceManager.DatabaseFleetManager/1.0.0-alpha.20250224.1 (.NET 8.0.13; Microsoft Windows 10.0.26100)",
        "x-ms-client-request-id": "Sanitized",
        "x-ms-return-client-request-id": "true"
      },
      "RequestBody": null,
      "StatusCode": 200,
      "ResponseHeaders": {
        "Cache-Control": "no-cache",
        "Content-Length": "300",
        "Content-Type": "application/json; charset=utf-8",
        "Date": "Mon, 24 Feb 2025 14:27:54 GMT",
        "Expires": "-1",
        "Pragma": "no-cache",
        "Strict-Transport-Security": "max-age=31536000; includeSubDomains",
        "X-Cache": "CONFIG_NOCACHE",
        "X-Content-Type-Options": "nosniff",
        "x-ms-correlation-request-id": "75b3b12a-80b7-47d1-83f6-59cd11c302c9",
        "x-ms-ratelimit-remaining-subscription-global-reads": "16499",
        "x-ms-ratelimit-remaining-subscription-reads": "1099",
        "x-ms-request-id": "75b3b12a-80b7-47d1-83f6-59cd11c302c9",
        "x-ms-routing-request-id": "UKSOUTH:20250224T142755Z:75b3b12a-80b7-47d1-83f6-59cd11c302c9",
        "X-MSEdge-Ref": "Ref A: 71E6CFFC6F4E4E4BB16182CC9B1E3632 Ref B: AMS231032609021 Ref C: 2025-02-24T14:27:55Z"
      },
      "ResponseBody": {
        "value": [
          {
            "properties": {
              "provisioningState": "Succeeded"
            },
            "location": "UK South",
            "id": "/subscriptions/c3e77514-7d11-426f-83ca-88c20971594c/resourceGroups/sdk-test-rg30126857/providers/Microsoft.DatabaseFleetManager/fleets/fleet1499",
            "name": "fleet1499",
            "type": "Microsoft.DatabaseFleetManager/fleets"
          }
        ]
      }
    },
    {
      "RequestUri": "https://management.azure.com/subscriptions/c3e77514-7d11-426f-83ca-88c20971594c/resourceGroups/sdk-test-rg30126857/providers/Microsoft.DatabaseFleetManager/fleets/fleet1499?api-version=2025-02-01-preview",
      "RequestMethod": "DELETE",
      "RequestHeaders": {
        "Accept": "application/json",
        "Authorization": "Sanitized",
        "traceparent": "00-b7fbcaa503784c8f58f925d09822ea88-26cf766adccc4761-00",
        "User-Agent": "azsdk-net-ResourceManager.DatabaseFleetManager/1.0.0-alpha.20250224.1 (.NET 8.0.13; Microsoft Windows 10.0.26100)",
        "x-ms-client-request-id": "Sanitized",
        "x-ms-return-client-request-id": "true"
      },
      "RequestBody": null,
      "StatusCode": 202,
      "ResponseHeaders": {
        "Azure-AsyncOperation": "https://management.azure.com/subscriptions/c3e77514-7d11-426f-83ca-88c20971594c/providers/Microsoft.DatabaseFleetManager/locations/uksouth/operationTypes/RemoveFleet/operationStatuses/69636e18-637a-45eb-bd24-176287f6806e?api-version=2025-02-01-preview",
        "Cache-Control": "no-cache",
        "Content-Length": "0",
        "Date": "Mon, 24 Feb 2025 14:27:55 GMT",
        "Expires": "-1",
        "Location": "https://management.azure.com/subscriptions/c3e77514-7d11-426f-83ca-88c20971594c/providers/Microsoft.DatabaseFleetManager/locations/uksouth/operationTypes/RemoveFleet/operationResults/69636e18-637a-45eb-bd24-176287f6806e?api-version=2025-02-01-preview",
        "Pragma": "no-cache",
        "Strict-Transport-Security": "max-age=31536000; includeSubDomains",
        "X-Cache": "CONFIG_NOCACHE",
        "X-Content-Type-Options": "nosniff",
        "x-ms-correlation-request-id": "fe154a3d-1d6a-49b9-a9d7-f411b428d97f",
        "x-ms-ratelimit-remaining-subscription-deletes": "799",
        "x-ms-ratelimit-remaining-subscription-global-deletes": "11999",
        "x-ms-request-id": "fe154a3d-1d6a-49b9-a9d7-f411b428d97f",
        "x-ms-routing-request-id": "UKSOUTH:20250224T142755Z:fe154a3d-1d6a-49b9-a9d7-f411b428d97f",
        "X-MSEdge-Ref": "Ref A: 4F09FB9595FD4EFA9298A18C800B8124 Ref B: AMS231032609021 Ref C: 2025-02-24T14:27:55Z"
      },
      "ResponseBody": null
    },
    {
      "RequestUri": "https://management.azure.com/subscriptions/c3e77514-7d11-426f-83ca-88c20971594c/providers/Microsoft.DatabaseFleetManager/locations/uksouth/operationTypes/RemoveFleet/operationStatuses/69636e18-637a-45eb-bd24-176287f6806e?api-version=2025-02-01-preview",
      "RequestMethod": "GET",
      "RequestHeaders": {
        "Authorization": "Sanitized",
        "traceparent": "00-b7fbcaa503784c8f58f925d09822ea88-8ad5da69361f502b-00",
        "User-Agent": "azsdk-net-ResourceManager/1.13.0 (.NET 8.0.13; Microsoft Windows 10.0.26100)",
        "x-ms-client-request-id": "Sanitized",
        "x-ms-return-client-request-id": "true"
      },
      "RequestBody": null,
      "StatusCode": 200,
      "ResponseHeaders": {
        "Azure-AsyncOperation": "https://management.azure.com/subscriptions/c3e77514-7d11-426f-83ca-88c20971594c/providers/Microsoft.DatabaseFleetManager/locations/uksouth/operationTypes/RemoveFleet/operationStatuses/69636e18-637a-45eb-bd24-176287f6806e?api-version=2025-02-01-preview",
        "Cache-Control": "no-cache",
        "Content-Length": "305",
        "Content-Type": "application/json; charset=utf-8",
        "Date": "Mon, 24 Feb 2025 14:27:55 GMT",
        "Expires": "-1",
        "Pragma": "no-cache",
        "Retry-After": "10",
        "Strict-Transport-Security": "max-age=31536000; includeSubDomains",
        "X-Cache": "CONFIG_NOCACHE",
        "X-Content-Type-Options": "nosniff",
        "x-ms-correlation-request-id": "7880388c-d11f-4f53-ac9e-de843a1fc73d",
        "x-ms-ratelimit-remaining-subscription-global-reads": "16499",
        "x-ms-ratelimit-remaining-subscription-reads": "1099",
        "x-ms-request-id": "7880388c-d11f-4f53-ac9e-de843a1fc73d",
        "x-ms-routing-request-id": "UKSOUTH:20250224T142755Z:7880388c-d11f-4f53-ac9e-de843a1fc73d",
        "X-MSEdge-Ref": "Ref A: 87A64ABFAD6B430F922915B1588C8B4E Ref B: AMS231032609021 Ref C: 2025-02-24T14:27:55Z"
      },
      "ResponseBody": {
        "id": "/subscriptions/c3e77514-7d11-426f-83ca-88c20971594c/providers/Microsoft.DatabaseFleetManager/locations/uksouth/operationTypes/RemoveFleet/operationStatuses/69636e18-637a-45eb-bd24-176287f6806e",
        "name": "69636e18-637a-45eb-bd24-176287f6806e",
        "status": "Running",
        "startTime": "2025-02-24T14:27:55.467Z"
      }
    },
    {
      "RequestUri": "https://management.azure.com/subscriptions/c3e77514-7d11-426f-83ca-88c20971594c/providers/Microsoft.DatabaseFleetManager/locations/uksouth/operationTypes/RemoveFleet/operationStatuses/69636e18-637a-45eb-bd24-176287f6806e?api-version=2025-02-01-preview",
      "RequestMethod": "GET",
      "RequestHeaders": {
        "Authorization": "Sanitized",
        "traceparent": "00-b7fbcaa503784c8f58f925d09822ea88-fedc1bbf56b2c71f-00",
        "User-Agent": "azsdk-net-ResourceManager/1.13.0 (.NET 8.0.13; Microsoft Windows 10.0.26100)",
        "x-ms-client-request-id": "Sanitized",
        "x-ms-return-client-request-id": "true"
      },
      "RequestBody": null,
      "StatusCode": 200,
      "ResponseHeaders": {
        "Azure-AsyncOperation": "https://management.azure.com/subscriptions/c3e77514-7d11-426f-83ca-88c20971594c/providers/Microsoft.DatabaseFleetManager/locations/uksouth/operationTypes/RemoveFleet/operationStatuses/69636e18-637a-45eb-bd24-176287f6806e?api-version=2025-02-01-preview",
        "Cache-Control": "no-cache",
        "Content-Length": "305",
        "Content-Type": "application/json; charset=utf-8",
        "Date": "Mon, 24 Feb 2025 14:28:05 GMT",
        "Expires": "-1",
        "Pragma": "no-cache",
        "Retry-After": "10",
        "Strict-Transport-Security": "max-age=31536000; includeSubDomains",
        "X-Cache": "CONFIG_NOCACHE",
        "X-Content-Type-Options": "nosniff",
        "x-ms-correlation-request-id": "2967c1ae-1caf-47ad-8d6b-ae944020d331",
        "x-ms-ratelimit-remaining-subscription-global-reads": "16499",
        "x-ms-ratelimit-remaining-subscription-reads": "1099",
        "x-ms-request-id": "2967c1ae-1caf-47ad-8d6b-ae944020d331",
        "x-ms-routing-request-id": "UKSOUTH:20250224T142805Z:2967c1ae-1caf-47ad-8d6b-ae944020d331",
        "X-MSEdge-Ref": "Ref A: 8E26930025D24E638E14EB227CCFBA6A Ref B: AMS231032609021 Ref C: 2025-02-24T14:28:05Z"
      },
      "ResponseBody": {
        "id": "/subscriptions/c3e77514-7d11-426f-83ca-88c20971594c/providers/Microsoft.DatabaseFleetManager/locations/uksouth/operationTypes/RemoveFleet/operationStatuses/69636e18-637a-45eb-bd24-176287f6806e",
        "name": "69636e18-637a-45eb-bd24-176287f6806e",
        "status": "Running",
        "startTime": "2025-02-24T14:27:55.467Z"
      }
    },
    {
      "RequestUri": "https://management.azure.com/subscriptions/c3e77514-7d11-426f-83ca-88c20971594c/providers/Microsoft.DatabaseFleetManager/locations/uksouth/operationTypes/RemoveFleet/operationStatuses/69636e18-637a-45eb-bd24-176287f6806e?api-version=2025-02-01-preview",
      "RequestMethod": "GET",
      "RequestHeaders": {
        "Authorization": "Sanitized",
        "traceparent": "00-b7fbcaa503784c8f58f925d09822ea88-5e3dee22c50f72f5-00",
        "User-Agent": "azsdk-net-ResourceManager/1.13.0 (.NET 8.0.13; Microsoft Windows 10.0.26100)",
        "x-ms-client-request-id": "Sanitized",
        "x-ms-return-client-request-id": "true"
      },
      "RequestBody": null,
      "StatusCode": 200,
      "ResponseHeaders": {
        "Azure-AsyncOperation": "https://management.azure.com/subscriptions/c3e77514-7d11-426f-83ca-88c20971594c/providers/Microsoft.DatabaseFleetManager/locations/uksouth/operationTypes/RemoveFleet/operationStatuses/69636e18-637a-45eb-bd24-176287f6806e?api-version=2025-02-01-preview",
        "Cache-Control": "no-cache",
        "Content-Length": "305",
        "Content-Type": "application/json; charset=utf-8",
        "Date": "Mon, 24 Feb 2025 14:28:15 GMT",
        "Expires": "-1",
        "Pragma": "no-cache",
        "Retry-After": "10",
        "Strict-Transport-Security": "max-age=31536000; includeSubDomains",
        "X-Cache": "CONFIG_NOCACHE",
        "X-Content-Type-Options": "nosniff",
        "x-ms-correlation-request-id": "901239a7-df45-49ea-b1ca-8617d78e1b9a",
        "x-ms-ratelimit-remaining-subscription-global-reads": "16499",
        "x-ms-ratelimit-remaining-subscription-reads": "1099",
        "x-ms-request-id": "901239a7-df45-49ea-b1ca-8617d78e1b9a",
        "x-ms-routing-request-id": "UKSOUTH:20250224T142815Z:901239a7-df45-49ea-b1ca-8617d78e1b9a",
        "X-MSEdge-Ref": "Ref A: 440B2F192E2D4C31A08AF30A65ECE8B6 Ref B: AMS231032609021 Ref C: 2025-02-24T14:28:15Z"
      },
      "ResponseBody": {
        "id": "/subscriptions/c3e77514-7d11-426f-83ca-88c20971594c/providers/Microsoft.DatabaseFleetManager/locations/uksouth/operationTypes/RemoveFleet/operationStatuses/69636e18-637a-45eb-bd24-176287f6806e",
        "name": "69636e18-637a-45eb-bd24-176287f6806e",
        "status": "Running",
        "startTime": "2025-02-24T14:27:55.467Z"
      }
    },
    {
      "RequestUri": "https://management.azure.com/subscriptions/c3e77514-7d11-426f-83ca-88c20971594c/providers/Microsoft.DatabaseFleetManager/locations/uksouth/operationTypes/RemoveFleet/operationStatuses/69636e18-637a-45eb-bd24-176287f6806e?api-version=2025-02-01-preview",
      "RequestMethod": "GET",
      "RequestHeaders": {
        "Authorization": "Sanitized",
        "traceparent": "00-b7fbcaa503784c8f58f925d09822ea88-eae28881e0cd5553-00",
        "User-Agent": "azsdk-net-ResourceManager/1.13.0 (.NET 8.0.13; Microsoft Windows 10.0.26100)",
        "x-ms-client-request-id": "Sanitized",
        "x-ms-return-client-request-id": "true"
      },
      "RequestBody": null,
      "StatusCode": 200,
      "ResponseHeaders": {
        "Azure-AsyncOperation": "https://management.azure.com/subscriptions/c3e77514-7d11-426f-83ca-88c20971594c/providers/Microsoft.DatabaseFleetManager/locations/uksouth/operationTypes/RemoveFleet/operationStatuses/69636e18-637a-45eb-bd24-176287f6806e?api-version=2025-02-01-preview",
        "Cache-Control": "no-cache",
        "Content-Length": "305",
        "Content-Type": "application/json; charset=utf-8",
        "Date": "Mon, 24 Feb 2025 14:28:25 GMT",
        "Expires": "-1",
        "Pragma": "no-cache",
        "Retry-After": "10",
        "Strict-Transport-Security": "max-age=31536000; includeSubDomains",
        "X-Cache": "CONFIG_NOCACHE",
        "X-Content-Type-Options": "nosniff",
        "x-ms-correlation-request-id": "94994d55-7d47-4f1f-8798-41dc877e7b1d",
        "x-ms-ratelimit-remaining-subscription-global-reads": "16499",
        "x-ms-ratelimit-remaining-subscription-reads": "1099",
        "x-ms-request-id": "94994d55-7d47-4f1f-8798-41dc877e7b1d",
        "x-ms-routing-request-id": "UKSOUTH:20250224T142826Z:94994d55-7d47-4f1f-8798-41dc877e7b1d",
        "X-MSEdge-Ref": "Ref A: 4DBA8540648C453BBAF7DA2958C8C2FA Ref B: AMS231032609021 Ref C: 2025-02-24T14:28:26Z"
      },
      "ResponseBody": {
        "id": "/subscriptions/c3e77514-7d11-426f-83ca-88c20971594c/providers/Microsoft.DatabaseFleetManager/locations/uksouth/operationTypes/RemoveFleet/operationStatuses/69636e18-637a-45eb-bd24-176287f6806e",
        "name": "69636e18-637a-45eb-bd24-176287f6806e",
        "status": "Running",
        "startTime": "2025-02-24T14:27:55.467Z"
      }
    },
    {
      "RequestUri": "https://management.azure.com/subscriptions/c3e77514-7d11-426f-83ca-88c20971594c/providers/Microsoft.DatabaseFleetManager/locations/uksouth/operationTypes/RemoveFleet/operationStatuses/69636e18-637a-45eb-bd24-176287f6806e?api-version=2025-02-01-preview",
      "RequestMethod": "GET",
      "RequestHeaders": {
        "Authorization": "Sanitized",
        "traceparent": "00-b7fbcaa503784c8f58f925d09822ea88-abd2861b1d4209e0-00",
        "User-Agent": "azsdk-net-ResourceManager/1.13.0 (.NET 8.0.13; Microsoft Windows 10.0.26100)",
        "x-ms-client-request-id": "Sanitized",
        "x-ms-return-client-request-id": "true"
      },
      "RequestBody": null,
      "StatusCode": 200,
      "ResponseHeaders": {
        "Azure-AsyncOperation": "https://management.azure.com/subscriptions/c3e77514-7d11-426f-83ca-88c20971594c/providers/Microsoft.DatabaseFleetManager/locations/uksouth/operationTypes/RemoveFleet/operationStatuses/69636e18-637a-45eb-bd24-176287f6806e?api-version=2025-02-01-preview",
        "Cache-Control": "no-cache",
        "Content-Length": "305",
        "Content-Type": "application/json; charset=utf-8",
        "Date": "Mon, 24 Feb 2025 14:28:35 GMT",
        "Expires": "-1",
        "Pragma": "no-cache",
        "Retry-After": "10",
        "Strict-Transport-Security": "max-age=31536000; includeSubDomains",
        "X-Cache": "CONFIG_NOCACHE",
        "X-Content-Type-Options": "nosniff",
        "x-ms-correlation-request-id": "ab59f003-9bfd-48cf-9b69-f08ad607db04",
        "x-ms-ratelimit-remaining-subscription-global-reads": "16499",
        "x-ms-ratelimit-remaining-subscription-reads": "1099",
        "x-ms-request-id": "ab59f003-9bfd-48cf-9b69-f08ad607db04",
        "x-ms-routing-request-id": "UKSOUTH:20250224T142836Z:ab59f003-9bfd-48cf-9b69-f08ad607db04",
        "X-MSEdge-Ref": "Ref A: 3B193AB57ACE415FBA0886954353E47F Ref B: AMS231032609021 Ref C: 2025-02-24T14:28:36Z"
      },
      "ResponseBody": {
        "id": "/subscriptions/c3e77514-7d11-426f-83ca-88c20971594c/providers/Microsoft.DatabaseFleetManager/locations/uksouth/operationTypes/RemoveFleet/operationStatuses/69636e18-637a-45eb-bd24-176287f6806e",
        "name": "69636e18-637a-45eb-bd24-176287f6806e",
        "status": "Running",
        "startTime": "2025-02-24T14:27:55.467Z"
      }
    },
    {
      "RequestUri": "https://management.azure.com/subscriptions/c3e77514-7d11-426f-83ca-88c20971594c/providers/Microsoft.DatabaseFleetManager/locations/uksouth/operationTypes/RemoveFleet/operationStatuses/69636e18-637a-45eb-bd24-176287f6806e?api-version=2025-02-01-preview",
      "RequestMethod": "GET",
      "RequestHeaders": {
        "Authorization": "Sanitized",
        "traceparent": "00-b7fbcaa503784c8f58f925d09822ea88-ff57c44f30d251d6-00",
        "User-Agent": "azsdk-net-ResourceManager/1.13.0 (.NET 8.0.13; Microsoft Windows 10.0.26100)",
        "x-ms-client-request-id": "Sanitized",
        "x-ms-return-client-request-id": "true"
      },
      "RequestBody": null,
      "StatusCode": 200,
      "ResponseHeaders": {
        "Azure-AsyncOperation": "https://management.azure.com/subscriptions/c3e77514-7d11-426f-83ca-88c20971594c/providers/Microsoft.DatabaseFleetManager/locations/uksouth/operationTypes/RemoveFleet/operationStatuses/69636e18-637a-45eb-bd24-176287f6806e?api-version=2025-02-01-preview",
        "Cache-Control": "no-cache",
        "Content-Length": "305",
        "Content-Type": "application/json; charset=utf-8",
        "Date": "Mon, 24 Feb 2025 14:28:45 GMT",
        "Expires": "-1",
        "Pragma": "no-cache",
        "Retry-After": "10",
        "Strict-Transport-Security": "max-age=31536000; includeSubDomains",
        "X-Cache": "CONFIG_NOCACHE",
        "X-Content-Type-Options": "nosniff",
        "x-ms-correlation-request-id": "fe45b62d-9e89-4437-baa7-783af4b7c715",
        "x-ms-ratelimit-remaining-subscription-global-reads": "16499",
        "x-ms-ratelimit-remaining-subscription-reads": "1099",
        "x-ms-request-id": "fe45b62d-9e89-4437-baa7-783af4b7c715",
        "x-ms-routing-request-id": "UKSOUTH:20250224T142846Z:fe45b62d-9e89-4437-baa7-783af4b7c715",
        "X-MSEdge-Ref": "Ref A: 14E460F971684725B5780297808C55B5 Ref B: AMS231032609021 Ref C: 2025-02-24T14:28:46Z"
      },
      "ResponseBody": {
        "id": "/subscriptions/c3e77514-7d11-426f-83ca-88c20971594c/providers/Microsoft.DatabaseFleetManager/locations/uksouth/operationTypes/RemoveFleet/operationStatuses/69636e18-637a-45eb-bd24-176287f6806e",
        "name": "69636e18-637a-45eb-bd24-176287f6806e",
        "status": "Running",
        "startTime": "2025-02-24T14:27:55.467Z"
      }
    },
    {
      "RequestUri": "https://management.azure.com/subscriptions/c3e77514-7d11-426f-83ca-88c20971594c/providers/Microsoft.DatabaseFleetManager/locations/uksouth/operationTypes/RemoveFleet/operationStatuses/69636e18-637a-45eb-bd24-176287f6806e?api-version=2025-02-01-preview",
      "RequestMethod": "GET",
      "RequestHeaders": {
        "Authorization": "Sanitized",
        "traceparent": "00-b7fbcaa503784c8f58f925d09822ea88-d7b5c017e4ff342b-00",
        "User-Agent": "azsdk-net-ResourceManager/1.13.0 (.NET 8.0.13; Microsoft Windows 10.0.26100)",
        "x-ms-client-request-id": "Sanitized",
        "x-ms-return-client-request-id": "true"
      },
      "RequestBody": null,
      "StatusCode": 200,
      "ResponseHeaders": {
        "Azure-AsyncOperation": "https://management.azure.com/subscriptions/c3e77514-7d11-426f-83ca-88c20971594c/providers/Microsoft.DatabaseFleetManager/locations/uksouth/operationTypes/RemoveFleet/operationStatuses/69636e18-637a-45eb-bd24-176287f6806e?api-version=2025-02-01-preview",
        "Cache-Control": "no-cache",
        "Content-Length": "305",
        "Content-Type": "application/json; charset=utf-8",
        "Date": "Mon, 24 Feb 2025 14:28:56 GMT",
        "Expires": "-1",
        "Pragma": "no-cache",
        "Retry-After": "10",
        "Strict-Transport-Security": "max-age=31536000; includeSubDomains",
        "X-Cache": "CONFIG_NOCACHE",
        "X-Content-Type-Options": "nosniff",
        "x-ms-correlation-request-id": "a80d4bff-ba23-4c87-9d11-ea7a43c6b614",
        "x-ms-ratelimit-remaining-subscription-global-reads": "16499",
        "x-ms-ratelimit-remaining-subscription-reads": "1099",
        "x-ms-request-id": "a80d4bff-ba23-4c87-9d11-ea7a43c6b614",
        "x-ms-routing-request-id": "UKSOUTH:20250224T142856Z:a80d4bff-ba23-4c87-9d11-ea7a43c6b614",
        "X-MSEdge-Ref": "Ref A: 8FCEE058DCF64A8EB04D37CE92F8F023 Ref B: AMS231032609021 Ref C: 2025-02-24T14:28:56Z"
      },
      "ResponseBody": {
        "id": "/subscriptions/c3e77514-7d11-426f-83ca-88c20971594c/providers/Microsoft.DatabaseFleetManager/locations/uksouth/operationTypes/RemoveFleet/operationStatuses/69636e18-637a-45eb-bd24-176287f6806e",
        "name": "69636e18-637a-45eb-bd24-176287f6806e",
        "status": "Running",
        "startTime": "2025-02-24T14:27:55.467Z"
      }
    },
    {
      "RequestUri": "https://management.azure.com/subscriptions/c3e77514-7d11-426f-83ca-88c20971594c/providers/Microsoft.DatabaseFleetManager/locations/uksouth/operationTypes/RemoveFleet/operationStatuses/69636e18-637a-45eb-bd24-176287f6806e?api-version=2025-02-01-preview",
      "RequestMethod": "GET",
      "RequestHeaders": {
        "Authorization": "Sanitized",
        "traceparent": "00-b7fbcaa503784c8f58f925d09822ea88-6b6b1d842929867e-00",
        "User-Agent": "azsdk-net-ResourceManager/1.13.0 (.NET 8.0.13; Microsoft Windows 10.0.26100)",
        "x-ms-client-request-id": "Sanitized",
        "x-ms-return-client-request-id": "true"
      },
      "RequestBody": null,
      "StatusCode": 200,
      "ResponseHeaders": {
        "Azure-AsyncOperation": "https://management.azure.com/subscriptions/c3e77514-7d11-426f-83ca-88c20971594c/providers/Microsoft.DatabaseFleetManager/locations/uksouth/operationTypes/RemoveFleet/operationStatuses/69636e18-637a-45eb-bd24-176287f6806e?api-version=2025-02-01-preview",
        "Cache-Control": "no-cache",
        "Content-Length": "305",
        "Content-Type": "application/json; charset=utf-8",
        "Date": "Mon, 24 Feb 2025 14:29:12 GMT",
        "Expires": "-1",
        "Pragma": "no-cache",
        "Retry-After": "10",
        "Strict-Transport-Security": "max-age=31536000; includeSubDomains",
        "X-Cache": "CONFIG_NOCACHE",
        "X-Content-Type-Options": "nosniff",
        "x-ms-correlation-request-id": "74aee50a-0546-433c-a2ab-a6ffd2ba91ac",
        "x-ms-ratelimit-remaining-subscription-global-reads": "16499",
        "x-ms-ratelimit-remaining-subscription-reads": "1099",
        "x-ms-request-id": "74aee50a-0546-433c-a2ab-a6ffd2ba91ac",
        "x-ms-routing-request-id": "UKSOUTH:20250224T142912Z:74aee50a-0546-433c-a2ab-a6ffd2ba91ac",
        "X-MSEdge-Ref": "Ref A: DF3F8405582C47B6A583B62158902951 Ref B: AMS231032609021 Ref C: 2025-02-24T14:29:12Z"
      },
      "ResponseBody": {
        "id": "/subscriptions/c3e77514-7d11-426f-83ca-88c20971594c/providers/Microsoft.DatabaseFleetManager/locations/uksouth/operationTypes/RemoveFleet/operationStatuses/69636e18-637a-45eb-bd24-176287f6806e",
        "name": "69636e18-637a-45eb-bd24-176287f6806e",
        "status": "Running",
        "startTime": "2025-02-24T14:27:55.467Z"
      }
    },
    {
      "RequestUri": "https://management.azure.com/subscriptions/c3e77514-7d11-426f-83ca-88c20971594c/providers/Microsoft.DatabaseFleetManager/locations/uksouth/operationTypes/RemoveFleet/operationStatuses/69636e18-637a-45eb-bd24-176287f6806e?api-version=2025-02-01-preview",
      "RequestMethod": "GET",
      "RequestHeaders": {
        "Authorization": "Sanitized",
        "traceparent": "00-b7fbcaa503784c8f58f925d09822ea88-1fa0aa3c9dad1176-00",
        "User-Agent": "azsdk-net-ResourceManager/1.13.0 (.NET 8.0.13; Microsoft Windows 10.0.26100)",
        "x-ms-client-request-id": "Sanitized",
        "x-ms-return-client-request-id": "true"
      },
      "RequestBody": null,
      "StatusCode": 200,
      "ResponseHeaders": {
        "Azure-AsyncOperation": "https://management.azure.com/subscriptions/c3e77514-7d11-426f-83ca-88c20971594c/providers/Microsoft.DatabaseFleetManager/locations/uksouth/operationTypes/RemoveFleet/operationStatuses/69636e18-637a-45eb-bd24-176287f6806e?api-version=2025-02-01-preview",
        "Cache-Control": "no-cache",
        "Content-Length": "307",
        "Content-Type": "application/json; charset=utf-8",
        "Date": "Mon, 24 Feb 2025 14:29:44 GMT",
        "Expires": "-1",
        "Pragma": "no-cache",
        "Retry-After": "10",
        "Strict-Transport-Security": "max-age=31536000; includeSubDomains",
        "X-Cache": "CONFIG_NOCACHE",
        "X-Content-Type-Options": "nosniff",
        "x-ms-correlation-request-id": "eb4728e2-da8d-498c-812b-b872ae2f8810",
        "x-ms-ratelimit-remaining-subscription-global-reads": "16499",
        "x-ms-ratelimit-remaining-subscription-reads": "1099",
        "x-ms-request-id": "eb4728e2-da8d-498c-812b-b872ae2f8810",
        "x-ms-routing-request-id": "UKSOUTH:20250224T142944Z:eb4728e2-da8d-498c-812b-b872ae2f8810",
        "X-MSEdge-Ref": "Ref A: 1E0D003F1B0147659D4914FB0068C490 Ref B: AMS231032609021 Ref C: 2025-02-24T14:29:44Z"
      },
      "ResponseBody": {
        "id": "/subscriptions/c3e77514-7d11-426f-83ca-88c20971594c/providers/Microsoft.DatabaseFleetManager/locations/uksouth/operationTypes/RemoveFleet/operationStatuses/69636e18-637a-45eb-bd24-176287f6806e",
        "name": "69636e18-637a-45eb-bd24-176287f6806e",
        "status": "Succeeded",
        "startTime": "2025-02-24T14:27:55.467Z"
      }
    }
  ],
  "Variables": {
    "RandomSeed": "1192562031",
    "RESOURCE_MANAGER_URL": null,
    "SUBSCRIPTION_ID": "c3e77514-7d11-426f-83ca-88c20971594c"
  }
}
