{
  "Entries": [
    {
      "RequestUri": "https://management.azure.com/subscriptions/066c6e9e-c9ae-453d-bd2c-dacb1194fc0d?api-version=2022-12-01",
      "RequestMethod": "GET",
      "RequestHeaders": {
        "Accept": "application/json",
        "Authorization": "Sanitized",
        "traceparent": "00-d33b11297586f5c391fe3aa835e68f77-b1b077e9485e8fe6-00",
        "User-Agent": "azsdk-net-ResourceManager/1.12.0 (.NET 6.0.32; Microsoft Windows 10.0.22631)",
        "x-ms-client-request-id": "Sanitized",
        "x-ms-return-client-request-id": "true"
      },
      "RequestBody": null,
      "StatusCode": 200,
      "ResponseHeaders": {
        "Cache-Control": "no-cache",
        "Content-Length": "483",
        "Content-Type": "application/json; charset=utf-8",
        "Date": "Sun, 14 Jul 2024 09:04:14 GMT",
        "Expires": "-1",
        "Pragma": "no-cache",
        "Strict-Transport-Security": "max-age=31536000; includeSubDomains",
        "X-Cache": "CONFIG_NOCACHE",
        "X-Content-Type-Options": "nosniff",
        "x-ms-correlation-request-id": "f057ec6d-ad3c-47f7-b212-11528291996d",
        "x-ms-ratelimit-remaining-subscription-global-reads": "3749",
        "x-ms-ratelimit-remaining-subscription-reads": "249",
        "x-ms-request-id": "f057ec6d-ad3c-47f7-b212-11528291996d",
        "x-ms-routing-request-id": "UKSOUTH:20240714T090414Z:f057ec6d-ad3c-47f7-b212-11528291996d",
        "X-MSEdge-Ref": "Ref A: 0A857A25BA9748F79E4E205A077A3295 Ref B: AMS231022012019 Ref C: 2024-07-14T09:04:14Z"
      },
      "ResponseBody": {
        "id": "/subscriptions/066c6e9e-c9ae-453d-bd2c-dacb1194fc0d",
        "authorizationSource": "RoleBased",
        "managedByTenants": [
          {
            "tenantId": "00000000-0000-0000-0000-000000000000"
          }
        ],
        "subscriptionId": "066c6e9e-c9ae-453d-bd2c-dacb1194fc0d",
        "tenantId": "00000000-0000-0000-0000-000000000000",
        "displayName": "Test_Test_PBIE_ILDC_PBIOTEST_WestEurope_Subscription",
        "state": "Enabled",
        "subscriptionPolicies": {
          "locationPlacementId": "Public_2014-09-01",
          "quotaId": "PayAsYouGo_2014-09-01",
          "spendingLimit": "Off"
        }
      }
    },
    {
      "RequestUri": "https://management.azure.com/subscriptions/066c6e9e-c9ae-453d-bd2c-dacb1194fc0d/resourcegroups/rg-badeamarjiehfabric?api-version=2022-09-01",
      "RequestMethod": "GET",
      "RequestHeaders": {
        "Accept": "application/json",
        "Authorization": "Sanitized",
        "traceparent": "00-d07873a7b645fedb6e90848f7afce7a6-11835813d3f60b84-00",
        "User-Agent": "azsdk-net-ResourceManager/1.12.0 (.NET 6.0.32; Microsoft Windows 10.0.22631)",
        "x-ms-client-request-id": "Sanitized",
        "x-ms-return-client-request-id": "true"
      },
      "RequestBody": null,
      "StatusCode": 200,
      "ResponseHeaders": {
        "Cache-Control": "no-cache",
        "Content-Length": "350",
        "Content-Type": "application/json; charset=utf-8",
        "Date": "Sun, 14 Jul 2024 09:04:14 GMT",
        "Expires": "-1",
        "Pragma": "no-cache",
        "Strict-Transport-Security": "max-age=31536000; includeSubDomains",
        "X-Cache": "CONFIG_NOCACHE",
        "X-Content-Type-Options": "nosniff",
        "x-ms-correlation-request-id": "7b01b21d-8528-4cc0-8d30-5e737529db0b",
        "x-ms-ratelimit-remaining-subscription-global-reads": "3749",
        "x-ms-ratelimit-remaining-subscription-reads": "249",
        "x-ms-request-id": "7b01b21d-8528-4cc0-8d30-5e737529db0b",
        "x-ms-routing-request-id": "UKSOUTH:20240714T090414Z:7b01b21d-8528-4cc0-8d30-5e737529db0b",
        "X-MSEdge-Ref": "Ref A: 01C902F92AF742D0A263FF146D5CBB07 Ref B: AMS231022012019 Ref C: 2024-07-14T09:04:14Z"
      },
      "ResponseBody": {
        "id": "/subscriptions/066c6e9e-c9ae-453d-bd2c-dacb1194fc0d/resourceGroups/rg-badeamarjiehfabric",
        "name": "rg-badeamarjiehfabric",
        "type": "Microsoft.Resources/resourceGroups",
        "location": "westus",
        "tags": {
          "Owners": "badeamarjieh",
          "DeleteAfter": "2024-07-22T12:32:26.3361867+00:00",
          "ServiceDirectory": "fabric"
        },
        "properties": {
          "provisioningState": "Succeeded"
        }
      }
    },
    {
      "RequestUri": "https://management.azure.com/subscriptions/066c6e9e-c9ae-453d-bd2c-dacb1194fc0d/resourceGroups/rg-badeamarjiehfabric/providers/Microsoft.Fabric/capacities/ta67127488ee9bc48?api-version=2023-11-01",
      "RequestMethod": "GET",
      "RequestHeaders": {
        "Accept": "application/json",
        "Authorization": "Sanitized",
        "traceparent": "00-4b5ca1e3aa86a78bba60baf9e191dae5-d8ebbf75e0f3d835-00",
        "User-Agent": "azsdk-net-ResourceManager.Fabric/1.0.0-alpha.20240711.1 (.NET 6.0.32; Microsoft Windows 10.0.22631)",
        "x-ms-client-request-id": "Sanitized",
        "x-ms-return-client-request-id": "true"
      },
      "RequestBody": null,
      "StatusCode": 200,
      "ResponseHeaders": {
        "Cache-Control": "no-cache",
        "Content-Length": "436",
        "Content-Security-Policy": "script-src 'self'",
        "Content-Type": "application/json; charset=utf-8",
        "Date": "Sun, 14 Jul 2024 09:04:15 GMT",
        "Expires": "-1",
        "Pragma": "no-cache",
        "Strict-Transport-Security": "max-age=31536000; includeSubDomains",
        "X-Cache": "CONFIG_NOCACHE",
        "X-Content-Type-Options": "nosniff",
        "X-Frame-Options": "DENY",
        "x-ms-client-request-id": "Sanitized",
        "x-ms-correlation-request-id": "4a780542-2273-44fe-bd2b-758355dda568",
        "x-ms-current-utc-date": "7/14/2024 9:04:15 AM",
        "x-ms-ratelimit-remaining-subscription-global-reads": "3749",
        "x-ms-ratelimit-remaining-subscription-reads": "249",
        "x-ms-request-id": "280c120d-d400-4f1d-91a3-aa6e99d11ff0",
        "x-ms-routing-request-id": "UKSOUTH:20240714T090415Z:4a780542-2273-44fe-bd2b-758355dda568",
        "X-MSEdge-Ref": "Ref A: 2C94A88F6EFD45C99C17FF0E8D3B6AB1 Ref B: AMS231022012019 Ref C: 2024-07-14T09:04:14Z",
        "X-XSS-Protection": "1; mode=block"
      },
      "ResponseBody": {
        "properties": {
          "provisioningState": "Succeeded",
          "state": "Active",
          "administration": {
            "members": [
              "VsavTest@pbiotest.onmicrosoft.com"
            ]
          }
        },
        "id": "/subscriptions/066c6e9e-c9ae-453d-bd2c-dacb1194fc0d/resourceGroups/rg-badeamarjiehfabric/providers/Microsoft.Fabric/capacities/ta67127488ee9bc48",
        "name": "ta67127488ee9bc48",
        "type": "Microsoft.Fabric/capacities",
        "location": "West US",
        "sku": {
          "name": "F2",
          "tier": "Fabric"
        },
        "tags": {
          "azd-env-name": "TEST"
        }
      }
    },
    {
      "RequestUri": "https://management.azure.com/subscriptions/066c6e9e-c9ae-453d-bd2c-dacb1194fc0d/resourceGroups/rg-badeamarjiehfabric/providers/Microsoft.Fabric/capacities/ta67127488ee9bc48/skus?api-version=2023-11-01",
      "RequestMethod": "GET",
      "RequestHeaders": {
        "Accept": "application/json",
        "Authorization": "Sanitized",
        "traceparent": "00-746b34ef883d0c233d9969660fd0c5e9-b6a33a8f94ab7f06-00",
        "User-Agent": "azsdk-net-ResourceManager.Fabric/1.0.0-alpha.20240711.1 (.NET 6.0.32; Microsoft Windows 10.0.22631)",
        "x-ms-client-request-id": "Sanitized",
        "x-ms-return-client-request-id": "true"
      },
      "RequestBody": null,
      "StatusCode": 200,
      "ResponseHeaders": {
        "Cache-Control": "no-cache",
        "Content-Length": "939",
        "Content-Security-Policy": "script-src 'self'",
        "Content-Type": "application/json; charset=utf-8",
        "Date": "Sun, 14 Jul 2024 09:04:15 GMT",
        "Expires": "-1",
        "Pragma": "no-cache",
        "Strict-Transport-Security": "max-age=31536000; includeSubDomains",
        "X-Cache": "CONFIG_NOCACHE",
        "X-Content-Type-Options": "nosniff",
        "X-Frame-Options": "DENY",
        "x-ms-client-request-id": "Sanitized",
        "x-ms-correlation-request-id": "0c773607-e866-4ad8-899e-46f9be06fe14",
        "x-ms-current-utc-date": "7/14/2024 9:04:15 AM",
        "x-ms-ratelimit-remaining-subscription-global-reads": "3748",
        "x-ms-ratelimit-remaining-subscription-reads": "248",
        "x-ms-request-id": "b61095dd-eea7-4357-bc57-5f40af881ee5",
        "x-ms-routing-request-id": "UKSOUTH:20240714T090416Z:0c773607-e866-4ad8-899e-46f9be06fe14",
        "X-MSEdge-Ref": "Ref A: E8A60BB0C28B470380852700214F7BAE Ref B: AMS231022012019 Ref C: 2024-07-14T09:04:15Z",
        "X-XSS-Protection": "1; mode=block"
      },
      "ResponseBody": {
        "value": [
          {
            "resourceType": "Microsoft.Fabric/capacities",
            "sku": {
              "name": "F16",
              "tier": "Fabric"
            }
          },
          {
            "resourceType": "Microsoft.Fabric/capacities",
            "sku": {
              "name": "F8",
              "tier": "Fabric"
            }
          },
          {
            "resourceType": "Microsoft.Fabric/capacities",
            "sku": {
              "name": "F64",
              "tier": "Fabric"
            }
          },
          {
            "resourceType": "Microsoft.Fabric/capacities",
            "sku": {
              "name": "F1024",
              "tier": "Fabric"
            }
          },
          {
            "resourceType": "Microsoft.Fabric/capacities",
            "sku": {
              "name": "F128",
              "tier": "Fabric"
            }
          },
          {
            "resourceType": "Microsoft.Fabric/capacities",
            "sku": {
              "name": "F2",
              "tier": "Fabric"
            }
          },
          {
            "resourceType": "Microsoft.Fabric/capacities",
            "sku": {
              "name": "F256",
              "tier": "Fabric"
            }
          },
          {
            "resourceType": "Microsoft.Fabric/capacities",
            "sku": {
              "name": "F32",
              "tier": "Fabric"
            }
          },
          {
            "resourceType": "Microsoft.Fabric/capacities",
            "sku": {
              "name": "F4",
              "tier": "Fabric"
            }
          },
          {
            "resourceType": "Microsoft.Fabric/capacities",
            "sku": {
              "name": "F512",
              "tier": "Fabric"
            }
          },
          {
            "resourceType": "Microsoft.Fabric/capacities",
            "sku": {
              "name": "F2048",
              "tier": "Fabric"
            }
          }
        ]
      }
    }
  ],
  "Variables": {
    "FABRIC_CAPACITY_NAME": "ta67127488ee9bc48",
    "RandomSeed": "1725507579",
    "RESOURCE_GROUP": "rg-badeamarjiehfabric",
    "RESOURCE_MANAGER_URL": "https://management.azure.com/",
    "SUBSCRIPTION_ID": "066c6e9e-c9ae-453d-bd2c-dacb1194fc0d"
  }
}
