{
  "Entries": [
    {
      "RequestUri": "https://management.azure.com/tenants?api-version=2022-12-01",
      "RequestMethod": "GET",
      "RequestHeaders": {
        "Accept": "application/json",
        "Authorization": "Sanitized",
        "traceparent": "00-f2be86f822580a1bd977e14c350f42c8-245049bfab6a5dbc-00",
        "User-Agent": "azsdk-net-ResourceManager/1.7.0 (.NET 7.0.12; Microsoft Windows 10.0.22621)",
        "x-ms-client-request-id": "4fa74e1bae936e7bf533771c25199170",
        "x-ms-return-client-request-id": "true"
      },
      "RequestBody": null,
      "StatusCode": 200,
      "ResponseHeaders": {
        "Cache-Control": "no-cache",
        "Content-Length": "140",
        "Content-Type": "application/json; charset=utf-8",
        "Date": "Mon, 23 Oct 2023 21:53:14 GMT",
        "Expires": "-1",
        "Pragma": "no-cache",
        "Strict-Transport-Security": "max-age=31536000; includeSubDomains",
        "X-Content-Type-Options": "nosniff",
        "x-ms-correlation-request-id": "896323cd-6243-4e56-a988-f588852f6349",
        "x-ms-ratelimit-remaining-tenant-reads": "11998",
        "x-ms-request-id": "896323cd-6243-4e56-a988-f588852f6349",
        "x-ms-routing-request-id": "WESTUS2:20231023T215314Z:896323cd-6243-4e56-a988-f588852f6349"
      },
      "ResponseBody": {
        "value": [
          {
            "id": "/tenants/a73527ee-8243-45dd-8920-ec148d4ad0f8",
            "tenantId": "a73527ee-8243-45dd-8920-ec148d4ad0f8",
            "tenantCategory": "Home"
          }
        ]
      }
    },
    {
      "RequestUri": "https://management.azure.com/subscriptions/cca0326c-4c31-46d8-8fcb-c67023a46f4b?api-version=2022-12-01",
      "RequestMethod": "GET",
      "RequestHeaders": {
        "Accept": "application/json",
        "Authorization": "Sanitized",
        "traceparent": "00-2bf005fc5e7ef3d3bc62d36cf92032fb-c8a0c792913aa873-00",
        "User-Agent": "azsdk-net-ResourceManager/1.7.0 (.NET 7.0.12; Microsoft Windows 10.0.22621)",
        "x-ms-client-request-id": "0d5b23f092d4e1e6237026845c922e5d",
        "x-ms-return-client-request-id": "true"
      },
      "RequestBody": null,
      "StatusCode": 200,
      "ResponseHeaders": {
        "Cache-Control": "no-cache",
        "Content-Length": "408",
        "Content-Type": "application/json; charset=utf-8",
        "Date": "Mon, 23 Oct 2023 21:53:14 GMT",
        "Expires": "-1",
        "Pragma": "no-cache",
        "Strict-Transport-Security": "max-age=31536000; includeSubDomains",
        "X-Content-Type-Options": "nosniff",
        "x-ms-correlation-request-id": "56c5fda9-9e58-4a54-a8e9-706f432a0306",
        "x-ms-ratelimit-remaining-subscription-reads": "11997",
        "x-ms-request-id": "56c5fda9-9e58-4a54-a8e9-706f432a0306",
        "x-ms-routing-request-id": "WESTUS2:20231023T215314Z:56c5fda9-9e58-4a54-a8e9-706f432a0306"
      },
      "ResponseBody": {
        "id": "/subscriptions/cca0326c-4c31-46d8-8fcb-c67023a46f4b",
        "authorizationSource": "RoleBased",
        "managedByTenants": [],
        "subscriptionId": "cca0326c-4c31-46d8-8fcb-c67023a46f4b",
        "tenantId": "a73527ee-8243-45dd-8920-ec148d4ad0f8",
        "displayName": "Microsoft Azure Sponsorship 2",
        "state": "Enabled",
        "subscriptionPolicies": {
          "locationPlacementId": "Public_2014-09-01",
          "quotaId": "Sponsored_2016-01-01",
          "spendingLimit": "Off"
        }
      }
    },
    {
      "RequestUri": "https://management.azure.com/subscriptions/cca0326c-4c31-46d8-8fcb-c67023a46f4b/providers/Microsoft.Support/supportTickets/dotnet_sdk_test_638336695945389406?api-version=2022-09-01-preview",
      "RequestMethod": "PUT",
      "RequestHeaders": {
        "Accept": "application/json",
        "Authorization": "Sanitized",
        "Content-Length": "724",
        "Content-Type": "application/json",
        "traceparent": "00-34e41e513751a682ce9aa08723262bb2-2950358daf07c569-00",
        "User-Agent": "azsdk-net-ResourceManager.Support/1.1.0-alpha.20231020.1 (.NET 7.0.12; Microsoft Windows 10.0.22621)",
        "x-ms-client-request-id": "0ec648e159c7f7bd8a9fc70af726941b",
        "x-ms-return-client-request-id": "true"
      },
      "RequestBody": {
        "properties": {
          "description": "dotnet sdk unit test, please close",
          "problemClassificationId": "/providers/microsoft.support/services/376afb21-6bd3-91aa-fd58-39fd84d8c201/problemclassifications/03014459-4572-f8f0-32b0-88833f234f25",
          "severity": "Minimal",
          "require24X7Response": false,
          "advancedDiagnosticConsent": "No",
          "contactDetails": {
            "firstName": "test",
            "lastName": "test",
            "preferredContactMethod": "email",
            "primaryEmailAddress": "test@microsoft.com",
            "preferredTimeZone": "Dateline Standard Time",
            "country": "USA",
            "preferredSupportLanguage": "en-us"
          },
          "title": "dotnet sdk unit test, please close",
          "problemStartTime": "2023-10-23T21:53:14.5395098Z",
          "serviceId": "/providers/microsoft.support/services/376afb21-6bd3-91aa-fd58-39fd84d8c201"
        }
      },
      "StatusCode": 202,
      "ResponseHeaders": {
        "Azure-AsyncOperation": "https://management.azure.com/subscriptions/cca0326c-4c31-46d8-8fcb-c67023a46f4b/providers/Microsoft.Support/operationsStatus/d208cd36-8c02-4116-a686-51695d8d5432?api-version=2022-09-01-preview",
        "Cache-Control": "no-cache",
        "Content-Length": "0",
        "Date": "Mon, 23 Oct 2023 21:53:15 GMT",
        "Expires": "-1",
        "Location": "https://management.azure.com/subscriptions/cca0326c-4c31-46d8-8fcb-c67023a46f4b/providers/Microsoft.Support/operationResults/d208cd36-8c02-4116-a686-51695d8d5432?api-version=2022-09-01-preview",
        "Pragma": "no-cache",
        "Server": "Kestrel",
        "Strict-Transport-Security": "max-age=31536000; includeSubDomains",
        "X-Content-Type-Options": "nosniff",
        "x-ms-correlation-request-id": "d2b4d89a-b314-42c7-8b26-ae4efb3d3ced",
        "x-ms-ratelimit-remaining-subscription-writes": "1199",
        "x-ms-request-id": "d2b4d89a-b314-42c7-8b26-ae4efb3d3ced",
        "x-ms-routing-request-id": "WESTUS2:20231023T215315Z:d2b4d89a-b314-42c7-8b26-ae4efb3d3ced"
      },
      "ResponseBody": null
    },
    {
      "RequestUri": "https://management.azure.com/subscriptions/cca0326c-4c31-46d8-8fcb-c67023a46f4b/providers/Microsoft.Support/operationsStatus/d208cd36-8c02-4116-a686-51695d8d5432?api-version=2022-09-01-preview",
      "RequestMethod": "GET",
      "RequestHeaders": {
        "Authorization": "Sanitized",
        "traceparent": "00-34e41e513751a682ce9aa08723262bb2-f63486d5cf576ab9-00",
        "User-Agent": "azsdk-net-ResourceManager/1.7.0 (.NET 7.0.12; Microsoft Windows 10.0.22621)",
        "x-ms-client-request-id": "dc3a1904825297a966638234cadbeafc",
        "x-ms-return-client-request-id": "true"
      },
      "RequestBody": null,
      "StatusCode": 200,
      "ResponseHeaders": {
        "Cache-Control": "no-cache",
        "Content-Length": "164",
        "Content-Type": "application/json; charset=utf-8",
        "Date": "Mon, 23 Oct 2023 21:53:15 GMT",
        "Expires": "-1",
        "Pragma": "no-cache",
        "Server": "Kestrel",
        "Strict-Transport-Security": "max-age=31536000; includeSubDomains",
        "X-Content-Type-Options": "nosniff",
        "x-ms-correlation-request-id": "4fb598d3-71f1-4bcd-9b11-9d6b8c772b51",
        "x-ms-ratelimit-remaining-subscription-reads": "11996",
        "x-ms-request-id": "4fb598d3-71f1-4bcd-9b11-9d6b8c772b51",
        "x-ms-routing-request-id": "WESTUS2:20231023T215315Z:4fb598d3-71f1-4bcd-9b11-9d6b8c772b51"
      },
      "ResponseBody": {
        "id": "/subscriptions/cca0326c-4c31-46d8-8fcb-c67023a46f4b/providers/Microsoft.Support/operationsStatus/d208cd36-8c02-4116-a686-51695d8d5432",
        "status": "InProgress"
      }
    },
    {
      "RequestUri": "https://management.azure.com/subscriptions/cca0326c-4c31-46d8-8fcb-c67023a46f4b/providers/Microsoft.Support/operationsStatus/d208cd36-8c02-4116-a686-51695d8d5432?api-version=2022-09-01-preview",
      "RequestMethod": "GET",
      "RequestHeaders": {
        "Authorization": "Sanitized",
        "traceparent": "00-34e41e513751a682ce9aa08723262bb2-20ac4d59b2efaaa0-00",
        "User-Agent": "azsdk-net-ResourceManager/1.7.0 (.NET 7.0.12; Microsoft Windows 10.0.22621)",
        "x-ms-client-request-id": "f44b0bdc48497812383ca6002d9a6f93",
        "x-ms-return-client-request-id": "true"
      },
      "RequestBody": null,
      "StatusCode": 200,
      "ResponseHeaders": {
        "Cache-Control": "no-cache",
        "Content-Length": "164",
        "Content-Type": "application/json; charset=utf-8",
        "Date": "Mon, 23 Oct 2023 21:53:16 GMT",
        "Expires": "-1",
        "Pragma": "no-cache",
        "Server": "Kestrel",
        "Strict-Transport-Security": "max-age=31536000; includeSubDomains",
        "X-Content-Type-Options": "nosniff",
        "x-ms-correlation-request-id": "453000df-e74b-4e97-a862-f2201fffa7d7",
        "x-ms-ratelimit-remaining-subscription-reads": "11995",
        "x-ms-request-id": "453000df-e74b-4e97-a862-f2201fffa7d7",
        "x-ms-routing-request-id": "WESTUS2:20231023T215316Z:453000df-e74b-4e97-a862-f2201fffa7d7"
      },
      "ResponseBody": {
        "id": "/subscriptions/cca0326c-4c31-46d8-8fcb-c67023a46f4b/providers/Microsoft.Support/operationsStatus/d208cd36-8c02-4116-a686-51695d8d5432",
        "status": "InProgress"
      }
    },
    {
      "RequestUri": "https://management.azure.com/subscriptions/cca0326c-4c31-46d8-8fcb-c67023a46f4b/providers/Microsoft.Support/operationsStatus/d208cd36-8c02-4116-a686-51695d8d5432?api-version=2022-09-01-preview",
      "RequestMethod": "GET",
      "RequestHeaders": {
        "Authorization": "Sanitized",
        "traceparent": "00-34e41e513751a682ce9aa08723262bb2-458d91cb8212e698-00",
        "User-Agent": "azsdk-net-ResourceManager/1.7.0 (.NET 7.0.12; Microsoft Windows 10.0.22621)",
        "x-ms-client-request-id": "dd05648db8ecb6c8bfb180e8e7dbbe8c",
        "x-ms-return-client-request-id": "true"
      },
      "RequestBody": null,
      "StatusCode": 200,
      "ResponseHeaders": {
        "Cache-Control": "no-cache",
        "Content-Length": "164",
        "Content-Type": "application/json; charset=utf-8",
        "Date": "Mon, 23 Oct 2023 21:53:18 GMT",
        "Expires": "-1",
        "Pragma": "no-cache",
        "Server": "Kestrel",
        "Strict-Transport-Security": "max-age=31536000; includeSubDomains",
        "X-Content-Type-Options": "nosniff",
        "x-ms-correlation-request-id": "899b7b52-611c-4e51-b0cc-dd546ae90781",
        "x-ms-ratelimit-remaining-subscription-reads": "11994",
        "x-ms-request-id": "899b7b52-611c-4e51-b0cc-dd546ae90781",
        "x-ms-routing-request-id": "WESTUS2:20231023T215318Z:899b7b52-611c-4e51-b0cc-dd546ae90781"
      },
      "ResponseBody": {
        "id": "/subscriptions/cca0326c-4c31-46d8-8fcb-c67023a46f4b/providers/Microsoft.Support/operationsStatus/d208cd36-8c02-4116-a686-51695d8d5432",
        "status": "InProgress"
      }
    },
    {
      "RequestUri": "https://management.azure.com/subscriptions/cca0326c-4c31-46d8-8fcb-c67023a46f4b/providers/Microsoft.Support/operationsStatus/d208cd36-8c02-4116-a686-51695d8d5432?api-version=2022-09-01-preview",
      "RequestMethod": "GET",
      "RequestHeaders": {
        "Authorization": "Sanitized",
        "traceparent": "00-34e41e513751a682ce9aa08723262bb2-7f4248115f71e5b7-00",
        "User-Agent": "azsdk-net-ResourceManager/1.7.0 (.NET 7.0.12; Microsoft Windows 10.0.22621)",
        "x-ms-client-request-id": "7c4630db1eabbc1907c1a316dba86acb",
        "x-ms-return-client-request-id": "true"
      },
      "RequestBody": null,
      "StatusCode": 200,
      "ResponseHeaders": {
        "Cache-Control": "no-cache",
        "Content-Length": "164",
        "Content-Type": "application/json; charset=utf-8",
        "Date": "Mon, 23 Oct 2023 21:53:19 GMT",
        "Expires": "-1",
        "Pragma": "no-cache",
        "Server": "Kestrel",
        "Strict-Transport-Security": "max-age=31536000; includeSubDomains",
        "X-Content-Type-Options": "nosniff",
        "x-ms-correlation-request-id": "140044fd-1477-4707-95e9-03620924f0ba",
        "x-ms-ratelimit-remaining-subscription-reads": "11993",
        "x-ms-request-id": "140044fd-1477-4707-95e9-03620924f0ba",
        "x-ms-routing-request-id": "WESTUS2:20231023T215319Z:140044fd-1477-4707-95e9-03620924f0ba"
      },
      "ResponseBody": {
        "id": "/subscriptions/cca0326c-4c31-46d8-8fcb-c67023a46f4b/providers/Microsoft.Support/operationsStatus/d208cd36-8c02-4116-a686-51695d8d5432",
        "status": "InProgress"
      }
    },
    {
      "RequestUri": "https://management.azure.com/subscriptions/cca0326c-4c31-46d8-8fcb-c67023a46f4b/providers/Microsoft.Support/operationsStatus/d208cd36-8c02-4116-a686-51695d8d5432?api-version=2022-09-01-preview",
      "RequestMethod": "GET",
      "RequestHeaders": {
        "Authorization": "Sanitized",
        "traceparent": "00-34e41e513751a682ce9aa08723262bb2-b1e414da4d46db7c-00",
        "User-Agent": "azsdk-net-ResourceManager/1.7.0 (.NET 7.0.12; Microsoft Windows 10.0.22621)",
        "x-ms-client-request-id": "66a7eff30cd6240f43943498c829915d",
        "x-ms-return-client-request-id": "true"
      },
      "RequestBody": null,
      "StatusCode": 200,
      "ResponseHeaders": {
        "Cache-Control": "no-cache",
        "Content-Length": "249",
        "Content-Type": "application/json; charset=utf-8",
        "Date": "Mon, 23 Oct 2023 21:53:21 GMT",
        "Expires": "-1",
        "Pragma": "no-cache",
        "Server": "Kestrel",
        "Strict-Transport-Security": "max-age=31536000; includeSubDomains",
        "X-Content-Type-Options": "nosniff",
        "x-ms-correlation-request-id": "3243a47c-6420-40ce-983c-ab956811b700",
        "x-ms-ratelimit-remaining-subscription-reads": "11992",
        "x-ms-request-id": "3243a47c-6420-40ce-983c-ab956811b700",
        "x-ms-routing-request-id": "WESTUS2:20231023T215321Z:3243a47c-6420-40ce-983c-ab956811b700"
      },
      "ResponseBody": {
        "id": "/subscriptions/cca0326c-4c31-46d8-8fcb-c67023a46f4b/providers/Microsoft.Support/operationsStatus/d208cd36-8c02-4116-a686-51695d8d5432",
        "status": "Succeeded",
        "properties": {
          "supportTicketCreationWarning": "",
          "supportTicketId": "2310230010005260"
        }
      }
    },
    {
      "RequestUri": "https://management.azure.com/subscriptions/cca0326c-4c31-46d8-8fcb-c67023a46f4b/providers/Microsoft.Support/supportTickets/dotnet_sdk_test_638336695945389406?api-version=2022-09-01-preview",
      "RequestMethod": "GET",
      "RequestHeaders": {
        "Authorization": "Sanitized",
        "traceparent": "00-34e41e513751a682ce9aa08723262bb2-d69c029077a1123b-00",
        "User-Agent": "azsdk-net-ResourceManager/1.7.0 (.NET 7.0.12; Microsoft Windows 10.0.22621)",
        "x-ms-client-request-id": "fd24197df2546fe74a49d62a14b1da16",
        "x-ms-return-client-request-id": "true"
      },
      "RequestBody": null,
      "StatusCode": 200,
      "ResponseHeaders": {
        "Cache-Control": "no-cache",
        "Content-Length": "1539",
        "Content-Type": "application/json; charset=utf-8",
        "Date": "Mon, 23 Oct 2023 21:53:22 GMT",
        "Expires": "-1",
        "Pragma": "no-cache",
        "Server": "Kestrel",
        "Strict-Transport-Security": "max-age=31536000; includeSubDomains",
        "X-Content-Type-Options": "nosniff",
        "x-ms-correlation-request-id": "5f83b471-0cb1-468f-8f86-b0e9ddfa4b4b",
        "x-ms-ratelimit-remaining-subscription-reads": "11991",
        "x-ms-request-id": "5f83b471-0cb1-468f-8f86-b0e9ddfa4b4b",
        "x-ms-routing-request-id": "WESTUS2:20231023T215322Z:5f83b471-0cb1-468f-8f86-b0e9ddfa4b4b"
      },
      "ResponseBody": {
        "id": "/subscriptions/cca0326c-4c31-46d8-8fcb-c67023a46f4b/providers/Microsoft.Support/supportTickets/dotnet_sdk_test_638336695945389406",
        "name": "dotnet_sdk_test_638336695945389406",
        "type": "Microsoft.Support/supportTickets",
        "properties": {
          "description": "dotnet sdk unit test, please close",
          "problemClassificationId": "/providers/Microsoft.Support/services/376afb21-6bd3-91aa-fd58-39fd84d8c201/problemClassifications/03014459-4572-f8f0-32b0-88833f234f25",
          "problemClassificationDisplayName": "Test Support Topic 1",
          "severity": "Minimal",
          "require24X7Response": false,
          "enrollmentId": "",
          "contactDetails": {
            "firstName": "test",
            "lastName": "test",
            "preferredContactMethod": "Email",
            "primaryEmailAddress": "test@microsoft.com",
            "preferredTimeZone": "Dateline Standard Time",
            "country": "USA",
            "preferredSupportLanguage": "en-us"
          },
          "supportEngineer": {},
          "supportPlanType": "ProDirect",
          "supportPlanDisplayName": "Azure Support Plan \u2013 ProDirect",
          "advancedDiagnosticConsent": "No",
          "isTemporaryTicket": "No",
          "supportPlanId": "U291cmNlOkVBLFN1YnNjcmlwdGlvbklkOkNDQTAzMjZDLTRDMzEtNDZEOC04RkNCLUM2NzAyM0E0NkY0QixPZmZlcklkOk1TLUFaUi0wMDQyUCxTb3ZlcmVpZ25DbG91ZDpQdWJsaWMs",
          "fileWorkspaceName": "2310230010005260",
          "supportTicketId": "2310230010005260",
          "title": "dotnet sdk unit test, please close",
          "serviceId": "/providers/Microsoft.Support/services/376afb21-6bd3-91aa-fd58-39fd84d8c201",
          "serviceDisplayName": "Test Product Case Submission - Preview",
          "status": "Open",
          "problemStartTime": "2023-10-23T21:53:14Z",
          "createdDate": "2023-10-23T21:53:19Z",
          "modifiedDate": "2023-10-23T21:53:19Z"
        }
      }
    },
    {
      "RequestUri": "https://management.azure.com/subscriptions/cca0326c-4c31-46d8-8fcb-c67023a46f4b/providers/Microsoft.Support/supportTickets/dotnet_sdk_test_638336695945389406?api-version=2022-09-01-preview",
      "RequestMethod": "GET",
      "RequestHeaders": {
        "Accept": "application/json",
        "Authorization": "Sanitized",
        "traceparent": "00-b6b5a42f26f4c1b4643e725394aeb047-03cbe40218084a34-00",
        "User-Agent": "azsdk-net-ResourceManager.Support/1.1.0-alpha.20231020.1 (.NET 7.0.12; Microsoft Windows 10.0.22621)",
        "x-ms-client-request-id": "f7f4b4475833cfb620223917e981f3dd",
        "x-ms-return-client-request-id": "true"
      },
      "RequestBody": null,
      "StatusCode": 200,
      "ResponseHeaders": {
        "Cache-Control": "no-cache",
        "Content-Length": "1539",
        "Content-Type": "application/json; charset=utf-8",
        "Date": "Mon, 23 Oct 2023 21:53:22 GMT",
        "Expires": "-1",
        "Pragma": "no-cache",
        "Server": "Kestrel",
        "Strict-Transport-Security": "max-age=31536000; includeSubDomains",
        "X-Content-Type-Options": "nosniff",
        "x-ms-correlation-request-id": "7463ea89-6ad1-4a1b-9c6d-bb493281be82",
        "x-ms-ratelimit-remaining-subscription-reads": "11990",
        "x-ms-request-id": "7463ea89-6ad1-4a1b-9c6d-bb493281be82",
        "x-ms-routing-request-id": "WESTUS2:20231023T215323Z:7463ea89-6ad1-4a1b-9c6d-bb493281be82"
      },
      "ResponseBody": {
        "id": "/subscriptions/cca0326c-4c31-46d8-8fcb-c67023a46f4b/providers/Microsoft.Support/supportTickets/dotnet_sdk_test_638336695945389406",
        "name": "dotnet_sdk_test_638336695945389406",
        "type": "Microsoft.Support/supportTickets",
        "properties": {
          "description": "dotnet sdk unit test, please close",
          "problemClassificationId": "/providers/Microsoft.Support/services/376afb21-6bd3-91aa-fd58-39fd84d8c201/problemClassifications/03014459-4572-f8f0-32b0-88833f234f25",
          "problemClassificationDisplayName": "Test Support Topic 1",
          "severity": "Minimal",
          "require24X7Response": false,
          "enrollmentId": "",
          "contactDetails": {
            "firstName": "test",
            "lastName": "test",
            "preferredContactMethod": "Email",
            "primaryEmailAddress": "test@microsoft.com",
            "preferredTimeZone": "Dateline Standard Time",
            "country": "USA",
            "preferredSupportLanguage": "en-us"
          },
          "supportEngineer": {},
          "supportPlanType": "ProDirect",
          "supportPlanDisplayName": "Azure Support Plan \u2013 ProDirect",
          "advancedDiagnosticConsent": "No",
          "isTemporaryTicket": "No",
          "supportPlanId": "U291cmNlOkVBLFN1YnNjcmlwdGlvbklkOkNDQTAzMjZDLTRDMzEtNDZEOC04RkNCLUM2NzAyM0E0NkY0QixPZmZlcklkOk1TLUFaUi0wMDQyUCxTb3ZlcmVpZ25DbG91ZDpQdWJsaWMs",
          "fileWorkspaceName": "2310230010005260",
          "supportTicketId": "2310230010005260",
          "title": "dotnet sdk unit test, please close",
          "serviceId": "/providers/Microsoft.Support/services/376afb21-6bd3-91aa-fd58-39fd84d8c201",
          "serviceDisplayName": "Test Product Case Submission - Preview",
          "status": "Open",
          "problemStartTime": "2023-10-23T21:53:14Z",
          "createdDate": "2023-10-23T21:53:19Z",
          "modifiedDate": "2023-10-23T21:53:19Z"
        }
      }
    }
  ],
  "Variables": {
    "AZURE_AUTHORITY_HOST": "https://login.microsoftonline.com",
    "RandomSeed": "1782496552",
    "RESOURCE_MANAGER_URL": null,
    "SUBSCRIPTION_ID": "cca0326c-4c31-46d8-8fcb-c67023a46f4b"
  }
}
