{
  "Entries": [
    {
      "RequestUri": "https://management.azure.com/tenants?api-version=2022-12-01",
      "RequestMethod": "GET",
      "RequestHeaders": {
        "Accept": "application/json",
        "Authorization": "Sanitized",
        "User-Agent": "azsdk-net-ResourceManager/1.7.0 (.NET 7.0.12; Microsoft Windows 10.0.22621)",
        "x-ms-client-request-id": "509d3b9aae09485cf75625d6a3c3be75",
        "x-ms-return-client-request-id": "true"
      },
      "RequestBody": null,
      "StatusCode": 200,
      "ResponseHeaders": {
        "Cache-Control": "no-cache",
        "Content-Length": "140",
        "Content-Type": "application/json; charset=utf-8",
        "Date": "Mon, 23 Oct 2023 21:54:09 GMT",
        "Expires": "-1",
        "Pragma": "no-cache",
        "Strict-Transport-Security": "max-age=31536000; includeSubDomains",
        "X-Content-Type-Options": "nosniff",
        "x-ms-correlation-request-id": "048e9093-7dfc-429d-bde5-29e89e23eb08",
        "x-ms-ratelimit-remaining-tenant-reads": "11991",
        "x-ms-request-id": "048e9093-7dfc-429d-bde5-29e89e23eb08",
        "x-ms-routing-request-id": "WESTUS2:20231023T215410Z:048e9093-7dfc-429d-bde5-29e89e23eb08"
      },
      "ResponseBody": {
        "value": [
          {
            "id": "/tenants/a73527ee-8243-45dd-8920-ec148d4ad0f8",
            "tenantId": "a73527ee-8243-45dd-8920-ec148d4ad0f8",
            "tenantCategory": "Home"
          }
        ]
      }
    },
    {
      "RequestUri": "https://management.azure.com/subscriptions/cca0326c-4c31-46d8-8fcb-c67023a46f4b?api-version=2022-12-01",
      "RequestMethod": "GET",
      "RequestHeaders": {
        "Accept": "application/json",
        "Authorization": "Sanitized",
        "traceparent": "00-5814a91e2e08564208c9b306fbabf7c2-a41668a4f0e1ea5f-00",
        "User-Agent": "azsdk-net-ResourceManager/1.7.0 (.NET 7.0.12; Microsoft Windows 10.0.22621)",
        "x-ms-client-request-id": "187eb3df82ae0e5d5414b3c40f40b006",
        "x-ms-return-client-request-id": "true"
      },
      "RequestBody": null,
      "StatusCode": 200,
      "ResponseHeaders": {
        "Cache-Control": "no-cache",
        "Content-Length": "408",
        "Content-Type": "application/json; charset=utf-8",
        "Date": "Mon, 23 Oct 2023 21:54:09 GMT",
        "Expires": "-1",
        "Pragma": "no-cache",
        "Strict-Transport-Security": "max-age=31536000; includeSubDomains",
        "X-Content-Type-Options": "nosniff",
        "x-ms-correlation-request-id": "8a528435-4c89-44db-9b6a-5c98e3fd219e",
        "x-ms-ratelimit-remaining-subscription-reads": "11940",
        "x-ms-request-id": "8a528435-4c89-44db-9b6a-5c98e3fd219e",
        "x-ms-routing-request-id": "WESTUS2:20231023T215410Z:8a528435-4c89-44db-9b6a-5c98e3fd219e"
      },
      "ResponseBody": {
        "id": "/subscriptions/cca0326c-4c31-46d8-8fcb-c67023a46f4b",
        "authorizationSource": "RoleBased",
        "managedByTenants": [],
        "subscriptionId": "cca0326c-4c31-46d8-8fcb-c67023a46f4b",
        "tenantId": "a73527ee-8243-45dd-8920-ec148d4ad0f8",
        "displayName": "Microsoft Azure Sponsorship 2",
        "state": "Enabled",
        "subscriptionPolicies": {
          "locationPlacementId": "Public_2014-09-01",
          "quotaId": "Sponsored_2016-01-01",
          "spendingLimit": "Off"
        }
      }
    },
    {
      "RequestUri": "https://management.azure.com/subscriptions/cca0326c-4c31-46d8-8fcb-c67023a46f4b/providers/Microsoft.Support/supportTickets/dotnet_sdk_test_638333917418076091?api-version=2022-09-01-preview",
      "RequestMethod": "GET",
      "RequestHeaders": {
        "Accept": "application/json",
        "Authorization": "Sanitized",
        "traceparent": "00-f1024d7b20c565b6c74fe689eac3c773-aa0a9b51b9e94df5-00",
        "User-Agent": "azsdk-net-ResourceManager.Support/1.1.0-alpha.20231020.1 (.NET 7.0.12; Microsoft Windows 10.0.22621)",
        "x-ms-client-request-id": "d0a748a07360399def7bb93fd4b1049c",
        "x-ms-return-client-request-id": "true"
      },
      "RequestBody": null,
      "StatusCode": 200,
      "ResponseHeaders": {
        "Cache-Control": "no-cache",
        "Content-Length": "1657",
        "Content-Type": "application/json; charset=utf-8",
        "Date": "Mon, 23 Oct 2023 21:54:10 GMT",
        "Expires": "-1",
        "Pragma": "no-cache",
        "Server": "Kestrel",
        "Strict-Transport-Security": "max-age=31536000; includeSubDomains",
        "X-Content-Type-Options": "nosniff",
        "x-ms-correlation-request-id": "48f2b2f1-ae80-4ccd-857c-be6cad5e87dd",
        "x-ms-ratelimit-remaining-subscription-reads": "11939",
        "x-ms-request-id": "48f2b2f1-ae80-4ccd-857c-be6cad5e87dd",
        "x-ms-routing-request-id": "WESTUS2:20231023T215410Z:48f2b2f1-ae80-4ccd-857c-be6cad5e87dd"
      },
      "ResponseBody": {
        "id": "/subscriptions/cca0326c-4c31-46d8-8fcb-c67023a46f4b/providers/Microsoft.Support/supportTickets/dotnet_sdk_test_638333917418076091",
        "name": "dotnet_sdk_test_638333917418076091",
        "type": "Microsoft.Support/supportTickets",
        "properties": {
          "description": "dotnet sdk unit test, please close",
          "problemClassificationId": "/providers/Microsoft.Support/services/376afb21-6bd3-91aa-fd58-39fd84d8c201/problemClassifications/03014459-4572-f8f0-32b0-88833f234f25",
          "problemClassificationDisplayName": "Test Support Topic 1",
          "severity": "Moderate",
          "require24X7Response": false,
          "enrollmentId": "",
          "contactDetails": {
            "firstName": "test",
            "lastName": "test",
            "preferredContactMethod": "Email",
            "primaryEmailAddress": "test@microsoft.com",
            "preferredTimeZone": "Pacific Standard Time",
            "country": "USA",
            "preferredSupportLanguage": "en-US"
          },
          "serviceLevelAgreement": {
            "startTime": "2023-10-20T16:42:30Z",
            "expirationTime": "2023-10-20T20:45:23Z",
            "slaMinutes": 120
          },
          "supportEngineer": {},
          "supportPlanType": "ProDirect",
          "supportPlanDisplayName": "Azure Support Plan \u2013 ProDirect",
          "advancedDiagnosticConsent": "No",
          "isTemporaryTicket": "No",
          "supportPlanId": "U291cmNlOkVBLFN1YnNjcmlwdGlvbklkOkNDQTAzMjZDLTRDMzEtNDZEOC04RkNCLUM2NzAyM0E0NkY0QixPZmZlcklkOk1TLUFaUi0wMDQyUCxTb3ZlcmVpZ25DbG91ZDpQdWJsaWMs",
          "fileWorkspaceName": "2310200010002682",
          "supportTicketId": "2310200010002682",
          "title": "dotnet sdk unit test, please close",
          "serviceId": "/providers/Microsoft.Support/services/376afb21-6bd3-91aa-fd58-39fd84d8c201",
          "serviceDisplayName": "Test Product Case Submission - Preview",
          "status": "Open",
          "problemStartTime": "2023-10-20T16:42:21Z",
          "createdDate": "2023-10-20T16:42:30Z",
          "modifiedDate": "2023-10-23T21:54:00Z"
        }
      }
    }
  ],
  "Variables": {
    "AZURE_AUTHORITY_HOST": "https://login.microsoftonline.com",
    "RandomSeed": "200923841",
    "RESOURCE_MANAGER_URL": null,
    "SUBSCRIPTION_ID": "cca0326c-4c31-46d8-8fcb-c67023a46f4b"
  }
}
