{
  "Entries": [
    {
      "RequestUri": "https://REDACTED/assistants?api-version=2025-05-15-preview",
      "RequestMethod": "POST",
      "RequestHeaders": {
        "Accept": "application/json",
        "Authorization": "Sanitized",
        "Content-Length": "83",
        "Content-Type": "application/json",
        "Date": "Thu, 08 May 2025 15:30:05 GMT",
        "User-Agent": "azsdk-java-azure-ai-agents-persistent/1.0.0-beta.1 (21.0.7; Windows 11; 10.0)",
        "x-ms-client-request-id": "Sanitized"
      },
      "RequestBody": {
        "model": "gpt-4o-mini",
        "name": "TestAgent",
        "instructions": "You are a helpful agent"
      },
      "StatusCode": 200,
      "ResponseHeaders": {
        "apim-request-id": "09028b2d-5830-4c1e-8e58-42638cbe98b3",
        "azureml-served-by-cluster": "vienna-eastus-02",
        "Content-Length": "337",
        "Content-Type": "application/json",
        "Date": "Thu, 08 May 2025 15:30:10 GMT",
        "openai-organization": "6cf8bb7d9959470fa0a1cc075ebab636",
        "openai-processing-ms": "179",
        "openai-version": "2020-10-01",
        "Request-Context": "appId=cid-v1:2d2e8e63-272e-4b3c-8598-4ee570a0e70d",
        "Strict-Transport-Security": "max-age=31536000; includeSubDomains; preload",
        "Vary": "Accept-Encoding",
        "X-Content-Type-Options": "nosniff",
        "x-ms-middleware-request-id": "cbbfca42-3503-48d4-9958-c9841076d96b",
        "x-ms-region": "East US",
        "x-ms-response-type": "standard",
        "X-Request-ID": "eb490e202d05f01b1e44c1deb867f099",
        "x-request-time": "0.273"
      },
      "ResponseBody": {
        "id": "asst_UGSB1Ghy7uZYoLuWFuLqUd2m",
        "object": "assistant",
        "created_at": 1746718210,
        "name": "TestAgent",
        "description": null,
        "model": "gpt-4o-mini",
        "instructions": "You are a helpful agent",
        "tools": [],
        "top_p": 1.0,
        "temperature": 1.0,
        "tool_resources": {},
        "metadata": {},
        "response_format": "auto"
      }
    },
    {
      "RequestUri": "https://REDACTED/threads?api-version=2025-05-15-preview",
      "RequestMethod": "POST",
      "RequestHeaders": {
        "Accept": "application/json",
        "Authorization": "Sanitized",
        "Content-Length": "2",
        "Content-Type": "application/json",
        "Date": "Thu, 08 May 2025 15:30:10 GMT",
        "User-Agent": "azsdk-java-azure-ai-agents-persistent/1.0.0-beta.1 (21.0.7; Windows 11; 10.0)",
        "x-ms-client-request-id": "Sanitized"
      },
      "RequestBody": {},
      "StatusCode": 200,
      "ResponseHeaders": {
        "apim-request-id": "1f45d0da-cfdc-4fe5-bda5-1f9eba5c94fd",
        "azureml-served-by-cluster": "vienna-eastus-01",
        "Content-Length": "137",
        "Content-Type": "application/json",
        "Date": "Thu, 08 May 2025 15:30:15 GMT",
        "openai-organization": "6cf8bb7d9959470fa0a1cc075ebab636",
        "openai-processing-ms": "136",
        "openai-version": "2020-10-01",
        "Request-Context": "appId=cid-v1:2d2e8e63-272e-4b3c-8598-4ee570a0e70d",
        "Strict-Transport-Security": "max-age=31536000; includeSubDomains; preload",
        "X-Content-Type-Options": "nosniff",
        "x-ms-middleware-request-id": "5ffc0eb8-31bc-4ff9-99bc-d92114bc8982",
        "x-ms-region": "East US",
        "x-ms-response-type": "standard",
        "X-Request-ID": "f66c85c67834e8365fc9199cac6f8f19",
        "x-request-time": "0.247"
      },
      "ResponseBody": {
        "id": "thread_5ONTUnyKCmNz76pdccxsr0UM",
        "object": "thread",
        "created_at": 1746718215,
        "metadata": {},
        "tool_resources": {}
      }
    },
    {
      "RequestUri": "https://REDACTED/threads/thread_5ONTUnyKCmNz76pdccxsr0UM/runs?api-version=2025-05-15-preview",
      "RequestMethod": "POST",
      "RequestHeaders": {
        "Accept": "application/json",
        "Authorization": "Sanitized",
        "Content-Length": "48",
        "Content-Type": "application/json",
        "Date": "Thu, 08 May 2025 15:30:15 GMT",
        "User-Agent": "azsdk-java-azure-ai-agents-persistent/1.0.0-beta.1 (21.0.7; Windows 11; 10.0)",
        "x-ms-client-request-id": "Sanitized"
      },
      "RequestBody": {
        "assistant_id": "asst_UGSB1Ghy7uZYoLuWFuLqUd2m"
      },
      "StatusCode": 200,
      "ResponseHeaders": {
        "apim-request-id": "7421fe68-41c7-4c5c-96bf-ec0b164a08a3",
        "azureml-served-by-cluster": "vienna-eastus-02",
        "Content-Length": "825",
        "Content-Type": "application/json",
        "Date": "Thu, 08 May 2025 15:30:21 GMT",
        "openai-organization": "6cf8bb7d9959470fa0a1cc075ebab636",
        "openai-processing-ms": "200",
        "openai-version": "2020-10-01",
        "Request-Context": "appId=cid-v1:2d2e8e63-272e-4b3c-8598-4ee570a0e70d",
        "Strict-Transport-Security": "max-age=31536000; includeSubDomains; preload",
        "Vary": "Accept-Encoding",
        "X-Content-Type-Options": "nosniff",
        "x-ms-middleware-request-id": "9ae096f5-6528-4fea-8cf2-8403898b61c6",
        "x-ms-region": "East US",
        "x-ms-response-type": "standard",
        "X-Request-ID": "f8ae225d89fc33df0369a9a353019907",
        "x-request-time": "0.870"
      },
      "ResponseBody": {
        "id": "run_tx4QGgAsEcLXJ7X5q9yi4K6F",
        "object": "thread.run",
        "created_at": 1746718221,
        "assistant_id": "asst_UGSB1Ghy7uZYoLuWFuLqUd2m",
        "thread_id": "thread_5ONTUnyKCmNz76pdccxsr0UM",
        "status": "queued",
        "started_at": null,
        "expires_at": 1746718821,
        "cancelled_at": null,
        "failed_at": null,
        "completed_at": null,
        "required_action": null,
        "last_error": null,
        "model": "gpt-4o-mini",
        "instructions": "You are a helpful agent",
        "tools": [],
        "tool_resources": {},
        "metadata": {},
        "temperature": 1.0,
        "top_p": 1.0,
        "max_completion_tokens": null,
        "max_prompt_tokens": null,
        "truncation_strategy": {
          "type": "auto",
          "last_messages": null
        },
        "incomplete_details": null,
        "usage": null,
        "response_format": "auto",
        "tool_choice": "auto",
        "parallel_tool_calls": true
      }
    },
    {
      "RequestUri": "https://REDACTED/threads/thread_5ONTUnyKCmNz76pdccxsr0UM/runs/run_tx4QGgAsEcLXJ7X5q9yi4K6F?api-version=2025-05-15-preview",
      "RequestMethod": "GET",
      "RequestHeaders": {
        "Accept": "application/json",
        "Authorization": "Sanitized",
        "Content-Length": "0",
        "Date": "Thu, 08 May 2025 15:30:21 GMT",
        "User-Agent": "azsdk-java-azure-ai-agents-persistent/1.0.0-beta.1 (21.0.7; Windows 11; 10.0)",
        "x-ms-client-request-id": "Sanitized"
      },
      "RequestBody": null,
      "StatusCode": 200,
      "ResponseHeaders": {
        "apim-request-id": "b50f0c71-2c8e-41ff-a45a-e595288ac7fa",
        "azureml-served-by-cluster": "vienna-eastus-02",
        "Content-Length": "836",
        "Content-Type": "application/json",
        "Date": "Thu, 08 May 2025 15:30:22 GMT",
        "openai-organization": "6cf8bb7d9959470fa0a1cc075ebab636",
        "openai-processing-ms": "645",
        "openai-version": "2020-10-01",
        "Request-Context": "appId=cid-v1:2d2e8e63-272e-4b3c-8598-4ee570a0e70d",
        "Strict-Transport-Security": "max-age=31536000; includeSubDomains; preload",
        "Vary": "Accept-Encoding",
        "X-Content-Type-Options": "nosniff",
        "x-ms-middleware-request-id": "d95fb80c-02bb-48d9-9c33-f301c0bd7691",
        "x-ms-region": "East US",
        "x-ms-response-type": "standard",
        "X-Request-ID": "9da3cdf70025efb29e1378b4898a0163",
        "x-request-time": "0.805"
      },
      "ResponseBody": {
        "id": "run_tx4QGgAsEcLXJ7X5q9yi4K6F",
        "object": "thread.run",
        "created_at": 1746718221,
        "assistant_id": "asst_UGSB1Ghy7uZYoLuWFuLqUd2m",
        "thread_id": "thread_5ONTUnyKCmNz76pdccxsr0UM",
        "status": "in_progress",
        "started_at": 1746718221,
        "expires_at": 1746718821,
        "cancelled_at": null,
        "failed_at": null,
        "completed_at": null,
        "required_action": null,
        "last_error": null,
        "model": "gpt-4o-mini",
        "instructions": "You are a helpful agent",
        "tools": [],
        "tool_resources": {},
        "metadata": {},
        "temperature": 1.0,
        "top_p": 1.0,
        "max_completion_tokens": null,
        "max_prompt_tokens": null,
        "truncation_strategy": {
          "type": "auto",
          "last_messages": null
        },
        "incomplete_details": null,
        "usage": null,
        "response_format": "auto",
        "tool_choice": "auto",
        "parallel_tool_calls": true
      }
    },
    {
      "RequestUri": "https://REDACTED/threads/thread_5ONTUnyKCmNz76pdccxsr0UM/runs/run_tx4QGgAsEcLXJ7X5q9yi4K6F?api-version=2025-05-15-preview",
      "RequestMethod": "GET",
      "RequestHeaders": {
        "Accept": "application/json",
        "Authorization": "Sanitized",
        "Content-Length": "0",
        "Date": "Thu, 08 May 2025 15:30:24 GMT",
        "User-Agent": "azsdk-java-azure-ai-agents-persistent/1.0.0-beta.1 (21.0.7; Windows 11; 10.0)",
        "x-ms-client-request-id": "Sanitized"
      },
      "RequestBody": null,
      "StatusCode": 200,
      "ResponseHeaders": {
        "apim-request-id": "662be4f4-0a9e-470c-91da-c3e558a455fe",
        "azureml-served-by-cluster": "vienna-eastus-02",
        "Content-Length": "974",
        "Content-Type": "application/json",
        "Date": "Thu, 08 May 2025 15:30:24 GMT",
        "openai-organization": "6cf8bb7d9959470fa0a1cc075ebab636",
        "openai-processing-ms": "163",
        "openai-version": "2020-10-01",
        "Request-Context": "appId=cid-v1:2d2e8e63-272e-4b3c-8598-4ee570a0e70d",
        "Strict-Transport-Security": "max-age=31536000; includeSubDomains; preload",
        "Vary": "Accept-Encoding",
        "X-Content-Type-Options": "nosniff",
        "x-ms-middleware-request-id": "93986698-a7df-4e99-b17f-cefde1638b40",
        "x-ms-region": "East US",
        "x-ms-response-type": "standard",
        "X-Request-ID": "f7cad930a9da165df91075d6d66d3316",
        "x-request-time": "0.301"
      },
      "ResponseBody": {
        "id": "run_tx4QGgAsEcLXJ7X5q9yi4K6F",
        "object": "thread.run",
        "created_at": 1746718221,
        "assistant_id": "asst_UGSB1Ghy7uZYoLuWFuLqUd2m",
        "thread_id": "thread_5ONTUnyKCmNz76pdccxsr0UM",
        "status": "completed",
        "started_at": 1746718221,
        "expires_at": null,
        "cancelled_at": null,
        "failed_at": null,
        "completed_at": 1746718222,
        "required_action": null,
        "last_error": null,
        "model": "gpt-4o-mini",
        "instructions": "You are a helpful agent",
        "tools": [],
        "tool_resources": {},
        "metadata": {},
        "temperature": 1.0,
        "top_p": 1.0,
        "max_completion_tokens": null,
        "max_prompt_tokens": null,
        "truncation_strategy": {
          "type": "auto",
          "last_messages": null
        },
        "incomplete_details": null,
        "usage": {
          "prompt_tokens": 54,
          "completion_tokens": 24,
          "total_tokens": 78,
          "prompt_token_details": {
            "cached_tokens": 0
          }
        },
        "response_format": "auto",
        "tool_choice": "auto",
        "parallel_tool_calls": true
      }
    },
    {
      "RequestUri": "https://REDACTED/threads/thread_5ONTUnyKCmNz76pdccxsr0UM/runs/run_tx4QGgAsEcLXJ7X5q9yi4K6F?api-version=2025-05-15-preview",
      "RequestMethod": "GET",
      "RequestHeaders": {
        "Accept": "application/json",
        "Authorization": "Sanitized",
        "Content-Length": "0",
        "Date": "Thu, 08 May 2025 15:30:25 GMT",
        "User-Agent": "azsdk-java-azure-ai-agents-persistent/1.0.0-beta.1 (21.0.7; Windows 11; 10.0)",
        "x-ms-client-request-id": "Sanitized"
      },
      "RequestBody": null,
      "StatusCode": 200,
      "ResponseHeaders": {
        "apim-request-id": "3e5bbabd-b7ac-42da-9cb9-2dc21bd2c1a6",
        "azureml-served-by-cluster": "vienna-eastus-02",
        "Content-Length": "974",
        "Content-Type": "application/json",
        "Date": "Thu, 08 May 2025 15:30:25 GMT",
        "openai-organization": "6cf8bb7d9959470fa0a1cc075ebab636",
        "openai-processing-ms": "41",
        "openai-version": "2020-10-01",
        "Request-Context": "appId=cid-v1:2d2e8e63-272e-4b3c-8598-4ee570a0e70d",
        "Strict-Transport-Security": "max-age=31536000; includeSubDomains; preload",
        "Vary": "Accept-Encoding",
        "X-Content-Type-Options": "nosniff",
        "x-ms-middleware-request-id": "9c237ffb-d8a9-4c61-80a6-6be181b1338d",
        "x-ms-region": "East US",
        "x-ms-response-type": "standard",
        "X-Request-ID": "c1c415e1502a94be6669aac28574bd2d",
        "x-request-time": "0.163"
      },
      "ResponseBody": {
        "id": "run_tx4QGgAsEcLXJ7X5q9yi4K6F",
        "object": "thread.run",
        "created_at": 1746718221,
        "assistant_id": "asst_UGSB1Ghy7uZYoLuWFuLqUd2m",
        "thread_id": "thread_5ONTUnyKCmNz76pdccxsr0UM",
        "status": "completed",
        "started_at": 1746718221,
        "expires_at": null,
        "cancelled_at": null,
        "failed_at": null,
        "completed_at": 1746718222,
        "required_action": null,
        "last_error": null,
        "model": "gpt-4o-mini",
        "instructions": "You are a helpful agent",
        "tools": [],
        "tool_resources": {},
        "metadata": {},
        "temperature": 1.0,
        "top_p": 1.0,
        "max_completion_tokens": null,
        "max_prompt_tokens": null,
        "truncation_strategy": {
          "type": "auto",
          "last_messages": null
        },
        "incomplete_details": null,
        "usage": {
          "prompt_tokens": 54,
          "completion_tokens": 24,
          "total_tokens": 78,
          "prompt_token_details": {
            "cached_tokens": 0
          }
        },
        "response_format": "auto",
        "tool_choice": "auto",
        "parallel_tool_calls": true
      }
    },
    {
      "RequestUri": "https://REDACTED/threads/thread_5ONTUnyKCmNz76pdccxsr0UM?api-version=2025-05-15-preview",
      "RequestMethod": "DELETE",
      "RequestHeaders": {
        "Accept": "application/json",
        "Authorization": "Sanitized",
        "Content-Length": "0",
        "Date": "Thu, 08 May 2025 15:30:25 GMT",
        "User-Agent": "azsdk-java-azure-ai-agents-persistent/1.0.0-beta.1 (21.0.7; Windows 11; 10.0)",
        "x-ms-client-request-id": "Sanitized"
      },
      "RequestBody": null,
      "StatusCode": 200,
      "ResponseHeaders": {
        "apim-request-id": "819ee743-ede8-4bcf-adf0-2d6c003494de",
        "azureml-served-by-cluster": "vienna-eastus-02",
        "Content-Length": "94",
        "Content-Type": "application/json",
        "Date": "Thu, 08 May 2025 15:30:26 GMT",
        "openai-organization": "6cf8bb7d9959470fa0a1cc075ebab636",
        "openai-processing-ms": "128",
        "openai-version": "2020-10-01",
        "Request-Context": "appId=cid-v1:2d2e8e63-272e-4b3c-8598-4ee570a0e70d",
        "Strict-Transport-Security": "max-age=31536000; includeSubDomains; preload",
        "X-Content-Type-Options": "nosniff",
        "x-ms-middleware-request-id": "d2710b6d-d324-47ba-91d4-e9d84eedae52",
        "x-ms-region": "East US",
        "x-ms-response-type": "standard",
        "X-Request-ID": "455500d8800c91ab07dd82f87e82b55a",
        "x-request-time": "0.278"
      },
      "ResponseBody": {
        "id": "thread_5ONTUnyKCmNz76pdccxsr0UM",
        "object": "thread.deleted",
        "deleted": true
      }
    },
    {
      "RequestUri": "https://REDACTED/assistants/asst_UGSB1Ghy7uZYoLuWFuLqUd2m?api-version=2025-05-15-preview",
      "RequestMethod": "DELETE",
      "RequestHeaders": {
        "Accept": "application/json",
        "Authorization": "Sanitized",
        "Content-Length": "0",
        "Date": "Thu, 08 May 2025 15:30:26 GMT",
        "User-Agent": "azsdk-java-azure-ai-agents-persistent/1.0.0-beta.1 (21.0.7; Windows 11; 10.0)",
        "x-ms-client-request-id": "Sanitized"
      },
      "RequestBody": null,
      "StatusCode": 200,
      "ResponseHeaders": {
        "apim-request-id": "310152f4-274a-4cff-8ae0-a9c5321ad45f",
        "azureml-served-by-cluster": "vienna-eastus-02",
        "Content-Length": "95",
        "Content-Type": "application/json",
        "Date": "Thu, 08 May 2025 15:30:27 GMT",
        "openai-organization": "6cf8bb7d9959470fa0a1cc075ebab636",
        "openai-processing-ms": "128",
        "openai-version": "2020-10-01",
        "Request-Context": "appId=cid-v1:2d2e8e63-272e-4b3c-8598-4ee570a0e70d",
        "Strict-Transport-Security": "max-age=31536000; includeSubDomains; preload",
        "X-Content-Type-Options": "nosniff",
        "x-ms-middleware-request-id": "1d879a32-d8f5-4141-8b85-79fed5d82d56",
        "x-ms-region": "East US",
        "x-ms-response-type": "standard",
        "X-Request-ID": "2377c093f5d8ed1ff5e2f3c7ee76297d",
        "x-request-time": "0.382"
      },
      "ResponseBody": {
        "id": "asst_UGSB1Ghy7uZYoLuWFuLqUd2m",
        "object": "assistant.deleted",
        "deleted": true
      }
    }
  ],
  "Variables": {}
}
