{
  "Entries": [
    {
      "RequestUri": "https://REDACTED/face/v1.1-preview.1/detectLivenessWithVerify/singleModal/sessions",
      "RequestMethod": "POST",
      "RequestHeaders": {
        "Accept": "application/json",
        "Content-Length": "130",
        "Content-Type": "application/json",
        "Date": "Sat, 25 May 2024 01:20:47 GMT",
        "Ocp-Apim-Subscription-Key": "REDACTED",
        "User-Agent": "azsdk-java-azure-ai-vision-face/1.0.0-beta.1 (11.0.23; Windows 11; 10.0)",
        "x-ms-client-request-id": "Sanitized"
      },
      "RequestBody": null,
      "StatusCode": 200,
      "ResponseHeaders": {
        "apim-request-id": "d3a94df0-f657-4649-b414-dd18efe69b77",
        "Content-Length": "77",
        "Content-Type": "application/json; charset=utf-8",
        "CSP-Billing-Usage": "CognitiveServices.Face.Transaction=1",
        "Date": "Sat, 25 May 2024 01:20:47 GMT",
        "Server": "istio-envoy",
        "Strict-Transport-Security": "max-age=31536000; includeSubDomains; preload",
        "X-Content-Type-Options": "nosniff",
        "x-envoy-upstream-service-time": "32",
        "x-ms-region": "Central US EUAP"
      },
      "ResponseBody": {
        "sessionId": "2daee4ec-74a2-4a73-b017-0b0d5cacf030",
        "authToken": "FAKE_TOKEN"
      }
    },
    {
      "RequestUri": "https://REDACTED/face/v1.1-preview.1/detectLivenessWithVerify/singleModal/sessions/2daee4ec-74a2-4a73-b017-0b0d5cacf030",
      "RequestMethod": "GET",
      "RequestHeaders": {
        "Accept": "application/json",
        "Content-Length": "0",
        "Date": "Sat, 25 May 2024 01:20:48 GMT",
        "Ocp-Apim-Subscription-Key": "REDACTED",
        "User-Agent": "azsdk-java-azure-ai-vision-face/1.0.0-beta.1 (11.0.23; Windows 11; 10.0)",
        "x-ms-client-request-id": "Sanitized"
      },
      "RequestBody": null,
      "StatusCode": 200,
      "ResponseHeaders": {
        "apim-request-id": "13a675bf-7ad3-44d7-b4b2-ab98c307b732",
        "Content-Length": "212",
        "Content-Type": "application/json; charset=utf-8",
        "CSP-Billing-Usage": "CognitiveServices.Face.Transaction=1",
        "Date": "Sat, 25 May 2024 01:20:47 GMT",
        "Server": "istio-envoy",
        "Strict-Transport-Security": "max-age=31536000; includeSubDomains; preload",
        "X-Content-Type-Options": "nosniff",
        "x-envoy-upstream-service-time": "13",
        "x-ms-region": "Central US EUAP"
      },
      "ResponseBody": {
        "status": "NotStarted",
        "id": "Sanitized",
        "createdDateTime": "2024-05-25T01:20:48.2948011+00:00",
        "authTokenTimeToLiveInSeconds": 60,
        "deviceCorrelationId": "00000000-0000-0000-0000-000000000000",
        "sessionExpired": false
      }
    },
    {
      "RequestUri": "https://REDACTED/face/v1.1-preview.1/detectLivenessWithVerify/singleModal/sessions/2daee4ec-74a2-4a73-b017-0b0d5cacf030",
      "RequestMethod": "DELETE",
      "RequestHeaders": {
        "Accept": "application/json",
        "Content-Length": "0",
        "Date": "Sat, 25 May 2024 01:20:48 GMT",
        "Ocp-Apim-Subscription-Key": "REDACTED",
        "User-Agent": "azsdk-java-azure-ai-vision-face/1.0.0-beta.1 (11.0.23; Windows 11; 10.0)",
        "x-ms-client-request-id": "Sanitized"
      },
      "RequestBody": null,
      "StatusCode": 200,
      "ResponseHeaders": {
        "apim-request-id": "26e66a03-b4d9-4121-9630-35002fff3856",
        "Content-Length": "0",
        "CSP-Billing-Usage": "CognitiveServices.Face.Transaction=1",
        "Date": "Sat, 25 May 2024 01:20:48 GMT",
        "Server": "istio-envoy",
        "Strict-Transport-Security": "max-age=31536000; includeSubDomains; preload",
        "X-Content-Type-Options": "nosniff",
        "x-envoy-upstream-service-time": "11",
        "x-ms-region": "Central US EUAP"
      },
      "ResponseBody": null
    }
  ],
  "Variables": {}
}
