{
  "Entries": [
    {
      "RequestUri": "https://fakeHost.api.wus2.digitaltwins.azure.net/digitaltwins/roomTwin584009161?api-version=2023-10-31",
      "RequestMethod": "GET",
      "RequestHeaders": {
        "Accept": "application/json",
        "Authorization": "Sanitized",
        "traceparent": "00-4e52075a706b75197342b1f2266992d4-d8fd0a80b3856609-00",
        "User-Agent": "azsdk-net-DigitalTwins.Core/1.6.0-alpha.20250502.1 (.NET Framework 4.8.9300.0; Microsoft Windows 10.0.26100 )",
        "x-ms-client-request-id": "Sanitized",
        "x-ms-return-client-request-id": "true"
      },
      "RequestBody": null,
      "StatusCode": 404,
      "ResponseHeaders": {
        "Content-Length": "271",
        "Content-Type": "application/json; charset=utf-8",
        "Date": "Fri, 02 May 2025 18:55:05 GMT",
        "mise-correlation-id": "6a6058a8-e78a-4b82-80fd-a3efd7929cd9",
        "Strict-Transport-Security": "max-age=2592000",
        "traceresponse": "00-4e52075a706b75197342b1f2266992d4-183b4144b219599f-01",
        "x-ms-error-code": "DigitalTwinNotFound"
      },
      "ResponseBody": {
        "error": {
          "code": "DigitalTwinNotFound",
          "message": "There is no digital twin instance that exists with the ID roomTwin584009161. Please verify that the twin id is valid and ensure that the twin is not deleted. See section on querying the twins https://aka.ms/adtv2query."
        }
      }
    },
    {
      "RequestUri": "https://fakeHost.api.wus2.digitaltwins.azure.net/models/dtmi%3Aexample%3Afloor%3B11734385?includeModelDefinition=true&api-version=2023-10-31",
      "RequestMethod": "GET",
      "RequestHeaders": {
        "Accept": "application/json",
        "Authorization": "Sanitized",
        "traceparent": "00-97cd48ec765492054360f58ec9394f9c-9b923d6567e3b6dd-00",
        "User-Agent": "azsdk-net-DigitalTwins.Core/1.6.0-alpha.20250502.1 (.NET Framework 4.8.9300.0; Microsoft Windows 10.0.26100 )",
        "x-ms-client-request-id": "Sanitized",
        "x-ms-return-client-request-id": "true"
      },
      "RequestBody": null,
      "StatusCode": 404,
      "ResponseHeaders": {
        "Content-Length": "212",
        "Content-Type": "application/json; charset=utf-8",
        "Date": "Fri, 02 May 2025 18:55:05 GMT",
        "mise-correlation-id": "d0ac2f57-7fca-4ee9-af47-7dd464ed2205",
        "Strict-Transport-Security": "max-age=2592000",
        "traceresponse": "00-97cd48ec765492054360f58ec9394f9c-2bd3bf7e4d09d8d4-01",
        "x-ms-error-code": "ModelNotFound"
      },
      "ResponseBody": {
        "error": {
          "code": "ModelNotFound",
          "message": "There is no Model(s) available that matches the provided id(s) dtmi:example:floor;11734385. Check that the Model ID provided is valid by doing a Model_List API call."
        }
      }
    },
    {
      "RequestUri": "https://fakeHost.api.wus2.digitaltwins.azure.net/models/dtmi%3Aexample%3Aroom%3B114778313?includeModelDefinition=true&api-version=2023-10-31",
      "RequestMethod": "GET",
      "RequestHeaders": {
        "Accept": "application/json",
        "Authorization": "Sanitized",
        "traceparent": "00-80bbb9ea181e5f9f8290d3586f77ac5d-7f0f337423775771-00",
        "User-Agent": "azsdk-net-DigitalTwins.Core/1.6.0-alpha.20250502.1 (.NET Framework 4.8.9300.0; Microsoft Windows 10.0.26100 )",
        "x-ms-client-request-id": "Sanitized",
        "x-ms-return-client-request-id": "true"
      },
      "RequestBody": null,
      "StatusCode": 404,
      "ResponseHeaders": {
        "Content-Length": "212",
        "Content-Type": "application/json; charset=utf-8",
        "Date": "Fri, 02 May 2025 18:55:05 GMT",
        "mise-correlation-id": "687b0754-f42f-40e8-ad9c-ab8b0f84271d",
        "Strict-Transport-Security": "max-age=2592000",
        "traceresponse": "00-80bbb9ea181e5f9f8290d3586f77ac5d-7f8a1550f946620a-01",
        "x-ms-error-code": "ModelNotFound"
      },
      "ResponseBody": {
        "error": {
          "code": "ModelNotFound",
          "message": "There is no Model(s) available that matches the provided id(s) dtmi:example:room;114778313. Check that the Model ID provided is valid by doing a Model_List API call."
        }
      }
    },
    {
      "RequestUri": "https://fakeHost.api.wus2.digitaltwins.azure.net/models?api-version=2023-10-31",
      "RequestMethod": "POST",
      "RequestHeaders": {
        "Accept": "application/json",
        "Authorization": "Sanitized",
        "Content-Length": "804",
        "Content-Type": "application/json",
        "traceparent": "00-b8c8f62aec8a918176b7ad48aaf03113-b826837f71e03455-00",
        "User-Agent": "azsdk-net-DigitalTwins.Core/1.6.0-alpha.20250502.1 (.NET Framework 4.8.9300.0; Microsoft Windows 10.0.26100 )",
        "x-ms-client-request-id": "Sanitized",
        "x-ms-return-client-request-id": "true"
      },
      "RequestBody": "[{    \"@id\": \"dtmi:example:room;114778313\",    \"@type\": \"Interface\",    \"displayName\": \"Room\",    \"description\": \"An enclosure inside a building.\",    \"contents\": [        {            \"@type\": \"Relationship\",            \"name\": \"containedIn\",            \"target\": \"dtmi:example:floor;11734385\"        },        {            \"@type\": \"Property\",            \"name\": \"Temperature\",            \"schema\": \"double\"        },        {            \"@type\": \"Property\",            \"name\": \"Humidity\",            \"schema\": \"double\"        },        {            \"@type\": \"Property\",            \"name\": \"IsOccupied\",            \"schema\": \"boolean\"        },        {            \"@type\": \"Property\",            \"name\": \"EmployeeId\",            \"schema\": \"string\"        }    ],    \"@context\": \"dtmi:dtdl:context;2\"}]",
      "StatusCode": 201,
      "ResponseHeaders": {
        "Content-Length": "193",
        "Content-Type": "application/json; charset=utf-8",
        "Date": "Fri, 02 May 2025 18:55:05 GMT",
        "mise-correlation-id": "877a8aec-9730-477b-819c-60018daabb30",
        "Strict-Transport-Security": "max-age=2592000",
        "traceresponse": "00-b8c8f62aec8a918176b7ad48aaf03113-5de88c41bef458a6-01"
      },
      "ResponseBody": "[{\"id\":\"dtmi:example:room;114778313\",\"description\":{\"en\":\"An enclosure inside a building.\"},\"displayName\":{\"en\":\"Room\"},\"decommissioned\":false,\"uploadTime\":\"2025-05-02T18:55:05.8390602+00:00\"}]"
    },
    {
      "RequestUri": "https://fakeHost.api.wus2.digitaltwins.azure.net/models?includeModelDefinition=false&api-version=2023-10-31",
      "RequestMethod": "GET",
      "RequestHeaders": {
        "Accept": "application/json",
        "Authorization": "Sanitized",
        "traceparent": "00-cac1d85eb103a890e43e4230387bfec0-22fa1076ec1655bf-00",
        "User-Agent": "azsdk-net-DigitalTwins.Core/1.6.0-alpha.20250502.1 (.NET Framework 4.8.9300.0; Microsoft Windows 10.0.26100 )",
        "x-ms-client-request-id": "Sanitized",
        "x-ms-return-client-request-id": "true"
      },
      "RequestBody": null,
      "StatusCode": 200,
      "ResponseHeaders": {
        "Content-Length": "4694",
        "Content-Type": "application/json; charset=utf-8",
        "Date": "Fri, 02 May 2025 18:55:05 GMT",
        "mise-correlation-id": "4588a379-f02f-47be-b594-dbaac1ff53af",
        "Strict-Transport-Security": "max-age=2592000",
        "traceresponse": "00-cac1d85eb103a890e43e4230387bfec0-d1ceb1054f60df11-01"
      },
      "ResponseBody": {
        "value": [
          {
            "id": "dtmi:example:room;113461504",
            "description": {
              "en": "An enclosure inside a building."
            },
            "displayName": {
              "en": "Room"
            },
            "decommissioned": false,
            "uploadTime": "2025-05-02T18:52:22.5623424+00:00"
          },
          {
            "id": "dtmi:example:room;146003703",
            "description": {
              "en": "An enclosure inside a building."
            },
            "displayName": {
              "en": "Room"
            },
            "decommissioned": false,
            "uploadTime": "2025-05-02T18:52:22.8961014+00:00"
          },
          {
            "id": "dtmi:example:Ward;143741483",
            "description": {
              "en": "A separate partition in a building, made of rooms and hallways."
            },
            "displayName": {
              "en": "Ward"
            },
            "decommissioned": false,
            "uploadTime": "2025-05-02T18:53:38.7520649+00:00"
          },
          {
            "id": "dtmi:example:Ward;129594967",
            "description": {
              "en": "A separate partition in a building, made of rooms and hallways."
            },
            "displayName": {
              "en": "Ward"
            },
            "decommissioned": false,
            "uploadTime": "2025-05-02T18:53:44.5581566+00:00"
          },
          {
            "id": "dtmi:com:microsoft:azure:iot:model0;1",
            "description": {
              "en": "This is the description of model"
            },
            "displayName": {
              "en": "This is the display name"
            },
            "decommissioned": false,
            "uploadTime": "2025-05-02T18:54:19.9176281+00:00"
          },
          {
            "id": "dtmi:com:microsoft:azure:iot:model1;1",
            "description": {
              "en": "This is the description of model"
            },
            "displayName": {
              "en": "This is the display name"
            },
            "decommissioned": false,
            "uploadTime": "2025-05-02T18:54:19.9176729+00:00"
          },
          {
            "id": "dtmi:com:microsoft:azure:iot:model2;1",
            "description": {
              "en": "This is the description of model"
            },
            "displayName": {
              "en": "This is the display name"
            },
            "decommissioned": false,
            "uploadTime": "2025-05-02T18:54:19.9177021+00:00"
          },
          {
            "id": "dtmi:com:microsoft:azure:iot:model3;1",
            "description": {
              "en": "This is the description of model"
            },
            "displayName": {
              "en": "This is the display name"
            },
            "decommissioned": false,
            "uploadTime": "2025-05-02T18:54:19.9177288+00:00"
          },
          {
            "id": "dtmi:com:microsoft:azure:iot:model4;1",
            "description": {
              "en": "This is the description of model"
            },
            "displayName": {
              "en": "This is the display name"
            },
            "decommissioned": false,
            "uploadTime": "2025-05-02T18:54:19.917754+00:00"
          },
          {
            "id": "dtmi:com:microsoft:azure:iot:model5;1",
            "description": {
              "en": "This is the description of model"
            },
            "displayName": {
              "en": "This is the display name"
            },
            "decommissioned": false,
            "uploadTime": "2025-05-02T18:54:19.9177819+00:00"
          },
          {
            "id": "dtmi:com:microsoft:azure:iot:model6;1",
            "description": {
              "en": "This is the description of model"
            },
            "displayName": {
              "en": "This is the display name"
            },
            "decommissioned": false,
            "uploadTime": "2025-05-02T18:54:19.9178063+00:00"
          },
          {
            "id": "dtmi:com:microsoft:azure:iot:model7;1",
            "description": {
              "en": "This is the description of model"
            },
            "displayName": {
              "en": "This is the display name"
            },
            "decommissioned": false,
            "uploadTime": "2025-05-02T18:54:19.9178311+00:00"
          },
          {
            "id": "dtmi:com:microsoft:azure:iot:model8;1",
            "description": {
              "en": "This is the description of model"
            },
            "displayName": {
              "en": "This is the display name"
            },
            "decommissioned": false,
            "uploadTime": "2025-05-02T18:54:19.9178587+00:00"
          },
          {
            "id": "dtmi:com:microsoft:azure:iot:model9;1",
            "description": {
              "en": "This is the description of model"
            },
            "displayName": {
              "en": "This is the display name"
            },
            "decommissioned": false,
            "uploadTime": "2025-05-02T18:54:19.9178836+00:00"
          },
          {
            "id": "dtmi:example:Ward;113211546",
            "description": {
              "en": "A separate partition in a building, made of rooms and hallways."
            },
            "displayName": {
              "en": "Ward"
            },
            "decommissioned": false,
            "uploadTime": "2025-05-02T18:54:29.4316473+00:00"
          },
          {
            "id": "dtmi:example:floor;11449559",
            "description": {
              "en": "A building story."
            },
            "displayName": {
              "en": "Floor"
            },
            "decommissioned": false,
            "uploadTime": "2025-05-02T18:54:31.3577699+00:00"
          },
          {
            "id": "dtmi:example:room;135497671",
            "description": {
              "en": "An enclosure inside a building."
            },
            "displayName": {
              "en": "Room"
            },
            "decommissioned": false,
            "uploadTime": "2025-05-02T18:54:31.3577987+00:00"
          },
          {
            "id": "dtmi:example:hvac;144082843",
            "description": {
              "en": "A heating, ventilation, and air conditioning unit."
            },
            "displayName": {
              "en": "HVAC"
            },
            "decommissioned": false,
            "uploadTime": "2025-05-02T18:54:31.3578157+00:00"
          },
          {
            "id": "dtmi:example:Ward;118021747",
            "description": {
              "en": "A separate partition in a building, made of rooms and hallways."
            },
            "displayName": {
              "en": "Ward"
            },
            "decommissioned": false,
            "uploadTime": "2025-05-02T18:54:52.2207452+00:00"
          },
          {
            "id": "dtmi:example:room;189867461",
            "description": {
              "en": "An enclosure inside a building."
            },
            "displayName": {
              "en": "Room"
            },
            "decommissioned": false,
            "uploadTime": "2025-05-02T18:55:03.4378322+00:00"
          },
          {
            "id": "dtmi:example:room;136236702",
            "description": {
              "en": "An enclosure inside a building."
            },
            "displayName": {
              "en": "Room"
            },
            "decommissioned": false,
            "uploadTime": "2025-05-02T18:55:05.7038378+00:00"
          },
          {
            "id": "dtmi:example:room;114778313",
            "description": {
              "en": "An enclosure inside a building."
            },
            "displayName": {
              "en": "Room"
            },
            "decommissioned": false,
            "uploadTime": "2025-05-02T18:55:05.8390602+00:00"
          }
        ],
        "nextLink": null
      }
    },
    {
      "RequestUri": "https://fakeHost.api.wus2.digitaltwins.azure.net/digitaltwins/roomTwin584009161?api-version=2023-10-31",
      "RequestMethod": "PUT",
      "RequestHeaders": {
        "Accept": "application/json",
        "Authorization": "Sanitized",
        "Content-Length": "154",
        "Content-Type": "application/json",
        "traceparent": "00-7636265cea6b89da279d42376c12acef-d571d9ec5be8fce3-00",
        "User-Agent": "azsdk-net-DigitalTwins.Core/1.6.0-alpha.20250502.1 (.NET Framework 4.8.9300.0; Microsoft Windows 10.0.26100 )",
        "x-ms-client-request-id": "Sanitized",
        "x-ms-return-client-request-id": "true"
      },
      "RequestBody": {
        "$dtId": null,
        "$etag": null,
        "Temperature": 80,
        "Humidity": 25,
        "IsOccupied": true,
        "EmployeeId": "Employee1",
        "$metadata": {
          "$model": "dtmi:example:room;114778313"
        }
      },
      "StatusCode": 200,
      "ResponseHeaders": {
        "Content-Length": "509",
        "Content-Type": "application/json; charset=utf-8",
        "Date": "Fri, 02 May 2025 18:55:05 GMT",
        "ETag": "W/\"5b0ccdec-8a8a-4dee-916b-dc87ad68fbce\"",
        "mise-correlation-id": "1eece54a-b68e-4bb1-8c46-b889a8bec424",
        "Strict-Transport-Security": "max-age=2592000",
        "traceresponse": "00-7636265cea6b89da279d42376c12acef-bf3e594248fda3cd-01"
      },
      "ResponseBody": {
        "$dtId": "roomTwin584009161",
        "$etag": "W/\"5b0ccdec-8a8a-4dee-916b-dc87ad68fbce\"",
        "Temperature": 80,
        "Humidity": 25,
        "IsOccupied": true,
        "EmployeeId": "Employee1",
        "$metadata": {
          "$model": "dtmi:example:room;114778313",
          "$lastUpdateTime": "2025-05-02T18:55:05.9828164Z",
          "Temperature": {
            "lastUpdateTime": "2025-05-02T18:55:05.9828164Z"
          },
          "Humidity": {
            "lastUpdateTime": "2025-05-02T18:55:05.9828164Z"
          },
          "IsOccupied": {
            "lastUpdateTime": "2025-05-02T18:55:05.9828164Z"
          },
          "EmployeeId": {
            "lastUpdateTime": "2025-05-02T18:55:05.9828164Z"
          }
        }
      }
    },
    {
      "RequestUri": "https://fakeHost.api.wus2.digitaltwins.azure.net/digitaltwins/roomTwin584009161?api-version=2023-10-31",
      "RequestMethod": "GET",
      "RequestHeaders": {
        "Accept": "application/json",
        "Authorization": "Sanitized",
        "traceparent": "00-d40dd4b99175e3c3fbb1d00310bea3e5-6cfeaf697b61b7cc-00",
        "User-Agent": "azsdk-net-DigitalTwins.Core/1.6.0-alpha.20250502.1 (.NET Framework 4.8.9300.0; Microsoft Windows 10.0.26100 )",
        "x-ms-client-request-id": "Sanitized",
        "x-ms-return-client-request-id": "true"
      },
      "RequestBody": null,
      "StatusCode": 200,
      "ResponseHeaders": {
        "Content-Length": "509",
        "Content-Type": "application/json; charset=utf-8",
        "Date": "Fri, 02 May 2025 18:55:13 GMT",
        "ETag": "W/\"5b0ccdec-8a8a-4dee-916b-dc87ad68fbce\"",
        "mise-correlation-id": "6cf7de65-81ad-4c1d-8f42-c76544752553",
        "Strict-Transport-Security": "max-age=2592000",
        "traceresponse": "00-d40dd4b99175e3c3fbb1d00310bea3e5-4adaf99f28c33863-01"
      },
      "ResponseBody": {
        "$dtId": "roomTwin584009161",
        "$etag": "W/\"5b0ccdec-8a8a-4dee-916b-dc87ad68fbce\"",
        "Temperature": 80,
        "Humidity": 25,
        "IsOccupied": true,
        "EmployeeId": "Employee1",
        "$metadata": {
          "$model": "dtmi:example:room;114778313",
          "$lastUpdateTime": "2025-05-02T18:55:05.9828164Z",
          "Temperature": {
            "lastUpdateTime": "2025-05-02T18:55:05.9828164Z"
          },
          "Humidity": {
            "lastUpdateTime": "2025-05-02T18:55:05.9828164Z"
          },
          "IsOccupied": {
            "lastUpdateTime": "2025-05-02T18:55:05.9828164Z"
          },
          "EmployeeId": {
            "lastUpdateTime": "2025-05-02T18:55:05.9828164Z"
          }
        }
      }
    },
    {
      "RequestUri": "https://fakeHost.api.wus2.digitaltwins.azure.net/query?api-version=2023-10-31",
      "RequestMethod": "POST",
      "RequestHeaders": {
        "Accept": "application/json",
        "Authorization": "Sanitized",
        "Content-Length": "38",
        "Content-Type": "application/json",
        "traceparent": "00-a9109b35f491eb9629ede0b4a5526386-7e5b3e3da240d98a-00",
        "User-Agent": "azsdk-net-DigitalTwins.Core/1.6.0-alpha.20250502.1 (.NET Framework 4.8.9300.0; Microsoft Windows 10.0.26100 )",
        "x-ms-client-request-id": "Sanitized",
        "x-ms-return-client-request-id": "true"
      },
      "RequestBody": {
        "query": "SELECT * FROM DIGITALTWINS"
      },
      "StatusCode": 200,
      "ResponseHeaders": {
        "Content-Type": "application/json; charset=utf-8",
        "Date": "Fri, 02 May 2025 18:55:13 GMT",
        "mise-correlation-id": "385dd4e7-694e-466c-ad34-5d24cd180b29",
        "query-charge": "5.37",
        "Strict-Transport-Security": "max-age=2592000",
        "traceresponse": "00-a9109b35f491eb9629ede0b4a5526386-030ab6e197ac292b-01",
        "Transfer-Encoding": "chunked"
      },
      "ResponseBody": {
        "value": [
          {
            "$dtId": "roomTwin1188739668",
            "$etag": "W/\"ec85ad85-6790-4c1b-9e8c-45aca6f4a276\"",
            "Temperature": 80,
            "Humidity": 25,
            "IsOccupied": true,
            "EmployeeId": "Employee1",
            "$metadata": {
              "$model": "dtmi:example:room;146807934",
              "$lastUpdateTime": "2025-05-02T18:51:14.2984765Z",
              "Temperature": {
                "lastUpdateTime": "2025-05-02T18:51:14.2984765Z"
              },
              "Humidity": {
                "lastUpdateTime": "2025-05-02T18:51:14.2984765Z"
              },
              "IsOccupied": {
                "lastUpdateTime": "2025-05-02T18:51:14.2984765Z"
              },
              "EmployeeId": {
                "lastUpdateTime": "2025-05-02T18:51:14.2984765Z"
              }
            }
          },
          {
            "$dtId": "roomTwin481563320",
            "$etag": "W/\"3f29ace0-f63b-450a-aba5-b6c997c89469\"",
            "Temperature": 80,
            "Humidity": 25,
            "IsOccupied": true,
            "EmployeeId": "Employee1",
            "$metadata": {
              "$model": "dtmi:example:room;146807934",
              "$lastUpdateTime": "2025-05-02T18:51:14.9757630Z",
              "Temperature": {
                "lastUpdateTime": "2025-05-02T18:51:14.9757630Z"
              },
              "Humidity": {
                "lastUpdateTime": "2025-05-02T18:51:14.9757630Z"
              },
              "IsOccupied": {
                "lastUpdateTime": "2025-05-02T18:51:14.9757630Z"
              },
              "EmployeeId": {
                "lastUpdateTime": "2025-05-02T18:51:14.9757630Z"
              }
            }
          },
          {
            "$dtId": "roomTwin1031705010",
            "$etag": "W/\"3d4cd285-db50-4398-a345-24732b05e36b\"",
            "Temperature": 80,
            "Humidity": 25,
            "IsOccupied": true,
            "EmployeeId": "Employee1",
            "$metadata": {
              "$model": "dtmi:example:room;146807934",
              "$lastUpdateTime": "2025-05-02T18:51:15.2912026Z",
              "Temperature": {
                "lastUpdateTime": "2025-05-02T18:51:15.2912026Z"
              },
              "Humidity": {
                "lastUpdateTime": "2025-05-02T18:51:15.2912026Z"
              },
              "IsOccupied": {
                "lastUpdateTime": "2025-05-02T18:51:15.2912026Z"
              },
              "EmployeeId": {
                "lastUpdateTime": "2025-05-02T18:51:15.2912026Z"
              }
            }
          },
          {
            "$dtId": "roomTwin858005819",
            "$etag": "W/\"7f233a61-8a8a-4a9c-9db1-0d2ede58b8b3\"",
            "Temperature": 80,
            "Humidity": 25,
            "IsOccupied": true,
            "EmployeeId": "Employee1",
            "$metadata": {
              "$model": "dtmi:example:room;146807934",
              "$lastUpdateTime": "2025-05-02T18:51:15.5548214Z",
              "Temperature": {
                "lastUpdateTime": "2025-05-02T18:51:15.5548214Z"
              },
              "Humidity": {
                "lastUpdateTime": "2025-05-02T18:51:15.5548214Z"
              },
              "IsOccupied": {
                "lastUpdateTime": "2025-05-02T18:51:15.5548214Z"
              },
              "EmployeeId": {
                "lastUpdateTime": "2025-05-02T18:51:15.5548214Z"
              }
            }
          },
          {
            "$dtId": "roomTwin514064696",
            "$etag": "W/\"ef2c282c-6a29-446e-8f31-8dd00b030de5\"",
            "Temperature": 80,
            "Humidity": 25,
            "IsOccupied": true,
            "EmployeeId": "Employee1",
            "$metadata": {
              "$model": "dtmi:example:room;146807934",
              "$lastUpdateTime": "2025-05-02T18:51:14.7170439Z",
              "Temperature": {
                "lastUpdateTime": "2025-05-02T18:51:14.7170439Z"
              },
              "Humidity": {
                "lastUpdateTime": "2025-05-02T18:51:14.7170439Z"
              },
              "IsOccupied": {
                "lastUpdateTime": "2025-05-02T18:51:14.7170439Z"
              },
              "EmployeeId": {
                "lastUpdateTime": "2025-05-02T18:51:14.7170439Z"
              }
            }
          },
          {
            "$dtId": "roomTwin881446884",
            "$etag": "W/\"b0769011-6211-438d-8741-4541e99d1fc4\"",
            "Temperature": 80,
            "Humidity": 25,
            "IsOccupied": true,
            "EmployeeId": "Employee1",
            "$metadata": {
              "$model": "dtmi:example:room;146807934",
              "$lastUpdateTime": "2025-05-02T18:51:15.7054469Z",
              "Temperature": {
                "lastUpdateTime": "2025-05-02T18:51:15.7054469Z"
              },
              "Humidity": {
                "lastUpdateTime": "2025-05-02T18:51:15.7054469Z"
              },
              "IsOccupied": {
                "lastUpdateTime": "2025-05-02T18:51:15.7054469Z"
              },
              "EmployeeId": {
                "lastUpdateTime": "2025-05-02T18:51:15.7054469Z"
              }
            }
          },
          {
            "$dtId": "roomTwin594112166",
            "$etag": "W/\"0f951c78-2e63-4e8d-be30-bd2b62945204\"",
            "Temperature": 80,
            "Humidity": 25,
            "IsOccupied": true,
            "EmployeeId": "Employee1",
            "$metadata": {
              "$model": "dtmi:example:room;146807934",
              "$lastUpdateTime": "2025-05-02T18:51:16.3887009Z",
              "Temperature": {
                "lastUpdateTime": "2025-05-02T18:51:16.3887009Z"
              },
              "Humidity": {
                "lastUpdateTime": "2025-05-02T18:51:16.3887009Z"
              },
              "IsOccupied": {
                "lastUpdateTime": "2025-05-02T18:51:16.3887009Z"
              },
              "EmployeeId": {
                "lastUpdateTime": "2025-05-02T18:51:16.3887009Z"
              }
            }
          },
          {
            "$dtId": "roomTwin1241784940",
            "$etag": "W/\"2b302191-1e26-40ee-93c3-8ef14ccf207c\"",
            "Temperature": 80,
            "Humidity": 25,
            "IsOccupied": true,
            "EmployeeId": "Employee1",
            "$metadata": {
              "$model": "dtmi:example:room;146807934",
              "$lastUpdateTime": "2025-05-02T18:51:16.1054480Z",
              "Temperature": {
                "lastUpdateTime": "2025-05-02T18:51:16.1054480Z"
              },
              "Humidity": {
                "lastUpdateTime": "2025-05-02T18:51:16.1054480Z"
              },
              "IsOccupied": {
                "lastUpdateTime": "2025-05-02T18:51:16.1054480Z"
              },
              "EmployeeId": {
                "lastUpdateTime": "2025-05-02T18:51:16.1054480Z"
              }
            }
          },
          {
            "$dtId": "roomTwin1383919962",
            "$etag": "W/\"60e60a2e-0d5f-426a-a32d-33d9a04c7b6a\"",
            "Temperature": 80,
            "Humidity": 25,
            "IsOccupied": true,
            "EmployeeId": "Employee1",
            "$metadata": {
              "$model": "dtmi:example:room;146807934",
              "$lastUpdateTime": "2025-05-02T18:51:16.2445830Z",
              "Temperature": {
                "lastUpdateTime": "2025-05-02T18:51:16.2445830Z"
              },
              "Humidity": {
                "lastUpdateTime": "2025-05-02T18:51:16.2445830Z"
              },
              "IsOccupied": {
                "lastUpdateTime": "2025-05-02T18:51:16.2445830Z"
              },
              "EmployeeId": {
                "lastUpdateTime": "2025-05-02T18:51:16.2445830Z"
              }
            }
          },
          {
            "$dtId": "roomTwin1759656742",
            "$etag": "W/\"46c0ce2f-0df9-4329-831a-404e023d7b4d\"",
            "Temperature": 80,
            "Humidity": 25,
            "IsOccupied": true,
            "EmployeeId": "Employee1",
            "$metadata": {
              "$model": "dtmi:example:room;146807934",
              "$lastUpdateTime": "2025-05-02T18:51:15.9093697Z",
              "Temperature": {
                "lastUpdateTime": "2025-05-02T18:51:15.9093697Z"
              },
              "Humidity": {
                "lastUpdateTime": "2025-05-02T18:51:15.9093697Z"
              },
              "IsOccupied": {
                "lastUpdateTime": "2025-05-02T18:51:15.9093697Z"
              },
              "EmployeeId": {
                "lastUpdateTime": "2025-05-02T18:51:15.9093697Z"
              }
            }
          },
          {
            "$dtId": "roomTwin1458798655",
            "$etag": "W/\"a4f9f91a-bf53-4b84-a447-61d139ed367e\"",
            "Temperature": 80,
            "Humidity": 25,
            "IsOccupied": true,
            "EmployeeId": "Employee1",
            "$metadata": {
              "$model": "dtmi:example:room;113461504",
              "$lastUpdateTime": "2025-05-02T18:52:23.1527907Z",
              "Temperature": {
                "lastUpdateTime": "2025-05-02T18:52:23.1527907Z"
              },
              "Humidity": {
                "lastUpdateTime": "2025-05-02T18:52:23.1527907Z"
              },
              "IsOccupied": {
                "lastUpdateTime": "2025-05-02T18:52:23.1527907Z"
              },
              "EmployeeId": {
                "lastUpdateTime": "2025-05-02T18:52:23.1527907Z"
              }
            }
          },
          {
            "$dtId": "roomTwin1312213519",
            "$etag": "W/\"94ea4905-0040-4606-b8b8-6620740584ba\"",
            "Temperature": 80,
            "Humidity": 25,
            "IsOccupied": true,
            "EmployeeId": "Employee1",
            "$metadata": {
              "$model": "dtmi:example:room;121433740",
              "$lastUpdateTime": "2025-05-02T18:52:47.7570695Z",
              "Temperature": {
                "lastUpdateTime": "2025-05-02T18:52:47.7570695Z"
              },
              "Humidity": {
                "lastUpdateTime": "2025-05-02T18:52:47.7570695Z"
              },
              "IsOccupied": {
                "lastUpdateTime": "2025-05-02T18:52:47.7570695Z"
              },
              "EmployeeId": {
                "lastUpdateTime": "2025-05-02T18:52:47.7570695Z"
              }
            }
          },
          {
            "$dtId": "roomTwin1576565352",
            "$etag": "W/\"943f1d51-f621-4678-bfbc-993127ebd2ad\"",
            "Temperature": 80,
            "Humidity": 25,
            "IsOccupied": true,
            "EmployeeId": "Employee1",
            "$metadata": {
              "$model": "dtmi:example:room;114522996",
              "$lastUpdateTime": "2025-05-02T18:52:56.5104733Z",
              "Temperature": {
                "lastUpdateTime": "2025-05-02T18:52:56.5104733Z"
              },
              "Humidity": {
                "lastUpdateTime": "2025-05-02T18:52:56.5104733Z"
              },
              "IsOccupied": {
                "lastUpdateTime": "2025-05-02T18:52:56.5104733Z"
              },
              "EmployeeId": {
                "lastUpdateTime": "2025-05-02T18:52:56.5104733Z"
              }
            }
          },
          {
            "$dtId": "roomTwin782600494",
            "$etag": "W/\"f57a7680-c156-4550-97be-da8d86830e8c\"",
            "Temperature": 80,
            "Humidity": 25,
            "IsOccupied": true,
            "EmployeeId": "Employee1",
            "$metadata": {
              "$model": "dtmi:example:room;115539423",
              "$lastUpdateTime": "2025-05-02T18:53:12.7817237Z",
              "Temperature": {
                "lastUpdateTime": "2025-05-02T18:53:12.7817237Z"
              },
              "Humidity": {
                "lastUpdateTime": "2025-05-02T18:53:12.7817237Z"
              },
              "IsOccupied": {
                "lastUpdateTime": "2025-05-02T18:53:12.7817237Z"
              },
              "EmployeeId": {
                "lastUpdateTime": "2025-05-02T18:53:12.7817237Z"
              }
            }
          },
          {
            "$dtId": "roomTwin343234546",
            "$etag": "W/\"47cdcc68-0696-4be9-bbb5-f832a7b87bea\"",
            "Temperature": 80,
            "Humidity": 25,
            "IsOccupied": true,
            "EmployeeId": "Employee1",
            "$metadata": {
              "$model": "dtmi:example:room;137948831",
              "$lastUpdateTime": "2025-05-02T18:53:21.1646093Z",
              "Temperature": {
                "lastUpdateTime": "2025-05-02T18:53:21.1646093Z"
              },
              "Humidity": {
                "lastUpdateTime": "2025-05-02T18:53:21.1646093Z"
              },
              "IsOccupied": {
                "lastUpdateTime": "2025-05-02T18:53:21.1646093Z"
              },
              "EmployeeId": {
                "lastUpdateTime": "2025-05-02T18:53:21.1646093Z"
              }
            }
          },
          {
            "$dtId": "roomTwin1043539013",
            "$etag": "W/\"c14ab2db-29df-4e83-8046-4a5588004aaa\"",
            "Temperature": 70,
            "Humidity": 30,
            "IsOccupied": true,
            "$metadata": {
              "$model": "dtmi:example:room;119368545",
              "$lastUpdateTime": "2025-05-02T18:53:32.0600001Z",
              "Temperature": {
                "lastUpdateTime": "2025-05-02T18:53:32.0600001Z"
              },
              "Humidity": {
                "lastUpdateTime": "2025-05-02T18:53:32.0600001Z"
              },
              "IsOccupied": {
                "lastUpdateTime": "2025-05-02T18:53:31.8897802Z"
              }
            }
          },
          {
            "$dtId": "roomTwin1615520861",
            "$etag": "W/\"b1d92b5c-aa89-4479-bcd6-c388cdadb47e\"",
            "Temperature": 70,
            "Humidity": 30,
            "IsOccupied": true,
            "$metadata": {
              "$model": "dtmi:example:room;116011018",
              "$lastUpdateTime": "2025-05-02T18:53:52.3311969Z",
              "Temperature": {
                "lastUpdateTime": "2025-05-02T18:53:52.3311969Z"
              },
              "Humidity": {
                "lastUpdateTime": "2025-05-02T18:53:52.3311969Z"
              },
              "IsOccupied": {
                "lastUpdateTime": "2025-05-02T18:53:52.1317544Z"
              }
            }
          },
          {
            "$dtId": "twin6",
            "$etag": "W/\"5e20bd02-6901-420f-b30a-6e6aaf6b43a0\"",
            "property6": "propertyValue1",
            "property61": 10,
            "property62": {
              "subProperty1": "subProperty1Value",
              "subProperty2": "subProperty2Value"
            },
            "$metadata": {
              "$model": "dtmi:com:microsoft:azure:iot:model6;1",
              "$lastUpdateTime": "2025-05-02T18:54:21.1264700Z",
              "property6": {
                "lastUpdateTime": "2025-05-02T18:54:21.1264700Z"
              },
              "property61": {
                "lastUpdateTime": "2025-05-02T18:54:21.1264700Z"
              },
              "property62": {
                "lastUpdateTime": "2025-05-02T18:54:21.1264700Z"
              }
            }
          },
          {
            "$dtId": "twin5",
            "$etag": "W/\"9cfcdc2a-b07f-425f-bf12-e333592f3e49\"",
            "property5": "propertyValue1",
            "property51": 10,
            "property52": {
              "subProperty1": "subProperty1Value",
              "subProperty2": "subProperty2Value"
            },
            "$metadata": {
              "$model": "dtmi:com:microsoft:azure:iot:model5;1",
              "$lastUpdateTime": "2025-05-02T18:54:21.1267582Z",
              "property5": {
                "lastUpdateTime": "2025-05-02T18:54:21.1267582Z"
              },
              "property51": {
                "lastUpdateTime": "2025-05-02T18:54:21.1267582Z"
              },
              "property52": {
                "lastUpdateTime": "2025-05-02T18:54:21.1267582Z"
              }
            }
          },
          {
            "$dtId": "twin9",
            "$etag": "W/\"a835932b-fece-4dcc-9812-bede833c2261\"",
            "property9": "propertyValue1",
            "property91": 10,
            "property92": {
              "subProperty1": "subProperty1Value",
              "subProperty2": "subProperty2Value"
            },
            "$metadata": {
              "$model": "dtmi:com:microsoft:azure:iot:model9;1",
              "$lastUpdateTime": "2025-05-02T18:54:21.1323449Z",
              "property9": {
                "lastUpdateTime": "2025-05-02T18:54:21.1323449Z"
              },
              "property91": {
                "lastUpdateTime": "2025-05-02T18:54:21.1323449Z"
              },
              "property92": {
                "lastUpdateTime": "2025-05-02T18:54:21.1323449Z"
              }
            }
          },
          {
            "$dtId": "twin1",
            "$etag": "W/\"a16633da-2f74-4792-957c-3ec357b89994\"",
            "property1": "propertyValue1",
            "property11": 10,
            "property12": {
              "subProperty1": "subProperty1Value",
              "subProperty2": "subProperty2Value"
            },
            "$metadata": {
              "$model": "dtmi:com:microsoft:azure:iot:model1;1",
              "$lastUpdateTime": "2025-05-02T18:54:21.1320448Z",
              "property1": {
                "lastUpdateTime": "2025-05-02T18:54:21.1320448Z"
              },
              "property11": {
                "lastUpdateTime": "2025-05-02T18:54:21.1320448Z"
              },
              "property12": {
                "lastUpdateTime": "2025-05-02T18:54:21.1320448Z"
              }
            }
          },
          {
            "$dtId": "twin8",
            "$etag": "W/\"7de0687f-d821-45aa-8222-7f95821793e7\"",
            "property8": "propertyValue1",
            "property81": 10,
            "property82": {
              "subProperty1": "subProperty1Value",
              "subProperty2": "subProperty2Value"
            },
            "$metadata": {
              "$model": "dtmi:com:microsoft:azure:iot:model8;1",
              "$lastUpdateTime": "2025-05-02T18:54:21.1332871Z",
              "property8": {
                "lastUpdateTime": "2025-05-02T18:54:21.1332871Z"
              },
              "property81": {
                "lastUpdateTime": "2025-05-02T18:54:21.1332871Z"
              },
              "property82": {
                "lastUpdateTime": "2025-05-02T18:54:21.1332871Z"
              }
            }
          },
          {
            "$dtId": "twin2",
            "$etag": "W/\"1438d3dd-2747-4ac2-84aa-2b209ffd1926\"",
            "property2": "propertyValue1",
            "property21": 10,
            "property22": {
              "subProperty1": "subProperty1Value",
              "subProperty2": "subProperty2Value"
            },
            "$metadata": {
              "$model": "dtmi:com:microsoft:azure:iot:model2;1",
              "$lastUpdateTime": "2025-05-02T18:54:21.1459567Z",
              "property2": {
                "lastUpdateTime": "2025-05-02T18:54:21.1459567Z"
              },
              "property21": {
                "lastUpdateTime": "2025-05-02T18:54:21.1459567Z"
              },
              "property22": {
                "lastUpdateTime": "2025-05-02T18:54:21.1459567Z"
              }
            }
          },
          {
            "$dtId": "twin3",
            "$etag": "W/\"b2900fcb-8dbf-442f-b058-1972a7c7d833\"",
            "property3": "propertyValue1",
            "property31": 10,
            "property32": {
              "subProperty1": "subProperty1Value",
              "subProperty2": "subProperty2Value"
            },
            "$metadata": {
              "$model": "dtmi:com:microsoft:azure:iot:model3;1",
              "$lastUpdateTime": "2025-05-02T18:54:21.1498321Z",
              "property3": {
                "lastUpdateTime": "2025-05-02T18:54:21.1498321Z"
              },
              "property31": {
                "lastUpdateTime": "2025-05-02T18:54:21.1498321Z"
              },
              "property32": {
                "lastUpdateTime": "2025-05-02T18:54:21.1498321Z"
              }
            }
          },
          {
            "$dtId": "twin0",
            "$etag": "W/\"5a2ba76d-2d5a-43b1-882b-99aae9d6427f\"",
            "property0": "propertyValue1",
            "property01": 10,
            "property02": {
              "subProperty1": "subProperty1Value",
              "subProperty2": "subProperty2Value"
            },
            "$metadata": {
              "$model": "dtmi:com:microsoft:azure:iot:model0;1",
              "$lastUpdateTime": "2025-05-02T18:54:21.1496809Z",
              "property0": {
                "lastUpdateTime": "2025-05-02T18:54:21.1496809Z"
              },
              "property01": {
                "lastUpdateTime": "2025-05-02T18:54:21.1496809Z"
              },
              "property02": {
                "lastUpdateTime": "2025-05-02T18:54:21.1496809Z"
              }
            }
          },
          {
            "$dtId": "twin7",
            "$etag": "W/\"04d489e2-2eb9-4822-9b91-5296832efca1\"",
            "property7": "propertyValue1",
            "property71": 10,
            "property72": {
              "subProperty1": "subProperty1Value",
              "subProperty2": "subProperty2Value"
            },
            "$metadata": {
              "$model": "dtmi:com:microsoft:azure:iot:model7;1",
              "$lastUpdateTime": "2025-05-02T18:54:21.1537254Z",
              "property7": {
                "lastUpdateTime": "2025-05-02T18:54:21.1537254Z"
              },
              "property71": {
                "lastUpdateTime": "2025-05-02T18:54:21.1537254Z"
              },
              "property72": {
                "lastUpdateTime": "2025-05-02T18:54:21.1537254Z"
              }
            }
          },
          {
            "$dtId": "twin4",
            "$etag": "W/\"a02e7459-f05c-4edf-9fe4-d63bccde8f95\"",
            "property4": "propertyValue1",
            "property41": 10,
            "property42": {
              "subProperty1": "subProperty1Value",
              "subProperty2": "subProperty2Value"
            },
            "$metadata": {
              "$model": "dtmi:com:microsoft:azure:iot:model4;1",
              "$lastUpdateTime": "2025-05-02T18:54:21.1760070Z",
              "property4": {
                "lastUpdateTime": "2025-05-02T18:54:21.1760070Z"
              },
              "property41": {
                "lastUpdateTime": "2025-05-02T18:54:21.1760070Z"
              },
              "property42": {
                "lastUpdateTime": "2025-05-02T18:54:21.1760070Z"
              }
            }
          },
          {
            "$dtId": "roomTwin617436861",
            "$etag": "W/\"6f9de9b8-d8e0-4f0e-aa13-24e101f53517\"",
            "Temperature": 70,
            "Humidity": 30,
            "IsOccupied": true,
            "$metadata": {
              "$model": "dtmi:example:room;132578861",
              "$lastUpdateTime": "2025-05-02T18:54:22.8249971Z",
              "Temperature": {
                "lastUpdateTime": "2025-05-02T18:54:22.8249971Z"
              },
              "Humidity": {
                "lastUpdateTime": "2025-05-02T18:54:22.8249971Z"
              },
              "IsOccupied": {
                "lastUpdateTime": "2025-05-02T18:54:22.6172128Z"
              }
            }
          },
          {
            "$dtId": "roomTwin388821953",
            "$etag": "W/\"41728012-8e15-43ed-b58c-850ffc3cbc10\"",
            "Temperature": 70,
            "Humidity": 80,
            "IsOccupied": true,
            "$metadata": {
              "$model": "dtmi:example:room;116337968",
              "$lastUpdateTime": "2025-05-02T18:54:40.9131523Z",
              "Temperature": {
                "lastUpdateTime": "2025-05-02T18:54:40.5774944Z"
              },
              "Humidity": {
                "lastUpdateTime": "2025-05-02T18:54:40.9131523Z"
              },
              "IsOccupied": {
                "lastUpdateTime": "2025-05-02T18:54:40.4921723Z"
              }
            }
          },
          {
            "$dtId": "roomTwin768037879",
            "$etag": "W/\"1f807eb6-1d43-4384-a791-394d56826938\"",
            "Temperature": 70,
            "Humidity": 30,
            "IsOccupied": true,
            "$metadata": {
              "$model": "dtmi:example:room;117308246",
              "$lastUpdateTime": "2025-05-02T18:54:46.9185570Z",
              "Temperature": {
                "lastUpdateTime": "2025-05-02T18:54:46.9185570Z"
              },
              "Humidity": {
                "lastUpdateTime": "2025-05-02T18:54:46.9185570Z"
              },
              "IsOccupied": {
                "lastUpdateTime": "2025-05-02T18:54:46.7884225Z"
              }
            }
          },
          {
            "$dtId": "roomTwin584009161",
            "$etag": "W/\"5b0ccdec-8a8a-4dee-916b-dc87ad68fbce\"",
            "Temperature": 80,
            "Humidity": 25,
            "IsOccupied": true,
            "EmployeeId": "Employee1",
            "$metadata": {
              "$model": "dtmi:example:room;114778313",
              "$lastUpdateTime": "2025-05-02T18:55:05.9828164Z",
              "Temperature": {
                "lastUpdateTime": "2025-05-02T18:55:05.9828164Z"
              },
              "Humidity": {
                "lastUpdateTime": "2025-05-02T18:55:05.9828164Z"
              },
              "IsOccupied": {
                "lastUpdateTime": "2025-05-02T18:55:05.9828164Z"
              },
              "EmployeeId": {
                "lastUpdateTime": "2025-05-02T18:55:05.9828164Z"
              }
            }
          },
          {
            "$dtId": "roomTwin1576973190",
            "$etag": "W/\"8ff72e75-f2c6-4553-addc-80d29cfde196\"",
            "Temperature": 70,
            "Humidity": 80,
            "IsOccupied": true,
            "$metadata": {
              "$model": "dtmi:example:room;136236702",
              "$lastUpdateTime": "2025-05-02T18:55:08.0488075Z",
              "Temperature": {
                "lastUpdateTime": "2025-05-02T18:55:05.9359240Z"
              },
              "Humidity": {
                "lastUpdateTime": "2025-05-02T18:55:08.0488075Z"
              },
              "IsOccupied": {
                "lastUpdateTime": "2025-05-02T18:55:05.8656475Z"
              }
            }
          }
        ],
        "continuationToken": null
      }
    },
    {
      "RequestUri": "https://fakeHost.api.wus2.digitaltwins.azure.net/digitaltwins/roomTwin584009161?api-version=2023-10-31",
      "RequestMethod": "DELETE",
      "RequestHeaders": {
        "Accept": "application/json",
        "Authorization": "Sanitized",
        "traceparent": "00-8c9cb7944e87baa9a9936eb1771c59ce-174c34292439944d-00",
        "User-Agent": "azsdk-net-DigitalTwins.Core/1.6.0-alpha.20250502.1 (.NET Framework 4.8.9300.0; Microsoft Windows 10.0.26100 )",
        "x-ms-client-request-id": "Sanitized",
        "x-ms-return-client-request-id": "true"
      },
      "RequestBody": null,
      "StatusCode": 204,
      "ResponseHeaders": {
        "Content-Length": "0",
        "Date": "Fri, 02 May 2025 18:55:13 GMT",
        "mise-correlation-id": "cdfec050-2514-4206-8211-bbc54f4e28e2",
        "Strict-Transport-Security": "max-age=2592000",
        "traceresponse": "00-8c9cb7944e87baa9a9936eb1771c59ce-70b3dc743972f612-01"
      },
      "ResponseBody": null
    },
    {
      "RequestUri": "https://fakeHost.api.wus2.digitaltwins.azure.net/models/dtmi%3Aexample%3Aroom%3B114778313?api-version=2023-10-31",
      "RequestMethod": "DELETE",
      "RequestHeaders": {
        "Accept": "application/json",
        "Authorization": "Sanitized",
        "traceparent": "00-2b8fd8c2d4b6bdb5f5b6d022a08d3087-21164e2160c65042-00",
        "User-Agent": "azsdk-net-DigitalTwins.Core/1.6.0-alpha.20250502.1 (.NET Framework 4.8.9300.0; Microsoft Windows 10.0.26100 )",
        "x-ms-client-request-id": "Sanitized",
        "x-ms-return-client-request-id": "true"
      },
      "RequestBody": null,
      "StatusCode": 204,
      "ResponseHeaders": {
        "Content-Length": "0",
        "Date": "Fri, 02 May 2025 18:55:13 GMT",
        "mise-correlation-id": "307fa9f1-8b8b-4560-9848-b3880b0a6765",
        "Strict-Transport-Security": "max-age=2592000",
        "traceresponse": "00-2b8fd8c2d4b6bdb5f5b6d022a08d3087-b217e5c7b4108873-01"
      },
      "ResponseBody": null
    }
  ],
  "Variables": {
    "DIGITALTWINS_URL": "https://fakeHost.api.wus2.digitaltwins.azure.net",
    "RandomSeed": "1245252990"
  }
}
