{
  "Entries": [
    {
      "RequestUri": "https://eastus2euap.management.azure.com/subscriptions/c4a547de-4411-4447-964d-1edbc72cf116?api-version=2022-12-01",
      "RequestMethod": "GET",
      "RequestHeaders": {
        "Accept": "application/json",
        "Authorization": "Sanitized",
        "traceparent": "00-7627fd23fd322f372c27573adfb03a54-c9b57256b635a5d6-00",
        "User-Agent": "azsdk-net-ResourceManager/1.7.0 (.NET 6.0.23; Microsoft Windows 10.0.22621)",
        "x-ms-client-request-id": "44a799f07b669f1eea527c2979c73679",
        "x-ms-return-client-request-id": "true"
      },
      "RequestBody": null,
      "StatusCode": 200,
      "ResponseHeaders": {
        "Cache-Control": "no-cache",
        "Content-Length": "419",
        "Content-Type": "application/json; charset=utf-8",
        "Date": "Fri, 20 Oct 2023 10:45:09 GMT",
        "Expires": "-1",
        "Pragma": "no-cache",
        "Strict-Transport-Security": "max-age=31536000; includeSubDomains",
        "X-Content-Type-Options": "nosniff",
        "x-ms-correlation-request-id": "1f1329d3-f9fd-43e1-b1b3-751452fc969a",
        "x-ms-ratelimit-remaining-subscription-reads": "11870",
        "x-ms-request-id": "1f1329d3-f9fd-43e1-b1b3-751452fc969a",
        "x-ms-routing-request-id": "EASTUS2EUAP:20231020T104510Z:1f1329d3-f9fd-43e1-b1b3-751452fc969a"
      },
      "ResponseBody": {
        "id": "/subscriptions/c4a547de-4411-4447-964d-1edbc72cf116",
        "authorizationSource": "RoleBased",
        "managedByTenants": [],
        "subscriptionId": "c4a547de-4411-4447-964d-1edbc72cf116",
        "tenantId": "72f988bf-86f1-41af-91ab-2d7cd011db47",
        "displayName": "Azure Search ARM Test in Production Lab",
        "state": "Enabled",
        "subscriptionPolicies": {
          "locationPlacementId": "Internal_2014-09-01",
          "quotaId": "Internal_2014-09-01",
          "spendingLimit": "Off"
        }
      }
    },
    {
      "RequestUri": "https://eastus2euap.management.azure.com/subscriptions/c4a547de-4411-4447-964d-1edbc72cf116/resourcegroups/sdk-test3863?api-version=2022-09-01",
      "RequestMethod": "PUT",
      "RequestHeaders": {
        "Accept": "application/json",
        "Authorization": "Sanitized",
        "Content-Length": "26",
        "Content-Type": "application/json",
        "traceparent": "00-87a8ce0dc559e44b29235c63147082e1-3c492a09b6e69623-00",
        "User-Agent": "azsdk-net-ResourceManager/1.7.0 (.NET 6.0.23; Microsoft Windows 10.0.22621)",
        "x-ms-client-request-id": "caf7810d0aad4a7080adf5ac6e149ec5",
        "x-ms-return-client-request-id": "true"
      },
      "RequestBody": {
        "location": "eastus2euap"
      },
      "StatusCode": 201,
      "ResponseHeaders": {
        "Cache-Control": "no-cache",
        "Content-Length": "226",
        "Content-Type": "application/json; charset=utf-8",
        "Date": "Fri, 20 Oct 2023 10:45:10 GMT",
        "Expires": "-1",
        "Pragma": "no-cache",
        "Strict-Transport-Security": "max-age=31536000; includeSubDomains",
        "X-Content-Type-Options": "nosniff",
        "x-ms-correlation-request-id": "15d038dd-a1bd-44af-ad89-cc6a475c938c",
        "x-ms-ratelimit-remaining-subscription-writes": "1196",
        "x-ms-request-id": "15d038dd-a1bd-44af-ad89-cc6a475c938c",
        "x-ms-routing-request-id": "EASTUS2EUAP:20231020T104510Z:15d038dd-a1bd-44af-ad89-cc6a475c938c"
      },
      "ResponseBody": {
        "id": "/subscriptions/c4a547de-4411-4447-964d-1edbc72cf116/resourceGroups/sdk-test3863",
        "name": "sdk-test3863",
        "type": "Microsoft.Resources/resourceGroups",
        "location": "eastus2euap",
        "properties": {
          "provisioningState": "Succeeded"
        }
      }
    },
    {
      "RequestUri": "https://eastus2euap.management.azure.com/subscriptions/c4a547de-4411-4447-964d-1edbc72cf116/resourceGroups/sdk-test3863/providers/Microsoft.Search/searchServices/search2185?api-version=2023-11-01",
      "RequestMethod": "PUT",
      "RequestHeaders": {
        "Accept": "application/json",
        "Authorization": "Sanitized",
        "Content-Length": "137",
        "Content-Type": "application/json",
        "traceparent": "00-1f9a6b50879d6ca641510cb8cab0a2d7-1569423f8fafce72-00",
        "User-Agent": "azsdk-net-ResourceManager.Search/1.2.0-alpha.20231019.1 (.NET 6.0.23; Microsoft Windows 10.0.22621)",
        "x-ms-client-request-id": "65e1d7d9d472f951a636914a4e4969e0",
        "x-ms-return-client-request-id": "true"
      },
      "RequestBody": {
        "sku": {
          "name": "standard"
        },
        "tags": {},
        "location": "eastus2euap",
        "properties": {
          "replicaCount": 3,
          "partitionCount": 1,
          "hostingMode": "default"
        }
      },
      "StatusCode": 201,
      "ResponseHeaders": {
        "Cache-Control": "no-cache",
        "client-request-id": "65e1d7d9-d472-f951-a636-914a4e4969e0",
        "Content-Length": "739",
        "Content-Type": "application/json; charset=utf-8",
        "Date": "Fri, 20 Oct 2023 10:45:19 GMT",
        "elapsed-time": "8847",
        "ETag": "W/\u0022datetime\u00272023-10-20T10%3A45%3A19.6758277Z\u0027\u0022",
        "Expires": "-1",
        "Pragma": "no-cache",
        "request-id": "65e1d7d9-d472-f951-a636-914a4e4969e0",
        "Strict-Transport-Security": "max-age=31536000; includeSubDomains",
        "X-Content-Type-Options": "nosniff",
        "x-ms-client-request-id": "65e1d7d9-d472-f951-a636-914a4e4969e0",
        "x-ms-correlation-request-id": "dd589f1f-5d53-4840-9829-4764a89948c2",
        "x-ms-operation-identifier": "appId=d94cc892-198d-43c4-ad2d-9050e915aa58,tenantId=72f988bf-86f1-41af-91ab-2d7cd011db47,objectId=d8bad258-9b3f-4126-b73e-2708d24315d5/eastus2euap/f25847b7-ed0e-443e-9a1c-5aa80b90db3b",
        "x-ms-ratelimit-remaining-subscription-writes": "1195",
        "x-ms-request-id": "65e1d7d9-d472-f951-a636-914a4e4969e0",
        "x-ms-routing-request-id": "EASTUS2EUAP:20231020T104519Z:dd589f1f-5d53-4840-9829-4764a89948c2"
      },
      "ResponseBody": {
        "id": "/subscriptions/c4a547de-4411-4447-964d-1edbc72cf116/resourceGroups/sdk-test3863/providers/Microsoft.Search/searchServices/search2185",
        "name": "search2185",
        "type": "Microsoft.Search/searchServices",
        "location": "East US 2 EUAP",
        "tags": {},
        "properties": {
          "replicaCount": 3,
          "partitionCount": 1,
          "status": "provisioning",
          "statusDetails": "",
          "provisioningState": "provisioning",
          "hostingMode": "default",
          "publicNetworkAccess": "Enabled",
          "networkRuleSet": {
            "ipRules": [],
            "bypass": "None"
          },
          "privateEndpointConnections": [],
          "sharedPrivateLinkResources": [],
          "encryptionWithCmk": {
            "enforcement": "Unspecified",
            "encryptionComplianceStatus": "Compliant"
          },
          "disableLocalAuth": false,
          "authOptions": {
            "apiKeyOnly": {}
          },
          "semanticSearch": "disabled"
        },
        "sku": {
          "name": "standard"
        }
      }
    },
    {
      "RequestUri": "https://eastus2euap.management.azure.com/subscriptions/c4a547de-4411-4447-964d-1edbc72cf116/resourceGroups/sdk-test3863/providers/Microsoft.Search/searchServices/search2185?api-version=2023-11-01",
      "RequestMethod": "GET",
      "RequestHeaders": {
        "Authorization": "Sanitized",
        "traceparent": "00-1f9a6b50879d6ca641510cb8cab0a2d7-7c632386eed8b58a-00",
        "User-Agent": "azsdk-net-ResourceManager/1.7.0 (.NET 6.0.23; Microsoft Windows 10.0.22621)",
        "x-ms-client-request-id": "5eee3c649898ac9ba5d007d3deff3263",
        "x-ms-return-client-request-id": "true"
      },
      "RequestBody": null,
      "StatusCode": 200,
      "ResponseHeaders": {
        "Cache-Control": "no-cache",
        "client-request-id": "5eee3c64-9898-ac9b-a5d0-07d3deff3263",
        "Content-Length": "739",
        "Content-Type": "application/json; charset=utf-8",
        "Date": "Fri, 20 Oct 2023 10:45:19 GMT",
        "elapsed-time": "177",
        "ETag": "W/\u0022datetime\u00272023-10-20T10%3A45%3A19.6758277Z\u0027\u0022",
        "Expires": "-1",
        "Pragma": "no-cache",
        "request-id": "5eee3c64-9898-ac9b-a5d0-07d3deff3263",
        "Strict-Transport-Security": "max-age=31536000; includeSubDomains",
        "Vary": "Accept-Encoding",
        "X-Content-Type-Options": "nosniff",
        "x-ms-client-request-id": "5eee3c64-9898-ac9b-a5d0-07d3deff3263",
        "x-ms-correlation-request-id": "7daa3244-b7ba-483e-aa96-70d6bdc175b7",
        "x-ms-ratelimit-remaining-subscription-reads": "11869",
        "x-ms-request-id": "5eee3c64-9898-ac9b-a5d0-07d3deff3263",
        "x-ms-routing-request-id": "EASTUS2EUAP:20231020T104520Z:7daa3244-b7ba-483e-aa96-70d6bdc175b7"
      },
      "ResponseBody": {
        "id": "/subscriptions/c4a547de-4411-4447-964d-1edbc72cf116/resourceGroups/sdk-test3863/providers/Microsoft.Search/searchServices/search2185",
        "name": "search2185",
        "type": "Microsoft.Search/searchServices",
        "location": "East US 2 EUAP",
        "tags": {},
        "properties": {
          "replicaCount": 3,
          "partitionCount": 1,
          "status": "provisioning",
          "statusDetails": "",
          "provisioningState": "provisioning",
          "hostingMode": "default",
          "publicNetworkAccess": "Enabled",
          "networkRuleSet": {
            "ipRules": [],
            "bypass": "None"
          },
          "privateEndpointConnections": [],
          "sharedPrivateLinkResources": [],
          "encryptionWithCmk": {
            "enforcement": "Unspecified",
            "encryptionComplianceStatus": "Compliant"
          },
          "disableLocalAuth": false,
          "authOptions": {
            "apiKeyOnly": {}
          },
          "semanticSearch": "disabled"
        },
        "sku": {
          "name": "standard"
        }
      }
    },
    {
      "RequestUri": "https://eastus2euap.management.azure.com/subscriptions/c4a547de-4411-4447-964d-1edbc72cf116/resourceGroups/sdk-test3863/providers/Microsoft.Search/searchServices/search2185?api-version=2023-11-01",
      "RequestMethod": "GET",
      "RequestHeaders": {
        "Authorization": "Sanitized",
        "traceparent": "00-1f9a6b50879d6ca641510cb8cab0a2d7-23a901c562f6668a-00",
        "User-Agent": "azsdk-net-ResourceManager/1.7.0 (.NET 6.0.23; Microsoft Windows 10.0.22621)",
        "x-ms-client-request-id": "f825cc8b8f4e97c748aa6b8c0628072a",
        "x-ms-return-client-request-id": "true"
      },
      "RequestBody": null,
      "StatusCode": 200,
      "ResponseHeaders": {
        "Cache-Control": "no-cache",
        "client-request-id": "f825cc8b-8f4e-97c7-48aa-6b8c0628072a",
        "Content-Length": "739",
        "Content-Type": "application/json; charset=utf-8",
        "Date": "Fri, 20 Oct 2023 10:45:21 GMT",
        "elapsed-time": "294",
        "ETag": "W/\u0022datetime\u00272023-10-20T10%3A45%3A19.6758277Z\u0027\u0022",
        "Expires": "-1",
        "Pragma": "no-cache",
        "request-id": "f825cc8b-8f4e-97c7-48aa-6b8c0628072a",
        "Strict-Transport-Security": "max-age=31536000; includeSubDomains",
        "Vary": "Accept-Encoding",
        "X-Content-Type-Options": "nosniff",
        "x-ms-client-request-id": "f825cc8b-8f4e-97c7-48aa-6b8c0628072a",
        "x-ms-correlation-request-id": "47417cc1-ab5a-4f96-bf26-fd667b8a27b4",
        "x-ms-ratelimit-remaining-subscription-reads": "11868",
        "x-ms-request-id": "f825cc8b-8f4e-97c7-48aa-6b8c0628072a",
        "x-ms-routing-request-id": "EASTUS2EUAP:20231020T104521Z:47417cc1-ab5a-4f96-bf26-fd667b8a27b4"
      },
      "ResponseBody": {
        "id": "/subscriptions/c4a547de-4411-4447-964d-1edbc72cf116/resourceGroups/sdk-test3863/providers/Microsoft.Search/searchServices/search2185",
        "name": "search2185",
        "type": "Microsoft.Search/searchServices",
        "location": "East US 2 EUAP",
        "tags": {},
        "properties": {
          "replicaCount": 3,
          "partitionCount": 1,
          "status": "provisioning",
          "statusDetails": "",
          "provisioningState": "provisioning",
          "hostingMode": "default",
          "publicNetworkAccess": "Enabled",
          "networkRuleSet": {
            "ipRules": [],
            "bypass": "None"
          },
          "privateEndpointConnections": [],
          "sharedPrivateLinkResources": [],
          "encryptionWithCmk": {
            "enforcement": "Unspecified",
            "encryptionComplianceStatus": "Compliant"
          },
          "disableLocalAuth": false,
          "authOptions": {
            "apiKeyOnly": {}
          },
          "semanticSearch": "disabled"
        },
        "sku": {
          "name": "standard"
        }
      }
    },
    {
      "RequestUri": "https://eastus2euap.management.azure.com/subscriptions/c4a547de-4411-4447-964d-1edbc72cf116/resourceGroups/sdk-test3863/providers/Microsoft.Search/searchServices/search2185?api-version=2023-11-01",
      "RequestMethod": "GET",
      "RequestHeaders": {
        "Authorization": "Sanitized",
        "traceparent": "00-1f9a6b50879d6ca641510cb8cab0a2d7-4cad94702c5a904b-00",
        "User-Agent": "azsdk-net-ResourceManager/1.7.0 (.NET 6.0.23; Microsoft Windows 10.0.22621)",
        "x-ms-client-request-id": "12e5b4f80b5ab04880a38fa53abb58fa",
        "x-ms-return-client-request-id": "true"
      },
      "RequestBody": null,
      "StatusCode": 200,
      "ResponseHeaders": {
        "Cache-Control": "no-cache",
        "client-request-id": "12e5b4f8-0b5a-b048-80a3-8fa53abb58fa",
        "Content-Length": "739",
        "Content-Type": "application/json; charset=utf-8",
        "Date": "Fri, 20 Oct 2023 10:45:22 GMT",
        "elapsed-time": "279",
        "ETag": "W/\u0022datetime\u00272023-10-20T10%3A45%3A19.6758277Z\u0027\u0022",
        "Expires": "-1",
        "Pragma": "no-cache",
        "request-id": "12e5b4f8-0b5a-b048-80a3-8fa53abb58fa",
        "Strict-Transport-Security": "max-age=31536000; includeSubDomains",
        "Vary": "Accept-Encoding",
        "X-Content-Type-Options": "nosniff",
        "x-ms-client-request-id": "12e5b4f8-0b5a-b048-80a3-8fa53abb58fa",
        "x-ms-correlation-request-id": "a46237de-145e-4667-a7ca-cffbb35511c9",
        "x-ms-ratelimit-remaining-subscription-reads": "11867",
        "x-ms-request-id": "12e5b4f8-0b5a-b048-80a3-8fa53abb58fa",
        "x-ms-routing-request-id": "EASTUS2EUAP:20231020T104523Z:a46237de-145e-4667-a7ca-cffbb35511c9"
      },
      "ResponseBody": {
        "id": "/subscriptions/c4a547de-4411-4447-964d-1edbc72cf116/resourceGroups/sdk-test3863/providers/Microsoft.Search/searchServices/search2185",
        "name": "search2185",
        "type": "Microsoft.Search/searchServices",
        "location": "East US 2 EUAP",
        "tags": {},
        "properties": {
          "replicaCount": 3,
          "partitionCount": 1,
          "status": "provisioning",
          "statusDetails": "",
          "provisioningState": "provisioning",
          "hostingMode": "default",
          "publicNetworkAccess": "Enabled",
          "networkRuleSet": {
            "ipRules": [],
            "bypass": "None"
          },
          "privateEndpointConnections": [],
          "sharedPrivateLinkResources": [],
          "encryptionWithCmk": {
            "enforcement": "Unspecified",
            "encryptionComplianceStatus": "Compliant"
          },
          "disableLocalAuth": false,
          "authOptions": {
            "apiKeyOnly": {}
          },
          "semanticSearch": "disabled"
        },
        "sku": {
          "name": "standard"
        }
      }
    },
    {
      "RequestUri": "https://eastus2euap.management.azure.com/subscriptions/c4a547de-4411-4447-964d-1edbc72cf116/resourceGroups/sdk-test3863/providers/Microsoft.Search/searchServices/search2185?api-version=2023-11-01",
      "RequestMethod": "GET",
      "RequestHeaders": {
        "Authorization": "Sanitized",
        "traceparent": "00-1f9a6b50879d6ca641510cb8cab0a2d7-ebf7651dc1854b98-00",
        "User-Agent": "azsdk-net-ResourceManager/1.7.0 (.NET 6.0.23; Microsoft Windows 10.0.22621)",
        "x-ms-client-request-id": "269c6ab44556d48e745716ee2c0ea57c",
        "x-ms-return-client-request-id": "true"
      },
      "RequestBody": null,
      "StatusCode": 200,
      "ResponseHeaders": {
        "Cache-Control": "no-cache",
        "client-request-id": "269c6ab4-4556-d48e-7457-16ee2c0ea57c",
        "Content-Length": "739",
        "Content-Type": "application/json; charset=utf-8",
        "Date": "Fri, 20 Oct 2023 10:45:23 GMT",
        "elapsed-time": "197",
        "ETag": "W/\u0022datetime\u00272023-10-20T10%3A45%3A19.6758277Z\u0027\u0022",
        "Expires": "-1",
        "Pragma": "no-cache",
        "request-id": "269c6ab4-4556-d48e-7457-16ee2c0ea57c",
        "Strict-Transport-Security": "max-age=31536000; includeSubDomains",
        "Vary": "Accept-Encoding",
        "X-Content-Type-Options": "nosniff",
        "x-ms-client-request-id": "269c6ab4-4556-d48e-7457-16ee2c0ea57c",
        "x-ms-correlation-request-id": "9c65a73a-5b7b-4340-8490-bdf206d6be54",
        "x-ms-ratelimit-remaining-subscription-reads": "11866",
        "x-ms-request-id": "269c6ab4-4556-d48e-7457-16ee2c0ea57c",
        "x-ms-routing-request-id": "EASTUS2EUAP:20231020T104524Z:9c65a73a-5b7b-4340-8490-bdf206d6be54"
      },
      "ResponseBody": {
        "id": "/subscriptions/c4a547de-4411-4447-964d-1edbc72cf116/resourceGroups/sdk-test3863/providers/Microsoft.Search/searchServices/search2185",
        "name": "search2185",
        "type": "Microsoft.Search/searchServices",
        "location": "East US 2 EUAP",
        "tags": {},
        "properties": {
          "replicaCount": 3,
          "partitionCount": 1,
          "status": "provisioning",
          "statusDetails": "",
          "provisioningState": "provisioning",
          "hostingMode": "default",
          "publicNetworkAccess": "Enabled",
          "networkRuleSet": {
            "ipRules": [],
            "bypass": "None"
          },
          "privateEndpointConnections": [],
          "sharedPrivateLinkResources": [],
          "encryptionWithCmk": {
            "enforcement": "Unspecified",
            "encryptionComplianceStatus": "Compliant"
          },
          "disableLocalAuth": false,
          "authOptions": {
            "apiKeyOnly": {}
          },
          "semanticSearch": "disabled"
        },
        "sku": {
          "name": "standard"
        }
      }
    },
    {
      "RequestUri": "https://eastus2euap.management.azure.com/subscriptions/c4a547de-4411-4447-964d-1edbc72cf116/resourceGroups/sdk-test3863/providers/Microsoft.Search/searchServices/search2185?api-version=2023-11-01",
      "RequestMethod": "GET",
      "RequestHeaders": {
        "Authorization": "Sanitized",
        "traceparent": "00-1f9a6b50879d6ca641510cb8cab0a2d7-d298162eb61f7290-00",
        "User-Agent": "azsdk-net-ResourceManager/1.7.0 (.NET 6.0.23; Microsoft Windows 10.0.22621)",
        "x-ms-client-request-id": "2adbddc920198008837578ab00215c8c",
        "x-ms-return-client-request-id": "true"
      },
      "RequestBody": null,
      "StatusCode": 200,
      "ResponseHeaders": {
        "Cache-Control": "no-cache",
        "client-request-id": "2adbddc9-2019-8008-8375-78ab00215c8c",
        "Content-Length": "739",
        "Content-Type": "application/json; charset=utf-8",
        "Date": "Fri, 20 Oct 2023 10:45:25 GMT",
        "elapsed-time": "160",
        "ETag": "W/\u0022datetime\u00272023-10-20T10%3A45%3A19.6758277Z\u0027\u0022",
        "Expires": "-1",
        "Pragma": "no-cache",
        "request-id": "2adbddc9-2019-8008-8375-78ab00215c8c",
        "Strict-Transport-Security": "max-age=31536000; includeSubDomains",
        "Vary": "Accept-Encoding",
        "X-Content-Type-Options": "nosniff",
        "x-ms-client-request-id": "2adbddc9-2019-8008-8375-78ab00215c8c",
        "x-ms-correlation-request-id": "65984ac8-8ffe-4e39-a9bf-ba843ab9cb60",
        "x-ms-ratelimit-remaining-subscription-reads": "11865",
        "x-ms-request-id": "2adbddc9-2019-8008-8375-78ab00215c8c",
        "x-ms-routing-request-id": "EASTUS2EUAP:20231020T104526Z:65984ac8-8ffe-4e39-a9bf-ba843ab9cb60"
      },
      "ResponseBody": {
        "id": "/subscriptions/c4a547de-4411-4447-964d-1edbc72cf116/resourceGroups/sdk-test3863/providers/Microsoft.Search/searchServices/search2185",
        "name": "search2185",
        "type": "Microsoft.Search/searchServices",
        "location": "East US 2 EUAP",
        "tags": {},
        "properties": {
          "replicaCount": 3,
          "partitionCount": 1,
          "status": "provisioning",
          "statusDetails": "",
          "provisioningState": "provisioning",
          "hostingMode": "default",
          "publicNetworkAccess": "Enabled",
          "networkRuleSet": {
            "ipRules": [],
            "bypass": "None"
          },
          "privateEndpointConnections": [],
          "sharedPrivateLinkResources": [],
          "encryptionWithCmk": {
            "enforcement": "Unspecified",
            "encryptionComplianceStatus": "Compliant"
          },
          "disableLocalAuth": false,
          "authOptions": {
            "apiKeyOnly": {}
          },
          "semanticSearch": "disabled"
        },
        "sku": {
          "name": "standard"
        }
      }
    },
    {
      "RequestUri": "https://eastus2euap.management.azure.com/subscriptions/c4a547de-4411-4447-964d-1edbc72cf116/resourceGroups/sdk-test3863/providers/Microsoft.Search/searchServices/search2185?api-version=2023-11-01",
      "RequestMethod": "GET",
      "RequestHeaders": {
        "Authorization": "Sanitized",
        "traceparent": "00-1f9a6b50879d6ca641510cb8cab0a2d7-7ed76089e465613c-00",
        "User-Agent": "azsdk-net-ResourceManager/1.7.0 (.NET 6.0.23; Microsoft Windows 10.0.22621)",
        "x-ms-client-request-id": "9bd87152e08cb3d325119d03f4598372",
        "x-ms-return-client-request-id": "true"
      },
      "RequestBody": null,
      "StatusCode": 200,
      "ResponseHeaders": {
        "Cache-Control": "no-cache",
        "client-request-id": "9bd87152-e08c-b3d3-2511-9d03f4598372",
        "Content-Length": "739",
        "Content-Type": "application/json; charset=utf-8",
        "Date": "Fri, 20 Oct 2023 10:45:30 GMT",
        "elapsed-time": "237",
        "ETag": "W/\u0022datetime\u00272023-10-20T10%3A45%3A19.6758277Z\u0027\u0022",
        "Expires": "-1",
        "Pragma": "no-cache",
        "request-id": "9bd87152-e08c-b3d3-2511-9d03f4598372",
        "Strict-Transport-Security": "max-age=31536000; includeSubDomains",
        "Vary": "Accept-Encoding",
        "X-Content-Type-Options": "nosniff",
        "x-ms-client-request-id": "9bd87152-e08c-b3d3-2511-9d03f4598372",
        "x-ms-correlation-request-id": "12d3cc23-389d-4840-8997-ca8351ed9e93",
        "x-ms-ratelimit-remaining-subscription-reads": "11864",
        "x-ms-request-id": "9bd87152-e08c-b3d3-2511-9d03f4598372",
        "x-ms-routing-request-id": "EASTUS2EUAP:20231020T104530Z:12d3cc23-389d-4840-8997-ca8351ed9e93"
      },
      "ResponseBody": {
        "id": "/subscriptions/c4a547de-4411-4447-964d-1edbc72cf116/resourceGroups/sdk-test3863/providers/Microsoft.Search/searchServices/search2185",
        "name": "search2185",
        "type": "Microsoft.Search/searchServices",
        "location": "East US 2 EUAP",
        "tags": {},
        "properties": {
          "replicaCount": 3,
          "partitionCount": 1,
          "status": "provisioning",
          "statusDetails": "",
          "provisioningState": "provisioning",
          "hostingMode": "default",
          "publicNetworkAccess": "Enabled",
          "networkRuleSet": {
            "ipRules": [],
            "bypass": "None"
          },
          "privateEndpointConnections": [],
          "sharedPrivateLinkResources": [],
          "encryptionWithCmk": {
            "enforcement": "Unspecified",
            "encryptionComplianceStatus": "Compliant"
          },
          "disableLocalAuth": false,
          "authOptions": {
            "apiKeyOnly": {}
          },
          "semanticSearch": "disabled"
        },
        "sku": {
          "name": "standard"
        }
      }
    },
    {
      "RequestUri": "https://eastus2euap.management.azure.com/subscriptions/c4a547de-4411-4447-964d-1edbc72cf116/resourceGroups/sdk-test3863/providers/Microsoft.Search/searchServices/search2185?api-version=2023-11-01",
      "RequestMethod": "GET",
      "RequestHeaders": {
        "Authorization": "Sanitized",
        "traceparent": "00-1f9a6b50879d6ca641510cb8cab0a2d7-06e4cd760733155e-00",
        "User-Agent": "azsdk-net-ResourceManager/1.7.0 (.NET 6.0.23; Microsoft Windows 10.0.22621)",
        "x-ms-client-request-id": "5cdb12fd2ddf94e0611ba2e0cde3d352",
        "x-ms-return-client-request-id": "true"
      },
      "RequestBody": null,
      "StatusCode": 200,
      "ResponseHeaders": {
        "Cache-Control": "no-cache",
        "client-request-id": "5cdb12fd-2ddf-94e0-611b-a2e0cde3d352",
        "Content-Length": "739",
        "Content-Type": "application/json; charset=utf-8",
        "Date": "Fri, 20 Oct 2023 10:45:38 GMT",
        "elapsed-time": "234",
        "ETag": "W/\u0022datetime\u00272023-10-20T10%3A45%3A19.6758277Z\u0027\u0022",
        "Expires": "-1",
        "Pragma": "no-cache",
        "request-id": "5cdb12fd-2ddf-94e0-611b-a2e0cde3d352",
        "Strict-Transport-Security": "max-age=31536000; includeSubDomains",
        "Vary": "Accept-Encoding",
        "X-Content-Type-Options": "nosniff",
        "x-ms-client-request-id": "5cdb12fd-2ddf-94e0-611b-a2e0cde3d352",
        "x-ms-correlation-request-id": "7b038197-64ab-4b7a-b780-8d3f50cd53c6",
        "x-ms-ratelimit-remaining-subscription-reads": "11863",
        "x-ms-request-id": "5cdb12fd-2ddf-94e0-611b-a2e0cde3d352",
        "x-ms-routing-request-id": "EASTUS2EUAP:20231020T104539Z:7b038197-64ab-4b7a-b780-8d3f50cd53c6"
      },
      "ResponseBody": {
        "id": "/subscriptions/c4a547de-4411-4447-964d-1edbc72cf116/resourceGroups/sdk-test3863/providers/Microsoft.Search/searchServices/search2185",
        "name": "search2185",
        "type": "Microsoft.Search/searchServices",
        "location": "East US 2 EUAP",
        "tags": {},
        "properties": {
          "replicaCount": 3,
          "partitionCount": 1,
          "status": "provisioning",
          "statusDetails": "",
          "provisioningState": "provisioning",
          "hostingMode": "default",
          "publicNetworkAccess": "Enabled",
          "networkRuleSet": {
            "ipRules": [],
            "bypass": "None"
          },
          "privateEndpointConnections": [],
          "sharedPrivateLinkResources": [],
          "encryptionWithCmk": {
            "enforcement": "Unspecified",
            "encryptionComplianceStatus": "Compliant"
          },
          "disableLocalAuth": false,
          "authOptions": {
            "apiKeyOnly": {}
          },
          "semanticSearch": "disabled"
        },
        "sku": {
          "name": "standard"
        }
      }
    },
    {
      "RequestUri": "https://eastus2euap.management.azure.com/subscriptions/c4a547de-4411-4447-964d-1edbc72cf116/resourceGroups/sdk-test3863/providers/Microsoft.Search/searchServices/search2185?api-version=2023-11-01",
      "RequestMethod": "GET",
      "RequestHeaders": {
        "Authorization": "Sanitized",
        "traceparent": "00-1f9a6b50879d6ca641510cb8cab0a2d7-cd64d818024efdd8-00",
        "User-Agent": "azsdk-net-ResourceManager/1.7.0 (.NET 6.0.23; Microsoft Windows 10.0.22621)",
        "x-ms-client-request-id": "ba9c89fa0936e8f00928040882058c29",
        "x-ms-return-client-request-id": "true"
      },
      "RequestBody": null,
      "StatusCode": 200,
      "ResponseHeaders": {
        "Cache-Control": "no-cache",
        "client-request-id": "ba9c89fa-0936-e8f0-0928-040882058c29",
        "Content-Length": "739",
        "Content-Type": "application/json; charset=utf-8",
        "Date": "Fri, 20 Oct 2023 10:45:55 GMT",
        "elapsed-time": "247",
        "ETag": "W/\u0022datetime\u00272023-10-20T10%3A45%3A19.6758277Z\u0027\u0022",
        "Expires": "-1",
        "Pragma": "no-cache",
        "request-id": "ba9c89fa-0936-e8f0-0928-040882058c29",
        "Strict-Transport-Security": "max-age=31536000; includeSubDomains",
        "Vary": "Accept-Encoding",
        "X-Content-Type-Options": "nosniff",
        "x-ms-client-request-id": "ba9c89fa-0936-e8f0-0928-040882058c29",
        "x-ms-correlation-request-id": "2c762a84-86a5-4402-a8c1-d3624f11bd72",
        "x-ms-ratelimit-remaining-subscription-reads": "11862",
        "x-ms-request-id": "ba9c89fa-0936-e8f0-0928-040882058c29",
        "x-ms-routing-request-id": "EASTUS2EUAP:20231020T104555Z:2c762a84-86a5-4402-a8c1-d3624f11bd72"
      },
      "ResponseBody": {
        "id": "/subscriptions/c4a547de-4411-4447-964d-1edbc72cf116/resourceGroups/sdk-test3863/providers/Microsoft.Search/searchServices/search2185",
        "name": "search2185",
        "type": "Microsoft.Search/searchServices",
        "location": "East US 2 EUAP",
        "tags": {},
        "properties": {
          "replicaCount": 3,
          "partitionCount": 1,
          "status": "provisioning",
          "statusDetails": "",
          "provisioningState": "provisioning",
          "hostingMode": "default",
          "publicNetworkAccess": "Enabled",
          "networkRuleSet": {
            "ipRules": [],
            "bypass": "None"
          },
          "privateEndpointConnections": [],
          "sharedPrivateLinkResources": [],
          "encryptionWithCmk": {
            "enforcement": "Unspecified",
            "encryptionComplianceStatus": "Compliant"
          },
          "disableLocalAuth": false,
          "authOptions": {
            "apiKeyOnly": {}
          },
          "semanticSearch": "disabled"
        },
        "sku": {
          "name": "standard"
        }
      }
    },
    {
      "RequestUri": "https://eastus2euap.management.azure.com/subscriptions/c4a547de-4411-4447-964d-1edbc72cf116/resourceGroups/sdk-test3863/providers/Microsoft.Search/searchServices/search2185?api-version=2023-11-01",
      "RequestMethod": "GET",
      "RequestHeaders": {
        "Authorization": "Sanitized",
        "traceparent": "00-1f9a6b50879d6ca641510cb8cab0a2d7-1a5d47d43027d9b9-00",
        "User-Agent": "azsdk-net-ResourceManager/1.7.0 (.NET 6.0.23; Microsoft Windows 10.0.22621)",
        "x-ms-client-request-id": "eeae05f2ff4624ad91443a703ef3e642",
        "x-ms-return-client-request-id": "true"
      },
      "RequestBody": null,
      "StatusCode": 200,
      "ResponseHeaders": {
        "Cache-Control": "no-cache",
        "client-request-id": "eeae05f2-ff46-24ad-9144-3a703ef3e642",
        "Content-Length": "739",
        "Content-Type": "application/json; charset=utf-8",
        "Date": "Fri, 20 Oct 2023 10:46:27 GMT",
        "elapsed-time": "301",
        "ETag": "W/\u0022datetime\u00272023-10-20T10%3A45%3A19.6758277Z\u0027\u0022",
        "Expires": "-1",
        "Pragma": "no-cache",
        "request-id": "eeae05f2-ff46-24ad-9144-3a703ef3e642",
        "Strict-Transport-Security": "max-age=31536000; includeSubDomains",
        "Vary": "Accept-Encoding",
        "X-Content-Type-Options": "nosniff",
        "x-ms-client-request-id": "eeae05f2-ff46-24ad-9144-3a703ef3e642",
        "x-ms-correlation-request-id": "cfca4f3f-273f-4161-98b3-474283bd1944",
        "x-ms-ratelimit-remaining-subscription-reads": "11861",
        "x-ms-request-id": "eeae05f2-ff46-24ad-9144-3a703ef3e642",
        "x-ms-routing-request-id": "EASTUS2EUAP:20231020T104628Z:cfca4f3f-273f-4161-98b3-474283bd1944"
      },
      "ResponseBody": {
        "id": "/subscriptions/c4a547de-4411-4447-964d-1edbc72cf116/resourceGroups/sdk-test3863/providers/Microsoft.Search/searchServices/search2185",
        "name": "search2185",
        "type": "Microsoft.Search/searchServices",
        "location": "East US 2 EUAP",
        "tags": {},
        "properties": {
          "replicaCount": 3,
          "partitionCount": 1,
          "status": "provisioning",
          "statusDetails": "",
          "provisioningState": "provisioning",
          "hostingMode": "default",
          "publicNetworkAccess": "Enabled",
          "networkRuleSet": {
            "ipRules": [],
            "bypass": "None"
          },
          "privateEndpointConnections": [],
          "sharedPrivateLinkResources": [],
          "encryptionWithCmk": {
            "enforcement": "Unspecified",
            "encryptionComplianceStatus": "Compliant"
          },
          "disableLocalAuth": false,
          "authOptions": {
            "apiKeyOnly": {}
          },
          "semanticSearch": "disabled"
        },
        "sku": {
          "name": "standard"
        }
      }
    },
    {
      "RequestUri": "https://eastus2euap.management.azure.com/subscriptions/c4a547de-4411-4447-964d-1edbc72cf116/resourceGroups/sdk-test3863/providers/Microsoft.Search/searchServices/search2185?api-version=2023-11-01",
      "RequestMethod": "GET",
      "RequestHeaders": {
        "Authorization": "Sanitized",
        "traceparent": "00-1f9a6b50879d6ca641510cb8cab0a2d7-5892fa4d68bb1e2f-00",
        "User-Agent": "azsdk-net-ResourceManager/1.7.0 (.NET 6.0.23; Microsoft Windows 10.0.22621)",
        "x-ms-client-request-id": "6a084a3dc8bdf33c21f253b729d7115c",
        "x-ms-return-client-request-id": "true"
      },
      "RequestBody": null,
      "StatusCode": 200,
      "ResponseHeaders": {
        "Cache-Control": "no-cache",
        "client-request-id": "6a084a3d-c8bd-f33c-21f2-53b729d7115c",
        "Content-Length": "739",
        "Content-Type": "application/json; charset=utf-8",
        "Date": "Fri, 20 Oct 2023 10:47:00 GMT",
        "elapsed-time": "271",
        "ETag": "W/\u0022datetime\u00272023-10-20T10%3A45%3A19.6758277Z\u0027\u0022",
        "Expires": "-1",
        "Pragma": "no-cache",
        "request-id": "6a084a3d-c8bd-f33c-21f2-53b729d7115c",
        "Strict-Transport-Security": "max-age=31536000; includeSubDomains",
        "Vary": "Accept-Encoding",
        "X-Content-Type-Options": "nosniff",
        "x-ms-client-request-id": "6a084a3d-c8bd-f33c-21f2-53b729d7115c",
        "x-ms-correlation-request-id": "438b8443-4c3a-40c6-8302-2bb11d8e99a3",
        "x-ms-ratelimit-remaining-subscription-reads": "11860",
        "x-ms-request-id": "6a084a3d-c8bd-f33c-21f2-53b729d7115c",
        "x-ms-routing-request-id": "EASTUS2EUAP:20231020T104700Z:438b8443-4c3a-40c6-8302-2bb11d8e99a3"
      },
      "ResponseBody": {
        "id": "/subscriptions/c4a547de-4411-4447-964d-1edbc72cf116/resourceGroups/sdk-test3863/providers/Microsoft.Search/searchServices/search2185",
        "name": "search2185",
        "type": "Microsoft.Search/searchServices",
        "location": "East US 2 EUAP",
        "tags": {},
        "properties": {
          "replicaCount": 3,
          "partitionCount": 1,
          "status": "provisioning",
          "statusDetails": "",
          "provisioningState": "provisioning",
          "hostingMode": "default",
          "publicNetworkAccess": "Enabled",
          "networkRuleSet": {
            "ipRules": [],
            "bypass": "None"
          },
          "privateEndpointConnections": [],
          "sharedPrivateLinkResources": [],
          "encryptionWithCmk": {
            "enforcement": "Unspecified",
            "encryptionComplianceStatus": "Compliant"
          },
          "disableLocalAuth": false,
          "authOptions": {
            "apiKeyOnly": {}
          },
          "semanticSearch": "disabled"
        },
        "sku": {
          "name": "standard"
        }
      }
    },
    {
      "RequestUri": "https://eastus2euap.management.azure.com/subscriptions/c4a547de-4411-4447-964d-1edbc72cf116/resourceGroups/sdk-test3863/providers/Microsoft.Search/searchServices/search2185?api-version=2023-11-01",
      "RequestMethod": "GET",
      "RequestHeaders": {
        "Authorization": "Sanitized",
        "traceparent": "00-1f9a6b50879d6ca641510cb8cab0a2d7-32af5d5e4bd2070a-00",
        "User-Agent": "azsdk-net-ResourceManager/1.7.0 (.NET 6.0.23; Microsoft Windows 10.0.22621)",
        "x-ms-client-request-id": "c7ee788fe534fa0cdc7729f1cf80aa16",
        "x-ms-return-client-request-id": "true"
      },
      "RequestBody": null,
      "StatusCode": 200,
      "ResponseHeaders": {
        "Cache-Control": "no-cache",
        "client-request-id": "c7ee788f-e534-fa0c-dc77-29f1cf80aa16",
        "Content-Length": "739",
        "Content-Type": "application/json; charset=utf-8",
        "Date": "Fri, 20 Oct 2023 10:47:32 GMT",
        "elapsed-time": "428",
        "ETag": "W/\u0022datetime\u00272023-10-20T10%3A45%3A19.6758277Z\u0027\u0022",
        "Expires": "-1",
        "Pragma": "no-cache",
        "request-id": "c7ee788f-e534-fa0c-dc77-29f1cf80aa16",
        "Strict-Transport-Security": "max-age=31536000; includeSubDomains",
        "Vary": "Accept-Encoding",
        "X-Content-Type-Options": "nosniff",
        "x-ms-client-request-id": "c7ee788f-e534-fa0c-dc77-29f1cf80aa16",
        "x-ms-correlation-request-id": "80590755-5f1a-4afd-9040-34bf4413d391",
        "x-ms-ratelimit-remaining-subscription-reads": "11859",
        "x-ms-request-id": "c7ee788f-e534-fa0c-dc77-29f1cf80aa16",
        "x-ms-routing-request-id": "EASTUS2EUAP:20231020T104732Z:80590755-5f1a-4afd-9040-34bf4413d391"
      },
      "ResponseBody": {
        "id": "/subscriptions/c4a547de-4411-4447-964d-1edbc72cf116/resourceGroups/sdk-test3863/providers/Microsoft.Search/searchServices/search2185",
        "name": "search2185",
        "type": "Microsoft.Search/searchServices",
        "location": "East US 2 EUAP",
        "tags": {},
        "properties": {
          "replicaCount": 3,
          "partitionCount": 1,
          "status": "provisioning",
          "statusDetails": "",
          "provisioningState": "provisioning",
          "hostingMode": "default",
          "publicNetworkAccess": "Enabled",
          "networkRuleSet": {
            "ipRules": [],
            "bypass": "None"
          },
          "privateEndpointConnections": [],
          "sharedPrivateLinkResources": [],
          "encryptionWithCmk": {
            "enforcement": "Unspecified",
            "encryptionComplianceStatus": "Compliant"
          },
          "disableLocalAuth": false,
          "authOptions": {
            "apiKeyOnly": {}
          },
          "semanticSearch": "disabled"
        },
        "sku": {
          "name": "standard"
        }
      }
    },
    {
      "RequestUri": "https://eastus2euap.management.azure.com/subscriptions/c4a547de-4411-4447-964d-1edbc72cf116/resourceGroups/sdk-test3863/providers/Microsoft.Search/searchServices/search2185?api-version=2023-11-01",
      "RequestMethod": "GET",
      "RequestHeaders": {
        "Authorization": "Sanitized",
        "traceparent": "00-1f9a6b50879d6ca641510cb8cab0a2d7-09752c7a4b5786ce-00",
        "User-Agent": "azsdk-net-ResourceManager/1.7.0 (.NET 6.0.23; Microsoft Windows 10.0.22621)",
        "x-ms-client-request-id": "38cbc24221fc296cc9bacc53acf5fbb9",
        "x-ms-return-client-request-id": "true"
      },
      "RequestBody": null,
      "StatusCode": 200,
      "ResponseHeaders": {
        "Cache-Control": "no-cache",
        "client-request-id": "38cbc242-21fc-296c-c9ba-cc53acf5fbb9",
        "Content-Length": "739",
        "Content-Type": "application/json; charset=utf-8",
        "Date": "Fri, 20 Oct 2023 10:48:04 GMT",
        "elapsed-time": "218",
        "ETag": "W/\u0022datetime\u00272023-10-20T10%3A45%3A19.6758277Z\u0027\u0022",
        "Expires": "-1",
        "Pragma": "no-cache",
        "request-id": "38cbc242-21fc-296c-c9ba-cc53acf5fbb9",
        "Strict-Transport-Security": "max-age=31536000; includeSubDomains",
        "Vary": "Accept-Encoding",
        "X-Content-Type-Options": "nosniff",
        "x-ms-client-request-id": "38cbc242-21fc-296c-c9ba-cc53acf5fbb9",
        "x-ms-correlation-request-id": "24412914-a227-4ab0-b238-2a50a678403c",
        "x-ms-ratelimit-remaining-subscription-reads": "11858",
        "x-ms-request-id": "38cbc242-21fc-296c-c9ba-cc53acf5fbb9",
        "x-ms-routing-request-id": "EASTUS2EUAP:20231020T104805Z:24412914-a227-4ab0-b238-2a50a678403c"
      },
      "ResponseBody": {
        "id": "/subscriptions/c4a547de-4411-4447-964d-1edbc72cf116/resourceGroups/sdk-test3863/providers/Microsoft.Search/searchServices/search2185",
        "name": "search2185",
        "type": "Microsoft.Search/searchServices",
        "location": "East US 2 EUAP",
        "tags": {},
        "properties": {
          "replicaCount": 3,
          "partitionCount": 1,
          "status": "provisioning",
          "statusDetails": "",
          "provisioningState": "provisioning",
          "hostingMode": "default",
          "publicNetworkAccess": "Enabled",
          "networkRuleSet": {
            "ipRules": [],
            "bypass": "None"
          },
          "privateEndpointConnections": [],
          "sharedPrivateLinkResources": [],
          "encryptionWithCmk": {
            "enforcement": "Unspecified",
            "encryptionComplianceStatus": "Compliant"
          },
          "disableLocalAuth": false,
          "authOptions": {
            "apiKeyOnly": {}
          },
          "semanticSearch": "disabled"
        },
        "sku": {
          "name": "standard"
        }
      }
    },
    {
      "RequestUri": "https://eastus2euap.management.azure.com/subscriptions/c4a547de-4411-4447-964d-1edbc72cf116/resourceGroups/sdk-test3863/providers/Microsoft.Search/searchServices/search2185?api-version=2023-11-01",
      "RequestMethod": "GET",
      "RequestHeaders": {
        "Authorization": "Sanitized",
        "traceparent": "00-1f9a6b50879d6ca641510cb8cab0a2d7-93772e74d710f529-00",
        "User-Agent": "azsdk-net-ResourceManager/1.7.0 (.NET 6.0.23; Microsoft Windows 10.0.22621)",
        "x-ms-client-request-id": "c5e0dd331f04570d3d0e8e469e4a23a1",
        "x-ms-return-client-request-id": "true"
      },
      "RequestBody": null,
      "StatusCode": 200,
      "ResponseHeaders": {
        "Cache-Control": "no-cache",
        "client-request-id": "c5e0dd33-1f04-570d-3d0e-8e469e4a23a1",
        "Content-Length": "739",
        "Content-Type": "application/json; charset=utf-8",
        "Date": "Fri, 20 Oct 2023 10:48:37 GMT",
        "elapsed-time": "188",
        "ETag": "W/\u0022datetime\u00272023-10-20T10%3A45%3A19.6758277Z\u0027\u0022",
        "Expires": "-1",
        "Pragma": "no-cache",
        "request-id": "c5e0dd33-1f04-570d-3d0e-8e469e4a23a1",
        "Strict-Transport-Security": "max-age=31536000; includeSubDomains",
        "Vary": "Accept-Encoding",
        "X-Content-Type-Options": "nosniff",
        "x-ms-client-request-id": "c5e0dd33-1f04-570d-3d0e-8e469e4a23a1",
        "x-ms-correlation-request-id": "9b762c5e-2c65-4584-9ab0-9a21a52624db",
        "x-ms-ratelimit-remaining-subscription-reads": "11857",
        "x-ms-request-id": "c5e0dd33-1f04-570d-3d0e-8e469e4a23a1",
        "x-ms-routing-request-id": "EASTUS2EUAP:20231020T104837Z:9b762c5e-2c65-4584-9ab0-9a21a52624db"
      },
      "ResponseBody": {
        "id": "/subscriptions/c4a547de-4411-4447-964d-1edbc72cf116/resourceGroups/sdk-test3863/providers/Microsoft.Search/searchServices/search2185",
        "name": "search2185",
        "type": "Microsoft.Search/searchServices",
        "location": "East US 2 EUAP",
        "tags": {},
        "properties": {
          "replicaCount": 3,
          "partitionCount": 1,
          "status": "provisioning",
          "statusDetails": "",
          "provisioningState": "provisioning",
          "hostingMode": "default",
          "publicNetworkAccess": "Enabled",
          "networkRuleSet": {
            "ipRules": [],
            "bypass": "None"
          },
          "privateEndpointConnections": [],
          "sharedPrivateLinkResources": [],
          "encryptionWithCmk": {
            "enforcement": "Unspecified",
            "encryptionComplianceStatus": "Compliant"
          },
          "disableLocalAuth": false,
          "authOptions": {
            "apiKeyOnly": {}
          },
          "semanticSearch": "disabled"
        },
        "sku": {
          "name": "standard"
        }
      }
    },
    {
      "RequestUri": "https://eastus2euap.management.azure.com/subscriptions/c4a547de-4411-4447-964d-1edbc72cf116/resourceGroups/sdk-test3863/providers/Microsoft.Search/searchServices/search2185?api-version=2023-11-01",
      "RequestMethod": "GET",
      "RequestHeaders": {
        "Authorization": "Sanitized",
        "traceparent": "00-1f9a6b50879d6ca641510cb8cab0a2d7-9bf06d46276bc69a-00",
        "User-Agent": "azsdk-net-ResourceManager/1.7.0 (.NET 6.0.23; Microsoft Windows 10.0.22621)",
        "x-ms-client-request-id": "66753c48d80c6e5f0cc4fd7a18b94ee7",
        "x-ms-return-client-request-id": "true"
      },
      "RequestBody": null,
      "StatusCode": 200,
      "ResponseHeaders": {
        "Cache-Control": "no-cache",
        "client-request-id": "66753c48-d80c-6e5f-0cc4-fd7a18b94ee7",
        "Content-Length": "739",
        "Content-Type": "application/json; charset=utf-8",
        "Date": "Fri, 20 Oct 2023 10:49:09 GMT",
        "elapsed-time": "183",
        "ETag": "W/\u0022datetime\u00272023-10-20T10%3A45%3A19.6758277Z\u0027\u0022",
        "Expires": "-1",
        "Pragma": "no-cache",
        "request-id": "66753c48-d80c-6e5f-0cc4-fd7a18b94ee7",
        "Strict-Transport-Security": "max-age=31536000; includeSubDomains",
        "Vary": "Accept-Encoding",
        "X-Content-Type-Options": "nosniff",
        "x-ms-client-request-id": "66753c48-d80c-6e5f-0cc4-fd7a18b94ee7",
        "x-ms-correlation-request-id": "90330101-4e20-4e3c-983c-97ebf50578c3",
        "x-ms-ratelimit-remaining-subscription-reads": "11856",
        "x-ms-request-id": "66753c48-d80c-6e5f-0cc4-fd7a18b94ee7",
        "x-ms-routing-request-id": "EASTUS2EUAP:20231020T104909Z:90330101-4e20-4e3c-983c-97ebf50578c3"
      },
      "ResponseBody": {
        "id": "/subscriptions/c4a547de-4411-4447-964d-1edbc72cf116/resourceGroups/sdk-test3863/providers/Microsoft.Search/searchServices/search2185",
        "name": "search2185",
        "type": "Microsoft.Search/searchServices",
        "location": "East US 2 EUAP",
        "tags": {},
        "properties": {
          "replicaCount": 3,
          "partitionCount": 1,
          "status": "provisioning",
          "statusDetails": "",
          "provisioningState": "provisioning",
          "hostingMode": "default",
          "publicNetworkAccess": "Enabled",
          "networkRuleSet": {
            "ipRules": [],
            "bypass": "None"
          },
          "privateEndpointConnections": [],
          "sharedPrivateLinkResources": [],
          "encryptionWithCmk": {
            "enforcement": "Unspecified",
            "encryptionComplianceStatus": "Compliant"
          },
          "disableLocalAuth": false,
          "authOptions": {
            "apiKeyOnly": {}
          },
          "semanticSearch": "disabled"
        },
        "sku": {
          "name": "standard"
        }
      }
    },
    {
      "RequestUri": "https://eastus2euap.management.azure.com/subscriptions/c4a547de-4411-4447-964d-1edbc72cf116/resourceGroups/sdk-test3863/providers/Microsoft.Search/searchServices/search2185?api-version=2023-11-01",
      "RequestMethod": "GET",
      "RequestHeaders": {
        "Authorization": "Sanitized",
        "traceparent": "00-1f9a6b50879d6ca641510cb8cab0a2d7-ed7d721430a6d4f4-00",
        "User-Agent": "azsdk-net-ResourceManager/1.7.0 (.NET 6.0.23; Microsoft Windows 10.0.22621)",
        "x-ms-client-request-id": "f2be707ce49f2211b473fbee92268a7f",
        "x-ms-return-client-request-id": "true"
      },
      "RequestBody": null,
      "StatusCode": 200,
      "ResponseHeaders": {
        "Cache-Control": "no-cache",
        "client-request-id": "f2be707c-e49f-2211-b473-fbee92268a7f",
        "Content-Length": "739",
        "Content-Type": "application/json; charset=utf-8",
        "Date": "Fri, 20 Oct 2023 10:49:42 GMT",
        "elapsed-time": "189",
        "ETag": "W/\u0022datetime\u00272023-10-20T10%3A45%3A19.6758277Z\u0027\u0022",
        "Expires": "-1",
        "Pragma": "no-cache",
        "request-id": "f2be707c-e49f-2211-b473-fbee92268a7f",
        "Strict-Transport-Security": "max-age=31536000; includeSubDomains",
        "Vary": "Accept-Encoding",
        "X-Content-Type-Options": "nosniff",
        "x-ms-client-request-id": "f2be707c-e49f-2211-b473-fbee92268a7f",
        "x-ms-correlation-request-id": "2db036f4-31e7-46d9-978e-91f83d474689",
        "x-ms-ratelimit-remaining-subscription-reads": "11855",
        "x-ms-request-id": "f2be707c-e49f-2211-b473-fbee92268a7f",
        "x-ms-routing-request-id": "EASTUS2EUAP:20231020T104942Z:2db036f4-31e7-46d9-978e-91f83d474689"
      },
      "ResponseBody": {
        "id": "/subscriptions/c4a547de-4411-4447-964d-1edbc72cf116/resourceGroups/sdk-test3863/providers/Microsoft.Search/searchServices/search2185",
        "name": "search2185",
        "type": "Microsoft.Search/searchServices",
        "location": "East US 2 EUAP",
        "tags": {},
        "properties": {
          "replicaCount": 3,
          "partitionCount": 1,
          "status": "provisioning",
          "statusDetails": "",
          "provisioningState": "provisioning",
          "hostingMode": "default",
          "publicNetworkAccess": "Enabled",
          "networkRuleSet": {
            "ipRules": [],
            "bypass": "None"
          },
          "privateEndpointConnections": [],
          "sharedPrivateLinkResources": [],
          "encryptionWithCmk": {
            "enforcement": "Unspecified",
            "encryptionComplianceStatus": "Compliant"
          },
          "disableLocalAuth": false,
          "authOptions": {
            "apiKeyOnly": {}
          },
          "semanticSearch": "disabled"
        },
        "sku": {
          "name": "standard"
        }
      }
    },
    {
      "RequestUri": "https://eastus2euap.management.azure.com/subscriptions/c4a547de-4411-4447-964d-1edbc72cf116/resourceGroups/sdk-test3863/providers/Microsoft.Search/searchServices/search2185?api-version=2023-11-01",
      "RequestMethod": "GET",
      "RequestHeaders": {
        "Authorization": "Sanitized",
        "traceparent": "00-1f9a6b50879d6ca641510cb8cab0a2d7-41c986a24efb26d3-00",
        "User-Agent": "azsdk-net-ResourceManager/1.7.0 (.NET 6.0.23; Microsoft Windows 10.0.22621)",
        "x-ms-client-request-id": "6f0a2b96947f5aac7d72b94021933e83",
        "x-ms-return-client-request-id": "true"
      },
      "RequestBody": null,
      "StatusCode": 200,
      "ResponseHeaders": {
        "Cache-Control": "no-cache",
        "client-request-id": "6f0a2b96-947f-5aac-7d72-b94021933e83",
        "Content-Length": "739",
        "Content-Type": "application/json; charset=utf-8",
        "Date": "Fri, 20 Oct 2023 10:50:13 GMT",
        "elapsed-time": "182",
        "ETag": "W/\u0022datetime\u00272023-10-20T10%3A45%3A19.6758277Z\u0027\u0022",
        "Expires": "-1",
        "Pragma": "no-cache",
        "request-id": "6f0a2b96-947f-5aac-7d72-b94021933e83",
        "Strict-Transport-Security": "max-age=31536000; includeSubDomains",
        "Vary": "Accept-Encoding",
        "X-Content-Type-Options": "nosniff",
        "x-ms-client-request-id": "6f0a2b96-947f-5aac-7d72-b94021933e83",
        "x-ms-correlation-request-id": "a38eb931-0647-4e24-81e8-30fd58e998ac",
        "x-ms-ratelimit-remaining-subscription-reads": "11864",
        "x-ms-request-id": "6f0a2b96-947f-5aac-7d72-b94021933e83",
        "x-ms-routing-request-id": "EASTUS2EUAP:20231020T105014Z:a38eb931-0647-4e24-81e8-30fd58e998ac"
      },
      "ResponseBody": {
        "id": "/subscriptions/c4a547de-4411-4447-964d-1edbc72cf116/resourceGroups/sdk-test3863/providers/Microsoft.Search/searchServices/search2185",
        "name": "search2185",
        "type": "Microsoft.Search/searchServices",
        "location": "East US 2 EUAP",
        "tags": {},
        "properties": {
          "replicaCount": 3,
          "partitionCount": 1,
          "status": "provisioning",
          "statusDetails": "",
          "provisioningState": "provisioning",
          "hostingMode": "default",
          "publicNetworkAccess": "Enabled",
          "networkRuleSet": {
            "ipRules": [],
            "bypass": "None"
          },
          "privateEndpointConnections": [],
          "sharedPrivateLinkResources": [],
          "encryptionWithCmk": {
            "enforcement": "Unspecified",
            "encryptionComplianceStatus": "Compliant"
          },
          "disableLocalAuth": false,
          "authOptions": {
            "apiKeyOnly": {}
          },
          "semanticSearch": "disabled"
        },
        "sku": {
          "name": "standard"
        }
      }
    },
    {
      "RequestUri": "https://eastus2euap.management.azure.com/subscriptions/c4a547de-4411-4447-964d-1edbc72cf116/resourceGroups/sdk-test3863/providers/Microsoft.Search/searchServices/search2185?api-version=2023-11-01",
      "RequestMethod": "GET",
      "RequestHeaders": {
        "Authorization": "Sanitized",
        "traceparent": "00-1f9a6b50879d6ca641510cb8cab0a2d7-cfec3deabaa645d0-00",
        "User-Agent": "azsdk-net-ResourceManager/1.7.0 (.NET 6.0.23; Microsoft Windows 10.0.22621)",
        "x-ms-client-request-id": "2ec9a7bf318b63012b52b198dd71dbe6",
        "x-ms-return-client-request-id": "true"
      },
      "RequestBody": null,
      "StatusCode": 200,
      "ResponseHeaders": {
        "Cache-Control": "no-cache",
        "client-request-id": "2ec9a7bf-318b-6301-2b52-b198dd71dbe6",
        "Content-Length": "739",
        "Content-Type": "application/json; charset=utf-8",
        "Date": "Fri, 20 Oct 2023 10:50:46 GMT",
        "elapsed-time": "282",
        "ETag": "W/\u0022datetime\u00272023-10-20T10%3A45%3A19.6758277Z\u0027\u0022",
        "Expires": "-1",
        "Pragma": "no-cache",
        "request-id": "2ec9a7bf-318b-6301-2b52-b198dd71dbe6",
        "Strict-Transport-Security": "max-age=31536000; includeSubDomains",
        "Vary": "Accept-Encoding",
        "X-Content-Type-Options": "nosniff",
        "x-ms-client-request-id": "2ec9a7bf-318b-6301-2b52-b198dd71dbe6",
        "x-ms-correlation-request-id": "7bbacfb4-6257-4b9a-bc3d-ecb73e0e0124",
        "x-ms-ratelimit-remaining-subscription-reads": "11863",
        "x-ms-request-id": "2ec9a7bf-318b-6301-2b52-b198dd71dbe6",
        "x-ms-routing-request-id": "EASTUS2EUAP:20231020T105046Z:7bbacfb4-6257-4b9a-bc3d-ecb73e0e0124"
      },
      "ResponseBody": {
        "id": "/subscriptions/c4a547de-4411-4447-964d-1edbc72cf116/resourceGroups/sdk-test3863/providers/Microsoft.Search/searchServices/search2185",
        "name": "search2185",
        "type": "Microsoft.Search/searchServices",
        "location": "East US 2 EUAP",
        "tags": {},
        "properties": {
          "replicaCount": 3,
          "partitionCount": 1,
          "status": "provisioning",
          "statusDetails": "",
          "provisioningState": "provisioning",
          "hostingMode": "default",
          "publicNetworkAccess": "Enabled",
          "networkRuleSet": {
            "ipRules": [],
            "bypass": "None"
          },
          "privateEndpointConnections": [],
          "sharedPrivateLinkResources": [],
          "encryptionWithCmk": {
            "enforcement": "Unspecified",
            "encryptionComplianceStatus": "Compliant"
          },
          "disableLocalAuth": false,
          "authOptions": {
            "apiKeyOnly": {}
          },
          "semanticSearch": "disabled"
        },
        "sku": {
          "name": "standard"
        }
      }
    },
    {
      "RequestUri": "https://eastus2euap.management.azure.com/subscriptions/c4a547de-4411-4447-964d-1edbc72cf116/resourceGroups/sdk-test3863/providers/Microsoft.Search/searchServices/search2185?api-version=2023-11-01",
      "RequestMethod": "GET",
      "RequestHeaders": {
        "Authorization": "Sanitized",
        "traceparent": "00-1f9a6b50879d6ca641510cb8cab0a2d7-fe4b08dfbdf8f9cf-00",
        "User-Agent": "azsdk-net-ResourceManager/1.7.0 (.NET 6.0.23; Microsoft Windows 10.0.22621)",
        "x-ms-client-request-id": "ede37e3adeaee867c364742d2bd10121",
        "x-ms-return-client-request-id": "true"
      },
      "RequestBody": null,
      "StatusCode": 200,
      "ResponseHeaders": {
        "Cache-Control": "no-cache",
        "client-request-id": "ede37e3a-deae-e867-c364-742d2bd10121",
        "Content-Length": "739",
        "Content-Type": "application/json; charset=utf-8",
        "Date": "Fri, 20 Oct 2023 10:51:18 GMT",
        "elapsed-time": "220",
        "ETag": "W/\u0022datetime\u00272023-10-20T10%3A45%3A19.6758277Z\u0027\u0022",
        "Expires": "-1",
        "Pragma": "no-cache",
        "request-id": "ede37e3a-deae-e867-c364-742d2bd10121",
        "Strict-Transport-Security": "max-age=31536000; includeSubDomains",
        "Vary": "Accept-Encoding",
        "X-Content-Type-Options": "nosniff",
        "x-ms-client-request-id": "ede37e3a-deae-e867-c364-742d2bd10121",
        "x-ms-correlation-request-id": "e6b3c1ee-c871-4cc1-9bf6-56f0179a30eb",
        "x-ms-ratelimit-remaining-subscription-reads": "11862",
        "x-ms-request-id": "ede37e3a-deae-e867-c364-742d2bd10121",
        "x-ms-routing-request-id": "EASTUS2EUAP:20231020T105119Z:e6b3c1ee-c871-4cc1-9bf6-56f0179a30eb"
      },
      "ResponseBody": {
        "id": "/subscriptions/c4a547de-4411-4447-964d-1edbc72cf116/resourceGroups/sdk-test3863/providers/Microsoft.Search/searchServices/search2185",
        "name": "search2185",
        "type": "Microsoft.Search/searchServices",
        "location": "East US 2 EUAP",
        "tags": {},
        "properties": {
          "replicaCount": 3,
          "partitionCount": 1,
          "status": "provisioning",
          "statusDetails": "",
          "provisioningState": "provisioning",
          "hostingMode": "default",
          "publicNetworkAccess": "Enabled",
          "networkRuleSet": {
            "ipRules": [],
            "bypass": "None"
          },
          "privateEndpointConnections": [],
          "sharedPrivateLinkResources": [],
          "encryptionWithCmk": {
            "enforcement": "Unspecified",
            "encryptionComplianceStatus": "Compliant"
          },
          "disableLocalAuth": false,
          "authOptions": {
            "apiKeyOnly": {}
          },
          "semanticSearch": "disabled"
        },
        "sku": {
          "name": "standard"
        }
      }
    },
    {
      "RequestUri": "https://eastus2euap.management.azure.com/subscriptions/c4a547de-4411-4447-964d-1edbc72cf116/resourceGroups/sdk-test3863/providers/Microsoft.Search/searchServices/search2185?api-version=2023-11-01",
      "RequestMethod": "GET",
      "RequestHeaders": {
        "Authorization": "Sanitized",
        "traceparent": "00-1f9a6b50879d6ca641510cb8cab0a2d7-c7bb9f0f5fafad64-00",
        "User-Agent": "azsdk-net-ResourceManager/1.7.0 (.NET 6.0.23; Microsoft Windows 10.0.22621)",
        "x-ms-client-request-id": "eb2e77345c5c64f329a7442de2147c0c",
        "x-ms-return-client-request-id": "true"
      },
      "RequestBody": null,
      "StatusCode": 200,
      "ResponseHeaders": {
        "Cache-Control": "no-cache",
        "client-request-id": "eb2e7734-5c5c-64f3-29a7-442de2147c0c",
        "Content-Length": "739",
        "Content-Type": "application/json; charset=utf-8",
        "Date": "Fri, 20 Oct 2023 10:51:51 GMT",
        "elapsed-time": "241",
        "ETag": "W/\u0022datetime\u00272023-10-20T10%3A45%3A19.6758277Z\u0027\u0022",
        "Expires": "-1",
        "Pragma": "no-cache",
        "request-id": "eb2e7734-5c5c-64f3-29a7-442de2147c0c",
        "Strict-Transport-Security": "max-age=31536000; includeSubDomains",
        "Vary": "Accept-Encoding",
        "X-Content-Type-Options": "nosniff",
        "x-ms-client-request-id": "eb2e7734-5c5c-64f3-29a7-442de2147c0c",
        "x-ms-correlation-request-id": "62b63019-0d5a-4e46-83c6-c208d9def3a4",
        "x-ms-ratelimit-remaining-subscription-reads": "11861",
        "x-ms-request-id": "eb2e7734-5c5c-64f3-29a7-442de2147c0c",
        "x-ms-routing-request-id": "EASTUS2EUAP:20231020T105151Z:62b63019-0d5a-4e46-83c6-c208d9def3a4"
      },
      "ResponseBody": {
        "id": "/subscriptions/c4a547de-4411-4447-964d-1edbc72cf116/resourceGroups/sdk-test3863/providers/Microsoft.Search/searchServices/search2185",
        "name": "search2185",
        "type": "Microsoft.Search/searchServices",
        "location": "East US 2 EUAP",
        "tags": {},
        "properties": {
          "replicaCount": 3,
          "partitionCount": 1,
          "status": "provisioning",
          "statusDetails": "",
          "provisioningState": "provisioning",
          "hostingMode": "default",
          "publicNetworkAccess": "Enabled",
          "networkRuleSet": {
            "ipRules": [],
            "bypass": "None"
          },
          "privateEndpointConnections": [],
          "sharedPrivateLinkResources": [],
          "encryptionWithCmk": {
            "enforcement": "Unspecified",
            "encryptionComplianceStatus": "Compliant"
          },
          "disableLocalAuth": false,
          "authOptions": {
            "apiKeyOnly": {}
          },
          "semanticSearch": "disabled"
        },
        "sku": {
          "name": "standard"
        }
      }
    },
    {
      "RequestUri": "https://eastus2euap.management.azure.com/subscriptions/c4a547de-4411-4447-964d-1edbc72cf116/resourceGroups/sdk-test3863/providers/Microsoft.Search/searchServices/search2185?api-version=2023-11-01",
      "RequestMethod": "GET",
      "RequestHeaders": {
        "Authorization": "Sanitized",
        "traceparent": "00-1f9a6b50879d6ca641510cb8cab0a2d7-68a4f280f8f6a52e-00",
        "User-Agent": "azsdk-net-ResourceManager/1.7.0 (.NET 6.0.23; Microsoft Windows 10.0.22621)",
        "x-ms-client-request-id": "a305d29650afe1d43fe06a26bdd43759",
        "x-ms-return-client-request-id": "true"
      },
      "RequestBody": null,
      "StatusCode": 200,
      "ResponseHeaders": {
        "Cache-Control": "no-cache",
        "client-request-id": "a305d296-50af-e1d4-3fe0-6a26bdd43759",
        "Content-Length": "739",
        "Content-Type": "application/json; charset=utf-8",
        "Date": "Fri, 20 Oct 2023 10:52:23 GMT",
        "elapsed-time": "370",
        "ETag": "W/\u0022datetime\u00272023-10-20T10%3A45%3A19.6758277Z\u0027\u0022",
        "Expires": "-1",
        "Pragma": "no-cache",
        "request-id": "a305d296-50af-e1d4-3fe0-6a26bdd43759",
        "Strict-Transport-Security": "max-age=31536000; includeSubDomains",
        "Vary": "Accept-Encoding",
        "X-Content-Type-Options": "nosniff",
        "x-ms-client-request-id": "a305d296-50af-e1d4-3fe0-6a26bdd43759",
        "x-ms-correlation-request-id": "a1951180-6fca-4227-bf7d-4040a2e70ba6",
        "x-ms-ratelimit-remaining-subscription-reads": "11860",
        "x-ms-request-id": "a305d296-50af-e1d4-3fe0-6a26bdd43759",
        "x-ms-routing-request-id": "EASTUS2EUAP:20231020T105224Z:a1951180-6fca-4227-bf7d-4040a2e70ba6"
      },
      "ResponseBody": {
        "id": "/subscriptions/c4a547de-4411-4447-964d-1edbc72cf116/resourceGroups/sdk-test3863/providers/Microsoft.Search/searchServices/search2185",
        "name": "search2185",
        "type": "Microsoft.Search/searchServices",
        "location": "East US 2 EUAP",
        "tags": {},
        "properties": {
          "replicaCount": 3,
          "partitionCount": 1,
          "status": "provisioning",
          "statusDetails": "",
          "provisioningState": "provisioning",
          "hostingMode": "default",
          "publicNetworkAccess": "Enabled",
          "networkRuleSet": {
            "ipRules": [],
            "bypass": "None"
          },
          "privateEndpointConnections": [],
          "sharedPrivateLinkResources": [],
          "encryptionWithCmk": {
            "enforcement": "Unspecified",
            "encryptionComplianceStatus": "Compliant"
          },
          "disableLocalAuth": false,
          "authOptions": {
            "apiKeyOnly": {}
          },
          "semanticSearch": "disabled"
        },
        "sku": {
          "name": "standard"
        }
      }
    },
    {
      "RequestUri": "https://eastus2euap.management.azure.com/subscriptions/c4a547de-4411-4447-964d-1edbc72cf116/resourceGroups/sdk-test3863/providers/Microsoft.Search/searchServices/search2185?api-version=2023-11-01",
      "RequestMethod": "GET",
      "RequestHeaders": {
        "Authorization": "Sanitized",
        "traceparent": "00-1f9a6b50879d6ca641510cb8cab0a2d7-5cc78e901bebd518-00",
        "User-Agent": "azsdk-net-ResourceManager/1.7.0 (.NET 6.0.23; Microsoft Windows 10.0.22621)",
        "x-ms-client-request-id": "66649051f042dd898a7fc407993906af",
        "x-ms-return-client-request-id": "true"
      },
      "RequestBody": null,
      "StatusCode": 200,
      "ResponseHeaders": {
        "Cache-Control": "no-cache",
        "client-request-id": "66649051-f042-dd89-8a7f-c407993906af",
        "Content-Length": "739",
        "Content-Type": "application/json; charset=utf-8",
        "Date": "Fri, 20 Oct 2023 10:52:55 GMT",
        "elapsed-time": "296",
        "ETag": "W/\u0022datetime\u00272023-10-20T10%3A45%3A19.6758277Z\u0027\u0022",
        "Expires": "-1",
        "Pragma": "no-cache",
        "request-id": "66649051-f042-dd89-8a7f-c407993906af",
        "Strict-Transport-Security": "max-age=31536000; includeSubDomains",
        "Vary": "Accept-Encoding",
        "X-Content-Type-Options": "nosniff",
        "x-ms-client-request-id": "66649051-f042-dd89-8a7f-c407993906af",
        "x-ms-correlation-request-id": "6f0ade39-05cd-4563-a014-f9cbe418fac5",
        "x-ms-ratelimit-remaining-subscription-reads": "11859",
        "x-ms-request-id": "66649051-f042-dd89-8a7f-c407993906af",
        "x-ms-routing-request-id": "EASTUS2EUAP:20231020T105256Z:6f0ade39-05cd-4563-a014-f9cbe418fac5"
      },
      "ResponseBody": {
        "id": "/subscriptions/c4a547de-4411-4447-964d-1edbc72cf116/resourceGroups/sdk-test3863/providers/Microsoft.Search/searchServices/search2185",
        "name": "search2185",
        "type": "Microsoft.Search/searchServices",
        "location": "East US 2 EUAP",
        "tags": {},
        "properties": {
          "replicaCount": 3,
          "partitionCount": 1,
          "status": "provisioning",
          "statusDetails": "",
          "provisioningState": "provisioning",
          "hostingMode": "default",
          "publicNetworkAccess": "Enabled",
          "networkRuleSet": {
            "ipRules": [],
            "bypass": "None"
          },
          "privateEndpointConnections": [],
          "sharedPrivateLinkResources": [],
          "encryptionWithCmk": {
            "enforcement": "Unspecified",
            "encryptionComplianceStatus": "Compliant"
          },
          "disableLocalAuth": false,
          "authOptions": {
            "apiKeyOnly": {}
          },
          "semanticSearch": "disabled"
        },
        "sku": {
          "name": "standard"
        }
      }
    },
    {
      "RequestUri": "https://eastus2euap.management.azure.com/subscriptions/c4a547de-4411-4447-964d-1edbc72cf116/resourceGroups/sdk-test3863/providers/Microsoft.Search/searchServices/search2185?api-version=2023-11-01",
      "RequestMethod": "GET",
      "RequestHeaders": {
        "Authorization": "Sanitized",
        "traceparent": "00-1f9a6b50879d6ca641510cb8cab0a2d7-9e16eb4c18828631-00",
        "User-Agent": "azsdk-net-ResourceManager/1.7.0 (.NET 6.0.23; Microsoft Windows 10.0.22621)",
        "x-ms-client-request-id": "589767e85ecbe472a24cab7cf1cca754",
        "x-ms-return-client-request-id": "true"
      },
      "RequestBody": null,
      "StatusCode": 200,
      "ResponseHeaders": {
        "Cache-Control": "no-cache",
        "client-request-id": "589767e8-5ecb-e472-a24c-ab7cf1cca754",
        "Content-Length": "739",
        "Content-Type": "application/json; charset=utf-8",
        "Date": "Fri, 20 Oct 2023 10:53:28 GMT",
        "elapsed-time": "260",
        "ETag": "W/\u0022datetime\u00272023-10-20T10%3A45%3A19.6758277Z\u0027\u0022",
        "Expires": "-1",
        "Pragma": "no-cache",
        "request-id": "589767e8-5ecb-e472-a24c-ab7cf1cca754",
        "Strict-Transport-Security": "max-age=31536000; includeSubDomains",
        "Vary": "Accept-Encoding",
        "X-Content-Type-Options": "nosniff",
        "x-ms-client-request-id": "589767e8-5ecb-e472-a24c-ab7cf1cca754",
        "x-ms-correlation-request-id": "ec252581-a743-47b6-ba06-99561a7f8190",
        "x-ms-ratelimit-remaining-subscription-reads": "11858",
        "x-ms-request-id": "589767e8-5ecb-e472-a24c-ab7cf1cca754",
        "x-ms-routing-request-id": "EASTUS2EUAP:20231020T105328Z:ec252581-a743-47b6-ba06-99561a7f8190"
      },
      "ResponseBody": {
        "id": "/subscriptions/c4a547de-4411-4447-964d-1edbc72cf116/resourceGroups/sdk-test3863/providers/Microsoft.Search/searchServices/search2185",
        "name": "search2185",
        "type": "Microsoft.Search/searchServices",
        "location": "East US 2 EUAP",
        "tags": {},
        "properties": {
          "replicaCount": 3,
          "partitionCount": 1,
          "status": "provisioning",
          "statusDetails": "",
          "provisioningState": "provisioning",
          "hostingMode": "default",
          "publicNetworkAccess": "Enabled",
          "networkRuleSet": {
            "ipRules": [],
            "bypass": "None"
          },
          "privateEndpointConnections": [],
          "sharedPrivateLinkResources": [],
          "encryptionWithCmk": {
            "enforcement": "Unspecified",
            "encryptionComplianceStatus": "Compliant"
          },
          "disableLocalAuth": false,
          "authOptions": {
            "apiKeyOnly": {}
          },
          "semanticSearch": "disabled"
        },
        "sku": {
          "name": "standard"
        }
      }
    },
    {
      "RequestUri": "https://eastus2euap.management.azure.com/subscriptions/c4a547de-4411-4447-964d-1edbc72cf116/resourceGroups/sdk-test3863/providers/Microsoft.Search/searchServices/search2185?api-version=2023-11-01",
      "RequestMethod": "GET",
      "RequestHeaders": {
        "Authorization": "Sanitized",
        "traceparent": "00-1f9a6b50879d6ca641510cb8cab0a2d7-d1e5b59ee2df1ed5-00",
        "User-Agent": "azsdk-net-ResourceManager/1.7.0 (.NET 6.0.23; Microsoft Windows 10.0.22621)",
        "x-ms-client-request-id": "52dceb7015afa6c9492718308bcd4806",
        "x-ms-return-client-request-id": "true"
      },
      "RequestBody": null,
      "StatusCode": 200,
      "ResponseHeaders": {
        "Cache-Control": "no-cache",
        "client-request-id": "52dceb70-15af-a6c9-4927-18308bcd4806",
        "Content-Length": "739",
        "Content-Type": "application/json; charset=utf-8",
        "Date": "Fri, 20 Oct 2023 10:54:00 GMT",
        "elapsed-time": "270",
        "ETag": "W/\u0022datetime\u00272023-10-20T10%3A45%3A19.6758277Z\u0027\u0022",
        "Expires": "-1",
        "Pragma": "no-cache",
        "request-id": "52dceb70-15af-a6c9-4927-18308bcd4806",
        "Strict-Transport-Security": "max-age=31536000; includeSubDomains",
        "Vary": "Accept-Encoding",
        "X-Content-Type-Options": "nosniff",
        "x-ms-client-request-id": "52dceb70-15af-a6c9-4927-18308bcd4806",
        "x-ms-correlation-request-id": "2cf52282-62ce-4e7a-8f41-f099702393b6",
        "x-ms-ratelimit-remaining-subscription-reads": "11857",
        "x-ms-request-id": "52dceb70-15af-a6c9-4927-18308bcd4806",
        "x-ms-routing-request-id": "EASTUS2EUAP:20231020T105401Z:2cf52282-62ce-4e7a-8f41-f099702393b6"
      },
      "ResponseBody": {
        "id": "/subscriptions/c4a547de-4411-4447-964d-1edbc72cf116/resourceGroups/sdk-test3863/providers/Microsoft.Search/searchServices/search2185",
        "name": "search2185",
        "type": "Microsoft.Search/searchServices",
        "location": "East US 2 EUAP",
        "tags": {},
        "properties": {
          "replicaCount": 3,
          "partitionCount": 1,
          "status": "provisioning",
          "statusDetails": "",
          "provisioningState": "provisioning",
          "hostingMode": "default",
          "publicNetworkAccess": "Enabled",
          "networkRuleSet": {
            "ipRules": [],
            "bypass": "None"
          },
          "privateEndpointConnections": [],
          "sharedPrivateLinkResources": [],
          "encryptionWithCmk": {
            "enforcement": "Unspecified",
            "encryptionComplianceStatus": "Compliant"
          },
          "disableLocalAuth": false,
          "authOptions": {
            "apiKeyOnly": {}
          },
          "semanticSearch": "disabled"
        },
        "sku": {
          "name": "standard"
        }
      }
    },
    {
      "RequestUri": "https://eastus2euap.management.azure.com/subscriptions/c4a547de-4411-4447-964d-1edbc72cf116/resourceGroups/sdk-test3863/providers/Microsoft.Search/searchServices/search2185?api-version=2023-11-01",
      "RequestMethod": "GET",
      "RequestHeaders": {
        "Authorization": "Sanitized",
        "traceparent": "00-1f9a6b50879d6ca641510cb8cab0a2d7-06035331c7f291eb-00",
        "User-Agent": "azsdk-net-ResourceManager/1.7.0 (.NET 6.0.23; Microsoft Windows 10.0.22621)",
        "x-ms-client-request-id": "553ebbdade3df28e1d80c3f6440decbe",
        "x-ms-return-client-request-id": "true"
      },
      "RequestBody": null,
      "StatusCode": 200,
      "ResponseHeaders": {
        "Cache-Control": "no-cache",
        "client-request-id": "553ebbda-de3d-f28e-1d80-c3f6440decbe",
        "Content-Length": "739",
        "Content-Type": "application/json; charset=utf-8",
        "Date": "Fri, 20 Oct 2023 10:54:33 GMT",
        "elapsed-time": "265",
        "ETag": "W/\u0022datetime\u00272023-10-20T10%3A45%3A19.6758277Z\u0027\u0022",
        "Expires": "-1",
        "Pragma": "no-cache",
        "request-id": "553ebbda-de3d-f28e-1d80-c3f6440decbe",
        "Strict-Transport-Security": "max-age=31536000; includeSubDomains",
        "Vary": "Accept-Encoding",
        "X-Content-Type-Options": "nosniff",
        "x-ms-client-request-id": "553ebbda-de3d-f28e-1d80-c3f6440decbe",
        "x-ms-correlation-request-id": "fac85fca-c244-4676-afc3-179ad0a9c2a6",
        "x-ms-ratelimit-remaining-subscription-reads": "11856",
        "x-ms-request-id": "553ebbda-de3d-f28e-1d80-c3f6440decbe",
        "x-ms-routing-request-id": "EASTUS2EUAP:20231020T105433Z:fac85fca-c244-4676-afc3-179ad0a9c2a6"
      },
      "ResponseBody": {
        "id": "/subscriptions/c4a547de-4411-4447-964d-1edbc72cf116/resourceGroups/sdk-test3863/providers/Microsoft.Search/searchServices/search2185",
        "name": "search2185",
        "type": "Microsoft.Search/searchServices",
        "location": "East US 2 EUAP",
        "tags": {},
        "properties": {
          "replicaCount": 3,
          "partitionCount": 1,
          "status": "provisioning",
          "statusDetails": "",
          "provisioningState": "provisioning",
          "hostingMode": "default",
          "publicNetworkAccess": "Enabled",
          "networkRuleSet": {
            "ipRules": [],
            "bypass": "None"
          },
          "privateEndpointConnections": [],
          "sharedPrivateLinkResources": [],
          "encryptionWithCmk": {
            "enforcement": "Unspecified",
            "encryptionComplianceStatus": "Compliant"
          },
          "disableLocalAuth": false,
          "authOptions": {
            "apiKeyOnly": {}
          },
          "semanticSearch": "disabled"
        },
        "sku": {
          "name": "standard"
        }
      }
    },
    {
      "RequestUri": "https://eastus2euap.management.azure.com/subscriptions/c4a547de-4411-4447-964d-1edbc72cf116/resourceGroups/sdk-test3863/providers/Microsoft.Search/searchServices/search2185?api-version=2023-11-01",
      "RequestMethod": "GET",
      "RequestHeaders": {
        "Authorization": "Sanitized",
        "traceparent": "00-1f9a6b50879d6ca641510cb8cab0a2d7-ebfb2eed3dca09a8-00",
        "User-Agent": "azsdk-net-ResourceManager/1.7.0 (.NET 6.0.23; Microsoft Windows 10.0.22621)",
        "x-ms-client-request-id": "ae9770d7b35dd2ff9df00fa3454258d5",
        "x-ms-return-client-request-id": "true"
      },
      "RequestBody": null,
      "StatusCode": 200,
      "ResponseHeaders": {
        "Cache-Control": "no-cache",
        "client-request-id": "ae9770d7-b35d-d2ff-9df0-0fa3454258d5",
        "Content-Length": "739",
        "Content-Type": "application/json; charset=utf-8",
        "Date": "Fri, 20 Oct 2023 10:55:04 GMT",
        "elapsed-time": "188",
        "ETag": "W/\u0022datetime\u00272023-10-20T10%3A45%3A19.6758277Z\u0027\u0022",
        "Expires": "-1",
        "Pragma": "no-cache",
        "request-id": "ae9770d7-b35d-d2ff-9df0-0fa3454258d5",
        "Strict-Transport-Security": "max-age=31536000; includeSubDomains",
        "Vary": "Accept-Encoding",
        "X-Content-Type-Options": "nosniff",
        "x-ms-client-request-id": "ae9770d7-b35d-d2ff-9df0-0fa3454258d5",
        "x-ms-correlation-request-id": "7acffe3d-f5b9-4557-8fb5-29d71bd909a2",
        "x-ms-ratelimit-remaining-subscription-reads": "11864",
        "x-ms-request-id": "ae9770d7-b35d-d2ff-9df0-0fa3454258d5",
        "x-ms-routing-request-id": "EASTUS2EUAP:20231020T105505Z:7acffe3d-f5b9-4557-8fb5-29d71bd909a2"
      },
      "ResponseBody": {
        "id": "/subscriptions/c4a547de-4411-4447-964d-1edbc72cf116/resourceGroups/sdk-test3863/providers/Microsoft.Search/searchServices/search2185",
        "name": "search2185",
        "type": "Microsoft.Search/searchServices",
        "location": "East US 2 EUAP",
        "tags": {},
        "properties": {
          "replicaCount": 3,
          "partitionCount": 1,
          "status": "provisioning",
          "statusDetails": "",
          "provisioningState": "provisioning",
          "hostingMode": "default",
          "publicNetworkAccess": "Enabled",
          "networkRuleSet": {
            "ipRules": [],
            "bypass": "None"
          },
          "privateEndpointConnections": [],
          "sharedPrivateLinkResources": [],
          "encryptionWithCmk": {
            "enforcement": "Unspecified",
            "encryptionComplianceStatus": "Compliant"
          },
          "disableLocalAuth": false,
          "authOptions": {
            "apiKeyOnly": {}
          },
          "semanticSearch": "disabled"
        },
        "sku": {
          "name": "standard"
        }
      }
    },
    {
      "RequestUri": "https://eastus2euap.management.azure.com/subscriptions/c4a547de-4411-4447-964d-1edbc72cf116/resourceGroups/sdk-test3863/providers/Microsoft.Search/searchServices/search2185?api-version=2023-11-01",
      "RequestMethod": "GET",
      "RequestHeaders": {
        "Authorization": "Sanitized",
        "traceparent": "00-1f9a6b50879d6ca641510cb8cab0a2d7-7d1d8067ac3e6508-00",
        "User-Agent": "azsdk-net-ResourceManager/1.7.0 (.NET 6.0.23; Microsoft Windows 10.0.22621)",
        "x-ms-client-request-id": "35a1a504518d91175ce9342f52d3623c",
        "x-ms-return-client-request-id": "true"
      },
      "RequestBody": null,
      "StatusCode": 200,
      "ResponseHeaders": {
        "Cache-Control": "no-cache",
        "client-request-id": "35a1a504-518d-9117-5ce9-342f52d3623c",
        "Content-Length": "739",
        "Content-Type": "application/json; charset=utf-8",
        "Date": "Fri, 20 Oct 2023 10:55:38 GMT",
        "elapsed-time": "300",
        "ETag": "W/\u0022datetime\u00272023-10-20T10%3A45%3A19.6758277Z\u0027\u0022",
        "Expires": "-1",
        "Pragma": "no-cache",
        "request-id": "35a1a504-518d-9117-5ce9-342f52d3623c",
        "Strict-Transport-Security": "max-age=31536000; includeSubDomains",
        "Vary": "Accept-Encoding",
        "X-Content-Type-Options": "nosniff",
        "x-ms-client-request-id": "35a1a504-518d-9117-5ce9-342f52d3623c",
        "x-ms-correlation-request-id": "c0ad52b6-f17b-49e8-8a26-e45a305c6eea",
        "x-ms-ratelimit-remaining-subscription-reads": "11863",
        "x-ms-request-id": "35a1a504-518d-9117-5ce9-342f52d3623c",
        "x-ms-routing-request-id": "EASTUS2EUAP:20231020T105538Z:c0ad52b6-f17b-49e8-8a26-e45a305c6eea"
      },
      "ResponseBody": {
        "id": "/subscriptions/c4a547de-4411-4447-964d-1edbc72cf116/resourceGroups/sdk-test3863/providers/Microsoft.Search/searchServices/search2185",
        "name": "search2185",
        "type": "Microsoft.Search/searchServices",
        "location": "East US 2 EUAP",
        "tags": {},
        "properties": {
          "replicaCount": 3,
          "partitionCount": 1,
          "status": "provisioning",
          "statusDetails": "",
          "provisioningState": "provisioning",
          "hostingMode": "default",
          "publicNetworkAccess": "Enabled",
          "networkRuleSet": {
            "ipRules": [],
            "bypass": "None"
          },
          "privateEndpointConnections": [],
          "sharedPrivateLinkResources": [],
          "encryptionWithCmk": {
            "enforcement": "Unspecified",
            "encryptionComplianceStatus": "Compliant"
          },
          "disableLocalAuth": false,
          "authOptions": {
            "apiKeyOnly": {}
          },
          "semanticSearch": "disabled"
        },
        "sku": {
          "name": "standard"
        }
      }
    },
    {
      "RequestUri": "https://eastus2euap.management.azure.com/subscriptions/c4a547de-4411-4447-964d-1edbc72cf116/resourceGroups/sdk-test3863/providers/Microsoft.Search/searchServices/search2185?api-version=2023-11-01",
      "RequestMethod": "GET",
      "RequestHeaders": {
        "Authorization": "Sanitized",
        "traceparent": "00-1f9a6b50879d6ca641510cb8cab0a2d7-2caca1d3574b2537-00",
        "User-Agent": "azsdk-net-ResourceManager/1.7.0 (.NET 6.0.23; Microsoft Windows 10.0.22621)",
        "x-ms-client-request-id": "1b585a3b993626a8bb6cb84ccfeaacdb",
        "x-ms-return-client-request-id": "true"
      },
      "RequestBody": null,
      "StatusCode": 200,
      "ResponseHeaders": {
        "Cache-Control": "no-cache",
        "client-request-id": "1b585a3b-9936-26a8-bb6c-b84ccfeaacdb",
        "Content-Length": "739",
        "Content-Type": "application/json; charset=utf-8",
        "Date": "Fri, 20 Oct 2023 10:56:10 GMT",
        "elapsed-time": "378",
        "ETag": "W/\u0022datetime\u00272023-10-20T10%3A45%3A19.6758277Z\u0027\u0022",
        "Expires": "-1",
        "Pragma": "no-cache",
        "request-id": "1b585a3b-9936-26a8-bb6c-b84ccfeaacdb",
        "Strict-Transport-Security": "max-age=31536000; includeSubDomains",
        "Vary": "Accept-Encoding",
        "X-Content-Type-Options": "nosniff",
        "x-ms-client-request-id": "1b585a3b-9936-26a8-bb6c-b84ccfeaacdb",
        "x-ms-correlation-request-id": "0dc71d22-3e7f-442c-930d-01182b14bc4c",
        "x-ms-ratelimit-remaining-subscription-reads": "11862",
        "x-ms-request-id": "1b585a3b-9936-26a8-bb6c-b84ccfeaacdb",
        "x-ms-routing-request-id": "EASTUS2EUAP:20231020T105610Z:0dc71d22-3e7f-442c-930d-01182b14bc4c"
      },
      "ResponseBody": {
        "id": "/subscriptions/c4a547de-4411-4447-964d-1edbc72cf116/resourceGroups/sdk-test3863/providers/Microsoft.Search/searchServices/search2185",
        "name": "search2185",
        "type": "Microsoft.Search/searchServices",
        "location": "East US 2 EUAP",
        "tags": {},
        "properties": {
          "replicaCount": 3,
          "partitionCount": 1,
          "status": "provisioning",
          "statusDetails": "",
          "provisioningState": "provisioning",
          "hostingMode": "default",
          "publicNetworkAccess": "Enabled",
          "networkRuleSet": {
            "ipRules": [],
            "bypass": "None"
          },
          "privateEndpointConnections": [],
          "sharedPrivateLinkResources": [],
          "encryptionWithCmk": {
            "enforcement": "Unspecified",
            "encryptionComplianceStatus": "Compliant"
          },
          "disableLocalAuth": false,
          "authOptions": {
            "apiKeyOnly": {}
          },
          "semanticSearch": "disabled"
        },
        "sku": {
          "name": "standard"
        }
      }
    },
    {
      "RequestUri": "https://eastus2euap.management.azure.com/subscriptions/c4a547de-4411-4447-964d-1edbc72cf116/resourceGroups/sdk-test3863/providers/Microsoft.Search/searchServices/search2185?api-version=2023-11-01",
      "RequestMethod": "GET",
      "RequestHeaders": {
        "Authorization": "Sanitized",
        "traceparent": "00-1f9a6b50879d6ca641510cb8cab0a2d7-ee1ece4c1b7cb70b-00",
        "User-Agent": "azsdk-net-ResourceManager/1.7.0 (.NET 6.0.23; Microsoft Windows 10.0.22621)",
        "x-ms-client-request-id": "9ef1ed27b66b8630580551737fcf7fca",
        "x-ms-return-client-request-id": "true"
      },
      "RequestBody": null,
      "StatusCode": 200,
      "ResponseHeaders": {
        "Cache-Control": "no-cache",
        "client-request-id": "9ef1ed27-b66b-8630-5805-51737fcf7fca",
        "Content-Length": "739",
        "Content-Type": "application/json; charset=utf-8",
        "Date": "Fri, 20 Oct 2023 10:56:42 GMT",
        "elapsed-time": "186",
        "ETag": "W/\u0022datetime\u00272023-10-20T10%3A45%3A19.6758277Z\u0027\u0022",
        "Expires": "-1",
        "Pragma": "no-cache",
        "request-id": "9ef1ed27-b66b-8630-5805-51737fcf7fca",
        "Strict-Transport-Security": "max-age=31536000; includeSubDomains",
        "Vary": "Accept-Encoding",
        "X-Content-Type-Options": "nosniff",
        "x-ms-client-request-id": "9ef1ed27-b66b-8630-5805-51737fcf7fca",
        "x-ms-correlation-request-id": "2adae109-c0be-4311-9014-2add48b21f4f",
        "x-ms-ratelimit-remaining-subscription-reads": "11861",
        "x-ms-request-id": "9ef1ed27-b66b-8630-5805-51737fcf7fca",
        "x-ms-routing-request-id": "EASTUS2EUAP:20231020T105643Z:2adae109-c0be-4311-9014-2add48b21f4f"
      },
      "ResponseBody": {
        "id": "/subscriptions/c4a547de-4411-4447-964d-1edbc72cf116/resourceGroups/sdk-test3863/providers/Microsoft.Search/searchServices/search2185",
        "name": "search2185",
        "type": "Microsoft.Search/searchServices",
        "location": "East US 2 EUAP",
        "tags": {},
        "properties": {
          "replicaCount": 3,
          "partitionCount": 1,
          "status": "provisioning",
          "statusDetails": "",
          "provisioningState": "provisioning",
          "hostingMode": "default",
          "publicNetworkAccess": "Enabled",
          "networkRuleSet": {
            "ipRules": [],
            "bypass": "None"
          },
          "privateEndpointConnections": [],
          "sharedPrivateLinkResources": [],
          "encryptionWithCmk": {
            "enforcement": "Unspecified",
            "encryptionComplianceStatus": "Compliant"
          },
          "disableLocalAuth": false,
          "authOptions": {
            "apiKeyOnly": {}
          },
          "semanticSearch": "disabled"
        },
        "sku": {
          "name": "standard"
        }
      }
    },
    {
      "RequestUri": "https://eastus2euap.management.azure.com/subscriptions/c4a547de-4411-4447-964d-1edbc72cf116/resourceGroups/sdk-test3863/providers/Microsoft.Search/searchServices/search2185?api-version=2023-11-01",
      "RequestMethod": "GET",
      "RequestHeaders": {
        "Authorization": "Sanitized",
        "traceparent": "00-1f9a6b50879d6ca641510cb8cab0a2d7-56b0a2c950953ba6-00",
        "User-Agent": "azsdk-net-ResourceManager/1.7.0 (.NET 6.0.23; Microsoft Windows 10.0.22621)",
        "x-ms-client-request-id": "eb68d28e3cea6a9ffc7b792199cac172",
        "x-ms-return-client-request-id": "true"
      },
      "RequestBody": null,
      "StatusCode": 200,
      "ResponseHeaders": {
        "Cache-Control": "no-cache",
        "client-request-id": "eb68d28e-3cea-6a9f-fc7b-792199cac172",
        "Content-Length": "739",
        "Content-Type": "application/json; charset=utf-8",
        "Date": "Fri, 20 Oct 2023 10:57:14 GMT",
        "elapsed-time": "184",
        "ETag": "W/\u0022datetime\u00272023-10-20T10%3A45%3A19.6758277Z\u0027\u0022",
        "Expires": "-1",
        "Pragma": "no-cache",
        "request-id": "eb68d28e-3cea-6a9f-fc7b-792199cac172",
        "Strict-Transport-Security": "max-age=31536000; includeSubDomains",
        "Vary": "Accept-Encoding",
        "X-Content-Type-Options": "nosniff",
        "x-ms-client-request-id": "eb68d28e-3cea-6a9f-fc7b-792199cac172",
        "x-ms-correlation-request-id": "c4d2488d-a2a6-41aa-9c7b-72e81e7b9647",
        "x-ms-ratelimit-remaining-subscription-reads": "11860",
        "x-ms-request-id": "eb68d28e-3cea-6a9f-fc7b-792199cac172",
        "x-ms-routing-request-id": "EASTUS2EUAP:20231020T105715Z:c4d2488d-a2a6-41aa-9c7b-72e81e7b9647"
      },
      "ResponseBody": {
        "id": "/subscriptions/c4a547de-4411-4447-964d-1edbc72cf116/resourceGroups/sdk-test3863/providers/Microsoft.Search/searchServices/search2185",
        "name": "search2185",
        "type": "Microsoft.Search/searchServices",
        "location": "East US 2 EUAP",
        "tags": {},
        "properties": {
          "replicaCount": 3,
          "partitionCount": 1,
          "status": "provisioning",
          "statusDetails": "",
          "provisioningState": "provisioning",
          "hostingMode": "default",
          "publicNetworkAccess": "Enabled",
          "networkRuleSet": {
            "ipRules": [],
            "bypass": "None"
          },
          "privateEndpointConnections": [],
          "sharedPrivateLinkResources": [],
          "encryptionWithCmk": {
            "enforcement": "Unspecified",
            "encryptionComplianceStatus": "Compliant"
          },
          "disableLocalAuth": false,
          "authOptions": {
            "apiKeyOnly": {}
          },
          "semanticSearch": "disabled"
        },
        "sku": {
          "name": "standard"
        }
      }
    },
    {
      "RequestUri": "https://eastus2euap.management.azure.com/subscriptions/c4a547de-4411-4447-964d-1edbc72cf116/resourceGroups/sdk-test3863/providers/Microsoft.Search/searchServices/search2185?api-version=2023-11-01",
      "RequestMethod": "GET",
      "RequestHeaders": {
        "Authorization": "Sanitized",
        "traceparent": "00-1f9a6b50879d6ca641510cb8cab0a2d7-750a731acfb804e0-00",
        "User-Agent": "azsdk-net-ResourceManager/1.7.0 (.NET 6.0.23; Microsoft Windows 10.0.22621)",
        "x-ms-client-request-id": "6408593dc3e284d12ad1c2304834a7ec",
        "x-ms-return-client-request-id": "true"
      },
      "RequestBody": null,
      "StatusCode": 200,
      "ResponseHeaders": {
        "Cache-Control": "no-cache",
        "client-request-id": "6408593d-c3e2-84d1-2ad1-c2304834a7ec",
        "Content-Length": "739",
        "Content-Type": "application/json; charset=utf-8",
        "Date": "Fri, 20 Oct 2023 10:57:47 GMT",
        "elapsed-time": "307",
        "ETag": "W/\u0022datetime\u00272023-10-20T10%3A45%3A19.6758277Z\u0027\u0022",
        "Expires": "-1",
        "Pragma": "no-cache",
        "request-id": "6408593d-c3e2-84d1-2ad1-c2304834a7ec",
        "Strict-Transport-Security": "max-age=31536000; includeSubDomains",
        "Vary": "Accept-Encoding",
        "X-Content-Type-Options": "nosniff",
        "x-ms-client-request-id": "6408593d-c3e2-84d1-2ad1-c2304834a7ec",
        "x-ms-correlation-request-id": "f2424480-a9d4-414d-9fc1-a2fe177431e2",
        "x-ms-ratelimit-remaining-subscription-reads": "11859",
        "x-ms-request-id": "6408593d-c3e2-84d1-2ad1-c2304834a7ec",
        "x-ms-routing-request-id": "EASTUS2EUAP:20231020T105747Z:f2424480-a9d4-414d-9fc1-a2fe177431e2"
      },
      "ResponseBody": {
        "id": "/subscriptions/c4a547de-4411-4447-964d-1edbc72cf116/resourceGroups/sdk-test3863/providers/Microsoft.Search/searchServices/search2185",
        "name": "search2185",
        "type": "Microsoft.Search/searchServices",
        "location": "East US 2 EUAP",
        "tags": {},
        "properties": {
          "replicaCount": 3,
          "partitionCount": 1,
          "status": "provisioning",
          "statusDetails": "",
          "provisioningState": "provisioning",
          "hostingMode": "default",
          "publicNetworkAccess": "Enabled",
          "networkRuleSet": {
            "ipRules": [],
            "bypass": "None"
          },
          "privateEndpointConnections": [],
          "sharedPrivateLinkResources": [],
          "encryptionWithCmk": {
            "enforcement": "Unspecified",
            "encryptionComplianceStatus": "Compliant"
          },
          "disableLocalAuth": false,
          "authOptions": {
            "apiKeyOnly": {}
          },
          "semanticSearch": "disabled"
        },
        "sku": {
          "name": "standard"
        }
      }
    },
    {
      "RequestUri": "https://eastus2euap.management.azure.com/subscriptions/c4a547de-4411-4447-964d-1edbc72cf116/resourceGroups/sdk-test3863/providers/Microsoft.Search/searchServices/search2185?api-version=2023-11-01",
      "RequestMethod": "GET",
      "RequestHeaders": {
        "Authorization": "Sanitized",
        "traceparent": "00-1f9a6b50879d6ca641510cb8cab0a2d7-b63ec018a1f0bd40-00",
        "User-Agent": "azsdk-net-ResourceManager/1.7.0 (.NET 6.0.23; Microsoft Windows 10.0.22621)",
        "x-ms-client-request-id": "fcbdeeecc182ebf04e87a1ef3d0eed8e",
        "x-ms-return-client-request-id": "true"
      },
      "RequestBody": null,
      "StatusCode": 200,
      "ResponseHeaders": {
        "Cache-Control": "no-cache",
        "client-request-id": "fcbdeeec-c182-ebf0-4e87-a1ef3d0eed8e",
        "Content-Length": "739",
        "Content-Type": "application/json; charset=utf-8",
        "Date": "Fri, 20 Oct 2023 10:58:20 GMT",
        "elapsed-time": "322",
        "ETag": "W/\u0022datetime\u00272023-10-20T10%3A45%3A19.6758277Z\u0027\u0022",
        "Expires": "-1",
        "Pragma": "no-cache",
        "request-id": "fcbdeeec-c182-ebf0-4e87-a1ef3d0eed8e",
        "Strict-Transport-Security": "max-age=31536000; includeSubDomains",
        "Vary": "Accept-Encoding",
        "X-Content-Type-Options": "nosniff",
        "x-ms-client-request-id": "fcbdeeec-c182-ebf0-4e87-a1ef3d0eed8e",
        "x-ms-correlation-request-id": "1f6a6224-abed-4edc-a672-19f977a55795",
        "x-ms-ratelimit-remaining-subscription-reads": "11858",
        "x-ms-request-id": "fcbdeeec-c182-ebf0-4e87-a1ef3d0eed8e",
        "x-ms-routing-request-id": "EASTUS2EUAP:20231020T105820Z:1f6a6224-abed-4edc-a672-19f977a55795"
      },
      "ResponseBody": {
        "id": "/subscriptions/c4a547de-4411-4447-964d-1edbc72cf116/resourceGroups/sdk-test3863/providers/Microsoft.Search/searchServices/search2185",
        "name": "search2185",
        "type": "Microsoft.Search/searchServices",
        "location": "East US 2 EUAP",
        "tags": {},
        "properties": {
          "replicaCount": 3,
          "partitionCount": 1,
          "status": "provisioning",
          "statusDetails": "",
          "provisioningState": "provisioning",
          "hostingMode": "default",
          "publicNetworkAccess": "Enabled",
          "networkRuleSet": {
            "ipRules": [],
            "bypass": "None"
          },
          "privateEndpointConnections": [],
          "sharedPrivateLinkResources": [],
          "encryptionWithCmk": {
            "enforcement": "Unspecified",
            "encryptionComplianceStatus": "Compliant"
          },
          "disableLocalAuth": false,
          "authOptions": {
            "apiKeyOnly": {}
          },
          "semanticSearch": "disabled"
        },
        "sku": {
          "name": "standard"
        }
      }
    },
    {
      "RequestUri": "https://eastus2euap.management.azure.com/subscriptions/c4a547de-4411-4447-964d-1edbc72cf116/resourceGroups/sdk-test3863/providers/Microsoft.Search/searchServices/search2185?api-version=2023-11-01",
      "RequestMethod": "GET",
      "RequestHeaders": {
        "Authorization": "Sanitized",
        "traceparent": "00-1f9a6b50879d6ca641510cb8cab0a2d7-c20475014801a91e-00",
        "User-Agent": "azsdk-net-ResourceManager/1.7.0 (.NET 6.0.23; Microsoft Windows 10.0.22621)",
        "x-ms-client-request-id": "2536df441bc7cbe701e3c118796f22c8",
        "x-ms-return-client-request-id": "true"
      },
      "RequestBody": null,
      "StatusCode": 200,
      "ResponseHeaders": {
        "Cache-Control": "no-cache",
        "client-request-id": "2536df44-1bc7-cbe7-01e3-c118796f22c8",
        "Content-Length": "739",
        "Content-Type": "application/json; charset=utf-8",
        "Date": "Fri, 20 Oct 2023 10:58:52 GMT",
        "elapsed-time": "170",
        "ETag": "W/\u0022datetime\u00272023-10-20T10%3A45%3A19.6758277Z\u0027\u0022",
        "Expires": "-1",
        "Pragma": "no-cache",
        "request-id": "2536df44-1bc7-cbe7-01e3-c118796f22c8",
        "Strict-Transport-Security": "max-age=31536000; includeSubDomains",
        "Vary": "Accept-Encoding",
        "X-Content-Type-Options": "nosniff",
        "x-ms-client-request-id": "2536df44-1bc7-cbe7-01e3-c118796f22c8",
        "x-ms-correlation-request-id": "cc8928ef-fb8f-404a-a946-4280602b99f6",
        "x-ms-ratelimit-remaining-subscription-reads": "11857",
        "x-ms-request-id": "2536df44-1bc7-cbe7-01e3-c118796f22c8",
        "x-ms-routing-request-id": "EASTUS2EUAP:20231020T105852Z:cc8928ef-fb8f-404a-a946-4280602b99f6"
      },
      "ResponseBody": {
        "id": "/subscriptions/c4a547de-4411-4447-964d-1edbc72cf116/resourceGroups/sdk-test3863/providers/Microsoft.Search/searchServices/search2185",
        "name": "search2185",
        "type": "Microsoft.Search/searchServices",
        "location": "East US 2 EUAP",
        "tags": {},
        "properties": {
          "replicaCount": 3,
          "partitionCount": 1,
          "status": "provisioning",
          "statusDetails": "",
          "provisioningState": "provisioning",
          "hostingMode": "default",
          "publicNetworkAccess": "Enabled",
          "networkRuleSet": {
            "ipRules": [],
            "bypass": "None"
          },
          "privateEndpointConnections": [],
          "sharedPrivateLinkResources": [],
          "encryptionWithCmk": {
            "enforcement": "Unspecified",
            "encryptionComplianceStatus": "Compliant"
          },
          "disableLocalAuth": false,
          "authOptions": {
            "apiKeyOnly": {}
          },
          "semanticSearch": "disabled"
        },
        "sku": {
          "name": "standard"
        }
      }
    },
    {
      "RequestUri": "https://eastus2euap.management.azure.com/subscriptions/c4a547de-4411-4447-964d-1edbc72cf116/resourceGroups/sdk-test3863/providers/Microsoft.Search/searchServices/search2185?api-version=2023-11-01",
      "RequestMethod": "GET",
      "RequestHeaders": {
        "Authorization": "Sanitized",
        "traceparent": "00-1f9a6b50879d6ca641510cb8cab0a2d7-d377510d46d43325-00",
        "User-Agent": "azsdk-net-ResourceManager/1.7.0 (.NET 6.0.23; Microsoft Windows 10.0.22621)",
        "x-ms-client-request-id": "aa358dd4c40c7bef681c155b21e1471c",
        "x-ms-return-client-request-id": "true"
      },
      "RequestBody": null,
      "StatusCode": 200,
      "ResponseHeaders": {
        "Cache-Control": "no-cache",
        "client-request-id": "aa358dd4-c40c-7bef-681c-155b21e1471c",
        "Content-Length": "739",
        "Content-Type": "application/json; charset=utf-8",
        "Date": "Fri, 20 Oct 2023 10:59:23 GMT",
        "elapsed-time": "186",
        "ETag": "W/\u0022datetime\u00272023-10-20T10%3A45%3A19.6758277Z\u0027\u0022",
        "Expires": "-1",
        "Pragma": "no-cache",
        "request-id": "aa358dd4-c40c-7bef-681c-155b21e1471c",
        "Strict-Transport-Security": "max-age=31536000; includeSubDomains",
        "Vary": "Accept-Encoding",
        "X-Content-Type-Options": "nosniff",
        "x-ms-client-request-id": "aa358dd4-c40c-7bef-681c-155b21e1471c",
        "x-ms-correlation-request-id": "dd04ffee-7598-4d21-b0c9-278f8dc7c7e8",
        "x-ms-ratelimit-remaining-subscription-reads": "11856",
        "x-ms-request-id": "aa358dd4-c40c-7bef-681c-155b21e1471c",
        "x-ms-routing-request-id": "EASTUS2EUAP:20231020T105924Z:dd04ffee-7598-4d21-b0c9-278f8dc7c7e8"
      },
      "ResponseBody": {
        "id": "/subscriptions/c4a547de-4411-4447-964d-1edbc72cf116/resourceGroups/sdk-test3863/providers/Microsoft.Search/searchServices/search2185",
        "name": "search2185",
        "type": "Microsoft.Search/searchServices",
        "location": "East US 2 EUAP",
        "tags": {},
        "properties": {
          "replicaCount": 3,
          "partitionCount": 1,
          "status": "provisioning",
          "statusDetails": "",
          "provisioningState": "provisioning",
          "hostingMode": "default",
          "publicNetworkAccess": "Enabled",
          "networkRuleSet": {
            "ipRules": [],
            "bypass": "None"
          },
          "privateEndpointConnections": [],
          "sharedPrivateLinkResources": [],
          "encryptionWithCmk": {
            "enforcement": "Unspecified",
            "encryptionComplianceStatus": "Compliant"
          },
          "disableLocalAuth": false,
          "authOptions": {
            "apiKeyOnly": {}
          },
          "semanticSearch": "disabled"
        },
        "sku": {
          "name": "standard"
        }
      }
    },
    {
      "RequestUri": "https://eastus2euap.management.azure.com/subscriptions/c4a547de-4411-4447-964d-1edbc72cf116/resourceGroups/sdk-test3863/providers/Microsoft.Search/searchServices/search2185?api-version=2023-11-01",
      "RequestMethod": "GET",
      "RequestHeaders": {
        "Authorization": "Sanitized",
        "traceparent": "00-1f9a6b50879d6ca641510cb8cab0a2d7-e82d6779b1dabac6-00",
        "User-Agent": "azsdk-net-ResourceManager/1.7.0 (.NET 6.0.23; Microsoft Windows 10.0.22621)",
        "x-ms-client-request-id": "68eb34e481fed02406f2fa9effd871df",
        "x-ms-return-client-request-id": "true"
      },
      "RequestBody": null,
      "StatusCode": 200,
      "ResponseHeaders": {
        "Cache-Control": "no-cache",
        "client-request-id": "68eb34e4-81fe-d024-06f2-fa9effd871df",
        "Content-Length": "739",
        "Content-Type": "application/json; charset=utf-8",
        "Date": "Fri, 20 Oct 2023 10:59:56 GMT",
        "elapsed-time": "233",
        "ETag": "W/\u0022datetime\u00272023-10-20T10%3A45%3A19.6758277Z\u0027\u0022",
        "Expires": "-1",
        "Pragma": "no-cache",
        "request-id": "68eb34e4-81fe-d024-06f2-fa9effd871df",
        "Strict-Transport-Security": "max-age=31536000; includeSubDomains",
        "Vary": "Accept-Encoding",
        "X-Content-Type-Options": "nosniff",
        "x-ms-client-request-id": "68eb34e4-81fe-d024-06f2-fa9effd871df",
        "x-ms-correlation-request-id": "7f2b5fb6-8c14-46e9-a8bf-f63fe4686f71",
        "x-ms-ratelimit-remaining-subscription-reads": "11855",
        "x-ms-request-id": "68eb34e4-81fe-d024-06f2-fa9effd871df",
        "x-ms-routing-request-id": "EASTUS2EUAP:20231020T105957Z:7f2b5fb6-8c14-46e9-a8bf-f63fe4686f71"
      },
      "ResponseBody": {
        "id": "/subscriptions/c4a547de-4411-4447-964d-1edbc72cf116/resourceGroups/sdk-test3863/providers/Microsoft.Search/searchServices/search2185",
        "name": "search2185",
        "type": "Microsoft.Search/searchServices",
        "location": "East US 2 EUAP",
        "tags": {},
        "properties": {
          "replicaCount": 3,
          "partitionCount": 1,
          "status": "provisioning",
          "statusDetails": "",
          "provisioningState": "provisioning",
          "hostingMode": "default",
          "publicNetworkAccess": "Enabled",
          "networkRuleSet": {
            "ipRules": [],
            "bypass": "None"
          },
          "privateEndpointConnections": [],
          "sharedPrivateLinkResources": [],
          "encryptionWithCmk": {
            "enforcement": "Unspecified",
            "encryptionComplianceStatus": "Compliant"
          },
          "disableLocalAuth": false,
          "authOptions": {
            "apiKeyOnly": {}
          },
          "semanticSearch": "disabled"
        },
        "sku": {
          "name": "standard"
        }
      }
    },
    {
      "RequestUri": "https://eastus2euap.management.azure.com/subscriptions/c4a547de-4411-4447-964d-1edbc72cf116/resourceGroups/sdk-test3863/providers/Microsoft.Search/searchServices/search2185?api-version=2023-11-01",
      "RequestMethod": "GET",
      "RequestHeaders": {
        "Authorization": "Sanitized",
        "traceparent": "00-1f9a6b50879d6ca641510cb8cab0a2d7-504cf763b5e18cb7-00",
        "User-Agent": "azsdk-net-ResourceManager/1.7.0 (.NET 6.0.23; Microsoft Windows 10.0.22621)",
        "x-ms-client-request-id": "af1bd96442d87f81efbabcaa058ca920",
        "x-ms-return-client-request-id": "true"
      },
      "RequestBody": null,
      "StatusCode": 200,
      "ResponseHeaders": {
        "Cache-Control": "no-cache",
        "client-request-id": "af1bd964-42d8-7f81-efba-bcaa058ca920",
        "Content-Length": "739",
        "Content-Type": "application/json; charset=utf-8",
        "Date": "Fri, 20 Oct 2023 11:00:29 GMT",
        "elapsed-time": "307",
        "ETag": "W/\u0022datetime\u00272023-10-20T10%3A45%3A19.6758277Z\u0027\u0022",
        "Expires": "-1",
        "Pragma": "no-cache",
        "request-id": "af1bd964-42d8-7f81-efba-bcaa058ca920",
        "Strict-Transport-Security": "max-age=31536000; includeSubDomains",
        "Vary": "Accept-Encoding",
        "X-Content-Type-Options": "nosniff",
        "x-ms-client-request-id": "af1bd964-42d8-7f81-efba-bcaa058ca920",
        "x-ms-correlation-request-id": "99862a41-c4de-45a0-b2a4-01e1f6dfe0dd",
        "x-ms-ratelimit-remaining-subscription-reads": "11872",
        "x-ms-request-id": "af1bd964-42d8-7f81-efba-bcaa058ca920",
        "x-ms-routing-request-id": "EASTUS2EUAP:20231020T110029Z:99862a41-c4de-45a0-b2a4-01e1f6dfe0dd"
      },
      "ResponseBody": {
        "id": "/subscriptions/c4a547de-4411-4447-964d-1edbc72cf116/resourceGroups/sdk-test3863/providers/Microsoft.Search/searchServices/search2185",
        "name": "search2185",
        "type": "Microsoft.Search/searchServices",
        "location": "East US 2 EUAP",
        "tags": {},
        "properties": {
          "replicaCount": 3,
          "partitionCount": 1,
          "status": "provisioning",
          "statusDetails": "",
          "provisioningState": "provisioning",
          "hostingMode": "default",
          "publicNetworkAccess": "Enabled",
          "networkRuleSet": {
            "ipRules": [],
            "bypass": "None"
          },
          "privateEndpointConnections": [],
          "sharedPrivateLinkResources": [],
          "encryptionWithCmk": {
            "enforcement": "Unspecified",
            "encryptionComplianceStatus": "Compliant"
          },
          "disableLocalAuth": false,
          "authOptions": {
            "apiKeyOnly": {}
          },
          "semanticSearch": "disabled"
        },
        "sku": {
          "name": "standard"
        }
      }
    },
    {
      "RequestUri": "https://eastus2euap.management.azure.com/subscriptions/c4a547de-4411-4447-964d-1edbc72cf116/resourceGroups/sdk-test3863/providers/Microsoft.Search/searchServices/search2185?api-version=2023-11-01",
      "RequestMethod": "GET",
      "RequestHeaders": {
        "Authorization": "Sanitized",
        "traceparent": "00-1f9a6b50879d6ca641510cb8cab0a2d7-3d05bf84e916b57f-00",
        "User-Agent": "azsdk-net-ResourceManager/1.7.0 (.NET 6.0.23; Microsoft Windows 10.0.22621)",
        "x-ms-client-request-id": "4533a59cb98353c96864a41aca517c90",
        "x-ms-return-client-request-id": "true"
      },
      "RequestBody": null,
      "StatusCode": 200,
      "ResponseHeaders": {
        "Cache-Control": "no-cache",
        "client-request-id": "4533a59c-b983-53c9-6864-a41aca517c90",
        "Content-Length": "739",
        "Content-Type": "application/json; charset=utf-8",
        "Date": "Fri, 20 Oct 2023 11:01:01 GMT",
        "elapsed-time": "172",
        "ETag": "W/\u0022datetime\u00272023-10-20T10%3A45%3A19.6758277Z\u0027\u0022",
        "Expires": "-1",
        "Pragma": "no-cache",
        "request-id": "4533a59c-b983-53c9-6864-a41aca517c90",
        "Strict-Transport-Security": "max-age=31536000; includeSubDomains",
        "Vary": "Accept-Encoding",
        "X-Content-Type-Options": "nosniff",
        "x-ms-client-request-id": "4533a59c-b983-53c9-6864-a41aca517c90",
        "x-ms-correlation-request-id": "c7122351-caed-49c1-9301-565db49d535a",
        "x-ms-ratelimit-remaining-subscription-reads": "11871",
        "x-ms-request-id": "4533a59c-b983-53c9-6864-a41aca517c90",
        "x-ms-routing-request-id": "EASTUS2EUAP:20231020T110101Z:c7122351-caed-49c1-9301-565db49d535a"
      },
      "ResponseBody": {
        "id": "/subscriptions/c4a547de-4411-4447-964d-1edbc72cf116/resourceGroups/sdk-test3863/providers/Microsoft.Search/searchServices/search2185",
        "name": "search2185",
        "type": "Microsoft.Search/searchServices",
        "location": "East US 2 EUAP",
        "tags": {},
        "properties": {
          "replicaCount": 3,
          "partitionCount": 1,
          "status": "provisioning",
          "statusDetails": "",
          "provisioningState": "provisioning",
          "hostingMode": "default",
          "publicNetworkAccess": "Enabled",
          "networkRuleSet": {
            "ipRules": [],
            "bypass": "None"
          },
          "privateEndpointConnections": [],
          "sharedPrivateLinkResources": [],
          "encryptionWithCmk": {
            "enforcement": "Unspecified",
            "encryptionComplianceStatus": "Compliant"
          },
          "disableLocalAuth": false,
          "authOptions": {
            "apiKeyOnly": {}
          },
          "semanticSearch": "disabled"
        },
        "sku": {
          "name": "standard"
        }
      }
    },
    {
      "RequestUri": "https://eastus2euap.management.azure.com/subscriptions/c4a547de-4411-4447-964d-1edbc72cf116/resourceGroups/sdk-test3863/providers/Microsoft.Search/searchServices/search2185?api-version=2023-11-01",
      "RequestMethod": "GET",
      "RequestHeaders": {
        "Authorization": "Sanitized",
        "traceparent": "00-1f9a6b50879d6ca641510cb8cab0a2d7-b13b86096ee5fac7-00",
        "User-Agent": "azsdk-net-ResourceManager/1.7.0 (.NET 6.0.23; Microsoft Windows 10.0.22621)",
        "x-ms-client-request-id": "48f636ab97c5a243b36c7943c47acb79",
        "x-ms-return-client-request-id": "true"
      },
      "RequestBody": null,
      "StatusCode": 200,
      "ResponseHeaders": {
        "Cache-Control": "no-cache",
        "client-request-id": "48f636ab-97c5-a243-b36c-7943c47acb79",
        "Content-Length": "731",
        "Content-Type": "application/json; charset=utf-8",
        "Date": "Fri, 20 Oct 2023 11:01:33 GMT",
        "elapsed-time": "173",
        "ETag": "W/\u0022datetime\u00272023-10-20T10%3A45%3A19.6758277Z\u0027\u0022",
        "Expires": "-1",
        "Pragma": "no-cache",
        "request-id": "48f636ab-97c5-a243-b36c-7943c47acb79",
        "Strict-Transport-Security": "max-age=31536000; includeSubDomains",
        "Vary": "Accept-Encoding",
        "X-Content-Type-Options": "nosniff",
        "x-ms-client-request-id": "48f636ab-97c5-a243-b36c-7943c47acb79",
        "x-ms-correlation-request-id": "5e70ddba-8438-480e-888f-9e4a6bdca426",
        "x-ms-ratelimit-remaining-subscription-reads": "11870",
        "x-ms-request-id": "48f636ab-97c5-a243-b36c-7943c47acb79",
        "x-ms-routing-request-id": "EASTUS2EUAP:20231020T110134Z:5e70ddba-8438-480e-888f-9e4a6bdca426"
      },
      "ResponseBody": {
        "id": "/subscriptions/c4a547de-4411-4447-964d-1edbc72cf116/resourceGroups/sdk-test3863/providers/Microsoft.Search/searchServices/search2185",
        "name": "search2185",
        "type": "Microsoft.Search/searchServices",
        "location": "East US 2 EUAP",
        "tags": {},
        "properties": {
          "replicaCount": 3,
          "partitionCount": 1,
          "status": "running",
          "statusDetails": "",
          "provisioningState": "succeeded",
          "hostingMode": "default",
          "publicNetworkAccess": "Enabled",
          "networkRuleSet": {
            "ipRules": [],
            "bypass": "None"
          },
          "privateEndpointConnections": [],
          "sharedPrivateLinkResources": [],
          "encryptionWithCmk": {
            "enforcement": "Unspecified",
            "encryptionComplianceStatus": "Compliant"
          },
          "disableLocalAuth": false,
          "authOptions": {
            "apiKeyOnly": {}
          },
          "semanticSearch": "disabled"
        },
        "sku": {
          "name": "standard"
        }
      }
    },
    {
      "RequestUri": "https://eastus2euap.management.azure.com/subscriptions/c4a547de-4411-4447-964d-1edbc72cf116/resourceGroups/sdk-test3863/providers/Microsoft.Search/searchServices/search2185?api-version=2023-11-01",
      "RequestMethod": "GET",
      "RequestHeaders": {
        "Accept": "application/json",
        "Authorization": "Sanitized",
        "traceparent": "00-d1dc9f69c8b225fec18162fa40478743-0e27883069b40dc3-00",
        "User-Agent": "azsdk-net-ResourceManager.Search/1.2.0-alpha.20231019.1 (.NET 6.0.23; Microsoft Windows 10.0.22621)",
        "x-ms-client-request-id": "5a01da492ba4ab5c0fc847749d67b59e",
        "x-ms-return-client-request-id": "true"
      },
      "RequestBody": null,
      "StatusCode": 200,
      "ResponseHeaders": {
        "Cache-Control": "no-cache",
        "client-request-id": "5a01da49-2ba4-ab5c-0fc8-47749d67b59e",
        "Content-Length": "731",
        "Content-Type": "application/json; charset=utf-8",
        "Date": "Fri, 20 Oct 2023 11:01:33 GMT",
        "elapsed-time": "159",
        "ETag": "W/\u0022datetime\u00272023-10-20T10%3A45%3A19.6758277Z\u0027\u0022",
        "Expires": "-1",
        "Pragma": "no-cache",
        "request-id": "5a01da49-2ba4-ab5c-0fc8-47749d67b59e",
        "Strict-Transport-Security": "max-age=31536000; includeSubDomains",
        "Vary": "Accept-Encoding",
        "X-Content-Type-Options": "nosniff",
        "x-ms-client-request-id": "5a01da49-2ba4-ab5c-0fc8-47749d67b59e",
        "x-ms-correlation-request-id": "808822ef-7a75-4b0d-9843-0ca074a2d98b",
        "x-ms-ratelimit-remaining-subscription-reads": "11869",
        "x-ms-request-id": "5a01da49-2ba4-ab5c-0fc8-47749d67b59e",
        "x-ms-routing-request-id": "EASTUS2EUAP:20231020T110134Z:808822ef-7a75-4b0d-9843-0ca074a2d98b"
      },
      "ResponseBody": {
        "id": "/subscriptions/c4a547de-4411-4447-964d-1edbc72cf116/resourceGroups/sdk-test3863/providers/Microsoft.Search/searchServices/search2185",
        "name": "search2185",
        "type": "Microsoft.Search/searchServices",
        "location": "East US 2 EUAP",
        "tags": {},
        "properties": {
          "replicaCount": 3,
          "partitionCount": 1,
          "status": "running",
          "statusDetails": "",
          "provisioningState": "succeeded",
          "hostingMode": "default",
          "publicNetworkAccess": "Enabled",
          "networkRuleSet": {
            "ipRules": [],
            "bypass": "None"
          },
          "privateEndpointConnections": [],
          "sharedPrivateLinkResources": [],
          "encryptionWithCmk": {
            "enforcement": "Unspecified",
            "encryptionComplianceStatus": "Compliant"
          },
          "disableLocalAuth": false,
          "authOptions": {
            "apiKeyOnly": {}
          },
          "semanticSearch": "disabled"
        },
        "sku": {
          "name": "standard"
        }
      }
    }
  ],
  "Variables": {
    "AZURE_AUTHORITY_HOST": "https://login.microsoftonline.com",
    "RandomSeed": "542867481",
    "RESOURCE_MANAGER_URL": "https://eastus2euap.management.azure.com",
    "SERVICE_MANAGEMENT_URL": "https://management.azure.com",
    "SUBSCRIPTION_ID": "c4a547de-4411-4447-964d-1edbc72cf116"
  }
}
