{
  "Entries": [
    {
      "RequestUri": "https://tb0f745ebb7bfae58hsm.managedhsm.azure.net/providers/Microsoft.Authorization/roleDefinitions/4042dea9-17da-27b2-a64b-de34cc0197e8?api-version=7.6-preview.1",
      "RequestMethod": "PUT",
      "RequestHeaders": {
        "Accept": "application/json",
        "Content-Length": "0",
        "traceparent": "00-2bd1343d87e816200a75fd06690d8771-5575fca6e9460930-00",
        "User-Agent": "azsdk-net-Security.KeyVault.Administration/4.5.0-alpha.20240821.1 (.NET 8.0.8; Microsoft Windows 10.0.22631)",
        "x-ms-client-request-id": "Sanitized",
        "x-ms-return-client-request-id": "true"
      },
      "RequestBody": null,
      "StatusCode": 401,
      "ResponseHeaders": {
        "Cache-Control": "no-cache",
        "Content-Length": "0",
        "Content-Security-Policy": "default-src 'self'",
        "Content-Type": "application/json; charset=utf-8",
        "Strict-Transport-Security": "max-age=31536000; includeSubDomains",
        "WWW-Authenticate": "Bearer authorization=\"https://login.microsoftonline.com/72f988bf-86f1-41af-91ab-2d7cd011db47\", resource=\"https://managedhsm.azure.net\"",
        "X-Content-Type-Options": "nosniff",
        "X-Frame-Options": "SAMEORIGIN",
        "x-ms-request-id": "c45d98a0-600d-11ef-a767-6045bd1b1e19",
        "x-ms-server-latency": "0"
      },
      "ResponseBody": null
    },
    {
      "RequestUri": "https://tb0f745ebb7bfae58hsm.managedhsm.azure.net/providers/Microsoft.Authorization/roleDefinitions/4042dea9-17da-27b2-a64b-de34cc0197e8?api-version=7.6-preview.1",
      "RequestMethod": "PUT",
      "RequestHeaders": {
        "Accept": "application/json",
        "Authorization": "Sanitized",
        "Content-Length": "244",
        "Content-Type": "application/json",
        "traceparent": "00-2bd1343d87e816200a75fd06690d8771-5575fca6e9460930-00",
        "User-Agent": "azsdk-net-Security.KeyVault.Administration/4.5.0-alpha.20240821.1 (.NET 8.0.8; Microsoft Windows 10.0.22631)",
        "x-ms-client-request-id": "Sanitized",
        "x-ms-return-client-request-id": "true"
      },
      "RequestBody": {
        "properties": {
          "roleName": "Managed HSM Data Decryptor",
          "description": "Can only decrypt data using the private key stored in Managed HSM",
          "type": "CustomRole",
          "permissions": [
            {
              "dataActions": [
                "Microsoft.KeyVault/managedHsm/keys/decrypt/action"
              ]
            }
          ]
        }
      },
      "StatusCode": 201,
      "ResponseHeaders": {
        "Cache-Control": "no-cache",
        "Content-Length": "526",
        "Content-Security-Policy": "default-src 'self'",
        "Content-Type": "application/json; charset=utf-8",
        "Strict-Transport-Security": "max-age=31536000; includeSubDomains",
        "X-Content-Type-Options": "nosniff",
        "X-Frame-Options": "SAMEORIGIN",
        "x-ms-keyvault-network-info": "conn_type=Ipv4;addr=50.175.105.250;act_addr_fam=Ipv4;",
        "x-ms-keyvault-region": "francecentral",
        "x-ms-request-id": "ce284efc-600d-11ef-a767-6045bd1b1e19",
        "x-ms-server-latency": "21"
      },
      "ResponseBody": {
        "id": "Microsoft.KeyVault/providers/Microsoft.Authorization/roleDefinitions/4042dea9-17da-27b2-a64b-de34cc0197e8",
        "name": "4042dea9-17da-27b2-a64b-de34cc0197e8",
        "properties": {
          "assignableScopes": [
            "/"
          ],
          "description": "Can only decrypt data using the private key stored in Managed HSM",
          "permissions": [
            {
              "actions": [],
              "dataActions": [
                "Microsoft.KeyVault/managedHsm/keys/decrypt/action"
              ],
              "notActions": [],
              "notDataActions": []
            }
          ],
          "roleName": "Managed HSM Data Decryptor",
          "type": "CustomRole"
        },
        "type": "Microsoft.Authorization/roleDefinitions"
      }
    },
    {
      "RequestUri": "https://tb0f745ebb7bfae58hsm.managedhsm.azure.net/providers/Microsoft.Authorization/roleDefinitions/4042dea9-17da-27b2-a64b-de34cc0197e8?api-version=7.6-preview.1",
      "RequestMethod": "GET",
      "RequestHeaders": {
        "Accept": "application/json",
        "Authorization": "Sanitized",
        "traceparent": "00-8de5d1a80ef2389f0f8f8948c8d5e91c-d9cfae5f880b7d3a-00",
        "User-Agent": "azsdk-net-Security.KeyVault.Administration/4.5.0-alpha.20240821.1 (.NET 8.0.8; Microsoft Windows 10.0.22631)",
        "x-ms-client-request-id": "Sanitized",
        "x-ms-return-client-request-id": "true"
      },
      "RequestBody": null,
      "StatusCode": 200,
      "ResponseHeaders": {
        "Cache-Control": "no-cache",
        "Content-Length": "526",
        "Content-Security-Policy": "default-src 'self'",
        "Content-Type": "application/json; charset=utf-8",
        "Strict-Transport-Security": "max-age=31536000; includeSubDomains",
        "X-Content-Type-Options": "nosniff",
        "X-Frame-Options": "SAMEORIGIN",
        "x-ms-build-version": "1.0.20240802-2-f8ce6e35-develop",
        "x-ms-keyvault-network-info": "conn_type=Ipv4;addr=50.175.105.250;act_addr_fam=Ipv4;",
        "x-ms-keyvault-region": "francecentral",
        "x-ms-request-id": "ce42bd1e-600d-11ef-a767-6045bd1b1e19",
        "x-ms-server-latency": "0"
      },
      "ResponseBody": {
        "id": "Microsoft.KeyVault/providers/Microsoft.Authorization/roleDefinitions/4042dea9-17da-27b2-a64b-de34cc0197e8",
        "name": "4042dea9-17da-27b2-a64b-de34cc0197e8",
        "properties": {
          "assignableScopes": [
            "/"
          ],
          "description": "Can only decrypt data using the private key stored in Managed HSM",
          "permissions": [
            {
              "actions": [],
              "dataActions": [
                "Microsoft.KeyVault/managedHsm/keys/decrypt/action"
              ],
              "notActions": [],
              "notDataActions": []
            }
          ],
          "roleName": "Managed HSM Data Decryptor",
          "type": "CustomRole"
        },
        "type": "Microsoft.Authorization/roleDefinitions"
      }
    },
    {
      "RequestUri": "https://tb0f745ebb7bfae58hsm.managedhsm.azure.net/providers/Microsoft.Authorization/roleDefinitions/4042dea9-17da-27b2-a64b-de34cc0197e8?api-version=7.6-preview.1",
      "RequestMethod": "DELETE",
      "RequestHeaders": {
        "Accept": "application/json",
        "Authorization": "Sanitized",
        "traceparent": "00-e14a7021ecd4e2c84b7c370c77c43541-30c4270253248175-00",
        "User-Agent": "azsdk-net-Security.KeyVault.Administration/4.5.0-alpha.20240821.1 (.NET 8.0.8; Microsoft Windows 10.0.22631)",
        "x-ms-client-request-id": "Sanitized",
        "x-ms-return-client-request-id": "true"
      },
      "RequestBody": null,
      "StatusCode": 200,
      "ResponseHeaders": {
        "Cache-Control": "no-cache",
        "Content-Length": "526",
        "Content-Security-Policy": "default-src 'self'",
        "Content-Type": "application/json; charset=utf-8",
        "Strict-Transport-Security": "max-age=31536000; includeSubDomains",
        "X-Content-Type-Options": "nosniff",
        "X-Frame-Options": "SAMEORIGIN",
        "x-ms-keyvault-network-info": "conn_type=Ipv4;addr=50.175.105.250;act_addr_fam=Ipv4;",
        "x-ms-keyvault-region": "francecentral",
        "x-ms-request-id": "ce5a16bc-600d-11ef-a767-6045bd1b1e19",
        "x-ms-server-latency": "18"
      },
      "ResponseBody": {
        "id": "Microsoft.KeyVault/providers/Microsoft.Authorization/roleDefinitions/4042dea9-17da-27b2-a64b-de34cc0197e8",
        "name": "4042dea9-17da-27b2-a64b-de34cc0197e8",
        "properties": {
          "assignableScopes": [
            "/"
          ],
          "description": "Can only decrypt data using the private key stored in Managed HSM",
          "permissions": [
            {
              "actions": [],
              "dataActions": [
                "Microsoft.KeyVault/managedHsm/keys/decrypt/action"
              ],
              "notActions": [],
              "notDataActions": []
            }
          ],
          "roleName": "Managed HSM Data Decryptor",
          "type": "CustomRole"
        },
        "type": "Microsoft.Authorization/roleDefinitions"
      }
    }
  ],
  "Variables": {
    "AZURE_MANAGEDHSM_URL": "https://tb0f745ebb7bfae58hsm.managedhsm.azure.net/",
    "CLIENT_OBJECTID": "85e76fba-508b-4642-8f2e-6d5ea530ba6f",
    "RandomSeed": "1004174189"
  }
}
