{
  "Entries": [
    {
      "RequestUri": "https://seanhnscanada.blob.core.windows.net/test-filesystem-4e78976d-6ac8-be0f-b469-0335aa4bce8e?restype=container",
      "RequestMethod": "PUT",
      "RequestHeaders": {
        "Accept": "application/xml",
        "Authorization": "Sanitized",
        "Content-Length": "0",
        "traceparent": "00-5e8ad817f9db028d6439210093794291-7fd91c526e4a9a7e-00",
        "User-Agent": "azsdk-net-Storage.Files.DataLake/12.19.0-alpha.20240606.1 (.NET 7.0.20; Microsoft Windows 10.0.22631)",
        "x-ms-client-request-id": "Sanitized",
        "x-ms-date": "Thu, 06 Jun 2024 22:37:41 GMT",
        "x-ms-return-client-request-id": "true",
        "x-ms-version": "2024-08-04"
      },
      "RequestBody": null,
      "StatusCode": 201,
      "ResponseHeaders": {
        "Content-Length": "0",
        "Date": "Thu, 06 Jun 2024 22:37:41 GMT",
        "ETag": "\"0x8DC8679477C1669\"",
        "Last-Modified": "Thu, 06 Jun 2024 22:37:42 GMT",
        "Server": [
          "Windows-Azure-Blob/1.0",
          "Microsoft-HTTPAPI/2.0"
        ],
        "x-ms-client-request-id": "Sanitized",
        "x-ms-request-id": "047562e3-201e-000b-5062-b884d9000000",
        "x-ms-version": "2024-08-04"
      },
      "ResponseBody": null
    },
    {
      "RequestUri": "https://seanhnscanada.dfs.core.windows.net/test-filesystem-4e78976d-6ac8-be0f-b469-0335aa4bce8e/test-blob-d5fde7c1-4b8e-72d4-9380-d943a9c67b63?resource=file",
      "RequestMethod": "PUT",
      "RequestHeaders": {
        "Accept": "application/json",
        "Authorization": "Sanitized",
        "Content-Length": "0",
        "traceparent": "00-c60406c42fe0d64aa64f97ab30fc495e-bdf0b097613580d1-00",
        "User-Agent": "azsdk-net-Storage.Files.DataLake/12.19.0-alpha.20240606.1 (.NET 7.0.20; Microsoft Windows 10.0.22631)",
        "x-ms-client-request-id": "Sanitized",
        "x-ms-date": "Thu, 06 Jun 2024 22:37:41 GMT",
        "x-ms-return-client-request-id": "true",
        "x-ms-version": "2024-08-04"
      },
      "RequestBody": null,
      "StatusCode": 201,
      "ResponseHeaders": {
        "Content-Length": "0",
        "Date": "Thu, 06 Jun 2024 22:37:42 GMT",
        "ETag": "\"0x8DC867947A5E0B8\"",
        "Last-Modified": "Thu, 06 Jun 2024 22:37:43 GMT",
        "Server": [
          "Windows-Azure-HDFS/1.0",
          "Microsoft-HTTPAPI/2.0"
        ],
        "x-ms-client-request-id": "Sanitized",
        "x-ms-request-id": "58ecbf7a-501f-0011-5362-b8e506000000",
        "x-ms-request-server-encrypted": "true",
        "x-ms-version": "2024-08-04"
      },
      "ResponseBody": null
    },
    {
      "RequestUri": "https://seanhnscanada.dfs.core.windows.net/test-filesystem-4e78976d-6ac8-be0f-b469-0335aa4bce8e/test-blob-d5fde7c1-4b8e-72d4-9380-d943a9c67b63?action=append&position=0",
      "RequestMethod": "PATCH",
      "RequestHeaders": {
        "Accept": "application/json",
        "Authorization": "Sanitized",
        "Content-Length": "1024",
        "Content-Type": "application/octet-stream",
        "User-Agent": "azsdk-net-Storage.Files.DataLake/12.19.0-alpha.20240606.1 (.NET 7.0.20; Microsoft Windows 10.0.22631)",
        "x-ms-client-request-id": "Sanitized",
        "x-ms-date": "Thu, 06 Jun 2024 22:37:41 GMT",
        "x-ms-return-client-request-id": "true",
        "x-ms-version": "2024-08-04"
      },
      "RequestBody": "X6gvS4qYxiDn0ui1E0XbeqcC3HQ/lCURMvMzArNvOGZR0Ws5CnZ2wG/qUpX8FEonnx+ZaiJNRcqCHRmXZcRtd5qBY0Haom8wjBsEVUGQFB2oDGKU1s1EBIygt+1d3lqqfNv6e7AJTP2waN0HSPCI8gj77lli2aDNPV60OeuC067AWthllZltnr9k5G7vPbycGMTkYfABSKM7LT1RVBISLZUvRu4YIlxujk+Z/vUy3QCiGCEmnXG+vxE0KmhbG0qsUbbZv/bOhPZnddOgZ0muCU89rzvx7JAjcYbc4/j0E3MF7Kw/WR0J05QrvyeeHVfHhiEYHmsOu2UltU5v8qD9c2Jgmnqcb7AxNNunxi1ohFMvFF3W2/QH9jFHGaPPmeHzLUvFPoPdKhdx5+mQZvQ4vDD6QN1DJ5dtWaNIVVUMYpr5s5nho0bQUulGZfQKdpA9D1xy1FgDsAa0V+TflNXBZIVPlrJbVxnqKu70/MGiYuITC0b4mo1C9QOTLExh8b0ThAFvu9/d4rdDiKpqD7NEEfQCy4iPyMr3DaGvxyrNiDkw4Hi/M6YCNimOtRLi1+ZPThpXXyU1hLs3d64+LRqNdv9xOS47hd5N/5VfABO3FTW7X3kQdSgT+1u8iLv4xAgOAT4ScJ63FMk8CWCP1YSnf2F5g86gfAHWXT3TfvwiVTuNUP7VpaWWA0qw1GvIgyXXFAlZfkA5boQ9OxJh5JbMGbMlAoWF0tq843+D8KiVDtoX+2nzyNf6U+J6mGmSNR+047q3o4GgUkIvnZvBtX3cqC04Segs2VDcKq+iCzpwKq5fzw3u3WpYd6knwys8OZ1knu87Wew3iAlp23jS/UcHvnLtYeZw7crD39E/BBUloPERPm1KNNDBKEYDhALxhnpiHwW4T9e39LAleHoa+ITzRDqHwL/ZvYqiKzifbWnI0VlW3OQQbFEZWkm8JbxWpjDCD0DHaca7iGJ6FiOeF4dGXKYgwxuf49fobWV1HZjOS4QI3F0pAGeTm1SClVYtekPCdsgVNeIUIyxo3vxgRWvJrMqfljopHVw+jSfHHU2Bu/Mis6bQuBWh87kxwCFrMlbpuOmLjuQImFhr1qi7TQbf5yMJPZHE+fS1/aKA+F0601rR3mRk9iwOGRtOZOFt5qazUtj+YvTFJL/01pBBiKD7MQNN6W+ie/H3+iR2dpQSRxf8zKWEPHBmC7mkbx+bzJF7UjPeIPw2EdfnBmjQTq0r4o55Rbv6dvSS5922/gzRWy2T+yNgMyYaxbvOnTUIlb0LeIyRIobVgNw/SzkegBPLFas6PVOKyq5oXn8AK9i+ilEgqoV/QDmmvXpHIejs+0WnA4iKzldpga3dKMMH1VQEgA==",
      "StatusCode": 202,
      "ResponseHeaders": {
        "Content-Length": "0",
        "Date": "Thu, 06 Jun 2024 22:37:42 GMT",
        "Server": [
          "Windows-Azure-HDFS/1.0",
          "Microsoft-HTTPAPI/2.0"
        ],
        "x-ms-client-request-id": "Sanitized",
        "x-ms-request-id": "58ecbf8c-501f-0011-6562-b8e506000000",
        "x-ms-request-server-encrypted": "true",
        "x-ms-version": "2024-08-04"
      },
      "ResponseBody": null
    },
    {
      "RequestUri": "https://seanhnscanada.dfs.core.windows.net/test-filesystem-4e78976d-6ac8-be0f-b469-0335aa4bce8e/test-blob-d5fde7c1-4b8e-72d4-9380-d943a9c67b63?action=flush&position=1024",
      "RequestMethod": "PATCH",
      "RequestHeaders": {
        "Accept": "application/json",
        "Authorization": "Sanitized",
        "Content-Length": "0",
        "If-Match": "\"0x8DC867947A5E0B8\"",
        "User-Agent": "azsdk-net-Storage.Files.DataLake/12.19.0-alpha.20240606.1 (.NET 7.0.20; Microsoft Windows 10.0.22631)",
        "x-ms-client-request-id": "Sanitized",
        "x-ms-date": "Thu, 06 Jun 2024 22:37:41 GMT",
        "x-ms-return-client-request-id": "true",
        "x-ms-version": "2024-08-04"
      },
      "RequestBody": null,
      "StatusCode": 200,
      "ResponseHeaders": {
        "Content-Length": "0",
        "Date": "Thu, 06 Jun 2024 22:37:42 GMT",
        "ETag": "\"0x8DC867947BBAB20\"",
        "Last-Modified": "Thu, 06 Jun 2024 22:37:43 GMT",
        "Server": [
          "Windows-Azure-HDFS/1.0",
          "Microsoft-HTTPAPI/2.0"
        ],
        "x-ms-client-request-id": "Sanitized",
        "x-ms-request-id": "58ecbf9a-501f-0011-7362-b8e506000000",
        "x-ms-request-server-encrypted": "false",
        "x-ms-version": "2024-08-04"
      },
      "ResponseBody": null
    },
    {
      "RequestUri": "https://seanhnscanada.blob.core.windows.net/test-filesystem-4e78976d-6ac8-be0f-b469-0335aa4bce8e/test-blob-d5fde7c1-4b8e-72d4-9380-d943a9c67b63",
      "RequestMethod": "HEAD",
      "RequestHeaders": {
        "Accept": "application/xml",
        "Authorization": "Sanitized",
        "traceparent": "00-5b6bfb1218dc64beee5681bcefe6e39c-637b96093a171473-00",
        "User-Agent": "azsdk-net-Storage.Files.DataLake/12.19.0-alpha.20240606.1 (.NET 7.0.20; Microsoft Windows 10.0.22631)",
        "x-ms-client-request-id": "Sanitized",
        "x-ms-date": "Thu, 06 Jun 2024 22:37:41 GMT",
        "x-ms-return-client-request-id": "true",
        "x-ms-version": "2024-08-04"
      },
      "RequestBody": null,
      "StatusCode": 200,
      "ResponseHeaders": {
        "Accept-Ranges": "bytes",
        "Content-Length": "1024",
        "Content-Type": "application/octet-stream",
        "Date": "Thu, 06 Jun 2024 22:37:42 GMT",
        "ETag": "\"0x8DC867947BBAB20\"",
        "Last-Modified": "Thu, 06 Jun 2024 22:37:43 GMT",
        "Server": [
          "Windows-Azure-Blob/1.0",
          "Microsoft-HTTPAPI/2.0"
        ],
        "x-ms-access-tier": "Hot",
        "x-ms-access-tier-inferred": "true",
        "x-ms-acl": "user::rw-,group::r--,other::---",
        "x-ms-blob-type": "BlockBlob",
        "x-ms-client-request-id": "Sanitized",
        "x-ms-creation-time": "Thu, 06 Jun 2024 22:37:43 GMT",
        "x-ms-group": "$superuser",
        "x-ms-lease-state": "available",
        "x-ms-lease-status": "unlocked",
        "x-ms-owner": "$superuser",
        "x-ms-permissions": "rw-r-----",
        "x-ms-request-id": "0475649a-201e-000b-6362-b884d9000000",
        "x-ms-resource-type": "file",
        "x-ms-server-encrypted": "true",
        "x-ms-version": "2024-08-04"
      },
      "ResponseBody": null
    },
    {
      "RequestUri": "https://seanhnscanada.blob.core.windows.net/test-filesystem-4e78976d-6ac8-be0f-b469-0335aa4bce8e/test-blob-d5fde7c1-4b8e-72d4-9380-d943a9c67b63",
      "RequestMethod": "GET",
      "RequestHeaders": {
        "Accept": "application/xml",
        "Authorization": "Sanitized",
        "If-Match": "\"0x8DC867947BBAB20\"",
        "User-Agent": "azsdk-net-Storage.Files.DataLake/12.19.0-alpha.20240606.1 (.NET 7.0.20; Microsoft Windows 10.0.22631)",
        "x-ms-client-request-id": "Sanitized",
        "x-ms-date": "Thu, 06 Jun 2024 22:37:41 GMT",
        "x-ms-range": "bytes=0-127",
        "x-ms-return-client-request-id": "true",
        "x-ms-version": "2024-08-04"
      },
      "RequestBody": null,
      "StatusCode": 206,
      "ResponseHeaders": {
        "Accept-Ranges": "bytes",
        "Content-Length": "128",
        "Content-Range": "bytes 0-127/1024",
        "Content-Type": "application/octet-stream",
        "Date": "Thu, 06 Jun 2024 22:37:42 GMT",
        "ETag": "\"0x8DC867947BBAB20\"",
        "Last-Modified": "Thu, 06 Jun 2024 22:37:43 GMT",
        "Server": [
          "Windows-Azure-Blob/1.0",
          "Microsoft-HTTPAPI/2.0"
        ],
        "x-ms-acl": "user::rw-,group::r--,other::---",
        "x-ms-blob-type": "BlockBlob",
        "x-ms-client-request-id": "Sanitized",
        "x-ms-creation-time": "Thu, 06 Jun 2024 22:37:43 GMT",
        "x-ms-group": "$superuser",
        "x-ms-lease-state": "available",
        "x-ms-lease-status": "unlocked",
        "x-ms-owner": "$superuser",
        "x-ms-permissions": "rw-r-----",
        "x-ms-request-id": "047564dd-201e-000b-2062-b884d9000000",
        "x-ms-resource-type": "file",
        "x-ms-server-encrypted": "true",
        "x-ms-version": "2024-08-04"
      },
      "ResponseBody": "X6gvS4qYxiDn0ui1E0XbeqcC3HQ/lCURMvMzArNvOGZR0Ws5CnZ2wG/qUpX8FEonnx+ZaiJNRcqCHRmXZcRtd5qBY0Haom8wjBsEVUGQFB2oDGKU1s1EBIygt+1d3lqqfNv6e7AJTP2waN0HSPCI8gj77lli2aDNPV60OeuC064="
    },
    {
      "RequestUri": "https://seanhnscanada.blob.core.windows.net/test-filesystem-4e78976d-6ac8-be0f-b469-0335aa4bce8e/test-blob-d5fde7c1-4b8e-72d4-9380-d943a9c67b63",
      "RequestMethod": "GET",
      "RequestHeaders": {
        "Accept": "application/xml",
        "Authorization": "Sanitized",
        "If-Match": "\"0x8DC867947BBAB20\"",
        "User-Agent": "azsdk-net-Storage.Files.DataLake/12.19.0-alpha.20240606.1 (.NET 7.0.20; Microsoft Windows 10.0.22631)",
        "x-ms-client-request-id": "Sanitized",
        "x-ms-date": "Thu, 06 Jun 2024 22:37:41 GMT",
        "x-ms-range": "bytes=128-255",
        "x-ms-return-client-request-id": "true",
        "x-ms-version": "2024-08-04"
      },
      "RequestBody": null,
      "StatusCode": 206,
      "ResponseHeaders": {
        "Accept-Ranges": "bytes",
        "Content-Length": "128",
        "Content-Range": "bytes 128-255/1024",
        "Content-Type": "application/octet-stream",
        "Date": "Thu, 06 Jun 2024 22:37:42 GMT",
        "ETag": "\"0x8DC867947BBAB20\"",
        "Last-Modified": "Thu, 06 Jun 2024 22:37:43 GMT",
        "Server": [
          "Windows-Azure-Blob/1.0",
          "Microsoft-HTTPAPI/2.0"
        ],
        "x-ms-acl": "user::rw-,group::r--,other::---",
        "x-ms-blob-type": "BlockBlob",
        "x-ms-client-request-id": "Sanitized",
        "x-ms-creation-time": "Thu, 06 Jun 2024 22:37:43 GMT",
        "x-ms-group": "$superuser",
        "x-ms-lease-state": "available",
        "x-ms-lease-status": "unlocked",
        "x-ms-owner": "$superuser",
        "x-ms-permissions": "rw-r-----",
        "x-ms-request-id": "04756528-201e-000b-5e62-b884d9000000",
        "x-ms-resource-type": "file",
        "x-ms-server-encrypted": "true",
        "x-ms-version": "2024-08-04"
      },
      "ResponseBody": "wFrYZZWZbZ6/ZORu7z28nBjE5GHwAUijOy09UVQSEi2VL0buGCJcbo5Pmf71Mt0AohghJp1xvr8RNCpoWxtKrFG22b/2zoT2Z3XToGdJrglPPa878eyQI3GG3OP49BNzBeysP1kdCdOUK78nnh1Xx4YhGB5rDrtlJbVOb/Kg/XM="
    },
    {
      "RequestUri": "https://seanhnscanada.blob.core.windows.net/test-filesystem-4e78976d-6ac8-be0f-b469-0335aa4bce8e/test-blob-d5fde7c1-4b8e-72d4-9380-d943a9c67b63",
      "RequestMethod": "GET",
      "RequestHeaders": {
        "Accept": "application/xml",
        "Authorization": "Sanitized",
        "If-Match": "\"0x8DC867947BBAB20\"",
        "User-Agent": "azsdk-net-Storage.Files.DataLake/12.19.0-alpha.20240606.1 (.NET 7.0.20; Microsoft Windows 10.0.22631)",
        "x-ms-client-request-id": "Sanitized",
        "x-ms-date": "Thu, 06 Jun 2024 22:37:41 GMT",
        "x-ms-range": "bytes=256-383",
        "x-ms-return-client-request-id": "true",
        "x-ms-version": "2024-08-04"
      },
      "RequestBody": null,
      "StatusCode": 206,
      "ResponseHeaders": {
        "Accept-Ranges": "bytes",
        "Content-Length": "128",
        "Content-Range": "bytes 256-383/1024",
        "Content-Type": "application/octet-stream",
        "Date": "Thu, 06 Jun 2024 22:37:42 GMT",
        "ETag": "\"0x8DC867947BBAB20\"",
        "Last-Modified": "Thu, 06 Jun 2024 22:37:43 GMT",
        "Server": [
          "Windows-Azure-Blob/1.0",
          "Microsoft-HTTPAPI/2.0"
        ],
        "x-ms-acl": "user::rw-,group::r--,other::---",
        "x-ms-blob-type": "BlockBlob",
        "x-ms-client-request-id": "Sanitized",
        "x-ms-creation-time": "Thu, 06 Jun 2024 22:37:43 GMT",
        "x-ms-group": "$superuser",
        "x-ms-lease-state": "available",
        "x-ms-lease-status": "unlocked",
        "x-ms-owner": "$superuser",
        "x-ms-permissions": "rw-r-----",
        "x-ms-request-id": "04756564-201e-000b-1662-b884d9000000",
        "x-ms-resource-type": "file",
        "x-ms-server-encrypted": "true",
        "x-ms-version": "2024-08-04"
      },
      "ResponseBody": "YmCaepxvsDE026fGLWiEUy8UXdbb9Af2MUcZo8+Z4fMtS8U+g90qF3Hn6ZBm9Di8MPpA3UMnl21Zo0hVVQximvmzmeGjRtBS6UZl9Ap2kD0PXHLUWAOwBrRX5N+U1cFkhU+WsltXGeoq7vT8waJi4hMLRviajUL1A5MsTGHxvRM="
    },
    {
      "RequestUri": "https://seanhnscanada.blob.core.windows.net/test-filesystem-4e78976d-6ac8-be0f-b469-0335aa4bce8e/test-blob-d5fde7c1-4b8e-72d4-9380-d943a9c67b63",
      "RequestMethod": "GET",
      "RequestHeaders": {
        "Accept": "application/xml",
        "Authorization": "Sanitized",
        "If-Match": "\"0x8DC867947BBAB20\"",
        "User-Agent": "azsdk-net-Storage.Files.DataLake/12.19.0-alpha.20240606.1 (.NET 7.0.20; Microsoft Windows 10.0.22631)",
        "x-ms-client-request-id": "Sanitized",
        "x-ms-date": "Thu, 06 Jun 2024 22:37:42 GMT",
        "x-ms-range": "bytes=384-511",
        "x-ms-return-client-request-id": "true",
        "x-ms-version": "2024-08-04"
      },
      "RequestBody": null,
      "StatusCode": 206,
      "ResponseHeaders": {
        "Accept-Ranges": "bytes",
        "Content-Length": "128",
        "Content-Range": "bytes 384-511/1024",
        "Content-Type": "application/octet-stream",
        "Date": "Thu, 06 Jun 2024 22:37:42 GMT",
        "ETag": "\"0x8DC867947BBAB20\"",
        "Last-Modified": "Thu, 06 Jun 2024 22:37:43 GMT",
        "Server": [
          "Windows-Azure-Blob/1.0",
          "Microsoft-HTTPAPI/2.0"
        ],
        "x-ms-acl": "user::rw-,group::r--,other::---",
        "x-ms-blob-type": "BlockBlob",
        "x-ms-client-request-id": "Sanitized",
        "x-ms-creation-time": "Thu, 06 Jun 2024 22:37:43 GMT",
        "x-ms-group": "$superuser",
        "x-ms-lease-state": "available",
        "x-ms-lease-status": "unlocked",
        "x-ms-owner": "$superuser",
        "x-ms-permissions": "rw-r-----",
        "x-ms-request-id": "047565a9-201e-000b-5262-b884d9000000",
        "x-ms-resource-type": "file",
        "x-ms-server-encrypted": "true",
        "x-ms-version": "2024-08-04"
      },
      "ResponseBody": "hAFvu9/d4rdDiKpqD7NEEfQCy4iPyMr3DaGvxyrNiDkw4Hi/M6YCNimOtRLi1+ZPThpXXyU1hLs3d64+LRqNdv9xOS47hd5N/5VfABO3FTW7X3kQdSgT+1u8iLv4xAgOAT4ScJ63FMk8CWCP1YSnf2F5g86gfAHWXT3TfvwiVTs="
    },
    {
      "RequestUri": "https://seanhnscanada.blob.core.windows.net/test-filesystem-4e78976d-6ac8-be0f-b469-0335aa4bce8e/test-blob-d5fde7c1-4b8e-72d4-9380-d943a9c67b63",
      "RequestMethod": "GET",
      "RequestHeaders": {
        "Accept": "application/xml",
        "Authorization": "Sanitized",
        "If-Match": "\"0x8DC867947BBAB20\"",
        "User-Agent": "azsdk-net-Storage.Files.DataLake/12.19.0-alpha.20240606.1 (.NET 7.0.20; Microsoft Windows 10.0.22631)",
        "x-ms-client-request-id": "Sanitized",
        "x-ms-date": "Thu, 06 Jun 2024 22:37:42 GMT",
        "x-ms-range": "bytes=512-639",
        "x-ms-return-client-request-id": "true",
        "x-ms-version": "2024-08-04"
      },
      "RequestBody": null,
      "StatusCode": 206,
      "ResponseHeaders": {
        "Accept-Ranges": "bytes",
        "Content-Length": "128",
        "Content-Range": "bytes 512-639/1024",
        "Content-Type": "application/octet-stream",
        "Date": "Thu, 06 Jun 2024 22:37:42 GMT",
        "ETag": "\"0x8DC867947BBAB20\"",
        "Last-Modified": "Thu, 06 Jun 2024 22:37:43 GMT",
        "Server": [
          "Windows-Azure-Blob/1.0",
          "Microsoft-HTTPAPI/2.0"
        ],
        "x-ms-acl": "user::rw-,group::r--,other::---",
        "x-ms-blob-type": "BlockBlob",
        "x-ms-client-request-id": "Sanitized",
        "x-ms-creation-time": "Thu, 06 Jun 2024 22:37:43 GMT",
        "x-ms-group": "$superuser",
        "x-ms-lease-state": "available",
        "x-ms-lease-status": "unlocked",
        "x-ms-owner": "$superuser",
        "x-ms-permissions": "rw-r-----",
        "x-ms-request-id": "047565f8-201e-000b-1b62-b884d9000000",
        "x-ms-resource-type": "file",
        "x-ms-server-encrypted": "true",
        "x-ms-version": "2024-08-04"
      },
      "ResponseBody": "jVD+1aWllgNKsNRryIMl1xQJWX5AOW6EPTsSYeSWzBmzJQKFhdLavON/g/ColQ7aF/tp88jX+lPiephpkjUftOO6t6OBoFJCL52bwbV93KgtOEnoLNlQ3Cqvogs6cCquX88N7t1qWHepJ8MrPDmdZJ7vO1nsN4gJadt40v1HB74="
    },
    {
      "RequestUri": "https://seanhnscanada.blob.core.windows.net/test-filesystem-4e78976d-6ac8-be0f-b469-0335aa4bce8e/test-blob-d5fde7c1-4b8e-72d4-9380-d943a9c67b63",
      "RequestMethod": "GET",
      "RequestHeaders": {
        "Accept": "application/xml",
        "Authorization": "Sanitized",
        "If-Match": "\"0x8DC867947BBAB20\"",
        "User-Agent": "azsdk-net-Storage.Files.DataLake/12.19.0-alpha.20240606.1 (.NET 7.0.20; Microsoft Windows 10.0.22631)",
        "x-ms-client-request-id": "Sanitized",
        "x-ms-date": "Thu, 06 Jun 2024 22:37:42 GMT",
        "x-ms-range": "bytes=640-767",
        "x-ms-return-client-request-id": "true",
        "x-ms-version": "2024-08-04"
      },
      "RequestBody": null,
      "StatusCode": 206,
      "ResponseHeaders": {
        "Accept-Ranges": "bytes",
        "Content-Length": "128",
        "Content-Range": "bytes 640-767/1024",
        "Content-Type": "application/octet-stream",
        "Date": "Thu, 06 Jun 2024 22:37:42 GMT",
        "ETag": "\"0x8DC867947BBAB20\"",
        "Last-Modified": "Thu, 06 Jun 2024 22:37:43 GMT",
        "Server": [
          "Windows-Azure-Blob/1.0",
          "Microsoft-HTTPAPI/2.0"
        ],
        "x-ms-acl": "user::rw-,group::r--,other::---",
        "x-ms-blob-type": "BlockBlob",
        "x-ms-client-request-id": "Sanitized",
        "x-ms-creation-time": "Thu, 06 Jun 2024 22:37:43 GMT",
        "x-ms-group": "$superuser",
        "x-ms-lease-state": "available",
        "x-ms-lease-status": "unlocked",
        "x-ms-owner": "$superuser",
        "x-ms-permissions": "rw-r-----",
        "x-ms-request-id": "04756625-201e-000b-4562-b884d9000000",
        "x-ms-resource-type": "file",
        "x-ms-server-encrypted": "true",
        "x-ms-version": "2024-08-04"
      },
      "ResponseBody": "cu1h5nDtysPf0T8EFSWg8RE+bUo00MEoRgOEAvGGemIfBbhP17f0sCV4ehr4hPNEOofAv9m9iqIrOJ9tacjRWVbc5BBsURlaSbwlvFamMMIPQMdpxruIYnoWI54Xh0ZcpiDDG5/j1+htZXUdmM5LhAjcXSkAZ5ObVIKVVi16Q8I="
    },
    {
      "RequestUri": "https://seanhnscanada.blob.core.windows.net/test-filesystem-4e78976d-6ac8-be0f-b469-0335aa4bce8e/test-blob-d5fde7c1-4b8e-72d4-9380-d943a9c67b63",
      "RequestMethod": "GET",
      "RequestHeaders": {
        "Accept": "application/xml",
        "Authorization": "Sanitized",
        "If-Match": "\"0x8DC867947BBAB20\"",
        "User-Agent": "azsdk-net-Storage.Files.DataLake/12.19.0-alpha.20240606.1 (.NET 7.0.20; Microsoft Windows 10.0.22631)",
        "x-ms-client-request-id": "Sanitized",
        "x-ms-date": "Thu, 06 Jun 2024 22:37:42 GMT",
        "x-ms-range": "bytes=768-895",
        "x-ms-return-client-request-id": "true",
        "x-ms-version": "2024-08-04"
      },
      "RequestBody": null,
      "StatusCode": 206,
      "ResponseHeaders": {
        "Accept-Ranges": "bytes",
        "Content-Length": "128",
        "Content-Range": "bytes 768-895/1024",
        "Content-Type": "application/octet-stream",
        "Date": "Thu, 06 Jun 2024 22:37:42 GMT",
        "ETag": "\"0x8DC867947BBAB20\"",
        "Last-Modified": "Thu, 06 Jun 2024 22:37:43 GMT",
        "Server": [
          "Windows-Azure-Blob/1.0",
          "Microsoft-HTTPAPI/2.0"
        ],
        "x-ms-acl": "user::rw-,group::r--,other::---",
        "x-ms-blob-type": "BlockBlob",
        "x-ms-client-request-id": "Sanitized",
        "x-ms-creation-time": "Thu, 06 Jun 2024 22:37:43 GMT",
        "x-ms-group": "$superuser",
        "x-ms-lease-state": "available",
        "x-ms-lease-status": "unlocked",
        "x-ms-owner": "$superuser",
        "x-ms-permissions": "rw-r-----",
        "x-ms-request-id": "0475666b-201e-000b-0462-b884d9000000",
        "x-ms-resource-type": "file",
        "x-ms-server-encrypted": "true",
        "x-ms-version": "2024-08-04"
      },
      "ResponseBody": "dsgVNeIUIyxo3vxgRWvJrMqfljopHVw+jSfHHU2Bu/Mis6bQuBWh87kxwCFrMlbpuOmLjuQImFhr1qi7TQbf5yMJPZHE+fS1/aKA+F0601rR3mRk9iwOGRtOZOFt5qazUtj+YvTFJL/01pBBiKD7MQNN6W+ie/H3+iR2dpQSRxc="
    },
    {
      "RequestUri": "https://seanhnscanada.blob.core.windows.net/test-filesystem-4e78976d-6ac8-be0f-b469-0335aa4bce8e/test-blob-d5fde7c1-4b8e-72d4-9380-d943a9c67b63",
      "RequestMethod": "GET",
      "RequestHeaders": {
        "Accept": "application/xml",
        "Authorization": "Sanitized",
        "If-Match": "\"0x8DC867947BBAB20\"",
        "User-Agent": "azsdk-net-Storage.Files.DataLake/12.19.0-alpha.20240606.1 (.NET 7.0.20; Microsoft Windows 10.0.22631)",
        "x-ms-client-request-id": "Sanitized",
        "x-ms-date": "Thu, 06 Jun 2024 22:37:42 GMT",
        "x-ms-range": "bytes=896-1023",
        "x-ms-return-client-request-id": "true",
        "x-ms-version": "2024-08-04"
      },
      "RequestBody": null,
      "StatusCode": 206,
      "ResponseHeaders": {
        "Accept-Ranges": "bytes",
        "Content-Length": "128",
        "Content-Range": "bytes 896-1023/1024",
        "Content-Type": "application/octet-stream",
        "Date": "Thu, 06 Jun 2024 22:37:42 GMT",
        "ETag": "\"0x8DC867947BBAB20\"",
        "Last-Modified": "Thu, 06 Jun 2024 22:37:43 GMT",
        "Server": [
          "Windows-Azure-Blob/1.0",
          "Microsoft-HTTPAPI/2.0"
        ],
        "x-ms-acl": "user::rw-,group::r--,other::---",
        "x-ms-blob-type": "BlockBlob",
        "x-ms-client-request-id": "Sanitized",
        "x-ms-creation-time": "Thu, 06 Jun 2024 22:37:43 GMT",
        "x-ms-group": "$superuser",
        "x-ms-lease-state": "available",
        "x-ms-lease-status": "unlocked",
        "x-ms-owner": "$superuser",
        "x-ms-permissions": "rw-r-----",
        "x-ms-request-id": "04756696-201e-000b-2c62-b884d9000000",
        "x-ms-resource-type": "file",
        "x-ms-server-encrypted": "true",
        "x-ms-version": "2024-08-04"
      },
      "ResponseBody": "/MylhDxwZgu5pG8fm8yRe1Iz3iD8NhHX5wZo0E6tK+KOeUW7+nb0kufdtv4M0Vstk/sjYDMmGsW7zp01CJW9C3iMkSKG1YDcP0s5HoATyxWrOj1TisquaF5/ACvYvopRIKqFf0A5pr16RyHo7PtFpwOIis5XaYGt3SjDB9VUBIA="
    },
    {
      "RequestUri": "https://seanhnscanada.blob.core.windows.net/test-filesystem-4e78976d-6ac8-be0f-b469-0335aa4bce8e?restype=container",
      "RequestMethod": "DELETE",
      "RequestHeaders": {
        "Accept": "application/xml",
        "Authorization": "Sanitized",
        "traceparent": "00-7bbdd283d925bf08b3971dd3fd111f9f-fffd7136e29399bb-00",
        "User-Agent": "azsdk-net-Storage.Files.DataLake/12.19.0-alpha.20240606.1 (.NET 7.0.20; Microsoft Windows 10.0.22631)",
        "x-ms-client-request-id": "Sanitized",
        "x-ms-date": "Thu, 06 Jun 2024 22:37:42 GMT",
        "x-ms-return-client-request-id": "true",
        "x-ms-version": "2024-08-04"
      },
      "RequestBody": null,
      "StatusCode": 202,
      "ResponseHeaders": {
        "Content-Length": "0",
        "Date": "Thu, 06 Jun 2024 22:37:42 GMT",
        "Server": [
          "Windows-Azure-Blob/1.0",
          "Microsoft-HTTPAPI/2.0"
        ],
        "x-ms-client-request-id": "Sanitized",
        "x-ms-request-id": "047566b0-201e-000b-4562-b884d9000000",
        "x-ms-version": "2024-08-04"
      },
      "ResponseBody": null
    }
  ],
  "Variables": {
    "RandomSeed": "643578142",
    "Storage_TestConfigHierarchicalNamespace": "NamespaceTenant\nseanhnscanada\nU2FuaXRpemVk\nhttps://seanhnscanada.blob.core.windows.net\nhttps://seanhnscanada.file.core.windows.net\nhttps://seanhnscanada.queue.core.windows.net\nhttps://seanhnscanada.table.core.windows.net\n\n\n\n\nhttps://seanhnscanada-secondary.blob.core.windows.net\nhttps://seanhnscanada-secondary.file.core.windows.net\nhttps://seanhnscanada-secondary.queue.core.windows.net\nhttps://seanhnscanada-secondary.table.core.windows.net\nCloud\nBlobEndpoint=https://seanhnscanada.blob.core.windows.net/;QueueEndpoint=https://seanhnscanada.queue.core.windows.net/;FileEndpoint=https://seanhnscanada.file.core.windows.net/;BlobSecondaryEndpoint=https://seanhnscanada-secondary.blob.core.windows.net/;QueueSecondaryEndpoint=https://seanhnscanada-secondary.queue.core.windows.net/;FileSecondaryEndpoint=https://seanhnscanada-secondary.file.core.windows.net/;AccountName=seanhnscanada;AccountKey=Sanitized\n\nXClient\n"
  }
}
