{
  "Entries": [
    {
      "RequestUri": "https://qrobinson-eus.cognitiveservices.azure.com/language/analyze-text/jobs?api-version=2023-11-15-preview",
      "RequestMethod": "POST",
      "RequestHeaders": {
        "Accept": "application/json",
        "Content-Length": "548",
        "Content-Type": "application/json",
        "Ocp-Apim-Subscription-Key": "Sanitized",
        "traceparent": "00-42f766b15ef3d9355b5066c0124e3f28-32dea6eee26b8008-00",
        "User-Agent": "azsdk-net-AI.Language.Text/1.0.0-alpha.20240723.1 (.NET Framework 4.8.9256.0; Microsoft Windows 10.0.22631 )",
        "x-ms-client-request-id": "Sanitized",
        "x-ms-return-client-request-id": "true"
      },
      "RequestBody": {
        "analysisInput": {
          "documents": [
            {
              "id": "A",
              "text": "We love this trail and make the trip every year. The views are breathtaking and well worth the hike! Yesterday was foggy though, so we missed the spectacular views. We tried again today and it was amazing. Everyone in my family liked the trail although it was too challenging for the less athletic among us.",
              "language": "en"
            }
          ]
        },
        "tasks": [
          {
            "parameters": {
              "projectName": "qrobinson-ct",
              "deploymentName": "ct-deployment"
            },
            "taskName": "CustomEntitiesOperationActionSample",
            "kind": "CustomEntityRecognition"
          }
        ]
      },
      "StatusCode": 202,
      "ResponseHeaders": {
        "apim-request-id": "3414a5b2-55ec-4806-9e3d-b029d904b6a6",
        "azure-deprecating": "Training config used by Deployment name qrobinson-ct and project name ct-deployment used in CustomEntityRecognition will retire on 2024-04-25. (https://aka.ms/text-analytics-deprecated-model-versions)",
        "Content-Length": "0",
        "Date": "Tue, 23 Jul 2024 15:45:36 GMT",
        "operation-location": "https://qrobinson-eus.cognitiveservices.azure.com/language/analyze-text/jobs/bf041a8f-2304-4a5c-956b-714decc8867e?api-version=2023-11-15-preview",
        "Strict-Transport-Security": "max-age=31536000; includeSubDomains; preload",
        "X-Content-Type-Options": "nosniff",
        "x-envoy-upstream-service-time": "113",
        "x-ms-region": "East US"
      },
      "ResponseBody": null
    },
    {
      "RequestUri": "https://qrobinson-eus.cognitiveservices.azure.com/language/analyze-text/jobs/bf041a8f-2304-4a5c-956b-714decc8867e?api-version=2023-11-15-preview",
      "RequestMethod": "GET",
      "RequestHeaders": {
        "Ocp-Apim-Subscription-Key": "Sanitized",
        "traceparent": "00-42f766b15ef3d9355b5066c0124e3f28-73db22551572e3d8-00",
        "User-Agent": "azsdk-net-AI.Language.Text/1.0.0-alpha.20240723.1 (.NET Framework 4.8.9256.0; Microsoft Windows 10.0.22631 )",
        "x-ms-client-request-id": "Sanitized",
        "x-ms-return-client-request-id": "true"
      },
      "RequestBody": null,
      "StatusCode": 200,
      "ResponseHeaders": {
        "apim-request-id": "3e0c8130-92ef-4542-b4ed-f4299da81f75",
        "Content-Length": "283",
        "Content-Type": "application/json; charset=utf-8",
        "Date": "Tue, 23 Jul 2024 15:45:36 GMT",
        "Strict-Transport-Security": "max-age=31536000; includeSubDomains; preload",
        "X-Content-Type-Options": "nosniff",
        "x-envoy-upstream-service-time": "7",
        "x-ms-region": "East US"
      },
      "ResponseBody": {
        "jobId": "bf041a8f-2304-4a5c-956b-714decc8867e",
        "lastUpdatedDateTime": "2024-07-23T15:45:36Z",
        "createdDateTime": "2024-07-23T15:45:36Z",
        "expirationDateTime": "2024-07-24T15:45:36Z",
        "status": "notStarted",
        "errors": [],
        "tasks": {
          "completed": 0,
          "failed": 0,
          "inProgress": 1,
          "total": 1,
          "items": []
        }
      }
    },
    {
      "RequestUri": "https://qrobinson-eus.cognitiveservices.azure.com/language/analyze-text/jobs/bf041a8f-2304-4a5c-956b-714decc8867e?api-version=2023-11-15-preview",
      "RequestMethod": "GET",
      "RequestHeaders": {
        "Ocp-Apim-Subscription-Key": "Sanitized",
        "traceparent": "00-42f766b15ef3d9355b5066c0124e3f28-1a62c27278ff24a4-00",
        "User-Agent": "azsdk-net-AI.Language.Text/1.0.0-alpha.20240723.1 (.NET Framework 4.8.9256.0; Microsoft Windows 10.0.22631 )",
        "x-ms-client-request-id": "Sanitized",
        "x-ms-return-client-request-id": "true"
      },
      "RequestBody": null,
      "StatusCode": 200,
      "ResponseHeaders": {
        "apim-request-id": "44a781ab-f05d-46c6-8ca0-72cfa43d0301",
        "Content-Length": "283",
        "Content-Type": "application/json; charset=utf-8",
        "Date": "Tue, 23 Jul 2024 15:45:37 GMT",
        "Strict-Transport-Security": "max-age=31536000; includeSubDomains; preload",
        "X-Content-Type-Options": "nosniff",
        "x-envoy-upstream-service-time": "7",
        "x-ms-region": "East US"
      },
      "ResponseBody": {
        "jobId": "bf041a8f-2304-4a5c-956b-714decc8867e",
        "lastUpdatedDateTime": "2024-07-23T15:45:36Z",
        "createdDateTime": "2024-07-23T15:45:36Z",
        "expirationDateTime": "2024-07-24T15:45:36Z",
        "status": "notStarted",
        "errors": [],
        "tasks": {
          "completed": 0,
          "failed": 0,
          "inProgress": 1,
          "total": 1,
          "items": []
        }
      }
    },
    {
      "RequestUri": "https://qrobinson-eus.cognitiveservices.azure.com/language/analyze-text/jobs/bf041a8f-2304-4a5c-956b-714decc8867e?api-version=2023-11-15-preview",
      "RequestMethod": "GET",
      "RequestHeaders": {
        "Ocp-Apim-Subscription-Key": "Sanitized",
        "traceparent": "00-42f766b15ef3d9355b5066c0124e3f28-498565114df998d7-00",
        "User-Agent": "azsdk-net-AI.Language.Text/1.0.0-alpha.20240723.1 (.NET Framework 4.8.9256.0; Microsoft Windows 10.0.22631 )",
        "x-ms-client-request-id": "Sanitized",
        "x-ms-return-client-request-id": "true"
      },
      "RequestBody": null,
      "StatusCode": 200,
      "ResponseHeaders": {
        "apim-request-id": "c2e8489b-1539-487d-b222-c134589a3e27",
        "Content-Length": "587",
        "Content-Type": "application/json; charset=utf-8",
        "Date": "Tue, 23 Jul 2024 15:45:38 GMT",
        "Strict-Transport-Security": "max-age=31536000; includeSubDomains; preload",
        "X-Content-Type-Options": "nosniff",
        "x-envoy-upstream-service-time": "19",
        "x-ms-region": "East US"
      },
      "ResponseBody": {
        "jobId": "bf041a8f-2304-4a5c-956b-714decc8867e",
        "lastUpdatedDateTime": "2024-07-23T15:45:38Z",
        "createdDateTime": "2024-07-23T15:45:36Z",
        "expirationDateTime": "2024-07-24T15:45:36Z",
        "status": "succeeded",
        "errors": [],
        "tasks": {
          "completed": 1,
          "failed": 0,
          "inProgress": 0,
          "total": 1,
          "items": [
            {
              "kind": "CustomEntityRecognitionLROResults",
              "taskName": "CustomEntitiesOperationActionSample",
              "lastUpdateDateTime": "2024-07-23T15:45:38.1166429Z",
              "status": "succeeded",
              "results": {
                "documents": [
                  {
                    "id": "A",
                    "entities": [],
                    "warnings": []
                  }
                ],
                "errors": [],
                "projectName": "qrobinson-ct",
                "deploymentName": "ct-deployment"
              }
            }
          ]
        }
      }
    }
  ],
  "Variables": {
    "AZURE_TEXT_CUSTOM_NER_DEPLOYMENT": "ct-deployment",
    "AZURE_TEXT_CUSTOM_NER_PROJECT": "qrobinson-ct",
    "AZURE_TEXT_ENDPOINT": "https://qrobinson-eus.cognitiveservices.azure.com/",
    "AZURE_TEXT_KEY": "Sanitized",
    "RandomSeed": "1860512254"
  }
}