{
  "Entries": [
    {
      "RequestUri": "https://fakeHost.api.wus2.digitaltwins.azure.net/models/dtmi%3Aexample%3Awifi%3B116940192?includeModelDefinition=true\u0026api-version=2023-06-30",
      "RequestMethod": "GET",
      "RequestHeaders": {
        "Accept": "application/json",
        "Authorization": "Sanitized",
        "traceparent": "00-bbc8de7111b2c7d37e78843313aba6b7-59af88e3b7e32b08-00",
        "User-Agent": "azsdk-net-DigitalTwins.Core/1.5.0-alpha.20230802.1 (.NET 6.0.20; Microsoft Windows 10.0.22621)",
        "x-ms-client-request-id": "9bd87104cfa7453454b13dfd8db3a889",
        "x-ms-return-client-request-id": "true"
      },
      "RequestBody": null,
      "StatusCode": 404,
      "ResponseHeaders": {
        "Content-Length": "212",
        "Content-Type": "application/json; charset=utf-8",
        "Date": "Tue, 08 Aug 2023 17:21:51 GMT",
        "mise-correlation-id": "20b394ce-0547-4b60-a017-2a6b98a2f78c",
        "Strict-Transport-Security": "max-age=2592000",
        "traceresponse": "00-bbc8de7111b2c7d37e78843313aba6b7-b3ffe85fef48e3e1-01",
        "x-ms-error-code": "ModelNotFound"
      },
      "ResponseBody": {
        "error": {
          "code": "ModelNotFound",
          "message": "There is no Model(s) available that matches the provided id(s) dtmi:example:wifi;116940192. Check that the Model ID provided is valid by doing a Model_List API call."
        }
      }
    },
    {
      "RequestUri": "https://fakeHost.api.wus2.digitaltwins.azure.net/models/dtmi%3Aexample%3Awifiroom%3B11881?includeModelDefinition=true\u0026api-version=2023-06-30",
      "RequestMethod": "GET",
      "RequestHeaders": {
        "Accept": "application/json",
        "Authorization": "Sanitized",
        "traceparent": "00-48150cdd8d99b5436219ffc37b4e2817-363e0e3888b584c2-00",
        "User-Agent": "azsdk-net-DigitalTwins.Core/1.5.0-alpha.20230802.1 (.NET 6.0.20; Microsoft Windows 10.0.22621)",
        "x-ms-client-request-id": "65afcda7773a9d4e7dea960d4e337370",
        "x-ms-return-client-request-id": "true"
      },
      "RequestBody": null,
      "StatusCode": 404,
      "ResponseHeaders": {
        "Content-Length": "212",
        "Content-Type": "application/json; charset=utf-8",
        "Date": "Tue, 08 Aug 2023 17:21:52 GMT",
        "mise-correlation-id": "78ed9013-0c48-4a84-8206-2e44b824754f",
        "Strict-Transport-Security": "max-age=2592000",
        "traceresponse": "00-48150cdd8d99b5436219ffc37b4e2817-fa1873a96c20b053-01",
        "x-ms-error-code": "ModelNotFound"
      },
      "ResponseBody": {
        "error": {
          "code": "ModelNotFound",
          "message": "There is no Model(s) available that matches the provided id(s) dtmi:example:wifiroom;11881. Check that the Model ID provided is valid by doing a Model_List API call."
        }
      }
    },
    {
      "RequestUri": "https://fakeHost.api.wus2.digitaltwins.azure.net/digitaltwins/roomWithWifiTwin600805930?api-version=2023-06-30",
      "RequestMethod": "GET",
      "RequestHeaders": {
        "Accept": "application/json",
        "Authorization": "Sanitized",
        "traceparent": "00-f22d2f18a0148ecf24c18e297618f903-76723633d2aebfe1-00",
        "User-Agent": "azsdk-net-DigitalTwins.Core/1.5.0-alpha.20230802.1 (.NET 6.0.20; Microsoft Windows 10.0.22621)",
        "x-ms-client-request-id": "88475a7c3c027499118695fe73dc2e92",
        "x-ms-return-client-request-id": "true"
      },
      "RequestBody": null,
      "StatusCode": 404,
      "ResponseHeaders": {
        "Content-Length": "279",
        "Content-Type": "application/json; charset=utf-8",
        "Date": "Tue, 08 Aug 2023 17:21:52 GMT",
        "mise-correlation-id": "6b9df5c2-0a27-45d5-820c-21de64b03c0c",
        "Strict-Transport-Security": "max-age=2592000",
        "traceresponse": "00-f22d2f18a0148ecf24c18e297618f903-8a879f39500dd757-01",
        "x-ms-error-code": "DigitalTwinNotFound"
      },
      "ResponseBody": {
        "error": {
          "code": "DigitalTwinNotFound",
          "message": "There is no digital twin instance that exists with the ID roomWithWifiTwin600805930. Please verify that the twin id is valid and ensure that the twin is not deleted. See section on querying the twins https://aka.ms/adtv2query."
        }
      }
    },
    {
      "RequestUri": "https://fakeHost.api.wus2.digitaltwins.azure.net/models?api-version=2023-06-30",
      "RequestMethod": "POST",
      "RequestHeaders": {
        "Accept": "application/json",
        "Authorization": "Sanitized",
        "Content-Length": "1139",
        "Content-Type": "application/json",
        "traceparent": "00-2b4590b5594e6ea9cf1c0e85cc10810a-ec592b2ba6e4ee0f-00",
        "User-Agent": "azsdk-net-DigitalTwins.Core/1.5.0-alpha.20230802.1 (.NET 6.0.20; Microsoft Windows 10.0.22621)",
        "x-ms-client-request-id": "ae8b765eca4b8af9fe29e49d37067eca",
        "x-ms-return-client-request-id": "true"
      },
      "RequestBody": "[{    \u0022@id\u0022: \u0022dtmi:example:wifiroom;11881\u0022,    \u0022@type\u0022: \u0022Interface\u0022,    \u0022displayName\u0022: \u0022RoomWithWifi\u0022,    \u0022contents\u0022: [        {            \u0022@type\u0022: \u0022Property\u0022,            \u0022name\u0022: \u0022Temperature\u0022,            \u0022schema\u0022: \u0022double\u0022        },        {            \u0022@type\u0022: \u0022Property\u0022,            \u0022name\u0022: \u0022Humidity\u0022,            \u0022schema\u0022: \u0022double\u0022        },        {            \u0022@type\u0022: \u0022Property\u0022,            \u0022name\u0022: \u0022IsOccupied\u0022,            \u0022schema\u0022: \u0022boolean\u0022        },        {            \u0022@type\u0022: \u0022Property\u0022,            \u0022name\u0022: \u0022EmployeeId\u0022,            \u0022schema\u0022: \u0022string\u0022        },        {            \u0022@type\u0022: \u0022Component\u0022,            \u0022name\u0022: \u0022wifiAccessPoint\u0022,            \u0022schema\u0022: \u0022dtmi:example:wifi;116940192\u0022        }    ],    \u0022@context\u0022: \u0022dtmi:dtdl:context;2\u0022},{    \u0022@id\u0022: \u0022dtmi:example:wifi;116940192\u0022,    \u0022@type\u0022: \u0022Interface\u0022,    \u0022@context\u0022: \u0022dtmi:dtdl:context;2\u0022,    \u0022displayName\u0022: \u0022Wifi\u0022,    \u0022contents\u0022: [        {            \u0022@type\u0022: \u0022Property\u0022,            \u0022name\u0022: \u0022RouterName\u0022,            \u0022schema\u0022: \u0022string\u0022        },        {            \u0022@type\u0022: \u0022Property\u0022,            \u0022name\u0022: \u0022Network\u0022,            \u0022schema\u0022: \u0022string\u0022        }    ]}]",
      "StatusCode": 201,
      "ResponseHeaders": {
        "Content-Length": "317",
        "Content-Type": "application/json; charset=utf-8",
        "Date": "Tue, 08 Aug 2023 17:21:52 GMT",
        "mise-correlation-id": "00658feb-f6e8-435a-944a-7958ddd0c201",
        "Strict-Transport-Security": "max-age=2592000",
        "traceresponse": "00-2b4590b5594e6ea9cf1c0e85cc10810a-5483bcb8862e6e4d-01"
      },
      "ResponseBody": "[{\u0022id\u0022:\u0022dtmi:example:wifiroom;11881\u0022,\u0022description\u0022:{},\u0022displayName\u0022:{\u0022en\u0022:\u0022RoomWithWifi\u0022},\u0022decommissioned\u0022:false,\u0022uploadTime\u0022:\u00222023-08-08T17:21:52.9842169\u002B00:00\u0022},{\u0022id\u0022:\u0022dtmi:example:wifi;116940192\u0022,\u0022description\u0022:{},\u0022displayName\u0022:{\u0022en\u0022:\u0022Wifi\u0022},\u0022decommissioned\u0022:false,\u0022uploadTime\u0022:\u00222023-08-08T17:21:52.9842418\u002B00:00\u0022}]"
    },
    {
      "RequestUri": "https://fakeHost.api.wus2.digitaltwins.azure.net/models?api-version=2023-06-30",
      "RequestMethod": "GET",
      "RequestHeaders": {
        "Accept": "application/json",
        "Authorization": "Sanitized",
        "traceparent": "00-991f1d4c3c394694bc04a7382b5b3c12-6478f23b4c940761-00",
        "User-Agent": "azsdk-net-DigitalTwins.Core/1.5.0-alpha.20230802.1 (.NET 6.0.20; Microsoft Windows 10.0.22621)",
        "x-ms-client-request-id": "4d36638ce74190a415f128f1b99e0a0e",
        "x-ms-return-client-request-id": "true"
      },
      "RequestBody": null,
      "StatusCode": 200,
      "ResponseHeaders": {
        "Content-Length": "6872",
        "Content-Type": "application/json; charset=utf-8",
        "Date": "Tue, 08 Aug 2023 17:21:52 GMT",
        "mise-correlation-id": "7318a13c-4e67-45ab-8002-0d3c1da74336",
        "Strict-Transport-Security": "max-age=2592000",
        "traceresponse": "00-991f1d4c3c394694bc04a7382b5b3c12-1836e7b14b6d3e14-01"
      },
      "ResponseBody": {
        "value": [
          {
            "id": "dtmi:example:room;180719651",
            "description": {
              "en": "An enclosure inside a building."
            },
            "displayName": {
              "en": "Room"
            },
            "decommissioned": false,
            "uploadTime": "2023-07-20T16:56:11.0624733\u002B00:00"
          },
          {
            "id": "dtmi:example:room;151014275",
            "description": {
              "en": "An enclosure inside a building."
            },
            "displayName": {
              "en": "Room"
            },
            "decommissioned": false,
            "uploadTime": "2023-07-20T16:56:11.2279247\u002B00:00"
          },
          {
            "id": "dtmi:example:Ward;192203971",
            "description": {
              "en": "A separate partition in a building, made of rooms and hallways."
            },
            "displayName": {
              "en": "Ward"
            },
            "decommissioned": false,
            "uploadTime": "2023-07-20T16:56:26.1533024\u002B00:00"
          },
          {
            "id": "dtmi:example:Ward;113285811",
            "description": {
              "en": "A separate partition in a building, made of rooms and hallways."
            },
            "displayName": {
              "en": "Ward"
            },
            "decommissioned": false,
            "uploadTime": "2023-07-20T16:56:26.2570769\u002B00:00"
          },
          {
            "id": "dtmi:example:Ward;136940038",
            "description": {
              "en": "A separate partition in a building, made of rooms and hallways."
            },
            "displayName": {
              "en": "Ward"
            },
            "decommissioned": false,
            "uploadTime": "2023-07-20T16:56:29.4141361\u002B00:00"
          },
          {
            "id": "dtmi:example:Ward;119587588",
            "description": {
              "en": "A separate partition in a building, made of rooms and hallways."
            },
            "displayName": {
              "en": "Ward"
            },
            "decommissioned": false,
            "uploadTime": "2023-07-20T16:56:29.9924909\u002B00:00"
          },
          {
            "id": "dtmi:example:room;121067353",
            "description": {
              "en": "An enclosure inside a building."
            },
            "displayName": {
              "en": "Room"
            },
            "decommissioned": false,
            "uploadTime": "2023-07-20T18:47:25.3201553\u002B00:00"
          },
          {
            "id": "dtmi:example:room;114854850",
            "description": {
              "en": "An enclosure inside a building."
            },
            "displayName": {
              "en": "Room"
            },
            "decommissioned": false,
            "uploadTime": "2023-07-20T18:47:25.4508859\u002B00:00"
          },
          {
            "id": "dtmi:example:Ward;120421594",
            "description": {
              "en": "A separate partition in a building, made of rooms and hallways."
            },
            "displayName": {
              "en": "Ward"
            },
            "decommissioned": false,
            "uploadTime": "2023-07-20T18:47:39.3176\u002B00:00"
          },
          {
            "id": "dtmi:example:Ward;119295625",
            "description": {
              "en": "A separate partition in a building, made of rooms and hallways."
            },
            "displayName": {
              "en": "Ward"
            },
            "decommissioned": false,
            "uploadTime": "2023-07-20T18:47:39.9195535\u002B00:00"
          },
          {
            "id": "dtmi:example:Ward;114260452",
            "description": {
              "en": "A separate partition in a building, made of rooms and hallways."
            },
            "displayName": {
              "en": "Ward"
            },
            "decommissioned": false,
            "uploadTime": "2023-07-20T18:47:42.4968713\u002B00:00"
          },
          {
            "id": "dtmi:example:Ward;115532858",
            "description": {
              "en": "A separate partition in a building, made of rooms and hallways."
            },
            "displayName": {
              "en": "Ward"
            },
            "decommissioned": false,
            "uploadTime": "2023-07-20T18:47:43.3051977\u002B00:00"
          },
          {
            "id": "dtmi:example:room;140236201",
            "description": {
              "en": "An enclosure inside a building."
            },
            "displayName": {
              "en": "Room"
            },
            "decommissioned": false,
            "uploadTime": "2023-07-20T18:54:18.0923481\u002B00:00"
          },
          {
            "id": "dtmi:example:room;112001096",
            "description": {
              "en": "An enclosure inside a building."
            },
            "displayName": {
              "en": "Room"
            },
            "decommissioned": false,
            "uploadTime": "2023-07-20T18:54:18.1066203\u002B00:00"
          },
          {
            "id": "dtmi:example:Ward;172150796",
            "description": {
              "en": "A separate partition in a building, made of rooms and hallways."
            },
            "displayName": {
              "en": "Ward"
            },
            "decommissioned": false,
            "uploadTime": "2023-07-20T18:54:32.2937206\u002B00:00"
          },
          {
            "id": "dtmi:example:Ward;162879972",
            "description": {
              "en": "A separate partition in a building, made of rooms and hallways."
            },
            "displayName": {
              "en": "Ward"
            },
            "decommissioned": false,
            "uploadTime": "2023-07-20T18:54:32.8223278\u002B00:00"
          },
          {
            "id": "dtmi:example:Ward;113838746",
            "description": {
              "en": "A separate partition in a building, made of rooms and hallways."
            },
            "displayName": {
              "en": "Ward"
            },
            "decommissioned": false,
            "uploadTime": "2023-07-20T18:54:35.5407259\u002B00:00"
          },
          {
            "id": "dtmi:example:Ward;197428292",
            "description": {
              "en": "A separate partition in a building, made of rooms and hallways."
            },
            "displayName": {
              "en": "Ward"
            },
            "decommissioned": false,
            "uploadTime": "2023-07-20T18:54:35.9191561\u002B00:00"
          },
          {
            "id": "dtmi:com:microsoft:azure:iot:model0;1",
            "description": {
              "en": "This is the description of model"
            },
            "displayName": {
              "en": "This is the display name"
            },
            "decommissioned": false,
            "uploadTime": "2023-07-20T18:55:12.9815135\u002B00:00"
          },
          {
            "id": "dtmi:com:microsoft:azure:iot:model1;1",
            "description": {
              "en": "This is the description of model"
            },
            "displayName": {
              "en": "This is the display name"
            },
            "decommissioned": false,
            "uploadTime": "2023-07-20T18:55:12.9815507\u002B00:00"
          },
          {
            "id": "dtmi:example:room;110196595",
            "description": {
              "en": "An enclosure inside a building."
            },
            "displayName": {
              "en": "Room"
            },
            "decommissioned": false,
            "uploadTime": "2023-08-02T17:57:48.4101165\u002B00:00"
          },
          {
            "id": "dtmi:example:room;119563191",
            "description": {
              "en": "An enclosure inside a building."
            },
            "displayName": {
              "en": "Room"
            },
            "decommissioned": false,
            "uploadTime": "2023-08-02T17:57:48.5643544\u002B00:00"
          },
          {
            "id": "dtmi:example:Ward;114071200",
            "description": {
              "en": "A separate partition in a building, made of rooms and hallways."
            },
            "displayName": {
              "en": "Ward"
            },
            "decommissioned": false,
            "uploadTime": "2023-08-02T17:58:02.5201391\u002B00:00"
          },
          {
            "id": "dtmi:example:Ward;121456255",
            "description": {
              "en": "A separate partition in a building, made of rooms and hallways."
            },
            "displayName": {
              "en": "Ward"
            },
            "decommissioned": false,
            "uploadTime": "2023-08-02T17:58:02.9449494\u002B00:00"
          },
          {
            "id": "dtmi:example:Ward;151470581",
            "description": {
              "en": "A separate partition in a building, made of rooms and hallways."
            },
            "displayName": {
              "en": "Ward"
            },
            "decommissioned": false,
            "uploadTime": "2023-08-02T17:58:05.6542112\u002B00:00"
          },
          {
            "id": "dtmi:example:Ward;120169880",
            "description": {
              "en": "A separate partition in a building, made of rooms and hallways."
            },
            "displayName": {
              "en": "Ward"
            },
            "decommissioned": false,
            "uploadTime": "2023-08-02T17:58:06.0674816\u002B00:00"
          },
          {
            "id": "dtmi:example:room;165438279",
            "description": {
              "en": "An enclosure inside a building."
            },
            "displayName": {
              "en": "Room"
            },
            "decommissioned": false,
            "uploadTime": "2023-08-08T17:21:47.0552086\u002B00:00"
          },
          {
            "id": "dtmi:example:room;162880708",
            "description": {
              "en": "An enclosure inside a building."
            },
            "displayName": {
              "en": "Room"
            },
            "decommissioned": false,
            "uploadTime": "2023-08-08T17:21:47.0556334\u002B00:00"
          },
          {
            "id": "dtmi:example:floor;11828480",
            "description": {
              "en": "A building story."
            },
            "displayName": {
              "en": "Floor"
            },
            "decommissioned": false,
            "uploadTime": "2023-08-08T17:21:51.5797936\u002B00:00"
          },
          {
            "id": "dtmi:example:room;123595341",
            "description": {
              "en": "An enclosure inside a building."
            },
            "displayName": {
              "en": "Room"
            },
            "decommissioned": false,
            "uploadTime": "2023-08-08T17:21:51.5798211\u002B00:00"
          },
          {
            "id": "dtmi:example:hvac;138311488",
            "description": {
              "en": "A heating, ventilation, and air conditioning unit."
            },
            "displayName": {
              "en": "HVAC"
            },
            "decommissioned": false,
            "uploadTime": "2023-08-08T17:21:51.5798388\u002B00:00"
          },
          {
            "id": "dtmi:example:wifiroom;11881",
            "description": {},
            "displayName": {
              "en": "RoomWithWifi"
            },
            "decommissioned": false,
            "uploadTime": "2023-08-08T17:21:52.9842169\u002B00:00"
          },
          {
            "id": "dtmi:example:wifi;116940192",
            "description": {},
            "displayName": {
              "en": "Wifi"
            },
            "decommissioned": false,
            "uploadTime": "2023-08-08T17:21:52.9842418\u002B00:00"
          }
        ],
        "nextLink": null
      }
    },
    {
      "RequestUri": "https://fakeHost.api.wus2.digitaltwins.azure.net/digitaltwins/roomWithWifiTwin600805930?api-version=2023-06-30",
      "RequestMethod": "PUT",
      "RequestHeaders": {
        "Accept": "application/json",
        "Authorization": "Sanitized",
        "Content-Length": "229",
        "Content-Type": "application/json",
        "traceparent": "00-c447f909fb820f62c511fbcc6c50dfd2-a054a15a9e74be0c-00",
        "User-Agent": "azsdk-net-DigitalTwins.Core/1.5.0-alpha.20230802.1 (.NET 6.0.20; Microsoft Windows 10.0.22621)",
        "x-ms-client-request-id": "bcf07b67c1e7b1de61bd8ad857fc3c0b",
        "x-ms-return-client-request-id": "true"
      },
      "RequestBody": {
        "$dtId": null,
        "$etag": null,
        "Temperature": 80,
        "Humidity": 25,
        "IsOccupied": true,
        "EmployeeId": "Employee1",
        "wifiAccessPoint": {
          "$metadata": {},
          "RouterName": "Cisco1",
          "Network": "Room1"
        },
        "$metadata": {
          "$model": "dtmi:example:wifiroom;11881"
        }
      },
      "StatusCode": 200,
      "ResponseHeaders": {
        "Content-Length": "763",
        "Content-Type": "application/json; charset=utf-8",
        "Date": "Tue, 08 Aug 2023 17:21:52 GMT",
        "ETag": "W/\u00224defbc5b-d55d-4411-9a5a-d62b2616fe44\u0022",
        "mise-correlation-id": "6cc6b3d0-3ab8-49c0-a661-a11804f7fe64",
        "Strict-Transport-Security": "max-age=2592000",
        "traceresponse": "00-c447f909fb820f62c511fbcc6c50dfd2-dcb9e7da541cb377-01"
      },
      "ResponseBody": {
        "$dtId": "roomWithWifiTwin600805930",
        "$etag": "W/\u00224defbc5b-d55d-4411-9a5a-d62b2616fe44\u0022",
        "Temperature": 80,
        "Humidity": 25,
        "IsOccupied": true,
        "EmployeeId": "Employee1",
        "wifiAccessPoint": {
          "RouterName": "Cisco1",
          "Network": "Room1",
          "$metadata": {
            "$lastUpdateTime": "2023-08-08T17:21:53.3285945Z",
            "RouterName": {
              "lastUpdateTime": "2023-08-08T17:21:53.3285945Z"
            },
            "Network": {
              "lastUpdateTime": "2023-08-08T17:21:53.3285945Z"
            }
          }
        },
        "$metadata": {
          "$model": "dtmi:example:wifiroom;11881",
          "$lastUpdateTime": "2023-08-08T17:21:53.3285945Z",
          "Temperature": {
            "lastUpdateTime": "2023-08-08T17:21:53.3285945Z"
          },
          "Humidity": {
            "lastUpdateTime": "2023-08-08T17:21:53.3285945Z"
          },
          "IsOccupied": {
            "lastUpdateTime": "2023-08-08T17:21:53.3285945Z"
          },
          "EmployeeId": {
            "lastUpdateTime": "2023-08-08T17:21:53.3285945Z"
          }
        }
      }
    },
    {
      "RequestUri": "https://fakeHost.api.wus2.digitaltwins.azure.net/digitaltwins/roomWithWifiTwin600805930/components/wifiAccessPoint?api-version=2023-06-30",
      "RequestMethod": "GET",
      "RequestHeaders": {
        "Accept": "application/json",
        "Authorization": "Sanitized",
        "traceparent": "00-f4ff11dd1604c13102a184e52fb75e00-4bb757d4746c34e5-00",
        "User-Agent": "azsdk-net-DigitalTwins.Core/1.5.0-alpha.20230802.1 (.NET 6.0.20; Microsoft Windows 10.0.22621)",
        "x-ms-client-request-id": "0f71ca07e1a57750d1fb995aa108d15f",
        "x-ms-return-client-request-id": "true"
      },
      "RequestBody": null,
      "StatusCode": 200,
      "ResponseHeaders": {
        "Content-Length": "227",
        "Content-Type": "application/json; charset=utf-8",
        "Date": "Tue, 08 Aug 2023 17:21:52 GMT",
        "ETag": "W/\u00224defbc5b-d55d-4411-9a5a-d62b2616fe44\u0022",
        "mise-correlation-id": "7bd4204d-0da7-4a1c-afde-a88062eb031b",
        "Strict-Transport-Security": "max-age=2592000",
        "traceresponse": "00-f4ff11dd1604c13102a184e52fb75e00-0ab0c67e06cfaa40-01"
      },
      "ResponseBody": {
        "RouterName": "Cisco1",
        "Network": "Room1",
        "$metadata": {
          "$lastUpdateTime": "2023-08-08T17:21:53.3285945Z",
          "RouterName": {
            "lastUpdateTime": "2023-08-08T17:21:53.3285945Z"
          },
          "Network": {
            "lastUpdateTime": "2023-08-08T17:21:53.3285945Z"
          }
        }
      }
    },
    {
      "RequestUri": "https://fakeHost.api.wus2.digitaltwins.azure.net/digitaltwins/roomWithWifiTwin600805930/components/wifiAccessPoint?api-version=2023-06-30",
      "RequestMethod": "PATCH",
      "RequestHeaders": {
        "Accept": "application/json",
        "Authorization": "Sanitized",
        "Content-Length": "58",
        "Content-Type": "application/json-patch\u002Bjson",
        "traceparent": "00-682643e1981cbcd45ac3bfc1eafdb572-8849cee7f86df135-00",
        "User-Agent": "azsdk-net-DigitalTwins.Core/1.5.0-alpha.20230802.1 (.NET 6.0.20; Microsoft Windows 10.0.22621)",
        "x-ms-client-request-id": "bc35d61fc115cae28485ec845ccb3818",
        "x-ms-return-client-request-id": "true"
      },
      "RequestBody": "[{\u0022op\u0022:\u0022replace\u0022,\u0022path\u0022:\u0022/Network\u0022,\u0022value\u0022:\u0022New Network\u0022}]",
      "StatusCode": 204,
      "ResponseHeaders": {
        "Content-Length": "0",
        "Date": "Tue, 08 Aug 2023 17:21:53 GMT",
        "ETag": "W/\u00229c7bbd51-f2ff-4484-b628-dd05f5a0b25a\u0022",
        "mise-correlation-id": "eaaa4fb2-7920-407f-ae5d-1888fea53d2d",
        "Strict-Transport-Security": "max-age=2592000",
        "traceresponse": "00-682643e1981cbcd45ac3bfc1eafdb572-00b4ebfa38c850f0-01"
      },
      "ResponseBody": null
    },
    {
      "RequestUri": "https://fakeHost.api.wus2.digitaltwins.azure.net/digitaltwins/roomWithWifiTwin600805930?api-version=2023-06-30",
      "RequestMethod": "GET",
      "RequestHeaders": {
        "Accept": "application/json",
        "Authorization": "Sanitized",
        "traceparent": "00-81f64e452d08b1e2f8cb09aee8d1bb7c-ff2ee9a1daa8acc5-00",
        "User-Agent": "azsdk-net-DigitalTwins.Core/1.5.0-alpha.20230802.1 (.NET 6.0.20; Microsoft Windows 10.0.22621)",
        "x-ms-client-request-id": "eeea1db4fa2d86682a79ebec28831058",
        "x-ms-return-client-request-id": "true"
      },
      "RequestBody": null,
      "StatusCode": 200,
      "ResponseHeaders": {
        "Content-Length": "769",
        "Content-Type": "application/json; charset=utf-8",
        "Date": "Tue, 08 Aug 2023 17:21:53 GMT",
        "ETag": "W/\u00229c7bbd51-f2ff-4484-b628-dd05f5a0b25a\u0022",
        "mise-correlation-id": "3228739d-9e62-4a00-91a9-a536515d7a2e",
        "Strict-Transport-Security": "max-age=2592000",
        "traceresponse": "00-81f64e452d08b1e2f8cb09aee8d1bb7c-173184ef8bdce6ce-01"
      },
      "ResponseBody": {
        "$dtId": "roomWithWifiTwin600805930",
        "$etag": "W/\u00229c7bbd51-f2ff-4484-b628-dd05f5a0b25a\u0022",
        "Temperature": 80,
        "Humidity": 25,
        "IsOccupied": true,
        "EmployeeId": "Employee1",
        "wifiAccessPoint": {
          "RouterName": "Cisco1",
          "Network": "New Network",
          "$metadata": {
            "$lastUpdateTime": "2023-08-08T17:21:53.6482656Z",
            "RouterName": {
              "lastUpdateTime": "2023-08-08T17:21:53.3285945Z"
            },
            "Network": {
              "lastUpdateTime": "2023-08-08T17:21:53.6482656Z"
            }
          }
        },
        "$metadata": {
          "$model": "dtmi:example:wifiroom;11881",
          "$lastUpdateTime": "2023-08-08T17:21:53.6482656Z",
          "Temperature": {
            "lastUpdateTime": "2023-08-08T17:21:53.3285945Z"
          },
          "Humidity": {
            "lastUpdateTime": "2023-08-08T17:21:53.3285945Z"
          },
          "IsOccupied": {
            "lastUpdateTime": "2023-08-08T17:21:53.3285945Z"
          },
          "EmployeeId": {
            "lastUpdateTime": "2023-08-08T17:21:53.3285945Z"
          }
        }
      }
    },
    {
      "RequestUri": "https://fakeHost.api.wus2.digitaltwins.azure.net/digitaltwins/roomWithWifiTwin600805930/components/wifiAccessPoint?api-version=2023-06-30",
      "RequestMethod": "PATCH",
      "RequestHeaders": {
        "Accept": "application/json",
        "Authorization": "Sanitized",
        "Content-Length": "2",
        "Content-Type": "application/json-patch\u002Bjson",
        "If-Match": "W/\u00229c7bbd51-f2ff-4484-b628-dd05f5a0b25a\u0022",
        "traceparent": "00-97e2c0597505517f90a7b4f56d8b29c5-0dbaa35c82ecfd6c-00",
        "User-Agent": "azsdk-net-DigitalTwins.Core/1.5.0-alpha.20230802.1 (.NET 6.0.20; Microsoft Windows 10.0.22621)",
        "x-ms-client-request-id": "81b92aeb7fc745f5e7a68b20f4cc1a06",
        "x-ms-return-client-request-id": "true"
      },
      "RequestBody": "[]",
      "StatusCode": 204,
      "ResponseHeaders": {
        "Content-Length": "0",
        "Date": "Tue, 08 Aug 2023 17:21:53 GMT",
        "mise-correlation-id": "f5869af4-22d7-4f91-ad85-a328dac7e8de",
        "Strict-Transport-Security": "max-age=2592000",
        "traceresponse": "00-97e2c0597505517f90a7b4f56d8b29c5-ff26499c1976bfb5-01"
      },
      "ResponseBody": null
    },
    {
      "RequestUri": "https://fakeHost.api.wus2.digitaltwins.azure.net/digitaltwins/roomWithWifiTwin600805930?api-version=2023-06-30",
      "RequestMethod": "DELETE",
      "RequestHeaders": {
        "Accept": "application/json",
        "Authorization": "Sanitized",
        "traceparent": "00-8a9905f27790bc1c9b122d69bb44a470-6ead171bf1c06451-00",
        "User-Agent": "azsdk-net-DigitalTwins.Core/1.5.0-alpha.20230802.1 (.NET 6.0.20; Microsoft Windows 10.0.22621)",
        "x-ms-client-request-id": "84a580c2e21e24326eae929cd6f6a200",
        "x-ms-return-client-request-id": "true"
      },
      "RequestBody": null,
      "StatusCode": 204,
      "ResponseHeaders": {
        "Content-Length": "0",
        "Date": "Tue, 08 Aug 2023 17:21:53 GMT",
        "mise-correlation-id": "741d50e1-2ace-42a4-890c-164f28599a55",
        "Strict-Transport-Security": "max-age=2592000",
        "traceresponse": "00-8a9905f27790bc1c9b122d69bb44a470-957abe458db13b7b-01"
      },
      "ResponseBody": null
    },
    {
      "RequestUri": "https://fakeHost.api.wus2.digitaltwins.azure.net/models/dtmi%3Aexample%3Awifiroom%3B11881?api-version=2023-06-30",
      "RequestMethod": "DELETE",
      "RequestHeaders": {
        "Accept": "application/json",
        "Authorization": "Sanitized",
        "traceparent": "00-75a83f8d96f0b754d9ad9add8e360fdf-99578b6c2a69cfd0-00",
        "User-Agent": "azsdk-net-DigitalTwins.Core/1.5.0-alpha.20230802.1 (.NET 6.0.20; Microsoft Windows 10.0.22621)",
        "x-ms-client-request-id": "31989374b712355127a406876f48915d",
        "x-ms-return-client-request-id": "true"
      },
      "RequestBody": null,
      "StatusCode": 204,
      "ResponseHeaders": {
        "Content-Length": "0",
        "Date": "Tue, 08 Aug 2023 17:21:53 GMT",
        "mise-correlation-id": "7760d73d-8967-448c-a3f0-c69639df7bba",
        "Strict-Transport-Security": "max-age=2592000",
        "traceresponse": "00-75a83f8d96f0b754d9ad9add8e360fdf-d9a57bffe717ce56-01"
      },
      "ResponseBody": null
    },
    {
      "RequestUri": "https://fakeHost.api.wus2.digitaltwins.azure.net/models/dtmi%3Aexample%3Awifi%3B116940192?api-version=2023-06-30",
      "RequestMethod": "DELETE",
      "RequestHeaders": {
        "Accept": "application/json",
        "Authorization": "Sanitized",
        "traceparent": "00-cb94062b6f622e18f0db43c9b5a079a4-c808c332f75c4ad2-00",
        "User-Agent": "azsdk-net-DigitalTwins.Core/1.5.0-alpha.20230802.1 (.NET 6.0.20; Microsoft Windows 10.0.22621)",
        "x-ms-client-request-id": "a82ae45e8cde093af8941318ec586ff1",
        "x-ms-return-client-request-id": "true"
      },
      "RequestBody": null,
      "StatusCode": 204,
      "ResponseHeaders": {
        "Content-Length": "0",
        "Date": "Tue, 08 Aug 2023 17:21:53 GMT",
        "mise-correlation-id": "fa0e8623-5e6d-4fed-babe-43b280ca1382",
        "Strict-Transport-Security": "max-age=2592000",
        "traceresponse": "00-cb94062b6f622e18f0db43c9b5a079a4-9e1b5626b175c2d2-01"
      },
      "ResponseBody": null
    }
  ],
  "Variables": {
    "AZURE_AUTHORITY_HOST": null,
    "DIGITALTWINS_URL": "https://fakeHost.api.wus2.digitaltwins.azure.net",
    "RandomSeed": "34724533"
  }
}
