{
  "Entries": [
    {
      "RequestUri": "https://amandapreprod.file.core.windows.net/test-share-06ac70f2-ade9-6c49-8b10-5a4cf917230e?restype=share",
      "RequestMethod": "PUT",
      "RequestHeaders": {
        "Accept": "application/xml",
        "Authorization": "Sanitized",
        "Content-Length": "0",
        "traceparent": "00-f073d0e73facff925c40cdc9c822202e-10f55d551993bb8c-00",
        "User-Agent": "azsdk-net-Storage.Files.Shares/12.22.0-alpha.20241206.1 (.NET 6.0.36; Microsoft Windows 10.0.22635)",
        "x-ms-client-request-id": "Sanitized",
        "x-ms-date": "Fri, 06 Dec 2024 17:28:38 GMT",
        "x-ms-return-client-request-id": "true",
        "x-ms-version": "2025-05-05"
      },
      "RequestBody": null,
      "StatusCode": 201,
      "ResponseHeaders": {
        "Content-Length": "0",
        "Date": "Fri, 06 Dec 2024 17:28:37 GMT",
        "ETag": "\"0x8DD161B6BCB2C41\"",
        "Last-Modified": "Fri, 06 Dec 2024 17:28:38 GMT",
        "Server": [
          "Windows-Azure-File/1.0",
          "Microsoft-HTTPAPI/2.0"
        ],
        "x-ms-client-request-id": "Sanitized",
        "x-ms-request-id": "6386d8b1-001a-0007-0704-48ccd7000000",
        "x-ms-version": "2025-05-05"
      },
      "ResponseBody": null
    },
    {
      "RequestUri": "https://amandapreprod.file.core.windows.net/test-share-06ac70f2-ade9-6c49-8b10-5a4cf917230e/f124d4bb?restype=directory",
      "RequestMethod": "PUT",
      "RequestHeaders": {
        "Accept": "application/xml",
        "Authorization": "Sanitized",
        "Content-Length": "0",
        "traceparent": "00-9a471deee9a138fc332ae978fb840d1d-7de8db3b8c5c6a46-00",
        "User-Agent": "azsdk-net-Storage.Files.Shares/12.22.0-alpha.20241206.1 (.NET 6.0.36; Microsoft Windows 10.0.22635)",
        "x-ms-client-request-id": "Sanitized",
        "x-ms-date": "Fri, 06 Dec 2024 17:28:38 GMT",
        "x-ms-return-client-request-id": "true",
        "x-ms-version": "2025-05-05"
      },
      "RequestBody": null,
      "StatusCode": 201,
      "ResponseHeaders": {
        "Content-Length": "0",
        "Date": "Fri, 06 Dec 2024 17:28:37 GMT",
        "ETag": "\"0x8DD161B6BD52ACF\"",
        "Last-Modified": "Fri, 06 Dec 2024 17:28:38 GMT",
        "Server": [
          "Windows-Azure-File/1.0",
          "Microsoft-HTTPAPI/2.0"
        ],
        "x-ms-client-request-id": "Sanitized",
        "x-ms-file-attributes": "Directory",
        "x-ms-file-change-time": "2024-12-06T17:28:38.5538767Z",
        "x-ms-file-creation-time": "2024-12-06T17:28:38.5538767Z",
        "x-ms-file-id": "13835128424026341376",
        "x-ms-file-last-write-time": "2024-12-06T17:28:38.5538767Z",
        "x-ms-file-parent-id": "0",
        "x-ms-file-permission-key": "8016861625448480706*547956186189310027",
        "x-ms-request-id": "6386d8b7-001a-0007-0904-48ccd7000000",
        "x-ms-request-server-encrypted": "true",
        "x-ms-version": "2025-05-05"
      },
      "ResponseBody": null
    },
    {
      "RequestUri": "https://amandapreprod.file.core.windows.net/test-share-06ac70f2-ade9-6c49-8b10-5a4cf917230e/f124d4bb/1d0bb791?restype=directory",
      "RequestMethod": "PUT",
      "RequestHeaders": {
        "Accept": "application/xml",
        "Authorization": "Sanitized",
        "Content-Length": "0",
        "traceparent": "00-de69b7660dac08b9edae25d0684c2b6b-26bd515f902fc6b5-00",
        "User-Agent": "azsdk-net-Storage.Files.Shares/12.22.0-alpha.20241206.1 (.NET 6.0.36; Microsoft Windows 10.0.22635)",
        "x-ms-client-request-id": "Sanitized",
        "x-ms-date": "Fri, 06 Dec 2024 17:28:38 GMT",
        "x-ms-return-client-request-id": "true",
        "x-ms-version": "2025-05-05"
      },
      "RequestBody": null,
      "StatusCode": 201,
      "ResponseHeaders": {
        "Content-Length": "0",
        "Date": "Fri, 06 Dec 2024 17:28:37 GMT",
        "ETag": "\"0x8DD161B6BDE2173\"",
        "Last-Modified": "Fri, 06 Dec 2024 17:28:38 GMT",
        "Server": [
          "Windows-Azure-File/1.0",
          "Microsoft-HTTPAPI/2.0"
        ],
        "x-ms-client-request-id": "Sanitized",
        "x-ms-file-attributes": "Directory",
        "x-ms-file-change-time": "2024-12-06T17:28:38.6126195Z",
        "x-ms-file-creation-time": "2024-12-06T17:28:38.6126195Z",
        "x-ms-file-id": "11529285414812647424",
        "x-ms-file-last-write-time": "2024-12-06T17:28:38.6126195Z",
        "x-ms-file-parent-id": "13835128424026341376",
        "x-ms-file-permission-key": "8016861625448480706*547956186189310027",
        "x-ms-request-id": "6386d8b8-001a-0007-0a04-48ccd7000000",
        "x-ms-request-server-encrypted": "true",
        "x-ms-version": "2025-05-05"
      },
      "ResponseBody": null
    },
    {
      "RequestUri": "https://amandapreprod.file.core.windows.net/test-share-06ac70f2-ade9-6c49-8b10-5a4cf917230e/f124d4bb/1d0bb791/f2850e94?restype=directory",
      "RequestMethod": "PUT",
      "RequestHeaders": {
        "Accept": "application/xml",
        "Authorization": "Sanitized",
        "Content-Length": "0",
        "traceparent": "00-bab1a6375a5403243d9960e6dd9c7378-42872cbe72996093-00",
        "User-Agent": "azsdk-net-Storage.Files.Shares/12.22.0-alpha.20241206.1 (.NET 6.0.36; Microsoft Windows 10.0.22635)",
        "x-ms-client-request-id": "Sanitized",
        "x-ms-date": "Fri, 06 Dec 2024 17:28:38 GMT",
        "x-ms-return-client-request-id": "true",
        "x-ms-version": "2025-05-05"
      },
      "RequestBody": null,
      "StatusCode": 201,
      "ResponseHeaders": {
        "Content-Length": "0",
        "Date": "Fri, 06 Dec 2024 17:28:37 GMT",
        "ETag": "\"0x8DD161B6BE9FB0B\"",
        "Last-Modified": "Fri, 06 Dec 2024 17:28:38 GMT",
        "Server": [
          "Windows-Azure-File/1.0",
          "Microsoft-HTTPAPI/2.0"
        ],
        "x-ms-client-request-id": "Sanitized",
        "x-ms-file-attributes": "Directory",
        "x-ms-file-change-time": "2024-12-06T17:28:38.6902795Z",
        "x-ms-file-creation-time": "2024-12-06T17:28:38.6902795Z",
        "x-ms-file-id": "16140971433240035328",
        "x-ms-file-last-write-time": "2024-12-06T17:28:38.6902795Z",
        "x-ms-file-parent-id": "11529285414812647424",
        "x-ms-file-permission-key": "8016861625448480706*547956186189310027",
        "x-ms-request-id": "6386d8b9-001a-0007-0b04-48ccd7000000",
        "x-ms-request-server-encrypted": "true",
        "x-ms-version": "2025-05-05"
      },
      "ResponseBody": null
    },
    {
      "RequestUri": "https://amandapreprod.file.core.windows.net/test-share-06ac70f2-ade9-6c49-8b10-5a4cf917230e/f124d4bb/1d0bb791/f2850e94/69258513?restype=directory",
      "RequestMethod": "PUT",
      "RequestHeaders": {
        "Accept": "application/xml",
        "Authorization": "Sanitized",
        "Content-Length": "0",
        "traceparent": "00-dc25081b800c64bc69d143a091876f98-f95b7c8bea7a015d-00",
        "User-Agent": "azsdk-net-Storage.Files.Shares/12.22.0-alpha.20241206.1 (.NET 6.0.36; Microsoft Windows 10.0.22635)",
        "x-ms-client-request-id": "Sanitized",
        "x-ms-date": "Fri, 06 Dec 2024 17:28:38 GMT",
        "x-ms-return-client-request-id": "true",
        "x-ms-version": "2025-05-05"
      },
      "RequestBody": null,
      "StatusCode": 201,
      "ResponseHeaders": {
        "Content-Length": "0",
        "Date": "Fri, 06 Dec 2024 17:28:37 GMT",
        "ETag": "\"0x8DD161B6BF2F1A7\"",
        "Last-Modified": "Fri, 06 Dec 2024 17:28:38 GMT",
        "Server": [
          "Windows-Azure-File/1.0",
          "Microsoft-HTTPAPI/2.0"
        ],
        "x-ms-client-request-id": "Sanitized",
        "x-ms-file-attributes": "Directory",
        "x-ms-file-change-time": "2024-12-06T17:28:38.7490215Z",
        "x-ms-file-creation-time": "2024-12-06T17:28:38.7490215Z",
        "x-ms-file-id": "10376363910205800448",
        "x-ms-file-last-write-time": "2024-12-06T17:28:38.7490215Z",
        "x-ms-file-parent-id": "16140971433240035328",
        "x-ms-file-permission-key": "8016861625448480706*547956186189310027",
        "x-ms-request-id": "6386d8ba-001a-0007-0c04-48ccd7000000",
        "x-ms-request-server-encrypted": "true",
        "x-ms-version": "2025-05-05"
      },
      "ResponseBody": null
    },
    {
      "RequestUri": "https://amandapreprod.file.core.windows.net/test-share-06ac70f2-ade9-6c49-8b10-5a4cf917230e/f124d4bb/1d0bb791/f2850e94/69258513/d1e19e6c?restype=directory",
      "RequestMethod": "PUT",
      "RequestHeaders": {
        "Accept": "application/xml",
        "Authorization": "Sanitized",
        "Content-Length": "0",
        "traceparent": "00-7a553dca642e84dd1208c7337bc4dd1e-efdc8adbb83d0ed6-00",
        "User-Agent": "azsdk-net-Storage.Files.Shares/12.22.0-alpha.20241206.1 (.NET 6.0.36; Microsoft Windows 10.0.22635)",
        "x-ms-client-request-id": "Sanitized",
        "x-ms-date": "Fri, 06 Dec 2024 17:28:38 GMT",
        "x-ms-return-client-request-id": "true",
        "x-ms-version": "2025-05-05"
      },
      "RequestBody": null,
      "StatusCode": 201,
      "ResponseHeaders": {
        "Content-Length": "0",
        "Date": "Fri, 06 Dec 2024 17:28:37 GMT",
        "ETag": "\"0x8DD161B6BFBE84C\"",
        "Last-Modified": "Fri, 06 Dec 2024 17:28:38 GMT",
        "Server": [
          "Windows-Azure-File/1.0",
          "Microsoft-HTTPAPI/2.0"
        ],
        "x-ms-client-request-id": "Sanitized",
        "x-ms-file-attributes": "Directory",
        "x-ms-file-change-time": "2024-12-06T17:28:38.8077644Z",
        "x-ms-file-creation-time": "2024-12-06T17:28:38.8077644Z",
        "x-ms-file-id": "14988049928633188352",
        "x-ms-file-last-write-time": "2024-12-06T17:28:38.8077644Z",
        "x-ms-file-parent-id": "10376363910205800448",
        "x-ms-file-permission-key": "8016861625448480706*547956186189310027",
        "x-ms-request-id": "6386d8bb-001a-0007-0d04-48ccd7000000",
        "x-ms-request-server-encrypted": "true",
        "x-ms-version": "2025-05-05"
      },
      "ResponseBody": null
    },
    {
      "RequestUri": "https://amandapreprod.file.core.windows.net/test-share-06ac70f2-ade9-6c49-8b10-5a4cf917230e/f124d4bb/1d0bb791/f2850e94/69258513/d1e19e6c/5452f241?restype=directory",
      "RequestMethod": "PUT",
      "RequestHeaders": {
        "Accept": "application/xml",
        "Authorization": "Sanitized",
        "Content-Length": "0",
        "traceparent": "00-a5843ea8299344f482d834d6229e4d02-1ba0d2b6f09fd4c9-00",
        "User-Agent": "azsdk-net-Storage.Files.Shares/12.22.0-alpha.20241206.1 (.NET 6.0.36; Microsoft Windows 10.0.22635)",
        "x-ms-client-request-id": "Sanitized",
        "x-ms-date": "Fri, 06 Dec 2024 17:28:38 GMT",
        "x-ms-return-client-request-id": "true",
        "x-ms-version": "2025-05-05"
      },
      "RequestBody": null,
      "StatusCode": 201,
      "ResponseHeaders": {
        "Content-Length": "0",
        "Date": "Fri, 06 Dec 2024 17:28:37 GMT",
        "ETag": "\"0x8DD161B6C04DEF9\"",
        "Last-Modified": "Fri, 06 Dec 2024 17:28:38 GMT",
        "Server": [
          "Windows-Azure-File/1.0",
          "Microsoft-HTTPAPI/2.0"
        ],
        "x-ms-client-request-id": "Sanitized",
        "x-ms-file-attributes": "Directory",
        "x-ms-file-change-time": "2024-12-06T17:28:38.8665081Z",
        "x-ms-file-creation-time": "2024-12-06T17:28:38.8665081Z",
        "x-ms-file-id": "12682206919419494400",
        "x-ms-file-last-write-time": "2024-12-06T17:28:38.8665081Z",
        "x-ms-file-parent-id": "14988049928633188352",
        "x-ms-file-permission-key": "8016861625448480706*547956186189310027",
        "x-ms-request-id": "6386d8bc-001a-0007-0e04-48ccd7000000",
        "x-ms-request-server-encrypted": "true",
        "x-ms-version": "2025-05-05"
      },
      "ResponseBody": null
    },
    {
      "RequestUri": "https://amandapreprod.file.core.windows.net/test-share-06ac70f2-ade9-6c49-8b10-5a4cf917230e/f124d4bb/1d0bb791/f2850e94/69258513/d1e19e6c/5452f241/2f78c2ab",
      "RequestMethod": "HEAD",
      "RequestHeaders": {
        "Accept": "application/xml",
        "Authorization": "Sanitized",
        "traceparent": "00-a33935036cf6dd72ddf219b406f5e3d4-9d6b7d85fc04bb54-00",
        "User-Agent": "azsdk-net-Storage.Files.Shares/12.22.0-alpha.20241206.1 (.NET 6.0.36; Microsoft Windows 10.0.22635)",
        "x-ms-client-request-id": "Sanitized",
        "x-ms-date": "Fri, 06 Dec 2024 17:28:38 GMT",
        "x-ms-return-client-request-id": "true",
        "x-ms-version": "2025-05-05"
      },
      "RequestBody": null,
      "StatusCode": 404,
      "ResponseHeaders": {
        "Date": "Fri, 06 Dec 2024 17:28:38 GMT",
        "Server": [
          "Windows-Azure-File/1.0",
          "Microsoft-HTTPAPI/2.0"
        ],
        "Transfer-Encoding": "chunked",
        "x-ms-client-request-id": "Sanitized",
        "x-ms-error-code": "ResourceNotFound",
        "x-ms-request-id": "6386d8bd-001a-0007-0f04-48ccd7000000",
        "x-ms-version": "2025-05-05"
      },
      "ResponseBody": null
    },
    {
      "RequestUri": "https://amandapreprod.file.core.windows.net/test-share-06ac70f2-ade9-6c49-8b10-5a4cf917230e/f124d4bb/1d0bb791/f2850e94/69258513/d1e19e6c/5452f241/2f78c2ab",
      "RequestMethod": "PUT",
      "RequestHeaders": {
        "Accept": "application/xml",
        "Authorization": "Sanitized",
        "Content-Length": "0",
        "traceparent": "00-df5a3f6fcf99563b6ba955700b228972-7848570f51aa37cd-00",
        "User-Agent": "azsdk-net-Storage.Files.Shares/12.22.0-alpha.20241206.1 (.NET 6.0.36; Microsoft Windows 10.0.22635)",
        "x-ms-client-request-id": "Sanitized",
        "x-ms-content-length": "1024",
        "x-ms-date": "Fri, 06 Dec 2024 17:28:38 GMT",
        "x-ms-file-last-write-time": "2024-11-24T01:23:45.0000000Z",
        "x-ms-return-client-request-id": "true",
        "x-ms-type": "file",
        "x-ms-version": "2025-05-05"
      },
      "RequestBody": null,
      "StatusCode": 201,
      "ResponseHeaders": {
        "Content-Length": "0",
        "Date": "Fri, 06 Dec 2024 17:28:38 GMT",
        "ETag": "\"0x8DD161B6C189EF7\"",
        "Last-Modified": "Fri, 06 Dec 2024 17:28:38 GMT",
        "Server": [
          "Windows-Azure-File/1.0",
          "Microsoft-HTTPAPI/2.0"
        ],
        "x-ms-client-request-id": "Sanitized",
        "x-ms-file-attributes": "Archive",
        "x-ms-file-change-time": "2024-12-06T17:28:38.9959415Z",
        "x-ms-file-creation-time": "2024-12-06T17:28:38.9959415Z",
        "x-ms-file-id": "17293892937846882304",
        "x-ms-file-last-write-time": "2024-11-24T01:23:45.0000000Z",
        "x-ms-file-parent-id": "12682206919419494400",
        "x-ms-file-permission-key": "12626496306092130501*547956186189310027",
        "x-ms-request-id": "6386d8be-001a-0007-1004-48ccd7000000",
        "x-ms-request-server-encrypted": "true",
        "x-ms-version": "2025-05-05"
      },
      "ResponseBody": null
    },
    {
      "RequestUri": "https://amandapreprod.file.core.windows.net/test-share-06ac70f2-ade9-6c49-8b10-5a4cf917230e/f124d4bb/1d0bb791/f2850e94/69258513/d1e19e6c/5452f241/2f78c2ab?comp=range",
      "RequestMethod": "PUT",
      "RequestHeaders": {
        "Accept": "application/xml",
        "Authorization": "Sanitized",
        "Content-Length": "1024",
        "Content-Type": "application/octet-stream",
        "traceparent": "00-430c72ba4d8c972ff84f3c2e96a52f12-34d113367a1f5b8f-00",
        "User-Agent": "azsdk-net-Storage.Files.Shares/12.22.0-alpha.20241206.1 (.NET 6.0.36; Microsoft Windows 10.0.22635)",
        "x-ms-client-request-id": "Sanitized",
        "x-ms-date": "Fri, 06 Dec 2024 17:28:39 GMT",
        "x-ms-file-last-write-time": "Preserve",
        "x-ms-range": "bytes=0-1023",
        "x-ms-return-client-request-id": "true",
        "x-ms-version": "2025-05-05",
        "x-ms-write": "update"
      },
      "RequestBody": "1ngsvJvvGO3ynqw5EF8lgd9YfjG3yy0nsFzmKGHdwmbCWOEDnd7bu6mLPZxtCOQNXZvuKEE2/QtLBAs/CPCLFdxFd7h+IeMBfcKHLI6Quqh32crF7pkki1vWuJjSm7O5ACjAKJAsjzy47at/rtB9ukpixy8lxSZCIOtdqGhLLuEPzixl0JEXS0mODQHtpd2KWP5NcNSDlDoBfQelzufTbL7JcOCkF+m4SnzllrclVXoO009q/b4NizryZFOKcnxiu6FDJDX85kEVlCVYnf2C2yeMlvuXaW//vOSmsrOVLtf/g9sW4jBFEewNVGiZte08b4gr/tyBylIxQ2dRVjSOf2ZNWBoia/n2R4QOiRQGZgb2aUIqai/7fbmI5J7J9Lu4f9UCS1zTGgOONLdXckA+K91gWu3xYxU2UttgmYdbLVLJVQo+AxqqI08+nDV4pAp4SrnBaJrNxxvAy/mBcoB8MwZkjR02/yfCtjaessffvq7Q6E/OmsW4/I7ufjghKbDOwmguExbtQkqR/rFjLxRU4A1LsYowrplBq5GOR4HvoY2Gz/BfsaqX4qUFPJsTVcx6mp0q1nclnhPO7WeFXvvIoVwk3GAj9S9is87lK3H9LVbEFK3kxMsVYDDdkMNCEYOqPJs/73hsVqRuyCKpQHKh0MARwEpN5N2RD3wvRmRrH6FLO+7Wvj3dWL4IdfyobCC9O78DMVE5XFi+reD8PA9AAqiAXgWEyxKCM2eMRW7g6KNccQulZ+5QEd6WGBBd4RyuyHNUKA0bOW+tgf3prRfp3cU9oMoEmpq5L0wm7bMBJFJL3Xz7jL+VQDib+ObxZmTHrDpLIEFSqi3YmvjB9Eu8q1yrns+a7lEFqF+RaKK0yMjnX0F4tQQR+TNPIvLG00zs30yJRciVLb7pRnjhwEGKJNEw2pUKQ/ZYmqWcSstePtQSpIhWKoIAUjGDj26LLzjxxP4glvm24pxWMKsj+eLyigijzhu4NPlOL4hjh7OHzGtsqoXNPafbXMLsAPrX3VlPkARm6GAdOJAF0mdxU1vozmNAtk5cJUxhx3JZzDT/dlIuFPauIOQKT3H1x2s/aghmAzGWlycK8mu4BSDtw2xcBlsVQj5kOa5/NWbdZ13hIV1p8sgCaN8rJCKL9hvDHYsEmMEQKijKAsmCFmLALIoN1uTDg9GjWZ176h0c2UOSuxfb2M+c0PY1n/D/f1J9aveXfh83AJq6YT4jlEAKrSmG8FpK5VS7cAbtjePhpNpL/n8mhVojW7t9IHeQeDu2K/LGeI/3MoWj2w0ZSXO22Lxk2JbB4yjOY5SfzcTcK/jKN2LxGitKU8v5g6pNCRFHxki6K5+l9UfK+BT7WGXBxq8VTw==",
      "StatusCode": 201,
      "ResponseHeaders": {
        "Content-Length": "0",
        "Content-MD5": "14UPVFMuZ9bTmwygJsnWYg==",
        "Date": "Fri, 06 Dec 2024 17:28:38 GMT",
        "ETag": "\"0x8DD161B6C242AC6\"",
        "Last-Modified": "Fri, 06 Dec 2024 17:28:39 GMT",
        "Server": [
          "Windows-Azure-File/1.0",
          "Microsoft-HTTPAPI/2.0"
        ],
        "x-ms-client-request-id": "Sanitized",
        "x-ms-file-last-write-time": "2024-11-24T01:23:45.0000000Z",
        "x-ms-request-id": "6386d8bf-001a-0007-1104-48ccd7000000",
        "x-ms-request-server-encrypted": "true",
        "x-ms-version": "2025-05-05"
      },
      "ResponseBody": null
    },
    {
      "RequestUri": "https://amandapreprod.file.core.windows.net/test-share-06ac70f2-ade9-6c49-8b10-5a4cf917230e/f124d4bb/1d0bb791?restype=directory&comp=list",
      "RequestMethod": "GET",
      "RequestHeaders": {
        "Accept": "application/xml",
        "Authorization": "Sanitized",
        "User-Agent": "azsdk-net-Storage.Files.Shares/12.22.0-alpha.20241206.1 (.NET 6.0.36; Microsoft Windows 10.0.22635)",
        "x-ms-client-request-id": "Sanitized",
        "x-ms-date": "Fri, 06 Dec 2024 17:28:39 GMT",
        "x-ms-return-client-request-id": "true",
        "x-ms-version": "2025-05-05"
      },
      "RequestBody": null,
      "StatusCode": 200,
      "ResponseHeaders": {
        "Content-Type": "application/xml",
        "Date": "Fri, 06 Dec 2024 17:28:38 GMT",
        "Server": [
          "Windows-Azure-File/1.0",
          "Microsoft-HTTPAPI/2.0"
        ],
        "Transfer-Encoding": "chunked",
        "x-ms-client-request-id": "Sanitized",
        "x-ms-request-id": "6386d8c0-001a-0007-1204-48ccd7000000",
        "x-ms-version": "2025-05-05"
      },
      "ResponseBody": "\uFEFF<?xml version=\"1.0\" encoding=\"utf-8\"?><EnumerationResults ServiceEndpoint=\"https://amandapreprod.file.core.windows.net/\" ShareName=\"test-share-06ac70f2-ade9-6c49-8b10-5a4cf917230e\" DirectoryPath=\"f124d4bb/1d0bb791\"><DirectoryId>11529285414812647424</DirectoryId><Entries><Directory><Name>f2850e94</Name><FileId>16140971433240035328</FileId><Properties /></Directory></Entries><NextMarker /></EnumerationResults>"
    },
    {
      "RequestUri": "https://amandapreprod.file.core.windows.net/test-share-06ac70f2-ade9-6c49-8b10-5a4cf917230e/f124d4bb/1d0bb791/f2850e94?restype=directory&comp=list",
      "RequestMethod": "GET",
      "RequestHeaders": {
        "Accept": "application/xml",
        "Authorization": "Sanitized",
        "User-Agent": "azsdk-net-Storage.Files.Shares/12.22.0-alpha.20241206.1 (.NET 6.0.36; Microsoft Windows 10.0.22635)",
        "x-ms-client-request-id": "Sanitized",
        "x-ms-date": "Fri, 06 Dec 2024 17:28:39 GMT",
        "x-ms-return-client-request-id": "true",
        "x-ms-version": "2025-05-05"
      },
      "RequestBody": null,
      "StatusCode": 200,
      "ResponseHeaders": {
        "Content-Type": "application/xml",
        "Date": "Fri, 06 Dec 2024 17:28:38 GMT",
        "Server": [
          "Windows-Azure-File/1.0",
          "Microsoft-HTTPAPI/2.0"
        ],
        "Transfer-Encoding": "chunked",
        "x-ms-client-request-id": "Sanitized",
        "x-ms-request-id": "6386d8c1-001a-0007-1304-48ccd7000000",
        "x-ms-version": "2025-05-05"
      },
      "ResponseBody": "\uFEFF<?xml version=\"1.0\" encoding=\"utf-8\"?><EnumerationResults ServiceEndpoint=\"https://amandapreprod.file.core.windows.net/\" ShareName=\"test-share-06ac70f2-ade9-6c49-8b10-5a4cf917230e\" DirectoryPath=\"f124d4bb/1d0bb791/f2850e94\"><DirectoryId>16140971433240035328</DirectoryId><Entries><Directory><Name>69258513</Name><FileId>10376363910205800448</FileId><Properties /></Directory></Entries><NextMarker /></EnumerationResults>"
    },
    {
      "RequestUri": "https://amandapreprod.file.core.windows.net/test-share-06ac70f2-ade9-6c49-8b10-5a4cf917230e/f124d4bb/1d0bb791/f2850e94/69258513?restype=directory&comp=list",
      "RequestMethod": "GET",
      "RequestHeaders": {
        "Accept": "application/xml",
        "Authorization": "Sanitized",
        "User-Agent": "azsdk-net-Storage.Files.Shares/12.22.0-alpha.20241206.1 (.NET 6.0.36; Microsoft Windows 10.0.22635)",
        "x-ms-client-request-id": "Sanitized",
        "x-ms-date": "Fri, 06 Dec 2024 17:28:39 GMT",
        "x-ms-return-client-request-id": "true",
        "x-ms-version": "2025-05-05"
      },
      "RequestBody": null,
      "StatusCode": 200,
      "ResponseHeaders": {
        "Content-Type": "application/xml",
        "Date": "Fri, 06 Dec 2024 17:28:38 GMT",
        "Server": [
          "Windows-Azure-File/1.0",
          "Microsoft-HTTPAPI/2.0"
        ],
        "Transfer-Encoding": "chunked",
        "x-ms-client-request-id": "Sanitized",
        "x-ms-request-id": "6386d8c2-001a-0007-1404-48ccd7000000",
        "x-ms-version": "2025-05-05"
      },
      "ResponseBody": "\uFEFF<?xml version=\"1.0\" encoding=\"utf-8\"?><EnumerationResults ServiceEndpoint=\"https://amandapreprod.file.core.windows.net/\" ShareName=\"test-share-06ac70f2-ade9-6c49-8b10-5a4cf917230e\" DirectoryPath=\"f124d4bb/1d0bb791/f2850e94/69258513\"><DirectoryId>10376363910205800448</DirectoryId><Entries><Directory><Name>d1e19e6c</Name><FileId>14988049928633188352</FileId><Properties /></Directory></Entries><NextMarker /></EnumerationResults>"
    },
    {
      "RequestUri": "https://amandapreprod.file.core.windows.net/test-share-06ac70f2-ade9-6c49-8b10-5a4cf917230e/f124d4bb/1d0bb791/f2850e94/69258513/d1e19e6c?restype=directory&comp=list",
      "RequestMethod": "GET",
      "RequestHeaders": {
        "Accept": "application/xml",
        "Authorization": "Sanitized",
        "User-Agent": "azsdk-net-Storage.Files.Shares/12.22.0-alpha.20241206.1 (.NET 6.0.36; Microsoft Windows 10.0.22635)",
        "x-ms-client-request-id": "Sanitized",
        "x-ms-date": "Fri, 06 Dec 2024 17:28:39 GMT",
        "x-ms-return-client-request-id": "true",
        "x-ms-version": "2025-05-05"
      },
      "RequestBody": null,
      "StatusCode": 200,
      "ResponseHeaders": {
        "Content-Type": "application/xml",
        "Date": "Fri, 06 Dec 2024 17:28:38 GMT",
        "Server": [
          "Windows-Azure-File/1.0",
          "Microsoft-HTTPAPI/2.0"
        ],
        "Transfer-Encoding": "chunked",
        "x-ms-client-request-id": "Sanitized",
        "x-ms-request-id": "6386d8c3-001a-0007-1504-48ccd7000000",
        "x-ms-version": "2025-05-05"
      },
      "ResponseBody": "\uFEFF<?xml version=\"1.0\" encoding=\"utf-8\"?><EnumerationResults ServiceEndpoint=\"https://amandapreprod.file.core.windows.net/\" ShareName=\"test-share-06ac70f2-ade9-6c49-8b10-5a4cf917230e\" DirectoryPath=\"f124d4bb/1d0bb791/f2850e94/69258513/d1e19e6c\"><DirectoryId>14988049928633188352</DirectoryId><Entries><Directory><Name>5452f241</Name><FileId>12682206919419494400</FileId><Properties /></Directory></Entries><NextMarker /></EnumerationResults>"
    },
    {
      "RequestUri": "https://amandapreprod.file.core.windows.net/test-share-06ac70f2-ade9-6c49-8b10-5a4cf917230e/f124d4bb/1d0bb791/f2850e94/69258513/d1e19e6c/5452f241?restype=directory&comp=list",
      "RequestMethod": "GET",
      "RequestHeaders": {
        "Accept": "application/xml",
        "Authorization": "Sanitized",
        "User-Agent": "azsdk-net-Storage.Files.Shares/12.22.0-alpha.20241206.1 (.NET 6.0.36; Microsoft Windows 10.0.22635)",
        "x-ms-client-request-id": "Sanitized",
        "x-ms-date": "Fri, 06 Dec 2024 17:28:39 GMT",
        "x-ms-return-client-request-id": "true",
        "x-ms-version": "2025-05-05"
      },
      "RequestBody": null,
      "StatusCode": 200,
      "ResponseHeaders": {
        "Content-Type": "application/xml",
        "Date": "Fri, 06 Dec 2024 17:28:38 GMT",
        "Server": [
          "Windows-Azure-File/1.0",
          "Microsoft-HTTPAPI/2.0"
        ],
        "Transfer-Encoding": "chunked",
        "x-ms-client-request-id": "Sanitized",
        "x-ms-request-id": "6386d8c4-001a-0007-1604-48ccd7000000",
        "x-ms-version": "2025-05-05"
      },
      "ResponseBody": "\uFEFF<?xml version=\"1.0\" encoding=\"utf-8\"?><EnumerationResults ServiceEndpoint=\"https://amandapreprod.file.core.windows.net/\" ShareName=\"test-share-06ac70f2-ade9-6c49-8b10-5a4cf917230e\" DirectoryPath=\"f124d4bb/1d0bb791/f2850e94/69258513/d1e19e6c/5452f241\"><DirectoryId>12682206919419494400</DirectoryId><Entries><File><Name>2f78c2ab</Name><FileId>17293892937846882304</FileId><Properties><Content-Length>1024</Content-Length></Properties></File></Entries><NextMarker /></EnumerationResults>"
    },
    {
      "RequestUri": "https://amandapreprod.file.core.windows.net/test-share-06ac70f2-ade9-6c49-8b10-5a4cf917230e/f124d4bb/1d0bb791/f2850e94/69258513/d1e19e6c/5452f241/2f78c2ab",
      "RequestMethod": "HEAD",
      "RequestHeaders": {
        "Accept": "application/xml",
        "Authorization": "Sanitized",
        "traceparent": "00-88f6cc5b54234d9125ba4cd59ade2669-a36cad5141d82eb6-00",
        "User-Agent": "azsdk-net-Storage.Files.Shares/12.22.0-alpha.20241206.1 (.NET 6.0.36; Microsoft Windows 10.0.22635)",
        "x-ms-client-request-id": "Sanitized",
        "x-ms-date": "Fri, 06 Dec 2024 17:28:39 GMT",
        "x-ms-return-client-request-id": "true",
        "x-ms-version": "2025-05-05"
      },
      "RequestBody": null,
      "StatusCode": 200,
      "ResponseHeaders": {
        "Content-Length": "1024",
        "Content-Type": "application/octet-stream",
        "Date": "Fri, 06 Dec 2024 17:28:38 GMT",
        "ETag": "\"0x8DD161B6C242AC6\"",
        "Last-Modified": "Fri, 06 Dec 2024 17:28:39 GMT",
        "Server": [
          "Windows-Azure-File/1.0",
          "Microsoft-HTTPAPI/2.0"
        ],
        "x-ms-client-request-id": "Sanitized",
        "x-ms-file-attributes": "Archive",
        "x-ms-file-change-time": "2024-12-06T17:28:39.0716102Z",
        "x-ms-file-creation-time": "2024-12-06T17:28:38.9959415Z",
        "x-ms-file-id": "17293892937846882304",
        "x-ms-file-last-write-time": "2024-11-24T01:23:45.0000000Z",
        "x-ms-file-parent-id": "12682206919419494400",
        "x-ms-file-permission-key": "12626496306092130501*547956186189310027",
        "x-ms-lease-state": "available",
        "x-ms-lease-status": "unlocked",
        "x-ms-request-id": "6386d8c5-001a-0007-1704-48ccd7000000",
        "x-ms-server-encrypted": "true",
        "x-ms-type": "File",
        "x-ms-version": "2025-05-05"
      },
      "ResponseBody": null
    },
    {
      "RequestUri": "https://amandapreprod.file.core.windows.net/test-share-06ac70f2-ade9-6c49-8b10-5a4cf917230e/f124d4bb/1d0bb791/f2850e94/69258513/d1e19e6c/5452f241/2f78c2ab",
      "RequestMethod": "GET",
      "RequestHeaders": {
        "Accept": "application/xml",
        "Authorization": "Sanitized",
        "User-Agent": "azsdk-net-Storage.Files.Shares/12.22.0-alpha.20241206.1 (.NET 6.0.36; Microsoft Windows 10.0.22635)",
        "x-ms-client-request-id": "Sanitized",
        "x-ms-date": "Fri, 06 Dec 2024 17:28:39 GMT",
        "x-ms-range": "bytes=0-4194303",
        "x-ms-return-client-request-id": "true",
        "x-ms-version": "2025-05-05"
      },
      "RequestBody": null,
      "StatusCode": 206,
      "ResponseHeaders": {
        "Accept-Ranges": "bytes",
        "Content-Length": "1024",
        "Content-Range": "bytes 0-1023/1024",
        "Content-Type": "application/octet-stream",
        "Date": "Fri, 06 Dec 2024 17:28:38 GMT",
        "ETag": "\"0x8DD161B6C242AC6\"",
        "Last-Modified": "Fri, 06 Dec 2024 17:28:39 GMT",
        "Server": [
          "Windows-Azure-File/1.0",
          "Microsoft-HTTPAPI/2.0"
        ],
        "x-ms-client-request-id": "Sanitized",
        "x-ms-file-attributes": "Archive",
        "x-ms-file-change-time": "2024-12-06T17:28:39.0716102Z",
        "x-ms-file-creation-time": "2024-12-06T17:28:38.9959415Z",
        "x-ms-file-id": "17293892937846882304",
        "x-ms-file-last-write-time": "2024-11-24T01:23:45.0000000Z",
        "x-ms-file-parent-id": "12682206919419494400",
        "x-ms-file-permission-key": "12626496306092130501*547956186189310027",
        "x-ms-lease-state": "available",
        "x-ms-lease-status": "unlocked",
        "x-ms-request-id": "6386d8c6-001a-0007-1804-48ccd7000000",
        "x-ms-server-encrypted": "true",
        "x-ms-type": "File",
        "x-ms-version": "2025-05-05"
      },
      "ResponseBody": "1ngsvJvvGO3ynqw5EF8lgd9YfjG3yy0nsFzmKGHdwmbCWOEDnd7bu6mLPZxtCOQNXZvuKEE2/QtLBAs/CPCLFdxFd7h+IeMBfcKHLI6Quqh32crF7pkki1vWuJjSm7O5ACjAKJAsjzy47at/rtB9ukpixy8lxSZCIOtdqGhLLuEPzixl0JEXS0mODQHtpd2KWP5NcNSDlDoBfQelzufTbL7JcOCkF+m4SnzllrclVXoO009q/b4NizryZFOKcnxiu6FDJDX85kEVlCVYnf2C2yeMlvuXaW//vOSmsrOVLtf/g9sW4jBFEewNVGiZte08b4gr/tyBylIxQ2dRVjSOf2ZNWBoia/n2R4QOiRQGZgb2aUIqai/7fbmI5J7J9Lu4f9UCS1zTGgOONLdXckA+K91gWu3xYxU2UttgmYdbLVLJVQo+AxqqI08+nDV4pAp4SrnBaJrNxxvAy/mBcoB8MwZkjR02/yfCtjaessffvq7Q6E/OmsW4/I7ufjghKbDOwmguExbtQkqR/rFjLxRU4A1LsYowrplBq5GOR4HvoY2Gz/BfsaqX4qUFPJsTVcx6mp0q1nclnhPO7WeFXvvIoVwk3GAj9S9is87lK3H9LVbEFK3kxMsVYDDdkMNCEYOqPJs/73hsVqRuyCKpQHKh0MARwEpN5N2RD3wvRmRrH6FLO+7Wvj3dWL4IdfyobCC9O78DMVE5XFi+reD8PA9AAqiAXgWEyxKCM2eMRW7g6KNccQulZ+5QEd6WGBBd4RyuyHNUKA0bOW+tgf3prRfp3cU9oMoEmpq5L0wm7bMBJFJL3Xz7jL+VQDib+ObxZmTHrDpLIEFSqi3YmvjB9Eu8q1yrns+a7lEFqF+RaKK0yMjnX0F4tQQR+TNPIvLG00zs30yJRciVLb7pRnjhwEGKJNEw2pUKQ/ZYmqWcSstePtQSpIhWKoIAUjGDj26LLzjxxP4glvm24pxWMKsj+eLyigijzhu4NPlOL4hjh7OHzGtsqoXNPafbXMLsAPrX3VlPkARm6GAdOJAF0mdxU1vozmNAtk5cJUxhx3JZzDT/dlIuFPauIOQKT3H1x2s/aghmAzGWlycK8mu4BSDtw2xcBlsVQj5kOa5/NWbdZ13hIV1p8sgCaN8rJCKL9hvDHYsEmMEQKijKAsmCFmLALIoN1uTDg9GjWZ176h0c2UOSuxfb2M+c0PY1n/D/f1J9aveXfh83AJq6YT4jlEAKrSmG8FpK5VS7cAbtjePhpNpL/n8mhVojW7t9IHeQeDu2K/LGeI/3MoWj2w0ZSXO22Lxk2JbB4yjOY5SfzcTcK/jKN2LxGitKU8v5g6pNCRFHxki6K5+l9UfK+BT7WGXBxq8VTw=="
    },
    {
      "RequestUri": "https://amandapreprod.file.core.windows.net/test-share-06ac70f2-ade9-6c49-8b10-5a4cf917230e?restype=share",
      "RequestMethod": "DELETE",
      "RequestHeaders": {
        "Accept": "application/xml",
        "Authorization": "Sanitized",
        "traceparent": "00-04a6f4785e02725b9fc49d1495b3a83f-31199d830529bf87-00",
        "User-Agent": "azsdk-net-Storage.Files.Shares/12.22.0-alpha.20241206.1 (.NET 6.0.36; Microsoft Windows 10.0.22635)",
        "x-ms-client-request-id": "Sanitized",
        "x-ms-date": "Fri, 06 Dec 2024 17:28:39 GMT",
        "x-ms-delete-snapshots": "include",
        "x-ms-return-client-request-id": "true",
        "x-ms-version": "2025-05-05"
      },
      "RequestBody": null,
      "StatusCode": 202,
      "ResponseHeaders": {
        "Content-Length": "0",
        "Date": "Fri, 06 Dec 2024 17:28:38 GMT",
        "Server": [
          "Windows-Azure-File/1.0",
          "Microsoft-HTTPAPI/2.0"
        ],
        "x-ms-client-request-id": "Sanitized",
        "x-ms-request-id": "6386d8c7-001a-0007-1904-48ccd7000000",
        "x-ms-version": "2025-05-05"
      },
      "ResponseBody": null
    }
  ],
  "Variables": {
    "RandomSeed": "404117384",
    "Storage_TestConfigDefault": "ProductionTenant\namandapreprod\nU2FuaXRpemVk\nhttps://amandapreprod.blob.core.windows.net\nhttps://amandapreprod.file.core.windows.net\nhttps://amandapreprod.queue.core.windows.net\nhttps://amandapreprod.table.core.windows.net\n\n\n\n\nhttps://amandapreprod-secondary.blob.core.windows.net\nhttps://amandapreprod-secondary.file.core.windows.net\nhttps://amandapreprod-secondary.queue.core.windows.net\nhttps://amandapreprod-secondary.table.core.windows.net\nCloud\nBlobEndpoint=https://amandapreprod.blob.core.windows.net/;QueueEndpoint=https://amandapreprod.queue.core.windows.net/;FileEndpoint=https://amandapreprod.file.core.windows.net/;BlobSecondaryEndpoint=https://amandapreprod-secondary.blob.core.windows.net/;QueueSecondaryEndpoint=https://amandapreprod-secondary.queue.core.windows.net/;FileSecondaryEndpoint=https://amandapreprod-secondary.file.core.windows.net/;AccountName=amandapreprod;AccountKey=Sanitized\nencryptionScope\n\n"
  }
}
