{
  "Entries": [
    {
      "RequestUri": "https://jalauzonnettest.file.core.windows.net/test-share-a290a9a3-972b-a4ae-98e0-7e4be706571c?restype=share",
      "RequestMethod": "PUT",
      "RequestHeaders": {
        "Accept": "application/xml",
        "Authorization": "Sanitized",
        "Content-Length": "0",
        "traceparent": "00-1b801364e9fdb5511dbb7223e361275e-1e19ac93b1150e40-00",
        "User-Agent": "azsdk-net-Storage.Files.Shares/12.18.0-alpha.20231117.1 (.NET 6.0.25; Microsoft Windows 10.0.22621)",
        "x-ms-client-request-id": "3277eedf-0961-d496-b0f9-8c093b051d25",
        "x-ms-date": "Tue, 21 Nov 2023 20:53:12 GMT",
        "x-ms-return-client-request-id": "true",
        "x-ms-version": "2024-02-04"
      },
      "RequestBody": null,
      "StatusCode": 201,
      "ResponseHeaders": {
        "Content-Length": "0",
        "Date": "Tue, 21 Nov 2023 20:53:12 GMT",
        "ETag": "\u00220x8DBEAD3E07C789D\u0022",
        "Last-Modified": "Tue, 21 Nov 2023 20:53:12 GMT",
        "Server": [
          "Windows-Azure-File/1.0",
          "Microsoft-HTTPAPI/2.0"
        ],
        "x-ms-client-request-id": "3277eedf-0961-d496-b0f9-8c093b051d25",
        "x-ms-request-id": "3aa89f63-f01a-0030-04bc-1c640d000000",
        "x-ms-version": "2024-02-04"
      },
      "ResponseBody": null
    },
    {
      "RequestUri": "https://jalauzonnettest.file.core.windows.net/test-share-a290a9a3-972b-a4ae-98e0-7e4be706571c/1beed79b?restype=directory",
      "RequestMethod": "PUT",
      "RequestHeaders": {
        "Accept": "application/xml",
        "Authorization": "Sanitized",
        "Content-Length": "0",
        "traceparent": "00-858544ba7fb5a49a1c5badaf7466167d-e72ad3a5395ab552-00",
        "User-Agent": "azsdk-net-Storage.Files.Shares/12.18.0-alpha.20231117.1 (.NET 6.0.25; Microsoft Windows 10.0.22621)",
        "x-ms-client-request-id": "3ef7b15b-b441-648f-8abb-6a313de31395",
        "x-ms-date": "Tue, 21 Nov 2023 20:53:12 GMT",
        "x-ms-file-attributes": "None",
        "x-ms-file-creation-time": "Now",
        "x-ms-file-last-write-time": "Now",
        "x-ms-file-permission": "Inherit",
        "x-ms-return-client-request-id": "true",
        "x-ms-version": "2024-02-04"
      },
      "RequestBody": null,
      "StatusCode": 201,
      "ResponseHeaders": {
        "Content-Length": "0",
        "Date": "Tue, 21 Nov 2023 20:53:12 GMT",
        "ETag": "\u00220x8DBEAD3E0996630\u0022",
        "Last-Modified": "Tue, 21 Nov 2023 20:53:13 GMT",
        "Server": [
          "Windows-Azure-File/1.0",
          "Microsoft-HTTPAPI/2.0"
        ],
        "x-ms-client-request-id": "3ef7b15b-b441-648f-8abb-6a313de31395",
        "x-ms-file-attributes": "Directory",
        "x-ms-file-change-time": "2023-11-21T20:53:13.0205744Z",
        "x-ms-file-creation-time": "2023-11-21T20:53:13.0205744Z",
        "x-ms-file-id": "13835128424026341376",
        "x-ms-file-last-write-time": "2023-11-21T20:53:13.0205744Z",
        "x-ms-file-parent-id": "0",
        "x-ms-file-permission-key": "1597566016123626978*9146977694084461163",
        "x-ms-request-id": "3aa89f73-f01a-0030-12bc-1c640d000000",
        "x-ms-request-server-encrypted": "true",
        "x-ms-version": "2024-02-04"
      },
      "ResponseBody": null
    },
    {
      "RequestUri": "https://jalauzonnettest.file.core.windows.net/test-share-a290a9a3-972b-a4ae-98e0-7e4be706571c/1beed79b/99f9236a?restype=directory",
      "RequestMethod": "PUT",
      "RequestHeaders": {
        "Accept": "application/xml",
        "Authorization": "Sanitized",
        "Content-Length": "0",
        "traceparent": "00-d3002d109c4b30fc9f0bb3e4c6c4bd7c-05f620ea1cd2a213-00",
        "User-Agent": "azsdk-net-Storage.Files.Shares/12.18.0-alpha.20231117.1 (.NET 6.0.25; Microsoft Windows 10.0.22621)",
        "x-ms-client-request-id": "38c15725-8cde-3738-1b81-2132827cd652",
        "x-ms-date": "Tue, 21 Nov 2023 20:53:12 GMT",
        "x-ms-file-attributes": "None",
        "x-ms-file-creation-time": "Now",
        "x-ms-file-last-write-time": "Now",
        "x-ms-file-permission": "Inherit",
        "x-ms-return-client-request-id": "true",
        "x-ms-version": "2024-02-04"
      },
      "RequestBody": null,
      "StatusCode": 201,
      "ResponseHeaders": {
        "Content-Length": "0",
        "Date": "Tue, 21 Nov 2023 20:53:13 GMT",
        "ETag": "\u00220x8DBEAD3E0A41302\u0022",
        "Last-Modified": "Tue, 21 Nov 2023 20:53:13 GMT",
        "Server": [
          "Windows-Azure-File/1.0",
          "Microsoft-HTTPAPI/2.0"
        ],
        "x-ms-client-request-id": "38c15725-8cde-3738-1b81-2132827cd652",
        "x-ms-file-attributes": "Directory",
        "x-ms-file-change-time": "2023-11-21T20:53:13.0905346Z",
        "x-ms-file-creation-time": "2023-11-21T20:53:13.0905346Z",
        "x-ms-file-id": "11529285414812647424",
        "x-ms-file-last-write-time": "2023-11-21T20:53:13.0905346Z",
        "x-ms-file-parent-id": "13835128424026341376",
        "x-ms-file-permission-key": "1597566016123626978*9146977694084461163",
        "x-ms-request-id": "3aa89f7c-f01a-0030-1bbc-1c640d000000",
        "x-ms-request-server-encrypted": "true",
        "x-ms-version": "2024-02-04"
      },
      "ResponseBody": null
    },
    {
      "RequestUri": "https://jalauzonnettest.file.core.windows.net/test-share-a290a9a3-972b-a4ae-98e0-7e4be706571c/1beed79b/99f9236a/35ee2c6d?restype=directory",
      "RequestMethod": "PUT",
      "RequestHeaders": {
        "Accept": "application/xml",
        "Authorization": "Sanitized",
        "Content-Length": "0",
        "traceparent": "00-b4fb9ddee3e4149f2918dcc71ff73399-c717a2c597d71acc-00",
        "User-Agent": "azsdk-net-Storage.Files.Shares/12.18.0-alpha.20231117.1 (.NET 6.0.25; Microsoft Windows 10.0.22621)",
        "x-ms-client-request-id": "56c48dc6-a08d-33dc-69a9-816e0fd0e905",
        "x-ms-date": "Tue, 21 Nov 2023 20:53:12 GMT",
        "x-ms-file-attributes": "None",
        "x-ms-file-creation-time": "Now",
        "x-ms-file-last-write-time": "Now",
        "x-ms-file-permission": "Inherit",
        "x-ms-return-client-request-id": "true",
        "x-ms-version": "2024-02-04"
      },
      "RequestBody": null,
      "StatusCode": 201,
      "ResponseHeaders": {
        "Content-Length": "0",
        "Date": "Tue, 21 Nov 2023 20:53:13 GMT",
        "ETag": "\u00220x8DBEAD3E0BDFFD6\u0022",
        "Last-Modified": "Tue, 21 Nov 2023 20:53:13 GMT",
        "Server": [
          "Windows-Azure-File/1.0",
          "Microsoft-HTTPAPI/2.0"
        ],
        "x-ms-client-request-id": "56c48dc6-a08d-33dc-69a9-816e0fd0e905",
        "x-ms-file-attributes": "Directory",
        "x-ms-file-change-time": "2023-11-21T20:53:13.2604374Z",
        "x-ms-file-creation-time": "2023-11-21T20:53:13.2604374Z",
        "x-ms-file-id": "16140971433240035328",
        "x-ms-file-last-write-time": "2023-11-21T20:53:13.2604374Z",
        "x-ms-file-parent-id": "11529285414812647424",
        "x-ms-file-permission-key": "1597566016123626978*9146977694084461163",
        "x-ms-request-id": "3aa89f99-f01a-0030-38bc-1c640d000000",
        "x-ms-request-server-encrypted": "true",
        "x-ms-version": "2024-02-04"
      },
      "ResponseBody": null
    },
    {
      "RequestUri": "https://jalauzonnettest.file.core.windows.net/test-share-a290a9a3-972b-a4ae-98e0-7e4be706571c/1beed79b/99f9236a/43277a5b?restype=directory",
      "RequestMethod": "PUT",
      "RequestHeaders": {
        "Accept": "application/xml",
        "Authorization": "Sanitized",
        "Content-Length": "0",
        "traceparent": "00-88bc82ecf8f550663b56a6bce14f8909-d05a673ab7283741-00",
        "User-Agent": "azsdk-net-Storage.Files.Shares/12.18.0-alpha.20231117.1 (.NET 6.0.25; Microsoft Windows 10.0.22621)",
        "x-ms-client-request-id": "a1db9a9d-8231-9108-3f44-d7b9db091214",
        "x-ms-date": "Tue, 21 Nov 2023 20:53:12 GMT",
        "x-ms-file-attributes": "None",
        "x-ms-file-creation-time": "Now",
        "x-ms-file-last-write-time": "Now",
        "x-ms-file-permission": "Inherit",
        "x-ms-return-client-request-id": "true",
        "x-ms-version": "2024-02-04"
      },
      "RequestBody": null,
      "StatusCode": 201,
      "ResponseHeaders": {
        "Content-Length": "0",
        "Date": "Tue, 21 Nov 2023 20:53:13 GMT",
        "ETag": "\u00220x8DBEAD3E0C79B5E\u0022",
        "Last-Modified": "Tue, 21 Nov 2023 20:53:13 GMT",
        "Server": [
          "Windows-Azure-File/1.0",
          "Microsoft-HTTPAPI/2.0"
        ],
        "x-ms-client-request-id": "a1db9a9d-8231-9108-3f44-d7b9db091214",
        "x-ms-file-attributes": "Directory",
        "x-ms-file-change-time": "2023-11-21T20:53:13.3234014Z",
        "x-ms-file-creation-time": "2023-11-21T20:53:13.3234014Z",
        "x-ms-file-id": "10376363910205800448",
        "x-ms-file-last-write-time": "2023-11-21T20:53:13.3234014Z",
        "x-ms-file-parent-id": "11529285414812647424",
        "x-ms-file-permission-key": "1597566016123626978*9146977694084461163",
        "x-ms-request-id": "3aa89fa2-f01a-0030-41bc-1c640d000000",
        "x-ms-request-server-encrypted": "true",
        "x-ms-version": "2024-02-04"
      },
      "ResponseBody": null
    },
    {
      "RequestUri": "https://jalauzonnettest.file.core.windows.net/test-share-a290a9a3-972b-a4ae-98e0-7e4be706571c/1beed79b/99f9236a?restype=directory\u0026comp=list",
      "RequestMethod": "GET",
      "RequestHeaders": {
        "Accept": "application/xml",
        "Authorization": "Sanitized",
        "traceparent": "00-5beed29f21c67d1c904dc755b4c7e22c-1c4cb32479e35c63-00",
        "User-Agent": "azsdk-net-Storage.Files.Shares/12.18.0-alpha.20231117.1 (.NET 6.0.25; Microsoft Windows 10.0.22621)",
        "x-ms-client-request-id": "75d16730-48f5-41d3-e7cc-5a05a27834aa",
        "x-ms-date": "Tue, 21 Nov 2023 20:53:13 GMT",
        "x-ms-return-client-request-id": "true",
        "x-ms-version": "2024-02-04"
      },
      "RequestBody": null,
      "StatusCode": 200,
      "ResponseHeaders": {
        "Content-Type": "application/xml",
        "Date": "Tue, 21 Nov 2023 20:53:13 GMT",
        "Server": [
          "Windows-Azure-File/1.0",
          "Microsoft-HTTPAPI/2.0"
        ],
        "Transfer-Encoding": "chunked",
        "x-ms-client-request-id": "75d16730-48f5-41d3-e7cc-5a05a27834aa",
        "x-ms-request-id": "3aa89fd1-f01a-0030-70bc-1c640d000000",
        "x-ms-version": "2024-02-04"
      },
      "ResponseBody": "\uFEFF\u003C?xml version=\u00221.0\u0022 encoding=\u0022utf-8\u0022?\u003E\u003CEnumerationResults ServiceEndpoint=\u0022https://jalauzonnettest.file.core.windows.net/\u0022 ShareName=\u0022test-share-a290a9a3-972b-a4ae-98e0-7e4be706571c\u0022 DirectoryPath=\u00221beed79b/99f9236a\u0022\u003E\u003CDirectoryId\u003E11529285414812647424\u003C/DirectoryId\u003E\u003CEntries\u003E\u003CDirectory\u003E\u003CName\u003E35ee2c6d\u003C/Name\u003E\u003CFileId\u003E16140971433240035328\u003C/FileId\u003E\u003CProperties /\u003E\u003C/Directory\u003E\u003CDirectory\u003E\u003CName\u003E43277a5b\u003C/Name\u003E\u003CFileId\u003E10376363910205800448\u003C/FileId\u003E\u003CProperties /\u003E\u003C/Directory\u003E\u003C/Entries\u003E\u003CNextMarker /\u003E\u003C/EnumerationResults\u003E"
    },
    {
      "RequestUri": "https://jalauzonnettest.file.core.windows.net/test-share-a290a9a3-972b-a4ae-98e0-7e4be706571c/1beed79b/99f9236a/35ee2c6d?restype=directory\u0026comp=list",
      "RequestMethod": "GET",
      "RequestHeaders": {
        "Accept": "application/xml",
        "Authorization": "Sanitized",
        "traceparent": "00-52c9d60ff3cc8f49a9bc55c8b9e69b3d-7f14cca1e3a46072-00",
        "User-Agent": "azsdk-net-Storage.Files.Shares/12.18.0-alpha.20231117.1 (.NET 6.0.25; Microsoft Windows 10.0.22621)",
        "x-ms-client-request-id": "73883cfa-9d37-751e-643c-2d7d8d0aaae3",
        "x-ms-date": "Tue, 21 Nov 2023 20:53:13 GMT",
        "x-ms-return-client-request-id": "true",
        "x-ms-version": "2024-02-04"
      },
      "RequestBody": null,
      "StatusCode": 200,
      "ResponseHeaders": {
        "Content-Type": "application/xml",
        "Date": "Tue, 21 Nov 2023 20:53:13 GMT",
        "Server": [
          "Windows-Azure-File/1.0",
          "Microsoft-HTTPAPI/2.0"
        ],
        "Transfer-Encoding": "chunked",
        "x-ms-client-request-id": "73883cfa-9d37-751e-643c-2d7d8d0aaae3",
        "x-ms-request-id": "3aa89fdb-f01a-0030-7abc-1c640d000000",
        "x-ms-version": "2024-02-04"
      },
      "ResponseBody": "\uFEFF\u003C?xml version=\u00221.0\u0022 encoding=\u0022utf-8\u0022?\u003E\u003CEnumerationResults ServiceEndpoint=\u0022https://jalauzonnettest.file.core.windows.net/\u0022 ShareName=\u0022test-share-a290a9a3-972b-a4ae-98e0-7e4be706571c\u0022 DirectoryPath=\u00221beed79b/99f9236a/35ee2c6d\u0022\u003E\u003CDirectoryId\u003E16140971433240035328\u003C/DirectoryId\u003E\u003CEntries /\u003E\u003CNextMarker /\u003E\u003C/EnumerationResults\u003E"
    },
    {
      "RequestUri": "https://jalauzonnettest.file.core.windows.net/test-share-a290a9a3-972b-a4ae-98e0-7e4be706571c/1beed79b/99f9236a/43277a5b?restype=directory\u0026comp=list",
      "RequestMethod": "GET",
      "RequestHeaders": {
        "Accept": "application/xml",
        "Authorization": "Sanitized",
        "traceparent": "00-ce74c25bbad1d2453b35ee0314955865-9fcb37dda5d6678b-00",
        "User-Agent": "azsdk-net-Storage.Files.Shares/12.18.0-alpha.20231117.1 (.NET 6.0.25; Microsoft Windows 10.0.22621)",
        "x-ms-client-request-id": "650a288b-c0ef-1c72-1e9b-4d143652287f",
        "x-ms-date": "Tue, 21 Nov 2023 20:53:13 GMT",
        "x-ms-return-client-request-id": "true",
        "x-ms-version": "2024-02-04"
      },
      "RequestBody": null,
      "StatusCode": 200,
      "ResponseHeaders": {
        "Content-Type": "application/xml",
        "Date": "Tue, 21 Nov 2023 20:53:13 GMT",
        "Server": [
          "Windows-Azure-File/1.0",
          "Microsoft-HTTPAPI/2.0"
        ],
        "Transfer-Encoding": "chunked",
        "x-ms-client-request-id": "650a288b-c0ef-1c72-1e9b-4d143652287f",
        "x-ms-request-id": "3aa89fe7-f01a-0030-06bc-1c640d000000",
        "x-ms-version": "2024-02-04"
      },
      "ResponseBody": "\uFEFF\u003C?xml version=\u00221.0\u0022 encoding=\u0022utf-8\u0022?\u003E\u003CEnumerationResults ServiceEndpoint=\u0022https://jalauzonnettest.file.core.windows.net/\u0022 ShareName=\u0022test-share-a290a9a3-972b-a4ae-98e0-7e4be706571c\u0022 DirectoryPath=\u00221beed79b/99f9236a/43277a5b\u0022\u003E\u003CDirectoryId\u003E10376363910205800448\u003C/DirectoryId\u003E\u003CEntries /\u003E\u003CNextMarker /\u003E\u003C/EnumerationResults\u003E"
    },
    {
      "RequestUri": "https://jalauzonnettest.file.core.windows.net/test-share-a290a9a3-972b-a4ae-98e0-7e4be706571c?restype=share",
      "RequestMethod": "DELETE",
      "RequestHeaders": {
        "Accept": "application/xml",
        "Authorization": "Sanitized",
        "traceparent": "00-ad003b4daabd7ad7b09196fbaf65eaae-0e3393a62645c572-00",
        "User-Agent": "azsdk-net-Storage.Files.Shares/12.18.0-alpha.20231117.1 (.NET 6.0.25; Microsoft Windows 10.0.22621)",
        "x-ms-client-request-id": "64f28cda-44ff-bff3-84eb-f5614a359545",
        "x-ms-date": "Tue, 21 Nov 2023 20:53:13 GMT",
        "x-ms-delete-snapshots": "include",
        "x-ms-return-client-request-id": "true",
        "x-ms-version": "2024-02-04"
      },
      "RequestBody": null,
      "StatusCode": 202,
      "ResponseHeaders": {
        "Content-Length": "0",
        "Date": "Tue, 21 Nov 2023 20:53:13 GMT",
        "Server": [
          "Windows-Azure-File/1.0",
          "Microsoft-HTTPAPI/2.0"
        ],
        "x-ms-client-request-id": "64f28cda-44ff-bff3-84eb-f5614a359545",
        "x-ms-request-id": "3aa89ff9-f01a-0030-18bc-1c640d000000",
        "x-ms-version": "2024-02-04"
      },
      "ResponseBody": null
    }
  ],
  "Variables": {
    "RandomSeed": "319058493",
    "Storage_TestConfigDefault": "ProductionTenant\njalauzonnettest\nU2FuaXRpemVk\nhttps://jalauzonnettest.blob.core.windows.net\nhttps://jalauzonnettest.file.core.windows.net\nhttps://jalauzonnettest.queue.core.windows.net\nhttps://jalauzonnettest.table.core.windows.net\n\n\n\n\nhttps://jalauzonnettest-secondary.blob.core.windows.net\nhttps://jalauzonnettest-secondary.file.core.windows.net\nhttps://jalauzonnettest-secondary.queue.core.windows.net\nhttps://jalauzonnettest-secondary.table.core.windows.net\n\nSanitized\n\n\nCloud\nBlobEndpoint=https://jalauzonnettest.blob.core.windows.net/;QueueEndpoint=https://jalauzonnettest.queue.core.windows.net/;FileEndpoint=https://jalauzonnettest.file.core.windows.net/;BlobSecondaryEndpoint=https://jalauzonnettest-secondary.blob.core.windows.net/;QueueSecondaryEndpoint=https://jalauzonnettest-secondary.queue.core.windows.net/;FileSecondaryEndpoint=https://jalauzonnettest-secondary.file.core.windows.net/;AccountName=jalauzonnettest;AccountKey=Sanitized\ntestscope1\n\n"
  }
}
