{
  "Entries": [
    {
      "RequestUri": "https://Sanitized.api.wcus.digitaltwins.azure.net/models/dtmi:com:samples:ComponentModelf0a53861;1?includeModelDefinition=false&api-version=2023-10-31",
      "RequestMethod": "GET",
      "RequestHeaders": {
        "Accept": "application/json",
        "Accept-Encoding": "gzip, deflate",
        "User-Agent": "azsdk-python-digitaltwins-core/1.3.0 Python/3.13.5 (Windows-11-10.0.26100-SP0)"
      },
      "RequestBody": null,
      "StatusCode": 404,
      "ResponseHeaders": {
        "Content-Length": "226",
        "Content-Type": "application/json; charset=utf-8",
        "Date": "Mon, 14 Jul 2025 01:50:11 GMT",
        "mise-correlation-id": "fb6c9562-f007-459c-89dc-cf7fff1daa00",
        "Strict-Transport-Security": "max-age=2592000",
        "traceresponse": "00-2c4db0f3f705bbdf3dbd402fb8a109f1-21a67ae5c3c325bb-01",
        "x-ms-error-code": "ModelNotFound"
      },
      "ResponseBody": {
        "error": {
          "code": "ModelNotFound",
          "message": "There is no Model(s) available that matches the provided id(s) dtmi:com:samples:ComponentModelf0a53861;1. Check that the Model ID provided is valid by doing a Model_List API call."
        }
      }
    },
    {
      "RequestUri": "https://Sanitized.api.wcus.digitaltwins.azure.net/models?api-version=2023-10-31",
      "RequestMethod": "POST",
      "RequestHeaders": {
        "Accept": "application/json",
        "Accept-Encoding": "gzip, deflate",
        "Content-Length": "301",
        "Content-Type": "application/json",
        "User-Agent": "azsdk-python-digitaltwins-core/1.3.0 Python/3.13.5 (Windows-11-10.0.26100-SP0)"
      },
      "RequestBody": "[{\"@id\": \"dtmi:com:samples:ComponentModelf0a53861;1\", \"@type\": \"Interface\", \"@context\": [\"dtmi:dtdl:context;2\"], \"displayName\": \"Component1\", \"contents\": [{\"@type\": \"Property\", \"name\": \"ComponentProp1\", \"schema\": \"string\"}, {\"@type\": \"Telemetry\", \"name\": \"ComponentTelemetry1\", \"schema\": \"integer\"}]}]",
      "StatusCode": 201,
      "ResponseHeaders": {
        "Content-Length": "175",
        "Content-Type": "application/json; charset=utf-8",
        "Date": "Mon, 14 Jul 2025 01:50:11 GMT",
        "mise-correlation-id": "1cfc97cc-6e6a-42d8-90e7-2f2df5a810e6",
        "Strict-Transport-Security": "max-age=2592000",
        "traceresponse": "00-f9218b73dbe75657f7bf941f930c1c98-f6725df84924376a-01"
      },
      "ResponseBody": "[{\"id\":\"dtmi:com:samples:ComponentModelf0a53861;1\",\"description\":{},\"displayName\":{\"en\":\"Component1\"},\"decommissioned\":false,\"uploadTime\":\"2025-07-14T01:50:11.8032518+00:00\"}]"
    },
    {
      "RequestUri": "https://Sanitized.api.wcus.digitaltwins.azure.net/models?includeModelDefinition=true&api-version=2023-10-31",
      "RequestMethod": "GET",
      "RequestHeaders": {
        "Accept": "application/json",
        "Accept-Encoding": "gzip, deflate",
        "User-Agent": "azsdk-python-digitaltwins-core/1.3.0 Python/3.13.5 (Windows-11-10.0.26100-SP0)"
      },
      "RequestBody": null,
      "StatusCode": 200,
      "ResponseHeaders": {
        "Content-Length": "7894",
        "Content-Type": "application/json; charset=utf-8",
        "Date": "Mon, 14 Jul 2025 01:50:11 GMT",
        "mise-correlation-id": "52a71ffe-7973-4269-9d5c-406fc42eee2f",
        "Strict-Transport-Security": "max-age=2592000",
        "traceresponse": "00-e20507e4c5e03232660866816fee3563-488317ea98f7cf92-01"
      },
      "ResponseBody": {
        "value": [
          {
            "id": "dtmi:samples:DTTestBuilding;1",
            "description": {},
            "displayName": {
              "en": "Building"
            },
            "decommissioned": false,
            "uploadTime": "2025-07-14T01:47:00.230373+00:00",
            "model": {
              "@id": "dtmi:samples:DTTestBuilding;1",
              "@type": "Interface",
              "@context": "dtmi:dtdl:context;2",
              "displayName": "Building",
              "contents": [
                {
                  "@type": "Property",
                  "name": "AverageTemperature",
                  "schema": "double"
                },
                {
                  "@type": "Property",
                  "name": "TemperatureUnit",
                  "schema": "string"
                }
              ]
            }
          },
          {
            "id": "dtmi:com:samples:ComponentModelbbab2b7e;1",
            "description": {},
            "displayName": {
              "en": "Component1"
            },
            "decommissioned": false,
            "uploadTime": "2025-07-14T01:48:18.8573132+00:00",
            "model": {
              "@id": "dtmi:com:samples:ComponentModelbbab2b7e;1",
              "@type": "Interface",
              "@context": "dtmi:dtdl:context;2",
              "displayName": "Component1",
              "contents": [
                {
                  "@type": "Property",
                  "name": "ComponentProp1",
                  "schema": "string"
                },
                {
                  "@type": "Telemetry",
                  "name": "ComponentTelemetry1",
                  "schema": "integer"
                }
              ]
            }
          },
          {
            "id": "dtmi:com:samples:TempModelbbab2b7e;1",
            "description": {},
            "displayName": {
              "en": "TempModel"
            },
            "decommissioned": false,
            "uploadTime": "2025-07-14T01:48:18.8573357+00:00",
            "model": {
              "@id": "dtmi:com:samples:TempModelbbab2b7e;1",
              "@type": "Interface",
              "@context": "dtmi:dtdl:context;2",
              "displayName": "TempModel",
              "contents": [
                {
                  "@type": "Property",
                  "name": "Prop1",
                  "schema": "string"
                },
                {
                  "@type": "Component",
                  "name": "Component1",
                  "schema": "dtmi:com:samples:ComponentModelbbab2b7e;1"
                },
                {
                  "@type": "Telemetry",
                  "name": "Telemetry1",
                  "schema": "integer"
                }
              ]
            }
          },
          {
            "id": "dtmi:com:samples:TempModel2d712ed5;1",
            "description": {},
            "displayName": {
              "en": "TempModel"
            },
            "decommissioned": false,
            "uploadTime": "2025-07-14T01:48:23.2758603+00:00",
            "model": {
              "@id": "dtmi:com:samples:TempModel2d712ed5;1",
              "@type": "Interface",
              "@context": "dtmi:dtdl:context;2",
              "displayName": "TempModel",
              "contents": [
                {
                  "@type": "Property",
                  "name": "Prop1",
                  "schema": "string"
                },
                {
                  "@type": "Telemetry",
                  "name": "Telemetry1",
                  "schema": "integer"
                }
              ]
            }
          },
          {
            "id": "dtmi:com:samples:ComponentModeld0629d7;1",
            "description": {},
            "displayName": {
              "en": "Component1"
            },
            "decommissioned": false,
            "uploadTime": "2025-07-14T01:48:37.4183538+00:00",
            "model": {
              "@id": "dtmi:com:samples:ComponentModeld0629d7;1",
              "@type": "Interface",
              "@context": "dtmi:dtdl:context;2",
              "displayName": "Component1",
              "contents": [
                {
                  "@type": "Property",
                  "name": "ComponentProp1",
                  "schema": "string"
                },
                {
                  "@type": "Telemetry",
                  "name": "ComponentTelemetry1",
                  "schema": "integer"
                }
              ]
            }
          },
          {
            "id": "dtmi:com:samples:ComponentModelf035307a;1",
            "description": {},
            "displayName": {
              "en": "Component1"
            },
            "decommissioned": false,
            "uploadTime": "2025-07-14T01:48:41.7197836+00:00",
            "model": {
              "@id": "dtmi:com:samples:ComponentModelf035307a;1",
              "@type": "Interface",
              "@context": [
                "dtmi:dtdl:context;2"
              ],
              "displayName": "Component1",
              "contents": [
                {
                  "@type": "Property",
                  "name": "ComponentProp1",
                  "schema": "string"
                },
                {
                  "@type": "Telemetry",
                  "name": "ComponentTelemetry1",
                  "schema": "integer"
                }
              ]
            }
          },
          {
            "id": "dtmi:com:samples:ComponentModel651c2ac6;1",
            "description": {},
            "displayName": {
              "en": "Component1"
            },
            "decommissioned": false,
            "uploadTime": "2025-07-14T01:48:50.4473061+00:00",
            "model": {
              "@id": "dtmi:com:samples:ComponentModel651c2ac6;1",
              "@type": "Interface",
              "@context": [
                "dtmi:dtdl:context;2"
              ],
              "displayName": "Component1",
              "contents": [
                {
                  "@type": "Property",
                  "name": "ComponentProp1",
                  "schema": "string"
                },
                {
                  "@type": "Telemetry",
                  "name": "ComponentTelemetry1",
                  "schema": "integer"
                }
              ]
            }
          },
          {
            "id": "dtmi:com:samples:ComponentModel574a3169;1",
            "description": {},
            "displayName": {
              "en": "Component1"
            },
            "decommissioned": false,
            "uploadTime": "2025-07-14T01:48:55.2771609+00:00",
            "model": {
              "@id": "dtmi:com:samples:ComponentModel574a3169;1",
              "@type": "Interface",
              "@context": [
                "dtmi:dtdl:context;2"
              ],
              "displayName": "Component1",
              "contents": [
                {
                  "@type": "Property",
                  "name": "ComponentProp1",
                  "schema": "string"
                },
                {
                  "@type": "Telemetry",
                  "name": "ComponentTelemetry1",
                  "schema": "integer"
                }
              ]
            }
          },
          {
            "id": "dtmi:com:samples:ComponentModela1052da1;1",
            "description": {},
            "displayName": {
              "en": "Component1"
            },
            "decommissioned": true,
            "uploadTime": "2025-07-14T01:48:59.9508322+00:00",
            "model": {
              "@id": "dtmi:com:samples:ComponentModela1052da1;1",
              "@type": "Interface",
              "@context": "dtmi:dtdl:context;2",
              "displayName": "Component1",
              "contents": [
                {
                  "@type": "Property",
                  "name": "ComponentProp1",
                  "schema": "string"
                },
                {
                  "@type": "Telemetry",
                  "name": "ComponentTelemetry1",
                  "schema": "integer"
                }
              ]
            }
          },
          {
            "id": "dtmi:com:samples:ComponentModel3df33714;1",
            "description": {},
            "displayName": {
              "en": "Component1"
            },
            "decommissioned": true,
            "uploadTime": "2025-07-14T01:49:09.0472857+00:00",
            "model": {
              "@id": "dtmi:com:samples:ComponentModel3df33714;1",
              "@type": "Interface",
              "@context": "dtmi:dtdl:context;2",
              "displayName": "Component1",
              "contents": [
                {
                  "@type": "Property",
                  "name": "ComponentProp1",
                  "schema": "string"
                },
                {
                  "@type": "Telemetry",
                  "name": "ComponentTelemetry1",
                  "schema": "integer"
                }
              ]
            }
          },
          {
            "id": "dtmi:com:samples:ComponentModelf2ca3276;1",
            "description": {},
            "displayName": {
              "en": "Component1"
            },
            "decommissioned": false,
            "uploadTime": "2025-07-14T01:49:37.9125911+00:00",
            "model": {
              "@id": "dtmi:com:samples:ComponentModelf2ca3276;1",
              "@type": "Interface",
              "@context": "dtmi:dtdl:context;2",
              "displayName": "Component1",
              "contents": [
                {
                  "@type": "Property",
                  "name": "ComponentProp1",
                  "schema": "string"
                },
                {
                  "@type": "Telemetry",
                  "name": "ComponentTelemetry1",
                  "schema": "integer"
                }
              ]
            }
          },
          {
            "id": "dtmi:com:samples:TempModelf2ca3276;1",
            "description": {},
            "displayName": {
              "en": "TempModel"
            },
            "decommissioned": false,
            "uploadTime": "2025-07-14T01:49:37.9126232+00:00",
            "model": {
              "@id": "dtmi:com:samples:TempModelf2ca3276;1",
              "@type": "Interface",
              "@context": "dtmi:dtdl:context;2",
              "displayName": "TempModel",
              "contents": [
                {
                  "@type": "Property",
                  "name": "Prop1",
                  "schema": "string"
                },
                {
                  "@type": "Component",
                  "name": "Component1",
                  "schema": "dtmi:com:samples:ComponentModelf2ca3276;1"
                },
                {
                  "@type": "Telemetry",
                  "name": "Telemetry1",
                  "schema": "integer"
                }
              ]
            }
          },
          {
            "id": "dtmi:com:samples:TempModel9c7235cd;1",
            "description": {},
            "displayName": {
              "en": "TempModel"
            },
            "decommissioned": false,
            "uploadTime": "2025-07-14T01:49:41.6001642+00:00",
            "model": {
              "@id": "dtmi:com:samples:TempModel9c7235cd;1",
              "@type": "Interface",
              "@context": "dtmi:dtdl:context;2",
              "displayName": "TempModel",
              "contents": [
                {
                  "@type": "Property",
                  "name": "Prop1",
                  "schema": "string"
                },
                {
                  "@type": "Telemetry",
                  "name": "Telemetry1",
                  "schema": "integer"
                }
              ]
            }
          },
          {
            "id": "dtmi:com:samples:ComponentModel284f30cf;1",
            "description": {},
            "displayName": {
              "en": "Component1"
            },
            "decommissioned": false,
            "uploadTime": "2025-07-14T01:49:54.0455282+00:00",
            "model": {
              "@id": "dtmi:com:samples:ComponentModel284f30cf;1",
              "@type": "Interface",
              "@context": "dtmi:dtdl:context;2",
              "displayName": "Component1",
              "contents": [
                {
                  "@type": "Property",
                  "name": "ComponentProp1",
                  "schema": "string"
                },
                {
                  "@type": "Telemetry",
                  "name": "ComponentTelemetry1",
                  "schema": "integer"
                }
              ]
            }
          },
          {
            "id": "dtmi:com:samples:ComponentModel7b0f3772;1",
            "description": {},
            "displayName": {
              "en": "Component1"
            },
            "decommissioned": false,
            "uploadTime": "2025-07-14T01:49:58.6306967+00:00",
            "model": {
              "@id": "dtmi:com:samples:ComponentModel7b0f3772;1",
              "@type": "Interface",
              "@context": [
                "dtmi:dtdl:context;2"
              ],
              "displayName": "Component1",
              "contents": [
                {
                  "@type": "Property",
                  "name": "ComponentProp1",
                  "schema": "string"
                },
                {
                  "@type": "Telemetry",
                  "name": "ComponentTelemetry1",
                  "schema": "integer"
                }
              ]
            }
          },
          {
            "id": "dtmi:com:samples:ComponentModel8ef531be;1",
            "description": {},
            "displayName": {
              "en": "Component1"
            },
            "decommissioned": false,
            "uploadTime": "2025-07-14T01:50:07.7803421+00:00",
            "model": {
              "@id": "dtmi:com:samples:ComponentModel8ef531be;1",
              "@type": "Interface",
              "@context": [
                "dtmi:dtdl:context;2"
              ],
              "displayName": "Component1",
              "contents": [
                {
                  "@type": "Property",
                  "name": "ComponentProp1",
                  "schema": "string"
                },
                {
                  "@type": "Telemetry",
                  "name": "ComponentTelemetry1",
                  "schema": "integer"
                }
              ]
            }
          },
          {
            "id": "dtmi:com:samples:ComponentModelf0a53861;1",
            "description": {},
            "displayName": {
              "en": "Component1"
            },
            "decommissioned": false,
            "uploadTime": "2025-07-14T01:50:11.8032518+00:00",
            "model": {
              "@id": "dtmi:com:samples:ComponentModelf0a53861;1",
              "@type": "Interface",
              "@context": [
                "dtmi:dtdl:context;2"
              ],
              "displayName": "Component1",
              "contents": [
                {
                  "@type": "Property",
                  "name": "ComponentProp1",
                  "schema": "string"
                },
                {
                  "@type": "Telemetry",
                  "name": "ComponentTelemetry1",
                  "schema": "integer"
                }
              ]
            }
          }
        ],
        "nextLink": null
      }
    }
  ],
  "Variables": {}
}
