{
  "Entries": [
    {
      "RequestUri": "https://Sanitized.api.wcus.digitaltwins.azure.net/models?includeModelDefinition=false&api-version=2023-10-31",
      "RequestMethod": "GET",
      "RequestHeaders": {
        "Accept": "application/json",
        "Accept-Encoding": "gzip, deflate",
        "User-Agent": "azsdk-python-digitaltwins-core/1.3.0 Python/3.13.5 (Windows-11-10.0.26100-SP0)"
      },
      "RequestBody": null,
      "StatusCode": 200,
      "ResponseHeaders": {
        "Content-Length": "376",
        "Content-Type": "application/json; charset=utf-8",
        "Date": "Mon, 14 Jul 2025 01:43:03 GMT",
        "mise-correlation-id": "38a56441-de68-44c6-a8a9-65601593fdb9",
        "Strict-Transport-Security": "max-age=2592000",
        "traceresponse": "00-b5db100c82073cef4e0fdfc964f52555-b086bd60372f1315-01"
      },
      "ResponseBody": {
        "value": [
          {
            "id": "dtmi:com:samples:DTComponentTestsComponent;1",
            "description": {},
            "displayName": {
              "en": "Component1"
            },
            "decommissioned": false,
            "uploadTime": "2025-07-14T01:42:59.6197642+00:00"
          },
          {
            "id": "dtmi:com:samples:DTComponentTestsModel;1",
            "description": {},
            "displayName": {
              "en": "TempModel"
            },
            "decommissioned": false,
            "uploadTime": "2025-07-14T01:42:59.6197849+00:00"
          }
        ],
        "nextLink": null
      }
    },
    {
      "RequestUri": "https://Sanitized.api.wcus.digitaltwins.azure.net/models/dtmi:com:samples:DTComponentTestsComponent;1?api-version=2023-10-31",
      "RequestMethod": "DELETE",
      "RequestHeaders": {
        "Accept": "application/json",
        "Accept-Encoding": "gzip, deflate",
        "Content-Length": "0",
        "User-Agent": "azsdk-python-digitaltwins-core/1.3.0 Python/3.13.5 (Windows-11-10.0.26100-SP0)"
      },
      "RequestBody": null,
      "StatusCode": 409,
      "ResponseHeaders": {
        "Content-Length": "266",
        "Content-Type": "application/json; charset=utf-8",
        "Date": "Mon, 14 Jul 2025 01:43:03 GMT",
        "mise-correlation-id": "29bef71f-b45b-4dfe-93c6-9add2f51bafd",
        "Strict-Transport-Security": "max-age=2592000",
        "traceresponse": "00-5dd9e263f11ca4bdbddfe02e59cd1c22-949d1fa416b21909-01",
        "x-ms-error-code": "ModelReferencesNotDeleted"
      },
      "ResponseBody": {
        "error": {
          "code": "ModelReferencesNotDeleted",
          "message": "This model is currently being referenced by dtmi:com:samples:DTComponentTestsModel;1. You must delete these references before deleting the Model.. To delete references, do Delete Model on Ids provided above."
        }
      }
    },
    {
      "RequestUri": "https://Sanitized.api.wcus.digitaltwins.azure.net/models/dtmi:com:samples:DTComponentTestsModel;1?api-version=2023-10-31",
      "RequestMethod": "DELETE",
      "RequestHeaders": {
        "Accept": "application/json",
        "Accept-Encoding": "gzip, deflate",
        "Content-Length": "0",
        "User-Agent": "azsdk-python-digitaltwins-core/1.3.0 Python/3.13.5 (Windows-11-10.0.26100-SP0)"
      },
      "RequestBody": null,
      "StatusCode": 204,
      "ResponseHeaders": {
        "Content-Length": "0",
        "Date": "Mon, 14 Jul 2025 01:43:03 GMT",
        "mise-correlation-id": "e96e7c32-f6f8-4a6e-8eb8-fa637726c82f",
        "Strict-Transport-Security": "max-age=2592000",
        "traceresponse": "00-f48ee0b49ffa9af7bb0b59f732f0396b-99bf1aba8cb67b3f-01"
      },
      "ResponseBody": null
    },
    {
      "RequestUri": "https://Sanitized.api.wcus.digitaltwins.azure.net/models?includeModelDefinition=false&api-version=2023-10-31",
      "RequestMethod": "GET",
      "RequestHeaders": {
        "Accept": "application/json",
        "Accept-Encoding": "gzip, deflate",
        "User-Agent": "azsdk-python-digitaltwins-core/1.3.0 Python/3.13.5 (Windows-11-10.0.26100-SP0)"
      },
      "RequestBody": null,
      "StatusCode": 200,
      "ResponseHeaders": {
        "Content-Length": "204",
        "Content-Type": "application/json; charset=utf-8",
        "Date": "Mon, 14 Jul 2025 01:43:03 GMT",
        "mise-correlation-id": "592c9e99-7868-43e8-a166-a2fb0741dfa6",
        "Strict-Transport-Security": "max-age=2592000",
        "traceresponse": "00-4133bf80268d9bfbfc5889d591280a0e-754038887a36f1c2-01"
      },
      "ResponseBody": {
        "value": [
          {
            "id": "dtmi:com:samples:DTComponentTestsComponent;1",
            "description": {},
            "displayName": {
              "en": "Component1"
            },
            "decommissioned": false,
            "uploadTime": "2025-07-14T01:42:59.6197642+00:00"
          }
        ],
        "nextLink": null
      }
    },
    {
      "RequestUri": "https://Sanitized.api.wcus.digitaltwins.azure.net/models/dtmi:com:samples:DTComponentTestsComponent;1?api-version=2023-10-31",
      "RequestMethod": "DELETE",
      "RequestHeaders": {
        "Accept": "application/json",
        "Accept-Encoding": "gzip, deflate",
        "Content-Length": "0",
        "User-Agent": "azsdk-python-digitaltwins-core/1.3.0 Python/3.13.5 (Windows-11-10.0.26100-SP0)"
      },
      "RequestBody": null,
      "StatusCode": 204,
      "ResponseHeaders": {
        "Content-Length": "0",
        "Date": "Mon, 14 Jul 2025 01:43:03 GMT",
        "mise-correlation-id": "bb7cc604-6820-4238-884e-4f1049208aa5",
        "Strict-Transport-Security": "max-age=2592000",
        "traceresponse": "00-6d59041bf0242c019f2b8820e894b9d7-2f1abca46b6bd960-01"
      },
      "ResponseBody": null
    },
    {
      "RequestUri": "https://Sanitized.api.wcus.digitaltwins.azure.net/models?includeModelDefinition=false&api-version=2023-10-31",
      "RequestMethod": "GET",
      "RequestHeaders": {
        "Accept": "application/json",
        "Accept-Encoding": "gzip, deflate",
        "User-Agent": "azsdk-python-digitaltwins-core/1.3.0 Python/3.13.5 (Windows-11-10.0.26100-SP0)"
      },
      "RequestBody": null,
      "StatusCode": 200,
      "ResponseHeaders": {
        "Content-Length": "28",
        "Content-Type": "application/json; charset=utf-8",
        "Date": "Mon, 14 Jul 2025 01:43:04 GMT",
        "mise-correlation-id": "d93776fa-c3d2-421a-b1be-a4b89a097dbc",
        "Strict-Transport-Security": "max-age=2592000",
        "traceresponse": "00-e45257400ea6a653d63a1572df600cd8-e12b651e92b242ef-01"
      },
      "ResponseBody": {
        "value": [],
        "nextLink": null
      }
    },
    {
      "RequestUri": "https://Sanitized.api.wcus.digitaltwins.azure.net/models?api-version=2023-10-31",
      "RequestMethod": "POST",
      "RequestHeaders": {
        "Accept": "application/json",
        "Accept-Encoding": "gzip, deflate",
        "Content-Length": "685",
        "Content-Type": "application/json",
        "User-Agent": "azsdk-python-digitaltwins-core/1.3.0 Python/3.13.5 (Windows-11-10.0.26100-SP0)"
      },
      "RequestBody": "[{\"@id\": \"dtmi:com:samples:DTComponentTestsComponent;1\", \"@type\": \"Interface\", \"@context\": \"dtmi:dtdl:context;2\", \"displayName\": \"Component1\", \"contents\": [{\"@type\": \"Property\", \"name\": \"ComponentProp1\", \"schema\": \"string\"}, {\"@type\": \"Telemetry\", \"name\": \"ComponentTelemetry1\", \"schema\": \"integer\"}]}, {\"@id\": \"dtmi:com:samples:DTComponentTestsModel;1\", \"@type\": \"Interface\", \"@context\": \"dtmi:dtdl:context;2\", \"displayName\": \"TempModel\", \"contents\": [{\"@type\": \"Property\", \"name\": \"Prop1\", \"schema\": \"string\"}, {\"@type\": \"Component\", \"name\": \"Component1\", \"schema\": \"dtmi:com:samples:DTComponentTestsComponent;1\"}, {\"@type\": \"Telemetry\", \"name\": \"Telemetry1\", \"schema\": \"integer\"}]}]",
      "StatusCode": 201,
      "ResponseHeaders": {
        "Content-Length": "350",
        "Content-Type": "application/json; charset=utf-8",
        "Date": "Mon, 14 Jul 2025 01:43:04 GMT",
        "mise-correlation-id": "65447a90-10a5-46f1-abf4-e7490b5a4b57",
        "Strict-Transport-Security": "max-age=2592000",
        "traceresponse": "00-57a65375c682e7784fb73282fae16042-9008403c8904f8ae-01"
      },
      "ResponseBody": "[{\"id\":\"dtmi:com:samples:DTComponentTestsComponent;1\",\"description\":{},\"displayName\":{\"en\":\"Component1\"},\"decommissioned\":false,\"uploadTime\":\"2025-07-14T01:43:04.5253202+00:00\"},{\"id\":\"dtmi:com:samples:DTComponentTestsModel;1\",\"description\":{},\"displayName\":{\"en\":\"TempModel\"},\"decommissioned\":false,\"uploadTime\":\"2025-07-14T01:43:04.5253424+00:00\"}]"
    },
    {
      "RequestUri": "https://Sanitized.api.wcus.digitaltwins.azure.net/digitaltwins/DTComponentTestsTempTwin?api-version=2023-10-31",
      "RequestMethod": "PUT",
      "RequestHeaders": {
        "Accept": "application/json",
        "Accept-Encoding": "gzip, deflate",
        "Content-Length": "148",
        "Content-Type": "application/json",
        "User-Agent": "azsdk-python-digitaltwins-core/1.3.0 Python/3.13.5 (Windows-11-10.0.26100-SP0)"
      },
      "RequestBody": {
        "$metadata": {
          "$model": "dtmi:com:samples:DTComponentTestsModel;1"
        },
        "Prop1": "value",
        "Component1": {
          "$metadata": {},
          "ComponentProp1": "value1"
        }
      },
      "StatusCode": 200,
      "ResponseHeaders": {
        "Content-Length": "449",
        "Content-Type": "application/json; charset=utf-8",
        "Date": "Mon, 14 Jul 2025 01:43:04 GMT",
        "ETag": "W/\"e1ae6e32-5aff-4e90-81e5-ad0d087090e3\"",
        "mise-correlation-id": "2ea9ac74-ecb9-4cf3-98fe-f7ba6de64533",
        "Strict-Transport-Security": "max-age=2592000",
        "traceresponse": "00-40271c1c4c51aa6b24c0dbd26d705db6-71357bc2372eb431-01"
      },
      "ResponseBody": {
        "$dtId": "DTComponentTestsTempTwin",
        "$etag": "W/\"e1ae6e32-5aff-4e90-81e5-ad0d087090e3\"",
        "Prop1": "value",
        "Component1": {
          "ComponentProp1": "value1",
          "$metadata": {
            "$lastUpdateTime": "2025-07-14T01:43:04.6724205Z",
            "ComponentProp1": {
              "lastUpdateTime": "2025-07-14T01:43:04.6724205Z"
            }
          }
        },
        "$metadata": {
          "$model": "dtmi:com:samples:DTComponentTestsModel;1",
          "$lastUpdateTime": "2025-07-14T01:43:04.6724205Z",
          "Prop1": {
            "lastUpdateTime": "2025-07-14T01:43:04.6724205Z"
          }
        }
      }
    },
    {
      "RequestUri": "https://Sanitized.api.wcus.digitaltwins.azure.net/digitaltwins/DTComponentTestsTempTwin/components/Component1?api-version=2023-10-31",
      "RequestMethod": "PATCH",
      "RequestHeaders": {
        "Accept": "application/json",
        "Accept-Encoding": "gzip, deflate",
        "Content-Length": "65",
        "Content-Type": "application/json-patch+json",
        "If-Match": "*",
        "User-Agent": "azsdk-python-digitaltwins-core/1.3.0 Python/3.13.5 (Windows-11-10.0.26100-SP0)"
      },
      "RequestBody": "[{\"op\": \"replace\", \"path\": \"/ComponentProp1\", \"value\": \"value2\"}]",
      "StatusCode": 204,
      "ResponseHeaders": {
        "Content-Length": "0",
        "Date": "Mon, 14 Jul 2025 01:43:04 GMT",
        "ETag": "W/\"79983403-409b-4301-a6dd-9fcc40fa12d1\"",
        "mise-correlation-id": "c34dc248-144c-41dd-87d1-dc998d230d4b",
        "Strict-Transport-Security": "max-age=2592000",
        "traceresponse": "00-0bb15830f0147cf182a62e51a60dfc92-0be781f24a31c2d3-01"
      },
      "ResponseBody": null
    },
    {
      "RequestUri": "https://Sanitized.api.wcus.digitaltwins.azure.net/digitaltwins/DTComponentTestsTempTwin/components/Component1?api-version=2023-10-31",
      "RequestMethod": "GET",
      "RequestHeaders": {
        "Accept": "application/json",
        "Accept-Encoding": "gzip, deflate",
        "User-Agent": "azsdk-python-digitaltwins-core/1.3.0 Python/3.13.5 (Windows-11-10.0.26100-SP0)"
      },
      "RequestBody": null,
      "StatusCode": 200,
      "ResponseHeaders": {
        "Content-Length": "157",
        "Content-Type": "application/json; charset=utf-8",
        "Date": "Mon, 14 Jul 2025 01:43:04 GMT",
        "ETag": "W/\"79983403-409b-4301-a6dd-9fcc40fa12d1\"",
        "mise-correlation-id": "e72efc8d-f916-4393-888c-39641218259e",
        "Strict-Transport-Security": "max-age=2592000",
        "traceresponse": "00-6f5424867ea4225723387731a18e5391-0db888c6f67c1560-01"
      },
      "ResponseBody": {
        "ComponentProp1": "value2",
        "$metadata": {
          "$lastUpdateTime": "2025-07-14T01:43:04.7705954Z",
          "ComponentProp1": {
            "lastUpdateTime": "2025-07-14T01:43:04.7705954Z"
          }
        }
      }
    }
  ],
  "Variables": {}
}
