{
  "Entries": [
    {
      "RequestUri": "https://Sanitized.api.wcus.digitaltwins.azure.net/models?includeModelDefinition=false&api-version=2023-10-31",
      "RequestMethod": "GET",
      "RequestHeaders": {
        "Accept": "application/json",
        "Accept-Encoding": "gzip, deflate",
        "User-Agent": "azsdk-python-digitaltwins-core/1.3.0 Python/3.13.5 (Windows-11-10.0.26100-SP0)"
      },
      "RequestBody": null,
      "StatusCode": 200,
      "ResponseHeaders": {
        "Content-Length": "523",
        "Content-Type": "application/json; charset=utf-8",
        "Date": "Wed, 09 Jul 2025 21:53:26 GMT",
        "mise-correlation-id": "f035307e-a5b4-4077-a5e4-b1f7fd841a0d",
        "Strict-Transport-Security": "max-age=2592000",
        "traceresponse": "00-1b463b2645fa5ed5d3303b8f8e949d96-8edc7fc339ec943f-01"
      },
      "ResponseBody": {
        "value": [
          {
            "id": "dtmi:samples:RelationshipTestBuilding;1",
            "description": {},
            "displayName": {
              "en": "Building"
            },
            "decommissioned": false,
            "uploadTime": "2025-07-09T21:53:23.3269831+00:00"
          },
          {
            "id": "dtmi:samples:RelationshipTestFloor;1",
            "description": {},
            "displayName": {
              "en": "Floor"
            },
            "decommissioned": false,
            "uploadTime": "2025-07-09T21:53:23.3270032+00:00"
          },
          {
            "id": "dtmi:samples:RelationshipTestRoom;1",
            "description": {},
            "displayName": {
              "en": "Room"
            },
            "decommissioned": false,
            "uploadTime": "2025-07-09T21:53:23.3270118+00:00"
          }
        ],
        "nextLink": null
      }
    },
    {
      "RequestUri": "https://Sanitized.api.wcus.digitaltwins.azure.net/models/dtmi:samples:RelationshipTestBuilding;1?api-version=2023-10-31",
      "RequestMethod": "DELETE",
      "RequestHeaders": {
        "Accept": "application/json",
        "Accept-Encoding": "gzip, deflate",
        "Content-Length": "0",
        "User-Agent": "azsdk-python-digitaltwins-core/1.3.0 Python/3.13.5 (Windows-11-10.0.26100-SP0)"
      },
      "RequestBody": null,
      "StatusCode": 204,
      "ResponseHeaders": {
        "Content-Length": "0",
        "Date": "Wed, 09 Jul 2025 21:53:26 GMT",
        "mise-correlation-id": "dac6dc4f-e8e2-4a22-bcf9-d3fd33cdb9d0",
        "Strict-Transport-Security": "max-age=2592000",
        "traceresponse": "00-4953ea659a29596ea39bd72afbfe0ef6-349ddb26f066c209-01"
      },
      "ResponseBody": null
    },
    {
      "RequestUri": "https://Sanitized.api.wcus.digitaltwins.azure.net/models/dtmi:samples:RelationshipTestFloor;1?api-version=2023-10-31",
      "RequestMethod": "DELETE",
      "RequestHeaders": {
        "Accept": "application/json",
        "Accept-Encoding": "gzip, deflate",
        "Content-Length": "0",
        "User-Agent": "azsdk-python-digitaltwins-core/1.3.0 Python/3.13.5 (Windows-11-10.0.26100-SP0)"
      },
      "RequestBody": null,
      "StatusCode": 204,
      "ResponseHeaders": {
        "Content-Length": "0",
        "Date": "Wed, 09 Jul 2025 21:53:26 GMT",
        "mise-correlation-id": "753abbff-878c-4341-b16c-2ece82b06132",
        "Strict-Transport-Security": "max-age=2592000",
        "traceresponse": "00-cf0958973b3ebd6d1ee879f53de0553a-32f48991bfe1928d-01"
      },
      "ResponseBody": null
    },
    {
      "RequestUri": "https://Sanitized.api.wcus.digitaltwins.azure.net/models/dtmi:samples:RelationshipTestRoom;1?api-version=2023-10-31",
      "RequestMethod": "DELETE",
      "RequestHeaders": {
        "Accept": "application/json",
        "Accept-Encoding": "gzip, deflate",
        "Content-Length": "0",
        "User-Agent": "azsdk-python-digitaltwins-core/1.3.0 Python/3.13.5 (Windows-11-10.0.26100-SP0)"
      },
      "RequestBody": null,
      "StatusCode": 204,
      "ResponseHeaders": {
        "Content-Length": "0",
        "Date": "Wed, 09 Jul 2025 21:53:26 GMT",
        "mise-correlation-id": "0deabf5a-3bb1-4dfd-887c-e7aa8a0a5940",
        "Strict-Transport-Security": "max-age=2592000",
        "traceresponse": "00-92e8a81c5500d3da0f4f9608c109a11b-410c8613b7d6b6e2-01"
      },
      "ResponseBody": null
    },
    {
      "RequestUri": "https://Sanitized.api.wcus.digitaltwins.azure.net/models?includeModelDefinition=false&api-version=2023-10-31",
      "RequestMethod": "GET",
      "RequestHeaders": {
        "Accept": "application/json",
        "Accept-Encoding": "gzip, deflate",
        "User-Agent": "azsdk-python-digitaltwins-core/1.3.0 Python/3.13.5 (Windows-11-10.0.26100-SP0)"
      },
      "RequestBody": null,
      "StatusCode": 200,
      "ResponseHeaders": {
        "Content-Length": "28",
        "Content-Type": "application/json; charset=utf-8",
        "Date": "Wed, 09 Jul 2025 21:53:26 GMT",
        "mise-correlation-id": "9d5f2d81-76fa-497a-9395-4a3640060124",
        "Strict-Transport-Security": "max-age=2592000",
        "traceresponse": "00-f9772c387ab9bbc43767a65e1260868a-5aba16090d039cc3-01"
      },
      "ResponseBody": {
        "value": [],
        "nextLink": null
      }
    },
    {
      "RequestUri": "https://Sanitized.api.wcus.digitaltwins.azure.net/digitaltwins/DTRelationshipTestsRoomTwin/relationships?api-version=2023-10-31",
      "RequestMethod": "GET",
      "RequestHeaders": {
        "Accept": "application/json",
        "Accept-Encoding": "gzip, deflate",
        "User-Agent": "azsdk-python-digitaltwins-core/1.3.0 Python/3.13.5 (Windows-11-10.0.26100-SP0)"
      },
      "RequestBody": null,
      "StatusCode": 200,
      "ResponseHeaders": {
        "Content-Length": "28",
        "Content-Type": "application/json; charset=utf-8",
        "Date": "Wed, 09 Jul 2025 21:53:27 GMT",
        "mise-correlation-id": "d00445c6-d463-4754-8411-909745593ef1",
        "Strict-Transport-Security": "max-age=2592000",
        "traceresponse": "00-a251e9d008e422e687787e4ba000d6f2-583485b66065d7da-01"
      },
      "ResponseBody": {
        "nextLink": null,
        "value": []
      }
    },
    {
      "RequestUri": "https://Sanitized.api.wcus.digitaltwins.azure.net/digitaltwins/DTRelationshipTestsFloorTwin/relationships?api-version=2023-10-31",
      "RequestMethod": "GET",
      "RequestHeaders": {
        "Accept": "application/json",
        "Accept-Encoding": "gzip, deflate",
        "User-Agent": "azsdk-python-digitaltwins-core/1.3.0 Python/3.13.5 (Windows-11-10.0.26100-SP0)"
      },
      "RequestBody": null,
      "StatusCode": 200,
      "ResponseHeaders": {
        "Content-Length": "236",
        "Content-Type": "application/json; charset=utf-8",
        "Date": "Wed, 09 Jul 2025 21:53:27 GMT",
        "mise-correlation-id": "c443b971-4804-484d-be30-6f97a36023b3",
        "Strict-Transport-Security": "max-age=2592000",
        "traceresponse": "00-0c6801662f1e40d7592e8d83bb2f6b5f-01a9c66245214cf1-01"
      },
      "ResponseBody": {
        "nextLink": null,
        "value": [
          {
            "$relationshipId": "FloorContainsRoom",
            "$etag": "W/\"a02719fb-4a12-4398-a3b9-fe334a7cff2a\"",
            "$sourceId": "DTRelationshipTestsFloorTwin",
            "$relationshipName": "contains",
            "$targetId": "DTRelationshipTestsRoomTwin"
          }
        ]
      }
    },
    {
      "RequestUri": "https://Sanitized.api.wcus.digitaltwins.azure.net/digitaltwins/DTRelationshipTestsFloorTwin/relationships/FloorContainsRoom?api-version=2023-10-31",
      "RequestMethod": "DELETE",
      "RequestHeaders": {
        "Accept": "application/json",
        "Accept-Encoding": "gzip, deflate",
        "Content-Length": "0",
        "User-Agent": "azsdk-python-digitaltwins-core/1.3.0 Python/3.13.5 (Windows-11-10.0.26100-SP0)"
      },
      "RequestBody": null,
      "StatusCode": 204,
      "ResponseHeaders": {
        "Content-Length": "0",
        "Date": "Wed, 09 Jul 2025 21:53:27 GMT",
        "mise-correlation-id": "4b16fe57-9a5e-4cda-acb9-8ae312078252",
        "Strict-Transport-Security": "max-age=2592000",
        "traceresponse": "00-a8bcd492d44be3ad6737f159480265f2-300fd321f6457ff9-01"
      },
      "ResponseBody": null
    },
    {
      "RequestUri": "https://Sanitized.api.wcus.digitaltwins.azure.net/digitaltwins/DTRelationshipTestsBuildingTwin/relationships?api-version=2023-10-31",
      "RequestMethod": "GET",
      "RequestHeaders": {
        "Accept": "application/json",
        "Accept-Encoding": "gzip, deflate",
        "User-Agent": "azsdk-python-digitaltwins-core/1.3.0 Python/3.13.5 (Windows-11-10.0.26100-SP0)"
      },
      "RequestBody": null,
      "StatusCode": 200,
      "ResponseHeaders": {
        "Content-Length": "28",
        "Content-Type": "application/json; charset=utf-8",
        "Date": "Wed, 09 Jul 2025 21:53:27 GMT",
        "mise-correlation-id": "0811e050-a0f4-41dd-bad4-478be506b559",
        "Strict-Transport-Security": "max-age=2592000",
        "traceresponse": "00-ffebea86bd9ae27f5ab0a137fcd74e78-25562c3c74e425df-01"
      },
      "ResponseBody": {
        "nextLink": null,
        "value": []
      }
    },
    {
      "RequestUri": "https://Sanitized.api.wcus.digitaltwins.azure.net/digitaltwins/DTRelationshipTestsRoomTwin?api-version=2023-10-31",
      "RequestMethod": "DELETE",
      "RequestHeaders": {
        "Accept": "application/json",
        "Accept-Encoding": "gzip, deflate",
        "Content-Length": "0",
        "User-Agent": "azsdk-python-digitaltwins-core/1.3.0 Python/3.13.5 (Windows-11-10.0.26100-SP0)"
      },
      "RequestBody": null,
      "StatusCode": 204,
      "ResponseHeaders": {
        "Content-Length": "0",
        "Date": "Wed, 09 Jul 2025 21:53:27 GMT",
        "mise-correlation-id": "5bd4a51b-e3df-470e-94b0-f8239c3b0d69",
        "Strict-Transport-Security": "max-age=2592000",
        "traceresponse": "00-53abf255823e99fdf1e15a8732dba7b0-dc6c6e17af97ec99-01"
      },
      "ResponseBody": null
    },
    {
      "RequestUri": "https://Sanitized.api.wcus.digitaltwins.azure.net/digitaltwins/DTRelationshipTestsFloorTwin?api-version=2023-10-31",
      "RequestMethod": "DELETE",
      "RequestHeaders": {
        "Accept": "application/json",
        "Accept-Encoding": "gzip, deflate",
        "Content-Length": "0",
        "User-Agent": "azsdk-python-digitaltwins-core/1.3.0 Python/3.13.5 (Windows-11-10.0.26100-SP0)"
      },
      "RequestBody": null,
      "StatusCode": 204,
      "ResponseHeaders": {
        "Content-Length": "0",
        "Date": "Wed, 09 Jul 2025 21:53:27 GMT",
        "mise-correlation-id": "2e33788b-b1e0-4a27-9c75-3f126423a544",
        "Strict-Transport-Security": "max-age=2592000",
        "traceresponse": "00-ae885c774cd659a3e025d33edd7801dd-3adec6c453b8ad45-01"
      },
      "ResponseBody": null
    },
    {
      "RequestUri": "https://Sanitized.api.wcus.digitaltwins.azure.net/digitaltwins/DTRelationshipTestsBuildingTwin?api-version=2023-10-31",
      "RequestMethod": "DELETE",
      "RequestHeaders": {
        "Accept": "application/json",
        "Accept-Encoding": "gzip, deflate",
        "Content-Length": "0",
        "User-Agent": "azsdk-python-digitaltwins-core/1.3.0 Python/3.13.5 (Windows-11-10.0.26100-SP0)"
      },
      "RequestBody": null,
      "StatusCode": 204,
      "ResponseHeaders": {
        "Content-Length": "0",
        "Date": "Wed, 09 Jul 2025 21:53:27 GMT",
        "mise-correlation-id": "3e788007-422b-4ba6-bd26-5efd58ce0e14",
        "Strict-Transport-Security": "max-age=2592000",
        "traceresponse": "00-7955a0c8fc5767a097b53cd891a8bc7c-be48b88fe26763c4-01"
      },
      "ResponseBody": null
    },
    {
      "RequestUri": "https://Sanitized.api.wcus.digitaltwins.azure.net/models?api-version=2023-10-31",
      "RequestMethod": "POST",
      "RequestHeaders": {
        "Accept": "application/json",
        "Accept-Encoding": "gzip, deflate",
        "Content-Length": "992",
        "Content-Type": "application/json",
        "User-Agent": "azsdk-python-digitaltwins-core/1.3.0 Python/3.13.5 (Windows-11-10.0.26100-SP0)"
      },
      "RequestBody": "[{\"@id\": \"dtmi:samples:RelationshipTestBuilding;1\", \"@type\": \"Interface\", \"@context\": \"dtmi:dtdl:context;2\", \"displayName\": \"Building\", \"contents\": [{\"@type\": \"Relationship\", \"name\": \"has\", \"target\": \"dtmi:samples:RelationshipTestFloor;1\", \"properties\": [{\"@type\": \"Property\", \"name\": \"isAccessRestricted\", \"schema\": \"boolean\"}]}, {\"@type\": \"Property\", \"name\": \"AverageTemperature\", \"schema\": \"double\"}]}, {\"@id\": \"dtmi:samples:RelationshipTestFloor;1\", \"@type\": \"Interface\", \"@context\": \"dtmi:dtdl:context;2\", \"displayName\": \"Floor\", \"contents\": [{\"@type\": \"Relationship\", \"name\": \"contains\", \"target\": \"dtmi:samples:RelationshipTestRoom;1\"}, {\"@type\": \"Property\", \"name\": \"AverageTemperature\", \"schema\": \"double\"}]}, {\"@id\": \"dtmi:samples:RelationshipTestRoom;1\", \"@type\": \"Interface\", \"@context\": \"dtmi:dtdl:context;2\", \"displayName\": \"Room\", \"contents\": [{\"@type\": \"Property\", \"name\": \"Temperature\", \"schema\": \"double\"}, {\"@type\": \"Property\", \"name\": \"IsOccupied\", \"schema\": \"boolean\"}]}]",
      "StatusCode": 201,
      "ResponseHeaders": {
        "Content-Length": "497",
        "Content-Type": "application/json; charset=utf-8",
        "Date": "Wed, 09 Jul 2025 21:53:27 GMT",
        "mise-correlation-id": "10406b86-04c6-4397-9a0c-1d13b15378bd",
        "Strict-Transport-Security": "max-age=2592000",
        "traceresponse": "00-142b12bd999732addfe16a89c2d25924-f782bd64d9d07eb1-01"
      },
      "ResponseBody": "[{\"id\":\"dtmi:samples:RelationshipTestBuilding;1\",\"description\":{},\"displayName\":{\"en\":\"Building\"},\"decommissioned\":false,\"uploadTime\":\"2025-07-09T21:53:28.2924302+00:00\"},{\"id\":\"dtmi:samples:RelationshipTestFloor;1\",\"description\":{},\"displayName\":{\"en\":\"Floor\"},\"decommissioned\":false,\"uploadTime\":\"2025-07-09T21:53:28.2924487+00:00\"},{\"id\":\"dtmi:samples:RelationshipTestRoom;1\",\"description\":{},\"displayName\":{\"en\":\"Room\"},\"decommissioned\":false,\"uploadTime\":\"2025-07-09T21:53:28.2924577+00:00\"}]"
    },
    {
      "RequestUri": "https://Sanitized.api.wcus.digitaltwins.azure.net/digitaltwins/DTRelationshipTestsBuildingTwin?api-version=2023-10-31",
      "RequestMethod": "PUT",
      "RequestHeaders": {
        "Accept": "application/json",
        "Accept-Encoding": "gzip, deflate",
        "Content-Length": "94",
        "Content-Type": "application/json",
        "User-Agent": "azsdk-python-digitaltwins-core/1.3.0 Python/3.13.5 (Windows-11-10.0.26100-SP0)"
      },
      "RequestBody": {
        "$metadata": {
          "$model": "dtmi:samples:RelationshipTestBuilding;1"
        },
        "AverageTemperature": 68
      },
      "StatusCode": 200,
      "ResponseHeaders": {
        "Content-Length": "305",
        "Content-Type": "application/json; charset=utf-8",
        "Date": "Wed, 09 Jul 2025 21:53:28 GMT",
        "ETag": "W/\"6d13571f-cd5f-4ad6-a8a3-2363bb9e8313\"",
        "mise-correlation-id": "1824c52e-7cd6-40f9-9f5a-c28ea4254f73",
        "Strict-Transport-Security": "max-age=2592000",
        "traceresponse": "00-81279170fd75e59b27f1cdc281875d6a-d7166a0722c93e70-01"
      },
      "ResponseBody": {
        "$dtId": "DTRelationshipTestsBuildingTwin",
        "$etag": "W/\"6d13571f-cd5f-4ad6-a8a3-2363bb9e8313\"",
        "AverageTemperature": 68,
        "$metadata": {
          "$model": "dtmi:samples:RelationshipTestBuilding;1",
          "$lastUpdateTime": "2025-07-09T21:53:28.4436699Z",
          "AverageTemperature": {
            "lastUpdateTime": "2025-07-09T21:53:28.4436699Z"
          }
        }
      }
    },
    {
      "RequestUri": "https://Sanitized.api.wcus.digitaltwins.azure.net/digitaltwins/DTRelationshipTestsFloorTwin?api-version=2023-10-31",
      "RequestMethod": "PUT",
      "RequestHeaders": {
        "Accept": "application/json",
        "Accept-Encoding": "gzip, deflate",
        "Content-Length": "91",
        "Content-Type": "application/json",
        "User-Agent": "azsdk-python-digitaltwins-core/1.3.0 Python/3.13.5 (Windows-11-10.0.26100-SP0)"
      },
      "RequestBody": {
        "$metadata": {
          "$model": "dtmi:samples:RelationshipTestFloor;1"
        },
        "AverageTemperature": 75
      },
      "StatusCode": 200,
      "ResponseHeaders": {
        "Content-Length": "299",
        "Content-Type": "application/json; charset=utf-8",
        "Date": "Wed, 09 Jul 2025 21:53:28 GMT",
        "ETag": "W/\"688e6d67-d893-451c-bace-7dbb826f5150\"",
        "mise-correlation-id": "15489348-83d8-49f0-827a-7a831375c65c",
        "Strict-Transport-Security": "max-age=2592000",
        "traceresponse": "00-a2bc5e5510f196e3add56d9701cee59d-0ca9e009b6f322c7-01"
      },
      "ResponseBody": {
        "$dtId": "DTRelationshipTestsFloorTwin",
        "$etag": "W/\"688e6d67-d893-451c-bace-7dbb826f5150\"",
        "AverageTemperature": 75,
        "$metadata": {
          "$model": "dtmi:samples:RelationshipTestFloor;1",
          "$lastUpdateTime": "2025-07-09T21:53:28.5503241Z",
          "AverageTemperature": {
            "lastUpdateTime": "2025-07-09T21:53:28.5503241Z"
          }
        }
      }
    },
    {
      "RequestUri": "https://Sanitized.api.wcus.digitaltwins.azure.net/digitaltwins/DTRelationshipTestsRoomTwin?api-version=2023-10-31",
      "RequestMethod": "PUT",
      "RequestHeaders": {
        "Accept": "application/json",
        "Accept-Encoding": "gzip, deflate",
        "Content-Length": "103",
        "Content-Type": "application/json",
        "User-Agent": "azsdk-python-digitaltwins-core/1.3.0 Python/3.13.5 (Windows-11-10.0.26100-SP0)"
      },
      "RequestBody": {
        "$metadata": {
          "$model": "dtmi:samples:RelationshipTestRoom;1"
        },
        "Temperature": 80,
        "IsOccupied": true
      },
      "StatusCode": 200,
      "ResponseHeaders": {
        "Content-Length": "364",
        "Content-Type": "application/json; charset=utf-8",
        "Date": "Wed, 09 Jul 2025 21:53:28 GMT",
        "ETag": "W/\"073883a1-fea3-413d-bf12-3cda554857d3\"",
        "mise-correlation-id": "fc7036e3-0962-40a5-a84d-c393ebac54a4",
        "Strict-Transport-Security": "max-age=2592000",
        "traceresponse": "00-fec65d38e96054ba1bd53b841918312a-5d7be399e348040b-01"
      },
      "ResponseBody": {
        "$dtId": "DTRelationshipTestsRoomTwin",
        "$etag": "W/\"073883a1-fea3-413d-bf12-3cda554857d3\"",
        "Temperature": 80,
        "IsOccupied": true,
        "$metadata": {
          "$model": "dtmi:samples:RelationshipTestRoom;1",
          "$lastUpdateTime": "2025-07-09T21:53:28.6415775Z",
          "Temperature": {
            "lastUpdateTime": "2025-07-09T21:53:28.6415775Z"
          },
          "IsOccupied": {
            "lastUpdateTime": "2025-07-09T21:53:28.6415775Z"
          }
        }
      }
    },
    {
      "RequestUri": "https://Sanitized.api.wcus.digitaltwins.azure.net/digitaltwins/foo/relationships/FloorContainsRoom?api-version=2023-10-31",
      "RequestMethod": "PUT",
      "RequestHeaders": {
        "Accept": "application/json",
        "Accept-Encoding": "gzip, deflate",
        "Content-Length": "162",
        "Content-Type": "application/json",
        "User-Agent": "azsdk-python-digitaltwins-core/1.3.0 Python/3.13.5 (Windows-11-10.0.26100-SP0)"
      },
      "RequestBody": {
        "$relationshipId": "FloorContainsRoom",
        "$sourceId": "DTRelationshipTestsFloorTwin",
        "$relationshipName": "contains",
        "$targetId": "DTRelationshipTestsRoomTwin"
      },
      "StatusCode": 404,
      "ResponseHeaders": {
        "Content-Length": "257",
        "Content-Type": "application/json; charset=utf-8",
        "Date": "Wed, 09 Jul 2025 21:53:28 GMT",
        "mise-correlation-id": "09342cc6-2ea6-4b6e-9972-f1fa1a8631d6",
        "Strict-Transport-Security": "max-age=2592000",
        "traceresponse": "00-04ede4b89b93af0f8d27d3a86b10d9d6-0107aa5c2959ba27-01",
        "x-ms-error-code": "DigitalTwinNotFound"
      },
      "ResponseBody": {
        "error": {
          "code": "DigitalTwinNotFound",
          "message": "There is no digital twin instance that exists with the ID foo. Please verify that the twin id is valid and ensure that the twin is not deleted. See section on querying the twins https://aka.ms/adtv2query."
        }
      }
    },
    {
      "RequestUri": "https://Sanitized.api.wcus.digitaltwins.azure.net/digitaltwins/DTRelationshipTestsFloorTwin/relationships/foo?api-version=2023-10-31",
      "RequestMethod": "PUT",
      "RequestHeaders": {
        "Accept": "application/json",
        "Accept-Encoding": "gzip, deflate",
        "Content-Length": "162",
        "Content-Type": "application/json",
        "User-Agent": "azsdk-python-digitaltwins-core/1.3.0 Python/3.13.5 (Windows-11-10.0.26100-SP0)"
      },
      "RequestBody": {
        "$relationshipId": "FloorContainsRoom",
        "$sourceId": "DTRelationshipTestsFloorTwin",
        "$relationshipName": "contains",
        "$targetId": "DTRelationshipTestsRoomTwin"
      },
      "StatusCode": 200,
      "ResponseHeaders": {
        "Content-Length": "194",
        "Content-Type": "application/json; charset=utf-8",
        "Date": "Wed, 09 Jul 2025 21:53:28 GMT",
        "ETag": "W/\"9a9fa7d3-24a0-45db-93d6-c5d949e3c20f\"",
        "mise-correlation-id": "b3af328e-7e7d-40ea-bbcb-11a82bc25481",
        "Strict-Transport-Security": "max-age=2592000",
        "traceresponse": "00-6051e7f37cf31a661d2779be16754fd0-c771a74a3c5c220c-01"
      },
      "ResponseBody": {
        "$relationshipId": "foo",
        "$etag": "W/\"9a9fa7d3-24a0-45db-93d6-c5d949e3c20f\"",
        "$sourceId": "DTRelationshipTestsFloorTwin",
        "$relationshipName": "contains",
        "$targetId": "DTRelationshipTestsRoomTwin"
      }
    },
    {
      "RequestUri": "https://Sanitized.api.wcus.digitaltwins.azure.net/digitaltwins/DTRelationshipTestsFloorTwin/relationships/FloorContainsRoom?api-version=2023-10-31",
      "RequestMethod": "PUT",
      "RequestHeaders": {
        "Accept": "application/json",
        "Accept-Encoding": "gzip, deflate",
        "Content-Length": "138",
        "Content-Type": "application/json",
        "User-Agent": "azsdk-python-digitaltwins-core/1.3.0 Python/3.13.5 (Windows-11-10.0.26100-SP0)"
      },
      "RequestBody": {
        "$relationshipId": "FloorContainsRoom",
        "$sourceId": "DTRelationshipTestsFloorTwin",
        "$relationshipName": "contains",
        "$targetId": "foo"
      },
      "StatusCode": 404,
      "ResponseHeaders": {
        "Content-Length": "268",
        "Content-Type": "application/json; charset=utf-8",
        "Date": "Wed, 09 Jul 2025 21:53:28 GMT",
        "mise-correlation-id": "9700e9ca-21b0-4cba-b5b0-bfd1ae146e04",
        "Strict-Transport-Security": "max-age=2592000",
        "traceresponse": "00-7b6bebced23dfa991347d79aeb8222ed-3f1c1092a6081cab-01",
        "x-ms-error-code": "TargetDigitalTwinNotFound"
      },
      "ResponseBody": {
        "error": {
          "code": "TargetDigitalTwinNotFound",
          "message": "The target digital twin is invalid or does not exist. Please validate that the target twin is valid and ensure that the target twin is not deleted. See section on querying the twins https://aka.ms/adtv2query ."
        }
      }
    },
    {
      "RequestUri": "https://Sanitized.api.wcus.digitaltwins.azure.net/digitaltwins/DTRelationshipTestsFloorTwin/relationships/FloorContainsRoom?api-version=2023-10-31",
      "RequestMethod": "PUT",
      "RequestHeaders": {
        "Accept": "application/json",
        "Accept-Encoding": "gzip, deflate",
        "Content-Length": "137",
        "Content-Type": "application/json",
        "User-Agent": "azsdk-python-digitaltwins-core/1.3.0 Python/3.13.5 (Windows-11-10.0.26100-SP0)"
      },
      "RequestBody": {
        "$relationshipId": "FloorContainsRoom",
        "$sourceId": "foo",
        "$relationshipName": "contains",
        "$targetId": "DTRelationshipTestsRoomTwin"
      },
      "StatusCode": 200,
      "ResponseHeaders": {
        "Content-Length": "208",
        "Content-Type": "application/json; charset=utf-8",
        "Date": "Wed, 09 Jul 2025 21:53:28 GMT",
        "ETag": "W/\"ff36eec6-eb43-4c41-8fd0-920df983e544\"",
        "mise-correlation-id": "1e3bb4ec-5a99-4f7c-ab7d-635d8d758d61",
        "Strict-Transport-Security": "max-age=2592000",
        "traceresponse": "00-691128d75f051e6d3208eb5d70914284-64b0430e76f1433b-01"
      },
      "ResponseBody": {
        "$relationshipId": "FloorContainsRoom",
        "$etag": "W/\"ff36eec6-eb43-4c41-8fd0-920df983e544\"",
        "$sourceId": "DTRelationshipTestsFloorTwin",
        "$relationshipName": "contains",
        "$targetId": "DTRelationshipTestsRoomTwin"
      }
    },
    {
      "RequestUri": "https://Sanitized.api.wcus.digitaltwins.azure.net/digitaltwins/DTRelationshipTestsFloorTwin/relationships/FloorContainsRoom?api-version=2023-10-31",
      "RequestMethod": "PUT",
      "RequestHeaders": {
        "Accept": "application/json",
        "Accept-Encoding": "gzip, deflate",
        "Content-Length": "77",
        "Content-Type": "application/json",
        "User-Agent": "azsdk-python-digitaltwins-core/1.3.0 Python/3.13.5 (Windows-11-10.0.26100-SP0)"
      },
      "RequestBody": {
        "$relationshipName": "contains",
        "$targetId": "DTRelationshipTestsRoomTwin"
      },
      "StatusCode": 200,
      "ResponseHeaders": {
        "Content-Length": "208",
        "Content-Type": "application/json; charset=utf-8",
        "Date": "Wed, 09 Jul 2025 21:53:29 GMT",
        "ETag": "W/\"81c005ea-486e-49e4-8187-c82b0c2740d4\"",
        "mise-correlation-id": "d174115c-898b-44c7-90e5-df3213e0bd0f",
        "Strict-Transport-Security": "max-age=2592000",
        "traceresponse": "00-db5c6771ac0c289728eaee17bc55fdd5-d79ab4c6d43eb5f7-01"
      },
      "ResponseBody": {
        "$relationshipId": "FloorContainsRoom",
        "$etag": "W/\"81c005ea-486e-49e4-8187-c82b0c2740d4\"",
        "$sourceId": "DTRelationshipTestsFloorTwin",
        "$relationshipName": "contains",
        "$targetId": "DTRelationshipTestsRoomTwin"
      }
    },
    {
      "RequestUri": "https://Sanitized.api.wcus.digitaltwins.azure.net/digitaltwins/DTRelationshipTestsFloorTwin/relationships/FloorContainsRoom?api-version=2023-10-31",
      "RequestMethod": "PUT",
      "RequestHeaders": {
        "Accept": "application/json",
        "Accept-Encoding": "gzip, deflate",
        "Content-Length": "148",
        "Content-Type": "application/json",
        "User-Agent": "azsdk-python-digitaltwins-core/1.3.0 Python/3.13.5 (Windows-11-10.0.26100-SP0)"
      },
      "RequestBody": {
        "$relationshipId": "foo",
        "$sourceId": "DTRelationshipTestsFloorTwin",
        "$relationshipName": "contains",
        "$targetId": "DTRelationshipTestsRoomTwin"
      },
      "StatusCode": 200,
      "ResponseHeaders": {
        "Content-Length": "208",
        "Content-Type": "application/json; charset=utf-8",
        "Date": "Wed, 09 Jul 2025 21:53:29 GMT",
        "ETag": "W/\"ef2cadd5-6570-4a4b-8485-f3f4b41e84e3\"",
        "mise-correlation-id": "17aa74e0-7bc2-407e-9a1c-08d8a30071c9",
        "Strict-Transport-Security": "max-age=2592000",
        "traceresponse": "00-1fd49e746f63d019264235ae1ec1101f-5175307401f82f39-01"
      },
      "ResponseBody": {
        "$relationshipId": "FloorContainsRoom",
        "$etag": "W/\"ef2cadd5-6570-4a4b-8485-f3f4b41e84e3\"",
        "$sourceId": "DTRelationshipTestsFloorTwin",
        "$relationshipName": "contains",
        "$targetId": "DTRelationshipTestsRoomTwin"
      }
    },
    {
      "RequestUri": "https://Sanitized.api.wcus.digitaltwins.azure.net/digitaltwins/DTRelationshipTestsFloorTwin/relationships/FloorContainsRoom?api-version=2023-10-31",
      "RequestMethod": "PUT",
      "RequestHeaders": {
        "Accept": "application/json",
        "Accept-Encoding": "gzip, deflate",
        "Content-Length": "44",
        "Content-Type": "application/json",
        "User-Agent": "azsdk-python-digitaltwins-core/1.3.0 Python/3.13.5 (Windows-11-10.0.26100-SP0)"
      },
      "RequestBody": {
        "$targetId": "DTRelationshipTestsRoomTwin"
      },
      "StatusCode": 400,
      "ResponseHeaders": {
        "Content-Length": "96",
        "Content-Type": "application/json; charset=utf-8",
        "Date": "Wed, 09 Jul 2025 21:53:29 GMT",
        "mise-correlation-id": "fb5f86e8-8839-4261-aa28-fce76aa9e11e",
        "Strict-Transport-Security": "max-age=2592000",
        "traceresponse": "00-70a6e7c631833d7924e66f48b9ada30e-9e4cc04e68747264-01",
        "x-ms-error-code": "InvalidArgument"
      },
      "ResponseBody": {
        "error": {
          "code": "InvalidArgument",
          "message": "Could not deserialize relationship create body."
        }
      }
    },
    {
      "RequestUri": "https://Sanitized.api.wcus.digitaltwins.azure.net/digitaltwins/DTRelationshipTestsFloorTwin/relationships/FloorContainsRoom?api-version=2023-10-31",
      "RequestMethod": "PUT",
      "RequestHeaders": {
        "Accept": "application/json",
        "Accept-Encoding": "gzip, deflate",
        "Content-Length": "2",
        "Content-Type": "application/json",
        "User-Agent": "azsdk-python-digitaltwins-core/1.3.0 Python/3.13.5 (Windows-11-10.0.26100-SP0)"
      },
      "RequestBody": {},
      "StatusCode": 400,
      "ResponseHeaders": {
        "Content-Length": "96",
        "Content-Type": "application/json; charset=utf-8",
        "Date": "Wed, 09 Jul 2025 21:53:29 GMT",
        "mise-correlation-id": "193c2265-daba-4752-b6c4-f4e04d47fbdc",
        "Strict-Transport-Security": "max-age=2592000",
        "traceresponse": "00-65734dec23b641c72541420ca8271215-62d9498dc66c4a0e-01",
        "x-ms-error-code": "InvalidArgument"
      },
      "ResponseBody": {
        "error": {
          "code": "InvalidArgument",
          "message": "Could not deserialize relationship create body."
        }
      }
    }
  ],
  "Variables": {}
}
