{
  "Entries": [
    {
      "RequestUri": "https://Sanitized.vault.azure.net/keys/key2582698/create?api-version=7.6-preview.2",
      "RequestMethod": "POST",
      "RequestHeaders": {
        "Accept": "application/json",
        "Accept-Encoding": "gzip",
        "Content-Length": "0",
        "User-Agent": "azsdk-go-azkeys/v1.3.2-beta.1 (go1.23.4; linux)"
      },
      "RequestBody": null,
      "StatusCode": 401,
      "ResponseHeaders": {
        "Cache-Control": "no-cache",
        "Content-Length": "97",
        "Content-Type": "application/json; charset=utf-8",
        "Date": "Mon, 10 Mar 2025 20:58:54 GMT",
        "Expires": "-1",
        "Pragma": "no-cache",
        "Strict-Transport-Security": "max-age=31536000;includeSubDomains",
        "WWW-Authenticate": "Bearer authorization=\"https://login.microsoftonline.com/70a036f6-8e4d-4615-bad6-149c02e7720d\", resource=\"https://vault.azure.net\"",
        "X-Content-Type-Options": "nosniff",
        "x-ms-keyvault-network-info": "conn_type=Ipv4;addr=131.107.174.158;act_addr_fam=InterNetwork;",
        "x-ms-keyvault-region": "uksouth",
        "x-ms-keyvault-service-version": "1.9.2203.1",
        "x-ms-request-id": "Sanitized"
      },
      "ResponseBody": {
        "error": {
          "code": "Unauthorized",
          "message": "AKV10000: Request is missing a Bearer or PoP token."
        }
      }
    },
    {
      "RequestUri": "https://Sanitized.vault.azure.net/keys/key2582698/create?api-version=7.6-preview.2",
      "RequestMethod": "POST",
      "RequestHeaders": {
        "Accept": "application/json",
        "Accept-Encoding": "gzip",
        "Authorization": "Sanitized",
        "Content-Length": "47",
        "Content-Type": "application/json",
        "User-Agent": "azsdk-go-azkeys/v1.3.2-beta.1 (go1.23.4; linux)"
      },
      "RequestBody": {
        "key_ops": [
          "wrapKey",
          "unwrapKey"
        ],
        "kty": "RSA"
      },
      "StatusCode": 200,
      "ResponseHeaders": {
        "Cache-Control": "no-cache",
        "Content-Length": "685",
        "Content-Type": "application/json; charset=utf-8",
        "Date": "Mon, 10 Mar 2025 20:58:56 GMT",
        "Expires": "-1",
        "Pragma": "no-cache",
        "Strict-Transport-Security": "max-age=31536000;includeSubDomains",
        "X-Content-Type-Options": "nosniff",
        "x-ms-keyvault-network-info": "conn_type=Ipv4;addr=131.107.174.158;act_addr_fam=InterNetwork;",
        "x-ms-keyvault-rbac-assignment-id": "5d781a053f735f98a0d7a2fadfb742fa",
        "x-ms-keyvault-region": "uksouth",
        "x-ms-keyvault-service-version": "1.9.2203.1",
        "x-ms-request-id": "Sanitized"
      },
      "ResponseBody": {
        "key": {
          "kid": "https://Sanitized.vault.azure.net/keys/key2582698/5ec5fd84515e449687b0eea0f7b8830f",
          "kty": "RSA",
          "key_ops": [
            "wrapKey",
            "unwrapKey"
          ],
          "n": "zLRW5eDzIDngTVK5aMTrVmMq5FNCgSL3-OYJLO1my8w7ZDZD9R7kfZkJmbV0UqqVA0G8qkZu5yahvJ0vDH9QJZMHntMittyxLxUaGbuaNFAFoAOGKnN_TdIOjj2cLuUmWvE5m2-9joab56O2qYQD9sej4oYomVBcqzafdS817xmplqvWtWagp3HRcI-Kf509p23AC2ya55_xJA0bqqHZzizTmS0rtvijj0d2il4Mhu-jID7o0GvKlZ3nLCc5j723PxeeKlbMZsKvY6tl5_cBEFTMwYaTklmbbriKyS1KzI7zGvSu7kkYT39yVvUlC_V1g5fmugxcvCU7_Ma11tF-tQ",
          "e": "AQAB"
        },
        "attributes": {
          "enabled": true,
          "created": 1741640336,
          "updated": 1741640336,
          "recoveryLevel": "CustomizedRecoverable+Purgeable",
          "recoverableDays": 7,
          "exportable": false,
          "hsmPlatform": "0"
        }
      }
    },
    {
      "RequestUri": "https://Sanitized.vault.azure.net/keys/key2582698/wrapkey?api-version=7.6-preview.2",
      "RequestMethod": "POST",
      "RequestHeaders": {
        "Accept": "application/json",
        "Accept-Encoding": "gzip",
        "Authorization": "Sanitized",
        "Content-Length": "296",
        "Content-Type": "application/json",
        "User-Agent": "azsdk-go-azkeys/v1.3.2-beta.1 (go1.23.4; linux)"
      },
      "RequestBody": {
        "alg": "RSA-OAEP",
        "value": "NTA2M2U2YWFhODQ1ZjE1MDIwMDU0Nzk0NGZkMTk5Njc5Yzk4ZWQ2Zjk5ZGEwYTBiMmRhZmVhZjFmNDY4NDQ5NmZkNTMyYzFjMjI5OTY4Y2I5ZGVlNDQ5NTdmY2VmN2NjZWY1OWNlZGEwYjM2MmU1NmJjZDc4ZmQzZmFlZTU3ODFjNjIzYzBiYjIyYjM1YmVhYmRlMDY2NGZkMzBlMGU4MjRhYmEzZGQxYjBhZmZmYzRhM2Q5NTVlZGUyMGNmNmE4NTRkNTJjZmQ"
      },
      "StatusCode": 200,
      "ResponseHeaders": {
        "Cache-Control": "no-cache",
        "Content-Length": "449",
        "Content-Type": "application/json; charset=utf-8",
        "Date": "Mon, 10 Mar 2025 20:58:56 GMT",
        "Expires": "-1",
        "Pragma": "no-cache",
        "Strict-Transport-Security": "max-age=31536000;includeSubDomains",
        "X-Content-Type-Options": "nosniff",
        "x-ms-keyvault-network-info": "conn_type=Ipv4;addr=131.107.174.158;act_addr_fam=InterNetwork;",
        "x-ms-keyvault-rbac-assignment-id": "5d781a053f735f98a0d7a2fadfb742fa",
        "x-ms-keyvault-region": "uksouth",
        "x-ms-keyvault-service-version": "1.9.2203.1",
        "x-ms-request-id": "Sanitized"
      },
      "ResponseBody": {
        "kid": "https://gracewilcox60.vault.azure.net/keys/key2582698/5ec5fd84515e449687b0eea0f7b8830f",
        "value": "JWWYO5Mres4fCopchsiV8U7SIRW3lGeAT60XjDR7UJZ4TwUYcRJS5xwTWznzDxVCitLrHzWr2WQKlanSVju4D4su7aUDAgubSt2moJzAxqxPyYBB2INKZUpp91iNyye-j6oh9UYIO2dML3FQoP9nmfez8a6JEtLiIYqnj9r1X1EcV00awwHU0LHDENZquLLXHdyk5h315WujdYk_JbORBxIhPLc_qTWUzaN9Ckv2ZzvctPttL7M1rVfWiiz-FwRw3M3IwvGlFbJn7IB1BWYWbgTrCCSbMx3GVGUQTADOLrwtIQD7VnuGvhYUHynwk4H17Rkta0kWViweQrrZzzfhpw"
      }
    },
    {
      "RequestUri": "https://Sanitized.vault.azure.net/keys/key2582698/unwrapkey?api-version=7.6-preview.2",
      "RequestMethod": "POST",
      "RequestHeaders": {
        "Accept": "application/json",
        "Accept-Encoding": "gzip",
        "Authorization": "Sanitized",
        "Content-Length": "371",
        "Content-Type": "application/json",
        "User-Agent": "azsdk-go-azkeys/v1.3.2-beta.1 (go1.23.4; linux)"
      },
      "RequestBody": {
        "alg": "RSA-OAEP",
        "value": "JWWYO5Mres4fCopchsiV8U7SIRW3lGeAT60XjDR7UJZ4TwUYcRJS5xwTWznzDxVCitLrHzWr2WQKlanSVju4D4su7aUDAgubSt2moJzAxqxPyYBB2INKZUpp91iNyye-j6oh9UYIO2dML3FQoP9nmfez8a6JEtLiIYqnj9r1X1EcV00awwHU0LHDENZquLLXHdyk5h315WujdYk_JbORBxIhPLc_qTWUzaN9Ckv2ZzvctPttL7M1rVfWiiz-FwRw3M3IwvGlFbJn7IB1BWYWbgTrCCSbMx3GVGUQTADOLrwtIQD7VnuGvhYUHynwk4H17Rkta0kWViweQrrZzzfhpw"
      },
      "StatusCode": 200,
      "ResponseHeaders": {
        "Cache-Control": "no-cache",
        "Content-Length": "374",
        "Content-Type": "application/json; charset=utf-8",
        "Date": "Mon, 10 Mar 2025 20:58:56 GMT",
        "Expires": "-1",
        "Pragma": "no-cache",
        "Strict-Transport-Security": "max-age=31536000;includeSubDomains",
        "X-Content-Type-Options": "nosniff",
        "x-ms-keyvault-network-info": "conn_type=Ipv4;addr=131.107.174.158;act_addr_fam=InterNetwork;",
        "x-ms-keyvault-rbac-assignment-id": "5d781a053f735f98a0d7a2fadfb742fa",
        "x-ms-keyvault-region": "uksouth",
        "x-ms-keyvault-service-version": "1.9.2203.1",
        "x-ms-request-id": "Sanitized"
      },
      "ResponseBody": {
        "kid": "https://gracewilcox60.vault.azure.net/keys/key2582698/5ec5fd84515e449687b0eea0f7b8830f",
        "value": "NTA2M2U2YWFhODQ1ZjE1MDIwMDU0Nzk0NGZkMTk5Njc5Yzk4ZWQ2Zjk5ZGEwYTBiMmRhZmVhZjFmNDY4NDQ5NmZkNTMyYzFjMjI5OTY4Y2I5ZGVlNDQ5NTdmY2VmN2NjZWY1OWNlZGEwYjM2MmU1NmJjZDc4ZmQzZmFlZTU3ODFjNjIzYzBiYjIyYjM1YmVhYmRlMDY2NGZkMzBlMGU4MjRhYmEzZGQxYjBhZmZmYzRhM2Q5NTVlZGUyMGNmNmE4NTRkNTJjZmQ"
      }
    }
  ],
  "Variables": {}
}
