{
  "Entries": [
    {
      "RequestUri": "https://management.azure.com/subscriptions/db1ab6f0-4769-4b27-930e-01e2ef9c123c?api-version=2022-12-01",
      "RequestMethod": "GET",
      "RequestHeaders": {
        "Accept": "application/json",
        "Authorization": "Sanitized",
        "traceparent": "00-da76df119eb736b2c61445e5283fe45f-cbcd1d1daf5421ce-00",
        "User-Agent": "azsdk-net-ResourceManager/1.8.1 (.NET 6.0.24; Microsoft Windows 10.0.22631)",
        "x-ms-client-request-id": "c0baab88543005741738ef321284ce8d",
        "x-ms-return-client-request-id": "true"
      },
      "RequestBody": null,
      "StatusCode": 200,
      "ResponseHeaders": {
        "Cache-Control": "no-cache",
        "Content-Length": "748",
        "Content-Type": "application/json; charset=utf-8",
        "Date": "Thu, 09 Nov 2023 02:23:09 GMT",
        "Expires": "-1",
        "Pragma": "no-cache",
        "Strict-Transport-Security": "max-age=31536000; includeSubDomains",
        "X-Content-Type-Options": "nosniff",
        "x-ms-correlation-request-id": "74fb264d-4d9e-4132-9bac-8114713d6a71",
        "x-ms-ratelimit-remaining-subscription-reads": "11973",
        "x-ms-request-id": "74fb264d-4d9e-4132-9bac-8114713d6a71",
        "x-ms-routing-request-id": "JAPANEAST:20231109T022309Z:74fb264d-4d9e-4132-9bac-8114713d6a71"
      },
      "ResponseBody": {
        "id": "/subscriptions/db1ab6f0-4769-4b27-930e-01e2ef9c123c",
        "authorizationSource": "RoleBased",
        "managedByTenants": [],
        "tags": {
          "TagKey-9823": "TagValue-1254",
          "TagKey-3481": "TagValue-320",
          "TagKey-4926": "TagValue-1187",
          "TagKey-751": "TagValue-3921",
          "TagKey-1866": "TagValue-8559",
          "TagKey-3094": "TagValue-9190",
          "TagKey-2449": "TagValue-9",
          "TagKey-8379": "TagValue-164",
          "TagKey-7470": "TagValue-2205",
          "TagKey-4236": "TagValue-3698",
          "TagKey-5316": "TagValue-2725"
        },
        "subscriptionId": "db1ab6f0-4769-4b27-930e-01e2ef9c123c",
        "tenantId": "72f988bf-86f1-41af-91ab-2d7cd011db47",
        "displayName": ".NET Mgmt SDK Test with TTL = 1 Day",
        "state": "Enabled",
        "subscriptionPolicies": {
          "locationPlacementId": "Internal_2014-09-01",
          "quotaId": "Internal_2014-09-01",
          "spendingLimit": "Off"
        }
      }
    },
    {
      "RequestUri": "https://management.azure.com/subscriptions/db1ab6f0-4769-4b27-930e-01e2ef9c123c/resourcegroups/SpatialAnchors-test8359?api-version=2022-09-01",
      "RequestMethod": "PUT",
      "RequestHeaders": {
        "Accept": "application/json",
        "Authorization": "Sanitized",
        "Content-Length": "21",
        "Content-Type": "application/json",
        "traceparent": "00-f270f6a6c86ecb50c82e4c82968b796c-678d5f326d701603-00",
        "User-Agent": "azsdk-net-ResourceManager/1.8.1 (.NET 6.0.24; Microsoft Windows 10.0.22631)",
        "x-ms-client-request-id": "878e854cadbbc6323adab4c0412a1137",
        "x-ms-return-client-request-id": "true"
      },
      "RequestBody": {
        "location": "eastus"
      },
      "StatusCode": 201,
      "ResponseHeaders": {
        "Cache-Control": "no-cache",
        "Content-Length": "243",
        "Content-Type": "application/json; charset=utf-8",
        "Date": "Thu, 09 Nov 2023 02:23:09 GMT",
        "Expires": "-1",
        "Pragma": "no-cache",
        "Strict-Transport-Security": "max-age=31536000; includeSubDomains",
        "X-Content-Type-Options": "nosniff",
        "x-ms-correlation-request-id": "5f7b3517-813e-459b-a0cd-8e97143c1081",
        "x-ms-ratelimit-remaining-subscription-writes": "1169",
        "x-ms-request-id": "5f7b3517-813e-459b-a0cd-8e97143c1081",
        "x-ms-routing-request-id": "JAPANEAST:20231109T022310Z:5f7b3517-813e-459b-a0cd-8e97143c1081"
      },
      "ResponseBody": {
        "id": "/subscriptions/db1ab6f0-4769-4b27-930e-01e2ef9c123c/resourceGroups/SpatialAnchors-test8359",
        "name": "SpatialAnchors-test8359",
        "type": "Microsoft.Resources/resourceGroups",
        "location": "eastus",
        "properties": {
          "provisioningState": "Succeeded"
        }
      }
    },
    {
      "RequestUri": "https://management.azure.com/subscriptions/db1ab6f0-4769-4b27-930e-01e2ef9c123c/resourceGroups/SpatialAnchors-test8359/providers/Microsoft.MixedReality/spatialAnchorsAccounts/spatialAnchorsAccount7035?api-version=2021-01-01",
      "RequestMethod": "PUT",
      "RequestHeaders": {
        "Accept": "application/json",
        "Authorization": "Sanitized",
        "Content-Length": "84",
        "Content-Type": "application/json",
        "traceparent": "00-7b3982c02211448d48ed31d8e589dc38-7c81cb8ec65c94b0-00",
        "User-Agent": "azsdk-net-ResourceManager.MixedReality/1.1.0-alpha.20231109.1 (.NET 6.0.24; Microsoft Windows 10.0.22631)",
        "x-ms-client-request-id": "3483ebf92ee6b4a6bf9428ec1f182360",
        "x-ms-return-client-request-id": "true"
      },
      "RequestBody": {
        "identity": {
          "type": "SystemAssigned"
        },
        "tags": {},
        "location": "eastus",
        "properties": {}
      },
      "StatusCode": 201,
      "ResponseHeaders": {
        "Cache-Control": "no-cache",
        "Content-Length": "590",
        "Content-Type": "application/json; charset=utf-8",
        "Date": "Thu, 09 Nov 2023 02:23:12 GMT",
        "Expires": "-1",
        "Location": "subscriptions/db1ab6f0-4769-4b27-930e-01e2ef9c123c/resourceGroups/SpatialAnchors-test8359/providers/Microsoft.MixedReality/spatialAnchorsAccounts/spatialAnchorsAccount7035",
        "MS-CV": "Q031jRX3BkurkfrMgl3f4g.0",
        "Pragma": "no-cache",
        "Strict-Transport-Security": "max-age=31536000; includeSubDomains",
        "X-Content-Type-Options": "nosniff",
        "x-ms-correlation-request-id": "fb861373-40cc-4056-9ab0-7432fa9115c0",
        "x-ms-ratelimit-remaining-subscription-writes": "1168",
        "x-ms-request-id": "fb861373-40cc-4056-9ab0-7432fa9115c0",
        "x-ms-routing-request-id": "JAPANEAST:20231109T022312Z:fb861373-40cc-4056-9ab0-7432fa9115c0"
      },
      "ResponseBody": {
        "id": "/subscriptions/db1ab6f0-4769-4b27-930e-01e2ef9c123c/resourceGroups/SpatialAnchors-test8359/providers/Microsoft.MixedReality/spatialAnchorsAccounts/spatialAnchorsAccount7035",
        "name": "spatialAnchorsAccount7035",
        "type": "Microsoft.MixedReality/spatialAnchorsAccounts",
        "identity": {
          "type": "SystemAssigned",
          "principalId": "06817549-c957-4c19-ace0-f6f253996eef",
          "tenantId": "72f988bf-86f1-41af-91ab-2d7cd011db47"
        },
        "location": "eastus",
        "plan": null,
        "sku": null,
        "kind": null,
        "tags": {},
        "properties": {
          "accountDomain": "eastus.mixedreality.azure.com",
          "accountId": "2f91d422-65d3-4c8b-85f7-d93cef47c32e"
        }
      }
    },
    {
      "RequestUri": "https://management.azure.com/subscriptions/db1ab6f0-4769-4b27-930e-01e2ef9c123c/providers/Microsoft.Resources?api-version=2022-09-01",
      "RequestMethod": "GET",
      "RequestHeaders": {
        "Accept": "application/json",
        "Authorization": "Sanitized",
        "traceparent": "00-30af2b53a9ac6b43811eee0ff5176429-c11fcb712eb9a7f5-00",
        "User-Agent": "azsdk-net-ResourceManager/1.8.1 (.NET 6.0.24; Microsoft Windows 10.0.22631)",
        "x-ms-client-request-id": "eb6ccf58cd9e87fefaf579c045d60dde",
        "x-ms-return-client-request-id": "true"
      },
      "RequestBody": null,
      "StatusCode": 200,
      "ResponseHeaders": {
        "Cache-Control": "no-cache",
        "Content-Length": "21028",
        "Content-Type": "application/json; charset=utf-8",
        "Date": "Thu, 09 Nov 2023 02:23:12 GMT",
        "Expires": "-1",
        "Pragma": "no-cache",
        "Strict-Transport-Security": "max-age=31536000; includeSubDomains",
        "X-Content-Type-Options": "nosniff",
        "x-ms-correlation-request-id": "f7dfce93-2102-4502-b8c0-06dd87a00a52",
        "x-ms-ratelimit-remaining-subscription-reads": "11972",
        "x-ms-request-id": "f7dfce93-2102-4502-b8c0-06dd87a00a52",
        "x-ms-routing-request-id": "JAPANEAST:20231109T022312Z:f7dfce93-2102-4502-b8c0-06dd87a00a52"
      },
      "ResponseBody": {
        "id": "/subscriptions/db1ab6f0-4769-4b27-930e-01e2ef9c123c/providers/Microsoft.Resources",
        "namespace": "Microsoft.Resources",
        "authorizations": [
          {
            "applicationId": "f77c2a8f-8a0a-4776-8e0a-bcb2549610ca"
          },
          {
            "applicationId": "3b990c8b-9607-4c2a-8b04-1d41985facca"
          },
          {
            "applicationId": "94946920-7f9c-4956-93c0-2fcf94608102"
          }
        ],
        "resourceTypes": [
          {
            "resourceType": "mobobrokers",
            "locations": [
              "Australia Central",
              "Australia East",
              "Australia Southeast",
              "Brazil South",
              "Canada Central",
              "Canada East",
              "Central India",
              "Central US",
              "East Asia",
              "East US 2",
              "East US",
              "France Central",
              "Germany West Central",
              "Japan East",
              "Japan West",
              "Jio India West",
              "Korea Central",
              "Korea South",
              "North Central US",
              "North Europe",
              "Norway East",
              "South Africa North",
              "South Central US",
              "South India",
              "Southeast Asia",
              "Sweden Central",
              "Switzerland North",
              "UAE North",
              "UK South",
              "UK West",
              "West Central US",
              "West Europe",
              "West India",
              "West US 2",
              "West US 3",
              "West US"
            ],
            "apiVersions": [
              "2023-06-01-preview"
            ],
            "capabilities": "SupportsTags, SupportsLocation"
          },
          {
            "resourceType": "deploymentScripts",
            "locations": [
              "East Asia",
              "Southeast Asia",
              "Australia East",
              "Australia Southeast",
              "Brazil South",
              "Canada Central",
              "Canada East",
              "Switzerland North",
              "Germany West Central",
              "East US 2",
              "East US",
              "Central US",
              "North Central US",
              "France Central",
              "UK South",
              "UK West",
              "Central India",
              "South India",
              "Jio India West",
              "Japan East",
              "Japan West",
              "Korea Central",
              "Korea South",
              "North Europe",
              "Norway East",
              "Poland Central",
              "Qatar Central",
              "Sweden Central",
              "UAE North",
              "West Central US",
              "West Europe",
              "West US 2",
              "West US",
              "South Central US",
              "West US 3",
              "South Africa North"
            ],
            "apiVersions": [
              "2023-08-01",
              "2020-10-01",
              "2019-10-01-preview"
            ],
            "capabilities": "SupportsTags, SupportsLocation"
          },
          {
            "resourceType": "deploymentScripts/logs",
            "locations": [
              "East Asia",
              "Southeast Asia",
              "Australia East",
              "Australia Southeast",
              "Brazil South",
              "Canada Central",
              "Canada East",
              "Switzerland North",
              "Germany West Central",
              "East US 2",
              "East US",
              "Central US",
              "North Central US",
              "France Central",
              "UK South",
              "UK West",
              "Central India",
              "South India",
              "Jio India West",
              "Japan East",
              "Japan West",
              "Korea Central",
              "Korea South",
              "North Europe",
              "Norway East",
              "Poland Central",
              "Qatar Central",
              "Sweden Central",
              "UAE North",
              "West Central US",
              "West Europe",
              "West US 2",
              "West US",
              "South Central US",
              "West US 3",
              "South Africa North"
            ],
            "apiVersions": [
              "2023-08-01",
              "2020-10-01",
              "2019-10-01-preview"
            ],
            "capabilities": "None"
          },
          {
            "resourceType": "locations/deploymentScriptOperationResults",
            "locations": [
              "East Asia",
              "Southeast Asia",
              "Australia East",
              "Australia Southeast",
              "Brazil South",
              "Canada Central",
              "Canada East",
              "Switzerland North",
              "Germany West Central",
              "East US 2",
              "East US",
              "Central US",
              "North Central US",
              "France Central",
              "UK South",
              "UK West",
              "Central India",
              "South India",
              "Jio India West",
              "Japan East",
              "Japan West",
              "Korea Central",
              "Korea South",
              "North Europe",
              "Norway East",
              "Poland Central",
              "Qatar Central",
              "Sweden Central",
              "UAE North",
              "West Central US",
              "West Europe",
              "West US 2",
              "West US",
              "South Central US",
              "West US 3",
              "South Africa North"
            ],
            "apiVersions": [
              "2023-08-01",
              "2020-10-01",
              "2019-10-01-preview"
            ],
            "capabilities": "None"
          },
          {
            "resourceType": "templateSpecs",
            "locations": [
              "East Asia",
              "Southeast Asia",
              "Australia East",
              "Australia Central",
              "Australia Central 2",
              "Australia Southeast",
              "Brazil South",
              "Canada Central",
              "Canada East",
              "Switzerland North",
              "Germany West Central",
              "East US 2",
              "East US",
              "Central US",
              "North Central US",
              "France Central",
              "UK South",
              "UK West",
              "Israel Central",
              "Central India",
              "West India",
              "Jio India West",
              "South India",
              "Italy North",
              "Japan East",
              "Japan West",
              "Korea Central",
              "Korea South",
              "North Europe",
              "Norway East",
              "Poland Central",
              "Qatar Central",
              "Sweden Central",
              "UAE North",
              "West Central US",
              "West Europe",
              "West US 2",
              "West US",
              "West US 3",
              "South Central US",
              "South Africa North"
            ],
            "apiVersions": [
              "2022-02-01",
              "2021-05-01",
              "2021-03-01-preview",
              "2019-06-01-preview"
            ],
            "capabilities": "CrossResourceGroupResourceMove, CrossSubscriptionResourceMove, SupportsTags, SupportsLocation"
          },
          {
            "resourceType": "templateSpecs/versions",
            "locations": [
              "East Asia",
              "Southeast Asia",
              "Australia East",
              "Australia Central",
              "Australia Central 2",
              "Australia Southeast",
              "Brazil South",
              "Canada Central",
              "Canada East",
              "Switzerland North",
              "Germany West Central",
              "East US 2",
              "East US",
              "Central US",
              "North Central US",
              "France Central",
              "UK South",
              "UK West",
              "Israel Central",
              "Central India",
              "West India",
              "Jio India West",
              "South India",
              "Italy North",
              "Japan East",
              "Japan West",
              "Korea Central",
              "Korea South",
              "North Europe",
              "Norway East",
              "Poland Central",
              "Qatar Central",
              "Sweden Central",
              "UAE North",
              "West Central US",
              "West Europe",
              "West US 2",
              "West US",
              "West US 3",
              "South Central US",
              "South Africa North"
            ],
            "apiVersions": [
              "2022-02-01",
              "2021-05-01",
              "2021-03-01-preview",
              "2019-06-01-preview"
            ],
            "capabilities": "CrossResourceGroupResourceMove, CrossSubscriptionResourceMove, SupportsTags, SupportsLocation"
          },
          {
            "resourceType": "builtInTemplateSpecs",
            "locations": [],
            "apiVersions": [
              "2022-02-01"
            ],
            "capabilities": "None"
          },
          {
            "resourceType": "builtInTemplateSpecs/versions",
            "locations": [],
            "apiVersions": [
              "2022-02-01"
            ],
            "capabilities": "None"
          },
          {
            "resourceType": "deploymentStacks",
            "locations": [
              "East Asia",
              "Southeast Asia",
              "Australia East",
              "Australia Central",
              "Australia Central 2",
              "Australia Southeast",
              "Brazil South",
              "Canada Central",
              "Canada East",
              "Switzerland North",
              "Germany West Central",
              "East US 2",
              "East US",
              "Central US",
              "North Central US",
              "France Central",
              "UK South",
              "UK West",
              "Israel Central",
              "Central India",
              "West India",
              "Jio India West",
              "South India",
              "Italy North",
              "Japan East",
              "Japan West",
              "Korea Central",
              "Korea South",
              "North Europe",
              "Norway East",
              "Poland Central",
              "Qatar Central",
              "Sweden Central",
              "UAE North",
              "West Central US",
              "West Europe",
              "West US 2",
              "West US",
              "West US 3",
              "South Central US",
              "South Africa North"
            ],
            "apiVersions": [
              "2022-08-01-preview"
            ],
            "capabilities": "SupportsExtension"
          },
          {
            "resourceType": "locations/deploymentStackOperationStatus",
            "locations": [
              "East Asia",
              "Southeast Asia",
              "Australia East",
              "Australia Central",
              "Australia Central 2",
              "Australia Southeast",
              "Brazil South",
              "Canada Central",
              "Canada East",
              "Switzerland North",
              "Germany West Central",
              "East US 2",
              "East US",
              "Central US",
              "North Central US",
              "France Central",
              "UK South",
              "UK West",
              "Israel Central",
              "Central India",
              "West India",
              "Jio India West",
              "South India",
              "Italy North",
              "Japan East",
              "Japan West",
              "Korea Central",
              "Korea South",
              "North Europe",
              "Norway East",
              "Poland Central",
              "Qatar Central",
              "Sweden Central",
              "UAE North",
              "West Central US",
              "West Europe",
              "West US 2",
              "West US",
              "West US 3",
              "South Central US",
              "South Africa North"
            ],
            "apiVersions": [
              "2022-08-01-preview"
            ],
            "capabilities": "None"
          },
          {
            "resourceType": "tenants",
            "locations": [],
            "apiVersions": [
              "2020-01-01",
              "2019-09-01",
              "2019-05-01",
              "2019-04-01",
              "2019-03-01",
              "2018-11-01",
              "2018-09-01",
              "2018-08-01",
              "2018-07-01",
              "2018-05-01",
              "2018-02-01",
              "2018-01-01",
              "2017-08-01",
              "2017-06-01",
              "2017-05-10",
              "2017-05-01",
              "2017-03-01",
              "2016-09-01",
              "2016-07-01",
              "2016-06-01",
              "2016-02-01",
              "2015-11-01",
              "2015-01-01",
              "2014-04-01-preview"
            ],
            "apiProfiles": [
              {
                "profileVersion": "2018-06-01-profile",
                "apiVersion": "2016-06-01"
              },
              {
                "profileVersion": "2019-03-01-hybrid",
                "apiVersion": "2016-06-01"
              }
            ],
            "capabilities": "None"
          },
          {
            "resourceType": "locations",
            "locations": [],
            "apiVersions": [
              "2019-09-01",
              "2019-05-01",
              "2019-04-01",
              "2019-03-01",
              "2018-11-01",
              "2018-09-01",
              "2018-08-01",
              "2018-07-01",
              "2018-05-01",
              "2018-02-01",
              "2018-01-01",
              "2017-08-01",
              "2017-06-01",
              "2017-05-10",
              "2017-05-01",
              "2017-03-01",
              "2016-09-01",
              "2016-07-01",
              "2016-06-01",
              "2016-02-01",
              "2015-11-01",
              "2015-01-01",
              "2014-04-01-preview"
            ],
            "apiProfiles": [
              {
                "profileVersion": "2018-06-01-profile",
                "apiVersion": "2016-06-01"
              },
              {
                "profileVersion": "2019-03-01-hybrid",
                "apiVersion": "2018-05-01"
              }
            ],
            "capabilities": "None"
          },
          {
            "resourceType": "operationresults",
            "locations": [],
            "apiVersions": [
              "2019-09-01",
              "2019-05-01",
              "2019-04-01",
              "2019-03-01",
              "2018-11-01",
              "2018-09-01",
              "2018-08-01",
              "2018-07-01",
              "2018-05-01",
              "2018-02-01",
              "2018-01-01",
              "2017-08-01",
              "2017-06-01",
              "2017-05-10",
              "2017-05-01",
              "2017-03-01",
              "2016-09-01",
              "2016-07-01",
              "2016-06-01",
              "2016-02-01",
              "2015-11-01",
              "2015-01-01",
              "2014-04-01-preview"
            ],
            "apiProfiles": [
              {
                "profileVersion": "2018-06-01-profile",
                "apiVersion": "2016-06-01"
              }
            ],
            "capabilities": "None"
          },
          {
            "resourceType": "notifyResourceJobs",
            "locations": [],
            "apiVersions": [
              "2019-09-01",
              "2019-05-01",
              "2019-04-01",
              "2019-03-01",
              "2018-11-01",
              "2018-09-01",
              "2018-08-01",
              "2018-07-01",
              "2018-05-01",
              "2018-02-01"
            ],
            "capabilities": "None"
          },
          {
            "resourceType": "tags",
            "locations": [],
            "apiVersions": [
              "2023-07-01",
              "2022-09-01",
              "2019-10-01",
              "2019-05-01",
              "2019-04-01",
              "2019-03-01",
              "2018-11-01"
            ],
            "capabilities": "SupportsExtension"
          },
          {
            "resourceType": "checkPolicyCompliance",
            "locations": [],
            "apiVersions": [
              "2019-05-01",
              "2019-04-01",
              "2019-03-01",
              "2018-11-01",
              "2018-09-01",
              "2018-08-01",
              "2018-07-01",
              "2018-05-01",
              "2018-02-01",
              "2018-01-01",
              "2017-08-01",
              "2017-06-01",
              "2017-05-10",
              "2017-05-01",
              "2017-03-01",
              "2016-09-01",
              "2016-07-01",
              "2016-06-01",
              "2016-02-01",
              "2015-11-01",
              "2015-01-01",
              "2014-04-01-preview"
            ],
            "capabilities": "None"
          },
          {
            "resourceType": "providers",
            "locations": [],
            "apiVersions": [
              "2019-05-01",
              "2019-04-01",
              "2019-03-01",
              "2018-11-01",
              "2018-09-01",
              "2018-08-01",
              "2018-07-01",
              "2018-05-01",
              "2018-02-01",
              "2018-01-01",
              "2017-08-01",
              "2017-06-01",
              "2017-05-10",
              "2017-05-01",
              "2017-03-01",
              "2016-09-01",
              "2016-07-01",
              "2016-06-01",
              "2016-02-01",
              "2015-11-01",
              "2015-01-01",
              "2014-04-01-preview"
            ],
            "apiProfiles": [
              {
                "profileVersion": "2018-06-01-profile",
                "apiVersion": "2016-06-01"
              },
              {
                "profileVersion": "2019-03-01-hybrid",
                "apiVersion": "2018-05-01"
              }
            ],
            "capabilities": "None"
          },
          {
            "resourceType": "checkresourcename",
            "locations": [],
            "apiVersions": [
              "2019-05-01",
              "2019-04-01",
              "2019-03-01",
              "2018-11-01",
              "2018-09-01",
              "2018-08-01",
              "2018-07-01",
              "2018-05-01",
              "2018-02-01",
              "2018-01-01",
              "2017-08-01",
              "2017-06-01",
              "2017-05-10",
              "2017-05-01",
              "2017-03-01",
              "2016-09-01",
              "2016-07-01",
              "2016-06-01",
              "2016-02-01",
              "2015-11-01",
              "2015-01-01",
              "2014-04-01-preview"
            ],
            "apiProfiles": [
              {
                "profileVersion": "2018-06-01-profile",
                "apiVersion": "2016-06-01"
              }
            ],
            "capabilities": "None"
          },
          {
            "resourceType": "calculateTemplateHash",
            "locations": [],
            "apiVersions": [
              "2023-07-01",
              "2022-09-01",
              "2019-09-01",
              "2019-05-01",
              "2019-04-01",
              "2019-03-01",
              "2018-11-01",
              "2018-09-01",
              "2018-08-01",
              "2018-07-01",
              "2018-05-01",
              "2018-02-01",
              "2018-01-01",
              "2017-08-01",
              "2017-06-01",
              "2017-05-10",
              "2017-05-01",
              "2017-03-01",
              "2016-09-01",
              "2016-07-01",
              "2016-06-01",
              "2016-02-01",
              "2015-11-01",
              "2015-01-01",
              "2014-04-01-preview"
            ],
            "apiProfiles": [
              {
                "profileVersion": "2018-06-01-profile",
                "apiVersion": "2016-06-01"
              }
            ],
            "capabilities": "None"
          },
          {
            "resourceType": "resources",
            "locations": [],
            "apiVersions": [
              "2019-09-01",
              "2019-05-01",
              "2019-04-01",
              "2019-03-01",
              "2018-11-01",
              "2018-09-01",
              "2018-08-01",
              "2018-07-01",
              "2018-05-01",
              "2018-02-01",
              "2018-01-01",
              "2017-08-01",
              "2017-06-01",
              "2017-05-10",
              "2017-05-01",
              "2017-03-01",
              "2016-09-01",
              "2016-07-01",
              "2016-06-01",
              "2016-02-01",
              "2015-11-01",
              "2015-01-01",
              "2014-04-01-preview"
            ],
            "apiProfiles": [
              {
                "profileVersion": "2018-06-01-profile",
                "apiVersion": "2016-06-01"
              },
              {
                "profileVersion": "2019-03-01-hybrid",
                "apiVersion": "2018-05-01"
              }
            ],
            "capabilities": "None"
          },
          {
            "resourceType": "subscriptions",
            "locations": [],
            "apiVersions": [
              "2019-10-01",
              "2019-09-01",
              "2019-05-01",
              "2019-04-01",
              "2019-03-01",
              "2018-11-01",
              "2018-09-01",
              "2018-08-01",
              "2018-07-01",
              "2018-05-01",
              "2018-02-01",
              "2018-01-01",
              "2017-08-01",
              "2017-06-01",
              "2017-05-10",
              "2017-05-01",
              "2017-03-01",
              "2016-09-01",
              "2016-07-01",
              "2016-06-01",
              "2016-02-01",
              "2015-11-01",
              "2015-01-01",
              "2014-04-01-preview"
            ],
            "apiProfiles": [
              {
                "profileVersion": "2018-06-01-profile",
                "apiVersion": "2016-06-01"
              },
              {
                "profileVersion": "2019-03-01-hybrid",
                "apiVersion": "2016-06-01"
              }
            ],
            "capabilities": "None"
          },
          {
            "resourceType": "subscriptions/resources",
            "locations": [],
            "apiVersions": [
              "2019-09-01",
              "2019-05-01",
              "2019-04-01",
              "2019-03-01",
              "2018-11-01",
              "2018-09-01",
              "2018-08-01",
              "2018-07-01",
              "2018-05-01",
              "2018-02-01",
              "2018-01-01",
              "2017-08-01",
              "2017-06-01",
              "2017-05-10",
              "2017-05-01",
              "2017-03-01",
              "2016-09-01",
              "2016-07-01",
              "2016-06-01",
              "2016-02-01",
              "2015-11-01",
              "2015-01-01",
              "2014-04-01-preview"
            ],
            "apiProfiles": [
              {
                "profileVersion": "2018-06-01-profile",
                "apiVersion": "2016-06-01"
              },
              {
                "profileVersion": "2019-03-01-hybrid",
                "apiVersion": "2018-05-01"
              }
            ],
            "capabilities": "None"
          },
          {
            "resourceType": "subscriptions/providers",
            "locations": [],
            "apiVersions": [
              "2019-05-01",
              "2019-04-01",
              "2019-03-01",
              "2018-11-01",
              "2018-09-01",
              "2018-08-01",
              "2018-07-01",
              "2018-05-01",
              "2018-02-01",
              "2018-01-01",
              "2017-08-01",
              "2017-06-01",
              "2017-05-10",
              "2017-05-01",
              "2017-03-01",
              "2016-09-01",
              "2016-07-01",
              "2016-06-01",
              "2016-02-01",
              "2015-11-01",
              "2015-01-01",
              "2014-04-01-preview"
            ],
            "apiProfiles": [
              {
                "profileVersion": "2018-06-01-profile",
                "apiVersion": "2016-06-01"
              },
              {
                "profileVersion": "2019-03-01-hybrid",
                "apiVersion": "2018-05-01"
              }
            ],
            "capabilities": "None"
          },
          {
            "resourceType": "subscriptions/operationresults",
            "locations": [],
            "apiVersions": [
              "2019-05-01",
              "2019-04-01",
              "2019-03-01",
              "2018-11-01",
              "2018-09-01",
              "2018-08-01",
              "2018-07-01",
              "2018-05-01",
              "2018-02-01",
              "2018-01-01",
              "2017-08-01",
              "2017-06-01",
              "2017-05-10",
              "2017-05-01",
              "2017-03-01",
              "2016-09-01",
              "2016-07-01",
              "2016-06-01",
              "2016-02-01",
              "2015-11-01",
              "2015-01-01",
              "2014-04-01-preview"
            ],
            "apiProfiles": [
              {
                "profileVersion": "2018-06-01-profile",
                "apiVersion": "2016-06-01"
              },
              {
                "profileVersion": "2019-03-01-hybrid",
                "apiVersion": "2018-05-01"
              }
            ],
            "capabilities": "None"
          },
          {
            "resourceType": "resourceGroups",
            "locations": [
              "Central US",
              "East Asia",
              "Southeast Asia",
              "East US",
              "East US 2",
              "West US",
              "West US 2",
              "North Central US",
              "South Central US",
              "West Central US",
              "North Europe",
              "West Europe",
              "Japan East",
              "Japan West",
              "Brazil South",
              "Australia Southeast",
              "Australia East",
              "West India",
              "South India",
              "Central India",
              "Canada Central",
              "Canada East",
              "UK South",
              "UK West",
              "Korea Central",
              "Korea South",
              "France Central",
              "South Africa North",
              "UAE North",
              "Australia Central",
              "Switzerland North",
              "Germany West Central",
              "Norway East",
              "Jio India West",
              "West US 3",
              "Qatar Central",
              "Sweden Central",
              "Israel Central",
              "Poland Central",
              "Italy North"
            ],
            "apiVersions": [
              "2019-05-01",
              "2019-04-01",
              "2019-03-01",
              "2018-11-01",
              "2018-09-01",
              "2018-08-01",
              "2018-07-01",
              "2018-05-01",
              "2018-02-01",
              "2018-01-01",
              "2017-08-01",
              "2017-06-01",
              "2017-05-10",
              "2017-05-01",
              "2017-03-01",
              "2016-09-01",
              "2016-07-01",
              "2016-06-01",
              "2016-02-01",
              "2015-11-01",
              "2015-01-01",
              "2014-04-01-preview"
            ],
            "apiProfiles": [
              {
                "profileVersion": "2018-06-01-profile",
                "apiVersion": "2016-06-01"
              },
              {
                "profileVersion": "2019-03-01-hybrid",
                "apiVersion": "2018-05-01"
              }
            ],
            "capabilities": "SupportsLocation"
          },
          {
            "resourceType": "subscriptions/resourceGroups",
            "locations": [
              "Central US",
              "East Asia",
              "Southeast Asia",
              "East US",
              "East US 2",
              "West US",
              "West US 2",
              "North Central US",
              "South Central US",
              "West Central US",
              "North Europe",
              "West Europe",
              "Japan East",
              "Japan West",
              "Brazil South",
              "Australia Southeast",
              "Australia East",
              "West India",
              "South India",
              "Central India",
              "Canada Central",
              "Canada East",
              "UK South",
              "UK West",
              "Korea Central",
              "Korea South",
              "France Central",
              "South Africa North",
              "UAE North",
              "Australia Central",
              "Switzerland North",
              "Germany West Central",
              "Norway East",
              "Jio India West",
              "West US 3",
              "Qatar Central",
              "Sweden Central",
              "Israel Central",
              "Poland Central",
              "Italy North"
            ],
            "apiVersions": [
              "2019-05-01",
              "2019-04-01",
              "2019-03-01",
              "2018-11-01",
              "2018-09-01",
              "2018-08-01",
              "2018-07-01",
              "2018-05-01",
              "2018-02-01",
              "2018-01-01",
              "2017-08-01",
              "2017-06-01",
              "2017-05-10",
              "2017-05-01",
              "2017-03-01",
              "2016-09-01",
              "2016-07-01",
              "2016-06-01",
              "2016-02-01",
              "2015-11-01",
              "2015-01-01",
              "2014-04-01-preview"
            ],
            "apiProfiles": [
              {
                "profileVersion": "2018-06-01-profile",
                "apiVersion": "2016-06-01"
              },
              {
                "profileVersion": "2019-03-01-hybrid",
                "apiVersion": "2018-05-01"
              }
            ],
            "capabilities": "SupportsTags, SupportsLocation"
          },
          {
            "resourceType": "subscriptions/resourcegroups/resources",
            "locations": [],
            "apiVersions": [
              "2019-05-01",
              "2019-04-01",
              "2019-03-01",
              "2018-11-01",
              "2018-09-01",
              "2018-08-01",
              "2018-07-01",
              "2018-05-01",
              "2018-02-01",
              "2018-01-01",
              "2017-08-01",
              "2017-06-01",
              "2017-05-10",
              "2017-05-01",
              "2017-03-01",
              "2016-09-01",
              "2016-07-01",
              "2016-06-01",
              "2016-02-01",
              "2015-11-01",
              "2015-01-01",
              "2014-04-01-preview"
            ],
            "apiProfiles": [
              {
                "profileVersion": "2018-06-01-profile",
                "apiVersion": "2016-06-01"
              },
              {
                "profileVersion": "2019-03-01-hybrid",
                "apiVersion": "2018-05-01"
              }
            ],
            "capabilities": "None"
          },
          {
            "resourceType": "subscriptions/locations",
            "locations": [],
            "apiVersions": [
              "2019-05-01",
              "2019-04-01",
              "2019-03-01",
              "2018-11-01",
              "2018-09-01",
              "2018-08-01",
              "2018-07-01",
              "2018-05-01",
              "2018-02-01",
              "2018-01-01",
              "2017-08-01",
              "2017-06-01",
              "2017-05-10",
              "2017-05-01",
              "2017-03-01",
              "2016-09-01",
              "2016-07-01",
              "2016-06-01",
              "2016-02-01",
              "2015-11-01",
              "2015-01-01",
              "2014-04-01-preview"
            ],
            "apiProfiles": [
              {
                "profileVersion": "2018-06-01-profile",
                "apiVersion": "2016-06-01"
              },
              {
                "profileVersion": "2019-03-01-hybrid",
                "apiVersion": "2016-06-01"
              }
            ],
            "capabilities": "None"
          },
          {
            "resourceType": "subscriptions/tagnames",
            "locations": [],
            "apiVersions": [
              "2023-07-01",
              "2022-09-01",
              "2019-05-01",
              "2019-04-01",
              "2019-03-01",
              "2018-11-01",
              "2018-09-01",
              "2018-08-01",
              "2018-07-01",
              "2018-05-01",
              "2018-02-01",
              "2018-01-01",
              "2017-08-01",
              "2017-06-01",
              "2017-05-10",
              "2017-05-01",
              "2017-03-01",
              "2016-09-01",
              "2016-07-01",
              "2016-06-01",
              "2016-02-01",
              "2015-11-01",
              "2015-01-01",
              "2014-04-01-preview"
            ],
            "apiProfiles": [
              {
                "profileVersion": "2018-06-01-profile",
                "apiVersion": "2016-06-01"
              },
              {
                "profileVersion": "2019-03-01-hybrid",
                "apiVersion": "2018-05-01"
              }
            ],
            "capabilities": "None"
          },
          {
            "resourceType": "subscriptions/tagNames/tagValues",
            "locations": [],
            "apiVersions": [
              "2023-07-01",
              "2022-09-01",
              "2019-05-01",
              "2019-04-01",
              "2019-03-01",
              "2018-11-01",
              "2018-09-01",
              "2018-08-01",
              "2018-07-01",
              "2018-05-01",
              "2018-02-01",
              "2018-01-01",
              "2017-08-01",
              "2017-06-01",
              "2017-05-10",
              "2017-05-01",
              "2017-03-01",
              "2016-09-01",
              "2016-07-01",
              "2016-06-01",
              "2016-02-01",
              "2015-11-01",
              "2015-01-01",
              "2014-04-01-preview"
            ],
            "apiProfiles": [
              {
                "profileVersion": "2018-06-01-profile",
                "apiVersion": "2016-06-01"
              },
              {
                "profileVersion": "2019-03-01-hybrid",
                "apiVersion": "2018-05-01"
              }
            ],
            "capabilities": "None"
          },
          {
            "resourceType": "deployments",
            "locations": [],
            "apiVersions": [
              "2023-07-01",
              "2022-09-01",
              "2021-04-01",
              "2021-01-01",
              "2020-10-01",
              "2020-06-01",
              "2019-09-01",
              "2019-08-01",
              "2019-05-01",
              "2019-04-01",
              "2019-03-01",
              "2018-11-01",
              "2018-09-01",
              "2018-08-01",
              "2018-07-01",
              "2018-05-01",
              "2018-02-01",
              "2018-01-01",
              "2017-08-01",
              "2017-06-01",
              "2017-05-10",
              "2017-05-01",
              "2017-03-01",
              "2016-09-01",
              "2016-07-01",
              "2016-06-01",
              "2016-02-01",
              "2015-11-01",
              "2015-01-01",
              "2014-04-01-preview"
            ],
            "apiProfiles": [
              {
                "profileVersion": "2018-06-01-profile",
                "apiVersion": "2016-06-01"
              },
              {
                "profileVersion": "2019-03-01-hybrid",
                "apiVersion": "2018-05-01"
              }
            ],
            "capabilities": "None"
          },
          {
            "resourceType": "deployments/operations",
            "locations": [],
            "apiVersions": [
              "2023-07-01",
              "2022-09-01",
              "2021-04-01",
              "2021-01-01",
              "2020-10-01",
              "2020-06-01",
              "2019-09-01",
              "2019-05-01",
              "2019-04-01",
              "2019-03-01",
              "2018-11-01",
              "2018-09-01",
              "2018-08-01",
              "2018-07-01",
              "2018-05-01",
              "2018-02-01",
              "2018-01-01",
              "2017-08-01",
              "2017-06-01",
              "2017-05-10",
              "2017-05-01",
              "2017-03-01",
              "2016-09-01",
              "2016-07-01",
              "2016-06-01",
              "2016-02-01",
              "2015-11-01",
              "2015-01-01",
              "2014-04-01-preview"
            ],
            "apiProfiles": [
              {
                "profileVersion": "2018-06-01-profile",
                "apiVersion": "2016-06-01"
              },
              {
                "profileVersion": "2019-03-01-hybrid",
                "apiVersion": "2018-05-01"
              }
            ],
            "capabilities": "None"
          },
          {
            "resourceType": "validateResources",
            "locations": [],
            "apiVersions": [
              "2022-06-01"
            ],
            "capabilities": "None"
          },
          {
            "resourceType": "links",
            "locations": [],
            "apiVersions": [
              "2019-05-01",
              "2019-04-01",
              "2019-03-01",
              "2018-11-01",
              "2018-09-01",
              "2018-08-01",
              "2018-07-01",
              "2018-05-01",
              "2018-02-01",
              "2018-01-01",
              "2017-08-01",
              "2017-06-01",
              "2017-05-10",
              "2017-05-01",
              "2017-03-01",
              "2016-09-01",
              "2016-07-01",
              "2016-06-01",
              "2016-02-01",
              "2015-11-01",
              "2015-01-01",
              "2014-04-01-preview"
            ],
            "apiProfiles": [
              {
                "profileVersion": "2018-06-01-profile",
                "apiVersion": "2016-06-01"
              },
              {
                "profileVersion": "2019-03-01-hybrid",
                "apiVersion": "2018-05-01"
              }
            ],
            "capabilities": "SupportsExtension"
          },
          {
            "resourceType": "operations",
            "locations": [],
            "apiVersions": [
              "2015-01-01"
            ],
            "apiProfiles": [
              {
                "profileVersion": "2018-06-01-profile",
                "apiVersion": "2015-01-01"
              }
            ],
            "capabilities": "None"
          },
          {
            "resourceType": "bulkDelete",
            "locations": [],
            "apiVersions": [
              "2019-05-01",
              "2019-04-01",
              "2019-03-01",
              "2018-11-01",
              "2018-09-01",
              "2018-08-01",
              "2018-07-01",
              "2018-05-01",
              "2018-02-01",
              "2018-01-01",
              "2017-08-01",
              "2017-06-01",
              "2017-05-10",
              "2017-05-01",
              "2017-03-01",
              "2016-09-01",
              "2016-07-01",
              "2016-06-01",
              "2016-02-01",
              "2015-11-01",
              "2015-01-01",
              "2014-04-01-preview"
            ],
            "capabilities": "None"
          },
          {
            "resourceType": "changes",
            "locations": [],
            "apiVersions": [
              "2023-07-01-preview",
              "2023-03-01-preview",
              "2022-05-01",
              "2022-03-01-preview"
            ],
            "capabilities": "SupportsExtension"
          },
          {
            "resourceType": "snapshots",
            "locations": [],
            "apiVersions": [
              "2022-11-01-preview"
            ],
            "capabilities": "SupportsExtension"
          },
          {
            "resourceType": "tagnamespaces",
            "locations": [
              "Central US EUAP",
              "East US 2 EUAP",
              "Canada Central",
              "Canada East",
              "Central US",
              "East US",
              "East US 2",
              "East US STG",
              "North Central US",
              "South Central US",
              "South Central US STG",
              "West Central US",
              "West US",
              "West US 2",
              "West US 3"
            ],
            "apiVersions": [
              "2023-03-01-preview"
            ],
            "capabilities": "SupportsExtension"
          },
          {
            "resourceType": "tagNamespaceOperationResults",
            "locations": [],
            "apiVersions": [
              "2023-03-01-preview"
            ],
            "capabilities": "None"
          }
        ],
        "registrationState": "Registered",
        "registrationPolicy": "RegistrationFree"
      }
    },
    {
      "RequestUri": "https://management.azure.com/subscriptions/db1ab6f0-4769-4b27-930e-01e2ef9c123c/resourceGroups/SpatialAnchors-test8359/providers/Microsoft.MixedReality/spatialAnchorsAccounts/spatialAnchorsAccount7035/providers/Microsoft.Resources/tags/default?api-version=2022-09-01",
      "RequestMethod": "GET",
      "RequestHeaders": {
        "Accept": "application/json",
        "Authorization": "Sanitized",
        "traceparent": "00-30af2b53a9ac6b43811eee0ff5176429-e4be6b4edd2db1de-00",
        "User-Agent": "azsdk-net-ResourceManager/1.8.1 (.NET 6.0.24; Microsoft Windows 10.0.22631)",
        "x-ms-client-request-id": "e38a41fae6095766e7d2fb1909d91bc1",
        "x-ms-return-client-request-id": "true"
      },
      "RequestBody": null,
      "StatusCode": 200,
      "ResponseHeaders": {
        "Cache-Control": "no-cache",
        "Content-Length": "300",
        "Content-Type": "application/json; charset=utf-8",
        "Date": "Thu, 09 Nov 2023 02:23:12 GMT",
        "Expires": "-1",
        "Pragma": "no-cache",
        "Strict-Transport-Security": "max-age=31536000; includeSubDomains",
        "X-Content-Type-Options": "nosniff",
        "x-ms-correlation-request-id": "c4cb468a-58ab-47e7-9e7e-6259574dd83a",
        "x-ms-ratelimit-remaining-subscription-reads": "11971",
        "x-ms-request-id": "c4cb468a-58ab-47e7-9e7e-6259574dd83a",
        "x-ms-routing-request-id": "JAPANEAST:20231109T022312Z:c4cb468a-58ab-47e7-9e7e-6259574dd83a"
      },
      "ResponseBody": {
        "id": "/subscriptions/db1ab6f0-4769-4b27-930e-01e2ef9c123c/resourceGroups/SpatialAnchors-test8359/providers/Microsoft.MixedReality/spatialAnchorsAccounts/spatialAnchorsAccount7035/providers/Microsoft.Resources/tags/default",
        "name": "default",
        "type": "Microsoft.Resources/tags",
        "properties": {
          "tags": {}
        }
      }
    },
    {
      "RequestUri": "https://management.azure.com/subscriptions/db1ab6f0-4769-4b27-930e-01e2ef9c123c/resourceGroups/SpatialAnchors-test8359/providers/Microsoft.MixedReality/spatialAnchorsAccounts/spatialAnchorsAccount7035/providers/Microsoft.Resources/tags/default?api-version=2022-09-01",
      "RequestMethod": "PUT",
      "RequestHeaders": {
        "Accept": "application/json",
        "Authorization": "Sanitized",
        "Content-Length": "42",
        "Content-Type": "application/json",
        "traceparent": "00-30af2b53a9ac6b43811eee0ff5176429-b20548df020073f9-00",
        "User-Agent": "azsdk-net-ResourceManager/1.8.1 (.NET 6.0.24; Microsoft Windows 10.0.22631)",
        "x-ms-client-request-id": "5ae85f914ba42b32edfb3af0b4e66fe9",
        "x-ms-return-client-request-id": "true"
      },
      "RequestBody": {
        "properties": {
          "tags": {
            "key1": "AddTags"
          }
        }
      },
      "StatusCode": 200,
      "ResponseHeaders": {
        "Cache-Control": "no-cache",
        "Content-Length": "316",
        "Content-Type": "application/json; charset=utf-8",
        "Date": "Thu, 09 Nov 2023 02:23:13 GMT",
        "Expires": "-1",
        "Pragma": "no-cache",
        "Strict-Transport-Security": "max-age=31536000; includeSubDomains",
        "X-Content-Type-Options": "nosniff",
        "x-ms-correlation-request-id": "63256888-b33b-4e16-a8b8-d78f5e492e68",
        "x-ms-ratelimit-remaining-subscription-writes": "1167",
        "x-ms-request-id": "63256888-b33b-4e16-a8b8-d78f5e492e68",
        "x-ms-routing-request-id": "JAPANEAST:20231109T022314Z:63256888-b33b-4e16-a8b8-d78f5e492e68"
      },
      "ResponseBody": {
        "id": "/subscriptions/db1ab6f0-4769-4b27-930e-01e2ef9c123c/resourceGroups/SpatialAnchors-test8359/providers/Microsoft.MixedReality/spatialAnchorsAccounts/spatialAnchorsAccount7035/providers/Microsoft.Resources/tags/default",
        "name": "default",
        "type": "Microsoft.Resources/tags",
        "properties": {
          "tags": {
            "key1": "AddTags"
          }
        }
      }
    },
    {
      "RequestUri": "https://management.azure.com/subscriptions/db1ab6f0-4769-4b27-930e-01e2ef9c123c/resourceGroups/SpatialAnchors-test8359/providers/Microsoft.MixedReality/spatialAnchorsAccounts/spatialAnchorsAccount7035?api-version=2021-01-01",
      "RequestMethod": "GET",
      "RequestHeaders": {
        "Accept": "application/json",
        "Authorization": "Sanitized",
        "traceparent": "00-30af2b53a9ac6b43811eee0ff5176429-75d8dda6105e47e5-00",
        "User-Agent": "azsdk-net-ResourceManager.MixedReality/1.1.0-alpha.20231109.1 (.NET 6.0.24; Microsoft Windows 10.0.22631)",
        "x-ms-client-request-id": "e52eb7dab3edae390f5ef60eac75a200",
        "x-ms-return-client-request-id": "true"
      },
      "RequestBody": null,
      "StatusCode": 200,
      "ResponseHeaders": {
        "Cache-Control": "no-cache",
        "Content-Length": "606",
        "Content-Type": "application/json; charset=utf-8",
        "Date": "Thu, 09 Nov 2023 02:23:14 GMT",
        "Expires": "-1",
        "MS-CV": "QDEUPhcGREuy3yQwYwoJNQ.0",
        "Pragma": "no-cache",
        "Strict-Transport-Security": "max-age=31536000; includeSubDomains",
        "X-Content-Type-Options": "nosniff",
        "x-ms-correlation-request-id": "5e32a5d5-f64e-46a3-bb2e-011d87b8aaa8",
        "x-ms-ratelimit-remaining-subscription-reads": "11970",
        "x-ms-request-id": "5e32a5d5-f64e-46a3-bb2e-011d87b8aaa8",
        "x-ms-routing-request-id": "JAPANEAST:20231109T022314Z:5e32a5d5-f64e-46a3-bb2e-011d87b8aaa8"
      },
      "ResponseBody": {
        "id": "/subscriptions/db1ab6f0-4769-4b27-930e-01e2ef9c123c/resourceGroups/SpatialAnchors-test8359/providers/Microsoft.MixedReality/spatialAnchorsAccounts/spatialAnchorsAccount7035",
        "name": "spatialAnchorsAccount7035",
        "type": "Microsoft.MixedReality/spatialAnchorsAccounts",
        "identity": {
          "type": "SystemAssigned",
          "principalId": "06817549-c957-4c19-ace0-f6f253996eef",
          "tenantId": "72f988bf-86f1-41af-91ab-2d7cd011db47"
        },
        "location": "eastus",
        "plan": null,
        "sku": null,
        "kind": null,
        "tags": {
          "key1": "AddTags"
        },
        "properties": {
          "accountDomain": "eastus.mixedreality.azure.com",
          "accountId": "2f91d422-65d3-4c8b-85f7-d93cef47c32e"
        }
      }
    },
    {
      "RequestUri": "https://management.azure.com/subscriptions/db1ab6f0-4769-4b27-930e-01e2ef9c123c/resourceGroups/SpatialAnchors-test8359/providers/Microsoft.MixedReality/spatialAnchorsAccounts/spatialAnchorsAccount7035/providers/Microsoft.Resources/tags/default?api-version=2022-09-01",
      "RequestMethod": "DELETE",
      "RequestHeaders": {
        "Accept": "application/json",
        "Authorization": "Sanitized",
        "traceparent": "00-31f6e99e61728b2de577d6c9a3d4f6c4-292e2f55bfbabf86-00",
        "User-Agent": "azsdk-net-ResourceManager/1.8.1 (.NET 6.0.24; Microsoft Windows 10.0.22631)",
        "x-ms-client-request-id": "bf9311633de751340876f08f47675908",
        "x-ms-return-client-request-id": "true"
      },
      "RequestBody": null,
      "StatusCode": 200,
      "ResponseHeaders": {
        "Cache-Control": "no-cache",
        "Content-Length": "0",
        "Date": "Thu, 09 Nov 2023 02:23:15 GMT",
        "Expires": "-1",
        "Pragma": "no-cache",
        "Strict-Transport-Security": "max-age=31536000; includeSubDomains",
        "X-Content-Type-Options": "nosniff",
        "x-ms-correlation-request-id": "84685746-d0f6-4b58-9b09-a585bb762723",
        "x-ms-ratelimit-remaining-subscription-deletes": "14997",
        "x-ms-request-id": "84685746-d0f6-4b58-9b09-a585bb762723",
        "x-ms-routing-request-id": "JAPANEAST:20231109T022316Z:84685746-d0f6-4b58-9b09-a585bb762723"
      },
      "ResponseBody": null
    },
    {
      "RequestUri": "https://management.azure.com/subscriptions/db1ab6f0-4769-4b27-930e-01e2ef9c123c/resourceGroups/SpatialAnchors-test8359/providers/Microsoft.MixedReality/spatialAnchorsAccounts/spatialAnchorsAccount7035/providers/Microsoft.Resources/tags/default?api-version=2022-09-01",
      "RequestMethod": "GET",
      "RequestHeaders": {
        "Accept": "application/json",
        "Authorization": "Sanitized",
        "traceparent": "00-31f6e99e61728b2de577d6c9a3d4f6c4-977f9ad62999a519-00",
        "User-Agent": "azsdk-net-ResourceManager/1.8.1 (.NET 6.0.24; Microsoft Windows 10.0.22631)",
        "x-ms-client-request-id": "c1670372be519d3983dddc77c2aa67a8",
        "x-ms-return-client-request-id": "true"
      },
      "RequestBody": null,
      "StatusCode": 200,
      "ResponseHeaders": {
        "Cache-Control": "no-cache",
        "Content-Length": "300",
        "Content-Type": "application/json; charset=utf-8",
        "Date": "Thu, 09 Nov 2023 02:23:16 GMT",
        "Expires": "-1",
        "Pragma": "no-cache",
        "Strict-Transport-Security": "max-age=31536000; includeSubDomains",
        "X-Content-Type-Options": "nosniff",
        "x-ms-correlation-request-id": "fca60d66-296c-466d-afc8-208ab3f50a64",
        "x-ms-ratelimit-remaining-subscription-reads": "11969",
        "x-ms-request-id": "fca60d66-296c-466d-afc8-208ab3f50a64",
        "x-ms-routing-request-id": "JAPANEAST:20231109T022316Z:fca60d66-296c-466d-afc8-208ab3f50a64"
      },
      "ResponseBody": {
        "id": "/subscriptions/db1ab6f0-4769-4b27-930e-01e2ef9c123c/resourceGroups/SpatialAnchors-test8359/providers/Microsoft.MixedReality/spatialAnchorsAccounts/spatialAnchorsAccount7035/providers/Microsoft.Resources/tags/default",
        "name": "default",
        "type": "Microsoft.Resources/tags",
        "properties": {
          "tags": {}
        }
      }
    },
    {
      "RequestUri": "https://management.azure.com/subscriptions/db1ab6f0-4769-4b27-930e-01e2ef9c123c/resourceGroups/SpatialAnchors-test8359/providers/Microsoft.MixedReality/spatialAnchorsAccounts/spatialAnchorsAccount7035/providers/Microsoft.Resources/tags/default?api-version=2022-09-01",
      "RequestMethod": "PUT",
      "RequestHeaders": {
        "Accept": "application/json",
        "Authorization": "Sanitized",
        "Content-Length": "91",
        "Content-Type": "application/json",
        "traceparent": "00-31f6e99e61728b2de577d6c9a3d4f6c4-33af4c18907fcc64-00",
        "User-Agent": "azsdk-net-ResourceManager/1.8.1 (.NET 6.0.24; Microsoft Windows 10.0.22631)",
        "x-ms-client-request-id": "9390ed05a65fda4915c0aea36e0507c0",
        "x-ms-return-client-request-id": "true"
      },
      "RequestBody": {
        "properties": {
          "tags": {
            "key1": "SpatialAnchorstset",
            "key2": "TagsOperate",
            "key3": "SetTags"
          }
        }
      },
      "StatusCode": 200,
      "ResponseHeaders": {
        "Cache-Control": "no-cache",
        "Content-Length": "365",
        "Content-Type": "application/json; charset=utf-8",
        "Date": "Thu, 09 Nov 2023 02:23:17 GMT",
        "Expires": "-1",
        "Pragma": "no-cache",
        "Strict-Transport-Security": "max-age=31536000; includeSubDomains",
        "X-Content-Type-Options": "nosniff",
        "x-ms-correlation-request-id": "5c537099-e26c-44bf-bff1-67a6080fa8d4",
        "x-ms-ratelimit-remaining-subscription-writes": "1166",
        "x-ms-request-id": "5c537099-e26c-44bf-bff1-67a6080fa8d4",
        "x-ms-routing-request-id": "JAPANEAST:20231109T022318Z:5c537099-e26c-44bf-bff1-67a6080fa8d4"
      },
      "ResponseBody": {
        "id": "/subscriptions/db1ab6f0-4769-4b27-930e-01e2ef9c123c/resourceGroups/SpatialAnchors-test8359/providers/Microsoft.MixedReality/spatialAnchorsAccounts/spatialAnchorsAccount7035/providers/Microsoft.Resources/tags/default",
        "name": "default",
        "type": "Microsoft.Resources/tags",
        "properties": {
          "tags": {
            "key1": "SpatialAnchorstset",
            "key2": "TagsOperate",
            "key3": "SetTags"
          }
        }
      }
    },
    {
      "RequestUri": "https://management.azure.com/subscriptions/db1ab6f0-4769-4b27-930e-01e2ef9c123c/resourceGroups/SpatialAnchors-test8359/providers/Microsoft.MixedReality/spatialAnchorsAccounts/spatialAnchorsAccount7035?api-version=2021-01-01",
      "RequestMethod": "GET",
      "RequestHeaders": {
        "Accept": "application/json",
        "Authorization": "Sanitized",
        "traceparent": "00-31f6e99e61728b2de577d6c9a3d4f6c4-9a7a8e0d107c78c8-00",
        "User-Agent": "azsdk-net-ResourceManager.MixedReality/1.1.0-alpha.20231109.1 (.NET 6.0.24; Microsoft Windows 10.0.22631)",
        "x-ms-client-request-id": "5b2926db32b8cb95ba8dab910f962e7e",
        "x-ms-return-client-request-id": "true"
      },
      "RequestBody": null,
      "StatusCode": 200,
      "ResponseHeaders": {
        "Cache-Control": "no-cache",
        "Content-Length": "655",
        "Content-Type": "application/json; charset=utf-8",
        "Date": "Thu, 09 Nov 2023 02:23:18 GMT",
        "Expires": "-1",
        "MS-CV": "BC0Iw0bDxEWbDwV8GtR4eg.0",
        "Pragma": "no-cache",
        "Strict-Transport-Security": "max-age=31536000; includeSubDomains",
        "X-Content-Type-Options": "nosniff",
        "x-ms-correlation-request-id": "5aaaf400-4bca-4bcc-9c42-29a08f458f97",
        "x-ms-ratelimit-remaining-subscription-reads": "11968",
        "x-ms-request-id": "5aaaf400-4bca-4bcc-9c42-29a08f458f97",
        "x-ms-routing-request-id": "JAPANEAST:20231109T022318Z:5aaaf400-4bca-4bcc-9c42-29a08f458f97"
      },
      "ResponseBody": {
        "id": "/subscriptions/db1ab6f0-4769-4b27-930e-01e2ef9c123c/resourceGroups/SpatialAnchors-test8359/providers/Microsoft.MixedReality/spatialAnchorsAccounts/spatialAnchorsAccount7035",
        "name": "spatialAnchorsAccount7035",
        "type": "Microsoft.MixedReality/spatialAnchorsAccounts",
        "identity": {
          "type": "SystemAssigned",
          "principalId": "06817549-c957-4c19-ace0-f6f253996eef",
          "tenantId": "72f988bf-86f1-41af-91ab-2d7cd011db47"
        },
        "location": "eastus",
        "plan": null,
        "sku": null,
        "kind": null,
        "tags": {
          "key1": "SpatialAnchorstset",
          "key2": "TagsOperate",
          "key3": "SetTags"
        },
        "properties": {
          "accountDomain": "eastus.mixedreality.azure.com",
          "accountId": "2f91d422-65d3-4c8b-85f7-d93cef47c32e"
        }
      }
    },
    {
      "RequestUri": "https://management.azure.com/subscriptions/db1ab6f0-4769-4b27-930e-01e2ef9c123c/resourceGroups/SpatialAnchors-test8359/providers/Microsoft.MixedReality/spatialAnchorsAccounts/spatialAnchorsAccount7035/providers/Microsoft.Resources/tags/default?api-version=2022-09-01",
      "RequestMethod": "GET",
      "RequestHeaders": {
        "Accept": "application/json",
        "Authorization": "Sanitized",
        "traceparent": "00-23fc8529039857816fe7e5eeec6829b7-fb285e2e4f913b9c-00",
        "User-Agent": "azsdk-net-ResourceManager/1.8.1 (.NET 6.0.24; Microsoft Windows 10.0.22631)",
        "x-ms-client-request-id": "c6c71cd6238d6ca837d2b3e62d6f2d90",
        "x-ms-return-client-request-id": "true"
      },
      "RequestBody": null,
      "StatusCode": 200,
      "ResponseHeaders": {
        "Cache-Control": "no-cache",
        "Content-Length": "365",
        "Content-Type": "application/json; charset=utf-8",
        "Date": "Thu, 09 Nov 2023 02:23:18 GMT",
        "Expires": "-1",
        "Pragma": "no-cache",
        "Strict-Transport-Security": "max-age=31536000; includeSubDomains",
        "X-Content-Type-Options": "nosniff",
        "x-ms-correlation-request-id": "e445a056-08bd-4ba1-ab0c-d3fecd63c938",
        "x-ms-ratelimit-remaining-subscription-reads": "11967",
        "x-ms-request-id": "e445a056-08bd-4ba1-ab0c-d3fecd63c938",
        "x-ms-routing-request-id": "JAPANEAST:20231109T022319Z:e445a056-08bd-4ba1-ab0c-d3fecd63c938"
      },
      "ResponseBody": {
        "id": "/subscriptions/db1ab6f0-4769-4b27-930e-01e2ef9c123c/resourceGroups/SpatialAnchors-test8359/providers/Microsoft.MixedReality/spatialAnchorsAccounts/spatialAnchorsAccount7035/providers/Microsoft.Resources/tags/default",
        "name": "default",
        "type": "Microsoft.Resources/tags",
        "properties": {
          "tags": {
            "key1": "SpatialAnchorstset",
            "key2": "TagsOperate",
            "key3": "SetTags"
          }
        }
      }
    },
    {
      "RequestUri": "https://management.azure.com/subscriptions/db1ab6f0-4769-4b27-930e-01e2ef9c123c/resourceGroups/SpatialAnchors-test8359/providers/Microsoft.MixedReality/spatialAnchorsAccounts/spatialAnchorsAccount7035/providers/Microsoft.Resources/tags/default?api-version=2022-09-01",
      "RequestMethod": "PUT",
      "RequestHeaders": {
        "Accept": "application/json",
        "Authorization": "Sanitized",
        "Content-Length": "74",
        "Content-Type": "application/json",
        "traceparent": "00-23fc8529039857816fe7e5eeec6829b7-f55b8718260143b6-00",
        "User-Agent": "azsdk-net-ResourceManager/1.8.1 (.NET 6.0.24; Microsoft Windows 10.0.22631)",
        "x-ms-client-request-id": "48c748b0abdb7d0867508a71ec25ae49",
        "x-ms-return-client-request-id": "true"
      },
      "RequestBody": {
        "properties": {
          "tags": {
            "key1": "SpatialAnchorstset",
            "key2": "TagsOperate"
          }
        }
      },
      "StatusCode": 200,
      "ResponseHeaders": {
        "Cache-Control": "no-cache",
        "Content-Length": "348",
        "Content-Type": "application/json; charset=utf-8",
        "Date": "Thu, 09 Nov 2023 02:23:20 GMT",
        "Expires": "-1",
        "Pragma": "no-cache",
        "Strict-Transport-Security": "max-age=31536000; includeSubDomains",
        "X-Content-Type-Options": "nosniff",
        "x-ms-correlation-request-id": "066f43d7-97ee-4d9b-b3dd-ceffd773cce9",
        "x-ms-ratelimit-remaining-subscription-writes": "1165",
        "x-ms-request-id": "066f43d7-97ee-4d9b-b3dd-ceffd773cce9",
        "x-ms-routing-request-id": "JAPANEAST:20231109T022320Z:066f43d7-97ee-4d9b-b3dd-ceffd773cce9"
      },
      "ResponseBody": {
        "id": "/subscriptions/db1ab6f0-4769-4b27-930e-01e2ef9c123c/resourceGroups/SpatialAnchors-test8359/providers/Microsoft.MixedReality/spatialAnchorsAccounts/spatialAnchorsAccount7035/providers/Microsoft.Resources/tags/default",
        "name": "default",
        "type": "Microsoft.Resources/tags",
        "properties": {
          "tags": {
            "key1": "SpatialAnchorstset",
            "key2": "TagsOperate"
          }
        }
      }
    },
    {
      "RequestUri": "https://management.azure.com/subscriptions/db1ab6f0-4769-4b27-930e-01e2ef9c123c/resourceGroups/SpatialAnchors-test8359/providers/Microsoft.MixedReality/spatialAnchorsAccounts/spatialAnchorsAccount7035?api-version=2021-01-01",
      "RequestMethod": "GET",
      "RequestHeaders": {
        "Accept": "application/json",
        "Authorization": "Sanitized",
        "traceparent": "00-23fc8529039857816fe7e5eeec6829b7-394d376e2c87b09c-00",
        "User-Agent": "azsdk-net-ResourceManager.MixedReality/1.1.0-alpha.20231109.1 (.NET 6.0.24; Microsoft Windows 10.0.22631)",
        "x-ms-client-request-id": "c7e01a60e6ce2aa214495e3c99367f11",
        "x-ms-return-client-request-id": "true"
      },
      "RequestBody": null,
      "StatusCode": 200,
      "ResponseHeaders": {
        "Cache-Control": "no-cache",
        "Content-Length": "638",
        "Content-Type": "application/json; charset=utf-8",
        "Date": "Thu, 09 Nov 2023 02:23:20 GMT",
        "Expires": "-1",
        "MS-CV": "sNCz7hClu0O6GJUXBtnWUg.0",
        "Pragma": "no-cache",
        "Strict-Transport-Security": "max-age=31536000; includeSubDomains",
        "X-Content-Type-Options": "nosniff",
        "x-ms-correlation-request-id": "5915849e-dd76-471e-9b13-8564fced3956",
        "x-ms-ratelimit-remaining-subscription-reads": "11966",
        "x-ms-request-id": "5915849e-dd76-471e-9b13-8564fced3956",
        "x-ms-routing-request-id": "JAPANEAST:20231109T022321Z:5915849e-dd76-471e-9b13-8564fced3956"
      },
      "ResponseBody": {
        "id": "/subscriptions/db1ab6f0-4769-4b27-930e-01e2ef9c123c/resourceGroups/SpatialAnchors-test8359/providers/Microsoft.MixedReality/spatialAnchorsAccounts/spatialAnchorsAccount7035",
        "name": "spatialAnchorsAccount7035",
        "type": "Microsoft.MixedReality/spatialAnchorsAccounts",
        "identity": {
          "type": "SystemAssigned",
          "principalId": "06817549-c957-4c19-ace0-f6f253996eef",
          "tenantId": "72f988bf-86f1-41af-91ab-2d7cd011db47"
        },
        "location": "eastus",
        "plan": null,
        "sku": null,
        "kind": null,
        "tags": {
          "key1": "SpatialAnchorstset",
          "key2": "TagsOperate"
        },
        "properties": {
          "accountDomain": "eastus.mixedreality.azure.com",
          "accountId": "2f91d422-65d3-4c8b-85f7-d93cef47c32e"
        }
      }
    }
  ],
  "Variables": {
    "AZURE_AUTHORITY_HOST": "https://login.microsoftonline.com/",
    "RandomSeed": "260674399",
    "RESOURCE_MANAGER_URL": null,
    "SUBSCRIPTION_ID": "db1ab6f0-4769-4b27-930e-01e2ef9c123c"
  }
}
