{
  "Entries": [
    {
      "RequestUri": "https://management.azure.com/subscriptions/00000000-0000-0000-0000-000000000/resourceGroups/00000/providers/Microsoft.MachineLearningServices/workspaces/00000/connections/e2etest_wps_conn_test_886819701952?api-version=2024-04-01-preview",
      "RequestMethod": "PUT",
      "RequestHeaders": {
        "Accept": "application/json",
        "Accept-Encoding": "gzip, deflate",
        "Connection": "keep-alive",
        "Content-Length": "188",
        "Content-Type": "application/json",
        "User-Agent": "azure-ai-ml/1.16.0 azsdk-python-mgmt-machinelearningservices/0.1.0 Python/3.10.2 (Linux-5.15.146.1-microsoft-standard-WSL2-x86_64-with-glibc2.31)"
      },
      "RequestBody": {
        "properties": {
          "authType": "ApiKey",
          "category": "CognitiveService",
          "isSharedToAll": true,
          "metadata": {
            "Kind": "speech"
          },
          "target": "my_endpoint",
          "credentials": {
            "key": "dGhpcyBpcyBmYWtlIGtleQ=="
          }
        }
      },
      "StatusCode": 200,
      "ResponseHeaders": {
        "Cache-Control": "no-cache",
        "Content-Length": "1049",
        "Content-Type": "application/json; charset=utf-8",
        "Date": "Fri, 26 Apr 2024 19:17:36 GMT",
        "Expires": "-1",
        "Pragma": "no-cache",
        "Request-Context": "appId=cid-v1:2d2e8e63-272e-4b3c-8598-4ee570a0e70d",
        "Strict-Transport-Security": "max-age=31536000; includeSubDomains",
        "Vary": "Accept-Encoding",
        "x-aml-cluster": "vienna-eastus-02",
        "X-Cache": "CONFIG_NOCACHE",
        "X-Content-Type-Options": "nosniff",
        "x-ms-correlation-request-id": "044e5c3b-76a9-4808-af14-aeb98bf59d38",
        "x-ms-ratelimit-remaining-subscription-writes": "1199",
        "x-ms-response-type": "standard",
        "x-ms-routing-request-id": "EASTUS2:20240426T191737Z:044e5c3b-76a9-4808-af14-aeb98bf59d38",
        "X-MSEdge-Ref": "Ref A: 04AFDA03854C4A6597635C896DECD690 Ref B: MNZ221060618053 Ref C: 2024-04-26T19:17:36Z",
        "x-request-time": "0.218"
      },
      "ResponseBody": {
        "tags": null,
        "location": null,
        "id": "/subscriptions/00000000-0000-0000-0000-000000000/resourceGroups/00000/providers/Microsoft.MachineLearningServices/workspaces/00000/connections/e2etest_wps_conn_test_886819701952",
        "name": "e2etest_wps_conn_test_886819701952",
        "type": "Microsoft.MachineLearningServices/workspaces/connections",
        "properties": {
          "authType": "ApiKey",
          "credentials": null,
          "group": "AzureAI",
          "category": "CognitiveService",
          "expiryTime": null,
          "target": "my_endpoint",
          "createdByWorkspaceArmId": "/subscriptions/00000000-0000-0000-0000-000000000/resourceGroups/00000/providers/Microsoft.MachineLearningServices/workspaces/00000",
          "useWorkspaceManagedIdentity": false,
          "isSharedToAll": true,
          "autoPrivateLinkCreate": true,
          "sharedUserList": [],
          "metadata": {
            "Kind": "speech",
            "ApiVersion": "2023-07-01-preview",
            "DeploymentApiVersion": "2023-10-01-preview"
          }
        },
        "systemData": {
          "createdAt": "2024-04-26T19:17:36.9084891Z",
          "createdBy": "Sanitized",
          "createdByType": "User",
          "lastModifiedAt": "2024-04-26T19:17:36.9084891Z",
          "lastModifiedBy": "Sanitized",
          "lastModifiedByType": "User"
        }
      }
    },
    {
      "RequestUri": "https://management.azure.com/subscriptions/00000000-0000-0000-0000-000000000/resourceGroups/00000/providers/Microsoft.MachineLearningServices/workspaces/00000/connections/e2etest_wps_conn_test_886819701952/listsecrets?api-version=2024-04-01-preview",
      "RequestMethod": "POST",
      "RequestHeaders": {
        "Accept": "application/json",
        "Accept-Encoding": "gzip, deflate",
        "Connection": "keep-alive",
        "Content-Length": "0",
        "User-Agent": "azure-ai-ml/1.16.0 azsdk-python-mgmt-machinelearningservices/0.1.0 Python/3.10.2 (Linux-5.15.146.1-microsoft-standard-WSL2-x86_64-with-glibc2.31)"
      },
      "RequestBody": null,
      "StatusCode": 200,
      "ResponseHeaders": {
        "Cache-Control": "no-cache",
        "Content-Length": "1079",
        "Content-Type": "application/json; charset=utf-8",
        "Date": "Fri, 26 Apr 2024 19:17:37 GMT",
        "Expires": "-1",
        "Pragma": "no-cache",
        "Request-Context": "appId=cid-v1:2d2e8e63-272e-4b3c-8598-4ee570a0e70d",
        "Strict-Transport-Security": "max-age=31536000; includeSubDomains",
        "Vary": "Accept-Encoding",
        "x-aml-cluster": "vienna-eastus-01",
        "X-Cache": "CONFIG_NOCACHE",
        "X-Content-Type-Options": "nosniff",
        "x-ms-correlation-request-id": "2997e963-dafc-442c-9847-53cd14563ff0",
        "x-ms-ratelimit-remaining-subscription-writes": "1198",
        "x-ms-response-type": "standard",
        "x-ms-routing-request-id": "EASTUS2:20240426T191737Z:2997e963-dafc-442c-9847-53cd14563ff0",
        "X-MSEdge-Ref": "Ref A: 421433FB56914C86B201BAC0D385041C Ref B: MNZ221060618053 Ref C: 2024-04-26T19:17:37Z",
        "x-request-time": "0.077"
      },
      "ResponseBody": {
        "tags": null,
        "location": null,
        "id": "/subscriptions/00000000-0000-0000-0000-000000000/resourceGroups/00000/providers/Microsoft.MachineLearningServices/workspaces/00000/connections/e2etest_wps_conn_test_886819701952",
        "name": "e2etest_wps_conn_test_886819701952",
        "type": "Microsoft.MachineLearningServices/workspaces/connections",
        "properties": {
          "authType": "ApiKey",
          "credentials": {
            "key": "dGhpcyBpcyBmYWtlIGtleQ=="
          },
          "group": "AzureAI",
          "category": "CognitiveService",
          "expiryTime": null,
          "target": "my_endpoint",
          "createdByWorkspaceArmId": "/subscriptions/00000000-0000-0000-0000-000000000/resourceGroups/00000/providers/Microsoft.MachineLearningServices/workspaces/00000",
          "useWorkspaceManagedIdentity": false,
          "isSharedToAll": true,
          "autoPrivateLinkCreate": true,
          "sharedUserList": [],
          "metadata": {
            "Kind": "speech",
            "ApiVersion": "2023-07-01-preview",
            "DeploymentApiVersion": "2023-10-01-preview"
          }
        },
        "systemData": {
          "createdAt": "2024-04-26T19:17:36.9084891Z",
          "createdBy": "Sanitized",
          "createdByType": "User",
          "lastModifiedAt": "2024-04-26T19:17:36.9084891Z",
          "lastModifiedBy": "Sanitized",
          "lastModifiedByType": "User"
        }
      }
    },
    {
      "RequestUri": "https://management.azure.com/subscriptions/00000000-0000-0000-0000-000000000/resourceGroups/00000/providers/Microsoft.MachineLearningServices/workspaces/00000/connections/e2etest_wps_conn_test_886819701952?api-version=2024-04-01-preview",
      "RequestMethod": "DELETE",
      "RequestHeaders": {
        "Accept": "application/json",
        "Accept-Encoding": "gzip, deflate",
        "Connection": "keep-alive",
        "Content-Length": "0",
        "User-Agent": "azure-ai-ml/1.16.0 azsdk-python-mgmt-machinelearningservices/0.1.0 Python/3.10.2 (Linux-5.15.146.1-microsoft-standard-WSL2-x86_64-with-glibc2.31)"
      },
      "RequestBody": null,
      "StatusCode": 200,
      "ResponseHeaders": {
        "Cache-Control": "no-cache",
        "Content-Length": "0",
        "Date": "Fri, 26 Apr 2024 19:17:37 GMT",
        "Expires": "-1",
        "Pragma": "no-cache",
        "Request-Context": "appId=cid-v1:2d2e8e63-272e-4b3c-8598-4ee570a0e70d",
        "Strict-Transport-Security": "max-age=31536000; includeSubDomains",
        "x-aml-cluster": "vienna-eastus-01",
        "X-Cache": "CONFIG_NOCACHE",
        "X-Content-Type-Options": "nosniff",
        "x-ms-correlation-request-id": "3c6fe05a-d19b-48ba-87e8-a48541ce8ff7",
        "x-ms-ratelimit-remaining-subscription-deletes": "14999",
        "x-ms-response-type": "standard",
        "x-ms-routing-request-id": "EASTUS2:20240426T191737Z:3c6fe05a-d19b-48ba-87e8-a48541ce8ff7",
        "X-MSEdge-Ref": "Ref A: FF1B9F39DB8E4DC39160C6BD112B33E4 Ref B: MNZ221060618053 Ref C: 2024-04-26T19:17:37Z",
        "x-request-time": "0.325"
      },
      "ResponseBody": null
    },
    {
      "RequestUri": "https://management.azure.com/subscriptions/00000000-0000-0000-0000-000000000/resourceGroups/00000/providers/Microsoft.MachineLearningServices/workspaces/00000/connections/e2etest_wps_conn_test_886819701952?api-version=2024-04-01-preview",
      "RequestMethod": "GET",
      "RequestHeaders": {
        "Accept": "application/json",
        "Accept-Encoding": "gzip, deflate",
        "Connection": "keep-alive",
        "User-Agent": "azure-ai-ml/1.16.0 azsdk-python-mgmt-machinelearningservices/0.1.0 Python/3.10.2 (Linux-5.15.146.1-microsoft-standard-WSL2-x86_64-with-glibc2.31)"
      },
      "RequestBody": null,
      "StatusCode": 404,
      "ResponseHeaders": {
        "Cache-Control": "no-cache",
        "Content-Length": "708",
        "Content-Type": "application/json; charset=utf-8",
        "Date": "Fri, 26 Apr 2024 19:17:37 GMT",
        "Expires": "-1",
        "Pragma": "no-cache",
        "Request-Context": "appId=cid-v1:2d2e8e63-272e-4b3c-8598-4ee570a0e70d",
        "Strict-Transport-Security": "max-age=31536000; includeSubDomains",
        "Vary": "Accept-Encoding",
        "x-aml-cluster": "vienna-eastus-02",
        "X-Cache": "CONFIG_NOCACHE",
        "X-Content-Type-Options": "nosniff",
        "x-ms-correlation-request-id": "face6490-e2a5-457f-9499-597b9ceb0af9",
        "x-ms-ratelimit-remaining-subscription-reads": "11999",
        "x-ms-response-type": "error",
        "x-ms-routing-request-id": "EASTUS2:20240426T191738Z:face6490-e2a5-457f-9499-597b9ceb0af9",
        "X-MSEdge-Ref": "Ref A: 79B966EE44C54B74BE9263D4286DABCA Ref B: MNZ221060618053 Ref C: 2024-04-26T19:17:38Z",
        "x-request-time": "0.049"
      },
      "ResponseBody": {
        "error": {
          "code": "UserError",
          "severity": null,
          "message": "Connection e2etest_wps_conn_test_886819701952 can't be found in this workspace",
          "messageFormat": null,
          "messageParameters": null,
          "referenceCode": null,
          "detailsUri": null,
          "target": null,
          "details": [],
          "innerError": {
            "code": "NotFoundError",
            "innerError": null
          },
          "debugInfo": null,
          "additionalInfo": null
        },
        "correlation": {
          "operation": "97d681a7eb81b382a9630dc6e53b827b",
          "request": "cfade6a30c53442d"
        },
        "environment": "eastus",
        "location": "eastus",
        "time": "2024-04-26T19:17:38.1091812+00:00",
        "componentName": "account-rp",
        "statusCode": 404
      }
    },
    {
      "RequestUri": "https://management.azure.com/subscriptions/00000000-0000-0000-0000-000000000/resourceGroups/00000/providers/Microsoft.MachineLearningServices/workspaces/00000/connections/e2etest_wps_conn_test_895664042650?api-version=2024-04-01-preview",
      "RequestMethod": "PUT",
      "RequestHeaders": {
        "Accept": "application/json",
        "Accept-Encoding": "gzip, deflate",
        "Connection": "keep-alive",
        "Content-Length": "147",
        "Content-Type": "application/json",
        "User-Agent": "azure-ai-ml/1.16.0 azsdk-python-mgmt-machinelearningservices/0.1.0 Python/3.10.2 (Linux-5.15.146.1-microsoft-standard-WSL2-x86_64-with-glibc2.31)"
      },
      "RequestBody": {
        "properties": {
          "authType": "AAD",
          "category": "CognitiveService",
          "isSharedToAll": true,
          "metadata": {
            "Kind": "speech"
          },
          "target": "my_endpoint"
        }
      },
      "StatusCode": 200,
      "ResponseHeaders": {
        "Cache-Control": "no-cache",
        "Content-Length": "1027",
        "Content-Type": "application/json; charset=utf-8",
        "Date": "Fri, 26 Apr 2024 19:17:38 GMT",
        "Expires": "-1",
        "Pragma": "no-cache",
        "Request-Context": "appId=cid-v1:2d2e8e63-272e-4b3c-8598-4ee570a0e70d",
        "Strict-Transport-Security": "max-age=31536000; includeSubDomains",
        "Vary": "Accept-Encoding",
        "x-aml-cluster": "vienna-eastus-02",
        "X-Cache": "CONFIG_NOCACHE",
        "X-Content-Type-Options": "nosniff",
        "x-ms-correlation-request-id": "feac6230-2272-4578-b669-8ffdaae79202",
        "x-ms-ratelimit-remaining-subscription-writes": "1199",
        "x-ms-response-type": "standard",
        "x-ms-routing-request-id": "EASTUS2:20240426T191738Z:feac6230-2272-4578-b669-8ffdaae79202",
        "X-MSEdge-Ref": "Ref A: ED383A2EB4134324984BF034F64D33B1 Ref B: MNZ221060618053 Ref C: 2024-04-26T19:17:38Z",
        "x-request-time": "0.099"
      },
      "ResponseBody": {
        "tags": null,
        "location": null,
        "id": "/subscriptions/00000000-0000-0000-0000-000000000/resourceGroups/00000/providers/Microsoft.MachineLearningServices/workspaces/00000/connections/e2etest_wps_conn_test_895664042650",
        "name": "e2etest_wps_conn_test_895664042650",
        "type": "Microsoft.MachineLearningServices/workspaces/connections",
        "properties": {
          "authType": "AAD",
          "group": "AzureAI",
          "category": "CognitiveService",
          "expiryTime": null,
          "target": "my_endpoint",
          "createdByWorkspaceArmId": "/subscriptions/00000000-0000-0000-0000-000000000/resourceGroups/00000/providers/Microsoft.MachineLearningServices/workspaces/00000",
          "useWorkspaceManagedIdentity": false,
          "isSharedToAll": true,
          "autoPrivateLinkCreate": true,
          "sharedUserList": [],
          "metadata": {
            "Kind": "speech",
            "ApiVersion": "2023-07-01-preview",
            "DeploymentApiVersion": "2023-10-01-preview"
          }
        },
        "systemData": {
          "createdAt": "2024-04-26T19:17:38.3544409Z",
          "createdBy": "Sanitized",
          "createdByType": "User",
          "lastModifiedAt": "2024-04-26T19:17:38.3544409Z",
          "lastModifiedBy": "Sanitized",
          "lastModifiedByType": "User"
        }
      }
    },
    {
      "RequestUri": "https://management.azure.com/subscriptions/00000000-0000-0000-0000-000000000/resourceGroups/00000/providers/Microsoft.MachineLearningServices/workspaces/00000/connections/e2etest_wps_conn_test_895664042650?api-version=2024-04-01-preview",
      "RequestMethod": "DELETE",
      "RequestHeaders": {
        "Accept": "application/json",
        "Accept-Encoding": "gzip, deflate",
        "Connection": "keep-alive",
        "Content-Length": "0",
        "User-Agent": "azure-ai-ml/1.16.0 azsdk-python-mgmt-machinelearningservices/0.1.0 Python/3.10.2 (Linux-5.15.146.1-microsoft-standard-WSL2-x86_64-with-glibc2.31)"
      },
      "RequestBody": null,
      "StatusCode": 200,
      "ResponseHeaders": {
        "Cache-Control": "no-cache",
        "Content-Length": "0",
        "Date": "Fri, 26 Apr 2024 19:17:38 GMT",
        "Expires": "-1",
        "Pragma": "no-cache",
        "Request-Context": "appId=cid-v1:2d2e8e63-272e-4b3c-8598-4ee570a0e70d",
        "Strict-Transport-Security": "max-age=31536000; includeSubDomains",
        "x-aml-cluster": "vienna-eastus-02",
        "X-Cache": "CONFIG_NOCACHE",
        "X-Content-Type-Options": "nosniff",
        "x-ms-correlation-request-id": "975cd034-501c-4096-af47-1cd1d1e26552",
        "x-ms-ratelimit-remaining-subscription-deletes": "14999",
        "x-ms-response-type": "standard",
        "x-ms-routing-request-id": "EASTUS2:20240426T191738Z:975cd034-501c-4096-af47-1cd1d1e26552",
        "X-MSEdge-Ref": "Ref A: 46A1F7EF19C54E548D4397CCBC895476 Ref B: MNZ221060618053 Ref C: 2024-04-26T19:17:38Z",
        "x-request-time": "0.163"
      },
      "ResponseBody": null
    },
    {
      "RequestUri": "https://management.azure.com/subscriptions/00000000-0000-0000-0000-000000000/resourceGroups/00000/providers/Microsoft.MachineLearningServices/workspaces/00000/connections/e2etest_wps_conn_test_895664042650?api-version=2024-04-01-preview",
      "RequestMethod": "GET",
      "RequestHeaders": {
        "Accept": "application/json",
        "Accept-Encoding": "gzip, deflate",
        "Connection": "keep-alive",
        "User-Agent": "azure-ai-ml/1.16.0 azsdk-python-mgmt-machinelearningservices/0.1.0 Python/3.10.2 (Linux-5.15.146.1-microsoft-standard-WSL2-x86_64-with-glibc2.31)"
      },
      "RequestBody": null,
      "StatusCode": 404,
      "ResponseHeaders": {
        "Cache-Control": "no-cache",
        "Content-Length": "708",
        "Content-Type": "application/json; charset=utf-8",
        "Date": "Fri, 26 Apr 2024 19:17:38 GMT",
        "Expires": "-1",
        "Pragma": "no-cache",
        "Request-Context": "appId=cid-v1:2d2e8e63-272e-4b3c-8598-4ee570a0e70d",
        "Strict-Transport-Security": "max-age=31536000; includeSubDomains",
        "Vary": "Accept-Encoding",
        "x-aml-cluster": "vienna-eastus-01",
        "X-Cache": "CONFIG_NOCACHE",
        "X-Content-Type-Options": "nosniff",
        "x-ms-correlation-request-id": "5257b09f-99b0-4075-bfeb-786028191b8c",
        "x-ms-ratelimit-remaining-subscription-reads": "11999",
        "x-ms-response-type": "error",
        "x-ms-routing-request-id": "EASTUS2:20240426T191739Z:5257b09f-99b0-4075-bfeb-786028191b8c",
        "X-MSEdge-Ref": "Ref A: 1A72526DD9574A8FB992BFFB21511823 Ref B: MNZ221060618053 Ref C: 2024-04-26T19:17:38Z",
        "x-request-time": "0.059"
      },
      "ResponseBody": {
        "error": {
          "code": "UserError",
          "severity": null,
          "message": "Connection e2etest_wps_conn_test_895664042650 can't be found in this workspace",
          "messageFormat": null,
          "messageParameters": null,
          "referenceCode": null,
          "detailsUri": null,
          "target": null,
          "details": [],
          "innerError": {
            "code": "NotFoundError",
            "innerError": null
          },
          "debugInfo": null,
          "additionalInfo": null
        },
        "correlation": {
          "operation": "2c20d9e763d0b3245fe0ad44fad0c783",
          "request": "2a86df4818c3a592"
        },
        "environment": "eastus",
        "location": "eastus",
        "time": "2024-04-26T19:17:38.9462151+00:00",
        "componentName": "account-rp",
        "statusCode": 404
      }
    }
  ],
  "Variables": {
    "wps_conn_name1": "test_886819701952",
    "wps_conn_name2": "test_895664042650"
  }
}
