{
  "Entries": [
    {
      "RequestUri": "https://seancanary.blob.core.windows.net/test-container-fc501e3d-0719-a19b-df42-e837db4058db?restype=container",
      "RequestMethod": "PUT",
      "RequestHeaders": {
        "Accept": "application/xml",
        "Authorization": "Sanitized",
        "Content-Length": "0",
        "traceparent": "00-a789a015efab5a55f660028c7f906b79-08feed4a28b00629-00",
        "User-Agent": "azsdk-net-Storage.Blobs/12.21.0-alpha.20240606.1 (.NET 7.0.20; Microsoft Windows 10.0.22631)",
        "x-ms-client-request-id": "Sanitized",
        "x-ms-date": "Fri, 07 Jun 2024 01:23:57 GMT",
        "x-ms-return-client-request-id": "true",
        "x-ms-version": "2024-08-04"
      },
      "RequestBody": null,
      "StatusCode": 201,
      "ResponseHeaders": {
        "Content-Length": "0",
        "Date": "Fri, 07 Jun 2024 01:23:57 GMT",
        "ETag": "\"0x8DC8690819D15E0\"",
        "Last-Modified": "Fri, 07 Jun 2024 01:23:58 GMT",
        "Server": [
          "Windows-Azure-Blob/1.0",
          "Microsoft-HTTPAPI/2.0"
        ],
        "x-ms-client-request-id": "Sanitized",
        "x-ms-request-id": "f2d75162-401e-0065-3f79-b85865000000",
        "x-ms-version": "2024-08-04"
      },
      "ResponseBody": null
    },
    {
      "RequestUri": "https://seancanary.blob.core.windows.net/test-container-845da2f2-9e53-17a4-83c4-8f611afc36dd?restype=container",
      "RequestMethod": "PUT",
      "RequestHeaders": {
        "Accept": "application/xml",
        "Authorization": "Sanitized",
        "Content-Length": "0",
        "traceparent": "00-bc3db97544ef1cb055f03e383118c138-35bd1164ce732cf4-00",
        "User-Agent": "azsdk-net-Storage.Blobs/12.21.0-alpha.20240606.1 (.NET 7.0.20; Microsoft Windows 10.0.22631)",
        "x-ms-client-request-id": "Sanitized",
        "x-ms-date": "Fri, 07 Jun 2024 01:23:57 GMT",
        "x-ms-return-client-request-id": "true",
        "x-ms-version": "2024-08-04"
      },
      "RequestBody": null,
      "StatusCode": 201,
      "ResponseHeaders": {
        "Content-Length": "0",
        "Date": "Fri, 07 Jun 2024 01:23:58 GMT",
        "ETag": "\"0x8DC869081ABE1AC\"",
        "Last-Modified": "Fri, 07 Jun 2024 01:23:58 GMT",
        "Server": [
          "Windows-Azure-Blob/1.0",
          "Microsoft-HTTPAPI/2.0"
        ],
        "x-ms-client-request-id": "Sanitized",
        "x-ms-request-id": "f2d75189-401e-0065-5b79-b85865000000",
        "x-ms-version": "2024-08-04"
      },
      "ResponseBody": null
    },
    {
      "RequestUri": "https://seancanary.blob.core.windows.net/test-container-fc501e3d-0719-a19b-df42-e837db4058db/test-blob-9a58f0a1-bd32-b358-da48-9862144bbf99",
      "RequestMethod": "PUT",
      "RequestHeaders": {
        "Accept": "application/xml",
        "Authorization": "Sanitized",
        "Content-Length": "2048",
        "Content-Type": "application/octet-stream",
        "traceparent": "00-1cb49e284caf445fece626302794f507-135a07b1c97a90f3-00",
        "User-Agent": "azsdk-net-Storage.Blobs/12.21.0-alpha.20240606.1 (.NET 7.0.20; Microsoft Windows 10.0.22631)",
        "x-ms-access-tier": "Cold",
        "x-ms-blob-cache-control": "no-cache",
        "x-ms-blob-content-disposition": "inline",
        "x-ms-blob-content-language": "en-US",
        "x-ms-blob-content-type": "text/plain",
        "x-ms-blob-type": "BlockBlob",
        "x-ms-client-request-id": "Sanitized",
        "x-ms-date": "Fri, 07 Jun 2024 01:23:57 GMT",
        "x-ms-meta-Capital": "letter",
        "x-ms-meta-foo": "bar",
        "x-ms-meta-meta": "data",
        "x-ms-meta-UPPER": "case",
        "x-ms-return-client-request-id": "true",
        "x-ms-version": "2024-08-04"
      },
      "RequestBody": "RsqA1iAzyjEC2UJWJGwfg0LhjHp3FMZVYJU17zq5riA0hgcqBVagcWeM0yv8Ak12ZOUbQdeahDIEK3aK/tr2SSohIZ5l9X3sQRoT6kCbWF5IvotUnW1JmgLUJdngFnKMlYoA2uCvEW5nLwC8hpnxadIXQT9Poqu92IebkM+jCyqnh1S2mn19mawc7W1sjBNo4rwHyNUzPfPeQgJZE4GfwyPVFf9FO85UmaeSMrU+UUxzM60SnENVdEpg11d7JIYrfSlKlnYUI6busi4toAo+oPG25eDTjCfggKC15GR22XUhZ7WL9LrVXw8GJOoUKNQ/IjZmxT6mV/ACaRbWXj9Cd9m5CzhUsqw34IXQzWc8zFjMdcEtEBM2ew/EiYqj/gDQxK0RWhyb62+JLuS41YqJxZ2+Cul9FGbFgpApkCkik+GF/wm6K3E7MIpSpOIvfaWFO8Tt5fQXU69GTNeLclpGZ5oCM9WBzpkrgtlfKnCElQTqpFRkNK7tbaxZdN+ar74vDDxHLErPA2wqwmIauCg/wbbSoM0G4TPsFcUpKFq5kdIbLx40PWm6G6DoOnJL0rWEGbIpxw/wKSoIWhaEptsRcDGQ/4gJC4RMGIUtHafBoEIQpA6okMrDKgb0K+JSNXTE1slAu9Mteg4u3K6JwwuDR7rTdALMaeBnzdWBFeCh+eIRaEfdgOVv4ioAebQbOmb7cOMofsFy+Gzp2e79q2UtjOLMd1vEpcbUZJHXzO8rS5JuhqT8eXshn3Da9Kb3cTfE0u3RT8ILNsocUxovmit9vY1bjiXAMRNnqtfr6rEg3PJaE/kCWvzPY0/Z3yVg8QVEXDYZnOISBKHaaaTrIEwZ/Hco1Ycye2ORiyvV51HtB7nSpo16BkAPSA5YJ/BY5EIDwOKuOBt+EeHThxC3PB1P7GLqGXm/nvU2GI142lNyOafo0iZvP86eU5Srp38vWAvxCDqNbcvJQyHsdx+NBTeOYE5pzmr24K2UTMXkE/d2BsCChtEY5MvbH44FgseuEE5dHUYwxomg+yiN+SEG5C8pdnFfC39ldnyDja7c8F3m5Tx3h/axRkA24oqpi+qq1Tte2wxWTwXO96bKrTjaxArKphTlj1w5eDAxKCn0vOqR2LhzfRVRkJU2qJBP55gHXB1/3uTWxEbeJWLbJSfb2Tq8ONSAZ0b1eBZ+rubM6ZGXKcwLdd4GuhRylFiydWtuW89Vk67Eh/XWimXNVxZfETvRRPtb0GRctX3ADtLuQwOrD1MXd1Xi0qLWNet4OGP9EoIc4TFvE4tr+N4wBHgj6EZiIkfDSJrm7nFZhJp4430awvtP0mHSO/zHrH53ss4ps02kFhUbOcroNvK/Fo/w8hVhFkF80xXlkOdL+5sbbjyjL9BN1Mxn/okxZpxuEiRs17ppFpyNrN83v4Yu0D0uzMe2G+e+oh1I+Re3S215dn3C3iThsligFoLwFhVGOC5LA5nUuPY9rTWcIRyE1WFyvUgJbPEZTBpvFgVkzosIAcHobEjTpL6GhDDvRJA7G0AgfljMPcw9MrZ/ZaHx2N+plB9bnGkZnxmKgufAKgiJM/vERFAzO8T1qzmSUz8clatQRbBx4H7XB98/QbrkfAet9TGlLJSPdllaZvEvh0vZbe07b+RYF1N87Txw8/kKEC4y5F4NdmkXwc9WFnqNqICTZtTMqAwjVd3eKT5YHoJfUFXC/aLty/aEJK4VAQHY7kS83Y0lPWgiDo6AL00qvqJM98YlyqvdpprdSINdDVTcBTr6nEH1OhPtoO4UbZypWWULyQk7sySY3jbzR/TkxAA5oyoTLyJhVryzOCq9yDn+NO4eUURKoVEWYb0LAvIeCNvt2slxlilCqnJNiHv52xX89BMGxnK77wLY/M5lVVTKlC9Oz+5wjJ7E26fS/RnVHIWnDg3fF0JpMevHmZlb3VQdgvNMqgwnjGh1QevL6fHoAt9IvkZG633t5Z0CqPMEaf5StHomiXJ5f4KladVXnkj53pa5Eh4O15d1X8VuJON0cNjteDV2wnhtzz/EoYGnlUZVCclcSlbfRN3jsCqsC1qfMPj9aiUTghwdTEPfSTYWzsl+GBsZGCaCDTRXkxJOwcPkJHCIqishQoatPv4T//qmzOFhLfI/hRjSelzwu+8Jz4t/+yTFjSSdXdWVa9knbg06sMYw7JPQpZ9Yti/PMIeWpG9zkwTV4T+9w9AdqRk+qgxOtgoo2OL3rlaFbdf0zSxO/sdqtNsJZM+HcynDs/uFGQsjgXl8bsuMe+WuUHRnyfWjzqtS0/YwRVI6oWW5NPta/1PM0Uyz0Y/73jj2WhRbH6ozIORPM0YV8jwnQs1m0kfpU1Agm/ep8P0bVvW9Ouo934G7hhQWC8wNt94Qi4/ClQvxDAfEOoSyii/nM9xQV7dR6mNLqkwy00iDE+MZmGVtWcDpyy7ieaT8CfzkLtfvvF8nvqAsduu/vzi/QCegmfHKedocZoyJb3G+T6FPTqVwk1eE8dnEQeLVKgz2Izh8W3AKGbT801XTnU8vbSdJb3CSTqzQHKcYBjj4RjyAkks4QfMxRTTwc8ABsVOJlNS6i7qbY9SLrD/J8RJ8BIwYUwsE9ys0GCk7otvszmtTj3JjPbqB5C93rJWzaFMhc28z6F1IhZ2ohnOQX8D5nt3TdWKgGMbSlm7bjUqVgLDVGS5sueYNCgrUu7ZH8YRufg243/LxgVuoYVHvbfhSEgbCukWSjOU=",
      "StatusCode": 201,
      "ResponseHeaders": {
        "Content-Length": "0",
        "Content-MD5": "IRg01i+/M4Sw2bT3fZddMg==",
        "Date": "Fri, 07 Jun 2024 01:23:58 GMT",
        "ETag": "\"0x8DC869081BAF089\"",
        "Last-Modified": "Fri, 07 Jun 2024 01:23:58 GMT",
        "Server": [
          "Windows-Azure-Blob/1.0",
          "Microsoft-HTTPAPI/2.0"
        ],
        "x-ms-client-request-id": "Sanitized",
        "x-ms-content-crc64": "z3AkkTvvQrg=",
        "x-ms-request-id": "f2d751a7-401e-0065-7179-b85865000000",
        "x-ms-request-server-encrypted": "true",
        "x-ms-version": "2024-08-04",
        "x-ms-version-id": "2024-06-07T01:23:58.9692553Z"
      },
      "ResponseBody": null
    },
    {
      "RequestUri": "https://seancanary.blob.core.windows.net/test-container-fc501e3d-0719-a19b-df42-e837db4058db/test-blob-9a58f0a1-bd32-b358-da48-9862144bbf99?sv=Sanitized&se=2024-06-08T01%3A23%3A57Z&sr=b&sp=racwdxyltmei&sig=Sanitized",
      "RequestMethod": "HEAD",
      "RequestHeaders": {
        "Accept": "application/xml",
        "traceparent": "00-42a3888b3cc13c26dd38d795198773a7-23acf0309b2ec7a9-00",
        "User-Agent": "azsdk-net-Storage.Blobs/12.21.0-alpha.20240606.1 (.NET 7.0.20; Microsoft Windows 10.0.22631)",
        "x-ms-client-request-id": "Sanitized",
        "x-ms-return-client-request-id": "true",
        "x-ms-version": "2024-08-04"
      },
      "RequestBody": null,
      "StatusCode": 200,
      "ResponseHeaders": {
        "Accept-Ranges": "bytes",
        "Access-Control-Allow-Origin": "*",
        "Access-Control-Expose-Headers": "x-ms-request-id,x-ms-client-request-id,Server,x-ms-version,x-ms-version-id,x-ms-is-current-version,x-ms-meta-foo,x-ms-meta-meta,x-ms-meta-Capital,x-ms-meta-UPPER,Content-Type,Content-Language,Cache-Control,Last-Modified,ETag,x-ms-creation-time,Content-MD5,x-ms-lease-status,x-ms-lease-state,x-ms-blob-type,Content-Disposition,x-ms-server-encrypted,x-ms-access-tier,x-ms-access-tier-change-time,Accept-Ranges,Content-Length,Date,Transfer-Encoding",
        "Cache-Control": "no-cache",
        "Content-Disposition": "inline",
        "Content-Language": "en-US",
        "Content-Length": "2048",
        "Content-MD5": "IRg01i+/M4Sw2bT3fZddMg==",
        "Content-Type": "text/plain",
        "Date": "Fri, 07 Jun 2024 01:23:58 GMT",
        "ETag": "\"0x8DC869081BAF089\"",
        "Last-Modified": "Fri, 07 Jun 2024 01:23:58 GMT",
        "Server": [
          "Windows-Azure-Blob/1.0",
          "Microsoft-HTTPAPI/2.0"
        ],
        "x-ms-access-tier": "Cold",
        "x-ms-access-tier-change-time": "Fri, 07 Jun 2024 01:23:58 GMT",
        "x-ms-blob-type": "BlockBlob",
        "x-ms-client-request-id": "Sanitized",
        "x-ms-creation-time": "Fri, 07 Jun 2024 01:23:58 GMT",
        "x-ms-is-current-version": "true",
        "x-ms-lease-state": "available",
        "x-ms-lease-status": "unlocked",
        "x-ms-meta-Capital": "letter",
        "x-ms-meta-foo": "bar",
        "x-ms-meta-meta": "data",
        "x-ms-meta-UPPER": "case",
        "x-ms-request-id": "f2d751e5-401e-0065-1379-b85865000000",
        "x-ms-server-encrypted": "true",
        "x-ms-version": "2024-08-04",
        "x-ms-version-id": "2024-06-07T01:23:58.9692553Z"
      },
      "ResponseBody": null
    },
    {
      "RequestUri": "https://seancanary.blob.core.windows.net/test-container-845da2f2-9e53-17a4-83c4-8f611afc36dd/test-blob-c0a726af-6d4e-f039-2309-4d4da878cde2?sv=Sanitized&se=2024-06-08T01%3A23%3A57Z&sr=b&sp=racwdxyltmei&sig=Sanitized",
      "RequestMethod": "PUT",
      "RequestHeaders": {
        "Accept": "application/xml",
        "Content-Length": "0",
        "If-None-Match": "*",
        "traceparent": "00-550afa95b43e110b44e22ed6a8056389-365d6ee416bfc055-00",
        "User-Agent": "azsdk-net-Storage.Blobs/12.21.0-alpha.20240606.1 (.NET 7.0.20; Microsoft Windows 10.0.22631)",
        "x-ms-blob-cache-control": "no-cache",
        "x-ms-blob-content-disposition": "inline",
        "x-ms-blob-content-language": "en-US",
        "x-ms-blob-content-length": "2048",
        "x-ms-blob-content-type": "text/plain",
        "x-ms-blob-type": "PageBlob",
        "x-ms-client-request-id": "Sanitized",
        "x-ms-meta-Capital": "letter",
        "x-ms-meta-foo": "bar",
        "x-ms-meta-meta": "data",
        "x-ms-meta-UPPER": "case",
        "x-ms-return-client-request-id": "true",
        "x-ms-version": "2024-08-04"
      },
      "RequestBody": null,
      "StatusCode": 201,
      "ResponseHeaders": {
        "Content-Length": "0",
        "Date": "Fri, 07 Jun 2024 01:23:58 GMT",
        "ETag": "\"0x8DC869081DC5860\"",
        "Last-Modified": "Fri, 07 Jun 2024 01:23:59 GMT",
        "Server": [
          "Windows-Azure-Blob/1.0",
          "Microsoft-HTTPAPI/2.0"
        ],
        "x-ms-client-request-id": "Sanitized",
        "x-ms-request-id": "f2d751fa-401e-0065-2579-b85865000000",
        "x-ms-request-server-encrypted": "true",
        "x-ms-version": "2024-08-04",
        "x-ms-version-id": "2024-06-07T01:23:59.1881824Z"
      },
      "ResponseBody": null
    },
    {
      "RequestUri": "https://seancanary.blob.core.windows.net/test-container-845da2f2-9e53-17a4-83c4-8f611afc36dd/test-blob-c0a726af-6d4e-f039-2309-4d4da878cde2?sv=Sanitized&se=2024-06-08T01%3A23%3A57Z&sr=b&sp=racwdxyltmei&sig=Sanitized&comp=page",
      "RequestMethod": "PUT",
      "RequestHeaders": {
        "Accept": "application/xml",
        "Content-Length": "0",
        "If-None-Match": "*",
        "traceparent": "00-eff8552491c0e31069a35b3e858a880c-01d2a92e6d93834b-00",
        "User-Agent": "azsdk-net-Storage.Blobs/12.21.0-alpha.20240606.1 (.NET 7.0.20; Microsoft Windows 10.0.22631)",
        "x-ms-client-request-id": "Sanitized",
        "x-ms-copy-source": "https://seancanary.blob.core.windows.net/test-container-fc501e3d-0719-a19b-df42-e837db4058db/test-blob-9a58f0a1-bd32-b358-da48-9862144bbf99?sv=Sanitized&se=2024-06-08T01%3A23%3A57Z&sr=b&sp=racwdxyltmei&sig=Sanitized",
        "x-ms-page-write": "update",
        "x-ms-range": "bytes=0-2047",
        "x-ms-return-client-request-id": "true",
        "x-ms-source-range": "bytes=0-2047",
        "x-ms-version": "2024-08-04"
      },
      "RequestBody": null,
      "StatusCode": 201,
      "ResponseHeaders": {
        "Content-Length": "0",
        "Date": "Fri, 07 Jun 2024 01:23:58 GMT",
        "ETag": "\"0x8DC869081EC3588\"",
        "Last-Modified": "Fri, 07 Jun 2024 01:23:59 GMT",
        "Server": [
          "Windows-Azure-Blob/1.0",
          "Microsoft-HTTPAPI/2.0"
        ],
        "x-ms-blob-sequence-number": "0",
        "x-ms-client-request-id": "Sanitized",
        "x-ms-content-crc64": "z3AkkTvvQrg=",
        "x-ms-request-id": "f2d75214-401e-0065-3779-b85865000000",
        "x-ms-request-server-encrypted": "true",
        "x-ms-version": "2024-08-04"
      },
      "ResponseBody": null
    },
    {
      "RequestUri": "https://seancanary.blob.core.windows.net/test-container-fc501e3d-0719-a19b-df42-e837db4058db/test-blob-9a58f0a1-bd32-b358-da48-9862144bbf99?sv=Sanitized&se=2024-06-08T01%3A23%3A57Z&sr=b&sp=racwdxyltmei&sig=Sanitized",
      "RequestMethod": "HEAD",
      "RequestHeaders": {
        "Accept": "application/xml",
        "traceparent": "00-f97a48db06f19ef9a478162d60960dc9-deda4fa999974c34-00",
        "User-Agent": "azsdk-net-Storage.Blobs/12.21.0-alpha.20240606.1 (.NET 7.0.20; Microsoft Windows 10.0.22631)",
        "x-ms-client-request-id": "Sanitized",
        "x-ms-return-client-request-id": "true",
        "x-ms-version": "2024-08-04"
      },
      "RequestBody": null,
      "StatusCode": 200,
      "ResponseHeaders": {
        "Accept-Ranges": "bytes",
        "Access-Control-Allow-Origin": "*",
        "Access-Control-Expose-Headers": "x-ms-request-id,x-ms-client-request-id,Server,x-ms-version,x-ms-version-id,x-ms-is-current-version,x-ms-meta-foo,x-ms-meta-meta,x-ms-meta-Capital,x-ms-meta-UPPER,Content-Type,Content-Language,Cache-Control,Last-Modified,ETag,x-ms-creation-time,Content-MD5,x-ms-lease-status,x-ms-lease-state,x-ms-blob-type,Content-Disposition,x-ms-server-encrypted,x-ms-access-tier,x-ms-access-tier-change-time,Accept-Ranges,Content-Length,Date,Transfer-Encoding",
        "Cache-Control": "no-cache",
        "Content-Disposition": "inline",
        "Content-Language": "en-US",
        "Content-Length": "2048",
        "Content-MD5": "IRg01i+/M4Sw2bT3fZddMg==",
        "Content-Type": "text/plain",
        "Date": "Fri, 07 Jun 2024 01:23:58 GMT",
        "ETag": "\"0x8DC869081BAF089\"",
        "Last-Modified": "Fri, 07 Jun 2024 01:23:58 GMT",
        "Server": [
          "Windows-Azure-Blob/1.0",
          "Microsoft-HTTPAPI/2.0"
        ],
        "x-ms-access-tier": "Cold",
        "x-ms-access-tier-change-time": "Fri, 07 Jun 2024 01:23:58 GMT",
        "x-ms-blob-type": "BlockBlob",
        "x-ms-client-request-id": "Sanitized",
        "x-ms-creation-time": "Fri, 07 Jun 2024 01:23:58 GMT",
        "x-ms-is-current-version": "true",
        "x-ms-lease-state": "available",
        "x-ms-lease-status": "unlocked",
        "x-ms-meta-Capital": "letter",
        "x-ms-meta-foo": "bar",
        "x-ms-meta-meta": "data",
        "x-ms-meta-UPPER": "case",
        "x-ms-request-id": "f2d75264-401e-0065-6b79-b85865000000",
        "x-ms-server-encrypted": "true",
        "x-ms-version": "2024-08-04",
        "x-ms-version-id": "2024-06-07T01:23:58.9692553Z"
      },
      "ResponseBody": null
    },
    {
      "RequestUri": "https://seancanary.blob.core.windows.net/test-container-845da2f2-9e53-17a4-83c4-8f611afc36dd/test-blob-c0a726af-6d4e-f039-2309-4d4da878cde2?sv=Sanitized&se=2024-06-08T01%3A23%3A57Z&sr=b&sp=racwdxyltmei&sig=Sanitized",
      "RequestMethod": "HEAD",
      "RequestHeaders": {
        "Accept": "application/xml",
        "traceparent": "00-8539e542e5d8f219b3778016c51d5f1b-2b7a7c575219a018-00",
        "User-Agent": "azsdk-net-Storage.Blobs/12.21.0-alpha.20240606.1 (.NET 7.0.20; Microsoft Windows 10.0.22631)",
        "x-ms-client-request-id": "Sanitized",
        "x-ms-return-client-request-id": "true",
        "x-ms-version": "2024-08-04"
      },
      "RequestBody": null,
      "StatusCode": 200,
      "ResponseHeaders": {
        "Accept-Ranges": "bytes",
        "Access-Control-Allow-Origin": "*",
        "Access-Control-Expose-Headers": "x-ms-request-id,x-ms-client-request-id,Server,x-ms-version,x-ms-version-id,x-ms-is-current-version,x-ms-meta-foo,x-ms-meta-meta,x-ms-meta-Capital,x-ms-meta-UPPER,Content-Type,Content-Language,Cache-Control,Last-Modified,ETag,x-ms-creation-time,x-ms-lease-status,x-ms-lease-state,x-ms-blob-type,x-ms-blob-sequence-number,Content-Disposition,x-ms-server-encrypted,Accept-Ranges,Content-Length,Date,Transfer-Encoding",
        "Cache-Control": "no-cache",
        "Content-Disposition": "inline",
        "Content-Language": "en-US",
        "Content-Length": "2048",
        "Content-Type": "text/plain",
        "Date": "Fri, 07 Jun 2024 01:23:58 GMT",
        "ETag": "\"0x8DC869081EC3588\"",
        "Last-Modified": "Fri, 07 Jun 2024 01:23:59 GMT",
        "Server": [
          "Windows-Azure-Blob/1.0",
          "Microsoft-HTTPAPI/2.0"
        ],
        "x-ms-blob-sequence-number": "0",
        "x-ms-blob-type": "PageBlob",
        "x-ms-client-request-id": "Sanitized",
        "x-ms-creation-time": "Fri, 07 Jun 2024 01:23:59 GMT",
        "x-ms-is-current-version": "true",
        "x-ms-lease-state": "available",
        "x-ms-lease-status": "unlocked",
        "x-ms-meta-Capital": "letter",
        "x-ms-meta-foo": "bar",
        "x-ms-meta-meta": "data",
        "x-ms-meta-UPPER": "case",
        "x-ms-request-id": "f2d75282-401e-0065-7f79-b85865000000",
        "x-ms-server-encrypted": "true",
        "x-ms-version": "2024-08-04",
        "x-ms-version-id": "2024-06-07T01:23:59.1881824Z"
      },
      "ResponseBody": null
    },
    {
      "RequestUri": "https://seancanary.blob.core.windows.net/test-container-fc501e3d-0719-a19b-df42-e837db4058db/test-blob-9a58f0a1-bd32-b358-da48-9862144bbf99?sv=Sanitized&se=2024-06-08T01%3A23%3A57Z&sr=b&sp=racwdxyltmei&sig=Sanitized",
      "RequestMethod": "GET",
      "RequestHeaders": {
        "Accept": "application/xml",
        "If-Match": "\"0x8DC869081BAF089\"",
        "User-Agent": "azsdk-net-Storage.Blobs/12.21.0-alpha.20240606.1 (.NET 7.0.20; Microsoft Windows 10.0.22631)",
        "x-ms-client-request-id": "Sanitized",
        "x-ms-range": "bytes=0-4194303",
        "x-ms-return-client-request-id": "true",
        "x-ms-version": "2024-08-04"
      },
      "RequestBody": null,
      "StatusCode": 206,
      "ResponseHeaders": {
        "Accept-Ranges": "bytes",
        "Access-Control-Allow-Origin": "*",
        "Access-Control-Expose-Headers": "x-ms-request-id,x-ms-client-request-id,Server,x-ms-version,x-ms-version-id,x-ms-is-current-version,x-ms-meta-foo,x-ms-meta-meta,x-ms-meta-Capital,x-ms-meta-UPPER,Content-Type,Content-Language,Cache-Control,Last-Modified,ETag,x-ms-creation-time,x-ms-blob-content-md5,x-ms-lease-status,x-ms-lease-state,x-ms-blob-type,Content-Disposition,x-ms-server-encrypted,Accept-Ranges,Content-Length,Date,Transfer-Encoding",
        "Cache-Control": "no-cache",
        "Content-Disposition": "inline",
        "Content-Language": "en-US",
        "Content-Length": "3674",
        "Content-Range": "bytes 0-2047/2048",
        "Content-Type": "text/plain",
        "Date": "Fri, 07 Jun 2024 01:23:58 GMT",
        "ETag": "\"0x8DC869081BAF089\"",
        "Last-Modified": "Fri, 07 Jun 2024 01:23:58 GMT",
        "Server": [
          "Windows-Azure-Blob/1.0",
          "Microsoft-HTTPAPI/2.0"
        ],
        "x-ms-blob-content-md5": "IRg01i+/M4Sw2bT3fZddMg==",
        "x-ms-blob-type": "BlockBlob",
        "x-ms-client-request-id": "Sanitized",
        "x-ms-creation-time": "Fri, 07 Jun 2024 01:23:58 GMT",
        "x-ms-is-current-version": "true",
        "x-ms-lease-state": "available",
        "x-ms-lease-status": "unlocked",
        "x-ms-meta-Capital": "letter",
        "x-ms-meta-foo": "bar",
        "x-ms-meta-meta": "data",
        "x-ms-meta-UPPER": "case",
        "x-ms-request-id": "f2d7529c-401e-0065-1079-b85865000000",
        "x-ms-server-encrypted": "true",
        "x-ms-version": "2024-08-04",
        "x-ms-version-id": "2024-06-07T01:23:58.9692553Z"
      },
      "ResponseBody": [
        "Fʀ� 3�1\u0002�BV$l\u001F�B�zw\u0014�U`�5�:�� 4�\u0007*\u0005V�qg��+�\u0002Mvd�\u001BAך�2\u0004+v����I*!!�e�}�A\u001A\u0013�@�X^H��T�mI�\u0002�%��\u0016r���\u0000��\u0011ng/\u0000����i�\u0017A?O���؇��ϣ\u000B*��T��}}��\u001C�ml�\u0013h�\u0007��3=��B\u0002Y\u0013���#�\u0015�E;�T���2�>QLs3�\u0012�CUtJ`�W{$�+})J�v\u0014#��.-�\n",
        ">����ӌ'�����dv�u!g�����_\u000F\u0006$�\u0014(�?\"6f�>�W�\u0002i\u0016�^?Bwٹ\u000B8T��7����g<�X�u�-\u0010\u00136{\u000Fĉ���\u0000�ĭ\u0011Z\u001C��o�.�Պ�ŝ�\n",
        "�}\u0014fł�)�)\"���\t�+q;0�R��/}��;����\u0017S�FL\u05CBrZFg�\u00023ՁΙ+��_*p��\u0004�Td4��m�Ytߚ��/\f<G,J�\u0003l*�b\u001A�(?��Ҡ�\u0006�3�\u0015�)(Z���\u001B/\u001E4=i�\u001B��:rKҵ�\u0019�)�\u000F�)*\bZ\u0016���\u0011p1���\t\u000B�L\u0018�-\u001D���B\u0010�\u000E����*\u0006�+�R5t���@��-z\u000E.ܮ��\u000B�G��t\u0002�i�g�Ձ\u0015���\u0011hG݀�o�*\u0000y�\u001B:f�p�(~�r�l�����e-���w[ĥ��d����+K�n���y{!�p����q7����O�\u000B6�\u001CS\u001A/�+}��[�%�1\u0013g���� ��Z\u0013�\u0002Z��cO��%`�\u0005D\\6\u0019��\u0012\u0004��i�� L\u0019�w(Շ2{c��+��Q�\u0007�Ҧ�z\u0006@\u000FH\u000EX'�X�B\u0003��8\u001B~\u0011�Ӈ\u0010�<\u001DO�b�\u0019y���6\u0018�x�Sr9���&o?ΞS���\u007F/X\u000B�\b:�m��C!�w\u001F�\u00057�`Ni�j�\u0B54L��\u0013�v\u0006����\u0018���\u001F�\u0005�Ǯ\u0010N]\u001DF0Ɖ��(��!\u0006�/)vq_\u000B\u007Fev|�����]��<w���F@6⊩���;^�\fVO\u0005���ʭ8��\n",
        "ʦ\u0014�\\9x01()���ظs}\u0015Q��6��O�\u0007\\\u001D\u007F����F�%b�%'��:�8ԀgF�x\u0016~���鑗)�\u000Bu�\u0006�\u0014r�X�ukn[�U��ć�֊e�W\u0016_\u0011;�D�[�d\\�}�\u000E��C\u0003�\u000FS\u0017wU�Ң�5�x8c�\u0012�\u001C�1o\u0013�k��0\u0004x#�Fb\"G�H���qY��x�}\u001A��O�a�;�Ǭ~w��)�M�\u0016\u0015\u001B9��6�\u0016���\u0015a\u0016A|�\u0015��K��\u001Bn<�/�M��g��1f�n\u0012$l\u05FAi\u0016����7��.�=.�Ƕ\u001B羢\u001DH�\u0017�Kmyv}��$�X�\u0016��\u0016\u0015F8.K\u0003�Ը�=�5�!\u001C��ar�H\tl�\u0019L\u001Ao\u0016\u0005d\u038B\b\u0001��lHӤ���0�D�;\u001B@ ~X�=�=2�\u007Fe���ߩ�\u001F[�i\u0019�\u0019����*\b�3��DP3;���9�S?\u001C��PE�q�~�\u0007�?A��|\u0007��1�,��vYZf�/�K�m�;o�X\u0017S|�<p��\n",
        "\u0010.2�^\r",
        "vi\u0017��V\u0016z����f�̨\f#U��)>X\u001E�_PU�������$�\u0015\u0001\u0001��D�ݍ%=h\"\u000E��/M*��L��%ʫݦ��H�]\r",
        "T�\u0005:��A�:\u0013���\u0014m��Ye\u000B�\t;�$��6�G���\u00009�*\u0013/\"aV��8*��9�4�\u001EQDJ�Q\u0016a�\u000B\u0002�\u001E\b����q�)B�rM�{��\u0015��\u0013\u0006�r��\u0002���eUTʔ/N��p���ۧ��\u0019�\u001C��\u000E\r",
        "�\u0017Bi1�Ǚ�[�T\u001D��L�\f'�huA�����\u0002�H�FF�}��\u0002��\u0004i�R�z&�ry\u007F��i�W�H�ޖ�\u0012\u001E\u000Eחu_�n$�tp��x5v�xm�?ġ���FU\t�\\JV�D��*�\u000BZ�0��j%\u0013�\u001C\u001DLC�I6\u0016��~\u0018\u001B\u0019\u0018&�\r",
        "4W�\u0012N���$p��+!B��>�\u0013�����a-�?�\u0018�z\\��\tϋ\u007F�$ō$�]Օk�'n\r",
        ":��0�Х�X�/�0���os�\u0004��?���\u001D�\u0019>�\fN�\n",
        "(����V�m���,N��j��\tdχs)ó��\u0019\u000B#�y|nˌ{�Ptg���ΫR��0ER:�e�4�Z�S��L�я��8�Z\u0014[\u001F�3 �O3F\u0015�<'B�f�G�SP �����\u001BV��:�=߁��\u0014\u0016\u000B�\r",
        "��\u0010��\u0095\u000B�\f\u0007�:���/�3�PW�Q�cK�L2�H�\u0013�\u0019�emY���.�y��\t��.��_'��,v뿿8�@'����y�\u001Cf��oq�O�ON�p�W����A��*\f�#8|[p\n",
        "\u0019���UӝO/m'Iop�N��\u001C�\u0018\u00068�F<��K8A�1E4�s�\u0001�S��Ժ���cԋ�?��\u0012|\u0004�\u0018S\u000B\u0004�+4\u0018);����kS�rc=���/w���hS!so3�]H����s�_�����ub�\u0018�ҖnۍJ����\u0019.l��\r\n",
        "\n",
        "Ի�G�n~\r",
        "����[�aQ�m�R\u0012\u0006ºE���"
      ]
    },
    {
      "RequestUri": "https://seancanary.blob.core.windows.net/test-container-845da2f2-9e53-17a4-83c4-8f611afc36dd/test-blob-c0a726af-6d4e-f039-2309-4d4da878cde2?sv=Sanitized&se=2024-06-08T01%3A23%3A57Z&sr=b&sp=racwdxyltmei&sig=Sanitized",
      "RequestMethod": "GET",
      "RequestHeaders": {
        "Accept": "application/xml",
        "If-Match": "\"0x8DC869081EC3588\"",
        "User-Agent": "azsdk-net-Storage.Blobs/12.21.0-alpha.20240606.1 (.NET 7.0.20; Microsoft Windows 10.0.22631)",
        "x-ms-client-request-id": "Sanitized",
        "x-ms-range": "bytes=0-4194303",
        "x-ms-return-client-request-id": "true",
        "x-ms-version": "2024-08-04"
      },
      "RequestBody": null,
      "StatusCode": 206,
      "ResponseHeaders": {
        "Accept-Ranges": "bytes",
        "Access-Control-Allow-Origin": "*",
        "Access-Control-Expose-Headers": "x-ms-request-id,x-ms-client-request-id,Server,x-ms-version,x-ms-version-id,x-ms-is-current-version,x-ms-meta-foo,x-ms-meta-meta,x-ms-meta-Capital,x-ms-meta-UPPER,Content-Type,Content-Language,Cache-Control,Last-Modified,ETag,x-ms-creation-time,x-ms-lease-status,x-ms-lease-state,x-ms-blob-type,x-ms-blob-sequence-number,Content-Disposition,x-ms-server-encrypted,Accept-Ranges,Content-Length,Date,Transfer-Encoding",
        "Cache-Control": "no-cache",
        "Content-Disposition": "inline",
        "Content-Language": "en-US",
        "Content-Length": "3674",
        "Content-Range": "bytes 0-2047/2048",
        "Content-Type": "text/plain",
        "Date": "Fri, 07 Jun 2024 01:23:58 GMT",
        "ETag": "\"0x8DC869081EC3588\"",
        "Last-Modified": "Fri, 07 Jun 2024 01:23:59 GMT",
        "Server": [
          "Windows-Azure-Blob/1.0",
          "Microsoft-HTTPAPI/2.0"
        ],
        "x-ms-blob-sequence-number": "0",
        "x-ms-blob-type": "PageBlob",
        "x-ms-client-request-id": "Sanitized",
        "x-ms-creation-time": "Fri, 07 Jun 2024 01:23:59 GMT",
        "x-ms-is-current-version": "true",
        "x-ms-lease-state": "available",
        "x-ms-lease-status": "unlocked",
        "x-ms-meta-Capital": "letter",
        "x-ms-meta-foo": "bar",
        "x-ms-meta-meta": "data",
        "x-ms-meta-UPPER": "case",
        "x-ms-request-id": "f2d752b1-401e-0065-1d79-b85865000000",
        "x-ms-server-encrypted": "true",
        "x-ms-version": "2024-08-04",
        "x-ms-version-id": "2024-06-07T01:23:59.1881824Z"
      },
      "ResponseBody": [
        "Fʀ� 3�1\u0002�BV$l\u001F�B�zw\u0014�U`�5�:�� 4�\u0007*\u0005V�qg��+�\u0002Mvd�\u001BAך�2\u0004+v����I*!!�e�}�A\u001A\u0013�@�X^H��T�mI�\u0002�%��\u0016r���\u0000��\u0011ng/\u0000����i�\u0017A?O���؇��ϣ\u000B*��T��}}��\u001C�ml�\u0013h�\u0007��3=��B\u0002Y\u0013���#�\u0015�E;�T���2�>QLs3�\u0012�CUtJ`�W{$�+})J�v\u0014#��.-�\n",
        ">����ӌ'�����dv�u!g�����_\u000F\u0006$�\u0014(�?\"6f�>�W�\u0002i\u0016�^?Bwٹ\u000B8T��7����g<�X�u�-\u0010\u00136{\u000Fĉ���\u0000�ĭ\u0011Z\u001C��o�.�Պ�ŝ�\n",
        "�}\u0014fł�)�)\"���\t�+q;0�R��/}��;����\u0017S�FL\u05CBrZFg�\u00023ՁΙ+��_*p��\u0004�Td4��m�Ytߚ��/\f<G,J�\u0003l*�b\u001A�(?��Ҡ�\u0006�3�\u0015�)(Z���\u001B/\u001E4=i�\u001B��:rKҵ�\u0019�)�\u000F�)*\bZ\u0016���\u0011p1���\t\u000B�L\u0018�-\u001D���B\u0010�\u000E����*\u0006�+�R5t���@��-z\u000E.ܮ��\u000B�G��t\u0002�i�g�Ձ\u0015���\u0011hG݀�o�*\u0000y�\u001B:f�p�(~�r�l�����e-���w[ĥ��d����+K�n���y{!�p����q7����O�\u000B6�\u001CS\u001A/�+}��[�%�1\u0013g���� ��Z\u0013�\u0002Z��cO��%`�\u0005D\\6\u0019��\u0012\u0004��i�� L\u0019�w(Շ2{c��+��Q�\u0007�Ҧ�z\u0006@\u000FH\u000EX'�X�B\u0003��8\u001B~\u0011�Ӈ\u0010�<\u001DO�b�\u0019y���6\u0018�x�Sr9���&o?ΞS���\u007F/X\u000B�\b:�m��C!�w\u001F�\u00057�`Ni�j�\u0B54L��\u0013�v\u0006����\u0018���\u001F�\u0005�Ǯ\u0010N]\u001DF0Ɖ��(��!\u0006�/)vq_\u000B\u007Fev|�����]��<w���F@6⊩���;^�\fVO\u0005���ʭ8��\n",
        "ʦ\u0014�\\9x01()���ظs}\u0015Q��6��O�\u0007\\\u001D\u007F����F�%b�%'��:�8ԀgF�x\u0016~���鑗)�\u000Bu�\u0006�\u0014r�X�ukn[�U��ć�֊e�W\u0016_\u0011;�D�[�d\\�}�\u000E��C\u0003�\u000FS\u0017wU�Ң�5�x8c�\u0012�\u001C�1o\u0013�k��0\u0004x#�Fb\"G�H���qY��x�}\u001A��O�a�;�Ǭ~w��)�M�\u0016\u0015\u001B9��6�\u0016���\u0015a\u0016A|�\u0015��K��\u001Bn<�/�M��g��1f�n\u0012$l\u05FAi\u0016����7��.�=.�Ƕ\u001B羢\u001DH�\u0017�Kmyv}��$�X�\u0016��\u0016\u0015F8.K\u0003�Ը�=�5�!\u001C��ar�H\tl�\u0019L\u001Ao\u0016\u0005d\u038B\b\u0001��lHӤ���0�D�;\u001B@ ~X�=�=2�\u007Fe���ߩ�\u001F[�i\u0019�\u0019����*\b�3��DP3;���9�S?\u001C��PE�q�~�\u0007�?A��|\u0007��1�,��vYZf�/�K�m�;o�X\u0017S|�<p��\n",
        "\u0010.2�^\r",
        "vi\u0017��V\u0016z����f�̨\f#U��)>X\u001E�_PU�������$�\u0015\u0001\u0001��D�ݍ%=h\"\u000E��/M*��L��%ʫݦ��H�]\r",
        "T�\u0005:��A�:\u0013���\u0014m��Ye\u000B�\t;�$��6�G���\u00009�*\u0013/\"aV��8*��9�4�\u001EQDJ�Q\u0016a�\u000B\u0002�\u001E\b����q�)B�rM�{��\u0015��\u0013\u0006�r��\u0002���eUTʔ/N��p���ۧ��\u0019�\u001C��\u000E\r",
        "�\u0017Bi1�Ǚ�[�T\u001D��L�\f'�huA�����\u0002�H�FF�}��\u0002��\u0004i�R�z&�ry\u007F��i�W�H�ޖ�\u0012\u001E\u000Eחu_�n$�tp��x5v�xm�?ġ���FU\t�\\JV�D��*�\u000BZ�0��j%\u0013�\u001C\u001DLC�I6\u0016��~\u0018\u001B\u0019\u0018&�\r",
        "4W�\u0012N���$p��+!B��>�\u0013�����a-�?�\u0018�z\\��\tϋ\u007F�$ō$�]Օk�'n\r",
        ":��0�Х�X�/�0���os�\u0004��?���\u001D�\u0019>�\fN�\n",
        "(����V�m���,N��j��\tdχs)ó��\u0019\u000B#�y|nˌ{�Ptg���ΫR��0ER:�e�4�Z�S��L�я��8�Z\u0014[\u001F�3 �O3F\u0015�<'B�f�G�SP �����\u001BV��:�=߁��\u0014\u0016\u000B�\r",
        "��\u0010��\u0095\u000B�\f\u0007�:���/�3�PW�Q�cK�L2�H�\u0013�\u0019�emY���.�y��\t��.��_'��,v뿿8�@'����y�\u001Cf��oq�O�ON�p�W����A��*\f�#8|[p\n",
        "\u0019���UӝO/m'Iop�N��\u001C�\u0018\u00068�F<��K8A�1E4�s�\u0001�S��Ժ���cԋ�?��\u0012|\u0004�\u0018S\u000B\u0004�+4\u0018);����kS�rc=���/w���hS!so3�]H����s�_�����ub�\u0018�ҖnۍJ����\u0019.l��\r\n",
        "\n",
        "Ի�G�n~\r",
        "����[�aQ�m�R\u0012\u0006ºE���"
      ]
    },
    {
      "RequestUri": "https://seancanary.blob.core.windows.net/test-container-845da2f2-9e53-17a4-83c4-8f611afc36dd?restype=container",
      "RequestMethod": "DELETE",
      "RequestHeaders": {
        "Accept": "application/xml",
        "Authorization": "Sanitized",
        "traceparent": "00-39e80643f1ed090eb2b592613b9b0881-700e85c9fbeb9afc-00",
        "User-Agent": "azsdk-net-Storage.Blobs/12.21.0-alpha.20240606.1 (.NET 7.0.20; Microsoft Windows 10.0.22631)",
        "x-ms-client-request-id": "Sanitized",
        "x-ms-date": "Fri, 07 Jun 2024 01:23:58 GMT",
        "x-ms-return-client-request-id": "true",
        "x-ms-version": "2024-08-04"
      },
      "RequestBody": null,
      "StatusCode": 202,
      "ResponseHeaders": {
        "Content-Length": "0",
        "Date": "Fri, 07 Jun 2024 01:23:58 GMT",
        "Server": [
          "Windows-Azure-Blob/1.0",
          "Microsoft-HTTPAPI/2.0"
        ],
        "x-ms-client-request-id": "Sanitized",
        "x-ms-request-id": "f2d752cb-401e-0065-2d79-b85865000000",
        "x-ms-version": "2024-08-04"
      },
      "ResponseBody": null
    },
    {
      "RequestUri": "https://seancanary.blob.core.windows.net/test-container-fc501e3d-0719-a19b-df42-e837db4058db?restype=container",
      "RequestMethod": "DELETE",
      "RequestHeaders": {
        "Accept": "application/xml",
        "Authorization": "Sanitized",
        "traceparent": "00-c36d73da9addb5f63724d9d2d80e6cd9-9fbd4f2c0f049c85-00",
        "User-Agent": "azsdk-net-Storage.Blobs/12.21.0-alpha.20240606.1 (.NET 7.0.20; Microsoft Windows 10.0.22631)",
        "x-ms-client-request-id": "Sanitized",
        "x-ms-date": "Fri, 07 Jun 2024 01:23:58 GMT",
        "x-ms-return-client-request-id": "true",
        "x-ms-version": "2024-08-04"
      },
      "RequestBody": null,
      "StatusCode": 202,
      "ResponseHeaders": {
        "Content-Length": "0",
        "Date": "Fri, 07 Jun 2024 01:23:59 GMT",
        "Server": [
          "Windows-Azure-Blob/1.0",
          "Microsoft-HTTPAPI/2.0"
        ],
        "x-ms-client-request-id": "Sanitized",
        "x-ms-request-id": "f2d752e8-401e-0065-4279-b85865000000",
        "x-ms-version": "2024-08-04"
      },
      "ResponseBody": null
    }
  ],
  "Variables": {
    "DateTimeOffsetNow": "2024-06-06T20:23:57.4742973-05:00",
    "RandomSeed": "1284531839",
    "Storage_TestConfigDefault": "ProductionTenant\nseancanary\nU2FuaXRpemVk\nhttps://seancanary.blob.core.windows.net\nhttps://seancanary.file.core.windows.net\nhttps://seancanary.queue.core.windows.net\nhttps://seancanary.table.core.windows.net\n\n\n\n\nhttps://seancanary-secondary.blob.core.windows.net\nhttps://seancanary-secondary.file.core.windows.net\nhttps://seancanary-secondary.queue.core.windows.net\nhttps://seancanary-secondary.table.core.windows.net\nCloud\nBlobEndpoint=https://seancanary.blob.core.windows.net/;QueueEndpoint=https://seancanary.queue.core.windows.net/;FileEndpoint=https://seancanary.file.core.windows.net/;BlobSecondaryEndpoint=https://seancanary-secondary.blob.core.windows.net/;QueueSecondaryEndpoint=https://seancanary-secondary.queue.core.windows.net/;FileSecondaryEndpoint=https://seancanary-secondary.file.core.windows.net/;AccountName=seancanary;AccountKey=Sanitized\nseanscope1\n\n"
  }
}
