{
  "Entries": [
    {
      "RequestUri": "https://amandadev2.blob.core.windows.net/test-container-a856ed99-5ab9-54c1-c6a1-3cae21554e5e?restype=container",
      "RequestMethod": "PUT",
      "RequestHeaders": {
        "Accept": "application/xml",
        "Authorization": "Sanitized",
        "Content-Length": "0",
        "traceparent": "00-f147814435187e135d09fefc98deb201-1a71034d8281ffbb-00",
        "User-Agent": "azsdk-net-Storage.Blobs/12.20.0-alpha.20240408.1 (.NET 6.0.28; Microsoft Windows 10.0.22635)",
        "x-ms-blob-public-access": "container",
        "x-ms-client-request-id": "563eb2b0-73a9-9753-d83f-658c3b338fed",
        "x-ms-date": "Tue, 09 Apr 2024 20:30:37 GMT",
        "x-ms-return-client-request-id": "true",
        "x-ms-version": "2024-05-04"
      },
      "RequestBody": null,
      "StatusCode": 201,
      "ResponseHeaders": {
        "Content-Length": "0",
        "Date": "Tue, 09 Apr 2024 20:30:37 GMT",
        "ETag": "\u00220x8DC58D3EAFFA738\u0022",
        "Last-Modified": "Tue, 09 Apr 2024 20:30:38 GMT",
        "Server": [
          "Windows-Azure-Blob/1.0",
          "Microsoft-HTTPAPI/2.0"
        ],
        "x-ms-client-request-id": "563eb2b0-73a9-9753-d83f-658c3b338fed",
        "x-ms-request-id": "c13949a5-a01e-0019-0fbc-8af55a000000",
        "x-ms-version": "2024-05-04"
      },
      "ResponseBody": null
    },
    {
      "RequestUri": "https://amandadev2.blob.core.windows.net/test-container-3751bfb2-b7db-09ac-1755-c647d3225348?restype=container",
      "RequestMethod": "PUT",
      "RequestHeaders": {
        "Accept": "application/xml",
        "Authorization": "Sanitized",
        "Content-Length": "0",
        "traceparent": "00-90c45b0abbc3995d246e0557293a700a-67c27b220143c5d6-00",
        "User-Agent": "azsdk-net-Storage.Blobs/12.20.0-alpha.20240408.1 (.NET 6.0.28; Microsoft Windows 10.0.22635)",
        "x-ms-blob-public-access": "container",
        "x-ms-client-request-id": "41ec98e2-0b2b-f89e-0634-3f54ac0bc3b5",
        "x-ms-date": "Tue, 09 Apr 2024 20:30:38 GMT",
        "x-ms-return-client-request-id": "true",
        "x-ms-version": "2024-05-04"
      },
      "RequestBody": null,
      "StatusCode": 201,
      "ResponseHeaders": {
        "Content-Length": "0",
        "Date": "Tue, 09 Apr 2024 20:30:37 GMT",
        "ETag": "\u00220x8DC58D3EB0BB575\u0022",
        "Last-Modified": "Tue, 09 Apr 2024 20:30:38 GMT",
        "Server": [
          "Windows-Azure-Blob/1.0",
          "Microsoft-HTTPAPI/2.0"
        ],
        "x-ms-client-request-id": "41ec98e2-0b2b-f89e-0634-3f54ac0bc3b5",
        "x-ms-request-id": "c13949e0-a01e-0019-46bc-8af55a000000",
        "x-ms-version": "2024-05-04"
      },
      "ResponseBody": null
    },
    {
      "RequestUri": "https://amandadev2.blob.core.windows.net/test-container-a856ed99-5ab9-54c1-c6a1-3cae21554e5e/test-blob-782d1cec-2035-bad6-0b58-24846ca4dfcd",
      "RequestMethod": "PUT",
      "RequestHeaders": {
        "Accept": "application/xml",
        "Authorization": "Sanitized",
        "Content-Length": "512",
        "Content-Type": "application/octet-stream",
        "traceparent": "00-f82f904dfdf5785cf0b1272b10563ff9-a9ed8f615c8cad22-00",
        "User-Agent": "azsdk-net-Storage.Blobs/12.20.0-alpha.20240408.1 (.NET 6.0.28; Microsoft Windows 10.0.22635)",
        "x-ms-access-tier": "Cold",
        "x-ms-blob-cache-control": "no-cache",
        "x-ms-blob-content-disposition": "inline",
        "x-ms-blob-content-language": "en-US",
        "x-ms-blob-content-type": "text/plain",
        "x-ms-blob-type": "BlockBlob",
        "x-ms-client-request-id": "fba29307-4af5-52eb-66e0-9db5559b0899",
        "x-ms-date": "Tue, 09 Apr 2024 20:30:38 GMT",
        "x-ms-meta-Capital": "letter",
        "x-ms-meta-foo": "bar",
        "x-ms-meta-meta": "data",
        "x-ms-meta-UPPER": "case",
        "x-ms-return-client-request-id": "true",
        "x-ms-version": "2024-05-04"
      },
      "RequestBody": "dgeVuAsA5JFAFVzrxIYkbIURha1C/z0XmJO/pUlKLFUEPWpdaYoE\u002BPmzgqUn62wNy7S3HXOFknbJfR94QT5I9egG54YcxgL7DIyzjn2X760msdqUkw7if6vzk\u002BtqjLe7a4y8IQTm8QSxuxDm0QP5MY5yUY9js2LaI2fbKDMWkIDV\u002BCLw282pQMDW4tf9\u002B62n\u002BmFd\u002BDooV7cq4v6cC8nQmiqQEdngCFbAyBHPjNCK3Ce6My7RuZhFrKBrxvnPDTX2BUesbenTxvELnDApWMrmnwXW4dea/\u002BGSSmQ5dUJc8brb2IeI3W8952w8xhxoHFTVhCb0\u002BSxdWwZmGiKFmlGurqp1TYBDXcGVmPlqXTnEKi4QZPAbaPiOfnyAIsNMuE0bjhdx887TkSZlXmAy8v3NofD0dDZgkkay5s8Dwzv9SN\u002BsT88hUjZfPNLKtgqXXIt\u002BsoHTWEQXu/vRvwz/0M7rZxWBhaMuq065lDdjldw8GopDhBC6KvCblZPUUJMqYGwD3k/0FtboUAYyGsMMsyUflaSCu0u\u002BMTwl5vAPWVu7jzTLYLeMRwSzWzQJhw8sjuFutbvup6UgRa0SzjDm2fard4uPQVNukk2gz2AXtaos\u002BFgOoaSgzOeOqhoKeXnUzYI9XRCEnUyO/yJtTthFCZAD5dbY1zdSC6qjAJY4YxnUzAE=",
      "StatusCode": 201,
      "ResponseHeaders": {
        "Content-Length": "0",
        "Content-MD5": "pAysW1p3BggUOnmm2o82XA==",
        "Date": "Tue, 09 Apr 2024 20:30:37 GMT",
        "ETag": "\u00220x8DC58D3EB1574BD\u0022",
        "Last-Modified": "Tue, 09 Apr 2024 20:30:38 GMT",
        "Server": [
          "Windows-Azure-Blob/1.0",
          "Microsoft-HTTPAPI/2.0"
        ],
        "x-ms-client-request-id": "fba29307-4af5-52eb-66e0-9db5559b0899",
        "x-ms-content-crc64": "5DJpgyqjqPo=",
        "x-ms-request-id": "c1394a15-a01e-0019-76bc-8af55a000000",
        "x-ms-request-server-encrypted": "true",
        "x-ms-version": "2024-05-04",
        "x-ms-version-id": "2024-04-09T20:30:38.5163453Z"
      },
      "ResponseBody": null
    },
    {
      "RequestUri": "https://amandadev2.blob.core.windows.net/test-container-a856ed99-5ab9-54c1-c6a1-3cae21554e5e/test-blob-782d1cec-2035-bad6-0b58-24846ca4dfcd?sv=2024-05-04\u0026se=2024-04-10T20%3A30%3A38Z\u0026sr=b\u0026sp=Sanitized\u0026sig=Sanitized",
      "RequestMethod": "HEAD",
      "RequestHeaders": {
        "Accept": "application/xml",
        "traceparent": "00-eece0a5f221a34e3ad4a9f58d11a1e39-efb4c7d7e0467622-00",
        "User-Agent": "azsdk-net-Storage.Blobs/12.20.0-alpha.20240408.1 (.NET 6.0.28; Microsoft Windows 10.0.22635)",
        "x-ms-client-request-id": "855caef5-d031-930c-ee04-33c7bd552a05",
        "x-ms-return-client-request-id": "true",
        "x-ms-version": "2024-05-04"
      },
      "RequestBody": null,
      "StatusCode": 200,
      "ResponseHeaders": {
        "Accept-Ranges": "bytes",
        "Cache-Control": "no-cache",
        "Content-Disposition": "inline",
        "Content-Language": "en-US",
        "Content-Length": "512",
        "Content-MD5": "pAysW1p3BggUOnmm2o82XA==",
        "Content-Type": "text/plain",
        "Date": "Tue, 09 Apr 2024 20:30:37 GMT",
        "ETag": "\u00220x8DC58D3EB1574BD\u0022",
        "Last-Modified": "Tue, 09 Apr 2024 20:30:38 GMT",
        "Server": [
          "Windows-Azure-Blob/1.0",
          "Microsoft-HTTPAPI/2.0"
        ],
        "x-ms-access-tier": "Cold",
        "x-ms-access-tier-change-time": "Tue, 09 Apr 2024 20:30:38 GMT",
        "x-ms-blob-type": "BlockBlob",
        "x-ms-client-request-id": "855caef5-d031-930c-ee04-33c7bd552a05",
        "x-ms-creation-time": "Tue, 09 Apr 2024 20:30:38 GMT",
        "x-ms-is-current-version": "true",
        "x-ms-lease-state": "available",
        "x-ms-lease-status": "unlocked",
        "x-ms-meta-Capital": "letter",
        "x-ms-meta-foo": "bar",
        "x-ms-meta-meta": "data",
        "x-ms-meta-UPPER": "case",
        "x-ms-request-id": "c1394a70-a01e-0019-49bc-8af55a000000",
        "x-ms-server-encrypted": "true",
        "x-ms-version": "2024-05-04",
        "x-ms-version-id": "2024-04-09T20:30:38.5163453Z"
      },
      "ResponseBody": null
    },
    {
      "RequestUri": "https://amandadev2.blob.core.windows.net/test-container-3751bfb2-b7db-09ac-1755-c647d3225348/test-blob-3b641890-1235-531c-2404-68e3b8604c06?sv=2024-05-04\u0026se=2024-04-10T20%3A30%3A38Z\u0026sr=b\u0026sp=Sanitized\u0026sig=Sanitized",
      "RequestMethod": "PUT",
      "RequestHeaders": {
        "Accept": "application/xml",
        "Content-Length": "0",
        "If-None-Match": "*",
        "traceparent": "00-8cbd6e37ec2013a5c1621e40ddd84169-ef6b3831acd85516-00",
        "User-Agent": "azsdk-net-Storage.Blobs/12.20.0-alpha.20240408.1 (.NET 6.0.28; Microsoft Windows 10.0.22635)",
        "x-ms-blob-cache-control": "no-cache",
        "x-ms-blob-content-disposition": "inline",
        "x-ms-blob-content-language": "en-US",
        "x-ms-blob-content-length": "512",
        "x-ms-blob-content-type": "text/plain",
        "x-ms-blob-type": "PageBlob",
        "x-ms-client-request-id": "a7bfe64b-833f-b168-cad3-40343675bd77",
        "x-ms-meta-Capital": "letter",
        "x-ms-meta-foo": "bar",
        "x-ms-meta-meta": "data",
        "x-ms-meta-UPPER": "case",
        "x-ms-return-client-request-id": "true",
        "x-ms-version": "2024-05-04"
      },
      "RequestBody": null,
      "StatusCode": 201,
      "ResponseHeaders": {
        "Content-Length": "0",
        "Date": "Tue, 09 Apr 2024 20:30:37 GMT",
        "ETag": "\u00220x8DC58D3EB2D8D12\u0022",
        "Last-Modified": "Tue, 09 Apr 2024 20:30:38 GMT",
        "Server": [
          "Windows-Azure-Blob/1.0",
          "Microsoft-HTTPAPI/2.0"
        ],
        "x-ms-client-request-id": "a7bfe64b-833f-b168-cad3-40343675bd77",
        "x-ms-request-id": "c1394aa5-a01e-0019-7bbc-8af55a000000",
        "x-ms-request-server-encrypted": "true",
        "x-ms-version": "2024-05-04",
        "x-ms-version-id": "2024-04-09T20:30:38.6752532Z"
      },
      "ResponseBody": null
    },
    {
      "RequestUri": "https://amandadev2.blob.core.windows.net/test-container-3751bfb2-b7db-09ac-1755-c647d3225348/test-blob-3b641890-1235-531c-2404-68e3b8604c06?sv=2024-05-04\u0026se=2024-04-10T20%3A30%3A38Z\u0026sr=b\u0026sp=Sanitized\u0026sig=Sanitized\u0026comp=page",
      "RequestMethod": "PUT",
      "RequestHeaders": {
        "Accept": "application/xml",
        "Content-Length": "0",
        "If-None-Match": "*",
        "traceparent": "00-3cd1903d457956e0869a0333def72dd1-cd6bdb03316c557d-00",
        "User-Agent": "azsdk-net-Storage.Blobs/12.20.0-alpha.20240408.1 (.NET 6.0.28; Microsoft Windows 10.0.22635)",
        "x-ms-client-request-id": "d77bf78a-8295-f6c6-304b-6d0e301c67e0",
        "x-ms-copy-source": "Sanitized",
        "x-ms-page-write": "update",
        "x-ms-range": "bytes=0-511",
        "x-ms-return-client-request-id": "true",
        "x-ms-source-range": "bytes=0-511",
        "x-ms-version": "2024-05-04"
      },
      "RequestBody": null,
      "StatusCode": 201,
      "ResponseHeaders": {
        "Content-Length": "0",
        "Date": "Tue, 09 Apr 2024 20:30:37 GMT",
        "ETag": "\u00220x8DC58D3EB39C048\u0022",
        "Last-Modified": "Tue, 09 Apr 2024 20:30:38 GMT",
        "Server": [
          "Windows-Azure-Blob/1.0",
          "Microsoft-HTTPAPI/2.0"
        ],
        "x-ms-blob-sequence-number": "0",
        "x-ms-client-request-id": "d77bf78a-8295-f6c6-304b-6d0e301c67e0",
        "x-ms-content-crc64": "5DJpgyqjqPo=",
        "x-ms-request-id": "c1394adc-a01e-0019-2fbc-8af55a000000",
        "x-ms-request-server-encrypted": "true",
        "x-ms-version": "2024-05-04"
      },
      "ResponseBody": null
    },
    {
      "RequestUri": "https://amandadev2.blob.core.windows.net/test-container-a856ed99-5ab9-54c1-c6a1-3cae21554e5e/test-blob-782d1cec-2035-bad6-0b58-24846ca4dfcd?sv=2024-05-04\u0026se=2024-04-10T20%3A30%3A38Z\u0026sr=b\u0026sp=Sanitized\u0026sig=Sanitized",
      "RequestMethod": "HEAD",
      "RequestHeaders": {
        "Accept": "application/xml",
        "traceparent": "00-76d24520123a2a6c85218c7d915d8134-cf6d1d3393ff3016-00",
        "User-Agent": "azsdk-net-Storage.Blobs/12.20.0-alpha.20240408.1 (.NET 6.0.28; Microsoft Windows 10.0.22635)",
        "x-ms-client-request-id": "3eaa6df4-e6f9-abe1-ca5f-10e2eec65340",
        "x-ms-return-client-request-id": "true",
        "x-ms-version": "2024-05-04"
      },
      "RequestBody": null,
      "StatusCode": 200,
      "ResponseHeaders": {
        "Accept-Ranges": "bytes",
        "Cache-Control": "no-cache",
        "Content-Disposition": "inline",
        "Content-Language": "en-US",
        "Content-Length": "512",
        "Content-MD5": "pAysW1p3BggUOnmm2o82XA==",
        "Content-Type": "text/plain",
        "Date": "Tue, 09 Apr 2024 20:30:37 GMT",
        "ETag": "\u00220x8DC58D3EB1574BD\u0022",
        "Last-Modified": "Tue, 09 Apr 2024 20:30:38 GMT",
        "Server": [
          "Windows-Azure-Blob/1.0",
          "Microsoft-HTTPAPI/2.0"
        ],
        "x-ms-access-tier": "Cold",
        "x-ms-access-tier-change-time": "Tue, 09 Apr 2024 20:30:38 GMT",
        "x-ms-blob-type": "BlockBlob",
        "x-ms-client-request-id": "3eaa6df4-e6f9-abe1-ca5f-10e2eec65340",
        "x-ms-creation-time": "Tue, 09 Apr 2024 20:30:38 GMT",
        "x-ms-is-current-version": "true",
        "x-ms-lease-state": "available",
        "x-ms-lease-status": "unlocked",
        "x-ms-meta-Capital": "letter",
        "x-ms-meta-foo": "bar",
        "x-ms-meta-meta": "data",
        "x-ms-meta-UPPER": "case",
        "x-ms-request-id": "c1394b70-a01e-0019-3abc-8af55a000000",
        "x-ms-server-encrypted": "true",
        "x-ms-version": "2024-05-04",
        "x-ms-version-id": "2024-04-09T20:30:38.5163453Z"
      },
      "ResponseBody": null
    },
    {
      "RequestUri": "https://amandadev2.blob.core.windows.net/test-container-3751bfb2-b7db-09ac-1755-c647d3225348/test-blob-3b641890-1235-531c-2404-68e3b8604c06?sv=2024-05-04\u0026se=2024-04-10T20%3A30%3A38Z\u0026sr=b\u0026sp=Sanitized\u0026sig=Sanitized",
      "RequestMethod": "HEAD",
      "RequestHeaders": {
        "Accept": "application/xml",
        "traceparent": "00-15e9ffc94015c575c9a3b10df6042766-73f2651ca5c0c04c-00",
        "User-Agent": "azsdk-net-Storage.Blobs/12.20.0-alpha.20240408.1 (.NET 6.0.28; Microsoft Windows 10.0.22635)",
        "x-ms-client-request-id": "c219123b-2872-83e6-d6c4-5966292a004b",
        "x-ms-return-client-request-id": "true",
        "x-ms-version": "2024-05-04"
      },
      "RequestBody": null,
      "StatusCode": 200,
      "ResponseHeaders": {
        "Accept-Ranges": "bytes",
        "Cache-Control": "no-cache",
        "Content-Disposition": "inline",
        "Content-Language": "en-US",
        "Content-Length": "512",
        "Content-Type": "text/plain",
        "Date": "Tue, 09 Apr 2024 20:30:38 GMT",
        "ETag": "\u00220x8DC58D3EB39C048\u0022",
        "Last-Modified": "Tue, 09 Apr 2024 20:30:38 GMT",
        "Server": [
          "Windows-Azure-Blob/1.0",
          "Microsoft-HTTPAPI/2.0"
        ],
        "x-ms-blob-sequence-number": "0",
        "x-ms-blob-type": "PageBlob",
        "x-ms-client-request-id": "c219123b-2872-83e6-d6c4-5966292a004b",
        "x-ms-creation-time": "Tue, 09 Apr 2024 20:30:38 GMT",
        "x-ms-is-current-version": "true",
        "x-ms-lease-state": "available",
        "x-ms-lease-status": "unlocked",
        "x-ms-meta-Capital": "letter",
        "x-ms-meta-foo": "bar",
        "x-ms-meta-meta": "data",
        "x-ms-meta-UPPER": "case",
        "x-ms-request-id": "c1394b93-a01e-0019-5dbc-8af55a000000",
        "x-ms-server-encrypted": "true",
        "x-ms-version": "2024-05-04",
        "x-ms-version-id": "2024-04-09T20:30:38.6752532Z"
      },
      "ResponseBody": null
    },
    {
      "RequestUri": "https://amandadev2.blob.core.windows.net/test-container-a856ed99-5ab9-54c1-c6a1-3cae21554e5e/test-blob-782d1cec-2035-bad6-0b58-24846ca4dfcd?sv=2024-05-04\u0026se=2024-04-10T20%3A30%3A38Z\u0026sr=b\u0026sp=Sanitized\u0026sig=Sanitized",
      "RequestMethod": "GET",
      "RequestHeaders": {
        "Accept": "application/xml",
        "If-Match": "\u00220x8DC58D3EB1574BD\u0022",
        "User-Agent": "azsdk-net-Storage.Blobs/12.20.0-alpha.20240408.1 (.NET 6.0.28; Microsoft Windows 10.0.22635)",
        "x-ms-client-request-id": "dca73ebc-90ac-2ecd-691d-123a62a726c0",
        "x-ms-range": "bytes=0-4194303",
        "x-ms-return-client-request-id": "true",
        "x-ms-version": "2024-05-04"
      },
      "RequestBody": null,
      "StatusCode": 206,
      "ResponseHeaders": {
        "Accept-Ranges": "bytes",
        "Cache-Control": "no-cache",
        "Content-Disposition": "inline",
        "Content-Language": "en-US",
        "Content-Length": "955",
        "Content-Range": "bytes 0-511/512",
        "Content-Type": "text/plain",
        "Date": "Tue, 09 Apr 2024 20:30:38 GMT",
        "ETag": "\u00220x8DC58D3EB1574BD\u0022",
        "Last-Modified": "Tue, 09 Apr 2024 20:30:38 GMT",
        "Server": [
          "Windows-Azure-Blob/1.0",
          "Microsoft-HTTPAPI/2.0"
        ],
        "x-ms-blob-content-md5": "pAysW1p3BggUOnmm2o82XA==",
        "x-ms-blob-type": "BlockBlob",
        "x-ms-client-request-id": "dca73ebc-90ac-2ecd-691d-123a62a726c0",
        "x-ms-creation-time": "Tue, 09 Apr 2024 20:30:38 GMT",
        "x-ms-is-current-version": "true",
        "x-ms-lease-state": "available",
        "x-ms-lease-status": "unlocked",
        "x-ms-meta-Capital": "letter",
        "x-ms-meta-foo": "bar",
        "x-ms-meta-meta": "data",
        "x-ms-meta-UPPER": "case",
        "x-ms-request-id": "c1394bb7-a01e-0019-7dbc-8af55a000000",
        "x-ms-server-encrypted": "true",
        "x-ms-version": "2024-05-04",
        "x-ms-version-id": "2024-04-09T20:30:38.5163453Z"
      },
      "ResponseBody": [
        "v\u0007\uFFFD\uFFFD\u000B\u0000\uFFFD@\u0015\\\uFFFD\u0106$l\uFFFD\u0011\uFFFD\uFFFDB\uFFFD=\u0017\uFFFD\uFFFD\uFFFD\uFFFDIJ,U\u0004=j]i\uFFFD\u0004\uFFFD\uFFFD\uFFFD\uFFFD\uFFFD\u0027\uFFFDl\r",
        "\u02F4\uFFFD\u001Ds\uFFFD\uFFFDv\uFFFD}\u001FxA\u003EH\uFFFD\uFFFD\u0006\uFFFD\u001C\uFFFD\u0002\uFFFD\f\uFFFD\uFFFD\uFFFD}\uFFFD\uFFFD\u0026\uFFFD\u0694\uFFFD\u000E\uFFFD\u007F\uFFFD\uFFFD\uFFFDj\uFFFD\uFFFD\uFFFDk\uFFFD\uFFFD!\u0004\uFFFD\uFFFD\u0004\uFFFD\uFFFD\u0010\uFFFD\uFFFD\u0003\uFFFD1\uFFFDrQ\uFFFDc\uFFFDb\uFFFD#g\uFFFD(3\u0016\uFFFD\uFFFD\uFFFD\uFFFD\u0022\uFFFD\uFFFD\u0369@\uFFFD\uFFFD\uFFFD\uFFFD\uFFFD\uFFFD\uFFFD\uFFFD\uFFFDa]\uFFFD:(W\uFFFD*\uFFFD\uFFFD\uFFFD\u000B\uFFFD\u041A*\uFFFD\u0011\uFFFD\uFFFD\bV\uFFFD\uFFFD\u0011\u03CC\u040A\uFFFD\u0027\uFFFD3.\u0479\uFFFDE\uFFFD\uFFFDk\uFFFD\uFFFD\uFFFD\r",
        "5\uFFFD\u0005G\uFFFDm\uFFFD\uFFFD\uFFFD\uFFFD\u000B\uFFFD0)X\uFFFD\uFFFD\u0005\uFFFD\uFFFD\u05DA\uFFFD\uFFFDJd9uB\\\uFFFD\uFFFD\u0607\uFFFD\uFFFDo=\uFFFDl\u003C\uFFFD\u001Ch\u001CT\u0544\u0026\uFFFD\uFFFD,][\u0006f\u001A\u0022\uFFFD\uFFFDQ\uFFFD\uFFFD\uFFFDuM\uFFFDC]\uFFFD\uFFFD\uFFFD\uFFFDj]9\uFFFD*.\u0010d\uFFFD\u001Bh\uFFFD\uFFFD~|\uFFFD\u0022\uFFFDL\uFFFDM\u001B\uFFFD\u0017q\uFFFD\uFFFD\u04D1\u0026e^\u00602\uFFFD\uFFFD\u0361\uFFFD\uFFFDt6\u0060\uFFFDF\uFFFD\uFFFD\uFFFD\u0003\uFFFD;\uFFFDH\u07ECO\uFFFD!R6_\u003C\uFFFD\u02B6\n",
        "\uFFFD\\\uFFFD~\uFFFD\uFFFD\uFFFDXD\u0017\uFFFD\uFFFD\u047F\f\uFFFD\uFFFD\uFFFD\uFFFDg\u0015\uFFFD\uFFFD\uFFFD.\uFFFDN\uFFFD\uFFFD7c\uFFFD\uFFFD\u003C\u001A\uFFFDC\uFFFD\u0010\uFFFD*\uD82D\uDD53\uFFFDP\uFFFD*\u0060l\u0003\uFFFDO\uFFFD\u0016\uFFFD\uFFFDP\u00062\u001A\uFFFD\f\uFFFD%\u001F\uFFFD\uFFFD\uFFFD\uFFFDK\uFFFD1\u003C%\uFFFD\uFFFD\u000FY[\uFFFD\uFFFD4\uFFFD\u0060\uFFFD\uFFFDG\u0004\uFFFD[4\t\uFFFD\u000F,\uFFFD\uFFFDn\uFFFD\uFFFD\uE9E5 E\uFFFD\u0012\uFFFD0\uFFFD\uFFFD\uFFFD\uFFFDw\uFFFD\uFFFDASn\uFFFDM\uFFFD\uFFFD\u0060\u0017\uFFFD\uFFFD,\uFFFDX\u000E\uFFFD\uFFFD\uFFFD\uFFFD\u73AA\u001A\n",
        "yy\uFFFD\u0342=]\u0010\uFFFD\uFFFDL\uFFFD\uFFFD\u0022mN\uFFFDE\t\uFFFD\u0003\uFFFD\uFFFD\uFFFD\uFFFD7R\u000B\uFFFD\uFFFD\u0000\uFFFD8c\u0019\uFFFD\uFFFD\u0001"
      ]
    },
    {
      "RequestUri": "https://amandadev2.blob.core.windows.net/test-container-3751bfb2-b7db-09ac-1755-c647d3225348/test-blob-3b641890-1235-531c-2404-68e3b8604c06?sv=2024-05-04\u0026se=2024-04-10T20%3A30%3A38Z\u0026sr=b\u0026sp=Sanitized\u0026sig=Sanitized",
      "RequestMethod": "GET",
      "RequestHeaders": {
        "Accept": "application/xml",
        "If-Match": "\u00220x8DC58D3EB39C048\u0022",
        "User-Agent": "azsdk-net-Storage.Blobs/12.20.0-alpha.20240408.1 (.NET 6.0.28; Microsoft Windows 10.0.22635)",
        "x-ms-client-request-id": "eba9d551-2483-579e-3cf9-9aa01421d6b9",
        "x-ms-range": "bytes=0-4194303",
        "x-ms-return-client-request-id": "true",
        "x-ms-version": "2024-05-04"
      },
      "RequestBody": null,
      "StatusCode": 206,
      "ResponseHeaders": {
        "Accept-Ranges": "bytes",
        "Cache-Control": "no-cache",
        "Content-Disposition": "inline",
        "Content-Language": "en-US",
        "Content-Length": "955",
        "Content-Range": "bytes 0-511/512",
        "Content-Type": "text/plain",
        "Date": "Tue, 09 Apr 2024 20:30:38 GMT",
        "ETag": "\u00220x8DC58D3EB39C048\u0022",
        "Last-Modified": "Tue, 09 Apr 2024 20:30:38 GMT",
        "Server": [
          "Windows-Azure-Blob/1.0",
          "Microsoft-HTTPAPI/2.0"
        ],
        "x-ms-blob-sequence-number": "0",
        "x-ms-blob-type": "PageBlob",
        "x-ms-client-request-id": "eba9d551-2483-579e-3cf9-9aa01421d6b9",
        "x-ms-creation-time": "Tue, 09 Apr 2024 20:30:38 GMT",
        "x-ms-is-current-version": "true",
        "x-ms-lease-state": "available",
        "x-ms-lease-status": "unlocked",
        "x-ms-meta-Capital": "letter",
        "x-ms-meta-foo": "bar",
        "x-ms-meta-meta": "data",
        "x-ms-meta-UPPER": "case",
        "x-ms-request-id": "c1394bf3-a01e-0019-35bc-8af55a000000",
        "x-ms-server-encrypted": "true",
        "x-ms-version": "2024-05-04",
        "x-ms-version-id": "2024-04-09T20:30:38.6752532Z"
      },
      "ResponseBody": [
        "v\u0007\uFFFD\uFFFD\u000B\u0000\uFFFD@\u0015\\\uFFFD\u0106$l\uFFFD\u0011\uFFFD\uFFFDB\uFFFD=\u0017\uFFFD\uFFFD\uFFFD\uFFFDIJ,U\u0004=j]i\uFFFD\u0004\uFFFD\uFFFD\uFFFD\uFFFD\uFFFD\u0027\uFFFDl\r",
        "\u02F4\uFFFD\u001Ds\uFFFD\uFFFDv\uFFFD}\u001FxA\u003EH\uFFFD\uFFFD\u0006\uFFFD\u001C\uFFFD\u0002\uFFFD\f\uFFFD\uFFFD\uFFFD}\uFFFD\uFFFD\u0026\uFFFD\u0694\uFFFD\u000E\uFFFD\u007F\uFFFD\uFFFD\uFFFDj\uFFFD\uFFFD\uFFFDk\uFFFD\uFFFD!\u0004\uFFFD\uFFFD\u0004\uFFFD\uFFFD\u0010\uFFFD\uFFFD\u0003\uFFFD1\uFFFDrQ\uFFFDc\uFFFDb\uFFFD#g\uFFFD(3\u0016\uFFFD\uFFFD\uFFFD\uFFFD\u0022\uFFFD\uFFFD\u0369@\uFFFD\uFFFD\uFFFD\uFFFD\uFFFD\uFFFD\uFFFD\uFFFD\uFFFDa]\uFFFD:(W\uFFFD*\uFFFD\uFFFD\uFFFD\u000B\uFFFD\u041A*\uFFFD\u0011\uFFFD\uFFFD\bV\uFFFD\uFFFD\u0011\u03CC\u040A\uFFFD\u0027\uFFFD3.\u0479\uFFFDE\uFFFD\uFFFDk\uFFFD\uFFFD\uFFFD\r",
        "5\uFFFD\u0005G\uFFFDm\uFFFD\uFFFD\uFFFD\uFFFD\u000B\uFFFD0)X\uFFFD\uFFFD\u0005\uFFFD\uFFFD\u05DA\uFFFD\uFFFDJd9uB\\\uFFFD\uFFFD\u0607\uFFFD\uFFFDo=\uFFFDl\u003C\uFFFD\u001Ch\u001CT\u0544\u0026\uFFFD\uFFFD,][\u0006f\u001A\u0022\uFFFD\uFFFDQ\uFFFD\uFFFD\uFFFDuM\uFFFDC]\uFFFD\uFFFD\uFFFD\uFFFDj]9\uFFFD*.\u0010d\uFFFD\u001Bh\uFFFD\uFFFD~|\uFFFD\u0022\uFFFDL\uFFFDM\u001B\uFFFD\u0017q\uFFFD\uFFFD\u04D1\u0026e^\u00602\uFFFD\uFFFD\u0361\uFFFD\uFFFDt6\u0060\uFFFDF\uFFFD\uFFFD\uFFFD\u0003\uFFFD;\uFFFDH\u07ECO\uFFFD!R6_\u003C\uFFFD\u02B6\n",
        "\uFFFD\\\uFFFD~\uFFFD\uFFFD\uFFFDXD\u0017\uFFFD\uFFFD\u047F\f\uFFFD\uFFFD\uFFFD\uFFFDg\u0015\uFFFD\uFFFD\uFFFD.\uFFFDN\uFFFD\uFFFD7c\uFFFD\uFFFD\u003C\u001A\uFFFDC\uFFFD\u0010\uFFFD*\uD82D\uDD53\uFFFDP\uFFFD*\u0060l\u0003\uFFFDO\uFFFD\u0016\uFFFD\uFFFDP\u00062\u001A\uFFFD\f\uFFFD%\u001F\uFFFD\uFFFD\uFFFD\uFFFDK\uFFFD1\u003C%\uFFFD\uFFFD\u000FY[\uFFFD\uFFFD4\uFFFD\u0060\uFFFD\uFFFDG\u0004\uFFFD[4\t\uFFFD\u000F,\uFFFD\uFFFDn\uFFFD\uFFFD\uE9E5 E\uFFFD\u0012\uFFFD0\uFFFD\uFFFD\uFFFD\uFFFDw\uFFFD\uFFFDASn\uFFFDM\uFFFD\uFFFD\u0060\u0017\uFFFD\uFFFD,\uFFFDX\u000E\uFFFD\uFFFD\uFFFD\uFFFD\u73AA\u001A\n",
        "yy\uFFFD\u0342=]\u0010\uFFFD\uFFFDL\uFFFD\uFFFD\u0022mN\uFFFDE\t\uFFFD\u0003\uFFFD\uFFFD\uFFFD\uFFFD7R\u000B\uFFFD\uFFFD\u0000\uFFFD8c\u0019\uFFFD\uFFFD\u0001"
      ]
    },
    {
      "RequestUri": "https://amandadev2.blob.core.windows.net/test-container-3751bfb2-b7db-09ac-1755-c647d3225348?restype=container",
      "RequestMethod": "DELETE",
      "RequestHeaders": {
        "Accept": "application/xml",
        "Authorization": "Sanitized",
        "traceparent": "00-2e7b264b69feebc7c6b31755a837a0d6-d9b7e280d6202e14-00",
        "User-Agent": "azsdk-net-Storage.Blobs/12.20.0-alpha.20240408.1 (.NET 6.0.28; Microsoft Windows 10.0.22635)",
        "x-ms-client-request-id": "8de9c4b9-3bfd-673d-dc1a-f12404720094",
        "x-ms-date": "Tue, 09 Apr 2024 20:30:38 GMT",
        "x-ms-return-client-request-id": "true",
        "x-ms-version": "2024-05-04"
      },
      "RequestBody": null,
      "StatusCode": 202,
      "ResponseHeaders": {
        "Content-Length": "0",
        "Date": "Tue, 09 Apr 2024 20:30:38 GMT",
        "Server": [
          "Windows-Azure-Blob/1.0",
          "Microsoft-HTTPAPI/2.0"
        ],
        "x-ms-client-request-id": "8de9c4b9-3bfd-673d-dc1a-f12404720094",
        "x-ms-request-id": "c1394c36-a01e-0019-77bc-8af55a000000",
        "x-ms-version": "2024-05-04"
      },
      "ResponseBody": null
    },
    {
      "RequestUri": "https://amandadev2.blob.core.windows.net/test-container-a856ed99-5ab9-54c1-c6a1-3cae21554e5e?restype=container",
      "RequestMethod": "DELETE",
      "RequestHeaders": {
        "Accept": "application/xml",
        "Authorization": "Sanitized",
        "traceparent": "00-5f3873dda9b2837b5dca70228de6d5d2-0b2464c84e395feb-00",
        "User-Agent": "azsdk-net-Storage.Blobs/12.20.0-alpha.20240408.1 (.NET 6.0.28; Microsoft Windows 10.0.22635)",
        "x-ms-client-request-id": "50e6aa9f-4937-f7bc-5579-c9fb534118b7",
        "x-ms-date": "Tue, 09 Apr 2024 20:30:38 GMT",
        "x-ms-return-client-request-id": "true",
        "x-ms-version": "2024-05-04"
      },
      "RequestBody": null,
      "StatusCode": 202,
      "ResponseHeaders": {
        "Content-Length": "0",
        "Date": "Tue, 09 Apr 2024 20:30:38 GMT",
        "Server": [
          "Windows-Azure-Blob/1.0",
          "Microsoft-HTTPAPI/2.0"
        ],
        "x-ms-client-request-id": "50e6aa9f-4937-f7bc-5579-c9fb534118b7",
        "x-ms-request-id": "c1394c6a-a01e-0019-29bc-8af55a000000",
        "x-ms-version": "2024-05-04"
      },
      "ResponseBody": null
    }
  ],
  "Variables": {
    "DateTimeOffsetNow": "2024-04-09T13:30:38.1365873-07:00",
    "RandomSeed": "649809184",
    "Storage_TestConfigDefault": "ProductionTenant\namandadev2\nU2FuaXRpemVk\nhttps://amandadev2.blob.core.windows.net\nhttps://amandadev2.file.core.windows.net\nhttps://amandadev2.queue.core.windows.net\nhttps://amandadev2.table.core.windows.net\n\n\n\n\nhttps://amandadev2-secondary.blob.core.windows.net\nhttps://amandadev2-secondary.file.core.windows.net\nhttps://amandadev2-secondary.queue.core.windows.net\nhttps://amandadev2-secondary.table.core.windows.net\n\nSanitized\n\n\nCloud\nBlobEndpoint=https://amandadev2.blob.core.windows.net/;QueueEndpoint=https://amandadev2.queue.core.windows.net/;FileEndpoint=https://amandadev2.file.core.windows.net/;BlobSecondaryEndpoint=https://amandadev2-secondary.blob.core.windows.net/;QueueSecondaryEndpoint=https://amandadev2-secondary.queue.core.windows.net/;FileSecondaryEndpoint=https://amandadev2-secondary.file.core.windows.net/;AccountName=amandadev2;AccountKey=Sanitized\nencryptionScope\n\n"
  }
}
