{
  "Entries": [
    {
      "RequestUri": "https://amandadev2.blob.core.windows.net/test-container-ee04daf5-82ea-a1d0-d623-adc98e4bb5de?restype=container",
      "RequestMethod": "PUT",
      "RequestHeaders": {
        "Accept": "application/xml",
        "Authorization": "Sanitized",
        "Content-Length": "0",
        "traceparent": "00-6d01157a76ebdf46a52853e3e3613f68-937cff504537a08c-00",
        "User-Agent": "azsdk-net-Storage.Blobs/12.20.0-alpha.20240408.1 (.NET 6.0.28; Microsoft Windows 10.0.22635)",
        "x-ms-blob-public-access": "container",
        "x-ms-client-request-id": "0b091c22-4412-5224-786d-3add1eb578c0",
        "x-ms-date": "Tue, 09 Apr 2024 20:31:03 GMT",
        "x-ms-return-client-request-id": "true",
        "x-ms-version": "2024-05-04"
      },
      "RequestBody": null,
      "StatusCode": 201,
      "ResponseHeaders": {
        "Content-Length": "0",
        "Date": "Tue, 09 Apr 2024 20:31:03 GMT",
        "ETag": "\u00220x8DC58D3FA654C85\u0022",
        "Last-Modified": "Tue, 09 Apr 2024 20:31:04 GMT",
        "Server": [
          "Windows-Azure-Blob/1.0",
          "Microsoft-HTTPAPI/2.0"
        ],
        "x-ms-client-request-id": "0b091c22-4412-5224-786d-3add1eb578c0",
        "x-ms-request-id": "c13990de-a01e-0019-3cbc-8af55a000000",
        "x-ms-version": "2024-05-04"
      },
      "ResponseBody": null
    },
    {
      "RequestUri": "https://amandadev2.blob.core.windows.net/test-container-764d13f5-5710-7d21-2849-c8501be316bb?restype=container",
      "RequestMethod": "PUT",
      "RequestHeaders": {
        "Accept": "application/xml",
        "Authorization": "Sanitized",
        "Content-Length": "0",
        "traceparent": "00-075e97844c957efbfa6799911acd2ed1-e091e0c948ff7500-00",
        "User-Agent": "azsdk-net-Storage.Blobs/12.20.0-alpha.20240408.1 (.NET 6.0.28; Microsoft Windows 10.0.22635)",
        "x-ms-blob-public-access": "container",
        "x-ms-client-request-id": "77f7a721-c5cd-ca43-fa8b-e2c97cd33694",
        "x-ms-date": "Tue, 09 Apr 2024 20:31:03 GMT",
        "x-ms-return-client-request-id": "true",
        "x-ms-version": "2024-05-04"
      },
      "RequestBody": null,
      "StatusCode": 201,
      "ResponseHeaders": {
        "Content-Length": "0",
        "Date": "Tue, 09 Apr 2024 20:31:03 GMT",
        "ETag": "\u00220x8DC58D3FA6FAF15\u0022",
        "Last-Modified": "Tue, 09 Apr 2024 20:31:04 GMT",
        "Server": [
          "Windows-Azure-Blob/1.0",
          "Microsoft-HTTPAPI/2.0"
        ],
        "x-ms-client-request-id": "77f7a721-c5cd-ca43-fa8b-e2c97cd33694",
        "x-ms-request-id": "c13990f9-a01e-0019-54bc-8af55a000000",
        "x-ms-version": "2024-05-04"
      },
      "ResponseBody": null
    },
    {
      "RequestUri": "https://amandadev2.blob.core.windows.net/test-container-764d13f5-5710-7d21-2849-c8501be316bb/test-blob-c4f57e57-050e-4b7e-48cb-36f4fc384054",
      "RequestMethod": "PUT",
      "RequestHeaders": {
        "Accept": "application/xml",
        "Authorization": "Sanitized",
        "Content-Length": "0",
        "If-None-Match": "*",
        "traceparent": "00-b0790177cccb7bb56fd665652176d13b-cf8ae3ed84cdaf79-00",
        "User-Agent": "azsdk-net-Storage.Blobs/12.20.0-alpha.20240408.1 (.NET 6.0.28; Microsoft Windows 10.0.22635)",
        "x-ms-blob-content-length": "1024",
        "x-ms-blob-type": "PageBlob",
        "x-ms-client-request-id": "2fbb76dc-e0ab-8b1f-ffd5-518428124bc6",
        "x-ms-date": "Tue, 09 Apr 2024 20:31:03 GMT",
        "x-ms-return-client-request-id": "true",
        "x-ms-version": "2024-05-04"
      },
      "RequestBody": null,
      "StatusCode": 201,
      "ResponseHeaders": {
        "Content-Length": "0",
        "Date": "Tue, 09 Apr 2024 20:31:03 GMT",
        "ETag": "\u00220x8DC58D3FA794DC2\u0022",
        "Last-Modified": "Tue, 09 Apr 2024 20:31:04 GMT",
        "Server": [
          "Windows-Azure-Blob/1.0",
          "Microsoft-HTTPAPI/2.0"
        ],
        "x-ms-client-request-id": "2fbb76dc-e0ab-8b1f-ffd5-518428124bc6",
        "x-ms-request-id": "c1399122-a01e-0019-79bc-8af55a000000",
        "x-ms-request-server-encrypted": "true",
        "x-ms-version": "2024-05-04",
        "x-ms-version-id": "2024-04-09T20:31:04.3365314Z"
      },
      "ResponseBody": null
    },
    {
      "RequestUri": "https://amandadev2.blob.core.windows.net/test-container-764d13f5-5710-7d21-2849-c8501be316bb/test-blob-c4f57e57-050e-4b7e-48cb-36f4fc384054?comp=page",
      "RequestMethod": "PUT",
      "RequestHeaders": {
        "Accept": "application/xml",
        "Authorization": "Sanitized",
        "Content-Length": "1024",
        "Content-Type": "application/octet-stream",
        "traceparent": "00-cee35f370dd1efab3733ecfafc104d91-20aa01ad9355a3e8-00",
        "User-Agent": "azsdk-net-Storage.Blobs/12.20.0-alpha.20240408.1 (.NET 6.0.28; Microsoft Windows 10.0.22635)",
        "x-ms-client-request-id": "5f17cc53-aaeb-9b02-b5ae-cda67e81d1ff",
        "x-ms-date": "Tue, 09 Apr 2024 20:31:03 GMT",
        "x-ms-page-write": "update",
        "x-ms-range": "bytes=0-1023",
        "x-ms-return-client-request-id": "true",
        "x-ms-version": "2024-05-04"
      },
      "RequestBody": "lHcLqK3S66WDR7OxFVdIxPA/jMablxKHrlfwDl/CNXJqDNobMkPVinO3w/K0cJt/8cXRFZ26b/xlg/pW4d1GwBFBRgl8LZKtaQJS49Qf0j67cByZ8CDUsJ3etq9Jf6iWcALgcymSAsQzJKubZ4soRbC7mnDArc/xbJZsnnbiZOpZvHPRP18UKW1YZcx1OUgRtXD\u002BjeQ41cMy7waTJmNNUL/AQasYVwZRpnECaEcDezNNWukG5NYGIeavn09YgAIJChQMtfec\u002BV1qredzNW17L3PTRst6R2zpuiDFaLi2\u002BSZu\u002BF0y9sY8sGGLmzbvkut4NG/bhDo3j8OnI/rW15CltLPABT0PSDmtl5Vq7qs1\u002Bic1TDRI2nTsN2iai9LLZtnR5ueDLoytaOs2Lu2kzKEXcSjSoItbXdk/1M7Udb1m4TG8mQfEssybh\u002BNJEayGR2rGghmq\u002BMVOdYkNQ1m\u002B2fIt0Ey86DOZU79cNxinEkstuI1jDfOkvOlrbiN\u002Bt29y3K7wG0FfyV43LC9aTcCspmM934rMWsv/iRRjUHoPG5tP6ltqt/YKze4uLODESm4ov8fAQNfkpoLj8ZIs/HjkJxGTCmJlQu5sMxGbnS3qOj6lOpGyT9rEa0PZhsZk3dF1SgXPMUAMwnzYUw3FSAhU\u002BLZThsLnMdc3z54ejLsoCFVAJlMnGwn\u002BmXcV2fvN/iM7hI0PEFcOjhgtmGGh7TbAsEu3hSK1LN2sVe1K0VfcatF74wcuGPf\u002BMZc6\u002BoOnXKxBVCmvFXkAhVewY7tqxL3BUS2QJgkukpdTuVOLezJZBPhACXwtLFVXel6wfbU8lG3aeKhVFzWjEsKSW1sldQklVl7CKbtAkyTYOKyrfhXiFyXmsQKJBO3Cnfa6m9D5MgRUiydWeWqymeWEfN6J\u002BJStsEM1P8QGm1JxAIzEhfhT3waoVvPti567NBcdBYcOOaViDeuMw/I/Tu/U5Xje7RTsMJ3Y4aGhvyWlegut6JXKYsbmYncMxhsTaAcDGaUl3EYCMNTqNlgDwU7G50jmkmVaCoOy94uc4GmBxHiZnqZ/f57FqrfB3yxu46EpRt/SLdWiqQ4ic\u002BW7ZlBqaHLfaSKoRmiqIeetmCpWQxPqc5mKrpej9/WXXQu4CURnVna6j3l\u002BgAB3Jwvu9RDjyy/R0fK34LraPHItEehc8hijRkG0nLSZa/OYE4aLtALks5Lc5zhRr3a831IHUG8XGjXySq7OLy56N2X/HswzT4dvSV1WfwrgUZbL971ikhuDgfhRmGpTFoRjYa/SUpCpiZDLlwcSwJorEvkXAjdwGKVJe53U4bYcHDLY8x5bDf8FIW0tlvoUccBdJoZxOxNM80gKiNbz1afZrg==",
      "StatusCode": 201,
      "ResponseHeaders": {
        "Content-Length": "0",
        "Date": "Tue, 09 Apr 2024 20:31:03 GMT",
        "ETag": "\u00220x8DC58D3FA824D2A\u0022",
        "Last-Modified": "Tue, 09 Apr 2024 20:31:04 GMT",
        "Server": [
          "Windows-Azure-Blob/1.0",
          "Microsoft-HTTPAPI/2.0"
        ],
        "x-ms-blob-sequence-number": "0",
        "x-ms-client-request-id": "5f17cc53-aaeb-9b02-b5ae-cda67e81d1ff",
        "x-ms-content-crc64": "ex7ZZ5ruVWU=",
        "x-ms-request-id": "c1399148-a01e-0019-1dbc-8af55a000000",
        "x-ms-request-server-encrypted": "true",
        "x-ms-version": "2024-05-04"
      },
      "ResponseBody": null
    },
    {
      "RequestUri": "https://amandadev2.blob.core.windows.net/test-container-ee04daf5-82ea-a1d0-d623-adc98e4bb5de/test-blob-9aef0395-f52c-e9d3-9465-af34b6ec084f",
      "RequestMethod": "PUT",
      "RequestHeaders": {
        "Accept": "application/xml",
        "Authorization": "Sanitized",
        "Content-Length": "1024",
        "Content-Type": "application/octet-stream",
        "traceparent": "00-01c983161c8ed87ddedfe75524d8490a-e8c061a59d219d82-00",
        "User-Agent": "azsdk-net-Storage.Blobs/12.20.0-alpha.20240408.1 (.NET 6.0.28; Microsoft Windows 10.0.22635)",
        "x-ms-access-tier": "Cold",
        "x-ms-blob-cache-control": "no-cache",
        "x-ms-blob-content-disposition": "inline",
        "x-ms-blob-content-language": "en-US",
        "x-ms-blob-content-type": "text/plain",
        "x-ms-blob-type": "BlockBlob",
        "x-ms-client-request-id": "9f188acb-a2e5-ac0c-232a-89f860d57944",
        "x-ms-date": "Tue, 09 Apr 2024 20:31:04 GMT",
        "x-ms-meta-Capital": "letter",
        "x-ms-meta-foo": "bar",
        "x-ms-meta-meta": "data",
        "x-ms-meta-UPPER": "case",
        "x-ms-return-client-request-id": "true",
        "x-ms-version": "2024-05-04"
      },
      "RequestBody": "goZACR\u002B6SO\u002BOXgJghKG0TZiie/KYEzJvY5Y0W/IFEcKp8AUVQGpbwhKpK4CCnWJrezXjEcUjam5T0aWIhe38iExAtpObngwtRrnf7\u002Biy7MY0yd\u002B8Iv/9hoWWwm7F0zwlrKMzQubOz9wptcsMQ3uGoeXfVLwNP2ZNQjANBdydaHN8ukNFfqnfZfkDk2w08UMKECCJ5X5/F2w85gC2wcr/i0xXj4g4QSM7AO/CCqz5GFHtA/S8FIP0/aPWCJepKKMvAwcg3GG60s/9TeWPvQ3AQs2uyb7VQ3fJYpLlYTiLktdLkwak2TvvMjElvsadZUCVFsbJ\u002Bl/lWcCQVnrP1XCWcboOQykGG2iRv5aMsISxK/1ST0tywZh3ZTlGFILBIF3Aj0wLjyIWj/pdNzrJWKk73it8fYUkI7Ailt3wwAfl0J45yyE3pZvbO8BQFYlergyQCjVXRKPXnGuc6fhEJc7zd2ebj42HBDmPoUHF1A4mxOjQYLXRjov7YS\u002B1mryjlhbxXJ0iwh5/CAb8yKNiEshddiUQc8UZIuncoC5d0Wl87Asq03dwBAHJUViv1cXomU5nWCSXkiNR2Dq0RSHvIjadf9yYNz5Q7HEjRiJtak0j9Aff9nlE5Vnn2fs9vL7g2S4hEVXpT2EPFmyyc0sA5G7skFEaECy9WJqCsF1DEzCzQmzzS1j4OqSlz98NknEN5vWNUCxtxskCZLm6Z58DzAM7/zDeDZgV9FasdEBMsMYodMlotcIERXyj8eafPdMEoQPc0ZJBL9lcd1vWwFGJtbTykvLWmxZAN7m0OxuxdreCqNI9cN4050XvCz1nLoUqGTsyravgLgbsm5rYjPO\u002BqwGkUxh/TETVvqqs5o/Y2Qk0iSLffsgLonnLUNVEW1pSMWA7wtpsq8z3XO4AM0d2E8KQowPR3iw4mbGes/tvkWJPWrUvnRcuyN1V6CLaCm4yVT0Ss7dXgFMzAykpzvjQiMuMsdmRRnarYtsle/YKXo5Da12\u002BXN2q\u002BNli/JntBPnlhF9WTlmUoA7GZ1DcMQVdKaSa5mKaEizt4bj/L0rcvV7hQPeWsxA0rstP9/SMzsfUBdL1Ux2XS3EzaG2hlHDD6qry\u002BvENx3WTZjiXSho3YRLxKyp35mlASfWFYkujkxlaiw1JmtPWxz1dYe3lAABX/Adar2lGSwNAsbD7h2Qq8NIePL8N7cY\u002BG2TsGoR8W0n1LmVDSOOwFD8JCeki2j/ZMnEax8NBSQ5AG5QFWTF/w1ZnBln\u002B5qfubSh/BOTdG0EkE\u002BgTYpOFtORXAixPq7oOikWSu9Pm2kvKK1mbwUUpYwBT4EVIbGHC4lJ0p\u002BR6n8JtcHqfSmBuPjmcSDc56fKfLZ8s\u002Bw==",
      "StatusCode": 201,
      "ResponseHeaders": {
        "Content-Length": "0",
        "Content-MD5": "T9Juc0TY9nvBST88xcA78A==",
        "Date": "Tue, 09 Apr 2024 20:31:03 GMT",
        "ETag": "\u00220x8DC58D3FA8BE8B7\u0022",
        "Last-Modified": "Tue, 09 Apr 2024 20:31:04 GMT",
        "Server": [
          "Windows-Azure-Blob/1.0",
          "Microsoft-HTTPAPI/2.0"
        ],
        "x-ms-client-request-id": "9f188acb-a2e5-ac0c-232a-89f860d57944",
        "x-ms-content-crc64": "DO/dqLio3eQ=",
        "x-ms-request-id": "c1399178-a01e-0019-4cbc-8af55a000000",
        "x-ms-request-server-encrypted": "true",
        "x-ms-version": "2024-05-04",
        "x-ms-version-id": "2024-04-09T20:31:04.4584631Z"
      },
      "ResponseBody": null
    },
    {
      "RequestUri": "https://amandadev2.blob.core.windows.net/test-container-ee04daf5-82ea-a1d0-d623-adc98e4bb5de/test-blob-9aef0395-f52c-e9d3-9465-af34b6ec084f?sv=2024-05-04\u0026se=2024-04-10T20%3A31%3A04Z\u0026sr=b\u0026sp=racwdxyltmei\u0026sig=Sanitized",
      "RequestMethod": "HEAD",
      "RequestHeaders": {
        "Accept": "application/xml",
        "traceparent": "00-3de14393f38e750b18405547d268c654-9de1984af9aa40db-00",
        "User-Agent": "azsdk-net-Storage.Blobs/12.20.0-alpha.20240408.1 (.NET 6.0.28; Microsoft Windows 10.0.22635)",
        "x-ms-client-request-id": "a2d3a1ba-8d86-2816-6819-faba46e01f9b",
        "x-ms-return-client-request-id": "true",
        "x-ms-version": "2024-05-04"
      },
      "RequestBody": null,
      "StatusCode": 200,
      "ResponseHeaders": {
        "Accept-Ranges": "bytes",
        "Cache-Control": "no-cache",
        "Content-Disposition": "inline",
        "Content-Language": "en-US",
        "Content-Length": "1024",
        "Content-MD5": "T9Juc0TY9nvBST88xcA78A==",
        "Content-Type": "text/plain",
        "Date": "Tue, 09 Apr 2024 20:31:03 GMT",
        "ETag": "\u00220x8DC58D3FA8BE8B7\u0022",
        "Last-Modified": "Tue, 09 Apr 2024 20:31:04 GMT",
        "Server": [
          "Windows-Azure-Blob/1.0",
          "Microsoft-HTTPAPI/2.0"
        ],
        "x-ms-access-tier": "Cold",
        "x-ms-access-tier-change-time": "Tue, 09 Apr 2024 20:31:04 GMT",
        "x-ms-blob-type": "BlockBlob",
        "x-ms-client-request-id": "a2d3a1ba-8d86-2816-6819-faba46e01f9b",
        "x-ms-creation-time": "Tue, 09 Apr 2024 20:31:04 GMT",
        "x-ms-is-current-version": "true",
        "x-ms-lease-state": "available",
        "x-ms-lease-status": "unlocked",
        "x-ms-meta-Capital": "letter",
        "x-ms-meta-foo": "bar",
        "x-ms-meta-meta": "data",
        "x-ms-meta-UPPER": "case",
        "x-ms-request-id": "c13991c5-a01e-0019-15bc-8af55a000000",
        "x-ms-server-encrypted": "true",
        "x-ms-version": "2024-05-04",
        "x-ms-version-id": "2024-04-09T20:31:04.4584631Z"
      },
      "ResponseBody": null
    },
    {
      "RequestUri": "https://amandadev2.blob.core.windows.net/test-container-764d13f5-5710-7d21-2849-c8501be316bb/test-blob-c4f57e57-050e-4b7e-48cb-36f4fc384054?sv=2024-05-04\u0026se=2024-04-10T20%3A31%3A04Z\u0026sr=b\u0026sp=racwdxyltmei\u0026sig=Sanitized",
      "RequestMethod": "PUT",
      "RequestHeaders": {
        "Accept": "application/xml",
        "Content-Length": "0",
        "traceparent": "00-5f0fc7ff981bb6a3f2f7e60ab3640715-927a81b287284606-00",
        "User-Agent": "azsdk-net-Storage.Blobs/12.20.0-alpha.20240408.1 (.NET 6.0.28; Microsoft Windows 10.0.22635)",
        "x-ms-blob-cache-control": "no-cache",
        "x-ms-blob-content-disposition": "inline",
        "x-ms-blob-content-language": "en-US",
        "x-ms-blob-content-length": "1024",
        "x-ms-blob-content-type": "text/plain",
        "x-ms-blob-type": "PageBlob",
        "x-ms-client-request-id": "be3de67e-d702-c0be-8ecf-8f91600035a6",
        "x-ms-meta-Capital": "letter",
        "x-ms-meta-foo": "bar",
        "x-ms-meta-meta": "data",
        "x-ms-meta-UPPER": "case",
        "x-ms-return-client-request-id": "true",
        "x-ms-version": "2024-05-04"
      },
      "RequestBody": null,
      "StatusCode": 201,
      "ResponseHeaders": {
        "Content-Length": "0",
        "Date": "Tue, 09 Apr 2024 20:31:03 GMT",
        "ETag": "\u00220x8DC58D3FAA56057\u0022",
        "Last-Modified": "Tue, 09 Apr 2024 20:31:04 GMT",
        "Server": [
          "Windows-Azure-Blob/1.0",
          "Microsoft-HTTPAPI/2.0"
        ],
        "x-ms-client-request-id": "be3de67e-d702-c0be-8ecf-8f91600035a6",
        "x-ms-request-id": "c13991f4-a01e-0019-42bc-8af55a000000",
        "x-ms-request-server-encrypted": "true",
        "x-ms-version": "2024-05-04",
        "x-ms-version-id": "2024-04-09T20:31:04.6263655Z"
      },
      "ResponseBody": null
    },
    {
      "RequestUri": "https://amandadev2.blob.core.windows.net/test-container-764d13f5-5710-7d21-2849-c8501be316bb/test-blob-c4f57e57-050e-4b7e-48cb-36f4fc384054?sv=2024-05-04\u0026se=2024-04-10T20%3A31%3A04Z\u0026sr=b\u0026sp=racwdxyltmei\u0026sig=Sanitized\u0026comp=page",
      "RequestMethod": "PUT",
      "RequestHeaders": {
        "Accept": "application/xml",
        "Content-Length": "0",
        "traceparent": "00-326684980fbac4daab2ff1e5bc540823-b77df4c3b73e96a8-00",
        "User-Agent": "azsdk-net-Storage.Blobs/12.20.0-alpha.20240408.1 (.NET 6.0.28; Microsoft Windows 10.0.22635)",
        "x-ms-client-request-id": "5f3bd0a1-60a3-e199-6441-59cfa7130ecf",
        "x-ms-copy-source": "https://amandadev2.blob.core.windows.net/test-container-ee04daf5-82ea-a1d0-d623-adc98e4bb5de/test-blob-9aef0395-f52c-e9d3-9465-af34b6ec084f?sv=2024-05-04\u0026se=2024-04-10T20%3A31%3A04Z\u0026sr=b\u0026sp=racwdxyltmei\u0026sig=Sanitized",
        "x-ms-page-write": "update",
        "x-ms-range": "bytes=0-1023",
        "x-ms-return-client-request-id": "true",
        "x-ms-source-range": "bytes=0-1023",
        "x-ms-version": "2024-05-04"
      },
      "RequestBody": null,
      "StatusCode": 201,
      "ResponseHeaders": {
        "Content-Length": "0",
        "Date": "Tue, 09 Apr 2024 20:31:03 GMT",
        "ETag": "\u00220x8DC58D3FAB3B61E\u0022",
        "Last-Modified": "Tue, 09 Apr 2024 20:31:04 GMT",
        "Server": [
          "Windows-Azure-Blob/1.0",
          "Microsoft-HTTPAPI/2.0"
        ],
        "x-ms-blob-sequence-number": "0",
        "x-ms-client-request-id": "5f3bd0a1-60a3-e199-6441-59cfa7130ecf",
        "x-ms-content-crc64": "DO/dqLio3eQ=",
        "x-ms-request-id": "c1399238-a01e-0019-01bc-8af55a000000",
        "x-ms-request-server-encrypted": "true",
        "x-ms-version": "2024-05-04"
      },
      "ResponseBody": null
    },
    {
      "RequestUri": "https://amandadev2.blob.core.windows.net/test-container-ee04daf5-82ea-a1d0-d623-adc98e4bb5de/test-blob-9aef0395-f52c-e9d3-9465-af34b6ec084f?sv=2024-05-04\u0026se=2024-04-10T20%3A31%3A04Z\u0026sr=b\u0026sp=racwdxyltmei\u0026sig=Sanitized",
      "RequestMethod": "HEAD",
      "RequestHeaders": {
        "Accept": "application/xml",
        "traceparent": "00-05c8b32de0deeb58aac550592eb42cbd-243ff5dc2a418c82-00",
        "User-Agent": "azsdk-net-Storage.Blobs/12.20.0-alpha.20240408.1 (.NET 6.0.28; Microsoft Windows 10.0.22635)",
        "x-ms-client-request-id": "90f02b7b-d5c4-6d02-976c-aeb56b34dce9",
        "x-ms-return-client-request-id": "true",
        "x-ms-version": "2024-05-04"
      },
      "RequestBody": null,
      "StatusCode": 200,
      "ResponseHeaders": {
        "Accept-Ranges": "bytes",
        "Cache-Control": "no-cache",
        "Content-Disposition": "inline",
        "Content-Language": "en-US",
        "Content-Length": "1024",
        "Content-MD5": "T9Juc0TY9nvBST88xcA78A==",
        "Content-Type": "text/plain",
        "Date": "Tue, 09 Apr 2024 20:31:03 GMT",
        "ETag": "\u00220x8DC58D3FA8BE8B7\u0022",
        "Last-Modified": "Tue, 09 Apr 2024 20:31:04 GMT",
        "Server": [
          "Windows-Azure-Blob/1.0",
          "Microsoft-HTTPAPI/2.0"
        ],
        "x-ms-access-tier": "Cold",
        "x-ms-access-tier-change-time": "Tue, 09 Apr 2024 20:31:04 GMT",
        "x-ms-blob-type": "BlockBlob",
        "x-ms-client-request-id": "90f02b7b-d5c4-6d02-976c-aeb56b34dce9",
        "x-ms-creation-time": "Tue, 09 Apr 2024 20:31:04 GMT",
        "x-ms-is-current-version": "true",
        "x-ms-lease-state": "available",
        "x-ms-lease-status": "unlocked",
        "x-ms-meta-Capital": "letter",
        "x-ms-meta-foo": "bar",
        "x-ms-meta-meta": "data",
        "x-ms-meta-UPPER": "case",
        "x-ms-request-id": "c13992c2-a01e-0019-07bc-8af55a000000",
        "x-ms-server-encrypted": "true",
        "x-ms-version": "2024-05-04",
        "x-ms-version-id": "2024-04-09T20:31:04.4584631Z"
      },
      "ResponseBody": null
    },
    {
      "RequestUri": "https://amandadev2.blob.core.windows.net/test-container-764d13f5-5710-7d21-2849-c8501be316bb/test-blob-c4f57e57-050e-4b7e-48cb-36f4fc384054?sv=2024-05-04\u0026se=2024-04-10T20%3A31%3A04Z\u0026sr=b\u0026sp=racwdxyltmei\u0026sig=Sanitized",
      "RequestMethod": "HEAD",
      "RequestHeaders": {
        "Accept": "application/xml",
        "traceparent": "00-86d3b4f64e49d232426d585b828d1450-1ff6792332f35ff7-00",
        "User-Agent": "azsdk-net-Storage.Blobs/12.20.0-alpha.20240408.1 (.NET 6.0.28; Microsoft Windows 10.0.22635)",
        "x-ms-client-request-id": "7c53eaf5-7e23-920a-6fbb-0b4ab77d4eae",
        "x-ms-return-client-request-id": "true",
        "x-ms-version": "2024-05-04"
      },
      "RequestBody": null,
      "StatusCode": 200,
      "ResponseHeaders": {
        "Accept-Ranges": "bytes",
        "Cache-Control": "no-cache",
        "Content-Disposition": "inline",
        "Content-Language": "en-US",
        "Content-Length": "1024",
        "Content-Type": "text/plain",
        "Date": "Tue, 09 Apr 2024 20:31:03 GMT",
        "ETag": "\u00220x8DC58D3FAB3B61E\u0022",
        "Last-Modified": "Tue, 09 Apr 2024 20:31:04 GMT",
        "Server": [
          "Windows-Azure-Blob/1.0",
          "Microsoft-HTTPAPI/2.0"
        ],
        "x-ms-blob-sequence-number": "0",
        "x-ms-blob-type": "PageBlob",
        "x-ms-client-request-id": "7c53eaf5-7e23-920a-6fbb-0b4ab77d4eae",
        "x-ms-creation-time": "Tue, 09 Apr 2024 20:31:04 GMT",
        "x-ms-is-current-version": "true",
        "x-ms-lease-state": "available",
        "x-ms-lease-status": "unlocked",
        "x-ms-meta-Capital": "letter",
        "x-ms-meta-foo": "bar",
        "x-ms-meta-meta": "data",
        "x-ms-meta-UPPER": "case",
        "x-ms-request-id": "c13992f9-a01e-0019-39bc-8af55a000000",
        "x-ms-server-encrypted": "true",
        "x-ms-version": "2024-05-04",
        "x-ms-version-id": "2024-04-09T20:31:04.6263655Z"
      },
      "ResponseBody": null
    },
    {
      "RequestUri": "https://amandadev2.blob.core.windows.net/test-container-ee04daf5-82ea-a1d0-d623-adc98e4bb5de/test-blob-9aef0395-f52c-e9d3-9465-af34b6ec084f?sv=2024-05-04\u0026se=2024-04-10T20%3A31%3A04Z\u0026sr=b\u0026sp=racwdxyltmei\u0026sig=Sanitized",
      "RequestMethod": "GET",
      "RequestHeaders": {
        "Accept": "application/xml",
        "If-Match": "\u00220x8DC58D3FA8BE8B7\u0022",
        "User-Agent": "azsdk-net-Storage.Blobs/12.20.0-alpha.20240408.1 (.NET 6.0.28; Microsoft Windows 10.0.22635)",
        "x-ms-client-request-id": "81c01e8f-60e0-d7c5-f8ee-923ba4618520",
        "x-ms-range": "bytes=0-4194303",
        "x-ms-return-client-request-id": "true",
        "x-ms-version": "2024-05-04"
      },
      "RequestBody": null,
      "StatusCode": 206,
      "ResponseHeaders": {
        "Accept-Ranges": "bytes",
        "Cache-Control": "no-cache",
        "Content-Disposition": "inline",
        "Content-Language": "en-US",
        "Content-Length": "1865",
        "Content-Range": "bytes 0-1023/1024",
        "Content-Type": "text/plain",
        "Date": "Tue, 09 Apr 2024 20:31:04 GMT",
        "ETag": "\u00220x8DC58D3FA8BE8B7\u0022",
        "Last-Modified": "Tue, 09 Apr 2024 20:31:04 GMT",
        "Server": [
          "Windows-Azure-Blob/1.0",
          "Microsoft-HTTPAPI/2.0"
        ],
        "x-ms-blob-content-md5": "T9Juc0TY9nvBST88xcA78A==",
        "x-ms-blob-type": "BlockBlob",
        "x-ms-client-request-id": "81c01e8f-60e0-d7c5-f8ee-923ba4618520",
        "x-ms-creation-time": "Tue, 09 Apr 2024 20:31:04 GMT",
        "x-ms-is-current-version": "true",
        "x-ms-lease-state": "available",
        "x-ms-lease-status": "unlocked",
        "x-ms-meta-Capital": "letter",
        "x-ms-meta-foo": "bar",
        "x-ms-meta-meta": "data",
        "x-ms-meta-UPPER": "case",
        "x-ms-request-id": "c1399325-a01e-0019-63bc-8af55a000000",
        "x-ms-server-encrypted": "true",
        "x-ms-version": "2024-05-04",
        "x-ms-version-id": "2024-04-09T20:31:04.4584631Z"
      },
      "ResponseBody": [
        "\uFFFD\uFFFD@\t\u001F\uFFFDH\uFFFD^\u0002\u0060\uFFFD\uFFFD\uFFFDM\uFFFD\uFFFD{\uFFFD\u00132oc\uFFFD4[\uFFFD\u0005\u0011\u00A9\uFFFD\u0005\u0015@j[\uFFFD\u0012\uFFFD\u002B\uFFFD\uFFFD\uFFFDbk{5\uFFFD\u0011\uFFFD#jnS\u0465\uFFFD\uFFFD\uFFFD\uFFFD\uFFFDL@\uFFFD\uFFFD\uFFFD\uFFFD\f-F\uFFFD\uFFFD\uFFFD\uFFFD\uFFFD\uFFFD4\uFFFD\u07FC\u0022\uFFFD\uFFFD\uFFFD\uFFFD\uFFFD\uFFFDn\uFFFD\uFFFD\u003C%\uFFFD\uFFFD3B\uFFFD\uFFFD\uFFFD\uFFFD)\uFFFD\uFFFD\fC{\uFFFD\uFFFD\uFFFD\uFFFDT\uFFFD\r",
        "?fMB0\r",
        "\u0005\u071Dhs|\uFFFDCE~\uFFFD\uFFFDe\uFFFD\u0003\uFFFDl4\uFFFDC\n",
        "\u0010 \uFFFD\uFFFD~\u007F\u0017l\u003C\uFFFD\u0000\uFFFD\uFFFD\uFFFD\uFFFD\uFFFDLW\uFFFD\uFFFD8A#;\u0000\uFFFD\uFFFD\n",
        "\uFFFD\uFFFD\u0018Q\uFFFD\u0003\uFFFD\uFFFD\u0014\uFFFD\uFFFD\uFFFD\uFFFD\uFFFD\b\uFFFD\uFFFD(\uFFFD/\u0003\u0007 \uFFFDa\uFFFD\uFFFD\uFFFD\uFFFDM\u53FD\r",
        "\uFFFDB\u036E\u027E\uFFFDCw\uFFFDb\uFFFD\uFFFDa8\uFFFD\uFFFD\uFFFDK\uFFFD\u0006\uFFFD\uFFFD;\uFFFD21%\uFFFD\u019De@\uFFFD\u0016\uFFFD\uFFFD\uFFFD_\uFFFDY\uFFFD\uFFFDVz\uFFFD\uFFFDp\uFFFDq\uFFFD\u000EC)\u0006\u001Bh\uFFFD\uFFFD\uFFFD\uFFFD\uFFFD\uFFFD\uFFFD\u002B\uFFFDROKr\uFFFD\uFFFDwe9F\u0014\uFFFD\uFFFD ]\uFFFD\uFFFDL\u000B\uFFFD\u0022\u0016\uFFFD\uFFFD]7:\uFFFDX\uFFFD;\uFFFD\u002B|}\uFFFD$#\uFFFD\u0022\uFFFD\uFFFD\uFFFD\uFFFD\u0007\uFFFD\u041E9\uFFFD!7\uFFFD\uFFFD\uFFFD;\uFFFDP\u0015\uFFFD^\uFFFD\f\uFFFD\n",
        "5WD\uFFFD\u05DCk\uFFFD\uFFFD\uFFFDD%\uFFFD\uFFFDwg\uFFFD\uFFFD\uFFFD\uFFFD\u00049\uFFFD\uFFFDA\uFFFD\uFFFD\u000E\u0026\uFFFD\uFFFD\uFFFD\u0060\uFFFD\u044E\uFFFD\uFFFDa/\uFFFD\uFFFD\uFFFD\uFFFD\uFFFD\u0016\uFFFD\\\uFFFD\u0022\uFFFD\u001E\u007F\b\u0006\uFFFD\u0223b\u0012\uFFFD]v%\u0010s\uFFFD\u0019\u0022\uFFFD\u0720.]\uFFFDi|\uFFFD\u000B*\uFFFDwp\u0004\u0001\uFFFDQX\uFFFD\uFFFD\uFFFD\uFFFDNgX$\uFFFD\uFFFD#Q\uFFFD:\uFFFDE!\uFFFD\u00226\uFFFD\u007F\u07187\u003EP\uFFFDq#F\u0022mjM#\uFFFD\u0007\uFFFD\uFFFDyD\uFFFDY\uFFFD\uFFFD\uFFFD=\uFFFD\uFFFD\uFFFD\uFFFD.!\u0011U\uFFFDOa\u000F\u0016l\uFFFDsK\u0000\uFFFDn\uFFFDQ\u001A\u0010,\uFFFDX\uFFFD\uFFFD\uFFFD]C\u00130\uFFFDBl\uFFFDKX\uFFFD:\uFFFD\uFFFD\uFFFD\uFFFD\r",
        "\uFFFDq\r",
        "\uFFFD\uFFFD\uFFFDP,m\uFFFD\uFFFD\u0002d\uFFFD\uFFFDg\uFFFD\u0003\uFFFD\u0003;\uFFFD0\uFFFD\r",
        "\uFFFD\u0015\uFFFDV\uFFFDt@L\uFFFD\uFFFD(t\uFFFDh\uFFFD\uFFFD\u0004E|\uFFFD\uFFFD\uFFFD=\uFFFD\u0004\uFFFD\u0003\uFFFD\u0452A/\uFFFD\\w[\uFFFD\uFFFDQ\uFFFD\uFFFD\uFFFD\uFFFD\uFFFD\u059B\u0016@7\uFFFD\uFFFD;\u001B\uFFFDv\uFFFD\uFFFD\uFFFD\uFFFD=p\uFFFD4\uFFFDE\uFFFD\u000B=g.\uFFFD*\u0019;2\uFFFD\uFFFD\uFFFD.\u0006\uC6DA\u060C\uFFFD\u0001\uFFFDS\u0018\u007FLD\u057E\uFFFD\uFFFD\uFFFD\uFFFD\uFFFD\t4\uFFFD\u0022\uFFFD~\uFFFD\u000B\uFFFDy\uFFFDP\uFFFDD[ZR1\u0060;\uFFFD\uFFFDl\uFFFD\uFFFD\uFFFD\\\uFFFD\u00003Gv\u0013\u0090\uFFFD\u0003\uFFFD\uFFFD,8\uFFFD\uFFFD\uFFFD\uFFFD\uFFFDo\uFFFDbOZ\uFFFD/\uFFFD\u0017.\uFFFD\uFFFDU\uFFFD\u0022\uFFFD\n",
        "n2U=\u0012\uFFFD\uFFFDW\uFFFDS3\u0003))\uFFFD\uFFFD\u0408\u02CC\uFFFD\u0651Fv\uFFFDb\uFFFD%{\uFFFD\n",
        "^\uFFFDCk]\uFFFD\\\u076A\uFFFD\uFFFDb\uFFFD\uFFFD\uFFFD\u0004\uFFFD\uFFFD_VNY\uFFFD\uFFFD\u000E\uFFFDgP\uFFFD1\u0005])\uFFFD\uFFFD\uFFFDb\uFFFD\u0012,\uFFFD\uFFFD\uFFFD/J\u073D^\uFFFD@\uFFFD\uFFFD\uFFFD\u00104\uFFFD\uFFFDO\uFFFD\uFFFD\uFFFD\uFFFD\uFFFD\u0005\uFFFD\uFFFDS\u001D\uFFFDKq3hm\uFFFD\uFFFDp\uFFFD\uFFFD\uFFFD\uFFFD\uFFFD\r",
        "\uFFFDu\uFFFDf8\uFFFDJ\u001A7a\u0012\uFFFD\u002B*w\uFFFDi@I\uFFFD\uFFFDbK\uFFFD\uFFFD\u0019Z\uFFFD\r",
        "I\uFFFD\uFFFD\uFFFD\uFFFD=]a\uFFFD\uFFFD\u0000\u0000W\uFFFD\u0007Z\uFFFDiFK\u0003@\uFFFD\uFFFD\uFFFD\uFFFDd*\uFFFD\uFFFD\u001E\u003C\uFFFD\r",
        "\uFFFD\uFFFD\u003E\u001Bd\uFFFD\u001A\uFFFD|[I\uFFFD.eCH\uFFFD\u0014?\t\t\uFFFD\u0022\uFFFD?\uFFFD2q\u001A\uFFFD\uFFFDAI\u000E@\u001B\uFFFD\u0005Y1\u007F\uFFFDVg\u0006Y\uFFFD\uFFFD\uFFFDm(\u007F\u0004\uFFFD\uFFFD\u001BA$\u0013\uFFFD\u0013b\uFFFD\uFFFD\uFFFD\uFFFDW\u0002,O\uFFFD\uFFFD\u000E\uFFFDE\uFFFD\uFFFD\uFFFD\uFFFD\uFFFDK\uFFFD\u002BY\uFFFD\uFFFDE)c\u0000S\uFFFDEHla\uFFFD\uFFFDRt\uFFFD\uFFFDz\uFFFD\uFFFDmpz\uFFFDJ\u0060n\u003E9\uFFFDH79\uFFFD\uFFFD-\uFFFD,\uFFFD"
      ]
    },
    {
      "RequestUri": "https://amandadev2.blob.core.windows.net/test-container-764d13f5-5710-7d21-2849-c8501be316bb/test-blob-c4f57e57-050e-4b7e-48cb-36f4fc384054?sv=2024-05-04\u0026se=2024-04-10T20%3A31%3A04Z\u0026sr=b\u0026sp=racwdxyltmei\u0026sig=Sanitized",
      "RequestMethod": "GET",
      "RequestHeaders": {
        "Accept": "application/xml",
        "If-Match": "\u00220x8DC58D3FAB3B61E\u0022",
        "User-Agent": "azsdk-net-Storage.Blobs/12.20.0-alpha.20240408.1 (.NET 6.0.28; Microsoft Windows 10.0.22635)",
        "x-ms-client-request-id": "98bb6fec-cdbc-7cce-1370-0864b83d261e",
        "x-ms-range": "bytes=0-4194303",
        "x-ms-return-client-request-id": "true",
        "x-ms-version": "2024-05-04"
      },
      "RequestBody": null,
      "StatusCode": 206,
      "ResponseHeaders": {
        "Accept-Ranges": "bytes",
        "Cache-Control": "no-cache",
        "Content-Disposition": "inline",
        "Content-Language": "en-US",
        "Content-Length": "1865",
        "Content-Range": "bytes 0-1023/1024",
        "Content-Type": "text/plain",
        "Date": "Tue, 09 Apr 2024 20:31:04 GMT",
        "ETag": "\u00220x8DC58D3FAB3B61E\u0022",
        "Last-Modified": "Tue, 09 Apr 2024 20:31:04 GMT",
        "Server": [
          "Windows-Azure-Blob/1.0",
          "Microsoft-HTTPAPI/2.0"
        ],
        "x-ms-blob-sequence-number": "0",
        "x-ms-blob-type": "PageBlob",
        "x-ms-client-request-id": "98bb6fec-cdbc-7cce-1370-0864b83d261e",
        "x-ms-creation-time": "Tue, 09 Apr 2024 20:31:04 GMT",
        "x-ms-is-current-version": "true",
        "x-ms-lease-state": "available",
        "x-ms-lease-status": "unlocked",
        "x-ms-meta-Capital": "letter",
        "x-ms-meta-foo": "bar",
        "x-ms-meta-meta": "data",
        "x-ms-meta-UPPER": "case",
        "x-ms-request-id": "c1399348-a01e-0019-06bc-8af55a000000",
        "x-ms-server-encrypted": "true",
        "x-ms-version": "2024-05-04",
        "x-ms-version-id": "2024-04-09T20:31:04.6263655Z"
      },
      "ResponseBody": [
        "\uFFFD\uFFFD@\t\u001F\uFFFDH\uFFFD^\u0002\u0060\uFFFD\uFFFD\uFFFDM\uFFFD\uFFFD{\uFFFD\u00132oc\uFFFD4[\uFFFD\u0005\u0011\u00A9\uFFFD\u0005\u0015@j[\uFFFD\u0012\uFFFD\u002B\uFFFD\uFFFD\uFFFDbk{5\uFFFD\u0011\uFFFD#jnS\u0465\uFFFD\uFFFD\uFFFD\uFFFD\uFFFDL@\uFFFD\uFFFD\uFFFD\uFFFD\f-F\uFFFD\uFFFD\uFFFD\uFFFD\uFFFD\uFFFD4\uFFFD\u07FC\u0022\uFFFD\uFFFD\uFFFD\uFFFD\uFFFD\uFFFDn\uFFFD\uFFFD\u003C%\uFFFD\uFFFD3B\uFFFD\uFFFD\uFFFD\uFFFD)\uFFFD\uFFFD\fC{\uFFFD\uFFFD\uFFFD\uFFFDT\uFFFD\r",
        "?fMB0\r",
        "\u0005\u071Dhs|\uFFFDCE~\uFFFD\uFFFDe\uFFFD\u0003\uFFFDl4\uFFFDC\n",
        "\u0010 \uFFFD\uFFFD~\u007F\u0017l\u003C\uFFFD\u0000\uFFFD\uFFFD\uFFFD\uFFFD\uFFFDLW\uFFFD\uFFFD8A#;\u0000\uFFFD\uFFFD\n",
        "\uFFFD\uFFFD\u0018Q\uFFFD\u0003\uFFFD\uFFFD\u0014\uFFFD\uFFFD\uFFFD\uFFFD\uFFFD\b\uFFFD\uFFFD(\uFFFD/\u0003\u0007 \uFFFDa\uFFFD\uFFFD\uFFFD\uFFFDM\u53FD\r",
        "\uFFFDB\u036E\u027E\uFFFDCw\uFFFDb\uFFFD\uFFFDa8\uFFFD\uFFFD\uFFFDK\uFFFD\u0006\uFFFD\uFFFD;\uFFFD21%\uFFFD\u019De@\uFFFD\u0016\uFFFD\uFFFD\uFFFD_\uFFFDY\uFFFD\uFFFDVz\uFFFD\uFFFDp\uFFFDq\uFFFD\u000EC)\u0006\u001Bh\uFFFD\uFFFD\uFFFD\uFFFD\uFFFD\uFFFD\uFFFD\u002B\uFFFDROKr\uFFFD\uFFFDwe9F\u0014\uFFFD\uFFFD ]\uFFFD\uFFFDL\u000B\uFFFD\u0022\u0016\uFFFD\uFFFD]7:\uFFFDX\uFFFD;\uFFFD\u002B|}\uFFFD$#\uFFFD\u0022\uFFFD\uFFFD\uFFFD\uFFFD\u0007\uFFFD\u041E9\uFFFD!7\uFFFD\uFFFD\uFFFD;\uFFFDP\u0015\uFFFD^\uFFFD\f\uFFFD\n",
        "5WD\uFFFD\u05DCk\uFFFD\uFFFD\uFFFDD%\uFFFD\uFFFDwg\uFFFD\uFFFD\uFFFD\uFFFD\u00049\uFFFD\uFFFDA\uFFFD\uFFFD\u000E\u0026\uFFFD\uFFFD\uFFFD\u0060\uFFFD\u044E\uFFFD\uFFFDa/\uFFFD\uFFFD\uFFFD\uFFFD\uFFFD\u0016\uFFFD\\\uFFFD\u0022\uFFFD\u001E\u007F\b\u0006\uFFFD\u0223b\u0012\uFFFD]v%\u0010s\uFFFD\u0019\u0022\uFFFD\u0720.]\uFFFDi|\uFFFD\u000B*\uFFFDwp\u0004\u0001\uFFFDQX\uFFFD\uFFFD\uFFFD\uFFFDNgX$\uFFFD\uFFFD#Q\uFFFD:\uFFFDE!\uFFFD\u00226\uFFFD\u007F\u07187\u003EP\uFFFDq#F\u0022mjM#\uFFFD\u0007\uFFFD\uFFFDyD\uFFFDY\uFFFD\uFFFD\uFFFD=\uFFFD\uFFFD\uFFFD\uFFFD.!\u0011U\uFFFDOa\u000F\u0016l\uFFFDsK\u0000\uFFFDn\uFFFDQ\u001A\u0010,\uFFFDX\uFFFD\uFFFD\uFFFD]C\u00130\uFFFDBl\uFFFDKX\uFFFD:\uFFFD\uFFFD\uFFFD\uFFFD\r",
        "\uFFFDq\r",
        "\uFFFD\uFFFD\uFFFDP,m\uFFFD\uFFFD\u0002d\uFFFD\uFFFDg\uFFFD\u0003\uFFFD\u0003;\uFFFD0\uFFFD\r",
        "\uFFFD\u0015\uFFFDV\uFFFDt@L\uFFFD\uFFFD(t\uFFFDh\uFFFD\uFFFD\u0004E|\uFFFD\uFFFD\uFFFD=\uFFFD\u0004\uFFFD\u0003\uFFFD\u0452A/\uFFFD\\w[\uFFFD\uFFFDQ\uFFFD\uFFFD\uFFFD\uFFFD\uFFFD\u059B\u0016@7\uFFFD\uFFFD;\u001B\uFFFDv\uFFFD\uFFFD\uFFFD\uFFFD=p\uFFFD4\uFFFDE\uFFFD\u000B=g.\uFFFD*\u0019;2\uFFFD\uFFFD\uFFFD.\u0006\uC6DA\u060C\uFFFD\u0001\uFFFDS\u0018\u007FLD\u057E\uFFFD\uFFFD\uFFFD\uFFFD\uFFFD\t4\uFFFD\u0022\uFFFD~\uFFFD\u000B\uFFFDy\uFFFDP\uFFFDD[ZR1\u0060;\uFFFD\uFFFDl\uFFFD\uFFFD\uFFFD\\\uFFFD\u00003Gv\u0013\u0090\uFFFD\u0003\uFFFD\uFFFD,8\uFFFD\uFFFD\uFFFD\uFFFD\uFFFDo\uFFFDbOZ\uFFFD/\uFFFD\u0017.\uFFFD\uFFFDU\uFFFD\u0022\uFFFD\n",
        "n2U=\u0012\uFFFD\uFFFDW\uFFFDS3\u0003))\uFFFD\uFFFD\u0408\u02CC\uFFFD\u0651Fv\uFFFDb\uFFFD%{\uFFFD\n",
        "^\uFFFDCk]\uFFFD\\\u076A\uFFFD\uFFFDb\uFFFD\uFFFD\uFFFD\u0004\uFFFD\uFFFD_VNY\uFFFD\uFFFD\u000E\uFFFDgP\uFFFD1\u0005])\uFFFD\uFFFD\uFFFDb\uFFFD\u0012,\uFFFD\uFFFD\uFFFD/J\u073D^\uFFFD@\uFFFD\uFFFD\uFFFD\u00104\uFFFD\uFFFDO\uFFFD\uFFFD\uFFFD\uFFFD\uFFFD\u0005\uFFFD\uFFFDS\u001D\uFFFDKq3hm\uFFFD\uFFFDp\uFFFD\uFFFD\uFFFD\uFFFD\uFFFD\r",
        "\uFFFDu\uFFFDf8\uFFFDJ\u001A7a\u0012\uFFFD\u002B*w\uFFFDi@I\uFFFD\uFFFDbK\uFFFD\uFFFD\u0019Z\uFFFD\r",
        "I\uFFFD\uFFFD\uFFFD\uFFFD=]a\uFFFD\uFFFD\u0000\u0000W\uFFFD\u0007Z\uFFFDiFK\u0003@\uFFFD\uFFFD\uFFFD\uFFFDd*\uFFFD\uFFFD\u001E\u003C\uFFFD\r",
        "\uFFFD\uFFFD\u003E\u001Bd\uFFFD\u001A\uFFFD|[I\uFFFD.eCH\uFFFD\u0014?\t\t\uFFFD\u0022\uFFFD?\uFFFD2q\u001A\uFFFD\uFFFDAI\u000E@\u001B\uFFFD\u0005Y1\u007F\uFFFDVg\u0006Y\uFFFD\uFFFD\uFFFDm(\u007F\u0004\uFFFD\uFFFD\u001BA$\u0013\uFFFD\u0013b\uFFFD\uFFFD\uFFFD\uFFFDW\u0002,O\uFFFD\uFFFD\u000E\uFFFDE\uFFFD\uFFFD\uFFFD\uFFFD\uFFFDK\uFFFD\u002BY\uFFFD\uFFFDE)c\u0000S\uFFFDEHla\uFFFD\uFFFDRt\uFFFD\uFFFDz\uFFFD\uFFFDmpz\uFFFDJ\u0060n\u003E9\uFFFDH79\uFFFD\uFFFD-\uFFFD,\uFFFD"
      ]
    },
    {
      "RequestUri": "https://amandadev2.blob.core.windows.net/test-container-764d13f5-5710-7d21-2849-c8501be316bb?restype=container",
      "RequestMethod": "DELETE",
      "RequestHeaders": {
        "Accept": "application/xml",
        "Authorization": "Sanitized",
        "traceparent": "00-9ccc14259d5d2ca601c91a4bf39b1199-dddef9a6425b174f-00",
        "User-Agent": "azsdk-net-Storage.Blobs/12.20.0-alpha.20240408.1 (.NET 6.0.28; Microsoft Windows 10.0.22635)",
        "x-ms-client-request-id": "354e3bb4-eda5-6663-0090-b243d4d7f234",
        "x-ms-date": "Tue, 09 Apr 2024 20:31:04 GMT",
        "x-ms-return-client-request-id": "true",
        "x-ms-version": "2024-05-04"
      },
      "RequestBody": null,
      "StatusCode": 202,
      "ResponseHeaders": {
        "Content-Length": "0",
        "Date": "Tue, 09 Apr 2024 20:31:04 GMT",
        "Server": [
          "Windows-Azure-Blob/1.0",
          "Microsoft-HTTPAPI/2.0"
        ],
        "x-ms-client-request-id": "354e3bb4-eda5-6663-0090-b243d4d7f234",
        "x-ms-request-id": "c1399369-a01e-0019-24bc-8af55a000000",
        "x-ms-version": "2024-05-04"
      },
      "ResponseBody": null
    },
    {
      "RequestUri": "https://amandadev2.blob.core.windows.net/test-container-ee04daf5-82ea-a1d0-d623-adc98e4bb5de?restype=container",
      "RequestMethod": "DELETE",
      "RequestHeaders": {
        "Accept": "application/xml",
        "Authorization": "Sanitized",
        "traceparent": "00-f8e9b7a1d72a795ea9dcd28ca08b10a0-3d7bcb1da65bf1ec-00",
        "User-Agent": "azsdk-net-Storage.Blobs/12.20.0-alpha.20240408.1 (.NET 6.0.28; Microsoft Windows 10.0.22635)",
        "x-ms-client-request-id": "7db0d725-f1ee-4078-6ea9-897b56a5de0b",
        "x-ms-date": "Tue, 09 Apr 2024 20:31:04 GMT",
        "x-ms-return-client-request-id": "true",
        "x-ms-version": "2024-05-04"
      },
      "RequestBody": null,
      "StatusCode": 202,
      "ResponseHeaders": {
        "Content-Length": "0",
        "Date": "Tue, 09 Apr 2024 20:31:04 GMT",
        "Server": [
          "Windows-Azure-Blob/1.0",
          "Microsoft-HTTPAPI/2.0"
        ],
        "x-ms-client-request-id": "7db0d725-f1ee-4078-6ea9-897b56a5de0b",
        "x-ms-request-id": "c1399394-a01e-0019-4dbc-8af55a000000",
        "x-ms-version": "2024-05-04"
      },
      "ResponseBody": null
    }
  ],
  "Variables": {
    "DateTimeOffsetNow": "2024-04-09T13:31:04.0157041-07:00",
    "RandomSeed": "51848145",
    "Storage_TestConfigDefault": "ProductionTenant\namandadev2\nU2FuaXRpemVk\nhttps://amandadev2.blob.core.windows.net\nhttps://amandadev2.file.core.windows.net\nhttps://amandadev2.queue.core.windows.net\nhttps://amandadev2.table.core.windows.net\n\n\n\n\nhttps://amandadev2-secondary.blob.core.windows.net\nhttps://amandadev2-secondary.file.core.windows.net\nhttps://amandadev2-secondary.queue.core.windows.net\nhttps://amandadev2-secondary.table.core.windows.net\n\nSanitized\n\n\nCloud\nBlobEndpoint=https://amandadev2.blob.core.windows.net/;QueueEndpoint=https://amandadev2.queue.core.windows.net/;FileEndpoint=https://amandadev2.file.core.windows.net/;BlobSecondaryEndpoint=https://amandadev2-secondary.blob.core.windows.net/;QueueSecondaryEndpoint=https://amandadev2-secondary.queue.core.windows.net/;FileSecondaryEndpoint=https://amandadev2-secondary.file.core.windows.net/;AccountName=amandadev2;AccountKey=Sanitized\nencryptionScope\n\n"
  }
}
