{
  "Entries": [
    {
      "RequestUri": "https://management.azure.com/subscriptions/da1d7b9a-a759-41c8-bb73-093a1818e03a/resourceGroups/DataFactory-RG-8348/providers/Microsoft.DataFactory/factories/DataFactory-8f3ac448-cc2b-385d-9e59-920e45a91645-8760?api-version=2018-06-01",
      "RequestMethod": "PUT",
      "RequestHeaders": {
        "Accept": "application/json",
        "Authorization": "Sanitized",
        "Content-Length": "48",
        "Content-Type": "application/json",
        "traceparent": "00-a1e5337f0e8fa4b5b38c8e8193c4ced1-538bd9559c422f55-00",
        "User-Agent": "azsdk-net-ResourceManager.DataFactory/1.0.0-alpha.20231106.1 (.NET 6.0.24; Microsoft Windows 10.0.22621)",
        "x-ms-client-request-id": "61e1572cb132488e5b98c4545e96e05b",
        "x-ms-return-client-request-id": "true"
      },
      "RequestBody": {
        "tags": {},
        "location": "westus2",
        "properties": {}
      },
      "StatusCode": 200,
      "ResponseHeaders": {
        "Cache-Control": "no-cache",
        "Content-Length": "540",
        "Content-Type": "application/json; charset=utf-8",
        "Date": "Tue, 07 Nov 2023 05:07:49 GMT",
        "Expires": "-1",
        "Pragma": "no-cache",
        "Strict-Transport-Security": "max-age=31536000; includeSubDomains",
        "X-Cache": "CONFIG_NOCACHE",
        "X-Content-Type-Options": "nosniff",
        "x-ms-correlation-request-id": "b24b0d8d-9983-401f-97b9-93a55665f63e",
        "x-ms-ratelimit-remaining-subscription-writes": "1197",
        "x-ms-request-id": "b24b0d8d-9983-401f-97b9-93a55665f63e",
        "x-ms-routing-request-id": "JAPANEAST:20231107T050750Z:b24b0d8d-9983-401f-97b9-93a55665f63e",
        "X-MSEdge-Ref": "Ref A: 1681D9C4DB52457598C9899FCF5F0826 Ref B: TYO201100116031 Ref C: 2023-11-07T05:07:47Z"
      },
      "ResponseBody": {
        "name": "DataFactory-8f3ac448-cc2b-385d-9e59-920e45a91645-8760",
        "id": "/subscriptions/da1d7b9a-a759-41c8-bb73-093a1818e03a/resourceGroups/datafactory-rg-8348/providers/Microsoft.DataFactory/factories/datafactory-8f3ac448-cc2b-385d-9e59-920e45a91645-8760",
        "type": "Microsoft.DataFactory/factories",
        "properties": {
          "provisioningState": "Succeeded",
          "createTime": "2023-11-07T05:07:49.8054614Z",
          "version": "2018-06-01"
        },
        "eTag": "\u0022f2018913-0000-0800-0000-6549c6250000\u0022",
        "location": "westus2",
        "tags": {}
      }
    },
    {
      "RequestUri": "https://management.azure.com/subscriptions/da1d7b9a-a759-41c8-bb73-093a1818e03a/resourceGroups/datafactory-rg-8348/providers/Microsoft.DataFactory/factories/datafactory-8f3ac448-cc2b-385d-9e59-920e45a91645-8760/linkedservices/LinkedService4859?api-version=2018-06-01",
      "RequestMethod": "PUT",
      "RequestHeaders": {
        "Accept": "application/json",
        "Authorization": "Sanitized",
        "Content-Length": "92",
        "Content-Type": "application/json",
        "traceparent": "00-03fa36426b6e69e5447e23dd0bc55e18-b891071707727f51-00",
        "User-Agent": "azsdk-net-ResourceManager.DataFactory/1.0.0-alpha.20231106.1 (.NET 6.0.24; Microsoft Windows 10.0.22621)",
        "x-ms-client-request-id": "1e80b875c241ee0361875f1c020df214",
        "x-ms-return-client-request-id": "true"
      },
      "RequestBody": {
        "properties": {
          "type": "AzureBlobStorage",
          "typeProperties": {
            "connectionString": "Sanitized"
          }
        }
      },
      "StatusCode": 200,
      "ResponseHeaders": {
        "Cache-Control": "no-cache",
        "Content-Length": "444",
        "Content-Type": "application/json; charset=utf-8",
        "Date": "Tue, 07 Nov 2023 05:07:49 GMT",
        "Expires": "-1",
        "Pragma": "no-cache",
        "Strict-Transport-Security": "max-age=31536000; includeSubDomains",
        "X-Cache": "CONFIG_NOCACHE",
        "X-Content-Type-Options": "nosniff",
        "x-ms-correlation-request-id": "23fe35d4-427b-4c81-9dcc-39b45e03c392",
        "x-ms-ratelimit-remaining-subscription-writes": "1193",
        "x-ms-request-id": "23fe35d4-427b-4c81-9dcc-39b45e03c392",
        "x-ms-routing-request-id": "JAPANEAST:20231107T050750Z:23fe35d4-427b-4c81-9dcc-39b45e03c392",
        "X-MSEdge-Ref": "Ref A: 1191DC81C4D946F6A91A9EE60A209B48 Ref B: TYO201100116031 Ref C: 2023-11-07T05:07:50Z"
      },
      "ResponseBody": {
        "id": "/subscriptions/da1d7b9a-a759-41c8-bb73-093a1818e03a/resourceGroups/datafactory-rg-8348/providers/Microsoft.DataFactory/factories/datafactory-8f3ac448-cc2b-385d-9e59-920e45a91645-8760/linkedservices/LinkedService4859",
        "name": "LinkedService4859",
        "type": "Microsoft.DataFactory/factories/linkedservices",
        "properties": {
          "type": "AzureBlobStorage",
          "typeProperties": {
            "connectionString": "Sanitized"
          }
        },
        "etag": "3f0027fb-0000-0800-0000-6549c6260000"
      }
    },
    {
      "RequestUri": "https://management.azure.com/subscriptions/da1d7b9a-a759-41c8-bb73-093a1818e03a/resourceGroups/datafactory-rg-8348/providers/Microsoft.DataFactory/factories/datafactory-8f3ac448-cc2b-385d-9e59-920e45a91645-8760/datasets/dataset4672?api-version=2018-06-01",
      "RequestMethod": "PUT",
      "RequestHeaders": {
        "Accept": "application/json",
        "Authorization": "Sanitized",
        "Content-Length": "118",
        "Content-Type": "application/json",
        "traceparent": "00-ee2c1465f63064778f274343f68f797b-f9eeb1ac8514e5d4-00",
        "User-Agent": "azsdk-net-ResourceManager.DataFactory/1.0.0-alpha.20231106.1 (.NET 6.0.24; Microsoft Windows 10.0.22621)",
        "x-ms-client-request-id": "ef551ddf3f10b7d98364183aff6b6681",
        "x-ms-return-client-request-id": "true"
      },
      "RequestBody": {
        "properties": {
          "type": null,
          "linkedServiceName": {
            "type": "LinkedServiceReference",
            "referenceName": "LinkedService4859"
          }
        }
      },
      "StatusCode": 200,
      "ResponseHeaders": {
        "Cache-Control": "no-cache",
        "Content-Length": "503",
        "Content-Type": "application/json; charset=utf-8",
        "Date": "Tue, 07 Nov 2023 05:07:50 GMT",
        "Expires": "-1",
        "Pragma": "no-cache",
        "Strict-Transport-Security": "max-age=31536000; includeSubDomains",
        "X-Cache": "CONFIG_NOCACHE",
        "X-Content-Type-Options": "nosniff",
        "x-ms-correlation-request-id": "3d7c085d-25b0-4523-81b7-b2a7b3370aeb",
        "x-ms-ratelimit-remaining-subscription-writes": "1191",
        "x-ms-request-id": "3d7c085d-25b0-4523-81b7-b2a7b3370aeb",
        "x-ms-routing-request-id": "JAPANEAST:20231107T050750Z:3d7c085d-25b0-4523-81b7-b2a7b3370aeb",
        "X-MSEdge-Ref": "Ref A: 7AD6389436F44BBD9B520C6EB8D28635 Ref B: TYO201100116031 Ref C: 2023-11-07T05:07:50Z"
      },
      "ResponseBody": {
        "id": "/subscriptions/da1d7b9a-a759-41c8-bb73-093a1818e03a/resourceGroups/datafactory-rg-8348/providers/Microsoft.DataFactory/factories/datafactory-8f3ac448-cc2b-385d-9e59-920e45a91645-8760/datasets/dataset4672",
        "name": "dataset4672",
        "type": "Microsoft.DataFactory/factories/datasets",
        "properties": {
          "type": null,
          "linkedServiceName": {
            "type": "LinkedServiceReference",
            "referenceName": "LinkedService4859"
          }
        },
        "etag": "3f002bfb-0000-0800-0000-6549c6260000"
      }
    }
  ],
  "Variables": {
    "AZURE_AUTHORITY_HOST": null,
    "RandomSeed": "1784080384",
    "RESOURCE_MANAGER_URL": null,
    "SUBSCRIPTION_ID": "da1d7b9a-a759-41c8-bb73-093a1818e03a"
  }
}
