{
  "Entries": [
    {
      "RequestUri": "https://management.azure.com/subscriptions/da1d7b9a-a759-41c8-bb73-093a1818e03a/resourceGroups/DataFactory-RG-7814/providers/Microsoft.DataFactory/factories/DataFactory-c67a6545-271f-3b7f-8bc6-db04fe6d0ffb-1963?api-version=2018-06-01",
      "RequestMethod": "PUT",
      "RequestHeaders": {
        "Accept": "application/json",
        "Authorization": "Sanitized",
        "Content-Length": "48",
        "Content-Type": "application/json",
        "traceparent": "00-480837990849d714176bb3e7af0de44a-9d4b47fbd53a65a9-00",
        "User-Agent": "azsdk-net-ResourceManager.DataFactory/1.0.0-alpha.20231106.1 (.NET 6.0.24; Microsoft Windows 10.0.22621)",
        "x-ms-client-request-id": "d55e5a344b8ad983604d9c1b888a2aa9",
        "x-ms-return-client-request-id": "true"
      },
      "RequestBody": {
        "tags": {},
        "location": "westus2",
        "properties": {}
      },
      "StatusCode": 200,
      "ResponseHeaders": {
        "Cache-Control": "no-cache",
        "Content-Length": "540",
        "Content-Type": "application/json; charset=utf-8",
        "Date": "Tue, 07 Nov 2023 05:05:06 GMT",
        "Expires": "-1",
        "Pragma": "no-cache",
        "Strict-Transport-Security": "max-age=31536000; includeSubDomains",
        "X-Cache": "CONFIG_NOCACHE",
        "X-Content-Type-Options": "nosniff",
        "x-ms-correlation-request-id": "c3eaee18-745c-4186-bd79-9531c8eda020",
        "x-ms-ratelimit-remaining-subscription-writes": "1189",
        "x-ms-request-id": "c3eaee18-745c-4186-bd79-9531c8eda020",
        "x-ms-routing-request-id": "JAPANEAST:20231107T050507Z:c3eaee18-745c-4186-bd79-9531c8eda020",
        "X-MSEdge-Ref": "Ref A: 1CE3F85D4F2E42B09D0D28F981EAE9A6 Ref B: TYO201100116031 Ref C: 2023-11-07T05:05:04Z"
      },
      "ResponseBody": {
        "name": "DataFactory-c67a6545-271f-3b7f-8bc6-db04fe6d0ffb-1963",
        "id": "/subscriptions/da1d7b9a-a759-41c8-bb73-093a1818e03a/resourceGroups/datafactory-rg-7814/providers/Microsoft.DataFactory/factories/datafactory-c67a6545-271f-3b7f-8bc6-db04fe6d0ffb-1963",
        "type": "Microsoft.DataFactory/factories",
        "properties": {
          "provisioningState": "Succeeded",
          "createTime": "2023-11-07T05:05:07.1623031Z",
          "version": "2018-06-01"
        },
        "eTag": "\u0022f2011f02-0000-0800-0000-6549c5830000\u0022",
        "location": "westus2",
        "tags": {}
      }
    },
    {
      "RequestUri": "https://management.azure.com/subscriptions/da1d7b9a-a759-41c8-bb73-093a1818e03a/resourceGroups/datafactory-rg-7814/providers/Microsoft.DataFactory/factories/datafactory-c67a6545-271f-3b7f-8bc6-db04fe6d0ffb-1963/linkedservices/LinkedService9587?api-version=2018-06-01",
      "RequestMethod": "PUT",
      "RequestHeaders": {
        "Accept": "application/json",
        "Authorization": "Sanitized",
        "Content-Length": "92",
        "Content-Type": "application/json",
        "traceparent": "00-159b2b54789cdc93023c7a88371c5fa6-6e895e44f9aafa05-00",
        "User-Agent": "azsdk-net-ResourceManager.DataFactory/1.0.0-alpha.20231106.1 (.NET 6.0.24; Microsoft Windows 10.0.22621)",
        "x-ms-client-request-id": "c1d05a63fa64e8f7ab587849dc78def0",
        "x-ms-return-client-request-id": "true"
      },
      "RequestBody": {
        "properties": {
          "type": "AzureBlobStorage",
          "typeProperties": {
            "connectionString": "Sanitized"
          }
        }
      },
      "StatusCode": 200,
      "ResponseHeaders": {
        "Cache-Control": "no-cache",
        "Content-Length": "444",
        "Content-Type": "application/json; charset=utf-8",
        "Date": "Tue, 07 Nov 2023 05:05:07 GMT",
        "Expires": "-1",
        "Pragma": "no-cache",
        "Strict-Transport-Security": "max-age=31536000; includeSubDomains",
        "X-Cache": "CONFIG_NOCACHE",
        "X-Content-Type-Options": "nosniff",
        "x-ms-correlation-request-id": "cbbc6fd4-175e-4ed1-9eb9-0e2633cad8bc",
        "x-ms-ratelimit-remaining-subscription-writes": "1187",
        "x-ms-request-id": "cbbc6fd4-175e-4ed1-9eb9-0e2633cad8bc",
        "x-ms-routing-request-id": "JAPANEAST:20231107T050508Z:cbbc6fd4-175e-4ed1-9eb9-0e2633cad8bc",
        "X-MSEdge-Ref": "Ref A: 1AF91D5158754AA481E8E5DBB8281D35 Ref B: TYO201100116031 Ref C: 2023-11-07T05:05:07Z"
      },
      "ResponseBody": {
        "id": "/subscriptions/da1d7b9a-a759-41c8-bb73-093a1818e03a/resourceGroups/datafactory-rg-7814/providers/Microsoft.DataFactory/factories/datafactory-c67a6545-271f-3b7f-8bc6-db04fe6d0ffb-1963/linkedservices/LinkedService9587",
        "name": "LinkedService9587",
        "type": "Microsoft.DataFactory/factories/linkedservices",
        "properties": {
          "type": "AzureBlobStorage",
          "typeProperties": {
            "connectionString": "Sanitized"
          }
        },
        "etag": "200070ad-0000-0800-0000-6549c5840000"
      }
    },
    {
      "RequestUri": "https://management.azure.com/subscriptions/da1d7b9a-a759-41c8-bb73-093a1818e03a/resourceGroups/datafactory-rg-7814/providers/Microsoft.DataFactory/factories/datafactory-c67a6545-271f-3b7f-8bc6-db04fe6d0ffb-1963/linkedservices/linkedSerivce-8555?api-version=2018-06-01",
      "RequestMethod": "PUT",
      "RequestHeaders": {
        "Accept": "application/json",
        "Authorization": "Sanitized",
        "Content-Length": "289",
        "Content-Type": "application/json",
        "traceparent": "00-49972d676b0b83b016a1748655f88baf-a375dd71bd191ca7-00",
        "User-Agent": "azsdk-net-ResourceManager.DataFactory/1.0.0-alpha.20231106.1 (.NET 6.0.24; Microsoft Windows 10.0.22621)",
        "x-ms-client-request-id": "5556dc69356bf5cb781506be18efc7a2",
        "x-ms-return-client-request-id": "true"
      },
      "RequestBody": {
        "properties": {
          "type": "Square",
          "typeProperties": {
            "host": "mystore.mysquare.com",
            "clientId": "clientIdFake",
            "clientSecret": {
              "value": "some secret",
              "type": "SecureString"
            },
            "redirectUri": "http://localhost:2500",
            "useEncryptedEndpoints": true,
            "useHostVerification": true,
            "usePeerVerification": true
          }
        }
      },
      "StatusCode": 200,
      "ResponseHeaders": {
        "Cache-Control": "no-cache",
        "Content-Length": "976",
        "Content-Type": "application/json; charset=utf-8",
        "Date": "Tue, 07 Nov 2023 05:05:08 GMT",
        "Expires": "-1",
        "Pragma": "no-cache",
        "Strict-Transport-Security": "max-age=31536000; includeSubDomains",
        "X-Cache": "CONFIG_NOCACHE",
        "X-Content-Type-Options": "nosniff",
        "x-ms-correlation-request-id": "a19bd3cb-df0e-4ba6-abdb-4aced630d3b3",
        "x-ms-ratelimit-remaining-subscription-writes": "1187",
        "x-ms-request-id": "a19bd3cb-df0e-4ba6-abdb-4aced630d3b3",
        "x-ms-routing-request-id": "JAPANEAST:20231107T050509Z:a19bd3cb-df0e-4ba6-abdb-4aced630d3b3",
        "X-MSEdge-Ref": "Ref A: 23E38C9DF18E41EF8DADBE6D5D16BA1A Ref B: TYO201100116031 Ref C: 2023-11-07T05:05:08Z"
      },
      "ResponseBody": {
        "id": "/subscriptions/da1d7b9a-a759-41c8-bb73-093a1818e03a/resourceGroups/datafactory-rg-7814/providers/Microsoft.DataFactory/factories/datafactory-c67a6545-271f-3b7f-8bc6-db04fe6d0ffb-1963/linkedservices/linkedSerivce-8555",
        "name": "linkedSerivce-8555",
        "type": "Microsoft.DataFactory/factories/linkedservices",
        "properties": {
          "type": "Square",
          "typeProperties": {
            "host": "mystore.mysquare.com",
            "clientId": "clientIdFake",
            "redirectUri": "http://localhost:2500",
            "useEncryptedEndpoints": true,
            "useHostVerification": true,
            "usePeerVerification": true,
            "encryptedCredential": "ew0KICAiVmVyc2lvbiI6ICIyMDE3LTExLTMwIiwNCiAgIlByb3RlY3Rpb25Nb2RlIjogIktleSIsDQogICJTZWNyZXRDb250ZW50VHlwZSI6ICJQbGFpbnRleHQiLA0KICAiQ3JlZGVudGlhbElkIjogIkRBVEFGQUNUT1JZQDI2OTdFMUNELTQ3RTMtNDJCMS05RTUyLTAxOTZENzA2QkIwQV9mOTRiZWY0Ny0xNTZmLTQyMGMtOTAyMC04MmZkZTdmOTcyYjAiDQp9"
          }
        },
        "etag": "200072ad-0000-0800-0000-6549c5850000"
      }
    },
    {
      "RequestUri": "https://management.azure.com/subscriptions/da1d7b9a-a759-41c8-bb73-093a1818e03a/resourceGroups/datafactory-rg-7814/providers/Microsoft.DataFactory/factories/datafactory-c67a6545-271f-3b7f-8bc6-db04fe6d0ffb-1963/datasets/dataset9080?api-version=2018-06-01",
      "RequestMethod": "PUT",
      "RequestHeaders": {
        "Accept": "application/json",
        "Authorization": "Sanitized",
        "Content-Length": "149",
        "Content-Type": "application/json",
        "traceparent": "00-ed5c27908dadcd81a4c23d17d149f082-b06ad82bb4c0110a-00",
        "User-Agent": "azsdk-net-ResourceManager.DataFactory/1.0.0-alpha.20231106.1 (.NET 6.0.24; Microsoft Windows 10.0.22621)",
        "x-ms-client-request-id": "d374968c60cfec67def30a9083d4be2a",
        "x-ms-return-client-request-id": "true"
      },
      "RequestBody": {
        "properties": {
          "type": "SquareObject",
          "linkedServiceName": {
            "type": "LinkedServiceReference",
            "referenceName": "linkedSerivce-8555"
          },
          "typeProperties": {}
        }
      },
      "StatusCode": 200,
      "ResponseHeaders": {
        "Cache-Control": "no-cache",
        "Content-Length": "540",
        "Content-Type": "application/json; charset=utf-8",
        "Date": "Tue, 07 Nov 2023 05:05:08 GMT",
        "Expires": "-1",
        "Pragma": "no-cache",
        "Strict-Transport-Security": "max-age=31536000; includeSubDomains",
        "X-Cache": "CONFIG_NOCACHE",
        "X-Content-Type-Options": "nosniff",
        "x-ms-correlation-request-id": "aba54f29-6f5b-48c8-9e57-73ba380509de",
        "x-ms-ratelimit-remaining-subscription-writes": "1193",
        "x-ms-request-id": "aba54f29-6f5b-48c8-9e57-73ba380509de",
        "x-ms-routing-request-id": "JAPANEAST:20231107T050509Z:aba54f29-6f5b-48c8-9e57-73ba380509de",
        "X-MSEdge-Ref": "Ref A: 19F5583486F148AC8158164B103EF56B Ref B: TYO201100116031 Ref C: 2023-11-07T05:05:09Z"
      },
      "ResponseBody": {
        "id": "/subscriptions/da1d7b9a-a759-41c8-bb73-093a1818e03a/resourceGroups/datafactory-rg-7814/providers/Microsoft.DataFactory/factories/datafactory-c67a6545-271f-3b7f-8bc6-db04fe6d0ffb-1963/datasets/dataset9080",
        "name": "dataset9080",
        "type": "Microsoft.DataFactory/factories/datasets",
        "properties": {
          "type": "SquareObject",
          "linkedServiceName": {
            "type": "LinkedServiceReference",
            "referenceName": "linkedSerivce-8555"
          },
          "typeProperties": {}
        },
        "etag": "200074ad-0000-0800-0000-6549c5850000"
      }
    }
  ],
  "Variables": {
    "AZURE_AUTHORITY_HOST": null,
    "RandomSeed": "733575451",
    "RESOURCE_MANAGER_URL": null,
    "SUBSCRIPTION_ID": "da1d7b9a-a759-41c8-bb73-093a1818e03a"
  }
}
