{
  "Entries": [
    {
      "RequestUri": "https://REDACTED/sip?api-version=2023-03-01",
      "RequestMethod": "GET",
      "RequestHeaders": {
        "Accept": "application/json",
        "Authorization": "Sanitized",
        "Content-Length": "0",
        "User-Agent": "azsdk-java-azure-communication-phonenumbers/1.2.0-beta.2 (20.0.1; Windows 11; 10.0)",
        "x-ms-client-request-id": "3a445be6-710c-421e-9051-b5db84be50d4",
        "x-ms-content-sha256": "47DEQpj8HBSa\u002B/TImW\u002B5JCeuQeRkm5NMpJWZG3hSuFU=",
        "x-ms-date": "Mon, 11 Mar 2024 22:32:40 GMT",
        "x-ms-hmac-string-to-sign-base64": "R0VUCi9zaXA/YXBpLXZlcnNpb249MjAyMy0wMy0wMQpNb24sIDExIE1hciAyMDI0IDIyOjMyOjQwIEdNVDtzbXN0ZXN0YXBwLnVuaXRlZHN0YXRlcy5jb21tdW5pY2F0aW9uLmF6dXJlLmNvbTs0N0RFUXBqOEhCU2ErL1RJbVcrNUpDZXVRZVJrbTVOTXBKV1pHM2hTdUZVPQ=="
      },
      "RequestBody": null,
      "StatusCode": 200,
      "ResponseHeaders": {
        "api-supported-versions": "2023-03-01, 2023-04-01-preview",
        "Content-Length": "525",
        "Content-Type": "application/json; charset=utf-8",
        "Date": "Mon, 11 Mar 2024 22:32:40 GMT",
        "MS-CV": "6gQ8kr924EWtiSJXCTbh6w.0",
        "Strict-Transport-Security": "max-age=31536000;includeSubDomains",
        "X-Azure-Ref": "0iYbvZQAAAAA8BaD\u002B9ZBWS7ELNQcoE1NlV1NURURHRTAxMTgAOWZjN2I1MTktYThjYy00Zjg5LTkzNWUtYzkxNDhhZTA5ZTgx",
        "X-Cache": "CONFIG_NOCACHE",
        "X-Processing-Time": "99ms"
      },
      "ResponseBody": {
        "trunks": {
          "second-b60ac9ed1fb844af82c8dfe84703d5d7.testdomain.testdomain.com": {
            "sipSignalingPort": 2345
          },
          "first-658d6215bbfa4d5f889b02d5ec104dea.testdomain.testdomain.com": {
            "sipSignalingPort": 1234
          },
          "third-5efb68e9a16240bb9080d101a81f7487.testdomain.testdomain.com": {
            "sipSignalingPort": 3456
          }
        },
        "routes": [
          {
            "description": "desc0",
            "name": "route0",
            "numberPattern": "0.*",
            "trunks": []
          },
          {
            "description": "desc1",
            "name": "route1",
            "numberPattern": "1.*",
            "trunks": []
          },
          {
            "description": "desc2",
            "name": "route2",
            "numberPattern": "2.*",
            "trunks": []
          }
        ]
      }
    },
    {
      "RequestUri": "https://REDACTED/sip?api-version=2023-03-01",
      "RequestMethod": "PATCH",
      "RequestHeaders": {
        "Accept": "application/json",
        "Authorization": "Sanitized",
        "Content-Length": "229",
        "Content-Type": "application/merge-patch\u002Bjson",
        "User-Agent": "azsdk-java-azure-communication-phonenumbers/1.2.0-beta.2 (20.0.1; Windows 11; 10.0)",
        "x-ms-client-request-id": "b8e82a0e-80a4-44e7-b307-c81bf96e1875",
        "x-ms-content-sha256": "ZF9V4azvk9L5B7ZmcsdrqZ/hYh2VLpFPzG7LOvFV\u002B28=",
        "x-ms-date": "Mon, 11 Mar 2024 22:32:40 GMT",
        "x-ms-hmac-string-to-sign-base64": "UEFUQ0gKL3NpcD9hcGktdmVyc2lvbj0yMDIzLTAzLTAxCk1vbiwgMTEgTWFyIDIwMjQgMjI6MzI6NDAgR01UO3Ntc3Rlc3RhcHAudW5pdGVkc3RhdGVzLmNvbW11bmljYXRpb24uYXp1cmUuY29tO1pGOVY0YXp2azlMNUI3Wm1jc2RycVovaFloMlZMcEZQekc3TE92RlYrMjg9"
      },
      "RequestBody": {
        "trunks": {
          "second-b60ac9ed1fb844af82c8dfe84703d5d7.testdomain.testdomain.com": null,
          "first-658d6215bbfa4d5f889b02d5ec104dea.testdomain.testdomain.com": null,
          "third-5efb68e9a16240bb9080d101a81f7487.testdomain.testdomain.com": null
        }
      },
      "StatusCode": 200,
      "ResponseHeaders": {
        "api-supported-versions": "2023-03-01, 2023-04-01-preview",
        "Content-Length": "246",
        "Content-Type": "application/json; charset=utf-8",
        "Date": "Mon, 11 Mar 2024 22:32:40 GMT",
        "MS-CV": "tkil5QyrQ0SOLZulkMCZNg.0",
        "Strict-Transport-Security": "max-age=31536000;includeSubDomains",
        "X-Azure-Ref": "0iYbvZQAAAAAkne2\u002Bo2rLT5UH6eRR0PWEV1NURURHRTAxMTgAOWZjN2I1MTktYThjYy00Zjg5LTkzNWUtYzkxNDhhZTA5ZTgx",
        "X-Cache": "CONFIG_NOCACHE",
        "X-Processing-Time": "169ms"
      },
      "ResponseBody": {
        "trunks": {},
        "routes": [
          {
            "description": "desc0",
            "name": "route0",
            "numberPattern": "0.*",
            "trunks": []
          },
          {
            "description": "desc1",
            "name": "route1",
            "numberPattern": "1.*",
            "trunks": []
          },
          {
            "description": "desc2",
            "name": "route2",
            "numberPattern": "2.*",
            "trunks": []
          }
        ]
      }
    },
    {
      "RequestUri": "https://REDACTED/sip?api-version=2023-03-01",
      "RequestMethod": "GET",
      "RequestHeaders": {
        "Accept": "application/json",
        "Authorization": "Sanitized",
        "Content-Length": "0",
        "User-Agent": "azsdk-java-azure-communication-phonenumbers/1.2.0-beta.2 (20.0.1; Windows 11; 10.0)",
        "x-ms-client-request-id": "01cf9a91-c468-4245-9367-6483ddbe97ce",
        "x-ms-content-sha256": "47DEQpj8HBSa\u002B/TImW\u002B5JCeuQeRkm5NMpJWZG3hSuFU=",
        "x-ms-date": "Mon, 11 Mar 2024 22:32:40 GMT",
        "x-ms-hmac-string-to-sign-base64": "R0VUCi9zaXA/YXBpLXZlcnNpb249MjAyMy0wMy0wMQpNb24sIDExIE1hciAyMDI0IDIyOjMyOjQwIEdNVDtzbXN0ZXN0YXBwLnVuaXRlZHN0YXRlcy5jb21tdW5pY2F0aW9uLmF6dXJlLmNvbTs0N0RFUXBqOEhCU2ErL1RJbVcrNUpDZXVRZVJrbTVOTXBKV1pHM2hTdUZVPQ=="
      },
      "RequestBody": null,
      "StatusCode": 200,
      "ResponseHeaders": {
        "api-supported-versions": "2023-03-01, 2023-04-01-preview",
        "Content-Length": "246",
        "Content-Type": "application/json; charset=utf-8",
        "Date": "Mon, 11 Mar 2024 22:32:40 GMT",
        "MS-CV": "aaweHn5250ybJP3rmlO6vg.0",
        "Strict-Transport-Security": "max-age=31536000;includeSubDomains",
        "X-Azure-Ref": "0iYbvZQAAAAAUwRFZNSwDRKCyEWmJlWtjV1NURURHRTAxMTgAOWZjN2I1MTktYThjYy00Zjg5LTkzNWUtYzkxNDhhZTA5ZTgx",
        "X-Cache": "CONFIG_NOCACHE",
        "X-Processing-Time": "108ms"
      },
      "ResponseBody": {
        "trunks": {},
        "routes": [
          {
            "description": "desc0",
            "name": "route0",
            "numberPattern": "0.*",
            "trunks": []
          },
          {
            "description": "desc1",
            "name": "route1",
            "numberPattern": "1.*",
            "trunks": []
          },
          {
            "description": "desc2",
            "name": "route2",
            "numberPattern": "2.*",
            "trunks": []
          }
        ]
      }
    },
    {
      "RequestUri": "https://REDACTED/sip?api-version=2023-03-01",
      "RequestMethod": "GET",
      "RequestHeaders": {
        "Accept": "application/json",
        "Authorization": "Sanitized",
        "Content-Length": "0",
        "User-Agent": "azsdk-java-azure-communication-phonenumbers/1.2.0-beta.2 (20.0.1; Windows 11; 10.0)",
        "x-ms-client-request-id": "04c03858-482d-499a-b523-20a5e9aff46d",
        "x-ms-content-sha256": "47DEQpj8HBSa\u002B/TImW\u002B5JCeuQeRkm5NMpJWZG3hSuFU=",
        "x-ms-date": "Mon, 11 Mar 2024 22:32:40 GMT",
        "x-ms-hmac-string-to-sign-base64": "R0VUCi9zaXA/YXBpLXZlcnNpb249MjAyMy0wMy0wMQpNb24sIDExIE1hciAyMDI0IDIyOjMyOjQwIEdNVDtzbXN0ZXN0YXBwLnVuaXRlZHN0YXRlcy5jb21tdW5pY2F0aW9uLmF6dXJlLmNvbTs0N0RFUXBqOEhCU2ErL1RJbVcrNUpDZXVRZVJrbTVOTXBKV1pHM2hTdUZVPQ=="
      },
      "RequestBody": null,
      "StatusCode": 200,
      "ResponseHeaders": {
        "api-supported-versions": "2023-03-01, 2023-04-01-preview",
        "Content-Length": "246",
        "Content-Type": "application/json; charset=utf-8",
        "Date": "Mon, 11 Mar 2024 22:32:41 GMT",
        "MS-CV": "ceR4KKbufkajfdIkt6\u002BbTA.0",
        "Strict-Transport-Security": "max-age=31536000;includeSubDomains",
        "X-Azure-Ref": "0iYbvZQAAAAD6wMTmpzI\u002BQL5N0ZDFtoekV1NURURHRTAxMTgAOWZjN2I1MTktYThjYy00Zjg5LTkzNWUtYzkxNDhhZTA5ZTgx",
        "X-Cache": "CONFIG_NOCACHE",
        "X-Processing-Time": "131ms"
      },
      "ResponseBody": {
        "trunks": {},
        "routes": [
          {
            "description": "desc0",
            "name": "route0",
            "numberPattern": "0.*",
            "trunks": []
          },
          {
            "description": "desc1",
            "name": "route1",
            "numberPattern": "1.*",
            "trunks": []
          },
          {
            "description": "desc2",
            "name": "route2",
            "numberPattern": "2.*",
            "trunks": []
          }
        ]
      }
    },
    {
      "RequestUri": "https://REDACTED/sip?api-version=2023-03-01",
      "RequestMethod": "PATCH",
      "RequestHeaders": {
        "Accept": "application/json",
        "Authorization": "Sanitized",
        "Content-Length": "292",
        "Content-Type": "application/merge-patch\u002Bjson",
        "User-Agent": "azsdk-java-azure-communication-phonenumbers/1.2.0-beta.2 (20.0.1; Windows 11; 10.0)",
        "x-ms-client-request-id": "23ec16b2-4ac1-4e76-b5e1-1b210624a0aa",
        "x-ms-content-sha256": "JqylQ3R5tfYNnm19I5yetgayHMXmOxeoaNzB4e2hcOg=",
        "x-ms-date": "Mon, 11 Mar 2024 22:32:41 GMT",
        "x-ms-hmac-string-to-sign-base64": "UEFUQ0gKL3NpcD9hcGktdmVyc2lvbj0yMDIzLTAzLTAxCk1vbiwgMTEgTWFyIDIwMjQgMjI6MzI6NDEgR01UO3Ntc3Rlc3RhcHAudW5pdGVkc3RhdGVzLmNvbW11bmljYXRpb24uYXp1cmUuY29tO0pxeWxRM1I1dGZZTm5tMTlJNXlldGdheUhNWG1PeGVvYU56QjRlMmhjT2c9"
      },
      "RequestBody": {
        "trunks": {
          "second-b60ac9ed1fb844af82c8dfe84703d5d7.testdomain.testdomain.com": {
            "sipSignalingPort": 2345
          },
          "first-658d6215bbfa4d5f889b02d5ec104dea.testdomain.testdomain.com": {
            "sipSignalingPort": 1234
          },
          "third-5efb68e9a16240bb9080d101a81f7487.testdomain.testdomain.com": {
            "sipSignalingPort": 3456
          }
        }
      },
      "StatusCode": 200,
      "ResponseHeaders": {
        "api-supported-versions": "2023-03-01, 2023-04-01-preview",
        "Content-Length": "525",
        "Content-Type": "application/json; charset=utf-8",
        "Date": "Mon, 11 Mar 2024 22:32:42 GMT",
        "MS-CV": "OPxWptIuOkOa\u002BUzYFVs8yQ.0",
        "Strict-Transport-Security": "max-age=31536000;includeSubDomains",
        "X-Azure-Ref": "0iYbvZQAAAAA/jwTMW7WCTqJESVc77y/EV1NURURHRTAxMTgAOWZjN2I1MTktYThjYy00Zjg5LTkzNWUtYzkxNDhhZTA5ZTgx",
        "X-Cache": "CONFIG_NOCACHE",
        "X-Processing-Time": "1203ms"
      },
      "ResponseBody": {
        "trunks": {
          "second-b60ac9ed1fb844af82c8dfe84703d5d7.testdomain.testdomain.com": {
            "sipSignalingPort": 2345
          },
          "first-658d6215bbfa4d5f889b02d5ec104dea.testdomain.testdomain.com": {
            "sipSignalingPort": 1234
          },
          "third-5efb68e9a16240bb9080d101a81f7487.testdomain.testdomain.com": {
            "sipSignalingPort": 3456
          }
        },
        "routes": [
          {
            "description": "desc0",
            "name": "route0",
            "numberPattern": "0.*",
            "trunks": []
          },
          {
            "description": "desc1",
            "name": "route1",
            "numberPattern": "1.*",
            "trunks": []
          },
          {
            "description": "desc2",
            "name": "route2",
            "numberPattern": "2.*",
            "trunks": []
          }
        ]
      }
    },
    {
      "RequestUri": "https://REDACTED/sip?api-version=2023-03-01",
      "RequestMethod": "GET",
      "RequestHeaders": {
        "Accept": "application/json",
        "Authorization": "Sanitized",
        "Content-Length": "0",
        "User-Agent": "azsdk-java-azure-communication-phonenumbers/1.2.0-beta.2 (20.0.1; Windows 11; 10.0)",
        "x-ms-client-request-id": "c611e989-6b8c-4efa-8f57-205f7f97ffee",
        "x-ms-content-sha256": "47DEQpj8HBSa\u002B/TImW\u002B5JCeuQeRkm5NMpJWZG3hSuFU=",
        "x-ms-date": "Mon, 11 Mar 2024 22:32:42 GMT",
        "x-ms-hmac-string-to-sign-base64": "R0VUCi9zaXA/YXBpLXZlcnNpb249MjAyMy0wMy0wMQpNb24sIDExIE1hciAyMDI0IDIyOjMyOjQyIEdNVDtzbXN0ZXN0YXBwLnVuaXRlZHN0YXRlcy5jb21tdW5pY2F0aW9uLmF6dXJlLmNvbTs0N0RFUXBqOEhCU2ErL1RJbVcrNUpDZXVRZVJrbTVOTXBKV1pHM2hTdUZVPQ=="
      },
      "RequestBody": null,
      "StatusCode": 200,
      "ResponseHeaders": {
        "api-supported-versions": "2023-03-01, 2023-04-01-preview",
        "Content-Length": "525",
        "Content-Type": "application/json; charset=utf-8",
        "Date": "Mon, 11 Mar 2024 22:32:42 GMT",
        "MS-CV": "frb6xYuIXkqq4EKyRLTNug.0",
        "Strict-Transport-Security": "max-age=31536000;includeSubDomains",
        "X-Azure-Ref": "0i4bvZQAAAAC/swIpL37qQKcs2LU3QoWiV1NURURHRTAxMTgAOWZjN2I1MTktYThjYy00Zjg5LTkzNWUtYzkxNDhhZTA5ZTgx",
        "X-Cache": "CONFIG_NOCACHE",
        "X-Processing-Time": "112ms"
      },
      "ResponseBody": {
        "trunks": {
          "second-b60ac9ed1fb844af82c8dfe84703d5d7.testdomain.testdomain.com": {
            "sipSignalingPort": 2345
          },
          "first-658d6215bbfa4d5f889b02d5ec104dea.testdomain.testdomain.com": {
            "sipSignalingPort": 1234
          },
          "third-5efb68e9a16240bb9080d101a81f7487.testdomain.testdomain.com": {
            "sipSignalingPort": 3456
          }
        },
        "routes": [
          {
            "description": "desc0",
            "name": "route0",
            "numberPattern": "0.*",
            "trunks": []
          },
          {
            "description": "desc1",
            "name": "route1",
            "numberPattern": "1.*",
            "trunks": []
          },
          {
            "description": "desc2",
            "name": "route2",
            "numberPattern": "2.*",
            "trunks": []
          }
        ]
      }
    }
  ],
  "Variables": {}
}
