{
  "Entries": [
    {
      "RequestUri": "https://REDACTED/sip?api-version=2023-03-01",
      "RequestMethod": "PATCH",
      "RequestHeaders": {
        "Accept": "application/json",
        "Authorization": "Sanitized",
        "Content-Length": "266",
        "Content-Type": "application/merge-patch\u002Bjson",
        "User-Agent": "azsdk-java-null/null (17.0.5; Windows 11; 10.0)",
        "x-ms-client-request-id": "115011f3-04b4-44fb-bb29-c3fd49e56c99",
        "x-ms-content-sha256": "1TEEJX5w1hUucaYGQTde3PxPJREw2B92\u002BfnSizrG/2E=",
        "x-ms-date": "Tue, 24 Oct 2023 16:50:29 GMT",
        "x-ms-hmac-string-to-sign-base64": "UEFUQ0gKL3NpcD9hcGktdmVyc2lvbj0yMDIzLTAzLTAxClR1ZSwgMjQgT2N0IDIwMjMgMTY6NTA6MjkgR01UO3Rlc3QtcGV0cnN2aWhsaWsucHBlLmNvbW11bmljYXRpb24uYXp1cmUubmV0OzFURUVKWDV3MWhVdWNhWUdRVGRlM1B4UEpSRXcyQjkyK2ZuU2l6ckcvMkU9"
      },
      "RequestBody": {
        "routes": [
          {
            "description": "des90",
            "name": "route10",
            "numberPattern": "9.*"
          },
          {
            "description": "desc91",
            "name": "route0",
            "numberPattern": "8.*"
          },
          {
            "description": "desc92",
            "name": "route21",
            "numberPattern": "7.*"
          },
          {
            "description": "desc44",
            "name": "route24",
            "numberPattern": "4.*"
          }
        ]
      },
      "StatusCode": 200,
      "ResponseHeaders": {
        "api-supported-versions": "2023-03-01, 2023-04-01-preview",
        "Content-Length": "326",
        "Content-Type": "application/json; charset=utf-8",
        "Date": "Tue, 24 Oct 2023 16:50:30 GMT",
        "MS-CV": "fGsIJhQJbUWtNxH5temd7Q.0",
        "Strict-Transport-Security": "max-age=2592000",
        "X-Azure-Ref": "01vU3ZQAAAAD32y9zywRKR4j8seZWJHq6U04xRURHRTMxMTEAZjA5YTRjMTMtMjFmMS00OGVjLTljZjctNjY1NDU2ODRiNjQy",
        "X-Cache": "CONFIG_NOCACHE",
        "X-Processing-Time": "297ms"
      },
      "ResponseBody": {
        "trunks": {},
        "routes": [
          {
            "description": "des90",
            "name": "route10",
            "numberPattern": "9.*",
            "trunks": []
          },
          {
            "description": "desc91",
            "name": "route0",
            "numberPattern": "8.*",
            "trunks": []
          },
          {
            "description": "desc92",
            "name": "route21",
            "numberPattern": "7.*",
            "trunks": []
          },
          {
            "description": "desc44",
            "name": "route24",
            "numberPattern": "4.*",
            "trunks": []
          }
        ]
      }
    },
    {
      "RequestUri": "https://REDACTED/sip?api-version=2023-03-01",
      "RequestMethod": "GET",
      "RequestHeaders": {
        "Accept": "application/json",
        "Authorization": "Sanitized",
        "Content-Length": "0",
        "User-Agent": "azsdk-java-null/null (17.0.5; Windows 11; 10.0)",
        "x-ms-client-request-id": "c9a6c253-849d-430b-8059-32e6acc68aad",
        "x-ms-content-sha256": "47DEQpj8HBSa\u002B/TImW\u002B5JCeuQeRkm5NMpJWZG3hSuFU=",
        "x-ms-date": "Tue, 24 Oct 2023 16:50:30 GMT",
        "x-ms-hmac-string-to-sign-base64": "R0VUCi9zaXA/YXBpLXZlcnNpb249MjAyMy0wMy0wMQpUdWUsIDI0IE9jdCAyMDIzIDE2OjUwOjMwIEdNVDt0ZXN0LXBldHJzdmlobGlrLnBwZS5jb21tdW5pY2F0aW9uLmF6dXJlLm5ldDs0N0RFUXBqOEhCU2ErL1RJbVcrNUpDZXVRZVJrbTVOTXBKV1pHM2hTdUZVPQ=="
      },
      "RequestBody": null,
      "StatusCode": 200,
      "ResponseHeaders": {
        "api-supported-versions": "2023-03-01, 2023-04-01-preview",
        "Content-Length": "326",
        "Content-Type": "application/json; charset=utf-8",
        "Date": "Tue, 24 Oct 2023 16:50:30 GMT",
        "MS-CV": "cPrFpRw\u002ByUSA3vZjCDxkHg.0",
        "Strict-Transport-Security": "max-age=2592000",
        "X-Azure-Ref": "01vU3ZQAAAACqK6J1yBwrSLoXgxLIkhf9U04xRURHRTMxMTEAZjA5YTRjMTMtMjFmMS00OGVjLTljZjctNjY1NDU2ODRiNjQy",
        "X-Cache": "CONFIG_NOCACHE",
        "X-Processing-Time": "195ms"
      },
      "ResponseBody": {
        "trunks": {},
        "routes": [
          {
            "description": "des90",
            "name": "route10",
            "numberPattern": "9.*",
            "trunks": []
          },
          {
            "description": "desc91",
            "name": "route0",
            "numberPattern": "8.*",
            "trunks": []
          },
          {
            "description": "desc92",
            "name": "route21",
            "numberPattern": "7.*",
            "trunks": []
          },
          {
            "description": "desc44",
            "name": "route24",
            "numberPattern": "4.*",
            "trunks": []
          }
        ]
      }
    },
    {
      "RequestUri": "https://REDACTED/sip?api-version=2023-03-01",
      "RequestMethod": "PATCH",
      "RequestHeaders": {
        "Accept": "application/json",
        "Authorization": "Sanitized",
        "Content-Length": "198",
        "Content-Type": "application/merge-patch\u002Bjson",
        "User-Agent": "azsdk-java-null/null (17.0.5; Windows 11; 10.0)",
        "x-ms-client-request-id": "eb2de40b-29a2-49a4-b3a7-abccbfb6984e",
        "x-ms-content-sha256": "B\u002BMXSMan4f2EvJeQbDiGkIZQmQEScup/eENPTcnP/eg=",
        "x-ms-date": "Tue, 24 Oct 2023 16:50:30 GMT",
        "x-ms-hmac-string-to-sign-base64": "UEFUQ0gKL3NpcD9hcGktdmVyc2lvbj0yMDIzLTAzLTAxClR1ZSwgMjQgT2N0IDIwMjMgMTY6NTA6MzAgR01UO3Rlc3QtcGV0cnN2aWhsaWsucHBlLmNvbW11bmljYXRpb24uYXp1cmUubmV0O0IrTVhTTWFuNGYyRXZKZVFiRGlHa0laUW1RRVNjdXAvZUVOUFRjblAvZWc9"
      },
      "RequestBody": {
        "routes": [
          {
            "description": "desc0",
            "name": "route0",
            "numberPattern": "0.*"
          },
          {
            "description": "desc1",
            "name": "route1",
            "numberPattern": "1.*"
          },
          {
            "description": "desc2",
            "name": "route2",
            "numberPattern": "2.*"
          }
        ]
      },
      "StatusCode": 200,
      "ResponseHeaders": {
        "api-supported-versions": "2023-03-01, 2023-04-01-preview",
        "Content-Length": "246",
        "Content-Type": "application/json; charset=utf-8",
        "Date": "Tue, 24 Oct 2023 16:50:30 GMT",
        "MS-CV": "20zqMKNMe0\u002BxixOF5FPDuQ.0",
        "Strict-Transport-Security": "max-age=2592000",
        "X-Azure-Ref": "01/U3ZQAAAAAx0iYNbFBnSLAZ4GxJhh\u002B5U04xRURHRTMxMTEAZjA5YTRjMTMtMjFmMS00OGVjLTljZjctNjY1NDU2ODRiNjQy",
        "X-Cache": "CONFIG_NOCACHE",
        "X-Processing-Time": "319ms"
      },
      "ResponseBody": {
        "trunks": {},
        "routes": [
          {
            "description": "desc0",
            "name": "route0",
            "numberPattern": "0.*",
            "trunks": []
          },
          {
            "description": "desc1",
            "name": "route1",
            "numberPattern": "1.*",
            "trunks": []
          },
          {
            "description": "desc2",
            "name": "route2",
            "numberPattern": "2.*",
            "trunks": []
          }
        ]
      }
    },
    {
      "RequestUri": "https://REDACTED/sip?api-version=2023-03-01",
      "RequestMethod": "GET",
      "RequestHeaders": {
        "Accept": "application/json",
        "Authorization": "Sanitized",
        "Content-Length": "0",
        "User-Agent": "azsdk-java-null/null (17.0.5; Windows 11; 10.0)",
        "x-ms-client-request-id": "dcc38f2a-ce8a-4e66-955c-583ce6cfa53e",
        "x-ms-content-sha256": "47DEQpj8HBSa\u002B/TImW\u002B5JCeuQeRkm5NMpJWZG3hSuFU=",
        "x-ms-date": "Tue, 24 Oct 2023 16:50:30 GMT",
        "x-ms-hmac-string-to-sign-base64": "R0VUCi9zaXA/YXBpLXZlcnNpb249MjAyMy0wMy0wMQpUdWUsIDI0IE9jdCAyMDIzIDE2OjUwOjMwIEdNVDt0ZXN0LXBldHJzdmlobGlrLnBwZS5jb21tdW5pY2F0aW9uLmF6dXJlLm5ldDs0N0RFUXBqOEhCU2ErL1RJbVcrNUpDZXVRZVJrbTVOTXBKV1pHM2hTdUZVPQ=="
      },
      "RequestBody": null,
      "StatusCode": 200,
      "ResponseHeaders": {
        "api-supported-versions": "2023-03-01, 2023-04-01-preview",
        "Content-Length": "246",
        "Content-Type": "application/json; charset=utf-8",
        "Date": "Tue, 24 Oct 2023 16:50:30 GMT",
        "MS-CV": "bBBB9wwUsE\u002BqRcsx7Dw8vw.0",
        "Strict-Transport-Security": "max-age=2592000",
        "X-Azure-Ref": "01/U3ZQAAAACkl8Ux5LyzR5ETANT29WbsU04xRURHRTMxMTEAZjA5YTRjMTMtMjFmMS00OGVjLTljZjctNjY1NDU2ODRiNjQy",
        "X-Cache": "CONFIG_NOCACHE",
        "X-Processing-Time": "190ms"
      },
      "ResponseBody": {
        "trunks": {},
        "routes": [
          {
            "description": "desc0",
            "name": "route0",
            "numberPattern": "0.*",
            "trunks": []
          },
          {
            "description": "desc1",
            "name": "route1",
            "numberPattern": "1.*",
            "trunks": []
          },
          {
            "description": "desc2",
            "name": "route2",
            "numberPattern": "2.*",
            "trunks": []
          }
        ]
      }
    }
  ],
  "Variables": {}
}
