{
  "Entries": [
    {
      "RequestUri": "https://REDACTED/sip?api-version=2023-03-01",
      "RequestMethod": "PATCH",
      "RequestHeaders": {
        "Accept": "application/json",
        "Authorization": "Sanitized",
        "Content-Length": "71",
        "Content-Type": "application/merge-patch\u002Bjson",
        "User-Agent": "azsdk-java-azure-communication-phonenumbers/1.2.0-beta.1 (11.0.21; Windows 11; 10.0)",
        "x-ms-client-request-id": "f18ea7e3-5ad2-415e-b32f-fd4a9a781d24",
        "x-ms-content-sha256": "dBrIscGIWawCcaCvaT7soZdURebCh5qyFBe\u002BMc5qwW4=",
        "x-ms-date": "Tue, 30 Jan 2024 01:01:05 GMT",
        "x-ms-hmac-string-to-sign-base64": "UEFUQ0gKL3NpcD9hcGktdmVyc2lvbj0yMDIzLTAzLTAxClR1ZSwgMzAgSmFuIDIwMjQgMDE6MDE6MDUgR01UO2phbm5vdmFrLnVuaXRlZHN0YXRlcy5jb21tdW5pY2F0aW9uLmF6dXJlLmNvbTtkQnJJc2NHSVdhd0NjYUN2YVQ3c29aZFVSZWJDaDVxeUZCZStNYzVxd1c0PQ==",
        "x-ms-useragent": "acs-test"
      },
      "RequestBody": {
        "trunks": {
          "delete.redacted.testdomain.com": {
            "sipSignalingPort": 5678
          }
        }
      },
      "StatusCode": 200,
      "ResponseHeaders": {
        "api-supported-versions": "2023-03-01, 2023-04-01-preview",
        "Content-Length": "314",
        "Content-Type": "application/json; charset=utf-8",
        "Date": "Tue, 30 Jan 2024 01:01:06 GMT",
        "MS-CV": "qD2kgwM9Bk6rBbTA9hJZ6g.0",
        "Strict-Transport-Security": "max-age=2592000",
        "X-Azure-Ref": "0Ukq4ZQAAAAArecYl7KAQR76cMmuKDuhnQU1TMDRFREdFMTgxNQA5ZmM3YjUxOS1hOGNjLTRmODktOTM1ZS1jOTE0OGFlMDllODE=",
        "X-Cache": "CONFIG_NOCACHE",
        "X-Processing-Time": "487ms"
      },
      "ResponseBody": {
        "trunks": {
          "first.redacted.testdomain.com": {
            "sipSignalingPort": 1234
          },
          "third.redacted.testdomain.com": {
            "sipSignalingPort": 3456
          },
          "second.redacted.testdomain.com": {
            "sipSignalingPort": 2345
          },
          "set.redacted.testdomain.com": {
            "sipSignalingPort": 4567
          },
          "delete.redacted.testdomain.com": {
            "sipSignalingPort": 5678
          }
        },
        "routes": []
      }
    },
    {
      "RequestUri": "https://REDACTED/sip?api-version=2023-03-01",
      "RequestMethod": "GET",
      "RequestHeaders": {
        "Accept": "application/json",
        "Authorization": "Sanitized",
        "Content-Length": "0",
        "User-Agent": "azsdk-java-azure-communication-phonenumbers/1.2.0-beta.1 (11.0.21; Windows 11; 10.0)",
        "x-ms-client-request-id": "ed998aa0-76bb-4705-be6a-18c088193917",
        "x-ms-content-sha256": "47DEQpj8HBSa\u002B/TImW\u002B5JCeuQeRkm5NMpJWZG3hSuFU=",
        "x-ms-date": "Tue, 30 Jan 2024 01:01:06 GMT",
        "x-ms-hmac-string-to-sign-base64": "R0VUCi9zaXA/YXBpLXZlcnNpb249MjAyMy0wMy0wMQpUdWUsIDMwIEphbiAyMDI0IDAxOjAxOjA2IEdNVDtqYW5ub3Zhay51bml0ZWRzdGF0ZXMuY29tbXVuaWNhdGlvbi5henVyZS5jb207NDdERVFwajhIQlNhKy9USW1XKzVKQ2V1UWVSa201Tk1wSldaRzNoU3VGVT0=",
        "x-ms-useragent": "acs-test"
      },
      "RequestBody": null,
      "StatusCode": 200,
      "ResponseHeaders": {
        "api-supported-versions": "2023-03-01, 2023-04-01-preview",
        "Content-Length": "314",
        "Content-Type": "application/json; charset=utf-8",
        "Date": "Tue, 30 Jan 2024 01:01:06 GMT",
        "MS-CV": "Q8pep1iW90y5rfpoF8EJJw.0",
        "Strict-Transport-Security": "max-age=2592000",
        "X-Azure-Ref": "0U0q4ZQAAAAAxNQstOqhJSpVpSIOtl7ecQU1TMDRFREdFMTgxNQA5ZmM3YjUxOS1hOGNjLTRmODktOTM1ZS1jOTE0OGFlMDllODE=",
        "X-Cache": "CONFIG_NOCACHE",
        "X-Processing-Time": "207ms"
      },
      "ResponseBody": {
        "trunks": {
          "first.redacted.testdomain.com": {
            "sipSignalingPort": 1234
          },
          "third.redacted.testdomain.com": {
            "sipSignalingPort": 3456
          },
          "second.redacted.testdomain.com": {
            "sipSignalingPort": 2345
          },
          "set.redacted.testdomain.com": {
            "sipSignalingPort": 4567
          },
          "delete.redacted.testdomain.com": {
            "sipSignalingPort": 5678
          }
        },
        "routes": []
      }
    },
    {
      "RequestUri": "https://REDACTED/sip?api-version=2023-03-01",
      "RequestMethod": "GET",
      "RequestHeaders": {
        "Accept": "application/json",
        "Authorization": "Sanitized",
        "Content-Length": "0",
        "User-Agent": "azsdk-java-azure-communication-phonenumbers/1.2.0-beta.1 (11.0.21; Windows 11; 10.0)",
        "x-ms-client-request-id": "9cab3b57-1337-43bd-8cd7-153e5a42ffbd",
        "x-ms-content-sha256": "47DEQpj8HBSa\u002B/TImW\u002B5JCeuQeRkm5NMpJWZG3hSuFU=",
        "x-ms-date": "Tue, 30 Jan 2024 01:01:06 GMT",
        "x-ms-hmac-string-to-sign-base64": "R0VUCi9zaXA/YXBpLXZlcnNpb249MjAyMy0wMy0wMQpUdWUsIDMwIEphbiAyMDI0IDAxOjAxOjA2IEdNVDtqYW5ub3Zhay51bml0ZWRzdGF0ZXMuY29tbXVuaWNhdGlvbi5henVyZS5jb207NDdERVFwajhIQlNhKy9USW1XKzVKQ2V1UWVSa201Tk1wSldaRzNoU3VGVT0=",
        "x-ms-useragent": "acs-test"
      },
      "RequestBody": null,
      "StatusCode": 200,
      "ResponseHeaders": {
        "api-supported-versions": "2023-03-01, 2023-04-01-preview",
        "Content-Length": "314",
        "Content-Type": "application/json; charset=utf-8",
        "Date": "Tue, 30 Jan 2024 01:01:07 GMT",
        "MS-CV": "p46Urr4ApkWuWiR512NlnQ.0",
        "Strict-Transport-Security": "max-age=2592000",
        "X-Azure-Ref": "0U0q4ZQAAAACCPFQ\u002BfDceTaKDY0Mfd/FuQU1TMDRFREdFMTgxNQA5ZmM3YjUxOS1hOGNjLTRmODktOTM1ZS1jOTE0OGFlMDllODE=",
        "X-Cache": "CONFIG_NOCACHE",
        "X-Processing-Time": "192ms"
      },
      "ResponseBody": {
        "trunks": {
          "first.redacted.testdomain.com": {
            "sipSignalingPort": 1234
          },
          "third.redacted.testdomain.com": {
            "sipSignalingPort": 3456
          },
          "second.redacted.testdomain.com": {
            "sipSignalingPort": 2345
          },
          "set.redacted.testdomain.com": {
            "sipSignalingPort": 4567
          },
          "delete.redacted.testdomain.com": {
            "sipSignalingPort": 5678
          }
        },
        "routes": []
      }
    },
    {
      "RequestUri": "https://REDACTED/sip?api-version=2023-03-01",
      "RequestMethod": "PATCH",
      "RequestHeaders": {
        "Accept": "application/json",
        "Authorization": "Sanitized",
        "Content-Length": "50",
        "Content-Type": "application/merge-patch\u002Bjson",
        "User-Agent": "azsdk-java-azure-communication-phonenumbers/1.2.0-beta.1 (11.0.21; Windows 11; 10.0)",
        "x-ms-client-request-id": "70f5b1da-5f95-4308-8511-26706a972c00",
        "x-ms-content-sha256": "9GoIwyjdcGCDkenhasQuC/gppTPmO82SYnv6Z31MhB4=",
        "x-ms-date": "Tue, 30 Jan 2024 01:01:06 GMT",
        "x-ms-hmac-string-to-sign-base64": "UEFUQ0gKL3NpcD9hcGktdmVyc2lvbj0yMDIzLTAzLTAxClR1ZSwgMzAgSmFuIDIwMjQgMDE6MDE6MDYgR01UO2phbm5vdmFrLnVuaXRlZHN0YXRlcy5jb21tdW5pY2F0aW9uLmF6dXJlLmNvbTs5R29Jd3lqZGNHQ0RrZW5oYXNRdUMvZ3BwVFBtTzgyU1ludjZaMzFNaEI0PQ==",
        "x-ms-useragent": "acs-test"
      },
      "RequestBody": {
        "trunks": {
          "delete.redacted.testdomain.com": null
        }
      },
      "StatusCode": 200,
      "ResponseHeaders": {
        "api-supported-versions": "2023-03-01, 2023-04-01-preview",
        "Content-Length": "255",
        "Content-Type": "application/json; charset=utf-8",
        "Date": "Tue, 30 Jan 2024 01:01:07 GMT",
        "MS-CV": "USpU/h5LLEyqpcd2aQEwwA.0",
        "Strict-Transport-Security": "max-age=2592000",
        "X-Azure-Ref": "0U0q4ZQAAAABEqhy4STOwTZwTVDEaMMqyQU1TMDRFREdFMTgxNQA5ZmM3YjUxOS1hOGNjLTRmODktOTM1ZS1jOTE0OGFlMDllODE=",
        "X-Cache": "CONFIG_NOCACHE",
        "X-Processing-Time": "347ms"
      },
      "ResponseBody": {
        "trunks": {
          "first.redacted.testdomain.com": {
            "sipSignalingPort": 1234
          },
          "third.redacted.testdomain.com": {
            "sipSignalingPort": 3456
          },
          "second.redacted.testdomain.com": {
            "sipSignalingPort": 2345
          },
          "set.redacted.testdomain.com": {
            "sipSignalingPort": 4567
          }
        },
        "routes": []
      }
    },
    {
      "RequestUri": "https://REDACTED/sip?api-version=2023-03-01",
      "RequestMethod": "GET",
      "RequestHeaders": {
        "Accept": "application/json",
        "Authorization": "Sanitized",
        "Content-Length": "0",
        "User-Agent": "azsdk-java-azure-communication-phonenumbers/1.2.0-beta.1 (11.0.21; Windows 11; 10.0)",
        "x-ms-client-request-id": "60acd4f4-cc8f-4dc9-9b38-8162a88532d3",
        "x-ms-content-sha256": "47DEQpj8HBSa\u002B/TImW\u002B5JCeuQeRkm5NMpJWZG3hSuFU=",
        "x-ms-date": "Tue, 30 Jan 2024 01:01:06 GMT",
        "x-ms-hmac-string-to-sign-base64": "R0VUCi9zaXA/YXBpLXZlcnNpb249MjAyMy0wMy0wMQpUdWUsIDMwIEphbiAyMDI0IDAxOjAxOjA2IEdNVDtqYW5ub3Zhay51bml0ZWRzdGF0ZXMuY29tbXVuaWNhdGlvbi5henVyZS5jb207NDdERVFwajhIQlNhKy9USW1XKzVKQ2V1UWVSa201Tk1wSldaRzNoU3VGVT0=",
        "x-ms-useragent": "acs-test"
      },
      "RequestBody": null,
      "StatusCode": 200,
      "ResponseHeaders": {
        "api-supported-versions": "2023-03-01, 2023-04-01-preview",
        "Content-Length": "255",
        "Content-Type": "application/json; charset=utf-8",
        "Date": "Tue, 30 Jan 2024 01:01:07 GMT",
        "MS-CV": "g5B4YTRk00yy24FRR7o\u002Bkw.0",
        "Strict-Transport-Security": "max-age=2592000",
        "X-Azure-Ref": "0U0q4ZQAAAAACenu6u/1jSY1FSUoi0fa6QU1TMDRFREdFMTgxNQA5ZmM3YjUxOS1hOGNjLTRmODktOTM1ZS1jOTE0OGFlMDllODE=",
        "X-Cache": "CONFIG_NOCACHE",
        "X-Processing-Time": "191ms"
      },
      "ResponseBody": {
        "trunks": {
          "first.redacted.testdomain.com": {
            "sipSignalingPort": 1234
          },
          "third.redacted.testdomain.com": {
            "sipSignalingPort": 3456
          },
          "second.redacted.testdomain.com": {
            "sipSignalingPort": 2345
          },
          "set.redacted.testdomain.com": {
            "sipSignalingPort": 4567
          }
        },
        "routes": []
      }
    }
  ],
  "Variables": {}
}
