{
  "Entries": [
    {
      "RequestUri": "https://REDACTED/sip?api-version=2023-03-01",
      "RequestMethod": "GET",
      "RequestHeaders": {
        "Accept": "application/json",
        "Authorization": "Sanitized",
        "Content-Length": "0",
        "User-Agent": "azsdk-java-azure-communication-phonenumbers/1.2.0 (20.0.1; Windows 11; 10.0)",
        "x-ms-client-request-id": "8c23ac42-0335-43b4-8463-d15ef72e7731"
      },
      "RequestBody": null,
      "StatusCode": 200,
      "ResponseHeaders": {
        "api-supported-versions": "2023-03-01, 2023-04-01-preview",
        "Content-Length": "525",
        "Content-Type": "application/json; charset=utf-8",
        "Date": "Thu, 08 Feb 2024 23:02:52 GMT",
        "MS-CV": "fAQP6ZyVdEe\u002BBhhUOxmzmg.0",
        "Strict-Transport-Security": "max-age=2592000",
        "X-Azure-Ref": "0nF3FZQAAAADhXQLefTCtSJv6YePhS4SoV1NURURHRTAxMDgAOWZjN2I1MTktYThjYy00Zjg5LTkzNWUtYzkxNDhhZTA5ZTgx",
        "X-Cache": "CONFIG_NOCACHE",
        "X-Processing-Time": "166ms"
      },
      "ResponseBody": {
        "trunks": {
          "third-6c232cd083ed46129bad18fed1e3b425.testdomain.testdomain.com": {
            "sipSignalingPort": 3456
          },
          "second-47d16a8bad014e019a5e7317251b9150.testdomain.testdomain.com": {
            "sipSignalingPort": 2345
          },
          "first-2558c22ab2cd40efa449dcc137c138bd.testdomain.testdomain.com": {
            "sipSignalingPort": 1234
          }
        },
        "routes": [
          {
            "description": "desc0",
            "name": "route0",
            "numberPattern": "0.*",
            "trunks": []
          },
          {
            "description": "desc1",
            "name": "route1",
            "numberPattern": "1.*",
            "trunks": []
          },
          {
            "description": "desc2",
            "name": "route2",
            "numberPattern": "2.*",
            "trunks": []
          }
        ]
      }
    },
    {
      "RequestUri": "https://REDACTED/sip?api-version=2023-03-01",
      "RequestMethod": "PATCH",
      "RequestHeaders": {
        "Accept": "application/json",
        "Authorization": "Sanitized",
        "Content-Length": "383",
        "Content-Type": "application/merge-patch\u002Bjson",
        "User-Agent": "azsdk-java-azure-communication-phonenumbers/1.2.0 (20.0.1; Windows 11; 10.0)",
        "x-ms-client-request-id": "53b421bd-e0c7-4b5b-a639-a05eab01680e"
      },
      "RequestBody": {
        "trunks": {
          "second-47d16a8bad014e019a5e7317251b9150.testdomain.testdomain.com": {
            "sipSignalingPort": 2345
          },
          "set-5173a81aa4d34ce1893f5814a9135f66.testdomain.testdomain.com": {
            "sipSignalingPort": 4567
          },
          "third-6c232cd083ed46129bad18fed1e3b425.testdomain.testdomain.com": {
            "sipSignalingPort": 3456
          },
          "first-2558c22ab2cd40efa449dcc137c138bd.testdomain.testdomain.com": {
            "sipSignalingPort": 1234
          }
        }
      },
      "StatusCode": 200,
      "ResponseHeaders": {
        "api-supported-versions": "2023-03-01, 2023-04-01-preview",
        "Content-Length": "616",
        "Content-Type": "application/json; charset=utf-8",
        "Date": "Thu, 08 Feb 2024 23:02:52 GMT",
        "MS-CV": "p\u002BuIn1oQXUSVBsTQIk/q6A.0",
        "Strict-Transport-Security": "max-age=2592000",
        "X-Azure-Ref": "0nF3FZQAAAADXAZ4t17uAS770jlotQDevV1NURURHRTAxMDgAOWZjN2I1MTktYThjYy00Zjg5LTkzNWUtYzkxNDhhZTA5ZTgx",
        "X-Cache": "CONFIG_NOCACHE",
        "X-Processing-Time": "549ms"
      },
      "ResponseBody": {
        "trunks": {
          "third-6c232cd083ed46129bad18fed1e3b425.testdomain.testdomain.com": {
            "sipSignalingPort": 3456
          },
          "second-47d16a8bad014e019a5e7317251b9150.testdomain.testdomain.com": {
            "sipSignalingPort": 2345
          },
          "first-2558c22ab2cd40efa449dcc137c138bd.testdomain.testdomain.com": {
            "sipSignalingPort": 1234
          },
          "set-5173a81aa4d34ce1893f5814a9135f66.testdomain.testdomain.com": {
            "sipSignalingPort": 4567
          }
        },
        "routes": [
          {
            "description": "desc0",
            "name": "route0",
            "numberPattern": "0.*",
            "trunks": []
          },
          {
            "description": "desc1",
            "name": "route1",
            "numberPattern": "1.*",
            "trunks": []
          },
          {
            "description": "desc2",
            "name": "route2",
            "numberPattern": "2.*",
            "trunks": []
          }
        ]
      }
    },
    {
      "RequestUri": "https://REDACTED/sip?api-version=2023-03-01",
      "RequestMethod": "GET",
      "RequestHeaders": {
        "Accept": "application/json",
        "Authorization": "Sanitized",
        "Content-Length": "0",
        "User-Agent": "azsdk-java-azure-communication-phonenumbers/1.2.0 (20.0.1; Windows 11; 10.0)",
        "x-ms-client-request-id": "72382dab-c4d2-4fb4-843b-6dcf23ec1525"
      },
      "RequestBody": null,
      "StatusCode": 200,
      "ResponseHeaders": {
        "api-supported-versions": "2023-03-01, 2023-04-01-preview",
        "Content-Length": "616",
        "Content-Type": "application/json; charset=utf-8",
        "Date": "Thu, 08 Feb 2024 23:02:53 GMT",
        "MS-CV": "y345QfbUjEyEDERT/oZizQ.0",
        "Strict-Transport-Security": "max-age=2592000",
        "X-Azure-Ref": "0nV3FZQAAAABOizUrsekvTpoyoavk9MPFV1NURURHRTAxMDgAOWZjN2I1MTktYThjYy00Zjg5LTkzNWUtYzkxNDhhZTA5ZTgx",
        "X-Cache": "CONFIG_NOCACHE",
        "X-Processing-Time": "179ms"
      },
      "ResponseBody": {
        "trunks": {
          "third-6c232cd083ed46129bad18fed1e3b425.testdomain.testdomain.com": {
            "sipSignalingPort": 3456
          },
          "second-47d16a8bad014e019a5e7317251b9150.testdomain.testdomain.com": {
            "sipSignalingPort": 2345
          },
          "first-2558c22ab2cd40efa449dcc137c138bd.testdomain.testdomain.com": {
            "sipSignalingPort": 1234
          },
          "set-5173a81aa4d34ce1893f5814a9135f66.testdomain.testdomain.com": {
            "sipSignalingPort": 4567
          }
        },
        "routes": [
          {
            "description": "desc0",
            "name": "route0",
            "numberPattern": "0.*",
            "trunks": []
          },
          {
            "description": "desc1",
            "name": "route1",
            "numberPattern": "1.*",
            "trunks": []
          },
          {
            "description": "desc2",
            "name": "route2",
            "numberPattern": "2.*",
            "trunks": []
          }
        ]
      }
    },
    {
      "RequestUri": "https://REDACTED/sip?api-version=2023-03-01",
      "RequestMethod": "PATCH",
      "RequestHeaders": {
        "Accept": "application/json",
        "Authorization": "Sanitized",
        "Content-Length": "103",
        "Content-Type": "application/merge-patch\u002Bjson",
        "User-Agent": "azsdk-java-azure-communication-phonenumbers/1.2.0 (20.0.1; Windows 11; 10.0)",
        "x-ms-client-request-id": "01108f88-fba1-48d8-b31a-fc18d27d7d6d"
      },
      "RequestBody": {
        "trunks": {
          "set-5173a81aa4d34ce1893f5814a9135f66.testdomain.testdomain.com": {
            "sipSignalingPort": 7651
          }
        }
      },
      "StatusCode": 200,
      "ResponseHeaders": {
        "api-supported-versions": "2023-03-01, 2023-04-01-preview",
        "Content-Length": "616",
        "Content-Type": "application/json; charset=utf-8",
        "Date": "Thu, 08 Feb 2024 23:02:53 GMT",
        "MS-CV": "fPNKzecpD02Ch7s/ewdd3g.0",
        "Strict-Transport-Security": "max-age=2592000",
        "X-Azure-Ref": "0nV3FZQAAAADFYSQalc8FT47yWdY3trqJV1NURURHRTAxMDgAOWZjN2I1MTktYThjYy00Zjg5LTkzNWUtYzkxNDhhZTA5ZTgx",
        "X-Cache": "CONFIG_NOCACHE",
        "X-Processing-Time": "408ms"
      },
      "ResponseBody": {
        "trunks": {
          "third-6c232cd083ed46129bad18fed1e3b425.testdomain.testdomain.com": {
            "sipSignalingPort": 3456
          },
          "second-47d16a8bad014e019a5e7317251b9150.testdomain.testdomain.com": {
            "sipSignalingPort": 2345
          },
          "first-2558c22ab2cd40efa449dcc137c138bd.testdomain.testdomain.com": {
            "sipSignalingPort": 1234
          },
          "set-5173a81aa4d34ce1893f5814a9135f66.testdomain.testdomain.com": {
            "sipSignalingPort": 7651
          }
        },
        "routes": [
          {
            "description": "desc0",
            "name": "route0",
            "numberPattern": "0.*",
            "trunks": []
          },
          {
            "description": "desc1",
            "name": "route1",
            "numberPattern": "1.*",
            "trunks": []
          },
          {
            "description": "desc2",
            "name": "route2",
            "numberPattern": "2.*",
            "trunks": []
          }
        ]
      }
    },
    {
      "RequestUri": "https://REDACTED/sip?api-version=2023-03-01",
      "RequestMethod": "GET",
      "RequestHeaders": {
        "Accept": "application/json",
        "Authorization": "Sanitized",
        "Content-Length": "0",
        "User-Agent": "azsdk-java-azure-communication-phonenumbers/1.2.0 (20.0.1; Windows 11; 10.0)",
        "x-ms-client-request-id": "04f88f74-8acf-47e8-9d6c-2756fb54309d"
      },
      "RequestBody": null,
      "StatusCode": 200,
      "ResponseHeaders": {
        "api-supported-versions": "2023-03-01, 2023-04-01-preview",
        "Content-Length": "616",
        "Content-Type": "application/json; charset=utf-8",
        "Date": "Thu, 08 Feb 2024 23:02:53 GMT",
        "MS-CV": "168VQgYcjU\u002BhR2us4Out6w.0",
        "Strict-Transport-Security": "max-age=2592000",
        "X-Azure-Ref": "0nl3FZQAAAAACy0H0wHdNSJvPqeW/QDRoV1NURURHRTAxMDgAOWZjN2I1MTktYThjYy00Zjg5LTkzNWUtYzkxNDhhZTA5ZTgx",
        "X-Cache": "CONFIG_NOCACHE",
        "X-Processing-Time": "232ms"
      },
      "ResponseBody": {
        "trunks": {
          "third-6c232cd083ed46129bad18fed1e3b425.testdomain.testdomain.com": {
            "sipSignalingPort": 3456
          },
          "second-47d16a8bad014e019a5e7317251b9150.testdomain.testdomain.com": {
            "sipSignalingPort": 2345
          },
          "first-2558c22ab2cd40efa449dcc137c138bd.testdomain.testdomain.com": {
            "sipSignalingPort": 1234
          },
          "set-5173a81aa4d34ce1893f5814a9135f66.testdomain.testdomain.com": {
            "sipSignalingPort": 7651
          }
        },
        "routes": [
          {
            "description": "desc0",
            "name": "route0",
            "numberPattern": "0.*",
            "trunks": []
          },
          {
            "description": "desc1",
            "name": "route1",
            "numberPattern": "1.*",
            "trunks": []
          },
          {
            "description": "desc2",
            "name": "route2",
            "numberPattern": "2.*",
            "trunks": []
          }
        ]
      }
    },
    {
      "RequestUri": "https://REDACTED/sip?api-version=2023-03-01",
      "RequestMethod": "GET",
      "RequestHeaders": {
        "Accept": "application/json",
        "Authorization": "Sanitized",
        "Content-Length": "0",
        "User-Agent": "azsdk-java-azure-communication-phonenumbers/1.2.0 (20.0.1; Windows 11; 10.0)",
        "x-ms-client-request-id": "ee988cfb-cd80-4be9-b152-9e9a0883cb34"
      },
      "RequestBody": null,
      "StatusCode": 200,
      "ResponseHeaders": {
        "api-supported-versions": "2023-03-01, 2023-04-01-preview",
        "Content-Length": "616",
        "Content-Type": "application/json; charset=utf-8",
        "Date": "Thu, 08 Feb 2024 23:02:54 GMT",
        "MS-CV": "XJ8rK09qfku6Ouy9HB\u002B\u002BDA.0",
        "Strict-Transport-Security": "max-age=2592000",
        "X-Azure-Ref": "0nl3FZQAAAAB/Pg\u002BI9syaTLhVHNKVphBIV1NURURHRTAxMDgAOWZjN2I1MTktYThjYy00Zjg5LTkzNWUtYzkxNDhhZTA5ZTgx",
        "X-Cache": "CONFIG_NOCACHE",
        "X-Processing-Time": "191ms"
      },
      "ResponseBody": {
        "trunks": {
          "third-6c232cd083ed46129bad18fed1e3b425.testdomain.testdomain.com": {
            "sipSignalingPort": 3456
          },
          "second-47d16a8bad014e019a5e7317251b9150.testdomain.testdomain.com": {
            "sipSignalingPort": 2345
          },
          "first-2558c22ab2cd40efa449dcc137c138bd.testdomain.testdomain.com": {
            "sipSignalingPort": 1234
          },
          "set-5173a81aa4d34ce1893f5814a9135f66.testdomain.testdomain.com": {
            "sipSignalingPort": 7651
          }
        },
        "routes": [
          {
            "description": "desc0",
            "name": "route0",
            "numberPattern": "0.*",
            "trunks": []
          },
          {
            "description": "desc1",
            "name": "route1",
            "numberPattern": "1.*",
            "trunks": []
          },
          {
            "description": "desc2",
            "name": "route2",
            "numberPattern": "2.*",
            "trunks": []
          }
        ]
      }
    }
  ],
  "Variables": {}
}
