{
  "Entries": [
    {
      "RequestUri": "https://REDACTED/sip?api-version=2023-03-01",
      "RequestMethod": "PATCH",
      "RequestHeaders": {
        "Accept": "application/json",
        "Authorization": "Sanitized",
        "Content-Length": "42",
        "Content-Type": "application/merge-patch\u002Bjson",
        "User-Agent": "azsdk-java-azure-communication-phonenumbers/1.2.0-beta.1 (20.0.1; Windows 11; 10.0)",
        "x-ms-client-request-id": "5d7d372b-b02f-4713-8717-9a05b26f4c65",
        "x-ms-content-sha256": "/jNnD7RL6fhTJ7FmdOaUZ\u002BlPUvTAASf9hdgLFTyFA7o=",
        "x-ms-date": "Tue, 25 Jul 2023 00:22:13 GMT",
        "x-ms-hmac-string-to-sign-base64": "UEFUQ0gKL3NpcD9hcGktdmVyc2lvbj0yMDIzLTAzLTAxClR1ZSwgMjUgSnVsIDIwMjMgMDA6MjI6MTMgR01UO3Ntc3Rlc3RhcHAuY29tbXVuaWNhdGlvbi5henVyZS5jb207L2pObkQ3Ukw2ZmhUSjdGbWRPYVVaK2xQVXZUQUFTZjloZGdMRlR5RkE3bz0="
      },
      "RequestBody": {
        "trunks": {
          "_": {
            "sipSignalingPort": 4567
          }
        }
      },
      "StatusCode": 422,
      "ResponseHeaders": {
        "api-deprecated-versions": "2021-05-01-preview, 2022-09-01-preview, 2023-01-01-preview",
        "api-supported-versions": "2023-03-01, 2023-04-01-preview",
        "Content-Type": "application/json",
        "Date": "Tue, 25 Jul 2023 00:22:09 GMT",
        "MS-CV": "7AiFqfKMBka\u002BjbsiyijV\u002Bw.0",
        "Strict-Transport-Security": "max-age=2592000",
        "Transfer-Encoding": "chunked",
        "X-Azure-Ref": "0shW/ZAAAAACsXPd6Yre7SJ\u002BIkWT8rUUOV1NURURHRTA4MTQAOWZjN2I1MTktYThjYy00Zjg5LTkzNWUtYzkxNDhhZTA5ZTgx",
        "X-Cache": "CONFIG_NOCACHE",
        "X-Processing-Time": "10ms"
      },
      "ResponseBody": {
        "error": {
          "code": "UnprocessableConfiguration",
          "message": "One or more request inputs are not valid.",
          "innererror": {
            "code": "InvalidTrunkFqdn",
            "message": "Domain \u0027_\u0027 is not properly formatted domnain name."
          }
        }
      }
    },
    {
      "RequestUri": "https://REDACTED/sip?api-version=2023-03-01",
      "RequestMethod": "GET",
      "RequestHeaders": {
        "Accept": "application/json",
        "Authorization": "Sanitized",
        "Content-Length": "0",
        "User-Agent": "azsdk-java-azure-communication-phonenumbers/1.2.0-beta.1 (20.0.1; Windows 11; 10.0)",
        "x-ms-client-request-id": "4c4dfed5-2f5d-4de4-b317-4e2d8b365906",
        "x-ms-content-sha256": "47DEQpj8HBSa\u002B/TImW\u002B5JCeuQeRkm5NMpJWZG3hSuFU=",
        "x-ms-date": "Tue, 25 Jul 2023 00:22:13 GMT",
        "x-ms-hmac-string-to-sign-base64": "R0VUCi9zaXA/YXBpLXZlcnNpb249MjAyMy0wMy0wMQpUdWUsIDI1IEp1bCAyMDIzIDAwOjIyOjEzIEdNVDtzbXN0ZXN0YXBwLmNvbW11bmljYXRpb24uYXp1cmUuY29tOzQ3REVRcGo4SEJTYSsvVEltVys1SkNldVFlUmttNU5NcEpXWkczaFN1RlU9"
      },
      "RequestBody": null,
      "StatusCode": 200,
      "ResponseHeaders": {
        "api-deprecated-versions": "2021-05-01-preview, 2022-09-01-preview, 2023-01-01-preview",
        "api-supported-versions": "2023-03-01, 2023-04-01-preview",
        "Content-Length": "25",
        "Content-Type": "application/json; charset=utf-8",
        "Date": "Tue, 25 Jul 2023 00:22:09 GMT",
        "MS-CV": "Z3FvGbh8jEK1uH/qCcDpgg.0",
        "Strict-Transport-Security": "max-age=2592000",
        "X-Azure-Ref": "0shW/ZAAAAABFU8DdW9RSTqxqCx0zTnKwV1NURURHRTA4MTQAOWZjN2I1MTktYThjYy00Zjg5LTkzNWUtYzkxNDhhZTA5ZTgx",
        "X-Cache": "CONFIG_NOCACHE",
        "X-Processing-Time": "121ms"
      },
      "ResponseBody": {
        "trunks": {},
        "routes": []
      }
    },
    {
      "RequestUri": "https://REDACTED/sip?api-version=2023-03-01",
      "RequestMethod": "PATCH",
      "RequestHeaders": {
        "Accept": "application/json",
        "Authorization": "Sanitized",
        "Content-Length": "42",
        "Content-Type": "application/merge-patch\u002Bjson",
        "User-Agent": "azsdk-java-azure-communication-phonenumbers/1.2.0-beta.1 (20.0.1; Windows 11; 10.0)",
        "x-ms-client-request-id": "c389d855-dd0a-49ba-bd4a-7cd39fee4e3d",
        "x-ms-content-sha256": "/jNnD7RL6fhTJ7FmdOaUZ\u002BlPUvTAASf9hdgLFTyFA7o=",
        "x-ms-date": "Tue, 25 Jul 2023 00:22:13 GMT",
        "x-ms-hmac-string-to-sign-base64": "UEFUQ0gKL3NpcD9hcGktdmVyc2lvbj0yMDIzLTAzLTAxClR1ZSwgMjUgSnVsIDIwMjMgMDA6MjI6MTMgR01UO3Ntc3Rlc3RhcHAuY29tbXVuaWNhdGlvbi5henVyZS5jb207L2pObkQ3Ukw2ZmhUSjdGbWRPYVVaK2xQVXZUQUFTZjloZGdMRlR5RkE3bz0="
      },
      "RequestBody": {
        "trunks": {
          "_": {
            "sipSignalingPort": 4567
          }
        }
      },
      "StatusCode": 422,
      "ResponseHeaders": {
        "api-deprecated-versions": "2021-05-01-preview, 2022-09-01-preview, 2023-01-01-preview",
        "api-supported-versions": "2023-03-01, 2023-04-01-preview",
        "Content-Type": "application/json",
        "Date": "Tue, 25 Jul 2023 00:22:10 GMT",
        "MS-CV": "0FAOYvbQ30SAhZJtKBrmVA.0",
        "Strict-Transport-Security": "max-age=2592000",
        "Transfer-Encoding": "chunked",
        "X-Azure-Ref": "0shW/ZAAAAACaEtnMCoGOS4WQhUrFG4eUV1NURURHRTA4MTQAOWZjN2I1MTktYThjYy00Zjg5LTkzNWUtYzkxNDhhZTA5ZTgx",
        "X-Cache": "CONFIG_NOCACHE",
        "X-Processing-Time": "9ms"
      },
      "ResponseBody": {
        "error": {
          "code": "UnprocessableConfiguration",
          "message": "One or more request inputs are not valid.",
          "innererror": {
            "code": "InvalidTrunkFqdn",
            "message": "Domain \u0027_\u0027 is not properly formatted domnain name."
          }
        }
      }
    }
  ],
  "Variables": {}
}
