{
  "Entries": [
    {
      "RequestUri": "https://REDACTED/sip?api-version=2023-03-01",
      "RequestMethod": "GET",
      "RequestHeaders": {
        "Accept": "application/json",
        "Authorization": "Sanitized",
        "Content-Length": "0",
        "User-Agent": "azsdk-java-azure-communication-phonenumbers/1.2.0-beta.2 (20.0.1; Windows 11; 10.0)",
        "x-ms-client-request-id": "a79a9acd-4627-4f0e-b1e5-8278e8dfc4de",
        "x-ms-content-sha256": "47DEQpj8HBSa\u002B/TImW\u002B5JCeuQeRkm5NMpJWZG3hSuFU=",
        "x-ms-date": "Fri, 08 Mar 2024 21:58:24 GMT",
        "x-ms-hmac-string-to-sign-base64": "R0VUCi9zaXA/YXBpLXZlcnNpb249MjAyMy0wMy0wMQpGcmksIDA4IE1hciAyMDI0IDIxOjU4OjI0IEdNVDtzbXN0ZXN0YXBwLnVuaXRlZHN0YXRlcy5jb21tdW5pY2F0aW9uLmF6dXJlLmNvbTs0N0RFUXBqOEhCU2ErL1RJbVcrNUpDZXVRZVJrbTVOTXBKV1pHM2hTdUZVPQ==",
        "x-ms-useragent": "acs-test"
      },
      "RequestBody": null,
      "StatusCode": 200,
      "ResponseHeaders": {
        "api-supported-versions": "2023-03-01, 2023-04-01-preview",
        "Content-Length": "525",
        "Content-Type": "application/json; charset=utf-8",
        "Date": "Fri, 08 Mar 2024 21:58:23 GMT",
        "MS-CV": "6trXJVIh80e5PU9QF\u002B/1rw.0",
        "Strict-Transport-Security": "max-age=31536000;includeSubDomains",
        "X-Azure-Ref": "0/4nrZQAAAAAJBrpWdEKKRo0Gd8n7RsZmV1NURURHRTAxMDgAOWZjN2I1MTktYThjYy00Zjg5LTkzNWUtYzkxNDhhZTA5ZTgx",
        "X-Cache": "CONFIG_NOCACHE",
        "X-Processing-Time": "118ms"
      },
      "ResponseBody": {
        "trunks": {
          "third-66ed60ca68d546eda08a59812a7ac41f.testdomain.testdomain.com": {
            "sipSignalingPort": 3456
          },
          "second-c267b3a064f74080b071b06cee60d9f7.testdomain.testdomain.com": {
            "sipSignalingPort": 2345
          },
          "first-b33dd8d2950a4387949b9cf917bcaf01.testdomain.testdomain.com": {
            "sipSignalingPort": 1234
          }
        },
        "routes": [
          {
            "description": "desc0",
            "name": "route0",
            "numberPattern": "0.*",
            "trunks": []
          },
          {
            "description": "desc1",
            "name": "route1",
            "numberPattern": "1.*",
            "trunks": []
          },
          {
            "description": "desc2",
            "name": "route2",
            "numberPattern": "2.*",
            "trunks": []
          }
        ]
      }
    },
    {
      "RequestUri": "https://REDACTED/sip?api-version=2023-03-01",
      "RequestMethod": "PATCH",
      "RequestHeaders": {
        "Accept": "application/json",
        "Authorization": "Sanitized",
        "Content-Length": "292",
        "Content-Type": "application/merge-patch\u002Bjson",
        "User-Agent": "azsdk-java-azure-communication-phonenumbers/1.2.0-beta.2 (20.0.1; Windows 11; 10.0)",
        "x-ms-client-request-id": "804148b6-01b7-418d-9704-51b19b94d1dd",
        "x-ms-content-sha256": "TbDT7FvTRm4mB1ffdFUNF5WNIab\u002BHysrGrJh76\u002BwRSw=",
        "x-ms-date": "Fri, 08 Mar 2024 21:58:24 GMT",
        "x-ms-hmac-string-to-sign-base64": "UEFUQ0gKL3NpcD9hcGktdmVyc2lvbj0yMDIzLTAzLTAxCkZyaSwgMDggTWFyIDIwMjQgMjE6NTg6MjQgR01UO3Ntc3Rlc3RhcHAudW5pdGVkc3RhdGVzLmNvbW11bmljYXRpb24uYXp1cmUuY29tO1RiRFQ3RnZUUm00bUIxZmZkRlVORjVXTklhYitIeXNyR3JKaDc2K3dSU3c9",
        "x-ms-useragent": "acs-test"
      },
      "RequestBody": {
        "trunks": {
          "third-66ed60ca68d546eda08a59812a7ac41f.testdomain.testdomain.com": {
            "sipSignalingPort": 3456
          },
          "second-c267b3a064f74080b071b06cee60d9f7.testdomain.testdomain.com": {
            "sipSignalingPort": 2345
          },
          "first-b33dd8d2950a4387949b9cf917bcaf01.testdomain.testdomain.com": {
            "sipSignalingPort": 1234
          }
        }
      },
      "StatusCode": 200,
      "ResponseHeaders": {
        "api-supported-versions": "2023-03-01, 2023-04-01-preview",
        "Content-Length": "525",
        "Content-Type": "application/json; charset=utf-8",
        "Date": "Fri, 08 Mar 2024 21:58:23 GMT",
        "MS-CV": "3F0UUVmBmEWkOKpm29M9yg.0",
        "Strict-Transport-Security": "max-age=31536000;includeSubDomains",
        "X-Azure-Ref": "0/4nrZQAAAAC5WUJ7/Y7iSJskccCRt4zUV1NURURHRTAxMDgAOWZjN2I1MTktYThjYy00Zjg5LTkzNWUtYzkxNDhhZTA5ZTgx",
        "X-Cache": "CONFIG_NOCACHE",
        "X-Processing-Time": "277ms"
      },
      "ResponseBody": {
        "trunks": {
          "third-66ed60ca68d546eda08a59812a7ac41f.testdomain.testdomain.com": {
            "sipSignalingPort": 3456
          },
          "second-c267b3a064f74080b071b06cee60d9f7.testdomain.testdomain.com": {
            "sipSignalingPort": 2345
          },
          "first-b33dd8d2950a4387949b9cf917bcaf01.testdomain.testdomain.com": {
            "sipSignalingPort": 1234
          }
        },
        "routes": [
          {
            "description": "desc0",
            "name": "route0",
            "numberPattern": "0.*",
            "trunks": []
          },
          {
            "description": "desc1",
            "name": "route1",
            "numberPattern": "1.*",
            "trunks": []
          },
          {
            "description": "desc2",
            "name": "route2",
            "numberPattern": "2.*",
            "trunks": []
          }
        ]
      }
    },
    {
      "RequestUri": "https://REDACTED/sip?api-version=2023-03-01",
      "RequestMethod": "GET",
      "RequestHeaders": {
        "Accept": "application/json",
        "Authorization": "Sanitized",
        "Content-Length": "0",
        "User-Agent": "azsdk-java-azure-communication-phonenumbers/1.2.0-beta.2 (20.0.1; Windows 11; 10.0)",
        "x-ms-client-request-id": "09403c44-3b41-4112-be3a-a05ba445533d",
        "x-ms-content-sha256": "47DEQpj8HBSa\u002B/TImW\u002B5JCeuQeRkm5NMpJWZG3hSuFU=",
        "x-ms-date": "Fri, 08 Mar 2024 21:58:24 GMT",
        "x-ms-hmac-string-to-sign-base64": "R0VUCi9zaXA/YXBpLXZlcnNpb249MjAyMy0wMy0wMQpGcmksIDA4IE1hciAyMDI0IDIxOjU4OjI0IEdNVDtzbXN0ZXN0YXBwLnVuaXRlZHN0YXRlcy5jb21tdW5pY2F0aW9uLmF6dXJlLmNvbTs0N0RFUXBqOEhCU2ErL1RJbVcrNUpDZXVRZVJrbTVOTXBKV1pHM2hTdUZVPQ==",
        "x-ms-useragent": "acs-test"
      },
      "RequestBody": null,
      "StatusCode": 200,
      "ResponseHeaders": {
        "api-supported-versions": "2023-03-01, 2023-04-01-preview",
        "Content-Length": "525",
        "Content-Type": "application/json; charset=utf-8",
        "Date": "Fri, 08 Mar 2024 21:58:23 GMT",
        "MS-CV": "L9WgkDD690unmC5KUeiB/A.0",
        "Strict-Transport-Security": "max-age=31536000;includeSubDomains",
        "X-Azure-Ref": "0/4nrZQAAAAAmCabLyXLoTImBQq1S/zzkV1NURURHRTAxMDgAOWZjN2I1MTktYThjYy00Zjg5LTkzNWUtYzkxNDhhZTA5ZTgx",
        "X-Cache": "CONFIG_NOCACHE",
        "X-Processing-Time": "126ms"
      },
      "ResponseBody": {
        "trunks": {
          "third-66ed60ca68d546eda08a59812a7ac41f.testdomain.testdomain.com": {
            "sipSignalingPort": 3456
          },
          "second-c267b3a064f74080b071b06cee60d9f7.testdomain.testdomain.com": {
            "sipSignalingPort": 2345
          },
          "first-b33dd8d2950a4387949b9cf917bcaf01.testdomain.testdomain.com": {
            "sipSignalingPort": 1234
          }
        },
        "routes": [
          {
            "description": "desc0",
            "name": "route0",
            "numberPattern": "0.*",
            "trunks": []
          },
          {
            "description": "desc1",
            "name": "route1",
            "numberPattern": "1.*",
            "trunks": []
          },
          {
            "description": "desc2",
            "name": "route2",
            "numberPattern": "2.*",
            "trunks": []
          }
        ]
      }
    },
    {
      "RequestUri": "https://REDACTED/sip?api-version=2023-03-01",
      "RequestMethod": "PATCH",
      "RequestHeaders": {
        "Accept": "application/json",
        "Authorization": "Sanitized",
        "Content-Length": "103",
        "Content-Type": "application/merge-patch\u002Bjson",
        "User-Agent": "azsdk-java-azure-communication-phonenumbers/1.2.0-beta.2 (20.0.1; Windows 11; 10.0)",
        "x-ms-client-request-id": "8d937178-097e-4991-aaf0-658df3c528b5",
        "x-ms-content-sha256": "m8guP7kYlRSIUpINo2wGgx2uDAVbKPZvDKF5SIatD6w=",
        "x-ms-date": "Fri, 08 Mar 2024 21:58:24 GMT",
        "x-ms-hmac-string-to-sign-base64": "UEFUQ0gKL3NpcD9hcGktdmVyc2lvbj0yMDIzLTAzLTAxCkZyaSwgMDggTWFyIDIwMjQgMjE6NTg6MjQgR01UO3Ntc3Rlc3RhcHAudW5pdGVkc3RhdGVzLmNvbW11bmljYXRpb24uYXp1cmUuY29tO204Z3VQN2tZbFJTSVVwSU5vMndHZ3gydURBVmJLUFp2REtGNVNJYXRENnc9",
        "x-ms-useragent": "acs-test"
      },
      "RequestBody": {
        "trunks": {
          "set-d028a2342054452bbe9bf9a2cad7f69d.testdomain.testdomain.com": {
            "sipSignalingPort": 4567
          }
        }
      },
      "StatusCode": 200,
      "ResponseHeaders": {
        "api-supported-versions": "2023-03-01, 2023-04-01-preview",
        "Content-Length": "616",
        "Content-Type": "application/json; charset=utf-8",
        "Date": "Fri, 08 Mar 2024 21:58:24 GMT",
        "MS-CV": "gdvI/Bp9aEinMap0MhyKbA.0",
        "Strict-Transport-Security": "max-age=31536000;includeSubDomains",
        "X-Azure-Ref": "0/4nrZQAAAABJFFD4qMHzRrZmzFUyMNEOV1NURURHRTAxMDgAOWZjN2I1MTktYThjYy00Zjg5LTkzNWUtYzkxNDhhZTA5ZTgx",
        "X-Cache": "CONFIG_NOCACHE",
        "X-Processing-Time": "292ms"
      },
      "ResponseBody": {
        "trunks": {
          "third-66ed60ca68d546eda08a59812a7ac41f.testdomain.testdomain.com": {
            "sipSignalingPort": 3456
          },
          "second-c267b3a064f74080b071b06cee60d9f7.testdomain.testdomain.com": {
            "sipSignalingPort": 2345
          },
          "first-b33dd8d2950a4387949b9cf917bcaf01.testdomain.testdomain.com": {
            "sipSignalingPort": 1234
          },
          "set-d028a2342054452bbe9bf9a2cad7f69d.testdomain.testdomain.com": {
            "sipSignalingPort": 4567
          }
        },
        "routes": [
          {
            "description": "desc0",
            "name": "route0",
            "numberPattern": "0.*",
            "trunks": []
          },
          {
            "description": "desc1",
            "name": "route1",
            "numberPattern": "1.*",
            "trunks": []
          },
          {
            "description": "desc2",
            "name": "route2",
            "numberPattern": "2.*",
            "trunks": []
          }
        ]
      }
    },
    {
      "RequestUri": "https://REDACTED/sip?api-version=2023-03-01",
      "RequestMethod": "GET",
      "RequestHeaders": {
        "Accept": "application/json",
        "Authorization": "Sanitized",
        "Content-Length": "0",
        "User-Agent": "azsdk-java-azure-communication-phonenumbers/1.2.0-beta.2 (20.0.1; Windows 11; 10.0)",
        "x-ms-client-request-id": "7b908057-1d07-4f19-8c66-8a572f49faff",
        "x-ms-content-sha256": "47DEQpj8HBSa\u002B/TImW\u002B5JCeuQeRkm5NMpJWZG3hSuFU=",
        "x-ms-date": "Fri, 08 Mar 2024 21:58:25 GMT",
        "x-ms-hmac-string-to-sign-base64": "R0VUCi9zaXA/YXBpLXZlcnNpb249MjAyMy0wMy0wMQpGcmksIDA4IE1hciAyMDI0IDIxOjU4OjI1IEdNVDtzbXN0ZXN0YXBwLnVuaXRlZHN0YXRlcy5jb21tdW5pY2F0aW9uLmF6dXJlLmNvbTs0N0RFUXBqOEhCU2ErL1RJbVcrNUpDZXVRZVJrbTVOTXBKV1pHM2hTdUZVPQ==",
        "x-ms-useragent": "acs-test"
      },
      "RequestBody": null,
      "StatusCode": 200,
      "ResponseHeaders": {
        "api-supported-versions": "2023-03-01, 2023-04-01-preview",
        "Content-Length": "616",
        "Content-Type": "application/json; charset=utf-8",
        "Date": "Fri, 08 Mar 2024 21:58:24 GMT",
        "MS-CV": "5CGFd4oMZ0y4MkdCjtzoRw.0",
        "Strict-Transport-Security": "max-age=31536000;includeSubDomains",
        "X-Azure-Ref": "0AIrrZQAAAABI/c8xLLZ\u002BS76R3nbBuYpmV1NURURHRTAxMDgAOWZjN2I1MTktYThjYy00Zjg5LTkzNWUtYzkxNDhhZTA5ZTgx",
        "X-Cache": "CONFIG_NOCACHE",
        "X-Processing-Time": "103ms"
      },
      "ResponseBody": {
        "trunks": {
          "third-66ed60ca68d546eda08a59812a7ac41f.testdomain.testdomain.com": {
            "sipSignalingPort": 3456
          },
          "second-c267b3a064f74080b071b06cee60d9f7.testdomain.testdomain.com": {
            "sipSignalingPort": 2345
          },
          "first-b33dd8d2950a4387949b9cf917bcaf01.testdomain.testdomain.com": {
            "sipSignalingPort": 1234
          },
          "set-d028a2342054452bbe9bf9a2cad7f69d.testdomain.testdomain.com": {
            "sipSignalingPort": 4567
          }
        },
        "routes": [
          {
            "description": "desc0",
            "name": "route0",
            "numberPattern": "0.*",
            "trunks": []
          },
          {
            "description": "desc1",
            "name": "route1",
            "numberPattern": "1.*",
            "trunks": []
          },
          {
            "description": "desc2",
            "name": "route2",
            "numberPattern": "2.*",
            "trunks": []
          }
        ]
      }
    },
    {
      "RequestUri": "https://REDACTED/sip?api-version=2023-03-01",
      "RequestMethod": "GET",
      "RequestHeaders": {
        "Accept": "application/json",
        "Authorization": "Sanitized",
        "Content-Length": "0",
        "User-Agent": "azsdk-java-azure-communication-phonenumbers/1.2.0-beta.2 (20.0.1; Windows 11; 10.0)",
        "x-ms-client-request-id": "501559d1-8876-4019-94b5-5a9faf11c4cc",
        "x-ms-content-sha256": "47DEQpj8HBSa\u002B/TImW\u002B5JCeuQeRkm5NMpJWZG3hSuFU=",
        "x-ms-date": "Fri, 08 Mar 2024 21:58:25 GMT",
        "x-ms-hmac-string-to-sign-base64": "R0VUCi9zaXA/YXBpLXZlcnNpb249MjAyMy0wMy0wMQpGcmksIDA4IE1hciAyMDI0IDIxOjU4OjI1IEdNVDtzbXN0ZXN0YXBwLnVuaXRlZHN0YXRlcy5jb21tdW5pY2F0aW9uLmF6dXJlLmNvbTs0N0RFUXBqOEhCU2ErL1RJbVcrNUpDZXVRZVJrbTVOTXBKV1pHM2hTdUZVPQ==",
        "x-ms-useragent": "acs-test"
      },
      "RequestBody": null,
      "StatusCode": 200,
      "ResponseHeaders": {
        "api-supported-versions": "2023-03-01, 2023-04-01-preview",
        "Content-Length": "616",
        "Content-Type": "application/json; charset=utf-8",
        "Date": "Fri, 08 Mar 2024 21:58:24 GMT",
        "MS-CV": "iDZ6d63FG0iHoIiVMtfjRQ.0",
        "Strict-Transport-Security": "max-age=31536000;includeSubDomains",
        "X-Azure-Ref": "0AIrrZQAAAACoVvNoOW65SLMmzDwk2mD3V1NURURHRTAxMDgAOWZjN2I1MTktYThjYy00Zjg5LTkzNWUtYzkxNDhhZTA5ZTgx",
        "X-Cache": "CONFIG_NOCACHE",
        "X-Processing-Time": "116ms"
      },
      "ResponseBody": {
        "trunks": {
          "third-66ed60ca68d546eda08a59812a7ac41f.testdomain.testdomain.com": {
            "sipSignalingPort": 3456
          },
          "second-c267b3a064f74080b071b06cee60d9f7.testdomain.testdomain.com": {
            "sipSignalingPort": 2345
          },
          "first-b33dd8d2950a4387949b9cf917bcaf01.testdomain.testdomain.com": {
            "sipSignalingPort": 1234
          },
          "set-d028a2342054452bbe9bf9a2cad7f69d.testdomain.testdomain.com": {
            "sipSignalingPort": 4567
          }
        },
        "routes": [
          {
            "description": "desc0",
            "name": "route0",
            "numberPattern": "0.*",
            "trunks": []
          },
          {
            "description": "desc1",
            "name": "route1",
            "numberPattern": "1.*",
            "trunks": []
          },
          {
            "description": "desc2",
            "name": "route2",
            "numberPattern": "2.*",
            "trunks": []
          }
        ]
      }
    }
  ],
  "Variables": {}
}
