{
  "Entries": [
    {
      "RequestUri": "https://REDACTED/sip?api-version=2023-03-01",
      "RequestMethod": "PATCH",
      "RequestHeaders": {
        "Accept": "application/json",
        "Authorization": "Sanitized",
        "Content-Length": "13",
        "Content-Type": "application/merge-patch\u002Bjson",
        "User-Agent": "azsdk-java-azure-communication-phonenumbers/1.2.0-beta.2 (20.0.1; Windows 11; 10.0)",
        "x-ms-client-request-id": "b2839131-7afa-4d1c-affc-81c4fd0d0b34",
        "x-ms-content-sha256": "GKCOKmpk/o\u002BLF4RTkIST7scbYsElDUdzRGZzbJjGQx4=",
        "x-ms-date": "Fri, 08 Mar 2024 21:58:43 GMT",
        "x-ms-hmac-string-to-sign-base64": "UEFUQ0gKL3NpcD9hcGktdmVyc2lvbj0yMDIzLTAzLTAxCkZyaSwgMDggTWFyIDIwMjQgMjE6NTg6NDMgR01UO3Ntc3Rlc3RhcHAudW5pdGVkc3RhdGVzLmNvbW11bmljYXRpb24uYXp1cmUuY29tO0dLQ09LbXBrL28rTEY0UlRrSVNUN3NjYllzRWxEVWR6UkdaemJKakdReDQ9",
        "x-ms-useragent": "acs-test"
      },
      "RequestBody": {
        "routes": []
      },
      "StatusCode": 200,
      "ResponseHeaders": {
        "api-supported-versions": "2023-03-01, 2023-04-01-preview",
        "Content-Length": "304",
        "Content-Type": "application/json; charset=utf-8",
        "Date": "Fri, 08 Mar 2024 21:58:42 GMT",
        "MS-CV": "vQ5qxkoGykW3f/6czS0/nQ.0",
        "Strict-Transport-Security": "max-age=31536000;includeSubDomains",
        "X-Azure-Ref": "0EorrZQAAAACSDJDTOpj5RKbOIWQJeldSV1NURURHRTAxMDgAOWZjN2I1MTktYThjYy00Zjg5LTkzNWUtYzkxNDhhZTA5ZTgx",
        "X-Cache": "CONFIG_NOCACHE",
        "X-Processing-Time": "211ms"
      },
      "ResponseBody": {
        "trunks": {
          "second-c267b3a064f74080b071b06cee60d9f7.testdomain.testdomain.com": {
            "sipSignalingPort": 2345
          },
          "first-b33dd8d2950a4387949b9cf917bcaf01.testdomain.testdomain.com": {
            "sipSignalingPort": 1234
          },
          "third-66ed60ca68d546eda08a59812a7ac41f.testdomain.testdomain.com": {
            "sipSignalingPort": 3456
          }
        },
        "routes": []
      }
    },
    {
      "RequestUri": "https://REDACTED/sip?api-version=2023-03-01",
      "RequestMethod": "GET",
      "RequestHeaders": {
        "Accept": "application/json",
        "Authorization": "Sanitized",
        "Content-Length": "0",
        "User-Agent": "azsdk-java-azure-communication-phonenumbers/1.2.0-beta.2 (20.0.1; Windows 11; 10.0)",
        "x-ms-client-request-id": "fcf872a7-75a4-4ea1-a449-67cfd8dff9f7",
        "x-ms-content-sha256": "47DEQpj8HBSa\u002B/TImW\u002B5JCeuQeRkm5NMpJWZG3hSuFU=",
        "x-ms-date": "Fri, 08 Mar 2024 21:58:43 GMT",
        "x-ms-hmac-string-to-sign-base64": "R0VUCi9zaXA/YXBpLXZlcnNpb249MjAyMy0wMy0wMQpGcmksIDA4IE1hciAyMDI0IDIxOjU4OjQzIEdNVDtzbXN0ZXN0YXBwLnVuaXRlZHN0YXRlcy5jb21tdW5pY2F0aW9uLmF6dXJlLmNvbTs0N0RFUXBqOEhCU2ErL1RJbVcrNUpDZXVRZVJrbTVOTXBKV1pHM2hTdUZVPQ==",
        "x-ms-useragent": "acs-test"
      },
      "RequestBody": null,
      "StatusCode": 200,
      "ResponseHeaders": {
        "api-supported-versions": "2023-03-01, 2023-04-01-preview",
        "Content-Length": "304",
        "Content-Type": "application/json; charset=utf-8",
        "Date": "Fri, 08 Mar 2024 21:58:42 GMT",
        "MS-CV": "/3AYymT0BEWnzwE1c/GO4Q.0",
        "Strict-Transport-Security": "max-age=31536000;includeSubDomains",
        "X-Azure-Ref": "0EorrZQAAAADVtAtUaMn0QLrpo6tr5dmtV1NURURHRTAxMDgAOWZjN2I1MTktYThjYy00Zjg5LTkzNWUtYzkxNDhhZTA5ZTgx",
        "X-Cache": "CONFIG_NOCACHE",
        "X-Processing-Time": "123ms"
      },
      "ResponseBody": {
        "trunks": {
          "second-c267b3a064f74080b071b06cee60d9f7.testdomain.testdomain.com": {
            "sipSignalingPort": 2345
          },
          "first-b33dd8d2950a4387949b9cf917bcaf01.testdomain.testdomain.com": {
            "sipSignalingPort": 1234
          },
          "third-66ed60ca68d546eda08a59812a7ac41f.testdomain.testdomain.com": {
            "sipSignalingPort": 3456
          }
        },
        "routes": []
      }
    },
    {
      "RequestUri": "https://REDACTED/sip?api-version=2023-03-01",
      "RequestMethod": "PATCH",
      "RequestHeaders": {
        "Accept": "application/json",
        "Authorization": "Sanitized",
        "Content-Length": "198",
        "Content-Type": "application/merge-patch\u002Bjson",
        "User-Agent": "azsdk-java-azure-communication-phonenumbers/1.2.0-beta.2 (20.0.1; Windows 11; 10.0)",
        "x-ms-client-request-id": "d59b8295-15b8-4414-ab37-8be3667fc655",
        "x-ms-content-sha256": "B\u002BMXSMan4f2EvJeQbDiGkIZQmQEScup/eENPTcnP/eg=",
        "x-ms-date": "Fri, 08 Mar 2024 21:58:43 GMT",
        "x-ms-hmac-string-to-sign-base64": "UEFUQ0gKL3NpcD9hcGktdmVyc2lvbj0yMDIzLTAzLTAxCkZyaSwgMDggTWFyIDIwMjQgMjE6NTg6NDMgR01UO3Ntc3Rlc3RhcHAudW5pdGVkc3RhdGVzLmNvbW11bmljYXRpb24uYXp1cmUuY29tO0IrTVhTTWFuNGYyRXZKZVFiRGlHa0laUW1RRVNjdXAvZUVOUFRjblAvZWc9",
        "x-ms-useragent": "acs-test"
      },
      "RequestBody": {
        "routes": [
          {
            "description": "desc0",
            "name": "route0",
            "numberPattern": "0.*"
          },
          {
            "description": "desc1",
            "name": "route1",
            "numberPattern": "1.*"
          },
          {
            "description": "desc2",
            "name": "route2",
            "numberPattern": "2.*"
          }
        ]
      },
      "StatusCode": 200,
      "ResponseHeaders": {
        "api-supported-versions": "2023-03-01, 2023-04-01-preview",
        "Content-Length": "525",
        "Content-Type": "application/json; charset=utf-8",
        "Date": "Fri, 08 Mar 2024 21:58:42 GMT",
        "MS-CV": "25Zwzvf7Z0m9S8YsQXmNog.0",
        "Strict-Transport-Security": "max-age=31536000;includeSubDomains",
        "X-Azure-Ref": "0EorrZQAAAAAwg13m3VLfR5kFniZSleYzV1NURURHRTAxMDgAOWZjN2I1MTktYThjYy00Zjg5LTkzNWUtYzkxNDhhZTA5ZTgx",
        "X-Cache": "CONFIG_NOCACHE",
        "X-Processing-Time": "139ms"
      },
      "ResponseBody": {
        "trunks": {
          "second-c267b3a064f74080b071b06cee60d9f7.testdomain.testdomain.com": {
            "sipSignalingPort": 2345
          },
          "first-b33dd8d2950a4387949b9cf917bcaf01.testdomain.testdomain.com": {
            "sipSignalingPort": 1234
          },
          "third-66ed60ca68d546eda08a59812a7ac41f.testdomain.testdomain.com": {
            "sipSignalingPort": 3456
          }
        },
        "routes": [
          {
            "description": "desc0",
            "name": "route0",
            "numberPattern": "0.*",
            "trunks": []
          },
          {
            "description": "desc1",
            "name": "route1",
            "numberPattern": "1.*",
            "trunks": []
          },
          {
            "description": "desc2",
            "name": "route2",
            "numberPattern": "2.*",
            "trunks": []
          }
        ]
      }
    },
    {
      "RequestUri": "https://REDACTED/sip?api-version=2023-03-01",
      "RequestMethod": "GET",
      "RequestHeaders": {
        "Accept": "application/json",
        "Authorization": "Sanitized",
        "Content-Length": "0",
        "User-Agent": "azsdk-java-azure-communication-phonenumbers/1.2.0-beta.2 (20.0.1; Windows 11; 10.0)",
        "x-ms-client-request-id": "78ad4f32-591d-4d8d-bd72-223af6b9b0c7",
        "x-ms-content-sha256": "47DEQpj8HBSa\u002B/TImW\u002B5JCeuQeRkm5NMpJWZG3hSuFU=",
        "x-ms-date": "Fri, 08 Mar 2024 21:58:43 GMT",
        "x-ms-hmac-string-to-sign-base64": "R0VUCi9zaXA/YXBpLXZlcnNpb249MjAyMy0wMy0wMQpGcmksIDA4IE1hciAyMDI0IDIxOjU4OjQzIEdNVDtzbXN0ZXN0YXBwLnVuaXRlZHN0YXRlcy5jb21tdW5pY2F0aW9uLmF6dXJlLmNvbTs0N0RFUXBqOEhCU2ErL1RJbVcrNUpDZXVRZVJrbTVOTXBKV1pHM2hTdUZVPQ==",
        "x-ms-useragent": "acs-test"
      },
      "RequestBody": null,
      "StatusCode": 200,
      "ResponseHeaders": {
        "api-supported-versions": "2023-03-01, 2023-04-01-preview",
        "Content-Length": "525",
        "Content-Type": "application/json; charset=utf-8",
        "Date": "Fri, 08 Mar 2024 21:58:42 GMT",
        "MS-CV": "4gnUgin5UEesTP3A6Ojxxg.0",
        "Strict-Transport-Security": "max-age=31536000;includeSubDomains",
        "X-Azure-Ref": "0EorrZQAAAAAZ9SEO6J7ZRZR1xnsDVcwuV1NURURHRTAxMDgAOWZjN2I1MTktYThjYy00Zjg5LTkzNWUtYzkxNDhhZTA5ZTgx",
        "X-Cache": "CONFIG_NOCACHE",
        "X-Processing-Time": "115ms"
      },
      "ResponseBody": {
        "trunks": {
          "second-c267b3a064f74080b071b06cee60d9f7.testdomain.testdomain.com": {
            "sipSignalingPort": 2345
          },
          "first-b33dd8d2950a4387949b9cf917bcaf01.testdomain.testdomain.com": {
            "sipSignalingPort": 1234
          },
          "third-66ed60ca68d546eda08a59812a7ac41f.testdomain.testdomain.com": {
            "sipSignalingPort": 3456
          }
        },
        "routes": [
          {
            "description": "desc0",
            "name": "route0",
            "numberPattern": "0.*",
            "trunks": []
          },
          {
            "description": "desc1",
            "name": "route1",
            "numberPattern": "1.*",
            "trunks": []
          },
          {
            "description": "desc2",
            "name": "route2",
            "numberPattern": "2.*",
            "trunks": []
          }
        ]
      }
    }
  ],
  "Variables": {}
}
