{
  "Entries": [
    {
      "RequestUri": "https://camaiaor-localtests.cognitiveservices.azure.com/documentintelligence/documentModels:build?api-version=2024-07-31-preview",
      "RequestMethod": "POST",
      "RequestHeaders": {
        "Accept": "application/json",
        "Authorization": "Sanitized",
        "Content-Length": "124",
        "Content-Type": "application/json",
        "traceparent": "00-b60de7bb85cb84a4af1fcd47ad38710c-098e446960bd5c57-00",
        "User-Agent": "azsdk-net-AI.DocumentIntelligence/1.0.0-alpha.20241003.1 (.NET 8.0.8; Microsoft Windows 10.0.26100)",
        "x-ms-client-request-id": "Sanitized",
        "x-ms-return-client-request-id": "true"
      },
      "RequestBody": {
        "modelId": "1470090170",
        "buildMode": "template",
        "azureBlobSource": {
          "containerUrl": "https://sanitized.blob.core.windows.net"
        }
      },
      "StatusCode": 202,
      "ResponseHeaders": {
        "apim-request-id": "3e848708-a616-4ddf-aaf4-99cb4694f1d5",
        "Content-Length": "0",
        "Date": "Sat, 05 Oct 2024 01:47:51 GMT",
        "operation-location": "https://camaiaor-localtests.cognitiveservices.azure.com/documentintelligence/operations/31438275131_3e848708-a616-4ddf-aaf4-99cb4694f1d5?api-version=2024-07-31-preview",
        "Strict-Transport-Security": "max-age=31536000; includeSubDomains; preload",
        "X-Content-Type-Options": "nosniff",
        "x-envoy-upstream-service-time": "2309",
        "x-ms-region": "East US"
      },
      "ResponseBody": null
    },
    {
      "RequestUri": "https://camaiaor-localtests.cognitiveservices.azure.com/documentintelligence/operations/31438275131_3e848708-a616-4ddf-aaf4-99cb4694f1d5?api-version=2024-07-31-preview",
      "RequestMethod": "GET",
      "RequestHeaders": {
        "Authorization": "Sanitized",
        "traceparent": "00-b60de7bb85cb84a4af1fcd47ad38710c-baba02c9f45698a7-00",
        "User-Agent": "azsdk-net-AI.DocumentIntelligence/1.0.0-alpha.20241003.1 (.NET 8.0.8; Microsoft Windows 10.0.26100)",
        "x-ms-client-request-id": "Sanitized",
        "x-ms-return-client-request-id": "true"
      },
      "RequestBody": null,
      "StatusCode": 200,
      "ResponseHeaders": {
        "apim-request-id": "70fee7a9-937d-4f1c-b0ea-53dd81ff1af5",
        "Content-Length": "417",
        "Content-Type": "application/json",
        "Date": "Sat, 05 Oct 2024 01:47:51 GMT",
        "Strict-Transport-Security": "max-age=31536000; includeSubDomains; preload",
        "X-Content-Type-Options": "nosniff",
        "x-envoy-upstream-service-time": "8",
        "x-ms-region": "East US"
      },
      "ResponseBody": {
        "operationId": "31438275131_3e848708-a616-4ddf-aaf4-99cb4694f1d5",
        "kind": "documentModelBuild",
        "status": "running",
        "createdDateTime": "2024-10-05T01:47:49Z",
        "lastUpdatedDateTime": "2024-10-05T01:47:51Z",
        "resourceLocation": "https://camaiaor-localtests.cognitiveservices.azure.com/documentintelligence/documentModels/1470090170?api-version=2024-07-31-preview",
        "apiVersion": "2024-07-31-preview"
      }
    },
    {
      "RequestUri": "https://camaiaor-localtests.cognitiveservices.azure.com/documentintelligence/operations/31438275131_3e848708-a616-4ddf-aaf4-99cb4694f1d5?api-version=2024-07-31-preview",
      "RequestMethod": "GET",
      "RequestHeaders": {
        "Authorization": "Sanitized",
        "traceparent": "00-b60de7bb85cb84a4af1fcd47ad38710c-41e89f1c03a3feca-00",
        "User-Agent": "azsdk-net-AI.DocumentIntelligence/1.0.0-alpha.20241003.1 (.NET 8.0.8; Microsoft Windows 10.0.26100)",
        "x-ms-client-request-id": "Sanitized",
        "x-ms-return-client-request-id": "true"
      },
      "RequestBody": null,
      "StatusCode": 200,
      "ResponseHeaders": {
        "apim-request-id": "3803a5ec-b370-4b65-b49a-54ead9f02f75",
        "Content-Length": "2364",
        "Content-Type": "application/json",
        "Date": "Sat, 05 Oct 2024 01:47:52 GMT",
        "Strict-Transport-Security": "max-age=31536000; includeSubDomains; preload",
        "X-Content-Type-Options": "nosniff",
        "x-envoy-upstream-service-time": "8",
        "x-ms-region": "East US"
      },
      "ResponseBody": {
        "operationId": "31438275131_3e848708-a616-4ddf-aaf4-99cb4694f1d5",
        "kind": "documentModelBuild",
        "status": "succeeded",
        "createdDateTime": "2024-10-05T01:47:49Z",
        "lastUpdatedDateTime": "2024-10-05T01:47:52Z",
        "resourceLocation": "https://camaiaor-localtests.cognitiveservices.azure.com/documentintelligence/documentModels/1470090170?api-version=2024-07-31-preview",
        "percentCompleted": 100,
        "result": {
          "docTypes": {
            "1470090170": {
              "fieldSchema": {
                "Merchant": {
                  "type": "string"
                },
                "PhoneNumber": {
                  "type": "string"
                },
                "Website": {
                  "type": "string"
                },
                "Email": {
                  "type": "string"
                },
                "PurchaseOrderNumber": {
                  "type": "string"
                },
                "DatedAs": {
                  "type": "string"
                },
                "VendorName": {
                  "type": "string"
                },
                "CompanyName": {
                  "type": "string"
                },
                "CompanyAddress": {
                  "type": "string"
                },
                "CompanyPhoneNumber": {
                  "type": "string"
                },
                "Subtotal": {
                  "type": "string"
                },
                "Tax": {
                  "type": "string"
                },
                "Total": {
                  "type": "string"
                },
                "Signature": {
                  "type": "string"
                },
                "Quantity": {
                  "type": "number"
                },
                "FullSignature": {
                  "type": "signature"
                }
              },
              "buildMode": "template",
              "fieldConfidence": {
                "CompanyAddress": 0.8,
                "CompanyName": 0.995,
                "CompanyPhoneNumber": 0.995,
                "DatedAs": 0.995,
                "Email": 0.8,
                "FullSignature": 0.6,
                "Merchant": 0.995,
                "PhoneNumber": 0.995,
                "PurchaseOrderNumber": 0.995,
                "Quantity": 0.995,
                "Signature": 0.995,
                "Subtotal": 0.995,
                "Tax": 0.995,
                "Total": 0.995,
                "VendorName": 0.995,
                "Website": 0.995
              }
            }
          },
          "modelId": "1470090170",
          "createdDateTime": "2024-10-05T01:47:52Z",
          "expirationDateTime": "2026-10-05T01:47:52Z",
          "apiVersion": "2024-07-31-preview"
        },
        "apiVersion": "2024-07-31-preview"
      }
    },
    {
      "RequestUri": "https://camaiaor-localtests.cognitiveservices.azure.com/documentintelligence/documentModels:build?api-version=2024-07-31-preview",
      "RequestMethod": "POST",
      "RequestHeaders": {
        "Accept": "application/json",
        "Authorization": "Sanitized",
        "Content-Length": "124",
        "Content-Type": "application/json",
        "traceparent": "00-2f803784f12c60d246c3f9e9365fe453-46e9b9fbba893ad0-00",
        "User-Agent": "azsdk-net-AI.DocumentIntelligence/1.0.0-alpha.20241003.1 (.NET 8.0.8; Microsoft Windows 10.0.26100)",
        "x-ms-client-request-id": "Sanitized",
        "x-ms-return-client-request-id": "true"
      },
      "RequestBody": {
        "modelId": "1170260665",
        "buildMode": "template",
        "azureBlobSource": {
          "containerUrl": "https://sanitized.blob.core.windows.net"
        }
      },
      "StatusCode": 202,
      "ResponseHeaders": {
        "apim-request-id": "13571a4c-9ff3-4c1f-beb1-005c774b6da5",
        "Content-Length": "0",
        "Date": "Sat, 05 Oct 2024 01:47:57 GMT",
        "operation-location": "https://camaiaor-localtests.cognitiveservices.azure.com/documentintelligence/operations/31438275125_13571a4c-9ff3-4c1f-beb1-005c774b6da5?api-version=2024-07-31-preview",
        "Strict-Transport-Security": "max-age=31536000; includeSubDomains; preload",
        "X-Content-Type-Options": "nosniff",
        "x-envoy-upstream-service-time": "2475",
        "x-ms-region": "East US"
      },
      "ResponseBody": null
    },
    {
      "RequestUri": "https://camaiaor-localtests.cognitiveservices.azure.com/documentintelligence/operations/31438275125_13571a4c-9ff3-4c1f-beb1-005c774b6da5?api-version=2024-07-31-preview",
      "RequestMethod": "GET",
      "RequestHeaders": {
        "Authorization": "Sanitized",
        "traceparent": "00-2f803784f12c60d246c3f9e9365fe453-48ffd5a18fc6ab23-00",
        "User-Agent": "azsdk-net-AI.DocumentIntelligence/1.0.0-alpha.20241003.1 (.NET 8.0.8; Microsoft Windows 10.0.26100)",
        "x-ms-client-request-id": "Sanitized",
        "x-ms-return-client-request-id": "true"
      },
      "RequestBody": null,
      "StatusCode": 200,
      "ResponseHeaders": {
        "apim-request-id": "8de99fe6-7917-4252-a23a-06de0a2924d7",
        "Content-Length": "417",
        "Content-Type": "application/json",
        "Date": "Sat, 05 Oct 2024 01:47:57 GMT",
        "Strict-Transport-Security": "max-age=31536000; includeSubDomains; preload",
        "X-Content-Type-Options": "nosniff",
        "x-envoy-upstream-service-time": "8",
        "x-ms-region": "East US"
      },
      "ResponseBody": {
        "operationId": "31438275125_13571a4c-9ff3-4c1f-beb1-005c774b6da5",
        "kind": "documentModelBuild",
        "status": "running",
        "createdDateTime": "2024-10-05T01:47:55Z",
        "lastUpdatedDateTime": "2024-10-05T01:47:57Z",
        "resourceLocation": "https://camaiaor-localtests.cognitiveservices.azure.com/documentintelligence/documentModels/1170260665?api-version=2024-07-31-preview",
        "apiVersion": "2024-07-31-preview"
      }
    },
    {
      "RequestUri": "https://camaiaor-localtests.cognitiveservices.azure.com/documentintelligence/operations/31438275125_13571a4c-9ff3-4c1f-beb1-005c774b6da5?api-version=2024-07-31-preview",
      "RequestMethod": "GET",
      "RequestHeaders": {
        "Authorization": "Sanitized",
        "traceparent": "00-2f803784f12c60d246c3f9e9365fe453-3d68699a3286c37a-00",
        "User-Agent": "azsdk-net-AI.DocumentIntelligence/1.0.0-alpha.20241003.1 (.NET 8.0.8; Microsoft Windows 10.0.26100)",
        "x-ms-client-request-id": "Sanitized",
        "x-ms-return-client-request-id": "true"
      },
      "RequestBody": null,
      "StatusCode": 200,
      "ResponseHeaders": {
        "apim-request-id": "998efc32-9f68-4b6c-ae95-2929db270f25",
        "Content-Length": "2364",
        "Content-Type": "application/json",
        "Date": "Sat, 05 Oct 2024 01:47:59 GMT",
        "Strict-Transport-Security": "max-age=31536000; includeSubDomains; preload",
        "X-Content-Type-Options": "nosniff",
        "x-envoy-upstream-service-time": "7",
        "x-ms-region": "East US"
      },
      "ResponseBody": {
        "operationId": "31438275125_13571a4c-9ff3-4c1f-beb1-005c774b6da5",
        "kind": "documentModelBuild",
        "status": "succeeded",
        "createdDateTime": "2024-10-05T01:47:55Z",
        "lastUpdatedDateTime": "2024-10-05T01:47:58Z",
        "resourceLocation": "https://camaiaor-localtests.cognitiveservices.azure.com/documentintelligence/documentModels/1170260665?api-version=2024-07-31-preview",
        "percentCompleted": 100,
        "result": {
          "docTypes": {
            "1170260665": {
              "fieldSchema": {
                "Merchant": {
                  "type": "string"
                },
                "PhoneNumber": {
                  "type": "string"
                },
                "Website": {
                  "type": "string"
                },
                "Email": {
                  "type": "string"
                },
                "PurchaseOrderNumber": {
                  "type": "string"
                },
                "DatedAs": {
                  "type": "string"
                },
                "VendorName": {
                  "type": "string"
                },
                "CompanyName": {
                  "type": "string"
                },
                "CompanyAddress": {
                  "type": "string"
                },
                "CompanyPhoneNumber": {
                  "type": "string"
                },
                "Subtotal": {
                  "type": "string"
                },
                "Tax": {
                  "type": "string"
                },
                "Total": {
                  "type": "string"
                },
                "Signature": {
                  "type": "string"
                },
                "Quantity": {
                  "type": "number"
                },
                "FullSignature": {
                  "type": "signature"
                }
              },
              "buildMode": "template",
              "fieldConfidence": {
                "CompanyAddress": 0.8,
                "CompanyName": 0.995,
                "CompanyPhoneNumber": 0.995,
                "DatedAs": 0.995,
                "Email": 0.8,
                "FullSignature": 0.6,
                "Merchant": 0.995,
                "PhoneNumber": 0.995,
                "PurchaseOrderNumber": 0.995,
                "Quantity": 0.995,
                "Signature": 0.995,
                "Subtotal": 0.995,
                "Tax": 0.995,
                "Total": 0.995,
                "VendorName": 0.995,
                "Website": 0.995
              }
            }
          },
          "modelId": "1170260665",
          "createdDateTime": "2024-10-05T01:47:58Z",
          "expirationDateTime": "2026-10-05T01:47:58Z",
          "apiVersion": "2024-07-31-preview"
        },
        "apiVersion": "2024-07-31-preview"
      }
    },
    {
      "RequestUri": "https://camaiaor-localtests.cognitiveservices.azure.com/documentintelligence/documentClassifiers:build?api-version=2024-07-31-preview",
      "RequestMethod": "POST",
      "RequestHeaders": {
        "Accept": "application/json",
        "Authorization": "Sanitized",
        "Content-Length": "641",
        "Content-Type": "application/json",
        "traceparent": "00-6e07e383ef292a5302abb3b42b223031-806fa0ae43c08d94-00",
        "User-Agent": "azsdk-net-AI.DocumentIntelligence/1.0.0-alpha.20241003.1 (.NET 8.0.8; Microsoft Windows 10.0.26100)",
        "x-ms-client-request-id": "Sanitized",
        "x-ms-return-client-request-id": "true"
      },
      "RequestBody": {
        "classifierId": "721818735",
        "docTypes": {
          "IRS-1040-A": {
            "azureBlobSource": {
              "containerUrl": "https://sanitized.blob.core.windows.net",
              "prefix": "IRS-1040-A/train"
            }
          },
          "IRS-1040-B": {
            "azureBlobSource": {
              "containerUrl": "https://sanitized.blob.core.windows.net",
              "prefix": "IRS-1040-B/train"
            }
          },
          "IRS-1040-C": {
            "azureBlobSource": {
              "containerUrl": "https://sanitized.blob.core.windows.net",
              "prefix": "IRS-1040-C/train"
            }
          },
          "IRS-1040-D": {
            "azureBlobSource": {
              "containerUrl": "https://sanitized.blob.core.windows.net",
              "prefix": "IRS-1040-D/train"
            }
          },
          "IRS-1040-E": {
            "azureBlobSource": {
              "containerUrl": "https://sanitized.blob.core.windows.net",
              "prefix": "IRS-1040-E/train"
            }
          }
        }
      },
      "StatusCode": 202,
      "ResponseHeaders": {
        "apim-request-id": "af7fee5e-af9d-48ee-8afc-71024e35e200",
        "Content-Length": "0",
        "Date": "Sat, 05 Oct 2024 01:48:02 GMT",
        "operation-location": "https://camaiaor-localtests.cognitiveservices.azure.com/documentintelligence/operations/31438275117_af7fee5e-af9d-48ee-8afc-71024e35e200?api-version=2024-07-31-preview",
        "Strict-Transport-Security": "max-age=31536000; includeSubDomains; preload",
        "X-Content-Type-Options": "nosniff",
        "x-envoy-upstream-service-time": "64",
        "x-ms-region": "East US"
      },
      "ResponseBody": null
    },
    {
      "RequestUri": "https://camaiaor-localtests.cognitiveservices.azure.com/documentintelligence/operations/31438275117_af7fee5e-af9d-48ee-8afc-71024e35e200?api-version=2024-07-31-preview",
      "RequestMethod": "GET",
      "RequestHeaders": {
        "Authorization": "Sanitized",
        "traceparent": "00-6e07e383ef292a5302abb3b42b223031-fa26f45aa7d4719c-00",
        "User-Agent": "azsdk-net-AI.DocumentIntelligence/1.0.0-alpha.20241003.1 (.NET 8.0.8; Microsoft Windows 10.0.26100)",
        "x-ms-client-request-id": "Sanitized",
        "x-ms-return-client-request-id": "true"
      },
      "RequestBody": null,
      "StatusCode": 200,
      "ResponseHeaders": {
        "apim-request-id": "3de7098e-e8c4-490f-aa73-66f0eb72c4dd",
        "Content-Length": "429",
        "Content-Type": "application/json",
        "Date": "Sat, 05 Oct 2024 01:48:02 GMT",
        "Strict-Transport-Security": "max-age=31536000; includeSubDomains; preload",
        "X-Content-Type-Options": "nosniff",
        "x-envoy-upstream-service-time": "6",
        "x-ms-region": "East US"
      },
      "ResponseBody": {
        "operationId": "31438275117_af7fee5e-af9d-48ee-8afc-71024e35e200",
        "kind": "documentClassifierBuild",
        "status": "notStarted",
        "createdDateTime": "2024-10-05T01:48:02Z",
        "lastUpdatedDateTime": "2024-10-05T01:48:02Z",
        "resourceLocation": "https://camaiaor-localtests.cognitiveservices.azure.com/documentintelligence/documentClassifiers/721818735?api-version=2024-07-31-preview",
        "apiVersion": "2024-07-31-preview"
      }
    },
    {
      "RequestUri": "https://camaiaor-localtests.cognitiveservices.azure.com/documentintelligence/operations/31438275117_af7fee5e-af9d-48ee-8afc-71024e35e200?api-version=2024-07-31-preview",
      "RequestMethod": "GET",
      "RequestHeaders": {
        "Authorization": "Sanitized",
        "traceparent": "00-6e07e383ef292a5302abb3b42b223031-5e51b48ef093d609-00",
        "User-Agent": "azsdk-net-AI.DocumentIntelligence/1.0.0-alpha.20241003.1 (.NET 8.0.8; Microsoft Windows 10.0.26100)",
        "x-ms-client-request-id": "Sanitized",
        "x-ms-return-client-request-id": "true"
      },
      "RequestBody": null,
      "StatusCode": 200,
      "ResponseHeaders": {
        "apim-request-id": "59985ad0-f1dd-4cbe-a855-5bb78ca2de00",
        "Content-Length": "451",
        "Content-Type": "application/json",
        "Date": "Sat, 05 Oct 2024 01:48:03 GMT",
        "Strict-Transport-Security": "max-age=31536000; includeSubDomains; preload",
        "X-Content-Type-Options": "nosniff",
        "x-envoy-upstream-service-time": "7",
        "x-ms-region": "East US"
      },
      "ResponseBody": {
        "operationId": "31438275117_af7fee5e-af9d-48ee-8afc-71024e35e200",
        "kind": "documentClassifierBuild",
        "status": "running",
        "createdDateTime": "2024-10-05T01:48:02Z",
        "lastUpdatedDateTime": "2024-10-05T01:48:03Z",
        "resourceLocation": "https://camaiaor-localtests.cognitiveservices.azure.com/documentintelligence/documentClassifiers/721818735?api-version=2024-07-31-preview",
        "percentCompleted": 0,
        "apiVersion": "2024-07-31-preview"
      }
    },
    {
      "RequestUri": "https://camaiaor-localtests.cognitiveservices.azure.com/documentintelligence/operations/31438275117_af7fee5e-af9d-48ee-8afc-71024e35e200?api-version=2024-07-31-preview",
      "RequestMethod": "GET",
      "RequestHeaders": {
        "Authorization": "Sanitized",
        "traceparent": "00-6e07e383ef292a5302abb3b42b223031-5320ef8b063c0de0-00",
        "User-Agent": "azsdk-net-AI.DocumentIntelligence/1.0.0-alpha.20241003.1 (.NET 8.0.8; Microsoft Windows 10.0.26100)",
        "x-ms-client-request-id": "Sanitized",
        "x-ms-return-client-request-id": "true"
      },
      "RequestBody": null,
      "StatusCode": 200,
      "ResponseHeaders": {
        "apim-request-id": "f8c538a0-b81c-41bd-9795-92852a922d5f",
        "Content-Length": "451",
        "Content-Type": "application/json",
        "Date": "Sat, 05 Oct 2024 01:48:04 GMT",
        "Strict-Transport-Security": "max-age=31536000; includeSubDomains; preload",
        "X-Content-Type-Options": "nosniff",
        "x-envoy-upstream-service-time": "8",
        "x-ms-region": "East US"
      },
      "ResponseBody": {
        "operationId": "31438275117_af7fee5e-af9d-48ee-8afc-71024e35e200",
        "kind": "documentClassifierBuild",
        "status": "running",
        "createdDateTime": "2024-10-05T01:48:02Z",
        "lastUpdatedDateTime": "2024-10-05T01:48:03Z",
        "resourceLocation": "https://camaiaor-localtests.cognitiveservices.azure.com/documentintelligence/documentClassifiers/721818735?api-version=2024-07-31-preview",
        "percentCompleted": 0,
        "apiVersion": "2024-07-31-preview"
      }
    },
    {
      "RequestUri": "https://camaiaor-localtests.cognitiveservices.azure.com/documentintelligence/operations/31438275117_af7fee5e-af9d-48ee-8afc-71024e35e200?api-version=2024-07-31-preview",
      "RequestMethod": "GET",
      "RequestHeaders": {
        "Authorization": "Sanitized",
        "traceparent": "00-6e07e383ef292a5302abb3b42b223031-a1cc560b49c3dde8-00",
        "User-Agent": "azsdk-net-AI.DocumentIntelligence/1.0.0-alpha.20241003.1 (.NET 8.0.8; Microsoft Windows 10.0.26100)",
        "x-ms-client-request-id": "Sanitized",
        "x-ms-return-client-request-id": "true"
      },
      "RequestBody": null,
      "StatusCode": 200,
      "ResponseHeaders": {
        "apim-request-id": "ff416878-19cd-4ff7-9199-3483973549c2",
        "Content-Length": "451",
        "Content-Type": "application/json",
        "Date": "Sat, 05 Oct 2024 01:48:05 GMT",
        "Strict-Transport-Security": "max-age=31536000; includeSubDomains; preload",
        "X-Content-Type-Options": "nosniff",
        "x-envoy-upstream-service-time": "8",
        "x-ms-region": "East US"
      },
      "ResponseBody": {
        "operationId": "31438275117_af7fee5e-af9d-48ee-8afc-71024e35e200",
        "kind": "documentClassifierBuild",
        "status": "running",
        "createdDateTime": "2024-10-05T01:48:02Z",
        "lastUpdatedDateTime": "2024-10-05T01:48:03Z",
        "resourceLocation": "https://camaiaor-localtests.cognitiveservices.azure.com/documentintelligence/documentClassifiers/721818735?api-version=2024-07-31-preview",
        "percentCompleted": 0,
        "apiVersion": "2024-07-31-preview"
      }
    },
    {
      "RequestUri": "https://camaiaor-localtests.cognitiveservices.azure.com/documentintelligence/operations/31438275117_af7fee5e-af9d-48ee-8afc-71024e35e200?api-version=2024-07-31-preview",
      "RequestMethod": "GET",
      "RequestHeaders": {
        "Authorization": "Sanitized",
        "traceparent": "00-6e07e383ef292a5302abb3b42b223031-6b17a201713d06d1-00",
        "User-Agent": "azsdk-net-AI.DocumentIntelligence/1.0.0-alpha.20241003.1 (.NET 8.0.8; Microsoft Windows 10.0.26100)",
        "x-ms-client-request-id": "Sanitized",
        "x-ms-return-client-request-id": "true"
      },
      "RequestBody": null,
      "StatusCode": 200,
      "ResponseHeaders": {
        "apim-request-id": "783a5159-cc0b-4e7e-98f0-a6fe87f52c55",
        "Content-Length": "451",
        "Content-Type": "application/json",
        "Date": "Sat, 05 Oct 2024 01:48:07 GMT",
        "Strict-Transport-Security": "max-age=31536000; includeSubDomains; preload",
        "X-Content-Type-Options": "nosniff",
        "x-envoy-upstream-service-time": "7",
        "x-ms-region": "East US"
      },
      "ResponseBody": {
        "operationId": "31438275117_af7fee5e-af9d-48ee-8afc-71024e35e200",
        "kind": "documentClassifierBuild",
        "status": "running",
        "createdDateTime": "2024-10-05T01:48:02Z",
        "lastUpdatedDateTime": "2024-10-05T01:48:03Z",
        "resourceLocation": "https://camaiaor-localtests.cognitiveservices.azure.com/documentintelligence/documentClassifiers/721818735?api-version=2024-07-31-preview",
        "percentCompleted": 0,
        "apiVersion": "2024-07-31-preview"
      }
    },
    {
      "RequestUri": "https://camaiaor-localtests.cognitiveservices.azure.com/documentintelligence/operations/31438275117_af7fee5e-af9d-48ee-8afc-71024e35e200?api-version=2024-07-31-preview",
      "RequestMethod": "GET",
      "RequestHeaders": {
        "Authorization": "Sanitized",
        "traceparent": "00-6e07e383ef292a5302abb3b42b223031-2574c55580bac38a-00",
        "User-Agent": "azsdk-net-AI.DocumentIntelligence/1.0.0-alpha.20241003.1 (.NET 8.0.8; Microsoft Windows 10.0.26100)",
        "x-ms-client-request-id": "Sanitized",
        "x-ms-return-client-request-id": "true"
      },
      "RequestBody": null,
      "StatusCode": 200,
      "ResponseHeaders": {
        "apim-request-id": "f6857629-15c4-49e1-8e71-4cb9ccf9f49a",
        "Content-Length": "451",
        "Content-Type": "application/json",
        "Date": "Sat, 05 Oct 2024 01:48:08 GMT",
        "Strict-Transport-Security": "max-age=31536000; includeSubDomains; preload",
        "X-Content-Type-Options": "nosniff",
        "x-envoy-upstream-service-time": "7",
        "x-ms-region": "East US"
      },
      "ResponseBody": {
        "operationId": "31438275117_af7fee5e-af9d-48ee-8afc-71024e35e200",
        "kind": "documentClassifierBuild",
        "status": "running",
        "createdDateTime": "2024-10-05T01:48:02Z",
        "lastUpdatedDateTime": "2024-10-05T01:48:03Z",
        "resourceLocation": "https://camaiaor-localtests.cognitiveservices.azure.com/documentintelligence/documentClassifiers/721818735?api-version=2024-07-31-preview",
        "percentCompleted": 0,
        "apiVersion": "2024-07-31-preview"
      }
    },
    {
      "RequestUri": "https://camaiaor-localtests.cognitiveservices.azure.com/documentintelligence/operations/31438275117_af7fee5e-af9d-48ee-8afc-71024e35e200?api-version=2024-07-31-preview",
      "RequestMethod": "GET",
      "RequestHeaders": {
        "Authorization": "Sanitized",
        "traceparent": "00-6e07e383ef292a5302abb3b42b223031-b2325719c24373f5-00",
        "User-Agent": "azsdk-net-AI.DocumentIntelligence/1.0.0-alpha.20241003.1 (.NET 8.0.8; Microsoft Windows 10.0.26100)",
        "x-ms-client-request-id": "Sanitized",
        "x-ms-return-client-request-id": "true"
      },
      "RequestBody": null,
      "StatusCode": 200,
      "ResponseHeaders": {
        "apim-request-id": "5c24530c-14e2-4f32-aeaf-4c3d1ed70e42",
        "Content-Length": "451",
        "Content-Type": "application/json",
        "Date": "Sat, 05 Oct 2024 01:48:09 GMT",
        "Strict-Transport-Security": "max-age=31536000; includeSubDomains; preload",
        "X-Content-Type-Options": "nosniff",
        "x-envoy-upstream-service-time": "8",
        "x-ms-region": "East US"
      },
      "ResponseBody": {
        "operationId": "31438275117_af7fee5e-af9d-48ee-8afc-71024e35e200",
        "kind": "documentClassifierBuild",
        "status": "running",
        "createdDateTime": "2024-10-05T01:48:02Z",
        "lastUpdatedDateTime": "2024-10-05T01:48:03Z",
        "resourceLocation": "https://camaiaor-localtests.cognitiveservices.azure.com/documentintelligence/documentClassifiers/721818735?api-version=2024-07-31-preview",
        "percentCompleted": 0,
        "apiVersion": "2024-07-31-preview"
      }
    },
    {
      "RequestUri": "https://camaiaor-localtests.cognitiveservices.azure.com/documentintelligence/operations/31438275117_af7fee5e-af9d-48ee-8afc-71024e35e200?api-version=2024-07-31-preview",
      "RequestMethod": "GET",
      "RequestHeaders": {
        "Authorization": "Sanitized",
        "traceparent": "00-6e07e383ef292a5302abb3b42b223031-03d5c91cd1533e87-00",
        "User-Agent": "azsdk-net-AI.DocumentIntelligence/1.0.0-alpha.20241003.1 (.NET 8.0.8; Microsoft Windows 10.0.26100)",
        "x-ms-client-request-id": "Sanitized",
        "x-ms-return-client-request-id": "true"
      },
      "RequestBody": null,
      "StatusCode": 200,
      "ResponseHeaders": {
        "apim-request-id": "0aff71eb-a8b7-41ad-82e9-0ef4b3fb709f",
        "Content-Length": "451",
        "Content-Type": "application/json",
        "Date": "Sat, 05 Oct 2024 01:48:10 GMT",
        "Strict-Transport-Security": "max-age=31536000; includeSubDomains; preload",
        "X-Content-Type-Options": "nosniff",
        "x-envoy-upstream-service-time": "7",
        "x-ms-region": "East US"
      },
      "ResponseBody": {
        "operationId": "31438275117_af7fee5e-af9d-48ee-8afc-71024e35e200",
        "kind": "documentClassifierBuild",
        "status": "running",
        "createdDateTime": "2024-10-05T01:48:02Z",
        "lastUpdatedDateTime": "2024-10-05T01:48:03Z",
        "resourceLocation": "https://camaiaor-localtests.cognitiveservices.azure.com/documentintelligence/documentClassifiers/721818735?api-version=2024-07-31-preview",
        "percentCompleted": 0,
        "apiVersion": "2024-07-31-preview"
      }
    },
    {
      "RequestUri": "https://camaiaor-localtests.cognitiveservices.azure.com/documentintelligence/operations/31438275117_af7fee5e-af9d-48ee-8afc-71024e35e200?api-version=2024-07-31-preview",
      "RequestMethod": "GET",
      "RequestHeaders": {
        "Authorization": "Sanitized",
        "traceparent": "00-6e07e383ef292a5302abb3b42b223031-2d7a2cf32505ba4f-00",
        "User-Agent": "azsdk-net-AI.DocumentIntelligence/1.0.0-alpha.20241003.1 (.NET 8.0.8; Microsoft Windows 10.0.26100)",
        "x-ms-client-request-id": "Sanitized",
        "x-ms-return-client-request-id": "true"
      },
      "RequestBody": null,
      "StatusCode": 200,
      "ResponseHeaders": {
        "apim-request-id": "6edf3250-9473-45f6-a326-57b033be4d6f",
        "Content-Length": "451",
        "Content-Type": "application/json",
        "Date": "Sat, 05 Oct 2024 01:48:11 GMT",
        "Strict-Transport-Security": "max-age=31536000; includeSubDomains; preload",
        "X-Content-Type-Options": "nosniff",
        "x-envoy-upstream-service-time": "10",
        "x-ms-region": "East US"
      },
      "ResponseBody": {
        "operationId": "31438275117_af7fee5e-af9d-48ee-8afc-71024e35e200",
        "kind": "documentClassifierBuild",
        "status": "running",
        "createdDateTime": "2024-10-05T01:48:02Z",
        "lastUpdatedDateTime": "2024-10-05T01:48:03Z",
        "resourceLocation": "https://camaiaor-localtests.cognitiveservices.azure.com/documentintelligence/documentClassifiers/721818735?api-version=2024-07-31-preview",
        "percentCompleted": 0,
        "apiVersion": "2024-07-31-preview"
      }
    },
    {
      "RequestUri": "https://camaiaor-localtests.cognitiveservices.azure.com/documentintelligence/operations/31438275117_af7fee5e-af9d-48ee-8afc-71024e35e200?api-version=2024-07-31-preview",
      "RequestMethod": "GET",
      "RequestHeaders": {
        "Authorization": "Sanitized",
        "traceparent": "00-6e07e383ef292a5302abb3b42b223031-0d82a65c765a5243-00",
        "User-Agent": "azsdk-net-AI.DocumentIntelligence/1.0.0-alpha.20241003.1 (.NET 8.0.8; Microsoft Windows 10.0.26100)",
        "x-ms-client-request-id": "Sanitized",
        "x-ms-return-client-request-id": "true"
      },
      "RequestBody": null,
      "StatusCode": 200,
      "ResponseHeaders": {
        "apim-request-id": "008d25d6-3186-48cc-a6b0-8d1dc88ecc5d",
        "Content-Length": "451",
        "Content-Type": "application/json",
        "Date": "Sat, 05 Oct 2024 01:48:12 GMT",
        "Strict-Transport-Security": "max-age=31536000; includeSubDomains; preload",
        "X-Content-Type-Options": "nosniff",
        "x-envoy-upstream-service-time": "8",
        "x-ms-region": "East US"
      },
      "ResponseBody": {
        "operationId": "31438275117_af7fee5e-af9d-48ee-8afc-71024e35e200",
        "kind": "documentClassifierBuild",
        "status": "running",
        "createdDateTime": "2024-10-05T01:48:02Z",
        "lastUpdatedDateTime": "2024-10-05T01:48:03Z",
        "resourceLocation": "https://camaiaor-localtests.cognitiveservices.azure.com/documentintelligence/documentClassifiers/721818735?api-version=2024-07-31-preview",
        "percentCompleted": 0,
        "apiVersion": "2024-07-31-preview"
      }
    },
    {
      "RequestUri": "https://camaiaor-localtests.cognitiveservices.azure.com/documentintelligence/operations/31438275117_af7fee5e-af9d-48ee-8afc-71024e35e200?api-version=2024-07-31-preview",
      "RequestMethod": "GET",
      "RequestHeaders": {
        "Authorization": "Sanitized",
        "traceparent": "00-6e07e383ef292a5302abb3b42b223031-db72783dd49576d9-00",
        "User-Agent": "azsdk-net-AI.DocumentIntelligence/1.0.0-alpha.20241003.1 (.NET 8.0.8; Microsoft Windows 10.0.26100)",
        "x-ms-client-request-id": "Sanitized",
        "x-ms-return-client-request-id": "true"
      },
      "RequestBody": null,
      "StatusCode": 200,
      "ResponseHeaders": {
        "apim-request-id": "27d84952-5ec4-4712-877d-4d8ccc26b3bd",
        "Content-Length": "451",
        "Content-Type": "application/json",
        "Date": "Sat, 05 Oct 2024 01:48:13 GMT",
        "Strict-Transport-Security": "max-age=31536000; includeSubDomains; preload",
        "X-Content-Type-Options": "nosniff",
        "x-envoy-upstream-service-time": "8",
        "x-ms-region": "East US"
      },
      "ResponseBody": {
        "operationId": "31438275117_af7fee5e-af9d-48ee-8afc-71024e35e200",
        "kind": "documentClassifierBuild",
        "status": "running",
        "createdDateTime": "2024-10-05T01:48:02Z",
        "lastUpdatedDateTime": "2024-10-05T01:48:03Z",
        "resourceLocation": "https://camaiaor-localtests.cognitiveservices.azure.com/documentintelligence/documentClassifiers/721818735?api-version=2024-07-31-preview",
        "percentCompleted": 0,
        "apiVersion": "2024-07-31-preview"
      }
    },
    {
      "RequestUri": "https://camaiaor-localtests.cognitiveservices.azure.com/documentintelligence/operations/31438275117_af7fee5e-af9d-48ee-8afc-71024e35e200?api-version=2024-07-31-preview",
      "RequestMethod": "GET",
      "RequestHeaders": {
        "Authorization": "Sanitized",
        "traceparent": "00-6e07e383ef292a5302abb3b42b223031-ceeae1273113fef1-00",
        "User-Agent": "azsdk-net-AI.DocumentIntelligence/1.0.0-alpha.20241003.1 (.NET 8.0.8; Microsoft Windows 10.0.26100)",
        "x-ms-client-request-id": "Sanitized",
        "x-ms-return-client-request-id": "true"
      },
      "RequestBody": null,
      "StatusCode": 200,
      "ResponseHeaders": {
        "apim-request-id": "0e546e8b-85f1-4758-a51b-5e20aca04dbe",
        "Content-Length": "451",
        "Content-Type": "application/json",
        "Date": "Sat, 05 Oct 2024 01:48:14 GMT",
        "Strict-Transport-Security": "max-age=31536000; includeSubDomains; preload",
        "X-Content-Type-Options": "nosniff",
        "x-envoy-upstream-service-time": "8",
        "x-ms-region": "East US"
      },
      "ResponseBody": {
        "operationId": "31438275117_af7fee5e-af9d-48ee-8afc-71024e35e200",
        "kind": "documentClassifierBuild",
        "status": "running",
        "createdDateTime": "2024-10-05T01:48:02Z",
        "lastUpdatedDateTime": "2024-10-05T01:48:03Z",
        "resourceLocation": "https://camaiaor-localtests.cognitiveservices.azure.com/documentintelligence/documentClassifiers/721818735?api-version=2024-07-31-preview",
        "percentCompleted": 0,
        "apiVersion": "2024-07-31-preview"
      }
    },
    {
      "RequestUri": "https://camaiaor-localtests.cognitiveservices.azure.com/documentintelligence/operations/31438275117_af7fee5e-af9d-48ee-8afc-71024e35e200?api-version=2024-07-31-preview",
      "RequestMethod": "GET",
      "RequestHeaders": {
        "Authorization": "Sanitized",
        "traceparent": "00-6e07e383ef292a5302abb3b42b223031-dfd9b7bd763027b6-00",
        "User-Agent": "azsdk-net-AI.DocumentIntelligence/1.0.0-alpha.20241003.1 (.NET 8.0.8; Microsoft Windows 10.0.26100)",
        "x-ms-client-request-id": "Sanitized",
        "x-ms-return-client-request-id": "true"
      },
      "RequestBody": null,
      "StatusCode": 200,
      "ResponseHeaders": {
        "apim-request-id": "90170ced-8ba4-4e99-83a4-7e4520ba600c",
        "Content-Length": "451",
        "Content-Type": "application/json",
        "Date": "Sat, 05 Oct 2024 01:48:15 GMT",
        "Strict-Transport-Security": "max-age=31536000; includeSubDomains; preload",
        "X-Content-Type-Options": "nosniff",
        "x-envoy-upstream-service-time": "7",
        "x-ms-region": "East US"
      },
      "ResponseBody": {
        "operationId": "31438275117_af7fee5e-af9d-48ee-8afc-71024e35e200",
        "kind": "documentClassifierBuild",
        "status": "running",
        "createdDateTime": "2024-10-05T01:48:02Z",
        "lastUpdatedDateTime": "2024-10-05T01:48:03Z",
        "resourceLocation": "https://camaiaor-localtests.cognitiveservices.azure.com/documentintelligence/documentClassifiers/721818735?api-version=2024-07-31-preview",
        "percentCompleted": 0,
        "apiVersion": "2024-07-31-preview"
      }
    },
    {
      "RequestUri": "https://camaiaor-localtests.cognitiveservices.azure.com/documentintelligence/operations/31438275117_af7fee5e-af9d-48ee-8afc-71024e35e200?api-version=2024-07-31-preview",
      "RequestMethod": "GET",
      "RequestHeaders": {
        "Authorization": "Sanitized",
        "traceparent": "00-6e07e383ef292a5302abb3b42b223031-f49cf0a76dcd3074-00",
        "User-Agent": "azsdk-net-AI.DocumentIntelligence/1.0.0-alpha.20241003.1 (.NET 8.0.8; Microsoft Windows 10.0.26100)",
        "x-ms-client-request-id": "Sanitized",
        "x-ms-return-client-request-id": "true"
      },
      "RequestBody": null,
      "StatusCode": 200,
      "ResponseHeaders": {
        "apim-request-id": "467298c7-1d73-4bc6-80b1-317678df5781",
        "Content-Length": "451",
        "Content-Type": "application/json",
        "Date": "Sat, 05 Oct 2024 01:48:16 GMT",
        "Strict-Transport-Security": "max-age=31536000; includeSubDomains; preload",
        "X-Content-Type-Options": "nosniff",
        "x-envoy-upstream-service-time": "9",
        "x-ms-region": "East US"
      },
      "ResponseBody": {
        "operationId": "31438275117_af7fee5e-af9d-48ee-8afc-71024e35e200",
        "kind": "documentClassifierBuild",
        "status": "running",
        "createdDateTime": "2024-10-05T01:48:02Z",
        "lastUpdatedDateTime": "2024-10-05T01:48:03Z",
        "resourceLocation": "https://camaiaor-localtests.cognitiveservices.azure.com/documentintelligence/documentClassifiers/721818735?api-version=2024-07-31-preview",
        "percentCompleted": 0,
        "apiVersion": "2024-07-31-preview"
      }
    },
    {
      "RequestUri": "https://camaiaor-localtests.cognitiveservices.azure.com/documentintelligence/operations/31438275117_af7fee5e-af9d-48ee-8afc-71024e35e200?api-version=2024-07-31-preview",
      "RequestMethod": "GET",
      "RequestHeaders": {
        "Authorization": "Sanitized",
        "traceparent": "00-6e07e383ef292a5302abb3b42b223031-37a35b99b787ceaa-00",
        "User-Agent": "azsdk-net-AI.DocumentIntelligence/1.0.0-alpha.20241003.1 (.NET 8.0.8; Microsoft Windows 10.0.26100)",
        "x-ms-client-request-id": "Sanitized",
        "x-ms-return-client-request-id": "true"
      },
      "RequestBody": null,
      "StatusCode": 200,
      "ResponseHeaders": {
        "apim-request-id": "4d79e106-ff13-43b3-9e8c-2a55b319ea54",
        "Content-Length": "451",
        "Content-Type": "application/json",
        "Date": "Sat, 05 Oct 2024 01:48:18 GMT",
        "Strict-Transport-Security": "max-age=31536000; includeSubDomains; preload",
        "X-Content-Type-Options": "nosniff",
        "x-envoy-upstream-service-time": "7",
        "x-ms-region": "East US"
      },
      "ResponseBody": {
        "operationId": "31438275117_af7fee5e-af9d-48ee-8afc-71024e35e200",
        "kind": "documentClassifierBuild",
        "status": "running",
        "createdDateTime": "2024-10-05T01:48:02Z",
        "lastUpdatedDateTime": "2024-10-05T01:48:03Z",
        "resourceLocation": "https://camaiaor-localtests.cognitiveservices.azure.com/documentintelligence/documentClassifiers/721818735?api-version=2024-07-31-preview",
        "percentCompleted": 0,
        "apiVersion": "2024-07-31-preview"
      }
    },
    {
      "RequestUri": "https://camaiaor-localtests.cognitiveservices.azure.com/documentintelligence/operations/31438275117_af7fee5e-af9d-48ee-8afc-71024e35e200?api-version=2024-07-31-preview",
      "RequestMethod": "GET",
      "RequestHeaders": {
        "Authorization": "Sanitized",
        "traceparent": "00-6e07e383ef292a5302abb3b42b223031-43679c1d70c80bc9-00",
        "User-Agent": "azsdk-net-AI.DocumentIntelligence/1.0.0-alpha.20241003.1 (.NET 8.0.8; Microsoft Windows 10.0.26100)",
        "x-ms-client-request-id": "Sanitized",
        "x-ms-return-client-request-id": "true"
      },
      "RequestBody": null,
      "StatusCode": 200,
      "ResponseHeaders": {
        "apim-request-id": "3d267fa6-86e7-49fa-9dc4-46846f213a24",
        "Content-Length": "451",
        "Content-Type": "application/json",
        "Date": "Sat, 05 Oct 2024 01:48:19 GMT",
        "Strict-Transport-Security": "max-age=31536000; includeSubDomains; preload",
        "X-Content-Type-Options": "nosniff",
        "x-envoy-upstream-service-time": "7",
        "x-ms-region": "East US"
      },
      "ResponseBody": {
        "operationId": "31438275117_af7fee5e-af9d-48ee-8afc-71024e35e200",
        "kind": "documentClassifierBuild",
        "status": "running",
        "createdDateTime": "2024-10-05T01:48:02Z",
        "lastUpdatedDateTime": "2024-10-05T01:48:03Z",
        "resourceLocation": "https://camaiaor-localtests.cognitiveservices.azure.com/documentintelligence/documentClassifiers/721818735?api-version=2024-07-31-preview",
        "percentCompleted": 0,
        "apiVersion": "2024-07-31-preview"
      }
    },
    {
      "RequestUri": "https://camaiaor-localtests.cognitiveservices.azure.com/documentintelligence/operations/31438275117_af7fee5e-af9d-48ee-8afc-71024e35e200?api-version=2024-07-31-preview",
      "RequestMethod": "GET",
      "RequestHeaders": {
        "Authorization": "Sanitized",
        "traceparent": "00-6e07e383ef292a5302abb3b42b223031-78e4a0ecf7d25210-00",
        "User-Agent": "azsdk-net-AI.DocumentIntelligence/1.0.0-alpha.20241003.1 (.NET 8.0.8; Microsoft Windows 10.0.26100)",
        "x-ms-client-request-id": "Sanitized",
        "x-ms-return-client-request-id": "true"
      },
      "RequestBody": null,
      "StatusCode": 200,
      "ResponseHeaders": {
        "apim-request-id": "80bed523-b47c-4ad7-9b71-f998f82eb6e3",
        "Content-Length": "451",
        "Content-Type": "application/json",
        "Date": "Sat, 05 Oct 2024 01:48:20 GMT",
        "Strict-Transport-Security": "max-age=31536000; includeSubDomains; preload",
        "X-Content-Type-Options": "nosniff",
        "x-envoy-upstream-service-time": "7",
        "x-ms-region": "East US"
      },
      "ResponseBody": {
        "operationId": "31438275117_af7fee5e-af9d-48ee-8afc-71024e35e200",
        "kind": "documentClassifierBuild",
        "status": "running",
        "createdDateTime": "2024-10-05T01:48:02Z",
        "lastUpdatedDateTime": "2024-10-05T01:48:03Z",
        "resourceLocation": "https://camaiaor-localtests.cognitiveservices.azure.com/documentintelligence/documentClassifiers/721818735?api-version=2024-07-31-preview",
        "percentCompleted": 0,
        "apiVersion": "2024-07-31-preview"
      }
    },
    {
      "RequestUri": "https://camaiaor-localtests.cognitiveservices.azure.com/documentintelligence/operations/31438275117_af7fee5e-af9d-48ee-8afc-71024e35e200?api-version=2024-07-31-preview",
      "RequestMethod": "GET",
      "RequestHeaders": {
        "Authorization": "Sanitized",
        "traceparent": "00-6e07e383ef292a5302abb3b42b223031-4d13263e5f9c66bb-00",
        "User-Agent": "azsdk-net-AI.DocumentIntelligence/1.0.0-alpha.20241003.1 (.NET 8.0.8; Microsoft Windows 10.0.26100)",
        "x-ms-client-request-id": "Sanitized",
        "x-ms-return-client-request-id": "true"
      },
      "RequestBody": null,
      "StatusCode": 200,
      "ResponseHeaders": {
        "apim-request-id": "3447c0c0-de4b-49ef-8d15-3ff5cca90782",
        "Content-Length": "451",
        "Content-Type": "application/json",
        "Date": "Sat, 05 Oct 2024 01:48:21 GMT",
        "Strict-Transport-Security": "max-age=31536000; includeSubDomains; preload",
        "X-Content-Type-Options": "nosniff",
        "x-envoy-upstream-service-time": "7",
        "x-ms-region": "East US"
      },
      "ResponseBody": {
        "operationId": "31438275117_af7fee5e-af9d-48ee-8afc-71024e35e200",
        "kind": "documentClassifierBuild",
        "status": "running",
        "createdDateTime": "2024-10-05T01:48:02Z",
        "lastUpdatedDateTime": "2024-10-05T01:48:03Z",
        "resourceLocation": "https://camaiaor-localtests.cognitiveservices.azure.com/documentintelligence/documentClassifiers/721818735?api-version=2024-07-31-preview",
        "percentCompleted": 0,
        "apiVersion": "2024-07-31-preview"
      }
    },
    {
      "RequestUri": "https://camaiaor-localtests.cognitiveservices.azure.com/documentintelligence/operations/31438275117_af7fee5e-af9d-48ee-8afc-71024e35e200?api-version=2024-07-31-preview",
      "RequestMethod": "GET",
      "RequestHeaders": {
        "Authorization": "Sanitized",
        "traceparent": "00-6e07e383ef292a5302abb3b42b223031-ab202ad71346c5ea-00",
        "User-Agent": "azsdk-net-AI.DocumentIntelligence/1.0.0-alpha.20241003.1 (.NET 8.0.8; Microsoft Windows 10.0.26100)",
        "x-ms-client-request-id": "Sanitized",
        "x-ms-return-client-request-id": "true"
      },
      "RequestBody": null,
      "StatusCode": 200,
      "ResponseHeaders": {
        "apim-request-id": "d58ab381-d169-4387-9f7e-90815dacd54a",
        "Content-Length": "451",
        "Content-Type": "application/json",
        "Date": "Sat, 05 Oct 2024 01:48:22 GMT",
        "Strict-Transport-Security": "max-age=31536000; includeSubDomains; preload",
        "X-Content-Type-Options": "nosniff",
        "x-envoy-upstream-service-time": "10",
        "x-ms-region": "East US"
      },
      "ResponseBody": {
        "operationId": "31438275117_af7fee5e-af9d-48ee-8afc-71024e35e200",
        "kind": "documentClassifierBuild",
        "status": "running",
        "createdDateTime": "2024-10-05T01:48:02Z",
        "lastUpdatedDateTime": "2024-10-05T01:48:03Z",
        "resourceLocation": "https://camaiaor-localtests.cognitiveservices.azure.com/documentintelligence/documentClassifiers/721818735?api-version=2024-07-31-preview",
        "percentCompleted": 0,
        "apiVersion": "2024-07-31-preview"
      }
    },
    {
      "RequestUri": "https://camaiaor-localtests.cognitiveservices.azure.com/documentintelligence/operations/31438275117_af7fee5e-af9d-48ee-8afc-71024e35e200?api-version=2024-07-31-preview",
      "RequestMethod": "GET",
      "RequestHeaders": {
        "Authorization": "Sanitized",
        "traceparent": "00-6e07e383ef292a5302abb3b42b223031-f0d17dc6eddfd527-00",
        "User-Agent": "azsdk-net-AI.DocumentIntelligence/1.0.0-alpha.20241003.1 (.NET 8.0.8; Microsoft Windows 10.0.26100)",
        "x-ms-client-request-id": "Sanitized",
        "x-ms-return-client-request-id": "true"
      },
      "RequestBody": null,
      "StatusCode": 200,
      "ResponseHeaders": {
        "apim-request-id": "b8ea7c38-901b-417d-ab48-02f67030005a",
        "Content-Length": "451",
        "Content-Type": "application/json",
        "Date": "Sat, 05 Oct 2024 01:48:23 GMT",
        "Strict-Transport-Security": "max-age=31536000; includeSubDomains; preload",
        "X-Content-Type-Options": "nosniff",
        "x-envoy-upstream-service-time": "9",
        "x-ms-region": "East US"
      },
      "ResponseBody": {
        "operationId": "31438275117_af7fee5e-af9d-48ee-8afc-71024e35e200",
        "kind": "documentClassifierBuild",
        "status": "running",
        "createdDateTime": "2024-10-05T01:48:02Z",
        "lastUpdatedDateTime": "2024-10-05T01:48:03Z",
        "resourceLocation": "https://camaiaor-localtests.cognitiveservices.azure.com/documentintelligence/documentClassifiers/721818735?api-version=2024-07-31-preview",
        "percentCompleted": 0,
        "apiVersion": "2024-07-31-preview"
      }
    },
    {
      "RequestUri": "https://camaiaor-localtests.cognitiveservices.azure.com/documentintelligence/operations/31438275117_af7fee5e-af9d-48ee-8afc-71024e35e200?api-version=2024-07-31-preview",
      "RequestMethod": "GET",
      "RequestHeaders": {
        "Authorization": "Sanitized",
        "traceparent": "00-6e07e383ef292a5302abb3b42b223031-299a932f6d099cfd-00",
        "User-Agent": "azsdk-net-AI.DocumentIntelligence/1.0.0-alpha.20241003.1 (.NET 8.0.8; Microsoft Windows 10.0.26100)",
        "x-ms-client-request-id": "Sanitized",
        "x-ms-return-client-request-id": "true"
      },
      "RequestBody": null,
      "StatusCode": 200,
      "ResponseHeaders": {
        "apim-request-id": "67af3f35-67a0-45e6-bb3c-137e509f3d2e",
        "Content-Length": "451",
        "Content-Type": "application/json",
        "Date": "Sat, 05 Oct 2024 01:48:24 GMT",
        "Strict-Transport-Security": "max-age=31536000; includeSubDomains; preload",
        "X-Content-Type-Options": "nosniff",
        "x-envoy-upstream-service-time": "8",
        "x-ms-region": "East US"
      },
      "ResponseBody": {
        "operationId": "31438275117_af7fee5e-af9d-48ee-8afc-71024e35e200",
        "kind": "documentClassifierBuild",
        "status": "running",
        "createdDateTime": "2024-10-05T01:48:02Z",
        "lastUpdatedDateTime": "2024-10-05T01:48:03Z",
        "resourceLocation": "https://camaiaor-localtests.cognitiveservices.azure.com/documentintelligence/documentClassifiers/721818735?api-version=2024-07-31-preview",
        "percentCompleted": 0,
        "apiVersion": "2024-07-31-preview"
      }
    },
    {
      "RequestUri": "https://camaiaor-localtests.cognitiveservices.azure.com/documentintelligence/operations/31438275117_af7fee5e-af9d-48ee-8afc-71024e35e200?api-version=2024-07-31-preview",
      "RequestMethod": "GET",
      "RequestHeaders": {
        "Authorization": "Sanitized",
        "traceparent": "00-6e07e383ef292a5302abb3b42b223031-5523c1337adb8b6a-00",
        "User-Agent": "azsdk-net-AI.DocumentIntelligence/1.0.0-alpha.20241003.1 (.NET 8.0.8; Microsoft Windows 10.0.26100)",
        "x-ms-client-request-id": "Sanitized",
        "x-ms-return-client-request-id": "true"
      },
      "RequestBody": null,
      "StatusCode": 200,
      "ResponseHeaders": {
        "apim-request-id": "3c8dd316-453a-409b-986d-5ef815462aa9",
        "Content-Length": "451",
        "Content-Type": "application/json",
        "Date": "Sat, 05 Oct 2024 01:48:25 GMT",
        "Strict-Transport-Security": "max-age=31536000; includeSubDomains; preload",
        "X-Content-Type-Options": "nosniff",
        "x-envoy-upstream-service-time": "8",
        "x-ms-region": "East US"
      },
      "ResponseBody": {
        "operationId": "31438275117_af7fee5e-af9d-48ee-8afc-71024e35e200",
        "kind": "documentClassifierBuild",
        "status": "running",
        "createdDateTime": "2024-10-05T01:48:02Z",
        "lastUpdatedDateTime": "2024-10-05T01:48:03Z",
        "resourceLocation": "https://camaiaor-localtests.cognitiveservices.azure.com/documentintelligence/documentClassifiers/721818735?api-version=2024-07-31-preview",
        "percentCompleted": 0,
        "apiVersion": "2024-07-31-preview"
      }
    },
    {
      "RequestUri": "https://camaiaor-localtests.cognitiveservices.azure.com/documentintelligence/operations/31438275117_af7fee5e-af9d-48ee-8afc-71024e35e200?api-version=2024-07-31-preview",
      "RequestMethod": "GET",
      "RequestHeaders": {
        "Authorization": "Sanitized",
        "traceparent": "00-6e07e383ef292a5302abb3b42b223031-ff1484bffc0da79a-00",
        "User-Agent": "azsdk-net-AI.DocumentIntelligence/1.0.0-alpha.20241003.1 (.NET 8.0.8; Microsoft Windows 10.0.26100)",
        "x-ms-client-request-id": "Sanitized",
        "x-ms-return-client-request-id": "true"
      },
      "RequestBody": null,
      "StatusCode": 200,
      "ResponseHeaders": {
        "apim-request-id": "97052891-0647-4d0c-9173-fb8e68afb76a",
        "Content-Length": "451",
        "Content-Type": "application/json",
        "Date": "Sat, 05 Oct 2024 01:48:26 GMT",
        "Strict-Transport-Security": "max-age=31536000; includeSubDomains; preload",
        "X-Content-Type-Options": "nosniff",
        "x-envoy-upstream-service-time": "7",
        "x-ms-region": "East US"
      },
      "ResponseBody": {
        "operationId": "31438275117_af7fee5e-af9d-48ee-8afc-71024e35e200",
        "kind": "documentClassifierBuild",
        "status": "running",
        "createdDateTime": "2024-10-05T01:48:02Z",
        "lastUpdatedDateTime": "2024-10-05T01:48:03Z",
        "resourceLocation": "https://camaiaor-localtests.cognitiveservices.azure.com/documentintelligence/documentClassifiers/721818735?api-version=2024-07-31-preview",
        "percentCompleted": 0,
        "apiVersion": "2024-07-31-preview"
      }
    },
    {
      "RequestUri": "https://camaiaor-localtests.cognitiveservices.azure.com/documentintelligence/operations/31438275117_af7fee5e-af9d-48ee-8afc-71024e35e200?api-version=2024-07-31-preview",
      "RequestMethod": "GET",
      "RequestHeaders": {
        "Authorization": "Sanitized",
        "traceparent": "00-6e07e383ef292a5302abb3b42b223031-6fa17ed01bdbbfba-00",
        "User-Agent": "azsdk-net-AI.DocumentIntelligence/1.0.0-alpha.20241003.1 (.NET 8.0.8; Microsoft Windows 10.0.26100)",
        "x-ms-client-request-id": "Sanitized",
        "x-ms-return-client-request-id": "true"
      },
      "RequestBody": null,
      "StatusCode": 200,
      "ResponseHeaders": {
        "apim-request-id": "55fa0f8f-fd5e-488f-b255-75d71de3ec7c",
        "Content-Length": "451",
        "Content-Type": "application/json",
        "Date": "Sat, 05 Oct 2024 01:48:27 GMT",
        "Strict-Transport-Security": "max-age=31536000; includeSubDomains; preload",
        "X-Content-Type-Options": "nosniff",
        "x-envoy-upstream-service-time": "6",
        "x-ms-region": "East US"
      },
      "ResponseBody": {
        "operationId": "31438275117_af7fee5e-af9d-48ee-8afc-71024e35e200",
        "kind": "documentClassifierBuild",
        "status": "running",
        "createdDateTime": "2024-10-05T01:48:02Z",
        "lastUpdatedDateTime": "2024-10-05T01:48:03Z",
        "resourceLocation": "https://camaiaor-localtests.cognitiveservices.azure.com/documentintelligence/documentClassifiers/721818735?api-version=2024-07-31-preview",
        "percentCompleted": 0,
        "apiVersion": "2024-07-31-preview"
      }
    },
    {
      "RequestUri": "https://camaiaor-localtests.cognitiveservices.azure.com/documentintelligence/operations/31438275117_af7fee5e-af9d-48ee-8afc-71024e35e200?api-version=2024-07-31-preview",
      "RequestMethod": "GET",
      "RequestHeaders": {
        "Authorization": "Sanitized",
        "traceparent": "00-6e07e383ef292a5302abb3b42b223031-9805bfcdb92a761a-00",
        "User-Agent": "azsdk-net-AI.DocumentIntelligence/1.0.0-alpha.20241003.1 (.NET 8.0.8; Microsoft Windows 10.0.26100)",
        "x-ms-client-request-id": "Sanitized",
        "x-ms-return-client-request-id": "true"
      },
      "RequestBody": null,
      "StatusCode": 200,
      "ResponseHeaders": {
        "apim-request-id": "abd83bed-dc44-4fb0-8387-9ff1ab1b20d9",
        "Content-Length": "451",
        "Content-Type": "application/json",
        "Date": "Sat, 05 Oct 2024 01:48:29 GMT",
        "Strict-Transport-Security": "max-age=31536000; includeSubDomains; preload",
        "X-Content-Type-Options": "nosniff",
        "x-envoy-upstream-service-time": "47",
        "x-ms-region": "East US"
      },
      "ResponseBody": {
        "operationId": "31438275117_af7fee5e-af9d-48ee-8afc-71024e35e200",
        "kind": "documentClassifierBuild",
        "status": "running",
        "createdDateTime": "2024-10-05T01:48:02Z",
        "lastUpdatedDateTime": "2024-10-05T01:48:03Z",
        "resourceLocation": "https://camaiaor-localtests.cognitiveservices.azure.com/documentintelligence/documentClassifiers/721818735?api-version=2024-07-31-preview",
        "percentCompleted": 0,
        "apiVersion": "2024-07-31-preview"
      }
    },
    {
      "RequestUri": "https://camaiaor-localtests.cognitiveservices.azure.com/documentintelligence/operations/31438275117_af7fee5e-af9d-48ee-8afc-71024e35e200?api-version=2024-07-31-preview",
      "RequestMethod": "GET",
      "RequestHeaders": {
        "Authorization": "Sanitized",
        "traceparent": "00-6e07e383ef292a5302abb3b42b223031-c6059c81734f931a-00",
        "User-Agent": "azsdk-net-AI.DocumentIntelligence/1.0.0-alpha.20241003.1 (.NET 8.0.8; Microsoft Windows 10.0.26100)",
        "x-ms-client-request-id": "Sanitized",
        "x-ms-return-client-request-id": "true"
      },
      "RequestBody": null,
      "StatusCode": 200,
      "ResponseHeaders": {
        "apim-request-id": "c3c17c7a-0838-402e-ab6b-363311fe5cee",
        "Content-Length": "451",
        "Content-Type": "application/json",
        "Date": "Sat, 05 Oct 2024 01:48:30 GMT",
        "Strict-Transport-Security": "max-age=31536000; includeSubDomains; preload",
        "X-Content-Type-Options": "nosniff",
        "x-envoy-upstream-service-time": "8",
        "x-ms-region": "East US"
      },
      "ResponseBody": {
        "operationId": "31438275117_af7fee5e-af9d-48ee-8afc-71024e35e200",
        "kind": "documentClassifierBuild",
        "status": "running",
        "createdDateTime": "2024-10-05T01:48:02Z",
        "lastUpdatedDateTime": "2024-10-05T01:48:03Z",
        "resourceLocation": "https://camaiaor-localtests.cognitiveservices.azure.com/documentintelligence/documentClassifiers/721818735?api-version=2024-07-31-preview",
        "percentCompleted": 0,
        "apiVersion": "2024-07-31-preview"
      }
    },
    {
      "RequestUri": "https://camaiaor-localtests.cognitiveservices.azure.com/documentintelligence/operations/31438275117_af7fee5e-af9d-48ee-8afc-71024e35e200?api-version=2024-07-31-preview",
      "RequestMethod": "GET",
      "RequestHeaders": {
        "Authorization": "Sanitized",
        "traceparent": "00-6e07e383ef292a5302abb3b42b223031-6f1329644d92b333-00",
        "User-Agent": "azsdk-net-AI.DocumentIntelligence/1.0.0-alpha.20241003.1 (.NET 8.0.8; Microsoft Windows 10.0.26100)",
        "x-ms-client-request-id": "Sanitized",
        "x-ms-return-client-request-id": "true"
      },
      "RequestBody": null,
      "StatusCode": 200,
      "ResponseHeaders": {
        "apim-request-id": "93c98464-267e-48b2-aa71-f48ce65c2067",
        "Content-Length": "451",
        "Content-Type": "application/json",
        "Date": "Sat, 05 Oct 2024 01:48:31 GMT",
        "Strict-Transport-Security": "max-age=31536000; includeSubDomains; preload",
        "X-Content-Type-Options": "nosniff",
        "x-envoy-upstream-service-time": "7",
        "x-ms-region": "East US"
      },
      "ResponseBody": {
        "operationId": "31438275117_af7fee5e-af9d-48ee-8afc-71024e35e200",
        "kind": "documentClassifierBuild",
        "status": "running",
        "createdDateTime": "2024-10-05T01:48:02Z",
        "lastUpdatedDateTime": "2024-10-05T01:48:03Z",
        "resourceLocation": "https://camaiaor-localtests.cognitiveservices.azure.com/documentintelligence/documentClassifiers/721818735?api-version=2024-07-31-preview",
        "percentCompleted": 0,
        "apiVersion": "2024-07-31-preview"
      }
    },
    {
      "RequestUri": "https://camaiaor-localtests.cognitiveservices.azure.com/documentintelligence/operations/31438275117_af7fee5e-af9d-48ee-8afc-71024e35e200?api-version=2024-07-31-preview",
      "RequestMethod": "GET",
      "RequestHeaders": {
        "Authorization": "Sanitized",
        "traceparent": "00-6e07e383ef292a5302abb3b42b223031-4084869f43f1fc59-00",
        "User-Agent": "azsdk-net-AI.DocumentIntelligence/1.0.0-alpha.20241003.1 (.NET 8.0.8; Microsoft Windows 10.0.26100)",
        "x-ms-client-request-id": "Sanitized",
        "x-ms-return-client-request-id": "true"
      },
      "RequestBody": null,
      "StatusCode": 200,
      "ResponseHeaders": {
        "apim-request-id": "c6a90474-988f-4c6b-9b33-60c2cee20629",
        "Content-Length": "451",
        "Content-Type": "application/json",
        "Date": "Sat, 05 Oct 2024 01:48:32 GMT",
        "Strict-Transport-Security": "max-age=31536000; includeSubDomains; preload",
        "X-Content-Type-Options": "nosniff",
        "x-envoy-upstream-service-time": "10",
        "x-ms-region": "East US"
      },
      "ResponseBody": {
        "operationId": "31438275117_af7fee5e-af9d-48ee-8afc-71024e35e200",
        "kind": "documentClassifierBuild",
        "status": "running",
        "createdDateTime": "2024-10-05T01:48:02Z",
        "lastUpdatedDateTime": "2024-10-05T01:48:03Z",
        "resourceLocation": "https://camaiaor-localtests.cognitiveservices.azure.com/documentintelligence/documentClassifiers/721818735?api-version=2024-07-31-preview",
        "percentCompleted": 0,
        "apiVersion": "2024-07-31-preview"
      }
    },
    {
      "RequestUri": "https://camaiaor-localtests.cognitiveservices.azure.com/documentintelligence/operations/31438275117_af7fee5e-af9d-48ee-8afc-71024e35e200?api-version=2024-07-31-preview",
      "RequestMethod": "GET",
      "RequestHeaders": {
        "Authorization": "Sanitized",
        "traceparent": "00-6e07e383ef292a5302abb3b42b223031-0931d3c40eec5e2e-00",
        "User-Agent": "azsdk-net-AI.DocumentIntelligence/1.0.0-alpha.20241003.1 (.NET 8.0.8; Microsoft Windows 10.0.26100)",
        "x-ms-client-request-id": "Sanitized",
        "x-ms-return-client-request-id": "true"
      },
      "RequestBody": null,
      "StatusCode": 200,
      "ResponseHeaders": {
        "apim-request-id": "c093b2df-e6d6-40d3-be57-6490879f7921",
        "Content-Length": "451",
        "Content-Type": "application/json",
        "Date": "Sat, 05 Oct 2024 01:48:33 GMT",
        "Strict-Transport-Security": "max-age=31536000; includeSubDomains; preload",
        "X-Content-Type-Options": "nosniff",
        "x-envoy-upstream-service-time": "8",
        "x-ms-region": "East US"
      },
      "ResponseBody": {
        "operationId": "31438275117_af7fee5e-af9d-48ee-8afc-71024e35e200",
        "kind": "documentClassifierBuild",
        "status": "running",
        "createdDateTime": "2024-10-05T01:48:02Z",
        "lastUpdatedDateTime": "2024-10-05T01:48:03Z",
        "resourceLocation": "https://camaiaor-localtests.cognitiveservices.azure.com/documentintelligence/documentClassifiers/721818735?api-version=2024-07-31-preview",
        "percentCompleted": 0,
        "apiVersion": "2024-07-31-preview"
      }
    },
    {
      "RequestUri": "https://camaiaor-localtests.cognitiveservices.azure.com/documentintelligence/operations/31438275117_af7fee5e-af9d-48ee-8afc-71024e35e200?api-version=2024-07-31-preview",
      "RequestMethod": "GET",
      "RequestHeaders": {
        "Authorization": "Sanitized",
        "traceparent": "00-6e07e383ef292a5302abb3b42b223031-7ff5f34a64535218-00",
        "User-Agent": "azsdk-net-AI.DocumentIntelligence/1.0.0-alpha.20241003.1 (.NET 8.0.8; Microsoft Windows 10.0.26100)",
        "x-ms-client-request-id": "Sanitized",
        "x-ms-return-client-request-id": "true"
      },
      "RequestBody": null,
      "StatusCode": 200,
      "ResponseHeaders": {
        "apim-request-id": "e4f16efc-0c7f-410a-990d-1381da589061",
        "Content-Length": "451",
        "Content-Type": "application/json",
        "Date": "Sat, 05 Oct 2024 01:48:34 GMT",
        "Strict-Transport-Security": "max-age=31536000; includeSubDomains; preload",
        "X-Content-Type-Options": "nosniff",
        "x-envoy-upstream-service-time": "7",
        "x-ms-region": "East US"
      },
      "ResponseBody": {
        "operationId": "31438275117_af7fee5e-af9d-48ee-8afc-71024e35e200",
        "kind": "documentClassifierBuild",
        "status": "running",
        "createdDateTime": "2024-10-05T01:48:02Z",
        "lastUpdatedDateTime": "2024-10-05T01:48:03Z",
        "resourceLocation": "https://camaiaor-localtests.cognitiveservices.azure.com/documentintelligence/documentClassifiers/721818735?api-version=2024-07-31-preview",
        "percentCompleted": 0,
        "apiVersion": "2024-07-31-preview"
      }
    },
    {
      "RequestUri": "https://camaiaor-localtests.cognitiveservices.azure.com/documentintelligence/operations/31438275117_af7fee5e-af9d-48ee-8afc-71024e35e200?api-version=2024-07-31-preview",
      "RequestMethod": "GET",
      "RequestHeaders": {
        "Authorization": "Sanitized",
        "traceparent": "00-6e07e383ef292a5302abb3b42b223031-703b7d4741f27665-00",
        "User-Agent": "azsdk-net-AI.DocumentIntelligence/1.0.0-alpha.20241003.1 (.NET 8.0.8; Microsoft Windows 10.0.26100)",
        "x-ms-client-request-id": "Sanitized",
        "x-ms-return-client-request-id": "true"
      },
      "RequestBody": null,
      "StatusCode": 200,
      "ResponseHeaders": {
        "apim-request-id": "7112f2bc-3301-4005-a0ac-2101d44e77a9",
        "Content-Length": "451",
        "Content-Type": "application/json",
        "Date": "Sat, 05 Oct 2024 01:48:35 GMT",
        "Strict-Transport-Security": "max-age=31536000; includeSubDomains; preload",
        "X-Content-Type-Options": "nosniff",
        "x-envoy-upstream-service-time": "6",
        "x-ms-region": "East US"
      },
      "ResponseBody": {
        "operationId": "31438275117_af7fee5e-af9d-48ee-8afc-71024e35e200",
        "kind": "documentClassifierBuild",
        "status": "running",
        "createdDateTime": "2024-10-05T01:48:02Z",
        "lastUpdatedDateTime": "2024-10-05T01:48:03Z",
        "resourceLocation": "https://camaiaor-localtests.cognitiveservices.azure.com/documentintelligence/documentClassifiers/721818735?api-version=2024-07-31-preview",
        "percentCompleted": 0,
        "apiVersion": "2024-07-31-preview"
      }
    },
    {
      "RequestUri": "https://camaiaor-localtests.cognitiveservices.azure.com/documentintelligence/operations/31438275117_af7fee5e-af9d-48ee-8afc-71024e35e200?api-version=2024-07-31-preview",
      "RequestMethod": "GET",
      "RequestHeaders": {
        "Authorization": "Sanitized",
        "traceparent": "00-6e07e383ef292a5302abb3b42b223031-923f7eb6138d100c-00",
        "User-Agent": "azsdk-net-AI.DocumentIntelligence/1.0.0-alpha.20241003.1 (.NET 8.0.8; Microsoft Windows 10.0.26100)",
        "x-ms-client-request-id": "Sanitized",
        "x-ms-return-client-request-id": "true"
      },
      "RequestBody": null,
      "StatusCode": 200,
      "ResponseHeaders": {
        "apim-request-id": "ffb5daf4-d77e-45f3-9625-5b9003498bef",
        "Content-Length": "451",
        "Content-Type": "application/json",
        "Date": "Sat, 05 Oct 2024 01:48:36 GMT",
        "Strict-Transport-Security": "max-age=31536000; includeSubDomains; preload",
        "X-Content-Type-Options": "nosniff",
        "x-envoy-upstream-service-time": "9",
        "x-ms-region": "East US"
      },
      "ResponseBody": {
        "operationId": "31438275117_af7fee5e-af9d-48ee-8afc-71024e35e200",
        "kind": "documentClassifierBuild",
        "status": "running",
        "createdDateTime": "2024-10-05T01:48:02Z",
        "lastUpdatedDateTime": "2024-10-05T01:48:03Z",
        "resourceLocation": "https://camaiaor-localtests.cognitiveservices.azure.com/documentintelligence/documentClassifiers/721818735?api-version=2024-07-31-preview",
        "percentCompleted": 0,
        "apiVersion": "2024-07-31-preview"
      }
    },
    {
      "RequestUri": "https://camaiaor-localtests.cognitiveservices.azure.com/documentintelligence/operations/31438275117_af7fee5e-af9d-48ee-8afc-71024e35e200?api-version=2024-07-31-preview",
      "RequestMethod": "GET",
      "RequestHeaders": {
        "Authorization": "Sanitized",
        "traceparent": "00-6e07e383ef292a5302abb3b42b223031-fa4d92cde4b99a6d-00",
        "User-Agent": "azsdk-net-AI.DocumentIntelligence/1.0.0-alpha.20241003.1 (.NET 8.0.8; Microsoft Windows 10.0.26100)",
        "x-ms-client-request-id": "Sanitized",
        "x-ms-return-client-request-id": "true"
      },
      "RequestBody": null,
      "StatusCode": 200,
      "ResponseHeaders": {
        "apim-request-id": "8ff8e0f5-7eac-4573-aa82-c8b49b638a62",
        "Content-Length": "451",
        "Content-Type": "application/json",
        "Date": "Sat, 05 Oct 2024 01:48:37 GMT",
        "Strict-Transport-Security": "max-age=31536000; includeSubDomains; preload",
        "X-Content-Type-Options": "nosniff",
        "x-envoy-upstream-service-time": "7",
        "x-ms-region": "East US"
      },
      "ResponseBody": {
        "operationId": "31438275117_af7fee5e-af9d-48ee-8afc-71024e35e200",
        "kind": "documentClassifierBuild",
        "status": "running",
        "createdDateTime": "2024-10-05T01:48:02Z",
        "lastUpdatedDateTime": "2024-10-05T01:48:03Z",
        "resourceLocation": "https://camaiaor-localtests.cognitiveservices.azure.com/documentintelligence/documentClassifiers/721818735?api-version=2024-07-31-preview",
        "percentCompleted": 0,
        "apiVersion": "2024-07-31-preview"
      }
    },
    {
      "RequestUri": "https://camaiaor-localtests.cognitiveservices.azure.com/documentintelligence/operations/31438275117_af7fee5e-af9d-48ee-8afc-71024e35e200?api-version=2024-07-31-preview",
      "RequestMethod": "GET",
      "RequestHeaders": {
        "Authorization": "Sanitized",
        "traceparent": "00-6e07e383ef292a5302abb3b42b223031-74da61e915abb5f4-00",
        "User-Agent": "azsdk-net-AI.DocumentIntelligence/1.0.0-alpha.20241003.1 (.NET 8.0.8; Microsoft Windows 10.0.26100)",
        "x-ms-client-request-id": "Sanitized",
        "x-ms-return-client-request-id": "true"
      },
      "RequestBody": null,
      "StatusCode": 200,
      "ResponseHeaders": {
        "apim-request-id": "5b18c315-7799-40f2-af58-623387a882a1",
        "Content-Length": "451",
        "Content-Type": "application/json",
        "Date": "Sat, 05 Oct 2024 01:48:39 GMT",
        "Strict-Transport-Security": "max-age=31536000; includeSubDomains; preload",
        "X-Content-Type-Options": "nosniff",
        "x-envoy-upstream-service-time": "7",
        "x-ms-region": "East US"
      },
      "ResponseBody": {
        "operationId": "31438275117_af7fee5e-af9d-48ee-8afc-71024e35e200",
        "kind": "documentClassifierBuild",
        "status": "running",
        "createdDateTime": "2024-10-05T01:48:02Z",
        "lastUpdatedDateTime": "2024-10-05T01:48:03Z",
        "resourceLocation": "https://camaiaor-localtests.cognitiveservices.azure.com/documentintelligence/documentClassifiers/721818735?api-version=2024-07-31-preview",
        "percentCompleted": 0,
        "apiVersion": "2024-07-31-preview"
      }
    },
    {
      "RequestUri": "https://camaiaor-localtests.cognitiveservices.azure.com/documentintelligence/operations/31438275117_af7fee5e-af9d-48ee-8afc-71024e35e200?api-version=2024-07-31-preview",
      "RequestMethod": "GET",
      "RequestHeaders": {
        "Authorization": "Sanitized",
        "traceparent": "00-6e07e383ef292a5302abb3b42b223031-ce6e2ea4db52635d-00",
        "User-Agent": "azsdk-net-AI.DocumentIntelligence/1.0.0-alpha.20241003.1 (.NET 8.0.8; Microsoft Windows 10.0.26100)",
        "x-ms-client-request-id": "Sanitized",
        "x-ms-return-client-request-id": "true"
      },
      "RequestBody": null,
      "StatusCode": 200,
      "ResponseHeaders": {
        "apim-request-id": "aed845f3-cca1-4d72-a0d9-7cb8ba955970",
        "Content-Length": "451",
        "Content-Type": "application/json",
        "Date": "Sat, 05 Oct 2024 01:48:40 GMT",
        "Strict-Transport-Security": "max-age=31536000; includeSubDomains; preload",
        "X-Content-Type-Options": "nosniff",
        "x-envoy-upstream-service-time": "7",
        "x-ms-region": "East US"
      },
      "ResponseBody": {
        "operationId": "31438275117_af7fee5e-af9d-48ee-8afc-71024e35e200",
        "kind": "documentClassifierBuild",
        "status": "running",
        "createdDateTime": "2024-10-05T01:48:02Z",
        "lastUpdatedDateTime": "2024-10-05T01:48:03Z",
        "resourceLocation": "https://camaiaor-localtests.cognitiveservices.azure.com/documentintelligence/documentClassifiers/721818735?api-version=2024-07-31-preview",
        "percentCompleted": 0,
        "apiVersion": "2024-07-31-preview"
      }
    },
    {
      "RequestUri": "https://camaiaor-localtests.cognitiveservices.azure.com/documentintelligence/operations/31438275117_af7fee5e-af9d-48ee-8afc-71024e35e200?api-version=2024-07-31-preview",
      "RequestMethod": "GET",
      "RequestHeaders": {
        "Authorization": "Sanitized",
        "traceparent": "00-6e07e383ef292a5302abb3b42b223031-c180bb1c2807e549-00",
        "User-Agent": "azsdk-net-AI.DocumentIntelligence/1.0.0-alpha.20241003.1 (.NET 8.0.8; Microsoft Windows 10.0.26100)",
        "x-ms-client-request-id": "Sanitized",
        "x-ms-return-client-request-id": "true"
      },
      "RequestBody": null,
      "StatusCode": 200,
      "ResponseHeaders": {
        "apim-request-id": "0c09a1e3-9e19-430f-b9cd-46a437ffb2f0",
        "Content-Length": "451",
        "Content-Type": "application/json",
        "Date": "Sat, 05 Oct 2024 01:48:41 GMT",
        "Strict-Transport-Security": "max-age=31536000; includeSubDomains; preload",
        "X-Content-Type-Options": "nosniff",
        "x-envoy-upstream-service-time": "7",
        "x-ms-region": "East US"
      },
      "ResponseBody": {
        "operationId": "31438275117_af7fee5e-af9d-48ee-8afc-71024e35e200",
        "kind": "documentClassifierBuild",
        "status": "running",
        "createdDateTime": "2024-10-05T01:48:02Z",
        "lastUpdatedDateTime": "2024-10-05T01:48:03Z",
        "resourceLocation": "https://camaiaor-localtests.cognitiveservices.azure.com/documentintelligence/documentClassifiers/721818735?api-version=2024-07-31-preview",
        "percentCompleted": 0,
        "apiVersion": "2024-07-31-preview"
      }
    },
    {
      "RequestUri": "https://camaiaor-localtests.cognitiveservices.azure.com/documentintelligence/operations/31438275117_af7fee5e-af9d-48ee-8afc-71024e35e200?api-version=2024-07-31-preview",
      "RequestMethod": "GET",
      "RequestHeaders": {
        "Authorization": "Sanitized",
        "traceparent": "00-6e07e383ef292a5302abb3b42b223031-c44713e6ebd703d2-00",
        "User-Agent": "azsdk-net-AI.DocumentIntelligence/1.0.0-alpha.20241003.1 (.NET 8.0.8; Microsoft Windows 10.0.26100)",
        "x-ms-client-request-id": "Sanitized",
        "x-ms-return-client-request-id": "true"
      },
      "RequestBody": null,
      "StatusCode": 200,
      "ResponseHeaders": {
        "apim-request-id": "fb4834ac-0ef1-467b-a008-5040e294c34b",
        "Content-Length": "451",
        "Content-Type": "application/json",
        "Date": "Sat, 05 Oct 2024 01:48:42 GMT",
        "Strict-Transport-Security": "max-age=31536000; includeSubDomains; preload",
        "X-Content-Type-Options": "nosniff",
        "x-envoy-upstream-service-time": "9",
        "x-ms-region": "East US"
      },
      "ResponseBody": {
        "operationId": "31438275117_af7fee5e-af9d-48ee-8afc-71024e35e200",
        "kind": "documentClassifierBuild",
        "status": "running",
        "createdDateTime": "2024-10-05T01:48:02Z",
        "lastUpdatedDateTime": "2024-10-05T01:48:03Z",
        "resourceLocation": "https://camaiaor-localtests.cognitiveservices.azure.com/documentintelligence/documentClassifiers/721818735?api-version=2024-07-31-preview",
        "percentCompleted": 0,
        "apiVersion": "2024-07-31-preview"
      }
    },
    {
      "RequestUri": "https://camaiaor-localtests.cognitiveservices.azure.com/documentintelligence/operations/31438275117_af7fee5e-af9d-48ee-8afc-71024e35e200?api-version=2024-07-31-preview",
      "RequestMethod": "GET",
      "RequestHeaders": {
        "Authorization": "Sanitized",
        "traceparent": "00-6e07e383ef292a5302abb3b42b223031-985a5cbba09b46cb-00",
        "User-Agent": "azsdk-net-AI.DocumentIntelligence/1.0.0-alpha.20241003.1 (.NET 8.0.8; Microsoft Windows 10.0.26100)",
        "x-ms-client-request-id": "Sanitized",
        "x-ms-return-client-request-id": "true"
      },
      "RequestBody": null,
      "StatusCode": 200,
      "ResponseHeaders": {
        "apim-request-id": "03d69dc1-ff10-4bb0-9df6-cc5d1fbc313b",
        "Content-Length": "451",
        "Content-Type": "application/json",
        "Date": "Sat, 05 Oct 2024 01:48:43 GMT",
        "Strict-Transport-Security": "max-age=31536000; includeSubDomains; preload",
        "X-Content-Type-Options": "nosniff",
        "x-envoy-upstream-service-time": "8",
        "x-ms-region": "East US"
      },
      "ResponseBody": {
        "operationId": "31438275117_af7fee5e-af9d-48ee-8afc-71024e35e200",
        "kind": "documentClassifierBuild",
        "status": "running",
        "createdDateTime": "2024-10-05T01:48:02Z",
        "lastUpdatedDateTime": "2024-10-05T01:48:03Z",
        "resourceLocation": "https://camaiaor-localtests.cognitiveservices.azure.com/documentintelligence/documentClassifiers/721818735?api-version=2024-07-31-preview",
        "percentCompleted": 0,
        "apiVersion": "2024-07-31-preview"
      }
    },
    {
      "RequestUri": "https://camaiaor-localtests.cognitiveservices.azure.com/documentintelligence/operations/31438275117_af7fee5e-af9d-48ee-8afc-71024e35e200?api-version=2024-07-31-preview",
      "RequestMethod": "GET",
      "RequestHeaders": {
        "Authorization": "Sanitized",
        "traceparent": "00-6e07e383ef292a5302abb3b42b223031-55687c6f33731a15-00",
        "User-Agent": "azsdk-net-AI.DocumentIntelligence/1.0.0-alpha.20241003.1 (.NET 8.0.8; Microsoft Windows 10.0.26100)",
        "x-ms-client-request-id": "Sanitized",
        "x-ms-return-client-request-id": "true"
      },
      "RequestBody": null,
      "StatusCode": 200,
      "ResponseHeaders": {
        "apim-request-id": "87bc2b36-8958-4416-9497-103ca4e84192",
        "Content-Length": "451",
        "Content-Type": "application/json",
        "Date": "Sat, 05 Oct 2024 01:48:44 GMT",
        "Strict-Transport-Security": "max-age=31536000; includeSubDomains; preload",
        "X-Content-Type-Options": "nosniff",
        "x-envoy-upstream-service-time": "8",
        "x-ms-region": "East US"
      },
      "ResponseBody": {
        "operationId": "31438275117_af7fee5e-af9d-48ee-8afc-71024e35e200",
        "kind": "documentClassifierBuild",
        "status": "running",
        "createdDateTime": "2024-10-05T01:48:02Z",
        "lastUpdatedDateTime": "2024-10-05T01:48:03Z",
        "resourceLocation": "https://camaiaor-localtests.cognitiveservices.azure.com/documentintelligence/documentClassifiers/721818735?api-version=2024-07-31-preview",
        "percentCompleted": 0,
        "apiVersion": "2024-07-31-preview"
      }
    },
    {
      "RequestUri": "https://camaiaor-localtests.cognitiveservices.azure.com/documentintelligence/operations/31438275117_af7fee5e-af9d-48ee-8afc-71024e35e200?api-version=2024-07-31-preview",
      "RequestMethod": "GET",
      "RequestHeaders": {
        "Authorization": "Sanitized",
        "traceparent": "00-6e07e383ef292a5302abb3b42b223031-3b29cabc60a443e8-00",
        "User-Agent": "azsdk-net-AI.DocumentIntelligence/1.0.0-alpha.20241003.1 (.NET 8.0.8; Microsoft Windows 10.0.26100)",
        "x-ms-client-request-id": "Sanitized",
        "x-ms-return-client-request-id": "true"
      },
      "RequestBody": null,
      "StatusCode": 200,
      "ResponseHeaders": {
        "apim-request-id": "7024df37-1592-449a-8966-88eb7fba125a",
        "Content-Length": "451",
        "Content-Type": "application/json",
        "Date": "Sat, 05 Oct 2024 01:48:45 GMT",
        "Strict-Transport-Security": "max-age=31536000; includeSubDomains; preload",
        "X-Content-Type-Options": "nosniff",
        "x-envoy-upstream-service-time": "9",
        "x-ms-region": "East US"
      },
      "ResponseBody": {
        "operationId": "31438275117_af7fee5e-af9d-48ee-8afc-71024e35e200",
        "kind": "documentClassifierBuild",
        "status": "running",
        "createdDateTime": "2024-10-05T01:48:02Z",
        "lastUpdatedDateTime": "2024-10-05T01:48:03Z",
        "resourceLocation": "https://camaiaor-localtests.cognitiveservices.azure.com/documentintelligence/documentClassifiers/721818735?api-version=2024-07-31-preview",
        "percentCompleted": 0,
        "apiVersion": "2024-07-31-preview"
      }
    },
    {
      "RequestUri": "https://camaiaor-localtests.cognitiveservices.azure.com/documentintelligence/operations/31438275117_af7fee5e-af9d-48ee-8afc-71024e35e200?api-version=2024-07-31-preview",
      "RequestMethod": "GET",
      "RequestHeaders": {
        "Authorization": "Sanitized",
        "traceparent": "00-6e07e383ef292a5302abb3b42b223031-a27cc44223ddfd38-00",
        "User-Agent": "azsdk-net-AI.DocumentIntelligence/1.0.0-alpha.20241003.1 (.NET 8.0.8; Microsoft Windows 10.0.26100)",
        "x-ms-client-request-id": "Sanitized",
        "x-ms-return-client-request-id": "true"
      },
      "RequestBody": null,
      "StatusCode": 200,
      "ResponseHeaders": {
        "apim-request-id": "05c7aaf8-a461-4fe2-a34b-4b2c8f70d077",
        "Content-Length": "451",
        "Content-Type": "application/json",
        "Date": "Sat, 05 Oct 2024 01:48:46 GMT",
        "Strict-Transport-Security": "max-age=31536000; includeSubDomains; preload",
        "X-Content-Type-Options": "nosniff",
        "x-envoy-upstream-service-time": "7",
        "x-ms-region": "East US"
      },
      "ResponseBody": {
        "operationId": "31438275117_af7fee5e-af9d-48ee-8afc-71024e35e200",
        "kind": "documentClassifierBuild",
        "status": "running",
        "createdDateTime": "2024-10-05T01:48:02Z",
        "lastUpdatedDateTime": "2024-10-05T01:48:03Z",
        "resourceLocation": "https://camaiaor-localtests.cognitiveservices.azure.com/documentintelligence/documentClassifiers/721818735?api-version=2024-07-31-preview",
        "percentCompleted": 0,
        "apiVersion": "2024-07-31-preview"
      }
    },
    {
      "RequestUri": "https://camaiaor-localtests.cognitiveservices.azure.com/documentintelligence/operations/31438275117_af7fee5e-af9d-48ee-8afc-71024e35e200?api-version=2024-07-31-preview",
      "RequestMethod": "GET",
      "RequestHeaders": {
        "Authorization": "Sanitized",
        "traceparent": "00-6e07e383ef292a5302abb3b42b223031-b382c6e58e0ff873-00",
        "User-Agent": "azsdk-net-AI.DocumentIntelligence/1.0.0-alpha.20241003.1 (.NET 8.0.8; Microsoft Windows 10.0.26100)",
        "x-ms-client-request-id": "Sanitized",
        "x-ms-return-client-request-id": "true"
      },
      "RequestBody": null,
      "StatusCode": 200,
      "ResponseHeaders": {
        "apim-request-id": "5b36b89b-712b-4a5f-84ce-60fcd500a2b6",
        "Content-Length": "451",
        "Content-Type": "application/json",
        "Date": "Sat, 05 Oct 2024 01:48:47 GMT",
        "Strict-Transport-Security": "max-age=31536000; includeSubDomains; preload",
        "X-Content-Type-Options": "nosniff",
        "x-envoy-upstream-service-time": "8",
        "x-ms-region": "East US"
      },
      "ResponseBody": {
        "operationId": "31438275117_af7fee5e-af9d-48ee-8afc-71024e35e200",
        "kind": "documentClassifierBuild",
        "status": "running",
        "createdDateTime": "2024-10-05T01:48:02Z",
        "lastUpdatedDateTime": "2024-10-05T01:48:03Z",
        "resourceLocation": "https://camaiaor-localtests.cognitiveservices.azure.com/documentintelligence/documentClassifiers/721818735?api-version=2024-07-31-preview",
        "percentCompleted": 0,
        "apiVersion": "2024-07-31-preview"
      }
    },
    {
      "RequestUri": "https://camaiaor-localtests.cognitiveservices.azure.com/documentintelligence/operations/31438275117_af7fee5e-af9d-48ee-8afc-71024e35e200?api-version=2024-07-31-preview",
      "RequestMethod": "GET",
      "RequestHeaders": {
        "Authorization": "Sanitized",
        "traceparent": "00-6e07e383ef292a5302abb3b42b223031-242667873ce19b23-00",
        "User-Agent": "azsdk-net-AI.DocumentIntelligence/1.0.0-alpha.20241003.1 (.NET 8.0.8; Microsoft Windows 10.0.26100)",
        "x-ms-client-request-id": "Sanitized",
        "x-ms-return-client-request-id": "true"
      },
      "RequestBody": null,
      "StatusCode": 200,
      "ResponseHeaders": {
        "apim-request-id": "51d50794-c48a-4310-ac15-191213c3e3bf",
        "Content-Length": "451",
        "Content-Type": "application/json",
        "Date": "Sat, 05 Oct 2024 01:48:49 GMT",
        "Strict-Transport-Security": "max-age=31536000; includeSubDomains; preload",
        "X-Content-Type-Options": "nosniff",
        "x-envoy-upstream-service-time": "7",
        "x-ms-region": "East US"
      },
      "ResponseBody": {
        "operationId": "31438275117_af7fee5e-af9d-48ee-8afc-71024e35e200",
        "kind": "documentClassifierBuild",
        "status": "running",
        "createdDateTime": "2024-10-05T01:48:02Z",
        "lastUpdatedDateTime": "2024-10-05T01:48:03Z",
        "resourceLocation": "https://camaiaor-localtests.cognitiveservices.azure.com/documentintelligence/documentClassifiers/721818735?api-version=2024-07-31-preview",
        "percentCompleted": 0,
        "apiVersion": "2024-07-31-preview"
      }
    },
    {
      "RequestUri": "https://camaiaor-localtests.cognitiveservices.azure.com/documentintelligence/operations/31438275117_af7fee5e-af9d-48ee-8afc-71024e35e200?api-version=2024-07-31-preview",
      "RequestMethod": "GET",
      "RequestHeaders": {
        "Authorization": "Sanitized",
        "traceparent": "00-6e07e383ef292a5302abb3b42b223031-2b8912b2a3c1b91c-00",
        "User-Agent": "azsdk-net-AI.DocumentIntelligence/1.0.0-alpha.20241003.1 (.NET 8.0.8; Microsoft Windows 10.0.26100)",
        "x-ms-client-request-id": "Sanitized",
        "x-ms-return-client-request-id": "true"
      },
      "RequestBody": null,
      "StatusCode": 200,
      "ResponseHeaders": {
        "apim-request-id": "a9f149e4-5e84-4e90-8c7d-6364391be27e",
        "Content-Length": "451",
        "Content-Type": "application/json",
        "Date": "Sat, 05 Oct 2024 01:48:50 GMT",
        "Strict-Transport-Security": "max-age=31536000; includeSubDomains; preload",
        "X-Content-Type-Options": "nosniff",
        "x-envoy-upstream-service-time": "8",
        "x-ms-region": "East US"
      },
      "ResponseBody": {
        "operationId": "31438275117_af7fee5e-af9d-48ee-8afc-71024e35e200",
        "kind": "documentClassifierBuild",
        "status": "running",
        "createdDateTime": "2024-10-05T01:48:02Z",
        "lastUpdatedDateTime": "2024-10-05T01:48:03Z",
        "resourceLocation": "https://camaiaor-localtests.cognitiveservices.azure.com/documentintelligence/documentClassifiers/721818735?api-version=2024-07-31-preview",
        "percentCompleted": 0,
        "apiVersion": "2024-07-31-preview"
      }
    },
    {
      "RequestUri": "https://camaiaor-localtests.cognitiveservices.azure.com/documentintelligence/operations/31438275117_af7fee5e-af9d-48ee-8afc-71024e35e200?api-version=2024-07-31-preview",
      "RequestMethod": "GET",
      "RequestHeaders": {
        "Authorization": "Sanitized",
        "traceparent": "00-6e07e383ef292a5302abb3b42b223031-5792175ad977cfae-00",
        "User-Agent": "azsdk-net-AI.DocumentIntelligence/1.0.0-alpha.20241003.1 (.NET 8.0.8; Microsoft Windows 10.0.26100)",
        "x-ms-client-request-id": "Sanitized",
        "x-ms-return-client-request-id": "true"
      },
      "RequestBody": null,
      "StatusCode": 200,
      "ResponseHeaders": {
        "apim-request-id": "47716ef2-e788-4144-bd4c-4283ded85625",
        "Content-Length": "451",
        "Content-Type": "application/json",
        "Date": "Sat, 05 Oct 2024 01:48:51 GMT",
        "Strict-Transport-Security": "max-age=31536000; includeSubDomains; preload",
        "X-Content-Type-Options": "nosniff",
        "x-envoy-upstream-service-time": "8",
        "x-ms-region": "East US"
      },
      "ResponseBody": {
        "operationId": "31438275117_af7fee5e-af9d-48ee-8afc-71024e35e200",
        "kind": "documentClassifierBuild",
        "status": "running",
        "createdDateTime": "2024-10-05T01:48:02Z",
        "lastUpdatedDateTime": "2024-10-05T01:48:03Z",
        "resourceLocation": "https://camaiaor-localtests.cognitiveservices.azure.com/documentintelligence/documentClassifiers/721818735?api-version=2024-07-31-preview",
        "percentCompleted": 0,
        "apiVersion": "2024-07-31-preview"
      }
    },
    {
      "RequestUri": "https://camaiaor-localtests.cognitiveservices.azure.com/documentintelligence/operations/31438275117_af7fee5e-af9d-48ee-8afc-71024e35e200?api-version=2024-07-31-preview",
      "RequestMethod": "GET",
      "RequestHeaders": {
        "Authorization": "Sanitized",
        "traceparent": "00-6e07e383ef292a5302abb3b42b223031-80265f4f7f727bce-00",
        "User-Agent": "azsdk-net-AI.DocumentIntelligence/1.0.0-alpha.20241003.1 (.NET 8.0.8; Microsoft Windows 10.0.26100)",
        "x-ms-client-request-id": "Sanitized",
        "x-ms-return-client-request-id": "true"
      },
      "RequestBody": null,
      "StatusCode": 200,
      "ResponseHeaders": {
        "apim-request-id": "70369b0a-7833-4dfe-8527-3fd5afafffb6",
        "Content-Length": "451",
        "Content-Type": "application/json",
        "Date": "Sat, 05 Oct 2024 01:48:52 GMT",
        "Strict-Transport-Security": "max-age=31536000; includeSubDomains; preload",
        "X-Content-Type-Options": "nosniff",
        "x-envoy-upstream-service-time": "7",
        "x-ms-region": "East US"
      },
      "ResponseBody": {
        "operationId": "31438275117_af7fee5e-af9d-48ee-8afc-71024e35e200",
        "kind": "documentClassifierBuild",
        "status": "running",
        "createdDateTime": "2024-10-05T01:48:02Z",
        "lastUpdatedDateTime": "2024-10-05T01:48:03Z",
        "resourceLocation": "https://camaiaor-localtests.cognitiveservices.azure.com/documentintelligence/documentClassifiers/721818735?api-version=2024-07-31-preview",
        "percentCompleted": 0,
        "apiVersion": "2024-07-31-preview"
      }
    },
    {
      "RequestUri": "https://camaiaor-localtests.cognitiveservices.azure.com/documentintelligence/operations/31438275117_af7fee5e-af9d-48ee-8afc-71024e35e200?api-version=2024-07-31-preview",
      "RequestMethod": "GET",
      "RequestHeaders": {
        "Authorization": "Sanitized",
        "traceparent": "00-6e07e383ef292a5302abb3b42b223031-febbbe825f7bc6ab-00",
        "User-Agent": "azsdk-net-AI.DocumentIntelligence/1.0.0-alpha.20241003.1 (.NET 8.0.8; Microsoft Windows 10.0.26100)",
        "x-ms-client-request-id": "Sanitized",
        "x-ms-return-client-request-id": "true"
      },
      "RequestBody": null,
      "StatusCode": 200,
      "ResponseHeaders": {
        "apim-request-id": "c1fe56f4-17b3-43cb-9ebb-0d9c3cac7531",
        "Content-Length": "451",
        "Content-Type": "application/json",
        "Date": "Sat, 05 Oct 2024 01:48:53 GMT",
        "Strict-Transport-Security": "max-age=31536000; includeSubDomains; preload",
        "X-Content-Type-Options": "nosniff",
        "x-envoy-upstream-service-time": "8",
        "x-ms-region": "East US"
      },
      "ResponseBody": {
        "operationId": "31438275117_af7fee5e-af9d-48ee-8afc-71024e35e200",
        "kind": "documentClassifierBuild",
        "status": "running",
        "createdDateTime": "2024-10-05T01:48:02Z",
        "lastUpdatedDateTime": "2024-10-05T01:48:03Z",
        "resourceLocation": "https://camaiaor-localtests.cognitiveservices.azure.com/documentintelligence/documentClassifiers/721818735?api-version=2024-07-31-preview",
        "percentCompleted": 0,
        "apiVersion": "2024-07-31-preview"
      }
    },
    {
      "RequestUri": "https://camaiaor-localtests.cognitiveservices.azure.com/documentintelligence/operations/31438275117_af7fee5e-af9d-48ee-8afc-71024e35e200?api-version=2024-07-31-preview",
      "RequestMethod": "GET",
      "RequestHeaders": {
        "Authorization": "Sanitized",
        "traceparent": "00-6e07e383ef292a5302abb3b42b223031-3aea2f543cff50cd-00",
        "User-Agent": "azsdk-net-AI.DocumentIntelligence/1.0.0-alpha.20241003.1 (.NET 8.0.8; Microsoft Windows 10.0.26100)",
        "x-ms-client-request-id": "Sanitized",
        "x-ms-return-client-request-id": "true"
      },
      "RequestBody": null,
      "StatusCode": 200,
      "ResponseHeaders": {
        "apim-request-id": "fca24b14-9aa1-46f5-9af3-7ee7038078d7",
        "Content-Length": "451",
        "Content-Type": "application/json",
        "Date": "Sat, 05 Oct 2024 01:48:54 GMT",
        "Strict-Transport-Security": "max-age=31536000; includeSubDomains; preload",
        "X-Content-Type-Options": "nosniff",
        "x-envoy-upstream-service-time": "6",
        "x-ms-region": "East US"
      },
      "ResponseBody": {
        "operationId": "31438275117_af7fee5e-af9d-48ee-8afc-71024e35e200",
        "kind": "documentClassifierBuild",
        "status": "running",
        "createdDateTime": "2024-10-05T01:48:02Z",
        "lastUpdatedDateTime": "2024-10-05T01:48:03Z",
        "resourceLocation": "https://camaiaor-localtests.cognitiveservices.azure.com/documentintelligence/documentClassifiers/721818735?api-version=2024-07-31-preview",
        "percentCompleted": 0,
        "apiVersion": "2024-07-31-preview"
      }
    },
    {
      "RequestUri": "https://camaiaor-localtests.cognitiveservices.azure.com/documentintelligence/operations/31438275117_af7fee5e-af9d-48ee-8afc-71024e35e200?api-version=2024-07-31-preview",
      "RequestMethod": "GET",
      "RequestHeaders": {
        "Authorization": "Sanitized",
        "traceparent": "00-6e07e383ef292a5302abb3b42b223031-c5ac43dd2ac591cb-00",
        "User-Agent": "azsdk-net-AI.DocumentIntelligence/1.0.0-alpha.20241003.1 (.NET 8.0.8; Microsoft Windows 10.0.26100)",
        "x-ms-client-request-id": "Sanitized",
        "x-ms-return-client-request-id": "true"
      },
      "RequestBody": null,
      "StatusCode": 200,
      "ResponseHeaders": {
        "apim-request-id": "3e5c45c6-ab49-4f27-8459-d442c63c7fa8",
        "Content-Length": "451",
        "Content-Type": "application/json",
        "Date": "Sat, 05 Oct 2024 01:48:55 GMT",
        "Strict-Transport-Security": "max-age=31536000; includeSubDomains; preload",
        "X-Content-Type-Options": "nosniff",
        "x-envoy-upstream-service-time": "9",
        "x-ms-region": "East US"
      },
      "ResponseBody": {
        "operationId": "31438275117_af7fee5e-af9d-48ee-8afc-71024e35e200",
        "kind": "documentClassifierBuild",
        "status": "running",
        "createdDateTime": "2024-10-05T01:48:02Z",
        "lastUpdatedDateTime": "2024-10-05T01:48:03Z",
        "resourceLocation": "https://camaiaor-localtests.cognitiveservices.azure.com/documentintelligence/documentClassifiers/721818735?api-version=2024-07-31-preview",
        "percentCompleted": 0,
        "apiVersion": "2024-07-31-preview"
      }
    },
    {
      "RequestUri": "https://camaiaor-localtests.cognitiveservices.azure.com/documentintelligence/operations/31438275117_af7fee5e-af9d-48ee-8afc-71024e35e200?api-version=2024-07-31-preview",
      "RequestMethod": "GET",
      "RequestHeaders": {
        "Authorization": "Sanitized",
        "traceparent": "00-6e07e383ef292a5302abb3b42b223031-063fcf41c3c4d445-00",
        "User-Agent": "azsdk-net-AI.DocumentIntelligence/1.0.0-alpha.20241003.1 (.NET 8.0.8; Microsoft Windows 10.0.26100)",
        "x-ms-client-request-id": "Sanitized",
        "x-ms-return-client-request-id": "true"
      },
      "RequestBody": null,
      "StatusCode": 200,
      "ResponseHeaders": {
        "apim-request-id": "11f9a6e6-ddc3-48ea-91a0-8415871e3e1c",
        "Content-Length": "451",
        "Content-Type": "application/json",
        "Date": "Sat, 05 Oct 2024 01:48:56 GMT",
        "Strict-Transport-Security": "max-age=31536000; includeSubDomains; preload",
        "X-Content-Type-Options": "nosniff",
        "x-envoy-upstream-service-time": "7",
        "x-ms-region": "East US"
      },
      "ResponseBody": {
        "operationId": "31438275117_af7fee5e-af9d-48ee-8afc-71024e35e200",
        "kind": "documentClassifierBuild",
        "status": "running",
        "createdDateTime": "2024-10-05T01:48:02Z",
        "lastUpdatedDateTime": "2024-10-05T01:48:03Z",
        "resourceLocation": "https://camaiaor-localtests.cognitiveservices.azure.com/documentintelligence/documentClassifiers/721818735?api-version=2024-07-31-preview",
        "percentCompleted": 0,
        "apiVersion": "2024-07-31-preview"
      }
    },
    {
      "RequestUri": "https://camaiaor-localtests.cognitiveservices.azure.com/documentintelligence/operations/31438275117_af7fee5e-af9d-48ee-8afc-71024e35e200?api-version=2024-07-31-preview",
      "RequestMethod": "GET",
      "RequestHeaders": {
        "Authorization": "Sanitized",
        "traceparent": "00-6e07e383ef292a5302abb3b42b223031-4ed44b726343f107-00",
        "User-Agent": "azsdk-net-AI.DocumentIntelligence/1.0.0-alpha.20241003.1 (.NET 8.0.8; Microsoft Windows 10.0.26100)",
        "x-ms-client-request-id": "Sanitized",
        "x-ms-return-client-request-id": "true"
      },
      "RequestBody": null,
      "StatusCode": 200,
      "ResponseHeaders": {
        "apim-request-id": "e22f3a37-fff6-47c3-9e66-93a6fb09f67a",
        "Content-Length": "451",
        "Content-Type": "application/json",
        "Date": "Sat, 05 Oct 2024 01:48:57 GMT",
        "Strict-Transport-Security": "max-age=31536000; includeSubDomains; preload",
        "X-Content-Type-Options": "nosniff",
        "x-envoy-upstream-service-time": "7",
        "x-ms-region": "East US"
      },
      "ResponseBody": {
        "operationId": "31438275117_af7fee5e-af9d-48ee-8afc-71024e35e200",
        "kind": "documentClassifierBuild",
        "status": "running",
        "createdDateTime": "2024-10-05T01:48:02Z",
        "lastUpdatedDateTime": "2024-10-05T01:48:03Z",
        "resourceLocation": "https://camaiaor-localtests.cognitiveservices.azure.com/documentintelligence/documentClassifiers/721818735?api-version=2024-07-31-preview",
        "percentCompleted": 0,
        "apiVersion": "2024-07-31-preview"
      }
    },
    {
      "RequestUri": "https://camaiaor-localtests.cognitiveservices.azure.com/documentintelligence/operations/31438275117_af7fee5e-af9d-48ee-8afc-71024e35e200?api-version=2024-07-31-preview",
      "RequestMethod": "GET",
      "RequestHeaders": {
        "Authorization": "Sanitized",
        "traceparent": "00-6e07e383ef292a5302abb3b42b223031-9a970c9ca45aa1c7-00",
        "User-Agent": "azsdk-net-AI.DocumentIntelligence/1.0.0-alpha.20241003.1 (.NET 8.0.8; Microsoft Windows 10.0.26100)",
        "x-ms-client-request-id": "Sanitized",
        "x-ms-return-client-request-id": "true"
      },
      "RequestBody": null,
      "StatusCode": 200,
      "ResponseHeaders": {
        "apim-request-id": "b5f96e8d-4fa8-4aa5-afc1-e3e8d4e430f2",
        "Content-Length": "451",
        "Content-Type": "application/json",
        "Date": "Sat, 05 Oct 2024 01:48:59 GMT",
        "Strict-Transport-Security": "max-age=31536000; includeSubDomains; preload",
        "X-Content-Type-Options": "nosniff",
        "x-envoy-upstream-service-time": "8",
        "x-ms-region": "East US"
      },
      "ResponseBody": {
        "operationId": "31438275117_af7fee5e-af9d-48ee-8afc-71024e35e200",
        "kind": "documentClassifierBuild",
        "status": "running",
        "createdDateTime": "2024-10-05T01:48:02Z",
        "lastUpdatedDateTime": "2024-10-05T01:48:03Z",
        "resourceLocation": "https://camaiaor-localtests.cognitiveservices.azure.com/documentintelligence/documentClassifiers/721818735?api-version=2024-07-31-preview",
        "percentCompleted": 0,
        "apiVersion": "2024-07-31-preview"
      }
    },
    {
      "RequestUri": "https://camaiaor-localtests.cognitiveservices.azure.com/documentintelligence/operations/31438275117_af7fee5e-af9d-48ee-8afc-71024e35e200?api-version=2024-07-31-preview",
      "RequestMethod": "GET",
      "RequestHeaders": {
        "Authorization": "Sanitized",
        "traceparent": "00-6e07e383ef292a5302abb3b42b223031-275864b75e07e880-00",
        "User-Agent": "azsdk-net-AI.DocumentIntelligence/1.0.0-alpha.20241003.1 (.NET 8.0.8; Microsoft Windows 10.0.26100)",
        "x-ms-client-request-id": "Sanitized",
        "x-ms-return-client-request-id": "true"
      },
      "RequestBody": null,
      "StatusCode": 200,
      "ResponseHeaders": {
        "apim-request-id": "7042bb0a-a1d4-4b9f-80a0-1570cae69f7f",
        "Content-Length": "451",
        "Content-Type": "application/json",
        "Date": "Sat, 05 Oct 2024 01:49:00 GMT",
        "Strict-Transport-Security": "max-age=31536000; includeSubDomains; preload",
        "X-Content-Type-Options": "nosniff",
        "x-envoy-upstream-service-time": "8",
        "x-ms-region": "East US"
      },
      "ResponseBody": {
        "operationId": "31438275117_af7fee5e-af9d-48ee-8afc-71024e35e200",
        "kind": "documentClassifierBuild",
        "status": "running",
        "createdDateTime": "2024-10-05T01:48:02Z",
        "lastUpdatedDateTime": "2024-10-05T01:48:03Z",
        "resourceLocation": "https://camaiaor-localtests.cognitiveservices.azure.com/documentintelligence/documentClassifiers/721818735?api-version=2024-07-31-preview",
        "percentCompleted": 0,
        "apiVersion": "2024-07-31-preview"
      }
    },
    {
      "RequestUri": "https://camaiaor-localtests.cognitiveservices.azure.com/documentintelligence/operations/31438275117_af7fee5e-af9d-48ee-8afc-71024e35e200?api-version=2024-07-31-preview",
      "RequestMethod": "GET",
      "RequestHeaders": {
        "Authorization": "Sanitized",
        "traceparent": "00-6e07e383ef292a5302abb3b42b223031-b8c5f414ae61965c-00",
        "User-Agent": "azsdk-net-AI.DocumentIntelligence/1.0.0-alpha.20241003.1 (.NET 8.0.8; Microsoft Windows 10.0.26100)",
        "x-ms-client-request-id": "Sanitized",
        "x-ms-return-client-request-id": "true"
      },
      "RequestBody": null,
      "StatusCode": 200,
      "ResponseHeaders": {
        "apim-request-id": "2d1beceb-cbfd-4d02-a7a2-380462ca8a56",
        "Content-Length": "451",
        "Content-Type": "application/json",
        "Date": "Sat, 05 Oct 2024 01:49:01 GMT",
        "Strict-Transport-Security": "max-age=31536000; includeSubDomains; preload",
        "X-Content-Type-Options": "nosniff",
        "x-envoy-upstream-service-time": "8",
        "x-ms-region": "East US"
      },
      "ResponseBody": {
        "operationId": "31438275117_af7fee5e-af9d-48ee-8afc-71024e35e200",
        "kind": "documentClassifierBuild",
        "status": "running",
        "createdDateTime": "2024-10-05T01:48:02Z",
        "lastUpdatedDateTime": "2024-10-05T01:48:03Z",
        "resourceLocation": "https://camaiaor-localtests.cognitiveservices.azure.com/documentintelligence/documentClassifiers/721818735?api-version=2024-07-31-preview",
        "percentCompleted": 0,
        "apiVersion": "2024-07-31-preview"
      }
    },
    {
      "RequestUri": "https://camaiaor-localtests.cognitiveservices.azure.com/documentintelligence/operations/31438275117_af7fee5e-af9d-48ee-8afc-71024e35e200?api-version=2024-07-31-preview",
      "RequestMethod": "GET",
      "RequestHeaders": {
        "Authorization": "Sanitized",
        "traceparent": "00-6e07e383ef292a5302abb3b42b223031-ffd3a8967c642abf-00",
        "User-Agent": "azsdk-net-AI.DocumentIntelligence/1.0.0-alpha.20241003.1 (.NET 8.0.8; Microsoft Windows 10.0.26100)",
        "x-ms-client-request-id": "Sanitized",
        "x-ms-return-client-request-id": "true"
      },
      "RequestBody": null,
      "StatusCode": 200,
      "ResponseHeaders": {
        "apim-request-id": "5ea68e86-d2d5-42bf-9856-8f6a2eea3318",
        "Content-Length": "451",
        "Content-Type": "application/json",
        "Date": "Sat, 05 Oct 2024 01:49:02 GMT",
        "Strict-Transport-Security": "max-age=31536000; includeSubDomains; preload",
        "X-Content-Type-Options": "nosniff",
        "x-envoy-upstream-service-time": "7",
        "x-ms-region": "East US"
      },
      "ResponseBody": {
        "operationId": "31438275117_af7fee5e-af9d-48ee-8afc-71024e35e200",
        "kind": "documentClassifierBuild",
        "status": "running",
        "createdDateTime": "2024-10-05T01:48:02Z",
        "lastUpdatedDateTime": "2024-10-05T01:48:03Z",
        "resourceLocation": "https://camaiaor-localtests.cognitiveservices.azure.com/documentintelligence/documentClassifiers/721818735?api-version=2024-07-31-preview",
        "percentCompleted": 0,
        "apiVersion": "2024-07-31-preview"
      }
    },
    {
      "RequestUri": "https://camaiaor-localtests.cognitiveservices.azure.com/documentintelligence/operations/31438275117_af7fee5e-af9d-48ee-8afc-71024e35e200?api-version=2024-07-31-preview",
      "RequestMethod": "GET",
      "RequestHeaders": {
        "Authorization": "Sanitized",
        "traceparent": "00-6e07e383ef292a5302abb3b42b223031-210123889ad7b683-00",
        "User-Agent": "azsdk-net-AI.DocumentIntelligence/1.0.0-alpha.20241003.1 (.NET 8.0.8; Microsoft Windows 10.0.26100)",
        "x-ms-client-request-id": "Sanitized",
        "x-ms-return-client-request-id": "true"
      },
      "RequestBody": null,
      "StatusCode": 200,
      "ResponseHeaders": {
        "apim-request-id": "4c1c6379-3872-4f19-9b0b-8832d037f636",
        "Content-Length": "451",
        "Content-Type": "application/json",
        "Date": "Sat, 05 Oct 2024 01:49:03 GMT",
        "Strict-Transport-Security": "max-age=31536000; includeSubDomains; preload",
        "X-Content-Type-Options": "nosniff",
        "x-envoy-upstream-service-time": "9",
        "x-ms-region": "East US"
      },
      "ResponseBody": {
        "operationId": "31438275117_af7fee5e-af9d-48ee-8afc-71024e35e200",
        "kind": "documentClassifierBuild",
        "status": "running",
        "createdDateTime": "2024-10-05T01:48:02Z",
        "lastUpdatedDateTime": "2024-10-05T01:48:03Z",
        "resourceLocation": "https://camaiaor-localtests.cognitiveservices.azure.com/documentintelligence/documentClassifiers/721818735?api-version=2024-07-31-preview",
        "percentCompleted": 0,
        "apiVersion": "2024-07-31-preview"
      }
    },
    {
      "RequestUri": "https://camaiaor-localtests.cognitiveservices.azure.com/documentintelligence/operations/31438275117_af7fee5e-af9d-48ee-8afc-71024e35e200?api-version=2024-07-31-preview",
      "RequestMethod": "GET",
      "RequestHeaders": {
        "Authorization": "Sanitized",
        "traceparent": "00-6e07e383ef292a5302abb3b42b223031-df6f389b951b1e84-00",
        "User-Agent": "azsdk-net-AI.DocumentIntelligence/1.0.0-alpha.20241003.1 (.NET 8.0.8; Microsoft Windows 10.0.26100)",
        "x-ms-client-request-id": "Sanitized",
        "x-ms-return-client-request-id": "true"
      },
      "RequestBody": null,
      "StatusCode": 200,
      "ResponseHeaders": {
        "apim-request-id": "4200bb70-be4a-4096-bd82-e6a33552df3b",
        "Content-Length": "451",
        "Content-Type": "application/json",
        "Date": "Sat, 05 Oct 2024 01:49:04 GMT",
        "Strict-Transport-Security": "max-age=31536000; includeSubDomains; preload",
        "X-Content-Type-Options": "nosniff",
        "x-envoy-upstream-service-time": "8",
        "x-ms-region": "East US"
      },
      "ResponseBody": {
        "operationId": "31438275117_af7fee5e-af9d-48ee-8afc-71024e35e200",
        "kind": "documentClassifierBuild",
        "status": "running",
        "createdDateTime": "2024-10-05T01:48:02Z",
        "lastUpdatedDateTime": "2024-10-05T01:48:03Z",
        "resourceLocation": "https://camaiaor-localtests.cognitiveservices.azure.com/documentintelligence/documentClassifiers/721818735?api-version=2024-07-31-preview",
        "percentCompleted": 0,
        "apiVersion": "2024-07-31-preview"
      }
    },
    {
      "RequestUri": "https://camaiaor-localtests.cognitiveservices.azure.com/documentintelligence/operations/31438275117_af7fee5e-af9d-48ee-8afc-71024e35e200?api-version=2024-07-31-preview",
      "RequestMethod": "GET",
      "RequestHeaders": {
        "Authorization": "Sanitized",
        "traceparent": "00-6e07e383ef292a5302abb3b42b223031-bca9c23631a44da4-00",
        "User-Agent": "azsdk-net-AI.DocumentIntelligence/1.0.0-alpha.20241003.1 (.NET 8.0.8; Microsoft Windows 10.0.26100)",
        "x-ms-client-request-id": "Sanitized",
        "x-ms-return-client-request-id": "true"
      },
      "RequestBody": null,
      "StatusCode": 200,
      "ResponseHeaders": {
        "apim-request-id": "58ce10ef-1f44-44fd-9125-7760ec24e329",
        "Content-Length": "451",
        "Content-Type": "application/json",
        "Date": "Sat, 05 Oct 2024 01:49:05 GMT",
        "Strict-Transport-Security": "max-age=31536000; includeSubDomains; preload",
        "X-Content-Type-Options": "nosniff",
        "x-envoy-upstream-service-time": "10",
        "x-ms-region": "East US"
      },
      "ResponseBody": {
        "operationId": "31438275117_af7fee5e-af9d-48ee-8afc-71024e35e200",
        "kind": "documentClassifierBuild",
        "status": "running",
        "createdDateTime": "2024-10-05T01:48:02Z",
        "lastUpdatedDateTime": "2024-10-05T01:48:03Z",
        "resourceLocation": "https://camaiaor-localtests.cognitiveservices.azure.com/documentintelligence/documentClassifiers/721818735?api-version=2024-07-31-preview",
        "percentCompleted": 0,
        "apiVersion": "2024-07-31-preview"
      }
    },
    {
      "RequestUri": "https://camaiaor-localtests.cognitiveservices.azure.com/documentintelligence/operations/31438275117_af7fee5e-af9d-48ee-8afc-71024e35e200?api-version=2024-07-31-preview",
      "RequestMethod": "GET",
      "RequestHeaders": {
        "Authorization": "Sanitized",
        "traceparent": "00-6e07e383ef292a5302abb3b42b223031-832e112eea8c9f74-00",
        "User-Agent": "azsdk-net-AI.DocumentIntelligence/1.0.0-alpha.20241003.1 (.NET 8.0.8; Microsoft Windows 10.0.26100)",
        "x-ms-client-request-id": "Sanitized",
        "x-ms-return-client-request-id": "true"
      },
      "RequestBody": null,
      "StatusCode": 200,
      "ResponseHeaders": {
        "apim-request-id": "527a41de-ba14-4ce3-9226-55b3e110bd3d",
        "Content-Length": "451",
        "Content-Type": "application/json",
        "Date": "Sat, 05 Oct 2024 01:49:06 GMT",
        "Strict-Transport-Security": "max-age=31536000; includeSubDomains; preload",
        "X-Content-Type-Options": "nosniff",
        "x-envoy-upstream-service-time": "7",
        "x-ms-region": "East US"
      },
      "ResponseBody": {
        "operationId": "31438275117_af7fee5e-af9d-48ee-8afc-71024e35e200",
        "kind": "documentClassifierBuild",
        "status": "running",
        "createdDateTime": "2024-10-05T01:48:02Z",
        "lastUpdatedDateTime": "2024-10-05T01:48:03Z",
        "resourceLocation": "https://camaiaor-localtests.cognitiveservices.azure.com/documentintelligence/documentClassifiers/721818735?api-version=2024-07-31-preview",
        "percentCompleted": 0,
        "apiVersion": "2024-07-31-preview"
      }
    },
    {
      "RequestUri": "https://camaiaor-localtests.cognitiveservices.azure.com/documentintelligence/operations/31438275117_af7fee5e-af9d-48ee-8afc-71024e35e200?api-version=2024-07-31-preview",
      "RequestMethod": "GET",
      "RequestHeaders": {
        "Authorization": "Sanitized",
        "traceparent": "00-6e07e383ef292a5302abb3b42b223031-695efa61100bff70-00",
        "User-Agent": "azsdk-net-AI.DocumentIntelligence/1.0.0-alpha.20241003.1 (.NET 8.0.8; Microsoft Windows 10.0.26100)",
        "x-ms-client-request-id": "Sanitized",
        "x-ms-return-client-request-id": "true"
      },
      "RequestBody": null,
      "StatusCode": 200,
      "ResponseHeaders": {
        "apim-request-id": "b75f4494-d9ea-49c9-a332-3f4335a4503c",
        "Content-Length": "1287",
        "Content-Type": "application/json",
        "Date": "Sat, 05 Oct 2024 01:49:07 GMT",
        "Strict-Transport-Security": "max-age=31536000; includeSubDomains; preload",
        "X-Content-Type-Options": "nosniff",
        "x-envoy-upstream-service-time": "7",
        "x-ms-region": "East US"
      },
      "ResponseBody": {
        "operationId": "31438275117_af7fee5e-af9d-48ee-8afc-71024e35e200",
        "kind": "documentClassifierBuild",
        "status": "succeeded",
        "createdDateTime": "2024-10-05T01:48:02Z",
        "lastUpdatedDateTime": "2024-10-05T01:49:06Z",
        "resourceLocation": "https://camaiaor-localtests.cognitiveservices.azure.com/documentintelligence/documentClassifiers/721818735?api-version=2024-07-31-preview",
        "percentCompleted": 100,
        "result": {
          "classifierId": "721818735",
          "createdDateTime": "2024-10-05T01:48:13Z",
          "expirationDateTime": "2026-10-05T01:48:13Z",
          "apiVersion": "2024-07-31-preview",
          "docTypes": {
            "IRS-1040-A": {
              "kind": "azureBlob",
              "azureBlobSource": {
                "containerUrl": "https://sanitized.blob.core.windows.net",
                "prefix": "IRS-1040-A/train"
              }
            },
            "IRS-1040-B": {
              "kind": "azureBlob",
              "azureBlobSource": {
                "containerUrl": "https://sanitized.blob.core.windows.net",
                "prefix": "IRS-1040-B/train"
              }
            },
            "IRS-1040-C": {
              "kind": "azureBlob",
              "azureBlobSource": {
                "containerUrl": "https://sanitized.blob.core.windows.net",
                "prefix": "IRS-1040-C/train"
              }
            },
            "IRS-1040-D": {
              "kind": "azureBlob",
              "azureBlobSource": {
                "containerUrl": "https://sanitized.blob.core.windows.net",
                "prefix": "IRS-1040-D/train"
              }
            },
            "IRS-1040-E": {
              "kind": "azureBlob",
              "azureBlobSource": {
                "containerUrl": "https://sanitized.blob.core.windows.net",
                "prefix": "IRS-1040-E/train"
              }
            }
          }
        },
        "apiVersion": "2024-07-31-preview"
      }
    },
    {
      "RequestUri": "https://camaiaor-localtests.cognitiveservices.azure.com/documentintelligence/documentModels:compose?api-version=2024-07-31-preview",
      "RequestMethod": "POST",
      "RequestHeaders": {
        "Accept": "application/json",
        "Authorization": "Sanitized",
        "Content-Length": "132",
        "Content-Type": "application/json",
        "traceparent": "00-e6e623e53a00e421bb465fcb3151781f-5e8561a078f80af7-00",
        "User-Agent": "azsdk-net-AI.DocumentIntelligence/1.0.0-alpha.20241003.1 (.NET 8.0.8; Microsoft Windows 10.0.26100)",
        "x-ms-client-request-id": "Sanitized",
        "x-ms-return-client-request-id": "true"
      },
      "RequestBody": {
        "modelId": "1498508219",
        "classifierId": "721818735",
        "docTypes": {
          "model0": {
            "modelId": "1470090170"
          },
          "model1": {
            "modelId": "1170260665"
          }
        }
      },
      "StatusCode": 202,
      "ResponseHeaders": {
        "apim-request-id": "b8a0a687-d811-4bd5-9fd1-ed1362455687",
        "Content-Length": "0",
        "Date": "Sat, 05 Oct 2024 01:49:10 GMT",
        "operation-location": "https://camaiaor-localtests.cognitiveservices.azure.com/documentintelligence/operations/31438275050_b8a0a687-d811-4bd5-9fd1-ed1362455687?api-version=2024-07-31-preview",
        "Strict-Transport-Security": "max-age=31536000; includeSubDomains; preload",
        "X-Content-Type-Options": "nosniff",
        "x-envoy-upstream-service-time": "156",
        "x-ms-region": "East US"
      },
      "ResponseBody": null
    },
    {
      "RequestUri": "https://camaiaor-localtests.cognitiveservices.azure.com/documentintelligence/operations/31438275050_b8a0a687-d811-4bd5-9fd1-ed1362455687?api-version=2024-07-31-preview",
      "RequestMethod": "GET",
      "RequestHeaders": {
        "Authorization": "Sanitized",
        "traceparent": "00-e6e623e53a00e421bb465fcb3151781f-53f01f1f93e0ac03-00",
        "User-Agent": "azsdk-net-AI.DocumentIntelligence/1.0.0-alpha.20241003.1 (.NET 8.0.8; Microsoft Windows 10.0.26100)",
        "x-ms-client-request-id": "Sanitized",
        "x-ms-return-client-request-id": "true"
      },
      "RequestBody": null,
      "StatusCode": 200,
      "ResponseHeaders": {
        "apim-request-id": "e58e9236-9869-4384-87e5-d9dcffaf7ee9",
        "Content-Length": "419",
        "Content-Type": "application/json",
        "Date": "Sat, 05 Oct 2024 01:49:10 GMT",
        "Strict-Transport-Security": "max-age=31536000; includeSubDomains; preload",
        "X-Content-Type-Options": "nosniff",
        "x-envoy-upstream-service-time": "75",
        "x-ms-region": "East US"
      },
      "ResponseBody": {
        "operationId": "31438275050_b8a0a687-d811-4bd5-9fd1-ed1362455687",
        "kind": "documentModelCompose",
        "status": "running",
        "createdDateTime": "2024-10-05T01:49:10Z",
        "lastUpdatedDateTime": "2024-10-05T01:49:10Z",
        "resourceLocation": "https://camaiaor-localtests.cognitiveservices.azure.com/documentintelligence/documentModels/1498508219?api-version=2024-07-31-preview",
        "apiVersion": "2024-07-31-preview"
      }
    },
    {
      "RequestUri": "https://camaiaor-localtests.cognitiveservices.azure.com/documentintelligence/operations/31438275050_b8a0a687-d811-4bd5-9fd1-ed1362455687?api-version=2024-07-31-preview",
      "RequestMethod": "GET",
      "RequestHeaders": {
        "Authorization": "Sanitized",
        "traceparent": "00-e6e623e53a00e421bb465fcb3151781f-f64ecac72c632eaa-00",
        "User-Agent": "azsdk-net-AI.DocumentIntelligence/1.0.0-alpha.20241003.1 (.NET 8.0.8; Microsoft Windows 10.0.26100)",
        "x-ms-client-request-id": "Sanitized",
        "x-ms-return-client-request-id": "true"
      },
      "RequestBody": null,
      "StatusCode": 200,
      "ResponseHeaders": {
        "apim-request-id": "cc86b5f6-f3d8-47d4-aa7f-cad5f55579fc",
        "Content-Length": "4188",
        "Content-Type": "application/json",
        "Date": "Sat, 05 Oct 2024 01:49:11 GMT",
        "Strict-Transport-Security": "max-age=31536000; includeSubDomains; preload",
        "X-Content-Type-Options": "nosniff",
        "x-envoy-upstream-service-time": "9",
        "x-ms-region": "East US"
      },
      "ResponseBody": {
        "operationId": "31438275050_b8a0a687-d811-4bd5-9fd1-ed1362455687",
        "kind": "documentModelCompose",
        "status": "succeeded",
        "createdDateTime": "2024-10-05T01:49:10Z",
        "lastUpdatedDateTime": "2024-10-05T01:49:10Z",
        "resourceLocation": "https://camaiaor-localtests.cognitiveservices.azure.com/documentintelligence/documentModels/1498508219?api-version=2024-07-31-preview",
        "percentCompleted": 100,
        "result": {
          "docTypes": {
            "model1": {
              "fieldSchema": {
                "Merchant": {
                  "type": "string"
                },
                "PhoneNumber": {
                  "type": "string"
                },
                "Website": {
                  "type": "string"
                },
                "Email": {
                  "type": "string"
                },
                "PurchaseOrderNumber": {
                  "type": "string"
                },
                "DatedAs": {
                  "type": "string"
                },
                "VendorName": {
                  "type": "string"
                },
                "CompanyName": {
                  "type": "string"
                },
                "CompanyAddress": {
                  "type": "string"
                },
                "CompanyPhoneNumber": {
                  "type": "string"
                },
                "Subtotal": {
                  "type": "string"
                },
                "Tax": {
                  "type": "string"
                },
                "Total": {
                  "type": "string"
                },
                "Signature": {
                  "type": "string"
                },
                "Quantity": {
                  "type": "number"
                },
                "FullSignature": {
                  "type": "signature"
                }
              },
              "buildMode": "template",
              "fieldConfidence": {
                "CompanyAddress": 0.8,
                "CompanyName": 0.995,
                "CompanyPhoneNumber": 0.995,
                "DatedAs": 0.995,
                "Email": 0.8,
                "FullSignature": 0.6,
                "Merchant": 0.995,
                "PhoneNumber": 0.995,
                "PurchaseOrderNumber": 0.995,
                "Quantity": 0.995,
                "Signature": 0.995,
                "Subtotal": 0.995,
                "Tax": 0.995,
                "Total": 0.995,
                "VendorName": 0.995,
                "Website": 0.995
              },
              "modelId": "1170260665"
            },
            "model0": {
              "fieldSchema": {
                "Merchant": {
                  "type": "string"
                },
                "PhoneNumber": {
                  "type": "string"
                },
                "Website": {
                  "type": "string"
                },
                "Email": {
                  "type": "string"
                },
                "PurchaseOrderNumber": {
                  "type": "string"
                },
                "DatedAs": {
                  "type": "string"
                },
                "VendorName": {
                  "type": "string"
                },
                "CompanyName": {
                  "type": "string"
                },
                "CompanyAddress": {
                  "type": "string"
                },
                "CompanyPhoneNumber": {
                  "type": "string"
                },
                "Subtotal": {
                  "type": "string"
                },
                "Tax": {
                  "type": "string"
                },
                "Total": {
                  "type": "string"
                },
                "Signature": {
                  "type": "string"
                },
                "Quantity": {
                  "type": "number"
                },
                "FullSignature": {
                  "type": "signature"
                }
              },
              "buildMode": "template",
              "fieldConfidence": {
                "CompanyAddress": 0.8,
                "CompanyName": 0.995,
                "CompanyPhoneNumber": 0.995,
                "DatedAs": 0.995,
                "Email": 0.8,
                "FullSignature": 0.6,
                "Merchant": 0.995,
                "PhoneNumber": 0.995,
                "PurchaseOrderNumber": 0.995,
                "Quantity": 0.995,
                "Signature": 0.995,
                "Subtotal": 0.995,
                "Tax": 0.995,
                "Total": 0.995,
                "VendorName": 0.995,
                "Website": 0.995
              },
              "modelId": "1470090170"
            }
          },
          "classifierId": "721818735",
          "split": "none",
          "modelId": "1498508219",
          "createdDateTime": "2024-10-05T01:49:10Z",
          "expirationDateTime": "2026-10-05T01:47:52Z",
          "apiVersion": "2024-07-31-preview"
        },
        "apiVersion": "2024-07-31-preview"
      }
    },
    {
      "RequestUri": "https://camaiaor-localtests.cognitiveservices.azure.com/documentintelligence/documentModels/1498508219?api-version=2024-07-31-preview",
      "RequestMethod": "DELETE",
      "RequestHeaders": {
        "Accept": "application/json",
        "Authorization": "Sanitized",
        "traceparent": "00-4569cb16c71b0cf388756f6536f58757-76f4f92fa87a4487-00",
        "User-Agent": "azsdk-net-AI.DocumentIntelligence/1.0.0-alpha.20241003.1 (.NET 8.0.8; Microsoft Windows 10.0.26100)",
        "x-ms-client-request-id": "Sanitized",
        "x-ms-return-client-request-id": "true"
      },
      "RequestBody": null,
      "StatusCode": 204,
      "ResponseHeaders": {
        "apim-request-id": "d4e684d0-3c05-43d5-8fca-c81ee023ab70",
        "Content-Length": "0",
        "Date": "Sat, 05 Oct 2024 01:49:11 GMT",
        "Strict-Transport-Security": "max-age=31536000; includeSubDomains; preload",
        "X-Content-Type-Options": "nosniff",
        "x-envoy-upstream-service-time": "55",
        "x-ms-region": "East US"
      },
      "ResponseBody": null
    },
    {
      "RequestUri": "https://camaiaor-localtests.cognitiveservices.azure.com/documentintelligence/documentClassifiers/721818735?api-version=2024-07-31-preview",
      "RequestMethod": "DELETE",
      "RequestHeaders": {
        "Accept": "application/json",
        "Authorization": "Sanitized",
        "traceparent": "00-e06abf6ec8398de9184079fcc180c4cf-5822875581136737-00",
        "User-Agent": "azsdk-net-AI.DocumentIntelligence/1.0.0-alpha.20241003.1 (.NET 8.0.8; Microsoft Windows 10.0.26100)",
        "x-ms-client-request-id": "Sanitized",
        "x-ms-return-client-request-id": "true"
      },
      "RequestBody": null,
      "StatusCode": 204,
      "ResponseHeaders": {
        "apim-request-id": "84f01d7c-ef45-4fba-827b-8d3faa156afc",
        "Content-Length": "0",
        "Date": "Sat, 05 Oct 2024 01:49:11 GMT",
        "Strict-Transport-Security": "max-age=31536000; includeSubDomains; preload",
        "X-Content-Type-Options": "nosniff",
        "x-envoy-upstream-service-time": "54",
        "x-ms-region": "East US"
      },
      "ResponseBody": null
    },
    {
      "RequestUri": "https://camaiaor-localtests.cognitiveservices.azure.com/documentintelligence/documentModels/1170260665?api-version=2024-07-31-preview",
      "RequestMethod": "DELETE",
      "RequestHeaders": {
        "Accept": "application/json",
        "Authorization": "Sanitized",
        "traceparent": "00-49b50e15a9a319f42ecd5f4ea8c95304-417621a94b9a761e-00",
        "User-Agent": "azsdk-net-AI.DocumentIntelligence/1.0.0-alpha.20241003.1 (.NET 8.0.8; Microsoft Windows 10.0.26100)",
        "x-ms-client-request-id": "Sanitized",
        "x-ms-return-client-request-id": "true"
      },
      "RequestBody": null,
      "StatusCode": 204,
      "ResponseHeaders": {
        "apim-request-id": "c0a7e107-b6d1-49a5-ab8f-b9480d8aadae",
        "Content-Length": "0",
        "Date": "Sat, 05 Oct 2024 01:49:11 GMT",
        "Strict-Transport-Security": "max-age=31536000; includeSubDomains; preload",
        "X-Content-Type-Options": "nosniff",
        "x-envoy-upstream-service-time": "54",
        "x-ms-region": "East US"
      },
      "ResponseBody": null
    },
    {
      "RequestUri": "https://camaiaor-localtests.cognitiveservices.azure.com/documentintelligence/documentModels/1470090170?api-version=2024-07-31-preview",
      "RequestMethod": "DELETE",
      "RequestHeaders": {
        "Accept": "application/json",
        "Authorization": "Sanitized",
        "traceparent": "00-67ff9481780b5ab3f9d5cf96650bdeef-2dd30b4c55f04a8a-00",
        "User-Agent": "azsdk-net-AI.DocumentIntelligence/1.0.0-alpha.20241003.1 (.NET 8.0.8; Microsoft Windows 10.0.26100)",
        "x-ms-client-request-id": "Sanitized",
        "x-ms-return-client-request-id": "true"
      },
      "RequestBody": null,
      "StatusCode": 204,
      "ResponseHeaders": {
        "apim-request-id": "0dcc55e2-e9de-4bbe-87c3-b6658a6ffb88",
        "Content-Length": "0",
        "Date": "Sat, 05 Oct 2024 01:49:12 GMT",
        "Strict-Transport-Security": "max-age=31536000; includeSubDomains; preload",
        "X-Content-Type-Options": "nosniff",
        "x-envoy-upstream-service-time": "44",
        "x-ms-region": "East US"
      },
      "ResponseBody": null
    }
  ],
  "Variables": {
    "CLASSIFIER_BLOB_CONTAINER_SAS_URL": "https://sanitized.blob.core.windows.net",
    "ENDPOINT": "https://camaiaor-localtests.cognitiveservices.azure.com/",
    "RandomSeed": "1966599937",
    "SINGLEPAGE_BLOB_CONTAINER_SAS_URL": "https://sanitized.blob.core.windows.net"
  }
}
