{
  "Entries": [
    {
      "RequestUri": "https://camaiaor-localtests.cognitiveservices.azure.com/documentintelligence/documentModels:build?api-version=2024-07-31-preview",
      "RequestMethod": "POST",
      "RequestHeaders": {
        "Accept": "application/json",
        "Authorization": "Sanitized",
        "Content-Length": "123",
        "Content-Type": "application/json",
        "traceparent": "00-1cb81ca21b3c8b98ec04b74e1c3a5bc1-14703781c3ce7a47-00",
        "User-Agent": "azsdk-net-AI.DocumentIntelligence/1.0.0-alpha.20241003.1 (.NET 8.0.8; Microsoft Windows 10.0.26100)",
        "x-ms-client-request-id": "Sanitized",
        "x-ms-return-client-request-id": "true"
      },
      "RequestBody": {
        "modelId": "672683557",
        "buildMode": "template",
        "azureBlobSource": {
          "containerUrl": "https://sanitized.blob.core.windows.net"
        }
      },
      "StatusCode": 202,
      "ResponseHeaders": {
        "apim-request-id": "93415414-c978-4e42-8781-cac360e092dd",
        "Content-Length": "0",
        "Date": "Sat, 05 Oct 2024 01:51:41 GMT",
        "operation-location": "https://camaiaor-localtests.cognitiveservices.azure.com/documentintelligence/operations/31438274901_93415414-c978-4e42-8781-cac360e092dd?api-version=2024-07-31-preview",
        "Strict-Transport-Security": "max-age=31536000; includeSubDomains; preload",
        "X-Content-Type-Options": "nosniff",
        "x-envoy-upstream-service-time": "2512",
        "x-ms-region": "East US"
      },
      "ResponseBody": null
    },
    {
      "RequestUri": "https://camaiaor-localtests.cognitiveservices.azure.com/documentintelligence/operations/31438274901_93415414-c978-4e42-8781-cac360e092dd?api-version=2024-07-31-preview",
      "RequestMethod": "GET",
      "RequestHeaders": {
        "Authorization": "Sanitized",
        "traceparent": "00-1cb81ca21b3c8b98ec04b74e1c3a5bc1-4cbb49db802400f7-00",
        "User-Agent": "azsdk-net-AI.DocumentIntelligence/1.0.0-alpha.20241003.1 (.NET 8.0.8; Microsoft Windows 10.0.26100)",
        "x-ms-client-request-id": "Sanitized",
        "x-ms-return-client-request-id": "true"
      },
      "RequestBody": null,
      "StatusCode": 200,
      "ResponseHeaders": {
        "apim-request-id": "75a04435-b574-43bf-92e6-61e4c089495a",
        "Content-Length": "416",
        "Content-Type": "application/json",
        "Date": "Sat, 05 Oct 2024 01:51:41 GMT",
        "Strict-Transport-Security": "max-age=31536000; includeSubDomains; preload",
        "X-Content-Type-Options": "nosniff",
        "x-envoy-upstream-service-time": "7",
        "x-ms-region": "East US"
      },
      "ResponseBody": {
        "operationId": "31438274901_93415414-c978-4e42-8781-cac360e092dd",
        "kind": "documentModelBuild",
        "status": "running",
        "createdDateTime": "2024-10-05T01:51:39Z",
        "lastUpdatedDateTime": "2024-10-05T01:51:41Z",
        "resourceLocation": "https://camaiaor-localtests.cognitiveservices.azure.com/documentintelligence/documentModels/672683557?api-version=2024-07-31-preview",
        "apiVersion": "2024-07-31-preview"
      }
    },
    {
      "RequestUri": "https://camaiaor-localtests.cognitiveservices.azure.com/documentintelligence/operations/31438274901_93415414-c978-4e42-8781-cac360e092dd?api-version=2024-07-31-preview",
      "RequestMethod": "GET",
      "RequestHeaders": {
        "Authorization": "Sanitized",
        "traceparent": "00-1cb81ca21b3c8b98ec04b74e1c3a5bc1-bf67063a6eefbb91-00",
        "User-Agent": "azsdk-net-AI.DocumentIntelligence/1.0.0-alpha.20241003.1 (.NET 8.0.8; Microsoft Windows 10.0.26100)",
        "x-ms-client-request-id": "Sanitized",
        "x-ms-return-client-request-id": "true"
      },
      "RequestBody": null,
      "StatusCode": 200,
      "ResponseHeaders": {
        "apim-request-id": "2d9e963c-ad65-456f-98f9-502479d9c9e4",
        "Content-Length": "2361",
        "Content-Type": "application/json",
        "Date": "Sat, 05 Oct 2024 01:51:42 GMT",
        "Strict-Transport-Security": "max-age=31536000; includeSubDomains; preload",
        "X-Content-Type-Options": "nosniff",
        "x-envoy-upstream-service-time": "8",
        "x-ms-region": "East US"
      },
      "ResponseBody": {
        "operationId": "31438274901_93415414-c978-4e42-8781-cac360e092dd",
        "kind": "documentModelBuild",
        "status": "succeeded",
        "createdDateTime": "2024-10-05T01:51:39Z",
        "lastUpdatedDateTime": "2024-10-05T01:51:42Z",
        "resourceLocation": "https://camaiaor-localtests.cognitiveservices.azure.com/documentintelligence/documentModels/672683557?api-version=2024-07-31-preview",
        "percentCompleted": 100,
        "result": {
          "docTypes": {
            "672683557": {
              "fieldSchema": {
                "Merchant": {
                  "type": "string"
                },
                "PhoneNumber": {
                  "type": "string"
                },
                "Website": {
                  "type": "string"
                },
                "Email": {
                  "type": "string"
                },
                "PurchaseOrderNumber": {
                  "type": "string"
                },
                "DatedAs": {
                  "type": "string"
                },
                "VendorName": {
                  "type": "string"
                },
                "CompanyName": {
                  "type": "string"
                },
                "CompanyAddress": {
                  "type": "string"
                },
                "CompanyPhoneNumber": {
                  "type": "string"
                },
                "Subtotal": {
                  "type": "string"
                },
                "Tax": {
                  "type": "string"
                },
                "Total": {
                  "type": "string"
                },
                "Signature": {
                  "type": "string"
                },
                "Quantity": {
                  "type": "number"
                },
                "FullSignature": {
                  "type": "signature"
                }
              },
              "buildMode": "template",
              "fieldConfidence": {
                "CompanyAddress": 0.8,
                "CompanyName": 0.995,
                "CompanyPhoneNumber": 0.995,
                "DatedAs": 0.995,
                "Email": 0.8,
                "FullSignature": 0.6,
                "Merchant": 0.995,
                "PhoneNumber": 0.995,
                "PurchaseOrderNumber": 0.995,
                "Quantity": 0.995,
                "Signature": 0.995,
                "Subtotal": 0.995,
                "Tax": 0.995,
                "Total": 0.995,
                "VendorName": 0.995,
                "Website": 0.995
              }
            }
          },
          "modelId": "672683557",
          "createdDateTime": "2024-10-05T01:51:42Z",
          "expirationDateTime": "2026-10-05T01:51:42Z",
          "apiVersion": "2024-07-31-preview"
        },
        "apiVersion": "2024-07-31-preview"
      }
    },
    {
      "RequestUri": "https://camaiaor-localtests.cognitiveservices.azure.com/documentintelligence/documentModels:authorizeCopy?api-version=2024-07-31-preview",
      "RequestMethod": "POST",
      "RequestHeaders": {
        "Accept": "application/json",
        "Authorization": "Sanitized",
        "Content-Length": "24",
        "Content-Type": "application/json",
        "traceparent": "00-f9f78a147618ca5b4b06eb5cde5513da-c7e06180a934ab96-00",
        "User-Agent": "azsdk-net-AI.DocumentIntelligence/1.0.0-alpha.20241003.1 (.NET 8.0.8; Microsoft Windows 10.0.26100)",
        "x-ms-client-request-id": "Sanitized",
        "x-ms-return-client-request-id": "true"
      },
      "RequestBody": {
        "modelId": "1953604800"
      },
      "StatusCode": 200,
      "ResponseHeaders": {
        "apim-request-id": "47a8813d-844d-4be8-855e-41750161c416",
        "Content-Type": "application/json; charset=utf-8",
        "Date": "Sat, 05 Oct 2024 01:51:44 GMT",
        "Strict-Transport-Security": "max-age=31536000; includeSubDomains; preload",
        "Transfer-Encoding": "chunked",
        "X-Content-Type-Options": "nosniff",
        "x-envoy-upstream-service-time": "86",
        "x-ms-region": "East US"
      },
      "ResponseBody": {
        "targetResourceId": "/subscriptions/faa080af-c1d8-40ad-9cce-e1a450ca5b57/resourceGroups/camaiaor/providers/Microsoft.CognitiveServices/accounts/camaiaor-localtests",
        "targetResourceRegion": "eastus",
        "targetModelId": "1953604800",
        "targetModelLocation": "https://camaiaor-localtests.cognitiveservices.azure.com/documentintelligence/documentModels/1953604800?api-version=2024-07-31-preview",
        "accessToken": "Sanitized",
        "expirationDateTime": "2024-10-05T02:51:44Z"
      }
    },
    {
      "RequestUri": "https://camaiaor-localtests.cognitiveservices.azure.com/documentintelligence/documentModels/672683557:copyTo?api-version=2024-07-31-preview",
      "RequestMethod": "POST",
      "RequestHeaders": {
        "Accept": "application/json",
        "Authorization": "Sanitized",
        "Content-Length": "462",
        "Content-Type": "application/json",
        "traceparent": "00-8a37b8addf050d80fb95ad507f7c93e0-95897b1e2f59fe8c-00",
        "User-Agent": "azsdk-net-AI.DocumentIntelligence/1.0.0-alpha.20241003.1 (.NET 8.0.8; Microsoft Windows 10.0.26100)",
        "x-ms-client-request-id": "Sanitized",
        "x-ms-return-client-request-id": "true"
      },
      "RequestBody": {
        "targetResourceId": "/subscriptions/faa080af-c1d8-40ad-9cce-e1a450ca5b57/resourceGroups/camaiaor/providers/Microsoft.CognitiveServices/accounts/camaiaor-localtests",
        "targetResourceRegion": "eastus",
        "targetModelId": "1953604800",
        "targetModelLocation": "https://camaiaor-localtests.cognitiveservices.azure.com/documentintelligence/documentModels/1953604800?api-version=2024-07-31-preview",
        "accessToken": "Sanitized",
        "expirationDateTime": "2024-10-05T02:51:44.0000000Z"
      },
      "StatusCode": 202,
      "ResponseHeaders": {
        "apim-request-id": "353efd22-a1d3-40ea-9e8b-8b8421ab4df7",
        "Content-Length": "0",
        "Date": "Sat, 05 Oct 2024 01:51:44 GMT",
        "Operation-Location": "https://camaiaor-localtests.cognitiveservices.azure.com/documentintelligence/operations/31438274895_353efd22-a1d3-40ea-9e8b-8b8421ab4df7?api-version=2024-07-31-preview",
        "Strict-Transport-Security": "max-age=31536000; includeSubDomains; preload",
        "X-Content-Type-Options": "nosniff",
        "x-envoy-upstream-service-time": "86",
        "x-ms-region": "East US"
      },
      "ResponseBody": null
    },
    {
      "RequestUri": "https://camaiaor-localtests.cognitiveservices.azure.com/documentintelligence/operations/31438274895_353efd22-a1d3-40ea-9e8b-8b8421ab4df7?api-version=2024-07-31-preview",
      "RequestMethod": "GET",
      "RequestHeaders": {
        "Authorization": "Sanitized",
        "User-Agent": "azsdk-net-AI.DocumentIntelligence/1.0.0-alpha.20241003.1 (.NET 8.0.8; Microsoft Windows 10.0.26100)",
        "x-ms-client-request-id": "Sanitized",
        "x-ms-return-client-request-id": "true"
      },
      "RequestBody": null,
      "StatusCode": 200,
      "ResponseHeaders": {
        "apim-request-id": "b0e5bfd9-e9df-4ce8-a6ff-d019749c7b63",
        "Content-Length": "418",
        "Content-Type": "application/json",
        "Date": "Sat, 05 Oct 2024 01:51:44 GMT",
        "Strict-Transport-Security": "max-age=31536000; includeSubDomains; preload",
        "X-Content-Type-Options": "nosniff",
        "x-envoy-upstream-service-time": "8",
        "x-ms-region": "East US"
      },
      "ResponseBody": {
        "operationId": "31438274895_353efd22-a1d3-40ea-9e8b-8b8421ab4df7",
        "kind": "documentModelCopyTo",
        "status": "running",
        "createdDateTime": "2024-10-05T01:51:45Z",
        "lastUpdatedDateTime": "2024-10-05T01:51:45Z",
        "resourceLocation": "https://camaiaor-localtests.cognitiveservices.azure.com/documentintelligence/documentModels/1953604800?api-version=2024-07-31-preview",
        "apiVersion": "2024-07-31-preview"
      }
    },
    {
      "RequestUri": "https://camaiaor-localtests.cognitiveservices.azure.com/documentintelligence/operations/31438274895_353efd22-a1d3-40ea-9e8b-8b8421ab4df7?api-version=2024-07-31-preview",
      "RequestMethod": "GET",
      "RequestHeaders": {
        "Authorization": "Sanitized",
        "User-Agent": "azsdk-net-AI.DocumentIntelligence/1.0.0-alpha.20241003.1 (.NET 8.0.8; Microsoft Windows 10.0.26100)",
        "x-ms-client-request-id": "Sanitized",
        "x-ms-return-client-request-id": "true"
      },
      "RequestBody": null,
      "StatusCode": 200,
      "ResponseHeaders": {
        "apim-request-id": "40eb6454-95bd-4dcd-8fdb-efaa1ad99d94",
        "Content-Length": "2413",
        "Content-Type": "application/json",
        "Date": "Sat, 05 Oct 2024 01:51:46 GMT",
        "Strict-Transport-Security": "max-age=31536000; includeSubDomains; preload",
        "X-Content-Type-Options": "nosniff",
        "x-envoy-upstream-service-time": "7",
        "x-ms-region": "East US"
      },
      "ResponseBody": {
        "operationId": "31438274895_353efd22-a1d3-40ea-9e8b-8b8421ab4df7",
        "kind": "documentModelCopyTo",
        "status": "succeeded",
        "createdDateTime": "2024-10-05T01:51:45Z",
        "lastUpdatedDateTime": "2024-10-05T01:51:45Z",
        "resourceLocation": "https://camaiaor-localtests.cognitiveservices.azure.com/documentintelligence/documentModels/1953604800?api-version=2024-07-31-preview",
        "percentCompleted": 100,
        "result": {
          "docTypes": {
            "1953604800": {
              "fieldSchema": {
                "Merchant": {
                  "type": "string"
                },
                "PhoneNumber": {
                  "type": "string"
                },
                "Website": {
                  "type": "string"
                },
                "Email": {
                  "type": "string"
                },
                "PurchaseOrderNumber": {
                  "type": "string"
                },
                "DatedAs": {
                  "type": "string"
                },
                "VendorName": {
                  "type": "string"
                },
                "CompanyName": {
                  "type": "string"
                },
                "CompanyAddress": {
                  "type": "string"
                },
                "CompanyPhoneNumber": {
                  "type": "string"
                },
                "Subtotal": {
                  "type": "string"
                },
                "Tax": {
                  "type": "string"
                },
                "Total": {
                  "type": "string"
                },
                "Signature": {
                  "type": "string"
                },
                "Quantity": {
                  "type": "number"
                },
                "FullSignature": {
                  "type": "signature"
                }
              },
              "buildMode": "template",
              "fieldConfidence": {
                "CompanyAddress": 0.8,
                "CompanyName": 0.995,
                "CompanyPhoneNumber": 0.995,
                "DatedAs": 0.995,
                "Email": 0.8,
                "FullSignature": 0.6,
                "Merchant": 0.995,
                "PhoneNumber": 0.995,
                "PurchaseOrderNumber": 0.995,
                "Quantity": 0.995,
                "Signature": 0.995,
                "Subtotal": 0.995,
                "Tax": 0.995,
                "Total": 0.995,
                "VendorName": 0.995,
                "Website": 0.995
              }
            }
          },
          "modelId": "1953604800",
          "createdDateTime": "2024-10-05T01:51:45Z",
          "modifiedDateTime": "2024-10-05T01:51:42Z",
          "expirationDateTime": "2026-10-05T01:51:42Z",
          "apiVersion": "2024-07-31-preview"
        },
        "apiVersion": "2024-07-31-preview"
      }
    },
    {
      "RequestUri": "https://camaiaor-localtests.cognitiveservices.azure.com/documentintelligence/documentModels/1953604800?api-version=2024-07-31-preview",
      "RequestMethod": "DELETE",
      "RequestHeaders": {
        "Accept": "application/json",
        "Authorization": "Sanitized",
        "traceparent": "00-2dc3bd0ad84beaf1f4b7bce6b995773e-d5d9d80e93e40f51-00",
        "User-Agent": "azsdk-net-AI.DocumentIntelligence/1.0.0-alpha.20241003.1 (.NET 8.0.8; Microsoft Windows 10.0.26100)",
        "x-ms-client-request-id": "Sanitized",
        "x-ms-return-client-request-id": "true"
      },
      "RequestBody": null,
      "StatusCode": 204,
      "ResponseHeaders": {
        "apim-request-id": "59a14f17-4b58-4ec0-8555-1e5560932adc",
        "Content-Length": "0",
        "Date": "Sat, 05 Oct 2024 01:51:46 GMT",
        "Strict-Transport-Security": "max-age=31536000; includeSubDomains; preload",
        "X-Content-Type-Options": "nosniff",
        "x-envoy-upstream-service-time": "62",
        "x-ms-region": "East US"
      },
      "ResponseBody": null
    },
    {
      "RequestUri": "https://camaiaor-localtests.cognitiveservices.azure.com/documentintelligence/documentModels/672683557?api-version=2024-07-31-preview",
      "RequestMethod": "DELETE",
      "RequestHeaders": {
        "Accept": "application/json",
        "Authorization": "Sanitized",
        "traceparent": "00-6d611b51d11ef48bafaedadcf6466358-05629f389c57f6ab-00",
        "User-Agent": "azsdk-net-AI.DocumentIntelligence/1.0.0-alpha.20241003.1 (.NET 8.0.8; Microsoft Windows 10.0.26100)",
        "x-ms-client-request-id": "Sanitized",
        "x-ms-return-client-request-id": "true"
      },
      "RequestBody": null,
      "StatusCode": 204,
      "ResponseHeaders": {
        "apim-request-id": "6166bb40-d18f-4f7a-9d32-5869f02c80c7",
        "Content-Length": "0",
        "Date": "Sat, 05 Oct 2024 01:51:46 GMT",
        "Strict-Transport-Security": "max-age=31536000; includeSubDomains; preload",
        "X-Content-Type-Options": "nosniff",
        "x-envoy-upstream-service-time": "56",
        "x-ms-region": "East US"
      },
      "ResponseBody": null
    }
  ],
  "Variables": {
    "ENDPOINT": "https://camaiaor-localtests.cognitiveservices.azure.com/",
    "RandomSeed": "705190128",
    "SINGLEPAGE_BLOB_CONTAINER_SAS_URL": "https://sanitized.blob.core.windows.net"
  }
}
