{
  "Entries": [
    {
      "RequestUri": "https://jalauzonnettest.blob.core.windows.net/test-container-2bd67bae-423e-3662-958a-216cc6921db1?restype=container",
      "RequestMethod": "PUT",
      "RequestHeaders": {
        "Accept": "application/xml",
        "Authorization": "Sanitized",
        "Content-Length": "0",
        "traceparent": "00-7be3640700a46b01ea6c1dc0bd4d8c84-ea6294794f96565b-00",
        "User-Agent": "azsdk-net-Storage.Blobs/12.23.0-alpha.20241009.1 (.NET 8.0.8; Microsoft Windows 10.0.22631)",
        "x-ms-client-request-id": "Sanitized",
        "x-ms-date": "Wed, 09 Oct 2024 20:53:27 GMT",
        "x-ms-return-client-request-id": "true",
        "x-ms-version": "2025-01-05"
      },
      "RequestBody": null,
      "StatusCode": 201,
      "ResponseHeaders": {
        "Content-Length": "0",
        "Date": "Wed, 09 Oct 2024 20:53:26 GMT",
        "ETag": "\"0x8DCE8A46C8A3E52\"",
        "Last-Modified": "Wed, 09 Oct 2024 20:53:27 GMT",
        "Server": [
          "Windows-Azure-Blob/1.0",
          "Microsoft-HTTPAPI/2.0"
        ],
        "x-ms-client-request-id": "Sanitized",
        "x-ms-request-id": "e2d0d92c-d01e-0018-758d-1a05a5000000",
        "x-ms-version": "2025-01-05"
      },
      "ResponseBody": null
    },
    {
      "RequestUri": "https://jalauzonnettest.blob.core.windows.net/test-container-c57b3988-c24b-4616-9c08-6981ba7c1868?restype=container",
      "RequestMethod": "PUT",
      "RequestHeaders": {
        "Accept": "application/xml",
        "Authorization": "Sanitized",
        "Content-Length": "0",
        "traceparent": "00-121d6152d27fa8f0d568a56ddc444d5d-3e1b961f967bfa39-00",
        "User-Agent": "azsdk-net-Storage.Blobs/12.23.0-alpha.20241009.1 (.NET 8.0.8; Microsoft Windows 10.0.22631)",
        "x-ms-client-request-id": "Sanitized",
        "x-ms-date": "Wed, 09 Oct 2024 20:53:27 GMT",
        "x-ms-return-client-request-id": "true",
        "x-ms-version": "2025-01-05"
      },
      "RequestBody": null,
      "StatusCode": 201,
      "ResponseHeaders": {
        "Content-Length": "0",
        "Date": "Wed, 09 Oct 2024 20:53:26 GMT",
        "ETag": "\"0x8DCE8A46C91CA51\"",
        "Last-Modified": "Wed, 09 Oct 2024 20:53:27 GMT",
        "Server": [
          "Windows-Azure-Blob/1.0",
          "Microsoft-HTTPAPI/2.0"
        ],
        "x-ms-client-request-id": "Sanitized",
        "x-ms-request-id": "e2d0d936-d01e-0018-788d-1a05a5000000",
        "x-ms-version": "2025-01-05"
      },
      "ResponseBody": null
    },
    {
      "RequestUri": "https://jalauzonnettest.blob.core.windows.net/test-container-2bd67bae-423e-3662-958a-216cc6921db1/sourceFolder/test-file-dfdfe5de-ee41-bbb3-6bb1-fe1b834a2c5a?sv=Sanitized&se=2024-10-10T20%3A53%3A27Z&sr=c&sp=racwdxltfi&sig=Sanitized",
      "RequestMethod": "PUT",
      "RequestHeaders": {
        "Accept": "application/xml",
        "Content-Length": "0",
        "If-None-Match": "*",
        "User-Agent": "azsdk-net-Storage.Blobs/12.23.0-alpha.20241009.1 (.NET 8.0.8; Microsoft Windows 10.0.22631)",
        "x-ms-blob-cache-control": "no-cache",
        "x-ms-blob-content-disposition": "inline",
        "x-ms-blob-content-language": "en-US",
        "x-ms-blob-content-type": "text/plain",
        "x-ms-blob-type": "AppendBlob",
        "x-ms-client-request-id": "Sanitized",
        "x-ms-meta-Capital": "letter",
        "x-ms-meta-foo": "bar",
        "x-ms-meta-meta": "data",
        "x-ms-meta-UPPER": "case",
        "x-ms-return-client-request-id": "true",
        "x-ms-version": "2025-01-05"
      },
      "RequestBody": null,
      "StatusCode": 201,
      "ResponseHeaders": {
        "Content-Length": "0",
        "Date": "Wed, 09 Oct 2024 20:53:26 GMT",
        "ETag": "\"0x8DCE8A46C994353\"",
        "Last-Modified": "Wed, 09 Oct 2024 20:53:27 GMT",
        "Server": [
          "Windows-Azure-Blob/1.0",
          "Microsoft-HTTPAPI/2.0"
        ],
        "x-ms-client-request-id": "Sanitized",
        "x-ms-request-id": "e2d0d951-d01e-0018-028d-1a05a5000000",
        "x-ms-request-server-encrypted": "true",
        "x-ms-version": "2025-01-05",
        "x-ms-version-id": "2024-10-09T20:53:27.4031955Z"
      },
      "ResponseBody": null
    },
    {
      "RequestUri": "https://jalauzonnettest.blob.core.windows.net/test-container-2bd67bae-423e-3662-958a-216cc6921db1/sourceFolder/test-file-e8a2cd5d-331f-b7b7-ae1f-30b917f2dc04?sv=Sanitized&se=2024-10-10T20%3A53%3A27Z&sr=c&sp=racwdxltfi&sig=Sanitized",
      "RequestMethod": "PUT",
      "RequestHeaders": {
        "Accept": "application/xml",
        "Content-Length": "0",
        "If-None-Match": "*",
        "User-Agent": "azsdk-net-Storage.Blobs/12.23.0-alpha.20241009.1 (.NET 8.0.8; Microsoft Windows 10.0.22631)",
        "x-ms-blob-cache-control": "no-cache",
        "x-ms-blob-content-disposition": "inline",
        "x-ms-blob-content-language": "en-US",
        "x-ms-blob-content-type": "text/plain",
        "x-ms-blob-type": "AppendBlob",
        "x-ms-client-request-id": "Sanitized",
        "x-ms-meta-Capital": "letter",
        "x-ms-meta-foo": "bar",
        "x-ms-meta-meta": "data",
        "x-ms-meta-UPPER": "case",
        "x-ms-return-client-request-id": "true",
        "x-ms-version": "2025-01-05"
      },
      "RequestBody": null,
      "StatusCode": 201,
      "ResponseHeaders": {
        "Content-Length": "0",
        "Date": "Wed, 09 Oct 2024 20:53:27 GMT",
        "ETag": "\"0x8DCE8A46CA06E3A\"",
        "Last-Modified": "Wed, 09 Oct 2024 20:53:27 GMT",
        "Server": [
          "Windows-Azure-Blob/1.0",
          "Microsoft-HTTPAPI/2.0"
        ],
        "x-ms-client-request-id": "Sanitized",
        "x-ms-request-id": "e2d0d95b-d01e-0018-068d-1a05a5000000",
        "x-ms-request-server-encrypted": "true",
        "x-ms-version": "2025-01-05",
        "x-ms-version-id": "2024-10-09T20:53:27.4501690Z"
      },
      "ResponseBody": null
    },
    {
      "RequestUri": "https://jalauzonnettest.blob.core.windows.net/test-container-2bd67bae-423e-3662-958a-216cc6921db1/sourceFolder/bar/test-file-0e2901fd-ad33-2317-63eb-ad6ca8b3f176?sv=Sanitized&se=2024-10-10T20%3A53%3A27Z&sr=c&sp=racwdxltfi&sig=Sanitized",
      "RequestMethod": "PUT",
      "RequestHeaders": {
        "Accept": "application/xml",
        "Content-Length": "0",
        "If-None-Match": "*",
        "User-Agent": "azsdk-net-Storage.Blobs/12.23.0-alpha.20241009.1 (.NET 8.0.8; Microsoft Windows 10.0.22631)",
        "x-ms-blob-cache-control": "no-cache",
        "x-ms-blob-content-disposition": "inline",
        "x-ms-blob-content-language": "en-US",
        "x-ms-blob-content-type": "text/plain",
        "x-ms-blob-type": "AppendBlob",
        "x-ms-client-request-id": "Sanitized",
        "x-ms-meta-Capital": "letter",
        "x-ms-meta-foo": "bar",
        "x-ms-meta-meta": "data",
        "x-ms-meta-UPPER": "case",
        "x-ms-return-client-request-id": "true",
        "x-ms-version": "2025-01-05"
      },
      "RequestBody": null,
      "StatusCode": 201,
      "ResponseHeaders": {
        "Content-Length": "0",
        "Date": "Wed, 09 Oct 2024 20:53:27 GMT",
        "ETag": "\"0x8DCE8A46CA74B0B\"",
        "Last-Modified": "Wed, 09 Oct 2024 20:53:27 GMT",
        "Server": [
          "Windows-Azure-Blob/1.0",
          "Microsoft-HTTPAPI/2.0"
        ],
        "x-ms-client-request-id": "Sanitized",
        "x-ms-request-id": "e2d0d95f-d01e-0018-088d-1a05a5000000",
        "x-ms-request-server-encrypted": "true",
        "x-ms-version": "2025-01-05",
        "x-ms-version-id": "2024-10-09T20:53:27.4951435Z"
      },
      "ResponseBody": null
    },
    {
      "RequestUri": "https://jalauzonnettest.blob.core.windows.net/test-container-2bd67bae-423e-3662-958a-216cc6921db1/sourceFolder/pik/test-file-9ec38e4f-31f4-16c9-fd10-f852d6fb30a6?sv=Sanitized&se=2024-10-10T20%3A53%3A27Z&sr=c&sp=racwdxltfi&sig=Sanitized",
      "RequestMethod": "PUT",
      "RequestHeaders": {
        "Accept": "application/xml",
        "Content-Length": "0",
        "If-None-Match": "*",
        "User-Agent": "azsdk-net-Storage.Blobs/12.23.0-alpha.20241009.1 (.NET 8.0.8; Microsoft Windows 10.0.22631)",
        "x-ms-blob-cache-control": "no-cache",
        "x-ms-blob-content-disposition": "inline",
        "x-ms-blob-content-language": "en-US",
        "x-ms-blob-content-type": "text/plain",
        "x-ms-blob-type": "AppendBlob",
        "x-ms-client-request-id": "Sanitized",
        "x-ms-meta-Capital": "letter",
        "x-ms-meta-foo": "bar",
        "x-ms-meta-meta": "data",
        "x-ms-meta-UPPER": "case",
        "x-ms-return-client-request-id": "true",
        "x-ms-version": "2025-01-05"
      },
      "RequestBody": null,
      "StatusCode": 201,
      "ResponseHeaders": {
        "Content-Length": "0",
        "Date": "Wed, 09 Oct 2024 20:53:27 GMT",
        "ETag": "\"0x8DCE8A46CAE00D2\"",
        "Last-Modified": "Wed, 09 Oct 2024 20:53:27 GMT",
        "Server": [
          "Windows-Azure-Blob/1.0",
          "Microsoft-HTTPAPI/2.0"
        ],
        "x-ms-client-request-id": "Sanitized",
        "x-ms-request-id": "e2d0d969-d01e-0018-0c8d-1a05a5000000",
        "x-ms-request-server-encrypted": "true",
        "x-ms-version": "2025-01-05",
        "x-ms-version-id": "2024-10-09T20:53:27.5391186Z"
      },
      "ResponseBody": null
    },
    {
      "RequestUri": "https://jalauzonnettest.blob.core.windows.net/test-container-2bd67bae-423e-3662-958a-216cc6921db1?sv=Sanitized&se=2024-10-10T20%3A53%3A27Z&sr=c&sp=racwdxltfi&sig=Sanitized&restype=container&comp=list&prefix=sourceFolder%2F&include=Metadata",
      "RequestMethod": "GET",
      "RequestHeaders": {
        "Accept": "application/xml",
        "User-Agent": "azsdk-net-Storage.Blobs/12.23.0-alpha.20241009.1 (.NET 8.0.8; Microsoft Windows 10.0.22631)",
        "x-ms-client-request-id": "Sanitized",
        "x-ms-return-client-request-id": "true",
        "x-ms-version": "2025-01-05"
      },
      "RequestBody": null,
      "StatusCode": 200,
      "ResponseHeaders": {
        "Content-Type": "application/xml",
        "Date": "Wed, 09 Oct 2024 20:53:27 GMT",
        "Server": [
          "Windows-Azure-Blob/1.0",
          "Microsoft-HTTPAPI/2.0"
        ],
        "Transfer-Encoding": "chunked",
        "x-ms-client-request-id": "Sanitized",
        "x-ms-request-id": "e2d0d973-d01e-0018-118d-1a05a5000000",
        "x-ms-version": "2025-01-05"
      },
      "ResponseBody": "\uFEFF<?xml version=\"1.0\" encoding=\"utf-8\"?><EnumerationResults ServiceEndpoint=\"https://jalauzonnettest.blob.core.windows.net/\" ContainerName=\"test-container-2bd67bae-423e-3662-958a-216cc6921db1\"><Prefix>sourceFolder/</Prefix><Blobs><Blob><Name>sourceFolder/bar/test-file-0e2901fd-ad33-2317-63eb-ad6ca8b3f176</Name><VersionId>2024-10-09T20:53:27.4951435Z</VersionId><IsCurrentVersion>true</IsCurrentVersion><Properties><Creation-Time>Wed, 09 Oct 2024 20:53:27 GMT</Creation-Time><Last-Modified>Wed, 09 Oct 2024 20:53:27 GMT</Last-Modified><Etag>0x8DCE8A46CA74B0B</Etag><Content-Length>0</Content-Length><Content-Type>text/plain</Content-Type><Content-Encoding /><Content-Language>en-US</Content-Language><Content-CRC64 /><Content-MD5 /><Cache-Control>no-cache</Cache-Control><Content-Disposition>inline</Content-Disposition><BlobType>AppendBlob</BlobType><LeaseStatus>unlocked</LeaseStatus><LeaseState>available</LeaseState><ServerEncrypted>true</ServerEncrypted></Properties><Metadata><foo>bar</foo><meta>data</meta><Capital>letter</Capital><UPPER>case</UPPER></Metadata><OrMetadata /></Blob><Blob><Name>sourceFolder/pik/test-file-9ec38e4f-31f4-16c9-fd10-f852d6fb30a6</Name><VersionId>2024-10-09T20:53:27.5391186Z</VersionId><IsCurrentVersion>true</IsCurrentVersion><Properties><Creation-Time>Wed, 09 Oct 2024 20:53:27 GMT</Creation-Time><Last-Modified>Wed, 09 Oct 2024 20:53:27 GMT</Last-Modified><Etag>0x8DCE8A46CAE00D2</Etag><Content-Length>0</Content-Length><Content-Type>text/plain</Content-Type><Content-Encoding /><Content-Language>en-US</Content-Language><Content-CRC64 /><Content-MD5 /><Cache-Control>no-cache</Cache-Control><Content-Disposition>inline</Content-Disposition><BlobType>AppendBlob</BlobType><LeaseStatus>unlocked</LeaseStatus><LeaseState>available</LeaseState><ServerEncrypted>true</ServerEncrypted></Properties><Metadata><foo>bar</foo><meta>data</meta><Capital>letter</Capital><UPPER>case</UPPER></Metadata><OrMetadata /></Blob><Blob><Name>sourceFolder/test-file-dfdfe5de-ee41-bbb3-6bb1-fe1b834a2c5a</Name><VersionId>2024-10-09T20:53:27.4031955Z</VersionId><IsCurrentVersion>true</IsCurrentVersion><Properties><Creation-Time>Wed, 09 Oct 2024 20:53:27 GMT</Creation-Time><Last-Modified>Wed, 09 Oct 2024 20:53:27 GMT</Last-Modified><Etag>0x8DCE8A46C994353</Etag><Content-Length>0</Content-Length><Content-Type>text/plain</Content-Type><Content-Encoding /><Content-Language>en-US</Content-Language><Content-CRC64 /><Content-MD5 /><Cache-Control>no-cache</Cache-Control><Content-Disposition>inline</Content-Disposition><BlobType>AppendBlob</BlobType><LeaseStatus>unlocked</LeaseStatus><LeaseState>available</LeaseState><ServerEncrypted>true</ServerEncrypted></Properties><Metadata><foo>bar</foo><meta>data</meta><Capital>letter</Capital><UPPER>case</UPPER></Metadata><OrMetadata /></Blob><Blob><Name>sourceFolder/test-file-e8a2cd5d-331f-b7b7-ae1f-30b917f2dc04</Name><VersionId>2024-10-09T20:53:27.4501690Z</VersionId><IsCurrentVersion>true</IsCurrentVersion><Properties><Creation-Time>Wed, 09 Oct 2024 20:53:27 GMT</Creation-Time><Last-Modified>Wed, 09 Oct 2024 20:53:27 GMT</Last-Modified><Etag>0x8DCE8A46CA06E3A</Etag><Content-Length>0</Content-Length><Content-Type>text/plain</Content-Type><Content-Encoding /><Content-Language>en-US</Content-Language><Content-CRC64 /><Content-MD5 /><Cache-Control>no-cache</Cache-Control><Content-Disposition>inline</Content-Disposition><BlobType>AppendBlob</BlobType><LeaseStatus>unlocked</LeaseStatus><LeaseState>available</LeaseState><ServerEncrypted>true</ServerEncrypted></Properties><Metadata><foo>bar</foo><meta>data</meta><Capital>letter</Capital><UPPER>case</UPPER></Metadata><OrMetadata /></Blob></Blobs><NextMarker /></EnumerationResults>"
    },
    {
      "RequestUri": "https://jalauzonnettest.blob.core.windows.net/test-container-c57b3988-c24b-4616-9c08-6981ba7c1868/destinationFolder/bar/test-file-0e2901fd-ad33-2317-63eb-ad6ca8b3f176",
      "RequestMethod": "PUT",
      "RequestHeaders": {
        "Accept": "application/xml",
        "Authorization": "Sanitized",
        "Content-Length": "0",
        "If-None-Match": "*",
        "traceparent": "00-33a72fb76ba162e78511c8e5587de86f-4ab0b0f7f7382781-00",
        "User-Agent": "azsdk-net-Storage.Blobs/12.23.0-alpha.20241009.1 (.NET 8.0.8; Microsoft Windows 10.0.22631)",
        "x-ms-blob-cache-control": "no-cache",
        "x-ms-blob-content-disposition": "inline",
        "x-ms-blob-content-encoding": "",
        "x-ms-blob-content-language": "en-US",
        "x-ms-blob-content-type": "text/plain",
        "x-ms-blob-type": "AppendBlob",
        "x-ms-client-request-id": "Sanitized",
        "x-ms-date": "Wed, 09 Oct 2024 20:53:27 GMT",
        "x-ms-meta-Capital": "letter",
        "x-ms-meta-foo": "bar",
        "x-ms-meta-meta": "data",
        "x-ms-meta-UPPER": "case",
        "x-ms-return-client-request-id": "true",
        "x-ms-version": "2025-01-05"
      },
      "RequestBody": null,
      "StatusCode": 201,
      "ResponseHeaders": {
        "Content-Length": "0",
        "Date": "Wed, 09 Oct 2024 20:53:27 GMT",
        "ETag": "\"0x8DCE8A46CC185FC\"",
        "Last-Modified": "Wed, 09 Oct 2024 20:53:27 GMT",
        "Server": [
          "Windows-Azure-Blob/1.0",
          "Microsoft-HTTPAPI/2.0"
        ],
        "x-ms-client-request-id": "Sanitized",
        "x-ms-request-id": "e2d0d988-d01e-0018-188d-1a05a5000000",
        "x-ms-request-server-encrypted": "true",
        "x-ms-version": "2025-01-05",
        "x-ms-version-id": "2024-10-09T20:53:27.6680458Z"
      },
      "ResponseBody": null
    },
    {
      "RequestUri": "https://jalauzonnettest.blob.core.windows.net/test-container-c57b3988-c24b-4616-9c08-6981ba7c1868/destinationFolder/test-file-dfdfe5de-ee41-bbb3-6bb1-fe1b834a2c5a",
      "RequestMethod": "PUT",
      "RequestHeaders": {
        "Accept": "application/xml",
        "Authorization": "Sanitized",
        "Content-Length": "0",
        "If-None-Match": "*",
        "traceparent": "00-963e20cf67615da14a2c6825f3469b4f-8e521b519f9b79bd-00",
        "User-Agent": "azsdk-net-Storage.Blobs/12.23.0-alpha.20241009.1 (.NET 8.0.8; Microsoft Windows 10.0.22631)",
        "x-ms-blob-cache-control": "no-cache",
        "x-ms-blob-content-disposition": "inline",
        "x-ms-blob-content-encoding": "",
        "x-ms-blob-content-language": "en-US",
        "x-ms-blob-content-type": "text/plain",
        "x-ms-blob-type": "AppendBlob",
        "x-ms-client-request-id": "Sanitized",
        "x-ms-date": "Wed, 09 Oct 2024 20:53:27 GMT",
        "x-ms-meta-Capital": "letter",
        "x-ms-meta-foo": "bar",
        "x-ms-meta-meta": "data",
        "x-ms-meta-UPPER": "case",
        "x-ms-return-client-request-id": "true",
        "x-ms-version": "2025-01-05"
      },
      "RequestBody": null,
      "StatusCode": 201,
      "ResponseHeaders": {
        "Content-Length": "0",
        "Date": "Wed, 09 Oct 2024 20:53:27 GMT",
        "ETag": "\"0x8DCE8A46CC2703A\"",
        "Last-Modified": "Wed, 09 Oct 2024 20:53:27 GMT",
        "Server": [
          "Windows-Azure-Blob/1.0",
          "Microsoft-HTTPAPI/2.0"
        ],
        "x-ms-client-request-id": "Sanitized",
        "x-ms-request-id": "1ba1daf1-501e-0064-6c8d-1a2b5a000000",
        "x-ms-request-server-encrypted": "true",
        "x-ms-version": "2025-01-05",
        "x-ms-version-id": "2024-10-09T20:53:27.6730426Z"
      },
      "ResponseBody": null
    },
    {
      "RequestUri": "https://jalauzonnettest.blob.core.windows.net/test-container-c57b3988-c24b-4616-9c08-6981ba7c1868/destinationFolder/test-file-e8a2cd5d-331f-b7b7-ae1f-30b917f2dc04",
      "RequestMethod": "PUT",
      "RequestHeaders": {
        "Accept": "application/xml",
        "Authorization": "Sanitized",
        "Content-Length": "0",
        "If-None-Match": "*",
        "traceparent": "00-3ef731f3b3716745a8bf50985a78f0fc-40048b6630e628bf-00",
        "User-Agent": "azsdk-net-Storage.Blobs/12.23.0-alpha.20241009.1 (.NET 8.0.8; Microsoft Windows 10.0.22631)",
        "x-ms-blob-cache-control": "no-cache",
        "x-ms-blob-content-disposition": "inline",
        "x-ms-blob-content-encoding": "",
        "x-ms-blob-content-language": "en-US",
        "x-ms-blob-content-type": "text/plain",
        "x-ms-blob-type": "AppendBlob",
        "x-ms-client-request-id": "Sanitized",
        "x-ms-date": "Wed, 09 Oct 2024 20:53:27 GMT",
        "x-ms-meta-Capital": "letter",
        "x-ms-meta-foo": "bar",
        "x-ms-meta-meta": "data",
        "x-ms-meta-UPPER": "case",
        "x-ms-return-client-request-id": "true",
        "x-ms-version": "2025-01-05"
      },
      "RequestBody": null,
      "StatusCode": 201,
      "ResponseHeaders": {
        "Content-Length": "0",
        "Date": "Wed, 09 Oct 2024 20:53:27 GMT",
        "ETag": "\"0x8DCE8A46CC2703A\"",
        "Last-Modified": "Wed, 09 Oct 2024 20:53:27 GMT",
        "Server": [
          "Windows-Azure-Blob/1.0",
          "Microsoft-HTTPAPI/2.0"
        ],
        "x-ms-client-request-id": "Sanitized",
        "x-ms-request-id": "b3b877d7-f01e-0052-048d-1aa62a000000",
        "x-ms-request-server-encrypted": "true",
        "x-ms-version": "2025-01-05",
        "x-ms-version-id": "2024-10-09T20:53:27.6730426Z"
      },
      "ResponseBody": null
    },
    {
      "RequestUri": "https://jalauzonnettest.blob.core.windows.net/test-container-c57b3988-c24b-4616-9c08-6981ba7c1868/destinationFolder/pik/test-file-9ec38e4f-31f4-16c9-fd10-f852d6fb30a6",
      "RequestMethod": "PUT",
      "RequestHeaders": {
        "Accept": "application/xml",
        "Authorization": "Sanitized",
        "Content-Length": "0",
        "If-None-Match": "*",
        "traceparent": "00-5e5048ae60358d9c37471465e2c78ffb-3d760d7f27f33dd2-00",
        "User-Agent": "azsdk-net-Storage.Blobs/12.23.0-alpha.20241009.1 (.NET 8.0.8; Microsoft Windows 10.0.22631)",
        "x-ms-blob-cache-control": "no-cache",
        "x-ms-blob-content-disposition": "inline",
        "x-ms-blob-content-encoding": "",
        "x-ms-blob-content-language": "en-US",
        "x-ms-blob-content-type": "text/plain",
        "x-ms-blob-type": "AppendBlob",
        "x-ms-client-request-id": "Sanitized",
        "x-ms-date": "Wed, 09 Oct 2024 20:53:27 GMT",
        "x-ms-meta-Capital": "letter",
        "x-ms-meta-foo": "bar",
        "x-ms-meta-meta": "data",
        "x-ms-meta-UPPER": "case",
        "x-ms-return-client-request-id": "true",
        "x-ms-version": "2025-01-05"
      },
      "RequestBody": null,
      "StatusCode": 201,
      "ResponseHeaders": {
        "Content-Length": "0",
        "Date": "Wed, 09 Oct 2024 20:53:26 GMT",
        "ETag": "\"0x8DCE8A46CC29746\"",
        "Last-Modified": "Wed, 09 Oct 2024 20:53:27 GMT",
        "Server": [
          "Windows-Azure-Blob/1.0",
          "Microsoft-HTTPAPI/2.0"
        ],
        "x-ms-client-request-id": "Sanitized",
        "x-ms-request-id": "3636b2b3-d01e-0037-638d-1a086e000000",
        "x-ms-request-server-encrypted": "true",
        "x-ms-version": "2025-01-05",
        "x-ms-version-id": "2024-10-09T20:53:27.6740422Z"
      },
      "ResponseBody": null
    },
    {
      "RequestUri": "https://jalauzonnettest.blob.core.windows.net/test-container-2bd67bae-423e-3662-958a-216cc6921db1?sv=Sanitized&se=2024-10-10T20%3A53%3A27Z&sr=c&sp=racwdxltfi&sig=Sanitized&restype=container&comp=list&prefix=sourceFolder",
      "RequestMethod": "GET",
      "RequestHeaders": {
        "Accept": "application/xml",
        "User-Agent": "azsdk-net-Storage.Blobs/12.23.0-alpha.20241009.1 (.NET 8.0.8; Microsoft Windows 10.0.22631)",
        "x-ms-client-request-id": "Sanitized",
        "x-ms-return-client-request-id": "true",
        "x-ms-version": "2025-01-05"
      },
      "RequestBody": null,
      "StatusCode": 200,
      "ResponseHeaders": {
        "Content-Type": "application/xml",
        "Date": "Wed, 09 Oct 2024 20:53:26 GMT",
        "Server": [
          "Windows-Azure-Blob/1.0",
          "Microsoft-HTTPAPI/2.0"
        ],
        "Transfer-Encoding": "chunked",
        "x-ms-client-request-id": "Sanitized",
        "x-ms-request-id": "3636b2ee-d01e-0037-798d-1a086e000000",
        "x-ms-version": "2025-01-05"
      },
      "ResponseBody": "\uFEFF<?xml version=\"1.0\" encoding=\"utf-8\"?><EnumerationResults ServiceEndpoint=\"https://jalauzonnettest.blob.core.windows.net/\" ContainerName=\"test-container-2bd67bae-423e-3662-958a-216cc6921db1\"><Prefix>sourceFolder</Prefix><Blobs><Blob><Name>sourceFolder/bar/test-file-0e2901fd-ad33-2317-63eb-ad6ca8b3f176</Name><VersionId>2024-10-09T20:53:27.4951435Z</VersionId><IsCurrentVersion>true</IsCurrentVersion><Properties><Creation-Time>Wed, 09 Oct 2024 20:53:27 GMT</Creation-Time><Last-Modified>Wed, 09 Oct 2024 20:53:27 GMT</Last-Modified><Etag>0x8DCE8A46CA74B0B</Etag><Content-Length>0</Content-Length><Content-Type>text/plain</Content-Type><Content-Encoding /><Content-Language>en-US</Content-Language><Content-CRC64 /><Content-MD5 /><Cache-Control>no-cache</Cache-Control><Content-Disposition>inline</Content-Disposition><BlobType>AppendBlob</BlobType><LeaseStatus>unlocked</LeaseStatus><LeaseState>available</LeaseState><ServerEncrypted>true</ServerEncrypted></Properties><OrMetadata /></Blob><Blob><Name>sourceFolder/pik/test-file-9ec38e4f-31f4-16c9-fd10-f852d6fb30a6</Name><VersionId>2024-10-09T20:53:27.5391186Z</VersionId><IsCurrentVersion>true</IsCurrentVersion><Properties><Creation-Time>Wed, 09 Oct 2024 20:53:27 GMT</Creation-Time><Last-Modified>Wed, 09 Oct 2024 20:53:27 GMT</Last-Modified><Etag>0x8DCE8A46CAE00D2</Etag><Content-Length>0</Content-Length><Content-Type>text/plain</Content-Type><Content-Encoding /><Content-Language>en-US</Content-Language><Content-CRC64 /><Content-MD5 /><Cache-Control>no-cache</Cache-Control><Content-Disposition>inline</Content-Disposition><BlobType>AppendBlob</BlobType><LeaseStatus>unlocked</LeaseStatus><LeaseState>available</LeaseState><ServerEncrypted>true</ServerEncrypted></Properties><OrMetadata /></Blob><Blob><Name>sourceFolder/test-file-dfdfe5de-ee41-bbb3-6bb1-fe1b834a2c5a</Name><VersionId>2024-10-09T20:53:27.4031955Z</VersionId><IsCurrentVersion>true</IsCurrentVersion><Properties><Creation-Time>Wed, 09 Oct 2024 20:53:27 GMT</Creation-Time><Last-Modified>Wed, 09 Oct 2024 20:53:27 GMT</Last-Modified><Etag>0x8DCE8A46C994353</Etag><Content-Length>0</Content-Length><Content-Type>text/plain</Content-Type><Content-Encoding /><Content-Language>en-US</Content-Language><Content-CRC64 /><Content-MD5 /><Cache-Control>no-cache</Cache-Control><Content-Disposition>inline</Content-Disposition><BlobType>AppendBlob</BlobType><LeaseStatus>unlocked</LeaseStatus><LeaseState>available</LeaseState><ServerEncrypted>true</ServerEncrypted></Properties><OrMetadata /></Blob><Blob><Name>sourceFolder/test-file-e8a2cd5d-331f-b7b7-ae1f-30b917f2dc04</Name><VersionId>2024-10-09T20:53:27.4501690Z</VersionId><IsCurrentVersion>true</IsCurrentVersion><Properties><Creation-Time>Wed, 09 Oct 2024 20:53:27 GMT</Creation-Time><Last-Modified>Wed, 09 Oct 2024 20:53:27 GMT</Last-Modified><Etag>0x8DCE8A46CA06E3A</Etag><Content-Length>0</Content-Length><Content-Type>text/plain</Content-Type><Content-Encoding /><Content-Language>en-US</Content-Language><Content-CRC64 /><Content-MD5 /><Cache-Control>no-cache</Cache-Control><Content-Disposition>inline</Content-Disposition><BlobType>AppendBlob</BlobType><LeaseStatus>unlocked</LeaseStatus><LeaseState>available</LeaseState><ServerEncrypted>true</ServerEncrypted></Properties><OrMetadata /></Blob></Blobs><NextMarker /></EnumerationResults>"
    },
    {
      "RequestUri": "https://jalauzonnettest.blob.core.windows.net/test-container-c57b3988-c24b-4616-9c08-6981ba7c1868?restype=container&comp=list&prefix=destinationFolder",
      "RequestMethod": "GET",
      "RequestHeaders": {
        "Accept": "application/xml",
        "Authorization": "Sanitized",
        "traceparent": "00-491455061a7f023c50fcf8107716a463-7cec58852f77855f-00",
        "User-Agent": "azsdk-net-Storage.Blobs/12.23.0-alpha.20241009.1 (.NET 8.0.8; Microsoft Windows 10.0.22631)",
        "x-ms-client-request-id": "Sanitized",
        "x-ms-date": "Wed, 09 Oct 2024 20:53:27 GMT",
        "x-ms-return-client-request-id": "true",
        "x-ms-version": "2025-01-05"
      },
      "RequestBody": null,
      "StatusCode": 200,
      "ResponseHeaders": {
        "Content-Type": "application/xml",
        "Date": "Wed, 09 Oct 2024 20:53:26 GMT",
        "Server": [
          "Windows-Azure-Blob/1.0",
          "Microsoft-HTTPAPI/2.0"
        ],
        "Transfer-Encoding": "chunked",
        "x-ms-client-request-id": "Sanitized",
        "x-ms-request-id": "3636b30f-d01e-0037-048d-1a086e000000",
        "x-ms-version": "2025-01-05"
      },
      "ResponseBody": "\uFEFF<?xml version=\"1.0\" encoding=\"utf-8\"?><EnumerationResults ServiceEndpoint=\"https://jalauzonnettest.blob.core.windows.net/\" ContainerName=\"test-container-c57b3988-c24b-4616-9c08-6981ba7c1868\"><Prefix>destinationFolder</Prefix><Blobs><Blob><Name>destinationFolder/bar/test-file-0e2901fd-ad33-2317-63eb-ad6ca8b3f176</Name><VersionId>2024-10-09T20:53:27.6680458Z</VersionId><IsCurrentVersion>true</IsCurrentVersion><Properties><Creation-Time>Wed, 09 Oct 2024 20:53:27 GMT</Creation-Time><Last-Modified>Wed, 09 Oct 2024 20:53:27 GMT</Last-Modified><Etag>0x8DCE8A46CC185FC</Etag><Content-Length>0</Content-Length><Content-Type>text/plain</Content-Type><Content-Encoding /><Content-Language>en-US</Content-Language><Content-CRC64 /><Content-MD5 /><Cache-Control>no-cache</Cache-Control><Content-Disposition>inline</Content-Disposition><BlobType>AppendBlob</BlobType><LeaseStatus>unlocked</LeaseStatus><LeaseState>available</LeaseState><ServerEncrypted>true</ServerEncrypted></Properties><OrMetadata /></Blob><Blob><Name>destinationFolder/pik/test-file-9ec38e4f-31f4-16c9-fd10-f852d6fb30a6</Name><VersionId>2024-10-09T20:53:27.6740422Z</VersionId><IsCurrentVersion>true</IsCurrentVersion><Properties><Creation-Time>Wed, 09 Oct 2024 20:53:27 GMT</Creation-Time><Last-Modified>Wed, 09 Oct 2024 20:53:27 GMT</Last-Modified><Etag>0x8DCE8A46CC29746</Etag><Content-Length>0</Content-Length><Content-Type>text/plain</Content-Type><Content-Encoding /><Content-Language>en-US</Content-Language><Content-CRC64 /><Content-MD5 /><Cache-Control>no-cache</Cache-Control><Content-Disposition>inline</Content-Disposition><BlobType>AppendBlob</BlobType><LeaseStatus>unlocked</LeaseStatus><LeaseState>available</LeaseState><ServerEncrypted>true</ServerEncrypted></Properties><OrMetadata /></Blob><Blob><Name>destinationFolder/test-file-dfdfe5de-ee41-bbb3-6bb1-fe1b834a2c5a</Name><VersionId>2024-10-09T20:53:27.6730426Z</VersionId><IsCurrentVersion>true</IsCurrentVersion><Properties><Creation-Time>Wed, 09 Oct 2024 20:53:27 GMT</Creation-Time><Last-Modified>Wed, 09 Oct 2024 20:53:27 GMT</Last-Modified><Etag>0x8DCE8A46CC2703A</Etag><Content-Length>0</Content-Length><Content-Type>text/plain</Content-Type><Content-Encoding /><Content-Language>en-US</Content-Language><Content-CRC64 /><Content-MD5 /><Cache-Control>no-cache</Cache-Control><Content-Disposition>inline</Content-Disposition><BlobType>AppendBlob</BlobType><LeaseStatus>unlocked</LeaseStatus><LeaseState>available</LeaseState><ServerEncrypted>true</ServerEncrypted></Properties><OrMetadata /></Blob><Blob><Name>destinationFolder/test-file-e8a2cd5d-331f-b7b7-ae1f-30b917f2dc04</Name><VersionId>2024-10-09T20:53:27.6730426Z</VersionId><IsCurrentVersion>true</IsCurrentVersion><Properties><Creation-Time>Wed, 09 Oct 2024 20:53:27 GMT</Creation-Time><Last-Modified>Wed, 09 Oct 2024 20:53:27 GMT</Last-Modified><Etag>0x8DCE8A46CC2703A</Etag><Content-Length>0</Content-Length><Content-Type>text/plain</Content-Type><Content-Encoding /><Content-Language>en-US</Content-Language><Content-CRC64 /><Content-MD5 /><Cache-Control>no-cache</Cache-Control><Content-Disposition>inline</Content-Disposition><BlobType>AppendBlob</BlobType><LeaseStatus>unlocked</LeaseStatus><LeaseState>available</LeaseState><ServerEncrypted>true</ServerEncrypted></Properties><OrMetadata /></Blob></Blobs><NextMarker /></EnumerationResults>"
    },
    {
      "RequestUri": "https://jalauzonnettest.blob.core.windows.net/test-container-2bd67bae-423e-3662-958a-216cc6921db1/sourceFolder/bar/test-file-0e2901fd-ad33-2317-63eb-ad6ca8b3f176?sv=Sanitized&se=2024-10-10T20%3A53%3A27Z&sr=c&sp=racwdxltfi&sig=Sanitized",
      "RequestMethod": "HEAD",
      "RequestHeaders": {
        "Accept": "application/xml",
        "User-Agent": "azsdk-net-Storage.Blobs/12.23.0-alpha.20241009.1 (.NET 8.0.8; Microsoft Windows 10.0.22631)",
        "x-ms-client-request-id": "Sanitized",
        "x-ms-return-client-request-id": "true",
        "x-ms-version": "2025-01-05"
      },
      "RequestBody": null,
      "StatusCode": 200,
      "ResponseHeaders": {
        "Accept-Ranges": "bytes",
        "Cache-Control": "no-cache",
        "Content-Disposition": "inline",
        "Content-Language": "en-US",
        "Content-Length": "0",
        "Content-Type": "text/plain",
        "Date": "Wed, 09 Oct 2024 20:53:27 GMT",
        "ETag": "\"0x8DCE8A46CA74B0B\"",
        "Last-Modified": "Wed, 09 Oct 2024 20:53:27 GMT",
        "Server": [
          "Windows-Azure-Blob/1.0",
          "Microsoft-HTTPAPI/2.0"
        ],
        "x-ms-blob-committed-block-count": "0",
        "x-ms-blob-type": "AppendBlob",
        "x-ms-client-request-id": "Sanitized",
        "x-ms-creation-time": "Wed, 09 Oct 2024 20:53:27 GMT",
        "x-ms-is-current-version": "true",
        "x-ms-lease-state": "available",
        "x-ms-lease-status": "unlocked",
        "x-ms-meta-Capital": "letter",
        "x-ms-meta-foo": "bar",
        "x-ms-meta-meta": "data",
        "x-ms-meta-UPPER": "case",
        "x-ms-request-id": "3636b31b-d01e-0037-088d-1a086e000000",
        "x-ms-server-encrypted": "true",
        "x-ms-version": "2025-01-05",
        "x-ms-version-id": "2024-10-09T20:53:27.4951435Z"
      },
      "ResponseBody": null
    },
    {
      "RequestUri": "https://jalauzonnettest.blob.core.windows.net/test-container-c57b3988-c24b-4616-9c08-6981ba7c1868/destinationFolder/bar/test-file-0e2901fd-ad33-2317-63eb-ad6ca8b3f176",
      "RequestMethod": "HEAD",
      "RequestHeaders": {
        "Accept": "application/xml",
        "Authorization": "Sanitized",
        "traceparent": "00-ab91e5405c60dfa19f5ab33e5547de4b-05306f5636b9af91-00",
        "User-Agent": "azsdk-net-Storage.Blobs/12.23.0-alpha.20241009.1 (.NET 8.0.8; Microsoft Windows 10.0.22631)",
        "x-ms-client-request-id": "Sanitized",
        "x-ms-date": "Wed, 09 Oct 2024 20:53:28 GMT",
        "x-ms-return-client-request-id": "true",
        "x-ms-version": "2025-01-05"
      },
      "RequestBody": null,
      "StatusCode": 200,
      "ResponseHeaders": {
        "Accept-Ranges": "bytes",
        "Cache-Control": "no-cache",
        "Content-Disposition": "inline",
        "Content-Language": "en-US",
        "Content-Length": "0",
        "Content-Type": "text/plain",
        "Date": "Wed, 09 Oct 2024 20:53:27 GMT",
        "ETag": "\"0x8DCE8A46CC185FC\"",
        "Last-Modified": "Wed, 09 Oct 2024 20:53:27 GMT",
        "Server": [
          "Windows-Azure-Blob/1.0",
          "Microsoft-HTTPAPI/2.0"
        ],
        "x-ms-blob-committed-block-count": "0",
        "x-ms-blob-type": "AppendBlob",
        "x-ms-client-request-id": "Sanitized",
        "x-ms-creation-time": "Wed, 09 Oct 2024 20:53:27 GMT",
        "x-ms-is-current-version": "true",
        "x-ms-lease-state": "available",
        "x-ms-lease-status": "unlocked",
        "x-ms-meta-Capital": "letter",
        "x-ms-meta-foo": "bar",
        "x-ms-meta-meta": "data",
        "x-ms-meta-UPPER": "case",
        "x-ms-request-id": "3636b327-d01e-0037-0c8d-1a086e000000",
        "x-ms-server-encrypted": "true",
        "x-ms-version": "2025-01-05",
        "x-ms-version-id": "2024-10-09T20:53:27.6680458Z"
      },
      "ResponseBody": null
    },
    {
      "RequestUri": "https://jalauzonnettest.blob.core.windows.net/test-container-2bd67bae-423e-3662-958a-216cc6921db1/sourceFolder/bar/test-file-0e2901fd-ad33-2317-63eb-ad6ca8b3f176?sv=Sanitized&se=2024-10-10T20%3A53%3A27Z&sr=c&sp=racwdxltfi&sig=Sanitized",
      "RequestMethod": "HEAD",
      "RequestHeaders": {
        "Accept": "application/xml",
        "User-Agent": "azsdk-net-Storage.Blobs/12.23.0-alpha.20241009.1 (.NET 8.0.8; Microsoft Windows 10.0.22631)",
        "x-ms-client-request-id": "Sanitized",
        "x-ms-return-client-request-id": "true",
        "x-ms-version": "2025-01-05"
      },
      "RequestBody": null,
      "StatusCode": 200,
      "ResponseHeaders": {
        "Accept-Ranges": "bytes",
        "Cache-Control": "no-cache",
        "Content-Disposition": "inline",
        "Content-Language": "en-US",
        "Content-Length": "0",
        "Content-Type": "text/plain",
        "Date": "Wed, 09 Oct 2024 20:53:27 GMT",
        "ETag": "\"0x8DCE8A46CA74B0B\"",
        "Last-Modified": "Wed, 09 Oct 2024 20:53:27 GMT",
        "Server": [
          "Windows-Azure-Blob/1.0",
          "Microsoft-HTTPAPI/2.0"
        ],
        "x-ms-blob-committed-block-count": "0",
        "x-ms-blob-type": "AppendBlob",
        "x-ms-client-request-id": "Sanitized",
        "x-ms-creation-time": "Wed, 09 Oct 2024 20:53:27 GMT",
        "x-ms-is-current-version": "true",
        "x-ms-lease-state": "available",
        "x-ms-lease-status": "unlocked",
        "x-ms-meta-Capital": "letter",
        "x-ms-meta-foo": "bar",
        "x-ms-meta-meta": "data",
        "x-ms-meta-UPPER": "case",
        "x-ms-request-id": "3636b33a-d01e-0037-148d-1a086e000000",
        "x-ms-server-encrypted": "true",
        "x-ms-version": "2025-01-05",
        "x-ms-version-id": "2024-10-09T20:53:27.4951435Z"
      },
      "ResponseBody": null
    },
    {
      "RequestUri": "https://jalauzonnettest.blob.core.windows.net/test-container-c57b3988-c24b-4616-9c08-6981ba7c1868/destinationFolder/bar/test-file-0e2901fd-ad33-2317-63eb-ad6ca8b3f176",
      "RequestMethod": "HEAD",
      "RequestHeaders": {
        "Accept": "application/xml",
        "Authorization": "Sanitized",
        "traceparent": "00-0c70173622e214560ba5d07ce16c11f1-23b0b19a5fdd93ea-00",
        "User-Agent": "azsdk-net-Storage.Blobs/12.23.0-alpha.20241009.1 (.NET 8.0.8; Microsoft Windows 10.0.22631)",
        "x-ms-client-request-id": "Sanitized",
        "x-ms-date": "Wed, 09 Oct 2024 20:53:28 GMT",
        "x-ms-return-client-request-id": "true",
        "x-ms-version": "2025-01-05"
      },
      "RequestBody": null,
      "StatusCode": 200,
      "ResponseHeaders": {
        "Accept-Ranges": "bytes",
        "Cache-Control": "no-cache",
        "Content-Disposition": "inline",
        "Content-Language": "en-US",
        "Content-Length": "0",
        "Content-Type": "text/plain",
        "Date": "Wed, 09 Oct 2024 20:53:27 GMT",
        "ETag": "\"0x8DCE8A46CC185FC\"",
        "Last-Modified": "Wed, 09 Oct 2024 20:53:27 GMT",
        "Server": [
          "Windows-Azure-Blob/1.0",
          "Microsoft-HTTPAPI/2.0"
        ],
        "x-ms-blob-committed-block-count": "0",
        "x-ms-blob-type": "AppendBlob",
        "x-ms-client-request-id": "Sanitized",
        "x-ms-creation-time": "Wed, 09 Oct 2024 20:53:27 GMT",
        "x-ms-is-current-version": "true",
        "x-ms-lease-state": "available",
        "x-ms-lease-status": "unlocked",
        "x-ms-meta-Capital": "letter",
        "x-ms-meta-foo": "bar",
        "x-ms-meta-meta": "data",
        "x-ms-meta-UPPER": "case",
        "x-ms-request-id": "3636b34f-d01e-0037-1e8d-1a086e000000",
        "x-ms-server-encrypted": "true",
        "x-ms-version": "2025-01-05",
        "x-ms-version-id": "2024-10-09T20:53:27.6680458Z"
      },
      "ResponseBody": null
    },
    {
      "RequestUri": "https://jalauzonnettest.blob.core.windows.net/test-container-2bd67bae-423e-3662-958a-216cc6921db1/sourceFolder/pik/test-file-9ec38e4f-31f4-16c9-fd10-f852d6fb30a6?sv=Sanitized&se=2024-10-10T20%3A53%3A27Z&sr=c&sp=racwdxltfi&sig=Sanitized",
      "RequestMethod": "HEAD",
      "RequestHeaders": {
        "Accept": "application/xml",
        "User-Agent": "azsdk-net-Storage.Blobs/12.23.0-alpha.20241009.1 (.NET 8.0.8; Microsoft Windows 10.0.22631)",
        "x-ms-client-request-id": "Sanitized",
        "x-ms-return-client-request-id": "true",
        "x-ms-version": "2025-01-05"
      },
      "RequestBody": null,
      "StatusCode": 200,
      "ResponseHeaders": {
        "Accept-Ranges": "bytes",
        "Cache-Control": "no-cache",
        "Content-Disposition": "inline",
        "Content-Language": "en-US",
        "Content-Length": "0",
        "Content-Type": "text/plain",
        "Date": "Wed, 09 Oct 2024 20:53:27 GMT",
        "ETag": "\"0x8DCE8A46CAE00D2\"",
        "Last-Modified": "Wed, 09 Oct 2024 20:53:27 GMT",
        "Server": [
          "Windows-Azure-Blob/1.0",
          "Microsoft-HTTPAPI/2.0"
        ],
        "x-ms-blob-committed-block-count": "0",
        "x-ms-blob-type": "AppendBlob",
        "x-ms-client-request-id": "Sanitized",
        "x-ms-creation-time": "Wed, 09 Oct 2024 20:53:27 GMT",
        "x-ms-is-current-version": "true",
        "x-ms-lease-state": "available",
        "x-ms-lease-status": "unlocked",
        "x-ms-meta-Capital": "letter",
        "x-ms-meta-foo": "bar",
        "x-ms-meta-meta": "data",
        "x-ms-meta-UPPER": "case",
        "x-ms-request-id": "3636b35a-d01e-0037-268d-1a086e000000",
        "x-ms-server-encrypted": "true",
        "x-ms-version": "2025-01-05",
        "x-ms-version-id": "2024-10-09T20:53:27.5391186Z"
      },
      "ResponseBody": null
    },
    {
      "RequestUri": "https://jalauzonnettest.blob.core.windows.net/test-container-c57b3988-c24b-4616-9c08-6981ba7c1868/destinationFolder/pik/test-file-9ec38e4f-31f4-16c9-fd10-f852d6fb30a6",
      "RequestMethod": "HEAD",
      "RequestHeaders": {
        "Accept": "application/xml",
        "Authorization": "Sanitized",
        "traceparent": "00-f24c9b6e07bc99c10cc8080c1ad2f4b8-79432b9f6d1e41e3-00",
        "User-Agent": "azsdk-net-Storage.Blobs/12.23.0-alpha.20241009.1 (.NET 8.0.8; Microsoft Windows 10.0.22631)",
        "x-ms-client-request-id": "Sanitized",
        "x-ms-date": "Wed, 09 Oct 2024 20:53:28 GMT",
        "x-ms-return-client-request-id": "true",
        "x-ms-version": "2025-01-05"
      },
      "RequestBody": null,
      "StatusCode": 200,
      "ResponseHeaders": {
        "Accept-Ranges": "bytes",
        "Cache-Control": "no-cache",
        "Content-Disposition": "inline",
        "Content-Language": "en-US",
        "Content-Length": "0",
        "Content-Type": "text/plain",
        "Date": "Wed, 09 Oct 2024 20:53:27 GMT",
        "ETag": "\"0x8DCE8A46CC29746\"",
        "Last-Modified": "Wed, 09 Oct 2024 20:53:27 GMT",
        "Server": [
          "Windows-Azure-Blob/1.0",
          "Microsoft-HTTPAPI/2.0"
        ],
        "x-ms-blob-committed-block-count": "0",
        "x-ms-blob-type": "AppendBlob",
        "x-ms-client-request-id": "Sanitized",
        "x-ms-creation-time": "Wed, 09 Oct 2024 20:53:27 GMT",
        "x-ms-is-current-version": "true",
        "x-ms-lease-state": "available",
        "x-ms-lease-status": "unlocked",
        "x-ms-meta-Capital": "letter",
        "x-ms-meta-foo": "bar",
        "x-ms-meta-meta": "data",
        "x-ms-meta-UPPER": "case",
        "x-ms-request-id": "3636b361-d01e-0037-2a8d-1a086e000000",
        "x-ms-server-encrypted": "true",
        "x-ms-version": "2025-01-05",
        "x-ms-version-id": "2024-10-09T20:53:27.6740422Z"
      },
      "ResponseBody": null
    },
    {
      "RequestUri": "https://jalauzonnettest.blob.core.windows.net/test-container-2bd67bae-423e-3662-958a-216cc6921db1/sourceFolder/pik/test-file-9ec38e4f-31f4-16c9-fd10-f852d6fb30a6?sv=Sanitized&se=2024-10-10T20%3A53%3A27Z&sr=c&sp=racwdxltfi&sig=Sanitized",
      "RequestMethod": "HEAD",
      "RequestHeaders": {
        "Accept": "application/xml",
        "User-Agent": "azsdk-net-Storage.Blobs/12.23.0-alpha.20241009.1 (.NET 8.0.8; Microsoft Windows 10.0.22631)",
        "x-ms-client-request-id": "Sanitized",
        "x-ms-return-client-request-id": "true",
        "x-ms-version": "2025-01-05"
      },
      "RequestBody": null,
      "StatusCode": 200,
      "ResponseHeaders": {
        "Accept-Ranges": "bytes",
        "Cache-Control": "no-cache",
        "Content-Disposition": "inline",
        "Content-Language": "en-US",
        "Content-Length": "0",
        "Content-Type": "text/plain",
        "Date": "Wed, 09 Oct 2024 20:53:27 GMT",
        "ETag": "\"0x8DCE8A46CAE00D2\"",
        "Last-Modified": "Wed, 09 Oct 2024 20:53:27 GMT",
        "Server": [
          "Windows-Azure-Blob/1.0",
          "Microsoft-HTTPAPI/2.0"
        ],
        "x-ms-blob-committed-block-count": "0",
        "x-ms-blob-type": "AppendBlob",
        "x-ms-client-request-id": "Sanitized",
        "x-ms-creation-time": "Wed, 09 Oct 2024 20:53:27 GMT",
        "x-ms-is-current-version": "true",
        "x-ms-lease-state": "available",
        "x-ms-lease-status": "unlocked",
        "x-ms-meta-Capital": "letter",
        "x-ms-meta-foo": "bar",
        "x-ms-meta-meta": "data",
        "x-ms-meta-UPPER": "case",
        "x-ms-request-id": "3636b368-d01e-0037-2d8d-1a086e000000",
        "x-ms-server-encrypted": "true",
        "x-ms-version": "2025-01-05",
        "x-ms-version-id": "2024-10-09T20:53:27.5391186Z"
      },
      "ResponseBody": null
    },
    {
      "RequestUri": "https://jalauzonnettest.blob.core.windows.net/test-container-c57b3988-c24b-4616-9c08-6981ba7c1868/destinationFolder/pik/test-file-9ec38e4f-31f4-16c9-fd10-f852d6fb30a6",
      "RequestMethod": "HEAD",
      "RequestHeaders": {
        "Accept": "application/xml",
        "Authorization": "Sanitized",
        "traceparent": "00-2847d407e18502b0e54c59a74eb2ab0a-5400d8ade637ef59-00",
        "User-Agent": "azsdk-net-Storage.Blobs/12.23.0-alpha.20241009.1 (.NET 8.0.8; Microsoft Windows 10.0.22631)",
        "x-ms-client-request-id": "Sanitized",
        "x-ms-date": "Wed, 09 Oct 2024 20:53:28 GMT",
        "x-ms-return-client-request-id": "true",
        "x-ms-version": "2025-01-05"
      },
      "RequestBody": null,
      "StatusCode": 200,
      "ResponseHeaders": {
        "Accept-Ranges": "bytes",
        "Cache-Control": "no-cache",
        "Content-Disposition": "inline",
        "Content-Language": "en-US",
        "Content-Length": "0",
        "Content-Type": "text/plain",
        "Date": "Wed, 09 Oct 2024 20:53:27 GMT",
        "ETag": "\"0x8DCE8A46CC29746\"",
        "Last-Modified": "Wed, 09 Oct 2024 20:53:27 GMT",
        "Server": [
          "Windows-Azure-Blob/1.0",
          "Microsoft-HTTPAPI/2.0"
        ],
        "x-ms-blob-committed-block-count": "0",
        "x-ms-blob-type": "AppendBlob",
        "x-ms-client-request-id": "Sanitized",
        "x-ms-creation-time": "Wed, 09 Oct 2024 20:53:27 GMT",
        "x-ms-is-current-version": "true",
        "x-ms-lease-state": "available",
        "x-ms-lease-status": "unlocked",
        "x-ms-meta-Capital": "letter",
        "x-ms-meta-foo": "bar",
        "x-ms-meta-meta": "data",
        "x-ms-meta-UPPER": "case",
        "x-ms-request-id": "3636b36e-d01e-0037-308d-1a086e000000",
        "x-ms-server-encrypted": "true",
        "x-ms-version": "2025-01-05",
        "x-ms-version-id": "2024-10-09T20:53:27.6740422Z"
      },
      "ResponseBody": null
    },
    {
      "RequestUri": "https://jalauzonnettest.blob.core.windows.net/test-container-2bd67bae-423e-3662-958a-216cc6921db1/sourceFolder/test-file-dfdfe5de-ee41-bbb3-6bb1-fe1b834a2c5a?sv=Sanitized&se=2024-10-10T20%3A53%3A27Z&sr=c&sp=racwdxltfi&sig=Sanitized",
      "RequestMethod": "HEAD",
      "RequestHeaders": {
        "Accept": "application/xml",
        "User-Agent": "azsdk-net-Storage.Blobs/12.23.0-alpha.20241009.1 (.NET 8.0.8; Microsoft Windows 10.0.22631)",
        "x-ms-client-request-id": "Sanitized",
        "x-ms-return-client-request-id": "true",
        "x-ms-version": "2025-01-05"
      },
      "RequestBody": null,
      "StatusCode": 200,
      "ResponseHeaders": {
        "Accept-Ranges": "bytes",
        "Cache-Control": "no-cache",
        "Content-Disposition": "inline",
        "Content-Language": "en-US",
        "Content-Length": "0",
        "Content-Type": "text/plain",
        "Date": "Wed, 09 Oct 2024 20:53:27 GMT",
        "ETag": "\"0x8DCE8A46C994353\"",
        "Last-Modified": "Wed, 09 Oct 2024 20:53:27 GMT",
        "Server": [
          "Windows-Azure-Blob/1.0",
          "Microsoft-HTTPAPI/2.0"
        ],
        "x-ms-blob-committed-block-count": "0",
        "x-ms-blob-type": "AppendBlob",
        "x-ms-client-request-id": "Sanitized",
        "x-ms-creation-time": "Wed, 09 Oct 2024 20:53:27 GMT",
        "x-ms-is-current-version": "true",
        "x-ms-lease-state": "available",
        "x-ms-lease-status": "unlocked",
        "x-ms-meta-Capital": "letter",
        "x-ms-meta-foo": "bar",
        "x-ms-meta-meta": "data",
        "x-ms-meta-UPPER": "case",
        "x-ms-request-id": "3636b37f-d01e-0037-388d-1a086e000000",
        "x-ms-server-encrypted": "true",
        "x-ms-version": "2025-01-05",
        "x-ms-version-id": "2024-10-09T20:53:27.4031955Z"
      },
      "ResponseBody": null
    },
    {
      "RequestUri": "https://jalauzonnettest.blob.core.windows.net/test-container-c57b3988-c24b-4616-9c08-6981ba7c1868/destinationFolder/test-file-dfdfe5de-ee41-bbb3-6bb1-fe1b834a2c5a",
      "RequestMethod": "HEAD",
      "RequestHeaders": {
        "Accept": "application/xml",
        "Authorization": "Sanitized",
        "traceparent": "00-d9c5eb43a369128d70f9dc10efd0556b-b480ce54e74442c3-00",
        "User-Agent": "azsdk-net-Storage.Blobs/12.23.0-alpha.20241009.1 (.NET 8.0.8; Microsoft Windows 10.0.22631)",
        "x-ms-client-request-id": "Sanitized",
        "x-ms-date": "Wed, 09 Oct 2024 20:53:28 GMT",
        "x-ms-return-client-request-id": "true",
        "x-ms-version": "2025-01-05"
      },
      "RequestBody": null,
      "StatusCode": 200,
      "ResponseHeaders": {
        "Accept-Ranges": "bytes",
        "Cache-Control": "no-cache",
        "Content-Disposition": "inline",
        "Content-Language": "en-US",
        "Content-Length": "0",
        "Content-Type": "text/plain",
        "Date": "Wed, 09 Oct 2024 20:53:27 GMT",
        "ETag": "\"0x8DCE8A46CC2703A\"",
        "Last-Modified": "Wed, 09 Oct 2024 20:53:27 GMT",
        "Server": [
          "Windows-Azure-Blob/1.0",
          "Microsoft-HTTPAPI/2.0"
        ],
        "x-ms-blob-committed-block-count": "0",
        "x-ms-blob-type": "AppendBlob",
        "x-ms-client-request-id": "Sanitized",
        "x-ms-creation-time": "Wed, 09 Oct 2024 20:53:27 GMT",
        "x-ms-is-current-version": "true",
        "x-ms-lease-state": "available",
        "x-ms-lease-status": "unlocked",
        "x-ms-meta-Capital": "letter",
        "x-ms-meta-foo": "bar",
        "x-ms-meta-meta": "data",
        "x-ms-meta-UPPER": "case",
        "x-ms-request-id": "3636b388-d01e-0037-3c8d-1a086e000000",
        "x-ms-server-encrypted": "true",
        "x-ms-version": "2025-01-05",
        "x-ms-version-id": "2024-10-09T20:53:27.6730426Z"
      },
      "ResponseBody": null
    },
    {
      "RequestUri": "https://jalauzonnettest.blob.core.windows.net/test-container-2bd67bae-423e-3662-958a-216cc6921db1/sourceFolder/test-file-dfdfe5de-ee41-bbb3-6bb1-fe1b834a2c5a?sv=Sanitized&se=2024-10-10T20%3A53%3A27Z&sr=c&sp=racwdxltfi&sig=Sanitized",
      "RequestMethod": "HEAD",
      "RequestHeaders": {
        "Accept": "application/xml",
        "User-Agent": "azsdk-net-Storage.Blobs/12.23.0-alpha.20241009.1 (.NET 8.0.8; Microsoft Windows 10.0.22631)",
        "x-ms-client-request-id": "Sanitized",
        "x-ms-return-client-request-id": "true",
        "x-ms-version": "2025-01-05"
      },
      "RequestBody": null,
      "StatusCode": 200,
      "ResponseHeaders": {
        "Accept-Ranges": "bytes",
        "Cache-Control": "no-cache",
        "Content-Disposition": "inline",
        "Content-Language": "en-US",
        "Content-Length": "0",
        "Content-Type": "text/plain",
        "Date": "Wed, 09 Oct 2024 20:53:27 GMT",
        "ETag": "\"0x8DCE8A46C994353\"",
        "Last-Modified": "Wed, 09 Oct 2024 20:53:27 GMT",
        "Server": [
          "Windows-Azure-Blob/1.0",
          "Microsoft-HTTPAPI/2.0"
        ],
        "x-ms-blob-committed-block-count": "0",
        "x-ms-blob-type": "AppendBlob",
        "x-ms-client-request-id": "Sanitized",
        "x-ms-creation-time": "Wed, 09 Oct 2024 20:53:27 GMT",
        "x-ms-is-current-version": "true",
        "x-ms-lease-state": "available",
        "x-ms-lease-status": "unlocked",
        "x-ms-meta-Capital": "letter",
        "x-ms-meta-foo": "bar",
        "x-ms-meta-meta": "data",
        "x-ms-meta-UPPER": "case",
        "x-ms-request-id": "3636b390-d01e-0037-3f8d-1a086e000000",
        "x-ms-server-encrypted": "true",
        "x-ms-version": "2025-01-05",
        "x-ms-version-id": "2024-10-09T20:53:27.4031955Z"
      },
      "ResponseBody": null
    },
    {
      "RequestUri": "https://jalauzonnettest.blob.core.windows.net/test-container-c57b3988-c24b-4616-9c08-6981ba7c1868/destinationFolder/test-file-dfdfe5de-ee41-bbb3-6bb1-fe1b834a2c5a",
      "RequestMethod": "HEAD",
      "RequestHeaders": {
        "Accept": "application/xml",
        "Authorization": "Sanitized",
        "traceparent": "00-6d00910c66d292940d28436edc2acdbd-3846db32737ea573-00",
        "User-Agent": "azsdk-net-Storage.Blobs/12.23.0-alpha.20241009.1 (.NET 8.0.8; Microsoft Windows 10.0.22631)",
        "x-ms-client-request-id": "Sanitized",
        "x-ms-date": "Wed, 09 Oct 2024 20:53:28 GMT",
        "x-ms-return-client-request-id": "true",
        "x-ms-version": "2025-01-05"
      },
      "RequestBody": null,
      "StatusCode": 200,
      "ResponseHeaders": {
        "Accept-Ranges": "bytes",
        "Cache-Control": "no-cache",
        "Content-Disposition": "inline",
        "Content-Language": "en-US",
        "Content-Length": "0",
        "Content-Type": "text/plain",
        "Date": "Wed, 09 Oct 2024 20:53:27 GMT",
        "ETag": "\"0x8DCE8A46CC2703A\"",
        "Last-Modified": "Wed, 09 Oct 2024 20:53:27 GMT",
        "Server": [
          "Windows-Azure-Blob/1.0",
          "Microsoft-HTTPAPI/2.0"
        ],
        "x-ms-blob-committed-block-count": "0",
        "x-ms-blob-type": "AppendBlob",
        "x-ms-client-request-id": "Sanitized",
        "x-ms-creation-time": "Wed, 09 Oct 2024 20:53:27 GMT",
        "x-ms-is-current-version": "true",
        "x-ms-lease-state": "available",
        "x-ms-lease-status": "unlocked",
        "x-ms-meta-Capital": "letter",
        "x-ms-meta-foo": "bar",
        "x-ms-meta-meta": "data",
        "x-ms-meta-UPPER": "case",
        "x-ms-request-id": "3636b3a1-d01e-0037-458d-1a086e000000",
        "x-ms-server-encrypted": "true",
        "x-ms-version": "2025-01-05",
        "x-ms-version-id": "2024-10-09T20:53:27.6730426Z"
      },
      "ResponseBody": null
    },
    {
      "RequestUri": "https://jalauzonnettest.blob.core.windows.net/test-container-2bd67bae-423e-3662-958a-216cc6921db1/sourceFolder/test-file-e8a2cd5d-331f-b7b7-ae1f-30b917f2dc04?sv=Sanitized&se=2024-10-10T20%3A53%3A27Z&sr=c&sp=racwdxltfi&sig=Sanitized",
      "RequestMethod": "HEAD",
      "RequestHeaders": {
        "Accept": "application/xml",
        "User-Agent": "azsdk-net-Storage.Blobs/12.23.0-alpha.20241009.1 (.NET 8.0.8; Microsoft Windows 10.0.22631)",
        "x-ms-client-request-id": "Sanitized",
        "x-ms-return-client-request-id": "true",
        "x-ms-version": "2025-01-05"
      },
      "RequestBody": null,
      "StatusCode": 200,
      "ResponseHeaders": {
        "Accept-Ranges": "bytes",
        "Cache-Control": "no-cache",
        "Content-Disposition": "inline",
        "Content-Language": "en-US",
        "Content-Length": "0",
        "Content-Type": "text/plain",
        "Date": "Wed, 09 Oct 2024 20:53:27 GMT",
        "ETag": "\"0x8DCE8A46CA06E3A\"",
        "Last-Modified": "Wed, 09 Oct 2024 20:53:27 GMT",
        "Server": [
          "Windows-Azure-Blob/1.0",
          "Microsoft-HTTPAPI/2.0"
        ],
        "x-ms-blob-committed-block-count": "0",
        "x-ms-blob-type": "AppendBlob",
        "x-ms-client-request-id": "Sanitized",
        "x-ms-creation-time": "Wed, 09 Oct 2024 20:53:27 GMT",
        "x-ms-is-current-version": "true",
        "x-ms-lease-state": "available",
        "x-ms-lease-status": "unlocked",
        "x-ms-meta-Capital": "letter",
        "x-ms-meta-foo": "bar",
        "x-ms-meta-meta": "data",
        "x-ms-meta-UPPER": "case",
        "x-ms-request-id": "3636b3b3-d01e-0037-4d8d-1a086e000000",
        "x-ms-server-encrypted": "true",
        "x-ms-version": "2025-01-05",
        "x-ms-version-id": "2024-10-09T20:53:27.4501690Z"
      },
      "ResponseBody": null
    },
    {
      "RequestUri": "https://jalauzonnettest.blob.core.windows.net/test-container-c57b3988-c24b-4616-9c08-6981ba7c1868/destinationFolder/test-file-e8a2cd5d-331f-b7b7-ae1f-30b917f2dc04",
      "RequestMethod": "HEAD",
      "RequestHeaders": {
        "Accept": "application/xml",
        "Authorization": "Sanitized",
        "traceparent": "00-9afe48c1af024832772c8d5418ebc7da-e45c25267148f300-00",
        "User-Agent": "azsdk-net-Storage.Blobs/12.23.0-alpha.20241009.1 (.NET 8.0.8; Microsoft Windows 10.0.22631)",
        "x-ms-client-request-id": "Sanitized",
        "x-ms-date": "Wed, 09 Oct 2024 20:53:28 GMT",
        "x-ms-return-client-request-id": "true",
        "x-ms-version": "2025-01-05"
      },
      "RequestBody": null,
      "StatusCode": 200,
      "ResponseHeaders": {
        "Accept-Ranges": "bytes",
        "Cache-Control": "no-cache",
        "Content-Disposition": "inline",
        "Content-Language": "en-US",
        "Content-Length": "0",
        "Content-Type": "text/plain",
        "Date": "Wed, 09 Oct 2024 20:53:27 GMT",
        "ETag": "\"0x8DCE8A46CC2703A\"",
        "Last-Modified": "Wed, 09 Oct 2024 20:53:27 GMT",
        "Server": [
          "Windows-Azure-Blob/1.0",
          "Microsoft-HTTPAPI/2.0"
        ],
        "x-ms-blob-committed-block-count": "0",
        "x-ms-blob-type": "AppendBlob",
        "x-ms-client-request-id": "Sanitized",
        "x-ms-creation-time": "Wed, 09 Oct 2024 20:53:27 GMT",
        "x-ms-is-current-version": "true",
        "x-ms-lease-state": "available",
        "x-ms-lease-status": "unlocked",
        "x-ms-meta-Capital": "letter",
        "x-ms-meta-foo": "bar",
        "x-ms-meta-meta": "data",
        "x-ms-meta-UPPER": "case",
        "x-ms-request-id": "3636b3c2-d01e-0037-538d-1a086e000000",
        "x-ms-server-encrypted": "true",
        "x-ms-version": "2025-01-05",
        "x-ms-version-id": "2024-10-09T20:53:27.6730426Z"
      },
      "ResponseBody": null
    },
    {
      "RequestUri": "https://jalauzonnettest.blob.core.windows.net/test-container-2bd67bae-423e-3662-958a-216cc6921db1/sourceFolder/test-file-e8a2cd5d-331f-b7b7-ae1f-30b917f2dc04?sv=Sanitized&se=2024-10-10T20%3A53%3A27Z&sr=c&sp=racwdxltfi&sig=Sanitized",
      "RequestMethod": "HEAD",
      "RequestHeaders": {
        "Accept": "application/xml",
        "User-Agent": "azsdk-net-Storage.Blobs/12.23.0-alpha.20241009.1 (.NET 8.0.8; Microsoft Windows 10.0.22631)",
        "x-ms-client-request-id": "Sanitized",
        "x-ms-return-client-request-id": "true",
        "x-ms-version": "2025-01-05"
      },
      "RequestBody": null,
      "StatusCode": 200,
      "ResponseHeaders": {
        "Accept-Ranges": "bytes",
        "Cache-Control": "no-cache",
        "Content-Disposition": "inline",
        "Content-Language": "en-US",
        "Content-Length": "0",
        "Content-Type": "text/plain",
        "Date": "Wed, 09 Oct 2024 20:53:27 GMT",
        "ETag": "\"0x8DCE8A46CA06E3A\"",
        "Last-Modified": "Wed, 09 Oct 2024 20:53:27 GMT",
        "Server": [
          "Windows-Azure-Blob/1.0",
          "Microsoft-HTTPAPI/2.0"
        ],
        "x-ms-blob-committed-block-count": "0",
        "x-ms-blob-type": "AppendBlob",
        "x-ms-client-request-id": "Sanitized",
        "x-ms-creation-time": "Wed, 09 Oct 2024 20:53:27 GMT",
        "x-ms-is-current-version": "true",
        "x-ms-lease-state": "available",
        "x-ms-lease-status": "unlocked",
        "x-ms-meta-Capital": "letter",
        "x-ms-meta-foo": "bar",
        "x-ms-meta-meta": "data",
        "x-ms-meta-UPPER": "case",
        "x-ms-request-id": "3636b3ca-d01e-0037-578d-1a086e000000",
        "x-ms-server-encrypted": "true",
        "x-ms-version": "2025-01-05",
        "x-ms-version-id": "2024-10-09T20:53:27.4501690Z"
      },
      "ResponseBody": null
    },
    {
      "RequestUri": "https://jalauzonnettest.blob.core.windows.net/test-container-c57b3988-c24b-4616-9c08-6981ba7c1868/destinationFolder/test-file-e8a2cd5d-331f-b7b7-ae1f-30b917f2dc04",
      "RequestMethod": "HEAD",
      "RequestHeaders": {
        "Accept": "application/xml",
        "Authorization": "Sanitized",
        "traceparent": "00-c5829e970e1bbb294bdf6ee34f1366ab-4e407fae2945d897-00",
        "User-Agent": "azsdk-net-Storage.Blobs/12.23.0-alpha.20241009.1 (.NET 8.0.8; Microsoft Windows 10.0.22631)",
        "x-ms-client-request-id": "Sanitized",
        "x-ms-date": "Wed, 09 Oct 2024 20:53:28 GMT",
        "x-ms-return-client-request-id": "true",
        "x-ms-version": "2025-01-05"
      },
      "RequestBody": null,
      "StatusCode": 200,
      "ResponseHeaders": {
        "Accept-Ranges": "bytes",
        "Cache-Control": "no-cache",
        "Content-Disposition": "inline",
        "Content-Language": "en-US",
        "Content-Length": "0",
        "Content-Type": "text/plain",
        "Date": "Wed, 09 Oct 2024 20:53:27 GMT",
        "ETag": "\"0x8DCE8A46CC2703A\"",
        "Last-Modified": "Wed, 09 Oct 2024 20:53:27 GMT",
        "Server": [
          "Windows-Azure-Blob/1.0",
          "Microsoft-HTTPAPI/2.0"
        ],
        "x-ms-blob-committed-block-count": "0",
        "x-ms-blob-type": "AppendBlob",
        "x-ms-client-request-id": "Sanitized",
        "x-ms-creation-time": "Wed, 09 Oct 2024 20:53:27 GMT",
        "x-ms-is-current-version": "true",
        "x-ms-lease-state": "available",
        "x-ms-lease-status": "unlocked",
        "x-ms-meta-Capital": "letter",
        "x-ms-meta-foo": "bar",
        "x-ms-meta-meta": "data",
        "x-ms-meta-UPPER": "case",
        "x-ms-request-id": "3636b3de-d01e-0037-5e8d-1a086e000000",
        "x-ms-server-encrypted": "true",
        "x-ms-version": "2025-01-05",
        "x-ms-version-id": "2024-10-09T20:53:27.6730426Z"
      },
      "ResponseBody": null
    },
    {
      "RequestUri": "https://jalauzonnettest.blob.core.windows.net/test-container-c57b3988-c24b-4616-9c08-6981ba7c1868?restype=container",
      "RequestMethod": "DELETE",
      "RequestHeaders": {
        "Accept": "application/xml",
        "Authorization": "Sanitized",
        "traceparent": "00-b12d365948ca5572bf578ca7b8a1ed1a-f3c2ea86c69ad2b9-00",
        "User-Agent": "azsdk-net-Storage.Blobs/12.23.0-alpha.20241009.1 (.NET 8.0.8; Microsoft Windows 10.0.22631)",
        "x-ms-client-request-id": "Sanitized",
        "x-ms-date": "Wed, 09 Oct 2024 20:53:28 GMT",
        "x-ms-return-client-request-id": "true",
        "x-ms-version": "2025-01-05"
      },
      "RequestBody": null,
      "StatusCode": 202,
      "ResponseHeaders": {
        "Content-Length": "0",
        "Date": "Wed, 09 Oct 2024 20:53:27 GMT",
        "Server": [
          "Windows-Azure-Blob/1.0",
          "Microsoft-HTTPAPI/2.0"
        ],
        "x-ms-client-request-id": "Sanitized",
        "x-ms-request-id": "3636b3f7-d01e-0037-698d-1a086e000000",
        "x-ms-version": "2025-01-05"
      },
      "ResponseBody": null
    },
    {
      "RequestUri": "https://jalauzonnettest.blob.core.windows.net/test-container-2bd67bae-423e-3662-958a-216cc6921db1?sv=Sanitized&se=2024-10-10T20%3A53%3A27Z&sr=c&sp=racwdxltfi&sig=Sanitized&restype=container",
      "RequestMethod": "DELETE",
      "RequestHeaders": {
        "Accept": "application/xml",
        "User-Agent": "azsdk-net-Storage.Blobs/12.23.0-alpha.20241009.1 (.NET 8.0.8; Microsoft Windows 10.0.22631)",
        "x-ms-client-request-id": "Sanitized",
        "x-ms-return-client-request-id": "true",
        "x-ms-version": "2025-01-05"
      },
      "RequestBody": null,
      "StatusCode": 403,
      "ResponseHeaders": {
        "Content-Length": "246",
        "Content-Type": "application/xml",
        "Date": "Wed, 09 Oct 2024 20:53:27 GMT",
        "Server": [
          "Windows-Azure-Blob/1.0",
          "Microsoft-HTTPAPI/2.0"
        ],
        "x-ms-client-request-id": "Sanitized",
        "x-ms-error-code": "AuthorizationFailure",
        "x-ms-request-id": "3636b401-d01e-0037-6e8d-1a086e000000",
        "x-ms-version": "2025-01-05"
      },
      "ResponseBody": [
        "\uFEFF<?xml version=\"1.0\" encoding=\"utf-8\"?><Error><Code>AuthorizationFailure</Code><Message>This request is not authorized to perform this operation.\n",
        "RequestId:3636b401-d01e-0037-6e8d-1a086e000000\n",
        "Time:2024-10-09T20:53:28.6957981Z</Message></Error>"
      ]
    }
  ],
  "Variables": {
    "DateTimeOffsetNow": "2024-10-09T13:53:27.3209750-07:00",
    "RandomSeed": "1503962713",
    "Storage_TestConfigDefault": "ProductionTenant\njalauzonnettest\nU2FuaXRpemVk\nhttps://jalauzonnettest.blob.core.windows.net\nhttps://jalauzonnettest.file.core.windows.net\nhttps://jalauzonnettest.queue.core.windows.net\nhttps://jalauzonnettest.table.core.windows.net\n\n\n\n\nhttps://jalauzonnettest-secondary.blob.core.windows.net\nhttps://jalauzonnettest-secondary.file.core.windows.net\nhttps://jalauzonnettest-secondary.queue.core.windows.net\nhttps://jalauzonnettest-secondary.table.core.windows.net\nCloud\nBlobEndpoint=https://jalauzonnettest.blob.core.windows.net/;QueueEndpoint=https://jalauzonnettest.queue.core.windows.net/;FileEndpoint=https://jalauzonnettest.file.core.windows.net/;BlobSecondaryEndpoint=https://jalauzonnettest-secondary.blob.core.windows.net/;QueueSecondaryEndpoint=https://jalauzonnettest-secondary.queue.core.windows.net/;FileSecondaryEndpoint=https://jalauzonnettest-secondary.file.core.windows.net/;AccountName=jalauzonnettest;AccountKey=Sanitized\ntestscope1\n\n"
  }
}
