{
  "Entries": [
    {
      "RequestUri": "https://management.azure.com/subscriptions/da1d7b9a-a759-41c8-bb73-093a1818e03a?api-version=2022-12-01",
      "RequestMethod": "GET",
      "RequestHeaders": {
        "Accept": "application/json",
        "Authorization": "Sanitized",
        "traceparent": "00-3d5df383a1a7ea9a93652f243e353a7a-a2be9cc3757a91ae-00",
        "User-Agent": "azsdk-net-ResourceManager/1.8.0 (.NET 7.0.14; Microsoft Windows 10.0.22621)",
        "x-ms-client-request-id": "d777a16c692e40b77fd5b7b6ae1f9f4d",
        "x-ms-return-client-request-id": "true"
      },
      "RequestBody": null,
      "StatusCode": 200,
      "ResponseHeaders": {
        "Cache-Control": "no-cache",
        "Content-Length": "501",
        "Content-Type": "application/json; charset=utf-8",
        "Date": "Sun, 19 Nov 2023 17:05:12 GMT",
        "Expires": "-1",
        "Pragma": "no-cache",
        "Strict-Transport-Security": "max-age=31536000; includeSubDomains",
        "X-Content-Type-Options": "nosniff",
        "x-ms-correlation-request-id": "7babde7d-4210-4344-a047-6c433603e1be",
        "x-ms-ratelimit-remaining-subscription-reads": "11990",
        "x-ms-request-id": "7babde7d-4210-4344-a047-6c433603e1be",
        "x-ms-routing-request-id": "KOREASOUTH:20231119T170513Z:7babde7d-4210-4344-a047-6c433603e1be"
      },
      "ResponseBody": {
        "id": "/subscriptions/da1d7b9a-a759-41c8-bb73-093a1818e03a",
        "authorizationSource": "RoleBased",
        "managedByTenants": [
          {
            "tenantId": "2f4a9838-26b7-47ee-be60-ccc1fdec5953"
          }
        ],
        "tags": {
          "NRMS10318670": "20220720"
        },
        "subscriptionId": "da1d7b9a-a759-41c8-bb73-093a1818e03a",
        "tenantId": "72f988bf-86f1-41af-91ab-2d7cd011db47",
        "displayName": "ADMS_Test_Engineering_RichTransform",
        "state": "Enabled",
        "subscriptionPolicies": {
          "locationPlacementId": "Internal_2014-09-01",
          "quotaId": "Internal_2014-09-01",
          "spendingLimit": "Off"
        }
      }
    },
    {
      "RequestUri": "https://management.azure.com/subscriptions/da1d7b9a-a759-41c8-bb73-093a1818e03a/resourcegroups/DataFactory-RG-8500?api-version=2022-09-01",
      "RequestMethod": "PUT",
      "RequestHeaders": {
        "Accept": "application/json",
        "Authorization": "Sanitized",
        "Content-Length": "22",
        "Content-Type": "application/json",
        "traceparent": "00-e57697cc95e6ab234687818d0fbbec2b-b0c9b83eb96b7cfd-00",
        "User-Agent": "azsdk-net-ResourceManager/1.8.0 (.NET 7.0.14; Microsoft Windows 10.0.22621)",
        "x-ms-client-request-id": "05846d6e35372f2d5f6c9588a362b8c5",
        "x-ms-return-client-request-id": "true"
      },
      "RequestBody": {
        "location": "westus2"
      },
      "StatusCode": 201,
      "ResponseHeaders": {
        "Cache-Control": "no-cache",
        "Content-Length": "236",
        "Content-Type": "application/json; charset=utf-8",
        "Date": "Sun, 19 Nov 2023 17:05:12 GMT",
        "Expires": "-1",
        "Pragma": "no-cache",
        "Strict-Transport-Security": "max-age=31536000; includeSubDomains",
        "X-Content-Type-Options": "nosniff",
        "x-ms-correlation-request-id": "1f1b05f7-4c5f-4e09-a30a-68b12c8bafb3",
        "x-ms-ratelimit-remaining-subscription-writes": "1190",
        "x-ms-request-id": "1f1b05f7-4c5f-4e09-a30a-68b12c8bafb3",
        "x-ms-routing-request-id": "KOREASOUTH:20231119T170513Z:1f1b05f7-4c5f-4e09-a30a-68b12c8bafb3"
      },
      "ResponseBody": {
        "id": "/subscriptions/da1d7b9a-a759-41c8-bb73-093a1818e03a/resourceGroups/DataFactory-RG-8500",
        "name": "DataFactory-RG-8500",
        "type": "Microsoft.Resources/resourceGroups",
        "location": "westus2",
        "properties": {
          "provisioningState": "Succeeded"
        }
      }
    },
    {
      "RequestUri": "https://management.azure.com/subscriptions/da1d7b9a-a759-41c8-bb73-093a1818e03a/resourceGroups/DataFactory-RG-8500/providers/Microsoft.DataFactory/factories/DataFactory-5247?api-version=2018-06-01",
      "RequestMethod": "PUT",
      "RequestHeaders": {
        "Accept": "application/json",
        "Authorization": "Sanitized",
        "Content-Length": "48",
        "Content-Type": "application/json",
        "traceparent": "00-69aff84a07325ed348ea7c13fff79226-8b8355d5611b2557-00",
        "User-Agent": "azsdk-net-ResourceManager.DataFactory/1.0.0-alpha.20231117.1 (.NET 7.0.14; Microsoft Windows 10.0.22621)",
        "x-ms-client-request-id": "630fbcd21b00b9127bc3f6905831e813",
        "x-ms-return-client-request-id": "true"
      },
      "RequestBody": {
        "tags": {},
        "location": "westus2",
        "properties": {}
      },
      "StatusCode": 200,
      "ResponseHeaders": {
        "Cache-Control": "no-cache",
        "Content-Length": "466",
        "Content-Type": "application/json; charset=utf-8",
        "Date": "Sun, 19 Nov 2023 17:05:16 GMT",
        "Expires": "-1",
        "Pragma": "no-cache",
        "Server": "Kestrel",
        "Strict-Transport-Security": "max-age=31536000; includeSubDomains",
        "X-Content-Type-Options": "nosniff",
        "x-ms-correlation-request-id": "84c70b44-c45c-4dfe-859a-7713df8c2128",
        "x-ms-ratelimit-remaining-subscription-writes": "1189",
        "x-ms-request-id": "84c70b44-c45c-4dfe-859a-7713df8c2128",
        "x-ms-routing-request-id": "KOREASOUTH:20231119T170516Z:84c70b44-c45c-4dfe-859a-7713df8c2128"
      },
      "ResponseBody": {
        "name": "DataFactory-5247",
        "id": "/subscriptions/da1d7b9a-a759-41c8-bb73-093a1818e03a/resourceGroups/datafactory-rg-8500/providers/Microsoft.DataFactory/factories/datafactory-5247",
        "type": "Microsoft.DataFactory/factories",
        "properties": {
          "provisioningState": "Succeeded",
          "createTime": "2023-11-19T17:05:15.7024001Z",
          "version": "2018-06-01"
        },
        "eTag": "\u0022e603f602-0000-0800-0000-655a404b0000\u0022",
        "location": "westus2",
        "tags": {}
      }
    },
    {
      "RequestUri": "https://management.azure.com/subscriptions/da1d7b9a-a759-41c8-bb73-093a1818e03a/resourceGroups/datafactory-rg-8500/providers/Microsoft.DataFactory/factories/datafactory-5247?api-version=2018-06-01",
      "RequestMethod": "GET",
      "RequestHeaders": {
        "Accept": "application/json",
        "Authorization": "Sanitized",
        "traceparent": "00-39c9746b3ee32946f76a7ee543f3ca0b-78af6bbc951acdda-00",
        "User-Agent": "azsdk-net-ResourceManager.DataFactory/1.0.0-alpha.20231117.1 (.NET 7.0.14; Microsoft Windows 10.0.22621)",
        "x-ms-client-request-id": "3c18ab7056c83621734877c1d32f9d1c",
        "x-ms-return-client-request-id": "true"
      },
      "RequestBody": null,
      "StatusCode": 200,
      "ResponseHeaders": {
        "Cache-Control": "no-cache",
        "Content-Length": "642",
        "Content-Type": "application/json; charset=utf-8",
        "Date": "Sun, 19 Nov 2023 17:05:16 GMT",
        "Expires": "-1",
        "Pragma": "no-cache",
        "Server": "Kestrel",
        "Strict-Transport-Security": "max-age=31536000; includeSubDomains",
        "X-Content-Type-Options": "nosniff",
        "x-ms-correlation-request-id": "261b55e4-24ee-4866-8ea1-0f4c53b236f9",
        "x-ms-ratelimit-remaining-subscription-reads": "11989",
        "x-ms-request-id": "261b55e4-24ee-4866-8ea1-0f4c53b236f9",
        "x-ms-routing-request-id": "KOREASOUTH:20231119T170516Z:261b55e4-24ee-4866-8ea1-0f4c53b236f9"
      },
      "ResponseBody": {
        "name": "DataFactory-5247",
        "id": "/subscriptions/da1d7b9a-a759-41c8-bb73-093a1818e03a/resourceGroups/datafactory-rg-8500/providers/Microsoft.DataFactory/factories/datafactory-5247",
        "type": "Microsoft.DataFactory/factories",
        "properties": {
          "provisioningState": "Succeeded",
          "createTime": "2023-11-19T17:05:15.7024001Z",
          "version": "2018-06-01",
          "factoryStatistics": {
            "totalResourceCount": 0,
            "maxAllowedResourceCount": 0,
            "factorySizeInGbUnits": 0,
            "maxAllowedFactorySizeInGbUnits": 0
          }
        },
        "eTag": "\u0022e603f602-0000-0800-0000-655a404b0000\u0022",
        "location": "westus2",
        "tags": {}
      }
    },
    {
      "RequestUri": "https://management.azure.com/subscriptions/da1d7b9a-a759-41c8-bb73-093a1818e03a/resourceGroups/datafactory-rg-8500/providers/Microsoft.DataFactory/factories/datafactory-5247/integrationRuntimes/intergration9373?api-version=2018-06-01",
      "RequestMethod": "PUT",
      "RequestHeaders": {
        "Accept": "application/json",
        "Authorization": "Sanitized",
        "Content-Length": "173",
        "Content-Type": "application/json",
        "traceparent": "00-78ea054e3dd3dcec720efc925be13ce8-72fc94e5c8cc7405-00",
        "User-Agent": "azsdk-net-ResourceManager.DataFactory/1.0.0-alpha.20231117.1 (.NET 7.0.14; Microsoft Windows 10.0.22621)",
        "x-ms-client-request-id": "10f1e4f14c3b5b52cb8a733f9dd62e84",
        "x-ms-return-client-request-id": "true"
      },
      "RequestBody": {
        "properties": {
          "type": "Managed",
          "typeProperties": {
            "computeProperties": {
              "location": "eastus2",
              "dataFlowProperties": {
                "computeType": "General",
                "coreCount": 16,
                "timeToLive": 10
              }
            }
          }
        }
      },
      "StatusCode": 200,
      "ResponseHeaders": {
        "Cache-Control": "no-cache",
        "Content-Length": "617",
        "Content-Type": "application/json; charset=utf-8",
        "Date": "Sun, 19 Nov 2023 17:05:17 GMT",
        "Expires": "-1",
        "Pragma": "no-cache",
        "Server": "Kestrel",
        "Strict-Transport-Security": "max-age=31536000; includeSubDomains",
        "X-Content-Type-Options": "nosniff",
        "x-ms-correlation-request-id": "f3783c39-3865-469e-9af9-591e761598ab",
        "x-ms-ratelimit-remaining-subscription-writes": "1188",
        "x-ms-request-id": "f3783c39-3865-469e-9af9-591e761598ab",
        "x-ms-routing-request-id": "KOREASOUTH:20231119T170517Z:f3783c39-3865-469e-9af9-591e761598ab"
      },
      "ResponseBody": {
        "id": "/subscriptions/da1d7b9a-a759-41c8-bb73-093a1818e03a/resourceGroups/datafactory-rg-8500/providers/Microsoft.DataFactory/factories/datafactory-5247/integrationruntimes/intergration9373",
        "name": "intergration9373",
        "type": "Microsoft.DataFactory/factories/integrationruntimes",
        "properties": {
          "type": "Managed",
          "typeProperties": {
            "computeProperties": {
              "location": "eastus2",
              "dataFlowProperties": {
                "computeType": "General",
                "coreCount": 16,
                "timeToLive": 10
              }
            }
          }
        },
        "etag": "e500fd8c-0000-0800-0000-655a404d0000"
      }
    },
    {
      "RequestUri": "https://management.azure.com/subscriptions/da1d7b9a-a759-41c8-bb73-093a1818e03a/resourceGroups/datafactory-rg-8500/providers/Microsoft.DataFactory/factories/datafactory-5247/integrationRuntimes/intergration9373?api-version=2018-06-01",
      "RequestMethod": "GET",
      "RequestHeaders": {
        "Accept": "application/json",
        "Authorization": "Sanitized",
        "traceparent": "00-3d1eaedaaee2d5f9e964bda9880e3cf1-de06de6382c7485d-00",
        "User-Agent": "azsdk-net-ResourceManager.DataFactory/1.0.0-alpha.20231117.1 (.NET 7.0.14; Microsoft Windows 10.0.22621)",
        "x-ms-client-request-id": "4af81782fd7c9a7bd8efb8a450e54c26",
        "x-ms-return-client-request-id": "true"
      },
      "RequestBody": null,
      "StatusCode": 200,
      "ResponseHeaders": {
        "Cache-Control": "no-cache",
        "Content-Length": "617",
        "Content-Type": "application/json; charset=utf-8",
        "Date": "Sun, 19 Nov 2023 17:05:17 GMT",
        "Expires": "-1",
        "Pragma": "no-cache",
        "Server": "Kestrel",
        "Strict-Transport-Security": "max-age=31536000; includeSubDomains",
        "X-Content-Type-Options": "nosniff",
        "x-ms-correlation-request-id": "5cc8422e-c481-46d0-9bc8-7d86261a9256",
        "x-ms-ratelimit-remaining-subscription-reads": "11988",
        "x-ms-request-id": "5cc8422e-c481-46d0-9bc8-7d86261a9256",
        "x-ms-routing-request-id": "KOREASOUTH:20231119T170517Z:5cc8422e-c481-46d0-9bc8-7d86261a9256"
      },
      "ResponseBody": {
        "id": "/subscriptions/da1d7b9a-a759-41c8-bb73-093a1818e03a/resourceGroups/datafactory-rg-8500/providers/Microsoft.DataFactory/factories/datafactory-5247/integrationruntimes/intergration9373",
        "name": "intergration9373",
        "type": "Microsoft.DataFactory/factories/integrationruntimes",
        "properties": {
          "type": "Managed",
          "typeProperties": {
            "computeProperties": {
              "location": "eastus2",
              "dataFlowProperties": {
                "computeType": "General",
                "coreCount": 16,
                "timeToLive": 10
              }
            }
          }
        },
        "etag": "e500fd8c-0000-0800-0000-655a404d0000"
      }
    }
  ],
  "Variables": {
    "AZURE_AUTHORITY_HOST": null,
    "RandomSeed": "2096862199",
    "RESOURCE_MANAGER_URL": null,
    "SUBSCRIPTION_ID": "da1d7b9a-a759-41c8-bb73-093a1818e03a"
  }
}
