{
  "Entries": [
    {
      "RequestUri": "https://REDACTED/e3934c590rootdirectorysupport79243722ec48d0f80aeb4?restype=share",
      "RequestMethod": "PUT",
      "RequestHeaders": {
        "Accept": "application/xml",
        "Authorization": "Sanitized",
        "Content-Length": "0",
        "Date": "Fri, 18 Aug 2023 21:39:05 GMT",
        "User-Agent": "azsdk-java-azure-storage-file-share/12.20.0-beta.2 (11.0.16.1; Windows 11; 10.0)",
        "x-ms-client-request-id": "8b50aa07-b395-4672-8780-7f4d3a8864e5",
        "x-ms-version": "2023-08-03"
      },
      "RequestBody": null,
      "StatusCode": 201,
      "ResponseHeaders": {
        "Content-Length": "0",
        "Date": "Fri, 18 Aug 2023 21:39:05 GMT",
        "ETag": "\u00220x8DBA0338CAE358C\u0022",
        "Last-Modified": "Fri, 18 Aug 2023 21:39:06 GMT",
        "Server": [
          "Windows-Azure-File/1.0",
          "Microsoft-HTTPAPI/2.0"
        ],
        "x-ms-client-request-id": "8b50aa07-b395-4672-8780-7f4d3a8864e5",
        "x-ms-request-id": "073184f6-901a-000c-571c-d2b2a1000000",
        "x-ms-version": "2023-08-03"
      },
      "ResponseBody": null
    },
    {
      "RequestUri": "https://REDACTED/e3934c590rootdirectorysupport79243722ec48d0f80aeb4/dir1?restype=directory",
      "RequestMethod": "PUT",
      "RequestHeaders": {
        "Accept": "application/xml",
        "Authorization": "Sanitized",
        "Content-Length": "0",
        "Date": "Fri, 18 Aug 2023 21:39:05 GMT",
        "User-Agent": "azsdk-java-azure-storage-file-share/12.20.0-beta.2 (11.0.16.1; Windows 11; 10.0)",
        "x-ms-allow-trailing-dot": "false",
        "x-ms-client-request-id": "4f27930b-eb24-4c87-8c38-5fd838eb0735",
        "x-ms-file-attributes": "None",
        "x-ms-file-creation-time": "Now",
        "x-ms-file-last-write-time": "Now",
        "x-ms-file-permission": "Inherit",
        "x-ms-version": "2023-08-03"
      },
      "RequestBody": null,
      "StatusCode": 201,
      "ResponseHeaders": {
        "Content-Length": "0",
        "Date": "Fri, 18 Aug 2023 21:39:05 GMT",
        "ETag": "\u00220x8DBA0338CBEC333\u0022",
        "Last-Modified": "Fri, 18 Aug 2023 21:39:06 GMT",
        "Server": [
          "Windows-Azure-File/1.0",
          "Microsoft-HTTPAPI/2.0"
        ],
        "x-ms-client-request-id": "4f27930b-eb24-4c87-8c38-5fd838eb0735",
        "x-ms-file-attributes": "Directory",
        "x-ms-file-change-time": "2023-08-18T21:39:06.8145459Z",
        "x-ms-file-creation-time": "2023-08-18T21:39:06.8145459Z",
        "x-ms-file-id": "13835128424026341376",
        "x-ms-file-last-write-time": "2023-08-18T21:39:06.8145459Z",
        "x-ms-file-parent-id": "0",
        "x-ms-file-permission-key": "8792472798472242479*1359530181238362790",
        "x-ms-request-id": "073184fb-901a-000c-5b1c-d2b2a1000000",
        "x-ms-request-server-encrypted": "true",
        "x-ms-version": "2023-08-03"
      },
      "ResponseBody": null
    },
    {
      "RequestUri": "https://REDACTED/e3934c590rootdirectorysupport79243722ec48d0f80aeb4/dir1%2Fdir2?restype=directory",
      "RequestMethod": "PUT",
      "RequestHeaders": {
        "Accept": "application/xml",
        "Authorization": "Sanitized",
        "Content-Length": "0",
        "Date": "Fri, 18 Aug 2023 21:39:05 GMT",
        "User-Agent": "azsdk-java-azure-storage-file-share/12.20.0-beta.2 (11.0.16.1; Windows 11; 10.0)",
        "x-ms-allow-trailing-dot": "false",
        "x-ms-client-request-id": "c8b1f401-08c4-4338-939b-56e1c14f80df",
        "x-ms-file-attributes": "None",
        "x-ms-file-creation-time": "Now",
        "x-ms-file-last-write-time": "Now",
        "x-ms-file-permission": "Inherit",
        "x-ms-version": "2023-08-03"
      },
      "RequestBody": null,
      "StatusCode": 201,
      "ResponseHeaders": {
        "Content-Length": "0",
        "Date": "Fri, 18 Aug 2023 21:39:05 GMT",
        "ETag": "\u00220x8DBA0338CCDB51D\u0022",
        "Last-Modified": "Fri, 18 Aug 2023 21:39:06 GMT",
        "Server": [
          "Windows-Azure-File/1.0",
          "Microsoft-HTTPAPI/2.0"
        ],
        "x-ms-client-request-id": "c8b1f401-08c4-4338-939b-56e1c14f80df",
        "x-ms-file-attributes": "Directory",
        "x-ms-file-change-time": "2023-08-18T21:39:06.9124893Z",
        "x-ms-file-creation-time": "2023-08-18T21:39:06.9124893Z",
        "x-ms-file-id": "11529285414812647424",
        "x-ms-file-last-write-time": "2023-08-18T21:39:06.9124893Z",
        "x-ms-file-parent-id": "13835128424026341376",
        "x-ms-file-permission-key": "8792472798472242479*1359530181238362790",
        "x-ms-request-id": "073184fe-901a-000c-5e1c-d2b2a1000000",
        "x-ms-request-server-encrypted": "true",
        "x-ms-version": "2023-08-03"
      },
      "ResponseBody": null
    },
    {
      "RequestUri": "https://REDACTED/e3934c590rootdirectorysupport79243722ec48d0f80aeb4/?restype=directory",
      "RequestMethod": "GET",
      "RequestHeaders": {
        "Accept": "application/xml",
        "Authorization": "Sanitized",
        "Content-Length": "0",
        "Date": "Fri, 18 Aug 2023 21:39:06 GMT",
        "User-Agent": "azsdk-java-azure-storage-file-share/12.20.0-beta.2 (11.0.16.1; Windows 11; 10.0)",
        "x-ms-allow-trailing-dot": "false",
        "x-ms-client-request-id": "a998cad7-69dc-4f27-a9bb-0af64f2814da",
        "x-ms-version": "2023-08-03"
      },
      "RequestBody": null,
      "StatusCode": 200,
      "ResponseHeaders": {
        "Content-Length": "0",
        "Date": "Fri, 18 Aug 2023 21:39:06 GMT",
        "ETag": "\u00220x8DBA0338CDDDF5B\u0022",
        "Last-Modified": "Fri, 18 Aug 2023 21:39:07 GMT",
        "Server": [
          "Windows-Azure-File/1.0",
          "Microsoft-HTTPAPI/2.0"
        ],
        "x-ms-client-request-id": "a998cad7-69dc-4f27-a9bb-0af64f2814da",
        "x-ms-file-attributes": "Directory",
        "x-ms-file-change-time": "2023-08-18T21:39:07.0184283Z",
        "x-ms-file-creation-time": "2023-08-18T21:39:07.0184283Z",
        "x-ms-file-id": "0",
        "x-ms-file-last-write-time": "2023-08-18T21:39:07.0184283Z",
        "x-ms-file-parent-id": "0",
        "x-ms-request-id": "07318502-901a-000c-621c-d2b2a1000000",
        "x-ms-server-encrypted": "false",
        "x-ms-version": "2023-08-03"
      },
      "ResponseBody": null
    },
    {
      "RequestUri": "https://REDACTED/e3934c590rootdirectorysupport79243722ec48d0f80aeb4/dir1?restype=directory",
      "RequestMethod": "GET",
      "RequestHeaders": {
        "Accept": "application/xml",
        "Authorization": "Sanitized",
        "Content-Length": "0",
        "Date": "Fri, 18 Aug 2023 21:39:06 GMT",
        "User-Agent": "azsdk-java-azure-storage-file-share/12.20.0-beta.2 (11.0.16.1; Windows 11; 10.0)",
        "x-ms-allow-trailing-dot": "false",
        "x-ms-client-request-id": "fb23b6fa-aaa8-4e85-8c05-b241feab0bba",
        "x-ms-version": "2023-08-03"
      },
      "RequestBody": null,
      "StatusCode": 200,
      "ResponseHeaders": {
        "Content-Length": "0",
        "Date": "Fri, 18 Aug 2023 21:39:06 GMT",
        "ETag": "\u00220x8DBA0338CBEC333\u0022",
        "Last-Modified": "Fri, 18 Aug 2023 21:39:06 GMT",
        "Server": [
          "Windows-Azure-File/1.0",
          "Microsoft-HTTPAPI/2.0"
        ],
        "x-ms-client-request-id": "fb23b6fa-aaa8-4e85-8c05-b241feab0bba",
        "x-ms-file-attributes": "Directory",
        "x-ms-file-change-time": "2023-08-18T21:39:06.8145459Z",
        "x-ms-file-creation-time": "2023-08-18T21:39:06.8145459Z",
        "x-ms-file-id": "13835128424026341376",
        "x-ms-file-last-write-time": "2023-08-18T21:39:06.8145459Z",
        "x-ms-file-parent-id": "0",
        "x-ms-file-permission-key": "8792472798472242479*1359530181238362790",
        "x-ms-request-id": "07318506-901a-000c-661c-d2b2a1000000",
        "x-ms-server-encrypted": "true",
        "x-ms-version": "2023-08-03"
      },
      "ResponseBody": null
    }
  ],
  "Variables": {
    "0": "e3934c590rootdirectorysupport79243722ec48d0f80aeb4",
    "1": "e3934c591rootdirectorysupport79236885ecbc13b2b60d4"
  }
}
