{
  "Entries": [
    {
      "RequestUri": "https://REDACTED/9395cdd30createfileleaseab5707473a67e712c559497?restype=share",
      "RequestMethod": "PUT",
      "RequestHeaders": {
        "Accept": "application/xml",
        "Authorization": "Sanitized",
        "Content-Length": "0",
        "Date": "Wed, 27 Nov 2024 13:43:50 GMT",
        "User-Agent": "azsdk-java-azure-storage-file-share/12.26.0-beta.1 (21.0.2; Windows 11; 10.0)",
        "x-ms-client-request-id": "Sanitized",
        "x-ms-version": "2025-01-05"
      },
      "RequestBody": null,
      "StatusCode": 201,
      "ResponseHeaders": {
        "Content-Length": "0",
        "Date": "Wed, 27 Nov 2024 13:43:50 GMT",
        "ETag": "\"0x8DD0EE98650A97F\"",
        "Last-Modified": "Wed, 27 Nov 2024 13:43:50 GMT",
        "Server": [
          "Windows-Azure-File/1.0",
          "Microsoft-HTTPAPI/2.0"
        ],
        "x-ms-client-request-id": "Sanitized",
        "x-ms-request-id": "Sanitized",
        "x-ms-version": "2025-01-05"
      },
      "ResponseBody": null
    },
    {
      "RequestUri": "https://REDACTED/9395cdd30createfileleaseab5707473a67e712c559497/9395cdd31createfileleaseab5976996b60b61c9280473?restype=directory",
      "RequestMethod": "PUT",
      "RequestHeaders": {
        "Accept": "application/xml",
        "Authorization": "Sanitized",
        "Content-Length": "0",
        "Date": "Wed, 27 Nov 2024 13:43:50 GMT",
        "User-Agent": "azsdk-java-azure-storage-file-share/12.26.0-beta.1 (21.0.2; Windows 11; 10.0)",
        "x-ms-allow-trailing-dot": "false",
        "x-ms-client-request-id": "Sanitized",
        "x-ms-file-attributes": "None",
        "x-ms-file-creation-time": "Now",
        "x-ms-file-last-write-time": "Now",
        "x-ms-file-permission": "Inherit",
        "x-ms-version": "2025-01-05"
      },
      "RequestBody": null,
      "StatusCode": 201,
      "ResponseHeaders": {
        "Content-Length": "0",
        "Date": "Wed, 27 Nov 2024 13:43:49 GMT",
        "ETag": "\"0x8DD0EE9865E8F90\"",
        "Last-Modified": "Wed, 27 Nov 2024 13:43:50 GMT",
        "Server": [
          "Windows-Azure-File/1.0",
          "Microsoft-HTTPAPI/2.0"
        ],
        "x-ms-client-request-id": "Sanitized",
        "x-ms-file-attributes": "Directory",
        "x-ms-file-change-time": "2024-11-27T13:43:50.0991376Z",
        "x-ms-file-creation-time": "2024-11-27T13:43:50.0991376Z",
        "x-ms-file-id": "13835128424026341376",
        "x-ms-file-last-write-time": "2024-11-27T13:43:50.0991376Z",
        "x-ms-file-parent-id": "0",
        "x-ms-file-permission-key": "1704820300937123718*9183854576063791119",
        "x-ms-request-id": "Sanitized",
        "x-ms-request-server-encrypted": "true",
        "x-ms-version": "2025-01-05"
      },
      "ResponseBody": null
    },
    {
      "RequestUri": "https://REDACTED/9395cdd30createfileleaseab5707473a67e712c559497/9395cdd31createfileleaseab5976996b60b61c9280473%2FtestCreateFile",
      "RequestMethod": "PUT",
      "RequestHeaders": {
        "Accept": "application/xml",
        "Authorization": "Sanitized",
        "Content-Length": "0",
        "Date": "Wed, 27 Nov 2024 13:43:50 GMT",
        "User-Agent": "azsdk-java-azure-storage-file-share/12.26.0-beta.1 (21.0.2; Windows 11; 10.0)",
        "x-ms-allow-trailing-dot": "false",
        "x-ms-client-request-id": "Sanitized",
        "x-ms-content-length": "512",
        "x-ms-file-attributes": "None",
        "x-ms-file-creation-time": "Now",
        "x-ms-file-last-write-time": "Now",
        "x-ms-file-permission": "Inherit",
        "x-ms-type": "file",
        "x-ms-version": "2025-01-05"
      },
      "RequestBody": null,
      "StatusCode": 201,
      "ResponseHeaders": {
        "Content-Length": "0",
        "Date": "Wed, 27 Nov 2024 13:43:49 GMT",
        "ETag": "\"0x8DD0EE9866B5271\"",
        "Last-Modified": "Wed, 27 Nov 2024 13:43:50 GMT",
        "Server": [
          "Windows-Azure-File/1.0",
          "Microsoft-HTTPAPI/2.0"
        ],
        "x-ms-client-request-id": "Sanitized",
        "x-ms-file-attributes": "Archive",
        "x-ms-file-change-time": "2024-11-27T13:43:50.1827697Z",
        "x-ms-file-creation-time": "2024-11-27T13:43:50.1827697Z",
        "x-ms-file-id": "11529285414812647424",
        "x-ms-file-last-write-time": "2024-11-27T13:43:50.1827697Z",
        "x-ms-file-parent-id": "13835128424026341376",
        "x-ms-file-permission-key": "15551900749952526465*9183854576063791119",
        "x-ms-request-id": "Sanitized",
        "x-ms-request-server-encrypted": "true",
        "x-ms-version": "2025-01-05"
      },
      "ResponseBody": null
    },
    {
      "RequestUri": "https://REDACTED/9395cdd30createfileleaseab5707473a67e712c559497/9395cdd31createfileleaseab5976996b60b61c9280473%2FtestCreateFile?comp=lease",
      "RequestMethod": "PUT",
      "RequestHeaders": {
        "Accept": "application/xml",
        "Authorization": "Sanitized",
        "Content-Length": "0",
        "Date": "Wed, 27 Nov 2024 13:43:50 GMT",
        "User-Agent": "azsdk-java-azure-storage-file-share/12.26.0-beta.1 (21.0.2; Windows 11; 10.0)",
        "x-ms-allow-trailing-dot": "false",
        "x-ms-client-request-id": "Sanitized",
        "x-ms-lease-action": "acquire",
        "x-ms-lease-duration": "-1",
        "x-ms-proposed-lease-id": "eb7f52e6-482a-4482-8a46-7abfd3b3fbeb",
        "x-ms-version": "2025-01-05"
      },
      "RequestBody": null,
      "StatusCode": 201,
      "ResponseHeaders": {
        "Date": "Wed, 27 Nov 2024 13:43:49 GMT",
        "ETag": "\"0x8DD0EE9866B5271\"",
        "Last-Modified": "Wed, 27 Nov 2024 13:43:50 GMT",
        "Server": [
          "Windows-Azure-File/1.0",
          "Microsoft-HTTPAPI/2.0"
        ],
        "Transfer-Encoding": "chunked",
        "x-ms-client-request-id": "Sanitized",
        "x-ms-lease-id": "eb7f52e6-482a-4482-8a46-7abfd3b3fbeb",
        "x-ms-request-id": "Sanitized",
        "x-ms-version": "2025-01-05"
      },
      "ResponseBody": null
    },
    {
      "RequestUri": "https://REDACTED/9395cdd30createfileleaseab5707473a67e712c559497/9395cdd31createfileleaseab5976996b60b61c9280473%2FtestCreateFile",
      "RequestMethod": "PUT",
      "RequestHeaders": {
        "Accept": "application/xml",
        "Authorization": "Sanitized",
        "Content-Length": "0",
        "Date": "Wed, 27 Nov 2024 13:43:50 GMT",
        "User-Agent": "azsdk-java-azure-storage-file-share/12.26.0-beta.1 (21.0.2; Windows 11; 10.0)",
        "x-ms-allow-trailing-dot": "false",
        "x-ms-client-request-id": "Sanitized",
        "x-ms-content-length": "1024",
        "x-ms-file-attributes": "None",
        "x-ms-file-creation-time": "Now",
        "x-ms-file-last-write-time": "Now",
        "x-ms-file-permission": "Inherit",
        "x-ms-lease-id": "eb7f52e6-482a-4482-8a46-7abfd3b3fbeb",
        "x-ms-type": "file",
        "x-ms-version": "2025-01-05"
      },
      "RequestBody": null,
      "StatusCode": 201,
      "ResponseHeaders": {
        "Content-Length": "0",
        "Date": "Wed, 27 Nov 2024 13:43:49 GMT",
        "ETag": "\"0x8DD0EE986876D6C\"",
        "Last-Modified": "Wed, 27 Nov 2024 13:43:50 GMT",
        "Server": [
          "Windows-Azure-File/1.0",
          "Microsoft-HTTPAPI/2.0"
        ],
        "x-ms-client-request-id": "Sanitized",
        "x-ms-file-attributes": "Archive",
        "x-ms-file-change-time": "2024-11-27T13:43:50.3669612Z",
        "x-ms-file-creation-time": "2024-11-27T13:43:50.3669612Z",
        "x-ms-file-id": "11529285414812647424",
        "x-ms-file-last-write-time": "2024-11-27T13:43:50.3669612Z",
        "x-ms-file-parent-id": "13835128424026341376",
        "x-ms-file-permission-key": "15551900749952526465*9183854576063791119",
        "x-ms-request-id": "Sanitized",
        "x-ms-request-server-encrypted": "true",
        "x-ms-version": "2025-01-05"
      },
      "ResponseBody": null
    }
  ],
  "Variables": {
    "0": "9395cdd30createfileleaseab5707473a67e712c559497",
    "1": "9395cdd31createfileleaseab5976996b60b61c9280473"
  }
}
