{
  "Entries": [
    {
      "RequestUri": "https://REDACTED/cbb296b90renameignorereadonly4bb313892d3f60a6cdaa4?restype=share",
      "RequestMethod": "PUT",
      "RequestHeaders": {
        "Accept": "application/xml",
        "Authorization": "Sanitized",
        "Content-Length": "0",
        "Date": "Tue, 26 Nov 2024 21:50:10 GMT",
        "User-Agent": "azsdk-java-azure-storage-file-share/12.26.0-beta.1 (21.0.2; Windows 11; 10.0)",
        "x-ms-client-request-id": "Sanitized",
        "x-ms-version": "2025-01-05"
      },
      "RequestBody": null,
      "StatusCode": 201,
      "ResponseHeaders": {
        "Content-Length": "0",
        "Date": "Tue, 26 Nov 2024 21:50:09 GMT",
        "ETag": "\"0x8DD0E644C817113\"",
        "Last-Modified": "Tue, 26 Nov 2024 21:50:09 GMT",
        "Server": [
          "Windows-Azure-File/1.0",
          "Microsoft-HTTPAPI/2.0"
        ],
        "x-ms-client-request-id": "Sanitized",
        "x-ms-request-id": "Sanitized",
        "x-ms-version": "2025-01-05"
      },
      "ResponseBody": null
    },
    {
      "RequestUri": "https://REDACTED/cbb296b90renameignorereadonly4bb313892d3f60a6cdaa4/cbb296b91renameignorereadonly4bb619773354f3c52de94?restype=directory",
      "RequestMethod": "PUT",
      "RequestHeaders": {
        "Accept": "application/xml",
        "Authorization": "Sanitized",
        "Content-Length": "0",
        "Date": "Tue, 26 Nov 2024 21:50:10 GMT",
        "User-Agent": "azsdk-java-azure-storage-file-share/12.26.0-beta.1 (21.0.2; Windows 11; 10.0)",
        "x-ms-allow-trailing-dot": "false",
        "x-ms-client-request-id": "Sanitized",
        "x-ms-file-attributes": "None",
        "x-ms-file-creation-time": "Now",
        "x-ms-file-last-write-time": "Now",
        "x-ms-file-permission": "Inherit",
        "x-ms-version": "2025-01-05"
      },
      "RequestBody": null,
      "StatusCode": 201,
      "ResponseHeaders": {
        "Content-Length": "0",
        "Date": "Tue, 26 Nov 2024 21:50:09 GMT",
        "ETag": "\"0x8DD0E644C9156A8\"",
        "Last-Modified": "Tue, 26 Nov 2024 21:50:10 GMT",
        "Server": [
          "Windows-Azure-File/1.0",
          "Microsoft-HTTPAPI/2.0"
        ],
        "x-ms-client-request-id": "Sanitized",
        "x-ms-file-attributes": "Directory",
        "x-ms-file-change-time": "2024-11-26T21:50:10.0590248Z",
        "x-ms-file-creation-time": "2024-11-26T21:50:10.0590248Z",
        "x-ms-file-id": "13835128424026341376",
        "x-ms-file-last-write-time": "2024-11-26T21:50:10.0590248Z",
        "x-ms-file-parent-id": "0",
        "x-ms-file-permission-key": "1704820300937123718*9183854576063791119",
        "x-ms-request-id": "Sanitized",
        "x-ms-request-server-encrypted": "true",
        "x-ms-version": "2025-01-05"
      },
      "ResponseBody": null
    },
    {
      "RequestUri": "https://REDACTED/cbb296b90renameignorereadonly4bb313892d3f60a6cdaa4/cbb296b92renameignorereadonly4bb575382eb199678f634",
      "RequestMethod": "PUT",
      "RequestHeaders": {
        "Accept": "application/xml",
        "Authorization": "Sanitized",
        "Content-Length": "0",
        "Date": "Tue, 26 Nov 2024 21:50:10 GMT",
        "User-Agent": "azsdk-java-azure-storage-file-share/12.26.0-beta.1 (21.0.2; Windows 11; 10.0)",
        "x-ms-allow-trailing-dot": "false",
        "x-ms-client-request-id": "Sanitized",
        "x-ms-content-length": "512",
        "x-ms-file-attributes": "ReadOnly",
        "x-ms-file-creation-time": "Now",
        "x-ms-file-last-write-time": "Now",
        "x-ms-file-permission": "Inherit",
        "x-ms-type": "file",
        "x-ms-version": "2025-01-05"
      },
      "RequestBody": null,
      "StatusCode": 201,
      "ResponseHeaders": {
        "Content-Length": "0",
        "Date": "Tue, 26 Nov 2024 21:50:09 GMT",
        "ETag": "\"0x8DD0E644C9DF2B1\"",
        "Last-Modified": "Tue, 26 Nov 2024 21:50:10 GMT",
        "Server": [
          "Windows-Azure-File/1.0",
          "Microsoft-HTTPAPI/2.0"
        ],
        "x-ms-client-request-id": "Sanitized",
        "x-ms-file-attributes": "ReadOnly | Archive",
        "x-ms-file-change-time": "2024-11-26T21:50:10.1416625Z",
        "x-ms-file-creation-time": "2024-11-26T21:50:10.1416625Z",
        "x-ms-file-id": "11529285414812647424",
        "x-ms-file-last-write-time": "2024-11-26T21:50:10.1416625Z",
        "x-ms-file-parent-id": "0",
        "x-ms-file-permission-key": "15551900749952526465*9183854576063791119",
        "x-ms-request-id": "Sanitized",
        "x-ms-request-server-encrypted": "true",
        "x-ms-version": "2025-01-05"
      },
      "ResponseBody": null
    },
    {
      "RequestUri": "https://REDACTED/cbb296b90renameignorereadonly4bb313892d3f60a6cdaa4/cbb296b92renameignorereadonly4bb575382eb199678f634?restype=directory&comp=rename",
      "RequestMethod": "PUT",
      "RequestHeaders": {
        "Accept": "application/xml",
        "Authorization": "Sanitized",
        "Content-Length": "0",
        "Date": "Tue, 26 Nov 2024 21:50:10 GMT",
        "User-Agent": "azsdk-java-azure-storage-file-share/12.26.0-beta.1 (21.0.2; Windows 11; 10.0)",
        "x-ms-allow-trailing-dot": "false",
        "x-ms-client-request-id": "Sanitized",
        "x-ms-file-rename-ignore-readonly": "false",
        "x-ms-file-rename-replace-if-exists": "true",
        "x-ms-file-rename-source": "REDACTEDREDACTED",
        "x-ms-source-allow-trailing-dot": "false",
        "x-ms-version": "2025-01-05"
      },
      "RequestBody": null,
      "StatusCode": 409,
      "ResponseHeaders": {
        "Content-Length": "258",
        "Content-Type": "application/xml",
        "Date": "Tue, 26 Nov 2024 21:50:10 GMT",
        "Server": [
          "Windows-Azure-File/1.0",
          "Microsoft-HTTPAPI/2.0"
        ],
        "x-ms-client-request-id": "Sanitized",
        "x-ms-error-code": "ReadOnlyAttribute",
        "x-ms-request-id": "Sanitized",
        "x-ms-version": "2025-01-05"
      },
      "ResponseBody": [
        "\uFEFF<?xml version=\"1.0\" encoding=\"utf-8\"?><Error><Code>ReadOnlyAttribute</Code><Message>The specified resource is read-only and cannot be modified at this time.\n",
        "RequestId:a09d4f0a-f01a-0068-4f4d-40970a000000\n",
        "Time:2024-11-26T21:50:10.2142417Z</Message></Error>"
      ]
    }
  ],
  "Variables": {
    "0": "cbb296b90renameignorereadonly4bb313892d3f60a6cdaa4",
    "1": "cbb296b91renameignorereadonly4bb619773354f3c52de94",
    "2": "cbb296b92renameignorereadonly4bb575382eb199678f634"
  }
}
