{
  "Entries": [
    {
      "RequestUri": "https://REDACTED/c4555e120createsubdirectoryfilepermissiond6f02037a2852d3?restype=share",
      "RequestMethod": "PUT",
      "RequestHeaders": {
        "Accept": "application/xml",
        "Authorization": "Sanitized",
        "Content-Length": "0",
        "Date": "Fri, 18 Aug 2023 21:39:41 GMT",
        "User-Agent": "azsdk-java-azure-storage-file-share/12.20.0-beta.2 (11.0.16.1; Windows 11; 10.0)",
        "x-ms-client-request-id": "bc02a160-6baa-40d7-a4c5-978d8163672d",
        "x-ms-version": "2023-08-03"
      },
      "RequestBody": null,
      "StatusCode": 201,
      "ResponseHeaders": {
        "Content-Length": "0",
        "Date": "Fri, 18 Aug 2023 21:39:42 GMT",
        "ETag": "\u00220x8DBA033A1DF6698\u0022",
        "Last-Modified": "Fri, 18 Aug 2023 21:39:42 GMT",
        "Server": [
          "Windows-Azure-File/1.0",
          "Microsoft-HTTPAPI/2.0"
        ],
        "x-ms-client-request-id": "bc02a160-6baa-40d7-a4c5-978d8163672d",
        "x-ms-request-id": "07318c2a-901a-000c-2c1c-d2b2a1000000",
        "x-ms-version": "2023-08-03"
      },
      "ResponseBody": null
    },
    {
      "RequestUri": "https://REDACTED/c4555e120createsubdirectoryfilepermissiond6f02037a2852d3/c4555e121createsubdirectoryfilepermissiond6f325087984afb?restype=directory",
      "RequestMethod": "PUT",
      "RequestHeaders": {
        "Accept": "application/xml",
        "Authorization": "Sanitized",
        "Content-Length": "0",
        "Date": "Fri, 18 Aug 2023 21:39:41 GMT",
        "User-Agent": "azsdk-java-azure-storage-file-share/12.20.0-beta.2 (11.0.16.1; Windows 11; 10.0)",
        "x-ms-allow-trailing-dot": "false",
        "x-ms-client-request-id": "017ae084-2f20-4ea0-ac5e-7f5d71df892b",
        "x-ms-file-attributes": "None",
        "x-ms-file-creation-time": "Now",
        "x-ms-file-last-write-time": "Now",
        "x-ms-file-permission": "Inherit",
        "x-ms-version": "2023-08-03"
      },
      "RequestBody": null,
      "StatusCode": 201,
      "ResponseHeaders": {
        "Content-Length": "0",
        "Date": "Fri, 18 Aug 2023 21:39:42 GMT",
        "ETag": "\u00220x8DBA033A1EF06B6\u0022",
        "Last-Modified": "Fri, 18 Aug 2023 21:39:42 GMT",
        "Server": [
          "Windows-Azure-File/1.0",
          "Microsoft-HTTPAPI/2.0"
        ],
        "x-ms-client-request-id": "017ae084-2f20-4ea0-ac5e-7f5d71df892b",
        "x-ms-file-attributes": "Directory",
        "x-ms-file-change-time": "2023-08-18T21:39:42.3630006Z",
        "x-ms-file-creation-time": "2023-08-18T21:39:42.3630006Z",
        "x-ms-file-id": "13835128424026341376",
        "x-ms-file-last-write-time": "2023-08-18T21:39:42.3630006Z",
        "x-ms-file-parent-id": "0",
        "x-ms-file-permission-key": "8792472798472242479*1359530181238362790",
        "x-ms-request-id": "07318c2f-901a-000c-301c-d2b2a1000000",
        "x-ms-request-server-encrypted": "true",
        "x-ms-version": "2023-08-03"
      },
      "ResponseBody": null
    },
    {
      "RequestUri": "https://REDACTED/c4555e120createsubdirectoryfilepermissiond6f02037a2852d3/c4555e121createsubdirectoryfilepermissiond6f325087984afb%2FtestCreateSubDirectory?restype=directory",
      "RequestMethod": "PUT",
      "RequestHeaders": {
        "Accept": "application/xml",
        "Authorization": "Sanitized",
        "Content-Length": "0",
        "Date": "Fri, 18 Aug 2023 21:39:41 GMT",
        "User-Agent": "azsdk-java-azure-storage-file-share/12.20.0-beta.2 (11.0.16.1; Windows 11; 10.0)",
        "x-ms-allow-trailing-dot": "false",
        "x-ms-client-request-id": "b41ddb1a-b3c1-4056-98a6-6819e4ddaeb8",
        "x-ms-file-attributes": "None",
        "x-ms-file-creation-time": "Now",
        "x-ms-file-last-write-time": "Now",
        "x-ms-file-permission": "O:S-1-5-21-2127521184-1604012920-1887927527-21560751G:S-1-5-21-2127521184-1604012920-1887927527-513D:AI(A;;FA;;;SY)(A;;FA;;;BA)(A;;0x1200a9;;;S-1-5-21-397955417-626881126-188441444-3053964)S:NO_ACCESS_CONTROL",
        "x-ms-version": "2023-08-03"
      },
      "RequestBody": null,
      "StatusCode": 201,
      "ResponseHeaders": {
        "Content-Length": "0",
        "Date": "Fri, 18 Aug 2023 21:39:42 GMT",
        "ETag": "\u00220x8DBA033A1FDAA86\u0022",
        "Last-Modified": "Fri, 18 Aug 2023 21:39:42 GMT",
        "Server": [
          "Windows-Azure-File/1.0",
          "Microsoft-HTTPAPI/2.0"
        ],
        "x-ms-client-request-id": "b41ddb1a-b3c1-4056-98a6-6819e4ddaeb8",
        "x-ms-file-attributes": "Directory",
        "x-ms-file-change-time": "2023-08-18T21:39:42.4589446Z",
        "x-ms-file-creation-time": "2023-08-18T21:39:42.4589446Z",
        "x-ms-file-id": "11529285414812647424",
        "x-ms-file-last-write-time": "2023-08-18T21:39:42.4589446Z",
        "x-ms-file-parent-id": "13835128424026341376",
        "x-ms-file-permission-key": "17362389014333277715*1359530181238362790",
        "x-ms-request-id": "07318c32-901a-000c-331c-d2b2a1000000",
        "x-ms-request-server-encrypted": "true",
        "x-ms-version": "2023-08-03"
      },
      "ResponseBody": null
    }
  ],
  "Variables": {
    "0": "c4555e120createsubdirectoryfilepermissiond6f02037a2852d3",
    "1": "c4555e121createsubdirectoryfilepermissiond6f325087984afb"
  }
}
