{
  "Entries": [
    {
      "RequestUri": "https://REDACTED/0543df8b0createifnotexistsdirectorythatalreadyexists836649226?restype=share",
      "RequestMethod": "PUT",
      "RequestHeaders": {
        "Accept": "application/xml",
        "Authorization": "Sanitized",
        "Content-Length": "0",
        "Date": "Wed, 05 Feb 2025 19:24:18 GMT",
        "User-Agent": "azsdk-java-azure-storage-file-share/12.26.0-beta.1 (17.0.12; Windows 11; 10.0)",
        "x-ms-client-request-id": "Sanitized",
        "x-ms-version": "2025-05-05"
      },
      "RequestBody": null,
      "StatusCode": 201,
      "ResponseHeaders": {
        "Content-Length": "0",
        "Date": "Wed, 05 Feb 2025 19:24:17 GMT",
        "ETag": "\"0x8DD461AAF73F842\"",
        "Last-Modified": "Wed, 05 Feb 2025 19:24:18 GMT",
        "Server": [
          "Windows-Azure-File/1.0",
          "Microsoft-HTTPAPI/2.0"
        ],
        "x-ms-client-request-id": "Sanitized",
        "x-ms-request-id": "Sanitized",
        "x-ms-version": "2025-05-05"
      },
      "ResponseBody": null
    },
    {
      "RequestUri": "https://REDACTED/0543df8b0createifnotexistsdirectorythatalreadyexists836649226/0543df8b2createifnotexistsdirectorythatalreadyexists836185171?restype=directory",
      "RequestMethod": "PUT",
      "RequestHeaders": {
        "Accept": "application/xml",
        "Authorization": "Sanitized",
        "Content-Length": "0",
        "Date": "Wed, 05 Feb 2025 19:24:18 GMT",
        "User-Agent": "azsdk-java-azure-storage-file-share/12.26.0-beta.1 (17.0.12; Windows 11; 10.0)",
        "x-ms-allow-trailing-dot": "false",
        "x-ms-client-request-id": "Sanitized",
        "x-ms-version": "2025-05-05"
      },
      "RequestBody": null,
      "StatusCode": 201,
      "ResponseHeaders": {
        "Content-Length": "0",
        "Date": "Wed, 05 Feb 2025 19:24:17 GMT",
        "ETag": "\"0x8DD461AAF80AB71\"",
        "Last-Modified": "Wed, 05 Feb 2025 19:24:18 GMT",
        "Server": [
          "Windows-Azure-File/1.0",
          "Microsoft-HTTPAPI/2.0"
        ],
        "x-ms-client-request-id": "Sanitized",
        "x-ms-file-attributes": "Directory",
        "x-ms-file-change-time": "2025-02-05T19:24:18.4017777Z",
        "x-ms-file-creation-time": "2025-02-05T19:24:18.4017777Z",
        "x-ms-file-id": "13835128424026341376",
        "x-ms-file-last-write-time": "2025-02-05T19:24:18.4017777Z",
        "x-ms-file-parent-id": "0",
        "x-ms-file-permission-key": "6308620360510780710*4564291401320309423",
        "x-ms-request-id": "Sanitized",
        "x-ms-request-server-encrypted": "true",
        "x-ms-version": "2025-05-05"
      },
      "ResponseBody": null
    },
    {
      "RequestUri": "https://REDACTED/0543df8b0createifnotexistsdirectorythatalreadyexists836649226/0543df8b2createifnotexistsdirectorythatalreadyexists836185171?restype=directory",
      "RequestMethod": "PUT",
      "RequestHeaders": {
        "Accept": "application/xml",
        "Authorization": "Sanitized",
        "Content-Length": "0",
        "Date": "Wed, 05 Feb 2025 19:24:18 GMT",
        "User-Agent": "azsdk-java-azure-storage-file-share/12.26.0-beta.1 (17.0.12; Windows 11; 10.0)",
        "x-ms-allow-trailing-dot": "false",
        "x-ms-client-request-id": "Sanitized",
        "x-ms-version": "2025-05-05"
      },
      "RequestBody": null,
      "StatusCode": 409,
      "ResponseHeaders": {
        "Content-Length": "228",
        "Content-Type": "application/xml",
        "Date": "Wed, 05 Feb 2025 19:24:17 GMT",
        "Server": [
          "Windows-Azure-File/1.0",
          "Microsoft-HTTPAPI/2.0"
        ],
        "x-ms-client-request-id": "Sanitized",
        "x-ms-error-code": "ResourceAlreadyExists",
        "x-ms-request-id": "Sanitized",
        "x-ms-version": "2025-05-05"
      },
      "ResponseBody": [
        "\uFEFF<?xml version=\"1.0\" encoding=\"utf-8\"?><Error><Code>ResourceAlreadyExists</Code><Message>The specified resource already exists.\n",
        "RequestId:0d220106-001a-003c-7b03-78bea1000000\n",
        "Time:2025-02-05T19:24:18.4868717Z</Message></Error>"
      ]
    }
  ],
  "Variables": {
    "0": "0543df8b0createifnotexistsdirectorythatalreadyexists836649226",
    "1": "0543df8b1createifnotexistsdirectorythatalreadyexists83603006c",
    "2": "0543df8b2createifnotexistsdirectorythatalreadyexists836185171"
  }
}
