{
  "Entries": [
    {
      "RequestUri": "https://REDACTED/c51b3f910audienceerrorc8a626457ec9201ac32846e7?restype=share",
      "RequestMethod": "PUT",
      "RequestHeaders": {
        "Accept": "application/xml",
        "Authorization": "Sanitized",
        "Content-Length": "0",
        "Date": "Fri, 19 Jul 2024 18:19:51 GMT",
        "User-Agent": "azsdk-java-azure-storage-file-share/12.23.0 (17.0.8; Windows 11; 10.0)",
        "x-ms-client-request-id": "Sanitized",
        "x-ms-version": "2024-08-04"
      },
      "RequestBody": null,
      "StatusCode": 201,
      "ResponseHeaders": {
        "Content-Length": "0",
        "Date": "Fri, 19 Jul 2024 18:19:51 GMT",
        "ETag": "\"0x8DCA81F62331FAE\"",
        "Last-Modified": "Fri, 19 Jul 2024 18:19:52 GMT",
        "Server": [
          "Windows-Azure-File/1.0",
          "Microsoft-HTTPAPI/2.0"
        ],
        "x-ms-client-request-id": "Sanitized",
        "x-ms-request-id": "Sanitized",
        "x-ms-version": "2024-08-04"
      },
      "ResponseBody": null
    },
    {
      "RequestUri": "https://REDACTED/c51b3f910audienceerrorc8a626457ec9201ac32846e7/c51b3f912audienceerrorc8a783732d4eb426e9c1425f?restype=directory",
      "RequestMethod": "PUT",
      "RequestHeaders": {
        "Accept": "application/xml",
        "Authorization": "Sanitized",
        "Content-Length": "0",
        "Date": "Fri, 19 Jul 2024 18:19:53 GMT",
        "User-Agent": "azsdk-java-azure-storage-file-share/12.23.0 (17.0.8; Windows 11; 10.0)",
        "x-ms-allow-trailing-dot": "false",
        "x-ms-client-request-id": "Sanitized",
        "x-ms-file-attributes": "None",
        "x-ms-file-creation-time": "Now",
        "x-ms-file-last-write-time": "Now",
        "x-ms-file-permission": "Inherit",
        "x-ms-version": "2024-08-04"
      },
      "RequestBody": null,
      "StatusCode": 201,
      "ResponseHeaders": {
        "Content-Length": "0",
        "Date": "Fri, 19 Jul 2024 18:19:53 GMT",
        "ETag": "\"0x8DCA81F63379CD0\"",
        "Last-Modified": "Fri, 19 Jul 2024 18:19:54 GMT",
        "Server": [
          "Windows-Azure-File/1.0",
          "Microsoft-HTTPAPI/2.0"
        ],
        "x-ms-client-request-id": "Sanitized",
        "x-ms-file-attributes": "Directory",
        "x-ms-file-change-time": "2024-07-19T18:19:54.1809360Z",
        "x-ms-file-creation-time": "2024-07-19T18:19:54.1809360Z",
        "x-ms-file-id": "13835128424026341376",
        "x-ms-file-last-write-time": "2024-07-19T18:19:54.1809360Z",
        "x-ms-file-parent-id": "0",
        "x-ms-file-permission-key": "3341290327828196975*5081612660206631398",
        "x-ms-request-id": "Sanitized",
        "x-ms-request-server-encrypted": "true",
        "x-ms-version": "2024-08-04"
      },
      "ResponseBody": null
    },
    {
      "RequestUri": "https://REDACTED/c51b3f910audienceerrorc8a626457ec9201ac32846e7/c51b3f912audienceerrorc8a783732d4eb426e9c1425f?restype=directory",
      "RequestMethod": "GET",
      "RequestHeaders": {
        "Accept": "application/xml",
        "Authorization": "Sanitized",
        "Content-Length": "0",
        "Date": "Fri, 19 Jul 2024 18:19:54 GMT",
        "User-Agent": "azsdk-java-azure-storage-file-share/12.23.0 (17.0.8; Windows 11; 10.0)",
        "x-ms-allow-trailing-dot": "false",
        "x-ms-client-request-id": "Sanitized",
        "x-ms-file-request-intent": "backup",
        "x-ms-version": "2024-08-04"
      },
      "RequestBody": null,
      "StatusCode": 401,
      "ResponseHeaders": {
        "Content-Length": "406",
        "Content-Type": "application/xml",
        "Date": "Fri, 19 Jul 2024 18:19:57 GMT",
        "Server": "Microsoft-HTTPAPI/2.0",
        "WWW-Authenticate": "Bearer authorization_uri=https://login.microsoftonline.com/72f988bf-86f1-41af-91ab-2d7cd011db47/oauth2/authorize resource_id=https://storage.azure.com",
        "x-ms-error-code": "InvalidAuthenticationInfo",
        "x-ms-request-id": "Sanitized"
      },
      "ResponseBody": [
        "\uFEFF<?xml version=\"1.0\" encoding=\"utf-8\"?><Error><Code>InvalidAuthenticationInfo</Code><Message>Server failed to authenticate the request. Please refer to the information in the www-authenticate header.\n",
        "RequestId:3e835eea-401a-0081-2508-da56fb000000\n",
        "Time:2024-07-19T18:19:57.8910303Z</Message><AuthenticationErrorDetail>Audience validation failed. Audience did not match.</AuthenticationErrorDetail></Error>"
      ]
    }
  ],
  "Variables": {
    "0": "c51b3f910audienceerrorc8a626457ec9201ac32846e7",
    "1": "c51b3f911audienceerrorc8a068216de3d95b780e46f6",
    "2": "c51b3f912audienceerrorc8a783732d4eb426e9c1425f"
  }
}
