{
  "Entries": [
    {
      "RequestUri": "https://REDACTED/a9c388270listfilesanddirectoriesargs897935927405f6129?restype=share",
      "RequestMethod": "PUT",
      "RequestHeaders": {
        "Accept": "application/xml",
        "Authorization": "Sanitized",
        "Content-Length": "0",
        "Date": "Tue, 03 Dec 2024 18:01:12 GMT",
        "User-Agent": "azsdk-java-azure-storage-file-share/12.26.0-beta.1 (17.0.10; Windows 11; 10.0)",
        "x-ms-client-request-id": "Sanitized",
        "x-ms-version": "2025-01-05"
      },
      "RequestBody": null,
      "StatusCode": 201,
      "ResponseHeaders": {
        "Content-Length": "0",
        "Date": "Tue, 03 Dec 2024 18:01:10 GMT",
        "ETag": "\"0x8DD13C478A8E467\"",
        "Last-Modified": "Tue, 03 Dec 2024 18:01:11 GMT",
        "Server": [
          "Windows-Azure-File/1.0",
          "Microsoft-HTTPAPI/2.0"
        ],
        "x-ms-client-request-id": "Sanitized",
        "x-ms-request-id": "Sanitized",
        "x-ms-version": "2025-01-05"
      },
      "ResponseBody": null
    },
    {
      "RequestUri": "https://REDACTED/a9c388270listfilesanddirectoriesargs897935927405f6129/a9c388271listfilesanddirectoriesargs89752175c6002fb8f?restype=directory",
      "RequestMethod": "PUT",
      "RequestHeaders": {
        "Accept": "application/xml",
        "Authorization": "Sanitized",
        "Content-Length": "0",
        "Date": "Tue, 03 Dec 2024 18:01:12 GMT",
        "User-Agent": "azsdk-java-azure-storage-file-share/12.26.0-beta.1 (17.0.10; Windows 11; 10.0)",
        "x-ms-allow-trailing-dot": "false",
        "x-ms-client-request-id": "Sanitized",
        "x-ms-file-attributes": "None",
        "x-ms-file-creation-time": "Now",
        "x-ms-file-last-write-time": "Now",
        "x-ms-file-permission": "Inherit",
        "x-ms-version": "2025-01-05"
      },
      "RequestBody": null,
      "StatusCode": 201,
      "ResponseHeaders": {
        "Content-Length": "0",
        "Date": "Tue, 03 Dec 2024 18:01:11 GMT",
        "ETag": "\"0x8DD13C478B5E6FD\"",
        "Last-Modified": "Tue, 03 Dec 2024 18:01:11 GMT",
        "Server": [
          "Windows-Azure-File/1.0",
          "Microsoft-HTTPAPI/2.0"
        ],
        "x-ms-client-request-id": "Sanitized",
        "x-ms-file-attributes": "Directory",
        "x-ms-file-change-time": "2024-12-03T18:01:11.6183293Z",
        "x-ms-file-creation-time": "2024-12-03T18:01:11.6183293Z",
        "x-ms-file-id": "13835128424026341376",
        "x-ms-file-last-write-time": "2024-12-03T18:01:11.6183293Z",
        "x-ms-file-parent-id": "0",
        "x-ms-file-permission-key": "15244965244508723563*13496119360552816354",
        "x-ms-request-id": "Sanitized",
        "x-ms-request-server-encrypted": "true",
        "x-ms-version": "2025-01-05"
      },
      "ResponseBody": null
    },
    {
      "RequestUri": "https://REDACTED/a9c388270listfilesanddirectoriesargs897935927405f6129/a9c388271listfilesanddirectoriesargs89752175c6002fb8f%2Fa9c388272listfilesanddirectoriesargs897932121b367b0260?restype=directory",
      "RequestMethod": "PUT",
      "RequestHeaders": {
        "Accept": "application/xml",
        "Authorization": "Sanitized",
        "Content-Length": "0",
        "Date": "Tue, 03 Dec 2024 18:01:12 GMT",
        "User-Agent": "azsdk-java-azure-storage-file-share/12.26.0-beta.1 (17.0.10; Windows 11; 10.0)",
        "x-ms-allow-trailing-dot": "false",
        "x-ms-client-request-id": "Sanitized",
        "x-ms-file-attributes": "None",
        "x-ms-file-creation-time": "Now",
        "x-ms-file-last-write-time": "Now",
        "x-ms-file-permission": "Inherit",
        "x-ms-version": "2025-01-05"
      },
      "RequestBody": null,
      "StatusCode": 201,
      "ResponseHeaders": {
        "Content-Length": "0",
        "Date": "Tue, 03 Dec 2024 18:01:10 GMT",
        "ETag": "\"0x8DD13C478C31E84\"",
        "Last-Modified": "Tue, 03 Dec 2024 18:01:11 GMT",
        "Server": [
          "Windows-Azure-File/1.0",
          "Microsoft-HTTPAPI/2.0"
        ],
        "x-ms-client-request-id": "Sanitized",
        "x-ms-file-attributes": "Directory",
        "x-ms-file-change-time": "2024-12-03T18:01:11.7049476Z",
        "x-ms-file-creation-time": "2024-12-03T18:01:11.7049476Z",
        "x-ms-file-id": "13835093239654252544",
        "x-ms-file-last-write-time": "2024-12-03T18:01:11.7049476Z",
        "x-ms-file-parent-id": "13835128424026341376",
        "x-ms-file-permission-key": "15244965244508723563*13496119360552816354",
        "x-ms-request-id": "Sanitized",
        "x-ms-request-server-encrypted": "true",
        "x-ms-version": "2025-01-05"
      },
      "ResponseBody": null
    },
    {
      "RequestUri": "https://REDACTED/a9c388270listfilesanddirectoriesargs897935927405f6129/a9c388271listfilesanddirectoriesargs89752175c6002fb8f%2Fa9c388272listfilesanddirectoriesargs897932121b367b0260%2Fa9c388272listfilesanddirectoriesargs897932121b367b0263",
      "RequestMethod": "PUT",
      "RequestHeaders": {
        "Accept": "application/xml",
        "Authorization": "Sanitized",
        "Content-Length": "0",
        "Date": "Tue, 03 Dec 2024 18:01:12 GMT",
        "User-Agent": "azsdk-java-azure-storage-file-share/12.26.0-beta.1 (17.0.10; Windows 11; 10.0)",
        "x-ms-allow-trailing-dot": "false",
        "x-ms-client-request-id": "Sanitized",
        "x-ms-content-length": "1024",
        "x-ms-file-attributes": "None",
        "x-ms-file-creation-time": "Now",
        "x-ms-file-last-write-time": "Now",
        "x-ms-file-permission": "Inherit",
        "x-ms-type": "file",
        "x-ms-version": "2025-01-05"
      },
      "RequestBody": null,
      "StatusCode": 201,
      "ResponseHeaders": {
        "Content-Length": "0",
        "Date": "Tue, 03 Dec 2024 18:01:10 GMT",
        "ETag": "\"0x8DD13C478D00850\"",
        "Last-Modified": "Tue, 03 Dec 2024 18:01:11 GMT",
        "Server": [
          "Windows-Azure-File/1.0",
          "Microsoft-HTTPAPI/2.0"
        ],
        "x-ms-client-request-id": "Sanitized",
        "x-ms-file-attributes": "Archive",
        "x-ms-file-change-time": "2024-12-03T18:01:11.7895760Z",
        "x-ms-file-creation-time": "2024-12-03T18:01:11.7895760Z",
        "x-ms-file-id": "11529250230440558592",
        "x-ms-file-last-write-time": "2024-12-03T18:01:11.7895760Z",
        "x-ms-file-parent-id": "13835093239654252544",
        "x-ms-file-permission-key": "1435295108737541740*13496119360552816354",
        "x-ms-request-id": "Sanitized",
        "x-ms-request-server-encrypted": "true",
        "x-ms-version": "2025-01-05"
      },
      "ResponseBody": null
    },
    {
      "RequestUri": "https://REDACTED/a9c388270listfilesanddirectoriesargs897935927405f6129/a9c388271listfilesanddirectoriesargs89752175c6002fb8f%2Fa9c388272listfilesanddirectoriesargs897932121b367b0260%2Fa9c388272listfilesanddirectoriesargs897932121b367b0264",
      "RequestMethod": "PUT",
      "RequestHeaders": {
        "Accept": "application/xml",
        "Authorization": "Sanitized",
        "Content-Length": "0",
        "Date": "Tue, 03 Dec 2024 18:01:12 GMT",
        "User-Agent": "azsdk-java-azure-storage-file-share/12.26.0-beta.1 (17.0.10; Windows 11; 10.0)",
        "x-ms-allow-trailing-dot": "false",
        "x-ms-client-request-id": "Sanitized",
        "x-ms-content-length": "1024",
        "x-ms-file-attributes": "None",
        "x-ms-file-creation-time": "Now",
        "x-ms-file-last-write-time": "Now",
        "x-ms-file-permission": "Inherit",
        "x-ms-type": "file",
        "x-ms-version": "2025-01-05"
      },
      "RequestBody": null,
      "StatusCode": 201,
      "ResponseHeaders": {
        "Content-Length": "0",
        "Date": "Tue, 03 Dec 2024 18:01:11 GMT",
        "ETag": "\"0x8DD13C478DD66C6\"",
        "Last-Modified": "Tue, 03 Dec 2024 18:01:11 GMT",
        "Server": [
          "Windows-Azure-File/1.0",
          "Microsoft-HTTPAPI/2.0"
        ],
        "x-ms-client-request-id": "Sanitized",
        "x-ms-file-attributes": "Archive",
        "x-ms-file-change-time": "2024-12-03T18:01:11.8771910Z",
        "x-ms-file-creation-time": "2024-12-03T18:01:11.8771910Z",
        "x-ms-file-id": "16140936248867946496",
        "x-ms-file-last-write-time": "2024-12-03T18:01:11.8771910Z",
        "x-ms-file-parent-id": "13835093239654252544",
        "x-ms-file-permission-key": "1435295108737541740*13496119360552816354",
        "x-ms-request-id": "Sanitized",
        "x-ms-request-server-encrypted": "true",
        "x-ms-version": "2025-01-05"
      },
      "ResponseBody": null
    },
    {
      "RequestUri": "https://REDACTED/a9c388270listfilesanddirectoriesargs897935927405f6129/a9c388271listfilesanddirectoriesargs89752175c6002fb8f%2Fa9c388272listfilesanddirectoriesargs897932121b367b0261?restype=directory",
      "RequestMethod": "PUT",
      "RequestHeaders": {
        "Accept": "application/xml",
        "Authorization": "Sanitized",
        "Content-Length": "0",
        "Date": "Tue, 03 Dec 2024 18:01:12 GMT",
        "User-Agent": "azsdk-java-azure-storage-file-share/12.26.0-beta.1 (17.0.10; Windows 11; 10.0)",
        "x-ms-allow-trailing-dot": "false",
        "x-ms-client-request-id": "Sanitized",
        "x-ms-file-attributes": "None",
        "x-ms-file-creation-time": "Now",
        "x-ms-file-last-write-time": "Now",
        "x-ms-file-permission": "Inherit",
        "x-ms-version": "2025-01-05"
      },
      "RequestBody": null,
      "StatusCode": 201,
      "ResponseHeaders": {
        "Content-Length": "0",
        "Date": "Tue, 03 Dec 2024 18:01:11 GMT",
        "ETag": "\"0x8DD13C478EA7785\"",
        "Last-Modified": "Tue, 03 Dec 2024 18:01:11 GMT",
        "Server": [
          "Windows-Azure-File/1.0",
          "Microsoft-HTTPAPI/2.0"
        ],
        "x-ms-client-request-id": "Sanitized",
        "x-ms-file-attributes": "Directory",
        "x-ms-file-change-time": "2024-12-03T18:01:11.9628165Z",
        "x-ms-file-creation-time": "2024-12-03T18:01:11.9628165Z",
        "x-ms-file-id": "13835163608398430208",
        "x-ms-file-last-write-time": "2024-12-03T18:01:11.9628165Z",
        "x-ms-file-parent-id": "13835128424026341376",
        "x-ms-file-permission-key": "15244965244508723563*13496119360552816354",
        "x-ms-request-id": "Sanitized",
        "x-ms-request-server-encrypted": "true",
        "x-ms-version": "2025-01-05"
      },
      "ResponseBody": null
    },
    {
      "RequestUri": "https://REDACTED/a9c388270listfilesanddirectoriesargs897935927405f6129/a9c388271listfilesanddirectoriesargs89752175c6002fb8f%2Fa9c388272listfilesanddirectoriesargs897932121b367b0261%2Fa9c388272listfilesanddirectoriesargs897932121b367b0265",
      "RequestMethod": "PUT",
      "RequestHeaders": {
        "Accept": "application/xml",
        "Authorization": "Sanitized",
        "Content-Length": "0",
        "Date": "Tue, 03 Dec 2024 18:01:12 GMT",
        "User-Agent": "azsdk-java-azure-storage-file-share/12.26.0-beta.1 (17.0.10; Windows 11; 10.0)",
        "x-ms-allow-trailing-dot": "false",
        "x-ms-client-request-id": "Sanitized",
        "x-ms-content-length": "1024",
        "x-ms-file-attributes": "None",
        "x-ms-file-creation-time": "Now",
        "x-ms-file-last-write-time": "Now",
        "x-ms-file-permission": "Inherit",
        "x-ms-type": "file",
        "x-ms-version": "2025-01-05"
      },
      "RequestBody": null,
      "StatusCode": 201,
      "ResponseHeaders": {
        "Content-Length": "0",
        "Date": "Tue, 03 Dec 2024 18:01:11 GMT",
        "ETag": "\"0x8DD13C478F73A58\"",
        "Last-Modified": "Tue, 03 Dec 2024 18:01:12 GMT",
        "Server": [
          "Windows-Azure-File/1.0",
          "Microsoft-HTTPAPI/2.0"
        ],
        "x-ms-client-request-id": "Sanitized",
        "x-ms-file-attributes": "Archive",
        "x-ms-file-change-time": "2024-12-03T18:01:12.0464472Z",
        "x-ms-file-creation-time": "2024-12-03T18:01:12.0464472Z",
        "x-ms-file-id": "11529320599184736256",
        "x-ms-file-last-write-time": "2024-12-03T18:01:12.0464472Z",
        "x-ms-file-parent-id": "13835163608398430208",
        "x-ms-file-permission-key": "1435295108737541740*13496119360552816354",
        "x-ms-request-id": "Sanitized",
        "x-ms-request-server-encrypted": "true",
        "x-ms-version": "2025-01-05"
      },
      "ResponseBody": null
    },
    {
      "RequestUri": "https://REDACTED/a9c388270listfilesanddirectoriesargs897935927405f6129/a9c388271listfilesanddirectoriesargs89752175c6002fb8f%2Fa9c388272listfilesanddirectoriesargs897932121b367b0261%2Fa9c388272listfilesanddirectoriesargs897932121b367b0266",
      "RequestMethod": "PUT",
      "RequestHeaders": {
        "Accept": "application/xml",
        "Authorization": "Sanitized",
        "Content-Length": "0",
        "Date": "Tue, 03 Dec 2024 18:01:12 GMT",
        "User-Agent": "azsdk-java-azure-storage-file-share/12.26.0-beta.1 (17.0.10; Windows 11; 10.0)",
        "x-ms-allow-trailing-dot": "false",
        "x-ms-client-request-id": "Sanitized",
        "x-ms-content-length": "1024",
        "x-ms-file-attributes": "None",
        "x-ms-file-creation-time": "Now",
        "x-ms-file-last-write-time": "Now",
        "x-ms-file-permission": "Inherit",
        "x-ms-type": "file",
        "x-ms-version": "2025-01-05"
      },
      "RequestBody": null,
      "StatusCode": 201,
      "ResponseHeaders": {
        "Content-Length": "0",
        "Date": "Tue, 03 Dec 2024 18:01:11 GMT",
        "ETag": "\"0x8DD13C4790471EC\"",
        "Last-Modified": "Tue, 03 Dec 2024 18:01:12 GMT",
        "Server": [
          "Windows-Azure-File/1.0",
          "Microsoft-HTTPAPI/2.0"
        ],
        "x-ms-client-request-id": "Sanitized",
        "x-ms-file-attributes": "Archive",
        "x-ms-file-change-time": "2024-12-03T18:01:12.1330668Z",
        "x-ms-file-creation-time": "2024-12-03T18:01:12.1330668Z",
        "x-ms-file-id": "16141006617612124160",
        "x-ms-file-last-write-time": "2024-12-03T18:01:12.1330668Z",
        "x-ms-file-parent-id": "13835163608398430208",
        "x-ms-file-permission-key": "1435295108737541740*13496119360552816354",
        "x-ms-request-id": "Sanitized",
        "x-ms-request-server-encrypted": "true",
        "x-ms-version": "2025-01-05"
      },
      "ResponseBody": null
    },
    {
      "RequestUri": "https://REDACTED/a9c388270listfilesanddirectoriesargs897935927405f6129/a9c388271listfilesanddirectoriesargs89752175c6002fb8f%2Fa9c388272listfilesanddirectoriesargs897932121b367b0262",
      "RequestMethod": "PUT",
      "RequestHeaders": {
        "Accept": "application/xml",
        "Authorization": "Sanitized",
        "Content-Length": "0",
        "Date": "Tue, 03 Dec 2024 18:01:12 GMT",
        "User-Agent": "azsdk-java-azure-storage-file-share/12.26.0-beta.1 (17.0.10; Windows 11; 10.0)",
        "x-ms-allow-trailing-dot": "false",
        "x-ms-client-request-id": "Sanitized",
        "x-ms-content-length": "1024",
        "x-ms-file-attributes": "None",
        "x-ms-file-creation-time": "Now",
        "x-ms-file-last-write-time": "Now",
        "x-ms-file-permission": "Inherit",
        "x-ms-type": "file",
        "x-ms-version": "2025-01-05"
      },
      "RequestBody": null,
      "StatusCode": 201,
      "ResponseHeaders": {
        "Content-Length": "0",
        "Date": "Tue, 03 Dec 2024 18:01:11 GMT",
        "ETag": "\"0x8DD13C479121E36\"",
        "Last-Modified": "Tue, 03 Dec 2024 18:01:12 GMT",
        "Server": [
          "Windows-Azure-File/1.0",
          "Microsoft-HTTPAPI/2.0"
        ],
        "x-ms-client-request-id": "Sanitized",
        "x-ms-file-attributes": "Archive",
        "x-ms-file-change-time": "2024-12-03T18:01:12.2226742Z",
        "x-ms-file-creation-time": "2024-12-03T18:01:12.2226742Z",
        "x-ms-file-id": "10376399094577889280",
        "x-ms-file-last-write-time": "2024-12-03T18:01:12.2226742Z",
        "x-ms-file-parent-id": "13835128424026341376",
        "x-ms-file-permission-key": "1435295108737541740*13496119360552816354",
        "x-ms-request-id": "Sanitized",
        "x-ms-request-server-encrypted": "true",
        "x-ms-version": "2025-01-05"
      },
      "ResponseBody": null
    },
    {
      "RequestUri": "https://REDACTED/a9c388270listfilesanddirectoriesargs897935927405f6129/a9c388271listfilesanddirectoriesargs89752175c6002fb8f?restype=directory&comp=list&prefix=a9c38827&maxresults=1",
      "RequestMethod": "GET",
      "RequestHeaders": {
        "Accept": "application/xml",
        "Authorization": "Sanitized",
        "Content-Length": "0",
        "Date": "Tue, 03 Dec 2024 18:01:13 GMT",
        "User-Agent": "azsdk-java-azure-storage-file-share/12.26.0-beta.1 (17.0.10; Windows 11; 10.0)",
        "x-ms-allow-trailing-dot": "false",
        "x-ms-client-request-id": "Sanitized",
        "x-ms-version": "2025-01-05"
      },
      "RequestBody": null,
      "StatusCode": 200,
      "ResponseHeaders": {
        "Content-Type": "application/xml",
        "Date": "Tue, 03 Dec 2024 18:01:11 GMT",
        "Server": [
          "Windows-Azure-File/1.0",
          "Microsoft-HTTPAPI/2.0"
        ],
        "Transfer-Encoding": "chunked",
        "x-ms-client-request-id": "Sanitized",
        "x-ms-request-id": "Sanitized",
        "x-ms-version": "2025-01-05"
      },
      "ResponseBody": "\uFEFF<?xml version=\"1.0\" encoding=\"utf-8\"?><EnumerationResults ServiceEndpoint=\"https://primt4f420216ef7557fe.file.core.windows.net/\" ShareName=\"a9c388270listfilesanddirectoriesargs897935927405f6129\" DirectoryPath=\"a9c388271listfilesanddirectoriesargs89752175c6002fb8f\"><Prefix>a9c38827</Prefix><MaxResults>1</MaxResults><DirectoryId>13835128424026341376</DirectoryId><Entries><Directory><Name>a9c388272listfilesanddirectoriesargs897932121b367b0260</Name><FileId>13835093239654252544</FileId><Properties /></Directory></Entries><NextMarker>1!72!YTljMzg4MjcybGlzdGZpbGVzYW5kZGlyZWN0b3JpZXNhcmdzODk3OTMyMTIxYjM2N2IwMjYx</NextMarker></EnumerationResults>"
    },
    {
      "RequestUri": "https://REDACTED/a9c388270listfilesanddirectoriesargs897935927405f6129/a9c388271listfilesanddirectoriesargs89752175c6002fb8f?restype=directory&comp=list&prefix=a9c38827&marker=1%2172%21YTljMzg4MjcybGlzdGZpbGVzYW5kZGlyZWN0b3JpZXNhcmdzODk3OTMyMTIxYjM2N2IwMjYx&maxresults=1",
      "RequestMethod": "GET",
      "RequestHeaders": {
        "Accept": "application/xml",
        "Authorization": "Sanitized",
        "Content-Length": "0",
        "Date": "Tue, 03 Dec 2024 18:01:13 GMT",
        "User-Agent": "azsdk-java-azure-storage-file-share/12.26.0-beta.1 (17.0.10; Windows 11; 10.0)",
        "x-ms-allow-trailing-dot": "false",
        "x-ms-client-request-id": "Sanitized",
        "x-ms-version": "2025-01-05"
      },
      "RequestBody": null,
      "StatusCode": 200,
      "ResponseHeaders": {
        "Content-Type": "application/xml",
        "Date": "Tue, 03 Dec 2024 18:01:11 GMT",
        "Server": [
          "Windows-Azure-File/1.0",
          "Microsoft-HTTPAPI/2.0"
        ],
        "Transfer-Encoding": "chunked",
        "x-ms-client-request-id": "Sanitized",
        "x-ms-request-id": "Sanitized",
        "x-ms-version": "2025-01-05"
      },
      "ResponseBody": "\uFEFF<?xml version=\"1.0\" encoding=\"utf-8\"?><EnumerationResults ServiceEndpoint=\"https://primt4f420216ef7557fe.file.core.windows.net/\" ShareName=\"a9c388270listfilesanddirectoriesargs897935927405f6129\" DirectoryPath=\"a9c388271listfilesanddirectoriesargs89752175c6002fb8f\"><Prefix>a9c38827</Prefix><Marker>1!72!YTljMzg4MjcybGlzdGZpbGVzYW5kZGlyZWN0b3JpZXNhcmdzODk3OTMyMTIxYjM2N2IwMjYx</Marker><MaxResults>1</MaxResults><DirectoryId>13835128424026341376</DirectoryId><Entries><Directory><Name>a9c388272listfilesanddirectoriesargs897932121b367b0261</Name><FileId>13835163608398430208</FileId><Properties /></Directory></Entries><NextMarker>1!72!YTljMzg4MjcybGlzdGZpbGVzYW5kZGlyZWN0b3JpZXNhcmdzODk3OTMyMTIxYjM2N2IwMjYy</NextMarker></EnumerationResults>"
    },
    {
      "RequestUri": "https://REDACTED/a9c388270listfilesanddirectoriesargs897935927405f6129/a9c388271listfilesanddirectoriesargs89752175c6002fb8f?restype=directory&comp=list&prefix=a9c38827&marker=1%2172%21YTljMzg4MjcybGlzdGZpbGVzYW5kZGlyZWN0b3JpZXNhcmdzODk3OTMyMTIxYjM2N2IwMjYy&maxresults=1",
      "RequestMethod": "GET",
      "RequestHeaders": {
        "Accept": "application/xml",
        "Authorization": "Sanitized",
        "Content-Length": "0",
        "Date": "Tue, 03 Dec 2024 18:01:13 GMT",
        "User-Agent": "azsdk-java-azure-storage-file-share/12.26.0-beta.1 (17.0.10; Windows 11; 10.0)",
        "x-ms-allow-trailing-dot": "false",
        "x-ms-client-request-id": "Sanitized",
        "x-ms-version": "2025-01-05"
      },
      "RequestBody": null,
      "StatusCode": 200,
      "ResponseHeaders": {
        "Content-Type": "application/xml",
        "Date": "Tue, 03 Dec 2024 18:01:11 GMT",
        "Server": [
          "Windows-Azure-File/1.0",
          "Microsoft-HTTPAPI/2.0"
        ],
        "Transfer-Encoding": "chunked",
        "x-ms-client-request-id": "Sanitized",
        "x-ms-request-id": "Sanitized",
        "x-ms-version": "2025-01-05"
      },
      "ResponseBody": "\uFEFF<?xml version=\"1.0\" encoding=\"utf-8\"?><EnumerationResults ServiceEndpoint=\"https://primt4f420216ef7557fe.file.core.windows.net/\" ShareName=\"a9c388270listfilesanddirectoriesargs897935927405f6129\" DirectoryPath=\"a9c388271listfilesanddirectoriesargs89752175c6002fb8f\"><Prefix>a9c38827</Prefix><Marker>1!72!YTljMzg4MjcybGlzdGZpbGVzYW5kZGlyZWN0b3JpZXNhcmdzODk3OTMyMTIxYjM2N2IwMjYy</Marker><MaxResults>1</MaxResults><DirectoryId>13835128424026341376</DirectoryId><Entries><File><Name>a9c388272listfilesanddirectoriesargs897932121b367b0262</Name><FileId>10376399094577889280</FileId><Properties><Content-Length>1024</Content-Length></Properties></File></Entries><NextMarker /></EnumerationResults>"
    }
  ],
  "Variables": {
    "0": "a9c388270listfilesanddirectoriesargs897935927405f6129",
    "1": "a9c388271listfilesanddirectoriesargs89752175c6002fb8f",
    "2": "a9c388272listfilesanddirectoriesargs897932121b367b026"
  }
}
