{
  "Entries": [
    {
      "RequestUri": "https://REDACTED/89cd48ef0createdirectorywithfilepermkey35c28537e7e167c1?restype=share",
      "RequestMethod": "PUT",
      "RequestHeaders": {
        "Accept": "application/xml",
        "Authorization": "Sanitized",
        "Content-Length": "0",
        "Date": "Tue, 03 Dec 2024 18:01:09 GMT",
        "User-Agent": "azsdk-java-azure-storage-file-share/12.26.0-beta.1 (17.0.10; Windows 11; 10.0)",
        "x-ms-client-request-id": "Sanitized",
        "x-ms-version": "2025-01-05"
      },
      "RequestBody": null,
      "StatusCode": 201,
      "ResponseHeaders": {
        "Content-Length": "0",
        "Date": "Tue, 03 Dec 2024 18:01:07 GMT",
        "ETag": "\"0x8DD13C476BA3D7B\"",
        "Last-Modified": "Tue, 03 Dec 2024 18:01:08 GMT",
        "Server": [
          "Windows-Azure-File/1.0",
          "Microsoft-HTTPAPI/2.0"
        ],
        "x-ms-client-request-id": "Sanitized",
        "x-ms-request-id": "Sanitized",
        "x-ms-version": "2025-01-05"
      },
      "ResponseBody": null
    },
    {
      "RequestUri": "https://REDACTED/89cd48ef0createdirectorywithfilepermkey35c28537e7e167c1?restype=share&comp=filepermission",
      "RequestMethod": "PUT",
      "RequestHeaders": {
        "Accept": "application/xml",
        "Authorization": "Sanitized",
        "Content-Length": "225",
        "Content-Type": "application/json",
        "Date": "Tue, 03 Dec 2024 18:01:09 GMT",
        "User-Agent": "azsdk-java-azure-storage-file-share/12.26.0-beta.1 (17.0.10; Windows 11; 10.0)",
        "x-ms-client-request-id": "Sanitized",
        "x-ms-version": "2025-01-05"
      },
      "RequestBody": {
        "permission": "O:S-1-5-21-2127521184-1604012920-1887927527-21560751G:S-1-5-21-2127521184-1604012920-1887927527-513D:AI(A;;FA;;;SY)(A;;FA;;;BA)(A;;0x1200a9;;;S-1-5-21-397955417-626881126-188441444-3053964)S:NO_ACCESS_CONTROL"
      },
      "StatusCode": 201,
      "ResponseHeaders": {
        "Date": "Tue, 03 Dec 2024 18:01:07 GMT",
        "Server": [
          "Windows-Azure-File/1.0",
          "Microsoft-HTTPAPI/2.0"
        ],
        "Transfer-Encoding": "chunked",
        "x-ms-client-request-id": "Sanitized",
        "x-ms-file-permission-key": "2057042921489144595*13496119360552816354",
        "x-ms-request-id": "Sanitized",
        "x-ms-version": "2025-01-05"
      },
      "ResponseBody": null
    },
    {
      "RequestUri": "https://REDACTED/89cd48ef0createdirectorywithfilepermkey35c28537e7e167c1/89cd48ef1createdirectorywithfilepermkey35c8011870ec1048?restype=directory",
      "RequestMethod": "PUT",
      "RequestHeaders": {
        "Accept": "application/xml",
        "Authorization": "Sanitized",
        "Content-Length": "0",
        "Date": "Tue, 03 Dec 2024 18:01:09 GMT",
        "User-Agent": "azsdk-java-azure-storage-file-share/12.26.0-beta.1 (17.0.10; Windows 11; 10.0)",
        "x-ms-allow-trailing-dot": "false",
        "x-ms-client-request-id": "Sanitized",
        "x-ms-file-attributes": "None",
        "x-ms-file-creation-time": "2024-12-03T18:01:09.2378230Z",
        "x-ms-file-last-write-time": "2024-12-03T18:01:09.2378230Z",
        "x-ms-file-permission-key": "2057042921489144595*13496119360552816354",
        "x-ms-version": "2025-01-05"
      },
      "RequestBody": null,
      "StatusCode": 201,
      "ResponseHeaders": {
        "Content-Length": "0",
        "Date": "Tue, 03 Dec 2024 18:01:08 GMT",
        "ETag": "\"0x8DD13C476D539D9\"",
        "Last-Modified": "Tue, 03 Dec 2024 18:01:08 GMT",
        "Server": [
          "Windows-Azure-File/1.0",
          "Microsoft-HTTPAPI/2.0"
        ],
        "x-ms-client-request-id": "Sanitized",
        "x-ms-file-attributes": "Directory",
        "x-ms-file-change-time": "2024-12-03T18:01:08.4681689Z",
        "x-ms-file-creation-time": "2024-12-03T18:01:09.2378230Z",
        "x-ms-file-id": "13835128424026341376",
        "x-ms-file-last-write-time": "2024-12-03T18:01:09.2378230Z",
        "x-ms-file-parent-id": "0",
        "x-ms-file-permission-key": "6441911784765758039*13496119360552816354",
        "x-ms-request-id": "Sanitized",
        "x-ms-request-server-encrypted": "true",
        "x-ms-version": "2025-01-05"
      },
      "ResponseBody": null
    }
  ],
  "Variables": {
    "0": "89cd48ef0createdirectorywithfilepermkey35c28537e7e167c1",
    "1": "89cd48ef1createdirectorywithfilepermkey35c8011870ec1048",
    "2": "2024-12-03T18:01:09.237823Z",
    "3": "2024-12-03T18:01:09.237823Z"
  }
}
