{
  "Entries": [
    {
      "RequestUri": "https://REDACTED/999360fc0sethttpheadersoauth00b99964aa465a30ba9f4?restype=share",
      "RequestMethod": "PUT",
      "RequestHeaders": {
        "Accept": "application/xml",
        "Authorization": "Sanitized",
        "Content-Length": "0",
        "Date": "Tue, 26 Nov 2024 21:50:07 GMT",
        "User-Agent": "azsdk-java-azure-storage-file-share/12.26.0-beta.1 (21.0.2; Windows 11; 10.0)",
        "x-ms-client-request-id": "Sanitized",
        "x-ms-version": "2025-01-05"
      },
      "RequestBody": null,
      "StatusCode": 201,
      "ResponseHeaders": {
        "Content-Length": "0",
        "Date": "Tue, 26 Nov 2024 21:50:06 GMT",
        "ETag": "\"0x8DD0E644AC2355D\"",
        "Last-Modified": "Tue, 26 Nov 2024 21:50:07 GMT",
        "Server": [
          "Windows-Azure-File/1.0",
          "Microsoft-HTTPAPI/2.0"
        ],
        "x-ms-client-request-id": "Sanitized",
        "x-ms-request-id": "Sanitized",
        "x-ms-version": "2025-01-05"
      },
      "ResponseBody": null
    },
    {
      "RequestUri": "https://REDACTED/999360fc0sethttpheadersoauth00b99964aa465a30ba9f4/999360fc2sethttpheadersoauth00b6661428f0ace27b2b4?restype=directory",
      "RequestMethod": "PUT",
      "RequestHeaders": {
        "Accept": "application/xml",
        "Authorization": "Sanitized",
        "Content-Length": "0",
        "Date": "Tue, 26 Nov 2024 21:50:07 GMT",
        "User-Agent": "azsdk-java-azure-storage-file-share/12.26.0-beta.1 (21.0.2; Windows 11; 10.0)",
        "x-ms-allow-trailing-dot": "false",
        "x-ms-client-request-id": "Sanitized",
        "x-ms-file-attributes": "None",
        "x-ms-file-creation-time": "Now",
        "x-ms-file-last-write-time": "Now",
        "x-ms-file-permission": "Inherit",
        "x-ms-file-request-intent": "backup",
        "x-ms-version": "2025-01-05"
      },
      "RequestBody": null,
      "StatusCode": 201,
      "ResponseHeaders": {
        "Content-Length": "0",
        "Date": "Tue, 26 Nov 2024 21:50:08 GMT",
        "ETag": "\"0x8DD0E644BE1432B\"",
        "Last-Modified": "Tue, 26 Nov 2024 21:50:08 GMT",
        "Server": [
          "Windows-Azure-File/1.0",
          "Microsoft-HTTPAPI/2.0"
        ],
        "x-ms-client-request-id": "Sanitized",
        "x-ms-file-attributes": "Directory",
        "x-ms-file-change-time": "2024-11-26T21:50:08.9050923Z",
        "x-ms-file-creation-time": "2024-11-26T21:50:08.9050923Z",
        "x-ms-file-id": "13835128424026341376",
        "x-ms-file-last-write-time": "2024-11-26T21:50:08.9050923Z",
        "x-ms-file-parent-id": "0",
        "x-ms-file-permission-key": "1704820300937123718*9183854576063791119",
        "x-ms-request-id": "Sanitized",
        "x-ms-request-server-encrypted": "true",
        "x-ms-version": "2025-01-05"
      },
      "ResponseBody": null
    },
    {
      "RequestUri": "https://REDACTED/999360fc0sethttpheadersoauth00b99964aa465a30ba9f4/999360fc2sethttpheadersoauth00b6661428f0ace27b2b4?restype=directory&comp=properties",
      "RequestMethod": "PUT",
      "RequestHeaders": {
        "Accept": "application/xml",
        "Authorization": "Sanitized",
        "Content-Length": "0",
        "Date": "Tue, 26 Nov 2024 21:50:09 GMT",
        "User-Agent": "azsdk-java-azure-storage-file-share/12.26.0-beta.1 (21.0.2; Windows 11; 10.0)",
        "x-ms-allow-trailing-dot": "false",
        "x-ms-client-request-id": "Sanitized",
        "x-ms-file-attributes": "Preserve",
        "x-ms-file-creation-time": "Preserve",
        "x-ms-file-last-write-time": "Preserve",
        "x-ms-file-permission": "Preserve",
        "x-ms-file-request-intent": "backup",
        "x-ms-version": "2025-01-05"
      },
      "RequestBody": null,
      "StatusCode": 200,
      "ResponseHeaders": {
        "Content-Length": "0",
        "Date": "Tue, 26 Nov 2024 21:50:08 GMT",
        "ETag": "\"0x8DD0E644BF0269B\"",
        "Last-Modified": "Tue, 26 Nov 2024 21:50:09 GMT",
        "Server": [
          "Windows-Azure-File/1.0",
          "Microsoft-HTTPAPI/2.0"
        ],
        "x-ms-client-request-id": "Sanitized",
        "x-ms-file-attributes": "Directory",
        "x-ms-file-change-time": "2024-11-26T21:50:09.0026651Z",
        "x-ms-file-creation-time": "2024-11-26T21:50:08.9050923Z",
        "x-ms-file-id": "13835128424026341376",
        "x-ms-file-last-write-time": "2024-11-26T21:50:08.9050923Z",
        "x-ms-file-parent-id": "0",
        "x-ms-file-permission-key": "1704820300937123718*9183854576063791119",
        "x-ms-request-id": "Sanitized",
        "x-ms-request-server-encrypted": "true",
        "x-ms-version": "2025-01-05"
      },
      "ResponseBody": null
    }
  ],
  "Variables": {
    "0": "999360fc0sethttpheadersoauth00b99964aa465a30ba9f4",
    "1": "999360fc1sethttpheadersoauth00b20532361cd8553be04",
    "2": "999360fc2sethttpheadersoauth00b6661428f0ace27b2b4"
  }
}
