{
  "Entries": [
    {
      "RequestUri": "https://REDACTED/7a5cae4e0deleteifexistsfilethatdoesnotexista3e4541603c3a9?restype=share",
      "RequestMethod": "PUT",
      "RequestHeaders": {
        "Accept": "application/xml",
        "Authorization": "Sanitized",
        "Content-Length": "0",
        "Date": "Tue, 03 Dec 2024 18:01:26 GMT",
        "User-Agent": "azsdk-java-azure-storage-file-share/12.26.0-beta.1 (17.0.10; Windows 11; 10.0)",
        "x-ms-client-request-id": "Sanitized",
        "x-ms-version": "2025-01-05"
      },
      "RequestBody": null,
      "StatusCode": 201,
      "ResponseHeaders": {
        "Content-Length": "0",
        "Date": "Tue, 03 Dec 2024 18:01:24 GMT",
        "ETag": "\"0x8DD13C480E80E26\"",
        "Last-Modified": "Tue, 03 Dec 2024 18:01:25 GMT",
        "Server": [
          "Windows-Azure-File/1.0",
          "Microsoft-HTTPAPI/2.0"
        ],
        "x-ms-client-request-id": "Sanitized",
        "x-ms-request-id": "Sanitized",
        "x-ms-version": "2025-01-05"
      },
      "ResponseBody": null
    },
    {
      "RequestUri": "https://REDACTED/7a5cae4e0deleteifexistsfilethatdoesnotexista3e4541603c3a9/7a5cae4e3deleteifexistsfilethatdoesnotexista3e618099ddd62?restype=directory",
      "RequestMethod": "PUT",
      "RequestHeaders": {
        "Accept": "application/xml",
        "Authorization": "Sanitized",
        "Content-Length": "0",
        "Date": "Tue, 03 Dec 2024 18:01:26 GMT",
        "User-Agent": "azsdk-java-azure-storage-file-share/12.26.0-beta.1 (17.0.10; Windows 11; 10.0)",
        "x-ms-allow-trailing-dot": "false",
        "x-ms-client-request-id": "Sanitized",
        "x-ms-file-attributes": "None",
        "x-ms-file-creation-time": "Now",
        "x-ms-file-last-write-time": "Now",
        "x-ms-file-permission": "Inherit",
        "x-ms-version": "2025-01-05"
      },
      "RequestBody": null,
      "StatusCode": 201,
      "ResponseHeaders": {
        "Content-Length": "0",
        "Date": "Tue, 03 Dec 2024 18:01:24 GMT",
        "ETag": "\"0x8DD13C480F93DFC\"",
        "Last-Modified": "Tue, 03 Dec 2024 18:01:25 GMT",
        "Server": [
          "Windows-Azure-File/1.0",
          "Microsoft-HTTPAPI/2.0"
        ],
        "x-ms-client-request-id": "Sanitized",
        "x-ms-file-attributes": "Directory",
        "x-ms-file-change-time": "2024-12-03T18:01:25.4814204Z",
        "x-ms-file-creation-time": "2024-12-03T18:01:25.4814204Z",
        "x-ms-file-id": "13835128424026341376",
        "x-ms-file-last-write-time": "2024-12-03T18:01:25.4814204Z",
        "x-ms-file-parent-id": "0",
        "x-ms-file-permission-key": "15244965244508723563*13496119360552816354",
        "x-ms-request-id": "Sanitized",
        "x-ms-request-server-encrypted": "true",
        "x-ms-version": "2025-01-05"
      },
      "ResponseBody": null
    },
    {
      "RequestUri": "https://REDACTED/7a5cae4e0deleteifexistsfilethatdoesnotexista3e4541603c3a9/7a5cae4e3deleteifexistsfilethatdoesnotexista3e618099ddd62%2F7a5cae4e2deleteifexistsfilethatdoesnotexista3e740185948c0",
      "RequestMethod": "DELETE",
      "RequestHeaders": {
        "Accept": "application/xml",
        "Authorization": "Sanitized",
        "Content-Length": "0",
        "Date": "Tue, 03 Dec 2024 18:01:26 GMT",
        "User-Agent": "azsdk-java-azure-storage-file-share/12.26.0-beta.1 (17.0.10; Windows 11; 10.0)",
        "x-ms-allow-trailing-dot": "false",
        "x-ms-client-request-id": "Sanitized",
        "x-ms-version": "2025-01-05"
      },
      "RequestBody": null,
      "StatusCode": 404,
      "ResponseHeaders": {
        "Content-Length": "223",
        "Content-Type": "application/xml",
        "Date": "Tue, 03 Dec 2024 18:01:24 GMT",
        "Server": [
          "Windows-Azure-File/1.0",
          "Microsoft-HTTPAPI/2.0"
        ],
        "x-ms-client-request-id": "Sanitized",
        "x-ms-error-code": "ResourceNotFound",
        "x-ms-request-id": "Sanitized",
        "x-ms-version": "2025-01-05"
      },
      "ResponseBody": [
        "\uFEFF<?xml version=\"1.0\" encoding=\"utf-8\"?><Error><Code>ResourceNotFound</Code><Message>The specified resource does not exist.\n",
        "RequestId:dce88945-e01a-0049-61ad-45dd9b000000\n",
        "Time:2024-12-03T18:01:25.5562496Z</Message></Error>"
      ]
    }
  ],
  "Variables": {
    "0": "7a5cae4e0deleteifexistsfilethatdoesnotexista3e4541603c3a9",
    "1": "7a5cae4e1deleteifexistsfilethatdoesnotexista3e12563a85f21",
    "2": "7a5cae4e2deleteifexistsfilethatdoesnotexista3e740185948c0",
    "3": "7a5cae4e3deleteifexistsfilethatdoesnotexista3e618099ddd62"
  }
}
