{
  "Entries": [
    {
      "RequestUri": "https://REDACTED/89714dfc0createifnotexistssubdirectoryalreadyexists5b052188bf?restype=share",
      "RequestMethod": "PUT",
      "RequestHeaders": {
        "Accept": "application/xml",
        "Authorization": "Sanitized",
        "Content-Length": "0",
        "Date": "Wed, 05 Feb 2025 18:29:27 GMT",
        "User-Agent": "azsdk-java-azure-storage-file-share/12.26.0-beta.1 (17.0.12; Windows 11; 10.0)",
        "x-ms-client-request-id": "Sanitized",
        "x-ms-version": "2025-05-05"
      },
      "RequestBody": null,
      "StatusCode": 201,
      "ResponseHeaders": {
        "Content-Length": "0",
        "Date": "Wed, 05 Feb 2025 18:29:27 GMT",
        "ETag": "\"0x8DD4613060580AE\"",
        "Last-Modified": "Wed, 05 Feb 2025 18:29:27 GMT",
        "Server": [
          "Windows-Azure-File/1.0",
          "Microsoft-HTTPAPI/2.0"
        ],
        "x-ms-client-request-id": "Sanitized",
        "x-ms-request-id": "Sanitized",
        "x-ms-version": "2025-05-05"
      },
      "ResponseBody": null
    },
    {
      "RequestUri": "https://REDACTED/89714dfc0createifnotexistssubdirectoryalreadyexists5b052188bf/89714dfc3createifnotexistssubdirectoryalreadyexists5b01180509?restype=directory",
      "RequestMethod": "PUT",
      "RequestHeaders": {
        "Accept": "application/xml",
        "Authorization": "Sanitized",
        "Content-Length": "0",
        "Date": "Wed, 05 Feb 2025 18:29:27 GMT",
        "User-Agent": "azsdk-java-azure-storage-file-share/12.26.0-beta.1 (17.0.12; Windows 11; 10.0)",
        "x-ms-allow-trailing-dot": "false",
        "x-ms-client-request-id": "Sanitized",
        "x-ms-version": "2025-05-05"
      },
      "RequestBody": null,
      "StatusCode": 201,
      "ResponseHeaders": {
        "Content-Length": "0",
        "Date": "Wed, 05 Feb 2025 18:29:26 GMT",
        "ETag": "\"0x8DD4613061266BB\"",
        "Last-Modified": "Wed, 05 Feb 2025 18:29:27 GMT",
        "Server": [
          "Windows-Azure-File/1.0",
          "Microsoft-HTTPAPI/2.0"
        ],
        "x-ms-client-request-id": "Sanitized",
        "x-ms-file-attributes": "Directory",
        "x-ms-file-change-time": "2025-02-05T18:29:27.6670651Z",
        "x-ms-file-creation-time": "2025-02-05T18:29:27.6670651Z",
        "x-ms-file-id": "13835128424026341376",
        "x-ms-file-last-write-time": "2025-02-05T18:29:27.6670651Z",
        "x-ms-file-parent-id": "0",
        "x-ms-file-permission-key": "6308620360510780710*4564291401320309423",
        "x-ms-request-id": "Sanitized",
        "x-ms-request-server-encrypted": "true",
        "x-ms-version": "2025-05-05"
      },
      "ResponseBody": null
    },
    {
      "RequestUri": "https://REDACTED/89714dfc0createifnotexistssubdirectoryalreadyexists5b052188bf/89714dfc3createifnotexistssubdirectoryalreadyexists5b01180509%2F89714dfc2createifnotexistssubdirectoryalreadyexists5b063592c2?restype=directory",
      "RequestMethod": "PUT",
      "RequestHeaders": {
        "Accept": "application/xml",
        "Authorization": "Sanitized",
        "Content-Length": "0",
        "Date": "Wed, 05 Feb 2025 18:29:27 GMT",
        "User-Agent": "azsdk-java-azure-storage-file-share/12.26.0-beta.1 (17.0.12; Windows 11; 10.0)",
        "x-ms-allow-trailing-dot": "false",
        "x-ms-client-request-id": "Sanitized",
        "x-ms-version": "2025-05-05"
      },
      "RequestBody": null,
      "StatusCode": 201,
      "ResponseHeaders": {
        "Content-Length": "0",
        "Date": "Wed, 05 Feb 2025 18:29:26 GMT",
        "ETag": "\"0x8DD4613061D61A2\"",
        "Last-Modified": "Wed, 05 Feb 2025 18:29:27 GMT",
        "Server": [
          "Windows-Azure-File/1.0",
          "Microsoft-HTTPAPI/2.0"
        ],
        "x-ms-client-request-id": "Sanitized",
        "x-ms-file-attributes": "Directory",
        "x-ms-file-change-time": "2025-02-05T18:29:27.7390242Z",
        "x-ms-file-creation-time": "2025-02-05T18:29:27.7390242Z",
        "x-ms-file-id": "11529285414812647424",
        "x-ms-file-last-write-time": "2025-02-05T18:29:27.7390242Z",
        "x-ms-file-parent-id": "13835128424026341376",
        "x-ms-file-permission-key": "6308620360510780710*4564291401320309423",
        "x-ms-request-id": "Sanitized",
        "x-ms-request-server-encrypted": "true",
        "x-ms-version": "2025-05-05"
      },
      "ResponseBody": null
    },
    {
      "RequestUri": "https://REDACTED/89714dfc0createifnotexistssubdirectoryalreadyexists5b052188bf/89714dfc3createifnotexistssubdirectoryalreadyexists5b01180509%2F89714dfc2createifnotexistssubdirectoryalreadyexists5b063592c2?restype=directory",
      "RequestMethod": "PUT",
      "RequestHeaders": {
        "Accept": "application/xml",
        "Authorization": "Sanitized",
        "Content-Length": "0",
        "Date": "Wed, 05 Feb 2025 18:29:27 GMT",
        "User-Agent": "azsdk-java-azure-storage-file-share/12.26.0-beta.1 (17.0.12; Windows 11; 10.0)",
        "x-ms-allow-trailing-dot": "false",
        "x-ms-client-request-id": "Sanitized",
        "x-ms-version": "2025-05-05"
      },
      "RequestBody": null,
      "StatusCode": 409,
      "ResponseHeaders": {
        "Content-Length": "228",
        "Content-Type": "application/xml",
        "Date": "Wed, 05 Feb 2025 18:29:26 GMT",
        "Server": [
          "Windows-Azure-File/1.0",
          "Microsoft-HTTPAPI/2.0"
        ],
        "x-ms-client-request-id": "Sanitized",
        "x-ms-error-code": "ResourceAlreadyExists",
        "x-ms-request-id": "Sanitized",
        "x-ms-version": "2025-05-05"
      },
      "ResponseBody": [
        "\uFEFF<?xml version=\"1.0\" encoding=\"utf-8\"?><Error><Code>ResourceAlreadyExists</Code><Message>The specified resource already exists.\n",
        "RequestId:4feff805-f01a-0007-3efb-77fb05000000\n",
        "Time:2025-02-05T18:29:27.8280471Z</Message></Error>"
      ]
    }
  ],
  "Variables": {
    "0": "89714dfc0createifnotexistssubdirectoryalreadyexists5b052188bf",
    "1": "89714dfc1createifnotexistssubdirectoryalreadyexists5b068867ce",
    "2": "89714dfc2createifnotexistssubdirectoryalreadyexists5b063592c2",
    "3": "89714dfc3createifnotexistssubdirectoryalreadyexists5b01180509"
  }
}
