{
  "Entries": [
    {
      "RequestUri": "https://REDACTED/5c7fce6f0listfilesanddirectoriesextendedinfoargsb9599766429?restype=share",
      "RequestMethod": "PUT",
      "RequestHeaders": {
        "Accept": "application/xml",
        "Authorization": "Sanitized",
        "Content-Length": "0",
        "Date": "Wed, 16 Aug 2023 01:03:06 GMT",
        "User-Agent": "azsdk-java-azure-storage-file-share/12.20.0-beta.2 (11.0.16.1; Windows 11; 10.0)",
        "x-ms-client-request-id": "a50faf83-48f2-4edd-a357-e1abe566ff45",
        "x-ms-version": "2023-08-03"
      },
      "RequestBody": null,
      "StatusCode": 201,
      "ResponseHeaders": {
        "Content-Length": "0",
        "Date": "Wed, 16 Aug 2023 01:03:06 GMT",
        "ETag": "\u00220x8DB9DF48D6B4085\u0022",
        "Last-Modified": "Wed, 16 Aug 2023 01:03:07 GMT",
        "Server": [
          "Windows-Azure-File/1.0",
          "Microsoft-HTTPAPI/2.0"
        ],
        "x-ms-client-request-id": "a50faf83-48f2-4edd-a357-e1abe566ff45",
        "x-ms-request-id": "65beeb73-501a-0003-39dd-cfc4cd000000",
        "x-ms-version": "2023-08-03"
      },
      "ResponseBody": null
    },
    {
      "RequestUri": "https://REDACTED/5c7fce6f0listfilesanddirectoriesextendedinfoargsb9599766429/5c7fce6f1listfilesanddirectoriesextendedinfoargsb9539892c19?restype=directory",
      "RequestMethod": "PUT",
      "RequestHeaders": {
        "Accept": "application/xml",
        "Authorization": "Sanitized",
        "Content-Length": "0",
        "Date": "Wed, 16 Aug 2023 01:03:06 GMT",
        "User-Agent": "azsdk-java-azure-storage-file-share/12.20.0-beta.2 (11.0.16.1; Windows 11; 10.0)",
        "x-ms-allow-trailing-dot": "false",
        "x-ms-client-request-id": "02eb5586-fb2e-4dad-83dd-3f79e3f4c232",
        "x-ms-file-attributes": "None",
        "x-ms-file-creation-time": "Now",
        "x-ms-file-last-write-time": "Now",
        "x-ms-file-permission": "Inherit",
        "x-ms-version": "2023-08-03"
      },
      "RequestBody": null,
      "StatusCode": 201,
      "ResponseHeaders": {
        "Content-Length": "0",
        "Date": "Wed, 16 Aug 2023 01:03:06 GMT",
        "ETag": "\u00220x8DB9DF48D7BE914\u0022",
        "Last-Modified": "Wed, 16 Aug 2023 01:03:07 GMT",
        "Server": [
          "Windows-Azure-File/1.0",
          "Microsoft-HTTPAPI/2.0"
        ],
        "x-ms-client-request-id": "02eb5586-fb2e-4dad-83dd-3f79e3f4c232",
        "x-ms-file-attributes": "Directory",
        "x-ms-file-change-time": "2023-08-16T01:03:07.4346260Z",
        "x-ms-file-creation-time": "2023-08-16T01:03:07.4346260Z",
        "x-ms-file-id": "13835128424026341376",
        "x-ms-file-last-write-time": "2023-08-16T01:03:07.4346260Z",
        "x-ms-file-parent-id": "0",
        "x-ms-file-permission-key": "8792472798472242479*1359530181238362790",
        "x-ms-request-id": "65beeb75-501a-0003-3add-cfc4cd000000",
        "x-ms-request-server-encrypted": "true",
        "x-ms-version": "2023-08-03"
      },
      "ResponseBody": null
    },
    {
      "RequestUri": "https://REDACTED/5c7fce6f0listfilesanddirectoriesextendedinfoargsb9599766429/5c7fce6f1listfilesanddirectoriesextendedinfoargsb9539892c19%2F5c7fce6f2listfilesanddirectoriesextendedinfoargsb951483426d0?restype=directory",
      "RequestMethod": "PUT",
      "RequestHeaders": {
        "Accept": "application/xml",
        "Authorization": "Sanitized",
        "Content-Length": "0",
        "Date": "Wed, 16 Aug 2023 01:03:06 GMT",
        "User-Agent": "azsdk-java-azure-storage-file-share/12.20.0-beta.2 (11.0.16.1; Windows 11; 10.0)",
        "x-ms-allow-trailing-dot": "false",
        "x-ms-client-request-id": "3ffe0096-b96e-414a-9036-e3aca67fc254",
        "x-ms-file-attributes": "None",
        "x-ms-file-creation-time": "Now",
        "x-ms-file-last-write-time": "Now",
        "x-ms-file-permission": "Inherit",
        "x-ms-version": "2023-08-03"
      },
      "RequestBody": null,
      "StatusCode": 201,
      "ResponseHeaders": {
        "Content-Length": "0",
        "Date": "Wed, 16 Aug 2023 01:03:06 GMT",
        "ETag": "\u00220x8DB9DF48D8CAF71\u0022",
        "Last-Modified": "Wed, 16 Aug 2023 01:03:07 GMT",
        "Server": [
          "Windows-Azure-File/1.0",
          "Microsoft-HTTPAPI/2.0"
        ],
        "x-ms-client-request-id": "3ffe0096-b96e-414a-9036-e3aca67fc254",
        "x-ms-file-attributes": "Directory",
        "x-ms-file-change-time": "2023-08-16T01:03:07.5445617Z",
        "x-ms-file-creation-time": "2023-08-16T01:03:07.5445617Z",
        "x-ms-file-id": "11529285414812647424",
        "x-ms-file-last-write-time": "2023-08-16T01:03:07.5445617Z",
        "x-ms-file-parent-id": "13835128424026341376",
        "x-ms-file-permission-key": "8792472798472242479*1359530181238362790",
        "x-ms-request-id": "65beeb76-501a-0003-3bdd-cfc4cd000000",
        "x-ms-request-server-encrypted": "true",
        "x-ms-version": "2023-08-03"
      },
      "ResponseBody": null
    },
    {
      "RequestUri": "https://REDACTED/5c7fce6f0listfilesanddirectoriesextendedinfoargsb9599766429/5c7fce6f1listfilesanddirectoriesextendedinfoargsb9539892c19%2F5c7fce6f2listfilesanddirectoriesextendedinfoargsb951483426d0%2F5c7fce6f2listfilesanddirectoriesextendedinfoargsb951483426d3",
      "RequestMethod": "PUT",
      "RequestHeaders": {
        "Accept": "application/xml",
        "Authorization": "Sanitized",
        "Content-Length": "0",
        "Date": "Wed, 16 Aug 2023 01:03:07 GMT",
        "User-Agent": "azsdk-java-azure-storage-file-share/12.20.0-beta.2 (11.0.16.1; Windows 11; 10.0)",
        "x-ms-allow-trailing-dot": "false",
        "x-ms-client-request-id": "fe2aa94c-98bd-4f3a-a83e-81cb7378a1ae",
        "x-ms-content-length": "1024",
        "x-ms-file-attributes": "None",
        "x-ms-file-creation-time": "Now",
        "x-ms-file-last-write-time": "Now",
        "x-ms-file-permission": "Inherit",
        "x-ms-type": "file",
        "x-ms-version": "2023-08-03"
      },
      "RequestBody": null,
      "StatusCode": 201,
      "ResponseHeaders": {
        "Content-Length": "0",
        "Date": "Wed, 16 Aug 2023 01:03:06 GMT",
        "ETag": "\u00220x8DB9DF48D9C1682\u0022",
        "Last-Modified": "Wed, 16 Aug 2023 01:03:07 GMT",
        "Server": [
          "Windows-Azure-File/1.0",
          "Microsoft-HTTPAPI/2.0"
        ],
        "x-ms-client-request-id": "fe2aa94c-98bd-4f3a-a83e-81cb7378a1ae",
        "x-ms-file-attributes": "Archive",
        "x-ms-file-change-time": "2023-08-16T01:03:07.6455042Z",
        "x-ms-file-creation-time": "2023-08-16T01:03:07.6455042Z",
        "x-ms-file-id": "16140971433240035328",
        "x-ms-file-last-write-time": "2023-08-16T01:03:07.6455042Z",
        "x-ms-file-parent-id": "11529285414812647424",
        "x-ms-file-permission-key": "13438439191449926184*1359530181238362790",
        "x-ms-request-id": "65beeb77-501a-0003-3cdd-cfc4cd000000",
        "x-ms-request-server-encrypted": "true",
        "x-ms-version": "2023-08-03"
      },
      "ResponseBody": null
    },
    {
      "RequestUri": "https://REDACTED/5c7fce6f0listfilesanddirectoriesextendedinfoargsb9599766429/5c7fce6f1listfilesanddirectoriesextendedinfoargsb9539892c19%2F5c7fce6f2listfilesanddirectoriesextendedinfoargsb951483426d0%2F5c7fce6f2listfilesanddirectoriesextendedinfoargsb951483426d4",
      "RequestMethod": "PUT",
      "RequestHeaders": {
        "Accept": "application/xml",
        "Authorization": "Sanitized",
        "Content-Length": "0",
        "Date": "Wed, 16 Aug 2023 01:03:07 GMT",
        "User-Agent": "azsdk-java-azure-storage-file-share/12.20.0-beta.2 (11.0.16.1; Windows 11; 10.0)",
        "x-ms-allow-trailing-dot": "false",
        "x-ms-client-request-id": "56383e21-f67e-476d-931a-ead7e73708fc",
        "x-ms-content-length": "1024",
        "x-ms-file-attributes": "None",
        "x-ms-file-creation-time": "Now",
        "x-ms-file-last-write-time": "Now",
        "x-ms-file-permission": "Inherit",
        "x-ms-type": "file",
        "x-ms-version": "2023-08-03"
      },
      "RequestBody": null,
      "StatusCode": 201,
      "ResponseHeaders": {
        "Content-Length": "0",
        "Date": "Wed, 16 Aug 2023 01:03:06 GMT",
        "ETag": "\u00220x8DB9DF48DAB7D8F\u0022",
        "Last-Modified": "Wed, 16 Aug 2023 01:03:07 GMT",
        "Server": [
          "Windows-Azure-File/1.0",
          "Microsoft-HTTPAPI/2.0"
        ],
        "x-ms-client-request-id": "56383e21-f67e-476d-931a-ead7e73708fc",
        "x-ms-file-attributes": "Archive",
        "x-ms-file-change-time": "2023-08-16T01:03:07.7464463Z",
        "x-ms-file-creation-time": "2023-08-16T01:03:07.7464463Z",
        "x-ms-file-id": "10376363910205800448",
        "x-ms-file-last-write-time": "2023-08-16T01:03:07.7464463Z",
        "x-ms-file-parent-id": "11529285414812647424",
        "x-ms-file-permission-key": "13438439191449926184*1359530181238362790",
        "x-ms-request-id": "65beeb78-501a-0003-3ddd-cfc4cd000000",
        "x-ms-request-server-encrypted": "true",
        "x-ms-version": "2023-08-03"
      },
      "ResponseBody": null
    },
    {
      "RequestUri": "https://REDACTED/5c7fce6f0listfilesanddirectoriesextendedinfoargsb9599766429/5c7fce6f1listfilesanddirectoriesextendedinfoargsb9539892c19%2F5c7fce6f2listfilesanddirectoriesextendedinfoargsb951483426d1?restype=directory",
      "RequestMethod": "PUT",
      "RequestHeaders": {
        "Accept": "application/xml",
        "Authorization": "Sanitized",
        "Content-Length": "0",
        "Date": "Wed, 16 Aug 2023 01:03:07 GMT",
        "User-Agent": "azsdk-java-azure-storage-file-share/12.20.0-beta.2 (11.0.16.1; Windows 11; 10.0)",
        "x-ms-allow-trailing-dot": "false",
        "x-ms-client-request-id": "23e4ecbf-5901-4531-9c21-0a361ec3cb2b",
        "x-ms-file-attributes": "None",
        "x-ms-file-creation-time": "Now",
        "x-ms-file-last-write-time": "Now",
        "x-ms-file-permission": "Inherit",
        "x-ms-version": "2023-08-03"
      },
      "RequestBody": null,
      "StatusCode": 201,
      "ResponseHeaders": {
        "Content-Length": "0",
        "Date": "Wed, 16 Aug 2023 01:03:06 GMT",
        "ETag": "\u00220x8DB9DF48DBAE491\u0022",
        "Last-Modified": "Wed, 16 Aug 2023 01:03:07 GMT",
        "Server": [
          "Windows-Azure-File/1.0",
          "Microsoft-HTTPAPI/2.0"
        ],
        "x-ms-client-request-id": "23e4ecbf-5901-4531-9c21-0a361ec3cb2b",
        "x-ms-file-attributes": "Directory",
        "x-ms-file-change-time": "2023-08-16T01:03:07.8473873Z",
        "x-ms-file-creation-time": "2023-08-16T01:03:07.8473873Z",
        "x-ms-file-id": "14988049928633188352",
        "x-ms-file-last-write-time": "2023-08-16T01:03:07.8473873Z",
        "x-ms-file-parent-id": "13835128424026341376",
        "x-ms-file-permission-key": "8792472798472242479*1359530181238362790",
        "x-ms-request-id": "65beeb79-501a-0003-3edd-cfc4cd000000",
        "x-ms-request-server-encrypted": "true",
        "x-ms-version": "2023-08-03"
      },
      "ResponseBody": null
    },
    {
      "RequestUri": "https://REDACTED/5c7fce6f0listfilesanddirectoriesextendedinfoargsb9599766429/5c7fce6f1listfilesanddirectoriesextendedinfoargsb9539892c19%2F5c7fce6f2listfilesanddirectoriesextendedinfoargsb951483426d1%2F5c7fce6f2listfilesanddirectoriesextendedinfoargsb951483426d5",
      "RequestMethod": "PUT",
      "RequestHeaders": {
        "Accept": "application/xml",
        "Authorization": "Sanitized",
        "Content-Length": "0",
        "Date": "Wed, 16 Aug 2023 01:03:07 GMT",
        "User-Agent": "azsdk-java-azure-storage-file-share/12.20.0-beta.2 (11.0.16.1; Windows 11; 10.0)",
        "x-ms-allow-trailing-dot": "false",
        "x-ms-client-request-id": "520f9558-a6b4-4fb4-ad1f-eb20c368b217",
        "x-ms-content-length": "1024",
        "x-ms-file-attributes": "None",
        "x-ms-file-creation-time": "Now",
        "x-ms-file-last-write-time": "Now",
        "x-ms-file-permission": "Inherit",
        "x-ms-type": "file",
        "x-ms-version": "2023-08-03"
      },
      "RequestBody": null,
      "StatusCode": 201,
      "ResponseHeaders": {
        "Content-Length": "0",
        "Date": "Wed, 16 Aug 2023 01:03:07 GMT",
        "ETag": "\u00220x8DB9DF48DCA2498\u0022",
        "Last-Modified": "Wed, 16 Aug 2023 01:03:07 GMT",
        "Server": [
          "Windows-Azure-File/1.0",
          "Microsoft-HTTPAPI/2.0"
        ],
        "x-ms-client-request-id": "520f9558-a6b4-4fb4-ad1f-eb20c368b217",
        "x-ms-file-attributes": "Archive",
        "x-ms-file-change-time": "2023-08-16T01:03:07.9473304Z",
        "x-ms-file-creation-time": "2023-08-16T01:03:07.9473304Z",
        "x-ms-file-id": "12682206919419494400",
        "x-ms-file-last-write-time": "2023-08-16T01:03:07.9473304Z",
        "x-ms-file-parent-id": "14988049928633188352",
        "x-ms-file-permission-key": "13438439191449926184*1359530181238362790",
        "x-ms-request-id": "65beeb7a-501a-0003-3fdd-cfc4cd000000",
        "x-ms-request-server-encrypted": "true",
        "x-ms-version": "2023-08-03"
      },
      "ResponseBody": null
    },
    {
      "RequestUri": "https://REDACTED/5c7fce6f0listfilesanddirectoriesextendedinfoargsb9599766429/5c7fce6f1listfilesanddirectoriesextendedinfoargsb9539892c19%2F5c7fce6f2listfilesanddirectoriesextendedinfoargsb951483426d1%2F5c7fce6f2listfilesanddirectoriesextendedinfoargsb951483426d6",
      "RequestMethod": "PUT",
      "RequestHeaders": {
        "Accept": "application/xml",
        "Authorization": "Sanitized",
        "Content-Length": "0",
        "Date": "Wed, 16 Aug 2023 01:03:07 GMT",
        "User-Agent": "azsdk-java-azure-storage-file-share/12.20.0-beta.2 (11.0.16.1; Windows 11; 10.0)",
        "x-ms-allow-trailing-dot": "false",
        "x-ms-client-request-id": "134bbd7e-3743-413d-aa45-0faaeecf25d8",
        "x-ms-content-length": "1024",
        "x-ms-file-attributes": "None",
        "x-ms-file-creation-time": "Now",
        "x-ms-file-last-write-time": "Now",
        "x-ms-file-permission": "Inherit",
        "x-ms-type": "file",
        "x-ms-version": "2023-08-03"
      },
      "RequestBody": null,
      "StatusCode": 201,
      "ResponseHeaders": {
        "Content-Length": "0",
        "Date": "Wed, 16 Aug 2023 01:03:07 GMT",
        "ETag": "\u00220x8DB9DF48DD98B9D\u0022",
        "Last-Modified": "Wed, 16 Aug 2023 01:03:08 GMT",
        "Server": [
          "Windows-Azure-File/1.0",
          "Microsoft-HTTPAPI/2.0"
        ],
        "x-ms-client-request-id": "134bbd7e-3743-413d-aa45-0faaeecf25d8",
        "x-ms-file-attributes": "Archive",
        "x-ms-file-change-time": "2023-08-16T01:03:08.0482717Z",
        "x-ms-file-creation-time": "2023-08-16T01:03:08.0482717Z",
        "x-ms-file-id": "17293892937846882304",
        "x-ms-file-last-write-time": "2023-08-16T01:03:08.0482717Z",
        "x-ms-file-parent-id": "14988049928633188352",
        "x-ms-file-permission-key": "13438439191449926184*1359530181238362790",
        "x-ms-request-id": "65beeb7b-501a-0003-40dd-cfc4cd000000",
        "x-ms-request-server-encrypted": "true",
        "x-ms-version": "2023-08-03"
      },
      "ResponseBody": null
    },
    {
      "RequestUri": "https://REDACTED/5c7fce6f0listfilesanddirectoriesextendedinfoargsb9599766429/5c7fce6f1listfilesanddirectoriesextendedinfoargsb9539892c19%2F5c7fce6f2listfilesanddirectoriesextendedinfoargsb951483426d2",
      "RequestMethod": "PUT",
      "RequestHeaders": {
        "Accept": "application/xml",
        "Authorization": "Sanitized",
        "Content-Length": "0",
        "Date": "Wed, 16 Aug 2023 01:03:07 GMT",
        "User-Agent": "azsdk-java-azure-storage-file-share/12.20.0-beta.2 (11.0.16.1; Windows 11; 10.0)",
        "x-ms-allow-trailing-dot": "false",
        "x-ms-client-request-id": "e7b291d7-eaef-4b04-9582-58ad83b5f6a1",
        "x-ms-content-length": "1024",
        "x-ms-file-attributes": "None",
        "x-ms-file-creation-time": "Now",
        "x-ms-file-last-write-time": "Now",
        "x-ms-file-permission": "Inherit",
        "x-ms-type": "file",
        "x-ms-version": "2023-08-03"
      },
      "RequestBody": null,
      "StatusCode": 201,
      "ResponseHeaders": {
        "Content-Length": "0",
        "Date": "Wed, 16 Aug 2023 01:03:07 GMT",
        "ETag": "\u00220x8DB9DF48DE8F2AC\u0022",
        "Last-Modified": "Wed, 16 Aug 2023 01:03:08 GMT",
        "Server": [
          "Windows-Azure-File/1.0",
          "Microsoft-HTTPAPI/2.0"
        ],
        "x-ms-client-request-id": "e7b291d7-eaef-4b04-9582-58ad83b5f6a1",
        "x-ms-file-attributes": "Archive",
        "x-ms-file-change-time": "2023-08-16T01:03:08.1492140Z",
        "x-ms-file-creation-time": "2023-08-16T01:03:08.1492140Z",
        "x-ms-file-id": "9799903157902376960",
        "x-ms-file-last-write-time": "2023-08-16T01:03:08.1492140Z",
        "x-ms-file-parent-id": "13835128424026341376",
        "x-ms-file-permission-key": "13438439191449926184*1359530181238362790",
        "x-ms-request-id": "65beeb7c-501a-0003-41dd-cfc4cd000000",
        "x-ms-request-server-encrypted": "true",
        "x-ms-version": "2023-08-03"
      },
      "ResponseBody": null
    },
    {
      "RequestUri": "https://REDACTED/5c7fce6f0listfilesanddirectoriesextendedinfoargsb9599766429/5c7fce6f1listfilesanddirectoriesextendedinfoargsb9539892c19?restype=directory\u0026comp=list\u0026prefix=5c7fce6f",
      "RequestMethod": "GET",
      "RequestHeaders": {
        "Accept": "application/xml",
        "Authorization": "Sanitized",
        "Content-Length": "0",
        "Date": "Wed, 16 Aug 2023 01:03:07 GMT",
        "User-Agent": "azsdk-java-azure-storage-file-share/12.20.0-beta.2 (11.0.16.1; Windows 11; 10.0)",
        "x-ms-allow-trailing-dot": "false",
        "x-ms-client-request-id": "c7314bcc-ed96-407a-8ca9-dfa9001ca4f6",
        "x-ms-file-extended-info": "true",
        "x-ms-version": "2023-08-03"
      },
      "RequestBody": null,
      "StatusCode": 200,
      "ResponseHeaders": {
        "Access-Control-Allow-Origin": "*",
        "Access-Control-Expose-Headers": "x-ms-request-id,x-ms-client-request-id,Server,x-ms-version,Content-Type,Content-Length,Date,Transfer-Encoding",
        "Content-Type": "application/xml",
        "Date": "Wed, 16 Aug 2023 01:03:07 GMT",
        "Server": [
          "Windows-Azure-File/1.0",
          "Microsoft-HTTPAPI/2.0"
        ],
        "Transfer-Encoding": "chunked",
        "x-ms-client-request-id": "c7314bcc-ed96-407a-8ca9-dfa9001ca4f6",
        "x-ms-request-id": "65beeb7d-501a-0003-42dd-cfc4cd000000",
        "x-ms-version": "2023-08-03"
      },
      "ResponseBody": "\uFEFF\u003C?xml version=\u00221.0\u0022 encoding=\u0022utf-8\u0022?\u003E\u003CEnumerationResults ServiceEndpoint=\u0022https://sdkfileoauthsa.file.core.windows.net/\u0022 ShareName=\u00225c7fce6f0listfilesanddirectoriesextendedinfoargsb9599766429\u0022 DirectoryPath=\u00225c7fce6f1listfilesanddirectoriesextendedinfoargsb9539892c19\u0022\u003E\u003CPrefix\u003E5c7fce6f\u003C/Prefix\u003E\u003CDirectoryId\u003E13835128424026341376\u003C/DirectoryId\u003E\u003CEntries\u003E\u003CDirectory\u003E\u003CName\u003E5c7fce6f2listfilesanddirectoriesextendedinfoargsb951483426d0\u003C/Name\u003E\u003CFileId\u003E11529285414812647424\u003C/FileId\u003E\u003CProperties /\u003E\u003C/Directory\u003E\u003CDirectory\u003E\u003CName\u003E5c7fce6f2listfilesanddirectoriesextendedinfoargsb951483426d1\u003C/Name\u003E\u003CFileId\u003E14988049928633188352\u003C/FileId\u003E\u003CProperties /\u003E\u003C/Directory\u003E\u003CFile\u003E\u003CName\u003E5c7fce6f2listfilesanddirectoriesextendedinfoargsb951483426d2\u003C/Name\u003E\u003CFileId\u003E9799903157902376960\u003C/FileId\u003E\u003CProperties\u003E\u003CContent-Length\u003E1024\u003C/Content-Length\u003E\u003C/Properties\u003E\u003C/File\u003E\u003C/Entries\u003E\u003CNextMarker /\u003E\u003C/EnumerationResults\u003E"
    }
  ],
  "Variables": {
    "0": "5c7fce6f0listfilesanddirectoriesextendedinfoargsb9599766429",
    "1": "5c7fce6f1listfilesanddirectoriesextendedinfoargsb9539892c19",
    "2": "5c7fce6f2listfilesanddirectoriesextendedinfoargsb951483426d"
  }
}
