{
  "Entries": [
    {
      "RequestUri": "https://REDACTED/fff70b2e0listmaxresultsbypagebac19239b0588ba7bf424?restype=share",
      "RequestMethod": "PUT",
      "RequestHeaders": {
        "Accept": "application/xml",
        "Authorization": "Sanitized",
        "Content-Length": "0",
        "Date": "Wed, 05 Feb 2025 18:29:20 GMT",
        "User-Agent": "azsdk-java-azure-storage-file-share/12.26.0-beta.1 (17.0.12; Windows 11; 10.0)",
        "x-ms-client-request-id": "Sanitized",
        "x-ms-version": "2025-05-05"
      },
      "RequestBody": null,
      "StatusCode": 201,
      "ResponseHeaders": {
        "Content-Length": "0",
        "Date": "Wed, 05 Feb 2025 18:29:20 GMT",
        "ETag": "\"0x8DD4613022A9377\"",
        "Last-Modified": "Wed, 05 Feb 2025 18:29:21 GMT",
        "Server": [
          "Windows-Azure-File/1.0",
          "Microsoft-HTTPAPI/2.0"
        ],
        "x-ms-client-request-id": "Sanitized",
        "x-ms-request-id": "Sanitized",
        "x-ms-version": "2025-05-05"
      },
      "ResponseBody": null
    },
    {
      "RequestUri": "https://REDACTED/fff70b2e0listmaxresultsbypagebac19239b0588ba7bf424/fff70b2e1listmaxresultsbypagebac49216322cf20ed8584?restype=directory",
      "RequestMethod": "PUT",
      "RequestHeaders": {
        "Accept": "application/xml",
        "Authorization": "Sanitized",
        "Content-Length": "0",
        "Date": "Wed, 05 Feb 2025 18:29:21 GMT",
        "User-Agent": "azsdk-java-azure-storage-file-share/12.26.0-beta.1 (17.0.12; Windows 11; 10.0)",
        "x-ms-allow-trailing-dot": "false",
        "x-ms-client-request-id": "Sanitized",
        "x-ms-version": "2025-05-05"
      },
      "RequestBody": null,
      "StatusCode": 201,
      "ResponseHeaders": {
        "Content-Length": "0",
        "Date": "Wed, 05 Feb 2025 18:29:20 GMT",
        "ETag": "\"0x8DD46130245C17F\"",
        "Last-Modified": "Wed, 05 Feb 2025 18:29:21 GMT",
        "Server": [
          "Windows-Azure-File/1.0",
          "Microsoft-HTTPAPI/2.0"
        ],
        "x-ms-client-request-id": "Sanitized",
        "x-ms-file-attributes": "Directory",
        "x-ms-file-change-time": "2025-02-05T18:29:21.2927359Z",
        "x-ms-file-creation-time": "2025-02-05T18:29:21.2927359Z",
        "x-ms-file-id": "13835128424026341376",
        "x-ms-file-last-write-time": "2025-02-05T18:29:21.2927359Z",
        "x-ms-file-parent-id": "0",
        "x-ms-file-permission-key": "6308620360510780710*4564291401320309423",
        "x-ms-request-id": "Sanitized",
        "x-ms-request-server-encrypted": "true",
        "x-ms-version": "2025-05-05"
      },
      "ResponseBody": null
    },
    {
      "RequestUri": "https://REDACTED/fff70b2e0listmaxresultsbypagebac19239b0588ba7bf424/fff70b2e1listmaxresultsbypagebac49216322cf20ed8584%2Ffff70b2e2listmaxresultsbypagebac651986b19a9fbe17040?restype=directory",
      "RequestMethod": "PUT",
      "RequestHeaders": {
        "Accept": "application/xml",
        "Authorization": "Sanitized",
        "Content-Length": "0",
        "Date": "Wed, 05 Feb 2025 18:29:21 GMT",
        "User-Agent": "azsdk-java-azure-storage-file-share/12.26.0-beta.1 (17.0.12; Windows 11; 10.0)",
        "x-ms-allow-trailing-dot": "false",
        "x-ms-client-request-id": "Sanitized",
        "x-ms-version": "2025-05-05"
      },
      "RequestBody": null,
      "StatusCode": 201,
      "ResponseHeaders": {
        "Content-Length": "0",
        "Date": "Wed, 05 Feb 2025 18:29:20 GMT",
        "ETag": "\"0x8DD46130258AA6D\"",
        "Last-Modified": "Wed, 05 Feb 2025 18:29:21 GMT",
        "Server": [
          "Windows-Azure-File/1.0",
          "Microsoft-HTTPAPI/2.0"
        ],
        "x-ms-client-request-id": "Sanitized",
        "x-ms-file-attributes": "Directory",
        "x-ms-file-change-time": "2025-02-05T18:29:21.4166637Z",
        "x-ms-file-creation-time": "2025-02-05T18:29:21.4166637Z",
        "x-ms-file-id": "13835093239654252544",
        "x-ms-file-last-write-time": "2025-02-05T18:29:21.4166637Z",
        "x-ms-file-parent-id": "13835128424026341376",
        "x-ms-file-permission-key": "6308620360510780710*4564291401320309423",
        "x-ms-request-id": "Sanitized",
        "x-ms-request-server-encrypted": "true",
        "x-ms-version": "2025-05-05"
      },
      "ResponseBody": null
    },
    {
      "RequestUri": "https://REDACTED/fff70b2e0listmaxresultsbypagebac19239b0588ba7bf424/fff70b2e1listmaxresultsbypagebac49216322cf20ed8584%2Ffff70b2e2listmaxresultsbypagebac651986b19a9fbe17040%2Ffff70b2e2listmaxresultsbypagebac651986b19a9fbe17043",
      "RequestMethod": "PUT",
      "RequestHeaders": {
        "Accept": "application/xml",
        "Authorization": "Sanitized",
        "Content-Length": "0",
        "Date": "Wed, 05 Feb 2025 18:29:21 GMT",
        "User-Agent": "azsdk-java-azure-storage-file-share/12.26.0-beta.1 (17.0.12; Windows 11; 10.0)",
        "x-ms-allow-trailing-dot": "false",
        "x-ms-client-request-id": "Sanitized",
        "x-ms-content-length": "1024",
        "x-ms-type": "file",
        "x-ms-version": "2025-05-05"
      },
      "RequestBody": null,
      "StatusCode": 201,
      "ResponseHeaders": {
        "Content-Length": "0",
        "Date": "Wed, 05 Feb 2025 18:29:21 GMT",
        "ETag": "\"0x8DD46130264DD9D\"",
        "Last-Modified": "Wed, 05 Feb 2025 18:29:21 GMT",
        "Server": [
          "Windows-Azure-File/1.0",
          "Microsoft-HTTPAPI/2.0"
        ],
        "x-ms-client-request-id": "Sanitized",
        "x-ms-file-attributes": "Archive",
        "x-ms-file-change-time": "2025-02-05T18:29:21.4966173Z",
        "x-ms-file-creation-time": "2025-02-05T18:29:21.4966173Z",
        "x-ms-file-id": "13835163608398430208",
        "x-ms-file-last-write-time": "2025-02-05T18:29:21.4966173Z",
        "x-ms-file-parent-id": "13835093239654252544",
        "x-ms-file-permission-key": "10950351419671890465*4564291401320309423",
        "x-ms-request-id": "Sanitized",
        "x-ms-request-server-encrypted": "true",
        "x-ms-version": "2025-05-05"
      },
      "ResponseBody": null
    },
    {
      "RequestUri": "https://REDACTED/fff70b2e0listmaxresultsbypagebac19239b0588ba7bf424/fff70b2e1listmaxresultsbypagebac49216322cf20ed8584%2Ffff70b2e2listmaxresultsbypagebac651986b19a9fbe17040%2Ffff70b2e2listmaxresultsbypagebac651986b19a9fbe17044",
      "RequestMethod": "PUT",
      "RequestHeaders": {
        "Accept": "application/xml",
        "Authorization": "Sanitized",
        "Content-Length": "0",
        "Date": "Wed, 05 Feb 2025 18:29:21 GMT",
        "User-Agent": "azsdk-java-azure-storage-file-share/12.26.0-beta.1 (17.0.12; Windows 11; 10.0)",
        "x-ms-allow-trailing-dot": "false",
        "x-ms-client-request-id": "Sanitized",
        "x-ms-content-length": "1024",
        "x-ms-type": "file",
        "x-ms-version": "2025-05-05"
      },
      "RequestBody": null,
      "StatusCode": 201,
      "ResponseHeaders": {
        "Content-Length": "0",
        "Date": "Wed, 05 Feb 2025 18:29:20 GMT",
        "ETag": "\"0x8DD461302730C5B\"",
        "Last-Modified": "Wed, 05 Feb 2025 18:29:21 GMT",
        "Server": [
          "Windows-Azure-File/1.0",
          "Microsoft-HTTPAPI/2.0"
        ],
        "x-ms-client-request-id": "Sanitized",
        "x-ms-file-attributes": "Archive",
        "x-ms-file-change-time": "2025-02-05T18:29:21.5895643Z",
        "x-ms-file-creation-time": "2025-02-05T18:29:21.5895643Z",
        "x-ms-file-id": "13835075647468208128",
        "x-ms-file-last-write-time": "2025-02-05T18:29:21.5895643Z",
        "x-ms-file-parent-id": "13835093239654252544",
        "x-ms-file-permission-key": "10950351419671890465*4564291401320309423",
        "x-ms-request-id": "Sanitized",
        "x-ms-request-server-encrypted": "true",
        "x-ms-version": "2025-05-05"
      },
      "ResponseBody": null
    },
    {
      "RequestUri": "https://REDACTED/fff70b2e0listmaxresultsbypagebac19239b0588ba7bf424/fff70b2e1listmaxresultsbypagebac49216322cf20ed8584%2Ffff70b2e2listmaxresultsbypagebac651986b19a9fbe17041?restype=directory",
      "RequestMethod": "PUT",
      "RequestHeaders": {
        "Accept": "application/xml",
        "Authorization": "Sanitized",
        "Content-Length": "0",
        "Date": "Wed, 05 Feb 2025 18:29:21 GMT",
        "User-Agent": "azsdk-java-azure-storage-file-share/12.26.0-beta.1 (17.0.12; Windows 11; 10.0)",
        "x-ms-allow-trailing-dot": "false",
        "x-ms-client-request-id": "Sanitized",
        "x-ms-version": "2025-05-05"
      },
      "RequestBody": null,
      "StatusCode": 201,
      "ResponseHeaders": {
        "Content-Length": "0",
        "Date": "Wed, 05 Feb 2025 18:29:21 GMT",
        "ETag": "\"0x8DD4613027DB924\"",
        "Last-Modified": "Wed, 05 Feb 2025 18:29:21 GMT",
        "Server": [
          "Windows-Azure-File/1.0",
          "Microsoft-HTTPAPI/2.0"
        ],
        "x-ms-client-request-id": "Sanitized",
        "x-ms-file-attributes": "Directory",
        "x-ms-file-change-time": "2025-02-05T18:29:21.6595236Z",
        "x-ms-file-creation-time": "2025-02-05T18:29:21.6595236Z",
        "x-ms-file-id": "11529232638254514176",
        "x-ms-file-last-write-time": "2025-02-05T18:29:21.6595236Z",
        "x-ms-file-parent-id": "13835128424026341376",
        "x-ms-file-permission-key": "6308620360510780710*4564291401320309423",
        "x-ms-request-id": "Sanitized",
        "x-ms-request-server-encrypted": "true",
        "x-ms-version": "2025-05-05"
      },
      "ResponseBody": null
    },
    {
      "RequestUri": "https://REDACTED/fff70b2e0listmaxresultsbypagebac19239b0588ba7bf424/fff70b2e1listmaxresultsbypagebac49216322cf20ed8584%2Ffff70b2e2listmaxresultsbypagebac651986b19a9fbe17041%2Ffff70b2e2listmaxresultsbypagebac651986b19a9fbe17045",
      "RequestMethod": "PUT",
      "RequestHeaders": {
        "Accept": "application/xml",
        "Authorization": "Sanitized",
        "Content-Length": "0",
        "Date": "Wed, 05 Feb 2025 18:29:21 GMT",
        "User-Agent": "azsdk-java-azure-storage-file-share/12.26.0-beta.1 (17.0.12; Windows 11; 10.0)",
        "x-ms-allow-trailing-dot": "false",
        "x-ms-client-request-id": "Sanitized",
        "x-ms-content-length": "1024",
        "x-ms-type": "file",
        "x-ms-version": "2025-05-05"
      },
      "RequestBody": null,
      "StatusCode": 201,
      "ResponseHeaders": {
        "Content-Length": "0",
        "Date": "Wed, 05 Feb 2025 18:29:21 GMT",
        "ETag": "\"0x8DD4613028A3A70\"",
        "Last-Modified": "Wed, 05 Feb 2025 18:29:21 GMT",
        "Server": [
          "Windows-Azure-File/1.0",
          "Microsoft-HTTPAPI/2.0"
        ],
        "x-ms-client-request-id": "Sanitized",
        "x-ms-file-attributes": "Archive",
        "x-ms-file-change-time": "2025-02-05T18:29:21.7414768Z",
        "x-ms-file-creation-time": "2025-02-05T18:29:21.7414768Z",
        "x-ms-file-id": "16140918656681902080",
        "x-ms-file-last-write-time": "2025-02-05T18:29:21.7414768Z",
        "x-ms-file-parent-id": "11529232638254514176",
        "x-ms-file-permission-key": "10950351419671890465*4564291401320309423",
        "x-ms-request-id": "Sanitized",
        "x-ms-request-server-encrypted": "true",
        "x-ms-version": "2025-05-05"
      },
      "ResponseBody": null
    },
    {
      "RequestUri": "https://REDACTED/fff70b2e0listmaxresultsbypagebac19239b0588ba7bf424/fff70b2e1listmaxresultsbypagebac49216322cf20ed8584%2Ffff70b2e2listmaxresultsbypagebac651986b19a9fbe17041%2Ffff70b2e2listmaxresultsbypagebac651986b19a9fbe17046",
      "RequestMethod": "PUT",
      "RequestHeaders": {
        "Accept": "application/xml",
        "Authorization": "Sanitized",
        "Content-Length": "0",
        "Date": "Wed, 05 Feb 2025 18:29:21 GMT",
        "User-Agent": "azsdk-java-azure-storage-file-share/12.26.0-beta.1 (17.0.12; Windows 11; 10.0)",
        "x-ms-allow-trailing-dot": "false",
        "x-ms-client-request-id": "Sanitized",
        "x-ms-content-length": "1024",
        "x-ms-type": "file",
        "x-ms-version": "2025-05-05"
      },
      "RequestBody": null,
      "StatusCode": 201,
      "ResponseHeaders": {
        "Content-Length": "0",
        "Date": "Wed, 05 Feb 2025 18:29:21 GMT",
        "ETag": "\"0x8DD461302953554\"",
        "Last-Modified": "Wed, 05 Feb 2025 18:29:21 GMT",
        "Server": [
          "Windows-Azure-File/1.0",
          "Microsoft-HTTPAPI/2.0"
        ],
        "x-ms-client-request-id": "Sanitized",
        "x-ms-file-attributes": "Archive",
        "x-ms-file-change-time": "2025-02-05T18:29:21.8134356Z",
        "x-ms-file-creation-time": "2025-02-05T18:29:21.8134356Z",
        "x-ms-file-id": "10376311133647667200",
        "x-ms-file-last-write-time": "2025-02-05T18:29:21.8134356Z",
        "x-ms-file-parent-id": "11529232638254514176",
        "x-ms-file-permission-key": "10950351419671890465*4564291401320309423",
        "x-ms-request-id": "Sanitized",
        "x-ms-request-server-encrypted": "true",
        "x-ms-version": "2025-05-05"
      },
      "ResponseBody": null
    },
    {
      "RequestUri": "https://REDACTED/fff70b2e0listmaxresultsbypagebac19239b0588ba7bf424/fff70b2e1listmaxresultsbypagebac49216322cf20ed8584?restype=directory&comp=list&prefix=fff70b2e&maxresults=1",
      "RequestMethod": "GET",
      "RequestHeaders": {
        "Accept": "application/xml",
        "Authorization": "Sanitized",
        "Content-Length": "0",
        "Date": "Wed, 05 Feb 2025 18:29:21 GMT",
        "User-Agent": "azsdk-java-azure-storage-file-share/12.26.0-beta.1 (17.0.12; Windows 11; 10.0)",
        "x-ms-allow-trailing-dot": "false",
        "x-ms-client-request-id": "Sanitized",
        "x-ms-version": "2025-05-05"
      },
      "RequestBody": null,
      "StatusCode": 200,
      "ResponseHeaders": {
        "Content-Type": "application/xml",
        "Date": "Wed, 05 Feb 2025 18:29:21 GMT",
        "Server": [
          "Windows-Azure-File/1.0",
          "Microsoft-HTTPAPI/2.0"
        ],
        "Transfer-Encoding": "chunked",
        "x-ms-client-request-id": "Sanitized",
        "x-ms-request-id": "Sanitized",
        "x-ms-version": "2025-05-05"
      },
      "ResponseBody": "\uFEFF<?xml version=\"1.0\" encoding=\"utf-8\"?><EnumerationResults ServiceEndpoint=\"https://ibrandesstorage.file.core.windows.net/\" ShareName=\"fff70b2e0listmaxresultsbypagebac19239b0588ba7bf424\" DirectoryPath=\"fff70b2e1listmaxresultsbypagebac49216322cf20ed8584\"><Prefix>fff70b2e</Prefix><MaxResults>1</MaxResults><DirectoryId>13835128424026341376</DirectoryId><Entries><Directory><Name>fff70b2e2listmaxresultsbypagebac651986b19a9fbe17040</Name><FileId>13835093239654252544</FileId><Properties /></Directory></Entries><NextMarker>1!68!ZmZmNzBiMmUybGlzdG1heHJlc3VsdHNieXBhZ2ViYWM2NTE5ODZiMTlhOWZiZTE3MDQx</NextMarker></EnumerationResults>"
    },
    {
      "RequestUri": "https://REDACTED/fff70b2e0listmaxresultsbypagebac19239b0588ba7bf424/fff70b2e1listmaxresultsbypagebac49216322cf20ed8584?restype=directory&comp=list&prefix=fff70b2e&marker=1%2168%21ZmZmNzBiMmUybGlzdG1heHJlc3VsdHNieXBhZ2ViYWM2NTE5ODZiMTlhOWZiZTE3MDQx&maxresults=1",
      "RequestMethod": "GET",
      "RequestHeaders": {
        "Accept": "application/xml",
        "Authorization": "Sanitized",
        "Content-Length": "0",
        "Date": "Wed, 05 Feb 2025 18:29:22 GMT",
        "User-Agent": "azsdk-java-azure-storage-file-share/12.26.0-beta.1 (17.0.12; Windows 11; 10.0)",
        "x-ms-allow-trailing-dot": "false",
        "x-ms-client-request-id": "Sanitized",
        "x-ms-version": "2025-05-05"
      },
      "RequestBody": null,
      "StatusCode": 200,
      "ResponseHeaders": {
        "Content-Type": "application/xml",
        "Date": "Wed, 05 Feb 2025 18:29:21 GMT",
        "Server": [
          "Windows-Azure-File/1.0",
          "Microsoft-HTTPAPI/2.0"
        ],
        "Transfer-Encoding": "chunked",
        "x-ms-client-request-id": "Sanitized",
        "x-ms-request-id": "Sanitized",
        "x-ms-version": "2025-05-05"
      },
      "ResponseBody": "\uFEFF<?xml version=\"1.0\" encoding=\"utf-8\"?><EnumerationResults ServiceEndpoint=\"https://ibrandesstorage.file.core.windows.net/\" ShareName=\"fff70b2e0listmaxresultsbypagebac19239b0588ba7bf424\" DirectoryPath=\"fff70b2e1listmaxresultsbypagebac49216322cf20ed8584\"><Prefix>fff70b2e</Prefix><Marker>1!68!ZmZmNzBiMmUybGlzdG1heHJlc3VsdHNieXBhZ2ViYWM2NTE5ODZiMTlhOWZiZTE3MDQx</Marker><MaxResults>1</MaxResults><DirectoryId>13835128424026341376</DirectoryId><Entries><Directory><Name>fff70b2e2listmaxresultsbypagebac651986b19a9fbe17041</Name><FileId>11529232638254514176</FileId><Properties /></Directory></Entries><NextMarker /></EnumerationResults>"
    }
  ],
  "Variables": {
    "0": "fff70b2e0listmaxresultsbypagebac19239b0588ba7bf424",
    "1": "fff70b2e1listmaxresultsbypagebac49216322cf20ed8584",
    "2": "fff70b2e2listmaxresultsbypagebac651986b19a9fbe1704"
  }
}
