{
  "Entries": [
    {
      "RequestUri": "https://REDACTED/0433ffec0renamereplaceifexists2fb62994285765349f67?restype=share",
      "RequestMethod": "PUT",
      "RequestHeaders": {
        "Accept": "application/xml",
        "Authorization": "Sanitized",
        "Content-Length": "0",
        "Date": "Fri, 18 Aug 2023 21:39:30 GMT",
        "User-Agent": "azsdk-java-azure-storage-file-share/12.20.0-beta.2 (11.0.16.1; Windows 11; 10.0)",
        "x-ms-client-request-id": "b52c727a-5fdb-48d3-b25e-4b078db7b689",
        "x-ms-version": "2023-08-03"
      },
      "RequestBody": null,
      "StatusCode": 201,
      "ResponseHeaders": {
        "Content-Length": "0",
        "Date": "Fri, 18 Aug 2023 21:39:30 GMT",
        "ETag": "\u00220x8DBA0339B88F3BD\u0022",
        "Last-Modified": "Fri, 18 Aug 2023 21:39:31 GMT",
        "Server": [
          "Windows-Azure-File/1.0",
          "Microsoft-HTTPAPI/2.0"
        ],
        "x-ms-client-request-id": "b52c727a-5fdb-48d3-b25e-4b078db7b689",
        "x-ms-request-id": "07318aac-901a-000c-471c-d2b2a1000000",
        "x-ms-version": "2023-08-03"
      },
      "ResponseBody": null
    },
    {
      "RequestUri": "https://REDACTED/0433ffec0renamereplaceifexists2fb62994285765349f67/0433ffec1renamereplaceifexists2fb9484990ca1f172b1b?restype=directory",
      "RequestMethod": "PUT",
      "RequestHeaders": {
        "Accept": "application/xml",
        "Authorization": "Sanitized",
        "Content-Length": "0",
        "Date": "Fri, 18 Aug 2023 21:39:30 GMT",
        "User-Agent": "azsdk-java-azure-storage-file-share/12.20.0-beta.2 (11.0.16.1; Windows 11; 10.0)",
        "x-ms-allow-trailing-dot": "false",
        "x-ms-client-request-id": "c4daa3d2-d55a-478f-a6f4-6c9b6b55bb1a",
        "x-ms-file-attributes": "None",
        "x-ms-file-creation-time": "Now",
        "x-ms-file-last-write-time": "Now",
        "x-ms-file-permission": "Inherit",
        "x-ms-version": "2023-08-03"
      },
      "RequestBody": null,
      "StatusCode": 201,
      "ResponseHeaders": {
        "Content-Length": "0",
        "Date": "Fri, 18 Aug 2023 21:39:30 GMT",
        "ETag": "\u00220x8DBA0339B98BBCB\u0022",
        "Last-Modified": "Fri, 18 Aug 2023 21:39:31 GMT",
        "Server": [
          "Windows-Azure-File/1.0",
          "Microsoft-HTTPAPI/2.0"
        ],
        "x-ms-client-request-id": "c4daa3d2-d55a-478f-a6f4-6c9b6b55bb1a",
        "x-ms-file-attributes": "Directory",
        "x-ms-file-change-time": "2023-08-18T21:39:31.7311435Z",
        "x-ms-file-creation-time": "2023-08-18T21:39:31.7311435Z",
        "x-ms-file-id": "13835128424026341376",
        "x-ms-file-last-write-time": "2023-08-18T21:39:31.7311435Z",
        "x-ms-file-parent-id": "0",
        "x-ms-file-permission-key": "8792472798472242479*1359530181238362790",
        "x-ms-request-id": "07318ab1-901a-000c-4b1c-d2b2a1000000",
        "x-ms-request-server-encrypted": "true",
        "x-ms-version": "2023-08-03"
      },
      "ResponseBody": null
    },
    {
      "RequestUri": "https://REDACTED/0433ffec0renamereplaceifexists2fb62994285765349f67/0433ffec2renamereplaceifexists2fb336376c4d41a9753b",
      "RequestMethod": "PUT",
      "RequestHeaders": {
        "Accept": "application/xml",
        "Authorization": "Sanitized",
        "Content-Length": "0",
        "Date": "Fri, 18 Aug 2023 21:39:30 GMT",
        "User-Agent": "azsdk-java-azure-storage-file-share/12.20.0-beta.2 (11.0.16.1; Windows 11; 10.0)",
        "x-ms-allow-trailing-dot": "false",
        "x-ms-client-request-id": "0ac6a4bd-cb0b-4642-ba59-e4b30fb8955f",
        "x-ms-content-length": "512",
        "x-ms-file-attributes": "None",
        "x-ms-file-creation-time": "Now",
        "x-ms-file-last-write-time": "Now",
        "x-ms-file-permission": "Inherit",
        "x-ms-type": "file",
        "x-ms-version": "2023-08-03"
      },
      "RequestBody": null,
      "StatusCode": 201,
      "ResponseHeaders": {
        "Content-Length": "0",
        "Date": "Fri, 18 Aug 2023 21:39:30 GMT",
        "ETag": "\u00220x8DBA0339BA786AA\u0022",
        "Last-Modified": "Fri, 18 Aug 2023 21:39:31 GMT",
        "Server": [
          "Windows-Azure-File/1.0",
          "Microsoft-HTTPAPI/2.0"
        ],
        "x-ms-client-request-id": "0ac6a4bd-cb0b-4642-ba59-e4b30fb8955f",
        "x-ms-file-attributes": "Archive",
        "x-ms-file-change-time": "2023-08-18T21:39:31.8280874Z",
        "x-ms-file-creation-time": "2023-08-18T21:39:31.8280874Z",
        "x-ms-file-id": "11529285414812647424",
        "x-ms-file-last-write-time": "2023-08-18T21:39:31.8280874Z",
        "x-ms-file-parent-id": "0",
        "x-ms-file-permission-key": "13438439191449926184*1359530181238362790",
        "x-ms-request-id": "07318ab4-901a-000c-4e1c-d2b2a1000000",
        "x-ms-request-server-encrypted": "true",
        "x-ms-version": "2023-08-03"
      },
      "ResponseBody": null
    },
    {
      "RequestUri": "https://REDACTED/0433ffec0renamereplaceifexists2fb62994285765349f67/0433ffec2renamereplaceifexists2fb336376c4d41a9753b?restype=directory\u0026comp=rename",
      "RequestMethod": "PUT",
      "RequestHeaders": {
        "Accept": "application/xml",
        "Authorization": "Sanitized",
        "Content-Length": "0",
        "Date": "Fri, 18 Aug 2023 21:39:30 GMT",
        "User-Agent": "azsdk-java-azure-storage-file-share/12.20.0-beta.2 (11.0.16.1; Windows 11; 10.0)",
        "x-ms-allow-trailing-dot": "false",
        "x-ms-client-request-id": "dda98903-34d4-403c-aef5-944541753a34",
        "x-ms-file-rename-replace-if-exists": "false",
        "x-ms-file-rename-source": "REDACTEDREDACTED",
        "x-ms-source-allow-trailing-dot": "false",
        "x-ms-version": "2023-08-03"
      },
      "RequestBody": null,
      "StatusCode": 409,
      "ResponseHeaders": {
        "Content-Length": "228",
        "Content-Type": "application/xml",
        "Date": "Fri, 18 Aug 2023 21:39:30 GMT",
        "Server": [
          "Windows-Azure-File/1.0",
          "Microsoft-HTTPAPI/2.0"
        ],
        "x-ms-client-request-id": "dda98903-34d4-403c-aef5-944541753a34",
        "x-ms-error-code": "ResourceAlreadyExists",
        "x-ms-request-id": "07318ab8-901a-000c-521c-d2b2a1000000",
        "x-ms-version": "2023-08-03"
      },
      "ResponseBody": [
        "\uFEFF\u003C?xml version=\u00221.0\u0022 encoding=\u0022utf-8\u0022?\u003E\u003CError\u003E\u003CCode\u003EResourceAlreadyExists\u003C/Code\u003E\u003CMessage\u003EThe specified resource already exists.\n",
        "RequestId:07318ab8-901a-000c-521c-d2b2a1000000\n",
        "Time:2023-08-18T21:39:31.9235473Z\u003C/Message\u003E\u003C/Error\u003E"
      ]
    }
  ],
  "Variables": {
    "0": "0433ffec0renamereplaceifexists2fb62994285765349f67",
    "1": "0433ffec1renamereplaceifexists2fb9484990ca1f172b1b",
    "2": "0433ffec2renamereplaceifexists2fb336376c4d41a9753b"
  }
}
