{
  "Entries": [
    {
      "RequestUri": "https://REDACTED/2ebe0bd10renamefilepermission10f35492999b6ac5d7ec4?restype=share",
      "RequestMethod": "PUT",
      "RequestHeaders": {
        "Accept": "application/xml",
        "Authorization": "Sanitized",
        "Content-Length": "0",
        "Date": "Tue, 03 Dec 2024 18:01:12 GMT",
        "User-Agent": "azsdk-java-azure-storage-file-share/12.26.0-beta.1 (17.0.10; Windows 11; 10.0)",
        "x-ms-client-request-id": "Sanitized",
        "x-ms-version": "2025-01-05"
      },
      "RequestBody": null,
      "StatusCode": 201,
      "ResponseHeaders": {
        "Content-Length": "0",
        "Date": "Tue, 03 Dec 2024 18:01:10 GMT",
        "ETag": "\"0x8DD13C4787BA627\"",
        "Last-Modified": "Tue, 03 Dec 2024 18:01:11 GMT",
        "Server": [
          "Windows-Azure-File/1.0",
          "Microsoft-HTTPAPI/2.0"
        ],
        "x-ms-client-request-id": "Sanitized",
        "x-ms-request-id": "Sanitized",
        "x-ms-version": "2025-01-05"
      },
      "ResponseBody": null
    },
    {
      "RequestUri": "https://REDACTED/2ebe0bd10renamefilepermission10f35492999b6ac5d7ec4/2ebe0bd11renamefilepermission10f395161ae12ec395434?restype=directory",
      "RequestMethod": "PUT",
      "RequestHeaders": {
        "Accept": "application/xml",
        "Authorization": "Sanitized",
        "Content-Length": "0",
        "Date": "Tue, 03 Dec 2024 18:01:12 GMT",
        "User-Agent": "azsdk-java-azure-storage-file-share/12.26.0-beta.1 (17.0.10; Windows 11; 10.0)",
        "x-ms-allow-trailing-dot": "false",
        "x-ms-client-request-id": "Sanitized",
        "x-ms-file-attributes": "None",
        "x-ms-file-creation-time": "Now",
        "x-ms-file-last-write-time": "Now",
        "x-ms-file-permission": "Inherit",
        "x-ms-version": "2025-01-05"
      },
      "RequestBody": null,
      "StatusCode": 201,
      "ResponseHeaders": {
        "Content-Length": "0",
        "Date": "Tue, 03 Dec 2024 18:01:10 GMT",
        "ETag": "\"0x8DD13C47888A140\"",
        "Last-Modified": "Tue, 03 Dec 2024 18:01:11 GMT",
        "Server": [
          "Windows-Azure-File/1.0",
          "Microsoft-HTTPAPI/2.0"
        ],
        "x-ms-client-request-id": "Sanitized",
        "x-ms-file-attributes": "Directory",
        "x-ms-file-change-time": "2024-12-03T18:01:11.3216320Z",
        "x-ms-file-creation-time": "2024-12-03T18:01:11.3216320Z",
        "x-ms-file-id": "13835128424026341376",
        "x-ms-file-last-write-time": "2024-12-03T18:01:11.3216320Z",
        "x-ms-file-parent-id": "0",
        "x-ms-file-permission-key": "15244965244508723563*13496119360552816354",
        "x-ms-request-id": "Sanitized",
        "x-ms-request-server-encrypted": "true",
        "x-ms-version": "2025-01-05"
      },
      "ResponseBody": null
    },
    {
      "RequestUri": "https://REDACTED/2ebe0bd10renamefilepermission10f35492999b6ac5d7ec4/2ebe0bd12renamefilepermission10f31680296a98a9a1004?restype=directory&comp=rename",
      "RequestMethod": "PUT",
      "RequestHeaders": {
        "Accept": "application/xml",
        "Authorization": "Sanitized",
        "Content-Length": "0",
        "Date": "Tue, 03 Dec 2024 18:01:12 GMT",
        "User-Agent": "azsdk-java-azure-storage-file-share/12.26.0-beta.1 (17.0.10; Windows 11; 10.0)",
        "x-ms-allow-trailing-dot": "false",
        "x-ms-client-request-id": "Sanitized",
        "x-ms-file-permission": "O:S-1-5-21-2127521184-1604012920-1887927527-21560751G:S-1-5-21-2127521184-1604012920-1887927527-513D:AI(A;;FA;;;SY)(A;;FA;;;BA)(A;;0x1200a9;;;S-1-5-21-397955417-626881126-188441444-3053964)",
        "x-ms-file-rename-source": "REDACTEDREDACTED",
        "x-ms-source-allow-trailing-dot": "false",
        "x-ms-version": "2025-01-05"
      },
      "RequestBody": null,
      "StatusCode": 200,
      "ResponseHeaders": {
        "Content-Length": "0",
        "Date": "Tue, 03 Dec 2024 18:01:10 GMT",
        "ETag": "\"0x8DD13C47895D8D5\"",
        "Last-Modified": "Tue, 03 Dec 2024 18:01:11 GMT",
        "Server": [
          "Windows-Azure-File/1.0",
          "Microsoft-HTTPAPI/2.0"
        ],
        "x-ms-client-request-id": "Sanitized",
        "x-ms-file-attributes": "Directory",
        "x-ms-file-change-time": "2024-12-03T18:01:11.4082517Z",
        "x-ms-file-creation-time": "2024-12-03T18:01:11.3216320Z",
        "x-ms-file-id": "13835128424026341376",
        "x-ms-file-last-write-time": "2024-12-03T18:01:11.3216320Z",
        "x-ms-file-parent-id": "0",
        "x-ms-file-permission-key": "2057042921489144595*13496119360552816354",
        "x-ms-request-id": "Sanitized",
        "x-ms-request-server-encrypted": "true",
        "x-ms-version": "2025-01-05"
      },
      "ResponseBody": null
    },
    {
      "RequestUri": "https://REDACTED/2ebe0bd10renamefilepermission10f35492999b6ac5d7ec4/2ebe0bd12renamefilepermission10f31680296a98a9a1004?restype=directory",
      "RequestMethod": "GET",
      "RequestHeaders": {
        "Accept": "application/xml",
        "Authorization": "Sanitized",
        "Content-Length": "0",
        "Date": "Tue, 03 Dec 2024 18:01:12 GMT",
        "User-Agent": "azsdk-java-azure-storage-file-share/12.26.0-beta.1 (17.0.10; Windows 11; 10.0)",
        "x-ms-allow-trailing-dot": "false",
        "x-ms-client-request-id": "Sanitized",
        "x-ms-version": "2025-01-05"
      },
      "RequestBody": null,
      "StatusCode": 200,
      "ResponseHeaders": {
        "Content-Length": "0",
        "Date": "Tue, 03 Dec 2024 18:01:10 GMT",
        "ETag": "\"0x8DD13C47895D8D5\"",
        "Last-Modified": "Tue, 03 Dec 2024 18:01:11 GMT",
        "Server": [
          "Windows-Azure-File/1.0",
          "Microsoft-HTTPAPI/2.0"
        ],
        "x-ms-client-request-id": "Sanitized",
        "x-ms-file-attributes": "Directory",
        "x-ms-file-change-time": "2024-12-03T18:01:11.4082517Z",
        "x-ms-file-creation-time": "2024-12-03T18:01:11.3216320Z",
        "x-ms-file-id": "13835128424026341376",
        "x-ms-file-last-write-time": "2024-12-03T18:01:11.3216320Z",
        "x-ms-file-parent-id": "0",
        "x-ms-file-permission-key": "2057042921489144595*13496119360552816354",
        "x-ms-request-id": "Sanitized",
        "x-ms-server-encrypted": "true",
        "x-ms-version": "2025-01-05"
      },
      "ResponseBody": null
    }
  ],
  "Variables": {
    "0": "2ebe0bd10renamefilepermission10f35492999b6ac5d7ec4",
    "1": "2ebe0bd11renamefilepermission10f395161ae12ec395434",
    "2": "2ebe0bd12renamefilepermission10f31680296a98a9a1004"
  }
}
